07-18 13:27:55.429   766   768 D dalvikvm: GC_CONCURRENT freed 418K, 11% free 9933K/11079K, paused 2ms+3ms
07-18 13:27:55.586   766   768 D dalvikvm: GC_CONCURRENT freed 414K, 11% free 9917K/11079K, paused 2ms+2ms
07-18 13:27:55.746   766   768 D dalvikvm: GC_CONCURRENT freed 420K, 11% free 9888K/11079K, paused 2ms+2ms
07-18 13:29:29.113   766   768 D dalvikvm: GC_CONCURRENT freed 402K, 11% free 9897K/11079K, paused 2ms+2ms
07-18 13:29:29.226   766   768 D dalvikvm: GC_CONCURRENT freed 350K, 10% free 9988K/11079K, paused 1ms+2ms
07-18 13:29:29.359   766   768 D dalvikvm: GC_CONCURRENT freed 411K, 11% free 9971K/11079K, paused 2ms+2ms
07-18 13:29:29.593   766   768 D dalvikvm: GC_CONCURRENT freed 363K, 10% free 9998K/11079K, paused 2ms+2ms
07-18 13:29:29.812   766   768 D dalvikvm: GC_CONCURRENT freed 584K, 11% free 9916K/11079K, paused 2ms+2ms
07-18 13:29:29.910   766   768 D dalvikvm: GC_CONCURRENT freed 334K, 10% free 9972K/11079K, paused 2ms+2ms
07-18 13:36:25.168   766   768 D dalvikvm: GC_CONCURRENT freed 394K, 10% free 10000K/11079K, paused 2ms+2ms
07-18 13:36:25.390   766   768 D dalvikvm: GC_CONCURRENT freed 403K, 10% free 10043K/11079K, paused 2ms+2ms
07-18 13:36:25.718   766   768 D dalvikvm: GC_CONCURRENT freed 550K, 11% free 9888K/11079K, paused 2ms+2ms
07-18 13:36:25.859   766   768 D dalvikvm: GC_CONCURRENT freed 422K, 12% free 9858K/11079K, paused 2ms+3ms
07-18 13:36:26.015   766   768 D dalvikvm: GC_CONCURRENT freed 368K, 11% free 9882K/11079K, paused 1ms+3ms
07-18 13:36:26.488   766   768 D dalvikvm: GC_CONCURRENT freed 347K, 11% free 9937K/11079K, paused 2ms+2ms
07-18 13:36:26.636   766   768 D dalvikvm: GC_CONCURRENT freed 493K, 11% free 9878K/11079K, paused 2ms+2ms
07-18 13:36:26.781   766   768 D dalvikvm: GC_CONCURRENT freed 374K, 11% free 9899K/11079K, paused 2ms+2ms
07-18 13:36:26.964   766   768 D dalvikvm: GC_CONCURRENT freed 417K, 11% free 9882K/11079K, paused 2ms+2ms
07-18 13:36:27.105   766   768 D dalvikvm: GC_CONCURRENT freed 409K, 10% free 9976K/11079K, paused 2ms+2ms
07-18 13:36:27.277   766   768 D dalvikvm: GC_CONCURRENT freed 409K, 11% free 9966K/11079K, paused 1ms+3ms
07-18 13:36:27.418   766   768 D dalvikvm: GC_CONCURRENT freed 482K, 11% free 9879K/11079K, paused 1ms+2ms
07-18 13:37:25.359   766   768 D dalvikvm: GC_CONCURRENT freed 377K, 11% free 9893K/11079K, paused 2ms+2ms
07-18 13:37:25.492   766   768 D dalvikvm: GC_CONCURRENT freed 334K, 10% free 10057K/11079K, paused 1ms+2ms
07-18 13:37:25.711   766   768 D dalvikvm: GC_CONCURRENT freed 495K, 11% free 9953K/11079K, paused 1ms+2ms
07-18 13:37:25.914   766   768 D dalvikvm: GC_CONCURRENT freed 369K, 10% free 9975K/11079K, paused 2ms+2ms
07-18 13:37:26.066   766   768 D dalvikvm: GC_CONCURRENT freed 502K, 11% free 9867K/11079K, paused 2ms+2ms
07-18 13:37:26.218   766   768 D dalvikvm: GC_CONCURRENT freed 367K, 11% free 9893K/11079K, paused 2ms+2ms
07-18 13:37:26.375   766   768 D dalvikvm: GC_CONCURRENT freed 415K, 11% free 9872K/11079K, paused 2ms+3ms
07-18 13:37:26.535   766   768 D dalvikvm: GC_CONCURRENT freed 381K, 11% free 9881K/11079K, paused 1ms+2ms
07-18 13:37:49.359   766   768 D dalvikvm: GC_CONCURRENT freed 457K, 11% free 9923K/11079K, paused 1ms+2ms
07-18 13:37:49.468   766   768 D dalvikvm: GC_CONCURRENT freed 362K, 11% free 9960K/11079K, paused 2ms+2ms
07-18 13:37:49.605   459   459 I PhoneLab-Locks: wake lock acquired
07-18 13:37:49.609   459   459 I PhoneLab-StatusMonitor: Status Monitoring is started
07-18 13:37:49.648   459   462 D dalvikvm: GC_CONCURRENT freed 512K, 15% free 9249K/10823K, paused 2ms+2ms
07-18 13:37:49.668   459   459 I PhoneLab-StatusMonitor: Value: 10 - unit: min
07-18 13:37:49.668   459   459 I PhoneLab-StatusMonitor: Running interval: 600000
07-18 13:37:49.675   459   459 I PhoneLab-StatusMonitor: Rescheduling status monitoring...
07-18 13:37:49.675   459   459 I PhoneLab-Locks: wake lock released
07-18 13:37:49.683   459   459 I PhoneLab-StatusMonitorLocation: Learning Location
07-18 13:37:49.683   459   459 I PhoneLab-Locks: wake lock acquired
07-18 13:37:49.722   459   459 D dalvikvm: GC_EXPLICIT freed 378K, 16% free 9187K/10823K, paused 1ms+3ms
07-18 13:37:49.726   459   459 I PhoneLab-Locks: wake lock acquired
07-18 13:37:49.734   459   459 I PhoneLab-StatusMonitorLocation: Learning Signal Strgth
07-18 13:37:49.734   459   459 I PhoneLab-Locks: wake lock acquired
07-18 13:37:49.738   274   556 D androidNetworkLocationListeners: Still have listener com.google.android.location.internal.client.NetworkLocationClient$1@4139a548
07-18 13:37:49.746   274   556 D androidNetworkLocationListeners: Still have listener com.google.android.location.internal.client.NetworkLocationClient$1@4139a548
07-18 13:37:49.754   459   459 I PhoneLab-StatusMonitorBattery: Battery_level: 72
07-18 13:37:49.754   459   459 I PhoneLab-Locks: wake lock released
07-18 13:37:49.757   459   459 I PhoneLab-StatusMonitorSignal: Signal_Strength: -86 asu: 14
07-18 13:37:49.757   459   459 I PhoneLab-Locks: wake lock released
07-18 13:37:49.836   766   768 D dalvikvm: GC_CONCURRENT freed 374K, 10% free 9977K/11079K, paused 1ms+2ms
07-18 13:37:50.054   766   768 D dalvikvm: GC_CONCURRENT freed 373K, 10% free 9995K/11079K, paused 1ms+2ms
07-18 13:37:50.199   766   768 D dalvikvm: GC_CONCURRENT freed 577K, 11% free 9924K/11079K, paused 1ms+2ms
07-18 13:37:50.390   766   768 D dalvikvm: GC_CONCURRENT freed 407K, 11% free 9908K/11079K, paused 2ms+2ms
07-18 13:37:50.562   766   768 D dalvikvm: GC_CONCURRENT freed 421K, 11% free 9879K/11079K, paused 2ms+2ms
07-18 13:37:50.722   766   768 D dalvikvm: GC_CONCURRENT freed 365K, 11% free 9905K/11079K, paused 2ms+3ms
07-18 13:37:50.863   766   768 D dalvikvm: GC_CONCURRENT freed 442K, 11% free 9862K/11079K, paused 2ms+2ms
07-18 13:37:50.972   459   459 I PhoneLab-StatusMonitorLocation: Location_Latitude: 42.9950407 Longitude: -78.6862319 Accuracy: 85.0
07-18 13:37:50.976   274   556 D androidNetworkLocationListeners: Still have listener com.google.android.location.internal.client.NetworkLocationClient$1@4139a548
07-18 13:37:50.976   459   459 I PhoneLab-Locks: wake lock released
07-18 13:37:51.089   766   768 D dalvikvm: GC_CONCURRENT freed 398K, 11% free 9945K/11079K, paused 1ms+2ms
07-18 13:37:51.214   766   768 D dalvikvm: GC_CONCURRENT freed 360K, 10% free 9975K/11079K, paused 2ms+2ms
07-18 13:37:51.468   766   768 D dalvikvm: GC_CONCURRENT freed 374K, 10% free 9990K/11079K, paused 2ms+2ms
07-18 13:37:51.629   766   768 D dalvikvm: GC_CONCURRENT freed 504K, 11% free 9879K/11079K, paused 2ms+2ms
07-18 13:37:51.785   766   768 D dalvikvm: GC_CONCURRENT freed 399K, 11% free 9875K/11079K, paused 1ms+2ms
07-18 13:37:51.925   766   768 D dalvikvm: GC_CONCURRENT freed 341K, 11% free 9921K/11079K, paused 1ms+2ms
07-18 13:37:52.082   766   768 D dalvikvm: GC_CONCURRENT freed 437K, 11% free 9883K/11079K, paused 2ms+2ms
07-18 13:37:52.226   274   276 D dalvikvm: GC_CONCURRENT freed 516K, 9% free 10504K/11527K, paused 2ms+2ms
07-18 13:37:52.343   766   768 D dalvikvm: GC_CONCURRENT freed 389K, 11% free 9885K/11079K, paused 1ms+2ms
07-18 13:37:52.492   766   768 D dalvikvm: GC_CONCURRENT freed 399K, 11% free 9881K/11079K, paused 1ms+2ms
07-18 13:37:52.554   766   768 D dalvikvm: GC_CONCURRENT freed 273K, 10% free 10027K/11079K, paused 2ms+3ms
07-18 13:37:52.777   766   768 D dalvikvm: GC_CONCURRENT freed 432K, 10% free 9986K/11079K, paused 2ms+2ms
07-18 13:37:52.992   766   768 D dalvikvm: GC_CONCURRENT freed 368K, 10% free 10009K/11079K, paused 2ms+2ms
07-18 13:37:55.320   766   768 D dalvikvm: GC_CONCURRENT freed 371K, 9% free 10087K/11079K, paused 2ms+2ms
07-18 13:37:55.390   766   768 D dalvikvm: GC_CONCURRENT freed 477K, 10% free 10020K/11079K, paused 2ms+3ms
07-18 13:37:55.636   766   768 D dalvikvm: GC_CONCURRENT freed 431K, 10% free 9980K/11079K, paused 1ms+2ms
07-18 13:37:55.867   766   768 D dalvikvm: GC_CONCURRENT freed 367K, 10% free 10002K/11079K, paused 1ms+2ms
07-18 13:45:30.105   917  1041 D SCollector: Waiting for the ScannerThread to start.
07-18 13:45:30.109   917  1813 D SCollector: PreScan started with config: Scanner types: [8]; ScanDuration: 10000, SensorDelay: 0, viewOptedOutWifiAps: false
07-18 13:45:30.113   917  1813 D SCollector: aq started.
07-18 13:45:30.113   917  1813 D SCollector: F started.
07-18 13:45:30.113   917  1813 D SCollector: PreScanner started.
07-18 13:45:30.156   766   768 D dalvikvm: GC_CONCURRENT freed 506K, 11% free 9880K/11079K, paused 1ms+2ms
07-18 13:45:30.332   766   768 D dalvikvm: GC_CONCURRENT freed 366K, 11% free 9958K/11079K, paused 1ms+2ms
07-18 13:45:30.515   766   768 D dalvikvm: GC_CONCURRENT freed 378K, 10% free 9978K/11079K, paused 1ms+3ms
07-18 13:45:30.660   766   768 D dalvikvm: GC_CONCURRENT freed 479K, 11% free 9908K/11079K, paused 2ms+2ms
07-18 13:45:30.828   766   768 D dalvikvm: GC_CONCURRENT freed 425K, 11% free 9870K/11079K, paused 2ms+2ms
07-18 13:45:30.988   766   768 D dalvikvm: GC_CONCURRENT freed 370K, 11% free 9898K/11079K, paused 2ms+4ms
07-18 13:45:31.156   766   768 D dalvikvm: GC_CONCURRENT freed 435K, 11% free 9899K/11079K, paused 2ms+2ms
07-18 13:45:31.343   766   768 D dalvikvm: GC_CONCURRENT freed 414K, 10% free 9986K/11079K, paused 1ms+2ms
07-18 13:45:31.515   766   768 D dalvikvm: GC_CONCURRENT freed 430K, 11% free 9944K/11079K, paused 1ms+2ms
07-18 13:45:31.707   766   768 D dalvikvm: GC_CONCURRENT freed 473K, 12% free 9858K/11079K, paused 1ms+3ms
07-18 13:45:31.871   766   768 D dalvikvm: GC_CONCURRENT freed 376K, 11% free 9868K/11079K, paused 2ms+2ms
07-18 13:45:32.035   766   768 D dalvikvm: GC_CONCURRENT freed 403K, 12% free 9853K/11079K, paused 1ms+2ms
07-18 13:45:32.179   766   768 D dalvikvm: GC_CONCURRENT freed 330K, 11% free 9908K/11079K, paused 2ms+3ms
07-18 13:45:32.363   766   768 D dalvikvm: GC_CONCURRENT freed 414K, 11% free 9881K/11079K, paused 2ms+3ms
07-18 13:45:32.539   766   768 D dalvikvm: GC_CONCURRENT freed 404K, 11% free 9863K/11079K, paused 2ms+2ms
07-18 13:45:32.703   766   768 D dalvikvm: GC_CONCURRENT freed 394K, 11% free 9874K/11079K, paused 2ms+3ms
07-18 13:45:32.867   766   768 D dalvikvm: GC_CONCURRENT freed 375K, 11% free 9893K/11079K, paused 2ms+3ms
07-18 13:45:33.066   766   768 D dalvikvm: GC_CONCURRENT freed 402K, 11% free 9881K/11079K, paused 2ms+2ms
07-18 13:45:33.211   766   768 D dalvikvm: GC_CONCURRENT freed 374K, 11% free 9893K/11079K, paused 2ms+3ms
07-18 13:45:33.394   766   768 D dalvikvm: GC_CONCURRENT freed 420K, 12% free 9861K/11079K, paused 2ms+2ms
07-18 13:45:33.550   766   768 D dalvikvm: GC_CONCURRENT freed 367K, 11% free 9880K/11079K, paused 2ms+2ms
07-18 13:45:33.687   766   768 D dalvikvm: GC_CONCURRENT freed 379K, 11% free 9936K/11079K, paused 2ms+2ms
07-18 13:45:33.875   766   768 D dalvikvm: GC_CONCURRENT freed 474K, 12% free 9859K/11079K, paused 2ms+4ms
07-18 13:45:34.035   766   768 D dalvikvm: GC_CONCURRENT freed 365K, 11% free 9880K/11079K, paused 2ms+2ms
07-18 13:45:34.207   766   768 D dalvikvm: GC_CONCURRENT freed 385K, 11% free 9887K/11079K, paused 1ms+3ms
07-18 13:45:34.297   766   768 D dalvikvm: GC_CONCURRENT freed 346K, 10% free 9979K/11079K, paused 1ms+3ms
07-18 13:45:34.504   766   768 D dalvikvm: GC_CONCURRENT freed 407K, 11% free 9958K/11079K, paused 2ms+2ms
07-18 13:45:34.711   766   768 D dalvikvm: GC_CONCURRENT freed 355K, 10% free 9990K/11079K, paused 2ms+2ms
07-18 13:45:34.847   766   768 D dalvikvm: GC_CONCURRENT freed 488K, 11% free 9891K/11079K, paused 1ms+2ms
07-18 13:45:35.000   766   768 D dalvikvm: GC_CONCURRENT freed 403K, 11% free 9880K/11079K, paused 2ms+2ms
07-18 13:45:35.125   766   768 D dalvikvm: GC_CONCURRENT freed 355K, 11% free 9952K/11079K, paused 2ms+3ms
07-18 13:45:35.308   766   768 D dalvikvm: GC_CONCURRENT freed 398K, 11% free 9939K/11079K, paused 2ms+3ms
07-18 13:45:35.511   766   768 D dalvikvm: GC_CONCURRENT freed 461K, 11% free 9865K/11079K, paused 1ms+2ms
07-18 13:45:36.023   766   768 D dalvikvm: GC_CONCURRENT freed 342K, 11% free 9917K/11079K, paused 2ms+2ms
07-18 13:45:36.234   766   768 D dalvikvm: GC_CONCURRENT freed 330K, 10% free 10071K/11079K, paused 2ms+2ms
07-18 13:45:36.379   766   768 D dalvikvm: GC_CONCURRENT freed 576K, 11% free 9884K/11079K, paused 2ms+2ms
07-18 13:45:36.558   766   768 D dalvikvm: GC_CONCURRENT freed 389K, 11% free 9882K/11079K, paused 2ms+2ms
07-18 13:45:36.722   766   768 D dalvikvm: GC_CONCURRENT freed 403K, 11% free 9866K/11079K, paused 2ms+2ms
07-18 13:45:36.886   766   768 D dalvikvm: GC_CONCURRENT freed 376K, 11% free 9883K/11079K, paused 1ms+2ms
07-18 13:45:37.047   766   768 D dalvikvm: GC_CONCURRENT freed 409K, 11% free 9889K/11079K, paused 2ms+3ms
07-18 13:45:37.218   766   768 D dalvikvm: GC_CONCURRENT freed 408K, 11% free 9873K/11079K, paused 2ms+3ms
07-18 13:45:37.402   766   768 D dalvikvm: GC_CONCURRENT freed 377K, 11% free 9884K/11079K, paused 2ms+3ms
07-18 13:45:37.574   766   768 D dalvikvm: GC_CONCURRENT freed 384K, 11% free 9887K/11079K, paused 2ms+3ms
07-18 13:45:37.695   766   768 D dalvikvm: GC_CONCURRENT freed 361K, 10% free 10013K/11079K, paused 1ms+2ms
07-18 13:45:37.867   766   768 D dalvikvm: GC_CONCURRENT freed 427K, 11% free 9971K/11079K, paused 2ms+2ms
07-18 13:45:38.086   766   768 D dalvikvm: GC_CONCURRENT freed 356K, 10% free 10003K/11079K, paused 2ms+2ms
07-18 13:45:38.328   766   768 D dalvikvm: GC_CONCURRENT freed 383K, 10% free 10005K/11079K, paused 2ms+2ms
07-18 13:45:38.472   766   768 D dalvikvm: GC_CONCURRENT freed 518K, 11% free 9873K/11079K, paused 1ms+2ms
07-18 13:45:38.640   766   768 D dalvikvm: GC_CONCURRENT freed 385K, 11% free 9880K/11079K, paused 1ms+2ms
07-18 13:45:38.785   766   768 D dalvikvm: GC_CONCURRENT freed 360K, 11% free 9967K/11079K, paused 2ms+3ms
07-18 13:45:38.984   766   768 D dalvikvm: GC_CONCURRENT freed 428K, 11% free 9925K/11079K, paused 2ms+2ms
07-18 13:45:39.136   766   768 D dalvikvm: GC_CONCURRENT freed 414K, 10% free 9973K/11079K, paused 2ms+2ms
07-18 13:45:39.226   766   768 D dalvikvm: GC_CONCURRENT freed 380K, 10% free 9982K/11079K, paused 2ms+3ms
07-18 13:45:39.273   917   919 D dalvikvm: GC_CONCURRENT freed 242K, 7% free 10458K/11207K, paused 4ms+3ms
07-18 13:45:39.507   766   768 D dalvikvm: GC_CONCURRENT freed 358K, 10% free 10008K/11079K, paused 1ms+2ms
07-18 13:45:39.754   766   768 D dalvikvm: GC_CONCURRENT freed 378K, 10% free 10027K/11079K, paused 1ms+3ms
07-18 13:45:39.922   766   768 D dalvikvm: GC_CONCURRENT freed 498K, 11% free 9915K/11079K, paused 2ms+2ms
07-18 13:45:40.144   917   917 D SCollector: aq stopped.
07-18 13:45:40.144   917   917 D SCollector: All scanner finished.
07-18 13:45:40.152   917   917 D SCollector: F stopped.
07-18 13:45:40.156   141   338 W ActivityManager: finishReceiver called but no pending broadcasts
07-18 13:45:40.191   917  1813 D SCollector: PreScanning finished.
07-18 13:45:40.269   766   768 D dalvikvm: GC_CONCURRENT freed 446K, 11% free 9882K/11079K, paused 2ms+2ms
07-18 13:45:40.347   917   919 D dalvikvm: GC_CONCURRENT freed 336K, 6% free 10552K/11207K, paused 2ms+2ms
07-18 13:45:40.414   917  1813 D SCollector: PreScanDecision returns false. Will not do real collection.
07-18 13:45:40.418   917  1813 D SCollector: SignalCollector.ScannerThread is quiting.
07-18 13:45:40.562   766   768 D dalvikvm: GC_CONCURRENT freed 366K, 11% free 9907K/11079K, paused 2ms+2ms
07-18 13:45:40.683   766   768 D dalvikvm: GC_CONCURRENT freed 359K, 10% free 10045K/11079K, paused 1ms+2ms
07-18 13:45:40.968   766   768 D dalvikvm: GC_CONCURRENT freed 485K, 11% free 9950K/11079K, paused 1ms+2ms
07-18 13:45:41.144   766   768 D dalvikvm: GC_CONCURRENT freed 453K, 11% free 9894K/11079K, paused 1ms+2ms
07-18 13:45:41.320   766   768 D dalvikvm: GC_CONCURRENT freed 425K, 11% free 9863K/11079K, paused 2ms+2ms
07-18 13:45:41.457   766   768 D dalvikvm: GC_CONCURRENT freed 389K, 11% free 9864K/11079K, paused 2ms+2ms
07-18 13:45:41.636   766   768 D dalvikvm: GC_CONCURRENT freed 356K, 11% free 9907K/11079K, paused 2ms+2ms
07-18 13:45:41.781   766   768 D dalvikvm: GC_CONCURRENT freed 436K, 11% free 9865K/11079K, paused 2ms+2ms
07-18 13:45:41.910   766   768 D dalvikvm: GC_CONCURRENT freed 391K, 10% free 9976K/11079K, paused 1ms+2ms
07-18 13:45:55.355   766   768 D dalvikvm: GC_CONCURRENT freed 441K, 11% free 9926K/11079K, paused 2ms+2ms
07-18 13:46:02.117   766   768 D dalvikvm: GC_CONCURRENT freed 434K, 11% free 9880K/11079K, paused 2ms+2ms
07-18 13:46:02.304   766   768 D dalvikvm: GC_CONCURRENT freed 406K, 11% free 9865K/11079K, paused 2ms+2ms
07-18 13:46:02.453   766  1815 I Gmail   : MainSyncRequestProto: lowestBkwdConvoId: 0, highestHandledServerOp: 4157481, normalSync: true
07-18 13:46:02.507   766   768 D dalvikvm: GC_CONCURRENT freed 362K, 11% free 9894K/11079K, paused 2ms+3ms
07-18 13:46:04.793   766   768 D dalvikvm: GC_CONCURRENT freed 485K, 12% free 9814K/11079K, paused 2ms+3ms
07-18 13:46:05.035   766  1815 D dalvikvm: GC_EXPLICIT freed 246K, 12% free 9801K/11079K, paused 2ms+3ms
07-18 13:46:05.043   766  1815 I Gmail   : MainSyncRequestProto: lowestBkwdConvoId: 0, highestHandledServerOp: 4157532, normalSync: true
07-18 13:46:05.703   766  1815 D dalvikvm: GC_EXPLICIT freed 168K, 12% free 9827K/11079K, paused 2ms+3ms
07-18 13:46:05.711   766  1815 I Gmail   : MainSyncRequestProto: lowestBkwdConvoId: 0, highestHandledServerOp: 4157532, normalSync: true
07-18 13:46:05.722   766  1815 W Gmail   : Scheduling index for 300000 ms from now
07-18 13:46:05.750   766  1815 I Gmail   : Sending notification intent: Intent { act=android.intent.action.PROVIDER_CHANGED dat=content://gmail-ls/unread/^i (has extras) }
07-18 13:46:05.812   141   143 D dalvikvm: JIT code cache reset in 4 ms (1048544 bytes 1/0)
07-18 13:46:05.828   141   143 D dalvikvm: GC_CONCURRENT freed 955K, 10% free 13628K/15047K, paused 4ms+9ms
07-18 13:46:05.867   766  1817 W Gmail   : Showing notification with unreadCount of 117 and unseenCount of 117
07-18 13:46:05.879   766  1815 I Gmail   : Sending notification intent: Intent { act=android.intent.action.PROVIDER_CHANGED dat=content://gmail-ls/unread/^iim (has extras) }
07-18 13:46:06.066   766  1819 I Gmail   : MainSyncRequestProto: lowestBkwdConvoId: 0, highestHandledServerOp: 4157532, normalSync: true
07-18 13:46:06.297   295   310 D dalvikvm: GC_EXPLICIT freed 590K, 8% free 9332K/10119K, paused 8ms+9ms
07-18 13:46:06.453   766  1819 D dalvikvm: GC_EXPLICIT freed 263K, 12% free 9847K/11079K, paused 2ms+5ms
07-18 13:46:06.468   766  1819 I Gmail   : MainSyncRequestProto: lowestBkwdConvoId: 0, highestHandledServerOp: 4157532, normalSync: true
07-18 13:46:06.488   295  1821 I DownloadManager: Initiating request for download 515
07-18 13:46:06.492   766  1819 W Gmail   : Scheduling index for 300000 ms from now
07-18 13:46:06.816   295   298 D dalvikvm: GC_CONCURRENT freed 368K, 8% free 9364K/10119K, paused 3ms+6ms
07-18 13:46:07.617   766  1824 E Gmail   : No attachments found with downloadId 515
07-18 13:47:50.011   459   459 I PhoneLab-Locks: wake lock acquired
07-18 13:47:50.015   459   459 I PhoneLab-StatusMonitor: Status Monitoring is started
07-18 13:47:50.074   459   462 D dalvikvm: GC_CONCURRENT freed 347K, 14% free 9352K/10823K, paused 2ms+3ms
07-18 13:47:50.078   459   459 I PhoneLab-StatusMonitor: Value: 10 - unit: min
07-18 13:47:50.078   459   459 I PhoneLab-StatusMonitor: Running interval: 600000
07-18 13:47:50.086   459   459 I PhoneLab-StatusMonitor: Rescheduling status monitoring...
07-18 13:47:50.086   459   459 I PhoneLab-Locks: wake lock released
07-18 13:48:18.007   459   459 I PhoneLab-StatusMonitorLocation: Learning Location
07-18 13:48:18.007   459   459 I PhoneLab-Locks: wake lock acquired
07-18 13:48:18.062   459   459 I PhoneLab-Locks: wake lock acquired
07-18 13:48:18.066   459   459 I PhoneLab-StatusMonitorLocation: Learning Signal Strgth
07-18 13:48:18.066   459   459 I PhoneLab-Locks: wake lock acquired
07-18 13:48:18.074   274   556 D androidNetworkLocationListeners: Still have listener com.google.android.location.internal.client.NetworkLocationClient$1@4139a548
07-18 13:48:18.097   274   556 D androidNetworkLocationListeners: Still have listener com.google.android.location.internal.client.NetworkLocationClient$1@4139a548
07-18 13:48:18.101   459   459 I PhoneLab-StatusMonitorBattery: Battery_level: 72
07-18 13:48:18.125   459   459 I PhoneLab-Locks: wake lock released
07-18 13:48:18.144   141   297 D dalvikvm: GC_EXPLICIT freed 370K, 10% free 13574K/15047K, paused 3ms+5ms
07-18 13:48:18.144   459   459 I PhoneLab-StatusMonitorSignal: Signal_Strength: -86 asu: 14
07-18 13:48:18.148   459   459 I PhoneLab-Locks: wake lock released
07-18 13:48:18.437   766  1830 I Gmail   : MainSyncRequestProto: lowestBkwdConvoId: 0, highestHandledServerOp: 4157532, normalSync: true
07-18 13:48:19.039   766   768 D dalvikvm: GC_CONCURRENT freed 443K, 12% free 9815K/11079K, paused 2ms+3ms
07-18 13:48:19.121   766  1830 D dalvikvm: GC_EXPLICIT freed 118K, 12% free 9800K/11079K, paused 2ms+3ms
07-18 13:48:19.132   766  1830 I Gmail   : MainSyncRequestProto: lowestBkwdConvoId: 0, highestHandledServerOp: 4157569, normalSync: true
07-18 13:48:19.476   459   459 I PhoneLab-StatusMonitorLocation: Location_Latitude: 42.9950342 Longitude: -78.6862352 Accuracy: 86.0
07-18 13:48:19.476   274   556 D androidNetworkLocationListeners: Still have listener com.google.android.location.internal.client.NetworkLocationClient$1@4139a548
07-18 13:48:19.476   459   459 I PhoneLab-Locks: wake lock released
07-18 13:48:19.504   274   276 D dalvikvm: GC_CONCURRENT freed 380K, 9% free 10524K/11527K, paused 3ms+4ms
07-18 13:48:19.816   766  1830 D dalvikvm: GC_EXPLICIT freed 166K, 12% free 9823K/11079K, paused 2ms+3ms
07-18 13:48:19.828   766  1830 I Gmail   : MainSyncRequestProto: lowestBkwdConvoId: 0, highestHandledServerOp: 4157569, normalSync: true
07-18 13:48:19.840   766  1830 W Gmail   : Scheduling index for 300000 ms from now
07-18 13:48:19.863   766  1830 I Gmail   : Sending notification intent: Intent { act=android.intent.action.PROVIDER_CHANGED dat=content://gmail-ls/unread/^i (has extras) }
07-18 13:48:19.898   766  1832 W Gmail   : Showing notification with unreadCount of 118 and unseenCount of 118
07-18 13:48:19.914   766  1830 I Gmail   : Sending notification intent: Intent { act=android.intent.action.PROVIDER_CHANGED dat=content://gmail-ls/unread/^iim (has extras) }
07-18 13:48:20.007   211   213 D dalvikvm: GC_CONCURRENT freed 454K, 10% free 10237K/11271K, paused 2ms+2ms
07-18 13:48:20.035   766   778 D dalvikvm: GC_EXPLICIT freed 174K, 12% free 9826K/11079K, paused 2ms+3ms
07-18 13:48:20.117   766  1834 I Gmail   : MainSyncRequestProto: lowestBkwdConvoId: 0, highestHandledServerOp: 4157569, normalSync: true
07-18 13:48:20.461   295   298 D dalvikvm: GC_CONCURRENT freed 369K, 8% free 9391K/10119K, paused 2ms+3ms
07-18 13:48:20.531   766  1834 D dalvikvm: GC_EXPLICIT freed 110K, 12% free 9823K/11079K, paused 10ms+3ms
07-18 13:48:20.543   766  1834 I Gmail   : MainSyncRequestProto: lowestBkwdConvoId: 0, highestHandledServerOp: 4157569, normalSync: true
07-18 13:48:20.554   766  1834 W Gmail   : Scheduling index for 300000 ms from now
07-18 13:48:20.597   295  1836 I DownloadManager: Initiating request for download 516
07-18 13:48:21.605   295   298 D dalvikvm: GC_CONCURRENT freed 402K, 8% free 9381K/10119K, paused 14ms+2ms
07-18 13:48:21.746   295  1840 I DownloadManager: Initiating request for download 516
07-18 13:48:21.750   295  1840 W DownloadManager: Aborting request for download 516: Trying to resume a download that can't be resumed
07-18 13:48:21.972   239   241 D dalvikvm: GC_CONCURRENT freed 411K, 6% free 9511K/10055K, paused 2ms+3ms
07-18 13:48:22.132   295   298 D dalvikvm: GC_CONCURRENT freed 346K, 7% free 9428K/10119K, paused 2ms+3ms
07-18 13:48:22.328   295  1845 I DownloadManager: Initiating request for download 517
07-18 13:48:23.222   295   298 D dalvikvm: GC_CONCURRENT freed 378K, 7% free 9434K/10119K, paused 2ms+2ms
07-18 13:48:24.640   295   298 D dalvikvm: GC_CONCURRENT freed 332K, 7% free 9498K/10119K, paused 2ms+3ms
07-18 13:48:24.660   295  1849 I DownloadManager: deleting /data/data/com.android.providers.downloads/cache/downloadfile-14.jpeg
07-18 13:48:24.832   295  1851 I DownloadManager: Initiating request for download 518
07-18 13:48:26.816   295   298 D dalvikvm: GC_CONCURRENT freed 427K, 7% free 9462K/10119K, paused 3ms+5ms
07-18 13:48:26.867   766  1854 E Gmail   : No attachments found with downloadId 518
07-18 13:48:26.890   295  1855 I DownloadManager: Initiating request for download 518
07-18 13:48:26.890   295  1855 W DownloadManager: Aborting request for download 518: Trying to resume a download that can't be resumed
07-18 13:49:41.070   459  1052 I PhoneLab-: Service Running
07-18 13:49:41.101   459  1052 I PhoneLab-LoggerService: app_38    1055  459   1428   1060  c00f181c 400107b4 S logcat
07-18 13:49:41.101   459  1052 I PhoneLab-LoggerService: Logcat pid from database 1055
07-18 13:49:41.101   459  1052 I PhoneLab-LoggerService: Logcat process found 1055
07-18 13:49:41.101   459  1052 I PhoneLab-LoggerService: Checking Threshold
07-18 13:49:41.101   459  1052 I PhoneLab-LoggerService: Starting to rename files
07-18 13:49:41.101   459  1052 I PhoneLab-LoggerService: Files found .. 2
07-18 13:49:41.101   459  1052 I PhoneLab-LoggerService: File 1 log.out.1
07-18 13:49:41.109   459  1052 I PhoneLab-LoggerService: Renamed successfully
07-18 13:49:41.113   459  1052 I PhoneLab-: Service Running
07-18 13:49:41.136   459  1052 I PhoneLab-LoggerService: app_38    1055  459   1428   1060  c00f181c 400107b4 S logcat
07-18 13:49:41.140   459  1052 I PhoneLab-LoggerService: Logcat pid from database 1055
07-18 13:49:41.140   459  1052 I PhoneLab-LoggerService: Logcat process found 1055
07-18 13:49:41.140   459  1052 I PhoneLab-LoggerService: Checking Threshold
07-18 13:49:41.140   459  1052 I PhoneLab-LoggerService: Starting to rename files
07-18 13:49:41.140   459  1052 I PhoneLab-LoggerService: Files found .. 2
07-18 13:49:41.140   459  1052 I PhoneLab-: Service Running
07-18 13:49:41.168   459  1052 I PhoneLab-LoggerService: app_38    1055  459   1428   1060  c00f181c 400107b4 S logcat
07-18 13:49:41.168   459  1052 I PhoneLab-LoggerService: Logcat pid from database 1055
07-18 13:49:41.172   459  1052 I PhoneLab-LoggerService: Logcat process found 1055
07-18 13:49:41.172   459  1052 I PhoneLab-LoggerService: Checking Threshold
07-18 13:49:41.172   459  1052 I PhoneLab-LoggerService: Starting to rename files
07-18 13:49:41.172   459  1052 I PhoneLab-LoggerService: Files found .. 2
07-18 13:49:41.172   459  1052 I PhoneLab-: Service Running
07-18 13:49:41.199   459  1052 I PhoneLab-LoggerService: app_38    1055  459   1428   1060  c00f181c 400107b4 S logcat
07-18 13:49:41.199   459  1052 I PhoneLab-LoggerService: Logcat pid from database 1055
07-18 13:49:41.199   459  1052 I PhoneLab-LoggerService: Logcat process found 1055
07-18 13:49:41.199   459  1052 I PhoneLab-LoggerService: Checking Threshold
07-18 13:49:41.199   459  1052 I PhoneLab-LoggerService: Starting to rename files
07-18 13:49:41.199   459  1052 I PhoneLab-LoggerService: Files found .. 2
07-18 13:49:41.203   459  1052 I PhoneLab-: Service Running
07-18 13:49:41.226   459  1052 I PhoneLab-LoggerService: app_38    1055  459   1428   1060  c00f181c 400107b4 S logcat
07-18 13:49:41.226   459  1052 I PhoneLab-LoggerService: Logcat pid from database 1055
07-18 13:49:41.226   459  1052 I PhoneLab-LoggerService: Logcat process found 1055
07-18 13:49:41.230   459  1052 I PhoneLab-LoggerService: Checking Threshold
07-18 13:49:41.230   459  1052 I PhoneLab-LoggerService: Starting to rename files
07-18 13:49:41.230   459  1052 I PhoneLab-LoggerService: Files found .. 2
07-18 13:49:41.230   459  1052 I PhoneLab-: Service Running
07-18 13:49:41.257   459  1052 I PhoneLab-LoggerService: app_38    1055  459   1428   1060  c00f181c 400107b4 S logcat
07-18 13:49:41.257   459  1052 I PhoneLab-LoggerService: Logcat pid from database 1055
07-18 13:49:41.257   459  1052 I PhoneLab-LoggerService: Logcat process found 1055
07-18 13:49:41.257   459  1052 I PhoneLab-LoggerService: Checking Threshold
07-18 13:49:41.257   459  1052 I PhoneLab-LoggerService: Starting to rename files
07-18 13:49:41.257   459  1052 I PhoneLab-LoggerService: Files found .. 2
07-18 13:49:41.261   459  1052 I PhoneLab-: Service Running
07-18 13:49:41.300   459  1052 I PhoneLab-LoggerService: app_38    1055  459   1428   1060  c00f181c 400107b4 S logcat
07-18 13:49:41.300   459  1052 I PhoneLab-LoggerService: Logcat pid from database 1055
07-18 13:49:41.300   459  1052 I PhoneLab-LoggerService: Logcat process found 1055
07-18 13:49:41.300   459  1052 I PhoneLab-LoggerService: Checking Threshold
07-18 13:49:41.300   459  1052 I PhoneLab-LoggerService: Starting to rename files
07-18 13:49:41.300   459  1052 I PhoneLab-LoggerService: Files found .. 2
07-18 13:49:41.300   459  1052 I PhoneLab-: Service Running
07-18 13:49:41.320   459   462 D dalvikvm: GC_CONCURRENT freed 545K, 15% free 9215K/10823K, paused 2ms+2ms
07-18 13:49:41.343   459  1052 I PhoneLab-LoggerService: app_38    1055  459   1428   1060  c00f181c 400107b4 S logcat
07-18 13:49:41.343   459  1052 I PhoneLab-LoggerService: Logcat pid from database 1055
07-18 13:49:41.343   459  1052 I PhoneLab-LoggerService: Logcat process found 1055
07-18 13:49:41.343   459  1052 I PhoneLab-LoggerService: Checking Threshold
07-18 13:49:41.343   459  1052 I PhoneLab-LoggerService: Starting to rename files
07-18 13:49:41.343   459  1052 I PhoneLab-LoggerService: Files found .. 2
07-18 13:49:41.347   459  1052 I PhoneLab-: Service Running
07-18 13:49:41.371   459  1052 I PhoneLab-LoggerService: app_38    1055  459   1428   1060  c00f181c 400107b4 S logcat
07-18 13:49:41.375   459  1052 I PhoneLab-LoggerService: Logcat pid from database 1055
07-18 13:49:41.375   459  1052 I PhoneLab-LoggerService: Logcat process found 1055
07-18 13:49:41.375   459  1052 I PhoneLab-LoggerService: Checking Threshold
07-18 13:49:41.375   459  1052 I PhoneLab-LoggerService: Starting to rename files
07-18 13:49:41.375   459  1052 I PhoneLab-LoggerService: Files found .. 2
07-18 13:49:41.375   459  1052 I PhoneLab-: Service Running
07-18 13:49:41.402   459  1052 I PhoneLab-LoggerService: app_38    1055  459   1428   1060  c00f181c 400107b4 S logcat
07-18 13:49:41.402   459  1052 I PhoneLab-LoggerService: Logcat pid from database 1055
07-18 13:49:41.402   459  1052 I PhoneLab-LoggerService: Logcat process found 1055
07-18 13:49:41.402   459  1052 I PhoneLab-LoggerService: Checking Threshold
07-18 13:49:41.402   459  1052 I PhoneLab-LoggerService: Starting to rename files
07-18 13:49:41.402   459  1052 I PhoneLab-LoggerService: Files found .. 2
07-18 13:49:41.406   459  1052 I PhoneLab-: Service Running
07-18 13:49:41.429   459  1052 I PhoneLab-LoggerService: app_38    1055  459   1428   1060  c00f181c 400107b4 S logcat
07-18 13:49:41.433   459  1052 I PhoneLab-LoggerService: Logcat pid from database 1055
07-18 13:49:41.433   459  1052 I PhoneLab-LoggerService: Logcat process found 1055
07-18 13:49:41.433   459  1052 I PhoneLab-LoggerService: Checking Threshold
07-18 13:49:41.433   459  1052 I PhoneLab-LoggerService: Starting to rename files
07-18 13:49:41.433   459  1052 I PhoneLab-LoggerService: Files found .. 2
07-18 13:49:41.433   459  1052 I PhoneLab-: Service Running
07-18 13:49:41.461   459  1052 I PhoneLab-LoggerService: app_38    1055  459   1428   1060  c00f181c 400107b4 S logcat
07-18 13:49:41.461   459  1052 I PhoneLab-LoggerService: Logcat pid from database 1055
07-18 13:49:41.461   459  1052 I PhoneLab-LoggerService: Logcat process found 1055
07-18 13:49:41.461   459  1052 I PhoneLab-LoggerService: Checking Threshold
07-18 13:49:41.461   459  1052 I PhoneLab-LoggerService: Starting to rename files
07-18 13:49:41.461   459  1052 I PhoneLab-LoggerService: Files found .. 2
07-18 13:49:41.465   459  1052 I PhoneLab-: Service Running
07-18 13:49:41.488   459  1052 I PhoneLab-LoggerService: app_38    1055  459   1428   1060  c00f181c 400107b4 S logcat
07-18 13:49:41.492   459  1052 I PhoneLab-LoggerService: Logcat pid from database 1055
07-18 13:49:41.492   459  1052 I PhoneLab-LoggerService: Logcat process found 1055
07-18 13:49:41.492   459  1052 I PhoneLab-LoggerService: Checking Threshold
07-18 13:49:41.492   459  1052 I PhoneLab-LoggerService: Starting to rename files
07-18 13:49:41.492   459  1052 I PhoneLab-LoggerService: Files found .. 2
07-18 13:49:41.492   459  1052 I PhoneLab-: Service Running
07-18 13:49:41.519   459  1052 I PhoneLab-LoggerService: app_38    1055  459   1428   1060  c00f181c 400107b4 S logcat
07-18 13:49:41.519   459  1052 I PhoneLab-LoggerService: Logcat pid from database 1055
07-18 13:49:41.519   459  1052 I PhoneLab-LoggerService: Logcat process found 1055
07-18 13:49:41.519   459  1052 I PhoneLab-LoggerService: Checking Threshold
07-18 13:49:41.519   459  1052 I PhoneLab-LoggerService: Starting to rename files
07-18 13:49:41.519   459  1052 I PhoneLab-LoggerService: Files found .. 2
07-18 13:49:41.519   459  1052 I PhoneLab-: Service Running
07-18 13:49:41.558   459  1052 I PhoneLab-LoggerService: app_38    1055  459   1428   1060  c00f181c 400107b4 S logcat
07-18 13:49:41.558   459  1052 I PhoneLab-LoggerService: Logcat pid from database 1055
07-18 13:49:41.558   459  1052 I PhoneLab-LoggerService: Logcat process found 1055
07-18 13:49:41.558   459  1052 I PhoneLab-LoggerService: Checking Threshold
07-18 13:49:41.558   459  1052 I PhoneLab-LoggerService: Starting to rename files
07-18 13:49:41.558   459  1052 I PhoneLab-LoggerService: Files found .. 2
07-18 13:49:41.562   459  1052 I PhoneLab-: Service Running
07-18 13:49:41.578   459   462 D dalvikvm: GC_CONCURRENT freed 430K, 15% free 9214K/10823K, paused 2ms+6ms
07-18 13:49:41.605   459  1052 I PhoneLab-LoggerService: app_38    1055  459   1428   1060  c00f181c 400107b4 S logcat
07-18 13:49:41.605   459  1052 I PhoneLab-LoggerService: Logcat pid from database 1055
07-18 13:49:41.605   459  1052 I PhoneLab-LoggerService: Logcat process found 1055
07-18 13:49:41.605   459  1052 I PhoneLab-LoggerService: Checking Threshold
07-18 13:49:41.605   459  1052 I PhoneLab-LoggerService: Starting to rename files
07-18 13:49:41.605   459  1052 I PhoneLab-LoggerService: Files found .. 2
07-18 13:49:41.609   459  1052 I PhoneLab-: Service Running
07-18 13:49:41.632   459  1052 I PhoneLab-LoggerService: app_38    1055  459   1428   1060  c00f181c 400107b4 S logcat
07-18 13:49:41.636   459  1052 I PhoneLab-LoggerService: Logcat pid from database 1055
07-18 13:49:41.636   459  1052 I PhoneLab-LoggerService: Logcat process found 1055
07-18 13:49:41.636   459  1052 I PhoneLab-LoggerService: Checking Threshold
07-18 13:49:41.636   459  1052 I PhoneLab-LoggerService: Starting to rename files
07-18 13:49:41.636   459  1052 I PhoneLab-LoggerService: Files found .. 2
07-18 13:49:41.636   459  1052 I PhoneLab-: Service Running
07-18 13:49:41.664   459  1052 I PhoneLab-LoggerService: app_38    1055  459   1428   1060  c00f181c 400107b4 S logcat
07-18 13:49:41.664   459  1052 I PhoneLab-LoggerService: Logcat pid from database 1055
07-18 13:49:41.664   459  1052 I PhoneLab-LoggerService: Logcat process found 1055
07-18 13:49:41.664   459  1052 I PhoneLab-LoggerService: Checking Threshold
07-18 13:49:41.664   459  1052 I PhoneLab-LoggerService: Starting to rename files
07-18 13:49:41.664   459  1052 I PhoneLab-LoggerService: Files found .. 2
07-18 13:49:41.668   459  1052 I PhoneLab-: Service Running
07-18 13:49:41.691   459  1052 I PhoneLab-LoggerService: app_38    1055  459   1428   1060  c00f181c 400107b4 S logcat
07-18 13:49:41.691   459  1052 I PhoneLab-LoggerService: Logcat pid from database 1055
07-18 13:49:41.691   459  1052 I PhoneLab-LoggerService: Logcat process found 1055
07-18 13:49:41.695   459  1052 I PhoneLab-LoggerService: Checking Threshold
07-18 13:49:41.695   459  1052 I PhoneLab-LoggerService: Starting to rename files
07-18 13:49:41.695   459  1052 I PhoneLab-LoggerService: Files found .. 2
07-18 13:49:41.695   459  1052 I PhoneLab-: Service Running
07-18 13:49:41.722   459  1052 I PhoneLab-LoggerService: app_38    1055  459   1428   1060  c00f181c 400107b4 S logcat
07-18 13:49:41.722   459  1052 I PhoneLab-LoggerService: Logcat pid from database 1055
07-18 13:49:41.722   459  1052 I PhoneLab-LoggerService: Logcat process found 1055
07-18 13:49:41.722   459  1052 I PhoneLab-LoggerService: Checking Threshold
07-18 13:49:41.722   459  1052 I PhoneLab-LoggerService: Starting to rename files
07-18 13:49:41.722   459  1052 I PhoneLab-LoggerService: Files found .. 2
07-18 13:49:41.726   459  1052 I PhoneLab-: Service Running
07-18 13:49:41.754   459  1052 I PhoneLab-LoggerService: app_38    1055  459   1428   1060  c00f181c 400107b4 S logcat
07-18 13:49:41.754   459  1052 I PhoneLab-LoggerService: Logcat pid from database 1055
07-18 13:49:41.754   459  1052 I PhoneLab-LoggerService: Logcat process found 1055
07-18 13:49:41.754   459  1052 I PhoneLab-LoggerService: Checking Threshold
07-18 13:49:41.754   459  1052 I PhoneLab-LoggerService: Starting to rename files
07-18 13:49:41.754   459  1052 I PhoneLab-LoggerService: Files found .. 2
07-18 13:49:41.754   459  1052 I PhoneLab-: Service Running
07-18 13:49:41.781   459  1052 I PhoneLab-LoggerService: app_38    1055  459   1428   1060  c00f181c 400107b4 S logcat
07-18 13:49:41.781   459  1052 I PhoneLab-LoggerService: Logcat pid from database 1055
07-18 13:49:41.781   459  1052 I PhoneLab-LoggerService: Logcat process found 1055
07-18 13:49:41.781   459  1052 I PhoneLab-LoggerService: Checking Threshold
07-18 13:49:41.781   459  1052 I PhoneLab-LoggerService: Starting to rename files
07-18 13:49:41.781   459  1052 I PhoneLab-LoggerService: Files found .. 2
07-18 13:49:41.785   459  1052 I PhoneLab-: Service Running
07-18 13:49:41.824   459   462 D dalvikvm: GC_CONCURRENT freed 403K, 15% free 9225K/10823K, paused 2ms+2ms
07-18 13:49:41.828   459  1052 I PhoneLab-LoggerService: app_38    1055  459   1428   1060  c00f181c 400107b4 S logcat
07-18 13:49:41.832   459  1052 I PhoneLab-LoggerService: Logcat pid from database 1055
07-18 13:49:41.832   459  1052 I PhoneLab-LoggerService: Logcat process found 1055
07-18 13:49:41.832   459  1052 I PhoneLab-LoggerService: Checking Threshold
07-18 13:49:41.832   459  1052 I PhoneLab-LoggerService: Starting to rename files
07-18 13:49:41.832   459  1052 I PhoneLab-LoggerService: Files found .. 2
07-18 13:49:41.840   459  1052 I PhoneLab-: Service Running
07-18 13:49:41.863   459  1052 I PhoneLab-LoggerService: app_38    1055  459   1428   1060  c00f181c 400107b4 S logcat
07-18 13:49:41.867   459  1052 I PhoneLab-LoggerService: Logcat pid from database 1055
07-18 13:49:41.867   459  1052 I PhoneLab-LoggerService: Logcat process found 1055
07-18 13:49:41.867   459  1052 I PhoneLab-LoggerService: Checking Threshold
07-18 13:49:41.867   459  1052 I PhoneLab-LoggerService: Starting to rename files
07-18 13:49:41.867   459  1052 I PhoneLab-LoggerService: Files found .. 2
07-18 13:49:41.867   459  1052 I PhoneLab-: Service Running
07-18 13:49:41.894   459  1052 I PhoneLab-LoggerService: app_38    1055  459   1428   1060  c00f181c 400107b4 S logcat
07-18 13:49:41.894   459  1052 I PhoneLab-LoggerService: Logcat pid from database 1055
07-18 13:49:41.894   459  1052 I PhoneLab-LoggerService: Logcat process found 1055
07-18 13:49:41.894   459  1052 I PhoneLab-LoggerService: Checking Threshold
07-18 13:49:41.894   459  1052 I PhoneLab-LoggerService: Starting to rename files
07-18 13:49:41.898   459  1052 I PhoneLab-LoggerService: Files found .. 2
07-18 13:49:41.898   459  1052 I PhoneLab-: Service Running
07-18 13:49:41.925   459  1052 I PhoneLab-LoggerService: app_38    1055  459   1428   1060  c00f181c 400107b4 S logcat
07-18 13:49:41.925   459  1052 I PhoneLab-LoggerService: Logcat pid from database 1055
07-18 13:49:41.925   459  1052 I PhoneLab-LoggerService: Logcat process found 1055
07-18 13:49:41.925   459  1052 I PhoneLab-LoggerService: Checking Threshold
07-18 13:49:41.925   459  1052 I PhoneLab-LoggerService: Starting to rename files
07-18 13:49:41.925   459  1052 I PhoneLab-LoggerService: Files found .. 2
07-18 13:49:41.929   459  1052 I PhoneLab-: Service Running
07-18 13:49:41.953   459  1052 I PhoneLab-LoggerService: app_38    1055  459   1428   1060  c00f181c 400107b4 S logcat
07-18 13:49:41.957   459  1052 I PhoneLab-LoggerService: Logcat pid from database 1055
07-18 13:49:41.957   459  1052 I PhoneLab-LoggerService: Logcat process found 1055
07-18 13:49:41.957   459  1052 I PhoneLab-LoggerService: Checking Threshold
07-18 13:49:41.957   459  1052 I PhoneLab-LoggerService: Starting to rename files
07-18 13:49:41.957   459  1052 I PhoneLab-LoggerService: Files found .. 2
07-18 13:49:41.957   459  1052 I PhoneLab-: Service Running
07-18 13:49:41.984   459  1052 I PhoneLab-LoggerService: app_38    1055  459   1428   1060  c00f181c 400107b4 S logcat
07-18 13:49:41.984   459  1052 I PhoneLab-LoggerService: Logcat pid from database 1055
07-18 13:49:41.984   459  1052 I PhoneLab-LoggerService: Logcat process found 1055
07-18 13:49:41.984   459  1052 I PhoneLab-LoggerService: Checking Threshold
07-18 13:49:41.984   459  1052 I PhoneLab-LoggerService: Starting to rename files
07-18 13:49:41.984   459  1052 I PhoneLab-LoggerService: Files found .. 2
07-18 13:49:41.988   459  1052 I PhoneLab-: Service Running
07-18 13:49:42.015   459  1052 I PhoneLab-LoggerService: app_38    1055  459   1428   1060  c00f181c 400107b4 S logcat
07-18 13:49:42.015   459  1052 I PhoneLab-LoggerService: Logcat pid from database 1055
07-18 13:49:42.015   459  1052 I PhoneLab-LoggerService: Logcat process found 1055
07-18 13:49:42.015   459  1052 I PhoneLab-LoggerService: Checking Threshold
07-18 13:49:42.015   459  1052 I PhoneLab-LoggerService: Starting to rename files
07-18 13:49:42.015   459  1052 I PhoneLab-LoggerService: Files found .. 2
07-18 13:49:42.019   459  1052 I PhoneLab-: Service Running
07-18 13:49:42.054   459  1052 I PhoneLab-LoggerService: app_38    1055  459   1428   1060  c00f181c 400107b4 S logcat
07-18 13:49:42.054   459  1052 I PhoneLab-LoggerService: Logcat pid from database 1055
07-18 13:49:42.054   459  1052 I PhoneLab-LoggerService: Logcat process found 1055
07-18 13:49:42.054   459  1052 I PhoneLab-LoggerService: Checking Threshold
07-18 13:49:42.054   459  1052 I PhoneLab-LoggerService: Starting to rename files
07-18 13:49:42.054   459  1052 I PhoneLab-LoggerService: Files found .. 2
07-18 13:49:42.062   459   462 D dalvikvm: GC_CONCURRENT freed 405K, 15% free 9213K/10823K, paused 2ms+2ms
07-18 13:57:05.277  1447  1450 D dalvikvm: GC_CONCURRENT freed 226K, 4% free 10215K/10567K, paused 2ms+2ms
07-18 13:57:05.488   766   768 D dalvikvm: GC_CONCURRENT freed 338K, 11% free 9881K/11079K, paused 2ms+2ms
07-18 13:57:43.429   141   420 D dalvikvm: GC_EXPLICIT freed 650K, 10% free 13615K/15047K, paused 7ms+6ms
07-18 13:57:43.535   211   211 D dalvikvm: GC_FOR_ALLOC freed 410K, 10% free 10182K/11271K, paused 19ms
07-18 13:57:43.589   211   213 D dalvikvm: GC_CONCURRENT freed 489K, 10% free 10168K/11271K, paused 1ms+3ms
07-18 13:57:43.695   211   213 D dalvikvm: GC_CONCURRENT freed 439K, 10% free 10211K/11271K, paused 2ms+2ms
07-18 13:57:43.742   766   768 D dalvikvm: GC_CONCURRENT freed 359K, 11% free 9908K/11079K, paused 2ms+3ms
07-18 13:57:43.968   766   768 D dalvikvm: GC_CONCURRENT freed 368K, 11% free 9931K/11079K, paused 1ms+2ms
07-18 13:57:44.136   766   768 D dalvikvm: GC_CONCURRENT freed 460K, 11% free 9863K/11079K, paused 1ms+2ms
07-18 13:57:44.289   766   768 D dalvikvm: GC_CONCURRENT freed 398K, 12% free 9857K/11079K, paused 1ms+3ms
07-18 13:57:44.425   766   768 D dalvikvm: GC_CONCURRENT freed 344K, 11% free 9902K/11079K, paused 2ms+2ms
07-18 13:57:44.574   766   768 D dalvikvm: GC_CONCURRENT freed 314K, 10% free 10029K/11079K, paused 2ms+2ms
07-18 13:57:44.730   459  1052 I PhoneLab-: Service Running
07-18 13:57:44.757   766   768 D dalvikvm: GC_CONCURRENT freed 627K, 11% free 9902K/11079K, paused 2ms+7ms
07-18 13:57:44.781   459  1052 I PhoneLab-LoggerService: app_38    1055  459   1428   1060  c00f181c 400107b4 S logcat
07-18 13:57:44.785   459  1052 I PhoneLab-LoggerService: Logcat pid from database 1055
07-18 13:57:44.785   459  1052 I PhoneLab-LoggerService: Logcat process found 1055
07-18 13:57:44.785   459  1052 I PhoneLab-LoggerService: Checking Threshold
07-18 13:57:44.785   459  1052 I PhoneLab-LoggerService: Starting to rename files
07-18 13:57:44.785   459  1052 I PhoneLab-LoggerService: Files found .. 2
07-18 13:57:44.785   459  1052 I PhoneLab-: Service Running
07-18 13:57:44.812   459  1052 I PhoneLab-LoggerService: app_38    1055  459   1428   1060  c00f181c 400107b4 S logcat
07-18 13:57:44.812   459  1052 I PhoneLab-LoggerService: Logcat pid from database 1055
07-18 13:57:44.812   459  1052 I PhoneLab-LoggerService: Logcat process found 1055
07-18 13:57:44.812   459  1052 I PhoneLab-LoggerService: Checking Threshold
07-18 13:57:44.812   459  1052 I PhoneLab-LoggerService: Starting to rename files
07-18 13:57:44.812   459  1052 I PhoneLab-LoggerService: Files found .. 2
07-18 13:57:44.816   459  1052 I PhoneLab-: Service Running
07-18 13:57:44.847   459  1052 I PhoneLab-LoggerService: app_38    1055  459   1428   1060  c00f181c 400107b4 S logcat
07-18 13:57:44.847   459  1052 I PhoneLab-LoggerService: Logcat pid from database 1055
07-18 13:57:44.847   459  1052 I PhoneLab-LoggerService: Logcat process found 1055
07-18 13:57:44.847   459  1052 I PhoneLab-LoggerService: Checking Threshold
07-18 13:57:44.847   459  1052 I PhoneLab-LoggerService: Starting to rename files
07-18 13:57:44.847   459  1052 I PhoneLab-LoggerService: Files found .. 2
07-18 13:57:44.847   459  1052 I PhoneLab-: Service Running
07-18 13:57:44.879   459  1052 I PhoneLab-LoggerService: app_38    1055  459   1428   1060  c00f181c 400107b4 S logcat
07-18 13:57:44.882   459  1052 I PhoneLab-LoggerService: Logcat pid from database 1055
07-18 13:57:44.882   459  1052 I PhoneLab-LoggerService: Logcat process found 1055
07-18 13:57:44.882   459  1052 I PhoneLab-LoggerService: Checking Threshold
07-18 13:57:44.882   459  1052 I PhoneLab-LoggerService: Starting to rename files
07-18 13:57:44.882   459  1052 I PhoneLab-LoggerService: Files found .. 2
07-18 13:57:45.058   766   768 D dalvikvm: GC_CONCURRENT freed 397K, 11% free 9898K/11079K, paused 2ms+3ms
07-18 13:57:45.211   766   768 D dalvikvm: GC_CONCURRENT freed 439K, 11% free 9897K/11079K, paused 1ms+3ms
07-18 13:57:45.363   766   768 D dalvikvm: GC_CONCURRENT freed 413K, 11% free 9914K/11079K, paused 2ms+2ms
07-18 13:57:45.554   766   768 D dalvikvm: GC_CONCURRENT freed 452K, 12% free 9858K/11079K, paused 2ms+2ms
07-18 13:57:45.730   766   768 D dalvikvm: GC_CONCURRENT freed 393K, 12% free 9858K/11079K, paused 1ms+2ms
07-18 13:57:45.863   766   768 D dalvikvm: GC_CONCURRENT freed 467K, 11% free 9902K/11079K, paused 1ms+3ms
07-18 13:57:46.054   766   768 D dalvikvm: GC_CONCURRENT freed 402K, 11% free 9893K/11079K, paused 2ms+3ms
07-18 13:57:46.203   766   768 D dalvikvm: GC_CONCURRENT freed 448K, 11% free 9861K/11079K, paused 2ms+2ms
07-18 13:57:46.355   766   768 D dalvikvm: GC_CONCURRENT freed 398K, 11% free 9867K/11079K, paused 1ms+3ms
07-18 13:57:46.535   766   768 D dalvikvm: GC_CONCURRENT freed 403K, 12% free 9857K/11079K, paused 1ms+3ms
07-18 13:57:46.711   766   768 D dalvikvm: GC_CONCURRENT freed 381K, 11% free 9867K/11079K, paused 2ms+2ms
07-18 13:57:46.882   766   768 D dalvikvm: GC_CONCURRENT freed 401K, 12% free 9859K/11079K, paused 2ms+2ms
07-18 13:57:46.929   459  1052 I PhoneLab-: Service Running
07-18 13:57:46.961   459  1052 I PhoneLab-LoggerService: app_38    1055  459   1428   1060  c00f181c 400107b4 S logcat
07-18 13:57:46.961   459  1052 I PhoneLab-LoggerService: Logcat pid from database 1055
07-18 13:57:46.961   459  1052 I PhoneLab-LoggerService: Logcat process found 1055
07-18 13:57:46.961   459  1052 I PhoneLab-LoggerService: Checking Threshold
07-18 13:57:46.961   459  1052 I PhoneLab-LoggerService: Starting to rename files
07-18 13:57:46.961   459  1052 I PhoneLab-LoggerService: Files found .. 2
07-18 13:57:47.054   766   768 D dalvikvm: GC_CONCURRENT freed 457K, 11% free 9887K/11079K, paused 1ms+2ms
07-18 13:57:47.086   459   459 I PhoneLab-Locks: wake lock acquired
07-18 13:57:47.097   459  1898 I PhoneLab-PeriodicCheckService: User info is synched
07-18 13:57:47.097   459  1898 I PhoneLab-PeriodicCheckService: Logger Service is running
07-18 13:57:47.097   459  1898 I PhoneLab-Locks: wake lock acquired
07-18 13:57:47.101   459   459 I PhoneLab-UploadLogs: Transfering log files now
07-18 13:57:47.105   459  1898 I PhoneLab-PeriodicCheckService: Rescheduling periodic checking...
07-18 13:57:47.105   459  1898 I PhoneLab-Locks: wake lock released
07-18 13:57:47.148   459   462 D dalvikvm: GC_CONCURRENT freed 465K, 15% free 9260K/10823K, paused 1ms+2ms
07-18 13:57:47.171   459   459 D dalvikvm: GC_FOR_ALLOC freed 245K, 14% free 9354K/10823K, paused 13ms
07-18 13:57:47.191   459   459 D dalvikvm: GC_FOR_ALLOC freed 120K, 13% free 9482K/10823K, paused 12ms
07-18 13:57:47.195   459   459 I dalvikvm-heap: Grow heap (frag case) to 9.827MB for 516692-byte allocation
07-18 13:57:47.222   459   462 D dalvikvm: GC_CONCURRENT freed 248K, 15% free 9738K/11335K, paused 2ms+2ms
07-18 13:57:47.226   459   459 I PhoneLab-UploadLogs: OnStartCommand
07-18 13:57:47.324   459  1900 D dalvikvm: GC_FOR_ALLOC freed 357K, 15% free 9714K/11335K, paused 15ms
07-18 13:57:47.339   459  1900 D dalvikvm: GC_FOR_ALLOC freed 301K, 15% free 9714K/11335K, paused 13ms
07-18 13:57:47.355   459  1900 D dalvikvm: GC_FOR_ALLOC freed 301K, 15% free 9715K/11335K, paused 12ms
07-18 13:57:47.402   766   768 D dalvikvm: GC_CONCURRENT freed 454K, 12% free 9827K/11079K, paused 2ms+3ms
07-18 13:57:47.566   766   768 D dalvikvm: GC_CONCURRENT freed 368K, 12% free 9859K/11079K, paused 2ms+2ms
07-18 13:57:47.742   766   768 D dalvikvm: GC_CONCURRENT freed 424K, 11% free 9878K/11079K, paused 2ms+2ms
07-18 13:57:47.914   766   768 D dalvikvm: GC_CONCURRENT freed 419K, 12% free 9854K/11079K, paused 2ms+2ms
07-18 13:57:48.035   766   768 D dalvikvm: GC_CONCURRENT freed 365K, 11% free 9877K/11079K, paused 2ms+2ms
07-18 13:57:48.203   766   768 D dalvikvm: GC_CONCURRENT freed 355K, 11% free 9930K/11079K, paused 2ms+3ms
07-18 13:57:48.316   766   768 D dalvikvm: GC_CONCURRENT freed 379K, 10% free 10016K/11079K, paused 2ms+2ms
07-18 13:57:48.488   766   768 D dalvikvm: GC_CONCURRENT freed 468K, 11% free 9939K/11079K, paused 2ms+3ms
07-18 13:57:48.703   766   768 D dalvikvm: GC_CONCURRENT freed 356K, 11% free 9971K/11079K, paused 2ms+3ms
07-18 13:57:48.843   766   768 D dalvikvm: GC_CONCURRENT freed 516K, 12% free 9847K/11079K, paused 1ms+2ms
07-18 13:57:48.988   459   459 I PhoneLab-: 1342633781104.log is deleted
07-18 13:57:48.988   459   459 I PhoneLab-: Response: {"data": "done", "err": ""}
07-18 13:57:48.992   459   459 I PhoneLab-UploadLogs: No log files to transfer
07-18 13:57:48.992   459   459 I PhoneLab-Locks: wake lock released
07-18 13:57:48.996   766   768 D dalvikvm: GC_CONCURRENT freed 336K, 11% free 9905K/11079K, paused 2ms+2ms
07-18 13:57:49.195   766   768 D dalvikvm: GC_CONCURRENT freed 371K, 11% free 9928K/11079K, paused 2ms+2ms
07-18 13:57:49.386   766   768 D dalvikvm: GC_CONCURRENT freed 454K, 11% free 9864K/11079K, paused 2ms+2ms
07-18 13:57:49.527   766   768 D dalvikvm: GC_CONCURRENT freed 406K, 12% free 9851K/11079K, paused 2ms+2ms
07-18 13:57:49.664   766   768 D dalvikvm: GC_CONCURRENT freed 375K, 11% free 9868K/11079K, paused 2ms+2ms
07-18 13:57:49.808   766   768 D dalvikvm: GC_CONCURRENT freed 405K, 12% free 9848K/11079K, paused 2ms+2ms
07-18 13:57:49.968   766   768 D dalvikvm: GC_CONCURRENT freed 401K, 11% free 9866K/11079K, paused 1ms+4ms
07-18 13:57:50.089   459   459 I PhoneLab-Locks: wake lock acquired
07-18 13:57:50.093   459   459 I PhoneLab-StatusMonitor: Status Monitoring is started
07-18 13:57:50.132   459   462 D dalvikvm: GC_CONCURRENT freed 979K, 19% free 9248K/11335K, paused 2ms+3ms
07-18 13:57:50.152   459   459 I PhoneLab-StatusMonitor: Value: 10 - unit: min
07-18 13:57:50.152   459   459 I PhoneLab-StatusMonitor: Running interval: 600000
07-18 13:57:50.160   459   459 I PhoneLab-StatusMonitor: Rescheduling status monitoring...
07-18 13:57:50.164   459   459 I PhoneLab-Locks: wake lock released
07-18 13:57:50.168   459   459 I PhoneLab-StatusMonitorLocation: Learning Location
07-18 13:57:50.168   459   459 I PhoneLab-Locks: wake lock acquired
07-18 13:57:50.171   459   459 I PhoneLab-Locks: wake lock acquired
07-18 13:57:50.175   459   459 I PhoneLab-StatusMonitorLocation: Learning Signal Strgth
07-18 13:57:50.175   459   459 I PhoneLab-Locks: wake lock acquired
07-18 13:57:50.179   274   556 D androidNetworkLocationListeners: Still have listener com.google.android.location.internal.client.NetworkLocationClient$1@4139a548
07-18 13:57:50.187   274   556 D androidNetworkLocationListeners: Still have listener com.google.android.location.internal.client.NetworkLocationClient$1@4139a548
07-18 13:57:50.187   459   459 I PhoneLab-StatusMonitorBattery: Battery_level: 72
07-18 13:57:50.191   459   459 I PhoneLab-Locks: wake lock released
07-18 13:57:50.195   459   459 I PhoneLab-StatusMonitorSignal: Signal_Strength: -86 asu: 14
07-18 13:57:50.195   459   459 I PhoneLab-Locks: wake lock released
07-18 13:57:50.250   766   768 D dalvikvm: GC_CONCURRENT freed 405K, 11% free 9870K/11079K, paused 2ms+2ms
07-18 13:57:50.394   766   768 D dalvikvm: GC_CONCURRENT freed 420K, 12% free 9849K/11079K, paused 1ms+3ms
07-18 13:57:50.535   766   768 D dalvikvm: GC_CONCURRENT freed 347K, 11% free 9897K/11079K, paused 2ms+2ms
07-18 13:57:50.750   766   768 D dalvikvm: GC_CONCURRENT freed 379K, 11% free 9909K/11079K, paused 1ms+2ms
07-18 13:57:50.902   766   768 D dalvikvm: GC_CONCURRENT freed 428K, 11% free 9872K/11079K, paused 2ms+2ms
07-18 13:57:51.062   766   768 D dalvikvm: GC_CONCURRENT freed 424K, 12% free 9840K/11079K, paused 2ms+2ms
07-18 13:57:51.207   766   768 D dalvikvm: GC_CONCURRENT freed 361K, 11% free 9871K/11079K, paused 2ms+2ms
07-18 13:57:51.316   766   768 D dalvikvm: GC_CONCURRENT freed 307K, 10% free 10069K/11079K, paused 2ms+2ms
07-18 13:57:51.468   917   919 D dalvikvm: GC_CONCURRENT freed 598K, 8% free 10357K/11207K, paused 2ms+2ms
07-18 13:57:51.488   459   459 I PhoneLab-StatusMonitorLocation: Location_Latitude: 42.9950343 Longitude: -78.6862348 Accuracy: 86.0
07-18 13:57:51.488   274   556 D androidNetworkLocationListeners: Still have listener com.google.android.location.internal.client.NetworkLocationClient$1@4139a548
07-18 13:57:51.492   459   459 I PhoneLab-Locks: wake lock released
07-18 13:57:51.523   274   276 D dalvikvm: GC_CONCURRENT freed 488K, 9% free 10508K/11527K, paused 2ms+7ms
07-18 13:57:51.660   766   768 D dalvikvm: GC_CONCURRENT freed 500K, 11% free 9959K/11079K, paused 2ms+2ms
07-18 13:57:51.875   766   768 D dalvikvm: GC_CONCURRENT freed 360K, 10% free 9991K/11079K, paused 1ms+2ms
07-18 13:57:52.132   766   768 D dalvikvm: GC_CONCURRENT freed 388K, 10% free 9994K/11079K, paused 2ms+2ms
07-18 13:57:52.246   274   289 D dalvikvm: GC_EXPLICIT freed 13K, 9% free 10497K/11527K, paused 2ms+3ms
07-18 13:57:52.250   274  1487 I EventLogService: Aggregate from 1342632472097 (log), 1342632472097 (data)
07-18 13:57:52.382   766   768 D dalvikvm: GC_CONCURRENT freed 545K, 12% free 9841K/11079K, paused 2ms+2ms
07-18 13:57:52.500   766   768 D dalvikvm: GC_CONCURRENT freed 314K, 10% free 10017K/11079K, paused 2ms+2ms
07-18 13:57:52.660   766   768 D dalvikvm: GC_CONCURRENT freed 472K, 11% free 9936K/11079K, paused 1ms+2ms
07-18 13:57:52.925   766   768 D dalvikvm: GC_CONCURRENT freed 360K, 11% free 9968K/11079K, paused 2ms+3ms
07-18 13:57:53.062   766   768 D dalvikvm: GC_CONCURRENT freed 528K, 12% free 9836K/11079K, paused 2ms+2ms
07-18 13:57:53.203   766   768 D dalvikvm: GC_CONCURRENT freed 345K, 11% free 9884K/11079K, paused 2ms+2ms
07-18 13:57:53.351   766   768 D dalvikvm: GC_CONCURRENT freed 437K, 12% free 9839K/11079K, paused 1ms+3ms
07-18 13:57:53.515   766   768 D dalvikvm: GC_CONCURRENT freed 361K, 11% free 9869K/11079K, paused 1ms+2ms
07-18 13:57:53.675   766   768 D dalvikvm: GC_CONCURRENT freed 407K, 11% free 9865K/11079K, paused 1ms+2ms
07-18 13:57:53.839   766   768 D dalvikvm: GC_CONCURRENT freed 392K, 11% free 9864K/11079K, paused 2ms+2ms
07-18 13:57:54.000   766   768 D dalvikvm: GC_CONCURRENT freed 393K, 11% free 9862K/11079K, paused 2ms+2ms
07-18 13:57:54.136   766   768 D dalvikvm: GC_CONCURRENT freed 382K, 11% free 9892K/11079K, paused 2ms+2ms
07-18 13:57:54.269   766   768 D dalvikvm: GC_CONCURRENT freed 417K, 11% free 9871K/11079K, paused 2ms+2ms
07-18 13:57:54.425   766   768 D dalvikvm: GC_CONCURRENT freed 400K, 11% free 9898K/11079K, paused 2ms+2ms
07-18 13:57:54.597   766   768 D dalvikvm: GC_CONCURRENT freed 469K, 11% free 9879K/11079K, paused 2ms+2ms
07-18 13:57:54.757   766   768 D dalvikvm: GC_CONCURRENT freed 405K, 11% free 9865K/11079K, paused 2ms+3ms
07-18 13:57:54.933   766   768 D dalvikvm: GC_CONCURRENT freed 403K, 11% free 9864K/11079K, paused 2ms+2ms
07-18 13:57:55.113   766   768 D dalvikvm: GC_CONCURRENT freed 404K, 11% free 9868K/11079K, paused 2ms+2ms
07-18 13:57:55.273   766   768 D dalvikvm: GC_CONCURRENT freed 383K, 11% free 9877K/11079K, paused 2ms+2ms
07-18 13:57:55.441   766   768 D dalvikvm: GC_CONCURRENT freed 408K, 11% free 9872K/11079K, paused 2ms+2ms
07-18 13:57:55.593   766   768 D dalvikvm: GC_CONCURRENT freed 406K, 12% free 9859K/11079K, paused 2ms+3ms
07-18 13:57:55.750   766   768 D dalvikvm: GC_CONCURRENT freed 386K, 11% free 9879K/11079K, paused 2ms+2ms
07-18 13:57:55.910   766   768 D dalvikvm: GC_CONCURRENT freed 354K, 11% free 9923K/11079K, paused 1ms+2ms
07-18 13:57:56.054   766   768 D dalvikvm: GC_CONCURRENT freed 466K, 12% free 9848K/11079K, paused 1ms+3ms
07-18 13:57:56.211   766   768 D dalvikvm: GC_CONCURRENT freed 389K, 12% free 9857K/11079K, paused 1ms+3ms
07-18 13:57:56.375   766   768 D dalvikvm: GC_CONCURRENT freed 403K, 11% free 9889K/11079K, paused 1ms+2ms
07-18 13:57:56.539   766   768 D dalvikvm: GC_CONCURRENT freed 439K, 12% free 9853K/11079K, paused 2ms+2ms
07-18 13:57:56.613   766   768 D dalvikvm: GC_CONCURRENT freed 336K, 11% free 9909K/11079K, paused 1ms+2ms
07-18 13:57:56.828   766   768 D dalvikvm: GC_CONCURRENT freed 378K, 11% free 9923K/11079K, paused 2ms+2ms
07-18 13:57:57.035   766   768 D dalvikvm: GC_CONCURRENT freed 369K, 11% free 9944K/11079K, paused 1ms+2ms
07-18 13:57:57.160   766   768 D dalvikvm: GC_CONCURRENT freed 446K, 11% free 9955K/11079K, paused 1ms+2ms
07-18 13:57:57.367   766   768 D dalvikvm: GC_CONCURRENT freed 439K, 11% free 9905K/11079K, paused 2ms+2ms
07-18 13:57:57.558   766   768 D dalvikvm: GC_CONCURRENT freed 447K, 12% free 9850K/11079K, paused 2ms+3ms
07-18 13:57:57.754   766   768 D dalvikvm: GC_CONCURRENT freed 394K, 11% free 9865K/11079K, paused 2ms+2ms
07-18 13:57:57.910   766   768 D dalvikvm: GC_CONCURRENT freed 386K, 11% free 9872K/11079K, paused 2ms+2ms
07-18 13:57:58.035   766   768 D dalvikvm: GC_CONCURRENT freed 367K, 11% free 9895K/11079K, paused 1ms+2ms
07-18 13:57:58.273   766   768 D dalvikvm: GC_CONCURRENT freed 384K, 11% free 9903K/11079K, paused 2ms+2ms
07-18 13:57:58.445   766   768 D dalvikvm: GC_CONCURRENT freed 455K, 12% free 9845K/11079K, paused 2ms+3ms
07-18 13:57:58.589   766   768 D dalvikvm: GC_CONCURRENT freed 354K, 11% free 9882K/11079K, paused 2ms+2ms
07-18 13:57:58.726   766   768 D dalvikvm: GC_CONCURRENT freed 392K, 11% free 9954K/11079K, paused 1ms+2ms
07-18 13:57:58.902   766   768 D dalvikvm: GC_CONCURRENT freed 422K, 11% free 9947K/11079K, paused 2ms+2ms
07-18 13:57:59.039   766   768 D dalvikvm: GC_CONCURRENT freed 477K, 12% free 9860K/11079K, paused 1ms+2ms
07-18 13:57:59.191   766   768 D dalvikvm: GC_CONCURRENT freed 400K, 12% free 9851K/11079K, paused 1ms+2ms
07-18 13:57:59.336   766   768 D dalvikvm: GC_CONCURRENT freed 378K, 11% free 9864K/11079K, paused 2ms+2ms
07-18 13:57:59.496   766   768 D dalvikvm: GC_CONCURRENT freed 406K, 12% free 9857K/11079K, paused 2ms+2ms
07-18 13:57:59.644   766   768 D dalvikvm: GC_CONCURRENT freed 355K, 11% free 9893K/11079K, paused 2ms+2ms
07-18 13:57:59.796   766   768 D dalvikvm: GC_CONCURRENT freed 467K, 12% free 9848K/11079K, paused 1ms+2ms
07-18 13:57:59.945   766   768 D dalvikvm: GC_CONCURRENT freed 362K, 11% free 9876K/11079K, paused 1ms+2ms
07-18 13:58:00.168   766   768 D dalvikvm: GC_CONCURRENT freed 418K, 11% free 9866K/11079K, paused 2ms+2ms
07-18 13:58:00.351   766   768 D dalvikvm: GC_CONCURRENT freed 405K, 12% free 9860K/11079K, paused 1ms+3ms
07-18 13:58:00.500   766   768 D dalvikvm: GC_CONCURRENT freed 390K, 11% free 9862K/11079K, paused 2ms+2ms
07-18 13:58:00.675   766   768 D dalvikvm: GC_CONCURRENT freed 406K, 12% free 9848K/11079K, paused 2ms+2ms
07-18 13:58:00.765   766   768 D dalvikvm: GC_CONCURRENT freed 324K, 10% free 10001K/11079K, paused 2ms+2ms
07-18 13:58:00.992   766   768 D dalvikvm: GC_CONCURRENT freed 434K, 11% free 9957K/11079K, paused 2ms+3ms
07-18 13:58:01.214   766   768 D dalvikvm: GC_CONCURRENT freed 368K, 10% free 9980K/11079K, paused 1ms+3ms
07-18 13:58:01.418   766   768 D dalvikvm: GC_CONCURRENT freed 349K, 10% free 10022K/11079K, paused 1ms+2ms
07-18 13:58:01.578   766   768 D dalvikvm: GC_CONCURRENT freed 543K, 11% free 9870K/11079K, paused 1ms+2ms
07-18 13:58:01.730   766   768 D dalvikvm: GC_CONCURRENT freed 417K, 12% free 9846K/11079K, paused 1ms+3ms
07-18 13:58:01.882   766   768 D dalvikvm: GC_CONCURRENT freed 365K, 11% free 9873K/11079K, paused 1ms+3ms
07-18 13:58:02.004   766   768 D dalvikvm: GC_CONCURRENT freed 382K, 11% free 9889K/11079K, paused 1ms+2ms
07-18 13:58:02.179   766   768 D dalvikvm: GC_CONCURRENT freed 340K, 10% free 10044K/11079K, paused 2ms+2ms
07-18 13:58:02.336   766   768 D dalvikvm: GC_CONCURRENT freed 598K, 12% free 9856K/11079K, paused 2ms+2ms
07-18 13:58:02.425   766   768 D dalvikvm: GC_CONCURRENT freed 218K, 9% free 10101K/11079K, paused 2ms+2ms
07-18 13:58:02.625   766   768 D dalvikvm: GC_CONCURRENT freed 523K, 11% free 9969K/11079K, paused 2ms+5ms
07-18 13:58:02.836   766   768 D dalvikvm: GC_CONCURRENT freed 358K, 10% free 10003K/11079K, paused 1ms+2ms
07-18 13:58:03.089   766   768 D dalvikvm: GC_CONCURRENT freed 367K, 10% free 10027K/11079K, paused 2ms+2ms
07-18 13:58:03.339   766   768 D dalvikvm: GC_CONCURRENT freed 347K, 9% free 10131K/11079K, paused 2ms+2ms
07-18 13:58:03.500   766   768 D dalvikvm: GC_CONCURRENT freed 632K, 10% free 9980K/11079K, paused 2ms+2ms
07-18 13:58:03.625   766   768 D dalvikvm: GC_CONCURRENT freed 425K, 11% free 9946K/11079K, paused 2ms+2ms
07-18 13:58:03.839   766   768 D dalvikvm: GC_CONCURRENT freed 384K, 10% free 9978K/11079K, paused 2ms+2ms
07-18 13:58:04.078   766   768 D dalvikvm: GC_CONCURRENT freed 387K, 10% free 9981K/11079K, paused 2ms+2ms
07-18 13:58:04.230   766   768 D dalvikvm: GC_CONCURRENT freed 510K, 11% free 9863K/11079K, paused 1ms+2ms
07-18 13:58:04.394   766   768 D dalvikvm: GC_CONCURRENT freed 405K, 12% free 9848K/11079K, paused 1ms+2ms
07-18 13:58:04.574   766   768 D dalvikvm: GC_CONCURRENT freed 365K, 11% free 9878K/11079K, paused 2ms+2ms
07-18 13:58:04.754   766   768 D dalvikvm: GC_CONCURRENT freed 399K, 11% free 9864K/11079K, paused 2ms+2ms
07-18 13:58:04.910   766   768 D dalvikvm: GC_CONCURRENT freed 401K, 12% free 9855K/11079K, paused 2ms+2ms
07-18 13:58:05.097   766   768 D dalvikvm: GC_CONCURRENT freed 395K, 12% free 9851K/11079K, paused 2ms+2ms
07-18 13:58:05.250   766   768 D dalvikvm: GC_CONCURRENT freed 401K, 12% free 9855K/11079K, paused 1ms+4ms
07-18 13:58:05.410   766   768 D dalvikvm: GC_CONCURRENT freed 404K, 12% free 9853K/11079K, paused 2ms+2ms
07-18 13:58:05.574   766   768 D dalvikvm: GC_CONCURRENT freed 407K, 12% free 9850K/11079K, paused 2ms+2ms
07-18 13:58:05.734   766   768 D dalvikvm: GC_CONCURRENT freed 370K, 11% free 9878K/11079K, paused 2ms+4ms
07-18 13:58:05.902   766   768 D dalvikvm: GC_CONCURRENT freed 435K, 12% free 9846K/11079K, paused 2ms+2ms
07-18 13:58:06.070   766   768 D dalvikvm: GC_CONCURRENT freed 379K, 11% free 9862K/11079K, paused 2ms+2ms
07-18 13:58:07.086   766   768 D dalvikvm: GC_CONCURRENT freed 416K, 12% free 9836K/11079K, paused 2ms+2ms
07-18 13:58:07.398   766   768 D dalvikvm: GC_CONCURRENT freed 402K, 12% free 9822K/11079K, paused 2ms+2ms
07-18 13:58:07.949   766   768 D dalvikvm: GC_CONCURRENT freed 229K, 10% free 10014K/11079K, paused 2ms+2ms
07-18 13:58:08.140   766   768 D dalvikvm: GC_CONCURRENT freed 327K, 10% free 10080K/11079K, paused 2ms+2ms
07-18 13:58:08.390   766   768 D dalvikvm: GC_CONCURRENT freed 393K, 10% free 10079K/11079K, paused 2ms+1ms
07-18 13:58:08.586   766   768 D dalvikvm: GC_CONCURRENT freed 393K, 10% free 10079K/11079K, paused 1ms+2ms
07-18 13:58:08.914   766  1890 W Gmail   : Successful index run, cancel next scheduled index run
07-18 13:58:11.054   211   213 D dalvikvm: GC_CONCURRENT freed 272K, 9% free 10342K/11271K, paused 3ms+2ms
07-18 13:58:11.086   211   211 D dalvikvm: GC_FOR_ALLOC freed 334K, 10% free 10160K/11271K, paused 18ms
07-18 13:58:11.179   211   213 D dalvikvm: GC_CONCURRENT freed 437K, 10% free 10186K/11271K, paused 2ms+2ms
07-18 13:58:32.816   917  1041 D SCollector: Waiting for the ScannerThread to start.
07-18 13:58:32.820   917  1907 D SCollector: PreScan started with config: Scanner types: [8]; ScanDuration: 10000, SensorDelay: 0, viewOptedOutWifiAps: false
07-18 13:58:32.824   917  1907 D SCollector: aq started.
07-18 13:58:32.824   917  1907 D SCollector: F started.
07-18 13:58:32.824   917  1907 D SCollector: PreScanner started.
07-18 13:58:42.648   917   919 D dalvikvm: GC_CONCURRENT freed 243K, 7% free 10499K/11207K, paused 17ms+2ms
07-18 13:58:42.879   917   917 D SCollector: aq stopped.
07-18 13:58:42.879   917   917 D SCollector: All scanner finished.
07-18 13:58:42.879   917   917 D SCollector: F stopped.
07-18 13:58:42.879   141   338 W ActivityManager: finishReceiver called but no pending broadcasts
07-18 13:58:42.910   917  1907 D SCollector: PreScanning finished.
07-18 13:58:43.007   917   919 D dalvikvm: GC_CONCURRENT freed 334K, 6% free 10603K/11207K, paused 1ms+2ms
07-18 13:58:43.050   917  1907 D SCollector: PreScanDecision returns false. Will not do real collection.
07-18 13:58:43.050   917  1907 D SCollector: SignalCollector.ScannerThread is quiting.
07-18 13:59:12.226   766  1909 I Gmail   : MainSyncRequestProto: lowestBkwdConvoId: 0, highestHandledServerOp: 4157569, normalSync: true
07-18 13:59:12.500   766   768 D dalvikvm: GC_CONCURRENT freed 639K, 12% free 9843K/11079K, paused 2ms+3ms
07-18 13:59:13.191   766  1909 D dalvikvm: GC_EXPLICIT freed 404K, 12% free 9825K/11079K, paused 2ms+3ms
07-18 13:59:13.199   766  1909 I Gmail   : MainSyncRequestProto: lowestBkwdConvoId: 0, highestHandledServerOp: 4157612, normalSync: true
07-18 13:59:13.527   766   768 D dalvikvm: GC_CONCURRENT freed 169K, 10% free 10057K/11079K, paused 2ms+3ms
07-18 13:59:13.882   766  1909 D dalvikvm: GC_EXPLICIT freed 386K, 12% free 9818K/11079K, paused 2ms+3ms
07-18 13:59:13.894   766  1909 I Gmail   : MainSyncRequestProto: lowestBkwdConvoId: 0, highestHandledServerOp: 4157612, normalSync: true
07-18 13:59:13.902   766  1909 W Gmail   : Scheduling index for 300000 ms from now
07-18 13:59:13.929   766  1909 I Gmail   : Sending notification intent: Intent { act=android.intent.action.PROVIDER_CHANGED dat=content://gmail-ls/unread/^i (has extras) }
07-18 13:59:13.968   766  1910 W Gmail   : Showing notification with unreadCount of 119 and unseenCount of 119
07-18 13:59:14.086   295   298 D dalvikvm: GC_CONCURRENT freed 305K, 6% free 9543K/10119K, paused 2ms+4ms
07-18 13:59:14.328   295  1912 I DownloadManager: Initiating request for download 519
07-18 13:59:14.715   295   298 D dalvikvm: GC_CONCURRENT freed 613K, 8% free 9374K/10119K, paused 3ms+5ms
07-18 13:59:15.484   766  1915 E Gmail   : No attachments found with downloadId 519
07-18 14:03:53.168   766  1917 I Gmail   : MainSyncRequestProto: lowestBkwdConvoId: 0, highestHandledServerOp: 4157612, normalSync: true
07-18 14:03:53.527   766   768 D dalvikvm: GC_CONCURRENT freed 362K, 11% free 9873K/11079K, paused 1ms+6ms
07-18 14:03:54.257   766   768 D dalvikvm: GC_CONCURRENT freed 448K, 12% free 9829K/11079K, paused 2ms+2ms
07-18 14:03:54.523   766  1917 D dalvikvm: GC_EXPLICIT freed 353K, 12% free 9804K/11079K, paused 2ms+2ms
07-18 14:03:54.535   766  1917 I Gmail   : MainSyncRequestProto: lowestBkwdConvoId: 0, highestHandledServerOp: 4157701, normalSync: true
07-18 14:03:54.543   766  1917 W Gmail   : Scheduling index for 300000 ms from now
07-18 14:03:54.570   766  1917 I Gmail   : Sending notification intent: Intent { act=android.intent.action.PROVIDER_CHANGED dat=content://gmail-ls/unread/^i (has extras) }
07-18 14:03:54.605   766  1917 I Gmail   : Sending notification intent: Intent { act=android.intent.action.PROVIDER_CHANGED dat=content://gmail-ls/unread/^iim (has extras) }
07-18 14:03:54.605   766  1918 W Gmail   : Showing notification with unreadCount of 118 and unseenCount of 118
07-18 14:03:54.918   295   298 D dalvikvm: GC_CONCURRENT freed 357K, 8% free 9404K/10119K, paused 2ms+3ms
07-18 14:03:55.148   295  1921 I DownloadManager: Initiating request for download 520
07-18 14:03:56.156   295   298 D dalvikvm: GC_CONCURRENT freed 357K, 7% free 9433K/10119K, paused 3ms+7ms
07-18 14:03:56.211   766  1924 E Gmail   : No attachments found with downloadId 520
07-18 14:04:23.172   211   213 D dalvikvm: GC_CONCURRENT freed 382K, 10% free 10236K/11271K, paused 2ms+7ms
07-18 14:04:23.254   141   143 D dalvikvm: GC_CONCURRENT freed 1065K, 10% free 13619K/15047K, paused 3ms+15ms
07-18 14:05:22.195   766  1926 I Gmail   : MainSyncRequestProto: lowestBkwdConvoId: 0, highestHandledServerOp: 4157701, normalSync: true
07-18 14:05:22.711   766  1926 D dalvikvm: GC_EXPLICIT freed 337K, 12% free 9847K/11079K, paused 4ms+3ms
07-18 14:05:22.722   766  1926 I Gmail   : MainSyncRequestProto: lowestBkwdConvoId: 0, highestHandledServerOp: 4157714, normalSync: true
07-18 14:05:23.215   766  1926 D dalvikvm: GC_EXPLICIT freed 181K, 12% free 9823K/11079K, paused 4ms+2ms
07-18 14:05:23.226   766  1926 I Gmail   : MainSyncRequestProto: lowestBkwdConvoId: 0, highestHandledServerOp: 4157714, normalSync: true
07-18 14:05:23.273   274   276 D dalvikvm: GC_CONCURRENT freed 360K, 9% free 10523K/11527K, paused 2ms+4ms
07-18 14:05:23.277   766  1926 W Gmail   : Scheduling index for 300000 ms from now
07-18 14:05:23.425   141   157 D dalvikvm: GC_EXPLICIT freed 246K, 11% free 13518K/15047K, paused 3ms+5ms
07-18 14:05:23.605   295   298 D dalvikvm: GC_CONCURRENT freed 322K, 7% free 9507K/10119K, paused 1ms+3ms
07-18 14:05:23.672   295  1928 I DownloadManager: Initiating request for download 521
07-18 14:05:25.117   766  1931 E Gmail   : No attachments found with downloadId 521
07-18 14:05:25.168   295   298 D dalvikvm: GC_CONCURRENT freed 563K, 8% free 9340K/10119K, paused 1ms+3ms
07-18 14:05:47.152   766  1933 I Gmail   : MainSyncRequestProto: lowestBkwdConvoId: 0, highestHandledServerOp: 4157714, normalSync: true
07-18 14:05:47.871   766  1933 D dalvikvm: GC_EXPLICIT freed 242K, 12% free 9850K/11079K, paused 8ms+3ms
07-18 14:05:47.882   766  1933 I Gmail   : MainSyncRequestProto: lowestBkwdConvoId: 0, highestHandledServerOp: 4157719, normalSync: true
07-18 14:05:48.421   766  1933 D dalvikvm: GC_EXPLICIT freed 189K, 12% free 9829K/11079K, paused 8ms+3ms
07-18 14:05:48.433   766  1933 I Gmail   : MainSyncRequestProto: lowestBkwdConvoId: 0, highestHandledServerOp: 4157719, normalSync: true
07-18 14:05:48.445   766  1933 W Gmail   : Scheduling index for 300000 ms from now
07-18 14:05:48.640   295   295 D dalvikvm: GC_EXPLICIT freed 124K, 9% free 9305K/10119K, paused 5ms+5ms
07-18 14:05:48.765   295  1935 I DownloadManager: Initiating request for download 522
07-18 14:05:49.046   295   298 D dalvikvm: GC_CONCURRENT freed 246K, 7% free 9454K/10119K, paused 1ms+2ms
07-18 14:05:49.945   766  1938 E Gmail   : No attachments found with downloadId 522
07-18 14:06:06.222   766  1940 I Gmail   : MainSyncRequestProto: lowestBkwdConvoId: 0, highestHandledServerOp: 4157719, normalSync: true
07-18 14:06:06.730   766  1940 D dalvikvm: GC_EXPLICIT freed 240K, 12% free 9846K/11079K, paused 8ms+3ms
07-18 14:06:06.742   766  1940 I Gmail   : MainSyncRequestProto: lowestBkwdConvoId: 0, highestHandledServerOp: 4157724, normalSync: true
07-18 14:06:07.304   766  1940 D dalvikvm: GC_EXPLICIT freed 169K, 12% free 9834K/11079K, paused 4ms+3ms
07-18 14:06:07.316   766  1940 I Gmail   : MainSyncRequestProto: lowestBkwdConvoId: 0, highestHandledServerOp: 4157724, normalSync: true
07-18 14:06:07.324   766  1940 W Gmail   : Scheduling index for 300000 ms from now
07-18 14:06:07.597   295   298 D dalvikvm: GC_CONCURRENT freed 404K, 7% free 9447K/10119K, paused 2ms+3ms
07-18 14:06:07.707   295  1942 I DownloadManager: Initiating request for download 523
07-18 14:06:08.035   295   298 D dalvikvm: GC_CONCURRENT freed 345K, 6% free 9526K/10119K, paused 2ms+13ms
07-18 14:06:08.488   766  1945 E Gmail   : No attachments found with downloadId 523
07-18 14:06:08.511   295  1946 I DownloadManager: Initiating request for download 523
07-18 14:06:08.511   295  1946 W DownloadManager: Aborting request for download 523: Trying to resume a download that can't be resumed
07-18 14:06:08.714   295   298 D dalvikvm: GC_CONCURRENT freed 346K, 6% free 9575K/10119K, paused 1ms+3ms
07-18 14:06:35.281   766  1952 I Gmail   : MainSyncRequestProto: lowestBkwdConvoId: 0, highestHandledServerOp: 4157724, normalSync: true
07-18 14:06:36.664   766  1952 D dalvikvm: GC_EXPLICIT freed 256K, 12% free 9854K/11079K, paused 15ms+3ms
07-18 14:06:36.671   766  1952 I Gmail   : MainSyncRequestProto: lowestBkwdConvoId: 0, highestHandledServerOp: 4157732, normalSync: true
07-18 14:06:37.152   766  1952 D dalvikvm: GC_EXPLICIT freed 184K, 12% free 9839K/11079K, paused 4ms+3ms
07-18 14:06:37.164   766  1952 I Gmail   : MainSyncRequestProto: lowestBkwdConvoId: 0, highestHandledServerOp: 4157732, normalSync: true
07-18 14:06:37.175   766  1952 W Gmail   : Scheduling index for 300000 ms from now
07-18 14:06:37.273   239   262 D dalvikvm: GC_EXPLICIT freed 179K, 6% free 9482K/10055K, paused 2ms+3ms
07-18 14:06:37.504   295  1954 I DownloadManager: Initiating request for download 524
07-18 14:06:37.593   295   298 D dalvikvm: GC_CONCURRENT freed 340K, 5% free 9648K/10119K, paused 3ms+7ms
07-18 14:06:38.586   141   346 D dalvikvm: GC_EXPLICIT freed 515K, 10% free 13561K/15047K, paused 2ms+5ms
07-18 14:06:38.593   766  1957 E Gmail   : No attachments found with downloadId 524
07-18 14:06:38.609   295  1958 I DownloadManager: Initiating request for download 524
07-18 14:06:38.609   295  1958 W DownloadManager: Aborting request for download 524: Trying to resume a download that can't be resumed
07-18 14:06:38.757   295   298 D dalvikvm: GC_CONCURRENT freed 497K, 7% free 9557K/10183K, paused 2ms+4ms
07-18 14:07:05.207   766  1964 I Gmail   : MainSyncRequestProto: lowestBkwdConvoId: 0, highestHandledServerOp: 4157732, normalSync: true
07-18 14:07:06.480   766   768 D dalvikvm: GC_CONCURRENT freed 372K, 12% free 9852K/11079K, paused 1ms+4ms
07-18 14:07:06.535   766  1964 D dalvikvm: GC_EXPLICIT freed 61K, 12% free 9798K/11079K, paused 2ms+2ms
07-18 14:07:06.543   766  1964 I Gmail   : MainSyncRequestProto: lowestBkwdConvoId: 0, highestHandledServerOp: 4157744, normalSync: true
07-18 14:07:07.074   766  1964 D dalvikvm: GC_EXPLICIT freed 140K, 12% free 9823K/11079K, paused 2ms+3ms
07-18 14:07:07.086   766  1964 I Gmail   : MainSyncRequestProto: lowestBkwdConvoId: 0, highestHandledServerOp: 4157744, normalSync: true
07-18 14:07:07.121   766  1964 D dalvikvm: GC_EXPLICIT freed 38K, 12% free 9801K/11079K, paused 2ms+3ms
07-18 14:07:07.129   766  1964 W Gmail   : Scheduling index for 300000 ms from now
07-18 14:07:07.371   295   298 D dalvikvm: GC_CONCURRENT freed 484K, 8% free 9470K/10183K, paused 2ms+3ms
07-18 14:07:07.464   295  1966 I DownloadManager: Initiating request for download 525
07-18 14:07:07.796   295   298 D dalvikvm: GC_CONCURRENT freed 424K, 8% free 9458K/10183K, paused 2ms+3ms
07-18 14:07:09.472   766  1969 E Gmail   : No attachments found with downloadId 525
07-18 14:07:20.195   766  1971 I Gmail   : MainSyncRequestProto: lowestBkwdConvoId: 0, highestHandledServerOp: 4157744, normalSync: true
07-18 14:07:20.683   766   768 D dalvikvm: GC_CONCURRENT freed 356K, 12% free 9855K/11079K, paused 2ms+3ms
07-18 14:07:20.949   766  1971 D dalvikvm: GC_EXPLICIT freed 412K, 12% free 9811K/11079K, paused 2ms+3ms
07-18 14:07:20.961   766  1971 I Gmail   : MainSyncRequestProto: lowestBkwdConvoId: 0, highestHandledServerOp: 4157775, normalSync: true
07-18 14:07:20.972   766  1971 W Gmail   : Scheduling index for 300000 ms from now
07-18 14:07:20.996   766  1971 I Gmail   : Sending notification intent: Intent { act=android.intent.action.PROVIDER_CHANGED dat=content://gmail-ls/unread/^i (has extras) }
07-18 14:07:21.035   766  1972 W Gmail   : Showing notification with unreadCount of 117 and unseenCount of 117
07-18 14:07:21.062   766  1971 I Gmail   : Sending notification intent: Intent { act=android.intent.action.PROVIDER_CHANGED dat=content://gmail-ls/unread/^iim (has extras) }
07-18 14:07:21.410   295   298 D dalvikvm: GC_CONCURRENT freed 348K, 7% free 9495K/10183K, paused 2ms+5ms
07-18 14:07:21.496   295  1977 I DownloadManager: Initiating request for download 526
07-18 14:07:22.328   295   298 D dalvikvm: GC_CONCURRENT freed 358K, 7% free 9525K/10183K, paused 13ms+3ms
07-18 14:07:22.422   766  1982 E Gmail   : No attachments found with downloadId 526
07-18 14:07:36.894   766  1984 I Gmail   : MainSyncRequestProto: lowestBkwdConvoId: 0, highestHandledServerOp: 4157775, normalSync: true
07-18 14:07:37.191   766   768 D dalvikvm: GC_CONCURRENT freed 336K, 11% free 9868K/11079K, paused 2ms+3ms
07-18 14:07:37.566   766   768 D dalvikvm: GC_CONCURRENT freed 459K, 12% free 9819K/11079K, paused 2ms+2ms
07-18 14:07:37.644   766  1984 D dalvikvm: GC_EXPLICIT freed 107K, 12% free 9809K/11079K, paused 2ms+3ms
07-18 14:07:37.656   766  1984 I Gmail   : MainSyncRequestProto: lowestBkwdConvoId: 0, highestHandledServerOp: 4157800, normalSync: true
07-18 14:07:37.668   766  1984 W Gmail   : Scheduling index for 300000 ms from now
07-18 14:07:37.691   766  1984 I Gmail   : Sending notification intent: Intent { act=android.intent.action.PROVIDER_CHANGED dat=content://gmail-ls/unread/^i (has extras) }
07-18 14:07:37.726   766  1984 I Gmail   : Sending notification intent: Intent { act=android.intent.action.PROVIDER_CHANGED dat=content://gmail-ls/unread/^iim (has extras) }
07-18 14:07:37.726   766  1985 W Gmail   : Showing notification with unreadCount of 116 and unseenCount of 116
07-18 14:07:38.070   295   298 D dalvikvm: GC_CONCURRENT freed 338K, 6% free 9583K/10183K, paused 1ms+3ms
07-18 14:07:38.140   295  1988 I DownloadManager: Initiating request for download 527
07-18 14:07:39.293   766  1991 E Gmail   : No attachments found with downloadId 527
07-18 14:07:39.320   295   298 D dalvikvm: GC_CONCURRENT freed 421K, 7% free 9562K/10183K, paused 4ms+8ms
07-18 14:07:39.347   295  1992 I DownloadManager: Initiating request for download 527
07-18 14:07:39.347   295  1992 W DownloadManager: Aborting request for download 527: Trying to resume a download that can't be resumed
07-18 14:07:39.523   141   491 D dalvikvm: GC_EXPLICIT freed 616K, 10% free 13564K/15047K, paused 3ms+5ms
07-18 14:07:39.738   295   298 D dalvikvm: GC_CONCURRENT freed 298K, 6% free 9653K/10183K, paused 3ms+8ms
07-18 14:07:49.211   211   213 D dalvikvm: GC_CONCURRENT freed 409K, 10% free 10233K/11271K, paused 2ms+4ms
07-18 14:07:50.183   459   459 I PhoneLab-Locks: wake lock acquired
07-18 14:07:50.218   459   459 I PhoneLab-StatusMonitor: Status Monitoring is started
07-18 14:07:50.257   459   462 D dalvikvm: GC_CONCURRENT freed 524K, 19% free 9235K/11335K, paused 2ms+2ms
07-18 14:07:50.281   459   459 I PhoneLab-StatusMonitor: Value: 10 - unit: min
07-18 14:07:50.281   459   459 I PhoneLab-StatusMonitor: Running interval: 600000
07-18 14:07:50.289   459   459 I PhoneLab-StatusMonitor: Rescheduling status monitoring...
07-18 14:07:50.289   459   459 I PhoneLab-Locks: wake lock released
07-18 14:07:50.293   459   459 I PhoneLab-StatusMonitorLocation: Learning Location
07-18 14:07:50.293   459   459 I PhoneLab-Locks: wake lock acquired
07-18 14:07:50.297   459   459 I PhoneLab-Locks: wake lock acquired
07-18 14:07:50.297   274   556 D androidNetworkLocationListeners: Still have listener com.google.android.location.internal.client.NetworkLocationClient$1@4139a548
07-18 14:07:50.300   459   459 I PhoneLab-StatusMonitorLocation: Learning Signal Strgth
07-18 14:07:50.300   459   459 I PhoneLab-Locks: wake lock acquired
07-18 14:07:50.308   274   556 D androidNetworkLocationListeners: Still have listener com.google.android.location.internal.client.NetworkLocationClient$1@4139a548
07-18 14:07:50.312   459   459 I PhoneLab-StatusMonitorBattery: Battery_level: 71
07-18 14:07:50.312   459   459 I PhoneLab-Locks: wake lock released
07-18 14:07:50.312   459   459 I PhoneLab-StatusMonitorSignal: Signal_Strength: -86 asu: 14
07-18 14:07:50.312   459   459 I PhoneLab-Locks: wake lock released
07-18 14:07:51.625   459   459 I PhoneLab-StatusMonitorLocation: Location_Latitude: 42.9949802 Longitude: -78.6862432 Accuracy: 25.0
07-18 14:07:51.625   274   556 D androidNetworkLocationListeners: Still have listener com.google.android.location.internal.client.NetworkLocationClient$1@4139a548
07-18 14:07:51.629   459   459 I PhoneLab-Locks: wake lock released
07-18 14:07:51.652   274   276 D dalvikvm: GC_CONCURRENT freed 430K, 9% free 10550K/11527K, paused 2ms+4ms
07-18 14:08:49.164   766  2001 I Gmail   : MainSyncRequestProto: lowestBkwdConvoId: 0, highestHandledServerOp: 4157800, normalSync: true
07-18 14:08:49.543   766   768 D dalvikvm: GC_CONCURRENT freed 389K, 12% free 9816K/11079K, paused 1ms+4ms
07-18 14:08:49.632   766  2001 D dalvikvm: GC_EXPLICIT freed 143K, 12% free 9799K/11079K, paused 2ms+2ms
07-18 14:08:49.640   766  2001 I Gmail   : MainSyncRequestProto: lowestBkwdConvoId: 0, highestHandledServerOp: 4157842, normalSync: true
07-18 14:08:50.183   766  2001 D dalvikvm: GC_EXPLICIT freed 163K, 12% free 9823K/11079K, paused 4ms+3ms
07-18 14:08:50.195   766  2001 I Gmail   : MainSyncRequestProto: lowestBkwdConvoId: 0, highestHandledServerOp: 4157842, normalSync: true
07-18 14:08:50.207   766  2001 W Gmail   : Scheduling index for 300000 ms from now
07-18 14:08:50.230   766  2001 I Gmail   : Sending notification intent: Intent { act=android.intent.action.PROVIDER_CHANGED dat=content://gmail-ls/unread/^i (has extras) }
07-18 14:08:50.261   766  2002 W Gmail   : Showing notification with unreadCount of 117 and unseenCount of 117
07-18 14:08:50.593   295  2004 I DownloadManager: Initiating request for download 528
07-18 14:08:50.863   295   298 D dalvikvm: GC_CONCURRENT freed 597K, 8% free 9469K/10183K, paused 7ms+3ms
07-18 14:08:51.695   766  2007 E Gmail   : No attachments found with downloadId 528
07-18 14:08:51.714   295  2008 I DownloadManager: Initiating request for download 528
07-18 14:08:51.714   295  2008 W DownloadManager: Aborting request for download 528: Trying to resume a download that can't be resumed
07-18 14:08:51.867   295   298 D dalvikvm: GC_CONCURRENT freed 491K, 8% free 9373K/10183K, paused 1ms+3ms
07-18 14:10:25.183   766  2014 I Gmail   : MainSyncRequestProto: lowestBkwdConvoId: 0, highestHandledServerOp: 4157842, normalSync: true
07-18 14:10:25.566   766   768 D dalvikvm: GC_CONCURRENT freed 400K, 12% free 9829K/11079K, paused 2ms+4ms
07-18 14:10:25.644   766  2014 D dalvikvm: GC_EXPLICIT freed 124K, 12% free 9805K/11079K, paused 2ms+2ms
07-18 14:10:25.656   766  2014 I Gmail   : MainSyncRequestProto: lowestBkwdConvoId: 0, highestHandledServerOp: 4157867, normalSync: true
07-18 14:10:26.148   766   768 D dalvikvm: GC_CONCURRENT freed 404K, 12% free 9811K/11079K, paused 1ms+3ms
07-18 14:10:26.328   766  2014 D dalvikvm: GC_EXPLICIT freed 49K, 12% free 9817K/11079K, paused 8ms+3ms
07-18 14:10:26.340   766  2014 I Gmail   : MainSyncRequestProto: lowestBkwdConvoId: 0, highestHandledServerOp: 4157867, normalSync: true
07-18 14:10:26.351   766  2014 W Gmail   : Scheduling index for 300000 ms from now
07-18 14:10:26.375   766  2014 I Gmail   : Sending notification intent: Intent { act=android.intent.action.PROVIDER_CHANGED dat=content://gmail-ls/unread/^i (has extras) }
07-18 14:10:26.410   766  2015 W Gmail   : Showing notification with unreadCount of 118 and unseenCount of 118
07-18 14:10:26.695   295   298 D dalvikvm: GC_CONCURRENT freed 284K, 7% free 9484K/10183K, paused 5ms+4ms
07-18 14:10:26.859   295  2017 D dalvikvm: GC_EXPLICIT freed 263K, 8% free 9427K/10183K, paused 3ms+6ms
07-18 14:10:26.863   295  2017 I DownloadManager: Initiating request for download 529
07-18 14:10:27.972   766  2020 E Gmail   : No attachments found with downloadId 529
07-18 14:10:27.988   295  2021 I DownloadManager: Initiating request for download 529
07-18 14:10:27.988   295  2021 W DownloadManager: Aborting request for download 529: Trying to resume a download that can't be resumed
07-18 14:10:28.965   295   298 D dalvikvm: GC_CONCURRENT freed 392K, 8% free 9426K/10183K, paused 4ms+2ms
07-18 14:10:55.355   211   213 D dalvikvm: GC_CONCURRENT freed 392K, 10% free 10232K/11271K, paused 2ms+3ms
07-18 14:11:39.250   766  2027 I Gmail   : MainSyncRequestProto: lowestBkwdConvoId: 0, highestHandledServerOp: 4157867, normalSync: true
07-18 14:11:39.754   766  2027 D dalvikvm: GC_EXPLICIT freed 341K, 12% free 9848K/11079K, paused 2ms+3ms
07-18 14:11:39.761   766  2027 I Gmail   : MainSyncRequestProto: lowestBkwdConvoId: 0, highestHandledServerOp: 4157874, normalSync: true
07-18 14:11:40.453   766  2027 D dalvikvm: GC_EXPLICIT freed 388K, 12% free 9842K/11079K, paused 8ms+2ms
07-18 14:11:40.464   766  2027 I Gmail   : MainSyncRequestProto: lowestBkwdConvoId: 0, highestHandledServerOp: 4157874, normalSync: true
07-18 14:11:40.472   766  2027 W Gmail   : Scheduling index for 300000 ms from now
07-18 14:11:40.597   141   346 D dalvikvm: GC_EXPLICIT freed 762K, 10% free 13603K/15047K, paused 2ms+6ms
07-18 14:11:40.800   295   298 D dalvikvm: GC_CONCURRENT freed 275K, 7% free 9537K/10183K, paused 2ms+4ms
07-18 14:11:40.914   295  2029 I DownloadManager: Initiating request for download 530
07-18 14:11:41.230   295   298 D dalvikvm: GC_CONCURRENT freed 562K, 8% free 9381K/10183K, paused 2ms+5ms
07-18 14:11:41.707   766  2032 E Gmail   : No attachments found with downloadId 530
07-18 14:11:41.726   295  2033 I DownloadManager: Initiating request for download 530
07-18 14:11:41.726   295  2033 W DownloadManager: Aborting request for download 530: Trying to resume a download that can't be resumed
07-18 14:11:41.906   295   298 D dalvikvm: GC_CONCURRENT freed 359K, 8% free 9414K/10183K, paused 2ms+3ms
07-18 14:13:39.148   766  2039 I Gmail   : MainSyncRequestProto: lowestBkwdConvoId: 0, highestHandledServerOp: 4157874, normalSync: true
07-18 14:13:39.808   766  2039 D dalvikvm: GC_EXPLICIT freed 261K, 12% free 9857K/11079K, paused 4ms+4ms
07-18 14:13:39.820   766  2039 I Gmail   : MainSyncRequestProto: lowestBkwdConvoId: 0, highestHandledServerOp: 4157879, normalSync: true
07-18 14:13:40.433   766  2039 D dalvikvm: GC_EXPLICIT freed 358K, 12% free 9829K/11079K, paused 2ms+3ms
07-18 14:13:40.441   766  2039 I Gmail   : MainSyncRequestProto: lowestBkwdConvoId: 0, highestHandledServerOp: 4157879, normalSync: true
07-18 14:13:40.453   766  2039 W Gmail   : Scheduling index for 300000 ms from now
07-18 14:13:40.699   295   298 D dalvikvm: GC_CONCURRENT freed 298K, 7% free 9505K/10183K, paused 2ms+4ms
07-18 14:13:40.781   295  2041 I DownloadManager: Initiating request for download 531
07-18 14:13:41.863   295   298 D dalvikvm: GC_CONCURRENT freed 465K, 8% free 9438K/10183K, paused 3ms+5ms
07-18 14:13:42.152   766  2044 E Gmail   : No attachments found with downloadId 531
07-18 14:14:10.148   766  2046 I Gmail   : MainSyncRequestProto: lowestBkwdConvoId: 0, highestHandledServerOp: 4157879, normalSync: true
07-18 14:14:10.379   459  1052 I PhoneLab-: Service Running
07-18 14:14:10.488   459   462 D dalvikvm: GC_CONCURRENT freed 418K, 19% free 9207K/11335K, paused 2ms+6ms
07-18 14:14:10.492   459  1052 I PhoneLab-LoggerService: app_38    1055  459   1428   1060  c00f181c 400107b4 S logcat
07-18 14:14:10.492   459  1052 I PhoneLab-LoggerService: Logcat pid from database 1055
07-18 14:14:10.492   459  1052 I PhoneLab-LoggerService: Logcat process found 1055
07-18 14:14:10.492   459  1052 I PhoneLab-LoggerService: Checking Threshold
07-18 14:14:10.492   459  1052 I PhoneLab-: Service Running
07-18 14:14:10.527   459  1052 I PhoneLab-LoggerService: app_38    1055  459   1428   1060  c00f181c 400107b4 S logcat
07-18 14:14:10.527   459  1052 I PhoneLab-LoggerService: Logcat pid from database 1055
07-18 14:14:10.527   459  1052 I PhoneLab-LoggerService: Logcat process found 1055
07-18 14:14:10.531   459  1052 I PhoneLab-LoggerService: Checking Threshold
07-18 14:14:10.531   459  1052 I PhoneLab-: Service Running
07-18 14:14:10.554   459  1052 I PhoneLab-LoggerService: app_38    1055  459   1428   1060  c00f181c 400107b4 S logcat
07-18 14:14:10.554   459  1052 I PhoneLab-LoggerService: Logcat pid from database 1055
07-18 14:14:10.558   459  1052 I PhoneLab-LoggerService: Logcat process found 1055
07-18 14:14:10.558   459  1052 I PhoneLab-LoggerService: Checking Threshold
07-18 14:14:10.558   459  1052 I PhoneLab-: Service Running
07-18 14:14:10.590   459  1052 I PhoneLab-LoggerService: app_38    1055  459   1428   1060  c00f181c 400107b4 S logcat
07-18 14:14:10.590   459  1052 I PhoneLab-LoggerService: Logcat pid from database 1055
07-18 14:14:10.590   459  1052 I PhoneLab-LoggerService: Logcat process found 1055
07-18 14:14:10.590   459  1052 I PhoneLab-LoggerService: Checking Threshold
07-18 14:14:10.590   459  1052 I PhoneLab-: Service Running
07-18 14:14:10.617   459  1052 I PhoneLab-LoggerService: app_38    1055  459   1428   1060  c00f181c 400107b4 S logcat
07-18 14:14:10.617   459  1052 I PhoneLab-LoggerService: Logcat pid from database 1055
07-18 14:14:10.617   459  1052 I PhoneLab-LoggerService: Logcat process found 1055
07-18 14:14:10.617   459  1052 I PhoneLab-LoggerService: Checking Threshold
07-18 14:14:10.617   459  1052 I PhoneLab-: Service Running
07-18 14:14:10.648   459  1052 I PhoneLab-LoggerService: app_38    1055  459   1428   1060  c00f181c 400107b4 S logcat
07-18 14:14:10.648   459  1052 I PhoneLab-LoggerService: Logcat pid from database 1055
07-18 14:14:10.648   459  1052 I PhoneLab-LoggerService: Logcat process found 1055
07-18 14:14:10.648   459  1052 I PhoneLab-LoggerService: Checking Threshold
07-18 14:14:10.648   459  1052 I PhoneLab-: Service Running
07-18 14:14:10.679   459  1052 I PhoneLab-LoggerService: app_38    1055  459   1428   1060  c00f181c 400107b4 S logcat
07-18 14:14:10.679   459  1052 I PhoneLab-LoggerService: Logcat pid from database 1055
07-18 14:14:10.679   459  1052 I PhoneLab-LoggerService: Logcat process found 1055
07-18 14:14:10.679   459  1052 I PhoneLab-LoggerService: Checking Threshold
07-18 14:14:10.679   459  1052 I PhoneLab-: Service Running
07-18 14:14:10.711   459  1052 I PhoneLab-LoggerService: app_38    1055  459   1428   1060  c00f181c 400107b4 S logcat
07-18 14:14:10.711   459  1052 I PhoneLab-LoggerService: Logcat pid from database 1055
07-18 14:14:10.711   459  1052 I PhoneLab-LoggerService: Logcat process found 1055
07-18 14:14:10.711   459  1052 I PhoneLab-LoggerService: Checking Threshold
07-18 14:14:10.949   766  2046 D dalvikvm: GC_EXPLICIT freed 370K, 12% free 9841K/11079K, paused 2ms+3ms
07-18 14:14:10.961   766  2046 I Gmail   : MainSyncRequestProto: lowestBkwdConvoId: 0, highestHandledServerOp: 4157898, normalSync: true
07-18 14:14:11.754   766   768 D dalvikvm: GC_CONCURRENT freed 386K, 12% free 9838K/11079K, paused 1ms+2ms
07-18 14:14:11.781   766  2046 D dalvikvm: GC_EXPLICIT freed 34K, 12% free 9804K/11079K, paused 2ms+2ms
07-18 14:14:11.797   766  2046 I Gmail   : MainSyncRequestProto: lowestBkwdConvoId: 0, highestHandledServerOp: 4157898, normalSync: true
07-18 14:14:11.808   766  2046 W Gmail   : Scheduling index for 300000 ms from now
07-18 14:14:12.086   295   298 D dalvikvm: GC_CONCURRENT freed 297K, 7% free 9531K/10183K, paused 2ms+3ms
07-18 14:14:12.152   295  2056 I DownloadManager: Initiating request for download 532
07-18 14:14:12.929   295   298 D dalvikvm: GC_CONCURRENT freed 386K, 7% free 9535K/10183K, paused 2ms+2ms
07-18 14:14:12.992   766  2060 E Gmail   : No attachments found with downloadId 532
07-18 14:14:32.043   917  1041 D SCollector: Waiting for the ScannerThread to start.
07-18 14:14:32.046   917  2061 D SCollector: PreScan started with config: Scanner types: [8]; ScanDuration: 10000, SensorDelay: 0, viewOptedOutWifiAps: false
07-18 14:14:32.050   917  2061 D SCollector: aq started.
07-18 14:14:32.050   917  2061 D SCollector: F started.
07-18 14:14:32.050   917  2061 D SCollector: PreScanner started.
07-18 14:14:40.101   917   919 D dalvikvm: GC_CONCURRENT freed 513K, 7% free 10491K/11207K, paused 17ms+2ms
07-18 14:14:42.097   917   917 D SCollector: aq stopped.
07-18 14:14:42.097   917   917 D SCollector: All scanner finished.
07-18 14:14:42.101   917   917 D SCollector: F stopped.
07-18 14:14:42.101   141   464 W ActivityManager: finishReceiver called but no pending broadcasts
07-18 14:14:42.128   917  2061 D SCollector: PreScanning finished.
07-18 14:14:42.222   917   919 D dalvikvm: GC_CONCURRENT freed 349K, 6% free 10606K/11207K, paused 2ms+3ms
07-18 14:14:42.269   917  2061 D SCollector: PreScanDecision returns false. Will not do real collection.
07-18 14:14:42.269   917  2061 D SCollector: SignalCollector.ScannerThread is quiting.
07-18 14:15:53.246   274   276 D dalvikvm: GC_CONCURRENT freed 402K, 9% free 10533K/11527K, paused 8ms+3ms
07-18 14:15:53.339   766  2063 I Gmail   : MainSyncRequestProto: lowestBkwdConvoId: 0, highestHandledServerOp: 4157898, normalSync: true
07-18 14:15:53.847   766   768 D dalvikvm: JIT code cache reset in 4 ms (1048576 bytes 1/0)
07-18 14:15:53.851   766   768 D dalvikvm: GC_CONCURRENT freed 327K, 11% free 9867K/11079K, paused 1ms+7ms
07-18 14:15:54.355   766   768 D dalvikvm: GC_CONCURRENT freed 439K, 12% free 9827K/11079K, paused 2ms+3ms
07-18 14:15:54.476   766  2063 D dalvikvm: GC_EXPLICIT freed 235K, 12% free 9809K/11079K, paused 2ms+2ms
07-18 14:15:54.484   766  2063 I Gmail   : MainSyncRequestProto: lowestBkwdConvoId: 0, highestHandledServerOp: 4157967, normalSync: true
07-18 14:15:54.519   766  2063 D dalvikvm: GC_EXPLICIT freed 16K, 12% free 9810K/11079K, paused 2ms+3ms
07-18 14:15:54.527   766  2063 W Gmail   : Scheduling index for 300000 ms from now
07-18 14:15:54.550   766  2063 I Gmail   : Sending notification intent: Intent { act=android.intent.action.PROVIDER_CHANGED dat=content://gmail-ls/unread/^i (has extras) }
07-18 14:15:54.586   766  2064 W Gmail   : Showing notification with unreadCount of 116 and unseenCount of 116
07-18 14:15:54.629   766  2063 I Gmail   : Sending notification intent: Intent { act=android.intent.action.PROVIDER_CHANGED dat=content://gmail-ls/unread/^iim (has extras) }
07-18 14:15:54.894   141   464 D dalvikvm: GC_EXPLICIT freed 851K, 10% free 13599K/15047K, paused 2ms+8ms
07-18 14:15:55.019   295   298 D dalvikvm: GC_CONCURRENT freed 311K, 6% free 9610K/10183K, paused 1ms+4ms
07-18 14:15:55.105   295  2067 I DownloadManager: Initiating request for download 533
07-18 14:15:55.855   766  2070 E Gmail   : No attachments found with downloadId 533
07-18 14:15:55.914   295   298 D dalvikvm: GC_CONCURRENT freed 693K, 9% free 9367K/10183K, paused 1ms+3ms
07-18 14:15:55.914   295  2071 I DownloadManager: Initiating request for download 533
07-18 14:15:55.925   295  2071 W DownloadManager: Aborting request for download 533: Trying to resume a download that can't be resumed
07-18 14:17:50.312   459   459 I PhoneLab-Locks: wake lock acquired
07-18 14:17:50.355   459   459 I PhoneLab-StatusMonitor: Status Monitoring is started
07-18 14:17:50.371   459   462 D dalvikvm: GC_CONCURRENT freed 500K, 19% free 9218K/11335K, paused 1ms+3ms
07-18 14:17:50.398   459   459 I PhoneLab-StatusMonitor: Value: 10 - unit: min
07-18 14:17:50.398   459   459 I PhoneLab-StatusMonitor: Running interval: 600000
07-18 14:17:50.422   459   459 I PhoneLab-StatusMonitor: Rescheduling status monitoring...
07-18 14:17:50.425   459   459 I PhoneLab-Locks: wake lock released
07-18 14:18:55.031   459   459 I PhoneLab-StatusMonitorLocation: Learning Location
07-18 14:18:55.035   459   459 I PhoneLab-Locks: wake lock acquired
07-18 14:18:55.070   459   462 D dalvikvm: GC_CONCURRENT freed 415K, 19% free 9190K/11335K, paused 2ms+2ms
07-18 14:18:55.074   459   459 I PhoneLab-Locks: wake lock acquired
07-18 14:18:55.078   459   459 I PhoneLab-StatusMonitorLocation: Learning Signal Strgth
07-18 14:18:55.078   459   459 I PhoneLab-Locks: wake lock acquired
07-18 14:18:55.086   274   556 D androidNetworkLocationListeners: Still have listener com.google.android.location.internal.client.NetworkLocationClient$1@4139a548
07-18 14:18:55.086   459   459 I PhoneLab-StatusMonitorBattery: Battery_level: 71
07-18 14:18:55.086   459   459 I PhoneLab-Locks: wake lock released
07-18 14:18:55.097   459   459 I PhoneLab-StatusMonitorSignal: Signal_Strength: -86 asu: 14
07-18 14:18:55.097   459   459 I PhoneLab-Locks: wake lock released
07-18 14:18:55.109   274   556 D androidNetworkLocationListeners: Still have listener com.google.android.location.internal.client.NetworkLocationClient$1@4139a548
07-18 14:18:55.218   766  2081 I Gmail   : MainSyncRequestProto: lowestBkwdConvoId: 0, highestHandledServerOp: 4157967, normalSync: true
07-18 14:18:55.933   766   768 D dalvikvm: GC_CONCURRENT freed 389K, 12% free 9826K/11079K, paused 2ms+4ms
07-18 14:18:56.066   766  2081 D dalvikvm: GC_EXPLICIT freed 266K, 12% free 9797K/11079K, paused 2ms+3ms
07-18 14:18:56.074   766  2081 I Gmail   : MainSyncRequestProto: lowestBkwdConvoId: 0, highestHandledServerOp: 4158013, normalSync: true
07-18 14:18:56.394   274   282 I dalvikvm: Total arena pages for JIT: 11
07-18 14:18:56.394   274   282 I dalvikvm: Total arena pages for JIT: 12
07-18 14:18:56.398   274   282 I dalvikvm: Total arena pages for JIT: 13
07-18 14:18:56.398   274   282 I dalvikvm: Total arena pages for JIT: 14
07-18 14:18:56.398   274   282 I dalvikvm: Total arena pages for JIT: 15
07-18 14:18:56.398   274   282 I dalvikvm: Total arena pages for JIT: 16
07-18 14:18:56.398   274   282 I dalvikvm: Total arena pages for JIT: 17
07-18 14:18:56.410   459   459 I PhoneLab-StatusMonitorLocation: Location_Latitude: 42.9950292 Longitude: -78.6862298 Accuracy: 86.0
07-18 14:18:56.410   274   556 D androidNetworkLocationListeners: Still have listener com.google.android.location.internal.client.NetworkLocationClient$1@4139a548
07-18 14:18:56.410   459   459 I PhoneLab-Locks: wake lock released
07-18 14:18:57.007   766  2081 D dalvikvm: GC_EXPLICIT freed 166K, 12% free 9823K/11079K, paused 2ms+2ms
07-18 14:18:57.019   766  2081 I Gmail   : MainSyncRequestProto: lowestBkwdConvoId: 0, highestHandledServerOp: 4158017, normalSync: true
07-18 14:18:57.027   766  2081 W Gmail   : Scheduling index for 300000 ms from now
07-18 14:18:57.054   766  2081 I Gmail   : Sending notification intent: Intent { act=android.intent.action.PROVIDER_CHANGED dat=content://gmail-ls/unread/^i (has extras) }
07-18 14:18:57.090   766  2082 W Gmail   : Showing notification with unreadCount of 117 and unseenCount of 117
07-18 14:18:57.136   766  2081 I Gmail   : Sending notification intent: Intent { act=android.intent.action.PROVIDER_CHANGED dat=content://gmail-ls/unread/^iim (has extras) }
07-18 14:18:57.265   295   298 D dalvikvm: GC_CONCURRENT freed 301K, 8% free 9455K/10183K, paused 2ms+6ms
07-18 14:18:57.562   295  2085 I DownloadManager: Initiating request for download 534
07-18 14:18:57.679   274   276 D dalvikvm: GC_CONCURRENT freed 527K, 9% free 10518K/11527K, paused 2ms+3ms
07-18 14:18:57.746   295   298 D dalvikvm: GC_CONCURRENT freed 382K, 7% free 9483K/10183K, paused 1ms+7ms
07-18 14:18:58.711   766  2088 E Gmail   : No attachments found with downloadId 534
07-18 14:18:58.734   295  2089 I DownloadManager: Initiating request for download 534
07-18 14:18:58.734   295  2089 W DownloadManager: Aborting request for download 534: Trying to resume a download that can't be resumed
07-18 14:18:58.918   295   298 D dalvikvm: GC_CONCURRENT freed 413K, 8% free 9457K/10183K, paused 3ms+6ms
07-18 14:19:00.148   211   213 D dalvikvm: GC_CONCURRENT freed 437K, 10% free 10236K/11271K, paused 2ms+3ms
07-18 14:23:08.207   766  2095 I Gmail   : MainSyncRequestProto: lowestBkwdConvoId: 0, highestHandledServerOp: 4158017, normalSync: true
07-18 14:23:08.472   766   768 D dalvikvm: GC_CONCURRENT freed 328K, 11% free 9889K/11079K, paused 2ms+3ms
07-18 14:23:09.086   766   768 D dalvikvm: GC_CONCURRENT freed 488K, 12% free 9834K/11079K, paused 2ms+2ms
07-18 14:23:09.160   766  2095 D dalvikvm: GC_EXPLICIT freed 57K, 12% free 9802K/11079K, paused 2ms+3ms
07-18 14:23:09.172   766  2095 I Gmail   : MainSyncRequestProto: lowestBkwdConvoId: 0, highestHandledServerOp: 4158053, normalSync: true
07-18 14:23:09.511   766   768 D dalvikvm: GC_CONCURRENT freed 317K, 11% free 9900K/11079K, paused 1ms+2ms
07-18 14:23:09.765   766  2095 D dalvikvm: GC_EXPLICIT freed 324K, 12% free 9846K/11079K, paused 2ms+3ms
07-18 14:23:09.777   766  2095 I Gmail   : MainSyncRequestProto: lowestBkwdConvoId: 0, highestHandledServerOp: 4158053, normalSync: true
07-18 14:23:09.789   766  2095 W Gmail   : Scheduling index for 300000 ms from now
07-18 14:23:09.812   766  2095 I Gmail   : Sending notification intent: Intent { act=android.intent.action.PROVIDER_CHANGED dat=content://gmail-ls/unread/^i (has extras) }
07-18 14:23:09.847   766  2095 I Gmail   : Sending notification intent: Intent { act=android.intent.action.PROVIDER_CHANGED dat=content://gmail-ls/unread/^iim (has extras) }
07-18 14:23:09.847   766  2096 W Gmail   : Showing notification with unreadCount of 118 and unseenCount of 118
07-18 14:23:10.164   295   298 D dalvikvm: GC_CONCURRENT freed 286K, 7% free 9562K/10183K, paused 2ms+3ms
07-18 14:23:10.300   295  2099 I DownloadManager: Initiating request for download 535
07-18 14:23:10.625   295   298 D dalvikvm: GC_CONCURRENT freed 422K, 7% free 9553K/10183K, paused 2ms+3ms
07-18 14:23:11.379   766  2102 E Gmail   : No attachments found with downloadId 535
07-18 14:23:11.402   295  2103 I DownloadManager: Initiating request for download 535
07-18 14:23:11.402   295  2103 W DownloadManager: Aborting request for download 535: Trying to resume a download that can't be resumed
07-18 14:23:11.570   141   491 D dalvikvm: GC_EXPLICIT freed 828K, 10% free 13621K/15047K, paused 3ms+5ms
07-18 14:23:11.656   295   298 D dalvikvm: GC_CONCURRENT freed 353K, 6% free 9589K/10183K, paused 1ms+3ms
07-18 14:24:53.515   766  2109 I Gmail   : MainSyncRequestProto: lowestBkwdConvoId: 0, highestHandledServerOp: 4158053, normalSync: true
07-18 14:24:53.984   766  2109 D dalvikvm: GC_EXPLICIT freed 312K, 12% free 9852K/11079K, paused 2ms+3ms
07-18 14:24:53.996   766  2109 I Gmail   : MainSyncRequestProto: lowestBkwdConvoId: 0, highestHandledServerOp: 4158053, normalSync: true
07-18 14:24:54.004   766  2109 W Gmail   : Scheduling index for 300000 ms from now
07-18 14:24:54.093   295  1196 D dalvikvm: GC_EXPLICIT freed 423K, 9% free 9335K/10183K, paused 2ms+3ms
07-18 14:24:54.324   295  2111 I DownloadManager: Initiating request for download 536
07-18 14:24:54.562   295   298 D dalvikvm: GC_CONCURRENT freed 332K, 8% free 9408K/10183K, paused 12ms+3ms
07-18 14:24:55.172   766  2114 E Gmail   : No attachments found with downloadId 536
07-18 14:24:55.191   295  2115 I DownloadManager: Initiating request for download 536
07-18 14:24:55.191   295  2115 W DownloadManager: Aborting request for download 536: Trying to resume a download that can't be resumed
07-18 14:24:55.343   295   298 D dalvikvm: GC_CONCURRENT freed 422K, 8% free 9380K/10183K, paused 2ms+3ms
07-18 14:27:47.113   459   459 I PhoneLab-Locks: wake lock acquired
07-18 14:27:47.140   459  2120 I PhoneLab-PeriodicCheckService: User info is synched
07-18 14:27:47.148   459  2120 I PhoneLab-PeriodicCheckService: Logger Service is running
07-18 14:27:47.152   459  2120 I PhoneLab-Locks: wake lock acquired
07-18 14:27:47.160   459   459 I PhoneLab-UploadLogs: Transfering log files now
07-18 14:27:47.160   459   459 I PhoneLab-UploadLogs: No log files to transfer
07-18 14:27:47.160   459   459 I PhoneLab-Locks: wake lock released
07-18 14:27:47.168   459   459 I PhoneLab-UploadLogs: OnStartCommand
07-18 14:27:47.171   459  2120 I PhoneLab-PeriodicCheckService: Rescheduling periodic checking...
07-18 14:27:47.179   459  2120 I PhoneLab-Locks: wake lock released
07-18 14:27:50.441   459   459 I PhoneLab-Locks: wake lock acquired
07-18 14:27:50.472   459   459 I PhoneLab-StatusMonitor: Status Monitoring is started
07-18 14:27:50.523   459   462 D dalvikvm: GC_CONCURRENT freed 372K, 18% free 9318K/11335K, paused 2ms+2ms
07-18 14:27:50.523   459   459 I PhoneLab-StatusMonitor: Value: 10 - unit: min
07-18 14:27:50.523   459   459 I PhoneLab-StatusMonitor: Running interval: 600000
07-18 14:27:50.531   459   459 I PhoneLab-StatusMonitor: Rescheduling status monitoring...
07-18 14:27:50.531   459   459 I PhoneLab-Locks: wake lock released
07-18 14:27:50.707   459   459 I PhoneLab-StatusMonitorLocation: Learning Location
07-18 14:27:50.707   459   459 I PhoneLab-Locks: wake lock acquired
07-18 14:27:50.718   459   459 I PhoneLab-Locks: wake lock acquired
07-18 14:27:50.722   459   459 I PhoneLab-StatusMonitorLocation: Learning Signal Strgth
07-18 14:27:50.722   459   459 I PhoneLab-Locks: wake lock acquired
07-18 14:27:50.726   274   556 D androidNetworkLocationListeners: Still have listener com.google.android.location.internal.client.NetworkLocationClient$1@4139a548
07-18 14:27:50.738   274   556 D androidNetworkLocationListeners: Still have listener com.google.android.location.internal.client.NetworkLocationClient$1@4139a548
07-18 14:27:50.746   459   459 I PhoneLab-StatusMonitorBattery: Battery_level: 71
07-18 14:27:50.746   459   459 I PhoneLab-Locks: wake lock released
07-18 14:27:50.750   459   459 I PhoneLab-StatusMonitorSignal: Signal_Strength: -86 asu: 14
07-18 14:27:50.750   459   459 I PhoneLab-Locks: wake lock released
07-18 14:27:52.011   459   459 I PhoneLab-StatusMonitorLocation: Location_Latitude: 42.9949802 Longitude: -78.6862434 Accuracy: 25.0
07-18 14:27:52.011   274   556 D androidNetworkLocationListeners: Still have listener com.google.android.location.internal.client.NetworkLocationClient$1@4139a548
07-18 14:27:52.015   459   459 I PhoneLab-Locks: wake lock released
07-18 14:27:52.355   274  1612 I EventLogService: Aggregate from 1342634272252 (log), 1342634272252 (data)
07-18 14:27:52.898   274   276 D dalvikvm: GC_CONCURRENT freed 386K, 9% free 10515K/11527K, paused 16ms+3ms
07-18 14:27:52.957   766  2125 I Gmail   : MainSyncRequestProto: lowestBkwdConvoId: 0, highestHandledServerOp: 4158053, normalSync: true
07-18 14:27:53.578   766   768 D dalvikvm: GC_CONCURRENT freed 405K, 12% free 9853K/11079K, paused 2ms+3ms
07-18 14:27:54.007   766   768 D dalvikvm: GC_CONCURRENT freed 437K, 12% free 9823K/11079K, paused 2ms+3ms
07-18 14:27:54.136   766  2125 D dalvikvm: GC_EXPLICIT freed 241K, 12% free 9801K/11079K, paused 3ms+3ms
07-18 14:27:54.148   766  2125 I Gmail   : MainSyncRequestProto: lowestBkwdConvoId: 0, highestHandledServerOp: 4158119, normalSync: true
07-18 14:27:54.160   766  2125 W Gmail   : Scheduling index for 300000 ms from now
07-18 14:27:54.183   766  2125 I Gmail   : Sending notification intent: Intent { act=android.intent.action.PROVIDER_CHANGED dat=content://gmail-ls/unread/^i (has extras) }
07-18 14:27:54.218   766  2125 I Gmail   : Sending notification intent: Intent { act=android.intent.action.PROVIDER_CHANGED dat=content://gmail-ls/unread/^iim (has extras) }
07-18 14:27:54.218   766  2126 W Gmail   : Showing notification with unreadCount of 116 and unseenCount of 116
07-18 14:27:54.507   295   298 D dalvikvm: GC_CONCURRENT freed 282K, 7% free 9484K/10183K, paused 2ms+3ms
07-18 14:27:55.273   295  2129 I DownloadManager: Initiating request for download 537
07-18 14:27:55.586   295   298 D dalvikvm: GC_CONCURRENT freed 424K, 8% free 9469K/10183K, paused 2ms+3ms
07-18 14:27:56.402   766  2132 E Gmail   : No attachments found with downloadId 537
07-18 14:27:57.351   211   213 D dalvikvm: GC_CONCURRENT freed 414K, 10% free 10234K/11271K, paused 12ms+3ms
07-18 14:31:14.222   766  2134 I Gmail   : MainSyncRequestProto: lowestBkwdConvoId: 0, highestHandledServerOp: 4158119, normalSync: true
07-18 14:31:14.992   766   768 D dalvikvm: GC_CONCURRENT freed 338K, 11% free 9863K/11079K, paused 2ms+3ms
07-18 14:31:15.543   766   768 D dalvikvm: GC_CONCURRENT freed 389K, 11% free 9862K/11079K, paused 2ms+3ms
07-18 14:31:16.336   766   768 D dalvikvm: GC_CONCURRENT freed 377K, 11% free 9882K/11079K, paused 1ms+3ms
07-18 14:31:17.414   766   768 D dalvikvm: GC_CONCURRENT freed 373K, 11% free 9907K/11079K, paused 2ms+4ms
07-18 14:31:18.617   766   768 D dalvikvm: GC_CONCURRENT freed 443K, 12% free 9857K/11079K, paused 4ms+6ms
07-18 14:31:18.765   766   768 D dalvikvm: GC_CONCURRENT freed 436K, 12% free 9808K/11079K, paused 1ms+3ms
07-18 14:31:19.269   766  2134 D dalvikvm: GC_EXPLICIT freed 74K, 12% free 9805K/11079K, paused 16ms+3ms
07-18 14:31:19.277   766  2134 I Gmail   : MainSyncRequestProto: lowestBkwdConvoId: 0, highestHandledServerOp: 4158347, normalSync: true
07-18 14:31:20.425   766  2134 D dalvikvm: GC_EXPLICIT freed 243K, 12% free 9839K/11079K, paused 4ms+3ms
07-18 14:31:20.437   766  2134 I Gmail   : MainSyncRequestProto: lowestBkwdConvoId: 0, highestHandledServerOp: 4158347, normalSync: true
07-18 14:31:20.445   766  2134 W Gmail   : Scheduling index for 300000 ms from now
07-18 14:31:20.472   766  2134 I Gmail   : Sending notification intent: Intent { act=android.intent.action.PROVIDER_CHANGED dat=content://gmail-ls/unread/^i (has extras) }
07-18 14:31:20.496   766  2135 W Gmail   : Showing notification with unreadCount of 99 and unseenCount of 99
07-18 14:31:20.531   766  2134 I Gmail   : Sending notification intent: Intent { act=android.intent.action.PROVIDER_CHANGED dat=content://gmail-ls/unread/^iim (has extras) }
07-18 14:31:20.824   295   298 D dalvikvm: GC_CONCURRENT freed 354K, 7% free 9510K/10183K, paused 4ms+5ms
07-18 14:31:21.015   141   152 D dalvikvm: GC_EXPLICIT freed 880K, 10% free 13647K/15047K, paused 3ms+5ms
07-18 14:31:21.023   295  2138 I DownloadManager: Initiating request for download 538
07-18 14:31:21.398   295   298 D dalvikvm: GC_CONCURRENT freed 349K, 7% free 9553K/10183K, paused 1ms+3ms
07-18 14:31:22.097   766  2141 E Gmail   : No attachments found with downloadId 538
07-18 14:33:53.254   766  2145 I Gmail   : MainSyncRequestProto: lowestBkwdConvoId: 0, highestHandledServerOp: 4158347, normalSync: true
07-18 14:33:53.808   766   768 D dalvikvm: GC_CONCURRENT freed 353K, 11% free 9872K/11079K, paused 2ms+3ms
07-18 14:33:54.023   766   768 D dalvikvm: GC_CONCURRENT freed 462K, 12% free 9810K/11079K, paused 2ms+2ms
07-18 14:33:54.089   766  2145 D dalvikvm: GC_EXPLICIT freed 32K, 12% free 9797K/11079K, paused 2ms+3ms
07-18 14:33:54.101   766  2145 I Gmail   : MainSyncRequestProto: lowestBkwdConvoId: 0, highestHandledServerOp: 4158420, normalSync: true
07-18 14:33:54.804   766  2145 D dalvikvm: GC_EXPLICIT freed 266K, 12% free 9838K/11079K, paused 2ms+3ms
07-18 14:33:54.812   766  2145 I Gmail   : MainSyncRequestProto: lowestBkwdConvoId: 0, highestHandledServerOp: 4158420, normalSync: true
07-18 14:33:54.824   766  2145 W Gmail   : Scheduling index for 300000 ms from now
07-18 14:33:54.851   766  2145 I Gmail   : Sending notification intent: Intent { act=android.intent.action.PROVIDER_CHANGED dat=content://gmail-ls/unread/^i (has extras) }
07-18 14:33:54.879   766  2145 I Gmail   : Sending notification intent: Intent { act=android.intent.action.PROVIDER_CHANGED dat=content://gmail-ls/unread/^iim (has extras) }
07-18 14:33:54.882   766  2146 W Gmail   : Showing notification with unreadCount of 100 and unseenCount of 100
07-18 14:33:55.234   295   298 D dalvikvm: GC_CONCURRENT freed 491K, 8% free 9458K/10183K, paused 4ms+2ms
07-18 14:33:55.316   295  2149 I DownloadManager: Initiating request for download 539
07-18 14:33:56.421   295   298 D dalvikvm: GC_CONCURRENT freed 367K, 7% free 9478K/10183K, paused 2ms+2ms
07-18 14:33:56.504   766  2153 E Gmail   : No attachments found with downloadId 539
07-18 14:34:23.332   211   213 D dalvikvm: GC_CONCURRENT freed 407K, 10% free 10234K/11271K, paused 2ms+2ms
07-18 14:36:53.179   766  2156 I Gmail   : MainSyncRequestProto: lowestBkwdConvoId: 0, highestHandledServerOp: 4158420, normalSync: true
07-18 14:36:54.472   766   768 D dalvikvm: GC_CONCURRENT freed 386K, 12% free 9852K/11079K, paused 2ms+3ms
07-18 14:36:54.586   766  2156 D dalvikvm: GC_EXPLICIT freed 294K, 12% free 9803K/11079K, paused 1ms+3ms
07-18 14:36:54.597   766  2156 I Gmail   : MainSyncRequestProto: lowestBkwdConvoId: 0, highestHandledServerOp: 4158497, normalSync: true
07-18 14:36:55.183   766  2156 D dalvikvm: GC_EXPLICIT freed 224K, 12% free 9833K/11079K, paused 3ms+4ms
07-18 14:36:55.195   766  2156 I Gmail   : MainSyncRequestProto: lowestBkwdConvoId: 0, highestHandledServerOp: 4158497, normalSync: true
07-18 14:36:55.203   766  2156 W Gmail   : Scheduling index for 300000 ms from now
07-18 14:36:55.226   766  2156 I Gmail   : Sending notification intent: Intent { act=android.intent.action.PROVIDER_CHANGED dat=content://gmail-ls/unread/^i (has extras) }
07-18 14:36:55.257   766  2157 W Gmail   : Showing notification with unreadCount of 101 and unseenCount of 101
07-18 14:36:55.269   766  2156 I Gmail   : Sending notification intent: Intent { act=android.intent.action.PROVIDER_CHANGED dat=content://gmail-ls/unread/^iim (has extras) }
07-18 14:36:55.382   766   824 D dalvikvm: GC_EXPLICIT freed 197K, 12% free 9832K/11079K, paused 2ms+5ms
07-18 14:36:55.632   295   298 D dalvikvm: GC_CONCURRENT freed 344K, 7% free 9531K/10183K, paused 3ms+5ms
07-18 14:36:55.722   295  2160 I DownloadManager: Initiating request for download 540
07-18 14:36:56.418   295   298 D dalvikvm: GC_CONCURRENT freed 370K, 7% free 9559K/10183K, paused 12ms+2ms
07-18 14:36:56.543   766  2163 E Gmail   : No attachments found with downloadId 540
07-18 14:37:50.554   459   459 I PhoneLab-Locks: wake lock acquired
07-18 14:37:50.582   459   459 I PhoneLab-StatusMonitor: Status Monitoring is started
07-18 14:37:50.648   459   462 D dalvikvm: GC_CONCURRENT freed 523K, 19% free 9293K/11335K, paused 1ms+2ms
07-18 14:37:50.652   459   459 I PhoneLab-StatusMonitor: Value: 10 - unit: min
07-18 14:37:50.652   459   459 I PhoneLab-StatusMonitor: Running interval: 600000
07-18 14:37:50.660   459   459 I PhoneLab-StatusMonitor: Rescheduling status monitoring...
07-18 14:37:50.660   459   459 I PhoneLab-Locks: wake lock released
07-18 14:37:50.664   459   459 I PhoneLab-StatusMonitorLocation: Learning Location
07-18 14:37:50.664   459   459 I PhoneLab-Locks: wake lock acquired
07-18 14:37:50.672   459   459 I PhoneLab-Locks: wake lock acquired
07-18 14:37:50.672   274   556 D androidNetworkLocationListeners: Still have listener com.google.android.location.internal.client.NetworkLocationClient$1@4139a548
07-18 14:37:50.675   459   459 I PhoneLab-StatusMonitorLocation: Learning Signal Strgth
07-18 14:37:50.675   459   459 I PhoneLab-Locks: wake lock acquired
07-18 14:37:50.687   459   459 I PhoneLab-StatusMonitorBattery: Battery_level: 71
07-18 14:37:50.687   274   556 D androidNetworkLocationListeners: Still have listener com.google.android.location.internal.client.NetworkLocationClient$1@4139a548
07-18 14:37:50.691   459   459 I PhoneLab-Locks: wake lock released
07-18 14:37:50.699   459   459 I PhoneLab-StatusMonitorSignal: Signal_Strength: -86 asu: 14
07-18 14:37:50.699   459   459 I PhoneLab-Locks: wake lock released
07-18 14:37:51.941   274   276 D dalvikvm: GC_CONCURRENT freed 492K, 9% free 10535K/11527K, paused 2ms+3ms
07-18 14:37:51.961   459   459 I PhoneLab-StatusMonitorLocation: Location_Latitude: 42.9949804 Longitude: -78.6862411 Accuracy: 22.0
07-18 14:37:51.964   459   459 I PhoneLab-Locks: wake lock released
07-18 14:37:51.968   274   556 D androidNetworkLocationListeners: Still have listener com.google.android.location.internal.client.NetworkLocationClient$1@4139a548
07-18 14:39:54.218   766  2171 I Gmail   : MainSyncRequestProto: lowestBkwdConvoId: 0, highestHandledServerOp: 4158497, normalSync: true
07-18 14:39:55.195   766   768 D dalvikvm: GC_CONCURRENT freed 405K, 12% free 9815K/11079K, paused 7ms+12ms
07-18 14:39:55.324   766  2171 D dalvikvm: GC_EXPLICIT freed 324K, 12% free 9807K/11079K, paused 2ms+2ms
07-18 14:39:55.336   766  2171 I Gmail   : MainSyncRequestProto: lowestBkwdConvoId: 0, highestHandledServerOp: 4158555, normalSync: true
07-18 14:39:55.343   766  2171 W Gmail   : Scheduling index for 300000 ms from now
07-18 14:39:55.371   766  2171 I Gmail   : Sending notification intent: Intent { act=android.intent.action.PROVIDER_CHANGED dat=content://gmail-ls/unread/^i (has extras) }
07-18 14:39:55.398   766  2172 W Gmail   : Showing notification with unreadCount of 100 and unseenCount of 100
07-18 14:39:55.410   766  2171 I Gmail   : Sending notification intent: Intent { act=android.intent.action.PROVIDER_CHANGED dat=content://gmail-ls/unread/^iim (has extras) }
07-18 14:39:55.726   295   298 D dalvikvm: GC_CONCURRENT freed 350K, 6% free 9604K/10183K, paused 2ms+3ms
07-18 14:39:55.906   141   464 D dalvikvm: GC_EXPLICIT freed 982K, 10% free 13658K/15047K, paused 3ms+8ms
07-18 14:39:55.918   295  2175 I DownloadManager: Initiating request for download 541
07-18 14:39:57.148   295   298 D dalvikvm: GC_CONCURRENT freed 390K, 6% free 9655K/10183K, paused 7ms+3ms
07-18 14:39:57.375   295  2177 I DownloadManager: deleting /data/data/com.android.providers.downloads/cache/downloadfile-41.jpeg
07-18 14:39:57.574   295  2180 I DownloadManager: Initiating request for download 542
07-18 14:39:57.613   295   298 D dalvikvm: GC_CONCURRENT freed 659K, 8% free 9400K/10183K, paused 2ms+3ms
07-18 14:39:58.488   211   213 D dalvikvm: GC_CONCURRENT freed 403K, 10% free 10233K/11271K, paused 5ms+3ms
07-18 14:39:58.656   766  2183 E Gmail   : No attachments found with downloadId 542
07-18 14:39:58.687   295  2184 I DownloadManager: Initiating request for download 542
07-18 14:39:58.687   295  2184 W DownloadManager: Aborting request for download 542: Trying to resume a download that can't be resumed
07-18 14:39:58.742   295   298 D dalvikvm: GC_CONCURRENT freed 419K, 8% free 9370K/10183K, paused 2ms+3ms
07-18 14:47:50.320   459  1052 I PhoneLab-: Service Running
07-18 14:47:50.390   459  1052 I PhoneLab-LoggerService: app_38    1055  459   1428   1060  c00f181c 400107b4 S logcat
07-18 14:47:50.390   459  1052 I PhoneLab-LoggerService: Logcat pid from database 1055
07-18 14:47:50.394   459  1052 I PhoneLab-LoggerService: Logcat process found 1055
07-18 14:47:50.394   459  1052 I PhoneLab-LoggerService: Checking Threshold
07-18 14:47:50.394   459  1052 I PhoneLab-: Service Running
07-18 14:47:50.418   459  1052 I PhoneLab-LoggerService: app_38    1055  459   1428   1060  c00f181c 400107b4 S logcat
07-18 14:47:50.422   459  1052 I PhoneLab-LoggerService: Logcat pid from database 1055
07-18 14:47:50.422   459  1052 I PhoneLab-LoggerService: Logcat process found 1055
07-18 14:47:50.422   459  1052 I PhoneLab-LoggerService: Checking Threshold
07-18 14:47:50.422   459  1052 I PhoneLab-: Service Running
07-18 14:47:50.445   459  1052 I PhoneLab-LoggerService: app_38    1055  459   1428   1060  c00f181c 400107b4 S logcat
07-18 14:47:50.449   459  1052 I PhoneLab-LoggerService: Logcat pid from database 1055
07-18 14:47:50.449   459  1052 I PhoneLab-LoggerService: Logcat process found 1055
07-18 14:47:50.449   459  1052 I PhoneLab-LoggerService: Checking Threshold
07-18 14:47:50.449   459  1052 I PhoneLab-: Service Running
07-18 14:47:50.476   459  1052 I PhoneLab-LoggerService: app_38    1055  459   1428   1060  c00f181c 400107b4 S logcat
07-18 14:47:50.476   459  1052 I PhoneLab-LoggerService: Logcat pid from database 1055
07-18 14:47:50.476   459  1052 I PhoneLab-LoggerService: Logcat process found 1055
07-18 14:47:50.476   459  1052 I PhoneLab-LoggerService: Checking Threshold
07-18 14:47:50.476   459  1052 I PhoneLab-: Service Running
07-18 14:47:50.504   459  1052 I PhoneLab-LoggerService: app_38    1055  459   1428   1060  c00f181c 400107b4 S logcat
07-18 14:47:50.504   459  1052 I PhoneLab-LoggerService: Logcat pid from database 1055
07-18 14:47:50.504   459  1052 I PhoneLab-LoggerService: Logcat process found 1055
07-18 14:47:50.504   459  1052 I PhoneLab-LoggerService: Checking Threshold
07-18 14:47:50.504   459  1052 I PhoneLab-: Service Running
07-18 14:47:51.007   459   459 I PhoneLab-Locks: wake lock acquired
07-18 14:47:51.015   459   459 I PhoneLab-StatusMonitor: Status Monitoring is started
07-18 14:47:51.035   459   462 D dalvikvm: GC_CONCURRENT freed 553K, 19% free 9251K/11335K, paused 2ms+3ms
07-18 14:47:51.062   459   459 I PhoneLab-StatusMonitor: Value: 10 - unit: min
07-18 14:47:51.066   459   459 I PhoneLab-StatusMonitor: Running interval: 600000
07-18 14:47:51.078   459   459 I PhoneLab-StatusMonitor: Rescheduling status monitoring...
07-18 14:47:51.089   459   462 D dalvikvm: GC_CONCURRENT freed 389K, 19% free 9251K/11335K, paused 1ms+2ms
07-18 14:47:51.093   459   459 I PhoneLab-Locks: wake lock released
07-18 14:52:33.031   459   459 I PhoneLab-StatusMonitorLocation: Learning Location
07-18 14:52:33.043   459   459 I PhoneLab-Locks: wake lock acquired
07-18 14:52:33.062   459   459 I PhoneLab-Locks: wake lock acquired
07-18 14:52:33.066   459   459 I PhoneLab-StatusMonitorLocation: Learning Signal Strgth
07-18 14:52:33.066   459   459 I PhoneLab-Locks: wake lock acquired
07-18 14:52:33.074   274   556 D androidNetworkLocationListeners: Still have listener com.google.android.location.internal.client.NetworkLocationClient$1@4139a548
07-18 14:52:33.086   274   556 D androidNetworkLocationListeners: Still have listener com.google.android.location.internal.client.NetworkLocationClient$1@4139a548
07-18 14:52:33.086   459   459 I PhoneLab-StatusMonitorBattery: Battery_level: 71
07-18 14:52:33.090   459   459 I PhoneLab-Locks: wake lock released
07-18 14:52:33.093   459   459 I PhoneLab-StatusMonitorSignal: Signal_Strength: -76 asu: 19
07-18 14:52:33.093   459   459 I PhoneLab-Locks: wake lock released
07-18 14:52:33.105   459  1052 I PhoneLab-LoggerService: app_38    1055  459   1428   1060  c00f181c 400107b4 S logcat
07-18 14:52:33.117   459  1052 I PhoneLab-LoggerService: Logcat pid from database 1055
07-18 14:52:33.117   459  1052 I PhoneLab-LoggerService: Logcat process found 1055
07-18 14:52:33.117   459  1052 I PhoneLab-LoggerService: Checking Threshold
07-18 14:52:33.117   459  1052 I PhoneLab-: Service Running
07-18 14:52:33.144   459  1052 I PhoneLab-LoggerService: app_38    1055  459   1428   1060  c00f181c 400107b4 S logcat
07-18 14:52:33.148   459  1052 I PhoneLab-LoggerService: Logcat pid from database 1055
07-18 14:52:33.148   459  1052 I PhoneLab-LoggerService: Logcat process found 1055
07-18 14:52:33.148   459  1052 I PhoneLab-LoggerService: Checking Threshold
07-18 14:52:33.148   459  1052 I PhoneLab-: Service Running
07-18 14:52:33.175   459  1052 I PhoneLab-LoggerService: app_38    1055  459   1428   1060  c00f181c 400107b4 S logcat
07-18 14:52:33.175   459  1052 I PhoneLab-LoggerService: Logcat pid from database 1055
07-18 14:52:33.175   459  1052 I PhoneLab-LoggerService: Logcat process found 1055
07-18 14:52:33.175   459  1052 I PhoneLab-LoggerService: Checking Threshold
07-18 14:52:33.175   459  1052 I PhoneLab-: Service Running
07-18 14:52:33.211   459  1052 I PhoneLab-LoggerService: app_38    1055  459   1428   1060  c00f181c 400107b4 S logcat
07-18 14:52:33.211   459  1052 I PhoneLab-LoggerService: Logcat pid from database 1055
07-18 14:52:33.211   459  1052 I PhoneLab-LoggerService: Logcat process found 1055
07-18 14:52:33.211   459  1052 I PhoneLab-LoggerService: Checking Threshold
07-18 14:52:33.211   459  1052 I PhoneLab-: Service Running
07-18 14:52:33.238   459  1052 I PhoneLab-LoggerService: app_38    1055  459   1428   1060  c00f181c 400107b4 S logcat
07-18 14:52:33.238   459  1052 I PhoneLab-LoggerService: Logcat pid from database 1055
07-18 14:52:33.238   459  1052 I PhoneLab-LoggerService: Logcat process found 1055
07-18 14:52:33.238   459  1052 I PhoneLab-LoggerService: Checking Threshold
07-18 14:52:33.238   459  1052 I PhoneLab-: Service Running
07-18 14:52:33.269   459  1052 I PhoneLab-LoggerService: app_38    1055  459   1428   1060  c00f181c 400107b4 S logcat
07-18 14:52:33.269   459  1052 I PhoneLab-LoggerService: Logcat pid from database 1055
07-18 14:52:33.269   459  1052 I PhoneLab-LoggerService: Logcat process found 1055
07-18 14:52:33.269   459  1052 I PhoneLab-LoggerService: Checking Threshold
07-18 14:52:33.269   459  1052 I PhoneLab-: Service Running
07-18 14:52:33.324   459  1052 I PhoneLab-LoggerService: app_38    1055  459   1428   1060  c00f181c 400107b4 S logcat
07-18 14:52:33.324   459  1052 I PhoneLab-LoggerService: Logcat pid from database 1055
07-18 14:52:33.324   459  1052 I PhoneLab-LoggerService: Logcat process found 1055
07-18 14:52:33.324   459  1052 I PhoneLab-LoggerService: Checking Threshold
07-18 14:52:33.324   459  1052 I PhoneLab-: Service Running
07-18 14:52:33.355   459  1052 I PhoneLab-LoggerService: app_38    1055  459   1428   1060  c00f181c 400107b4 S logcat
07-18 14:52:33.355   459  1052 I PhoneLab-LoggerService: Logcat pid from database 1055
07-18 14:52:33.355   459  1052 I PhoneLab-LoggerService: Logcat process found 1055
07-18 14:52:33.355   459  1052 I PhoneLab-LoggerService: Checking Threshold
07-18 14:52:33.359   459  1052 I PhoneLab-: Service Running
07-18 14:52:33.402   459   462 D dalvikvm: GC_CONCURRENT freed 440K, 19% free 9227K/11335K, paused 1ms+3ms
07-18 14:52:33.406   459  1052 I PhoneLab-LoggerService: app_38    1055  459   1428   1060  c00f181c 400107b4 S logcat
07-18 14:52:33.406   459  1052 I PhoneLab-LoggerService: Logcat pid from database 1055
07-18 14:52:33.406   459  1052 I PhoneLab-LoggerService: Logcat process found 1055
07-18 14:52:33.406   459  1052 I PhoneLab-LoggerService: Checking Threshold
07-18 14:52:33.410   459  1052 I PhoneLab-: Service Running
07-18 14:52:33.445   459  1052 I PhoneLab-LoggerService: app_38    1055  459   1428   1060  c00f181c 400107b4 S logcat
07-18 14:52:33.445   459  1052 I PhoneLab-LoggerService: Logcat pid from database 1055
07-18 14:52:33.445   459  1052 I PhoneLab-LoggerService: Logcat process found 1055
07-18 14:52:33.445   459  1052 I PhoneLab-LoggerService: Checking Threshold
07-18 14:52:33.445   459  1052 I PhoneLab-: Service Running
07-18 14:52:33.476   459  1052 I PhoneLab-LoggerService: app_38    1055  459   1428   1060  c00f181c 400107b4 S logcat
07-18 14:52:33.476   459  1052 I PhoneLab-LoggerService: Logcat pid from database 1055
07-18 14:52:33.476   459  1052 I PhoneLab-LoggerService: Logcat process found 1055
07-18 14:52:33.476   459  1052 I PhoneLab-LoggerService: Checking Threshold
07-18 14:52:33.476   459  1052 I PhoneLab-: Service Running
07-18 14:52:33.507   459  1052 I PhoneLab-LoggerService: app_38    1055  459   1428   1060  c00f181c 400107b4 S logcat
07-18 14:52:33.507   459  1052 I PhoneLab-LoggerService: Logcat pid from database 1055
07-18 14:52:33.507   459  1052 I PhoneLab-LoggerService: Logcat process found 1055
07-18 14:52:33.507   459  1052 I PhoneLab-LoggerService: Checking Threshold
07-18 14:52:33.507   459  1052 I PhoneLab-: Service Running
07-18 14:52:33.531   766  2207 I Gmail   : MainSyncRequestProto: lowestBkwdConvoId: 0, highestHandledServerOp: 4158555, normalSync: true
07-18 14:52:33.535   459  1052 I PhoneLab-LoggerService: app_38    1055  459   1428   1060  c00f181c 400107b4 S logcat
07-18 14:52:33.539   459  1052 I PhoneLab-LoggerService: Logcat pid from database 1055
07-18 14:52:33.539   459  1052 I PhoneLab-LoggerService: Logcat process found 1055
07-18 14:52:33.539   459  1052 I PhoneLab-LoggerService: Checking Threshold
07-18 14:52:33.539   459  1052 I PhoneLab-: Service Running
07-18 14:52:33.566   459  1052 I PhoneLab-LoggerService: app_38    1055  459   1428   1060  c00f181c 400107b4 S logcat
07-18 14:52:33.566   459  1052 I PhoneLab-LoggerService: Logcat pid from database 1055
07-18 14:52:33.566   459  1052 I PhoneLab-LoggerService: Logcat process found 1055
07-18 14:52:33.566   459  1052 I PhoneLab-LoggerService: Checking Threshold
07-18 14:52:33.863   766   768 D dalvikvm: GC_CONCURRENT freed 318K, 11% free 9903K/11079K, paused 13ms+3ms
07-18 14:52:34.371   274   276 D dalvikvm: GC_CONCURRENT freed 531K, 9% free 10515K/11527K, paused 2ms+3ms
07-18 14:52:34.390   459   459 I PhoneLab-StatusMonitorLocation: Location_Latitude: 42.9950246 Longitude: -78.6862342 Accuracy: 87.0
07-18 14:52:34.398   459   459 I PhoneLab-Locks: wake lock released
07-18 14:52:34.402   274   556 D androidNetworkLocationListeners: Still have listener com.google.android.location.internal.client.NetworkLocationClient$1@4139a548
07-18 14:52:34.554   766  2207 D dalvikvm: GC_EXPLICIT freed 456K, 12% free 9824K/11079K, paused 3ms+4ms
07-18 14:52:34.566   766  2207 I Gmail   : MainSyncRequestProto: lowestBkwdConvoId: 0, highestHandledServerOp: 4158605, normalSync: true
07-18 14:52:35.066   766  2207 D dalvikvm: GC_EXPLICIT freed 253K, 12% free 9824K/11079K, paused 4ms+6ms
07-18 14:52:35.078   766  2207 I Gmail   : MainSyncRequestProto: lowestBkwdConvoId: 0, highestHandledServerOp: 4158605, normalSync: true
07-18 14:52:35.090   766  2207 W Gmail   : Scheduling index for 300000 ms from now
07-18 14:52:35.113   766  2207 I Gmail   : Sending notification intent: Intent { act=android.intent.action.PROVIDER_CHANGED dat=content://gmail-ls/unread/^i (has extras) }
07-18 14:52:35.144   766  2212 W Gmail   : Showing notification with unreadCount of 101 and unseenCount of 101
07-18 14:52:35.461   295   298 D dalvikvm: GC_CONCURRENT freed 311K, 8% free 9454K/10183K, paused 2ms+6ms
07-18 14:52:35.570   295  2214 I DownloadManager: Initiating request for download 543
07-18 14:52:37.754   295   298 D dalvikvm: GC_CONCURRENT freed 343K, 7% free 9495K/10183K, paused 1ms+3ms
07-18 14:52:37.840   766  2218 E Gmail   : No attachments found with downloadId 543
07-18 14:53:55.132   766  2220 I Gmail   : MainSyncRequestProto: lowestBkwdConvoId: 0, highestHandledServerOp: 4158605, normalSync: true
07-18 14:53:55.414   917   919 D dalvikvm: GC_CONCURRENT freed 676K, 8% free 10417K/11207K, paused 7ms+3ms
07-18 14:53:55.547   766   768 D dalvikvm: GC_CONCURRENT freed 347K, 11% free 9864K/11079K, paused 1ms+3ms
07-18 14:53:55.867   766  2220 D dalvikvm: GC_EXPLICIT freed 411K, 12% free 9815K/11079K, paused 2ms+3ms
07-18 14:53:55.879   766  2220 I Gmail   : MainSyncRequestProto: lowestBkwdConvoId: 0, highestHandledServerOp: 4158631, normalSync: true
07-18 14:53:55.890   766  2220 W Gmail   : Scheduling index for 300000 ms from now
07-18 14:53:55.914   766  2220 I Gmail   : Sending notification intent: Intent { act=android.intent.action.PROVIDER_CHANGED dat=content://gmail-ls/unread/^i (has extras) }
07-18 14:53:55.937   766  2221 W Gmail   : Showing notification with unreadCount of 100 and unseenCount of 100
07-18 14:53:56.019   141   143 D dalvikvm: GC_CONCURRENT freed 1047K, 10% free 13647K/15047K, paused 2ms+6ms
07-18 14:53:56.113   295   310 D dalvikvm: GC_EXPLICIT freed 235K, 8% free 9444K/10183K, paused 1ms+4ms
07-18 14:53:56.191   239   241 D dalvikvm: GC_CONCURRENT freed 401K, 6% free 9521K/10055K, paused 1ms+6ms
07-18 14:53:56.429   295  2223 I DownloadManager: Initiating request for download 544
07-18 14:53:56.492   295   298 D dalvikvm: GC_CONCURRENT freed 435K, 8% free 9404K/10183K, paused 6ms+3ms
07-18 14:53:59.074   211   213 D dalvikvm: GC_CONCURRENT freed 425K, 10% free 10234K/11271K, paused 12ms+2ms
07-18 14:53:59.562   141   464 D dalvikvm: GC_EXPLICIT freed 125K, 10% free 13578K/15047K, paused 3ms+6ms
07-18 14:53:59.640   295   298 D dalvikvm: GC_CONCURRENT freed 429K, 9% free 9365K/10183K, paused 2ms+3ms
07-18 14:53:59.722   295  2225 I DownloadManager: deleting /data/data/com.android.providers.downloads/cache/downloadfile-43.jpeg
07-18 14:54:00.125   295  2228 I DownloadManager: Initiating request for download 545
07-18 14:54:00.429   295   298 D dalvikvm: GC_CONCURRENT freed 373K, 8% free 9396K/10183K, paused 2ms+2ms
07-18 14:54:02.300   295  2230 I DownloadManager: deleting /data/data/com.android.providers.downloads/cache/downloadfile-28.jpeg
07-18 14:54:02.535   295   298 D dalvikvm: GC_CONCURRENT freed 403K, 8% free 9388K/10183K, paused 6ms+2ms
07-18 14:54:02.582   295  2233 I DownloadManager: Initiating request for download 546
07-18 14:54:04.617   295   298 D dalvikvm: GC_CONCURRENT freed 412K, 8% free 9379K/10183K, paused 4ms+2ms
07-18 14:54:04.652   295  2237 I DownloadManager: Initiating request for download 546
07-18 14:54:04.664   766   768 D dalvikvm: GC_CONCURRENT freed 348K, 11% free 9868K/11079K, paused 2ms+8ms
07-18 14:54:04.687   295  2237 W DownloadManager: Aborting request for download 546: Trying to resume a download that can't be resumed
07-18 14:54:04.715   295  2235 I DownloadManager: deleting /data/data/com.android.providers.downloads/cache/downloadfile-28.jpeg
07-18 14:54:05.050   295   298 D dalvikvm: GC_CONCURRENT freed 319K, 8% free 9456K/10183K, paused 2ms+3ms
07-18 14:54:05.125   295  2242 I DownloadManager: Initiating request for download 547
07-18 14:54:07.027   295   298 D dalvikvm: GC_CONCURRENT freed 340K, 7% free 9505K/10183K, paused 12ms+2ms
07-18 14:54:08.910   295   298 D dalvikvm: GC_CONCURRENT freed 364K, 7% free 9537K/10183K, paused 2ms+2ms
07-18 14:54:08.968   295  2246 I DownloadManager: deleting /data/data/com.android.providers.downloads/cache/downloadfile-42.jpeg
07-18 14:54:09.179   295  2250 I DownloadManager: Initiating request for download 548
07-18 14:54:09.410   295   298 D dalvikvm: GC_CONCURRENT freed 345K, 6% free 9600K/10183K, paused 1ms+2ms
07-18 14:54:11.230   295  2254 I DownloadManager: Initiating request for download 548
07-18 14:54:11.230   295  2254 W DownloadManager: Aborting request for download 548: Trying to resume a download that can't be resumed
07-18 14:54:11.523   295   298 D dalvikvm: GC_CONCURRENT freed 440K, 6% free 9606K/10183K, paused 2ms+4ms
07-18 14:54:11.777   141   469 D dalvikvm: GC_EXPLICIT freed 461K, 11% free 13519K/15047K, paused 3ms+5ms
07-18 14:54:11.789   295  2259 I DownloadManager: Initiating request for download 549
07-18 14:54:12.027   295   298 D dalvikvm: GC_CONCURRENT freed 369K, 5% free 9692K/10183K, paused 2ms+4ms
07-18 14:54:12.754   295   298 D dalvikvm: GC_CONCURRENT freed 702K, 9% free 9407K/10247K, paused 1ms+3ms
07-18 14:54:12.886   295  2263 I DownloadManager: deleting /data/data/com.android.providers.downloads/cache/downloadfile-35.jpeg
07-18 14:54:13.035   295  2265 I DownloadManager: Initiating request for download 550
07-18 14:54:13.093   295   298 D dalvikvm: GC_CONCURRENT freed 314K, 8% free 9487K/10247K, paused 2ms+3ms
07-18 14:54:14.980   766  2268 E Gmail   : No attachments found with downloadId 550
07-18 14:54:15.007   295  2269 I DownloadManager: Initiating request for download 550
07-18 14:54:15.007   295  2269 W DownloadManager: Aborting request for download 550: Trying to resume a download that can't be resumed
07-18 14:54:15.050   295   298 D dalvikvm: GC_CONCURRENT freed 423K, 8% free 9455K/10247K, paused 1ms+3ms
07-18 14:54:15.379   295   295 D dalvikvm: GC_EXPLICIT freed 112K, 9% free 9415K/10247K, paused 2ms+2ms
07-18 14:54:21.164   766  2274 I Gmail   : MainSyncRequestProto: lowestBkwdConvoId: 0, highestHandledServerOp: 4158631, normalSync: true
07-18 14:54:21.539   766   768 D dalvikvm: GC_CONCURRENT freed 420K, 12% free 9855K/11079K, paused 2ms+4ms
07-18 14:54:21.648   766  2274 D dalvikvm: GC_EXPLICIT freed 212K, 12% free 9799K/11079K, paused 2ms+3ms
07-18 14:54:21.656   766  2274 I Gmail   : MainSyncRequestProto: lowestBkwdConvoId: 0, highestHandledServerOp: 4158660, normalSync: true
07-18 14:54:22.054   766   768 D dalvikvm: GC_CONCURRENT freed 349K, 12% free 9842K/11079K, paused 2ms+2ms
07-18 14:54:22.168   766  2274 D dalvikvm: GC_EXPLICIT freed 52K, 12% free 9812K/11079K, paused 3ms+3ms
07-18 14:54:22.179   766  2274 I Gmail   : MainSyncRequestProto: lowestBkwdConvoId: 0, highestHandledServerOp: 4158660, normalSync: true
07-18 14:54:22.226   274   276 D dalvikvm: GC_CONCURRENT freed 387K, 9% free 10513K/11527K, paused 2ms+3ms
07-18 14:54:22.226   766  2274 W Gmail   : Scheduling index for 300000 ms from now
07-18 14:54:22.257   766  2274 I Gmail   : Sending notification intent: Intent { act=android.intent.action.PROVIDER_CHANGED dat=content://gmail-ls/unread/^i (has extras) }
07-18 14:54:22.285   766  2275 W Gmail   : Showing notification with unreadCount of 101 and unseenCount of 101
07-18 14:54:22.671   295   298 D dalvikvm: GC_CONCURRENT freed 232K, 7% free 9572K/10247K, paused 4ms+3ms
07-18 14:54:22.718   295  2277 I DownloadManager: Initiating request for download 551
07-18 14:54:25.371   766  2280 E Gmail   : No attachments found with downloadId 551
07-18 14:54:25.390   295   298 D dalvikvm: GC_CONCURRENT freed 423K, 7% free 9546K/10247K, paused 1ms+2ms
07-18 14:57:08.183   766  2282 I Gmail   : MainSyncRequestProto: lowestBkwdConvoId: 0, highestHandledServerOp: 4158660, normalSync: true
07-18 14:57:08.550   766   768 D dalvikvm: GC_CONCURRENT freed 336K, 11% free 9866K/11079K, paused 2ms+2ms
07-18 14:57:08.847   766  2282 D dalvikvm: GC_EXPLICIT freed 351K, 12% free 9817K/11079K, paused 2ms+3ms
07-18 14:57:08.859   766  2282 I Gmail   : MainSyncRequestProto: lowestBkwdConvoId: 0, highestHandledServerOp: 4158679, normalSync: true
07-18 14:57:08.890   766  2282 D dalvikvm: GC_EXPLICIT freed 29K, 12% free 9805K/11079K, paused 2ms+2ms
07-18 14:57:08.894   766  2282 W Gmail   : Scheduling index for 300000 ms from now
07-18 14:57:08.922   766  2282 I Gmail   : Sending notification intent: Intent { act=android.intent.action.PROVIDER_CHANGED dat=content://gmail-ls/unread/^i (has extras) }
07-18 14:57:08.949   766  2283 W Gmail   : Showing notification with unreadCount of 100 and unseenCount of 100
07-18 14:57:09.281   295   298 D dalvikvm: GC_CONCURRENT freed 280K, 6% free 9661K/10247K, paused 2ms+2ms
07-18 14:57:09.332   295  2285 I DownloadManager: Initiating request for download 552
07-18 14:57:10.101   766  2288 E Gmail   : No attachments found with downloadId 552
07-18 14:57:10.125   295  2289 I DownloadManager: Initiating request for download 552
07-18 14:57:10.125   295  2289 W DownloadManager: Aborting request for download 552: Trying to resume a download that can't be resumed
07-18 14:57:10.172   295   298 D dalvikvm: GC_CONCURRENT freed 483K, 6% free 9637K/10247K, paused 1ms+3ms
07-18 14:57:27.425   211   213 D dalvikvm: GC_CONCURRENT freed 391K, 10% free 10232K/11271K, paused 2ms+7ms
07-18 14:57:27.492   141   346 D dalvikvm: GC_EXPLICIT freed 511K, 10% free 13554K/15047K, paused 22ms+8ms
07-18 14:57:27.550   766  2294 I Gmail   : MainSyncRequestProto: lowestBkwdConvoId: 0, highestHandledServerOp: 4158679, normalSync: true
07-18 14:57:27.937   766   768 D dalvikvm: GC_CONCURRENT freed 373K, 12% free 9835K/11079K, paused 3ms+3ms
07-18 14:57:28.027   766  2294 D dalvikvm: GC_EXPLICIT freed 123K, 12% free 9799K/11079K, paused 3ms+3ms
07-18 14:57:28.039   766  2294 I Gmail   : MainSyncRequestProto: lowestBkwdConvoId: 0, highestHandledServerOp: 4158706, normalSync: true
07-18 14:57:28.582   766  2294 D dalvikvm: GC_EXPLICIT freed 223K, 12% free 9822K/11079K, paused 2ms+3ms
07-18 14:57:28.593   766  2294 I Gmail   : MainSyncRequestProto: lowestBkwdConvoId: 0, highestHandledServerOp: 4158706, normalSync: true
07-18 14:57:28.605   766  2294 W Gmail   : Scheduling index for 300000 ms from now
07-18 14:57:28.629   766  2294 I Gmail   : Sending notification intent: Intent { act=android.intent.action.PROVIDER_CHANGED dat=content://gmail-ls/unread/^i (has extras) }
07-18 14:57:28.656   766  2295 W Gmail   : Showing notification with unreadCount of 101 and unseenCount of 101
07-18 14:57:28.984   295   298 D dalvikvm: GC_CONCURRENT freed 312K, 6% free 9714K/10247K, paused 2ms+4ms
07-18 14:57:29.086   295  2297 I DownloadManager: Initiating request for download 553
07-18 14:57:30.046   295   298 D dalvikvm: GC_CONCURRENT freed 698K, 9% free 9411K/10247K, paused 11ms+3ms
07-18 14:57:30.211   766  2300 E Gmail   : No attachments found with downloadId 553
07-18 14:57:47.199   459   459 I PhoneLab-Locks: wake lock acquired
07-18 14:57:47.230   459  2301 I PhoneLab-PeriodicCheckService: User info is synched
07-18 14:57:47.230   459  2301 I PhoneLab-PeriodicCheckService: Logger Service is running
07-18 14:57:47.234   459  2301 I PhoneLab-Locks: wake lock acquired
07-18 14:57:47.234   459   459 I PhoneLab-UploadLogs: Transfering log files now
07-18 14:57:47.234   459   459 I PhoneLab-UploadLogs: No log files to transfer
07-18 14:57:47.234   459   459 I PhoneLab-Locks: wake lock released
07-18 14:57:47.238   459   459 I PhoneLab-UploadLogs: OnStartCommand
07-18 14:57:47.238   459  2301 I PhoneLab-PeriodicCheckService: Rescheduling periodic checking...
07-18 14:57:47.238   459  2301 I PhoneLab-Locks: wake lock released
07-18 14:57:51.113   459   459 I PhoneLab-Locks: wake lock acquired
07-18 14:57:51.140   459   459 I PhoneLab-StatusMonitor: Status Monitoring is started
07-18 14:57:51.175   459   462 D dalvikvm: GC_CONCURRENT freed 494K, 19% free 9245K/11335K, paused 2ms+2ms
07-18 14:57:51.199   459   459 I PhoneLab-StatusMonitor: Value: 10 - unit: min
07-18 14:57:51.199   459   459 I PhoneLab-StatusMonitor: Running interval: 600000
07-18 14:57:51.207   459   459 I PhoneLab-StatusMonitor: Rescheduling status monitoring...
07-18 14:57:51.207   459   459 I PhoneLab-Locks: wake lock released
07-18 14:57:51.211   459   459 I PhoneLab-StatusMonitorLocation: Learning Location
07-18 14:57:51.211   459   459 I PhoneLab-Locks: wake lock acquired
07-18 14:57:51.214   459   459 I PhoneLab-Locks: wake lock acquired
07-18 14:57:51.214   274   556 D androidNetworkLocationListeners: Still have listener com.google.android.location.internal.client.NetworkLocationClient$1@4139a548
07-18 14:57:51.218   459   459 I PhoneLab-StatusMonitorLocation: Learning Signal Strgth
07-18 14:57:51.218   459   459 I PhoneLab-Locks: wake lock acquired
07-18 14:57:51.226   274   556 D androidNetworkLocationListeners: Still have listener com.google.android.location.internal.client.NetworkLocationClient$1@4139a548
07-18 14:57:51.230   459   459 I PhoneLab-StatusMonitorBattery: Battery_level: 71
07-18 14:57:51.234   459   459 I PhoneLab-Locks: wake lock released
07-18 14:57:51.238   459   459 I PhoneLab-StatusMonitorSignal: Signal_Strength: -86 asu: 14
07-18 14:57:51.238   459   459 I PhoneLab-Locks: wake lock released
07-18 14:57:52.453   274   659 I EventLogService: Aggregate from 1342636072358 (log), 1342636072358 (data)
07-18 14:57:52.503   459   459 I PhoneLab-StatusMonitorLocation: Location_Latitude: 42.9949803 Longitude: -78.6862435 Accuracy: 24.0
07-18 14:57:52.503   274   556 D androidNetworkLocationListeners: Still have listener com.google.android.location.internal.client.NetworkLocationClient$1@4139a548
07-18 14:57:52.503   459   459 I PhoneLab-Locks: wake lock released
07-18 14:57:52.910   766  2306 I Gmail   : MainSyncRequestProto: lowestBkwdConvoId: 0, highestHandledServerOp: 4158706, normalSync: true
07-18 14:57:53.378   766   768 D dalvikvm: GC_CONCURRENT freed 359K, 11% free 9870K/11079K, paused 2ms+4ms
07-18 14:57:53.765   766   768 D dalvikvm: GC_CONCURRENT freed 434K, 12% free 9823K/11079K, paused 8ms+6ms
07-18 14:57:53.777   274   276 D dalvikvm: GC_CONCURRENT freed 499K, 9% free 10526K/11527K, paused 2ms+3ms
07-18 14:57:53.921   766  2306 D dalvikvm: GC_EXPLICIT freed 30K, 12% free 9803K/11079K, paused 3ms+3ms
07-18 14:57:53.933   766  2306 I Gmail   : MainSyncRequestProto: lowestBkwdConvoId: 0, highestHandledServerOp: 4158751, normalSync: true
07-18 14:57:53.968   274   288 D dalvikvm: GC_EXPLICIT freed 122K, 9% free 10497K/11527K, paused 2ms+3ms
07-18 14:57:53.972   766  2306 W Gmail   : Scheduling index for 300000 ms from now
07-18 14:57:54.000   766  2306 I Gmail   : Sending notification intent: Intent { act=android.intent.action.PROVIDER_CHANGED dat=content://gmail-ls/unread/^i (has extras) }
07-18 14:57:54.027   766  2307 W Gmail   : Showing notification with unreadCount of 100 and unseenCount of 100
07-18 14:57:54.168   239   261 D dalvikvm: GC_EXPLICIT freed 178K, 6% free 9476K/10055K, paused 2ms+3ms
07-18 14:57:54.351   295   298 D dalvikvm: GC_CONCURRENT freed 353K, 8% free 9454K/10247K, paused 2ms+3ms
07-18 14:57:54.461   295  2309 I DownloadManager: Initiating request for download 554
07-18 14:57:54.808   295   298 D dalvikvm: GC_CONCURRENT freed 360K, 8% free 9485K/10247K, paused 3ms+5ms
07-18 14:57:55.593   295  2313 I DownloadManager: Initiating request for download 554
07-18 14:57:55.593   295  2313 W DownloadManager: Aborting request for download 554: Trying to resume a download that can't be resumed
07-18 14:57:55.953   295   298 D dalvikvm: GC_CONCURRENT freed 354K, 8% free 9523K/10247K, paused 3ms+6ms
07-18 14:57:56.160   295  2318 I DownloadManager: Initiating request for download 555
07-18 14:57:56.402   295   298 D dalvikvm: GC_CONCURRENT freed 336K, 7% free 9598K/10247K, paused 12ms+3ms
07-18 14:57:57.398   295   298 D dalvikvm: GC_CONCURRENT freed 441K, 7% free 9554K/10247K, paused 1ms+2ms
07-18 14:57:57.550   141   453 D dalvikvm: GC_EXPLICIT freed 593K, 10% free 13578K/15047K, paused 2ms+5ms
07-18 14:57:57.796   295  2324 I DownloadManager: deleting /data/data/com.android.providers.downloads/cache/downloadfile-28.jpeg
07-18 14:57:58.023   295   298 D dalvikvm: GC_CONCURRENT freed 259K, 6% free 9684K/10247K, paused 6ms+4ms
07-18 14:57:58.074   295  2326 I DownloadManager: Initiating request for download 556
07-18 14:57:58.878   766  2329 E Gmail   : No attachments found with downloadId 556
07-18 14:57:58.921   766   768 D dalvikvm: GC_CONCURRENT freed 332K, 11% free 9861K/11079K, paused 2ms+3ms
07-18 14:57:58.953   295   298 D dalvikvm: GC_CONCURRENT freed 743K, 9% free 9387K/10247K, paused 6ms+3ms
07-18 14:58:00.285   211   213 D dalvikvm: GC_CONCURRENT freed 453K, 10% free 10164K/11271K, paused 2ms+3ms
07-18 15:00:53.199   766  2334 I Gmail   : MainSyncRequestProto: lowestBkwdConvoId: 0, highestHandledServerOp: 4158751, normalSync: true
07-18 15:00:53.660   766  2334 D dalvikvm: GC_EXPLICIT freed 313K, 12% free 9809K/11079K, paused 2ms+3ms
07-18 15:00:53.671   766  2334 I Gmail   : MainSyncRequestProto: lowestBkwdConvoId: 0, highestHandledServerOp: 4158776, normalSync: true
07-18 15:00:54.121   766  2334 D dalvikvm: GC_EXPLICIT freed 234K, 12% free 9824K/11079K, paused 3ms+4ms
07-18 15:00:54.132   766  2334 I Gmail   : MainSyncRequestProto: lowestBkwdConvoId: 0, highestHandledServerOp: 4158776, normalSync: true
07-18 15:00:54.144   766  2334 W Gmail   : Scheduling index for 300000 ms from now
07-18 15:00:54.168   766  2334 I Gmail   : Sending notification intent: Intent { act=android.intent.action.PROVIDER_CHANGED dat=content://gmail-ls/unread/^i (has extras) }
07-18 15:00:54.195   766  2335 W Gmail   : Showing notification with unreadCount of 101 and unseenCount of 101
07-18 15:00:54.511   295   298 D dalvikvm: GC_CONCURRENT freed 303K, 8% free 9473K/10247K, paused 2ms+2ms
07-18 15:00:54.589   295  2337 I DownloadManager: Initiating request for download 557
07-18 15:00:55.671   295   298 D dalvikvm: GC_CONCURRENT freed 352K, 8% free 9510K/10247K, paused 4ms+7ms
07-18 15:00:56.062   295   298 D dalvikvm: GC_CONCURRENT freed 350K, 7% free 9550K/10247K, paused 3ms+6ms
07-18 15:00:56.140   295  2342 I DownloadManager: deleting /data/data/com.android.providers.downloads/cache/downloadfile-37.jpeg
07-18 15:03:25.089   295  2342 D dalvikvm: GC_EXPLICIT freed 184K, 7% free 9555K/10247K, paused 3ms+3ms
07-18 15:03:25.093   295   304 I dalvikvm: Jit: resizing JitTable from 4096 to 8192
07-18 15:03:25.171   295  2344 I DownloadManager: Initiating request for download 558
07-18 15:03:26.101   917  1041 D SCollector: Waiting for the ScannerThread to start.
07-18 15:03:26.105   917  2346 D SCollector: PreScan started with config: Scanner types: [8]; ScanDuration: 10000, SensorDelay: 0, viewOptedOutWifiAps: false
07-18 15:03:26.105   917  2346 D SCollector: aq started.
07-18 15:03:26.109   917  2346 D SCollector: F started.
07-18 15:03:26.109   917  2346 D SCollector: PreScanner started.
07-18 15:03:26.261   295   298 D dalvikvm: GC_CONCURRENT freed 392K, 7% free 9553K/10247K, paused 4ms+5ms
07-18 15:03:26.359   295  2349 I DownloadManager: Initiating request for download 558
07-18 15:03:26.382   295  2349 W DownloadManager: Aborting request for download 558: Trying to resume a download that can't be resumed
07-18 15:03:26.800   295   298 D dalvikvm: GC_CONCURRENT freed 274K, 6% free 9666K/10247K, paused 2ms+4ms
07-18 15:03:26.976   295  2354 I DownloadManager: Initiating request for download 559
07-18 15:03:27.343   295   298 D dalvikvm: GC_CONCURRENT freed 431K, 6% free 9707K/10247K, paused 3ms+7ms
07-18 15:03:28.613   766   768 D dalvikvm: GC_CONCURRENT freed 356K, 12% free 9858K/11079K, paused 8ms+3ms
07-18 15:03:28.836   141   491 D dalvikvm: GC_EXPLICIT freed 655K, 10% free 13555K/15047K, paused 3ms+5ms
07-18 15:03:29.015   295   298 D dalvikvm: GC_CONCURRENT freed 384K, 6% free 9728K/10247K, paused 1ms+4ms
07-18 15:03:29.089   295  2359 I DownloadManager: deleting /data/data/com.android.providers.downloads/cache/downloadfile.gif
07-18 15:03:29.246   295  2361 I DownloadManager: Initiating request for download 560
07-18 15:03:29.468   295   298 D dalvikvm: GC_CONCURRENT freed 736K, 9% free 9439K/10311K, paused 2ms+4ms
07-18 15:03:30.410   295  2365 I DownloadManager: Initiating request for download 560
07-18 15:03:30.414   295  2365 W DownloadManager: Aborting request for download 560: Trying to resume a download that can't be resumed
07-18 15:03:30.671   295   298 D dalvikvm: GC_CONCURRENT freed 408K, 9% free 9418K/10311K, paused 1ms+4ms
07-18 15:03:31.007   295  2370 I DownloadManager: Initiating request for download 561
07-18 15:03:31.062   295   298 D dalvikvm: GC_CONCURRENT freed 295K, 8% free 9509K/10311K, paused 2ms+4ms
07-18 15:03:31.734   295   298 D dalvikvm: GC_CONCURRENT freed 426K, 9% free 9472K/10311K, paused 2ms+2ms
07-18 15:03:31.843   295  2372 I DownloadManager: deleting /data/data/com.android.providers.downloads/cache/downloadfile.gif
07-18 15:03:32.046   295  2375 I DownloadManager: Initiating request for download 562
07-18 15:03:32.418   295   298 D dalvikvm: GC_CONCURRENT freed 383K, 9% free 9486K/10311K, paused 19ms+3ms
07-18 15:03:32.617   459  1052 I PhoneLab-: Service Running
07-18 15:03:32.687   459  1052 I PhoneLab-LoggerService: app_38    1055  459   1428   1060  c00f181c 400107b4 S logcat
07-18 15:03:32.691   459  1052 I PhoneLab-LoggerService: Logcat pid from database 1055
07-18 15:03:32.691   459  1052 I PhoneLab-LoggerService: Logcat process found 1055
07-18 15:03:32.691   459  1052 I PhoneLab-LoggerService: Checking Threshold
07-18 15:03:32.691   459  1052 I PhoneLab-: Service Running
07-18 15:03:32.738   459   462 D dalvikvm: GC_CONCURRENT freed 425K, 19% free 9219K/11335K, paused 1ms+6ms
07-18 15:03:32.742   459  1052 I PhoneLab-LoggerService: app_38    1055  459   1428   1060  c00f181c 400107b4 S logcat
07-18 15:03:32.742   459  1052 I PhoneLab-LoggerService: Logcat pid from database 1055
07-18 15:03:32.750   459  1052 I PhoneLab-LoggerService: Logcat process found 1055
07-18 15:03:32.750   459  1052 I PhoneLab-LoggerService: Checking Threshold
07-18 15:03:32.750   459  1052 I PhoneLab-: Service Running
07-18 15:03:32.781   459  1052 I PhoneLab-LoggerService: app_38    1055  459   1428   1060  c00f181c 400107b4 S logcat
07-18 15:03:32.785   459  1052 I PhoneLab-LoggerService: Logcat pid from database 1055
07-18 15:03:32.785   459  1052 I PhoneLab-LoggerService: Logcat process found 1055
07-18 15:03:32.785   459  1052 I PhoneLab-LoggerService: Checking Threshold
07-18 15:03:32.785   459  1052 I PhoneLab-: Service Running
07-18 15:03:32.820   459  1052 I PhoneLab-LoggerService: app_38    1055  459   1428   1060  c00f181c 400107b4 S logcat
07-18 15:03:32.820   459  1052 I PhoneLab-LoggerService: Logcat pid from database 1055
07-18 15:03:32.824   459  1052 I PhoneLab-LoggerService: Logcat process found 1055
07-18 15:03:32.824   459  1052 I PhoneLab-LoggerService: Checking Threshold
07-18 15:03:32.824   459  1052 I PhoneLab-: Service Running
07-18 15:03:32.855   459  1052 I PhoneLab-LoggerService: app_38    1055  459   1428   1060  c00f181c 400107b4 S logcat
07-18 15:03:32.855   459  1052 I PhoneLab-LoggerService: Logcat pid from database 1055
07-18 15:03:32.855   459  1052 I PhoneLab-LoggerService: Logcat process found 1055
07-18 15:03:32.855   459  1052 I PhoneLab-LoggerService: Checking Threshold
07-18 15:03:33.121   295   298 D dalvikvm: GC_CONCURRENT freed 359K, 8% free 9512K/10311K, paused 2ms+3ms
07-18 15:03:33.273   295  2385 I DownloadManager: deleting /data/data/com.android.providers.downloads/cache/downloadfile.gif
07-18 15:03:34.179   295  2387 I DownloadManager: Initiating request for download 563
07-18 15:03:34.226   295   298 D dalvikvm: GC_CONCURRENT freed 295K, 7% free 9609K/10311K, paused 1ms+4ms
07-18 15:03:34.980   766   768 D dalvikvm: GC_CONCURRENT freed 379K, 11% free 9866K/11079K, paused 6ms+3ms
07-18 15:03:35.003   295   298 D dalvikvm: GC_CONCURRENT freed 430K, 8% free 9578K/10311K, paused 2ms+2ms
07-18 15:03:35.113   295  2389 I DownloadManager: deleting /data/data/com.android.providers.downloads/cache/downloadfile.gif
07-18 15:03:35.359   295  2394 I DownloadManager: Initiating request for download 564
07-18 15:03:35.675   295   298 D dalvikvm: GC_CONCURRENT freed 387K, 7% free 9609K/10311K, paused 2ms+3ms
07-18 15:03:36.156   917   917 D SCollector: aq stopped.
07-18 15:03:36.156   917   917 D SCollector: All scanner finished.
07-18 15:03:36.156   917   917 D SCollector: F stopped.
07-18 15:03:36.156   141   469 W ActivityManager: finishReceiver called but no pending broadcasts
07-18 15:03:36.187   917  2346 D SCollector: PreScanning finished.
07-18 15:03:36.257   917   919 D dalvikvm: GC_CONCURRENT freed 407K, 7% free 10516K/11207K, paused 2ms+4ms
07-18 15:03:36.324   917  2346 D SCollector: PreScanDecision returns false. Will not do real collection.
07-18 15:03:36.324   917  2346 D SCollector: SignalCollector.ScannerThread is quiting.
07-18 15:03:36.941   141   153 D dalvikvm: GC_EXPLICIT freed 376K, 10% free 13544K/15047K, paused 4ms+5ms
07-18 15:03:37.093   295   298 D dalvikvm: GC_CONCURRENT freed 402K, 7% free 9605K/10311K, paused 2ms+3ms
07-18 15:03:37.113   766   824 D dalvikvm: GC_EXPLICIT freed 136K, 12% free 9823K/11079K, paused 2ms+11ms
07-18 15:03:37.355   295  2399 I DownloadManager: deleting /data/data/com.android.providers.downloads/cache/downloadfile.gif
07-18 15:03:37.390   295   295 D dalvikvm: GC_EXPLICIT freed 517K, 9% free 9406K/10311K, paused 2ms+3ms
07-18 15:03:37.609   295  2401 I DownloadManager: Initiating request for download 565
07-18 15:03:38.308   295   298 D dalvikvm: GC_CONCURRENT freed 414K, 9% free 9390K/10311K, paused 3ms+6ms
07-18 15:03:38.402   295  2405 I DownloadManager: Initiating request for download 565
07-18 15:03:38.402   295  2405 W DownloadManager: Aborting request for download 565: Trying to resume a download that can't be resumed
07-18 15:03:38.824   295   298 D dalvikvm: GC_CONCURRENT freed 321K, 9% free 9465K/10311K, paused 1ms+3ms
07-18 15:03:39.027   295  2410 I DownloadManager: Initiating request for download 566
07-18 15:03:39.355   295   298 D dalvikvm: GC_CONCURRENT freed 377K, 8% free 9501K/10311K, paused 1ms+2ms
07-18 15:03:39.929   295  2412 I DownloadManager: deleting /data/data/com.android.providers.downloads/cache/downloadfile.gif
07-18 15:03:40.238   295   298 D dalvikvm: GC_CONCURRENT freed 404K, 8% free 9493K/10311K, paused 2ms+2ms
07-18 15:03:40.281   295  2415 I DownloadManager: Initiating request for download 567
07-18 15:03:41.367   766  2418 E Gmail   : No attachments found with downloadId 567
07-18 15:03:41.406   295   298 D dalvikvm: GC_CONCURRENT freed 399K, 9% free 9483K/10311K, paused 1ms+3ms
07-18 15:03:41.421   295  2419 I DownloadManager: Initiating request for download 567
07-18 15:03:41.421   295  2419 W DownloadManager: Aborting request for download 567: Trying to resume a download that can't be resumed
07-18 15:03:41.632   295   298 D dalvikvm: GC_CONCURRENT freed 282K, 7% free 9597K/10311K, paused 2ms+2ms
07-18 15:07:51.222   459   459 I PhoneLab-Locks: wake lock acquired
07-18 15:07:51.257   459   459 I PhoneLab-StatusMonitor: Status Monitoring is started
07-18 15:07:51.324   459   462 D dalvikvm: GC_CONCURRENT freed 477K, 19% free 9253K/11335K, paused 1ms+2ms
07-18 15:07:51.332   459   459 I PhoneLab-StatusMonitor: Value: 10 - unit: min
07-18 15:07:51.332   459   459 I PhoneLab-StatusMonitor: Running interval: 600000
07-18 15:07:51.343   459   459 I PhoneLab-StatusMonitor: Rescheduling status monitoring...
07-18 15:07:51.343   459   459 I PhoneLab-Locks: wake lock released
07-18 15:07:51.351   459   459 I PhoneLab-StatusMonitorLocation: Learning Location
07-18 15:07:51.351   459   459 I PhoneLab-Locks: wake lock acquired
07-18 15:07:51.351   459   459 I PhoneLab-Locks: wake lock acquired
07-18 15:07:51.355   274   556 D androidNetworkLocationListeners: Still have listener com.google.android.location.internal.client.NetworkLocationClient$1@4139a548
07-18 15:07:51.355   459   459 I PhoneLab-StatusMonitorLocation: Learning Signal Strgth
07-18 15:07:51.355   459   459 I PhoneLab-Locks: wake lock acquired
07-18 15:07:51.363   274   556 D androidNetworkLocationListeners: Still have listener com.google.android.location.internal.client.NetworkLocationClient$1@4139a548
07-18 15:07:51.367   459   459 I PhoneLab-StatusMonitorBattery: Battery_level: 71
07-18 15:07:51.367   459   459 I PhoneLab-Locks: wake lock released
07-18 15:07:51.371   459   459 I PhoneLab-StatusMonitorSignal: Signal_Strength: -86 asu: 14
07-18 15:07:51.371   459   459 I PhoneLab-Locks: wake lock released
07-18 15:07:52.652   459   459 I PhoneLab-StatusMonitorLocation: Location_Latitude: 42.9950313 Longitude: -78.6862371 Accuracy: 86.0
07-18 15:07:52.652   274   556 D androidNetworkLocationListeners: Still have listener com.google.android.location.internal.client.NetworkLocationClient$1@4139a548
07-18 15:07:52.656   459   459 I PhoneLab-Locks: wake lock released
07-18 15:07:53.550   459  1052 I PhoneLab-: Service Running
07-18 15:07:53.617   459  1052 I PhoneLab-LoggerService: app_38    1055  459   1428   1060  c00f181c 400107b4 S logcat
07-18 15:07:53.617   459  1052 I PhoneLab-LoggerService: Logcat pid from database 1055
07-18 15:07:53.617   459  1052 I PhoneLab-LoggerService: Logcat process found 1055
07-18 15:07:53.617   459  1052 I PhoneLab-LoggerService: Checking Threshold
07-18 15:07:53.617   459  1052 I PhoneLab-: Service Running
07-18 15:07:53.644   459  1052 I PhoneLab-LoggerService: app_38    1055  459   1428   1060  c00f181c 400107b4 S logcat
07-18 15:07:53.644   459  1052 I PhoneLab-LoggerService: Logcat pid from database 1055
07-18 15:07:53.644   459  1052 I PhoneLab-LoggerService: Logcat process found 1055
07-18 15:07:53.644   459  1052 I PhoneLab-LoggerService: Checking Threshold
07-18 15:07:53.644   459  1052 I PhoneLab-: Service Running
07-18 15:07:53.671   459  1052 I PhoneLab-LoggerService: app_38    1055  459   1428   1060  c00f181c 400107b4 S logcat
07-18 15:07:53.671   459  1052 I PhoneLab-LoggerService: Logcat pid from database 1055
07-18 15:07:53.671   459  1052 I PhoneLab-LoggerService: Logcat process found 1055
07-18 15:07:53.671   459  1052 I PhoneLab-LoggerService: Checking Threshold
07-18 15:07:53.964   274   276 D dalvikvm: GC_CONCURRENT freed 479K, 9% free 10512K/11527K, paused 2ms+4ms
07-18 15:12:07.187   766   768 D dalvikvm: GC_CONCURRENT freed 357K, 11% free 9862K/11079K, paused 2ms+2ms
07-18 15:12:07.390   766  2435 I Gmail   : MainSyncRequestProto: lowestBkwdConvoId: 0, highestHandledServerOp: 4158776, normalSync: true
07-18 15:12:07.464   766   768 D dalvikvm: GC_CONCURRENT freed 372K, 11% free 9879K/11079K, paused 2ms+2ms
07-18 15:12:08.375   766   768 D dalvikvm: GC_CONCURRENT freed 419K, 12% free 9854K/11079K, paused 2ms+3ms
07-18 15:12:08.699   766   768 D dalvikvm: GC_CONCURRENT freed 450K, 12% free 9810K/11079K, paused 1ms+3ms
07-18 15:12:08.793   766  2435 D dalvikvm: GC_EXPLICIT freed 110K, 12% free 9804K/11079K, paused 2ms+4ms
07-18 15:12:08.812   766  2435 I Gmail   : MainSyncRequestProto: lowestBkwdConvoId: 0, highestHandledServerOp: 4158816, normalSync: true
07-18 15:12:08.820   766  2435 W Gmail   : Scheduling index for 300000 ms from now
07-18 15:12:08.847   766  2435 I Gmail   : Sending notification intent: Intent { act=android.intent.action.PROVIDER_CHANGED dat=content://gmail-ls/unread/^i (has extras) }
07-18 15:12:08.875   766  2437 W Gmail   : Showing notification with unreadCount of 100 and unseenCount of 100
07-18 15:12:09.089   766  2435 I Gmail   : Sending notification intent: Intent { act=android.intent.action.PROVIDER_CHANGED dat=content://gmail-ls/unread/^iim (has extras) }
07-18 15:12:09.996   141   141 D dalvikvm: GC_EXPLICIT freed 760K, 10% free 13587K/15047K, paused 5ms+5ms
07-18 15:12:10.121   295   298 D dalvikvm: GC_CONCURRENT freed 310K, 7% free 9683K/10311K, paused 1ms+4ms
07-18 15:12:10.183   295  2440 I DownloadManager: Initiating request for download 568
07-18 15:12:12.007   211   213 D dalvikvm: GC_CONCURRENT freed 360K, 10% free 10232K/11271K, paused 13ms+2ms
07-18 15:12:12.543   295   298 D dalvikvm: GC_CONCURRENT freed 660K, 9% free 9418K/10311K, paused 1ms+3ms
07-18 15:12:12.875   766  2445 E Gmail   : No attachments found with downloadId 568
07-18 15:15:51.218   766  2447 I Gmail   : MainSyncRequestProto: lowestBkwdConvoId: 0, highestHandledServerOp: 4158816, normalSync: true
07-18 15:15:51.804   766  2447 D dalvikvm: GC_EXPLICIT freed 311K, 11% free 9864K/11079K, paused 4ms+3ms
07-18 15:15:51.816   766  2447 I Gmail   : MainSyncRequestProto: lowestBkwdConvoId: 0, highestHandledServerOp: 4158837, normalSync: true
07-18 15:15:51.828   766  2447 W Gmail   : Scheduling index for 300000 ms from now
07-18 15:15:52.109   295   298 D dalvikvm: GC_CONCURRENT freed 325K, 9% free 9481K/10311K, paused 2ms+3ms
07-18 15:15:52.203   295  2449 I DownloadManager: Initiating request for download 569
07-18 15:15:52.617   295   298 D dalvikvm: GC_CONCURRENT freed 366K, 8% free 9533K/10311K, paused 2ms+2ms
07-18 15:15:53.421   295   298 D dalvikvm: GC_CONCURRENT freed 381K, 8% free 9543K/10311K, paused 3ms+5ms
07-18 15:15:53.523   295  2456 I DownloadManager: deleting /data/data/com.android.providers.downloads/cache/downloadfile.gif
07-18 15:15:53.722   295  2458 I DownloadManager: Initiating request for download 570
07-18 15:15:54.000   295   298 D dalvikvm: GC_CONCURRENT freed 331K, 7% free 9600K/10311K, paused 12ms+2ms
07-18 15:15:54.671   295   298 D dalvikvm: GC_CONCURRENT freed 421K, 8% free 9572K/10311K, paused 2ms+3ms
07-18 15:15:54.769   295  2461 I DownloadManager: deleting /data/data/com.android.providers.downloads/cache/downloadfile.gif
07-18 15:15:54.968   295  2464 I DownloadManager: Initiating request for download 571
07-18 15:15:55.183   295   298 D dalvikvm: GC_CONCURRENT freed 362K, 7% free 9594K/10311K, paused 1ms+2ms
07-18 15:15:55.816   295  2466 I DownloadManager: deleting /data/data/com.android.providers.downloads/cache/downloadfile.gif
07-18 15:15:55.851   766   768 D dalvikvm: GC_CONCURRENT freed 397K, 12% free 9855K/11079K, paused 1ms+3ms
07-18 15:15:56.117   295   298 D dalvikvm: GC_CONCURRENT freed 406K, 8% free 9589K/10311K, paused 7ms+2ms
07-18 15:15:56.222   295  2469 D dalvikvm: GC_EXPLICIT freed 126K, 8% free 9562K/10311K, paused 2ms+4ms
07-18 15:15:56.230   295  2469 I DownloadManager: Initiating request for download 572
07-18 15:15:56.984   295   298 D dalvikvm: GC_CONCURRENT freed 372K, 8% free 9580K/10311K, paused 2ms+3ms
07-18 15:15:57.136   141   153 D dalvikvm: GC_EXPLICIT freed 455K, 10% free 13575K/15047K, paused 3ms+5ms
07-18 15:15:57.171   295  2472 I DownloadManager: deleting /data/data/com.android.providers.downloads/cache/downloadfile.gif
07-18 15:15:57.402   295  2475 I DownloadManager: Initiating request for download 573
07-18 15:15:57.660   295   298 D dalvikvm: GC_CONCURRENT freed 382K, 7% free 9613K/10311K, paused 1ms+4ms
07-18 15:15:58.539   766  2478 E Gmail   : No attachments found with downloadId 573
07-18 15:15:58.609   295   298 D dalvikvm: GC_CONCURRENT freed 623K, 9% free 9387K/10311K, paused 2ms+2ms
07-18 15:17:31.336   274  1102 E TalkProvider: [TalkProvider] caught android.database.sqlite.SQLiteConstraintException: error code 19: constraint failed inserting message
07-18 15:17:31.347   141  2480 I AudioService:  AudioFocus  requestAudioFocus() from android.media.AudioManager@41562ad0
07-18 15:17:31.363    81   121 D AudioHardware: AudioHardware pcm playback is exiting standby.
07-18 15:17:31.363    81   121 D AudioHardware: openPcmOut_l() mPcmOpenCnt: 0
07-18 15:17:31.398   211   213 D dalvikvm: GC_CONCURRENT freed 339K, 9% free 10283K/11271K, paused 2ms+3ms
07-18 15:17:33.250   141  2480 I AudioService:  AudioFocus  abandonAudioFocus() from android.media.AudioManager@41562ad0
07-18 15:17:34.414   211   213 D dalvikvm: GC_CONCURRENT freed 518K, 10% free 10204K/11271K, paused 13ms+2ms
07-18 15:17:36.336    81   121 D AudioHardware: AudioHardware pcm playback is going to standby.
07-18 15:17:36.336    81   121 D AudioHardware: closePcmOut_l() mPcmOpenCnt: 1
07-18 15:17:51.359   459   459 I PhoneLab-Locks: wake lock acquired
07-18 15:17:51.390   459   459 I PhoneLab-StatusMonitor: Status Monitoring is started
07-18 15:17:51.457   459   462 D dalvikvm: GC_CONCURRENT freed 508K, 19% free 9256K/11335K, paused 1ms+2ms
07-18 15:17:51.484   459   459 I PhoneLab-StatusMonitor: Value: 10 - unit: min
07-18 15:17:51.484   459   459 I PhoneLab-StatusMonitor: Running interval: 600000
07-18 15:17:51.492   459   459 I PhoneLab-StatusMonitor: Rescheduling status monitoring...
07-18 15:17:51.492   459   459 I PhoneLab-Locks: wake lock released
07-18 15:17:51.500   459   459 I PhoneLab-StatusMonitorLocation: Learning Location
07-18 15:17:51.500   459   459 I PhoneLab-Locks: wake lock acquired
07-18 15:17:51.503   459   459 I PhoneLab-Locks: wake lock acquired
07-18 15:17:51.503   274   556 D androidNetworkLocationListeners: Still have listener com.google.android.location.internal.client.NetworkLocationClient$1@4139a548
07-18 15:17:51.507   459   459 I PhoneLab-StatusMonitorLocation: Learning Signal Strgth
07-18 15:17:51.507   459   459 I PhoneLab-Locks: wake lock acquired
07-18 15:17:51.515   274   556 D androidNetworkLocationListeners: Still have listener com.google.android.location.internal.client.NetworkLocationClient$1@4139a548
07-18 15:17:51.515   459   459 I PhoneLab-StatusMonitorBattery: Battery_level: 71
07-18 15:17:51.523   459   459 I PhoneLab-Locks: wake lock released
07-18 15:17:51.527   459   459 I PhoneLab-StatusMonitorSignal: Signal_Strength: -86 asu: 14
07-18 15:17:51.527   459   459 I PhoneLab-Locks: wake lock released
07-18 15:17:52.793   459   459 I PhoneLab-StatusMonitorLocation: Location_Latitude: 42.9950297 Longitude: -78.6862363 Accuracy: 86.0
07-18 15:17:52.793   274   556 D androidNetworkLocationListeners: Still have listener com.google.android.location.internal.client.NetworkLocationClient$1@4139a548
07-18 15:17:52.793   459   459 I PhoneLab-Locks: wake lock released
07-18 15:17:53.878   141  2489 I AudioService:  AudioFocus  abandonAudioFocus() from android.media.AudioManager@41562ad0
07-18 15:17:53.953   211   211 D dalvikvm: GC_FOR_ALLOC freed 614K, 12% free 9941K/11271K, paused 19ms
07-18 15:17:54.023   211   213 D dalvikvm: GC_CONCURRENT freed 285K, 11% free 10118K/11271K, paused 2ms+2ms
07-18 15:17:54.121   274   276 D dalvikvm: GC_CONCURRENT freed 497K, 9% free 10526K/11527K, paused 2ms+3ms
07-18 15:20:09.425   274  1102 E TalkProvider: [TalkProvider] caught android.database.sqlite.SQLiteConstraintException: error code 19: constraint failed inserting message
07-18 15:20:09.773   274  1102 E TalkProvider: [TalkProvider] caught android.database.sqlite.SQLiteConstraintException: error code 19: constraint failed inserting message
07-18 15:20:09.781   141  2491 I AudioService:  AudioFocus  requestAudioFocus() from android.media.AudioManager@41562ad0
07-18 15:20:09.800    81   121 D AudioHardware: AudioHardware pcm playback is exiting standby.
07-18 15:20:09.800    81   121 D AudioHardware: openPcmOut_l() mPcmOpenCnt: 0
07-18 15:20:09.812   211   211 D dalvikvm: GC_FOR_ALLOC freed 454K, 12% free 10031K/11271K, paused 19ms
07-18 15:20:09.925   211   213 D dalvikvm: GC_CONCURRENT freed 357K, 10% free 10154K/11271K, paused 2ms+2ms
07-18 15:20:11.683   141  2491 I AudioService:  AudioFocus  abandonAudioFocus() from android.media.AudioManager@41562ad0
07-18 15:20:14.769    81   121 D AudioHardware: AudioHardware pcm playback is going to standby.
07-18 15:20:14.773    81   121 D AudioHardware: closePcmOut_l() mPcmOpenCnt: 1
07-18 15:26:14.511   141  2497 I AudioService:  AudioFocus  requestAudioFocus() from android.media.AudioManager@41562ad0
07-18 15:26:14.527   211   213 D dalvikvm: GC_CONCURRENT freed 412K, 10% free 10186K/11271K, paused 4ms+3ms
07-18 15:26:14.543    81   121 D AudioHardware: AudioHardware pcm playback is exiting standby.
07-18 15:26:14.543    81   121 D AudioHardware: openPcmOut_l() mPcmOpenCnt: 0
07-18 15:26:14.582   274  1102 E TalkProvider: [TalkProvider] caught android.database.sqlite.SQLiteConstraintException: error code 19: constraint failed inserting message
07-18 15:26:14.664   917   919 D dalvikvm: GC_CONCURRENT freed 514K, 8% free 10398K/11207K, paused 5ms+2ms
07-18 15:26:16.429   141  2497 I AudioService:  AudioFocus  abandonAudioFocus() from android.media.AudioManager@41562ad0
07-18 15:26:19.515    81   121 D AudioHardware: AudioHardware pcm playback is going to standby.
07-18 15:26:19.515    81   121 D AudioHardware: closePcmOut_l() mPcmOpenCnt: 1
07-18 15:27:19.105   141  2504 I AudioService:  AudioFocus  abandonAudioFocus() from android.media.AudioManager@41562ad0
07-18 15:27:19.164   211   211 D dalvikvm: GC_FOR_ALLOC freed 588K, 12% free 9958K/11271K, paused 18ms
07-18 15:27:19.215   211   213 D dalvikvm: GC_CONCURRENT freed 458K, 12% free 9939K/11271K, paused 2ms+2ms
07-18 15:27:19.320   211   213 D dalvikvm: GC_CONCURRENT freed 393K, 12% free 9953K/11271K, paused 1ms+2ms
07-18 15:27:19.547   766   768 D dalvikvm: GC_CONCURRENT freed 373K, 11% free 9877K/11079K, paused 2ms+3ms
07-18 15:27:19.718   766   768 D dalvikvm: GC_CONCURRENT freed 400K, 11% free 9863K/11079K, paused 2ms+2ms
07-18 15:27:19.922   766   768 D dalvikvm: GC_CONCURRENT freed 422K, 12% free 9853K/11079K, paused 2ms+2ms
07-18 15:27:47.207   766   768 D dalvikvm: GC_CONCURRENT freed 409K, 12% free 9829K/11079K, paused 2ms+3ms
07-18 15:27:47.242   459   459 I PhoneLab-Locks: wake lock acquired
07-18 15:27:47.246   459  2506 I PhoneLab-PeriodicCheckService: User info is synched
07-18 15:27:47.250   459  2506 I PhoneLab-PeriodicCheckService: Logger Service is running
07-18 15:27:47.250   459  2506 I PhoneLab-Locks: wake lock acquired
07-18 15:27:47.253   459   459 I PhoneLab-UploadLogs: Transfering log files now
07-18 15:27:47.253   459   459 I PhoneLab-UploadLogs: No log files to transfer
07-18 15:27:47.253   459   459 I PhoneLab-Locks: wake lock released
07-18 15:27:47.253   459   459 I PhoneLab-UploadLogs: OnStartCommand
07-18 15:27:47.257   459  2506 I PhoneLab-PeriodicCheckService: Rescheduling periodic checking...
07-18 15:27:47.257   459  2506 I PhoneLab-Locks: wake lock released
07-18 15:27:50.351   766  2502 W Gmail   : Successful index run, cancel next scheduled index run
07-18 15:27:51.500   459   459 I PhoneLab-Locks: wake lock acquired
07-18 15:27:51.504   459   459 I PhoneLab-StatusMonitor: Status Monitoring is started
07-18 15:27:51.539   459   462 D dalvikvm: GC_CONCURRENT freed 544K, 19% free 9224K/11335K, paused 2ms+2ms
07-18 15:27:51.562   459   459 I PhoneLab-StatusMonitor: Value: 10 - unit: min
07-18 15:27:51.562   459   459 I PhoneLab-StatusMonitor: Running interval: 600000
07-18 15:27:51.570   459   459 I PhoneLab-StatusMonitor: Rescheduling status monitoring...
07-18 15:27:51.570   459   459 I PhoneLab-Locks: wake lock released
07-18 15:27:51.574   459   459 I PhoneLab-StatusMonitorLocation: Learning Location
07-18 15:27:51.574   459   459 I PhoneLab-Locks: wake lock acquired
07-18 15:27:51.578   459   459 I PhoneLab-Locks: wake lock acquired
07-18 15:27:51.586   274   556 D androidNetworkLocationListeners: Still have listener com.google.android.location.internal.client.NetworkLocationClient$1@4139a548
07-18 15:27:51.589   459   459 I PhoneLab-StatusMonitorLocation: Learning Signal Strgth
07-18 15:27:51.589   459   459 I PhoneLab-Locks: wake lock acquired
07-18 15:27:51.601   274   556 D androidNetworkLocationListeners: Still have listener com.google.android.location.internal.client.NetworkLocationClient$1@4139a548
07-18 15:27:51.601   459   459 I PhoneLab-StatusMonitorBattery: Battery_level: 71
07-18 15:27:51.605   459   459 I PhoneLab-Locks: wake lock released
07-18 15:27:51.613   459   459 I PhoneLab-StatusMonitorSignal: Signal_Strength: -86 asu: 14
07-18 15:27:51.613   459   459 I PhoneLab-Locks: wake lock released
07-18 15:27:51.640   459   462 D dalvikvm: GC_CONCURRENT freed 431K, 19% free 9187K/11335K, paused 2ms+2ms
07-18 15:27:52.605   274  1103 I EventLogService: Aggregate from 1342637872461 (log), 1342637872461 (data)
07-18 15:27:52.906   274   276 D dalvikvm: GC_CONCURRENT freed 508K, 9% free 10529K/11527K, paused 2ms+3ms
07-18 15:27:52.925   274   282 I dalvikvm: Total arena pages for JIT: 18
07-18 15:27:52.945   459   459 I PhoneLab-StatusMonitorLocation: Location_Latitude: 42.9950313 Longitude: -78.6862371 Accuracy: 86.0
07-18 15:27:52.945   459   459 I PhoneLab-Locks: wake lock released
07-18 15:27:52.945   274   556 D androidNetworkLocationListeners: Still have listener com.google.android.location.internal.client.NetworkLocationClient$1@4139a548
07-18 15:37:52.007   459   459 I PhoneLab-Locks: wake lock acquired
07-18 15:37:52.011   459   459 I PhoneLab-StatusMonitor: Status Monitoring is started
07-18 15:37:52.066   459   459 I PhoneLab-StatusMonitor: Value: 10 - unit: min
07-18 15:37:52.066   459   459 I PhoneLab-StatusMonitor: Running interval: 600000
07-18 15:37:52.078   459   462 D dalvikvm: GC_CONCURRENT freed 426K, 19% free 9272K/11335K, paused 2ms+3ms
07-18 15:37:52.082   459   459 I PhoneLab-StatusMonitor: Rescheduling status monitoring...
07-18 15:37:52.086   459   459 I PhoneLab-Locks: wake lock released
07-18 15:42:18.011   459   459 I PhoneLab-StatusMonitorLocation: Learning Location
07-18 15:42:18.011   459   459 I PhoneLab-Locks: wake lock acquired
07-18 15:42:18.086   459   459 I PhoneLab-Locks: wake lock acquired
07-18 15:42:18.113   459   459 I PhoneLab-StatusMonitorLocation: Learning Signal Strgth
07-18 15:42:18.113   459   459 I PhoneLab-Locks: wake lock acquired
07-18 15:42:18.113   274   556 D androidNetworkLocationListeners: Still have listener com.google.android.location.internal.client.NetworkLocationClient$1@4139a548
07-18 15:42:18.156   459   459 I PhoneLab-StatusMonitorBattery: Battery_level: 71
07-18 15:42:18.164   141   143 D dalvikvm: GC_CONCURRENT freed 1116K, 10% free 13588K/15047K, paused 3ms+6ms
07-18 15:42:18.191   274   556 D androidNetworkLocationListeners: Still have listener com.google.android.location.internal.client.NetworkLocationClient$1@4139a548
07-18 15:42:18.195   459   459 I PhoneLab-Locks: wake lock released
07-18 15:42:18.195   459   459 I PhoneLab-StatusMonitorSignal: Signal_Strength: -86 asu: 14
07-18 15:42:18.195   459   459 I PhoneLab-Locks: wake lock released
07-18 15:42:19.484   274   276 D dalvikvm: GC_CONCURRENT freed 531K, 9% free 10510K/11527K, paused 2ms+3ms
07-18 15:42:19.500   459   459 I PhoneLab-StatusMonitorLocation: Location_Latitude: 42.995034 Longitude: -78.6862358 Accuracy: 86.0
07-18 15:42:19.504   459   459 I PhoneLab-Locks: wake lock released
07-18 15:42:19.511   274   556 D androidNetworkLocationListeners: Still have listener com.google.android.location.internal.client.NetworkLocationClient$1@4139a548
07-18 15:47:52.086   459   459 I PhoneLab-Locks: wake lock acquired
07-18 15:47:52.089   459   459 I PhoneLab-StatusMonitor: Status Monitoring is started
07-18 15:47:52.144   459   462 D dalvikvm: GC_CONCURRENT freed 435K, 18% free 9347K/11335K, paused 2ms+3ms
07-18 15:47:52.144   459   459 I PhoneLab-StatusMonitor: Value: 10 - unit: min
07-18 15:47:52.144   459   459 I PhoneLab-StatusMonitor: Running interval: 600000
07-18 15:47:52.152   459   459 I PhoneLab-StatusMonitor: Rescheduling status monitoring...
07-18 15:47:52.152   459   459 I PhoneLab-Locks: wake lock released
07-18 15:47:52.156   459   459 I PhoneLab-StatusMonitorLocation: Learning Location
07-18 15:47:52.156   459   459 I PhoneLab-Locks: wake lock acquired
07-18 15:47:52.160   459   459 I PhoneLab-Locks: wake lock acquired
07-18 15:47:52.168   459   459 I PhoneLab-StatusMonitorLocation: Learning Signal Strgth
07-18 15:47:52.168   459   459 I PhoneLab-Locks: wake lock acquired
07-18 15:47:52.172   274   556 D androidNetworkLocationListeners: Still have listener com.google.android.location.internal.client.NetworkLocationClient$1@4139a548
07-18 15:47:52.195   274   556 D androidNetworkLocationListeners: Still have listener com.google.android.location.internal.client.NetworkLocationClient$1@4139a548
07-18 15:47:52.203   370   373 D dalvikvm: GC_CONCURRENT freed 440K, 6% free 9480K/10055K, paused 2ms+2ms
07-18 15:47:52.203   459   459 I PhoneLab-StatusMonitorBattery: Battery_level: 71
07-18 15:47:52.207   459   459 I PhoneLab-Locks: wake lock released
07-18 15:47:52.211   459   459 I PhoneLab-StatusMonitorSignal: Signal_Strength: -86 asu: 14
07-18 15:47:52.211   459   459 I PhoneLab-Locks: wake lock released
07-18 15:47:53.464   459   459 I PhoneLab-StatusMonitorLocation: Location_Latitude: 42.9949802 Longitude: -78.6862433 Accuracy: 25.0
07-18 15:47:53.464   274   556 D androidNetworkLocationListeners: Still have listener com.google.android.location.internal.client.NetworkLocationClient$1@4139a548
07-18 15:47:53.468   459   459 I PhoneLab-Locks: wake lock released
07-18 15:47:53.492   274   276 D dalvikvm: GC_CONCURRENT freed 485K, 9% free 10508K/11527K, paused 2ms+4ms
07-18 15:49:53.207   766  2518 I Gmail   : MainSyncRequestProto: lowestBkwdConvoId: 0, highestHandledServerOp: 4158837, normalSync: true
07-18 15:49:54.488   766   768 D dalvikvm: GC_CONCURRENT freed 412K, 12% free 9812K/11079K, paused 3ms+6ms
07-18 15:49:54.629   766  2518 D dalvikvm: GC_EXPLICIT freed 346K, 12% free 9798K/11079K, paused 1ms+3ms
07-18 15:49:54.640   766  2518 I Gmail   : MainSyncRequestProto: lowestBkwdConvoId: 0, highestHandledServerOp: 4158962, normalSync: true
07-18 15:49:55.199   766  2518 D dalvikvm: GC_EXPLICIT freed 161K, 12% free 9823K/11079K, paused 4ms+3ms
07-18 15:49:55.211   766  2518 I Gmail   : MainSyncRequestProto: lowestBkwdConvoId: 0, highestHandledServerOp: 4158962, normalSync: true
07-18 15:49:55.218   766  2518 W Gmail   : Scheduling index for 300000 ms from now
07-18 15:49:55.254   766  2518 I Gmail   : Sending notification intent: Intent { act=android.intent.action.PROVIDER_CHANGED dat=content://gmail-ls/unread/^i (has extras) }
07-18 15:49:55.343   141   464 D dalvikvm: GC_EXPLICIT freed 363K, 11% free 13535K/15047K, paused 3ms+5ms
07-18 15:49:55.351   766  2520 W Gmail   : Showing notification with unreadCount of 101 and unseenCount of 101
07-18 15:49:55.968   295   298 D dalvikvm: GC_CONCURRENT freed 258K, 8% free 9522K/10311K, paused 2ms+3ms
07-18 15:49:56.031   295  2522 I DownloadManager: Initiating request for download 574
07-18 15:49:56.863   766  2525 E Gmail   : No attachments found with downloadId 574
07-18 15:49:56.879   295   298 D dalvikvm: GC_CONCURRENT freed 531K, 9% free 9389K/10311K, paused 2ms+3ms
07-18 15:50:41.363   917  1041 D SCollector: Waiting for the ScannerThread to start.
07-18 15:50:41.367   917  2526 D SCollector: PreScan started with config: Scanner types: [8]; ScanDuration: 10000, SensorDelay: 0, viewOptedOutWifiAps: false
07-18 15:50:41.367   917  2526 D SCollector: aq started.
07-18 15:50:41.367   917  2526 D SCollector: F started.
07-18 15:50:41.367   917  2526 D SCollector: PreScanner started.
07-18 15:50:44.824   917   919 D dalvikvm: GC_CONCURRENT freed 342K, 7% free 10440K/11207K, paused 21ms+2ms
07-18 15:50:51.433   917   917 D SCollector: aq stopped.
07-18 15:50:51.433   917   917 D SCollector: All scanner finished.
07-18 15:50:51.433   917   917 D SCollector: F stopped.
07-18 15:50:51.433   141   420 W ActivityManager: finishReceiver called but no pending broadcasts
07-18 15:50:51.461   917  2526 D SCollector: PreScanning finished.
07-18 15:50:51.547   917   919 D dalvikvm: GC_CONCURRENT freed 358K, 6% free 10588K/11207K, paused 2ms+3ms
07-18 15:50:51.601   917  2526 D SCollector: PreScanDecision returns false. Will not do real collection.
07-18 15:50:51.601   917  2526 D SCollector: SignalCollector.ScannerThread is quiting.
07-18 15:52:59.199   766  2528 I Gmail   : MainSyncRequestProto: lowestBkwdConvoId: 0, highestHandledServerOp: 4158962, normalSync: true
07-18 15:52:59.839   766  2528 D dalvikvm: GC_EXPLICIT freed 353K, 12% free 9844K/11079K, paused 2ms+4ms
07-18 15:52:59.847   766  2528 I Gmail   : MainSyncRequestProto: lowestBkwdConvoId: 0, highestHandledServerOp: 4158990, normalSync: true
07-18 15:53:00.375   766  2528 D dalvikvm: GC_EXPLICIT freed 180K, 12% free 9824K/11079K, paused 2ms+3ms
07-18 15:53:00.386   766  2528 I Gmail   : MainSyncRequestProto: lowestBkwdConvoId: 0, highestHandledServerOp: 4158990, normalSync: true
07-18 15:53:00.394   766  2528 W Gmail   : Scheduling index for 300000 ms from now
07-18 15:53:00.660   295   298 D dalvikvm: GC_CONCURRENT freed 312K, 9% free 9474K/10311K, paused 1ms+3ms
07-18 15:53:00.734   295  2530 I DownloadManager: Initiating request for download 575
07-18 15:53:01.082   295   298 D dalvikvm: GC_CONCURRENT freed 338K, 8% free 9522K/10311K, paused 3ms+5ms
07-18 15:53:02.734   766  2533 E Gmail   : No attachments found with downloadId 575
07-18 15:53:21.152   766  2535 I Gmail   : MainSyncRequestProto: lowestBkwdConvoId: 0, highestHandledServerOp: 4158990, normalSync: true
07-18 15:53:21.789   766  2535 D dalvikvm: GC_EXPLICIT freed 238K, 12% free 9847K/11079K, paused 2ms+2ms
07-18 15:53:21.800   766  2535 I Gmail   : MainSyncRequestProto: lowestBkwdConvoId: 0, highestHandledServerOp: 4158995, normalSync: true
07-18 15:53:22.308   766  2535 D dalvikvm: GC_EXPLICIT freed 173K, 12% free 9835K/11079K, paused 4ms+3ms
07-18 15:53:22.316   766  2535 I Gmail   : MainSyncRequestProto: lowestBkwdConvoId: 0, highestHandledServerOp: 4158995, normalSync: true
07-18 15:53:22.328   766  2535 W Gmail   : Scheduling index for 300000 ms from now
07-18 15:53:22.578   295   298 D dalvikvm: GC_CONCURRENT freed 367K, 8% free 9551K/10311K, paused 2ms+2ms
07-18 15:53:22.687   295  2537 I DownloadManager: Initiating request for download 576
07-18 15:53:22.910   295   298 D dalvikvm: GC_CONCURRENT freed 330K, 7% free 9631K/10311K, paused 2ms+3ms
07-18 15:53:23.879   766  2540 D dalvikvm: GC_EXPLICIT freed 152K, 12% free 9823K/11079K, paused 2ms+3ms
07-18 15:53:23.879   766  2540 E Gmail   : No attachments found with downloadId 576
07-18 15:53:41.242   766  2543 I Gmail   : MainSyncRequestProto: lowestBkwdConvoId: 0, highestHandledServerOp: 4158995, normalSync: true
07-18 15:53:41.769   766  2543 D dalvikvm: GC_EXPLICIT freed 106K, 12% free 9837K/11079K, paused 2ms+3ms
07-18 15:53:41.781   766  2543 I Gmail   : MainSyncRequestProto: lowestBkwdConvoId: 0, highestHandledServerOp: 4159000, normalSync: true
07-18 15:53:42.285   766  2543 D dalvikvm: GC_EXPLICIT freed 158K, 12% free 9840K/11079K, paused 4ms+3ms
07-18 15:53:42.297   766  2543 I Gmail   : MainSyncRequestProto: lowestBkwdConvoId: 0, highestHandledServerOp: 4159000, normalSync: true
07-18 15:53:42.304   766  2543 W Gmail   : Scheduling index for 300000 ms from now
07-18 15:53:42.492   295   298 D dalvikvm: GC_CONCURRENT freed 428K, 7% free 9594K/10311K, paused 2ms+3ms
07-18 15:53:42.648   295  2545 I DownloadManager: Initiating request for download 577
07-18 15:53:42.722   295   298 D dalvikvm: GC_CONCURRENT freed 266K, 6% free 9729K/10311K, paused 4ms+7ms
07-18 15:53:43.824   141   338 D dalvikvm: GC_EXPLICIT freed 745K, 10% free 13573K/15047K, paused 5ms+5ms
07-18 15:53:43.937   295   298 D dalvikvm: GC_CONCURRENT freed 506K, 7% free 9681K/10311K, paused 2ms+3ms
07-18 15:53:43.996   766  2549 E Gmail   : No attachments found with downloadId 577
07-18 15:54:16.121   766  2551 I Gmail   : MainSyncRequestProto: lowestBkwdConvoId: 0, highestHandledServerOp: 4159000, normalSync: true
07-18 15:54:16.789   766  2551 D dalvikvm: GC_EXPLICIT freed 248K, 12% free 9858K/11079K, paused 17ms+3ms
07-18 15:54:16.800   766  2551 I Gmail   : MainSyncRequestProto: lowestBkwdConvoId: 0, highestHandledServerOp: 4159012, normalSync: true
07-18 15:54:17.332   766  2551 D dalvikvm: GC_EXPLICIT freed 220K, 12% free 9829K/11079K, paused 4ms+3ms
07-18 15:54:17.339   766  2551 I Gmail   : MainSyncRequestProto: lowestBkwdConvoId: 0, highestHandledServerOp: 4159012, normalSync: true
07-18 15:54:17.351   766  2551 W Gmail   : Scheduling index for 300000 ms from now
07-18 15:54:17.648   295   298 D dalvikvm: GC_CONCURRENT freed 558K, 8% free 9519K/10311K, paused 1ms+3ms
07-18 15:54:17.726   295  2553 I DownloadManager: Initiating request for download 578
07-18 15:54:18.152   295   298 D dalvikvm: GC_CONCURRENT freed 378K, 8% free 9535K/10311K, paused 1ms+2ms
07-18 15:54:19.968   766  2558 E Gmail   : No attachments found with downloadId 578
07-18 15:54:42.214   274   276 D dalvikvm: GC_CONCURRENT freed 366K, 9% free 10543K/11527K, paused 18ms+3ms
07-18 15:54:42.238   766  2560 I Gmail   : MainSyncRequestProto: lowestBkwdConvoId: 0, highestHandledServerOp: 4159012, normalSync: true
07-18 15:54:42.804   766  2560 D dalvikvm: GC_EXPLICIT freed 243K, 12% free 9845K/11079K, paused 8ms+3ms
07-18 15:54:42.812   766  2560 I Gmail   : MainSyncRequestProto: lowestBkwdConvoId: 0, highestHandledServerOp: 4159017, normalSync: true
07-18 15:54:43.300   766  2560 D dalvikvm: GC_EXPLICIT freed 175K, 12% free 9833K/11079K, paused 4ms+2ms
07-18 15:54:43.312   766  2560 I Gmail   : MainSyncRequestProto: lowestBkwdConvoId: 0, highestHandledServerOp: 4159017, normalSync: true
07-18 15:54:43.320   766  2560 W Gmail   : Scheduling index for 300000 ms from now
07-18 15:54:43.574   295   298 D dalvikvm: GC_CONCURRENT freed 377K, 8% free 9554K/10311K, paused 1ms+3ms
07-18 15:54:43.699   295  2562 I DownloadManager: Initiating request for download 579
07-18 15:54:43.836   459  1052 I PhoneLab-: Service Running
07-18 15:54:43.910   459  1052 I PhoneLab-LoggerService: app_38    1055  459   1428   1060  c00f181c 400107b4 S logcat
07-18 15:54:43.910   459  1052 I PhoneLab-LoggerService: Logcat pid from database 1055
07-18 15:54:43.910   459  1052 I PhoneLab-LoggerService: Logcat process found 1055
07-18 15:54:43.910   459  1052 I PhoneLab-LoggerService: Checking Threshold
07-18 15:54:43.910   459  1052 I PhoneLab-: Service Running
07-18 15:54:43.937   459  1052 I PhoneLab-LoggerService: app_38    1055  459   1428   1060  c00f181c 400107b4 S logcat
07-18 15:54:43.937   459  1052 I PhoneLab-LoggerService: Logcat pid from database 1055
07-18 15:54:43.941   459  1052 I PhoneLab-LoggerService: Logcat process found 1055
07-18 15:54:43.941   459  1052 I PhoneLab-LoggerService: Checking Threshold
07-18 15:54:43.941   459  1052 I PhoneLab-: Service Running
07-18 15:54:43.984   295   298 D dalvikvm: GC_CONCURRENT freed 298K, 7% free 9651K/10311K, paused 2ms+3ms
07-18 15:54:44.000   459  1052 I PhoneLab-LoggerService: app_38    1055  459   1428   1060  c00f181c 400107b4 S logcat
07-18 15:54:44.000   459  1052 I PhoneLab-LoggerService: Logcat pid from database 1055
07-18 15:54:44.000   459  1052 I PhoneLab-LoggerService: Logcat process found 1055
07-18 15:54:44.000   459  1052 I PhoneLab-LoggerService: Checking Threshold
07-18 15:54:44.000   459  1052 I PhoneLab-: Service Running
07-18 15:54:44.027   459  1052 I PhoneLab-LoggerService: app_38    1055  459   1428   1060  c00f181c 400107b4 S logcat
07-18 15:54:44.027   459  1052 I PhoneLab-LoggerService: Logcat pid from database 1055
07-18 15:54:44.027   459  1052 I PhoneLab-LoggerService: Logcat process found 1055
07-18 15:54:44.027   459  1052 I PhoneLab-LoggerService: Checking Threshold
07-18 15:54:44.027   459  1052 I PhoneLab-: Service Running
07-18 15:54:44.058   459  1052 I PhoneLab-LoggerService: app_38    1055  459   1428   1060  c00f181c 400107b4 S logcat
07-18 15:54:44.058   459  1052 I PhoneLab-LoggerService: Logcat pid from database 1055
07-18 15:54:44.058   459  1052 I PhoneLab-LoggerService: Logcat process found 1055
07-18 15:54:44.058   459  1052 I PhoneLab-LoggerService: Checking Threshold
07-18 15:54:44.058   459  1052 I PhoneLab-: Service Running
07-18 15:54:44.089   459  1052 I PhoneLab-LoggerService: app_38    1055  459   1428   1060  c00f181c 400107b4 S logcat
07-18 15:54:44.089   459  1052 I PhoneLab-LoggerService: Logcat pid from database 1055
07-18 15:54:44.089   459  1052 I PhoneLab-LoggerService: Logcat process found 1055
07-18 15:54:44.089   459  1052 I PhoneLab-LoggerService: Checking Threshold
07-18 15:54:44.089   459  1052 I PhoneLab-: Service Running
07-18 15:54:44.125   459  1052 I PhoneLab-LoggerService: app_38    1055  459   1428   1060  c00f181c 400107b4 S logcat
07-18 15:54:44.125   459  1052 I PhoneLab-LoggerService: Logcat pid from database 1055
07-18 15:54:44.125   459  1052 I PhoneLab-LoggerService: Logcat process found 1055
07-18 15:54:44.125   459  1052 I PhoneLab-LoggerService: Checking Threshold
07-18 15:54:44.125   459  1052 I PhoneLab-: Service Running
07-18 15:54:44.156   459   462 D dalvikvm: GC_CONCURRENT freed 524K, 19% free 9219K/11335K, paused 2ms+2ms
07-18 15:54:44.175   459  1052 I PhoneLab-LoggerService: app_38    1055  459   1428   1060  c00f181c 400107b4 S logcat
07-18 15:54:44.175   459  1052 I PhoneLab-LoggerService: Logcat pid from database 1055
07-18 15:54:44.175   459  1052 I PhoneLab-LoggerService: Logcat process found 1055
07-18 15:54:44.175   459  1052 I PhoneLab-LoggerService: Checking Threshold
07-18 15:54:44.175   459  1052 I PhoneLab-: Service Running
07-18 15:54:44.207   459  1052 I PhoneLab-LoggerService: app_38    1055  459   1428   1060  c00f181c 400107b4 S logcat
07-18 15:54:44.207   459  1052 I PhoneLab-LoggerService: Logcat pid from database 1055
07-18 15:54:44.207   459  1052 I PhoneLab-LoggerService: Logcat process found 1055
07-18 15:54:44.207   459  1052 I PhoneLab-LoggerService: Checking Threshold
07-18 15:54:44.207   459  1052 I PhoneLab-: Service Running
07-18 15:54:44.234   459  1052 I PhoneLab-LoggerService: app_38    1055  459   1428   1060  c00f181c 400107b4 S logcat
07-18 15:54:44.234   459  1052 I PhoneLab-LoggerService: Logcat pid from database 1055
07-18 15:54:44.234   459  1052 I PhoneLab-LoggerService: Logcat process found 1055
07-18 15:54:44.234   459  1052 I PhoneLab-LoggerService: Checking Threshold
07-18 15:54:44.234   459  1052 I PhoneLab-: Service Running
07-18 15:54:44.265   459  1052 I PhoneLab-LoggerService: app_38    1055  459   1428   1060  c00f181c 400107b4 S logcat
07-18 15:54:44.265   459  1052 I PhoneLab-LoggerService: Logcat pid from database 1055
07-18 15:54:44.265   459  1052 I PhoneLab-LoggerService: Logcat process found 1055
07-18 15:54:44.265   459  1052 I PhoneLab-LoggerService: Checking Threshold
07-18 15:54:44.265   459  1052 I PhoneLab-: Service Running
07-18 15:54:44.296   459  1052 I PhoneLab-LoggerService: app_38    1055  459   1428   1060  c00f181c 400107b4 S logcat
07-18 15:54:44.296   459  1052 I PhoneLab-LoggerService: Logcat pid from database 1055
07-18 15:54:44.296   459  1052 I PhoneLab-LoggerService: Logcat process found 1055
07-18 15:54:44.296   459  1052 I PhoneLab-LoggerService: Checking Threshold
07-18 15:54:44.296   459  1052 I PhoneLab-: Service Running
07-18 15:54:44.324   459  1052 I PhoneLab-LoggerService: app_38    1055  459   1428   1060  c00f181c 400107b4 S logcat
07-18 15:54:44.324   459  1052 I PhoneLab-LoggerService: Logcat pid from database 1055
07-18 15:54:44.324   459  1052 I PhoneLab-LoggerService: Logcat process found 1055
07-18 15:54:44.324   459  1052 I PhoneLab-LoggerService: Checking Threshold
07-18 15:54:44.324   459  1052 I PhoneLab-: Service Running
07-18 15:54:44.355   459  1052 I PhoneLab-LoggerService: app_38    1055  459   1428   1060  c00f181c 400107b4 S logcat
07-18 15:54:44.355   459  1052 I PhoneLab-LoggerService: Logcat pid from database 1055
07-18 15:54:44.355   459  1052 I PhoneLab-LoggerService: Logcat process found 1055
07-18 15:54:44.355   459  1052 I PhoneLab-LoggerService: Checking Threshold
07-18 15:54:44.355   459  1052 I PhoneLab-: Service Running
07-18 15:54:44.394   459  1052 I PhoneLab-LoggerService: app_38    1055  459   1428   1060  c00f181c 400107b4 S logcat
07-18 15:54:44.394   459  1052 I PhoneLab-LoggerService: Logcat pid from database 1055
07-18 15:54:44.394   459  1052 I PhoneLab-LoggerService: Logcat process found 1055
07-18 15:54:44.394   459  1052 I PhoneLab-LoggerService: Checking Threshold
07-18 15:54:44.394   459  1052 I PhoneLab-: Service Running
07-18 15:54:44.414   459   462 D dalvikvm: GC_CONCURRENT freed 414K, 19% free 9210K/11335K, paused 2ms+2ms
07-18 15:54:44.441   459  1052 I PhoneLab-LoggerService: app_38    1055  459   1428   1060  c00f181c 400107b4 S logcat
07-18 15:54:44.441   459  1052 I PhoneLab-LoggerService: Logcat pid from database 1055
07-18 15:54:44.441   459  1052 I PhoneLab-LoggerService: Logcat process found 1055
07-18 15:54:44.441   459  1052 I PhoneLab-LoggerService: Checking Threshold
07-18 15:54:44.441   459  1052 I PhoneLab-: Service Running
07-18 15:54:44.468   459  1052 I PhoneLab-LoggerService: app_38    1055  459   1428   1060  c00f181c 400107b4 S logcat
07-18 15:54:44.468   459  1052 I PhoneLab-LoggerService: Logcat pid from database 1055
07-18 15:54:44.472   459  1052 I PhoneLab-LoggerService: Logcat process found 1055
07-18 15:54:44.472   459  1052 I PhoneLab-LoggerService: Checking Threshold
07-18 15:54:44.472   459  1052 I PhoneLab-: Service Running
07-18 15:54:44.504   459  1052 I PhoneLab-LoggerService: app_38    1055  459   1428   1060  c00f181c 400107b4 S logcat
07-18 15:54:44.504   459  1052 I PhoneLab-LoggerService: Logcat pid from database 1055
07-18 15:54:44.504   459  1052 I PhoneLab-LoggerService: Logcat process found 1055
07-18 15:54:44.504   459  1052 I PhoneLab-LoggerService: Checking Threshold
07-18 15:54:44.504   459  1052 I PhoneLab-: Service Running
07-18 15:54:44.531   459  1052 I PhoneLab-LoggerService: app_38    1055  459   1428   1060  c00f181c 400107b4 S logcat
07-18 15:54:44.531   459  1052 I PhoneLab-LoggerService: Logcat pid from database 1055
07-18 15:54:44.531   459  1052 I PhoneLab-LoggerService: Logcat process found 1055
07-18 15:54:44.531   459  1052 I PhoneLab-LoggerService: Checking Threshold
07-18 15:54:44.531   459  1052 I PhoneLab-: Service Running
07-18 15:54:44.558   459  1052 I PhoneLab-LoggerService: app_38    1055  459   1428   1060  c00f181c 400107b4 S logcat
07-18 15:54:44.558   459  1052 I PhoneLab-LoggerService: Logcat pid from database 1055
07-18 15:54:44.558   459  1052 I PhoneLab-LoggerService: Logcat process found 1055
07-18 15:54:44.558   459  1052 I PhoneLab-LoggerService: Checking Threshold
07-18 15:54:44.562   459  1052 I PhoneLab-: Service Running
07-18 15:54:44.586   459  1052 I PhoneLab-LoggerService: app_38    1055  459   1428   1060  c00f181c 400107b4 S logcat
07-18 15:54:44.589   459  1052 I PhoneLab-LoggerService: Logcat pid from database 1055
07-18 15:54:44.589   459  1052 I PhoneLab-LoggerService: Logcat process found 1055
07-18 15:54:44.589   459  1052 I PhoneLab-LoggerService: Checking Threshold
07-18 15:54:44.589   459  1052 I PhoneLab-: Service Running
07-18 15:54:44.613   459  1052 I PhoneLab-LoggerService: app_38    1055  459   1428   1060  c00f181c 400107b4 S logcat
07-18 15:54:44.613   459  1052 I PhoneLab-LoggerService: Logcat pid from database 1055
07-18 15:54:44.617   459  1052 I PhoneLab-LoggerService: Logcat process found 1055
07-18 15:54:44.617   459  1052 I PhoneLab-LoggerService: Checking Threshold
07-18 15:54:44.617   459  1052 I PhoneLab-: Service Running
07-18 15:54:44.656   459  1052 I PhoneLab-LoggerService: app_38    1055  459   1428   1060  c00f181c 400107b4 S logcat
07-18 15:54:44.656   459  1052 I PhoneLab-LoggerService: Logcat pid from database 1055
07-18 15:54:44.656   459  1052 I PhoneLab-LoggerService: Logcat process found 1055
07-18 15:54:44.656   459  1052 I PhoneLab-LoggerService: Checking Threshold
07-18 15:54:44.660   459   462 D dalvikvm: GC_CONCURRENT freed 406K, 19% free 9210K/11335K, paused 1ms+2ms
07-18 15:54:45.074   295   298 D dalvikvm: GC_CONCURRENT freed 454K, 7% free 9593K/10311K, paused 1ms+10ms
07-18 15:54:45.082   766  2589 E Gmail   : No attachments found with downloadId 579
07-18 15:54:45.113   295  2590 I DownloadManager: Initiating request for download 579
07-18 15:54:45.113   295  2590 W DownloadManager: Aborting request for download 579: Trying to resume a download that can't be resumed
07-18 15:54:45.320   295   298 D dalvikvm: GC_CONCURRENT freed 288K, 6% free 9702K/10311K, paused 1ms+3ms
07-18 15:55:15.148   766  2596 I Gmail   : MainSyncRequestProto: lowestBkwdConvoId: 0, highestHandledServerOp: 4159017, normalSync: true
07-18 15:55:15.742   766  2596 D dalvikvm: GC_EXPLICIT freed 258K, 12% free 9852K/11079K, paused 8ms+3ms
07-18 15:55:15.750   766  2596 I Gmail   : MainSyncRequestProto: lowestBkwdConvoId: 0, highestHandledServerOp: 4159022, normalSync: true
07-18 15:55:16.347   766  2596 D dalvikvm: GC_EXPLICIT freed 206K, 12% free 9838K/11079K, paused 2ms+3ms
07-18 15:55:16.355   766  2596 I Gmail   : MainSyncRequestProto: lowestBkwdConvoId: 0, highestHandledServerOp: 4159022, normalSync: true
07-18 15:55:16.367   766  2596 W Gmail   : Scheduling index for 300000 ms from now
07-18 15:55:16.882   295  2392 D dalvikvm: GC_EXPLICIT freed 219K, 6% free 9694K/10311K, paused 18ms+4ms
07-18 15:55:35.066   295   298 D dalvikvm: GC_CONCURRENT freed 339K, 6% free 9743K/10311K, paused 3ms+6ms
07-18 15:55:35.109   295  2598 I DownloadManager: Initiating request for download 580
07-18 15:55:35.144   766  2601 I Gmail   : MainSyncRequestProto: lowestBkwdConvoId: 0, highestHandledServerOp: 4159022, normalSync: true
07-18 15:55:35.668   766  2601 D dalvikvm: GC_EXPLICIT freed 229K, 12% free 9850K/11079K, paused 2ms+3ms
07-18 15:55:35.679   766  2601 I Gmail   : MainSyncRequestProto: lowestBkwdConvoId: 0, highestHandledServerOp: 4159027, normalSync: true
07-18 15:55:35.757   141  2247 D dalvikvm: GC_EXPLICIT freed 579K, 10% free 13598K/15047K, paused 2ms+5ms
07-18 15:55:36.023   766  2603 E Gmail   : No attachments found with downloadId 580
07-18 15:55:36.039   295   298 D dalvikvm: GC_CONCURRENT freed 484K, 6% free 9716K/10311K, paused 2ms+3ms
07-18 15:55:36.062   295  2604 I DownloadManager: Initiating request for download 580
07-18 15:55:36.066   295  2604 W DownloadManager: Aborting request for download 580: Trying to resume a download that can't be resumed
07-18 15:55:36.359   766  2601 D dalvikvm: GC_EXPLICIT freed 197K, 12% free 9848K/11079K, paused 5ms+7ms
07-18 15:55:36.371   766  2601 I Gmail   : MainSyncRequestProto: lowestBkwdConvoId: 0, highestHandledServerOp: 4159027, normalSync: true
07-18 15:55:36.379   766  2601 W Gmail   : Scheduling index for 300000 ms from now
07-18 15:55:36.636   295   298 D dalvikvm: GC_CONCURRENT freed 670K, 9% free 9438K/10311K, paused 2ms+2ms
07-18 15:55:36.761   295  2609 I DownloadManager: Initiating request for download 581
07-18 15:55:37.062   295   298 D dalvikvm: GC_CONCURRENT freed 276K, 8% free 9552K/10311K, paused 12ms+3ms
07-18 15:55:37.898   766  2612 E Gmail   : No attachments found with downloadId 581
07-18 15:55:37.921   295  2613 I DownloadManager: Initiating request for download 581
07-18 15:55:37.921   295  2613 W DownloadManager: Aborting request for download 581: Trying to resume a download that can't be resumed
07-18 15:55:38.086   295   298 D dalvikvm: GC_CONCURRENT freed 431K, 8% free 9513K/10311K, paused 3ms+5ms
07-18 15:55:38.328   295   298 D dalvikvm: GC_CONCURRENT freed 254K, 7% free 9647K/10311K, paused 4ms+6ms
07-18 15:55:44.144   766  2619 I Gmail   : MainSyncRequestProto: lowestBkwdConvoId: 0, highestHandledServerOp: 4159027, normalSync: true
07-18 15:55:44.746   766   768 D dalvikvm: GC_CONCURRENT freed 393K, 12% free 9841K/11079K, paused 1ms+4ms
07-18 15:55:44.800   766  2619 D dalvikvm: GC_EXPLICIT freed 47K, 12% free 9802K/11079K, paused 3ms+3ms
07-18 15:55:44.812   766  2619 I Gmail   : MainSyncRequestProto: lowestBkwdConvoId: 0, highestHandledServerOp: 4159039, normalSync: true
07-18 15:55:45.367   766  2619 D dalvikvm: GC_EXPLICIT freed 141K, 12% free 9827K/11079K, paused 4ms+7ms
07-18 15:55:45.379   766  2619 I Gmail   : MainSyncRequestProto: lowestBkwdConvoId: 0, highestHandledServerOp: 4159039, normalSync: true
07-18 15:55:45.390   766  2619 W Gmail   : Scheduling index for 300000 ms from now
07-18 15:56:00.218   295   298 D dalvikvm: GC_CONCURRENT freed 311K, 6% free 9725K/10311K, paused 1ms+3ms
07-18 15:56:00.300   295  2623 I DownloadManager: Initiating request for download 582
07-18 15:56:01.078   766  2626 E Gmail   : No attachments found with downloadId 582
07-18 15:56:01.089   295   298 D dalvikvm: GC_CONCURRENT freed 563K, 7% free 9626K/10311K, paused 2ms+3ms
07-18 15:56:01.109   295  2627 I DownloadManager: Initiating request for download 582
07-18 15:56:01.109   295  2627 W DownloadManager: Aborting request for download 582: Trying to resume a download that can't be resumed
07-18 15:56:01.386   295   298 D dalvikvm: GC_CONCURRENT freed 297K, 6% free 9726K/10311K, paused 1ms+3ms
07-18 15:56:14.269   141   297 I ActivityManager: No longer want com.android.sprintmenu (pid 682): hidden #16
07-18 15:56:14.304   141   338 W ActivityManager: Scheduling restart of crashed service com.android.sprintmenu/.HiddenPhoneService in 5000ms
07-18 15:57:47.269   459   459 I PhoneLab-Locks: wake lock acquired
07-18 15:57:47.312   459  2632 I PhoneLab-PeriodicCheckService: User info is synched
07-18 15:57:47.312   459  2632 I PhoneLab-PeriodicCheckService: Logger Service is running
07-18 15:57:47.312   459  2632 I PhoneLab-Locks: wake lock acquired
07-18 15:57:47.316   459   459 I PhoneLab-UploadLogs: Transfering log files now
07-18 15:57:47.316   459   459 I PhoneLab-UploadLogs: No log files to transfer
07-18 15:57:47.316   459   459 I PhoneLab-Locks: wake lock released
07-18 15:57:47.320   459   459 I PhoneLab-UploadLogs: OnStartCommand
07-18 15:57:47.320   459  2632 I PhoneLab-PeriodicCheckService: Rescheduling periodic checking...
07-18 15:57:47.320   459  2632 I PhoneLab-Locks: wake lock released
07-18 15:57:52.175   459   459 I PhoneLab-Locks: wake lock acquired
07-18 15:57:52.179   459   459 I PhoneLab-StatusMonitor: Status Monitoring is started
07-18 15:57:52.242   459   462 D dalvikvm: GC_CONCURRENT freed 388K, 18% free 9334K/11335K, paused 1ms+2ms
07-18 15:57:52.246   459   459 I PhoneLab-StatusMonitor: Value: 10 - unit: min
07-18 15:57:52.246   459   459 I PhoneLab-StatusMonitor: Running interval: 600000
07-18 15:57:52.253   459   459 I PhoneLab-StatusMonitor: Rescheduling status monitoring...
07-18 15:57:52.253   459   459 I PhoneLab-Locks: wake lock released
07-18 15:57:52.257   459   459 I PhoneLab-StatusMonitorLocation: Learning Location
07-18 15:57:52.257   459   459 I PhoneLab-Locks: wake lock acquired
07-18 15:57:52.261   459   459 I PhoneLab-Locks: wake lock acquired
07-18 15:57:52.265   274   556 D androidNetworkLocationListeners: Still have listener com.google.android.location.internal.client.NetworkLocationClient$1@4139a548
07-18 15:57:52.273   459   459 I PhoneLab-StatusMonitorLocation: Learning Signal Strgth
07-18 15:57:52.273   459   459 I PhoneLab-Locks: wake lock acquired
07-18 15:57:52.281   274   556 D androidNetworkLocationListeners: Still have listener com.google.android.location.internal.client.NetworkLocationClient$1@4139a548
07-18 15:57:52.304   459   459 I PhoneLab-StatusMonitorBattery: Battery_level: 70
07-18 15:57:52.304   459   459 I PhoneLab-Locks: wake lock released
07-18 15:57:52.308   459   459 I PhoneLab-StatusMonitorSignal: Signal_Strength: -86 asu: 14
07-18 15:57:52.308   459   459 I PhoneLab-Locks: wake lock released
07-18 15:57:52.695   274  1104 I EventLogService: Aggregate from 1342639672608 (log), 1342639672608 (data)
07-18 15:57:53.586   459   459 I PhoneLab-StatusMonitorLocation: Location_Latitude: 42.9950237 Longitude: -78.6862309 Accuracy: 87.0
07-18 15:57:53.586   274   556 D androidNetworkLocationListeners: Still have listener com.google.android.location.internal.client.NetworkLocationClient$1@4139a548
07-18 15:57:53.586   459   459 I PhoneLab-Locks: wake lock released
07-18 15:57:53.613   274   276 D dalvikvm: GC_CONCURRENT freed 437K, 9% free 10542K/11527K, paused 2ms+5ms
07-18 15:57:53.968   141   158 I ActivityManager: Start proc com.android.sprintmenu for service com.android.sprintmenu/.HiddenPhoneService: pid=2636 uid=1001 gids={3002, 3001, 3003, 1015}
07-18 15:57:54.007    79    79 D dalvikvm: GC_EXPLICIT freed 37K, 4% free 9027K/9347K, paused 6ms+12ms
07-18 15:57:54.043    79    79 D dalvikvm: GC_EXPLICIT freed <1K, 4% free 9027K/9347K, paused 3ms+2ms
07-18 15:57:54.066    79    79 D dalvikvm: GC_EXPLICIT freed <1K, 4% free 9027K/9347K, paused 1ms+3ms
07-18 15:59:45.007   141   158 I ActivityManager: No longer want com.google.android.apps.maps:NetworkLocationService (pid 917): hidden #16
07-18 15:59:45.062   141   346 W ActivityManager: Scheduling restart of crashed service com.google.android.apps.maps/com.google.android.location.internal.server.NetworkLocationService in 5000ms
07-18 16:02:16.382   274  1102 E TalkProvider: [TalkProvider] caught android.database.sqlite.SQLiteConstraintException: error code 19: constraint failed inserting message
07-18 16:02:16.601   141   152 D dalvikvm: GC_EXPLICIT freed 1091K, 11% free 13482K/15047K, paused 12ms+6ms
07-18 16:02:16.855   274  1102 E TalkProvider: [TalkProvider] caught android.database.sqlite.SQLiteConstraintException: error code 19: constraint failed inserting message
07-18 16:02:16.925   274   276 D dalvikvm: GC_CONCURRENT freed 408K, 9% free 10519K/11527K, paused 16ms+2ms
07-18 16:02:26.121   274  1102 E TalkProvider: [TalkProvider] caught android.database.sqlite.SQLiteConstraintException: error code 19: constraint failed inserting message
07-18 16:02:26.172   766  2655 I Gmail   : MainSyncRequestProto: lowestBkwdConvoId: 0, highestHandledServerOp: 4159039, normalSync: true
07-18 16:02:26.261   239   241 D dalvikvm: GC_CONCURRENT freed 400K, 6% free 9517K/10055K, paused 2ms+8ms
07-18 16:02:26.320   274  1102 E TalkProvider: [TalkProvider] caught android.database.sqlite.SQLiteConstraintException: error code 19: constraint failed inserting message
07-18 16:02:26.488   211   213 D dalvikvm: GC_CONCURRENT freed 370K, 12% free 9979K/11271K, paused 9ms+3ms
07-18 16:02:26.507   141  2657 I AudioService:  AudioFocus  requestAudioFocus() from android.media.AudioManager@41562ad0
07-18 16:02:26.535    81   121 D AudioHardware: AudioHardware pcm playback is exiting standby.
07-18 16:02:26.535    81   121 D AudioHardware: openPcmOut_l() mPcmOpenCnt: 0
07-18 16:02:26.570   274  1102 E TalkProvider: [TalkProvider] caught android.database.sqlite.SQLiteConstraintException: error code 19: constraint failed inserting message
07-18 16:02:26.664   211   213 D dalvikvm: GC_CONCURRENT freed 241K, 10% free 10209K/11271K, paused 2ms+2ms
07-18 16:02:26.843   211   213 D dalvikvm: GC_CONCURRENT freed 501K, 10% free 10200K/11271K, paused 2ms+2ms
07-18 16:02:26.855   766   768 D dalvikvm: GC_CONCURRENT freed 360K, 12% free 9860K/11079K, paused 2ms+8ms
07-18 16:02:27.187   766  2655 D dalvikvm: GC_EXPLICIT freed 152K, 12% free 9802K/11079K, paused 2ms+3ms
07-18 16:02:27.195   766  2655 I Gmail   : MainSyncRequestProto: lowestBkwdConvoId: 0, highestHandledServerOp: 4159084, normalSync: true
07-18 16:02:27.804   766  2655 D dalvikvm: GC_EXPLICIT freed 137K, 12% free 9824K/11079K, paused 6ms+4ms
07-18 16:02:27.816   766  2655 I Gmail   : MainSyncRequestProto: lowestBkwdConvoId: 0, highestHandledServerOp: 4159084, normalSync: true
07-18 16:02:27.828   766  2655 W Gmail   : Scheduling index for 300000 ms from now
07-18 16:02:27.859   141   158 I ActivityManager: Start proc com.google.android.apps.maps:NetworkLocationService for service com.google.android.apps.maps/com.google.android.location.internal.server.NetworkLocationService: pid=2662 uid=10056 gids={3003, 1015}
07-18 16:02:27.976  2662  2665 D dalvikvm: GC_CONCURRENT freed 153K, 3% free 9378K/9607K, paused 2ms+2ms
07-18 16:02:28.121   141   469 I ActivityManager: No longer want com.google.android.apps.uploader (pid 972): hidden #16
07-18 16:02:28.132  2662  2665 D dalvikvm: GC_CONCURRENT freed 150K, 3% free 9670K/9927K, paused 2ms+2ms
07-18 16:02:28.398  2662  2665 D dalvikvm: GC_CONCURRENT freed 174K, 3% free 10061K/10311K, paused 2ms+5ms
07-18 16:02:28.429   141  2657 I AudioService:  AudioFocus  abandonAudioFocus() from android.media.AudioManager@41562ad0
07-18 16:02:28.586  2662  2665 D dalvikvm: GC_CONCURRENT freed 664K, 8% free 9877K/10631K, paused 2ms+2ms
07-18 16:02:28.656   141   158 I ActivityManager: Start proc com.google.android.apps.maps:FriendService for broadcast com.google.android.apps.maps/com.google.googlenav.friend.android.ServiceReceiver: pid=2684 uid=10056 gids={3003, 1015}
07-18 16:02:28.773  2684  2687 D dalvikvm: GC_CONCURRENT freed 156K, 3% free 9376K/9607K, paused 2ms+2ms
07-18 16:02:28.922  2684  2687 D dalvikvm: GC_CONCURRENT freed 191K, 3% free 9722K/9991K, paused 1ms+4ms
07-18 16:02:28.976   141   491 I ActivityManager: Start proc com.google.android.apps.maps:LocationFriendService for broadcast com.google.android.apps.maps/com.google.googlenav.friend.reporting.LocationReportingIntentReceiver: pid=2697 uid=10056 gids={3003, 1015}
07-18 16:02:28.996  2662  2683 D dalvikvm: GC_FOR_ALLOC freed 163K, 7% free 9988K/10631K, paused 33ms
07-18 16:02:29.132  2697  2700 D dalvikvm: GC_CONCURRENT freed 158K, 3% free 9373K/9607K, paused 3ms+3ms
07-18 16:02:29.312  2697  2700 D dalvikvm: GC_CONCURRENT freed 195K, 3% free 9718K/9991K, paused 2ms+3ms
07-18 16:02:29.367   141   469 I ActivityManager: No longer want com.google.android.partnersetup (pid 1063): hidden #16
07-18 16:02:29.410   295   298 D dalvikvm: GC_CONCURRENT freed 343K, 5% free 9830K/10311K, paused 1ms+4ms
07-18 16:02:29.547   295  2718 I DownloadManager: Initiating request for download 583
07-18 16:02:30.062   295   298 D dalvikvm: GC_CONCURRENT freed 798K, 10% free 9441K/10375K, paused 1ms+3ms
07-18 16:02:30.535   239   262 V GoogleLoginService: Returning error intent with: ComponentInfo{com.google.android.gsf.login/com.google.android.gsf.login.LoginActivity}
07-18 16:02:30.746   239   261 V GoogleLoginService: Returning error intent with: ComponentInfo{com.google.android.gsf.login/com.google.android.gsf.login.LoginActivity}
07-18 16:02:30.781   239   241 D dalvikvm: GC_CONCURRENT freed 401K, 6% free 9515K/10119K, paused 2ms+2ms
07-18 16:02:30.988   239   261 V GoogleLoginService: Returning error intent with: ComponentInfo{com.google.android.gsf.login/com.google.android.gsf.login.LoginActivity}
07-18 16:02:31.504    81   121 D AudioHardware: AudioHardware pcm playback is going to standby.
07-18 16:02:31.507    81   121 D AudioHardware: closePcmOut_l() mPcmOpenCnt: 1
07-18 16:02:32.054   766  2724 E Gmail   : No attachments found with downloadId 583
07-18 16:02:32.086   141  2247 I ActivityManager: No longer want com.google.android.voicesearch (pid 1082): hidden #16
07-18 16:02:48.136   766  2726 I Gmail   : MainSyncRequestProto: lowestBkwdConvoId: 0, highestHandledServerOp: 4159084, normalSync: true
07-18 16:02:48.593   766  2726 D dalvikvm: GC_EXPLICIT freed 241K, 12% free 9846K/11079K, paused 4ms+3ms
07-18 16:02:48.605   766  2726 I Gmail   : MainSyncRequestProto: lowestBkwdConvoId: 0, highestHandledServerOp: 4159089, normalSync: true
07-18 16:02:49.179   766  2726 D dalvikvm: GC_EXPLICIT freed 171K, 12% free 9834K/11079K, paused 4ms+2ms
07-18 16:02:49.191   766  2726 I Gmail   : MainSyncRequestProto: lowestBkwdConvoId: 0, highestHandledServerOp: 4159089, normalSync: true
07-18 16:02:49.203   766  2726 W Gmail   : Scheduling index for 300000 ms from now
07-18 16:02:49.429   295   298 D dalvikvm: GC_CONCURRENT freed 408K, 10% free 9422K/10375K, paused 3ms+5ms
07-18 16:02:49.613   295  2728 I DownloadManager: Initiating request for download 584
07-18 16:02:49.675   295   298 D dalvikvm: GC_CONCURRENT freed 270K, 8% free 9559K/10375K, paused 3ms+6ms
07-18 16:02:50.347   766  2731 E Gmail   : No attachments found with downloadId 584
07-18 16:02:50.402   295   298 D dalvikvm: GC_CONCURRENT freed 452K, 9% free 9501K/10375K, paused 2ms+2ms
07-18 16:03:26.250   141   165 D dalvikvm: GC_EXPLICIT freed 931K, 11% free 13524K/15047K, paused 2ms+6ms
07-18 16:03:26.265   766  2733 I Gmail   : MainSyncRequestProto: lowestBkwdConvoId: 0, highestHandledServerOp: 4159089, normalSync: true
07-18 16:03:26.820   766  2733 D dalvikvm: GC_EXPLICIT freed 248K, 12% free 9852K/11079K, paused 2ms+3ms
07-18 16:03:26.828   766  2733 I Gmail   : MainSyncRequestProto: lowestBkwdConvoId: 0, highestHandledServerOp: 4159094, normalSync: true
07-18 16:03:27.722   766  2733 D dalvikvm: GC_EXPLICIT freed 198K, 12% free 9828K/11079K, paused 2ms+3ms
07-18 16:03:27.730   766  2733 I Gmail   : MainSyncRequestProto: lowestBkwdConvoId: 0, highestHandledServerOp: 4159094, normalSync: true
07-18 16:03:27.742   766  2733 W Gmail   : Scheduling index for 300000 ms from now
07-18 16:03:27.863   766   824 D dalvikvm: GC_EXPLICIT freed 116K, 12% free 9815K/11079K, paused 2ms+3ms
07-18 16:03:28.050   295   298 D dalvikvm: GC_CONCURRENT freed 298K, 8% free 9599K/10375K, paused 1ms+3ms
07-18 16:03:28.355   295  2735 I DownloadManager: Initiating request for download 585
07-18 16:03:28.671   295   298 D dalvikvm: GC_CONCURRENT freed 568K, 9% free 9454K/10375K, paused 2ms+3ms
07-18 16:03:29.488   766  2738 E Gmail   : No attachments found with downloadId 585
07-18 16:03:47.105   766  2740 I Gmail   : MainSyncRequestProto: lowestBkwdConvoId: 0, highestHandledServerOp: 4159094, normalSync: true
07-18 16:03:47.754   766  2740 D dalvikvm: GC_EXPLICIT freed 140K, 12% free 9840K/11079K, paused 16ms+3ms
07-18 16:03:47.765   766  2740 I Gmail   : MainSyncRequestProto: lowestBkwdConvoId: 0, highestHandledServerOp: 4159099, normalSync: true
07-18 16:03:48.281   766  2740 D dalvikvm: GC_EXPLICIT freed 180K, 12% free 9834K/11079K, paused 4ms+3ms
07-18 16:03:48.293   766  2740 I Gmail   : MainSyncRequestProto: lowestBkwdConvoId: 0, highestHandledServerOp: 4159099, normalSync: true
07-18 16:03:48.300   766  2740 W Gmail   : Scheduling index for 300000 ms from now
07-18 16:03:48.558   295   298 D dalvikvm: GC_CONCURRENT freed 422K, 10% free 9428K/10375K, paused 1ms+2ms
07-18 16:03:48.742   295  2742 I DownloadManager: Initiating request for download 586
07-18 16:03:48.781   295   298 D dalvikvm: GC_CONCURRENT freed 264K, 8% free 9561K/10375K, paused 3ms+7ms
07-18 16:03:49.808   766  2745 E Gmail   : No attachments found with downloadId 586
07-18 16:03:49.824   295   298 D dalvikvm: GC_CONCURRENT freed 448K, 9% free 9511K/10375K, paused 2ms+3ms
07-18 16:04:13.199   766  2747 I Gmail   : MainSyncRequestProto: lowestBkwdConvoId: 0, highestHandledServerOp: 4159099, normalSync: true
07-18 16:04:14.312   766  2747 D dalvikvm: GC_EXPLICIT freed 248K, 12% free 9852K/11079K, paused 16ms+3ms
07-18 16:04:14.324   766  2747 I Gmail   : MainSyncRequestProto: lowestBkwdConvoId: 0, highestHandledServerOp: 4159111, normalSync: true
07-18 16:04:14.379   239   254 D dalvikvm: GC_EXPLICIT freed 181K, 7% free 9512K/10119K, paused 2ms+4ms
07-18 16:04:14.871   766  2747 D dalvikvm: GC_EXPLICIT freed 191K, 12% free 9837K/11079K, paused 4ms+3ms
07-18 16:04:14.879   766  2747 I Gmail   : MainSyncRequestProto: lowestBkwdConvoId: 0, highestHandledServerOp: 4159111, normalSync: true
07-18 16:04:14.890   766  2747 W Gmail   : Scheduling index for 300000 ms from now
07-18 16:04:15.207   295   298 D dalvikvm: GC_CONCURRENT freed 313K, 8% free 9595K/10375K, paused 2ms+3ms
07-18 16:04:15.320   295  2749 I DownloadManager: Initiating request for download 587
07-18 16:04:15.617   295   298 D dalvikvm: GC_CONCURRENT freed 348K, 7% free 9657K/10375K, paused 2ms+3ms
07-18 16:04:16.066   295  2751 D dalvikvm: GC_EXPLICIT freed 102K, 8% free 9642K/10375K, paused 8ms+3ms
07-18 16:04:16.136   766  2752 E Gmail   : No attachments found with downloadId 587
07-18 16:04:59.101   766  2754 I Gmail   : MainSyncRequestProto: lowestBkwdConvoId: 0, highestHandledServerOp: 4159111, normalSync: true
07-18 16:04:59.683   766   768 D dalvikvm: GC_CONCURRENT freed 383K, 12% free 9853K/11079K, paused 1ms+3ms
07-18 16:04:59.777   766  2754 D dalvikvm: GC_EXPLICIT freed 238K, 12% free 9814K/11079K, paused 1ms+3ms
07-18 16:04:59.789   766  2754 I Gmail   : MainSyncRequestProto: lowestBkwdConvoId: 0, highestHandledServerOp: 4159151, normalSync: true
07-18 16:05:00.445   766  2754 D dalvikvm: GC_EXPLICIT freed 331K, 12% free 9860K/11079K, paused 8ms+3ms
07-18 16:05:00.457   766  2754 I Gmail   : MainSyncRequestProto: lowestBkwdConvoId: 0, highestHandledServerOp: 4159151, normalSync: true
07-18 16:05:00.465   766  2754 W Gmail   : Scheduling index for 300000 ms from now
07-18 16:05:00.492   766  2754 I Gmail   : Sending notification intent: Intent { act=android.intent.action.PROVIDER_CHANGED dat=content://gmail-ls/unread/^i (has extras) }
07-18 16:05:00.519   766  2755 W Gmail   : Showing notification with unreadCount of 102 and unseenCount of 102
07-18 16:05:00.582   766  2754 I Gmail   : Sending notification intent: Intent { act=android.intent.action.PROVIDER_CHANGED dat=content://gmail-ls/unread/^iim (has extras) }
07-18 16:05:00.613   211   213 D dalvikvm: GC_CONCURRENT freed 384K, 10% free 10250K/11271K, paused 1ms+2ms
07-18 16:05:00.855   211   211 D dalvikvm: GC_FOR_ALLOC freed 426K, 12% free 10005K/11271K, paused 29ms
07-18 16:05:00.875   141   491 D dalvikvm: GC_EXPLICIT freed 683K, 11% free 13448K/15047K, paused 2ms+9ms
07-18 16:05:01.093   295   298 D dalvikvm: GC_CONCURRENT freed 344K, 7% free 9695K/10375K, paused 2ms+3ms
07-18 16:05:01.222   295  2758 I DownloadManager: Initiating request for download 588
07-18 16:05:01.465   295   298 D dalvikvm: GC_CONCURRENT freed 648K, 9% free 9461K/10375K, paused 13ms+3ms
07-18 16:05:02.340   766  2761 E Gmail   : No attachments found with downloadId 588
07-18 16:05:02.398   295   298 D dalvikvm: GC_CONCURRENT freed 452K, 10% free 9405K/10375K, paused 2ms+2ms
07-18 16:06:31.078   459  1052 I PhoneLab-: Service Running
07-18 16:06:31.113   459  1052 I PhoneLab-LoggerService: app_38    1055  459   1428   1060  c00f181c 400107b4 S logcat
07-18 16:06:31.113   459  1052 I PhoneLab-LoggerService: Logcat pid from database 1055
07-18 16:06:31.113   459  1052 I PhoneLab-LoggerService: Logcat process found 1055
07-18 16:06:31.113   459  1052 I PhoneLab-LoggerService: Checking Threshold
07-18 16:06:31.113   459  1052 I PhoneLab-: Service Running
07-18 16:06:31.140   459  1052 I PhoneLab-LoggerService: app_38    1055  459   1428   1060  c00f181c 400107b4 S logcat
07-18 16:06:31.140   459  1052 I PhoneLab-LoggerService: Logcat pid from database 1055
07-18 16:06:31.140   459  1052 I PhoneLab-LoggerService: Logcat process found 1055
07-18 16:06:31.140   459  1052 I PhoneLab-LoggerService: Checking Threshold
07-18 16:06:31.140   459  1052 I PhoneLab-: Service Running
07-18 16:06:31.168   459  1052 I PhoneLab-LoggerService: app_38    1055  459   1428   1060  c00f181c 400107b4 S logcat
07-18 16:06:31.172   459  1052 I PhoneLab-LoggerService: Logcat pid from database 1055
07-18 16:06:31.172   459  1052 I PhoneLab-LoggerService: Logcat process found 1055
07-18 16:06:31.172   459  1052 I PhoneLab-LoggerService: Checking Threshold
07-18 16:06:31.172   459  1052 I PhoneLab-: Service Running
07-18 16:06:31.195   459  1052 I PhoneLab-LoggerService: app_38    1055  459   1428   1060  c00f181c 400107b4 S logcat
07-18 16:06:31.195   459  1052 I PhoneLab-LoggerService: Logcat pid from database 1055
07-18 16:06:31.199   459  1052 I PhoneLab-LoggerService: Logcat process found 1055
07-18 16:06:31.199   459  1052 I PhoneLab-LoggerService: Checking Threshold
07-18 16:06:31.199   459  1052 I PhoneLab-: Service Running
07-18 16:06:31.222   459  1052 I PhoneLab-LoggerService: app_38    1055  459   1428   1060  c00f181c 400107b4 S logcat
07-18 16:06:31.222   459  1052 I PhoneLab-LoggerService: Logcat pid from database 1055
07-18 16:06:31.222   459  1052 I PhoneLab-LoggerService: Logcat process found 1055
07-18 16:06:31.226   459  1052 I PhoneLab-LoggerService: Checking Threshold
07-18 16:06:31.226   459  1052 I PhoneLab-: Service Running
07-18 16:06:31.250   459  1052 I PhoneLab-LoggerService: app_38    1055  459   1428   1060  c00f181c 400107b4 S logcat
07-18 16:06:31.254   459  1052 I PhoneLab-LoggerService: Logcat pid from database 1055
07-18 16:06:31.254   459  1052 I PhoneLab-LoggerService: Logcat process found 1055
07-18 16:06:31.254   459  1052 I PhoneLab-LoggerService: Checking Threshold
07-18 16:07:52.257   459   459 I PhoneLab-Locks: wake lock acquired
07-18 16:07:52.257   459   459 I PhoneLab-StatusMonitor: Status Monitoring is started
07-18 16:07:52.300   459   462 D dalvikvm: GC_CONCURRENT freed 602K, 19% free 9241K/11335K, paused 1ms+3ms
07-18 16:07:52.332   459   459 I PhoneLab-StatusMonitor: Value: 10 - unit: min
07-18 16:07:52.332   459   459 I PhoneLab-StatusMonitor: Running interval: 600000
07-18 16:07:52.336   459   459 I PhoneLab-StatusMonitor: Rescheduling status monitoring...
07-18 16:07:52.339   459   459 I PhoneLab-Locks: wake lock released
07-18 16:07:52.343   459   459 I PhoneLab-StatusMonitorLocation: Learning Location
07-18 16:07:52.343   459   459 I PhoneLab-Locks: wake lock acquired
07-18 16:07:52.347   459   459 I PhoneLab-Locks: wake lock acquired
07-18 16:07:52.347   274   556 D androidNetworkLocationListeners: Still have listener com.google.android.location.internal.client.NetworkLocationClient$1@4139a548
07-18 16:07:52.351   459   459 I PhoneLab-StatusMonitorLocation: Learning Signal Strgth
07-18 16:07:52.351   459   459 I PhoneLab-Locks: wake lock acquired
07-18 16:07:52.359   274   556 D androidNetworkLocationListeners: Still have listener com.google.android.location.internal.client.NetworkLocationClient$1@4139a548
07-18 16:07:52.367   459   459 I PhoneLab-StatusMonitorBattery: Battery_level: 70
07-18 16:07:52.367   459   459 I PhoneLab-Locks: wake lock released
07-18 16:07:52.371   459   459 I PhoneLab-StatusMonitorSignal: Signal_Strength: -86 asu: 14
07-18 16:07:52.371   459   459 I PhoneLab-Locks: wake lock released
07-18 16:07:53.648   274   276 D dalvikvm: GC_CONCURRENT freed 446K, 9% free 10585K/11527K, paused 2ms+4ms
07-18 16:07:53.664   459   459 I PhoneLab-StatusMonitorLocation: Location_Latitude: 42.9949802 Longitude: -78.6862434 Accuracy: 25.0
07-18 16:07:53.664   274   556 D androidNetworkLocationListeners: Still have listener com.google.android.location.internal.client.NetworkLocationClient$1@4139a548
07-18 16:07:53.671   459   459 I PhoneLab-Locks: wake lock released
07-18 16:07:59.572   766  2773 I Gmail   : MainSyncRequestProto: lowestBkwdConvoId: 0, highestHandledServerOp: 4159151, normalSync: true
07-18 16:08:00.850   766   768 D dalvikvm: GC_CONCURRENT freed 361K, 11% free 9885K/11079K, paused 1ms+2ms
07-18 16:08:01.178   766  2773 D dalvikvm: GC_EXPLICIT freed 436K, 12% free 9826K/11079K, paused 2ms+3ms
07-18 16:08:01.189   766  2773 I Gmail   : MainSyncRequestProto: lowestBkwdConvoId: 0, highestHandledServerOp: 4159210, normalSync: true
07-18 16:08:01.807   766   768 D dalvikvm: GC_CONCURRENT freed 379K, 12% free 9836K/11079K, paused 2ms+2ms
07-18 16:08:01.971   766  2773 D dalvikvm: GC_EXPLICIT freed 64K, 12% free 9816K/11079K, paused 4ms+3ms
07-18 16:08:01.979   766  2773 I Gmail   : MainSyncRequestProto: lowestBkwdConvoId: 0, highestHandledServerOp: 4159210, normalSync: true
07-18 16:08:01.990   766  2773 W Gmail   : Scheduling index for 300000 ms from now
07-18 16:08:02.014   766  2773 I Gmail   : Sending notification intent: Intent { act=android.intent.action.PROVIDER_CHANGED dat=content://gmail-ls/unread/^i (has extras) }
07-18 16:08:02.045   766  2774 W Gmail   : Showing notification with unreadCount of 103 and unseenCount of 103
07-18 16:08:02.119   211   213 D dalvikvm: GC_CONCURRENT freed 188K, 10% free 10214K/11271K, paused 2ms+2ms
07-18 16:08:02.420   295   298 D dalvikvm: GC_CONCURRENT freed 264K, 9% free 9531K/10375K, paused 2ms+5ms
07-18 16:08:02.721   295  2776 I DownloadManager: Initiating request for download 589
07-18 16:08:03.025   295   298 D dalvikvm: GC_CONCURRENT freed 356K, 8% free 9562K/10375K, paused 2ms+3ms
07-18 16:08:03.889   766  2782 E Gmail   : No attachments found with downloadId 589
07-18 16:11:00.214   766  2784 I Gmail   : MainSyncRequestProto: lowestBkwdConvoId: 0, highestHandledServerOp: 4159210, normalSync: true
07-18 16:11:01.156   766   768 D dalvikvm: GC_CONCURRENT freed 323K, 11% free 9878K/11079K, paused 1ms+3ms
07-18 16:11:01.367   766  2784 D dalvikvm: GC_EXPLICIT freed 144K, 12% free 9809K/11079K, paused 5ms+2ms
07-18 16:11:01.375   766  2784 I Gmail   : MainSyncRequestProto: lowestBkwdConvoId: 0, highestHandledServerOp: 4159233, normalSync: true
07-18 16:11:01.953   766  2784 D dalvikvm: GC_EXPLICIT freed 145K, 12% free 9830K/11079K, paused 4ms+3ms
07-18 16:11:01.961   766  2784 I Gmail   : MainSyncRequestProto: lowestBkwdConvoId: 0, highestHandledServerOp: 4159233, normalSync: true
07-18 16:11:01.972   766  2784 W Gmail   : Scheduling index for 300000 ms from now
07-18 16:11:02.109   295   298 D dalvikvm: GC_CONCURRENT freed 413K, 9% free 9535K/10375K, paused 2ms+3ms
07-18 16:11:02.328   295   298 D dalvikvm: GC_CONCURRENT freed 263K, 7% free 9668K/10375K, paused 1ms+4ms
07-18 16:11:02.394   295  2786 I DownloadManager: Initiating request for download 590
07-18 16:11:03.480   295   298 D dalvikvm: GC_CONCURRENT freed 409K, 7% free 9650K/10375K, paused 3ms+6ms
07-18 16:11:03.531   766  2789 E Gmail   : No attachments found with downloadId 590
07-18 16:11:03.574   295  2790 I DownloadManager: Initiating request for download 590
07-18 16:11:03.574   295  2790 W DownloadManager: Aborting request for download 590: Trying to resume a download that can't be resumed
07-18 16:11:03.765   295   298 D dalvikvm: GC_CONCURRENT freed 323K, 7% free 9723K/10375K, paused 1ms+2ms
07-18 16:11:17.078   274  1102 D dalvikvm: GC_EXPLICIT freed 413K, 9% free 10524K/11527K, paused 2ms+4ms
07-18 16:11:17.101   141  2796 I AudioService:  AudioFocus  abandonAudioFocus() from android.media.AudioManager@41562ad0
07-18 16:11:17.179   211   213 D dalvikvm: GC_CONCURRENT freed 536K, 11% free 10113K/11271K, paused 2ms+2ms
07-18 16:11:17.257   211   213 D dalvikvm: GC_CONCURRENT freed 539K, 12% free 10030K/11271K, paused 2ms+2ms
07-18 16:13:59.234   141   492 D dalvikvm: GC_EXPLICIT freed 936K, 11% free 13429K/15047K, paused 4ms+6ms
07-18 16:13:59.265   766  2805 I Gmail   : MainSyncRequestProto: lowestBkwdConvoId: 0, highestHandledServerOp: 4159233, normalSync: true
07-18 16:14:00.890   766   768 D dalvikvm: GC_CONCURRENT freed 352K, 11% free 9874K/11079K, paused 2ms+3ms
07-18 16:14:01.246   766   768 D dalvikvm: GC_CONCURRENT freed 450K, 12% free 9823K/11079K, paused 1ms+3ms
07-18 16:14:01.421   766  2805 D dalvikvm: GC_EXPLICIT freed 224K, 12% free 9800K/11079K, paused 3ms+3ms
07-18 16:14:01.433   766  2805 I Gmail   : MainSyncRequestProto: lowestBkwdConvoId: 0, highestHandledServerOp: 4159292, normalSync: true
07-18 16:14:02.000   766  2805 D dalvikvm: GC_EXPLICIT freed 159K, 12% free 9822K/11079K, paused 4ms+3ms
07-18 16:14:02.007   766  2805 I Gmail   : MainSyncRequestProto: lowestBkwdConvoId: 0, highestHandledServerOp: 4159292, normalSync: true
07-18 16:14:02.019   766  2805 W Gmail   : Scheduling index for 300000 ms from now
07-18 16:14:02.043   766  2805 I Gmail   : Sending notification intent: Intent { act=android.intent.action.PROVIDER_CHANGED dat=content://gmail-ls/unread/^i (has extras) }
07-18 16:14:02.070   766  2806 W Gmail   : Showing notification with unreadCount of 102 and unseenCount of 102
07-18 16:14:02.113   766  2805 I Gmail   : Sending notification intent: Intent { act=android.intent.action.PROVIDER_CHANGED dat=content://gmail-ls/unread/^iim (has extras) }
07-18 16:14:02.398   295   298 D dalvikvm: GC_CONCURRENT freed 305K, 6% free 9815K/10375K, paused 2ms+7ms
07-18 16:14:02.566   295  2809 I DownloadManager: Initiating request for download 591
07-18 16:14:02.640   295   298 D dalvikvm: GC_CONCURRENT freed 791K, 9% free 9463K/10375K, paused 1ms+6ms
07-18 16:14:03.617   295   298 D dalvikvm: GC_CONCURRENT freed 417K, 10% free 9440K/10375K, paused 2ms+2ms
07-18 16:14:03.699   766  2813 E Gmail   : No attachments found with downloadId 591
07-18 16:17:52.343   459   459 I PhoneLab-Locks: wake lock acquired
07-18 16:17:52.347   459   459 I PhoneLab-StatusMonitor: Status Monitoring is started
07-18 16:17:52.437   459   462 D dalvikvm: GC_CONCURRENT freed 521K, 19% free 9232K/11335K, paused 7ms+9ms
07-18 16:17:52.461   459   459 I PhoneLab-StatusMonitor: Value: 10 - unit: min
07-18 16:17:52.461   459   459 I PhoneLab-StatusMonitor: Running interval: 600000
07-18 16:17:52.468   459   459 I PhoneLab-StatusMonitor: Rescheduling status monitoring...
07-18 16:17:52.468   459   459 I PhoneLab-Locks: wake lock released
07-18 16:17:52.476   459   459 I PhoneLab-StatusMonitorLocation: Learning Location
07-18 16:17:52.476   459   459 I PhoneLab-Locks: wake lock acquired
07-18 16:17:52.476   459   459 I PhoneLab-Locks: wake lock acquired
07-18 16:17:52.476   274   556 D androidNetworkLocationListeners: Still have listener com.google.android.location.internal.client.NetworkLocationClient$1@4139a548
07-18 16:17:52.480   459   459 I PhoneLab-StatusMonitorLocation: Learning Signal Strgth
07-18 16:17:52.480   459   459 I PhoneLab-Locks: wake lock acquired
07-18 16:17:52.488   274   556 D androidNetworkLocationListeners: Still have listener com.google.android.location.internal.client.NetworkLocationClient$1@4139a548
07-18 16:17:52.488   459   459 I PhoneLab-StatusMonitorBattery: Battery_level: 70
07-18 16:17:52.488   459   459 I PhoneLab-Locks: wake lock released
07-18 16:17:52.492   459   459 I PhoneLab-StatusMonitorSignal: Signal_Strength: -86 asu: 14
07-18 16:17:52.492   459   459 I PhoneLab-Locks: wake lock released
07-18 16:17:52.519   459   462 D dalvikvm: GC_CONCURRENT freed 434K, 19% free 9182K/11335K, paused 2ms+2ms
07-18 16:17:53.793  2662  2665 D dalvikvm: GC_CONCURRENT freed 354K, 6% free 10019K/10631K, paused 10ms+1ms
07-18 16:17:53.797   459   459 I PhoneLab-StatusMonitorLocation: Location_Latitude: 42.9950292 Longitude: -78.6862335 Accuracy: 86.0
07-18 16:17:53.797   274   556 D androidNetworkLocationListeners: Still have listener com.google.android.location.internal.client.NetworkLocationClient$1@4139a548
07-18 16:17:53.797   459   459 I PhoneLab-Locks: wake lock released
07-18 16:17:55.101   274   276 D dalvikvm: GC_CONCURRENT freed 501K, 9% free 10534K/11527K, paused 1ms+3ms
07-18 16:27:46.550   766   768 D dalvikvm: GC_CONCURRENT freed 372K, 11% free 9943K/11079K, paused 1ms+3ms
07-18 16:27:46.765   766   768 D dalvikvm: GC_CONCURRENT freed 477K, 12% free 9852K/11079K, paused 2ms+2ms
07-18 16:27:46.992   766  2818 W Gmail   : Successful index run, cancel next scheduled index run
07-18 16:27:47.339   459   459 I PhoneLab-Locks: wake lock acquired
07-18 16:27:47.394   459  2820 I PhoneLab-PeriodicCheckService: User info is synched
07-18 16:27:47.406   459  2820 I PhoneLab-PeriodicCheckService: Logger Service is running
07-18 16:27:47.406   459  2820 I PhoneLab-Locks: wake lock acquired
07-18 16:27:47.410   459   459 I PhoneLab-UploadLogs: Transfering log files now
07-18 16:27:47.410   459   459 I PhoneLab-UploadLogs: No log files to transfer
07-18 16:27:47.410   459   459 I PhoneLab-Locks: wake lock released
07-18 16:27:47.410   459   459 I PhoneLab-UploadLogs: OnStartCommand
07-18 16:27:47.414   459  2820 I PhoneLab-PeriodicCheckService: Rescheduling periodic checking...
07-18 16:27:47.414   459  2820 I PhoneLab-Locks: wake lock released
07-18 16:27:52.472   459   459 I PhoneLab-Locks: wake lock acquired
07-18 16:27:52.472   459   459 I PhoneLab-StatusMonitor: Status Monitoring is started
07-18 16:27:52.570   459   462 D dalvikvm: GC_CONCURRENT freed 355K, 18% free 9338K/11335K, paused 2ms+2ms
07-18 16:27:52.570   459   459 I PhoneLab-StatusMonitor: Value: 10 - unit: min
07-18 16:27:52.570   459   459 I PhoneLab-StatusMonitor: Running interval: 600000
07-18 16:27:52.578   459   459 I PhoneLab-StatusMonitor: Rescheduling status monitoring...
07-18 16:27:52.578   459   459 I PhoneLab-Locks: wake lock released
07-18 16:27:52.586   459   459 I PhoneLab-StatusMonitorLocation: Learning Location
07-18 16:27:52.586   459   459 I PhoneLab-Locks: wake lock acquired
07-18 16:27:52.589   459   459 I PhoneLab-Locks: wake lock acquired
07-18 16:27:52.589   274   556 D androidNetworkLocationListeners: Still have listener com.google.android.location.internal.client.NetworkLocationClient$1@4139a548
07-18 16:27:52.597   459   459 I PhoneLab-StatusMonitorLocation: Learning Signal Strgth
07-18 16:27:52.597   459   459 I PhoneLab-Locks: wake lock acquired
07-18 16:27:52.621   274   556 D androidNetworkLocationListeners: Still have listener com.google.android.location.internal.client.NetworkLocationClient$1@4139a548
07-18 16:27:52.625   459   459 I PhoneLab-StatusMonitorBattery: Battery_level: 70
07-18 16:27:52.625   459   459 I PhoneLab-Locks: wake lock released
07-18 16:27:52.632   459   459 I PhoneLab-StatusMonitorSignal: Signal_Strength: -86 asu: 14
07-18 16:27:52.632   459   459 I PhoneLab-Locks: wake lock released
07-18 16:27:52.753   274  1487 I EventLogService: Aggregate from 1342641472699 (log), 1342641472699 (data)
07-18 16:27:53.910   459   459 I PhoneLab-StatusMonitorLocation: Location_Latitude: 42.99503 Longitude: -78.686239 Accuracy: 86.0
07-18 16:27:53.910   274   556 D androidNetworkLocationListeners: Still have listener com.google.android.location.internal.client.NetworkLocationClient$1@4139a548
07-18 16:27:53.910   459   459 I PhoneLab-Locks: wake lock released
07-18 16:27:55.199   274   276 D dalvikvm: GC_CONCURRENT freed 526K, 9% free 10519K/11527K, paused 2ms+3ms
07-18 16:27:58.988   211   213 D dalvikvm: GC_CONCURRENT freed 523K, 13% free 9893K/11271K, paused 1ms+2ms
07-18 16:34:57.160   766  2827 I Gmail   : MainSyncRequestProto: lowestBkwdConvoId: 0, highestHandledServerOp: 4159292, normalSync: true
07-18 16:34:57.445   766   768 D dalvikvm: GC_CONCURRENT freed 382K, 11% free 9861K/11079K, paused 2ms+2ms
07-18 16:34:58.097   766   768 D dalvikvm: GC_CONCURRENT freed 426K, 12% free 9835K/11079K, paused 3ms+5ms
07-18 16:34:58.195   766  2827 D dalvikvm: GC_EXPLICIT freed 178K, 12% free 9804K/11079K, paused 2ms+3ms
07-18 16:34:58.207   766  2827 I Gmail   : MainSyncRequestProto: lowestBkwdConvoId: 0, highestHandledServerOp: 4159388, normalSync: true
07-18 16:34:58.750   766  2827 D dalvikvm: GC_EXPLICIT freed 276K, 12% free 9829K/11079K, paused 3ms+4ms
07-18 16:34:58.757   766  2827 I Gmail   : MainSyncRequestProto: lowestBkwdConvoId: 0, highestHandledServerOp: 4159388, normalSync: true
07-18 16:34:58.769   766  2827 W Gmail   : Scheduling index for 300000 ms from now
07-18 16:34:58.793   766  2827 I Gmail   : Sending notification intent: Intent { act=android.intent.action.PROVIDER_CHANGED dat=content://gmail-ls/unread/^i (has extras) }
07-18 16:34:58.820   766  2829 W Gmail   : Showing notification with unreadCount of 103 and unseenCount of 103
07-18 16:34:59.918   295   298 D dalvikvm: GC_CONCURRENT freed 326K, 9% free 9511K/10375K, paused 1ms+3ms
07-18 16:35:00.066   295  2831 I DownloadManager: Initiating request for download 592
07-18 16:35:00.281   295   298 D dalvikvm: GC_CONCURRENT freed 328K, 8% free 9582K/10375K, paused 2ms+4ms
07-18 16:35:01.500   766  2834 E Gmail   : No attachments found with downloadId 592
07-18 16:35:01.586   295   298 D dalvikvm: GC_CONCURRENT freed 449K, 9% free 9530K/10375K, paused 1ms+3ms
07-18 16:37:52.097   141   143 D dalvikvm: GC_CONCURRENT freed 958K, 11% free 13461K/15047K, paused 2ms+6ms
07-18 16:37:53.011   459   459 I PhoneLab-Locks: wake lock acquired
07-18 16:37:53.015   459   459 I PhoneLab-StatusMonitor: Status Monitoring is started
07-18 16:37:53.070   459   462 D dalvikvm: GC_CONCURRENT freed 525K, 18% free 9322K/11335K, paused 2ms+3ms
07-18 16:37:53.074   459   459 I PhoneLab-StatusMonitor: Value: 10 - unit: min
07-18 16:37:53.074   459   459 I PhoneLab-StatusMonitor: Running interval: 600000
07-18 16:37:53.082   459   459 I PhoneLab-StatusMonitor: Rescheduling status monitoring...
07-18 16:37:53.082   459   459 I PhoneLab-Locks: wake lock released
07-18 16:38:21.007   459   459 I PhoneLab-StatusMonitorLocation: Learning Location
07-18 16:38:21.007   459   459 I PhoneLab-Locks: wake lock acquired
07-18 16:38:21.054   459   459 I PhoneLab-Locks: wake lock acquired
07-18 16:38:21.078   459   459 D dalvikvm: GC_EXPLICIT freed 191K, 19% free 9184K/11335K, paused 2ms+2ms
07-18 16:38:21.082   459   459 I PhoneLab-StatusMonitorLocation: Learning Signal Strgth
07-18 16:38:21.082   459   459 I PhoneLab-Locks: wake lock acquired
07-18 16:38:21.086   274   556 D androidNetworkLocationListeners: Still have listener com.google.android.location.internal.client.NetworkLocationClient$1@4139a548
07-18 16:38:21.093   274   556 D androidNetworkLocationListeners: Still have listener com.google.android.location.internal.client.NetworkLocationClient$1@4139a548
07-18 16:38:21.097   459   459 I PhoneLab-StatusMonitorBattery: Battery_level: 70
07-18 16:38:21.101   459   459 I PhoneLab-Locks: wake lock released
07-18 16:38:21.101   459   459 I PhoneLab-StatusMonitorSignal: Signal_Strength: -86 asu: 14
07-18 16:38:21.101   459   459 I PhoneLab-Locks: wake lock released
07-18 16:38:21.222   766  2840 I Gmail   : MainSyncRequestProto: lowestBkwdConvoId: 0, highestHandledServerOp: 4159388, normalSync: true
07-18 16:38:21.382   141  2247 D dalvikvm: GC_EXPLICIT freed 281K, 12% free 13382K/15047K, paused 2ms+4ms
07-18 16:38:21.851   766   768 D dalvikvm: GC_CONCURRENT freed 401K, 12% free 9823K/11079K, paused 3ms+6ms
07-18 16:38:21.961   766  2840 D dalvikvm: GC_EXPLICIT freed 265K, 12% free 9799K/11079K, paused 2ms+2ms
07-18 16:38:21.968   766  2840 I Gmail   : MainSyncRequestProto: lowestBkwdConvoId: 0, highestHandledServerOp: 4159426, normalSync: true
07-18 16:38:22.363   274   556 D androidNetworkLocationListeners: Still have listener com.google.android.location.internal.client.NetworkLocationClient$1@4139a548
07-18 16:38:22.363   459   459 I PhoneLab-StatusMonitorLocation: Location_Latitude: 42.9949802 Longitude: -78.6862434 Accuracy: 25.0
07-18 16:38:22.367   459   459 I PhoneLab-Locks: wake lock released
07-18 16:38:22.613   766  2840 D dalvikvm: GC_EXPLICIT freed 254K, 12% free 9830K/11079K, paused 5ms+3ms
07-18 16:38:22.625   766  2840 I Gmail   : MainSyncRequestProto: lowestBkwdConvoId: 0, highestHandledServerOp: 4159426, normalSync: true
07-18 16:38:22.632   766  2840 W Gmail   : Scheduling index for 300000 ms from now
07-18 16:38:22.660   766  2840 I Gmail   : Sending notification intent: Intent { act=android.intent.action.PROVIDER_CHANGED dat=content://gmail-ls/unread/^i (has extras) }
07-18 16:38:22.687   766  2842 W Gmail   : Showing notification with unreadCount of 104 and unseenCount of 104
07-18 16:38:22.699   766  2840 I Gmail   : Sending notification intent: Intent { act=android.intent.action.PROVIDER_CHANGED dat=content://gmail-ls/unread/^iim (has extras) }
07-18 16:38:22.820   766   824 D dalvikvm: GC_EXPLICIT freed 198K, 12% free 9833K/11079K, paused 2ms+3ms
07-18 16:38:22.843   766  2844 I Gmail   : MainSyncRequestProto: lowestBkwdConvoId: 0, highestHandledServerOp: 4159426, normalSync: true
07-18 16:38:23.172   295   298 D dalvikvm: GC_CONCURRENT freed 267K, 7% free 9661K/10375K, paused 2ms+3ms
07-18 16:38:23.269   766  2844 D dalvikvm: GC_EXPLICIT freed 96K, 12% free 9824K/11079K, paused 1ms+3ms
07-18 16:38:23.281   766  2844 I Gmail   : MainSyncRequestProto: lowestBkwdConvoId: 0, highestHandledServerOp: 4159426, normalSync: true
07-18 16:38:23.332   274   276 D dalvikvm: GC_CONCURRENT freed 373K, 9% free 10533K/11527K, paused 2ms+3ms
07-18 16:38:23.332   766  2844 W Gmail   : Scheduling index for 300000 ms from now
07-18 16:38:23.343   295  2846 I DownloadManager: Initiating request for download 593
07-18 16:38:23.629   295   298 D dalvikvm: GC_CONCURRENT freed 613K, 9% free 9459K/10375K, paused 1ms+3ms
07-18 16:38:24.968   766  2849 E Gmail   : No attachments found with downloadId 593
07-18 16:38:24.996   295  2850 I DownloadManager: Initiating request for download 593
07-18 16:38:24.996   295  2850 W DownloadManager: Aborting request for download 593: Trying to resume a download that can't be resumed
07-18 16:38:25.183   295   298 D dalvikvm: GC_CONCURRENT freed 354K, 9% free 9499K/10375K, paused 2ms+3ms
07-18 16:38:25.812   211   213 D dalvikvm: GC_CONCURRENT freed 345K, 12% free 9968K/11271K, paused 11ms+3ms
07-18 16:42:46.457   766  2856 I Gmail   : MainSyncRequestProto: lowestBkwdConvoId: 0, highestHandledServerOp: 4159426, normalSync: true
07-18 16:42:47.129   766   768 D dalvikvm: GC_CONCURRENT freed 349K, 12% free 9860K/11079K, paused 2ms+3ms
07-18 16:42:47.289   766  2856 D dalvikvm: GC_EXPLICIT freed 321K, 12% free 9807K/11079K, paused 2ms+3ms
07-18 16:42:47.300   766  2856 I Gmail   : MainSyncRequestProto: lowestBkwdConvoId: 0, highestHandledServerOp: 4159454, normalSync: true
07-18 16:42:48.238   459  1052 I PhoneLab-: Service Running
07-18 16:42:48.308   459  1052 I PhoneLab-LoggerService: app_38    1055  459   1428   1060  c00f181c 400107b4 S logcat
07-18 16:42:48.308   459  1052 I PhoneLab-LoggerService: Logcat pid from database 1055
07-18 16:42:48.308   459  1052 I PhoneLab-LoggerService: Logcat process found 1055
07-18 16:42:48.308   459  1052 I PhoneLab-LoggerService: Checking Threshold
07-18 16:42:48.308   459  1052 I PhoneLab-: Service Running
07-18 16:42:48.340   459  1052 I PhoneLab-LoggerService: app_38    1055  459   1428   1060  c00f181c 400107b4 S logcat
07-18 16:42:48.340   459  1052 I PhoneLab-LoggerService: Logcat pid from database 1055
07-18 16:42:48.340   459  1052 I PhoneLab-LoggerService: Logcat process found 1055
07-18 16:42:48.340   459  1052 I PhoneLab-LoggerService: Checking Threshold
07-18 16:42:48.340   459  1052 I PhoneLab-: Service Running
07-18 16:42:48.371   459  1052 I PhoneLab-LoggerService: app_38    1055  459   1428   1060  c00f181c 400107b4 S logcat
07-18 16:42:48.371   459  1052 I PhoneLab-LoggerService: Logcat pid from database 1055
07-18 16:42:48.371   459  1052 I PhoneLab-LoggerService: Logcat process found 1055
07-18 16:42:48.371   459  1052 I PhoneLab-LoggerService: Checking Threshold
07-18 16:42:48.371   459  1052 I PhoneLab-: Service Running
07-18 16:42:48.398   459  1052 I PhoneLab-LoggerService: app_38    1055  459   1428   1060  c00f181c 400107b4 S logcat
07-18 16:42:48.398   459  1052 I PhoneLab-LoggerService: Logcat pid from database 1055
07-18 16:42:48.398   459  1052 I PhoneLab-LoggerService: Logcat process found 1055
07-18 16:42:48.398   459  1052 I PhoneLab-LoggerService: Checking Threshold
07-18 16:42:48.398   459  1052 I PhoneLab-: Service Running
07-18 16:42:48.429   459  1052 I PhoneLab-LoggerService: app_38    1055  459   1428   1060  c00f181c 400107b4 S logcat
07-18 16:42:48.429   459  1052 I PhoneLab-LoggerService: Logcat pid from database 1055
07-18 16:42:48.429   459  1052 I PhoneLab-LoggerService: Logcat process found 1055
07-18 16:42:48.429   459  1052 I PhoneLab-LoggerService: Checking Threshold
07-18 16:42:48.429   459  1052 I PhoneLab-: Service Running
07-18 16:42:48.461   459  1052 I PhoneLab-LoggerService: app_38    1055  459   1428   1060  c00f181c 400107b4 S logcat
07-18 16:42:48.461   459  1052 I PhoneLab-LoggerService: Logcat pid from database 1055
07-18 16:42:48.461   459  1052 I PhoneLab-LoggerService: Logcat process found 1055
07-18 16:42:48.461   459  1052 I PhoneLab-LoggerService: Checking Threshold
07-18 16:42:48.461   459  1052 I PhoneLab-: Service Running
07-18 16:42:48.488   459  1052 I PhoneLab-LoggerService: app_38    1055  459   1428   1060  c00f181c 400107b4 S logcat
07-18 16:42:48.488   459  1052 I PhoneLab-LoggerService: Logcat pid from database 1055
07-18 16:42:48.488   459  1052 I PhoneLab-LoggerService: Logcat process found 1055
07-18 16:42:48.488   459  1052 I PhoneLab-LoggerService: Checking Threshold
07-18 16:42:48.488   459  1052 I PhoneLab-: Service Running
07-18 16:42:48.531   459   462 D dalvikvm: GC_CONCURRENT freed 356K, 19% free 9226K/11335K, paused 2ms+2ms
07-18 16:42:48.535   459  1052 I PhoneLab-LoggerService: app_38    1055  459   1428   1060  c00f181c 400107b4 S logcat
07-18 16:42:48.539   459  1052 I PhoneLab-LoggerService: Logcat pid from database 1055
07-18 16:42:48.539   459  1052 I PhoneLab-LoggerService: Logcat process found 1055
07-18 16:42:48.539   459  1052 I PhoneLab-LoggerService: Checking Threshold
07-18 16:42:48.539   459  1052 I PhoneLab-: Service Running
07-18 16:42:48.574   459  1052 I PhoneLab-LoggerService: app_38    1055  459   1428   1060  c00f181c 400107b4 S logcat
07-18 16:42:48.574   459  1052 I PhoneLab-LoggerService: Logcat pid from database 1055
07-18 16:42:48.574   459  1052 I PhoneLab-LoggerService: Logcat process found 1055
07-18 16:42:48.574   459  1052 I PhoneLab-LoggerService: Checking Threshold
07-18 16:42:48.574   459  1052 I PhoneLab-: Service Running
07-18 16:42:48.605   459  1052 I PhoneLab-LoggerService: app_38    1055  459   1428   1060  c00f181c 400107b4 S logcat
07-18 16:42:48.605   459  1052 I PhoneLab-LoggerService: Logcat pid from database 1055
07-18 16:42:48.605   459  1052 I PhoneLab-LoggerService: Logcat process found 1055
07-18 16:42:48.605   459  1052 I PhoneLab-LoggerService: Checking Threshold
07-18 16:42:48.605   459  1052 I PhoneLab-: Service Running
07-18 16:42:48.632   459  1052 I PhoneLab-LoggerService: app_38    1055  459   1428   1060  c00f181c 400107b4 S logcat
07-18 16:42:48.632   459  1052 I PhoneLab-LoggerService: Logcat pid from database 1055
07-18 16:42:48.632   459  1052 I PhoneLab-LoggerService: Logcat process found 1055
07-18 16:42:48.632   459  1052 I PhoneLab-LoggerService: Checking Threshold
07-18 16:42:48.632   459  1052 I PhoneLab-: Service Running
07-18 16:42:48.664   459  1052 I PhoneLab-LoggerService: app_38    1055  459   1428   1060  c00f181c 400107b4 S logcat
07-18 16:42:48.664   459  1052 I PhoneLab-LoggerService: Logcat pid from database 1055
07-18 16:42:48.664   459  1052 I PhoneLab-LoggerService: Logcat process found 1055
07-18 16:42:48.664   459  1052 I PhoneLab-LoggerService: Checking Threshold
07-18 16:42:48.664   459  1052 I PhoneLab-: Service Running
07-18 16:42:48.695   459  1052 I PhoneLab-LoggerService: app_38    1055  459   1428   1060  c00f181c 400107b4 S logcat
07-18 16:42:48.695   459  1052 I PhoneLab-LoggerService: Logcat pid from database 1055
07-18 16:42:48.695   459  1052 I PhoneLab-LoggerService: Logcat process found 1055
07-18 16:42:48.695   459  1052 I PhoneLab-LoggerService: Checking Threshold
07-18 16:42:48.695   459  1052 I PhoneLab-: Service Running
07-18 16:42:48.722   459  1052 I PhoneLab-LoggerService: app_38    1055  459   1428   1060  c00f181c 400107b4 S logcat
07-18 16:42:48.726   459  1052 I PhoneLab-LoggerService: Logcat pid from database 1055
07-18 16:42:48.726   459  1052 I PhoneLab-LoggerService: Logcat process found 1055
07-18 16:42:48.726   459  1052 I PhoneLab-LoggerService: Checking Threshold
07-18 16:42:48.726   459  1052 I PhoneLab-: Service Running
07-18 16:42:48.754   459  1052 I PhoneLab-LoggerService: app_38    1055  459   1428   1060  c00f181c 400107b4 S logcat
07-18 16:42:48.757   459  1052 I PhoneLab-LoggerService: Logcat pid from database 1055
07-18 16:42:48.757   459  1052 I PhoneLab-LoggerService: Logcat process found 1055
07-18 16:42:48.757   459  1052 I PhoneLab-LoggerService: Checking Threshold
07-18 16:42:48.757   459  1052 I PhoneLab-: Service Running
07-18 16:42:48.797   459   462 D dalvikvm: GC_CONCURRENT freed 407K, 19% free 9223K/11335K, paused 1ms+1ms
07-18 16:42:48.804   459  1052 I PhoneLab-LoggerService: app_38    1055  459   1428   1060  c00f181c 400107b4 S logcat
07-18 16:42:48.804   459  1052 I PhoneLab-LoggerService: Logcat pid from database 1055
07-18 16:42:48.804   459  1052 I PhoneLab-LoggerService: Logcat process found 1055
07-18 16:42:48.804   459  1052 I PhoneLab-LoggerService: Checking Threshold
07-18 16:42:48.804   459  1052 I PhoneLab-: Service Running
07-18 16:42:48.836   459  1052 I PhoneLab-LoggerService: app_38    1055  459   1428   1060  c00f181c 400107b4 S logcat
07-18 16:42:48.836   459  1052 I PhoneLab-LoggerService: Logcat pid from database 1055
07-18 16:42:48.836   459  1052 I PhoneLab-LoggerService: Logcat process found 1055
07-18 16:42:48.843   459  1052 I PhoneLab-LoggerService: Checking Threshold
07-18 16:42:48.843   459  1052 I PhoneLab-: Service Running
07-18 16:42:48.875   766   768 D dalvikvm: GC_CONCURRENT freed 118K, 9% free 10168K/11079K, paused 2ms+6ms
07-18 16:42:48.894   459  1052 I PhoneLab-LoggerService: app_38    1055  459   1428   1060  c00f181c 400107b4 S logcat
07-18 16:42:48.894   459  1052 I PhoneLab-LoggerService: Logcat pid from database 1055
07-18 16:42:48.894   459  1052 I PhoneLab-LoggerService: Logcat process found 1055
07-18 16:42:48.898   459  1052 I PhoneLab-LoggerService: Checking Threshold
07-18 16:42:49.086   766  2856 D dalvikvm: GC_EXPLICIT freed 548K, 12% free 9825K/11079K, paused 4ms+2ms
07-18 16:42:49.097   766  2856 I Gmail   : MainSyncRequestProto: lowestBkwdConvoId: 0, highestHandledServerOp: 4159454, normalSync: true
07-18 16:42:49.109   766  2856 W Gmail   : Scheduling index for 300000 ms from now
07-18 16:42:49.132   766  2856 I Gmail   : Sending notification intent: Intent { act=android.intent.action.PROVIDER_CHANGED dat=content://gmail-ls/unread/^i (has extras) }
07-18 16:42:49.160   766  2875 W Gmail   : Showing notification with unreadCount of 105 and unseenCount of 105
07-18 16:42:49.324   295   298 D dalvikvm: GC_CONCURRENT freed 315K, 8% free 9569K/10375K, paused 2ms+3ms
07-18 16:42:49.593   295   298 D dalvikvm: GC_CONCURRENT freed 399K, 8% free 9565K/10375K, paused 2ms+6ms
07-18 16:42:49.687   295  2877 I DownloadManager: Initiating request for download 594
07-18 16:42:50.472   295   298 D dalvikvm: GC_CONCURRENT freed 404K, 8% free 9551K/10375K, paused 6ms+2ms
07-18 16:42:50.523   766  2880 E Gmail   : No attachments found with downloadId 594
07-18 16:47:53.097   459   459 I PhoneLab-Locks: wake lock acquired
07-18 16:47:53.101   459   459 I PhoneLab-StatusMonitor: Status Monitoring is started
07-18 16:47:53.164   459   462 D dalvikvm: GC_CONCURRENT freed 480K, 19% free 9249K/11335K, paused 2ms+2ms
07-18 16:47:53.172   459   459 I PhoneLab-StatusMonitor: Value: 10 - unit: min
07-18 16:47:53.172   459   459 I PhoneLab-StatusMonitor: Running interval: 600000
07-18 16:47:53.187   459   459 I PhoneLab-StatusMonitor: Rescheduling status monitoring...
07-18 16:47:53.187   459   459 I PhoneLab-Locks: wake lock released
07-18 16:47:53.191   459   459 I PhoneLab-StatusMonitorLocation: Learning Location
07-18 16:47:53.191   459   459 I PhoneLab-Locks: wake lock acquired
07-18 16:47:53.195   459   459 I PhoneLab-Locks: wake lock acquired
07-18 16:47:53.199   274   556 D androidNetworkLocationListeners: Still have listener com.google.android.location.internal.client.NetworkLocationClient$1@4139a548
07-18 16:47:53.199   459   459 I PhoneLab-StatusMonitorLocation: Learning Signal Strgth
07-18 16:47:53.199   459   459 I PhoneLab-Locks: wake lock acquired
07-18 16:47:53.211   274   556 D androidNetworkLocationListeners: Still have listener com.google.android.location.internal.client.NetworkLocationClient$1@4139a548
07-18 16:47:53.218   459   459 I PhoneLab-StatusMonitorBattery: Battery_level: 70
07-18 16:47:53.218   459   459 I PhoneLab-Locks: wake lock released
07-18 16:47:53.222   459   459 I PhoneLab-StatusMonitorSignal: Signal_Strength: -76 asu: 19
07-18 16:47:53.222   459   459 I PhoneLab-Locks: wake lock released
07-18 16:47:54.527   459   459 I PhoneLab-StatusMonitorLocation: Location_Latitude: 42.9950259 Longitude: -78.6862263 Accuracy: 87.0
07-18 16:47:54.527   274   556 D androidNetworkLocationListeners: Still have listener com.google.android.location.internal.client.NetworkLocationClient$1@4139a548
07-18 16:47:54.531   459   459 I PhoneLab-Locks: wake lock released
07-18 16:47:54.554   274   276 D dalvikvm: GC_CONCURRENT freed 495K, 9% free 10523K/11527K, paused 2ms+4ms
07-18 16:57:46.343   766   768 D dalvikvm: GC_CONCURRENT freed 290K, 10% free 10045K/11079K, paused 2ms+3ms
07-18 16:57:46.406   766   768 D dalvikvm: GC_CONCURRENT freed 473K, 11% free 9968K/11079K, paused 1ms+3ms
07-18 16:57:46.672   766   768 D dalvikvm: GC_CONCURRENT freed 347K, 10% free 10012K/11079K, paused 2ms+2ms
07-18 16:57:46.922   766   768 D dalvikvm: GC_CONCURRENT freed 358K, 10% free 10044K/11079K, paused 2ms+3ms
07-18 16:57:47.359   766   768 D dalvikvm: GC_CONCURRENT freed 464K, 11% free 9965K/11079K, paused 2ms+4ms
07-18 16:57:47.414   459   459 I PhoneLab-Locks: wake lock acquired
07-18 16:57:47.425   459  2887 I PhoneLab-PeriodicCheckService: User info is synched
07-18 16:57:47.429   459  2887 I PhoneLab-PeriodicCheckService: Logger Service is running
07-18 16:57:47.429   459  2887 I PhoneLab-Locks: wake lock acquired
07-18 16:57:47.433   459   459 I PhoneLab-UploadLogs: Transfering log files now
07-18 16:57:47.433   459   459 I PhoneLab-UploadLogs: No log files to transfer
07-18 16:57:47.433   459   459 I PhoneLab-Locks: wake lock released
07-18 16:57:47.433   459   459 I PhoneLab-UploadLogs: OnStartCommand
07-18 16:57:47.437   459  2887 I PhoneLab-PeriodicCheckService: Rescheduling periodic checking...
07-18 16:57:47.437   459  2887 I PhoneLab-Locks: wake lock released
07-18 16:57:52.261   766   768 D dalvikvm: GC_CONCURRENT freed 479K, 11% free 9875K/11079K, paused 2ms+2ms
07-18 16:57:52.664   766  2884 W Gmail   : Successful index run, cancel next scheduled index run
07-18 16:57:52.859   274  1612 I EventLogService: Aggregate from 1342643272758 (log), 1342643272758 (data)
07-18 16:57:53.191   459   459 I PhoneLab-Locks: wake lock acquired
07-18 16:57:53.195   459   459 I PhoneLab-StatusMonitor: Status Monitoring is started
07-18 16:57:53.261   459   462 D dalvikvm: GC_CONCURRENT freed 503K, 19% free 9256K/11335K, paused 1ms+2ms
07-18 16:57:53.269   459   459 I PhoneLab-StatusMonitor: Value: 10 - unit: min
07-18 16:57:53.273   459   459 I PhoneLab-StatusMonitor: Running interval: 600000
07-18 16:57:53.285   459   459 I PhoneLab-StatusMonitor: Rescheduling status monitoring...
07-18 16:57:53.289   459   459 I PhoneLab-Locks: wake lock released
07-18 16:57:53.293   459   459 I PhoneLab-StatusMonitorLocation: Learning Location
07-18 16:57:53.293   459   459 I PhoneLab-Locks: wake lock acquired
07-18 16:57:53.300   459   459 I PhoneLab-Locks: wake lock acquired
07-18 16:57:53.304   141   143 D dalvikvm: GC_CONCURRENT freed 929K, 11% free 13490K/15047K, paused 6ms+11ms
07-18 16:57:53.312   459   459 I PhoneLab-StatusMonitorLocation: Learning Signal Strgth
07-18 16:57:53.312   459   459 I PhoneLab-Locks: wake lock acquired
07-18 16:57:53.347   274   556 D androidNetworkLocationListeners: Still have listener com.google.android.location.internal.client.NetworkLocationClient$1@4139a548
07-18 16:57:53.355   274   556 D androidNetworkLocationListeners: Still have listener com.google.android.location.internal.client.NetworkLocationClient$1@4139a548
07-18 16:57:53.355   459   459 I PhoneLab-StatusMonitorBattery: Battery_level: 70
07-18 16:57:53.359   459   459 I PhoneLab-Locks: wake lock released
07-18 16:57:53.363   459   459 I PhoneLab-StatusMonitorSignal: Signal_Strength: -76 asu: 19
07-18 16:57:53.363   459   459 I PhoneLab-Locks: wake lock released
07-18 16:57:54.652   274   276 D dalvikvm: GC_CONCURRENT freed 514K, 9% free 10520K/11527K, paused 2ms+3ms
07-18 16:57:54.668   459   459 I PhoneLab-StatusMonitorLocation: Location_Latitude: 42.9950293 Longitude: -78.6862293 Accuracy: 86.0
07-18 16:57:54.668   274   556 D androidNetworkLocationListeners: Still have listener com.google.android.location.internal.client.NetworkLocationClient$1@4139a548
07-18 16:57:54.668   459   459 I PhoneLab-Locks: wake lock released
07-18 17:01:47.214   766  2892 I Gmail   : MainSyncRequestProto: lowestBkwdConvoId: 0, highestHandledServerOp: 4159454, normalSync: true
07-18 17:01:47.300   141  2247 D dalvikvm: GC_EXPLICIT freed 216K, 12% free 13392K/15047K, paused 2ms+6ms
07-18 17:01:47.535   766   768 D dalvikvm: GC_CONCURRENT freed 408K, 12% free 9859K/11079K, paused 2ms+4ms
07-18 17:01:48.402   766   768 D dalvikvm: GC_CONCURRENT freed 418K, 12% free 9828K/11079K, paused 2ms+3ms
07-18 17:01:48.457   766  2892 D dalvikvm: GC_EXPLICIT freed 36K, 12% free 9800K/11079K, paused 3ms+3ms
07-18 17:01:48.468   766  2892 I Gmail   : MainSyncRequestProto: lowestBkwdConvoId: 0, highestHandledServerOp: 4159488, normalSync: true
07-18 17:01:48.976   766  2892 D dalvikvm: GC_EXPLICIT freed 213K, 12% free 9826K/11079K, paused 2ms+3ms
07-18 17:01:48.988   766  2892 I Gmail   : MainSyncRequestProto: lowestBkwdConvoId: 0, highestHandledServerOp: 4159488, normalSync: true
07-18 17:01:49.000   766  2892 W Gmail   : Scheduling index for 300000 ms from now
07-18 17:01:49.023   766  2892 I Gmail   : Sending notification intent: Intent { act=android.intent.action.PROVIDER_CHANGED dat=content://gmail-ls/unread/^i (has extras) }
07-18 17:01:49.054   766  2894 W Gmail   : Showing notification with unreadCount of 106 and unseenCount of 106
07-18 17:01:49.164   295   310 D dalvikvm: GC_EXPLICIT freed 205K, 9% free 9508K/10375K, paused 2ms+5ms
07-18 17:01:49.496   295   298 D dalvikvm: GC_CONCURRENT freed 468K, 10% free 9436K/10375K, paused 2ms+3ms
07-18 17:01:49.593   295  2896 I DownloadManager: Initiating request for download 595
07-18 17:01:51.554   295   298 D dalvikvm: GC_CONCURRENT freed 368K, 9% free 9457K/10375K, paused 12ms+2ms
07-18 17:01:51.703   766  2899 E Gmail   : No attachments found with downloadId 595
07-18 17:01:51.726   295  2900 I DownloadManager: Initiating request for download 595
07-18 17:01:51.726   295  2900 W DownloadManager: Aborting request for download 595: Trying to resume a download that can't be resumed
07-18 17:01:51.871   295   298 D dalvikvm: GC_CONCURRENT freed 385K, 9% free 9467K/10375K, paused 1ms+3ms
07-18 17:01:52.160   211   213 D dalvikvm: GC_CONCURRENT freed 431K, 12% free 9971K/11271K, paused 7ms+3ms
07-18 17:01:52.226   295   298 D dalvikvm: GC_CONCURRENT freed 277K, 8% free 9586K/10375K, paused 4ms+5ms
07-18 17:04:45.144   766  2906 I Gmail   : MainSyncRequestProto: lowestBkwdConvoId: 0, highestHandledServerOp: 4159488, normalSync: true
07-18 17:04:45.718   766   768 D dalvikvm: GC_CONCURRENT freed 410K, 12% free 9812K/11079K, paused 2ms+3ms
07-18 17:04:45.797   766  2906 D dalvikvm: GC_EXPLICIT freed 127K, 12% free 9806K/11079K, paused 1ms+3ms
07-18 17:04:45.808   766  2906 I Gmail   : MainSyncRequestProto: lowestBkwdConvoId: 0, highestHandledServerOp: 4159513, normalSync: true
07-18 17:04:46.375   766  2906 D dalvikvm: GC_EXPLICIT freed 217K, 12% free 9830K/11079K, paused 4ms+2ms
07-18 17:04:46.382   766  2906 I Gmail   : MainSyncRequestProto: lowestBkwdConvoId: 0, highestHandledServerOp: 4159513, normalSync: true
07-18 17:04:46.394   766  2906 W Gmail   : Scheduling index for 300000 ms from now
07-18 17:04:46.418   766  2906 I Gmail   : Sending notification intent: Intent { act=android.intent.action.PROVIDER_CHANGED dat=content://gmail-ls/unread/^i (has extras) }
07-18 17:04:46.449   766  2907 W Gmail   : Showing notification with unreadCount of 107 and unseenCount of 107
07-18 17:04:46.832   295   298 D dalvikvm: GC_CONCURRENT freed 318K, 7% free 9655K/10375K, paused 1ms+3ms
07-18 17:04:46.945   295  2909 I DownloadManager: Initiating request for download 596
07-18 17:04:47.312   295   298 D dalvikvm: GC_CONCURRENT freed 472K, 8% free 9581K/10375K, paused 3ms+6ms
07-18 17:04:48.105   766  2912 E Gmail   : No attachments found with downloadId 596
07-18 17:04:48.136   295  2913 I DownloadManager: Initiating request for download 596
07-18 17:04:48.136   295  2913 W DownloadManager: Aborting request for download 596: Trying to resume a download that can't be resumed
07-18 17:04:48.300   295   298 D dalvikvm: GC_CONCURRENT freed 371K, 8% free 9606K/10375K, paused 1ms+3ms
07-18 17:04:48.820   295   298 D dalvikvm: GC_CONCURRENT freed 299K, 7% free 9704K/10375K, paused 2ms+3ms
07-18 17:07:53.312   459   459 I PhoneLab-Locks: wake lock acquired
07-18 17:07:53.332   459   459 I PhoneLab-StatusMonitor: Status Monitoring is started
07-18 17:07:53.375   459   462 D dalvikvm: GC_CONCURRENT freed 511K, 19% free 9257K/11335K, paused 1ms+3ms
07-18 17:07:53.390   459   459 I PhoneLab-StatusMonitor: Value: 10 - unit: min
07-18 17:07:53.390   459   459 I PhoneLab-StatusMonitor: Running interval: 600000
07-18 17:07:53.398   459   459 I PhoneLab-StatusMonitor: Rescheduling status monitoring...
07-18 17:07:53.398   459   459 I PhoneLab-Locks: wake lock released
07-18 17:07:53.402   459   459 I PhoneLab-StatusMonitorLocation: Learning Location
07-18 17:07:53.402   459   459 I PhoneLab-Locks: wake lock acquired
07-18 17:07:53.406   459   459 I PhoneLab-Locks: wake lock acquired
07-18 17:07:53.406   274   556 D androidNetworkLocationListeners: Still have listener com.google.android.location.internal.client.NetworkLocationClient$1@4139a548
07-18 17:07:53.410   459   459 I PhoneLab-StatusMonitorLocation: Learning Signal Strgth
07-18 17:07:53.410   459   459 I PhoneLab-Locks: wake lock acquired
07-18 17:07:53.418   274   556 D androidNetworkLocationListeners: Still have listener com.google.android.location.internal.client.NetworkLocationClient$1@4139a548
07-18 17:07:53.418   459   459 I PhoneLab-StatusMonitorBattery: Battery_level: 70
07-18 17:07:53.418   459   459 I PhoneLab-Locks: wake lock released
07-18 17:07:53.421   459   459 I PhoneLab-StatusMonitorSignal: Signal_Strength: -76 asu: 19
07-18 17:07:53.421   459   459 I PhoneLab-Locks: wake lock released
07-18 17:07:54.711   274   276 D dalvikvm: GC_CONCURRENT freed 502K, 9% free 10530K/11527K, paused 2ms+3ms
07-18 17:07:54.726   459   459 I PhoneLab-StatusMonitorLocation: Location_Latitude: 42.9950293 Longitude: -78.6862293 Accuracy: 86.0
07-18 17:07:54.730   459   459 I PhoneLab-Locks: wake lock released
07-18 17:07:54.738   274   556 D androidNetworkLocationListeners: Still have listener com.google.android.location.internal.client.NetworkLocationClient$1@4139a548
07-18 17:17:53.390   766   768 D dalvikvm: GC_CONCURRENT freed 337K, 11% free 9884K/11079K, paused 2ms+3ms
07-18 17:17:53.402   459   459 I PhoneLab-Locks: wake lock acquired
07-18 17:17:53.406   459   459 I PhoneLab-StatusMonitor: Status Monitoring is started
07-18 17:17:53.453   459   462 D dalvikvm: GC_CONCURRENT freed 517K, 19% free 9251K/11335K, paused 1ms+3ms
07-18 17:17:53.468   459   459 I PhoneLab-StatusMonitor: Value: 10 - unit: min
07-18 17:17:53.468   459   459 I PhoneLab-StatusMonitor: Running interval: 600000
07-18 17:17:53.476   459   459 I PhoneLab-StatusMonitor: Rescheduling status monitoring...
07-18 17:17:53.476   459   459 I PhoneLab-Locks: wake lock released
07-18 17:17:53.480   459   459 I PhoneLab-StatusMonitorLocation: Learning Location
07-18 17:17:53.480   459   459 I PhoneLab-Locks: wake lock acquired
07-18 17:17:53.484   459   459 I PhoneLab-Locks: wake lock acquired
07-18 17:17:53.488   459   459 I PhoneLab-StatusMonitorLocation: Learning Signal Strgth
07-18 17:17:53.488   459   459 I PhoneLab-Locks: wake lock acquired
07-18 17:17:53.488   274   556 D androidNetworkLocationListeners: Still have listener com.google.android.location.internal.client.NetworkLocationClient$1@4139a548
07-18 17:17:53.496   274   556 D androidNetworkLocationListeners: Still have listener com.google.android.location.internal.client.NetworkLocationClient$1@4139a548
07-18 17:17:53.503   459   459 I PhoneLab-StatusMonitorBattery: Battery_level: 70
07-18 17:17:53.503   459   459 I PhoneLab-Locks: wake lock released
07-18 17:17:53.507   459   459 I PhoneLab-StatusMonitorSignal: Signal_Strength: -86 asu: 14
07-18 17:17:53.507   459   459 I PhoneLab-Locks: wake lock released
07-18 17:17:53.668   766   768 D dalvikvm: GC_CONCURRENT freed 410K, 11% free 9868K/11079K, paused 2ms+3ms
07-18 17:17:53.812   766  2921 W Gmail   : Successful index run, cancel next scheduled index run
07-18 17:17:54.785   274   556 D androidNetworkLocationListeners: Still have listener com.google.android.location.internal.client.NetworkLocationClient$1@4139a548
07-18 17:17:54.785   459   459 I PhoneLab-StatusMonitorLocation: Location_Latitude: 42.9950259 Longitude: -78.6862263 Accuracy: 87.0
07-18 17:17:54.789   459   459 I PhoneLab-Locks: wake lock released
07-18 17:17:54.812   274   276 D dalvikvm: GC_CONCURRENT freed 500K, 9% free 10517K/11527K, paused 2ms+2ms
07-18 17:19:45.121   141   143 D dalvikvm: GC_CONCURRENT freed 909K, 11% free 13465K/15047K, paused 7ms+5ms
07-18 17:27:47.464   459   459 I PhoneLab-Locks: wake lock acquired
07-18 17:27:47.492   459  2927 I PhoneLab-PeriodicCheckService: User info is synched
07-18 17:27:47.496   459  2927 I PhoneLab-PeriodicCheckService: Logger Service is running
07-18 17:27:47.496   459  2927 I PhoneLab-Locks: wake lock acquired
07-18 17:27:47.500   459   459 I PhoneLab-UploadLogs: Transfering log files now
07-18 17:27:47.500   459   459 I PhoneLab-UploadLogs: No log files to transfer
07-18 17:27:47.500   459   459 I PhoneLab-Locks: wake lock released
07-18 17:27:47.500   459   459 I PhoneLab-UploadLogs: OnStartCommand
07-18 17:27:47.500   459  2927 I PhoneLab-PeriodicCheckService: Rescheduling periodic checking...
07-18 17:27:47.500   459  2927 I PhoneLab-Locks: wake lock released
07-18 17:27:53.023   274   659 I EventLogService: Aggregate from 1342645072862 (log), 1342645072862 (data)
07-18 17:27:53.480   459   459 I PhoneLab-Locks: wake lock acquired
07-18 17:27:53.519   459   459 I PhoneLab-StatusMonitor: Status Monitoring is started
07-18 17:27:53.566   459   462 D dalvikvm: GC_CONCURRENT freed 510K, 19% free 9250K/11335K, paused 2ms+2ms
07-18 17:27:53.586   459   459 I PhoneLab-StatusMonitor: Value: 10 - unit: min
07-18 17:27:53.586   459   459 I PhoneLab-StatusMonitor: Running interval: 600000
07-18 17:27:53.589   459   459 I PhoneLab-StatusMonitor: Rescheduling status monitoring...
07-18 17:27:53.589   459   459 I PhoneLab-Locks: wake lock released
07-18 17:27:53.597   459   459 I PhoneLab-StatusMonitorLocation: Learning Location
07-18 17:27:53.597   459   459 I PhoneLab-Locks: wake lock acquired
07-18 17:27:53.675   141   784 D dalvikvm: GC_EXPLICIT freed 278K, 11% free 13397K/15047K, paused 3ms+5ms
07-18 17:27:53.679   459   459 I PhoneLab-Locks: wake lock acquired
07-18 17:27:53.683   459   459 I PhoneLab-StatusMonitorLocation: Learning Signal Strgth
07-18 17:27:53.683   459   459 I PhoneLab-Locks: wake lock acquired
07-18 17:27:53.687   274   556 D androidNetworkLocationListeners: Still have listener com.google.android.location.internal.client.NetworkLocationClient$1@4139a548
07-18 17:27:53.691   274   556 D androidNetworkLocationListeners: Still have listener com.google.android.location.internal.client.NetworkLocationClient$1@4139a548
07-18 17:27:53.691   459   459 I PhoneLab-StatusMonitorBattery: Battery_level: 70
07-18 17:27:53.695   459   459 I PhoneLab-Locks: wake lock released
07-18 17:27:53.699   459   459 I PhoneLab-StatusMonitorSignal: Signal_Strength: -86 asu: 14
07-18 17:27:53.699   459   459 I PhoneLab-Locks: wake lock released
07-18 17:27:55.015   274   276 D dalvikvm: GC_CONCURRENT freed 507K, 9% free 10521K/11527K, paused 2ms+3ms
07-18 17:27:55.031   459   459 I PhoneLab-StatusMonitorLocation: Location_Latitude: 42.99503 Longitude: -78.6862395 Accuracy: 86.0
07-18 17:27:55.031   274   556 D androidNetworkLocationListeners: Still have listener com.google.android.location.internal.client.NetworkLocationClient$1@4139a548
07-18 17:27:55.035   459   459 I PhoneLab-Locks: wake lock released
07-18 17:34:45.515   459  1052 I PhoneLab-: Service Running
07-18 17:34:45.582   459  1052 I PhoneLab-LoggerService: app_38    1055  459   1428   1060  c00f181c 400107b4 S logcat
07-18 17:34:45.582   459  1052 I PhoneLab-LoggerService: Logcat pid from database 1055
07-18 17:34:45.582   459  1052 I PhoneLab-LoggerService: Logcat process found 1055
07-18 17:34:45.582   459  1052 I PhoneLab-LoggerService: Checking Threshold
07-18 17:34:45.582   459  1052 I PhoneLab-: Service Running
07-18 17:34:45.613   459  1052 I PhoneLab-LoggerService: app_38    1055  459   1428   1060  c00f181c 400107b4 S logcat
07-18 17:34:45.617   459  1052 I PhoneLab-LoggerService: Logcat pid from database 1055
07-18 17:34:45.617   459  1052 I PhoneLab-LoggerService: Logcat process found 1055
07-18 17:34:45.617   459  1052 I PhoneLab-LoggerService: Checking Threshold
07-18 17:34:45.617   459  1052 I PhoneLab-: Service Running
07-18 17:34:45.656   459   462 D dalvikvm: GC_CONCURRENT freed 429K, 19% free 9209K/11335K, paused 2ms+2ms
07-18 17:34:45.660   459  1052 I PhoneLab-LoggerService: app_38    1055  459   1428   1060  c00f181c 400107b4 S logcat
07-18 17:34:45.660   459  1052 I PhoneLab-LoggerService: Logcat pid from database 1055
07-18 17:34:45.660   459  1052 I PhoneLab-LoggerService: Logcat process found 1055
07-18 17:34:45.660   459  1052 I PhoneLab-LoggerService: Checking Threshold
07-18 17:34:45.660   459  1052 I PhoneLab-: Service Running
07-18 17:34:45.691   459  1052 I PhoneLab-LoggerService: app_38    1055  459   1428   1060  c00f181c 400107b4 S logcat
07-18 17:34:45.691   459  1052 I PhoneLab-LoggerService: Logcat pid from database 1055
07-18 17:34:45.691   459  1052 I PhoneLab-LoggerService: Logcat process found 1055
07-18 17:34:45.695   459  1052 I PhoneLab-LoggerService: Checking Threshold
07-18 17:34:45.695   459  1052 I PhoneLab-: Service Running
07-18 17:34:45.718   459  1052 I PhoneLab-LoggerService: app_38    1055  459   1428   1060  c00f181c 400107b4 S logcat
07-18 17:34:45.718   459  1052 I PhoneLab-LoggerService: Logcat pid from database 1055
07-18 17:34:45.718   459  1052 I PhoneLab-LoggerService: Logcat process found 1055
07-18 17:34:45.718   459  1052 I PhoneLab-LoggerService: Checking Threshold
07-18 17:34:45.722   459  1052 I PhoneLab-: Service Running
07-18 17:34:45.746   459  1052 I PhoneLab-LoggerService: app_38    1055  459   1428   1060  c00f181c 400107b4 S logcat
07-18 17:34:45.746   459  1052 I PhoneLab-LoggerService: Logcat pid from database 1055
07-18 17:34:45.746   459  1052 I PhoneLab-LoggerService: Logcat process found 1055
07-18 17:34:45.750   459  1052 I PhoneLab-LoggerService: Checking Threshold
07-18 17:34:45.750   459  1052 I PhoneLab-: Service Running
07-18 17:34:45.773   459  1052 I PhoneLab-LoggerService: app_38    1055  459   1428   1060  c00f181c 400107b4 S logcat
07-18 17:34:45.773   459  1052 I PhoneLab-LoggerService: Logcat pid from database 1055
07-18 17:34:45.773   459  1052 I PhoneLab-LoggerService: Logcat process found 1055
07-18 17:34:45.773   459  1052 I PhoneLab-LoggerService: Checking Threshold
07-18 17:34:45.777   459  1052 I PhoneLab-: Service Running
07-18 17:34:45.800   459  1052 I PhoneLab-LoggerService: app_38    1055  459   1428   1060  c00f181c 400107b4 S logcat
07-18 17:34:45.800   459  1052 I PhoneLab-LoggerService: Logcat pid from database 1055
07-18 17:34:45.800   459  1052 I PhoneLab-LoggerService: Logcat process found 1055
07-18 17:34:45.800   459  1052 I PhoneLab-LoggerService: Checking Threshold
07-18 17:34:45.800   459  1052 I PhoneLab-: Service Running
07-18 17:34:45.828   459  1052 I PhoneLab-LoggerService: app_38    1055  459   1428   1060  c00f181c 400107b4 S logcat
07-18 17:34:45.828   459  1052 I PhoneLab-LoggerService: Logcat pid from database 1055
07-18 17:34:45.828   459  1052 I PhoneLab-LoggerService: Logcat process found 1055
07-18 17:34:45.828   459  1052 I PhoneLab-LoggerService: Checking Threshold
07-18 17:34:45.828   459  1052 I PhoneLab-: Service Running
07-18 17:34:45.855   459  1052 I PhoneLab-LoggerService: app_38    1055  459   1428   1060  c00f181c 400107b4 S logcat
07-18 17:34:45.855   459  1052 I PhoneLab-LoggerService: Logcat pid from database 1055
07-18 17:34:45.855   459  1052 I PhoneLab-LoggerService: Logcat process found 1055
07-18 17:34:45.855   459  1052 I PhoneLab-LoggerService: Checking Threshold
07-18 17:34:45.855   459  1052 I PhoneLab-: Service Running
07-18 17:34:45.898   459   462 D dalvikvm: GC_CONCURRENT freed 398K, 19% free 9214K/11335K, paused 2ms+6ms
07-18 17:34:45.902   459  1052 I PhoneLab-LoggerService: app_38    1055  459   1428   1060  c00f181c 400107b4 S logcat
07-18 17:34:45.902   459  1052 I PhoneLab-LoggerService: Logcat pid from database 1055
07-18 17:34:45.902   459  1052 I PhoneLab-LoggerService: Logcat process found 1055
07-18 17:34:45.902   459  1052 I PhoneLab-LoggerService: Checking Threshold
07-18 17:34:45.902   459  1052 I PhoneLab-: Service Running
07-18 17:34:45.933   459  1052 I PhoneLab-LoggerService: app_38    1055  459   1428   1060  c00f181c 400107b4 S logcat
07-18 17:34:45.933   459  1052 I PhoneLab-LoggerService: Logcat pid from database 1055
07-18 17:34:45.933   459  1052 I PhoneLab-LoggerService: Logcat process found 1055
07-18 17:34:45.933   459  1052 I PhoneLab-LoggerService: Checking Threshold
07-18 17:34:45.933   459  1052 I PhoneLab-: Service Running
07-18 17:34:45.961   459  1052 I PhoneLab-LoggerService: app_38    1055  459   1428   1060  c00f181c 400107b4 S logcat
07-18 17:34:45.961   459  1052 I PhoneLab-LoggerService: Logcat pid from database 1055
07-18 17:34:45.961   459  1052 I PhoneLab-LoggerService: Logcat process found 1055
07-18 17:34:45.961   459  1052 I PhoneLab-LoggerService: Checking Threshold
07-18 17:34:45.961   459  1052 I PhoneLab-: Service Running
07-18 17:34:45.988   459  1052 I PhoneLab-LoggerService: app_38    1055  459   1428   1060  c00f181c 400107b4 S logcat
07-18 17:34:45.988   459  1052 I PhoneLab-LoggerService: Logcat pid from database 1055
07-18 17:34:45.988   459  1052 I PhoneLab-LoggerService: Logcat process found 1055
07-18 17:34:45.988   459  1052 I PhoneLab-LoggerService: Checking Threshold
07-18 17:34:45.988   459  1052 I PhoneLab-: Service Running
07-18 17:34:46.015   459  1052 I PhoneLab-LoggerService: app_38    1055  459   1428   1060  c00f181c 400107b4 S logcat
07-18 17:34:46.015   459  1052 I PhoneLab-LoggerService: Logcat pid from database 1055
07-18 17:34:46.015   459  1052 I PhoneLab-LoggerService: Logcat process found 1055
07-18 17:34:46.015   459  1052 I PhoneLab-LoggerService: Checking Threshold
07-18 17:34:46.015   459  1052 I PhoneLab-: Service Running
07-18 17:34:46.043   459  1052 I PhoneLab-LoggerService: app_38    1055  459   1428   1060  c00f181c 400107b4 S logcat
07-18 17:34:46.043   459  1052 I PhoneLab-LoggerService: Logcat pid from database 1055
07-18 17:34:46.043   459  1052 I PhoneLab-LoggerService: Logcat process found 1055
07-18 17:34:46.043   459  1052 I PhoneLab-LoggerService: Checking Threshold
07-18 17:34:46.043   459  1052 I PhoneLab-: Service Running
07-18 17:34:46.070   459  1052 I PhoneLab-LoggerService: app_38    1055  459   1428   1060  c00f181c 400107b4 S logcat
07-18 17:34:46.070   459  1052 I PhoneLab-LoggerService: Logcat pid from database 1055
07-18 17:34:46.070   459  1052 I PhoneLab-LoggerService: Logcat process found 1055
07-18 17:34:46.070   459  1052 I PhoneLab-LoggerService: Checking Threshold
07-18 17:34:46.070   459  1052 I PhoneLab-: Service Running
07-18 17:34:46.097   459  1052 I PhoneLab-LoggerService: app_38    1055  459   1428   1060  c00f181c 400107b4 S logcat
07-18 17:34:46.097   459  1052 I PhoneLab-LoggerService: Logcat pid from database 1055
07-18 17:34:46.097   459  1052 I PhoneLab-LoggerService: Logcat process found 1055
07-18 17:34:46.097   459  1052 I PhoneLab-LoggerService: Checking Threshold
07-18 17:34:46.097   459  1052 I PhoneLab-: Service Running
07-18 17:34:46.136   459   462 D dalvikvm: GC_CONCURRENT freed 405K, 19% free 9225K/11335K, paused 2ms+6ms
07-18 17:34:46.144   459  1052 I PhoneLab-LoggerService: app_38    1055  459   1428   1060  c00f181c 400107b4 S logcat
07-18 17:34:46.144   459  1052 I PhoneLab-LoggerService: Logcat pid from database 1055
07-18 17:34:46.144   459  1052 I PhoneLab-LoggerService: Logcat process found 1055
07-18 17:34:46.144   459  1052 I PhoneLab-LoggerService: Checking Threshold
07-18 17:34:46.144   459  1052 I PhoneLab-: Service Running
07-18 17:34:46.175   459  1052 I PhoneLab-LoggerService: app_38    1055  459   1428   1060  c00f181c 400107b4 S logcat
07-18 17:34:46.175   459  1052 I PhoneLab-LoggerService: Logcat pid from database 1055
07-18 17:34:46.175   459  1052 I PhoneLab-LoggerService: Logcat process found 1055
07-18 17:34:46.175   459  1052 I PhoneLab-LoggerService: Checking Threshold
07-18 17:34:46.175   459  1052 I PhoneLab-: Service Running
07-18 17:34:46.203   459  1052 I PhoneLab-LoggerService: app_38    1055  459   1428   1060  c00f181c 400107b4 S logcat
07-18 17:34:46.203   459  1052 I PhoneLab-LoggerService: Logcat pid from database 1055
07-18 17:34:46.203   459  1052 I PhoneLab-LoggerService: Logcat process found 1055
07-18 17:34:46.207   459  1052 I PhoneLab-LoggerService: Checking Threshold
07-18 17:34:46.207   459  1052 I PhoneLab-: Service Running
07-18 17:34:46.230   459  1052 I PhoneLab-LoggerService: app_38    1055  459   1428   1060  c00f181c 400107b4 S logcat
07-18 17:34:46.230   459  1052 I PhoneLab-LoggerService: Logcat pid from database 1055
07-18 17:34:46.234   459  1052 I PhoneLab-LoggerService: Logcat process found 1055
07-18 17:34:46.234   459  1052 I PhoneLab-LoggerService: Checking Threshold
07-18 17:34:46.234   459  1052 I PhoneLab-: Service Running
07-18 17:34:46.257   459  1052 I PhoneLab-LoggerService: app_38    1055  459   1428   1060  c00f181c 400107b4 S logcat
07-18 17:34:46.261   459  1052 I PhoneLab-LoggerService: Logcat pid from database 1055
07-18 17:34:46.261   459  1052 I PhoneLab-LoggerService: Logcat process found 1055
07-18 17:34:46.261   459  1052 I PhoneLab-LoggerService: Checking Threshold
07-18 17:34:46.261   459  1052 I PhoneLab-: Service Running
07-18 17:34:46.285   459  1052 I PhoneLab-LoggerService: app_38    1055  459   1428   1060  c00f181c 400107b4 S logcat
07-18 17:34:46.289   459  1052 I PhoneLab-LoggerService: Logcat pid from database 1055
07-18 17:34:46.289   459  1052 I PhoneLab-LoggerService: Logcat process found 1055
07-18 17:34:46.289   459  1052 I PhoneLab-LoggerService: Checking Threshold
07-18 17:34:46.289   459  1052 I PhoneLab-: Service Running
07-18 17:34:46.312   459  1052 I PhoneLab-LoggerService: app_38    1055  459   1428   1060  c00f181c 400107b4 S logcat
07-18 17:34:46.316   459  1052 I PhoneLab-LoggerService: Logcat pid from database 1055
07-18 17:34:46.316   459  1052 I PhoneLab-LoggerService: Logcat process found 1055
07-18 17:34:46.316   459  1052 I PhoneLab-LoggerService: Checking Threshold
07-18 17:34:46.316   459  1052 I PhoneLab-: Service Running
07-18 17:34:46.339   459  1052 I PhoneLab-LoggerService: app_38    1055  459   1428   1060  c00f181c 400107b4 S logcat
07-18 17:34:46.343   459  1052 I PhoneLab-LoggerService: Logcat pid from database 1055
07-18 17:34:46.343   459  1052 I PhoneLab-LoggerService: Logcat process found 1055
07-18 17:34:46.343   459  1052 I PhoneLab-LoggerService: Checking Threshold
07-18 17:37:54.011   459   459 I PhoneLab-Locks: wake lock acquired
07-18 17:37:54.015   459   459 I PhoneLab-StatusMonitor: Status Monitoring is started
07-18 17:37:54.054   459   462 D dalvikvm: GC_CONCURRENT freed 499K, 19% free 9238K/11335K, paused 2ms+3ms
07-18 17:37:54.082   459   459 I PhoneLab-StatusMonitor: Value: 10 - unit: min
07-18 17:37:54.082   459   459 I PhoneLab-StatusMonitor: Running interval: 600000
07-18 17:37:54.090   459   459 I PhoneLab-StatusMonitor: Rescheduling status monitoring...
07-18 17:37:54.090   459   459 I PhoneLab-Locks: wake lock released
07-18 17:37:54.097   459   459 I PhoneLab-StatusMonitorLocation: Learning Location
07-18 17:37:54.097   459   459 I PhoneLab-Locks: wake lock acquired
07-18 17:42:04.050   459   459 I PhoneLab-Locks: wake lock acquired
07-18 17:42:04.054   459   459 I PhoneLab-StatusMonitorLocation: Learning Signal Strgth
07-18 17:42:04.054   459   459 I PhoneLab-Locks: wake lock acquired
07-18 17:42:04.058   274   556 D androidNetworkLocationListeners: Still have listener com.google.android.location.internal.client.NetworkLocationClient$1@4139a548
07-18 17:42:04.074   274   556 D androidNetworkLocationListeners: Still have listener com.google.android.location.internal.client.NetworkLocationClient$1@4139a548
07-18 17:42:04.082   459   459 I PhoneLab-StatusMonitorBattery: Battery_level: 70
07-18 17:42:04.082   459   459 I PhoneLab-Locks: wake lock released
07-18 17:42:04.082   459   459 I PhoneLab-StatusMonitorSignal: Signal_Strength: -76 asu: 19
07-18 17:42:04.082   459   459 I PhoneLab-Locks: wake lock released
07-18 17:42:04.101   459   462 D dalvikvm: GC_CONCURRENT freed 438K, 19% free 9188K/11335K, paused 18ms+2ms
07-18 17:42:05.332  2662  2669 I dalvikvm: Total arena pages for JIT: 11
07-18 17:42:05.336  2662  2669 I dalvikvm: Total arena pages for JIT: 12
07-18 17:42:05.336  2662  2669 I dalvikvm: Total arena pages for JIT: 13
07-18 17:42:05.336  2662  2669 I dalvikvm: Total arena pages for JIT: 14
07-18 17:42:05.339  2662  2669 I dalvikvm: Total arena pages for JIT: 15
07-18 17:42:05.339  2662  2669 I dalvikvm: Total arena pages for JIT: 16
07-18 17:42:05.339  2662  2669 I dalvikvm: Total arena pages for JIT: 17
07-18 17:42:05.394   459   459 I PhoneLab-StatusMonitorLocation: Location_Latitude: 42.995031 Longitude: -78.6862286 Accuracy: 86.0
07-18 17:42:05.394   274   556 D androidNetworkLocationListeners: Still have listener com.google.android.location.internal.client.NetworkLocationClient$1@4139a548
07-18 17:42:05.394   459   459 I PhoneLab-Locks: wake lock released
07-18 17:42:05.421   274   276 D dalvikvm: GC_CONCURRENT freed 509K, 9% free 10517K/11527K, paused 2ms+3ms
07-18 17:45:48.750   766  2963 I Gmail   : MainSyncRequestProto: lowestBkwdConvoId: 0, highestHandledServerOp: 4159513, normalSync: true
07-18 17:45:49.523   766   768 D dalvikvm: GC_CONCURRENT freed 381K, 11% free 9874K/11079K, paused 1ms+2ms
07-18 17:45:49.824   766   768 D dalvikvm: GC_CONCURRENT freed 451K, 12% free 9815K/11079K, paused 2ms+3ms
07-18 17:45:49.910   766  2963 D dalvikvm: GC_EXPLICIT freed 85K, 12% free 9802K/11079K, paused 2ms+3ms
07-18 17:45:49.921   766  2963 I Gmail   : MainSyncRequestProto: lowestBkwdConvoId: 0, highestHandledServerOp: 4159570, normalSync: true
07-18 17:45:49.933   766  2963 W Gmail   : Scheduling index for 300000 ms from now
07-18 17:45:49.957   766  2963 I Gmail   : Sending notification intent: Intent { act=android.intent.action.PROVIDER_CHANGED dat=content://gmail-ls/unread/^i (has extras) }
07-18 17:45:49.984   766  2965 W Gmail   : Showing notification with unreadCount of 106 and unseenCount of 106
07-18 17:45:50.066   211   213 D dalvikvm: GC_CONCURRENT freed 407K, 12% free 9974K/11271K, paused 1ms+3ms
07-18 17:45:50.277   766  2963 I Gmail   : Sending notification intent: Intent { act=android.intent.action.PROVIDER_CHANGED dat=content://gmail-ls/unread/^iim (has extras) }
07-18 17:45:51.179   295   298 D dalvikvm: GC_CONCURRENT freed 295K, 6% free 9805K/10375K, paused 1ms+4ms
07-18 17:45:51.261   295  2968 I DownloadManager: Initiating request for download 597
07-18 17:45:52.296   295   298 D dalvikvm: GC_CONCURRENT freed 769K, 9% free 9472K/10375K, paused 3ms+5ms
07-18 17:45:52.394   766  2971 E Gmail   : No attachments found with downloadId 597
07-18 17:45:52.425   295  2972 I DownloadManager: Initiating request for download 597
07-18 17:45:52.425   295  2972 W DownloadManager: Aborting request for download 597: Trying to resume a download that can't be resumed
07-18 17:45:52.613   295   298 D dalvikvm: GC_CONCURRENT freed 353K, 9% free 9513K/10375K, paused 2ms+4ms
07-18 17:47:54.117   459   459 I PhoneLab-Locks: wake lock acquired
07-18 17:47:54.140   459   459 I PhoneLab-StatusMonitor: Status Monitoring is started
07-18 17:47:54.183   459   459 I PhoneLab-StatusMonitor: Value: 10 - unit: min
07-18 17:47:54.191   459   459 I PhoneLab-StatusMonitor: Running interval: 600000
07-18 17:47:54.195   459   459 I PhoneLab-StatusMonitor: Rescheduling status monitoring...
07-18 17:47:54.195   459   459 I PhoneLab-Locks: wake lock released
07-18 17:47:54.203   459   459 I PhoneLab-StatusMonitorLocation: Learning Location
07-18 17:47:54.203   459   459 I PhoneLab-Locks: wake lock acquired
07-18 17:47:54.214   459   462 D dalvikvm: GC_CONCURRENT freed 427K, 19% free 9282K/11335K, paused 2ms+2ms
07-18 17:47:54.218   459   459 I PhoneLab-Locks: wake lock acquired
07-18 17:47:54.226   459   459 I PhoneLab-StatusMonitorLocation: Learning Signal Strgth
07-18 17:47:54.226   459   459 I PhoneLab-Locks: wake lock acquired
07-18 17:47:54.234   274   556 D androidNetworkLocationListeners: Still have listener com.google.android.location.internal.client.NetworkLocationClient$1@4139a548
07-18 17:47:54.242   274   556 D androidNetworkLocationListeners: Still have listener com.google.android.location.internal.client.NetworkLocationClient$1@4139a548
07-18 17:47:54.242   459   459 I PhoneLab-StatusMonitorBattery: Battery_level: 70
07-18 17:47:54.246   459   459 I PhoneLab-Locks: wake lock released
07-18 17:47:54.250   459   459 I PhoneLab-StatusMonitorSignal: Signal_Strength: -86 asu: 14
07-18 17:47:54.250   459   459 I PhoneLab-Locks: wake lock released
07-18 17:47:55.546   459   459 I PhoneLab-StatusMonitorLocation: Location_Latitude: 42.9950309 Longitude: -78.6862351 Accuracy: 86.0
07-18 17:47:55.546   274   556 D androidNetworkLocationListeners: Still have listener com.google.android.location.internal.client.NetworkLocationClient$1@4139a548
07-18 17:47:55.546   459   459 I PhoneLab-Locks: wake lock released
07-18 17:47:55.578   274   276 D dalvikvm: GC_CONCURRENT freed 481K, 9% free 10524K/11527K, paused 2ms+5ms
07-18 17:47:59.148   766  2981 I Gmail   : MainSyncRequestProto: lowestBkwdConvoId: 0, highestHandledServerOp: 4159570, normalSync: true
07-18 17:47:59.558   766   768 D dalvikvm: GC_CONCURRENT freed 345K, 12% free 9846K/11079K, paused 2ms+3ms
07-18 17:47:59.609   766  2981 D dalvikvm: GC_EXPLICIT freed 47K, 12% free 9803K/11079K, paused 3ms+3ms
07-18 17:47:59.621   766  2981 I Gmail   : MainSyncRequestProto: lowestBkwdConvoId: 0, highestHandledServerOp: 4159578, normalSync: true
07-18 17:48:00.086   141   143 D dalvikvm: GC_CONCURRENT freed 903K, 11% free 13471K/15047K, paused 3ms+5ms
07-18 17:48:00.218   766  2981 D dalvikvm: GC_EXPLICIT freed 242K, 12% free 9835K/11079K, paused 3ms+4ms
07-18 17:48:00.230   766  2981 I Gmail   : MainSyncRequestProto: lowestBkwdConvoId: 0, highestHandledServerOp: 4159578, normalSync: true
07-18 17:48:00.242   766  2981 W Gmail   : Scheduling index for 300000 ms from now
07-18 17:48:00.531   295   298 D dalvikvm: GC_CONCURRENT freed 326K, 8% free 9576K/10375K, paused 6ms+3ms
07-18 17:48:00.679   295   298 D dalvikvm: GC_CONCURRENT freed 523K, 9% free 9450K/10375K, paused 1ms+3ms
07-18 17:48:00.746   295  2983 I DownloadManager: Initiating request for download 598
07-18 17:48:01.754   295   298 D dalvikvm: GC_CONCURRENT freed 387K, 9% free 9459K/10375K, paused 3ms+3ms
07-18 17:48:01.863   766  2986 E Gmail   : No attachments found with downloadId 598
07-18 17:48:41.179   766  2988 I Gmail   : MainSyncRequestProto: lowestBkwdConvoId: 0, highestHandledServerOp: 4159578, normalSync: true
07-18 17:48:42.242   766  2988 D dalvikvm: GC_EXPLICIT freed 263K, 12% free 9848K/11079K, paused 8ms+3ms
07-18 17:48:42.254   766  2988 I Gmail   : MainSyncRequestProto: lowestBkwdConvoId: 0, highestHandledServerOp: 4159583, normalSync: true
07-18 17:48:42.812   766  2988 D dalvikvm: GC_EXPLICIT freed 277K, 12% free 9836K/11079K, paused 1ms+3ms
07-18 17:48:42.820   766  2988 I Gmail   : MainSyncRequestProto: lowestBkwdConvoId: 0, highestHandledServerOp: 4159583, normalSync: true
07-18 17:48:42.832   766  2988 W Gmail   : Scheduling index for 300000 ms from now
07-18 17:48:42.968   141   338 D dalvikvm: GC_EXPLICIT freed 231K, 11% free 13410K/15047K, paused 2ms+4ms
07-18 17:48:43.136   295   298 D dalvikvm: GC_CONCURRENT freed 365K, 9% free 9491K/10375K, paused 1ms+4ms
07-18 17:48:43.285   295  2990 I DownloadManager: Initiating request for download 599
07-18 17:48:43.343   295   298 D dalvikvm: GC_CONCURRENT freed 421K, 9% free 9464K/10375K, paused 1ms+3ms
07-18 17:48:44.097   295   298 D dalvikvm: GC_CONCURRENT freed 443K, 10% free 9426K/10375K, paused 2ms+2ms
07-18 17:48:44.125   766  2993 E Gmail   : No attachments found with downloadId 599
07-18 17:48:44.152   295  2994 I DownloadManager: Initiating request for download 599
07-18 17:48:44.152   295  2994 W DownloadManager: Aborting request for download 599: Trying to resume a download that can't be resumed
07-18 17:48:44.429   295   298 D dalvikvm: GC_CONCURRENT freed 308K, 9% free 9514K/10375K, paused 2ms+3ms
07-18 17:49:07.172   766  3000 I Gmail   : MainSyncRequestProto: lowestBkwdConvoId: 0, highestHandledServerOp: 4159583, normalSync: true
07-18 17:49:07.824   766  3000 D dalvikvm: GC_EXPLICIT freed 267K, 12% free 9851K/11079K, paused 8ms+3ms
07-18 17:49:07.836   766  3000 I Gmail   : MainSyncRequestProto: lowestBkwdConvoId: 0, highestHandledServerOp: 4159588, normalSync: true
07-18 17:49:08.363   766  3000 D dalvikvm: GC_EXPLICIT freed 280K, 12% free 9835K/11079K, paused 2ms+2ms
07-18 17:49:08.375   766  3000 I Gmail   : MainSyncRequestProto: lowestBkwdConvoId: 0, highestHandledServerOp: 4159588, normalSync: true
07-18 17:49:08.386   766  3000 W Gmail   : Scheduling index for 300000 ms from now
07-18 17:49:08.468   766   824 D dalvikvm: GC_EXPLICIT freed 120K, 12% free 9818K/11079K, paused 2ms+3ms
07-18 17:49:08.652   295   298 D dalvikvm: GC_CONCURRENT freed 311K, 8% free 9598K/10375K, paused 1ms+4ms
07-18 17:49:08.793   295   298 D dalvikvm: GC_CONCURRENT freed 397K, 8% free 9589K/10375K, paused 1ms+2ms
07-18 17:49:08.840   295  3002 I DownloadManager: Initiating request for download 600
07-18 17:49:09.890   295   298 D dalvikvm: GC_CONCURRENT freed 402K, 8% free 9580K/10375K, paused 2ms+4ms
07-18 17:49:10.019   295  3006 I DownloadManager: Initiating request for download 600
07-18 17:49:10.023   295  3006 W DownloadManager: Aborting request for download 600: Trying to resume a download that can't be resumed
07-18 17:49:10.871   295   298 D dalvikvm: GC_CONCURRENT freed 351K, 8% free 9625K/10375K, paused 2ms+3ms
07-18 17:49:40.101   295   298 D dalvikvm: GC_CONCURRENT freed 296K, 7% free 9716K/10375K, paused 2ms+5ms
07-18 17:49:40.168   766  3012 I Gmail   : MainSyncRequestProto: lowestBkwdConvoId: 0, highestHandledServerOp: 4159588, normalSync: true
07-18 17:49:40.269   295  3013 D dalvikvm: GC_EXPLICIT freed 150K, 7% free 9667K/10375K, paused 2ms+3ms
07-18 17:49:40.281   295  3013 I DownloadManager: Initiating request for download 601
07-18 17:49:40.715   766  3012 D dalvikvm: GC_EXPLICIT freed 193K, 12% free 9850K/11079K, paused 4ms+6ms
07-18 17:49:40.726   766  3012 I Gmail   : MainSyncRequestProto: lowestBkwdConvoId: 0, highestHandledServerOp: 4159593, normalSync: true
07-18 17:49:41.406   295   298 D dalvikvm: GC_CONCURRENT freed 396K, 7% free 9700K/10375K, paused 2ms+2ms
07-18 17:49:41.441   766  3012 D dalvikvm: GC_EXPLICIT freed 300K, 11% free 9861K/11079K, paused 2ms+4ms
07-18 17:49:41.472   295  3017 I DownloadManager: Initiating request for download 601
07-18 17:49:41.472   766  3012 I Gmail   : MainSyncRequestProto: lowestBkwdConvoId: 0, highestHandledServerOp: 4159593, normalSync: true
07-18 17:49:41.476   295  3017 W DownloadManager: Aborting request for download 601: Trying to resume a download that can't be resumed
07-18 17:49:41.504   766  3012 W Gmail   : Scheduling index for 300000 ms from now
07-18 17:49:41.543   295  3015 I DownloadManager: deleting /data/data/com.android.providers.downloads/cache/downloadfile-51.jpeg
07-18 17:49:41.918   141   152 D dalvikvm: GC_EXPLICIT freed 457K, 11% free 13454K/15047K, paused 3ms+6ms
07-18 17:49:41.933   295  3021 I DownloadManager: Initiating request for download 602
07-18 17:49:41.976   239   241 D dalvikvm: GC_CONCURRENT freed 363K, 6% free 9539K/10119K, paused 2ms+3ms
07-18 17:49:42.054   295   298 D dalvikvm: GC_CONCURRENT freed 392K, 7% free 9698K/10375K, paused 2ms+4ms
07-18 17:49:42.472   295  3024 I DownloadManager: Initiating request for download 603
07-18 17:49:42.566   295   298 D dalvikvm: GC_CONCURRENT freed 624K, 9% free 9464K/10375K, paused 4ms+5ms
07-18 17:49:42.855   766  3027 E Gmail   : No attachments found with downloadId 602
07-18 17:49:42.898   295   298 D dalvikvm: GC_CONCURRENT freed 387K, 9% free 9496K/10375K, paused 2ms+2ms
07-18 17:49:42.918   295  3028 I DownloadManager: Initiating request for download 602
07-18 17:49:42.918   295  3028 W DownloadManager: Aborting request for download 602: Trying to resume a download that can't be resumed
07-18 17:49:44.254   766  3033 E Gmail   : No attachments found with downloadId 603
07-18 17:49:44.355   295   298 D dalvikvm: GC_CONCURRENT freed 453K, 10% free 9440K/10375K, paused 1ms+2ms
07-18 17:50:09.160   766  3035 I Gmail   : MainSyncRequestProto: lowestBkwdConvoId: 0, highestHandledServerOp: 4159593, normalSync: true
07-18 17:50:09.875   766  3035 D dalvikvm: GC_EXPLICIT freed 337K, 11% free 9874K/11079K, paused 16ms+3ms
07-18 17:50:09.886   766  3035 I Gmail   : MainSyncRequestProto: lowestBkwdConvoId: 0, highestHandledServerOp: 4159598, normalSync: true
07-18 17:50:10.461   766  3035 D dalvikvm: GC_EXPLICIT freed 305K, 12% free 9835K/11079K, paused 4ms+3ms
07-18 17:50:10.472   766  3035 I Gmail   : MainSyncRequestProto: lowestBkwdConvoId: 0, highestHandledServerOp: 4159598, normalSync: true
07-18 17:50:10.480   766  3035 W Gmail   : Scheduling index for 300000 ms from now
07-18 17:50:10.781   295   298 D dalvikvm: GC_CONCURRENT freed 265K, 8% free 9570K/10375K, paused 1ms+3ms
07-18 17:50:10.863   295  3037 I DownloadManager: Initiating request for download 604
07-18 17:50:11.164   295   298 D dalvikvm: GC_CONCURRENT freed 375K, 8% free 9596K/10375K, paused 2ms+3ms
07-18 17:50:11.976   766  3041 E Gmail   : No attachments found with downloadId 604
07-18 17:50:55.062   274   276 D dalvikvm: GC_CONCURRENT freed 358K, 9% free 10550K/11527K, paused 2ms+3ms
07-18 17:50:55.144   766  3043 I Gmail   : MainSyncRequestProto: lowestBkwdConvoId: 0, highestHandledServerOp: 4159598, normalSync: true
07-18 17:50:55.718   766  3043 D dalvikvm: GC_EXPLICIT freed 251K, 12% free 9850K/11079K, paused 5ms+3ms
07-18 17:50:55.730   766  3043 I Gmail   : MainSyncRequestProto: lowestBkwdConvoId: 0, highestHandledServerOp: 4159603, normalSync: true
07-18 17:50:56.269   766  3043 D dalvikvm: GC_EXPLICIT freed 284K, 12% free 9843K/11079K, paused 4ms+7ms
07-18 17:50:56.281   766  3043 I Gmail   : MainSyncRequestProto: lowestBkwdConvoId: 0, highestHandledServerOp: 4159603, normalSync: true
07-18 17:50:56.293   766  3043 W Gmail   : Scheduling index for 300000 ms from now
07-18 17:50:56.500   295   298 D dalvikvm: GC_CONCURRENT freed 399K, 8% free 9592K/10375K, paused 2ms+3ms
07-18 17:50:56.652   295   298 D dalvikvm: GC_CONCURRENT freed 265K, 7% free 9724K/10375K, paused 1ms+3ms
07-18 17:50:56.707   295  3045 I DownloadManager: Initiating request for download 605
07-18 17:50:57.734   766  3048 E Gmail   : No attachments found with downloadId 605
07-18 17:50:57.754   295   298 D dalvikvm: GC_CONCURRENT freed 428K, 7% free 9694K/10375K, paused 5ms+2ms
07-18 17:50:57.789   295  3049 I DownloadManager: Initiating request for download 605
07-18 17:50:57.789   295  3049 W DownloadManager: Aborting request for download 605: Trying to resume a download that can't be resumed
07-18 17:51:43.160   295   298 D dalvikvm: GC_CONCURRENT freed 313K, 6% free 9767K/10375K, paused 1ms+11ms
07-18 17:51:43.211   766  3054 I Gmail   : MainSyncRequestProto: lowestBkwdConvoId: 0, highestHandledServerOp: 4159603, normalSync: true
07-18 17:51:43.804   766  3054 D dalvikvm: GC_EXPLICIT freed 271K, 12% free 9854K/11079K, paused 16ms+3ms
07-18 17:51:43.816   766  3054 I Gmail   : MainSyncRequestProto: lowestBkwdConvoId: 0, highestHandledServerOp: 4159608, normalSync: true
07-18 17:51:44.386   766  3054 D dalvikvm: GC_EXPLICIT freed 278K, 12% free 9844K/11079K, paused 2ms+3ms
07-18 17:51:44.394   766  3054 I Gmail   : MainSyncRequestProto: lowestBkwdConvoId: 0, highestHandledServerOp: 4159608, normalSync: true
07-18 17:51:44.406   766  3054 W Gmail   : Scheduling index for 300000 ms from now
07-18 17:51:44.511   141   464 D dalvikvm: GC_EXPLICIT freed 555K, 11% free 13489K/15047K, paused 2ms+6ms
07-18 17:51:44.695   295   298 D dalvikvm: GC_CONCURRENT freed 305K, 6% free 9851K/10375K, paused 3ms+9ms
07-18 17:51:44.843   295   298 D dalvikvm: GC_CONCURRENT freed 793K, 9% free 9454K/10375K, paused 2ms+2ms
07-18 17:51:44.910   295  3057 I DownloadManager: Initiating request for download 606
07-18 17:51:45.531   295   298 D dalvikvm: GC_CONCURRENT freed 376K, 9% free 9471K/10375K, paused 3ms+5ms
07-18 17:51:45.629   766  3060 E Gmail   : No attachments found with downloadId 606
07-18 17:51:45.664   295  3061 I DownloadManager: Initiating request for download 606
07-18 17:51:45.664   295  3061 W DownloadManager: Aborting request for download 606: Trying to resume a download that can't be resumed
07-18 17:51:45.851   295   298 D dalvikvm: GC_CONCURRENT freed 348K, 9% free 9519K/10375K, paused 1ms+3ms
07-18 17:52:39.113   766  3067 I Gmail   : MainSyncRequestProto: lowestBkwdConvoId: 0, highestHandledServerOp: 4159608, normalSync: true
07-18 17:52:39.531   766   768 D dalvikvm: GC_CONCURRENT freed 404K, 12% free 9838K/11079K, paused 2ms+3ms
07-18 17:52:39.605   766  3067 D dalvikvm: GC_EXPLICIT freed 58K, 12% free 9801K/11079K, paused 2ms+4ms
07-18 17:52:39.617   766  3067 I Gmail   : MainSyncRequestProto: lowestBkwdConvoId: 0, highestHandledServerOp: 4159637, normalSync: true
07-18 17:52:40.160   766   768 D dalvikvm: GC_CONCURRENT freed 360K, 12% free 9827K/11079K, paused 2ms+2ms
07-18 17:52:40.211   766  3067 D dalvikvm: GC_EXPLICIT freed 25K, 12% free 9807K/11079K, paused 3ms+3ms
07-18 17:52:40.222   766  3067 I Gmail   : MainSyncRequestProto: lowestBkwdConvoId: 0, highestHandledServerOp: 4159637, normalSync: true
07-18 17:52:40.234   766  3067 W Gmail   : Scheduling index for 300000 ms from now
07-18 17:52:40.257   766  3067 I Gmail   : Sending notification intent: Intent { act=android.intent.action.PROVIDER_CHANGED dat=content://gmail-ls/unread/^i (has extras) }
07-18 17:52:40.289   766  3068 W Gmail   : Showing notification with unreadCount of 107 and unseenCount of 107
07-18 17:52:40.406   295   298 D dalvikvm: GC_CONCURRENT freed 317K, 8% free 9588K/10375K, paused 2ms+3ms
07-18 17:52:40.707   295   298 D dalvikvm: GC_CONCURRENT freed 410K, 8% free 9575K/10375K, paused 4ms+3ms
07-18 17:52:41.011   295  3070 I DownloadManager: Initiating request for download 607
07-18 17:52:41.414   295   298 D dalvikvm: GC_CONCURRENT freed 361K, 8% free 9599K/10375K, paused 17ms+2ms
07-18 17:52:41.500   766  3073 I Gmail   : MainSyncRequestProto: lowestBkwdConvoId: 0, highestHandledServerOp: 4159637, normalSync: true
07-18 17:52:41.972   766  3076 E Gmail   : No attachments found with downloadId 607
07-18 17:52:42.070   295   298 D dalvikvm: GC_CONCURRENT freed 428K, 8% free 9565K/10375K, paused 1ms+3ms
07-18 17:52:42.082   766  3073 D dalvikvm: GC_EXPLICIT freed 294K, 11% free 9862K/11079K, paused 5ms+23ms
07-18 17:52:42.093   766  3073 I Gmail   : MainSyncRequestProto: lowestBkwdConvoId: 0, highestHandledServerOp: 4159642, normalSync: true
07-18 17:52:42.586   766  3073 D dalvikvm: GC_EXPLICIT freed 296K, 12% free 9845K/11079K, paused 4ms+3ms
07-18 17:52:42.597   766  3073 I Gmail   : MainSyncRequestProto: lowestBkwdConvoId: 0, highestHandledServerOp: 4159642, normalSync: true
07-18 17:52:42.605   766  3073 W Gmail   : Scheduling index for 300000 ms from now
07-18 17:52:42.941   295   298 D dalvikvm: GC_CONCURRENT freed 256K, 7% free 9704K/10375K, paused 1ms+3ms
07-18 17:52:42.996   459  1052 I PhoneLab-: Service Running
07-18 17:52:43.039   459  1052 I PhoneLab-LoggerService: app_38    1055  459   1428   1060  c00f181c 400107b4 S logcat
07-18 17:52:43.039   459  1052 I PhoneLab-LoggerService: Logcat pid from database 1055
07-18 17:52:43.039   459  1052 I PhoneLab-LoggerService: Logcat process found 1055
07-18 17:52:43.039   459  1052 I PhoneLab-LoggerService: Checking Threshold
07-18 17:52:43.039   459  1052 I PhoneLab-: Service Running
07-18 17:52:43.070   459  1052 I PhoneLab-LoggerService: app_38    1055  459   1428   1060  c00f181c 400107b4 S logcat
07-18 17:52:43.070   459  1052 I PhoneLab-LoggerService: Logcat pid from database 1055
07-18 17:52:43.070   459  1052 I PhoneLab-LoggerService: Logcat process found 1055
07-18 17:52:43.070   459  1052 I PhoneLab-LoggerService: Checking Threshold
07-18 17:52:43.070   459  1052 I PhoneLab-: Service Running
07-18 17:52:43.078   295  3079 I DownloadManager: Initiating request for download 608
07-18 17:52:43.105   459  1052 I PhoneLab-LoggerService: app_38    1055  459   1428   1060  c00f181c 400107b4 S logcat
07-18 17:52:43.105   459  1052 I PhoneLab-LoggerService: Logcat pid from database 1055
07-18 17:52:43.105   459  1052 I PhoneLab-LoggerService: Logcat process found 1055
07-18 17:52:43.105   459  1052 I PhoneLab-LoggerService: Checking Threshold
07-18 17:52:43.105   459  1052 I PhoneLab-: Service Running
07-18 17:52:43.132   459  1052 I PhoneLab-LoggerService: app_38    1055  459   1428   1060  c00f181c 400107b4 S logcat
07-18 17:52:43.132   459  1052 I PhoneLab-LoggerService: Logcat pid from database 1055
07-18 17:52:43.136   459  1052 I PhoneLab-LoggerService: Logcat process found 1055
07-18 17:52:43.136   459  1052 I PhoneLab-LoggerService: Checking Threshold
07-18 17:52:43.136   459  1052 I PhoneLab-: Service Running
07-18 17:52:43.168   459  1052 I PhoneLab-LoggerService: app_38    1055  459   1428   1060  c00f181c 400107b4 S logcat
07-18 17:52:43.171   459  1052 I PhoneLab-LoggerService: Logcat pid from database 1055
07-18 17:52:43.171   459  1052 I PhoneLab-LoggerService: Logcat process found 1055
07-18 17:52:43.171   459  1052 I PhoneLab-LoggerService: Checking Threshold
07-18 17:52:43.171   459  1052 I PhoneLab-: Service Running
07-18 17:52:43.199   459  1052 I PhoneLab-LoggerService: app_38    1055  459   1428   1060  c00f181c 400107b4 S logcat
07-18 17:52:43.199   459  1052 I PhoneLab-LoggerService: Logcat pid from database 1055
07-18 17:52:43.199   459  1052 I PhoneLab-LoggerService: Logcat process found 1055
07-18 17:52:43.199   459  1052 I PhoneLab-LoggerService: Checking Threshold
07-18 17:52:43.199   459  1052 I PhoneLab-: Service Running
07-18 17:52:43.230   459  1052 I PhoneLab-LoggerService: app_38    1055  459   1428   1060  c00f181c 400107b4 S logcat
07-18 17:52:43.230   459  1052 I PhoneLab-LoggerService: Logcat pid from database 1055
07-18 17:52:43.230   459  1052 I PhoneLab-LoggerService: Logcat process found 1055
07-18 17:52:43.230   459  1052 I PhoneLab-LoggerService: Checking Threshold
07-18 17:52:43.230   459  1052 I PhoneLab-: Service Running
07-18 17:52:43.277   459   462 D dalvikvm: GC_CONCURRENT freed 448K, 19% free 9235K/11335K, paused 2ms+3ms
07-18 17:52:43.281   459  1052 I PhoneLab-LoggerService: app_38    1055  459   1428   1060  c00f181c 400107b4 S logcat
07-18 17:52:43.281   459  1052 I PhoneLab-LoggerService: Logcat pid from database 1055
07-18 17:52:43.281   459  1052 I PhoneLab-LoggerService: Logcat process found 1055
07-18 17:52:43.281   459  1052 I PhoneLab-LoggerService: Checking Threshold
07-18 17:52:43.285   459  1052 I PhoneLab-: Service Running
07-18 17:52:43.332   459  1052 I PhoneLab-LoggerService: app_38    1055  459   1428   1060  c00f181c 400107b4 S logcat
07-18 17:52:43.332   459  1052 I PhoneLab-LoggerService: Logcat pid from database 1055
07-18 17:52:43.332   459  1052 I PhoneLab-LoggerService: Logcat process found 1055
07-18 17:52:43.332   459  1052 I PhoneLab-LoggerService: Checking Threshold
07-18 17:52:43.507   295   298 D dalvikvm: GC_CONCURRENT freed 372K, 7% free 9750K/10375K, paused 7ms+3ms
07-18 17:52:44.257   766  3090 E Gmail   : No attachments found with downloadId 608
07-18 17:52:44.336   295  3091 D dalvikvm: GC_EXPLICIT freed 240K, 7% free 9708K/10375K, paused 2ms+3ms
07-18 17:52:44.347   295  3091 I DownloadManager: Initiating request for download 608
07-18 17:52:44.351   295  3091 W DownloadManager: Aborting request for download 608: Trying to resume a download that can't be resumed
