07-26 12:51:56.159   859   859 I ActivityThread: Pub com.google.android.talk.SuggestionProvider: com.google.android.talk.SuggestionsProvider
07-26 12:51:56.226   719   719 D ExchangeService: !!! EAS ExchangeService, onStartCommand, startingUp = true, running = false
07-26 12:51:56.230   859   859 D vclib:CallStateClient: startListening
07-26 12:51:56.269   859   859 I talk    : Refresh the supported camera state
07-26 12:51:56.312   859   875 I talk    : supported front camera true
07-26 12:51:56.320   141   392 I ActivityManager: Start proc com.android.voicedialer for broadcast com.android.voicedialer/.VoiceDialerReceiver: pid=877 uid=10051 gids={3002}
07-26 12:51:56.331   277   280 D dalvikvm: GC_CONCURRENT freed 401K, 9% free 9736K/10631K, paused 3ms+9ms
07-26 12:51:56.355   859   861 D dalvikvm: GC_CONCURRENT freed 178K, 3% free 9358K/9607K, paused 2ms+10ms
07-26 12:51:56.390   859   882 I talk    : supported front camera true
07-26 12:51:56.480   141   375 I ActivityManager: Start proc com.google.android.apps.maps:FriendService for broadcast com.google.android.apps.maps/com.google.googlenav.friend.android.ServiceReceiver: pid=894 uid=10056 gids={3003, 1015}
07-26 12:51:56.534   277   280 D dalvikvm: GC_CONCURRENT freed 389K, 9% free 9761K/10631K, paused 3ms+9ms
07-26 12:51:56.675   894   896 D dalvikvm: GC_CONCURRENT freed 175K, 3% free 9361K/9607K, paused 3ms+2ms
07-26 12:51:56.824   141   371 D dalvikvm: GC_FOR_ALLOC freed 869K, 9% free 13019K/14215K, paused 69ms
07-26 12:51:56.894   277   906 I GTalkService/c: [AndroidEndpoint@1095044536] connect: acct=1000000, state=CONNECTING
07-26 12:51:56.937   894   896 D dalvikvm: GC_CONCURRENT freed 193K, 3% free 9725K/9991K, paused 2ms+3ms
07-26 12:51:56.949   277   293 D dalvikvm: GC_EXPLICIT freed 168K, 9% free 9728K/10631K, paused 10ms+16ms
07-26 12:51:57.187   141   395 D dalvikvm: GC_EXPLICIT freed 165K, 9% free 13044K/14215K, paused 3ms+6ms
07-26 12:51:57.320   859   911 I talk    : onMcsConnectionStarted
07-26 12:51:57.331   141   375 I ActivityManager: Start proc com.google.android.apps.maps:LocationFriendService for broadcast com.google.android.apps.maps/com.google.googlenav.friend.reporting.LocationReportingIntentReceiver: pid=912 uid=10056 gids={3003, 1015}
07-26 12:51:57.378    80    80 D dalvikvm: GC_EXPLICIT freed 37K, 4% free 9031K/9347K, paused 6ms+8ms
07-26 12:51:57.425    80    80 D dalvikvm: GC_EXPLICIT freed <1K, 4% free 9031K/9347K, paused 2ms+5ms
07-26 12:51:57.468    80    80 D dalvikvm: GC_EXPLICIT freed <1K, 4% free 9031K/9347K, paused 2ms+4ms
07-26 12:51:57.531   912   914 D dalvikvm: GC_CONCURRENT freed 177K, 3% free 9358K/9607K, paused 2ms+2ms
07-26 12:51:57.745   912   914 D dalvikvm: GC_CONCURRENT freed 195K, 4% free 9688K/9991K, paused 2ms+4ms
07-26 12:51:57.882   701   703 D dalvikvm: GC_CONCURRENT freed 232K, 4% free 9248K/9607K, paused 29ms+241ms
07-26 12:51:57.882   391   397 D dalvikvm: GC_CONCURRENT freed 262K, 4% free 11406K/11783K, paused 4ms+3ms
07-26 12:51:57.968   761   763 D dalvikvm: GC_CONCURRENT freed 258K, 4% free 9213K/9543K, paused 2ms+10ms
07-26 12:51:58.140   625   673 D dalvikvm: GC_FOR_ALLOC freed 171K, 6% free 10012K/10631K, paused 89ms
07-26 12:51:58.640   277   925 I GTalkService/c: [GTalkConnection@1095199736] connect: acct=1, state=CONNECTING
07-26 12:51:58.722   141   202 D Tethering: MasterInitialState.processMessage what=3
07-26 12:51:58.781   141   153 I ActivityManager: Start proc com.google.android.gallery3d for broadcast com.google.android.gallery3d/com.google.android.picasasync.ConnectivityReceiver: pid=942 uid=10017 gids={3003, 1015}
07-26 12:51:58.956   942   942 I ActivityThread: Pub com.google.android.gallery3d.GooglePhotoProvider: com.google.android.picasasync.PicasaContentProvider
07-26 12:51:59.089   942   943 D dalvikvm: GC_CONCURRENT freed 418K, 6% free 9118K/9607K, paused 2ms+5ms
07-26 12:51:59.156   942   942 I ActivityThread: Pub com.google.android.gallery3d.provider: com.android.gallery3d.provider.GalleryProvider
07-26 12:51:59.214   141   198 D ConnectivityService: handleInetConditionHoldEnd: net=0, condition=0, published condition=0
07-26 12:51:59.327   942   943 D dalvikvm: GC_CONCURRENT freed 396K, 5% free 9263K/9735K, paused 3ms+9ms
07-26 12:51:59.335   942   942 D UploadsManager: load newPhotoTracker: null
07-26 12:51:59.335   942   942 D UploadsManager: load all accounts: null
07-26 12:51:59.335   942   942 D UploadsManager: load all account-album pairs: null
07-26 12:51:59.339   942   942 V PicasaContentProvider: querySettings: defaults: {sync_on_wifi_only=1, auto_upload_account_type=null, sync_on_battery=1, sync_picasa_on_wifi_only=1, auto_upload_enabled=0, video_upload_wifi_only=1, sync_on_roaming=0, auto_upload_account_name=null}
07-26 12:51:59.339   250   253 D dalvikvm: GC_CONCURRENT freed 300K, 5% free 9274K/9671K, paused 2ms+5ms
07-26 12:51:59.394   942   942 D UploadsManager:    settings not changed
07-26 12:51:59.409   141   153 I ActivityManager: No longer want com.google.android.apps.maps (pid 577): hidden #16
07-26 12:51:59.452   942   955 D PicasaSync: sync account database
07-26 12:51:59.570   250   266 V GoogleLoginService: Returning error intent with: ComponentInfo{com.google.android.gsf.login/com.google.android.gsf.login.LoginActivity}
07-26 12:51:59.585   141   438 I ActivityManager: No longer want com.android.contacts (pid 643): hidden #16
07-26 12:51:59.808   212   214 D dalvikvm: GC_CONCURRENT freed 173K, 4% free 10348K/10695K, paused 2ms+5ms
07-26 12:51:59.824   625   627 D dalvikvm: GC_CONCURRENT freed 390K, 5% free 10133K/10631K, paused 3ms+7ms
07-26 12:51:59.929   141   567 D GpsLocationProvider: NTP server returned: 1343321520139 (Thu Jul 26 12:52:00 EDT 2012) reference: 35267 certainty: 83 system time offset: 211
07-26 12:52:00.116   277   959 I CheckinService: Preparing to send checkin request
07-26 12:52:00.116   277   959 I EventLogService: Accumulating logs since 1343321509974
07-26 12:52:00.281   141   369 I ActivityManager: START {flg=0x10000000 cmp=com.google.android.gsf/.update.SystemUpdateInstallDialog} from pid 277
07-26 12:52:00.355    79   910 D PermissionCache: checking android.permission.READ_FRAME_BUFFER for uid=1000 => granted (2931 us)
07-26 12:52:00.452   141   153 I ActivityManager: START {flg=0x10000000 cmp=com.google.android.gsf/.update.SystemUpdateDownloadDialog} from pid 277
07-26 12:52:00.624   334   337 D dalvikvm: GC_CONCURRENT freed 203K, 3% free 9718K/9991K, paused 4ms+4ms
07-26 12:52:00.648   250   265 V GoogleLoginService: Returning error intent with: ComponentInfo{com.google.android.gsf.login/com.google.android.gsf.login.LoginActivity}
07-26 12:52:00.671   141   392 I ActivityManager: No longer want com.google.android.apps.genie.geniewidget (pid 738): hidden #16
07-26 12:52:00.761   334   337 D dalvikvm: GC_CONCURRENT freed 184K, 3% free 10052K/10311K, paused 3ms+3ms
07-26 12:52:00.874   277   280 D dalvikvm: GC_CONCURRENT freed 274K, 8% free 9859K/10631K, paused 3ms+17ms
07-26 12:52:00.874   277   289 W JavaBinder: BinderProxy is being destroyed but the application did not call unlinkToDeath to unlink all of its death recipients beforehand.  Releasing leaked death recipient: android.database.CursorToBulkCursorAdaptor
07-26 12:52:00.894   141   157 I Process : Sending signal. PID: 277 SIG: 3
07-26 12:52:00.894   277   282 I dalvikvm: threadid=3: reacting to signal 3
07-26 12:52:00.917   334   337 D dalvikvm: GC_CONCURRENT freed 190K, 3% free 10364K/10631K, paused 2ms+5ms
07-26 12:52:00.941   277   282 I dalvikvm: Wrote stack traces to '/data/anr/traces.txt'
07-26 12:52:00.956   141   157 I Process : Sending signal. PID: 277 SIG: 3
07-26 12:52:00.956   277   282 I dalvikvm: threadid=3: reacting to signal 3
07-26 12:52:00.956   141   157 W ActivityManager: Activity pause timeout for ActivityRecord{416d0898 com.google.android.gsf/.update.SystemUpdateInstallDialog}
07-26 12:52:00.972   277   282 I dalvikvm: Wrote stack traces to '/data/anr/traces.txt'
07-26 12:52:01.077   334   337 D dalvikvm: GC_CONCURRENT freed 213K, 3% free 10659K/10951K, paused 2ms+3ms
07-26 12:52:01.218   334   337 D dalvikvm: GC_CONCURRENT freed 228K, 3% free 10960K/11271K, paused 4ms+3ms
07-26 12:52:01.390   942   955 D PicasaSync: accounts in DB=1
07-26 12:52:01.409   963   963 I dalvikvm: Turning on JNI app bug workarounds for target SDK version 11...
07-26 12:52:01.464   141   152 I ActivityManager: Start proc com.google.android.apps.uploader for broadcast com.google.android.apps.uploader/.ConnectivityBroadcastReceiver: pid=963 uid=10031 gids={3003}
07-26 12:52:01.534   141   157 I Process : Sending signal. PID: 277 SIG: 3
07-26 12:52:01.534   277   282 I dalvikvm: threadid=3: reacting to signal 3
07-26 12:52:01.546   141   143 D dalvikvm: GC_CONCURRENT freed 770K, 8% free 13168K/14215K, paused 3ms+14ms
07-26 12:52:01.550   942   955 V PicasaContentProvider: querySettings: defaults: {sync_on_wifi_only=1, auto_upload_account_type=null, sync_on_battery=1, sync_picasa_on_wifi_only=1, auto_upload_enabled=0, video_upload_wifi_only=1, sync_on_roaming=0, auto_upload_account_name=null}
07-26 12:52:01.585   942   955 D PicasaSyncManager: active network: NetworkInfo: type: mobile[CDMA - EvDo rev. A], state: CONNECTED/CONNECTED, reason: (unspecified), extra: , roaming: false, failover: false, isAvailable: true
07-26 12:52:01.585   942   955 D PicasaSyncManager: background data: true
07-26 12:52:01.632   277   282 I dalvikvm: Wrote stack traces to '/data/anr/traces.txt'
07-26 12:52:01.730   277   277 V SystemUpdateService: onPostExecute: false
07-26 12:52:01.745   963   963 I ActivityThread: Pub com.google.android.apps.uploader: com.google.android.apps.uploader.UploadsContentProvider
07-26 12:52:01.745   963   963 I ActivityThread: Pub com.google.photos.provider.Album: com.google.android.apps.uploader.clients.picasa.AlbumProvider
07-26 12:52:01.757   963   963 D MediaUploader: UploaderApplication.onCreate
07-26 12:52:01.882   963   963 D MediaUploader: nonWifiLimit=20971520, default=20971520
07-26 12:52:01.898   250   265 V GoogleLoginService: Returning error intent with: ComponentInfo{com.google.android.gsf.login/com.google.android.gsf.login.LoginActivity}
07-26 12:52:01.909   963   963 I MediaUploader: No need to wake up
07-26 12:52:01.917   141   961 I ActivityManager: No longer want com.android.email (pid 701): hidden #16
07-26 12:52:02.093   141   172 I ActivityManager: Displayed com.android.launcher/com.android.launcher2.Launcher: +18s345ms
07-26 12:52:02.113   141   371 I ActivityManager: No longer want com.android.mms (pid 796): hidden #16
07-26 12:52:02.113   141   371 I ActivityManager: No longer want com.google.android.partnersetup (pid 488): hidden #17
07-26 12:52:02.140   141   438 D CountryDetector: No listener is left
07-26 12:52:02.394    73    98 I /system/bin/fsck_msdos: ** Phase 2 - Check Cluster Chains
07-26 12:52:02.738   301   303 D dalvikvm: GC_CONCURRENT freed 235K, 4% free 9379K/9735K, paused 4ms+4ms
07-26 12:52:02.870   942   955 D PicasaSyncManager: battery info: false
07-26 12:52:02.902   277   280 D dalvikvm: GC_CONCURRENT freed 368K, 7% free 9893K/10631K, paused 2ms+21ms
07-26 12:52:03.245   761   908 I Gmail   : calculateUnknownSyncRationalesAndPurgeInBackground: queueing
07-26 12:52:03.339   761   783 I Gmail   : Sending notification intent: Intent { act=android.intent.action.PROVIDER_CHANGED dat=content://gmail-ls/unread/^i (has extras) }
07-26 12:52:03.355   277   959 D dalvikvm: GC_FOR_ALLOC freed 146K, 7% free 9952K/10631K, paused 23ms
07-26 12:52:03.355   277   959 I dalvikvm-heap: Grow heap (frag case) to 9.906MB for 122178-byte allocation
07-26 12:52:03.378   277   959 D dalvikvm: GC_FOR_ALLOC freed 63K, 7% free 10008K/10759K, paused 23ms
07-26 12:52:03.402   761   783 I Gmail   : Sending notification intent: Intent { act=android.intent.action.PROVIDER_CHANGED dat=content://gmail-ls/unread/^iim (has extras) }
07-26 12:52:03.409   141   438 I ActivityManager: No longer want com.google.android.onetimeinitializer (pid 828): hidden #16
07-26 12:52:03.519   277   959 D dalvikvm: GC_FOR_ALLOC freed 5K, 7% free 10080K/10759K, paused 25ms
07-26 12:52:03.523   277   959 I dalvikvm-heap: Grow heap (frag case) to 9.966MB for 55677-byte allocation
07-26 12:52:03.527   761   763 D dalvikvm: GC_CONCURRENT freed 269K, 5% free 9337K/9735K, paused 2ms+20ms
07-26 12:52:03.581   277   976 D dalvikvm: GC_FOR_ALLOC freed <1K, 7% free 10133K/10823K, paused 23ms
07-26 12:52:03.624    73    98 I /system/bin/fsck_msdos: ** Phase 3 - Checking Directories
07-26 12:52:03.702   761   908 I Gmail   : calculateUnknownSyncRationalesAndPurgeInBackground: queueing
07-26 12:52:03.722    73    98 I /system/bin/fsck_msdos: ** Phase 4 - Checking for Lost Files
07-26 12:52:04.074    73    98 I /system/bin/fsck_msdos: 345 files, 1104052 free (3421741 clusters)
07-26 12:52:04.124    73    98 I Vold    : Filesystem check completed OK
07-26 12:52:04.128    73    98 I Vold    : Device /dev/block/vold/179:3, target /mnt/sdcard mounted @ /mnt/secure/staging
07-26 12:52:04.132    73    98 D Vold    : Volume sdcard state changing 3 (Checking) -> 4 (Mounted)
07-26 12:52:04.144   141   207 I PackageManager: Updating external media status from unmounted to mounted
07-26 12:52:04.144   141   207 D MountService: volume state changed for /mnt/sdcard (checking -> mounted)
07-26 12:52:04.156   212   308 I StorageNotification: Media {/mnt/sdcard} state changed from {checking} -> {mounted}
07-26 12:52:04.159   141   207 D MountService: sendStorageIntent Intent { act=android.intent.action.MEDIA_MOUNTED dat=file:///mnt/sdcard (has extras) }
07-26 12:52:04.179   301   301 D MediaScannerReceiver: action: android.intent.action.MEDIA_MOUNTED path: /mnt/sdcard
07-26 12:52:04.183   963   963 I MediaUploader: No need to wake up
07-26 12:52:04.241   212   212 D dalvikvm: GC_FOR_ALLOC freed 521K, 8% free 10103K/10887K, paused 21ms
07-26 12:52:04.265   141   161 I PackageManager: No secure containers on sdcard
07-26 12:52:04.265    73    98 D VoldCmdListener: asec list
07-26 12:52:04.296   212   212 D dalvikvm: GC_FOR_ALLOC freed 346K, 8% free 10095K/10887K, paused 22ms
07-26 12:52:04.390   212   214 D dalvikvm: GC_CONCURRENT freed 347K, 6% free 10251K/10887K, paused 3ms+6ms
07-26 12:52:04.472   141   161 W PackageManager: Unknown permission com.android.vending.permission.UPDATE_MARKET_FAILURE in package com.android.vending.updater
07-26 12:52:04.480   141   161 W PackageManager: Unknown permission android.permission.ADD_SYSTEM_SERVICE in package com.android.phone
07-26 12:52:04.499   141   161 W PackageManager: Unknown permission com.google.android.apps.googlevoice.permission.AUTO_SEND in package com.google.android.voicesearch
07-26 12:52:04.503   141   161 W PackageManager: Unknown permission com.android.vending.billing.IBillingAccountService.BIND2 in package com.google.android.gsf.login
07-26 12:52:04.507   141   161 W PackageManager: Not granting permission android.permission.SEND_DOWNLOAD_COMPLETED_INTENTS to package com.android.browser (protectionLevel=2 flags=0x9be45)
07-26 12:52:04.519   141   161 W PackageManager: Unknown permission android.permission.READ_OWNER_DATA in package com.google.android.setupwizard
07-26 12:52:04.519   141   161 W PackageManager: Unknown permission android.permission.WRITE_OWNER_DATA in package com.google.android.setupwizard
07-26 12:52:04.527   141   161 W PackageManager: Unknown permission android.permission.WRITE_CDMA_CARRIER_SETTINGS in package com.android.sprintmenu
07-26 12:52:04.527   141   161 W PackageManager: Unknown permission android.permission.CHANGE_DUN_STATE in package com.android.sprintmenu
07-26 12:52:04.527   141   161 W PackageManager: Unknown permission android.permission.READ_EXTERNAL_STORAGE in package com.android.videoeditor
07-26 12:52:04.538   141   161 W PackageManager: Unknown permission android.permission.READ_EXTERNAL_STORAGE in package com.android.vending
07-26 12:52:04.558   141   161 W PackageManager: Unknown permission com.sprint.internal.permission.CONNECTIONMANAGER in package com.samsung.update
07-26 12:52:04.558   141   161 W PackageManager: Unknown permission com.sprint.internal.permission.SYSTEMPROPERTIES in package com.samsung.update
07-26 12:52:04.558   141   161 W PackageManager: Unknown permission com.sprint.internal.permission.SYSTEMPROPERTIES_WRITE in package com.samsung.update
07-26 12:52:04.562   141   161 W PackageManager: Unknown permission com.android.providers.im.permission.READ_ONLY in package com.google.android.apps.maps
07-26 12:52:04.562   141   161 W PackageManager: Not granting permission android.permission.DEVICE_POWER to package com.android.deskclock (protectionLevel=2 flags=0x8be45)
07-26 12:52:04.570   141   161 W PackageManager: Unknown permission android.permission.FLAG_RECEIVER_REGISTERED_ONLY_BEFORE_BOOT in package com.samsung.wimax
07-26 12:52:04.616   277   959 I CheckinTask: Sending checkin request (8640 bytes)
07-26 12:52:04.866   277   280 D dalvikvm: GC_CONCURRENT freed 406K, 7% free 10120K/10823K, paused 3ms+4ms
07-26 12:52:05.984   141   148 I dalvikvm: Jit: resizing JitTable from 4096 to 8192
07-26 12:52:06.796   277   280 D dalvikvm: GC_CONCURRENT freed 311K, 6% free 10216K/10823K, paused 16ms+5ms
07-26 12:52:06.902   845   845 I PhoneLab-Locks: wake lock acquired
07-26 12:52:06.964   845   989 I PhoneLab-PeriodicCheckService: User info is synched
07-26 12:52:06.976   845   989 W PhoneLab-PeriodicCheckService: Logger Service is not running starting now...
07-26 12:52:06.984   845   989 I PhoneLab-Locks: wake lock acquired
07-26 12:52:06.984   845   989 I PhoneLab-PeriodicCheckService: Rescheduling periodic checking...
07-26 12:52:06.984   845   989 I PhoneLab-Locks: wake lock released
07-26 12:52:06.988   845   845 I PhoneLab-LoggerService: Start Logger Service
07-26 12:52:06.988   845   991 I PhoneLab-: Service Running
07-26 12:52:06.988   845   845 I PhoneLab-Locks: wake lock acquired
07-26 12:52:06.995   845   845 I PhoneLab-UploadLogs: Transfering log files now
07-26 12:52:07.007   845   845 I PhoneLab-UploadLogs: No log files to transfer
07-26 12:52:07.007   845   845 I PhoneLab-Locks: wake lock released
07-26 12:52:07.023   845   845 I PhoneLab-UploadLogs: OnStartCommand
07-26 12:52:07.027   845   845 I PhoneLab-StatusMonitor: Status Monitoring is started
07-26 12:52:07.046   761   908 I Gmail   : calculateUnknownSyncRationalesAndPurgeInBackground: running
07-26 12:52:07.074   845   991 I PhoneLab-LoggerService: Logcat pid from database 1055
07-26 12:52:07.074   845   991 I PhoneLab-LoggerService: Logcat process not found, starting process
07-26 12:52:07.074   845   991 I System.out: /mnt/sdcard/.log/
07-26 12:52:07.195   845   847 D dalvikvm: GC_CONCURRENT freed 375K, 5% free 9161K/9607K, paused 2ms+5ms
07-26 12:52:07.199   845   991 I PhoneLab-LoggerService: app_38    995   845   744    372   c010c604 40010474 D logcat
07-26 12:52:07.331   845   991 I PhoneLab-LoggerService: PID to db995
07-26 12:52:07.331   845   845 I PhoneLab-StatusMonitor: Value: 10 - unit: min
07-26 12:52:07.331   845   845 I PhoneLab-StatusMonitor: Running interval: 600000
07-26 12:52:07.343   845   845 I PhoneLab-StatusMonitor: Rescheduling status monitoring...
07-26 12:52:07.343   845   845 I PhoneLab-Locks: wake lock released
07-26 12:52:07.359   845   845 I PhoneLab-StatusMonitorLocation: Learning Location
07-26 12:52:07.359   845   845 I PhoneLab-Locks: wake lock acquired
07-26 12:52:07.406   845   845 I PhoneLab-Locks: wake lock acquired
07-26 12:52:07.417   845   845 I PhoneLab-StatusMonitorLocation: Learning Signal Strgth
07-26 12:52:07.417   845   845 I PhoneLab-Locks: wake lock acquired
07-26 12:52:07.421   277   572 D androidNetworkLocationListeners: Still have listener com.google.android.location.internal.client.NetworkLocationClient$1@413a05f8
07-26 12:52:07.433   277   572 D androidNetworkLocationListeners: Still have listener com.google.android.location.internal.client.NetworkLocationClient$1@413a05f8
07-26 12:52:07.441   845   845 I PhoneLab-StatusMonitorBattery: Battery_level: 95
07-26 12:52:07.441   845   845 I PhoneLab-Locks: wake lock released
07-26 12:52:07.445   845   845 I PhoneLab-StatusMonitorSignal: Signal_Strength: -76 asu: 19
07-26 12:52:07.445   845   845 I PhoneLab-Locks: wake lock released
07-26 12:52:07.484   761   908 I Gmail   : calculateUnknownSyncRationalesAndPurgeInBackground: running
07-26 12:52:07.531   391   397 D dalvikvm: GC_CONCURRENT freed 440K, 5% free 11676K/12231K, paused 2ms+3ms
07-26 12:52:07.620   277   572 D androidNetworkLocationListeners: Still have listener com.google.android.location.internal.client.NetworkLocationClient$1@413a05f8
07-26 12:52:07.624   845   845 I PhoneLab-StatusMonitorLocation: Location_Latitude: 42.9949803 Longitude: -78.6862439 Accuracy: 24.0
07-26 12:52:07.624   845   845 I PhoneLab-Locks: wake lock released
07-26 12:52:07.847   277   280 D dalvikvm: GC_CONCURRENT freed 522K, 7% free 10118K/10823K, paused 2ms+3ms
07-26 12:52:08.277   277   959 I CheckinTask: Sending checkin request (7792 bytes)
07-26 12:52:08.304   141   198 D ConnectivityService: handleInetConditionHoldEnd: net=0, condition=100, published condition=0
07-26 12:52:08.351   301   303 D dalvikvm: GC_CONCURRENT freed 419K, 6% free 9378K/9927K, paused 5ms+7ms
07-26 12:52:08.378   277   280 D dalvikvm: GC_CONCURRENT freed 296K, 6% free 10217K/10823K, paused 2ms+11ms
07-26 12:52:08.695   301   815 W MediaScanner: Error opening directory '/mnt/sdcard/.android_secure/', skipping: Permission denied.
07-26 12:52:08.894   277   280 D dalvikvm: GC_CONCURRENT freed 367K, 6% free 10243K/10823K, paused 3ms+4ms
07-26 12:52:08.995   141   375 D dalvikvm: GC_EXPLICIT freed 997K, 9% free 13075K/14215K, paused 6ms+5ms
07-26 12:52:09.265   277   959 I CheckinTask: Checkin success: https://android.clients.google.com/checkin (2 requests sent)
07-26 12:52:09.347   301   303 D dalvikvm: GC_CONCURRENT freed 415K, 6% free 9388K/9927K, paused 3ms+2ms
07-26 12:52:09.777   277  1005 I GTalkService/c: [GTalkConnection@1095199736] connect: acct=1, state=CONNECTING
07-26 12:52:09.855   277   280 D dalvikvm: GC_CONCURRENT freed 583K, 7% free 10110K/10823K, paused 4ms+4ms
07-26 12:52:10.585   277   280 D dalvikvm: GC_CONCURRENT freed 379K, 7% free 10127K/10823K, paused 3ms+3ms
07-26 12:52:13.273   761  1007 I Gmail   : MainSyncRequestProto: lowestBkwdConvoId: 0, highestHandledServerOp: 4180762, normalSync: true
07-26 12:52:14.546   761   763 D dalvikvm: GC_CONCURRENT freed 256K, 4% free 9478K/9863K, paused 2ms+3ms
07-26 12:52:17.034   141  1013 I AudioService:  AudioFocus  requestAudioFocus() from android.media.AudioManager@41538a30
07-26 12:52:17.062   212   212 D dalvikvm: GC_FOR_ALLOC freed 434K, 8% free 10105K/10887K, paused 35ms
07-26 12:52:17.070    82   122 D AudioHardware: AudioHardware pcm playback is exiting standby.
07-26 12:52:17.070    82   122 D AudioHardware: openPcmOut_l() mPcmOpenCnt: 0
07-26 12:52:18.952   141  1013 I AudioService:  AudioFocus  abandonAudioFocus() from android.media.AudioManager@41538a30
07-26 12:52:19.128   761   763 D dalvikvm: GC_CONCURRENT freed 406K, 6% free 9516K/10055K, paused 6ms+1ms
07-26 12:52:22.042    82   122 D AudioHardware: AudioHardware pcm playback is going to standby.
07-26 12:52:22.042    82   122 D AudioHardware: closePcmOut_l() mPcmOpenCnt: 1
07-26 12:52:23.570   761   763 D dalvikvm: GC_CONCURRENT freed 355K, 5% free 9570K/10055K, paused 10ms+2ms
07-26 12:52:24.574   761   763 D dalvikvm: GC_CONCURRENT freed 378K, 6% free 9609K/10119K, paused 2ms+3ms
07-26 12:52:25.988   761   763 D dalvikvm: GC_CONCURRENT freed 417K, 6% free 9634K/10183K, paused 2ms+5ms
07-26 12:52:27.343   761   763 D dalvikvm: GC_CONCURRENT freed 419K, 6% free 9637K/10183K, paused 1ms+3ms
07-26 12:52:28.316   761   763 D dalvikvm: GC_CONCURRENT freed 479K, 6% free 9582K/10183K, paused 2ms+2ms
07-26 12:52:32.706   761   763 D dalvikvm: GC_CONCURRENT freed 379K, 6% free 9591K/10183K, paused 2ms+3ms
07-26 12:52:33.898   761   763 D dalvikvm: GC_CONCURRENT freed 357K, 6% free 9620K/10183K, paused 3ms+3ms
07-26 12:52:35.144   761   763 D dalvikvm: GC_CONCURRENT freed 408K, 6% free 9642K/10183K, paused 2ms+4ms
07-26 12:52:35.218   141   153 D AlarmManagerService: Kernel timezone updated to 240 minutes west of GMT
07-26 12:52:37.148   761   763 D dalvikvm: GC_CONCURRENT freed 411K, 6% free 9643K/10183K, paused 2ms+4ms
07-26 12:52:38.488   761   763 D dalvikvm: GC_CONCURRENT freed 442K, 6% free 9614K/10183K, paused 2ms+4ms
07-26 12:52:39.390   719   750 D ExchangeService: Received deviceId from Email app: androidc913846175
07-26 12:52:39.390   719   750 D ExchangeService: Reconciling accounts...
07-26 12:52:39.425   141   371 I ActivityManager: Start proc com.android.email for service com.android.email/.service.AccountService: pid=1018 uid=10013 gids={3003, 1015}
07-26 12:52:39.624  1018  1018 I ActivityThread: Pub com.android.email.provider;com.android.email.notifier: com.android.email.provider.EmailProvider
07-26 12:52:39.679  1018  1018 I ActivityThread: Pub com.android.email.attachmentprovider: com.android.email.provider.AttachmentProvider
07-26 12:52:40.081   719   730 D Eas Debug: Logging: 
07-26 12:52:41.409   141   392 I ActivityManager: No longer want com.android.exchange (pid 719): hidden #16
07-26 12:52:41.562  1018  1020 D dalvikvm: GC_CONCURRENT freed 229K, 4% free 9247K/9607K, paused 5ms+4ms
07-26 12:52:42.175   761   763 D dalvikvm: GC_CONCURRENT freed 470K, 6% free 9579K/10183K, paused 5ms+7ms
07-26 12:52:42.300   212   214 D dalvikvm: GC_CONCURRENT freed 423K, 8% free 10067K/10887K, paused 3ms+3ms
07-26 12:52:43.753   761   763 D dalvikvm: GC_CONCURRENT freed 381K, 6% free 9583K/10183K, paused 2ms+4ms
07-26 12:52:44.531   761   763 D dalvikvm: GC_CONCURRENT freed 342K, 6% free 9629K/10183K, paused 3ms+4ms
07-26 12:52:45.683   761   763 D dalvikvm: GC_CONCURRENT freed 425K, 6% free 9628K/10183K, paused 3ms+3ms
07-26 12:52:46.722   761   763 D dalvikvm: GC_CONCURRENT freed 420K, 6% free 9630K/10183K, paused 1ms+4ms
07-26 12:52:49.042   761   763 D dalvikvm: GC_CONCURRENT freed 409K, 6% free 9644K/10183K, paused 2ms+4ms
07-26 12:52:50.027   761   763 D dalvikvm: GC_CONCURRENT freed 425K, 6% free 9626K/10183K, paused 5ms+4ms
07-26 12:52:51.433   141   169 I power   : *** set_screen_state 0
07-26 12:52:51.484    79   118 D SurfaceFlinger: About to give-up screen, flinger = 0x1f82918
07-26 12:52:51.581   141   173 D dalvikvm: GC_FOR_ALLOC freed 478K, 7% free 13300K/14215K, paused 47ms
07-26 12:52:51.640   141   173 V TransportControlView: Create TCV com.android.internal.widget.TransportControlView@416b7948
07-26 12:52:51.687   357   363 D dalvikvm: GC_CONCURRENT freed 352K, 5% free 9509K/9991K, paused 8ms+9ms
07-26 12:52:52.804   761   763 D dalvikvm: GC_CONCURRENT freed 456K, 6% free 9597K/10183K, paused 24ms+3ms
07-26 12:52:56.702   761   763 D dalvikvm: GC_CONCURRENT freed 393K, 6% free 9590K/10183K, paused 3ms+6ms
07-26 12:53:00.570   761   763 D dalvikvm: GC_CONCURRENT freed 377K, 6% free 9598K/10183K, paused 2ms+3ms
07-26 12:53:02.038   761   763 D dalvikvm: GC_CONCURRENT freed 388K, 6% free 9596K/10183K, paused 3ms+5ms
07-26 12:53:04.702   761   763 D dalvikvm: GC_CONCURRENT freed 380K, 6% free 9601K/10183K, paused 2ms+3ms
07-26 12:53:07.312   761   763 D dalvikvm: GC_CONCURRENT freed 397K, 6% free 9594K/10183K, paused 1ms+3ms
07-26 12:53:10.620   761   763 D dalvikvm: GC_CONCURRENT freed 380K, 6% free 9600K/10183K, paused 4ms+5ms
07-26 12:53:12.097   761   763 D dalvikvm: GC_CONCURRENT freed 390K, 6% free 9598K/10183K, paused 6ms+13ms
07-26 12:53:14.163   761   763 D dalvikvm: GC_CONCURRENT freed 375K, 6% free 9610K/10183K, paused 6ms+2ms
07-26 12:53:15.132   761   763 D dalvikvm: GC_CONCURRENT freed 402K, 6% free 9651K/10183K, paused 2ms+3ms
07-26 12:53:16.874   761   763 D dalvikvm: GC_CONCURRENT freed 430K, 6% free 9633K/10183K, paused 2ms+3ms
07-26 12:53:18.523   761   763 D dalvikvm: GC_CONCURRENT freed 452K, 6% free 9598K/10183K, paused 7ms+5ms
07-26 12:53:19.659   761   763 D dalvikvm: GC_CONCURRENT freed 380K, 6% free 9604K/10183K, paused 1ms+3ms
07-26 12:53:20.452   761   763 D dalvikvm: GC_CONCURRENT freed 470K, 6% free 9597K/10183K, paused 2ms+3ms
07-26 12:53:20.589   761   763 D dalvikvm: GC_CONCURRENT freed 476K, 7% free 9532K/10183K, paused 2ms+2ms
07-26 12:53:20.714   761   763 D dalvikvm: GC_CONCURRENT freed 380K, 7% free 9552K/10183K, paused 1ms+2ms
07-26 12:53:20.839   761   763 D dalvikvm: GC_CONCURRENT freed 412K, 7% free 9537K/10183K, paused 2ms+2ms
07-26 12:53:20.956   761   763 D dalvikvm: GC_CONCURRENT freed 413K, 7% free 9535K/10183K, paused 2ms+2ms
07-26 12:53:21.077   761   763 D dalvikvm: GC_CONCURRENT freed 421K, 7% free 9515K/10183K, paused 2ms+2ms
07-26 12:53:21.199   761   763 D dalvikvm: GC_CONCURRENT freed 373K, 7% free 9546K/10183K, paused 1ms+2ms
07-26 12:53:21.324   761   763 D dalvikvm: GC_CONCURRENT freed 413K, 7% free 9544K/10183K, paused 2ms+3ms
07-26 12:53:21.476   761   763 D dalvikvm: GC_CONCURRENT freed 381K, 7% free 9550K/10183K, paused 1ms+2ms
07-26 12:53:22.874   761  1007 D dalvikvm: GC_EXPLICIT freed 165K, 7% free 9521K/10183K, paused 9ms+3ms
07-26 12:53:22.902   761  1007 I Gmail   : MainSyncRequestProto: lowestBkwdConvoId: 0, highestHandledServerOp: 4198790, normalSync: true
07-26 12:53:26.917   761   763 D dalvikvm: GC_CONCURRENT freed 348K, 7% free 9558K/10183K, paused 7ms+2ms
07-26 12:53:30.605   761   763 D dalvikvm: GC_CONCURRENT freed 375K, 7% free 9569K/10183K, paused 6ms+2ms
07-26 12:53:31.734   761   763 D dalvikvm: GC_CONCURRENT freed 396K, 7% free 9566K/10183K, paused 2ms+2ms
07-26 12:53:32.675   761   763 D dalvikvm: GC_CONCURRENT freed 387K, 7% free 9565K/10183K, paused 6ms+9ms
07-26 12:53:37.167   761   763 D dalvikvm: GC_CONCURRENT freed 420K, 7% free 9546K/10183K, paused 1ms+3ms
07-26 12:53:38.199   761   763 D dalvikvm: GC_CONCURRENT freed 379K, 7% free 9551K/10183K, paused 13ms+3ms
07-26 12:53:40.749   761   763 D dalvikvm: GC_CONCURRENT freed 356K, 6% free 9582K/10183K, paused 2ms+3ms
07-26 12:53:41.866   761   763 D dalvikvm: GC_CONCURRENT freed 368K, 6% free 9599K/10183K, paused 7ms+2ms
07-26 12:53:46.699   761   763 D dalvikvm: GC_CONCURRENT freed 439K, 7% free 9544K/10183K, paused 13ms+2ms
07-26 12:53:49.730   761   763 D dalvikvm: GC_CONCURRENT freed 376K, 7% free 9553K/10183K, paused 12ms+2ms
07-26 12:53:53.425   761   763 D dalvikvm: GC_CONCURRENT freed 390K, 7% free 9551K/10183K, paused 2ms+3ms
07-26 12:53:54.480   761   763 D dalvikvm: GC_CONCURRENT freed 323K, 6% free 9614K/10183K, paused 2ms+3ms
07-26 12:53:55.206   761   763 D dalvikvm: GC_CONCURRENT freed 431K, 6% free 9621K/10183K, paused 2ms+3ms
07-26 12:53:55.351   277   296 D dalvikvm: GC_EXPLICIT freed 393K, 7% free 10117K/10823K, paused 4ms+4ms
07-26 12:53:55.480   761  1007 D dalvikvm: GC_FOR_ALLOC freed 260K, 7% free 9554K/10247K, paused 31ms
07-26 12:53:55.503   761  1007 D dalvikvm: GC_FOR_ALLOC freed 24K, 6% free 9636K/10247K, paused 16ms
07-26 12:53:55.507   761  1007 I dalvikvm-heap: Grow heap (frag case) to 9.678MB for 207842-byte allocation
07-26 12:53:55.546   761  1007 D dalvikvm: GC_FOR_ALLOC freed 0K, 7% free 9839K/10503K, paused 15ms
07-26 12:53:55.562   761  1007 D dalvikvm: GC_FOR_ALLOC freed 104K, 8% free 9737K/10503K, paused 15ms
07-26 12:53:55.855   761  1007 D dalvikvm: GC_FOR_ALLOC freed 498K, 9% free 9588K/10503K, paused 40ms
07-26 12:53:56.120   761   763 D dalvikvm: GC_CONCURRENT freed 344K, 9% free 9659K/10503K, paused 4ms+5ms
07-26 12:53:56.378   761   763 D dalvikvm: GC_CONCURRENT freed 489K, 9% free 9568K/10503K, paused 2ms+2ms
07-26 12:53:56.652   761   763 D dalvikvm: GC_CONCURRENT freed 206K, 7% free 9800K/10503K, paused 4ms+4ms
07-26 12:53:57.269   761   763 D dalvikvm: GC_CONCURRENT freed 593K, 9% free 9613K/10503K, paused 2ms+5ms
07-26 12:53:57.741   761   763 D dalvikvm: GC_CONCURRENT freed 332K, 7% free 9783K/10503K, paused 2ms+5ms
07-26 12:53:57.796   761  1007 D dalvikvm: GC_FOR_ALLOC freed 114K, 8% free 9736K/10503K, paused 14ms
07-26 12:53:57.796   761  1007 I dalvikvm-heap: Grow heap (frag case) to 9.707MB for 134984-byte allocation
07-26 12:53:57.812   761  1007 D dalvikvm: GC_FOR_ALLOC freed 65K, 9% free 9802K/10695K, paused 15ms
07-26 12:53:58.101   761   763 D dalvikvm: GC_CONCURRENT freed 529K, 10% free 9718K/10695K, paused 3ms+5ms
07-26 12:53:58.601   761   763 D dalvikvm: GC_CONCURRENT freed 511K, 11% free 9594K/10695K, paused 6ms+3ms
07-26 12:53:59.202   761   763 D dalvikvm: GC_CONCURRENT freed 384K, 11% free 9596K/10695K, paused 2ms+3ms
07-26 12:54:00.128   761   763 D dalvikvm: GC_CONCURRENT freed 380K, 11% free 9616K/10695K, paused 1ms+3ms
07-26 12:54:00.351   761   763 D dalvikvm: GC_CONCURRENT freed 442K, 11% free 9560K/10695K, paused 1ms+2ms
07-26 12:54:01.105   761   763 D dalvikvm: GC_CONCURRENT freed 315K, 10% free 9631K/10695K, paused 6ms+2ms
07-26 12:54:02.726   761   763 D dalvikvm: GC_CONCURRENT freed 445K, 11% free 9613K/10695K, paused 12ms+3ms
07-26 12:54:03.378   761   763 D dalvikvm: GC_CONCURRENT freed 417K, 11% free 9601K/10695K, paused 12ms+2ms
07-26 12:54:04.671   761  1007 D dalvikvm: GC_EXPLICIT freed 288K, 11% free 9555K/10695K, paused 8ms+2ms
07-26 12:54:04.675   761  1007 I Gmail   : getStartSyncRequest: handledServerOpId: 4208526, upperFetchedConvoId: 1404232364287066112, lowerFetchedConvoId: 0, ackedClientOp: 0
07-26 12:54:05.355   761   763 D dalvikvm: GC_CONCURRENT freed 369K, 11% free 9584K/10695K, paused 1ms+2ms
07-26 12:54:05.464   761   763 D dalvikvm: GC_CONCURRENT freed 425K, 11% free 9571K/10695K, paused 2ms+2ms
07-26 12:54:05.585   761   763 D dalvikvm: GC_CONCURRENT freed 385K, 11% free 9585K/10695K, paused 2ms+3ms
07-26 12:54:05.718   761   763 D dalvikvm: GC_CONCURRENT freed 427K, 11% free 9568K/10695K, paused 2ms+3ms
07-26 12:54:05.839   761   763 D dalvikvm: GC_CONCURRENT freed 385K, 11% free 9584K/10695K, paused 2ms+3ms
07-26 12:54:05.972   761   763 D dalvikvm: GC_CONCURRENT freed 427K, 11% free 9568K/10695K, paused 2ms+2ms
07-26 12:54:06.097   761   763 D dalvikvm: GC_CONCURRENT freed 387K, 11% free 9584K/10695K, paused 1ms+2ms
07-26 12:54:06.226   761   763 D dalvikvm: GC_CONCURRENT freed 429K, 11% free 9567K/10695K, paused 2ms+3ms
07-26 12:54:06.359   761   763 D dalvikvm: GC_CONCURRENT freed 385K, 11% free 9596K/10695K, paused 2ms+3ms
07-26 12:54:06.464   761  1007 I Gmail   : checkLabelsSets changed the label sets to: included([^^out, ^r]), partial([^i, ^f, ^iim]), all([userlabel:-1070197525, userlabel:-764815956, userlabel:-865698022, userlabel:2914456, ^io_im, userlabel:975537515, userlabel:628416567, userlabel:1382828425, userlabel:3655441, userlabel:94101, userlabel:93982, userlabel:-1367603330, userlabel:697207660, userlabel:1932735430, userlabel:-1492276990, userlabel:-1492276991, userlabel:-1492276992, userlabel:791486643, userlabel:-934348968, userlabel:3208415, ^imi, ^iim, ^all, ^imn, userlabel:2896756, userlabel:-2125032259, userlabel:-1351414049, userlabel:443164224, userlabel:-1492276993, userlabel:-1492276994, userlabel:1169406089, userlabel:3106197, userlabel:-563871351, userlabel:-535462700, ^i, ^g, userlabel:1876018584, ^f, ^k, userlabel:-1508083783, userlabel:-808725189, userlabel:2061801365, ^b, userlabel:-1414265340, userlabel:93692, userlabel:98413, userlabel:3026, userlabel:100361430, userlabel:3025, userlabel:109932, ^t, userlabel:105008833, ^u, userlabel:843908213, ^r, userlabel:-1492383895, ^s])
07-26 12:54:06.542   761  1007 D dalvikvm: GC_EXPLICIT freed 376K, 11% free 9541K/10695K, paused 2ms+3ms
07-26 12:54:06.570   761  1007 I Gmail   : MainSyncRequestProto: lowestBkwdConvoId: 1408574837427798017, highestHandledServerOp: 4208526, normalSync: true
07-26 12:54:06.988   845   991 I PhoneLab-: Service Running
07-26 12:54:07.105   845   847 D dalvikvm: GC_CONCURRENT freed 447K, 6% free 9187K/9735K, paused 2ms+2ms
07-26 12:54:07.105   845   991 I PhoneLab-LoggerService: app_38    995   845   1428   1056  c00f181c 400107b4 S logcat
07-26 12:54:07.109   845   991 I PhoneLab-LoggerService: Logcat pid from database 995
07-26 12:54:07.109   845   991 I PhoneLab-LoggerService: Logcat process found 995
07-26 12:54:07.109   845   991 I PhoneLab-LoggerService: Checking Threshold
07-26 12:54:07.109   845   991 I PhoneLab-LoggerService: Starting to rename files
07-26 12:54:07.109   845   991 I PhoneLab-LoggerService: Files found .. 2
07-26 12:54:07.109   845   991 I PhoneLab-LoggerService: File 1 log.out.1
07-26 12:54:07.116   845   991 I PhoneLab-LoggerService: Renamed successfully
07-26 12:54:11.620   761   763 D dalvikvm: GC_CONCURRENT freed 352K, 11% free 9575K/10695K, paused 6ms+3ms
07-26 12:54:13.156   761   763 D dalvikvm: GC_CONCURRENT freed 388K, 11% free 9573K/10695K, paused 7ms+2ms
07-26 12:54:13.558   761   763 D dalvikvm: GC_CONCURRENT freed 323K, 9% free 9740K/10695K, paused 6ms+2ms
07-26 12:54:13.769   761   763 D dalvikvm: GC_CONCURRENT freed 560K, 11% free 9567K/10695K, paused 4ms+2ms
07-26 12:54:14.074   761   763 D dalvikvm: GC_CONCURRENT freed 292K, 10% free 9676K/10695K, paused 4ms+4ms
07-26 12:54:14.589   761   763 D dalvikvm: GC_CONCURRENT freed 466K, 11% free 9596K/10695K, paused 3ms+5ms
07-26 12:54:14.964   761   763 D dalvikvm: GC_CONCURRENT freed 343K, 10% free 9643K/10695K, paused 6ms+9ms
07-26 12:54:15.304   761   763 D dalvikvm: GC_CONCURRENT freed 447K, 11% free 9583K/10695K, paused 2ms+3ms
07-26 12:54:15.863   761   763 D dalvikvm: GC_CONCURRENT freed 342K, 10% free 9695K/10695K, paused 1ms+4ms
07-26 12:54:16.109   761   763 D dalvikvm: GC_CONCURRENT freed 510K, 11% free 9580K/10695K, paused 2ms+2ms
07-26 12:54:16.382   761   763 D dalvikvm: GC_CONCURRENT freed 370K, 11% free 9597K/10695K, paused 3ms+5ms
07-26 12:54:16.730   761   763 D dalvikvm: GC_CONCURRENT freed 407K, 11% free 9579K/10695K, paused 8ms+2ms
07-26 12:54:17.238   761   763 D dalvikvm: GC_CONCURRENT freed 363K, 11% free 9610K/10695K, paused 13ms+2ms
07-26 12:54:17.488   761   763 D dalvikvm: GC_CONCURRENT freed 420K, 11% free 9581K/10695K, paused 3ms+5ms
07-26 12:54:17.902   761   763 D dalvikvm: GC_CONCURRENT freed 288K, 9% free 9777K/10695K, paused 3ms+4ms
07-26 12:54:18.167   761   763 D dalvikvm: GC_CONCURRENT freed 587K, 11% free 9600K/10695K, paused 1ms+2ms
07-26 12:54:18.406   761   763 D dalvikvm: GC_CONCURRENT freed 407K, 11% free 9580K/10695K, paused 1ms+2ms
07-26 12:54:18.952   761   763 D dalvikvm: GC_CONCURRENT freed 263K, 9% free 9755K/10695K, paused 6ms+9ms
07-26 12:54:19.304   761   763 D dalvikvm: GC_CONCURRENT freed 428K, 10% free 9726K/10695K, paused 2ms+3ms
07-26 12:54:21.558   761   763 D dalvikvm: GC_CONCURRENT freed 497K, 10% free 9629K/10695K, paused 2ms+2ms
07-26 12:54:21.976   761   763 D dalvikvm: GC_CONCURRENT freed 431K, 11% free 9593K/10695K, paused 1ms+2ms
07-26 12:54:22.460   761   763 D dalvikvm: GC_CONCURRENT freed 394K, 11% free 9599K/10695K, paused 2ms+3ms
07-26 12:54:22.925   761   763 D dalvikvm: GC_CONCURRENT freed 391K, 10% free 9702K/10695K, paused 2ms+3ms
07-26 12:54:23.464   761   763 D dalvikvm: GC_CONCURRENT freed 460K, 10% free 9647K/10695K, paused 6ms+2ms
07-26 12:54:24.390   761   763 D dalvikvm: GC_CONCURRENT freed 446K, 11% free 9585K/10695K, paused 2ms+2ms
07-26 12:54:24.546   278   278 I wpa_supplicant: wlan0: CTRL-EVENT-DISCONNECTED bssid=bc:ae:c5:c3:18:d1 reason=0
07-26 12:54:24.632   761  1007 D dalvikvm: GC_EXPLICIT freed 43K, 11% free 9546K/10695K, paused 2ms+3ms
07-26 12:54:24.656   761  1007 I Gmail   : MainSyncRequestProto: lowestBkwdConvoId: 1407182644092051383, highestHandledServerOp: 4208534, normalSync: true
07-26 12:54:28.851   761   763 D dalvikvm: GC_CONCURRENT freed 348K, 11% free 9582K/10695K, paused 6ms+2ms
07-26 12:54:30.976   761   763 D dalvikvm: GC_CONCURRENT freed 386K, 11% free 9583K/10695K, paused 4ms+5ms
07-26 12:54:31.199   761   763 D dalvikvm: GC_CONCURRENT freed 413K, 11% free 9598K/10695K, paused 1ms+2ms
07-26 12:54:31.308   761   763 D dalvikvm: GC_CONCURRENT freed 409K, 11% free 9590K/10695K, paused 2ms+3ms
07-26 12:54:31.667   761   763 D dalvikvm: GC_CONCURRENT freed 392K, 11% free 9591K/10695K, paused 2ms+3ms
07-26 12:54:31.796   761   763 D dalvikvm: GC_CONCURRENT freed 403K, 11% free 9578K/10695K, paused 1ms+2ms
07-26 12:54:31.917   761   763 D dalvikvm: GC_CONCURRENT freed 408K, 11% free 9591K/10695K, paused 1ms+2ms
07-26 12:54:32.011   761   763 D dalvikvm: GC_CONCURRENT freed 370K, 11% free 9620K/10695K, paused 1ms+2ms
07-26 12:54:32.113   761   763 D dalvikvm: GC_CONCURRENT freed 446K, 11% free 9602K/10695K, paused 2ms+2ms
07-26 12:54:32.199   141   143 D dalvikvm: GC_CONCURRENT freed 1073K, 9% free 13196K/14471K, paused 3ms+4ms
07-26 12:54:32.284   761   763 D dalvikvm: GC_CONCURRENT freed 401K, 11% free 9589K/10695K, paused 2ms+3ms
07-26 12:54:32.394   761   763 D dalvikvm: GC_CONCURRENT freed 411K, 11% free 9565K/10695K, paused 2ms+2ms
07-26 12:54:32.902   761   763 D dalvikvm: GC_CONCURRENT freed 391K, 11% free 9594K/10695K, paused 2ms+2ms
07-26 12:54:33.183   761   763 D dalvikvm: GC_CONCURRENT freed 406K, 11% free 9584K/10695K, paused 1ms+2ms
07-26 12:54:33.277   761   763 D dalvikvm: GC_CONCURRENT freed 424K, 11% free 9575K/10695K, paused 1ms+2ms
07-26 12:54:33.386   761   763 D dalvikvm: GC_CONCURRENT freed 391K, 11% free 9574K/10695K, paused 1ms+2ms
07-26 12:54:33.515   761   763 D dalvikvm: GC_CONCURRENT freed 395K, 11% free 9566K/10695K, paused 1ms+2ms
07-26 12:54:33.870   761   763 D dalvikvm: GC_CONCURRENT freed 371K, 11% free 9595K/10695K, paused 2ms+3ms
07-26 12:54:34.273   761   763 D dalvikvm: GC_CONCURRENT freed 413K, 11% free 9590K/10695K, paused 2ms+3ms
07-26 12:54:34.394   761   763 D dalvikvm: GC_CONCURRENT freed 413K, 11% free 9584K/10695K, paused 1ms+3ms
07-26 12:54:34.503   761   763 D dalvikvm: GC_CONCURRENT freed 371K, 10% free 9629K/10695K, paused 2ms+2ms
07-26 12:54:34.593   761   763 D dalvikvm: GC_CONCURRENT freed 431K, 11% free 9583K/10695K, paused 1ms+2ms
07-26 12:54:34.675   761   763 D dalvikvm: GC_CONCURRENT freed 372K, 11% free 9607K/10695K, paused 1ms+2ms
07-26 12:54:35.081   761   763 D dalvikvm: GC_CONCURRENT freed 402K, 11% free 9602K/10695K, paused 2ms+2ms
07-26 12:54:35.199   761   763 D dalvikvm: GC_CONCURRENT freed 418K, 11% free 9572K/10695K, paused 2ms+2ms
07-26 12:54:35.550   761   763 D dalvikvm: GC_CONCURRENT freed 380K, 11% free 9581K/10695K, paused 2ms+2ms
07-26 12:54:35.667   761   763 D dalvikvm: GC_CONCURRENT freed 421K, 11% free 9582K/10695K, paused 1ms+2ms
07-26 12:54:36.156   761   763 D dalvikvm: GC_CONCURRENT freed 373K, 10% free 9636K/10695K, paused 3ms+2ms
07-26 12:54:36.218   761   763 D dalvikvm: GC_CONCURRENT freed 163K, 8% free 9875K/10695K, paused 1ms+2ms
07-26 12:54:37.031   761   763 D dalvikvm: GC_CONCURRENT freed 670K, 11% free 9589K/10695K, paused 1ms+3ms
07-26 12:54:37.628   761   763 D dalvikvm: GC_CONCURRENT freed 385K, 11% free 9597K/10695K, paused 2ms+3ms
07-26 12:54:38.077   761   763 D dalvikvm: GC_CONCURRENT freed 379K, 10% free 9692K/10695K, paused 6ms+2ms
07-26 12:54:38.613   761   763 D dalvikvm: GC_CONCURRENT freed 490K, 11% free 9606K/10695K, paused 3ms+5ms
07-26 12:54:38.984   761   763 D dalvikvm: GC_CONCURRENT freed 419K, 11% free 9572K/10695K, paused 2ms+2ms
07-26 12:54:39.366   761   763 D dalvikvm: GC_CONCURRENT freed 365K, 11% free 9622K/10695K, paused 2ms+3ms
07-26 12:54:39.484   761   763 D dalvikvm: GC_CONCURRENT freed 449K, 11% free 9560K/10695K, paused 2ms+2ms
07-26 12:54:40.179   761   763 D dalvikvm: GC_CONCURRENT freed 354K, 11% free 9595K/10695K, paused 3ms+3ms
07-26 12:54:40.550   761   763 D dalvikvm: GC_CONCURRENT freed 347K, 10% free 9642K/10695K, paused 3ms+5ms
07-26 12:54:40.898   761   763 D dalvikvm: GC_CONCURRENT freed 398K, 10% free 9630K/10695K, paused 3ms+4ms
07-26 12:54:41.390   761   763 D dalvikvm: GC_CONCURRENT freed 313K, 9% free 9772K/10695K, paused 2ms+5ms
07-26 12:54:41.644   761   763 D dalvikvm: GC_CONCURRENT freed 596K, 11% free 9561K/10695K, paused 1ms+3ms
07-26 12:54:42.034   761   763 D dalvikvm: GC_CONCURRENT freed 374K, 11% free 9580K/10695K, paused 2ms+2ms
07-26 12:54:42.476   761   763 D dalvikvm: GC_CONCURRENT freed 269K, 10% free 9714K/10695K, paused 3ms+5ms
07-26 12:54:42.663   761   763 D dalvikvm: GC_CONCURRENT freed 430K, 9% free 9754K/10695K, paused 2ms+2ms
07-26 12:54:43.234   761   763 D dalvikvm: GC_CONCURRENT freed 550K, 11% free 9594K/10695K, paused 2ms+3ms
07-26 12:54:44.148   761  1007 D dalvikvm: GC_EXPLICIT freed 268K, 11% free 9565K/10695K, paused 15ms+2ms
07-26 12:54:44.175   761  1007 I Gmail   : MainSyncRequestProto: lowestBkwdConvoId: 1406007817192944162, highestHandledServerOp: 4208534, normalSync: true
07-26 12:54:44.245   250   253 D dalvikvm: GC_CONCURRENT freed 344K, 5% free 9330K/9799K, paused 2ms+3ms
07-26 12:54:49.777   761   763 D dalvikvm: GC_CONCURRENT freed 367K, 11% free 9581K/10695K, paused 2ms+3ms
07-26 12:54:50.210   761   763 D dalvikvm: GC_CONCURRENT freed 311K, 10% free 9693K/10695K, paused 2ms+5ms
07-26 12:54:50.636   761   763 D dalvikvm: GC_CONCURRENT freed 330K, 9% free 9769K/10695K, paused 3ms+5ms
07-26 12:54:50.847   761   763 D dalvikvm: GC_CONCURRENT freed 558K, 10% free 9635K/10695K, paused 2ms+5ms
07-26 12:54:51.210   761   763 D dalvikvm: GC_CONCURRENT freed 432K, 11% free 9593K/10695K, paused 7ms+2ms
07-26 12:54:51.394   761   763 D dalvikvm: GC_CONCURRENT freed 356K, 11% free 9624K/10695K, paused 3ms+4ms
07-26 12:54:51.816   761   763 D dalvikvm: GC_CONCURRENT freed 399K, 11% free 9625K/10695K, paused 12ms+2ms
07-26 12:54:52.265   761   763 D dalvikvm: GC_CONCURRENT freed 395K, 10% free 9627K/10695K, paused 12ms+2ms
07-26 12:54:52.468   761   763 D dalvikvm: GC_CONCURRENT freed 437K, 11% free 9592K/10695K, paused 7ms+2ms
07-26 12:54:52.960   761   763 D dalvikvm: GC_CONCURRENT freed 293K, 10% free 9684K/10695K, paused 6ms+2ms
07-26 12:54:53.144   761   763 D dalvikvm: GC_CONCURRENT freed 370K, 9% free 9765K/10695K, paused 4ms+4ms
07-26 12:54:53.507   761   763 D dalvikvm: GC_CONCURRENT freed 562K, 10% free 9714K/10695K, paused 2ms+2ms
07-26 12:54:53.601   761   763 D dalvikvm: GC_CONCURRENT freed 533K, 11% free 9589K/10695K, paused 2ms+2ms
07-26 12:54:53.691   761   763 D dalvikvm: GC_CONCURRENT freed 322K, 10% free 9664K/10695K, paused 2ms+2ms
07-26 12:54:53.777   761   763 D dalvikvm: GC_CONCURRENT freed 367K, 9% free 9779K/10695K, paused 2ms+2ms
07-26 12:54:53.859   761   763 D dalvikvm: GC_CONCURRENT freed 470K, 10% free 9705K/10695K, paused 2ms+2ms
07-26 12:54:53.956   761   763 D dalvikvm: GC_CONCURRENT freed 492K, 10% free 9671K/10695K, paused 1ms+3ms
07-26 12:54:54.042   761   763 D dalvikvm: GC_CONCURRENT freed 378K, 9% free 9747K/10695K, paused 2ms+2ms
07-26 12:54:54.128   761   763 D dalvikvm: GC_CONCURRENT freed 470K, 10% free 9695K/10695K, paused 2ms+2ms
07-26 12:54:54.214   761   763 D dalvikvm: GC_CONCURRENT freed 501K, 11% free 9592K/10695K, paused 2ms+2ms
07-26 12:54:54.300   761   763 D dalvikvm: GC_CONCURRENT freed 345K, 10% free 9675K/10695K, paused 2ms+2ms
07-26 12:54:54.820   761   763 D dalvikvm: GC_CONCURRENT freed 482K, 11% free 9585K/10695K, paused 7ms+2ms
07-26 12:54:54.960   761   763 D dalvikvm: GC_CONCURRENT freed 406K, 11% free 9574K/10695K, paused 2ms+2ms
07-26 12:54:55.378   761   763 D dalvikvm: GC_CONCURRENT freed 356K, 11% free 9625K/10695K, paused 3ms+5ms
07-26 12:54:55.597   761   763 D dalvikvm: GC_CONCURRENT freed 259K, 9% free 9829K/10695K, paused 2ms+2ms
07-26 12:54:55.644   761  1007 D dalvikvm: GC_FOR_ALLOC freed 360K, 10% free 9685K/10695K, paused 15ms
07-26 12:54:55.917   761   763 D dalvikvm: GC_CONCURRENT freed 497K, 11% free 9575K/10695K, paused 1ms+2ms
07-26 12:54:56.296   761   763 D dalvikvm: GC_CONCURRENT freed 386K, 11% free 9598K/10695K, paused 1ms+3ms
07-26 12:54:56.382   761   763 D dalvikvm: GC_CONCURRENT freed 367K, 10% free 9627K/10695K, paused 2ms+2ms
07-26 12:54:56.741   761   763 D dalvikvm: GC_CONCURRENT freed 447K, 11% free 9575K/10695K, paused 1ms+2ms
07-26 12:54:56.878   761   763 D dalvikvm: GC_CONCURRENT freed 383K, 11% free 9577K/10695K, paused 2ms+3ms
07-26 12:54:57.316   761   763 D dalvikvm: GC_CONCURRENT freed 389K, 11% free 9585K/10695K, paused 2ms+2ms
07-26 12:54:57.437   761   763 D dalvikvm: GC_CONCURRENT freed 384K, 11% free 9596K/10695K, paused 2ms+2ms
07-26 12:54:57.812   761   763 D dalvikvm: GC_CONCURRENT freed 411K, 11% free 9571K/10695K, paused 12ms+2ms
07-26 12:54:57.941   761   763 D dalvikvm: GC_CONCURRENT freed 392K, 11% free 9580K/10695K, paused 1ms+2ms
07-26 12:54:58.359   761   763 D dalvikvm: GC_CONCURRENT freed 382K, 11% free 9598K/10695K, paused 1ms+3ms
07-26 12:54:58.851   761   763 D dalvikvm: GC_CONCURRENT freed 412K, 11% free 9583K/10695K, paused 2ms+3ms
07-26 12:54:59.097   761   763 D dalvikvm: GC_CONCURRENT freed 410K, 11% free 9590K/10695K, paused 2ms+2ms
07-26 12:54:59.199   761   763 D dalvikvm: GC_CONCURRENT freed 379K, 11% free 9607K/10695K, paused 2ms+3ms
07-26 12:54:59.753   761   763 D dalvikvm: GC_CONCURRENT freed 385K, 10% free 9660K/10695K, paused 7ms+3ms
07-26 12:55:00.222   761   763 D dalvikvm: GC_CONCURRENT freed 477K, 11% free 9587K/10695K, paused 1ms+2ms
07-26 12:55:00.378   761   763 D dalvikvm: GC_CONCURRENT freed 404K, 11% free 9583K/10695K, paused 2ms+3ms
07-26 12:55:01.074   761   763 D dalvikvm: GC_CONCURRENT freed 391K, 11% free 9599K/10695K, paused 16ms+2ms
07-26 12:55:01.222   761   763 D dalvikvm: GC_CONCURRENT freed 410K, 11% free 9578K/10695K, paused 2ms+2ms
07-26 12:55:02.206   761   763 D dalvikvm: GC_CONCURRENT freed 388K, 11% free 9577K/10695K, paused 6ms+6ms
07-26 12:55:03.101   761  1007 D dalvikvm: GC_EXPLICIT freed 319K, 11% free 9569K/10695K, paused 9ms+2ms
07-26 12:55:03.124   761  1007 I Gmail   : MainSyncRequestProto: lowestBkwdConvoId: 0, highestHandledServerOp: 4208534, normalSync: true
07-26 12:55:06.085   761   763 D dalvikvm: GC_CONCURRENT freed 374K, 11% free 9581K/10695K, paused 2ms+3ms
07-26 12:55:06.421   761   763 D dalvikvm: GC_CONCURRENT freed 238K, 9% free 9806K/10695K, paused 2ms+3ms
07-26 12:55:06.894   761   763 D dalvikvm: GC_CONCURRENT freed 531K, 9% free 9762K/10695K, paused 6ms+2ms
07-26 12:55:07.144   761   763 D dalvikvm: GC_CONCURRENT freed 560K, 11% free 9611K/10695K, paused 6ms+2ms
07-26 12:55:07.574   761   763 D dalvikvm: GC_CONCURRENT freed 399K, 10% free 9626K/10695K, paused 2ms+4ms
07-26 12:55:07.784   761   763 D dalvikvm: GC_CONCURRENT freed 284K, 9% free 9768K/10695K, paused 3ms+5ms
07-26 12:55:08.312   761   763 D dalvikvm: GC_CONCURRENT freed 465K, 9% free 9763K/10695K, paused 7ms+10ms
07-26 12:55:08.550   761   763 D dalvikvm: GC_CONCURRENT freed 585K, 11% free 9573K/10695K, paused 3ms+4ms
07-26 12:55:09.109   761   763 D dalvikvm: GC_CONCURRENT freed 369K, 11% free 9601K/10695K, paused 2ms+2ms
07-26 12:55:09.972   761   763 D dalvikvm: GC_CONCURRENT freed 397K, 11% free 9600K/10695K, paused 2ms+2ms
07-26 12:55:10.468   761   763 D dalvikvm: GC_CONCURRENT freed 401K, 11% free 9586K/10695K, paused 6ms+7ms
07-26 12:55:11.144   761   763 D dalvikvm: GC_CONCURRENT freed 374K, 11% free 9618K/10695K, paused 6ms+2ms
07-26 12:55:11.355   761   763 D dalvikvm: GC_CONCURRENT freed 438K, 11% free 9579K/10695K, paused 2ms+2ms
07-26 12:55:11.855   761   763 D dalvikvm: GC_CONCURRENT freed 382K, 11% free 9584K/10695K, paused 2ms+2ms
07-26 12:55:12.210   761   763 D dalvikvm: GC_CONCURRENT freed 202K, 9% free 9773K/10695K, paused 1ms+2ms
07-26 12:55:12.644   761   763 D dalvikvm: GC_CONCURRENT freed 516K, 10% free 9687K/10695K, paused 6ms+3ms
07-26 12:55:13.027   761   763 D dalvikvm: GC_CONCURRENT freed 505K, 11% free 9578K/10695K, paused 4ms+2ms
07-26 12:55:13.195   761   763 D dalvikvm: GC_CONCURRENT freed 189K, 8% free 9853K/10695K, paused 1ms+3ms
07-26 12:55:13.253   761  1007 D dalvikvm: GC_FOR_ALLOC freed 386K, 10% free 9697K/10695K, paused 16ms
07-26 12:55:13.507   761   763 D dalvikvm: GC_CONCURRENT freed 392K, 9% free 9747K/10695K, paused 2ms+2ms
07-26 12:55:13.917   761   763 D dalvikvm: GC_CONCURRENT freed 457K, 10% free 9713K/10695K, paused 2ms+3ms
07-26 12:55:14.554   761   763 D dalvikvm: GC_CONCURRENT freed 498K, 11% free 9608K/10695K, paused 2ms+2ms
07-26 12:55:14.995   761   763 D dalvikvm: GC_CONCURRENT freed 409K, 11% free 9590K/10695K, paused 1ms+2ms
07-26 12:55:15.968   761  1007 D dalvikvm: GC_EXPLICIT freed 248K, 11% free 9563K/10695K, paused 34ms+3ms
07-26 12:55:15.988   761  1007 I Gmail   : MainSyncRequestProto: lowestBkwdConvoId: 0, highestHandledServerOp: 4208534, normalSync: true
07-26 12:55:18.413   761   763 D dalvikvm: GC_CONCURRENT freed 300K, 9% free 9742K/10695K, paused 3ms+5ms
07-26 12:55:20.398   761   763 D dalvikvm: GC_CONCURRENT freed 519K, 11% free 9617K/10695K, paused 2ms+3ms
07-26 12:55:20.706   761   763 D dalvikvm: GC_CONCURRENT freed 424K, 10% free 9654K/10695K, paused 3ms+5ms
07-26 12:55:21.007   761   763 D dalvikvm: GC_CONCURRENT freed 373K, 10% free 9680K/10695K, paused 3ms+4ms
07-26 12:55:21.230   761   763 D dalvikvm: GC_CONCURRENT freed 493K, 11% free 9571K/10695K, paused 2ms+3ms
07-26 12:55:21.820   761   763 D dalvikvm: GC_CONCURRENT freed 153K, 8% free 9885K/10695K, paused 2ms+2ms
07-26 12:55:22.023   761   763 D dalvikvm: GC_CONCURRENT freed 645K, 11% free 9626K/10695K, paused 3ms+5ms
07-26 12:55:22.589   761   763 D dalvikvm: GC_CONCURRENT freed 364K, 10% free 9653K/10695K, paused 6ms+2ms
07-26 12:55:23.097   761   763 D dalvikvm: GC_CONCURRENT freed 448K, 11% free 9591K/10695K, paused 6ms+2ms
07-26 12:55:23.628   761   763 D dalvikvm: GC_CONCURRENT freed 403K, 11% free 9606K/10695K, paused 1ms+2ms
07-26 12:55:23.745   761   763 D dalvikvm: GC_CONCURRENT freed 414K, 11% free 9585K/10695K, paused 2ms+2ms
07-26 12:55:23.839   761   763 D dalvikvm: GC_CONCURRENT freed 384K, 11% free 9613K/10695K, paused 2ms+2ms
07-26 12:55:23.941   761   763 D dalvikvm: GC_CONCURRENT freed 440K, 11% free 9582K/10695K, paused 2ms+3ms
07-26 12:55:24.027   761   763 D dalvikvm: GC_CONCURRENT freed 270K, 9% free 9807K/10695K, paused 2ms+2ms
07-26 12:55:24.027   761   768 I dalvikvm: Jit: resizing JitTable from 4096 to 8192
07-26 12:55:24.085   761  1007 D dalvikvm: GC_FOR_ALLOC freed 340K, 10% free 9681K/10695K, paused 16ms
07-26 12:55:24.132   761  1007 D dalvikvm: GC_FOR_ALLOC freed 347K, 10% free 9700K/10695K, paused 15ms
07-26 12:55:24.191   761   763 D dalvikvm: GC_CONCURRENT freed 385K, 10% free 9703K/10695K, paused 2ms+2ms
07-26 12:55:24.269   761   763 D dalvikvm: GC_CONCURRENT freed 551K, 11% free 9607K/10695K, paused 2ms+2ms
07-26 12:55:24.359   761   763 D dalvikvm: GC_CONCURRENT freed 419K, 10% free 9638K/10695K, paused 2ms+2ms
07-26 12:55:24.991   761   763 D dalvikvm: GC_CONCURRENT freed 432K, 11% free 9597K/10695K, paused 2ms+2ms
07-26 12:55:25.351   761   763 D dalvikvm: GC_CONCURRENT freed 405K, 11% free 9587K/10695K, paused 7ms+3ms
07-26 12:55:25.933   761   763 D dalvikvm: GC_CONCURRENT freed 364K, 11% free 9616K/10695K, paused 2ms+2ms
07-26 12:55:26.589   761   763 D dalvikvm: GC_CONCURRENT freed 396K, 11% free 9609K/10695K, paused 2ms+2ms
07-26 12:55:26.968   761   763 D dalvikvm: GC_CONCURRENT freed 387K, 11% free 9613K/10695K, paused 1ms+2ms
07-26 12:55:27.378   761   763 D dalvikvm: GC_CONCURRENT freed 423K, 11% free 9580K/10695K, paused 2ms+2ms
07-26 12:55:27.898   761   763 D dalvikvm: GC_CONCURRENT freed 337K, 10% free 9644K/10695K, paused 7ms+9ms
07-26 12:55:28.503   761   763 D dalvikvm: GC_CONCURRENT freed 431K, 11% free 9601K/10695K, paused 2ms+2ms
07-26 12:55:29.191   761   763 D dalvikvm: GC_CONCURRENT freed 391K, 10% free 9640K/10695K, paused 12ms+2ms
07-26 12:55:29.429   761   763 D dalvikvm: GC_CONCURRENT freed 456K, 11% free 9574K/10695K, paused 1ms+2ms
07-26 12:55:30.386   761  1007 D dalvikvm: GC_EXPLICIT freed 243K, 11% free 9572K/10695K, paused 33ms+3ms
07-26 12:55:30.406   761  1007 I Gmail   : MainSyncRequestProto: lowestBkwdConvoId: 0, highestHandledServerOp: 4208534, normalSync: true
07-26 12:55:33.745   761   763 D dalvikvm: GC_CONCURRENT freed 341K, 11% free 9624K/10695K, paused 3ms+5ms
07-26 12:55:34.101   761   763 D dalvikvm: GC_CONCURRENT freed 420K, 11% free 9592K/10695K, paused 2ms+2ms
07-26 12:55:34.781   761   763 D dalvikvm: GC_CONCURRENT freed 318K, 10% free 9658K/10695K, paused 7ms+2ms
07-26 12:55:34.843   761   763 D dalvikvm: GC_CONCURRENT freed 298K, 9% free 9749K/10695K, paused 2ms+2ms
07-26 12:55:36.874   761   763 D dalvikvm: GC_CONCURRENT freed 534K, 10% free 9645K/10695K, paused 7ms+3ms
07-26 12:55:37.370   761   763 D dalvikvm: GC_CONCURRENT freed 372K, 9% free 9761K/10695K, paused 7ms+2ms
07-26 12:55:37.589   761   763 D dalvikvm: GC_CONCURRENT freed 568K, 11% free 9579K/10695K, paused 2ms+3ms
07-26 12:55:38.199   761   763 D dalvikvm: GC_CONCURRENT freed 361K, 11% free 9608K/10695K, paused 6ms+2ms
07-26 12:55:38.757   761   763 D dalvikvm: GC_CONCURRENT freed 386K, 10% free 9638K/10695K, paused 6ms+10ms
07-26 12:55:39.355   761   763 D dalvikvm: GC_CONCURRENT freed 395K, 10% free 9673K/10695K, paused 6ms+10ms
07-26 12:55:39.636   761   763 D dalvikvm: GC_CONCURRENT freed 382K, 10% free 9729K/10695K, paused 2ms+2ms
07-26 12:55:41.202   761   763 D dalvikvm: GC_CONCURRENT freed 404K, 9% free 9793K/10695K, paused 2ms+2ms
07-26 12:55:41.538   761  1007 D dalvikvm: GC_FOR_ALLOC freed 419K, 10% free 9712K/10695K, paused 16ms
07-26 12:55:41.937   761   763 D dalvikvm: GC_CONCURRENT freed 471K, 10% free 9657K/10695K, paused 7ms+2ms
07-26 12:55:42.202   761   763 D dalvikvm: GC_CONCURRENT freed 463K, 11% free 9585K/10695K, paused 1ms+2ms
07-26 12:55:43.070   761   763 D dalvikvm: GC_CONCURRENT freed 341K, 10% free 9647K/10695K, paused 1ms+3ms
07-26 12:55:43.417   761   763 D dalvikvm: GC_CONCURRENT freed 456K, 11% free 9588K/10695K, paused 1ms+3ms
07-26 12:55:43.702   761   763 D dalvikvm: GC_CONCURRENT freed 240K, 9% free 9742K/10695K, paused 2ms+3ms
07-26 12:55:44.109   761   763 D dalvikvm: GC_CONCURRENT freed 557K, 11% free 9580K/10695K, paused 3ms+2ms
07-26 12:55:44.273   761   763 D dalvikvm: GC_CONCURRENT freed 384K, 11% free 9590K/10695K, paused 2ms+3ms
07-26 12:55:44.824   761   763 D dalvikvm: GC_CONCURRENT freed 358K, 10% free 9719K/10695K, paused 3ms+2ms
07-26 12:55:44.898   761   763 D dalvikvm: GC_CONCURRENT freed 430K, 10% free 9690K/10695K, paused 1ms+2ms
07-26 12:55:45.097   761   763 D dalvikvm: GC_CONCURRENT freed 376K, 9% free 9764K/10695K, paused 1ms+2ms
07-26 12:55:46.148   761  1007 D dalvikvm: GC_EXPLICIT freed 471K, 11% free 9574K/10695K, paused 35ms+3ms
07-26 12:55:46.163   761  1007 I Gmail   : MainSyncRequestProto: lowestBkwdConvoId: 0, highestHandledServerOp: 4208534, normalSync: true
07-26 12:55:51.140   761   763 D dalvikvm: GC_CONCURRENT freed 276K, 10% free 9713K/10695K, paused 1ms+2ms
07-26 12:55:51.550   761   763 D dalvikvm: GC_CONCURRENT freed 503K, 11% free 9595K/10695K, paused 2ms+3ms
07-26 12:55:51.902   761   763 D dalvikvm: GC_CONCURRENT freed 394K, 10% free 9645K/10695K, paused 7ms+11ms
07-26 12:55:52.402   761   763 D dalvikvm: GC_CONCURRENT freed 425K, 11% free 9619K/10695K, paused 7ms+2ms
07-26 12:55:52.734   761   763 D dalvikvm: GC_CONCURRENT freed 423K, 11% free 9581K/10695K, paused 2ms+3ms
07-26 12:55:53.093   761   763 D dalvikvm: GC_CONCURRENT freed 361K, 10% free 9700K/10695K, paused 7ms+2ms
07-26 12:55:53.437   761   763 D dalvikvm: GC_CONCURRENT freed 365K, 9% free 9759K/10695K, paused 3ms+5ms
07-26 12:55:53.624   761   763 D dalvikvm: GC_CONCURRENT freed 503K, 10% free 9697K/10695K, paused 4ms+5ms
07-26 12:55:54.019   761   763 D dalvikvm: GC_CONCURRENT freed 466K, 10% free 9632K/10695K, paused 1ms+3ms
07-26 12:55:54.113   761   763 D dalvikvm: GC_CONCURRENT freed 368K, 10% free 9650K/10695K, paused 2ms+2ms
07-26 12:55:54.191   761   763 D dalvikvm: GC_CONCURRENT freed 419K, 11% free 9623K/10695K, paused 3ms+2ms
07-26 12:55:54.281   761   763 D dalvikvm: GC_CONCURRENT freed 340K, 10% free 9683K/10695K, paused 1ms+2ms
07-26 12:55:54.386   761   763 D dalvikvm: GC_CONCURRENT freed 469K, 11% free 9607K/10695K, paused 2ms+2ms
07-26 12:55:54.491   761   763 D dalvikvm: GC_CONCURRENT freed 435K, 11% free 9578K/10695K, paused 2ms+3ms
07-26 12:55:54.585   761   763 D dalvikvm: GC_CONCURRENT freed 389K, 10% free 9628K/10695K, paused 2ms+2ms
07-26 12:55:54.667   761   763 D dalvikvm: GC_CONCURRENT freed 341K, 10% free 9732K/10695K, paused 2ms+2ms
07-26 12:55:54.726   761  1007 D dalvikvm: GC_FOR_ALLOC freed 369K, 10% free 9713K/10695K, paused 16ms
07-26 12:55:54.773   761  1007 D dalvikvm: GC_FOR_ALLOC freed 353K, 10% free 9721K/10695K, paused 14ms
07-26 12:55:54.808   761  1007 D dalvikvm: GC_FOR_ALLOC freed 526K, 11% free 9557K/10695K, paused 15ms
07-26 12:55:54.859   761   763 D dalvikvm: GC_CONCURRENT freed 179K, 8% free 9881K/10695K, paused 2ms+2ms
07-26 12:55:54.909   761  1007 D dalvikvm: GC_FOR_ALLOC freed 483K, 10% free 9665K/10695K, paused 14ms
07-26 12:55:54.968   761   763 D dalvikvm: GC_CONCURRENT freed 259K, 9% free 9838K/10695K, paused 1ms+2ms
07-26 12:55:55.015   761  1007 D dalvikvm: GC_FOR_ALLOC freed 2K, 9% free 9836K/10695K, paused 18ms
07-26 12:55:55.019   761  1007 I dalvikvm-heap: Grow heap (frag case) to 9.854MB for 188216-byte allocation
07-26 12:55:55.034   761  1007 D dalvikvm: GC_FOR_ALLOC freed 277K, 11% free 9742K/10887K, paused 15ms
07-26 12:55:55.089   761   763 D dalvikvm: GC_CONCURRENT freed 297K, 10% free 9858K/10887K, paused 2ms+3ms
07-26 12:55:55.120   761  1007 D dalvikvm: GC_FOR_ALLOC freed 320K, 12% free 9662K/10887K, paused 15ms
07-26 12:55:55.179   761   763 D dalvikvm: GC_CONCURRENT freed 5K, 7% free 10165K/10887K, paused 2ms+2ms
07-26 12:55:55.195   761  1007 D dalvikvm: GC_FOR_ALLOC freed 308K, 10% free 9857K/10887K, paused 15ms
07-26 12:55:55.261   761   763 D dalvikvm: GC_CONCURRENT freed 660K, 12% free 9600K/10887K, paused 2ms+3ms
07-26 12:55:55.335   761   763 D dalvikvm: GC_CONCURRENT freed 401K, 12% free 9600K/10887K, paused 2ms+2ms
07-26 12:55:55.413   761   763 D dalvikvm: GC_CONCURRENT freed 426K, 12% free 9601K/10887K, paused 2ms+3ms
07-26 12:55:55.499   761   763 D dalvikvm: GC_CONCURRENT freed 398K, 12% free 9598K/10887K, paused 2ms+3ms
07-26 12:55:55.589   761   763 D dalvikvm: GC_CONCURRENT freed 432K, 12% free 9628K/10887K, paused 2ms+3ms
07-26 12:55:56.085   761   763 D dalvikvm: GC_CONCURRENT freed 358K, 11% free 9768K/10887K, paused 2ms+2ms
07-26 12:55:56.159   761   763 D dalvikvm: GC_CONCURRENT freed 489K, 11% free 9701K/10887K, paused 2ms+2ms
07-26 12:55:56.265   761   763 D dalvikvm: GC_CONCURRENT freed 461K, 12% free 9654K/10887K, paused 2ms+2ms
07-26 12:55:58.534   212   214 D dalvikvm: GC_CONCURRENT freed 431K, 8% free 10052K/10887K, paused 2ms+3ms
07-26 12:55:58.636   212   214 D dalvikvm: GC_CONCURRENT freed 535K, 8% free 10024K/10887K, paused 2ms+2ms
07-26 12:55:58.710   761   763 D dalvikvm: GC_CONCURRENT freed 454K, 12% free 9615K/10887K, paused 17ms+2ms
07-26 12:55:58.796   761   763 D dalvikvm: GC_CONCURRENT freed 325K, 11% free 9782K/10887K, paused 2ms+3ms
07-26 12:55:58.890   761   763 D dalvikvm: GC_CONCURRENT freed 571K, 12% free 9674K/10887K, paused 1ms+2ms
07-26 12:55:58.972   761   763 D dalvikvm: GC_CONCURRENT freed 371K, 11% free 9788K/10887K, paused 2ms+2ms
07-26 12:55:59.066   761   763 D dalvikvm: GC_CONCURRENT freed 615K, 12% free 9599K/10887K, paused 1ms+1ms
07-26 12:55:59.781   761   763 D dalvikvm: GC_CONCURRENT freed 420K, 12% free 9599K/10887K, paused 13ms+3ms
07-26 12:56:00.097   761   763 D dalvikvm: GC_CONCURRENT freed 411K, 12% free 9587K/10887K, paused 1ms+3ms
07-26 12:56:00.906   761   763 D dalvikvm: GC_CONCURRENT freed 367K, 12% free 9613K/10887K, paused 6ms+7ms
07-26 12:56:01.011   761   763 D dalvikvm: GC_CONCURRENT freed 415K, 12% free 9590K/10887K, paused 2ms+2ms
07-26 12:56:01.386   761   763 D dalvikvm: GC_CONCURRENT freed 402K, 12% free 9601K/10887K, paused 2ms+3ms
07-26 12:56:01.484   761   763 D dalvikvm: GC_CONCURRENT freed 428K, 12% free 9602K/10887K, paused 2ms+2ms
07-26 12:56:01.894   761   763 D dalvikvm: GC_CONCURRENT freed 378K, 12% free 9613K/10887K, paused 1ms+2ms
07-26 12:56:01.995   761   763 D dalvikvm: GC_CONCURRENT freed 438K, 12% free 9606K/10887K, paused 2ms+2ms
07-26 12:56:02.085   761   763 D dalvikvm: GC_CONCURRENT freed 406K, 12% free 9645K/10887K, paused 1ms+2ms
07-26 12:56:02.507   761   763 D dalvikvm: GC_CONCURRENT freed 423K, 12% free 9670K/10887K, paused 1ms+3ms
07-26 12:56:03.105   761   763 D dalvikvm: GC_CONCURRENT freed 459K, 12% free 9605K/10887K, paused 2ms+3ms
07-26 12:56:03.445   761   763 D dalvikvm: GC_CONCURRENT freed 376K, 12% free 9618K/10887K, paused 1ms+2ms
07-26 12:56:03.527   761   763 D dalvikvm: GC_CONCURRENT freed 405K, 12% free 9649K/10887K, paused 2ms+2ms
07-26 12:56:03.624   761   763 D dalvikvm: GC_CONCURRENT freed 418K, 12% free 9629K/10887K, paused 2ms+2ms
07-26 12:56:03.710   761   763 D dalvikvm: GC_CONCURRENT freed 401K, 12% free 9632K/10887K, paused 2ms+2ms
07-26 12:56:03.800   761   763 D dalvikvm: GC_CONCURRENT freed 436K, 12% free 9646K/10887K, paused 2ms+2ms
07-26 12:56:03.874   761   763 D dalvikvm: GC_CONCURRENT freed 379K, 12% free 9667K/10887K, paused 1ms+2ms
07-26 12:56:03.956   761   763 D dalvikvm: GC_CONCURRENT freed 414K, 12% free 9661K/10887K, paused 1ms+2ms
07-26 12:56:04.031   761   763 D dalvikvm: GC_CONCURRENT freed 336K, 11% free 9762K/10887K, paused 2ms+2ms
07-26 12:56:04.105   761   763 D dalvikvm: GC_CONCURRENT freed 561K, 12% free 9592K/10887K, paused 2ms+2ms
07-26 12:56:04.675   761   763 D dalvikvm: GC_CONCURRENT freed 420K, 12% free 9649K/10887K, paused 12ms+2ms
07-26 12:56:04.722   761   763 D dalvikvm: GC_CONCURRENT freed 420K, 11% free 9717K/10887K, paused 2ms+2ms
07-26 12:56:04.769   761   763 D dalvikvm: GC_CONCURRENT freed 297K, 10% free 9835K/10887K, paused 2ms+2ms
07-26 12:56:04.788   761  1007 D dalvikvm: GC_FOR_ALLOC freed 389K, 10% free 9823K/10887K, paused 15ms
07-26 12:56:04.843   761   763 D dalvikvm: GC_CONCURRENT freed 466K, 11% free 9770K/10887K, paused 2ms+2ms
07-26 12:56:05.308   761   763 D dalvikvm: GC_CONCURRENT freed 471K, 11% free 9700K/10887K, paused 10ms+2ms
07-26 12:56:05.566   761   763 D dalvikvm: GC_CONCURRENT freed 530K, 12% free 9638K/10887K, paused 1ms+2ms
07-26 12:56:05.870   761   763 D dalvikvm: GC_CONCURRENT freed 369K, 12% free 9676K/10887K, paused 1ms+2ms
07-26 12:56:06.187   761   763 D dalvikvm: GC_CONCURRENT freed 495K, 12% free 9600K/10887K, paused 1ms+2ms
07-26 12:56:06.542   761   763 D dalvikvm: GC_CONCURRENT freed 406K, 12% free 9604K/10887K, paused 2ms+2ms
07-26 12:56:06.675   761   763 D dalvikvm: GC_CONCURRENT freed 421K, 12% free 9601K/10887K, paused 2ms+3ms
07-26 12:56:06.788   761   763 D dalvikvm: GC_CONCURRENT freed 425K, 12% free 9610K/10887K, paused 2ms+3ms
07-26 12:56:06.921   761   763 D dalvikvm: GC_CONCURRENT freed 436K, 13% free 9573K/10887K, paused 1ms+3ms
07-26 12:56:06.988   845   991 I PhoneLab-: Service Running
07-26 12:56:07.027   845   991 I PhoneLab-LoggerService: app_38    995   845   1428   1056  c00f181c 400107b4 S logcat
07-26 12:56:07.027   845   991 I PhoneLab-LoggerService: Logcat pid from database 995
07-26 12:56:07.027   845   991 I PhoneLab-LoggerService: Logcat process found 995
07-26 12:56:07.027   845   991 I PhoneLab-LoggerService: Checking Threshold
07-26 12:56:07.027   845   991 I PhoneLab-LoggerService: Starting to rename files
07-26 12:56:07.027   845   991 I PhoneLab-LoggerService: Files found .. 2
07-26 12:56:07.515   761   763 D dalvikvm: GC_CONCURRENT freed 377K, 12% free 9619K/10887K, paused 2ms+3ms
07-26 12:56:07.620   761   763 D dalvikvm: GC_CONCURRENT freed 443K, 12% free 9599K/10887K, paused 1ms+2ms
07-26 12:56:07.949   761   763 D dalvikvm: GC_CONCURRENT freed 351K, 12% free 9660K/10887K, paused 2ms+2ms
07-26 12:56:08.292   761   763 D dalvikvm: GC_CONCURRENT freed 461K, 12% free 9601K/10887K, paused 2ms+2ms
07-26 12:56:09.027   761   763 D dalvikvm: GC_CONCURRENT freed 389K, 12% free 9596K/10887K, paused 2ms+3ms
07-26 12:56:09.499   761  1007 D dalvikvm: GC_EXPLICIT freed 124K, 13% free 9554K/10887K, paused 32ms+3ms
07-26 12:56:09.515   761  1007 I Gmail   : MainSyncRequestProto: lowestBkwdConvoId: 0, highestHandledServerOp: 4208534, normalSync: true
07-26 12:56:13.753   761   763 D dalvikvm: GC_CONCURRENT freed 373K, 12% free 9592K/10887K, paused 1ms+3ms
07-26 12:56:13.866   761   763 D dalvikvm: GC_CONCURRENT freed 405K, 12% free 9583K/10887K, paused 1ms+2ms
07-26 12:56:14.241   761   763 D dalvikvm: GC_CONCURRENT freed 383K, 12% free 9683K/10887K, paused 2ms+2ms
07-26 12:56:14.550   761   763 D dalvikvm: GC_CONCURRENT freed 489K, 12% free 9589K/10887K, paused 2ms+2ms
07-26 12:56:14.866   761   763 D dalvikvm: GC_CONCURRENT freed 382K, 12% free 9592K/10887K, paused 2ms+3ms
07-26 12:56:15.656   761   763 D dalvikvm: GC_CONCURRENT freed 360K, 12% free 9620K/10887K, paused 2ms+3ms
07-26 12:56:15.882   761   763 D dalvikvm: GC_CONCURRENT freed 406K, 12% free 9599K/10887K, paused 1ms+2ms
07-26 12:56:16.491   761   763 D dalvikvm: GC_CONCURRENT freed 384K, 12% free 9599K/10887K, paused 2ms+2ms
07-26 12:56:17.101   761   763 D dalvikvm: GC_CONCURRENT freed 380K, 12% free 9604K/10887K, paused 2ms+2ms
07-26 12:56:17.394   761   763 D dalvikvm: GC_CONCURRENT freed 418K, 12% free 9612K/10887K, paused 2ms+2ms
07-26 12:56:17.534   761   763 D dalvikvm: GC_CONCURRENT freed 426K, 12% free 9605K/10887K, paused 2ms+2ms
07-26 12:56:18.171   761   763 D dalvikvm: GC_CONCURRENT freed 401K, 12% free 9595K/10887K, paused 1ms+3ms
07-26 12:56:18.433   761   763 D dalvikvm: GC_CONCURRENT freed 407K, 12% free 9601K/10887K, paused 2ms+2ms
07-26 12:56:18.558   761   763 D dalvikvm: GC_CONCURRENT freed 418K, 13% free 9579K/10887K, paused 2ms+2ms
07-26 12:56:20.741   761   763 D dalvikvm: GC_CONCURRENT freed 383K, 12% free 9634K/10887K, paused 2ms+3ms
07-26 12:56:21.038   761   763 D dalvikvm: GC_CONCURRENT freed 431K, 12% free 9591K/10887K, paused 1ms+2ms
07-26 12:56:21.370   761   763 D dalvikvm: GC_CONCURRENT freed 414K, 12% free 9602K/10887K, paused 2ms+2ms
07-26 12:56:21.480   761   763 D dalvikvm: GC_CONCURRENT freed 433K, 12% free 9595K/10887K, paused 2ms+2ms
07-26 12:56:21.878   761   763 D dalvikvm: GC_CONCURRENT freed 378K, 12% free 9617K/10887K, paused 2ms+2ms
07-26 12:56:21.972   761   763 D dalvikvm: GC_CONCURRENT freed 409K, 12% free 9637K/10887K, paused 1ms+2ms
07-26 12:56:22.066   761   763 D dalvikvm: GC_CONCURRENT freed 382K, 12% free 9657K/10887K, paused 2ms+2ms
07-26 12:56:22.804   761   763 D dalvikvm: GC_CONCURRENT freed 443K, 12% free 9631K/10887K, paused 1ms+3ms
07-26 12:56:22.913   761   763 D dalvikvm: GC_CONCURRENT freed 423K, 12% free 9599K/10887K, paused 1ms+3ms
07-26 12:56:23.015   761   763 D dalvikvm: GC_CONCURRENT freed 394K, 12% free 9603K/10887K, paused 2ms+2ms
07-26 12:56:23.460   761   763 D dalvikvm: GC_CONCURRENT freed 403K, 12% free 9601K/10887K, paused 2ms+2ms
07-26 12:56:23.589   761   763 D dalvikvm: GC_CONCURRENT freed 406K, 13% free 9580K/10887K, paused 1ms+2ms
07-26 12:56:24.070   761   763 D dalvikvm: GC_CONCURRENT freed 395K, 12% free 9615K/10887K, paused 1ms+2ms
07-26 12:56:24.159   761   763 D dalvikvm: GC_CONCURRENT freed 412K, 12% free 9590K/10887K, paused 2ms+2ms
07-26 12:56:24.296   761   763 D dalvikvm: GC_CONCURRENT freed 403K, 12% free 9589K/10887K, paused 1ms+2ms
07-26 12:56:24.859   761   763 D dalvikvm: GC_CONCURRENT freed 378K, 12% free 9603K/10887K, paused 2ms+3ms
07-26 12:56:24.988   761   763 D dalvikvm: GC_CONCURRENT freed 408K, 13% free 9580K/10887K, paused 1ms+2ms
07-26 12:56:25.312   761   763 D dalvikvm: GC_CONCURRENT freed 401K, 12% free 9599K/10887K, paused 2ms+2ms
07-26 12:56:25.738   761   763 D dalvikvm: GC_CONCURRENT freed 404K, 12% free 9596K/10887K, paused 1ms+2ms
07-26 12:56:25.843   761   763 D dalvikvm: GC_CONCURRENT freed 429K, 12% free 9608K/10887K, paused 2ms+2ms
07-26 12:56:26.210   761   763 D dalvikvm: GC_CONCURRENT freed 399K, 12% free 9604K/10887K, paused 2ms+3ms
07-26 12:56:26.316   761   763 D dalvikvm: GC_CONCURRENT freed 407K, 12% free 9617K/10887K, paused 1ms+3ms
07-26 12:56:26.663   761   763 D dalvikvm: GC_CONCURRENT freed 454K, 12% free 9592K/10887K, paused 2ms+3ms
07-26 12:56:27.144   761   763 D dalvikvm: GC_CONCURRENT freed 381K, 12% free 9601K/10887K, paused 2ms+2ms
07-26 12:56:27.503   761   763 D dalvikvm: GC_CONCURRENT freed 394K, 12% free 9595K/10887K, paused 1ms+3ms
07-26 12:56:27.890   761   763 D dalvikvm: GC_CONCURRENT freed 395K, 12% free 9626K/10887K, paused 2ms+2ms
07-26 12:56:28.156   761   763 D dalvikvm: GC_CONCURRENT freed 307K, 11% free 9718K/10887K, paused 6ms+2ms
07-26 12:56:28.230   761   763 D dalvikvm: GC_CONCURRENT freed 437K, 11% free 9702K/10887K, paused 2ms+2ms
07-26 12:56:28.515   761   763 D dalvikvm: GC_CONCURRENT freed 517K, 12% free 9600K/10887K, paused 2ms+2ms
07-26 12:56:28.609   761   763 D dalvikvm: GC_CONCURRENT freed 403K, 12% free 9625K/10887K, paused 1ms+2ms
07-26 12:56:28.702   761   763 D dalvikvm: GC_CONCURRENT freed 413K, 12% free 9620K/10887K, paused 1ms+2ms
07-26 12:56:29.070   761   763 D dalvikvm: GC_CONCURRENT freed 431K, 13% free 9578K/10887K, paused 2ms+3ms
07-26 12:56:29.363   761   763 D dalvikvm: GC_CONCURRENT freed 384K, 12% free 9585K/10887K, paused 2ms+2ms
07-26 12:56:29.804   761   763 D dalvikvm: GC_CONCURRENT freed 373K, 12% free 9613K/10887K, paused 3ms+2ms
07-26 12:56:30.433   761   763 D dalvikvm: GC_CONCURRENT freed 400K, 12% free 9606K/10887K, paused 2ms+2ms
07-26 12:56:30.949   761   763 D dalvikvm: GC_CONCURRENT freed 382K, 12% free 9614K/10887K, paused 2ms+3ms
07-26 12:56:32.562   761  1007 D dalvikvm: GC_EXPLICIT freed 125K, 13% free 9568K/10887K, paused 34ms+2ms
07-26 12:56:32.574   761  1007 I Gmail   : MainSyncRequestProto: lowestBkwdConvoId: 0, highestHandledServerOp: 4208534, normalSync: true
07-26 12:56:39.027   761   763 D dalvikvm: GC_CONCURRENT freed 356K, 12% free 9598K/10887K, paused 12ms+2ms
07-26 12:56:39.308   761   763 D dalvikvm: GC_CONCURRENT freed 395K, 12% free 9647K/10887K, paused 2ms+3ms
07-26 12:56:39.800   761   763 D dalvikvm: GC_CONCURRENT freed 443K, 12% free 9594K/10887K, paused 1ms+2ms
07-26 12:56:40.023   761   763 D dalvikvm: GC_CONCURRENT freed 391K, 12% free 9633K/10887K, paused 2ms+2ms
07-26 12:56:40.105   761   763 D dalvikvm: GC_CONCURRENT freed 465K, 12% free 9593K/10887K, paused 2ms+3ms
07-26 12:56:40.199   761   763 D dalvikvm: GC_CONCURRENT freed 384K, 12% free 9611K/10887K, paused 2ms+3ms
07-26 12:56:41.089   761   763 D dalvikvm: GC_CONCURRENT freed 425K, 12% free 9588K/10887K, paused 1ms+3ms
07-26 12:56:41.468   761   763 D dalvikvm: GC_CONCURRENT freed 395K, 12% free 9587K/10887K, paused 13ms+2ms
07-26 12:56:41.753   761   763 D dalvikvm: GC_CONCURRENT freed 332K, 12% free 9658K/10887K, paused 2ms+2ms
07-26 12:56:41.847   761   763 D dalvikvm: GC_CONCURRENT freed 475K, 12% free 9602K/10887K, paused 1ms+2ms
07-26 12:56:42.566   761   763 D dalvikvm: GC_CONCURRENT freed 425K, 12% free 9653K/10887K, paused 7ms+2ms
07-26 12:56:42.917   761   763 D dalvikvm: GC_CONCURRENT freed 433K, 12% free 9653K/10887K, paused 2ms+2ms
07-26 12:56:43.027   761   763 D dalvikvm: GC_CONCURRENT freed 382K, 12% free 9668K/10887K, paused 2ms+2ms
07-26 12:56:43.136   761   763 D dalvikvm: GC_CONCURRENT freed 455K, 12% free 9665K/10887K, paused 2ms+2ms
07-26 12:56:43.234   761   763 D dalvikvm: GC_CONCURRENT freed 450K, 12% free 9635K/10887K, paused 2ms+2ms
07-26 12:56:43.324   761   763 D dalvikvm: GC_CONCURRENT freed 437K, 12% free 9633K/10887K, paused 2ms+2ms
07-26 12:56:43.398   761   763 D dalvikvm: GC_CONCURRENT freed 319K, 10% free 9814K/10887K, paused 2ms+2ms
07-26 12:56:43.495   761   763 D dalvikvm: GC_CONCURRENT freed 602K, 11% free 9722K/10887K, paused 1ms+2ms
07-26 12:56:43.597   761   763 D dalvikvm: GC_CONCURRENT freed 419K, 11% free 9784K/10887K, paused 2ms+2ms
07-26 12:56:44.062   761   763 D dalvikvm: GC_CONCURRENT freed 494K, 11% free 9719K/10887K, paused 2ms+3ms
07-26 12:56:44.159   761   763 D dalvikvm: GC_CONCURRENT freed 456K, 11% free 9722K/10887K, paused 2ms+2ms
07-26 12:56:44.234   761   763 D dalvikvm: GC_CONCURRENT freed 442K, 12% free 9675K/10887K, paused 1ms+2ms
07-26 12:56:44.324   761   763 D dalvikvm: GC_CONCURRENT freed 202K, 9% free 9977K/10887K, paused 1ms+2ms
07-26 12:56:44.421   761   763 D dalvikvm: GC_CONCURRENT freed 656K, 11% free 9714K/10887K, paused 2ms+3ms
07-26 12:56:44.511   761   763 D dalvikvm: GC_CONCURRENT freed 468K, 12% free 9688K/10887K, paused 2ms+2ms
07-26 12:56:44.605   761   763 D dalvikvm: GC_CONCURRENT freed 490K, 11% free 9697K/10887K, paused 2ms+3ms
07-26 12:56:44.827   761   763 D dalvikvm: GC_CONCURRENT freed 442K, 12% free 9644K/10887K, paused 2ms+2ms
07-26 12:56:45.066   761   763 D dalvikvm: GC_CONCURRENT freed 464K, 12% free 9631K/10887K, paused 2ms+2ms
07-26 12:56:45.140   761   763 D dalvikvm: GC_CONCURRENT freed 331K, 11% free 9731K/10887K, paused 2ms+2ms
07-26 12:56:46.070   761   763 D dalvikvm: GC_CONCURRENT freed 530K, 12% free 9595K/10887K, paused 2ms+2ms
07-26 12:56:46.167   761   763 D dalvikvm: GC_CONCURRENT freed 333K, 12% free 9657K/10887K, paused 1ms+2ms
07-26 12:56:46.284   761   763 D dalvikvm: GC_CONCURRENT freed 428K, 12% free 9623K/10887K, paused 2ms+2ms
07-26 12:56:46.366   141   143 D dalvikvm: GC_CONCURRENT freed 890K, 9% free 13224K/14471K, paused 2ms+4ms
07-26 12:56:46.456   761   763 D dalvikvm: GC_CONCURRENT freed 393K, 11% free 9723K/10887K, paused 1ms+3ms
07-26 12:56:46.523   761   763 D dalvikvm: GC_CONCURRENT freed 538K, 12% free 9604K/10887K, paused 2ms+2ms
07-26 12:56:46.574   761   763 D dalvikvm: GC_CONCURRENT freed 218K, 10% free 9813K/10887K, paused 2ms+2ms
07-26 12:56:47.519   761   763 D dalvikvm: GC_CONCURRENT freed 571K, 12% free 9663K/10887K, paused 2ms+4ms
07-26 12:56:47.808   761   763 D dalvikvm: GC_CONCURRENT freed 481K, 12% free 9593K/10887K, paused 1ms+2ms
07-26 12:56:48.320   761   763 D dalvikvm: GC_CONCURRENT freed 412K, 12% free 9618K/10887K, paused 2ms+2ms
07-26 12:56:50.843   761   763 D dalvikvm: GC_CONCURRENT freed 391K, 12% free 9688K/10887K, paused 2ms+2ms
07-26 12:56:50.917   761   763 D dalvikvm: GC_CONCURRENT freed 450K, 12% free 9688K/10887K, paused 2ms+3ms
07-26 12:56:51.523   761   763 D dalvikvm: GC_CONCURRENT freed 501K, 12% free 9581K/10887K, paused 1ms+3ms
07-26 12:56:51.827   761   763 D dalvikvm: GC_CONCURRENT freed 387K, 12% free 9586K/10887K, paused 2ms+2ms
07-26 12:56:52.503   761   763 D dalvikvm: GC_CONCURRENT freed 379K, 12% free 9592K/10887K, paused 2ms+3ms
07-26 12:56:53.007   761   763 D dalvikvm: GC_CONCURRENT freed 385K, 12% free 9611K/10887K, paused 2ms+3ms
07-26 12:56:53.679   761   763 D dalvikvm: GC_CONCURRENT freed 399K, 12% free 9606K/10887K, paused 1ms+2ms
07-26 12:56:53.808   761   763 D dalvikvm: GC_CONCURRENT freed 421K, 12% free 9584K/10887K, paused 1ms+2ms
07-26 12:56:53.917   761   763 D dalvikvm: GC_CONCURRENT freed 390K, 12% free 9588K/10887K, paused 2ms+2ms
07-26 12:56:54.632   761   763 D dalvikvm: GC_CONCURRENT freed 397K, 12% free 9599K/10887K, paused 2ms+3ms
07-26 12:56:54.984   761   763 D dalvikvm: GC_CONCURRENT freed 401K, 12% free 9587K/10887K, paused 2ms+3ms
07-26 12:56:55.081   761   763 D dalvikvm: GC_CONCURRENT freed 382K, 12% free 9595K/10887K, paused 2ms+2ms
07-26 12:56:55.656   761   763 D dalvikvm: GC_CONCURRENT freed 387K, 12% free 9598K/10887K, paused 2ms+2ms
07-26 12:56:56.249   761   763 D dalvikvm: GC_CONCURRENT freed 395K, 12% free 9597K/10887K, paused 2ms+3ms
07-26 12:56:56.499   761   763 D dalvikvm: GC_CONCURRENT freed 190K, 11% free 9797K/10887K, paused 1ms+2ms
07-26 12:56:56.566   761   763 D dalvikvm: GC_CONCURRENT freed 387K, 10% free 9801K/10887K, paused 2ms+2ms
07-26 12:56:56.632   761   763 D dalvikvm: GC_CONCURRENT freed 397K, 10% free 9805K/10887K, paused 2ms+2ms
07-26 12:56:56.702   761   763 D dalvikvm: GC_CONCURRENT freed 399K, 10% free 9814K/10887K, paused 2ms+2ms
07-26 12:56:56.773   761   763 D dalvikvm: GC_CONCURRENT freed 411K, 10% free 9816K/10887K, paused 2ms+2ms
07-26 12:56:56.839   761   763 D dalvikvm: GC_CONCURRENT freed 418K, 10% free 9818K/10887K, paused 2ms+2ms
07-26 12:56:56.909   761   763 D dalvikvm: GC_CONCURRENT freed 380K, 10% free 9883K/10887K, paused 2ms+2ms
07-26 12:56:56.980   761   763 D dalvikvm: GC_CONCURRENT freed 442K, 10% free 9831K/10887K, paused 1ms+2ms
07-26 12:56:57.054   761   763 D dalvikvm: GC_CONCURRENT freed 459K, 10% free 9841K/10887K, paused 2ms+2ms
07-26 12:56:57.550   761   763 D dalvikvm: GC_CONCURRENT freed 646K, 12% free 9586K/10887K, paused 2ms+3ms
07-26 12:56:57.656   761   763 D dalvikvm: GC_CONCURRENT freed 397K, 12% free 9599K/10887K, paused 2ms+2ms
07-26 12:56:57.745   761   763 D dalvikvm: GC_CONCURRENT freed 379K, 12% free 9618K/10887K, paused 1ms+2ms
07-26 12:56:58.273   761   763 D dalvikvm: GC_CONCURRENT freed 421K, 12% free 9588K/10887K, paused 1ms+3ms
07-26 12:56:58.394   761   763 D dalvikvm: GC_CONCURRENT freed 387K, 12% free 9590K/10887K, paused 1ms+2ms
07-26 12:56:58.534   761   763 D dalvikvm: GC_CONCURRENT freed 407K, 13% free 9571K/10887K, paused 2ms+3ms
07-26 12:56:58.902   761   763 D dalvikvm: GC_CONCURRENT freed 399K, 13% free 9578K/10887K, paused 2ms+2ms
07-26 12:56:58.991   761   763 D dalvikvm: GC_CONCURRENT freed 370K, 12% free 9626K/10887K, paused 2ms+2ms
07-26 12:56:59.390   761   763 D dalvikvm: GC_CONCURRENT freed 436K, 12% free 9583K/10887K, paused 2ms+2ms
07-26 12:56:59.749   761   763 D dalvikvm: GC_CONCURRENT freed 398K, 12% free 9596K/10887K, paused 1ms+2ms
07-26 12:56:59.870   761   763 D dalvikvm: GC_CONCURRENT freed 421K, 12% free 9588K/10887K, paused 1ms+2ms
07-26 12:57:00.327   761   763 D dalvikvm: GC_CONCURRENT freed 389K, 12% free 9585K/10887K, paused 2ms+2ms
07-26 12:57:02.214   761   763 D dalvikvm: GC_CONCURRENT freed 377K, 12% free 9602K/10887K, paused 2ms+3ms
07-26 12:57:02.464   761   763 D dalvikvm: GC_CONCURRENT freed 428K, 12% free 9602K/10887K, paused 2ms+2ms
07-26 12:57:02.866   761   763 D dalvikvm: GC_CONCURRENT freed 323K, 11% free 9712K/10887K, paused 12ms+2ms
07-26 12:57:02.945   761   763 D dalvikvm: GC_CONCURRENT freed 446K, 11% free 9700K/10887K, paused 2ms+2ms
07-26 12:57:03.011   761   763 D dalvikvm: GC_CONCURRENT freed 396K, 10% free 9803K/10887K, paused 2ms+2ms
07-26 12:57:03.066   761  1007 D dalvikvm: GC_FOR_ALLOC freed 397K, 11% free 9708K/10887K, paused 15ms
07-26 12:57:03.128   761   763 D dalvikvm: GC_CONCURRENT freed 411K, 11% free 9709K/10887K, paused 1ms+2ms
07-26 12:57:03.195   761   763 D dalvikvm: GC_CONCURRENT freed 418K, 11% free 9710K/10887K, paused 2ms+2ms
07-26 12:57:03.265   761   763 D dalvikvm: GC_CONCURRENT freed 433K, 11% free 9717K/10887K, paused 1ms+2ms
07-26 12:57:03.335   761   763 D dalvikvm: GC_CONCURRENT freed 382K, 11% free 9720K/10887K, paused 2ms+2ms
07-26 12:57:03.417   761   763 D dalvikvm: GC_CONCURRENT freed 456K, 11% free 9726K/10887K, paused 2ms+3ms
07-26 12:57:03.804   761  1007 D dalvikvm: GC_EXPLICIT freed 531K, 13% free 9560K/10887K, paused 2ms+11ms
07-26 12:57:03.816   761  1007 I Gmail   : MainSyncRequestProto: lowestBkwdConvoId: 0, highestHandledServerOp: 4208534, normalSync: true
07-26 12:57:05.230   761   763 D dalvikvm: GC_CONCURRENT freed 360K, 12% free 9599K/10887K, paused 2ms+2ms
07-26 12:57:05.335   761   763 D dalvikvm: GC_CONCURRENT freed 430K, 12% free 9587K/10887K, paused 2ms+3ms
07-26 12:57:05.773   761   763 D dalvikvm: GC_CONCURRENT freed 387K, 12% free 9592K/10887K, paused 2ms+2ms
07-26 12:57:06.042   761   763 D dalvikvm: GC_CONCURRENT freed 392K, 12% free 9591K/10887K, paused 2ms+3ms
07-26 12:57:06.445   761   763 D dalvikvm: GC_CONCURRENT freed 384K, 12% free 9629K/10887K, paused 2ms+3ms
07-26 12:57:06.781   761   763 D dalvikvm: GC_CONCURRENT freed 430K, 12% free 9665K/10887K, paused 1ms+2ms
07-26 12:57:06.859   761   763 D dalvikvm: GC_CONCURRENT freed 406K, 11% free 9705K/10887K, paused 2ms+2ms
07-26 12:57:07.202   761   763 D dalvikvm: GC_CONCURRENT freed 495K, 12% free 9604K/10887K, paused 2ms+2ms
07-26 12:57:07.538   761  1007 D dalvikvm: GC_EXPLICIT freed 116K, 13% free 9560K/10887K, paused 2ms+3ms
07-26 12:57:07.550   761  1007 I Gmail   : MainSyncRequestProto: lowestBkwdConvoId: 0, highestHandledServerOp: 4208540, normalSync: true
07-26 12:57:07.566   761  1007 W Gmail   : Scheduling index for 300000 ms from now
07-26 12:57:07.589   761  1007 I Gmail   : Sending notification intent: Intent { act=android.intent.action.PROVIDER_CHANGED dat=content://gmail-ls/unread/^i (has extras) }
07-26 12:57:07.648   761  1048 W Gmail   : Showing notification with unreadCount of 108 and unseenCount of 108
07-26 12:57:07.648   761  1007 I Gmail   : Sending notification intent: Intent { act=android.intent.action.PROVIDER_CHANGED dat=content://gmail-ls/unread/^iim (has extras) }
07-26 12:57:07.730   141  1050 I AudioService:  AudioFocus  requestAudioFocus() from android.media.AudioManager@41538a30
07-26 12:57:07.753    82   122 D AudioHardware: AudioHardware pcm playback is exiting standby.
07-26 12:57:07.753    82   122 D AudioHardware: openPcmOut_l() mPcmOpenCnt: 0
07-26 12:57:07.882   141   961 I ActivityManager: No longer want com.android.voicedialer (pid 877): hidden #16
07-26 12:57:07.890   212   214 D dalvikvm: GC_CONCURRENT freed 274K, 7% free 10168K/10887K, paused 2ms+3ms
07-26 12:57:08.015   141   165 I ActivityManager: Start proc com.google.android.syncadapters.calendar for service com.google.android.syncadapters.calendar/.CalendarSyncAdapterService: pid=1055 uid=10020 gids={3003}
07-26 12:57:08.113   212   214 D dalvikvm: GC_CONCURRENT freed 491K, 7% free 10145K/10887K, paused 2ms+1ms
07-26 12:57:08.273   141   165 D dalvikvm: GC_EXPLICIT freed 711K, 10% free 13089K/14471K, paused 3ms+14ms
07-26 12:57:08.550   301   303 D dalvikvm: GC_CONCURRENT freed 445K, 6% free 9357K/9927K, paused 2ms+3ms
07-26 12:57:08.726   301  1074 I DownloadManager: Initiating request for download 653
07-26 12:57:09.335   301   303 D dalvikvm: GC_CONCURRENT freed 364K, 5% free 9441K/9927K, paused 3ms+3ms
07-26 12:57:09.429  1055  1058 D dalvikvm: GC_CONCURRENT freed 294K, 5% free 9183K/9607K, paused 7ms+2ms
07-26 12:57:09.636   141  1050 I AudioService:  AudioFocus  abandonAudioFocus() from android.media.AudioManager@41538a30
07-26 12:57:10.699   761  1082 E Gmail   : No attachments found with downloadId 653
07-26 12:57:10.734   301  1083 I DownloadManager: Initiating request for download 653
07-26 12:57:10.738   301  1083 W DownloadManager: Aborting request for download 653: Trying to resume a download that can't be resumed
07-26 12:57:10.796   301   303 D dalvikvm: GC_CONCURRENT freed 438K, 6% free 9424K/9991K, paused 2ms+2ms
07-26 12:57:11.093   141   153 I ActivityManager: No longer want com.android.deskclock (pid 531): hidden #16
07-26 12:57:11.581   277   280 D dalvikvm: GC_CONCURRENT freed 344K, 7% free 10166K/10823K, paused 2ms+3ms
07-26 12:57:12.722    82   122 D AudioHardware: AudioHardware pcm playback is going to standby.
07-26 12:57:12.722    82   122 D AudioHardware: closePcmOut_l() mPcmOpenCnt: 1
07-26 12:57:12.769   440   442 D dalvikvm: GC_CONCURRENT freed 399K, 6% free 9460K/9991K, paused 2ms+3ms
07-26 12:57:13.148   440   442 D dalvikvm: GC_CONCURRENT freed 284K, 5% free 9576K/9991K, paused 2ms+3ms
07-26 12:57:14.156   277   280 D dalvikvm: GC_CONCURRENT freed 387K, 6% free 10186K/10823K, paused 2ms+3ms
07-26 12:57:14.171   141   486 I ActivityManager: Start proc com.android.browser for content provider com.android.browser/.provider.BrowserProvider2: pid=1091 uid=10003 gids={3003, 1015}
07-26 12:57:14.183   141   392 I ActivityManager: No longer want com.android.settings (pid 414): hidden #16
07-26 12:57:14.249  1091  1091 I ActivityThread: Pub com.android.browser;browser: com.android.browser.provider.BrowserProvider2
07-26 12:57:14.257  1091  1091 I ActivityThread: Pub com.android.browser.home: com.android.browser.homepages.HomeProvider
07-26 12:57:14.257  1091  1091 I ActivityThread: Pub com.android.browser.snapshots: com.android.browser.provider.SnapshotProvider
07-26 12:57:15.874   277   280 D dalvikvm: GC_CONCURRENT freed 280K, 5% free 10292K/10823K, paused 2ms+3ms
07-26 12:57:15.976   942  1116 D PicasaSyncService: start to perform sync on drqiao02@gmail.com
07-26 12:57:15.984   942   955 V PicasaContentProvider: querySettings: defaults: {sync_on_wifi_only=1, auto_upload_account_type=null, sync_on_battery=1, sync_picasa_on_wifi_only=1, auto_upload_enabled=0, video_upload_wifi_only=1, sync_on_roaming=0, auto_upload_account_name=null}
07-26 12:57:15.984   942   955 D PicasaSyncManager: reject MetadataSyncTask (drqiao02@gmail.com) for wifi connection
07-26 12:57:15.991   942  1116 D PicasaSyncService: sync finished - false
07-26 12:57:16.011   942   955 V PicasaContentProvider: querySettings: defaults: {sync_on_wifi_only=1, auto_upload_account_type=null, sync_on_battery=1, sync_picasa_on_wifi_only=1, auto_upload_enabled=0, video_upload_wifi_only=1, sync_on_roaming=0, auto_upload_account_name=null}
07-26 12:57:16.011   942   955 D PicasaSyncManager: reject MetadataSyncTask (drqiao02@gmail.com) for wifi connection
07-26 12:57:16.034   761  1117 I Gmail   : MainSyncRequestProto: lowestBkwdConvoId: 0, highestHandledServerOp: 4208540, normalSync: true
07-26 12:57:16.667   761   763 D dalvikvm: GC_CONCURRENT freed 356K, 12% free 9610K/10887K, paused 2ms+3ms
07-26 12:57:17.085   761  1117 D dalvikvm: GC_EXPLICIT freed 189K, 12% free 9582K/10887K, paused 2ms+2ms
07-26 12:57:17.097   761  1117 I Gmail   : MainSyncRequestProto: lowestBkwdConvoId: 0, highestHandledServerOp: 4208569, normalSync: true
07-26 12:57:17.741   761  1117 D dalvikvm: GC_EXPLICIT freed 289K, 12% free 9609K/10887K, paused 26ms+3ms
07-26 12:57:17.749   761  1117 I Gmail   : MainSyncRequestProto: lowestBkwdConvoId: 0, highestHandledServerOp: 4208569, normalSync: true
07-26 12:57:17.761   761  1117 W Gmail   : Scheduling index for 300000 ms from now
07-26 12:57:18.507   761  1117 I Gmail   : Sending notification intent: Intent { act=android.intent.action.PROVIDER_CHANGED dat=content://gmail-ls/unread/^i (has extras) }
07-26 12:57:18.534   761  1118 W Gmail   : Showing notification with unreadCount of 109 and unseenCount of 109
07-26 12:57:19.441   141   153 D dalvikvm: GC_EXPLICIT freed 655K, 10% free 13128K/14471K, paused 3ms+5ms
07-26 12:57:19.812   301   303 D dalvikvm: GC_CONCURRENT freed 391K, 6% free 9475K/9991K, paused 2ms+15ms
07-26 12:57:20.054   301   303 D dalvikvm: GC_CONCURRENT freed 402K, 6% free 9464K/9991K, paused 1ms+3ms
07-26 12:57:20.132   301  1123 I DownloadManager: Initiating request for download 654
07-26 12:57:20.796   440   442 D dalvikvm: GC_CONCURRENT freed 448K, 6% free 9543K/10119K, paused 2ms+2ms
07-26 12:57:21.355   301   303 D dalvikvm: GC_CONCURRENT freed 414K, 6% free 9460K/9991K, paused 2ms+2ms
07-26 12:57:21.480   761  1129 E Gmail   : No attachments found with downloadId 654
07-26 12:57:21.597  1055  1058 D dalvikvm: GC_CONCURRENT freed 352K, 5% free 9252K/9735K, paused 2ms+6ms
07-26 12:59:24.023   141   152 D AlarmManagerService: Kernel timezone updated to 240 minutes west of GMT
07-26 13:00:22.265   141   152 D AlarmManagerService: Kernel timezone updated to 240 minutes west of GMT
07-26 13:00:23.090   141   371 D AlarmManagerService: Kernel timezone updated to 240 minutes west of GMT
07-26 13:00:28.199   761  1136 I Gmail   : MainSyncRequestProto: lowestBkwdConvoId: 0, highestHandledServerOp: 4208569, normalSync: true
07-26 13:00:29.097   761   763 D dalvikvm: GC_CONCURRENT freed 397K, 12% free 9618K/10887K, paused 2ms+3ms
07-26 13:00:29.183   761  1136 D dalvikvm: GC_EXPLICIT freed 122K, 12% free 9585K/10887K, paused 2ms+3ms
07-26 13:00:29.195   761  1136 I Gmail   : MainSyncRequestProto: lowestBkwdConvoId: 0, highestHandledServerOp: 4208593, normalSync: true
07-26 13:00:30.293   761  1136 D dalvikvm: GC_EXPLICIT freed 163K, 12% free 9609K/10887K, paused 4ms+2ms
07-26 13:00:30.300   761  1136 I Gmail   : MainSyncRequestProto: lowestBkwdConvoId: 0, highestHandledServerOp: 4208593, normalSync: true
07-26 13:00:30.312   761  1136 W Gmail   : Scheduling index for 300000 ms from now
07-26 13:00:30.347   761  1136 I Gmail   : Sending notification intent: Intent { act=android.intent.action.PROVIDER_CHANGED dat=content://gmail-ls/unread/^i (has extras) }
07-26 13:00:30.382   761  1137 W Gmail   : Showing notification with unreadCount of 110 and unseenCount of 110
07-26 13:00:30.480   212   214 D dalvikvm: GC_CONCURRENT freed 357K, 7% free 10192K/10887K, paused 2ms+6ms
07-26 13:00:30.769   301   303 D dalvikvm: GC_CONCURRENT freed 377K, 5% free 9495K/9991K, paused 1ms+3ms
07-26 13:00:31.007   301  1139 I DownloadManager: Initiating request for download 655
07-26 13:00:31.039   301   303 D dalvikvm: GC_CONCURRENT freed 301K, 5% free 9638K/10055K, paused 3ms+6ms
07-26 13:00:33.539   301   303 D dalvikvm: GC_CONCURRENT freed 455K, 6% free 9607K/10183K, paused 3ms+3ms
07-26 13:00:33.605   761  1143 E Gmail   : No attachments found with downloadId 655
07-26 13:00:33.636   301  1144 I DownloadManager: Initiating request for download 655
07-26 13:00:33.636   301  1144 W DownloadManager: Aborting request for download 655: Trying to resume a download that can't be resumed
07-26 13:00:33.855   301   303 D dalvikvm: GC_CONCURRENT freed 377K, 5% free 9686K/10183K, paused 4ms+6ms
07-26 13:02:07.351   845   845 I PhoneLab-Locks: wake lock acquired
07-26 13:02:07.386   845   845 I PhoneLab-StatusMonitor: Status Monitoring is started
07-26 13:02:07.457   845   847 D dalvikvm: GC_CONCURRENT freed 436K, 6% free 9292K/9799K, paused 1ms+2ms
07-26 13:02:07.457   845   845 I PhoneLab-StatusMonitor: Value: 10 - unit: min
07-26 13:02:07.461   845   845 I PhoneLab-StatusMonitor: Running interval: 600000
07-26 13:02:07.464   845   845 I PhoneLab-StatusMonitor: Rescheduling status monitoring...
07-26 13:02:07.468   845   845 I PhoneLab-Locks: wake lock released
07-26 13:02:48.011   845   845 I PhoneLab-StatusMonitorLocation: Learning Location
07-26 13:02:48.011   845   845 I PhoneLab-Locks: wake lock acquired
07-26 13:02:48.027   845   845 I PhoneLab-Locks: wake lock acquired
07-26 13:02:48.031   845   845 I PhoneLab-StatusMonitorLocation: Learning Signal Strgth
07-26 13:02:48.031   845   845 I PhoneLab-Locks: wake lock acquired
07-26 13:02:48.035   277   572 D androidNetworkLocationListeners: Still have listener com.google.android.location.internal.client.NetworkLocationClient$1@413a05f8
07-26 13:02:48.043   277   572 D androidNetworkLocationListeners: Still have listener com.google.android.location.internal.client.NetworkLocationClient$1@413a05f8
07-26 13:02:48.050   845   845 I PhoneLab-StatusMonitorBattery: Battery_level: 92
07-26 13:02:48.050   845   845 I PhoneLab-Locks: wake lock released
07-26 13:02:48.054   845   845 I PhoneLab-StatusMonitorSignal: Signal_Strength: -86 asu: 14
07-26 13:02:48.054   845   845 I PhoneLab-Locks: wake lock released
07-26 13:02:48.636   277   623 D WifiLocator: Too many cache  misses. Need server request. hasLocation=0 noLocation=0 cacheMiss=1
07-26 13:02:48.640   277   623 D NetworkLocator: New location significantly newer than previous. Reporting it.
07-26 13:02:48.664   845   845 I PhoneLab-StatusMonitorLocation: Location_Latitude: 42.9862727 Longitude: -78.6937743 Accuracy: 2401.0
07-26 13:02:48.664   277   572 D androidNetworkLocationListeners: Still have listener com.google.android.location.internal.client.NetworkLocationClient$1@413a05f8
07-26 13:02:48.668   845   845 I PhoneLab-Locks: wake lock released
07-26 13:02:48.668   277   594 I System.out: [INFO:659843]: LogSource: Running flush
07-26 13:02:48.683   277   595 I System.out: [INFO:659858]: LogSource: Sending payload [bytes=364]
07-26 13:02:49.203   277   623 D WifiLocator: Too many cache  misses. Need server request. hasLocation=0 noLocation=0 cacheMiss=2
07-26 13:02:50.488   277   280 D dalvikvm: GC_CONCURRENT freed 396K, 5% free 10386K/10887K, paused 2ms+3ms
07-26 13:02:51.339   277   595 I System.out: [INFO:662510]: LogSource: Response [http=200,length=114]
07-26 13:02:51.351   277   594 I System.out: [INFO:662525]: LogSource: Read id 1, status code 200
07-26 13:02:51.375   277   623 D WifiLocator: Too many no-location APs. Will not compute a location nor go to the server. hasLocation=0 noLocation=0 cacheMiss=0
07-26 13:06:32.070   141   143 D dalvikvm: GC_CONCURRENT freed 857K, 9% free 13204K/14471K, paused 4ms+7ms
07-26 13:06:32.129   141   171 D dalvikvm: GC_EXPLICIT freed 78K, 10% free 13125K/14471K, paused 3ms+4ms
07-26 13:06:34.160   761   763 D dalvikvm: GC_CONCURRENT freed 351K, 12% free 9643K/10887K, paused 2ms+3ms
07-26 13:06:34.293   845   991 I PhoneLab-: Service Running
07-26 13:06:34.328   845   991 I PhoneLab-LoggerService: app_38    995   845   1428   1056  c00f181c 400107b4 S logcat
07-26 13:06:34.328   845   991 I PhoneLab-LoggerService: Logcat pid from database 995
07-26 13:06:34.328   845   991 I PhoneLab-LoggerService: Logcat process found 995
07-26 13:06:34.328   845   991 I PhoneLab-LoggerService: Checking Threshold
07-26 13:06:34.328   845   991 I PhoneLab-LoggerService: Starting to rename files
07-26 13:06:34.328   845   991 I PhoneLab-LoggerService: Files found .. 2
07-26 13:06:34.332   845   991 I PhoneLab-: Service Running
07-26 13:06:34.355   845   991 I PhoneLab-LoggerService: app_38    995   845   1428   1056  c00f181c 400107b4 S logcat
07-26 13:06:34.359   845   991 I PhoneLab-LoggerService: Logcat pid from database 995
07-26 13:06:34.359   845   991 I PhoneLab-LoggerService: Logcat process found 995
07-26 13:06:34.359   845   991 I PhoneLab-LoggerService: Checking Threshold
07-26 13:06:34.359   845   991 I PhoneLab-LoggerService: Starting to rename files
07-26 13:06:34.359   845   991 I PhoneLab-LoggerService: Files found .. 2
07-26 13:06:34.359   845   991 I PhoneLab-: Service Running
07-26 13:06:34.390   845   991 I PhoneLab-LoggerService: app_38    995   845   1428   1056  c00f181c 400107b4 S logcat
07-26 13:06:34.390   845   991 I PhoneLab-LoggerService: Logcat pid from database 995
07-26 13:06:34.390   845   991 I PhoneLab-LoggerService: Logcat process found 995
07-26 13:06:34.390   845   991 I PhoneLab-LoggerService: Checking Threshold
07-26 13:06:34.394   845   991 I PhoneLab-LoggerService: Starting to rename files
07-26 13:06:34.394   845   991 I PhoneLab-LoggerService: Files found .. 2
07-26 13:06:34.394   845   991 I PhoneLab-: Service Running
07-26 13:06:34.425   845   991 I PhoneLab-LoggerService: app_38    995   845   1428   1056  c00f181c 400107b4 S logcat
07-26 13:06:34.425   845   991 I PhoneLab-LoggerService: Logcat pid from database 995
07-26 13:06:34.425   845   991 I PhoneLab-LoggerService: Logcat process found 995
07-26 13:06:34.425   845   991 I PhoneLab-LoggerService: Checking Threshold
07-26 13:06:34.425   845   991 I PhoneLab-LoggerService: Starting to rename files
07-26 13:06:34.425   845   991 I PhoneLab-LoggerService: Files found .. 2
07-26 13:06:34.429   845   991 I PhoneLab-: Service Running
07-26 13:06:34.461   845   991 I PhoneLab-LoggerService: app_38    995   845   1428   1056  c00f181c 400107b4 S logcat
07-26 13:06:34.461   845   991 I PhoneLab-LoggerService: Logcat pid from database 995
07-26 13:06:34.461   845   991 I PhoneLab-LoggerService: Logcat process found 995
07-26 13:06:34.461   845   991 I PhoneLab-LoggerService: Checking Threshold
07-26 13:06:34.461   845   991 I PhoneLab-LoggerService: Starting to rename files
07-26 13:06:34.465   845   991 I PhoneLab-LoggerService: Files found .. 2
07-26 13:07:33.203   761  1162 I Gmail   : MainSyncRequestProto: lowestBkwdConvoId: 0, highestHandledServerOp: 4208593, normalSync: true
07-26 13:07:33.449   625   627 D dalvikvm: GC_CONCURRENT freed 378K, 5% free 10219K/10695K, paused 2ms+7ms
07-26 13:07:42.121   141   395 D AlarmManagerService: Kernel timezone updated to 240 minutes west of GMT
07-26 13:07:42.152   357   357 D SystemClock: Setting time of day to sec=1343322461
07-26 13:07:41.374   141   961 I ActivityManager: Start proc com.android.deskclock for broadcast com.android.deskclock/.AlarmInitReceiver: pid=1164 uid=10011 gids={}
07-26 13:07:42.393  1164  1164 I ActivityThread: Pub com.android.deskclock: com.android.deskclock.AlarmProvider
07-26 13:07:42.573  1164  1177 V AlarmClock: AlarmInitReceiver finished
07-26 13:08:50.358   761  1162 E Gmail   : IOException: SSL handshake timed out
07-26 13:08:50.421   141   165 D SyncManager: failed sync operation drqiao02@gmail.com (com.google), gmail-ls, SERVER, earliestRunTime 968497, SyncResult: stats [ numIoExceptions: 1]
07-26 13:08:50.425   141   438 I ActivityManager: No longer want com.google.android.apps.maps:FriendService (pid 894): hidden #16
07-26 13:08:50.561   301   303 D dalvikvm: GC_CONCURRENT freed 355K, 5% free 9764K/10247K, paused 2ms+5ms
07-26 13:08:53.465   301   303 D dalvikvm: GC_CONCURRENT freed 758K, 9% free 9434K/10311K, paused 1ms+2ms
07-26 13:08:53.566   301  1182 I DownloadManager: Initiating request for download 656
07-26 13:08:55.328   301   303 D dalvikvm: GC_CONCURRENT freed 378K, 9% free 9460K/10311K, paused 18ms+3ms
07-26 13:08:56.507   761   763 D dalvikvm: GC_CONCURRENT freed 445K, 12% free 9583K/10887K, paused 2ms+2ms
07-26 13:08:56.515   301  1187 I DownloadManager: Initiating request for download 656
07-26 13:08:56.523   301  1187 W DownloadManager: Aborting request for download 656: Trying to resume a download that can't be resumed
07-26 13:08:56.590   301   303 D dalvikvm: GC_CONCURRENT freed 414K, 9% free 9434K/10311K, paused 1ms+2ms
07-26 13:08:56.609   761  1186 E Gmail   : No attachments found with downloadId 656
07-26 13:08:56.738   141   143 D dalvikvm: GC_CONCURRENT freed 833K, 9% free 13200K/14471K, paused 16ms+4ms
07-26 13:09:21.453   761  1193 I Gmail   : MainSyncRequestProto: lowestBkwdConvoId: 0, highestHandledServerOp: 4208593, normalSync: true
07-26 13:09:22.828   845   991 I PhoneLab-: Service Running
07-26 13:09:22.910   845   991 I PhoneLab-LoggerService: app_38    995   845   1428   1052  c00f181c 400107b4 S logcat
07-26 13:09:22.910   845   991 I PhoneLab-LoggerService: Logcat pid from database 995
07-26 13:09:22.910   845   991 I PhoneLab-LoggerService: Logcat process found 995
07-26 13:09:22.910   845   991 I PhoneLab-LoggerService: Checking Threshold
07-26 13:09:22.910   845   991 I PhoneLab-LoggerService: Starting to rename files
07-26 13:09:22.910   845   991 I PhoneLab-LoggerService: Files found .. 2
07-26 13:09:44.707   761   763 D dalvikvm: GC_CONCURRENT freed 373K, 12% free 9617K/10887K, paused 2ms+3ms
07-26 13:09:44.816   761  1193 D dalvikvm: GC_EXPLICIT freed 169K, 12% free 9610K/10887K, paused 2ms+3ms
07-26 13:09:44.828   761  1193 I Gmail   : MainSyncRequestProto: lowestBkwdConvoId: 0, highestHandledServerOp: 4208621, normalSync: true
07-26 13:09:46.972   761  1193 D dalvikvm: GC_EXPLICIT freed 267K, 12% free 9634K/10887K, paused 1ms+3ms
07-26 13:09:46.980   761  1193 I Gmail   : MainSyncRequestProto: lowestBkwdConvoId: 0, highestHandledServerOp: 4208621, normalSync: true
07-26 13:09:46.992   761  1193 W Gmail   : Scheduling index for 300000 ms from now
07-26 13:09:47.015   761  1193 I Gmail   : Sending notification intent: Intent { act=android.intent.action.PROVIDER_CHANGED dat=content://gmail-ls/unread/^i (has extras) }
07-26 13:09:47.105   761  1195 D dalvikvm: GC_EXPLICIT freed 164K, 12% free 9638K/10887K, paused 10ms+3ms
07-26 13:09:47.109   761  1195 W Gmail   : Showing notification with unreadCount of 111 and unseenCount of 111
07-26 13:09:47.410   301   303 D dalvikvm: GC_CONCURRENT freed 356K, 9% free 9474K/10311K, paused 4ms+2ms
07-26 13:09:47.582   301   303 D dalvikvm: GC_CONCURRENT freed 405K, 9% free 9466K/10311K, paused 2ms+3ms
07-26 13:09:47.668   301  1197 I DownloadManager: Initiating request for download 657
07-26 13:09:50.281   212   214 D dalvikvm: GC_CONCURRENT freed 394K, 7% free 10190K/10887K, paused 17ms+8ms
07-26 13:09:50.429   301   303 D dalvikvm: GC_CONCURRENT freed 387K, 9% free 9467K/10311K, paused 7ms+4ms
07-26 13:09:55.214   761  1201 E Gmail   : No attachments found with downloadId 657
07-26 13:11:37.156   761  1203 I Gmail   : MainSyncRequestProto: lowestBkwdConvoId: 0, highestHandledServerOp: 4208621, normalSync: true
07-26 13:11:38.027   761  1203 D dalvikvm: GC_EXPLICIT freed 318K, 12% free 9646K/10887K, paused 2ms+2ms
07-26 13:11:38.039   761  1203 I Gmail   : MainSyncRequestProto: lowestBkwdConvoId: 0, highestHandledServerOp: 4208648, normalSync: true
07-26 13:11:39.476   761   763 D dalvikvm: GC_CONCURRENT freed 183K, 10% free 9892K/10887K, paused 1ms+2ms
07-26 13:11:39.656   761  1203 D dalvikvm: GC_EXPLICIT freed 407K, 12% free 9633K/10887K, paused 4ms+3ms
07-26 13:11:39.664   761  1203 I Gmail   : MainSyncRequestProto: lowestBkwdConvoId: 0, highestHandledServerOp: 4208648, normalSync: true
07-26 13:11:39.675   761  1203 W Gmail   : Scheduling index for 300000 ms from now
07-26 13:11:39.847   761  1203 I Gmail   : Sending notification intent: Intent { act=android.intent.action.PROVIDER_CHANGED dat=content://gmail-ls/unread/^i (has extras) }
07-26 13:11:39.879   761  1204 W Gmail   : Showing notification with unreadCount of 112 and unseenCount of 112
07-26 13:11:40.101   845   991 I PhoneLab-: Service Running
07-26 13:11:40.179   845   991 I PhoneLab-LoggerService: app_38    995   845   1428   1052  c00f181c 400107b4 S logcat
07-26 13:11:40.179   845   991 I PhoneLab-LoggerService: Logcat pid from database 995
07-26 13:11:40.183   845   991 I PhoneLab-LoggerService: Logcat process found 995
07-26 13:11:40.183   845   991 I PhoneLab-LoggerService: Checking Threshold
07-26 13:11:40.183   845   991 I PhoneLab-LoggerService: Starting to rename files
07-26 13:11:40.183   845   991 I PhoneLab-LoggerService: Files found .. 2
07-26 13:11:40.226   845   847 D dalvikvm: GC_CONCURRENT freed 575K, 8% free 9159K/9863K, paused 2ms+2ms
07-26 13:11:40.277   301   303 D dalvikvm: GC_CONCURRENT freed 386K, 9% free 9469K/10311K, paused 2ms+2ms
07-26 13:11:40.449   301   303 D dalvikvm: GC_CONCURRENT freed 260K, 7% free 9595K/10311K, paused 1ms+6ms
07-26 13:11:40.597   141   369 D dalvikvm: GC_EXPLICIT freed 546K, 9% free 13205K/14471K, paused 2ms+6ms
07-26 13:11:40.609   301  1207 I DownloadManager: Initiating request for download 658
07-26 13:11:41.777   301   303 D dalvikvm: GC_CONCURRENT freed 372K, 7% free 9637K/10311K, paused 7ms+2ms
07-26 13:11:42.566   301   316 D dalvikvm: GC_EXPLICIT freed 445K, 9% free 9425K/10311K, paused 2ms+3ms
07-26 13:11:42.574   761  1210 E Gmail   : No attachments found with downloadId 658
07-26 13:11:42.597   301  1211 I DownloadManager: Initiating request for download 658
07-26 13:11:42.597   301  1211 W DownloadManager: Aborting request for download 658: Trying to resume a download that can't be resumed
07-26 13:11:42.972   301   303 D dalvikvm: GC_CONCURRENT freed 304K, 8% free 9508K/10311K, paused 1ms+3ms
07-26 13:11:43.265   301   303 D dalvikvm: GC_CONCURRENT freed 302K, 7% free 9603K/10311K, paused 1ms+6ms
07-26 13:12:06.472   845   845 I PhoneLab-Locks: wake lock acquired
07-26 13:12:06.500   845   845 I PhoneLab-StatusMonitor: Status Monitoring is started
07-26 13:12:06.574   845   847 D dalvikvm: GC_CONCURRENT freed 337K, 7% free 9230K/9863K, paused 3ms+6ms
07-26 13:12:06.589   845   845 I PhoneLab-StatusMonitor: Value: 10 - unit: min
07-26 13:12:06.593   845   845 I PhoneLab-StatusMonitor: Running interval: 600000
07-26 13:12:06.601   845   845 I PhoneLab-StatusMonitor: Rescheduling status monitoring...
07-26 13:12:06.601   845   845 I PhoneLab-Locks: wake lock released
07-26 13:12:06.781   845   845 I PhoneLab-StatusMonitorLocation: Learning Location
07-26 13:12:06.781   845   845 I PhoneLab-Locks: wake lock acquired
07-26 13:12:06.785   845   845 I PhoneLab-Locks: wake lock acquired
07-26 13:12:06.789   845   845 I PhoneLab-StatusMonitorLocation: Learning Signal Strgth
07-26 13:12:06.789   845   845 I PhoneLab-Locks: wake lock acquired
07-26 13:12:06.793   277   572 D androidNetworkLocationListeners: Still have listener com.google.android.location.internal.client.NetworkLocationClient$1@413a05f8
07-26 13:12:06.804   277   572 D androidNetworkLocationListeners: Still have listener com.google.android.location.internal.client.NetworkLocationClient$1@413a05f8
07-26 13:12:06.808   277   623 D WifiLocator: Too many cache  misses. Need server request. hasLocation=0 noLocation=0 cacheMiss=3
07-26 13:12:06.808   845   845 I PhoneLab-StatusMonitorBattery: Battery_level: 91
07-26 13:12:06.808   845   845 I PhoneLab-Locks: wake lock released
07-26 13:12:06.808   277   623 D NetworkLocator: New location significantly newer than previous. Reporting it.
07-26 13:12:06.812   845   845 I PhoneLab-StatusMonitorSignal: Signal_Strength: -65 asu: 24
07-26 13:12:06.812   845   845 I PhoneLab-Locks: wake lock released
07-26 13:12:06.832   277   594 I System.out: [INFO:1218006]: LogSource: Running flush
07-26 13:12:06.836   277   597 I System.out: [INFO:1218008]: LogSource: Sending payload [bytes=430]
07-26 13:12:06.843   277   572 D androidNetworkLocationListeners: Still have listener com.google.android.location.internal.client.NetworkLocationClient$1@413a05f8
07-26 13:12:06.843   845   845 I PhoneLab-StatusMonitorLocation: Location_Latitude: 42.9862078 Longitude: -78.6938079 Accuracy: 2380.0
07-26 13:12:06.847   845   845 I PhoneLab-Locks: wake lock released
07-26 13:12:06.863   141   395 D AlarmManagerService: Kernel timezone updated to 240 minutes west of GMT
07-26 13:12:07.390   277   623 D WifiLocator: Too many cache  misses. Need server request. hasLocation=0 noLocation=0 cacheMiss=1
07-26 13:12:09.797   277   597 I System.out: [INFO:1220969]: LogSource: Response [http=200,length=181]
07-26 13:12:09.800   277   594 I System.out: [INFO:1220975]: LogSource: Read id 2, status code 200
07-26 13:12:09.836   277   623 D WifiLocator: Too many no-location APs. Will not compute a location nor go to the server. hasLocation=0 noLocation=0 cacheMiss=0
07-26 13:12:09.882   277   280 D dalvikvm: GC_CONCURRENT freed 429K, 6% free 10388K/10951K, paused 4ms+3ms
07-26 13:21:23.703   141   171 I ActivityManager: Start proc com.google.android.apps.maps for service com.google.android.apps.maps/com.google.googlenav.prefetch.android.PrefetcherService: pid=1222 uid=10056 gids={3003, 1015}
07-26 13:21:23.867  1222  1224 D dalvikvm: GC_CONCURRENT freed 163K, 3% free 9373K/9607K, paused 2ms+2ms
07-26 13:21:23.964  1222  1222 I ActivityThread: Pub com.google.android.maps.LayerInfoProvider: com.google.googlenav.layer.LayerInfoProvider
07-26 13:21:23.980  1222  1222 I ActivityThread: Pub com.google.android.maps.TrafficAppWidgetProvider: com.google.googlenav.appwidget.traffic.TrafficAppWidgetProvider
07-26 13:21:23.980  1222  1222 I ActivityThread: Pub com.google.android.maps.LocalActivePlacesProvider: com.google.googlenav.provider.LocalActivePlacesProvider
07-26 13:21:23.988  1222  1222 I ActivityThread: Pub com.google.android.maps.StarredItemProvider: com.google.googlenav.provider.StarredItemProvider
07-26 13:21:24.136  1222  1224 D dalvikvm: GC_CONCURRENT freed 190K, 4% free 9665K/9991K, paused 1ms+2ms
07-26 13:21:24.300   761   763 D dalvikvm: GC_CONCURRENT freed 358K, 12% free 9660K/10887K, paused 2ms+2ms
07-26 13:21:32.203   845   991 I PhoneLab-: Service Running
07-26 13:21:32.246  1222  1222 I ActivityThread: Pub com.google.android.maps.LocalSuggestionProvider: com.google.googlenav.provider.LocalSuggestionProvider
07-26 13:21:32.246  1222  1222 I ActivityThread: Pub com.google.android.maps.SearchHistoryProvider: com.google.googlenav.provider.SearchHistoryProvider
07-26 13:21:32.246  1222  1222 I ActivityThread: Pub com.google.android.maps.NavigationAvailabilityProvider: com.google.googlenav.provider.NavigationAvailabilityProvider
07-26 13:21:32.246  1222  1222 I ActivityThread: Pub com.google.android.maps.SuggestionProvider: com.google.googlenav.suggest.android.SuggestContentProvider
07-26 13:21:32.285   845   991 I PhoneLab-LoggerService: app_38    995   845   1428   1052  c00f181c 400107b4 S logcat
07-26 13:21:32.285   845   991 I PhoneLab-LoggerService: Logcat pid from database 995
07-26 13:21:32.285   845   991 I PhoneLab-LoggerService: Logcat process found 995
07-26 13:21:32.289   845   991 I PhoneLab-LoggerService: Checking Threshold
07-26 13:21:32.289   845   991 I PhoneLab-LoggerService: Starting to rename files
07-26 13:21:32.289   845   991 I PhoneLab-LoggerService: Files found .. 2
07-26 13:21:32.289   845   991 I PhoneLab-: Service Running
07-26 13:21:32.343  1222  1224 D dalvikvm: GC_CONCURRENT freed 222K, 3% free 10013K/10311K, paused 2ms+3ms
07-26 13:21:32.414   845   991 I PhoneLab-LoggerService: app_38    995   845   1428   1052  c00f181c 400107b4 S logcat
07-26 13:21:32.418   845   991 I PhoneLab-LoggerService: Logcat pid from database 995
07-26 13:21:32.418   845   991 I PhoneLab-LoggerService: Logcat process found 995
07-26 13:21:32.418   845   991 I PhoneLab-LoggerService: Checking Threshold
07-26 13:21:32.418   845   991 I PhoneLab-LoggerService: Starting to rename files
07-26 13:21:32.418   845   991 I PhoneLab-LoggerService: Files found .. 2
07-26 13:21:32.418   845   991 I PhoneLab-: Service Running
07-26 13:21:32.468   845   991 I PhoneLab-LoggerService: app_38    995   845   1428   1052  c00f181c 400107b4 S logcat
07-26 13:21:32.468   845   991 I PhoneLab-LoggerService: Logcat pid from database 995
07-26 13:21:32.468   845   991 I PhoneLab-LoggerService: Logcat process found 995
07-26 13:21:32.468   845   991 I PhoneLab-LoggerService: Checking Threshold
07-26 13:21:32.468   845   991 I PhoneLab-LoggerService: Starting to rename files
07-26 13:21:32.468   845   991 I PhoneLab-LoggerService: Files found .. 2
07-26 13:21:32.468   845   991 I PhoneLab-: Service Running
07-26 13:21:32.500   845   991 I PhoneLab-LoggerService: app_38    995   845   1428   1052  c00f181c 400107b4 S logcat
07-26 13:21:32.500   845   991 I PhoneLab-LoggerService: Logcat pid from database 995
07-26 13:21:32.500   845   991 I PhoneLab-LoggerService: Logcat process found 995
07-26 13:21:32.500   845   991 I PhoneLab-LoggerService: Checking Threshold
07-26 13:21:32.503   845   991 I PhoneLab-LoggerService: Starting to rename files
07-26 13:21:32.503   845   991 I PhoneLab-LoggerService: Files found .. 2
07-26 13:21:32.503   845   991 I PhoneLab-: Service Running
07-26 13:21:32.550   845   991 I PhoneLab-LoggerService: app_38    995   845   1428   1052  c00f181c 400107b4 S logcat
07-26 13:21:32.550   845   991 I PhoneLab-LoggerService: Logcat pid from database 995
07-26 13:21:32.550   845   991 I PhoneLab-LoggerService: Logcat process found 995
07-26 13:21:32.550   845   991 I PhoneLab-LoggerService: Checking Threshold
07-26 13:21:32.550   845   991 I PhoneLab-LoggerService: Starting to rename files
07-26 13:21:32.550   845   991 I PhoneLab-LoggerService: Files found .. 2
07-26 13:21:32.566   845   847 D dalvikvm: GC_CONCURRENT freed 445K, 7% free 9181K/9863K, paused 1ms+2ms
07-26 13:21:33.217   278   278 I wpa_supplicant: wlan0: Trying to associate with d0:c2:82:2d:ea:c1 (SSID='UB_Secure' freq=2462 MHz)
07-26 13:21:33.385   278   278 I wpa_supplicant: wlan0: Associated with d0:c2:82:2d:ea:c1
07-26 13:21:33.385   278   278 I wpa_supplicant: wlan0: CTRL-EVENT-EAP-STARTED EAP authentication started
07-26 13:21:33.393   278   278 I wpa_supplicant: wlan0: CTRL-EVENT-EAP-PROPOSED-METHOD vendor=0 method=4 -> NAK
07-26 13:21:33.397   278   278 I wpa_supplicant: wlan0: CTRL-EVENT-EAP-PROPOSED-METHOD vendor=0 method=25
07-26 13:21:33.416   278   278 I wpa_supplicant: wlan0: CTRL-EVENT-EAP-METHOD EAP vendor 0 method 25 (PEAP) selected
07-26 13:21:33.486   212   214 D dalvikvm: GC_CONCURRENT freed 381K, 6% free 10235K/10887K, paused 2ms+3ms
07-26 13:21:33.514   212   212 D dalvikvm: GC_FOR_ALLOC freed 215K, 7% free 10196K/10887K, paused 16ms
07-26 13:21:33.522   278   278 I wpa_supplicant: wlan0: CTRL-EVENT-EAP-PEER-CERT depth=2 subject='/C=US/O=Entrust.net/OU=www.entrust.net/CPS incorp. by ref. (limits liab.)/OU=(c) 1999 Entrust.net Limited/CN=Entrust.net Secure Server Certification Authority'
07-26 13:21:33.529   278   278 I wpa_supplicant: wlan0: CTRL-EVENT-EAP-PEER-CERT depth=2 subject='/C=US/O=Entrust.net/OU=www.entrust.net/CPS incorp. by ref. (limits liab.)/OU=(c) 1999 Entrust.net Limited/CN=Entrust.net Secure Server Certification Authority'
07-26 13:21:33.529   278   278 I wpa_supplicant: wlan0: CTRL-EVENT-EAP-PEER-CERT depth=1 subject='/C=US/ST=UT/L=Salt Lake City/O=The USERTRUST Network/CN=USERTrust Legacy Secure Server CA'
07-26 13:21:33.533   278   278 I wpa_supplicant: wlan0: CTRL-EVENT-EAP-PEER-CERT depth=0 subject='/C=US/postalCode=14260/ST=New York/L=Buffalo/street=305 Computing Center/O=SUNY AT BUFFALO/OU=Office of the President/OU=Issued through UNIVERSITY AT BUFFALO E-PKI Manager/OU=PremiumSSL Legacy/CN=ubsecure.acsu.buffalo.edu'
07-26 13:21:33.572   212   212 D dalvikvm: GC_FOR_ALLOC freed 152K, 7% free 10196K/10887K, paused 20ms
07-26 13:21:33.693   278   278 I wpa_supplicant: EAP-MSCHAPV2: Authentication succeeded
07-26 13:21:33.697   278   278 I wpa_supplicant: EAP-TLV: TLV Result - Success - EAP-TLV/Phase2 Completed
07-26 13:21:33.701   278   278 I wpa_supplicant: wlan0: CTRL-EVENT-EAP-SUCCESS EAP authentication completed successfully
07-26 13:21:33.740   212   212 D dalvikvm: GC_FOR_ALLOC freed 249K, 7% free 10195K/10887K, paused 20ms
07-26 13:21:33.787   278   278 I wpa_supplicant: wlan0: WPA: Key negotiation completed with d0:c2:82:2d:ea:c1 [PTK=CCMP GTK=TKIP]
07-26 13:21:33.787   278   278 I wpa_supplicant: wlan0: CTRL-EVENT-CONNECTED - Connection to d0:c2:82:2d:ea:c1 completed (reauth) [id=1 id_str=]
07-26 13:21:34.744   761   763 D dalvikvm: GC_CONCURRENT freed 413K, 11% free 9710K/10887K, paused 2ms+2ms
07-26 13:21:34.983   761   763 D dalvikvm: GC_CONCURRENT freed 411K, 11% free 9694K/10887K, paused 2ms+2ms
07-26 13:21:35.197   761   763 D dalvikvm: GC_CONCURRENT freed 384K, 11% free 9695K/10887K, paused 2ms+2ms
07-26 13:21:35.373   761   763 D dalvikvm: GC_CONCURRENT freed 386K, 11% free 9698K/10887K, paused 1ms+3ms
07-26 13:21:35.604   761   763 D dalvikvm: GC_CONCURRENT freed 448K, 11% free 9707K/10887K, paused 2ms+2ms
07-26 13:21:35.799   761   763 D dalvikvm: GC_CONCURRENT freed 444K, 11% free 9704K/10887K, paused 2ms+2ms
07-26 13:21:35.971   761   763 D dalvikvm: GC_CONCURRENT freed 391K, 10% free 9810K/10887K, paused 2ms+2ms
07-26 13:21:36.178   761   763 D dalvikvm: GC_CONCURRENT freed 416K, 11% free 9783K/10887K, paused 2ms+2ms
07-26 13:21:36.307   761   763 D dalvikvm: GC_CONCURRENT freed 491K, 11% free 9693K/10887K, paused 2ms+3ms
07-26 13:21:36.385   761   763 D dalvikvm: GC_CONCURRENT freed 328K, 11% free 9756K/10887K, paused 1ms+2ms
07-26 13:21:36.686   761   763 D dalvikvm: GC_CONCURRENT freed 381K, 11% free 9796K/10887K, paused 2ms+4ms
07-26 13:21:36.940   761   763 D dalvikvm: GC_CONCURRENT freed 357K, 10% free 9824K/10887K, paused 2ms+5ms
07-26 13:21:37.076   761   763 D dalvikvm: GC_CONCURRENT freed 542K, 12% free 9668K/10887K, paused 1ms+2ms
07-26 13:21:37.252   761   763 D dalvikvm: GC_CONCURRENT freed 350K, 11% free 9707K/10887K, paused 2ms+2ms
07-26 13:21:37.428   761   763 D dalvikvm: GC_CONCURRENT freed 429K, 11% free 9734K/10887K, paused 1ms+3ms
07-26 13:21:37.608   761   763 D dalvikvm: GC_CONCURRENT freed 456K, 11% free 9763K/10887K, paused 2ms+2ms
07-26 13:21:37.811   761   763 D dalvikvm: GC_CONCURRENT freed 463K, 12% free 9686K/10887K, paused 1ms+2ms
07-26 13:21:37.994   761   763 D dalvikvm: GC_CONCURRENT freed 401K, 12% free 9671K/10887K, paused 1ms+2ms
07-26 13:21:38.147   761   763 D dalvikvm: GC_CONCURRENT freed 410K, 11% free 9721K/10887K, paused 1ms+2ms
07-26 13:21:38.322   761   763 D dalvikvm: GC_CONCURRENT freed 432K, 12% free 9680K/10887K, paused 1ms+2ms
07-26 13:21:38.447   761   763 D dalvikvm: GC_CONCURRENT freed 363K, 11% free 9784K/10887K, paused 1ms+2ms
07-26 13:21:38.725   141   198 D ConnectivityService: ConnectivityChange for WIFI: CONNECTED/CONNECTED
07-26 13:21:38.725   141   198 D ConnectivityService: Policy requires mobile teardown
07-26 13:21:38.733   845   845 I PhoneLab-WiFiReceiver: Wi-Fi is connected!
07-26 13:21:38.740   845   845 I PhoneLab-WiFiReceiver: SSID: UB_Secure BSSID: d0:c2:82:2d:ea:c1 RSSI: -9999 LinkSpeed: -1
07-26 13:21:38.740   845   845 I PhoneLab-Locks: wake lock acquired
07-26 13:21:38.748   845   845 I PhoneLab-UploadLogs: Transfering log files now
07-26 13:21:38.803   141   198 D ConnectivityService: ConnectivityChange for mobile: DISCONNECTED/DISCONNECTED
07-26 13:21:38.803   141   198 D ConnectivityService: Attempting to switch to WIFI
07-26 13:21:38.803   141   198 D ConnectivityService: Attempting to switch to WIMAX
07-26 13:21:38.803   141   198 D ConnectivityService: Attempting to switch to BLUETOOTH_TETHER
07-26 13:21:38.822   141   198 D NetUtils: android_net_utils_resetConnections in env=0xf9b6e8 clazz=0x51d00001 iface=rmnet0 mask=0x3
07-26 13:21:38.822   141   198 D ConnectivityService: resetConnections(rmnet0, 3)
07-26 13:21:38.846   141   193 W NetworkStats: dropping UID delta from unknown iface: iface=wlan0 uid=0 set=DEFAULT tag=0x0 rxBytes=72 rxPackets=1 txBytes=0 txPackets=0 operations=0
07-26 13:21:38.893   212   212 D dalvikvm: GC_FOR_ALLOC freed 333K, 7% free 10136K/10887K, paused 32ms
07-26 13:21:39.018   845   847 D dalvikvm: GC_CONCURRENT freed 386K, 6% free 9304K/9863K, paused 2ms+2ms
07-26 13:21:39.041   845   845 D dalvikvm: GC_FOR_ALLOC freed 28K, 6% free 9288K/9863K, paused 23ms
07-26 13:21:39.041   845   845 I dalvikvm-heap: Grow heap (frag case) to 9.256MB for 123476-byte allocation
07-26 13:21:39.076   141   143 D dalvikvm: GC_CONCURRENT freed 979K, 9% free 13274K/14471K, paused 6ms+9ms
07-26 13:21:39.104   845   854 D dalvikvm: GC_FOR_ALLOC freed 56K, 7% free 9352K/9991K, paused 41ms
07-26 13:21:39.150   845   845 D dalvikvm: GC_FOR_ALLOC freed 0K, 7% free 9352K/9991K, paused 27ms
07-26 13:21:39.150   845   845 I dalvikvm-heap: Grow heap (frag case) to 9.444MB for 254548-byte allocation
07-26 13:21:39.193   845   854 D dalvikvm: GC_FOR_ALLOC freed 120K, 8% free 9480K/10247K, paused 30ms
07-26 13:21:39.193   277   985 W Smack/Packet: notify conn break (IOEx), close connection
07-26 13:21:39.217   845   845 D dalvikvm: GC_FOR_ALLOC freed 0K, 8% free 9480K/10247K, paused 14ms
07-26 13:21:39.217   845   845 I dalvikvm-heap: Grow heap (frag case) to 9.819MB for 516692-byte allocation
07-26 13:21:39.244   845   854 D dalvikvm: GC_FOR_ALLOC freed 253K, 10% free 9732K/10759K, paused 13ms
07-26 13:21:39.287   845   847 D dalvikvm: GC_CONCURRENT freed 6K, 10% free 9729K/10759K, paused 2ms+5ms
07-26 13:21:39.291   845   845 I PhoneLab-UploadLogs: OnStartCommand
07-26 13:21:39.342   761   763 D dalvikvm: GC_CONCURRENT freed 380K, 11% free 9788K/10887K, paused 9ms+2ms
07-26 13:21:39.358   277   985 I qtaguid : Failed write_ctrl(u 84) res=-1 errno=22
07-26 13:21:39.358   277   985 I qtaguid : Untagging socket 84 failed errno=-22
07-26 13:21:39.365   277   985 W NetworkManagementSocketTagger: untagSocket(84) failed with errno -22
07-26 13:21:39.373   141   198 D ConnectivityService: handleInetConditionChange: net=0 != default=1 - ignore
07-26 13:21:39.381   845  1290 D dalvikvm: GC_FOR_ALLOC freed 377K, 10% free 9716K/10759K, paused 21ms
07-26 13:21:39.404   845  1290 D dalvikvm: GC_FOR_ALLOC freed 301K, 10% free 9716K/10759K, paused 22ms
07-26 13:21:39.428   845  1290 D dalvikvm: GC_FOR_ALLOC freed 301K, 10% free 9723K/10759K, paused 13ms
07-26 13:21:39.705   761   763 D dalvikvm: GC_CONCURRENT freed 496K, 11% free 9691K/10887K, paused 1ms+3ms
07-26 13:21:39.795   845   845 I PhoneLab-: 1343321647112.log is deleted
07-26 13:21:39.795   845   845 I PhoneLab-: Response: {"data": "done", "err": ""}
07-26 13:21:39.795   845   845 I PhoneLab-UploadLogs: No log files to transfer
07-26 13:21:39.795   845   845 I PhoneLab-Locks: wake lock released
07-26 13:21:39.873   761   763 D dalvikvm: GC_CONCURRENT freed 432K, 11% free 9702K/10887K, paused 2ms+2ms
07-26 13:21:39.998   761   763 D dalvikvm: GC_CONCURRENT freed 383K, 11% free 9732K/10887K, paused 2ms+2ms
07-26 13:21:40.190   761   763 D dalvikvm: GC_CONCURRENT freed 389K, 11% free 9736K/10887K, paused 2ms+2ms
07-26 13:21:40.291   761   763 D dalvikvm: GC_CONCURRENT freed 362K, 10% free 9863K/10887K, paused 1ms+2ms
07-26 13:21:40.510   761   763 D dalvikvm: GC_CONCURRENT freed 483K, 11% free 9772K/10887K, paused 2ms+2ms
07-26 13:21:40.697   761   763 D dalvikvm: GC_CONCURRENT freed 341K, 10% free 9822K/10887K, paused 1ms+2ms
07-26 13:21:40.826   761   763 D dalvikvm: GC_CONCURRENT freed 519K, 11% free 9693K/10887K, paused 2ms+3ms
07-26 13:21:40.975   761   763 D dalvikvm: GC_CONCURRENT freed 407K, 12% free 9682K/10887K, paused 2ms+2ms
07-26 13:21:41.150   761   763 D dalvikvm: GC_CONCURRENT freed 407K, 12% free 9676K/10887K, paused 2ms+2ms
07-26 13:21:41.389   761   763 D dalvikvm: GC_CONCURRENT freed 414K, 11% free 9693K/10887K, paused 2ms+2ms
07-26 13:21:41.541   761   763 D dalvikvm: GC_CONCURRENT freed 410K, 12% free 9680K/10887K, paused 2ms+2ms
07-26 13:21:41.686   761   763 D dalvikvm: GC_CONCURRENT freed 384K, 12% free 9688K/10887K, paused 1ms+2ms
07-26 13:21:41.791   141   202 D Tethering: MasterInitialState.processMessage what=3
07-26 13:21:41.838   942   955 D PicasaSyncManager: active network: NetworkInfo: type: WIFI[], state: CONNECTED/CONNECTED, reason: (unspecified), extra: (none), roaming: false, failover: false, isAvailable: true
07-26 13:21:41.842   942   955 D PicasaSyncManager: background data: true
07-26 13:21:41.850   277   277 I GTalkService/c: [AndroidEndpoint@1095044536] connect: acct=1000000, state=CONNECTING
07-26 13:21:41.854   277   277 I GTalkService/c: [GTalkConnection@1095199736] connect: acct=1, state=CONNECTING
07-26 13:21:41.877   141   202 D Tethering: MasterInitialState.processMessage what=3
07-26 13:21:41.889   141   202 D Tethering: MasterInitialState.processMessage what=3
07-26 13:21:41.936   277   277 D dalvikvm: GC_EXPLICIT freed 201K, 6% free 10346K/10951K, paused 2ms+4ms
07-26 13:21:41.975   963   963 I MediaUploader: No need to wake up
07-26 13:21:42.033   963   963 I MediaUploader: No need to wake up
07-26 13:21:42.068   963   963 I MediaUploader: No need to wake up
07-26 13:21:42.088   942   955 V PicasaContentProvider: querySettings: defaults: {sync_on_wifi_only=1, auto_upload_account_type=null, sync_on_battery=1, sync_picasa_on_wifi_only=1, auto_upload_enabled=0, video_upload_wifi_only=1, sync_on_roaming=0, auto_upload_account_name=null}
07-26 13:21:42.108   942   955 D PicasaSyncManager: request sync for MetadataSyncTask (drqiao02@gmail.com)
07-26 13:21:42.119   942   955 D PicasaSyncManager: active network: NetworkInfo: type: WIFI[], state: CONNECTED/CONNECTED, reason: (unspecified), extra: (none), roaming: false, failover: false, isAvailable: true
07-26 13:21:42.119   942   955 D PicasaSyncManager: background data: true
07-26 13:21:42.170   761   763 D dalvikvm: GC_CONCURRENT freed 416K, 11% free 9775K/10887K, paused 1ms+2ms
07-26 13:21:42.252   942  1295 D PicasaSyncService: start to perform sync on drqiao02@gmail.com
07-26 13:21:42.260   942   955 V PicasaContentProvider: querySettings: defaults: {sync_on_wifi_only=1, auto_upload_account_type=null, sync_on_battery=1, sync_picasa_on_wifi_only=1, auto_upload_enabled=0, video_upload_wifi_only=1, sync_on_roaming=0, auto_upload_account_name=null}
07-26 13:21:42.264   942  1295 D PicasaSyncManager: perform sync task: MetadataSyncTask (drqiao02@gmail.com)
07-26 13:21:42.381   942  1295 D PicasaAPI: getAlbums for drqiao02@gmail.com, etag = W/"DkEBQ38zfSp7ImA9WhJRFUg."
07-26 13:21:42.510   301   303 D dalvikvm: GC_CONCURRENT freed 292K, 6% free 9706K/10311K, paused 3ms+3ms
07-26 13:21:42.592   942   943 D dalvikvm: GC_CONCURRENT freed 333K, 5% free 9358K/9799K, paused 2ms+2ms
07-26 13:21:42.647   761   763 D dalvikvm: GC_CONCURRENT freed 412K, 11% free 9754K/10887K, paused 3ms+2ms
07-26 13:21:42.768   277   280 D dalvikvm: GC_CONCURRENT freed 355K, 6% free 10377K/10951K, paused 2ms+3ms
07-26 13:21:43.076   942  1295 E PicasaAPI:     getAlbums fail - uri: https://picasaweb.google.com/data/feed/api/user/drqiao02?max-results=1000&imgmax=d&thumbsize=640u&visibility=visible&v=4&alt=json&fd=shapes&kind=album, status code: 403
07-26 13:21:43.076   942  1295 V PicasaAPI:    done
07-26 13:21:43.076   942  1295 D MetricsUtils: [PicasaApi.getAlbums in:486 out:607 time:701]
07-26 13:21:43.084   761   763 D dalvikvm: GC_CONCURRENT freed 362K, 11% free 9782K/10887K, paused 2ms+2ms
07-26 13:21:43.205   761   763 D dalvikvm: GC_CONCURRENT freed 496K, 12% free 9687K/10887K, paused 2ms+3ms
07-26 13:21:43.236   141   198 D ConnectivityService: handleInetConditionHoldEnd: net=1, condition=100, published condition=0
07-26 13:21:43.373   761   763 D dalvikvm: GC_CONCURRENT freed 389K, 11% free 9744K/10887K, paused 2ms+3ms
07-26 13:21:43.561   761   763 D dalvikvm: GC_CONCURRENT freed 377K, 11% free 9759K/10887K, paused 3ms+2ms
07-26 13:21:43.713   250   253 D dalvikvm: GC_CONCURRENT freed 456K, 6% free 9366K/9927K, paused 2ms+3ms
07-26 13:21:43.858   761   763 D dalvikvm: GC_CONCURRENT freed 435K, 11% free 9712K/10887K, paused 2ms+2ms
07-26 13:21:44.150   859   861 D dalvikvm: GC_CONCURRENT freed 486K, 7% free 9375K/9991K, paused 20ms+2ms
07-26 13:21:44.182   761   763 D dalvikvm: GC_CONCURRENT freed 454K, 11% free 9703K/10887K, paused 2ms+2ms
07-26 13:21:44.264   942  1295 D PicasaAPI: getAlbums for drqiao02@gmail.com, etag = W/"DkEBQ38zfSp7ImA9WhJRFUg."
07-26 13:21:44.400   761   763 D dalvikvm: GC_CONCURRENT freed 416K, 12% free 9687K/10887K, paused 2ms+2ms
07-26 13:21:44.553   761   763 D dalvikvm: GC_CONCURRENT freed 367K, 11% free 9715K/10887K, paused 2ms+3ms
07-26 13:21:44.736   761   763 D dalvikvm: GC_CONCURRENT freed 422K, 12% free 9683K/10887K, paused 1ms+3ms
07-26 13:21:44.889   761   763 D dalvikvm: GC_CONCURRENT freed 368K, 11% free 9713K/10887K, paused 1ms+2ms
07-26 13:21:44.979   942  1295 V PicasaAPI:    done
07-26 13:21:44.979   942  1295 D MetricsUtils: [PicasaApi.getAlbums in:265 out:674 time:713]
07-26 13:21:44.979   942  1295 D MetricsUtils: [PicasaSyncHelper.syncAlbums drqiao02@gmail.com time:2605]
07-26 13:21:44.994   942  1295 D PicasaAPI: getAlbumPhotos for 116762801289828330607 / 5739438399771052337, etag: W/"DUAMSHg-fSp7ImA9WhVVE0w."
07-26 13:21:45.068   761   763 D dalvikvm: GC_CONCURRENT freed 411K, 11% free 9694K/10887K, paused 2ms+2ms
07-26 13:21:45.217   761   763 D dalvikvm: GC_CONCURRENT freed 377K, 11% free 9715K/10887K, paused 2ms+2ms
07-26 13:21:45.346   761   763 D dalvikvm: GC_CONCURRENT freed 394K, 11% free 9711K/10887K, paused 1ms+3ms
07-26 13:21:45.498   942  1295 D PicasaAPI:    done
07-26 13:21:45.498   942  1295 D MetricsUtils: [PicasaApi.getAlbumPhotos in:207 out:735 time:505]
07-26 13:21:45.498   942  1295 D MetricsUtils: [PicasaSyncHelper.syncPhotos 5739438399771052337 time:514]
07-26 13:21:45.537   761   763 D dalvikvm: GC_CONCURRENT freed 459K, 11% free 9710K/10887K, paused 2ms+2ms
07-26 13:21:45.576   942  1295 D PicasaSyncManager: sync complete: SyncResult: stats []
07-26 13:21:45.697   942   955 V PicasaContentProvider: querySettings: defaults: {sync_on_wifi_only=1, auto_upload_account_type=null, sync_on_battery=1, sync_picasa_on_wifi_only=1, auto_upload_enabled=0, video_upload_wifi_only=1, sync_on_roaming=0, auto_upload_account_name=null}
07-26 13:21:45.697   942  1295 D MetricsUtils: [PicasaSyncManager.getNextSyncTask time:118]
07-26 13:21:45.697   942  1295 D PicasaSyncManager: perform sync task: PrefetchFullImage (drqiao02@gmail.com)
07-26 13:21:45.768   761   763 D dalvikvm: GC_CONCURRENT freed 407K, 11% free 9695K/10887K, paused 2ms+2ms
07-26 13:21:45.834   942   943 D dalvikvm: GC_CONCURRENT freed 410K, 6% free 9406K/9927K, paused 2ms+2ms
07-26 13:21:45.861   942  1295 D PicasaSyncManager: sync complete: SyncResult: stats []
07-26 13:21:45.881   942   955 V PicasaContentProvider: querySettings: defaults: {sync_on_wifi_only=1, auto_upload_account_type=null, sync_on_battery=1, sync_picasa_on_wifi_only=1, auto_upload_enabled=0, video_upload_wifi_only=1, sync_on_roaming=0, auto_upload_account_name=null}
07-26 13:21:45.881   942  1295 D PicasaSyncManager: perform sync task: PrefetchAlbumCover (drqiao02@gmail.com)
07-26 13:21:45.932   942  1295 D PicasaSyncManager: sync complete: SyncResult: stats []
07-26 13:21:45.955   942   955 V PicasaContentProvider: querySettings: defaults: {sync_on_wifi_only=1, auto_upload_account_type=null, sync_on_battery=1, sync_picasa_on_wifi_only=1, auto_upload_enabled=0, video_upload_wifi_only=1, sync_on_roaming=0, auto_upload_account_name=null}
07-26 13:21:45.955   942  1295 D PicasaSyncManager: perform sync task: PrefetchScreenNail (drqiao02@gmail.com)
07-26 13:21:46.010   942  1295 D PicasaSyncManager: sync complete: SyncResult: stats []
07-26 13:21:46.025   761   763 D dalvikvm: GC_CONCURRENT freed 396K, 11% free 9704K/10887K, paused 2ms+2ms
07-26 13:21:46.053   942  1295 D PicasaSyncService: sync finished - false
07-26 13:21:46.205   761   763 D dalvikvm: GC_CONCURRENT freed 382K, 11% free 9717K/10887K, paused 2ms+3ms
07-26 13:21:46.389   761   763 D dalvikvm: GC_CONCURRENT freed 463K, 11% free 9707K/10887K, paused 2ms+2ms
07-26 13:21:46.490   761   763 D dalvikvm: GC_CONCURRENT freed 336K, 11% free 9762K/10887K, paused 2ms+2ms
07-26 13:21:48.148   761   763 D dalvikvm: GC_CONCURRENT freed 359K, 11% free 9794K/10887K, paused 2ms+2ms
07-26 13:21:48.328   761   763 D dalvikvm: GC_CONCURRENT freed 371K, 9% free 9911K/10887K, paused 2ms+2ms
07-26 13:21:48.480   761   763 D dalvikvm: GC_CONCURRENT freed 575K, 11% free 9760K/10887K, paused 2ms+2ms
07-26 13:21:48.621   761   763 D dalvikvm: GC_CONCURRENT freed 450K, 11% free 9701K/10887K, paused 2ms+2ms
07-26 13:21:48.785   761   763 D dalvikvm: GC_CONCURRENT freed 400K, 11% free 9694K/10887K, paused 2ms+2ms
07-26 13:21:48.964   761   763 D dalvikvm: GC_CONCURRENT freed 426K, 12% free 9675K/10887K, paused 2ms+2ms
07-26 13:21:50.093   761   763 D dalvikvm: GC_CONCURRENT freed 348K, 11% free 9770K/10887K, paused 2ms+2ms
07-26 13:21:50.234   761   763 D dalvikvm: GC_CONCURRENT freed 401K, 11% free 9761K/10887K, paused 2ms+2ms
07-26 13:21:50.425   761   763 D dalvikvm: GC_CONCURRENT freed 344K, 10% free 9809K/10887K, paused 1ms+2ms
07-26 13:21:50.566   761   763 D dalvikvm: GC_CONCURRENT freed 295K, 9% free 9909K/10887K, paused 2ms+2ms
07-26 13:21:50.734   761   763 D dalvikvm: GC_CONCURRENT freed 612K, 12% free 9688K/10887K, paused 2ms+2ms
07-26 13:21:50.890   761   763 D dalvikvm: GC_CONCURRENT freed 424K, 12% free 9673K/10887K, paused 2ms+3ms
07-26 13:21:51.050   761   763 D dalvikvm: GC_CONCURRENT freed 405K, 12% free 9682K/10887K, paused 2ms+2ms
07-26 13:21:51.195   761   763 D dalvikvm: GC_CONCURRENT freed 384K, 11% free 9702K/10887K, paused 2ms+3ms
07-26 13:21:51.332   761   763 D dalvikvm: GC_CONCURRENT freed 390K, 11% free 9708K/10887K, paused 2ms+2ms
07-26 13:21:51.574   761   763 D dalvikvm: GC_CONCURRENT freed 409K, 11% free 9690K/10887K, paused 1ms+2ms
07-26 13:21:51.726   761   763 D dalvikvm: GC_CONCURRENT freed 406K, 11% free 9699K/10887K, paused 2ms+3ms
07-26 13:21:51.871   761   763 D dalvikvm: GC_CONCURRENT freed 397K, 11% free 9695K/10887K, paused 2ms+2ms
07-26 13:21:52.214   761   763 D dalvikvm: GC_CONCURRENT freed 367K, 11% free 9718K/10887K, paused 2ms+2ms
07-26 13:21:52.379   761   763 D dalvikvm: GC_CONCURRENT freed 418K, 11% free 9695K/10887K, paused 2ms+2ms
07-26 13:21:52.527   761   763 D dalvikvm: GC_CONCURRENT freed 411K, 12% free 9675K/10887K, paused 2ms+2ms
07-26 13:21:52.683   761   763 D dalvikvm: GC_CONCURRENT freed 366K, 11% free 9701K/10887K, paused 2ms+2ms
07-26 13:21:52.746   277   959 I EventLogService: Aggregate from 1343321520119 (log), 1343321509974 (data)
07-26 13:21:55.046   761   763 D dalvikvm: GC_CONCURRENT freed 396K, 11% free 9702K/10887K, paused 516ms+3ms
07-26 13:21:55.211   761   763 D dalvikvm: GC_CONCURRENT freed 438K, 12% free 9668K/10887K, paused 2ms+2ms
07-26 13:21:55.379   761   763 D dalvikvm: GC_CONCURRENT freed 373K, 11% free 9693K/10887K, paused 1ms+2ms
07-26 13:21:55.476   761   763 D dalvikvm: GC_CONCURRENT freed 318K, 10% free 9855K/10887K, paused 1ms+2ms
07-26 13:21:55.699   761   763 D dalvikvm: GC_CONCURRENT freed 483K, 11% free 9763K/10887K, paused 2ms+2ms
07-26 13:21:55.886   761   763 D dalvikvm: GC_CONCURRENT freed 341K, 10% free 9814K/10887K, paused 2ms+2ms
07-26 13:21:56.011   761   763 D dalvikvm: GC_CONCURRENT freed 529K, 12% free 9676K/10887K, paused 2ms+3ms
07-26 13:21:56.164   761   763 D dalvikvm: GC_CONCURRENT freed 355K, 11% free 9712K/10887K, paused 1ms+2ms
07-26 13:21:56.316   761   763 D dalvikvm: GC_CONCURRENT freed 428K, 11% free 9702K/10887K, paused 2ms+3ms
07-26 13:21:57.066   761   763 D dalvikvm: GC_CONCURRENT freed 409K, 11% free 9690K/10887K, paused 2ms+3ms
07-26 13:21:57.203   761   763 D dalvikvm: GC_CONCURRENT freed 358K, 11% free 9728K/10887K, paused 2ms+2ms
07-26 13:21:57.347   761   763 D dalvikvm: GC_CONCURRENT freed 416K, 11% free 9778K/10887K, paused 1ms+2ms
07-26 13:21:57.484   761   763 D dalvikvm: GC_CONCURRENT freed 390K, 11% free 9779K/10887K, paused 2ms+3ms
07-26 13:21:57.714   761   763 D dalvikvm: GC_CONCURRENT freed 369K, 10% free 9801K/10887K, paused 2ms+2ms
07-26 13:21:57.851   761   763 D dalvikvm: GC_CONCURRENT freed 339K, 10% free 9890K/10887K, paused 2ms+2ms
07-26 13:21:57.972   761   763 D dalvikvm: GC_CONCURRENT freed 543K, 11% free 9738K/10887K, paused 2ms+2ms
07-26 13:21:59.093   761   763 D dalvikvm: GC_CONCURRENT freed 370K, 11% free 9761K/10887K, paused 1ms+3ms
07-26 13:21:59.230   761   763 D dalvikvm: GC_CONCURRENT freed 309K, 10% free 9874K/10887K, paused 2ms+2ms
07-26 13:21:59.394   761   763 D dalvikvm: GC_CONCURRENT freed 593K, 11% free 9719K/10887K, paused 1ms+3ms
07-26 13:21:59.562   761   763 D dalvikvm: GC_CONCURRENT freed 432K, 12% free 9683K/10887K, paused 2ms+3ms
07-26 13:21:59.730   761   763 D dalvikvm: GC_CONCURRENT freed 433K, 12% free 9684K/10887K, paused 2ms+2ms
07-26 13:21:59.906   761   763 D dalvikvm: GC_CONCURRENT freed 432K, 11% free 9726K/10887K, paused 2ms+2ms
07-26 13:22:02.058   141   143 D dalvikvm: GC_CONCURRENT freed 987K, 9% free 13248K/14471K, paused 4ms+6ms
07-26 13:22:02.144   761   763 D dalvikvm: GC_CONCURRENT freed 449K, 11% free 9760K/10887K, paused 1ms+3ms
07-26 13:22:02.347   761   763 D dalvikvm: GC_CONCURRENT freed 416K, 11% free 9736K/10887K, paused 2ms+2ms
07-26 13:22:02.437   761   763 D dalvikvm: GC_CONCURRENT freed 352K, 10% free 9880K/10887K, paused 2ms+2ms
07-26 13:22:02.652   761   763 D dalvikvm: GC_CONCURRENT freed 491K, 11% free 9784K/10887K, paused 2ms+2ms
07-26 13:22:02.840   761   763 D dalvikvm: GC_CONCURRENT freed 339K, 10% free 9836K/10887K, paused 1ms+2ms
07-26 13:22:02.992   761   763 D dalvikvm: GC_CONCURRENT freed 548K, 12% free 9682K/10887K, paused 2ms+2ms
07-26 13:22:03.148   761   763 D dalvikvm: GC_CONCURRENT freed 452K, 12% free 9688K/10887K, paused 1ms+3ms
07-26 13:22:03.265   761   763 D dalvikvm: GC_CONCURRENT freed 353K, 11% free 9791K/10887K, paused 1ms+2ms
07-26 13:22:03.582   761   763 D dalvikvm: GC_CONCURRENT freed 521K, 12% free 9668K/10887K, paused 2ms+3ms
07-26 13:22:03.730   761   763 D dalvikvm: GC_CONCURRENT freed 367K, 11% free 9693K/10887K, paused 2ms+2ms
07-26 13:22:03.902   761   763 D dalvikvm: GC_CONCURRENT freed 408K, 12% free 9676K/10887K, paused 1ms+2ms
07-26 13:22:04.027   761   763 D dalvikvm: GC_CONCURRENT freed 416K, 11% free 9736K/10887K, paused 2ms+2ms
07-26 13:22:04.148   761   763 D dalvikvm: GC_CONCURRENT freed 365K, 11% free 9763K/10887K, paused 2ms+2ms
07-26 13:22:04.340   761   763 D dalvikvm: GC_CONCURRENT freed 339K, 10% free 9811K/10887K, paused 2ms+2ms
07-26 13:22:04.683   761   763 D dalvikvm: GC_CONCURRENT freed 350K, 9% free 9911K/10887K, paused 2ms+2ms
07-26 13:22:04.851   761   763 D dalvikvm: GC_CONCURRENT freed 600K, 11% free 9703K/10887K, paused 1ms+2ms
07-26 13:22:05.043   761   763 D dalvikvm: GC_CONCURRENT freed 409K, 12% free 9687K/10887K, paused 1ms+2ms
07-26 13:22:05.140   761   763 D dalvikvm: GC_CONCURRENT freed 335K, 11% free 9790K/10887K, paused 2ms+2ms
07-26 13:22:05.300   761   763 D dalvikvm: GC_CONCURRENT freed 407K, 11% free 9782K/10887K, paused 1ms+3ms
07-26 13:22:05.507   761   763 D dalvikvm: GC_CONCURRENT freed 359K, 10% free 9814K/10887K, paused 2ms+2ms
07-26 13:22:05.640   761   763 D dalvikvm: GC_CONCURRENT freed 532K, 12% free 9674K/10887K, paused 2ms+2ms
07-26 13:22:05.797   761   763 D dalvikvm: GC_CONCURRENT freed 357K, 11% free 9779K/10887K, paused 1ms+2ms
07-26 13:22:05.894   761   763 D dalvikvm: GC_CONCURRENT freed 442K, 11% free 9791K/10887K, paused 2ms+2ms
07-26 13:22:05.972   845   845 I PhoneLab-Locks: wake lock acquired
07-26 13:22:05.984   845  1305 I PhoneLab-PeriodicCheckService: User info is synched
07-26 13:22:05.984   845  1305 I PhoneLab-PeriodicCheckService: Logger Service is running
07-26 13:22:05.984   845  1305 I PhoneLab-Locks: wake lock acquired
07-26 13:22:05.988   845   845 I PhoneLab-UploadLogs: Transfering log files now
07-26 13:22:05.988   845   845 I PhoneLab-UploadLogs: No log files to transfer
07-26 13:22:05.988   845   845 I PhoneLab-Locks: wake lock released
07-26 13:22:05.988   845   845 I PhoneLab-UploadLogs: OnStartCommand
07-26 13:22:05.992   845  1305 I PhoneLab-PeriodicCheckService: Rescheduling periodic checking...
07-26 13:22:05.992   845  1305 I PhoneLab-Locks: wake lock released
07-26 13:22:06.316   761   763 D dalvikvm: GC_CONCURRENT freed 413K, 11% free 9769K/10887K, paused 2ms+2ms
07-26 13:22:06.511   761   763 D dalvikvm: GC_CONCURRENT freed 341K, 10% free 9820K/10887K, paused 2ms+3ms
07-26 13:22:06.605   845   845 I PhoneLab-Locks: wake lock acquired
07-26 13:22:06.605   845   845 I PhoneLab-StatusMonitor: Status Monitoring is started
07-26 13:22:06.644   845   847 D dalvikvm: GC_CONCURRENT freed 965K, 14% free 9268K/10759K, paused 2ms+2ms
07-26 13:22:06.672   845   845 I PhoneLab-StatusMonitor: Value: 10 - unit: min
07-26 13:22:06.672   845   845 I PhoneLab-StatusMonitor: Running interval: 600000
07-26 13:22:06.679   845   845 I PhoneLab-StatusMonitor: Rescheduling status monitoring...
07-26 13:22:06.738   141   961 D dalvikvm: GC_EXPLICIT freed 112K, 9% free 13179K/14471K, paused 2ms+4ms
07-26 13:22:06.738   845   845 I PhoneLab-Locks: wake lock released
07-26 13:22:06.746   845   845 I PhoneLab-StatusMonitorLocation: Learning Location
07-26 13:22:06.746   845   845 I PhoneLab-Locks: wake lock acquired
07-26 13:22:06.746   845   845 I PhoneLab-Locks: wake lock acquired
07-26 13:22:06.750   277   572 D androidNetworkLocationListeners: Still have listener com.google.android.location.internal.client.NetworkLocationClient$1@413a05f8
07-26 13:22:06.754   845   845 I PhoneLab-StatusMonitorLocation: Learning Signal Strgth
07-26 13:22:06.754   845   845 I PhoneLab-Locks: wake lock acquired
07-26 13:22:06.761   277   572 D androidNetworkLocationListeners: Still have listener com.google.android.location.internal.client.NetworkLocationClient$1@413a05f8
07-26 13:22:06.761   845   845 I PhoneLab-StatusMonitorBattery: Battery_level: 90
07-26 13:22:06.765   277   623 D WifiLocator: Too many cache  misses. Need server request. hasLocation=0 noLocation=0 cacheMiss=7
07-26 13:22:06.765   845   845 I PhoneLab-Locks: wake lock released
07-26 13:22:06.769   845   845 I PhoneLab-StatusMonitorSignal: Signal_Strength: -96 asu: 9
07-26 13:22:06.769   845   845 I PhoneLab-Locks: wake lock released
07-26 13:22:06.769   277   623 D NetworkLocator: New location significantly newer than previous. Reporting it.
07-26 13:22:06.789   277   594 I System.out: [INFO:1817965]: LogSource: Running flush
07-26 13:22:06.793   277   596 I System.out: [INFO:1817967]: LogSource: Sending payload [bytes=470]
07-26 13:22:06.812   845   845 I PhoneLab-StatusMonitorLocation: Location_Latitude: 42.9862078 Longitude: -78.6938079 Accuracy: 2380.0
07-26 13:22:06.812   277   572 D androidNetworkLocationListeners: Still have listener com.google.android.location.internal.client.NetworkLocationClient$1@413a05f8
07-26 13:22:06.820   845   845 I PhoneLab-Locks: wake lock released
07-26 13:22:06.843   761   763 D dalvikvm: GC_CONCURRENT freed 524K, 11% free 9692K/10887K, paused 1ms+2ms
07-26 13:22:07.031   761   763 D dalvikvm: GC_CONCURRENT freed 384K, 11% free 9697K/10887K, paused 2ms+3ms
07-26 13:22:07.175   761   763 D dalvikvm: GC_CONCURRENT freed 338K, 10% free 9842K/10887K, paused 1ms+2ms
07-26 13:22:07.175   277   280 D dalvikvm: GC_CONCURRENT freed 411K, 5% free 10407K/10951K, paused 2ms+2ms
07-26 13:22:07.179   277   596 I System.out: [INFO:1818353]: LogSource: Response [http=200,length=259]
07-26 13:22:07.183   277   594 I System.out: [INFO:1818356]: LogSource: Read id 3, status code 200
07-26 13:22:07.199   277   623 D WifiLocator: Too many no-location APs. Will not compute a location nor go to the server. hasLocation=0 noLocation=0 cacheMiss=0
07-26 13:22:07.379   761   763 D dalvikvm: GC_CONCURRENT freed 421K, 10% free 9810K/10887K, paused 2ms+3ms
07-26 13:22:07.613   761   763 D dalvikvm: GC_CONCURRENT freed 366K, 10% free 9835K/10887K, paused 1ms+2ms
07-26 13:22:07.793   761   763 D dalvikvm: GC_CONCURRENT freed 538K, 12% free 9689K/10887K, paused 2ms+3ms
07-26 13:22:07.957   761   763 D dalvikvm: GC_CONCURRENT freed 416K, 12% free 9687K/10887K, paused 2ms+2ms
07-26 13:22:08.144   761   763 D dalvikvm: GC_CONCURRENT freed 418K, 12% free 9678K/10887K, paused 2ms+2ms
07-26 13:22:08.226   761   763 D dalvikvm: GC_CONCURRENT freed 319K, 11% free 9752K/10887K, paused 2ms+3ms
07-26 13:22:08.453   761   763 D dalvikvm: GC_CONCURRENT freed 365K, 11% free 9782K/10887K, paused 2ms+3ms
07-26 13:22:08.652   761   763 D dalvikvm: GC_CONCURRENT freed 341K, 10% free 9831K/10887K, paused 2ms+3ms
07-26 13:22:08.750   761   763 D dalvikvm: GC_CONCURRENT freed 455K, 10% free 9817K/10887K, paused 2ms+2ms
07-26 13:22:08.867   761   763 D dalvikvm: GC_CONCURRENT freed 417K, 11% free 9793K/10887K, paused 2ms+2ms
07-26 13:22:11.121   761   763 D dalvikvm: GC_CONCURRENT freed 344K, 10% free 9840K/10887K, paused 2ms+2ms
07-26 13:22:11.343   761   763 D dalvikvm: GC_CONCURRENT freed 364K, 10% free 9869K/10887K, paused 1ms+2ms
07-26 13:22:11.476   761   763 D dalvikvm: GC_CONCURRENT freed 537K, 11% free 9723K/10887K, paused 2ms+1ms
07-26 13:22:11.683   761   763 D dalvikvm: GC_CONCURRENT freed 408K, 11% free 9727K/10887K, paused 1ms+2ms
07-26 13:22:11.781   761   763 D dalvikvm: GC_CONCURRENT freed 336K, 10% free 9893K/10887K, paused 1ms+2ms
07-26 13:22:11.996   761   763 D dalvikvm: GC_CONCURRENT freed 501K, 11% free 9787K/10887K, paused 2ms+2ms
07-26 13:22:12.382   761   763 D dalvikvm: GC_CONCURRENT freed 340K, 10% free 9838K/10887K, paused 1ms+2ms
07-26 13:22:12.523   761   763 D dalvikvm: GC_CONCURRENT freed 546K, 12% free 9684K/10887K, paused 2ms+2ms
07-26 13:22:12.675   761   763 D dalvikvm: GC_CONCURRENT freed 357K, 11% free 9718K/10887K, paused 1ms+2ms
07-26 13:22:12.797   761   763 D dalvikvm: GC_CONCURRENT freed 400K, 11% free 9711K/10887K, paused 1ms+4ms
07-26 13:22:12.980   761   763 D dalvikvm: GC_CONCURRENT freed 429K, 12% free 9686K/10887K, paused 2ms+2ms
07-26 13:22:13.054   761   763 D dalvikvm: GC_CONCURRENT freed 318K, 11% free 9759K/10887K, paused 2ms+3ms
07-26 13:22:15.023   845   991 I PhoneLab-: Service Running
07-26 13:22:15.082   845   847 D dalvikvm: GC_CONCURRENT freed 466K, 15% free 9218K/10759K, paused 2ms+2ms
07-26 13:22:15.086   845   991 I PhoneLab-LoggerService: app_38    995   845   1428   1052  c00f181c 400107b4 S logcat
07-26 13:22:15.086   845   991 I PhoneLab-LoggerService: Logcat pid from database 995
07-26 13:22:15.086   845   991 I PhoneLab-LoggerService: Logcat process found 995
07-26 13:22:15.086   845   991 I PhoneLab-LoggerService: Checking Threshold
07-26 13:22:15.246   761   763 D dalvikvm: GC_CONCURRENT freed 476K, 11% free 9709K/10887K, paused 2ms+2ms
07-26 13:22:15.468   761   763 D dalvikvm: GC_CONCURRENT freed 403K, 11% free 9695K/10887K, paused 2ms+3ms
07-26 13:22:15.625   761   763 D dalvikvm: GC_CONCURRENT freed 381K, 11% free 9709K/10887K, paused 2ms+2ms
07-26 13:22:15.793   761   763 D dalvikvm: GC_CONCURRENT freed 401K, 11% free 9699K/10887K, paused 2ms+2ms
07-26 13:22:15.957   761   763 D dalvikvm: GC_CONCURRENT freed 371K, 11% free 9719K/10887K, paused 1ms+2ms
07-26 13:22:19.027   761   763 D dalvikvm: GC_CONCURRENT freed 413K, 11% free 9693K/10887K, paused 2ms+2ms
07-26 13:22:19.136   761   763 D dalvikvm: GC_CONCURRENT freed 306K, 10% free 9870K/10887K, paused 2ms+3ms
07-26 13:22:19.359   761   763 D dalvikvm: GC_CONCURRENT freed 487K, 11% free 9774K/10887K, paused 2ms+2ms
07-26 13:22:19.554   761   763 D dalvikvm: GC_CONCURRENT freed 341K, 10% free 9825K/10887K, paused 2ms+2ms
07-26 13:22:19.679   761   763 D dalvikvm: GC_CONCURRENT freed 510K, 11% free 9706K/10887K, paused 2ms+3ms
07-26 13:22:19.851   761   763 D dalvikvm: GC_CONCURRENT freed 422K, 11% free 9701K/10887K, paused 2ms+2ms
07-26 13:22:19.925   761   763 D dalvikvm: GC_CONCURRENT freed 339K, 11% free 9754K/10887K, paused 2ms+2ms
07-26 13:22:20.144   761   763 D dalvikvm: GC_CONCURRENT freed 369K, 11% free 9776K/10887K, paused 2ms+2ms
07-26 13:22:21.089   761   763 D dalvikvm: GC_CONCURRENT freed 339K, 10% free 9827K/10887K, paused 2ms+2ms
07-26 13:22:21.250   761   763 D dalvikvm: GC_CONCURRENT freed 570K, 12% free 9677K/10887K, paused 2ms+3ms
07-26 13:22:21.421   761   763 D dalvikvm: GC_CONCURRENT freed 377K, 11% free 9691K/10887K, paused 2ms+3ms
07-26 13:22:21.558   761   763 D dalvikvm: GC_CONCURRENT freed 344K, 11% free 9738K/10887K, paused 2ms+2ms
07-26 13:22:21.754   761   763 D dalvikvm: GC_CONCURRENT freed 345K, 11% free 9794K/10887K, paused 2ms+2ms
07-26 13:22:21.906   761   763 D dalvikvm: GC_CONCURRENT freed 473K, 11% free 9712K/10887K, paused 2ms+3ms
07-26 13:22:22.066   761   763 D dalvikvm: GC_CONCURRENT freed 458K, 12% free 9687K/10887K, paused 1ms+2ms
07-26 13:22:22.226   761   763 D dalvikvm: GC_CONCURRENT freed 382K, 11% free 9735K/10887K, paused 1ms+2ms
07-26 13:22:22.382   761   763 D dalvikvm: GC_CONCURRENT freed 465K, 12% free 9685K/10887K, paused 1ms+2ms
07-26 13:22:22.527   761   763 D dalvikvm: GC_CONCURRENT freed 384K, 11% free 9718K/10887K, paused 2ms+2ms
07-26 13:22:22.707   761   763 D dalvikvm: GC_CONCURRENT freed 429K, 12% free 9680K/10887K, paused 2ms+2ms
07-26 13:22:22.789   761   763 D dalvikvm: GC_CONCURRENT freed 339K, 11% free 9735K/10887K, paused 2ms+2ms
07-26 13:22:23.257   761   763 D dalvikvm: GC_CONCURRENT freed 362K, 11% free 9763K/10887K, paused 2ms+2ms
07-26 13:22:23.429   761   763 D dalvikvm: GC_CONCURRENT freed 352K, 10% free 9901K/10887K, paused 2ms+2ms
07-26 13:22:23.625   761   763 D dalvikvm: GC_CONCURRENT freed 605K, 12% free 9688K/10887K, paused 2ms+2ms
07-26 13:22:23.703   761   763 D dalvikvm: GC_CONCURRENT freed 319K, 10% free 9820K/10887K, paused 2ms+2ms
07-26 13:22:24.050   761   763 D dalvikvm: GC_CONCURRENT freed 522K, 11% free 9722K/10887K, paused 2ms+2ms
07-26 13:22:24.211   761   763 D dalvikvm: GC_CONCURRENT freed 413K, 11% free 9701K/10887K, paused 1ms+2ms
07-26 13:22:24.386   761   763 D dalvikvm: GC_CONCURRENT freed 409K, 12% free 9684K/10887K, paused 2ms+3ms
07-26 13:22:24.472   761   763 D dalvikvm: GC_CONCURRENT freed 336K, 11% free 9741K/10887K, paused 2ms+2ms
07-26 13:22:24.695   761   763 D dalvikvm: GC_CONCURRENT freed 364K, 11% free 9767K/10887K, paused 2ms+3ms
07-26 13:22:24.890   761   763 D dalvikvm: GC_CONCURRENT freed 341K, 10% free 9819K/10887K, paused 2ms+2ms
07-26 13:22:24.937   278   278 I wpa_supplicant: wlan0: CTRL-EVENT-DISCONNECTED bssid=d0:c2:82:2d:ea:c1 reason=0
07-26 13:22:24.941    76   116 D CommandListener: Clearing all IP addresses on wlan0
07-26 13:22:24.953   141   198 D ConnectivityService: ConnectivityChange for WIFI: DISCONNECTED/DISCONNECTED
07-26 13:22:24.964   141   198 D ConnectivityService: Attempting to switch to mobile
07-26 13:22:24.964   141   198 D ConnectivityService: Attempting to switch to WIMAX
07-26 13:22:24.964   141   198 D ConnectivityService: Attempting to switch to BLUETOOTH_TETHER
07-26 13:22:24.968   141   198 E ConnectivityService: Exception trying to remove a route: java.lang.IllegalStateException: Unable to communicate with native dameon to add routes - com.android.server.NativeDaemonConnectorException: Cmd {interface route remove wlan0 default 128.205.84.254 32 0.0.0.0} failed with code 400 : {Failed to remove route from default table (No such process)}
07-26 13:22:24.976   141   198 E ConnectivityService: Exception trying to remove a route: java.lang.IllegalStateException: Unable to communicate with native dameon to add routes - com.android.server.NativeDaemonConnectorException: Cmd {interface route remove wlan0 default 0.0.0.0 0 128.205.84.254} failed with code 400 : {Failed to remove route from default table (No such process)}
07-26 13:22:24.976   141   198 D ConnectivityService: resetConnections(wlan0, 3)
07-26 13:22:24.980   141   198 D NetUtils: android_net_utils_resetConnections in env=0xf9b6e8 clazz=0x64d00001 iface=wlan0 mask=0x3
07-26 13:22:25.070   277  1298 W Smack/Packet: notify conn break (IOEx), close connection
07-26 13:22:25.129   357   363 D dalvikvm: GC_CONCURRENT freed 439K, 6% free 9501K/10055K, paused 2ms+2ms
07-26 13:22:25.222   761   763 D dalvikvm: GC_CONCURRENT freed 547K, 11% free 9711K/10887K, paused 2ms+3ms
07-26 13:22:25.285   277  1298 I qtaguid : Failed write_ctrl(u 84) res=-1 errno=22
07-26 13:22:25.285   277  1298 I qtaguid : Untagging socket 84 failed errno=-22
07-26 13:22:25.285   277  1298 W NetworkManagementSocketTagger: untagSocket(84) failed with errno -22
07-26 13:22:25.289   141   198 D ConnectivityService: handleInetConditionChange: no active default network - ignore
07-26 13:22:25.386   761   763 D dalvikvm: GC_CONCURRENT freed 423K, 12% free 9688K/10887K, paused 2ms+2ms
07-26 13:22:25.562   761   763 D dalvikvm: GC_CONCURRENT freed 400K, 11% free 9693K/10887K, paused 2ms+4ms
07-26 13:22:25.574   278   278 I wpa_supplicant: wlan0: Trying to associate with d0:c2:82:2d:e5:b1 (SSID='UB_Secure' freq=2412 MHz)
07-26 13:22:25.703   278   278 I wpa_supplicant: wlan0: Associated with d0:c2:82:2d:e5:b1
07-26 13:22:25.703   278   278 I wpa_supplicant: wlan0: CTRL-EVENT-EAP-STARTED EAP authentication started
07-26 13:22:25.711   278   278 I wpa_supplicant: wlan0: CTRL-EVENT-EAP-PROPOSED-METHOD vendor=0 method=4 -> NAK
07-26 13:22:25.714   278   278 I wpa_supplicant: wlan0: CTRL-EVENT-EAP-PROPOSED-METHOD vendor=0 method=25
07-26 13:22:25.714   278   278 I wpa_supplicant: wlan0: CTRL-EVENT-EAP-METHOD EAP vendor 0 method 25 (PEAP) selected
07-26 13:22:25.718   278   278 I wpa_supplicant: EAP-TLV: TLV Result - Success - EAP-TLV/Phase2 Completed
07-26 13:22:25.777   761   763 D dalvikvm: GC_CONCURRENT freed 383K, 11% free 9700K/10887K, paused 1ms+2ms
07-26 13:22:25.921   761   763 D dalvikvm: GC_CONCURRENT freed 415K, 12% free 9684K/10887K, paused 2ms+2ms
07-26 13:22:26.070   761   763 D dalvikvm: GC_CONCURRENT freed 401K, 11% free 9701K/10887K, paused 2ms+2ms
07-26 13:22:26.226   761   763 D dalvikvm: GC_CONCURRENT freed 385K, 11% free 9707K/10887K, paused 2ms+3ms
07-26 13:22:27.808   761   763 D dalvikvm: GC_CONCURRENT freed 444K, 12% free 9647K/10887K, paused 2ms+2ms
07-26 13:22:28.046   141   202 D Tethering: MasterInitialState.processMessage what=3
07-26 13:22:28.148   963   963 I MediaUploader: No need to wake up
07-26 13:22:28.152   845   845 I PhoneLab-WiFiReceiver: Wi-Fi is disconnected!
07-26 13:22:28.156   942   955 D PicasaSyncManager: active network: null
07-26 13:22:28.156   942   955 D PicasaSyncManager: background data: true
07-26 13:22:28.546   761   763 D dalvikvm: GC_CONCURRENT freed 347K, 12% free 9689K/10887K, paused 2ms+2ms
07-26 13:22:29.058   761  1229 W Gmail   : Successful index run, cancel next scheduled index run
07-26 13:22:29.086   141   300 I ActivityManager: No longer want com.google.android.apps.maps:LocationFriendService (pid 912): hidden #16
07-26 13:22:29.171   141   153 D dalvikvm: GC_FOR_ALLOC freed 551K, 9% free 13255K/14471K, paused 42ms
07-26 13:22:29.171   141   153 I dalvikvm-heap: Grow heap (frag case) to 13.142MB for 129616-byte allocation
07-26 13:22:29.211   141   153 D dalvikvm: GC_FOR_ALLOC freed 52K, 9% free 13330K/14599K, paused 39ms
07-26 13:22:32.261   141   198 D ConnectivityService: ConnectivityChange for mobile: CONNECTED/CONNECTED
07-26 13:22:32.339   141   194 D NetworkPolicy: applying policy NetworkPolicy[NetworkTemplate: matchRule=MOBILE_ALL, subscriberId=valid]: cycleDay=8, warningBytes=2147483648, limitBytes=-1, lastSnooze=-1 to ifaces [rmnet0]
07-26 13:22:33.265   141   198 D ConnectivityService: NetTransition Wakelock for WifiStateMachine released by timeout
07-26 13:23:02.043   278   278 I wpa_supplicant: wlan0: CTRL-EVENT-DISCONNECTED bssid=d0:c2:82:2d:e5:b1 reason=0
07-26 13:23:03.619   141   202 D Tethering: MasterInitialState.processMessage what=3
07-26 13:23:03.627   278   278 I wpa_supplicant: wlan0: Trying to associate with d0:c2:82:2d:e5:b1 (SSID='UB_Secure' freq=2412 MHz)
07-26 13:23:03.682   278   278 I wpa_supplicant: wlan0: Associated with d0:c2:82:2d:e5:b1
07-26 13:23:03.686   278   278 I wpa_supplicant: wlan0: CTRL-EVENT-EAP-STARTED EAP authentication started
07-26 13:23:03.689   278   278 I wpa_supplicant: wlan0: CTRL-EVENT-EAP-PROPOSED-METHOD vendor=0 method=4 -> NAK
07-26 13:23:03.693   278   278 I wpa_supplicant: wlan0: CTRL-EVENT-EAP-PROPOSED-METHOD vendor=0 method=25
07-26 13:23:03.693   278   278 I wpa_supplicant: wlan0: CTRL-EVENT-EAP-METHOD EAP vendor 0 method 25 (PEAP) selected
07-26 13:23:03.701   278   278 I wpa_supplicant: EAP-TLV: TLV Result - Success - EAP-TLV/Phase2 Completed
07-26 13:23:03.717   963   963 I MediaUploader: No need to wake up
07-26 13:23:03.732   942   955 D PicasaSyncManager: active network: NetworkInfo: type: mobile[CDMA - EvDo rev. A], state: CONNECTED/CONNECTED, reason: (unspecified), extra: , roaming: false, failover: true, isAvailable: true
07-26 13:23:03.736   942   955 D PicasaSyncManager: background data: true
07-26 13:23:03.830   301   303 D dalvikvm: GC_CONCURRENT freed 630K, 9% free 9472K/10311K, paused 2ms+3ms
07-26 13:23:03.971   301   303 D dalvikvm: GC_CONCURRENT freed 424K, 9% free 9445K/10311K, paused 2ms+3ms
07-26 13:23:08.777   277   277 I GTalkService/c: [AndroidEndpoint@1095044536] connect: acct=1000000, state=CONNECTING
07-26 13:23:08.781   277   277 I GTalkService/c: [GTalkConnection@1095199736] connect: acct=1, state=CONNECTING
07-26 13:23:11.625   277   280 D dalvikvm: GC_CONCURRENT freed 411K, 5% free 10433K/10951K, paused 15ms+4ms
07-26 13:23:14.004   141   198 D ConnectivityService: handleInetConditionHoldEnd: net=0, condition=100, published condition=0
07-26 13:23:34.175   761  1326 I Gmail   : MainSyncRequestProto: lowestBkwdConvoId: 0, highestHandledServerOp: 4208648, normalSync: true
07-26 13:23:36.410   761   763 D dalvikvm: GC_CONCURRENT freed 418K, 12% free 9671K/10887K, paused 1ms+3ms
07-26 13:23:36.851   761   763 D dalvikvm: GC_CONCURRENT freed 380K, 12% free 9689K/10887K, paused 2ms+3ms
07-26 13:23:36.957   761  1326 D dalvikvm: GC_EXPLICIT freed 231K, 12% free 9657K/10887K, paused 2ms+4ms
07-26 13:23:36.965   761  1326 I Gmail   : MainSyncRequestProto: lowestBkwdConvoId: 0, highestHandledServerOp: 4208697, normalSync: true
07-26 13:23:36.976   761  1326 W Gmail   : Scheduling index for 300000 ms from now
07-26 13:23:37.000   761  1326 I Gmail   : Sending notification intent: Intent { act=android.intent.action.PROVIDER_CHANGED dat=content://gmail-ls/unread/^i (has extras) }
07-26 13:23:37.031   761  1326 I Gmail   : Sending notification intent: Intent { act=android.intent.action.PROVIDER_CHANGED dat=content://gmail-ls/unread/^iim (has extras) }
07-26 13:23:37.031   761  1330 W Gmail   : Showing notification with unreadCount of 111 and unseenCount of 111
07-26 13:23:37.433   301   303 D dalvikvm: GC_CONCURRENT freed 291K, 8% free 9549K/10311K, paused 1ms+3ms
07-26 13:23:37.570   301  1333 I DownloadManager: Initiating request for download 659
07-26 13:23:38.910   301   303 D dalvikvm: GC_CONCURRENT freed 477K, 9% free 9472K/10311K, paused 1ms+3ms
07-26 13:23:39.675   278   278 I wpa_supplicant: wlan0: CTRL-EVENT-DISCONNECTED bssid=d0:c2:82:2d:e5:b1 reason=0
07-26 13:23:40.175   212   214 D dalvikvm: GC_CONCURRENT freed 333K, 7% free 10192K/10887K, paused 12ms+2ms
07-26 13:23:40.863   301   303 D dalvikvm: GC_CONCURRENT freed 456K, 9% free 9420K/10311K, paused 1ms+2ms
07-26 13:23:40.949   278   278 I wpa_supplicant: wlan0: Trying to associate with d0:c2:82:67:e7:61 (SSID='UB_Secure' freq=2437 MHz)
07-26 13:23:41.090   212   212 D dalvikvm: GC_FOR_ALLOC freed 298K, 7% free 10219K/10887K, paused 15ms
07-26 13:23:41.113   278   278 I wpa_supplicant: wlan0: Associated with d0:c2:82:67:e7:61
07-26 13:23:41.113   278   278 I wpa_supplicant: wlan0: CTRL-EVENT-EAP-STARTED EAP authentication started
07-26 13:23:41.121   278   278 I wpa_supplicant: wlan0: CTRL-EVENT-EAP-PROPOSED-METHOD vendor=0 method=4 -> NAK
07-26 13:23:41.125   278   278 I wpa_supplicant: wlan0: CTRL-EVENT-EAP-PROPOSED-METHOD vendor=0 method=25
07-26 13:23:41.125   278   278 I wpa_supplicant: wlan0: CTRL-EVENT-EAP-METHOD EAP vendor 0 method 25 (PEAP) selected
07-26 13:23:41.125   212   212 D dalvikvm: GC_FOR_ALLOC freed 191K, 7% free 10206K/10887K, paused 22ms
07-26 13:23:41.132   278   278 I wpa_supplicant: EAP-TLV: TLV Result - Success - EAP-TLV/Phase2 Completed
07-26 13:23:41.172   212   212 D dalvikvm: GC_FOR_ALLOC freed 154K, 7% free 10206K/10887K, paused 15ms
07-26 13:23:41.343   212   212 D dalvikvm: GC_FOR_ALLOC freed 284K, 7% free 10204K/10887K, paused 29ms
07-26 13:23:41.972   301  1336 I DownloadManager: deleting /data/data/com.android.providers.downloads/cache/downloadfile-67.jpeg
07-26 13:23:42.203   141   143 D dalvikvm: GC_CONCURRENT freed 988K, 9% free 13292K/14599K, paused 26ms+5ms
07-26 13:23:42.308   301  1339 I DownloadManager: Initiating request for download 660
07-26 13:23:43.015   301   303 D dalvikvm: GC_CONCURRENT freed 374K, 9% free 9435K/10311K, paused 12ms+2ms
07-26 13:23:44.668   301   303 D dalvikvm: GC_CONCURRENT freed 428K, 9% free 9418K/10311K, paused 2ms+3ms
07-26 13:23:44.691   301  1343 I DownloadManager: Initiating request for download 660
07-26 13:23:44.691   301  1343 W DownloadManager: Aborting request for download 660: Trying to resume a download that can't be resumed
07-26 13:23:44.855   141   300 D dalvikvm: GC_EXPLICIT freed 116K, 10% free 13221K/14599K, paused 4ms+5ms
07-26 13:23:45.429   301   303 D dalvikvm: GC_CONCURRENT freed 303K, 8% free 9510K/10311K, paused 1ms+2ms
07-26 13:23:45.656   301   303 D dalvikvm: GC_CONCURRENT freed 296K, 7% free 9609K/10311K, paused 1ms+3ms
07-26 13:23:45.715   301  1347 I DownloadManager: Initiating request for download 661
07-26 13:23:47.234   301   303 D dalvikvm: GC_CONCURRENT freed 397K, 7% free 9599K/10311K, paused 12ms+2ms
07-26 13:23:47.410   761   763 D dalvikvm: GC_CONCURRENT freed 331K, 11% free 9715K/10887K, paused 1ms+3ms
07-26 13:23:47.414   761  1350 E Gmail   : No attachments found with downloadId 661
07-26 13:23:47.418   301  1351 I DownloadManager: Initiating request for download 661
07-26 13:23:47.422   301  1351 W DownloadManager: Aborting request for download 661: Trying to resume a download that can't be resumed
07-26 13:23:47.625   301   303 D dalvikvm: GC_CONCURRENT freed 346K, 7% free 9645K/10311K, paused 2ms+4ms
07-26 13:23:47.785   301   303 D dalvikvm: GC_CONCURRENT freed 275K, 6% free 9765K/10311K, paused 2ms+3ms
07-26 13:24:17.011   278   278 I wpa_supplicant: wlan0: CTRL-EVENT-DISCONNECTED bssid=d0:c2:82:67:e7:61 reason=0
07-26 13:24:19.011   278   278 I wpa_supplicant: wlan0: Trying to associate with d0:c2:82:2d:e5:b1 (SSID='UB_Secure' freq=2412 MHz)
07-26 13:24:19.195   278   278 I wpa_supplicant: wlan0: Associated with d0:c2:82:2d:e5:b1
07-26 13:24:19.195   278   278 I wpa_supplicant: wlan0: CTRL-EVENT-EAP-STARTED EAP authentication started
07-26 13:24:19.207   278   278 I wpa_supplicant: wlan0: CTRL-EVENT-EAP-PROPOSED-METHOD vendor=0 method=4 -> NAK
07-26 13:24:19.226   278   278 I wpa_supplicant: wlan0: CTRL-EVENT-EAP-PROPOSED-METHOD vendor=0 method=25
07-26 13:24:19.226   278   278 I wpa_supplicant: wlan0: CTRL-EVENT-EAP-METHOD EAP vendor 0 method 25 (PEAP) selected
07-26 13:24:19.234   278   278 I wpa_supplicant: EAP-TLV: TLV Result - Success - EAP-TLV/Phase2 Completed
07-26 13:24:21.117   141   152 D AlarmManagerService: Kernel timezone updated to 240 minutes west of GMT
07-26 13:24:21.121   357   357 D SystemClock: Setting time of day to sec=1343323462
07-26 13:24:22.123  1164  1177 V AlarmClock: AlarmInitReceiver finished
07-26 13:24:56.019   278   278 I wpa_supplicant: wlan0: CTRL-EVENT-DISCONNECTED bssid=d0:c2:82:2d:e5:b1 reason=0
07-26 13:24:56.050   544   546 D dalvikvm: GC_CONCURRENT freed 284K, 5% free 9268K/9671K, paused 5ms+3ms
07-26 13:24:58.082   277   280 D dalvikvm: GC_CONCURRENT freed 441K, 6% free 10438K/11015K, paused 7ms+3ms
07-26 13:25:02.605   141   375 D AlarmManagerService: Kernel timezone updated to 240 minutes west of GMT
07-26 13:27:25.015   278   278 I wpa_supplicant: wlan0: Authentication with 00:00:00:00:00:00 timed out.
07-26 13:27:46.160   761  1361 I Gmail   : MainSyncRequestProto: lowestBkwdConvoId: 0, highestHandledServerOp: 4208697, normalSync: true
07-26 13:27:47.511   761   763 D dalvikvm: GC_CONCURRENT freed 418K, 11% free 9696K/10887K, paused 2ms+3ms
07-26 13:27:47.613   761  1361 D dalvikvm: GC_EXPLICIT freed 158K, 12% free 9680K/10887K, paused 2ms+2ms
07-26 13:27:47.625   761  1361 I Gmail   : MainSyncRequestProto: lowestBkwdConvoId: 0, highestHandledServerOp: 4208778, normalSync: true
07-26 13:27:48.687   761  1361 D dalvikvm: GC_EXPLICIT freed 230K, 11% free 9704K/10887K, paused 2ms+2ms
07-26 13:27:48.699   761  1361 I Gmail   : MainSyncRequestProto: lowestBkwdConvoId: 0, highestHandledServerOp: 4208778, normalSync: true
07-26 13:27:48.707   761  1361 W Gmail   : Scheduling index for 300000 ms from now
07-26 13:27:48.734   761  1361 I Gmail   : Sending notification intent: Intent { act=android.intent.action.PROVIDER_CHANGED dat=content://gmail-ls/unread/^i (has extras) }
07-26 13:27:48.765   761  1362 W Gmail   : Showing notification with unreadCount of 112 and unseenCount of 112
07-26 13:27:48.859   212   214 D dalvikvm: GC_CONCURRENT freed 222K, 5% free 10443K/10887K, paused 7ms+2ms
07-26 13:27:48.894   212   212 D dalvikvm: GC_FOR_ALLOC freed 211K, 6% free 10416K/11079K, paused 15ms
07-26 13:27:49.144   212   212 D dalvikvm: GC_FOR_ALLOC freed 404K, 8% free 10197K/11079K, paused 16ms
07-26 13:27:49.281   301   303 D dalvikvm: GC_CONCURRENT freed 347K, 5% free 9833K/10311K, paused 2ms+6ms
07-26 13:27:49.445   301  1364 I DownloadManager: Initiating request for download 662
07-26 13:27:49.523   301   303 D dalvikvm: GC_CONCURRENT freed 477K, 6% free 9766K/10375K, paused 2ms+3ms
07-26 13:27:50.890   761  1367 E Gmail   : No attachments found with downloadId 662
07-26 13:27:50.921   301  1368 I DownloadManager: Initiating request for download 662
07-26 13:27:50.921   301  1368 W DownloadManager: Aborting request for download 662: Trying to resume a download that can't be resumed
07-26 13:27:50.972   301   303 D dalvikvm: GC_CONCURRENT freed 426K, 7% free 9737K/10375K, paused 2ms+2ms
07-26 13:28:16.203   278   278 I wpa_supplicant: wlan0: Trying to associate with d0:c2:82:67:e7:61 (SSID='UB_Secure' freq=2437 MHz)
07-26 13:28:16.375   278   278 I wpa_supplicant: wlan0: Associated with d0:c2:82:67:e7:61
07-26 13:28:16.375   278   278 I wpa_supplicant: wlan0: CTRL-EVENT-EAP-STARTED EAP authentication started
07-26 13:28:16.379   278   278 I wpa_supplicant: wlan0: CTRL-EVENT-EAP-PROPOSED-METHOD vendor=0 method=4 -> NAK
07-26 13:28:16.382   278   278 I wpa_supplicant: wlan0: CTRL-EVENT-EAP-PROPOSED-METHOD vendor=0 method=25
07-26 13:28:16.382   278   278 I wpa_supplicant: wlan0: CTRL-EVENT-EAP-METHOD EAP vendor 0 method 25 (PEAP) selected
07-26 13:28:16.386   278   278 I wpa_supplicant: EAP-TLV: TLV Result - Success - EAP-TLV/Phase2 Completed
07-26 13:28:23.953   141   153 D AlarmManagerService: Kernel timezone updated to 240 minutes west of GMT
07-26 13:28:53.011   278   278 I wpa_supplicant: wlan0: CTRL-EVENT-DISCONNECTED bssid=d0:c2:82:67:e7:61 reason=0
07-26 13:28:54.531   278   278 I wpa_supplicant: wlan0: Trying to associate with d0:c2:82:2d:e5:b1 (SSID='UB_Secure' freq=2412 MHz)
07-26 13:28:54.652   141   143 D dalvikvm: GC_CONCURRENT freed 790K, 9% free 13361K/14599K, paused 5ms+6ms
07-26 13:28:58.011   278   278 I wpa_supplicant: wlan0: CTRL-EVENT-DISCONNECTED bssid=d0:c2:82:2d:e5:b1 reason=0
07-26 13:28:58.625   278   278 I wpa_supplicant: wlan0: Trying to associate with d0:c2:82:2d:e5:b1 (SSID='UB_Secure' freq=2412 MHz)
07-26 13:28:58.875   278   278 I wpa_supplicant: wlan0: Associated with d0:c2:82:2d:e5:b1
07-26 13:28:58.879   278   278 I wpa_supplicant: wlan0: CTRL-EVENT-EAP-STARTED EAP authentication started
07-26 13:28:58.882   278   278 I wpa_supplicant: wlan0: CTRL-EVENT-EAP-PROPOSED-METHOD vendor=0 method=4 -> NAK
07-26 13:28:58.886   278   278 I wpa_supplicant: wlan0: CTRL-EVENT-EAP-PROPOSED-METHOD vendor=0 method=25
07-26 13:28:58.886   278   278 I wpa_supplicant: wlan0: CTRL-EVENT-EAP-METHOD EAP vendor 0 method 25 (PEAP) selected
07-26 13:28:58.890   278   278 I wpa_supplicant: EAP-TLV: TLV Result - Success - EAP-TLV/Phase2 Completed
07-26 13:28:58.945    76   113 D NetlinkEvent: Unexpected netlink message. type=0x0
07-26 13:29:33.644   761  1374 I Gmail   : MainSyncRequestProto: lowestBkwdConvoId: 0, highestHandledServerOp: 4208778, normalSync: true
07-26 13:29:34.679   845   991 I PhoneLab-: Service Running
07-26 13:29:34.750   845   991 I PhoneLab-LoggerService: app_38    995   845   1428   1052  c00f181c 400107b4 S logcat
07-26 13:29:34.750   845   991 I PhoneLab-LoggerService: Logcat pid from database 995
07-26 13:29:34.750   845   991 I PhoneLab-LoggerService: Logcat process found 995
07-26 13:29:34.750   845   991 I PhoneLab-LoggerService: Checking Threshold
07-26 13:29:34.750   845   991 I PhoneLab-: Service Running
07-26 13:29:34.777   845   991 I PhoneLab-LoggerService: app_38    995   845   1428   1052  c00f181c 400107b4 S logcat
07-26 13:29:34.777   845   991 I PhoneLab-LoggerService: Logcat pid from database 995
07-26 13:29:34.777   845   991 I PhoneLab-LoggerService: Logcat process found 995
07-26 13:29:34.777   845   991 I PhoneLab-LoggerService: Checking Threshold
07-26 13:29:34.777   845   991 I PhoneLab-: Service Running
07-26 13:29:34.804   845   991 I PhoneLab-LoggerService: app_38    995   845   1428   1052  c00f181c 400107b4 S logcat
07-26 13:29:34.804   845   991 I PhoneLab-LoggerService: Logcat pid from database 995
07-26 13:29:34.804   845   991 I PhoneLab-LoggerService: Logcat process found 995
07-26 13:29:34.804   845   991 I PhoneLab-LoggerService: Checking Threshold
07-26 13:29:34.914   761   763 D dalvikvm: GC_CONCURRENT freed 350K, 11% free 9751K/10887K, paused 2ms+2ms
07-26 13:29:35.074   278   278 I wpa_supplicant: wlan0: CTRL-EVENT-DISCONNECTED bssid=d0:c2:82:2d:e5:b1 reason=0
07-26 13:29:35.078    76   113 D NetlinkEvent: Unexpected netlink message. type=0x0
07-26 13:29:35.343   761   763 D dalvikvm: GC_CONCURRENT freed 446K, 11% free 9703K/10887K, paused 1ms+3ms
07-26 13:29:35.429   761  1374 D dalvikvm: GC_EXPLICIT freed 159K, 12% free 9678K/10887K, paused 2ms+2ms
07-26 13:29:35.441   761  1374 I Gmail   : MainSyncRequestProto: lowestBkwdConvoId: 0, highestHandledServerOp: 4208842, normalSync: true
07-26 13:29:35.449   761  1374 W Gmail   : Scheduling index for 300000 ms from now
07-26 13:29:35.488   761  1374 I Gmail   : Sending notification intent: Intent { act=android.intent.action.PROVIDER_CHANGED dat=content://gmail-ls/unread/^i (has extras) }
07-26 13:29:35.527   761  1378 W Gmail   : Showing notification with unreadCount of 111 and unseenCount of 111
07-26 13:29:35.629   212   214 D dalvikvm: GC_CONCURRENT freed 180K, 7% free 10405K/11079K, paused 1ms+3ms
07-26 13:29:35.847   301   303 D dalvikvm: GC_CONCURRENT freed 376K, 7% free 9750K/10375K, paused 2ms+4ms
07-26 13:29:36.043   301   303 D dalvikvm: GC_CONCURRENT freed 705K, 9% free 9442K/10375K, paused 4ms+7ms
07-26 13:29:36.191   141   153 D dalvikvm: GC_EXPLICIT freed 349K, 10% free 13259K/14599K, paused 3ms+5ms
07-26 13:29:36.195   301  1380 I DownloadManager: Initiating request for download 663
07-26 13:29:36.734   278   278 I wpa_supplicant: wlan0: Trying to associate with d0:c2:82:2d:e5:b1 (SSID='UB_Secure' freq=2412 MHz)
07-26 13:29:36.796   301   303 D dalvikvm: GC_CONCURRENT freed 379K, 9% free 9459K/10375K, paused 3ms+3ms
07-26 13:29:37.691   761  1383 E Gmail   : No attachments found with downloadId 663
07-26 13:29:37.718   301  1384 I DownloadManager: Initiating request for download 663
07-26 13:29:37.718   301  1384 W DownloadManager: Aborting request for download 663: Trying to resume a download that can't be resumed
07-26 13:29:37.867   301   303 D dalvikvm: GC_CONCURRENT freed 416K, 10% free 9437K/10375K, paused 1ms+2ms
07-26 13:29:38.019   301   303 D dalvikvm: GC_CONCURRENT freed 249K, 8% free 9576K/10375K, paused 2ms+3ms
07-26 13:29:41.011   278   278 I wpa_supplicant: wlan0: CTRL-EVENT-DISCONNECTED bssid=d0:c2:82:2d:e5:b1 reason=0
07-26 13:29:41.621   278   278 I wpa_supplicant: wlan0: Trying to associate with d0:c2:82:2d:e6:21 (SSID='UB_Secure' freq=2437 MHz)
07-26 13:29:44.214   141   153 D AlarmManagerService: Kernel timezone updated to 240 minutes west of GMT
07-26 13:30:04.086   278   278 I wpa_supplicant: wlan0: Authentication with d0:c2:82:2d:e6:21 timed out.
07-26 13:32:07.683   845   845 I PhoneLab-Locks: wake lock acquired
07-26 13:32:07.687   845   845 I PhoneLab-StatusMonitor: Status Monitoring is started
07-26 13:32:07.738   845   847 D dalvikvm: GC_CONCURRENT freed 465K, 14% free 9265K/10759K, paused 2ms+3ms
07-26 13:32:07.761   845   845 I PhoneLab-StatusMonitor: Value: 10 - unit: min
07-26 13:32:07.761   845   845 I PhoneLab-StatusMonitor: Running interval: 600000
07-26 13:32:07.765   845   845 I PhoneLab-StatusMonitor: Rescheduling status monitoring...
07-26 13:32:07.769   845   845 I PhoneLab-Locks: wake lock released
07-26 13:32:25.011   845   845 I PhoneLab-StatusMonitorLocation: Learning Location
07-26 13:32:25.011   845   845 I PhoneLab-Locks: wake lock acquired
07-26 13:32:25.023   845   845 I PhoneLab-Locks: wake lock acquired
07-26 13:32:25.031   845   845 I PhoneLab-StatusMonitorLocation: Learning Signal Strgth
07-26 13:32:25.031   845   845 I PhoneLab-Locks: wake lock acquired
07-26 13:32:25.039   277   572 D androidNetworkLocationListeners: Still have listener com.google.android.location.internal.client.NetworkLocationClient$1@413a05f8
07-26 13:32:25.047   277   572 D androidNetworkLocationListeners: Still have listener com.google.android.location.internal.client.NetworkLocationClient$1@413a05f8
07-26 13:32:25.050   845   845 I PhoneLab-StatusMonitorBattery: Battery_level: 89
07-26 13:32:25.054   845   845 I PhoneLab-Locks: wake lock released
07-26 13:32:25.058   845   845 I PhoneLab-StatusMonitorSignal: Signal_Strength: -96 asu: 9
07-26 13:32:25.058   845   845 I PhoneLab-Locks: wake lock released
07-26 13:32:25.570   278   278 I wpa_supplicant: wlan0: Trying to associate with d0:c2:82:2d:e6:21 (SSID='UB_Secure' freq=2437 MHz)
07-26 13:32:25.625   277   623 D WifiLocator: Too many cache  misses. Need server request. hasLocation=0 noLocation=1 cacheMiss=9
07-26 13:32:25.625   277   623 D NetworkLocator: New location significantly newer than previous. Reporting it.
07-26 13:32:25.640   278   278 I wpa_supplicant: wlan0: Associated with d0:c2:82:2d:e6:21
07-26 13:32:25.640   278   278 I wpa_supplicant: wlan0: CTRL-EVENT-EAP-STARTED EAP authentication started
07-26 13:32:25.644   278   278 I wpa_supplicant: wlan0: CTRL-EVENT-EAP-PROPOSED-METHOD vendor=0 method=4 -> NAK
07-26 13:32:25.648   278   278 I wpa_supplicant: wlan0: CTRL-EVENT-EAP-PROPOSED-METHOD vendor=0 method=25
07-26 13:32:25.648   278   278 I wpa_supplicant: wlan0: CTRL-EVENT-EAP-METHOD EAP vendor 0 method 25 (PEAP) selected
07-26 13:32:25.652   278   278 I wpa_supplicant: EAP-TLV: TLV Result - Success - EAP-TLV/Phase2 Completed
07-26 13:32:25.656   277   594 I System.out: [INFO:2436830]: LogSource: Running flush
07-26 13:32:25.656   845   845 I PhoneLab-StatusMonitorLocation: Location_Latitude: 42.9862078 Longitude: -78.6938079 Accuracy: 2380.0
07-26 13:32:25.656   277   572 D androidNetworkLocationListeners: Still have listener com.google.android.location.internal.client.NetworkLocationClient$1@413a05f8
07-26 13:32:25.660   845   845 I PhoneLab-Locks: wake lock released
07-26 13:32:25.668   277   595 I System.out: [INFO:2436842]: LogSource: Sending payload [bytes=472]
07-26 13:32:25.711    76   113 D NetlinkEvent: Unexpected netlink message. type=0x0
07-26 13:32:28.144   277   595 I System.out: [INFO:2439319]: LogSource: Response [http=200,length=289]
07-26 13:32:28.152   277   594 I System.out: [INFO:2439325]: LogSource: Read id 4, status code 200
07-26 13:32:28.199   277   623 D WifiLocator: Too many no-location APs. Will not compute a location nor go to the server. hasLocation=0 noLocation=0 cacheMiss=0
07-26 13:32:32.160   761  1394 I Gmail   : MainSyncRequestProto: lowestBkwdConvoId: 0, highestHandledServerOp: 4208842, normalSync: true
07-26 13:32:32.843   761   763 D dalvikvm: GC_CONCURRENT freed 331K, 11% free 9742K/10887K, paused 2ms+3ms
07-26 13:32:33.211   761   763 D dalvikvm: GC_CONCURRENT freed 469K, 12% free 9685K/10887K, paused 1ms+2ms
07-26 13:32:33.304   761  1394 D dalvikvm: GC_EXPLICIT freed 175K, 12% free 9678K/10887K, paused 2ms+2ms
07-26 13:32:33.316   761  1394 I Gmail   : MainSyncRequestProto: lowestBkwdConvoId: 0, highestHandledServerOp: 4208919, normalSync: true
07-26 13:32:34.066   761  1394 D dalvikvm: GC_EXPLICIT freed 216K, 11% free 9704K/10887K, paused 4ms+3ms
07-26 13:32:34.074   761  1394 I Gmail   : MainSyncRequestProto: lowestBkwdConvoId: 0, highestHandledServerOp: 4208919, normalSync: true
07-26 13:32:34.086   761  1394 W Gmail   : Scheduling index for 300000 ms from now
07-26 13:32:34.109   761  1394 I Gmail   : Sending notification intent: Intent { act=android.intent.action.PROVIDER_CHANGED dat=content://gmail-ls/unread/^i (has extras) }
07-26 13:32:34.136   761  1394 I Gmail   : Sending notification intent: Intent { act=android.intent.action.PROVIDER_CHANGED dat=content://gmail-ls/unread/^iim (has extras) }
07-26 13:32:34.140   761  1395 W Gmail   : Showing notification with unreadCount of 111 and unseenCount of 111
07-26 13:32:34.414   301   303 D dalvikvm: GC_CONCURRENT freed 335K, 8% free 9634K/10375K, paused 2ms+4ms
07-26 13:32:34.574   301   303 D dalvikvm: GC_CONCURRENT freed 424K, 8% free 9607K/10375K, paused 2ms+4ms
07-26 13:32:34.648   301  1398 I DownloadManager: Initiating request for download 664
07-26 13:32:35.812   301   303 D dalvikvm: GC_CONCURRENT freed 381K, 8% free 9610K/10375K, paused 12ms+2ms
07-26 13:32:35.929   761  1401 E Gmail   : No attachments found with downloadId 664
07-26 13:32:35.949   301  1402 I DownloadManager: Initiating request for download 664
07-26 13:32:35.949   301  1402 W DownloadManager: Aborting request for download 664: Trying to resume a download that can't be resumed
07-26 13:32:36.066   301   700 D dalvikvm: GC_EXPLICIT freed 283K, 8% free 9571K/10375K, paused 2ms+7ms
07-26 13:32:36.226   301   303 D dalvikvm: GC_CONCURRENT freed 242K, 7% free 9724K/10375K, paused 2ms+4ms
07-26 13:33:01.503   278   278 I wpa_supplicant: wlan0: CTRL-EVENT-DISCONNECTED bssid=d0:c2:82:2d:e6:21 reason=0
07-26 13:33:01.507    76   113 D NetlinkEvent: Unexpected netlink message. type=0x0
07-26 13:33:03.179   278   278 I wpa_supplicant: wlan0: Trying to associate with d0:c2:82:67:e7:61 (SSID='UB_Secure' freq=2437 MHz)
07-26 13:33:03.246   277   287 I dalvikvm: Jit: resizing JitTable from 4096 to 8192
07-26 13:33:03.285   278   278 I wpa_supplicant: wlan0: Associated with d0:c2:82:67:e7:61
07-26 13:33:03.300   278   278 I wpa_supplicant: wlan0: CTRL-EVENT-EAP-STARTED EAP authentication started
07-26 13:33:03.304   278   278 I wpa_supplicant: wlan0: CTRL-EVENT-EAP-PROPOSED-METHOD vendor=0 method=4 -> NAK
07-26 13:33:03.308   278   278 I wpa_supplicant: wlan0: CTRL-EVENT-EAP-PROPOSED-METHOD vendor=0 method=25
07-26 13:33:03.308   278   278 I wpa_supplicant: wlan0: CTRL-EVENT-EAP-METHOD EAP vendor 0 method 25 (PEAP) selected
07-26 13:33:03.316   278   278 I wpa_supplicant: EAP-TLV: TLV Result - Success - EAP-TLV/Phase2 Completed
07-26 13:33:03.394    76   113 D NetlinkEvent: Unexpected netlink message. type=0x0
07-26 13:33:09.644   845   991 I PhoneLab-: Service Running
07-26 13:33:09.714   845   991 I PhoneLab-LoggerService: app_38    995   845   1428   1052  c00f181c 400107b4 S logcat
07-26 13:33:09.714   845   991 I PhoneLab-LoggerService: Logcat pid from database 995
07-26 13:33:09.714   845   991 I PhoneLab-LoggerService: Logcat process found 995
07-26 13:33:09.714   845   991 I PhoneLab-LoggerService: Checking Threshold
07-26 13:33:09.714   845   991 I PhoneLab-: Service Running
07-26 13:33:09.742   845   991 I PhoneLab-LoggerService: app_38    995   845   1428   1052  c00f181c 400107b4 S logcat
07-26 13:33:09.742   845   991 I PhoneLab-LoggerService: Logcat pid from database 995
07-26 13:33:09.742   845   991 I PhoneLab-LoggerService: Logcat process found 995
07-26 13:33:09.742   845   991 I PhoneLab-LoggerService: Checking Threshold
07-26 13:33:39.011    76   113 D NetlinkEvent: Unexpected netlink message. type=0x0
07-26 13:33:39.015   278   278 I wpa_supplicant: wlan0: CTRL-EVENT-DISCONNECTED bssid=d0:c2:82:67:e7:61 reason=0
07-26 13:33:41.015   278   278 I wpa_supplicant: wlan0: Trying to associate with d0:c2:82:2d:e5:b1 (SSID='UB_Secure' freq=2412 MHz)
07-26 13:33:41.191   278   278 I wpa_supplicant: wlan0: Associated with d0:c2:82:2d:e5:b1
07-26 13:33:41.191   278   278 I wpa_supplicant: wlan0: CTRL-EVENT-EAP-STARTED EAP authentication started
07-26 13:33:41.199   278   278 I wpa_supplicant: wlan0: CTRL-EVENT-EAP-PROPOSED-METHOD vendor=0 method=4 -> NAK
07-26 13:33:41.203   278   278 I wpa_supplicant: wlan0: CTRL-EVENT-EAP-PROPOSED-METHOD vendor=0 method=25
07-26 13:33:41.203   278   278 I wpa_supplicant: wlan0: CTRL-EVENT-EAP-METHOD EAP vendor 0 method 25 (PEAP) selected
07-26 13:33:41.226   278   278 I wpa_supplicant: EAP-TLV: TLV Result - Success - EAP-TLV/Phase2 Completed
07-26 13:33:41.277    76   113 D NetlinkEvent: Unexpected netlink message. type=0x0
07-26 13:34:17.019   278   278 I wpa_supplicant: wlan0: CTRL-EVENT-DISCONNECTED bssid=d0:c2:82:2d:e5:b1 reason=0
07-26 13:34:17.019    76   113 D NetlinkEvent: Unexpected netlink message. type=0x0
07-26 13:34:18.300   278   278 I wpa_supplicant: wlan0: Trying to associate with d0:c2:82:2d:e5:b1 (SSID='UB_Secure' freq=2412 MHz)
07-26 13:34:18.347   278   278 I wpa_supplicant: wlan0: Associated with d0:c2:82:2d:e5:b1
07-26 13:34:18.351   278   278 I wpa_supplicant: wlan0: CTRL-EVENT-EAP-STARTED EAP authentication started
07-26 13:34:18.355   278   278 I wpa_supplicant: wlan0: CTRL-EVENT-EAP-PROPOSED-METHOD vendor=0 method=4 -> NAK
07-26 13:34:18.359   278   278 I wpa_supplicant: wlan0: CTRL-EVENT-EAP-PROPOSED-METHOD vendor=0 method=25
07-26 13:34:18.359   278   278 I wpa_supplicant: wlan0: CTRL-EVENT-EAP-METHOD EAP vendor 0 method 25 (PEAP) selected
07-26 13:34:18.367   278   278 I wpa_supplicant: EAP-TLV: TLV Result - Success - EAP-TLV/Phase2 Completed
07-26 13:34:18.402    76   113 D NetlinkEvent: Unexpected netlink message. type=0x0
07-26 13:34:55.019   278   278 I wpa_supplicant: wlan0: CTRL-EVENT-DISCONNECTED bssid=d0:c2:82:2d:e5:b1 reason=0
07-26 13:34:55.019    76   113 D NetlinkEvent: Unexpected netlink message. type=0x0
07-26 13:34:56.492   278   278 I wpa_supplicant: wlan0: Trying to associate with d0:c2:82:2d:e5:b1 (SSID='UB_Secure' freq=2412 MHz)
07-26 13:34:56.515   278   278 I wpa_supplicant: wlan0: Associated with d0:c2:82:2d:e5:b1
07-26 13:34:56.519   278   278 I wpa_supplicant: wlan0: CTRL-EVENT-EAP-STARTED EAP authentication started
07-26 13:34:56.523   278   278 I wpa_supplicant: wlan0: CTRL-EVENT-EAP-PROPOSED-METHOD vendor=0 method=4 -> NAK
07-26 13:34:56.527   278   278 I wpa_supplicant: wlan0: CTRL-EVENT-EAP-PROPOSED-METHOD vendor=0 method=25
07-26 13:34:56.527   278   278 I wpa_supplicant: wlan0: CTRL-EVENT-EAP-METHOD EAP vendor 0 method 25 (PEAP) selected
07-26 13:34:56.535   278   278 I wpa_supplicant: EAP-TLV: TLV Result - Success - EAP-TLV/Phase2 Completed
07-26 13:34:56.617    76   113 D NetlinkEvent: Unexpected netlink message. type=0x0
07-26 13:35:03.093   141   143 D dalvikvm: GC_CONCURRENT freed 821K, 9% free 13377K/14599K, paused 3ms+6ms
07-26 13:35:33.011   278   278 I wpa_supplicant: wlan0: CTRL-EVENT-DISCONNECTED bssid=d0:c2:82:2d:e5:b1 reason=0
07-26 13:35:33.011    76   113 D NetlinkEvent: Unexpected netlink message. type=0x0
07-26 13:35:34.525   278   278 I wpa_supplicant: wlan0: Trying to associate with d0:c2:82:2d:e6:21 (SSID='UB_Secure' freq=2437 MHz)
07-26 13:35:34.682   278   278 I wpa_supplicant: wlan0: Associated with d0:c2:82:2d:e6:21
07-26 13:35:34.682   278   278 I wpa_supplicant: wlan0: CTRL-EVENT-EAP-STARTED EAP authentication started
07-26 13:35:34.686   278   278 I wpa_supplicant: wlan0: CTRL-EVENT-EAP-PROPOSED-METHOD vendor=0 method=4 -> NAK
07-26 13:35:34.693   278   278 I wpa_supplicant: wlan0: CTRL-EVENT-EAP-PROPOSED-METHOD vendor=0 method=25
07-26 13:35:34.693   278   278 I wpa_supplicant: wlan0: CTRL-EVENT-EAP-METHOD EAP vendor 0 method 25 (PEAP) selected
07-26 13:35:34.713   278   278 I wpa_supplicant: EAP-TLV: TLV Result - Success - EAP-TLV/Phase2 Completed
07-26 13:35:34.744    76   113 D NetlinkEvent: Unexpected netlink message. type=0x0
07-26 13:35:37.287   277   280 D dalvikvm: GC_CONCURRENT freed 380K, 5% free 10502K/11015K, paused 2ms+4ms
07-26 13:35:38.033   761  1412 I Gmail   : MainSyncRequestProto: lowestBkwdConvoId: 0, highestHandledServerOp: 4208919, normalSync: true
07-26 13:35:38.084   250   265 D dalvikvm: GC_EXPLICIT freed 220K, 6% free 9355K/9927K, paused 2ms+3ms
07-26 13:35:38.869   761   763 D dalvikvm: GC_CONCURRENT freed 342K, 11% free 9758K/10887K, paused 2ms+3ms
07-26 13:35:40.178   761   763 D dalvikvm: GC_CONCURRENT freed 372K, 11% free 9782K/10887K, paused 2ms+2ms
07-26 13:35:40.771   761  1412 D dalvikvm: GC_EXPLICIT freed 470K, 12% free 9684K/10887K, paused 32ms+3ms
07-26 13:35:40.779   761  1412 I Gmail   : MainSyncRequestProto: lowestBkwdConvoId: 0, highestHandledServerOp: 4208990, normalSync: true
07-26 13:35:40.791   761  1412 W Gmail   : Scheduling index for 300000 ms from now
07-26 13:35:40.814   761  1412 I Gmail   : Sending notification intent: Intent { act=android.intent.action.PROVIDER_CHANGED dat=content://gmail-ls/unread/^i (has extras) }
07-26 13:35:40.842   761  1413 W Gmail   : Showing notification with unreadCount of 100 and unseenCount of 100
07-26 13:35:41.010   761   908 D dalvikvm: GC_EXPLICIT freed 183K, 11% free 9712K/10887K, paused 4ms+3ms
07-26 13:35:41.178   301   303 D dalvikvm: GC_CONCURRENT freed 332K, 6% free 9785K/10375K, paused 2ms+4ms
07-26 13:35:41.350   301   303 D dalvikvm: GC_CONCURRENT freed 732K, 10% free 9440K/10375K, paused 1ms+3ms
07-26 13:35:41.432   301  1415 I DownloadManager: Initiating request for download 665
07-26 13:35:42.182   301   303 D dalvikvm: GC_CONCURRENT freed 372K, 9% free 9457K/10375K, paused 3ms+5ms
07-26 13:35:42.740   761  1418 E Gmail   : No attachments found with downloadId 665
07-26 13:35:42.771   301  1419 I DownloadManager: Initiating request for download 665
07-26 13:35:42.771   301  1419 W DownloadManager: Aborting request for download 665: Trying to resume a download that can't be resumed
07-26 13:35:42.932   301   303 D dalvikvm: GC_CONCURRENT freed 365K, 9% free 9477K/10375K, paused 1ms+2ms
07-26 13:35:43.092   301   303 D dalvikvm: GC_CONCURRENT freed 268K, 8% free 9605K/10375K, paused 1ms+3ms
07-26 13:35:43.268   141   438 D dalvikvm: GC_EXPLICIT freed 345K, 10% free 13283K/14599K, paused 6ms+5ms
07-26 13:36:00.885   845   991 I PhoneLab-: Service Running
07-26 13:36:00.951   845   991 I PhoneLab-LoggerService: app_38    995   845   1428   1052  c00f181c 400107b4 S logcat
07-26 13:36:00.955   845   991 I PhoneLab-LoggerService: Logcat pid from database 995
07-26 13:36:00.955   845   991 I PhoneLab-LoggerService: Logcat process found 995
07-26 13:36:00.955   845   991 I PhoneLab-LoggerService: Checking Threshold
07-26 13:36:07.150   845   991 I PhoneLab-: Service Running
07-26 13:36:07.197   845   991 I PhoneLab-LoggerService: app_38    995   845   1428   1052  c00f181c 400107b4 S logcat
07-26 13:36:07.197   845   991 I PhoneLab-LoggerService: Logcat pid from database 995
07-26 13:36:07.197   845   991 I PhoneLab-LoggerService: Logcat process found 995
07-26 13:36:07.197   845   991 I PhoneLab-LoggerService: Checking Threshold
07-26 13:36:07.201   845   847 D dalvikvm: GC_CONCURRENT freed 441K, 15% free 9221K/10759K, paused 2ms+2ms
07-26 13:36:11.011   278   278 I wpa_supplicant: wlan0: CTRL-EVENT-DISCONNECTED bssid=d0:c2:82:2d:e6:21 reason=0
07-26 13:36:11.011    76   113 D NetlinkEvent: Unexpected netlink message. type=0x0
07-26 13:36:11.097   141   141 D AlarmManagerService: Kernel timezone updated to 240 minutes west of GMT
07-26 13:36:11.109   357   357 D SystemClock: Setting time of day to sec=1343324171
07-26 13:36:11.084  1164  1177 V AlarmClock: AlarmInitReceiver finished
07-26 13:36:13.011   278   278 I wpa_supplicant: wlan0: Trying to associate with d0:c2:82:67:e7:61 (SSID='UB_Secure' freq=2437 MHz)
07-26 13:36:13.066   278   278 I wpa_supplicant: wlan0: Associated with d0:c2:82:67:e7:61
07-26 13:36:13.066   278   278 I wpa_supplicant: wlan0: CTRL-EVENT-EAP-STARTED EAP authentication started
07-26 13:36:13.074   278   278 I wpa_supplicant: wlan0: CTRL-EVENT-EAP-PROPOSED-METHOD vendor=0 method=4 -> NAK
07-26 13:36:13.078   278   278 I wpa_supplicant: wlan0: CTRL-EVENT-EAP-PROPOSED-METHOD vendor=0 method=25
07-26 13:36:13.078   278   278 I wpa_supplicant: wlan0: CTRL-EVENT-EAP-METHOD EAP vendor 0 method 25 (PEAP) selected
07-26 13:36:13.086   278   278 I wpa_supplicant: EAP-TLV: TLV Result - Success - EAP-TLV/Phase2 Completed
07-26 13:36:13.160    76   113 D NetlinkEvent: Unexpected netlink message. type=0x0
07-26 13:36:20.007   141   153 D AlarmManagerService: Kernel timezone updated to 240 minutes west of GMT
07-26 13:36:35.065   212   214 D dalvikvm: GC_CONCURRENT freed 432K, 7% free 10360K/11079K, paused 14ms+3ms
07-26 13:36:35.115   625   627 D dalvikvm: GC_CONCURRENT freed 353K, 5% free 10288K/10759K, paused 2ms+3ms
07-26 13:36:49.011   278   278 I wpa_supplicant: wlan0: CTRL-EVENT-DISCONNECTED bssid=d0:c2:82:67:e7:61 reason=0
07-26 13:36:49.011    76   113 D NetlinkEvent: Unexpected netlink message. type=0x0
07-26 13:36:50.289   278   278 I wpa_supplicant: wlan0: Trying to associate with d0:c2:82:67:e7:61 (SSID='UB_Secure' freq=2437 MHz)
07-26 13:36:55.011   278   278 I wpa_supplicant: wlan0: CTRL-EVENT-DISCONNECTED bssid=d0:c2:82:67:e7:61 reason=0
07-26 13:36:56.027   278   278 I wpa_supplicant: wlan0: Trying to associate with d0:c2:82:2d:e5:b1 (SSID='UB_Secure' freq=2412 MHz)
07-26 13:36:56.187   278   278 I wpa_supplicant: wlan0: Associated with d0:c2:82:2d:e5:b1
07-26 13:36:56.191   278   278 I wpa_supplicant: wlan0: CTRL-EVENT-EAP-STARTED EAP authentication started
07-26 13:36:56.207   278   278 I wpa_supplicant: wlan0: CTRL-EVENT-EAP-PROPOSED-METHOD vendor=0 method=4 -> NAK
07-26 13:36:56.215   278   278 I wpa_supplicant: wlan0: CTRL-EVENT-EAP-PROPOSED-METHOD vendor=0 method=25
07-26 13:36:56.215   278   278 I wpa_supplicant: wlan0: CTRL-EVENT-EAP-METHOD EAP vendor 0 method 25 (PEAP) selected
07-26 13:36:56.238   278   278 I wpa_supplicant: EAP-TLV: TLV Result - Success - EAP-TLV/Phase2 Completed
07-26 13:36:56.257    76   113 D NetlinkEvent: Unexpected netlink message. type=0x0
07-26 13:37:33.011   278   278 I wpa_supplicant: wlan0: CTRL-EVENT-DISCONNECTED bssid=d0:c2:82:2d:e5:b1 reason=0
07-26 13:37:33.011    76   113 D NetlinkEvent: Unexpected netlink message. type=0x0
07-26 13:37:35.019   278   278 I wpa_supplicant: wlan0: Trying to associate with d0:c2:82:67:e7:61 (SSID='UB_Secure' freq=2437 MHz)
07-26 13:37:38.011   278   278 I wpa_supplicant: wlan0: CTRL-EVENT-DISCONNECTED bssid=d0:c2:82:67:e7:61 reason=0
07-26 13:37:38.625   278   278 I wpa_supplicant: wlan0: Trying to associate with d0:c2:82:2d:e5:b1 (SSID='UB_Secure' freq=2412 MHz)
07-26 13:37:38.761    76   113 D NetlinkEvent: Unexpected netlink message. type=0x0
07-26 13:37:38.769   278   278 I wpa_supplicant: wlan0: Associated with d0:c2:82:2d:e5:b1
07-26 13:37:38.769   278   278 I wpa_supplicant: wlan0: CTRL-EVENT-EAP-STARTED EAP authentication started
07-26 13:37:38.785   278   278 I wpa_supplicant: wlan0: CTRL-EVENT-EAP-PROPOSED-METHOD vendor=0 method=4 -> NAK
07-26 13:37:38.789   278   278 I wpa_supplicant: wlan0: CTRL-EVENT-EAP-PROPOSED-METHOD vendor=0 method=25
07-26 13:37:38.789   278   278 I wpa_supplicant: wlan0: CTRL-EVENT-EAP-METHOD EAP vendor 0 method 25 (PEAP) selected
07-26 13:37:38.793   278   278 I wpa_supplicant: EAP-TLV: TLV Result - Success - EAP-TLV/Phase2 Completed
07-26 13:38:15.050   278   278 I wpa_supplicant: wlan0: CTRL-EVENT-DISCONNECTED bssid=d0:c2:82:2d:e5:b1 reason=0
07-26 13:38:15.050    76   113 D NetlinkEvent: Unexpected netlink message. type=0x0
07-26 13:38:47.113   761  1429 I Gmail   : MainSyncRequestProto: lowestBkwdConvoId: 0, highestHandledServerOp: 4208990, normalSync: true
07-26 13:38:48.699   761   763 D dalvikvm: GC_CONCURRENT freed 426K, 11% free 9698K/10887K, paused 2ms+3ms
07-26 13:38:48.769   278   278 I wpa_supplicant: wlan0: Authentication with 00:00:00:00:00:00 timed out.
07-26 13:38:49.121   761  1429 D dalvikvm: GC_EXPLICIT freed 115K, 12% free 9680K/10887K, paused 2ms+2ms
07-26 13:38:49.132   761  1429 I Gmail   : MainSyncRequestProto: lowestBkwdConvoId: 0, highestHandledServerOp: 4209133, normalSync: true
07-26 13:38:50.199   761  1429 D dalvikvm: GC_EXPLICIT freed 264K, 11% free 9717K/10887K, paused 3ms+4ms
07-26 13:38:50.211   761  1429 I Gmail   : MainSyncRequestProto: lowestBkwdConvoId: 0, highestHandledServerOp: 4209133, normalSync: true
07-26 13:38:50.222   761  1429 W Gmail   : Scheduling index for 300000 ms from now
07-26 13:38:50.250   761  1429 I Gmail   : Sending notification intent: Intent { act=android.intent.action.PROVIDER_CHANGED dat=content://gmail-ls/unread/^i (has extras) }
07-26 13:38:50.265   278   278 I wpa_supplicant: wlan0: Trying to associate with d0:c2:82:2d:e5:b1 (SSID='UB_Secure' freq=2412 MHz)
07-26 13:38:50.281   278   278 I wpa_supplicant: wlan0: Associated with d0:c2:82:2d:e5:b1
07-26 13:38:50.281   278   278 I wpa_supplicant: wlan0: CTRL-EVENT-EAP-STARTED EAP authentication started
07-26 13:38:50.285   278   278 I wpa_supplicant: wlan0: CTRL-EVENT-EAP-PROPOSED-METHOD vendor=0 method=4 -> NAK
07-26 13:38:50.289   278   278 I wpa_supplicant: wlan0: CTRL-EVENT-EAP-PROPOSED-METHOD vendor=0 method=25
07-26 13:38:50.289   278   278 I wpa_supplicant: wlan0: CTRL-EVENT-EAP-METHOD EAP vendor 0 method 25 (PEAP) selected
07-26 13:38:50.297   278   278 I wpa_supplicant: EAP-TLV: TLV Result - Success - EAP-TLV/Phase2 Completed
07-26 13:38:50.320   761  1430 W Gmail   : Showing notification with unreadCount of 101 and unseenCount of 101
07-26 13:38:50.328    76   113 D NetlinkEvent: Unexpected netlink message. type=0x0
07-26 13:38:50.449   141   143 D dalvikvm: GC_CONCURRENT freed 829K, 9% free 13402K/14599K, paused 3ms+6ms
07-26 13:38:50.781   301   303 D dalvikvm: GC_CONCURRENT freed 336K, 7% free 9661K/10375K, paused 2ms+6ms
07-26 13:38:50.949   301  1432 I DownloadManager: Initiating request for download 666
07-26 13:38:51.004   301   303 D dalvikvm: GC_CONCURRENT freed 585K, 9% free 9470K/10375K, paused 2ms+3ms
07-26 13:38:53.886   301   303 D dalvikvm: GC_CONCURRENT freed 415K, 9% free 9446K/10375K, paused 1ms+3ms
07-26 13:38:54.031   761  1437 E Gmail   : No attachments found with downloadId 666
07-26 13:39:26.011   278   278 I wpa_supplicant: wlan0: CTRL-EVENT-DISCONNECTED bssid=d0:c2:82:2d:e5:b1 reason=0
07-26 13:39:26.011    76   113 D NetlinkEvent: Unexpected netlink message. type=0x0
07-26 13:40:40.043   278   278 I wpa_supplicant: wlan0: Authentication with 00:00:00:00:00:00 timed out.
07-26 13:40:40.539   278   278 I wpa_supplicant: wlan0: Trying to associate with d0:c2:82:2d:e6:21 (SSID='UB_Secure' freq=2437 MHz)
07-26 13:40:40.746   278   278 I wpa_supplicant: wlan0: Associated with d0:c2:82:2d:e6:21
07-26 13:40:40.746   278   278 I wpa_supplicant: wlan0: CTRL-EVENT-EAP-STARTED EAP authentication started
07-26 13:40:40.750   278   278 I wpa_supplicant: wlan0: CTRL-EVENT-EAP-PROPOSED-METHOD vendor=0 method=4 -> NAK
07-26 13:40:40.754   278   278 I wpa_supplicant: wlan0: CTRL-EVENT-EAP-PROPOSED-METHOD vendor=0 method=25
07-26 13:40:40.754   278   278 I wpa_supplicant: wlan0: CTRL-EVENT-EAP-METHOD EAP vendor 0 method 25 (PEAP) selected
07-26 13:40:40.761   278   278 I wpa_supplicant: EAP-TLV: TLV Result - Success - EAP-TLV/Phase2 Completed
07-26 13:40:40.793    76   113 D NetlinkEvent: Unexpected netlink message. type=0x0
07-26 13:41:17.011   278   278 I wpa_supplicant: wlan0: CTRL-EVENT-DISCONNECTED bssid=d0:c2:82:2d:e6:21 reason=0
07-26 13:41:17.011    76   113 D NetlinkEvent: Unexpected netlink message. type=0x0
07-26 13:42:07.132   278   278 I wpa_supplicant: wlan0: Authentication with 00:00:00:00:00:00 timed out.
07-26 13:42:07.687   278   278 I wpa_supplicant: wlan0: Trying to associate with d0:c2:82:2d:e5:b1 (SSID='UB_Secure' freq=2412 MHz)
07-26 13:42:07.691   845   845 I PhoneLab-Locks: wake lock acquired
07-26 13:42:07.699   845   845 I PhoneLab-StatusMonitor: Status Monitoring is started
07-26 13:42:07.757   845   845 I PhoneLab-StatusMonitor: Value: 10 - unit: min
07-26 13:42:07.757   845   845 I PhoneLab-StatusMonitor: Running interval: 600000
07-26 13:42:07.765   845   847 D dalvikvm: GC_CONCURRENT freed 461K, 14% free 9272K/10759K, paused 2ms+3ms
07-26 13:42:07.769   845   845 I PhoneLab-StatusMonitor: Rescheduling status monitoring...
07-26 13:42:07.773   845   845 I PhoneLab-Locks: wake lock released
07-26 13:42:07.777   845   845 I PhoneLab-StatusMonitorLocation: Learning Location
07-26 13:42:07.777   845   845 I PhoneLab-Locks: wake lock acquired
07-26 13:42:07.832   845   845 I PhoneLab-Locks: wake lock acquired
07-26 13:42:07.836   278   278 I wpa_supplicant: wlan0: Associated with d0:c2:82:2d:e5:b1
07-26 13:42:07.836   278   278 I wpa_supplicant: wlan0: CTRL-EVENT-EAP-STARTED EAP authentication started
07-26 13:42:07.839   845   845 I PhoneLab-StatusMonitorLocation: Learning Signal Strgth
07-26 13:42:07.839   845   845 I PhoneLab-Locks: wake lock acquired
07-26 13:42:07.839   278   278 I wpa_supplicant: wlan0: CTRL-EVENT-EAP-PROPOSED-METHOD vendor=0 method=4 -> NAK
07-26 13:42:07.843   277   572 D androidNetworkLocationListeners: Still have listener com.google.android.location.internal.client.NetworkLocationClient$1@413a05f8
07-26 13:42:07.843   278   278 I wpa_supplicant: wlan0: CTRL-EVENT-EAP-PROPOSED-METHOD vendor=0 method=25
07-26 13:42:07.843   278   278 I wpa_supplicant: wlan0: CTRL-EVENT-EAP-METHOD EAP vendor 0 method 25 (PEAP) selected
07-26 13:42:07.851   278   278 I wpa_supplicant: EAP-TLV: TLV Result - Success - EAP-TLV/Phase2 Completed
07-26 13:42:07.851   277   572 D androidNetworkLocationListeners: Still have listener com.google.android.location.internal.client.NetworkLocationClient$1@413a05f8
07-26 13:42:07.855   845   845 I PhoneLab-StatusMonitorBattery: Battery_level: 88
07-26 13:42:07.859   845   845 I PhoneLab-Locks: wake lock released
07-26 13:42:07.859   845   845 I PhoneLab-StatusMonitorSignal: Signal_Strength: -96 asu: 9
07-26 13:42:07.859   845   845 I PhoneLab-Locks: wake lock released
07-26 13:42:07.933    76   113 D NetlinkEvent: Unexpected netlink message. type=0x0
07-26 13:42:12.988   277   572 D androidNetworkLocationListeners: Still have listener com.google.android.location.internal.client.NetworkLocationClient$1@413a05f8
07-26 13:42:12.988   845   845 I PhoneLab-StatusMonitorLocation: Location_Latitude: 43.0024755 Longitude: -78.786885 Accuracy: 66.0
07-26 13:42:12.996   845   845 I PhoneLab-Locks: wake lock released
07-26 13:42:13.023   277   280 D dalvikvm: GC_CONCURRENT freed 514K, 6% free 10518K/11143K, paused 1ms+5ms
07-26 13:42:18.000   277   623 D WifiLocator: Too many no-location APs. Will not compute a location nor go to the server. hasLocation=0 noLocation=0 cacheMiss=0
07-26 13:42:44.011   278   278 I wpa_supplicant: wlan0: CTRL-EVENT-DISCONNECTED bssid=d0:c2:82:2d:e5:b1 reason=0
07-26 13:42:44.011    76   113 D NetlinkEvent: Unexpected netlink message. type=0x0
07-26 13:42:46.011   278   278 I wpa_supplicant: wlan0: Trying to associate with d0:c2:82:2d:e5:b1 (SSID='UB_Secure' freq=2412 MHz)
07-26 13:42:46.043   278   278 I wpa_supplicant: wlan0: Associated with d0:c2:82:2d:e5:b1
07-26 13:42:46.046   278   278 I wpa_supplicant: wlan0: CTRL-EVENT-EAP-STARTED EAP authentication started
07-26 13:42:46.054   278   278 I wpa_supplicant: wlan0: CTRL-EVENT-EAP-PROPOSED-METHOD vendor=0 method=4 -> NAK
07-26 13:42:46.058   278   278 I wpa_supplicant: wlan0: CTRL-EVENT-EAP-PROPOSED-METHOD vendor=0 method=25
07-26 13:42:46.058   278   278 I wpa_supplicant: wlan0: CTRL-EVENT-EAP-METHOD EAP vendor 0 method 25 (PEAP) selected
07-26 13:42:46.062    76   113 D NetlinkEvent: Unexpected netlink message. type=0x0
07-26 13:42:46.066   278   278 I wpa_supplicant: EAP-TLV: TLV Result - Success - EAP-TLV/Phase2 Completed
07-26 13:43:22.035   278   278 I wpa_supplicant: wlan0: CTRL-EVENT-DISCONNECTED bssid=d0:c2:82:2d:e5:b1 reason=0
07-26 13:43:22.035    76   113 D NetlinkEvent: Unexpected netlink message. type=0x0
07-26 13:43:24.011   278   278 I wpa_supplicant: wlan0: Trying to associate with d0:c2:82:2d:e6:21 (SSID='UB_Secure' freq=2437 MHz)
07-26 13:43:28.011   278   278 I wpa_supplicant: wlan0: CTRL-EVENT-DISCONNECTED bssid=d0:c2:82:2d:e6:21 reason=0
07-26 13:43:28.625   278   278 I wpa_supplicant: wlan0: Trying to associate with d0:c2:82:67:e7:61 (SSID='UB_Secure' freq=2437 MHz)
07-26 13:43:28.820   278   278 I wpa_supplicant: wlan0: Associated with d0:c2:82:67:e7:61
07-26 13:43:28.824   278   278 I wpa_supplicant: wlan0: CTRL-EVENT-EAP-STARTED EAP authentication started
07-26 13:43:28.843   278   278 I wpa_supplicant: wlan0: CTRL-EVENT-EAP-PROPOSED-METHOD vendor=0 method=4 -> NAK
07-26 13:43:28.847   278   278 I wpa_supplicant: wlan0: CTRL-EVENT-EAP-PROPOSED-METHOD vendor=0 method=25
07-26 13:43:28.847   278   278 I wpa_supplicant: wlan0: CTRL-EVENT-EAP-METHOD EAP vendor 0 method 25 (PEAP) selected
07-26 13:43:28.859   278   278 I wpa_supplicant: EAP-TLV: TLV Result - Success - EAP-TLV/Phase2 Completed
07-26 13:43:28.890    76   113 D NetlinkEvent: Unexpected netlink message. type=0x0
07-26 13:44:05.050   278   278 I wpa_supplicant: wlan0: CTRL-EVENT-DISCONNECTED bssid=d0:c2:82:67:e7:61 reason=0
07-26 13:44:05.050    76   113 D NetlinkEvent: Unexpected netlink message. type=0x0
07-26 13:44:05.062   141   148 I dalvikvm: Jit: resizing JitTable from 8192 to 16384
07-26 13:44:07.011   278   278 I wpa_supplicant: wlan0: Trying to associate with d0:c2:82:2d:e6:21 (SSID='UB_Secure' freq=2437 MHz)
07-26 13:44:07.043   278   278 I wpa_supplicant: wlan0: Associated with d0:c2:82:2d:e6:21
07-26 13:44:07.043   278   278 I wpa_supplicant: wlan0: CTRL-EVENT-EAP-STARTED EAP authentication started
07-26 13:44:07.046   278   278 I wpa_supplicant: wlan0: CTRL-EVENT-EAP-PROPOSED-METHOD vendor=0 method=4 -> NAK
07-26 13:44:07.050   278   278 I wpa_supplicant: wlan0: CTRL-EVENT-EAP-PROPOSED-METHOD vendor=0 method=25
07-26 13:44:07.050   278   278 I wpa_supplicant: wlan0: CTRL-EVENT-EAP-METHOD EAP vendor 0 method 25 (PEAP) selected
07-26 13:44:07.058   278   278 I wpa_supplicant: EAP-TLV: TLV Result - Success - EAP-TLV/Phase2 Completed
07-26 13:44:07.152    76   113 D NetlinkEvent: Unexpected netlink message. type=0x0
07-26 13:44:25.593   845   991 I PhoneLab-: Service Running
07-26 13:44:25.664   845   991 I PhoneLab-LoggerService: app_38    995   845   1428   1052  c00f181c 400107b4 S logcat
07-26 13:44:25.664   845   991 I PhoneLab-LoggerService: Logcat pid from database 995
07-26 13:44:25.664   845   991 I PhoneLab-LoggerService: Logcat process found 995
07-26 13:44:25.664   845   991 I PhoneLab-LoggerService: Checking Threshold
07-26 13:44:25.664   845   991 I PhoneLab-: Service Running
07-26 13:44:32.019   845   991 I PhoneLab-LoggerService: app_38    995   845   1428   1052  c00f181c 400107b4 S logcat
07-26 13:44:32.019   845   991 I PhoneLab-LoggerService: Logcat pid from database 995
07-26 13:44:32.019   845   991 I PhoneLab-LoggerService: Logcat process found 995
07-26 13:44:32.019   845   991 I PhoneLab-LoggerService: Checking Threshold
07-26 13:44:32.019   845   991 I PhoneLab-: Service Running
07-26 13:44:32.054   845   991 I PhoneLab-LoggerService: app_38    995   845   1428   1052  c00f181c 400107b4 S logcat
07-26 13:44:32.054   845   991 I PhoneLab-LoggerService: Logcat pid from database 995
07-26 13:44:32.054   845   991 I PhoneLab-LoggerService: Logcat process found 995
07-26 13:44:32.054   845   991 I PhoneLab-LoggerService: Checking Threshold
07-26 13:44:32.054   845   991 I PhoneLab-: Service Running
07-26 13:44:32.082   845   991 I PhoneLab-LoggerService: app_38    995   845   1428   1052  c00f181c 400107b4 S logcat
07-26 13:44:32.082   845   991 I PhoneLab-LoggerService: Logcat pid from database 995
07-26 13:44:32.082   845   991 I PhoneLab-LoggerService: Logcat process found 995
07-26 13:44:32.082   845   991 I PhoneLab-LoggerService: Checking Threshold
07-26 13:44:43.074   278   278 I wpa_supplicant: wlan0: CTRL-EVENT-DISCONNECTED bssid=d0:c2:82:2d:e6:21 reason=0
07-26 13:44:43.074    76   113 D NetlinkEvent: Unexpected netlink message. type=0x0
07-26 13:44:45.011   278   278 I wpa_supplicant: wlan0: Trying to associate with d0:c2:82:67:e7:61 (SSID='UB_Secure' freq=2437 MHz)
07-26 13:44:45.046   278   278 I wpa_supplicant: wlan0: Associated with d0:c2:82:67:e7:61
07-26 13:44:45.046   278   278 I wpa_supplicant: wlan0: CTRL-EVENT-EAP-STARTED EAP authentication started
07-26 13:44:45.050   278   278 I wpa_supplicant: wlan0: CTRL-EVENT-EAP-PROPOSED-METHOD vendor=0 method=4 -> NAK
07-26 13:44:45.054   278   278 I wpa_supplicant: wlan0: CTRL-EVENT-EAP-PROPOSED-METHOD vendor=0 method=25
07-26 13:44:45.054   278   278 I wpa_supplicant: wlan0: CTRL-EVENT-EAP-METHOD EAP vendor 0 method 25 (PEAP) selected
07-26 13:44:45.062   278   278 I wpa_supplicant: EAP-TLV: TLV Result - Success - EAP-TLV/Phase2 Completed
07-26 13:44:45.062    76   113 D NetlinkEvent: Unexpected netlink message. type=0x0
07-26 13:45:21.011   278   278 I wpa_supplicant: wlan0: CTRL-EVENT-DISCONNECTED bssid=d0:c2:82:67:e7:61 reason=0
07-26 13:45:21.011    76   113 D NetlinkEvent: Unexpected netlink message. type=0x0
07-26 13:45:23.011   278   278 I wpa_supplicant: wlan0: Trying to associate with d0:c2:82:2d:e6:21 (SSID='UB_Secure' freq=2437 MHz)
07-26 13:45:23.035   278   278 I wpa_supplicant: wlan0: Associated with d0:c2:82:2d:e6:21
07-26 13:45:23.035   278   278 I wpa_supplicant: wlan0: CTRL-EVENT-EAP-STARTED EAP authentication started
07-26 13:45:23.039   278   278 I wpa_supplicant: wlan0: CTRL-EVENT-EAP-PROPOSED-METHOD vendor=0 method=4 -> NAK
07-26 13:45:23.043   278   278 I wpa_supplicant: wlan0: CTRL-EVENT-EAP-PROPOSED-METHOD vendor=0 method=25
07-26 13:45:23.043   278   278 I wpa_supplicant: wlan0: CTRL-EVENT-EAP-METHOD EAP vendor 0 method 25 (PEAP) selected
07-26 13:45:23.050   278   278 I wpa_supplicant: EAP-TLV: TLV Result - Success - EAP-TLV/Phase2 Completed
07-26 13:45:23.144    76   113 D NetlinkEvent: Unexpected netlink message. type=0x0
07-26 13:45:41.211   141   143 D dalvikvm: GC_CONCURRENT freed 963K, 9% free 13408K/14599K, paused 18ms+6ms
07-26 13:45:59.011   278   278 I wpa_supplicant: wlan0: CTRL-EVENT-DISCONNECTED bssid=d0:c2:82:2d:e6:21 reason=0
07-26 13:45:59.011    76   113 D NetlinkEvent: Unexpected netlink message. type=0x0
07-26 13:46:01.011   278   278 I wpa_supplicant: wlan0: Trying to associate with d0:c2:82:2d:e5:b1 (SSID='UB_Secure' freq=2412 MHz)
07-26 13:46:01.179   278   278 I wpa_supplicant: wlan0: Associated with d0:c2:82:2d:e5:b1
07-26 13:46:01.179   278   278 I wpa_supplicant: wlan0: CTRL-EVENT-EAP-STARTED EAP authentication started
07-26 13:46:01.187   278   278 I wpa_supplicant: wlan0: CTRL-EVENT-EAP-PROPOSED-METHOD vendor=0 method=4 -> NAK
07-26 13:46:01.195   278   278 I wpa_supplicant: wlan0: CTRL-EVENT-EAP-PROPOSED-METHOD vendor=0 method=25
07-26 13:46:01.199   278   278 I wpa_supplicant: wlan0: CTRL-EVENT-EAP-METHOD EAP vendor 0 method 25 (PEAP) selected
07-26 13:46:01.207    76   113 D NetlinkEvent: Unexpected netlink message. type=0x0
07-26 13:46:01.226   278   278 I wpa_supplicant: EAP-TLV: TLV Result - Success - EAP-TLV/Phase2 Completed
07-26 13:46:38.019   278   278 I wpa_supplicant: wlan0: CTRL-EVENT-DISCONNECTED bssid=d0:c2:82:2d:e5:b1 reason=0
07-26 13:46:38.019    76   113 D NetlinkEvent: Unexpected netlink message. type=0x0
07-26 13:47:24.968   278   278 I wpa_supplicant: wlan0: Authentication with 00:00:00:00:00:00 timed out.
07-26 13:48:30.222   761  1448 I Gmail   : MainSyncRequestProto: lowestBkwdConvoId: 0, highestHandledServerOp: 4209133, normalSync: true
07-26 13:48:31.480   761   763 D dalvikvm: GC_CONCURRENT freed 363K, 11% free 9746K/10887K, paused 1ms+3ms
07-26 13:48:31.496   278   278 I wpa_supplicant: wlan0: Trying to associate with d0:c2:82:2d:e6:21 (SSID='UB_Secure' freq=2437 MHz)
07-26 13:48:31.668   278   278 I wpa_supplicant: wlan0: Associated with d0:c2:82:2d:e6:21
07-26 13:48:31.668   278   278 I wpa_supplicant: wlan0: CTRL-EVENT-EAP-STARTED EAP authentication started
07-26 13:48:31.671   278   278 I wpa_supplicant: wlan0: CTRL-EVENT-EAP-PROPOSED-METHOD vendor=0 method=4 -> NAK
07-26 13:48:31.675   278   278 I wpa_supplicant: wlan0: CTRL-EVENT-EAP-PROPOSED-METHOD vendor=0 method=25
07-26 13:48:31.675   278   278 I wpa_supplicant: wlan0: CTRL-EVENT-EAP-METHOD EAP vendor 0 method 25 (PEAP) selected
07-26 13:48:31.683   278   278 I wpa_supplicant: EAP-TLV: TLV Result - Success - EAP-TLV/Phase2 Completed
07-26 13:48:31.871    76   113 D NetlinkEvent: Unexpected netlink message. type=0x0
07-26 13:48:32.226   761  1448 D dalvikvm: GC_EXPLICIT freed 342K, 11% free 9702K/10887K, paused 2ms+3ms
07-26 13:48:32.242   761  1448 I Gmail   : MainSyncRequestProto: lowestBkwdConvoId: 0, highestHandledServerOp: 4209167, normalSync: true
07-26 13:48:32.961   761  1448 D dalvikvm: GC_EXPLICIT freed 160K, 11% free 9724K/10887K, paused 4ms+3ms
07-26 13:48:32.968   761  1448 I Gmail   : MainSyncRequestProto: lowestBkwdConvoId: 0, highestHandledServerOp: 4209167, normalSync: true
07-26 13:48:32.980   761  1448 W Gmail   : Scheduling index for 300000 ms from now
07-26 13:48:33.011   761  1448 I Gmail   : Sending notification intent: Intent { act=android.intent.action.PROVIDER_CHANGED dat=content://gmail-ls/unread/^i (has extras) }
07-26 13:48:33.043   761  1449 W Gmail   : Showing notification with unreadCount of 102 and unseenCount of 102
07-26 13:48:33.121   212   214 D dalvikvm: GC_CONCURRENT freed 362K, 6% free 10430K/11079K, paused 2ms+3ms
07-26 13:48:33.418   301   303 D dalvikvm: GC_CONCURRENT freed 341K, 9% free 9499K/10375K, paused 2ms+3ms
07-26 13:48:33.617   301   303 D dalvikvm: GC_CONCURRENT freed 434K, 9% free 9460K/10375K, paused 2ms+4ms
07-26 13:48:33.671   301  1451 I DownloadManager: Initiating request for download 667
07-26 13:48:35.507   301   303 D dalvikvm: GC_CONCURRENT freed 430K, 10% free 9429K/10375K, paused 2ms+2ms
07-26 13:48:35.593   301  1455 I DownloadManager: Initiating request for download 667
07-26 13:48:35.597   301  1455 W DownloadManager: Aborting request for download 667: Trying to resume a download that can't be resumed
07-26 13:48:36.265   141   157 D dalvikvm: GC_EXPLICIT freed 597K, 9% free 13324K/14599K, paused 3ms+8ms
07-26 13:48:36.382   301   303 D dalvikvm: GC_CONCURRENT freed 323K, 9% free 9494K/10375K, paused 2ms+5ms
07-26 13:48:36.566   301   303 D dalvikvm: GC_CONCURRENT freed 428K, 9% free 9457K/10375K, paused 2ms+5ms
07-26 13:48:36.750   301  1460 I DownloadManager: Initiating request for download 668
07-26 13:48:37.664   301   303 D dalvikvm: GC_CONCURRENT freed 417K, 10% free 9431K/10375K, paused 15ms+3ms
07-26 13:48:38.316   301  1464 I DownloadManager: Initiating request for download 668
07-26 13:48:38.324   301  1464 W DownloadManager: Aborting request for download 668: Trying to resume a download that can't be resumed
07-26 13:48:38.488   301   303 D dalvikvm: GC_CONCURRENT freed 380K, 10% free 9439K/10375K, paused 2ms+3ms
07-26 13:48:38.777   301   303 D dalvikvm: GC_CONCURRENT freed 258K, 8% free 9576K/10375K, paused 1ms+3ms
07-26 13:48:39.035   301  1469 I DownloadManager: Initiating request for download 669
07-26 13:48:39.105   301   303 D dalvikvm: GC_CONCURRENT freed 368K, 8% free 9603K/10375K, paused 2ms+3ms
07-26 13:48:40.711   761   763 D dalvikvm: GC_CONCURRENT freed 360K, 11% free 9767K/10887K, paused 2ms+7ms
07-26 13:48:40.754   301  1473 I DownloadManager: Initiating request for download 669
07-26 13:48:40.761   301   303 D dalvikvm: GC_CONCURRENT freed 403K, 8% free 9598K/10375K, paused 2ms+3ms
07-26 13:48:40.781   301  1473 W DownloadManager: Aborting request for download 669: Trying to resume a download that can't be resumed
07-26 13:48:40.824   301  1471 I DownloadManager: deleting /data/data/com.android.providers.downloads/cache/downloadfile-137.jpeg
07-26 13:48:41.160   301   303 D dalvikvm: GC_CONCURRENT freed 352K, 8% free 9632K/10375K, paused 1ms+2ms
07-26 13:48:41.312   301   303 D dalvikvm: GC_CONCURRENT freed 251K, 6% free 9778K/10375K, paused 2ms+3ms
07-26 13:48:41.375   301  1478 I DownloadManager: Initiating request for download 670
07-26 13:48:42.992   301   303 D dalvikvm: GC_CONCURRENT freed 380K, 6% free 9783K/10375K, paused 3ms+3ms
07-26 13:48:43.054   761  1481 E Gmail   : No attachments found with downloadId 670
07-26 13:48:43.074   301  1482 I DownloadManager: Initiating request for download 670
07-26 13:48:43.074   301  1482 W DownloadManager: Aborting request for download 670: Trying to resume a download that can't be resumed
07-26 13:48:43.254   301   303 D dalvikvm: GC_CONCURRENT freed 357K, 6% free 9819K/10375K, paused 2ms+3ms
07-26 13:48:44.929   301   303 D dalvikvm: GC_CONCURRENT freed 297K, 5% free 9951K/10375K, paused 1ms+4ms
07-26 13:49:07.652   278   278 I wpa_supplicant: wlan0: CTRL-EVENT-EAP-STARTED EAP authentication started
07-26 13:49:07.656    76   113 D NetlinkEvent: Unexpected netlink message. type=0x0
07-26 13:49:07.660   278   278 I wpa_supplicant: wlan0: CTRL-EVENT-DISCONNECTED bssid=d0:c2:82:2d:e6:21 reason=0
07-26 13:49:08.086   141   961 D AlarmManagerService: Kernel timezone updated to 240 minutes west of GMT
07-26 13:49:08.086   357   357 D SystemClock: Setting time of day to sec=1343324947
07-26 13:49:07.150  1164  1177 V AlarmClock: AlarmInitReceiver finished
07-26 13:49:07.904   278   278 I wpa_supplicant: wlan0: Trying to associate with d0:c2:82:2d:e5:b1 (SSID='UB_Secure' freq=2412 MHz)
07-26 13:49:07.986   625   627 D dalvikvm: GC_CONCURRENT freed 399K, 5% free 10297K/10823K, paused 2ms+3ms
07-26 13:49:12.203   278   278 I wpa_supplicant: wlan0: CTRL-EVENT-DISCONNECTED bssid=d0:c2:82:2d:e5:b1 reason=0
07-26 13:49:12.820   278   278 I wpa_supplicant: wlan0: Trying to associate with d0:c2:82:2d:e5:b1 (SSID='UB_Secure' freq=2412 MHz)
07-26 13:49:12.996    76   113 D NetlinkEvent: Unexpected netlink message. type=0x0
07-26 13:49:13.004   278   278 I wpa_supplicant: wlan0: Associated with d0:c2:82:2d:e5:b1
07-26 13:49:13.004   278   278 I wpa_supplicant: wlan0: CTRL-EVENT-EAP-STARTED EAP authentication started
07-26 13:49:13.019   278   278 I wpa_supplicant: wlan0: CTRL-EVENT-EAP-PROPOSED-METHOD vendor=0 method=4 -> NAK
07-26 13:49:13.027   278   278 I wpa_supplicant: wlan0: CTRL-EVENT-EAP-PROPOSED-METHOD vendor=0 method=25
07-26 13:49:13.027   278   278 I wpa_supplicant: wlan0: CTRL-EVENT-EAP-METHOD EAP vendor 0 method 25 (PEAP) selected
07-26 13:49:13.035   278   278 I wpa_supplicant: EAP-TLV: TLV Result - Success - EAP-TLV/Phase2 Completed
07-26 13:49:49.011   278   278 I wpa_supplicant: wlan0: CTRL-EVENT-DISCONNECTED bssid=d0:c2:82:2d:e5:b1 reason=0
07-26 13:49:49.011    76   113 D NetlinkEvent: Unexpected netlink message. type=0x0
07-26 13:49:49.019   845   991 I PhoneLab-: Service Running
07-26 13:49:49.070   845   991 I PhoneLab-LoggerService: app_38    995   845   1428   1052  c00f181c 400107b4 S logcat
07-26 13:49:49.070   845   991 I PhoneLab-LoggerService: Logcat pid from database 995
07-26 13:49:49.070   845   991 I PhoneLab-LoggerService: Logcat process found 995
07-26 13:49:49.070   845   991 I PhoneLab-LoggerService: Checking Threshold
07-26 13:49:49.070   845   991 I PhoneLab-: Service Running
07-26 13:49:49.097   845   991 I PhoneLab-LoggerService: app_38    995   845   1428   1052  c00f181c 400107b4 S logcat
07-26 13:49:49.097   845   991 I PhoneLab-LoggerService: Logcat pid from database 995
07-26 13:49:49.097   845   991 I PhoneLab-LoggerService: Logcat process found 995
07-26 13:49:49.097   845   991 I PhoneLab-LoggerService: Checking Threshold
07-26 13:49:51.011   278   278 I wpa_supplicant: wlan0: Trying to associate with d0:c2:82:2d:e6:21 (SSID='UB_Secure' freq=2437 MHz)
07-26 13:49:51.168   278   278 I wpa_supplicant: wlan0: Associated with d0:c2:82:2d:e6:21
07-26 13:49:51.168   278   278 I wpa_supplicant: wlan0: CTRL-EVENT-EAP-STARTED EAP authentication started
07-26 13:49:51.179   278   278 I wpa_supplicant: wlan0: CTRL-EVENT-EAP-PROPOSED-METHOD vendor=0 method=4 -> NAK
07-26 13:49:51.187   278   278 I wpa_supplicant: wlan0: CTRL-EVENT-EAP-PROPOSED-METHOD vendor=0 method=25
07-26 13:49:51.191   278   278 I wpa_supplicant: wlan0: CTRL-EVENT-EAP-METHOD EAP vendor 0 method 25 (PEAP) selected
07-26 13:49:51.211   278   278 I wpa_supplicant: EAP-TLV: TLV Result - Success - EAP-TLV/Phase2 Completed
07-26 13:49:51.246    76   113 D NetlinkEvent: Unexpected netlink message. type=0x0
07-26 13:49:51.418   141   369 D AlarmManagerService: Kernel timezone updated to 240 minutes west of GMT
07-26 13:50:28.011   278   278 I wpa_supplicant: wlan0: CTRL-EVENT-DISCONNECTED bssid=d0:c2:82:2d:e6:21 reason=0
07-26 13:50:28.011    76   113 D NetlinkEvent: Unexpected netlink message. type=0x0
07-26 13:50:30.011   278   278 I wpa_supplicant: wlan0: Trying to associate with d0:c2:82:67:e7:61 (SSID='UB_Secure' freq=2437 MHz)
07-26 13:50:30.090   278   278 I wpa_supplicant: wlan0: Associated with d0:c2:82:67:e7:61
07-26 13:50:30.090   278   278 I wpa_supplicant: wlan0: CTRL-EVENT-EAP-STARTED EAP authentication started
07-26 13:50:30.093   278   278 I wpa_supplicant: wlan0: CTRL-EVENT-EAP-PROPOSED-METHOD vendor=0 method=4 -> NAK
07-26 13:50:30.097   278   278 I wpa_supplicant: wlan0: CTRL-EVENT-EAP-PROPOSED-METHOD vendor=0 method=25
07-26 13:50:30.097   278   278 I wpa_supplicant: wlan0: CTRL-EVENT-EAP-METHOD EAP vendor 0 method 25 (PEAP) selected
07-26 13:50:30.109   278   278 I wpa_supplicant: EAP-TLV: TLV Result - Success - EAP-TLV/Phase2 Completed
07-26 13:50:30.183    76   113 D NetlinkEvent: Unexpected netlink message. type=0x0
07-26 13:50:45.972   845   991 I PhoneLab-: Service Running
07-26 13:50:46.039   845   991 I PhoneLab-LoggerService: app_38    995   845   1428   1052  c00f181c 400107b4 S logcat
07-26 13:50:46.043   845   991 I PhoneLab-LoggerService: Logcat pid from database 995
07-26 13:50:46.043   845   991 I PhoneLab-LoggerService: Logcat process found 995
07-26 13:50:46.043   845   991 I PhoneLab-LoggerService: Checking Threshold
07-26 13:51:06.050   278   278 I wpa_supplicant: wlan0: CTRL-EVENT-DISCONNECTED bssid=d0:c2:82:67:e7:61 reason=0
07-26 13:51:06.050    76   113 D NetlinkEvent: Unexpected netlink message. type=0x0
07-26 13:51:08.011   278   278 I wpa_supplicant: wlan0: Trying to associate with d0:c2:82:2d:e6:21 (SSID='UB_Secure' freq=2437 MHz)
07-26 13:51:08.062   278   278 I wpa_supplicant: wlan0: Associated with d0:c2:82:2d:e6:21
07-26 13:51:08.062   278   278 I wpa_supplicant: wlan0: CTRL-EVENT-EAP-STARTED EAP authentication started
07-26 13:51:08.062   278   278 I wpa_supplicant: wlan0: CTRL-EVENT-EAP-STARTED EAP authentication started
07-26 13:51:08.066   278   278 I wpa_supplicant: wlan0: CTRL-EVENT-EAP-PROPOSED-METHOD vendor=0 method=4 -> NAK
07-26 13:51:08.070   278   278 I wpa_supplicant: wlan0: CTRL-EVENT-EAP-PROPOSED-METHOD vendor=0 method=25
07-26 13:51:08.070   278   278 I wpa_supplicant: wlan0: CTRL-EVENT-EAP-METHOD EAP vendor 0 method 25 (PEAP) selected
07-26 13:51:08.078   278   278 I wpa_supplicant: EAP-TLV: TLV Result - Success - EAP-TLV/Phase2 Completed
07-26 13:51:08.269    76   113 D NetlinkEvent: Unexpected netlink message. type=0x0
07-26 13:51:08.406   141   143 D dalvikvm: GC_CONCURRENT freed 813K, 8% free 13464K/14599K, paused 17ms+6ms
07-26 13:51:14.011   278   278 I wpa_supplicant: wlan0: CTRL-EVENT-DISCONNECTED bssid=d0:c2:82:2d:e6:21 reason=0
07-26 13:51:14.011    76   113 D NetlinkEvent: Unexpected netlink message. type=0x0
07-26 13:51:16.015   278   278 I wpa_supplicant: wlan0: Trying to associate with d0:c2:82:2d:e5:b1 (SSID='UB_Secure' freq=2412 MHz)
07-26 13:51:16.148   278   278 I wpa_supplicant: wlan0: Associated with d0:c2:82:2d:e5:b1
07-26 13:51:16.148   278   278 I wpa_supplicant: wlan0: CTRL-EVENT-EAP-STARTED EAP authentication started
07-26 13:51:16.156   278   278 I wpa_supplicant: wlan0: CTRL-EVENT-EAP-PROPOSED-METHOD vendor=0 method=4 -> NAK
07-26 13:51:16.164   278   278 I wpa_supplicant: wlan0: CTRL-EVENT-EAP-PROPOSED-METHOD vendor=0 method=25
07-26 13:51:16.164   278   278 I wpa_supplicant: wlan0: CTRL-EVENT-EAP-METHOD EAP vendor 0 method 25 (PEAP) selected
07-26 13:51:16.183    76   113 D NetlinkEvent: Unexpected netlink message. type=0x0
07-26 13:51:16.203   278   278 I wpa_supplicant: EAP-TLV: TLV Result - Success - EAP-TLV/Phase2 Completed
07-26 13:51:52.011   278   278 I wpa_supplicant: wlan0: CTRL-EVENT-DISCONNECTED bssid=d0:c2:82:2d:e5:b1 reason=0
07-26 13:51:52.011    76   113 D NetlinkEvent: Unexpected netlink message. type=0x0
07-26 13:51:52.836   277  1179 I EventLogService: Aggregate from 1343323312748 (log), 1343323312748 (data)
07-26 13:51:54.011   278   278 I wpa_supplicant: wlan0: Trying to associate with d0:c2:82:67:e7:61 (SSID='UB_Secure' freq=2437 MHz)
07-26 13:51:54.179   278   278 I wpa_supplicant: wlan0: Associated with d0:c2:82:67:e7:61
07-26 13:51:54.183   278   278 I wpa_supplicant: wlan0: CTRL-EVENT-EAP-STARTED EAP authentication started
07-26 13:51:54.191   278   278 I wpa_supplicant: wlan0: CTRL-EVENT-EAP-PROPOSED-METHOD vendor=0 method=4 -> NAK
07-26 13:51:54.195   278   278 I wpa_supplicant: wlan0: CTRL-EVENT-EAP-PROPOSED-METHOD vendor=0 method=25
07-26 13:51:54.195   278   278 I wpa_supplicant: wlan0: CTRL-EVENT-EAP-METHOD EAP vendor 0 method 25 (PEAP) selected
07-26 13:51:54.218   278   278 I wpa_supplicant: EAP-TLV: TLV Result - Success - EAP-TLV/Phase2 Completed
07-26 13:51:54.246    76   113 D NetlinkEvent: Unexpected netlink message. type=0x0
07-26 13:52:05.847   845   845 I PhoneLab-Locks: wake lock acquired
07-26 13:52:05.875   845  1492 I PhoneLab-PeriodicCheckService: User info is synched
07-26 13:52:05.898   845  1492 I PhoneLab-PeriodicCheckService: Logger Service is running
07-26 13:52:05.898   845  1492 I PhoneLab-Locks: wake lock acquired
07-26 13:52:05.898   845   845 I PhoneLab-UploadLogs: Transfering log files now
07-26 13:52:05.902   845   845 I PhoneLab-UploadLogs: No log files to transfer
07-26 13:52:05.902   845   845 I PhoneLab-Locks: wake lock released
07-26 13:52:05.902   845   845 I PhoneLab-UploadLogs: OnStartCommand
07-26 13:52:05.902   845  1492 I PhoneLab-PeriodicCheckService: Rescheduling periodic checking...
07-26 13:52:05.906   845  1492 I PhoneLab-Locks: wake lock released
07-26 13:52:05.914   845   847 D dalvikvm: GC_CONCURRENT freed 454K, 15% free 9209K/10759K, paused 2ms+2ms
07-26 13:52:06.753   845   845 I PhoneLab-Locks: wake lock acquired
07-26 13:52:06.785   845   845 I PhoneLab-StatusMonitor: Status Monitoring is started
07-26 13:52:06.832   845   845 I PhoneLab-StatusMonitor: Value: 10 - unit: min
07-26 13:52:06.832   845   845 I PhoneLab-StatusMonitor: Running interval: 600000
07-26 13:52:06.839   845   847 D dalvikvm: GC_CONCURRENT freed 448K, 14% free 9273K/10759K, paused 1ms+2ms
07-26 13:52:06.843   845   845 I PhoneLab-StatusMonitor: Rescheduling status monitoring...
07-26 13:52:06.843   845   845 I PhoneLab-Locks: wake lock released
07-26 13:52:08.011   845   845 I PhoneLab-StatusMonitorLocation: Learning Location
07-26 13:52:08.011   845   845 I PhoneLab-Locks: wake lock acquired
07-26 13:52:08.023   845   845 I PhoneLab-Locks: wake lock acquired
07-26 13:52:08.027   845   845 I PhoneLab-StatusMonitorLocation: Learning Signal Strgth
07-26 13:52:08.027   845   845 I PhoneLab-Locks: wake lock acquired
07-26 13:52:08.027   277   572 D androidNetworkLocationListeners: Still have listener com.google.android.location.internal.client.NetworkLocationClient$1@413a05f8
07-26 13:52:08.043   277   572 D androidNetworkLocationListeners: Still have listener com.google.android.location.internal.client.NetworkLocationClient$1@413a05f8
07-26 13:52:08.043   845   845 I PhoneLab-StatusMonitorBattery: Battery_level: 87
07-26 13:52:08.046   845   845 I PhoneLab-Locks: wake lock released
07-26 13:52:08.050   845   845 I PhoneLab-StatusMonitorSignal: Signal_Strength: -86 asu: 14
07-26 13:52:08.050   845   845 I PhoneLab-Locks: wake lock released
07-26 13:52:08.144   277   280 D dalvikvm: GC_CONCURRENT freed 499K, 6% free 10530K/11143K, paused 2ms+4ms
07-26 13:52:08.168   845   845 I PhoneLab-StatusMonitorLocation: Location_Latitude: 43.00247 Longitude: -78.7866445 Accuracy: 82.0
07-26 13:52:08.168   277   572 D androidNetworkLocationListeners: Still have listener com.google.android.location.internal.client.NetworkLocationClient$1@413a05f8
07-26 13:52:08.171   845   845 I PhoneLab-Locks: wake lock released
07-26 13:52:13.211   277   623 D WifiLocator: Too many no-location APs. Will not compute a location nor go to the server. hasLocation=0 noLocation=0 cacheMiss=0
07-26 13:52:31.011   278   278 I wpa_supplicant: wlan0: CTRL-EVENT-DISCONNECTED bssid=d0:c2:82:67:e7:61 reason=0
07-26 13:52:31.011    76   113 D NetlinkEvent: Unexpected netlink message. type=0x0
07-26 13:52:32.506   278   278 I wpa_supplicant: wlan0: Trying to associate with d0:c2:82:67:e7:61 (SSID='UB_Secure' freq=2437 MHz)
07-26 13:52:32.545   278   278 I wpa_supplicant: wlan0: Associated with d0:c2:82:67:e7:61
07-26 13:52:32.545   278   278 I wpa_supplicant: wlan0: CTRL-EVENT-EAP-STARTED EAP authentication started
07-26 13:52:32.553   278   278 I wpa_supplicant: wlan0: CTRL-EVENT-EAP-PROPOSED-METHOD vendor=0 method=4 -> NAK
07-26 13:52:32.557   278   278 I wpa_supplicant: wlan0: CTRL-EVENT-EAP-PROPOSED-METHOD vendor=0 method=25
07-26 13:52:32.557   278   278 I wpa_supplicant: wlan0: CTRL-EVENT-EAP-METHOD EAP vendor 0 method 25 (PEAP) selected
07-26 13:52:32.568   278   278 I wpa_supplicant: EAP-TLV: TLV Result - Success - EAP-TLV/Phase2 Completed
07-26 13:52:32.893    76   113 D NetlinkEvent: Unexpected netlink message. type=0x0
07-26 13:53:09.011   278   278 I wpa_supplicant: wlan0: CTRL-EVENT-DISCONNECTED bssid=d0:c2:82:67:e7:61 reason=0
07-26 13:53:09.011    76   113 D NetlinkEvent: Unexpected netlink message. type=0x0
07-26 13:53:11.011   278   278 I wpa_supplicant: wlan0: Trying to associate with d0:c2:82:2d:e5:b1 (SSID='UB_Secure' freq=2412 MHz)
07-26 13:53:11.179   278   278 I wpa_supplicant: wlan0: Associated with d0:c2:82:2d:e5:b1
07-26 13:53:11.179   278   278 I wpa_supplicant: wlan0: CTRL-EVENT-EAP-STARTED EAP authentication started
07-26 13:53:11.187   278   278 I wpa_supplicant: wlan0: CTRL-EVENT-EAP-PROPOSED-METHOD vendor=0 method=4 -> NAK
07-26 13:53:11.195    76   113 D NetlinkEvent: Unexpected netlink message. type=0x0
07-26 13:53:11.203   278   278 I wpa_supplicant: wlan0: CTRL-EVENT-EAP-PROPOSED-METHOD vendor=0 method=25
07-26 13:53:11.207   278   278 I wpa_supplicant: wlan0: CTRL-EVENT-EAP-METHOD EAP vendor 0 method 25 (PEAP) selected
07-26 13:53:11.214   278   278 I wpa_supplicant: EAP-TLV: TLV Result - Success - EAP-TLV/Phase2 Completed
07-26 13:53:47.011   278   278 I wpa_supplicant: wlan0: CTRL-EVENT-DISCONNECTED bssid=d0:c2:82:2d:e5:b1 reason=0
07-26 13:53:47.011    76   113 D NetlinkEvent: Unexpected netlink message. type=0x0
07-26 13:57:24.972   278   278 I wpa_supplicant: wlan0: Authentication with 00:00:00:00:00:00 timed out.
07-26 14:01:48.246   141   165 D dalvikvm: GC_EXPLICIT freed 748K, 9% free 13363K/14599K, paused 3ms+7ms
07-26 14:01:48.261   761  1497 I Gmail   : MainSyncRequestProto: lowestBkwdConvoId: 0, highestHandledServerOp: 4209167, normalSync: true
07-26 14:01:48.609   278   278 I wpa_supplicant: wlan0: Trying to associate with d0:c2:82:67:e7:61 (SSID='UB_Secure' freq=2437 MHz)
07-26 14:01:51.359   761   763 D dalvikvm: GC_CONCURRENT freed 403K, 11% free 9764K/10887K, paused 1ms+3ms
07-26 14:01:51.671   761   763 D dalvikvm: GC_CONCURRENT freed 450K, 11% free 9725K/10887K, paused 1ms+2ms
07-26 14:01:51.746   761  1497 D dalvikvm: GC_EXPLICIT freed 47K, 11% free 9719K/10887K, paused 2ms+3ms
07-26 14:01:51.754   761  1497 I Gmail   : MainSyncRequestProto: lowestBkwdConvoId: 0, highestHandledServerOp: 4209220, normalSync: true
07-26 14:01:51.765   761  1497 W Gmail   : Scheduling index for 300000 ms from now
07-26 14:01:51.789   761  1497 I Gmail   : Sending notification intent: Intent { act=android.intent.action.PROVIDER_CHANGED dat=content://gmail-ls/unread/^i (has extras) }
07-26 14:01:51.816   761  1498 W Gmail   : Showing notification with unreadCount of 101 and unseenCount of 101
07-26 14:01:52.097   301   316 D dalvikvm: GC_EXPLICIT freed 202K, 5% free 9860K/10375K, paused 6ms+5ms
07-26 14:01:52.320   301   303 D dalvikvm: GC_CONCURRENT freed 867K, 10% free 9448K/10439K, paused 1ms+5ms
07-26 14:01:52.418   301  1500 I DownloadManager: Initiating request for download 671
07-26 14:01:53.316   301   303 D dalvikvm: GC_CONCURRENT freed 391K, 10% free 9475K/10439K, paused 2ms+3ms
07-26 14:01:54.867   212   214 D dalvikvm: GC_CONCURRENT freed 386K, 6% free 10434K/11079K, paused 2ms+2ms
07-26 14:01:54.879   761  1503 E Gmail   : No attachments found with downloadId 671
07-26 14:02:03.039   278   278 I wpa_supplicant: wlan0: Authentication with d0:c2:82:67:e7:61 timed out.
07-26 14:02:06.871   845   845 I PhoneLab-Locks: wake lock acquired
07-26 14:02:06.902   845   845 I PhoneLab-StatusMonitor: Status Monitoring is started
07-26 14:02:06.957   845   847 D dalvikvm: GC_CONCURRENT freed 434K, 14% free 9350K/10759K, paused 1ms+6ms
07-26 14:02:06.957   845   845 I PhoneLab-StatusMonitor: Value: 10 - unit: min
07-26 14:02:06.957   845   845 I PhoneLab-StatusMonitor: Running interval: 600000
07-26 14:02:06.964   845   845 I PhoneLab-StatusMonitor: Rescheduling status monitoring...
07-26 14:02:06.964   845   845 I PhoneLab-Locks: wake lock released
07-26 14:02:18.007   845   845 I PhoneLab-StatusMonitorLocation: Learning Location
07-26 14:02:18.007   845   845 I PhoneLab-Locks: wake lock acquired
07-26 14:02:18.015   845   845 I PhoneLab-Locks: wake lock acquired
07-26 14:02:18.023   845   845 I PhoneLab-StatusMonitorLocation: Learning Signal Strgth
07-26 14:02:18.023   845   845 I PhoneLab-Locks: wake lock acquired
07-26 14:02:18.027   277   572 D androidNetworkLocationListeners: Still have listener com.google.android.location.internal.client.NetworkLocationClient$1@413a05f8
07-26 14:02:18.035   277   572 D androidNetworkLocationListeners: Still have listener com.google.android.location.internal.client.NetworkLocationClient$1@413a05f8
07-26 14:02:18.043   845   845 I PhoneLab-StatusMonitorBattery: Battery_level: 86
07-26 14:02:18.043   845   845 I PhoneLab-Locks: wake lock released
07-26 14:02:18.043   845   845 I PhoneLab-StatusMonitorSignal: Signal_Strength: -96 asu: 9
07-26 14:02:18.043   845   845 I PhoneLab-Locks: wake lock released
07-26 14:02:18.109   845   845 I PhoneLab-StatusMonitorLocation: Location_Latitude: 43.0026301 Longitude: -78.786803 Accuracy: 63.0
07-26 14:02:18.113   277   572 D androidNetworkLocationListeners: Still have listener com.google.android.location.internal.client.NetworkLocationClient$1@413a05f8
07-26 14:02:18.113   845   845 I PhoneLab-Locks: wake lock released
07-26 14:02:18.691   277   280 D dalvikvm: GC_CONCURRENT freed 573K, 7% free 10468K/11143K, paused 2ms+3ms
07-26 14:02:20.414   141   392 D AlarmManagerService: Kernel timezone updated to 240 minutes west of GMT
07-26 14:02:20.421   357   357 D SystemClock: Setting time of day to sec=1343325741
07-26 14:02:21.151  1164  1177 V AlarmClock: AlarmInitReceiver finished
07-26 14:02:25.531   278   278 I wpa_supplicant: wlan0: Trying to associate with d0:c2:82:2d:e5:b1 (SSID='UB_Secure' freq=2412 MHz)
07-26 14:02:25.687   278   278 I wpa_supplicant: wlan0: Associated with d0:c2:82:2d:e5:b1
07-26 14:02:25.691   278   278 I wpa_supplicant: wlan0: CTRL-EVENT-EAP-STARTED EAP authentication started
07-26 14:02:25.699   278   278 I wpa_supplicant: wlan0: CTRL-EVENT-EAP-PROPOSED-METHOD vendor=0 method=4 -> NAK
07-26 14:02:25.707   278   278 I wpa_supplicant: wlan0: CTRL-EVENT-EAP-PROPOSED-METHOD vendor=0 method=25
07-26 14:02:25.707   278   278 I wpa_supplicant: wlan0: CTRL-EVENT-EAP-METHOD EAP vendor 0 method 25 (PEAP) selected
07-26 14:02:25.722   278   278 I wpa_supplicant: EAP-TLV: TLV Result - Success - EAP-TLV/Phase2 Completed
07-26 14:02:25.757    76   113 D NetlinkEvent: Unexpected netlink message. type=0x0
07-26 14:03:02.011   278   278 I wpa_supplicant: wlan0: CTRL-EVENT-DISCONNECTED bssid=d0:c2:82:2d:e5:b1 reason=0
07-26 14:03:02.011    76   113 D NetlinkEvent: Unexpected netlink message. type=0x0
07-26 14:03:03.304   278   278 I wpa_supplicant: wlan0: Trying to associate with d0:c2:82:2d:e5:b1 (SSID='UB_Secure' freq=2412 MHz)
07-26 14:03:03.339   278   278 I wpa_supplicant: wlan0: Associated with d0:c2:82:2d:e5:b1
07-26 14:03:03.343   278   278 I wpa_supplicant: wlan0: CTRL-EVENT-EAP-STARTED EAP authentication started
07-26 14:03:03.347   278   278 I wpa_supplicant: wlan0: CTRL-EVENT-EAP-PROPOSED-METHOD vendor=0 method=4 -> NAK
07-26 14:03:03.347   278   278 I wpa_supplicant: wlan0: CTRL-EVENT-EAP-PROPOSED-METHOD vendor=0 method=25
07-26 14:03:03.351   278   278 I wpa_supplicant: wlan0: CTRL-EVENT-EAP-METHOD EAP vendor 0 method 25 (PEAP) selected
07-26 14:03:03.355   278   278 I wpa_supplicant: EAP-TLV: TLV Result - Success - EAP-TLV/Phase2 Completed
07-26 14:03:03.382    76   113 D NetlinkEvent: Unexpected netlink message. type=0x0
07-26 14:03:04.011   845   991 I PhoneLab-: Service Running
07-26 14:03:04.082   845   991 I PhoneLab-LoggerService: app_38    995   845   1428   1052  c00f181c 400107b4 S logcat
07-26 14:03:04.082   845   991 I PhoneLab-LoggerService: Logcat pid from database 995
07-26 14:03:04.082   845   991 I PhoneLab-LoggerService: Logcat process found 995
07-26 14:03:04.082   845   991 I PhoneLab-LoggerService: Checking Threshold
07-26 14:03:04.082   845   991 I PhoneLab-: Service Running
07-26 14:03:04.109   845   991 I PhoneLab-LoggerService: app_38    995   845   1428   1052  c00f181c 400107b4 S logcat
07-26 14:03:04.109   845   991 I PhoneLab-LoggerService: Logcat pid from database 995
07-26 14:03:04.109   845   991 I PhoneLab-LoggerService: Logcat process found 995
07-26 14:03:04.109   845   991 I PhoneLab-LoggerService: Checking Threshold
07-26 14:03:04.109   845   991 I PhoneLab-: Service Running
07-26 14:03:04.136   845   991 I PhoneLab-LoggerService: app_38    995   845   1428   1052  c00f181c 400107b4 S logcat
07-26 14:03:04.136   845   991 I PhoneLab-LoggerService: Logcat pid from database 995
07-26 14:03:04.136   845   991 I PhoneLab-LoggerService: Logcat process found 995
07-26 14:03:04.136   845   991 I PhoneLab-LoggerService: Checking Threshold
07-26 14:03:04.136   845   991 I PhoneLab-: Service Running
07-26 14:03:04.164   845   991 I PhoneLab-LoggerService: app_38    995   845   1428   1052  c00f181c 400107b4 S logcat
07-26 14:03:04.164   845   991 I PhoneLab-LoggerService: Logcat pid from database 995
07-26 14:03:04.164   845   991 I PhoneLab-LoggerService: Logcat process found 995
07-26 14:03:04.164   845   991 I PhoneLab-LoggerService: Checking Threshold
07-26 14:03:04.164   845   991 I PhoneLab-: Service Running
07-26 14:03:04.191   845   991 I PhoneLab-LoggerService: app_38    995   845   1428   1052  c00f181c 400107b4 S logcat
07-26 14:03:04.191   845   991 I PhoneLab-LoggerService: Logcat pid from database 995
07-26 14:03:04.191   845   991 I PhoneLab-LoggerService: Logcat process found 995
07-26 14:03:04.191   845   991 I PhoneLab-LoggerService: Checking Threshold
07-26 14:03:04.195   845   991 I PhoneLab-: Service Running
07-26 14:03:04.218   845   991 I PhoneLab-LoggerService: app_38    995   845   1428   1052  c00f181c 400107b4 S logcat
07-26 14:03:04.222   845   991 I PhoneLab-LoggerService: Logcat pid from database 995
07-26 14:03:04.222   845   991 I PhoneLab-LoggerService: Logcat process found 995
07-26 14:03:04.222   845   991 I PhoneLab-LoggerService: Checking Threshold
07-26 14:03:40.027   278   278 I wpa_supplicant: wlan0: CTRL-EVENT-DISCONNECTED bssid=d0:c2:82:2d:e5:b1 reason=0
07-26 14:03:40.027    76   113 D NetlinkEvent: Unexpected netlink message. type=0x0
07-26 14:05:25.476   278   278 I wpa_supplicant: wlan0: Authentication with 00:00:00:00:00:00 timed out.
07-26 14:05:27.011   278   278 I wpa_supplicant: wlan0: Trying to associate with d0:c2:82:2d:e6:21 (SSID='UB_Secure' freq=2437 MHz)
07-26 14:05:27.168   278   278 I wpa_supplicant: wlan0: Associated with d0:c2:82:2d:e6:21
07-26 14:05:27.172   278   278 I wpa_supplicant: wlan0: CTRL-EVENT-EAP-STARTED EAP authentication started
07-26 14:05:27.179   278   278 I wpa_supplicant: wlan0: CTRL-EVENT-EAP-PROPOSED-METHOD vendor=0 method=4 -> NAK
07-26 14:05:27.187   278   278 I wpa_supplicant: wlan0: CTRL-EVENT-EAP-PROPOSED-METHOD vendor=0 method=25
07-26 14:05:27.187   278   278 I wpa_supplicant: wlan0: CTRL-EVENT-EAP-METHOD EAP vendor 0 method 25 (PEAP) selected
07-26 14:05:27.195   278   278 I wpa_supplicant: EAP-TLV: TLV Result - Success - EAP-TLV/Phase2 Completed
07-26 14:05:27.211    76   113 D NetlinkEvent: Unexpected netlink message. type=0x0
07-26 14:05:59.129   357   363 D dalvikvm: GC_CONCURRENT freed 431K, 6% free 9497K/10055K, paused 4ms+2ms
07-26 14:05:59.316   141   375 D AlarmManagerService: Kernel timezone updated to 240 minutes west of GMT
07-26 14:06:03.011   278   278 I wpa_supplicant: wlan0: CTRL-EVENT-DISCONNECTED bssid=d0:c2:82:2d:e6:21 reason=0
07-26 14:06:03.011    76   113 D NetlinkEvent: Unexpected netlink message. type=0x0
07-26 14:06:41.136   141   143 D dalvikvm: GC_CONCURRENT freed 953K, 9% free 13379K/14599K, paused 2ms+5ms
07-26 14:06:42.058   278   278 I wpa_supplicant: wlan0: Authentication with 00:00:00:00:00:00 timed out.
07-26 14:06:42.613   625   627 D dalvikvm: GC_CONCURRENT freed 392K, 5% free 10297K/10823K, paused 5ms+2ms
07-26 14:08:22.175   761  1518 I Gmail   : MainSyncRequestProto: lowestBkwdConvoId: 0, highestHandledServerOp: 4209220, normalSync: true
07-26 14:08:22.601   278   278 I wpa_supplicant: wlan0: Trying to associate with d0:c2:82:67:e7:61 (SSID='UB_Secure' freq=2437 MHz)
07-26 14:08:22.656   278   278 I wpa_supplicant: wlan0: Associated with d0:c2:82:67:e7:61
07-26 14:08:22.656   278   278 I wpa_supplicant: wlan0: CTRL-EVENT-EAP-STARTED EAP authentication started
07-26 14:08:22.660   278   278 I wpa_supplicant: wlan0: CTRL-EVENT-EAP-PROPOSED-METHOD vendor=0 method=4 -> NAK
07-26 14:08:22.664   278   278 I wpa_supplicant: wlan0: CTRL-EVENT-EAP-PROPOSED-METHOD vendor=0 method=25
07-26 14:08:22.664   278   278 I wpa_supplicant: wlan0: CTRL-EVENT-EAP-METHOD EAP vendor 0 method 25 (PEAP) selected
07-26 14:08:22.664    76   113 D NetlinkEvent: Unexpected netlink message. type=0x0
07-26 14:08:22.671   278   278 I wpa_supplicant: EAP-TLV: TLV Result - Success - EAP-TLV/Phase2 Completed
07-26 14:08:23.461   761   763 D dalvikvm: GC_CONCURRENT freed 325K, 11% free 9783K/10887K, paused 13ms+2ms
07-26 14:08:24.296   761   763 D dalvikvm: GC_CONCURRENT freed 456K, 11% free 9736K/10887K, paused 2ms+4ms
07-26 14:08:24.375   761  1518 D dalvikvm: GC_EXPLICIT freed 27K, 11% free 9740K/10887K, paused 3ms+3ms
07-26 14:08:24.386   761  1518 I Gmail   : MainSyncRequestProto: lowestBkwdConvoId: 0, highestHandledServerOp: 4209285, normalSync: true
07-26 14:08:25.187   761  1518 D dalvikvm: GC_EXPLICIT freed 174K, 11% free 9765K/10887K, paused 5ms+3ms
07-26 14:08:25.199   761  1518 I Gmail   : MainSyncRequestProto: lowestBkwdConvoId: 0, highestHandledServerOp: 4209285, normalSync: true
07-26 14:08:25.207   761  1518 W Gmail   : Scheduling index for 300000 ms from now
07-26 14:08:25.234   761  1518 I Gmail   : Sending notification intent: Intent { act=android.intent.action.PROVIDER_CHANGED dat=content://gmail-ls/unread/^i (has extras) }
07-26 14:08:25.261   761  1520 W Gmail   : Showing notification with unreadCount of 102 and unseenCount of 102
07-26 14:08:25.293   761  1518 I Gmail   : Sending notification intent: Intent { act=android.intent.action.PROVIDER_CHANGED dat=content://gmail-ls/unread/^iim (has extras) }
07-26 14:08:25.402   761  1522 I Gmail   : MainSyncRequestProto: lowestBkwdConvoId: 0, highestHandledServerOp: 4209285, normalSync: true
07-26 14:08:25.660   301   303 D dalvikvm: GC_CONCURRENT freed 384K, 10% free 9479K/10439K, paused 4ms+5ms
07-26 14:08:25.863   761  1522 D dalvikvm: GC_EXPLICIT freed 262K, 11% free 9786K/10887K, paused 8ms+6ms
07-26 14:08:25.894   301   303 D dalvikvm: GC_CONCURRENT freed 426K, 10% free 9452K/10439K, paused 2ms+3ms
07-26 14:08:25.898   761  1522 I Gmail   : MainSyncRequestProto: lowestBkwdConvoId: 0, highestHandledServerOp: 4209285, normalSync: true
07-26 14:08:25.918   761  1522 W Gmail   : Scheduling index for 300000 ms from now
07-26 14:08:26.000   301  1524 I DownloadManager: Initiating request for download 672
07-26 14:08:26.867   301   303 D dalvikvm: GC_CONCURRENT freed 380K, 10% free 9466K/10439K, paused 7ms+2ms
07-26 14:08:28.312   761  1527 E Gmail   : No attachments found with downloadId 672
07-26 14:08:59.011   278   278 I wpa_supplicant: wlan0: CTRL-EVENT-DISCONNECTED bssid=d0:c2:82:67:e7:61 reason=0
07-26 14:08:59.011    76   113 D NetlinkEvent: Unexpected netlink message. type=0x0
07-26 14:09:00.281   278   278 I wpa_supplicant: wlan0: Trying to associate with d0:c2:82:2d:e5:b1 (SSID='UB_Secure' freq=2412 MHz)
07-26 14:09:00.476   278   278 I wpa_supplicant: wlan0: Associated with d0:c2:82:2d:e5:b1
07-26 14:09:00.476   278   278 I wpa_supplicant: wlan0: CTRL-EVENT-EAP-STARTED EAP authentication started
07-26 14:09:00.492   278   278 I wpa_supplicant: wlan0: CTRL-EVENT-EAP-PROPOSED-METHOD vendor=0 method=4 -> NAK
07-26 14:09:00.496   278   278 I wpa_supplicant: wlan0: CTRL-EVENT-EAP-PROPOSED-METHOD vendor=0 method=25
07-26 14:09:00.500   278   278 I wpa_supplicant: wlan0: CTRL-EVENT-EAP-METHOD EAP vendor 0 method 25 (PEAP) selected
07-26 14:09:00.519   278   278 I wpa_supplicant: EAP-TLV: TLV Result - Success - EAP-TLV/Phase2 Completed
07-26 14:09:00.527    76   113 D NetlinkEvent: Unexpected netlink message. type=0x0
07-26 14:09:01.824   141   141 D AlarmManagerService: Kernel timezone updated to 240 minutes west of GMT
07-26 14:09:37.011   278   278 I wpa_supplicant: wlan0: CTRL-EVENT-DISCONNECTED bssid=d0:c2:82:2d:e5:b1 reason=0
07-26 14:09:37.011    76   113 D NetlinkEvent: Unexpected netlink message. type=0x0
07-26 14:09:39.011   278   278 I wpa_supplicant: wlan0: Trying to associate with d0:c2:82:67:e7:61 (SSID='UB_Secure' freq=2437 MHz)
07-26 14:09:39.168   278   278 I wpa_supplicant: wlan0: Associated with d0:c2:82:67:e7:61
07-26 14:09:39.168   278   278 I wpa_supplicant: wlan0: CTRL-EVENT-EAP-STARTED EAP authentication started
07-26 14:09:39.175   278   278 I wpa_supplicant: wlan0: CTRL-EVENT-EAP-PROPOSED-METHOD vendor=0 method=4 -> NAK
07-26 14:09:39.179   278   278 I wpa_supplicant: wlan0: CTRL-EVENT-EAP-PROPOSED-METHOD vendor=0 method=25
07-26 14:09:39.183   278   278 I wpa_supplicant: wlan0: CTRL-EVENT-EAP-METHOD EAP vendor 0 method 25 (PEAP) selected
07-26 14:09:39.203   278   278 I wpa_supplicant: EAP-TLV: TLV Result - Success - EAP-TLV/Phase2 Completed
07-26 14:09:39.222    76   113 D NetlinkEvent: Unexpected netlink message. type=0x0
07-26 14:09:48.293   845   991 I PhoneLab-: Service Running
07-26 14:09:48.379   845   991 I PhoneLab-LoggerService: app_38    995   845   1428   1052  c00f181c 400107b4 S logcat
07-26 14:09:48.379   845   991 I PhoneLab-LoggerService: Logcat pid from database 995
07-26 14:09:48.379   845   991 I PhoneLab-LoggerService: Logcat process found 995
07-26 14:09:48.379   845   991 I PhoneLab-LoggerService: Checking Threshold
07-26 14:09:48.379   845   991 I PhoneLab-: Service Running
07-26 14:09:48.402   845   847 D dalvikvm: GC_CONCURRENT freed 518K, 15% free 9250K/10759K, paused 2ms+2ms
07-26 14:09:48.421   845   991 I PhoneLab-LoggerService: app_38    995   845   1428   1052  c00f181c 400107b4 S logcat
07-26 14:09:48.421   845   991 I PhoneLab-LoggerService: Logcat pid from database 995
07-26 14:09:48.421   845   991 I PhoneLab-LoggerService: Logcat process found 995
07-26 14:09:48.421   845   991 I PhoneLab-LoggerService: Checking Threshold
07-26 14:09:48.421   845   991 I PhoneLab-: Service Running
07-26 14:09:48.449   845   991 I PhoneLab-LoggerService: app_38    995   845   1428   1052  c00f181c 400107b4 S logcat
07-26 14:09:48.449   845   991 I PhoneLab-LoggerService: Logcat pid from database 995
07-26 14:09:48.449   845   991 I PhoneLab-LoggerService: Logcat process found 995
07-26 14:09:48.449   845   991 I PhoneLab-LoggerService: Checking Threshold
07-26 14:10:15.050   278   278 I wpa_supplicant: wlan0: CTRL-EVENT-DISCONNECTED bssid=d0:c2:82:67:e7:61 reason=0
07-26 14:10:15.050    76   113 D NetlinkEvent: Unexpected netlink message. type=0x0
07-26 14:10:17.011   278   278 I wpa_supplicant: wlan0: Trying to associate with d0:c2:82:2d:e5:b1 (SSID='UB_Secure' freq=2412 MHz)
07-26 14:10:17.168   278   278 I wpa_supplicant: wlan0: Associated with d0:c2:82:2d:e5:b1
07-26 14:10:17.168   278   278 I wpa_supplicant: wlan0: CTRL-EVENT-EAP-STARTED EAP authentication started
07-26 14:10:17.175   278   278 I wpa_supplicant: wlan0: CTRL-EVENT-EAP-PROPOSED-METHOD vendor=0 method=4 -> NAK
07-26 14:10:17.179   278   278 I wpa_supplicant: wlan0: CTRL-EVENT-EAP-PROPOSED-METHOD vendor=0 method=25
07-26 14:10:17.183   278   278 I wpa_supplicant: wlan0: CTRL-EVENT-EAP-METHOD EAP vendor 0 method 25 (PEAP) selected
07-26 14:10:17.203   278   278 I wpa_supplicant: EAP-TLV: TLV Result - Success - EAP-TLV/Phase2 Completed
07-26 14:10:17.207    76   113 D NetlinkEvent: Unexpected netlink message. type=0x0
07-26 14:10:31.168   761  1532 I Gmail   : MainSyncRequestProto: lowestBkwdConvoId: 0, highestHandledServerOp: 4209285, normalSync: true
07-26 14:10:32.086   761   763 D dalvikvm: GC_CONCURRENT freed 438K, 11% free 9760K/10887K, paused 1ms+2ms
07-26 14:10:32.187   761  1532 D dalvikvm: GC_EXPLICIT freed 116K, 11% free 9749K/10887K, paused 2ms+3ms
07-26 14:10:32.199   761  1532 I Gmail   : MainSyncRequestProto: lowestBkwdConvoId: 0, highestHandledServerOp: 4209329, normalSync: true
07-26 14:10:32.898   761   763 D dalvikvm: GC_CONCURRENT freed 431K, 10% free 9826K/10887K, paused 2ms+3ms
07-26 14:10:32.898   761  1532 E Gmail   : Dictionary checksum mismatch for conversation 1408479944239707527. Expected 6220bc26 but was 988b163
07-26 14:10:32.898   761  1532 W Gmail   : handleConversationProto: Could not deflate conversation 1408479944239707527. marking conversation as dirty
07-26 14:10:33.054   761  1532 D dalvikvm: GC_EXPLICIT freed 244K, 11% free 9766K/10887K, paused 4ms+2ms
07-26 14:10:33.066   761  1532 I Gmail   : MainSyncRequestProto: lowestBkwdConvoId: 0, highestHandledServerOp: 4209329, normalSync: true
07-26 14:10:33.148   141   438 D dalvikvm: GC_EXPLICIT freed 837K, 9% free 13384K/14599K, paused 2ms+6ms
07-26 14:10:33.742   761  1532 W Gmail   : handleConversationProto: Dirty conversation 1408479944239707527 synced successfully. Marking as dirty in DB
07-26 14:10:33.921   761  1532 D dalvikvm: GC_EXPLICIT freed 238K, 11% free 9780K/10887K, paused 8ms+3ms
07-26 14:10:33.933   761  1532 I Gmail   : MainSyncRequestProto: lowestBkwdConvoId: 0, highestHandledServerOp: 4209329, normalSync: true
07-26 14:10:33.980   277   926 D dalvikvm: GC_EXPLICIT freed 284K, 6% free 10519K/11143K, paused 3ms+4ms
07-26 14:10:33.984   761  1532 W Gmail   : Scheduling index for 300000 ms from now
07-26 14:10:34.007   761  1532 I Gmail   : Sending notification intent: Intent { act=android.intent.action.PROVIDER_CHANGED dat=content://gmail-ls/unread/^i (has extras) }
07-26 14:10:34.035   761  1534 W Gmail   : Showing notification with unreadCount of 103 and unseenCount of 103
07-26 14:10:34.035   761  1532 I Gmail   : Sending notification intent: Intent { act=android.intent.action.PROVIDER_CHANGED dat=content://gmail-ls/unread/^iim (has extras) }
07-26 14:10:34.136   212   214 D dalvikvm: GC_CONCURRENT freed 421K, 6% free 10442K/11079K, paused 2ms+4ms
07-26 14:10:34.211   761  1536 I Gmail   : MainSyncRequestProto: lowestBkwdConvoId: 0, highestHandledServerOp: 4209329, normalSync: true
07-26 14:10:34.347   301   303 D dalvikvm: GC_CONCURRENT freed 413K, 10% free 9438K/10439K, paused 2ms+3ms
07-26 14:10:34.597   301   303 D dalvikvm: GC_CONCURRENT freed 415K, 10% free 9419K/10439K, paused 2ms+6ms
07-26 14:10:34.722   761  1536 D dalvikvm: GC_EXPLICIT freed 277K, 11% free 9787K/10887K, paused 2ms+7ms
07-26 14:10:34.734   761  1536 I Gmail   : MainSyncRequestProto: lowestBkwdConvoId: 0, highestHandledServerOp: 4209329, normalSync: true
07-26 14:10:34.750   761  1536 W Gmail   : Scheduling index for 300000 ms from now
07-26 14:10:34.769   301  1538 I DownloadManager: Initiating request for download 673
07-26 14:10:34.863   761   908 D dalvikvm: GC_EXPLICIT freed 125K, 11% free 9755K/10887K, paused 2ms+3ms
07-26 14:10:35.308   301   303 D dalvikvm: GC_CONCURRENT freed 350K, 10% free 9475K/10439K, paused 6ms+3ms
07-26 14:10:36.363   761  1541 E Gmail   : No attachments found with downloadId 673
07-26 14:10:54.011   278   278 I wpa_supplicant: wlan0: CTRL-EVENT-DISCONNECTED bssid=d0:c2:82:2d:e5:b1 reason=0
07-26 14:10:54.011    76   113 D NetlinkEvent: Unexpected netlink message. type=0x0
07-26 14:10:56.011   278   278 I wpa_supplicant: wlan0: Trying to associate with d0:c2:82:2d:e6:21 (SSID='UB_Secure' freq=2437 MHz)
07-26 14:11:00.035   278   278 I wpa_supplicant: wlan0: CTRL-EVENT-DISCONNECTED bssid=d0:c2:82:2d:e6:21 reason=0
07-26 14:11:00.144   845   991 I PhoneLab-: Service Running
07-26 14:11:00.218   845   991 I PhoneLab-LoggerService: app_38    995   845   1428   1052  c00f181c 400107b4 S logcat
07-26 14:11:00.218   845   991 I PhoneLab-LoggerService: Logcat pid from database 995
07-26 14:11:00.218   845   991 I PhoneLab-LoggerService: Logcat process found 995
07-26 14:11:00.218   845   991 I PhoneLab-LoggerService: Checking Threshold
07-26 14:11:00.648   278   278 I wpa_supplicant: wlan0: Trying to associate with d0:c2:82:2d:e6:21 (SSID='UB_Secure' freq=2437 MHz)
07-26 14:11:00.902   278   278 I wpa_supplicant: wlan0: Associated with d0:c2:82:2d:e6:21
07-26 14:11:00.902   278   278 I wpa_supplicant: wlan0: CTRL-EVENT-EAP-STARTED EAP authentication started
07-26 14:11:00.910   278   278 I wpa_supplicant: wlan0: CTRL-EVENT-EAP-PROPOSED-METHOD vendor=0 method=4 -> NAK
07-26 14:11:00.910   278   278 I wpa_supplicant: wlan0: CTRL-EVENT-EAP-PROPOSED-METHOD vendor=0 method=25
07-26 14:11:00.910   278   278 I wpa_supplicant: wlan0: CTRL-EVENT-EAP-METHOD EAP vendor 0 method 25 (PEAP) selected
07-26 14:11:00.918   278   278 I wpa_supplicant: EAP-TLV: TLV Result - Success - EAP-TLV/Phase2 Completed
07-26 14:11:00.941    76   113 D NetlinkEvent: Unexpected netlink message. type=0x0
07-26 14:11:26.515   141   152 D AlarmManagerService: Kernel timezone updated to 240 minutes west of GMT
07-26 14:11:36.285   278   278 I wpa_supplicant: wlan0: CTRL-EVENT-DISCONNECTED bssid=d0:c2:82:2d:e6:21 reason=0
07-26 14:11:36.293    76   113 D NetlinkEvent: Unexpected netlink message. type=0x0
07-26 14:11:39.011   278   278 I wpa_supplicant: wlan0: Trying to associate with d0:c2:82:2d:e5:b1 (SSID='UB_Secure' freq=2412 MHz)
07-26 14:11:39.164   278   278 I wpa_supplicant: wlan0: Associated with d0:c2:82:2d:e5:b1
07-26 14:11:39.164   278   278 I wpa_supplicant: wlan0: CTRL-EVENT-EAP-STARTED EAP authentication started
07-26 14:11:39.171   278   278 I wpa_supplicant: wlan0: CTRL-EVENT-EAP-PROPOSED-METHOD vendor=0 method=4 -> NAK
07-26 14:11:39.175   278   278 I wpa_supplicant: wlan0: CTRL-EVENT-EAP-PROPOSED-METHOD vendor=0 method=25
07-26 14:11:39.175   278   278 I wpa_supplicant: wlan0: CTRL-EVENT-EAP-METHOD EAP vendor 0 method 25 (PEAP) selected
07-26 14:11:39.195    76   113 D NetlinkEvent: Unexpected netlink message. type=0x0
07-26 14:11:39.218   278   278 I wpa_supplicant: EAP-TLV: TLV Result - Success - EAP-TLV/Phase2 Completed
07-26 14:12:07.636   845   845 I PhoneLab-Locks: wake lock acquired
07-26 14:12:07.664   845   845 I PhoneLab-StatusMonitor: Status Monitoring is started
07-26 14:12:07.714   845   847 D dalvikvm: GC_CONCURRENT freed 496K, 14% free 9266K/10759K, paused 1ms+2ms
07-26 14:12:07.726   845   845 I PhoneLab-StatusMonitor: Value: 10 - unit: min
07-26 14:12:07.726   845   845 I PhoneLab-StatusMonitor: Running interval: 600000
07-26 14:12:07.738   845   845 I PhoneLab-StatusMonitor: Rescheduling status monitoring...
07-26 14:12:07.738   845   845 I PhoneLab-Locks: wake lock released
07-26 14:12:07.742   845   845 I PhoneLab-StatusMonitorLocation: Learning Location
07-26 14:12:07.742   845   845 I PhoneLab-Locks: wake lock acquired
07-26 14:12:07.746   845   845 I PhoneLab-Locks: wake lock acquired
07-26 14:12:07.746   277   572 D androidNetworkLocationListeners: Still have listener com.google.android.location.internal.client.NetworkLocationClient$1@413a05f8
07-26 14:12:07.750   845   845 I PhoneLab-StatusMonitorLocation: Learning Signal Strgth
07-26 14:12:07.750   845   845 I PhoneLab-Locks: wake lock acquired
07-26 14:12:07.761   845   845 I PhoneLab-StatusMonitorBattery: Battery_level: 85
07-26 14:12:07.761   277   572 D androidNetworkLocationListeners: Still have listener com.google.android.location.internal.client.NetworkLocationClient$1@413a05f8
07-26 14:12:07.769   845   845 I PhoneLab-Locks: wake lock released
07-26 14:12:07.769   845   845 I PhoneLab-StatusMonitorSignal: Signal_Strength: -86 asu: 14
07-26 14:12:07.769   845   845 I PhoneLab-Locks: wake lock released
07-26 14:12:07.839   845   845 I PhoneLab-StatusMonitorLocation: Location_Latitude: 43.002468 Longitude: -78.7867022 Accuracy: 78.0
07-26 14:12:07.839   277   572 D androidNetworkLocationListeners: Still have listener com.google.android.location.internal.client.NetworkLocationClient$1@413a05f8
07-26 14:12:07.839   845   845 I PhoneLab-Locks: wake lock released
07-26 14:12:12.867   277   623 D WifiLocator: Too many no-location APs. Will not compute a location nor go to the server. hasLocation=0 noLocation=0 cacheMiss=0
07-26 14:12:15.011   278   278 I wpa_supplicant: wlan0: CTRL-EVENT-DISCONNECTED bssid=d0:c2:82:2d:e5:b1 reason=0
07-26 14:12:15.011    76   113 D NetlinkEvent: Unexpected netlink message. type=0x0
07-26 14:12:26.011   278   278 I wpa_supplicant: wlan0: Trying to associate with d0:c2:82:2d:e5:b1 (SSID='UB_Secure' freq=2412 MHz)
07-26 14:12:26.031   278   278 I wpa_supplicant: wlan0: Associated with d0:c2:82:2d:e5:b1
07-26 14:12:26.031   278   278 I wpa_supplicant: wlan0: CTRL-EVENT-EAP-STARTED EAP authentication started
07-26 14:12:26.035   278   278 I wpa_supplicant: wlan0: CTRL-EVENT-EAP-PROPOSED-METHOD vendor=0 method=4 -> NAK
07-26 14:12:26.039    76   113 D NetlinkEvent: Unexpected netlink message. type=0x0
07-26 14:12:26.043   278   278 I wpa_supplicant: wlan0: CTRL-EVENT-EAP-PROPOSED-METHOD vendor=0 method=25
07-26 14:12:26.043   278   278 I wpa_supplicant: wlan0: CTRL-EVENT-EAP-METHOD EAP vendor 0 method 25 (PEAP) selected
07-26 14:12:26.046   278   278 I wpa_supplicant: EAP-TLV: TLV Result - Success - EAP-TLV/Phase2 Completed
07-26 14:13:02.050   278   278 I wpa_supplicant: wlan0: CTRL-EVENT-DISCONNECTED bssid=d0:c2:82:2d:e5:b1 reason=0
07-26 14:13:02.050    76   113 D NetlinkEvent: Unexpected netlink message. type=0x0
07-26 14:13:03.324   278   278 I wpa_supplicant: wlan0: Trying to associate with d0:c2:82:67:e7:61 (SSID='UB_Secure' freq=2437 MHz)
07-26 14:13:08.011   278   278 I wpa_supplicant: wlan0: CTRL-EVENT-DISCONNECTED bssid=d0:c2:82:67:e7:61 reason=0
07-26 14:13:08.621   278   278 I wpa_supplicant: wlan0: Trying to associate with d0:c2:82:2d:e5:b1 (SSID='UB_Secure' freq=2412 MHz)
07-26 14:13:08.757   278   278 I wpa_supplicant: wlan0: Associated with d0:c2:82:2d:e5:b1
07-26 14:13:08.757   278   278 I wpa_supplicant: wlan0: CTRL-EVENT-EAP-STARTED EAP authentication started
07-26 14:13:08.765   278   278 I wpa_supplicant: wlan0: CTRL-EVENT-EAP-PROPOSED-METHOD vendor=0 method=4 -> NAK
07-26 14:13:08.769   278   278 I wpa_supplicant: wlan0: CTRL-EVENT-EAP-PROPOSED-METHOD vendor=0 method=25
07-26 14:13:08.769   278   278 I wpa_supplicant: wlan0: CTRL-EVENT-EAP-METHOD EAP vendor 0 method 25 (PEAP) selected
07-26 14:13:08.777    76   113 D NetlinkEvent: Unexpected netlink message. type=0x0
07-26 14:13:08.781   278   278 I wpa_supplicant: EAP-TLV: TLV Result - Success - EAP-TLV/Phase2 Completed
07-26 14:13:20.125   761  1549 I Gmail   : MainSyncRequestProto: lowestBkwdConvoId: 0, highestHandledServerOp: 4209329, normalSync: true
07-26 14:13:20.890   761  1549 D dalvikvm: GC_EXPLICIT freed 279K, 11% free 9762K/10887K, paused 2ms+3ms
07-26 14:13:20.902   761  1549 I Gmail   : MainSyncRequestProto: lowestBkwdConvoId: 0, highestHandledServerOp: 4209353, normalSync: true
07-26 14:13:21.492   761  1549 D dalvikvm: GC_EXPLICIT freed 287K, 11% free 9772K/10887K, paused 2ms+4ms
07-26 14:13:21.504   761  1549 I Gmail   : MainSyncRequestProto: lowestBkwdConvoId: 0, highestHandledServerOp: 4209353, normalSync: true
07-26 14:13:21.515   761  1549 W Gmail   : Scheduling index for 300000 ms from now
07-26 14:13:21.539   761  1549 I Gmail   : Sending notification intent: Intent { act=android.intent.action.PROVIDER_CHANGED dat=content://gmail-ls/unread/^i (has extras) }
07-26 14:13:21.566   761  1550 W Gmail   : Showing notification with unreadCount of 104 and unseenCount of 104
07-26 14:13:21.738   301   303 D dalvikvm: GC_CONCURRENT freed 424K, 10% free 9435K/10439K, paused 2ms+2ms
07-26 14:13:22.781   301   303 D dalvikvm: GC_CONCURRENT freed 253K, 9% free 9578K/10439K, paused 1ms+3ms
07-26 14:13:22.894   301  1552 I DownloadManager: Initiating request for download 674
07-26 14:13:23.429   301   303 D dalvikvm: GC_CONCURRENT freed 341K, 8% free 9641K/10439K, paused 1ms+3ms
07-26 14:13:24.714   761  1556 E Gmail   : No attachments found with downloadId 674
07-26 14:13:24.812   301   303 D dalvikvm: GC_CONCURRENT freed 446K, 9% free 9592K/10439K, paused 1ms+3ms
07-26 14:13:45.011   278   278 I wpa_supplicant: wlan0: CTRL-EVENT-DISCONNECTED bssid=d0:c2:82:2d:e5:b1 reason=0
07-26 14:13:45.011    76   113 D NetlinkEvent: Unexpected netlink message. type=0x0
07-26 14:13:47.011   278   278 I wpa_supplicant: wlan0: Trying to associate with d0:c2:82:2d:e6:21 (SSID='UB_Secure' freq=2437 MHz)
07-26 14:13:51.011   278   278 I wpa_supplicant: wlan0: CTRL-EVENT-DISCONNECTED bssid=d0:c2:82:2d:e6:21 reason=0
07-26 14:13:51.625   278   278 I wpa_supplicant: wlan0: Trying to associate with d0:c2:82:67:e7:61 (SSID='UB_Secure' freq=2437 MHz)
07-26 14:13:52.191   141   143 D dalvikvm: GC_CONCURRENT freed 906K, 8% free 13449K/14599K, paused 25ms+6ms
07-26 14:16:08.152   278   278 I wpa_supplicant: wlan0: Authentication with d0:c2:82:67:e7:61 timed out.
07-26 14:16:08.308   277   280 D dalvikvm: GC_CONCURRENT freed 417K, 6% free 10508K/11143K, paused 16ms+3ms
07-26 14:16:08.363   761  1559 I Gmail   : MainSyncRequestProto: lowestBkwdConvoId: 0, highestHandledServerOp: 4209353, normalSync: true
07-26 14:16:09.269   761  1559 D dalvikvm: GC_EXPLICIT freed 295K, 10% free 9799K/10887K, paused 4ms+3ms
07-26 14:16:09.281   761  1559 I Gmail   : MainSyncRequestProto: lowestBkwdConvoId: 0, highestHandledServerOp: 4209382, normalSync: true
07-26 14:16:09.687   278   278 I wpa_supplicant: wlan0: Trying to associate with d0:c2:82:2d:e5:b1 (SSID='UB_Secure' freq=2412 MHz)
07-26 14:16:09.871   278   278 I wpa_supplicant: wlan0: Associated with d0:c2:82:2d:e5:b1
07-26 14:16:09.871   278   278 I wpa_supplicant: wlan0: CTRL-EVENT-EAP-STARTED EAP authentication started
07-26 14:16:09.879   278   278 I wpa_supplicant: wlan0: CTRL-EVENT-EAP-PROPOSED-METHOD vendor=0 method=4 -> NAK
07-26 14:16:09.882   278   278 I wpa_supplicant: wlan0: CTRL-EVENT-EAP-PROPOSED-METHOD vendor=0 method=25
07-26 14:16:09.882   278   278 I wpa_supplicant: wlan0: CTRL-EVENT-EAP-METHOD EAP vendor 0 method 25 (PEAP) selected
07-26 14:16:09.886   278   278 I wpa_supplicant: EAP-TLV: TLV Result - Success - EAP-TLV/Phase2 Completed
07-26 14:16:09.898    76   113 D NetlinkEvent: Unexpected netlink message. type=0x0
07-26 14:16:10.355   761  1559 D dalvikvm: GC_EXPLICIT freed 273K, 11% free 9771K/10887K, paused 2ms+3ms
07-26 14:16:10.363   761  1559 I Gmail   : MainSyncRequestProto: lowestBkwdConvoId: 0, highestHandledServerOp: 4209382, normalSync: true
07-26 14:16:10.375   761  1559 W Gmail   : Scheduling index for 300000 ms from now
07-26 14:16:10.390   845   991 I PhoneLab-: Service Running
07-26 14:16:10.421   845   991 I PhoneLab-LoggerService: app_38    995   845   1428   1052  c00f181c 400107b4 S logcat
07-26 14:16:10.421   845   991 I PhoneLab-LoggerService: Logcat pid from database 995
07-26 14:16:10.421   845   991 I PhoneLab-LoggerService: Logcat process found 995
07-26 14:16:10.421   845   991 I PhoneLab-LoggerService: Checking Threshold
07-26 14:16:10.421   845   991 I PhoneLab-: Service Running
07-26 14:16:10.453   845   991 I PhoneLab-LoggerService: app_38    995   845   1428   1052  c00f181c 400107b4 S logcat
07-26 14:16:10.453   845   991 I PhoneLab-LoggerService: Logcat pid from database 995
07-26 14:16:10.453   845   991 I PhoneLab-LoggerService: Logcat process found 995
07-26 14:16:10.453   845   991 I PhoneLab-LoggerService: Checking Threshold
07-26 14:16:10.453   845   991 I PhoneLab-: Service Running
07-26 14:16:10.484   845   991 I PhoneLab-LoggerService: app_38    995   845   1428   1052  c00f181c 400107b4 S logcat
07-26 14:16:10.484   845   991 I PhoneLab-LoggerService: Logcat pid from database 995
07-26 14:16:10.484   845   991 I PhoneLab-LoggerService: Logcat process found 995
07-26 14:16:10.484   845   991 I PhoneLab-LoggerService: Checking Threshold
07-26 14:16:10.531   761  1564 I Gmail   : MainSyncRequestProto: lowestBkwdConvoId: 0, highestHandledServerOp: 4209382, normalSync: true
07-26 14:16:10.843   301   303 D dalvikvm: GC_CONCURRENT freed 280K, 8% free 9704K/10439K, paused 2ms+4ms
07-26 14:16:11.007   301  1566 I DownloadManager: Initiating request for download 675
07-26 14:16:11.019   761  1564 D dalvikvm: GC_EXPLICIT freed 179K, 11% free 9774K/10887K, paused 3ms+7ms
07-26 14:16:11.035   761  1564 I Gmail   : MainSyncRequestProto: lowestBkwdConvoId: 0, highestHandledServerOp: 4209382, normalSync: true
07-26 14:16:11.054   761  1564 W Gmail   : Scheduling index for 300000 ms from now
07-26 14:16:11.097   301   303 D dalvikvm: GC_CONCURRENT freed 628K, 10% free 9473K/10439K, paused 2ms+2ms
07-26 14:16:12.414   141   300 D dalvikvm: GC_EXPLICIT freed 409K, 9% free 13316K/14599K, paused 5ms+5ms
07-26 14:16:12.504   761  1569 E Gmail   : No attachments found with downloadId 675
07-26 14:16:12.523   301   303 D dalvikvm: GC_CONCURRENT freed 431K, 10% free 9438K/10439K, paused 1ms+3ms
07-26 14:16:47.011   278   278 I wpa_supplicant: wlan0: CTRL-EVENT-DISCONNECTED bssid=d0:c2:82:2d:e5:b1 reason=0
07-26 14:16:47.011    76   113 D NetlinkEvent: Unexpected netlink message. type=0x0
07-26 14:16:48.510   278   278 I wpa_supplicant: wlan0: Trying to associate with d0:c2:82:67:e7:61 (SSID='UB_Secure' freq=2437 MHz)
07-26 14:16:48.670   278   278 I wpa_supplicant: wlan0: Associated with d0:c2:82:67:e7:61
07-26 14:16:48.670   278   278 I wpa_supplicant: wlan0: CTRL-EVENT-EAP-STARTED EAP authentication started
07-26 14:16:48.674   278   278 I wpa_supplicant: wlan0: CTRL-EVENT-EAP-PROPOSED-METHOD vendor=0 method=4 -> NAK
07-26 14:16:48.682   278   278 I wpa_supplicant: wlan0: CTRL-EVENT-EAP-PROPOSED-METHOD vendor=0 method=25
07-26 14:16:48.682   278   278 I wpa_supplicant: wlan0: CTRL-EVENT-EAP-METHOD EAP vendor 0 method 25 (PEAP) selected
07-26 14:16:48.705   278   278 I wpa_supplicant: EAP-TLV: TLV Result - Success - EAP-TLV/Phase2 Completed
07-26 14:16:48.732    76   113 D NetlinkEvent: Unexpected netlink message. type=0x0
07-26 14:17:24.457    76   113 D NetlinkEvent: Unexpected netlink message. type=0x0
07-26 14:17:24.464   278   278 I wpa_supplicant: wlan0: CTRL-EVENT-DISCONNECTED bssid=d0:c2:82:67:e7:61 reason=0
07-26 14:17:24.605   141   375 D AlarmManagerService: Kernel timezone updated to 240 minutes west of GMT
07-26 14:17:24.609   357   357 D SystemClock: Setting time of day to sec=1343326644
07-26 14:17:24.087  1164  1177 V AlarmClock: AlarmInitReceiver finished
07-26 14:19:49.117   278   278 I wpa_supplicant: wlan0: Authentication with 00:00:00:00:00:00 timed out.
07-26 14:19:49.234   761  1572 I Gmail   : MainSyncRequestProto: lowestBkwdConvoId: 0, highestHandledServerOp: 4209382, normalSync: true
07-26 14:19:49.613   278   278 I wpa_supplicant: wlan0: Trying to associate with d0:c2:82:2d:e5:b1 (SSID='UB_Secure' freq=2412 MHz)
07-26 14:19:49.785   278   278 I wpa_supplicant: wlan0: Associated with d0:c2:82:2d:e5:b1
07-26 14:19:49.785   278   278 I wpa_supplicant: wlan0: CTRL-EVENT-EAP-STARTED EAP authentication started
07-26 14:19:49.789   278   278 I wpa_supplicant: wlan0: CTRL-EVENT-EAP-PROPOSED-METHOD vendor=0 method=4 -> NAK
07-26 14:19:49.793   278   278 I wpa_supplicant: wlan0: CTRL-EVENT-EAP-PROPOSED-METHOD vendor=0 method=25
07-26 14:19:49.793   278   278 I wpa_supplicant: wlan0: CTRL-EVENT-EAP-METHOD EAP vendor 0 method 25 (PEAP) selected
07-26 14:19:49.800   278   278 I wpa_supplicant: EAP-TLV: TLV Result - Success - EAP-TLV/Phase2 Completed
07-26 14:19:49.808    76   113 D NetlinkEvent: Unexpected netlink message. type=0x0
07-26 14:19:49.824   212   212 D dalvikvm: GC_FOR_ALLOC freed 637K, 9% free 10166K/11079K, paused 20ms
07-26 14:19:49.863   212   212 D dalvikvm: GC_FOR_ALLOC freed 369K, 9% free 10127K/11079K, paused 16ms
07-26 14:19:49.941   212   214 D dalvikvm: GC_CONCURRENT freed 431K, 9% free 10185K/11079K, paused 2ms+3ms
07-26 14:19:50.070   761   763 D dalvikvm: GC_CONCURRENT freed 370K, 10% free 9806K/10887K, paused 2ms+3ms
07-26 14:19:50.375   761  1572 D dalvikvm: GC_EXPLICIT freed 414K, 11% free 9749K/10887K, paused 2ms+3ms
07-26 14:19:50.382   761  1572 I Gmail   : MainSyncRequestProto: lowestBkwdConvoId: 0, highestHandledServerOp: 4209415, normalSync: true
07-26 14:19:50.394   761  1572 W Gmail   : Scheduling index for 300000 ms from now
07-26 14:19:50.418   761  1572 I Gmail   : Sending notification intent: Intent { act=android.intent.action.PROVIDER_CHANGED dat=content://gmail-ls/unread/^i (has extras) }
07-26 14:19:50.445   761  1573 W Gmail   : Showing notification with unreadCount of 103 and unseenCount of 103
07-26 14:19:50.445   761  1572 I Gmail   : Sending notification intent: Intent { act=android.intent.action.PROVIDER_CHANGED dat=content://gmail-ls/unread/^iim (has extras) }
07-26 14:19:50.804   301   303 D dalvikvm: GC_CONCURRENT freed 349K, 10% free 9486K/10439K, paused 2ms+5ms
07-26 14:19:50.980   301   303 D dalvikvm: GC_CONCURRENT freed 253K, 8% free 9630K/10439K, paused 1ms+3ms
07-26 14:19:51.050   301  1576 I DownloadManager: Initiating request for download 676
07-26 14:19:51.125   761  1579 I Gmail   : MainSyncRequestProto: lowestBkwdConvoId: 0, highestHandledServerOp: 4209415, normalSync: true
07-26 14:19:51.781   761   763 D dalvikvm: GC_CONCURRENT freed 361K, 11% free 9793K/10887K, paused 2ms+3ms
07-26 14:19:52.109   761  1579 D dalvikvm: GC_EXPLICIT freed 64K, 11% free 9744K/10887K, paused 2ms+2ms
07-26 14:19:52.117   761  1579 I Gmail   : MainSyncRequestProto: lowestBkwdConvoId: 0, highestHandledServerOp: 4209424, normalSync: true
07-26 14:19:52.129   761  1579 W Gmail   : Scheduling index for 300000 ms from now
07-26 14:19:52.218   301   303 D dalvikvm: GC_CONCURRENT freed 382K, 8% free 9635K/10439K, paused 1ms+2ms
07-26 14:19:52.394   761  1581 E Gmail   : No attachments found with downloadId 676
07-26 14:19:52.429   301  1582 I DownloadManager: Initiating request for download 676
07-26 14:19:52.429   301  1582 W DownloadManager: Aborting request for download 676: Trying to resume a download that can't be resumed
07-26 14:19:52.617   301   303 D dalvikvm: GC_CONCURRENT freed 363K, 8% free 9666K/10439K, paused 2ms+3ms
07-26 14:19:52.769   301   303 D dalvikvm: GC_CONCURRENT freed 274K, 7% free 9786K/10439K, paused 2ms+3ms
07-26 14:20:03.562   141   369 D AlarmManagerService: Kernel timezone updated to 240 minutes west of GMT
07-26 14:20:04.257   761  1588 I Gmail   : MainSyncRequestProto: lowestBkwdConvoId: 0, highestHandledServerOp: 4209424, normalSync: true
07-26 14:20:04.894   761   763 D dalvikvm: GC_CONCURRENT freed 335K, 10% free 9801K/10887K, paused 2ms+3ms
07-26 14:20:05.101   761   763 D dalvikvm: GC_CONCURRENT freed 434K, 11% free 9752K/10887K, paused 1ms+3ms
07-26 14:20:05.148   761  1588 D dalvikvm: GC_EXPLICIT freed 11K, 11% free 9745K/10887K, paused 2ms+3ms
07-26 14:20:05.156   761  1588 I Gmail   : MainSyncRequestProto: lowestBkwdConvoId: 0, highestHandledServerOp: 4209455, normalSync: true
07-26 14:20:05.168   761  1588 W Gmail   : Scheduling index for 300000 ms from now
07-26 14:20:05.203   761  1588 I Gmail   : Sending notification intent: Intent { act=android.intent.action.PROVIDER_CHANGED dat=content://gmail-ls/unread/^i (has extras) }
07-26 14:20:05.234   761  1589 W Gmail   : Showing notification with unreadCount of 102 and unseenCount of 102
07-26 14:20:05.238   761  1588 I Gmail   : Sending notification intent: Intent { act=android.intent.action.PROVIDER_CHANGED dat=content://gmail-ls/unread/^iim (has extras) }
07-26 14:20:05.328   212   214 D dalvikvm: GC_CONCURRENT freed 382K, 8% free 10200K/11079K, paused 2ms+3ms
07-26 14:20:05.652   301   303 D dalvikvm: GC_CONCURRENT freed 341K, 6% free 9840K/10439K, paused 4ms+3ms
07-26 14:20:05.836   301   303 D dalvikvm: GC_CONCURRENT freed 435K, 7% free 9801K/10439K, paused 1ms+6ms
07-26 14:20:05.902   301  1592 I DownloadManager: Initiating request for download 677
07-26 14:20:07.043   301   303 D dalvikvm: GC_CONCURRENT freed 383K, 7% free 9806K/10439K, paused 2ms+2ms
07-26 14:20:07.101   761  1595 E Gmail   : No attachments found with downloadId 677
07-26 14:20:07.132   301  1596 I DownloadManager: Initiating request for download 677
07-26 14:20:07.132   301  1596 W DownloadManager: Aborting request for download 677: Trying to resume a download that can't be resumed
07-26 14:20:07.320   301   303 D dalvikvm: GC_CONCURRENT freed 362K, 6% free 9840K/10439K, paused 1ms+3ms
07-26 14:20:07.480   301   303 D dalvikvm: GC_CONCURRENT freed 274K, 5% free 9962K/10439K, paused 2ms+3ms
07-26 14:20:26.011   278   278 I wpa_supplicant: wlan0: CTRL-EVENT-DISCONNECTED bssid=d0:c2:82:2d:e5:b1 reason=0
07-26 14:20:26.011    76   113 D NetlinkEvent: Unexpected netlink message. type=0x0
07-26 14:20:27.300   278   278 I wpa_supplicant: wlan0: Trying to associate with d0:c2:82:2d:e5:b1 (SSID='UB_Secure' freq=2412 MHz)
07-26 14:20:27.355   278   278 I wpa_supplicant: wlan0: Associated with d0:c2:82:2d:e5:b1
07-26 14:20:27.355   278   278 I wpa_supplicant: wlan0: CTRL-EVENT-EAP-STARTED EAP authentication started
07-26 14:20:27.359   278   278 I wpa_supplicant: wlan0: CTRL-EVENT-EAP-PROPOSED-METHOD vendor=0 method=4 -> NAK
07-26 14:20:27.367   278   278 I wpa_supplicant: wlan0: CTRL-EVENT-EAP-PROPOSED-METHOD vendor=0 method=25
07-26 14:20:27.367   278   278 I wpa_supplicant: wlan0: CTRL-EVENT-EAP-METHOD EAP vendor 0 method 25 (PEAP) selected
07-26 14:20:27.375   278   278 I wpa_supplicant: EAP-TLV: TLV Result - Success - EAP-TLV/Phase2 Completed
07-26 14:20:27.386    76   113 D NetlinkEvent: Unexpected netlink message. type=0x0
07-26 14:20:27.402   141   143 D dalvikvm: GC_CONCURRENT freed 868K, 9% free 13410K/14599K, paused 3ms+6ms
07-26 14:20:27.453   625   627 D dalvikvm: GC_CONCURRENT freed 372K, 5% free 10320K/10823K, paused 29ms+3ms
07-26 14:20:33.640   141   152 D AlarmManagerService: Kernel timezone updated to 240 minutes west of GMT
07-26 14:21:03.050   278   278 I wpa_supplicant: wlan0: CTRL-EVENT-DISCONNECTED bssid=d0:c2:82:2d:e5:b1 reason=0
07-26 14:21:03.050    76   113 D NetlinkEvent: Unexpected netlink message. type=0x0
07-26 14:21:05.011   278   278 I wpa_supplicant: wlan0: Trying to associate with d0:c2:82:67:e7:61 (SSID='UB_Secure' freq=2437 MHz)
07-26 14:21:09.011   278   278 I wpa_supplicant: wlan0: CTRL-EVENT-DISCONNECTED bssid=d0:c2:82:67:e7:61 reason=0
07-26 14:21:09.617   278   278 I wpa_supplicant: wlan0: Trying to associate with d0:c2:82:67:e7:61 (SSID='UB_Secure' freq=2437 MHz)
07-26 14:21:09.832   278   278 I wpa_supplicant: wlan0: Associated with d0:c2:82:67:e7:61
07-26 14:21:09.832   278   278 I wpa_supplicant: wlan0: CTRL-EVENT-EAP-STARTED EAP authentication started
07-26 14:21:09.910    76   113 D NetlinkEvent: Unexpected netlink message. type=0x0
07-26 14:21:10.058   278   278 I wpa_supplicant: wlan0: CTRL-EVENT-EAP-PROPOSED-METHOD vendor=0 method=4 -> NAK
07-26 14:21:10.066   278   278 I wpa_supplicant: wlan0: CTRL-EVENT-EAP-PROPOSED-METHOD vendor=0 method=25
07-26 14:21:10.066   278   278 I wpa_supplicant: wlan0: CTRL-EVENT-EAP-METHOD EAP vendor 0 method 25 (PEAP) selected
07-26 14:21:10.093   278   278 I wpa_supplicant: EAP-TLV: TLV Result - Success - EAP-TLV/Phase2 Completed
07-26 14:21:10.316    76   113 D NetlinkEvent: Unexpected netlink message. type=0x0
07-26 14:21:10.332   278   278 I wpa_supplicant: wlan0: CTRL-EVENT-DISCONNECTED bssid=d0:c2:82:67:e7:61 reason=0
07-26 14:21:13.011   278   278 I wpa_supplicant: wlan0: Trying to associate with d0:c2:82:2d:e5:b1 (SSID='UB_Secure' freq=2412 MHz)
07-26 14:21:13.148   278   278 I wpa_supplicant: wlan0: Associated with d0:c2:82:2d:e5:b1
07-26 14:21:13.148   278   278 I wpa_supplicant: wlan0: CTRL-EVENT-EAP-STARTED EAP authentication started
07-26 14:21:13.156   278   278 I wpa_supplicant: wlan0: CTRL-EVENT-EAP-PROPOSED-METHOD vendor=0 method=4 -> NAK
07-26 14:21:13.164   278   278 I wpa_supplicant: wlan0: CTRL-EVENT-EAP-PROPOSED-METHOD vendor=0 method=25
07-26 14:21:13.164   278   278 I wpa_supplicant: wlan0: CTRL-EVENT-EAP-METHOD EAP vendor 0 method 25 (PEAP) selected
07-26 14:21:13.191   278   278 I wpa_supplicant: EAP-TLV: TLV Result - Success - EAP-TLV/Phase2 Completed
07-26 14:21:13.230    76   113 D NetlinkEvent: Unexpected netlink message. type=0x0
07-26 14:21:52.980   141   141 D dalvikvm: GC_EXPLICIT freed 240K, 9% free 13353K/14599K, paused 16ms+4ms
07-26 14:21:52.988   277   791 I EventLogService: Aggregate from 1343325112841 (log), 1343325112841 (data)
07-26 14:22:06.015   845   845 I PhoneLab-Locks: wake lock acquired
07-26 14:22:06.043   845  1604 I PhoneLab-PeriodicCheckService: User info is synched
07-26 14:22:06.043   845  1604 I PhoneLab-PeriodicCheckService: Logger Service is running
07-26 14:22:06.043   845  1604 I PhoneLab-Locks: wake lock acquired
07-26 14:22:06.046   845   845 I PhoneLab-UploadLogs: Transfering log files now
07-26 14:22:06.046   845   845 I PhoneLab-UploadLogs: No log files to transfer
07-26 14:22:06.046   845   845 I PhoneLab-Locks: wake lock released
07-26 14:22:06.046   845   845 I PhoneLab-UploadLogs: OnStartCommand
07-26 14:22:06.050   845  1604 I PhoneLab-PeriodicCheckService: Rescheduling periodic checking...
07-26 14:22:06.050   845  1604 I PhoneLab-Locks: wake lock released
07-26 14:22:06.152   141   371 D AlarmManagerService: Kernel timezone updated to 240 minutes west of GMT
07-26 14:22:07.410   845   845 I PhoneLab-Locks: wake lock acquired
07-26 14:22:07.414   845   845 I PhoneLab-StatusMonitor: Status Monitoring is started
07-26 14:22:07.457   845   847 D dalvikvm: GC_CONCURRENT freed 525K, 15% free 9253K/10759K, paused 2ms+3ms
07-26 14:22:07.496   845   845 I PhoneLab-StatusMonitor: Value: 10 - unit: min
07-26 14:22:07.496   845   845 I PhoneLab-StatusMonitor: Running interval: 600000
07-26 14:22:07.503   845   845 I PhoneLab-StatusMonitor: Rescheduling status monitoring...
07-26 14:22:07.503   845   845 I PhoneLab-Locks: wake lock released
07-26 14:22:07.511   845   845 I PhoneLab-StatusMonitorLocation: Learning Location
07-26 14:22:07.511   845   845 I PhoneLab-Locks: wake lock acquired
07-26 14:22:07.523   845   845 I PhoneLab-Locks: wake lock acquired
07-26 14:22:07.527   845   845 I PhoneLab-StatusMonitorLocation: Learning Signal Strgth
07-26 14:22:07.527   845   845 I PhoneLab-Locks: wake lock acquired
07-26 14:22:07.535   277   572 D androidNetworkLocationListeners: Still have listener com.google.android.location.internal.client.NetworkLocationClient$1@413a05f8
07-26 14:22:07.546   277   572 D androidNetworkLocationListeners: Still have listener com.google.android.location.internal.client.NetworkLocationClient$1@413a05f8
07-26 14:22:07.546   845   845 I PhoneLab-StatusMonitorBattery: Battery_level: 84
07-26 14:22:07.550   845   845 I PhoneLab-Locks: wake lock released
07-26 14:22:07.554   845   845 I PhoneLab-StatusMonitorSignal: Signal_Strength: -96 asu: 9
07-26 14:22:07.554   845   845 I PhoneLab-Locks: wake lock released
07-26 14:22:12.566   277   623 D WifiLocator: Too many no-location APs. Will not compute a location nor go to the server. hasLocation=0 noLocation=0 cacheMiss=0
07-26 14:22:12.578   845   845 I PhoneLab-StatusMonitorLocation: Location_Latitude: 42.9862078 Longitude: -78.6938079 Accuracy: 2380.0
07-26 14:22:12.582   277   572 D androidNetworkLocationListeners: Still have listener com.google.android.location.internal.client.NetworkLocationClient$1@413a05f8
07-26 14:22:12.582   845   845 I PhoneLab-Locks: wake lock released
07-26 14:22:17.625   277   623 D WifiLocator: Too many no-location APs. Will not compute a location nor go to the server. hasLocation=0 noLocation=0 cacheMiss=0
07-26 14:22:19.011   278   278 I wpa_supplicant: wlan0: CTRL-EVENT-DISCONNECTED bssid=d0:c2:82:2d:e5:b1 reason=0
07-26 14:22:19.011    76   113 D NetlinkEvent: Unexpected netlink message. type=0x0
07-26 14:22:21.011   278   278 I wpa_supplicant: wlan0: Trying to associate with d0:c2:82:67:e7:61 (SSID='UB_Secure' freq=2437 MHz)
07-26 14:22:25.023   278   278 I wpa_supplicant: wlan0: CTRL-EVENT-DISCONNECTED bssid=d0:c2:82:67:e7:61 reason=0
07-26 14:22:25.636   278   278 I wpa_supplicant: wlan0: Trying to associate with d0:c2:82:67:e7:61 (SSID='UB_Secure' freq=2437 MHz)
07-26 14:22:25.804   278   278 I wpa_supplicant: wlan0: Associated with d0:c2:82:67:e7:61
07-26 14:22:25.808   278   278 I wpa_supplicant: wlan0: CTRL-EVENT-EAP-STARTED EAP authentication started
07-26 14:22:25.820   278   278 I wpa_supplicant: wlan0: CTRL-EVENT-EAP-PROPOSED-METHOD vendor=0 method=4 -> NAK
07-26 14:22:25.824   278   278 I wpa_supplicant: wlan0: CTRL-EVENT-EAP-PROPOSED-METHOD vendor=0 method=25
07-26 14:22:25.824   278   278 I wpa_supplicant: wlan0: CTRL-EVENT-EAP-METHOD EAP vendor 0 method 25 (PEAP) selected
07-26 14:22:25.832   278   278 I wpa_supplicant: EAP-TLV: TLV Result - Success - EAP-TLV/Phase2 Completed
07-26 14:22:25.882    76   113 D NetlinkEvent: Unexpected netlink message. type=0x0
07-26 14:22:32.179   761  1609 I Gmail   : MainSyncRequestProto: lowestBkwdConvoId: 0, highestHandledServerOp: 4209455, normalSync: true
07-26 14:22:32.683   761   763 D dalvikvm: GC_CONCURRENT freed 347K, 11% free 9793K/10887K, paused 2ms+3ms
07-26 14:22:32.781   761  1609 D dalvikvm: GC_EXPLICIT freed 181K, 11% free 9742K/10887K, paused 3ms+3ms
07-26 14:22:32.789   761  1609 I Gmail   : MainSyncRequestProto: lowestBkwdConvoId: 0, highestHandledServerOp: 4209484, normalSync: true
07-26 14:22:33.351   761  1609 D dalvikvm: GC_EXPLICIT freed 204K, 11% free 9766K/10887K, paused 4ms+3ms
07-26 14:22:33.363   761  1609 I Gmail   : MainSyncRequestProto: lowestBkwdConvoId: 0, highestHandledServerOp: 4209484, normalSync: true
07-26 14:22:33.371   761  1609 W Gmail   : Scheduling index for 300000 ms from now
07-26 14:22:33.398   761  1609 I Gmail   : Sending notification intent: Intent { act=android.intent.action.PROVIDER_CHANGED dat=content://gmail-ls/unread/^i (has extras) }
07-26 14:22:33.425   761  1610 W Gmail   : Showing notification with unreadCount of 103 and unseenCount of 103
07-26 14:22:33.726   301   314 D dalvikvm: GC_EXPLICIT freed 240K, 6% free 9913K/10439K, paused 4ms+11ms
07-26 14:22:33.929   301   303 D dalvikvm: GC_CONCURRENT freed 892K, 10% free 9423K/10439K, paused 2ms+6ms
07-26 14:22:34.058   301  1612 I DownloadManager: Initiating request for download 678
07-26 14:22:34.433   301   303 D dalvikvm: GC_CONCURRENT freed 335K, 10% free 9481K/10439K, paused 2ms+4ms
07-26 14:22:35.480   301   303 D dalvikvm: GC_CONCURRENT freed 442K, 10% free 9442K/10439K, paused 1ms+3ms
07-26 14:22:35.582   301  1614 I DownloadManager: deleting /data/data/com.android.providers.downloads/cache/downloadfile-65.jpeg
07-26 14:22:35.800   301  1617 I DownloadManager: Initiating request for download 679
07-26 14:22:36.125   301   303 D dalvikvm: GC_CONCURRENT freed 387K, 10% free 9441K/10439K, paused 12ms+2ms
07-26 14:22:36.855   301  1621 I DownloadManager: Initiating request for download 679
07-26 14:22:36.855   301  1621 W DownloadManager: Aborting request for download 679: Trying to resume a download that can't be resumed
07-26 14:22:36.922   301   303 D dalvikvm: GC_CONCURRENT freed 385K, 10% free 9453K/10439K, paused 2ms+2ms
07-26 14:22:38.488   301  1625 I DownloadManager: Initiating request for download 680
07-26 14:22:38.539   301   303 D dalvikvm: GC_CONCURRENT freed 400K, 10% free 9446K/10439K, paused 2ms+3ms
07-26 14:22:39.769   761   763 D dalvikvm: GC_CONCURRENT freed 354K, 10% free 9806K/10887K, paused 2ms+2ms
07-26 14:22:39.800   301   303 D dalvikvm: GC_CONCURRENT freed 394K, 10% free 9447K/10439K, paused 3ms+2ms
07-26 14:22:39.832   301  1631 I DownloadManager: Initiating request for download 680
07-26 14:22:39.832   301  1631 W DownloadManager: Aborting request for download 680: Trying to resume a download that can't be resumed
07-26 14:22:40.246   141   486 D dalvikvm: GC_EXPLICIT freed 591K, 9% free 13404K/14599K, paused 3ms+6ms
07-26 14:22:40.316   301   303 D dalvikvm: GC_CONCURRENT freed 369K, 10% free 9474K/10439K, paused 2ms+3ms
07-26 14:22:40.472   301   303 D dalvikvm: GC_CONCURRENT freed 421K, 10% free 9447K/10439K, paused 1ms+3ms
07-26 14:22:40.562   301  1636 I DownloadManager: Initiating request for download 681
07-26 14:22:41.519   301   303 D dalvikvm: GC_CONCURRENT freed 373K, 10% free 9471K/10439K, paused 3ms+5ms
07-26 14:22:42.136   301  1640 I DownloadManager: Initiating request for download 681
07-26 14:22:42.136   301  1640 W DownloadManager: Aborting request for download 681: Trying to resume a download that can't be resumed
07-26 14:22:42.293   301   303 D dalvikvm: GC_CONCURRENT freed 412K, 10% free 9454K/10439K, paused 2ms+3ms
07-26 14:22:42.629   301  1644 I DownloadManager: Initiating request for download 682
07-26 14:22:42.953   301   303 D dalvikvm: GC_CONCURRENT freed 388K, 10% free 9461K/10439K, paused 2ms+3ms
07-26 14:22:44.707   761   772 D dalvikvm: GC_EXPLICIT freed 164K, 11% free 9773K/10887K, paused 2ms+3ms
07-26 14:22:44.804   301   303 D dalvikvm: GC_CONCURRENT freed 407K, 10% free 9448K/10439K, paused 1ms+2ms
07-26 14:22:44.937   301  1646 I DownloadManager: deleting /data/data/com.android.providers.downloads/cache/downloadfile-91.jpeg
07-26 14:22:45.168   301  1649 I DownloadManager: Initiating request for download 683
07-26 14:22:45.230   301   303 D dalvikvm: GC_CONCURRENT freed 391K, 10% free 9446K/10439K, paused 2ms+2ms
07-26 14:22:46.097   301  1653 I DownloadManager: Initiating request for download 683
07-26 14:22:46.097   301  1653 W DownloadManager: Aborting request for download 683: Trying to resume a download that can't be resumed
07-26 14:22:46.148   301   303 D dalvikvm: GC_CONCURRENT freed 386K, 10% free 9462K/10439K, paused 1ms+2ms
07-26 14:22:46.683   301  1656 I DownloadManager: Initiating request for download 684
07-26 14:22:46.730   301   303 D dalvikvm: GC_CONCURRENT freed 402K, 10% free 9453K/10439K, paused 2ms+3ms
07-26 14:22:48.082   301   303 D dalvikvm: GC_CONCURRENT freed 402K, 10% free 9457K/10439K, paused 1ms+3ms
07-26 14:22:48.117   301  1660 I DownloadManager: Initiating request for download 684
07-26 14:22:48.117   301  1660 W DownloadManager: Aborting request for download 684: Trying to resume a download that can't be resumed
07-26 14:22:48.574   301   303 D dalvikvm: GC_CONCURRENT freed 407K, 10% free 9448K/10439K, paused 1ms+2ms
07-26 14:22:48.683   301  1664 D dalvikvm: GC_EXPLICIT freed 72K, 10% free 9453K/10439K, paused 2ms+3ms
07-26 14:22:48.691   301  1664 I DownloadManager: Initiating request for download 685
07-26 14:22:49.941   301   303 D dalvikvm: GC_CONCURRENT freed 393K, 10% free 9468K/10439K, paused 2ms+3ms
07-26 14:22:49.972   301  1668 I DownloadManager: Initiating request for download 685
07-26 14:22:49.972   301  1668 W DownloadManager: Aborting request for download 685: Trying to resume a download that can't be resumed
07-26 14:22:50.039   301  1666 I DownloadManager: deleting /data/data/com.android.providers.downloads/cache/downloadfile-63.jpeg
07-26 14:22:50.254   141   141 D dalvikvm: GC_EXPLICIT freed 428K, 9% free 13361K/14599K, paused 6ms+5ms
07-26 14:22:51.191   301  1672 I DownloadManager: Initiating request for download 686
07-26 14:22:51.250   301   303 D dalvikvm: GC_CONCURRENT freed 394K, 10% free 9468K/10439K, paused 2ms+3ms
07-26 14:22:52.554   301   303 D dalvikvm: GC_CONCURRENT freed 413K, 10% free 9443K/10439K, paused 2ms+3ms
07-26 14:22:52.590   301  1676 I DownloadManager: Initiating request for download 686
07-26 14:22:52.590   301  1676 W DownloadManager: Aborting request for download 686: Trying to resume a download that can't be resumed
07-26 14:22:52.640   301  1674 I DownloadManager: deleting /data/data/com.android.providers.downloads/cache/downloadfile-79.jpeg
07-26 14:22:52.847   761   763 D dalvikvm: GC_CONCURRENT freed 356K, 10% free 9801K/10887K, paused 3ms+7ms
07-26 14:22:53.043   301   303 D dalvikvm: GC_CONCURRENT freed 349K, 10% free 9487K/10439K, paused 2ms+3ms
07-26 14:22:53.195   301   303 D dalvikvm: GC_CONCURRENT freed 254K, 8% free 9630K/10439K, paused 2ms+3ms
07-26 14:22:53.281   301  1682 I DownloadManager: Initiating request for download 687
07-26 14:22:54.511   301   303 D dalvikvm: GC_CONCURRENT freed 384K, 8% free 9648K/10439K, paused 2ms+2ms
07-26 14:22:55.121   301  1686 I DownloadManager: Initiating request for download 687
07-26 14:22:55.121   301  1686 W DownloadManager: Aborting request for download 687: Trying to resume a download that can't be resumed
07-26 14:22:55.320   301   303 D dalvikvm: GC_CONCURRENT freed 420K, 8% free 9628K/10439K, paused 2ms+2ms
07-26 14:22:55.644   301  1690 I DownloadManager: Initiating request for download 688
07-26 14:22:56.437   301   303 D dalvikvm: GC_CONCURRENT freed 407K, 8% free 9612K/10439K, paused 2ms+3ms
07-26 14:22:57.000   301  1694 I DownloadManager: Initiating request for download 688
07-26 14:22:57.004   301  1694 W DownloadManager: Aborting request for download 688: Trying to resume a download that can't be resumed
07-26 14:22:57.144   301   303 D dalvikvm: GC_CONCURRENT freed 375K, 8% free 9627K/10439K, paused 2ms+17ms
07-26 14:22:58.644   301   303 D dalvikvm: GC_CONCURRENT freed 260K, 7% free 9763K/10439K, paused 2ms+3ms
07-26 14:22:58.859   301  1699 I DownloadManager: Initiating request for download 689
07-26 14:22:58.914   301   303 D dalvikvm: GC_CONCURRENT freed 343K, 6% free 9815K/10439K, paused 2ms+3ms
07-26 14:23:00.250   301   303 D dalvikvm: GC_CONCURRENT freed 437K, 7% free 9783K/10439K, paused 2ms+4ms
07-26 14:23:00.281   301  1703 I DownloadManager: Initiating request for download 689
07-26 14:23:00.293   301  1703 W DownloadManager: Aborting request for download 689: Trying to resume a download that can't be resumed
07-26 14:23:00.976   301   303 D dalvikvm: GC_CONCURRENT freed 367K, 7% free 9811K/10439K, paused 2ms+3ms
07-26 14:23:01.140   301   303 D dalvikvm: GC_CONCURRENT freed 244K, 5% free 9964K/10439K, paused 1ms+3ms
07-26 14:23:01.234   301  1708 I DownloadManager: Initiating request for download 690
07-26 14:23:01.636   278   278 I wpa_supplicant: wlan0: CTRL-EVENT-DISCONNECTED bssid=d0:c2:82:67:e7:61 reason=0
07-26 14:23:01.636    76   113 D NetlinkEvent: Unexpected netlink message. type=0x0
07-26 14:23:01.836   301   303 D dalvikvm: GC_CONCURRENT freed 390K, 5% free 10011K/10503K, paused 2ms+3ms
07-26 14:23:02.656   141   153 D dalvikvm: GC_EXPLICIT freed 440K, 9% free 13387K/14599K, paused 3ms+5ms
07-26 14:23:02.890   301   303 D dalvikvm: GC_CONCURRENT freed 474K, 6% free 9971K/10567K, paused 2ms+5ms
07-26 14:23:02.933   301  1710 I DownloadManager: deleting /data/data/com.android.providers.downloads/cache/downloadfile-63.jpeg
07-26 14:23:03.144   301  1713 I DownloadManager: Initiating request for download 691
07-26 14:23:03.316   278   278 I wpa_supplicant: wlan0: Trying to associate with d0:c2:82:2d:e6:21 (SSID='UB_Secure' freq=2437 MHz)
07-26 14:23:03.386   278   278 I wpa_supplicant: wlan0: Associated with d0:c2:82:2d:e6:21
07-26 14:23:03.390   278   278 I wpa_supplicant: wlan0: CTRL-EVENT-EAP-STARTED EAP authentication started
07-26 14:23:03.394   278   278 I wpa_supplicant: wlan0: CTRL-EVENT-EAP-PROPOSED-METHOD vendor=0 method=4 -> NAK
07-26 14:23:03.398   278   278 I wpa_supplicant: wlan0: CTRL-EVENT-EAP-PROPOSED-METHOD vendor=0 method=25
07-26 14:23:03.398   278   278 I wpa_supplicant: wlan0: CTRL-EVENT-EAP-METHOD EAP vendor 0 method 25 (PEAP) selected
07-26 14:23:03.402   277   280 D dalvikvm: GC_CONCURRENT freed 364K, 6% free 10540K/11143K, paused 2ms+7ms
07-26 14:23:03.406   278   278 I wpa_supplicant: EAP-TLV: TLV Result - Success - EAP-TLV/Phase2 Completed
07-26 14:23:03.414    76   113 D NetlinkEvent: Unexpected netlink message. type=0x0
07-26 14:23:03.480   845   991 I PhoneLab-: Service Running
07-26 14:23:03.543   845   991 I PhoneLab-LoggerService: app_38    995   845   1428   1052  c00f181c 400107b4 S logcat
07-26 14:23:03.543   845   991 I PhoneLab-LoggerService: Logcat pid from database 995
07-26 14:23:03.543   845   991 I PhoneLab-LoggerService: Logcat process found 995
07-26 14:23:03.543   845   991 I PhoneLab-LoggerService: Checking Threshold
07-26 14:23:03.543   845   991 I PhoneLab-: Service Running
07-26 14:23:03.566   845   847 D dalvikvm: GC_CONCURRENT freed 423K, 15% free 9219K/10759K, paused 2ms+2ms
07-26 14:23:03.586   845   991 I PhoneLab-LoggerService: app_38    995   845   1428   1052  c00f181c 400107b4 S logcat
07-26 14:23:03.586   845   991 I PhoneLab-LoggerService: Logcat pid from database 995
07-26 14:23:03.586   845   991 I PhoneLab-LoggerService: Logcat process found 995
07-26 14:23:03.586   845   991 I PhoneLab-LoggerService: Checking Threshold
07-26 14:23:03.590   845   991 I PhoneLab-: Service Running
07-26 14:23:03.617   845   991 I PhoneLab-LoggerService: app_38    995   845   1428   1052  c00f181c 400107b4 S logcat
07-26 14:23:03.617   845   991 I PhoneLab-LoggerService: Logcat pid from database 995
07-26 14:23:03.617   845   991 I PhoneLab-LoggerService: Logcat process found 995
07-26 14:23:03.617   845   991 I PhoneLab-LoggerService: Checking Threshold
07-26 14:23:03.668   301   303 D dalvikvm: GC_CONCURRENT freed 905K, 11% free 9465K/10567K, paused 5ms+2ms
07-26 14:23:05.511   301  1720 I DownloadManager: Initiating request for download 691
07-26 14:23:05.511   761   763 D dalvikvm: GC_CONCURRENT freed 384K, 10% free 9807K/10887K, paused 2ms+3ms
07-26 14:23:05.515   301  1720 W DownloadManager: Aborting request for download 691: Trying to resume a download that can't be resumed
07-26 14:23:05.590   761  1719 E Gmail   : File not found for download 691 or file null
07-26 14:23:05.605   301   303 D dalvikvm: GC_CONCURRENT freed 402K, 11% free 9455K/10567K, paused 2ms+3ms
07-26 14:23:06.015   301  1723 D dalvikvm: GC_EXPLICIT freed 317K, 11% free 9470K/10567K, paused 3ms+3ms
07-26 14:23:06.027   301  1723 I DownloadManager: Initiating request for download 692
07-26 14:23:07.617   301   303 D dalvikvm: GC_CONCURRENT freed 375K, 11% free 9481K/10567K, paused 2ms+3ms
07-26 14:23:07.718   301  1727 I DownloadManager: Initiating request for download 692
07-26 14:23:07.718   301  1727 W DownloadManager: Aborting request for download 692: Trying to resume a download that can't be resumed
07-26 14:23:07.929   301   303 D dalvikvm: GC_CONCURRENT freed 408K, 11% free 9471K/10567K, paused 2ms+4ms
07-26 14:23:07.953   250   253 D dalvikvm: GC_CONCURRENT freed 362K, 5% free 9437K/9927K, paused 2ms+4ms
07-26 14:23:08.242   301  1731 I DownloadManager: Initiating request for download 693
07-26 14:23:09.160   301   303 D dalvikvm: GC_CONCURRENT freed 409K, 11% free 9468K/10567K, paused 12ms+2ms
07-26 14:23:10.250   301  1735 I DownloadManager: Initiating request for download 693
07-26 14:23:10.257   301  1735 W DownloadManager: Aborting request for download 693: Trying to resume a download that can't be resumed
07-26 14:23:10.433   301   303 D dalvikvm: GC_CONCURRENT freed 393K, 11% free 9478K/10567K, paused 1ms+2ms
07-26 14:23:11.648   301  1739 I DownloadManager: Initiating request for download 694
07-26 14:23:12.367   301   303 D dalvikvm: GC_CONCURRENT freed 398K, 11% free 9481K/10567K, paused 2ms+3ms
07-26 14:23:13.566   301  1743 I DownloadManager: Initiating request for download 694
07-26 14:23:13.566   301  1743 W DownloadManager: Aborting request for download 694: Trying to resume a download that can't be resumed
07-26 14:23:13.644   301   303 D dalvikvm: GC_CONCURRENT freed 404K, 11% free 9474K/10567K, paused 2ms+4ms
07-26 14:23:14.129   141   486 D dalvikvm: GC_EXPLICIT freed 407K, 9% free 13399K/14599K, paused 3ms+7ms
07-26 14:23:14.140   301  1746 I DownloadManager: Initiating request for download 695
07-26 14:23:14.195   301   303 D dalvikvm: GC_CONCURRENT freed 401K, 11% free 9467K/10567K, paused 2ms+2ms
07-26 14:23:16.593   301   303 D dalvikvm: GC_CONCURRENT freed 414K, 11% free 9460K/10567K, paused 1ms+2ms
07-26 14:23:16.746   301  1748 I DownloadManager: deleting /data/data/com.android.providers.downloads/cache/downloadfile-124.jpeg
07-26 14:23:16.949   301  1751 I DownloadManager: Initiating request for download 696
07-26 14:23:17.011   301   303 D dalvikvm: GC_CONCURRENT freed 407K, 11% free 9448K/10567K, paused 2ms+3ms
07-26 14:23:18.882   761   763 D dalvikvm: GC_CONCURRENT freed 415K, 10% free 9813K/10887K, paused 3ms+3ms
07-26 14:23:18.965   301   303 D dalvikvm: GC_CONCURRENT freed 399K, 11% free 9455K/10567K, paused 2ms+2ms
07-26 14:23:19.000   301  1755 I DownloadManager: Initiating request for download 696
07-26 14:23:19.004   301  1755 W DownloadManager: Aborting request for download 696: Trying to resume a download that can't be resumed
07-26 14:23:19.043   301  1753 I DownloadManager: deleting /data/data/com.android.providers.downloads/cache/downloadfile-59.jpeg
07-26 14:23:19.379   301  1759 I DownloadManager: Initiating request for download 697
07-26 14:23:19.453   301   303 D dalvikvm: GC_CONCURRENT freed 399K, 11% free 9450K/10567K, paused 1ms+3ms
07-26 14:23:22.687   301  1763 I DownloadManager: Initiating request for download 697
07-26 14:23:22.715   301  1763 W DownloadManager: Aborting request for download 697: Trying to resume a download that can't be resumed
07-26 14:23:22.738   301   303 D dalvikvm: GC_CONCURRENT freed 389K, 11% free 9472K/10567K, paused 2ms+3ms
07-26 14:23:23.179   301  1767 I DownloadManager: Initiating request for download 698
07-26 14:23:23.222   301   303 D dalvikvm: GC_CONCURRENT freed 406K, 11% free 9461K/10567K, paused 2ms+2ms
07-26 14:23:24.898   301   303 D dalvikvm: GC_CONCURRENT freed 369K, 11% free 9489K/10567K, paused 2ms+2ms
07-26 14:23:25.000   301  1771 I DownloadManager: Initiating request for download 698
07-26 14:23:25.004   301  1771 W DownloadManager: Aborting request for download 698: Trying to resume a download that can't be resumed
07-26 14:23:25.332   301   303 D dalvikvm: GC_CONCURRENT freed 365K, 10% free 9518K/10567K, paused 2ms+3ms
07-26 14:23:25.496   301   303 D dalvikvm: GC_CONCURRENT freed 268K, 9% free 9637K/10567K, paused 2ms+2ms
07-26 14:23:25.707   301  1776 I DownloadManager: Initiating request for download 699
07-26 14:23:26.480   301   303 D dalvikvm: GC_CONCURRENT freed 374K, 9% free 9651K/10567K, paused 12ms+2ms
07-26 14:23:27.793   301  1779 D dalvikvm: GC_EXPLICIT freed 358K, 9% free 9623K/10567K, paused 2ms+4ms
07-26 14:23:27.992   301  1779 I DownloadManager: deleting /data/data/com.android.providers.downloads/cache/downloadfile-213.jpeg
07-26 14:23:28.054   141   152 D dalvikvm: GC_EXPLICIT freed 446K, 9% free 13340K/14599K, paused 3ms+8ms
07-26 14:23:28.945   301  1782 I DownloadManager: Initiating request for download 700
07-26 14:23:28.976   301   303 D dalvikvm: GC_CONCURRENT freed 367K, 9% free 9656K/10567K, paused 12ms+3ms
07-26 14:23:30.941   761  1680 D dalvikvm: GC_EXPLICIT freed 319K, 11% free 9792K/10887K, paused 4ms+3ms
07-26 14:23:30.980   301   303 D dalvikvm: GC_CONCURRENT freed 597K, 11% free 9458K/10567K, paused 3ms+2ms
07-26 14:23:31.047   301  1786 I DownloadManager: Initiating request for download 700
07-26 14:23:31.050   301  1786 W DownloadManager: Aborting request for download 700: Trying to resume a download that can't be resumed
07-26 14:23:31.105   301  1784 I DownloadManager: deleting /data/data/com.android.providers.downloads/cache/downloadfile-149.jpeg
07-26 14:23:31.468   301  1790 I DownloadManager: Initiating request for download 701
07-26 14:23:31.523   301   303 D dalvikvm: GC_CONCURRENT freed 395K, 11% free 9468K/10567K, paused 2ms+3ms
07-26 14:23:33.582   301   303 D dalvikvm: GC_CONCURRENT freed 420K, 11% free 9452K/10567K, paused 1ms+2ms
07-26 14:23:33.609   301  1794 I DownloadManager: Initiating request for download 701
07-26 14:23:33.613   301  1794 W DownloadManager: Aborting request for download 701: Trying to resume a download that can't be resumed
07-26 14:23:34.047   301  1798 I DownloadManager: Initiating request for download 702
07-26 14:23:34.113   301   303 D dalvikvm: GC_CONCURRENT freed 388K, 11% free 9459K/10567K, paused 1ms+3ms
07-26 14:23:36.672   301   303 D dalvikvm: GC_CONCURRENT freed 387K, 11% free 9462K/10567K, paused 2ms+2ms
07-26 14:23:36.863   301  1800 I DownloadManager: deleting /data/data/com.android.providers.downloads/cache/downloadfile-63.jpeg
07-26 14:23:38.800   301  1803 I DownloadManager: Initiating request for download 703
07-26 14:23:38.816   301   303 D dalvikvm: GC_CONCURRENT freed 393K, 11% free 9460K/10567K, paused 2ms+4ms
07-26 14:23:39.226   278   278 I wpa_supplicant: wlan0: CTRL-EVENT-EAP-STARTED EAP authentication started
07-26 14:23:39.226    76   113 D NetlinkEvent: Unexpected netlink message. type=0x0
07-26 14:23:39.238   278   278 I wpa_supplicant: wlan0: CTRL-EVENT-DISCONNECTED bssid=d0:c2:82:2d:e6:21 reason=0
07-26 14:23:40.507   278   278 I wpa_supplicant: wlan0: Trying to associate with d0:c2:82:2d:e5:b1 (SSID='UB_Secure' freq=2412 MHz)
07-26 14:23:40.695   278   278 I wpa_supplicant: wlan0: Associated with d0:c2:82:2d:e5:b1
07-26 14:23:40.695   278   278 I wpa_supplicant: wlan0: CTRL-EVENT-EAP-STARTED EAP authentication started
07-26 14:23:40.703   278   278 I wpa_supplicant: wlan0: CTRL-EVENT-EAP-PROPOSED-METHOD vendor=0 method=4 -> NAK
07-26 14:23:40.707   278   278 I wpa_supplicant: wlan0: CTRL-EVENT-EAP-PROPOSED-METHOD vendor=0 method=25
07-26 14:23:40.707   278   278 I wpa_supplicant: wlan0: CTRL-EVENT-EAP-METHOD EAP vendor 0 method 25 (PEAP) selected
07-26 14:23:40.718   278   278 I wpa_supplicant: EAP-TLV: TLV Result - Success - EAP-TLV/Phase2 Completed
07-26 14:23:40.746    76   113 D NetlinkEvent: Unexpected netlink message. type=0x0
07-26 14:23:41.148   301   303 D dalvikvm: GC_CONCURRENT freed 398K, 11% free 9466K/10567K, paused 3ms+2ms
07-26 14:23:41.187   301  1807 I DownloadManager: Initiating request for download 703
07-26 14:23:41.203   301  1807 W DownloadManager: Aborting request for download 703: Trying to resume a download that can't be resumed
07-26 14:23:41.261   301  1805 I DownloadManager: deleting /data/data/com.android.providers.downloads/cache/downloadfile-63.jpeg
07-26 14:23:41.593   301  1811 I DownloadManager: Initiating request for download 704
07-26 14:23:41.648   301   303 D dalvikvm: GC_CONCURRENT freed 390K, 11% free 9471K/10567K, paused 1ms+3ms
07-26 14:23:43.980   301   303 D dalvikvm: GC_CONCURRENT freed 398K, 11% free 9470K/10567K, paused 2ms+2ms
07-26 14:23:44.043   301  1815 I DownloadManager: Initiating request for download 704
07-26 14:23:44.043   301  1815 W DownloadManager: Aborting request for download 704: Trying to resume a download that can't be resumed
07-26 14:23:44.086   301  1813 I DownloadManager: deleting /data/data/com.android.providers.downloads/cache/downloadfile-154.jpeg
07-26 14:23:44.148   761   763 D dalvikvm: GC_CONCURRENT freed 382K, 10% free 9801K/10887K, paused 2ms+7ms
07-26 14:23:44.250   141   141 D dalvikvm: GC_EXPLICIT freed 413K, 9% free 13363K/14599K, paused 3ms+5ms
07-26 14:23:44.562   301  1819 I DownloadManager: Initiating request for download 705
07-26 14:23:44.613   301   303 D dalvikvm: GC_CONCURRENT freed 388K, 11% free 9477K/10567K, paused 2ms+3ms
07-26 14:23:46.277   301   303 D dalvikvm: GC_CONCURRENT freed 420K, 11% free 9455K/10567K, paused 1ms+3ms
07-26 14:23:46.328   301  1823 I DownloadManager: Initiating request for download 705
07-26 14:23:46.328   301  1823 W DownloadManager: Aborting request for download 705: Trying to resume a download that can't be resumed
07-26 14:23:46.375   301  1821 I DownloadManager: deleting /data/data/com.android.providers.downloads/cache/downloadfile-61.jpeg
07-26 14:23:46.715   301  1827 I DownloadManager: Initiating request for download 706
07-26 14:23:46.785   301   303 D dalvikvm: GC_CONCURRENT freed 397K, 11% free 9454K/10567K, paused 2ms+3ms
07-26 14:23:48.511   301   303 D dalvikvm: GC_CONCURRENT freed 382K, 11% free 9456K/10567K, paused 3ms+3ms
07-26 14:23:48.590   301  1832 I DownloadManager: Initiating request for download 706
07-26 14:23:48.590   301  1832 W DownloadManager: Aborting request for download 706: Trying to resume a download that can't be resumed
07-26 14:23:50.550   301   316 D dalvikvm: GC_EXPLICIT freed 260K, 11% free 9440K/10567K, paused 1ms+3ms
07-26 14:23:50.894   301   303 D dalvikvm: GC_CONCURRENT freed 229K, 10% free 9605K/10567K, paused 2ms+2ms
07-26 14:23:51.156   301  1837 I DownloadManager: Initiating request for download 707
07-26 14:23:51.211   301   303 D dalvikvm: GC_CONCURRENT freed 345K, 9% free 9655K/10567K, paused 1ms+3ms
07-26 14:23:52.992   301   303 D dalvikvm: GC_CONCURRENT freed 421K, 9% free 9630K/10567K, paused 2ms+2ms
07-26 14:23:53.047   301  1841 I DownloadManager: Initiating request for download 707
07-26 14:23:53.047   301  1841 W DownloadManager: Aborting request for download 707: Trying to resume a download that can't be resumed
07-26 14:23:53.144   301  1839 I DownloadManager: deleting /data/data/com.android.providers.downloads/cache/downloadfile-59.jpeg
07-26 14:23:53.750   301  1845 I DownloadManager: Initiating request for download 708
07-26 14:23:53.808   301   303 D dalvikvm: GC_CONCURRENT freed 396K, 9% free 9629K/10567K, paused 2ms+2ms
07-26 14:23:55.257   301   303 D dalvikvm: GC_CONCURRENT freed 359K, 9% free 9656K/10567K, paused 3ms+5ms
07-26 14:23:55.398   301  1850 I DownloadManager: Initiating request for download 708
07-26 14:23:55.398   301  1850 W DownloadManager: Aborting request for download 708: Trying to resume a download that can't be resumed
07-26 14:23:55.636   250   265 D dalvikvm: GC_EXPLICIT freed 144K, 6% free 9422K/9927K, paused 2ms+2ms
07-26 14:23:55.679   301   303 D dalvikvm: GC_CONCURRENT freed 399K, 9% free 9648K/10567K, paused 1ms+2ms
07-26 14:23:57.375   301  1854 I DownloadManager: Initiating request for download 709
07-26 14:23:58.261   301   303 D dalvikvm: GC_CONCURRENT freed 404K, 9% free 9645K/10567K, paused 6ms+2ms
07-26 14:23:59.039   761   763 D dalvikvm: GC_CONCURRENT freed 403K, 10% free 9816K/10887K, paused 1ms+4ms
07-26 14:23:59.152   141   392 D dalvikvm: GC_EXPLICIT freed 427K, 9% free 13353K/14599K, paused 3ms+5ms
07-26 14:23:59.168   301  1858 I DownloadManager: Initiating request for download 709
07-26 14:23:59.168   301  1858 W DownloadManager: Aborting request for download 709: Trying to resume a download that can't be resumed
07-26 14:23:59.222   301  1856 I DownloadManager: deleting /data/data/com.android.providers.downloads/cache/downloadfile-221.jpeg
07-26 14:23:59.484   301   303 D dalvikvm: GC_CONCURRENT freed 378K, 9% free 9658K/10567K, paused 7ms+3ms
07-26 14:23:59.566   301  1862 I DownloadManager: Initiating request for download 710
07-26 14:24:00.117   301   303 D dalvikvm: GC_CONCURRENT freed 599K, 11% free 9484K/10567K, paused 2ms+3ms
07-26 14:24:01.023   301  1866 I DownloadManager: Initiating request for download 710
07-26 14:24:01.023   301  1866 W DownloadManager: Aborting request for download 710: Trying to resume a download that can't be resumed
07-26 14:24:01.125   301  1864 I DownloadManager: deleting /data/data/com.android.providers.downloads/cache/downloadfile-67.jpeg
07-26 14:24:01.340   301   303 D dalvikvm: GC_CONCURRENT freed 395K, 11% free 9477K/10567K, paused 2ms+3ms
07-26 14:24:01.461   301  1870 I DownloadManager: Initiating request for download 711
07-26 14:24:02.062   301   303 D dalvikvm: GC_CONCURRENT freed 420K, 11% free 9446K/10567K, paused 5ms+2ms
07-26 14:24:02.574   301  1874 I DownloadManager: Initiating request for download 711
