07-21 07:48:19.105   459  1052 I PhoneLab-: Service Running
07-21 07:48:19.128   459  1052 I PhoneLab-LoggerService: app_38    1055  459   1428   1060  c00ab7c8 40010474 D logcat
07-21 07:48:19.132   459  1052 I PhoneLab-LoggerService: Logcat pid from database 1055
07-21 07:48:19.132   459  1052 I PhoneLab-LoggerService: Logcat process found 1055
07-21 07:48:19.132   459  1052 I PhoneLab-LoggerService: Checking Threshold
07-21 07:48:19.132   459  1052 I PhoneLab-: Service Running
07-21 07:48:19.160   459  1052 I PhoneLab-LoggerService: app_38    1055  459   1428   1060  c00f181c 400107b4 S logcat
07-21 07:48:19.160   459  1052 I PhoneLab-LoggerService: Logcat pid from database 1055
07-21 07:48:19.160   459  1052 I PhoneLab-LoggerService: Logcat process found 1055
07-21 07:48:19.160   459  1052 I PhoneLab-LoggerService: Checking Threshold
07-21 07:48:19.160   459  1052 I PhoneLab-: Service Running
07-21 07:48:19.187   459  1052 I PhoneLab-LoggerService: app_38    1055  459   1428   1060  c00f181c 400107b4 S logcat
07-21 07:48:19.187   459  1052 I PhoneLab-LoggerService: Logcat pid from database 1055
07-21 07:48:19.187   459  1052 I PhoneLab-LoggerService: Logcat process found 1055
07-21 07:48:19.187   459  1052 I PhoneLab-LoggerService: Checking Threshold
07-21 07:48:19.187   459  1052 I PhoneLab-: Service Running
07-21 07:48:19.214   459  1052 I PhoneLab-LoggerService: app_38    1055  459   1428   1060  c00f181c 400107b4 S logcat
07-21 07:48:19.214   459  1052 I PhoneLab-LoggerService: Logcat pid from database 1055
07-21 07:48:19.218   459  1052 I PhoneLab-LoggerService: Logcat process found 1055
07-21 07:48:19.218   459  1052 I PhoneLab-LoggerService: Checking Threshold
07-21 07:48:19.218   459  1052 I PhoneLab-: Service Running
07-21 07:48:19.246   459  1052 I PhoneLab-LoggerService: app_38    1055  459   1428   1060  c00f181c 400107b4 S logcat
07-21 07:48:19.246   459  1052 I PhoneLab-LoggerService: Logcat pid from database 1055
07-21 07:48:19.246   459  1052 I PhoneLab-LoggerService: Logcat process found 1055
07-21 07:48:19.246   459  1052 I PhoneLab-LoggerService: Checking Threshold
07-21 07:48:19.246   459  1052 I PhoneLab-: Service Running
07-21 07:48:19.273   459  1052 I PhoneLab-LoggerService: app_38    1055  459   1428   1060  c00f181c 400107b4 S logcat
07-21 07:48:19.273   459  1052 I PhoneLab-LoggerService: Logcat pid from database 1055
07-21 07:48:19.273   459  1052 I PhoneLab-LoggerService: Logcat process found 1055
07-21 07:48:19.273   459  1052 I PhoneLab-LoggerService: Checking Threshold
07-21 07:48:19.273   459  1052 I PhoneLab-: Service Running
07-21 07:48:19.316   459   462 D dalvikvm: GC_CONCURRENT freed 403K, 19% free 9226K/11335K, paused 2ms+1ms
07-21 07:48:19.320   459  1052 I PhoneLab-LoggerService: app_38    1055  459   1428   1060  c00ab7c8 40010474 D logcat
07-21 07:48:19.320   459  1052 I PhoneLab-LoggerService: Logcat pid from database 1055
07-21 07:48:19.320   459  1052 I PhoneLab-LoggerService: Logcat process found 1055
07-21 07:48:19.320   459  1052 I PhoneLab-LoggerService: Checking Threshold
07-21 07:48:19.320   459  1052 I PhoneLab-: Service Running
07-21 07:48:19.351   459  1052 I PhoneLab-LoggerService: app_38    1055  459   1428   1060  c00ab7c8 40010474 D logcat
07-21 07:48:19.355   459  1052 I PhoneLab-LoggerService: Logcat pid from database 1055
07-21 07:48:19.355   459  1052 I PhoneLab-LoggerService: Logcat process found 1055
07-21 07:48:19.355   459  1052 I PhoneLab-LoggerService: Checking Threshold
07-21 07:48:19.355   459  1052 I PhoneLab-: Service Running
07-21 07:48:19.382   459  1052 I PhoneLab-LoggerService: app_38    1055  459   1428   1060  c00ab7c8 40010474 D logcat
07-21 07:48:19.382   459  1052 I PhoneLab-LoggerService: Logcat pid from database 1055
07-21 07:48:19.382   459  1052 I PhoneLab-LoggerService: Logcat process found 1055
07-21 07:48:19.382   459  1052 I PhoneLab-LoggerService: Checking Threshold
07-21 07:48:19.382   459  1052 I PhoneLab-: Service Running
07-21 07:48:19.410   459  1052 I PhoneLab-LoggerService: app_38    1055  459   1428   1060  c00ab7c8 40010474 D logcat
07-21 07:48:19.410   459  1052 I PhoneLab-LoggerService: Logcat pid from database 1055
07-21 07:48:19.410   459  1052 I PhoneLab-LoggerService: Logcat process found 1055
07-21 07:48:19.410   459  1052 I PhoneLab-LoggerService: Checking Threshold
07-21 07:48:19.410   459  1052 I PhoneLab-: Service Running
07-21 07:48:19.437   459  1052 I PhoneLab-LoggerService: app_38    1055  459   1428   1060  c00f181c 400107b4 S logcat
07-21 07:48:19.437   459  1052 I PhoneLab-LoggerService: Logcat pid from database 1055
07-21 07:48:19.441   459  1052 I PhoneLab-LoggerService: Logcat process found 1055
07-21 07:48:19.441   459  1052 I PhoneLab-LoggerService: Checking Threshold
07-21 07:48:19.441   459  1052 I PhoneLab-: Service Running
07-21 07:48:19.468   459  1052 I PhoneLab-LoggerService: app_38    1055  459   1428   1060  c00f181c 400107b4 S logcat
07-21 07:48:19.468   459  1052 I PhoneLab-LoggerService: Logcat pid from database 1055
07-21 07:48:19.468   459  1052 I PhoneLab-LoggerService: Logcat process found 1055
07-21 07:48:19.468   459  1052 I PhoneLab-LoggerService: Checking Threshold
07-21 07:48:19.468   459  1052 I PhoneLab-: Service Running
07-21 07:48:19.496   459  1052 I PhoneLab-LoggerService: app_38    1055  459   1428   1060  c00f181c 400107b4 S logcat
07-21 07:48:19.496   459  1052 I PhoneLab-LoggerService: Logcat pid from database 1055
07-21 07:48:19.496   459  1052 I PhoneLab-LoggerService: Logcat process found 1055
07-21 07:48:19.496   459  1052 I PhoneLab-LoggerService: Checking Threshold
07-21 07:48:19.496   459  1052 I PhoneLab-: Service Running
07-21 07:57:40.054   459  1052 I PhoneLab-LoggerService: app_38    1055  459   1428   1060  c00f181c 400107b4 S logcat
07-21 07:57:40.054   459  1052 I PhoneLab-LoggerService: Logcat pid from database 1055
07-21 07:57:40.054   459  1052 I PhoneLab-LoggerService: Logcat process found 1055
07-21 07:57:40.054   459  1052 I PhoneLab-LoggerService: Checking Threshold
07-21 07:57:40.058   459  1052 I PhoneLab-: Service Running
07-21 07:57:40.101   459   462 D dalvikvm: GC_CONCURRENT freed 403K, 19% free 9237K/11335K, paused 1ms+2ms
07-21 07:57:40.105   459  1052 I PhoneLab-LoggerService: app_38    1055  459   1428   1060  c00f181c 400107b4 S logcat
07-21 07:57:40.105   459  1052 I PhoneLab-LoggerService: Logcat pid from database 1055
07-21 07:57:40.105   459  1052 I PhoneLab-LoggerService: Logcat process found 1055
07-21 07:57:40.105   459  1052 I PhoneLab-LoggerService: Checking Threshold
07-21 07:57:40.105   459  1052 I PhoneLab-: Service Running
07-21 07:57:40.136   459  1052 I PhoneLab-LoggerService: app_38    1055  459   1428   1060  c00f181c 400107b4 S logcat
07-21 07:57:40.136   459  1052 I PhoneLab-LoggerService: Logcat pid from database 1055
07-21 07:57:40.136   459  1052 I PhoneLab-LoggerService: Logcat process found 1055
07-21 07:57:40.136   459  1052 I PhoneLab-LoggerService: Checking Threshold
07-21 07:57:40.140   459  1052 I PhoneLab-: Service Running
07-21 07:57:40.168   459  1052 I PhoneLab-LoggerService: app_38    1055  459   1428   1060  c00f181c 400107b4 S logcat
07-21 07:57:40.168   459  1052 I PhoneLab-LoggerService: Logcat pid from database 1055
07-21 07:57:40.168   459  1052 I PhoneLab-LoggerService: Logcat process found 1055
07-21 07:57:40.168   459  1052 I PhoneLab-LoggerService: Checking Threshold
07-21 07:57:40.168   459  1052 I PhoneLab-: Service Running
07-21 07:57:40.195   459  1052 I PhoneLab-LoggerService: app_38    1055  459   1428   1060  c00f181c 400107b4 S logcat
07-21 07:57:40.195   459  1052 I PhoneLab-LoggerService: Logcat pid from database 1055
07-21 07:57:40.195   459  1052 I PhoneLab-LoggerService: Logcat process found 1055
07-21 07:57:40.195   459  1052 I PhoneLab-LoggerService: Checking Threshold
07-21 07:57:40.195   459  1052 I PhoneLab-: Service Running
07-21 07:57:40.222   459  1052 I PhoneLab-LoggerService: app_38    1055  459   1428   1060  c00f181c 400107b4 S logcat
07-21 07:57:40.222   459  1052 I PhoneLab-LoggerService: Logcat pid from database 1055
07-21 07:57:40.222   459  1052 I PhoneLab-LoggerService: Logcat process found 1055
07-21 07:57:40.222   459  1052 I PhoneLab-LoggerService: Checking Threshold
07-21 07:57:40.222   459  1052 I PhoneLab-: Service Running
07-21 07:57:40.250   459  1052 I PhoneLab-LoggerService: app_38    1055  459   1428   1060  c00f181c 400107b4 S logcat
07-21 07:57:40.253   459  1052 I PhoneLab-LoggerService: Logcat pid from database 1055
07-21 07:57:40.253   459  1052 I PhoneLab-LoggerService: Logcat process found 1055
07-21 07:57:40.253   459  1052 I PhoneLab-LoggerService: Checking Threshold
07-21 07:57:40.253   459  1052 I PhoneLab-: Service Running
07-21 07:57:40.281   459  1052 I PhoneLab-LoggerService: app_38    1055  459   1428   1060  c00f181c 400107b4 S logcat
07-21 07:57:40.281   459  1052 I PhoneLab-LoggerService: Logcat pid from database 1055
07-21 07:57:40.281   459  1052 I PhoneLab-LoggerService: Logcat process found 1055
07-21 07:57:40.281   459  1052 I PhoneLab-LoggerService: Checking Threshold
07-21 07:57:40.281   459  1052 I PhoneLab-: Service Running
07-21 07:57:40.308   459  1052 I PhoneLab-LoggerService: app_38    1055  459   1428   1060  c00f181c 400107b4 S logcat
07-21 07:57:40.308   459  1052 I PhoneLab-LoggerService: Logcat pid from database 1055
07-21 07:57:40.308   459  1052 I PhoneLab-LoggerService: Logcat process found 1055
07-21 07:57:40.308   459  1052 I PhoneLab-LoggerService: Checking Threshold
07-21 07:57:40.308   459  1052 I PhoneLab-: Service Running
07-21 07:57:40.359   459   462 D dalvikvm: GC_CONCURRENT freed 403K, 19% free 9226K/11335K, paused 1ms+2ms
07-21 07:57:40.363   459  1052 I PhoneLab-LoggerService: app_38    1055  459   1428   1060  c00f181c 400107b4 S logcat
07-21 07:57:40.363   459  1052 I PhoneLab-LoggerService: Logcat pid from database 1055
07-21 07:57:40.363   459  1052 I PhoneLab-LoggerService: Logcat process found 1055
07-21 07:57:40.363   459  1052 I PhoneLab-LoggerService: Checking Threshold
07-21 07:57:40.363   459  1052 I PhoneLab-: Service Running
07-21 07:57:40.398   459  1052 I PhoneLab-LoggerService: app_38    1055  459   1428   1060  c00f181c 400107b4 S logcat
07-21 07:57:40.398   459  1052 I PhoneLab-LoggerService: Logcat pid from database 1055
07-21 07:57:40.398   459  1052 I PhoneLab-LoggerService: Logcat process found 1055
07-21 07:57:40.398   459  1052 I PhoneLab-LoggerService: Checking Threshold
07-21 07:57:40.398   459  1052 I PhoneLab-: Service Running
07-21 07:57:40.425   459  1052 I PhoneLab-LoggerService: app_38    1055  459   1428   1060  c00f181c 400107b4 S logcat
07-21 07:57:40.425   459  1052 I PhoneLab-LoggerService: Logcat pid from database 1055
07-21 07:57:40.425   459  1052 I PhoneLab-LoggerService: Logcat process found 1055
07-21 07:57:40.425   459  1052 I PhoneLab-LoggerService: Checking Threshold
07-21 07:57:40.425   459  1052 I PhoneLab-: Service Running
07-21 07:57:40.453   459  1052 I PhoneLab-LoggerService: app_38    1055  459   1428   1060  c00f181c 400107b4 S logcat
07-21 07:57:40.453   459  1052 I PhoneLab-LoggerService: Logcat pid from database 1055
07-21 07:57:40.453   459  1052 I PhoneLab-LoggerService: Logcat process found 1055
07-21 07:57:40.453   459  1052 I PhoneLab-LoggerService: Checking Threshold
07-21 07:58:09.336   459   459 I PhoneLab-Locks: wake lock acquired
07-21 07:58:09.379   459  9058 I PhoneLab-PeriodicCheckService: User info is synched
07-21 07:58:09.390   459  9058 I PhoneLab-PeriodicCheckService: Logger Service is running
07-21 07:58:09.390   459  9058 I PhoneLab-Locks: wake lock acquired
07-21 07:58:09.390   459   459 I PhoneLab-UploadLogs: Transfering log files now
07-21 07:58:09.390   459   459 I PhoneLab-UploadLogs: No log files to transfer
07-21 07:58:09.390   459   459 I PhoneLab-Locks: wake lock released
07-21 07:58:09.394   459   459 I PhoneLab-UploadLogs: OnStartCommand
07-21 07:58:09.394   459  9058 I PhoneLab-PeriodicCheckService: Rescheduling periodic checking...
07-21 07:58:09.394   459  9058 I PhoneLab-Locks: wake lock released
07-21 07:58:11.890   274   659 I EventLogService: Aggregate from 1342870091795 (log), 1342870091795 (data)
07-21 07:58:13.175   141   143 D dalvikvm: GC_CONCURRENT freed 1012K, 13% free 13572K/15431K, paused 2ms+5ms
07-21 07:58:13.265   459   459 I PhoneLab-Locks: wake lock acquired
07-21 07:58:13.285   459   459 I PhoneLab-StatusMonitor: Status Monitoring is started
07-21 07:58:13.355   459   462 D dalvikvm: GC_CONCURRENT freed 427K, 18% free 9308K/11335K, paused 1ms+3ms
07-21 07:58:13.375   459   459 I PhoneLab-StatusMonitor: Value: 10 - unit: min
07-21 07:58:13.375   459   459 I PhoneLab-StatusMonitor: Running interval: 600000
07-21 07:58:13.382   459   459 I PhoneLab-StatusMonitor: Rescheduling status monitoring...
07-21 07:58:13.382   459   459 I PhoneLab-Locks: wake lock released
07-21 07:58:13.390   459   459 I PhoneLab-StatusMonitorLocation: Learning Location
07-21 07:58:13.390   459   459 I PhoneLab-Locks: wake lock acquired
07-21 07:58:13.394   459   459 I PhoneLab-Locks: wake lock acquired
07-21 07:58:13.394   274   556 D androidNetworkLocationListeners: Still have listener com.google.android.location.internal.client.NetworkLocationClient$1@4139a548
07-21 07:58:13.398   459   459 I PhoneLab-StatusMonitorLocation: Learning Signal Strgth
07-21 07:58:13.398   459   459 I PhoneLab-Locks: wake lock acquired
07-21 07:58:13.422   459   459 I PhoneLab-StatusMonitorBattery: Battery_level: 38
07-21 07:58:13.422   274   556 D androidNetworkLocationListeners: Still have listener com.google.android.location.internal.client.NetworkLocationClient$1@4139a548
07-21 07:58:13.425   459   459 I PhoneLab-Locks: wake lock released
07-21 07:58:13.433   459   459 I PhoneLab-StatusMonitorSignal: Signal_Strength: -76 asu: 19
07-21 07:58:13.433   459   459 I PhoneLab-Locks: wake lock released
07-21 07:58:14.722   274   276 D dalvikvm: GC_CONCURRENT freed 608K, 7% free 10851K/11591K, paused 2ms+3ms
07-21 07:58:14.734   459   459 I PhoneLab-StatusMonitorLocation: Location_Latitude: 42.9949804 Longitude: -78.6862435 Accuracy: 24.0
07-21 07:58:14.734   274   556 D androidNetworkLocationListeners: Still have listener com.google.android.location.internal.client.NetworkLocationClient$1@4139a548
07-21 07:58:14.734   459   459 I PhoneLab-Locks: wake lock released
07-21 07:58:15.039   459  1052 I PhoneLab-: Service Running
07-21 07:58:15.113   459  1052 I PhoneLab-LoggerService: app_38    1055  459   1428   1060  c00f181c 400107b4 S logcat
07-21 07:58:15.113   459  1052 I PhoneLab-LoggerService: Logcat pid from database 1055
07-21 07:58:15.113   459  1052 I PhoneLab-LoggerService: Logcat process found 1055
07-21 07:58:15.113   459  1052 I PhoneLab-LoggerService: Checking Threshold
07-21 08:04:26.066   274  3929 W Smack/Packet: notify conn break (IOEx), close connection
07-21 08:04:31.785   141   197 D ConnectivityService: handleInetConditionHoldEnd: net=1, condition=0, published condition=100
07-21 08:04:31.836   274   274 I GTalkService/c: [AndroidEndpoint@1094353512] connect: acct=1000001, state=CONNECTING
07-21 08:04:31.840   274   274 I GTalkService/c: [GTalkConnection@1094188344] connect: acct=1, state=CONNECTING
07-21 08:04:32.433   274   276 D dalvikvm: GC_CONCURRENT freed 461K, 7% free 10878K/11591K, paused 8ms+3ms
07-21 08:04:33.207   141   197 D ConnectivityService: handleInetConditionHoldEnd: net=1, condition=100, published condition=0
07-21 08:04:33.379   141   158 I ActivityManager: Start proc com.google.android.talk for broadcast com.google.android.talk/.ConnectionStateOnlineReceiver: pid=9068 uid=10047 gids={3003, 1015, 1006, 3002}
07-21 08:04:33.453  9068  9068 I ActivityThread: Pub com.google.android.talk.SuggestionProvider: com.google.android.talk.SuggestionsProvider
07-21 08:04:33.511  9068  9068 D vclib:CallStateClient: startListening
07-21 08:04:33.558  9068  9069 D dalvikvm: GC_CONCURRENT freed 145K, 3% free 9383K/9607K, paused 6ms+2ms
07-21 08:04:33.582   141   141 I ActivityManager: No longer want com.android.sprintmenu (pid 6593): hidden #16
07-21 08:04:33.601   141   464 W ActivityManager: Scheduling restart of crashed service com.android.sprintmenu/.HiddenPhoneService in 5000ms
07-21 08:04:33.691   274  1097 D dalvikvm: GC_EXPLICIT freed 191K, 7% free 10875K/11591K, paused 3ms+4ms
07-21 08:04:49.812   141   195 D DhcpInfoInternal: makeLinkProperties with empty dns2!
07-21 08:04:49.812   141   195 D DhcpInfoInternal: makeLinkProperties with empty dns2!
07-21 08:04:50.105   141   158 I ActivityManager: Start proc com.android.sprintmenu for service com.android.sprintmenu/.HiddenPhoneService: pid=9113 uid=1001 gids={3002, 3001, 3003, 1015}
07-21 08:08:14.011   459   459 I PhoneLab-Locks: wake lock acquired
07-21 08:08:14.015   459   459 I PhoneLab-StatusMonitor: Status Monitoring is started
07-21 08:08:14.109   459   462 D dalvikvm: GC_CONCURRENT freed 570K, 19% free 9248K/11335K, paused 1ms+3ms
07-21 08:08:14.132   459   459 I PhoneLab-StatusMonitor: Value: 10 - unit: min
07-21 08:08:14.132   459   459 I PhoneLab-StatusMonitor: Running interval: 600000
07-21 08:08:14.136   459   459 I PhoneLab-StatusMonitor: Rescheduling status monitoring...
07-21 08:08:14.140   459   459 I PhoneLab-Locks: wake lock released
07-21 08:08:14.144   459   459 I PhoneLab-StatusMonitorLocation: Learning Location
07-21 08:08:14.144   459   459 I PhoneLab-Locks: wake lock acquired
07-21 08:08:14.148   459   459 I PhoneLab-Locks: wake lock acquired
07-21 08:08:14.148   274   556 D androidNetworkLocationListeners: Still have listener com.google.android.location.internal.client.NetworkLocationClient$1@4139a548
07-21 08:08:14.152   459   459 I PhoneLab-StatusMonitorLocation: Learning Signal Strgth
07-21 08:08:14.152   459   459 I PhoneLab-Locks: wake lock acquired
07-21 08:08:14.160   274   556 D androidNetworkLocationListeners: Still have listener com.google.android.location.internal.client.NetworkLocationClient$1@4139a548
07-21 08:08:14.160   459   459 I PhoneLab-StatusMonitorBattery: Battery_level: 38
07-21 08:08:14.164   459   459 I PhoneLab-Locks: wake lock released
07-21 08:08:14.168   459   459 I PhoneLab-StatusMonitorSignal: Signal_Strength: -76 asu: 19
07-21 08:08:14.168   459   459 I PhoneLab-Locks: wake lock released
07-21 08:08:15.425   459   459 I PhoneLab-StatusMonitorLocation: Location_Latitude: 42.9949804 Longitude: -78.6862435 Accuracy: 24.0
07-21 08:08:15.425   274   556 D androidNetworkLocationListeners: Still have listener com.google.android.location.internal.client.NetworkLocationClient$1@4139a548
07-21 08:08:15.425   459   459 I PhoneLab-Locks: wake lock released
07-21 08:08:16.738   274   276 D dalvikvm: GC_CONCURRENT freed 626K, 7% free 10869K/11591K, paused 2ms+3ms
07-21 08:18:14.140   459   459 I PhoneLab-Locks: wake lock acquired
07-21 08:18:14.144   459   459 I PhoneLab-StatusMonitor: Status Monitoring is started
07-21 08:18:14.207   459   462 D dalvikvm: GC_CONCURRENT freed 512K, 19% free 9247K/11335K, paused 1ms+5ms
07-21 08:18:14.226   459   459 I PhoneLab-StatusMonitor: Value: 10 - unit: min
07-21 08:18:14.226   459   459 I PhoneLab-StatusMonitor: Running interval: 600000
07-21 08:18:14.297   141   464 D dalvikvm: GC_EXPLICIT freed 854K, 13% free 13541K/15431K, paused 2ms+5ms
07-21 08:18:14.297   459   459 I PhoneLab-StatusMonitor: Rescheduling status monitoring...
07-21 08:18:14.300   459   459 I PhoneLab-Locks: wake lock released
07-21 08:18:14.304   459   459 I PhoneLab-StatusMonitorLocation: Learning Location
07-21 08:18:14.304   459   459 I PhoneLab-Locks: wake lock acquired
07-21 08:18:14.308   459   459 I PhoneLab-Locks: wake lock acquired
07-21 08:18:14.308   274   556 D androidNetworkLocationListeners: Still have listener com.google.android.location.internal.client.NetworkLocationClient$1@4139a548
07-21 08:18:14.312   459   459 I PhoneLab-StatusMonitorLocation: Learning Signal Strgth
07-21 08:18:14.312   459   459 I PhoneLab-Locks: wake lock acquired
07-21 08:18:14.320   274   556 D androidNetworkLocationListeners: Still have listener com.google.android.location.internal.client.NetworkLocationClient$1@4139a548
07-21 08:18:14.320   459   459 I PhoneLab-StatusMonitorBattery: Battery_level: 38
07-21 08:18:14.324   459   459 I PhoneLab-Locks: wake lock released
07-21 08:18:14.343   459   459 I PhoneLab-StatusMonitorSignal: Signal_Strength: -76 asu: 19
07-21 08:18:14.343   459   459 I PhoneLab-Locks: wake lock released
07-21 08:18:15.609   459   459 I PhoneLab-StatusMonitorLocation: Location_Latitude: 42.9949801 Longitude: -78.6862435 Accuracy: 25.0
07-21 08:18:15.609   274   556 D androidNetworkLocationListeners: Still have listener com.google.android.location.internal.client.NetworkLocationClient$1@4139a548
07-21 08:18:15.609   459   459 I PhoneLab-Locks: wake lock released
07-21 08:24:49.105   274   276 D dalvikvm: GC_CONCURRENT freed 509K, 7% free 10851K/11591K, paused 3ms+3ms
07-21 08:24:49.613   766  9138 I Gmail   : MainSyncRequestProto: lowestBkwdConvoId: 0, highestHandledServerOp: 4173691, normalSync: true
07-21 08:24:50.523   766   768 D dalvikvm: GC_CONCURRENT freed 409K, 19% free 9863K/12103K, paused 13ms+2ms
07-21 08:24:50.793   766  9138 D dalvikvm: GC_EXPLICIT freed 278K, 19% free 9815K/12103K, paused 2ms+2ms
07-21 08:24:50.804   766  9138 I Gmail   : MainSyncRequestProto: lowestBkwdConvoId: 0, highestHandledServerOp: 4173726, normalSync: true
07-21 08:24:51.316   766  9138 D dalvikvm: GC_EXPLICIT freed 210K, 19% free 9840K/12103K, paused 2ms+3ms
07-21 08:24:51.328   766  9138 I Gmail   : MainSyncRequestProto: lowestBkwdConvoId: 0, highestHandledServerOp: 4173726, normalSync: true
07-21 08:24:51.339   766  9138 W Gmail   : Scheduling index for 300000 ms from now
07-21 08:24:51.492   766  9138 I Gmail   : Sending notification intent: Intent { act=android.intent.action.PROVIDER_CHANGED dat=content://gmail-ls/unread/^i (has extras) }
07-21 08:24:51.531   766  9140 W Gmail   : Showing notification with unreadCount of 118 and unseenCount of 118
07-21 08:24:51.593   211   213 D dalvikvm: GC_CONCURRENT freed 464K, 13% free 9901K/11271K, paused 2ms+2ms
07-21 08:28:09.418   459   459 I PhoneLab-Locks: wake lock acquired
07-21 08:28:09.445   459  9141 I PhoneLab-PeriodicCheckService: User info is synched
07-21 08:28:09.449   459  9141 I PhoneLab-PeriodicCheckService: Logger Service is running
07-21 08:28:09.449   459  9141 I PhoneLab-Locks: wake lock acquired
07-21 08:28:09.449   459   459 I PhoneLab-UploadLogs: Transfering log files now
07-21 08:28:09.449   459   459 I PhoneLab-UploadLogs: No log files to transfer
07-21 08:28:09.449   459   459 I PhoneLab-Locks: wake lock released
07-21 08:28:09.453   459   459 I PhoneLab-UploadLogs: OnStartCommand
07-21 08:28:09.453   459  9141 I PhoneLab-PeriodicCheckService: Rescheduling periodic checking...
07-21 08:28:09.453   459  9141 I PhoneLab-Locks: wake lock released
07-21 08:28:12.027   274  1103 I EventLogService: Aggregate from 1342871891892 (log), 1342871891892 (data)
07-21 08:28:14.300   459   459 I PhoneLab-Locks: wake lock acquired
07-21 08:28:14.367   459   482 D dalvikvm: GC_EXPLICIT freed 385K, 19% free 9197K/11335K, paused 1ms+2ms
07-21 08:28:14.371   459   459 I PhoneLab-StatusMonitor: Status Monitoring is started
07-21 08:28:14.410   459   459 I PhoneLab-StatusMonitor: Value: 10 - unit: min
07-21 08:28:14.418   459   459 I PhoneLab-StatusMonitor: Running interval: 600000
07-21 08:28:14.422   459   459 I PhoneLab-StatusMonitor: Rescheduling status monitoring...
07-21 08:28:14.425   459   459 I PhoneLab-Locks: wake lock released
07-21 08:28:14.429   459   462 D dalvikvm: GC_CONCURRENT freed 435K, 19% free 9274K/11335K, paused 2ms+2ms
07-21 08:28:14.433   459   459 I PhoneLab-StatusMonitorLocation: Learning Location
07-21 08:28:14.433   459   459 I PhoneLab-Locks: wake lock acquired
07-21 08:28:14.433   459   459 I PhoneLab-Locks: wake lock acquired
07-21 08:28:14.437   274   556 D androidNetworkLocationListeners: Still have listener com.google.android.location.internal.client.NetworkLocationClient$1@4139a548
07-21 08:28:14.445   459   459 I PhoneLab-StatusMonitorLocation: Learning Signal Strgth
07-21 08:28:14.445   459   459 I PhoneLab-Locks: wake lock acquired
07-21 08:28:14.468   274   556 D androidNetworkLocationListeners: Still have listener com.google.android.location.internal.client.NetworkLocationClient$1@4139a548
07-21 08:28:14.472   459   459 I PhoneLab-StatusMonitorBattery: Battery_level: 38
07-21 08:28:14.472   459   459 I PhoneLab-Locks: wake lock released
07-21 08:28:14.480   459   459 I PhoneLab-StatusMonitorSignal: Signal_Strength: -76 asu: 19
07-21 08:28:14.480   459   459 I PhoneLab-Locks: wake lock released
07-21 08:28:15.750   459   459 I PhoneLab-StatusMonitorLocation: Location_Latitude: 42.9949803 Longitude: -78.6862409 Accuracy: 23.0
07-21 08:28:15.750   274   556 D androidNetworkLocationListeners: Still have listener com.google.android.location.internal.client.NetworkLocationClient$1@4139a548
07-21 08:28:15.750   459   459 I PhoneLab-Locks: wake lock released
07-21 08:28:17.050   274   276 D dalvikvm: GC_CONCURRENT freed 540K, 7% free 10863K/11591K, paused 2ms+3ms
07-21 08:38:03.136   766  9146 I Gmail   : MainSyncRequestProto: lowestBkwdConvoId: 0, highestHandledServerOp: 4173726, normalSync: true
07-21 08:38:03.336   766  9146 E Gmail   : IOException: Read error: ssl=0x1924380: I/O error during system call, Connection reset by peer
07-21 08:38:03.379   141   165 D SyncManager: failed sync operation drqiao02@gmail.com (com.google), gmail-ls, SERVER, earliestRunTime 250850985, SyncResult: stats [ numIoExceptions: 1]
07-21 08:38:14.445   459   459 I PhoneLab-Locks: wake lock acquired
07-21 08:38:14.472   459   459 I PhoneLab-StatusMonitor: Status Monitoring is started
07-21 08:38:14.519   459   462 D dalvikvm: GC_CONCURRENT freed 432K, 18% free 9353K/11335K, paused 2ms+2ms
07-21 08:38:14.523   459   459 I PhoneLab-StatusMonitor: Value: 10 - unit: min
07-21 08:38:14.523   459   459 I PhoneLab-StatusMonitor: Running interval: 600000
07-21 08:38:14.527   459   459 I PhoneLab-StatusMonitor: Rescheduling status monitoring...
07-21 08:38:14.527   459   459 I PhoneLab-Locks: wake lock released
07-21 08:38:14.535   459   459 I PhoneLab-StatusMonitorLocation: Learning Location
07-21 08:38:14.535   459   459 I PhoneLab-Locks: wake lock acquired
07-21 08:38:14.539   459   459 I PhoneLab-Locks: wake lock acquired
07-21 08:38:14.539   274   556 D androidNetworkLocationListeners: Still have listener com.google.android.location.internal.client.NetworkLocationClient$1@4139a548
07-21 08:38:14.546   459   459 I PhoneLab-StatusMonitorLocation: Learning Signal Strgth
07-21 08:38:14.546   459   459 I PhoneLab-Locks: wake lock acquired
07-21 08:38:14.574   274   556 D androidNetworkLocationListeners: Still have listener com.google.android.location.internal.client.NetworkLocationClient$1@4139a548
07-21 08:38:14.578   459   459 I PhoneLab-StatusMonitorBattery: Battery_level: 38
07-21 08:38:14.582   459   459 I PhoneLab-Locks: wake lock released
07-21 08:38:14.586   459   459 I PhoneLab-StatusMonitorSignal: Signal_Strength: -76 asu: 19
07-21 08:38:14.586   459   459 I PhoneLab-Locks: wake lock released
07-21 08:38:15.832   459   459 I PhoneLab-StatusMonitorLocation: Location_Latitude: 42.9949803 Longitude: -78.6862438 Accuracy: 24.0
07-21 08:38:15.832   274   556 D androidNetworkLocationListeners: Still have listener com.google.android.location.internal.client.NetworkLocationClient$1@4139a548
07-21 08:38:15.832   459   459 I PhoneLab-Locks: wake lock released
07-21 08:38:33.254   141   158 I ActivityManager: No longer want com.google.android.gallery3d (pid 7288): hidden #16
07-21 08:39:03.375   766  9151 I Gmail   : MainSyncRequestProto: lowestBkwdConvoId: 0, highestHandledServerOp: 4173726, normalSync: true
07-21 08:39:03.605   766   768 D dalvikvm: GC_CONCURRENT freed 376K, 19% free 9862K/12103K, paused 2ms+3ms
07-21 08:39:04.547   766   768 D dalvikvm: GC_CONCURRENT freed 429K, 19% free 9838K/12103K, paused 2ms+3ms
07-21 08:39:04.629   766  9151 D dalvikvm: GC_EXPLICIT freed 53K, 19% free 9820K/12103K, paused 2ms+3ms
07-21 08:39:04.644   766  9151 I Gmail   : MainSyncRequestProto: lowestBkwdConvoId: 0, highestHandledServerOp: 4173754, normalSync: true
07-21 08:39:04.730   141   143 D dalvikvm: GC_CONCURRENT freed 979K, 13% free 13578K/15431K, paused 3ms+6ms
07-21 08:39:05.183   766  9151 D dalvikvm: GC_EXPLICIT freed 276K, 19% free 9845K/12103K, paused 4ms+3ms
07-21 08:39:05.191   766  9151 I Gmail   : MainSyncRequestProto: lowestBkwdConvoId: 0, highestHandledServerOp: 4173754, normalSync: true
07-21 08:39:05.203   766  9151 W Gmail   : Scheduling index for 300000 ms from now
07-21 08:39:05.226   766  9151 I Gmail   : Sending notification intent: Intent { act=android.intent.action.PROVIDER_CHANGED dat=content://gmail-ls/unread/^i (has extras) }
07-21 08:39:05.261   766  9152 W Gmail   : Showing notification with unreadCount of 119 and unseenCount of 119
07-21 08:42:11.062   211   213 D dalvikvm: GC_CONCURRENT freed 402K, 13% free 9888K/11271K, paused 1ms+2ms
07-21 08:48:14.562   459   459 I PhoneLab-Locks: wake lock acquired
07-21 08:48:14.566   459   459 I PhoneLab-StatusMonitor: Status Monitoring is started
07-21 08:48:14.621   459   462 D dalvikvm: GC_CONCURRENT freed 526K, 18% free 9330K/11335K, paused 1ms+2ms
07-21 08:48:14.625   459   459 I PhoneLab-StatusMonitor: Value: 10 - unit: min
07-21 08:48:14.625   459   459 I PhoneLab-StatusMonitor: Running interval: 600000
07-21 08:48:14.629   459   459 I PhoneLab-StatusMonitor: Rescheduling status monitoring...
07-21 08:48:14.629   459   459 I PhoneLab-Locks: wake lock released
07-21 08:53:03.043   459   459 I PhoneLab-StatusMonitorLocation: Learning Location
07-21 08:53:03.043   459   459 I PhoneLab-Locks: wake lock acquired
07-21 08:53:03.062   274   556 D androidNetworkLocationListeners: Still have listener com.google.android.location.internal.client.NetworkLocationClient$1@4139a548
07-21 08:53:03.070   459   459 I PhoneLab-Locks: wake lock acquired
07-21 08:53:03.086   459   459 I PhoneLab-StatusMonitorLocation: Learning Signal Strgth
07-21 08:53:03.086   459   459 I PhoneLab-Locks: wake lock acquired
07-21 08:53:03.097   274   556 D androidNetworkLocationListeners: Still have listener com.google.android.location.internal.client.NetworkLocationClient$1@4139a548
07-21 08:53:03.105   459   459 I PhoneLab-StatusMonitorBattery: Battery_level: 38
07-21 08:53:03.105   459   459 I PhoneLab-Locks: wake lock released
07-21 08:53:03.105   459   459 I PhoneLab-StatusMonitorSignal: Signal_Strength: -76 asu: 19
07-21 08:53:03.105   459   459 I PhoneLab-Locks: wake lock released
07-21 08:53:03.132   274   276 D dalvikvm: GC_CONCURRENT freed 497K, 7% free 10858K/11591K, paused 2ms+3ms
07-21 08:53:04.343   459   459 I PhoneLab-StatusMonitorLocation: Location_Latitude: 42.9949804 Longitude: -78.6862435 Accuracy: 24.0
07-21 08:53:04.343   274   556 D androidNetworkLocationListeners: Still have listener com.google.android.location.internal.client.NetworkLocationClient$1@4139a548
07-21 08:53:04.343   459   459 I PhoneLab-Locks: wake lock released
07-21 08:58:08.320   766   768 D dalvikvm: GC_CONCURRENT freed 342K, 19% free 9895K/12103K, paused 2ms+3ms
07-21 08:58:08.511   766   768 D dalvikvm: GC_CONCURRENT freed 446K, 19% free 9874K/12103K, paused 2ms+4ms
07-21 08:58:09.433   766  9160 W Gmail   : Successful index run, cancel next scheduled index run
07-21 08:58:09.457   459   459 I PhoneLab-Locks: wake lock acquired
07-21 08:58:09.464   459  9162 I PhoneLab-PeriodicCheckService: User info is synched
07-21 08:58:09.464   459  9162 I PhoneLab-PeriodicCheckService: Logger Service is running
07-21 08:58:09.464   459  9162 I PhoneLab-Locks: wake lock acquired
07-21 08:58:09.468   459   459 I PhoneLab-UploadLogs: Transfering log files now
07-21 08:58:09.468   459   459 I PhoneLab-UploadLogs: No log files to transfer
07-21 08:58:09.468   459   459 I PhoneLab-Locks: wake lock released
07-21 08:58:09.468   459   459 I PhoneLab-UploadLogs: OnStartCommand
07-21 08:58:09.472   459  9162 I PhoneLab-PeriodicCheckService: Rescheduling periodic checking...
07-21 08:58:09.472   459  9162 I PhoneLab-Locks: wake lock released
07-21 08:58:12.273   274  1104 I EventLogService: Aggregate from 1342873692029 (log), 1342873692029 (data)
07-21 08:58:12.371   274   276 D dalvikvm: GC_CONCURRENT freed 529K, 7% free 10855K/11591K, paused 2ms+4ms
07-21 08:58:14.648   459   459 I PhoneLab-Locks: wake lock acquired
07-21 08:58:14.679   459   459 I PhoneLab-StatusMonitor: Status Monitoring is started
07-21 08:58:14.726   459   462 D dalvikvm: GC_CONCURRENT freed 544K, 19% free 9287K/11335K, paused 2ms+2ms
07-21 08:58:14.730   459   459 I PhoneLab-StatusMonitor: Value: 10 - unit: min
07-21 08:58:14.730   459   459 I PhoneLab-StatusMonitor: Running interval: 600000
07-21 08:58:14.734   459   459 I PhoneLab-StatusMonitor: Rescheduling status monitoring...
07-21 08:58:14.738   459   459 I PhoneLab-Locks: wake lock released
07-21 08:58:14.750   459   459 I PhoneLab-StatusMonitorLocation: Learning Location
07-21 08:58:14.750   459   459 I PhoneLab-Locks: wake lock acquired
07-21 08:58:14.750   459   459 I PhoneLab-Locks: wake lock acquired
07-21 08:58:14.753   274   556 D androidNetworkLocationListeners: Still have listener com.google.android.location.internal.client.NetworkLocationClient$1@4139a548
07-21 08:58:14.757   459   459 I PhoneLab-StatusMonitorLocation: Learning Signal Strgth
07-21 08:58:14.757   459   459 I PhoneLab-Locks: wake lock acquired
07-21 08:58:14.789   274   556 D androidNetworkLocationListeners: Still have listener com.google.android.location.internal.client.NetworkLocationClient$1@4139a548
07-21 08:58:14.789   459   459 I PhoneLab-StatusMonitorBattery: Battery_level: 38
07-21 08:58:14.796   459   459 I PhoneLab-Locks: wake lock released
07-21 08:58:14.796   459   459 I PhoneLab-StatusMonitorSignal: Signal_Strength: -76 asu: 19
07-21 08:58:14.800   459   459 I PhoneLab-Locks: wake lock released
07-21 08:58:16.054   459   459 I PhoneLab-StatusMonitorLocation: Location_Latitude: 42.9949803 Longitude: -78.6862437 Accuracy: 24.0
07-21 08:58:16.054   274   556 D androidNetworkLocationListeners: Still have listener com.google.android.location.internal.client.NetworkLocationClient$1@4139a548
07-21 08:58:16.054   459   459 I PhoneLab-Locks: wake lock released
07-21 09:08:14.754   459   459 I PhoneLab-Locks: wake lock acquired
07-21 09:08:14.789   459   459 I PhoneLab-StatusMonitor: Status Monitoring is started
07-21 09:08:14.843   459   462 D dalvikvm: GC_CONCURRENT freed 484K, 18% free 9315K/11335K, paused 1ms+2ms
07-21 09:08:14.851   459   459 I PhoneLab-StatusMonitor: Value: 10 - unit: min
07-21 09:08:14.851   459   459 I PhoneLab-StatusMonitor: Running interval: 600000
07-21 09:08:14.863   459   459 I PhoneLab-StatusMonitor: Rescheduling status monitoring...
07-21 09:08:14.863   459   459 I PhoneLab-Locks: wake lock released
07-21 09:08:14.871   459   459 I PhoneLab-StatusMonitorLocation: Learning Location
07-21 09:08:14.871   459   459 I PhoneLab-Locks: wake lock acquired
07-21 09:08:14.875   459   459 I PhoneLab-Locks: wake lock acquired
07-21 09:08:14.886   274   556 D androidNetworkLocationListeners: Still have listener com.google.android.location.internal.client.NetworkLocationClient$1@4139a548
07-21 09:08:14.957   141   346 D dalvikvm: GC_EXPLICIT freed 894K, 13% free 13565K/15431K, paused 3ms+6ms
07-21 09:08:14.968   459   459 I PhoneLab-StatusMonitorLocation: Learning Signal Strgth
07-21 09:08:14.968   459   459 I PhoneLab-Locks: wake lock acquired
07-21 09:08:14.976   459   459 I PhoneLab-StatusMonitorBattery: Battery_level: 38
07-21 09:08:14.976   274   556 D androidNetworkLocationListeners: Still have listener com.google.android.location.internal.client.NetworkLocationClient$1@4139a548
07-21 09:08:14.980   459   459 I PhoneLab-Locks: wake lock released
07-21 09:08:14.984   459   459 I PhoneLab-StatusMonitorSignal: Signal_Strength: -76 asu: 19
07-21 09:08:14.984   459   459 I PhoneLab-Locks: wake lock released
07-21 09:08:16.246   274   276 D dalvikvm: GC_CONCURRENT freed 611K, 7% free 10855K/11591K, paused 2ms+3ms
07-21 09:08:16.261   459   459 I PhoneLab-StatusMonitorLocation: Location_Latitude: 42.9949804 Longitude: -78.6862435 Accuracy: 24.0
07-21 09:08:16.269   459   459 I PhoneLab-Locks: wake lock released
07-21 09:08:16.277   274   556 D androidNetworkLocationListeners: Still have listener com.google.android.location.internal.client.NetworkLocationClient$1@4139a548
07-21 09:08:16.332   459  1052 I PhoneLab-: Service Running
07-21 09:08:16.390   459  1052 I PhoneLab-LoggerService: app_38    1055  459   1428   1060  c00f181c 400107b4 S logcat
07-21 09:08:16.390   459  1052 I PhoneLab-LoggerService: Logcat pid from database 1055
07-21 09:08:16.390   459  1052 I PhoneLab-LoggerService: Logcat process found 1055
07-21 09:08:16.390   459  1052 I PhoneLab-LoggerService: Checking Threshold
07-21 09:08:16.390   459  1052 I PhoneLab-: Service Running
07-21 09:08:16.418   459  1052 I PhoneLab-LoggerService: app_38    1055  459   1428   1060  c00f181c 400107b4 S logcat
07-21 09:08:16.422   459  1052 I PhoneLab-LoggerService: Logcat pid from database 1055
07-21 09:08:16.422   459  1052 I PhoneLab-LoggerService: Logcat process found 1055
07-21 09:08:16.422   459  1052 I PhoneLab-LoggerService: Checking Threshold
07-21 09:08:16.422   459  1052 I PhoneLab-: Service Running
07-21 09:08:16.449   459  1052 I PhoneLab-LoggerService: app_38    1055  459   1428   1060  c00f181c 400107b4 S logcat
07-21 09:08:16.449   459  1052 I PhoneLab-LoggerService: Logcat pid from database 1055
07-21 09:08:16.449   459  1052 I PhoneLab-LoggerService: Logcat process found 1055
07-21 09:08:16.449   459  1052 I PhoneLab-LoggerService: Checking Threshold
07-21 09:08:16.449   459  1052 I PhoneLab-: Service Running
07-21 09:08:16.476   459  1052 I PhoneLab-LoggerService: app_38    1055  459   1428   1060  c00f181c 400107b4 S logcat
07-21 09:08:16.476   459  1052 I PhoneLab-LoggerService: Logcat pid from database 1055
07-21 09:08:16.476   459  1052 I PhoneLab-LoggerService: Logcat process found 1055
07-21 09:08:16.476   459  1052 I PhoneLab-LoggerService: Checking Threshold
07-21 09:08:16.476   459  1052 I PhoneLab-: Service Running
07-21 09:08:16.504   459  1052 I PhoneLab-LoggerService: app_38    1055  459   1428   1060  c00f181c 400107b4 S logcat
07-21 09:08:16.504   459  1052 I PhoneLab-LoggerService: Logcat pid from database 1055
07-21 09:08:16.504   459  1052 I PhoneLab-LoggerService: Logcat process found 1055
07-21 09:08:16.504   459  1052 I PhoneLab-LoggerService: Checking Threshold
07-21 09:08:16.507   459  1052 I PhoneLab-: Service Running
07-21 09:08:16.547   459   462 D dalvikvm: GC_CONCURRENT freed 497K, 19% free 9236K/11335K, paused 1ms+1ms
07-21 09:08:16.550   459  1052 I PhoneLab-LoggerService: app_38    1055  459   1428   1060  c00f181c 400107b4 S logcat
07-21 09:08:16.550   459  1052 I PhoneLab-LoggerService: Logcat pid from database 1055
07-21 09:08:16.550   459  1052 I PhoneLab-LoggerService: Logcat process found 1055
07-21 09:08:16.550   459  1052 I PhoneLab-LoggerService: Checking Threshold
07-21 09:08:16.554   459  1052 I PhoneLab-: Service Running
07-21 09:08:16.586   459  1052 I PhoneLab-LoggerService: app_38    1055  459   1428   1060  c00f181c 400107b4 S logcat
07-21 09:08:16.586   459  1052 I PhoneLab-LoggerService: Logcat pid from database 1055
07-21 09:08:16.586   459  1052 I PhoneLab-LoggerService: Logcat process found 1055
07-21 09:08:16.586   459  1052 I PhoneLab-LoggerService: Checking Threshold
07-21 09:08:16.586   459  1052 I PhoneLab-: Service Running
07-21 09:08:16.613   459  1052 I PhoneLab-LoggerService: app_38    1055  459   1428   1060  c00f181c 400107b4 S logcat
07-21 09:08:16.613   459  1052 I PhoneLab-LoggerService: Logcat pid from database 1055
07-21 09:08:16.617   459  1052 I PhoneLab-LoggerService: Logcat process found 1055
07-21 09:08:16.617   459  1052 I PhoneLab-LoggerService: Checking Threshold
07-21 09:08:16.617   459  1052 I PhoneLab-: Service Running
07-21 09:08:16.644   459  1052 I PhoneLab-LoggerService: app_38    1055  459   1428   1060  c00f181c 400107b4 S logcat
07-21 09:08:16.644   459  1052 I PhoneLab-LoggerService: Logcat pid from database 1055
07-21 09:08:16.644   459  1052 I PhoneLab-LoggerService: Logcat process found 1055
07-21 09:08:16.644   459  1052 I PhoneLab-LoggerService: Checking Threshold
07-21 09:08:16.644   459  1052 I PhoneLab-: Service Running
07-21 09:08:16.672   459  1052 I PhoneLab-LoggerService: app_38    1055  459   1428   1060  c00f181c 400107b4 S logcat
07-21 09:08:16.672   459  1052 I PhoneLab-LoggerService: Logcat pid from database 1055
07-21 09:08:16.672   459  1052 I PhoneLab-LoggerService: Logcat process found 1055
07-21 09:08:16.672   459  1052 I PhoneLab-LoggerService: Checking Threshold
07-21 09:08:16.672   459  1052 I PhoneLab-: Service Running
07-21 09:08:16.699   459  1052 I PhoneLab-LoggerService: app_38    1055  459   1428   1060  c00f181c 400107b4 S logcat
07-21 09:08:16.699   459  1052 I PhoneLab-LoggerService: Logcat pid from database 1055
07-21 09:08:16.699   459  1052 I PhoneLab-LoggerService: Logcat process found 1055
07-21 09:08:16.699   459  1052 I PhoneLab-LoggerService: Checking Threshold
07-21 09:08:16.703   459  1052 I PhoneLab-: Service Running
07-21 09:08:16.730   459  1052 I PhoneLab-LoggerService: app_38    1055  459   1428   1060  c00f181c 400107b4 S logcat
07-21 09:08:16.730   459  1052 I PhoneLab-LoggerService: Logcat pid from database 1055
07-21 09:08:16.730   459  1052 I PhoneLab-LoggerService: Logcat process found 1055
07-21 09:08:16.730   459  1052 I PhoneLab-LoggerService: Checking Threshold
07-21 09:08:16.730   459  1052 I PhoneLab-: Service Running
07-21 09:08:16.757   459  1052 I PhoneLab-LoggerService: app_38    1055  459   1428   1060  c00f181c 400107b4 S logcat
07-21 09:08:16.757   459  1052 I PhoneLab-LoggerService: Logcat pid from database 1055
07-21 09:08:16.757   459  1052 I PhoneLab-LoggerService: Logcat process found 1055
07-21 09:08:16.757   459  1052 I PhoneLab-LoggerService: Checking Threshold
07-21 09:08:16.757   459  1052 I PhoneLab-: Service Running
07-21 09:08:16.800   459   462 D dalvikvm: GC_CONCURRENT freed 409K, 19% free 9229K/11335K, paused 2ms+3ms
07-21 09:08:16.804   459  1052 I PhoneLab-LoggerService: app_38    1055  459   1428   1060  c00f181c 400107b4 S logcat
07-21 09:08:16.804   459  1052 I PhoneLab-LoggerService: Logcat pid from database 1055
07-21 09:08:16.804   459  1052 I PhoneLab-LoggerService: Logcat process found 1055
07-21 09:08:16.804   459  1052 I PhoneLab-LoggerService: Checking Threshold
07-21 09:08:16.804   459  1052 I PhoneLab-: Service Running
07-21 09:08:16.836   459  1052 I PhoneLab-LoggerService: app_38    1055  459   1428   1060  c00f181c 400107b4 S logcat
07-21 09:08:16.836   459  1052 I PhoneLab-LoggerService: Logcat pid from database 1055
07-21 09:08:16.836   459  1052 I PhoneLab-LoggerService: Logcat process found 1055
07-21 09:08:16.836   459  1052 I PhoneLab-LoggerService: Checking Threshold
07-21 09:08:16.840   459  1052 I PhoneLab-: Service Running
07-21 09:08:16.867   459  1052 I PhoneLab-LoggerService: app_38    1055  459   1428   1060  c00f181c 400107b4 S logcat
07-21 09:08:16.867   459  1052 I PhoneLab-LoggerService: Logcat pid from database 1055
07-21 09:08:16.867   459  1052 I PhoneLab-LoggerService: Logcat process found 1055
07-21 09:08:16.867   459  1052 I PhoneLab-LoggerService: Checking Threshold
07-21 09:08:16.867   459  1052 I PhoneLab-: Service Running
07-21 09:08:16.894   459  1052 I PhoneLab-LoggerService: app_38    1055  459   1428   1060  c00f181c 400107b4 S logcat
07-21 09:08:16.894   459  1052 I PhoneLab-LoggerService: Logcat pid from database 1055
07-21 09:08:16.894   459  1052 I PhoneLab-LoggerService: Logcat process found 1055
07-21 09:08:16.894   459  1052 I PhoneLab-LoggerService: Checking Threshold
07-21 09:08:16.894   459  1052 I PhoneLab-: Service Running
07-21 09:08:16.922   459  1052 I PhoneLab-LoggerService: app_38    1055  459   1428   1060  c00f181c 400107b4 S logcat
07-21 09:08:16.922   459  1052 I PhoneLab-LoggerService: Logcat pid from database 1055
07-21 09:08:16.922   459  1052 I PhoneLab-LoggerService: Logcat process found 1055
07-21 09:08:16.922   459  1052 I PhoneLab-LoggerService: Checking Threshold
07-21 09:08:16.925   459  1052 I PhoneLab-: Service Running
07-21 09:08:16.949   459  1052 I PhoneLab-LoggerService: app_38    1055  459   1428   1060  c00f181c 400107b4 S logcat
07-21 09:08:16.953   459  1052 I PhoneLab-LoggerService: Logcat pid from database 1055
07-21 09:08:16.953   459  1052 I PhoneLab-LoggerService: Logcat process found 1055
07-21 09:08:16.953   459  1052 I PhoneLab-LoggerService: Checking Threshold
07-21 09:08:16.953   459  1052 I PhoneLab-: Service Running
07-21 09:08:16.980   459  1052 I PhoneLab-LoggerService: app_38    1055  459   1428   1060  c00f181c 400107b4 S logcat
07-21 09:08:16.980   459  1052 I PhoneLab-LoggerService: Logcat pid from database 1055
07-21 09:08:16.980   459  1052 I PhoneLab-LoggerService: Logcat process found 1055
07-21 09:08:16.980   459  1052 I PhoneLab-LoggerService: Checking Threshold
07-21 09:08:16.980   459  1052 I PhoneLab-: Service Running
07-21 09:08:17.007   459  1052 I PhoneLab-LoggerService: app_38    1055  459   1428   1060  c00f181c 400107b4 S logcat
07-21 09:08:17.007   459  1052 I PhoneLab-LoggerService: Logcat pid from database 1055
07-21 09:08:17.007   459  1052 I PhoneLab-LoggerService: Logcat process found 1055
07-21 09:08:17.007   459  1052 I PhoneLab-LoggerService: Checking Threshold
07-21 09:08:17.007   459  1052 I PhoneLab-: Service Running
07-21 09:08:17.050   459   462 D dalvikvm: GC_CONCURRENT freed 403K, 19% free 9218K/11335K, paused 2ms+2ms
07-21 09:08:17.054   459  1052 I PhoneLab-LoggerService: app_38    1055  459   1428   1060  c00f181c 400107b4 S logcat
07-21 09:08:17.054   459  1052 I PhoneLab-LoggerService: Logcat pid from database 1055
07-21 09:08:17.054   459  1052 I PhoneLab-LoggerService: Logcat process found 1055
07-21 09:08:17.054   459  1052 I PhoneLab-LoggerService: Checking Threshold
07-21 09:08:17.054   459  1052 I PhoneLab-: Service Running
07-21 09:08:17.086   459  1052 I PhoneLab-LoggerService: app_38    1055  459   1428   1060  c00f181c 400107b4 S logcat
07-21 09:08:17.090   459  1052 I PhoneLab-LoggerService: Logcat pid from database 1055
07-21 09:08:17.090   459  1052 I PhoneLab-LoggerService: Logcat process found 1055
07-21 09:08:17.090   459  1052 I PhoneLab-LoggerService: Checking Threshold
07-21 09:08:17.090   459  1052 I PhoneLab-: Service Running
07-21 09:08:17.117   459  1052 I PhoneLab-LoggerService: app_38    1055  459   1428   1060  c00f181c 400107b4 S logcat
07-21 09:08:17.117   459  1052 I PhoneLab-LoggerService: Logcat pid from database 1055
07-21 09:08:17.117   459  1052 I PhoneLab-LoggerService: Logcat process found 1055
07-21 09:08:17.117   459  1052 I PhoneLab-LoggerService: Checking Threshold
07-21 09:08:17.117   459  1052 I PhoneLab-: Service Running
07-21 09:08:17.144   459  1052 I PhoneLab-LoggerService: app_38    1055  459   1428   1060  c00f181c 400107b4 S logcat
07-21 09:08:17.144   459  1052 I PhoneLab-LoggerService: Logcat pid from database 1055
07-21 09:08:17.144   459  1052 I PhoneLab-LoggerService: Logcat process found 1055
07-21 09:08:17.144   459  1052 I PhoneLab-LoggerService: Checking Threshold
07-21 09:08:17.144   459  1052 I PhoneLab-: Service Running
07-21 09:08:17.172   459  1052 I PhoneLab-LoggerService: app_38    1055  459   1428   1060  c00f181c 400107b4 S logcat
07-21 09:08:17.175   459  1052 I PhoneLab-LoggerService: Logcat pid from database 1055
07-21 09:08:17.175   459  1052 I PhoneLab-LoggerService: Logcat process found 1055
07-21 09:08:17.175   459  1052 I PhoneLab-LoggerService: Checking Threshold
07-21 09:08:17.175   459  1052 I PhoneLab-: Service Running
07-21 09:08:17.203   459  1052 I PhoneLab-LoggerService: app_38    1055  459   1428   1060  c00f181c 400107b4 S logcat
07-21 09:08:17.203   459  1052 I PhoneLab-LoggerService: Logcat pid from database 1055
07-21 09:08:17.203   459  1052 I PhoneLab-LoggerService: Logcat process found 1055
07-21 09:08:17.203   459  1052 I PhoneLab-LoggerService: Checking Threshold
07-21 09:08:17.203   459  1052 I PhoneLab-: Service Running
07-21 09:08:17.230   459  1052 I PhoneLab-LoggerService: app_38    1055  459   1428   1060  c00f181c 400107b4 S logcat
07-21 09:08:17.230   459  1052 I PhoneLab-LoggerService: Logcat pid from database 1055
07-21 09:08:17.230   459  1052 I PhoneLab-LoggerService: Logcat process found 1055
07-21 09:08:17.230   459  1052 I PhoneLab-LoggerService: Checking Threshold
07-21 09:08:17.230   459  1052 I PhoneLab-: Service Running
07-21 09:08:17.257   459  1052 I PhoneLab-LoggerService: app_38    1055  459   1428   1060  c00f181c 400107b4 S logcat
07-21 09:08:17.257   459  1052 I PhoneLab-LoggerService: Logcat pid from database 1055
07-21 09:08:17.261   459  1052 I PhoneLab-LoggerService: Logcat process found 1055
07-21 09:08:17.261   459  1052 I PhoneLab-LoggerService: Checking Threshold
07-21 09:08:17.261   459  1052 I PhoneLab-: Service Running
07-21 09:08:17.300   459   462 D dalvikvm: GC_CONCURRENT freed 403K, 19% free 9229K/11335K, paused 1ms+1ms
07-21 09:08:17.304   459  1052 I PhoneLab-LoggerService: app_38    1055  459   1428   1060  c00f181c 400107b4 S logcat
07-21 09:08:17.304   459  1052 I PhoneLab-LoggerService: Logcat pid from database 1055
07-21 09:08:17.304   459  1052 I PhoneLab-LoggerService: Logcat process found 1055
07-21 09:08:17.304   459  1052 I PhoneLab-LoggerService: Checking Threshold
07-21 09:08:17.304   459  1052 I PhoneLab-: Service Running
