07-05 13:08:24.617   545   548 D dalvikvm: GC_CONCURRENT freed 312K, 9% free 10769K/11719K, paused 2ms+3ms
07-05 13:08:24.793   545   548 D dalvikvm: GC_CONCURRENT freed 766K, 11% free 10473K/11719K, paused 2ms+3ms
07-05 13:08:24.871  1370 29117 E DictionaryProvider:UpdateHandler: Can't read a file : android.util.MalformedJsonException: Use JsonReader.setLenient(true) to accept malformed JSON at line 1 column 20
07-05 13:08:24.883  1370  1372 D dalvikvm: GC_CONCURRENT freed 433K, 7% free 9132K/9735K, paused 1ms+3ms
07-05 13:08:25.051   545   548 D dalvikvm: GC_CONCURRENT freed 436K, 11% free 10431K/11719K, paused 1ms+3ms
07-05 13:08:25.227   545   548 D dalvikvm: GC_CONCURRENT freed 404K, 11% free 10443K/11719K, paused 1ms+2ms
07-05 13:08:25.227   545 29120 I DownloadManager: Initiating request for download 3443
07-05 13:08:25.344   545   548 D dalvikvm: GC_CONCURRENT freed 206K, 9% free 10698K/11719K, paused 2ms+3ms
07-05 13:08:25.461   545   548 D dalvikvm: GC_CONCURRENT freed 454K, 9% free 10704K/11719K, paused 2ms+2ms
07-05 13:08:25.680   545   548 D dalvikvm: GC_CONCURRENT freed 708K, 11% free 10433K/11719K, paused 3ms+2ms
07-05 13:08:25.863   545   548 D dalvikvm: GC_CONCURRENT freed 410K, 12% free 10415K/11719K, paused 2ms+2ms
07-05 13:08:26.000   545 29123 I DownloadManager: Initiating request for download 3444
07-05 13:08:26.102   545   548 D dalvikvm: GC_CONCURRENT freed 240K, 10% free 10633K/11719K, paused 2ms+2ms
07-05 13:08:26.211   545   548 D dalvikvm: GC_CONCURRENT freed 311K, 8% free 10813K/11719K, paused 1ms+3ms
07-05 13:08:26.414   545   548 D dalvikvm: GC_CONCURRENT freed 855K, 11% free 10445K/11719K, paused 2ms+3ms
07-05 13:08:26.469  1370 29125 E DictionaryProvider:UpdateHandler: Can't read a file : android.util.MalformedJsonException: Use JsonReader.setLenient(true) to accept malformed JSON at line 1 column 20
07-05 13:08:26.656   545   548 D dalvikvm: GC_CONCURRENT freed 410K, 12% free 10430K/11719K, paused 2ms+3ms
07-05 13:08:26.766   545 29128 I DownloadManager: Initiating request for download 3444
07-05 13:08:26.852   545   548 D dalvikvm: GC_CONCURRENT freed 299K, 10% free 10586K/11719K, paused 2ms+2ms
07-05 13:08:26.949   545   548 D dalvikvm: GC_CONCURRENT freed 319K, 9% free 10750K/11719K, paused 2ms+4ms
07-05 13:08:27.117   545   548 D dalvikvm: GC_CONCURRENT freed 727K, 11% free 10485K/11719K, paused 2ms+2ms
07-05 13:08:27.328   545   548 D dalvikvm: GC_CONCURRENT freed 450K, 12% free 10430K/11719K, paused 2ms+2ms
07-05 13:08:27.516   545   548 D dalvikvm: GC_CONCURRENT freed 405K, 12% free 10415K/11719K, paused 1ms+3ms
07-05 13:08:27.563   545 29131 I DownloadManager: Initiating request for download 3445
07-05 13:08:27.625   545 28979 D dalvikvm: GC_EXPLICIT freed 32K, 10% free 10593K/11719K, paused 2ms+4ms
07-05 13:08:27.719   545   548 D dalvikvm: GC_CONCURRENT freed 304K, 9% free 10766K/11719K, paused 2ms+3ms
07-05 13:08:27.906   545   548 D dalvikvm: GC_CONCURRENT freed 786K, 11% free 10448K/11719K, paused 1ms+3ms
07-05 13:08:27.953  1370 29133 E DictionaryProvider:UpdateHandler: Can't read a file : android.util.MalformedJsonException: Use JsonReader.setLenient(true) to accept malformed JSON at line 1 column 20
07-05 13:08:28.141   545   548 D dalvikvm: GC_CONCURRENT freed 405K, 11% free 10438K/11719K, paused 2ms+2ms
07-05 13:08:28.328   545   548 D dalvikvm: GC_CONCURRENT freed 418K, 12% free 10414K/11719K, paused 2ms+3ms
07-05 13:08:28.356   545 29136 I DownloadManager: Initiating request for download 3445
07-05 13:08:28.434   156   593 D dalvikvm: GC_EXPLICIT freed 494K, 13% free 14077K/16007K, paused 3ms+6ms
07-05 13:08:28.524   545   548 D dalvikvm: GC_CONCURRENT freed 192K, 9% free 10682K/11719K, paused 2ms+3ms
07-05 13:08:28.637   545   548 D dalvikvm: GC_CONCURRENT freed 444K, 9% free 10697K/11719K, paused 2ms+2ms
07-05 13:08:28.871   545   548 D dalvikvm: GC_CONCURRENT freed 712K, 12% free 10426K/11719K, paused 2ms+3ms
07-05 13:08:29.051   545   548 D dalvikvm: GC_CONCURRENT freed 415K, 12% free 10406K/11719K, paused 1ms+3ms
07-05 13:08:29.176   545 29139 I DownloadManager: Initiating request for download 3446
07-05 13:08:29.258   545   548 D dalvikvm: GC_CONCURRENT freed 257K, 10% free 10592K/11719K, paused 2ms+3ms
07-05 13:08:29.356   545   548 D dalvikvm: GC_CONCURRENT freed 265K, 9% free 10739K/11719K, paused 2ms+2ms
07-05 13:08:29.516   545   548 D dalvikvm: GC_CONCURRENT freed 723K, 11% free 10473K/11719K, paused 2ms+2ms
07-05 13:08:29.582  1370 29141 E DictionaryProvider:UpdateHandler: Can't read a file : android.util.MalformedJsonException: Use JsonReader.setLenient(true) to accept malformed JSON at line 1 column 20
07-05 13:08:29.750   545   548 D dalvikvm: GC_CONCURRENT freed 434K, 12% free 10430K/11719K, paused 1ms+2ms
07-05 13:08:29.938   545   548 D dalvikvm: GC_CONCURRENT freed 412K, 12% free 10407K/11719K, paused 2ms+2ms
07-05 13:08:29.981   545 29144 I DownloadManager: Initiating request for download 3446
07-05 13:08:30.082   545   548 D dalvikvm: GC_CONCURRENT freed 219K, 9% free 10730K/11719K, paused 2ms+2ms
07-05 13:08:30.196   545   548 D dalvikvm: GC_CONCURRENT freed 507K, 9% free 10699K/11719K, paused 2ms+2ms
07-05 13:08:30.414   545   548 D dalvikvm: GC_CONCURRENT freed 717K, 12% free 10425K/11719K, paused 2ms+3ms
07-05 13:08:30.586   545   548 D dalvikvm: GC_CONCURRENT freed 413K, 12% free 10407K/11719K, paused 2ms+2ms
07-05 13:08:30.696   545 29147 I DownloadManager: Initiating request for download 3447
07-05 13:08:30.789   545   548 D dalvikvm: GC_CONCURRENT freed 246K, 10% free 10619K/11719K, paused 2ms+3ms
07-05 13:08:30.887   545   548 D dalvikvm: GC_CONCURRENT freed 322K, 8% free 10791K/11719K, paused 1ms+3ms
07-05 13:08:31.106  1370 29149 E DictionaryProvider:UpdateHandler: Can't read a file : android.util.MalformedJsonException: Use JsonReader.setLenient(true) to accept malformed JSON at line 1 column 20
07-05 13:08:31.113   545   548 D dalvikvm: GC_CONCURRENT freed 838K, 11% free 10451K/11719K, paused 2ms+3ms
07-05 13:08:31.156  1370  1372 D dalvikvm: GC_CONCURRENT freed 400K, 7% free 9135K/9735K, paused 1ms+7ms
07-05 13:08:31.332   545   548 D dalvikvm: GC_CONCURRENT freed 430K, 12% free 10416K/11719K, paused 2ms+2ms
07-05 13:08:31.449   545 29152 I DownloadManager: Initiating request for download 3447
07-05 13:08:31.531   545   548 D dalvikvm: GC_CONCURRENT freed 303K, 10% free 10570K/11719K, paused 1ms+3ms
07-05 13:08:31.629   545   548 D dalvikvm: GC_CONCURRENT freed 299K, 9% free 10743K/11719K, paused 1ms+3ms
07-05 13:08:31.785   545   548 D dalvikvm: GC_CONCURRENT freed 726K, 11% free 10481K/11719K, paused 1ms+2ms
07-05 13:08:31.988   545   548 D dalvikvm: GC_CONCURRENT freed 448K, 12% free 10425K/11719K, paused 1ms+2ms
07-05 13:08:32.172   545   548 D dalvikvm: GC_CONCURRENT freed 413K, 12% free 10406K/11719K, paused 2ms+2ms
07-05 13:08:32.231   545 29155 I DownloadManager: Initiating request for download 3448
07-05 13:08:32.344   545   548 D dalvikvm: GC_CONCURRENT freed 192K, 9% free 10747K/11719K, paused 1ms+2ms
07-05 13:08:32.457   545   548 D dalvikvm: GC_CONCURRENT freed 521K, 9% free 10704K/11719K, paused 1ms+2ms
07-05 13:08:32.586  1370 29157 E DictionaryProvider:UpdateHandler: Can't read a file : android.util.MalformedJsonException: Use JsonReader.setLenient(true) to accept malformed JSON at line 1 column 20
07-05 13:08:32.715   545   548 D dalvikvm: GC_CONCURRENT freed 712K, 11% free 10436K/11719K, paused 2ms+2ms
07-05 13:08:32.895   545   548 D dalvikvm: GC_CONCURRENT freed 420K, 12% free 10410K/11719K, paused 2ms+2ms
07-05 13:08:32.973   545 29160 I DownloadManager: Initiating request for download 3448
07-05 13:08:33.063   545   548 D dalvikvm: GC_CONCURRENT freed 241K, 10% free 10623K/11719K, paused 2ms+3ms
07-05 13:08:33.164   545   548 D dalvikvm: GC_CONCURRENT freed 320K, 8% free 10798K/11719K, paused 2ms+3ms
07-05 13:08:33.363   545   548 D dalvikvm: GC_CONCURRENT freed 803K, 11% free 10470K/11719K, paused 2ms+2ms
07-05 13:08:33.547   545   548 D dalvikvm: GC_CONCURRENT freed 408K, 11% free 10457K/11719K, paused 2ms+2ms
07-05 13:08:34.391   545 29162 I DownloadManager: Initiating request for download 3449
07-05 13:08:34.481   545   548 D dalvikvm: GC_CONCURRENT freed 340K, 10% free 10567K/11719K, paused 2ms+3ms
07-05 13:08:34.582   545   548 D dalvikvm: GC_CONCURRENT freed 283K, 9% free 10745K/11719K, paused 2ms+2ms
07-05 13:08:34.738   545   548 D dalvikvm: GC_CONCURRENT freed 719K, 11% free 10488K/11719K, paused 1ms+3ms
07-05 13:08:34.821  1370 29165 E DictionaryProvider:UpdateHandler: Can't read a file : android.util.MalformedJsonException: Use JsonReader.setLenient(true) to accept malformed JSON at line 1 column 20
07-05 13:08:34.981   545   548 D dalvikvm: GC_CONCURRENT freed 447K, 11% free 10436K/11719K, paused 2ms+2ms
07-05 13:08:35.172   545   548 D dalvikvm: GC_CONCURRENT freed 418K, 12% free 10413K/11719K, paused 1ms+3ms
07-05 13:08:35.219   545 29168 I DownloadManager: Initiating request for download 3449
07-05 13:08:35.317   545   548 D dalvikvm: GC_CONCURRENT freed 217K, 10% free 10654K/11719K, paused 2ms+3ms
07-05 13:08:35.418   545   548 D dalvikvm: GC_CONCURRENT freed 315K, 8% free 10805K/11719K, paused 2ms+2ms
07-05 13:08:35.645   545   548 D dalvikvm: GC_CONCURRENT freed 844K, 11% free 10439K/11719K, paused 2ms+3ms
07-05 13:08:35.824   545   548 D dalvikvm: GC_CONCURRENT freed 414K, 12% free 10418K/11719K, paused 1ms+2ms
07-05 13:08:35.946   545 29171 I DownloadManager: Initiating request for download 3450
07-05 13:08:36.031   545   548 D dalvikvm: GC_CONCURRENT freed 261K, 10% free 10577K/11719K, paused 2ms+3ms
07-05 13:08:36.133   545   548 D dalvikvm: GC_CONCURRENT freed 300K, 9% free 10757K/11719K, paused 2ms+3ms
07-05 13:08:36.289   545   548 D dalvikvm: GC_CONCURRENT freed 743K, 11% free 10479K/11719K, paused 2ms+3ms
07-05 13:08:36.375  1370 29173 E DictionaryProvider:UpdateHandler: Can't read a file : android.util.MalformedJsonException: Use JsonReader.setLenient(true) to accept malformed JSON at line 1 column 20
07-05 13:08:36.457   465 29174 D dalvikvm: GC_EXPLICIT freed 404K, 6% free 10491K/11079K, paused 2ms+3ms
07-05 13:08:36.571   545   548 D dalvikvm: GC_CONCURRENT freed 435K, 11% free 10439K/11719K, paused 2ms+3ms
07-05 13:08:36.754   545   548 D dalvikvm: GC_CONCURRENT freed 420K, 12% free 10414K/11719K, paused 2ms+2ms
07-05 13:08:36.797   545 29176 I DownloadManager: Initiating request for download 3450
07-05 13:08:36.899   545   548 D dalvikvm: GC_CONCURRENT freed 202K, 9% free 10671K/11719K, paused 2ms+3ms
07-05 13:08:37.000   545   548 D dalvikvm: GC_CONCURRENT freed 414K, 9% free 10711K/11719K, paused 2ms+2ms
07-05 13:08:37.215   545   548 D dalvikvm: GC_CONCURRENT freed 718K, 11% free 10439K/11719K, paused 2ms+2ms
07-05 13:08:37.399   545   548 D dalvikvm: GC_CONCURRENT freed 413K, 12% free 10421K/11719K, paused 2ms+2ms
07-05 13:08:37.535   545 29179 I DownloadManager: Initiating request for download 3451
07-05 13:08:37.625   545   548 D dalvikvm: GC_CONCURRENT freed 272K, 10% free 10614K/11719K, paused 1ms+3ms
07-05 13:08:37.727   545   548 D dalvikvm: GC_CONCURRENT freed 337K, 8% free 10786K/11719K, paused 2ms+3ms
07-05 13:08:37.906   545   548 D dalvikvm: GC_CONCURRENT freed 770K, 11% free 10481K/11719K, paused 2ms+3ms
07-05 13:08:37.965  1370 29181 E DictionaryProvider:UpdateHandler: Can't read a file : android.util.MalformedJsonException: Use JsonReader.setLenient(true) to accept malformed JSON at line 1 column 20
07-05 13:08:38.000  1370  1382 D dalvikvm: GC_EXPLICIT freed 389K, 7% free 9128K/9735K, paused 1ms+2ms
07-05 13:08:38.156   545   548 D dalvikvm: GC_CONCURRENT freed 437K, 11% free 10439K/11719K, paused 2ms+3ms
07-05 13:08:38.332   545 29184 I DownloadManager: Initiating request for download 3451
07-05 13:08:38.336   545   548 D dalvikvm: GC_CONCURRENT freed 414K, 11% free 10455K/11719K, paused 2ms+3ms
07-05 13:08:38.473   545   548 D dalvikvm: GC_CONCURRENT freed 215K, 9% free 10708K/11719K, paused 2ms+3ms
07-05 13:08:38.594   545   548 D dalvikvm: GC_CONCURRENT freed 460K, 9% free 10725K/11719K, paused 1ms+2ms
07-05 13:08:38.817   545   548 D dalvikvm: GC_CONCURRENT freed 739K, 11% free 10438K/11719K, paused 1ms+2ms
07-05 13:08:39.004   545   548 D dalvikvm: GC_CONCURRENT freed 414K, 12% free 10419K/11719K, paused 2ms+2ms
07-05 13:08:39.094   545 29187 I DownloadManager: Initiating request for download 3452
07-05 13:08:39.188   545   548 D dalvikvm: GC_CONCURRENT freed 217K, 10% free 10647K/11719K, paused 2ms+3ms
07-05 13:08:39.293   545   548 D dalvikvm: GC_CONCURRENT freed 311K, 8% free 10815K/11719K, paused 2ms+2ms
07-05 13:08:39.504   545   548 D dalvikvm: GC_CONCURRENT freed 825K, 11% free 10471K/11719K, paused 2ms+2ms
07-05 13:08:39.692   545   548 D dalvikvm: GC_CONCURRENT freed 426K, 11% free 10433K/11719K, paused 2ms+3ms
07-05 13:08:40.684  1370 29189 E DictionaryProvider:UpdateHandler: Can't read a file : android.util.MalformedJsonException: Use JsonReader.setLenient(true) to accept malformed JSON at line 1 column 20
07-05 13:08:40.770   545   548 D dalvikvm: GC_CONCURRENT freed 355K, 11% free 10466K/11719K, paused 2ms+2ms
07-05 13:08:40.949   545   548 D dalvikvm: GC_CONCURRENT freed 423K, 11% free 10439K/11719K, paused 2ms+2ms
07-05 13:08:41.141   545   548 D dalvikvm: GC_CONCURRENT freed 410K, 12% free 10424K/11719K, paused 2ms+3ms
07-05 13:08:41.371   545   548 D dalvikvm: GC_CONCURRENT freed 368K, 11% free 10451K/11719K, paused 2ms+2ms
07-05 13:08:41.543   545   548 D dalvikvm: GC_CONCURRENT freed 414K, 11% free 10433K/11719K, paused 2ms+6ms
07-05 13:08:41.715   545   548 D dalvikvm: GC_CONCURRENT freed 400K, 12% free 10420K/11719K, paused 2ms+2ms
07-05 13:08:41.801   545 29192 I DownloadManager: Initiating request for download 3453
07-05 13:08:41.906   545   548 D dalvikvm: GC_CONCURRENT freed 204K, 9% free 10680K/11719K, paused 2ms+3ms
07-05 13:08:42.016   545   548 D dalvikvm: GC_CONCURRENT freed 403K, 9% free 10723K/11719K, paused 2ms+2ms
07-05 13:08:42.219   545   548 D dalvikvm: GC_CONCURRENT freed 706K, 11% free 10478K/11719K, paused 2ms+3ms
07-05 13:08:42.278  1370 29194 E DictionaryProvider:UpdateHandler: Can't read a file : android.util.MalformedJsonException: Use JsonReader.setLenient(true) to accept malformed JSON at line 1 column 20
07-05 13:08:42.461   545   548 D dalvikvm: GC_CONCURRENT freed 436K, 11% free 10438K/11719K, paused 1ms+2ms
07-05 13:08:42.563   545 29197 I DownloadManager: Initiating request for download 3453
07-05 13:08:42.649   545   548 D dalvikvm: GC_CONCURRENT freed 297K, 10% free 10598K/11719K, paused 2ms+3ms
07-05 13:08:42.746   545   548 D dalvikvm: GC_CONCURRENT freed 298K, 9% free 10761K/11719K, paused 2ms+3ms
07-05 13:08:42.899   545   548 D dalvikvm: GC_CONCURRENT freed 742K, 11% free 10490K/11719K, paused 2ms+3ms
07-05 13:08:43.102   545   548 D dalvikvm: GC_CONCURRENT freed 444K, 11% free 10441K/11719K, paused 1ms+2ms
07-05 13:08:43.274   545   548 D dalvikvm: GC_CONCURRENT freed 414K, 12% free 10422K/11719K, paused 2ms+2ms
07-05 13:08:43.360   545 29200 I DownloadManager: Initiating request for download 3454
07-05 13:08:43.485   545   548 D dalvikvm: GC_CONCURRENT freed 194K, 9% free 10687K/11719K, paused 1ms+3ms
07-05 13:08:43.590   545   548 D dalvikvm: GC_CONCURRENT freed 422K, 9% free 10722K/11719K, paused 2ms+2ms
07-05 13:08:43.836   156   512 D dalvikvm: GC_EXPLICIT freed 478K, 13% free 14077K/16007K, paused 2ms+6ms
07-05 13:08:43.871   545   548 D dalvikvm: GC_CONCURRENT freed 723K, 11% free 10455K/11719K, paused 1ms+3ms
07-05 13:08:43.914  1370 29202 E DictionaryProvider:UpdateHandler: Can't read a file : android.util.MalformedJsonException: Use JsonReader.setLenient(true) to accept malformed JSON at line 1 column 20
07-05 13:08:44.106   545   548 D dalvikvm: GC_CONCURRENT freed 405K, 11% free 10441K/11719K, paused 2ms+3ms
07-05 13:08:44.211   545 29205 I DownloadManager: Initiating request for download 3454
07-05 13:08:44.301   545   548 D dalvikvm: GC_CONCURRENT freed 309K, 10% free 10589K/11719K, paused 2ms+3ms
07-05 13:08:44.399   545   548 D dalvikvm: GC_CONCURRENT freed 323K, 9% free 10751K/11719K, paused 2ms+3ms
07-05 13:08:44.551   545   548 D dalvikvm: GC_CONCURRENT freed 735K, 11% free 10486K/11719K, paused 2ms+3ms
07-05 13:08:44.742   545   548 D dalvikvm: GC_CONCURRENT freed 443K, 12% free 10430K/11719K, paused 1ms+3ms
07-05 13:08:44.926   545   548 D dalvikvm: GC_CONCURRENT freed 405K, 12% free 10412K/11719K, paused 2ms+2ms
07-05 13:08:44.973   545 29208 I DownloadManager: Initiating request for download 3455
07-05 13:08:45.094   545   548 D dalvikvm: GC_CONCURRENT freed 209K, 9% free 10693K/11719K, paused 2ms+3ms
07-05 13:08:45.203   545   548 D dalvikvm: GC_CONCURRENT freed 444K, 9% free 10712K/11719K, paused 2ms+3ms
07-05 13:08:45.363  1370 29210 E DictionaryProvider:UpdateHandler: Can't read a file : android.util.MalformedJsonException: Use JsonReader.setLenient(true) to accept malformed JSON at line 1 column 20
07-05 13:08:45.395  1370  1372 D dalvikvm: GC_CONCURRENT freed 390K, 7% free 9128K/9735K, paused 2ms+2ms
07-05 13:08:45.465   545   548 D dalvikvm: GC_CONCURRENT freed 705K, 11% free 10458K/11719K, paused 2ms+3ms
07-05 13:08:45.660   545   548 D dalvikvm: GC_CONCURRENT freed 436K, 12% free 10416K/11719K, paused 1ms+2ms
07-05 13:08:45.746   545 29213 I DownloadManager: Initiating request for download 3455
07-05 13:08:45.824   545   548 D dalvikvm: GC_CONCURRENT freed 261K, 10% free 10605K/11719K, paused 2ms+3ms
07-05 13:08:45.930   545   548 D dalvikvm: GC_CONCURRENT freed 302K, 9% free 10779K/11719K, paused 2ms+3ms
07-05 13:08:46.110   545   548 D dalvikvm: GC_CONCURRENT freed 772K, 11% free 10477K/11719K, paused 2ms+2ms
07-05 13:08:46.313   545   548 D dalvikvm: GC_CONCURRENT freed 442K, 12% free 10430K/11719K, paused 2ms+2ms
07-05 13:08:46.524   545 29216 I DownloadManager: Initiating request for download 3456
07-05 13:08:46.551   545   548 D dalvikvm: GC_CONCURRENT freed 406K, 11% free 10446K/11719K, paused 1ms+4ms
07-05 13:08:46.668   545   548 D dalvikvm: GC_CONCURRENT freed 203K, 9% free 10702K/11719K, paused 2ms+3ms
07-05 13:08:46.785   545   548 D dalvikvm: GC_CONCURRENT freed 453K, 9% free 10714K/11719K, paused 2ms+2ms
07-05 13:08:46.946  1370 29218 E DictionaryProvider:UpdateHandler: Can't read a file : android.util.MalformedJsonException: Use JsonReader.setLenient(true) to accept malformed JSON at line 1 column 20
07-05 13:08:47.043   545   548 D dalvikvm: GC_CONCURRENT freed 716K, 11% free 10448K/11719K, paused 2ms+3ms
07-05 13:08:47.215   545   548 D dalvikvm: GC_CONCURRENT freed 423K, 12% free 10420K/11719K, paused 2ms+2ms
07-05 13:08:47.289   545 29221 I DownloadManager: Initiating request for download 3456
07-05 13:08:47.383   545   548 D dalvikvm: GC_CONCURRENT freed 271K, 10% free 10660K/11719K, paused 2ms+3ms
07-05 13:08:47.492   545   548 D dalvikvm: GC_CONCURRENT freed 344K, 8% free 10813K/11719K, paused 1ms+4ms
07-05 13:08:47.715   545   548 D dalvikvm: GC_CONCURRENT freed 840K, 11% free 10444K/11719K, paused 2ms+2ms
07-05 13:08:47.895   545   548 D dalvikvm: GC_CONCURRENT freed 408K, 12% free 10425K/11719K, paused 2ms+3ms
07-05 13:08:48.047   545 29224 I DownloadManager: Initiating request for download 3457
07-05 13:08:48.117   545   548 D dalvikvm: GC_CONCURRENT freed 297K, 10% free 10571K/11719K, paused 2ms+2ms
07-05 13:08:48.219   545   548 D dalvikvm: GC_CONCURRENT freed 280K, 9% free 10756K/11719K, paused 1ms+3ms
07-05 13:08:48.371   545   548 D dalvikvm: GC_CONCURRENT freed 734K, 11% free 10494K/11719K, paused 3ms+3ms
07-05 13:08:48.453  1370 29226 E DictionaryProvider:UpdateHandler: Can't read a file : android.util.MalformedJsonException: Use JsonReader.setLenient(true) to accept malformed JSON at line 1 column 20
07-05 13:08:48.606   545   548 D dalvikvm: GC_CONCURRENT freed 446K, 11% free 10443K/11719K, paused 2ms+3ms
07-05 13:08:48.789   545   548 D dalvikvm: GC_CONCURRENT freed 419K, 12% free 10419K/11719K, paused 2ms+2ms
07-05 13:08:48.836   545 29229 I DownloadManager: Initiating request for download 3457
07-05 13:08:48.926   545   548 D dalvikvm: GC_CONCURRENT freed 215K, 10% free 10663K/11719K, paused 1ms+3ms
07-05 13:08:49.031   545   548 D dalvikvm: GC_CONCURRENT freed 301K, 8% free 10817K/11719K, paused 2ms+3ms
07-05 13:08:49.238   545   548 D dalvikvm: GC_CONCURRENT freed 855K, 11% free 10445K/11719K, paused 2ms+2ms
07-05 13:08:49.438   545   548 D dalvikvm: GC_CONCURRENT freed 410K, 11% free 10431K/11719K, paused 1ms+3ms
07-05 13:08:49.567   545 29232 I DownloadManager: Initiating request for download 3458
07-05 13:08:49.660   545   548 D dalvikvm: GC_CONCURRENT freed 287K, 10% free 10590K/11719K, paused 2ms+3ms
07-05 13:08:49.758   545   548 D dalvikvm: GC_CONCURRENT freed 309K, 9% free 10768K/11719K, paused 1ms+3ms
07-05 13:08:49.918   545   548 D dalvikvm: GC_CONCURRENT freed 746K, 11% free 10493K/11719K, paused 2ms+2ms
07-05 13:08:49.981  1370 29234 E DictionaryProvider:UpdateHandler: Can't read a file : android.util.MalformedJsonException: Use JsonReader.setLenient(true) to accept malformed JSON at line 1 column 20
07-05 13:08:50.137   545   548 D dalvikvm: GC_CONCURRENT freed 439K, 11% free 10449K/11719K, paused 2ms+3ms
07-05 13:08:50.348   545   548 D dalvikvm: GC_CONCURRENT freed 415K, 12% free 10424K/11719K, paused 2ms+2ms
07-05 13:08:50.457   545 29237 D dalvikvm: GC_EXPLICIT freed 68K, 11% free 10457K/11719K, paused 2ms+12ms
07-05 13:08:50.461   545 29237 I DownloadManager: Initiating request for download 3458
07-05 13:08:50.567   545   548 D dalvikvm: GC_CONCURRENT freed 217K, 9% free 10723K/11719K, paused 1ms+3ms
07-05 13:08:50.692   545   548 D dalvikvm: GC_CONCURRENT freed 476K, 9% free 10720K/11719K, paused 2ms+3ms
07-05 13:08:50.914   545   548 D dalvikvm: GC_CONCURRENT freed 728K, 11% free 10441K/11719K, paused 2ms+3ms
07-05 13:08:51.098   545   548 D dalvikvm: GC_CONCURRENT freed 414K, 12% free 10422K/11719K, paused 2ms+2ms
07-05 13:08:51.188   545 29240 I DownloadManager: Initiating request for download 3459
07-05 13:08:51.285   545   548 D dalvikvm: GC_CONCURRENT freed 229K, 10% free 10653K/11719K, paused 2ms+2ms
07-05 13:08:51.395   545   548 D dalvikvm: GC_CONCURRENT freed 332K, 8% free 10829K/11719K, paused 1ms+4ms
07-05 13:08:51.594  1370 29242 E DictionaryProvider:UpdateHandler: Can't read a file : android.util.MalformedJsonException: Use JsonReader.setLenient(true) to accept malformed JSON at line 1 column 20
07-05 13:08:51.641  1370  1372 D dalvikvm: GC_CONCURRENT freed 389K, 7% free 9127K/9735K, paused 2ms+2ms
07-05 13:08:51.680   545   548 D dalvikvm: GC_CONCURRENT freed 860K, 11% free 10461K/11719K, paused 2ms+3ms
07-05 13:08:51.860   545   548 D dalvikvm: GC_CONCURRENT freed 419K, 11% free 10432K/11719K, paused 2ms+2ms
07-05 13:08:51.973   545 29245 I DownloadManager: Initiating request for download 3459
07-05 13:08:52.059   545   548 D dalvikvm: GC_CONCURRENT freed 290K, 10% free 10563K/11719K, paused 2ms+2ms
07-05 13:08:52.156   545   548 D dalvikvm: GC_CONCURRENT freed 299K, 9% free 10755K/11719K, paused 2ms+3ms
07-05 13:08:52.293   545   548 D dalvikvm: GC_CONCURRENT freed 724K, 11% free 10492K/11719K, paused 2ms+3ms
07-05 13:08:52.500   545   548 D dalvikvm: GC_CONCURRENT freed 443K, 11% free 10443K/11719K, paused 2ms+2ms
07-05 13:08:52.684   545   548 D dalvikvm: GC_CONCURRENT freed 413K, 12% free 10425K/11719K, paused 2ms+2ms
07-05 13:08:52.754   545 29248 I DownloadManager: Initiating request for download 3460
07-05 13:08:52.852   545   548 D dalvikvm: GC_CONCURRENT freed 208K, 9% free 10675K/11719K, paused 2ms+3ms
07-05 13:08:52.957   545   548 D dalvikvm: GC_CONCURRENT freed 318K, 8% free 10825K/11719K, paused 2ms+3ms
07-05 13:08:53.137  1370 29250 E DictionaryProvider:UpdateHandler: Can't read a file : android.util.MalformedJsonException: Use JsonReader.setLenient(true) to accept malformed JSON at line 1 column 20
07-05 13:08:53.215   545   548 D dalvikvm: GC_CONCURRENT freed 842K, 11% free 10473K/11719K, paused 2ms+2ms
07-05 13:08:53.387   545   548 D dalvikvm: GC_CONCURRENT freed 434K, 11% free 10434K/11719K, paused 2ms+2ms
07-05 13:08:53.488   545 29253 I DownloadManager: Initiating request for download 3460
07-05 13:08:53.590   545   548 D dalvikvm: GC_CONCURRENT freed 285K, 10% free 10606K/11719K, paused 2ms+3ms
07-05 13:08:53.684   545   548 D dalvikvm: GC_CONCURRENT freed 318K, 9% free 10769K/11719K, paused 2ms+3ms
07-05 13:08:53.828   545   548 D dalvikvm: GC_CONCURRENT freed 746K, 11% free 10495K/11719K, paused 2ms+3ms
07-05 13:08:54.031   545   548 D dalvikvm: GC_CONCURRENT freed 434K, 11% free 10448K/11719K, paused 2ms+2ms
07-05 13:08:54.207   545   548 D dalvikvm: GC_CONCURRENT freed 416K, 12% free 10427K/11719K, paused 2ms+2ms
07-05 13:08:54.270   545 29256 I DownloadManager: Initiating request for download 3461
07-05 13:08:54.375   545   548 D dalvikvm: GC_CONCURRENT freed 195K, 9% free 10692K/11719K, paused 2ms+2ms
07-05 13:08:54.481   545   548 D dalvikvm: GC_CONCURRENT freed 423K, 9% free 10731K/11719K, paused 2ms+4ms
07-05 13:08:54.692  1370 29258 E DictionaryProvider:UpdateHandler: Can't read a file : android.util.MalformedJsonException: Use JsonReader.setLenient(true) to accept malformed JSON at line 1 column 20
07-05 13:08:54.723   545   548 D dalvikvm: GC_CONCURRENT freed 743K, 11% free 10469K/11719K, paused 2ms+2ms
07-05 13:08:54.918   545   548 D dalvikvm: GC_CONCURRENT freed 429K, 11% free 10435K/11719K, paused 2ms+3ms
07-05 13:08:55.031   545 29261 I DownloadManager: Initiating request for download 3461
07-05 13:08:55.110   545   548 D dalvikvm: GC_CONCURRENT freed 278K, 10% free 10613K/11719K, paused 2ms+3ms
07-05 13:08:55.223   545   548 D dalvikvm: GC_CONCURRENT freed 313K, 8% free 10865K/11719K, paused 2ms+4ms
07-05 13:08:55.442   545   548 D dalvikvm: GC_CONCURRENT freed 905K, 11% free 10459K/11719K, paused 2ms+3ms
07-05 13:08:55.621   545   548 D dalvikvm: GC_CONCURRENT freed 407K, 11% free 10440K/11719K, paused 2ms+2ms
07-05 13:08:55.762   545 29264 I DownloadManager: Initiating request for download 3462
07-05 13:08:55.817   545   548 D dalvikvm: GC_CONCURRENT freed 333K, 11% free 10507K/11719K, paused 2ms+2ms
07-05 13:08:55.930   545   548 D dalvikvm: GC_CONCURRENT freed 220K, 9% free 10747K/11719K, paused 2ms+3ms
07-05 13:08:56.055   545   548 D dalvikvm: GC_CONCURRENT freed 496K, 9% free 10733K/11719K, paused 2ms+3ms
07-05 13:08:56.203  1370 29266 E DictionaryProvider:UpdateHandler: Can't read a file : android.util.MalformedJsonException: Use JsonReader.setLenient(true) to accept malformed JSON at line 1 column 20
07-05 13:08:56.305   545   548 D dalvikvm: GC_CONCURRENT freed 729K, 11% free 10459K/11719K, paused 2ms+3ms
07-05 13:08:56.488   545   548 D dalvikvm: GC_CONCURRENT freed 417K, 11% free 10436K/11719K, paused 2ms+2ms
07-05 13:08:56.547   545 29269 I DownloadManager: Initiating request for download 3462
07-05 13:08:56.621   156   512 D dalvikvm: GC_EXPLICIT freed 490K, 13% free 14078K/16007K, paused 3ms+5ms
07-05 13:08:56.699   545   548 D dalvikvm: GC_CONCURRENT freed 230K, 9% free 10665K/11719K, paused 2ms+3ms
07-05 13:08:56.805   545   548 D dalvikvm: GC_CONCURRENT freed 327K, 8% free 10820K/11719K, paused 2ms+3ms
07-05 13:08:57.020   545   548 D dalvikvm: GC_CONCURRENT freed 857K, 11% free 10448K/11719K, paused 2ms+3ms
07-05 13:08:57.211   545   548 D dalvikvm: GC_CONCURRENT freed 416K, 12% free 10427K/11719K, paused 2ms+3ms
07-05 13:08:57.363   545 29272 I DownloadManager: Initiating request for download 3463
07-05 13:08:57.446   545   548 D dalvikvm: GC_CONCURRENT freed 302K, 10% free 10569K/11719K, paused 3ms+3ms
07-05 13:08:57.551   545   548 D dalvikvm: GC_CONCURRENT freed 283K, 9% free 10770K/11719K, paused 2ms+4ms
07-05 13:08:57.703   545   548 D dalvikvm: GC_CONCURRENT freed 743K, 11% free 10489K/11719K, paused 3ms+2ms
07-05 13:08:57.785  1370 29274 E DictionaryProvider:UpdateHandler: Can't read a file : android.util.MalformedJsonException: Use JsonReader.setLenient(true) to accept malformed JSON at line 1 column 20
07-05 13:08:57.828  1370  1372 D dalvikvm: GC_CONCURRENT freed 390K, 7% free 9128K/9735K, paused 1ms+2ms
07-05 13:08:57.961   545   548 D dalvikvm: GC_CONCURRENT freed 429K, 11% free 10448K/11719K, paused 2ms+2ms
07-05 13:08:58.145   545   548 D dalvikvm: GC_CONCURRENT freed 413K, 12% free 10422K/11719K, paused 2ms+2ms
07-05 13:08:58.215   545 29277 I DownloadManager: Initiating request for download 3463
07-05 13:08:58.301   545   548 D dalvikvm: GC_CONCURRENT freed 225K, 10% free 10650K/11719K, paused 2ms+3ms
07-05 13:08:58.403   545   548 D dalvikvm: GC_CONCURRENT freed 320K, 8% free 10821K/11719K, paused 2ms+3ms
07-05 13:08:58.621   545   548 D dalvikvm: GC_CONCURRENT freed 856K, 11% free 10446K/11719K, paused 2ms+2ms
07-05 13:08:58.813   545   548 D dalvikvm: GC_CONCURRENT freed 408K, 11% free 10440K/11719K, paused 2ms+2ms
07-05 13:08:58.946   545 29280 I DownloadManager: Initiating request for download 3464
07-05 13:08:59.043   545   548 D dalvikvm: GC_CONCURRENT freed 306K, 10% free 10578K/11719K, paused 2ms+3ms
07-05 13:08:59.141   545   548 D dalvikvm: GC_CONCURRENT freed 295K, 9% free 10763K/11719K, paused 2ms+3ms
07-05 13:08:59.297   545   548 D dalvikvm: GC_CONCURRENT freed 741K, 11% free 10490K/11719K, paused 2ms+2ms
07-05 13:08:59.367  1370 29282 E DictionaryProvider:UpdateHandler: Can't read a file : android.util.MalformedJsonException: Use JsonReader.setLenient(true) to accept malformed JSON at line 1 column 20
07-05 13:08:59.528   545   548 D dalvikvm: GC_CONCURRENT freed 438K, 11% free 10447K/11719K, paused 1ms+2ms
07-05 13:08:59.711   545   548 D dalvikvm: GC_CONCURRENT freed 410K, 12% free 10425K/11719K, paused 2ms+2ms
07-05 13:08:59.770   545 29285 I DownloadManager: Initiating request for download 3464
07-05 13:08:59.871   545   548 D dalvikvm: GC_CONCURRENT freed 227K, 10% free 10664K/11719K, paused 2ms+3ms
07-05 13:08:59.973   545   548 D dalvikvm: GC_CONCURRENT freed 300K, 8% free 10830K/11719K, paused 2ms+4ms
07-05 13:09:00.047   414   416 D dalvikvm: GC_CONCURRENT freed 458K, 37% free 10323K/16263K, paused 2ms+3ms
07-05 13:09:00.242   545   548 D dalvikvm: GC_CONCURRENT freed 864K, 11% free 10451K/11719K, paused 2ms+3ms
07-05 13:09:00.434   545   548 D dalvikvm: GC_CONCURRENT freed 416K, 12% free 10430K/11719K, paused 1ms+3ms
07-05 13:09:00.590   545 29288 I DownloadManager: Initiating request for download 3465
07-05 13:09:00.664   545   548 D dalvikvm: GC_CONCURRENT freed 296K, 10% free 10593K/11719K, paused 2ms+3ms
07-05 13:09:00.774   545   548 D dalvikvm: GC_CONCURRENT freed 294K, 8% free 10849K/11719K, paused 1ms+3ms
07-05 13:09:00.957   545   548 D dalvikvm: GC_CONCURRENT freed 852K, 11% free 10488K/11719K, paused 2ms+3ms
07-05 13:09:01.016  1370 29290 E DictionaryProvider:UpdateHandler: Can't read a file : android.util.MalformedJsonException: Use JsonReader.setLenient(true) to accept malformed JSON at line 1 column 20
07-05 13:09:01.184   545   548 D dalvikvm: GC_CONCURRENT freed 438K, 11% free 10445K/11719K, paused 2ms+4ms
07-05 13:09:01.360   545 29293 I DownloadManager: Initiating request for download 3465
07-05 13:09:01.391   545   548 D dalvikvm: GC_CONCURRENT freed 418K, 11% free 10458K/11719K, paused 1ms+3ms
07-05 13:09:01.508   545   548 D dalvikvm: GC_CONCURRENT freed 201K, 9% free 10715K/11719K, paused 2ms+3ms
07-05 13:09:01.629   545   548 D dalvikvm: GC_CONCURRENT freed 458K, 9% free 10727K/11719K, paused 2ms+2ms
07-05 13:09:01.856   545   548 D dalvikvm: GC_CONCURRENT freed 729K, 11% free 10448K/11719K, paused 1ms+3ms
07-05 13:09:02.039   545   548 D dalvikvm: GC_CONCURRENT freed 406K, 11% free 10442K/11719K, paused 2ms+2ms
07-05 13:09:04.000   545 29296 I DownloadManager: Initiating request for download 3466
07-05 13:09:04.086   545   548 D dalvikvm: GC_CONCURRENT freed 251K, 10% free 10638K/11719K, paused 2ms+3ms
07-05 13:09:04.192   545   548 D dalvikvm: GC_CONCURRENT freed 321K, 8% free 10818K/11719K, paused 1ms+3ms
07-05 13:09:04.391   545   548 D dalvikvm: GC_CONCURRENT freed 846K, 11% free 10458K/11719K, paused 2ms+2ms
07-05 13:09:04.426  1370 29298 E DictionaryProvider:UpdateHandler: Can't read a file : android.util.MalformedJsonException: Use JsonReader.setLenient(true) to accept malformed JSON at line 1 column 20
07-05 13:09:04.625   545   548 D dalvikvm: GC_CONCURRENT freed 408K, 11% free 10457K/11719K, paused 2ms+3ms
07-05 13:09:04.754   545 29301 I DownloadManager: Initiating request for download 3466
07-05 13:09:04.801   545   548 D dalvikvm: GC_CONCURRENT freed 371K, 11% free 10502K/11719K, paused 2ms+2ms
07-05 13:09:04.910   545   548 D dalvikvm: GC_CONCURRENT freed 226K, 9% free 10736K/11719K, paused 1ms+3ms
07-05 13:09:05.031   545   548 D dalvikvm: GC_CONCURRENT freed 482K, 9% free 10731K/11719K, paused 2ms+3ms
07-05 13:09:05.266   545   548 D dalvikvm: GC_CONCURRENT freed 736K, 11% free 10458K/11719K, paused 2ms+4ms
07-05 13:09:05.453   545   548 D dalvikvm: GC_CONCURRENT freed 423K, 12% free 10430K/11719K, paused 2ms+2ms
07-05 13:09:05.531   545 29304 I DownloadManager: Initiating request for download 3467
07-05 13:09:05.637   545   548 D dalvikvm: GC_CONCURRENT freed 213K, 10% free 10661K/11719K, paused 2ms+3ms
07-05 13:09:05.742   545   548 D dalvikvm: GC_CONCURRENT freed 327K, 8% free 10834K/11719K, paused 2ms+3ms
07-05 13:09:05.918  1370 29306 E DictionaryProvider:UpdateHandler: Can't read a file : android.util.MalformedJsonException: Use JsonReader.setLenient(true) to accept malformed JSON at line 1 column 20
07-05 13:09:05.981  1370  1372 D dalvikvm: GC_CONCURRENT freed 384K, 6% free 9159K/9735K, paused 1ms+4ms
07-05 13:09:06.000   545   548 D dalvikvm: GC_CONCURRENT freed 853K, 11% free 10467K/11719K, paused 1ms+8ms
07-05 13:09:06.172   545   548 D dalvikvm: GC_CONCURRENT freed 416K, 11% free 10439K/11719K, paused 2ms+2ms
07-05 13:09:06.297   545 29309 I DownloadManager: Initiating request for download 3467
07-05 13:09:06.352   545   548 D dalvikvm: GC_CONCURRENT freed 324K, 11% free 10505K/11719K, paused 2ms+2ms
07-05 13:09:06.457   545   548 D dalvikvm: GC_CONCURRENT freed 225K, 9% free 10740K/11719K, paused 2ms+3ms
07-05 13:09:06.578   545   548 D dalvikvm: GC_CONCURRENT freed 473K, 9% free 10741K/11719K, paused 2ms+2ms
07-05 13:09:06.813   545   548 D dalvikvm: GC_CONCURRENT freed 746K, 11% free 10462K/11719K, paused 2ms+2ms
07-05 13:09:07.000   545   548 D dalvikvm: GC_CONCURRENT freed 424K, 11% free 10433K/11719K, paused 2ms+2ms
07-05 13:09:07.086   545 29312 I DownloadManager: Initiating request for download 3468
07-05 13:09:07.184   545   548 D dalvikvm: GC_CONCURRENT freed 211K, 9% free 10665K/11719K, paused 2ms+3ms
07-05 13:09:07.293   545   548 D dalvikvm: GC_CONCURRENT freed 325K, 8% free 10847K/11719K, paused 2ms+3ms
07-05 13:09:07.469  1370 29314 E DictionaryProvider:UpdateHandler: Can't read a file : android.util.MalformedJsonException: Use JsonReader.setLenient(true) to accept malformed JSON at line 1 column 20
07-05 13:09:07.535   545   548 D dalvikvm: GC_CONCURRENT freed 870K, 11% free 10469K/11719K, paused 2ms+2ms
07-05 13:09:07.711   545   548 D dalvikvm: GC_CONCURRENT freed 418K, 11% free 10446K/11719K, paused 1ms+2ms
07-05 13:09:07.821   545 29316 I DownloadManager: Initiating request for download 3468
07-05 13:09:07.887   545   548 D dalvikvm: GC_CONCURRENT freed 302K, 10% free 10601K/11719K, paused 2ms+4ms
07-05 13:09:07.973   545   548 D dalvikvm: GC_CONCURRENT freed 284K, 9% free 10777K/11719K, paused 2ms+3ms
07-05 13:09:08.238   545   548 D dalvikvm: GC_CONCURRENT freed 745K, 11% free 10506K/11719K, paused 1ms+3ms
07-05 13:09:08.449   545   548 D dalvikvm: GC_CONCURRENT freed 447K, 11% free 10454K/11719K, paused 2ms+2ms
07-05 13:09:08.633   545   548 D dalvikvm: GC_CONCURRENT freed 414K, 11% free 10435K/11719K, paused 2ms+3ms
07-05 13:09:08.731   545 29320 I DownloadManager: Initiating request for download 3469
07-05 13:09:08.832   545   548 D dalvikvm: GC_CONCURRENT freed 215K, 9% free 10756K/11719K, paused 2ms+3ms
07-05 13:09:08.942   545   548 D dalvikvm: GC_CONCURRENT freed 500K, 9% free 10740K/11719K, paused 2ms+2ms
07-05 13:09:09.145  1370 29322 E DictionaryProvider:UpdateHandler: Can't read a file : android.util.MalformedJsonException: Use JsonReader.setLenient(true) to accept malformed JSON at line 1 column 20
07-05 13:09:09.172   545   548 D dalvikvm: GC_CONCURRENT freed 737K, 11% free 10470K/11719K, paused 2ms+2ms
07-05 13:09:09.367   545   548 D dalvikvm: GC_CONCURRENT freed 419K, 11% free 10442K/11719K, paused 2ms+2ms
07-05 13:09:09.465   545 29325 I DownloadManager: Initiating request for download 3469
07-05 13:09:09.551   545   548 D dalvikvm: GC_CONCURRENT freed 275K, 10% free 10627K/11719K, paused 2ms+3ms
07-05 13:09:09.645   545   548 D dalvikvm: GC_CONCURRENT freed 337K, 8% free 10825K/11719K, paused 2ms+3ms
07-05 13:09:09.832   545   548 D dalvikvm: GC_CONCURRENT freed 802K, 11% free 10501K/11719K, paused 2ms+2ms
07-05 13:09:10.031   545   548 D dalvikvm: GC_CONCURRENT freed 437K, 11% free 10460K/11719K, paused 2ms+2ms
07-05 13:09:10.246   545   548 D dalvikvm: GC_CONCURRENT freed 387K, 11% free 10476K/11719K, paused 2ms+3ms
07-05 13:09:10.270   545 29328 I DownloadManager: Initiating request for download 3470
07-05 13:09:10.375   545   548 D dalvikvm: GC_CONCURRENT freed 207K, 9% free 10730K/11719K, paused 2ms+2ms
07-05 13:09:10.488   545   548 D dalvikvm: GC_CONCURRENT freed 451K, 9% free 10744K/11719K, paused 2ms+3ms
07-05 13:09:10.664  1370 29330 E DictionaryProvider:UpdateHandler: Can't read a file : android.util.MalformedJsonException: Use JsonReader.setLenient(true) to accept malformed JSON at line 1 column 20
07-05 13:09:10.762   465   467 D dalvikvm: GC_CONCURRENT freed 383K, 6% free 10502K/11079K, paused 2ms+2ms
07-05 13:09:10.762   545   548 D dalvikvm: GC_CONCURRENT freed 722K, 11% free 10480K/11719K, paused 2ms+2ms
07-05 13:09:10.949   545   548 D dalvikvm: GC_CONCURRENT freed 430K, 11% free 10446K/11719K, paused 2ms+2ms
07-05 13:09:11.035   545 29333 I DownloadManager: Initiating request for download 3470
07-05 13:09:11.117   545   548 D dalvikvm: GC_CONCURRENT freed 261K, 10% free 10643K/11719K, paused 2ms+3ms
07-05 13:09:11.223   545   548 D dalvikvm: GC_CONCURRENT freed 319K, 8% free 10824K/11719K, paused 2ms+3ms
07-05 13:09:11.227   362   362 I wpa_supplicant: wlan0: CTRL-EVENT-DISCONNECTED bssid=d0:c2:82:66:6b:f0 reason=0
07-05 13:09:11.227    77   117 D CommandListener: Clearing all IP addresses on wlan0
07-05 13:09:11.242   156   330 D ConnectivityService: ConnectivityChange for WIFI: DISCONNECTED/DISCONNECTED
07-05 13:09:11.246   156   330 D ConnectivityService: Attempting to switch to mobile
07-05 13:09:11.246   156   330 D ConnectivityService: Attempting to switch to WIMAX
07-05 13:09:11.246   156   330 D ConnectivityService: Attempting to switch to BLUETOOTH_TETHER
07-05 13:09:11.254   156   330 E ConnectivityService: Exception trying to remove a route: java.lang.IllegalStateException: Unable to communicate with native dameon to add routes - com.android.server.NativeDaemonConnectorException: Cmd {interface route remove wlan0 default 128.205.59.254 32 0.0.0.0} failed with code 400 : {Failed to remove route from default table (No such process)}
07-05 13:09:11.266   156   330 D NetUtils: android_net_utils_resetConnections in env=0x6b2b60 clazz=0x37000001 iface=wlan0 mask=0x3
07-05 13:09:11.266   156   330 E ConnectivityService: Exception trying to remove a route: java.lang.IllegalStateException: Unable to communicate with native dameon to add routes - com.android.server.NativeDaemonConnectorException: Cmd {interface route remove wlan0 default 0.0.0.0 0 128.205.59.254} failed with code 400 : {Failed to remove route from default table (No such process)}
07-05 13:09:11.266   156   330 D ConnectivityService: resetConnections(wlan0, 3)
07-05 13:09:11.387   682  1055 E GTalkService: connectionClosed: no XMPPConnection - That's strange!
07-05 13:09:11.395   156   330 D ConnectivityService: handleInetConditionChange: no active default network - ignore
07-05 13:09:11.442   414   416 D dalvikvm: GC_CONCURRENT freed 545K, 37% free 10284K/16263K, paused 1ms+3ms
07-05 13:09:11.559   414   416 D dalvikvm: GC_CONCURRENT freed 559K, 38% free 10157K/16263K, paused 2ms+3ms
07-05 13:09:11.621   545 29333 W DownloadManager: Aborting request for download 3470: no network connection available
07-05 13:09:11.719   545   548 D dalvikvm: GC_CONCURRENT freed 830K, 11% free 10472K/11719K, paused 1ms+13ms
07-05 13:09:11.903   545   548 D dalvikvm: GC_CONCURRENT freed 407K, 11% free 10455K/11719K, paused 2ms+2ms
07-05 13:09:12.149   156   168 D dalvikvm: GC_EXPLICIT freed 691K, 12% free 14095K/16007K, paused 3ms+11ms
07-05 13:09:12.188   545 29335 I DownloadManager: Initiating request for download 3471
07-05 13:09:12.188   545   548 D dalvikvm: GC_CONCURRENT freed 385K, 11% free 10484K/11719K, paused 2ms+2ms
07-05 13:09:12.192   545 29335 W DownloadManager: Aborting request for download 3471: no network connection available
07-05 13:09:12.457   545   548 D dalvikvm: GC_CONCURRENT freed 414K, 11% free 10465K/11719K, paused 1ms+2ms
07-05 13:09:12.488   362   362 I wpa_supplicant: wlan0: Trying to associate with 64:a0:e7:5d:18:30 (SSID='UB_Wireless' freq=2412 MHz)
07-05 13:09:12.649   362   362 I wpa_supplicant: wlan0: Associated with 64:a0:e7:5d:18:30
07-05 13:09:12.649   362   362 I wpa_supplicant: wlan0: CTRL-EVENT-CONNECTED - Connection to 64:a0:e7:5d:18:30 completed (reauth) [id=5 id_str=]
07-05 13:09:12.684   545   548 D dalvikvm: GC_CONCURRENT freed 426K, 11% free 10434K/11719K, paused 2ms+3ms
07-05 13:09:12.953   545   548 D dalvikvm: GC_CONCURRENT freed 369K, 11% free 10461K/11719K, paused 2ms+3ms
07-05 13:09:13.129   545   548 D dalvikvm: GC_CONCURRENT freed 412K, 11% free 10443K/11719K, paused 2ms+2ms
07-05 13:09:13.313   545   548 D dalvikvm: GC_CONCURRENT freed 409K, 12% free 10429K/11719K, paused 2ms+2ms
07-05 13:09:14.324   156   333 D Tethering: MasterInitialState.processMessage what=3
07-05 13:09:14.410  1086  1105 D PicasaSyncManager: active network: null
07-05 13:09:14.410  1086  1105 D PicasaSyncManager: background data: true
07-05 13:09:14.426   682   685 D dalvikvm: GC_CONCURRENT freed 479K, 9% free 10140K/11079K, paused 5ms+2ms
07-05 13:09:14.453   682   682 D dalvikvm: GC_EXPLICIT freed 27K, 9% free 10113K/11079K, paused 2ms+3ms
07-05 13:09:14.485  1190  1190 I MediaUploader: No need to wake up
07-05 13:09:14.485   993   993 I PhoneLab-WiFiReceiver: Wi-Fi is disconnected!
07-05 13:09:14.528  1190  1192 D dalvikvm: GC_CONCURRENT freed 383K, 5% free 9087K/9543K, paused 5ms+2ms
07-05 13:09:17.457   156   330 D ConnectivityService: ConnectivityChange for WIFI: CONNECTED/CONNECTED
07-05 13:09:17.481   993   993 I PhoneLab-WiFiReceiver: Wi-Fi is connected!
07-05 13:09:17.481   993   993 I PhoneLab-WiFiReceiver: SSID: UB_Wireless BSSID: 64:a0:e7:5d:18:30 RSSI: -200 LinkSpeed: -1
07-05 13:09:17.481   993   993 I PhoneLab-Locks: wake lock acquired
07-05 13:09:17.485   993   993 I PhoneLab-UploadLogs: Transfering log files now
07-05 13:09:17.500   156   325 W NetworkStats: dropping UID delta from unknown iface: iface=wlan0 uid=0 set=DEFAULT tag=0x0 rxBytes=0 rxPackets=0 txBytes=368 txPackets=6 operations=0
07-05 13:09:17.551   993   995 D dalvikvm: GC_CONCURRENT freed 452K, 14% free 9205K/10695K, paused 1ms+2ms
07-05 13:09:17.571   993   993 D dalvikvm: GC_FOR_ALLOC freed 271K, 12% free 9427K/10695K, paused 12ms
07-05 13:09:17.590   993   993 I PhoneLab-UploadLogs: OnStartCommand
07-05 13:09:17.598   993   995 D dalvikvm: GC_CONCURRENT freed 298K, 10% free 9640K/10695K, paused 2ms+2ms
07-05 13:09:17.625   993 29365 D dalvikvm: GC_FOR_ALLOC freed 310K, 10% free 9656K/10695K, paused 12ms
07-05 13:09:17.637   993 29365 D dalvikvm: GC_FOR_ALLOC freed 301K, 10% free 9656K/10695K, paused 12ms
07-05 13:09:17.649   993 29365 D dalvikvm: GC_FOR_ALLOC freed 301K, 10% free 9657K/10695K, paused 12ms
07-05 13:09:17.817   156   330 D ConnectivityService: ConnectivityChange for mobile: CONNECTED/CONNECTED
07-05 13:09:17.852   156   330 D ConnectivityService: ConnectivityChange for mobile: DISCONNECTED/DISCONNECTED
07-05 13:09:17.852   156   330 D ConnectivityService: Attempting to switch to WIFI
07-05 13:09:17.856   156   330 D NetUtils: android_net_utils_resetConnections in env=0x6b2b60 clazz=0x48e00001 iface=rmnet0 mask=0x3
07-05 13:09:17.856   156   330 D ConnectivityService: Attempting to switch to WIMAX
07-05 13:09:17.856   156   330 D ConnectivityService: Attempting to switch to BLUETOOTH_TETHER
07-05 13:09:17.856   156   330 D ConnectivityService: resetConnections(rmnet0, 3)
07-05 13:09:17.938   482   486 D dalvikvm: GC_CONCURRENT freed 443K, 7% free 9498K/10119K, paused 7ms+7ms
07-05 13:09:18.461   156   330 D ConnectivityService: NetTransition Wakelock for WifiStateMachine released by timeout
07-05 13:09:19.180   993 29365 W System.err: org.apache.http.client.ClientProtocolException
07-05 13:09:19.184   993 29365 W System.err: 	at org.apache.http.impl.client.AbstractHttpClient.execute(AbstractHttpClient.java:557)
07-05 13:09:19.188   993 29365 W System.err: 	at org.apache.http.impl.client.AbstractHttpClient.execute(AbstractHttpClient.java:487)
07-05 13:09:19.188   993 29365 W System.err: 	at com.loopj.android.http.AsyncHttpRequest.makeRequest(Unknown Source)
07-05 13:09:19.192   993 29365 W System.err: 	at com.loopj.android.http.AsyncHttpRequest.makeRequestWithRetries(Unknown Source)
07-05 13:09:19.192   993 29365 W System.err: 	at com.loopj.android.http.AsyncHttpRequest.run(Unknown Source)
07-05 13:09:19.192   993 29365 W System.err: 	at java.util.concurrent.Executors$RunnableAdapter.call(Executors.java:442)
07-05 13:09:19.196   993 29365 W System.err: 	at java.util.concurrent.FutureTask$Sync.innerRun(FutureTask.java:305)
07-05 13:09:19.196   993 29365 W System.err: 	at java.util.concurrent.FutureTask.run(FutureTask.java:137)
07-05 13:09:19.196   993 29365 W System.err: 	at java.util.concurrent.ThreadPoolExecutor.runWorker(ThreadPoolExecutor.java:1076)
07-05 13:09:19.199   993 29365 W System.err: 	at java.util.concurrent.ThreadPoolExecutor$Worker.run(ThreadPoolExecutor.java:569)
07-05 13:09:19.199   993 29365 W System.err: 	at java.lang.Thread.run(Thread.java:856)
07-05 13:09:19.203   993 29365 W System.err: Caused by: org.apache.http.client.NonRepeatableRequestException: Cannot retry request with a non-repeatable request entity
07-05 13:09:19.207   993 29365 W System.err: 	at org.apache.http.impl.client.DefaultRequestDirector.execute(DefaultRequestDirector.java:420)
07-05 13:09:19.207   993 29365 W System.err: 	at org.apache.http.impl.client.AbstractHttpClient.execute(AbstractHttpClient.java:555)
07-05 13:09:19.207   993 29365 W System.err: 	... 10 more
07-05 13:09:19.211   993   993 E PhoneLab-: Transfering 1341502082478.log failed
07-05 13:09:19.211   993   993 I PhoneLab-Locks: wake lock released
07-05 13:09:20.539   156   333 D Tethering: MasterInitialState.processMessage what=3
07-05 13:09:20.563   682   682 I GTalkService/c: [AndroidEndpoint@1095403848] connect: acct=1000001, state=CONNECTING
07-05 13:09:20.598  1086  1105 D PicasaSyncManager: active network: NetworkInfo: type: WIFI[], state: CONNECTED/CONNECTED, reason: (unspecified), extra: (none), roaming: false, failover: false, isAvailable: true
07-05 13:09:20.598  1086  1105 D PicasaSyncManager: background data: true
07-05 13:09:20.641  1190  1190 I MediaUploader: No need to wake up
07-05 13:09:20.719   414   416 D dalvikvm: GC_CONCURRENT freed 259K, 37% free 10373K/16263K, paused 2ms+3ms
07-05 13:09:20.863   156   333 D Tethering: MasterInitialState.processMessage what=3
07-05 13:09:20.887   156   333 D Tethering: MasterInitialState.processMessage what=3
07-05 13:09:20.918  1190  1190 I MediaUploader: No need to wake up
07-05 13:09:20.977   414   416 D dalvikvm: GC_CONCURRENT freed 423K, 37% free 10383K/16263K, paused 1ms+3ms
07-05 13:09:20.988  1190  1190 I MediaUploader: No need to wake up
07-05 13:09:21.004  1086  1105 D PicasaSyncManager: active network: NetworkInfo: type: WIFI[], state: CONNECTED/CONNECTED, reason: (unspecified), extra: (none), roaming: false, failover: false, isAvailable: true
07-05 13:09:21.004  1086  1105 D PicasaSyncManager: background data: true
07-05 13:09:21.129   545   548 D dalvikvm: GC_CONCURRENT freed 367K, 11% free 10458K/11719K, paused 2ms+3ms
07-05 13:09:21.305   545   548 D dalvikvm: GC_CONCURRENT freed 415K, 11% free 10438K/11719K, paused 2ms+2ms
07-05 13:09:21.488   545   548 D dalvikvm: GC_CONCURRENT freed 408K, 12% free 10425K/11719K, paused 1ms+2ms
07-05 13:09:21.559   545 29368 I DownloadManager: Initiating request for download 3470
07-05 13:09:21.563   545 29368 I DownloadManager: Skipping initiating request for download 3470; already completed
07-05 13:09:21.606   545 29370 I DownloadManager: Initiating request for download 3471
07-05 13:09:21.742   545   548 D dalvikvm: GC_CONCURRENT freed 202K, 9% free 10682K/11719K, paused 2ms+6ms
07-05 13:09:21.844   545   548 D dalvikvm: GC_CONCURRENT freed 320K, 8% free 10835K/11719K, paused 2ms+2ms
07-05 13:09:22.031  1370 29373 E DictionaryProvider:UpdateHandler: Can't read a file : android.util.MalformedJsonException: Use JsonReader.setLenient(true) to accept malformed JSON at line 1 column 20
07-05 13:09:22.086   545   548 D dalvikvm: GC_CONCURRENT freed 858K, 11% free 10473K/11719K, paused 2ms+3ms
07-05 13:09:22.258   545   548 D dalvikvm: GC_CONCURRENT freed 427K, 11% free 10436K/11719K, paused 2ms+2ms
07-05 13:09:22.371   545 29376 I DownloadManager: Initiating request for download 3471
07-05 13:09:22.422   545 29367 D dalvikvm: GC_EXPLICIT freed 323K, 10% free 10625K/11719K, paused 2ms+5ms
07-05 13:09:22.524   545   548 D dalvikvm: GC_CONCURRENT freed 305K, 8% free 10802K/11719K, paused 2ms+3ms
07-05 13:09:22.707   545   548 D dalvikvm: GC_CONCURRENT freed 788K, 11% free 10492K/11719K, paused 2ms+2ms
07-05 13:09:22.887   545   548 D dalvikvm: GC_CONCURRENT freed 408K, 11% free 10479K/11719K, paused 2ms+2ms
07-05 13:09:23.098   545   548 D dalvikvm: GC_CONCURRENT freed 435K, 11% free 10435K/11719K, paused 2ms+3ms
07-05 13:09:23.156   545 29379 I DownloadManager: Initiating request for download 3472
07-05 13:09:23.266   545   548 D dalvikvm: GC_CONCURRENT freed 190K, 9% free 10704K/11719K, paused 2ms+3ms
07-05 13:09:23.367   545   548 D dalvikvm: GC_CONCURRENT freed 433K, 9% free 10737K/11719K, paused 2ms+2ms
07-05 13:09:23.653   545   548 D dalvikvm: GC_CONCURRENT freed 742K, 11% free 10476K/11719K, paused 1ms+3ms
07-05 13:09:23.668  1370 29381 E DictionaryProvider:UpdateHandler: Can't read a file : android.util.MalformedJsonException: Use JsonReader.setLenient(true) to accept malformed JSON at line 1 column 20
07-05 13:09:23.707  1370  1372 D dalvikvm: GC_CONCURRENT freed 460K, 6% free 9155K/9735K, paused 4ms+2ms
07-05 13:09:23.922   545   548 D dalvikvm: GC_CONCURRENT freed 421K, 11% free 10448K/11719K, paused 2ms+2ms
07-05 13:09:24.039   545 29384 I DownloadManager: Initiating request for download 3472
07-05 13:09:24.137   545   548 D dalvikvm: GC_CONCURRENT freed 289K, 10% free 10617K/11719K, paused 1ms+5ms
07-05 13:09:24.235   545   548 D dalvikvm: GC_CONCURRENT freed 291K, 9% free 10781K/11719K, paused 2ms+3ms
07-05 13:09:24.391   545   548 D dalvikvm: GC_CONCURRENT freed 756K, 11% free 10498K/11719K, paused 2ms+2ms
07-05 13:09:24.594   545   548 D dalvikvm: GC_CONCURRENT freed 442K, 11% free 10452K/11719K, paused 2ms+3ms
07-05 13:09:24.789   545   548 D dalvikvm: GC_CONCURRENT freed 414K, 11% free 10432K/11719K, paused 1ms+2ms
07-05 13:09:24.887   545 29387 I DownloadManager: Initiating request for download 3473
07-05 13:09:24.992   545   548 D dalvikvm: GC_CONCURRENT freed 205K, 9% free 10687K/11719K, paused 2ms+2ms
07-05 13:09:25.094   545   548 D dalvikvm: GC_CONCURRENT freed 338K, 8% free 10841K/11719K, paused 1ms+3ms
07-05 13:09:25.313   545   548 D dalvikvm: GC_CONCURRENT freed 880K, 11% free 10468K/11719K, paused 1ms+2ms
07-05 13:09:25.321  1370 29389 E DictionaryProvider:UpdateHandler: Can't read a file : android.util.MalformedJsonException: Use JsonReader.setLenient(true) to accept malformed JSON at line 1 column 20
07-05 13:09:25.528   545   548 D dalvikvm: GC_CONCURRENT freed 420K, 11% free 10443K/11719K, paused 2ms+2ms
07-05 13:09:25.633   545 29392 I DownloadManager: Initiating request for download 3473
07-05 13:09:25.711   545   548 D dalvikvm: GC_CONCURRENT freed 279K, 10% free 10621K/11719K, paused 2ms+3ms
07-05 13:09:25.813   545   548 D dalvikvm: GC_CONCURRENT freed 301K, 8% free 10798K/11719K, paused 2ms+3ms
07-05 13:09:25.985   156   158 D dalvikvm: GC_CONCURRENT freed 1095K, 12% free 14143K/16007K, paused 2ms+6ms
07-05 13:09:26.043   545   548 D dalvikvm: GC_CONCURRENT freed 766K, 11% free 10502K/11719K, paused 2ms+2ms
07-05 13:09:26.246   545   548 D dalvikvm: GC_CONCURRENT freed 441K, 11% free 10460K/11719K, paused 2ms+2ms
07-05 13:09:26.430   545   548 D dalvikvm: GC_CONCURRENT freed 426K, 12% free 10429K/11719K, paused 1ms+3ms
07-05 13:09:26.500   545 29395 I DownloadManager: Initiating request for download 3474
07-05 13:09:26.606   545   548 D dalvikvm: GC_CONCURRENT freed 198K, 9% free 10690K/11719K, paused 2ms+2ms
07-05 13:09:26.711   545   548 D dalvikvm: GC_CONCURRENT freed 327K, 8% free 10838K/11719K, paused 2ms+3ms
07-05 13:09:26.903  1370 29397 E DictionaryProvider:UpdateHandler: Can't read a file : android.util.MalformedJsonException: Use JsonReader.setLenient(true) to accept malformed JSON at line 1 column 20
07-05 13:09:26.953   545   548 D dalvikvm: GC_CONCURRENT freed 862K, 11% free 10467K/11719K, paused 2ms+3ms
07-05 13:09:27.145   545   548 D dalvikvm: GC_CONCURRENT freed 424K, 11% free 10438K/11719K, paused 2ms+2ms
07-05 13:09:27.246   545 29400 I DownloadManager: Initiating request for download 3474
07-05 13:09:27.336   545   548 D dalvikvm: GC_CONCURRENT freed 285K, 10% free 10611K/11719K, paused 2ms+3ms
07-05 13:09:27.446   545   548 D dalvikvm: GC_CONCURRENT freed 336K, 8% free 10872K/11719K, paused 3ms+3ms
07-05 13:09:27.653   545   548 D dalvikvm: GC_CONCURRENT freed 913K, 11% free 10461K/11719K, paused 2ms+3ms
07-05 13:09:27.836   545   548 D dalvikvm: GC_CONCURRENT freed 409K, 11% free 10440K/11719K, paused 1ms+3ms
07-05 13:09:28.000   545 29403 I DownloadManager: Initiating request for download 3475
07-05 13:09:28.067   545   548 D dalvikvm: GC_CONCURRENT freed 348K, 11% free 10508K/11719K, paused 3ms+4ms
07-05 13:09:28.168   545   548 D dalvikvm: GC_CONCURRENT freed 229K, 9% free 10741K/11719K, paused 2ms+3ms
07-05 13:09:28.301   545   548 D dalvikvm: GC_CONCURRENT freed 476K, 9% free 10742K/11719K, paused 2ms+3ms
07-05 13:09:28.446  1370 29405 E DictionaryProvider:UpdateHandler: Can't read a file : android.util.MalformedJsonException: Use JsonReader.setLenient(true) to accept malformed JSON at line 1 column 20
07-05 13:09:28.551   545   548 D dalvikvm: GC_CONCURRENT freed 740K, 11% free 10459K/11719K, paused 1ms+2ms
07-05 13:09:28.735   545   548 D dalvikvm: GC_CONCURRENT freed 417K, 11% free 10437K/11719K, paused 2ms+2ms
07-05 13:09:28.809   545 29408 I DownloadManager: Initiating request for download 3475
07-05 13:09:28.899   545   548 D dalvikvm: GC_CONCURRENT freed 242K, 9% free 10733K/11719K, paused 1ms+3ms
07-05 13:09:29.004   545   548 D dalvikvm: GC_CONCURRENT freed 375K, 8% free 10842K/11719K, paused 2ms+2ms
07-05 13:09:29.227   545   548 D dalvikvm: GC_CONCURRENT freed 872K, 11% free 10460K/11719K, paused 2ms+3ms
07-05 13:09:29.406   545   548 D dalvikvm: GC_CONCURRENT freed 415K, 11% free 10440K/11719K, paused 1ms+2ms
07-05 13:09:29.543   545 29411 I DownloadManager: Initiating request for download 3476
07-05 13:09:29.621   545   548 D dalvikvm: GC_CONCURRENT freed 280K, 10% free 10617K/11719K, paused 2ms+3ms
07-05 13:09:29.723   545   548 D dalvikvm: GC_CONCURRENT freed 316K, 8% free 10795K/11719K, paused 2ms+3ms
07-05 13:09:29.891   545   548 D dalvikvm: GC_CONCURRENT freed 767K, 11% free 10510K/11719K, paused 2ms+2ms
07-05 13:09:30.020   156   593 D dalvikvm: GC_EXPLICIT freed 232K, 13% free 14069K/16007K, paused 2ms+4ms
07-05 13:09:30.028  1370 29413 E DictionaryProvider:UpdateHandler: Can't read a file : android.util.MalformedJsonException: Use JsonReader.setLenient(true) to accept malformed JSON at line 1 column 20
07-05 13:09:30.176   545   548 D dalvikvm: GC_CONCURRENT freed 441K, 11% free 10461K/11719K, paused 2ms+3ms
07-05 13:09:30.356   545   548 D dalvikvm: GC_CONCURRENT freed 417K, 11% free 10431K/11719K, paused 1ms+3ms
07-05 13:09:30.403   545 29416 I DownloadManager: Initiating request for download 3476
07-05 13:09:30.496   545   548 D dalvikvm: GC_CONCURRENT freed 205K, 9% free 10683K/11719K, paused 2ms+3ms
07-05 13:09:30.602   545   548 D dalvikvm: GC_CONCURRENT freed 291K, 8% free 10841K/11719K, paused 2ms+2ms
07-05 13:09:30.828   545   548 D dalvikvm: GC_CONCURRENT freed 874K, 11% free 10457K/11719K, paused 1ms+2ms
07-05 13:09:31.016   545   548 D dalvikvm: GC_CONCURRENT freed 413K, 11% free 10440K/11719K, paused 2ms+2ms
07-05 13:09:31.160   545 29419 I DownloadManager: Initiating request for download 3477
07-05 13:09:31.219   545   548 D dalvikvm: GC_CONCURRENT freed 315K, 11% free 10509K/11719K, paused 2ms+2ms
07-05 13:09:31.317   545   548 D dalvikvm: GC_CONCURRENT freed 227K, 9% free 10742K/11719K, paused 2ms+3ms
07-05 13:09:31.438   545   548 D dalvikvm: GC_CONCURRENT freed 482K, 9% free 10739K/11719K, paused 2ms+2ms
07-05 13:09:31.598  1370 29421 E DictionaryProvider:UpdateHandler: Can't read a file : android.util.MalformedJsonException: Use JsonReader.setLenient(true) to accept malformed JSON at line 1 column 20
07-05 13:09:31.625  1370  1372 D dalvikvm: GC_CONCURRENT freed 494K, 7% free 9141K/9735K, paused 1ms+2ms
07-05 13:09:31.719   545   548 D dalvikvm: GC_CONCURRENT freed 734K, 11% free 10461K/11719K, paused 2ms+2ms
07-05 13:09:31.906   545   548 D dalvikvm: GC_CONCURRENT freed 414K, 11% free 10436K/11719K, paused 2ms+3ms
07-05 13:09:31.985   545 29424 I DownloadManager: Initiating request for download 3477
07-05 13:09:32.074   545   548 D dalvikvm: GC_CONCURRENT freed 253K, 10% free 10659K/11719K, paused 2ms+3ms
07-05 13:09:32.176   545   548 D dalvikvm: GC_CONCURRENT freed 296K, 8% free 10822K/11719K, paused 2ms+3ms
07-05 13:09:32.363   545   548 D dalvikvm: GC_CONCURRENT freed 815K, 11% free 10490K/11719K, paused 2ms+3ms
07-05 13:09:32.543   545   548 D dalvikvm: GC_CONCURRENT freed 409K, 11% free 10476K/11719K, paused 2ms+2ms
07-05 13:09:34.176   545 29427 I DownloadManager: Initiating request for download 3478
07-05 13:09:34.254   545   548 D dalvikvm: GC_CONCURRENT freed 413K, 11% free 10467K/11719K, paused 3ms+2ms
07-05 13:09:34.367   545   548 D dalvikvm: GC_CONCURRENT freed 201K, 9% free 10726K/11719K, paused 1ms+3ms
07-05 13:09:34.485   545   548 D dalvikvm: GC_CONCURRENT freed 452K, 9% free 10746K/11719K, paused 1ms+2ms
07-05 13:09:34.660  1370 29429 E DictionaryProvider:UpdateHandler: Can't read a file : android.util.MalformedJsonException: Use JsonReader.setLenient(true) to accept malformed JSON at line 1 column 20
07-05 13:09:34.750   545   548 D dalvikvm: GC_CONCURRENT freed 734K, 11% free 10484K/11719K, paused 2ms+2ms
07-05 13:09:34.930   545   548 D dalvikvm: GC_CONCURRENT freed 436K, 11% free 10443K/11719K, paused 2ms+3ms
07-05 13:09:35.016   545 29432 I DownloadManager: Initiating request for download 3478
07-05 13:09:35.106   545   548 D dalvikvm: GC_CONCURRENT freed 263K, 10% free 10639K/11719K, paused 2ms+2ms
07-05 13:09:35.211   545   548 D dalvikvm: GC_CONCURRENT freed 321K, 8% free 10830K/11719K, paused 2ms+3ms
07-05 13:09:35.406   545   548 D dalvikvm: GC_CONCURRENT freed 815K, 11% free 10501K/11719K, paused 2ms+2ms
07-05 13:09:35.606   545   548 D dalvikvm: GC_CONCURRENT freed 443K, 11% free 10453K/11719K, paused 2ms+3ms
07-05 13:09:35.836   545   548 D dalvikvm: GC_CONCURRENT freed 396K, 11% free 10469K/11719K, paused 2ms+3ms
07-05 13:09:35.836   545 29435 I DownloadManager: Initiating request for download 3479
07-05 13:09:35.965   545   548 D dalvikvm: GC_CONCURRENT freed 185K, 9% free 10718K/11719K, paused 1ms+3ms
07-05 13:09:36.074   545   548 D dalvikvm: GC_CONCURRENT freed 440K, 9% free 10748K/11719K, paused 2ms+2ms
07-05 13:09:36.242  1370 29437 E DictionaryProvider:UpdateHandler: Can't read a file : android.util.MalformedJsonException: Use JsonReader.setLenient(true) to accept malformed JSON at line 1 column 20
07-05 13:09:36.324   545   548 D dalvikvm: GC_CONCURRENT freed 728K, 11% free 10474K/11719K, paused 1ms+2ms
07-05 13:09:36.504   545   548 D dalvikvm: GC_CONCURRENT freed 422K, 11% free 10446K/11719K, paused 2ms+2ms
07-05 13:09:36.613   545 29440 I DownloadManager: Initiating request for download 3479
07-05 13:09:36.746   545   548 D dalvikvm: GC_CONCURRENT freed 330K, 11% free 10515K/11719K, paused 2ms+2ms
07-05 13:09:36.836   545   548 D dalvikvm: GC_CONCURRENT freed 252K, 9% free 10734K/11719K, paused 2ms+3ms
07-05 13:09:36.942   545   548 D dalvikvm: GC_CONCURRENT freed 465K, 9% free 10745K/11719K, paused 2ms+2ms
07-05 13:09:37.164   545   548 D dalvikvm: GC_CONCURRENT freed 744K, 11% free 10459K/11719K, paused 1ms+2ms
07-05 13:09:37.348   545   548 D dalvikvm: GC_CONCURRENT freed 413K, 11% free 10441K/11719K, paused 2ms+3ms
07-05 13:09:37.426   545 29443 I DownloadManager: Initiating request for download 3480
07-05 13:09:37.547   545   548 D dalvikvm: GC_CONCURRENT freed 207K, 9% free 10691K/11719K, paused 2ms+2ms
07-05 13:09:37.637   545   548 D dalvikvm: GC_CONCURRENT freed 339K, 8% free 10855K/11719K, paused 2ms+2ms
07-05 13:09:37.809  1370 29445 E DictionaryProvider:UpdateHandler: Can't read a file : android.util.MalformedJsonException: Use JsonReader.setLenient(true) to accept malformed JSON at line 1 column 20
07-05 13:09:37.895   545   548 D dalvikvm: GC_CONCURRENT freed 869K, 11% free 10486K/11719K, paused 2ms+2ms
07-05 13:09:38.078   545   548 D dalvikvm: GC_CONCURRENT freed 423K, 11% free 10453K/11719K, paused 2ms+2ms
07-05 13:09:38.192   545 29448 I DownloadManager: Initiating request for download 3480
07-05 13:09:38.289   545   548 D dalvikvm: GC_CONCURRENT freed 296K, 10% free 10614K/11719K, paused 2ms+3ms
07-05 13:09:38.387   545   548 D dalvikvm: GC_CONCURRENT freed 329K, 9% free 10777K/11719K, paused 2ms+3ms
07-05 13:09:38.516   545   548 D dalvikvm: GC_CONCURRENT freed 738K, 11% free 10509K/11719K, paused 2ms+3ms
07-05 13:09:38.727   545   548 D dalvikvm: GC_CONCURRENT freed 434K, 11% free 10466K/11719K, paused 1ms+2ms
07-05 13:09:38.910   545   548 D dalvikvm: GC_CONCURRENT freed 416K, 11% free 10444K/11719K, paused 2ms+2ms
07-05 13:09:38.996   545 29451 I DownloadManager: Initiating request for download 3481
07-05 13:09:39.102   545   548 D dalvikvm: GC_CONCURRENT freed 212K, 9% free 10691K/11719K, paused 2ms+3ms
07-05 13:09:39.215   545   548 D dalvikvm: GC_CONCURRENT freed 341K, 8% free 10856K/11719K, paused 2ms+3ms
07-05 13:09:39.391  1370 29453 E DictionaryProvider:UpdateHandler: Can't read a file : android.util.MalformedJsonException: Use JsonReader.setLenient(true) to accept malformed JSON at line 1 column 20
07-05 13:09:39.449  1370  1372 D dalvikvm: GC_CONCURRENT freed 401K, 7% free 9131K/9735K, paused 1ms+4ms
07-05 13:09:39.485   545   548 D dalvikvm: GC_CONCURRENT freed 879K, 11% free 10482K/11719K, paused 2ms+3ms
07-05 13:09:39.664   545   548 D dalvikvm: GC_CONCURRENT freed 425K, 11% free 10453K/11719K, paused 2ms+2ms
07-05 13:09:39.778   545 29456 I DownloadManager: Initiating request for download 3481
07-05 13:09:39.863   545   548 D dalvikvm: GC_CONCURRENT freed 292K, 10% free 10618K/11719K, paused 2ms+3ms
07-05 13:09:39.961   545   548 D dalvikvm: GC_CONCURRENT freed 303K, 8% free 10792K/11719K, paused 2ms+3ms
07-05 13:09:40.106   545   548 D dalvikvm: GC_CONCURRENT freed 744K, 11% free 10514K/11719K, paused 2ms+3ms
07-05 13:09:40.309   545   548 D dalvikvm: GC_CONCURRENT freed 437K, 11% free 10467K/11719K, paused 2ms+2ms
07-05 13:09:40.492   545   548 D dalvikvm: GC_CONCURRENT freed 414K, 11% free 10447K/11719K, paused 2ms+3ms
07-05 13:09:40.586   545 29459 I DownloadManager: Initiating request for download 3482
07-05 13:09:40.688   545   548 D dalvikvm: GC_CONCURRENT freed 222K, 9% free 10685K/11719K, paused 2ms+3ms
07-05 13:09:40.789   545   548 D dalvikvm: GC_CONCURRENT freed 331K, 8% free 10860K/11719K, paused 1ms+2ms
07-05 13:09:41.004   545   548 D dalvikvm: GC_CONCURRENT freed 882K, 11% free 10476K/11719K, paused 2ms+3ms
07-05 13:09:41.039  1370 29461 E DictionaryProvider:UpdateHandler: Can't read a file : android.util.MalformedJsonException: Use JsonReader.setLenient(true) to accept malformed JSON at line 1 column 20
07-05 13:09:41.227   545   548 D dalvikvm: GC_CONCURRENT freed 409K, 11% free 10462K/11719K, paused 2ms+2ms
07-05 13:09:41.344   545 29464 I DownloadManager: Initiating request for download 3482
07-05 13:09:41.395   545   548 D dalvikvm: GC_CONCURRENT freed 327K, 11% free 10524K/11719K, paused 2ms+2ms
07-05 13:09:41.500   545   548 D dalvikvm: GC_CONCURRENT freed 223K, 9% free 10760K/11719K, paused 1ms+3ms
07-05 13:09:41.617   545   548 D dalvikvm: GC_CONCURRENT freed 485K, 9% free 10760K/11719K, paused 2ms+2ms
07-05 13:09:41.852   545   548 D dalvikvm: GC_CONCURRENT freed 753K, 11% free 10469K/11719K, paused 2ms+2ms
07-05 13:09:42.031   545   548 D dalvikvm: GC_CONCURRENT freed 404K, 11% free 10453K/11719K, paused 2ms+2ms
07-05 13:09:42.133   545 29467 I DownloadManager: Initiating request for download 3483
07-05 13:09:42.235   545   548 D dalvikvm: GC_CONCURRENT freed 219K, 10% free 10664K/11719K, paused 2ms+3ms
07-05 13:09:42.332   545   548 D dalvikvm: GC_CONCURRENT freed 313K, 8% free 10827K/11719K, paused 2ms+2ms
07-05 13:09:42.508   545   548 D dalvikvm: GC_CONCURRENT freed 801K, 11% free 10515K/11719K, paused 2ms+2ms
07-05 13:09:42.574  1370 29469 E DictionaryProvider:UpdateHandler: Can't read a file : android.util.MalformedJsonException: Use JsonReader.setLenient(true) to accept malformed JSON at line 1 column 20
07-05 13:09:42.727   545   548 D dalvikvm: GC_CONCURRENT freed 437K, 11% free 10473K/11719K, paused 2ms+3ms
07-05 13:09:42.899   545   548 D dalvikvm: GC_CONCURRENT freed 416K, 11% free 10449K/11719K, paused 2ms+3ms
07-05 13:09:42.922   545 29472 I DownloadManager: Initiating request for download 3483
07-05 13:09:43.031   545   548 D dalvikvm: GC_CONCURRENT freed 181K, 9% free 10727K/11719K, paused 2ms+3ms
07-05 13:09:43.141   545   548 D dalvikvm: GC_CONCURRENT freed 437K, 9% free 10779K/11719K, paused 2ms+2ms
07-05 13:09:43.360   545   548 D dalvikvm: GC_CONCURRENT freed 766K, 11% free 10477K/11719K, paused 2ms+2ms
07-05 13:09:43.551   545   548 D dalvikvm: GC_CONCURRENT freed 416K, 11% free 10456K/11719K, paused 2ms+3ms
07-05 13:09:43.680   545 29475 I DownloadManager: Initiating request for download 3484
07-05 13:09:43.774   545   548 D dalvikvm: GC_CONCURRENT freed 274K, 10% free 10640K/11719K, paused 2ms+3ms
07-05 13:09:43.867   545   548 D dalvikvm: GC_CONCURRENT freed 312K, 8% free 10815K/11719K, paused 2ms+3ms
07-05 13:09:44.031   545   548 D dalvikvm: GC_CONCURRENT freed 775K, 11% free 10521K/11719K, paused 1ms+3ms
07-05 13:09:44.098  1370 29477 E DictionaryProvider:UpdateHandler: Can't read a file : android.util.MalformedJsonException: Use JsonReader.setLenient(true) to accept malformed JSON at line 1 column 20
07-05 13:09:44.266   545   548 D dalvikvm: GC_CONCURRENT freed 428K, 11% free 10482K/11719K, paused 2ms+2ms
07-05 13:09:44.465   545   548 D dalvikvm: GC_CONCURRENT freed 423K, 11% free 10454K/11719K, paused 2ms+2ms
07-05 13:09:44.512   545 29480 I DownloadManager: Initiating request for download 3484
07-05 13:09:44.586   156   514 D dalvikvm: GC_EXPLICIT freed 464K, 13% free 14086K/16007K, paused 3ms+5ms
07-05 13:09:44.668   545   548 D dalvikvm: GC_CONCURRENT freed 210K, 9% free 10703K/11719K, paused 2ms+3ms
07-05 13:09:44.774   545   548 D dalvikvm: GC_CONCURRENT freed 327K, 8% free 10855K/11719K, paused 1ms+3ms
07-05 13:09:45.004   545   548 D dalvikvm: GC_CONCURRENT freed 886K, 11% free 10464K/11719K, paused 2ms+3ms
07-05 13:09:45.188   545   548 D dalvikvm: GC_CONCURRENT freed 412K, 11% free 10447K/11719K, paused 2ms+2ms
07-05 13:09:45.387   545 29483 D dalvikvm: GC_EXPLICIT freed 299K, 11% free 10480K/11719K, paused 1ms+6ms
07-05 13:09:45.395   545 29483 I DownloadManager: Initiating request for download 3485
07-05 13:09:45.512   545   548 D dalvikvm: GC_CONCURRENT freed 274K, 9% free 10717K/11719K, paused 1ms+3ms
07-05 13:09:45.617   545   548 D dalvikvm: GC_CONCURRENT freed 345K, 8% free 10851K/11719K, paused 1ms+2ms
07-05 13:09:45.840   545   548 D dalvikvm: GC_CONCURRENT freed 887K, 11% free 10468K/11719K, paused 2ms+3ms
07-05 13:09:45.856  1370 29485 E DictionaryProvider:UpdateHandler: Can't read a file : android.util.MalformedJsonException: Use JsonReader.setLenient(true) to accept malformed JSON at line 1 column 20
07-05 13:09:45.887  1370  1372 D dalvikvm: GC_CONCURRENT freed 391K, 7% free 9128K/9735K, paused 2ms+2ms
07-05 13:09:46.071   545   548 D dalvikvm: GC_CONCURRENT freed 412K, 11% free 10447K/11719K, paused 2ms+3ms
07-05 13:09:46.129   545 29488 I DownloadManager: Initiating request for download 3485
07-05 13:09:46.211   545   548 D dalvikvm: GC_CONCURRENT freed 219K, 9% free 10668K/11719K, paused 2ms+3ms
07-05 13:09:46.324   545   548 D dalvikvm: GC_CONCURRENT freed 329K, 8% free 10875K/11719K, paused 2ms+3ms
07-05 13:09:46.555   545   548 D dalvikvm: GC_CONCURRENT freed 909K, 11% free 10476K/11719K, paused 2ms+3ms
07-05 13:09:46.738   545   548 D dalvikvm: GC_CONCURRENT freed 423K, 11% free 10448K/11719K, paused 2ms+2ms
07-05 13:09:46.875   545 29491 I DownloadManager: Initiating request for download 3486
07-05 13:09:46.957   545   548 D dalvikvm: GC_CONCURRENT freed 295K, 10% free 10598K/11719K, paused 2ms+4ms
07-05 13:09:47.059   545   548 D dalvikvm: GC_CONCURRENT freed 295K, 8% free 10790K/11719K, paused 2ms+3ms
07-05 13:09:47.196   545   548 D dalvikvm: GC_CONCURRENT freed 756K, 11% free 10512K/11719K, paused 2ms+3ms
07-05 13:09:47.278  1370 29493 E DictionaryProvider:UpdateHandler: Can't read a file : android.util.MalformedJsonException: Use JsonReader.setLenient(true) to accept malformed JSON at line 1 column 20
07-05 13:09:47.434   545   548 D dalvikvm: GC_CONCURRENT freed 429K, 11% free 10470K/11719K, paused 2ms+3ms
07-05 13:09:47.613   545   548 D dalvikvm: GC_CONCURRENT freed 420K, 11% free 10446K/11719K, paused 2ms+2ms
07-05 13:09:47.684   545 29496 I DownloadManager: Initiating request for download 3486
07-05 13:09:47.781   545   548 D dalvikvm: GC_CONCURRENT freed 231K, 9% free 10670K/11719K, paused 2ms+3ms
07-05 13:09:47.883   545   548 D dalvikvm: GC_CONCURRENT freed 346K, 8% free 10835K/11719K, paused 1ms+3ms
07-05 13:09:48.059   545   548 D dalvikvm: GC_CONCURRENT freed 809K, 11% free 10508K/11719K, paused 2ms+2ms
07-05 13:09:48.250   545   548 D dalvikvm: GC_CONCURRENT freed 403K, 11% free 10492K/11719K, paused 1ms+2ms
07-05 13:09:48.731   545 29498 I DownloadManager: Initiating request for download 3487
07-05 13:09:48.821   545   548 D dalvikvm: GC_CONCURRENT freed 398K, 11% free 10532K/11719K, paused 2ms+3ms
07-05 13:09:48.922   545   548 D dalvikvm: GC_CONCURRENT freed 233K, 9% free 10759K/11719K, paused 2ms+3ms
07-05 13:09:49.055   545   548 D dalvikvm: GC_CONCURRENT freed 487K, 9% free 10761K/11719K, paused 2ms+2ms
07-05 13:09:49.278   545   548 D dalvikvm: GC_CONCURRENT freed 755K, 11% free 10470K/11719K, paused 3ms+3ms
07-05 13:09:49.356  1370 29501 E DictionaryProvider:UpdateHandler: Can't read a file : android.util.MalformedJsonException: Use JsonReader.setLenient(true) to accept malformed JSON at line 1 column 20
07-05 13:09:49.485   545   548 D dalvikvm: GC_CONCURRENT freed 406K, 11% free 10460K/11719K, paused 1ms+2ms
07-05 13:09:49.563   545 29503 I DownloadManager: Initiating request for download 3487
07-05 13:09:49.633   545   548 D dalvikvm: GC_CONCURRENT freed 249K, 9% free 10670K/11719K, paused 2ms+2ms
07-05 13:09:49.723   545   548 D dalvikvm: GC_CONCURRENT freed 305K, 8% free 10849K/11719K, paused 2ms+3ms
07-05 13:09:50.465   545   548 D dalvikvm: GC_CONCURRENT freed 859K, 11% free 10478K/11719K, paused 2ms+3ms
07-05 13:09:50.645   545   548 D dalvikvm: GC_CONCURRENT freed 411K, 11% free 10461K/11719K, paused 2ms+2ms
07-05 13:09:50.860   545 29507 I DownloadManager: Initiating request for download 3488
07-05 13:09:50.860   545   548 D dalvikvm: GC_CONCURRENT freed 395K, 11% free 10497K/11719K, paused 2ms+4ms
07-05 13:09:50.988   545   548 D dalvikvm: GC_CONCURRENT freed 210K, 9% free 10746K/11719K, paused 2ms+3ms
07-05 13:09:51.106   545   548 D dalvikvm: GC_CONCURRENT freed 464K, 9% free 10763K/11719K, paused 2ms+2ms
07-05 13:09:51.258  1370 29509 E DictionaryProvider:UpdateHandler: Can't read a file : android.util.MalformedJsonException: Use JsonReader.setLenient(true) to accept malformed JSON at line 1 column 20
07-05 13:09:51.360   545   548 D dalvikvm: GC_CONCURRENT freed 748K, 11% free 10478K/11719K, paused 2ms+2ms
07-05 13:09:51.543   545   548 D dalvikvm: GC_CONCURRENT freed 418K, 11% free 10455K/11719K, paused 2ms+2ms
07-05 13:09:51.637   545 29512 I DownloadManager: Initiating request for download 3488
07-05 13:09:51.715   545   548 D dalvikvm: GC_CONCURRENT freed 263K, 10% free 10650K/11719K, paused 2ms+3ms
07-05 13:09:51.821   545   548 D dalvikvm: GC_CONCURRENT freed 323K, 8% free 10832K/11719K, paused 2ms+4ms
07-05 13:09:52.000   545   548 D dalvikvm: GC_CONCURRENT freed 804K, 11% free 10517K/11719K, paused 2ms+3ms
07-05 13:09:52.199   545   548 D dalvikvm: GC_CONCURRENT freed 440K, 11% free 10467K/11719K, paused 2ms+2ms
07-05 13:09:52.371   545   548 D dalvikvm: GC_CONCURRENT freed 404K, 11% free 10452K/11719K, paused 2ms+2ms
07-05 13:09:52.457   545 29515 I DownloadManager: Initiating request for download 3489
07-05 13:09:52.571   545   548 D dalvikvm: GC_CONCURRENT freed 184K, 9% free 10727K/11719K, paused 2ms+3ms
07-05 13:09:52.684   545   548 D dalvikvm: GC_CONCURRENT freed 432K, 9% free 10768K/11719K, paused 2ms+3ms
07-05 13:09:52.840  1370 29517 E DictionaryProvider:UpdateHandler: Can't read a file : android.util.MalformedJsonException: Use JsonReader.setLenient(true) to accept malformed JSON at line 1 column 20
07-05 13:09:52.875  1370  1404 D dalvikvm: GC_EXPLICIT freed 385K, 7% free 9124K/9735K, paused 2ms+2ms
07-05 13:09:52.957   545   548 D dalvikvm: GC_CONCURRENT freed 745K, 11% free 10489K/11719K, paused 2ms+2ms
07-05 13:09:53.145   545   548 D dalvikvm: GC_CONCURRENT freed 425K, 11% free 10468K/11719K, paused 2ms+2ms
07-05 13:09:53.274   545 29520 I DownloadManager: Initiating request for download 3489
07-05 13:09:53.348   545   548 D dalvikvm: GC_CONCURRENT freed 317K, 10% free 10609K/11719K, paused 2ms+3ms
07-05 13:09:53.449   545   548 D dalvikvm: GC_CONCURRENT freed 298K, 8% free 10803K/11719K, paused 2ms+3ms
07-05 13:09:53.598   545   548 D dalvikvm: GC_CONCURRENT freed 759K, 11% free 10525K/11719K, paused 1ms+3ms
07-05 13:09:53.801   545   548 D dalvikvm: GC_CONCURRENT freed 446K, 11% free 10475K/11719K, paused 1ms+2ms
07-05 13:09:53.985   545   548 D dalvikvm: GC_CONCURRENT freed 408K, 11% free 10455K/11719K, paused 1ms+2ms
07-05 13:09:54.074   545 29523 I DownloadManager: Initiating request for download 3490
07-05 13:09:54.176   545   548 D dalvikvm: GC_CONCURRENT freed 222K, 9% free 10691K/11719K, paused 1ms+3ms
07-05 13:09:54.281   545   548 D dalvikvm: GC_CONCURRENT freed 348K, 8% free 10874K/11719K, paused 2ms+3ms
07-05 13:09:54.520  1370 29525 E DictionaryProvider:UpdateHandler: Can't read a file : android.util.MalformedJsonException: Use JsonReader.setLenient(true) to accept malformed JSON at line 1 column 20
07-05 13:09:54.543   545   548 D dalvikvm: GC_CONCURRENT freed 904K, 11% free 10500K/11719K, paused 2ms+2ms
07-05 13:09:54.746   545   548 D dalvikvm: GC_CONCURRENT freed 427K, 11% free 10468K/11719K, paused 2ms+2ms
07-05 13:09:54.852   545 29528 I DownloadManager: Initiating request for download 3490
07-05 13:09:54.938   545   548 D dalvikvm: GC_CONCURRENT freed 299K, 10% free 10626K/11719K, paused 2ms+3ms
07-05 13:09:55.035   545   548 D dalvikvm: GC_CONCURRENT freed 309K, 8% free 10813K/11719K, paused 2ms+4ms
07-05 13:09:55.203   545   548 D dalvikvm: GC_CONCURRENT freed 776K, 11% free 10522K/11719K, paused 2ms+3ms
07-05 13:09:55.414   545   548 D dalvikvm: GC_CONCURRENT freed 443K, 11% free 10475K/11719K, paused 2ms+2ms
07-05 13:09:55.598   545   548 D dalvikvm: GC_CONCURRENT freed 413K, 11% free 10456K/11719K, paused 2ms+2ms
07-05 13:09:55.684   545 29531 I DownloadManager: Initiating request for download 3491
07-05 13:09:55.785   545   548 D dalvikvm: GC_CONCURRENT freed 212K, 9% free 10705K/11719K, paused 2ms+3ms
07-05 13:09:55.887   545   548 D dalvikvm: GC_CONCURRENT freed 341K, 8% free 10875K/11719K, paused 2ms+3ms
07-05 13:09:56.110  1370 29533 E DictionaryProvider:UpdateHandler: Can't read a file : android.util.MalformedJsonException: Use JsonReader.setLenient(true) to accept malformed JSON at line 1 column 20
07-05 13:09:56.133   545   548 D dalvikvm: GC_CONCURRENT freed 897K, 11% free 10500K/11719K, paused 2ms+3ms
07-05 13:09:56.328   545   548 D dalvikvm: GC_CONCURRENT freed 422K, 11% free 10469K/11719K, paused 1ms+2ms
07-05 13:09:56.438   545 29536 I DownloadManager: Initiating request for download 3491
07-05 13:09:56.516   545   548 D dalvikvm: GC_CONCURRENT freed 300K, 10% free 10627K/11719K, paused 2ms+3ms
07-05 13:09:56.617   545   548 D dalvikvm: GC_CONCURRENT freed 308K, 8% free 10815K/11719K, paused 2ms+4ms
07-05 13:09:56.774   545   548 D dalvikvm: GC_CONCURRENT freed 770K, 11% free 10537K/11719K, paused 1ms+3ms
07-05 13:09:56.965   545   548 D dalvikvm: GC_CONCURRENT freed 454K, 11% free 10479K/11719K, paused 2ms+2ms
07-05 13:09:57.149   545   548 D dalvikvm: GC_CONCURRENT freed 415K, 11% free 10458K/11719K, paused 2ms+2ms
07-05 13:09:57.254   545 29539 I DownloadManager: Initiating request for download 3492
07-05 13:09:57.363   545   548 D dalvikvm: GC_CONCURRENT freed 209K, 9% free 10707K/11719K, paused 2ms+3ms
07-05 13:09:57.473   545   548 D dalvikvm: GC_CONCURRENT freed 359K, 8% free 10893K/11719K, paused 1ms+3ms
07-05 13:09:57.653  1370 29541 E DictionaryProvider:UpdateHandler: Can't read a file : android.util.MalformedJsonException: Use JsonReader.setLenient(true) to accept malformed JSON at line 1 column 20
07-05 13:09:57.731   545   548 D dalvikvm: GC_CONCURRENT freed 901K, 11% free 10496K/11719K, paused 2ms+3ms
07-05 13:09:57.914   545   548 D dalvikvm: GC_CONCURRENT freed 420K, 11% free 10468K/11719K, paused 2ms+2ms
07-05 13:09:58.024   545 29544 I DownloadManager: Initiating request for download 3492
07-05 13:09:58.110   545   548 D dalvikvm: GC_CONCURRENT freed 307K, 10% free 10655K/11719K, paused 2ms+3ms
07-05 13:09:58.211   545   548 D dalvikvm: GC_CONCURRENT freed 322K, 8% free 10837K/11719K, paused 1ms+3ms
07-05 13:09:58.391   545   548 D dalvikvm: GC_CONCURRENT freed 803K, 11% free 10537K/11719K, paused 2ms+2ms
07-05 13:09:58.590   545   548 D dalvikvm: GC_CONCURRENT freed 455K, 11% free 10478K/11719K, paused 2ms+3ms
07-05 13:09:58.781   545   548 D dalvikvm: GC_CONCURRENT freed 413K, 11% free 10459K/11719K, paused 2ms+2ms
07-05 13:09:58.832   545 29547 I DownloadManager: Initiating request for download 3493
07-05 13:09:58.910   156   593 D dalvikvm: GC_EXPLICIT freed 488K, 13% free 14084K/16007K, paused 3ms+6ms
07-05 13:09:59.012   545   548 D dalvikvm: GC_CONCURRENT freed 183K, 9% free 10734K/11719K, paused 1ms+3ms
07-05 13:09:59.106   545   548 D dalvikvm: GC_CONCURRENT freed 447K, 9% free 10763K/11719K, paused 2ms+2ms
07-05 13:09:59.324  1370 29549 E DictionaryProvider:UpdateHandler: Can't read a file : android.util.MalformedJsonException: Use JsonReader.setLenient(true) to accept malformed JSON at line 1 column 20
07-05 13:09:59.332   545   548 D dalvikvm: GC_CONCURRENT freed 758K, 11% free 10485K/11719K, paused 1ms+3ms
07-05 13:09:59.375  1370  1372 D dalvikvm: GC_CONCURRENT freed 386K, 7% free 9135K/9735K, paused 1ms+6ms
07-05 13:09:59.449   465   467 D dalvikvm: GC_CONCURRENT freed 421K, 6% free 10525K/11079K, paused 2ms+2ms
07-05 13:09:59.586   545   548 D dalvikvm: GC_CONCURRENT freed 422K, 11% free 10458K/11719K, paused 2ms+2ms
07-05 13:09:59.703   545 29552 I DownloadManager: Initiating request for download 3493
07-05 13:09:59.754   545   548 D dalvikvm: GC_CONCURRENT freed 320K, 11% free 10524K/11719K, paused 2ms+3ms
07-05 13:09:59.863   545   548 D dalvikvm: GC_CONCURRENT freed 223K, 9% free 10760K/11719K, paused 1ms+3ms
07-05 13:09:59.981   545   548 D dalvikvm: GC_CONCURRENT freed 464K, 9% free 10764K/11719K, paused 2ms+2ms
07-05 13:10:00.235   545   548 D dalvikvm: GC_CONCURRENT freed 752K, 11% free 10472K/11719K, paused 2ms+2ms
07-05 13:10:00.418   545   548 D dalvikvm: GC_CONCURRENT freed 407K, 11% free 10456K/11719K, paused 2ms+2ms
07-05 13:10:00.531   545 29555 I DownloadManager: Initiating request for download 3494
07-05 13:10:00.625   545   548 D dalvikvm: GC_CONCURRENT freed 256K, 10% free 10658K/11719K, paused 2ms+3ms
07-05 13:10:00.727   545   548 D dalvikvm: GC_CONCURRENT freed 336K, 8% free 10827K/11719K, paused 2ms+3ms
07-05 13:10:00.899   545   548 D dalvikvm: GC_CONCURRENT freed 799K, 11% free 10514K/11719K, paused 2ms+2ms
07-05 13:10:00.961  1370 29557 E DictionaryProvider:UpdateHandler: Can't read a file : android.util.MalformedJsonException: Use JsonReader.setLenient(true) to accept malformed JSON at line 1 column 20
07-05 13:10:01.141   545   548 D dalvikvm: GC_CONCURRENT freed 436K, 11% free 10484K/11719K, paused 2ms+3ms
07-05 13:10:01.324   545   548 D dalvikvm: GC_CONCURRENT freed 430K, 11% free 10449K/11719K, paused 2ms+2ms
07-05 13:10:01.348   545 29560 I DownloadManager: Initiating request for download 3494
07-05 13:10:01.446   545   548 D dalvikvm: GC_CONCURRENT freed 181K, 9% free 10727K/11719K, paused 1ms+3ms
07-05 13:10:01.563   545   548 D dalvikvm: GC_CONCURRENT freed 431K, 8% free 10788K/11719K, paused 2ms+3ms
07-05 13:10:01.785   545   548 D dalvikvm: GC_CONCURRENT freed 779K, 11% free 10479K/11719K, paused 2ms+3ms
07-05 13:10:01.961   545   548 D dalvikvm: GC_CONCURRENT freed 418K, 11% free 10456K/11719K, paused 2ms+2ms
07-05 13:10:02.102   545 29563 I DownloadManager: Initiating request for download 3495
07-05 13:10:02.188   545   548 D dalvikvm: GC_CONCURRENT freed 284K, 10% free 10639K/11719K, paused 2ms+3ms
07-05 13:10:02.293   545   548 D dalvikvm: GC_CONCURRENT freed 331K, 8% free 10833K/11719K, paused 2ms+4ms
07-05 13:10:02.391   993  1240 I PhoneLab-: Service Running
07-05 13:10:02.430   993  1240 I PhoneLab-LoggerService: app_49    1247  993   1956   1584  c00ab7c8 40010474 D logcat
07-05 13:10:02.430   993  1240 I PhoneLab-LoggerService: Logcat pid from database 1247
07-05 13:10:02.430   993  1240 I PhoneLab-LoggerService: Logcat process found 1247
07-05 13:10:02.430   993  1240 I PhoneLab-LoggerService: Checking Threshold
07-05 13:10:02.434   993  1240 I PhoneLab-LoggerService: Starting to rename files
07-05 13:10:02.442   993  1240 I PhoneLab-LoggerService: Files found .. 30
07-05 13:10:02.442   993  1240 I PhoneLab-LoggerService: File 1 log.out.1
07-05 13:10:02.453   993   995 D dalvikvm: GC_CONCURRENT freed 939K, 15% free 9151K/10695K, paused 2ms+1ms
07-05 13:10:02.465   993  1240 I PhoneLab-LoggerService: Renamed successfully
07-05 13:10:02.531   545   548 D dalvikvm: GC_CONCURRENT freed 802K, 11% free 10522K/11719K, paused 2ms+2ms
07-05 13:10:02.606  1370 29566 E DictionaryProvider:UpdateHandler: Can't read a file : android.util.MalformedJsonException: Use JsonReader.setLenient(true) to accept malformed JSON at line 1 column 20
07-05 13:10:02.758   545   548 D dalvikvm: GC_CONCURRENT freed 439K, 11% free 10479K/11719K, paused 2ms+2ms
07-05 13:10:02.946   545   548 D dalvikvm: GC_CONCURRENT freed 421K, 11% free 10464K/11719K, paused 2ms+2ms
07-05 13:10:02.981   545 29569 I DownloadManager: Initiating request for download 3495
07-05 13:10:03.082   545   548 D dalvikvm: GC_CONCURRENT freed 208K, 9% free 10714K/11719K, paused 2ms+2ms
07-05 13:10:03.184   545   548 D dalvikvm: GC_CONCURRENT freed 331K, 8% free 10876K/11719K, paused 2ms+3ms
07-05 13:10:03.414   545   548 D dalvikvm: GC_CONCURRENT freed 900K, 11% free 10479K/11719K, paused 2ms+2ms
07-05 13:10:03.598   545   548 D dalvikvm: GC_CONCURRENT freed 413K, 11% free 10461K/11719K, paused 2ms+2ms
07-05 13:10:03.750   545 29572 I DownloadManager: Initiating request for download 3496
07-05 13:10:03.828   545   548 D dalvikvm: GC_CONCURRENT freed 287K, 10% free 10617K/11719K, paused 2ms+3ms
07-05 13:10:03.930   545   548 D dalvikvm: GC_CONCURRENT freed 301K, 8% free 10809K/11719K, paused 2ms+3ms
07-05 13:10:04.082   545   548 D dalvikvm: GC_CONCURRENT freed 763K, 11% free 10526K/11719K, paused 2ms+2ms
07-05 13:10:04.153  1370 29574 E DictionaryProvider:UpdateHandler: Can't read a file : android.util.MalformedJsonException: Use JsonReader.setLenient(true) to accept malformed JSON at line 1 column 20
07-05 13:10:04.301   545   548 D dalvikvm: GC_CONCURRENT freed 429K, 11% free 10485K/11719K, paused 2ms+3ms
07-05 13:10:04.485   545   548 D dalvikvm: GC_CONCURRENT freed 412K, 11% free 10465K/11719K, paused 2ms+2ms
07-05 13:10:04.559   545 29577 I DownloadManager: Initiating request for download 3496
07-05 13:10:04.649   545   548 D dalvikvm: GC_CONCURRENT freed 240K, 9% free 10678K/11719K, paused 2ms+3ms
07-05 13:10:04.754   545   548 D dalvikvm: GC_CONCURRENT freed 351K, 8% free 10873K/11719K, paused 2ms+3ms
07-05 13:10:04.946   545   548 D dalvikvm: GC_CONCURRENT freed 889K, 11% free 10487K/11719K, paused 2ms+3ms
07-05 13:10:05.153   545   548 D dalvikvm: GC_CONCURRENT freed 416K, 11% free 10466K/11719K, paused 2ms+3ms
07-05 13:10:05.301   545 29580 I DownloadManager: Initiating request for download 3497
07-05 13:10:05.356   545   548 D dalvikvm: GC_CONCURRENT freed 341K, 11% free 10536K/11719K, paused 2ms+3ms
07-05 13:10:05.461   545   548 D dalvikvm: GC_CONCURRENT freed 223K, 9% free 10772K/11719K, paused 2ms+3ms
07-05 13:10:05.582   545   548 D dalvikvm: GC_CONCURRENT freed 485K, 9% free 10776K/11719K, paused 2ms+2ms
07-05 13:10:05.785   545   548 D dalvikvm: GC_CONCURRENT freed 730K, 11% free 10514K/11719K, paused 1ms+2ms
07-05 13:10:05.973   545   548 D dalvikvm: GC_CONCURRENT freed 408K, 11% free 10500K/11719K, paused 2ms+6ms
07-05 13:10:07.336   545   548 D dalvikvm: GC_CONCURRENT freed 373K, 11% free 10523K/11719K, paused 2ms+2ms
07-05 13:10:07.504   545   548 D dalvikvm: GC_CONCURRENT freed 413K, 11% free 10506K/11719K, paused 1ms+2ms
07-05 13:10:07.606  1370 29582 E DictionaryProvider:UpdateHandler: Can't read a file : android.util.MalformedJsonException: Use JsonReader.setLenient(true) to accept malformed JSON at line 1 column 20
07-05 13:10:07.637  1370  1372 D dalvikvm: GC_CONCURRENT freed 394K, 7% free 9132K/9735K, paused 1ms+2ms
07-05 13:10:07.762   545   548 D dalvikvm: GC_CONCURRENT freed 431K, 11% free 10470K/11719K, paused 2ms+3ms
07-05 13:10:07.821   545 29585 I DownloadManager: Initiating request for download 3497
07-05 13:10:07.821   545 29585 W DownloadManager: Aborting request for download 3497: Trying to resume a download that can't be resumed
07-05 13:10:08.016   545   548 D dalvikvm: GC_CONCURRENT freed 372K, 11% free 10493K/11719K, paused 2ms+3ms
07-05 13:10:08.192   545   548 D dalvikvm: GC_CONCURRENT freed 407K, 11% free 10474K/11719K, paused 2ms+2ms
07-05 13:10:08.363   545   548 D dalvikvm: GC_CONCURRENT freed 399K, 11% free 10462K/11719K, paused 2ms+2ms
07-05 13:10:08.438   545 29588 I DownloadManager: Initiating request for download 3498
07-05 13:10:08.555   545   548 D dalvikvm: GC_CONCURRENT freed 196K, 9% free 10725K/11719K, paused 2ms+3ms
07-05 13:10:08.660   545   548 D dalvikvm: GC_CONCURRENT freed 320K, 8% free 10887K/11719K, paused 2ms+2ms
07-05 13:10:08.891   545   548 D dalvikvm: GC_CONCURRENT freed 899K, 11% free 10498K/11719K, paused 2ms+2ms
07-05 13:10:08.934   545   556 D dalvikvm: GC_EXPLICIT freed 12K, 11% free 10490K/11719K, paused 2ms+3ms
07-05 13:10:08.949  1370 29590 E DictionaryProvider:UpdateHandler: Can't read a file : android.util.MalformedJsonException: Use JsonReader.setLenient(true) to accept malformed JSON at line 1 column 20
07-05 13:10:09.149   545   548 D dalvikvm: GC_CONCURRENT freed 409K, 11% free 10476K/11719K, paused 2ms+3ms
07-05 13:10:09.258   545 29593 I DownloadManager: Initiating request for download 3498
07-05 13:10:09.336   545   548 D dalvikvm: GC_CONCURRENT freed 318K, 9% free 10693K/11719K, paused 2ms+3ms
07-05 13:10:09.442   545   548 D dalvikvm: GC_CONCURRENT freed 359K, 8% free 10853K/11719K, paused 1ms+3ms
07-05 13:10:09.613   545   548 D dalvikvm: GC_CONCURRENT freed 817K, 11% free 10532K/11719K, paused 2ms+3ms
07-05 13:10:09.813   545   548 D dalvikvm: GC_CONCURRENT freed 446K, 11% free 10482K/11719K, paused 2ms+3ms
07-05 13:10:10.004   545   548 D dalvikvm: GC_CONCURRENT freed 411K, 11% free 10462K/11719K, paused 2ms+2ms
07-05 13:10:10.059   545 29596 I DownloadManager: Initiating request for download 3499
07-05 13:10:10.164   545   548 D dalvikvm: GC_CONCURRENT freed 171K, 9% free 10736K/11719K, paused 2ms+2ms
07-05 13:10:10.270   545   548 D dalvikvm: GC_CONCURRENT freed 414K, 8% free 10785K/11719K, paused 1ms+3ms
07-05 13:10:10.446  1370 29598 E DictionaryProvider:UpdateHandler: Can't read a file : android.util.MalformedJsonException: Use JsonReader.setLenient(true) to accept malformed JSON at line 1 column 20
07-05 13:10:10.524   545   548 D dalvikvm: GC_CONCURRENT freed 740K, 11% free 10508K/11719K, paused 2ms+2ms
07-05 13:10:10.703   545   548 D dalvikvm: GC_CONCURRENT freed 426K, 11% free 10477K/11719K, paused 1ms+3ms
07-05 13:10:10.840   545 29601 I DownloadManager: Initiating request for download 3499
07-05 13:10:10.883   545   548 D dalvikvm: GC_CONCURRENT freed 367K, 11% free 10540K/11719K, paused 2ms+3ms
07-05 13:10:10.992   545   548 D dalvikvm: GC_CONCURRENT freed 221K, 9% free 10779K/11719K, paused 2ms+3ms
07-05 13:10:11.125   545   548 D dalvikvm: GC_CONCURRENT freed 484K, 8% free 10785K/11719K, paused 1ms+3ms
07-05 13:10:11.344   545   548 D dalvikvm: GC_CONCURRENT freed 769K, 11% free 10488K/11719K, paused 2ms+2ms
07-05 13:10:11.528   545   548 D dalvikvm: GC_CONCURRENT freed 409K, 11% free 10478K/11719K, paused 2ms+3ms
07-05 13:10:11.625   545 29604 I DownloadManager: Initiating request for download 3500
07-05 13:10:11.719   545   548 D dalvikvm: GC_CONCURRENT freed 245K, 9% free 10685K/11719K, paused 2ms+3ms
07-05 13:10:11.824   545   548 D dalvikvm: GC_CONCURRENT freed 330K, 8% free 10869K/11719K, paused 2ms+3ms
07-05 13:10:12.024   545   548 D dalvikvm: GC_CONCURRENT freed 870K, 11% free 10501K/11719K, paused 2ms+3ms
07-05 13:10:12.063  1370 29606 E DictionaryProvider:UpdateHandler: Can't read a file : android.util.MalformedJsonException: Use JsonReader.setLenient(true) to accept malformed JSON at line 1 column 20
07-05 13:10:12.250   545   548 D dalvikvm: GC_CONCURRENT freed 400K, 11% free 10500K/11719K, paused 2ms+2ms
07-05 13:10:12.422   545 29609 I DownloadManager: Initiating request for download 3500
07-05 13:10:12.446   545   548 D dalvikvm: GC_CONCURRENT freed 426K, 11% free 10502K/11719K, paused 2ms+4ms
07-05 13:10:12.574   545   548 D dalvikvm: GC_CONCURRENT freed 198K, 9% free 10764K/11719K, paused 2ms+3ms
07-05 13:10:12.688   545   548 D dalvikvm: GC_CONCURRENT freed 462K, 8% free 10787K/11719K, paused 2ms+2ms
07-05 13:10:12.883   545   548 D dalvikvm: GC_CONCURRENT freed 733K, 11% free 10526K/11719K, paused 2ms+2ms
07-05 13:10:13.067   545   548 D dalvikvm: GC_CONCURRENT freed 416K, 11% free 10504K/11719K, paused 2ms+2ms
07-05 13:10:13.692   545 29611 I DownloadManager: Initiating request for download 3501
07-05 13:10:13.789   545   548 D dalvikvm: GC_CONCURRENT freed 271K, 10% free 10664K/11719K, paused 2ms+3ms
07-05 13:10:13.899   545   548 D dalvikvm: GC_CONCURRENT freed 321K, 8% free 10839K/11719K, paused 2ms+3ms
07-05 13:10:14.055   545   548 D dalvikvm: GC_CONCURRENT freed 786K, 11% free 10541K/11719K, paused 2ms+2ms
07-05 13:10:14.164  1370 29614 E DictionaryProvider:UpdateHandler: Can't read a file : android.util.MalformedJsonException: Use JsonReader.setLenient(true) to accept malformed JSON at line 1 column 20
07-05 13:10:14.211  1370  1372 D dalvikvm: GC_CONCURRENT freed 390K, 7% free 9130K/9735K, paused 1ms+1ms
07-05 13:10:14.317   545   548 D dalvikvm: GC_CONCURRENT freed 438K, 11% free 10499K/11719K, paused 1ms+2ms
07-05 13:10:14.500   545   548 D dalvikvm: GC_CONCURRENT freed 413K, 11% free 10481K/11719K, paused 2ms+2ms
07-05 13:10:14.625   156   403 D dalvikvm: GC_EXPLICIT freed 529K, 12% free 14087K/16007K, paused 3ms+5ms
07-05 13:10:14.633   545 29617 I DownloadManager: Initiating request for download 3501
07-05 13:10:14.727   545   548 D dalvikvm: GC_CONCURRENT freed 224K, 9% free 10710K/11719K, paused 2ms+3ms
07-05 13:10:14.828   545   548 D dalvikvm: GC_CONCURRENT freed 361K, 8% free 10873K/11719K, paused 1ms+3ms
07-05 13:10:15.031   545   548 D dalvikvm: GC_CONCURRENT freed 858K, 11% free 10518K/11719K, paused 2ms+3ms
07-05 13:10:15.235   545   548 D dalvikvm: GC_CONCURRENT freed 441K, 11% free 10472K/11719K, paused 2ms+3ms
07-05 13:10:15.403   545 29620 I DownloadManager: Initiating request for download 3502
07-05 13:10:15.469   545   548 D dalvikvm: GC_CONCURRENT freed 341K, 11% free 10537K/11719K, paused 2ms+3ms
07-05 13:10:15.578   545   548 D dalvikvm: GC_CONCURRENT freed 219K, 8% free 10850K/11719K, paused 2ms+3ms
07-05 13:10:15.711   545   548 D dalvikvm: GC_CONCURRENT freed 830K, 11% free 10528K/11719K, paused 2ms+2ms
07-05 13:10:15.863  1370 29622 E DictionaryProvider:UpdateHandler: Can't read a file : android.util.MalformedJsonException: Use JsonReader.setLenient(true) to accept malformed JSON at line 1 column 20
07-05 13:10:15.953   545   548 D dalvikvm: GC_CONCURRENT freed 429K, 11% free 10492K/11719K, paused 2ms+3ms
07-05 13:10:16.129   545   548 D dalvikvm: GC_CONCURRENT freed 419K, 11% free 10463K/11719K, paused 1ms+3ms
07-05 13:10:16.203   545 29625 I DownloadManager: Initiating request for download 3502
07-05 13:10:16.293   545   548 D dalvikvm: GC_CONCURRENT freed 249K, 9% free 10672K/11719K, paused 1ms+3ms
07-05 13:10:16.399   545   548 D dalvikvm: GC_CONCURRENT freed 312K, 8% free 10847K/11719K, paused 1ms+3ms
07-05 13:10:16.578   545   548 D dalvikvm: GC_CONCURRENT freed 814K, 11% free 10525K/11719K, paused 2ms+2ms
07-05 13:10:16.766   545   548 D dalvikvm: GC_CONCURRENT freed 443K, 11% free 10477K/11719K, paused 2ms+3ms
07-05 13:10:16.938   545   548 D dalvikvm: GC_CONCURRENT freed 413K, 11% free 10459K/11719K, paused 2ms+2ms
07-05 13:10:16.996   545 29628 I DownloadManager: Initiating request for download 3503
07-05 13:10:17.110   545   548 D dalvikvm: GC_CONCURRENT freed 184K, 9% free 10733K/11719K, paused 2ms+3ms
07-05 13:10:17.207   545   548 D dalvikvm: GC_CONCURRENT freed 335K, 8% free 10888K/11719K, paused 2ms+2ms
07-05 13:10:17.387  1370 29630 E DictionaryProvider:UpdateHandler: Can't read a file : android.util.MalformedJsonException: Use JsonReader.setLenient(true) to accept malformed JSON at line 1 column 20
07-05 13:10:17.473   545   548 D dalvikvm: GC_CONCURRENT freed 900K, 11% free 10511K/11719K, paused 2ms+3ms
07-05 13:10:17.660   545   548 D dalvikvm: GC_CONCURRENT freed 438K, 11% free 10477K/11719K, paused 2ms+3ms
07-05 13:10:17.766   545 29633 I DownloadManager: Initiating request for download 3503
07-05 13:10:17.852   545   548 D dalvikvm: GC_CONCURRENT freed 287K, 10% free 10647K/11719K, paused 2ms+3ms
07-05 13:10:17.953   545   548 D dalvikvm: GC_CONCURRENT freed 320K, 8% free 10830K/11719K, paused 2ms+3ms
07-05 13:10:18.113   545   548 D dalvikvm: GC_CONCURRENT freed 784K, 11% free 10532K/11719K, paused 1ms+2ms
07-05 13:10:18.317   545   548 D dalvikvm: GC_CONCURRENT freed 436K, 11% free 10484K/11719K, paused 2ms+2ms
07-05 13:10:18.500   545   548 D dalvikvm: GC_CONCURRENT freed 408K, 11% free 10465K/11719K, paused 2ms+2ms
07-05 13:10:18.590   545 29636 I DownloadManager: Initiating request for download 3504
07-05 13:10:18.688   545   548 D dalvikvm: GC_CONCURRENT freed 220K, 9% free 10705K/11719K, paused 2ms+3ms
07-05 13:10:18.797   545   548 D dalvikvm: GC_CONCURRENT freed 330K, 8% free 10899K/11719K, paused 1ms+3ms
07-05 13:10:18.969  1370 29638 E DictionaryProvider:UpdateHandler: Can't read a file : android.util.MalformedJsonException: Use JsonReader.setLenient(true) to accept malformed JSON at line 1 column 20
07-05 13:10:19.055   545   548 D dalvikvm: GC_CONCURRENT freed 908K, 11% free 10500K/11719K, paused 1ms+2ms
07-05 13:10:19.223   545   548 D dalvikvm: GC_CONCURRENT freed 421K, 11% free 10474K/11719K, paused 2ms+2ms
07-05 13:10:19.356   545 29641 I DownloadManager: Initiating request for download 3504
07-05 13:10:19.414   545   548 D dalvikvm: GC_CONCURRENT freed 343K, 11% free 10542K/11719K, paused 2ms+3ms
07-05 13:10:19.520   545   548 D dalvikvm: GC_CONCURRENT freed 233K, 9% free 10782K/11719K, paused 2ms+3ms
07-05 13:10:19.641   545   548 D dalvikvm: GC_CONCURRENT freed 489K, 8% free 10791K/11719K, paused 2ms+3ms
07-05 13:10:19.875   545   548 D dalvikvm: GC_CONCURRENT freed 778K, 11% free 10486K/11719K, paused 2ms+2ms
07-05 13:10:20.059   545   548 D dalvikvm: GC_CONCURRENT freed 403K, 11% free 10471K/11719K, paused 2ms+2ms
07-05 13:10:20.168   545 29644 I DownloadManager: Initiating request for download 3505
07-05 13:10:20.258   545   548 D dalvikvm: GC_CONCURRENT freed 225K, 9% free 10676K/11719K, paused 2ms+2ms
07-05 13:10:20.360   545   548 D dalvikvm: GC_CONCURRENT freed 324K, 8% free 10866K/11719K, paused 2ms+3ms
07-05 13:10:20.551   545   548 D dalvikvm: GC_CONCURRENT freed 829K, 11% free 10532K/11719K, paused 1ms+4ms
07-05 13:10:20.610  1370 29646 E DictionaryProvider:UpdateHandler: Can't read a file : android.util.MalformedJsonException: Use JsonReader.setLenient(true) to accept malformed JSON at line 1 column 20
07-05 13:10:20.653  1370  1372 D dalvikvm: GC_CONCURRENT freed 387K, 7% free 9130K/9735K, paused 1ms+3ms
07-05 13:10:20.809   545   548 D dalvikvm: GC_CONCURRENT freed 438K, 11% free 10490K/11719K, paused 1ms+3ms
07-05 13:10:21.008   545   548 D dalvikvm: GC_CONCURRENT freed 419K, 11% free 10465K/11719K, paused 1ms+2ms
07-05 13:10:21.039   545 29649 I DownloadManager: Initiating request for download 3505
07-05 13:10:21.145   545   548 D dalvikvm: GC_CONCURRENT freed 188K, 9% free 10735K/11719K, paused 2ms+3ms
07-05 13:10:21.235   545   548 D dalvikvm: GC_CONCURRENT freed 328K, 8% free 10896K/11719K, paused 2ms+3ms
07-05 13:10:21.469   545   548 D dalvikvm: GC_CONCURRENT freed 911K, 11% free 10505K/11719K, paused 2ms+2ms
07-05 13:10:21.641   545   548 D dalvikvm: GC_CONCURRENT freed 428K, 11% free 10472K/11719K, paused 2ms+2ms
07-05 13:10:21.770   545 29652 I DownloadManager: Initiating request for download 3506
07-05 13:10:21.856   545   548 D dalvikvm: GC_CONCURRENT freed 281K, 10% free 10635K/11719K, paused 2ms+3ms
07-05 13:10:21.957   545   548 D dalvikvm: GC_CONCURRENT freed 308K, 8% free 10827K/11719K, paused 1ms+3ms
07-05 13:10:22.110   545   548 D dalvikvm: GC_CONCURRENT freed 769K, 11% free 10537K/11719K, paused 2ms+2ms
07-05 13:10:22.211  1370 29654 E DictionaryProvider:UpdateHandler: Can't read a file : android.util.MalformedJsonException: Use JsonReader.setLenient(true) to accept malformed JSON at line 1 column 20
07-05 13:10:22.356   545   548 D dalvikvm: GC_CONCURRENT freed 425K, 11% free 10500K/11719K, paused 2ms+2ms
07-05 13:10:22.539   545   548 D dalvikvm: GC_CONCURRENT freed 413K, 11% free 10474K/11719K, paused 2ms+2ms
07-05 13:10:22.621   545 29657 I DownloadManager: Initiating request for download 3506
07-05 13:10:22.703   545   548 D dalvikvm: GC_CONCURRENT freed 241K, 9% free 10687K/11719K, paused 2ms+2ms
07-05 13:10:22.817   545   548 D dalvikvm: GC_CONCURRENT freed 329K, 7% free 10943K/11719K, paused 1ms+3ms
07-05 13:10:23.047   545   548 D dalvikvm: GC_CONCURRENT freed 972K, 11% free 10498K/11719K, paused 2ms+2ms
07-05 13:10:23.227   545   548 D dalvikvm: GC_CONCURRENT freed 413K, 11% free 10479K/11719K, paused 2ms+2ms
07-05 13:10:23.375   545 29660 I DownloadManager: Initiating request for download 3507
07-05 13:10:23.438   545   548 D dalvikvm: GC_CONCURRENT freed 318K, 10% free 10549K/11719K, paused 2ms+2ms
07-05 13:10:23.539   545   548 D dalvikvm: GC_CONCURRENT freed 222K, 8% free 10786K/11719K, paused 2ms+3ms
07-05 13:10:23.660   545   548 D dalvikvm: GC_CONCURRENT freed 486K, 8% free 10803K/11719K, paused 1ms+2ms
07-05 13:10:23.805  1370 29662 E DictionaryProvider:UpdateHandler: Can't read a file : android.util.MalformedJsonException: Use JsonReader.setLenient(true) to accept malformed JSON at line 1 column 20
07-05 13:10:23.910   545   548 D dalvikvm: GC_CONCURRENT freed 778K, 11% free 10502K/11719K, paused 2ms+3ms
07-05 13:10:24.094   545   548 D dalvikvm: GC_CONCURRENT freed 412K, 11% free 10480K/11719K, paused 2ms+2ms
07-05 13:10:24.180   545 29665 I DownloadManager: Initiating request for download 3507
07-05 13:10:24.270   545   548 D dalvikvm: GC_CONCURRENT freed 244K, 9% free 10677K/11719K, paused 2ms+3ms
07-05 13:10:24.379   545   548 D dalvikvm: GC_CONCURRENT freed 326K, 8% free 10862K/11719K, paused 2ms+2ms
07-05 13:10:24.543   545   548 D dalvikvm: GC_CONCURRENT freed 816K, 11% free 10541K/11719K, paused 1ms+3ms
07-05 13:10:24.746   545   548 D dalvikvm: GC_CONCURRENT freed 445K, 11% free 10492K/11719K, paused 2ms+3ms
07-05 13:10:24.942   545   548 D dalvikvm: GC_CONCURRENT freed 413K, 11% free 10485K/11719K, paused 2ms+2ms
07-05 13:10:24.992   545 29668 I DownloadManager: Initiating request for download 3508
07-05 13:10:25.102   545   548 D dalvikvm: GC_CONCURRENT freed 197K, 9% free 10748K/11719K, paused 2ms+3ms
07-05 13:10:25.211   545   548 D dalvikvm: GC_CONCURRENT freed 343K, 7% free 10905K/11719K, paused 2ms+3ms
07-05 13:10:25.446  1370 29670 E DictionaryProvider:UpdateHandler: Can't read a file : android.util.MalformedJsonException: Use JsonReader.setLenient(true) to accept malformed JSON at line 1 column 20
07-05 13:10:25.465   545   548 D dalvikvm: GC_CONCURRENT freed 921K, 11% free 10519K/11719K, paused 2ms+2ms
07-05 13:10:25.653   545   548 D dalvikvm: GC_CONCURRENT freed 430K, 11% free 10484K/11719K, paused 2ms+2ms
07-05 13:10:25.758   545 29673 I DownloadManager: Initiating request for download 3508
07-05 13:10:25.840   545   548 D dalvikvm: GC_CONCURRENT freed 278K, 10% free 10663K/11719K, paused 2ms+3ms
07-05 13:10:25.946   545   548 D dalvikvm: GC_CONCURRENT freed 325K, 7% free 10904K/11719K, paused 2ms+3ms
07-05 13:10:26.129   545   548 D dalvikvm: GC_CONCURRENT freed 874K, 11% free 10543K/11719K, paused 2ms+2ms
07-05 13:10:26.328   545   548 D dalvikvm: GC_CONCURRENT freed 446K, 11% free 10493K/11719K, paused 1ms+3ms
07-05 13:10:26.512   545   548 D dalvikvm: GC_CONCURRENT freed 405K, 11% free 10477K/11719K, paused 1ms+2ms
07-05 13:10:26.567   545 29676 I DownloadManager: Initiating request for download 3509
07-05 13:10:26.676   545   548 D dalvikvm: GC_CONCURRENT freed 184K, 8% free 10832K/11719K, paused 2ms+3ms
07-05 13:10:26.801   545   548 D dalvikvm: GC_CONCURRENT freed 539K, 8% free 10801K/11719K, paused 1ms+3ms
07-05 13:10:26.949  1370 29678 E DictionaryProvider:UpdateHandler: Can't read a file : android.util.MalformedJsonException: Use JsonReader.setLenient(true) to accept malformed JSON at line 1 column 20
07-05 13:10:26.981  1370  1372 D dalvikvm: GC_CONCURRENT freed 388K, 7% free 9131K/9735K, paused 2ms+2ms
07-05 13:10:27.086   545   548 D dalvikvm: GC_CONCURRENT freed 771K, 11% free 10507K/11719K, paused 1ms+2ms
07-05 13:10:27.270   545   548 D dalvikvm: GC_CONCURRENT freed 419K, 11% free 10482K/11719K, paused 2ms+2ms
07-05 13:10:27.360   545 29681 I DownloadManager: Initiating request for download 3509
07-05 13:10:27.442   545   548 D dalvikvm: GC_CONCURRENT freed 270K, 9% free 10682K/11719K, paused 2ms+3ms
07-05 13:10:27.547   545   548 D dalvikvm: GC_CONCURRENT freed 329K, 8% free 10869K/11719K, paused 2ms+4ms
07-05 13:10:27.735   545   548 D dalvikvm: GC_CONCURRENT freed 827K, 11% free 10543K/11719K, paused 1ms+3ms
07-05 13:10:27.918   545   548 D dalvikvm: GC_CONCURRENT freed 441K, 11% free 10497K/11719K, paused 2ms+2ms
07-05 13:10:28.102   545   548 D dalvikvm: GC_CONCURRENT freed 405K, 11% free 10479K/11719K, paused 2ms+2ms
07-05 13:10:28.238   156   530 D dalvikvm: GC_EXPLICIT freed 493K, 13% free 14083K/16007K, paused 3ms+7ms
07-05 13:10:28.246   545 29684 I DownloadManager: Initiating request for download 3510
07-05 13:10:28.344   545   548 D dalvikvm: GC_CONCURRENT freed 165K, 9% free 10735K/11719K, paused 2ms+3ms
07-05 13:10:28.449   545   548 D dalvikvm: GC_CONCURRENT freed 356K, 7% free 10900K/11719K, paused 2ms+3ms
07-05 13:10:28.676   545   548 D dalvikvm: GC_CONCURRENT freed 908K, 11% free 10504K/11719K, paused 2ms+2ms
07-05 13:10:28.863   545   548 D dalvikvm: GC_CONCURRENT freed 425K, 11% free 10474K/11719K, paused 2ms+2ms
07-05 13:10:29.832  1370 29686 E DictionaryProvider:UpdateHandler: Can't read a file : android.util.MalformedJsonException: Use JsonReader.setLenient(true) to accept malformed JSON at line 1 column 20
07-05 13:10:29.965   545   548 D dalvikvm: GC_CONCURRENT freed 357K, 11% free 10513K/11719K, paused 2ms+2ms
07-05 13:10:30.145   545   548 D dalvikvm: GC_CONCURRENT freed 418K, 11% free 10491K/11719K, paused 2ms+3ms
07-05 13:10:30.328   545   548 D dalvikvm: GC_CONCURRENT freed 409K, 11% free 10477K/11719K, paused 2ms+2ms
07-05 13:10:30.692   545   548 D dalvikvm: GC_CONCURRENT freed 372K, 11% free 10500K/11719K, paused 2ms+3ms
07-05 13:10:30.875   545   548 D dalvikvm: GC_CONCURRENT freed 414K, 11% free 10482K/11719K, paused 1ms+2ms
07-05 13:10:31.059   545   548 D dalvikvm: GC_CONCURRENT freed 408K, 11% free 10469K/11719K, paused 2ms+2ms
07-05 13:10:31.176   545 29689 I DownloadManager: Initiating request for download 3511
07-05 13:10:31.285   545   548 D dalvikvm: GC_CONCURRENT freed 242K, 9% free 10688K/11719K, paused 2ms+3ms
07-05 13:10:31.395   545   548 D dalvikvm: GC_CONCURRENT freed 332K, 8% free 10874K/11719K, paused 2ms+3ms
07-05 13:10:31.571   545   548 D dalvikvm: GC_CONCURRENT freed 841K, 11% free 10539K/11719K, paused 2ms+2ms
07-05 13:10:31.633  1370 29691 E DictionaryProvider:UpdateHandler: Can't read a file : android.util.MalformedJsonException: Use JsonReader.setLenient(true) to accept malformed JSON at line 1 column 20
07-05 13:10:31.797   545   548 D dalvikvm: GC_CONCURRENT freed 446K, 11% free 10489K/11719K, paused 2ms+2ms
07-05 13:10:31.969   545   548 D dalvikvm: GC_CONCURRENT freed 415K, 11% free 10467K/11719K, paused 1ms+3ms
07-05 13:10:31.988   545 29694 I DownloadManager: Initiating request for download 3511
07-05 13:10:32.090   545   548 D dalvikvm: GC_CONCURRENT freed 174K, 9% free 10746K/11719K, paused 2ms+3ms
07-05 13:10:32.199   545   548 D dalvikvm: GC_CONCURRENT freed 420K, 8% free 10794K/11719K, paused 2ms+2ms
07-05 13:10:32.418   545   548 D dalvikvm: GC_CONCURRENT freed 764K, 11% free 10499K/11719K, paused 1ms+2ms
07-05 13:10:32.586   545   548 D dalvikvm: GC_CONCURRENT freed 407K, 11% free 10480K/11719K, paused 1ms+2ms
07-05 13:10:32.762   545 29697 I DownloadManager: Initiating request for download 3512
07-05 13:10:32.789   545   548 D dalvikvm: GC_CONCURRENT freed 357K, 11% free 10519K/11719K, paused 2ms+3ms
07-05 13:10:32.844   545 29367 D dalvikvm: GC_EXPLICIT freed 10K, 10% free 10593K/11719K, paused 2ms+4ms
07-05 13:10:32.949   545   548 D dalvikvm: GC_CONCURRENT freed 256K, 8% free 10809K/11719K, paused 2ms+2ms
07-05 13:10:33.090   545   548 D dalvikvm: GC_CONCURRENT freed 749K, 11% free 10540K/11719K, paused 2ms+3ms
07-05 13:10:33.192  1370 29699 E DictionaryProvider:UpdateHandler: Can't read a file : android.util.MalformedJsonException: Use JsonReader.setLenient(true) to accept malformed JSON at line 1 column 20
07-05 13:10:33.332   545   548 D dalvikvm: GC_CONCURRENT freed 433K, 11% free 10503K/11719K, paused 1ms+4ms
07-05 13:10:33.528   545   548 D dalvikvm: GC_CONCURRENT freed 420K, 11% free 10477K/11719K, paused 2ms+2ms
07-05 13:10:33.629   545 29702 I DownloadManager: Initiating request for download 3512
07-05 13:10:33.711   545   548 D dalvikvm: GC_CONCURRENT freed 271K, 10% free 10664K/11719K, paused 2ms+4ms
07-05 13:10:33.813   545   548 D dalvikvm: GC_CONCURRENT freed 325K, 8% free 10849K/11719K, paused 2ms+3ms
07-05 13:10:33.977   545   548 D dalvikvm: GC_CONCURRENT freed 808K, 11% free 10539K/11719K, paused 2ms+3ms
07-05 13:10:34.188   545   548 D dalvikvm: GC_CONCURRENT freed 441K, 11% free 10491K/11719K, paused 2ms+2ms
07-05 13:10:34.379   545   548 D dalvikvm: GC_CONCURRENT freed 407K, 11% free 10475K/11719K, paused 2ms+2ms
07-05 13:10:34.449   545 29705 I DownloadManager: Initiating request for download 3513
07-05 13:10:34.551   545   548 D dalvikvm: GC_CONCURRENT freed 200K, 8% free 10787K/11719K, paused 2ms+3ms
07-05 13:10:34.664   545   548 D dalvikvm: GC_CONCURRENT freed 482K, 8% free 10798K/11719K, paused 2ms+2ms
07-05 13:10:34.887  1370 29707 E DictionaryProvider:UpdateHandler: Can't read a file : android.util.MalformedJsonException: Use JsonReader.setLenient(true) to accept malformed JSON at line 1 column 20
07-05 13:10:34.914   545   548 D dalvikvm: GC_CONCURRENT freed 781K, 11% free 10518K/11719K, paused 2ms+3ms
07-05 13:10:34.938  1370  1372 D dalvikvm: GC_CONCURRENT freed 388K, 7% free 9126K/9735K, paused 1ms+6ms
07-05 13:10:35.125   545   548 D dalvikvm: GC_CONCURRENT freed 429K, 11% free 10485K/11719K, paused 2ms+3ms
07-05 13:10:35.254   545 29710 I DownloadManager: Initiating request for download 3513
07-05 13:10:35.305   545   548 D dalvikvm: GC_CONCURRENT freed 335K, 10% free 10550K/11719K, paused 2ms+2ms
07-05 13:10:35.406   545   548 D dalvikvm: GC_CONCURRENT freed 220K, 8% free 10789K/11719K, paused 2ms+3ms
07-05 13:10:35.524   545   548 D dalvikvm: GC_CONCURRENT freed 474K, 8% free 10798K/11719K, paused 2ms+2ms
07-05 13:10:35.746   545   548 D dalvikvm: GC_CONCURRENT freed 775K, 11% free 10498K/11719K, paused 2ms+3ms
07-05 13:10:35.942   545   548 D dalvikvm: GC_CONCURRENT freed 414K, 11% free 10490K/11719K, paused 1ms+2ms
07-05 13:10:36.074   545 29713 I DownloadManager: Initiating request for download 3514
07-05 13:10:36.172   545   548 D dalvikvm: GC_CONCURRENT freed 264K, 9% free 10687K/11719K, paused 2ms+3ms
07-05 13:10:36.270   545   548 D dalvikvm: GC_CONCURRENT freed 309K, 8% free 10865K/11719K, paused 1ms+3ms
07-05 13:10:36.457   545   548 D dalvikvm: GC_CONCURRENT freed 819K, 10% free 10550K/11719K, paused 2ms+2ms
07-05 13:10:36.512  1370 29715 E DictionaryProvider:UpdateHandler: Can't read a file : android.util.MalformedJsonException: Use JsonReader.setLenient(true) to accept malformed JSON at line 1 column 20
07-05 13:10:36.699   545   548 D dalvikvm: GC_CONCURRENT freed 446K, 11% free 10499K/11719K, paused 2ms+3ms
07-05 13:10:36.891   545   548 D dalvikvm: GC_CONCURRENT freed 418K, 11% free 10476K/11719K, paused 2ms+2ms
07-05 13:10:36.930   545 29718 I DownloadManager: Initiating request for download 3514
07-05 13:10:37.035   545   548 D dalvikvm: GC_CONCURRENT freed 202K, 9% free 10732K/11719K, paused 2ms+3ms
07-05 13:10:37.141   545   548 D dalvikvm: GC_CONCURRENT freed 355K, 7% free 10908K/11719K, paused 2ms+3ms
07-05 13:10:37.367   545   548 D dalvikvm: GC_CONCURRENT freed 915K, 11% free 10514K/11719K, paused 2ms+2ms
07-05 13:10:37.559   545   548 D dalvikvm: GC_CONCURRENT freed 426K, 11% free 10483K/11719K, paused 2ms+3ms
07-05 13:10:37.711   545 29721 I DownloadManager: Initiating request for download 3515
07-05 13:10:37.797   545   548 D dalvikvm: GC_CONCURRENT freed 297K, 10% free 10645K/11719K, paused 2ms+3ms
07-05 13:10:37.899   545   548 D dalvikvm: GC_CONCURRENT freed 301K, 8% free 10840K/11719K, paused 1ms+3ms
07-05 13:10:38.043   545   548 D dalvikvm: GC_CONCURRENT freed 781K, 10% free 10549K/11719K, paused 1ms+2ms
07-05 13:10:38.153  1370 29723 E DictionaryProvider:UpdateHandler: Can't read a file : android.util.MalformedJsonException: Use JsonReader.setLenient(true) to accept malformed JSON at line 1 column 20
07-05 13:10:38.297   545   548 D dalvikvm: GC_CONCURRENT freed 427K, 11% free 10512K/11719K, paused 2ms+3ms
07-05 13:10:38.481   545   548 D dalvikvm: GC_CONCURRENT freed 415K, 11% free 10484K/11719K, paused 2ms+2ms
07-05 13:10:38.567   545 29726 I DownloadManager: Initiating request for download 3515
07-05 13:10:38.676   545   548 D dalvikvm: GC_CONCURRENT freed 250K, 9% free 10773K/11719K, paused 2ms+3ms
07-05 13:10:38.778   545   548 D dalvikvm: GC_CONCURRENT freed 418K, 7% free 10901K/11719K, paused 2ms+3ms
07-05 13:10:38.985   545   548 D dalvikvm: GC_CONCURRENT freed 905K, 11% free 10509K/11719K, paused 2ms+2ms
07-05 13:10:39.184   545   548 D dalvikvm: GC_CONCURRENT freed 414K, 11% free 10490K/11719K, paused 2ms+3ms
07-05 13:10:39.324   545 29729 I DownloadManager: Initiating request for download 3516
07-05 13:10:39.375   545   548 D dalvikvm: GC_CONCURRENT freed 324K, 10% free 10559K/11719K, paused 2ms+3ms
07-05 13:10:39.477   545   548 D dalvikvm: GC_CONCURRENT freed 222K, 8% free 10798K/11719K, paused 2ms+2ms
07-05 13:10:39.594   545   548 D dalvikvm: GC_CONCURRENT freed 488K, 8% free 10808K/11719K, paused 2ms+2ms
07-05 13:10:39.746  1370 29731 E DictionaryProvider:UpdateHandler: Can't read a file : android.util.MalformedJsonException: Use JsonReader.setLenient(true) to accept malformed JSON at line 1 column 20
07-05 13:10:39.789   465   467 D dalvikvm: GC_CONCURRENT freed 431K, 6% free 10514K/11079K, paused 4ms+2ms
07-05 13:10:39.887   545   548 D dalvikvm: GC_CONCURRENT freed 773K, 11% free 10512K/11719K, paused 1ms+2ms
07-05 13:10:40.071   545   548 D dalvikvm: GC_CONCURRENT freed 419K, 11% free 10488K/11719K, paused 1ms+2ms
07-05 13:10:40.164   545 29734 I DownloadManager: Initiating request for download 3516
07-05 13:10:40.246   545   548 D dalvikvm: GC_CONCURRENT freed 260K, 9% free 10687K/11719K, paused 2ms+3ms
07-05 13:10:40.356   545   548 D dalvikvm: GC_CONCURRENT freed 313K, 7% free 10901K/11719K, paused 1ms+3ms
07-05 13:10:40.539   545   548 D dalvikvm: GC_CONCURRENT freed 858K, 10% free 10550K/11719K, paused 2ms+2ms
07-05 13:10:40.738   545   548 D dalvikvm: GC_CONCURRENT freed 443K, 11% free 10502K/11719K, paused 2ms+2ms
07-05 13:10:40.918   545   548 D dalvikvm: GC_CONCURRENT freed 415K, 11% free 10482K/11719K, paused 1ms+2ms
07-05 13:10:40.981   545 29737 I DownloadManager: Initiating request for download 3517
07-05 13:10:41.082   545   548 D dalvikvm: GC_CONCURRENT freed 186K, 9% free 10755K/11719K, paused 2ms+3ms
07-05 13:10:41.180   545   548 D dalvikvm: GC_CONCURRENT freed 337K, 7% free 10920K/11719K, paused 2ms+3ms
07-05 13:10:41.379  1370 29739 E DictionaryProvider:UpdateHandler: Can't read a file : android.util.MalformedJsonException: Use JsonReader.setLenient(true) to accept malformed JSON at line 1 column 20
07-05 13:10:41.434  1370  1372 D dalvikvm: GC_CONCURRENT freed 382K, 7% free 9127K/9735K, paused 1ms+10ms
07-05 13:10:41.457   465 29740 D dalvikvm: GC_EXPLICIT freed 262K, 8% free 10273K/11079K, paused 1ms+2ms
07-05 13:10:41.488   545   548 D dalvikvm: GC_CONCURRENT freed 928K, 11% free 10527K/11719K, paused 2ms+3ms
07-05 13:10:41.676   545   548 D dalvikvm: GC_CONCURRENT freed 430K, 11% free 10492K/11719K, paused 2ms+3ms
07-05 13:10:41.789   545 29742 I DownloadManager: Initiating request for download 3517
07-05 13:10:41.863   545   548 D dalvikvm: GC_CONCURRENT freed 305K, 10% free 10643K/11719K, paused 1ms+3ms
07-05 13:10:41.977   545   548 D dalvikvm: GC_CONCURRENT freed 313K, 8% free 10851K/11719K, paused 3ms+3ms
07-05 13:10:42.125   545   548 D dalvikvm: GC_CONCURRENT freed 782K, 10% free 10555K/11719K, paused 2ms+2ms
07-05 13:10:42.332   545   548 D dalvikvm: GC_CONCURRENT freed 434K, 11% free 10518K/11719K, paused 1ms+2ms
07-05 13:10:42.524   545   548 D dalvikvm: GC_CONCURRENT freed 418K, 11% free 10487K/11719K, paused 2ms+2ms
07-05 13:10:42.621   545 29745 I DownloadManager: Initiating request for download 3518
07-05 13:10:42.719   545   548 D dalvikvm: GC_CONCURRENT freed 232K, 9% free 10714K/11719K, paused 2ms+3ms
07-05 13:10:42.828   545   548 D dalvikvm: GC_CONCURRENT freed 353K, 8% free 10889K/11719K, paused 2ms+3ms
07-05 13:10:43.020   545   548 D dalvikvm: GC_CONCURRENT freed 848K, 10% free 10563K/11719K, paused 2ms+2ms
07-05 13:10:43.063  1370 29747 E DictionaryProvider:UpdateHandler: Can't read a file : android.util.MalformedJsonException: Use JsonReader.setLenient(true) to accept malformed JSON at line 1 column 20
07-05 13:10:43.254   545   548 D dalvikvm: GC_CONCURRENT freed 452K, 11% free 10508K/11719K, paused 2ms+2ms
07-05 13:10:43.473   156   530 D dalvikvm: GC_EXPLICIT freed 481K, 13% free 14083K/16007K, paused 2ms+5ms
07-05 13:10:43.500   545   548 D dalvikvm: GC_CONCURRENT freed 405K, 11% free 10527K/11719K, paused 1ms+3ms
07-05 13:10:43.500   545 29750 I DownloadManager: Initiating request for download 3518
07-05 13:10:43.617   545   548 D dalvikvm: GC_CONCURRENT freed 179K, 9% free 10774K/11719K, paused 2ms+3ms
07-05 13:10:43.727   545   548 D dalvikvm: GC_CONCURRENT freed 463K, 8% free 10800K/11719K, paused 1ms+2ms
07-05 13:10:43.946   545   548 D dalvikvm: GC_CONCURRENT freed 776K, 11% free 10501K/11719K, paused 2ms+2ms
07-05 13:10:44.121   545   548 D dalvikvm: GC_CONCURRENT freed 413K, 11% free 10483K/11719K, paused 1ms+2ms
07-05 13:10:44.262   545 29753 I DownloadManager: Initiating request for download 3519
07-05 13:10:44.356   545   548 D dalvikvm: GC_CONCURRENT freed 314K, 10% free 10611K/11719K, paused 2ms+2ms
07-05 13:10:44.457   545   548 D dalvikvm: GC_CONCURRENT freed 276K, 8% free 10824K/11719K, paused 2ms+2ms
07-05 13:10:44.586   545   548 D dalvikvm: GC_CONCURRENT freed 777K, 10% free 10548K/11719K, paused 2ms+2ms
07-05 13:10:44.727  1370 29755 E DictionaryProvider:UpdateHandler: Can't read a file : android.util.MalformedJsonException: Use JsonReader.setLenient(true) to accept malformed JSON at line 1 column 20
07-05 13:10:44.832   545   548 D dalvikvm: GC_CONCURRENT freed 436K, 11% free 10506K/11719K, paused 2ms+3ms
07-05 13:10:45.024   545   548 D dalvikvm: GC_CONCURRENT freed 419K, 11% free 10482K/11719K, paused 2ms+2ms
07-05 13:10:45.110   545 29758 I DownloadManager: Initiating request for download 3519
07-05 13:10:45.215   545   548 D dalvikvm: GC_CONCURRENT freed 260K, 9% free 10691K/11719K, paused 2ms+3ms
07-05 13:10:45.317   545   548 D dalvikvm: GC_CONCURRENT freed 354K, 8% free 10856K/11719K, paused 2ms+3ms
07-05 13:10:45.461   545   548 D dalvikvm: GC_CONCURRENT freed 810K, 11% free 10542K/11719K, paused 2ms+2ms
07-05 13:10:45.672   545   548 D dalvikvm: GC_CONCURRENT freed 443K, 11% free 10494K/11719K, paused 2ms+2ms
07-05 13:10:45.856   545   548 D dalvikvm: GC_CONCURRENT freed 412K, 11% free 10477K/11719K, paused 2ms+2ms
07-05 13:10:45.922   545 29761 I DownloadManager: Initiating request for download 3520
07-05 13:10:46.028   545   548 D dalvikvm: GC_CONCURRENT freed 191K, 9% free 10744K/11719K, paused 1ms+3ms
07-05 13:10:46.133   545   548 D dalvikvm: GC_CONCURRENT freed 341K, 7% free 10916K/11719K, paused 2ms+2ms
07-05 13:10:46.356  1370 29763 E DictionaryProvider:UpdateHandler: Can't read a file : android.util.MalformedJsonException: Use JsonReader.setLenient(true) to accept malformed JSON at line 1 column 20
07-05 13:10:46.387   545   548 D dalvikvm: GC_CONCURRENT freed 937K, 11% free 10528K/11719K, paused 2ms+3ms
07-05 13:10:46.574   545   548 D dalvikvm: GC_CONCURRENT freed 433K, 11% free 10489K/11719K, paused 2ms+3ms
07-05 13:10:46.684   545 29765 I DownloadManager: Initiating request for download 3520
07-05 13:10:46.754   545   548 D dalvikvm: GC_CONCURRENT freed 298K, 10% free 10649K/11719K, paused 2ms+4ms
07-05 13:10:46.844   545   548 D dalvikvm: GC_CONCURRENT freed 288K, 8% free 10836K/11719K, paused 2ms+3ms
07-05 13:10:48.399   545   548 D dalvikvm: GC_CONCURRENT freed 779K, 10% free 10549K/11719K, paused 1ms+3ms
07-05 13:10:48.613   545   548 D dalvikvm: GC_CONCURRENT freed 441K, 11% free 10503K/11719K, paused 2ms+3ms
07-05 13:10:48.797   545   548 D dalvikvm: GC_CONCURRENT freed 417K, 11% free 10481K/11719K, paused 2ms+3ms
07-05 13:10:48.906   545 29769 I DownloadManager: Initiating request for download 3521
07-05 13:10:48.996   545   548 D dalvikvm: GC_CONCURRENT freed 247K, 9% free 10694K/11719K, paused 1ms+3ms
07-05 13:10:49.098   545   548 D dalvikvm: GC_CONCURRENT freed 333K, 8% free 10882K/11719K, paused 2ms+3ms
07-05 13:10:49.285   545   548 D dalvikvm: GC_CONCURRENT freed 843K, 11% free 10544K/11719K, paused 2ms+2ms
07-05 13:10:49.352  1370 29771 E DictionaryProvider:UpdateHandler: Can't read a file : android.util.MalformedJsonException: Use JsonReader.setLenient(true) to accept malformed JSON at line 1 column 20
07-05 13:10:49.395  1370  1372 D dalvikvm: GC_CONCURRENT freed 394K, 7% free 9134K/9735K, paused 2ms+2ms
07-05 13:10:49.551   545   548 D dalvikvm: GC_CONCURRENT freed 435K, 11% free 10505K/11719K, paused 1ms+2ms
07-05 13:10:49.735   545   548 D dalvikvm: GC_CONCURRENT freed 419K, 11% free 10480K/11719K, paused 2ms+2ms
07-05 13:10:49.770   545 29774 I DownloadManager: Initiating request for download 3521
07-05 13:10:49.867   545   548 D dalvikvm: GC_CONCURRENT freed 189K, 9% free 10748K/11719K, paused 2ms+3ms
07-05 13:10:49.973   545   548 D dalvikvm: GC_CONCURRENT freed 318K, 7% free 10921K/11719K, paused 1ms+3ms
07-05 13:10:50.223   545   548 D dalvikvm: GC_CONCURRENT freed 922K, 11% free 10521K/11719K, paused 2ms+3ms
07-05 13:10:50.391   545   548 D dalvikvm: GC_CONCURRENT freed 420K, 11% free 10490K/11719K, paused 1ms+2ms
07-05 13:10:50.543   545 29777 I DownloadManager: Initiating request for download 3522
07-05 13:10:50.594   545   548 D dalvikvm: GC_CONCURRENT freed 338K, 10% free 10560K/11719K, paused 2ms+5ms
07-05 13:10:50.707   545   548 D dalvikvm: GC_CONCURRENT freed 222K, 8% free 10877K/11719K, paused 2ms+3ms
07-05 13:10:50.844   545   548 D dalvikvm: GC_CONCURRENT freed 842K, 10% free 10552K/11719K, paused 2ms+3ms
07-05 13:10:50.977  1370 29779 E DictionaryProvider:UpdateHandler: Can't read a file : android.util.MalformedJsonException: Use JsonReader.setLenient(true) to accept malformed JSON at line 1 column 20
07-05 13:10:51.078   545   548 D dalvikvm: GC_CONCURRENT freed 434K, 11% free 10513K/11719K, paused 1ms+2ms
07-05 13:10:51.262   545   548 D dalvikvm: GC_CONCURRENT freed 420K, 11% free 10488K/11719K, paused 2ms+2ms
07-05 13:10:51.356   545 29782 I DownloadManager: Initiating request for download 3522
07-05 13:10:51.434   545   548 D dalvikvm: GC_CONCURRENT freed 258K, 9% free 10690K/11719K, paused 2ms+2ms
07-05 13:10:51.531   545   548 D dalvikvm: GC_CONCURRENT freed 349K, 8% free 10896K/11719K, paused 2ms+3ms
07-05 13:10:51.727   545   548 D dalvikvm: GC_CONCURRENT freed 867K, 11% free 10542K/11719K, paused 2ms+2ms
07-05 13:10:51.926   545   548 D dalvikvm: GC_CONCURRENT freed 437K, 11% free 10500K/11719K, paused 2ms+2ms
07-05 13:10:52.098   545   548 D dalvikvm: GC_CONCURRENT freed 404K, 11% free 10484K/11719K, paused 2ms+3ms
07-05 13:10:52.145   545 29785 I DownloadManager: Initiating request for download 3523
07-05 13:10:52.242   545   548 D dalvikvm: GC_CONCURRENT freed 181K, 9% free 10769K/11719K, paused 2ms+3ms
07-05 13:10:52.344   545   548 D dalvikvm: GC_CONCURRENT freed 435K, 8% free 10818K/11719K, paused 2ms+3ms
07-05 13:10:52.520  1370 29787 E DictionaryProvider:UpdateHandler: Can't read a file : android.util.MalformedJsonException: Use JsonReader.setLenient(true) to accept malformed JSON at line 1 column 20
07-05 13:10:52.582   545   548 D dalvikvm: GC_CONCURRENT freed 775K, 11% free 10528K/11719K, paused 2ms+2ms
07-05 13:10:52.770   545   548 D dalvikvm: GC_CONCURRENT freed 423K, 11% free 10500K/11719K, paused 1ms+2ms
07-05 13:10:52.895   545 29789 I DownloadManager: Initiating request for download 3523
07-05 13:10:52.934   545   548 D dalvikvm: GC_CONCURRENT freed 356K, 11% free 10536K/11719K, paused 2ms+2ms
07-05 13:10:53.031   545   548 D dalvikvm: GC_CONCURRENT freed 190K, 8% free 10785K/11719K, paused 2ms+3ms
07-05 13:10:53.129   545   548 D dalvikvm: GC_CONCURRENT freed 449K, 8% free 10816K/11719K, paused 2ms+2ms
07-05 13:10:53.778   545   548 D dalvikvm: GC_CONCURRENT freed 783K, 11% free 10515K/11719K, paused 1ms+2ms
07-05 13:10:53.949   545   548 D dalvikvm: GC_CONCURRENT freed 415K, 11% free 10496K/11719K, paused 2ms+2ms
07-05 13:10:54.090   545 29793 I DownloadManager: Initiating request for download 3524
07-05 13:10:54.176   545   548 D dalvikvm: GC_CONCURRENT freed 308K, 10% free 10632K/11719K, paused 2ms+3ms
07-05 13:10:54.281   545   548 D dalvikvm: GC_CONCURRENT freed 298K, 8% free 10850K/11719K, paused 2ms+3ms
07-05 13:10:54.422   545   548 D dalvikvm: GC_CONCURRENT freed 781K, 10% free 10557K/11719K, paused 2ms+2ms
07-05 13:10:54.551  1370 29795 E DictionaryProvider:UpdateHandler: Can't read a file : android.util.MalformedJsonException: Use JsonReader.setLenient(true) to accept malformed JSON at line 1 column 20
07-05 13:10:54.656   545   548 D dalvikvm: GC_CONCURRENT freed 423K, 11% free 10526K/11719K, paused 2ms+2ms
07-05 13:10:54.840   545   548 D dalvikvm: GC_CONCURRENT freed 424K, 11% free 10496K/11719K, paused 1ms+2ms
07-05 13:10:54.926   545 29798 I DownloadManager: Initiating request for download 3524
07-05 13:10:55.016   545   548 D dalvikvm: GC_CONCURRENT freed 252K, 9% free 10698K/11719K, paused 2ms+3ms
07-05 13:10:55.121   545   548 D dalvikvm: GC_CONCURRENT freed 341K, 7% free 10900K/11719K, paused 2ms+3ms
07-05 13:10:55.301   545   548 D dalvikvm: GC_CONCURRENT freed 855K, 10% free 10557K/11719K, paused 2ms+2ms
07-05 13:10:55.512   545   548 D dalvikvm: GC_CONCURRENT freed 445K, 11% free 10507K/11719K, paused 2ms+2ms
07-05 13:10:55.703   545   548 D dalvikvm: GC_CONCURRENT freed 412K, 11% free 10490K/11719K, paused 1ms+2ms
07-05 13:10:55.781   545 29801 I DownloadManager: Initiating request for download 3525
07-05 13:10:55.899   545   548 D dalvikvm: GC_CONCURRENT freed 178K, 9% free 10765K/11719K, paused 2ms+3ms
07-05 13:10:56.008   545   548 D dalvikvm: GC_CONCURRENT freed 341K, 7% free 10934K/11719K, paused 1ms+2ms
07-05 13:10:56.238   545   548 D dalvikvm: GC_CONCURRENT freed 938K, 11% free 10525K/11719K, paused 1ms+3ms
07-05 13:10:56.293   545   633 D dalvikvm: GC_EXPLICIT freed 12K, 11% free 10520K/11719K, paused 2ms+4ms
07-05 13:10:56.301  1370 29803 E DictionaryProvider:UpdateHandler: Can't read a file : android.util.MalformedJsonException: Use JsonReader.setLenient(true) to accept malformed JSON at line 1 column 20
07-05 13:10:56.348  1370  1372 D dalvikvm: GC_CONCURRENT freed 394K, 7% free 9131K/9735K, paused 2ms+2ms
07-05 13:10:56.535   545   548 D dalvikvm: GC_CONCURRENT freed 400K, 11% free 10507K/11719K, paused 1ms+2ms
07-05 13:10:56.653   545 29806 I DownloadManager: Initiating request for download 3525
07-05 13:10:56.719   545   548 D dalvikvm: GC_CONCURRENT freed 328K, 10% free 10588K/11719K, paused 2ms+3ms
07-05 13:10:56.821   545   548 D dalvikvm: GC_CONCURRENT freed 237K, 8% free 10820K/11719K, paused 2ms+3ms
07-05 13:10:56.946   545   548 D dalvikvm: GC_CONCURRENT freed 501K, 8% free 10822K/11719K, paused 2ms+2ms
07-05 13:10:57.164   545   548 D dalvikvm: GC_CONCURRENT freed 791K, 11% free 10516K/11719K, paused 1ms+2ms
07-05 13:10:57.348   545   548 D dalvikvm: GC_CONCURRENT freed 415K, 11% free 10496K/11719K, paused 2ms+2ms
07-05 13:10:57.453   545 29809 I DownloadManager: Initiating request for download 3526
07-05 13:10:57.555   545   548 D dalvikvm: GC_CONCURRENT freed 241K, 9% free 10713K/11719K, paused 1ms+3ms
07-05 13:10:57.660   545   548 D dalvikvm: GC_CONCURRENT freed 350K, 8% free 10888K/11719K, paused 2ms+4ms
07-05 13:10:57.824   545   548 D dalvikvm: GC_CONCURRENT freed 840K, 10% free 10561K/11719K, paused 2ms+2ms
07-05 13:10:57.914  1370 29811 D dalvikvm: GC_EXPLICIT freed 109K, 7% free 9092K/9735K, paused 1ms+2ms
07-05 13:10:57.926  1370 29811 E DictionaryProvider:UpdateHandler: Can't read a file : android.util.MalformedJsonException: Use JsonReader.setLenient(true) to accept malformed JSON at line 1 column 20
07-05 13:10:58.086   545   548 D dalvikvm: GC_CONCURRENT freed 439K, 11% free 10518K/11719K, paused 2ms+2ms
07-05 13:10:58.274   545   548 D dalvikvm: GC_CONCURRENT freed 411K, 11% free 10495K/11719K, paused 1ms+2ms
07-05 13:10:58.305   545 29814 I DownloadManager: Initiating request for download 3526
07-05 13:10:58.406   545   548 D dalvikvm: GC_CONCURRENT freed 190K, 9% free 10762K/11719K, paused 2ms+3ms
07-05 13:10:58.516   545   548 D dalvikvm: GC_CONCURRENT freed 334K, 7% free 10938K/11719K, paused 2ms+3ms
07-05 13:10:58.758   545   548 D dalvikvm: GC_CONCURRENT freed 940K, 11% free 10521K/11719K, paused 1ms+2ms
07-05 13:10:58.946   545   548 D dalvikvm: GC_CONCURRENT freed 411K, 11% free 10513K/11719K, paused 2ms+3ms
07-05 13:10:59.172   156   559 D dalvikvm: GC_EXPLICIT freed 493K, 13% free 14082K/16007K, paused 3ms+5ms
07-05 13:10:59.180   545 29817 I DownloadManager: Initiating request for download 3527
07-05 13:10:59.238   545   548 D dalvikvm: GC_CONCURRENT freed 324K, 10% free 10575K/11719K, paused 2ms+3ms
07-05 13:10:59.348   545   548 D dalvikvm: GC_CONCURRENT freed 239K, 8% free 10878K/11719K, paused 2ms+2ms
07-05 13:10:59.485   545   548 D dalvikvm: GC_CONCURRENT freed 850K, 10% free 10552K/11719K, paused 2ms+2ms
07-05 13:10:59.617  1370 29819 E DictionaryProvider:UpdateHandler: Can't read a file : android.util.MalformedJsonException: Use JsonReader.setLenient(true) to accept malformed JSON at line 1 column 20
07-05 13:10:59.731   545   548 D dalvikvm: GC_CONCURRENT freed 432K, 11% free 10514K/11719K, paused 2ms+3ms
07-05 13:10:59.918   545   548 D dalvikvm: GC_CONCURRENT freed 422K, 11% free 10498K/11719K, paused 2ms+2ms
07-05 13:11:00.028   545 29822 I DownloadManager: Initiating request for download 3527
07-05 13:11:00.106   545   548 D dalvikvm: GC_CONCURRENT freed 265K, 9% free 10692K/11719K, paused 1ms+3ms
07-05 13:11:00.215   545   548 D dalvikvm: GC_CONCURRENT freed 313K, 8% free 10871K/11719K, paused 2ms+2ms
07-05 13:11:00.383   545   548 D dalvikvm: GC_CONCURRENT freed 818K, 10% free 10561K/11719K, paused 2ms+2ms
07-05 13:11:00.590   545   548 D dalvikvm: GC_CONCURRENT freed 456K, 11% free 10503K/11719K, paused 2ms+3ms
07-05 13:11:00.778   545   548 D dalvikvm: GC_CONCURRENT freed 412K, 11% free 10485K/11719K, paused 1ms+2ms
07-05 13:11:00.852   545 29825 I DownloadManager: Initiating request for download 3528
07-05 13:11:00.949   545   548 D dalvikvm: GC_CONCURRENT freed 205K, 9% free 10738K/11719K, paused 2ms+3ms
07-05 13:11:01.055   545   548 D dalvikvm: GC_CONCURRENT freed 343K, 7% free 10928K/11719K, paused 2ms+3ms
07-05 13:11:01.258  1370 29827 E DictionaryProvider:UpdateHandler: Can't read a file : android.util.MalformedJsonException: Use JsonReader.setLenient(true) to accept malformed JSON at line 1 column 20
07-05 13:11:01.321   545   548 D dalvikvm: GC_CONCURRENT freed 932K, 11% free 10528K/11719K, paused 2ms+2ms
07-05 13:11:01.488   545   548 D dalvikvm: GC_CONCURRENT freed 428K, 11% free 10496K/11719K, paused 2ms+2ms
07-05 13:11:01.617   545 29830 I DownloadManager: Initiating request for download 3528
07-05 13:11:01.664   545   548 D dalvikvm: GC_CONCURRENT freed 358K, 10% free 10562K/11719K, paused 2ms+3ms
07-05 13:11:01.770   545   548 D dalvikvm: GC_CONCURRENT freed 214K, 8% free 10822K/11719K, paused 2ms+3ms
07-05 13:11:01.899   545   548 D dalvikvm: GC_CONCURRENT freed 488K, 8% free 10817K/11719K, paused 1ms+2ms
07-05 13:11:02.129   545   548 D dalvikvm: GC_CONCURRENT freed 784K, 11% free 10509K/11719K, paused 2ms+2ms
07-05 13:11:02.317   545   548 D dalvikvm: GC_CONCURRENT freed 414K, 11% free 10490K/11719K, paused 2ms+2ms
07-05 13:11:02.449   545 29833 I DownloadManager: Initiating request for download 3529
07-05 13:11:02.535   545   548 D dalvikvm: GC_CONCURRENT freed 262K, 9% free 10687K/11719K, paused 2ms+3ms
07-05 13:11:02.645   545   548 D dalvikvm: GC_CONCURRENT freed 345K, 8% free 10895K/11719K, paused 2ms+3ms
07-05 13:11:02.824   545   548 D dalvikvm: GC_CONCURRENT freed 850K, 10% free 10555K/11719K, paused 2ms+2ms
07-05 13:11:02.887  1370 29835 E DictionaryProvider:UpdateHandler: Can't read a file : android.util.MalformedJsonException: Use JsonReader.setLenient(true) to accept malformed JSON at line 1 column 20
07-05 13:11:03.047   545   548 D dalvikvm: GC_CONCURRENT freed 437K, 11% free 10513K/11719K, paused 2ms+2ms
07-05 13:11:03.231   545   548 D dalvikvm: GC_CONCURRENT freed 420K, 11% free 10488K/11719K, paused 2ms+2ms
07-05 13:11:03.274   545 29838 I DownloadManager: Initiating request for download 3529
07-05 13:11:03.375   545   548 D dalvikvm: GC_CONCURRENT freed 200K, 9% free 10746K/11719K, paused 2ms+3ms
07-05 13:11:03.488   545   548 D dalvikvm: GC_CONCURRENT freed 335K, 7% free 10933K/11719K, paused 2ms+4ms
07-05 13:11:03.672   545 29841 I DownloadManager: in removeSpuriousFiles
07-05 13:11:03.731   545   548 D dalvikvm: GC_CONCURRENT freed 935K, 10% free 10636K/11719K, paused 1ms+3ms
07-05 13:11:03.793   545 29841 D dalvikvm: GC_FOR_ALLOC freed 338K, 8% free 10835K/11719K, paused 22ms
07-05 13:11:03.824   545 29841 I DownloadManager: in removeSpuriousFiles, preserving file /data/data/com.android.providers.downloads/cache/metadata-46.htm
07-05 13:11:03.824   545 29841 I DownloadManager: in removeSpuriousFiles, preserving file /data/data/com.android.providers.downloads/cache/metadata-35.htm
07-05 13:11:03.824   545 29841 I DownloadManager: in removeSpuriousFiles, preserving file /data/data/com.android.providers.downloads/cache/metadata-12.htm
07-05 13:11:03.824   545 29841 I DownloadManager: in removeSpuriousFiles, preserving file /data/data/com.android.providers.downloads/cache/metadata-28.htm
07-05 13:11:03.824   545 29841 I DownloadManager: in removeSpuriousFiles, preserving file /data/data/com.android.providers.downloads/cache/metadata-47.htm
07-05 13:11:03.824   545 29841 I DownloadManager: in removeSpuriousFiles, preserving file /data/data/com.android.providers.downloads/cache/metadata-292.htm
07-05 13:11:03.828   545 29841 I DownloadManager: in removeSpuriousFiles, preserving file /data/data/com.android.providers.downloads/cache/metadata-698.htm
07-05 13:11:03.828   545 29841 I DownloadManager: in removeSpuriousFiles, preserving file /data/data/com.android.providers.downloads/cache/metadata-1377.htm
07-05 13:11:03.828   545 29841 I DownloadManager: in removeSpuriousFiles, preserving file /data/data/com.android.providers.downloads/cache/metadata-464.htm
07-05 13:11:03.828   545 29841 I DownloadManager: in removeSpuriousFiles, preserving file /data/data/com.android.providers.downloads/cache/metadata-808.htm
07-05 13:11:03.828   545 29841 I DownloadManager: in removeSpuriousFiles, preserving file /data/data/com.android.providers.downloads/cache/metadata-1424.htm
07-05 13:11:03.828   545 29841 I DownloadManager: in removeSpuriousFiles, preserving file /data/data/com.android.providers.downloads/cache/metadata-51.htm
07-05 13:11:03.828   545 29841 I DownloadManager: in removeSpuriousFiles, preserving file /data/data/com.android.providers.downloads/cache/metadata-413.htm
07-05 13:11:03.828   545 29841 I DownloadManager: in removeSpuriousFiles, preserving file /data/data/com.android.providers.downloads/cache/metadata-1475.htm
07-05 13:11:03.828   545 29841 I DownloadManager: in removeSpuriousFiles, preserving file /data/data/com.android.providers.downloads/cache/metadata-632.htm
07-05 13:11:03.828   545 29841 I DownloadManager: in removeSpuriousFiles, preserving file /data/data/com.android.providers.downloads/cache/metadata-749.htm
07-05 13:11:03.828   545 29841 I DownloadManager: in removeSpuriousFiles, preserving file /data/data/com.android.providers.downloads/cache/metadata-495.htm
07-05 13:11:03.828   545 29841 I DownloadManager: in removeSpuriousFiles, preserving file /data/data/com.android.providers.downloads/cache/metadata-643.htm
07-05 13:11:03.828   545 29841 I DownloadManager: in removeSpuriousFiles, preserving file /data/data/com.android.providers.downloads/cache/metadata-565.htm
07-05 13:11:03.828   545 29841 I DownloadManager: in removeSpuriousFiles, preserving file /data/data/com.android.providers.downloads/cache/metadata-1272.htm
07-05 13:11:03.832   545 29841 I DownloadManager: in removeSpuriousFiles, preserving file /data/data/com.android.providers.downloads/cache/metadata-1343.htm
07-05 13:11:03.832   545 29841 I DownloadManager: in removeSpuriousFiles, preserving file /data/data/com.android.providers.downloads/cache/metadata-1841.htm
07-05 13:11:03.832   545 29841 I DownloadManager: in removeSpuriousFiles, preserving file /data/data/com.android.providers.downloads/cache/metadata-2123.htm
07-05 13:11:03.832   545 29841 I DownloadManager: in removeSpuriousFiles, preserving file /data/data/com.android.providers.downloads/cache/metadata-1291.htm
07-05 13:11:03.832   545 29841 I DownloadManager: in removeSpuriousFiles, preserving file /data/data/com.android.providers.downloads/cache/metadata-1568.htm
07-05 13:11:03.832   545 29841 I DownloadManager: in removeSpuriousFiles, preserving file /data/data/com.android.providers.downloads/cache/metadata-301.htm
07-05 13:11:03.832   545 29841 I DownloadManager: in removeSpuriousFiles, preserving file /data/data/com.android.providers.downloads/cache/metadata-1417.htm
07-05 13:11:03.832   545 29841 I DownloadManager: in removeSpuriousFiles, preserving file /data/data/com.android.providers.downloads/cache/metadata-1670.htm
07-05 13:11:03.832   545 29841 I DownloadManager: in removeSpuriousFiles, preserving file /data/data/com.android.providers.downloads/cache/metadata-1139.htm
07-05 13:11:03.832   545 29841 I DownloadManager: in removeSpuriousFiles, preserving file /data/data/com.android.providers.downloads/cache/metadata-619.htm
07-05 13:11:03.832   545 29841 I DownloadManager: in removeSpuriousFiles, preserving file /data/data/com.android.providers.downloads/cache/metadata-442.htm
07-05 13:11:03.832   545 29841 I DownloadManager: in removeSpuriousFiles, preserving file /data/data/com.android.providers.downloads/cache/metadata-1271.htm
07-05 13:11:03.836   545 29841 I DownloadManager: in removeSpuriousFiles, preserving file /data/data/com.android.providers.downloads/cache/metadata-800.htm
07-05 13:11:03.836   545 29841 I DownloadManager: in removeSpuriousFiles, preserving file /data/data/com.android.providers.downloads/cache/metadata-944.htm
07-05 13:11:03.836   545 29841 I DownloadManager: in removeSpuriousFiles, preserving file /data/data/com.android.providers.downloads/cache/metadata-1154.htm
07-05 13:11:03.836   545 29841 I DownloadManager: in removeSpuriousFiles, preserving file /data/data/com.android.providers.downloads/cache/metadata-718.htm
07-05 13:11:03.836   545 29841 I DownloadManager: in removeSpuriousFiles, preserving file /data/data/com.android.providers.downloads/cache/metadata-2059.htm
07-05 13:11:03.836   545 29841 I DownloadManager: in removeSpuriousFiles, preserving file /data/data/com.android.providers.downloads/cache/metadata-1332.htm
07-05 13:11:03.836   545 29841 I DownloadManager: in removeSpuriousFiles, preserving file /data/data/com.android.providers.downloads/cache/metadata-2536.htm
07-05 13:11:03.836   545 29841 I DownloadManager: in removeSpuriousFiles, preserving file /data/data/com.android.providers.downloads/cache/metadata-315.htm
07-05 13:11:03.836   545 29841 I DownloadManager: in removeSpuriousFiles, preserving file /data/data/com.android.providers.downloads/cache/metadata-510.htm
07-05 13:11:03.836   545 29841 I DownloadManager: in removeSpuriousFiles, preserving file /data/data/com.android.providers.downloads/cache/metadata-654.htm
07-05 13:11:03.836   545 29841 I DownloadManager: in removeSpuriousFiles, preserving file /data/data/com.android.providers.downloads/cache/metadata-395.htm
07-05 13:11:03.840   545 29841 I DownloadManager: in removeSpuriousFiles, preserving file /data/data/com.android.providers.downloads/cache/metadata-1704.htm
07-05 13:11:03.840   545 29841 I DownloadManager: in removeSpuriousFiles, preserving file /data/data/com.android.providers.downloads/cache/metadata-843.htm
07-05 13:11:03.840   545 29841 I DownloadManager: in removeSpuriousFiles, preserving file /data/data/com.android.providers.downloads/cache/metadata-953.htm
07-05 13:11:03.840   545 29841 I DownloadManager: in removeSpuriousFiles, preserving file /data/data/com.android.providers.downloads/cache/metadata-1321.htm
07-05 13:11:03.840   545 29841 I DownloadManager: in removeSpuriousFiles, preserving file /data/data/com.android.providers.downloads/cache/metadata-1320.htm
07-05 13:11:03.840   545 29841 I DownloadManager: in removeSpuriousFiles, preserving file /data/data/com.android.providers.downloads/cache/metadata-883.htm
07-05 13:11:03.840   545 29841 I DownloadManager: in removeSpuriousFiles, preserving file /data/data/com.android.providers.downloads/cache/metadata-1930.htm
07-05 13:11:03.840   545 29841 I DownloadManager: in removeSpuriousFiles, preserving file /data/data/com.android.providers.downloads/cache/metadata-2140.htm
07-05 13:11:03.840   545 29841 I DownloadManager: in removeSpuriousFiles, preserving file /data/data/com.android.providers.downloads/cache/metadata-669.htm
07-05 13:11:03.840   545 29841 I DownloadManager: in removeSpuriousFiles, preserving file /data/data/com.android.providers.downloads/cache/metadata-1009.htm
07-05 13:11:03.844   545 29841 I DownloadManager: in removeSpuriousFiles, preserving file /data/data/com.android.providers.downloads/cache/metadata-1135.htm
07-05 13:11:03.844   545 29841 I DownloadManager: in removeSpuriousFiles, preserving file /data/data/com.android.providers.downloads/cache/metadata-1628.htm
07-05 13:11:03.844   545 29841 I DownloadManager: in removeSpuriousFiles, preserving file /data/data/com.android.providers.downloads/cache/metadata-2283.htm
07-05 13:11:03.844   545 29841 I DownloadManager: in removeSpuriousFiles, preserving file /data/data/com.android.providers.downloads/cache/metadata-474.htm
07-05 13:11:03.844   545 29841 I DownloadManager: in removeSpuriousFiles, preserving file /data/data/com.android.providers.downloads/cache/metadata-594.htm
07-05 13:11:03.844   545 29841 I DownloadManager: in removeSpuriousFiles, preserving file /data/data/com.android.providers.downloads/cache/metadata-1465.htm
07-05 13:11:03.844   545 29841 I DownloadManager: in removeSpuriousFiles, preserving file /data/data/com.android.providers.downloads/cache/metadata-1258.htm
07-05 13:11:03.844   545 29841 I DownloadManager: in removeSpuriousFiles, preserving file /data/data/com.android.providers.downloads/cache/metadata-926.htm
07-05 13:11:03.844   545 29841 I DownloadManager: in removeSpuriousFiles, preserving file /data/data/com.android.providers.downloads/cache/metadata-1305.htm
07-05 13:11:03.844   545 29841 I DownloadManager: in removeSpuriousFiles, preserving file /data/data/com.android.providers.downloads/cache/metadata-1685.htm
07-05 13:11:03.848   545 29841 I DownloadManager: in removeSpuriousFiles, preserving file /data/data/com.android.providers.downloads/cache/metadata-511.htm
07-05 13:11:03.848   545 29841 I DownloadManager: in removeSpuriousFiles, preserving file /data/data/com.android.providers.downloads/cache/metadata-539.htm
07-05 13:11:03.848   545 29841 I DownloadManager: in removeSpuriousFiles, preserving file /data/data/com.android.providers.downloads/cache/metadata-1334.htm
07-05 13:11:03.848   545 29841 I DownloadManager: in removeSpuriousFiles, preserving file /data/data/com.android.providers.downloads/cache/metadata-1361.htm
07-05 13:11:03.848   545 29841 I DownloadManager: in removeSpuriousFiles, preserving file /data/data/com.android.providers.downloads/cache/metadata-1410.htm
07-05 13:11:03.848   545 29841 I DownloadManager: in removeSpuriousFiles, preserving file /data/data/com.android.providers.downloads/cache/metadata-625.htm
07-05 13:11:03.848   545 29841 I DownloadManager: in removeSpuriousFiles, preserving file /data/data/com.android.providers.downloads/cache/metadata-1081.htm
07-05 13:11:03.848   545 29841 I DownloadManager: in removeSpuriousFiles, preserving file /data/data/com.android.providers.downloads/cache/metadata-1590.htm
07-05 13:11:03.848   545 29841 I DownloadManager: in removeSpuriousFiles, preserving file /data/data/com.android.providers.downloads/cache/metadata-970.htm
07-05 13:11:03.852   545 29841 I DownloadManager: in removeSpuriousFiles, preserving file /data/data/com.android.providers.downloads/cache/metadata-1885.htm
07-05 13:11:03.852   545 29841 I DownloadManager: in removeSpuriousFiles, preserving file /data/data/com.android.providers.downloads/cache/metadata-2454.htm
07-05 13:11:03.852   545 29841 I DownloadManager: in removeSpuriousFiles, preserving file /data/data/com.android.providers.downloads/cache/metadata-1541.htm
07-05 13:11:03.852   545 29841 I DownloadManager: in removeSpuriousFiles, preserving file /data/data/com.android.providers.downloads/cache/metadata-1608.htm
07-05 13:11:03.852   545 29841 I DownloadManager: in removeSpuriousFiles, preserving file /data/data/com.android.providers.downloads/cache/metadata-489.htm
07-05 13:11:03.852   545 29841 I DownloadManager: in removeSpuriousFiles, preserving file /data/data/com.android.providers.downloads/cache/metadata-637.htm
07-05 13:11:03.852   545 29841 I DownloadManager: in removeSpuriousFiles, preserving file /data/data/com.android.providers.downloads/cache/metadata-1325.htm
07-05 13:11:03.852   545 29841 I DownloadManager: in removeSpuriousFiles, preserving file /data/data/com.android.providers.downloads/cache/metadata-1208.htm
07-05 13:11:03.852   545 29841 I DownloadManager: in removeSpuriousFiles, preserving file /data/data/com.android.providers.downloads/cache/metadata-1340.htm
07-05 13:11:03.852   545 29841 I DownloadManager: in removeSpuriousFiles, preserving file /data/data/com.android.providers.downloads/cache/metadata-1385.htm
07-05 13:11:03.856   545 29841 I DownloadManager: in removeSpuriousFiles, preserving file /data/data/com.android.providers.downloads/cache/metadata-743.htm
07-05 13:11:03.856   545 29841 I DownloadManager: in removeSpuriousFiles, preserving file /data/data/com.android.providers.downloads/cache/metadata-1003.htm
07-05 13:11:03.856   545 29841 I DownloadManager: in removeSpuriousFiles, preserving file /data/data/com.android.providers.downloads/cache/metadata-1529.htm
07-05 13:11:03.856   545 29841 I DownloadManager: in removeSpuriousFiles, preserving file /data/data/com.android.providers.downloads/cache/metadata-885.htm
07-05 13:11:03.856   545 29841 I DownloadManager: in removeSpuriousFiles, preserving file /data/data/com.android.providers.downloads/cache/metadata-726.htm
07-05 13:11:03.856   545 29841 I DownloadManager: in removeSpuriousFiles, preserving file /data/data/com.android.providers.downloads/cache/metadata-668.htm
07-05 13:11:03.856   545 29841 I DownloadManager: in removeSpuriousFiles, preserving file /data/data/com.android.providers.downloads/cache/metadata-774.htm
07-05 13:11:03.856   545 29841 I DownloadManager: in removeSpuriousFiles, preserving file /data/data/com.android.providers.downloads/cache/metadata-861.htm
07-05 13:11:03.860   545 29841 I DownloadManager: in removeSpuriousFiles, preserving file /data/data/com.android.providers.downloads/cache/metadata-1280.htm
07-05 13:11:03.860   545 29841 I DownloadManager: in removeSpuriousFiles, preserving file /data/data/com.android.providers.downloads/cache/metadata-1467.htm
07-05 13:11:03.860   545 29841 I DownloadManager: in removeSpuriousFiles, preserving file /data/data/com.android.providers.downloads/cache/metadata-973.htm
07-05 13:11:03.860   545 29841 I DownloadManager: in removeSpuriousFiles, preserving file /data/data/com.android.providers.downloads/cache/metadata-1394.htm
07-05 13:11:03.860   545 29841 I DownloadManager: in removeSpuriousFiles, preserving file /data/data/com.android.providers.downloads/cache/metadata-2326.htm
07-05 13:11:03.860   545 29841 I DownloadManager: in removeSpuriousFiles, preserving file /data/data/com.android.providers.downloads/cache/metadata-208.htm
07-05 13:11:03.860   545 29841 I DownloadManager: in removeSpuriousFiles, preserving file /data/data/com.android.providers.downloads/cache/metadata-1246.htm
07-05 13:11:03.860   545 29841 I DownloadManager: in removeSpuriousFiles, preserving file /data/data/com.android.providers.downloads/cache/metadata-994.htm
07-05 13:11:03.860   545 29841 I DownloadManager: in removeSpuriousFiles, preserving file /data/data/com.android.providers.downloads/cache/metadata-912.htm
07-05 13:11:03.863   545 29841 I DownloadManager: in removeSpuriousFiles, preserving file /data/data/com.android.providers.downloads/cache/metadata-1520.htm
07-05 13:11:03.863   545 29841 I DownloadManager: in removeSpuriousFiles, preserving file /data/data/com.android.providers.downloads/cache/metadata-732.htm
07-05 13:11:03.863   545 29841 I DownloadManager: in removeSpuriousFiles, preserving file /data/data/com.android.providers.downloads/cache/metadata-986.htm
07-05 13:11:03.863   545 29841 I DownloadManager: in removeSpuriousFiles, preserving file /data/data/com.android.providers.downloads/cache/metadata-846.htm
07-05 13:11:03.863   545 29841 I DownloadManager: in removeSpuriousFiles, preserving file /data/data/com.android.providers.downloads/cache/metadata-1342.htm
07-05 13:11:03.863   545 29841 I DownloadManager: in removeSpuriousFiles, preserving file /data/data/com.android.providers.downloads/cache/metadata-956.htm
07-05 13:11:03.863   545 29841 I DownloadManager: in removeSpuriousFiles, preserving file /data/data/com.android.providers.downloads/cache/metadata-1584.htm
07-05 13:11:03.863   545 29841 I DownloadManager: in removeSpuriousFiles, preserving file /data/data/com.android.providers.downloads/cache/metadata-505.htm
07-05 13:11:03.867   545 29841 I DownloadManager: in removeSpuriousFiles, preserving file /data/data/com.android.providers.downloads/cache/metadata-2194.htm
07-05 13:11:03.867   545 29841 I DownloadManager: in removeSpuriousFiles, preserving file /data/data/com.android.providers.downloads/cache/metadata-870.htm
07-05 13:11:03.867   545 29841 I DownloadManager: in removeSpuriousFiles, preserving file /data/data/com.android.providers.downloads/cache/metadata-1901.htm
07-05 13:11:03.867   545 29841 I DownloadManager: in removeSpuriousFiles, preserving file /data/data/com.android.providers.downloads/cache/metadata-884.htm
07-05 13:11:03.867   545 29841 I DownloadManager: in removeSpuriousFiles, preserving file /data/data/com.android.providers.downloads/cache/metadata-856.htm
07-05 13:11:03.867   545 29841 I DownloadManager: in removeSpuriousFiles, preserving file /data/data/com.android.providers.downloads/cache/metadata-2117.htm
07-05 13:11:03.867   545 29841 I DownloadManager: in removeSpuriousFiles, preserving file /data/data/com.android.providers.downloads/cache/metadata-646.htm
07-05 13:11:03.871   545 29841 I DownloadManager: in removeSpuriousFiles, preserving file /data/data/com.android.providers.downloads/cache/metadata-2027.htm
07-05 13:11:03.871   545 29841 I DownloadManager: in removeSpuriousFiles, preserving file /data/data/com.android.providers.downloads/cache/metadata-1518.htm
07-05 13:11:03.871   545 29841 I DownloadManager: in removeSpuriousFiles, preserving file /data/data/com.android.providers.downloads/cache/metadata-1539.htm
07-05 13:11:03.871   545 29841 I DownloadManager: in removeSpuriousFiles, preserving file /data/data/com.android.providers.downloads/cache/metadata-2.htm
07-05 13:11:03.871   545 29841 I DownloadManager: in removeSpuriousFiles, preserving file /data/data/com.android.providers.downloads/cache/metadata-23.htm
07-05 13:11:03.871   545 29841 I DownloadManager: in removeSpuriousFiles, preserving file /data/data/com.android.providers.downloads/cache/metadata-8.htm
07-05 13:11:03.871   545 29841 I DownloadManager: in removeSpuriousFiles, preserving file /data/data/com.android.providers.downloads/cache/metadata-24.htm
07-05 13:11:03.871   545 29841 I DownloadManager: in removeSpuriousFiles, preserving file /data/data/com.android.providers.downloads/cache/metadata-36.htm
07-05 13:11:03.871   545 29841 I DownloadManager: in removeSpuriousFiles, preserving file /data/data/com.android.providers.downloads/cache/metadata-13.htm
07-05 13:11:03.871   545 29841 I DownloadManager: in removeSpuriousFiles, preserving file /data/data/com.android.providers.downloads/cache/metadata-40.htm
07-05 13:11:03.871   545 29841 I DownloadManager: in removeSpuriousFiles, preserving file /data/data/com.android.providers.downloads/cache/metadata-56.htm
07-05 13:11:03.871   545 29841 I DownloadManager: in removeSpuriousFiles, preserving file /data/data/com.android.providers.downloads/cache/metadata-32.htm
07-05 13:11:03.871   545 29841 I DownloadManager: in removeSpuriousFiles, preserving file /data/data/com.android.providers.downloads/cache/metadata-21.htm
07-05 13:11:03.871   545 29841 I DownloadManager: in removeSpuriousFiles, preserving file /data/data/com.android.providers.downloads/cache/metadata-55.htm
07-05 13:11:03.871   545 29841 I DownloadManager: in removeSpuriousFiles, preserving file /data/data/com.android.providers.downloads/cache/metadata-42.htm
07-05 13:11:03.871   545 29841 I DownloadManager: in removeSpuriousFiles, preserving file /data/data/com.android.providers.downloads/cache/metadata-58.htm
07-05 13:11:03.871   545 29841 I DownloadManager: in removeSpuriousFiles, preserving file /data/data/com.android.providers.downloads/cache/metadata-59.htm
07-05 13:11:03.871   545 29841 I DownloadManager: in removeSpuriousFiles, preserving file /data/data/com.android.providers.downloads/cache/metadata-2109.htm
07-05 13:11:03.871   545 29841 I DownloadManager: in removeSpuriousFiles, preserving file /data/data/com.android.providers.downloads/cache/metadata-161.htm
07-05 13:11:03.871   545 29841 I DownloadManager: in removeSpuriousFiles, preserving file /data/data/com.android.providers.downloads/cache/metadata-372.htm
07-05 13:11:03.871   545 29841 I DownloadManager: in removeSpuriousFiles, preserving file /data/data/com.android.providers.downloads/cache/metadata-60.htm
07-05 13:11:03.871   545 29841 I DownloadManager: in removeSpuriousFiles, preserving file /data/data/com.android.providers.downloads/cache/metadata-153.htm
07-05 13:11:03.871   545 29841 I DownloadManager: in removeSpuriousFiles, preserving file /data/data/com.android.providers.downloads/cache/metadata-62.htm
07-05 13:11:03.871   545 29841 I DownloadManager: in removeSpuriousFiles, preserving file /data/data/com.android.providers.downloads/cache/metadata-89.htm
07-05 13:11:03.871   545 29841 I DownloadManager: in removeSpuriousFiles, preserving file /data/data/com.android.providers.downloads/cache/metadata-1266.htm
07-05 13:11:03.871   545 29841 I DownloadManager: in removeSpuriousFiles, preserving file /data/data/com.android.providers.downloads/cache/metadata-151.htm
07-05 13:11:03.871   545 29841 I DownloadManager: in removeSpuriousFiles, preserving file /data/data/com.android.providers.downloads/cache/metadata-324.htm
07-05 13:11:03.871   545 29841 I DownloadManager: in removeSpuriousFiles, preserving file /data/data/com.android.providers.downloads/cache/metadata-1400.htm
07-05 13:11:03.871   545 29841 I DownloadManager: in removeSpuriousFiles, preserving file /data/data/com.android.providers.downloads/cache/metadata-609.htm
07-05 13:11:03.875   545 29841 I DownloadManager: in removeSpuriousFiles, preserving file /data/data/com.android.providers.downloads/cache/metadata-183.htm
07-05 13:11:03.875   545 29841 I DownloadManager: in removeSpuriousFiles, preserving file /data/data/com.android.providers.downloads/cache/metadata-1740.htm
07-05 13:11:03.875   545 29841 I DownloadManager: in removeSpuriousFiles, preserving file /data/data/com.android.providers.downloads/cache/metadata-67.htm
07-05 13:11:03.875   545 29841 I DownloadManager: in removeSpuriousFiles, preserving file /data/data/com.android.providers.downloads/cache/metadata-143.htm
07-05 13:11:03.875   545 29841 I DownloadManager: in removeSpuriousFiles, preserving file /data/data/com.android.providers.downloads/cache/metadata-1077.htm
07-05 13:11:03.875   545 29841 I DownloadManager: in removeSpuriousFiles, preserving file /data/data/com.android.providers.downloads/cache/metadata-563.htm
07-05 13:11:03.875   545 29841 I DownloadManager: in removeSpuriousFiles, preserving file /data/data/com.android.providers.downloads/cache/metadata-1249.htm
07-05 13:11:03.875   545 29841 I DownloadManager: in removeSpuriousFiles, preserving file /data/data/com.android.providers.downloads/cache/metadata-196.htm
07-05 13:11:03.875   545 29841 I DownloadManager: in removeSpuriousFiles, preserving file /data/data/com.android.providers.downloads/cache/metadata-216.htm
07-05 13:11:03.875   545 29841 I DownloadManager: in removeSpuriousFiles, preserving file /data/data/com.android.providers.downloads/cache/metadata-1887.htm
07-05 13:11:03.875   545 29841 I DownloadManager: in removeSpuriousFiles, preserving file /data/data/com.android.providers.downloads/cache/metadata-799.htm
07-05 13:11:03.875   545 29841 I DownloadManager: in removeSpuriousFiles, preserving file /data/data/com.android.providers.downloads/cache/metadata-991.htm
07-05 13:11:03.875   545 29841 I DownloadManager: in removeSpuriousFiles, preserving file /data/data/com.android.providers.downloads/cache/metadata-230.htm
07-05 13:11:03.875   545 29841 I DownloadManager: in removeSpuriousFiles, preserving file /data/data/com.android.providers.downloads/cache/metadata-1102.htm
07-05 13:11:03.875   545 29841 I DownloadManager: in removeSpuriousFiles, preserving file /data/data/com.android.providers.downloads/cache/metadata-656.htm
07-05 13:11:03.875   545 29841 I DownloadManager: in removeSpuriousFiles, preserving file /data/data/com.android.providers.downloads/cache/metadata-580.htm
07-05 13:11:03.875   545 29841 I DownloadManager: in removeSpuriousFiles, preserving file /data/data/com.android.providers.downloads/cache/metadata-1304.htm
07-05 13:11:03.875   545 29841 I DownloadManager: in removeSpuriousFiles, preserving file /data/data/com.android.providers.downloads/cache/metadata-1635.htm
07-05 13:11:03.875   545 29841 I DownloadManager: in removeSpuriousFiles, preserving file /data/data/com.android.providers.downloads/cache/metadata-416.htm
07-05 13:11:03.875   545 29841 I DownloadManager: in removeSpuriousFiles, preserving file /data/data/com.android.providers.downloads/cache/metadata-1823.htm
07-05 13:11:03.875   545 29841 I DownloadManager: in removeSpuriousFiles, preserving file /data/data/com.android.providers.downloads/cache/metadata-590.htm
07-05 13:11:03.875   545 29841 I DownloadManager: in removeSpuriousFiles, preserving file /data/data/com.android.providers.downloads/cache/metadata-586.htm
07-05 13:11:03.879   545 29841 I DownloadManager: in removeSpuriousFiles, preserving file /data/data/com.android.providers.downloads/cache/metadata-1270.htm
07-05 13:11:03.879   545 29841 I DownloadManager: in removeSpuriousFiles, preserving file /data/data/com.android.providers.downloads/cache/metadata-686.htm
07-05 13:11:03.879   545 29841 I DownloadManager: in removeSpuriousFiles, preserving file /data/data/com.android.providers.downloads/cache/metadata-245.htm
07-05 13:11:03.879   545 29841 I DownloadManager: in removeSpuriousFiles, preserving file /data/data/com.android.providers.downloads/cache/metadata-862.htm
07-05 13:11:03.879   545 29841 I DownloadManager: in removeSpuriousFiles, preserving file /data/data/com.android.providers.downloads/cache/metadata-1312.htm
07-05 13:11:03.879   545 29841 I DownloadManager: in removeSpuriousFiles, preserving file /data/data/com.android.providers.downloads/cache/metadata-1212.htm
07-05 13:11:03.879   545 29841 I DownloadManager: in removeSpuriousFiles, preserving file /data/data/com.android.providers.downloads/cache/metadata-294.htm
07-05 13:11:03.879   545 29841 I DownloadManager: in removeSpuriousFiles, preserving file /data/data/com.android.providers.downloads/cache/metadata-192.htm
07-05 13:11:03.879   545 29841 I DownloadManager: in removeSpuriousFiles, preserving file /data/data/com.android.providers.downloads/cache/metadata-1140.htm
07-05 13:11:03.879   545 29841 I DownloadManager: in removeSpuriousFiles, preserving file /data/data/com.android.providers.downloads/cache/metadata-201.htm
07-05 13:11:03.879   545 29841 I DownloadManager: in removeSpuriousFiles, preserving file /data/data/com.android.providers.downloads/cache/metadata-77.htm
07-05 13:11:03.879   545 29841 I DownloadManager: in removeSpuriousFiles, preserving file /data/data/com.android.providers.downloads/cache/metadata-1921.htm
07-05 13:11:03.883   545 29841 I DownloadManager: in removeSpuriousFiles, preserving file /data/data/com.android.providers.downloads/cache/metadata-627.htm
07-05 13:11:03.883   545 29841 I DownloadManager: in removeSpuriousFiles, preserving file /data/data/com.android.providers.downloads/cache/metadata-569.htm
07-05 13:11:03.883   545 29841 I DownloadManager: in removeSpuriousFiles, preserving file /data/data/com.android.providers.downloads/cache/metadata-1756.htm
07-05 13:11:03.883   545 29841 I DownloadManager: in removeSpuriousFiles, preserving file /data/data/com.android.providers.downloads/cache/metadata-787.htm
07-05 13:11:03.883   545 29841 I DownloadManager: in removeSpuriousFiles, preserving file /data/data/com.android.providers.downloads/cache/metadata-1158.htm
07-05 13:11:03.883   545 29841 I DownloadManager: in removeSpuriousFiles, preserving file /data/data/com.android.providers.downloads/cache/metadata-595.htm
07-05 13:11:03.883   545 29841 I DownloadManager: in removeSpuriousFiles, preserving file /data/data/com.android.providers.downloads/cache/metadata-1002.htm
07-05 13:11:03.883   545 29841 I DownloadManager: in removeSpuriousFiles, preserving file /data/data/com.android.providers.downloads/cache/metadata-1199.htm
07-05 13:11:03.883   545 29841 I DownloadManager: in removeSpuriousFiles, preserving file /data/data/com.android.providers.downloads/cache/metadata-174.htm
07-05 13:11:03.883   545 29841 I DownloadManager: in removeSpuriousFiles, preserving file /data/data/com.android.providers.downloads/cache/metadata-641.htm
07-05 13:11:03.887   545 29841 I DownloadManager: in removeSpuriousFiles, preserving file /data/data/com.android.providers.downloads/cache/metadata-319.htm
07-05 13:11:03.887   545 29841 I DownloadManager: in removeSpuriousFiles, preserving file /data/data/com.android.providers.downloads/cache/metadata-1314.htm
07-05 13:11:03.887   545 29841 I DownloadManager: in removeSpuriousFiles, preserving file /data/data/com.android.providers.downloads/cache/metadata-663.htm
07-05 13:11:03.887   545 29841 I DownloadManager: in removeSpuriousFiles, preserving file /data/data/com.android.providers.downloads/cache/metadata-604.htm
07-05 13:11:03.887   545 29841 I DownloadManager: in removeSpuriousFiles, preserving file /data/data/com.android.providers.downloads/cache/metadata-1195.htm
07-05 13:11:03.887   545 29841 I DownloadManager: in removeSpuriousFiles, preserving file /data/data/com.android.providers.downloads/cache/metadata-1458.htm
07-05 13:11:03.887   545 29841 I DownloadManager: in removeSpuriousFiles, preserving file /data/data/com.android.providers.downloads/cache/metadata-1847.htm
07-05 13:11:03.887   545 29841 I DownloadManager: in removeSpuriousFiles, preserving file /data/data/com.android.providers.downloads/cache/metadata-556.htm
07-05 13:11:03.887   545 29841 I DownloadManager: in removeSpuriousFiles, preserving file /data/data/com.android.providers.downloads/cache/metadata-1687.htm
07-05 13:11:03.887   545 29841 I DownloadManager: in removeSpuriousFiles, preserving file /data/data/com.android.providers.downloads/cache/metadata-1649.htm
07-05 13:11:03.891   545 29841 I DownloadManager: in removeSpuriousFiles, preserving file /data/data/com.android.providers.downloads/cache/metadata-1441.htm
07-05 13:11:03.891   545 29841 I DownloadManager: in removeSpuriousFiles, preserving file /data/data/com.android.providers.downloads/cache/metadata-797.htm
07-05 13:11:03.891   545 29841 I DownloadManager: in removeSpuriousFiles, preserving file /data/data/com.android.providers.downloads/cache/metadata-1395.htm
07-05 13:11:03.891   545 29841 I DownloadManager: in removeSpuriousFiles, preserving file /data/data/com.android.providers.downloads/cache/metadata-1341.htm
07-05 13:11:03.891   545 29841 I DownloadManager: in removeSpuriousFiles, preserving file /data/data/com.android.providers.downloads/cache/metadata-1910.htm
07-05 13:11:03.891   545 29841 I DownloadManager: in removeSpuriousFiles, preserving file /data/data/com.android.providers.downloads/cache/metadata-642.htm
07-05 13:11:03.891   545 29841 I DownloadManager: in removeSpuriousFiles, preserving file /data/data/com.android.providers.downloads/cache/metadata-989.htm
07-05 13:11:03.891   545 29841 I DownloadManager: in removeSpuriousFiles, preserving file /data/data/com.android.providers.downloads/cache/metadata-1931.htm
07-05 13:11:03.891   545 29841 I DownloadManager: in removeSpuriousFiles, preserving file /data/data/com.android.providers.downloads/cache/metadata-1251.htm
07-05 13:11:03.891   545 29841 I DownloadManager: in removeSpuriousFiles, preserving file /data/data/com.android.providers.downloads/cache/metadata-1775.htm
07-05 13:11:03.891   545 29841 I DownloadManager: in removeSpuriousFiles, preserving file /data/data/com.android.providers.downloads/cache/metadata-1241.htm
07-05 13:11:03.899   545 29841 I DownloadManager: in removeSpuriousFiles, preserving file /data/data/com.android.providers.downloads/cache/metadata-1677.htm
07-05 13:11:03.899   545 29841 I DownloadManager: in removeSpuriousFiles, preserving file /data/data/com.android.providers.downloads/cache/metadata-2208.htm
07-05 13:11:03.899   545 29841 I DownloadManager: in removeSpuriousFiles, preserving file /data/data/com.android.providers.downloads/cache/metadata-473.htm
07-05 13:11:03.899   545 29841 I DownloadManager: in removeSpuriousFiles, preserving file /data/data/com.android.providers.downloads/cache/metadata-1956.htm
07-05 13:11:03.899   545 29841 I DownloadManager: in removeSpuriousFiles, preserving file /data/data/com.android.providers.downloads/cache/metadata-882.htm
07-05 13:11:03.899   545 29841 I DownloadManager: in removeSpuriousFiles, preserving file /data/data/com.android.providers.downloads/cache/metadata-1626.htm
07-05 13:11:03.899   545 29841 I DownloadManager: in removeSpuriousFiles, preserving file /data/data/com.android.providers.downloads/cache/metadata-772.htm
07-05 13:11:03.899   545 29841 I DownloadManager: in removeSpuriousFiles, preserving file /data/data/com.android.providers.downloads/cache/metadata-1716.htm
07-05 13:11:03.899   545 29841 I DownloadManager: in removeSpuriousFiles, preserving file /data/data/com.android.providers.downloads/cache/metadata-1355.htm
07-05 13:11:03.903   545 29841 I DownloadManager: in removeSpuriousFiles, preserving file /data/data/com.android.providers.downloads/cache/metadata-1498.htm
07-05 13:11:03.903   545 29841 I DownloadManager: in removeSpuriousFiles, preserving file /data/data/com.android.providers.downloads/cache/metadata-848.htm
07-05 13:11:03.903   545 29841 I DownloadManager: in removeSpuriousFiles, preserving file /data/data/com.android.providers.downloads/cache/metadata-849.htm
07-05 13:11:03.903   545 29841 I DownloadManager: in removeSpuriousFiles, preserving file /data/data/com.android.providers.downloads/cache/metadata-1659.htm
07-05 13:11:03.903   545 29841 I DownloadManager: in removeSpuriousFiles, preserving file /data/data/com.android.providers.downloads/cache/metadata-1707.htm
07-05 13:11:03.903   545 29841 I DownloadManager: in removeSpuriousFiles, preserving file /data/data/com.android.providers.downloads/cache/metadata-661.htm
07-05 13:11:03.903   545 29841 I DownloadManager: in removeSpuriousFiles, preserving file /data/data/com.android.providers.downloads/cache/metadata-299.htm
07-05 13:11:03.903   545 29841 I DownloadManager: in removeSpuriousFiles, preserving file /data/data/com.android.providers.downloads/cache/metadata-126.htm
07-05 13:11:03.903   545 29841 I DownloadManager: in removeSpuriousFiles, preserving file /data/data/com.android.providers.downloads/cache/metadata-983.htm
07-05 13:11:03.906   545 29841 I DownloadManager: in removeSpuriousFiles, preserving file /data/data/com.android.providers.downloads/cache/metadata-2184.htm
07-05 13:11:03.906   545 29841 I DownloadManager: in removeSpuriousFiles, preserving file /data/data/com.android.providers.downloads/cache/metadata-219.htm
07-05 13:11:03.906   545 29841 I DownloadManager: in removeSpuriousFiles, preserving file /data/data/com.android.providers.downloads/cache/metadata-757.htm
07-05 13:11:03.906   545 29841 I DownloadManager: in removeSpuriousFiles, preserving file /data/data/com.android.providers.downloads/cache/metadata-691.htm
07-05 13:11:03.906   545 29841 I DownloadManager: in removeSpuriousFiles, preserving file /data/data/com.android.providers.downloads/cache/metadata-694.htm
07-05 13:11:03.906   545 29841 I DownloadManager: in removeSpuriousFiles, preserving file /data/data/com.android.providers.downloads/cache/metadata-1036.htm
07-05 13:11:03.906   545 29841 I DownloadManager: in removeSpuriousFiles, preserving file /data/data/com.android.providers.downloads/cache/metadata-1066.htm
07-05 13:11:03.906   545 29841 I DownloadManager: in removeSpuriousFiles, preserving file /data/data/com.android.providers.downloads/cache/metadata-1181.htm
07-05 13:11:03.906   545 29841 I DownloadManager: in removeSpuriousFiles, preserving file /data/data/com.android.providers.downloads/cache/metadata-2062.htm
07-05 13:11:03.910   545 29841 I DownloadManager: in removeSpuriousFiles, preserving file /data/data/com.android.providers.downloads/cache/metadata-1142.htm
07-05 13:11:03.910   545 29841 I DownloadManager: in removeSpuriousFiles, preserving file /data/data/com.android.providers.downloads/cache/metadata-1922.htm
07-05 13:11:03.910   545 29841 I DownloadManager: in removeSpuriousFiles, preserving file /data/data/com.android.providers.downloads/cache/metadata-1211.htm
07-05 13:11:03.910   545 29841 I DownloadManager: in removeSpuriousFiles, preserving file /data/data/com.android.providers.downloads/cache/metadata-1519.htm
07-05 13:11:03.910   545 29841 I DownloadManager: in removeSpuriousFiles, preserving file /data/data/com.android.providers.downloads/cache/metadata-1369.htm
07-05 13:11:03.910   545 29841 I DownloadManager: in removeSpuriousFiles, preserving file /data/data/com.android.providers.downloads/cache/metadata-601.htm
07-05 13:11:03.910   545 29841 I DownloadManager: in removeSpuriousFiles, preserving file /data/data/com.android.providers.downloads/cache/metadata-677.htm
07-05 13:11:03.910   545 29841 I DownloadManager: in removeSpuriousFiles, preserving file /data/data/com.android.providers.downloads/cache/metadata-1650.htm
07-05 13:11:03.910   545 29841 I DownloadManager: in removeSpuriousFiles, preserving file /data/data/com.android.providers.downloads/cache/metadata-16.htm
07-05 13:11:03.910   545 29841 I DownloadManager: in removeSpuriousFiles, preserving file /data/data/com.android.providers.downloads/cache/metadata-27.htm
07-05 13:11:03.910   545 29841 I DownloadManager: in removeSpuriousFiles, preserving file /data/data/com.android.providers.downloads/cache/metadata-44.htm
07-05 13:11:03.910   545 29841 I DownloadManager: in removeSpuriousFiles, preserving file /data/data/com.android.providers.downloads/cache/metadata-54.htm
07-05 13:11:03.910   545 29841 I DownloadManager: in removeSpuriousFiles, preserving file /data/data/com.android.providers.downloads/cache/metadata-25.htm
07-05 13:11:03.914   545 29841 I DownloadManager: in removeSpuriousFiles, preserving file /data/data/com.android.providers.downloads/cache/metadata-39.htm
07-05 13:11:03.914   545 29841 I DownloadManager: in removeSpuriousFiles, preserving file /data/data/com.android.providers.downloads/cache/metadata-17.htm
07-05 13:11:03.914   545 29841 I DownloadManager: in removeSpuriousFiles, preserving file /data/data/com.android.providers.downloads/cache/metadata-72.htm
07-05 13:11:03.914   545 29841 I DownloadManager: in removeSpuriousFiles, preserving file /data/data/com.android.providers.downloads/cache/metadata-71.htm
07-05 13:11:03.914   545 29841 I DownloadManager: in removeSpuriousFiles, preserving file /data/data/com.android.providers.downloads/cache/metadata-150.htm
07-05 13:11:03.914   545 29841 I DownloadManager: in removeSpuriousFiles, preserving file /data/data/com.android.providers.downloads/cache/metadata-148.htm
07-05 13:11:03.914   545 29841 I DownloadManager: in removeSpuriousFiles, preserving file /data/data/com.android.providers.downloads/cache/metadata-68.htm
07-05 13:11:03.914   545 29841 I DownloadManager: in removeSpuriousFiles, preserving file /data/data/com.android.providers.downloads/cache/metadata-300.htm
07-05 13:11:03.914   545 29841 I DownloadManager: in removeSpuriousFiles, preserving file /data/data/com.android.providers.downloads/cache/metadata-224.htm
07-05 13:11:03.914   545 29841 I DownloadManager: in removeSpuriousFiles, preserving file /data/data/com.android.providers.downloads/cache/metadata-85.htm
07-05 13:11:03.914   545 29841 I DownloadManager: in removeSpuriousFiles, preserving file /data/data/com.android.providers.downloads/cache/metadata-254.htm
07-05 13:11:03.914   545 29841 I DownloadManager: in removeSpuriousFiles, preserving file /data/data/com.android.providers.downloads/cache/metadata-158.htm
07-05 13:11:03.914   545 29841 I DownloadManager: in removeSpuriousFiles, preserving file /data/data/com.android.providers.downloads/cache/metadata-120.htm
07-05 13:11:03.914   545 29841 I DownloadManager: in removeSpuriousFiles, preserving file /data/data/com.android.providers.downloads/cache/metadata-90.htm
07-05 13:11:03.914   545 29841 I DownloadManager: in removeSpuriousFiles, preserving file /data/data/com.android.providers.downloads/cache/metadata-284.htm
07-05 13:11:03.914   545 29841 I DownloadManager: in removeSpuriousFiles, preserving file /data/data/com.android.providers.downloads/cache/metadata-182.htm
07-05 13:11:03.914   545 29841 I DownloadManager: in removeSpuriousFiles, preserving file /data/data/com.android.providers.downloads/cache/metadata-101.htm
07-05 13:11:03.914   545 29841 I DownloadManager: in removeSpuriousFiles, preserving file /data/data/com.android.providers.downloads/cache/metadata-145.htm
07-05 13:11:03.914   545 29841 I DownloadManager: in removeSpuriousFiles, preserving file /data/data/com.android.providers.downloads/cache/metadata-215.htm
07-05 13:11:03.914   545 29841 I DownloadManager: in removeSpuriousFiles, preserving file /data/data/com.android.providers.downloads/cache/metadata-70.htm
07-05 13:11:03.914   545 29841 I DownloadManager: in removeSpuriousFiles, preserving file /data/data/com.android.providers.downloads/cache/metadata-207.htm
07-05 13:11:03.914   545 29841 I DownloadManager: in removeSpuriousFiles, preserving file /data/data/com.android.providers.downloads/cache/metadata-123.htm
07-05 13:11:03.914   545 29841 I DownloadManager: in removeSpuriousFiles, preserving file /data/data/com.android.providers.downloads/cache/metadata-202.htm
07-05 13:11:03.914   545 29841 I DownloadManager: in removeSpuriousFiles, preserving file /data/data/com.android.providers.downloads/cache/metadata-80.htm
07-05 13:11:03.914   545 29841 I DownloadManager: in removeSpuriousFiles, preserving file /data/data/com.android.providers.downloads/cache/metadata-753.htm
07-05 13:11:03.914   545 29841 I DownloadManager: in removeSpuriousFiles, preserving file /data/data/com.android.providers.downloads/cache/metadata-620.htm
07-05 13:11:03.914   545 29841 I DownloadManager: in removeSpuriousFiles, preserving file /data/data/com.android.providers.downloads/cache/metadata-73.htm
07-05 13:11:03.914   545 29841 I DownloadManager: in removeSpuriousFiles, preserving file /data/data/com.android.providers.downloads/cache/metadata-141.htm
07-05 13:11:03.914   545 29841 I DownloadManager: in removeSpuriousFiles, preserving file /data/data/com.android.providers.downloads/cache/metadata-142.htm
07-05 13:11:03.914   545 29841 I DownloadManager: in removeSpuriousFiles, preserving file /data/data/com.android.providers.downloads/cache/metadata-79.htm
07-05 13:11:03.914   545 29841 I DownloadManager: in removeSpuriousFiles, preserving file /data/data/com.android.providers.downloads/cache/metadata-398.htm
07-05 13:11:03.914   545 29841 I DownloadManager: in removeSpuriousFiles, preserving file /data/data/com.android.providers.downloads/cache/metadata-124.htm
07-05 13:11:03.914   545 29841 I DownloadManager: in removeSpuriousFiles, preserving file /data/data/com.android.providers.downloads/cache/metadata-919.htm
07-05 13:11:03.914   545 29841 I DownloadManager: in removeSpuriousFiles, preserving file /data/data/com.android.providers.downloads/cache/metadata-1522.htm
07-05 13:11:03.914   545 29841 I DownloadManager: in removeSpuriousFiles, preserving file /data/data/com.android.providers.downloads/cache/metadata-1075.htm
07-05 13:11:03.914   545 29841 I DownloadManager: in removeSpuriousFiles, preserving file /data/data/com.android.providers.downloads/cache/metadata-685.htm
07-05 13:11:03.914   545 29841 I DownloadManager: in removeSpuriousFiles, preserving file /data/data/com.android.providers.downloads/cache/metadata-102.htm
07-05 13:11:03.914   545 29841 I DownloadManager: in removeSpuriousFiles, preserving file /data/data/com.android.providers.downloads/cache/metadata-267.htm
07-05 13:11:03.914   545 29841 I DownloadManager: in removeSpuriousFiles, preserving file /data/data/com.android.providers.downloads/cache/metadata-874.htm
07-05 13:11:03.914   545 29841 I DownloadManager: in removeSpuriousFiles, preserving file /data/data/com.android.providers.downloads/cache/metadata-240.htm
07-05 13:11:03.914   545 29841 I DownloadManager: in removeSpuriousFiles, preserving file /data/data/com.android.providers.downloads/cache/metadata-1548.htm
07-05 13:11:03.918   545 29841 I DownloadManager: in removeSpuriousFiles, preserving file /data/data/com.android.providers.downloads/cache/metadata-209.htm
07-05 13:11:03.918   545 29841 I DownloadManager: in removeSpuriousFiles, preserving file /data/data/com.android.providers.downloads/cache/metadata-345.htm
07-05 13:11:03.918   545 29841 I DownloadManager: in removeSpuriousFiles, preserving file /data/data/com.android.providers.downloads/cache/metadata-317.htm
07-05 13:11:03.918   545 29841 I DownloadManager: in removeSpuriousFiles, preserving file /data/data/com.android.providers.downloads/cache/metadata-191.htm
07-05 13:11:03.918   545 29841 I DownloadManager: in removeSpuriousFiles, preserving file /data/data/com.android.providers.downloads/cache/metadata-164.htm
07-05 13:11:03.918   545 29841 I DownloadManager: in removeSpuriousFiles, preserving file /data/data/com.android.providers.downloads/cache/metadata-206.htm
07-05 13:11:03.918   545 29841 I DownloadManager: in removeSpuriousFiles, preserving file /data/data/com.android.providers.downloads/cache/metadata-135.htm
07-05 13:11:03.918   545 29841 I DownloadManager: in removeSpuriousFiles, preserving file /data/data/com.android.providers.downloads/cache/metadata-1530.htm
07-05 13:11:03.918   545 29841 I DownloadManager: in removeSpuriousFiles, preserving file /data/data/com.android.providers.downloads/cache/metadata-445.htm
07-05 13:11:03.918   545 29841 I DownloadManager: in removeSpuriousFiles, preserving file /data/data/com.android.providers.downloads/cache/metadata-181.htm
07-05 13:11:03.918   545 29841 I DownloadManager: in removeSpuriousFiles, preserving file /data/data/com.android.providers.downloads/cache/metadata-115.htm
07-05 13:11:03.918   545 29841 I DownloadManager: in removeSpuriousFiles, preserving file /data/data/com.android.providers.downloads/cache/metadata-157.htm
07-05 13:11:03.918   545 29841 I DownloadManager: in removeSpuriousFiles, preserving file /data/data/com.android.providers.downloads/cache/metadata-232.htm
07-05 13:11:03.918   545 29841 I DownloadManager: in removeSpuriousFiles, preserving file /data/data/com.android.providers.downloads/cache/metadata-406.htm
07-05 13:11:03.918   545 29841 I DownloadManager: in removeSpuriousFiles, preserving file /data/data/com.android.providers.downloads/cache/metadata-2799.htm
07-05 13:11:03.918   545 29841 I DownloadManager: in removeSpuriousFiles, preserving file /data/data/com.android.providers.downloads/cache/metadata-636.htm
07-05 13:11:03.918   545 29841 I DownloadManager: in removeSpuriousFiles, preserving file /data/data/com.android.providers.downloads/cache/metadata-392.htm
07-05 13:11:03.918   545 29841 I DownloadManager: in removeSpuriousFiles, preserving file /data/data/com.android.providers.downloads/cache/metadata-1407.htm
07-05 13:11:03.918   545 29841 I DownloadManager: in removeSpuriousFiles, preserving file /data/data/com.android.providers.downloads/cache/metadata-149.htm
07-05 13:11:03.918   545 29841 I DownloadManager: in removeSpuriousFiles, preserving file /data/data/com.android.providers.downloads/cache/metadata-259.htm
07-05 13:11:03.918   545 29841 I DownloadManager: in removeSpuriousFiles, preserving file /data/data/com.android.providers.downloads/cache/metadata-1991.htm
07-05 13:11:03.918   545 29841 I DownloadManager: in removeSpuriousFiles, preserving file /data/data/com.android.providers.downloads/cache/metadata-1031.htm
07-05 13:11:03.918   545 29841 I DownloadManager: in removeSpuriousFiles, preserving file /data/data/com.android.providers.downloads/cache/metadata-1796.htm
07-05 13:11:03.918   545 29841 I DownloadManager: in removeSpuriousFiles, preserving file /data/data/com.android.providers.downloads/cache/metadata-716.htm
07-05 13:11:03.922   545 29841 I DownloadManager: in removeSpuriousFiles, preserving file /data/data/com.android.providers.downloads/cache/metadata-82.htm
07-05 13:11:03.922   545 29841 I DownloadManager: in removeSpuriousFiles, preserving file /data/data/com.android.providers.downloads/cache/metadata-1868.htm
07-05 13:11:03.922   545 29841 I DownloadManager: in removeSpuriousFiles, preserving file /data/data/com.android.providers.downloads/cache/metadata-1959.htm
07-05 13:11:03.922   545 29841 I DownloadManager: in removeSpuriousFiles, preserving file /data/data/com.android.providers.downloads/cache/metadata-566.htm
07-05 13:11:03.922   545 29841 I DownloadManager: in removeSpuriousFiles, preserving file /data/data/com.android.providers.downloads/cache/metadata-1437.htm
07-05 13:11:03.922   545 29841 I DownloadManager: in removeSpuriousFiles, preserving file /data/data/com.android.providers.downloads/cache/metadata-116.htm
07-05 13:11:03.922   545 29841 I DownloadManager: in removeSpuriousFiles, preserving file /data/data/com.android.providers.downloads/cache/metadata-1087.htm
07-05 13:11:03.922   545 29841 I DownloadManager: in removeSpuriousFiles, preserving file /data/data/com.android.providers.downloads/cache/metadata-1521.htm
07-05 13:11:03.922   545 29841 I DownloadManager: in removeSpuriousFiles, preserving file /data/data/com.android.providers.downloads/cache/metadata-1777.htm
07-05 13:11:03.922   545 29841 I DownloadManager: in removeSpuriousFiles, preserving file /data/data/com.android.providers.downloads/cache/metadata-218.htm
07-05 13:11:03.922   545 29841 I DownloadManager: in removeSpuriousFiles, preserving file /data/data/com.android.providers.downloads/cache/metadata-1572.htm
07-05 13:11:03.922   545 29841 I DownloadManager: in removeSpuriousFiles, preserving file /data/data/com.android.providers.downloads/cache/metadata-231.htm
07-05 13:11:03.922   545 29841 I DownloadManager: in removeSpuriousFiles, preserving file /data/data/com.android.providers.downloads/cache/metadata-233.htm
07-05 13:11:03.926   545 29841 I DownloadManager: in removeSpuriousFiles, preserving file /data/data/com.android.providers.downloads/cache/metadata-1357.htm
07-05 13:11:03.926   545 29841 I DownloadManager: in removeSpuriousFiles, preserving file /data/data/com.android.providers.downloads/cache/metadata-1629.htm
07-05 13:11:03.926   545 29841 I DownloadManager: in removeSpuriousFiles, preserving file /data/data/com.android.providers.downloads/cache/metadata-312.htm
07-05 13:11:03.926   545 29841 I DownloadManager: in removeSpuriousFiles, preserving file /data/data/com.android.providers.downloads/cache/metadata-598.htm
07-05 13:11:03.926   545 29841 I DownloadManager: in removeSpuriousFiles, preserving file /data/data/com.android.providers.downloads/cache/metadata-1957.htm
07-05 13:11:03.926   545 29841 I DownloadManager: in removeSpuriousFiles, preserving file /data/data/com.android.providers.downloads/cache/metadata-2220.htm
07-05 13:11:03.926   545 29841 I DownloadManager: in removeSpuriousFiles, preserving file /data/data/com.android.providers.downloads/cache/metadata-738.htm
07-05 13:11:03.926   545 29841 I DownloadManager: in removeSpuriousFiles, preserving file /data/data/com.android.providers.downloads/cache/metadata-334.htm
07-05 13:11:03.926   545 29841 I DownloadManager: in removeSpuriousFiles, preserving file /data/data/com.android.providers.downloads/cache/metadata-362.htm
07-05 13:11:03.926   545 29841 I DownloadManager: in removeSpuriousFiles, preserving file /data/data/com.android.providers.downloads/cache/metadata-719.htm
07-05 13:11:03.930   545 29841 I DownloadManager: in removeSpuriousFiles, preserving file /data/data/com.android.providers.downloads/cache/metadata-626.htm
07-05 13:11:03.930   545 29841 I DownloadManager: in removeSpuriousFiles, preserving file /data/data/com.android.providers.downloads/cache/metadata-781.htm
07-05 13:11:03.930   545 29841 I DownloadManager: in removeSpuriousFiles, preserving file /data/data/com.android.providers.downloads/cache/metadata-2026.htm
07-05 13:11:03.930   545 29841 I DownloadManager: in removeSpuriousFiles, preserving file /data/data/com.android.providers.downloads/cache/metadata-2111.htm
07-05 13:11:03.930   545 29841 I DownloadManager: in removeSpuriousFiles, preserving file /data/data/com.android.providers.downloads/cache/metadata-1157.htm
07-05 13:11:03.930   545 29841 I DownloadManager: in removeSpuriousFiles, preserving file /data/data/com.android.providers.downloads/cache/metadata-1049.htm
07-05 13:11:03.930   545 29841 I DownloadManager: in removeSpuriousFiles, preserving file /data/data/com.android.providers.downloads/cache/metadata-838.htm
07-05 13:11:03.930   545 29841 I DownloadManager: in removeSpuriousFiles, preserving file /data/data/com.android.providers.downloads/cache/metadata-515.htm
07-05 13:11:03.930   545 29841 I DownloadManager: in removeSpuriousFiles, preserving file /data/data/com.android.providers.downloads/cache/metadata-835.htm
07-05 13:11:03.930   545 29841 I DownloadManager: in removeSpuriousFiles, preserving file /data/data/com.android.providers.downloads/cache/metadata-710.htm
07-05 13:11:03.934   545 29841 I DownloadManager: in removeSpuriousFiles, preserving file /data/data/com.android.providers.downloads/cache/metadata-252.htm
07-05 13:11:03.934   545 29841 I DownloadManager: in removeSpuriousFiles, preserving file /data/data/com.android.providers.downloads/cache/metadata-1274.htm
07-05 13:11:03.934   545 29841 I DownloadManager: in removeSpuriousFiles, preserving file /data/data/com.android.providers.downloads/cache/metadata-1164.htm
07-05 13:11:03.934   545 29841 I DownloadManager: in removeSpuriousFiles, preserving file /data/data/com.android.providers.downloads/cache/metadata-1350.htm
07-05 13:11:03.934   545 29841 I DownloadManager: in removeSpuriousFiles, preserving file /data/data/com.android.providers.downloads/cache/metadata-1515.htm
07-05 13:11:03.934   545 29841 I DownloadManager: in removeSpuriousFiles, preserving file /data/data/com.android.providers.downloads/cache/metadata-864.htm
07-05 13:11:03.934   545 29841 I DownloadManager: in removeSpuriousFiles, preserving file /data/data/com.android.providers.downloads/cache/metadata-1655.htm
07-05 13:11:03.934   545 29841 I DownloadManager: in removeSpuriousFiles, preserving file /data/data/com.android.providers.downloads/cache/metadata-1359.htm
07-05 13:11:03.934   545 29841 I DownloadManager: in removeSpuriousFiles, preserving file /data/data/com.android.providers.downloads/cache/metadata-1335.htm
07-05 13:11:03.934   545 29841 I DownloadManager: in removeSpuriousFiles, preserving file /data/data/com.android.providers.downloads/cache/metadata-1783.htm
07-05 13:11:03.934   545 29841 I DownloadManager: in removeSpuriousFiles, preserving file /data/data/com.android.providers.downloads/cache/metadata-384.htm
07-05 13:11:03.938   545 29841 I DownloadManager: in removeSpuriousFiles, preserving file /data/data/com.android.providers.downloads/cache/metadata-750.htm
07-05 13:11:03.938   545 29841 I DownloadManager: in removeSpuriousFiles, preserving file /data/data/com.android.providers.downloads/cache/metadata-1300.htm
07-05 13:11:03.938   545 29841 I DownloadManager: in removeSpuriousFiles, preserving file /data/data/com.android.providers.downloads/cache/metadata-910.htm
07-05 13:11:03.938   545 29841 I DownloadManager: in removeSpuriousFiles, preserving file /data/data/com.android.providers.downloads/cache/metadata-1788.htm
07-05 13:11:03.938   545 29841 I DownloadManager: in removeSpuriousFiles, preserving file /data/data/com.android.providers.downloads/cache/metadata-1702.htm
07-05 13:11:03.938   545 29841 I DownloadManager: in removeSpuriousFiles, preserving file /data/data/com.android.providers.downloads/cache/metadata-1826.htm
07-05 13:11:03.938   545 29841 I DownloadManager: in removeSpuriousFiles, preserving file /data/data/com.android.providers.downloads/cache/metadata-909.htm
07-05 13:11:03.938   545 29841 I DownloadManager: in removeSpuriousFiles, preserving file /data/data/com.android.providers.downloads/cache/metadata-1681.htm
07-05 13:11:03.938   545 29841 I DownloadManager: in removeSpuriousFiles, preserving file /data/data/com.android.providers.downloads/cache/metadata-5.htm
07-05 13:11:03.938   545 29841 I DownloadManager: in removeSpuriousFiles, preserving file /data/data/com.android.providers.downloads/cache/metadata-26.htm
07-05 13:11:03.938   545 29841 I DownloadManager: in removeSpuriousFiles, preserving file /data/data/com.android.providers.downloads/cache/metadata-38.htm
07-05 13:11:03.938   545 29841 I DownloadManager: in removeSpuriousFiles, preserving file /data/data/com.android.providers.downloads/cache/metadata-185.htm
07-05 13:11:03.938   545 29841 I DownloadManager: in removeSpuriousFiles, preserving file /data/data/com.android.providers.downloads/cache/metadata-48.htm
07-05 13:11:03.938   545 29841 I DownloadManager: in removeSpuriousFiles, preserving file /data/data/com.android.providers.downloads/cache/metadata-64.htm
07-05 13:11:03.938   545 29841 I DownloadManager: in removeSpuriousFiles, preserving file /data/data/com.android.providers.downloads/cache/metadata-104.htm
07-05 13:11:03.938   545 29841 I DownloadManager: in removeSpuriousFiles, preserving file /data/data/com.android.providers.downloads/cache/metadata-133.htm
07-05 13:11:03.938   545 29841 I DownloadManager: in removeSpuriousFiles, preserving file /data/data/com.android.providers.downloads/cache/metadata-83.htm
07-05 13:11:03.942   545 29841 I DownloadManager: in removeSpuriousFiles, preserving file /data/data/com.android.providers.downloads/cache/metadata-295.htm
07-05 13:11:03.942   545 29841 I DownloadManager: in removeSpuriousFiles, preserving file /data/data/com.android.providers.downloads/cache/metadata-139.htm
07-05 13:11:03.942   545 29841 I DownloadManager: in removeSpuriousFiles, preserving file /data/data/com.android.providers.downloads/cache/metadata-52.htm
07-05 13:11:03.942   545 29841 I DownloadManager: in removeSpuriousFiles, preserving file /data/data/com.android.providers.downloads/cache/metadata-57.htm
07-05 13:11:03.942   545 29841 I DownloadManager: in removeSpuriousFiles, preserving file /data/data/com.android.providers.downloads/cache/metadata-140.htm
07-05 13:11:03.942   545 29841 I DownloadManager: in removeSpuriousFiles, preserving file /data/data/com.android.providers.downloads/cache/metadata-76.htm
07-05 13:11:03.942   545 29841 I DownloadManager: in removeSpuriousFiles, preserving file /data/data/com.android.providers.downloads/cache/metadata-194.htm
07-05 13:11:03.942   545 29841 I DownloadManager: in removeSpuriousFiles, preserving file /data/data/com.android.providers.downloads/cache/metadata-921.htm
07-05 13:11:03.942   545 29841 I DownloadManager: in removeSpuriousFiles, preserving file /data/data/com.android.providers.downloads/cache/metadata-229.htm
07-05 13:11:03.942   545 29841 I DownloadManager: in removeSpuriousFiles, preserving file /data/data/com.android.providers.downloads/cache/metadata-187.htm
07-05 13:11:03.942   545 29841 I DownloadManager: in removeSpuriousFiles, preserving file /data/data/com.android.providers.downloads/cache/metadata-122.htm
07-05 13:11:03.942   545 29841 I DownloadManager: in removeSpuriousFiles, preserving file /data/data/com.android.providers.downloads/cache/metadata-193.htm
07-05 13:11:03.942   545 29841 I DownloadManager: in removeSpuriousFiles, preserving file /data/data/com.android.providers.downloads/cache/metadata-156.htm
07-05 13:11:03.942   545 29841 I DownloadManager: in removeSpuriousFiles, preserving file /data/data/com.android.providers.downloads/cache/metadata-1397.htm
07-05 13:11:03.942   545 29841 I DownloadManager: in removeSpuriousFiles, preserving file /data/data/com.android.providers.downloads/cache/metadata-188.htm
07-05 13:11:03.942   545 29841 I DownloadManager: in removeSpuriousFiles, preserving file /data/data/com.android.providers.downloads/cache/metadata-190.htm
07-05 13:11:03.942   545 29841 I DownloadManager: in removeSpuriousFiles, preserving file /data/data/com.android.providers.downloads/cache/metadata-147.htm
07-05 13:11:03.942   545 29841 I DownloadManager: in removeSpuriousFiles, preserving file /data/data/com.android.providers.downloads/cache/metadata-286.htm
07-05 13:11:03.942   545 29841 I DownloadManager: in removeSpuriousFiles, preserving file /data/data/com.android.providers.downloads/cache/metadata-180.htm
07-05 13:11:03.942   545 29841 I DownloadManager: in removeSpuriousFiles, preserving file /data/data/com.android.providers.downloads/cache/metadata-163.htm
07-05 13:11:03.942   545 29841 I DownloadManager: in removeSpuriousFiles, preserving file /data/data/com.android.providers.downloads/cache/metadata-108.htm
07-05 13:11:03.942   545 29841 I DownloadManager: in removeSpuriousFiles, preserving file /data/data/com.android.providers.downloads/cache/metadata-172.htm
07-05 13:11:03.942   545 29841 I DownloadManager: in removeSpuriousFiles, preserving file /data/data/com.android.providers.downloads/cache/metadata-336.htm
07-05 13:11:03.942   545 29841 I DownloadManager: in removeSpuriousFiles, preserving file /data/data/com.android.providers.downloads/cache/metadata-121.htm
07-05 13:11:03.942   545 29841 I DownloadManager: in removeSpuriousFiles, preserving file /data/data/com.android.providers.downloads/cache/metadata-348.htm
07-05 13:11:03.942   545 29841 I DownloadManager: in removeSpuriousFiles, preserving file /data/data/com.android.providers.downloads/cache/metadata-439.htm
07-05 13:11:03.942   545 29841 I DownloadManager: in removeSpuriousFiles, preserving file /data/data/com.android.providers.downloads/cache/metadata-255.htm
07-05 13:11:03.942   545 29841 I DownloadManager: in removeSpuriousFiles, preserving file /data/data/com.android.providers.downloads/cache/metadata-197.htm
07-05 13:11:03.942   545 29841 I DownloadManager: in removeSpuriousFiles, preserving file /data/data/com.android.providers.downloads/cache/metadata-291.htm
07-05 13:11:03.942   545 29841 I DownloadManager: in removeSpuriousFiles, preserving file /data/data/com.android.providers.downloads/cache/metadata-1457.htm
07-05 13:11:03.942   545 29841 I DownloadManager: in removeSpuriousFiles, preserving file /data/data/com.android.providers.downloads/cache/metadata-241.htm
07-05 13:11:03.942   545 29841 I DownloadManager: in removeSpuriousFiles, preserving file /data/data/com.android.providers.downloads/cache/metadata-327.htm
07-05 13:11:03.942   545 29841 I DownloadManager: in removeSpuriousFiles, preserving file /data/data/com.android.providers.downloads/cache/metadata-168.htm
07-05 13:11:03.942   545 29841 I DownloadManager: in removeSpuriousFiles, preserving file /data/data/com.android.providers.downloads/cache/metadata-125.htm
07-05 13:11:03.942   545 29841 I DownloadManager: in removeSpuriousFiles, preserving file /data/data/com.android.providers.downloads/cache/metadata-184.htm
07-05 13:11:03.942   545 29841 I DownloadManager: in removeSpuriousFiles, preserving file /data/data/com.android.providers.downloads/cache/metadata-205.htm
07-05 13:11:03.942   545 29841 I DownloadManager: in removeSpuriousFiles, preserving file /data/data/com.android.providers.downloads/cache/metadata-320.htm
07-05 13:11:03.942   545 29841 I DownloadManager: in removeSpuriousFiles, preserving file /data/data/com.android.providers.downloads/cache/metadata-248.htm
07-05 13:11:03.942   545 29841 I DownloadManager: in removeSpuriousFiles, preserving file /data/data/com.android.providers.downloads/cache/metadata-349.htm
07-05 13:11:03.946   545 29841 I DownloadManager: in removeSpuriousFiles, preserving file /data/data/com.android.providers.downloads/cache/metadata-397.htm
07-05 13:11:03.946   545 29841 I DownloadManager: in removeSpuriousFiles, preserving file /data/data/com.android.providers.downloads/cache/metadata-602.htm
07-05 13:11:03.946   545 29841 I DownloadManager: in removeSpuriousFiles, preserving file /data/data/com.android.providers.downloads/cache/metadata-895.htm
07-05 13:11:03.946   545 29841 I DownloadManager: in removeSpuriousFiles, preserving file /data/data/com.android.providers.downloads/cache/metadata-306.htm
07-05 13:11:03.946   545 29841 I DownloadManager: in removeSpuriousFiles, preserving file /data/data/com.android.providers.downloads/cache/metadata-314.htm
07-05 13:11:03.946   545 29841 I DownloadManager: in removeSpuriousFiles, preserving file /data/data/com.android.providers.downloads/cache/metadata-385.htm
07-05 13:11:03.946   545 29841 I DownloadManager: in removeSpuriousFiles, preserving file /data/data/com.android.providers.downloads/cache/metadata-94.htm
07-05 13:11:03.946   545 29841 I DownloadManager: in removeSpuriousFiles, preserving file /data/data/com.android.providers.downloads/cache/metadata-226.htm
07-05 13:11:03.946   545 29841 I DownloadManager: in removeSpuriousFiles, preserving file /data/data/com.android.providers.downloads/cache/metadata-75.htm
07-05 13:11:03.946   545 29841 I DownloadManager: in removeSpuriousFiles, preserving file /data/data/com.android.providers.downloads/cache/metadata-1160.htm
07-05 13:11:03.946   545 29841 I DownloadManager: in removeSpuriousFiles, preserving file /data/data/com.android.providers.downloads/cache/metadata-353.htm
07-05 13:11:03.946   545 29841 I DownloadManager: in removeSpuriousFiles, preserving file /data/data/com.android.providers.downloads/cache/metadata-262.htm
07-05 13:11:03.946   545 29841 I DownloadManager: in removeSpuriousFiles, preserving file /data/data/com.android.providers.downloads/cache/metadata-427.htm
07-05 13:11:03.946   545 29841 I DownloadManager: in removeSpuriousFiles, preserving file /data/data/com.android.providers.downloads/cache/metadata-381.htm
07-05 13:11:03.946   545 29841 I DownloadManager: in removeSpuriousFiles, preserving file /data/data/com.android.providers.downloads/cache/metadata-289.htm
07-05 13:11:03.946   545 29841 I DownloadManager: in removeSpuriousFiles, preserving file /data/data/com.android.providers.downloads/cache/metadata-280.htm
07-05 13:11:03.946   545 29841 I DownloadManager: in removeSpuriousFiles, preserving file /data/data/com.android.providers.downloads/cache/metadata-249.htm
07-05 13:11:03.946   545 29841 I DownloadManager: in removeSpuriousFiles, preserving file /data/data/com.android.providers.downloads/cache/metadata-351.htm
07-05 13:11:03.946   545 29841 I DownloadManager: in removeSpuriousFiles, preserving file /data/data/com.android.providers.downloads/cache/metadata-1836.htm
07-05 13:11:03.946   545 29841 I DownloadManager: in removeSpuriousFiles, preserving file /data/data/com.android.providers.downloads/cache/metadata-128.htm
07-05 13:11:03.946   545 29841 I DownloadManager: in removeSpuriousFiles, preserving file /data/data/com.android.providers.downloads/cache/metadata-486.htm
07-05 13:11:03.946   545 29841 I DownloadManager: in removeSpuriousFiles, preserving file /data/data/com.android.providers.downloads/cache/metadata-217.htm
07-05 13:11:03.946   545 29841 I DownloadManager: in removeSpuriousFiles, preserving file /data/data/com.android.providers.downloads/cache/metadata-277.htm
07-05 13:11:03.946   545 29841 I DownloadManager: in removeSpuriousFiles, preserving file /data/data/com.android.providers.downloads/cache/metadata-78.htm
07-05 13:11:03.946   545 29841 I DownloadManager: in removeSpuriousFiles, preserving file /data/data/com.android.providers.downloads/cache/metadata-1453.htm
07-05 13:11:03.946   545 29841 I DownloadManager: in removeSpuriousFiles, preserving file /data/data/com.android.providers.downloads/cache/metadata-768.htm
07-05 13:11:03.946   545 29841 I DownloadManager: in removeSpuriousFiles, preserving file /data/data/com.android.providers.downloads/cache/metadata-1054.htm
07-05 13:11:03.949   545 29841 I DownloadManager: in removeSpuriousFiles, preserving file /data/data/com.android.providers.downloads/cache/metadata-1637.htm
07-05 13:11:03.949   545 29841 I DownloadManager: in removeSpuriousFiles, preserving file /data/data/com.android.providers.downloads/cache/metadata-1000.htm
07-05 13:11:03.949   545 29841 I DownloadManager: in removeSpuriousFiles, preserving file /data/data/com.android.providers.downloads/cache/metadata-1734.htm
07-05 13:11:03.949   545 29841 I DownloadManager: in removeSpuriousFiles, preserving file /data/data/com.android.providers.downloads/cache/metadata-622.htm
07-05 13:11:03.949   545 29841 I DownloadManager: in removeSpuriousFiles, preserving file /data/data/com.android.providers.downloads/cache/metadata-383.htm
07-05 13:11:03.949   545 29841 I DownloadManager: in removeSpuriousFiles, preserving file /data/data/com.android.providers.downloads/cache/metadata-274.htm
07-05 13:11:03.949   545 29841 I DownloadManager: in removeSpuriousFiles, preserving file /data/data/com.android.providers.downloads/cache/metadata-1115.htm
07-05 13:11:03.949   545 29841 I DownloadManager: in removeSpuriousFiles, preserving file /data/data/com.android.providers.downloads/cache/metadata-303.htm
07-05 13:11:03.949   545 29841 I DownloadManager: in removeSpuriousFiles, preserving file /data/data/com.android.providers.downloads/cache/metadata-812.htm
07-05 13:11:03.949   545 29841 I DownloadManager: in removeSpuriousFiles, preserving file /data/data/com.android.providers.downloads/cache/metadata-684.htm
07-05 13:11:03.949   545 29841 I DownloadManager: in removeSpuriousFiles, preserving file /data/data/com.android.providers.downloads/cache/metadata-640.htm
07-05 13:11:03.949   545 29841 I DownloadManager: in removeSpuriousFiles, preserving file /data/data/com.android.providers.downloads/cache/metadata-459.htm
07-05 13:11:03.949   545 29841 I DownloadManager: in removeSpuriousFiles, preserving file /data/data/com.android.providers.downloads/cache/metadata-879.htm
07-05 13:11:03.949   545 29841 I DownloadManager: in removeSpuriousFiles, preserving file /data/data/com.android.providers.downloads/cache/metadata-1719.htm
07-05 13:11:03.949   545 29841 I DownloadManager: in removeSpuriousFiles, preserving file /data/data/com.android.providers.downloads/cache/metadata-705.htm
07-05 13:11:03.949   545 29841 I DownloadManager: in removeSpuriousFiles, preserving file /data/data/com.android.providers.downloads/cache/metadata-1365.htm
07-05 13:11:03.953   545 29841 I DownloadManager: in removeSpuriousFiles, preserving file /data/data/com.android.providers.downloads/cache/metadata-1848.htm
07-05 13:11:03.953   545 29841 I DownloadManager: in removeSpuriousFiles, preserving file /data/data/com.android.providers.downloads/cache/metadata-257.htm
07-05 13:11:03.953   545 29841 I DownloadManager: in removeSpuriousFiles, preserving file /data/data/com.android.providers.downloads/cache/metadata-1558.htm
07-05 13:11:03.953   545 29841 I DownloadManager: in removeSpuriousFiles, preserving file /data/data/com.android.providers.downloads/cache/metadata-889.htm
07-05 13:11:03.953   545 29841 I DownloadManager: in removeSpuriousFiles, preserving file /data/data/com.android.providers.downloads/cache/metadata-331.htm
07-05 13:11:03.953   545 29841 I DownloadManager: in removeSpuriousFiles, preserving file /data/data/com.android.providers.downloads/cache/metadata-613.htm
07-05 13:11:03.953   545 29841 I DownloadManager: in removeSpuriousFiles, preserving file /data/data/com.android.providers.downloads/cache/metadata-2521.htm
07-05 13:11:03.953   545 29841 I DownloadManager: in removeSpuriousFiles, preserving file /data/data/com.android.providers.downloads/cache/metadata-617.htm
07-05 13:11:03.953   545 29841 I DownloadManager: in removeSpuriousFiles, preserving file /data/data/com.android.providers.downloads/cache/metadata-1507.htm
07-05 13:11:03.953   545 29841 I DownloadManager: in removeSpuriousFiles, preserving file /data/data/com.android.providers.downloads/cache/metadata-1084.htm
07-05 13:11:03.953   545 29841 I DownloadManager: in removeSpuriousFiles, preserving file /data/data/com.android.providers.downloads/cache/metadata-1029.htm
07-05 13:11:03.953   545 29841 I DownloadManager: in removeSpuriousFiles, preserving file /data/data/com.android.providers.downloads/cache/metadata-664.htm
07-05 13:11:03.957   545 29841 I DownloadManager: in removeSpuriousFiles, preserving file /data/data/com.android.providers.downloads/cache/metadata-297.htm
07-05 13:11:03.957   545 29841 I DownloadManager: in removeSpuriousFiles, preserving file /data/data/com.android.providers.downloads/cache/metadata-1245.htm
07-05 13:11:03.957   545 29841 I DownloadManager: in removeSpuriousFiles, preserving file /data/data/com.android.providers.downloads/cache/metadata-1282.htm
07-05 13:11:03.957   545 29841 I DownloadManager: in removeSpuriousFiles, preserving file /data/data/com.android.providers.downloads/cache/metadata-1177.htm
07-05 13:11:03.957   545 29841 I DownloadManager: in removeSpuriousFiles, preserving file /data/data/com.android.providers.downloads/cache/metadata-1089.htm
07-05 13:11:03.957   545 29841 I DownloadManager: in removeSpuriousFiles, preserving file /data/data/com.android.providers.downloads/cache/metadata-1256.htm
07-05 13:11:03.957   545 29841 I DownloadManager: in removeSpuriousFiles, preserving file /data/data/com.android.providers.downloads/cache/metadata-793.htm
07-05 13:11:03.957   545 29841 I DownloadManager: in removeSpuriousFiles, preserving file /data/data/com.android.providers.downloads/cache/metadata-446.htm
07-05 13:11:03.957   545 29841 I DownloadManager: in removeSpuriousFiles, preserving file /data/data/com.android.providers.downloads/cache/metadata-414.htm
07-05 13:11:03.957   545 29841 I DownloadManager: in removeSpuriousFiles, preserving file /data/data/com.android.providers.downloads/cache/metadata-1405.htm
07-05 13:11:03.957   545 29841 I DownloadManager: in removeSpuriousFiles, preserving file /data/data/com.android.providers.downloads/cache/metadata-358.htm
07-05 13:11:03.957   545 29841 I DownloadManager: in removeSpuriousFiles, preserving file /data/data/com.android.providers.downloads/cache/metadata-1594.htm
07-05 13:11:03.961   545 29841 I DownloadManager: in removeSpuriousFiles, preserving file /data/data/com.android.providers.downloads/cache/metadata-1477.htm
07-05 13:11:03.961   545 29841 I DownloadManager: in removeSpuriousFiles, preserving file /data/data/com.android.providers.downloads/cache/metadata-1176.htm
07-05 13:11:03.961   545 29841 I DownloadManager: in removeSpuriousFiles, preserving file /data/data/com.android.providers.downloads/cache/metadata-1627.htm
07-05 13:11:03.961   545 29841 I DownloadManager: in removeSpuriousFiles, preserving file /data/data/com.android.providers.downloads/cache/metadata-428.htm
07-05 13:11:03.961   545 29841 I DownloadManager: in removeSpuriousFiles, preserving file /data/data/com.android.providers.downloads/cache/metadata-1486.htm
07-05 13:11:03.961   545 29841 I DownloadManager: in removeSpuriousFiles, preserving file /data/data/com.android.providers.downloads/cache/metadata-20.htm
07-05 13:11:03.961   545 29841 I DownloadManager: in removeSpuriousFiles, preserving file /data/data/com.android.providers.downloads/cache/metadata-251.htm
07-05 13:11:03.961   545 29841 I DownloadManager: in removeSpuriousFiles, preserving file /data/data/com.android.providers.downloads/cache/metadata-45.htm
07-05 13:11:03.961   545 29841 I DownloadManager: in removeSpuriousFiles, preserving file /data/data/com.android.providers.downloads/cache/metadata-50.htm
07-05 13:11:03.961   545 29841 I DownloadManager: in removeSpuriousFiles, preserving file /data/data/com.android.providers.downloads/cache/metadata-374.htm
07-05 13:11:03.961   545 29841 I DownloadManager: in removeSpuriousFiles, preserving file /data/data/com.android.providers.downloads/cache/metadata-113.htm
07-05 13:11:03.961   545 29841 I DownloadManager: in removeSpuriousFiles, preserving file /data/data/com.android.providers.downloads/cache/metadata-53.htm
07-05 13:11:03.961   545 29841 I DownloadManager: in removeSpuriousFiles, preserving file /data/data/com.android.providers.downloads/cache/metadata-154.htm
07-05 13:11:03.961   545 29841 I DownloadManager: in removeSpuriousFiles, preserving file /data/data/com.android.providers.downloads/cache/metadata-97.htm
07-05 13:11:03.961   545 29841 I DownloadManager: in removeSpuriousFiles, preserving file /data/data/com.android.providers.downloads/cache/metadata-105.htm
07-05 13:11:03.961   545 29841 I DownloadManager: in removeSpuriousFiles, preserving file /data/data/com.android.providers.downloads/cache/metadata-66.htm
07-05 13:11:03.961   545 29841 I DownloadManager: in removeSpuriousFiles, preserving file /data/data/com.android.providers.downloads/cache/metadata-117.htm
07-05 13:11:03.961   545 29841 I DownloadManager: in removeSpuriousFiles, preserving file /data/data/com.android.providers.downloads/cache/metadata-273.htm
07-05 13:11:03.961   545 29841 I DownloadManager: in removeSpuriousFiles, preserving file /data/data/com.android.providers.downloads/cache/metadata-237.htm
07-05 13:11:03.961   545 29841 I DownloadManager: in removeSpuriousFiles, preserving file /data/data/com.android.providers.downloads/cache/metadata-160.htm
07-05 13:11:03.961   545 29841 I DownloadManager: in removeSpuriousFiles, preserving file /data/data/com.android.providers.downloads/cache/metadata-269.htm
07-05 13:11:03.961   545 29841 I DownloadManager: in removeSpuriousFiles, preserving file /data/data/com.android.providers.downloads/cache/metadata-659.htm
07-05 13:11:03.961   545 29841 I DownloadManager: in removeSpuriousFiles, preserving file /data/data/com.android.providers.downloads/cache/metadata-239.htm
07-05 13:11:03.961   545 29841 I DownloadManager: in removeSpuriousFiles, preserving file /data/data/com.android.providers.downloads/cache/metadata-127.htm
07-05 13:11:03.961   545 29841 I DownloadManager: in removeSpuriousFiles, preserving file /data/data/com.android.providers.downloads/cache/metadata-93.htm
07-05 13:11:03.961   545 29841 I DownloadManager: in removeSpuriousFiles, preserving file /data/data/com.android.providers.downloads/cache/metadata-1188.htm
07-05 13:11:03.961   545 29841 I DownloadManager: in removeSpuriousFiles, preserving file /data/data/com.android.providers.downloads/cache/metadata-310.htm
07-05 13:11:03.961   545 29841 I DownloadManager: in removeSpuriousFiles, preserving file /data/data/com.android.providers.downloads/cache/metadata-63.htm
07-05 13:11:03.965   545 29841 I DownloadManager: in removeSpuriousFiles, preserving file /data/data/com.android.providers.downloads/cache/metadata-212.htm
07-05 13:11:03.965   545 29841 I DownloadManager: in removeSpuriousFiles, preserving file /data/data/com.android.providers.downloads/cache/metadata-210.htm
07-05 13:11:03.965   545 29841 I DownloadManager: in removeSpuriousFiles, preserving file /data/data/com.android.providers.downloads/cache/metadata-111.htm
07-05 13:11:03.965   545 29841 I DownloadManager: in removeSpuriousFiles, preserving file /data/data/com.android.providers.downloads/cache/metadata-81.htm
07-05 13:11:03.965   545 29841 I DownloadManager: in removeSpuriousFiles, preserving file /data/data/com.android.providers.downloads/cache/metadata-132.htm
07-05 13:11:03.965   545 29841 I DownloadManager: in removeSpuriousFiles, preserving file /data/data/com.android.providers.downloads/cache/metadata-265.htm
07-05 13:11:03.965   545 29841 I DownloadManager: in removeSpuriousFiles, preserving file /data/data/com.android.providers.downloads/cache/metadata-436.htm
07-05 13:11:03.965   545 29841 I DownloadManager: in removeSpuriousFiles, preserving file /data/data/com.android.providers.downloads/cache/metadata-138.htm
07-05 13:11:03.965   545 29841 I DownloadManager: in removeSpuriousFiles, preserving file /data/data/com.android.providers.downloads/cache/metadata-112.htm
07-05 13:11:03.965   545 29841 I DownloadManager: in removeSpuriousFiles, preserving file /data/data/com.android.providers.downloads/cache/metadata-288.htm
07-05 13:11:03.965   545 29841 I DownloadManager: in removeSpuriousFiles, preserving file /data/data/com.android.providers.downloads/cache/metadata-276.htm
07-05 13:11:03.965   545 29841 I DownloadManager: in removeSpuriousFiles, preserving file /data/data/com.android.providers.downloads/cache/metadata-136.htm
07-05 13:11:03.965   545 29841 I DownloadManager: in removeSpuriousFiles, preserving file /data/data/com.android.providers.downloads/cache/metadata-159.htm
07-05 13:11:03.965   545 29841 I DownloadManager: in removeSpuriousFiles, preserving file /data/data/com.android.providers.downloads/cache/metadata-175.htm
07-05 13:11:03.965   545 29841 I DownloadManager: in removeSpuriousFiles, preserving file /data/data/com.android.providers.downloads/cache/metadata-107.htm
07-05 13:11:03.965   545 29841 I DownloadManager: in removeSpuriousFiles, preserving file /data/data/com.android.providers.downloads/cache/metadata-1294.htm
07-05 13:11:03.965   545 29841 I DownloadManager: in removeSpuriousFiles, preserving file /data/data/com.android.providers.downloads/cache/metadata-421.htm
07-05 13:11:03.965   545 29841 I DownloadManager: in removeSpuriousFiles, preserving file /data/data/com.android.providers.downloads/cache/metadata-375.htm
07-05 13:11:03.965   545 29841 I DownloadManager: in removeSpuriousFiles, preserving file /data/data/com.android.providers.downloads/cache/metadata-992.htm
07-05 13:11:03.965   545 29841 I DownloadManager: in removeSpuriousFiles, preserving file /data/data/com.android.providers.downloads/cache/metadata-418.htm
07-05 13:11:03.965   545 29841 I DownloadManager: in removeSpuriousFiles, preserving file /data/data/com.android.providers.downloads/cache/metadata-322.htm
07-05 13:11:03.965   545 29841 I DownloadManager: in removeSpuriousFiles, preserving file /data/data/com.android.providers.downloads/cache/metadata-426.htm
07-05 13:11:03.965   545 29841 I DownloadManager: in removeSpuriousFiles, preserving file /data/data/com.android.providers.downloads/cache/metadata-360.htm
07-05 13:11:03.965   545 29841 I DownloadManager: in removeSpuriousFiles, preserving file /data/data/com.android.providers.downloads/cache/metadata-283.htm
07-05 13:11:03.965   545 29841 I DownloadManager: in removeSpuriousFiles, preserving file /data/data/com.android.providers.downloads/cache/metadata-305.htm
07-05 13:11:03.965   545 29841 I DownloadManager: in removeSpuriousFiles, preserving file /data/data/com.android.providers.downloads/cache/metadata-424.htm
07-05 13:11:03.965   545 29841 I DownloadManager: in removeSpuriousFiles, preserving file /data/data/com.android.providers.downloads/cache/metadata-469.htm
07-05 13:11:03.965   545 29841 I DownloadManager: in removeSpuriousFiles, preserving file /data/data/com.android.providers.downloads/cache/metadata-211.htm
07-05 13:11:03.965   545 29841 I DownloadManager: in removeSpuriousFiles, preserving file /data/data/com.android.providers.downloads/cache/metadata-467.htm
07-05 13:11:03.965   545 29841 I DownloadManager: in removeSpuriousFiles, preserving file /data/data/com.android.providers.downloads/cache/metadata-411.htm
07-05 13:11:03.965   545 29841 I DownloadManager: in removeSpuriousFiles, preserving file /data/data/com.android.providers.downloads/cache/metadata-118.htm
07-05 13:11:03.965   545 29841 I DownloadManager: in removeSpuriousFiles, preserving file /data/data/com.android.providers.downloads/cache/metadata-246.htm
07-05 13:11:03.965   545 29841 I DownloadManager: in removeSpuriousFiles, preserving file /data/data/com.android.providers.downloads/cache/metadata-170.htm
07-05 13:11:03.965   545 29841 I DownloadManager: in removeSpuriousFiles, preserving file /data/data/com.android.providers.downloads/cache/metadata-92.htm
07-05 13:11:03.965   545 29841 I DownloadManager: in removeSpuriousFiles, preserving file /data/data/com.android.providers.downloads/cache/metadata-847.htm
07-05 13:11:03.969   545 29841 I DownloadManager: in removeSpuriousFiles, preserving file /data/data/com.android.providers.downloads/cache/metadata-1262.htm
07-05 13:11:03.969   545 29841 I DownloadManager: in removeSpuriousFiles, preserving file /data/data/com.android.providers.downloads/cache/metadata-359.htm
07-05 13:11:03.969   545 29841 I DownloadManager: in removeSpuriousFiles, preserving file /data/data/com.android.providers.downloads/cache/metadata-480.htm
07-05 13:11:04.020   545 29841 D dalvikvm: GC_FOR_ALLOC freed 654K, 8% free 10785K/11719K, paused 23ms
07-05 13:11:04.020   545 29841 I DownloadManager: in removeSpuriousFiles, preserving file /data/data/com.android.providers.downloads/cache/metadata-1114.htm
07-05 13:11:04.020   545 29841 I DownloadManager: in removeSpuriousFiles, preserving file /data/data/com.android.providers.downloads/cache/metadata-415.htm
07-05 13:11:04.020   545 29841 I DownloadManager: in removeSpuriousFiles, preserving file /data/data/com.android.providers.downloads/cache/metadata-213.htm
07-05 13:11:04.020   545 29841 I DownloadManager: in removeSpuriousFiles, preserving file /data/data/com.android.providers.downloads/cache/metadata-326.htm
07-05 13:11:04.020   545 29841 I DownloadManager: in removeSpuriousFiles, preserving file /data/data/com.android.providers.downloads/cache/metadata-343.htm
07-05 13:11:04.024   545 29841 I DownloadManager: in removeSpuriousFiles, preserving file /data/data/com.android.providers.downloads/cache/metadata-1172.htm
07-05 13:11:04.024   545 29841 I DownloadManager: in removeSpuriousFiles, preserving file /data/data/com.android.providers.downloads/cache/metadata-1479.htm
07-05 13:11:04.024   545 29841 I DownloadManager: in removeSpuriousFiles, preserving file /data/data/com.android.providers.downloads/cache/metadata-386.htm
07-05 13:11:04.024   545 29841 I DownloadManager: in removeSpuriousFiles, preserving file /data/data/com.android.providers.downloads/cache/metadata-523.htm
07-05 13:11:04.024   545 29841 I DownloadManager: in removeSpuriousFiles, preserving file /data/data/com.android.providers.downloads/cache/metadata-419.htm
07-05 13:11:04.024   545 29841 I DownloadManager: in removeSpuriousFiles, preserving file /data/data/com.android.providers.downloads/cache/metadata-399.htm
07-05 13:11:04.024   545 29841 I DownloadManager: in removeSpuriousFiles, preserving file /data/data/com.android.providers.downloads/cache/metadata-1131.htm
07-05 13:11:04.024   545 29841 I DownloadManager: in removeSpuriousFiles, preserving file /data/data/com.android.providers.downloads/cache/metadata-1694.htm
07-05 13:11:04.024   545 29841 I DownloadManager: in removeSpuriousFiles, preserving file /data/data/com.android.providers.downloads/cache/metadata-2509.htm
07-05 13:11:04.024   545 29841 I DownloadManager: in removeSpuriousFiles, preserving file /data/data/com.android.providers.downloads/cache/metadata-235.htm
07-05 13:11:04.024   545 29841 I DownloadManager: in removeSpuriousFiles, preserving file /data/data/com.android.providers.downloads/cache/metadata-2432.htm
07-05 13:11:04.024   545 29841 I DownloadManager: in removeSpuriousFiles, preserving file /data/data/com.android.providers.downloads/cache/metadata-1566.htm
07-05 13:11:04.024   545 29841 I DownloadManager: in removeSpuriousFiles, preserving file /data/data/com.android.providers.downloads/cache/metadata-335.htm
07-05 13:11:04.024   545 29841 I DownloadManager: in removeSpuriousFiles, preserving file /data/data/com.android.providers.downloads/cache/metadata-243.htm
07-05 13:11:04.024   545 29841 I DownloadManager: in removeSpuriousFiles, preserving file /data/data/com.android.providers.downloads/cache/metadata-394.htm
07-05 13:11:04.024   545 29841 I DownloadManager: in removeSpuriousFiles, preserving file /data/data/com.android.providers.downloads/cache/metadata-521.htm
07-05 13:11:04.024   545 29841 I DownloadManager: in removeSpuriousFiles, preserving file /data/data/com.android.providers.downloads/cache/metadata-1668.htm
07-05 13:11:04.024   545 29841 I DownloadManager: in removeSpuriousFiles, preserving file /data/data/com.android.providers.downloads/cache/metadata-354.htm
07-05 13:11:04.024   545 29841 I DownloadManager: in removeSpuriousFiles, preserving file /data/data/com.android.providers.downloads/cache/metadata-281.htm
07-05 13:11:04.024   545 29841 I DownloadManager: in removeSpuriousFiles, preserving file /data/data/com.android.providers.downloads/cache/metadata-400.htm
07-05 13:11:04.024   545 29841 I DownloadManager: in removeSpuriousFiles, preserving file /data/data/com.android.providers.downloads/cache/metadata-1144.htm
07-05 13:11:04.024   545 29841 I DownloadManager: in removeSpuriousFiles, preserving file /data/data/com.android.providers.downloads/cache/metadata-1366.htm
07-05 13:11:04.024   545 29841 I DownloadManager: in removeSpuriousFiles, preserving file /data/data/com.android.providers.downloads/cache/metadata-1163.htm
07-05 13:11:04.024   545 29841 I DownloadManager: in removeSpuriousFiles, preserving file /data/data/com.android.providers.downloads/cache/metadata-460.htm
07-05 13:11:04.028   545 29841 I DownloadManager: in removeSpuriousFiles, preserving file /data/data/com.android.providers.downloads/cache/metadata-660.htm
07-05 13:11:04.028   545 29841 I DownloadManager: in removeSpuriousFiles, preserving file /data/data/com.android.providers.downloads/cache/metadata-403.htm
07-05 13:11:04.028   545 29841 I DownloadManager: in removeSpuriousFiles, preserving file /data/data/com.android.providers.downloads/cache/metadata-1265.htm
07-05 13:11:04.028   545 29841 I DownloadManager: in removeSpuriousFiles, preserving file /data/data/com.android.providers.downloads/cache/metadata-422.htm
07-05 13:11:04.028   545 29841 I DownloadManager: in removeSpuriousFiles, preserving file /data/data/com.android.providers.downloads/cache/metadata-1213.htm
07-05 13:11:04.028   545 29841 I DownloadManager: in removeSpuriousFiles, preserving file /data/data/com.android.providers.downloads/cache/metadata-500.htm
07-05 13:11:04.028   545 29841 I DownloadManager: in removeSpuriousFiles, preserving file /data/data/com.android.providers.downloads/cache/metadata-589.htm
07-05 13:11:04.028   545 29841 I DownloadManager: in removeSpuriousFiles, preserving file /data/data/com.android.providers.downloads/cache/metadata-2100.htm
07-05 13:11:04.028   545 29841 I DownloadManager: in removeSpuriousFiles, preserving file /data/data/com.android.providers.downloads/cache/metadata-1289.htm
07-05 13:11:04.028   545 29841 I DownloadManager: in removeSpuriousFiles, preserving file /data/data/com.android.providers.downloads/cache/metadata-984.htm
07-05 13:11:04.028   545 29841 I DownloadManager: in removeSpuriousFiles, preserving file /data/data/com.android.providers.downloads/cache/metadata-900.htm
07-05 13:11:04.031   545 29841 I DownloadManager: in removeSpuriousFiles, preserving file /data/data/com.android.providers.downloads/cache/metadata-1124.htm
07-05 13:11:04.031   545 29841 I DownloadManager: in removeSpuriousFiles, preserving file /data/data/com.android.providers.downloads/cache/metadata-936.htm
07-05 13:11:04.031   545 29841 I DownloadManager: in removeSpuriousFiles, preserving file /data/data/com.android.providers.downloads/cache/metadata-388.htm
07-05 13:11:04.031   545 29841 I DownloadManager: in removeSpuriousFiles, preserving file /data/data/com.android.providers.downloads/cache/metadata-745.htm
07-05 13:11:04.031   545 29841 I DownloadManager: in removeSpuriousFiles, preserving file /data/data/com.android.providers.downloads/cache/metadata-1152.htm
07-05 13:11:04.031   545 29841 I DownloadManager: in removeSpuriousFiles, preserving file /data/data/com.android.providers.downloads/cache/metadata-782.htm
07-05 13:11:04.031   545 29841 I DownloadManager: in removeSpuriousFiles, preserving file /data/data/com.android.providers.downloads/cache/metadata-1111.htm
07-05 13:11:04.031   545 29841 I DownloadManager: in removeSpuriousFiles, preserving file /data/data/com.android.providers.downloads/cache/metadata-1849.htm
07-05 13:11:04.031   545 29841 I DownloadManager: in removeSpuriousFiles, preserving file /data/data/com.android.providers.downloads/cache/metadata-1174.htm
07-05 13:11:04.031   545 29841 I DownloadManager: in removeSpuriousFiles, preserving file /data/data/com.android.providers.downloads/cache/metadata-408.htm
07-05 13:11:04.031   545 29841 I DownloadManager: in removeSpuriousFiles, preserving file /data/data/com.android.providers.downloads/cache/metadata-612.htm
07-05 13:11:04.031   545 29841 I DownloadManager: in removeSpuriousFiles, preserving file /data/data/com.android.providers.downloads/cache/metadata-368.htm
07-05 13:11:04.031   545 29841 I DownloadManager: in removeSpuriousFiles, preserving file /data/data/com.android.providers.downloads/cache/metadata-544.htm
07-05 13:11:04.031   545 29841 I DownloadManager: in removeSpuriousFiles, preserving file /data/data/com.android.providers.downloads/cache/metadata-1817.htm
07-05 13:11:04.035   545 29841 I DownloadManager: in removeSpuriousFiles, preserving file /data/data/com.android.providers.downloads/cache/metadata-701.htm
07-05 13:11:04.035   545 29841 I DownloadManager: in removeSpuriousFiles, preserving file /data/data/com.android.providers.downloads/cache/metadata-607.htm
07-05 13:11:04.035   545 29841 I DownloadManager: in removeSpuriousFiles, preserving file /data/data/com.android.providers.downloads/cache/metadata-2090.htm
07-05 13:11:04.035   545 29841 I DownloadManager: in removeSpuriousFiles, preserving file /data/data/com.android.providers.downloads/cache/metadata-1254.htm
07-05 13:11:04.035   545 29841 I DownloadManager: in removeSpuriousFiles, preserving file /data/data/com.android.providers.downloads/cache/metadata-1345.htm
07-05 13:11:04.035   545 29841 I DownloadManager: in removeSpuriousFiles, preserving file /data/data/com.android.providers.downloads/cache/metadata-323.htm
07-05 13:11:04.035   545 29841 I DownloadManager: in removeSpuriousFiles, preserving file /data/data/com.android.providers.downloads/cache/metadata-2112.htm
07-05 13:11:04.035   545 29841 I DownloadManager: in removeSpuriousFiles, preserving file /data/data/com.android.providers.downloads/cache/metadata-100.htm
07-05 13:11:04.035   545 29841 I DownloadManager: in removeSpuriousFiles, preserving file /data/data/com.android.providers.downloads/cache/metadata-203.htm
07-05 13:11:04.035   545 29841 I DownloadManager: in removeSpuriousFiles, preserving file /data/data/com.android.providers.downloads/cache/metadata-176.htm
07-05 13:11:04.035   545 29841 I DownloadManager: in removeSpuriousFiles, preserving file /data/data/com.android.providers.downloads/cache/metadata-186.htm
07-05 13:11:04.035   545 29841 I DownloadManager: in removeSpuriousFiles, preserving file /data/data/com.android.providers.downloads/cache/metadata-33.htm
07-05 13:11:04.035   545 29841 I DownloadManager: in removeSpuriousFiles, preserving file /data/data/com.android.providers.downloads/cache/metadata-234.htm
07-05 13:11:04.035   545 29841 I DownloadManager: in removeSpuriousFiles, preserving file /data/data/com.android.providers.downloads/cache/metadata-43.htm
07-05 13:11:04.035   545 29841 I DownloadManager: in removeSpuriousFiles, preserving file /data/data/com.android.providers.downloads/cache/metadata-247.htm
07-05 13:11:04.035   545 29841 I DownloadManager: in removeSpuriousFiles, preserving file /data/data/com.android.providers.downloads/cache/metadata-169.htm
07-05 13:11:04.035   545 29841 I DownloadManager: in removeSpuriousFiles, preserving file /data/data/com.android.providers.downloads/cache/metadata-144.htm
07-05 13:11:04.035   545 29841 I DownloadManager: in removeSpuriousFiles, preserving file /data/data/com.android.providers.downloads/cache/metadata-61.htm
07-05 13:11:04.035   545 29841 I DownloadManager: in removeSpuriousFiles, preserving file /data/data/com.android.providers.downloads/cache/metadata-152.htm
07-05 13:11:04.035   545 29841 I DownloadManager: in removeSpuriousFiles, preserving file /data/data/com.android.providers.downloads/cache/metadata-278.htm
07-05 13:11:04.035   545 29841 I DownloadManager: in removeSpuriousFiles, preserving file /data/data/com.android.providers.downloads/cache/metadata-250.htm
07-05 13:11:04.035   545 29841 I DownloadManager: in removeSpuriousFiles, preserving file /data/data/com.android.providers.downloads/cache/metadata-307.htm
07-05 13:11:04.035   545 29841 I DownloadManager: in removeSpuriousFiles, preserving file /data/data/com.android.providers.downloads/cache/metadata-103.htm
07-05 13:11:04.035   545 29841 I DownloadManager: in removeSpuriousFiles, preserving file /data/data/com.android.providers.downloads/cache/metadata-119.htm
07-05 13:11:04.035   545 29841 I DownloadManager: in removeSpuriousFiles, preserving file /data/data/com.android.providers.downloads/cache/metadata-271.htm
07-05 13:11:04.035   545 29841 I DownloadManager: in removeSpuriousFiles, preserving file /data/data/com.android.providers.downloads/cache/metadata-272.htm
07-05 13:11:04.039   545 29841 I DownloadManager: in removeSpuriousFiles, preserving file /data/data/com.android.providers.downloads/cache/metadata-162.htm
07-05 13:11:04.039   545 29841 I DownloadManager: in removeSpuriousFiles, preserving file /data/data/com.android.providers.downloads/cache/metadata-463.htm
07-05 13:11:04.039   545 29841 I DownloadManager: in removeSpuriousFiles, preserving file /data/data/com.android.providers.downloads/cache/metadata-340.htm
07-05 13:11:04.039   545 29841 I DownloadManager: in removeSpuriousFiles, preserving file /data/data/com.android.providers.downloads/cache/metadata-328.htm
07-05 13:11:04.039   545 29841 I DownloadManager: in removeSpuriousFiles, preserving file /data/data/com.android.providers.downloads/cache/metadata-74.htm
07-05 13:11:04.039   545 29841 I DownloadManager: in removeSpuriousFiles, preserving file /data/data/com.android.providers.downloads/cache/metadata-238.htm
07-05 13:11:04.039   545 29841 I DownloadManager: in removeSpuriousFiles, preserving file /data/data/com.android.providers.downloads/cache/metadata-96.htm
07-05 13:11:04.039   545 29841 I DownloadManager: in removeSpuriousFiles, preserving file /data/data/com.android.providers.downloads/cache/metadata-2555.htm
07-05 13:11:04.039   545 29841 I DownloadManager: in removeSpuriousFiles, preserving file /data/data/com.android.providers.downloads/cache/metadata-387.htm
07-05 13:11:04.039   545 29841 I DownloadManager: in removeSpuriousFiles, preserving file /data/data/com.android.providers.downloads/cache/metadata-350.htm
07-05 13:11:04.039   545 29841 I DownloadManager: in removeSpuriousFiles, preserving file /data/data/com.android.providers.downloads/cache/metadata-242.htm
07-05 13:11:04.039   545 29841 I DownloadManager: in removeSpuriousFiles, preserving file /data/data/com.android.providers.downloads/cache/metadata-87.htm
07-05 13:11:04.039   545 29841 I DownloadManager: in removeSpuriousFiles, preserving file /data/data/com.android.providers.downloads/cache/metadata-1192.htm
07-05 13:11:04.039   545 29841 I DownloadManager: in removeSpuriousFiles, preserving file /data/data/com.android.providers.downloads/cache/metadata-298.htm
07-05 13:11:04.039   545 29841 I DownloadManager: in removeSpuriousFiles, preserving file /data/data/com.android.providers.downloads/cache/metadata-227.htm
07-05 13:11:04.039   545 29841 I DownloadManager: in removeSpuriousFiles, preserving file /data/data/com.android.providers.downloads/cache/metadata-268.htm
07-05 13:11:04.039   545 29841 I DownloadManager: in removeSpuriousFiles, preserving file /data/data/com.android.providers.downloads/cache/metadata-440.htm
07-05 13:11:04.039   545 29841 I DownloadManager: in removeSpuriousFiles, preserving file /data/data/com.android.providers.downloads/cache/metadata-483.htm
07-05 13:11:04.039   545 29841 I DownloadManager: in removeSpuriousFiles, preserving file /data/data/com.android.providers.downloads/cache/metadata-746.htm
07-05 13:11:04.039   545 29841 I DownloadManager: in removeSpuriousFiles, preserving file /data/data/com.android.providers.downloads/cache/metadata-369.htm
07-05 13:11:04.039   545 29841 I DownloadManager: in removeSpuriousFiles, preserving file /data/data/com.android.providers.downloads/cache/metadata-457.htm
07-05 13:11:04.039   545 29841 I DownloadManager: in removeSpuriousFiles, preserving file /data/data/com.android.providers.downloads/cache/metadata-1392.htm
07-05 13:11:04.039   545 29841 I DownloadManager: in removeSpuriousFiles, preserving file /data/data/com.android.providers.downloads/cache/metadata-171.htm
07-05 13:11:04.039   545 29841 I DownloadManager: in removeSpuriousFiles, preserving file /data/data/com.android.providers.downloads/cache/metadata-220.htm
07-05 13:11:04.039   545 29841 I DownloadManager: in removeSpuriousFiles, preserving file /data/data/com.android.providers.downloads/cache/metadata-270.htm
07-05 13:11:04.039   545 29841 I DownloadManager: in removeSpuriousFiles, preserving file /data/data/com.android.providers.downloads/cache/metadata-236.htm
07-05 13:11:04.039   545 29841 I DownloadManager: in removeSpuriousFiles, preserving file /data/data/com.android.providers.downloads/cache/metadata-261.htm
07-05 13:11:04.039   545 29841 I DownloadManager: in removeSpuriousFiles, preserving file /data/data/com.android.providers.downloads/cache/metadata-228.htm
07-05 13:11:04.039   545 29841 I DownloadManager: in removeSpuriousFiles, preserving file /data/data/com.android.providers.downloads/cache/metadata-568.htm
07-05 13:11:04.039   545 29841 I DownloadManager: in removeSpuriousFiles, preserving file /data/data/com.android.providers.downloads/cache/metadata-357.htm
07-05 13:11:04.039   545 29841 I DownloadManager: in removeSpuriousFiles, preserving file /data/data/com.android.providers.downloads/cache/metadata-1524.htm
07-05 13:11:04.039   545 29841 I DownloadManager: in removeSpuriousFiles, preserving file /data/data/com.android.providers.downloads/cache/metadata-389.htm
07-05 13:11:04.039   545 29841 I DownloadManager: in removeSpuriousFiles, preserving file /data/data/com.android.providers.downloads/cache/metadata-468.htm
07-05 13:11:04.039   545 29841 I DownloadManager: in removeSpuriousFiles, preserving file /data/data/com.android.providers.downloads/cache/metadata-221.htm
07-05 13:11:04.039   545 29841 I DownloadManager: in removeSpuriousFiles, preserving file /data/data/com.android.providers.downloads/cache/metadata-380.htm
07-05 13:11:04.039   545 29841 I DownloadManager: in removeSpuriousFiles, preserving file /data/data/com.android.providers.downloads/cache/metadata-558.htm
07-05 13:11:04.039   545 29841 I DownloadManager: in removeSpuriousFiles, preserving file /data/data/com.android.providers.downloads/cache/metadata-465.htm
07-05 13:11:04.039   545 29841 I DownloadManager: in removeSpuriousFiles, preserving file /data/data/com.android.providers.downloads/cache/metadata-579.htm
07-05 13:11:04.039   545 29841 I DownloadManager: in removeSpuriousFiles, preserving file /data/data/com.android.providers.downloads/cache/metadata-1020.htm
07-05 13:11:04.039   545 29841 I DownloadManager: in removeSpuriousFiles, preserving file /data/data/com.android.providers.downloads/cache/metadata-502.htm
07-05 13:11:04.043   545 29841 I DownloadManager: in removeSpuriousFiles, preserving file /data/data/com.android.providers.downloads/cache/metadata-347.htm
07-05 13:11:04.043   545 29841 I DownloadManager: in removeSpuriousFiles, preserving file /data/data/com.android.providers.downloads/cache/metadata-417.htm
07-05 13:11:04.043   545 29841 I DownloadManager: in removeSpuriousFiles, preserving file /data/data/com.android.providers.downloads/cache/metadata-2360.htm
07-05 13:11:04.043   545 29841 I DownloadManager: in removeSpuriousFiles, preserving file /data/data/com.android.providers.downloads/cache/metadata-452.htm
07-05 13:11:04.043   545 29841 I DownloadManager: in removeSpuriousFiles, preserving file /data/data/com.android.providers.downloads/cache/metadata-401.htm
07-05 13:11:04.043   545 29841 I DownloadManager: in removeSpuriousFiles, preserving file /data/data/com.android.providers.downloads/cache/metadata-329.htm
07-05 13:11:04.043   545 29841 I DownloadManager: in removeSpuriousFiles, preserving file /data/data/com.android.providers.downloads/cache/metadata-578.htm
07-05 13:11:04.043   545 29841 I DownloadManager: in removeSpuriousFiles, preserving file /data/data/com.android.providers.downloads/cache/metadata-263.htm
07-05 13:11:04.043   545 29841 I DownloadManager: in removeSpuriousFiles, preserving file /data/data/com.android.providers.downloads/cache/metadata-332.htm
07-05 13:11:04.043   545 29841 I DownloadManager: in removeSpuriousFiles, preserving file /data/data/com.android.providers.downloads/cache/metadata-1469.htm
07-05 13:11:04.043   545 29841 I DownloadManager: in removeSpuriousFiles, preserving file /data/data/com.android.providers.downloads/cache/metadata-1200.htm
07-05 13:11:04.043   545 29841 I DownloadManager: in removeSpuriousFiles, preserving file /data/data/com.android.providers.downloads/cache/metadata-405.htm
07-05 13:11:04.043   545 29841 I DownloadManager: in removeSpuriousFiles, preserving file /data/data/com.android.providers.downloads/cache/metadata-1428.htm
07-05 13:11:04.043   545 29841 I DownloadManager: in removeSpuriousFiles, preserving file /data/data/com.android.providers.downloads/cache/metadata-493.htm
07-05 13:11:04.043   545 29841 I DownloadManager: in removeSpuriousFiles, preserving file /data/data/com.android.providers.downloads/cache/metadata-1423.htm
07-05 13:11:04.043   545 29841 I DownloadManager: in removeSpuriousFiles, preserving file /data/data/com.android.providers.downloads/cache/metadata-1011.htm
07-05 13:11:04.043   545 29841 I DownloadManager: in removeSpuriousFiles, preserving file /data/data/com.android.providers.downloads/cache/metadata-920.htm
07-05 13:11:04.043   545 29841 I DownloadManager: in removeSpuriousFiles, preserving file /data/data/com.android.providers.downloads/cache/metadata-2018.htm
07-05 13:11:04.043   545 29841 I DownloadManager: in removeSpuriousFiles, preserving file /data/data/com.android.providers.downloads/cache/metadata-2190.htm
07-05 13:11:04.043   545 29841 I DownloadManager: in removeSpuriousFiles, preserving file /data/data/com.android.providers.downloads/cache/metadata-1046.htm
07-05 13:11:04.043   545 29841 I DownloadManager: in removeSpuriousFiles, preserving file /data/data/com.android.providers.downloads/cache/metadata-592.htm
07-05 13:11:04.043   545 29841 I DownloadManager: in removeSpuriousFiles, preserving file /data/data/com.android.providers.downloads/cache/metadata-508.htm
07-05 13:11:04.043   545 29841 I DownloadManager: in removeSpuriousFiles, preserving file /data/data/com.android.providers.downloads/cache/metadata-482.htm
07-05 13:11:04.043   545 29841 I DownloadManager: in removeSpuriousFiles, preserving file /data/data/com.android.providers.downloads/cache/metadata-367.htm
07-05 13:11:04.043   545 29841 I DownloadManager: in removeSpuriousFiles, preserving file /data/data/com.android.providers.downloads/cache/metadata-1943.htm
07-05 13:11:04.043   545 29841 I DownloadManager: in removeSpuriousFiles, preserving file /data/data/com.android.providers.downloads/cache/metadata-1330.htm
07-05 13:11:04.043   545 29841 I DownloadManager: in removeSpuriousFiles, preserving file /data/data/com.android.providers.downloads/cache/metadata-451.htm
07-05 13:11:04.043   545 29841 I DownloadManager: in removeSpuriousFiles, preserving file /data/data/com.android.providers.downloads/cache/metadata-2297.htm
07-05 13:11:04.043   545 29841 I DownloadManager: in removeSpuriousFiles, preserving file /data/data/com.android.providers.downloads/cache/metadata-872.htm
07-05 13:11:04.043   545 29841 I DownloadManager: in removeSpuriousFiles, preserving file /data/data/com.android.providers.downloads/cache/metadata-472.htm
07-05 13:11:04.047   545 29841 I DownloadManager: in removeSpuriousFiles, preserving file /data/data/com.android.providers.downloads/cache/metadata-1907.htm
07-05 13:11:04.047   545 29841 I DownloadManager: in removeSpuriousFiles, preserving file /data/data/com.android.providers.downloads/cache/metadata-1048.htm
07-05 13:11:04.047   545 29841 I DownloadManager: in removeSpuriousFiles, preserving file /data/data/com.android.providers.downloads/cache/metadata-409.htm
07-05 13:11:04.047   545 29841 I DownloadManager: in removeSpuriousFiles, preserving file /data/data/com.android.providers.downloads/cache/metadata-630.htm
07-05 13:11:04.047   545 29841 I DownloadManager: in removeSpuriousFiles, preserving file /data/data/com.android.providers.downloads/cache/metadata-957.htm
07-05 13:11:04.047   545 29841 I DownloadManager: in removeSpuriousFiles, preserving file /data/data/com.android.providers.downloads/cache/metadata-1468.htm
07-05 13:11:04.047   545 29841 I DownloadManager: in removeSpuriousFiles, preserving file /data/data/com.android.providers.downloads/cache/metadata-1464.htm
07-05 13:11:04.047   545 29841 I DownloadManager: in removeSpuriousFiles, preserving file /data/data/com.android.providers.downloads/cache/metadata-1308.htm
07-05 13:11:04.047   545 29841 I DownloadManager: in removeSpuriousFiles, preserving file /data/data/com.android.providers.downloads/cache/metadata-1356.htm
07-05 13:11:04.047   545 29841 I DownloadManager: in removeSpuriousFiles, preserving file /data/data/com.android.providers.downloads/cache/metadata-737.htm
07-05 13:11:04.047   545 29841 I DownloadManager: in removeSpuriousFiles, preserving file /data/data/com.android.providers.downloads/cache/metadata-1738.htm
07-05 13:11:04.047   545 29841 I DownloadManager: in removeSpuriousFiles, preserving file /data/data/com.android.providers.downloads/cache/metadata-902.htm
07-05 13:11:04.047   545 29841 I DownloadManager: in removeSpuriousFiles, preserving file /data/data/com.android.providers.downloads/cache/metadata-1744.htm
07-05 13:11:04.047   545 29841 I DownloadManager: in removeSpuriousFiles, preserving file /data/data/com.android.providers.downloads/cache/metadata-1168.htm
07-05 13:11:04.047   545 29841 I DownloadManager: in removeSpuriousFiles, preserving file /data/data/com.android.providers.downloads/cache/metadata-618.htm
07-05 13:11:04.047   545 29841 I DownloadManager: in removeSpuriousFiles, preserving file /data/data/com.android.providers.downloads/cache/metadata-907.htm
07-05 13:11:04.047   545 29841 I DownloadManager: in removeSpuriousFiles, preserving file /data/data/com.android.providers.downloads/cache/metadata-516.htm
07-05 13:11:04.047   545 29841 I DownloadManager: in removeSpuriousFiles, preserving file /data/data/com.android.providers.downloads/cache/metadata-1844.htm
07-05 13:11:04.047   545 29841 I DownloadManager: in removeSpuriousFiles, preserving file /data/data/com.android.providers.downloads/cache/metadata-1502.htm
07-05 13:11:04.047   545 29841 I DownloadManager: in removeSpuriousFiles, preserving file /data/data/com.android.providers.downloads/cache/metadata-1047.htm
07-05 13:11:04.047   545 29841 I DownloadManager: in removeSpuriousFiles, preserving file /data/data/com.android.providers.downloads/cache/metadata-537.htm
07-05 13:11:04.055   545 29841 I DownloadManager: in removeSpuriousFiles, preserving file /data/data/com.android.providers.downloads/cache/metadata-1536.htm
07-05 13:11:04.055   545 29841 I DownloadManager: in removeSpuriousFiles, preserving file /data/data/com.android.providers.downloads/cache/metadata-552.htm
07-05 13:11:04.055   545 29841 I DownloadManager: in removeSpuriousFiles, preserving file /data/data/com.android.providers.downloads/cache/metadata-1143.htm
07-05 13:11:04.055   545 29841 I DownloadManager: in removeSpuriousFiles, preserving file /data/data/com.android.providers.downloads/cache/metadata-1073.htm
07-05 13:11:04.055   545 29841 I DownloadManager: in removeSpuriousFiles, preserving file /data/data/com.android.providers.downloads/cache/metadata-1785.htm
07-05 13:11:04.055   545 29841 I DownloadManager: in removeSpuriousFiles, preserving file /data/data/com.android.providers.downloads/cache/metadata-650.htm
07-05 13:11:04.055   545 29841 I DownloadManager: in removeSpuriousFiles, preserving file /data/data/com.android.providers.downloads/cache/metadata-535.htm
07-05 13:11:04.055   545 29841 I DownloadManager: in removeSpuriousFiles, preserving file /data/data/com.android.providers.downloads/cache/metadata-1121.htm
07-05 13:11:04.055   545 29841 I DownloadManager: in removeSpuriousFiles, preserving file /data/data/com.android.providers.downloads/cache/metadata-827.htm
07-05 13:11:04.055   545 29841 I DownloadManager: in removeSpuriousFiles, preserving file /data/data/com.android.providers.downloads/cache/metadata-488.htm
07-05 13:11:04.055   545 29841 I DownloadManager: in removeSpuriousFiles, preserving file /data/data/com.android.providers.downloads/cache/metadata-146.htm
07-05 13:11:04.055   545 29841 I DownloadManager: in removeSpuriousFiles, preserving file /data/data/com.android.providers.downloads/cache/metadata-30.htm
07-05 13:11:04.055   545 29841 I DownloadManager: in removeSpuriousFiles, preserving file /data/data/com.android.providers.downloads/cache/metadata-65.htm
07-05 13:11:04.055   545 29841 I DownloadManager: in removeSpuriousFiles, preserving file /data/data/com.android.providers.downloads/cache/metadata-7.htm
07-05 13:11:04.055   545 29841 I DownloadManager: in removeSpuriousFiles, preserving file /data/data/com.android.providers.downloads/cache/metadata-410.htm
07-05 13:11:04.055   545 29841 I DownloadManager: in removeSpuriousFiles, preserving file /data/data/com.android.providers.downloads/cache/metadata-88.htm
07-05 13:11:04.055   545 29841 I DownloadManager: in removeSpuriousFiles, preserving file /data/data/com.android.providers.downloads/cache/metadata-344.htm
07-05 13:11:04.055   545 29841 I DownloadManager: in removeSpuriousFiles, preserving file /data/data/com.android.providers.downloads/cache/metadata-573.htm
07-05 13:11:04.055   545 29841 I DownloadManager: in removeSpuriousFiles, preserving file /data/data/com.android.providers.downloads/cache/metadata-198.htm
07-05 13:11:04.055   545 29841 I DownloadManager: in removeSpuriousFiles, preserving file /data/data/com.android.providers.downloads/cache/metadata-438.htm
07-05 13:11:04.055   545 29841 I DownloadManager: in removeSpuriousFiles, preserving file /data/data/com.android.providers.downloads/cache/metadata-311.htm
07-05 13:11:04.055   545 29841 I DownloadManager: in removeSpuriousFiles, preserving file /data/data/com.android.providers.downloads/cache/metadata-441.htm
07-05 13:11:04.055   545 29841 I DownloadManager: in removeSpuriousFiles, preserving file /data/data/com.android.providers.downloads/cache/metadata-338.htm
07-05 13:11:04.055   545 29841 I DownloadManager: in removeSpuriousFiles, preserving file /data/data/com.android.providers.downloads/cache/metadata-407.htm
07-05 13:11:04.059   545 29841 I DownloadManager: in removeSpuriousFiles, preserving file /data/data/com.android.providers.downloads/cache/metadata-137.htm
07-05 13:11:04.059   545 29841 I DownloadManager: in removeSpuriousFiles, preserving file /data/data/com.android.providers.downloads/cache/metadata-321.htm
07-05 13:11:04.059   545 29841 I DownloadManager: in removeSpuriousFiles, preserving file /data/data/com.android.providers.downloads/cache/metadata-507.htm
07-05 13:11:04.059   545 29841 I DownloadManager: in removeSpuriousFiles, preserving file /data/data/com.android.providers.downloads/cache/metadata-1333.htm
07-05 13:11:04.059   545 29841 I DownloadManager: in removeSpuriousFiles, preserving file /data/data/com.android.providers.downloads/cache/metadata-1708.htm
07-05 13:11:04.059   545 29841 I DownloadManager: in removeSpuriousFiles, preserving file /data/data/com.android.providers.downloads/cache/metadata-275.htm
07-05 13:11:04.059   545 29841 I DownloadManager: in removeSpuriousFiles, preserving file /data/data/com.android.providers.downloads/cache/metadata-356.htm
07-05 13:11:04.059   545 29841 I DownloadManager: in removeSpuriousFiles, preserving file /data/data/com.android.providers.downloads/cache/metadata-110.htm
07-05 13:11:04.059   545 29841 I DownloadManager: in removeSpuriousFiles, preserving file /data/data/com.android.providers.downloads/cache/metadata-131.htm
07-05 13:11:04.059   545 29841 I DownloadManager: in removeSpuriousFiles, preserving file /data/data/com.android.providers.downloads/cache/metadata-662.htm
07-05 13:11:04.059   545 29841 I DownloadManager: in removeSpuriousFiles, preserving file /data/data/com.android.providers.downloads/cache/metadata-429.htm
07-05 13:11:04.059   545 29841 I DownloadManager: in removeSpuriousFiles, preserving file /data/data/com.android.providers.downloads/cache/metadata-576.htm
07-05 13:11:04.059   545 29841 I DownloadManager: in removeSpuriousFiles, preserving file /data/data/com.android.providers.downloads/cache/metadata-260.htm
07-05 13:11:04.059   545 29841 I DownloadManager: in removeSpuriousFiles, preserving file /data/data/com.android.providers.downloads/cache/metadata-915.htm
07-05 13:11:04.059   545 29841 I DownloadManager: in removeSpuriousFiles, preserving file /data/data/com.android.providers.downloads/cache/metadata-296.htm
07-05 13:11:04.059   545 29841 I DownloadManager: in removeSpuriousFiles, preserving file /data/data/com.android.providers.downloads/cache/metadata-214.htm
07-05 13:11:04.059   545 29841 I DownloadManager: in removeSpuriousFiles, preserving file /data/data/com.android.providers.downloads/cache/metadata-318.htm
07-05 13:11:04.059   545 29841 I DownloadManager: in removeSpuriousFiles, preserving file /data/data/com.android.providers.downloads/cache/metadata-155.htm
07-05 13:11:04.059   545 29841 I DownloadManager: in removeSpuriousFiles, preserving file /data/data/com.android.providers.downloads/cache/metadata-437.htm
07-05 13:11:04.059   545 29841 I DownloadManager: in removeSpuriousFiles, preserving file /data/data/com.android.providers.downloads/cache/metadata-333.htm
07-05 13:11:04.059   545 29841 I DownloadManager: in removeSpuriousFiles, preserving file /data/data/com.android.providers.downloads/cache/metadata-455.htm
07-05 13:11:04.059   545 29841 I DownloadManager: in removeSpuriousFiles, preserving file /data/data/com.android.providers.downloads/cache/metadata-444.htm
07-05 13:11:04.059   545 29841 I DownloadManager: in removeSpuriousFiles, preserving file /data/data/com.android.providers.downloads/cache/metadata-462.htm
07-05 13:11:04.059   545 29841 I DownloadManager: in removeSpuriousFiles, preserving file /data/data/com.android.providers.downloads/cache/metadata-504.htm
07-05 13:11:04.059   545 29841 I DownloadManager: in removeSpuriousFiles, preserving file /data/data/com.android.providers.downloads/cache/metadata-2364.htm
07-05 13:11:04.059   545 29841 I DownloadManager: in removeSpuriousFiles, preserving file /data/data/com.android.providers.downloads/cache/metadata-1819.htm
07-05 13:11:04.059   545 29841 I DownloadManager: in removeSpuriousFiles, preserving file /data/data/com.android.providers.downloads/cache/metadata-432.htm
07-05 13:11:04.059   545 29841 I DownloadManager: in removeSpuriousFiles, preserving file /data/data/com.android.providers.downloads/cache/metadata-364.htm
07-05 13:11:04.059   545 29841 I DownloadManager: in removeSpuriousFiles, preserving file /data/data/com.android.providers.downloads/cache/metadata-370.htm
07-05 13:11:04.059   545 29841 I DownloadManager: in removeSpuriousFiles, preserving file /data/data/com.android.providers.downloads/cache/metadata-1928.htm
07-05 13:11:04.059   545 29841 I DownloadManager: in removeSpuriousFiles, preserving file /data/data/com.android.providers.downloads/cache/metadata-1987.htm
07-05 13:11:04.059   545 29841 I DownloadManager: in removeSpuriousFiles, preserving file /data/data/com.android.providers.downloads/cache/metadata-478.htm
07-05 13:11:04.059   545 29841 I DownloadManager: in removeSpuriousFiles, preserving file /data/data/com.android.providers.downloads/cache/metadata-258.htm
07-05 13:11:04.059   545 29841 I DownloadManager: in removeSpuriousFiles, preserving file /data/data/com.android.providers.downloads/cache/metadata-313.htm
07-05 13:11:04.059   545 29841 I DownloadManager: in removeSpuriousFiles, preserving file /data/data/com.android.providers.downloads/cache/metadata-1083.htm
07-05 13:11:04.059   545 29841 I DownloadManager: in removeSpuriousFiles, preserving file /data/data/com.android.providers.downloads/cache/metadata-494.htm
07-05 13:11:04.059   545 29841 I DownloadManager: in removeSpuriousFiles, preserving file /data/data/com.android.providers.downloads/cache/metadata-1425.htm
07-05 13:11:04.059   545 29841 I DownloadManager: in removeSpuriousFiles, preserving file /data/data/com.android.providers.downloads/cache/metadata-222.htm
07-05 13:11:04.059   545 29841 I DownloadManager: in removeSpuriousFiles, preserving file /data/data/com.android.providers.downloads/cache/metadata-461.htm
07-05 13:11:04.059   545 29841 I DownloadManager: in removeSpuriousFiles, preserving file /data/data/com.android.providers.downloads/cache/metadata-373.htm
07-05 13:11:04.059   545 29841 I DownloadManager: in removeSpuriousFiles, preserving file /data/data/com.android.providers.downloads/cache/metadata-596.htm
07-05 13:11:04.059   545 29841 I DownloadManager: in removeSpuriousFiles, preserving file /data/data/com.android.providers.downloads/cache/metadata-1056.htm
07-05 13:11:04.063   545 29841 I DownloadManager: in removeSpuriousFiles, preserving file /data/data/com.android.providers.downloads/cache/metadata-708.htm
07-05 13:11:04.063   545 29841 I DownloadManager: in removeSpuriousFiles, preserving file /data/data/com.android.providers.downloads/cache/metadata-189.htm
07-05 13:11:04.063   545 29841 I DownloadManager: in removeSpuriousFiles, preserving file /data/data/com.android.providers.downloads/cache/metadata-264.htm
07-05 13:11:04.063   545 29841 I DownloadManager: in removeSpuriousFiles, preserving file /data/data/com.android.providers.downloads/cache/metadata-930.htm
07-05 13:11:04.063   545 29841 I DownloadManager: in removeSpuriousFiles, preserving file /data/data/com.android.providers.downloads/cache/metadata-709.htm
07-05 13:11:04.063   545 29841 I DownloadManager: in removeSpuriousFiles, preserving file /data/data/com.android.providers.downloads/cache/metadata-266.htm
07-05 13:11:04.063   545 29841 I DownloadManager: in removeSpuriousFiles, preserving file /data/data/com.android.providers.downloads/cache/metadata-819.htm
07-05 13:11:04.063   545 29841 I DownloadManager: in removeSpuriousFiles, preserving file /data/data/com.android.providers.downloads/cache/metadata-1138.htm
07-05 13:11:04.063   545 29841 I DownloadManager: in removeSpuriousFiles, preserving file /data/data/com.android.providers.downloads/cache/metadata-1742.htm
07-05 13:11:04.063   545 29841 I DownloadManager: in removeSpuriousFiles, preserving file /data/data/com.android.providers.downloads/cache/metadata-453.htm
07-05 13:11:04.063   545 29841 I DownloadManager: in removeSpuriousFiles, preserving file /data/data/com.android.providers.downloads/cache/metadata-450.htm
07-05 13:11:04.063   545 29841 I DownloadManager: in removeSpuriousFiles, preserving file /data/data/com.android.providers.downloads/cache/metadata-2030.htm
07-05 13:11:04.063   545 29841 I DownloadManager: in removeSpuriousFiles, preserving file /data/data/com.android.providers.downloads/cache/metadata-390.htm
07-05 13:11:04.063   545 29841 I DownloadManager: in removeSpuriousFiles, preserving file /data/data/com.android.providers.downloads/cache/metadata-702.htm
07-05 13:11:04.063   545 29841 I DownloadManager: in removeSpuriousFiles, preserving file /data/data/com.android.providers.downloads/cache/metadata-204.htm
07-05 13:11:04.063   545 29841 I DownloadManager: in removeSpuriousFiles, preserving file /data/data/com.android.providers.downloads/cache/metadata-377.htm
07-05 13:11:04.063   545 29841 I DownloadManager: in removeSpuriousFiles, preserving file /data/data/com.android.providers.downloads/cache/metadata-1368.htm
07-05 13:11:04.063   545 29841 I DownloadManager: in removeSpuriousFiles, preserving file /data/data/com.android.providers.downloads/cache/metadata-1364.htm
07-05 13:11:04.063   545 29841 I DownloadManager: in removeSpuriousFiles, preserving file /data/data/com.android.providers.downloads/cache/metadata-435.htm
07-05 13:11:04.063   545 29841 I DownloadManager: in removeSpuriousFiles, preserving file /data/data/com.android.providers.downloads/cache/metadata-707.htm
07-05 13:11:04.063   545 29841 I DownloadManager: in removeSpuriousFiles, preserving file /data/data/com.android.providers.downloads/cache/metadata-1118.htm
07-05 13:11:04.063   545 29841 I DownloadManager: in removeSpuriousFiles, preserving file /data/data/com.android.providers.downloads/cache/metadata-518.htm
07-05 13:11:04.063   545 29841 I DownloadManager: in removeSpuriousFiles, preserving file /data/data/com.android.providers.downloads/cache/metadata-1043.htm
07-05 13:11:04.063   545 29841 I DownloadManager: in removeSpuriousFiles, preserving file /data/data/com.android.providers.downloads/cache/metadata-2584.htm
07-05 13:11:04.063   545 29841 I DownloadManager: in removeSpuriousFiles, preserving file /data/data/com.android.providers.downloads/cache/metadata-571.htm
07-05 13:11:04.063   545 29841 I DownloadManager: in removeSpuriousFiles, preserving file /data/data/com.android.providers.downloads/cache/metadata-520.htm
07-05 13:11:04.063   545 29841 I DownloadManager: in removeSpuriousFiles, preserving file /data/data/com.android.providers.downloads/cache/metadata-1440.htm
07-05 13:11:04.063   545 29841 I DownloadManager: in removeSpuriousFiles, preserving file /data/data/com.android.providers.downloads/cache/metadata-290.htm
07-05 13:11:04.063   545 29841 I DownloadManager: in removeSpuriousFiles, preserving file /data/data/com.android.providers.downloads/cache/metadata-1386.htm
07-05 13:11:04.063   545 29841 I DownloadManager: in removeSpuriousFiles, preserving file /data/data/com.android.providers.downloads/cache/metadata-536.htm
07-05 13:11:04.063   545 29841 I DownloadManager: in removeSpuriousFiles, preserving file /data/data/com.android.providers.downloads/cache/metadata-1450.htm
07-05 13:11:04.063   545 29841 I DownloadManager: in removeSpuriousFiles, preserving file /data/data/com.android.providers.downloads/cache/metadata-978.htm
07-05 13:11:04.063   545 29841 I DownloadManager: in removeSpuriousFiles, preserving file /data/data/com.android.providers.downloads/cache/metadata-1855.htm
07-05 13:11:04.067   545 29841 I DownloadManager: in removeSpuriousFiles, preserving file /data/data/com.android.providers.downloads/cache/metadata-1413.htm
07-05 13:11:04.067   545 29841 I DownloadManager: in removeSpuriousFiles, preserving file /data/data/com.android.providers.downloads/cache/metadata-858.htm
07-05 13:11:04.067   545 29841 I DownloadManager: in removeSpuriousFiles, preserving file /data/data/com.android.providers.downloads/cache/metadata-1128.htm
07-05 13:11:04.067   545 29841 I DownloadManager: in removeSpuriousFiles, preserving file /data/data/com.android.providers.downloads/cache/metadata-2547.htm
07-05 13:11:04.067   545 29841 I DownloadManager: in removeSpuriousFiles, preserving file /data/data/com.android.providers.downloads/cache/metadata-893.htm
07-05 13:11:04.067   545 29841 I DownloadManager: in removeSpuriousFiles, preserving file /data/data/com.android.providers.downloads/cache/metadata-1097.htm
07-05 13:11:04.067   545 29841 I DownloadManager: in removeSpuriousFiles, preserving file /data/data/com.android.providers.downloads/cache/metadata-575.htm
07-05 13:11:04.067   545 29841 I DownloadManager: in removeSpuriousFiles, preserving file /data/data/com.android.providers.downloads/cache/metadata-729.htm
07-05 13:11:04.067   545 29841 I DownloadManager: in removeSpuriousFiles, preserving file /data/data/com.android.providers.downloads/cache/metadata-1389.htm
07-05 13:11:04.067   545 29841 I DownloadManager: in removeSpuriousFiles, preserving file /data/data/com.android.providers.downloads/cache/metadata-304.htm
07-05 13:11:04.067   545 29841 I DownloadManager: in removeSpuriousFiles, preserving file /data/data/com.android.providers.downloads/cache/metadata-644.htm
07-05 13:11:04.067   545 29841 I DownloadManager: in removeSpuriousFiles, preserving file /data/data/com.android.providers.downloads/cache/metadata-1286.htm
07-05 13:11:04.067   545 29841 I DownloadManager: in removeSpuriousFiles, preserving file /data/data/com.android.providers.downloads/cache/metadata-582.htm
07-05 13:11:04.067   545 29841 I DownloadManager: in removeSpuriousFiles, preserving file /data/data/com.android.providers.downloads/cache/metadata-1575.htm
07-05 13:11:04.067   545 29841 I DownloadManager: in removeSpuriousFiles, preserving file /data/data/com.android.providers.downloads/cache/metadata-1695.htm
07-05 13:11:04.067   545 29841 I DownloadManager: in removeSpuriousFiles, preserving file /data/data/com.android.providers.downloads/cache/metadata-529.htm
07-05 13:11:04.067   545 29841 I DownloadManager: in removeSpuriousFiles, preserving file /data/data/com.android.providers.downloads/cache/metadata-1900.htm
07-05 13:11:04.067   545 29841 I DownloadManager: in removeSpuriousFiles, preserving file /data/data/com.android.providers.downloads/cache/metadata-2240.htm
07-05 13:11:04.067   545 29841 I DownloadManager: in removeSpuriousFiles, preserving file /data/data/com.android.providers.downloads/cache/metadata-287.htm
07-05 13:11:04.067   545 29841 I DownloadManager: in removeSpuriousFiles, preserving file /data/data/com.android.providers.downloads/cache/metadata-1227.htm
07-05 13:11:04.067   545 29841 I DownloadManager: in removeSpuriousFiles, preserving file /data/data/com.android.providers.downloads/cache/metadata-777.htm
07-05 13:11:04.067   545 29841 I DownloadManager: in removeSpuriousFiles, preserving file /data/data/com.android.providers.downloads/cache/metadata-1129.htm
07-05 13:11:04.067   545 29841 I DownloadManager: in removeSpuriousFiles, preserving file /data/data/com.android.providers.downloads/cache/metadata-1059.htm
07-05 13:11:04.067   545 29841 I DownloadManager: in removeSpuriousFiles, preserving file /data/data/com.android.providers.downloads/cache/metadata-905.htm
07-05 13:11:04.067   545 29841 I DownloadManager: in removeSpuriousFiles, preserving file /data/data/com.android.providers.downloads/cache/metadata-1516.htm
07-05 13:11:04.071   545 29841 I DownloadManager: in removeSpuriousFiles, preserving file /data/data/com.android.providers.downloads/cache/metadata-1328.htm
07-05 13:11:04.071   545 29841 I DownloadManager: in removeSpuriousFiles, preserving file /data/data/com.android.providers.downloads/cache/metadata-1559.htm
07-05 13:11:04.071   545 29841 I DownloadManager: in removeSpuriousFiles, preserving file /data/data/com.android.providers.downloads/cache/metadata-1153.htm
07-05 13:11:04.071   545 29841 I DownloadManager: in removeSpuriousFiles, preserving file /data/data/com.android.providers.downloads/cache/metadata-1421.htm
07-05 13:11:04.071   545 29841 I DownloadManager: in removeSpuriousFiles, preserving file /data/data/com.android.providers.downloads/cache/metadata-723.htm
07-05 13:11:04.071   545 29841 I DownloadManager: in removeSpuriousFiles, preserving file /data/data/com.android.providers.downloads/cache/metadata-548.htm
07-05 13:11:04.071   545 29841 I DownloadManager: in removeSpuriousFiles, preserving file /data/data/com.android.providers.downloads/cache/metadata-1278.htm
07-05 13:11:04.071   545 29841 I DownloadManager: in removeSpuriousFiles, preserving file /data/data/com.android.providers.downloads/cache/metadata-1106.htm
07-05 13:11:04.071   545 29841 I DownloadManager: in removeSpuriousFiles, preserving file /data/data/com.android.providers.downloads/cache/metadata-1776.htm
07-05 13:11:04.071   545 29841 I DownloadManager: in removeSpuriousFiles, preserving file /data/data/com.android.providers.downloads/cache/metadata-1005.htm
07-05 13:11:04.071   545 29841 I DownloadManager: in removeSpuriousFiles, preserving file /data/data/com.android.providers.downloads/cache/metadata-3.htm
07-05 13:11:04.071   545 29841 I DownloadManager: in removeSpuriousFiles, preserving file /data/data/com.android.providers.downloads/cache/metadata-165.htm
07-05 13:11:04.071   545 29841 I DownloadManager: in removeSpuriousFiles, preserving file /data/data/com.android.providers.downloads/cache/metadata.htm
07-05 13:11:04.071   545 29841 I DownloadManager: in removeSpuriousFiles, preserving file /data/data/com.android.providers.downloads/cache/metadata-9.htm
07-05 13:11:04.071   545 29841 I DownloadManager: in removeSpuriousFiles, preserving file /data/data/com.android.providers.downloads/cache/metadata-404.htm
07-05 13:11:04.071   545 29841 I DownloadManager: in removeSpuriousFiles, preserving file /data/data/com.android.providers.downloads/cache/metadata-341.htm
07-05 13:11:04.071   545 29841 I DownloadManager: in removeSpuriousFiles, preserving file /data/data/com.android.providers.downloads/cache/metadata-14.htm
07-05 13:11:04.071   545 29841 I DownloadManager: in removeSpuriousFiles, preserving file /data/data/com.android.providers.downloads/cache/metadata-361.htm
07-05 13:11:04.071   545 29841 I DownloadManager: in removeSpuriousFiles, preserving file /data/data/com.android.providers.downloads/cache/metadata-1706.htm
07-05 13:11:04.071   545 29841 I DownloadManager: in removeSpuriousFiles, preserving file /data/data/com.android.providers.downloads/cache/metadata-29.htm
07-05 13:11:04.071   545 29841 I DownloadManager: in removeSpuriousFiles, preserving file /data/data/com.android.providers.downloads/cache/metadata-458.htm
07-05 13:11:04.071   545 29841 I DownloadManager: in removeSpuriousFiles, preserving file /data/data/com.android.providers.downloads/cache/metadata-49.htm
07-05 13:11:04.071   545 29841 I DownloadManager: in removeSpuriousFiles, preserving file /data/data/com.android.providers.downloads/cache/metadata-823.htm
07-05 13:11:04.071   545 29841 I DownloadManager: in removeSpuriousFiles, preserving file /data/data/com.android.providers.downloads/cache/metadata-1292.htm
07-05 13:11:04.071   545 29841 I DownloadManager: in removeSpuriousFiles, preserving file /data/data/com.android.providers.downloads/cache/metadata-382.htm
07-05 13:11:04.071   545 29841 I DownloadManager: in removeSpuriousFiles, preserving file /data/data/com.android.providers.downloads/cache/metadata-682.htm
07-05 13:11:04.071   545 29841 I DownloadManager: in removeSpuriousFiles, preserving file /data/data/com.android.providers.downloads/cache/metadata-178.htm
07-05 13:11:04.071   545 29841 I DownloadManager: in removeSpuriousFiles, preserving file /data/data/com.android.providers.downloads/cache/metadata-256.htm
07-05 13:11:04.071   545 29841 I DownloadManager: in removeSpuriousFiles, preserving file /data/data/com.android.providers.downloads/cache/metadata-316.htm
07-05 13:11:04.071   545 29841 I DownloadManager: in removeSpuriousFiles, preserving file /data/data/com.android.providers.downloads/cache/metadata-1032.htm
07-05 13:11:04.071   545 29841 I DownloadManager: in removeSpuriousFiles, preserving file /data/data/com.android.providers.downloads/cache/metadata-1203.htm
07-05 13:11:04.071   545 29841 I DownloadManager: in removeSpuriousFiles, preserving file /data/data/com.android.providers.downloads/cache/metadata-514.htm
07-05 13:11:04.071   545 29841 I DownloadManager: in removeSpuriousFiles, preserving file /data/data/com.android.providers.downloads/cache/metadata-402.htm
07-05 13:11:04.071   545 29841 I DownloadManager: in removeSpuriousFiles, preserving file /data/data/com.android.providers.downloads/cache/metadata-498.htm
07-05 13:11:04.071   545 29841 I DownloadManager: in removeSpuriousFiles, preserving file /data/data/com.android.providers.downloads/cache/metadata-524.htm
07-05 13:11:04.074   545 29841 I DownloadManager: in removeSpuriousFiles, preserving file /data/data/com.android.providers.downloads/cache/metadata-715.htm
07-05 13:11:04.074   545 29841 I DownloadManager: in removeSpuriousFiles, preserving file /data/data/com.android.providers.downloads/cache/metadata-179.htm
07-05 13:11:04.074   545 29841 I DownloadManager: in removeSpuriousFiles, preserving file /data/data/com.android.providers.downloads/cache/metadata-330.htm
07-05 13:11:04.074   545 29841 I DownloadManager: in removeSpuriousFiles, preserving file /data/data/com.android.providers.downloads/cache/metadata-363.htm
07-05 13:11:04.074   545 29841 I DownloadManager: in removeSpuriousFiles, preserving file /data/data/com.android.providers.downloads/cache/metadata-244.htm
07-05 13:11:04.074   545 29841 I DownloadManager: in removeSpuriousFiles, preserving file /data/data/com.android.providers.downloads/cache/metadata-476.htm
07-05 13:11:04.074   545 29841 I DownloadManager: in removeSpuriousFiles, preserving file /data/data/com.android.providers.downloads/cache/metadata-456.htm
07-05 13:11:04.074   545 29841 I DownloadManager: in removeSpuriousFiles, preserving file /data/data/com.android.providers.downloads/cache/metadata-479.htm
07-05 13:11:04.074   545 29841 I DownloadManager: in removeSpuriousFiles, preserving file /data/data/com.android.providers.downloads/cache/metadata-492.htm
07-05 13:11:04.074   545 29841 I DownloadManager: in removeSpuriousFiles, preserving file /data/data/com.android.providers.downloads/cache/metadata-466.htm
07-05 13:11:04.074   545 29841 I DownloadManager: in removeSpuriousFiles, preserving file /data/data/com.android.providers.downloads/cache/metadata-173.htm
07-05 13:11:04.074   545 29841 I DownloadManager: in removeSpuriousFiles, preserving file /data/data/com.android.providers.downloads/cache/metadata-167.htm
07-05 13:11:04.074   545 29841 I DownloadManager: in removeSpuriousFiles, preserving file /data/data/com.android.providers.downloads/cache/metadata-69.htm
07-05 13:11:04.074   545 29841 I DownloadManager: in removeSpuriousFiles, preserving file /data/data/com.android.providers.downloads/cache/metadata-366.htm
07-05 13:11:04.074   545 29841 I DownloadManager: in removeSpuriousFiles, preserving file /data/data/com.android.providers.downloads/cache/metadata-86.htm
07-05 13:11:04.074   545 29841 I DownloadManager: in removeSpuriousFiles, preserving file /data/data/com.android.providers.downloads/cache/metadata-807.htm
07-05 13:11:04.074   545 29841 I DownloadManager: in removeSpuriousFiles, preserving file /data/data/com.android.providers.downloads/cache/metadata-509.htm
07-05 13:11:04.074   545 29841 I DownloadManager: in removeSpuriousFiles, preserving file /data/data/com.android.providers.downloads/cache/metadata-308.htm
07-05 13:11:04.074   545 29841 I DownloadManager: in removeSpuriousFiles, preserving file /data/data/com.android.providers.downloads/cache/metadata-177.htm
07-05 13:11:04.074   545 29841 I DownloadManager: in removeSpuriousFiles, preserving file /data/data/com.android.providers.downloads/cache/metadata-447.htm
07-05 13:11:04.074   545 29841 I DownloadManager: in removeSpuriousFiles, preserving file /data/data/com.android.providers.downloads/cache/metadata-538.htm
07-05 13:11:04.074   545 29841 I DownloadManager: in removeSpuriousFiles, preserving file /data/data/com.android.providers.downloads/cache/metadata-611.htm
07-05 13:11:04.074   545 29841 I DownloadManager: in removeSpuriousFiles, preserving file /data/data/com.android.providers.downloads/cache/metadata-1344.htm
07-05 13:11:04.074   545 29841 I DownloadManager: in removeSpuriousFiles, preserving file /data/data/com.android.providers.downloads/cache/metadata-293.htm
07-05 13:11:04.074   545 29841 I DownloadManager: in removeSpuriousFiles, preserving file /data/data/com.android.providers.downloads/cache/metadata-967.htm
07-05 13:11:04.074   545 29841 I DownloadManager: in removeSpuriousFiles, preserving file /data/data/com.android.providers.downloads/cache/metadata-1057.htm
07-05 13:11:04.074   545 29841 I DownloadManager: in removeSpuriousFiles, preserving file /data/data/com.android.providers.downloads/cache/metadata-499.htm
07-05 13:11:04.074   545 29841 I DownloadManager: in removeSpuriousFiles, preserving file /data/data/com.android.providers.downloads/cache/metadata-822.htm
07-05 13:11:04.074   545 29841 I DownloadManager: in removeSpuriousFiles, preserving file /data/data/com.android.providers.downloads/cache/metadata-1133.htm
07-05 13:11:04.074   545 29841 I DownloadManager: in removeSpuriousFiles, preserving file /data/data/com.android.providers.downloads/cache/metadata-448.htm
07-05 13:11:04.074   545 29841 I DownloadManager: in removeSpuriousFiles, preserving file /data/data/com.android.providers.downloads/cache/metadata-1263.htm
07-05 13:11:04.074   545 29841 I DownloadManager: in removeSpuriousFiles, preserving file /data/data/com.android.providers.downloads/cache/metadata-412.htm
07-05 13:11:04.074   545 29841 I DownloadManager: in removeSpuriousFiles, preserving file /data/data/com.android.providers.downloads/cache/metadata-423.htm
07-05 13:11:04.074   545 29841 I DownloadManager: in removeSpuriousFiles, preserving file /data/data/com.android.providers.downloads/cache/metadata-559.htm
07-05 13:11:04.074   545 29841 I DownloadManager: in removeSpuriousFiles, preserving file /data/data/com.android.providers.downloads/cache/metadata-2375.htm
07-05 13:11:04.074   545 29841 I DownloadManager: in removeSpuriousFiles, preserving file /data/data/com.android.providers.downloads/cache/metadata-1244.htm
07-05 13:11:04.074   545 29841 I DownloadManager: in removeSpuriousFiles, preserving file /data/data/com.android.providers.downloads/cache/metadata-1276.htm
07-05 13:11:04.074   545 29841 I DownloadManager: in removeSpuriousFiles, preserving file /data/data/com.android.providers.downloads/cache/metadata-346.htm
07-05 13:11:04.074   545 29841 I DownloadManager: in removeSpuriousFiles, preserving file /data/data/com.android.providers.downloads/cache/metadata-2386.htm
07-05 13:11:04.074   545 29841 I DownloadManager: in removeSpuriousFiles, preserving file /data/data/com.android.providers.downloads/cache/metadata-1012.htm
07-05 13:11:04.074   545 29841 I DownloadManager: in removeSpuriousFiles, preserving file /data/data/com.android.providers.downloads/cache/metadata-1360.htm
07-05 13:11:04.074   545 29841 I DownloadManager: in removeSpuriousFiles, preserving file /data/data/com.android.providers.downloads/cache/metadata-2108.htm
07-05 13:11:04.074   545 29841 I DownloadManager: in removeSpuriousFiles, preserving file /data/data/com.android.providers.downloads/cache/metadata-1006.htm
07-05 13:11:04.078   545 29841 I DownloadManager: in removeSpuriousFiles, preserving file /data/data/com.android.providers.downloads/cache/metadata-1107.htm
07-05 13:11:04.078   545 29841 I DownloadManager: in removeSpuriousFiles, preserving file /data/data/com.android.providers.downloads/cache/metadata-1108.htm
07-05 13:11:04.078   545 29841 I DownloadManager: in removeSpuriousFiles, preserving file /data/data/com.android.providers.downloads/cache/metadata-420.htm
07-05 13:11:04.078   545 29841 I DownloadManager: in removeSpuriousFiles, preserving file /data/data/com.android.providers.downloads/cache/metadata-1201.htm
07-05 13:11:04.078   545 29841 I DownloadManager: in removeSpuriousFiles, preserving file /data/data/com.android.providers.downloads/cache/metadata-961.htm
07-05 13:11:04.078   545 29841 I DownloadManager: in removeSpuriousFiles, preserving file /data/data/com.android.providers.downloads/cache/metadata-84.htm
07-05 13:11:04.078   545 29841 I DownloadManager: in removeSpuriousFiles, preserving file /data/data/com.android.providers.downloads/cache/metadata-376.htm
07-05 13:11:04.078   545 29841 I DownloadManager: in removeSpuriousFiles, preserving file /data/data/com.android.providers.downloads/cache/metadata-987.htm
07-05 13:11:04.078   545 29841 I DownloadManager: in removeSpuriousFiles, preserving file /data/data/com.android.providers.downloads/cache/metadata-1448.htm
07-05 13:11:04.078   545 29841 I DownloadManager: in removeSpuriousFiles, preserving file /data/data/com.android.providers.downloads/cache/metadata-892.htm
07-05 13:11:04.078   545 29841 I DownloadManager: in removeSpuriousFiles, preserving file /data/data/com.android.providers.downloads/cache/metadata-1173.htm
07-05 13:11:04.078   545 29841 I DownloadManager: in removeSpuriousFiles, preserving file /data/data/com.android.providers.downloads/cache/metadata-692.htm
07-05 13:11:04.078   545 29841 I DownloadManager: in removeSpuriousFiles, preserving file /data/data/com.android.providers.downloads/cache/metadata-2462.htm
07-05 13:11:04.078   545 29841 I DownloadManager: in removeSpuriousFiles, preserving file /data/data/com.android.providers.downloads/cache/metadata-1442.htm
07-05 13:11:04.078   545 29841 I DownloadManager: in removeSpuriousFiles, preserving file /data/data/com.android.providers.downloads/cache/metadata-1306.htm
07-05 13:11:04.078   545 29841 I DownloadManager: in removeSpuriousFiles, preserving file /data/data/com.android.providers.downloads/cache/metadata-1586.htm
07-05 13:11:04.078   545 29841 I DownloadManager: in removeSpuriousFiles, preserving file /data/data/com.android.providers.downloads/cache/metadata-2032.htm
07-05 13:11:04.078   545 29841 I DownloadManager: in removeSpuriousFiles, preserving file /data/data/com.android.providers.downloads/cache/metadata-1778.htm
07-05 13:11:04.078   545 29841 I DownloadManager: in removeSpuriousFiles, preserving file /data/data/com.android.providers.downloads/cache/metadata-2270.htm
07-05 13:11:04.078   545 29841 I DownloadManager: in removeSpuriousFiles, preserving file /data/data/com.android.providers.downloads/cache/metadata-1497.htm
07-05 13:11:04.078   545 29841 I DownloadManager: in removeSpuriousFiles, preserving file /data/data/com.android.providers.downloads/cache/metadata-1610.htm
07-05 13:11:04.078   545 29841 I DownloadManager: in removeSpuriousFiles, preserving file /data/data/com.android.providers.downloads/cache/metadata-1248.htm
07-05 13:11:04.078   545 29841 I DownloadManager: in removeSpuriousFiles, preserving file /data/data/com.android.providers.downloads/cache/metadata-1651.htm
07-05 13:11:04.078   545 29841 I DownloadManager: in removeSpuriousFiles, preserving file /data/data/com.android.providers.downloads/cache/metadata-1322.htm
07-05 13:11:04.078   545 29841 I DownloadManager: in removeSpuriousFiles, preserving file /data/data/com.android.providers.downloads/cache/metadata-541.htm
07-05 13:11:04.078   545 29841 I DownloadManager: in removeSpuriousFiles, preserving file /data/data/com.android.providers.downloads/cache/metadata-667.htm
07-05 13:11:04.078   545 29841 I DownloadManager: in removeSpuriousFiles, preserving file /data/data/com.android.providers.downloads/cache/metadata-1495.htm
07-05 13:11:04.078   545 29841 I DownloadManager: in removeSpuriousFiles, preserving file /data/data/com.android.providers.downloads/cache/metadata-1015.htm
07-05 13:11:04.078   545 29841 I DownloadManager: in removeSpuriousFiles, preserving file /data/data/com.android.providers.downloads/cache/metadata-779.htm
07-05 13:11:04.078   545 29841 I DownloadManager: in removeSpuriousFiles, preserving file /data/data/com.android.providers.downloads/cache/metadata-485.htm
07-05 13:11:04.078   545 29841 I DownloadManager: in removeSpuriousFiles, preserving file /data/data/com.android.providers.downloads/cache/metadata-1094.htm
07-05 13:11:04.078   545 29841 I DownloadManager: in removeSpuriousFiles, preserving file /data/data/com.android.providers.downloads/cache/metadata-396.htm
07-05 13:11:04.078   545 29841 I DownloadManager: in removeSpuriousFiles, preserving file /data/data/com.android.providers.downloads/cache/metadata-1825.htm
07-05 13:11:04.082   545 29841 I DownloadManager: in removeSpuriousFiles, preserving file /data/data/com.android.providers.downloads/cache/metadata-736.htm
07-05 13:11:04.082   545 29841 I DownloadManager: in removeSpuriousFiles, preserving file /data/data/com.android.providers.downloads/cache/metadata-966.htm
07-05 13:11:04.082   545 29841 I DownloadManager: in removeSpuriousFiles, preserving file /data/data/com.android.providers.downloads/cache/metadata-1085.htm
07-05 13:11:04.082   545 29841 I DownloadManager: in removeSpuriousFiles, preserving file /data/data/com.android.providers.downloads/cache/metadata-600.htm
07-05 13:11:04.082   545 29841 I DownloadManager: in removeSpuriousFiles, preserving file /data/data/com.android.providers.downloads/cache/metadata-1416.htm
07-05 13:11:04.082   545 29841 I DownloadManager: in removeSpuriousFiles, preserving file /data/data/com.android.providers.downloads/cache/metadata-2207.htm
07-05 13:11:04.082   545 29841 I DownloadManager: in removeSpuriousFiles, preserving file /data/data/com.android.providers.downloads/cache/metadata-98.htm
07-05 13:11:04.082   545 29841 I DownloadManager: in removeSpuriousFiles, preserving file /data/data/com.android.providers.downloads/cache/metadata-2465.htm
07-05 13:11:04.082   545 29841 I DownloadManager: in removeSpuriousFiles, preserving file /data/data/com.android.providers.downloads/cache/metadata-639.htm
07-05 13:11:04.082   545 29841 I DownloadManager: in removeSpuriousFiles, preserving file /data/data/com.android.providers.downloads/cache/metadata-1463.htm
07-05 13:11:04.082   545 29841 I DownloadManager: in removeSpuriousFiles, preserving file /data/data/com.android.providers.downloads/cache/metadata-554.htm
07-05 13:11:04.082   545 29841 I DownloadManager: in removeSpuriousFiles, preserving file /data/data/com.android.providers.downloads/cache/metadata-821.htm
07-05 13:11:04.082   545 29841 I DownloadManager: in removeSpuriousFiles, preserving file /data/data/com.android.providers.downloads/cache/metadata-2276.htm
07-05 13:11:04.082   545 29841 I DownloadManager: in removeSpuriousFiles, preserving file /data/data/com.android.providers.downloads/cache/metadata-1303.htm
07-05 13:11:04.082   545 29841 I DownloadManager: in removeSpuriousFiles, preserving file /data/data/com.android.providers.downloads/cache/metadata-1493.htm
07-05 13:11:04.082   545 29841 I DownloadManager: in removeSpuriousFiles, preserving file /data/data/com.android.providers.downloads/cache/metadata-1302.htm
07-05 13:11:04.082   545 29841 I DownloadManager: in removeSpuriousFiles, preserving file /data/data/com.android.providers.downloads/cache/metadata-881.htm
07-05 13:11:04.082   545 29841 I DownloadManager: in removeSpuriousFiles, preserving file /data/data/com.android.providers.downloads/cache/metadata-869.htm
07-05 13:11:04.082   545 29841 I DownloadManager: in removeSpuriousFiles, preserving file /data/data/com.android.providers.downloads/cache/metadata-648.htm
07-05 13:11:04.082   545 29841 I DownloadManager: in removeSpuriousFiles, preserving file /data/data/com.android.providers.downloads/cache/metadata-532.htm
07-05 13:11:04.082   545 29841 I DownloadManager: in removeSpuriousFiles, preserving file /data/data/com.android.providers.downloads/cache/metadata-4.htm
07-05 13:11:04.082   545 29841 I DownloadManager: in removeSpuriousFiles, preserving file /data/data/com.android.providers.downloads/cache/metadata-760.htm
07-05 13:11:04.082   545 29841 I DownloadManager: in removeSpuriousFiles, preserving file /data/data/com.android.providers.downloads/cache/metadata-6.htm
07-05 13:11:04.082   545 29841 I DownloadManager: in removeSpuriousFiles, preserving file /data/data/com.android.providers.downloads/cache/metadata-41.htm
07-05 13:11:04.082   545 29841 I DownloadManager: in removeSpuriousFiles, preserving file /data/data/com.android.providers.downloads/cache/metadata-393.htm
07-05 13:11:04.082   545 29841 I DownloadManager: in removeSpuriousFiles, preserving file /data/data/com.android.providers.downloads/cache/metadata-34.htm
07-05 13:11:04.082   545 29841 I DownloadManager: in removeSpuriousFiles, preserving file /data/data/com.android.providers.downloads/cache/metadata-19.htm
07-05 13:11:04.082   545 29841 I DownloadManager: in removeSpuriousFiles, preserving file /data/data/com.android.providers.downloads/cache/metadata-859.htm
07-05 13:11:04.082   545 29841 I DownloadManager: in removeSpuriousFiles, preserving file /data/data/com.android.providers.downloads/cache/metadata-18.htm
07-05 13:11:04.082   545 29841 I DownloadManager: in removeSpuriousFiles, preserving file /data/data/com.android.providers.downloads/cache/metadata-477.htm
07-05 13:11:04.082   545 29841 I DownloadManager: in removeSpuriousFiles, preserving file /data/data/com.android.providers.downloads/cache/metadata-484.htm
07-05 13:11:04.082   545 29841 I DownloadManager: in removeSpuriousFiles, preserving file /data/data/com.android.providers.downloads/cache/metadata-106.htm
07-05 13:11:04.082   545 29841 I DownloadManager: in removeSpuriousFiles, preserving file /data/data/com.android.providers.downloads/cache/metadata-603.htm
07-05 13:11:04.082   545 29841 I DownloadManager: in removeSpuriousFiles, preserving file /data/data/com.android.providers.downloads/cache/metadata-487.htm
07-05 13:11:04.082   545 29841 I DownloadManager: in removeSpuriousFiles, preserving file /data/data/com.android.providers.downloads/cache/metadata-1906.htm
07-05 13:11:04.086   545 29841 I DownloadManager: in removeSpuriousFiles, preserving file /data/data/com.android.providers.downloads/cache/metadata-134.htm
07-05 13:11:04.086   545 29841 I DownloadManager: in removeSpuriousFiles, preserving file /data/data/com.android.providers.downloads/cache/metadata-253.htm
07-05 13:11:04.086   545 29841 I DownloadManager: in removeSpuriousFiles, preserving file /data/data/com.android.providers.downloads/cache/metadata-916.htm
07-05 13:11:04.086   545 29841 I DownloadManager: in removeSpuriousFiles, preserving file /data/data/com.android.providers.downloads/cache/metadata-553.htm
07-05 13:11:04.086   545 29841 I DownloadManager: in removeSpuriousFiles, preserving file /data/data/com.android.providers.downloads/cache/metadata-391.htm
07-05 13:11:04.086   545 29841 I DownloadManager: in removeSpuriousFiles, preserving file /data/data/com.android.providers.downloads/cache/metadata-302.htm
07-05 13:11:04.086   545 29841 I DownloadManager: in removeSpuriousFiles, preserving file /data/data/com.android.providers.downloads/cache/metadata-285.htm
07-05 13:11:04.086   545 29841 I DownloadManager: in removeSpuriousFiles, preserving file /data/data/com.android.providers.downloads/cache/metadata-497.htm
07-05 13:11:04.086   545 29841 I DownloadManager: in removeSpuriousFiles, preserving file /data/data/com.android.providers.downloads/cache/metadata-129.htm
07-05 13:11:04.086   545 29841 I DownloadManager: in removeSpuriousFiles, preserving file /data/data/com.android.providers.downloads/cache/metadata-1001.htm
07-05 13:11:04.086   545 29841 I DownloadManager: in removeSpuriousFiles, preserving file /data/data/com.android.providers.downloads/cache/metadata-425.htm
07-05 13:11:04.086   545 29841 I DownloadManager: in removeSpuriousFiles, preserving file /data/data/com.android.providers.downloads/cache/metadata-449.htm
07-05 13:11:04.086   545 29841 I DownloadManager: in removeSpuriousFiles, preserving file /data/data/com.android.providers.downloads/cache/metadata-683.htm
07-05 13:11:04.086   545 29841 I DownloadManager: in removeSpuriousFiles, preserving file /data/data/com.android.providers.downloads/cache/metadata-339.htm
07-05 13:11:04.086   545 29841 I DownloadManager: in removeSpuriousFiles, preserving file /data/data/com.android.providers.downloads/cache/metadata-470.htm
07-05 13:11:04.086   545 29841 I DownloadManager: in removeSpuriousFiles, preserving file /data/data/com.android.providers.downloads/cache/metadata-1220.htm
07-05 13:11:04.086   545 29841 I DownloadManager: in removeSpuriousFiles, preserving file /data/data/com.android.providers.downloads/cache/metadata-534.htm
07-05 13:11:04.086   545 29841 I DownloadManager: in removeSpuriousFiles, preserving file /data/data/com.android.providers.downloads/cache/metadata-1600.htm
07-05 13:11:04.086   545 29841 I DownloadManager: in removeSpuriousFiles, preserving file /data/data/com.android.providers.downloads/cache/metadata-574.htm
07-05 13:11:04.086   545 29841 I DownloadManager: in removeSpuriousFiles, preserving file /data/data/com.android.providers.downloads/cache/metadata-355.htm
07-05 13:11:04.086   545 29841 I DownloadManager: in removeSpuriousFiles, preserving file /data/data/com.android.providers.downloads/cache/metadata-519.htm
07-05 13:11:04.086   545 29841 I DownloadManager: in removeSpuriousFiles, preserving file /data/data/com.android.providers.downloads/cache/metadata-1544.htm
07-05 13:11:04.086   545 29841 I DownloadManager: in removeSpuriousFiles, preserving file /data/data/com.android.providers.downloads/cache/metadata-279.htm
07-05 13:11:04.086   545 29841 I DownloadManager: in removeSpuriousFiles, preserving file /data/data/com.android.providers.downloads/cache/metadata-99.htm
07-05 13:11:04.086   545 29841 I DownloadManager: in removeSpuriousFiles, preserving file /data/data/com.android.providers.downloads/cache/metadata-431.htm
07-05 13:11:04.086   545 29841 I DownloadManager: in removeSpuriousFiles, preserving file /data/data/com.android.providers.downloads/cache/metadata-1346.htm
07-05 13:11:04.086   545 29841 I DownloadManager: in removeSpuriousFiles, preserving file /data/data/com.android.providers.downloads/cache/metadata-195.htm
07-05 13:11:04.086   545 29841 I DownloadManager: in removeSpuriousFiles, preserving file /data/data/com.android.providers.downloads/cache/metadata-581.htm
07-05 13:11:04.086   545 29841 I DownloadManager: in removeSpuriousFiles, preserving file /data/data/com.android.providers.downloads/cache/metadata-543.htm
07-05 13:11:04.086   545 29841 I DownloadManager: in removeSpuriousFiles, preserving file /data/data/com.android.providers.downloads/cache/metadata-528.htm
07-05 13:11:04.086   545 29841 I DownloadManager: in removeSpuriousFiles, preserving file /data/data/com.android.providers.downloads/cache/metadata-1494.htm
07-05 13:11:04.086   545 29841 I DownloadManager: in removeSpuriousFiles, preserving file /data/data/com.android.providers.downloads/cache/metadata-1065.htm
07-05 13:11:04.086   545 29841 I DownloadManager: in removeSpuriousFiles, preserving file /data/data/com.android.providers.downloads/cache/metadata-371.htm
07-05 13:11:04.086   545 29841 I DownloadManager: in removeSpuriousFiles, preserving file /data/data/com.android.providers.downloads/cache/metadata-1070.htm
07-05 13:11:04.086   545 29841 I DownloadManager: in removeSpuriousFiles, preserving file /data/data/com.android.providers.downloads/cache/metadata-512.htm
07-05 13:11:04.086   545 29841 I DownloadManager: in removeSpuriousFiles, preserving file /data/data/com.android.providers.downloads/cache/metadata-605.htm
07-05 13:11:04.086   545 29841 I DownloadManager: in removeSpuriousFiles, preserving file /data/data/com.android.providers.downloads/cache/metadata-863.htm
07-05 13:11:04.086   545 29841 I DownloadManager: in removeSpuriousFiles, preserving file /data/data/com.android.providers.downloads/cache/metadata-584.htm
07-05 13:11:04.086   545 29841 I DownloadManager: in removeSpuriousFiles, preserving file /data/data/com.android.providers.downloads/cache/metadata-752.htm
07-05 13:11:04.086   545 29841 I DownloadManager: in removeSpuriousFiles, preserving file /data/data/com.android.providers.downloads/cache/metadata-651.htm
07-05 13:11:04.086   545 29841 I DownloadManager: in removeSpuriousFiles, preserving file /data/data/com.android.providers.downloads/cache/metadata-337.htm
07-05 13:11:04.086   545 29841 I DownloadManager: in removeSpuriousFiles, preserving file /data/data/com.android.providers.downloads/cache/metadata-1445.htm
07-05 13:11:04.086   545 29841 I DownloadManager: in removeSpuriousFiles, preserving file /data/data/com.android.providers.downloads/cache/metadata-325.htm
07-05 13:11:04.086   545 29841 I DownloadManager: in removeSpuriousFiles, preserving file /data/data/com.android.providers.downloads/cache/metadata-666.htm
07-05 13:11:04.086   545 29841 I DownloadManager: in removeSpuriousFiles, preserving file /data/data/com.android.providers.downloads/cache/metadata-1483.htm
07-05 13:11:04.086   545 29841 I DownloadManager: in removeSpuriousFiles, preserving file /data/data/com.android.providers.downloads/cache/metadata-2841.htm
07-05 13:11:04.086   545 29841 I DownloadManager: in removeSpuriousFiles, preserving file /data/data/com.android.providers.downloads/cache/metadata-454.htm
07-05 13:11:04.086   545 29841 I DownloadManager: in removeSpuriousFiles, preserving file /data/data/com.android.providers.downloads/cache/metadata-557.htm
07-05 13:11:04.086   545 29841 I DownloadManager: in removeSpuriousFiles, preserving file /data/data/com.android.providers.downloads/cache/metadata-309.htm
07-05 13:11:04.090   545 29841 I DownloadManager: in removeSpuriousFiles, preserving file /data/data/com.android.providers.downloads/cache/metadata-471.htm
07-05 13:11:04.090   545 29841 I DownloadManager: in removeSpuriousFiles, preserving file /data/data/com.android.providers.downloads/cache/metadata-378.htm
07-05 13:11:04.090   545 29841 I DownloadManager: in removeSpuriousFiles, preserving file /data/data/com.android.providers.downloads/cache/metadata-1496.htm
07-05 13:11:04.090   545 29841 I DownloadManager: in removeSpuriousFiles, preserving file /data/data/com.android.providers.downloads/cache/metadata-1324.htm
07-05 13:11:04.090   545 29841 I DownloadManager: in removeSpuriousFiles, preserving file /data/data/com.android.providers.downloads/cache/metadata-730.htm
07-05 13:11:04.090   545 29841 I DownloadManager: in removeSpuriousFiles, preserving file /data/data/com.android.providers.downloads/cache/metadata-1728.htm
07-05 13:11:04.090   545 29841 I DownloadManager: in removeSpuriousFiles, preserving file /data/data/com.android.providers.downloads/cache/metadata-1169.htm
07-05 13:11:04.090   545 29841 I DownloadManager: in removeSpuriousFiles, preserving file /data/data/com.android.providers.downloads/cache/metadata-941.htm
07-05 13:11:04.090   545 29841 I DownloadManager: in removeSpuriousFiles, preserving file /data/data/com.android.providers.downloads/cache/metadata-706.htm
07-05 13:11:04.090   545 29841 I DownloadManager: in removeSpuriousFiles, preserving file /data/data/com.android.providers.downloads/cache/metadata-786.htm
07-05 13:11:04.090   545 29841 I DownloadManager: in removeSpuriousFiles, preserving file /data/data/com.android.providers.downloads/cache/metadata-1891.htm
07-05 13:11:04.090   545 29841 I DownloadManager: in removeSpuriousFiles, preserving file /data/data/com.android.providers.downloads/cache/metadata-546.htm
07-05 13:11:04.090   545 29841 I DownloadManager: in removeSpuriousFiles, preserving file /data/data/com.android.providers.downloads/cache/metadata-1945.htm
07-05 13:11:04.090   545 29841 I DownloadManager: in removeSpuriousFiles, preserving file /data/data/com.android.providers.downloads/cache/metadata-665.htm
07-05 13:11:04.090   545 29841 I DownloadManager: in removeSpuriousFiles, preserving file /data/data/com.android.providers.downloads/cache/metadata-2365.htm
07-05 13:11:04.090   545 29841 I DownloadManager: in removeSpuriousFiles, preserving file /data/data/com.android.providers.downloads/cache/metadata-223.htm
07-05 13:11:04.090   545 29841 I DownloadManager: in removeSpuriousFiles, preserving file /data/data/com.android.providers.downloads/cache/metadata-342.htm
07-05 13:11:04.090   545 29841 I DownloadManager: in removeSpuriousFiles, preserving file /data/data/com.android.providers.downloads/cache/metadata-591.htm
07-05 13:11:04.090   545 29841 I DownloadManager: in removeSpuriousFiles, preserving file /data/data/com.android.providers.downloads/cache/metadata-697.htm
07-05 13:11:04.090   545 29841 I DownloadManager: in removeSpuriousFiles, preserving file /data/data/com.android.providers.downloads/cache/metadata-200.htm
07-05 13:11:04.090   545 29841 I DownloadManager: in removeSpuriousFiles, preserving file /data/data/com.android.providers.downloads/cache/metadata-722.htm
07-05 13:11:04.090   545 29841 I DownloadManager: in removeSpuriousFiles, preserving file /data/data/com.android.providers.downloads/cache/metadata-225.htm
07-05 13:11:04.090   545 29841 I DownloadManager: in removeSpuriousFiles, preserving file /data/data/com.android.providers.downloads/cache/metadata-1674.htm
07-05 13:11:04.090   545 29841 I DownloadManager: in removeSpuriousFiles, preserving file /data/data/com.android.providers.downloads/cache/metadata-1206.htm
07-05 13:11:04.090   545 29841 I DownloadManager: in removeSpuriousFiles, preserving file /data/data/com.android.providers.downloads/cache/metadata-767.htm
07-05 13:11:04.090   545 29841 I DownloadManager: in removeSpuriousFiles, preserving file /data/data/com.android.providers.downloads/cache/metadata-1072.htm
07-05 13:11:04.090   545 29841 I DownloadManager: in removeSpuriousFiles, preserving file /data/data/com.android.providers.downloads/cache/metadata-352.htm
07-05 13:11:04.090   545 29841 I DownloadManager: in removeSpuriousFiles, preserving file /data/data/com.android.providers.downloads/cache/metadata-1466.htm
07-05 13:11:04.090   545 29841 I DownloadManager: in removeSpuriousFiles, preserving file /data/data/com.android.providers.downloads/cache/metadata-954.htm
07-05 13:11:04.090   545 29841 I DownloadManager: in removeSpuriousFiles, preserving file /data/data/com.android.providers.downloads/cache/metadata-379.htm
07-05 13:11:04.090   545 29841 I DownloadManager: in removeSpuriousFiles, preserving file /data/data/com.android.providers.downloads/cache/metadata-962.htm
07-05 13:11:04.090   545 29841 I DownloadManager: in removeSpuriousFiles, preserving file /data/data/com.android.providers.downloads/cache/metadata-785.htm
07-05 13:11:04.090   545 29841 I DownloadManager: in removeSpuriousFiles, preserving file /data/data/com.android.providers.downloads/cache/metadata-1229.htm
07-05 13:11:04.090   545 29841 I DownloadManager: in removeSpuriousFiles, preserving file /data/data/com.android.providers.downloads/cache/metadata-795.htm
07-05 13:11:04.090   545 29841 I DownloadManager: in removeSpuriousFiles, preserving file /data/data/com.android.providers.downloads/cache/metadata-1035.htm
07-05 13:11:04.090   545 29841 I DownloadManager: in removeSpuriousFiles, preserving file /data/data/com.android.providers.downloads/cache/metadata-545.htm
07-05 13:11:04.090   545 29841 I DownloadManager: in removeSpuriousFiles, preserving file /data/data/com.android.providers.downloads/cache/metadata-1155.htm
07-05 13:11:04.090   545 29841 I DownloadManager: in removeSpuriousFiles, preserving file /data/data/com.android.providers.downloads/cache/metadata-670.htm
07-05 13:11:04.090   545 29841 I DownloadManager: in removeSpuriousFiles, preserving file /data/data/com.android.providers.downloads/cache/metadata-1726.htm
07-05 13:11:04.090   545 29841 I DownloadManager: in removeSpuriousFiles, preserving file /data/data/com.android.providers.downloads/cache/metadata-433.htm
07-05 13:11:04.094   545 29841 I DownloadManager: in removeSpuriousFiles, preserving file /data/data/com.android.providers.downloads/cache/metadata-1016.htm
07-05 13:11:04.094   545 29841 I DownloadManager: in removeSpuriousFiles, preserving file /data/data/com.android.providers.downloads/cache/metadata-623.htm
07-05 13:11:04.094   545 29841 I DownloadManager: in removeSpuriousFiles, preserving file /data/data/com.android.providers.downloads/cache/metadata-1523.htm
07-05 13:11:04.094   545 29841 I DownloadManager: in removeSpuriousFiles, preserving file /data/data/com.android.providers.downloads/cache/metadata-679.htm
07-05 13:11:04.094   545 29841 I DownloadManager: in removeSpuriousFiles, preserving file /data/data/com.android.providers.downloads/cache/metadata-542.htm
07-05 13:11:04.094   545 29841 I DownloadManager: in removeSpuriousFiles, preserving file /data/data/com.android.providers.downloads/cache/metadata-816.htm
07-05 13:11:04.094   545 29841 I DownloadManager: in removeSpuriousFiles, preserving file /data/data/com.android.providers.downloads/cache/metadata-1202.htm
07-05 13:11:04.094   545 29841 I DownloadManager: in removeSpuriousFiles, preserving file /data/data/com.android.providers.downloads/cache/metadata-1078.htm
07-05 13:11:04.094   545 29841 I DownloadManager: in removeSpuriousFiles, preserving file /data/data/com.android.providers.downloads/cache/metadata-1171.htm
07-05 13:11:04.094   545 29841 I DownloadManager: in removeSpuriousFiles, preserving file /data/data/com.android.providers.downloads/cache/metadata-990.htm
07-05 13:11:04.094   545 29841 I DownloadManager: in removeSpuriousFiles, preserving file /data/data/com.android.providers.downloads/cache/metadata-614.htm
07-05 13:11:04.094   545 29841 I DownloadManager: in removeSpuriousFiles, preserving file /data/data/com.android.providers.downloads/cache/metadata-628.htm
07-05 13:11:04.094   545 29841 I DownloadManager: in removeSpuriousFiles, preserving file /data/data/com.android.providers.downloads/cache/metadata-1824.htm
07-05 13:11:04.094   545 29841 I DownloadManager: in removeSpuriousFiles, preserving file /data/data/com.android.providers.downloads/cache/metadata-1210.htm
07-05 13:11:04.094   545 29841 I DownloadManager: in removeSpuriousFiles, preserving file /data/data/com.android.providers.downloads/cache/metadata-1148.htm
07-05 13:11:04.094   545 29841 I DownloadManager: in removeSpuriousFiles, preserving file /data/data/com.android.providers.downloads/cache/metadata-1170.htm
07-05 13:11:04.094   545 29841 I DownloadManager: in removeSpuriousFiles, preserving file /data/data/com.android.providers.downloads/cache/metadata-547.htm
07-05 13:11:04.094   545 29841 I DownloadManager: in removeSpuriousFiles, preserving file /data/data/com.android.providers.downloads/cache/metadata-1889.htm
07-05 13:11:04.094   545 29841 I DownloadManager: in removeSpuriousFiles, preserving file /data/data/com.android.providers.downloads/cache/metadata-533.htm
07-05 13:11:04.094   545 29841 I DownloadManager: in removeSpuriousFiles, preserving file /data/data/com.android.providers.downloads/cache/metadata-588.htm
07-05 13:11:04.094   545 29841 I DownloadManager: deleting spurious file /cache/dalvik-cache
07-05 13:11:04.094   545 29841 I DownloadManager: deleting spurious file /data/data/com.android.providers.downloads/cache/metadata-1.htm
07-05 13:11:04.094   545 29841 I DownloadManager: deleting spurious file /data/data/com.android.providers.downloads/cache/metadata-10.htm
07-05 13:11:04.094   545 29841 I DownloadManager: deleting spurious file /data/data/com.android.providers.downloads/cache/metadata-15.htm
07-05 13:11:04.098   545 29841 I DownloadManager: deleting spurious file /data/data/com.android.providers.downloads/cache/metadata-733.htm
07-05 13:11:04.098   545 29841 I DownloadManager: deleting spurious file /data/data/com.android.providers.downloads/cache/metadata-11.htm
07-05 13:11:04.098   545 29841 I DownloadManager: deleting spurious file /data/data/com.android.providers.downloads/cache/metadata-527.htm
07-05 13:11:04.098   545 29841 I DownloadManager: deleting spurious file /data/data/com.android.providers.downloads/cache/metadata-22.htm
07-05 13:11:04.098   545 29841 I DownloadManager: deleting spurious file /data/data/com.android.providers.downloads/cache/metadata-37.htm
07-05 13:11:04.098   545 29841 I DownloadManager: deleting spurious file /data/data/com.android.providers.downloads/cache/metadata-95.htm
07-05 13:11:04.098   545 29841 I DownloadManager: deleting spurious file /data/data/com.android.providers.downloads/cache/metadata-475.htm
07-05 13:11:04.098   545 29841 I DownloadManager: deleting spurious file /data/data/com.android.providers.downloads/cache/metadata-1895.htm
07-05 13:11:04.098   545 29841 I DownloadManager: deleting spurious file /data/data/com.android.providers.downloads/cache/metadata-1567.htm
07-05 13:11:04.098   545 29841 I DownloadManager: deleting spurious file /data/data/com.android.providers.downloads/cache/metadata-199.htm
07-05 13:11:04.098   545 29841 I DownloadManager: deleting spurious file /data/data/com.android.providers.downloads/cache/metadata-549.htm
07-05 13:11:04.098   545 29841 I DownloadManager: deleting spurious file /data/data/com.android.providers.downloads/cache/metadata-1349.htm
07-05 13:11:04.098   545 29841 I DownloadManager: deleting spurious file /data/data/com.android.providers.downloads/cache/metadata-31.htm
07-05 13:11:04.098   545 29841 I DownloadManager: deleting spurious file /data/data/com.android.providers.downloads/cache/metadata-503.htm
07-05 13:11:04.098   545 29841 I DownloadManager: deleting spurious file /data/data/com.android.providers.downloads/cache/metadata-166.htm
