07-05 12:50:44.871   545   548 D dalvikvm: GC_CONCURRENT freed 679K, 11% free 10442K/11719K, paused 1ms+2ms
07-05 12:50:45.008  1370 24808 E DictionaryProvider:UpdateHandler: Can't read a file : android.util.MalformedJsonException: Use JsonReader.setLenient(true) to accept malformed JSON at line 1 column 20
07-05 12:50:45.109   545   548 D dalvikvm: GC_CONCURRENT freed 436K, 12% free 10401K/11719K, paused 1ms+3ms
07-05 12:50:45.293   545   548 D dalvikvm: GC_CONCURRENT freed 420K, 12% free 10376K/11719K, paused 1ms+3ms
07-05 12:50:45.351   545 24811 I DownloadManager: Initiating request for download 2925
07-05 12:50:45.445   545   548 D dalvikvm: GC_CONCURRENT freed 235K, 10% free 10600K/11719K, paused 2ms+3ms
07-05 12:50:45.547   545   548 D dalvikvm: GC_CONCURRENT freed 315K, 9% free 10750K/11719K, paused 2ms+3ms
07-05 12:50:45.758   545   548 D dalvikvm: GC_CONCURRENT freed 806K, 12% free 10399K/11719K, paused 2ms+2ms
07-05 12:50:45.949   545   548 D dalvikvm: GC_CONCURRENT freed 412K, 12% free 10380K/11719K, paused 1ms+2ms
07-05 12:50:46.070   545 24814 I DownloadManager: Initiating request for download 2926
07-05 12:50:46.168   545   548 D dalvikvm: GC_CONCURRENT freed 265K, 10% free 10567K/11719K, paused 3ms+3ms
07-05 12:50:46.265   545   548 D dalvikvm: GC_CONCURRENT freed 315K, 9% free 10735K/11719K, paused 2ms+3ms
07-05 12:50:46.433   545   548 D dalvikvm: GC_CONCURRENT freed 745K, 11% free 10449K/11719K, paused 1ms+3ms
07-05 12:50:46.492  1370 24816 E DictionaryProvider:UpdateHandler: Can't read a file : android.util.MalformedJsonException: Use JsonReader.setLenient(true) to accept malformed JSON at line 1 column 20
07-05 12:50:46.664   545   548 D dalvikvm: GC_CONCURRENT freed 439K, 12% free 10405K/11719K, paused 2ms+2ms
07-05 12:50:46.804   545 24819 I DownloadManager: Initiating request for download 2926
07-05 12:50:46.832   545   548 D dalvikvm: GC_CONCURRENT freed 381K, 12% free 10426K/11719K, paused 2ms+3ms
07-05 12:50:46.949   545   548 D dalvikvm: GC_CONCURRENT freed 213K, 9% free 10673K/11719K, paused 2ms+2ms
07-05 12:50:47.070   545   548 D dalvikvm: GC_CONCURRENT freed 449K, 9% free 10670K/11719K, paused 2ms+3ms
07-05 12:50:47.293   545   548 D dalvikvm: GC_CONCURRENT freed 689K, 12% free 10417K/11719K, paused 2ms+2ms
07-05 12:50:47.484   545   548 D dalvikvm: GC_CONCURRENT freed 417K, 12% free 10387K/11719K, paused 2ms+2ms
07-05 12:50:47.562   545 24822 I DownloadManager: Initiating request for download 2927
07-05 12:50:47.656   545   548 D dalvikvm: GC_CONCURRENT freed 225K, 10% free 10617K/11719K, paused 2ms+3ms
07-05 12:50:47.761   545   548 D dalvikvm: GC_CONCURRENT freed 300K, 9% free 10767K/11719K, paused 2ms+2ms
07-05 12:50:47.945  1370 24824 E DictionaryProvider:UpdateHandler: Can't read a file : android.util.MalformedJsonException: Use JsonReader.setLenient(true) to accept malformed JSON at line 1 column 20
07-05 12:50:47.996   545   548 D dalvikvm: GC_CONCURRENT freed 813K, 12% free 10422K/11719K, paused 1ms+2ms
07-05 12:50:48.187   545   548 D dalvikvm: GC_CONCURRENT freed 425K, 12% free 10393K/11719K, paused 1ms+2ms
07-05 12:50:48.293   545 24827 I DownloadManager: Initiating request for download 2927
07-05 12:50:48.371   545   548 D dalvikvm: GC_CONCURRENT freed 286K, 10% free 10565K/11719K, paused 1ms+3ms
07-05 12:50:48.472   545   548 D dalvikvm: GC_CONCURRENT freed 305K, 9% free 10749K/11719K, paused 2ms+3ms
07-05 12:50:48.636   545   548 D dalvikvm: GC_CONCURRENT freed 789K, 12% free 10420K/11719K, paused 2ms+2ms
07-05 12:50:48.832   545   548 D dalvikvm: GC_CONCURRENT freed 411K, 12% free 10404K/11719K, paused 1ms+3ms
07-05 12:50:49.019   545 24830 I DownloadManager: Initiating request for download 2928
07-05 12:50:49.031   545   548 D dalvikvm: GC_CONCURRENT freed 363K, 11% free 10433K/11719K, paused 2ms+4ms
07-05 12:50:49.148   545   548 D dalvikvm: GC_CONCURRENT freed 215K, 9% free 10678K/11719K, paused 2ms+3ms
07-05 12:50:49.269   545   548 D dalvikvm: GC_CONCURRENT freed 461K, 9% free 10677K/11719K, paused 2ms+2ms
07-05 12:50:49.465   545   548 D dalvikvm: GC_CONCURRENT freed 671K, 11% free 10441K/11719K, paused 2ms+2ms
07-05 12:50:49.664   545   548 D dalvikvm: GC_CONCURRENT freed 442K, 12% free 10398K/11719K, paused 1ms+2ms
07-05 12:50:51.211  1370 24832 E DictionaryProvider:UpdateHandler: Can't read a file : android.util.MalformedJsonException: Use JsonReader.setLenient(true) to accept malformed JSON at line 1 column 20
07-05 12:50:51.238  1370  1372 D dalvikvm: GC_CONCURRENT freed 354K, 7% free 9137K/9735K, paused 1ms+2ms
07-05 12:50:51.367   545   548 D dalvikvm: GC_CONCURRENT freed 365K, 12% free 10429K/11719K, paused 1ms+2ms
07-05 12:50:51.570   545   548 D dalvikvm: GC_CONCURRENT freed 425K, 12% free 10399K/11719K, paused 2ms+3ms
07-05 12:50:51.750   545   548 D dalvikvm: GC_CONCURRENT freed 360K, 12% free 10424K/11719K, paused 2ms+2ms
07-05 12:50:51.980   545   548 D dalvikvm: GC_CONCURRENT freed 410K, 12% free 10410K/11719K, paused 2ms+2ms
07-05 12:50:52.160   545   548 D dalvikvm: GC_CONCURRENT freed 401K, 12% free 10396K/11719K, paused 2ms+2ms
07-05 12:50:52.308   545 24835 I DownloadManager: Initiating request for download 2929
07-05 12:50:52.402   545   548 D dalvikvm: GC_CONCURRENT freed 274K, 10% free 10583K/11719K, paused 1ms+3ms
07-05 12:50:52.504   545   548 D dalvikvm: GC_CONCURRENT freed 311K, 9% free 10753K/11719K, paused 2ms+3ms
07-05 12:50:52.675   545   548 D dalvikvm: GC_CONCURRENT freed 756K, 11% free 10455K/11719K, paused 2ms+2ms
07-05 12:50:52.738  1370 24837 E DictionaryProvider:UpdateHandler: Can't read a file : android.util.MalformedJsonException: Use JsonReader.setLenient(true) to accept malformed JSON at line 1 column 20
07-05 12:50:52.906   545   548 D dalvikvm: GC_CONCURRENT freed 439K, 12% free 10412K/11719K, paused 1ms+3ms
07-05 12:50:53.043   545 24840 I DownloadManager: Initiating request for download 2929
07-05 12:50:53.086   545   548 D dalvikvm: GC_CONCURRENT freed 363K, 11% free 10463K/11719K, paused 1ms+3ms
07-05 12:50:53.222   545   548 D dalvikvm: GC_CONCURRENT freed 241K, 9% free 10695K/11719K, paused 2ms+3ms
07-05 12:50:53.347   545   548 D dalvikvm: GC_CONCURRENT freed 682K, 11% free 10460K/11719K, paused 2ms+3ms
07-05 12:50:53.547   545   548 D dalvikvm: GC_CONCURRENT freed 442K, 12% free 10413K/11719K, paused 2ms+2ms
07-05 12:50:53.726   545   548 D dalvikvm: GC_CONCURRENT freed 413K, 12% free 10394K/11719K, paused 2ms+2ms
07-05 12:50:53.808   545 24843 I DownloadManager: Initiating request for download 2930
07-05 12:50:53.902   545   548 D dalvikvm: GC_CONCURRENT freed 224K, 10% free 10631K/11719K, paused 1ms+2ms
07-05 12:50:54.004   545   548 D dalvikvm: GC_CONCURRENT freed 295K, 9% free 10776K/11719K, paused 2ms+3ms
07-05 12:50:54.168  1370 24845 E DictionaryProvider:UpdateHandler: Can't read a file : android.util.MalformedJsonException: Use JsonReader.setLenient(true) to accept malformed JSON at line 1 column 20
07-05 12:50:54.242   545   548 D dalvikvm: GC_CONCURRENT freed 812K, 12% free 10429K/11719K, paused 2ms+2ms
07-05 12:50:54.425   545   548 D dalvikvm: GC_CONCURRENT freed 424K, 12% free 10401K/11719K, paused 2ms+2ms
07-05 12:50:54.523   545 24848 I DownloadManager: Initiating request for download 2930
07-05 12:50:54.613   545   548 D dalvikvm: GC_CONCURRENT freed 285K, 10% free 10571K/11719K, paused 2ms+3ms
07-05 12:50:54.707   545   548 D dalvikvm: GC_CONCURRENT freed 311K, 9% free 10738K/11719K, paused 2ms+4ms
07-05 12:50:54.890   545   548 D dalvikvm: GC_CONCURRENT freed 738K, 11% free 10459K/11719K, paused 2ms+2ms
07-05 12:50:54.965   156   568 D dalvikvm: GC_EXPLICIT freed 486K, 13% free 14081K/16007K, paused 2ms+5ms
07-05 12:50:55.156   545   548 D dalvikvm: GC_CONCURRENT freed 443K, 12% free 10412K/11719K, paused 1ms+3ms
07-05 12:50:55.351   545 24851 I DownloadManager: Initiating request for download 2931
07-05 12:50:55.371   545   548 D dalvikvm: GC_CONCURRENT freed 401K, 12% free 10424K/11719K, paused 2ms+3ms
07-05 12:50:55.492   545   548 D dalvikvm: GC_CONCURRENT freed 214K, 9% free 10670K/11719K, paused 1ms+2ms
07-05 12:50:55.523   362   362 I wpa_supplicant: wlan0: CTRL-EVENT-DISCONNECTED bssid=64:a0:e7:5d:18:30 reason=0
07-05 12:50:55.527    77   117 D CommandListener: Clearing all IP addresses on wlan0
07-05 12:50:55.543   156   330 D ConnectivityService: ConnectivityChange for WIFI: DISCONNECTED/DISCONNECTED
07-05 12:50:55.547   156   330 D ConnectivityService: Attempting to switch to mobile
07-05 12:50:55.547   156   330 D ConnectivityService: Attempting to switch to WIMAX
07-05 12:50:55.550   156   330 D ConnectivityService: Attempting to switch to BLUETOOTH_TETHER
07-05 12:50:55.558   156   330 D NetUtils: android_net_utils_resetConnections in env=0x6b2b60 clazz=0x91800001 iface=wlan0 mask=0x3
07-05 12:50:55.558   156   330 E ConnectivityService: Exception trying to remove a route: java.lang.IllegalStateException: Unable to communicate with native dameon to add routes - com.android.server.NativeDaemonConnectorException: Cmd {interface route remove wlan0 default 128.205.59.254 32 0.0.0.0} failed with code 400 : {Failed to remove route from default table (No such process)}
07-05 12:50:55.558   156   330 E ConnectivityService: Exception trying to remove a route: java.lang.IllegalStateException: Unable to communicate with native dameon to add routes - com.android.server.NativeDaemonConnectorException: Cmd {interface route remove wlan0 default 0.0.0.0 0 128.205.59.254} failed with code 400 : {Failed to remove route from default table (No such process)}
07-05 12:50:55.558   156   330 D ConnectivityService: resetConnections(wlan0, 3)
07-05 12:50:55.683   414   414 D dalvikvm: GC_FOR_ALLOC freed 483K, 38% free 10139K/16263K, paused 26ms
07-05 12:50:55.707   682  1055 E GTalkService: connectionClosed: no XMPPConnection - That's strange!
07-05 12:50:55.715   156   330 D ConnectivityService: handleInetConditionChange: no active default network - ignore
07-05 12:50:55.746   414   416 D dalvikvm: GC_CONCURRENT freed 333K, 37% free 10259K/16263K, paused 1ms+2ms
07-05 12:50:55.863   414   416 D dalvikvm: GC_CONCURRENT freed 520K, 38% free 10140K/16263K, paused 2ms+3ms
07-05 12:50:55.929   545   548 D dalvikvm: GC_CONCURRENT freed 669K, 11% free 10447K/11719K, paused 2ms+2ms
07-05 12:50:55.980   545 24851 W DownloadManager: Aborting request for download 2931: no network connection available
07-05 12:50:56.117   545   548 D dalvikvm: GC_CONCURRENT freed 438K, 12% free 10405K/11719K, paused 2ms+3ms
07-05 12:50:56.297   545   548 D dalvikvm: GC_CONCURRENT freed 413K, 12% free 10387K/11719K, paused 2ms+2ms
07-05 12:50:56.367   545 24853 I DownloadManager: Initiating request for download 2931
07-05 12:50:56.367   545 24853 W DownloadManager: Aborting request for download 2931: no network connection available
07-05 12:50:56.531   545   548 D dalvikvm: GC_CONCURRENT freed 368K, 12% free 10414K/11719K, paused 2ms+2ms
07-05 12:50:56.711   545   548 D dalvikvm: GC_CONCURRENT freed 416K, 12% free 10394K/11719K, paused 2ms+2ms
07-05 12:50:56.785   362   362 I wpa_supplicant: wlan0: Trying to associate with d0:c2:82:2d:e4:b0 (SSID='UB_Wireless' freq=2412 MHz)
07-05 12:50:56.820   362   362 I wpa_supplicant: wlan0: Associated with d0:c2:82:2d:e4:b0
07-05 12:50:56.820   362   362 I wpa_supplicant: wlan0: CTRL-EVENT-CONNECTED - Connection to d0:c2:82:2d:e4:b0 completed (reauth) [id=5 id_str=]
07-05 12:50:56.937   545   548 D dalvikvm: GC_CONCURRENT freed 398K, 12% free 10382K/11719K, paused 1ms+3ms
07-05 12:50:57.187   545   548 D dalvikvm: GC_CONCURRENT freed 368K, 12% free 10410K/11719K, paused 2ms+2ms
07-05 12:50:57.367   545   548 D dalvikvm: GC_CONCURRENT freed 415K, 12% free 10390K/11719K, paused 2ms+3ms
07-05 12:50:58.621   156   333 D Tethering: MasterInitialState.processMessage what=3
07-05 12:50:58.695  1086  1105 D PicasaSyncManager: active network: null
07-05 12:50:58.695  1086  1105 D PicasaSyncManager: background data: true
07-05 12:50:58.722  1190  1190 I MediaUploader: No need to wake up
07-05 12:50:58.726   993   993 I PhoneLab-WiFiReceiver: Wi-Fi is disconnected!
07-05 12:50:58.758   682   685 D dalvikvm: GC_CONCURRENT freed 465K, 9% free 10129K/11079K, paused 1ms+2ms
07-05 12:51:01.031   156   330 D ConnectivityService: ConnectivityChange for WIFI: CONNECTED/CONNECTED
07-05 12:51:01.066   993   993 I PhoneLab-WiFiReceiver: Wi-Fi is connected!
07-05 12:51:01.066   993   993 I PhoneLab-WiFiReceiver: SSID: UB_Wireless BSSID: d0:c2:82:2d:e4:b0 RSSI: -200 LinkSpeed: -1
07-05 12:51:01.066   993   993 I PhoneLab-Locks: wake lock acquired
07-05 12:51:01.070   993   993 I PhoneLab-UploadLogs: Transfering log files now
07-05 12:51:01.082   156   325 W NetworkStats: dropping UID delta from unknown iface: iface=wlan0 uid=0 set=DEFAULT tag=0x0 rxBytes=100 rxPackets=2 txBytes=244 txPackets=4 operations=0
07-05 12:51:01.140   993   995 D dalvikvm: GC_CONCURRENT freed 446K, 14% free 9204K/10695K, paused 2ms+2ms
07-05 12:51:01.160   993   993 D dalvikvm: GC_FOR_ALLOC freed 271K, 12% free 9426K/10695K, paused 12ms
07-05 12:51:01.187   993   993 I PhoneLab-UploadLogs: OnStartCommand
07-05 12:51:01.199   993   995 D dalvikvm: GC_CONCURRENT freed 298K, 10% free 9639K/10695K, paused 1ms+2ms
07-05 12:51:01.226   993 24883 D dalvikvm: GC_FOR_ALLOC freed 310K, 10% free 9656K/10695K, paused 12ms
07-05 12:51:01.238   993 24883 D dalvikvm: GC_FOR_ALLOC freed 301K, 10% free 9656K/10695K, paused 12ms
07-05 12:51:01.254   993 24883 D dalvikvm: GC_FOR_ALLOC freed 301K, 10% free 9657K/10695K, paused 12ms
07-05 12:51:02.035   156   330 D ConnectivityService: NetTransition Wakelock for WifiStateMachine released by timeout
07-05 12:51:02.789   993 24883 W System.err: org.apache.http.client.ClientProtocolException
07-05 12:51:02.797   993 24883 W System.err: 	at org.apache.http.impl.client.AbstractHttpClient.execute(AbstractHttpClient.java:557)
07-05 12:51:02.797   993 24883 W System.err: 	at org.apache.http.impl.client.AbstractHttpClient.execute(AbstractHttpClient.java:487)
07-05 12:51:02.797   993 24883 W System.err: 	at com.loopj.android.http.AsyncHttpRequest.makeRequest(Unknown Source)
07-05 12:51:02.800   993 24883 W System.err: 	at com.loopj.android.http.AsyncHttpRequest.makeRequestWithRetries(Unknown Source)
07-05 12:51:02.800   993 24883 W System.err: 	at com.loopj.android.http.AsyncHttpRequest.run(Unknown Source)
07-05 12:51:02.800   993 24883 W System.err: 	at java.util.concurrent.Executors$RunnableAdapter.call(Executors.java:442)
07-05 12:51:02.804   993 24883 W System.err: 	at java.util.concurrent.FutureTask$Sync.innerRun(FutureTask.java:305)
07-05 12:51:02.804   993 24883 W System.err: 	at java.util.concurrent.FutureTask.run(FutureTask.java:137)
07-05 12:51:02.808   993 24883 W System.err: 	at java.util.concurrent.ThreadPoolExecutor.runWorker(ThreadPoolExecutor.java:1076)
07-05 12:51:02.808   993 24883 W System.err: 	at java.util.concurrent.ThreadPoolExecutor$Worker.run(ThreadPoolExecutor.java:569)
07-05 12:51:02.808   993 24883 W System.err: 	at java.lang.Thread.run(Thread.java:856)
07-05 12:51:02.812   993 24883 W System.err: Caused by: org.apache.http.client.NonRepeatableRequestException: Cannot retry request with a non-repeatable request entity
07-05 12:51:02.816   993 24883 W System.err: 	at org.apache.http.impl.client.DefaultRequestDirector.execute(DefaultRequestDirector.java:420)
07-05 12:51:02.816   993 24883 W System.err: 	at org.apache.http.impl.client.AbstractHttpClient.execute(AbstractHttpClient.java:555)
07-05 12:51:02.820   993 24883 W System.err: 	... 10 more
07-05 12:51:02.820   993   993 E PhoneLab-: Transfering 1341502082478.log failed
07-05 12:51:02.824   993   993 I PhoneLab-Locks: wake lock released
07-05 12:51:03.222   156   330 D ConnectivityService: ConnectivityChange for mobile: CONNECTED/CONNECTED
07-05 12:51:03.265   156   330 D NetUtils: android_net_utils_resetConnections in env=0x6b2b60 clazz=0xa4a00001 iface=rmnet0 mask=0x3
07-05 12:51:03.265   156   330 D ConnectivityService: ConnectivityChange for mobile: DISCONNECTED/DISCONNECTED
07-05 12:51:03.265   156   330 D ConnectivityService: Attempting to switch to WIFI
07-05 12:51:03.265   156   330 D ConnectivityService: Attempting to switch to WIMAX
07-05 12:51:03.265   156   330 D ConnectivityService: Attempting to switch to BLUETOOTH_TETHER
07-05 12:51:03.265   156   330 D ConnectivityService: resetConnections(rmnet0, 3)
07-05 12:51:03.363   482   486 D dalvikvm: GC_CONCURRENT freed 444K, 7% free 9494K/10119K, paused 2ms+2ms
07-05 12:51:04.105   156   333 D Tethering: MasterInitialState.processMessage what=3
07-05 12:51:04.156   682   682 I GTalkService/c: [AndroidEndpoint@1095403848] connect: acct=1000001, state=CONNECTING
07-05 12:51:04.179  1190  1190 I MediaUploader: No need to wake up
07-05 12:51:04.187  1086  1105 D PicasaSyncManager: active network: NetworkInfo: type: WIFI[], state: CONNECTED/CONNECTED, reason: (unspecified), extra: (none), roaming: false, failover: false, isAvailable: true
07-05 12:51:04.187  1086  1105 D PicasaSyncManager: background data: true
07-05 12:51:04.289   414   414 D dalvikvm: GC_FOR_ALLOC freed 258K, 38% free 10220K/16263K, paused 17ms
07-05 12:51:04.367   414   416 D dalvikvm: GC_CONCURRENT freed 343K, 37% free 10338K/16263K, paused 2ms+3ms
07-05 12:51:04.554   545   548 D dalvikvm: GC_CONCURRENT freed 364K, 12% free 10416K/11719K, paused 3ms+2ms
07-05 12:51:04.804   545   548 D dalvikvm: GC_CONCURRENT freed 413K, 12% free 10410K/11719K, paused 1ms+2ms
07-05 12:51:04.992   545   548 D dalvikvm: GC_CONCURRENT freed 420K, 12% free 10385K/11719K, paused 2ms+2ms
07-05 12:51:05.086   545 24888 I DownloadManager: Initiating request for download 2931
07-05 12:51:05.183   545   548 D dalvikvm: GC_CONCURRENT freed 230K, 10% free 10615K/11719K, paused 2ms+3ms
07-05 12:51:05.285   545   548 D dalvikvm: GC_CONCURRENT freed 308K, 9% free 10765K/11719K, paused 2ms+3ms
07-05 12:51:05.472  1370 24890 E DictionaryProvider:UpdateHandler: Can't read a file : android.util.MalformedJsonException: Use JsonReader.setLenient(true) to accept malformed JSON at line 1 column 20
07-05 12:51:05.535   545   548 D dalvikvm: GC_CONCURRENT freed 819K, 12% free 10423K/11719K, paused 1ms+2ms
07-05 12:51:05.715   545   548 D dalvikvm: GC_CONCURRENT freed 427K, 12% free 10391K/11719K, paused 2ms+2ms
07-05 12:51:05.816   545 24893 I DownloadManager: Initiating request for download 2931
07-05 12:51:05.906   545   548 D dalvikvm: GC_CONCURRENT freed 281K, 10% free 10568K/11719K, paused 1ms+6ms
07-05 12:51:06.000   545   548 D dalvikvm: GC_CONCURRENT freed 294K, 9% free 10719K/11719K, paused 2ms+3ms
07-05 12:51:06.152   545   548 D dalvikvm: GC_CONCURRENT freed 714K, 11% free 10456K/11719K, paused 2ms+3ms
07-05 12:51:06.308   156   333 D Tethering: MasterInitialState.processMessage what=3
07-05 12:51:06.340   156   333 D Tethering: MasterInitialState.processMessage what=3
07-05 12:51:06.429  1190  1190 I MediaUploader: No need to wake up
07-05 12:51:06.453   156   158 D dalvikvm: GC_CONCURRENT freed 1103K, 12% free 14172K/16007K, paused 2ms+6ms
07-05 12:51:06.480  1086  1105 D PicasaSyncManager: active network: NetworkInfo: type: WIFI[], state: CONNECTED/CONNECTED, reason: (unspecified), extra: (none), roaming: false, failover: false, isAvailable: true
07-05 12:51:06.480  1086  1105 D PicasaSyncManager: background data: true
07-05 12:51:06.543  1190  1190 I MediaUploader: No need to wake up
07-05 12:51:06.547  1086  1105 D PicasaSyncManager: active network: NetworkInfo: type: WIFI[], state: CONNECTED/CONNECTED, reason: (unspecified), extra: (none), roaming: false, failover: false, isAvailable: true
07-05 12:51:06.550  1086  1105 D PicasaSyncManager: background data: true
07-05 12:51:06.550   545   548 D dalvikvm: GC_CONCURRENT freed 450K, 12% free 10404K/11719K, paused 23ms+3ms
07-05 12:51:06.793   545   548 D dalvikvm: GC_CONCURRENT freed 419K, 12% free 10421K/11719K, paused 2ms+3ms
07-05 12:51:06.812   545 24896 I DownloadManager: Initiating request for download 2932
07-05 12:51:06.922   545   548 D dalvikvm: GC_CONCURRENT freed 189K, 10% free 10651K/11719K, paused 2ms+2ms
07-05 12:51:07.031   545   548 D dalvikvm: GC_CONCURRENT freed 429K, 9% free 10670K/11719K, paused 1ms+4ms
07-05 12:51:07.211  1370 24898 E DictionaryProvider:UpdateHandler: Can't read a file : android.util.MalformedJsonException: Use JsonReader.setLenient(true) to accept malformed JSON at line 1 column 20
07-05 12:51:07.269  1370  1372 D dalvikvm: GC_CONCURRENT freed 414K, 7% free 9129K/9735K, paused 2ms+2ms
07-05 12:51:07.289   414   416 D dalvikvm: GC_CONCURRENT freed 397K, 37% free 10388K/16263K, paused 1ms+16ms
07-05 12:51:07.359   545   548 D dalvikvm: GC_CONCURRENT freed 687K, 12% free 10412K/11719K, paused 2ms+3ms
07-05 12:51:07.570   545   548 D dalvikvm: GC_CONCURRENT freed 419K, 12% free 10388K/11719K, paused 1ms+2ms
07-05 12:51:07.660   545 24901 I DownloadManager: Initiating request for download 2932
07-05 12:51:07.761   545   548 D dalvikvm: GC_CONCURRENT freed 263K, 10% free 10585K/11719K, paused 2ms+3ms
07-05 12:51:07.863   545   548 D dalvikvm: GC_CONCURRENT freed 308K, 9% free 10750K/11719K, paused 2ms+3ms
07-05 12:51:08.054   545   548 D dalvikvm: GC_CONCURRENT freed 793K, 12% free 10418K/11719K, paused 2ms+2ms
07-05 12:51:08.238   545   548 D dalvikvm: GC_CONCURRENT freed 415K, 12% free 10397K/11719K, paused 2ms+2ms
07-05 12:51:08.375   545 24904 I DownloadManager: Initiating request for download 2933
07-05 12:51:08.445   545   548 D dalvikvm: GC_CONCURRENT freed 333K, 11% free 10460K/11719K, paused 2ms+3ms
07-05 12:51:08.550   545   548 D dalvikvm: GC_CONCURRENT freed 243K, 9% free 10691K/11719K, paused 2ms+3ms
07-05 12:51:08.679   545   548 D dalvikvm: GC_CONCURRENT freed 475K, 9% free 10684K/11719K, paused 2ms+2ms
07-05 12:51:08.808  1370 24906 E DictionaryProvider:UpdateHandler: Can't read a file : android.util.MalformedJsonException: Use JsonReader.setLenient(true) to accept malformed JSON at line 1 column 20
07-05 12:51:08.933   545   548 D dalvikvm: GC_CONCURRENT freed 707K, 12% free 10410K/11719K, paused 2ms+3ms
07-05 12:51:09.117   545   548 D dalvikvm: GC_CONCURRENT freed 419K, 12% free 10385K/11719K, paused 2ms+2ms
07-05 12:51:09.156   545 24909 I DownloadManager: Initiating request for download 2933
07-05 12:51:09.254   545   548 D dalvikvm: GC_CONCURRENT freed 210K, 10% free 10633K/11719K, paused 2ms+3ms
07-05 12:51:09.355   545   548 D dalvikvm: GC_CONCURRENT freed 401K, 9% free 10675K/11719K, paused 2ms+2ms
07-05 12:51:09.578   545   548 D dalvikvm: GC_CONCURRENT freed 702K, 12% free 10423K/11719K, paused 2ms+2ms
07-05 12:51:09.789   545   548 D dalvikvm: GC_CONCURRENT freed 426K, 12% free 10391K/11719K, paused 2ms+2ms
07-05 12:51:10.000   545 24912 D dalvikvm: GC_EXPLICIT freed 242K, 12% free 10425K/11719K, paused 3ms+7ms
07-05 12:51:10.008   545 24912 I DownloadManager: Initiating request for download 2934
07-05 12:51:10.109   545   548 D dalvikvm: GC_CONCURRENT freed 197K, 10% free 10655K/11719K, paused 1ms+2ms
07-05 12:51:10.207   545   548 D dalvikvm: GC_CONCURRENT freed 422K, 9% free 10675K/11719K, paused 2ms+2ms
07-05 12:51:10.367  1370 24914 E DictionaryProvider:UpdateHandler: Can't read a file : android.util.MalformedJsonException: Use JsonReader.setLenient(true) to accept malformed JSON at line 1 column 20
07-05 12:51:10.453   545   548 D dalvikvm: GC_CONCURRENT freed 680K, 12% free 10427K/11719K, paused 2ms+2ms
07-05 12:51:10.636   545   548 D dalvikvm: GC_CONCURRENT freed 428K, 12% free 10393K/11719K, paused 1ms+2ms
07-05 12:51:10.715   545 24917 I DownloadManager: Initiating request for download 2934
07-05 12:51:10.797   545   548 D dalvikvm: GC_CONCURRENT freed 260K, 10% free 10592K/11719K, paused 2ms+2ms
07-05 12:51:10.898   545   548 D dalvikvm: GC_CONCURRENT freed 311K, 9% free 10769K/11719K, paused 2ms+3ms
07-05 12:51:11.086   545   548 D dalvikvm: GC_CONCURRENT freed 785K, 11% free 10449K/11719K, paused 2ms+2ms
07-05 12:51:11.269   545   548 D dalvikvm: GC_CONCURRENT freed 409K, 11% free 10435K/11719K, paused 2ms+2ms
07-05 12:51:13.039   545 24919 I DownloadManager: Initiating request for download 2935
07-05 12:51:13.125   545   548 D dalvikvm: GC_CONCURRENT freed 337K, 10% free 10566K/11719K, paused 2ms+4ms
07-05 12:51:13.242   545   548 D dalvikvm: GC_CONCURRENT freed 299K, 9% free 10730K/11719K, paused 1ms+3ms
07-05 12:51:13.418   545   548 D dalvikvm: GC_CONCURRENT freed 721K, 11% free 10464K/11719K, paused 2ms+2ms
07-05 12:51:13.488  1370 24922 E DictionaryProvider:UpdateHandler: Can't read a file : android.util.MalformedJsonException: Use JsonReader.setLenient(true) to accept malformed JSON at line 1 column 20
07-05 12:51:13.648   545   548 D dalvikvm: GC_CONCURRENT freed 444K, 12% free 10415K/11719K, paused 2ms+2ms
07-05 12:51:13.836   545   548 D dalvikvm: GC_CONCURRENT freed 420K, 12% free 10390K/11719K, paused 2ms+3ms
07-05 12:51:13.879   545 24925 I DownloadManager: Initiating request for download 2935
07-05 12:51:13.976   545   548 D dalvikvm: GC_CONCURRENT freed 198K, 10% free 10651K/11719K, paused 2ms+3ms
07-05 12:51:14.082   545   548 D dalvikvm: GC_CONCURRENT freed 411K, 9% free 10682K/11719K, paused 2ms+2ms
07-05 12:51:14.187   156   568 D dalvikvm: GC_EXPLICIT freed 410K, 13% free 14084K/16007K, paused 3ms+5ms
07-05 12:51:14.359   545   548 D dalvikvm: GC_CONCURRENT freed 693K, 12% free 10420K/11719K, paused 2ms+2ms
07-05 12:51:14.543   545   548 D dalvikvm: GC_CONCURRENT freed 426K, 12% free 10389K/11719K, paused 2ms+2ms
07-05 12:51:14.675   545 24928 I DownloadManager: Initiating request for download 2936
07-05 12:51:14.765   545   548 D dalvikvm: GC_CONCURRENT freed 263K, 10% free 10570K/11719K, paused 2ms+2ms
07-05 12:51:14.855   545   548 D dalvikvm: GC_CONCURRENT freed 326K, 9% free 10760K/11719K, paused 1ms+3ms
07-05 12:51:15.047   545   548 D dalvikvm: GC_CONCURRENT freed 807K, 12% free 10417K/11719K, paused 2ms+2ms
07-05 12:51:15.093  1370 24930 E DictionaryProvider:UpdateHandler: Can't read a file : android.util.MalformedJsonException: Use JsonReader.setLenient(true) to accept malformed JSON at line 1 column 20
07-05 12:51:15.140  1370  1372 D dalvikvm: GC_CONCURRENT freed 389K, 7% free 9128K/9735K, paused 1ms+2ms
07-05 12:51:15.304   545   548 D dalvikvm: GC_CONCURRENT freed 404K, 12% free 10409K/11719K, paused 2ms+2ms
07-05 12:51:15.445   545 24933 I DownloadManager: Initiating request for download 2936
07-05 12:51:15.488   545   548 D dalvikvm: GC_CONCURRENT freed 366K, 11% free 10434K/11719K, paused 2ms+2ms
07-05 12:51:15.593   545   548 D dalvikvm: GC_CONCURRENT freed 245K, 9% free 10700K/11719K, paused 2ms+3ms
07-05 12:51:15.718   545   548 D dalvikvm: GC_CONCURRENT freed 693K, 11% free 10456K/11719K, paused 2ms+2ms
07-05 12:51:15.925   545   548 D dalvikvm: GC_CONCURRENT freed 442K, 12% free 10409K/11719K, paused 2ms+2ms
07-05 12:51:16.109   545   548 D dalvikvm: GC_CONCURRENT freed 404K, 12% free 10392K/11719K, paused 2ms+2ms
07-05 12:51:16.215   545 24936 I DownloadManager: Initiating request for download 2937
07-05 12:51:16.316   545   548 D dalvikvm: GC_CONCURRENT freed 232K, 10% free 10623K/11719K, paused 2ms+3ms
07-05 12:51:16.425   545   548 D dalvikvm: GC_CONCURRENT freed 295K, 8% free 10800K/11719K, paused 2ms+2ms
07-05 12:51:16.593  1370 24938 E DictionaryProvider:UpdateHandler: Can't read a file : android.util.MalformedJsonException: Use JsonReader.setLenient(true) to accept malformed JSON at line 1 column 20
07-05 12:51:16.683   545   548 D dalvikvm: GC_CONCURRENT freed 847K, 12% free 10430K/11719K, paused 2ms+3ms
07-05 12:51:16.863   545   548 D dalvikvm: GC_CONCURRENT freed 430K, 12% free 10396K/11719K, paused 2ms+3ms
07-05 12:51:16.968   545 24941 I DownloadManager: Initiating request for download 2937
07-05 12:51:17.050   545   548 D dalvikvm: GC_CONCURRENT freed 280K, 10% free 10573K/11719K, paused 2ms+3ms
07-05 12:51:17.140   545   548 D dalvikvm: GC_CONCURRENT freed 325K, 9% free 10765K/11719K, paused 2ms+3ms
07-05 12:51:17.343   545   548 D dalvikvm: GC_CONCURRENT freed 809K, 12% free 10423K/11719K, paused 1ms+2ms
07-05 12:51:17.523   545   548 D dalvikvm: GC_CONCURRENT freed 416K, 12% free 10402K/11719K, paused 1ms+3ms
07-05 12:51:17.675   545 24944 I DownloadManager: Initiating request for download 2938
07-05 12:51:17.738   545   548 D dalvikvm: GC_CONCURRENT freed 346K, 11% free 10467K/11719K, paused 2ms+2ms
07-05 12:51:17.840   545   548 D dalvikvm: GC_CONCURRENT freed 242K, 9% free 10698K/11719K, paused 2ms+3ms
07-05 12:51:17.968   545   548 D dalvikvm: GC_CONCURRENT freed 686K, 11% free 10460K/11719K, paused 2ms+2ms
07-05 12:51:18.074  1370 24946 E DictionaryProvider:UpdateHandler: Can't read a file : android.util.MalformedJsonException: Use JsonReader.setLenient(true) to accept malformed JSON at line 1 column 20
07-05 12:51:18.211   545   548 D dalvikvm: GC_CONCURRENT freed 427K, 12% free 10421K/11719K, paused 2ms+2ms
07-05 12:51:18.390   545   548 D dalvikvm: GC_CONCURRENT freed 411K, 12% free 10398K/11719K, paused 2ms+2ms
07-05 12:51:18.457   545 24949 I DownloadManager: Initiating request for download 2938
07-05 12:51:18.547   545   548 D dalvikvm: GC_CONCURRENT freed 247K, 10% free 10610K/11719K, paused 2ms+3ms
07-05 12:51:18.656   545   548 D dalvikvm: GC_CONCURRENT freed 321K, 8% free 10802K/11719K, paused 2ms+3ms
07-05 12:51:18.867   545   548 D dalvikvm: GC_CONCURRENT freed 862K, 12% free 10420K/11719K, paused 2ms+2ms
07-05 12:51:19.058   545   548 D dalvikvm: GC_CONCURRENT freed 415K, 12% free 10401K/11719K, paused 1ms+3ms
07-05 12:51:19.195   545 24952 I DownloadManager: Initiating request for download 2939
07-05 12:51:19.281   545   548 D dalvikvm: GC_CONCURRENT freed 272K, 9% free 10666K/11719K, paused 2ms+3ms
07-05 12:51:19.383   545   548 D dalvikvm: GC_CONCURRENT freed 369K, 8% free 10784K/11719K, paused 2ms+3ms
07-05 12:51:19.590  1370 24954 E DictionaryProvider:UpdateHandler: Can't read a file : android.util.MalformedJsonException: Use JsonReader.setLenient(true) to accept malformed JSON at line 1 column 20
07-05 12:51:19.617   545   548 D dalvikvm: GC_CONCURRENT freed 840K, 11% free 10439K/11719K, paused 2ms+3ms
07-05 12:51:19.812   545   548 D dalvikvm: GC_CONCURRENT freed 430K, 12% free 10404K/11719K, paused 2ms+2ms
07-05 12:51:19.918   545 24957 I DownloadManager: Initiating request for download 2939
07-05 12:51:20.000   545   548 D dalvikvm: GC_CONCURRENT freed 286K, 10% free 10576K/11719K, paused 1ms+3ms
07-05 12:51:20.093   545   548 D dalvikvm: GC_CONCURRENT freed 280K, 9% free 10732K/11719K, paused 2ms+3ms
07-05 12:51:20.246   545   548 D dalvikvm: GC_CONCURRENT freed 720K, 11% free 10463K/11719K, paused 2ms+2ms
07-05 12:51:20.449   545   548 D dalvikvm: GC_CONCURRENT freed 437K, 12% free 10416K/11719K, paused 2ms+3ms
07-05 12:51:20.633   545   548 D dalvikvm: GC_CONCURRENT freed 413K, 12% free 10397K/11719K, paused 2ms+3ms
07-05 12:51:20.695   545 24960 I DownloadManager: Initiating request for download 2940
07-05 12:51:20.800   545   548 D dalvikvm: GC_CONCURRENT freed 198K, 10% free 10660K/11719K, paused 2ms+3ms
07-05 12:51:20.902   545   548 D dalvikvm: GC_CONCURRENT freed 420K, 9% free 10690K/11719K, paused 2ms+3ms
07-05 12:51:21.078  1370 24962 E DictionaryProvider:UpdateHandler: Can't read a file : android.util.MalformedJsonException: Use JsonReader.setLenient(true) to accept malformed JSON at line 1 column 20
07-05 12:51:21.164   465   467 D dalvikvm: GC_CONCURRENT freed 422K, 5% free 10539K/11079K, paused 6ms+3ms
07-05 12:51:21.168  1370  1372 D dalvikvm: GC_CONCURRENT freed 391K, 6% free 9156K/9735K, paused 1ms+11ms
07-05 12:51:21.199   545   548 D dalvikvm: GC_CONCURRENT freed 708K, 11% free 10431K/11719K, paused 2ms+2ms
07-05 12:51:21.379   545   548 D dalvikvm: GC_CONCURRENT freed 422K, 12% free 10404K/11719K, paused 1ms+2ms
07-05 12:51:21.480   545 24965 I DownloadManager: Initiating request for download 2940
07-05 12:51:21.578   545   548 D dalvikvm: GC_CONCURRENT freed 278K, 10% free 10585K/11719K, paused 1ms+3ms
07-05 12:51:21.672   545   548 D dalvikvm: GC_CONCURRENT freed 320K, 9% free 10747K/11719K, paused 2ms+3ms
07-05 12:51:21.836   545   548 D dalvikvm: GC_CONCURRENT freed 744K, 11% free 10463K/11719K, paused 2ms+2ms
07-05 12:51:22.039   545   548 D dalvikvm: GC_CONCURRENT freed 435K, 12% free 10417K/11719K, paused 2ms+2ms
07-05 12:51:22.203   545 24968 I DownloadManager: Initiating request for download 2941
07-05 12:51:22.258   545   548 D dalvikvm: GC_CONCURRENT freed 390K, 12% free 10429K/11719K, paused 2ms+3ms
07-05 12:51:22.429   545   548 D dalvikvm: GC_CONCURRENT freed 211K, 10% free 10647K/11719K, paused 2ms+2ms
07-05 12:51:22.527   545   548 D dalvikvm: GC_CONCURRENT freed 312K, 8% free 10788K/11719K, paused 2ms+2ms
07-05 12:51:22.718  1370 24970 E DictionaryProvider:UpdateHandler: Can't read a file : android.util.MalformedJsonException: Use JsonReader.setLenient(true) to accept malformed JSON at line 1 column 20
07-05 12:51:22.785   545   548 D dalvikvm: GC_CONCURRENT freed 824K, 11% free 10441K/11719K, paused 2ms+3ms
07-05 12:51:22.965   545   548 D dalvikvm: GC_CONCURRENT freed 427K, 12% free 10409K/11719K, paused 2ms+2ms
07-05 12:51:23.039   545 24973 I DownloadManager: Initiating request for download 2941
07-05 12:51:23.144   545   548 D dalvikvm: GC_CONCURRENT freed 245K, 10% free 10621K/11719K, paused 2ms+3ms
07-05 12:51:23.246   545   548 D dalvikvm: GC_CONCURRENT freed 359K, 8% free 10794K/11719K, paused 2ms+3ms
07-05 12:51:23.449   545   548 D dalvikvm: GC_CONCURRENT freed 839K, 11% free 10430K/11719K, paused 2ms+3ms
07-05 12:51:23.652   545   548 D dalvikvm: GC_CONCURRENT freed 412K, 12% free 10414K/11719K, paused 1ms+2ms
07-05 12:51:23.785   545 24976 I DownloadManager: Initiating request for download 2942
07-05 12:51:23.925   545   548 D dalvikvm: GC_CONCURRENT freed 332K, 11% free 10478K/11719K, paused 2ms+4ms
07-05 12:51:24.113   545   548 D dalvikvm: GC_CONCURRENT freed 408K, 11% free 10460K/11719K, paused 2ms+2ms
07-05 12:51:24.297   545   548 D dalvikvm: GC_CONCURRENT freed 403K, 11% free 10447K/11719K, paused 2ms+2ms
07-05 12:51:28.597 10110 10112 D dalvikvm: GC_CONCURRENT freed 331K, 5% free 10191K/10631K, paused 2ms+3ms
07-05 12:51:29.718   362   362 I wpa_supplicant: wlan0: CTRL-EVENT-DISCONNECTED bssid=d0:c2:82:2d:e4:b0 reason=0
07-05 12:51:29.730    77   117 D CommandListener: Clearing all IP addresses on wlan0
07-05 12:51:29.804   156   330 D ConnectivityService: ConnectivityChange for WIFI: DISCONNECTED/DISCONNECTED
07-05 12:51:29.820   156   330 D ConnectivityService: Attempting to switch to mobile
07-05 12:51:29.820   156   330 D ConnectivityService: Attempting to switch to WIMAX
07-05 12:51:29.820   156   330 D ConnectivityService: Attempting to switch to BLUETOOTH_TETHER
07-05 12:51:29.847   156   330 D NetUtils: android_net_utils_resetConnections in env=0x6b2b60 clazz=0xb0100001 iface=wlan0 mask=0x3
07-05 12:51:29.847   156   330 E ConnectivityService: Exception trying to remove a route: java.lang.IllegalStateException: Unable to communicate with native dameon to add routes - com.android.server.NativeDaemonConnectorException: Cmd {interface route remove wlan0 default 128.205.59.254 32 0.0.0.0} failed with code 400 : {Failed to remove route from default table (No such process)}
07-05 12:51:29.847   156   330 E ConnectivityService: Exception trying to remove a route: java.lang.IllegalStateException: Unable to communicate with native dameon to add routes - com.android.server.NativeDaemonConnectorException: Cmd {interface route remove wlan0 default 0.0.0.0 0 128.205.59.254} failed with code 400 : {Failed to remove route from default table (No such process)}
07-05 12:51:29.847   156   330 D ConnectivityService: resetConnections(wlan0, 3)
07-05 12:51:29.957   545 24976 W DownloadManager: Aborting request for download 2942: while trying to execute request: java.net.SocketException: recvfrom failed: ETIMEDOUT (Connection timed out)
07-05 12:51:29.972   682  1055 E GTalkService: connectionClosed: no XMPPConnection - That's strange!
07-05 12:51:29.976   414   414 D dalvikvm: GC_FOR_ALLOC freed 617K, 38% free 10130K/16263K, paused 16ms
07-05 12:51:29.996   156   330 D ConnectivityService: handleInetConditionChange: no active default network - ignore
07-05 12:51:30.050   414   416 D dalvikvm: GC_CONCURRENT freed 425K, 38% free 10214K/16263K, paused 2ms+3ms
07-05 12:51:30.300   362   362 I wpa_supplicant: wlan0: Trying to associate with d0:c2:82:66:6b:f0 (SSID='UB_Wireless' freq=2462 MHz)
07-05 12:51:30.312   545   548 D dalvikvm: GC_CONCURRENT freed 400K, 11% free 10439K/11719K, paused 2ms+2ms
07-05 12:51:30.476   362   362 I wpa_supplicant: wlan0: Associated with d0:c2:82:66:6b:f0
07-05 12:51:30.476   362   362 I wpa_supplicant: wlan0: CTRL-EVENT-CONNECTED - Connection to d0:c2:82:66:6b:f0 completed (reauth) [id=5 id_str=]
07-05 12:51:30.539   545   548 D dalvikvm: GC_CONCURRENT freed 414K, 12% free 10415K/11719K, paused 21ms+2ms
07-05 12:51:30.824   545   548 D dalvikvm: GC_CONCURRENT freed 402K, 12% free 10403K/11719K, paused 2ms+3ms
07-05 12:51:31.090   156   330 D ConnectivityService: ConnectivityChange for WIFI: CONNECTED/CONNECTED
07-05 12:51:31.129   993   993 I PhoneLab-WiFiReceiver: Wi-Fi is connected!
07-05 12:51:31.129   993   993 I PhoneLab-WiFiReceiver: SSID: UB_Wireless BSSID: d0:c2:82:66:6b:f0 RSSI: -200 LinkSpeed: -1
07-05 12:51:31.129   993   993 I PhoneLab-Locks: wake lock acquired
07-05 12:51:31.133   993   993 I PhoneLab-UploadLogs: Transfering log files now
07-05 12:51:31.152   156   325 W NetworkStats: dropping UID delta from unknown iface: iface=wlan0 uid=0 set=DEFAULT tag=0x0 rxBytes=0 rxPackets=0 txBytes=140 txPackets=2 operations=0
07-05 12:51:31.187   993   995 D dalvikvm: GC_CONCURRENT freed 1006K, 15% free 9162K/10695K, paused 3ms+6ms
07-05 12:51:31.218   993   993 D dalvikvm: GC_FOR_ALLOC freed 296K, 14% free 9299K/10695K, paused 12ms
07-05 12:51:31.242   993   995 D dalvikvm: GC_CONCURRENT freed 120K, 12% free 9427K/10695K, paused 1ms+2ms
07-05 12:51:31.246   993   993 I PhoneLab-UploadLogs: OnStartCommand
07-05 12:51:31.265   993   995 D dalvikvm: GC_CONCURRENT freed 307K, 10% free 9631K/10695K, paused 1ms+2ms
07-05 12:51:31.293   993 25009 D dalvikvm: GC_FOR_ALLOC freed 301K, 10% free 9657K/10695K, paused 12ms
07-05 12:51:31.308   993 25009 D dalvikvm: GC_FOR_ALLOC freed 301K, 10% free 9657K/10695K, paused 12ms
07-05 12:51:31.320   993 25009 D dalvikvm: GC_FOR_ALLOC freed 301K, 10% free 9658K/10695K, paused 13ms
07-05 12:51:32.090   156   330 D ConnectivityService: NetTransition Wakelock for WifiStateMachine released by timeout
07-05 12:51:32.843   993 25009 W System.err: org.apache.http.client.ClientProtocolException
07-05 12:51:32.851   993 25009 W System.err: 	at org.apache.http.impl.client.AbstractHttpClient.execute(AbstractHttpClient.java:557)
07-05 12:51:32.851   993 25009 W System.err: 	at org.apache.http.impl.client.AbstractHttpClient.execute(AbstractHttpClient.java:487)
07-05 12:51:32.855   993 25009 W System.err: 	at com.loopj.android.http.AsyncHttpRequest.makeRequest(Unknown Source)
07-05 12:51:32.855   993 25009 W System.err: 	at com.loopj.android.http.AsyncHttpRequest.makeRequestWithRetries(Unknown Source)
07-05 12:51:32.859   993 25009 W System.err: 	at com.loopj.android.http.AsyncHttpRequest.run(Unknown Source)
07-05 12:51:32.859   993 25009 W System.err: 	at java.util.concurrent.Executors$RunnableAdapter.call(Executors.java:442)
07-05 12:51:32.863   993 25009 W System.err: 	at java.util.concurrent.FutureTask$Sync.innerRun(FutureTask.java:305)
07-05 12:51:32.863   993 25009 W System.err: 	at java.util.concurrent.FutureTask.run(FutureTask.java:137)
07-05 12:51:32.867   993 25009 W System.err: 	at java.util.concurrent.ThreadPoolExecutor.runWorker(ThreadPoolExecutor.java:1076)
07-05 12:51:32.867   993 25009 W System.err: 	at java.util.concurrent.ThreadPoolExecutor$Worker.run(ThreadPoolExecutor.java:569)
07-05 12:51:32.867   993 25009 W System.err: 	at java.lang.Thread.run(Thread.java:856)
07-05 12:51:32.871   993 25009 W System.err: Caused by: org.apache.http.client.NonRepeatableRequestException: Cannot retry request with a non-repeatable request entity
07-05 12:51:32.875   993 25009 W System.err: 	at org.apache.http.impl.client.DefaultRequestDirector.execute(DefaultRequestDirector.java:420)
07-05 12:51:32.875   993 25009 W System.err: 	at org.apache.http.impl.client.AbstractHttpClient.execute(AbstractHttpClient.java:555)
07-05 12:51:32.879   993 25009 W System.err: 	... 10 more
07-05 12:51:32.879   993   993 E PhoneLab-: Transfering 1341502082478.log failed
07-05 12:51:32.883   993   993 I PhoneLab-Locks: wake lock released
07-05 12:51:32.898   156   333 D Tethering: MasterInitialState.processMessage what=3
07-05 12:51:32.933   682   682 I GTalkService/c: [AndroidEndpoint@1095403848] connect: acct=1000001, state=CONNECTING
07-05 12:51:32.961  1190  1190 I MediaUploader: No need to wake up
07-05 12:51:32.968   993   993 I PhoneLab-WiFiReceiver: Wi-Fi is disconnected!
07-05 12:51:32.972  1086  1105 D PicasaSyncManager: active network: NetworkInfo: type: WIFI[], state: CONNECTED/CONNECTED, reason: (unspecified), extra: (none), roaming: false, failover: false, isAvailable: true
07-05 12:51:32.972  1086  1105 D PicasaSyncManager: background data: true
07-05 12:51:33.023   682   685 D dalvikvm: GC_CONCURRENT freed 390K, 9% free 10132K/11079K, paused 2ms+3ms
07-05 12:51:34.164   156   333 D Tethering: MasterInitialState.processMessage what=3
07-05 12:51:34.215  1190  1190 I MediaUploader: No need to wake up
07-05 12:51:34.277   414   414 D dalvikvm: GC_FOR_ALLOC freed 370K, 38% free 10219K/16263K, paused 18ms
07-05 12:51:34.281  1086  1105 D PicasaSyncManager: active network: NetworkInfo: type: WIFI[], state: CONNECTED/CONNECTED, reason: (unspecified), extra: (none), roaming: false, failover: false, isAvailable: true
07-05 12:51:34.281  1086  1105 D PicasaSyncManager: background data: true
07-05 12:51:34.359   414   416 D dalvikvm: GC_CONCURRENT freed 363K, 37% free 10348K/16263K, paused 2ms+2ms
07-05 12:51:34.562   414   416 D dalvikvm: GC_CONCURRENT freed 373K, 37% free 10383K/16263K, paused 2ms+3ms
07-05 12:51:34.668   545   548 D dalvikvm: GC_CONCURRENT freed 359K, 11% free 10432K/11719K, paused 2ms+3ms
07-05 12:51:34.871   545   548 D dalvikvm: GC_CONCURRENT freed 416K, 12% free 10411K/11719K, paused 2ms+2ms
07-05 12:51:35.035   156   158 D dalvikvm: GC_CONCURRENT freed 1110K, 12% free 14142K/16007K, paused 2ms+6ms
07-05 12:51:35.261   156   594 D dalvikvm: GC_EXPLICIT freed 86K, 13% free 14059K/16007K, paused 5ms+5ms
07-05 12:51:35.273   545 25011 I DownloadManager: Initiating request for download 2942
07-05 12:51:35.355   545   548 D dalvikvm: GC_CONCURRENT freed 314K, 10% free 10556K/11719K, paused 2ms+3ms
07-05 12:51:35.453   545   548 D dalvikvm: GC_CONCURRENT freed 325K, 9% free 10736K/11719K, paused 1ms+3ms
07-05 12:51:35.605   545   548 D dalvikvm: GC_CONCURRENT freed 732K, 11% free 10459K/11719K, paused 2ms+3ms
07-05 12:51:35.695  1370 25013 E DictionaryProvider:UpdateHandler: Can't read a file : android.util.MalformedJsonException: Use JsonReader.setLenient(true) to accept malformed JSON at line 1 column 20
07-05 12:51:35.840   545   548 D dalvikvm: GC_CONCURRENT freed 438K, 12% free 10417K/11719K, paused 2ms+3ms
07-05 12:51:36.027   545   548 D dalvikvm: GC_CONCURRENT freed 419K, 12% free 10392K/11719K, paused 2ms+2ms
07-05 12:51:36.054   545 25016 I DownloadManager: Initiating request for download 2942
07-05 12:51:36.250   545   548 D dalvikvm: GC_CONCURRENT freed 300K, 10% free 10563K/11719K, paused 1ms+2ms
07-05 12:51:36.347   545   548 D dalvikvm: GC_CONCURRENT freed 320K, 9% free 10711K/11719K, paused 2ms+2ms
07-05 12:51:36.488   545   548 D dalvikvm: GC_CONCURRENT freed 706K, 11% free 10451K/11719K, paused 1ms+3ms
07-05 12:51:36.695   545   548 D dalvikvm: GC_CONCURRENT freed 435K, 12% free 10414K/11719K, paused 1ms+2ms
07-05 12:51:36.808   545 25019 I DownloadManager: Initiating request for download 2943
07-05 12:51:36.898   545   548 D dalvikvm: GC_CONCURRENT freed 257K, 10% free 10595K/11719K, paused 2ms+3ms
07-05 12:51:37.004   545   548 D dalvikvm: GC_CONCURRENT freed 311K, 9% free 10770K/11719K, paused 1ms+4ms
07-05 12:51:37.199   545   548 D dalvikvm: GC_CONCURRENT freed 775K, 11% free 10467K/11719K, paused 2ms+3ms
07-05 12:51:37.265  1370 25021 E DictionaryProvider:UpdateHandler: Can't read a file : android.util.MalformedJsonException: Use JsonReader.setLenient(true) to accept malformed JSON at line 1 column 20
07-05 12:51:37.363   156   330 D ConnectivityService: ConnectivityChange for mobile: CONNECTED/CONNECTED
07-05 12:51:37.398   156   330 D NetUtils: android_net_utils_resetConnections in env=0x6b2b60 clazz=0xc3f00001 iface=rmnet0 mask=0x3
07-05 12:51:37.398   156   330 D ConnectivityService: ConnectivityChange for mobile: DISCONNECTED/DISCONNECTED
07-05 12:51:37.398   156   330 D ConnectivityService: Attempting to switch to WIFI
07-05 12:51:37.398   156   330 D ConnectivityService: Attempting to switch to WIMAX
07-05 12:51:37.398   156   330 D ConnectivityService: Attempting to switch to BLUETOOTH_TETHER
07-05 12:51:37.398   156   330 D ConnectivityService: resetConnections(rmnet0, 3)
07-05 12:51:37.633   545   548 D dalvikvm: GC_CONCURRENT freed 447K, 12% free 10415K/11719K, paused 2ms+2ms
07-05 12:51:37.777   545 25025 I DownloadManager: Initiating request for download 2943
07-05 12:51:37.820   545   548 D dalvikvm: GC_CONCURRENT freed 365K, 11% free 10442K/11719K, paused 2ms+3ms
07-05 12:51:37.976   545   548 D dalvikvm: GC_CONCURRENT freed 211K, 9% free 10689K/11719K, paused 2ms+3ms
07-05 12:51:38.093   545   548 D dalvikvm: GC_CONCURRENT freed 456K, 9% free 10701K/11719K, paused 2ms+2ms
07-05 12:51:38.312   545   548 D dalvikvm: GC_CONCURRENT freed 723K, 12% free 10417K/11719K, paused 2ms+2ms
07-05 12:51:38.484   545   548 D dalvikvm: GC_CONCURRENT freed 405K, 12% free 10404K/11719K, paused 2ms+3ms
07-05 12:51:38.562   545 25028 I DownloadManager: Initiating request for download 2944
07-05 12:51:38.660   545   548 D dalvikvm: GC_CONCURRENT freed 226K, 10% free 10623K/11719K, paused 2ms+3ms
07-05 12:51:38.761   545   548 D dalvikvm: GC_CONCURRENT freed 301K, 8% free 10788K/11719K, paused 2ms+2ms
07-05 12:51:38.984  1370 25031 E DictionaryProvider:UpdateHandler: Can't read a file : android.util.MalformedJsonException: Use JsonReader.setLenient(true) to accept malformed JSON at line 1 column 20
07-05 12:51:39.008   545   548 D dalvikvm: GC_CONCURRENT freed 839K, 11% free 10442K/11719K, paused 2ms+2ms
07-05 12:51:39.211   545   548 D dalvikvm: GC_CONCURRENT freed 430K, 12% free 10408K/11719K, paused 1ms+3ms
07-05 12:51:39.324   545 25034 I DownloadManager: Initiating request for download 2944
07-05 12:51:39.410   545   548 D dalvikvm: GC_CONCURRENT freed 294K, 10% free 10571K/11719K, paused 2ms+2ms
07-05 12:51:39.511   545   548 D dalvikvm: GC_CONCURRENT freed 313K, 9% free 10736K/11719K, paused 2ms+4ms
07-05 12:51:39.668   545   548 D dalvikvm: GC_CONCURRENT freed 724K, 11% free 10466K/11719K, paused 1ms+2ms
07-05 12:51:39.859   545   548 D dalvikvm: GC_CONCURRENT freed 441K, 12% free 10420K/11719K, paused 2ms+3ms
07-05 12:51:40.054   545   548 D dalvikvm: GC_CONCURRENT freed 414K, 12% free 10401K/11719K, paused 2ms+2ms
07-05 12:51:40.425   156   333 D Tethering: MasterInitialState.processMessage what=3
07-05 12:51:40.496   156   333 D Tethering: MasterInitialState.processMessage what=3
07-05 12:51:40.527  1190  1190 I MediaUploader: No need to wake up
07-05 12:51:40.543  1086  1105 D PicasaSyncManager: active network: NetworkInfo: type: WIFI[], state: CONNECTED/CONNECTED, reason: (unspecified), extra: (none), roaming: false, failover: false, isAvailable: true
07-05 12:51:40.543  1086  1105 D PicasaSyncManager: background data: true
07-05 12:51:40.566  1190  1190 I MediaUploader: No need to wake up
07-05 12:51:40.570  1086  1105 D PicasaSyncManager: active network: NetworkInfo: type: WIFI[], state: CONNECTED/CONNECTED, reason: (unspecified), extra: (none), roaming: false, failover: false, isAvailable: true
07-05 12:51:40.570  1086  1105 D PicasaSyncManager: background data: true
07-05 12:51:40.621   482   969 D dalvikvm: GC_EXPLICIT freed 335K, 7% free 9488K/10119K, paused 22ms+3ms
07-05 12:51:41.336   545 25037 I DownloadManager: Initiating request for download 2945
07-05 12:51:41.461   545   548 D dalvikvm: GC_CONCURRENT freed 195K, 9% free 10666K/11719K, paused 2ms+2ms
07-05 12:51:41.566   545   548 D dalvikvm: GC_CONCURRENT freed 409K, 9% free 10697K/11719K, paused 2ms+3ms
07-05 12:51:41.754  1370 25039 E DictionaryProvider:UpdateHandler: Can't read a file : android.util.MalformedJsonException: Use JsonReader.setLenient(true) to accept malformed JSON at line 1 column 20
07-05 12:51:41.800  1370  1372 D dalvikvm: GC_CONCURRENT freed 460K, 6% free 9155K/9735K, paused 2ms+5ms
07-05 12:51:41.832   545   548 D dalvikvm: GC_CONCURRENT freed 699K, 11% free 10446K/11719K, paused 1ms+9ms
07-05 12:51:42.011   545   548 D dalvikvm: GC_CONCURRENT freed 434K, 12% free 10407K/11719K, paused 2ms+2ms
07-05 12:51:42.113   545 25042 I DownloadManager: Initiating request for download 2945
07-05 12:51:42.187   545   548 D dalvikvm: GC_CONCURRENT freed 282K, 10% free 10582K/11719K, paused 2ms+3ms
07-05 12:51:42.289   545   548 D dalvikvm: GC_CONCURRENT freed 308K, 9% free 10757K/11719K, paused 1ms+3ms
07-05 12:51:42.461   545   548 D dalvikvm: GC_CONCURRENT freed 749K, 11% free 10467K/11719K, paused 1ms+2ms
07-05 12:51:42.656   545   548 D dalvikvm: GC_CONCURRENT freed 435K, 12% free 10419K/11719K, paused 1ms+3ms
07-05 12:51:42.859   545   548 D dalvikvm: GC_CONCURRENT freed 399K, 12% free 10405K/11719K, paused 2ms+3ms
07-05 12:51:42.879   545 25045 I DownloadManager: Initiating request for download 2946
07-05 12:51:43.011   545   548 D dalvikvm: GC_CONCURRENT freed 190K, 9% free 10676K/11719K, paused 2ms+2ms
07-05 12:51:43.125   545   548 D dalvikvm: GC_CONCURRENT freed 433K, 9% free 10699K/11719K, paused 2ms+2ms
07-05 12:51:43.269  1370 25047 E DictionaryProvider:UpdateHandler: Can't read a file : android.util.MalformedJsonException: Use JsonReader.setLenient(true) to accept malformed JSON at line 1 column 20
07-05 12:51:43.375   545   548 D dalvikvm: GC_CONCURRENT freed 709K, 11% free 10433K/11719K, paused 2ms+2ms
07-05 12:51:43.550   545   548 D dalvikvm: GC_CONCURRENT freed 419K, 12% free 10408K/11719K, paused 2ms+2ms
07-05 12:51:43.640   545 25050 I DownloadManager: Initiating request for download 2946
07-05 12:51:43.718   545   548 D dalvikvm: GC_CONCURRENT freed 271K, 10% free 10596K/11719K, paused 2ms+3ms
07-05 12:51:43.824   545   548 D dalvikvm: GC_CONCURRENT freed 311K, 9% free 10772K/11719K, paused 1ms+3ms
07-05 12:51:44.015   545   548 D dalvikvm: GC_CONCURRENT freed 797K, 11% free 10435K/11719K, paused 2ms+2ms
07-05 12:51:44.183   545   548 D dalvikvm: GC_CONCURRENT freed 415K, 12% free 10416K/11719K, paused 2ms+2ms
07-05 12:51:44.390   545   548 D dalvikvm: GC_CONCURRENT freed 370K, 11% free 10446K/11719K, paused 1ms+3ms
07-05 12:51:44.390   545 25053 I DownloadManager: Initiating request for download 2947
07-05 12:51:44.441   545 25010 D dalvikvm: GC_EXPLICIT freed 15K, 11% free 10542K/11719K, paused 3ms+3ms
07-05 12:51:44.543   545   548 D dalvikvm: GC_CONCURRENT freed 264K, 9% free 10738K/11719K, paused 2ms+3ms
07-05 12:51:44.707   545   548 D dalvikvm: GC_CONCURRENT freed 727K, 11% free 10474K/11719K, paused 2ms+3ms
07-05 12:51:44.769  1370 25055 E DictionaryProvider:UpdateHandler: Can't read a file : android.util.MalformedJsonException: Use JsonReader.setLenient(true) to accept malformed JSON at line 1 column 20
07-05 12:51:44.941   545   548 D dalvikvm: GC_CONCURRENT freed 438K, 11% free 10432K/11719K, paused 1ms+2ms
07-05 12:51:45.121   545   548 D dalvikvm: GC_CONCURRENT freed 418K, 12% free 10408K/11719K, paused 2ms+2ms
07-05 12:51:45.168   545 25058 I DownloadManager: Initiating request for download 2947
07-05 12:51:45.258   545   548 D dalvikvm: GC_CONCURRENT freed 216K, 10% free 10650K/11719K, paused 2ms+3ms
07-05 12:51:45.363   545   548 D dalvikvm: GC_CONCURRENT freed 302K, 8% free 10801K/11719K, paused 2ms+2ms
07-05 12:51:45.582   545   548 D dalvikvm: GC_CONCURRENT freed 845K, 11% free 10434K/11719K, paused 2ms+3ms
07-05 12:51:45.761   545   548 D dalvikvm: GC_CONCURRENT freed 416K, 12% free 10413K/11719K, paused 1ms+3ms
07-05 12:51:45.906   545 25061 I DownloadManager: Initiating request for download 2948
07-05 12:51:45.996   545   548 D dalvikvm: GC_CONCURRENT freed 270K, 10% free 10586K/11719K, paused 2ms+3ms
07-05 12:51:46.093   545   548 D dalvikvm: GC_CONCURRENT freed 310K, 9% free 10760K/11719K, paused 2ms+3ms
07-05 12:51:46.269   545   548 D dalvikvm: GC_CONCURRENT freed 750K, 11% free 10474K/11719K, paused 2ms+2ms
07-05 12:51:46.324  1370 25063 E DictionaryProvider:UpdateHandler: Can't read a file : android.util.MalformedJsonException: Use JsonReader.setLenient(true) to accept malformed JSON at line 1 column 20
07-05 12:51:46.504   545   548 D dalvikvm: GC_CONCURRENT freed 427K, 11% free 10433K/11719K, paused 1ms+2ms
07-05 12:51:46.687   545   548 D dalvikvm: GC_CONCURRENT freed 411K, 12% free 10410K/11719K, paused 2ms+2ms
07-05 12:51:46.718   545 25066 I DownloadManager: Initiating request for download 2948
07-05 12:51:46.820   545   548 D dalvikvm: GC_CONCURRENT freed 190K, 10% free 10663K/11719K, paused 2ms+2ms
07-05 12:51:46.922   545   548 D dalvikvm: GC_CONCURRENT freed 405K, 9% free 10706K/11719K, paused 2ms+3ms
07-05 12:51:47.140   545   548 D dalvikvm: GC_CONCURRENT freed 715K, 11% free 10436K/11719K, paused 2ms+2ms
07-05 12:51:47.336   545   548 D dalvikvm: GC_CONCURRENT freed 414K, 12% free 10417K/11719K, paused 1ms+3ms
07-05 12:51:47.465   545 25069 I DownloadManager: Initiating request for download 2949
07-05 12:51:47.550   545   548 D dalvikvm: GC_CONCURRENT freed 284K, 10% free 10591K/11719K, paused 2ms+3ms
07-05 12:51:47.652   545   548 D dalvikvm: GC_CONCURRENT freed 325K, 8% free 10829K/11719K, paused 1ms+3ms
07-05 12:51:47.836   545   548 D dalvikvm: GC_CONCURRENT freed 874K, 11% free 10442K/11719K, paused 2ms+2ms
07-05 12:51:47.879  1370 25071 E DictionaryProvider:UpdateHandler: Can't read a file : android.util.MalformedJsonException: Use JsonReader.setLenient(true) to accept malformed JSON at line 1 column 20
07-05 12:51:48.054   545   548 D dalvikvm: GC_CONCURRENT freed 405K, 11% free 10432K/11719K, paused 1ms+3ms
07-05 12:51:48.238   156   514 D dalvikvm: GC_EXPLICIT freed 868K, 12% free 14119K/16007K, paused 2ms+6ms
07-05 12:51:48.246   545 25074 I DownloadManager: Initiating request for download 2949
07-05 12:51:48.300   545   548 D dalvikvm: GC_CONCURRENT freed 353K, 11% free 10487K/11719K, paused 2ms+3ms
07-05 12:51:48.410   545   548 D dalvikvm: GC_CONCURRENT freed 231K, 9% free 10777K/11719K, paused 2ms+3ms
07-05 12:51:48.543   545   548 D dalvikvm: GC_CONCURRENT freed 772K, 11% free 10467K/11719K, paused 1ms+3ms
07-05 12:51:48.746   545   548 D dalvikvm: GC_CONCURRENT freed 434K, 12% free 10421K/11719K, paused 1ms+3ms
07-05 12:51:48.929   545   548 D dalvikvm: GC_CONCURRENT freed 414K, 12% free 10401K/11719K, paused 2ms+2ms
07-05 12:51:49.008   545 25077 I DownloadManager: Initiating request for download 2950
07-05 12:51:49.113   545   548 D dalvikvm: GC_CONCURRENT freed 218K, 10% free 10642K/11719K, paused 2ms+3ms
07-05 12:51:49.215   545   548 D dalvikvm: GC_CONCURRENT freed 311K, 8% free 10794K/11719K, paused 2ms+3ms
07-05 12:51:49.398  1370 25079 E DictionaryProvider:UpdateHandler: Can't read a file : android.util.MalformedJsonException: Use JsonReader.setLenient(true) to accept malformed JSON at line 1 column 20
07-05 12:51:49.425  1370  1372 D dalvikvm: GC_CONCURRENT freed 495K, 7% free 9141K/9735K, paused 1ms+2ms
07-05 12:51:49.492   545   548 D dalvikvm: GC_CONCURRENT freed 835K, 11% free 10437K/11719K, paused 2ms+2ms
07-05 12:51:49.672   545   548 D dalvikvm: GC_CONCURRENT freed 425K, 12% free 10407K/11719K, paused 1ms+2ms
07-05 12:51:49.777   545 25082 I DownloadManager: Initiating request for download 2950
07-05 12:51:49.863   545   548 D dalvikvm: GC_CONCURRENT freed 289K, 10% free 10607K/11719K, paused 2ms+3ms
07-05 12:51:49.961   545   548 D dalvikvm: GC_CONCURRENT freed 332K, 9% free 10767K/11719K, paused 2ms+3ms
07-05 12:51:50.125   545   548 D dalvikvm: GC_CONCURRENT freed 767K, 11% free 10466K/11719K, paused 1ms+2ms
07-05 12:51:50.304   545   548 D dalvikvm: GC_CONCURRENT freed 409K, 11% free 10452K/11719K, paused 2ms+2ms
07-05 12:51:51.902   545 25084 I DownloadManager: Initiating request for download 2951
07-05 12:51:51.945   545   548 D dalvikvm: GC_CONCURRENT freed 401K, 11% free 10480K/11719K, paused 2ms+2ms
07-05 12:51:52.058   545   548 D dalvikvm: GC_CONCURRENT freed 236K, 9% free 10703K/11719K, paused 1ms+3ms
07-05 12:51:52.195   545   548 D dalvikvm: GC_CONCURRENT freed 456K, 9% free 10703K/11719K, paused 2ms+2ms
07-05 12:51:52.343  1370 25087 E DictionaryProvider:UpdateHandler: Can't read a file : android.util.MalformedJsonException: Use JsonReader.setLenient(true) to accept malformed JSON at line 1 column 20
07-05 12:51:52.453   545   548 D dalvikvm: GC_CONCURRENT freed 708K, 11% free 10431K/11719K, paused 2ms+3ms
07-05 12:51:52.629   545   548 D dalvikvm: GC_CONCURRENT freed 407K, 12% free 10412K/11719K, paused 2ms+2ms
07-05 12:51:52.707   545 25090 I DownloadManager: Initiating request for download 2951
07-05 12:51:52.797   545   548 D dalvikvm: GC_CONCURRENT freed 247K, 10% free 10607K/11719K, paused 2ms+2ms
07-05 12:51:52.902   545   548 D dalvikvm: GC_CONCURRENT freed 303K, 9% free 10773K/11719K, paused 2ms+3ms
07-05 12:51:53.070   545   548 D dalvikvm: GC_CONCURRENT freed 775K, 11% free 10467K/11719K, paused 2ms+2ms
07-05 12:51:53.269   545   548 D dalvikvm: GC_CONCURRENT freed 443K, 12% free 10419K/11719K, paused 2ms+3ms
07-05 12:51:53.472   545   548 D dalvikvm: GC_CONCURRENT freed 371K, 11% free 10447K/11719K, paused 3ms+3ms
07-05 12:51:53.488   545 25093 I DownloadManager: Initiating request for download 2952
07-05 12:51:53.605   545   548 D dalvikvm: GC_CONCURRENT freed 211K, 9% free 10774K/11719K, paused 1ms+2ms
07-05 12:51:53.734   545   548 D dalvikvm: GC_CONCURRENT freed 767K, 11% free 10480K/11719K, paused 2ms+2ms
07-05 12:51:53.812  1370 25095 E DictionaryProvider:UpdateHandler: Can't read a file : android.util.MalformedJsonException: Use JsonReader.setLenient(true) to accept malformed JSON at line 1 column 20
07-05 12:51:53.972   545   548 D dalvikvm: GC_CONCURRENT freed 442K, 11% free 10443K/11719K, paused 1ms+2ms
07-05 12:51:54.148   545   548 D dalvikvm: GC_CONCURRENT freed 429K, 12% free 10409K/11719K, paused 1ms+2ms
07-05 12:51:54.203   545 25098 I DownloadManager: Initiating request for download 2952
07-05 12:51:54.293   545   548 D dalvikvm: GC_CONCURRENT freed 227K, 10% free 10637K/11719K, paused 2ms+2ms
07-05 12:51:54.406   545   548 D dalvikvm: GC_CONCURRENT freed 301K, 8% free 10802K/11719K, paused 1ms+2ms
07-05 12:51:54.625   545   548 D dalvikvm: GC_CONCURRENT freed 836K, 11% free 10436K/11719K, paused 1ms+2ms
07-05 12:51:54.804   545   548 D dalvikvm: GC_CONCURRENT freed 414K, 12% free 10415K/11719K, paused 2ms+3ms
07-05 12:51:54.953   545 25101 I DownloadManager: Initiating request for download 2953
07-05 12:51:55.039   545   548 D dalvikvm: GC_CONCURRENT freed 309K, 10% free 10565K/11719K, paused 2ms+3ms
07-05 12:51:55.136   545   548 D dalvikvm: GC_CONCURRENT freed 294K, 9% free 10749K/11719K, paused 1ms+3ms
07-05 12:51:55.285   545   548 D dalvikvm: GC_CONCURRENT freed 738K, 11% free 10476K/11719K, paused 2ms+2ms
07-05 12:51:55.371  1370 25103 E DictionaryProvider:UpdateHandler: Can't read a file : android.util.MalformedJsonException: Use JsonReader.setLenient(true) to accept malformed JSON at line 1 column 20
07-05 12:51:55.519   545   548 D dalvikvm: GC_CONCURRENT freed 437K, 11% free 10435K/11719K, paused 1ms+3ms
07-05 12:51:55.715   545   548 D dalvikvm: GC_CONCURRENT freed 420K, 12% free 10409K/11719K, paused 1ms+2ms
07-05 12:51:55.758   545 25106 I DownloadManager: Initiating request for download 2953
07-05 12:51:55.859   545   548 D dalvikvm: GC_CONCURRENT freed 208K, 10% free 10660K/11719K, paused 2ms+3ms
07-05 12:51:55.957   545   548 D dalvikvm: GC_CONCURRENT freed 311K, 8% free 10805K/11719K, paused 2ms+2ms
07-05 12:51:56.156   545   548 D dalvikvm: GC_CONCURRENT freed 816K, 11% free 10467K/11719K, paused 2ms+2ms
07-05 12:51:56.347   545   548 D dalvikvm: GC_CONCURRENT freed 409K, 11% free 10453K/11719K, paused 2ms+2ms
07-05 12:51:57.640   545 25108 I DownloadManager: Initiating request for download 2954
07-05 12:51:57.734   545   548 D dalvikvm: GC_CONCURRENT freed 305K, 10% free 10603K/11719K, paused 3ms+3ms
07-05 12:51:57.836   545   548 D dalvikvm: GC_CONCURRENT freed 307K, 9% free 10771K/11719K, paused 2ms+3ms
07-05 12:51:58.011   545   548 D dalvikvm: GC_CONCURRENT freed 759K, 11% free 10477K/11719K, paused 1ms+2ms
07-05 12:51:58.078  1370 25111 E DictionaryProvider:UpdateHandler: Can't read a file : android.util.MalformedJsonException: Use JsonReader.setLenient(true) to accept malformed JSON at line 1 column 20
07-05 12:51:58.109  1370  1372 D dalvikvm: GC_CONCURRENT freed 401K, 7% free 9127K/9735K, paused 2ms+1ms
07-05 12:51:58.265   545   548 D dalvikvm: GC_CONCURRENT freed 435K, 11% free 10437K/11719K, paused 2ms+3ms
07-05 12:51:58.457   545   548 D dalvikvm: GC_CONCURRENT freed 414K, 12% free 10421K/11719K, paused 1ms+3ms
07-05 12:51:58.480   545 25114 I DownloadManager: Initiating request for download 2954
07-05 12:51:58.590   545   548 D dalvikvm: GC_CONCURRENT freed 222K, 9% free 10693K/11719K, paused 2ms+3ms
07-05 12:51:58.703   545   548 D dalvikvm: GC_CONCURRENT freed 427K, 9% free 10714K/11719K, paused 2ms+2ms
07-05 12:51:58.941   545   548 D dalvikvm: GC_CONCURRENT freed 724K, 11% free 10435K/11719K, paused 2ms+3ms
07-05 12:51:59.121   545   548 D dalvikvm: GC_CONCURRENT freed 413K, 12% free 10416K/11719K, paused 2ms+3ms
07-05 12:51:59.242   545 25117 I DownloadManager: Initiating request for download 2955
07-05 12:51:59.332   545   548 D dalvikvm: GC_CONCURRENT freed 264K, 10% free 10611K/11719K, paused 2ms+3ms
07-05 12:51:59.429   545   548 D dalvikvm: GC_CONCURRENT freed 315K, 8% free 10787K/11719K, paused 2ms+3ms
07-05 12:51:59.625   545   548 D dalvikvm: GC_CONCURRENT freed 815K, 11% free 10446K/11719K, paused 2ms+3ms
07-05 12:51:59.675  1370 25119 E DictionaryProvider:UpdateHandler: Can't read a file : android.util.MalformedJsonException: Use JsonReader.setLenient(true) to accept malformed JSON at line 1 column 20
07-05 12:51:59.859   545   548 D dalvikvm: GC_CONCURRENT freed 405K, 11% free 10436K/11719K, paused 2ms+2ms
07-05 12:52:00.058   545   548 D dalvikvm: GC_CONCURRENT freed 393K, 11% free 10451K/11719K, paused 12ms+3ms
07-05 12:52:00.078   545 25122 I DownloadManager: Initiating request for download 2955
07-05 12:52:00.179   545   548 D dalvikvm: GC_CONCURRENT freed 207K, 9% free 10704K/11719K, paused 2ms+3ms
07-05 12:52:00.300   545   548 D dalvikvm: GC_CONCURRENT freed 455K, 9% free 10736K/11719K, paused 2ms+2ms
07-05 12:52:00.531   545   548 D dalvikvm: GC_CONCURRENT freed 754K, 11% free 10437K/11719K, paused 2ms+2ms
07-05 12:52:00.703   545   548 D dalvikvm: GC_CONCURRENT freed 412K, 12% free 10418K/11719K, paused 1ms+2ms
07-05 12:52:00.789   545 25125 I DownloadManager: Initiating request for download 2956
07-05 12:52:00.890   545   548 D dalvikvm: GC_CONCURRENT freed 250K, 10% free 10657K/11719K, paused 3ms+4ms
07-05 12:52:00.996   545   548 D dalvikvm: GC_CONCURRENT freed 313K, 8% free 10815K/11719K, paused 1ms+3ms
07-05 12:52:01.226  1370 25127 E DictionaryProvider:UpdateHandler: Can't read a file : android.util.MalformedJsonException: Use JsonReader.setLenient(true) to accept malformed JSON at line 1 column 20
07-05 12:52:01.246   545   548 D dalvikvm: GC_CONCURRENT freed 860K, 11% free 10461K/11719K, paused 1ms+3ms
07-05 12:52:01.441   545   548 D dalvikvm: GC_CONCURRENT freed 430K, 12% free 10426K/11719K, paused 1ms+2ms
07-05 12:52:01.539   545 25130 I DownloadManager: Initiating request for download 2956
07-05 12:52:01.617   545   548 D dalvikvm: GC_CONCURRENT freed 284K, 10% free 10600K/11719K, paused 1ms+3ms
07-05 12:52:01.718   545   548 D dalvikvm: GC_CONCURRENT freed 312K, 9% free 10777K/11719K, paused 2ms+4ms
07-05 12:52:01.894   545   548 D dalvikvm: GC_CONCURRENT freed 765K, 11% free 10483K/11719K, paused 2ms+2ms
07-05 12:52:02.097   545   548 D dalvikvm: GC_CONCURRENT freed 444K, 11% free 10435K/11719K, paused 2ms+2ms
07-05 12:52:02.312   545   548 D dalvikvm: GC_CONCURRENT freed 400K, 12% free 10423K/11719K, paused 2ms+3ms
07-05 12:52:02.312   545 25133 I DownloadManager: Initiating request for download 2957
07-05 12:52:02.394   993  1240 I PhoneLab-: Service Running
07-05 12:52:02.449   993  1240 I PhoneLab-LoggerService: app_49    1247  993   1956   1584  c00f181c 400107b4 S logcat
07-05 12:52:02.449   993  1240 I PhoneLab-LoggerService: Logcat pid from database 1247
07-05 12:52:02.449   993  1240 I PhoneLab-LoggerService: Logcat process found 1247
07-05 12:52:02.449   993  1240 I PhoneLab-LoggerService: Checking Threshold
07-05 12:52:02.449   993  1240 I PhoneLab-LoggerService: Starting to rename files
07-05 12:52:02.453   993  1240 I PhoneLab-LoggerService: Files found .. 25
07-05 12:52:02.453   993  1240 I PhoneLab-LoggerService: File 1 log.out.1
07-05 12:52:02.457   993   995 D dalvikvm: GC_CONCURRENT freed 939K, 15% free 9151K/10695K, paused 2ms+3ms
07-05 12:52:02.457   993  1240 I PhoneLab-LoggerService: Renamed successfully
07-05 12:52:02.500   545   548 D dalvikvm: GC_CONCURRENT freed 189K, 9% free 10694K/11719K, paused 1ms+3ms
07-05 12:52:02.605   545   548 D dalvikvm: GC_CONCURRENT freed 431K, 9% free 10719K/11719K, paused 2ms+2ms
07-05 12:52:02.800   545   548 D dalvikvm: GC_CONCURRENT freed 686K, 11% free 10478K/11719K, paused 2ms+2ms
07-05 12:52:02.992   545   548 D dalvikvm: GC_CONCURRENT freed 416K, 11% free 10456K/11719K, paused 2ms+2ms
07-05 12:52:03.215   545   548 D dalvikvm: GC_CONCURRENT freed 367K, 11% free 10484K/11719K, paused 2ms+2ms
07-05 12:52:03.398   545   548 D dalvikvm: GC_CONCURRENT freed 437K, 11% free 10443K/11719K, paused 1ms+2ms
07-05 12:52:03.570   545   548 D dalvikvm: GC_CONCURRENT freed 414K, 12% free 10424K/11719K, paused 2ms+3ms
07-05 12:52:03.953  1370 25137 E DictionaryProvider:UpdateHandler: Can't read a file : android.util.MalformedJsonException: Use JsonReader.setLenient(true) to accept malformed JSON at line 1 column 20
07-05 12:52:04.215   545   548 D dalvikvm: GC_CONCURRENT freed 364K, 11% free 10455K/11719K, paused 2ms+4ms
07-05 12:52:04.414   545   548 D dalvikvm: GC_CONCURRENT freed 416K, 11% free 10433K/11719K, paused 1ms+3ms
07-05 12:52:04.617   545 25140 I DownloadManager: Initiating request for download 2958
07-05 12:52:04.722   545   548 D dalvikvm: GC_CONCURRENT freed 395K, 11% free 10456K/11719K, paused 7ms+2ms
07-05 12:52:04.832   545   548 D dalvikvm: GC_CONCURRENT freed 192K, 9% free 10705K/11719K, paused 1ms+3ms
07-05 12:52:04.949   545   548 D dalvikvm: GC_CONCURRENT freed 441K, 9% free 10725K/11719K, paused 2ms+3ms
07-05 12:52:05.058   156   593 D dalvikvm: GC_EXPLICIT freed 535K, 13% free 14085K/16007K, paused 3ms+6ms
07-05 12:52:05.230   545   548 D dalvikvm: GC_CONCURRENT freed 725K, 11% free 10454K/11719K, paused 2ms+3ms
07-05 12:52:05.258  1370 25142 E DictionaryProvider:UpdateHandler: Can't read a file : android.util.MalformedJsonException: Use JsonReader.setLenient(true) to accept malformed JSON at line 1 column 20
07-05 12:52:05.304  1370  1372 D dalvikvm: GC_CONCURRENT freed 385K, 7% free 9126K/9735K, paused 1ms+2ms
07-05 12:52:05.476   545   548 D dalvikvm: GC_CONCURRENT freed 429K, 12% free 10420K/11719K, paused 2ms+2ms
07-05 12:52:05.570   545 25145 I DownloadManager: Initiating request for download 2958
07-05 12:52:05.652   545   548 D dalvikvm: GC_CONCURRENT freed 274K, 10% free 10604K/11719K, paused 2ms+3ms
07-05 12:52:05.754   545   548 D dalvikvm: GC_CONCURRENT freed 317K, 9% free 10776K/11719K, paused 1ms+3ms
07-05 12:52:05.929   545   548 D dalvikvm: GC_CONCURRENT freed 771K, 11% free 10474K/11719K, paused 2ms+2ms
07-05 12:52:06.117   545   548 D dalvikvm: GC_CONCURRENT freed 445K, 12% free 10424K/11719K, paused 2ms+2ms
07-05 12:52:06.320   545 25148 I DownloadManager: Initiating request for download 2959
07-05 12:52:06.375   545   548 D dalvikvm: GC_CONCURRENT freed 394K, 11% free 10438K/11719K, paused 4ms+3ms
07-05 12:52:06.492   545   548 D dalvikvm: GC_CONCURRENT freed 193K, 9% free 10734K/11719K, paused 1ms+3ms
07-05 12:52:06.625   545   548 D dalvikvm: GC_CONCURRENT freed 496K, 9% free 10719K/11719K, paused 2ms+3ms
07-05 12:52:06.765  1370 25150 E DictionaryProvider:UpdateHandler: Can't read a file : android.util.MalformedJsonException: Use JsonReader.setLenient(true) to accept malformed JSON at line 1 column 20
07-05 12:52:06.883   545   548 D dalvikvm: GC_CONCURRENT freed 732K, 11% free 10437K/11719K, paused 2ms+2ms
07-05 12:52:07.054   545   548 D dalvikvm: GC_CONCURRENT freed 420K, 12% free 10413K/11719K, paused 1ms+2ms
07-05 12:52:07.117   545 25153 I DownloadManager: Initiating request for download 2959
07-05 12:52:07.203   545   548 D dalvikvm: GC_CONCURRENT freed 233K, 10% free 10632K/11719K, paused 1ms+2ms
07-05 12:52:07.308   545   548 D dalvikvm: GC_CONCURRENT freed 316K, 8% free 10810K/11719K, paused 2ms+3ms
07-05 12:52:07.519   545   548 D dalvikvm: GC_CONCURRENT freed 851K, 11% free 10440K/11719K, paused 2ms+2ms
07-05 12:52:07.699   545   548 D dalvikvm: GC_CONCURRENT freed 414K, 12% free 10420K/11719K, paused 1ms+2ms
07-05 12:52:07.855   545 25156 I DownloadManager: Initiating request for download 2960
07-05 12:52:07.945   545   548 D dalvikvm: GC_CONCURRENT freed 307K, 10% free 10575K/11719K, paused 2ms+2ms
07-05 12:52:08.035   545   548 D dalvikvm: GC_CONCURRENT freed 298K, 9% free 10757K/11719K, paused 2ms+3ms
07-05 12:52:08.187   545   548 D dalvikvm: GC_CONCURRENT freed 743K, 11% free 10479K/11719K, paused 2ms+3ms
07-05 12:52:08.277  1370 25158 E DictionaryProvider:UpdateHandler: Can't read a file : android.util.MalformedJsonException: Use JsonReader.setLenient(true) to accept malformed JSON at line 1 column 20
07-05 12:52:08.437   545   548 D dalvikvm: GC_CONCURRENT freed 427K, 11% free 10444K/11719K, paused 2ms+2ms
07-05 12:52:08.605   545   548 D dalvikvm: GC_CONCURRENT freed 415K, 12% free 10417K/11719K, paused 2ms+2ms
07-05 12:52:08.726   545 25161 D dalvikvm: GC_EXPLICIT freed 85K, 11% free 10467K/11719K, paused 2ms+9ms
07-05 12:52:08.730   545 25161 I DownloadManager: Initiating request for download 2960
07-05 12:52:08.836   545   548 D dalvikvm: GC_CONCURRENT freed 220K, 9% free 10705K/11719K, paused 2ms+3ms
07-05 12:52:08.953   545   548 D dalvikvm: GC_CONCURRENT freed 458K, 9% free 10713K/11719K, paused 2ms+3ms
07-05 12:52:09.172   545   548 D dalvikvm: GC_CONCURRENT freed 727K, 11% free 10434K/11719K, paused 2ms+2ms
07-05 12:52:09.351   545   548 D dalvikvm: GC_CONCURRENT freed 413K, 12% free 10417K/11719K, paused 2ms+2ms
07-05 12:52:09.484   545 25164 I DownloadManager: Initiating request for download 2961
07-05 12:52:09.578   545   548 D dalvikvm: GC_CONCURRENT freed 245K, 10% free 10630K/11719K, paused 2ms+2ms
07-05 12:52:09.679   545   548 D dalvikvm: GC_CONCURRENT freed 331K, 8% free 10797K/11719K, paused 2ms+3ms
07-05 12:52:09.871   545   548 D dalvikvm: GC_CONCURRENT freed 798K, 11% free 10479K/11719K, paused 2ms+2ms
07-05 12:52:09.918  1370 25166 E DictionaryProvider:UpdateHandler: Can't read a file : android.util.MalformedJsonException: Use JsonReader.setLenient(true) to accept malformed JSON at line 1 column 20
07-05 12:52:10.101   545   548 D dalvikvm: GC_CONCURRENT freed 438K, 11% free 10437K/11719K, paused 1ms+2ms
07-05 12:52:10.226   545 25169 I DownloadManager: Initiating request for download 2961
07-05 12:52:10.300   545   548 D dalvikvm: GC_CONCURRENT freed 362K, 11% free 10512K/11719K, paused 2ms+3ms
07-05 12:52:10.398   545   548 D dalvikvm: GC_CONCURRENT freed 240K, 9% free 10732K/11719K, paused 1ms+3ms
07-05 12:52:10.515   545   548 D dalvikvm: GC_CONCURRENT freed 710K, 11% free 10486K/11719K, paused 2ms+2ms
07-05 12:52:10.718   545   548 D dalvikvm: GC_CONCURRENT freed 433K, 11% free 10441K/11719K, paused 2ms+2ms
07-05 12:52:10.902   545   548 D dalvikvm: GC_CONCURRENT freed 406K, 12% free 10423K/11719K, paused 2ms+2ms
07-05 12:52:11.023   545 25172 I DownloadManager: Initiating request for download 2962
07-05 12:52:11.121   545   548 D dalvikvm: GC_CONCURRENT freed 247K, 10% free 10630K/11719K, paused 1ms+3ms
07-05 12:52:11.222   545   548 D dalvikvm: GC_CONCURRENT freed 337K, 8% free 10792K/11719K, paused 2ms+3ms
07-05 12:52:11.406   545   548 D dalvikvm: GC_CONCURRENT freed 786K, 11% free 10482K/11719K, paused 2ms+2ms
07-05 12:52:11.476  1370 25174 D dalvikvm: GC_EXPLICIT freed 364K, 7% free 9123K/9735K, paused 3ms+2ms
07-05 12:52:11.492  1370 25174 E DictionaryProvider:UpdateHandler: Can't read a file : android.util.MalformedJsonException: Use JsonReader.setLenient(true) to accept malformed JSON at line 1 column 20
07-05 12:52:11.550   465   467 D dalvikvm: GC_CONCURRENT freed 443K, 6% free 10503K/11079K, paused 1ms+6ms
07-05 12:52:11.703   545   548 D dalvikvm: GC_CONCURRENT freed 437K, 11% free 10440K/11719K, paused 2ms+2ms
07-05 12:52:11.836   545 25177 I DownloadManager: Initiating request for download 2962
07-05 12:52:11.886   545   548 D dalvikvm: GC_CONCURRENT freed 376K, 11% free 10489K/11719K, paused 2ms+2ms
07-05 12:52:12.000   545   548 D dalvikvm: GC_CONCURRENT freed 223K, 9% free 10725K/11719K, paused 2ms+2ms
07-05 12:52:12.129   545   548 D dalvikvm: GC_CONCURRENT freed 477K, 9% free 10723K/11719K, paused 2ms+3ms
07-05 12:52:12.347   545   548 D dalvikvm: GC_CONCURRENT freed 733K, 11% free 10440K/11719K, paused 2ms+2ms
07-05 12:52:12.543   545   548 D dalvikvm: GC_CONCURRENT freed 405K, 12% free 10422K/11719K, paused 2ms+2ms
07-05 12:52:12.640   545 25180 I DownloadManager: Initiating request for download 2963
07-05 12:52:12.746   545   548 D dalvikvm: GC_CONCURRENT freed 219K, 10% free 10643K/11719K, paused 2ms+3ms
07-05 12:52:12.840   545   548 D dalvikvm: GC_CONCURRENT freed 298K, 8% free 10798K/11719K, paused 2ms+2ms
07-05 12:52:13.027   545   548 D dalvikvm: GC_CONCURRENT freed 793K, 11% free 10485K/11719K, paused 2ms+3ms
07-05 12:52:13.093  1370 25182 E DictionaryProvider:UpdateHandler: Can't read a file : android.util.MalformedJsonException: Use JsonReader.setLenient(true) to accept malformed JSON at line 1 column 20
07-05 12:52:13.269   545   548 D dalvikvm: GC_CONCURRENT freed 437K, 11% free 10443K/11719K, paused 1ms+2ms
07-05 12:52:13.437   545   548 D dalvikvm: GC_CONCURRENT freed 384K, 11% free 10457K/11719K, paused 1ms+2ms
07-05 12:52:13.457   545 25185 I DownloadManager: Initiating request for download 2963
07-05 12:52:13.562   545   548 D dalvikvm: GC_CONCURRENT freed 205K, 9% free 10711K/11719K, paused 1ms+3ms
07-05 12:52:13.679   545   548 D dalvikvm: GC_CONCURRENT freed 452K, 9% free 10732K/11719K, paused 2ms+2ms
07-05 12:52:13.890   545   548 D dalvikvm: GC_CONCURRENT freed 740K, 11% free 10446K/11719K, paused 2ms+3ms
07-05 12:52:14.090   545   548 D dalvikvm: GC_CONCURRENT freed 412K, 12% free 10429K/11719K, paused 2ms+2ms
07-05 12:52:14.519   545 25188 I DownloadManager: Initiating request for download 2964
07-05 12:52:14.613   545   548 D dalvikvm: GC_CONCURRENT freed 246K, 10% free 10659K/11719K, paused 2ms+3ms
07-05 12:52:14.718   545   548 D dalvikvm: GC_CONCURRENT freed 307K, 8% free 10862K/11719K, paused 2ms+2ms
07-05 12:52:14.937   545   548 D dalvikvm: GC_CONCURRENT freed 898K, 11% free 10463K/11719K, paused 2ms+2ms
07-05 12:52:14.957  1370 25190 E DictionaryProvider:UpdateHandler: Can't read a file : android.util.MalformedJsonException: Use JsonReader.setLenient(true) to accept malformed JSON at line 1 column 20
07-05 12:52:15.148   545   548 D dalvikvm: GC_CONCURRENT freed 420K, 11% free 10438K/11719K, paused 2ms+2ms
07-05 12:52:15.258   545 25193 I DownloadManager: Initiating request for download 2964
07-05 12:52:15.340   545   548 D dalvikvm: GC_CONCURRENT freed 311K, 10% free 10585K/11719K, paused 2ms+3ms
07-05 12:52:15.437   545   548 D dalvikvm: GC_CONCURRENT freed 298K, 9% free 10771K/11719K, paused 2ms+4ms
07-05 12:52:15.593   545   548 D dalvikvm: GC_CONCURRENT freed 750K, 11% free 10493K/11719K, paused 2ms+2ms
07-05 12:52:15.789   545   548 D dalvikvm: GC_CONCURRENT freed 418K, 11% free 10471K/11719K, paused 2ms+2ms
07-05 12:52:15.972   545   548 D dalvikvm: GC_CONCURRENT freed 407K, 11% free 10457K/11719K, paused 2ms+2ms
07-05 12:52:17.234   545 25195 I DownloadManager: Initiating request for download 2965
07-05 12:52:17.336   545   548 D dalvikvm: GC_CONCURRENT freed 261K, 9% free 10707K/11719K, paused 1ms+3ms
07-05 12:52:17.461   545   548 D dalvikvm: GC_CONCURRENT freed 430K, 9% free 10731K/11719K, paused 2ms+3ms
07-05 12:52:17.660   545   548 D dalvikvm: GC_CONCURRENT freed 693K, 11% free 10488K/11719K, paused 2ms+3ms
07-05 12:52:17.851   545   548 D dalvikvm: GC_CONCURRENT freed 415K, 11% free 10472K/11719K, paused 1ms+3ms
07-05 12:52:17.929  1370 25198 E DictionaryProvider:UpdateHandler: Can't read a file : android.util.MalformedJsonException: Use JsonReader.setLenient(true) to accept malformed JSON at line 1 column 20
07-05 12:52:18.019   545 25201 I DownloadManager: Initiating request for download 2965
07-05 12:52:18.113   545   548 D dalvikvm: GC_CONCURRENT freed 312K, 10% free 10618K/11719K, paused 1ms+3ms
07-05 12:52:18.215   545   548 D dalvikvm: GC_CONCURRENT freed 340K, 9% free 10771K/11719K, paused 2ms+3ms
07-05 12:52:18.367   545   548 D dalvikvm: GC_CONCURRENT freed 740K, 11% free 10499K/11719K, paused 3ms+3ms
07-05 12:52:18.597   545   548 D dalvikvm: GC_CONCURRENT freed 444K, 11% free 10451K/11719K, paused 1ms+2ms
07-05 12:52:18.781   545   548 D dalvikvm: GC_CONCURRENT freed 409K, 12% free 10430K/11719K, paused 1ms+2ms
07-05 12:52:18.840   545 25204 I DownloadManager: Initiating request for download 2966
07-05 12:52:18.949   545   548 D dalvikvm: GC_CONCURRENT freed 193K, 9% free 10695K/11719K, paused 2ms+3ms
07-05 12:52:19.054   545   548 D dalvikvm: GC_CONCURRENT freed 424K, 9% free 10735K/11719K, paused 2ms+3ms
07-05 12:52:19.289  1370 25206 E DictionaryProvider:UpdateHandler: Can't read a file : android.util.MalformedJsonException: Use JsonReader.setLenient(true) to accept malformed JSON at line 1 column 20
07-05 12:52:19.297   545   548 D dalvikvm: GC_CONCURRENT freed 732K, 11% free 10475K/11719K, paused 1ms+6ms
07-05 12:52:19.297  1370  1372 D dalvikvm: GC_CONCURRENT freed 398K, 7% free 9135K/9735K, paused 1ms+2ms
07-05 12:52:19.519   545   548 D dalvikvm: GC_CONCURRENT freed 426K, 11% free 10444K/11719K, paused 2ms+2ms
07-05 12:52:19.679   156   559 D dalvikvm: GC_EXPLICIT freed 520K, 13% free 14083K/16007K, paused 2ms+6ms
07-05 12:52:19.687   545 25209 I DownloadManager: Initiating request for download 2966
07-05 12:52:19.777   545   548 D dalvikvm: GC_CONCURRENT freed 291K, 10% free 10612K/11719K, paused 2ms+3ms
07-05 12:52:19.879   545   548 D dalvikvm: GC_CONCURRENT freed 335K, 9% free 10768K/11719K, paused 2ms+4ms
07-05 12:52:20.050   545   548 D dalvikvm: GC_CONCURRENT freed 750K, 11% free 10482K/11719K, paused 2ms+3ms
07-05 12:52:20.258   545   548 D dalvikvm: GC_CONCURRENT freed 443K, 11% free 10434K/11719K, paused 2ms+2ms
07-05 12:52:20.441   545   548 D dalvikvm: GC_CONCURRENT freed 414K, 12% free 10415K/11719K, paused 2ms+4ms
07-05 12:52:20.515   545 25212 I DownloadManager: Initiating request for download 2967
07-05 12:52:20.629   545   548 D dalvikvm: GC_CONCURRENT freed 192K, 9% free 10682K/11719K, paused 2ms+3ms
07-05 12:52:20.718   545   548 D dalvikvm: GC_CONCURRENT freed 404K, 9% free 10727K/11719K, paused 2ms+2ms
07-05 12:52:20.922   545   548 D dalvikvm: GC_CONCURRENT freed 732K, 11% free 10449K/11719K, paused 2ms+3ms
07-05 12:52:20.968  1370 25214 E DictionaryProvider:UpdateHandler: Can't read a file : android.util.MalformedJsonException: Use JsonReader.setLenient(true) to accept malformed JSON at line 1 column 20
07-05 12:52:21.156   545   548 D dalvikvm: GC_CONCURRENT freed 407K, 11% free 10438K/11719K, paused 1ms+3ms
07-05 12:52:21.269   545 25217 I DownloadManager: Initiating request for download 2967
07-05 12:52:21.332   545   548 D dalvikvm: GC_CONCURRENT freed 329K, 11% free 10492K/11719K, paused 2ms+2ms
07-05 12:52:21.433   545   548 D dalvikvm: GC_CONCURRENT freed 228K, 9% free 10729K/11719K, paused 2ms+3ms
07-05 12:52:21.547   545   548 D dalvikvm: GC_CONCURRENT freed 482K, 9% free 10721K/11719K, paused 2ms+2ms
07-05 12:52:21.769   545   548 D dalvikvm: GC_CONCURRENT freed 733K, 11% free 10438K/11719K, paused 2ms+3ms
07-05 12:52:21.953   545   548 D dalvikvm: GC_CONCURRENT freed 413K, 12% free 10420K/11719K, paused 2ms+2ms
07-05 12:52:22.047   545 25220 I DownloadManager: Initiating request for download 2968
07-05 12:52:22.144   545   548 D dalvikvm: GC_CONCURRENT freed 226K, 10% free 10653K/11719K, paused 2ms+3ms
07-05 12:52:22.254   545   548 D dalvikvm: GC_CONCURRENT freed 322K, 8% free 10814K/11719K, paused 2ms+3ms
07-05 12:52:22.457  1370 25222 E DictionaryProvider:UpdateHandler: Can't read a file : android.util.MalformedJsonException: Use JsonReader.setLenient(true) to accept malformed JSON at line 1 column 20
07-05 12:52:22.484   545   548 D dalvikvm: GC_CONCURRENT freed 858K, 11% free 10463K/11719K, paused 1ms+3ms
07-05 12:52:22.683   545   548 D dalvikvm: GC_CONCURRENT freed 423K, 11% free 10435K/11719K, paused 1ms+2ms
07-05 12:52:22.797   545 25225 I DownloadManager: Initiating request for download 2968
07-05 12:52:22.867   545   548 D dalvikvm: GC_CONCURRENT freed 316K, 11% free 10545K/11719K, paused 1ms+3ms
07-05 12:52:22.968   545   548 D dalvikvm: GC_CONCURRENT freed 258K, 9% free 10745K/11719K, paused 2ms+3ms
07-05 12:52:23.086   545   548 D dalvikvm: GC_CONCURRENT freed 716K, 11% free 10492K/11719K, paused 2ms+2ms
07-05 12:52:23.293   545   548 D dalvikvm: GC_CONCURRENT freed 443K, 11% free 10445K/11719K, paused 2ms+2ms
07-05 12:52:23.472   545   548 D dalvikvm: GC_CONCURRENT freed 415K, 12% free 10425K/11719K, paused 1ms+2ms
07-05 12:52:23.578   545 25228 I DownloadManager: Initiating request for download 2969
07-05 12:52:23.699   545   548 D dalvikvm: GC_CONCURRENT freed 249K, 10% free 10650K/11719K, paused 2ms+3ms
07-05 12:52:23.793   545   548 D dalvikvm: GC_CONCURRENT freed 345K, 8% free 10810K/11719K, paused 2ms+3ms
07-05 12:52:23.988   545   548 D dalvikvm: GC_CONCURRENT freed 837K, 11% free 10453K/11719K, paused 2ms+2ms
07-05 12:52:24.019  1370 25230 E DictionaryProvider:UpdateHandler: Can't read a file : android.util.MalformedJsonException: Use JsonReader.setLenient(true) to accept malformed JSON at line 1 column 20
07-05 12:52:24.215   545   548 D dalvikvm: GC_CONCURRENT freed 411K, 11% free 10438K/11719K, paused 2ms+3ms
07-05 12:52:24.336   545 25233 I DownloadManager: Initiating request for download 2969
07-05 12:52:24.390   545   548 D dalvikvm: GC_CONCURRENT freed 331K, 11% free 10500K/11719K, paused 2ms+2ms
07-05 12:52:24.492   545   548 D dalvikvm: GC_CONCURRENT freed 225K, 9% free 10735K/11719K, paused 2ms+3ms
07-05 12:52:24.613   545   548 D dalvikvm: GC_CONCURRENT freed 470K, 9% free 10740K/11719K, paused 2ms+2ms
07-05 12:52:24.847   545   548 D dalvikvm: GC_CONCURRENT freed 743K, 11% free 10458K/11719K, paused 2ms+2ms
07-05 12:52:25.019   545   548 D dalvikvm: GC_CONCURRENT freed 419K, 11% free 10436K/11719K, paused 1ms+2ms
07-05 12:52:25.101   545 25236 I DownloadManager: Initiating request for download 2970
07-05 12:52:25.203   545   548 D dalvikvm: GC_CONCURRENT freed 235K, 10% free 10659K/11719K, paused 2ms+2ms
07-05 12:52:25.308   545   548 D dalvikvm: GC_CONCURRENT freed 337K, 8% free 10831K/11719K, paused 1ms+3ms
07-05 12:52:25.508   545   548 D dalvikvm: GC_CONCURRENT freed 832K, 11% free 10486K/11719K, paused 2ms+2ms
07-05 12:52:25.703   545   548 D dalvikvm: GC_CONCURRENT freed 410K, 11% free 10464K/11719K, paused 2ms+2ms
07-05 12:52:25.941   545   548 D dalvikvm: GC_CONCURRENT freed 367K, 11% free 10493K/11719K, paused 2ms+3ms
07-05 12:52:26.140   545   548 D dalvikvm: GC_CONCURRENT freed 439K, 11% free 10451K/11719K, paused 2ms+2ms
07-05 12:52:26.320   545   548 D dalvikvm: GC_CONCURRENT freed 413K, 11% free 10433K/11719K, paused 2ms+3ms
07-05 12:52:27.351  1370 25239 E DictionaryProvider:UpdateHandler: Can't read a file : android.util.MalformedJsonException: Use JsonReader.setLenient(true) to accept malformed JSON at line 1 column 20
07-05 12:52:27.375  1370  1372 D dalvikvm: GC_CONCURRENT freed 387K, 7% free 9146K/9735K, paused 2ms+2ms
07-05 12:52:27.547   545   548 D dalvikvm: GC_CONCURRENT freed 353K, 11% free 10470K/11719K, paused 2ms+3ms
07-05 12:52:27.726   545   548 D dalvikvm: GC_CONCURRENT freed 424K, 11% free 10441K/11719K, paused 2ms+2ms
07-05 12:52:27.910   545   548 D dalvikvm: GC_CONCURRENT freed 407K, 12% free 10428K/11719K, paused 2ms+2ms
07-05 12:52:28.140   545   548 D dalvikvm: GC_CONCURRENT freed 369K, 11% free 10454K/11719K, paused 1ms+2ms
07-05 12:52:28.336   545   548 D dalvikvm: GC_CONCURRENT freed 413K, 11% free 10436K/11719K, paused 2ms+2ms
07-05 12:52:28.547   545 25242 I DownloadManager: Initiating request for download 2971
07-05 12:52:28.613   545   548 D dalvikvm: GC_CONCURRENT freed 388K, 11% free 10460K/11719K, paused 4ms+6ms
07-05 12:52:28.742   545   548 D dalvikvm: GC_CONCURRENT freed 209K, 9% free 10722K/11719K, paused 1ms+3ms
07-05 12:52:28.867   545   548 D dalvikvm: GC_CONCURRENT freed 457K, 9% free 10733K/11719K, paused 2ms+2ms
07-05 12:52:29.035  1370 25244 E DictionaryProvider:UpdateHandler: Can't read a file : android.util.MalformedJsonException: Use JsonReader.setLenient(true) to accept malformed JSON at line 1 column 20
07-05 12:52:29.129   545   548 D dalvikvm: GC_CONCURRENT freed 721K, 11% free 10460K/11719K, paused 1ms+2ms
07-05 12:52:29.308   545   548 D dalvikvm: GC_CONCURRENT freed 422K, 11% free 10433K/11719K, paused 2ms+2ms
07-05 12:52:29.390   545 25247 I DownloadManager: Initiating request for download 2971
07-05 12:52:29.476   545   548 D dalvikvm: GC_CONCURRENT freed 260K, 10% free 10634K/11719K, paused 2ms+3ms
07-05 12:52:29.578   545   548 D dalvikvm: GC_CONCURRENT freed 319K, 8% free 10816K/11719K, paused 2ms+3ms
07-05 12:52:29.761   545   548 D dalvikvm: GC_CONCURRENT freed 837K, 11% free 10461K/11719K, paused 2ms+3ms
07-05 12:52:29.957   545   548 D dalvikvm: GC_CONCURRENT freed 417K, 11% free 10440K/11719K, paused 2ms+2ms
07-05 12:52:30.144   545 25250 I DownloadManager: Initiating request for download 2972
07-05 12:52:30.168   545   548 D dalvikvm: GC_CONCURRENT freed 372K, 11% free 10477K/11719K, paused 2ms+3ms
07-05 12:52:30.289   545   548 D dalvikvm: GC_CONCURRENT freed 210K, 9% free 10726K/11719K, paused 1ms+3ms
07-05 12:52:30.406   545   548 D dalvikvm: GC_CONCURRENT freed 462K, 9% free 10736K/11719K, paused 2ms+2ms
07-05 12:52:30.543  1370 25252 E DictionaryProvider:UpdateHandler: Can't read a file : android.util.MalformedJsonException: Use JsonReader.setLenient(true) to accept malformed JSON at line 1 column 20
07-05 12:52:30.664   545   548 D dalvikvm: GC_CONCURRENT freed 722K, 11% free 10461K/11719K, paused 2ms+2ms
07-05 12:52:30.847   545   548 D dalvikvm: GC_CONCURRENT freed 417K, 11% free 10436K/11719K, paused 2ms+3ms
07-05 12:52:30.941   545 25255 I DownloadManager: Initiating request for download 2972
07-05 12:52:31.023   545   548 D dalvikvm: GC_CONCURRENT freed 262K, 10% free 10635K/11719K, paused 2ms+3ms
07-05 12:52:31.129   545   548 D dalvikvm: GC_CONCURRENT freed 320K, 8% free 10817K/11719K, paused 2ms+2ms
07-05 12:52:31.320   545   548 D dalvikvm: GC_CONCURRENT freed 837K, 11% free 10464K/11719K, paused 2ms+3ms
07-05 12:52:31.511   545   548 D dalvikvm: GC_CONCURRENT freed 415K, 11% free 10444K/11719K, paused 2ms+2ms
07-05 12:52:31.703   545 25258 I DownloadManager: Initiating request for download 2973
07-05 12:52:31.722   545   548 D dalvikvm: GC_CONCURRENT freed 380K, 11% free 10475K/11719K, paused 2ms+3ms
07-05 12:52:31.851   545   548 D dalvikvm: GC_CONCURRENT freed 207K, 9% free 10728K/11719K, paused 2ms+3ms
07-05 12:52:31.972   545   548 D dalvikvm: GC_CONCURRENT freed 462K, 9% free 10741K/11719K, paused 2ms+2ms
07-05 12:52:32.125  1370 25260 E DictionaryProvider:UpdateHandler: Can't read a file : android.util.MalformedJsonException: Use JsonReader.setLenient(true) to accept malformed JSON at line 1 column 20
07-05 12:52:32.222   545   548 D dalvikvm: GC_CONCURRENT freed 724K, 11% free 10467K/11719K, paused 2ms+2ms
07-05 12:52:32.402   545   548 D dalvikvm: GC_CONCURRENT freed 422K, 11% free 10439K/11719K, paused 2ms+3ms
07-05 12:52:32.496   545 25263 I DownloadManager: Initiating request for download 2973
07-05 12:52:32.586   545   548 D dalvikvm: GC_CONCURRENT freed 265K, 9% free 10670K/11719K, paused 2ms+3ms
07-05 12:52:32.691   545   548 D dalvikvm: GC_CONCURRENT freed 341K, 8% free 10847K/11719K, paused 2ms+3ms
07-05 12:52:32.898   545   548 D dalvikvm: GC_CONCURRENT freed 868K, 11% free 10465K/11719K, paused 2ms+3ms
07-05 12:52:33.082   545   548 D dalvikvm: GC_CONCURRENT freed 415K, 11% free 10446K/11719K, paused 2ms+2ms
07-05 12:52:34.238   545 25267 I DownloadManager: Initiating request for download 2974
07-05 12:52:34.289   545   548 D dalvikvm: GC_CONCURRENT freed 331K, 11% free 10512K/11719K, paused 2ms+4ms
07-05 12:52:34.390   545   548 D dalvikvm: GC_CONCURRENT freed 214K, 9% free 10738K/11719K, paused 2ms+2ms
07-05 12:52:34.508   545   548 D dalvikvm: GC_CONCURRENT freed 464K, 9% free 10748K/11719K, paused 1ms+2ms
07-05 12:52:34.703   545 25267 D dalvikvm: GC_EXPLICIT freed 606K, 11% free 10512K/11719K, paused 2ms+4ms
07-05 12:52:34.758  1370 25269 E DictionaryProvider:UpdateHandler: Can't read a file : android.util.MalformedJsonException: Use JsonReader.setLenient(true) to accept malformed JSON at line 1 column 20
07-05 12:52:34.836  1370  1372 D dalvikvm: GC_CONCURRENT freed 427K, 7% free 9125K/9735K, paused 1ms+2ms
07-05 12:52:34.945   545   548 D dalvikvm: GC_CONCURRENT freed 456K, 11% free 10452K/11719K, paused 1ms+2ms
07-05 12:52:35.047   545 25272 I DownloadManager: Initiating request for download 2974
07-05 12:52:35.129   545   548 D dalvikvm: GC_CONCURRENT freed 295K, 10% free 10615K/11719K, paused 2ms+3ms
07-05 12:52:35.230   545   548 D dalvikvm: GC_CONCURRENT freed 307K, 8% free 10803K/11719K, paused 2ms+3ms
07-05 12:52:35.398   545   548 D dalvikvm: GC_CONCURRENT freed 783K, 11% free 10504K/11719K, paused 2ms+4ms
07-05 12:52:35.593   545   548 D dalvikvm: GC_CONCURRENT freed 445K, 11% free 10454K/11719K, paused 2ms+2ms
07-05 12:52:35.773   545   548 D dalvikvm: GC_CONCURRENT freed 411K, 11% free 10438K/11719K, paused 2ms+2ms
07-05 12:52:35.925   156   628 D dalvikvm: GC_EXPLICIT freed 471K, 13% free 14081K/16007K, paused 3ms+6ms
07-05 12:52:35.933   545 25275 I DownloadManager: Initiating request for download 2975
07-05 12:52:36.035   545   548 D dalvikvm: GC_CONCURRENT freed 194K, 9% free 10703K/11719K, paused 2ms+3ms
07-05 12:52:36.136   545   548 D dalvikvm: GC_CONCURRENT freed 352K, 8% free 10836K/11719K, paused 1ms+3ms
07-05 12:52:36.312  1370 25277 E DictionaryProvider:UpdateHandler: Can't read a file : android.util.MalformedJsonException: Use JsonReader.setLenient(true) to accept malformed JSON at line 1 column 20
07-05 12:52:36.394   545   548 D dalvikvm: GC_CONCURRENT freed 867K, 11% free 10463K/11719K, paused 2ms+2ms
07-05 12:52:36.582   545   548 D dalvikvm: GC_CONCURRENT freed 426K, 12% free 10430K/11719K, paused 2ms+2ms
07-05 12:52:36.679   545 25280 I DownloadManager: Initiating request for download 2975
07-05 12:52:36.761   545   548 D dalvikvm: GC_CONCURRENT freed 263K, 10% free 10605K/11719K, paused 2ms+2ms
07-05 12:52:36.863   545   548 D dalvikvm: GC_CONCURRENT freed 298K, 9% free 10773K/11719K, paused 2ms+3ms
07-05 12:52:37.000   545   548 D dalvikvm: GC_CONCURRENT freed 747K, 11% free 10495K/11719K, paused 2ms+3ms
07-05 12:52:37.195   545   548 D dalvikvm: GC_CONCURRENT freed 442K, 11% free 10448K/11719K, paused 2ms+2ms
07-05 12:52:37.367   545   548 D dalvikvm: GC_CONCURRENT freed 417K, 12% free 10426K/11719K, paused 1ms+3ms
07-05 12:52:37.437   545 25283 I DownloadManager: Initiating request for download 2976
07-05 12:52:37.547   545   548 D dalvikvm: GC_CONCURRENT freed 215K, 9% free 10750K/11719K, paused 2ms+2ms
07-05 12:52:37.660   545   548 D dalvikvm: GC_CONCURRENT freed 497K, 9% free 10734K/11719K, paused 1ms+2ms
07-05 12:52:37.828  1370 25285 E DictionaryProvider:UpdateHandler: Can't read a file : android.util.MalformedJsonException: Use JsonReader.setLenient(true) to accept malformed JSON at line 1 column 20
07-05 12:52:37.906   545   548 D dalvikvm: GC_CONCURRENT freed 724K, 11% free 10460K/11719K, paused 2ms+2ms
07-05 12:52:38.078   545   548 D dalvikvm: GC_CONCURRENT freed 419K, 11% free 10436K/11719K, paused 2ms+2ms
07-05 12:52:38.187   545 25288 I DownloadManager: Initiating request for download 2976
07-05 12:52:38.265   545   548 D dalvikvm: GC_CONCURRENT freed 284K, 10% free 10610K/11719K, paused 2ms+3ms
07-05 12:52:38.363   545   548 D dalvikvm: GC_CONCURRENT freed 314K, 8% free 10788K/11719K, paused 2ms+3ms
07-05 12:52:38.519   545   548 D dalvikvm: GC_CONCURRENT freed 768K, 11% free 10495K/11719K, paused 1ms+3ms
07-05 12:52:38.742   545   548 D dalvikvm: GC_CONCURRENT freed 436K, 11% free 10452K/11719K, paused 2ms+2ms
07-05 12:52:38.922   545   548 D dalvikvm: GC_CONCURRENT freed 413K, 12% free 10430K/11719K, paused 2ms+2ms
07-05 12:52:38.988   545 25291 I DownloadManager: Initiating request for download 2977
07-05 12:52:39.090   545   548 D dalvikvm: GC_CONCURRENT freed 196K, 9% free 10680K/11719K, paused 2ms+3ms
07-05 12:52:39.183   545   548 D dalvikvm: GC_CONCURRENT freed 318K, 8% free 10842K/11719K, paused 2ms+2ms
07-05 12:52:39.359  1370 25293 E DictionaryProvider:UpdateHandler: Can't read a file : android.util.MalformedJsonException: Use JsonReader.setLenient(true) to accept malformed JSON at line 1 column 20
07-05 12:52:39.429   545   548 D dalvikvm: GC_CONCURRENT freed 873K, 11% free 10468K/11719K, paused 2ms+2ms
07-05 12:52:39.621   545   548 D dalvikvm: GC_CONCURRENT freed 425K, 11% free 10438K/11719K, paused 2ms+2ms
07-05 12:52:39.742   545 25296 I DownloadManager: Initiating request for download 2977
07-05 12:52:39.824   545   548 D dalvikvm: GC_CONCURRENT freed 307K, 10% free 10588K/11719K, paused 2ms+3ms
07-05 12:52:39.922   545   548 D dalvikvm: GC_CONCURRENT freed 293K, 9% free 10776K/11719K, paused 2ms+3ms
07-05 12:52:40.066   545   548 D dalvikvm: GC_CONCURRENT freed 745K, 11% free 10499K/11719K, paused 1ms+3ms
07-05 12:52:40.273   545   548 D dalvikvm: GC_CONCURRENT freed 441K, 11% free 10454K/11719K, paused 2ms+2ms
07-05 12:52:40.457   545   548 D dalvikvm: GC_CONCURRENT freed 417K, 11% free 10432K/11719K, paused 2ms+2ms
07-05 12:52:40.554   545 25299 I DownloadManager: Initiating request for download 2978
07-05 12:52:40.656   545   548 D dalvikvm: GC_CONCURRENT freed 211K, 9% free 10668K/11719K, paused 2ms+2ms
07-05 12:52:40.754   545   548 D dalvikvm: GC_CONCURRENT freed 311K, 8% free 10826K/11719K, paused 1ms+3ms
07-05 12:52:40.968  1370 25301 E DictionaryProvider:UpdateHandler: Can't read a file : android.util.MalformedJsonException: Use JsonReader.setLenient(true) to accept malformed JSON at line 1 column 20
07-05 12:52:40.984   545   548 D dalvikvm: GC_CONCURRENT freed 843K, 11% free 10476K/11719K, paused 2ms+2ms
07-05 12:52:41.047  1370  1372 D dalvikvm: GC_CONCURRENT freed 362K, 7% free 9151K/9735K, paused 1ms+2ms
07-05 12:52:41.207   545   548 D dalvikvm: GC_CONCURRENT freed 422K, 11% free 10449K/11719K, paused 2ms+2ms
07-05 12:52:41.336   545 25304 I DownloadManager: Initiating request for download 2978
07-05 12:52:41.375   545   548 D dalvikvm: GC_CONCURRENT freed 367K, 11% free 10480K/11719K, paused 2ms+3ms
07-05 12:52:41.488   545   548 D dalvikvm: GC_CONCURRENT freed 207K, 9% free 10732K/11719K, paused 2ms+2ms
07-05 12:52:41.609   545   548 D dalvikvm: GC_CONCURRENT freed 460K, 9% free 10743K/11719K, paused 2ms+2ms
07-05 12:52:41.843   545   548 D dalvikvm: GC_CONCURRENT freed 744K, 11% free 10465K/11719K, paused 2ms+2ms
07-05 12:52:42.027   545   548 D dalvikvm: GC_CONCURRENT freed 422K, 11% free 10438K/11719K, paused 2ms+2ms
07-05 12:52:42.133   545 25307 I DownloadManager: Initiating request for download 2979
07-05 12:52:42.230   545   548 D dalvikvm: GC_CONCURRENT freed 246K, 10% free 10651K/11719K, paused 1ms+3ms
07-05 12:52:42.332   545   548 D dalvikvm: GC_CONCURRENT freed 334K, 8% free 10822K/11719K, paused 1ms+3ms
07-05 12:52:42.519   545   548 D dalvikvm: GC_CONCURRENT freed 840K, 11% free 10467K/11719K, paused 2ms+2ms
07-05 12:52:42.578  1370 25309 E DictionaryProvider:UpdateHandler: Can't read a file : android.util.MalformedJsonException: Use JsonReader.setLenient(true) to accept malformed JSON at line 1 column 20
07-05 12:52:42.746   545   548 D dalvikvm: GC_CONCURRENT freed 397K, 11% free 10457K/11719K, paused 1ms+2ms
07-05 12:52:42.910   545 25312 I DownloadManager: Initiating request for download 2979
07-05 12:52:42.933   545   548 D dalvikvm: GC_CONCURRENT freed 403K, 11% free 10476K/11719K, paused 1ms+3ms
07-05 12:52:43.054   545   548 D dalvikvm: GC_CONCURRENT freed 196K, 9% free 10726K/11719K, paused 1ms+3ms
07-05 12:52:43.172   545   548 D dalvikvm: GC_CONCURRENT freed 453K, 9% free 10746K/11719K, paused 1ms+2ms
07-05 12:52:43.398   545   548 D dalvikvm: GC_CONCURRENT freed 744K, 11% free 10461K/11719K, paused 2ms+2ms
07-05 12:52:43.570   545   548 D dalvikvm: GC_CONCURRENT freed 413K, 11% free 10442K/11719K, paused 2ms+2ms
07-05 12:52:43.699   545 25315 I DownloadManager: Initiating request for download 2980
07-05 12:52:43.793   545   548 D dalvikvm: GC_CONCURRENT freed 260K, 10% free 10640K/11719K, paused 2ms+3ms
07-05 12:52:43.890   545   548 D dalvikvm: GC_CONCURRENT freed 322K, 8% free 10820K/11719K, paused 2ms+3ms
07-05 12:52:44.074   545   548 D dalvikvm: GC_CONCURRENT freed 802K, 11% free 10503K/11719K, paused 1ms+2ms
07-05 12:52:44.136  1370 25317 E DictionaryProvider:UpdateHandler: Can't read a file : android.util.MalformedJsonException: Use JsonReader.setLenient(true) to accept malformed JSON at line 1 column 20
07-05 12:52:44.300   545   548 D dalvikvm: GC_CONCURRENT freed 432K, 11% free 10466K/11719K, paused 2ms+3ms
07-05 12:52:44.476   545   548 D dalvikvm: GC_CONCURRENT freed 414K, 11% free 10443K/11719K, paused 2ms+2ms
07-05 12:52:44.496   545 25319 I DownloadManager: Initiating request for download 2980
07-05 12:52:44.593   545   548 D dalvikvm: GC_CONCURRENT freed 174K, 9% free 10713K/11719K, paused 2ms+3ms
07-05 12:52:44.679   545   548 D dalvikvm: GC_CONCURRENT freed 417K, 9% free 10752K/11719K, paused 1ms+2ms
07-05 12:52:45.070   545   548 D dalvikvm: GC_CONCURRENT freed 739K, 11% free 10467K/11719K, paused 1ms+3ms
07-05 12:52:45.254   545   548 D dalvikvm: GC_CONCURRENT freed 415K, 11% free 10448K/11719K, paused 2ms+2ms
07-05 12:52:45.425   545 25323 I DownloadManager: Initiating request for download 2981
07-05 12:52:45.484   545   548 D dalvikvm: GC_CONCURRENT freed 316K, 11% free 10515K/11719K, paused 2ms+3ms
07-05 12:52:45.586   545   548 D dalvikvm: GC_CONCURRENT freed 225K, 9% free 10750K/11719K, paused 2ms+3ms
07-05 12:52:45.707   545   548 D dalvikvm: GC_CONCURRENT freed 482K, 9% free 10749K/11719K, paused 2ms+2ms
07-05 12:52:45.851  1370 25325 E DictionaryProvider:UpdateHandler: Can't read a file : android.util.MalformedJsonException: Use JsonReader.setLenient(true) to accept malformed JSON at line 1 column 20
07-05 12:52:45.965   545   548 D dalvikvm: GC_CONCURRENT freed 738K, 11% free 10470K/11719K, paused 2ms+3ms
07-05 12:52:46.144   545   548 D dalvikvm: GC_CONCURRENT freed 419K, 11% free 10445K/11719K, paused 1ms+2ms
07-05 12:52:46.222   545 25328 I DownloadManager: Initiating request for download 2981
07-05 12:52:46.308   545   548 D dalvikvm: GC_CONCURRENT freed 238K, 10% free 10659K/11719K, paused 2ms+3ms
07-05 12:52:46.422   545   548 D dalvikvm: GC_CONCURRENT freed 331K, 7% free 10901K/11719K, paused 2ms+4ms
07-05 12:52:46.656   545   548 D dalvikvm: GC_CONCURRENT freed 937K, 11% free 10468K/11719K, paused 1ms+2ms
07-05 12:52:46.836   545   548 D dalvikvm: GC_CONCURRENT freed 405K, 11% free 10452K/11719K, paused 2ms+2ms
07-05 12:52:46.972   545 25331 I DownloadManager: Initiating request for download 2982
07-05 12:52:47.058   545   548 D dalvikvm: GC_CONCURRENT freed 288K, 10% free 10603K/11719K, paused 2ms+3ms
07-05 12:52:47.160   545   548 D dalvikvm: GC_CONCURRENT freed 308K, 8% free 10801K/11719K, paused 1ms+3ms
07-05 12:52:47.316   545   548 D dalvikvm: GC_CONCURRENT freed 771K, 11% free 10510K/11719K, paused 2ms+2ms
07-05 12:52:47.398  1370 25333 E DictionaryProvider:UpdateHandler: Can't read a file : android.util.MalformedJsonException: Use JsonReader.setLenient(true) to accept malformed JSON at line 1 column 20
07-05 12:52:47.472  1370  1372 D dalvikvm: GC_CONCURRENT freed 417K, 7% free 9127K/9735K, paused 2ms+2ms
07-05 12:52:47.570   545   548 D dalvikvm: GC_CONCURRENT freed 436K, 11% free 10470K/11719K, paused 1ms+2ms
07-05 12:52:47.754   545   548 D dalvikvm: GC_CONCURRENT freed 419K, 11% free 10446K/11719K, paused 2ms+2ms
07-05 12:52:47.816   545 25336 I DownloadManager: Initiating request for download 2982
07-05 12:52:47.910   545   548 D dalvikvm: GC_CONCURRENT freed 213K, 9% free 10686K/11719K, paused 2ms+3ms
07-05 12:52:48.015   545   548 D dalvikvm: GC_CONCURRENT freed 346K, 8% free 10856K/11719K, paused 2ms+3ms
07-05 12:52:48.226   545   548 D dalvikvm: GC_CONCURRENT freed 880K, 11% free 10471K/11719K, paused 2ms+2ms
07-05 12:52:48.406   545   548 D dalvikvm: GC_CONCURRENT freed 415K, 11% free 10451K/11719K, paused 2ms+3ms
07-05 12:52:48.550   545 25339 I DownloadManager: Initiating request for download 2983
07-05 12:52:48.625   545   548 D dalvikvm: GC_CONCURRENT freed 283K, 10% free 10626K/11719K, paused 2ms+3ms
07-05 12:52:48.738   545   548 D dalvikvm: GC_CONCURRENT freed 286K, 8% free 10794K/11719K, paused 2ms+2ms
07-05 12:52:48.886   545   548 D dalvikvm: GC_CONCURRENT freed 753K, 11% free 10519K/11719K, paused 2ms+3ms
07-05 12:52:49.043   156   559 D dalvikvm: GC_EXPLICIT freed 491K, 13% free 14082K/16007K, paused 2ms+5ms
07-05 12:52:49.043  1370 25341 E DictionaryProvider:UpdateHandler: Can't read a file : android.util.MalformedJsonException: Use JsonReader.setLenient(true) to accept malformed JSON at line 1 column 20
07-05 12:52:49.172   545   548 D dalvikvm: GC_CONCURRENT freed 434K, 11% free 10480K/11719K, paused 2ms+3ms
07-05 12:52:49.359   545   548 D dalvikvm: GC_CONCURRENT freed 437K, 11% free 10438K/11719K, paused 2ms+2ms
07-05 12:52:49.418   545 25343 I DownloadManager: Initiating request for download 2983
07-05 12:52:49.488   545   548 D dalvikvm: GC_CONCURRENT freed 234K, 10% free 10663K/11719K, paused 2ms+3ms
07-05 12:52:49.582   545   548 D dalvikvm: GC_CONCURRENT freed 304K, 8% free 10841K/11719K, paused 2ms+3ms
07-05 12:52:50.984   545   548 D dalvikvm: GC_CONCURRENT freed 861K, 11% free 10462K/11719K, paused 2ms+2ms
07-05 12:52:51.168   545   548 D dalvikvm: GC_CONCURRENT freed 405K, 11% free 10447K/11719K, paused 2ms+3ms
07-05 12:52:51.379   545   548 D dalvikvm: GC_CONCURRENT freed 374K, 11% free 10473K/11719K, paused 2ms+3ms
07-05 12:52:51.394   545 25347 I DownloadManager: Initiating request for download 2984
07-05 12:52:51.508   545   548 D dalvikvm: GC_CONCURRENT freed 204K, 9% free 10728K/11719K, paused 2ms+3ms
07-05 12:52:51.613   545   548 D dalvikvm: GC_CONCURRENT freed 456K, 9% free 10745K/11719K, paused 2ms+2ms
07-05 12:52:51.769  1370 25349 E DictionaryProvider:UpdateHandler: Can't read a file : android.util.MalformedJsonException: Use JsonReader.setLenient(true) to accept malformed JSON at line 1 column 20
07-05 12:52:51.875   545   548 D dalvikvm: GC_CONCURRENT freed 732K, 11% free 10469K/11719K, paused 2ms+2ms
07-05 12:52:51.890   465 25350 D dalvikvm: GC_EXPLICIT freed 407K, 6% free 10514K/11079K, paused 1ms+4ms
07-05 12:52:52.066   545   548 D dalvikvm: GC_CONCURRENT freed 422K, 11% free 10442K/11719K, paused 1ms+3ms
07-05 12:52:52.175   545 25352 I DownloadManager: Initiating request for download 2984
07-05 12:52:52.265   545   548 D dalvikvm: GC_CONCURRENT freed 271K, 10% free 10629K/11719K, paused 2ms+3ms
07-05 12:52:52.363   545   548 D dalvikvm: GC_CONCURRENT freed 332K, 8% free 10793K/11719K, paused 2ms+3ms
07-05 12:52:52.508   545   548 D dalvikvm: GC_CONCURRENT freed 768K, 11% free 10501K/11719K, paused 2ms+2ms
07-05 12:52:52.718   545   548 D dalvikvm: GC_CONCURRENT freed 433K, 11% free 10459K/11719K, paused 2ms+3ms
07-05 12:52:52.914   545   548 D dalvikvm: GC_CONCURRENT freed 409K, 11% free 10438K/11719K, paused 1ms+2ms
07-05 12:52:52.972   545 25355 I DownloadManager: Initiating request for download 2985
07-05 12:52:53.082   545   548 D dalvikvm: GC_CONCURRENT freed 201K, 9% free 10701K/11719K, paused 2ms+3ms
07-05 12:52:53.175   545   548 D dalvikvm: GC_CONCURRENT freed 318K, 8% free 10864K/11719K, paused 2ms+3ms
07-05 12:52:53.351  1370 25357 E DictionaryProvider:UpdateHandler: Can't read a file : android.util.MalformedJsonException: Use JsonReader.setLenient(true) to accept malformed JSON at line 1 column 20
07-05 12:52:53.433   545   548 D dalvikvm: GC_CONCURRENT freed 884K, 11% free 10473K/11719K, paused 2ms+2ms
07-05 12:52:53.613   545   548 D dalvikvm: GC_CONCURRENT freed 423K, 11% free 10445K/11719K, paused 1ms+3ms
07-05 12:52:53.718   545 25360 I DownloadManager: Initiating request for download 2985
07-05 12:52:53.804   545   548 D dalvikvm: GC_CONCURRENT freed 296K, 10% free 10606K/11719K, paused 2ms+3ms
07-05 12:52:53.902   545   548 D dalvikvm: GC_CONCURRENT freed 305K, 8% free 10791K/11719K, paused 1ms+3ms
07-05 12:52:54.062   545   548 D dalvikvm: GC_CONCURRENT freed 764K, 11% free 10507K/11719K, paused 2ms+3ms
07-05 12:52:54.265   545   548 D dalvikvm: GC_CONCURRENT freed 443K, 11% free 10459K/11719K, paused 2ms+3ms
07-05 12:52:54.453   545   548 D dalvikvm: GC_CONCURRENT freed 414K, 11% free 10440K/11719K, paused 1ms+2ms
07-05 12:52:54.535   545 25363 I DownloadManager: Initiating request for download 2986
07-05 12:52:54.629   545   548 D dalvikvm: GC_CONCURRENT freed 213K, 9% free 10685K/11719K, paused 2ms+2ms
07-05 12:52:54.738   545   548 D dalvikvm: GC_CONCURRENT freed 303K, 8% free 10855K/11719K, paused 1ms+3ms
07-05 12:52:54.941  1370 25365 E DictionaryProvider:UpdateHandler: Can't read a file : android.util.MalformedJsonException: Use JsonReader.setLenient(true) to accept malformed JSON at line 1 column 20
07-05 12:52:54.976   545   548 D dalvikvm: GC_CONCURRENT freed 892K, 11% free 10483K/11719K, paused 2ms+3ms
07-05 12:52:55.172  1370  1372 D dalvikvm: GC_CONCURRENT freed 386K, 7% free 9128K/9735K, paused 2ms+2ms
07-05 12:52:55.191   545   548 D dalvikvm: GC_CONCURRENT freed 433K, 11% free 10452K/11719K, paused 1ms+3ms
07-05 12:52:55.312   545 25368 I DownloadManager: Initiating request for download 2986
07-05 12:52:55.367   545   548 D dalvikvm: GC_CONCURRENT freed 324K, 11% free 10517K/11719K, paused 2ms+3ms
07-05 12:52:55.465   545   548 D dalvikvm: GC_CONCURRENT freed 223K, 9% free 10752K/11719K, paused 2ms+2ms
07-05 12:52:55.586   545   548 D dalvikvm: GC_CONCURRENT freed 480K, 9% free 10754K/11719K, paused 1ms+2ms
07-05 12:52:55.816   545   548 D dalvikvm: GC_CONCURRENT freed 752K, 11% free 10463K/11719K, paused 1ms+2ms
07-05 12:52:55.996   545   548 D dalvikvm: GC_CONCURRENT freed 413K, 11% free 10445K/11719K, paused 2ms+3ms
07-05 12:52:56.097   545 25371 I DownloadManager: Initiating request for download 2987
07-05 12:52:56.195   545   548 D dalvikvm: GC_CONCURRENT freed 235K, 9% free 10665K/11719K, paused 2ms+3ms
07-05 12:52:56.304   545   548 D dalvikvm: GC_CONCURRENT freed 333K, 8% free 10899K/11719K, paused 2ms+3ms
07-05 12:52:56.539  1370 25373 E DictionaryProvider:UpdateHandler: Can't read a file : android.util.MalformedJsonException: Use JsonReader.setLenient(true) to accept malformed JSON at line 1 column 20
07-05 12:52:56.558   545   548 D dalvikvm: GC_CONCURRENT freed 941K, 11% free 10489K/11719K, paused 1ms+2ms
07-05 12:52:56.754   545   548 D dalvikvm: GC_CONCURRENT freed 422K, 11% free 10454K/11719K, paused 2ms+2ms
07-05 12:52:56.933   545 25376 D dalvikvm: GC_EXPLICIT freed 273K, 11% free 10498K/11719K, paused 2ms+7ms
07-05 12:52:56.937   545 25376 I DownloadManager: Initiating request for download 2987
07-05 12:52:57.043   545   548 D dalvikvm: GC_CONCURRENT freed 215K, 9% free 10753K/11719K, paused 2ms+4ms
07-05 12:52:57.156   545   548 D dalvikvm: GC_CONCURRENT freed 468K, 9% free 10766K/11719K, paused 1ms+2ms
07-05 12:52:57.383   545   548 D dalvikvm: GC_CONCURRENT freed 764K, 11% free 10467K/11719K, paused 2ms+2ms
07-05 12:52:57.558   545   548 D dalvikvm: GC_CONCURRENT freed 414K, 11% free 10448K/11719K, paused 2ms+2ms
07-05 12:52:57.672   545 25379 I DownloadManager: Initiating request for download 2988
07-05 12:52:57.765   545   548 D dalvikvm: GC_CONCURRENT freed 249K, 10% free 10653K/11719K, paused 3ms+3ms
07-05 12:52:57.875   545   548 D dalvikvm: GC_CONCURRENT freed 329K, 7% free 10910K/11719K, paused 2ms+3ms
07-05 12:52:58.066  1370 25381 E DictionaryProvider:UpdateHandler: Can't read a file : android.util.MalformedJsonException: Use JsonReader.setLenient(true) to accept malformed JSON at line 1 column 20
07-05 12:52:58.105   545   548 D dalvikvm: GC_CONCURRENT freed 941K, 11% free 10488K/11719K, paused 2ms+2ms
07-05 12:52:58.300   545   548 D dalvikvm: GC_CONCURRENT freed 428K, 11% free 10456K/11719K, paused 2ms+2ms
07-05 12:52:58.414   545 25384 I DownloadManager: Initiating request for download 2988
07-05 12:52:58.484   545   548 D dalvikvm: GC_CONCURRENT freed 315K, 10% free 10600K/11719K, paused 2ms+3ms
07-05 12:52:58.578   545   548 D dalvikvm: GC_CONCURRENT freed 313K, 8% free 10812K/11719K, paused 2ms+3ms
07-05 12:52:58.738   545   548 D dalvikvm: GC_CONCURRENT freed 784K, 11% free 10512K/11719K, paused 2ms+2ms
07-05 12:52:58.933   545   548 D dalvikvm: GC_CONCURRENT freed 434K, 11% free 10466K/11719K, paused 2ms+3ms
07-05 12:52:59.113   545   548 D dalvikvm: GC_CONCURRENT freed 405K, 11% free 10448K/11719K, paused 2ms+2ms
07-05 12:52:59.203   545 25387 I DownloadManager: Initiating request for download 2989
07-05 12:52:59.300   545   548 D dalvikvm: GC_CONCURRENT freed 209K, 9% free 10694K/11719K, paused 2ms+3ms
07-05 12:52:59.406   545   548 D dalvikvm: GC_CONCURRENT freed 344K, 8% free 10866K/11719K, paused 2ms+3ms
07-05 12:52:59.582  1370 25389 E DictionaryProvider:UpdateHandler: Can't read a file : android.util.MalformedJsonException: Use JsonReader.setLenient(true) to accept malformed JSON at line 1 column 20
07-05 12:52:59.648   545   548 D dalvikvm: GC_CONCURRENT freed 877K, 11% free 10485K/11719K, paused 2ms+2ms
07-05 12:52:59.840   545   548 D dalvikvm: GC_CONCURRENT freed 424K, 11% free 10456K/11719K, paused 1ms+2ms
07-05 12:52:59.961   545 25392 I DownloadManager: Initiating request for download 2989
07-05 12:53:00.062   545   548 D dalvikvm: GC_CONCURRENT freed 310K, 10% free 10604K/11719K, paused 2ms+2ms
07-05 12:53:00.164   545   548 D dalvikvm: GC_CONCURRENT freed 295K, 8% free 10798K/11719K, paused 1ms+3ms
07-05 12:53:00.293   545   548 D dalvikvm: GC_CONCURRENT freed 748K, 11% free 10517K/11719K, paused 2ms+3ms
07-05 12:53:00.500   545   548 D dalvikvm: GC_CONCURRENT freed 442K, 11% free 10471K/11719K, paused 2ms+2ms
07-05 12:53:00.687   545   548 D dalvikvm: GC_CONCURRENT freed 414K, 11% free 10452K/11719K, paused 1ms+2ms
07-05 12:53:00.769   545 25395 I DownloadManager: Initiating request for download 2990
07-05 12:53:00.871   545   548 D dalvikvm: GC_CONCURRENT freed 234K, 9% free 10729K/11719K, paused 3ms+3ms
07-05 12:53:00.976   545   548 D dalvikvm: GC_CONCURRENT freed 349K, 8% free 10869K/11719K, paused 2ms+3ms
07-05 12:53:01.144  1370 25397 E DictionaryProvider:UpdateHandler: Can't read a file : android.util.MalformedJsonException: Use JsonReader.setLenient(true) to accept malformed JSON at line 1 column 20
07-05 12:53:01.234  1370  1372 D dalvikvm: GC_CONCURRENT freed 394K, 7% free 9125K/9735K, paused 2ms+2ms
07-05 12:53:01.250   545   548 D dalvikvm: GC_CONCURRENT freed 873K, 11% free 10490K/11719K, paused 2ms+5ms
07-05 12:53:01.429   545   548 D dalvikvm: GC_CONCURRENT freed 425K, 11% free 10461K/11719K, paused 2ms+2ms
07-05 12:53:01.550   545 25400 I DownloadManager: Initiating request for download 2990
07-05 12:53:01.609   545   548 D dalvikvm: GC_CONCURRENT freed 330K, 11% free 10527K/11719K, paused 1ms+2ms
07-05 12:53:01.711   545   548 D dalvikvm: GC_CONCURRENT freed 242K, 9% free 10777K/11719K, paused 2ms+4ms
07-05 12:53:01.836   545   548 D dalvikvm: GC_CONCURRENT freed 494K, 9% free 10767K/11719K, paused 2ms+2ms
07-05 12:53:02.070   545   548 D dalvikvm: GC_CONCURRENT freed 759K, 11% free 10472K/11719K, paused 2ms+2ms
07-05 12:53:02.254   545   548 D dalvikvm: GC_CONCURRENT freed 413K, 11% free 10454K/11719K, paused 2ms+2ms
07-05 12:53:02.355   545 25403 I DownloadManager: Initiating request for download 2991
07-05 12:53:02.465   545   548 D dalvikvm: GC_CONCURRENT freed 226K, 9% free 10686K/11719K, paused 2ms+3ms
07-05 12:53:02.566   545   548 D dalvikvm: GC_CONCURRENT freed 353K, 8% free 10851K/11719K, paused 2ms+3ms
07-05 12:53:02.769   545   548 D dalvikvm: GC_CONCURRENT freed 823K, 11% free 10522K/11719K, paused 2ms+3ms
07-05 12:53:02.828  1370 25405 E DictionaryProvider:UpdateHandler: Can't read a file : android.util.MalformedJsonException: Use JsonReader.setLenient(true) to accept malformed JSON at line 1 column 20
07-05 12:53:02.988   545   548 D dalvikvm: GC_CONCURRENT freed 439K, 11% free 10478K/11719K, paused 2ms+2ms
07-05 12:53:03.121   545 25407 I DownloadManager: Initiating request for download 2991
07-05 12:53:03.168   545   548 D dalvikvm: GC_CONCURRENT freed 364K, 11% free 10525K/11719K, paused 2ms+2ms
07-05 12:53:03.285   545   548 D dalvikvm: GC_CONCURRENT freed 204K, 9% free 10749K/11719K, paused 1ms+2ms
07-05 12:53:03.406   545   548 D dalvikvm: GC_CONCURRENT freed 459K, 9% free 10771K/11719K, paused 2ms+2ms
07-05 12:53:03.605   156   576 D dalvikvm: GC_EXPLICIT freed 508K, 13% free 14083K/16007K, paused 2ms+5ms
07-05 12:53:03.707   545   548 D dalvikvm: GC_CONCURRENT freed 759K, 11% free 10478K/11719K, paused 2ms+3ms
07-05 12:53:03.875   545   548 D dalvikvm: GC_CONCURRENT freed 428K, 11% free 10445K/11719K, paused 1ms+2ms
07-05 12:53:03.992   545 25411 I DownloadManager: Initiating request for download 2992
07-05 12:53:04.086   545   548 D dalvikvm: GC_CONCURRENT freed 260K, 10% free 10643K/11719K, paused 1ms+3ms
07-05 12:53:04.187   545   548 D dalvikvm: GC_CONCURRENT freed 332K, 8% free 10813K/11719K, paused 2ms+3ms
07-05 12:53:04.359   545   548 D dalvikvm: GC_CONCURRENT freed 789K, 11% free 10509K/11719K, paused 2ms+2ms
07-05 12:53:04.437  1370 25413 E DictionaryProvider:UpdateHandler: Can't read a file : android.util.MalformedJsonException: Use JsonReader.setLenient(true) to accept malformed JSON at line 1 column 20
07-05 12:53:04.601   545   548 D dalvikvm: GC_CONCURRENT freed 438K, 11% free 10475K/11719K, paused 1ms+2ms
07-05 12:53:04.793   545   548 D dalvikvm: GC_CONCURRENT freed 428K, 11% free 10441K/11719K, paused 2ms+2ms
07-05 12:53:04.824   545 25416 I DownloadManager: Initiating request for download 2992
07-05 12:53:04.925   545   548 D dalvikvm: GC_CONCURRENT freed 187K, 9% free 10711K/11719K, paused 1ms+3ms
07-05 12:53:05.031   545   548 D dalvikvm: GC_CONCURRENT freed 318K, 8% free 10865K/11719K, paused 2ms+3ms
07-05 12:53:05.269   545   548 D dalvikvm: GC_CONCURRENT freed 894K, 11% free 10482K/11719K, paused 2ms+10ms
07-05 12:53:05.453   545   548 D dalvikvm: GC_CONCURRENT freed 429K, 11% free 10448K/11719K, paused 2ms+2ms
07-05 12:53:05.601   545 25419 I DownloadManager: Initiating request for download 2993
07-05 12:53:05.683   545   548 D dalvikvm: GC_CONCURRENT freed 275K, 10% free 10616K/11719K, paused 2ms+3ms
07-05 12:53:05.785   545   548 D dalvikvm: GC_CONCURRENT freed 306K, 8% free 10801K/11719K, paused 1ms+3ms
07-05 12:53:05.933   545   548 D dalvikvm: GC_CONCURRENT freed 763K, 11% free 10513K/11719K, paused 2ms+2ms
07-05 12:53:06.035  1370 25421 E DictionaryProvider:UpdateHandler: Can't read a file : android.util.MalformedJsonException: Use JsonReader.setLenient(true) to accept malformed JSON at line 1 column 20
07-05 12:53:06.168   545   548 D dalvikvm: GC_CONCURRENT freed 427K, 11% free 10474K/11719K, paused 2ms+2ms
07-05 12:53:06.351   545   548 D dalvikvm: GC_CONCURRENT freed 421K, 11% free 10448K/11719K, paused 2ms+2ms
07-05 12:53:06.422   545 25424 I DownloadManager: Initiating request for download 2993
07-05 12:53:06.508   545   548 D dalvikvm: GC_CONCURRENT freed 229K, 9% free 10672K/11719K, paused 2ms+3ms
07-05 12:53:06.609   545   548 D dalvikvm: GC_CONCURRENT freed 331K, 8% free 10852K/11719K, paused 2ms+3ms
07-05 12:53:06.800   545   548 D dalvikvm: GC_CONCURRENT freed 871K, 11% free 10475K/11719K, paused 2ms+2ms
07-05 12:53:06.996   545   548 D dalvikvm: GC_CONCURRENT freed 401K, 11% free 10462K/11719K, paused 2ms+2ms
07-05 12:53:08.472   545 25427 I DownloadManager: Initiating request for download 2994
07-05 12:53:08.570   545   548 D dalvikvm: GC_CONCURRENT freed 377K, 10% free 10567K/11719K, paused 2ms+3ms
07-05 12:53:08.672   545   548 D dalvikvm: GC_CONCURRENT freed 248K, 9% free 10774K/11719K, paused 2ms+3ms
07-05 12:53:08.808   545   548 D dalvikvm: GC_CONCURRENT freed 726K, 11% free 10519K/11719K, paused 1ms+3ms
07-05 12:53:08.992   545   548 D dalvikvm: GC_CONCURRENT freed 400K, 11% free 10506K/11719K, paused 2ms+2ms
07-05 12:53:09.175   545   548 D dalvikvm: GC_CONCURRENT freed 404K, 11% free 10494K/11719K, paused 2ms+2ms
07-05 12:53:09.652  1370 25430 E DictionaryProvider:UpdateHandler: Can't read a file : android.util.MalformedJsonException: Use JsonReader.setLenient(true) to accept malformed JSON at line 1 column 20
07-05 12:53:09.742  1370  1372 D dalvikvm: GC_CONCURRENT freed 387K, 7% free 9126K/9735K, paused 2ms+2ms
07-05 12:53:09.761   545   548 D dalvikvm: GC_CONCURRENT freed 392K, 11% free 10504K/11719K, paused 2ms+2ms
07-05 12:53:09.929   545   548 D dalvikvm: GC_CONCURRENT freed 433K, 11% free 10463K/11719K, paused 2ms+2ms
07-05 12:53:10.113   545   548 D dalvikvm: GC_CONCURRENT freed 406K, 11% free 10450K/11719K, paused 2ms+3ms
07-05 12:53:10.191   545 25433 I DownloadManager: Initiating request for download 2994
07-05 12:53:10.195   545 25433 W DownloadManager: Aborting request for download 2994: Trying to resume a download that can't be resumed
07-05 12:53:10.375   545   548 D dalvikvm: GC_CONCURRENT freed 362K, 11% free 10483K/11719K, paused 2ms+3ms
07-05 12:53:10.578   545   548 D dalvikvm: GC_CONCURRENT freed 413K, 11% free 10462K/11719K, paused 2ms+2ms
07-05 12:53:10.761   545   548 D dalvikvm: GC_CONCURRENT freed 403K, 11% free 10448K/11719K, paused 1ms+2ms
07-05 12:53:10.851   545 25436 I DownloadManager: Initiating request for download 2995
07-05 12:53:10.949   545   548 D dalvikvm: GC_CONCURRENT freed 204K, 9% free 10688K/11719K, paused 2ms+3ms
07-05 12:53:11.047   545   548 D dalvikvm: GC_CONCURRENT freed 312K, 8% free 10851K/11719K, paused 2ms+3ms
07-05 12:53:11.250   545   548 D dalvikvm: GC_CONCURRENT freed 867K, 11% free 10480K/11719K, paused 2ms+2ms
07-05 12:53:11.289  1370 25438 E DictionaryProvider:UpdateHandler: Can't read a file : android.util.MalformedJsonException: Use JsonReader.setLenient(true) to accept malformed JSON at line 1 column 20
07-05 12:53:11.472   545   548 D dalvikvm: GC_CONCURRENT freed 408K, 11% free 10467K/11719K, paused 2ms+3ms
07-05 12:53:11.617   545 25441 I DownloadManager: Initiating request for download 2995
07-05 12:53:11.648   545   548 D dalvikvm: GC_CONCURRENT freed 390K, 11% free 10495K/11719K, paused 2ms+2ms
07-05 12:53:11.781   545   548 D dalvikvm: GC_CONCURRENT freed 205K, 9% free 10749K/11719K, paused 2ms+3ms
07-05 12:53:11.890   545   548 D dalvikvm: GC_CONCURRENT freed 462K, 9% free 10767K/11719K, paused 1ms+2ms
07-05 12:53:12.105   545   548 D dalvikvm: GC_CONCURRENT freed 758K, 11% free 10475K/11719K, paused 2ms+2ms
07-05 12:53:12.285   545   548 D dalvikvm: GC_CONCURRENT freed 414K, 11% free 10456K/11719K, paused 2ms+2ms
07-05 12:53:12.406   545 25444 I DownloadManager: Initiating request for download 2996
07-05 12:53:12.496   545   548 D dalvikvm: GC_CONCURRENT freed 260K, 10% free 10655K/11719K, paused 1ms+2ms
07-05 12:53:12.601   545   548 D dalvikvm: GC_CONCURRENT freed 331K, 8% free 10829K/11719K, paused 2ms+3ms
07-05 12:53:12.777   545   548 D dalvikvm: GC_CONCURRENT freed 790K, 11% free 10523K/11719K, paused 1ms+2ms
07-05 12:53:12.836  1370 25446 E DictionaryProvider:UpdateHandler: Can't read a file : android.util.MalformedJsonException: Use JsonReader.setLenient(true) to accept malformed JSON at line 1 column 20
07-05 12:53:13.008   545   548 D dalvikvm: GC_CONCURRENT freed 432K, 11% free 10479K/11719K, paused 2ms+3ms
07-05 12:53:13.203   545   548 D dalvikvm: GC_CONCURRENT freed 421K, 11% free 10463K/11719K, paused 1ms+2ms
07-05 12:53:13.238   545 25449 I DownloadManager: Initiating request for download 2996
07-05 12:53:13.343   545   548 D dalvikvm: GC_CONCURRENT freed 203K, 9% free 10717K/11719K, paused 2ms+3ms
07-05 12:53:13.445   545   548 D dalvikvm: GC_CONCURRENT freed 334K, 8% free 10877K/11719K, paused 2ms+4ms
07-05 12:53:13.660   545   548 D dalvikvm: GC_CONCURRENT freed 861K, 11% free 10511K/11719K, paused 2ms+3ms
07-05 12:53:13.855   545   548 D dalvikvm: GC_CONCURRENT freed 408K, 11% free 10510K/11719K, paused 2ms+2ms
07-05 12:53:14.929   545 25451 I DownloadManager: Initiating request for download 2997
07-05 12:53:15.027   545   548 D dalvikvm: GC_CONCURRENT freed 320K, 10% free 10603K/11719K, paused 2ms+2ms
07-05 12:53:15.140   545   548 D dalvikvm: GC_CONCURRENT freed 279K, 8% free 10865K/11719K, paused 2ms+3ms
07-05 12:53:15.312   545   548 D dalvikvm: GC_CONCURRENT freed 832K, 11% free 10525K/11719K, paused 2ms+3ms
07-05 12:53:15.414  1370 25454 E DictionaryProvider:UpdateHandler: Can't read a file : android.util.MalformedJsonException: Use JsonReader.setLenient(true) to accept malformed JSON at line 1 column 20
07-05 12:53:15.543   545   548 D dalvikvm: GC_CONCURRENT freed 438K, 11% free 10482K/11719K, paused 2ms+2ms
07-05 12:53:15.726   545   548 D dalvikvm: GC_CONCURRENT freed 419K, 11% free 10458K/11719K, paused 2ms+2ms
07-05 12:53:15.781   545 25457 I DownloadManager: Initiating request for download 2997
07-05 12:53:15.867   545   548 D dalvikvm: GC_CONCURRENT freed 216K, 9% free 10694K/11719K, paused 2ms+3ms
07-05 12:53:15.976   545   548 D dalvikvm: GC_CONCURRENT freed 320K, 8% free 10887K/11719K, paused 1ms+2ms
07-05 12:53:16.203   545   548 D dalvikvm: GC_CONCURRENT freed 908K, 11% free 10485K/11719K, paused 2ms+2ms
07-05 12:53:16.383   545   548 D dalvikvm: GC_CONCURRENT freed 415K, 11% free 10465K/11719K, paused 2ms+2ms
07-05 12:53:16.523   545 25460 I DownloadManager: Initiating request for download 2998
07-05 12:53:16.590   545   548 D dalvikvm: GC_CONCURRENT freed 326K, 11% free 10537K/11719K, paused 2ms+2ms
07-05 12:53:16.691   545   548 D dalvikvm: GC_CONCURRENT freed 219K, 9% free 10771K/11719K, paused 2ms+3ms
07-05 12:53:16.804   545   548 D dalvikvm: GC_CONCURRENT freed 474K, 8% free 10785K/11719K, paused 1ms+2ms
07-05 12:53:16.953  1370 25462 E DictionaryProvider:UpdateHandler: Can't read a file : android.util.MalformedJsonException: Use JsonReader.setLenient(true) to accept malformed JSON at line 1 column 20
07-05 12:53:17.027  1370  1372 D dalvikvm: GC_CONCURRENT freed 363K, 7% free 9151K/9735K, paused 2ms+2ms
07-05 12:53:17.078   545   548 D dalvikvm: GC_CONCURRENT freed 762K, 11% free 10493K/11719K, paused 1ms+2ms
07-05 12:53:17.258   545   548 D dalvikvm: GC_CONCURRENT freed 415K, 11% free 10465K/11719K, paused 2ms+2ms
07-05 12:53:17.347   545 25465 I DownloadManager: Initiating request for download 2998
07-05 12:53:17.441   545   548 D dalvikvm: GC_CONCURRENT freed 258K, 9% free 10744K/11719K, paused 1ms+3ms
07-05 12:53:17.550   545   548 D dalvikvm: GC_CONCURRENT freed 410K, 8% free 10870K/11719K, paused 2ms+3ms
07-05 12:53:17.773   545   548 D dalvikvm: GC_CONCURRENT freed 874K, 11% free 10490K/11719K, paused 2ms+2ms
07-05 12:53:17.972   545   548 D dalvikvm: GC_CONCURRENT freed 415K, 11% free 10481K/11719K, paused 2ms+2ms
07-05 12:53:18.117   545 25468 I DownloadManager: Initiating request for download 2999
07-05 12:53:18.172   545   548 D dalvikvm: GC_CONCURRENT freed 330K, 11% free 10539K/11719K, paused 2ms+3ms
07-05 12:53:18.277   545   548 D dalvikvm: GC_CONCURRENT freed 223K, 9% free 10776K/11719K, paused 2ms+2ms
07-05 12:53:18.398   545   548 D dalvikvm: GC_CONCURRENT freed 486K, 9% free 10780K/11719K, paused 1ms+2ms
07-05 12:53:18.550  1370 25470 E DictionaryProvider:UpdateHandler: Can't read a file : android.util.MalformedJsonException: Use JsonReader.setLenient(true) to accept malformed JSON at line 1 column 20
07-05 12:53:18.621  1370  6706 D dalvikvm: GC_EXPLICIT freed 154K, 7% free 9096K/9735K, paused 1ms+2ms
07-05 12:53:18.672   545   548 D dalvikvm: GC_CONCURRENT freed 759K, 11% free 10490K/11719K, paused 1ms+2ms
07-05 12:53:18.855   545   548 D dalvikvm: GC_CONCURRENT freed 412K, 11% free 10467K/11719K, paused 1ms+2ms
07-05 12:53:18.937   545 25473 I DownloadManager: Initiating request for download 2999
07-05 12:53:19.019   545   548 D dalvikvm: GC_CONCURRENT freed 260K, 9% free 10677K/11719K, paused 2ms+3ms
07-05 12:53:19.129   545   548 D dalvikvm: GC_CONCURRENT freed 325K, 8% free 10874K/11719K, paused 2ms+3ms
07-05 12:53:19.328   545   548 D dalvikvm: GC_CONCURRENT freed 882K, 11% free 10494K/11719K, paused 2ms+2ms
07-05 12:53:19.508   545   548 D dalvikvm: GC_CONCURRENT freed 410K, 11% free 10479K/11719K, paused 2ms+2ms
07-05 12:53:20.386   545 25476 I DownloadManager: Initiating request for download 3000
07-05 12:53:20.453   545   548 D dalvikvm: GC_CONCURRENT freed 397K, 11% free 10501K/11719K, paused 4ms+3ms
07-05 12:53:20.570   545   548 D dalvikvm: GC_CONCURRENT freed 201K, 9% free 10760K/11719K, paused 2ms+3ms
07-05 12:53:20.691   545   548 D dalvikvm: GC_CONCURRENT freed 462K, 8% free 10793K/11719K, paused 2ms+2ms
07-05 12:53:20.875   156   156 D dalvikvm: GC_EXPLICIT freed 505K, 13% free 14086K/16007K, paused 3ms+5ms
07-05 12:53:20.925  1370 25478 E DictionaryProvider:UpdateHandler: Can't read a file : android.util.MalformedJsonException: Use JsonReader.setLenient(true) to accept malformed JSON at line 1 column 20
07-05 12:53:21.008   545   548 D dalvikvm: GC_CONCURRENT freed 764K, 11% free 10498K/11719K, paused 2ms+4ms
07-05 12:53:21.187   545   548 D dalvikvm: GC_CONCURRENT freed 429K, 11% free 10456K/11719K, paused 2ms+2ms
07-05 12:53:21.281   545 25481 I DownloadManager: Initiating request for download 3000
07-05 12:53:21.375   545   548 D dalvikvm: GC_CONCURRENT freed 272K, 10% free 10642K/11719K, paused 2ms+2ms
07-05 12:53:21.476   545   548 D dalvikvm: GC_CONCURRENT freed 321K, 8% free 10824K/11719K, paused 2ms+4ms
07-05 12:53:21.644   545   548 D dalvikvm: GC_CONCURRENT freed 798K, 11% free 10520K/11719K, paused 2ms+2ms
07-05 12:53:21.847   545   548 D dalvikvm: GC_CONCURRENT freed 445K, 11% free 10470K/11719K, paused 2ms+2ms
07-05 12:53:22.031   545   548 D dalvikvm: GC_CONCURRENT freed 415K, 11% free 10450K/11719K, paused 2ms+2ms
07-05 12:53:22.195   545 25484 D dalvikvm: GC_EXPLICIT freed 68K, 11% free 10491K/11719K, paused 3ms+6ms
07-05 12:53:22.199   545 25484 I DownloadManager: Initiating request for download 3001
07-05 12:53:22.308   545   548 D dalvikvm: GC_CONCURRENT freed 217K, 9% free 10748K/11719K, paused 2ms+4ms
07-05 12:53:22.422   545   548 D dalvikvm: GC_CONCURRENT freed 459K, 9% free 10769K/11719K, paused 1ms+2ms
07-05 12:53:22.593  1370 25486 E DictionaryProvider:UpdateHandler: Can't read a file : android.util.MalformedJsonException: Use JsonReader.setLenient(true) to accept malformed JSON at line 1 column 20
07-05 12:53:22.672   545   548 D dalvikvm: GC_CONCURRENT freed 750K, 11% free 10484K/11719K, paused 2ms+3ms
07-05 12:53:22.867   545   548 D dalvikvm: GC_CONCURRENT freed 415K, 11% free 10456K/11719K, paused 2ms+2ms
07-05 12:53:22.976   545 25489 I DownloadManager: Initiating request for download 3001
07-05 12:53:23.043   545   548 D dalvikvm: GC_CONCURRENT freed 261K, 10% free 10629K/11719K, paused 1ms+5ms
07-05 12:53:23.144   545   548 D dalvikvm: GC_CONCURRENT freed 294K, 8% free 10807K/11719K, paused 2ms+2ms
07-05 12:53:23.285   545   548 D dalvikvm: GC_CONCURRENT freed 768K, 11% free 10522K/11719K, paused 2ms+2ms
07-05 12:53:23.504   545   548 D dalvikvm: GC_CONCURRENT freed 441K, 11% free 10487K/11719K, paused 1ms+2ms
07-05 12:53:23.687   545   548 D dalvikvm: GC_CONCURRENT freed 428K, 11% free 10454K/11719K, paused 2ms+2ms
07-05 12:53:23.777   545 25492 I DownloadManager: Initiating request for download 3002
07-05 12:53:23.875   545   548 D dalvikvm: GC_CONCURRENT freed 225K, 9% free 10688K/11719K, paused 2ms+3ms
07-05 12:53:23.980   545   548 D dalvikvm: GC_CONCURRENT freed 335K, 8% free 10869K/11719K, paused 1ms+2ms
07-05 12:53:24.203  1370 25494 E DictionaryProvider:UpdateHandler: Can't read a file : android.util.MalformedJsonException: Use JsonReader.setLenient(true) to accept malformed JSON at line 1 column 20
07-05 12:53:24.222   545   548 D dalvikvm: GC_CONCURRENT freed 894K, 11% free 10507K/11719K, paused 2ms+2ms
07-05 12:53:24.418   545   548 D dalvikvm: GC_CONCURRENT freed 435K, 11% free 10467K/11719K, paused 2ms+4ms
07-05 12:53:24.554   545 25497 I DownloadManager: Initiating request for download 3002
07-05 12:53:24.605   545   548 D dalvikvm: GC_CONCURRENT freed 348K, 11% free 10531K/11719K, paused 2ms+7ms
07-05 12:53:24.707   545   548 D dalvikvm: GC_CONCURRENT freed 221K, 9% free 10769K/11719K, paused 1ms+3ms
07-05 12:53:24.836   545   548 D dalvikvm: GC_CONCURRENT freed 480K, 9% free 10776K/11719K, paused 2ms+3ms
07-05 12:53:25.058   545   548 D dalvikvm: GC_CONCURRENT freed 762K, 11% free 10483K/11719K, paused 2ms+2ms
07-05 12:53:25.230   545   548 D dalvikvm: GC_CONCURRENT freed 417K, 11% free 10459K/11719K, paused 1ms+2ms
07-05 12:53:25.355   545 25500 I DownloadManager: Initiating request for download 3003
07-05 12:53:25.449   545   548 D dalvikvm: GC_CONCURRENT freed 247K, 9% free 10670K/11719K, paused 2ms+3ms
07-05 12:53:25.554   545   548 D dalvikvm: GC_CONCURRENT freed 338K, 8% free 10843K/11719K, paused 2ms+3ms
07-05 12:53:25.718   545   548 D dalvikvm: GC_CONCURRENT freed 817K, 11% free 10523K/11719K, paused 2ms+2ms
07-05 12:53:25.785  1370 25502 E DictionaryProvider:UpdateHandler: Can't read a file : android.util.MalformedJsonException: Use JsonReader.setLenient(true) to accept malformed JSON at line 1 column 20
07-05 12:53:25.941   545   548 D dalvikvm: GC_CONCURRENT freed 434K, 11% free 10485K/11719K, paused 2ms+2ms
07-05 12:53:26.117   545   548 D dalvikvm: GC_CONCURRENT freed 418K, 11% free 10461K/11719K, paused 2ms+2ms
07-05 12:53:26.164  1370  1372 D dalvikvm: GC_CONCURRENT freed 358K, 7% free 9127K/9735K, paused 1ms+2ms
07-05 12:53:26.164   545 25504 I DownloadManager: Initiating request for download 3003
07-05 12:53:26.269   545   548 D dalvikvm: GC_CONCURRENT freed 188K, 9% free 10732K/11719K, paused 2ms+2ms
07-05 12:53:26.383   545   548 D dalvikvm: GC_CONCURRENT freed 427K, 9% free 10780K/11719K, paused 2ms+2ms
07-05 12:53:26.586   545   548 D dalvikvm: GC_CONCURRENT freed 768K, 11% free 10487K/11719K, paused 2ms+2ms
07-05 12:53:26.785   545   548 D dalvikvm: GC_CONCURRENT freed 407K, 11% free 10471K/11719K, paused 2ms+3ms
07-05 12:53:26.937   545 25508 I DownloadManager: Initiating request for download 3004
07-05 12:53:27.011   545   548 D dalvikvm: GC_CONCURRENT freed 335K, 11% free 10536K/11719K, paused 2ms+2ms
07-05 12:53:27.117   545   548 D dalvikvm: GC_CONCURRENT freed 225K, 9% free 10765K/11719K, paused 2ms+3ms
07-05 12:53:27.226   545   548 D dalvikvm: GC_CONCURRENT freed 456K, 9% free 10782K/11719K, paused 1ms+2ms
07-05 12:53:27.410  1370 25510 E DictionaryProvider:UpdateHandler: Can't read a file : android.util.MalformedJsonException: Use JsonReader.setLenient(true) to accept malformed JSON at line 1 column 20
07-05 12:53:27.496   545   548 D dalvikvm: GC_CONCURRENT freed 758K, 11% free 10495K/11719K, paused 2ms+2ms
07-05 12:53:27.679   545   548 D dalvikvm: GC_CONCURRENT freed 423K, 11% free 10466K/11719K, paused 2ms+2ms
07-05 12:53:27.769   545 25513 I DownloadManager: Initiating request for download 3004
07-05 12:53:27.851   545   548 D dalvikvm: GC_CONCURRENT freed 266K, 10% free 10659K/11719K, paused 2ms+3ms
07-05 12:53:27.961   545   548 D dalvikvm: GC_CONCURRENT freed 323K, 8% free 10845K/11719K, paused 1ms+4ms
07-05 12:53:28.136   545   548 D dalvikvm: GC_CONCURRENT freed 813K, 11% free 10525K/11719K, paused 1ms+3ms
07-05 12:53:28.347   545   548 D dalvikvm: GC_CONCURRENT freed 441K, 11% free 10480K/11719K, paused 2ms+2ms
07-05 12:53:28.531   545   548 D dalvikvm: GC_CONCURRENT freed 413K, 11% free 10461K/11719K, paused 2ms+2ms
07-05 12:53:28.601   545 25516 I DownloadManager: Initiating request for download 3005
07-05 12:53:28.703   545   548 D dalvikvm: GC_CONCURRENT freed 194K, 9% free 10728K/11719K, paused 2ms+3ms
07-05 12:53:28.808   545   548 D dalvikvm: GC_CONCURRENT freed 317K, 8% free 10897K/11719K, paused 2ms+3ms
07-05 12:53:28.988  1370 25518 E DictionaryProvider:UpdateHandler: Can't read a file : android.util.MalformedJsonException: Use JsonReader.setLenient(true) to accept malformed JSON at line 1 column 20
07-05 12:53:29.070   545   548 D dalvikvm: GC_CONCURRENT freed 903K, 11% free 10500K/11719K, paused 2ms+3ms
07-05 12:53:29.258   545   548 D dalvikvm: GC_CONCURRENT freed 414K, 11% free 10473K/11719K, paused 2ms+3ms
07-05 12:53:29.379   545 25521 I DownloadManager: Initiating request for download 3005
07-05 12:53:29.433   545   548 D dalvikvm: GC_CONCURRENT freed 341K, 11% free 10540K/11719K, paused 2ms+2ms
07-05 12:53:29.535   545   548 D dalvikvm: GC_CONCURRENT freed 221K, 9% free 10778K/11719K, paused 1ms+3ms
07-05 12:53:29.656   545   548 D dalvikvm: GC_CONCURRENT freed 484K, 8% free 10799K/11719K, paused 2ms+2ms
07-05 12:53:29.894   545   548 D dalvikvm: GC_CONCURRENT freed 789K, 11% free 10486K/11719K, paused 1ms+2ms
07-05 12:53:30.074   545   548 D dalvikvm: GC_CONCURRENT freed 415K, 11% free 10466K/11719K, paused 1ms+2ms
07-05 12:53:30.179   545 25524 I DownloadManager: Initiating request for download 3006
07-05 12:53:30.273   545   548 D dalvikvm: GC_CONCURRENT freed 218K, 9% free 10674K/11719K, paused 2ms+3ms
07-05 12:53:30.386   545   548 D dalvikvm: GC_CONCURRENT freed 301K, 8% free 10838K/11719K, paused 2ms+3ms
07-05 12:53:30.547   545   548 D dalvikvm: GC_CONCURRENT freed 789K, 11% free 10533K/11719K, paused 2ms+2ms
07-05 12:53:30.605  1370 25526 E DictionaryProvider:UpdateHandler: Can't read a file : android.util.MalformedJsonException: Use JsonReader.setLenient(true) to accept malformed JSON at line 1 column 20
07-05 12:53:30.754   545   548 D dalvikvm: GC_CONCURRENT freed 431K, 11% free 10497K/11719K, paused 2ms+3ms
07-05 12:53:30.929   545   548 D dalvikvm: GC_CONCURRENT freed 419K, 11% free 10472K/11719K, paused 2ms+3ms
07-05 12:53:30.976   545 25528 I DownloadManager: Initiating request for download 3006
07-05 12:53:31.062   545   548 D dalvikvm: GC_CONCURRENT freed 216K, 9% free 10714K/11719K, paused 2ms+4ms
07-05 12:53:31.144   545   548 D dalvikvm: GC_CONCURRENT freed 312K, 8% free 10897K/11719K, paused 3ms+3ms
07-05 12:53:31.976   465   467 D dalvikvm: GC_CONCURRENT freed 420K, 6% free 10525K/11079K, paused 2ms+3ms
07-05 12:53:32.199   545   548 D dalvikvm: GC_CONCURRENT freed 880K, 11% free 10526K/11719K, paused 2ms+2ms
07-05 12:53:32.386   545   548 D dalvikvm: GC_CONCURRENT freed 406K, 11% free 10515K/11719K, paused 2ms+2ms
07-05 12:53:32.789   545 25531 I DownloadManager: Initiating request for download 3007
07-05 12:53:32.871   545   548 D dalvikvm: GC_CONCURRENT freed 391K, 10% free 10551K/11719K, paused 2ms+3ms
07-05 12:53:32.976   545   548 D dalvikvm: GC_CONCURRENT freed 222K, 9% free 10780K/11719K, paused 2ms+3ms
07-05 12:53:33.105   545   548 D dalvikvm: GC_CONCURRENT freed 464K, 8% free 10794K/11719K, paused 1ms+2ms
07-05 12:53:33.258  1370 25534 E DictionaryProvider:UpdateHandler: Can't read a file : android.util.MalformedJsonException: Use JsonReader.setLenient(true) to accept malformed JSON at line 1 column 20
07-05 12:53:33.328  1370  1372 D dalvikvm: GC_CONCURRENT freed 388K, 7% free 9127K/9735K, paused 1ms+2ms
07-05 12:53:33.406   545   548 D dalvikvm: GC_CONCURRENT freed 766K, 11% free 10501K/11719K, paused 2ms+3ms
07-05 12:53:33.597   545   548 D dalvikvm: GC_CONCURRENT freed 420K, 11% free 10474K/11719K, paused 1ms+2ms
07-05 12:53:33.695   545 25537 I DownloadManager: Initiating request for download 3007
07-05 12:53:33.781   545   548 D dalvikvm: GC_CONCURRENT freed 267K, 9% free 10665K/11719K, paused 2ms+4ms
07-05 12:53:33.886   545   548 D dalvikvm: GC_CONCURRENT freed 325K, 8% free 10851K/11719K, paused 2ms+4ms
07-05 12:53:34.050   545   548 D dalvikvm: GC_CONCURRENT freed 810K, 11% free 10546K/11719K, paused 2ms+3ms
07-05 12:53:34.254   545   548 D dalvikvm: GC_CONCURRENT freed 451K, 11% free 10490K/11719K, paused 2ms+3ms
07-05 12:53:34.437   545   548 D dalvikvm: GC_CONCURRENT freed 415K, 11% free 10470K/11719K, paused 2ms+2ms
07-05 12:53:34.500   545 25540 I DownloadManager: Initiating request for download 3008
07-05 12:53:34.601   545   548 D dalvikvm: GC_CONCURRENT freed 193K, 9% free 10735K/11719K, paused 2ms+3ms
07-05 12:53:34.715   545   548 D dalvikvm: GC_CONCURRENT freed 478K, 8% free 10794K/11719K, paused 2ms+3ms
07-05 12:53:34.902  1370 25542 E DictionaryProvider:UpdateHandler: Can't read a file : android.util.MalformedJsonException: Use JsonReader.setLenient(true) to accept malformed JSON at line 1 column 20
07-05 12:53:34.988   545   548 D dalvikvm: GC_CONCURRENT freed 756K, 11% free 10509K/11719K, paused 1ms+2ms
07-05 12:53:35.168   545   548 D dalvikvm: GC_CONCURRENT freed 422K, 11% free 10480K/11719K, paused 2ms+2ms
07-05 12:53:35.289   545 25545 I DownloadManager: Initiating request for download 3008
07-05 12:53:35.367   156   594 D dalvikvm: GC_EXPLICIT freed 495K, 13% free 14084K/16007K, paused 2ms+6ms
07-05 12:53:35.418   545   548 D dalvikvm: GC_CONCURRENT freed 329K, 10% free 10645K/11719K, paused 2ms+3ms
07-05 12:53:35.523   545   548 D dalvikvm: GC_CONCURRENT freed 301K, 8% free 10836K/11719K, paused 1ms+3ms
07-05 12:53:35.683   545   548 D dalvikvm: GC_CONCURRENT freed 805K, 11% free 10528K/11719K, paused 2ms+2ms
07-05 12:53:35.886   545   548 D dalvikvm: GC_CONCURRENT freed 445K, 11% free 10479K/11719K, paused 1ms+2ms
07-05 12:53:36.058   545   548 D dalvikvm: GC_CONCURRENT freed 414K, 11% free 10459K/11719K, paused 2ms+2ms
07-05 12:53:36.148   545 25548 I DownloadManager: Initiating request for download 3009
07-05 12:53:36.246   545   548 D dalvikvm: GC_CONCURRENT freed 216K, 9% free 10688K/11719K, paused 2ms+2ms
07-05 12:53:36.359   545   548 D dalvikvm: GC_CONCURRENT freed 332K, 7% free 10925K/11719K, paused 2ms+4ms
07-05 12:53:36.554  1370 25550 E DictionaryProvider:UpdateHandler: Can't read a file : android.util.MalformedJsonException: Use JsonReader.setLenient(true) to accept malformed JSON at line 1 column 20
07-05 12:53:36.597   545   548 D dalvikvm: GC_CONCURRENT freed 945K, 11% free 10497K/11719K, paused 1ms+2ms
07-05 12:53:36.777   545   548 D dalvikvm: GC_CONCURRENT freed 419K, 11% free 10473K/11719K, paused 2ms+3ms
07-05 12:53:36.906   545 25552 I DownloadManager: Initiating request for download 3009
07-05 12:53:36.961   545   548 D dalvikvm: GC_CONCURRENT freed 336K, 11% free 10534K/11719K, paused 2ms+3ms
07-05 12:53:37.047   545   548 D dalvikvm: GC_CONCURRENT freed 219K, 9% free 10774K/11719K, paused 2ms+3ms
07-05 12:53:37.129   545   548 D dalvikvm: GC_CONCURRENT freed 701K, 11% free 10531K/11719K, paused 2ms+3ms
07-05 12:53:38.402   545   548 D dalvikvm: GC_CONCURRENT freed 438K, 11% free 10489K/11719K, paused 1ms+2ms
07-05 12:53:38.590   545   548 D dalvikvm: GC_CONCURRENT freed 416K, 11% free 10467K/11719K, paused 2ms+2ms
07-05 12:53:38.754   545 25556 I DownloadManager: Initiating request for download 3010
07-05 12:53:38.828   545   548 D dalvikvm: GC_CONCURRENT freed 334K, 11% free 10538K/11719K, paused 3ms+3ms
07-05 12:53:38.937   545   548 D dalvikvm: GC_CONCURRENT freed 214K, 9% free 10771K/11719K, paused 2ms+3ms
07-05 12:53:39.047   545   548 D dalvikvm: GC_CONCURRENT freed 463K, 8% free 10785K/11719K, paused 1ms+2ms
07-05 12:53:39.261  1370 25558 E DictionaryProvider:UpdateHandler: Can't read a file : android.util.MalformedJsonException: Use JsonReader.setLenient(true) to accept malformed JSON at line 1 column 20
07-05 12:53:39.289   545   548 D dalvikvm: GC_CONCURRENT freed 773K, 11% free 10500K/11719K, paused 1ms+2ms
07-05 12:53:39.488   545   548 D dalvikvm: GC_CONCURRENT freed 428K, 11% free 10468K/11719K, paused 2ms+3ms
07-05 12:53:39.586   545 25561 I DownloadManager: Initiating request for download 3010
07-05 12:53:39.664   545   548 D dalvikvm: GC_CONCURRENT freed 248K, 10% free 10654K/11719K, paused 1ms+2ms
07-05 12:53:39.761   545   548 D dalvikvm: GC_CONCURRENT freed 342K, 8% free 10855K/11719K, paused 2ms+3ms
07-05 12:53:39.941   545   548 D dalvikvm: GC_CONCURRENT freed 818K, 11% free 10537K/11719K, paused 2ms+2ms
07-05 12:53:40.140   545   548 D dalvikvm: GC_CONCURRENT freed 452K, 11% free 10480K/11719K, paused 2ms+3ms
07-05 12:53:40.340   545   548 D dalvikvm: GC_CONCURRENT freed 413K, 11% free 10462K/11719K, paused 3ms+2ms
07-05 12:53:40.398   545 25564 I DownloadManager: Initiating request for download 3011
07-05 12:53:40.508   545   548 D dalvikvm: GC_CONCURRENT freed 189K, 9% free 10732K/11719K, paused 2ms+3ms
07-05 12:53:40.617   545   548 D dalvikvm: GC_CONCURRENT freed 346K, 7% free 10905K/11719K, paused 2ms+4ms
07-05 12:53:40.800  1370 25566 E DictionaryProvider:UpdateHandler: Can't read a file : android.util.MalformedJsonException: Use JsonReader.setLenient(true) to accept malformed JSON at line 1 column 20
07-05 12:53:40.890  1370  1372 D dalvikvm: GC_CONCURRENT freed 390K, 7% free 9125K/9735K, paused 2ms+6ms
07-05 12:53:40.914   545   548 D dalvikvm: GC_CONCURRENT freed 912K, 11% free 10500K/11719K, paused 2ms+3ms
07-05 12:53:41.097   545   548 D dalvikvm: GC_CONCURRENT freed 415K, 11% free 10480K/11719K, paused 2ms+2ms
07-05 12:53:41.218   545 25569 I DownloadManager: Initiating request for download 3011
07-05 12:53:41.297   545   548 D dalvikvm: GC_CONCURRENT freed 315K, 10% free 10623K/11719K, paused 2ms+3ms
07-05 12:53:41.406   545   548 D dalvikvm: GC_CONCURRENT freed 299K, 8% free 10883K/11719K, paused 2ms+4ms
07-05 12:53:41.578   545   548 D dalvikvm: GC_CONCURRENT freed 851K, 11% free 10531K/11719K, paused 1ms+3ms
07-05 12:53:41.789   545   548 D dalvikvm: GC_CONCURRENT freed 442K, 11% free 10484K/11719K, paused 1ms+2ms
07-05 12:53:41.980   545   548 D dalvikvm: GC_CONCURRENT freed 415K, 11% free 10464K/11719K, paused 2ms+2ms
07-05 12:53:42.050   545 25572 I DownloadManager: Initiating request for download 3012
07-05 12:53:42.156   545   548 D dalvikvm: GC_CONCURRENT freed 201K, 9% free 10720K/11719K, paused 2ms+3ms
07-05 12:53:42.261   545   548 D dalvikvm: GC_CONCURRENT freed 353K, 8% free 10894K/11719K, paused 2ms+3ms
07-05 12:53:42.476  1370 25574 E DictionaryProvider:UpdateHandler: Can't read a file : android.util.MalformedJsonException: Use JsonReader.setLenient(true) to accept malformed JSON at line 1 column 20
07-05 12:53:42.511   545   548 D dalvikvm: GC_CONCURRENT freed 921K, 11% free 10503K/11719K, paused 2ms+3ms
07-05 12:53:42.707   545   548 D dalvikvm: GC_CONCURRENT freed 422K, 11% free 10476K/11719K, paused 2ms+3ms
07-05 12:53:42.836   545 25577 I DownloadManager: Initiating request for download 3012
07-05 12:53:42.910   545   548 D dalvikvm: GC_CONCURRENT freed 314K, 10% free 10626K/11719K, paused 1ms+3ms
07-05 12:53:43.015   545   548 D dalvikvm: GC_CONCURRENT freed 288K, 8% free 10829K/11719K, paused 2ms+2ms
07-05 12:53:43.148   545   548 D dalvikvm: GC_CONCURRENT freed 773K, 11% free 10537K/11719K, paused 2ms+3ms
07-05 12:53:43.359   545   548 D dalvikvm: GC_CONCURRENT freed 435K, 11% free 10500K/11719K, paused 2ms+3ms
07-05 12:53:43.547   545   548 D dalvikvm: GC_CONCURRENT freed 422K, 11% free 10472K/11719K, paused 1ms+2ms
07-05 12:53:43.648   545 25580 I DownloadManager: Initiating request for download 3013
07-05 12:53:43.750   545   548 D dalvikvm: GC_CONCURRENT freed 237K, 9% free 10689K/11719K, paused 2ms+3ms
07-05 12:53:43.851   545   548 D dalvikvm: GC_CONCURRENT freed 342K, 8% free 10864K/11719K, paused 2ms+3ms
07-05 12:53:44.027   545   548 D dalvikvm: GC_CONCURRENT freed 830K, 11% free 10534K/11719K, paused 2ms+3ms
07-05 12:53:44.086  1370 25582 E DictionaryProvider:UpdateHandler: Can't read a file : android.util.MalformedJsonException: Use JsonReader.setLenient(true) to accept malformed JSON at line 1 column 20
07-05 12:53:44.246   545   548 D dalvikvm: GC_CONCURRENT freed 438K, 11% free 10492K/11719K, paused 2ms+3ms
07-05 12:53:44.429   545   548 D dalvikvm: GC_CONCURRENT freed 416K, 11% free 10470K/11719K, paused 2ms+2ms
07-05 12:53:44.461   545 25585 I DownloadManager: Initiating request for download 3013
07-05 12:53:44.562   545   548 D dalvikvm: GC_CONCURRENT freed 183K, 9% free 10746K/11719K, paused 2ms+3ms
07-05 12:53:44.668   545   548 D dalvikvm: GC_CONCURRENT freed 329K, 7% free 10907K/11719K, paused 2ms+2ms
07-05 12:53:44.902   545   548 D dalvikvm: GC_CONCURRENT freed 914K, 11% free 10499K/11719K, paused 2ms+2ms
07-05 12:53:45.090   545   548 D dalvikvm: GC_CONCURRENT freed 411K, 11% free 10483K/11719K, paused 2ms+2ms
07-05 12:53:45.258   545 25588 I DownloadManager: Initiating request for download 3014
07-05 12:53:45.351   545   548 D dalvikvm: GC_CONCURRENT freed 312K, 10% free 10628K/11719K, paused 2ms+3ms
07-05 12:53:45.453   545   548 D dalvikvm: GC_CONCURRENT freed 299K, 8% free 10827K/11719K, paused 1ms+3ms
07-05 12:53:45.590   545   548 D dalvikvm: GC_CONCURRENT freed 769K, 11% free 10540K/11719K, paused 2ms+2ms
07-05 12:53:45.765   545 20266 D dalvikvm: GC_EXPLICIT freed 290K, 11% free 10524K/11719K, paused 2ms+3ms
07-05 12:53:45.769  1370 25590 E DictionaryProvider:UpdateHandler: Can't read a file : android.util.MalformedJsonException: Use JsonReader.setLenient(true) to accept malformed JSON at line 1 column 20
07-05 12:53:45.968   545   548 D dalvikvm: GC_CONCURRENT freed 433K, 11% free 10486K/11719K, paused 2ms+2ms
07-05 12:53:46.090   545 25593 I DownloadManager: Initiating request for download 3014
07-05 12:53:46.140   545   548 D dalvikvm: GC_CONCURRENT freed 332K, 10% free 10548K/11719K, paused 2ms+2ms
07-05 12:53:46.242   545   548 D dalvikvm: GC_CONCURRENT freed 220K, 8% free 10788K/11719K, paused 1ms+3ms
07-05 12:53:46.359   545   548 D dalvikvm: GC_CONCURRENT freed 487K, 8% free 10803K/11719K, paused 2ms+2ms
07-05 12:53:46.590   545   548 D dalvikvm: GC_CONCURRENT freed 785K, 11% free 10494K/11719K, paused 2ms+3ms
07-05 12:53:46.777   545   548 D dalvikvm: GC_CONCURRENT freed 409K, 11% free 10479K/11719K, paused 2ms+2ms
07-05 12:53:46.894   545 25596 I DownloadManager: Initiating request for download 3015
07-05 12:53:46.984   545   548 D dalvikvm: GC_CONCURRENT freed 233K, 9% free 10725K/11719K, paused 1ms+3ms
07-05 12:53:47.093   545   548 D dalvikvm: GC_CONCURRENT freed 377K, 8% free 10896K/11719K, paused 2ms+3ms
07-05 12:53:47.300  1370 25598 E DictionaryProvider:UpdateHandler: Can't read a file : android.util.MalformedJsonException: Use JsonReader.setLenient(true) to accept malformed JSON at line 1 column 20
07-05 12:53:47.324   545   548 D dalvikvm: GC_CONCURRENT freed 902K, 11% free 10521K/11719K, paused 2ms+2ms
07-05 12:53:47.371  1370  1372 D dalvikvm: GC_CONCURRENT freed 387K, 7% free 9126K/9735K, paused 2ms+2ms
07-05 12:53:47.547   545   548 D dalvikvm: GC_CONCURRENT freed 430K, 11% free 10487K/11719K, paused 2ms+2ms
07-05 12:53:47.691   545 25601 I DownloadManager: Initiating request for download 3015
07-05 12:53:47.726   545   548 D dalvikvm: GC_CONCURRENT freed 389K, 11% free 10524K/11719K, paused 1ms+3ms
07-05 12:53:47.836   545   548 D dalvikvm: GC_CONCURRENT freed 204K, 9% free 10780K/11719K, paused 2ms+3ms
07-05 12:53:47.957   545   548 D dalvikvm: GC_CONCURRENT freed 468K, 8% free 10803K/11719K, paused 2ms+3ms
07-05 12:53:48.183   545   548 D dalvikvm: GC_CONCURRENT freed 780K, 11% free 10501K/11719K, paused 2ms+3ms
07-05 12:53:48.375   545   548 D dalvikvm: GC_CONCURRENT freed 415K, 11% free 10481K/11719K, paused 2ms+2ms
07-05 12:53:48.492   545 25604 I DownloadManager: Initiating request for download 3016
07-05 12:53:48.582   545   548 D dalvikvm: GC_CONCURRENT freed 265K, 9% free 10674K/11719K, paused 2ms+3ms
07-05 12:53:48.683   545   548 D dalvikvm: GC_CONCURRENT freed 329K, 8% free 10859K/11719K, paused 1ms+3ms
07-05 12:53:48.847   545   548 D dalvikvm: GC_CONCURRENT freed 814K, 11% free 10547K/11719K, paused 1ms+2ms
07-05 12:53:48.914  1370 25606 E DictionaryProvider:UpdateHandler: Can't read a file : android.util.MalformedJsonException: Use JsonReader.setLenient(true) to accept malformed JSON at line 1 column 20
07-05 12:53:49.066   545   548 D dalvikvm: GC_CONCURRENT freed 433K, 11% free 10509K/11719K, paused 1ms+3ms
07-05 12:53:49.254   545   548 D dalvikvm: GC_CONCURRENT freed 415K, 11% free 10485K/11719K, paused 1ms+2ms
07-05 12:53:49.316   545 25609 I DownloadManager: Initiating request for download 3016
07-05 12:53:49.410   545   548 D dalvikvm: GC_CONCURRENT freed 210K, 9% free 10718K/11719K, paused 2ms+2ms
07-05 12:53:49.515   545   548 D dalvikvm: GC_CONCURRENT freed 338K, 7% free 10907K/11719K, paused 1ms+3ms
07-05 12:53:49.718   545   548 D dalvikvm: GC_CONCURRENT freed 879K, 11% free 10541K/11719K, paused 2ms+3ms
07-05 12:53:49.925   545   548 D dalvikvm: GC_CONCURRENT freed 441K, 11% free 10495K/11719K, paused 1ms+3ms
07-05 12:53:50.164   156   514 D dalvikvm: GC_EXPLICIT freed 487K, 13% free 14082K/16007K, paused 3ms+5ms
07-05 12:53:50.183   545 25612 I DownloadManager: Initiating request for download 3017
07-05 12:53:50.195   545   548 D dalvikvm: GC_CONCURRENT freed 364K, 11% free 10531K/11719K, paused 2ms+3ms
07-05 12:53:50.316   545   548 D dalvikvm: GC_CONCURRENT freed 205K, 8% free 10864K/11719K, paused 2ms+3ms
07-05 12:53:50.453   545   548 D dalvikvm: GC_CONCURRENT freed 584K, 8% free 10794K/11719K, paused 2ms+2ms
07-05 12:53:50.586  1370 25614 E DictionaryProvider:UpdateHandler: Can't read a file : android.util.MalformedJsonException: Use JsonReader.setLenient(true) to accept malformed JSON at line 1 column 20
07-05 12:53:50.707   545   548 D dalvikvm: GC_CONCURRENT freed 775K, 11% free 10493K/11719K, paused 1ms+2ms
07-05 12:53:50.886   545   548 D dalvikvm: GC_CONCURRENT freed 411K, 11% free 10470K/11719K, paused 2ms+2ms
07-05 12:53:50.957   545 25617 I DownloadManager: Initiating request for download 3017
07-05 12:53:51.047   545   548 D dalvikvm: GC_CONCURRENT freed 234K, 9% free 10687K/11719K, paused 2ms+3ms
07-05 12:53:51.164   545   548 D dalvikvm: GC_CONCURRENT freed 313K, 8% free 10876K/11719K, paused 2ms+4ms
07-05 12:53:51.355   545   548 D dalvikvm: GC_CONCURRENT freed 842K, 11% free 10541K/11719K, paused 2ms+2ms
07-05 12:53:51.554   545   548 D dalvikvm: GC_CONCURRENT freed 452K, 11% free 10484K/11719K, paused 2ms+3ms
07-05 12:53:51.742   545   548 D dalvikvm: GC_CONCURRENT freed 414K, 11% free 10465K/11719K, paused 1ms+3ms
07-05 12:53:51.793   545 25620 I DownloadManager: Initiating request for download 3018
07-05 12:53:51.910   545   548 D dalvikvm: GC_CONCURRENT freed 179K, 9% free 10745K/11719K, paused 2ms+3ms
07-05 12:53:52.019   545   548 D dalvikvm: GC_CONCURRENT freed 342K, 7% free 10926K/11719K, paused 2ms+3ms
07-05 12:53:52.199  1370 25622 E DictionaryProvider:UpdateHandler: Can't read a file : android.util.MalformedJsonException: Use JsonReader.setLenient(true) to accept malformed JSON at line 1 column 20
07-05 12:53:52.285   545   548 D dalvikvm: GC_CONCURRENT freed 937K, 11% free 10504K/11719K, paused 2ms+2ms
07-05 12:53:52.468   545   548 D dalvikvm: GC_CONCURRENT freed 423K, 11% free 10475K/11719K, paused 2ms+2ms
07-05 12:53:52.582   545 25625 I DownloadManager: Initiating request for download 3018
07-05 12:53:52.691   545   548 D dalvikvm: GC_CONCURRENT freed 306K, 10% free 10639K/11719K, paused 2ms+3ms
07-05 12:53:52.797   545   548 D dalvikvm: GC_CONCURRENT freed 338K, 8% free 10802K/11719K, paused 1ms+3ms
07-05 12:53:52.925   545   548 D dalvikvm: GC_CONCURRENT freed 506K, 8% free 10792K/11719K, paused 2ms+2ms
07-05 12:53:53.156   545   548 D dalvikvm: GC_CONCURRENT freed 772K, 11% free 10489K/11719K, paused 2ms+3ms
07-05 12:53:53.340   545   548 D dalvikvm: GC_CONCURRENT freed 406K, 11% free 10470K/11719K, paused 2ms+2ms
07-05 12:53:53.429   545 25628 I DownloadManager: Initiating request for download 3019
07-05 12:53:53.527   545   548 D dalvikvm: GC_CONCURRENT freed 198K, 9% free 10731K/11719K, paused 2ms+3ms
07-05 12:53:53.621   545   548 D dalvikvm: GC_CONCURRENT freed 317K, 7% free 10909K/11719K, paused 1ms+2ms
07-05 12:53:53.820  1370 25630 E DictionaryProvider:UpdateHandler: Can't read a file : android.util.MalformedJsonException: Use JsonReader.setLenient(true) to accept malformed JSON at line 1 column 20
07-05 12:53:53.871   545   548 D dalvikvm: GC_CONCURRENT freed 913K, 11% free 10511K/11719K, paused 1ms+3ms
07-05 12:53:53.910  1370  1372 D dalvikvm: GC_CONCURRENT freed 388K, 7% free 9126K/9735K, paused 2ms+2ms
07-05 12:53:54.090   545   548 D dalvikvm: GC_CONCURRENT freed 425K, 11% free 10482K/11719K, paused 2ms+3ms
07-05 12:53:54.226   545 25633 I DownloadManager: Initiating request for download 3019
07-05 12:53:54.269   545   548 D dalvikvm: GC_CONCURRENT freed 367K, 11% free 10545K/11719K, paused 2ms+4ms
07-05 12:53:54.386   545   548 D dalvikvm: GC_CONCURRENT freed 218K, 8% free 10863K/11719K, paused 2ms+3ms
07-05 12:53:54.527   545   548 D dalvikvm: GC_CONCURRENT freed 823K, 11% free 10541K/11719K, paused 2ms+2ms
07-05 12:53:54.734   545   548 D dalvikvm: GC_CONCURRENT freed 439K, 11% free 10498K/11719K, paused 2ms+2ms
07-05 12:53:54.906   545   548 D dalvikvm: GC_CONCURRENT freed 406K, 11% free 10479K/11719K, paused 2ms+2ms
07-05 12:53:55.379 10815 10845 I System.out: [INFO:3595263]: c: Running flush
07-05 12:53:55.379 10815 10848 I System.out: [INFO:3595265]: c: Sending payload [bytes=567]
07-05 12:53:55.406 10815 10848 I System.out: [SEVERE:3595292]: c: AsyncHttpRequestImpl.run(): exception thrown : No peer certificate: javax.net.ssl.SSLPeerUnverifiedException
07-05 12:53:56.820   545 25637 I DownloadManager: Initiating request for download 3020
07-05 12:53:56.961   545   548 D dalvikvm: GC_CONCURRENT freed 264K, 9% free 10678K/11719K, paused 2ms+3ms
07-05 12:53:57.066   545   548 D dalvikvm: GC_CONCURRENT freed 359K, 8% free 10842K/11719K, paused 2ms+4ms
07-05 12:53:57.230   545   548 D dalvikvm: GC_CONCURRENT freed 785K, 11% free 10542K/11719K, paused 2ms+3ms
07-05 12:53:57.343  1370 25639 E DictionaryProvider:UpdateHandler: Can't read a file : android.util.MalformedJsonException: Use JsonReader.setLenient(true) to accept malformed JSON at line 1 column 20
07-05 12:53:57.472   545   548 D dalvikvm: GC_CONCURRENT freed 437K, 11% free 10500K/11719K, paused 2ms+3ms
07-05 12:53:57.644   545   548 D dalvikvm: GC_CONCURRENT freed 418K, 11% free 10477K/11719K, paused 2ms+2ms
07-05 12:53:57.691   545 25642 I DownloadManager: Initiating request for download 3020
07-05 12:53:57.793   545   548 D dalvikvm: GC_CONCURRENT freed 211K, 9% free 10724K/11719K, paused 1ms+3ms
07-05 12:53:57.898   545   548 D dalvikvm: GC_CONCURRENT freed 344K, 7% free 10902K/11719K, paused 2ms+3ms
07-05 12:53:58.109   545   548 D dalvikvm: GC_CONCURRENT freed 908K, 11% free 10505K/11719K, paused 2ms+3ms
07-05 12:53:58.277   545   548 D dalvikvm: GC_CONCURRENT freed 415K, 11% free 10485K/11719K, paused 1ms+2ms
07-05 12:53:58.461   545 25645 I DownloadManager: Initiating request for download 3021
07-05 12:53:58.476   545   548 D dalvikvm: GC_CONCURRENT freed 353K, 11% free 10530K/11719K, paused 2ms+4ms
07-05 12:53:58.593   545   548 D dalvikvm: GC_CONCURRENT freed 208K, 9% free 10781K/11719K, paused 1ms+3ms
07-05 12:53:58.711   545   548 D dalvikvm: GC_CONCURRENT freed 465K, 8% free 10807K/11719K, paused 2ms+2ms
07-05 12:53:58.871  1370 25647 E DictionaryProvider:UpdateHandler: Can't read a file : android.util.MalformedJsonException: Use JsonReader.setLenient(true) to accept malformed JSON at line 1 column 20
07-05 12:53:58.972   545   548 D dalvikvm: GC_CONCURRENT freed 765K, 11% free 10513K/11719K, paused 2ms+2ms
07-05 12:53:59.156   545   548 D dalvikvm: GC_CONCURRENT freed 420K, 11% free 10484K/11719K, paused 2ms+2ms
07-05 12:53:59.261   545 25650 I DownloadManager: Initiating request for download 3021
07-05 12:53:59.351   545   548 D dalvikvm: GC_CONCURRENT freed 296K, 10% free 10603K/11719K, paused 2ms+2ms
07-05 12:53:59.457   545   548 D dalvikvm: GC_CONCURRENT freed 278K, 8% free 10812K/11719K, paused 2ms+3ms
07-05 12:53:59.578   545   548 D dalvikvm: GC_CONCURRENT freed 508K, 8% free 10806K/11719K, paused 2ms+2ms
07-05 12:53:59.812   545   548 D dalvikvm: GC_CONCURRENT freed 784K, 11% free 10500K/11719K, paused 2ms+4ms
07-05 12:54:00.031   545   548 D dalvikvm: GC_CONCURRENT freed 415K, 11% free 10480K/11719K, paused 2ms+2ms
07-05 12:54:00.121   545 25653 I DownloadManager: Initiating request for download 3022
07-05 12:54:00.218   545   548 D dalvikvm: GC_CONCURRENT freed 221K, 9% free 10716K/11719K, paused 2ms+3ms
07-05 12:54:00.324   545   548 D dalvikvm: GC_CONCURRENT freed 343K, 7% free 10905K/11719K, paused 2ms+3ms
07-05 12:54:00.531  1370 25655 E DictionaryProvider:UpdateHandler: Can't read a file : android.util.MalformedJsonException: Use JsonReader.setLenient(true) to accept malformed JSON at line 1 column 20
07-05 12:54:00.566   545   548 D dalvikvm: GC_CONCURRENT freed 921K, 11% free 10524K/11719K, paused 2ms+2ms
07-05 12:54:00.750   545   548 D dalvikvm: GC_CONCURRENT freed 428K, 11% free 10491K/11719K, paused 2ms+2ms
07-05 12:54:00.883   545 25658 I DownloadManager: Initiating request for download 3022
07-05 12:54:00.937   545   548 D dalvikvm: GC_CONCURRENT freed 372K, 11% free 10528K/11719K, paused 1ms+3ms
07-05 12:54:01.078   545   548 D dalvikvm: GC_CONCURRENT freed 197K, 9% free 10781K/11719K, paused 2ms+3ms
07-05 12:54:01.187   545   548 D dalvikvm: GC_CONCURRENT freed 457K, 8% free 10830K/11719K, paused 2ms+3ms
07-05 12:54:01.418   545   548 D dalvikvm: GC_CONCURRENT freed 805K, 11% free 10506K/11719K, paused 2ms+3ms
07-05 12:54:01.609   545   548 D dalvikvm: GC_CONCURRENT freed 414K, 11% free 10487K/11719K, paused 2ms+2ms
07-05 12:54:01.738   545 25661 I DownloadManager: Initiating request for download 3023
07-05 12:54:01.843   545   548 D dalvikvm: GC_CONCURRENT freed 265K, 10% free 10664K/11719K, paused 2ms+2ms
07-05 12:54:01.945   545   548 D dalvikvm: GC_CONCURRENT freed 336K, 8% free 10835K/11719K, paused 2ms+3ms
07-05 12:54:02.078   545   548 D dalvikvm: GC_CONCURRENT freed 784K, 10% free 10549K/11719K, paused 2ms+2ms
07-05 12:54:02.218  1370 25663 E DictionaryProvider:UpdateHandler: Can't read a file : android.util.MalformedJsonException: Use JsonReader.setLenient(true) to accept malformed JSON at line 1 column 20
07-05 12:54:02.285  1370  1372 D dalvikvm: GC_CONCURRENT freed 387K, 7% free 9126K/9735K, paused 2ms+2ms
07-05 12:54:02.336   545   548 D dalvikvm: GC_CONCURRENT freed 432K, 11% free 10512K/11719K, paused 2ms+2ms
07-05 12:54:02.394   993  1240 I PhoneLab-: Service Running
07-05 12:54:02.425   993  1240 I PhoneLab-LoggerService: app_49    1247  993   1956   1584  c00f181c 400107b4 S logcat
07-05 12:54:02.425   993  1240 I PhoneLab-LoggerService: Logcat pid from database 1247
07-05 12:54:02.425   993  1240 I PhoneLab-LoggerService: Logcat process found 1247
07-05 12:54:02.425   993  1240 I PhoneLab-LoggerService: Checking Threshold
07-05 12:54:02.429   993  1240 I PhoneLab-LoggerService: Starting to rename files
07-05 12:54:02.429   993  1240 I PhoneLab-LoggerService: Files found .. 25
07-05 12:54:02.508   993   993 I PhoneLab-Locks: wake lock acquired
07-05 12:54:02.523   993 25667 W PhoneLab-PeriodicCheckService: User info is not synched yet
07-05 12:54:02.539   993 25667 I PhoneLab-PeriodicCheckService: Logger Service is running
07-05 12:54:02.543   993   993 I PhoneLab-Locks: wake lock acquired
07-05 12:54:02.547   993   993 I PhoneLab-StatusMonitor: Status Monitoring is started
07-05 12:54:02.550   993   993 E PhoneLab-PhoneLabManifest: java.io.FileNotFoundException: /data/data/edu.buffalo.cse.phonelab.phonelabservices/files/manifest.xml: open failed: ENOENT (No such file or directory)
07-05 12:54:02.550   993   993 I PhoneLab-Locks: wake lock released
07-05 12:54:02.554   993 25667 I PhoneLab-Locks: wake lock acquired
07-05 12:54:02.558   993   993 I PhoneLab-UploadLogs: Transfering log files now
07-05 12:54:02.562   993 25667 I PhoneLab-PeriodicCheckService: Rescheduling periodic checking...
07-05 12:54:02.562   993 25667 I PhoneLab-Locks: wake lock released
07-05 12:54:02.586   682 25668 E C2DMRegistrar: [C2DMReg] handleRequest caught javax.net.ssl.SSLException: Connection closed by peer
07-05 12:54:02.617   993   995 D dalvikvm: GC_CONCURRENT freed 413K, 14% free 9210K/10695K, paused 3ms+2ms
07-05 12:54:02.636   993   993 D dalvikvm: GC_FOR_ALLOC freed 273K, 12% free 9430K/10695K, paused 12ms
07-05 12:54:02.652   993   993 I PhoneLab-UploadLogs: OnStartCommand
07-05 12:54:02.656   993   993 I PhoneLab-RegistrationReceiver: C2DM Registration Receiver is fired
07-05 12:54:02.664   993   995 D dalvikvm: GC_CONCURRENT freed 299K, 10% free 9642K/10695K, paused 2ms+2ms
07-05 12:54:02.699   993 25673 D dalvikvm: GC_FOR_ALLOC freed 357K, 10% free 9701K/10695K, paused 17ms
07-05 12:54:02.722   993 25673 D dalvikvm: GC_FOR_ALLOC freed 387K, 10% free 9674K/10695K, paused 13ms
07-05 12:54:02.722   993   993 I PhoneLab-RegistrationReceiver: Shared Preferences Settings updated successfully
07-05 12:54:02.738   545   548 D dalvikvm: GC_CONCURRENT freed 414K, 11% free 10486K/11719K, paused 2ms+39ms
07-05 12:54:02.761   993 25673 D dalvikvm: GC_FOR_ALLOC freed 356K, 10% free 9657K/10695K, paused 29ms
07-05 12:54:02.824   545 25674 I DownloadManager: Initiating request for download 3023
07-05 12:54:02.918   545   548 D dalvikvm: GC_CONCURRENT freed 238K, 8% free 10788K/11719K, paused 1ms+2ms
07-05 12:54:03.027   545   548 D dalvikvm: GC_CONCURRENT freed 375K, 7% free 10927K/11719K, paused 2ms+3ms
07-05 12:54:03.258   545   548 D dalvikvm: GC_CONCURRENT freed 929K, 11% free 10511K/11719K, paused 2ms+2ms
07-05 12:54:03.441   545   548 D dalvikvm: GC_CONCURRENT freed 405K, 11% free 10493K/11719K, paused 2ms+3ms
07-05 12:54:03.609   545 25677 I DownloadManager: Initiating request for download 3024
07-05 12:54:03.640   545   548 D dalvikvm: GC_CONCURRENT freed 357K, 11% free 10536K/11719K, paused 2ms+3ms
07-05 12:54:03.761   545   548 D dalvikvm: GC_CONCURRENT freed 203K, 8% free 10791K/11719K, paused 2ms+2ms
07-05 12:54:03.875   545   548 D dalvikvm: GC_CONCURRENT freed 469K, 8% free 10816K/11719K, paused 2ms+2ms
07-05 12:54:04.039  1370 25679 E DictionaryProvider:UpdateHandler: Can't read a file : android.util.MalformedJsonException: Use JsonReader.setLenient(true) to accept malformed JSON at line 1 column 20
07-05 12:54:04.133   545   548 D dalvikvm: GC_CONCURRENT freed 772K, 11% free 10522K/11719K, paused 2ms+2ms
07-05 12:54:04.269   993 25673 W System.err: org.apache.http.client.ClientProtocolException
07-05 12:54:04.269   993 25673 W System.err: 	at org.apache.http.impl.client.AbstractHttpClient.execute(AbstractHttpClient.java:557)
07-05 12:54:04.269   993 25673 W System.err: 	at org.apache.http.impl.client.AbstractHttpClient.execute(AbstractHttpClient.java:487)
07-05 12:54:04.269   993 25673 W System.err: 	at com.loopj.android.http.AsyncHttpRequest.makeRequest(Unknown Source)
07-05 12:54:04.269   993 25673 W System.err: 	at com.loopj.android.http.AsyncHttpRequest.makeRequestWithRetries(Unknown Source)
07-05 12:54:04.269   993 25673 W System.err: 	at com.loopj.android.http.AsyncHttpRequest.run(Unknown Source)
07-05 12:54:04.269   993 25673 W System.err: 	at java.util.concurrent.Executors$RunnableAdapter.call(Executors.java:442)
07-05 12:54:04.269   993 25673 W System.err: 	at java.util.concurrent.FutureTask$Sync.innerRun(FutureTask.java:305)
07-05 12:54:04.269   993 25673 W System.err: 	at java.util.concurrent.FutureTask.run(FutureTask.java:137)
07-05 12:54:04.269   993 25673 W System.err: 	at java.util.concurrent.ThreadPoolExecutor.runWorker(ThreadPoolExecutor.java:1076)
07-05 12:54:04.269   993 25673 W System.err: 	at java.util.concurrent.ThreadPoolExecutor$Worker.run(ThreadPoolExecutor.java:569)
07-05 12:54:04.269   993 25673 W System.err: 	at java.lang.Thread.run(Thread.java:856)
07-05 12:54:04.269   993 25673 W System.err: Caused by: org.apache.http.client.NonRepeatableRequestException: Cannot retry request with a non-repeatable request entity
07-05 12:54:04.269   993 25673 W System.err: 	at org.apache.http.impl.client.DefaultRequestDirector.execute(DefaultRequestDirector.java:420)
07-05 12:54:04.269   993 25673 W System.err: 	at org.apache.http.impl.client.AbstractHttpClient.execute(AbstractHttpClient.java:555)
07-05 12:54:04.269   993 25673 W System.err: 	... 10 more
07-05 12:54:04.269   993   993 E PhoneLab-: Transfering 1341502082478.log failed
07-05 12:54:04.269   993   993 I PhoneLab-Locks: wake lock released
07-05 12:54:04.316   545   548 D dalvikvm: GC_CONCURRENT freed 422K, 11% free 10493K/11719K, paused 2ms+3ms
07-05 12:54:04.422   545 25682 I DownloadManager: Initiating request for download 3024
07-05 12:54:04.515   545   548 D dalvikvm: GC_CONCURRENT freed 292K, 10% free 10658K/11719K, paused 2ms+3ms
07-05 12:54:04.605   545   548 D dalvikvm: GC_CONCURRENT freed 337K, 8% free 10866K/11719K, paused 2ms+3ms
07-05 12:54:04.765   545   548 D dalvikvm: GC_CONCURRENT freed 817K, 10% free 10555K/11719K, paused 2ms+3ms
07-05 12:54:04.875   156   156 D dalvikvm: GC_EXPLICIT freed 557K, 12% free 14093K/16007K, paused 3ms+6ms
07-05 12:54:05.050   545   548 D dalvikvm: GC_CONCURRENT freed 436K, 11% free 10508K/11719K, paused 2ms+3ms
07-05 12:54:05.222   545   548 D dalvikvm: GC_CONCURRENT freed 423K, 11% free 10475K/11719K, paused 2ms+2ms
07-05 12:54:05.316   545 25685 I DownloadManager: Initiating request for download 3025
07-05 12:54:05.414   545   548 D dalvikvm: GC_CONCURRENT freed 212K, 9% free 10734K/11719K, paused 1ms+2ms
07-05 12:54:05.527   545   548 D dalvikvm: GC_CONCURRENT freed 359K, 7% free 10924K/11719K, paused 2ms+3ms
07-05 12:54:05.703  1370 25687 E DictionaryProvider:UpdateHandler: Can't read a file : android.util.MalformedJsonException: Use JsonReader.setLenient(true) to accept malformed JSON at line 1 column 20
07-05 12:54:05.793   545   548 D dalvikvm: GC_CONCURRENT freed 927K, 11% free 10520K/11719K, paused 2ms+2ms
07-05 12:54:05.976   545   548 D dalvikvm: GC_CONCURRENT freed 425K, 11% free 10484K/11719K, paused 2ms+3ms
07-05 12:54:06.144   545 25690 I DownloadManager: Initiating request for download 3025
07-05 12:54:06.156   545   548 D dalvikvm: GC_CONCURRENT freed 356K, 11% free 10521K/11719K, paused 2ms+3ms
07-05 12:54:06.273   545   548 D dalvikvm: GC_CONCURRENT freed 201K, 9% free 10779K/11719K, paused 2ms+2ms
07-05 12:54:06.390   545   548 D dalvikvm: GC_CONCURRENT freed 462K, 8% free 10806K/11719K, paused 2ms+2ms
07-05 12:54:06.582   545   548 D dalvikvm: GC_CONCURRENT freed 747K, 11% free 10535K/11719K, paused 1ms+3ms
07-05 12:54:06.765   545   548 D dalvikvm: GC_CONCURRENT freed 411K, 11% free 10518K/11719K, paused 2ms+2ms
07-05 12:54:08.035   545 25692 I DownloadManager: Initiating request for download 3026
07-05 12:54:08.125   545   548 D dalvikvm: GC_CONCURRENT freed 319K, 10% free 10662K/11719K, paused 2ms+3ms
07-05 12:54:08.230   545   548 D dalvikvm: GC_CONCURRENT freed 314K, 8% free 10844K/11719K, paused 2ms+3ms
07-05 12:54:08.390   545   548 D dalvikvm: GC_CONCURRENT freed 789K, 10% free 10556K/11719K, paused 2ms+2ms
07-05 12:54:08.468  1370 25695 E DictionaryProvider:UpdateHandler: Can't read a file : android.util.MalformedJsonException: Use JsonReader.setLenient(true) to accept malformed JSON at line 1 column 20
07-05 12:54:08.496   545 25697 I DownloadManager: in removeSpuriousFiles
07-05 12:54:08.566   545   548 D dalvikvm: GC_CONCURRENT freed 358K, 9% free 10710K/11719K, paused 1ms+3ms
07-05 12:54:08.640   545 25697 I DownloadManager: in removeSpuriousFiles, preserving file /data/data/com.android.providers.downloads/cache/metadata-247.htm
07-05 12:54:08.640   545 25697 I DownloadManager: in removeSpuriousFiles, preserving file /data/data/com.android.providers.downloads/cache/metadata-304.htm
07-05 12:54:08.644   545 25697 I DownloadManager: in removeSpuriousFiles, preserving file /data/data/com.android.providers.downloads/cache/metadata-432.htm
07-05 12:54:08.644   545 25697 I DownloadManager: in removeSpuriousFiles, preserving file /data/data/com.android.providers.downloads/cache/metadata-822.htm
07-05 12:54:08.644   545 25697 I DownloadManager: in removeSpuriousFiles, preserving file /data/data/com.android.providers.downloads/cache/metadata-1310.htm
07-05 12:54:08.644   545 25697 I DownloadManager: in removeSpuriousFiles, preserving file /data/data/com.android.providers.downloads/cache/metadata-244.htm
07-05 12:54:08.644   545 25697 I DownloadManager: in removeSpuriousFiles, preserving file /data/data/com.android.providers.downloads/cache/metadata-189.htm
07-05 12:54:08.644   545 25697 I DownloadManager: in removeSpuriousFiles, preserving file /data/data/com.android.providers.downloads/cache/metadata-264.htm
07-05 12:54:08.644   545 25697 I DownloadManager: in removeSpuriousFiles, preserving file /data/data/com.android.providers.downloads/cache/metadata-87.htm
07-05 12:54:08.648   545 25697 I DownloadManager: in removeSpuriousFiles, preserving file /data/data/com.android.providers.downloads/cache/metadata-519.htm
07-05 12:54:08.648   545 25697 I DownloadManager: in removeSpuriousFiles, preserving file /data/data/com.android.providers.downloads/cache/metadata-1636.htm
07-05 12:54:08.648   545 25697 I DownloadManager: in removeSpuriousFiles, preserving file /data/data/com.android.providers.downloads/cache/metadata-1654.htm
07-05 12:54:08.648   545 25697 I DownloadManager: in removeSpuriousFiles, preserving file /data/data/com.android.providers.downloads/cache/metadata-347.htm
07-05 12:54:08.648   545 25697 I DownloadManager: in removeSpuriousFiles, preserving file /data/data/com.android.providers.downloads/cache/metadata-564.htm
07-05 12:54:08.648   545 25697 I DownloadManager: in removeSpuriousFiles, preserving file /data/data/com.android.providers.downloads/cache/metadata-173.htm
07-05 12:54:08.648   545 25697 I DownloadManager: in removeSpuriousFiles, preserving file /data/data/com.android.providers.downloads/cache/metadata-271.htm
07-05 12:54:08.648   545 25697 I DownloadManager: in removeSpuriousFiles, preserving file /data/data/com.android.providers.downloads/cache/metadata-263.htm
07-05 12:54:08.648   545 25697 I DownloadManager: in removeSpuriousFiles, preserving file /data/data/com.android.providers.downloads/cache/metadata-491.htm
07-05 12:54:08.652   545 25697 I DownloadManager: in removeSpuriousFiles, preserving file /data/data/com.android.providers.downloads/cache/metadata-152.htm
07-05 12:54:08.652   545 25697 I DownloadManager: in removeSpuriousFiles, preserving file /data/data/com.android.providers.downloads/cache/metadata-361.htm
07-05 12:54:08.652   545 25697 I DownloadManager: in removeSpuriousFiles, preserving file /data/data/com.android.providers.downloads/cache/metadata-492.htm
07-05 12:54:08.652   545 25697 I DownloadManager: in removeSpuriousFiles, preserving file /data/data/com.android.providers.downloads/cache/metadata-1018.htm
07-05 12:54:08.656   545 25697 I DownloadManager: in removeSpuriousFiles, preserving file /data/data/com.android.providers.downloads/cache/metadata-2332.htm
07-05 12:54:08.656   545 25697 I DownloadManager: in removeSpuriousFiles, preserving file /data/data/com.android.providers.downloads/cache/metadata-272.htm
07-05 12:54:08.656   545 25697 I DownloadManager: in removeSpuriousFiles, preserving file /data/data/com.android.providers.downloads/cache/metadata-307.htm
07-05 12:54:08.656   545 25697 I DownloadManager: in removeSpuriousFiles, preserving file /data/data/com.android.providers.downloads/cache/metadata-2366.htm
07-05 12:54:08.656   545 25697 I DownloadManager: in removeSpuriousFiles, preserving file /data/data/com.android.providers.downloads/cache/metadata-483.htm
07-05 12:54:08.656   545 25697 I DownloadManager: in removeSpuriousFiles, preserving file /data/data/com.android.providers.downloads/cache/metadata-508.htm
07-05 12:54:08.656   545 25697 I DownloadManager: in removeSpuriousFiles, preserving file /data/data/com.android.providers.downloads/cache/metadata-1729.htm
07-05 12:54:08.656   545 25697 I DownloadManager: in removeSpuriousFiles, preserving file /data/data/com.android.providers.downloads/cache/metadata-1863.htm
07-05 12:54:08.656   545 25697 I DownloadManager: in removeSpuriousFiles, preserving file /data/data/com.android.providers.downloads/cache/metadata-844.htm
07-05 12:54:08.656   545 25697 I DownloadManager: in removeSpuriousFiles, preserving file /data/data/com.android.providers.downloads/cache/metadata-1574.htm
07-05 12:54:08.660   545 25697 I DownloadManager: in removeSpuriousFiles, preserving file /data/data/com.android.providers.downloads/cache/metadata-449.htm
07-05 12:54:08.660   545 25697 I DownloadManager: in removeSpuriousFiles, preserving file /data/data/com.android.providers.downloads/cache/metadata-106.htm
07-05 12:54:08.675   545 25697 I DownloadManager: in removeSpuriousFiles, preserving file /data/data/com.android.providers.downloads/cache/metadata-2067.htm
07-05 12:54:08.675   545 25697 I DownloadManager: in removeSpuriousFiles, preserving file /data/data/com.android.providers.downloads/cache/metadata-468.htm
07-05 12:54:08.675   545 25697 I DownloadManager: in removeSpuriousFiles, preserving file /data/data/com.android.providers.downloads/cache/metadata-373.htm
07-05 12:54:08.675   545 25697 I DownloadManager: in removeSpuriousFiles, preserving file /data/data/com.android.providers.downloads/cache/metadata-540.htm
07-05 12:54:08.675   545 25697 I DownloadManager: in removeSpuriousFiles, preserving file /data/data/com.android.providers.downloads/cache/metadata-162.htm
07-05 12:54:08.675   545 25697 I DownloadManager: in removeSpuriousFiles, preserving file /data/data/com.android.providers.downloads/cache/metadata-440.htm
07-05 12:54:08.675   545 25697 I DownloadManager: in removeSpuriousFiles, preserving file /data/data/com.android.providers.downloads/cache/metadata-600.htm
07-05 12:54:08.675   545 25697 I DownloadManager: in removeSpuriousFiles, preserving file /data/data/com.android.providers.downloads/cache/metadata-330.htm
07-05 12:54:08.675   545 25697 I DownloadManager: in removeSpuriousFiles, preserving file /data/data/com.android.providers.downloads/cache/metadata-1202.htm
07-05 12:54:08.675   545 25697 I DownloadManager: in removeSpuriousFiles, preserving file /data/data/com.android.providers.downloads/cache/metadata-401.htm
07-05 12:54:08.675   545 25697 I DownloadManager: in removeSpuriousFiles, preserving file /data/data/com.android.providers.downloads/cache/metadata-363.htm
07-05 12:54:08.675   545 25697 I DownloadManager: in removeSpuriousFiles, preserving file /data/data/com.android.providers.downloads/cache/metadata-560.htm
07-05 12:54:08.675   545 25697 I DownloadManager: in removeSpuriousFiles, preserving file /data/data/com.android.providers.downloads/cache/metadata-313.htm
07-05 12:54:08.675   545 25697 I DownloadManager: in removeSpuriousFiles, preserving file /data/data/com.android.providers.downloads/cache/metadata-238.htm
07-05 12:54:08.675   545 25697 I DownloadManager: in removeSpuriousFiles, preserving file /data/data/com.android.providers.downloads/cache/metadata-370.htm
07-05 12:54:08.679   545   548 D dalvikvm: GC_CONCURRENT freed 359K, 8% free 10895K/11719K, paused 1ms+3ms
07-05 12:54:08.679   545 25697 I DownloadManager: in removeSpuriousFiles, preserving file /data/data/com.android.providers.downloads/cache/metadata-535.htm
07-05 12:54:08.679   545 25697 I DownloadManager: in removeSpuriousFiles, preserving file /data/data/com.android.providers.downloads/cache/metadata-478.htm
07-05 12:54:08.683   545 25697 I DownloadManager: in removeSpuriousFiles, preserving file /data/data/com.android.providers.downloads/cache/metadata-993.htm
07-05 12:54:08.687   545 25697 I DownloadManager: in removeSpuriousFiles, preserving file /data/data/com.android.providers.downloads/cache/metadata-487.htm
07-05 12:54:08.687   545 25697 I DownloadManager: in removeSpuriousFiles, preserving file /data/data/com.android.providers.downloads/cache/metadata-425.htm
07-05 12:54:08.695   545 25697 I DownloadManager: in removeSpuriousFiles, preserving file /data/data/com.android.providers.downloads/cache/metadata-592.htm
07-05 12:54:08.695   545 25697 I DownloadManager: in removeSpuriousFiles, preserving file /data/data/com.android.providers.downloads/cache/metadata-558.htm
07-05 12:54:08.695   545 25697 I DownloadManager: in removeSpuriousFiles, preserving file /data/data/com.android.providers.downloads/cache/metadata-484.htm
07-05 12:54:08.695   545 25697 I DownloadManager: in removeSpuriousFiles, preserving file /data/data/com.android.providers.downloads/cache/metadata-526.htm
07-05 12:54:08.695   545 25697 I DownloadManager: in removeSpuriousFiles, preserving file /data/data/com.android.providers.downloads/cache/metadata-346.htm
07-05 12:54:08.699   545 25697 I DownloadManager: in removeSpuriousFiles, preserving file /data/data/com.android.providers.downloads/cache/metadata-1570.htm
07-05 12:54:08.699   545 25697 I DownloadManager: in removeSpuriousFiles, preserving file /data/data/com.android.providers.downloads/cache/metadata-1096.htm
07-05 12:54:08.699   545 25697 I DownloadManager: in removeSpuriousFiles, preserving file /data/data/com.android.providers.downloads/cache/metadata-1432.htm
07-05 12:54:08.699   545 25697 I DownloadManager: in removeSpuriousFiles, preserving file /data/data/com.android.providers.downloads/cache/metadata-1151.htm
07-05 12:54:08.699   545 25697 I DownloadManager: in removeSpuriousFiles, preserving file /data/data/com.android.providers.downloads/cache/metadata-1044.htm
07-05 12:54:08.699   545 25697 I DownloadManager: in removeSpuriousFiles, preserving file /data/data/com.android.providers.downloads/cache/metadata-537.htm
07-05 12:54:08.699   545 25697 I DownloadManager: in removeSpuriousFiles, preserving file /data/data/com.android.providers.downloads/cache/metadata-1534.htm
07-05 12:54:08.699   545 25697 I DownloadManager: in removeSpuriousFiles, preserving file /data/data/com.android.providers.downloads/cache/metadata-456.htm
07-05 12:54:08.699   545 25697 I DownloadManager: in removeSpuriousFiles, preserving file /data/data/com.android.providers.downloads/cache/metadata-451.htm
07-05 12:54:08.699   545 25697 I DownloadManager: in removeSpuriousFiles, preserving file /data/data/com.android.providers.downloads/cache/metadata-1217.htm
07-05 12:54:08.699   545 25697 I DownloadManager: in removeSpuriousFiles, preserving file /data/data/com.android.providers.downloads/cache/metadata-1118.htm
07-05 12:54:08.699   545 25697 I DownloadManager: in removeSpuriousFiles, preserving file /data/data/com.android.providers.downloads/cache/metadata-311.htm
07-05 12:54:08.699   545 25697 I DownloadManager: in removeSpuriousFiles, preserving file /data/data/com.android.providers.downloads/cache/metadata-841.htm
07-05 12:54:08.699   545 25697 I DownloadManager: in removeSpuriousFiles, preserving file /data/data/com.android.providers.downloads/cache/metadata-1752.htm
07-05 12:54:08.703   545 25697 I DownloadManager: in removeSpuriousFiles, preserving file /data/data/com.android.providers.downloads/cache/metadata-498.htm
07-05 12:54:08.703   545 25697 I DownloadManager: in removeSpuriousFiles, preserving file /data/data/com.android.providers.downloads/cache/metadata-391.htm
07-05 12:54:08.703   545 25697 I DownloadManager: in removeSpuriousFiles, preserving file /data/data/com.android.providers.downloads/cache/metadata-1970.htm
07-05 12:54:08.703   545 25697 I DownloadManager: in removeSpuriousFiles, preserving file /data/data/com.android.providers.downloads/cache/metadata-1071.htm
07-05 12:54:08.703   545 25697 I DownloadManager: in removeSpuriousFiles, preserving file /data/data/com.android.providers.downloads/cache/metadata-576.htm
07-05 12:54:08.703   545 25697 I DownloadManager: in removeSpuriousFiles, preserving file /data/data/com.android.providers.downloads/cache/metadata-493.htm
07-05 12:54:08.703   545 25697 I DownloadManager: in removeSpuriousFiles, preserving file /data/data/com.android.providers.downloads/cache/metadata-963.htm
07-05 12:54:08.703   545 25697 I DownloadManager: in removeSpuriousFiles, preserving file /data/data/com.android.providers.downloads/cache/metadata-482.htm
07-05 12:54:08.703   545 25697 I DownloadManager: in removeSpuriousFiles, preserving file /data/data/com.android.providers.downloads/cache/metadata-2000.htm
07-05 12:54:08.707   545 25697 I DownloadManager: in removeSpuriousFiles, preserving file /data/data/com.android.providers.downloads/cache/metadata-2056.htm
07-05 12:54:08.707   545 25697 I DownloadManager: in removeSpuriousFiles, preserving file /data/data/com.android.providers.downloads/cache/metadata-438.htm
07-05 12:54:08.707   545 25697 I DownloadManager: in removeSpuriousFiles, preserving file /data/data/com.android.providers.downloads/cache/metadata-1591.htm
07-05 12:54:08.707   545 25697 I DownloadManager: in removeSpuriousFiles, preserving file /data/data/com.android.providers.downloads/cache/metadata-2483.htm
07-05 12:54:08.707   545 25697 I DownloadManager: in removeSpuriousFiles, preserving file /data/data/com.android.providers.downloads/cache/metadata-1374.htm
07-05 12:54:08.707   545 25697 I DownloadManager: in removeSpuriousFiles, preserving file /data/data/com.android.providers.downloads/cache/metadata-455.htm
07-05 12:54:08.707   545 25697 I DownloadManager: in removeSpuriousFiles, preserving file /data/data/com.android.providers.downloads/cache/metadata-1989.htm
07-05 12:54:08.707   545 25697 I DownloadManager: in removeSpuriousFiles, preserving file /data/data/com.android.providers.downloads/cache/metadata-502.htm
07-05 12:54:08.707   545 25697 I DownloadManager: in removeSpuriousFiles, preserving file /data/data/com.android.providers.downloads/cache/metadata-752.htm
07-05 12:54:08.707   545 25697 I DownloadManager: in removeSpuriousFiles, preserving file /data/data/com.android.providers.downloads/cache/metadata-1072.htm
07-05 12:54:08.707   545 25697 I DownloadManager: in removeSpuriousFiles, preserving file /data/data/com.android.providers.downloads/cache/metadata-1017.htm
07-05 12:54:08.711   545 25697 I DownloadManager: in removeSpuriousFiles, preserving file /data/data/com.android.providers.downloads/cache/metadata-1277.htm
07-05 12:54:08.711   545 25697 I DownloadManager: in removeSpuriousFiles, preserving file /data/data/com.android.providers.downloads/cache/metadata-624.htm
07-05 12:54:08.711   545 25697 I DownloadManager: in removeSpuriousFiles, preserving file /data/data/com.android.providers.downloads/cache/metadata-2267.htm
07-05 12:54:08.711   545 25697 I DownloadManager: in removeSpuriousFiles, preserving file /data/data/com.android.providers.downloads/cache/metadata-599.htm
07-05 12:54:08.711   545 25697 I DownloadManager: in removeSpuriousFiles, preserving file /data/data/com.android.providers.downloads/cache/metadata-813.htm
07-05 12:54:08.711   545 25697 I DownloadManager: in removeSpuriousFiles, preserving file /data/data/com.android.providers.downloads/cache/metadata-340.htm
07-05 12:54:08.711   545 25697 I DownloadManager: in removeSpuriousFiles, preserving file /data/data/com.android.providers.downloads/cache/metadata-555.htm
07-05 12:54:08.711   545 25697 I DownloadManager: in removeSpuriousFiles, preserving file /data/data/com.android.providers.downloads/cache/metadata-1307.htm
07-05 12:54:08.715   545 25697 I DownloadManager: in removeSpuriousFiles, preserving file /data/data/com.android.providers.downloads/cache/metadata-811.htm
07-05 12:54:08.715   545 25697 I DownloadManager: in removeSpuriousFiles, preserving file /data/data/com.android.providers.downloads/cache/metadata-2260.htm
07-05 12:54:08.715   545 25697 I DownloadManager: in removeSpuriousFiles, preserving file /data/data/com.android.providers.downloads/cache/metadata-806.htm
07-05 12:54:08.715   545 25697 I DownloadManager: in removeSpuriousFiles, preserving file /data/data/com.android.providers.downloads/cache/metadata-516.htm
07-05 12:54:08.715   545 25697 I DownloadManager: in removeSpuriousFiles, preserving file /data/data/com.android.providers.downloads/cache/metadata-1464.htm
07-05 12:54:08.715   545 25697 I DownloadManager: in removeSpuriousFiles, preserving file /data/data/com.android.providers.downloads/cache/metadata-2349.htm
07-05 12:54:08.715   545 25697 I DownloadManager: in removeSpuriousFiles, preserving file /data/data/com.android.providers.downloads/cache/metadata-200.htm
07-05 12:54:08.718   545 25697 I DownloadManager: in removeSpuriousFiles, preserving file /data/data/com.android.providers.downloads/cache/metadata-220.htm
07-05 12:54:08.718   545 25697 I DownloadManager: in removeSpuriousFiles, preserving file /data/data/com.android.providers.downloads/cache/metadata-1331.htm
07-05 12:54:08.718   545 25697 I DownloadManager: in removeSpuriousFiles, preserving file /data/data/com.android.providers.downloads/cache/metadata-268.htm
07-05 12:54:08.718   545 25697 I DownloadManager: in removeSpuriousFiles, preserving file /data/data/com.android.providers.downloads/cache/metadata-1463.htm
07-05 12:54:08.718   545 25697 I DownloadManager: in removeSpuriousFiles, preserving file /data/data/com.android.providers.downloads/cache/metadata-332.htm
07-05 12:54:08.718   545 25697 I DownloadManager: in removeSpuriousFiles, preserving file /data/data/com.android.providers.downloads/cache/metadata-350.htm
07-05 12:54:08.718   545 25697 I DownloadManager: in removeSpuriousFiles, preserving file /data/data/com.android.providers.downloads/cache/metadata-61.htm
07-05 12:54:08.718   545 25697 I DownloadManager: in removeSpuriousFiles, preserving file /data/data/com.android.providers.downloads/cache/metadata-318.htm
07-05 12:54:08.718   545 25697 I DownloadManager: in removeSpuriousFiles, preserving file /data/data/com.android.providers.downloads/cache/metadata-356.htm
07-05 12:54:08.718   545 25697 I DownloadManager: in removeSpuriousFiles, preserving file /data/data/com.android.providers.downloads/cache/metadata-33.htm
07-05 12:54:08.718   545 25697 I DownloadManager: in removeSpuriousFiles, preserving file /data/data/com.android.providers.downloads/cache/metadata-1420.htm
07-05 12:54:08.718   545 25697 I DownloadManager: in removeSpuriousFiles, preserving file /data/data/com.android.providers.downloads/cache/metadata-88.htm
07-05 12:54:08.718   545 25697 I DownloadManager: in removeSpuriousFiles, preserving file /data/data/com.android.providers.downloads/cache/metadata-441.htm
07-05 12:54:08.718   545 25697 I DownloadManager: in removeSpuriousFiles, preserving file /data/data/com.android.providers.downloads/cache/metadata-69.htm
07-05 12:54:08.718   545 25697 I DownloadManager: in removeSpuriousFiles, preserving file /data/data/com.android.providers.downloads/cache/metadata-308.htm
07-05 12:54:08.718   545 25697 I DownloadManager: in removeSpuriousFiles, preserving file /data/data/com.android.providers.downloads/cache/metadata-342.htm
07-05 12:54:08.722   545 25697 I DownloadManager: in removeSpuriousFiles, preserving file /data/data/com.android.providers.downloads/cache/metadata-514.htm
07-05 12:54:08.722   545 25697 I DownloadManager: in removeSpuriousFiles, preserving file /data/data/com.android.providers.downloads/cache/metadata-287.htm
07-05 12:54:08.722   545 25697 I DownloadManager: in removeSpuriousFiles, preserving file /data/data/com.android.providers.downloads/cache/metadata-131.htm
07-05 12:54:08.722   545 25697 I DownloadManager: in removeSpuriousFiles, preserving file /data/data/com.android.providers.downloads/cache/metadata-877.htm
07-05 12:54:08.722   545 25697 I DownloadManager: in removeSpuriousFiles, preserving file /data/data/com.android.providers.downloads/cache/metadata-109.htm
07-05 12:54:08.722   545 25697 I DownloadManager: in removeSpuriousFiles, preserving file /data/data/com.android.providers.downloads/cache/metadata-258.htm
07-05 12:54:08.722   545 25697 I DownloadManager: in removeSpuriousFiles, preserving file /data/data/com.android.providers.downloads/cache/metadata-321.htm
07-05 12:54:08.722   545 25697 I DownloadManager: in removeSpuriousFiles, preserving file /data/data/com.android.providers.downloads/cache/metadata-2151.htm
07-05 12:54:08.722   545 25697 I DownloadManager: in removeSpuriousFiles, preserving file /data/data/com.android.providers.downloads/cache/metadata-290.htm
07-05 12:54:08.722   545 25697 I DownloadManager: in removeSpuriousFiles, preserving file /data/data/com.android.providers.downloads/cache/metadata-223.htm
07-05 12:54:08.722   545 25697 I DownloadManager: in removeSpuriousFiles, preserving file /data/data/com.android.providers.downloads/cache/metadata-364.htm
07-05 12:54:08.722   545 25697 I DownloadManager: in removeSpuriousFiles, preserving file /data/data/com.android.providers.downloads/cache/metadata-1201.htm
07-05 12:54:08.722   545 25697 I DownloadManager: in removeSpuriousFiles, preserving file /data/data/com.android.providers.downloads/cache/metadata-178.htm
07-05 12:54:08.726   545 25697 I DownloadManager: in removeSpuriousFiles, preserving file /data/data/com.android.providers.downloads/cache/metadata-1317.htm
07-05 12:54:08.726   545 25697 I DownloadManager: in removeSpuriousFiles, preserving file /data/data/com.android.providers.downloads/cache/metadata-943.htm
07-05 12:54:08.726   545 25697 I DownloadManager: in removeSpuriousFiles, preserving file /data/data/com.android.providers.downloads/cache/metadata-575.htm
07-05 12:54:08.726   545 25697 I DownloadManager: in removeSpuriousFiles, preserving file /data/data/com.android.providers.downloads/cache/metadata-377.htm
07-05 12:54:08.726   545 25697 I DownloadManager: in removeSpuriousFiles, preserving file /data/data/com.android.providers.downloads/cache/metadata-453.htm
07-05 12:54:08.726   545 25697 I DownloadManager: in removeSpuriousFiles, preserving file /data/data/com.android.providers.downloads/cache/metadata-657.htm
07-05 12:54:08.726   545 25697 I DownloadManager: in removeSpuriousFiles, preserving file /data/data/com.android.providers.downloads/cache/metadata-296.htm
07-05 12:54:08.726   545 25697 I DownloadManager: in removeSpuriousFiles, preserving file /data/data/com.android.providers.downloads/cache/metadata-1097.htm
07-05 12:54:08.726   545 25697 I DownloadManager: in removeSpuriousFiles, preserving file /data/data/com.android.providers.downloads/cache/metadata-1259.htm
07-05 12:54:08.726   545 25697 I DownloadManager: in removeSpuriousFiles, preserving file /data/data/com.android.providers.downloads/cache/metadata-2173.htm
07-05 12:54:08.726   545 25697 I DownloadManager: in removeSpuriousFiles, preserving file /data/data/com.android.providers.downloads/cache/metadata-1167.htm
07-05 12:54:08.726   545 25697 I DownloadManager: in removeSpuriousFiles, preserving file /data/data/com.android.providers.downloads/cache/metadata-98.htm
07-05 12:54:08.726   545 25697 I DownloadManager: in removeSpuriousFiles, preserving file /data/data/com.android.providers.downloads/cache/metadata-376.htm
07-05 12:54:08.730   545 25697 I DownloadManager: in removeSpuriousFiles, preserving file /data/data/com.android.providers.downloads/cache/metadata-1508.htm
07-05 12:54:08.730   545 25697 I DownloadManager: in removeSpuriousFiles, preserving file /data/data/com.android.providers.downloads/cache/metadata-1024.htm
07-05 12:54:08.730   545 25697 I DownloadManager: in removeSpuriousFiles, preserving file /data/data/com.android.providers.downloads/cache/metadata-1185.htm
07-05 12:54:08.730   545 25697 I DownloadManager: in removeSpuriousFiles, preserving file /data/data/com.android.providers.downloads/cache/metadata-733.htm
07-05 12:54:08.730   545 25697 I DownloadManager: in removeSpuriousFiles, preserving file /data/data/com.android.providers.downloads/cache/metadata-529.htm
07-05 12:54:08.730   545 25697 I DownloadManager: in removeSpuriousFiles, preserving file /data/data/com.android.providers.downloads/cache/metadata-435.htm
07-05 12:54:08.730   545 25697 I DownloadManager: in removeSpuriousFiles, preserving file /data/data/com.android.providers.downloads/cache/metadata-371.htm
07-05 12:54:08.730   545 25697 I DownloadManager: in removeSpuriousFiles, preserving file /data/data/com.android.providers.downloads/cache/metadata-766.htm
07-05 12:54:08.730   545 25697 I DownloadManager: in removeSpuriousFiles, preserving file /data/data/com.android.providers.downloads/cache/metadata-536.htm
07-05 12:54:08.730   545 25697 I DownloadManager: in removeSpuriousFiles, preserving file /data/data/com.android.providers.downloads/cache/metadata-344.htm
07-05 12:54:08.730   545 25697 I DownloadManager: in removeSpuriousFiles, preserving file /data/data/com.android.providers.downloads/cache/metadata-890.htm
07-05 12:54:08.734   545 25697 I DownloadManager: in removeSpuriousFiles, preserving file /data/data/com.android.providers.downloads/cache/metadata-528.htm
07-05 12:54:08.734   545 25697 I DownloadManager: in removeSpuriousFiles, preserving file /data/data/com.android.providers.downloads/cache/metadata-99.htm
07-05 12:54:08.734   545 25697 I DownloadManager: in removeSpuriousFiles, preserving file /data/data/com.android.providers.downloads/cache/metadata-429.htm
07-05 12:54:08.734   545 25697 I DownloadManager: in removeSpuriousFiles, preserving file /data/data/com.android.providers.downloads/cache/metadata-679.htm
07-05 12:54:08.734   545 25697 I DownloadManager: in removeSpuriousFiles, preserving file /data/data/com.android.providers.downloads/cache/metadata-887.htm
07-05 12:54:08.734   545 25697 I DownloadManager: in removeSpuriousFiles, preserving file /data/data/com.android.providers.downloads/cache/metadata-506.htm
07-05 12:54:08.734   545 25697 I DownloadManager: in removeSpuriousFiles, preserving file /data/data/com.android.providers.downloads/cache/metadata-778.htm
07-05 12:54:08.734   545 25697 I DownloadManager: in removeSpuriousFiles, preserving file /data/data/com.android.providers.downloads/cache/metadata-2512.htm
07-05 12:54:08.738   545 25697 I DownloadManager: in removeSpuriousFiles, preserving file /data/data/com.android.providers.downloads/cache/metadata-731.htm
07-05 12:54:08.738   545 25697 I DownloadManager: in removeSpuriousFiles, preserving file /data/data/com.android.providers.downloads/cache/metadata-333.htm
07-05 12:54:08.738   545 25697 I DownloadManager: in removeSpuriousFiles, preserving file /data/data/com.android.providers.downloads/cache/metadata-437.htm
07-05 12:54:08.738   545 25697 I DownloadManager: in removeSpuriousFiles, preserving file /data/data/com.android.providers.downloads/cache/metadata-786.htm
07-05 12:54:08.738   545 25697 I DownloadManager: in removeSpuriousFiles, preserving file /data/data/com.android.providers.downloads/cache/metadata-574.htm
07-05 12:54:08.738   545 25697 I DownloadManager: in removeSpuriousFiles, preserving file /data/data/com.android.providers.downloads/cache/metadata-1383.htm
07-05 12:54:08.738   545 25697 I DownloadManager: in removeSpuriousFiles, preserving file /data/data/com.android.providers.downloads/cache/metadata-548.htm
07-05 12:54:08.738   545 25697 I DownloadManager: in removeSpuriousFiles, preserving file /data/data/com.android.providers.downloads/cache/metadata-1832.htm
07-05 12:54:08.738   545 25697 I DownloadManager: in removeSpuriousFiles, preserving file /data/data/com.android.providers.downloads/cache/metadata-634.htm
07-05 12:54:08.738   545 25697 I DownloadManager: in removeSpuriousFiles, preserving file /data/data/com.android.providers.downloads/cache/metadata-1492.htm
07-05 12:54:08.738   545 25697 I DownloadManager: in removeSpuriousFiles, preserving file /data/data/com.android.providers.downloads/cache/metadata-1476.htm
07-05 12:54:08.742   545 25697 I DownloadManager: in removeSpuriousFiles, preserving file /data/data/com.android.providers.downloads/cache/metadata-531.htm
07-05 12:54:08.742   545 25697 I DownloadManager: in removeSpuriousFiles, preserving file /data/data/com.android.providers.downloads/cache/metadata-1058.htm
07-05 12:54:08.742   545 25697 I DownloadManager: in removeSpuriousFiles, preserving file /data/data/com.android.providers.downloads/cache/metadata-736.htm
07-05 12:54:08.742   545 25697 I DownloadManager: in removeSpuriousFiles, preserving file /data/data/com.android.providers.downloads/cache/metadata-573.htm
07-05 12:54:08.742   545 25697 I DownloadManager: in removeSpuriousFiles, preserving file /data/data/com.android.providers.downloads/cache/metadata-1022.htm
07-05 12:54:08.742   545 25697 I DownloadManager: in removeSpuriousFiles, preserving file /data/data/com.android.providers.downloads/cache/metadata-475.htm
07-05 12:54:08.742   545 25697 I DownloadManager: in removeSpuriousFiles, preserving file /data/data/com.android.providers.downloads/cache/metadata-1313.htm
07-05 12:54:08.742   545 25697 I DownloadManager: in removeSpuriousFiles, preserving file /data/data/com.android.providers.downloads/cache/metadata-638.htm
07-05 12:54:08.742   545 25697 I DownloadManager: in removeSpuriousFiles, preserving file /data/data/com.android.providers.downloads/cache/metadata-490.htm
07-05 12:54:08.742   545 25697 I DownloadManager: in removeSpuriousFiles, preserving file /data/data/com.android.providers.downloads/cache/metadata-1319.htm
07-05 12:54:08.742   545 25697 I DownloadManager: in removeSpuriousFiles, preserving file /data/data/com.android.providers.downloads/cache/metadata-591.htm
07-05 12:54:08.746   545 25697 I DownloadManager: in removeSpuriousFiles, preserving file /data/data/com.android.providers.downloads/cache/metadata-1862.htm
07-05 12:54:08.746   545 25697 I DownloadManager: in removeSpuriousFiles, preserving file /data/data/com.android.providers.downloads/cache/metadata-1371.htm
07-05 12:54:08.746   545 25697 I DownloadManager: in removeSpuriousFiles, preserving file /data/data/com.android.providers.downloads/cache/metadata-378.htm
07-05 12:54:08.746   545 25697 I DownloadManager: in removeSpuriousFiles, preserving file /data/data/com.android.providers.downloads/cache/metadata-1940.htm
07-05 12:54:08.746   545 25697 I DownloadManager: in removeSpuriousFiles, preserving file /data/data/com.android.providers.downloads/cache/metadata-1784.htm
07-05 12:54:08.746   545 25697 I DownloadManager: in removeSpuriousFiles, preserving file /data/data/com.android.providers.downloads/cache/metadata-1954.htm
07-05 12:54:08.746   545 25697 I DownloadManager: in removeSpuriousFiles, preserving file /data/data/com.android.providers.downloads/cache/metadata-2003.htm
07-05 12:54:08.746   545 25697 I DownloadManager: in removeSpuriousFiles, preserving file /data/data/com.android.providers.downloads/cache/metadata-553.htm
07-05 12:54:08.746   545 25697 I DownloadManager: in removeSpuriousFiles, preserving file /data/data/com.android.providers.downloads/cache/metadata-542.htm
07-05 12:54:08.746   545 25697 I DownloadManager: in removeSpuriousFiles, preserving file /data/data/com.android.providers.downloads/cache/metadata-611.htm
07-05 12:54:08.746   545 25697 I DownloadManager: in removeSpuriousFiles, preserving file /data/data/com.android.providers.downloads/cache/metadata-561.htm
07-05 12:54:08.750   545 25697 I DownloadManager: in removeSpuriousFiles, preserving file /data/data/com.android.providers.downloads/cache/metadata-1120.htm
07-05 12:54:08.750   545 25697 I DownloadManager: in removeSpuriousFiles, preserving file /data/data/com.android.providers.downloads/cache/metadata-1662.htm
07-05 12:54:08.750   545 25697 I DownloadManager: in removeSpuriousFiles, preserving file /data/data/com.android.providers.downloads/cache/metadata-532.htm
07-05 12:54:08.754   545 25697 I DownloadManager: in removeSpuriousFiles, preserving file /data/data/com.android.providers.downloads/cache/metadata-596.htm
07-05 12:54:08.754   545 25697 I DownloadManager: in removeSpuriousFiles, preserving file /data/data/com.android.providers.downloads/cache/metadata-2174.htm
07-05 12:54:08.754   545 25697 I DownloadManager: in removeSpuriousFiles, preserving file /data/data/com.android.providers.downloads/cache/metadata-1512.htm
07-05 12:54:08.754   545 25697 I DownloadManager: in removeSpuriousFiles, preserving file /data/data/com.android.providers.downloads/cache/metadata-720.htm
07-05 12:54:08.754   545 25697 I DownloadManager: in removeSpuriousFiles, preserving file /data/data/com.android.providers.downloads/cache/metadata-582.htm
07-05 12:54:08.754   545 25697 I DownloadManager: in removeSpuriousFiles, preserving file /data/data/com.android.providers.downloads/cache/metadata-1229.htm
07-05 12:54:08.754   545 25697 I DownloadManager: in removeSpuriousFiles, preserving file /data/data/com.android.providers.downloads/cache/metadata-913.htm
07-05 12:54:08.754   545 25697 I DownloadManager: in removeSpuriousFiles, preserving file /data/data/com.android.providers.downloads/cache/metadata-1531.htm
07-05 12:54:08.754   545 25697 I DownloadManager: in removeSpuriousFiles, preserving file /data/data/com.android.providers.downloads/cache/metadata-1693.htm
07-05 12:54:08.754   545 25697 I DownloadManager: in removeSpuriousFiles, preserving file /data/data/com.android.providers.downloads/cache/metadata-541.htm
07-05 12:54:08.758   545 25697 I DownloadManager: in removeSpuriousFiles, preserving file /data/data/com.android.providers.downloads/cache/metadata-699.htm
07-05 12:54:08.758   545 25697 I DownloadManager: in removeSpuriousFiles, preserving file /data/data/com.android.providers.downloads/cache/metadata-1391.htm
07-05 12:54:08.758   545 25697 I DownloadManager: in removeSpuriousFiles, preserving file /data/data/com.android.providers.downloads/cache/metadata-703.htm
07-05 12:54:08.758   545 25697 I DownloadManager: in removeSpuriousFiles, preserving file /data/data/com.android.providers.downloads/cache/metadata-545.htm
07-05 12:54:08.758   545 25697 I DownloadManager: in removeSpuriousFiles, preserving file /data/data/com.android.providers.downloads/cache/metadata-616.htm
07-05 12:54:08.758   545 25697 I DownloadManager: in removeSpuriousFiles, preserving file /data/data/com.android.providers.downloads/cache/metadata-1718.htm
07-05 12:54:08.758   545 25697 I DownloadManager: in removeSpuriousFiles, preserving file /data/data/com.android.providers.downloads/cache/metadata-2029.htm
07-05 12:54:08.758   545 25697 I DownloadManager: in removeSpuriousFiles, preserving file /data/data/com.android.providers.downloads/cache/metadata-1549.htm
07-05 12:54:08.758   545 25697 I DownloadManager: in removeSpuriousFiles, preserving file /data/data/com.android.providers.downloads/cache/metadata-1938.htm
07-05 12:54:08.761   545 25697 I DownloadManager: in removeSpuriousFiles, preserving file /data/data/com.android.providers.downloads/cache/metadata-1204.htm
07-05 12:54:08.761   545 25697 I DownloadManager: in removeSpuriousFiles, preserving file /data/data/com.android.providers.downloads/cache/metadata-1302.htm
07-05 12:54:08.761   545 25697 I DownloadManager: in removeSpuriousFiles, preserving file /data/data/com.android.providers.downloads/cache/metadata-2168.htm
07-05 12:54:08.761   545 25697 I DownloadManager: in removeSpuriousFiles, preserving file /data/data/com.android.providers.downloads/cache/metadata-791.htm
07-05 12:54:08.761   545 25697 I DownloadManager: in removeSpuriousFiles, preserving file /data/data/com.android.providers.downloads/cache/metadata-1404.htm
07-05 12:54:08.761   545 25697 I DownloadManager: in removeSpuriousFiles, preserving file /data/data/com.android.providers.downloads/cache/metadata-1128.htm
07-05 12:54:08.761   545 25697 I DownloadManager: in removeSpuriousFiles, preserving file /data/data/com.android.providers.downloads/cache/metadata-410.htm
07-05 12:54:08.761   545 25697 I DownloadManager: in removeSpuriousFiles, preserving file /data/data/com.android.providers.downloads/cache/metadata-479.htm
07-05 12:54:08.765   545 25697 I DownloadManager: in removeSpuriousFiles, preserving file /data/data/com.android.providers.downloads/cache/metadata-3.htm
07-05 12:54:08.765   545 25697 I DownloadManager: in removeSpuriousFiles, preserving file /data/data/com.android.providers.downloads/cache/metadata-7.htm
07-05 12:54:08.765   545 25697 I DownloadManager: in removeSpuriousFiles, preserving file /data/data/com.android.providers.downloads/cache/metadata-95.htm
07-05 12:54:08.765   545 25697 I DownloadManager: in removeSpuriousFiles, preserving file /data/data/com.android.providers.downloads/cache/metadata-444.htm
07-05 12:54:08.765   545 25697 I DownloadManager: in removeSpuriousFiles, preserving file /data/data/com.android.providers.downloads/cache/metadata-137.htm
07-05 12:54:08.765   545 25697 I DownloadManager: in removeSpuriousFiles, preserving file /data/data/com.android.providers.downloads/cache/metadata-86.htm
07-05 12:54:08.765   545 25697 I DownloadManager: in removeSpuriousFiles, preserving file /data/data/com.android.providers.downloads/cache/metadata-1101.htm
07-05 12:54:08.765   545 25697 I DownloadManager: in removeSpuriousFiles, preserving file /data/data/com.android.providers.downloads/cache/metadata-167.htm
07-05 12:54:08.765   545 25697 I DownloadManager: in removeSpuriousFiles, preserving file /data/data/com.android.providers.downloads/cache/metadata-393.htm
07-05 12:54:08.765   545 25697 I DownloadManager: in removeSpuriousFiles, preserving file /data/data/com.android.providers.downloads/cache/metadata-517.htm
07-05 12:54:08.765   545 25697 I DownloadManager: in removeSpuriousFiles, preserving file /data/data/com.android.providers.downloads/cache/metadata-1358.htm
07-05 12:54:08.765   545 25697 I DownloadManager: in removeSpuriousFiles, preserving file /data/data/com.android.providers.downloads/cache/metadata-1067.htm
07-05 12:54:08.765   545 25697 I DownloadManager: in removeSpuriousFiles, preserving file /data/data/com.android.providers.downloads/cache/metadata-339.htm
07-05 12:54:08.765   545 25697 I DownloadManager: in removeSpuriousFiles, preserving file /data/data/com.android.providers.downloads/cache/metadata-1786.htm
07-05 12:54:08.765   545 25697 I DownloadManager: in removeSpuriousFiles, preserving file /data/data/com.android.providers.downloads/cache/metadata-309.htm
07-05 12:54:08.765   545 25697 I DownloadManager: in removeSpuriousFiles, preserving file /data/data/com.android.providers.downloads/cache/metadata-2229.htm
07-05 12:54:08.769   545 25697 I DownloadManager: in removeSpuriousFiles, preserving file /data/data/com.android.providers.downloads/cache/metadata-1021.htm
07-05 12:54:08.769   545 25697 I DownloadManager: in removeSpuriousFiles, preserving file /data/data/com.android.providers.downloads/cache/metadata-512.htm
07-05 12:54:08.769   545 25697 I DownloadManager: in removeSpuriousFiles, preserving file /data/data/com.android.providers.downloads/cache/metadata-610.htm
07-05 12:54:08.769   545 25697 I DownloadManager: in removeSpuriousFiles, preserving file /data/data/com.android.providers.downloads/cache/metadata-1284.htm
07-05 12:54:08.769   545 25697 I DownloadManager: in removeSpuriousFiles, preserving file /data/data/com.android.providers.downloads/cache/metadata-352.htm
07-05 12:54:08.769   545 25697 I DownloadManager: in removeSpuriousFiles, preserving file /data/data/com.android.providers.downloads/cache/metadata-499.htm
07-05 12:54:08.769   545 25697 I DownloadManager: in removeSpuriousFiles, preserving file /data/data/com.android.providers.downloads/cache/metadata-443.htm
07-05 12:54:08.769   545 25697 I DownloadManager: in removeSpuriousFiles, preserving file /data/data/com.android.providers.downloads/cache/metadata-402.htm
07-05 12:54:08.769   545 25697 I DownloadManager: in removeSpuriousFiles, preserving file /data/data/com.android.providers.downloads/cache/metadata-629.htm
07-05 12:54:08.769   545 25697 I DownloadManager: in removeSpuriousFiles, preserving file /data/data/com.android.providers.downloads/cache/metadata-1261.htm
07-05 12:54:08.769   545 25697 I DownloadManager: in removeSpuriousFiles, preserving file /data/data/com.android.providers.downloads/cache/metadata-177.htm
07-05 12:54:08.769   545 25697 I DownloadManager: in removeSpuriousFiles, preserving file /data/data/com.android.providers.downloads/cache/metadata-1290.htm
07-05 12:54:08.769   545 25697 I DownloadManager: in removeSpuriousFiles, preserving file /data/data/com.android.providers.downloads/cache/metadata-527.htm
07-05 12:54:08.773   545 25697 I DownloadManager: in removeSpuriousFiles, preserving file /data/data/com.android.providers.downloads/cache/metadata-547.htm
07-05 12:54:08.773   545 25697 I DownloadManager: in removeSpuriousFiles, preserving file /data/data/com.android.providers.downloads/cache/metadata-728.htm
07-05 12:54:08.773   545 25697 I DownloadManager: in removeSpuriousFiles, preserving file /data/data/com.android.providers.downloads/cache/metadata-477.htm
07-05 12:54:08.773   545 25697 I DownloadManager: in removeSpuriousFiles, preserving file /data/data/com.android.providers.downloads/cache/metadata-293.htm
07-05 12:54:08.773   545 25697 I DownloadManager: in removeSpuriousFiles, preserving file /data/data/com.android.providers.downloads/cache/metadata-941.htm
07-05 12:54:08.773   545 25697 I DownloadManager: in removeSpuriousFiles, preserving file /data/data/com.android.providers.downloads/cache/metadata-1316.htm
07-05 12:54:08.773   545 25697 I DownloadManager: in removeSpuriousFiles, preserving file /data/data/com.android.providers.downloads/cache/metadata-557.htm
07-05 12:54:08.773   545 25697 I DownloadManager: in removeSpuriousFiles, preserving file /data/data/com.android.providers.downloads/cache/metadata-567.htm
07-05 12:54:08.773   545 25697 I DownloadManager: in removeSpuriousFiles, preserving file /data/data/com.android.providers.downloads/cache/metadata-1451.htm
07-05 12:54:08.773   545 25697 I DownloadManager: in removeSpuriousFiles, preserving file /data/data/com.android.providers.downloads/cache/metadata-783.htm
07-05 12:54:08.777   545 25697 I DownloadManager: in removeSpuriousFiles, preserving file /data/data/com.android.providers.downloads/cache/metadata-937.htm
07-05 12:54:08.777   545 25697 I DownloadManager: in removeSpuriousFiles, preserving file /data/data/com.android.providers.downloads/cache/metadata-433.htm
07-05 12:54:08.777   545 25697 I DownloadManager: in removeSpuriousFiles, preserving file /data/data/com.android.providers.downloads/cache/metadata-1418.htm
07-05 12:54:08.777   545 25697 I DownloadManager: in removeSpuriousFiles, preserving file /data/data/com.android.providers.downloads/cache/metadata-2526.htm
07-05 12:54:08.777   545 25697 I DownloadManager: in removeSpuriousFiles, preserving file /data/data/com.android.providers.downloads/cache/metadata-179.htm
07-05 12:54:08.777   545 25697 I DownloadManager: in removeSpuriousFiles, preserving file /data/data/com.android.providers.downloads/cache/metadata-1150.htm
07-05 12:54:08.777   545 25697 I DownloadManager: in removeSpuriousFiles, preserving file /data/data/com.android.providers.downloads/cache/metadata-448.htm
07-05 12:54:08.777   545 25697 I DownloadManager: in removeSpuriousFiles, preserving file /data/data/com.android.providers.downloads/cache/metadata-1035.htm
07-05 12:54:08.777   545 25697 I DownloadManager: in removeSpuriousFiles, preserving file /data/data/com.android.providers.downloads/cache/metadata-821.htm
07-05 12:54:08.777   545 25697 I DownloadManager: in removeSpuriousFiles, preserving file /data/data/com.android.providers.downloads/cache/metadata-1443.htm
07-05 12:54:08.777   545 25697 I DownloadManager: in removeSpuriousFiles, preserving file /data/data/com.android.providers.downloads/cache/metadata-828.htm
07-05 12:54:08.777   545 25697 I DownloadManager: in removeSpuriousFiles, preserving file /data/data/com.android.providers.downloads/cache/metadata-1645.htm
07-05 12:54:08.781   545 25697 I DownloadManager: in removeSpuriousFiles, preserving file /data/data/com.android.providers.downloads/cache/metadata-572.htm
07-05 12:54:08.781   545 25697 I DownloadManager: in removeSpuriousFiles, preserving file /data/data/com.android.providers.downloads/cache/metadata-423.htm
07-05 12:54:08.781   545 25697 I DownloadManager: in removeSpuriousFiles, preserving file /data/data/com.android.providers.downloads/cache/metadata-454.htm
07-05 12:54:08.781   545 25697 I DownloadManager: in removeSpuriousFiles, preserving file /data/data/com.android.providers.downloads/cache/metadata-2083.htm
07-05 12:54:08.781   545 25697 I DownloadManager: in removeSpuriousFiles, preserving file /data/data/com.android.providers.downloads/cache/metadata-1482.htm
07-05 12:54:08.781   545 25697 I DownloadManager: in removeSpuriousFiles, preserving file /data/data/com.android.providers.downloads/cache/metadata-588.htm
07-05 12:54:08.781   545 25697 I DownloadManager: in removeSpuriousFiles, preserving file /data/data/com.android.providers.downloads/cache/metadata-1122.htm
07-05 12:54:08.781   545 25697 I DownloadManager: in removeSpuriousFiles, preserving file /data/data/com.android.providers.downloads/cache/metadata-562.htm
07-05 12:54:08.781   545 25697 I DownloadManager: in removeSpuriousFiles, preserving file /data/data/com.android.providers.downloads/cache/metadata-979.htm
07-05 12:54:08.781   545 25697 I DownloadManager: in removeSpuriousFiles, preserving file /data/data/com.android.providers.downloads/cache/metadata-1883.htm
07-05 12:54:08.789   545 25697 I DownloadManager: in removeSpuriousFiles, preserving file /data/data/com.android.providers.downloads/cache/metadata-1347.htm
07-05 12:54:08.789   545 25697 I DownloadManager: in removeSpuriousFiles, preserving file /data/data/com.android.providers.downloads/cache/metadata-1203.htm
07-05 12:54:08.789   545 25697 I DownloadManager: in removeSpuriousFiles, preserving file /data/data/com.android.providers.downloads/cache/metadata-1233.htm
07-05 12:54:08.789   545 25697 I DownloadManager: in removeSpuriousFiles, preserving file /data/data/com.android.providers.downloads/cache/metadata-1327.htm
07-05 12:54:08.789   545 25697 I DownloadManager: in removeSpuriousFiles, preserving file /data/data/com.android.providers.downloads/cache/metadata-1091.htm
07-05 12:54:08.789   545 25697 I DownloadManager: in removeSpuriousFiles, preserving file /data/data/com.android.providers.downloads/cache/metadata-1442.htm
07-05 12:54:08.789   545 25697 I DownloadManager: in removeSpuriousFiles, preserving file /data/data/com.android.providers.downloads/cache/metadata-969.htm
07-05 12:54:08.789   545 25697 I DownloadManager: in removeSpuriousFiles, preserving file /data/data/com.android.providers.downloads/cache/metadata-689.htm
07-05 12:54:08.789   545 25697 I DownloadManager: in removeSpuriousFiles, preserving file /data/data/com.android.providers.downloads/cache/metadata-1038.htm
07-05 12:54:08.789   545 25697 I DownloadManager: in removeSpuriousFiles, preserving file /data/data/com.android.providers.downloads/cache/metadata-1447.htm
07-05 12:54:08.789   545 25697 I DownloadManager: in removeSpuriousFiles, preserving file /data/data/com.android.providers.downloads/cache/metadata-1459.htm
07-05 12:54:08.789   545 25697 I DownloadManager: in removeSpuriousFiles, preserving file /data/data/com.android.providers.downloads/cache/metadata-649.htm
07-05 12:54:08.793   545 25697 I DownloadManager: in removeSpuriousFiles, preserving file /data/data/com.android.providers.downloads/cache/metadata-1622.htm
07-05 12:54:08.793   545 25697 I DownloadManager: in removeSpuriousFiles, preserving file /data/data/com.android.providers.downloads/cache/metadata-1579.htm
07-05 12:54:08.793   545 25697 I DownloadManager: in removeSpuriousFiles, preserving file /data/data/com.android.providers.downloads/cache/metadata-2446.htm
07-05 12:54:08.793   545 25697 I DownloadManager: in removeSpuriousFiles, preserving file /data/data/com.android.providers.downloads/cache/metadata-1433.htm
07-05 12:54:08.793   545 25697 I DownloadManager: in removeSpuriousFiles, preserving file /data/data/com.android.providers.downloads/cache/metadata-533.htm
07-05 12:54:08.793   545 25697 I DownloadManager: in removeSpuriousFiles, preserving file /data/data/com.android.providers.downloads/cache/metadata-559.htm
07-05 12:54:08.793   545 25697 I DownloadManager: in removeSpuriousFiles, preserving file /data/data/com.android.providers.downloads/cache/metadata-2553.htm
07-05 12:54:08.793   545 25697 I DownloadManager: in removeSpuriousFiles, preserving file /data/data/com.android.providers.downloads/cache/metadata-366.htm
07-05 12:54:08.793   545 25697 I DownloadManager: in removeSpuriousFiles, preserving file /data/data/com.android.providers.downloads/cache/metadata-1966.htm
07-05 12:54:08.793   545 25697 I DownloadManager: in removeSpuriousFiles, preserving file /data/data/com.android.providers.downloads/cache/metadata-1193.htm
07-05 12:54:08.793   545 25697 I DownloadManager: in removeSpuriousFiles, preserving file /data/data/com.android.providers.downloads/cache/metadata-471.htm
07-05 12:54:08.797   545 25697 I DownloadManager: in removeSpuriousFiles, preserving file /data/data/com.android.providers.downloads/cache/metadata-837.htm
07-05 12:54:08.797   545 25697 I DownloadManager: in removeSpuriousFiles, preserving file /data/data/com.android.providers.downloads/cache/metadata-1053.htm
07-05 12:54:08.797   545 25697 I DownloadManager: in removeSpuriousFiles, preserving file /data/data/com.android.providers.downloads/cache/metadata-614.htm
07-05 12:54:08.797   545 25697 I DownloadManager: in removeSpuriousFiles, preserving file /data/data/com.android.providers.downloads/cache/metadata-597.htm
07-05 12:54:08.797   545 25697 I DownloadManager: in removeSpuriousFiles, preserving file /data/data/com.android.providers.downloads/cache/metadata-525.htm
07-05 12:54:08.797   545 25697 I DownloadManager: in removeSpuriousFiles, preserving file /data/data/com.android.providers.downloads/cache/metadata-1390.htm
07-05 12:54:08.797   545 25697 I DownloadManager: in removeSpuriousFiles, preserving file /data/data/com.android.providers.downloads/cache/metadata-987.htm
07-05 12:54:08.797   545 25697 I DownloadManager: in removeSpuriousFiles, preserving file /data/data/com.android.providers.downloads/cache/metadata-1273.htm
07-05 12:54:08.797   545 25697 I DownloadManager: in removeSpuriousFiles, preserving file /data/data/com.android.providers.downloads/cache/metadata-965.htm
07-05 12:54:08.797   545 25697 I DownloadManager: in removeSpuriousFiles, preserving file /data/data/com.android.providers.downloads/cache/metadata-1647.htm
07-05 12:54:08.797   545 25697 I DownloadManager: in removeSpuriousFiles, preserving file /data/data/com.android.providers.downloads/cache/metadata-458.htm
07-05 12:54:08.800   545 25697 I DownloadManager: in removeSpuriousFiles, preserving file /data/data/com.android.providers.downloads/cache/metadata-1090.htm
07-05 12:54:08.800   545 25697 I DownloadManager: in removeSpuriousFiles, preserving file /data/data/com.android.providers.downloads/cache/metadata-1646.htm
07-05 12:54:08.800   545 25697 I DownloadManager: in removeSpuriousFiles, preserving file /data/data/com.android.providers.downloads/cache/metadata-509.htm
07-05 12:54:08.800   545 25697 I DownloadManager: in removeSpuriousFiles, preserving file /data/data/com.android.providers.downloads/cache/metadata-1435.htm
07-05 12:54:08.800   545 25697 I DownloadManager: in removeSpuriousFiles, preserving file /data/data/com.android.providers.downloads/cache/metadata-524.htm
07-05 12:54:08.800   545 25697 I DownloadManager: in removeSpuriousFiles, preserving file /data/data/com.android.providers.downloads/cache/metadata-577.htm
07-05 12:54:08.800   545 25697 I DownloadManager: in removeSpuriousFiles, preserving file /data/data/com.android.providers.downloads/cache/metadata-2042.htm
07-05 12:54:08.800   545 25697 I DownloadManager: in removeSpuriousFiles, preserving file /data/data/com.android.providers.downloads/cache/metadata-866.htm
07-05 12:54:08.800   545 25697 I DownloadManager: in removeSpuriousFiles, preserving file /data/data/com.android.providers.downloads/cache/metadata-606.htm
07-05 12:54:08.800   545 25697 I DownloadManager: in removeSpuriousFiles, preserving file /data/data/com.android.providers.downloads/cache/metadata-603.htm
07-05 12:54:08.804   545 25697 I DownloadManager: in removeSpuriousFiles, preserving file /data/data/com.android.providers.downloads/cache/metadata-1388.htm
07-05 12:54:08.804   545 25697 I DownloadManager: in removeSpuriousFiles, preserving file /data/data/com.android.providers.downloads/cache/metadata-820.htm
07-05 12:54:08.804   545 25697 I DownloadManager: in removeSpuriousFiles, preserving file /data/data/com.android.providers.downloads/cache/metadata-538.htm
07-05 12:54:08.804   545 25697 I DownloadManager: in removeSpuriousFiles, preserving file /data/data/com.android.providers.downloads/cache/metadata-1108.htm
07-05 12:54:08.804   545 25697 I DownloadManager: in removeSpuriousFiles, preserving file /data/data/com.android.providers.downloads/cache/metadata-681.htm
07-05 12:54:08.804   545 25697 I DownloadManager: in removeSpuriousFiles, preserving file /data/data/com.android.providers.downloads/cache/metadata-470.htm
07-05 12:54:08.804   545 25697 I DownloadManager: in removeSpuriousFiles, preserving file /data/data/com.android.providers.downloads/cache/metadata-1416.htm
07-05 12:54:08.804   545 25697 I DownloadManager: in removeSpuriousFiles, preserving file /data/data/com.android.providers.downloads/cache/metadata-1888.htm
07-05 12:54:08.804   545 25697 I DownloadManager: in removeSpuriousFiles, preserving file /data/data/com.android.providers.downloads/cache/metadata-923.htm
07-05 12:54:08.808   545 25697 I DownloadManager: in removeSpuriousFiles, preserving file /data/data/com.android.providers.downloads/cache/metadata-1263.htm
07-05 12:54:08.808   545 25697 I DownloadManager: in removeSpuriousFiles, preserving file /data/data/com.android.providers.downloads/cache/metadata-584.htm
07-05 12:54:08.808   545 25697 I DownloadManager: in removeSpuriousFiles, preserving file /data/data/com.android.providers.downloads/cache/metadata-1462.htm
07-05 12:54:08.808   545 25697 I DownloadManager: in removeSpuriousFiles, preserving file /data/data/com.android.providers.downloads/cache/metadata-1842.htm
07-05 12:54:08.808   545 25697 I DownloadManager: in removeSpuriousFiles, preserving file /data/data/com.android.providers.downloads/cache/metadata-1133.htm
07-05 12:54:08.808   545 25697 I DownloadManager: in removeSpuriousFiles, preserving file /data/data/com.android.providers.downloads/cache/metadata-966.htm
07-05 12:54:08.808   545 25697 I DownloadManager: in removeSpuriousFiles, preserving file /data/data/com.android.providers.downloads/cache/metadata-891.htm
07-05 12:54:08.812   545 25697 I DownloadManager: in removeSpuriousFiles, preserving file /data/data/com.android.providers.downloads/cache/metadata.htm
07-05 12:54:08.812   545 25697 I DownloadManager: in removeSpuriousFiles, preserving file /data/data/com.android.providers.downloads/cache/metadata-9.htm
07-05 12:54:08.812   545 25697 I DownloadManager: in removeSpuriousFiles, preserving file /data/data/com.android.providers.downloads/cache/metadata-744.htm
07-05 12:54:08.812   545 25697 I DownloadManager: in removeSpuriousFiles, preserving file /data/data/com.android.providers.downloads/cache/metadata-4.htm
07-05 12:54:08.812   545 25697 I DownloadManager: in removeSpuriousFiles, preserving file /data/data/com.android.providers.downloads/cache/metadata-10.htm
07-05 12:54:08.812   545 25697 I DownloadManager: in removeSpuriousFiles, preserving file /data/data/com.android.providers.downloads/cache/metadata-14.htm
07-05 12:54:08.812   545 25697 I DownloadManager: in removeSpuriousFiles, preserving file /data/data/com.android.providers.downloads/cache/metadata-29.htm
07-05 12:54:08.812   545 25697 I DownloadManager: in removeSpuriousFiles, preserving file /data/data/com.android.providers.downloads/cache/metadata-31.htm
07-05 12:54:08.812   545 25697 I DownloadManager: in removeSpuriousFiles, preserving file /data/data/com.android.providers.downloads/cache/metadata-1480.htm
07-05 12:54:08.812   545 25697 I DownloadManager: in removeSpuriousFiles, preserving file /data/data/com.android.providers.downloads/cache/metadata-530.htm
07-05 12:54:08.812   545 25697 I DownloadManager: in removeSpuriousFiles, preserving file /data/data/com.android.providers.downloads/cache/metadata-22.htm
07-05 12:54:08.812   545 25697 I DownloadManager: in removeSpuriousFiles, preserving file /data/data/com.android.providers.downloads/cache/metadata-959.htm
07-05 12:54:08.812   545 25697 I DownloadManager: in removeSpuriousFiles, preserving file /data/data/com.android.providers.downloads/cache/metadata-434.htm
07-05 12:54:08.812   545 25697 I DownloadManager: in removeSpuriousFiles, preserving file /data/data/com.android.providers.downloads/cache/metadata-776.htm
07-05 12:54:08.812   545 25697 I DownloadManager: in removeSpuriousFiles, preserving file /data/data/com.android.providers.downloads/cache/metadata-11.htm
07-05 12:54:08.812   545 25697 I DownloadManager: in removeSpuriousFiles, preserving file /data/data/com.android.providers.downloads/cache/metadata-129.htm
07-05 12:54:08.816   545 25697 I DownloadManager: in removeSpuriousFiles, preserving file /data/data/com.android.providers.downloads/cache/metadata-951.htm
07-05 12:54:08.816   545 25697 I DownloadManager: in removeSpuriousFiles, preserving file /data/data/com.android.providers.downloads/cache/metadata-2039.htm
07-05 12:54:08.816   545 25697 I DownloadManager: in removeSpuriousFiles, preserving file /data/data/com.android.providers.downloads/cache/metadata-1099.htm
07-05 12:54:08.816   545 25697 I DownloadManager: in removeSpuriousFiles, preserving file /data/data/com.android.providers.downloads/cache/metadata-522.htm
07-05 12:54:08.816   545 25697 I DownloadManager: in removeSpuriousFiles, preserving file /data/data/com.android.providers.downloads/cache/metadata-551.htm
07-05 12:54:08.816   545 25697 I DownloadManager: in removeSpuriousFiles, preserving file /data/data/com.android.providers.downloads/cache/metadata-1189.htm
07-05 12:54:08.816   545 25697 I DownloadManager: in removeSpuriousFiles, preserving file /data/data/com.android.providers.downloads/cache/metadata-1205.htm
07-05 12:54:08.816   545 25697 I DownloadManager: in removeSpuriousFiles, preserving file /data/data/com.android.providers.downloads/cache/metadata-771.htm
07-05 12:54:08.816   545 25697 I DownloadManager: in removeSpuriousFiles, preserving file /data/data/com.android.providers.downloads/cache/metadata-325.htm
07-05 12:54:08.816   545 25697 I DownloadManager: in removeSpuriousFiles, preserving file /data/data/com.android.providers.downloads/cache/metadata-430.htm
07-05 12:54:08.816   545 25697 I DownloadManager: in removeSpuriousFiles, preserving file /data/data/com.android.providers.downloads/cache/metadata-842.htm
07-05 12:54:08.816   545 25697 I DownloadManager: in removeSpuriousFiles, preserving file /data/data/com.android.providers.downloads/cache/metadata-1399.htm
07-05 12:54:08.816   545 25697 I DownloadManager: in removeSpuriousFiles, preserving file /data/data/com.android.providers.downloads/cache/metadata-754.htm
07-05 12:54:08.816   545 25697 I DownloadManager: in removeSpuriousFiles, preserving file /data/data/com.android.providers.downloads/cache/metadata-2803.htm
07-05 12:54:08.820   545 25697 I DownloadManager: in removeSpuriousFiles, preserving file /data/data/com.android.providers.downloads/cache/metadata-1184.htm
07-05 12:54:08.820   545 25697 I DownloadManager: in removeSpuriousFiles, preserving file /data/data/com.android.providers.downloads/cache/metadata-513.htm
07-05 12:54:08.820   545 25697 I DownloadManager: in removeSpuriousFiles, preserving file /data/data/com.android.providers.downloads/cache/metadata-1040.htm
07-05 12:54:08.820   545 25697 I DownloadManager: in removeSpuriousFiles, preserving file /data/data/com.android.providers.downloads/cache/metadata-114.htm
07-05 12:54:08.820   545 25697 I DownloadManager: in removeSpuriousFiles, preserving file /data/data/com.android.providers.downloads/cache/metadata-355.htm
07-05 12:54:08.820   545 25697 I DownloadManager: in removeSpuriousFiles, preserving file /data/data/com.android.providers.downloads/cache/metadata-2221.htm
07-05 12:54:08.820   545 25697 I DownloadManager: in removeSpuriousFiles, preserving file /data/data/com.android.providers.downloads/cache/metadata-742.htm
07-05 12:54:08.820   545 25697 I DownloadManager: in removeSpuriousFiles, preserving file /data/data/com.android.providers.downloads/cache/metadata-1382.htm
07-05 12:54:08.820   545 25697 I DownloadManager: in removeSpuriousFiles, preserving file /data/data/com.android.providers.downloads/cache/metadata-1503.htm
07-05 12:54:08.820   545 25697 I DownloadManager: in removeSpuriousFiles, preserving file /data/data/com.android.providers.downloads/cache/metadata-1758.htm
07-05 12:54:08.820   545 25697 I DownloadManager: in removeSpuriousFiles, preserving file /data/data/com.android.providers.downloads/cache/metadata-583.htm
07-05 12:54:08.820   545 25697 I DownloadManager: in removeSpuriousFiles, preserving file /data/data/com.android.providers.downloads/cache/metadata-2358.htm
07-05 12:54:08.824   545 25697 I DownloadManager: in removeSpuriousFiles, preserving file /data/data/com.android.providers.downloads/cache/metadata-503.htm
07-05 12:54:08.824   545 25697 I DownloadManager: in removeSpuriousFiles, preserving file /data/data/com.android.providers.downloads/cache/metadata-365.htm
07-05 12:54:08.824   545 25697 I DownloadManager: in removeSpuriousFiles, preserving file /data/data/com.android.providers.downloads/cache/metadata-1281.htm
07-05 12:54:08.824   545 25697 I DownloadManager: in removeSpuriousFiles, preserving file /data/data/com.android.providers.downloads/cache/metadata-195.htm
07-05 12:54:08.824   545 25697 I DownloadManager: in removeSpuriousFiles, preserving file /data/data/com.android.providers.downloads/cache/metadata-1026.htm
07-05 12:54:08.824   545 25697 I DownloadManager: in removeSpuriousFiles, preserving file /data/data/com.android.providers.downloads/cache/metadata-1119.htm
07-05 12:54:08.824   545 25697 I DownloadManager: in removeSpuriousFiles, preserving file /data/data/com.android.providers.downloads/cache/metadata-1696.htm
07-05 12:54:08.824   545 25697 I DownloadManager: in removeSpuriousFiles, preserving file /data/data/com.android.providers.downloads/cache/metadata-1010.htm
07-05 12:54:08.824   545 25697 I DownloadManager: in removeSpuriousFiles, preserving file /data/data/com.android.providers.downloads/cache/metadata-1445.htm
07-05 12:54:08.824   545 25697 I DownloadManager: in removeSpuriousFiles, preserving file /data/data/com.android.providers.downloads/cache/metadata-1644.htm
07-05 12:54:08.824   545 25697 I DownloadManager: in removeSpuriousFiles, preserving file /data/data/com.android.providers.downloads/cache/metadata-850.htm
07-05 12:54:08.824   545 25697 I DownloadManager: in removeSpuriousFiles, preserving file /data/data/com.android.providers.downloads/cache/metadata-962.htm
07-05 12:54:08.824   545 25697 I DownloadManager: in removeSpuriousFiles, preserving file /data/data/com.android.providers.downloads/cache/metadata-1487.htm
07-05 12:54:08.828   545 25697 I DownloadManager: in removeSpuriousFiles, preserving file /data/data/com.android.providers.downloads/cache/metadata-1132.htm
07-05 12:54:08.828   545 25697 I DownloadManager: in removeSpuriousFiles, preserving file /data/data/com.android.providers.downloads/cache/metadata-496.htm
07-05 12:54:08.828   545 25697 I DownloadManager: in removeSpuriousFiles, preserving file /data/data/com.android.providers.downloads/cache/metadata-585.htm
07-05 12:54:08.828   545 25697 I DownloadManager: in removeSpuriousFiles, preserving file /data/data/com.android.providers.downloads/cache/metadata-906.htm
07-05 12:54:08.828   545 25697 I DownloadManager: in removeSpuriousFiles, preserving file /data/data/com.android.providers.downloads/cache/metadata-1491.htm
07-05 12:54:08.828   545 25697 I DownloadManager: in removeSpuriousFiles, preserving file /data/data/com.android.providers.downloads/cache/metadata-2077.htm
07-05 12:54:08.828   545 25697 I DownloadManager: in removeSpuriousFiles, preserving file /data/data/com.android.providers.downloads/cache/metadata-1373.htm
07-05 12:54:08.828   545 25697 I DownloadManager: in removeSpuriousFiles, preserving file /data/data/com.android.providers.downloads/cache/metadata-1064.htm
07-05 12:54:08.828   545 25697 I DownloadManager: in removeSpuriousFiles, preserving file /data/data/com.android.providers.downloads/cache/metadata-695.htm
07-05 12:54:08.828   545 25697 I DownloadManager: in removeSpuriousFiles, preserving file /data/data/com.android.providers.downloads/cache/metadata-1569.htm
07-05 12:54:08.828   545 25697 I DownloadManager: in removeSpuriousFiles, preserving file /data/data/com.android.providers.downloads/cache/metadata-1285.htm
07-05 12:54:08.828   545 25697 I DownloadManager: in removeSpuriousFiles, preserving file /data/data/com.android.providers.downloads/cache/metadata-534.htm
07-05 12:54:08.832   545 25697 I DownloadManager: in removeSpuriousFiles, preserving file /data/data/com.android.providers.downloads/cache/metadata-1431.htm
07-05 12:54:08.832   545 25697 I DownloadManager: in removeSpuriousFiles, preserving file /data/data/com.android.providers.downloads/cache/metadata-1065.htm
07-05 12:54:08.832   545 25697 I DownloadManager: in removeSpuriousFiles, preserving file /data/data/com.android.providers.downloads/cache/metadata-621.htm
07-05 12:54:08.832   545 25697 I DownloadManager: in removeSpuriousFiles, preserving file /data/data/com.android.providers.downloads/cache/metadata-608.htm
07-05 12:54:08.832   545 25697 I DownloadManager: in removeSpuriousFiles, preserving file /data/data/com.android.providers.downloads/cache/metadata-764.htm
07-05 12:54:08.832   545 25697 I DownloadManager: in removeSpuriousFiles, preserving file /data/data/com.android.providers.downloads/cache/metadata-546.htm
07-05 12:54:08.832   545 25697 I DownloadManager: in removeSpuriousFiles, preserving file /data/data/com.android.providers.downloads/cache/metadata-2005.htm
07-05 12:54:08.832   545 25697 I DownloadManager: in removeSpuriousFiles, preserving file /data/data/com.android.providers.downloads/cache/metadata-605.htm
07-05 12:54:08.832   545 25697 I DownloadManager: in removeSpuriousFiles, preserving file /data/data/com.android.providers.downloads/cache/metadata-927.htm
07-05 12:54:08.832   545 25697 I DownloadManager: in removeSpuriousFiles, preserving file /data/data/com.android.providers.downloads/cache/metadata-1162.htm
07-05 12:54:08.832   545 25697 I DownloadManager: in removeSpuriousFiles, preserving file /data/data/com.android.providers.downloads/cache/metadata-1613.htm
07-05 12:54:08.832   545 25697 I DownloadManager: in removeSpuriousFiles, preserving file /data/data/com.android.providers.downloads/cache/metadata-674.htm
07-05 12:54:08.836   545 25697 I DownloadManager: in removeSpuriousFiles, preserving file /data/data/com.android.providers.downloads/cache/metadata-855.htm
07-05 12:54:08.840   545 25697 I DownloadManager: in removeSpuriousFiles, preserving file /data/data/com.android.providers.downloads/cache/metadata-1730.htm
07-05 12:54:08.840   545 25697 I DownloadManager: in removeSpuriousFiles, preserving file /data/data/com.android.providers.downloads/cache/metadata-1378.htm
07-05 12:54:08.840   545 25697 I DownloadManager: in removeSpuriousFiles, preserving file /data/data/com.android.providers.downloads/cache/metadata-751.htm
07-05 12:54:08.840   545 25697 I DownloadManager: in removeSpuriousFiles, preserving file /data/data/com.android.providers.downloads/cache/metadata-1190.htm
07-05 12:54:08.840   545 25697 I DownloadManager: in removeSpuriousFiles, preserving file /data/data/com.android.providers.downloads/cache/metadata-570.htm
07-05 12:54:08.840   545 25697 I DownloadManager: in removeSpuriousFiles, preserving file /data/data/com.android.providers.downloads/cache/metadata-2406.htm
07-05 12:54:08.840   545 25697 I DownloadManager: in removeSpuriousFiles, preserving file /data/data/com.android.providers.downloads/cache/metadata-1197.htm
07-05 12:54:08.840   545 25697 I DownloadManager: in removeSpuriousFiles, preserving file /data/data/com.android.providers.downloads/cache/metadata-550.htm
07-05 12:54:08.840   545 25697 I DownloadManager: in removeSpuriousFiles, preserving file /data/data/com.android.providers.downloads/cache/metadata-1149.htm
07-05 12:54:08.840   545 25697 I DownloadManager: in removeSpuriousFiles, preserving file /data/data/com.android.providers.downloads/cache/metadata-666.htm
07-05 12:54:08.843   545 25697 I DownloadManager: in removeSpuriousFiles, preserving file /data/data/com.android.providers.downloads/cache/metadata-688.htm
07-05 12:54:08.843   545 25697 I DownloadManager: in removeSpuriousFiles, preserving file /data/data/com.android.providers.downloads/cache/metadata-1509.htm
07-05 12:54:08.843   545 25697 I DownloadManager: in removeSpuriousFiles, preserving file /data/data/com.android.providers.downloads/cache/metadata-635.htm
07-05 12:54:08.843   545 25697 I DownloadManager: in removeSpuriousFiles, preserving file /data/data/com.android.providers.downloads/cache/metadata-1228.htm
07-05 12:54:08.843   545 25697 I DownloadManager: in removeSpuriousFiles, preserving file /data/data/com.android.providers.downloads/cache/metadata-2098.htm
07-05 12:54:08.843   545 25697 I DownloadManager: in removeSpuriousFiles, preserving file /data/data/com.android.providers.downloads/cache/metadata-851.htm
07-05 12:54:08.843   545 25697 I DownloadManager: in removeSpuriousFiles, preserving file /data/data/com.android.providers.downloads/cache/metadata-543.htm
07-05 12:54:08.843   545 25697 I DownloadManager: in removeSpuriousFiles, preserving file /data/data/com.android.providers.downloads/cache/metadata-2305.htm
07-05 12:54:08.843   545 25697 I DownloadManager: in removeSpuriousFiles, preserving file /data/data/com.android.providers.downloads/cache/metadata-725.htm
07-05 12:54:08.843   545 25697 I DownloadManager: in removeSpuriousFiles, preserving file /data/data/com.android.providers.downloads/cache/metadata-735.htm
07-05 12:54:08.843   545 25697 I DownloadManager: in removeSpuriousFiles, preserving file /data/data/com.android.providers.downloads/cache/metadata-1834.htm
07-05 12:54:08.847   545 25697 I DownloadManager: in removeSpuriousFiles, preserving file /data/data/com.android.providers.downloads/cache/metadata-2322.htm
07-05 12:54:08.847   545 25697 I DownloadManager: in removeSpuriousFiles, preserving file /data/data/com.android.providers.downloads/cache/metadata-1379.htm
07-05 12:54:08.847   545 25697 I DownloadManager: in removeSpuriousFiles, preserving file /data/data/com.android.providers.downloads/cache/metadata-302.htm
07-05 12:54:08.847   545 25697 I DownloadManager: in removeSpuriousFiles, preserving file /data/data/com.android.providers.downloads/cache/metadata-1337.htm
07-05 12:54:08.847   545 25697 I DownloadManager: in removeSpuriousFiles, preserving file /data/data/com.android.providers.downloads/cache/metadata-1676.htm
07-05 12:54:08.847   545 25697 I DownloadManager: in removeSpuriousFiles, preserving file /data/data/com.android.providers.downloads/cache/metadata-3005.htm
07-05 12:54:08.847   545 25697 I DownloadManager: in removeSpuriousFiles, preserving file /data/data/com.android.providers.downloads/cache/metadata-481.htm
07-05 12:54:08.847   545 25697 I DownloadManager: in removeSpuriousFiles, preserving file /data/data/com.android.providers.downloads/cache/metadata-651.htm
07-05 12:54:08.847   545 25697 I DownloadManager: in removeSpuriousFiles, preserving file /data/data/com.android.providers.downloads/cache/metadata-1478.htm
07-05 12:54:08.847   545 25697 I DownloadManager: in removeSpuriousFiles, preserving file /data/data/com.android.providers.downloads/cache/metadata-1460.htm
07-05 12:54:08.847   545 25697 I DownloadManager: in removeSpuriousFiles, preserving file /data/data/com.android.providers.downloads/cache/metadata-1537.htm
07-05 12:54:08.851   545 25697 I DownloadManager: in removeSpuriousFiles, preserving file /data/data/com.android.providers.downloads/cache/metadata-935.htm
07-05 12:54:08.851   545 25697 I DownloadManager: in removeSpuriousFiles, preserving file /data/data/com.android.providers.downloads/cache/metadata-2044.htm
07-05 12:54:08.851   545 25697 I DownloadManager: in removeSpuriousFiles, preserving file /data/data/com.android.providers.downloads/cache/metadata-2421.htm
07-05 12:54:08.851   545 25697 I DownloadManager: in removeSpuriousFiles, preserving file /data/data/com.android.providers.downloads/cache/metadata-1226.htm
07-05 12:54:08.851   545 25697 I DownloadManager: in removeSpuriousFiles, preserving file /data/data/com.android.providers.downloads/cache/metadata-897.htm
07-05 12:54:08.851   545 25697 I DownloadManager: in removeSpuriousFiles, preserving file /data/data/com.android.providers.downloads/cache/metadata-1110.htm
07-05 12:54:08.851   545 25697 I DownloadManager: in removeSpuriousFiles, preserving file /data/data/com.android.providers.downloads/cache/metadata-2118.htm
07-05 12:54:08.851   545 25697 I DownloadManager: in removeSpuriousFiles, preserving file /data/data/com.android.providers.downloads/cache/metadata-1642.htm
07-05 12:54:08.851   545 25697 I DownloadManager: in removeSpuriousFiles, preserving file /data/data/com.android.providers.downloads/cache/metadata-497.htm
07-05 12:54:08.855   545 25697 I DownloadManager: in removeSpuriousFiles, preserving file /data/data/com.android.providers.downloads/cache/metadata-1.htm
07-05 12:54:08.855   545 25697 I DownloadManager: in removeSpuriousFiles, preserving file /data/data/com.android.providers.downloads/cache/metadata-6.htm
07-05 12:54:08.855   545 25697 I DownloadManager: in removeSpuriousFiles, preserving file /data/data/com.android.providers.downloads/cache/metadata-18.htm
07-05 12:54:08.855   545 25697 I DownloadManager: in removeSpuriousFiles, preserving file /data/data/com.android.providers.downloads/cache/metadata-19.htm
07-05 12:54:08.855   545 25697 I DownloadManager: in removeSpuriousFiles, preserving file /data/data/com.android.providers.downloads/cache/metadata-41.htm
07-05 12:54:08.855   545 25697 I DownloadManager: in removeSpuriousFiles, preserving file /data/data/com.android.providers.downloads/cache/metadata-34.htm
07-05 12:54:08.855   545 25697 I DownloadManager: in removeSpuriousFiles, preserving file /data/data/com.android.providers.downloads/cache/metadata-37.htm
07-05 12:54:08.855   545 25697 I DownloadManager: in removeSpuriousFiles, preserving file /data/data/com.android.providers.downloads/cache/metadata-15.htm
07-05 12:54:08.855   545 25697 I DownloadManager: in removeSpuriousFiles, preserving file /data/data/com.android.providers.downloads/cache/metadata-46.htm
07-05 12:54:08.855   545 25697 I DownloadManager: in removeSpuriousFiles, preserving file /data/data/com.android.providers.downloads/cache/metadata-35.htm
07-05 12:54:08.855   545 25697 I DownloadManager: in removeSpuriousFiles, preserving file /data/data/com.android.providers.downloads/cache/metadata-12.htm
07-05 12:54:08.855   545 25697 I DownloadManager: in removeSpuriousFiles, preserving file /data/data/com.android.providers.downloads/cache/metadata-28.htm
07-05 12:54:08.855   545 25697 I DownloadManager: in removeSpuriousFiles, preserving file /data/data/com.android.providers.downloads/cache/metadata-47.htm
07-05 12:54:08.855   545 25697 I DownloadManager: in removeSpuriousFiles, preserving file /data/data/com.android.providers.downloads/cache/metadata-292.htm
07-05 12:54:08.855   545 25697 I DownloadManager: in removeSpuriousFiles, preserving file /data/data/com.android.providers.downloads/cache/metadata-698.htm
07-05 12:54:08.855   545 25697 I DownloadManager: in removeSpuriousFiles, preserving file /data/data/com.android.providers.downloads/cache/metadata-1377.htm
07-05 12:54:08.855   545 25697 I DownloadManager: in removeSpuriousFiles, preserving file /data/data/com.android.providers.downloads/cache/metadata-464.htm
07-05 12:54:08.855   545 25697 I DownloadManager: in removeSpuriousFiles, preserving file /data/data/com.android.providers.downloads/cache/metadata-808.htm
07-05 12:54:08.855   545 25697 I DownloadManager: in removeSpuriousFiles, preserving file /data/data/com.android.providers.downloads/cache/metadata-1424.htm
07-05 12:54:08.855   545 25697 I DownloadManager: in removeSpuriousFiles, preserving file /data/data/com.android.providers.downloads/cache/metadata-51.htm
07-05 12:54:08.855   545 25697 I DownloadManager: in removeSpuriousFiles, preserving file /data/data/com.android.providers.downloads/cache/metadata-413.htm
07-05 12:54:08.859   545 25697 I DownloadManager: in removeSpuriousFiles, preserving file /data/data/com.android.providers.downloads/cache/metadata-1475.htm
07-05 12:54:08.859   545 25697 I DownloadManager: in removeSpuriousFiles, preserving file /data/data/com.android.providers.downloads/cache/metadata-632.htm
07-05 12:54:08.859   545 25697 I DownloadManager: in removeSpuriousFiles, preserving file /data/data/com.android.providers.downloads/cache/metadata-749.htm
07-05 12:54:08.859   545 25697 I DownloadManager: in removeSpuriousFiles, preserving file /data/data/com.android.providers.downloads/cache/metadata-495.htm
07-05 12:54:08.859   545 25697 I DownloadManager: in removeSpuriousFiles, preserving file /data/data/com.android.providers.downloads/cache/metadata-643.htm
07-05 12:54:08.859   545 25697 I DownloadManager: in removeSpuriousFiles, preserving file /data/data/com.android.providers.downloads/cache/metadata-565.htm
07-05 12:54:08.859   545 25697 I DownloadManager: in removeSpuriousFiles, preserving file /data/data/com.android.providers.downloads/cache/metadata-1272.htm
07-05 12:54:08.859   545 25697 I DownloadManager: in removeSpuriousFiles, preserving file /data/data/com.android.providers.downloads/cache/metadata-1343.htm
07-05 12:54:08.859   545 25697 I DownloadManager: in removeSpuriousFiles, preserving file /data/data/com.android.providers.downloads/cache/metadata-1841.htm
07-05 12:54:08.859   545 25697 I DownloadManager: in removeSpuriousFiles, preserving file /data/data/com.android.providers.downloads/cache/metadata-2123.htm
07-05 12:54:08.859   545 25697 I DownloadManager: in removeSpuriousFiles, preserving file /data/data/com.android.providers.downloads/cache/metadata-1291.htm
07-05 12:54:08.859   545 25697 I DownloadManager: in removeSpuriousFiles, preserving file /data/data/com.android.providers.downloads/cache/metadata-1568.htm
07-05 12:54:08.859   545 25697 I DownloadManager: in removeSpuriousFiles, preserving file /data/data/com.android.providers.downloads/cache/metadata-301.htm
07-05 12:54:08.863   545 25697 I DownloadManager: in removeSpuriousFiles, preserving file /data/data/com.android.providers.downloads/cache/metadata-1417.htm
07-05 12:54:08.863   545 25697 I DownloadManager: in removeSpuriousFiles, preserving file /data/data/com.android.providers.downloads/cache/metadata-1670.htm
07-05 12:54:08.863   545 25697 I DownloadManager: in removeSpuriousFiles, preserving file /data/data/com.android.providers.downloads/cache/metadata-1139.htm
07-05 12:54:08.863   545 25697 I DownloadManager: in removeSpuriousFiles, preserving file /data/data/com.android.providers.downloads/cache/metadata-619.htm
07-05 12:54:08.863   545 25697 I DownloadManager: in removeSpuriousFiles, preserving file /data/data/com.android.providers.downloads/cache/metadata-442.htm
07-05 12:54:08.863   545 25697 I DownloadManager: in removeSpuriousFiles, preserving file /data/data/com.android.providers.downloads/cache/metadata-1271.htm
07-05 12:54:08.863   545 25697 I DownloadManager: in removeSpuriousFiles, preserving file /data/data/com.android.providers.downloads/cache/metadata-800.htm
07-05 12:54:08.863   545 25697 I DownloadManager: in removeSpuriousFiles, preserving file /data/data/com.android.providers.downloads/cache/metadata-944.htm
07-05 12:54:08.863   545 25697 I DownloadManager: in removeSpuriousFiles, preserving file /data/data/com.android.providers.downloads/cache/metadata-1154.htm
07-05 12:54:08.863   545 25697 I DownloadManager: in removeSpuriousFiles, preserving file /data/data/com.android.providers.downloads/cache/metadata-718.htm
07-05 12:54:08.863   545 25697 I DownloadManager: in removeSpuriousFiles, preserving file /data/data/com.android.providers.downloads/cache/metadata-2059.htm
07-05 12:54:08.863   545 25697 I DownloadManager: in removeSpuriousFiles, preserving file /data/data/com.android.providers.downloads/cache/metadata-1332.htm
07-05 12:54:08.867   545 25697 I DownloadManager: in removeSpuriousFiles, preserving file /data/data/com.android.providers.downloads/cache/metadata-2536.htm
07-05 12:54:08.867   545 25697 I DownloadManager: in removeSpuriousFiles, preserving file /data/data/com.android.providers.downloads/cache/metadata-315.htm
07-05 12:54:08.867   545 25697 I DownloadManager: in removeSpuriousFiles, preserving file /data/data/com.android.providers.downloads/cache/metadata-510.htm
07-05 12:54:08.867   545 25697 I DownloadManager: in removeSpuriousFiles, preserving file /data/data/com.android.providers.downloads/cache/metadata-654.htm
07-05 12:54:08.867   545 25697 I DownloadManager: in removeSpuriousFiles, preserving file /data/data/com.android.providers.downloads/cache/metadata-395.htm
07-05 12:54:08.867   545 25697 I DownloadManager: in removeSpuriousFiles, preserving file /data/data/com.android.providers.downloads/cache/metadata-1704.htm
07-05 12:54:08.867   545 25697 I DownloadManager: in removeSpuriousFiles, preserving file /data/data/com.android.providers.downloads/cache/metadata-843.htm
07-05 12:54:08.867   545 25697 I DownloadManager: in removeSpuriousFiles, preserving file /data/data/com.android.providers.downloads/cache/metadata-953.htm
07-05 12:54:08.867   545 25697 I DownloadManager: in removeSpuriousFiles, preserving file /data/data/com.android.providers.downloads/cache/metadata-1321.htm
07-05 12:54:08.867   545 25697 I DownloadManager: in removeSpuriousFiles, preserving file /data/data/com.android.providers.downloads/cache/metadata-1320.htm
07-05 12:54:08.867   545 25697 I DownloadManager: in removeSpuriousFiles, preserving file /data/data/com.android.providers.downloads/cache/metadata-883.htm
07-05 12:54:08.867   545 25697 I DownloadManager: in removeSpuriousFiles, preserving file /data/data/com.android.providers.downloads/cache/metadata-1930.htm
07-05 12:54:08.871   545 25697 I DownloadManager: in removeSpuriousFiles, preserving file /data/data/com.android.providers.downloads/cache/metadata-2140.htm
07-05 12:54:08.871   545 25697 I DownloadManager: in removeSpuriousFiles, preserving file /data/data/com.android.providers.downloads/cache/metadata-669.htm
07-05 12:54:08.871   545 25697 I DownloadManager: in removeSpuriousFiles, preserving file /data/data/com.android.providers.downloads/cache/metadata-1009.htm
07-05 12:54:08.871   545 25697 I DownloadManager: in removeSpuriousFiles, preserving file /data/data/com.android.providers.downloads/cache/metadata-1135.htm
07-05 12:54:08.871   545 25697 I DownloadManager: in removeSpuriousFiles, preserving file /data/data/com.android.providers.downloads/cache/metadata-1628.htm
07-05 12:54:08.871   545 25697 I DownloadManager: in removeSpuriousFiles, preserving file /data/data/com.android.providers.downloads/cache/metadata-2283.htm
07-05 12:54:08.871   545 25697 I DownloadManager: in removeSpuriousFiles, preserving file /data/data/com.android.providers.downloads/cache/metadata-474.htm
07-05 12:54:08.871   545 25697 I DownloadManager: in removeSpuriousFiles, preserving file /data/data/com.android.providers.downloads/cache/metadata-594.htm
07-05 12:54:08.871   545 25697 I DownloadManager: in removeSpuriousFiles, preserving file /data/data/com.android.providers.downloads/cache/metadata-1465.htm
07-05 12:54:08.871   545 25697 I DownloadManager: in removeSpuriousFiles, preserving file /data/data/com.android.providers.downloads/cache/metadata-1258.htm
07-05 12:54:08.875   545 25697 I DownloadManager: in removeSpuriousFiles, preserving file /data/data/com.android.providers.downloads/cache/metadata-926.htm
07-05 12:54:08.875   545 25697 I DownloadManager: in removeSpuriousFiles, preserving file /data/data/com.android.providers.downloads/cache/metadata-1305.htm
07-05 12:54:08.875   545 25697 I DownloadManager: in removeSpuriousFiles, preserving file /data/data/com.android.providers.downloads/cache/metadata-1685.htm
07-05 12:54:08.875   545 25697 I DownloadManager: in removeSpuriousFiles, preserving file /data/data/com.android.providers.downloads/cache/metadata-511.htm
07-05 12:54:08.875   545 25697 I DownloadManager: in removeSpuriousFiles, preserving file /data/data/com.android.providers.downloads/cache/metadata-539.htm
07-05 12:54:08.875   545 25697 I DownloadManager: in removeSpuriousFiles, preserving file /data/data/com.android.providers.downloads/cache/metadata-1334.htm
07-05 12:54:08.875   545 25697 I DownloadManager: in removeSpuriousFiles, preserving file /data/data/com.android.providers.downloads/cache/metadata-1361.htm
07-05 12:54:08.875   545 25697 I DownloadManager: in removeSpuriousFiles, preserving file /data/data/com.android.providers.downloads/cache/metadata-1410.htm
07-05 12:54:08.875   545 25697 I DownloadManager: in removeSpuriousFiles, preserving file /data/data/com.android.providers.downloads/cache/metadata-625.htm
07-05 12:54:08.875   545 25697 I DownloadManager: in removeSpuriousFiles, preserving file /data/data/com.android.providers.downloads/cache/metadata-1081.htm
07-05 12:54:08.875   545 25697 I DownloadManager: in removeSpuriousFiles, preserving file /data/data/com.android.providers.downloads/cache/metadata-1590.htm
07-05 12:54:08.875   545 25697 I DownloadManager: in removeSpuriousFiles, preserving file /data/data/com.android.providers.downloads/cache/metadata-970.htm
07-05 12:54:08.879   545 25697 I DownloadManager: in removeSpuriousFiles, preserving file /data/data/com.android.providers.downloads/cache/metadata-1885.htm
07-05 12:54:08.879   545 25697 I DownloadManager: in removeSpuriousFiles, preserving file /data/data/com.android.providers.downloads/cache/metadata-2454.htm
07-05 12:54:08.879   545 25697 I DownloadManager: in removeSpuriousFiles, preserving file /data/data/com.android.providers.downloads/cache/metadata-1541.htm
07-05 12:54:08.879   545 25697 I DownloadManager: in removeSpuriousFiles, preserving file /data/data/com.android.providers.downloads/cache/metadata-1608.htm
07-05 12:54:08.879   545 25697 I DownloadManager: in removeSpuriousFiles, preserving file /data/data/com.android.providers.downloads/cache/metadata-489.htm
07-05 12:54:08.879   545 25697 I DownloadManager: in removeSpuriousFiles, preserving file /data/data/com.android.providers.downloads/cache/metadata-637.htm
07-05 12:54:08.879   545 25697 I DownloadManager: in removeSpuriousFiles, preserving file /data/data/com.android.providers.downloads/cache/metadata-1325.htm
07-05 12:54:08.879   545 25697 I DownloadManager: in removeSpuriousFiles, preserving file /data/data/com.android.providers.downloads/cache/metadata-1208.htm
07-05 12:54:08.879   545 25697 I DownloadManager: in removeSpuriousFiles, preserving file /data/data/com.android.providers.downloads/cache/metadata-1340.htm
07-05 12:54:08.879   545 25697 I DownloadManager: in removeSpuriousFiles, preserving file /data/data/com.android.providers.downloads/cache/metadata-1385.htm
07-05 12:54:08.879   545 25697 I DownloadManager: in removeSpuriousFiles, preserving file /data/data/com.android.providers.downloads/cache/metadata-743.htm
07-05 12:54:08.879   545 25697 I DownloadManager: in removeSpuriousFiles, preserving file /data/data/com.android.providers.downloads/cache/metadata-1003.htm
07-05 12:54:08.883   545 25697 I DownloadManager: in removeSpuriousFiles, preserving file /data/data/com.android.providers.downloads/cache/metadata-1529.htm
07-05 12:54:08.883   545 25697 I DownloadManager: in removeSpuriousFiles, preserving file /data/data/com.android.providers.downloads/cache/metadata-885.htm
07-05 12:54:08.886   545 25697 I DownloadManager: in removeSpuriousFiles, preserving file /data/data/com.android.providers.downloads/cache/metadata-726.htm
07-05 12:54:08.886   545 25697 I DownloadManager: in removeSpuriousFiles, preserving file /data/data/com.android.providers.downloads/cache/metadata-668.htm
07-05 12:54:08.886   545 25697 I DownloadManager: in removeSpuriousFiles, preserving file /data/data/com.android.providers.downloads/cache/metadata-774.htm
07-05 12:54:08.886   545 25697 I DownloadManager: in removeSpuriousFiles, preserving file /data/data/com.android.providers.downloads/cache/metadata-861.htm
07-05 12:54:08.886   545 25697 I DownloadManager: in removeSpuriousFiles, preserving file /data/data/com.android.providers.downloads/cache/metadata-1280.htm
07-05 12:54:08.886   545 25697 I DownloadManager: in removeSpuriousFiles, preserving file /data/data/com.android.providers.downloads/cache/metadata-1467.htm
07-05 12:54:08.886   545 25697 I DownloadManager: in removeSpuriousFiles, preserving file /data/data/com.android.providers.downloads/cache/metadata-973.htm
07-05 12:54:08.886   545 25697 I DownloadManager: in removeSpuriousFiles, preserving file /data/data/com.android.providers.downloads/cache/metadata-1394.htm
07-05 12:54:08.886   545 25697 I DownloadManager: in removeSpuriousFiles, preserving file /data/data/com.android.providers.downloads/cache/metadata-2326.htm
07-05 12:54:08.886   545 25697 I DownloadManager: in removeSpuriousFiles, preserving file /data/data/com.android.providers.downloads/cache/metadata-208.htm
07-05 12:54:08.890   545 25697 I DownloadManager: in removeSpuriousFiles, preserving file /data/data/com.android.providers.downloads/cache/metadata-1246.htm
07-05 12:54:08.890   545 25697 I DownloadManager: in removeSpuriousFiles, preserving file /data/data/com.android.providers.downloads/cache/metadata-994.htm
07-05 12:54:08.890   545 25697 I DownloadManager: in removeSpuriousFiles, preserving file /data/data/com.android.providers.downloads/cache/metadata-912.htm
07-05 12:54:08.890   545 25697 I DownloadManager: in removeSpuriousFiles, preserving file /data/data/com.android.providers.downloads/cache/metadata-1520.htm
07-05 12:54:08.890   545 25697 I DownloadManager: in removeSpuriousFiles, preserving file /data/data/com.android.providers.downloads/cache/metadata-732.htm
07-05 12:54:08.890   545 25697 I DownloadManager: in removeSpuriousFiles, preserving file /data/data/com.android.providers.downloads/cache/metadata-986.htm
07-05 12:54:08.890   545 25697 I DownloadManager: in removeSpuriousFiles, preserving file /data/data/com.android.providers.downloads/cache/metadata-846.htm
07-05 12:54:08.890   545 25697 I DownloadManager: in removeSpuriousFiles, preserving file /data/data/com.android.providers.downloads/cache/metadata-1342.htm
07-05 12:54:08.890   545 25697 I DownloadManager: in removeSpuriousFiles, preserving file /data/data/com.android.providers.downloads/cache/metadata-956.htm
07-05 12:54:08.890   545 25697 I DownloadManager: in removeSpuriousFiles, preserving file /data/data/com.android.providers.downloads/cache/metadata-1584.htm
07-05 12:54:08.890   545 25697 I DownloadManager: in removeSpuriousFiles, preserving file /data/data/com.android.providers.downloads/cache/metadata-505.htm
07-05 12:54:08.894   545 25697 I DownloadManager: in removeSpuriousFiles, preserving file /data/data/com.android.providers.downloads/cache/metadata-2194.htm
07-05 12:54:08.894   545 25697 I DownloadManager: in removeSpuriousFiles, preserving file /data/data/com.android.providers.downloads/cache/metadata-870.htm
07-05 12:54:08.894   545 25697 I DownloadManager: in removeSpuriousFiles, preserving file /data/data/com.android.providers.downloads/cache/metadata-1901.htm
07-05 12:54:08.894   545 25697 I DownloadManager: in removeSpuriousFiles, preserving file /data/data/com.android.providers.downloads/cache/metadata-884.htm
07-05 12:54:08.894   545 25697 I DownloadManager: in removeSpuriousFiles, preserving file /data/data/com.android.providers.downloads/cache/metadata-856.htm
07-05 12:54:08.894   545 25697 I DownloadManager: in removeSpuriousFiles, preserving file /data/data/com.android.providers.downloads/cache/metadata-2117.htm
07-05 12:54:08.894   545 25697 I DownloadManager: in removeSpuriousFiles, preserving file /data/data/com.android.providers.downloads/cache/metadata-646.htm
07-05 12:54:08.894   545 25697 I DownloadManager: in removeSpuriousFiles, preserving file /data/data/com.android.providers.downloads/cache/metadata-2027.htm
07-05 12:54:08.894   545 25697 I DownloadManager: in removeSpuriousFiles, preserving file /data/data/com.android.providers.downloads/cache/metadata-1518.htm
07-05 12:54:08.894   545 25697 I DownloadManager: in removeSpuriousFiles, preserving file /data/data/com.android.providers.downloads/cache/metadata-1539.htm
07-05 12:54:08.898   545 25697 I DownloadManager: in removeSpuriousFiles, preserving file /data/data/com.android.providers.downloads/cache/metadata-2.htm
07-05 12:54:08.898   545 25697 I DownloadManager: in removeSpuriousFiles, preserving file /data/data/com.android.providers.downloads/cache/metadata-23.htm
07-05 12:54:08.898   545 25697 I DownloadManager: in removeSpuriousFiles, preserving file /data/data/com.android.providers.downloads/cache/metadata-8.htm
07-05 12:54:08.898   545 25697 I DownloadManager: in removeSpuriousFiles, preserving file /data/data/com.android.providers.downloads/cache/metadata-24.htm
07-05 12:54:08.898   545 25697 I DownloadManager: in removeSpuriousFiles, preserving file /data/data/com.android.providers.downloads/cache/metadata-36.htm
07-05 12:54:08.898   545 25697 I DownloadManager: in removeSpuriousFiles, preserving file /data/data/com.android.providers.downloads/cache/metadata-13.htm
07-05 12:54:08.898   545 25697 I DownloadManager: in removeSpuriousFiles, preserving file /data/data/com.android.providers.downloads/cache/metadata-40.htm
07-05 12:54:08.898   545 25697 I DownloadManager: in removeSpuriousFiles, preserving file /data/data/com.android.providers.downloads/cache/metadata-56.htm
07-05 12:54:08.898   545 25697 I DownloadManager: in removeSpuriousFiles, preserving file /data/data/com.android.providers.downloads/cache/metadata-32.htm
07-05 12:54:08.898   545 25697 I DownloadManager: in removeSpuriousFiles, preserving file /data/data/com.android.providers.downloads/cache/metadata-21.htm
07-05 12:54:08.914   545 25697 I DownloadManager: in removeSpuriousFiles, preserving file /data/data/com.android.providers.downloads/cache/metadata-55.htm
07-05 12:54:08.914   545 25697 I DownloadManager: in removeSpuriousFiles, preserving file /data/data/com.android.providers.downloads/cache/metadata-42.htm
07-05 12:54:08.914   545 25697 I DownloadManager: in removeSpuriousFiles, preserving file /data/data/com.android.providers.downloads/cache/metadata-58.htm
07-05 12:54:08.914   545 25697 I DownloadManager: in removeSpuriousFiles, preserving file /data/data/com.android.providers.downloads/cache/metadata-59.htm
07-05 12:54:08.914   545 25697 I DownloadManager: in removeSpuriousFiles, preserving file /data/data/com.android.providers.downloads/cache/metadata-2109.htm
07-05 12:54:08.914   545 25697 I DownloadManager: in removeSpuriousFiles, preserving file /data/data/com.android.providers.downloads/cache/metadata-161.htm
07-05 12:54:08.914   545 25697 I DownloadManager: in removeSpuriousFiles, preserving file /data/data/com.android.providers.downloads/cache/metadata-372.htm
07-05 12:54:08.914   545 25697 I DownloadManager: in removeSpuriousFiles, preserving file /data/data/com.android.providers.downloads/cache/metadata-60.htm
07-05 12:54:08.914   545 25697 I DownloadManager: in removeSpuriousFiles, preserving file /data/data/com.android.providers.downloads/cache/metadata-153.htm
07-05 12:54:08.914   545 25697 I DownloadManager: in removeSpuriousFiles, preserving file /data/data/com.android.providers.downloads/cache/metadata-62.htm
07-05 12:54:08.914   545 25697 I DownloadManager: in removeSpuriousFiles, preserving file /data/data/com.android.providers.downloads/cache/metadata-89.htm
07-05 12:54:08.914   545 25697 I DownloadManager: in removeSpuriousFiles, preserving file /data/data/com.android.providers.downloads/cache/metadata-1266.htm
07-05 12:54:08.914   545 25697 I DownloadManager: in removeSpuriousFiles, preserving file /data/data/com.android.providers.downloads/cache/metadata-151.htm
07-05 12:54:08.914   545 25697 I DownloadManager: in removeSpuriousFiles, preserving file /data/data/com.android.providers.downloads/cache/metadata-324.htm
07-05 12:54:08.914   545 25697 I DownloadManager: in removeSpuriousFiles, preserving file /data/data/com.android.providers.downloads/cache/metadata-1400.htm
07-05 12:54:08.914   545 25697 I DownloadManager: in removeSpuriousFiles, preserving file /data/data/com.android.providers.downloads/cache/metadata-609.htm
07-05 12:54:08.914   545 25697 I DownloadManager: in removeSpuriousFiles, preserving file /data/data/com.android.providers.downloads/cache/metadata-183.htm
07-05 12:54:08.914   545 25697 I DownloadManager: in removeSpuriousFiles, preserving file /data/data/com.android.providers.downloads/cache/metadata-1740.htm
07-05 12:54:08.914   545 25697 I DownloadManager: in removeSpuriousFiles, preserving file /data/data/com.android.providers.downloads/cache/metadata-67.htm
07-05 12:54:08.914   545 25697 I DownloadManager: in removeSpuriousFiles, preserving file /data/data/com.android.providers.downloads/cache/metadata-143.htm
07-05 12:54:08.914   545 25697 I DownloadManager: in removeSpuriousFiles, preserving file /data/data/com.android.providers.downloads/cache/metadata-1077.htm
07-05 12:54:08.914   545 25697 I DownloadManager: in removeSpuriousFiles, preserving file /data/data/com.android.providers.downloads/cache/metadata-563.htm
07-05 12:54:08.914   545 25697 I DownloadManager: in removeSpuriousFiles, preserving file /data/data/com.android.providers.downloads/cache/metadata-1249.htm
07-05 12:54:08.914   545 25697 I DownloadManager: in removeSpuriousFiles, preserving file /data/data/com.android.providers.downloads/cache/metadata-196.htm
07-05 12:54:08.914   545 25697 I DownloadManager: in removeSpuriousFiles, preserving file /data/data/com.android.providers.downloads/cache/metadata-216.htm
07-05 12:54:08.914   545 25697 I DownloadManager: in removeSpuriousFiles, preserving file /data/data/com.android.providers.downloads/cache/metadata-1887.htm
07-05 12:54:08.914   545 25697 I DownloadManager: in removeSpuriousFiles, preserving file /data/data/com.android.providers.downloads/cache/metadata-799.htm
07-05 12:54:08.914   545 25697 I DownloadManager: in removeSpuriousFiles, preserving file /data/data/com.android.providers.downloads/cache/metadata-991.htm
07-05 12:54:08.914   545 25697 I DownloadManager: in removeSpuriousFiles, preserving file /data/data/com.android.providers.downloads/cache/metadata-230.htm
07-05 12:54:08.914   545 25697 I DownloadManager: in removeSpuriousFiles, preserving file /data/data/com.android.providers.downloads/cache/metadata-1102.htm
07-05 12:54:08.914   545 25697 I DownloadManager: in removeSpuriousFiles, preserving file /data/data/com.android.providers.downloads/cache/metadata-656.htm
07-05 12:54:08.914   545 25697 I DownloadManager: in removeSpuriousFiles, preserving file /data/data/com.android.providers.downloads/cache/metadata-580.htm
07-05 12:54:08.914   545 25697 I DownloadManager: in removeSpuriousFiles, preserving file /data/data/com.android.providers.downloads/cache/metadata-1304.htm
07-05 12:54:08.914   545 25697 I DownloadManager: in removeSpuriousFiles, preserving file /data/data/com.android.providers.downloads/cache/metadata-1635.htm
07-05 12:54:08.922   545 25697 I DownloadManager: in removeSpuriousFiles, preserving file /data/data/com.android.providers.downloads/cache/metadata-416.htm
07-05 12:54:08.922   545 25697 I DownloadManager: in removeSpuriousFiles, preserving file /data/data/com.android.providers.downloads/cache/metadata-1823.htm
07-05 12:54:08.922   545 25697 I DownloadManager: in removeSpuriousFiles, preserving file /data/data/com.android.providers.downloads/cache/metadata-590.htm
07-05 12:54:08.922   545 25697 I DownloadManager: in removeSpuriousFiles, preserving file /data/data/com.android.providers.downloads/cache/metadata-586.htm
07-05 12:54:08.922   545 25697 I DownloadManager: in removeSpuriousFiles, preserving file /data/data/com.android.providers.downloads/cache/metadata-1270.htm
07-05 12:54:08.937   545 25697 I DownloadManager: in removeSpuriousFiles, preserving file /data/data/com.android.providers.downloads/cache/metadata-686.htm
07-05 12:54:08.953   545 25697 I DownloadManager: in removeSpuriousFiles, preserving file /data/data/com.android.providers.downloads/cache/metadata-245.htm
07-05 12:54:08.953   545 25697 I DownloadManager: in removeSpuriousFiles, preserving file /data/data/com.android.providers.downloads/cache/metadata-862.htm
07-05 12:54:08.953   545 25697 I DownloadManager: in removeSpuriousFiles, preserving file /data/data/com.android.providers.downloads/cache/metadata-1312.htm
07-05 12:54:08.953   545 25697 I DownloadManager: in removeSpuriousFiles, preserving file /data/data/com.android.providers.downloads/cache/metadata-1212.htm
07-05 12:54:08.953   545 25697 I DownloadManager: in removeSpuriousFiles, preserving file /data/data/com.android.providers.downloads/cache/metadata-294.htm
07-05 12:54:08.953   545 25697 I DownloadManager: in removeSpuriousFiles, preserving file /data/data/com.android.providers.downloads/cache/metadata-192.htm
07-05 12:54:08.953   545 25697 I DownloadManager: in removeSpuriousFiles, preserving file /data/data/com.android.providers.downloads/cache/metadata-1140.htm
07-05 12:54:08.953   545 25697 I DownloadManager: in removeSpuriousFiles, preserving file /data/data/com.android.providers.downloads/cache/metadata-201.htm
07-05 12:54:08.957   545 25697 I DownloadManager: in removeSpuriousFiles, preserving file /data/data/com.android.providers.downloads/cache/metadata-77.htm
07-05 12:54:08.957   545 25697 I DownloadManager: in removeSpuriousFiles, preserving file /data/data/com.android.providers.downloads/cache/metadata-1921.htm
07-05 12:54:08.961   545 25697 I DownloadManager: in removeSpuriousFiles, preserving file /data/data/com.android.providers.downloads/cache/metadata-627.htm
07-05 12:54:08.961   545 25697 I DownloadManager: in removeSpuriousFiles, preserving file /data/data/com.android.providers.downloads/cache/metadata-569.htm
07-05 12:54:08.961   545 25697 I DownloadManager: in removeSpuriousFiles, preserving file /data/data/com.android.providers.downloads/cache/metadata-1756.htm
07-05 12:54:08.961   545 25697 I DownloadManager: in removeSpuriousFiles, preserving file /data/data/com.android.providers.downloads/cache/metadata-787.htm
07-05 12:54:08.961   545 25697 I DownloadManager: in removeSpuriousFiles, preserving file /data/data/com.android.providers.downloads/cache/metadata-1158.htm
07-05 12:54:08.961   545 25697 I DownloadManager: in removeSpuriousFiles, preserving file /data/data/com.android.providers.downloads/cache/metadata-595.htm
07-05 12:54:08.961   545 25697 I DownloadManager: in removeSpuriousFiles, preserving file /data/data/com.android.providers.downloads/cache/metadata-1002.htm
07-05 12:54:08.961   545   548 D dalvikvm: GC_CONCURRENT freed 658K, 8% free 10784K/11719K, paused 2ms+2ms
07-05 12:54:08.961   545 25697 I DownloadManager: in removeSpuriousFiles, preserving file /data/data/com.android.providers.downloads/cache/metadata-1199.htm
07-05 12:54:08.961   545 25697 I DownloadManager: in removeSpuriousFiles, preserving file /data/data/com.android.providers.downloads/cache/metadata-174.htm
07-05 12:54:08.965   545 25697 I DownloadManager: in removeSpuriousFiles, preserving file /data/data/com.android.providers.downloads/cache/metadata-641.htm
07-05 12:54:08.968   545 25697 I DownloadManager: in removeSpuriousFiles, preserving file /data/data/com.android.providers.downloads/cache/metadata-319.htm
07-05 12:54:08.976   545 25697 I DownloadManager: in removeSpuriousFiles, preserving file /data/data/com.android.providers.downloads/cache/metadata-1314.htm
07-05 12:54:08.976   545 25697 I DownloadManager: in removeSpuriousFiles, preserving file /data/data/com.android.providers.downloads/cache/metadata-663.htm
07-05 12:54:08.976   545 25697 I DownloadManager: in removeSpuriousFiles, preserving file /data/data/com.android.providers.downloads/cache/metadata-604.htm
07-05 12:54:08.976   545 25697 I DownloadManager: in removeSpuriousFiles, preserving file /data/data/com.android.providers.downloads/cache/metadata-1195.htm
07-05 12:54:08.976   545 25697 I DownloadManager: in removeSpuriousFiles, preserving file /data/data/com.android.providers.downloads/cache/metadata-1458.htm
07-05 12:54:08.976   545 25697 I DownloadManager: in removeSpuriousFiles, preserving file /data/data/com.android.providers.downloads/cache/metadata-1847.htm
07-05 12:54:08.976   545 25697 I DownloadManager: in removeSpuriousFiles, preserving file /data/data/com.android.providers.downloads/cache/metadata-556.htm
07-05 12:54:08.980   545 25697 I DownloadManager: in removeSpuriousFiles, preserving file /data/data/com.android.providers.downloads/cache/metadata-1687.htm
07-05 12:54:08.980   545 25697 I DownloadManager: in removeSpuriousFiles, preserving file /data/data/com.android.providers.downloads/cache/metadata-1649.htm
07-05 12:54:08.980   545 25697 I DownloadManager: in removeSpuriousFiles, preserving file /data/data/com.android.providers.downloads/cache/metadata-1441.htm
07-05 12:54:08.980   545 25697 I DownloadManager: in removeSpuriousFiles, preserving file /data/data/com.android.providers.downloads/cache/metadata-797.htm
07-05 12:54:08.980   545 25697 I DownloadManager: in removeSpuriousFiles, preserving file /data/data/com.android.providers.downloads/cache/metadata-1395.htm
07-05 12:54:08.980   545 25697 I DownloadManager: in removeSpuriousFiles, preserving file /data/data/com.android.providers.downloads/cache/metadata-1341.htm
07-05 12:54:08.980   545 25697 I DownloadManager: in removeSpuriousFiles, preserving file /data/data/com.android.providers.downloads/cache/metadata-1910.htm
07-05 12:54:08.980   545 25697 I DownloadManager: in removeSpuriousFiles, preserving file /data/data/com.android.providers.downloads/cache/metadata-642.htm
07-05 12:54:08.980   545 25697 I DownloadManager: in removeSpuriousFiles, preserving file /data/data/com.android.providers.downloads/cache/metadata-989.htm
07-05 12:54:08.980   545 25697 I DownloadManager: in removeSpuriousFiles, preserving file /data/data/com.android.providers.downloads/cache/metadata-1931.htm
07-05 12:54:08.980   545 25697 I DownloadManager: in removeSpuriousFiles, preserving file /data/data/com.android.providers.downloads/cache/metadata-1251.htm
07-05 12:54:08.980   545 25697 I DownloadManager: in removeSpuriousFiles, preserving file /data/data/com.android.providers.downloads/cache/metadata-1775.htm
07-05 12:54:08.980   545 25697 I DownloadManager: in removeSpuriousFiles, preserving file /data/data/com.android.providers.downloads/cache/metadata-1241.htm
07-05 12:54:08.980   545 25697 I DownloadManager: in removeSpuriousFiles, preserving file /data/data/com.android.providers.downloads/cache/metadata-1677.htm
07-05 12:54:08.980   545 25697 I DownloadManager: in removeSpuriousFiles, preserving file /data/data/com.android.providers.downloads/cache/metadata-2208.htm
07-05 12:54:08.980   545 25697 I DownloadManager: in removeSpuriousFiles, preserving file /data/data/com.android.providers.downloads/cache/metadata-473.htm
07-05 12:54:08.984   545 25697 I DownloadManager: in removeSpuriousFiles, preserving file /data/data/com.android.providers.downloads/cache/metadata-1956.htm
07-05 12:54:08.984   545 25697 I DownloadManager: in removeSpuriousFiles, preserving file /data/data/com.android.providers.downloads/cache/metadata-882.htm
07-05 12:54:08.984   545 25697 I DownloadManager: in removeSpuriousFiles, preserving file /data/data/com.android.providers.downloads/cache/metadata-1626.htm
07-05 12:54:08.984   545 25697 I DownloadManager: in removeSpuriousFiles, preserving file /data/data/com.android.providers.downloads/cache/metadata-772.htm
07-05 12:54:08.984   545 25697 I DownloadManager: in removeSpuriousFiles, preserving file /data/data/com.android.providers.downloads/cache/metadata-1716.htm
07-05 12:54:08.984   545 25697 I DownloadManager: in removeSpuriousFiles, preserving file /data/data/com.android.providers.downloads/cache/metadata-1355.htm
07-05 12:54:08.984   545 25697 I DownloadManager: in removeSpuriousFiles, preserving file /data/data/com.android.providers.downloads/cache/metadata-1498.htm
07-05 12:54:08.984   545 25697 I DownloadManager: in removeSpuriousFiles, preserving file /data/data/com.android.providers.downloads/cache/metadata-848.htm
07-05 12:54:08.984   545 25697 I DownloadManager: in removeSpuriousFiles, preserving file /data/data/com.android.providers.downloads/cache/metadata-849.htm
07-05 12:54:08.984   545 25697 I DownloadManager: in removeSpuriousFiles, preserving file /data/data/com.android.providers.downloads/cache/metadata-1659.htm
07-05 12:54:08.988   545 25697 I DownloadManager: in removeSpuriousFiles, preserving file /data/data/com.android.providers.downloads/cache/metadata-1707.htm
07-05 12:54:08.988   545 25697 I DownloadManager: in removeSpuriousFiles, preserving file /data/data/com.android.providers.downloads/cache/metadata-661.htm
07-05 12:54:08.988   545 25697 I DownloadManager: in removeSpuriousFiles, preserving file /data/data/com.android.providers.downloads/cache/metadata-299.htm
07-05 12:54:08.988   545 25697 I DownloadManager: in removeSpuriousFiles, preserving file /data/data/com.android.providers.downloads/cache/metadata-126.htm
07-05 12:54:08.988   545 25697 I DownloadManager: in removeSpuriousFiles, preserving file /data/data/com.android.providers.downloads/cache/metadata-983.htm
07-05 12:54:08.988   545 25697 I DownloadManager: in removeSpuriousFiles, preserving file /data/data/com.android.providers.downloads/cache/metadata-2184.htm
07-05 12:54:08.988   545 25697 I DownloadManager: in removeSpuriousFiles, preserving file /data/data/com.android.providers.downloads/cache/metadata-219.htm
07-05 12:54:08.988   545 25697 I DownloadManager: in removeSpuriousFiles, preserving file /data/data/com.android.providers.downloads/cache/metadata-757.htm
07-05 12:54:08.988   545 25697 I DownloadManager: in removeSpuriousFiles, preserving file /data/data/com.android.providers.downloads/cache/metadata-691.htm
07-05 12:54:08.988   545 25697 I DownloadManager: in removeSpuriousFiles, preserving file /data/data/com.android.providers.downloads/cache/metadata-694.htm
07-05 12:54:08.988   545 25697 I DownloadManager: in removeSpuriousFiles, preserving file /data/data/com.android.providers.downloads/cache/metadata-1036.htm
07-05 12:54:08.992   545 25697 I DownloadManager: in removeSpuriousFiles, preserving file /data/data/com.android.providers.downloads/cache/metadata-1066.htm
07-05 12:54:08.992   545 25697 I DownloadManager: in removeSpuriousFiles, preserving file /data/data/com.android.providers.downloads/cache/metadata-1181.htm
07-05 12:54:08.992   545 25697 I DownloadManager: in removeSpuriousFiles, preserving file /data/data/com.android.providers.downloads/cache/metadata-2062.htm
07-05 12:54:08.992   545 25697 I DownloadManager: in removeSpuriousFiles, preserving file /data/data/com.android.providers.downloads/cache/metadata-1142.htm
07-05 12:54:08.992   545 25697 I DownloadManager: in removeSpuriousFiles, preserving file /data/data/com.android.providers.downloads/cache/metadata-1922.htm
07-05 12:54:08.992   545 25697 I DownloadManager: in removeSpuriousFiles, preserving file /data/data/com.android.providers.downloads/cache/metadata-1211.htm
07-05 12:54:08.992   545 25697 I DownloadManager: in removeSpuriousFiles, preserving file /data/data/com.android.providers.downloads/cache/metadata-1519.htm
07-05 12:54:08.992   545 25697 I DownloadManager: in removeSpuriousFiles, preserving file /data/data/com.android.providers.downloads/cache/metadata-1369.htm
07-05 12:54:08.992   545 25697 I DownloadManager: in removeSpuriousFiles, preserving file /data/data/com.android.providers.downloads/cache/metadata-601.htm
07-05 12:54:08.992   545 25697 I DownloadManager: in removeSpuriousFiles, preserving file /data/data/com.android.providers.downloads/cache/metadata-677.htm
07-05 12:54:08.992   545 25697 I DownloadManager: in removeSpuriousFiles, preserving file /data/data/com.android.providers.downloads/cache/metadata-1650.htm
07-05 12:54:08.992   545 25697 I DownloadManager: in removeSpuriousFiles, preserving file /data/data/com.android.providers.downloads/cache/metadata-16.htm
07-05 12:54:08.992   545 25697 I DownloadManager: in removeSpuriousFiles, preserving file /data/data/com.android.providers.downloads/cache/metadata-27.htm
07-05 12:54:08.992   545 25697 I DownloadManager: in removeSpuriousFiles, preserving file /data/data/com.android.providers.downloads/cache/metadata-44.htm
07-05 12:54:08.996   545 25697 I DownloadManager: in removeSpuriousFiles, preserving file /data/data/com.android.providers.downloads/cache/metadata-54.htm
07-05 12:54:08.996   545 25697 I DownloadManager: in removeSpuriousFiles, preserving file /data/data/com.android.providers.downloads/cache/metadata-25.htm
07-05 12:54:08.996   545 25697 I DownloadManager: in removeSpuriousFiles, preserving file /data/data/com.android.providers.downloads/cache/metadata-39.htm
07-05 12:54:08.996   545 25697 I DownloadManager: in removeSpuriousFiles, preserving file /data/data/com.android.providers.downloads/cache/metadata-17.htm
07-05 12:54:08.996   545 25697 I DownloadManager: in removeSpuriousFiles, preserving file /data/data/com.android.providers.downloads/cache/metadata-72.htm
07-05 12:54:08.996   545 25697 I DownloadManager: in removeSpuriousFiles, preserving file /data/data/com.android.providers.downloads/cache/metadata-71.htm
07-05 12:54:08.996   545 25697 I DownloadManager: in removeSpuriousFiles, preserving file /data/data/com.android.providers.downloads/cache/metadata-150.htm
07-05 12:54:08.996   545 25697 I DownloadManager: in removeSpuriousFiles, preserving file /data/data/com.android.providers.downloads/cache/metadata-148.htm
07-05 12:54:08.996   545 25697 I DownloadManager: in removeSpuriousFiles, preserving file /data/data/com.android.providers.downloads/cache/metadata-68.htm
07-05 12:54:08.996   545 25697 I DownloadManager: in removeSpuriousFiles, preserving file /data/data/com.android.providers.downloads/cache/metadata-300.htm
07-05 12:54:08.996   545 25697 I DownloadManager: in removeSpuriousFiles, preserving file /data/data/com.android.providers.downloads/cache/metadata-224.htm
07-05 12:54:08.996   545 25697 I DownloadManager: in removeSpuriousFiles, preserving file /data/data/com.android.providers.downloads/cache/metadata-85.htm
07-05 12:54:08.996   545 25697 I DownloadManager: in removeSpuriousFiles, preserving file /data/data/com.android.providers.downloads/cache/metadata-254.htm
07-05 12:54:08.996   545 25697 I DownloadManager: in removeSpuriousFiles, preserving file /data/data/com.android.providers.downloads/cache/metadata-158.htm
07-05 12:54:08.996   545 25697 I DownloadManager: in removeSpuriousFiles, preserving file /data/data/com.android.providers.downloads/cache/metadata-120.htm
07-05 12:54:08.996   545 25697 I DownloadManager: in removeSpuriousFiles, preserving file /data/data/com.android.providers.downloads/cache/metadata-90.htm
07-05 12:54:08.996   545 25697 I DownloadManager: in removeSpuriousFiles, preserving file /data/data/com.android.providers.downloads/cache/metadata-284.htm
07-05 12:54:08.996   545 25697 I DownloadManager: in removeSpuriousFiles, preserving file /data/data/com.android.providers.downloads/cache/metadata-182.htm
07-05 12:54:08.996   545 25697 I DownloadManager: in removeSpuriousFiles, preserving file /data/data/com.android.providers.downloads/cache/metadata-101.htm
07-05 12:54:08.996   545 25697 I DownloadManager: in removeSpuriousFiles, preserving file /data/data/com.android.providers.downloads/cache/metadata-145.htm
07-05 12:54:08.996   545 25697 I DownloadManager: in removeSpuriousFiles, preserving file /data/data/com.android.providers.downloads/cache/metadata-215.htm
07-05 12:54:08.996   545 25697 I DownloadManager: in removeSpuriousFiles, preserving file /data/data/com.android.providers.downloads/cache/metadata-70.htm
07-05 12:54:08.996   545 25697 I DownloadManager: in removeSpuriousFiles, preserving file /data/data/com.android.providers.downloads/cache/metadata-207.htm
07-05 12:54:08.996   545 25697 I DownloadManager: in removeSpuriousFiles, preserving file /data/data/com.android.providers.downloads/cache/metadata-123.htm
07-05 12:54:08.996   545 25697 I DownloadManager: in removeSpuriousFiles, preserving file /data/data/com.android.providers.downloads/cache/metadata-202.htm
07-05 12:54:09.000   545 25697 I DownloadManager: in removeSpuriousFiles, preserving file /data/data/com.android.providers.downloads/cache/metadata-80.htm
07-05 12:54:09.000   545 25697 I DownloadManager: in removeSpuriousFiles, preserving file /data/data/com.android.providers.downloads/cache/metadata-753.htm
07-05 12:54:09.000   545 25697 I DownloadManager: in removeSpuriousFiles, preserving file /data/data/com.android.providers.downloads/cache/metadata-620.htm
07-05 12:54:09.000   545 25697 I DownloadManager: in removeSpuriousFiles, preserving file /data/data/com.android.providers.downloads/cache/metadata-73.htm
07-05 12:54:09.000   545 25697 I DownloadManager: in removeSpuriousFiles, preserving file /data/data/com.android.providers.downloads/cache/metadata-141.htm
07-05 12:54:09.000   545 25697 I DownloadManager: in removeSpuriousFiles, preserving file /data/data/com.android.providers.downloads/cache/metadata-142.htm
07-05 12:54:09.000   545 25697 I DownloadManager: in removeSpuriousFiles, preserving file /data/data/com.android.providers.downloads/cache/metadata-79.htm
07-05 12:54:09.000   545 25697 I DownloadManager: in removeSpuriousFiles, preserving file /data/data/com.android.providers.downloads/cache/metadata-398.htm
07-05 12:54:09.000   545 25697 I DownloadManager: in removeSpuriousFiles, preserving file /data/data/com.android.providers.downloads/cache/metadata-124.htm
07-05 12:54:09.000   545 25697 I DownloadManager: in removeSpuriousFiles, preserving file /data/data/com.android.providers.downloads/cache/metadata-919.htm
07-05 12:54:09.000   545 25697 I DownloadManager: in removeSpuriousFiles, preserving file /data/data/com.android.providers.downloads/cache/metadata-1522.htm
07-05 12:54:09.000   545 25697 I DownloadManager: in removeSpuriousFiles, preserving file /data/data/com.android.providers.downloads/cache/metadata-1075.htm
07-05 12:54:09.000   545 25697 I DownloadManager: in removeSpuriousFiles, preserving file /data/data/com.android.providers.downloads/cache/metadata-685.htm
07-05 12:54:09.000   545 25697 I DownloadManager: in removeSpuriousFiles, preserving file /data/data/com.android.providers.downloads/cache/metadata-102.htm
07-05 12:54:09.000   545 25697 I DownloadManager: in removeSpuriousFiles, preserving file /data/data/com.android.providers.downloads/cache/metadata-267.htm
07-05 12:54:09.000   545 25697 I DownloadManager: in removeSpuriousFiles, preserving file /data/data/com.android.providers.downloads/cache/metadata-874.htm
07-05 12:54:09.000   545 25697 I DownloadManager: in removeSpuriousFiles, preserving file /data/data/com.android.providers.downloads/cache/metadata-240.htm
07-05 12:54:09.000   545 25697 I DownloadManager: in removeSpuriousFiles, preserving file /data/data/com.android.providers.downloads/cache/metadata-1548.htm
07-05 12:54:09.000   545 25697 I DownloadManager: in removeSpuriousFiles, preserving file /data/data/com.android.providers.downloads/cache/metadata-209.htm
07-05 12:54:09.000   545 25697 I DownloadManager: in removeSpuriousFiles, preserving file /data/data/com.android.providers.downloads/cache/metadata-345.htm
07-05 12:54:09.000   545 25697 I DownloadManager: in removeSpuriousFiles, preserving file /data/data/com.android.providers.downloads/cache/metadata-317.htm
07-05 12:54:09.000   545 25697 I DownloadManager: in removeSpuriousFiles, preserving file /data/data/com.android.providers.downloads/cache/metadata-191.htm
07-05 12:54:09.004   545 25697 I DownloadManager: in removeSpuriousFiles, preserving file /data/data/com.android.providers.downloads/cache/metadata-164.htm
07-05 12:54:09.004   545 25697 I DownloadManager: in removeSpuriousFiles, preserving file /data/data/com.android.providers.downloads/cache/metadata-206.htm
07-05 12:54:09.004   545 25697 I DownloadManager: in removeSpuriousFiles, preserving file /data/data/com.android.providers.downloads/cache/metadata-135.htm
07-05 12:54:09.004   545 25697 I DownloadManager: in removeSpuriousFiles, preserving file /data/data/com.android.providers.downloads/cache/metadata-1530.htm
07-05 12:54:09.004   545 25697 I DownloadManager: in removeSpuriousFiles, preserving file /data/data/com.android.providers.downloads/cache/metadata-445.htm
07-05 12:54:09.004   545 25697 I DownloadManager: in removeSpuriousFiles, preserving file /data/data/com.android.providers.downloads/cache/metadata-181.htm
07-05 12:54:09.004   545 25697 I DownloadManager: in removeSpuriousFiles, preserving file /data/data/com.android.providers.downloads/cache/metadata-115.htm
07-05 12:54:09.004   545 25697 I DownloadManager: in removeSpuriousFiles, preserving file /data/data/com.android.providers.downloads/cache/metadata-157.htm
07-05 12:54:09.004   545 25697 I DownloadManager: in removeSpuriousFiles, preserving file /data/data/com.android.providers.downloads/cache/metadata-232.htm
07-05 12:54:09.004   545 25697 I DownloadManager: in removeSpuriousFiles, preserving file /data/data/com.android.providers.downloads/cache/metadata-406.htm
07-05 12:54:09.004   545 25697 I DownloadManager: in removeSpuriousFiles, preserving file /data/data/com.android.providers.downloads/cache/metadata-2799.htm
07-05 12:54:09.004   545 25697 I DownloadManager: in removeSpuriousFiles, preserving file /data/data/com.android.providers.downloads/cache/metadata-636.htm
07-05 12:54:09.004   545 25697 I DownloadManager: in removeSpuriousFiles, preserving file /data/data/com.android.providers.downloads/cache/metadata-392.htm
07-05 12:54:09.004   545 25697 I DownloadManager: in removeSpuriousFiles, preserving file /data/data/com.android.providers.downloads/cache/metadata-1407.htm
07-05 12:54:09.004   545 25697 I DownloadManager: in removeSpuriousFiles, preserving file /data/data/com.android.providers.downloads/cache/metadata-149.htm
07-05 12:54:09.004   545 25697 I DownloadManager: in removeSpuriousFiles, preserving file /data/data/com.android.providers.downloads/cache/metadata-259.htm
07-05 12:54:09.004   545 25697 I DownloadManager: in removeSpuriousFiles, preserving file /data/data/com.android.providers.downloads/cache/metadata-1991.htm
07-05 12:54:09.004   545 25697 I DownloadManager: in removeSpuriousFiles, preserving file /data/data/com.android.providers.downloads/cache/metadata-1031.htm
07-05 12:54:09.008   545 25697 I DownloadManager: in removeSpuriousFiles, preserving file /data/data/com.android.providers.downloads/cache/metadata-1796.htm
07-05 12:54:09.008   545 25697 I DownloadManager: in removeSpuriousFiles, preserving file /data/data/com.android.providers.downloads/cache/metadata-716.htm
07-05 12:54:09.008   545 25697 I DownloadManager: in removeSpuriousFiles, preserving file /data/data/com.android.providers.downloads/cache/metadata-82.htm
07-05 12:54:09.008   545 25697 I DownloadManager: in removeSpuriousFiles, preserving file /data/data/com.android.providers.downloads/cache/metadata-1868.htm
07-05 12:54:09.008   545 25697 I DownloadManager: in removeSpuriousFiles, preserving file /data/data/com.android.providers.downloads/cache/metadata-1959.htm
07-05 12:54:09.008   545 25697 I DownloadManager: in removeSpuriousFiles, preserving file /data/data/com.android.providers.downloads/cache/metadata-566.htm
07-05 12:54:09.008   545 25697 I DownloadManager: in removeSpuriousFiles, preserving file /data/data/com.android.providers.downloads/cache/metadata-1437.htm
07-05 12:54:09.008   545 25697 I DownloadManager: in removeSpuriousFiles, preserving file /data/data/com.android.providers.downloads/cache/metadata-116.htm
07-05 12:54:09.008   545 25697 I DownloadManager: in removeSpuriousFiles, preserving file /data/data/com.android.providers.downloads/cache/metadata-1087.htm
07-05 12:54:09.008   545 25697 I DownloadManager: in removeSpuriousFiles, preserving file /data/data/com.android.providers.downloads/cache/metadata-1521.htm
07-05 12:54:09.008   545 25697 I DownloadManager: in removeSpuriousFiles, preserving file /data/data/com.android.providers.downloads/cache/metadata-1777.htm
07-05 12:54:09.008   545 25697 I DownloadManager: in removeSpuriousFiles, preserving file /data/data/com.android.providers.downloads/cache/metadata-218.htm
07-05 12:54:09.008   545 25697 I DownloadManager: in removeSpuriousFiles, preserving file /data/data/com.android.providers.downloads/cache/metadata-1572.htm
07-05 12:54:09.008   545 25697 I DownloadManager: in removeSpuriousFiles, preserving file /data/data/com.android.providers.downloads/cache/metadata-231.htm
07-05 12:54:09.008   545 25697 I DownloadManager: in removeSpuriousFiles, preserving file /data/data/com.android.providers.downloads/cache/metadata-233.htm
07-05 12:54:09.011   545 25697 I DownloadManager: in removeSpuriousFiles, preserving file /data/data/com.android.providers.downloads/cache/metadata-1357.htm
07-05 12:54:09.011   545 25697 I DownloadManager: in removeSpuriousFiles, preserving file /data/data/com.android.providers.downloads/cache/metadata-1629.htm
07-05 12:54:09.011   545 25697 I DownloadManager: in removeSpuriousFiles, preserving file /data/data/com.android.providers.downloads/cache/metadata-312.htm
07-05 12:54:09.011   545 25697 I DownloadManager: in removeSpuriousFiles, preserving file /data/data/com.android.providers.downloads/cache/metadata-598.htm
07-05 12:54:09.011   545 25697 I DownloadManager: in removeSpuriousFiles, preserving file /data/data/com.android.providers.downloads/cache/metadata-1957.htm
07-05 12:54:09.011   545 25697 I DownloadManager: in removeSpuriousFiles, preserving file /data/data/com.android.providers.downloads/cache/metadata-2220.htm
07-05 12:54:09.011   545 25697 I DownloadManager: in removeSpuriousFiles, preserving file /data/data/com.android.providers.downloads/cache/metadata-738.htm
07-05 12:54:09.011   545 25697 I DownloadManager: in removeSpuriousFiles, preserving file /data/data/com.android.providers.downloads/cache/metadata-334.htm
07-05 12:54:09.011   545 25697 I DownloadManager: in removeSpuriousFiles, preserving file /data/data/com.android.providers.downloads/cache/metadata-362.htm
07-05 12:54:09.011   545 25697 I DownloadManager: in removeSpuriousFiles, preserving file /data/data/com.android.providers.downloads/cache/metadata-719.htm
07-05 12:54:09.011   545 25697 I DownloadManager: in removeSpuriousFiles, preserving file /data/data/com.android.providers.downloads/cache/metadata-626.htm
07-05 12:54:09.011   545 25697 I DownloadManager: in removeSpuriousFiles, preserving file /data/data/com.android.providers.downloads/cache/metadata-781.htm
07-05 12:54:09.011   545 25697 I DownloadManager: in removeSpuriousFiles, preserving file /data/data/com.android.providers.downloads/cache/metadata-2026.htm
07-05 12:54:09.011   545 25697 I DownloadManager: in removeSpuriousFiles, preserving file /data/data/com.android.providers.downloads/cache/metadata-2111.htm
07-05 12:54:09.015   545 25697 I DownloadManager: in removeSpuriousFiles, preserving file /data/data/com.android.providers.downloads/cache/metadata-1157.htm
07-05 12:54:09.015   545 25697 I DownloadManager: in removeSpuriousFiles, preserving file /data/data/com.android.providers.downloads/cache/metadata-1049.htm
07-05 12:54:09.015   545 25697 I DownloadManager: in removeSpuriousFiles, preserving file /data/data/com.android.providers.downloads/cache/metadata-838.htm
07-05 12:54:09.015   545 25697 I DownloadManager: in removeSpuriousFiles, preserving file /data/data/com.android.providers.downloads/cache/metadata-515.htm
07-05 12:54:09.015   545 25697 I DownloadManager: in removeSpuriousFiles, preserving file /data/data/com.android.providers.downloads/cache/metadata-835.htm
07-05 12:54:09.015   545 25697 I DownloadManager: in removeSpuriousFiles, preserving file /data/data/com.android.providers.downloads/cache/metadata-710.htm
07-05 12:54:09.015   545 25697 I DownloadManager: in removeSpuriousFiles, preserving file /data/data/com.android.providers.downloads/cache/metadata-252.htm
07-05 12:54:09.015   545 25697 I DownloadManager: in removeSpuriousFiles, preserving file /data/data/com.android.providers.downloads/cache/metadata-1274.htm
07-05 12:54:09.019   545 25697 I DownloadManager: in removeSpuriousFiles, preserving file /data/data/com.android.providers.downloads/cache/metadata-1164.htm
07-05 12:54:09.019   545 25697 I DownloadManager: in removeSpuriousFiles, preserving file /data/data/com.android.providers.downloads/cache/metadata-1350.htm
07-05 12:54:09.019   545 25697 I DownloadManager: in removeSpuriousFiles, preserving file /data/data/com.android.providers.downloads/cache/metadata-1515.htm
07-05 12:54:09.019   545 25697 I DownloadManager: in removeSpuriousFiles, preserving file /data/data/com.android.providers.downloads/cache/metadata-864.htm
07-05 12:54:09.019   545 25697 I DownloadManager: in removeSpuriousFiles, preserving file /data/data/com.android.providers.downloads/cache/metadata-1655.htm
07-05 12:54:09.019   545 25697 I DownloadManager: in removeSpuriousFiles, preserving file /data/data/com.android.providers.downloads/cache/metadata-1359.htm
07-05 12:54:09.019   545 25697 I DownloadManager: in removeSpuriousFiles, preserving file /data/data/com.android.providers.downloads/cache/metadata-1335.htm
07-05 12:54:09.019   545 25697 I DownloadManager: in removeSpuriousFiles, preserving file /data/data/com.android.providers.downloads/cache/metadata-1783.htm
07-05 12:54:09.019   545 25697 I DownloadManager: in removeSpuriousFiles, preserving file /data/data/com.android.providers.downloads/cache/metadata-384.htm
07-05 12:54:09.019   545 25697 I DownloadManager: in removeSpuriousFiles, preserving file /data/data/com.android.providers.downloads/cache/metadata-750.htm
07-05 12:54:09.019   545 25697 I DownloadManager: in removeSpuriousFiles, preserving file /data/data/com.android.providers.downloads/cache/metadata-1300.htm
07-05 12:54:09.019   545 25697 I DownloadManager: in removeSpuriousFiles, preserving file /data/data/com.android.providers.downloads/cache/metadata-910.htm
07-05 12:54:09.019   545 25697 I DownloadManager: in removeSpuriousFiles, preserving file /data/data/com.android.providers.downloads/cache/metadata-1788.htm
07-05 12:54:09.019   545 25697 I DownloadManager: in removeSpuriousFiles, preserving file /data/data/com.android.providers.downloads/cache/metadata-1702.htm
07-05 12:54:09.019   545 25697 I DownloadManager: in removeSpuriousFiles, preserving file /data/data/com.android.providers.downloads/cache/metadata-1826.htm
07-05 12:54:09.019   545 25697 I DownloadManager: in removeSpuriousFiles, preserving file /data/data/com.android.providers.downloads/cache/metadata-909.htm
07-05 12:54:09.019   545 25697 I DownloadManager: in removeSpuriousFiles, preserving file /data/data/com.android.providers.downloads/cache/metadata-1681.htm
07-05 12:54:09.019   545 25697 I DownloadManager: in removeSpuriousFiles, preserving file /data/data/com.android.providers.downloads/cache/metadata-5.htm
07-05 12:54:09.019   545 25697 I DownloadManager: in removeSpuriousFiles, preserving file /data/data/com.android.providers.downloads/cache/metadata-26.htm
07-05 12:54:09.019   545 25697 I DownloadManager: in removeSpuriousFiles, preserving file /data/data/com.android.providers.downloads/cache/metadata-38.htm
07-05 12:54:09.019   545 25697 I DownloadManager: in removeSpuriousFiles, preserving file /data/data/com.android.providers.downloads/cache/metadata-185.htm
07-05 12:54:09.019   545 25697 I DownloadManager: in removeSpuriousFiles, preserving file /data/data/com.android.providers.downloads/cache/metadata-48.htm
07-05 12:54:09.023   545 25697 I DownloadManager: in removeSpuriousFiles, preserving file /data/data/com.android.providers.downloads/cache/metadata-64.htm
07-05 12:54:09.023   545 25697 I DownloadManager: in removeSpuriousFiles, preserving file /data/data/com.android.providers.downloads/cache/metadata-104.htm
07-05 12:54:09.023   545 25697 I DownloadManager: in removeSpuriousFiles, preserving file /data/data/com.android.providers.downloads/cache/metadata-133.htm
07-05 12:54:09.023   545 25697 I DownloadManager: in removeSpuriousFiles, preserving file /data/data/com.android.providers.downloads/cache/metadata-83.htm
07-05 12:54:09.023   545 25697 I DownloadManager: in removeSpuriousFiles, preserving file /data/data/com.android.providers.downloads/cache/metadata-295.htm
07-05 12:54:09.023   545 25697 I DownloadManager: in removeSpuriousFiles, preserving file /data/data/com.android.providers.downloads/cache/metadata-139.htm
07-05 12:54:09.023   545 25697 I DownloadManager: in removeSpuriousFiles, preserving file /data/data/com.android.providers.downloads/cache/metadata-52.htm
07-05 12:54:09.023   545 25697 I DownloadManager: in removeSpuriousFiles, preserving file /data/data/com.android.providers.downloads/cache/metadata-57.htm
07-05 12:54:09.023   545 25697 I DownloadManager: in removeSpuriousFiles, preserving file /data/data/com.android.providers.downloads/cache/metadata-140.htm
07-05 12:54:09.023   545 25697 I DownloadManager: in removeSpuriousFiles, preserving file /data/data/com.android.providers.downloads/cache/metadata-76.htm
07-05 12:54:09.023   545 25697 I DownloadManager: in removeSpuriousFiles, preserving file /data/data/com.android.providers.downloads/cache/metadata-194.htm
07-05 12:54:09.023   545 25697 I DownloadManager: in removeSpuriousFiles, preserving file /data/data/com.android.providers.downloads/cache/metadata-921.htm
07-05 12:54:09.023   545 25697 I DownloadManager: in removeSpuriousFiles, preserving file /data/data/com.android.providers.downloads/cache/metadata-229.htm
07-05 12:54:09.023   545 25697 I DownloadManager: in removeSpuriousFiles, preserving file /data/data/com.android.providers.downloads/cache/metadata-187.htm
07-05 12:54:09.027   545 25697 I DownloadManager: in removeSpuriousFiles, preserving file /data/data/com.android.providers.downloads/cache/metadata-122.htm
07-05 12:54:09.027   545 25697 I DownloadManager: in removeSpuriousFiles, preserving file /data/data/com.android.providers.downloads/cache/metadata-193.htm
07-05 12:54:09.027   545 25697 I DownloadManager: in removeSpuriousFiles, preserving file /data/data/com.android.providers.downloads/cache/metadata-156.htm
07-05 12:54:09.027   545 25697 I DownloadManager: in removeSpuriousFiles, preserving file /data/data/com.android.providers.downloads/cache/metadata-1397.htm
07-05 12:54:09.027   545 25697 I DownloadManager: in removeSpuriousFiles, preserving file /data/data/com.android.providers.downloads/cache/metadata-188.htm
07-05 12:54:09.027   545 25697 I DownloadManager: in removeSpuriousFiles, preserving file /data/data/com.android.providers.downloads/cache/metadata-190.htm
07-05 12:54:09.027   545 25697 I DownloadManager: in removeSpuriousFiles, preserving file /data/data/com.android.providers.downloads/cache/metadata-147.htm
07-05 12:54:09.027   545 25697 I DownloadManager: in removeSpuriousFiles, preserving file /data/data/com.android.providers.downloads/cache/metadata-286.htm
07-05 12:54:09.027   545 25697 I DownloadManager: in removeSpuriousFiles, preserving file /data/data/com.android.providers.downloads/cache/metadata-180.htm
07-05 12:54:09.027   545 25697 I DownloadManager: in removeSpuriousFiles, preserving file /data/data/com.android.providers.downloads/cache/metadata-163.htm
07-05 12:54:09.027   545 25697 I DownloadManager: in removeSpuriousFiles, preserving file /data/data/com.android.providers.downloads/cache/metadata-108.htm
07-05 12:54:09.027   545 25697 I DownloadManager: in removeSpuriousFiles, preserving file /data/data/com.android.providers.downloads/cache/metadata-172.htm
07-05 12:54:09.027   545 25697 I DownloadManager: in removeSpuriousFiles, preserving file /data/data/com.android.providers.downloads/cache/metadata-336.htm
07-05 12:54:09.027   545 25697 I DownloadManager: in removeSpuriousFiles, preserving file /data/data/com.android.providers.downloads/cache/metadata-121.htm
07-05 12:54:09.027   545 25697 I DownloadManager: in removeSpuriousFiles, preserving file /data/data/com.android.providers.downloads/cache/metadata-348.htm
07-05 12:54:09.027   545 25697 I DownloadManager: in removeSpuriousFiles, preserving file /data/data/com.android.providers.downloads/cache/metadata-439.htm
07-05 12:54:09.027   545 25697 I DownloadManager: in removeSpuriousFiles, preserving file /data/data/com.android.providers.downloads/cache/metadata-255.htm
