07-05 14:12:44.261   545   548 D dalvikvm: GC_CONCURRENT freed 834K, 11% free 10455K/11719K, paused 2ms+3ms
07-05 14:12:44.522   545   548 D dalvikvm: GC_CONCURRENT freed 411K, 11% free 10435K/11719K, paused 2ms+2ms
07-05 14:12:44.757   545 10554 I DownloadManager: Initiating request for download 5080
07-05 14:12:44.819   545   548 D dalvikvm: GC_CONCURRENT freed 388K, 11% free 10481K/11719K, paused 2ms+3ms
07-05 14:12:44.948   545   548 D dalvikvm: GC_CONCURRENT freed 220K, 9% free 10722K/11719K, paused 2ms+3ms
07-05 14:12:45.104   545   548 D dalvikvm: GC_CONCURRENT freed 675K, 11% free 10496K/11719K, paused 2ms+2ms
07-05 14:12:45.182  1370 10556 E DictionaryProvider:UpdateHandler: Can't read a file : android.util.MalformedJsonException: Use JsonReader.setLenient(true) to accept malformed JSON at line 1 column 20
07-05 14:12:45.421   545   548 D dalvikvm: GC_CONCURRENT freed 433K, 11% free 10456K/11719K, paused 2ms+3ms
07-05 14:12:45.698   545   548 D dalvikvm: GC_CONCURRENT freed 412K, 11% free 10436K/11719K, paused 2ms+2ms
07-05 14:12:45.811   545 10559 I DownloadManager: Initiating request for download 5080
07-05 14:12:45.897   545   548 D dalvikvm: GC_CONCURRENT freed 240K, 10% free 10622K/11719K, paused 2ms+2ms
07-05 14:12:46.022   545   548 D dalvikvm: GC_CONCURRENT freed 331K, 8% free 10809K/11719K, paused 1ms+2ms
07-05 14:12:46.268   156   576 D dalvikvm: GC_EXPLICIT freed 490K, 12% free 14098K/16007K, paused 2ms+5ms
07-05 14:12:46.378   545   548 D dalvikvm: GC_CONCURRENT freed 831K, 11% free 10454K/11719K, paused 2ms+3ms
07-05 14:12:46.639   545   548 D dalvikvm: GC_CONCURRENT freed 424K, 12% free 10420K/11719K, paused 2ms+2ms
07-05 14:12:46.831   545 10562 I DownloadManager: Initiating request for download 5081
07-05 14:12:46.917   545   548 D dalvikvm: GC_CONCURRENT freed 303K, 10% free 10632K/11719K, paused 3ms+3ms
07-05 14:12:47.038   545   548 D dalvikvm: GC_CONCURRENT freed 329K, 9% free 10772K/11719K, paused 2ms+2ms
07-05 14:12:47.261  1370 10564 E DictionaryProvider:UpdateHandler: Can't read a file : android.util.MalformedJsonException: Use JsonReader.setLenient(true) to accept malformed JSON at line 1 column 20
07-05 14:12:47.319   545   548 D dalvikvm: GC_CONCURRENT freed 785K, 11% free 10457K/11719K, paused 2ms+2ms
07-05 14:12:47.589   545   548 D dalvikvm: GC_CONCURRENT freed 422K, 12% free 10426K/11719K, paused 2ms+3ms
07-05 14:12:47.819   545 10567 I DownloadManager: Initiating request for download 5081
07-05 14:12:47.862   545   548 D dalvikvm: GC_CONCURRENT freed 398K, 11% free 10441K/11719K, paused 2ms+3ms
07-05 14:12:47.987   545   548 D dalvikvm: GC_CONCURRENT freed 187K, 9% free 10690K/11719K, paused 1ms+3ms
07-05 14:12:48.124   545   548 D dalvikvm: GC_CONCURRENT freed 442K, 9% free 10707K/11719K, paused 2ms+2ms
07-05 14:12:48.440   545   548 D dalvikvm: GC_CONCURRENT freed 711K, 11% free 10437K/11719K, paused 1ms+2ms
07-05 14:12:48.694   545   548 D dalvikvm: GC_CONCURRENT freed 409K, 12% free 10418K/11719K, paused 2ms+2ms
07-05 14:12:48.815   545 10570 I DownloadManager: Initiating request for download 5082
07-05 14:12:48.901   545   548 D dalvikvm: GC_CONCURRENT freed 228K, 10% free 10623K/11719K, paused 2ms+3ms
07-05 14:12:49.022   545   548 D dalvikvm: GC_CONCURRENT freed 292K, 8% free 10790K/11719K, paused 2ms+3ms
07-05 14:12:49.198  1370 10572 E DictionaryProvider:UpdateHandler: Can't read a file : android.util.MalformedJsonException: Use JsonReader.setLenient(true) to accept malformed JSON at line 1 column 20
07-05 14:12:49.311   545   548 D dalvikvm: GC_CONCURRENT freed 807K, 11% free 10451K/11719K, paused 3ms+3ms
07-05 14:12:49.577   545   548 D dalvikvm: GC_CONCURRENT freed 408K, 12% free 10429K/11719K, paused 1ms+2ms
07-05 14:12:49.780   545 10575 I DownloadManager: Initiating request for download 5082
07-05 14:12:49.843   545   548 D dalvikvm: GC_CONCURRENT freed 372K, 11% free 10465K/11719K, paused 2ms+2ms
07-05 14:12:49.956   545   548 D dalvikvm: GC_CONCURRENT freed 211K, 9% free 10712K/11719K, paused 2ms+3ms
07-05 14:12:50.100   545   548 D dalvikvm: GC_CONCURRENT freed 668K, 11% free 10488K/11719K, paused 1ms+3ms
07-05 14:12:50.386   545   548 D dalvikvm: GC_CONCURRENT freed 436K, 11% free 10443K/11719K, paused 2ms+2ms
07-05 14:12:50.647   545   548 D dalvikvm: GC_CONCURRENT freed 410K, 12% free 10423K/11719K, paused 2ms+2ms
07-05 14:12:50.792   545 10578 I DownloadManager: Initiating request for download 5083
07-05 14:12:50.878   545   548 D dalvikvm: GC_CONCURRENT freed 241K, 10% free 10616K/11719K, paused 2ms+3ms
07-05 14:12:51.003   545   548 D dalvikvm: GC_CONCURRENT freed 301K, 9% free 10779K/11719K, paused 2ms+2ms
07-05 14:12:51.225  1370 10580 E DictionaryProvider:UpdateHandler: Can't read a file : android.util.MalformedJsonException: Use JsonReader.setLenient(true) to accept malformed JSON at line 1 column 20
07-05 14:12:51.264  1370  1372 D dalvikvm: GC_CONCURRENT freed 390K, 7% free 9131K/9735K, paused 1ms+2ms
07-05 14:12:51.276   545   548 D dalvikvm: GC_CONCURRENT freed 792K, 11% free 10467K/11719K, paused 2ms+2ms
07-05 14:12:51.561   545   548 D dalvikvm: GC_CONCURRENT freed 421K, 11% free 10433K/11719K, paused 2ms+2ms
07-05 14:12:51.784   545 10583 I DownloadManager: Initiating request for download 5083
07-05 14:12:51.843   545   548 D dalvikvm: GC_CONCURRENT freed 387K, 11% free 10477K/11719K, paused 2ms+3ms
07-05 14:12:51.971   545   548 D dalvikvm: GC_CONCURRENT freed 216K, 9% free 10716K/11719K, paused 2ms+3ms
07-05 14:12:52.112   545   548 D dalvikvm: GC_CONCURRENT freed 669K, 11% free 10493K/11719K, paused 2ms+3ms
07-05 14:12:52.382   545   548 D dalvikvm: GC_CONCURRENT freed 407K, 11% free 10477K/11719K, paused 1ms+2ms
07-05 14:12:52.655   545   548 D dalvikvm: GC_CONCURRENT freed 406K, 11% free 10461K/11719K, paused 2ms+3ms
07-05 14:12:54.167   545 10585 I DownloadManager: Initiating request for download 5084
07-05 14:12:54.264   545   548 D dalvikvm: GC_CONCURRENT freed 269K, 10% free 10628K/11719K, paused 2ms+3ms
07-05 14:12:54.386   545   548 D dalvikvm: GC_CONCURRENT freed 298K, 8% free 10791K/11719K, paused 2ms+3ms
07-05 14:12:54.585  1370 10588 E DictionaryProvider:UpdateHandler: Can't read a file : android.util.MalformedJsonException: Use JsonReader.setLenient(true) to accept malformed JSON at line 1 column 20
07-05 14:12:54.690   545   548 D dalvikvm: GC_CONCURRENT freed 800K, 11% free 10468K/11719K, paused 2ms+2ms
07-05 14:12:54.952   545   548 D dalvikvm: GC_CONCURRENT freed 425K, 11% free 10434K/11719K, paused 2ms+3ms
07-05 14:12:55.175   545 10591 I DownloadManager: Initiating request for download 5084
07-05 14:12:55.237   545   548 D dalvikvm: GC_CONCURRENT freed 378K, 11% free 10491K/11719K, paused 1ms+2ms
07-05 14:12:55.350   545   548 D dalvikvm: GC_CONCURRENT freed 210K, 9% free 10717K/11719K, paused 2ms+3ms
07-05 14:12:55.495   545   548 D dalvikvm: GC_CONCURRENT freed 671K, 11% free 10493K/11719K, paused 2ms+2ms
07-05 14:12:55.788   545   548 D dalvikvm: GC_CONCURRENT freed 437K, 11% free 10446K/11719K, paused 1ms+2ms
07-05 14:12:56.053   545   548 D dalvikvm: GC_CONCURRENT freed 408K, 12% free 10429K/11719K, paused 2ms+2ms
07-05 14:12:56.202   545 10594 I DownloadManager: Initiating request for download 5085
07-05 14:12:56.292   545   548 D dalvikvm: GC_CONCURRENT freed 239K, 10% free 10622K/11719K, paused 2ms+3ms
07-05 14:12:56.413   545   548 D dalvikvm: GC_CONCURRENT freed 302K, 8% free 10787K/11719K, paused 2ms+3ms
07-05 14:12:56.616  1370 10596 E DictionaryProvider:UpdateHandler: Can't read a file : android.util.MalformedJsonException: Use JsonReader.setLenient(true) to accept malformed JSON at line 1 column 20
07-05 14:12:56.682   545   548 D dalvikvm: GC_CONCURRENT freed 782K, 11% free 10469K/11719K, paused 2ms+3ms
07-05 14:12:56.718   465   467 D dalvikvm: GC_CONCURRENT freed 384K, 6% free 10502K/11143K, paused 2ms+2ms
07-05 14:12:56.979   545   548 D dalvikvm: GC_CONCURRENT freed 423K, 11% free 10436K/11719K, paused 2ms+3ms
07-05 14:12:57.264   545   548 D dalvikvm: GC_CONCURRENT freed 391K, 11% free 10455K/11719K, paused 2ms+3ms
07-05 14:12:57.264   545 10599 I DownloadManager: Initiating request for download 5085
07-05 14:12:57.397   545   548 D dalvikvm: GC_CONCURRENT freed 189K, 9% free 10703K/11719K, paused 2ms+3ms
07-05 14:12:57.518   545   548 D dalvikvm: GC_CONCURRENT freed 433K, 9% free 10720K/11719K, paused 2ms+3ms
07-05 14:12:57.819   545   548 D dalvikvm: GC_CONCURRENT freed 711K, 11% free 10449K/11719K, paused 2ms+2ms
07-05 14:12:58.085   545   548 D dalvikvm: GC_CONCURRENT freed 410K, 12% free 10430K/11719K, paused 1ms+2ms
07-05 14:12:58.221   545 10602 I DownloadManager: Initiating request for download 5086
07-05 14:12:58.311   545   548 D dalvikvm: GC_CONCURRENT freed 238K, 10% free 10624K/11719K, paused 2ms+3ms
07-05 14:12:58.436   545   548 D dalvikvm: GC_CONCURRENT freed 301K, 8% free 10789K/11719K, paused 2ms+3ms
07-05 14:12:58.608  1370 10604 E DictionaryProvider:UpdateHandler: Can't read a file : android.util.MalformedJsonException: Use JsonReader.setLenient(true) to accept malformed JSON at line 1 column 20
07-05 14:12:58.698   545   548 D dalvikvm: GC_CONCURRENT freed 788K, 11% free 10468K/11719K, paused 2ms+2ms
07-05 14:12:58.971   545   548 D dalvikvm: GC_CONCURRENT freed 414K, 11% free 10444K/11719K, paused 2ms+3ms
07-05 14:12:59.198   545 10606 I DownloadManager: Initiating request for download 5086
07-05 14:12:59.241   545   548 D dalvikvm: GC_CONCURRENT freed 376K, 11% free 10468K/11719K, paused 2ms+3ms
07-05 14:12:59.335   545   548 D dalvikvm: GC_CONCURRENT freed 194K, 9% free 10712K/11719K, paused 1ms+3ms
07-05 14:12:59.718   545   548 D dalvikvm: GC_CONCURRENT freed 650K, 11% free 10498K/11719K, paused 1ms+2ms
07-05 14:13:00.065   545   548 D dalvikvm: GC_CONCURRENT freed 401K, 11% free 10490K/11719K, paused 2ms+2ms
07-05 14:13:00.182   545 10606 D dalvikvm: GC_EXPLICIT freed 96K, 11% free 10477K/11719K, paused 2ms+4ms
07-05 14:13:00.452   545   548 D dalvikvm: GC_CONCURRENT freed 432K, 11% free 10435K/11719K, paused 2ms+3ms
07-05 14:13:00.593   545 10610 I DownloadManager: Initiating request for download 5087
07-05 14:13:00.686   545   548 D dalvikvm: GC_CONCURRENT freed 235K, 10% free 10636K/11719K, paused 2ms+3ms
07-05 14:13:00.807   545   548 D dalvikvm: GC_CONCURRENT freed 306K, 8% free 10800K/11719K, paused 2ms+3ms
07-05 14:13:00.983  1370 10612 E DictionaryProvider:UpdateHandler: Can't read a file : android.util.MalformedJsonException: Use JsonReader.setLenient(true) to accept malformed JSON at line 1 column 20
07-05 14:13:01.022  1370  1372 D dalvikvm: GC_CONCURRENT freed 391K, 7% free 9132K/9735K, paused 1ms+2ms
07-05 14:13:01.124   545   548 D dalvikvm: GC_CONCURRENT freed 807K, 11% free 10473K/11719K, paused 2ms+2ms
07-05 14:13:01.382   545   548 D dalvikvm: GC_CONCURRENT freed 422K, 11% free 10441K/11719K, paused 2ms+2ms
07-05 14:13:01.585   545 10615 I DownloadManager: Initiating request for download 5087
07-05 14:13:01.643   545   548 D dalvikvm: GC_CONCURRENT freed 359K, 11% free 10501K/11719K, paused 1ms+3ms
07-05 14:13:01.761   545   548 D dalvikvm: GC_CONCURRENT freed 220K, 9% free 10734K/11719K, paused 2ms+3ms
07-05 14:13:01.905   545   548 D dalvikvm: GC_CONCURRENT freed 681K, 11% free 10508K/11719K, paused 2ms+2ms
07-05 14:13:02.190   545   548 D dalvikvm: GC_CONCURRENT freed 445K, 11% free 10454K/11719K, paused 2ms+2ms
07-05 14:13:02.452   545   548 D dalvikvm: GC_CONCURRENT freed 408K, 11% free 10436K/11719K, paused 2ms+2ms
07-05 14:13:02.589   545 10618 I DownloadManager: Initiating request for download 5088
07-05 14:13:02.682   545   548 D dalvikvm: GC_CONCURRENT freed 233K, 10% free 10636K/11719K, paused 3ms+3ms
07-05 14:13:02.803   545   548 D dalvikvm: GC_CONCURRENT freed 307K, 8% free 10799K/11719K, paused 2ms+3ms
07-05 14:13:02.983  1370 10620 E DictionaryProvider:UpdateHandler: Can't read a file : android.util.MalformedJsonException: Use JsonReader.setLenient(true) to accept malformed JSON at line 1 column 20
07-05 14:13:03.089   545   548 D dalvikvm: GC_CONCURRENT freed 800K, 11% free 10470K/11719K, paused 2ms+3ms
07-05 14:13:03.354   545   548 D dalvikvm: GC_CONCURRENT freed 417K, 11% free 10444K/11719K, paused 2ms+3ms
07-05 14:13:03.557   545 10623 I DownloadManager: Initiating request for download 5088
07-05 14:13:03.616   545   548 D dalvikvm: GC_CONCURRENT freed 359K, 11% free 10473K/11719K, paused 2ms+2ms
07-05 14:13:03.725   545   548 D dalvikvm: GC_CONCURRENT freed 192K, 9% free 10717K/11719K, paused 2ms+3ms
07-05 14:13:03.866   545   548 D dalvikvm: GC_CONCURRENT freed 439K, 9% free 10751K/11719K, paused 2ms+2ms
07-05 14:13:04.202   545   548 D dalvikvm: GC_CONCURRENT freed 750K, 11% free 10456K/11719K, paused 2ms+3ms
07-05 14:13:04.464   545   548 D dalvikvm: GC_CONCURRENT freed 410K, 11% free 10437K/11719K, paused 1ms+3ms
07-05 14:13:04.589   545 10626 I DownloadManager: Initiating request for download 5089
07-05 14:13:04.686   545   548 D dalvikvm: GC_CONCURRENT freed 224K, 10% free 10648K/11719K, paused 2ms+2ms
07-05 14:13:04.811   545   548 D dalvikvm: GC_CONCURRENT freed 310K, 8% free 10813K/11719K, paused 2ms+4ms
07-05 14:13:04.944   156   568 D dalvikvm: GC_EXPLICIT freed 506K, 12% free 14099K/16007K, paused 3ms+5ms
07-05 14:13:05.057  1370 10628 E DictionaryProvider:UpdateHandler: Can't read a file : android.util.MalformedJsonException: Use JsonReader.setLenient(true) to accept malformed JSON at line 1 column 20
07-05 14:13:05.167   545   548 D dalvikvm: GC_CONCURRENT freed 813K, 11% free 10477K/11719K, paused 2ms+3ms
07-05 14:13:05.436   545   548 D dalvikvm: GC_CONCURRENT freed 430K, 11% free 10444K/11719K, paused 2ms+2ms
07-05 14:13:05.620   545 10630 I DownloadManager: Initiating request for download 5089
07-05 14:13:05.678   545   548 D dalvikvm: GC_CONCURRENT freed 344K, 11% free 10494K/11719K, paused 1ms+3ms
07-05 14:13:05.772   545   548 D dalvikvm: GC_CONCURRENT freed 212K, 9% free 10719K/11719K, paused 2ms+3ms
07-05 14:13:07.011   545   548 D dalvikvm: GC_CONCURRENT freed 670K, 11% free 10498K/11719K, paused 2ms+2ms
07-05 14:13:07.296   545   548 D dalvikvm: GC_CONCURRENT freed 443K, 11% free 10446K/11719K, paused 2ms+2ms
07-05 14:13:07.546   545   548 D dalvikvm: GC_CONCURRENT freed 403K, 12% free 10429K/11719K, paused 2ms+2ms
07-05 14:13:07.694   545 10634 I DownloadManager: Initiating request for download 5090
07-05 14:13:07.780   545   548 D dalvikvm: GC_CONCURRENT freed 245K, 10% free 10609K/11719K, paused 2ms+2ms
07-05 14:13:07.901   545   548 D dalvikvm: GC_CONCURRENT freed 286K, 9% free 10772K/11719K, paused 2ms+2ms
07-05 14:13:08.139  1370 10636 E DictionaryProvider:UpdateHandler: Can't read a file : android.util.MalformedJsonException: Use JsonReader.setLenient(true) to accept malformed JSON at line 1 column 20
07-05 14:13:08.155   545   548 D dalvikvm: GC_CONCURRENT freed 786K, 11% free 10472K/11719K, paused 2ms+2ms
07-05 14:13:08.432   545   548 D dalvikvm: GC_CONCURRENT freed 423K, 11% free 10439K/11719K, paused 2ms+4ms
07-05 14:13:08.706   545   548 D dalvikvm: GC_CONCURRENT freed 405K, 12% free 10424K/11719K, paused 2ms+2ms
07-05 14:13:08.733   545 10639 I DownloadManager: Initiating request for download 5090
07-05 14:13:08.843   545   548 D dalvikvm: GC_CONCURRENT freed 176K, 9% free 10685K/11719K, paused 2ms+2ms
07-05 14:13:08.968   545   548 D dalvikvm: GC_CONCURRENT freed 419K, 9% free 10722K/11719K, paused 2ms+2ms
07-05 14:13:09.261   545   548 D dalvikvm: GC_CONCURRENT freed 719K, 11% free 10448K/11719K, paused 2ms+2ms
07-05 14:13:09.522   545   548 D dalvikvm: GC_CONCURRENT freed 408K, 12% free 10430K/11719K, paused 2ms+2ms
07-05 14:13:09.714   545 10642 I DownloadManager: Initiating request for download 5091
07-05 14:13:09.796   545   548 D dalvikvm: GC_CONCURRENT freed 265K, 10% free 10607K/11719K, paused 2ms+3ms
07-05 14:13:09.917   545   548 D dalvikvm: GC_CONCURRENT freed 293K, 9% free 10774K/11719K, paused 1ms+3ms
07-05 14:13:10.147  1370 10644 E DictionaryProvider:UpdateHandler: Can't read a file : android.util.MalformedJsonException: Use JsonReader.setLenient(true) to accept malformed JSON at line 1 column 20
07-05 14:13:10.155   545   548 D dalvikvm: GC_CONCURRENT freed 778K, 11% free 10477K/11719K, paused 2ms+3ms
07-05 14:13:10.194  1370  1372 D dalvikvm: GC_CONCURRENT freed 393K, 7% free 9127K/9735K, paused 2ms+2ms
07-05 14:13:10.460   545   548 D dalvikvm: GC_CONCURRENT freed 422K, 11% free 10446K/11719K, paused 2ms+2ms
07-05 14:13:10.725   545   548 D dalvikvm: GC_CONCURRENT freed 410K, 12% free 10426K/11719K, paused 2ms+2ms
07-05 14:13:10.757   545 10647 I DownloadManager: Initiating request for download 5091
07-05 14:13:10.862   545   548 D dalvikvm: GC_CONCURRENT freed 177K, 9% free 10685K/11719K, paused 1ms+3ms
07-05 14:13:10.983   545   548 D dalvikvm: GC_CONCURRENT freed 394K, 9% free 10725K/11719K, paused 2ms+2ms
07-05 14:13:11.268   545   548 D dalvikvm: GC_CONCURRENT freed 718K, 11% free 10453K/11719K, paused 2ms+2ms
07-05 14:13:11.546   545   548 D dalvikvm: GC_CONCURRENT freed 408K, 11% free 10442K/11719K, paused 2ms+2ms
07-05 14:13:11.721   545 10650 I DownloadManager: Initiating request for download 5092
07-05 14:13:11.803   545   548 D dalvikvm: GC_CONCURRENT freed 289K, 10% free 10604K/11719K, paused 2ms+3ms
07-05 14:13:11.925   545   548 D dalvikvm: GC_CONCURRENT freed 284K, 9% free 10767K/11719K, paused 2ms+3ms
07-05 14:13:12.128  1370 10652 E DictionaryProvider:UpdateHandler: Can't read a file : android.util.MalformedJsonException: Use JsonReader.setLenient(true) to accept malformed JSON at line 1 column 20
07-05 14:13:12.167   545   548 D dalvikvm: GC_CONCURRENT freed 777K, 11% free 10474K/11719K, paused 2ms+3ms
07-05 14:13:12.440   545   548 D dalvikvm: GC_CONCURRENT freed 420K, 11% free 10445K/11719K, paused 2ms+2ms
07-05 14:13:12.706   545   548 D dalvikvm: GC_CONCURRENT freed 404K, 11% free 10431K/11719K, paused 2ms+2ms
07-05 14:13:12.761   545 10655 I DownloadManager: Initiating request for download 5092
07-05 14:13:12.893   545   548 D dalvikvm: GC_CONCURRENT freed 198K, 9% free 10677K/11719K, paused 2ms+3ms
07-05 14:13:13.003   545   548 D dalvikvm: GC_CONCURRENT freed 313K, 8% free 10824K/11719K, paused 1ms+2ms
07-05 14:13:13.300   545   548 D dalvikvm: GC_CONCURRENT freed 849K, 11% free 10454K/11719K, paused 2ms+2ms
07-05 14:13:13.577   545   548 D dalvikvm: GC_CONCURRENT freed 405K, 11% free 10437K/11719K, paused 2ms+2ms
07-05 14:13:13.745   545 10658 I DownloadManager: Initiating request for download 5093
07-05 14:13:13.819   545   548 D dalvikvm: GC_CONCURRENT freed 257K, 10% free 10617K/11719K, paused 3ms+3ms
07-05 14:13:13.944   545   548 D dalvikvm: GC_CONCURRENT freed 299K, 9% free 10776K/11719K, paused 1ms+3ms
07-05 14:13:14.155   545   548 D dalvikvm: GC_CONCURRENT freed 773K, 11% free 10466K/11719K, paused 2ms+4ms
07-05 14:13:14.194  1370 10660 E DictionaryProvider:UpdateHandler: Can't read a file : android.util.MalformedJsonException: Use JsonReader.setLenient(true) to accept malformed JSON at line 1 column 20
07-05 14:13:14.460   545   548 D dalvikvm: GC_CONCURRENT freed 405K, 11% free 10452K/11719K, paused 2ms+3ms
07-05 14:13:14.737   545   548 D dalvikvm: GC_CONCURRENT freed 410K, 11% free 10433K/11719K, paused 2ms+2ms
07-05 14:13:14.788   545 10663 I DownloadManager: Initiating request for download 5093
07-05 14:13:14.893   545   548 D dalvikvm: GC_CONCURRENT freed 193K, 9% free 10676K/11719K, paused 2ms+2ms
07-05 14:13:15.003   545   548 D dalvikvm: GC_CONCURRENT freed 308K, 8% free 10827K/11719K, paused 2ms+3ms
07-05 14:13:15.303   545   548 D dalvikvm: GC_CONCURRENT freed 850K, 11% free 10458K/11719K, paused 2ms+2ms
07-05 14:13:15.569   545   548 D dalvikvm: GC_CONCURRENT freed 409K, 11% free 10439K/11719K, paused 5ms+3ms
07-05 14:13:15.741   545 10666 I DownloadManager: Initiating request for download 5094
07-05 14:13:15.827   545   548 D dalvikvm: GC_CONCURRENT freed 275K, 10% free 10619K/11719K, paused 2ms+3ms
07-05 14:13:15.948   545   548 D dalvikvm: GC_CONCURRENT freed 307K, 8% free 10794K/11719K, paused 2ms+3ms
07-05 14:13:16.136  1370 10668 E DictionaryProvider:UpdateHandler: Can't read a file : android.util.MalformedJsonException: Use JsonReader.setLenient(true) to accept malformed JSON at line 1 column 20
07-05 14:13:16.221   545   548 D dalvikvm: GC_CONCURRENT freed 790K, 11% free 10476K/11719K, paused 2ms+2ms
07-05 14:13:16.483   545   548 D dalvikvm: GC_CONCURRENT freed 419K, 11% free 10448K/11719K, paused 2ms+3ms
07-05 14:13:16.753   545   548 D dalvikvm: GC_CONCURRENT freed 405K, 11% free 10434K/11719K, paused 2ms+3ms
07-05 14:13:16.776   545 10671 I DownloadManager: Initiating request for download 5094
07-05 14:13:16.889   545   548 D dalvikvm: GC_CONCURRENT freed 173K, 9% free 10697K/11719K, paused 2ms+2ms
07-05 14:13:17.014   545   548 D dalvikvm: GC_CONCURRENT freed 423K, 9% free 10734K/11719K, paused 2ms+2ms
07-05 14:13:17.311   545   548 D dalvikvm: GC_CONCURRENT freed 724K, 11% free 10459K/11719K, paused 1ms+3ms
07-05 14:13:17.577   545   548 D dalvikvm: GC_CONCURRENT freed 404K, 11% free 10442K/11719K, paused 1ms+2ms
07-05 14:13:17.741   545 10674 I DownloadManager: Initiating request for download 5095
07-05 14:13:17.831   545   548 D dalvikvm: GC_CONCURRENT freed 256K, 10% free 10601K/11719K, paused 2ms+3ms
07-05 14:13:17.956   545   548 D dalvikvm: GC_CONCURRENT freed 290K, 9% free 10778K/11719K, paused 2ms+3ms
07-05 14:13:18.159   545   548 D dalvikvm: GC_CONCURRENT freed 765K, 11% free 10474K/11719K, paused 2ms+2ms
07-05 14:13:18.190  1370 10676 E DictionaryProvider:UpdateHandler: Can't read a file : android.util.MalformedJsonException: Use JsonReader.setLenient(true) to accept malformed JSON at line 1 column 20
07-05 14:13:18.229  1370  1372 D dalvikvm: GC_CONCURRENT freed 387K, 7% free 9127K/9735K, paused 1ms+2ms
07-05 14:13:18.483   545   548 D dalvikvm: GC_CONCURRENT freed 405K, 11% free 10459K/11719K, paused 1ms+3ms
07-05 14:13:18.764   545   548 D dalvikvm: GC_CONCURRENT freed 411K, 11% free 10439K/11719K, paused 2ms+3ms
07-05 14:13:18.823   545 10679 I DownloadManager: Initiating request for download 5095
07-05 14:13:18.928   545   548 D dalvikvm: GC_CONCURRENT freed 199K, 9% free 10675K/11719K, paused 2ms+2ms
07-05 14:13:19.053   545   548 D dalvikvm: GC_CONCURRENT freed 316K, 8% free 10833K/11719K, paused 2ms+2ms
07-05 14:13:19.346   545   548 D dalvikvm: GC_CONCURRENT freed 851K, 11% free 10464K/11719K, paused 2ms+3ms
07-05 14:13:19.616   545   548 D dalvikvm: GC_CONCURRENT freed 404K, 11% free 10446K/11719K, paused 2ms+2ms
07-05 14:13:19.807   545 10682 I DownloadManager: Initiating request for download 5096
07-05 14:13:19.878   545   548 D dalvikvm: GC_CONCURRENT freed 279K, 10% free 10611K/11719K, paused 2ms+4ms
07-05 14:13:20.007   545   548 D dalvikvm: GC_CONCURRENT freed 274K, 9% free 10773K/11719K, paused 2ms+2ms
07-05 14:13:20.206   545   548 D dalvikvm: GC_CONCURRENT freed 731K, 11% free 10509K/11719K, paused 2ms+3ms
07-05 14:13:20.264  1370 10684 E DictionaryProvider:UpdateHandler: Can't read a file : android.util.MalformedJsonException: Use JsonReader.setLenient(true) to accept malformed JSON at line 1 column 20
07-05 14:13:20.300  1370  1404 D dalvikvm: GC_EXPLICIT freed 127K, 7% free 9095K/9735K, paused 2ms+2ms
07-05 14:13:20.546   545   548 D dalvikvm: GC_CONCURRENT freed 434K, 11% free 10466K/11719K, paused 2ms+2ms
07-05 14:13:20.819   545   548 D dalvikvm: GC_CONCURRENT freed 415K, 11% free 10442K/11719K, paused 2ms+2ms
07-05 14:13:20.893   545 10687 I DownloadManager: Initiating request for download 5096
07-05 14:13:20.991   545   548 D dalvikvm: GC_CONCURRENT freed 206K, 9% free 10669K/11719K, paused 2ms+2ms
07-05 14:13:21.116   545   548 D dalvikvm: GC_CONCURRENT freed 314K, 8% free 10840K/11719K, paused 2ms+3ms
07-05 14:13:21.417   545   548 D dalvikvm: GC_CONCURRENT freed 858K, 11% free 10467K/11719K, paused 2ms+3ms
07-05 14:13:21.690   545   548 D dalvikvm: GC_CONCURRENT freed 409K, 11% free 10448K/11719K, paused 2ms+3ms
07-05 14:13:21.886   545 10690 I DownloadManager: Initiating request for download 5097
07-05 14:13:21.975   545   548 D dalvikvm: GC_CONCURRENT freed 278K, 10% free 10613K/11719K, paused 2ms+3ms
07-05 14:13:22.093   545   548 D dalvikvm: GC_CONCURRENT freed 301K, 8% free 10792K/11719K, paused 2ms+3ms
07-05 14:13:22.303   545   548 D dalvikvm: GC_CONCURRENT freed 785K, 11% free 10477K/11719K, paused 2ms+3ms
07-05 14:13:22.354  1370 10692 E DictionaryProvider:UpdateHandler: Can't read a file : android.util.MalformedJsonException: Use JsonReader.setLenient(true) to accept malformed JSON at line 1 column 20
07-05 14:13:22.608   545   548 D dalvikvm: GC_CONCURRENT freed 400K, 11% free 10468K/11719K, paused 2ms+3ms
07-05 14:13:22.870   545   548 D dalvikvm: GC_CONCURRENT freed 415K, 11% free 10443K/11719K, paused 2ms+2ms
07-05 14:13:22.987   156   168 D dalvikvm: GC_EXPLICIT freed 492K, 12% free 14098K/16007K, paused 2ms+5ms
07-05 14:13:22.995   545 10695 I DownloadManager: Initiating request for download 5097
07-05 14:13:23.100   545   548 D dalvikvm: GC_CONCURRENT freed 191K, 9% free 10690K/11719K, paused 2ms+3ms
07-05 14:13:23.214   545   548 D dalvikvm: GC_CONCURRENT freed 327K, 8% free 10825K/11719K, paused 2ms+3ms
07-05 14:13:23.511   545   548 D dalvikvm: GC_CONCURRENT freed 852K, 11% free 10453K/11719K, paused 1ms+2ms
07-05 14:13:23.776   545   548 D dalvikvm: GC_CONCURRENT freed 403K, 11% free 10438K/11719K, paused 2ms+2ms
07-05 14:13:23.952   545 10698 I DownloadManager: Initiating request for download 5098
07-05 14:13:24.034   545   548 D dalvikvm: GC_CONCURRENT freed 274K, 10% free 10618K/11719K, paused 2ms+3ms
07-05 14:13:24.159   545   548 D dalvikvm: GC_CONCURRENT freed 297K, 9% free 10779K/11719K, paused 2ms+3ms
07-05 14:13:24.370  1370 10700 E DictionaryProvider:UpdateHandler: Can't read a file : android.util.MalformedJsonException: Use JsonReader.setLenient(true) to accept malformed JSON at line 1 column 20
07-05 14:13:24.401   545   548 D dalvikvm: GC_CONCURRENT freed 789K, 11% free 10482K/11719K, paused 2ms+3ms
07-05 14:13:24.678   545   548 D dalvikvm: GC_CONCURRENT freed 428K, 11% free 10444K/11719K, paused 2ms+2ms
07-05 14:13:24.956   545   548 D dalvikvm: GC_CONCURRENT freed 404K, 11% free 10431K/11719K, paused 2ms+3ms
07-05 14:13:25.003   545 10703 I DownloadManager: Initiating request for download 5098
07-05 14:13:25.108   545   548 D dalvikvm: GC_CONCURRENT freed 187K, 9% free 10687K/11719K, paused 2ms+2ms
07-05 14:13:25.233   545   548 D dalvikvm: GC_CONCURRENT freed 389K, 9% free 10755K/11719K, paused 2ms+2ms
07-05 14:13:25.526   545   548 D dalvikvm: GC_CONCURRENT freed 755K, 11% free 10456K/11719K, paused 2ms+2ms
07-05 14:13:25.792   545   548 D dalvikvm: GC_CONCURRENT freed 404K, 11% free 10438K/11719K, paused 2ms+3ms
07-05 14:13:25.979   545 10706 I DownloadManager: Initiating request for download 5099
07-05 14:13:26.065   545   548 D dalvikvm: GC_CONCURRENT freed 283K, 10% free 10611K/11719K, paused 2ms+3ms
07-05 14:13:26.186   545   548 D dalvikvm: GC_CONCURRENT freed 297K, 9% free 10779K/11719K, paused 2ms+3ms
07-05 14:13:26.401  1370 10708 E DictionaryProvider:UpdateHandler: Can't read a file : android.util.MalformedJsonException: Use JsonReader.setLenient(true) to accept malformed JSON at line 1 column 20
07-05 14:13:26.425   545   548 D dalvikvm: GC_CONCURRENT freed 777K, 11% free 10486K/11719K, paused 2ms+2ms
07-05 14:13:26.698   545   548 D dalvikvm: GC_CONCURRENT freed 426K, 11% free 10451K/11719K, paused 2ms+2ms
07-05 14:13:26.964   545   548 D dalvikvm: GC_CONCURRENT freed 407K, 11% free 10434K/11719K, paused 2ms+3ms
07-05 14:13:27.022   545 10711 I DownloadManager: Initiating request for download 5099
07-05 14:13:27.128   545   548 D dalvikvm: GC_CONCURRENT freed 190K, 9% free 10681K/11719K, paused 2ms+3ms
07-05 14:13:27.245   545   548 D dalvikvm: GC_CONCURRENT freed 309K, 8% free 10833K/11719K, paused 2ms+3ms
07-05 14:13:27.542   545   548 D dalvikvm: GC_CONCURRENT freed 856K, 11% free 10459K/11719K, paused 1ms+2ms
07-05 14:13:27.807   545   548 D dalvikvm: GC_CONCURRENT freed 404K, 11% free 10441K/11719K, paused 2ms+3ms
07-05 14:13:27.991   545 10714 I DownloadManager: Initiating request for download 5100
07-05 14:13:28.069   545   548 D dalvikvm: GC_CONCURRENT freed 276K, 10% free 10608K/11719K, paused 2ms+3ms
07-05 14:13:28.194   545   548 D dalvikvm: GC_CONCURRENT freed 286K, 9% free 10776K/11719K, paused 2ms+3ms
07-05 14:13:28.389   545   548 D dalvikvm: GC_CONCURRENT freed 738K, 11% free 10503K/11719K, paused 2ms+2ms
07-05 14:13:28.503   545  1332 D dalvikvm: GC_EXPLICIT freed 100K, 11% free 10474K/11719K, paused 2ms+3ms
07-05 14:13:28.511  1370 10716 E DictionaryProvider:UpdateHandler: Can't read a file : android.util.MalformedJsonException: Use JsonReader.setLenient(true) to accept malformed JSON at line 1 column 20
07-05 14:13:28.553  1370  1372 D dalvikvm: GC_CONCURRENT freed 358K, 7% free 9134K/9735K, paused 1ms+2ms
07-05 14:13:28.807   545   548 D dalvikvm: GC_CONCURRENT freed 411K, 11% free 10454K/11719K, paused 1ms+2ms
07-05 14:13:29.069   545   548 D dalvikvm: GC_CONCURRENT freed 410K, 11% free 10434K/11719K, paused 2ms+2ms
07-05 14:13:29.096   545 10719 I DownloadManager: Initiating request for download 5100
07-05 14:13:29.206   545   548 D dalvikvm: GC_CONCURRENT freed 179K, 9% free 10701K/11719K, paused 2ms+3ms
07-05 14:13:29.335   545   548 D dalvikvm: GC_CONCURRENT freed 425K, 9% free 10737K/11719K, paused 2ms+3ms
07-05 14:13:29.628   545   548 D dalvikvm: GC_CONCURRENT freed 722K, 11% free 10461K/11719K, paused 1ms+2ms
07-05 14:13:29.893   545   548 D dalvikvm: GC_CONCURRENT freed 403K, 11% free 10450K/11719K, paused 2ms+3ms
07-05 14:13:30.069   545 10722 I DownloadManager: Initiating request for download 5101
07-05 14:13:30.155   545   548 D dalvikvm: GC_CONCURRENT freed 272K, 10% free 10614K/11719K, paused 2ms+4ms
07-05 14:13:30.276   545   548 D dalvikvm: GC_CONCURRENT freed 289K, 9% free 10781K/11719K, paused 1ms+2ms
07-05 14:13:30.479   545   548 D dalvikvm: GC_CONCURRENT freed 744K, 11% free 10505K/11719K, paused 2ms+2ms
07-05 14:13:30.546  1370 10724 E DictionaryProvider:UpdateHandler: Can't read a file : android.util.MalformedJsonException: Use JsonReader.setLenient(true) to accept malformed JSON at line 1 column 20
07-05 14:13:30.784   545   548 D dalvikvm: GC_CONCURRENT freed 431K, 11% free 10464K/11719K, paused 2ms+3ms
07-05 14:13:31.050   545   548 D dalvikvm: GC_CONCURRENT freed 415K, 11% free 10439K/11719K, paused 2ms+2ms
07-05 14:13:31.112   545 10727 I DownloadManager: Initiating request for download 5101
07-05 14:13:31.210   545   548 D dalvikvm: GC_CONCURRENT freed 202K, 9% free 10674K/11719K, paused 2ms+3ms
07-05 14:13:31.331   545   548 D dalvikvm: GC_CONCURRENT freed 306K, 8% free 10839K/11719K, paused 2ms+3ms
07-05 14:13:31.628   545   548 D dalvikvm: GC_CONCURRENT freed 853K, 11% free 10466K/11719K, paused 2ms+4ms
07-05 14:13:31.897   545   548 D dalvikvm: GC_CONCURRENT freed 406K, 11% free 10448K/11719K, paused 2ms+3ms
07-05 14:13:32.104   545 10730 I DownloadManager: Initiating request for download 5102
07-05 14:13:32.171   545   548 D dalvikvm: GC_CONCURRENT freed 305K, 10% free 10586K/11719K, paused 2ms+4ms
07-05 14:13:32.292   545   548 D dalvikvm: GC_CONCURRENT freed 262K, 9% free 10770K/11719K, paused 2ms+2ms
07-05 14:13:32.471   545   548 D dalvikvm: GC_CONCURRENT freed 725K, 11% free 10512K/11719K, paused 2ms+2ms
07-05 14:13:32.538  1370 10732 E DictionaryProvider:UpdateHandler: Can't read a file : android.util.MalformedJsonException: Use JsonReader.setLenient(true) to accept malformed JSON at line 1 column 20
07-05 14:13:32.776   545   548 D dalvikvm: GC_CONCURRENT freed 434K, 11% free 10469K/11719K, paused 1ms+2ms
07-05 14:13:33.030   545   548 D dalvikvm: GC_CONCURRENT freed 415K, 11% free 10445K/11719K, paused 1ms+2ms
07-05 14:13:33.120   545 10735 I DownloadManager: Initiating request for download 5102
07-05 14:13:33.206   545   548 D dalvikvm: GC_CONCURRENT freed 223K, 10% free 10658K/11719K, paused 2ms+3ms
07-05 14:13:33.335   545   548 D dalvikvm: GC_CONCURRENT freed 304K, 8% free 10840K/11719K, paused 2ms+3ms
07-05 14:13:33.616   545   548 D dalvikvm: GC_CONCURRENT freed 855K, 11% free 10470K/11719K, paused 2ms+2ms
07-05 14:13:33.878   545   548 D dalvikvm: GC_CONCURRENT freed 404K, 11% free 10452K/11719K, paused 2ms+2ms
07-05 14:13:34.096   545 10738 I DownloadManager: Initiating request for download 5103
07-05 14:13:34.163   545   548 D dalvikvm: GC_CONCURRENT freed 336K, 11% free 10522K/11719K, paused 3ms+2ms
07-05 14:13:34.280   545   548 D dalvikvm: GC_CONCURRENT freed 214K, 9% free 10745K/11719K, paused 2ms+2ms
07-05 14:13:34.421   545   548 D dalvikvm: GC_CONCURRENT freed 468K, 9% free 10755K/11719K, paused 2ms+2ms
07-05 14:13:34.542  1370 10740 E DictionaryProvider:UpdateHandler: Can't read a file : android.util.MalformedJsonException: Use JsonReader.setLenient(true) to accept malformed JSON at line 1 column 20
07-05 14:13:34.772   545   548 D dalvikvm: GC_CONCURRENT freed 738K, 11% free 10474K/11719K, paused 1ms+3ms
07-05 14:13:35.050   545   548 D dalvikvm: GC_CONCURRENT freed 417K, 11% free 10454K/11719K, paused 2ms+3ms
07-05 14:13:35.143   545 10743 I DownloadManager: Initiating request for download 5103
07-05 14:13:35.225   545   548 D dalvikvm: GC_CONCURRENT freed 227K, 10% free 10665K/11719K, paused 2ms+3ms
07-05 14:13:35.354   545   548 D dalvikvm: GC_CONCURRENT freed 322K, 8% free 10845K/11719K, paused 2ms+3ms
07-05 14:13:35.647   545   548 D dalvikvm: GC_CONCURRENT freed 852K, 11% free 10482K/11719K, paused 2ms+2ms
07-05 14:13:35.928   545   548 D dalvikvm: GC_CONCURRENT freed 412K, 11% free 10456K/11719K, paused 2ms+3ms
07-05 14:13:36.132   545 10746 I DownloadManager: Initiating request for download 5104
07-05 14:13:36.210   545   548 D dalvikvm: GC_CONCURRENT freed 314K, 10% free 10603K/11719K, paused 2ms+4ms
07-05 14:13:36.346   545   548 D dalvikvm: GC_CONCURRENT freed 274K, 8% free 10836K/11719K, paused 1ms+3ms
07-05 14:13:36.553  1370 10748 E DictionaryProvider:UpdateHandler: Can't read a file : android.util.MalformedJsonException: Use JsonReader.setLenient(true) to accept malformed JSON at line 1 column 20
07-05 14:13:36.608  1370  1372 D dalvikvm: GC_CONCURRENT freed 392K, 7% free 9134K/9735K, paused 2ms+8ms
07-05 14:13:36.612   545   548 D dalvikvm: GC_CONCURRENT freed 837K, 11% free 10489K/11719K, paused 2ms+2ms
07-05 14:13:36.893   545   548 D dalvikvm: GC_CONCURRENT freed 418K, 11% free 10462K/11719K, paused 2ms+3ms
07-05 14:13:37.171   545   548 D dalvikvm: GC_CONCURRENT freed 404K, 11% free 10448K/11719K, paused 2ms+2ms
07-05 14:13:37.221   545 10751 I DownloadManager: Initiating request for download 5104
07-05 14:13:37.323   545   548 D dalvikvm: GC_CONCURRENT freed 186K, 9% free 10699K/11719K, paused 2ms+3ms
07-05 14:13:37.448   545   548 D dalvikvm: GC_CONCURRENT freed 316K, 8% free 10850K/11719K, paused 2ms+3ms
07-05 14:13:37.757   545   548 D dalvikvm: GC_CONCURRENT freed 860K, 11% free 10472K/11719K, paused 1ms+2ms
07-05 14:13:38.026   545   548 D dalvikvm: GC_CONCURRENT freed 403K, 11% free 10458K/11719K, paused 1ms+2ms
07-05 14:13:38.206   545 10754 I DownloadManager: Initiating request for download 5105
07-05 14:13:38.280   545   548 D dalvikvm: GC_CONCURRENT freed 276K, 10% free 10623K/11719K, paused 2ms+3ms
07-05 14:13:38.405   545   548 D dalvikvm: GC_CONCURRENT freed 297K, 8% free 10795K/11719K, paused 1ms+3ms
07-05 14:13:38.596   545   548 D dalvikvm: GC_CONCURRENT freed 749K, 11% free 10516K/11719K, paused 1ms+2ms
07-05 14:13:38.858   545   548 D dalvikvm: GC_CONCURRENT freed 404K, 11% free 10502K/11719K, paused 2ms+3ms
07-05 14:13:39.120   545   548 D dalvikvm: GC_CONCURRENT freed 404K, 11% free 10489K/11719K, paused 2ms+2ms
07-05 14:13:39.897  1370 10757 E DictionaryProvider:UpdateHandler: Can't read a file : android.util.MalformedJsonException: Use JsonReader.setLenient(true) to accept malformed JSON at line 1 column 20
07-05 14:13:40.081   545   548 D dalvikvm: GC_CONCURRENT freed 385K, 11% free 10490K/11719K, paused 2ms+2ms
07-05 14:13:40.350   545   548 D dalvikvm: GC_CONCURRENT freed 419K, 11% free 10461K/11719K, paused 1ms+2ms
07-05 14:13:40.569   545 10760 I DownloadManager: Initiating request for download 5105
07-05 14:13:40.569   545 10760 W DownloadManager: Aborting request for download 5105: Trying to resume a download that can't be resumed
07-05 14:13:40.628   545   548 D dalvikvm: GC_CONCURRENT freed 403K, 11% free 10480K/11719K, paused 2ms+3ms
07-05 14:13:41.604   545   548 D dalvikvm: GC_CONCURRENT freed 399K, 11% free 10472K/11719K, paused 1ms+3ms
07-05 14:13:41.874   545   548 D dalvikvm: GC_CONCURRENT freed 398K, 11% free 10460K/11719K, paused 2ms+2ms
07-05 14:13:42.139   156   568 D dalvikvm: GC_EXPLICIT freed 494K, 12% free 14098K/16007K, paused 2ms+5ms
07-05 14:13:42.147   545 10763 I DownloadManager: Initiating request for download 5106
07-05 14:13:42.214   545   548 D dalvikvm: GC_CONCURRENT freed 292K, 10% free 10625K/11719K, paused 2ms+4ms
07-05 14:13:42.335   545   548 D dalvikvm: GC_CONCURRENT freed 310K, 9% free 10781K/11719K, paused 2ms+3ms
07-05 14:13:42.526   545   548 D dalvikvm: GC_CONCURRENT freed 740K, 11% free 10505K/11719K, paused 1ms+3ms
07-05 14:13:42.589  1370 10765 E DictionaryProvider:UpdateHandler: Can't read a file : android.util.MalformedJsonException: Use JsonReader.setLenient(true) to accept malformed JSON at line 1 column 20
07-05 14:13:42.675   465   467 D dalvikvm: GC_CONCURRENT freed 398K, 6% free 10502K/11143K, paused 2ms+2ms
07-05 14:13:42.862   545   548 D dalvikvm: GC_CONCURRENT freed 432K, 11% free 10464K/11719K, paused 2ms+2ms
07-05 14:13:43.139   545   548 D dalvikvm: GC_CONCURRENT freed 413K, 11% free 10440K/11719K, paused 2ms+2ms
07-05 14:13:43.218   545 10768 I DownloadManager: Initiating request for download 5106
07-05 14:13:43.315   545   548 D dalvikvm: GC_CONCURRENT freed 207K, 9% free 10669K/11719K, paused 2ms+3ms
07-05 14:13:43.436   545   548 D dalvikvm: GC_CONCURRENT freed 318K, 8% free 10832K/11719K, paused 2ms+3ms
07-05 14:13:43.721   545   548 D dalvikvm: GC_CONCURRENT freed 843K, 11% free 10466K/11719K, paused 2ms+2ms
07-05 14:13:43.991   545   548 D dalvikvm: GC_CONCURRENT freed 405K, 11% free 10447K/11719K, paused 2ms+2ms
07-05 14:13:44.202   545 10771 I DownloadManager: Initiating request for download 5107
07-05 14:13:44.280   545   548 D dalvikvm: GC_CONCURRENT freed 323K, 10% free 10581K/11719K, paused 2ms+4ms
07-05 14:13:44.405   545   548 D dalvikvm: GC_CONCURRENT freed 259K, 9% free 10767K/11719K, paused 1ms+3ms
07-05 14:13:44.577   545   548 D dalvikvm: GC_CONCURRENT freed 719K, 11% free 10510K/11719K, paused 2ms+2ms
07-05 14:13:44.675  1370 10773 E DictionaryProvider:UpdateHandler: Can't read a file : android.util.MalformedJsonException: Use JsonReader.setLenient(true) to accept malformed JSON at line 1 column 20
07-05 14:13:44.886   545   548 D dalvikvm: GC_CONCURRENT freed 431K, 11% free 10469K/11719K, paused 1ms+3ms
07-05 14:13:45.155   545   548 D dalvikvm: GC_CONCURRENT freed 416K, 11% free 10444K/11719K, paused 2ms+2ms
07-05 14:13:45.264   545 10776 I DownloadManager: Initiating request for download 5107
07-05 14:13:45.346   545   548 D dalvikvm: GC_CONCURRENT freed 228K, 10% free 10647K/11719K, paused 1ms+2ms
07-05 14:13:45.468   545   548 D dalvikvm: GC_CONCURRENT freed 304K, 8% free 10818K/11719K, paused 2ms+3ms
07-05 14:13:45.725   545   548 D dalvikvm: GC_CONCURRENT freed 821K, 11% free 10470K/11719K, paused 1ms+2ms
07-05 14:13:45.983   545   548 D dalvikvm: GC_CONCURRENT freed 403K, 11% free 10453K/11719K, paused 2ms+2ms
07-05 14:13:46.249   545 10779 I DownloadManager: Initiating request for download 5108
07-05 14:13:46.292   545   548 D dalvikvm: GC_CONCURRENT freed 393K, 11% free 10465K/11719K, paused 2ms+3ms
07-05 14:13:46.421   545   548 D dalvikvm: GC_CONCURRENT freed 181K, 9% free 10721K/11719K, paused 1ms+3ms
07-05 14:13:46.550   545   548 D dalvikvm: GC_CONCURRENT freed 441K, 9% free 10748K/11719K, paused 2ms+2ms
07-05 14:13:46.698  1370 10781 E DictionaryProvider:UpdateHandler: Can't read a file : android.util.MalformedJsonException: Use JsonReader.setLenient(true) to accept malformed JSON at line 1 column 20
07-05 14:13:46.733  1370  1372 D dalvikvm: GC_CONCURRENT freed 393K, 7% free 9128K/9735K, paused 1ms+1ms
07-05 14:13:46.909   545   548 D dalvikvm: GC_CONCURRENT freed 728K, 11% free 10473K/11719K, paused 2ms+3ms
07-05 14:13:47.182   545   548 D dalvikvm: GC_CONCURRENT freed 416K, 11% free 10448K/11719K, paused 2ms+2ms
07-05 14:13:47.315   545 10784 I DownloadManager: Initiating request for download 5108
07-05 14:13:47.393   545   548 D dalvikvm: GC_CONCURRENT freed 261K, 10% free 10632K/11719K, paused 2ms+3ms
07-05 14:13:47.518   545   548 D dalvikvm: GC_CONCURRENT freed 299K, 8% free 10804K/11719K, paused 2ms+3ms
07-05 14:13:47.761   545   548 D dalvikvm: GC_CONCURRENT freed 796K, 11% free 10480K/11719K, paused 1ms+2ms
07-05 14:13:48.022   545   548 D dalvikvm: GC_CONCURRENT freed 410K, 11% free 10458K/11719K, paused 2ms+2ms
07-05 14:13:48.288   545   548 D dalvikvm: GC_CONCURRENT freed 404K, 11% free 10444K/11719K, paused 2ms+2ms
07-05 14:13:48.366   545 10787 I DownloadManager: Initiating request for download 5109
07-05 14:13:48.479   545   548 D dalvikvm: GC_CONCURRENT freed 178K, 9% free 10702K/11719K, paused 2ms+3ms
07-05 14:13:48.604   545   548 D dalvikvm: GC_CONCURRENT freed 413K, 9% free 10751K/11719K, paused 2ms+3ms
07-05 14:13:48.800  1370 10789 E DictionaryProvider:UpdateHandler: Can't read a file : android.util.MalformedJsonException: Use JsonReader.setLenient(true) to accept malformed JSON at line 1 column 20
07-05 14:13:48.925   545   548 D dalvikvm: GC_CONCURRENT freed 727K, 11% free 10479K/11719K, paused 2ms+2ms
07-05 14:13:49.186   545   548 D dalvikvm: GC_CONCURRENT freed 411K, 11% free 10457K/11719K, paused 2ms+2ms
07-05 14:13:49.370   545 10792 I DownloadManager: Initiating request for download 5109
07-05 14:13:49.425   545   548 D dalvikvm: GC_CONCURRENT freed 330K, 11% free 10522K/11719K, paused 2ms+3ms
07-05 14:13:49.542   545   548 D dalvikvm: GC_CONCURRENT freed 212K, 9% free 10747K/11719K, paused 2ms+2ms
07-05 14:13:49.690   545   548 D dalvikvm: GC_CONCURRENT freed 457K, 9% free 10751K/11719K, paused 2ms+2ms
07-05 14:13:50.007   545   548 D dalvikvm: GC_CONCURRENT freed 732K, 11% free 10469K/11719K, paused 2ms+2ms
07-05 14:13:50.268   545   548 D dalvikvm: GC_CONCURRENT freed 410K, 11% free 10450K/11719K, paused 2ms+3ms
07-05 14:13:50.393   545 10795 I DownloadManager: Initiating request for download 5110
07-05 14:13:50.483   545   548 D dalvikvm: GC_CONCURRENT freed 227K, 10% free 10656K/11719K, paused 2ms+3ms
07-05 14:13:50.604   545   548 D dalvikvm: GC_CONCURRENT freed 309K, 8% free 10824K/11719K, paused 2ms+3ms
07-05 14:13:50.807  1370 10797 E DictionaryProvider:UpdateHandler: Can't read a file : android.util.MalformedJsonException: Use JsonReader.setLenient(true) to accept malformed JSON at line 1 column 20
07-05 14:13:50.893   545   548 D dalvikvm: GC_CONCURRENT freed 814K, 11% free 10494K/11719K, paused 2ms+2ms
07-05 14:13:51.159   545   548 D dalvikvm: GC_CONCURRENT freed 423K, 11% free 10461K/11719K, paused 2ms+2ms
07-05 14:13:51.393   545 10800 I DownloadManager: Initiating request for download 5110
07-05 14:13:51.448   545   548 D dalvikvm: GC_CONCURRENT freed 388K, 11% free 10506K/11719K, paused 2ms+3ms
07-05 14:13:51.565   545   548 D dalvikvm: GC_CONCURRENT freed 201K, 9% free 10742K/11719K, paused 3ms+3ms
07-05 14:13:51.702   545   548 D dalvikvm: GC_CONCURRENT freed 456K, 9% free 10756K/11719K, paused 2ms+2ms
07-05 14:13:52.018   545   548 D dalvikvm: GC_CONCURRENT freed 735K, 11% free 10474K/11719K, paused 2ms+2ms
07-05 14:13:52.280   545   548 D dalvikvm: GC_CONCURRENT freed 411K, 11% free 10454K/11719K, paused 1ms+2ms
07-05 14:13:52.428   545 10803 I DownloadManager: Initiating request for download 5111
07-05 14:13:52.514   545   548 D dalvikvm: GC_CONCURRENT freed 243K, 10% free 10651K/11719K, paused 2ms+3ms
07-05 14:13:52.639   545   548 D dalvikvm: GC_CONCURRENT freed 313K, 8% free 10821K/11719K, paused 1ms+3ms
07-05 14:13:52.823  1370 10805 E DictionaryProvider:UpdateHandler: Can't read a file : android.util.MalformedJsonException: Use JsonReader.setLenient(true) to accept malformed JSON at line 1 column 20
07-05 14:13:52.901   545   548 D dalvikvm: GC_CONCURRENT freed 806K, 11% free 10497K/11719K, paused 2ms+3ms
07-05 14:13:53.175   545   548 D dalvikvm: GC_CONCURRENT freed 421K, 11% free 10466K/11719K, paused 2ms+2ms
07-05 14:13:53.440   545   548 D dalvikvm: GC_CONCURRENT freed 404K, 11% free 10452K/11719K, paused 2ms+2ms
07-05 14:13:53.468   545 10808 I DownloadManager: Initiating request for download 5111
07-05 14:13:53.577   545   548 D dalvikvm: GC_CONCURRENT freed 170K, 9% free 10719K/11719K, paused 2ms+3ms
07-05 14:13:53.710   545   548 D dalvikvm: GC_CONCURRENT freed 422K, 9% free 10766K/11719K, paused 2ms+3ms
07-05 14:13:54.022   545   548 D dalvikvm: GC_CONCURRENT freed 744K, 11% free 10477K/11719K, paused 2ms+3ms
07-05 14:13:54.284   545   548 D dalvikvm: GC_CONCURRENT freed 409K, 11% free 10459K/11719K, paused 2ms+3ms
07-05 14:13:54.475   545 10811 I DownloadManager: Initiating request for download 5112
07-05 14:13:54.565   545   548 D dalvikvm: GC_CONCURRENT freed 284K, 10% free 10633K/11719K, paused 2ms+3ms
07-05 14:13:54.682   545   548 D dalvikvm: GC_CONCURRENT freed 325K, 8% free 10818K/11719K, paused 2ms+3ms
07-05 14:13:54.870  1370 10813 E DictionaryProvider:UpdateHandler: Can't read a file : android.util.MalformedJsonException: Use JsonReader.setLenient(true) to accept malformed JSON at line 1 column 20
07-05 14:13:54.913  1370  1372 D dalvikvm: GC_CONCURRENT freed 386K, 7% free 9126K/9735K, paused 1ms+2ms
07-05 14:13:54.936   465 10814 D dalvikvm: GC_EXPLICIT freed 284K, 8% free 10320K/11143K, paused 2ms+3ms
07-05 14:13:55.011   545   548 D dalvikvm: GC_CONCURRENT freed 803K, 11% free 10499K/11719K, paused 2ms+4ms
07-05 14:13:55.280   545   548 D dalvikvm: GC_CONCURRENT freed 421K, 11% free 10468K/11719K, paused 2ms+2ms
07-05 14:13:55.530   545   548 D dalvikvm: GC_CONCURRENT freed 405K, 11% free 10454K/11719K, paused 2ms+2ms
07-05 14:13:55.569   545 10818 I DownloadManager: Initiating request for download 5112
07-05 14:13:55.678   545   548 D dalvikvm: GC_CONCURRENT freed 180K, 9% free 10710K/11719K, paused 1ms+3ms
07-05 14:13:55.807   545   548 D dalvikvm: GC_CONCURRENT freed 394K, 9% free 10767K/11719K, paused 1ms+12ms
07-05 14:13:56.065   545   548 D dalvikvm: GC_CONCURRENT freed 708K, 11% free 10516K/11719K, paused 2ms+2ms
07-05 14:13:56.339   545   548 D dalvikvm: GC_CONCURRENT freed 402K, 11% free 10505K/11719K, paused 2ms+2ms
07-05 14:13:57.417   545 10830 I DownloadManager: Initiating request for download 5113
07-05 14:13:57.491   545   548 D dalvikvm: GC_CONCURRENT freed 360K, 10% free 10615K/11719K, paused 2ms+4ms
07-05 14:13:57.616   545   548 D dalvikvm: GC_CONCURRENT freed 277K, 8% free 10795K/11719K, paused 2ms+3ms
07-05 14:13:57.807   545   548 D dalvikvm: GC_CONCURRENT freed 739K, 11% free 10533K/11719K, paused 2ms+3ms
07-05 14:13:57.893  1370 10843 E DictionaryProvider:UpdateHandler: Can't read a file : android.util.MalformedJsonException: Use JsonReader.setLenient(true) to accept malformed JSON at line 1 column 20
07-05 14:13:58.136   545   548 D dalvikvm: GC_CONCURRENT freed 435K, 11% free 10485K/11719K, paused 2ms+3ms
07-05 14:13:58.409   545   548 D dalvikvm: GC_CONCURRENT freed 414K, 11% free 10462K/11719K, paused 2ms+3ms
07-05 14:13:58.518   545 10851 I DownloadManager: Initiating request for download 5113
07-05 14:13:58.593   545 10756 D dalvikvm: GC_EXPLICIT freed 269K, 9% free 10704K/11719K, paused 3ms+6ms
07-05 14:13:58.698   545   548 D dalvikvm: GC_CONCURRENT freed 298K, 8% free 10862K/11719K, paused 1ms+3ms
07-05 14:13:59.014   545   548 D dalvikvm: GC_CONCURRENT freed 869K, 11% free 10485K/11719K, paused 2ms+2ms
07-05 14:13:59.284   545   548 D dalvikvm: GC_CONCURRENT freed 409K, 11% free 10467K/11719K, paused 2ms+2ms
07-05 14:13:59.483   545 10854 I DownloadManager: Initiating request for download 5114
07-05 14:13:59.546   545   548 D dalvikvm: GC_CONCURRENT freed 312K, 11% free 10539K/11719K, paused 2ms+2ms
07-05 14:13:59.659   545   548 D dalvikvm: GC_CONCURRENT freed 212K, 9% free 10763K/11719K, paused 2ms+3ms
07-05 14:13:59.796   545   548 D dalvikvm: GC_CONCURRENT freed 463K, 9% free 10769K/11719K, paused 2ms+2ms
07-05 14:13:59.991   156   512 D dalvikvm: GC_EXPLICIT freed 492K, 12% free 14099K/16007K, paused 4ms+6ms
07-05 14:13:59.999  1370 10857 E DictionaryProvider:UpdateHandler: Can't read a file : android.util.MalformedJsonException: Use JsonReader.setLenient(true) to accept malformed JSON at line 1 column 20
07-05 14:14:00.245   545   548 D dalvikvm: GC_CONCURRENT freed 734K, 11% free 10491K/11719K, paused 1ms+2ms
07-05 14:14:00.507   545   548 D dalvikvm: GC_CONCURRENT freed 431K, 11% free 10450K/11719K, paused 1ms+2ms
07-05 14:14:00.616   545 10860 I DownloadManager: Initiating request for download 5114
07-05 14:14:00.706   545   548 D dalvikvm: GC_CONCURRENT freed 234K, 10% free 10648K/11719K, paused 2ms+2ms
07-05 14:14:00.827   545   548 D dalvikvm: GC_CONCURRENT freed 305K, 8% free 10819K/11719K, paused 2ms+3ms
07-05 14:14:01.089   545   548 D dalvikvm: GC_CONCURRENT freed 819K, 11% free 10479K/11719K, paused 2ms+2ms
07-05 14:14:01.370   545   548 D dalvikvm: GC_CONCURRENT freed 411K, 11% free 10466K/11719K, paused 1ms+2ms
07-05 14:14:01.643   545 10863 I DownloadManager: Initiating request for download 5115
07-05 14:14:01.667   545   548 D dalvikvm: GC_CONCURRENT freed 404K, 11% free 10480K/11719K, paused 1ms+3ms
07-05 14:14:01.800   545   548 D dalvikvm: GC_CONCURRENT freed 181K, 9% free 10724K/11719K, paused 2ms+3ms
07-05 14:14:01.925   545   548 D dalvikvm: GC_CONCURRENT freed 424K, 9% free 10757K/11719K, paused 2ms+2ms
07-05 14:14:02.206   545   548 D dalvikvm: GC_CONCURRENT freed 714K, 11% free 10499K/11719K, paused 2ms+2ms
07-05 14:14:02.393   993  1240 I PhoneLab-: Service Running
07-05 14:14:02.432   993  1240 I PhoneLab-LoggerService: app_49    1247  993   1956   1584  c00f181c 400107b4 S logcat
07-05 14:14:02.432   993  1240 I PhoneLab-LoggerService: Logcat pid from database 1247
07-05 14:14:02.432   993  1240 I PhoneLab-LoggerService: Logcat process found 1247
07-05 14:14:02.432   993  1240 I PhoneLab-LoggerService: Checking Threshold
07-05 14:14:02.436   993  1240 I PhoneLab-LoggerService: Starting to rename files
07-05 14:14:02.436   993  1240 I PhoneLab-LoggerService: Files found .. 46
07-05 14:14:02.436   993  1240 I PhoneLab-LoggerService: File 1 log.out.1
07-05 14:14:02.518   545   548 D dalvikvm: GC_CONCURRENT freed 429K, 11% free 10468K/11719K, paused 2ms+2ms
07-05 14:14:02.952   993  1240 I PhoneLab-LoggerService: Renamed successfully
07-05 14:14:03.046  1370 10866 E DictionaryProvider:UpdateHandler: Can't read a file : android.util.MalformedJsonException: Use JsonReader.setLenient(true) to accept malformed JSON at line 1 column 20
07-05 14:14:03.264   545   548 D dalvikvm: GC_CONCURRENT freed 369K, 11% free 10490K/11719K, paused 1ms+3ms
07-05 14:14:03.522   545   548 D dalvikvm: GC_CONCURRENT freed 412K, 11% free 10468K/11719K, paused 2ms+3ms
07-05 14:14:03.792   545   548 D dalvikvm: GC_CONCURRENT freed 405K, 11% free 10453K/11719K, paused 1ms+2ms
07-05 14:14:03.952   545 10869 I DownloadManager: Initiating request for download 5116
07-05 14:14:04.065   545   548 D dalvikvm: GC_CONCURRENT freed 223K, 10% free 10646K/11719K, paused 2ms+3ms
07-05 14:14:04.182   545   548 D dalvikvm: GC_CONCURRENT freed 294K, 8% free 10813K/11719K, paused 2ms+3ms
07-05 14:14:04.417  1370 10871 E DictionaryProvider:UpdateHandler: Can't read a file : android.util.MalformedJsonException: Use JsonReader.setLenient(true) to accept malformed JSON at line 1 column 20
07-05 14:14:04.448   545   548 D dalvikvm: GC_CONCURRENT freed 816K, 11% free 10496K/11719K, paused 2ms+2ms
07-05 14:14:04.452  1370  1372 D dalvikvm: GC_CONCURRENT freed 389K, 7% free 9132K/9735K, paused 2ms+2ms
07-05 14:14:04.733   545   548 D dalvikvm: GC_CONCURRENT freed 420K, 11% free 10464K/11719K, paused 1ms+3ms
07-05 14:14:04.995   545   548 D dalvikvm: GC_CONCURRENT freed 403K, 11% free 10451K/11719K, paused 2ms+2ms
07-05 14:14:05.034   545 10874 I DownloadManager: Initiating request for download 5116
07-05 14:14:05.136   545   548 D dalvikvm: GC_CONCURRENT freed 182K, 9% free 10706K/11719K, paused 2ms+2ms
07-05 14:14:05.261   545   548 D dalvikvm: GC_CONCURRENT freed 307K, 8% free 10861K/11719K, paused 1ms+2ms
07-05 14:14:05.561   545   548 D dalvikvm: GC_CONCURRENT freed 877K, 11% free 10476K/11719K, paused 2ms+2ms
07-05 14:14:05.827   545   548 D dalvikvm: GC_CONCURRENT freed 408K, 11% free 10459K/11719K, paused 2ms+2ms
07-05 14:14:06.046   545 10877 I DownloadManager: Initiating request for download 5117
07-05 14:14:06.128   545   548 D dalvikvm: GC_CONCURRENT freed 291K, 10% free 10606K/11719K, paused 2ms+2ms
07-05 14:14:06.253   545   548 D dalvikvm: GC_CONCURRENT freed 291K, 8% free 10798K/11719K, paused 2ms+3ms
07-05 14:14:06.444   545   548 D dalvikvm: GC_CONCURRENT freed 750K, 11% free 10520K/11719K, paused 2ms+4ms
07-05 14:14:06.507  1370 10879 E DictionaryProvider:UpdateHandler: Can't read a file : android.util.MalformedJsonException: Use JsonReader.setLenient(true) to accept malformed JSON at line 1 column 20
07-05 14:14:06.761   545   548 D dalvikvm: GC_CONCURRENT freed 432K, 11% free 10479K/11719K, paused 2ms+2ms
07-05 14:14:07.022   545   548 D dalvikvm: GC_CONCURRENT freed 415K, 11% free 10455K/11719K, paused 1ms+2ms
07-05 14:14:07.100   545 10882 I DownloadManager: Initiating request for download 5117
07-05 14:14:07.198   545   548 D dalvikvm: GC_CONCURRENT freed 211K, 9% free 10732K/11719K, paused 1ms+3ms
07-05 14:14:07.323   545   548 D dalvikvm: GC_CONCURRENT freed 343K, 8% free 10861K/11719K, paused 2ms+3ms
07-05 14:14:07.624   545   548 D dalvikvm: GC_CONCURRENT freed 873K, 11% free 10480K/11719K, paused 2ms+3ms
07-05 14:14:07.878   545   548 D dalvikvm: GC_CONCURRENT freed 404K, 11% free 10462K/11719K, paused 1ms+2ms
07-05 14:14:08.073   545 10885 I DownloadManager: Initiating request for download 5118
07-05 14:14:08.163   545   548 D dalvikvm: GC_CONCURRENT freed 305K, 10% free 10604K/11719K, paused 2ms+4ms
07-05 14:14:08.280   545   548 D dalvikvm: GC_CONCURRENT freed 266K, 8% free 10790K/11719K, paused 2ms+3ms
07-05 14:14:08.452   545   548 D dalvikvm: GC_CONCURRENT freed 737K, 11% free 10526K/11719K, paused 2ms+3ms
07-05 14:14:08.530  1370 10887 E DictionaryProvider:UpdateHandler: Can't read a file : android.util.MalformedJsonException: Use JsonReader.setLenient(true) to accept malformed JSON at line 1 column 20
07-05 14:14:08.761   545   548 D dalvikvm: GC_CONCURRENT freed 432K, 11% free 10484K/11719K, paused 2ms+3ms
07-05 14:14:09.026   545   548 D dalvikvm: GC_CONCURRENT freed 416K, 11% free 10458K/11719K, paused 1ms+2ms
07-05 14:14:09.136   545 10890 I DownloadManager: Initiating request for download 5118
07-05 14:14:09.253   545   548 D dalvikvm: GC_CONCURRENT freed 239K, 9% free 10672K/11719K, paused 2ms+3ms
07-05 14:14:09.370   545   548 D dalvikvm: GC_CONCURRENT freed 329K, 8% free 10826K/11719K, paused 2ms+2ms
07-05 14:14:09.616   545   548 D dalvikvm: GC_CONCURRENT freed 820K, 11% free 10487K/11719K, paused 2ms+2ms
07-05 14:14:09.882   545   548 D dalvikvm: GC_CONCURRENT freed 405K, 11% free 10470K/11719K, paused 2ms+2ms
07-05 14:14:10.120   545 10893 I DownloadManager: Initiating request for download 5119
07-05 14:14:10.178   545   548 D dalvikvm: GC_CONCURRENT freed 389K, 11% free 10504K/11719K, paused 2ms+3ms
07-05 14:14:10.307   545   548 D dalvikvm: GC_CONCURRENT freed 193K, 9% free 10749K/11719K, paused 2ms+2ms
07-05 14:14:10.440   545   548 D dalvikvm: GC_CONCURRENT freed 456K, 9% free 10769K/11719K, paused 2ms+3ms
07-05 14:14:10.585  1370 10895 E DictionaryProvider:UpdateHandler: Can't read a file : android.util.MalformedJsonException: Use JsonReader.setLenient(true) to accept malformed JSON at line 1 column 20
07-05 14:14:10.784   545   548 D dalvikvm: GC_CONCURRENT freed 741K, 11% free 10489K/11719K, paused 1ms+2ms
07-05 14:14:11.050   545   548 D dalvikvm: GC_CONCURRENT freed 417K, 11% free 10463K/11719K, paused 2ms+3ms
07-05 14:14:11.186   545 10898 I DownloadManager: Initiating request for download 5119
07-05 14:14:11.261   545   548 D dalvikvm: GC_CONCURRENT freed 270K, 10% free 10650K/11719K, paused 2ms+3ms
07-05 14:14:11.382   545   548 D dalvikvm: GC_CONCURRENT freed 288K, 8% free 10831K/11719K, paused 2ms+3ms
07-05 14:14:11.636   545   548 D dalvikvm: GC_CONCURRENT freed 823K, 11% free 10494K/11719K, paused 2ms+3ms
07-05 14:14:11.901   545   548 D dalvikvm: GC_CONCURRENT freed 406K, 11% free 10475K/11719K, paused 2ms+2ms
07-05 14:14:12.167   545   548 D dalvikvm: GC_CONCURRENT freed 403K, 11% free 10457K/11719K, paused 2ms+2ms
07-05 14:14:12.233   545 10901 I DownloadManager: Initiating request for download 5120
07-05 14:14:12.343   545   548 D dalvikvm: GC_CONCURRENT freed 178K, 9% free 10719K/11719K, paused 2ms+3ms
07-05 14:14:12.468   545   548 D dalvikvm: GC_CONCURRENT freed 417K, 9% free 10769K/11719K, paused 2ms+2ms
07-05 14:14:12.636  1370 10903 E DictionaryProvider:UpdateHandler: Can't read a file : android.util.MalformedJsonException: Use JsonReader.setLenient(true) to accept malformed JSON at line 1 column 20
07-05 14:14:12.675  1370  1372 D dalvikvm: GC_CONCURRENT freed 393K, 7% free 9130K/9735K, paused 1ms+2ms
07-05 14:14:12.803   545   548 D dalvikvm: GC_CONCURRENT freed 735K, 11% free 10495K/11719K, paused 2ms+2ms
07-05 14:14:13.065   545   548 D dalvikvm: GC_CONCURRENT freed 414K, 11% free 10472K/11719K, paused 2ms+2ms
07-05 14:14:13.253   545 10906 I DownloadManager: Initiating request for download 5120
07-05 14:14:13.319   545   548 D dalvikvm: GC_CONCURRENT freed 338K, 10% free 10614K/11719K, paused 2ms+4ms
07-05 14:14:13.440   545   548 D dalvikvm: GC_CONCURRENT freed 271K, 8% free 10799K/11719K, paused 2ms+3ms
07-05 14:14:13.632   545   548 D dalvikvm: GC_CONCURRENT freed 739K, 11% free 10533K/11719K, paused 2ms+2ms
07-05 14:14:13.917   545   548 D dalvikvm: GC_CONCURRENT freed 440K, 11% free 10483K/11719K, paused 2ms+2ms
07-05 14:14:14.178   545   548 D dalvikvm: GC_CONCURRENT freed 402K, 11% free 10467K/11719K, paused 1ms+2ms
07-05 14:14:14.300   545 10909 I DownloadManager: Initiating request for download 5121
07-05 14:14:14.397   545   548 D dalvikvm: GC_CONCURRENT freed 224K, 9% free 10681K/11719K, paused 2ms+3ms
07-05 14:14:14.518   545   548 D dalvikvm: GC_CONCURRENT freed 313K, 8% free 10853K/11719K, paused 2ms+3ms
07-05 14:14:14.706  1370 10911 E DictionaryProvider:UpdateHandler: Can't read a file : android.util.MalformedJsonException: Use JsonReader.setLenient(true) to accept malformed JSON at line 1 column 20
07-05 14:14:14.815   545   548 D dalvikvm: GC_CONCURRENT freed 841K, 11% free 10501K/11719K, paused 2ms+4ms
07-05 14:14:15.081   545   548 D dalvikvm: GC_CONCURRENT freed 416K, 11% free 10476K/11719K, paused 2ms+2ms
07-05 14:14:15.354   545   548 D dalvikvm: GC_CONCURRENT freed 396K, 11% free 10495K/11719K, paused 2ms+3ms
07-05 14:14:15.370   545 10914 I DownloadManager: Initiating request for download 5121
07-05 14:14:15.483   545   548 D dalvikvm: GC_CONCURRENT freed 185K, 9% free 10746K/11719K, paused 2ms+3ms
07-05 14:14:15.612   545   548 D dalvikvm: GC_CONCURRENT freed 448K, 9% free 10775K/11719K, paused 2ms+2ms
07-05 14:14:15.921   545   548 D dalvikvm: GC_CONCURRENT freed 751K, 11% free 10489K/11719K, paused 2ms+2ms
07-05 14:14:16.182   545   548 D dalvikvm: GC_CONCURRENT freed 404K, 11% free 10471K/11719K, paused 2ms+2ms
07-05 14:14:16.358   545 10917 I DownloadManager: Initiating request for download 5122
07-05 14:14:16.436   545   548 D dalvikvm: GC_CONCURRENT freed 256K, 10% free 10653K/11719K, paused 3ms+3ms
07-05 14:14:16.561   545   548 D dalvikvm: GC_CONCURRENT freed 305K, 8% free 10826K/11719K, paused 2ms+3ms
07-05 14:14:16.776   545   548 D dalvikvm: GC_CONCURRENT freed 807K, 11% free 10504K/11719K, paused 2ms+3ms
07-05 14:14:16.807  1370 10919 E DictionaryProvider:UpdateHandler: Can't read a file : android.util.MalformedJsonException: Use JsonReader.setLenient(true) to accept malformed JSON at line 1 column 20
07-05 14:14:17.069   545   548 D dalvikvm: GC_CONCURRENT freed 406K, 11% free 10488K/11719K, paused 2ms+3ms
07-05 14:14:17.323   545   548 D dalvikvm: GC_CONCURRENT freed 410K, 11% free 10468K/11719K, paused 2ms+3ms
07-05 14:14:17.386   545 10922 I DownloadManager: Initiating request for download 5122
07-05 14:14:17.479   545   548 D dalvikvm: GC_CONCURRENT freed 196K, 9% free 10709K/11719K, paused 2ms+3ms
07-05 14:14:17.600   545   548 D dalvikvm: GC_CONCURRENT freed 311K, 8% free 10881K/11719K, paused 2ms+3ms
07-05 14:14:17.882   545   548 D dalvikvm: GC_CONCURRENT freed 846K, 11% free 10535K/11719K, paused 2ms+2ms
07-05 14:14:18.143   545   548 D dalvikvm: GC_CONCURRENT freed 412K, 11% free 10513K/11719K, paused 2ms+2ms
07-05 14:14:19.073   545 10924 I DownloadManager: Initiating request for download 5123
07-05 14:14:19.155   545   548 D dalvikvm: GC_CONCURRENT freed 344K, 10% free 10593K/11719K, paused 2ms+7ms
07-05 14:14:19.229   156   594 D dalvikvm: GC_EXPLICIT freed 507K, 12% free 14100K/16007K, paused 3ms+6ms
07-05 14:14:19.346   545   548 D dalvikvm: GC_CONCURRENT freed 249K, 8% free 10792K/11719K, paused 2ms+3ms
07-05 14:14:19.503   545   548 D dalvikvm: GC_CONCURRENT freed 734K, 11% free 10527K/11719K, paused 1ms+2ms
07-05 14:14:19.616  1370 10927 E DictionaryProvider:UpdateHandler: Can't read a file : android.util.MalformedJsonException: Use JsonReader.setLenient(true) to accept malformed JSON at line 1 column 20
07-05 14:14:19.815   545   548 D dalvikvm: GC_CONCURRENT freed 426K, 11% free 10488K/11719K, paused 2ms+2ms
07-05 14:14:20.085   545   548 D dalvikvm: GC_CONCURRENT freed 415K, 11% free 10466K/11719K, paused 2ms+2ms
07-05 14:14:20.218   545 10930 I DownloadManager: Initiating request for download 5123
07-05 14:14:20.307   545   548 D dalvikvm: GC_CONCURRENT freed 263K, 10% free 10647K/11719K, paused 2ms+3ms
07-05 14:14:20.425   545   548 D dalvikvm: GC_CONCURRENT freed 303K, 8% free 10823K/11719K, paused 2ms+3ms
07-05 14:14:20.639   545   548 D dalvikvm: GC_CONCURRENT freed 783K, 11% free 10523K/11719K, paused 2ms+2ms
07-05 14:14:20.921   545   548 D dalvikvm: GC_CONCURRENT freed 439K, 11% free 10474K/11719K, paused 2ms+2ms
07-05 14:14:21.202   545   548 D dalvikvm: GC_CONCURRENT freed 409K, 11% free 10456K/11719K, paused 2ms+2ms
07-05 14:14:21.288   545 10933 I DownloadManager: Initiating request for download 5124
07-05 14:14:21.401   545   548 D dalvikvm: GC_CONCURRENT freed 182K, 9% free 10710K/11719K, paused 2ms+3ms
07-05 14:14:21.526   545   548 D dalvikvm: GC_CONCURRENT freed 321K, 8% free 10871K/11719K, paused 2ms+3ms
07-05 14:14:21.733  1370 10935 E DictionaryProvider:UpdateHandler: Can't read a file : android.util.MalformedJsonException: Use JsonReader.setLenient(true) to accept malformed JSON at line 1 column 20
07-05 14:14:21.768  1370  1372 D dalvikvm: GC_CONCURRENT freed 394K, 7% free 9128K/9735K, paused 1ms+2ms
07-05 14:14:21.882   545   548 D dalvikvm: GC_CONCURRENT freed 871K, 11% free 10491K/11719K, paused 2ms+4ms
07-05 14:14:22.159   545   548 D dalvikvm: GC_CONCURRENT freed 411K, 11% free 10467K/11719K, paused 2ms+2ms
07-05 14:14:22.346   545 10938 I DownloadManager: Initiating request for download 5124
07-05 14:14:22.409   545   548 D dalvikvm: GC_CONCURRENT freed 326K, 11% free 10534K/11719K, paused 2ms+2ms
07-05 14:14:22.522   545   548 D dalvikvm: GC_CONCURRENT freed 216K, 9% free 10762K/11719K, paused 2ms+3ms
07-05 14:14:22.659   545   548 D dalvikvm: GC_CONCURRENT freed 475K, 9% free 10769K/11719K, paused 2ms+3ms
07-05 14:14:22.975   545   548 D dalvikvm: GC_CONCURRENT freed 749K, 11% free 10481K/11719K, paused 2ms+3ms
07-05 14:14:23.229   545   548 D dalvikvm: GC_CONCURRENT freed 411K, 11% free 10460K/11719K, paused 2ms+2ms
07-05 14:14:23.358   545 10941 I DownloadManager: Initiating request for download 5125
07-05 14:14:23.460   545   548 D dalvikvm: GC_CONCURRENT freed 225K, 9% free 10670K/11719K, paused 3ms+3ms
07-05 14:14:23.589   545   548 D dalvikvm: GC_CONCURRENT freed 313K, 8% free 10847K/11719K, paused 2ms+3ms
07-05 14:14:23.784  1370 10943 E DictionaryProvider:UpdateHandler: Can't read a file : android.util.MalformedJsonException: Use JsonReader.setLenient(true) to accept malformed JSON at line 1 column 20
07-05 14:14:23.870   545   548 D dalvikvm: GC_CONCURRENT freed 833K, 11% free 10500K/11719K, paused 1ms+3ms
07-05 14:14:24.139   545   548 D dalvikvm: GC_CONCURRENT freed 413K, 11% free 10474K/11719K, paused 2ms+2ms
07-05 14:14:24.409   545   548 D dalvikvm: GC_CONCURRENT freed 406K, 11% free 10458K/11719K, paused 2ms+2ms
07-05 14:14:24.432   545 10946 I DownloadManager: Initiating request for download 5125
07-05 14:14:24.542   545   548 D dalvikvm: GC_CONCURRENT freed 168K, 9% free 10727K/11719K, paused 2ms+3ms
07-05 14:14:24.667   545   548 D dalvikvm: GC_CONCURRENT freed 424K, 9% free 10773K/11719K, paused 2ms+2ms
07-05 14:14:24.956   545   548 D dalvikvm: GC_CONCURRENT freed 749K, 11% free 10487K/11719K, paused 1ms+2ms
07-05 14:14:25.218   545   548 D dalvikvm: GC_CONCURRENT freed 408K, 11% free 10469K/11719K, paused 2ms+2ms
07-05 14:14:25.413   545 10949 I DownloadManager: Initiating request for download 5126
07-05 14:14:25.499   545   548 D dalvikvm: GC_CONCURRENT freed 311K, 10% free 10603K/11719K, paused 2ms+4ms
07-05 14:14:25.616   545   548 D dalvikvm: GC_CONCURRENT freed 261K, 8% free 10794K/11719K, paused 2ms+3ms
07-05 14:14:25.780   545   548 D dalvikvm: GC_CONCURRENT freed 731K, 11% free 10534K/11719K, paused 2ms+2ms
07-05 14:14:25.866  1370 10951 E DictionaryProvider:UpdateHandler: Can't read a file : android.util.MalformedJsonException: Use JsonReader.setLenient(true) to accept malformed JSON at line 1 column 20
07-05 14:14:26.093   545   548 D dalvikvm: GC_CONCURRENT freed 429K, 11% free 10494K/11719K, paused 1ms+3ms
07-05 14:14:26.346   545   548 D dalvikvm: GC_CONCURRENT freed 412K, 11% free 10469K/11719K, paused 2ms+2ms
07-05 14:14:26.468   545 10954 I DownloadManager: Initiating request for download 5126
07-05 14:14:26.546   545   548 D dalvikvm: GC_CONCURRENT freed 251K, 9% free 10666K/11719K, paused 2ms+2ms
07-05 14:14:26.671   545   548 D dalvikvm: GC_CONCURRENT freed 298K, 8% free 10842K/11719K, paused 2ms+3ms
07-05 14:14:26.909   545   548 D dalvikvm: GC_CONCURRENT freed 833K, 11% free 10496K/11719K, paused 1ms+2ms
07-05 14:14:27.182   545   548 D dalvikvm: GC_CONCURRENT freed 410K, 11% free 10477K/11719K, paused 2ms+4ms
07-05 14:14:27.456   545   548 D dalvikvm: GC_CONCURRENT freed 403K, 11% free 10464K/11719K, paused 1ms+2ms
07-05 14:14:27.534   545 10957 I DownloadManager: Initiating request for download 5127
07-05 14:14:27.663   545   548 D dalvikvm: GC_CONCURRENT freed 174K, 9% free 10781K/11719K, paused 2ms+3ms
07-05 14:14:27.800   545   548 D dalvikvm: GC_CONCURRENT freed 501K, 8% free 10784K/11719K, paused 2ms+3ms
07-05 14:14:27.995   545 11113 D dalvikvm: GC_EXPLICIT freed 519K, 11% free 10509K/11719K, paused 2ms+3ms
07-05 14:14:28.003  1370 10959 E DictionaryProvider:UpdateHandler: Can't read a file : android.util.MalformedJsonException: Use JsonReader.setLenient(true) to accept malformed JSON at line 1 column 20
07-05 14:14:28.276   545   548 D dalvikvm: GC_CONCURRENT freed 412K, 11% free 10485K/11719K, paused 2ms+2ms
07-05 14:14:28.542   545   548 D dalvikvm: GC_CONCURRENT freed 409K, 11% free 10467K/11719K, paused 2ms+3ms
07-05 14:14:28.596   545 10962 I DownloadManager: Initiating request for download 5127
07-05 14:14:28.690   545   548 D dalvikvm: GC_CONCURRENT freed 191K, 9% free 10712K/11719K, paused 2ms+3ms
07-05 14:14:28.819   545   548 D dalvikvm: GC_CONCURRENT freed 310K, 7% free 10900K/11719K, paused 2ms+3ms
07-05 14:14:29.132   545   548 D dalvikvm: GC_CONCURRENT freed 915K, 11% free 10491K/11719K, paused 2ms+3ms
07-05 14:14:29.397   545   548 D dalvikvm: GC_CONCURRENT freed 408K, 11% free 10473K/11719K, paused 2ms+2ms
07-05 14:14:29.604   545 10965 I DownloadManager: Initiating request for download 5128
07-05 14:14:29.682   545   548 D dalvikvm: GC_CONCURRENT freed 296K, 10% free 10622K/11719K, paused 2ms+3ms
07-05 14:14:29.800   545   548 D dalvikvm: GC_CONCURRENT freed 281K, 8% free 10809K/11719K, paused 2ms+3ms
07-05 14:14:29.979   545   548 D dalvikvm: GC_CONCURRENT freed 750K, 11% free 10536K/11719K, paused 1ms+3ms
07-05 14:14:30.053  1370 10967 E DictionaryProvider:UpdateHandler: Can't read a file : android.util.MalformedJsonException: Use JsonReader.setLenient(true) to accept malformed JSON at line 1 column 20
07-05 14:14:30.085  1370  1372 D dalvikvm: GC_CONCURRENT freed 390K, 7% free 9128K/9735K, paused 2ms+2ms
07-05 14:14:30.315   545   548 D dalvikvm: GC_CONCURRENT freed 431K, 11% free 10496K/11719K, paused 2ms+2ms
07-05 14:14:30.577   545   548 D dalvikvm: GC_CONCURRENT freed 411K, 11% free 10472K/11719K, paused 1ms+3ms
07-05 14:14:30.682   545 10970 I DownloadManager: Initiating request for download 5128
07-05 14:14:30.772   545   548 D dalvikvm: GC_CONCURRENT freed 216K, 9% free 10671K/11719K, paused 2ms+3ms
07-05 14:14:30.897   545   548 D dalvikvm: GC_CONCURRENT freed 309K, 8% free 10844K/11719K, paused 2ms+3ms
07-05 14:14:31.147   545   548 D dalvikvm: GC_CONCURRENT freed 831K, 11% free 10499K/11719K, paused 2ms+2ms
07-05 14:14:31.397   545   548 D dalvikvm: GC_CONCURRENT freed 409K, 11% free 10481K/11719K, paused 1ms+2ms
07-05 14:14:31.659   545   548 D dalvikvm: GC_CONCURRENT freed 402K, 11% free 10469K/11719K, paused 1ms+2ms
07-05 14:14:31.721   545 10973 I DownloadManager: Initiating request for download 5129
07-05 14:14:31.843   545   548 D dalvikvm: GC_CONCURRENT freed 170K, 9% free 10736K/11719K, paused 2ms+2ms
07-05 14:14:31.960   545   548 D dalvikvm: GC_CONCURRENT freed 419K, 8% free 10785K/11719K, paused 2ms+2ms
07-05 14:14:32.132  1370 10975 E DictionaryProvider:UpdateHandler: Can't read a file : android.util.MalformedJsonException: Use JsonReader.setLenient(true) to accept malformed JSON at line 1 column 20
07-05 14:14:32.272   545   548 D dalvikvm: GC_CONCURRENT freed 742K, 11% free 10505K/11719K, paused 1ms+2ms
07-05 14:14:32.526   545   548 D dalvikvm: GC_CONCURRENT freed 415K, 11% free 10481K/11719K, paused 2ms+3ms
07-05 14:14:32.714   545 10978 I DownloadManager: Initiating request for download 5129
07-05 14:14:32.780   545   548 D dalvikvm: GC_CONCURRENT freed 347K, 10% free 10617K/11719K, paused 2ms+4ms
07-05 14:14:32.905   545   548 D dalvikvm: GC_CONCURRENT freed 267K, 8% free 10808K/11719K, paused 2ms+3ms
07-05 14:14:33.085   545   548 D dalvikvm: GC_CONCURRENT freed 744K, 10% free 10550K/11719K, paused 2ms+3ms
07-05 14:14:33.370   545   548 D dalvikvm: GC_CONCURRENT freed 447K, 11% free 10494K/11719K, paused 2ms+2ms
07-05 14:14:33.624   545   548 D dalvikvm: GC_CONCURRENT freed 409K, 11% free 10475K/11719K, paused 2ms+2ms
07-05 14:14:33.749   545 10981 I DownloadManager: Initiating request for download 5130
07-05 14:14:33.846   545   548 D dalvikvm: GC_CONCURRENT freed 225K, 9% free 10687K/11719K, paused 2ms+3ms
07-05 14:14:33.968   545   548 D dalvikvm: GC_CONCURRENT freed 292K, 8% free 10851K/11719K, paused 2ms+3ms
07-05 14:14:34.155  1370 10983 E DictionaryProvider:UpdateHandler: Can't read a file : android.util.MalformedJsonException: Use JsonReader.setLenient(true) to accept malformed JSON at line 1 column 20
07-05 14:14:34.241   545   548 D dalvikvm: GC_CONCURRENT freed 823K, 11% free 10515K/11719K, paused 2ms+3ms
07-05 14:14:34.495   545   548 D dalvikvm: GC_CONCURRENT freed 418K, 11% free 10488K/11719K, paused 2ms+2ms
07-05 14:14:34.764   545   548 D dalvikvm: GC_CONCURRENT freed 404K, 11% free 10474K/11719K, paused 2ms+2ms
07-05 14:14:34.807   545 10986 I DownloadManager: Initiating request for download 5130
07-05 14:14:34.913   545   548 D dalvikvm: GC_CONCURRENT freed 183K, 9% free 10728K/11719K, paused 1ms+3ms
07-05 14:14:35.038   545   548 D dalvikvm: GC_CONCURRENT freed 318K, 8% free 10892K/11719K, paused 2ms+3ms
07-05 14:14:35.350   545   548 D dalvikvm: GC_CONCURRENT freed 896K, 11% free 10499K/11719K, paused 2ms+3ms
07-05 14:14:35.624   545   548 D dalvikvm: GC_CONCURRENT freed 407K, 11% free 10483K/11719K, paused 2ms+2ms
07-05 14:14:35.823   545 10989 I DownloadManager: Initiating request for download 5131
07-05 14:14:35.909   545   548 D dalvikvm: GC_CONCURRENT freed 303K, 10% free 10637K/11719K, paused 2ms+3ms
07-05 14:14:36.022   545   548 D dalvikvm: GC_CONCURRENT freed 267K, 8% free 10810K/11719K, paused 2ms+2ms
07-05 14:14:36.198   545   548 D dalvikvm: GC_CONCURRENT freed 739K, 11% free 10546K/11719K, paused 3ms+2ms
07-05 14:14:36.292  1370 10991 E DictionaryProvider:UpdateHandler: Can't read a file : android.util.MalformedJsonException: Use JsonReader.setLenient(true) to accept malformed JSON at line 1 column 20
07-05 14:14:36.507   545   548 D dalvikvm: GC_CONCURRENT freed 431K, 11% free 10507K/11719K, paused 2ms+3ms
07-05 14:14:36.788   545   548 D dalvikvm: GC_CONCURRENT freed 416K, 11% free 10481K/11719K, paused 2ms+2ms
07-05 14:14:36.964   156   168 D dalvikvm: GC_EXPLICIT freed 505K, 12% free 14098K/16007K, paused 2ms+6ms
07-05 14:14:36.971   545 10994 I DownloadManager: Initiating request for download 5131
07-05 14:14:37.065   545   548 D dalvikvm: GC_CONCURRENT freed 240K, 9% free 10678K/11719K, paused 2ms+3ms
07-05 14:14:37.186   545   548 D dalvikvm: GC_CONCURRENT freed 328K, 8% free 10836K/11719K, paused 2ms+4ms
07-05 14:14:37.428   545   548 D dalvikvm: GC_CONCURRENT freed 825K, 11% free 10499K/11719K, paused 2ms+2ms
07-05 14:14:37.694   545   548 D dalvikvm: GC_CONCURRENT freed 414K, 11% free 10475K/11719K, paused 1ms+2ms
07-05 14:14:37.968   545   548 D dalvikvm: GC_CONCURRENT freed 398K, 11% free 10469K/11719K, paused 2ms+2ms
07-05 14:14:38.026   545 10997 I DownloadManager: Initiating request for download 5132
07-05 14:14:38.143   545   548 D dalvikvm: GC_CONCURRENT freed 172K, 9% free 10726K/11719K, paused 1ms+2ms
07-05 14:14:38.178   682  1055 E GTalkService: connectionClosed: no XMPPConnection - That's strange!
07-05 14:14:38.272   545   548 D dalvikvm: GC_CONCURRENT freed 317K, 8% free 10885K/11719K, paused 2ms+3ms
07-05 14:14:38.456  1370 10999 E DictionaryProvider:UpdateHandler: Can't read a file : android.util.MalformedJsonException: Use JsonReader.setLenient(true) to accept malformed JSON at line 1 column 20
07-05 14:14:38.491  1370  1372 D dalvikvm: GC_CONCURRENT freed 385K, 7% free 9131K/9735K, paused 1ms+2ms
07-05 14:14:38.561   465   467 D dalvikvm: GC_CONCURRENT freed 211K, 6% free 10502K/11143K, paused 2ms+2ms
07-05 14:14:38.667   545   548 D dalvikvm: GC_CONCURRENT freed 888K, 11% free 10496K/11719K, paused 2ms+3ms
07-05 14:14:38.940   545   548 D dalvikvm: GC_CONCURRENT freed 415K, 11% free 10472K/11719K, paused 1ms+2ms
07-05 14:14:39.124   545 11002 I DownloadManager: Initiating request for download 5132
07-05 14:14:39.178   545   548 D dalvikvm: GC_CONCURRENT freed 330K, 10% free 10617K/11719K, paused 2ms+4ms
07-05 14:14:39.303   545   548 D dalvikvm: GC_CONCURRENT freed 271K, 8% free 10803K/11719K, paused 2ms+3ms
07-05 14:14:39.487   545   548 D dalvikvm: GC_CONCURRENT freed 743K, 11% free 10543K/11719K, paused 1ms+3ms
07-05 14:14:39.780   545   548 D dalvikvm: GC_CONCURRENT freed 445K, 11% free 10488K/11719K, paused 2ms+4ms
07-05 14:14:40.061   545   548 D dalvikvm: GC_CONCURRENT freed 405K, 11% free 10468K/11719K, paused 2ms+2ms
07-05 14:14:40.210   545 11005 I DownloadManager: Initiating request for download 5133
07-05 14:14:40.323   545   548 D dalvikvm: GC_CONCURRENT freed 211K, 9% free 10670K/11719K, paused 2ms+3ms
07-05 14:14:40.448   545   548 D dalvikvm: GC_CONCURRENT freed 309K, 8% free 10846K/11719K, paused 2ms+3ms
07-05 14:14:40.675   545   548 D dalvikvm: GC_CONCURRENT freed 809K, 11% free 10523K/11719K, paused 2ms+2ms
07-05 14:14:40.936   545   548 D dalvikvm: GC_CONCURRENT freed 404K, 11% free 10510K/11719K, paused 2ms+2ms
07-05 14:14:41.186   156   330 D ConnectivityService: handleInetConditionHoldEnd: net=1, condition=0, published condition=0
07-05 14:14:41.206   545   548 D dalvikvm: GC_CONCURRENT freed 403K, 11% free 10497K/11719K, paused 2ms+2ms
07-05 14:14:41.284  1370 11007 D dalvikvm: GC_EXPLICIT freed 108K, 7% free 9093K/9735K, paused 2ms+2ms
07-05 14:14:41.296  1370 11007 E DictionaryProvider:UpdateHandler: Can't read a file : android.util.MalformedJsonException: Use JsonReader.setLenient(true) to accept malformed JSON at line 1 column 20
07-05 14:14:41.632   545   548 D dalvikvm: GC_CONCURRENT freed 377K, 11% free 10508K/11719K, paused 2ms+3ms
07-05 14:14:41.901   545   548 D dalvikvm: GC_CONCURRENT freed 421K, 11% free 10477K/11719K, paused 2ms+3ms
07-05 14:14:42.171   545 11010 I DownloadManager: Initiating request for download 5134
07-05 14:14:42.214   545   548 D dalvikvm: GC_CONCURRENT freed 401K, 11% free 10486K/11719K, paused 2ms+4ms
07-05 14:14:42.346   545   548 D dalvikvm: GC_CONCURRENT freed 175K, 9% free 10747K/11719K, paused 2ms+2ms
07-05 14:14:42.475   545   548 D dalvikvm: GC_CONCURRENT freed 439K, 8% free 10784K/11719K, paused 2ms+2ms
07-05 14:14:42.636  1370 11012 E DictionaryProvider:UpdateHandler: Can't read a file : android.util.MalformedJsonException: Use JsonReader.setLenient(true) to accept malformed JSON at line 1 column 20
07-05 14:14:42.803   545   548 D dalvikvm: GC_CONCURRENT freed 750K, 11% free 10500K/11719K, paused 2ms+2ms
07-05 14:14:43.057   545   548 D dalvikvm: GC_CONCURRENT freed 416K, 11% free 10475K/11719K, paused 2ms+2ms
07-05 14:14:43.218   545 11015 I DownloadManager: Initiating request for download 5134
07-05 14:14:43.288   545   548 D dalvikvm: GC_CONCURRENT freed 301K, 10% free 10648K/11719K, paused 2ms+4ms
07-05 14:14:43.421   545   548 D dalvikvm: GC_CONCURRENT freed 291K, 8% free 10824K/11719K, paused 2ms+3ms
07-05 14:14:43.624   545   548 D dalvikvm: GC_CONCURRENT freed 768K, 11% free 10540K/11719K, paused 2ms+3ms
07-05 14:14:43.905   545   548 D dalvikvm: GC_CONCURRENT freed 434K, 11% free 10493K/11719K, paused 2ms+3ms
07-05 14:14:44.175   545   548 D dalvikvm: GC_CONCURRENT freed 407K, 11% free 10479K/11719K, paused 2ms+2ms
07-05 14:14:44.276   545 11018 I DownloadManager: Initiating request for download 5135
07-05 14:14:44.386   545   548 D dalvikvm: GC_CONCURRENT freed 211K, 9% free 10698K/11719K, paused 2ms+2ms
07-05 14:14:44.503   545   548 D dalvikvm: GC_CONCURRENT freed 318K, 8% free 10873K/11719K, paused 1ms+3ms
07-05 14:14:44.694  1370 11020 E DictionaryProvider:UpdateHandler: Can't read a file : android.util.MalformedJsonException: Use JsonReader.setLenient(true) to accept malformed JSON at line 1 column 20
07-05 14:14:44.803   545   548 D dalvikvm: GC_CONCURRENT freed 861K, 11% free 10507K/11719K, paused 2ms+2ms
07-05 14:14:45.073   545   548 D dalvikvm: GC_CONCURRENT freed 415K, 11% free 10483K/11719K, paused 2ms+2ms
07-05 14:14:45.300   545 11023 I DownloadManager: Initiating request for download 5135
07-05 14:14:45.362   545   548 D dalvikvm: GC_CONCURRENT freed 386K, 11% free 10542K/11719K, paused 1ms+3ms
07-05 14:14:45.479   545   548 D dalvikvm: GC_CONCURRENT freed 206K, 9% free 10773K/11719K, paused 2ms+3ms
07-05 14:14:45.616   545   548 D dalvikvm: GC_CONCURRENT freed 469K, 8% free 10788K/11719K, paused 2ms+2ms
07-05 14:14:45.940   545   548 D dalvikvm: GC_CONCURRENT freed 756K, 11% free 10497K/11719K, paused 2ms+2ms
07-05 14:14:46.206   545   548 D dalvikvm: GC_CONCURRENT freed 408K, 11% free 10479K/11719K, paused 2ms+3ms
07-05 14:14:46.370   545 11026 I DownloadManager: Initiating request for download 5136
07-05 14:14:46.456   545   548 D dalvikvm: GC_CONCURRENT freed 254K, 9% free 10670K/11719K, paused 1ms+3ms
07-05 14:14:46.581   545   548 D dalvikvm: GC_CONCURRENT freed 310K, 8% free 10844K/11719K, paused 2ms+3ms
07-05 14:14:46.800  1370 11028 E DictionaryProvider:UpdateHandler: Can't read a file : android.util.MalformedJsonException: Use JsonReader.setLenient(true) to accept malformed JSON at line 1 column 20
07-05 14:14:46.831   545   548 D dalvikvm: GC_CONCURRENT freed 833K, 11% free 10526K/11719K, paused 2ms+2ms
07-05 14:14:47.096   545   548 D dalvikvm: GC_CONCURRENT freed 428K, 11% free 10489K/11719K, paused 2ms+2ms
07-05 14:14:47.358   545   548 D dalvikvm: GC_CONCURRENT freed 404K, 11% free 10475K/11719K, paused 2ms+2ms
07-05 14:14:47.405   545 11031 I DownloadManager: Initiating request for download 5136
07-05 14:14:47.514   545   548 D dalvikvm: GC_CONCURRENT freed 185K, 9% free 10726K/11719K, paused 1ms+3ms
07-05 14:14:47.639   545   548 D dalvikvm: GC_CONCURRENT freed 326K, 8% free 10895K/11719K, paused 2ms+3ms
07-05 14:14:47.940   545   548 D dalvikvm: GC_CONCURRENT freed 893K, 11% free 10502K/11719K, paused 1ms+2ms
07-05 14:14:48.214   545   548 D dalvikvm: GC_CONCURRENT freed 409K, 11% free 10484K/11719K, paused 2ms+2ms
07-05 14:14:48.432   545 11034 I DownloadManager: Initiating request for download 5137
07-05 14:14:48.514   545   548 D dalvikvm: GC_CONCURRENT freed 313K, 10% free 10632K/11719K, paused 2ms+3ms
07-05 14:14:48.636   545   548 D dalvikvm: GC_CONCURRENT freed 301K, 8% free 10841K/11719K, paused 2ms+3ms
07-05 14:14:48.835   545   548 D dalvikvm: GC_CONCURRENT freed 784K, 11% free 10545K/11719K, paused 2ms+2ms
07-05 14:14:48.905  1370 11036 E DictionaryProvider:UpdateHandler: Can't read a file : android.util.MalformedJsonException: Use JsonReader.setLenient(true) to accept malformed JSON at line 1 column 20
07-05 14:14:48.932  1370  1372 D dalvikvm: GC_CONCURRENT freed 355K, 7% free 9144K/9735K, paused 1ms+2ms
07-05 14:14:49.136   682   682 I GTalkService/c: [AndroidEndpoint@1095403848] connect: acct=1000001, state=CONNECTING
07-05 14:14:49.167   545   548 D dalvikvm: GC_CONCURRENT freed 429K, 11% free 10504K/11719K, paused 2ms+2ms
07-05 14:14:49.432   545   548 D dalvikvm: GC_CONCURRENT freed 416K, 11% free 10479K/11719K, paused 2ms+2ms
07-05 14:14:49.514   545 11039 I DownloadManager: Initiating request for download 5137
07-05 14:14:49.608   545   548 D dalvikvm: GC_CONCURRENT freed 213K, 9% free 10702K/11719K, paused 2ms+3ms
07-05 14:14:49.733   545   548 D dalvikvm: GC_CONCURRENT freed 317K, 8% free 10880K/11719K, paused 2ms+3ms
07-05 14:14:50.014   545   548 D dalvikvm: GC_CONCURRENT freed 869K, 11% free 10513K/11719K, paused 2ms+3ms
07-05 14:14:50.272   545   548 D dalvikvm: GC_CONCURRENT freed 410K, 11% free 10490K/11719K, paused 1ms+2ms
07-05 14:14:50.534   545 11042 I DownloadManager: Initiating request for download 5138
07-05 14:14:50.593   545   548 D dalvikvm: GC_CONCURRENT freed 385K, 11% free 10500K/11719K, paused 2ms+3ms
07-05 14:14:50.721   545   548 D dalvikvm: GC_CONCURRENT freed 176K, 9% free 10761K/11719K, paused 2ms+2ms
07-05 14:14:50.854   545   548 D dalvikvm: GC_CONCURRENT freed 445K, 8% free 10798K/11719K, paused 2ms+2ms
07-05 14:14:51.011  1370 11044 E DictionaryProvider:UpdateHandler: Can't read a file : android.util.MalformedJsonException: Use JsonReader.setLenient(true) to accept malformed JSON at line 1 column 20
07-05 14:14:51.171   545   548 D dalvikvm: GC_CONCURRENT freed 757K, 11% free 10512K/11719K, paused 2ms+3ms
07-05 14:14:51.436   545   548 D dalvikvm: GC_CONCURRENT freed 416K, 11% free 10486K/11719K, paused 2ms+2ms
07-05 14:14:51.604   545 11047 I DownloadManager: Initiating request for download 5138
07-05 14:14:51.686   545   548 D dalvikvm: GC_CONCURRENT freed 293K, 10% free 10652K/11719K, paused 1ms+3ms
07-05 14:14:51.807   545   548 D dalvikvm: GC_CONCURRENT freed 297K, 8% free 10833K/11719K, paused 1ms+2ms
07-05 14:14:51.995   545   548 D dalvikvm: GC_CONCURRENT freed 763K, 10% free 10551K/11719K, paused 2ms+2ms
07-05 14:14:52.268   545   548 D dalvikvm: GC_CONCURRENT freed 435K, 11% free 10506K/11719K, paused 2ms+3ms
07-05 14:14:52.534   545   548 D dalvikvm: GC_CONCURRENT freed 406K, 11% free 10491K/11719K, paused 2ms+2ms
07-05 14:14:54.093   545 11050 I DownloadManager: Initiating request for download 5139
07-05 14:14:54.182   545   548 D dalvikvm: GC_CONCURRENT freed 220K, 9% free 10705K/11719K, paused 1ms+3ms
07-05 14:14:54.311   545   548 D dalvikvm: GC_CONCURRENT freed 310K, 8% free 10889K/11719K, paused 2ms+3ms
07-05 14:14:54.499  1370 11052 E DictionaryProvider:UpdateHandler: Can't read a file : android.util.MalformedJsonException: Use JsonReader.setLenient(true) to accept malformed JSON at line 1 column 20
07-05 14:14:54.608   545   548 D dalvikvm: GC_CONCURRENT freed 867K, 11% free 10522K/11719K, paused 2ms+2ms
07-05 14:14:54.866   545   548 D dalvikvm: GC_CONCURRENT freed 413K, 11% free 10495K/11719K, paused 2ms+3ms
07-05 14:14:55.132   545 11055 I DownloadManager: Initiating request for download 5139
07-05 14:14:55.151   545   548 D dalvikvm: GC_CONCURRENT freed 414K, 11% free 10501K/11719K, paused 2ms+2ms
07-05 14:14:55.276   545   548 D dalvikvm: GC_CONCURRENT freed 173K, 9% free 10764K/11719K, paused 1ms+3ms
07-05 14:14:55.405   545   548 D dalvikvm: GC_CONCURRENT freed 442K, 8% free 10805K/11719K, paused 2ms+2ms
07-05 14:14:55.718   545   548 D dalvikvm: GC_CONCURRENT freed 766K, 11% free 10511K/11719K, paused 2ms+2ms
07-05 14:14:55.987   545   548 D dalvikvm: GC_CONCURRENT freed 408K, 11% free 10494K/11719K, paused 2ms+2ms
07-05 14:14:56.264   156   514 D dalvikvm: GC_EXPLICIT freed 477K, 12% free 14098K/16007K, paused 2ms+6ms
07-05 14:14:56.268   545 11058 I DownloadManager: Initiating request for download 5140
07-05 14:14:56.343   545   548 D dalvikvm: GC_CONCURRENT freed 285K, 9% free 10665K/11719K, paused 2ms+4ms
07-05 14:14:56.468   545   548 D dalvikvm: GC_CONCURRENT freed 303K, 8% free 10823K/11719K, paused 2ms+3ms
07-05 14:14:56.647   545   548 D dalvikvm: GC_CONCURRENT freed 766K, 11% free 10542K/11719K, paused 2ms+3ms
07-05 14:14:56.733  1370 11060 E DictionaryProvider:UpdateHandler: Can't read a file : android.util.MalformedJsonException: Use JsonReader.setLenient(true) to accept malformed JSON at line 1 column 20
07-05 14:14:56.960   545   548 D dalvikvm: GC_CONCURRENT freed 431K, 11% free 10502K/11719K, paused 2ms+2ms
07-05 14:14:57.214   545   548 D dalvikvm: GC_CONCURRENT freed 417K, 11% free 10475K/11719K, paused 2ms+2ms
07-05 14:14:57.319   545 11063 I DownloadManager: Initiating request for download 5140
07-05 14:14:57.405   545   548 D dalvikvm: GC_CONCURRENT freed 228K, 9% free 10684K/11719K, paused 2ms+3ms
07-05 14:14:57.526   545   548 D dalvikvm: GC_CONCURRENT freed 311K, 8% free 10861K/11719K, paused 2ms+2ms
07-05 14:14:57.780   545   548 D dalvikvm: GC_CONCURRENT freed 850K, 11% free 10502K/11719K, paused 2ms+2ms
07-05 14:14:58.050   545   548 D dalvikvm: GC_CONCURRENT freed 404K, 11% free 10485K/11719K, paused 1ms+2ms
07-05 14:14:58.315   545   548 D dalvikvm: GC_CONCURRENT freed 399K, 11% free 10472K/11719K, paused 2ms+2ms
07-05 14:14:58.386   545 11066 I DownloadManager: Initiating request for download 5141
07-05 14:14:58.475   545 10756 D dalvikvm: GC_EXPLICIT freed 198K, 9% free 10752K/11719K, paused 3ms+7ms
07-05 14:14:58.604   545   548 D dalvikvm: GC_CONCURRENT freed 430K, 8% free 10792K/11719K, paused 2ms+2ms
07-05 14:14:58.764  1370 11068 E DictionaryProvider:UpdateHandler: Can't read a file : android.util.MalformedJsonException: Use JsonReader.setLenient(true) to accept malformed JSON at line 1 column 20
07-05 14:14:58.796  1370  1372 D dalvikvm: GC_CONCURRENT freed 401K, 7% free 9127K/9735K, paused 1ms+2ms
07-05 14:14:58.956   545   548 D dalvikvm: GC_CONCURRENT freed 755K, 11% free 10506K/11719K, paused 1ms+2ms
07-05 14:14:59.218   545   548 D dalvikvm: GC_CONCURRENT freed 414K, 11% free 10482K/11719K, paused 1ms+2ms
07-05 14:14:59.409   545 11071 I DownloadManager: Initiating request for download 5141
07-05 14:14:59.464   545   548 D dalvikvm: GC_CONCURRENT freed 337K, 10% free 10550K/11719K, paused 2ms+3ms
07-05 14:14:59.581   545   548 D dalvikvm: GC_CONCURRENT freed 209K, 9% free 10778K/11719K, paused 1ms+3ms
07-05 14:14:59.721   545   548 D dalvikvm: GC_CONCURRENT freed 472K, 8% free 10815K/11719K, paused 2ms+2ms
07-05 14:15:00.077   545   548 D dalvikvm: GC_CONCURRENT freed 791K, 11% free 10503K/11719K, paused 1ms+3ms
07-05 14:15:00.343   545   548 D dalvikvm: GC_CONCURRENT freed 411K, 11% free 10483K/11719K, paused 2ms+2ms
07-05 14:15:00.471   545 11074 I DownloadManager: Initiating request for download 5142
07-05 14:15:00.561   545   548 D dalvikvm: GC_CONCURRENT freed 229K, 9% free 10686K/11719K, paused 2ms+2ms
07-05 14:15:00.702   545   548 D dalvikvm: GC_CONCURRENT freed 339K, 8% free 10886K/11719K, paused 2ms+4ms
07-05 14:15:00.897  1370 11076 E DictionaryProvider:UpdateHandler: Can't read a file : android.util.MalformedJsonException: Use JsonReader.setLenient(true) to accept malformed JSON at line 1 column 20
07-05 14:15:01.011   545   548 D dalvikvm: GC_CONCURRENT freed 873K, 11% free 10513K/11719K, paused 2ms+2ms
07-05 14:15:01.288   545   548 D dalvikvm: GC_CONCURRENT freed 415K, 11% free 10489K/11719K, paused 2ms+3ms
07-05 14:15:01.542   545 11079 I DownloadManager: Initiating request for download 5142
07-05 14:15:01.565   545   548 D dalvikvm: GC_CONCURRENT freed 406K, 11% free 10498K/11719K, paused 2ms+4ms
07-05 14:15:01.694   545   548 D dalvikvm: GC_CONCURRENT freed 176K, 9% free 10758K/11719K, paused 2ms+2ms
07-05 14:15:01.823   545   548 D dalvikvm: GC_CONCURRENT freed 440K, 8% free 10797K/11719K, paused 2ms+3ms
07-05 14:15:02.136   545   548 D dalvikvm: GC_CONCURRENT freed 761K, 11% free 10506K/11719K, paused 2ms+2ms
07-05 14:15:02.405   545   548 D dalvikvm: GC_CONCURRENT freed 411K, 11% free 10484K/11719K, paused 2ms+2ms
07-05 14:15:02.608   545 11082 I DownloadManager: Initiating request for download 5143
07-05 14:15:02.694   545   548 D dalvikvm: GC_CONCURRENT freed 292K, 10% free 10644K/11719K, paused 2ms+3ms
07-05 14:15:02.815   545   548 D dalvikvm: GC_CONCURRENT freed 289K, 8% free 10828K/11719K, paused 2ms+3ms
07-05 14:15:02.995   545   548 D dalvikvm: GC_CONCURRENT freed 765K, 10% free 10551K/11719K, paused 2ms+2ms
07-05 14:15:03.073  1370 11084 E DictionaryProvider:UpdateHandler: Can't read a file : android.util.MalformedJsonException: Use JsonReader.setLenient(true) to accept malformed JSON at line 1 column 20
07-05 14:15:03.307   545   548 D dalvikvm: GC_CONCURRENT freed 435K, 11% free 10507K/11719K, paused 2ms+3ms
07-05 14:15:03.577   545   548 D dalvikvm: GC_CONCURRENT freed 414K, 11% free 10484K/11719K, paused 2ms+2ms
07-05 14:15:03.682   545 11087 I DownloadManager: Initiating request for download 5143
07-05 14:15:03.772   545   548 D dalvikvm: GC_CONCURRENT freed 227K, 9% free 10689K/11719K, paused 2ms+3ms
07-05 14:15:03.893   545   548 D dalvikvm: GC_CONCURRENT freed 311K, 8% free 10866K/11719K, paused 2ms+3ms
07-05 14:15:04.147   545   548 D dalvikvm: GC_CONCURRENT freed 844K, 11% free 10519K/11719K, paused 1ms+2ms
07-05 14:15:04.397   545   548 D dalvikvm: GC_CONCURRENT freed 411K, 11% free 10493K/11719K, paused 2ms+2ms
07-05 14:15:04.663   545   548 D dalvikvm: GC_CONCURRENT freed 403K, 11% free 10481K/11719K, paused 2ms+2ms
07-05 14:15:04.725   545 11090 I DownloadManager: Initiating request for download 5144
07-05 14:15:04.843   545   548 D dalvikvm: GC_CONCURRENT freed 176K, 9% free 10741K/11719K, paused 2ms+2ms
07-05 14:15:04.968   545   548 D dalvikvm: GC_CONCURRENT freed 333K, 7% free 10909K/11719K, paused 2ms+2ms
07-05 14:15:05.151  1370 11092 E DictionaryProvider:UpdateHandler: Can't read a file : android.util.MalformedJsonException: Use JsonReader.setLenient(true) to accept malformed JSON at line 1 column 20
07-05 14:15:05.292   545   548 D dalvikvm: GC_CONCURRENT freed 902K, 11% free 10516K/11719K, paused 1ms+3ms
07-05 14:15:05.557   545   548 D dalvikvm: GC_CONCURRENT freed 416K, 11% free 10491K/11719K, paused 1ms+2ms
07-05 14:15:05.733   545 11095 I DownloadManager: Initiating request for download 5144
07-05 14:15:05.796   545   548 D dalvikvm: GC_CONCURRENT freed 325K, 10% free 10560K/11719K, paused 1ms+3ms
07-05 14:15:05.917   545   548 D dalvikvm: GC_CONCURRENT freed 209K, 8% free 10788K/11719K, paused 2ms+2ms
07-05 14:15:06.061   545   548 D dalvikvm: GC_CONCURRENT freed 477K, 8% free 10803K/11719K, paused 2ms+3ms
07-05 14:15:06.405   545   548 D dalvikvm: GC_CONCURRENT freed 764K, 11% free 10514K/11719K, paused 2ms+2ms
07-05 14:15:06.675   545   548 D dalvikvm: GC_CONCURRENT freed 417K, 11% free 10488K/11719K, paused 2ms+2ms
07-05 14:15:06.819   545 11098 I DownloadManager: Initiating request for download 5145
07-05 14:15:06.909   545   548 D dalvikvm: GC_CONCURRENT freed 241K, 9% free 10689K/11719K, paused 2ms+3ms
07-05 14:15:07.034   545   548 D dalvikvm: GC_CONCURRENT freed 319K, 8% free 10857K/11719K, paused 2ms+3ms
07-05 14:15:07.268  1370 11100 E DictionaryProvider:UpdateHandler: Can't read a file : android.util.MalformedJsonException: Use JsonReader.setLenient(true) to accept malformed JSON at line 1 column 20
07-05 14:15:07.280   545   548 D dalvikvm: GC_CONCURRENT freed 833K, 11% free 10535K/11719K, paused 2ms+3ms
07-05 14:15:07.319  1370  1372 D dalvikvm: GC_CONCURRENT freed 387K, 7% free 9131K/9735K, paused 2ms+9ms
07-05 14:15:07.573   545   548 D dalvikvm: GC_CONCURRENT freed 414K, 11% free 10511K/11719K, paused 1ms+3ms
07-05 14:15:07.866   545   548 D dalvikvm: GC_CONCURRENT freed 416K, 11% free 10485K/11719K, paused 2ms+3ms
07-05 14:15:07.925   545 11103 I DownloadManager: Initiating request for download 5145
07-05 14:15:08.022   545   548 D dalvikvm: GC_CONCURRENT freed 184K, 9% free 10737K/11719K, paused 2ms+3ms
07-05 14:15:08.147   545   548 D dalvikvm: GC_CONCURRENT freed 312K, 7% free 10914K/11719K, paused 2ms+3ms
07-05 14:15:08.452   545   548 D dalvikvm: GC_CONCURRENT freed 908K, 11% free 10513K/11719K, paused 2ms+2ms
07-05 14:15:08.702   545   548 D dalvikvm: GC_CONCURRENT freed 409K, 11% free 10495K/11719K, paused 1ms+2ms
07-05 14:15:08.921   545 11106 I DownloadManager: Initiating request for download 5146
07-05 14:15:08.995   545   548 D dalvikvm: GC_CONCURRENT freed 341K, 10% free 10618K/11719K, paused 2ms+4ms
07-05 14:15:09.120   545   548 D dalvikvm: GC_CONCURRENT freed 255K, 8% free 10819K/11719K, paused 2ms+3ms
07-05 14:15:09.280   545   548 D dalvikvm: GC_CONCURRENT freed 740K, 10% free 10559K/11719K, paused 2ms+2ms
07-05 14:15:09.366  1370 11108 E DictionaryProvider:UpdateHandler: Can't read a file : android.util.MalformedJsonException: Use JsonReader.setLenient(true) to accept malformed JSON at line 1 column 20
07-05 14:15:09.604   545   548 D dalvikvm: GC_CONCURRENT freed 432K, 11% free 10524K/11719K, paused 1ms+3ms
07-05 14:15:09.874   545   548 D dalvikvm: GC_CONCURRENT freed 421K, 11% free 10493K/11719K, paused 2ms+2ms
07-05 14:15:10.022   545 11111 I DownloadManager: Initiating request for download 5146
07-05 14:15:10.155   545   548 D dalvikvm: GC_CONCURRENT freed 276K, 9% free 10686K/11719K, paused 2ms+3ms
07-05 14:15:10.284   545   548 D dalvikvm: GC_CONCURRENT freed 339K, 8% free 10851K/11719K, paused 2ms+3ms
07-05 14:15:10.487   545   548 D dalvikvm: GC_CONCURRENT freed 819K, 11% free 10522K/11719K, paused 2ms+3ms
07-05 14:15:10.761   545   548 D dalvikvm: GC_CONCURRENT freed 409K, 11% free 10503K/11719K, paused 2ms+2ms
07-05 14:15:11.022   545   548 D dalvikvm: GC_CONCURRENT freed 404K, 11% free 10490K/11719K, paused 2ms+2ms
07-05 14:15:11.100   545 11115 I DownloadManager: Initiating request for download 5147
07-05 14:15:11.214   545   548 D dalvikvm: GC_CONCURRENT freed 185K, 9% free 10742K/11719K, paused 2ms+3ms
07-05 14:15:11.343   545   548 D dalvikvm: GC_CONCURRENT freed 329K, 7% free 10919K/11719K, paused 2ms+3ms
07-05 14:15:11.522  1370 11117 E DictionaryProvider:UpdateHandler: Can't read a file : android.util.MalformedJsonException: Use JsonReader.setLenient(true) to accept malformed JSON at line 1 column 20
07-05 14:15:11.671   545   548 D dalvikvm: GC_CONCURRENT freed 906K, 11% free 10524K/11719K, paused 1ms+3ms
07-05 14:15:11.952   545   548 D dalvikvm: GC_CONCURRENT freed 414K, 11% free 10500K/11719K, paused 1ms+2ms
07-05 14:15:12.139   545 11120 I DownloadManager: Initiating request for download 5147
07-05 14:15:12.210   545   548 D dalvikvm: GC_CONCURRENT freed 343K, 10% free 10615K/11719K, paused 2ms+3ms
07-05 14:15:12.331   545   548 D dalvikvm: GC_CONCURRENT freed 240K, 8% free 10815K/11719K, paused 2ms+3ms
07-05 14:15:12.483   545   548 D dalvikvm: GC_CONCURRENT freed 734K, 10% free 10573K/11719K, paused 2ms+2ms
07-05 14:15:12.772   545   548 D dalvikvm: GC_CONCURRENT freed 450K, 11% free 10518K/11719K, paused 2ms+2ms
07-05 14:15:13.038   545   548 D dalvikvm: GC_CONCURRENT freed 412K, 11% free 10497K/11719K, paused 2ms+2ms
07-05 14:15:13.202   545 11123 I DownloadManager: Initiating request for download 5148
07-05 14:15:13.288   545   548 D dalvikvm: GC_CONCURRENT freed 262K, 9% free 10686K/11719K, paused 2ms+3ms
07-05 14:15:13.409   545   548 D dalvikvm: GC_CONCURRENT freed 313K, 8% free 10860K/11719K, paused 1ms+3ms
07-05 14:15:13.616   545   548 D dalvikvm: GC_CONCURRENT freed 795K, 10% free 10562K/11719K, paused 2ms+2ms
07-05 14:15:13.675   156   512 D dalvikvm: GC_EXPLICIT freed 552K, 12% free 14100K/16007K, paused 2ms+6ms
07-05 14:15:13.936   545   548 D dalvikvm: GC_CONCURRENT freed 439K, 11% free 10515K/11719K, paused 2ms+3ms
07-05 14:15:14.202   545   548 D dalvikvm: GC_CONCURRENT freed 417K, 11% free 10484K/11719K, paused 2ms+2ms
07-05 14:15:15.108  1370 11125 E DictionaryProvider:UpdateHandler: Can't read a file : android.util.MalformedJsonException: Use JsonReader.setLenient(true) to accept malformed JSON at line 1 column 20
07-05 14:15:15.288   545   548 D dalvikvm: GC_CONCURRENT freed 353K, 11% free 10521K/11719K, paused 2ms+2ms
07-05 14:15:15.557   545   548 D dalvikvm: GC_CONCURRENT freed 418K, 11% free 10496K/11719K, paused 2ms+2ms
07-05 14:15:15.823   545   548 D dalvikvm: GC_CONCURRENT freed 408K, 11% free 10478K/11719K, paused 2ms+3ms
07-05 14:15:16.155   545   548 D dalvikvm: GC_CONCURRENT freed 358K, 11% free 10508K/11719K, paused 2ms+3ms
07-05 14:15:16.417   545   548 D dalvikvm: GC_CONCURRENT freed 404K, 11% free 10492K/11719K, paused 2ms+2ms
07-05 14:15:16.733   545 11128 I DownloadManager: Initiating request for download 5149
07-05 14:15:16.761   545   548 D dalvikvm: GC_CONCURRENT freed 398K, 11% free 10512K/11719K, paused 2ms+3ms
07-05 14:15:16.886   545   548 D dalvikvm: GC_CONCURRENT freed 185K, 9% free 10764K/11719K, paused 2ms+3ms
07-05 14:15:17.014   545   548 D dalvikvm: GC_CONCURRENT freed 445K, 8% free 10802K/11719K, paused 2ms+2ms
07-05 14:15:17.198  1370 11130 E DictionaryProvider:UpdateHandler: Can't read a file : android.util.MalformedJsonException: Use JsonReader.setLenient(true) to accept malformed JSON at line 1 column 20
07-05 14:15:17.272  1370  1372 D dalvikvm: GC_CONCURRENT freed 416K, 7% free 9125K/9735K, paused 2ms+2ms
07-05 14:15:17.358   545   548 D dalvikvm: GC_CONCURRENT freed 758K, 11% free 10513K/11719K, paused 2ms+3ms
07-05 14:15:17.624   545   548 D dalvikvm: GC_CONCURRENT freed 416K, 11% free 10488K/11719K, paused 2ms+2ms
07-05 14:15:17.811   545 11133 I DownloadManager: Initiating request for download 5149
07-05 14:15:17.882   545   548 D dalvikvm: GC_CONCURRENT freed 324K, 10% free 10632K/11719K, paused 2ms+3ms
07-05 14:15:18.007   545   548 D dalvikvm: GC_CONCURRENT freed 272K, 8% free 10823K/11719K, paused 2ms+2ms
07-05 14:15:18.178   545   548 D dalvikvm: GC_CONCURRENT freed 751K, 10% free 10552K/11719K, paused 2ms+2ms
07-05 14:15:18.456   545   548 D dalvikvm: GC_CONCURRENT freed 431K, 11% free 10507K/11719K, paused 1ms+3ms
07-05 14:15:18.729   545   548 D dalvikvm: GC_CONCURRENT freed 410K, 11% free 10487K/11719K, paused 2ms+2ms
07-05 14:15:18.886   545 11136 I DownloadManager: Initiating request for download 5150
07-05 14:15:18.968   545   548 D dalvikvm: GC_CONCURRENT freed 248K, 9% free 10683K/11719K, paused 2ms+3ms
07-05 14:15:19.096   545   548 D dalvikvm: GC_CONCURRENT freed 311K, 8% free 10861K/11719K, paused 2ms+3ms
07-05 14:15:19.311  1370 11138 E DictionaryProvider:UpdateHandler: Can't read a file : android.util.MalformedJsonException: Use JsonReader.setLenient(true) to accept malformed JSON at line 1 column 20
07-05 14:15:19.350   545   548 D dalvikvm: GC_CONCURRENT freed 843K, 11% free 10528K/11719K, paused 2ms+2ms
07-05 14:15:19.624   545   548 D dalvikvm: GC_CONCURRENT freed 420K, 11% free 10499K/11719K, paused 2ms+3ms
07-05 14:15:19.901   545   548 D dalvikvm: GC_CONCURRENT freed 404K, 11% free 10485K/11719K, paused 2ms+3ms
07-05 14:15:19.964   545 11141 I DownloadManager: Initiating request for download 5150
07-05 14:15:20.061   545   548 D dalvikvm: GC_CONCURRENT freed 192K, 9% free 10723K/11719K, paused 1ms+3ms
07-05 14:15:20.194   545   548 D dalvikvm: GC_CONCURRENT freed 312K, 7% free 10912K/11719K, paused 2ms+3ms
07-05 14:15:20.483   545   548 D dalvikvm: GC_CONCURRENT freed 906K, 11% free 10511K/11719K, paused 2ms+2ms
07-05 14:15:20.753   545   548 D dalvikvm: GC_CONCURRENT freed 407K, 11% free 10495K/11719K, paused 2ms+2ms
07-05 14:15:20.979   545 11144 I DownloadManager: Initiating request for download 5151
07-05 14:15:21.042   545   548 D dalvikvm: GC_CONCURRENT freed 371K, 10% free 10553K/11719K, paused 2ms+3ms
07-05 14:15:21.175   545   548 D dalvikvm: GC_CONCURRENT freed 193K, 8% free 10835K/11719K, paused 2ms+3ms
07-05 14:15:21.319   545   548 D dalvikvm: GC_CONCURRENT freed 534K, 8% free 10811K/11719K, paused 2ms+3ms
07-05 14:15:21.448  1370 11146 E DictionaryProvider:UpdateHandler: Can't read a file : android.util.MalformedJsonException: Use JsonReader.setLenient(true) to accept malformed JSON at line 1 column 20
07-05 14:15:21.682   545   548 D dalvikvm: GC_CONCURRENT freed 773K, 11% free 10513K/11719K, paused 1ms+2ms
07-05 14:15:21.960   545   548 D dalvikvm: GC_CONCURRENT freed 413K, 11% free 10490K/11719K, paused 2ms+2ms
07-05 14:15:22.081   545 11149 I DownloadManager: Initiating request for download 5151
07-05 14:15:22.167   545   548 D dalvikvm: GC_CONCURRENT freed 233K, 9% free 10693K/11719K, paused 2ms+3ms
07-05 14:15:22.288   545   548 D dalvikvm: GC_CONCURRENT freed 296K, 8% free 10867K/11719K, paused 1ms+3ms
07-05 14:15:22.538   545   548 D dalvikvm: GC_CONCURRENT freed 834K, 11% free 10536K/11719K, paused 2ms+2ms
07-05 14:15:22.800   545   548 D dalvikvm: GC_CONCURRENT freed 425K, 11% free 10502K/11719K, paused 2ms+2ms
07-05 14:15:23.061   545   548 D dalvikvm: GC_CONCURRENT freed 404K, 11% free 10488K/11719K, paused 2ms+3ms
07-05 14:15:23.151   545 11152 I DownloadManager: Initiating request for download 5152
07-05 14:15:23.261   545   548 D dalvikvm: GC_CONCURRENT freed 189K, 9% free 10735K/11719K, paused 2ms+3ms
07-05 14:15:23.386   545   548 D dalvikvm: GC_CONCURRENT freed 329K, 7% free 10911K/11719K, paused 2ms+2ms
07-05 14:15:23.569  1370 11154 E DictionaryProvider:UpdateHandler: Can't read a file : android.util.MalformedJsonException: Use JsonReader.setLenient(true) to accept malformed JSON at line 1 column 20
07-05 14:15:23.694   545   548 D dalvikvm: GC_CONCURRENT freed 891K, 11% free 10536K/11719K, paused 2ms+2ms
07-05 14:15:23.956   545   548 D dalvikvm: GC_CONCURRENT freed 423K, 11% free 10504K/11719K, paused 1ms+2ms
07-05 14:15:24.163   545 11156 I DownloadManager: Initiating request for download 5152
07-05 14:15:24.218   545   548 D dalvikvm: GC_CONCURRENT freed 362K, 10% free 10548K/11719K, paused 2ms+2ms
07-05 14:15:24.327   545   548 D dalvikvm: GC_CONCURRENT freed 198K, 8% free 10793K/11719K, paused 2ms+3ms
07-05 14:15:24.475   545   548 D dalvikvm: GC_CONCURRENT freed 455K, 8% free 10817K/11719K, paused 2ms+2ms
07-05 14:15:24.803   545   548 D dalvikvm: GC_CONCURRENT freed 778K, 11% free 10516K/11719K, paused 2ms+2ms
07-05 14:15:25.069   545   548 D dalvikvm: GC_CONCURRENT freed 411K, 11% free 10496K/11719K, paused 1ms+3ms
07-05 14:15:25.257   545 11160 I DownloadManager: Initiating request for download 5153
07-05 14:15:25.343   545   548 D dalvikvm: GC_CONCURRENT freed 265K, 10% free 10664K/11719K, paused 2ms+3ms
07-05 14:15:25.464   545   548 D dalvikvm: GC_CONCURRENT freed 291K, 8% free 10845K/11719K, paused 2ms+3ms
07-05 14:15:25.647   545   548 D dalvikvm: GC_CONCURRENT freed 776K, 10% free 10563K/11719K, paused 2ms+2ms
07-05 14:15:25.714  1370 11162 E DictionaryProvider:UpdateHandler: Can't read a file : android.util.MalformedJsonException: Use JsonReader.setLenient(true) to accept malformed JSON at line 1 column 20
07-05 14:15:25.761   465   467 D dalvikvm: GC_CONCURRENT freed 397K, 6% free 10491K/11143K, paused 4ms+2ms
07-05 14:15:25.800  1370  1372 D dalvikvm: GC_CONCURRENT freed 386K, 7% free 9127K/9735K, paused 2ms+2ms
07-05 14:15:26.018   545   548 D dalvikvm: GC_CONCURRENT freed 434K, 11% free 10522K/11719K, paused 2ms+2ms
07-05 14:15:26.284   545   548 D dalvikvm: GC_CONCURRENT freed 410K, 11% free 10497K/11719K, paused 2ms+2ms
07-05 14:15:26.397   545 11165 I DownloadManager: Initiating request for download 5153
07-05 14:15:26.479   545   548 D dalvikvm: GC_CONCURRENT freed 239K, 9% free 10700K/11719K, paused 2ms+3ms
07-05 14:15:26.608   545   548 D dalvikvm: GC_CONCURRENT freed 306K, 8% free 10880K/11719K, paused 2ms+3ms
07-05 14:15:26.850   545   548 D dalvikvm: GC_CONCURRENT freed 853K, 11% free 10526K/11719K, paused 2ms+2ms
07-05 14:15:27.120   545   548 D dalvikvm: GC_CONCURRENT freed 409K, 11% free 10507K/11719K, paused 2ms+2ms
07-05 14:15:27.386   545   548 D dalvikvm: GC_CONCURRENT freed 403K, 11% free 10495K/11719K, paused 1ms+3ms
07-05 14:15:27.471   545 11168 I DownloadManager: Initiating request for download 5154
07-05 14:15:27.585   545   548 D dalvikvm: GC_CONCURRENT freed 188K, 9% free 10744K/11719K, paused 2ms+2ms
07-05 14:15:27.706   545   548 D dalvikvm: GC_CONCURRENT freed 333K, 7% free 10919K/11719K, paused 2ms+3ms
07-05 14:15:27.889  1370 11170 E DictionaryProvider:UpdateHandler: Can't read a file : android.util.MalformedJsonException: Use JsonReader.setLenient(true) to accept malformed JSON at line 1 column 20
07-05 14:15:28.030   545   548 D dalvikvm: GC_CONCURRENT freed 899K, 11% free 10530K/11719K, paused 2ms+2ms
07-05 14:15:28.284   545   548 D dalvikvm: GC_CONCURRENT freed 410K, 11% free 10506K/11719K, paused 2ms+2ms
07-05 14:15:28.561   545 11173 D dalvikvm: GC_EXPLICIT freed 350K, 10% free 10550K/11719K, paused 2ms+7ms
07-05 14:15:28.565   545 11173 I DownloadManager: Initiating request for download 5154
07-05 14:15:28.686   545   548 D dalvikvm: GC_CONCURRENT freed 204K, 8% free 10792K/11719K, paused 2ms+3ms
07-05 14:15:28.815   545   548 D dalvikvm: GC_CONCURRENT freed 462K, 8% free 10821K/11719K, paused 2ms+2ms
07-05 14:15:29.124   545   548 D dalvikvm: GC_CONCURRENT freed 778K, 11% free 10521K/11719K, paused 1ms+2ms
07-05 14:15:29.397   545   548 D dalvikvm: GC_CONCURRENT freed 412K, 11% free 10500K/11719K, paused 2ms+3ms
07-05 14:15:29.596   545 11176 I DownloadManager: Initiating request for download 5155
07-05 14:15:29.690   545   548 D dalvikvm: GC_CONCURRENT freed 272K, 9% free 10709K/11719K, paused 2ms+3ms
07-05 14:15:29.815   545   548 D dalvikvm: GC_CONCURRENT freed 338K, 8% free 10866K/11719K, paused 2ms+3ms
07-05 14:15:30.022   545   548 D dalvikvm: GC_CONCURRENT freed 829K, 11% free 10532K/11719K, paused 2ms+2ms
07-05 14:15:30.077  1370 11178 E DictionaryProvider:UpdateHandler: Can't read a file : android.util.MalformedJsonException: Use JsonReader.setLenient(true) to accept malformed JSON at line 1 column 20
07-05 14:15:30.331   545   548 D dalvikvm: GC_CONCURRENT freed 398K, 11% free 10527K/11719K, paused 2ms+2ms
07-05 14:15:30.596   545   548 D dalvikvm: GC_CONCURRENT freed 418K, 11% free 10499K/11719K, paused 2ms+2ms
07-05 14:15:30.682   545 11181 I DownloadManager: Initiating request for download 5155
07-05 14:15:30.784   545   548 D dalvikvm: GC_CONCURRENT freed 206K, 9% free 10729K/11719K, paused 2ms+3ms
07-05 14:15:30.909   545   548 D dalvikvm: GC_CONCURRENT freed 324K, 7% free 10906K/11719K, paused 2ms+3ms
07-05 14:15:31.186   545   548 D dalvikvm: GC_CONCURRENT freed 887K, 11% free 10527K/11719K, paused 2ms+2ms
07-05 14:15:31.448   545   548 D dalvikvm: GC_CONCURRENT freed 409K, 11% free 10508K/11719K, paused 2ms+3ms
07-05 14:15:31.702   545 11184 I DownloadManager: Initiating request for download 5156
07-05 14:15:31.761   545   548 D dalvikvm: GC_CONCURRENT freed 400K, 11% free 10527K/11719K, paused 2ms+3ms
07-05 14:15:31.889   545   548 D dalvikvm: GC_CONCURRENT freed 178K, 8% free 10785K/11719K, paused 1ms+2ms
07-05 14:15:32.022   545   548 D dalvikvm: GC_CONCURRENT freed 448K, 8% free 10825K/11719K, paused 2ms+2ms
07-05 14:15:32.182  1370 11186 E DictionaryProvider:UpdateHandler: Can't read a file : android.util.MalformedJsonException: Use JsonReader.setLenient(true) to accept malformed JSON at line 1 column 20
07-05 14:15:32.354   545   548 D dalvikvm: GC_CONCURRENT freed 772K, 11% free 10538K/11719K, paused 2ms+2ms
07-05 14:15:32.632   545   548 D dalvikvm: GC_CONCURRENT freed 420K, 11% free 10509K/11719K, paused 2ms+3ms
07-05 14:15:32.807   545 11189 I DownloadManager: Initiating request for download 5156
07-05 14:15:32.889   545   548 D dalvikvm: GC_CONCURRENT freed 310K, 10% free 10657K/11719K, paused 2ms+3ms
07-05 14:15:33.011   545   548 D dalvikvm: GC_CONCURRENT freed 286K, 8% free 10852K/11719K, paused 2ms+3ms
07-05 14:15:33.186   545   548 D dalvikvm: GC_CONCURRENT freed 771K, 10% free 10580K/11719K, paused 2ms+3ms
07-05 14:15:33.471   545   548 D dalvikvm: GC_CONCURRENT freed 454K, 11% free 10524K/11719K, paused 2ms+2ms
07-05 14:15:33.733   545   548 D dalvikvm: GC_CONCURRENT freed 408K, 11% free 10507K/11719K, paused 2ms+2ms
07-05 14:15:33.936   156   576 D dalvikvm: GC_EXPLICIT freed 491K, 12% free 14098K/16007K, paused 2ms+5ms
07-05 14:15:33.940   545 11192 I DownloadManager: Initiating request for download 5157
07-05 14:15:34.034   545   548 D dalvikvm: GC_CONCURRENT freed 226K, 9% free 10717K/11719K, paused 2ms+3ms
07-05 14:15:34.155   545   548 D dalvikvm: GC_CONCURRENT freed 329K, 8% free 10881K/11719K, paused 2ms+2ms
07-05 14:15:34.374  1370 11194 E DictionaryProvider:UpdateHandler: Can't read a file : android.util.MalformedJsonException: Use JsonReader.setLenient(true) to accept malformed JSON at line 1 column 20
07-05 14:15:34.413   545   548 D dalvikvm: GC_CONCURRENT freed 859K, 11% free 10533K/11719K, paused 2ms+2ms
07-05 14:15:34.456  1370  1372 D dalvikvm: GC_CONCURRENT freed 392K, 7% free 9125K/9735K, paused 1ms+2ms
07-05 14:15:34.710   545   548 D dalvikvm: GC_CONCURRENT freed 423K, 11% free 10501K/11719K, paused 2ms+2ms
07-05 14:15:34.975   545   548 D dalvikvm: GC_CONCURRENT freed 402K, 11% free 10489K/11719K, paused 1ms+2ms
07-05 14:15:35.038   545 11197 I DownloadManager: Initiating request for download 5157
07-05 14:15:35.143   545   548 D dalvikvm: GC_CONCURRENT freed 186K, 9% free 10739K/11719K, paused 2ms+3ms
07-05 14:15:35.264   545   548 D dalvikvm: GC_CONCURRENT freed 336K, 7% free 10908K/11719K, paused 2ms+3ms
07-05 14:15:35.546   545   548 D dalvikvm: GC_CONCURRENT freed 898K, 11% free 10517K/11719K, paused 2ms+2ms
07-05 14:15:35.811   545   548 D dalvikvm: GC_CONCURRENT freed 410K, 11% free 10498K/11719K, paused 2ms+2ms
07-05 14:15:36.038   545 11200 I DownloadManager: Initiating request for download 5158
07-05 14:15:36.104   545   548 D dalvikvm: GC_CONCURRENT freed 357K, 11% free 10537K/11719K, paused 2ms+3ms
07-05 14:15:36.225   545   548 D dalvikvm: GC_CONCURRENT freed 189K, 8% free 10785K/11719K, paused 2ms+2ms
07-05 14:15:36.362   545   548 D dalvikvm: GC_CONCURRENT freed 453K, 8% free 10820K/11719K, paused 2ms+2ms
07-05 14:15:36.511  1370 11202 E DictionaryProvider:UpdateHandler: Can't read a file : android.util.MalformedJsonException: Use JsonReader.setLenient(true) to accept malformed JSON at line 1 column 20
07-05 14:15:36.694   545   548 D dalvikvm: GC_CONCURRENT freed 772K, 11% free 10527K/11719K, paused 2ms+2ms
07-05 14:15:36.956   545   548 D dalvikvm: GC_CONCURRENT freed 419K, 11% free 10498K/11719K, paused 2ms+2ms
07-05 14:15:37.124   545 11205 I DownloadManager: Initiating request for download 5158
07-05 14:15:37.202   545   548 D dalvikvm: GC_CONCURRENT freed 302K, 9% free 10732K/11719K, paused 2ms+4ms
07-05 14:15:37.331   545   548 D dalvikvm: GC_CONCURRENT freed 351K, 8% free 10883K/11719K, paused 2ms+2ms
07-05 14:15:37.557   545   548 D dalvikvm: GC_CONCURRENT freed 826K, 10% free 10556K/11719K, paused 2ms+3ms
07-05 14:15:37.831   545   548 D dalvikvm: GC_CONCURRENT freed 403K, 11% free 10543K/11719K, paused 2ms+3ms
07-05 14:15:38.089   545   548 D dalvikvm: GC_CONCURRENT freed 399K, 11% free 10531K/11719K, paused 2ms+2ms
07-05 14:15:38.503   545 11207 I DownloadManager: Initiating request for download 5159
07-05 14:15:38.643   545   548 D dalvikvm: GC_CONCURRENT freed 218K, 9% free 10749K/11719K, paused 2ms+3ms
07-05 14:15:38.776   545   548 D dalvikvm: GC_CONCURRENT freed 330K, 7% free 10928K/11719K, paused 2ms+4ms
07-05 14:15:38.975  1370 11210 E DictionaryProvider:UpdateHandler: Can't read a file : android.util.MalformedJsonException: Use JsonReader.setLenient(true) to accept malformed JSON at line 1 column 20
07-05 14:15:39.104   545   548 D dalvikvm: GC_CONCURRENT freed 915K, 11% free 10528K/11719K, paused 2ms+2ms
07-05 14:15:39.366   545   548 D dalvikvm: GC_CONCURRENT freed 415K, 11% free 10504K/11719K, paused 2ms+2ms
07-05 14:15:39.569   545 11213 I DownloadManager: Initiating request for download 5159
07-05 14:15:39.636   545   548 D dalvikvm: GC_CONCURRENT freed 372K, 10% free 10566K/11719K, paused 1ms+3ms
07-05 14:15:39.745   545   548 D dalvikvm: GC_CONCURRENT freed 206K, 8% free 10800K/11719K, paused 2ms+3ms
07-05 14:15:39.889   545   548 D dalvikvm: GC_CONCURRENT freed 472K, 8% free 10828K/11719K, paused 2ms+3ms
07-05 14:15:40.221   545   548 D dalvikvm: GC_CONCURRENT freed 786K, 11% free 10519K/11719K, paused 2ms+2ms
07-05 14:15:40.483   545   548 D dalvikvm: GC_CONCURRENT freed 405K, 11% free 10500K/11719K, paused 2ms+2ms
07-05 14:15:40.651   545 11216 I DownloadManager: Initiating request for download 5160
07-05 14:15:40.737   545   548 D dalvikvm: GC_CONCURRENT freed 254K, 9% free 10686K/11719K, paused 2ms+2ms
07-05 14:15:40.866   545   548 D dalvikvm: GC_CONCURRENT freed 335K, 8% free 10885K/11719K, paused 2ms+3ms
07-05 14:15:41.104  1370 11218 E DictionaryProvider:UpdateHandler: Can't read a file : android.util.MalformedJsonException: Use JsonReader.setLenient(true) to accept malformed JSON at line 1 column 20
07-05 14:15:41.124   545   548 D dalvikvm: GC_CONCURRENT freed 855K, 10% free 10549K/11719K, paused 2ms+2ms
07-05 14:15:41.401   545   548 D dalvikvm: GC_CONCURRENT freed 426K, 11% free 10514K/11719K, paused 2ms+3ms
07-05 14:15:41.671   545   548 D dalvikvm: GC_CONCURRENT freed 401K, 11% free 10498K/11719K, paused 2ms+2ms
07-05 14:15:41.737   545 11221 I DownloadManager: Initiating request for download 5160
07-05 14:15:41.831   545   548 D dalvikvm: GC_CONCURRENT freed 192K, 9% free 10737K/11719K, paused 2ms+2ms
07-05 14:15:41.956   545   548 D dalvikvm: GC_CONCURRENT freed 303K, 7% free 10915K/11719K, paused 1ms+2ms
07-05 14:15:42.245   545   548 D dalvikvm: GC_CONCURRENT freed 898K, 11% free 10526K/11719K, paused 1ms+3ms
07-05 14:15:42.495   545   548 D dalvikvm: GC_CONCURRENT freed 409K, 11% free 10508K/11719K, paused 2ms+2ms
07-05 14:15:42.776   545 11224 I DownloadManager: Initiating request for download 5161
07-05 14:15:42.803   545   548 D dalvikvm: GC_CONCURRENT freed 395K, 11% free 10505K/11719K, paused 2ms+2ms
07-05 14:15:42.936   545   548 D dalvikvm: GC_CONCURRENT freed 167K, 8% free 10829K/11719K, paused 1ms+3ms
07-05 14:15:43.081   545   548 D dalvikvm: GC_CONCURRENT freed 507K, 8% free 10833K/11719K, paused 1ms+2ms
07-05 14:15:43.253  1370 11226 E DictionaryProvider:UpdateHandler: Can't read a file : android.util.MalformedJsonException: Use JsonReader.setLenient(true) to accept malformed JSON at line 1 column 20
07-05 14:15:43.346  1370  1372 D dalvikvm: GC_CONCURRENT freed 363K, 7% free 9150K/9735K, paused 1ms+2ms
07-05 14:15:43.436   545   548 D dalvikvm: GC_CONCURRENT freed 786K, 11% free 10530K/11719K, paused 2ms+2ms
07-05 14:15:43.710   545   548 D dalvikvm: GC_CONCURRENT freed 415K, 11% free 10505K/11719K, paused 2ms+3ms
07-05 14:15:43.866   545 11229 I DownloadManager: Initiating request for download 5161
07-05 14:15:43.940   545   548 D dalvikvm: GC_CONCURRENT freed 292K, 9% free 10685K/11719K, paused 2ms+4ms
07-05 14:15:44.073   545   548 D dalvikvm: GC_CONCURRENT freed 300K, 8% free 10875K/11719K, paused 1ms+3ms
07-05 14:15:44.288   545   548 D dalvikvm: GC_CONCURRENT freed 810K, 10% free 10562K/11719K, paused 1ms+3ms
07-05 14:15:44.573   545   548 D dalvikvm: GC_CONCURRENT freed 434K, 11% free 10521K/11719K, paused 2ms+2ms
07-05 14:15:44.839   545   548 D dalvikvm: GC_CONCURRENT freed 410K, 11% free 10502K/11719K, paused 2ms+2ms
07-05 14:15:44.979   545 11232 I DownloadManager: Initiating request for download 5162
07-05 14:15:45.089   545   548 D dalvikvm: GC_CONCURRENT freed 212K, 9% free 10726K/11719K, paused 2ms+3ms
07-05 14:15:45.218   545   548 D dalvikvm: GC_CONCURRENT freed 326K, 7% free 10917K/11719K, paused 2ms+3ms
07-05 14:15:45.421  1370 11234 E DictionaryProvider:UpdateHandler: Can't read a file : android.util.MalformedJsonException: Use JsonReader.setLenient(true) to accept malformed JSON at line 1 column 20
07-05 14:15:45.514   545   548 D dalvikvm: GC_CONCURRENT freed 883K, 11% free 10541K/11719K, paused 2ms+2ms
07-05 14:15:45.776   545   548 D dalvikvm: GC_CONCURRENT freed 418K, 11% free 10514K/11719K, paused 2ms+3ms
07-05 14:15:46.038   545   548 D dalvikvm: GC_CONCURRENT freed 403K, 11% free 10502K/11719K, paused 2ms+2ms
07-05 14:15:46.081   545 11237 I DownloadManager: Initiating request for download 5162
07-05 14:15:46.186   545   548 D dalvikvm: GC_CONCURRENT freed 170K, 9% free 10768K/11719K, paused 1ms+3ms
07-05 14:15:46.311   545   548 D dalvikvm: GC_CONCURRENT freed 323K, 7% free 10945K/11719K, paused 2ms+3ms
07-05 14:15:46.632   545   548 D dalvikvm: GC_CONCURRENT freed 936K, 11% free 10528K/11719K, paused 2ms+2ms
07-05 14:15:46.893   545   548 D dalvikvm: GC_CONCURRENT freed 409K, 11% free 10510K/11719K, paused 1ms+2ms
07-05 14:15:47.096   545 11240 I DownloadManager: Initiating request for download 5163
07-05 14:15:47.175   545   548 D dalvikvm: GC_CONCURRENT freed 325K, 10% free 10633K/11719K, paused 2ms+4ms
07-05 14:15:47.300   545   548 D dalvikvm: GC_CONCURRENT freed 243K, 8% free 10831K/11719K, paused 2ms+3ms
07-05 14:15:47.452   545   548 D dalvikvm: GC_CONCURRENT freed 757K, 10% free 10578K/11719K, paused 2ms+2ms
07-05 14:15:47.581  1370 11242 E DictionaryProvider:UpdateHandler: Can't read a file : android.util.MalformedJsonException: Use JsonReader.setLenient(true) to accept malformed JSON at line 1 column 20
07-05 14:15:47.772   545   548 D dalvikvm: GC_CONCURRENT freed 438K, 11% free 10537K/11719K, paused 1ms+3ms
07-05 14:15:48.034   545   548 D dalvikvm: GC_CONCURRENT freed 417K, 11% free 10511K/11719K, paused 2ms+2ms
07-05 14:15:48.206   545 11245 I DownloadManager: Initiating request for download 5163
07-05 14:15:48.288   545   548 D dalvikvm: GC_CONCURRENT freed 286K, 10% free 10662K/11719K, paused 2ms+3ms
07-05 14:15:48.409   545   548 D dalvikvm: GC_CONCURRENT freed 294K, 8% free 10863K/11719K, paused 2ms+3ms
07-05 14:15:48.593   545   548 D dalvikvm: GC_CONCURRENT freed 786K, 10% free 10576K/11719K, paused 2ms+3ms
07-05 14:15:48.886   545   548 D dalvikvm: GC_CONCURRENT freed 447K, 11% free 10526K/11719K, paused 2ms+2ms
07-05 14:15:49.151   545   548 D dalvikvm: GC_CONCURRENT freed 407K, 11% free 10510K/11719K, paused 1ms+2ms
07-05 14:15:49.284   545 11248 I DownloadManager: Initiating request for download 5164
07-05 14:15:49.378   545   548 D dalvikvm: GC_CONCURRENT freed 226K, 9% free 10720K/11719K, paused 2ms+3ms
07-05 14:15:49.507   545   548 D dalvikvm: GC_CONCURRENT freed 320K, 8% free 10898K/11719K, paused 2ms+4ms
07-05 14:15:49.721  1370 11250 E DictionaryProvider:UpdateHandler: Can't read a file : android.util.MalformedJsonException: Use JsonReader.setLenient(true) to accept malformed JSON at line 1 column 20
07-05 14:15:49.776   545   548 D dalvikvm: GC_CONCURRENT freed 857K, 10% free 10552K/11719K, paused 2ms+2ms
07-05 14:15:50.053   545   548 D dalvikvm: GC_CONCURRENT freed 423K, 11% free 10520K/11719K, paused 1ms+2ms
07-05 14:15:50.311   545   548 D dalvikvm: GC_CONCURRENT freed 398K, 11% free 10508K/11719K, paused 2ms+2ms
07-05 14:15:50.370   545 11253 I DownloadManager: Initiating request for download 5164
07-05 14:15:50.475   545   548 D dalvikvm: GC_CONCURRENT freed 192K, 8% free 10805K/11719K, paused 2ms+3ms
07-05 14:15:50.608   545   548 D dalvikvm: GC_CONCURRENT freed 365K, 7% free 10945K/11719K, paused 2ms+3ms
07-05 14:15:50.925   545   548 D dalvikvm: GC_CONCURRENT freed 931K, 11% free 10534K/11719K, paused 2ms+2ms
07-05 14:15:51.186   545   548 D dalvikvm: GC_CONCURRENT freed 409K, 11% free 10515K/11719K, paused 2ms+2ms
07-05 14:15:51.413   545 11256 I DownloadManager: Initiating request for download 5165
07-05 14:15:51.475   545   548 D dalvikvm: GC_CONCURRENT freed 323K, 10% free 10588K/11719K, paused 2ms+3ms
07-05 14:15:51.593   545   548 D dalvikvm: GC_CONCURRENT freed 213K, 8% free 10821K/11719K, paused 2ms+2ms
07-05 14:15:51.733   545   548 D dalvikvm: GC_CONCURRENT freed 483K, 8% free 10839K/11719K, paused 2ms+2ms
07-05 14:15:51.909   156   167 D dalvikvm: GC_EXPLICIT freed 476K, 12% free 14099K/16007K, paused 3ms+6ms
07-05 14:15:51.952  1370 11258 E DictionaryProvider:UpdateHandler: Can't read a file : android.util.MalformedJsonException: Use JsonReader.setLenient(true) to accept malformed JSON at line 1 column 20
07-05 14:15:52.018  1370  1372 D dalvikvm: GC_CONCURRENT freed 414K, 7% free 9127K/9735K, paused 2ms+2ms
07-05 14:15:52.178   545   548 D dalvikvm: GC_CONCURRENT freed 780K, 11% free 10543K/11719K, paused 2ms+3ms
07-05 14:15:52.444   545   548 D dalvikvm: GC_CONCURRENT freed 427K, 11% free 10508K/11719K, paused 2ms+2ms
07-05 14:15:52.593   545 11261 I DownloadManager: Initiating request for download 5165
07-05 14:15:52.678   545   548 D dalvikvm: GC_CONCURRENT freed 270K, 9% free 10689K/11719K, paused 2ms+3ms
07-05 14:15:52.803   545   548 D dalvikvm: GC_CONCURRENT freed 310K, 8% free 10868K/11719K, paused 1ms+3ms
07-05 14:15:52.999   545   548 D dalvikvm: GC_CONCURRENT freed 797K, 10% free 10563K/11719K, paused 2ms+2ms
07-05 14:15:53.276   545   548 D dalvikvm: GC_CONCURRENT freed 438K, 11% free 10518K/11719K, paused 2ms+2ms
07-05 14:15:53.542   545   548 D dalvikvm: GC_CONCURRENT freed 409K, 11% free 10499K/11719K, paused 2ms+3ms
07-05 14:15:53.675   545 11264 I DownloadManager: Initiating request for download 5166
07-05 14:15:53.784   545   548 D dalvikvm: GC_CONCURRENT freed 214K, 9% free 10775K/11719K, paused 2ms+2ms
07-05 14:15:53.913   545   548 D dalvikvm: GC_CONCURRENT freed 368K, 7% free 10923K/11719K, paused 2ms+3ms
07-05 14:15:54.120  1370 11266 E DictionaryProvider:UpdateHandler: Can't read a file : android.util.MalformedJsonException: Use JsonReader.setLenient(true) to accept malformed JSON at line 1 column 20
07-05 14:15:54.241   545   548 D dalvikvm: GC_CONCURRENT freed 900K, 11% free 10540K/11719K, paused 2ms+3ms
07-05 14:15:54.511   545   548 D dalvikvm: GC_CONCURRENT freed 416K, 11% free 10513K/11719K, paused 2ms+2ms
07-05 14:15:54.733   545 11269 I DownloadManager: Initiating request for download 5166
07-05 14:15:54.800   545   548 D dalvikvm: GC_CONCURRENT freed 405K, 10% free 10582K/11719K, paused 2ms+3ms
07-05 14:15:54.913   545   548 D dalvikvm: GC_CONCURRENT freed 214K, 8% free 10812K/11719K, paused 1ms+2ms
07-05 14:15:55.053   545   548 D dalvikvm: GC_CONCURRENT freed 480K, 8% free 10829K/11719K, paused 2ms+3ms
07-05 14:15:55.378   545   548 D dalvikvm: GC_CONCURRENT freed 784K, 11% free 10522K/11719K, paused 1ms+2ms
07-05 14:15:55.643   545   548 D dalvikvm: GC_CONCURRENT freed 408K, 11% free 10504K/11719K, paused 2ms+2ms
07-05 14:15:55.819   545 11272 I DownloadManager: Initiating request for download 5167
07-05 14:15:55.928   545   548 D dalvikvm: GC_CONCURRENT freed 260K, 9% free 10696K/11719K, paused 1ms+3ms
07-05 14:15:56.050   545   548 D dalvikvm: GC_CONCURRENT freed 324K, 8% free 10864K/11719K, paused 2ms+2ms
07-05 14:15:56.241   545   548 D dalvikvm: GC_CONCURRENT freed 785K, 10% free 10573K/11719K, paused 2ms+3ms
07-05 14:15:56.292  1370 11274 E DictionaryProvider:UpdateHandler: Can't read a file : android.util.MalformedJsonException: Use JsonReader.setLenient(true) to accept malformed JSON at line 1 column 20
07-05 14:15:56.550   545   548 D dalvikvm: GC_CONCURRENT freed 434K, 11% free 10530K/11719K, paused 1ms+2ms
07-05 14:15:56.819   545   548 D dalvikvm: GC_CONCURRENT freed 416K, 11% free 10504K/11719K, paused 1ms+2ms
07-05 14:15:56.921   545 11277 I DownloadManager: Initiating request for download 5167
07-05 14:15:57.011   545   548 D dalvikvm: GC_CONCURRENT freed 220K, 9% free 10716K/11719K, paused 2ms+2ms
07-05 14:15:57.143   545   548 D dalvikvm: GC_CONCURRENT freed 319K, 8% free 10894K/11719K, paused 2ms+2ms
07-05 14:15:57.382   545   548 D dalvikvm: GC_CONCURRENT freed 861K, 11% free 10535K/11719K, paused 2ms+2ms
07-05 14:15:57.643   545   548 D dalvikvm: GC_CONCURRENT freed 408K, 11% free 10517K/11719K, paused 2ms+2ms
07-05 14:15:57.905   545   548 D dalvikvm: GC_CONCURRENT freed 403K, 11% free 10504K/11719K, paused 2ms+2ms
07-05 14:15:57.999   545 11280 I DownloadManager: Initiating request for download 5168
07-05 14:15:58.096   545 10756 D dalvikvm: GC_EXPLICIT freed 229K, 8% free 10830K/11719K, paused 2ms+7ms
07-05 14:15:58.225   545   548 D dalvikvm: GC_CONCURRENT freed 493K, 8% free 10834K/11719K, paused 2ms+2ms
07-05 14:15:58.370  1370 11282 E DictionaryProvider:UpdateHandler: Can't read a file : android.util.MalformedJsonException: Use JsonReader.setLenient(true) to accept malformed JSON at line 1 column 20
07-05 14:15:58.577   545   548 D dalvikvm: GC_CONCURRENT freed 782K, 11% free 10536K/11719K, paused 2ms+3ms
07-05 14:15:58.854   545   548 D dalvikvm: GC_CONCURRENT freed 415K, 11% free 10511K/11719K, paused 2ms+2ms
07-05 14:15:59.034   545 11285 I DownloadManager: Initiating request for download 5168
07-05 14:15:59.100   545   548 D dalvikvm: GC_CONCURRENT freed 330K, 9% free 10676K/11719K, paused 1ms+4ms
07-05 14:15:59.229   545   548 D dalvikvm: GC_CONCURRENT freed 292K, 8% free 10861K/11719K, paused 2ms+3ms
07-05 14:15:59.405   545   548 D dalvikvm: GC_CONCURRENT freed 780K, 10% free 10576K/11719K, paused 1ms+3ms
07-05 14:15:59.694   545   548 D dalvikvm: GC_CONCURRENT freed 447K, 11% free 10527K/11719K, paused 2ms+3ms
07-05 14:15:59.979   545   548 D dalvikvm: GC_CONCURRENT freed 406K, 11% free 10513K/11719K, paused 2ms+2ms
07-05 14:16:00.143   545 11288 I DownloadManager: Initiating request for download 5169
07-05 14:16:00.218   545   548 D dalvikvm: GC_CONCURRENT freed 233K, 9% free 10712K/11719K, paused 2ms+2ms
07-05 14:16:00.346   545   548 D dalvikvm: GC_CONCURRENT freed 297K, 8% free 10884K/11719K, paused 2ms+2ms
07-05 14:16:00.550   545   548 D dalvikvm: GC_CONCURRENT freed 808K, 10% free 10577K/11719K, paused 2ms+2ms
07-05 14:16:00.596  1370 11290 E DictionaryProvider:UpdateHandler: Can't read a file : android.util.MalformedJsonException: Use JsonReader.setLenient(true) to accept malformed JSON at line 1 column 20
07-05 14:16:00.667  1370  1372 D dalvikvm: GC_CONCURRENT freed 388K, 7% free 9127K/9735K, paused 1ms+6ms
07-05 14:16:00.882   545   548 D dalvikvm: GC_CONCURRENT freed 441K, 11% free 10533K/11719K, paused 2ms+3ms
07-05 14:16:01.151   545   548 D dalvikvm: GC_CONCURRENT freed 414K, 11% free 10510K/11719K, paused 2ms+2ms
07-05 14:16:01.257   545 11293 I DownloadManager: Initiating request for download 5169
07-05 14:16:01.343   545   548 D dalvikvm: GC_CONCURRENT freed 217K, 9% free 10726K/11719K, paused 2ms+3ms
07-05 14:16:01.475   545   548 D dalvikvm: GC_CONCURRENT freed 324K, 7% free 10956K/11719K, paused 2ms+3ms
07-05 14:16:01.741   545   548 D dalvikvm: GC_CONCURRENT freed 941K, 11% free 10546K/11719K, paused 2ms+2ms
07-05 14:16:02.034   545   548 D dalvikvm: GC_CONCURRENT freed 418K, 11% free 10524K/11719K, paused 2ms+2ms
07-05 14:16:02.292   545 11296 I DownloadManager: Initiating request for download 5170
07-05 14:16:02.389   545   548 D dalvikvm: GC_CONCURRENT freed 385K, 11% free 10546K/11719K, paused 3ms+2ms
07-05 14:16:02.393   993  1240 I PhoneLab-: Service Running
07-05 14:16:02.436   993  1240 I PhoneLab-LoggerService: app_49    1247  993   1956   1584  c00f181c 400107b4 S logcat
07-05 14:16:02.436   993  1240 I PhoneLab-LoggerService: Logcat pid from database 1247
07-05 14:16:02.436   993  1240 I PhoneLab-LoggerService: Logcat process found 1247
07-05 14:16:02.436   993  1240 I PhoneLab-LoggerService: Checking Threshold
07-05 14:16:02.436   993  1240 I PhoneLab-LoggerService: Starting to rename files
07-05 14:16:02.440   993  1240 I PhoneLab-LoggerService: Files found .. 46
07-05 14:16:02.526   545   548 D dalvikvm: GC_CONCURRENT freed 176K, 8% free 10795K/11719K, paused 2ms+3ms
07-05 14:16:02.659   545   548 D dalvikvm: GC_CONCURRENT freed 447K, 8% free 10839K/11719K, paused 2ms+3ms
07-05 14:16:02.843  1370 11299 E DictionaryProvider:UpdateHandler: Can't read a file : android.util.MalformedJsonException: Use JsonReader.setLenient(true) to accept malformed JSON at line 1 column 20
07-05 14:16:02.921  1370  1404 D dalvikvm: GC_EXPLICIT freed 133K, 7% free 9096K/9735K, paused 2ms+2ms
07-05 14:16:03.018   545   548 D dalvikvm: GC_CONCURRENT freed 781K, 11% free 10543K/11719K, paused 2ms+2ms
07-05 14:16:03.288   545   548 D dalvikvm: GC_CONCURRENT freed 415K, 11% free 10519K/11719K, paused 2ms+2ms
07-05 14:16:03.491   545 11302 I DownloadManager: Initiating request for download 5170
07-05 14:16:03.538   545   548 D dalvikvm: GC_CONCURRENT freed 353K, 10% free 10584K/11719K, paused 2ms+2ms
07-05 14:16:03.659   545   548 D dalvikvm: GC_CONCURRENT freed 210K, 8% free 10820K/11719K, paused 2ms+2ms
07-05 14:16:03.796   545   548 D dalvikvm: GC_CONCURRENT freed 479K, 8% free 10842K/11719K, paused 2ms+3ms
07-05 14:16:04.120   545   548 D dalvikvm: GC_CONCURRENT freed 794K, 11% free 10533K/11719K, paused 2ms+3ms
07-05 14:16:04.389   545   548 D dalvikvm: GC_CONCURRENT freed 404K, 11% free 10523K/11719K, paused 2ms+2ms
07-05 14:16:04.557   545 11305 I DownloadManager: Initiating request for download 5171
07-05 14:16:04.639   545   548 D dalvikvm: GC_CONCURRENT freed 273K, 9% free 10700K/11719K, paused 2ms+3ms
07-05 14:16:04.776   545   548 D dalvikvm: GC_CONCURRENT freed 301K, 8% free 10884K/11719K, paused 1ms+3ms
07-05 14:16:04.987   545   548 D dalvikvm: GC_CONCURRENT freed 838K, 10% free 10552K/11719K, paused 1ms+2ms
07-05 14:16:05.042  1370 11307 E DictionaryProvider:UpdateHandler: Can't read a file : android.util.MalformedJsonException: Use JsonReader.setLenient(true) to accept malformed JSON at line 1 column 20
07-05 14:16:05.296   545   548 D dalvikvm: GC_CONCURRENT freed 398K, 11% free 10544K/11719K, paused 2ms+2ms
07-05 14:16:05.561   545   548 D dalvikvm: GC_CONCURRENT freed 415K, 11% free 10520K/11719K, paused 1ms+3ms
07-05 14:16:05.682   545 11309 I DownloadManager: Initiating request for download 5171
07-05 14:16:05.753   545   548 D dalvikvm: GC_CONCURRENT freed 228K, 9% free 10729K/11719K, paused 2ms+4ms
07-05 14:16:05.858   545   548 D dalvikvm: GC_CONCURRENT freed 305K, 7% free 10908K/11719K, paused 2ms+3ms
07-05 14:16:06.210   545   548 D dalvikvm: GC_CONCURRENT freed 866K, 11% free 10545K/11719K, paused 1ms+3ms
07-05 14:16:06.479   545   548 D dalvikvm: GC_CONCURRENT freed 409K, 11% free 10527K/11719K, paused 2ms+2ms
07-05 14:16:06.745   545   548 D dalvikvm: GC_CONCURRENT freed 403K, 11% free 10514K/11719K, paused 2ms+2ms
07-05 14:16:06.850   545 11313 I DownloadManager: Initiating request for download 5172
07-05 14:16:06.956   545   548 D dalvikvm: GC_CONCURRENT freed 197K, 9% free 10753K/11719K, paused 2ms+3ms
07-05 14:16:07.085   545   548 D dalvikvm: GC_CONCURRENT freed 330K, 7% free 10935K/11719K, paused 2ms+3ms
07-05 14:16:07.346   545   548 D dalvikvm: GC_CONCURRENT freed 905K, 11% free 10546K/11719K, paused 1ms+3ms
07-05 14:16:07.550  1370 11315 E DictionaryProvider:UpdateHandler: Can't read a file : android.util.MalformedJsonException: Use JsonReader.setLenient(true) to accept malformed JSON at line 1 column 20
07-05 14:16:07.643   545   548 D dalvikvm: GC_CONCURRENT freed 398K, 11% free 10536K/11719K, paused 2ms+2ms
07-05 14:16:07.905   545   548 D dalvikvm: GC_CONCURRENT freed 413K, 11% free 10513K/11719K, paused 2ms+2ms
07-05 14:16:07.936   545 11318 I DownloadManager: Initiating request for download 5172
07-05 14:16:08.050   545   548 D dalvikvm: GC_CONCURRENT freed 165K, 8% free 10783K/11719K, paused 2ms+3ms
07-05 14:16:08.178   545   548 D dalvikvm: GC_CONCURRENT freed 328K, 7% free 10962K/11719K, paused 2ms+3ms
07-05 14:16:08.491   545   548 D dalvikvm: GC_CONCURRENT freed 940K, 11% free 10544K/11719K, paused 2ms+2ms
07-05 14:16:08.761   545   548 D dalvikvm: GC_CONCURRENT freed 410K, 11% free 10523K/11719K, paused 2ms+2ms
07-05 14:16:08.991   545 11321 I DownloadManager: Initiating request for download 5173
07-05 14:16:09.053   545   548 D dalvikvm: GC_CONCURRENT freed 337K, 10% free 10596K/11719K, paused 2ms+3ms
07-05 14:16:09.182   545   548 D dalvikvm: GC_CONCURRENT freed 214K, 8% free 10831K/11719K, paused 2ms+3ms
07-05 14:16:09.311   545   548 D dalvikvm: GC_CONCURRENT freed 485K, 8% free 10850K/11719K, paused 2ms+2ms
07-05 14:16:09.483  1370 11323 E DictionaryProvider:UpdateHandler: Can't read a file : android.util.MalformedJsonException: Use JsonReader.setLenient(true) to accept malformed JSON at line 1 column 20
07-05 14:16:09.589   465   467 D dalvikvm: GC_CONCURRENT freed 384K, 6% free 10502K/11143K, paused 2ms+2ms
07-05 14:16:09.694   545   548 D dalvikvm: GC_CONCURRENT freed 789K, 10% free 10555K/11719K, paused 2ms+2ms
07-05 14:16:09.948   545   548 D dalvikvm: GC_CONCURRENT freed 421K, 11% free 10524K/11719K, paused 1ms+2ms
07-05 14:16:10.108   545 11326 I DownloadManager: Initiating request for download 5173
07-05 14:16:10.190   156   628 D dalvikvm: GC_EXPLICIT freed 525K, 12% free 14101K/16007K, paused 2ms+6ms
07-05 14:16:10.249   545   548 D dalvikvm: GC_CONCURRENT freed 259K, 9% free 10687K/11719K, paused 2ms+2ms
07-05 14:16:10.378   545   548 D dalvikvm: GC_CONCURRENT freed 306K, 7% free 10919K/11719K, paused 2ms+3ms
07-05 14:16:10.593   545   548 D dalvikvm: GC_CONCURRENT freed 860K, 10% free 10574K/11719K, paused 2ms+2ms
07-05 14:16:10.639   545 11329 I DownloadManager: in removeSpuriousFiles
07-05 14:16:10.710   545 11329 D dalvikvm: GC_FOR_ALLOC freed 303K, 8% free 10788K/11719K, paused 22ms
07-05 14:16:10.776   545 11329 I DownloadManager: in removeSpuriousFiles, preserving file /data/data/com.android.providers.downloads/cache/metadata-107.htm
07-05 14:16:10.776   545 11329 I DownloadManager: in removeSpuriousFiles, preserving file /data/data/com.android.providers.downloads/cache/metadata-160.htm
07-05 14:16:10.776   545 11329 I DownloadManager: in removeSpuriousFiles, preserving file /data/data/com.android.providers.downloads/cache/metadata-2280.htm
07-05 14:16:10.776   545 11329 I DownloadManager: in removeSpuriousFiles, preserving file /data/data/com.android.providers.downloads/cache/metadata-117.htm
07-05 14:16:10.776   545 11329 I DownloadManager: in removeSpuriousFiles, preserving file /data/data/com.android.providers.downloads/cache/metadata-118.htm
07-05 14:16:10.776   545 11329 I DownloadManager: in removeSpuriousFiles, preserving file /data/data/com.android.providers.downloads/cache/metadata-169.htm
07-05 14:16:10.776   545 11329 I DownloadManager: in removeSpuriousFiles, preserving file /data/data/com.android.providers.downloads/cache/metadata-210.htm
07-05 14:16:10.776   545 11329 I DownloadManager: in removeSpuriousFiles, preserving file /data/data/com.android.providers.downloads/cache/metadata-265.htm
07-05 14:16:10.776   545 11329 I DownloadManager: in removeSpuriousFiles, preserving file /data/data/com.android.providers.downloads/cache/metadata-85.htm
07-05 14:16:10.776   545 11329 I DownloadManager: in removeSpuriousFiles, preserving file /data/data/com.android.providers.downloads/cache/metadata-172.htm
07-05 14:16:10.776   545 11329 I DownloadManager: in removeSpuriousFiles, preserving file /data/data/com.android.providers.downloads/cache/metadata-1394.htm
07-05 14:16:10.776   545 11329 I DownloadManager: in removeSpuriousFiles, preserving file /data/data/com.android.providers.downloads/cache/metadata-138.htm
07-05 14:16:10.776   545 11329 I DownloadManager: in removeSpuriousFiles, preserving file /data/data/com.android.providers.downloads/cache/metadata-1267.htm
07-05 14:16:10.776   545 11329 I DownloadManager: in removeSpuriousFiles, preserving file /data/data/com.android.providers.downloads/cache/metadata-273.htm
07-05 14:16:10.776   545 11329 I DownloadManager: in removeSpuriousFiles, preserving file /data/data/com.android.providers.downloads/cache/metadata-247.htm
07-05 14:16:10.780   545 11329 I DownloadManager: in removeSpuriousFiles, preserving file /data/data/com.android.providers.downloads/cache/metadata-646.htm
07-05 14:16:10.780   545 11329 I DownloadManager: in removeSpuriousFiles, preserving file /data/data/com.android.providers.downloads/cache/metadata-335.htm
07-05 14:16:10.780   545 11329 I DownloadManager: in removeSpuriousFiles, preserving file /data/data/com.android.providers.downloads/cache/metadata-193.htm
07-05 14:16:10.780   545 11329 I DownloadManager: in removeSpuriousFiles, preserving file /data/data/com.android.providers.downloads/cache/metadata-276.htm
07-05 14:16:10.780   545 11329 I DownloadManager: in removeSpuriousFiles, preserving file /data/data/com.android.providers.downloads/cache/metadata-97.htm
07-05 14:16:10.780   545 11329 I DownloadManager: in removeSpuriousFiles, preserving file /data/data/com.android.providers.downloads/cache/metadata-305.htm
07-05 14:16:10.780   545 11329 I DownloadManager: in removeSpuriousFiles, preserving file /data/data/com.android.providers.downloads/cache/metadata-188.htm
07-05 14:16:10.780   545 11329 I DownloadManager: in removeSpuriousFiles, preserving file /data/data/com.android.providers.downloads/cache/metadata-218.htm
07-05 14:16:10.780   545 11329 I DownloadManager: in removeSpuriousFiles, preserving file /data/data/com.android.providers.downloads/cache/metadata-480.htm
07-05 14:16:10.780   545 11329 I DownloadManager: in removeSpuriousFiles, preserving file /data/data/com.android.providers.downloads/cache/metadata-133.htm
07-05 14:16:10.780   545 11329 I DownloadManager: in removeSpuriousFiles, preserving file /data/data/com.android.providers.downloads/cache/metadata-2803.htm
07-05 14:16:10.780   545 11329 I DownloadManager: in removeSpuriousFiles, preserving file /data/data/com.android.providers.downloads/cache/metadata-326.htm
07-05 14:16:10.780   545 11329 I DownloadManager: in removeSpuriousFiles, preserving file /data/data/com.android.providers.downloads/cache/metadata-281.htm
07-05 14:16:10.780   545 11329 I DownloadManager: in removeSpuriousFiles, preserving file /data/data/com.android.providers.downloads/cache/metadata-136.htm
07-05 14:16:10.780   545 11329 I DownloadManager: in removeSpuriousFiles, preserving file /data/data/com.android.providers.downloads/cache/metadata-368.htm
07-05 14:16:10.784   545 11329 I DownloadManager: in removeSpuriousFiles, preserving file /data/data/com.android.providers.downloads/cache/metadata-170.htm
07-05 14:16:10.784   545 11329 I DownloadManager: in removeSpuriousFiles, preserving file /data/data/com.android.providers.downloads/cache/metadata-314.htm
07-05 14:16:10.784   545 11329 I DownloadManager: in removeSpuriousFiles, preserving file /data/data/com.android.providers.downloads/cache/metadata-2053.htm
07-05 14:16:10.784   545 11329 I DownloadManager: in removeSpuriousFiles, preserving file /data/data/com.android.providers.downloads/cache/metadata-144.htm
07-05 14:16:10.784   545 11329 I DownloadManager: in removeSpuriousFiles, preserving file /data/data/com.android.providers.downloads/cache/metadata-427.htm
07-05 14:16:10.784   545 11329 I DownloadManager: in removeSpuriousFiles, preserving file /data/data/com.android.providers.downloads/cache/metadata-1560.htm
07-05 14:16:10.784   545 11329 I DownloadManager: in removeSpuriousFiles, preserving file /data/data/com.android.providers.downloads/cache/metadata-237.htm
07-05 14:16:10.784   545 11329 I DownloadManager: in removeSpuriousFiles, preserving file /data/data/com.android.providers.downloads/cache/metadata-1409.htm
07-05 14:16:10.784   545 11329 I DownloadManager: in removeSpuriousFiles, preserving file /data/data/com.android.providers.downloads/cache/metadata-1893.htm
07-05 14:16:10.784   545 11329 I DownloadManager: in removeSpuriousFiles, preserving file /data/data/com.android.providers.downloads/cache/metadata-1232.htm
07-05 14:16:10.784   545 11329 I DownloadManager: in removeSpuriousFiles, preserving file /data/data/com.android.providers.downloads/cache/metadata-1903.htm
07-05 14:16:10.784   545 11329 I DownloadManager: in removeSpuriousFiles, preserving file /data/data/com.android.providers.downloads/cache/metadata-360.htm
07-05 14:16:10.788   545 11329 I DownloadManager: in removeSpuriousFiles, preserving file /data/data/com.android.providers.downloads/cache/metadata-418.htm
07-05 14:16:10.788   545 11329 I DownloadManager: in removeSpuriousFiles, preserving file /data/data/com.android.providers.downloads/cache/metadata-115.htm
07-05 14:16:10.788   545 11329 I DownloadManager: in removeSpuriousFiles, preserving file /data/data/com.android.providers.downloads/cache/metadata-121.htm
07-05 14:16:10.788   545 11329 I DownloadManager: in removeSpuriousFiles, preserving file /data/data/com.android.providers.downloads/cache/metadata-375.htm
07-05 14:16:10.788   545 11329 I DownloadManager: in removeSpuriousFiles, preserving file /data/data/com.android.providers.downloads/cache/metadata-1621.htm
07-05 14:16:10.788   545 11329 I DownloadManager: in removeSpuriousFiles, preserving file /data/data/com.android.providers.downloads/cache/metadata-234.htm
07-05 14:16:10.788   545 11329 I DownloadManager: in removeSpuriousFiles, preserving file /data/data/com.android.providers.downloads/cache/metadata-127.htm
07-05 14:16:10.788   545 11329 I DownloadManager: in removeSpuriousFiles, preserving file /data/data/com.android.providers.downloads/cache/metadata-1351.htm
07-05 14:16:10.788   545 11329 I DownloadManager: in removeSpuriousFiles, preserving file /data/data/com.android.providers.downloads/cache/metadata-446.htm
07-05 14:16:10.788   545 11329 I DownloadManager: in removeSpuriousFiles, preserving file /data/data/com.android.providers.downloads/cache/metadata-289.htm
07-05 14:16:10.788   545 11329 I DownloadManager: in removeSpuriousFiles, preserving file /data/data/com.android.providers.downloads/cache/metadata-1437.htm
07-05 14:16:10.792   545 11329 I DownloadManager: in removeSpuriousFiles, preserving file /data/data/com.android.providers.downloads/cache/metadata-388.htm
07-05 14:16:10.792   545 11329 I DownloadManager: in removeSpuriousFiles, preserving file /data/data/com.android.providers.downloads/cache/metadata-386.htm
07-05 14:16:10.792   545 11329 I DownloadManager: in removeSpuriousFiles, preserving file /data/data/com.android.providers.downloads/cache/metadata-1512.htm
07-05 14:16:10.792   545 11329 I DownloadManager: in removeSpuriousFiles, preserving file /data/data/com.android.providers.downloads/cache/metadata-1667.htm
07-05 14:16:10.792   545 11329 I DownloadManager: in removeSpuriousFiles, preserving file /data/data/com.android.providers.downloads/cache/metadata-593.htm
07-05 14:16:10.792   545 11329 I DownloadManager: in removeSpuriousFiles, preserving file /data/data/com.android.providers.downloads/cache/metadata-240.htm
07-05 14:16:10.792   545 11329 I DownloadManager: in removeSpuriousFiles, preserving file /data/data/com.android.providers.downloads/cache/metadata-397.htm
07-05 14:16:10.792   545 11329 I DownloadManager: in removeSpuriousFiles, preserving file /data/data/com.android.providers.downloads/cache/metadata-212.htm
07-05 14:16:10.792   545 11329 I DownloadManager: in removeSpuriousFiles, preserving file /data/data/com.android.providers.downloads/cache/metadata-211.htm
07-05 14:16:10.796   545 11329 I DownloadManager: in removeSpuriousFiles, preserving file /data/data/com.android.providers.downloads/cache/metadata-269.htm
07-05 14:16:10.796   545 11329 I DownloadManager: in removeSpuriousFiles, preserving file /data/data/com.android.providers.downloads/cache/metadata-187.htm
07-05 14:16:10.796   545 11329 I DownloadManager: in removeSpuriousFiles, preserving file /data/data/com.android.providers.downloads/cache/metadata-349.htm
07-05 14:16:10.796   545 11329 I DownloadManager: in removeSpuriousFiles, preserving file /data/data/com.android.providers.downloads/cache/metadata-1150.htm
07-05 14:16:10.796   545 11329 I DownloadManager: in removeSpuriousFiles, preserving file /data/data/com.android.providers.downloads/cache/metadata-283.htm
07-05 14:16:10.796   545 11329 I DownloadManager: in removeSpuriousFiles, preserving file /data/data/com.android.providers.downloads/cache/metadata-419.htm
07-05 14:16:10.796   545 11329 I DownloadManager: in removeSpuriousFiles, preserving file /data/data/com.android.providers.downloads/cache/metadata-202.htm
07-05 14:16:10.800   545 11329 I DownloadManager: in removeSpuriousFiles, preserving file /data/data/com.android.providers.downloads/cache/metadata-399.htm
07-05 14:16:10.800   545 11329 I DownloadManager: in removeSpuriousFiles, preserving file /data/data/com.android.providers.downloads/cache/metadata-612.htm
07-05 14:16:10.800   545 11329 I DownloadManager: in removeSpuriousFiles, preserving file /data/data/com.android.providers.downloads/cache/metadata-81.htm
07-05 14:16:10.800   545 11329 I DownloadManager: in removeSpuriousFiles, preserving file /data/data/com.android.providers.downloads/cache/metadata-1808.htm
07-05 14:16:10.800   545 11329 I DownloadManager: in removeSpuriousFiles, preserving file /data/data/com.android.providers.downloads/cache/metadata-1938.htm
07-05 14:16:10.800   545 11329 I DownloadManager: in removeSpuriousFiles, preserving file /data/data/com.android.providers.downloads/cache/metadata-186.htm
07-05 14:16:10.800   545 11329 I DownloadManager: in removeSpuriousFiles, preserving file /data/data/com.android.providers.downloads/cache/metadata-93.htm
07-05 14:16:10.803   545 11329 I DownloadManager: in removeSpuriousFiles, preserving file /data/data/com.android.providers.downloads/cache/metadata-235.htm
07-05 14:16:10.803   545 11329 I DownloadManager: in removeSpuriousFiles, preserving file /data/data/com.android.providers.downloads/cache/metadata-1447.htm
07-05 14:16:10.803   545 11329 I DownloadManager: in removeSpuriousFiles, preserving file /data/data/com.android.providers.downloads/cache/metadata-231.htm
07-05 14:16:10.803   545 11329 I DownloadManager: in removeSpuriousFiles, preserving file /data/data/com.android.providers.downloads/cache/metadata-254.htm
07-05 14:16:10.803   545 11329 I DownloadManager: in removeSpuriousFiles, preserving file /data/data/com.android.providers.downloads/cache/metadata-105.htm
07-05 14:16:10.807   545 11329 I DownloadManager: in removeSpuriousFiles, preserving file /data/data/com.android.providers.downloads/cache/metadata-1510.htm
07-05 14:16:10.807   545 11329 I DownloadManager: in removeSpuriousFiles, preserving file /data/data/com.android.providers.downloads/cache/metadata-914.htm
07-05 14:16:10.807   545 11329 I DownloadManager: in removeSpuriousFiles, preserving file /data/data/com.android.providers.downloads/cache/metadata-1736.htm
07-05 14:16:10.807   545 11329 I DownloadManager: in removeSpuriousFiles, preserving file /data/data/com.android.providers.downloads/cache/metadata-1763.htm
07-05 14:16:10.811   545 11329 I DownloadManager: in removeSpuriousFiles, preserving file /data/data/com.android.providers.downloads/cache/metadata-619.htm
07-05 14:16:10.811   545 11329 I DownloadManager: in removeSpuriousFiles, preserving file /data/data/com.android.providers.downloads/cache/metadata-714.htm
07-05 14:16:10.811   545 11329 I DownloadManager: in removeSpuriousFiles, preserving file /data/data/com.android.providers.downloads/cache/metadata-796.htm
07-05 14:16:10.811   545 11329 I DownloadManager: in removeSpuriousFiles, preserving file /data/data/com.android.providers.downloads/cache/metadata-1760.htm
07-05 14:16:10.815   545 11329 I DownloadManager: in removeSpuriousFiles, preserving file /data/data/com.android.providers.downloads/cache/metadata-642.htm
07-05 14:16:10.815   545 11329 I DownloadManager: in removeSpuriousFiles, preserving file /data/data/com.android.providers.downloads/cache/metadata-400.htm
07-05 14:16:10.815   545 11329 I DownloadManager: in removeSpuriousFiles, preserving file /data/data/com.android.providers.downloads/cache/metadata-572.htm
07-05 14:16:10.815   545 11329 I DownloadManager: in removeSpuriousFiles, preserving file /data/data/com.android.providers.downloads/cache/metadata-743.htm
07-05 14:16:10.819   545 11329 I DownloadManager: in removeSpuriousFiles, preserving file /data/data/com.android.providers.downloads/cache/metadata-1361.htm
07-05 14:16:10.819   545 11329 I DownloadManager: in removeSpuriousFiles, preserving file /data/data/com.android.providers.downloads/cache/metadata-436.htm
07-05 14:16:10.819   545 11329 I DownloadManager: in removeSpuriousFiles, preserving file /data/data/com.android.providers.downloads/cache/metadata-1293.htm
07-05 14:16:10.819   545 11329 I DownloadManager: in removeSpuriousFiles, preserving file /data/data/com.android.providers.downloads/cache/metadata-1589.htm
07-05 14:16:10.823   545 11329 I DownloadManager: in removeSpuriousFiles, preserving file /data/data/com.android.providers.downloads/cache/metadata-1246.htm
07-05 14:16:10.823   545 11329 I DownloadManager: in removeSpuriousFiles, preserving file /data/data/com.android.providers.downloads/cache/metadata-1152.htm
07-05 14:16:10.823   545 11329 I DownloadManager: in removeSpuriousFiles, preserving file /data/data/com.android.providers.downloads/cache/metadata-2062.htm
07-05 14:16:10.831   545 11329 I DownloadManager: in removeSpuriousFiles, preserving file /data/data/com.android.providers.downloads/cache/metadata-1694.htm
07-05 14:16:10.831   545 11329 I DownloadManager: in removeSpuriousFiles, preserving file /data/data/com.android.providers.downloads/cache/metadata-1095.htm
07-05 14:16:10.831   545 11329 I DownloadManager: in removeSpuriousFiles, preserving file /data/data/com.android.providers.downloads/cache/metadata-903.htm
07-05 14:16:10.831   545 11329 I DownloadManager: in removeSpuriousFiles, preserving file /data/data/com.android.providers.downloads/cache/metadata-1025.htm
07-05 14:16:10.835   545 11329 I DownloadManager: in removeSpuriousFiles, preserving file /data/data/com.android.providers.downloads/cache/metadata-1340.htm
07-05 14:16:10.835   545 11329 I DownloadManager: in removeSpuriousFiles, preserving file /data/data/com.android.providers.downloads/cache/metadata-938.htm
07-05 14:16:10.835   545 11329 I DownloadManager: in removeSpuriousFiles, preserving file /data/data/com.android.providers.downloads/cache/metadata-1927.htm
07-05 14:16:10.839   545 11329 I DownloadManager: in removeSpuriousFiles, preserving file /data/data/com.android.providers.downloads/cache/metadata-175.htm
07-05 14:16:10.839   545 11329 I DownloadManager: in removeSpuriousFiles, preserving file /data/data/com.android.providers.downloads/cache/metadata-20.htm
07-05 14:16:10.839   545 11329 I DownloadManager: in removeSpuriousFiles, preserving file /data/data/com.android.providers.downloads/cache/metadata-38.htm
07-05 14:16:10.839   545 11329 I DownloadManager: in removeSpuriousFiles, preserving file /data/data/com.android.providers.downloads/cache/metadata-7.htm
07-05 14:16:10.839   545 11329 I DownloadManager: in removeSpuriousFiles, preserving file /data/data/com.android.providers.downloads/cache/metadata-112.htm
07-05 14:16:10.839   545 11329 I DownloadManager: in removeSpuriousFiles, preserving file /data/data/com.android.providers.downloads/cache/metadata-43.htm
07-05 14:16:10.839   545 11329 I DownloadManager: in removeSpuriousFiles, preserving file /data/data/com.android.providers.downloads/cache/metadata-217.htm
07-05 14:16:10.839   545 11329 I DownloadManager: in removeSpuriousFiles, preserving file /data/data/com.android.providers.downloads/cache/metadata-328.htm
07-05 14:16:10.839   545 11329 I DownloadManager: in removeSpuriousFiles, preserving file /data/data/com.android.providers.downloads/cache/metadata-52.htm
07-05 14:16:10.839   545 11329 I DownloadManager: in removeSpuriousFiles, preserving file /data/data/com.android.providers.downloads/cache/metadata-467.htm
07-05 14:16:10.839   545 11329 I DownloadManager: in removeSpuriousFiles, preserving file /data/data/com.android.providers.downloads/cache/metadata-409.htm
07-05 14:16:10.839   545 11329 I DownloadManager: in removeSpuriousFiles, preserving file /data/data/com.android.providers.downloads/cache/metadata-307.htm
07-05 14:16:10.839   545 11329 I DownloadManager: in removeSpuriousFiles, preserving file /data/data/com.android.providers.downloads/cache/metadata-1552.htm
07-05 14:16:10.839   545 11329 I DownloadManager: in removeSpuriousFiles, preserving file /data/data/com.android.providers.downloads/cache/metadata-50.htm
07-05 14:16:10.839   545 11329 I DownloadManager: in removeSpuriousFiles, preserving file /data/data/com.android.providers.downloads/cache/metadata-61.htm
07-05 14:16:10.839   545 11329 I DownloadManager: in removeSpuriousFiles, preserving file /data/data/com.android.providers.downloads/cache/metadata-83.htm
07-05 14:16:10.839   545 11329 I DownloadManager: in removeSpuriousFiles, preserving file /data/data/com.android.providers.downloads/cache/metadata-263.htm
07-05 14:16:10.843   545 11329 I DownloadManager: in removeSpuriousFiles, preserving file /data/data/com.android.providers.downloads/cache/metadata-208.htm
07-05 14:16:10.843   545 11329 I DownloadManager: in removeSpuriousFiles, preserving file /data/data/com.android.providers.downloads/cache/metadata-300.htm
07-05 14:16:10.843   545 11329 I DownloadManager: in removeSpuriousFiles, preserving file /data/data/com.android.providers.downloads/cache/metadata-350.htm
07-05 14:16:10.843   545 11329 I DownloadManager: in removeSpuriousFiles, preserving file /data/data/com.android.providers.downloads/cache/metadata-403.htm
07-05 14:16:10.843   545 11329 I DownloadManager: in removeSpuriousFiles, preserving file /data/data/com.android.providers.downloads/cache/metadata-132.htm
07-05 14:16:10.843   545 11329 I DownloadManager: in removeSpuriousFiles, preserving file /data/data/com.android.providers.downloads/cache/metadata-468.htm
07-05 14:16:10.843   545 11329 I DownloadManager: in removeSpuriousFiles, preserving file /data/data/com.android.providers.downloads/cache/metadata-227.htm
07-05 14:16:10.843   545 11329 I DownloadManager: in removeSpuriousFiles, preserving file /data/data/com.android.providers.downloads/cache/metadata-2553.htm
07-05 14:16:10.843   545 11329 I DownloadManager: in removeSpuriousFiles, preserving file /data/data/com.android.providers.downloads/cache/metadata-157.htm
07-05 14:16:10.843   545 11329 I DownloadManager: in removeSpuriousFiles, preserving file /data/data/com.android.providers.downloads/cache/metadata-351.htm
07-05 14:16:10.843   545 11329 I DownloadManager: in removeSpuriousFiles, preserving file /data/data/com.android.providers.downloads/cache/metadata-329.htm
07-05 14:16:10.843   545 11329 I DownloadManager: in removeSpuriousFiles, preserving file /data/data/com.android.providers.downloads/cache/metadata-249.htm
07-05 14:16:10.843   545 11329 I DownloadManager: in removeSpuriousFiles, preserving file /data/data/com.android.providers.downloads/cache/metadata-488.htm
07-05 14:16:10.843   545 11329 I DownloadManager: in removeSpuriousFiles, preserving file /data/data/com.android.providers.downloads/cache/metadata-284.htm
07-05 14:16:10.843   545 11329 I DownloadManager: in removeSpuriousFiles, preserving file /data/data/com.android.providers.downloads/cache/metadata-171.htm
07-05 14:16:10.843   545 11329 I DownloadManager: in removeSpuriousFiles, preserving file /data/data/com.android.providers.downloads/cache/metadata-306.htm
07-05 14:16:10.846   545 11329 I DownloadManager: in removeSpuriousFiles, preserving file /data/data/com.android.providers.downloads/cache/metadata-198.htm
07-05 14:16:10.846   545 11329 I DownloadManager: in removeSpuriousFiles, preserving file /data/data/com.android.providers.downloads/cache/metadata-147.htm
07-05 14:16:10.846   545 11329 I DownloadManager: in removeSpuriousFiles, preserving file /data/data/com.android.providers.downloads/cache/metadata-340.htm
07-05 14:16:10.846   545 11329 I DownloadManager: in removeSpuriousFiles, preserving file /data/data/com.android.providers.downloads/cache/metadata-262.htm
07-05 14:16:10.846   545 11329 I DownloadManager: in removeSpuriousFiles, preserving file /data/data/com.android.providers.downloads/cache/metadata-604.htm
07-05 14:16:10.846   545 11329 I DownloadManager: in removeSpuriousFiles, preserving file /data/data/com.android.providers.downloads/cache/metadata-88.htm
07-05 14:16:10.846   545 11329 I DownloadManager: in removeSpuriousFiles, preserving file /data/data/com.android.providers.downloads/cache/metadata-197.htm
07-05 14:16:10.846   545 11329 I DownloadManager: in removeSpuriousFiles, preserving file /data/data/com.android.providers.downloads/cache/metadata-359.htm
07-05 14:16:10.846   545 11329 I DownloadManager: in removeSpuriousFiles, preserving file /data/data/com.android.providers.downloads/cache/metadata-1355.htm
07-05 14:16:10.846   545 11329 I DownloadManager: in removeSpuriousFiles, preserving file /data/data/com.android.providers.downloads/cache/metadata-101.htm
07-05 14:16:10.846   545 11329 I DownloadManager: in removeSpuriousFiles, preserving file /data/data/com.android.providers.downloads/cache/metadata-268.htm
07-05 14:16:10.846   545 11329 I DownloadManager: in removeSpuriousFiles, preserving file /data/data/com.android.providers.downloads/cache/metadata-331.htm
07-05 14:16:10.846   545 11329 I DownloadManager: in removeSpuriousFiles, preserving file /data/data/com.android.providers.downloads/cache/metadata-159.htm
07-05 14:16:10.850   545 11329 I DownloadManager: in removeSpuriousFiles, preserving file /data/data/com.android.providers.downloads/cache/metadata-87.htm
07-05 14:16:10.850   545 11329 I DownloadManager: in removeSpuriousFiles, preserving file /data/data/com.android.providers.downloads/cache/metadata-1225.htm
07-05 14:16:10.850   545 11329 I DownloadManager: in removeSpuriousFiles, preserving file /data/data/com.android.providers.downloads/cache/metadata-80.htm
07-05 14:16:10.850   545 11329 I DownloadManager: in removeSpuriousFiles, preserving file /data/data/com.android.providers.downloads/cache/metadata-573.htm
07-05 14:16:10.850   545 11329 I DownloadManager: in removeSpuriousFiles, preserving file /data/data/com.android.providers.downloads/cache/metadata-261.htm
07-05 14:16:10.850   545 11329 I DownloadManager: in removeSpuriousFiles, preserving file /data/data/com.android.providers.downloads/cache/metadata-344.htm
07-05 14:16:10.850   545 11329 I DownloadManager: in removeSpuriousFiles, preserving file /data/data/com.android.providers.downloads/cache/metadata-347.htm
07-05 14:16:10.850   545 11329 I DownloadManager: in removeSpuriousFiles, preserving file /data/data/com.android.providers.downloads/cache/metadata-1298.htm
07-05 14:16:10.850   545 11329 I DownloadManager: in removeSpuriousFiles, preserving file /data/data/com.android.providers.downloads/cache/metadata-1629.htm
07-05 14:16:10.850   545 11329 I DownloadManager: in removeSpuriousFiles, preserving file /data/data/com.android.providers.downloads/cache/metadata-103.htm
07-05 14:16:10.850   545 11329 I DownloadManager: in removeSpuriousFiles, preserving file /data/data/com.android.providers.downloads/cache/metadata-483.htm
07-05 14:16:10.850   545 11329 I DownloadManager: in removeSpuriousFiles, preserving file /data/data/com.android.providers.downloads/cache/metadata-332.htm
07-05 14:16:10.854   545 11329 I DownloadManager: in removeSpuriousFiles, preserving file /data/data/com.android.providers.downloads/cache/metadata-250.htm
07-05 14:16:10.854   545 11329 I DownloadManager: in removeSpuriousFiles, preserving file /data/data/com.android.providers.downloads/cache/metadata-856.htm
07-05 14:16:10.854   545 11329 I DownloadManager: in removeSpuriousFiles, preserving file /data/data/com.android.providers.downloads/cache/metadata-176.htm
07-05 14:16:10.854   545 11329 I DownloadManager: in removeSpuriousFiles, preserving file /data/data/com.android.providers.downloads/cache/metadata-96.htm
07-05 14:16:10.854   545 11329 I DownloadManager: in removeSpuriousFiles, preserving file /data/data/com.android.providers.downloads/cache/metadata-578.htm
07-05 14:16:10.854   545 11329 I DownloadManager: in removeSpuriousFiles, preserving file /data/data/com.android.providers.downloads/cache/metadata-982.htm
07-05 14:16:10.854   545 11329 I DownloadManager: in removeSpuriousFiles, preserving file /data/data/com.android.providers.downloads/cache/metadata-310.htm
07-05 14:16:10.854   545 11329 I DownloadManager: in removeSpuriousFiles, preserving file /data/data/com.android.providers.downloads/cache/metadata-1515.htm
07-05 14:16:10.854   545 11329 I DownloadManager: in removeSpuriousFiles, preserving file /data/data/com.android.providers.downloads/cache/metadata-482.htm
07-05 14:16:10.854   545 11329 I DownloadManager: in removeSpuriousFiles, preserving file /data/data/com.android.providers.downloads/cache/metadata-1508.htm
07-05 14:16:10.858   545 11329 I DownloadManager: in removeSpuriousFiles, preserving file /data/data/com.android.providers.downloads/cache/metadata-660.htm
07-05 14:16:10.858   545 11329 I DownloadManager: in removeSpuriousFiles, preserving file /data/data/com.android.providers.downloads/cache/metadata-303.htm
07-05 14:16:10.858   545 11329 I DownloadManager: in removeSpuriousFiles, preserving file /data/data/com.android.providers.downloads/cache/metadata-635.htm
07-05 14:16:10.858   545 11329 I DownloadManager: in removeSpuriousFiles, preserving file /data/data/com.android.providers.downloads/cache/metadata-1375.htm
07-05 14:16:10.858   545 11329 I DownloadManager: in removeSpuriousFiles, preserving file /data/data/com.android.providers.downloads/cache/metadata-1074.htm
07-05 14:16:10.858   545 11329 I DownloadManager: in removeSpuriousFiles, preserving file /data/data/com.android.providers.downloads/cache/metadata-1258.htm
07-05 14:16:10.858   545 11329 I DownloadManager: in removeSpuriousFiles, preserving file /data/data/com.android.providers.downloads/cache/metadata-220.htm
07-05 14:16:10.858   545 11329 I DownloadManager: in removeSpuriousFiles, preserving file /data/data/com.android.providers.downloads/cache/metadata-1802.htm
07-05 14:16:10.858   545 11329 I DownloadManager: in removeSpuriousFiles, preserving file /data/data/com.android.providers.downloads/cache/metadata-387.htm
07-05 14:16:10.862   545 11329 I DownloadManager: in removeSpuriousFiles, preserving file /data/data/com.android.providers.downloads/cache/metadata-298.htm
07-05 14:16:10.862   545 11329 I DownloadManager: in removeSpuriousFiles, preserving file /data/data/com.android.providers.downloads/cache/metadata-1514.htm
07-05 14:16:10.862   545 11329 I DownloadManager: in removeSpuriousFiles, preserving file /data/data/com.android.providers.downloads/cache/metadata-806.htm
07-05 14:16:10.862   545 11329 I DownloadManager: in removeSpuriousFiles, preserving file /data/data/com.android.providers.downloads/cache/metadata-1241.htm
07-05 14:16:10.862   545 11329 I DownloadManager: in removeSpuriousFiles, preserving file /data/data/com.android.providers.downloads/cache/metadata-322.htm
07-05 14:16:10.862   545 11329 I DownloadManager: in removeSpuriousFiles, preserving file /data/data/com.android.providers.downloads/cache/metadata-1367.htm
07-05 14:16:10.862   545 11329 I DownloadManager: in removeSpuriousFiles, preserving file /data/data/com.android.providers.downloads/cache/metadata-1505.htm
07-05 14:16:10.862   545 11329 I DownloadManager: in removeSpuriousFiles, preserving file /data/data/com.android.providers.downloads/cache/metadata-108.htm
07-05 14:16:10.866   545 11329 I DownloadManager: in removeSpuriousFiles, preserving file /data/data/com.android.providers.downloads/cache/metadata-544.htm
07-05 14:16:10.866   545 11329 I DownloadManager: in removeSpuriousFiles, preserving file /data/data/com.android.providers.downloads/cache/metadata-937.htm
07-05 14:16:10.866   545 11329 I DownloadManager: in removeSpuriousFiles, preserving file /data/data/com.android.providers.downloads/cache/metadata-2787.htm
07-05 14:16:10.866   545 11329 I DownloadManager: in removeSpuriousFiles, preserving file /data/data/com.android.providers.downloads/cache/metadata-288.htm
07-05 14:16:10.866   545 11329 I DownloadManager: in removeSpuriousFiles, preserving file /data/data/com.android.providers.downloads/cache/metadata-883.htm
07-05 14:16:10.866   545 11329 I DownloadManager: in removeSpuriousFiles, preserving file /data/data/com.android.providers.downloads/cache/metadata-502.htm
07-05 14:16:10.866   545 11329 I DownloadManager: in removeSpuriousFiles, preserving file /data/data/com.android.providers.downloads/cache/metadata-516.htm
07-05 14:16:10.870   545 11329 I DownloadManager: in removeSpuriousFiles, preserving file /data/data/com.android.providers.downloads/cache/metadata-2058.htm
07-05 14:16:10.870   545 11329 I DownloadManager: in removeSpuriousFiles, preserving file /data/data/com.android.providers.downloads/cache/metadata-686.htm
07-05 14:16:10.870   545 11329 I DownloadManager: in removeSpuriousFiles, preserving file /data/data/com.android.providers.downloads/cache/metadata-906.htm
07-05 14:16:10.870   545 11329 I DownloadManager: in removeSpuriousFiles, preserving file /data/data/com.android.providers.downloads/cache/metadata-367.htm
07-05 14:16:10.870   545 11329 I DownloadManager: in removeSpuriousFiles, preserving file /data/data/com.android.providers.downloads/cache/metadata-92.htm
07-05 14:16:10.870   545 11329 I DownloadManager: in removeSpuriousFiles, preserving file /data/data/com.android.providers.downloads/cache/metadata-1020.htm
07-05 14:16:10.874   545 11329 I DownloadManager: in removeSpuriousFiles, preserving file /data/data/com.android.providers.downloads/cache/metadata-1040.htm
07-05 14:16:10.874   545 11329 I DownloadManager: in removeSpuriousFiles, preserving file /data/data/com.android.providers.downloads/cache/metadata-985.htm
07-05 14:16:10.874   545 11329 I DownloadManager: in removeSpuriousFiles, preserving file /data/data/com.android.providers.downloads/cache/metadata-1472.htm
07-05 14:16:10.874   545 11329 I DownloadManager: in removeSpuriousFiles, preserving file /data/data/com.android.providers.downloads/cache/metadata-704.htm
07-05 14:16:10.874   545 11329 I DownloadManager: in removeSpuriousFiles, preserving file /data/data/com.android.providers.downloads/cache/metadata-2080.htm
07-05 14:16:10.878   545 11329 I DownloadManager: in removeSpuriousFiles, preserving file /data/data/com.android.providers.downloads/cache/metadata-2185.htm
07-05 14:16:10.878   545 11329 I DownloadManager: in removeSpuriousFiles, preserving file /data/data/com.android.providers.downloads/cache/metadata-1187.htm
07-05 14:16:10.878   545 11329 I DownloadManager: in removeSpuriousFiles, preserving file /data/data/com.android.providers.downloads/cache/metadata-1249.htm
07-05 14:16:10.878   545 11329 I DownloadManager: in removeSpuriousFiles, preserving file /data/data/com.android.providers.downloads/cache/metadata-552.htm
07-05 14:16:10.882   545 11329 I DownloadManager: in removeSpuriousFiles, preserving file /data/data/com.android.providers.downloads/cache/metadata-684.htm
07-05 14:16:10.882   545 11329 I DownloadManager: in removeSpuriousFiles, preserving file /data/data/com.android.providers.downloads/cache/metadata-1947.htm
07-05 14:16:10.882   545 11329 I DownloadManager: in removeSpuriousFiles, preserving file /data/data/com.android.providers.downloads/cache/metadata-963.htm
07-05 14:16:10.882   545 11329 I DownloadManager: in removeSpuriousFiles, preserving file /data/data/com.android.providers.downloads/cache/metadata-1332.htm
07-05 14:16:10.882   545 11329 I DownloadManager: in removeSpuriousFiles, preserving file /data/data/com.android.providers.downloads/cache/metadata-1634.htm
07-05 14:16:10.886   545 11329 I DownloadManager: in removeSpuriousFiles, preserving file /data/data/com.android.providers.downloads/cache/metadata-984.htm
07-05 14:16:10.886   545 11329 I DownloadManager: in removeSpuriousFiles, preserving file /data/data/com.android.providers.downloads/cache/metadata-745.htm
07-05 14:16:10.886   545 11329 I DownloadManager: in removeSpuriousFiles, preserving file /data/data/com.android.providers.downloads/cache/metadata-620.htm
07-05 14:16:10.889   545 11329 I DownloadManager: in removeSpuriousFiles, preserving file /data/data/com.android.providers.downloads/cache/metadata-716.htm
07-05 14:16:10.889   545 11329 I DownloadManager: in removeSpuriousFiles, preserving file /data/data/com.android.providers.downloads/cache/metadata-243.htm
07-05 14:16:10.889   545 11329 I DownloadManager: in removeSpuriousFiles, preserving file /data/data/com.android.providers.downloads/cache/metadata-1754.htm
07-05 14:16:10.889   545 11329 I DownloadManager: in removeSpuriousFiles, preserving file /data/data/com.android.providers.downloads/cache/metadata-1270.htm
07-05 14:16:10.893   545 11329 I DownloadManager: in removeSpuriousFiles, preserving file /data/data/com.android.providers.downloads/cache/metadata-766.htm
07-05 14:16:10.893   545 11329 I DownloadManager: in removeSpuriousFiles, preserving file /data/data/com.android.providers.downloads/cache/metadata-323.htm
07-05 14:16:10.893   545 11329 I DownloadManager: in removeSpuriousFiles, preserving file /data/data/com.android.providers.downloads/cache/metadata-33.htm
07-05 14:16:10.893   545 11329 I DownloadManager: in removeSpuriousFiles, preserving file /data/data/com.android.providers.downloads/cache/metadata-3.htm
07-05 14:16:10.893   545 11329 I DownloadManager: in removeSpuriousFiles, preserving file /data/data/com.android.providers.downloads/cache/metadata-27.htm
07-05 14:16:10.893   545 11329 I DownloadManager: in removeSpuriousFiles, preserving file /data/data/com.android.providers.downloads/cache/metadata-14.htm
07-05 14:16:10.893   545 11329 I DownloadManager: in removeSpuriousFiles, preserving file /data/data/com.android.providers.downloads/cache/metadata-274.htm
07-05 14:16:10.893   545 11329 I DownloadManager: in removeSpuriousFiles, preserving file /data/data/com.android.providers.downloads/cache/metadata-238.htm
07-05 14:16:10.893   545 11329 I DownloadManager: in removeSpuriousFiles, preserving file /data/data/com.android.providers.downloads/cache/metadata-30.htm
07-05 14:16:10.893   545 11329 I DownloadManager: in removeSpuriousFiles, preserving file /data/data/com.android.providers.downloads/cache/metadata-155.htm
07-05 14:16:10.893   545 11329 I DownloadManager: in removeSpuriousFiles, preserving file /data/data/com.android.providers.downloads/cache/metadata-304.htm
07-05 14:16:10.893   545 11329 I DownloadManager: in removeSpuriousFiles, preserving file /data/data/com.android.providers.downloads/cache/metadata-373.htm
07-05 14:16:10.893   545 11329 I DownloadManager: in removeSpuriousFiles, preserving file /data/data/com.android.providers.downloads/cache/metadata-137.htm
07-05 14:16:10.893   545 11329 I DownloadManager: in removeSpuriousFiles, preserving file /data/data/com.android.providers.downloads/cache/metadata-318.htm
07-05 14:16:10.893   545 11329 I DownloadManager: in removeSpuriousFiles, preserving file /data/data/com.android.providers.downloads/cache/metadata-65.htm
07-05 14:16:10.893   545 11329 I DownloadManager: in removeSpuriousFiles, preserving file /data/data/com.android.providers.downloads/cache/metadata-369.htm
07-05 14:16:10.893   545 11329 I DownloadManager: in removeSpuriousFiles, preserving file /data/data/com.android.providers.downloads/cache/metadata-66.htm
07-05 14:16:10.893   545 11329 I DownloadManager: in removeSpuriousFiles, preserving file /data/data/com.android.providers.downloads/cache/metadata-162.htm
07-05 14:16:10.897   545 11329 I DownloadManager: in removeSpuriousFiles, preserving file /data/data/com.android.providers.downloads/cache/metadata-424.htm
07-05 14:16:10.897   545 11329 I DownloadManager: in removeSpuriousFiles, preserving file /data/data/com.android.providers.downloads/cache/metadata-242.htm
07-05 14:16:10.897   545 11329 I DownloadManager: in removeSpuriousFiles, preserving file /data/data/com.android.providers.downloads/cache/metadata-1519.htm
07-05 14:16:10.897   545 11329 I DownloadManager: in removeSpuriousFiles, preserving file /data/data/com.android.providers.downloads/cache/metadata-266.htm
07-05 14:16:10.897   545 11329 I DownloadManager: in removeSpuriousFiles, preserving file /data/data/com.android.providers.downloads/cache/metadata-191.htm
07-05 14:16:10.897   545 11329 I DownloadManager: in removeSpuriousFiles, preserving file /data/data/com.android.providers.downloads/cache/metadata-152.htm
07-05 14:16:10.897   545 11329 I DownloadManager: in removeSpuriousFiles, preserving file /data/data/com.android.providers.downloads/cache/metadata-275.htm
07-05 14:16:10.897   545 11329 I DownloadManager: in removeSpuriousFiles, preserving file /data/data/com.android.providers.downloads/cache/metadata-392.htm
07-05 14:16:10.897   545 11329 I DownloadManager: in removeSpuriousFiles, preserving file /data/data/com.android.providers.downloads/cache/metadata-451.htm
07-05 14:16:10.897   545 11329 I DownloadManager: in removeSpuriousFiles, preserving file /data/data/com.android.providers.downloads/cache/metadata-128.htm
07-05 14:16:10.897   545 11329 I DownloadManager: in removeSpuriousFiles, preserving file /data/data/com.android.providers.downloads/cache/metadata-2251.htm
07-05 14:16:10.897   545 11329 I DownloadManager: in removeSpuriousFiles, preserving file /data/data/com.android.providers.downloads/cache/metadata-321.htm
07-05 14:16:10.897   545 11329 I DownloadManager: in removeSpuriousFiles, preserving file /data/data/com.android.providers.downloads/cache/metadata-404.htm
07-05 14:16:10.897   545 11329 I DownloadManager: in removeSpuriousFiles, preserving file /data/data/com.android.providers.downloads/cache/metadata-333.htm
07-05 14:16:10.897   545 11329 I DownloadManager: in removeSpuriousFiles, preserving file /data/data/com.android.providers.downloads/cache/metadata-1123.htm
07-05 14:16:10.897   545 11329 I DownloadManager: in removeSpuriousFiles, preserving file /data/data/com.android.providers.downloads/cache/metadata-271.htm
07-05 14:16:10.901   545 11329 I DownloadManager: in removeSpuriousFiles, preserving file /data/data/com.android.providers.downloads/cache/metadata-381.htm
07-05 14:16:10.901   545 11329 I DownloadManager: in removeSpuriousFiles, preserving file /data/data/com.android.providers.downloads/cache/metadata-357.htm
07-05 14:16:10.901   545 11329 I DownloadManager: in removeSpuriousFiles, preserving file /data/data/com.android.providers.downloads/cache/metadata-465.htm
07-05 14:16:10.901   545 11329 I DownloadManager: in removeSpuriousFiles, preserving file /data/data/com.android.providers.downloads/cache/metadata-390.htm
07-05 14:16:10.901   545 11329 I DownloadManager: in removeSpuriousFiles, preserving file /data/data/com.android.providers.downloads/cache/metadata-1614.htm
07-05 14:16:10.901   545 11329 I DownloadManager: in removeSpuriousFiles, preserving file /data/data/com.android.providers.downloads/cache/metadata-1186.htm
07-05 14:16:10.901   545 11329 I DownloadManager: in removeSpuriousFiles, preserving file /data/data/com.android.providers.downloads/cache/metadata-313.htm
07-05 14:16:10.901   545 11329 I DownloadManager: in removeSpuriousFiles, preserving file /data/data/com.android.providers.downloads/cache/metadata-429.htm
07-05 14:16:10.901   545 11329 I DownloadManager: in removeSpuriousFiles, preserving file /data/data/com.android.providers.downloads/cache/metadata-618.htm
07-05 14:16:10.901   545 11329 I DownloadManager: in removeSpuriousFiles, preserving file /data/data/com.android.providers.downloads/cache/metadata-380.htm
07-05 14:16:10.901   545 11329 I DownloadManager: in removeSpuriousFiles, preserving file /data/data/com.android.providers.downloads/cache/metadata-1190.htm
07-05 14:16:10.901   545 11329 I DownloadManager: in removeSpuriousFiles, preserving file /data/data/com.android.providers.downloads/cache/metadata-1795.htm
07-05 14:16:10.901   545 11329 I DownloadManager: in removeSpuriousFiles, preserving file /data/data/com.android.providers.downloads/cache/metadata-343.htm
07-05 14:16:10.905   545 11329 I DownloadManager: in removeSpuriousFiles, preserving file /data/data/com.android.providers.downloads/cache/metadata-500.htm
07-05 14:16:10.905   545 11329 I DownloadManager: in removeSpuriousFiles, preserving file /data/data/com.android.providers.downloads/cache/metadata-459.htm
07-05 14:16:10.905   545 11329 I DownloadManager: in removeSpuriousFiles, preserving file /data/data/com.android.providers.downloads/cache/metadata-411.htm
07-05 14:16:10.905   545 11329 I DownloadManager: in removeSpuriousFiles, preserving file /data/data/com.android.providers.downloads/cache/metadata-461.htm
07-05 14:16:10.905   545 11329 I DownloadManager: in removeSpuriousFiles, preserving file /data/data/com.android.providers.downloads/cache/metadata-239.htm
07-05 14:16:10.905   545 11329 I DownloadManager: in removeSpuriousFiles, preserving file /data/data/com.android.providers.downloads/cache/metadata-798.htm
07-05 14:16:10.905   545 11329 I DownloadManager: in removeSpuriousFiles, preserving file /data/data/com.android.providers.downloads/cache/metadata-203.htm
07-05 14:16:10.905   545 11329 I DownloadManager: in removeSpuriousFiles, preserving file /data/data/com.android.providers.downloads/cache/metadata-296.htm
07-05 14:16:10.905   545 11329 I DownloadManager: in removeSpuriousFiles, preserving file /data/data/com.android.providers.downloads/cache/metadata-441.htm
07-05 14:16:10.905   545 11329 I DownloadManager: in removeSpuriousFiles, preserving file /data/data/com.android.providers.downloads/cache/metadata-311.htm
07-05 14:16:10.905   545 11329 I DownloadManager: in removeSpuriousFiles, preserving file /data/data/com.android.providers.downloads/cache/metadata-494.htm
07-05 14:16:10.905   545 11329 I DownloadManager: in removeSpuriousFiles, preserving file /data/data/com.android.providers.downloads/cache/metadata-401.htm
07-05 14:16:10.913   545 11329 I DownloadManager: in removeSpuriousFiles, preserving file /data/data/com.android.providers.downloads/cache/metadata-354.htm
07-05 14:16:10.913   545 11329 I DownloadManager: in removeSpuriousFiles, preserving file /data/data/com.android.providers.downloads/cache/metadata-1975.htm
07-05 14:16:10.913   545 11329 I DownloadManager: in removeSpuriousFiles, preserving file /data/data/com.android.providers.downloads/cache/metadata-979.htm
07-05 14:16:10.913   545 11329 I DownloadManager: in removeSpuriousFiles, preserving file /data/data/com.android.providers.downloads/cache/metadata-408.htm
07-05 14:16:10.913   545 11329 I DownloadManager: in removeSpuriousFiles, preserving file /data/data/com.android.providers.downloads/cache/metadata-1921.htm
07-05 14:16:10.913   545 11329 I DownloadManager: in removeSpuriousFiles, preserving file /data/data/com.android.providers.downloads/cache/metadata-486.htm
07-05 14:16:10.913   545 11329 I DownloadManager: in removeSpuriousFiles, preserving file /data/data/com.android.providers.downloads/cache/metadata-440.htm
07-05 14:16:10.913   545 11329 I DownloadManager: in removeSpuriousFiles, preserving file /data/data/com.android.providers.downloads/cache/metadata-517.htm
07-05 14:16:10.913   545 11329 I DownloadManager: in removeSpuriousFiles, preserving file /data/data/com.android.providers.downloads/cache/metadata-548.htm
07-05 14:16:10.913   545 11329 I DownloadManager: in removeSpuriousFiles, preserving file /data/data/com.android.providers.downloads/cache/metadata-1373.htm
07-05 14:16:10.917   545 11329 I DownloadManager: in removeSpuriousFiles, preserving file /data/data/com.android.providers.downloads/cache/metadata-1174.htm
07-05 14:16:10.917   545 11329 I DownloadManager: in removeSpuriousFiles, preserving file /data/data/com.android.providers.downloads/cache/metadata-286.htm
07-05 14:16:10.917   545 11329 I DownloadManager: in removeSpuriousFiles, preserving file /data/data/com.android.providers.downloads/cache/metadata-1261.htm
07-05 14:16:10.917   545 11329 I DownloadManager: in removeSpuriousFiles, preserving file /data/data/com.android.providers.downloads/cache/metadata-700.htm
07-05 14:16:10.917   545 11329 I DownloadManager: in removeSpuriousFiles, preserving file /data/data/com.android.providers.downloads/cache/metadata-426.htm
07-05 14:16:10.917   545 11329 I DownloadManager: in removeSpuriousFiles, preserving file /data/data/com.android.providers.downloads/cache/metadata-1256.htm
07-05 14:16:10.917   545 11329 I DownloadManager: in removeSpuriousFiles, preserving file /data/data/com.android.providers.downloads/cache/metadata-1773.htm
07-05 14:16:10.917   545 11329 I DownloadManager: in removeSpuriousFiles, preserving file /data/data/com.android.providers.downloads/cache/metadata-589.htm
07-05 14:16:10.917   545 11329 I DownloadManager: in removeSpuriousFiles, preserving file /data/data/com.android.providers.downloads/cache/metadata-1446.htm
07-05 14:16:10.917   545 11329 I DownloadManager: in removeSpuriousFiles, preserving file /data/data/com.android.providers.downloads/cache/metadata-655.htm
07-05 14:16:10.921   545 11329 I DownloadManager: in removeSpuriousFiles, preserving file /data/data/com.android.providers.downloads/cache/metadata-860.htm
07-05 14:16:10.921   545 11329 I DownloadManager: in removeSpuriousFiles, preserving file /data/data/com.android.providers.downloads/cache/metadata-1513.htm
07-05 14:16:10.921   545 11329 I DownloadManager: in removeSpuriousFiles, preserving file /data/data/com.android.providers.downloads/cache/metadata-777.htm
07-05 14:16:10.921   545 11329 I DownloadManager: in removeSpuriousFiles, preserving file /data/data/com.android.providers.downloads/cache/metadata-453.htm
07-05 14:16:10.921   545 11329 I DownloadManager: in removeSpuriousFiles, preserving file /data/data/com.android.providers.downloads/cache/metadata-432.htm
07-05 14:16:10.921   545 11329 I DownloadManager: in removeSpuriousFiles, preserving file /data/data/com.android.providers.downloads/cache/metadata-613.htm
07-05 14:16:10.921   545 11329 I DownloadManager: in removeSpuriousFiles, preserving file /data/data/com.android.providers.downloads/cache/metadata-1464.htm
07-05 14:16:10.921   545 11329 I DownloadManager: in removeSpuriousFiles, preserving file /data/data/com.android.providers.downloads/cache/metadata-717.htm
07-05 14:16:10.925   545 11329 I DownloadManager: in removeSpuriousFiles, preserving file /data/data/com.android.providers.downloads/cache/metadata-508.htm
07-05 14:16:10.964   545   548 D dalvikvm: GC_CONCURRENT freed 460K, 7% free 10918K/11719K, paused 2ms+6ms
07-05 14:16:10.964   545 11329 I DownloadManager: in removeSpuriousFiles, preserving file /data/data/com.android.providers.downloads/cache/metadata-1120.htm
07-05 14:16:10.964   545 11329 I DownloadManager: in removeSpuriousFiles, preserving file /data/data/com.android.providers.downloads/cache/metadata-1410.htm
07-05 14:16:10.964   545 11329 I DownloadManager: in removeSpuriousFiles, preserving file /data/data/com.android.providers.downloads/cache/metadata-518.htm
07-05 14:16:10.964   545 11329 I DownloadManager: in removeSpuriousFiles, preserving file /data/data/com.android.providers.downloads/cache/metadata-272.htm
07-05 14:16:10.964   545 11329 I DownloadManager: in removeSpuriousFiles, preserving file /data/data/com.android.providers.downloads/cache/metadata-370.htm
07-05 14:16:10.968   545 11329 I DownloadManager: in removeSpuriousFiles, preserving file /data/data/com.android.providers.downloads/cache/metadata-146.htm
07-05 14:16:10.968   545 11329 I DownloadManager: in removeSpuriousFiles, preserving file /data/data/com.android.providers.downloads/cache/metadata-356.htm
07-05 14:16:10.968   545 11329 I DownloadManager: in removeSpuriousFiles, preserving file /data/data/com.android.providers.downloads/cache/metadata-998.htm
07-05 14:16:10.968   545 11329 I DownloadManager: in removeSpuriousFiles, preserving file /data/data/com.android.providers.downloads/cache/metadata-1611.htm
07-05 14:16:10.968   545 11329 I DownloadManager: in removeSpuriousFiles, preserving file /data/data/com.android.providers.downloads/cache/metadata-627.htm
07-05 14:16:10.968   545 11329 I DownloadManager: in removeSpuriousFiles, preserving file /data/data/com.android.providers.downloads/cache/metadata-1165.htm
07-05 14:16:10.968   545 11329 I DownloadManager: in removeSpuriousFiles, preserving file /data/data/com.android.providers.downloads/cache/metadata-1268.htm
07-05 14:16:10.971   545 11329 I DownloadManager: in removeSpuriousFiles, preserving file /data/data/com.android.providers.downloads/cache/metadata-1084.htm
07-05 14:16:10.971   545 11329 I DownloadManager: in removeSpuriousFiles, preserving file /data/data/com.android.providers.downloads/cache/metadata-119.htm
07-05 14:16:10.971   545 11329 I DownloadManager: in removeSpuriousFiles, preserving file /data/data/com.android.providers.downloads/cache/metadata-1213.htm
07-05 14:16:10.971   545 11329 I DownloadManager: in removeSpuriousFiles, preserving file /data/data/com.android.providers.downloads/cache/metadata-1404.htm
07-05 14:16:10.971   545 11329 I DownloadManager: in removeSpuriousFiles, preserving file /data/data/com.android.providers.downloads/cache/metadata-1459.htm
07-05 14:16:10.971   545 11329 I DownloadManager: in removeSpuriousFiles, preserving file /data/data/com.android.providers.downloads/cache/metadata-977.htm
07-05 14:16:10.975   545 11329 I DownloadManager: in removeSpuriousFiles, preserving file /data/data/com.android.providers.downloads/cache/metadata-2089.htm
07-05 14:16:10.975   545 11329 I DownloadManager: in removeSpuriousFiles, preserving file /data/data/com.android.providers.downloads/cache/metadata-537.htm
07-05 14:16:10.975   545 11329 I DownloadManager: in removeSpuriousFiles, preserving file /data/data/com.android.providers.downloads/cache/metadata-1413.htm
07-05 14:16:10.975   545 11329 I DownloadManager: in removeSpuriousFiles, preserving file /data/data/com.android.providers.downloads/cache/metadata-870.htm
07-05 14:16:10.975   545 11329 I DownloadManager: in removeSpuriousFiles, preserving file /data/data/com.android.providers.downloads/cache/metadata-1131.htm
07-05 14:16:10.979   545 11329 I DownloadManager: in removeSpuriousFiles, preserving file /data/data/com.android.providers.downloads/cache/metadata-1762.htm
07-05 14:16:10.979   545 11329 I DownloadManager: in removeSpuriousFiles, preserving file /data/data/com.android.providers.downloads/cache/metadata-460.htm
07-05 14:16:10.979   545 11329 I DownloadManager: in removeSpuriousFiles, preserving file /data/data/com.android.providers.downloads/cache/metadata-463.htm
07-05 14:16:10.979   545 11329 I DownloadManager: in removeSpuriousFiles, preserving file /data/data/com.android.providers.downloads/cache/metadata-1299.htm
07-05 14:16:10.983   545 11329 I DownloadManager: in removeSpuriousFiles, preserving file /data/data/com.android.providers.downloads/cache/metadata-853.htm
07-05 14:16:10.983   545 11329 I DownloadManager: in removeSpuriousFiles, preserving file /data/data/com.android.providers.downloads/cache/metadata-504.htm
07-05 14:16:10.983   545 11329 I DownloadManager: in removeSpuriousFiles, preserving file /data/data/com.android.providers.downloads/cache/metadata-617.htm
07-05 14:16:10.983   545 11329 I DownloadManager: in removeSpuriousFiles, preserving file /data/data/com.android.providers.downloads/cache/metadata-1161.htm
07-05 14:16:10.987   545 11329 I DownloadManager: in removeSpuriousFiles, preserving file /data/data/com.android.providers.downloads/cache/metadata-2086.htm
07-05 14:16:10.987   545 11329 I DownloadManager: in removeSpuriousFiles, preserving file /data/data/com.android.providers.downloads/cache/metadata-819.htm
07-05 14:16:10.987   545 11329 I DownloadManager: in removeSpuriousFiles, preserving file /data/data/com.android.providers.downloads/cache/metadata-621.htm
07-05 14:16:10.987   545 11329 I DownloadManager: in removeSpuriousFiles, preserving file /data/data/com.android.providers.downloads/cache/metadata-1671.htm
07-05 14:16:10.991   545 11329 I DownloadManager: in removeSpuriousFiles, preserving file /data/data/com.android.providers.downloads/cache/metadata-364.htm
07-05 14:16:10.991   545 11329 I DownloadManager: in removeSpuriousFiles, preserving file /data/data/com.android.providers.downloads/cache/metadata-478.htm
07-05 14:16:10.991   545 11329 I DownloadManager: in removeSpuriousFiles, preserving file /data/data/com.android.providers.downloads/cache/metadata.htm
07-05 14:16:10.991   545 11329 I DownloadManager: in removeSpuriousFiles, preserving file /data/data/com.android.providers.downloads/cache/metadata-178.htm
07-05 14:16:10.991   545 11329 I DownloadManager: in removeSpuriousFiles, preserving file /data/data/com.android.providers.downloads/cache/metadata-1428.htm
07-05 14:16:10.991   545 11329 I DownloadManager: in removeSpuriousFiles, preserving file /data/data/com.android.providers.downloads/cache/metadata-6.htm
07-05 14:16:10.991   545 11329 I DownloadManager: in removeSpuriousFiles, preserving file /data/data/com.android.providers.downloads/cache/metadata-167.htm
07-05 14:16:10.991   545 11329 I DownloadManager: in removeSpuriousFiles, preserving file /data/data/com.android.providers.downloads/cache/metadata-18.htm
07-05 14:16:10.991   545 11329 I DownloadManager: in removeSpuriousFiles, preserving file /data/data/com.android.providers.downloads/cache/metadata-213.htm
07-05 14:16:10.991   545 11329 I DownloadManager: in removeSpuriousFiles, preserving file /data/data/com.android.providers.downloads/cache/metadata-29.htm
07-05 14:16:10.991   545 11329 I DownloadManager: in removeSpuriousFiles, preserving file /data/data/com.android.providers.downloads/cache/metadata-438.htm
07-05 14:16:10.991   545 11329 I DownloadManager: in removeSpuriousFiles, preserving file /data/data/com.android.providers.downloads/cache/metadata-165.htm
07-05 14:16:10.991   545 11329 I DownloadManager: in removeSpuriousFiles, preserving file /data/data/com.android.providers.downloads/cache/metadata-338.htm
07-05 14:16:10.991   545 11329 I DownloadManager: in removeSpuriousFiles, preserving file /data/data/com.android.providers.downloads/cache/metadata-179.htm
07-05 14:16:10.995   545 11329 I DownloadManager: in removeSpuriousFiles, preserving file /data/data/com.android.providers.downloads/cache/metadata-204.htm
07-05 14:16:10.995   545 11329 I DownloadManager: in removeSpuriousFiles, preserving file /data/data/com.android.providers.downloads/cache/metadata-316.htm
07-05 14:16:10.995   545 11329 I DownloadManager: in removeSpuriousFiles, preserving file /data/data/com.android.providers.downloads/cache/metadata-287.htm
07-05 14:16:10.995   545 11329 I DownloadManager: in removeSpuriousFiles, preserving file /data/data/com.android.providers.downloads/cache/metadata-377.htm
07-05 14:16:10.995   545 11329 I DownloadManager: in removeSpuriousFiles, preserving file /data/data/com.android.providers.downloads/cache/metadata-86.htm
07-05 14:16:10.995   545 11329 I DownloadManager: in removeSpuriousFiles, preserving file /data/data/com.android.providers.downloads/cache/metadata-106.htm
07-05 14:16:10.995   545 11329 I DownloadManager: in removeSpuriousFiles, preserving file /data/data/com.android.providers.downloads/cache/metadata-330.htm
07-05 14:16:10.995   545 11329 I DownloadManager: in removeSpuriousFiles, preserving file /data/data/com.android.providers.downloads/cache/metadata-435.htm
07-05 14:16:10.995   545 11329 I DownloadManager: in removeSpuriousFiles, preserving file /data/data/com.android.providers.downloads/cache/metadata-396.htm
07-05 14:16:10.995   545 11329 I DownloadManager: in removeSpuriousFiles, preserving file /data/data/com.android.providers.downloads/cache/metadata-2141.htm
07-05 14:16:10.995   545 11329 I DownloadManager: in removeSpuriousFiles, preserving file /data/data/com.android.providers.downloads/cache/metadata-568.htm
07-05 14:16:10.995   545 11329 I DownloadManager: in removeSpuriousFiles, preserving file /data/data/com.android.providers.downloads/cache/metadata-189.htm
07-05 14:16:10.995   545 11329 I DownloadManager: in removeSpuriousFiles, preserving file /data/data/com.android.providers.downloads/cache/metadata-498.htm
07-05 14:16:10.995   545 11329 I DownloadManager: in removeSpuriousFiles, preserving file /data/data/com.android.providers.downloads/cache/metadata-228.htm
07-05 14:16:10.995   545 11329 I DownloadManager: in removeSpuriousFiles, preserving file /data/data/com.android.providers.downloads/cache/metadata-246.htm
07-05 14:16:10.995   545 11329 I DownloadManager: in removeSpuriousFiles, preserving file /data/data/com.android.providers.downloads/cache/metadata-173.htm
07-05 14:16:10.995   545 11329 I DownloadManager: in removeSpuriousFiles, preserving file /data/data/com.android.providers.downloads/cache/metadata-236.htm
07-05 14:16:10.999   545 11329 I DownloadManager: in removeSpuriousFiles, preserving file /data/data/com.android.providers.downloads/cache/metadata-346.htm
07-05 14:16:10.999   545 11329 I DownloadManager: in removeSpuriousFiles, preserving file /data/data/com.android.providers.downloads/cache/metadata-1835.htm
07-05 14:16:10.999   545 11329 I DownloadManager: in removeSpuriousFiles, preserving file /data/data/com.android.providers.downloads/cache/metadata-256.htm
07-05 14:16:10.999   545 11329 I DownloadManager: in removeSpuriousFiles, preserving file /data/data/com.android.providers.downloads/cache/metadata-1509.htm
07-05 14:16:10.999   545 11329 I DownloadManager: in removeSpuriousFiles, preserving file /data/data/com.android.providers.downloads/cache/metadata-472.htm
07-05 14:16:10.999   545 11329 I DownloadManager: in removeSpuriousFiles, preserving file /data/data/com.android.providers.downloads/cache/metadata-1144.htm
07-05 14:16:10.999   545 11329 I DownloadManager: in removeSpuriousFiles, preserving file /data/data/com.android.providers.downloads/cache/metadata-422.htm
07-05 14:16:11.003   545 11329 I DownloadManager: in removeSpuriousFiles, preserving file /data/data/com.android.providers.downloads/cache/metadata-1286.htm
07-05 14:16:11.003   545 11329 I DownloadManager: in removeSpuriousFiles, preserving file /data/data/com.android.providers.downloads/cache/metadata-382.htm
07-05 14:16:11.003   545 11329 I DownloadManager: in removeSpuriousFiles, preserving file /data/data/com.android.providers.downloads/cache/metadata-835.htm
07-05 14:16:11.003   545 11329 I DownloadManager: in removeSpuriousFiles, preserving file /data/data/com.android.providers.downloads/cache/metadata-154.htm
07-05 14:16:11.003   545 11329 I DownloadManager: in removeSpuriousFiles, preserving file /data/data/com.android.providers.downloads/cache/metadata-509.htm
07-05 14:16:11.003   545 11329 I DownloadManager: in removeSpuriousFiles, preserving file /data/data/com.android.providers.downloads/cache/metadata-473.htm
07-05 14:16:11.003   545 11329 I DownloadManager: in removeSpuriousFiles, preserving file /data/data/com.android.providers.downloads/cache/metadata-1531.htm
07-05 14:16:11.003   545 11329 I DownloadManager: in removeSpuriousFiles, preserving file /data/data/com.android.providers.downloads/cache/metadata-592.htm
07-05 14:16:11.003   545 11329 I DownloadManager: in removeSpuriousFiles, preserving file /data/data/com.android.providers.downloads/cache/metadata-358.htm
07-05 14:16:11.003   545 11329 I DownloadManager: in removeSpuriousFiles, preserving file /data/data/com.android.providers.downloads/cache/metadata-417.htm
07-05 14:16:11.003   545 11329 I DownloadManager: in removeSpuriousFiles, preserving file /data/data/com.android.providers.downloads/cache/metadata-190.htm
07-05 14:16:11.003   545 11329 I DownloadManager: in removeSpuriousFiles, preserving file /data/data/com.android.providers.downloads/cache/metadata-1018.htm
07-05 14:16:11.003   545 11329 I DownloadManager: in removeSpuriousFiles, preserving file /data/data/com.android.providers.downloads/cache/metadata-603.htm
07-05 14:16:11.007   545 11329 I DownloadManager: in removeSpuriousFiles, preserving file /data/data/com.android.providers.downloads/cache/metadata-264.htm
07-05 14:16:11.007   545 11329 I DownloadManager: in removeSpuriousFiles, preserving file /data/data/com.android.providers.downloads/cache/metadata-582.htm
07-05 14:16:11.007   545 11329 I DownloadManager: in removeSpuriousFiles, preserving file /data/data/com.android.providers.downloads/cache/metadata-1080.htm
07-05 14:16:11.007   545 11329 I DownloadManager: in removeSpuriousFiles, preserving file /data/data/com.android.providers.downloads/cache/metadata-406.htm
07-05 14:16:11.007   545 11329 I DownloadManager: in removeSpuriousFiles, preserving file /data/data/com.android.providers.downloads/cache/metadata-485.htm
07-05 14:16:11.007   545 11329 I DownloadManager: in removeSpuriousFiles, preserving file /data/data/com.android.providers.downloads/cache/metadata-1377.htm
07-05 14:16:11.007   545 11329 I DownloadManager: in removeSpuriousFiles, preserving file /data/data/com.android.providers.downloads/cache/metadata-469.htm
07-05 14:16:11.007   545 11329 I DownloadManager: in removeSpuriousFiles, preserving file /data/data/com.android.providers.downloads/cache/metadata-1524.htm
07-05 14:16:11.007   545 11329 I DownloadManager: in removeSpuriousFiles, preserving file /data/data/com.android.providers.downloads/cache/metadata-492.htm
07-05 14:16:11.007   545 11329 I DownloadManager: in removeSpuriousFiles, preserving file /data/data/com.android.providers.downloads/cache/metadata-622.htm
07-05 14:16:11.007   545 11329 I DownloadManager: in removeSpuriousFiles, preserving file /data/data/com.android.providers.downloads/cache/metadata-1045.htm
07-05 14:16:11.007   545 11329 I DownloadManager: in removeSpuriousFiles, preserving file /data/data/com.android.providers.downloads/cache/metadata-2226.htm
07-05 14:16:11.011   545 11329 I DownloadManager: in removeSpuriousFiles, preserving file /data/data/com.android.providers.downloads/cache/metadata-479.htm
07-05 14:16:11.011   545 11329 I DownloadManager: in removeSpuriousFiles, preserving file /data/data/com.android.providers.downloads/cache/metadata-677.htm
07-05 14:16:11.011   545 11329 I DownloadManager: in removeSpuriousFiles, preserving file /data/data/com.android.providers.downloads/cache/metadata-1720.htm
07-05 14:16:11.011   545 11329 I DownloadManager: in removeSpuriousFiles, preserving file /data/data/com.android.providers.downloads/cache/metadata-2155.htm
07-05 14:16:11.011   545 11329 I DownloadManager: in removeSpuriousFiles, preserving file /data/data/com.android.providers.downloads/cache/metadata-361.htm
07-05 14:16:11.011   545 11329 I DownloadManager: in removeSpuriousFiles, preserving file /data/data/com.android.providers.downloads/cache/metadata-410.htm
07-05 14:16:11.011   545 11329 I DownloadManager: in removeSpuriousFiles, preserving file /data/data/com.android.providers.downloads/cache/metadata-484.htm
07-05 14:16:11.011   545 11329 I DownloadManager: in removeSpuriousFiles, preserving file /data/data/com.android.providers.downloads/cache/metadata-476.htm
07-05 14:16:11.011   545 11329 I DownloadManager: in removeSpuriousFiles, preserving file /data/data/com.android.providers.downloads/cache/metadata-457.htm
07-05 14:16:11.011   545 11329 I DownloadManager: in removeSpuriousFiles, preserving file /data/data/com.android.providers.downloads/cache/metadata-753.htm
07-05 14:16:11.014   545 11329 I DownloadManager: in removeSpuriousFiles, preserving file /data/data/com.android.providers.downloads/cache/metadata-293.htm
07-05 14:16:11.014   545 11329 I DownloadManager: in removeSpuriousFiles, preserving file /data/data/com.android.providers.downloads/cache/metadata-895.htm
07-05 14:16:11.014   545 11329 I DownloadManager: in removeSpuriousFiles, preserving file /data/data/com.android.providers.downloads/cache/metadata-558.htm
07-05 14:16:11.014   545 11329 I DownloadManager: in removeSpuriousFiles, preserving file /data/data/com.android.providers.downloads/cache/metadata-536.htm
07-05 14:16:11.014   545 11329 I DownloadManager: in removeSpuriousFiles, preserving file /data/data/com.android.providers.downloads/cache/metadata-1308.htm
07-05 14:16:11.014   545 11329 I DownloadManager: in removeSpuriousFiles, preserving file /data/data/com.android.providers.downloads/cache/metadata-402.htm
07-05 14:16:11.014   545 11329 I DownloadManager: in removeSpuriousFiles, preserving file /data/data/com.android.providers.downloads/cache/metadata-507.htm
07-05 14:16:11.014   545 11329 I DownloadManager: in removeSpuriousFiles, preserving file /data/data/com.android.providers.downloads/cache/metadata-1337.htm
07-05 14:16:11.014   545 11329 I DownloadManager: in removeSpuriousFiles, preserving file /data/data/com.android.providers.downloads/cache/metadata-510.htm
07-05 14:16:11.018   545 11329 I DownloadManager: in removeSpuriousFiles, preserving file /data/data/com.android.providers.downloads/cache/metadata-363.htm
07-05 14:16:11.018   545 11329 I DownloadManager: in removeSpuriousFiles, preserving file /data/data/com.android.providers.downloads/cache/metadata-570.htm
07-05 14:16:11.018   545 11329 I DownloadManager: in removeSpuriousFiles, preserving file /data/data/com.android.providers.downloads/cache/metadata-2318.htm
07-05 14:16:11.018   545 11329 I DownloadManager: in removeSpuriousFiles, preserving file /data/data/com.android.providers.downloads/cache/metadata-524.htm
07-05 14:16:11.018   545 11329 I DownloadManager: in removeSpuriousFiles, preserving file /data/data/com.android.providers.downloads/cache/metadata-1994.htm
07-05 14:16:11.018   545 11329 I DownloadManager: in removeSpuriousFiles, preserving file /data/data/com.android.providers.downloads/cache/metadata-1277.htm
07-05 14:16:11.018   545 11329 I DownloadManager: in removeSpuriousFiles, preserving file /data/data/com.android.providers.downloads/cache/metadata-1923.htm
07-05 14:16:11.018   545 11329 I DownloadManager: in removeSpuriousFiles, preserving file /data/data/com.android.providers.downloads/cache/metadata-1195.htm
07-05 14:16:11.018   545 11329 I DownloadManager: in removeSpuriousFiles, preserving file /data/data/com.android.providers.downloads/cache/metadata-1501.htm
07-05 14:16:11.022   545 11329 I DownloadManager: in removeSpuriousFiles, preserving file /data/data/com.android.providers.downloads/cache/metadata-514.htm
07-05 14:16:11.022   545 11329 I DownloadManager: in removeSpuriousFiles, preserving file /data/data/com.android.providers.downloads/cache/metadata-3040.htm
07-05 14:16:11.022   545 11329 I DownloadManager: in removeSpuriousFiles, preserving file /data/data/com.android.providers.downloads/cache/metadata-2035.htm
07-05 14:16:11.022   545 11329 I DownloadManager: in removeSpuriousFiles, preserving file /data/data/com.android.providers.downloads/cache/metadata-535.htm
07-05 14:16:11.022   545 11329 I DownloadManager: in removeSpuriousFiles, preserving file /data/data/com.android.providers.downloads/cache/metadata-1874.htm
07-05 14:16:11.022   545 11329 I DownloadManager: in removeSpuriousFiles, preserving file /data/data/com.android.providers.downloads/cache/metadata-2048.htm
07-05 14:16:11.022   545 11329 I DownloadManager: in removeSpuriousFiles, preserving file /data/data/com.android.providers.downloads/cache/metadata-1583.htm
07-05 14:16:11.022   545 11329 I DownloadManager: in removeSpuriousFiles, preserving file /data/data/com.android.providers.downloads/cache/metadata-490.htm
07-05 14:16:11.026   545 11329 I DownloadManager: in removeSpuriousFiles, preserving file /data/data/com.android.providers.downloads/cache/metadata-720.htm
07-05 14:16:11.026   545 11329 I DownloadManager: in removeSpuriousFiles, preserving file /data/data/com.android.providers.downloads/cache/metadata-84.htm
07-05 14:16:11.026   545 11329 I DownloadManager: in removeSpuriousFiles, preserving file /data/data/com.android.providers.downloads/cache/metadata-523.htm
07-05 14:16:11.026   545 11329 I DownloadManager: in removeSpuriousFiles, preserving file /data/data/com.android.providers.downloads/cache/metadata-280.htm
07-05 14:16:11.026   545 11329 I DownloadManager: in removeSpuriousFiles, preserving file /data/data/com.android.providers.downloads/cache/metadata-1555.htm
07-05 14:16:11.026   545 11329 I DownloadManager: in removeSpuriousFiles, preserving file /data/data/com.android.providers.downloads/cache/metadata-859.htm
07-05 14:16:11.026   545 11329 I DownloadManager: in removeSpuriousFiles, preserving file /data/data/com.android.providers.downloads/cache/metadata-1167.htm
07-05 14:16:11.030   545 11329 I DownloadManager: in removeSpuriousFiles, preserving file /data/data/com.android.providers.downloads/cache/metadata-2379.htm
07-05 14:16:11.030   545 11329 I DownloadManager: in removeSpuriousFiles, preserving file /data/data/com.android.providers.downloads/cache/metadata-493.htm
07-05 14:16:11.030   545 11329 I DownloadManager: in removeSpuriousFiles, preserving file /data/data/com.android.providers.downloads/cache/metadata-405.htm
07-05 14:16:11.030   545 11329 I DownloadManager: in removeSpuriousFiles, preserving file /data/data/com.android.providers.downloads/cache/metadata-632.htm
07-05 14:16:11.030   545 11329 I DownloadManager: in removeSpuriousFiles, preserving file /data/data/com.android.providers.downloads/cache/metadata-270.htm
07-05 14:16:11.030   545 11329 I DownloadManager: in removeSpuriousFiles, preserving file /data/data/com.android.providers.downloads/cache/metadata-1904.htm
07-05 14:16:11.034   545 11329 I DownloadManager: in removeSpuriousFiles, preserving file /data/data/com.android.providers.downloads/cache/metadata-477.htm
07-05 14:16:11.038   545 11329 I DownloadManager: in removeSpuriousFiles, preserving file /data/data/com.android.providers.downloads/cache/metadata-579.htm
07-05 14:16:11.038   545 11329 I DownloadManager: in removeSpuriousFiles, preserving file /data/data/com.android.providers.downloads/cache/metadata-952.htm
07-05 14:16:11.038   545 11329 I DownloadManager: in removeSpuriousFiles, preserving file /data/data/com.android.providers.downloads/cache/metadata-1333.htm
07-05 14:16:11.038   545 11329 I DownloadManager: in removeSpuriousFiles, preserving file /data/data/com.android.providers.downloads/cache/metadata-966.htm
07-05 14:16:11.038   545 11329 I DownloadManager: in removeSpuriousFiles, preserving file /data/data/com.android.providers.downloads/cache/metadata-648.htm
07-05 14:16:11.042   545 11329 I DownloadManager: in removeSpuriousFiles, preserving file /data/data/com.android.providers.downloads/cache/metadata-1469.htm
07-05 14:16:11.042   545 11329 I DownloadManager: in removeSpuriousFiles, preserving file /data/data/com.android.providers.downloads/cache/metadata-808.htm
07-05 14:16:11.042   545 11329 I DownloadManager: in removeSpuriousFiles, preserving file /data/data/com.android.providers.downloads/cache/metadata-1041.htm
07-05 14:16:11.042   545 11329 I DownloadManager: in removeSpuriousFiles, preserving file /data/data/com.android.providers.downloads/cache/metadata-1543.htm
07-05 14:16:11.042   545 11329 I DownloadManager: in removeSpuriousFiles, preserving file /data/data/com.android.providers.downloads/cache/metadata-1784.htm
07-05 14:16:11.046   545 11329 I DownloadManager: in removeSpuriousFiles, preserving file /data/data/com.android.providers.downloads/cache/metadata-1255.htm
07-05 14:16:11.046   545 11329 I DownloadManager: in removeSpuriousFiles, preserving file /data/data/com.android.providers.downloads/cache/metadata-909.htm
07-05 14:16:11.046   545 11329 I DownloadManager: in removeSpuriousFiles, preserving file /data/data/com.android.providers.downloads/cache/metadata-953.htm
07-05 14:16:11.046   545 11329 I DownloadManager: in removeSpuriousFiles, preserving file /data/data/com.android.providers.downloads/cache/metadata-4.htm
07-05 14:16:11.046   545 11329 I DownloadManager: in removeSpuriousFiles, preserving file /data/data/com.android.providers.downloads/cache/metadata-19.htm
07-05 14:16:11.046   545 11329 I DownloadManager: in removeSpuriousFiles, preserving file /data/data/com.android.providers.downloads/cache/metadata-308.htm
07-05 14:16:11.046   545 11329 I DownloadManager: in removeSpuriousFiles, preserving file /data/data/com.android.providers.downloads/cache/metadata-2.htm
07-05 14:16:11.046   545 11329 I DownloadManager: in removeSpuriousFiles, preserving file /data/data/com.android.providers.downloads/cache/metadata-13.htm
07-05 14:16:11.046   545 11329 I DownloadManager: in removeSpuriousFiles, preserving file /data/data/com.android.providers.downloads/cache/metadata-28.htm
07-05 14:16:11.046   545 11329 I DownloadManager: in removeSpuriousFiles, preserving file /data/data/com.android.providers.downloads/cache/metadata-23.htm
07-05 14:16:11.046   545 11329 I DownloadManager: in removeSpuriousFiles, preserving file /data/data/com.android.providers.downloads/cache/metadata-35.htm
07-05 14:16:11.046   545 11329 I DownloadManager: in removeSpuriousFiles, preserving file /data/data/com.android.providers.downloads/cache/metadata-46.htm
07-05 14:16:11.046   545 11329 I DownloadManager: in removeSpuriousFiles, preserving file /data/data/com.android.providers.downloads/cache/metadata-69.htm
07-05 14:16:11.050   545 11329 I DownloadManager: in removeSpuriousFiles, preserving file /data/data/com.android.providers.downloads/cache/metadata-285.htm
07-05 14:16:11.050   545 11329 I DownloadManager: in removeSpuriousFiles, preserving file /data/data/com.android.providers.downloads/cache/metadata-49.htm
07-05 14:16:11.050   545 11329 I DownloadManager: in removeSpuriousFiles, preserving file /data/data/com.android.providers.downloads/cache/metadata-267.htm
07-05 14:16:11.050   545 11329 I DownloadManager: in removeSpuriousFiles, preserving file /data/data/com.android.providers.downloads/cache/metadata-290.htm
07-05 14:16:11.050   545 11329 I DownloadManager: in removeSpuriousFiles, preserving file /data/data/com.android.providers.downloads/cache/metadata-607.htm
07-05 14:16:11.050   545 11329 I DownloadManager: in removeSpuriousFiles, preserving file /data/data/com.android.providers.downloads/cache/metadata-534.htm
07-05 14:16:11.050   545 11329 I DownloadManager: in removeSpuriousFiles, preserving file /data/data/com.android.providers.downloads/cache/metadata-56.htm
07-05 14:16:11.050   545 11329 I DownloadManager: in removeSpuriousFiles, preserving file /data/data/com.android.providers.downloads/cache/metadata-471.htm
07-05 14:16:11.050   545 11329 I DownloadManager: in removeSpuriousFiles, preserving file /data/data/com.android.providers.downloads/cache/metadata-1142.htm
07-05 14:16:11.050   545 11329 I DownloadManager: in removeSpuriousFiles, preserving file /data/data/com.android.providers.downloads/cache/metadata-309.htm
07-05 14:16:11.050   545 11329 I DownloadManager: in removeSpuriousFiles, preserving file /data/data/com.android.providers.downloads/cache/metadata-253.htm
07-05 14:16:11.050   545 11329 I DownloadManager: in removeSpuriousFiles, preserving file /data/data/com.android.providers.downloads/cache/metadata-1388.htm
07-05 14:16:11.050   545 11329 I DownloadManager: in removeSpuriousFiles, preserving file /data/data/com.android.providers.downloads/cache/metadata-962.htm
07-05 14:16:11.050   545 11329 I DownloadManager: in removeSpuriousFiles, preserving file /data/data/com.android.providers.downloads/cache/metadata-134.htm
07-05 14:16:11.050   545 11329 I DownloadManager: in removeSpuriousFiles, preserving file /data/data/com.android.providers.downloads/cache/metadata-449.htm
07-05 14:16:11.050   545 11329 I DownloadManager: in removeSpuriousFiles, preserving file /data/data/com.android.providers.downloads/cache/metadata-258.htm
07-05 14:16:11.050   545 11329 I DownloadManager: in removeSpuriousFiles, preserving file /data/data/com.android.providers.downloads/cache/metadata-200.htm
07-05 14:16:11.053   545 11329 I DownloadManager: in removeSpuriousFiles, preserving file /data/data/com.android.providers.downloads/cache/metadata-2170.htm
07-05 14:16:11.053   545 11329 I DownloadManager: in removeSpuriousFiles, preserving file /data/data/com.android.providers.downloads/cache/metadata-95.htm
07-05 14:16:11.053   545 11329 I DownloadManager: in removeSpuriousFiles, preserving file /data/data/com.android.providers.downloads/cache/metadata-223.htm
07-05 14:16:11.053   545 11329 I DownloadManager: in removeSpuriousFiles, preserving file /data/data/com.android.providers.downloads/cache/metadata-936.htm
07-05 14:16:11.053   545 11329 I DownloadManager: in removeSpuriousFiles, preserving file /data/data/com.android.providers.downloads/cache/metadata-110.htm
07-05 14:16:11.053   545 11329 I DownloadManager: in removeSpuriousFiles, preserving file /data/data/com.android.providers.downloads/cache/metadata-389.htm
07-05 14:16:11.053   545 11329 I DownloadManager: in removeSpuriousFiles, preserving file /data/data/com.android.providers.downloads/cache/metadata-279.htm
07-05 14:16:11.053   545 11329 I DownloadManager: in removeSpuriousFiles, preserving file /data/data/com.android.providers.downloads/cache/metadata-2055.htm
07-05 14:16:11.053   545 11329 I DownloadManager: in removeSpuriousFiles, preserving file /data/data/com.android.providers.downloads/cache/metadata-553.htm
07-05 14:16:11.053   545 11329 I DownloadManager: in removeSpuriousFiles, preserving file /data/data/com.android.providers.downloads/cache/metadata-444.htm
07-05 14:16:11.053   545 11329 I DownloadManager: in removeSpuriousFiles, preserving file /data/data/com.android.providers.downloads/cache/metadata-520.htm
07-05 14:16:11.053   545 11329 I DownloadManager: in removeSpuriousFiles, preserving file /data/data/com.android.providers.downloads/cache/metadata-384.htm
07-05 14:16:11.053   545 11329 I DownloadManager: in removeSpuriousFiles, preserving file /data/data/com.android.providers.downloads/cache/metadata-456.htm
07-05 14:16:11.053   545 11329 I DownloadManager: in removeSpuriousFiles, preserving file /data/data/com.android.providers.downloads/cache/metadata-448.htm
07-05 14:16:11.057   545 11329 I DownloadManager: in removeSpuriousFiles, preserving file /data/data/com.android.providers.downloads/cache/metadata-122.htm
07-05 14:16:11.057   545 11329 I DownloadManager: in removeSpuriousFiles, preserving file /data/data/com.android.providers.downloads/cache/metadata-195.htm
07-05 14:16:11.057   545 11329 I DownloadManager: in removeSpuriousFiles, preserving file /data/data/com.android.providers.downloads/cache/metadata-452.htm
07-05 14:16:11.057   545 11329 I DownloadManager: in removeSpuriousFiles, preserving file /data/data/com.android.providers.downloads/cache/metadata-454.htm
07-05 14:16:11.057   545 11329 I DownloadManager: in removeSpuriousFiles, preserving file /data/data/com.android.providers.downloads/cache/metadata-433.htm
07-05 14:16:11.057   545 11329 I DownloadManager: in removeSpuriousFiles, preserving file /data/data/com.android.providers.downloads/cache/metadata-98.htm
07-05 14:16:11.057   545 11329 I DownloadManager: in removeSpuriousFiles, preserving file /data/data/com.android.providers.downloads/cache/metadata-337.htm
07-05 14:16:11.057   545 11329 I DownloadManager: in removeSpuriousFiles, preserving file /data/data/com.android.providers.downloads/cache/metadata-1061.htm
07-05 14:16:11.057   545 11329 I DownloadManager: in removeSpuriousFiles, preserving file /data/data/com.android.providers.downloads/cache/metadata-282.htm
07-05 14:16:11.057   545 11329 I DownloadManager: in removeSpuriousFiles, preserving file /data/data/com.android.providers.downloads/cache/metadata-74.htm
07-05 14:16:11.057   545 11329 I DownloadManager: in removeSpuriousFiles, preserving file /data/data/com.android.providers.downloads/cache/metadata-697.htm
07-05 14:16:11.057   545 11329 I DownloadManager: in removeSpuriousFiles, preserving file /data/data/com.android.providers.downloads/cache/metadata-685.htm
07-05 14:16:11.057   545 11329 I DownloadManager: in removeSpuriousFiles, preserving file /data/data/com.android.providers.downloads/cache/metadata-2020.htm
07-05 14:16:11.061   545 11329 I DownloadManager: in removeSpuriousFiles, preserving file /data/data/com.android.providers.downloads/cache/metadata-1597.htm
07-05 14:16:11.061   545 11329 I DownloadManager: in removeSpuriousFiles, preserving file /data/data/com.android.providers.downloads/cache/metadata-628.htm
07-05 14:16:11.061   545 11329 I DownloadManager: in removeSpuriousFiles, preserving file /data/data/com.android.providers.downloads/cache/metadata-2484.htm
07-05 14:16:11.061   545 11329 I DownloadManager: in removeSpuriousFiles, preserving file /data/data/com.android.providers.downloads/cache/metadata-1442.htm
07-05 14:16:11.061   545 11329 I DownloadManager: in removeSpuriousFiles, preserving file /data/data/com.android.providers.downloads/cache/metadata-807.htm
07-05 14:16:11.061   545 11329 I DownloadManager: in removeSpuriousFiles, preserving file /data/data/com.android.providers.downloads/cache/metadata-260.htm
07-05 14:16:11.061   545 11329 I DownloadManager: in removeSpuriousFiles, preserving file /data/data/com.android.providers.downloads/cache/metadata-378.htm
07-05 14:16:11.061   545 11329 I DownloadManager: in removeSpuriousFiles, preserving file /data/data/com.android.providers.downloads/cache/metadata-1350.htm
07-05 14:16:11.061   545 11329 I DownloadManager: in removeSpuriousFiles, preserving file /data/data/com.android.providers.downloads/cache/metadata-2337.htm
07-05 14:16:11.061   545 11329 I DownloadManager: in removeSpuriousFiles, preserving file /data/data/com.android.providers.downloads/cache/metadata-571.htm
07-05 14:16:11.061   545 11329 I DownloadManager: in removeSpuriousFiles, preserving file /data/data/com.android.providers.downloads/cache/metadata-693.htm
07-05 14:16:11.061   545 11329 I DownloadManager: in removeSpuriousFiles, preserving file /data/data/com.android.providers.downloads/cache/metadata-554.htm
07-05 14:16:11.065   545 11329 I DownloadManager: in removeSpuriousFiles, preserving file /data/data/com.android.providers.downloads/cache/metadata-244.htm
07-05 14:16:11.065   545 11329 I DownloadManager: in removeSpuriousFiles, preserving file /data/data/com.android.providers.downloads/cache/metadata-1318.htm
07-05 14:16:11.065   545 11329 I DownloadManager: in removeSpuriousFiles, preserving file /data/data/com.android.providers.downloads/cache/metadata-679.htm
07-05 14:16:11.065   545 11329 I DownloadManager: in removeSpuriousFiles, preserving file /data/data/com.android.providers.downloads/cache/metadata-355.htm
07-05 14:16:11.065   545 11329 I DownloadManager: in removeSpuriousFiles, preserving file /data/data/com.android.providers.downloads/cache/metadata-1189.htm
07-05 14:16:11.065   545 11329 I DownloadManager: in removeSpuriousFiles, preserving file /data/data/com.android.providers.downloads/cache/metadata-391.htm
07-05 14:16:11.065   545 11329 I DownloadManager: in removeSpuriousFiles, preserving file /data/data/com.android.providers.downloads/cache/metadata-533.htm
07-05 14:16:11.065   545 11329 I DownloadManager: in removeSpuriousFiles, preserving file /data/data/com.android.providers.downloads/cache/metadata-2024.htm
07-05 14:16:11.065   545 11329 I DownloadManager: in removeSpuriousFiles, preserving file /data/data/com.android.providers.downloads/cache/metadata-563.htm
07-05 14:16:11.065   545 11329 I DownloadManager: in removeSpuriousFiles, preserving file /data/data/com.android.providers.downloads/cache/metadata-423.htm
07-05 14:16:11.065   545 11329 I DownloadManager: in removeSpuriousFiles, preserving file /data/data/com.android.providers.downloads/cache/metadata-588.htm
07-05 14:16:11.069   545 11329 I DownloadManager: in removeSpuriousFiles, preserving file /data/data/com.android.providers.downloads/cache/metadata-2022.htm
07-05 14:16:11.069   545 11329 I DownloadManager: in removeSpuriousFiles, preserving file /data/data/com.android.providers.downloads/cache/metadata-1454.htm
07-05 14:16:11.069   545 11329 I DownloadManager: in removeSpuriousFiles, preserving file /data/data/com.android.providers.downloads/cache/metadata-577.htm
07-05 14:16:11.069   545 11329 I DownloadManager: in removeSpuriousFiles, preserving file /data/data/com.android.providers.downloads/cache/metadata-111.htm
07-05 14:16:11.069   545 11329 I DownloadManager: in removeSpuriousFiles, preserving file /data/data/com.android.providers.downloads/cache/metadata-1929.htm
07-05 14:16:11.069   545 11329 I DownloadManager: in removeSpuriousFiles, preserving file /data/data/com.android.providers.downloads/cache/metadata-2322.htm
07-05 14:16:11.069   545 11329 I DownloadManager: in removeSpuriousFiles, preserving file /data/data/com.android.providers.downloads/cache/metadata-302.htm
07-05 14:16:11.069   545 11329 I DownloadManager: in removeSpuriousFiles, preserving file /data/data/com.android.providers.downloads/cache/metadata-1284.htm
07-05 14:16:11.069   545 11329 I DownloadManager: in removeSpuriousFiles, preserving file /data/data/com.android.providers.downloads/cache/metadata-974.htm
07-05 14:16:11.069   545 11329 I DownloadManager: in removeSpuriousFiles, preserving file /data/data/com.android.providers.downloads/cache/metadata-1517.htm
07-05 14:16:11.073   545 11329 I DownloadManager: in removeSpuriousFiles, preserving file /data/data/com.android.providers.downloads/cache/metadata-1162.htm
07-05 14:16:11.073   545 11329 I DownloadManager: in removeSpuriousFiles, preserving file /data/data/com.android.providers.downloads/cache/metadata-1179.htm
07-05 14:16:11.073   545 11329 I DownloadManager: in removeSpuriousFiles, preserving file /data/data/com.android.providers.downloads/cache/metadata-662.htm
07-05 14:16:11.073   545 11329 I DownloadManager: in removeSpuriousFiles, preserving file /data/data/com.android.providers.downloads/cache/metadata-689.htm
07-05 14:16:11.073   545 11329 I DownloadManager: in removeSpuriousFiles, preserving file /data/data/com.android.providers.downloads/cache/metadata-339.htm
07-05 14:16:11.073   545 11329 I DownloadManager: in removeSpuriousFiles, preserving file /data/data/com.android.providers.downloads/cache/metadata-591.htm
07-05 14:16:11.073   545 11329 I DownloadManager: in removeSpuriousFiles, preserving file /data/data/com.android.providers.downloads/cache/metadata-487.htm
07-05 14:16:11.073   545 11329 I DownloadManager: in removeSpuriousFiles, preserving file /data/data/com.android.providers.downloads/cache/metadata-1054.htm
07-05 14:16:11.073   545 11329 I DownloadManager: in removeSpuriousFiles, preserving file /data/data/com.android.providers.downloads/cache/metadata-833.htm
07-05 14:16:11.077   545 11329 I DownloadManager: in removeSpuriousFiles, preserving file /data/data/com.android.providers.downloads/cache/metadata-595.htm
07-05 14:16:11.077   545 11329 I DownloadManager: in removeSpuriousFiles, preserving file /data/data/com.android.providers.downloads/cache/metadata-566.htm
07-05 14:16:11.077   545 11329 I DownloadManager: in removeSpuriousFiles, preserving file /data/data/com.android.providers.downloads/cache/metadata-728.htm
07-05 14:16:11.077   545 11329 I DownloadManager: in removeSpuriousFiles, preserving file /data/data/com.android.providers.downloads/cache/metadata-1269.htm
07-05 14:16:11.077   545 11329 I DownloadManager: in removeSpuriousFiles, preserving file /data/data/com.android.providers.downloads/cache/metadata-1744.htm
07-05 14:16:11.077   545 11329 I DownloadManager: in removeSpuriousFiles, preserving file /data/data/com.android.providers.downloads/cache/metadata-3026.htm
07-05 14:16:11.077   545 11329 I DownloadManager: in removeSpuriousFiles, preserving file /data/data/com.android.providers.downloads/cache/metadata-740.htm
07-05 14:16:11.077   545 11329 I DownloadManager: in removeSpuriousFiles, preserving file /data/data/com.android.providers.downloads/cache/metadata-968.htm
07-05 14:16:11.081   545 11329 I DownloadManager: in removeSpuriousFiles, preserving file /data/data/com.android.providers.downloads/cache/metadata-458.htm
07-05 14:16:11.081   545 11329 I DownloadManager: in removeSpuriousFiles, preserving file /data/data/com.android.providers.downloads/cache/metadata-1273.htm
07-05 14:16:11.081   545 11329 I DownloadManager: in removeSpuriousFiles, preserving file /data/data/com.android.providers.downloads/cache/metadata-1586.htm
07-05 14:16:11.081   545 11329 I DownloadManager: in removeSpuriousFiles, preserving file /data/data/com.android.providers.downloads/cache/metadata-2291.htm
07-05 14:16:11.081   545 11329 I DownloadManager: in removeSpuriousFiles, preserving file /data/data/com.android.providers.downloads/cache/metadata-1010.htm
07-05 14:16:11.081   545 11329 I DownloadManager: in removeSpuriousFiles, preserving file /data/data/com.android.providers.downloads/cache/metadata-1172.htm
07-05 14:16:11.081   545 11329 I DownloadManager: in removeSpuriousFiles, preserving file /data/data/com.android.providers.downloads/cache/metadata-1450.htm
07-05 14:16:11.085   545 11329 I DownloadManager: in removeSpuriousFiles, preserving file /data/data/com.android.providers.downloads/cache/metadata-1857.htm
07-05 14:16:11.085   545 11329 I DownloadManager: in removeSpuriousFiles, preserving file /data/data/com.android.providers.downloads/cache/metadata-1209.htm
07-05 14:16:11.085   545 11329 I DownloadManager: in removeSpuriousFiles, preserving file /data/data/com.android.providers.downloads/cache/metadata-2801.htm
07-05 14:16:11.085   545 11329 I DownloadManager: in removeSpuriousFiles, preserving file /data/data/com.android.providers.downloads/cache/metadata-813.htm
07-05 14:16:11.085   545 11329 I DownloadManager: in removeSpuriousFiles, preserving file /data/data/com.android.providers.downloads/cache/metadata-1083.htm
07-05 14:16:11.085   545 11329 I DownloadManager: in removeSpuriousFiles, preserving file /data/data/com.android.providers.downloads/cache/metadata-574.htm
07-05 14:16:11.085   545 11329 I DownloadManager: in removeSpuriousFiles, preserving file /data/data/com.android.providers.downloads/cache/metadata-1390.htm
07-05 14:16:11.089   545 11329 I DownloadManager: in removeSpuriousFiles, preserving file /data/data/com.android.providers.downloads/cache/metadata-2266.htm
07-05 14:16:11.089   545 11329 I DownloadManager: in removeSpuriousFiles, preserving file /data/data/com.android.providers.downloads/cache/metadata-512.htm
07-05 14:16:11.089   545 11329 I DownloadManager: in removeSpuriousFiles, preserving file /data/data/com.android.providers.downloads/cache/metadata-1896.htm
07-05 14:16:11.089   545 11329 I DownloadManager: in removeSpuriousFiles, preserving file /data/data/com.android.providers.downloads/cache/metadata-855.htm
07-05 14:16:11.089   545 11329 I DownloadManager: in removeSpuriousFiles, preserving file /data/data/com.android.providers.downloads/cache/metadata-9.htm
07-05 14:16:11.089   545 11329 I DownloadManager: in removeSpuriousFiles, preserving file /data/data/com.android.providers.downloads/cache/metadata-34.htm
07-05 14:16:11.089   545 11329 I DownloadManager: in removeSpuriousFiles, preserving file /data/data/com.android.providers.downloads/cache/metadata-8.htm
07-05 14:16:11.089   545 11329 I DownloadManager: in removeSpuriousFiles, preserving file /data/data/com.android.providers.downloads/cache/metadata-15.htm
07-05 14:16:11.089   545 11329 I DownloadManager: in removeSpuriousFiles, preserving file /data/data/com.android.providers.downloads/cache/metadata-36.htm
07-05 14:16:11.089   545 11329 I DownloadManager: in removeSpuriousFiles, preserving file /data/data/com.android.providers.downloads/cache/metadata-47.htm
07-05 14:16:11.089   545 11329 I DownloadManager: in removeSpuriousFiles, preserving file /data/data/com.android.providers.downloads/cache/metadata-420.htm
07-05 14:16:11.089   545 11329 I DownloadManager: in removeSpuriousFiles, preserving file /data/data/com.android.providers.downloads/cache/metadata-55.htm
07-05 14:16:11.089   545 11329 I DownloadManager: in removeSpuriousFiles, preserving file /data/data/com.android.providers.downloads/cache/metadata-431.htm
07-05 14:16:11.089   545 11329 I DownloadManager: in removeSpuriousFiles, preserving file /data/data/com.android.providers.downloads/cache/metadata-496.htm
07-05 14:16:11.093   545 11329 I DownloadManager: in removeSpuriousFiles, preserving file /data/data/com.android.providers.downloads/cache/metadata-41.htm
07-05 14:16:11.093   545 11329 I DownloadManager: in removeSpuriousFiles, preserving file /data/data/com.android.providers.downloads/cache/metadata-559.htm
07-05 14:16:11.093   545 11329 I DownloadManager: in removeSpuriousFiles, preserving file /data/data/com.android.providers.downloads/cache/metadata-624.htm
07-05 14:16:11.093   545 11329 I DownloadManager: in removeSpuriousFiles, preserving file /data/data/com.android.providers.downloads/cache/metadata-58.htm
07-05 14:16:11.093   545 11329 I DownloadManager: in removeSpuriousFiles, preserving file /data/data/com.android.providers.downloads/cache/metadata-1290.htm
07-05 14:16:11.093   545 11329 I DownloadManager: in removeSpuriousFiles, preserving file /data/data/com.android.providers.downloads/cache/metadata-1901.htm
07-05 14:16:11.093   545 11329 I DownloadManager: in removeSpuriousFiles, preserving file /data/data/com.android.providers.downloads/cache/metadata-823.htm
07-05 14:16:11.093   545 11329 I DownloadManager: in removeSpuriousFiles, preserving file /data/data/com.android.providers.downloads/cache/metadata-575.htm
07-05 14:16:11.093   545 11329 I DownloadManager: in removeSpuriousFiles, preserving file /data/data/com.android.providers.downloads/cache/metadata-1177.htm
07-05 14:16:11.093   545 11329 I DownloadManager: in removeSpuriousFiles, preserving file /data/data/com.android.providers.downloads/cache/metadata-341.htm
07-05 14:16:11.093   545 11329 I DownloadManager: in removeSpuriousFiles, preserving file /data/data/com.android.providers.downloads/cache/metadata-564.htm
07-05 14:16:11.093   545 11329 I DownloadManager: in removeSpuriousFiles, preserving file /data/data/com.android.providers.downloads/cache/metadata-581.htm
07-05 14:16:11.093   545 11329 I DownloadManager: in removeSpuriousFiles, preserving file /data/data/com.android.providers.downloads/cache/metadata-549.htm
07-05 14:16:11.093   545 11329 I DownloadManager: in removeSpuriousFiles, preserving file /data/data/com.android.providers.downloads/cache/metadata-1115.htm
07-05 14:16:11.093   545 11329 I DownloadManager: in removeSpuriousFiles, preserving file /data/data/com.android.providers.downloads/cache/metadata-543.htm
07-05 14:16:11.093   545 11329 I DownloadManager: in removeSpuriousFiles, preserving file /data/data/com.android.providers.downloads/cache/metadata-1254.htm
07-05 14:16:11.093   545 11329 I DownloadManager: in removeSpuriousFiles, preserving file /data/data/com.android.providers.downloads/cache/metadata-214.htm
07-05 14:16:11.096   545 11329 I DownloadManager: in removeSpuriousFiles, preserving file /data/data/com.android.providers.downloads/cache/metadata-1248.htm
07-05 14:16:11.096   545 11329 I DownloadManager: in removeSpuriousFiles, preserving file /data/data/com.android.providers.downloads/cache/metadata-816.htm
07-05 14:16:11.096   545 11329 I DownloadManager: in removeSpuriousFiles, preserving file /data/data/com.android.providers.downloads/cache/metadata-464.htm
07-05 14:16:11.096   545 11329 I DownloadManager: in removeSpuriousFiles, preserving file /data/data/com.android.providers.downloads/cache/metadata-425.htm
07-05 14:16:11.096   545 11329 I DownloadManager: in removeSpuriousFiles, preserving file /data/data/com.android.providers.downloads/cache/metadata-376.htm
07-05 14:16:11.096   545 11329 I DownloadManager: in removeSpuriousFiles, preserving file /data/data/com.android.providers.downloads/cache/metadata-414.htm
07-05 14:16:11.096   545 11329 I DownloadManager: in removeSpuriousFiles, preserving file /data/data/com.android.providers.downloads/cache/metadata-1295.htm
07-05 14:16:11.096   545 11329 I DownloadManager: in removeSpuriousFiles, preserving file /data/data/com.android.providers.downloads/cache/metadata-928.htm
07-05 14:16:11.096   545 11329 I DownloadManager: in removeSpuriousFiles, preserving file /data/data/com.android.providers.downloads/cache/metadata-674.htm
07-05 14:16:11.096   545 11329 I DownloadManager: in removeSpuriousFiles, preserving file /data/data/com.android.providers.downloads/cache/metadata-964.htm
07-05 14:16:11.096   545 11329 I DownloadManager: in removeSpuriousFiles, preserving file /data/data/com.android.providers.downloads/cache/metadata-222.htm
07-05 14:16:11.096   545 11329 I DownloadManager: in removeSpuriousFiles, preserving file /data/data/com.android.providers.downloads/cache/metadata-545.htm
07-05 14:16:11.096   545 11329 I DownloadManager: in removeSpuriousFiles, preserving file /data/data/com.android.providers.downloads/cache/metadata-443.htm
07-05 14:16:11.096   545 11329 I DownloadManager: in removeSpuriousFiles, preserving file /data/data/com.android.providers.downloads/cache/metadata-342.htm
07-05 14:16:11.096   545 11329 I DownloadManager: in removeSpuriousFiles, preserving file /data/data/com.android.providers.downloads/cache/metadata-2310.htm
07-05 14:16:11.100   545 11329 I DownloadManager: in removeSpuriousFiles, preserving file /data/data/com.android.providers.downloads/cache/metadata-1199.htm
07-05 14:16:11.100   545 11329 I DownloadManager: in removeSpuriousFiles, preserving file /data/data/com.android.providers.downloads/cache/metadata-2476.htm
07-05 14:16:11.100   545 11329 I DownloadManager: in removeSpuriousFiles, preserving file /data/data/com.android.providers.downloads/cache/metadata-407.htm
07-05 14:16:11.100   545 11329 I DownloadManager: in removeSpuriousFiles, preserving file /data/data/com.android.providers.downloads/cache/metadata-631.htm
07-05 14:16:11.100   545 11329 I DownloadManager: in removeSpuriousFiles, preserving file /data/data/com.android.providers.downloads/cache/metadata-1006.htm
07-05 14:16:11.100   545 11329 I DownloadManager: in removeSpuriousFiles, preserving file /data/data/com.android.providers.downloads/cache/metadata-1349.htm
07-05 14:16:11.100   545 11329 I DownloadManager: in removeSpuriousFiles, preserving file /data/data/com.android.providers.downloads/cache/metadata-1686.htm
07-05 14:16:11.100   545 11329 I DownloadManager: in removeSpuriousFiles, preserving file /data/data/com.android.providers.downloads/cache/metadata-854.htm
07-05 14:16:11.100   545 11329 I DownloadManager: in removeSpuriousFiles, preserving file /data/data/com.android.providers.downloads/cache/metadata-131.htm
07-05 14:16:11.100   545 11329 I DownloadManager: in removeSpuriousFiles, preserving file /data/data/com.android.providers.downloads/cache/metadata-352.htm
07-05 14:16:11.100   545 11329 I DownloadManager: in removeSpuriousFiles, preserving file /data/data/com.android.providers.downloads/cache/metadata-630.htm
07-05 14:16:11.100   545 11329 I DownloadManager: in removeSpuriousFiles, preserving file /data/data/com.android.providers.downloads/cache/metadata-971.htm
07-05 14:16:11.100   545 11329 I DownloadManager: in removeSpuriousFiles, preserving file /data/data/com.android.providers.downloads/cache/metadata-1228.htm
07-05 14:16:11.104   545 11329 I DownloadManager: in removeSpuriousFiles, preserving file /data/data/com.android.providers.downloads/cache/metadata-278.htm
07-05 14:16:11.104   545 11329 I DownloadManager: in removeSpuriousFiles, preserving file /data/data/com.android.providers.downloads/cache/metadata-858.htm
07-05 14:16:11.104   545 11329 I DownloadManager: in removeSpuriousFiles, preserving file /data/data/com.android.providers.downloads/cache/metadata-826.htm
07-05 14:16:11.104   545 11329 I DownloadManager: in removeSpuriousFiles, preserving file /data/data/com.android.providers.downloads/cache/metadata-614.htm
07-05 14:16:11.104   545 11329 I DownloadManager: in removeSpuriousFiles, preserving file /data/data/com.android.providers.downloads/cache/metadata-434.htm
07-05 14:16:11.104   545 11329 I DownloadManager: in removeSpuriousFiles, preserving file /data/data/com.android.providers.downloads/cache/metadata-1022.htm
07-05 14:16:11.104   545 11329 I DownloadManager: in removeSpuriousFiles, preserving file /data/data/com.android.providers.downloads/cache/metadata-597.htm
07-05 14:16:11.104   545 11329 I DownloadManager: in removeSpuriousFiles, preserving file /data/data/com.android.providers.downloads/cache/metadata-166.htm
07-05 14:16:11.104   545 11329 I DownloadManager: in removeSpuriousFiles, preserving file /data/data/com.android.providers.downloads/cache/metadata-450.htm
07-05 14:16:11.104   545 11329 I DownloadManager: in removeSpuriousFiles, preserving file /data/data/com.android.providers.downloads/cache/metadata-1230.htm
07-05 14:16:11.104   545 11329 I DownloadManager: in removeSpuriousFiles, preserving file /data/data/com.android.providers.downloads/cache/metadata-1107.htm
07-05 14:16:11.108   545 11329 I DownloadManager: in removeSpuriousFiles, preserving file /data/data/com.android.providers.downloads/cache/metadata-1303.htm
07-05 14:16:11.108   545 11329 I DownloadManager: in removeSpuriousFiles, preserving file /data/data/com.android.providers.downloads/cache/metadata-393.htm
07-05 14:16:11.108   545 11329 I DownloadManager: in removeSpuriousFiles, preserving file /data/data/com.android.providers.downloads/cache/metadata-1058.htm
07-05 14:16:11.108   545 11329 I DownloadManager: in removeSpuriousFiles, preserving file /data/data/com.android.providers.downloads/cache/metadata-100.htm
07-05 14:16:11.108   545 11329 I DownloadManager: in removeSpuriousFiles, preserving file /data/data/com.android.providers.downloads/cache/metadata-530.htm
07-05 14:16:11.108   545 11329 I DownloadManager: in removeSpuriousFiles, preserving file /data/data/com.android.providers.downloads/cache/metadata-221.htm
07-05 14:16:11.108   545 11329 I DownloadManager: in removeSpuriousFiles, preserving file /data/data/com.android.providers.downloads/cache/metadata-455.htm
07-05 14:16:11.108   545 11329 I DownloadManager: in removeSpuriousFiles, preserving file /data/data/com.android.providers.downloads/cache/metadata-547.htm
07-05 14:16:11.108   545 11329 I DownloadManager: in removeSpuriousFiles, preserving file /data/data/com.android.providers.downloads/cache/metadata-1363.htm
07-05 14:16:11.108   545 11329 I DownloadManager: in removeSpuriousFiles, preserving file /data/data/com.android.providers.downloads/cache/metadata-1719.htm
07-05 14:16:11.108   545 11329 I DownloadManager: in removeSpuriousFiles, preserving file /data/data/com.android.providers.downloads/cache/metadata-1341.htm
07-05 14:16:11.116   545 11329 I DownloadManager: in removeSpuriousFiles, preserving file /data/data/com.android.providers.downloads/cache/metadata-1134.htm
07-05 14:16:11.116   545 11329 I DownloadManager: in removeSpuriousFiles, preserving file /data/data/com.android.providers.downloads/cache/metadata-1681.htm
07-05 14:16:11.116   545 11329 I DownloadManager: in removeSpuriousFiles, preserving file /data/data/com.android.providers.downloads/cache/metadata-542.htm
07-05 14:16:11.116   545 11329 I DownloadManager: in removeSpuriousFiles, preserving file /data/data/com.android.providers.downloads/cache/metadata-1905.htm
07-05 14:16:11.116   545 11329 I DownloadManager: in removeSpuriousFiles, preserving file /data/data/com.android.providers.downloads/cache/metadata-948.htm
07-05 14:16:11.116   545 11329 I DownloadManager: in removeSpuriousFiles, preserving file /data/data/com.android.providers.downloads/cache/metadata-668.htm
07-05 14:16:11.116   545 11329 I DownloadManager: in removeSpuriousFiles, preserving file /data/data/com.android.providers.downloads/cache/metadata-1062.htm
07-05 14:16:11.116   545 11329 I DownloadManager: in removeSpuriousFiles, preserving file /data/data/com.android.providers.downloads/cache/metadata-1546.htm
07-05 14:16:11.116   545 11329 I DownloadManager: in removeSpuriousFiles, preserving file /data/data/com.android.providers.downloads/cache/metadata-129.htm
07-05 14:16:11.116   545 11329 I DownloadManager: in removeSpuriousFiles, preserving file /data/data/com.android.providers.downloads/cache/metadata-981.htm
07-05 14:16:11.120   545 11329 I DownloadManager: in removeSpuriousFiles, preserving file /data/data/com.android.providers.downloads/cache/metadata-912.htm
07-05 14:16:11.120   545 11329 I DownloadManager: in removeSpuriousFiles, preserving file /data/data/com.android.providers.downloads/cache/metadata-1085.htm
07-05 14:16:11.120   545 11329 I DownloadManager: in removeSpuriousFiles, preserving file /data/data/com.android.providers.downloads/cache/metadata-942.htm
07-05 14:16:11.120   545 11329 I DownloadManager: in removeSpuriousFiles, preserving file /data/data/com.android.providers.downloads/cache/metadata-1076.htm
07-05 14:16:11.120   545 11329 I DownloadManager: in removeSpuriousFiles, preserving file /data/data/com.android.providers.downloads/cache/metadata-1237.htm
07-05 14:16:11.120   545 11329 I DownloadManager: in removeSpuriousFiles, preserving file /data/data/com.android.providers.downloads/cache/metadata-1418.htm
07-05 14:16:11.120   545 11329 I DownloadManager: in removeSpuriousFiles, preserving file /data/data/com.android.providers.downloads/cache/metadata-1310.htm
07-05 14:16:11.120   545 11329 I DownloadManager: in removeSpuriousFiles, preserving file /data/data/com.android.providers.downloads/cache/metadata-2162.htm
07-05 14:16:11.120   545 11329 I DownloadManager: in removeSpuriousFiles, preserving file /data/data/com.android.providers.downloads/cache/metadata-1402.htm
07-05 14:16:11.120   545 11329 I DownloadManager: in removeSpuriousFiles, preserving file /data/data/com.android.providers.downloads/cache/metadata-2900.htm
07-05 14:16:11.124   545 11329 I DownloadManager: in removeSpuriousFiles, preserving file /data/data/com.android.providers.downloads/cache/metadata-1108.htm
07-05 14:16:11.124   545 11329 I DownloadManager: in removeSpuriousFiles, preserving file /data/data/com.android.providers.downloads/cache/metadata-2225.htm
07-05 14:16:11.124   545 11329 I DownloadManager: in removeSpuriousFiles, preserving file /data/data/com.android.providers.downloads/cache/metadata-1366.htm
07-05 14:16:11.124   545 11329 I DownloadManager: in removeSpuriousFiles, preserving file /data/data/com.android.providers.downloads/cache/metadata-1264.htm
07-05 14:16:11.124   545 11329 I DownloadManager: in removeSpuriousFiles, preserving file /data/data/com.android.providers.downloads/cache/metadata-519.htm
07-05 14:16:11.124   545 11329 I DownloadManager: in removeSpuriousFiles, preserving file /data/data/com.android.providers.downloads/cache/metadata-596.htm
07-05 14:16:11.124   545 11329 I DownloadManager: in removeSpuriousFiles, preserving file /data/data/com.android.providers.downloads/cache/metadata-1345.htm
07-05 14:16:11.124   545 11329 I DownloadManager: in removeSpuriousFiles, preserving file /data/data/com.android.providers.downloads/cache/metadata-1285.htm
07-05 14:16:11.124   545 11329 I DownloadManager: in removeSpuriousFiles, preserving file /data/data/com.android.providers.downloads/cache/metadata-1624.htm
07-05 14:16:11.128   545 11329 I DownloadManager: in removeSpuriousFiles, preserving file /data/data/com.android.providers.downloads/cache/metadata-1092.htm
07-05 14:16:11.128   545 11329 I DownloadManager: in removeSpuriousFiles, preserving file /data/data/com.android.providers.downloads/cache/metadata-1417.htm
07-05 14:16:11.128   545 11329 I DownloadManager: in removeSpuriousFiles, preserving file /data/data/com.android.providers.downloads/cache/metadata-1257.htm
07-05 14:16:11.128   545 11329 I DownloadManager: in removeSpuriousFiles, preserving file /data/data/com.android.providers.downloads/cache/metadata-2700.htm
07-05 14:16:11.128   545 11329 I DownloadManager: in removeSpuriousFiles, preserving file /data/data/com.android.providers.downloads/cache/metadata-1043.htm
07-05 14:16:11.128   545 11329 I DownloadManager: in removeSpuriousFiles, preserving file /data/data/com.android.providers.downloads/cache/metadata-1576.htm
07-05 14:16:11.128   545 11329 I DownloadManager: in removeSpuriousFiles, preserving file /data/data/com.android.providers.downloads/cache/metadata-2785.htm
07-05 14:16:11.128   545 11329 I DownloadManager: in removeSpuriousFiles, preserving file /data/data/com.android.providers.downloads/cache/metadata-515.htm
07-05 14:16:11.132   545 11329 I DownloadManager: in removeSpuriousFiles, preserving file /data/data/com.android.providers.downloads/cache/metadata-2164.htm
07-05 14:16:11.132   545 11329 I DownloadManager: in removeSpuriousFiles, preserving file /data/data/com.android.providers.downloads/cache/metadata-584.htm
07-05 14:16:11.132   545 11329 I DownloadManager: in removeSpuriousFiles, preserving file /data/data/com.android.providers.downloads/cache/metadata-541.htm
07-05 14:16:11.132   545 11329 I DownloadManager: in removeSpuriousFiles, preserving file /data/data/com.android.providers.downloads/cache/metadata-1859.htm
07-05 14:16:11.132   545 11329 I DownloadManager: in removeSpuriousFiles, preserving file /data/data/com.android.providers.downloads/cache/metadata-1439.htm
07-05 14:16:11.136   545 11329 I DownloadManager: in removeSpuriousFiles, preserving file /data/data/com.android.providers.downloads/cache/metadata-2326.htm
07-05 14:16:11.136   545 11329 I DownloadManager: in removeSpuriousFiles, preserving file /data/data/com.android.providers.downloads/cache/metadata-778.htm
07-05 14:16:11.136   545 11329 I DownloadManager: in removeSpuriousFiles, preserving file /data/data/com.android.providers.downloads/cache/metadata-1278.htm
07-05 14:16:11.136   545 11329 I DownloadManager: in removeSpuriousFiles, preserving file /data/data/com.android.providers.downloads/cache/metadata-2860.htm
07-05 14:16:11.136   545 11329 I DownloadManager: in removeSpuriousFiles, preserving file /data/data/com.android.providers.downloads/cache/metadata-1389.htm
07-05 14:16:11.136   545 11329 I DownloadManager: in removeSpuriousFiles, preserving file /data/data/com.android.providers.downloads/cache/metadata-24.htm
07-05 14:16:11.136   545 11329 I DownloadManager: in removeSpuriousFiles, preserving file /data/data/com.android.providers.downloads/cache/metadata-54.htm
07-05 14:16:11.136   545 11329 I DownloadManager: in removeSpuriousFiles, preserving file /data/data/com.android.providers.downloads/cache/metadata-5.htm
07-05 14:16:11.136   545 11329 I DownloadManager: in removeSpuriousFiles, preserving file /data/data/com.android.providers.downloads/cache/metadata-16.htm
07-05 14:16:11.136   545 11329 I DownloadManager: in removeSpuriousFiles, preserving file /data/data/com.android.providers.downloads/cache/metadata-59.htm
07-05 14:16:11.139   545 11329 I DownloadManager: in removeSpuriousFiles, preserving file /data/data/com.android.providers.downloads/cache/metadata-21.htm
07-05 14:16:11.139   545 11329 I DownloadManager: in removeSpuriousFiles, preserving file /data/data/com.android.providers.downloads/cache/metadata-12.htm
07-05 14:16:11.139   545 11329 I DownloadManager: in removeSpuriousFiles, preserving file /data/data/com.android.providers.downloads/cache/metadata-1518.htm
07-05 14:16:11.139   545 11329 I DownloadManager: in removeSpuriousFiles, preserving file /data/data/com.android.providers.downloads/cache/metadata-511.htm
07-05 14:16:11.139   545 11329 I DownloadManager: in removeSpuriousFiles, preserving file /data/data/com.android.providers.downloads/cache/metadata-415.htm
07-05 14:16:11.139   545 11329 I DownloadManager: in removeSpuriousFiles, preserving file /data/data/com.android.providers.downloads/cache/metadata-22.htm
07-05 14:16:11.139   545 11329 I DownloadManager: in removeSpuriousFiles, preserving file /data/data/com.android.providers.downloads/cache/metadata-879.htm
07-05 14:16:11.139   545 11329 I DownloadManager: in removeSpuriousFiles, preserving file /data/data/com.android.providers.downloads/cache/metadata-1153.htm
07-05 14:16:11.139   545 11329 I DownloadManager: in removeSpuriousFiles, preserving file /data/data/com.android.providers.downloads/cache/metadata-503.htm
07-05 14:16:11.139   545 11329 I DownloadManager: in removeSpuriousFiles, preserving file /data/data/com.android.providers.downloads/cache/metadata-130.htm
07-05 14:16:11.139   545 11329 I DownloadManager: in removeSpuriousFiles, preserving file /data/data/com.android.providers.downloads/cache/metadata-421.htm
07-05 14:16:11.139   545 11329 I DownloadManager: in removeSpuriousFiles, preserving file /data/data/com.android.providers.downloads/cache/metadata-1239.htm
07-05 14:16:11.139   545 11329 I DownloadManager: in removeSpuriousFiles, preserving file /data/data/com.android.providers.downloads/cache/metadata-1970.htm
07-05 14:16:11.139   545 11329 I DownloadManager: in removeSpuriousFiles, preserving file /data/data/com.android.providers.downloads/cache/metadata-610.htm
07-05 14:16:11.139   545 11329 I DownloadManager: in removeSpuriousFiles, preserving file /data/data/com.android.providers.downloads/cache/metadata-539.htm
07-05 14:16:11.139   545 11329 I DownloadManager: in removeSpuriousFiles, preserving file /data/data/com.android.providers.downloads/cache/metadata-837.htm
07-05 14:16:11.139   545 11329 I DownloadManager: in removeSpuriousFiles, preserving file /data/data/com.android.providers.downloads/cache/metadata-11.htm
07-05 14:16:11.139   545 11329 I DownloadManager: in removeSpuriousFiles, preserving file /data/data/com.android.providers.downloads/cache/metadata-325.htm
07-05 14:16:11.139   545 11329 I DownloadManager: in removeSpuriousFiles, preserving file /data/data/com.android.providers.downloads/cache/metadata-1427.htm
07-05 14:16:11.139   545 11329 I DownloadManager: in removeSpuriousFiles, preserving file /data/data/com.android.providers.downloads/cache/metadata-586.htm
07-05 14:16:11.139   545 11329 I DownloadManager: in removeSpuriousFiles, preserving file /data/data/com.android.providers.downloads/cache/metadata-62.htm
07-05 14:16:11.139   545 11329 I DownloadManager: in removeSpuriousFiles, preserving file /data/data/com.android.providers.downloads/cache/metadata-513.htm
07-05 14:16:11.139   545 11329 I DownloadManager: in removeSpuriousFiles, preserving file /data/data/com.android.providers.downloads/cache/metadata-538.htm
07-05 14:16:11.139   545 11329 I DownloadManager: in removeSpuriousFiles, preserving file /data/data/com.android.providers.downloads/cache/metadata-583.htm
07-05 14:16:11.143   545 11329 I DownloadManager: in removeSpuriousFiles, preserving file /data/data/com.android.providers.downloads/cache/metadata-416.htm
07-05 14:16:11.143   545 11329 I DownloadManager: in removeSpuriousFiles, preserving file /data/data/com.android.providers.downloads/cache/metadata-736.htm
07-05 14:16:11.143   545 11329 I DownloadManager: in removeSpuriousFiles, preserving file /data/data/com.android.providers.downloads/cache/metadata-1243.htm
07-05 14:16:11.143   545 11329 I DownloadManager: in removeSpuriousFiles, preserving file /data/data/com.android.providers.downloads/cache/metadata-499.htm
07-05 14:16:11.143   545 11329 I DownloadManager: in removeSpuriousFiles, preserving file /data/data/com.android.providers.downloads/cache/metadata-639.htm
07-05 14:16:11.143   545 11329 I DownloadManager: in removeSpuriousFiles, preserving file /data/data/com.android.providers.downloads/cache/metadata-529.htm
07-05 14:16:11.143   545 11329 I DownloadManager: in removeSpuriousFiles, preserving file /data/data/com.android.providers.downloads/cache/metadata-1365.htm
07-05 14:16:11.143   545 11329 I DownloadManager: in removeSpuriousFiles, preserving file /data/data/com.android.providers.downloads/cache/metadata-177.htm
07-05 14:16:11.143   545 11329 I DownloadManager: in removeSpuriousFiles, preserving file /data/data/com.android.providers.downloads/cache/metadata-230.htm
07-05 14:16:11.143   545 11329 I DownloadManager: in removeSpuriousFiles, preserving file /data/data/com.android.providers.downloads/cache/metadata-1788.htm
07-05 14:16:11.143   545 11329 I DownloadManager: in removeSpuriousFiles, preserving file /data/data/com.android.providers.downloads/cache/metadata-470.htm
07-05 14:16:11.143   545 11329 I DownloadManager: in removeSpuriousFiles, preserving file /data/data/com.android.providers.downloads/cache/metadata-561.htm
07-05 14:16:11.143   545 11329 I DownloadManager: in removeSpuriousFiles, preserving file /data/data/com.android.providers.downloads/cache/metadata-935.htm
07-05 14:16:11.143   545 11329 I DownloadManager: in removeSpuriousFiles, preserving file /data/data/com.android.providers.downloads/cache/metadata-501.htm
07-05 14:16:11.143   545 11329 I DownloadManager: in removeSpuriousFiles, preserving file /data/data/com.android.providers.downloads/cache/metadata-1443.htm
07-05 14:16:11.143   545 11329 I DownloadManager: in removeSpuriousFiles, preserving file /data/data/com.android.providers.downloads/cache/metadata-259.htm
07-05 14:16:11.147   545 11329 I DownloadManager: in removeSpuriousFiles, preserving file /data/data/com.android.providers.downloads/cache/metadata-1709.htm
07-05 14:16:11.147   545 11329 I DownloadManager: in removeSpuriousFiles, preserving file /data/data/com.android.providers.downloads/cache/metadata-765.htm
07-05 14:16:11.147   545 11329 I DownloadManager: in removeSpuriousFiles, preserving file /data/data/com.android.providers.downloads/cache/metadata-905.htm
07-05 14:16:11.147   545 11329 I DownloadManager: in removeSpuriousFiles, preserving file /data/data/com.android.providers.downloads/cache/metadata-1432.htm
07-05 14:16:11.147   545 11329 I DownloadManager: in removeSpuriousFiles, preserving file /data/data/com.android.providers.downloads/cache/metadata-735.htm
07-05 14:16:11.147   545 11329 I DownloadManager: in removeSpuriousFiles, preserving file /data/data/com.android.providers.downloads/cache/metadata-67.htm
07-05 14:16:11.147   545 11329 I DownloadManager: in removeSpuriousFiles, preserving file /data/data/com.android.providers.downloads/cache/metadata-324.htm
07-05 14:16:11.147   545 11329 I DownloadManager: in removeSpuriousFiles, preserving file /data/data/com.android.providers.downloads/cache/metadata-199.htm
07-05 14:16:11.147   545 11329 I DownloadManager: in removeSpuriousFiles, preserving file /data/data/com.android.providers.downloads/cache/metadata-2159.htm
07-05 14:16:11.147   545 11329 I DownloadManager: in removeSpuriousFiles, preserving file /data/data/com.android.providers.downloads/cache/metadata-1214.htm
07-05 14:16:11.147   545 11329 I DownloadManager: in removeSpuriousFiles, preserving file /data/data/com.android.providers.downloads/cache/metadata-1012.htm
07-05 14:16:11.147   545 11329 I DownloadManager: in removeSpuriousFiles, preserving file /data/data/com.android.providers.downloads/cache/metadata-751.htm
07-05 14:16:11.147   545 11329 I DownloadManager: in removeSpuriousFiles, preserving file /data/data/com.android.providers.downloads/cache/metadata-379.htm
07-05 14:16:11.147   545 11329 I DownloadManager: in removeSpuriousFiles, preserving file /data/data/com.android.providers.downloads/cache/metadata-442.htm
07-05 14:16:11.151   545 11329 I DownloadManager: in removeSpuriousFiles, preserving file /data/data/com.android.providers.downloads/cache/metadata-611.htm
07-05 14:16:11.151   545 11329 I DownloadManager: in removeSpuriousFiles, preserving file /data/data/com.android.providers.downloads/cache/metadata-1770.htm
07-05 14:16:11.151   545 11329 I DownloadManager: in removeSpuriousFiles, preserving file /data/data/com.android.providers.downloads/cache/metadata-91.htm
07-05 14:16:11.151   545 11329 I DownloadManager: in removeSpuriousFiles, preserving file /data/data/com.android.providers.downloads/cache/metadata-569.htm
07-05 14:16:11.151   545 11329 I DownloadManager: in removeSpuriousFiles, preserving file /data/data/com.android.providers.downloads/cache/metadata-99.htm
07-05 14:16:11.151   545 11329 I DownloadManager: in removeSpuriousFiles, preserving file /data/data/com.android.providers.downloads/cache/metadata-623.htm
07-05 14:16:11.151   545 11329 I DownloadManager: in removeSpuriousFiles, preserving file /data/data/com.android.providers.downloads/cache/metadata-1292.htm
07-05 14:16:11.151   545 11329 I DownloadManager: in removeSpuriousFiles, preserving file /data/data/com.android.providers.downloads/cache/metadata-1797.htm
07-05 14:16:11.151   545 11329 I DownloadManager: in removeSpuriousFiles, preserving file /data/data/com.android.providers.downloads/cache/metadata-897.htm
07-05 14:16:11.151   545 11329 I DownloadManager: in removeSpuriousFiles, preserving file /data/data/com.android.providers.downloads/cache/metadata-1804.htm
07-05 14:16:11.151   545 11329 I DownloadManager: in removeSpuriousFiles, preserving file /data/data/com.android.providers.downloads/cache/metadata-299.htm
07-05 14:16:11.151   545 11329 I DownloadManager: in removeSpuriousFiles, preserving file /data/data/com.android.providers.downloads/cache/metadata-922.htm
07-05 14:16:11.155   545 11329 I DownloadManager: in removeSpuriousFiles, preserving file /data/data/com.android.providers.downloads/cache/metadata-1154.htm
07-05 14:16:11.155   545 11329 I DownloadManager: in removeSpuriousFiles, preserving file /data/data/com.android.providers.downloads/cache/metadata-1852.htm
07-05 14:16:11.155   545 11329 I DownloadManager: in removeSpuriousFiles, preserving file /data/data/com.android.providers.downloads/cache/metadata-521.htm
07-05 14:16:11.155   545 11329 I DownloadManager: in removeSpuriousFiles, preserving file /data/data/com.android.providers.downloads/cache/metadata-560.htm
07-05 14:16:11.155   545 11329 I DownloadManager: in removeSpuriousFiles, preserving file /data/data/com.android.providers.downloads/cache/metadata-2176.htm
07-05 14:16:11.155   545 11329 I DownloadManager: in removeSpuriousFiles, preserving file /data/data/com.android.providers.downloads/cache/metadata-1086.htm
07-05 14:16:11.155   545 11329 I DownloadManager: in removeSpuriousFiles, preserving file /data/data/com.android.providers.downloads/cache/metadata-954.htm
07-05 14:16:11.155   545 11329 I DownloadManager: in removeSpuriousFiles, preserving file /data/data/com.android.providers.downloads/cache/metadata-557.htm
07-05 14:16:11.155   545 11329 I DownloadManager: in removeSpuriousFiles, preserving file /data/data/com.android.providers.downloads/cache/metadata-1200.htm
07-05 14:16:11.155   545 11329 I DownloadManager: in removeSpuriousFiles, preserving file /data/data/com.android.providers.downloads/cache/metadata-1138.htm
07-05 14:16:11.155   545 11329 I DownloadManager: in removeSpuriousFiles, preserving file /data/data/com.android.providers.downloads/cache/metadata-1429.htm
07-05 14:16:11.155   545 11329 I DownloadManager: in removeSpuriousFiles, preserving file /data/data/com.android.providers.downloads/cache/metadata-1297.htm
07-05 14:16:11.155   545 11329 I DownloadManager: in removeSpuriousFiles, preserving file /data/data/com.android.providers.downloads/cache/metadata-1534.htm
07-05 14:16:11.159   545 11329 I DownloadManager: in removeSpuriousFiles, preserving file /data/data/com.android.providers.downloads/cache/metadata-836.htm
07-05 14:16:11.159   545 11329 I DownloadManager: in removeSpuriousFiles, preserving file /data/data/com.android.providers.downloads/cache/metadata-1455.htm
07-05 14:16:11.159   545 11329 I DownloadManager: in removeSpuriousFiles, preserving file /data/data/com.android.providers.downloads/cache/metadata-1999.htm
07-05 14:16:11.159   545 11329 I DownloadManager: in removeSpuriousFiles, preserving file /data/data/com.android.providers.downloads/cache/metadata-1075.htm
07-05 14:16:11.159   545 11329 I DownloadManager: in removeSpuriousFiles, preserving file /data/data/com.android.providers.downloads/cache/metadata-884.htm
07-05 14:16:11.159   545 11329 I DownloadManager: in removeSpuriousFiles, preserving file /data/data/com.android.providers.downloads/cache/metadata-1055.htm
07-05 14:16:11.159   545 11329 I DownloadManager: in removeSpuriousFiles, preserving file /data/data/com.android.providers.downloads/cache/metadata-641.htm
07-05 14:16:11.159   545 11329 I DownloadManager: in removeSpuriousFiles, preserving file /data/data/com.android.providers.downloads/cache/metadata-2132.htm
07-05 14:16:11.159   545 11329 I DownloadManager: in removeSpuriousFiles, preserving file /data/data/com.android.providers.downloads/cache/metadata-750.htm
07-05 14:16:11.159   545 11329 I DownloadManager: in removeSpuriousFiles, preserving file /data/data/com.android.providers.downloads/cache/metadata-413.htm
07-05 14:16:11.159   545 11329 I DownloadManager: in removeSpuriousFiles, preserving file /data/data/com.android.providers.downloads/cache/metadata-1275.htm
07-05 14:16:11.163   545 11329 I DownloadManager: in removeSpuriousFiles, preserving file /data/data/com.android.providers.downloads/cache/metadata-676.htm
07-05 14:16:11.163   545 11329 I DownloadManager: in removeSpuriousFiles, preserving file /data/data/com.android.providers.downloads/cache/metadata-724.htm
07-05 14:16:11.163   545 11329 I DownloadManager: in removeSpuriousFiles, preserving file /data/data/com.android.providers.downloads/cache/metadata-1602.htm
07-05 14:16:11.163   545 11329 I DownloadManager: in removeSpuriousFiles, preserving file /data/data/com.android.providers.downloads/cache/metadata-1884.htm
07-05 14:16:11.163   545 11329 I DownloadManager: in removeSpuriousFiles, preserving file /data/data/com.android.providers.downloads/cache/metadata-911.htm
07-05 14:16:11.163   545 11329 I DownloadManager: in removeSpuriousFiles, preserving file /data/data/com.android.providers.downloads/cache/metadata-994.htm
07-05 14:16:11.163   545 11329 I DownloadManager: in removeSpuriousFiles, preserving file /data/data/com.android.providers.downloads/cache/metadata-594.htm
07-05 14:16:11.163   545 11329 I DownloadManager: in removeSpuriousFiles, preserving file /data/data/com.android.providers.downloads/cache/metadata-866.htm
07-05 14:16:11.163   545 11329 I DownloadManager: in removeSpuriousFiles, preserving file /data/data/com.android.providers.downloads/cache/metadata-1422.htm
07-05 14:16:11.163   545 11329 I DownloadManager: in removeSpuriousFiles, preserving file /data/data/com.android.providers.downloads/cache/metadata-1316.htm
07-05 14:16:11.163   545 11329 I DownloadManager: in removeSpuriousFiles, preserving file /data/data/com.android.providers.downloads/cache/metadata-1430.htm
07-05 14:16:11.167   545 11329 I DownloadManager: in removeSpuriousFiles, preserving file /data/data/com.android.providers.downloads/cache/metadata-820.htm
07-05 14:16:11.167   545 11329 I DownloadManager: in removeSpuriousFiles, preserving file /data/data/com.android.providers.downloads/cache/metadata-814.htm
07-05 14:16:11.167   545 11329 I DownloadManager: in removeSpuriousFiles, preserving file /data/data/com.android.providers.downloads/cache/metadata-1047.htm
07-05 14:16:11.167   545 11329 I DownloadManager: in removeSpuriousFiles, preserving file /data/data/com.android.providers.downloads/cache/metadata-1283.htm
07-05 14:16:11.167   545 11329 I DownloadManager: in removeSpuriousFiles, preserving file /data/data/com.android.providers.downloads/cache/metadata-1662.htm
07-05 14:16:11.167   545 11329 I DownloadManager: in removeSpuriousFiles, preserving file /data/data/com.android.providers.downloads/cache/metadata-1462.htm
07-05 14:16:11.167   545 11329 I DownloadManager: in removeSpuriousFiles, preserving file /data/data/com.android.providers.downloads/cache/metadata-1424.htm
07-05 14:16:11.167   545 11329 I DownloadManager: in removeSpuriousFiles, preserving file /data/data/com.android.providers.downloads/cache/metadata-1151.htm
07-05 14:16:11.167   545 11329 I DownloadManager: in removeSpuriousFiles, preserving file /data/data/com.android.providers.downloads/cache/metadata-1475.htm
07-05 14:16:11.171   545 11329 I DownloadManager: in removeSpuriousFiles, preserving file /data/data/com.android.providers.downloads/cache/metadata-670.htm
07-05 14:16:11.171   545 11329 I DownloadManager: in removeSpuriousFiles, preserving file /data/data/com.android.providers.downloads/cache/metadata-2137.htm
07-05 14:16:11.171   545 11329 I DownloadManager: in removeSpuriousFiles, preserving file /data/data/com.android.providers.downloads/cache/metadata-1176.htm
07-05 14:16:11.171   545 11329 I DownloadManager: in removeSpuriousFiles, preserving file /data/data/com.android.providers.downloads/cache/metadata-1460.htm
07-05 14:16:11.171   545 11329 I DownloadManager: in removeSpuriousFiles, preserving file /data/data/com.android.providers.downloads/cache/metadata-1434.htm
07-05 14:16:11.171   545 11329 I DownloadManager: in removeSpuriousFiles, preserving file /data/data/com.android.providers.downloads/cache/metadata-1064.htm
07-05 14:16:11.171   545 11329 I DownloadManager: in removeSpuriousFiles, preserving file /data/data/com.android.providers.downloads/cache/metadata-772.htm
07-05 14:16:11.171   545 11329 I DownloadManager: in removeSpuriousFiles, preserving file /data/data/com.android.providers.downloads/cache/metadata-1011.htm
07-05 14:16:11.171   545 11329 I DownloadManager: in removeSpuriousFiles, preserving file /data/data/com.android.providers.downloads/cache/metadata-1185.htm
07-05 14:16:11.175   545 11329 I DownloadManager: in removeSpuriousFiles, preserving file /data/data/com.android.providers.downloads/cache/metadata-2298.htm
07-05 14:16:11.175   545 11329 I DownloadManager: in removeSpuriousFiles, preserving file /data/data/com.android.providers.downloads/cache/metadata-1.htm
07-05 14:16:11.175   545 11329 I DownloadManager: in removeSpuriousFiles, preserving file /data/data/com.android.providers.downloads/cache/metadata-40.htm
07-05 14:16:11.175   545 11329 I DownloadManager: in removeSpuriousFiles, preserving file /data/data/com.android.providers.downloads/cache/metadata-42.htm
07-05 14:16:11.175   545 11329 I DownloadManager: in removeSpuriousFiles, preserving file /data/data/com.android.providers.downloads/cache/metadata-37.htm
07-05 14:16:11.175   545 11329 I DownloadManager: in removeSpuriousFiles, preserving file /data/data/com.android.providers.downloads/cache/metadata-1191.htm
07-05 14:16:11.175   545 11329 I DownloadManager: in removeSpuriousFiles, preserving file /data/data/com.android.providers.downloads/cache/metadata-44.htm
07-05 14:16:11.175   545 11329 I DownloadManager: in removeSpuriousFiles, preserving file /data/data/com.android.providers.downloads/cache/metadata-57.htm
07-05 14:16:11.175   545 11329 I DownloadManager: in removeSpuriousFiles, preserving file /data/data/com.android.providers.downloads/cache/metadata-71.htm
07-05 14:16:11.175   545 11329 I DownloadManager: in removeSpuriousFiles, preserving file /data/data/com.android.providers.downloads/cache/metadata-437.htm
07-05 14:16:11.175   545 11329 I DownloadManager: in removeSpuriousFiles, preserving file /data/data/com.android.providers.downloads/cache/metadata-53.htm
07-05 14:16:11.175   545 11329 I DownloadManager: in removeSpuriousFiles, preserving file /data/data/com.android.providers.downloads/cache/metadata-739.htm
07-05 14:16:11.175   545 11329 I DownloadManager: in removeSpuriousFiles, preserving file /data/data/com.android.providers.downloads/cache/metadata-205.htm
07-05 14:16:11.175   545 11329 I DownloadManager: in removeSpuriousFiles, preserving file /data/data/com.android.providers.downloads/cache/metadata-114.htm
07-05 14:16:11.175   545 11329 I DownloadManager: in removeSpuriousFiles, preserving file /data/data/com.android.providers.downloads/cache/metadata-151.htm
07-05 14:16:11.175   545 11329 I DownloadManager: in removeSpuriousFiles, preserving file /data/data/com.android.providers.downloads/cache/metadata-120.htm
07-05 14:16:11.175   545 11329 I DownloadManager: in removeSpuriousFiles, preserving file /data/data/com.android.providers.downloads/cache/metadata-319.htm
07-05 14:16:11.175   545 11329 I DownloadManager: in removeSpuriousFiles, preserving file /data/data/com.android.providers.downloads/cache/metadata-1554.htm
07-05 14:16:11.175   545 11329 I DownloadManager: in removeSpuriousFiles, preserving file /data/data/com.android.providers.downloads/cache/metadata-800.htm
07-05 14:16:11.175   545 11329 I DownloadManager: in removeSpuriousFiles, preserving file /data/data/com.android.providers.downloads/cache/metadata-143.htm
07-05 14:16:11.175   545 11329 I DownloadManager: in removeSpuriousFiles, preserving file /data/data/com.android.providers.downloads/cache/metadata-497.htm
07-05 14:16:11.175   545 11329 I DownloadManager: in removeSpuriousFiles, preserving file /data/data/com.android.providers.downloads/cache/metadata-201.htm
07-05 14:16:11.175   545 11329 I DownloadManager: in removeSpuriousFiles, preserving file /data/data/com.android.providers.downloads/cache/metadata-395.htm
07-05 14:16:11.175   545 11329 I DownloadManager: in removeSpuriousFiles, preserving file /data/data/com.android.providers.downloads/cache/metadata-68.htm
07-05 14:16:11.175   545 11329 I DownloadManager: in removeSpuriousFiles, preserving file /data/data/com.android.providers.downloads/cache/metadata-145.htm
07-05 14:16:11.175   545 11329 I DownloadManager: in removeSpuriousFiles, preserving file /data/data/com.android.providers.downloads/cache/metadata-430.htm
07-05 14:16:11.175   545 11329 I DownloadManager: in removeSpuriousFiles, preserving file /data/data/com.android.providers.downloads/cache/metadata-139.htm
07-05 14:16:11.175   545 11329 I DownloadManager: in removeSpuriousFiles, preserving file /data/data/com.android.providers.downloads/cache/metadata-398.htm
07-05 14:16:11.175   545 11329 I DownloadManager: in removeSpuriousFiles, preserving file /data/data/com.android.providers.downloads/cache/metadata-215.htm
07-05 14:16:11.175   545 11329 I DownloadManager: in removeSpuriousFiles, preserving file /data/data/com.android.providers.downloads/cache/metadata-1234.htm
07-05 14:16:11.175   545 11329 I DownloadManager: in removeSpuriousFiles, preserving file /data/data/com.android.providers.downloads/cache/metadata-960.htm
07-05 14:16:11.175   545 11329 I DownloadManager: in removeSpuriousFiles, preserving file /data/data/com.android.providers.downloads/cache/metadata-2120.htm
07-05 14:16:11.178   545 11329 I DownloadManager: in removeSpuriousFiles, preserving file /data/data/com.android.providers.downloads/cache/metadata-161.htm
07-05 14:16:11.178   545 11329 I DownloadManager: in removeSpuriousFiles, preserving file /data/data/com.android.providers.downloads/cache/metadata-225.htm
07-05 14:16:11.178   545 11329 I DownloadManager: in removeSpuriousFiles, preserving file /data/data/com.android.providers.downloads/cache/metadata-703.htm
07-05 14:16:11.178   545 11329 I DownloadManager: in removeSpuriousFiles, preserving file /data/data/com.android.providers.downloads/cache/metadata-1155.htm
07-05 14:16:11.178   545 11329 I DownloadManager: in removeSpuriousFiles, preserving file /data/data/com.android.providers.downloads/cache/metadata-949.htm
07-05 14:16:11.178   545 11329 I DownloadManager: in removeSpuriousFiles, preserving file /data/data/com.android.providers.downloads/cache/metadata-70.htm
07-05 14:16:11.178   545 11329 I DownloadManager: in removeSpuriousFiles, preserving file /data/data/com.android.providers.downloads/cache/metadata-125.htm
07-05 14:16:11.178   545 11329 I DownloadManager: in removeSpuriousFiles, preserving file /data/data/com.android.providers.downloads/cache/metadata-219.htm
07-05 14:16:11.178   545 11329 I DownloadManager: in removeSpuriousFiles, preserving file /data/data/com.android.providers.downloads/cache/metadata-1143.htm
07-05 14:16:11.178   545 11329 I DownloadManager: in removeSpuriousFiles, preserving file /data/data/com.android.providers.downloads/cache/metadata-135.htm
07-05 14:16:11.178   545 11329 I DownloadManager: in removeSpuriousFiles, preserving file /data/data/com.android.providers.downloads/cache/metadata-1077.htm
07-05 14:16:11.178   545 11329 I DownloadManager: in removeSpuriousFiles, preserving file /data/data/com.android.providers.downloads/cache/metadata-1300.htm
07-05 14:16:11.178   545 11329 I DownloadManager: in removeSpuriousFiles, preserving file /data/data/com.android.providers.downloads/cache/metadata-555.htm
07-05 14:16:11.178   545 11329 I DownloadManager: in removeSpuriousFiles, preserving file /data/data/com.android.providers.downloads/cache/metadata-315.htm
07-05 14:16:11.178   545 11329 I DownloadManager: in removeSpuriousFiles, preserving file /data/data/com.android.providers.downloads/cache/metadata-491.htm
07-05 14:16:11.178   545 11329 I DownloadManager: in removeSpuriousFiles, preserving file /data/data/com.android.providers.downloads/cache/metadata-185.htm
07-05 14:16:11.178   545 11329 I DownloadManager: in removeSpuriousFiles, preserving file /data/data/com.android.providers.downloads/cache/metadata-174.htm
07-05 14:16:11.178   545 11329 I DownloadManager: in removeSpuriousFiles, preserving file /data/data/com.android.providers.downloads/cache/metadata-762.htm
07-05 14:16:11.178   545 11329 I DownloadManager: in removeSpuriousFiles, preserving file /data/data/com.android.providers.downloads/cache/metadata-2249.htm
07-05 14:16:11.178   545 11329 I DownloadManager: in removeSpuriousFiles, preserving file /data/data/com.android.providers.downloads/cache/metadata-124.htm
07-05 14:16:11.182   545 11329 I DownloadManager: in removeSpuriousFiles, preserving file /data/data/com.android.providers.downloads/cache/metadata-1280.htm
07-05 14:16:11.182   545 11329 I DownloadManager: in removeSpuriousFiles, preserving file /data/data/com.android.providers.downloads/cache/metadata-1864.htm
07-05 14:16:11.182   545 11329 I DownloadManager: in removeSpuriousFiles, preserving file /data/data/com.android.providers.downloads/cache/metadata-1146.htm
07-05 14:16:11.182   545 11329 I DownloadManager: in removeSpuriousFiles, preserving file /data/data/com.android.providers.downloads/cache/metadata-1048.htm
07-05 14:16:11.182   545 11329 I DownloadManager: in removeSpuriousFiles, preserving file /data/data/com.android.providers.downloads/cache/metadata-761.htm
07-05 14:16:11.182   545 11329 I DownloadManager: in removeSpuriousFiles, preserving file /data/data/com.android.providers.downloads/cache/metadata-89.htm
07-05 14:16:11.182   545 11329 I DownloadManager: in removeSpuriousFiles, preserving file /data/data/com.android.providers.downloads/cache/metadata-1385.htm
07-05 14:16:11.182   545 11329 I DownloadManager: in removeSpuriousFiles, preserving file /data/data/com.android.providers.downloads/cache/metadata-892.htm
07-05 14:16:11.182   545 11329 I DownloadManager: in removeSpuriousFiles, preserving file /data/data/com.android.providers.downloads/cache/metadata-540.htm
07-05 14:16:11.182   545 11329 I DownloadManager: in removeSpuriousFiles, preserving file /data/data/com.android.providers.downloads/cache/metadata-990.htm
07-05 14:16:11.182   545 11329 I DownloadManager: in removeSpuriousFiles, preserving file /data/data/com.android.providers.downloads/cache/metadata-1173.htm
07-05 14:16:11.182   545 11329 I DownloadManager: in removeSpuriousFiles, preserving file /data/data/com.android.providers.downloads/cache/metadata-252.htm
07-05 14:16:11.182   545 11329 I DownloadManager: in removeSpuriousFiles, preserving file /data/data/com.android.providers.downloads/cache/metadata-769.htm
07-05 14:16:11.182   545 11329 I DownloadManager: in removeSpuriousFiles, preserving file /data/data/com.android.providers.downloads/cache/metadata-601.htm
07-05 14:16:11.182   545 11329 I DownloadManager: in removeSpuriousFiles, preserving file /data/data/com.android.providers.downloads/cache/metadata-1451.htm
07-05 14:16:11.182   545 11329 I DownloadManager: in removeSpuriousFiles, preserving file /data/data/com.android.providers.downloads/cache/metadata-1706.htm
07-05 14:16:11.182   545 11329 I DownloadManager: in removeSpuriousFiles, preserving file /data/data/com.android.providers.downloads/cache/metadata-1412.htm
07-05 14:16:11.182   545 11329 I DownloadManager: in removeSpuriousFiles, preserving file /data/data/com.android.providers.downloads/cache/metadata-1978.htm
07-05 14:16:11.186   545 11329 I DownloadManager: in removeSpuriousFiles, preserving file /data/data/com.android.providers.downloads/cache/metadata-466.htm
07-05 14:16:11.186   545 11329 I DownloadManager: in removeSpuriousFiles, preserving file /data/data/com.android.providers.downloads/cache/metadata-196.htm
07-05 14:16:11.186   545 11329 I DownloadManager: in removeSpuriousFiles, preserving file /data/data/com.android.providers.downloads/cache/metadata-1181.htm
07-05 14:16:11.186   545 11329 I DownloadManager: in removeSpuriousFiles, preserving file /data/data/com.android.providers.downloads/cache/metadata-2283.htm
07-05 14:16:11.186   545 11329 I DownloadManager: in removeSpuriousFiles, preserving file /data/data/com.android.providers.downloads/cache/metadata-2201.htm
07-05 14:16:11.186   545 11329 I DownloadManager: in removeSpuriousFiles, preserving file /data/data/com.android.providers.downloads/cache/metadata-522.htm
07-05 14:16:11.186   545 11329 I DownloadManager: in removeSpuriousFiles, preserving file /data/data/com.android.providers.downloads/cache/metadata-1111.htm
07-05 14:16:11.186   545 11329 I DownloadManager: in removeSpuriousFiles, preserving file /data/data/com.android.providers.downloads/cache/metadata-1829.htm
07-05 14:16:11.186   545 11329 I DownloadManager: in removeSpuriousFiles, preserving file /data/data/com.android.providers.downloads/cache/metadata-1101.htm
07-05 14:16:11.186   545 11329 I DownloadManager: in removeSpuriousFiles, preserving file /data/data/com.android.providers.downloads/cache/metadata-77.htm
07-05 14:16:11.186   545 11329 I DownloadManager: in removeSpuriousFiles, preserving file /data/data/com.android.providers.downloads/cache/metadata-687.htm
07-05 14:16:11.186   545 11329 I DownloadManager: in removeSpuriousFiles, preserving file /data/data/com.android.providers.downloads/cache/metadata-2229.htm
07-05 14:16:11.186   545 11329 I DownloadManager: in removeSpuriousFiles, preserving file /data/data/com.android.providers.downloads/cache/metadata-822.htm
07-05 14:16:11.186   545 11329 I DownloadManager: in removeSpuriousFiles, preserving file /data/data/com.android.providers.downloads/cache/metadata-878.htm
07-05 14:16:11.186   545 11329 I DownloadManager: in removeSpuriousFiles, preserving file /data/data/com.android.providers.downloads/cache/metadata-773.htm
07-05 14:16:11.186   545 11329 I DownloadManager: in removeSpuriousFiles, preserving file /data/data/com.android.providers.downloads/cache/metadata-1769.htm
07-05 14:16:11.186   545 11329 I DownloadManager: in removeSpuriousFiles, preserving file /data/data/com.android.providers.downloads/cache/metadata-1380.htm
07-05 14:16:11.190   545 11329 I DownloadManager: in removeSpuriousFiles, preserving file /data/data/com.android.providers.downloads/cache/metadata-1216.htm
07-05 14:16:11.190   545 11329 I DownloadManager: in removeSpuriousFiles, preserving file /data/data/com.android.providers.downloads/cache/metadata-1909.htm
07-05 14:16:11.190   545 11329 I DownloadManager: in removeSpuriousFiles, preserving file /data/data/com.android.providers.downloads/cache/metadata-1221.htm
07-05 14:16:11.190   545 11329 I DownloadManager: in removeSpuriousFiles, preserving file /data/data/com.android.providers.downloads/cache/metadata-527.htm
07-05 14:16:11.190   545 11329 I DownloadManager: in removeSpuriousFiles, preserving file /data/data/com.android.providers.downloads/cache/metadata-1392.htm
07-05 14:16:11.190   545 11329 I DownloadManager: in removeSpuriousFiles, preserving file /data/data/com.android.providers.downloads/cache/metadata-1021.htm
07-05 14:16:11.190   545 11329 I DownloadManager: in removeSpuriousFiles, preserving file /data/data/com.android.providers.downloads/cache/metadata-786.htm
07-05 14:16:11.190   545 11329 I DownloadManager: in removeSpuriousFiles, preserving file /data/data/com.android.providers.downloads/cache/metadata-609.htm
07-05 14:16:11.190   545 11329 I DownloadManager: in removeSpuriousFiles, preserving file /data/data/com.android.providers.downloads/cache/metadata-1779.htm
07-05 14:16:11.190   545 11329 I DownloadManager: in removeSpuriousFiles, preserving file /data/data/com.android.providers.downloads/cache/metadata-666.htm
07-05 14:16:11.190   545 11329 I DownloadManager: in removeSpuriousFiles, preserving file /data/data/com.android.providers.downloads/cache/metadata-933.htm
07-05 14:16:11.190   545 11329 I DownloadManager: in removeSpuriousFiles, preserving file /data/data/com.android.providers.downloads/cache/metadata-1381.htm
07-05 14:16:11.190   545 11329 I DownloadManager: in removeSpuriousFiles, preserving file /data/data/com.android.providers.downloads/cache/metadata-1203.htm
07-05 14:16:11.190   545 11329 I DownloadManager: in removeSpuriousFiles, preserving file /data/data/com.android.providers.downloads/cache/metadata-734.htm
07-05 14:16:11.190   545 11329 I DownloadManager: in removeSpuriousFiles, preserving file /data/data/com.android.providers.downloads/cache/metadata-207.htm
07-05 14:16:11.206   545 11329 I DownloadManager: in removeSpuriousFiles, preserving file /data/data/com.android.providers.downloads/cache/metadata-181.htm
07-05 14:16:11.206   545 11329 I DownloadManager: in removeSpuriousFiles, preserving file /data/data/com.android.providers.downloads/cache/metadata-712.htm
07-05 14:16:11.206   545 11329 I DownloadManager: in removeSpuriousFiles, preserving file /data/data/com.android.providers.downloads/cache/metadata-1796.htm
07-05 14:16:11.206   545 11329 I DownloadManager: in removeSpuriousFiles, preserving file /data/data/com.android.providers.downloads/cache/metadata-1348.htm
07-05 14:16:11.210   545 11329 I DownloadManager: in removeSpuriousFiles, preserving file /data/data/com.android.providers.downloads/cache/metadata-1606.htm
07-05 14:16:11.210   545 11329 I DownloadManager: in removeSpuriousFiles, preserving file /data/data/com.android.providers.downloads/cache/metadata-317.htm
07-05 14:16:11.210   545 11329 I DownloadManager: in removeSpuriousFiles, preserving file /data/data/com.android.providers.downloads/cache/metadata-1036.htm
07-05 14:16:11.210   545 11329 I DownloadManager: in removeSpuriousFiles, preserving file /data/data/com.android.providers.downloads/cache/metadata-643.htm
07-05 14:16:11.210   545 11329 I DownloadManager: in removeSpuriousFiles, preserving file /data/data/com.android.providers.downloads/cache/metadata-1322.htm
07-05 14:16:11.210   545 11329 I DownloadManager: in removeSpuriousFiles, preserving file /data/data/com.android.providers.downloads/cache/metadata-1477.htm
07-05 14:16:11.210   545 11329 I DownloadManager: in removeSpuriousFiles, preserving file /data/data/com.android.providers.downloads/cache/metadata-1317.htm
07-05 14:16:11.210   545 11329 I DownloadManager: in removeSpuriousFiles, preserving file /data/data/com.android.providers.downloads/cache/metadata-876.htm
07-05 14:16:11.210   545 11329 I DownloadManager: in removeSpuriousFiles, preserving file /data/data/com.android.providers.downloads/cache/metadata-2077.htm
07-05 14:16:11.210   545 11329 I DownloadManager: in removeSpuriousFiles, preserving file /data/data/com.android.providers.downloads/cache/metadata-965.htm
07-05 14:16:11.210   545 11329 I DownloadManager: in removeSpuriousFiles, preserving file /data/data/com.android.providers.downloads/cache/metadata-1880.htm
07-05 14:16:11.210   545 11329 I DownloadManager: in removeSpuriousFiles, preserving file /data/data/com.android.providers.downloads/cache/metadata-1145.htm
07-05 14:16:11.218   545 11329 I DownloadManager: in removeSpuriousFiles, preserving file /data/data/com.android.providers.downloads/cache/metadata-727.htm
07-05 14:16:11.218   545 11329 I DownloadManager: in removeSpuriousFiles, preserving file /data/data/com.android.providers.downloads/cache/metadata-209.htm
07-05 14:16:11.218   545 11329 I DownloadManager: in removeSpuriousFiles, preserving file /data/data/com.android.providers.downloads/cache/metadata-667.htm
07-05 14:16:11.218   545 11329 I DownloadManager: in removeSpuriousFiles, preserving file /data/data/com.android.providers.downloads/cache/metadata-1302.htm
07-05 14:16:11.218   545 11329 I DownloadManager: in removeSpuriousFiles, preserving file /data/data/com.android.providers.downloads/cache/metadata-1071.htm
07-05 14:16:11.218   545 11329 I DownloadManager: in removeSpuriousFiles, preserving file /data/data/com.android.providers.downloads/cache/metadata-495.htm
07-05 14:16:11.218   545 11329 I DownloadManager: in removeSpuriousFiles, preserving file /data/data/com.android.providers.downloads/cache/metadata-664.htm
07-05 14:16:11.218   545 11329 I DownloadManager: in removeSpuriousFiles, preserving file /data/data/com.android.providers.downloads/cache/metadata-25.htm
07-05 14:16:11.218   545 11329 I DownloadManager: in removeSpuriousFiles, preserving file /data/data/com.android.providers.downloads/cache/metadata-142.htm
07-05 14:16:11.218   545 11329 I DownloadManager: in removeSpuriousFiles, preserving file /data/data/com.android.providers.downloads/cache/metadata-32.htm
07-05 14:16:11.218   545 11329 I DownloadManager: in removeSpuriousFiles, preserving file /data/data/com.android.providers.downloads/cache/metadata-17.htm
07-05 14:16:11.218   545 11329 I DownloadManager: in removeSpuriousFiles, preserving file /data/data/com.android.providers.downloads/cache/metadata-216.htm
07-05 14:16:11.218   545 11329 I DownloadManager: in removeSpuriousFiles, preserving file /data/data/com.android.providers.downloads/cache/metadata-372.htm
07-05 14:16:11.218   545 11329 I DownloadManager: in removeSpuriousFiles, preserving file /data/data/com.android.providers.downloads/cache/metadata-297.htm
07-05 14:16:11.218   545 11329 I DownloadManager: in removeSpuriousFiles, preserving file /data/data/com.android.providers.downloads/cache/metadata-45.htm
07-05 14:16:11.218   545 11329 I DownloadManager: in removeSpuriousFiles, preserving file /data/data/com.android.providers.downloads/cache/metadata-51.htm
07-05 14:16:11.218   545 11329 I DownloadManager: in removeSpuriousFiles, preserving file /data/data/com.android.providers.downloads/cache/metadata-153.htm
07-05 14:16:11.218   545 11329 I DownloadManager: in removeSpuriousFiles, preserving file /data/data/com.android.providers.downloads/cache/metadata-164.htm
07-05 14:16:11.218   545 11329 I DownloadManager: in removeSpuriousFiles, preserving file /data/data/com.android.providers.downloads/cache/metadata-82.htm
07-05 14:16:11.218   545 11329 I DownloadManager: in removeSpuriousFiles, preserving file /data/data/com.android.providers.downloads/cache/metadata-63.htm
07-05 14:16:11.218   545 11329 I DownloadManager: in removeSpuriousFiles, preserving file /data/data/com.android.providers.downloads/cache/metadata-1540.htm
07-05 14:16:11.218   545 11329 I DownloadManager: in removeSpuriousFiles, preserving file /data/data/com.android.providers.downloads/cache/metadata-182.htm
07-05 14:16:11.221   545 11329 I DownloadManager: in removeSpuriousFiles, preserving file /data/data/com.android.providers.downloads/cache/metadata-72.htm
07-05 14:16:11.221   545 11329 I DownloadManager: in removeSpuriousFiles, preserving file /data/data/com.android.providers.downloads/cache/metadata-1132.htm
07-05 14:16:11.221   545 11329 I DownloadManager: in removeSpuriousFiles, preserving file /data/data/com.android.providers.downloads/cache/metadata-241.htm
07-05 14:16:11.221   545 11329 I DownloadManager: in removeSpuriousFiles, preserving file /data/data/com.android.providers.downloads/cache/metadata-292.htm
07-05 14:16:11.221   545 11329 I DownloadManager: in removeSpuriousFiles, preserving file /data/data/com.android.providers.downloads/cache/metadata-141.htm
07-05 14:16:11.221   545 11329 I DownloadManager: in removeSpuriousFiles, preserving file /data/data/com.android.providers.downloads/cache/metadata-1007.htm
07-05 14:16:11.221   545 11329 I DownloadManager: in removeSpuriousFiles, preserving file /data/data/com.android.providers.downloads/cache/metadata-1227.htm
07-05 14:16:11.221   545 11329 I DownloadManager: in removeSpuriousFiles, preserving file /data/data/com.android.providers.downloads/cache/metadata-565.htm
07-05 14:16:11.221   545 11329 I DownloadManager: in removeSpuriousFiles, preserving file /data/data/com.android.providers.downloads/cache/metadata-2018.htm
07-05 14:16:11.221   545 11329 I DownloadManager: in removeSpuriousFiles, preserving file /data/data/com.android.providers.downloads/cache/metadata-1360.htm
07-05 14:16:11.221   545 11329 I DownloadManager: in removeSpuriousFiles, preserving file /data/data/com.android.providers.downloads/cache/metadata-90.htm
07-05 14:16:11.221   545 11329 I DownloadManager: in removeSpuriousFiles, preserving file /data/data/com.android.providers.downloads/cache/metadata-1307.htm
07-05 14:16:11.221   545 11329 I DownloadManager: in removeSpuriousFiles, preserving file /data/data/com.android.providers.downloads/cache/metadata-345.htm
07-05 14:16:11.221   545 11329 I DownloadManager: in removeSpuriousFiles, preserving file /data/data/com.android.providers.downloads/cache/metadata-447.htm
07-05 14:16:11.221   545 11329 I DownloadManager: in removeSpuriousFiles, preserving file /data/data/com.android.providers.downloads/cache/metadata-348.htm
07-05 14:16:11.221   545 11329 I DownloadManager: in removeSpuriousFiles, preserving file /data/data/com.android.providers.downloads/cache/metadata-362.htm
07-05 14:16:11.221   545 11329 I DownloadManager: in removeSpuriousFiles, preserving file /data/data/com.android.providers.downloads/cache/metadata-412.htm
07-05 14:16:11.221   545 11329 I DownloadManager: in removeSpuriousFiles, preserving file /data/data/com.android.providers.downloads/cache/metadata-123.htm
07-05 14:16:11.221   545 11329 I DownloadManager: in removeSpuriousFiles, preserving file /data/data/com.android.providers.downloads/cache/metadata-1291.htm
07-05 14:16:11.221   545 11329 I DownloadManager: in removeSpuriousFiles, preserving file /data/data/com.android.providers.downloads/cache/metadata-184.htm
07-05 14:16:11.221   545 11329 I DownloadManager: in removeSpuriousFiles, preserving file /data/data/com.android.providers.downloads/cache/metadata-1023.htm
07-05 14:16:11.221   545 11329 I DownloadManager: in removeSpuriousFiles, preserving file /data/data/com.android.providers.downloads/cache/metadata-295.htm
07-05 14:16:11.221   545 11329 I DownloadManager: in removeSpuriousFiles, preserving file /data/data/com.android.providers.downloads/cache/metadata-251.htm
07-05 14:16:11.221   545 11329 I DownloadManager: in removeSpuriousFiles, preserving file /data/data/com.android.providers.downloads/cache/metadata-702.htm
07-05 14:16:11.221   545 11329 I DownloadManager: in removeSpuriousFiles, preserving file /data/data/com.android.providers.downloads/cache/metadata-291.htm
07-05 14:16:11.221   545 11329 I DownloadManager: in removeSpuriousFiles, preserving file /data/data/com.android.providers.downloads/cache/metadata-1800.htm
07-05 14:16:11.221   545 11329 I DownloadManager: in removeSpuriousFiles, preserving file /data/data/com.android.providers.downloads/cache/metadata-226.htm
07-05 14:16:11.221   545 11329 I DownloadManager: in removeSpuriousFiles, preserving file /data/data/com.android.providers.downloads/cache/metadata-1252.htm
07-05 14:16:11.221   545 11329 I DownloadManager: in removeSpuriousFiles, preserving file /data/data/com.android.providers.downloads/cache/metadata-78.htm
07-05 14:16:11.221   545 11329 I DownloadManager: in removeSpuriousFiles, preserving file /data/data/com.android.providers.downloads/cache/metadata-245.htm
07-05 14:16:11.221   545 11329 I DownloadManager: in removeSpuriousFiles, preserving file /data/data/com.android.providers.downloads/cache/metadata-672.htm
07-05 14:16:11.221   545 11329 I DownloadManager: in removeSpuriousFiles, preserving file /data/data/com.android.providers.downloads/cache/metadata-150.htm
07-05 14:16:11.225   545 11329 I DownloadManager: in removeSpuriousFiles, preserving file /data/data/com.android.providers.downloads/cache/metadata-194.htm
07-05 14:16:11.225   545 11329 I DownloadManager: in removeSpuriousFiles, preserving file /data/data/com.android.providers.downloads/cache/metadata-1231.htm
07-05 14:16:11.225   545 11329 I DownloadManager: in removeSpuriousFiles, preserving file /data/data/com.android.providers.downloads/cache/metadata-248.htm
07-05 14:16:11.225   545 11329 I DownloadManager: in removeSpuriousFiles, preserving file /data/data/com.android.providers.downloads/cache/metadata-445.htm
07-05 14:16:11.225   545 11329 I DownloadManager: in removeSpuriousFiles, preserving file /data/data/com.android.providers.downloads/cache/metadata-531.htm
07-05 14:16:11.225   545 11329 I DownloadManager: in removeSpuriousFiles, preserving file /data/data/com.android.providers.downloads/cache/metadata-598.htm
07-05 14:16:11.225   545 11329 I DownloadManager: in removeSpuriousFiles, preserving file /data/data/com.android.providers.downloads/cache/metadata-366.htm
07-05 14:16:11.225   545 11329 I DownloadManager: in removeSpuriousFiles, preserving file /data/data/com.android.providers.downloads/cache/metadata-1568.htm
07-05 14:16:11.225   545 11329 I DownloadManager: in removeSpuriousFiles, preserving file /data/data/com.android.providers.downloads/cache/metadata-645.htm
07-05 14:16:11.225   545 11329 I DownloadManager: in removeSpuriousFiles, preserving file /data/data/com.android.providers.downloads/cache/metadata-312.htm
07-05 14:16:11.225   545 11329 I DownloadManager: in removeSpuriousFiles, preserving file /data/data/com.android.providers.downloads/cache/metadata-1479.htm
07-05 14:16:11.225   545 11329 I DownloadManager: in removeSpuriousFiles, preserving file /data/data/com.android.providers.downloads/cache/metadata-257.htm
07-05 14:16:11.225   545 11329 I DownloadManager: in removeSpuriousFiles, preserving file /data/data/com.android.providers.downloads/cache/metadata-371.htm
07-05 14:16:11.225   545 11329 I DownloadManager: in removeSpuriousFiles, preserving file /data/data/com.android.providers.downloads/cache/metadata-718.htm
07-05 14:16:11.225   545 11329 I DownloadManager: in removeSpuriousFiles, preserving file /data/data/com.android.providers.downloads/cache/metadata-334.htm
07-05 14:16:11.225   545 11329 I DownloadManager: in removeSpuriousFiles, preserving file /data/data/com.android.providers.downloads/cache/metadata-320.htm
07-05 14:16:11.225   545 11329 I DownloadManager: in removeSpuriousFiles, preserving file /data/data/com.android.providers.downloads/cache/metadata-978.htm
07-05 14:16:11.225   545 11329 I DownloadManager: in removeSpuriousFiles, preserving file /data/data/com.android.providers.downloads/cache/metadata-890.htm
07-05 14:16:11.225   545 11329 I DownloadManager: in removeSpuriousFiles, preserving file /data/data/com.android.providers.downloads/cache/metadata-1882.htm
07-05 14:16:11.225   545 11329 I DownloadManager: in removeSpuriousFiles, preserving file /data/data/com.android.providers.downloads/cache/metadata-1764.htm
07-05 14:16:11.225   545 11329 I DownloadManager: in removeSpuriousFiles, preserving file /data/data/com.android.providers.downloads/cache/metadata-1211.htm
07-05 14:16:11.225   545 11329 I DownloadManager: in removeSpuriousFiles, preserving file /data/data/com.android.providers.downloads/cache/metadata-926.htm
07-05 14:16:11.225   545 11329 I DownloadManager: in removeSpuriousFiles, preserving file /data/data/com.android.providers.downloads/cache/metadata-327.htm
07-05 14:16:11.225   545 11329 I DownloadManager: in removeSpuriousFiles, preserving file /data/data/com.android.providers.downloads/cache/metadata-394.htm
07-05 14:16:11.225   545 11329 I DownloadManager: in removeSpuriousFiles, preserving file /data/data/com.android.providers.downloads/cache/metadata-2253.htm
07-05 14:16:11.225   545 11329 I DownloadManager: in removeSpuriousFiles, preserving file /data/data/com.android.providers.downloads/cache/metadata-1482.htm
07-05 14:16:11.229   545 11329 I DownloadManager: in removeSpuriousFiles, preserving file /data/data/com.android.providers.downloads/cache/metadata-749.htm
07-05 14:16:11.229   545 11329 I DownloadManager: in removeSpuriousFiles, preserving file /data/data/com.android.providers.downloads/cache/metadata-2203.htm
07-05 14:16:11.229   545 11329 I DownloadManager: in removeSpuriousFiles, preserving file /data/data/com.android.providers.downloads/cache/metadata-2312.htm
07-05 14:16:11.229   545 11329 I DownloadManager: in removeSpuriousFiles, preserving file /data/data/com.android.providers.downloads/cache/metadata-576.htm
07-05 14:16:11.229   545 11329 I DownloadManager: in removeSpuriousFiles, preserving file /data/data/com.android.providers.downloads/cache/metadata-2216.htm
07-05 14:16:11.229   545 11329 I DownloadManager: in removeSpuriousFiles, preserving file /data/data/com.android.providers.downloads/cache/metadata-1814.htm
07-05 14:16:11.229   545 11329 I DownloadManager: in removeSpuriousFiles, preserving file /data/data/com.android.providers.downloads/cache/metadata-1121.htm
07-05 14:16:11.229   545 11329 I DownloadManager: in removeSpuriousFiles, preserving file /data/data/com.android.providers.downloads/cache/metadata-148.htm
07-05 14:16:11.229   545 11329 I DownloadManager: in removeSpuriousFiles, preserving file /data/data/com.android.providers.downloads/cache/metadata-1223.htm
07-05 14:16:11.229   545 11329 I DownloadManager: in removeSpuriousFiles, preserving file /data/data/com.android.providers.downloads/cache/metadata-1046.htm
07-05 14:16:11.229   545 11329 I DownloadManager: in removeSpuriousFiles, preserving file /data/data/com.android.providers.downloads/cache/metadata-1113.htm
07-05 14:16:11.229   545 11329 I DownloadManager: in removeSpuriousFiles, preserving file /data/data/com.android.providers.downloads/cache/metadata-109.htm
07-05 14:16:11.229   545 11329 I DownloadManager: in removeSpuriousFiles, preserving file /data/data/com.android.providers.downloads/cache/metadata-650.htm
07-05 14:16:11.229   545 11329 I DownloadManager: in removeSpuriousFiles, preserving file /data/data/com.android.providers.downloads/cache/metadata-1496.htm
07-05 14:16:11.229   545 11329 I DownloadManager: in removeSpuriousFiles, preserving file /data/data/com.android.providers.downloads/cache/metadata-625.htm
07-05 14:16:11.229   545 11329 I DownloadManager: in removeSpuriousFiles, preserving file /data/data/com.android.providers.downloads/cache/metadata-1936.htm
07-05 14:16:11.229   545 11329 I DownloadManager: in removeSpuriousFiles, preserving file /data/data/com.android.providers.downloads/cache/metadata-713.htm
07-05 14:16:11.229   545 11329 I DownloadManager: in removeSpuriousFiles, preserving file /data/data/com.android.providers.downloads/cache/metadata-1735.htm
07-05 14:16:11.229   545 11329 I DownloadManager: in removeSpuriousFiles, preserving file /data/data/com.android.providers.downloads/cache/metadata-1078.htm
07-05 14:16:11.229   545 11329 I DownloadManager: in removeSpuriousFiles, preserving file /data/data/com.android.providers.downloads/cache/metadata-991.htm
07-05 14:16:11.229   545 11329 I DownloadManager: in removeSpuriousFiles, preserving file /data/data/com.android.providers.downloads/cache/metadata-1608.htm
07-05 14:16:11.229   545 11329 I DownloadManager: in removeSpuriousFiles, preserving file /data/data/com.android.providers.downloads/cache/metadata-385.htm
07-05 14:16:11.233   545 11329 I DownloadManager: in removeSpuriousFiles, preserving file /data/data/com.android.providers.downloads/cache/metadata-1304.htm
07-05 14:16:11.233   545 11329 I DownloadManager: in removeSpuriousFiles, preserving file /data/data/com.android.providers.downloads/cache/metadata-758.htm
07-05 14:16:11.233   545 11329 I DownloadManager: in removeSpuriousFiles, preserving file /data/data/com.android.providers.downloads/cache/metadata-1757.htm
07-05 14:16:11.233   545 11329 I DownloadManager: in removeSpuriousFiles, preserving file /data/data/com.android.providers.downloads/cache/metadata-678.htm
07-05 14:16:11.233   545 11329 I DownloadManager: in removeSpuriousFiles, preserving file /data/data/com.android.providers.downloads/cache/metadata-997.htm
07-05 14:16:11.233   545 11329 I DownloadManager: in removeSpuriousFiles, preserving file /data/data/com.android.providers.downloads/cache/metadata-1598.htm
07-05 14:16:11.233   545 11329 I DownloadManager: in removeSpuriousFiles, preserving file /data/data/com.android.providers.downloads/cache/metadata-1218.htm
07-05 14:16:11.233   545 11329 I DownloadManager: in removeSpuriousFiles, preserving file /data/data/com.android.providers.downloads/cache/metadata-1222.htm
07-05 14:16:11.233   545 11329 I DownloadManager: in removeSpuriousFiles, preserving file /data/data/com.android.providers.downloads/cache/metadata-590.htm
07-05 14:16:11.233   545 11329 I DownloadManager: in removeSpuriousFiles, preserving file /data/data/com.android.providers.downloads/cache/metadata-2040.htm
07-05 14:16:11.233   545 11329 I DownloadManager: in removeSpuriousFiles, preserving file /data/data/com.android.providers.downloads/cache/metadata-1094.htm
07-05 14:16:11.233   545 11329 I DownloadManager: in removeSpuriousFiles, preserving file /data/data/com.android.providers.downloads/cache/metadata-1324.htm
07-05 14:16:11.233   545 11329 I DownloadManager: in removeSpuriousFiles, preserving file /data/data/com.android.providers.downloads/cache/metadata-852.htm
07-05 14:16:11.233   545 11329 I DownloadManager: in removeSpuriousFiles, preserving file /data/data/com.android.providers.downloads/cache/metadata-1406.htm
07-05 14:16:11.233   545 11329 I DownloadManager: in removeSpuriousFiles, preserving file /data/data/com.android.providers.downloads/cache/metadata-1289.htm
07-05 14:16:11.233   545 11329 I DownloadManager: in removeSpuriousFiles, preserving file /data/data/com.android.providers.downloads/cache/metadata-656.htm
07-05 14:16:11.233   545 11329 I DownloadManager: in removeSpuriousFiles, preserving file /data/data/com.android.providers.downloads/cache/metadata-1026.htm
07-05 14:16:11.233   545 11329 I DownloadManager: in removeSpuriousFiles, preserving file /data/data/com.android.providers.downloads/cache/metadata-1419.htm
07-05 14:16:11.233   545 11329 I DownloadManager: in removeSpuriousFiles, preserving file /data/data/com.android.providers.downloads/cache/metadata-1906.htm
07-05 14:16:11.233   545 11329 I DownloadManager: in removeSpuriousFiles, preserving file /data/data/com.android.providers.downloads/cache/metadata-439.htm
07-05 14:16:11.237   545 11329 I DownloadManager: in removeSpuriousFiles, preserving file /data/data/com.android.providers.downloads/cache/metadata-1160.htm
07-05 14:16:11.237   545 11329 I DownloadManager: in removeSpuriousFiles, preserving file /data/data/com.android.providers.downloads/cache/metadata-1233.htm
07-05 14:16:11.237   545 11329 I DownloadManager: in removeSpuriousFiles, preserving file /data/data/com.android.providers.downloads/cache/metadata-1212.htm
07-05 14:16:11.237   545 11329 I DownloadManager: in removeSpuriousFiles, preserving file /data/data/com.android.providers.downloads/cache/metadata-1004.htm
07-05 14:16:11.237   545 11329 I DownloadManager: in removeSpuriousFiles, preserving file /data/data/com.android.providers.downloads/cache/metadata-706.htm
07-05 14:16:11.237   545 11329 I DownloadManager: in removeSpuriousFiles, preserving file /data/data/com.android.providers.downloads/cache/metadata-683.htm
07-05 14:16:11.237   545 11329 I DownloadManager: in removeSpuriousFiles, preserving file /data/data/com.android.providers.downloads/cache/metadata-1009.htm
07-05 14:16:11.237   545 11329 I DownloadManager: in removeSpuriousFiles, preserving file /data/data/com.android.providers.downloads/cache/metadata-1613.htm
07-05 14:16:11.237   545 11329 I DownloadManager: in removeSpuriousFiles, preserving file /data/data/com.android.providers.downloads/cache/metadata-1260.htm
07-05 14:16:11.237   545 11329 I DownloadManager: in removeSpuriousFiles, preserving file /data/data/com.android.providers.downloads/cache/metadata-1816.htm
07-05 14:16:11.237   545 11329 I DownloadManager: in removeSpuriousFiles, preserving file /data/data/com.android.providers.downloads/cache/metadata-474.htm
07-05 14:16:11.237   545 11329 I DownloadManager: deleting spurious file /cache/dalvik-cache
07-05 14:16:11.237   545 11329 I DownloadManager: deleting spurious file /data/data/com.android.providers.downloads/cache/metadata-10.htm
07-05 14:16:11.237   545 11329 I DownloadManager: deleting spurious file /data/data/com.android.providers.downloads/cache/metadata-26.htm
07-05 14:16:11.241   545 11329 I DownloadManager: deleting spurious file /data/data/com.android.providers.downloads/cache/metadata-39.htm
07-05 14:16:11.241   545 11329 I DownloadManager: deleting spurious file /data/data/com.android.providers.downloads/cache/metadata-48.htm
07-05 14:16:11.241   545 11329 I DownloadManager: deleting spurious file /data/data/com.android.providers.downloads/cache/metadata-365.htm
