07-05 12:30:05.751  1370  1372 D dalvikvm: GC_CONCURRENT freed 360K, 7% free 9126K/9735K, paused 2ms+1ms
07-05 12:30:05.860   545   548 D dalvikvm: GC_CONCURRENT freed 408K, 12% free 10418K/11719K, paused 2ms+2ms
07-05 12:30:05.973   545 19865 I DownloadManager: Initiating request for download 2325
07-05 12:30:06.036   545   548 D dalvikvm: GC_CONCURRENT freed 335K, 11% free 10478K/11719K, paused 1ms+2ms
07-05 12:30:06.134   545   548 D dalvikvm: GC_CONCURRENT freed 226K, 9% free 10711K/11719K, paused 2ms+3ms
07-05 12:30:06.259   545   548 D dalvikvm: GC_CONCURRENT freed 475K, 9% free 10703K/11719K, paused 1ms+3ms
07-05 12:30:06.489   545   548 D dalvikvm: GC_CONCURRENT freed 722K, 12% free 10425K/11719K, paused 2ms+2ms
07-05 12:30:06.684   545   548 D dalvikvm: GC_CONCURRENT freed 414K, 12% free 10418K/11719K, paused 2ms+2ms
07-05 12:30:06.762   545 19868 I DownloadManager: Initiating request for download 2326
07-05 12:30:06.868   545   548 D dalvikvm: GC_CONCURRENT freed 225K, 9% free 10714K/11719K, paused 2ms+3ms
07-05 12:30:06.977   545   548 D dalvikvm: GC_CONCURRENT freed 477K, 9% free 10706K/11719K, paused 2ms+2ms
07-05 12:30:07.137  1370 19870 E DictionaryProvider:UpdateHandler: Can't read a file : android.util.MalformedJsonException: Use JsonReader.setLenient(true) to accept malformed JSON at line 1 column 20
07-05 12:30:07.216   545   548 D dalvikvm: GC_CONCURRENT freed 709K, 11% free 10443K/11719K, paused 2ms+2ms
07-05 12:30:07.395   545   548 D dalvikvm: GC_CONCURRENT freed 420K, 12% free 10418K/11719K, paused 2ms+2ms
07-05 12:30:07.524   545 19873 I DownloadManager: Initiating request for download 2326
07-05 12:30:07.602   545   548 D dalvikvm: GC_CONCURRENT freed 298K, 10% free 10577K/11719K, paused 2ms+3ms
07-05 12:30:07.704   545   548 D dalvikvm: GC_CONCURRENT freed 304K, 9% free 10755K/11719K, paused 1ms+4ms
07-05 12:30:07.868   545   548 D dalvikvm: GC_CONCURRENT freed 748K, 11% free 10475K/11719K, paused 2ms+2ms
07-05 12:30:08.067   545   548 D dalvikvm: GC_CONCURRENT freed 436K, 12% free 10427K/11719K, paused 2ms+2ms
07-05 12:30:08.251   545   548 D dalvikvm: GC_CONCURRENT freed 412K, 12% free 10408K/11719K, paused 1ms+2ms
07-05 12:30:08.321   545 19876 I DownloadManager: Initiating request for download 2327
07-05 12:30:08.426   545   548 D dalvikvm: GC_CONCURRENT freed 205K, 9% free 10668K/11719K, paused 2ms+3ms
07-05 12:30:08.524   545   548 D dalvikvm: GC_CONCURRENT freed 397K, 9% free 10711K/11719K, paused 2ms+3ms
07-05 12:30:08.712  1370 19879 E DictionaryProvider:UpdateHandler: Can't read a file : android.util.MalformedJsonException: Use JsonReader.setLenient(true) to accept malformed JSON at line 1 column 20
07-05 12:30:08.762   545   548 D dalvikvm: GC_CONCURRENT freed 711K, 11% free 10456K/11719K, paused 1ms+3ms
07-05 12:30:08.946   545   548 D dalvikvm: GC_CONCURRENT freed 430K, 12% free 10421K/11719K, paused 1ms+2ms
07-05 12:30:09.067   545 19882 I DownloadManager: Initiating request for download 2327
07-05 12:30:09.134   545   548 D dalvikvm: GC_CONCURRENT freed 321K, 11% free 10513K/11719K, paused 2ms+2ms
07-05 12:30:09.231   545   548 D dalvikvm: GC_CONCURRENT freed 239K, 9% free 10721K/11719K, paused 2ms+3ms
07-05 12:30:09.352   545   548 D dalvikvm: GC_CONCURRENT freed 462K, 9% free 10714K/11719K, paused 2ms+2ms
07-05 12:30:09.591   545   548 D dalvikvm: GC_CONCURRENT freed 729K, 11% free 10432K/11719K, paused 1ms+2ms
07-05 12:30:09.770   545   548 D dalvikvm: GC_CONCURRENT freed 414K, 12% free 10413K/11719K, paused 2ms+2ms
07-05 12:30:09.856   545 19885 I DownloadManager: Initiating request for download 2328
07-05 12:30:09.954   545   548 D dalvikvm: GC_CONCURRENT freed 226K, 10% free 10645K/11719K, paused 2ms+3ms
07-05 12:30:10.051   545   548 D dalvikvm: GC_CONCURRENT freed 315K, 8% free 10809K/11719K, paused 1ms+3ms
07-05 12:30:10.262  1370 19887 E DictionaryProvider:UpdateHandler: Can't read a file : android.util.MalformedJsonException: Use JsonReader.setLenient(true) to accept malformed JSON at line 1 column 20
07-05 12:30:10.294   545   548 D dalvikvm: GC_CONCURRENT freed 860K, 11% free 10454K/11719K, paused 2ms+3ms
07-05 12:30:10.489   545   548 D dalvikvm: GC_CONCURRENT freed 429K, 12% free 10420K/11719K, paused 2ms+2ms
07-05 12:30:10.598   545 19890 I DownloadManager: Initiating request for download 2328
07-05 12:30:10.665   545   548 D dalvikvm: GC_CONCURRENT freed 298K, 10% free 10580K/11719K, paused 2ms+3ms
07-05 12:30:10.766   545   548 D dalvikvm: GC_CONCURRENT freed 295K, 9% free 10760K/11719K, paused 2ms+3ms
07-05 12:30:10.919   545   548 D dalvikvm: GC_CONCURRENT freed 748K, 11% free 10486K/11719K, paused 2ms+2ms
07-05 12:30:11.126   545   548 D dalvikvm: GC_CONCURRENT freed 440K, 11% free 10433K/11719K, paused 2ms+3ms
07-05 12:30:11.317   545   548 D dalvikvm: GC_CONCURRENT freed 415K, 12% free 10414K/11719K, paused 2ms+2ms
07-05 12:30:11.473   545 19893 D dalvikvm: GC_EXPLICIT freed 72K, 11% free 10453K/11719K, paused 3ms+9ms
07-05 12:30:11.477   545 19893 I DownloadManager: Initiating request for download 2329
07-05 12:30:11.587   545   548 D dalvikvm: GC_CONCURRENT freed 222K, 9% free 10707K/11719K, paused 2ms+3ms
07-05 12:30:11.708   545   548 D dalvikvm: GC_CONCURRENT freed 436K, 9% free 10715K/11719K, paused 2ms+2ms
07-05 12:30:11.872  1370 19895 E DictionaryProvider:UpdateHandler: Can't read a file : android.util.MalformedJsonException: Use JsonReader.setLenient(true) to accept malformed JSON at line 1 column 20
07-05 12:30:11.954  1370  1372 D dalvikvm: GC_CONCURRENT freed 388K, 7% free 9126K/9735K, paused 1ms+5ms
07-05 12:30:11.977   545   548 D dalvikvm: GC_CONCURRENT freed 717K, 11% free 10447K/11719K, paused 2ms+3ms
07-05 12:30:12.161   545   548 D dalvikvm: GC_CONCURRENT freed 423K, 12% free 10419K/11719K, paused 2ms+2ms
07-05 12:30:12.247   545 19898 I DownloadManager: Initiating request for download 2329
07-05 12:30:12.333   545   548 D dalvikvm: GC_CONCURRENT freed 259K, 10% free 10620K/11719K, paused 1ms+3ms
07-05 12:30:12.434   545   548 D dalvikvm: GC_CONCURRENT freed 322K, 8% free 10793K/11719K, paused 1ms+3ms
07-05 12:30:12.606   545   548 D dalvikvm: GC_CONCURRENT freed 817K, 11% free 10448K/11719K, paused 2ms+2ms
07-05 12:30:12.801   545   548 D dalvikvm: GC_CONCURRENT freed 414K, 12% free 10429K/11719K, paused 2ms+2ms
07-05 12:30:13.012   545   548 D dalvikvm: GC_CONCURRENT freed 372K, 11% free 10455K/11719K, paused 2ms+3ms
07-05 12:30:13.028   545 19901 I DownloadManager: Initiating request for download 2330
07-05 12:30:13.145   545   548 D dalvikvm: GC_CONCURRENT freed 194K, 9% free 10698K/11719K, paused 2ms+2ms
07-05 12:30:13.251   545   548 D dalvikvm: GC_CONCURRENT freed 434K, 9% free 10720K/11719K, paused 1ms+2ms
07-05 12:30:13.454   545   548 D dalvikvm: GC_CONCURRENT freed 717K, 11% free 10444K/11719K, paused 2ms+2ms
07-05 12:30:13.575  1370 19903 E DictionaryProvider:UpdateHandler: Can't read a file : android.util.MalformedJsonException: Use JsonReader.setLenient(true) to accept malformed JSON at line 1 column 20
07-05 12:30:13.665   545   548 D dalvikvm: GC_CONCURRENT freed 405K, 11% free 10434K/11719K, paused 1ms+4ms
07-05 12:30:13.766   545 19905 I DownloadManager: Initiating request for download 2330
07-05 12:30:13.829   545   548 D dalvikvm: GC_CONCURRENT freed 282K, 10% free 10610K/11719K, paused 2ms+3ms
07-05 12:30:13.919   545   548 D dalvikvm: GC_CONCURRENT freed 293K, 9% free 10781K/11719K, paused 2ms+3ms
07-05 12:30:14.446   156   594 D dalvikvm: GC_EXPLICIT freed 496K, 13% free 14071K/16007K, paused 3ms+6ms
07-05 12:30:14.626   545   548 D dalvikvm: GC_CONCURRENT freed 760K, 11% free 10485K/11719K, paused 2ms+3ms
07-05 12:30:14.809   545   548 D dalvikvm: GC_CONCURRENT freed 456K, 12% free 10424K/11719K, paused 1ms+2ms
07-05 12:30:14.993   545   548 D dalvikvm: GC_CONCURRENT freed 414K, 12% free 10404K/11719K, paused 2ms+2ms
07-05 12:30:16.208   545 19909 I DownloadManager: Initiating request for download 2331
07-05 12:30:16.337   545   548 D dalvikvm: GC_CONCURRENT freed 194K, 9% free 10668K/11719K, paused 2ms+3ms
07-05 12:30:16.446   545   548 D dalvikvm: GC_CONCURRENT freed 412K, 9% free 10709K/11719K, paused 2ms+3ms
07-05 12:30:16.661  1370 19911 E DictionaryProvider:UpdateHandler: Can't read a file : android.util.MalformedJsonException: Use JsonReader.setLenient(true) to accept malformed JSON at line 1 column 20
07-05 12:30:16.680   545   548 D dalvikvm: GC_CONCURRENT freed 728K, 11% free 10448K/11719K, paused 2ms+3ms
07-05 12:30:16.872   545   548 D dalvikvm: GC_CONCURRENT freed 427K, 12% free 10415K/11719K, paused 2ms+2ms
07-05 12:30:16.985   545 19914 I DownloadManager: Initiating request for download 2331
07-05 12:30:17.067   545   548 D dalvikvm: GC_CONCURRENT freed 299K, 10% free 10574K/11719K, paused 2ms+3ms
07-05 12:30:17.165   545   548 D dalvikvm: GC_CONCURRENT freed 291K, 9% free 10745K/11719K, paused 2ms+3ms
07-05 12:30:17.305   545   548 D dalvikvm: GC_CONCURRENT freed 724K, 11% free 10474K/11719K, paused 2ms+2ms
07-05 12:30:17.509   545   548 D dalvikvm: GC_CONCURRENT freed 434K, 12% free 10428K/11719K, paused 2ms+2ms
07-05 12:30:17.692   545   548 D dalvikvm: GC_CONCURRENT freed 414K, 12% free 10408K/11719K, paused 2ms+2ms
07-05 12:30:17.770   545 19917 I DownloadManager: Initiating request for download 2332
07-05 12:30:17.860   545   548 D dalvikvm: GC_CONCURRENT freed 221K, 10% free 10645K/11719K, paused 2ms+3ms
07-05 12:30:17.966   545   548 D dalvikvm: GC_CONCURRENT freed 327K, 8% free 10821K/11719K, paused 2ms+4ms
07-05 12:30:18.137  1370 19919 E DictionaryProvider:UpdateHandler: Can't read a file : android.util.MalformedJsonException: Use JsonReader.setLenient(true) to accept malformed JSON at line 1 column 20
07-05 12:30:18.219   545   548 D dalvikvm: GC_CONCURRENT freed 856K, 11% free 10444K/11719K, paused 2ms+3ms
07-05 12:30:18.399   545   548 D dalvikvm: GC_CONCURRENT freed 420K, 12% free 10415K/11719K, paused 2ms+3ms
07-05 12:30:18.516   545 19922 I DownloadManager: Initiating request for download 2332
07-05 12:30:18.594   545   548 D dalvikvm: GC_CONCURRENT freed 306K, 10% free 10567K/11719K, paused 2ms+3ms
07-05 12:30:18.688   545   548 D dalvikvm: GC_CONCURRENT freed 292K, 9% free 10752K/11719K, paused 1ms+3ms
07-05 12:30:18.837   545   548 D dalvikvm: GC_CONCURRENT freed 740K, 11% free 10478K/11719K, paused 2ms+2ms
07-05 12:30:19.055   545   548 D dalvikvm: GC_CONCURRENT freed 444K, 12% free 10428K/11719K, paused 2ms+3ms
07-05 12:30:19.235   545   548 D dalvikvm: GC_CONCURRENT freed 408K, 12% free 10409K/11719K, paused 2ms+2ms
07-05 12:30:19.305   545 19925 I DownloadManager: Initiating request for download 2333
07-05 12:30:19.403   545   548 D dalvikvm: GC_CONCURRENT freed 203K, 10% free 10648K/11719K, paused 2ms+3ms
07-05 12:30:19.505   545   548 D dalvikvm: GC_CONCURRENT freed 309K, 8% free 10816K/11719K, paused 1ms+2ms
07-05 12:30:19.696  1370 19927 E DictionaryProvider:UpdateHandler: Can't read a file : android.util.MalformedJsonException: Use JsonReader.setLenient(true) to accept malformed JSON at line 1 column 20
07-05 12:30:19.735   545   548 D dalvikvm: GC_CONCURRENT freed 855K, 11% free 10452K/11719K, paused 2ms+3ms
07-05 12:30:19.782  1370  1372 D dalvikvm: GC_CONCURRENT freed 387K, 7% free 9126K/9735K, paused 2ms+1ms
07-05 12:30:19.954   545   548 D dalvikvm: GC_CONCURRENT freed 427K, 12% free 10420K/11719K, paused 1ms+3ms
07-05 12:30:20.083   545 19930 I DownloadManager: Initiating request for download 2333
07-05 12:30:20.134   545   548 D dalvikvm: GC_CONCURRENT freed 319K, 11% free 10486K/11719K, paused 2ms+3ms
07-05 12:30:20.235   545   548 D dalvikvm: GC_CONCURRENT freed 224K, 9% free 10719K/11719K, paused 2ms+3ms
07-05 12:30:20.344   545   548 D dalvikvm: GC_CONCURRENT freed 475K, 9% free 10714K/11719K, paused 1ms+2ms
07-05 12:30:20.536   545   548 D dalvikvm: GC_CONCURRENT freed 697K, 11% free 10466K/11719K, paused 2ms+2ms
07-05 12:30:20.719   545   548 D dalvikvm: GC_CONCURRENT freed 408K, 11% free 10453K/11719K, paused 2ms+2ms
07-05 12:30:21.380   545 19932 I DownloadManager: Initiating request for download 2334
07-05 12:30:21.501   545   548 D dalvikvm: GC_CONCURRENT freed 259K, 9% free 10717K/11719K, paused 2ms+3ms
07-05 12:30:21.614   545   548 D dalvikvm: GC_CONCURRENT freed 454K, 9% free 10719K/11719K, paused 2ms+3ms
07-05 12:30:21.813   545   548 D dalvikvm: GC_CONCURRENT freed 726K, 11% free 10443K/11719K, paused 2ms+3ms
07-05 12:30:21.868  1370 19935 E DictionaryProvider:UpdateHandler: Can't read a file : android.util.MalformedJsonException: Use JsonReader.setLenient(true) to accept malformed JSON at line 1 column 20
07-05 12:30:22.063   545   548 D dalvikvm: GC_CONCURRENT freed 404K, 11% free 10434K/11719K, paused 2ms+2ms
07-05 12:30:22.192   545 19938 I DownloadManager: Initiating request for download 2334
07-05 12:30:22.259   545   548 D dalvikvm: GC_CONCURRENT freed 355K, 11% free 10504K/11719K, paused 2ms+2ms
07-05 12:30:22.356   545   548 D dalvikvm: GC_CONCURRENT freed 234K, 9% free 10729K/11719K, paused 2ms+3ms
07-05 12:30:22.481   545   548 D dalvikvm: GC_CONCURRENT freed 481K, 9% free 10724K/11719K, paused 2ms+2ms
07-05 12:30:22.708   545   548 D dalvikvm: GC_CONCURRENT freed 741K, 11% free 10435K/11719K, paused 1ms+3ms
07-05 12:30:22.895   545   548 D dalvikvm: GC_CONCURRENT freed 413K, 12% free 10416K/11719K, paused 2ms+2ms
07-05 12:30:22.977   545 19941 I DownloadManager: Initiating request for download 2335
07-05 12:30:23.071   545   548 D dalvikvm: GC_CONCURRENT freed 222K, 10% free 10653K/11719K, paused 2ms+3ms
07-05 12:30:23.173   545   548 D dalvikvm: GC_CONCURRENT freed 286K, 8% free 10820K/11719K, paused 2ms+2ms
07-05 12:30:23.372  1370 19943 E DictionaryProvider:UpdateHandler: Can't read a file : android.util.MalformedJsonException: Use JsonReader.setLenient(true) to accept malformed JSON at line 1 column 20
07-05 12:30:23.407   545   548 D dalvikvm: GC_CONCURRENT freed 861K, 11% free 10468K/11719K, paused 2ms+2ms
07-05 12:30:23.602   545   548 D dalvikvm: GC_CONCURRENT freed 432K, 11% free 10434K/11719K, paused 2ms+3ms
07-05 12:30:23.719   545 19946 I DownloadManager: Initiating request for download 2335
07-05 12:30:23.774   545   548 D dalvikvm: GC_CONCURRENT freed 337K, 11% free 10491K/11719K, paused 1ms+2ms
07-05 12:30:23.876   545   548 D dalvikvm: GC_CONCURRENT freed 225K, 9% free 10726K/11719K, paused 1ms+2ms
07-05 12:30:23.997   545   548 D dalvikvm: GC_CONCURRENT freed 478K, 9% free 10721K/11719K, paused 1ms+2ms
07-05 12:30:24.212   545   548 D dalvikvm: GC_CONCURRENT freed 732K, 11% free 10439K/11719K, paused 2ms+2ms
07-05 12:30:24.391   545   548 D dalvikvm: GC_CONCURRENT freed 415K, 12% free 10419K/11719K, paused 2ms+2ms
07-05 12:30:24.485   545 19949 I DownloadManager: Initiating request for download 2336
07-05 12:30:24.579   545   548 D dalvikvm: GC_CONCURRENT freed 230K, 10% free 10647K/11719K, paused 1ms+3ms
07-05 12:30:24.684   545   548 D dalvikvm: GC_CONCURRENT freed 323K, 8% free 10818K/11719K, paused 2ms+3ms
07-05 12:30:24.899  1370 19951 E DictionaryProvider:UpdateHandler: Can't read a file : android.util.MalformedJsonException: Use JsonReader.setLenient(true) to accept malformed JSON at line 1 column 20
07-05 12:30:24.923   545   548 D dalvikvm: GC_CONCURRENT freed 856K, 11% free 10467K/11719K, paused 2ms+2ms
07-05 12:30:25.118   545   548 D dalvikvm: GC_CONCURRENT freed 420K, 11% free 10435K/11719K, paused 2ms+2ms
07-05 12:30:25.231   545 19954 I DownloadManager: Initiating request for download 2336
07-05 12:30:25.278   545   548 D dalvikvm: GC_CONCURRENT freed 333K, 11% free 10494K/11719K, paused 1ms+2ms
07-05 12:30:25.380   545   548 D dalvikvm: GC_CONCURRENT freed 226K, 9% free 10729K/11719K, paused 1ms+3ms
07-05 12:30:25.512   545   548 D dalvikvm: GC_CONCURRENT freed 705K, 11% free 10490K/11719K, paused 1ms+2ms
07-05 12:30:25.719   545   548 D dalvikvm: GC_CONCURRENT freed 441K, 11% free 10445K/11719K, paused 2ms+3ms
07-05 12:30:25.907   545   548 D dalvikvm: GC_CONCURRENT freed 413K, 12% free 10426K/11719K, paused 2ms+2ms
07-05 12:30:26.024   545 19957 I DownloadManager: Initiating request for download 2337
07-05 12:30:26.114   545   548 D dalvikvm: GC_CONCURRENT freed 246K, 10% free 10618K/11719K, paused 2ms+3ms
07-05 12:30:26.219   545   548 D dalvikvm: GC_CONCURRENT freed 325K, 8% free 10787K/11719K, paused 2ms+4ms
07-05 12:30:26.399   545   548 D dalvikvm: GC_CONCURRENT freed 778K, 11% free 10486K/11719K, paused 2ms+3ms
07-05 12:30:26.477  1370 19959 E DictionaryProvider:UpdateHandler: Can't read a file : android.util.MalformedJsonException: Use JsonReader.setLenient(true) to accept malformed JSON at line 1 column 20
07-05 12:30:26.563  1370  1372 D dalvikvm: GC_CONCURRENT freed 387K, 7% free 9127K/9735K, paused 2ms+2ms
07-05 12:30:26.653   545   548 D dalvikvm: GC_CONCURRENT freed 437K, 11% free 10445K/11719K, paused 2ms+3ms
07-05 12:30:26.841   545   548 D dalvikvm: GC_CONCURRENT freed 418K, 12% free 10421K/11719K, paused 2ms+2ms
07-05 12:30:26.864   545 19962 I DownloadManager: Initiating request for download 2337
07-05 12:30:26.962   545   548 D dalvikvm: GC_CONCURRENT freed 185K, 9% free 10696K/11719K, paused 2ms+3ms
07-05 12:30:27.075   545   548 D dalvikvm: GC_CONCURRENT freed 428K, 9% free 10730K/11719K, paused 2ms+3ms
07-05 12:30:27.301   545   548 D dalvikvm: GC_CONCURRENT freed 735K, 11% free 10448K/11719K, paused 2ms+3ms
07-05 12:30:27.469   545   548 D dalvikvm: GC_CONCURRENT freed 407K, 12% free 10428K/11719K, paused 2ms+2ms
07-05 12:30:27.606   545 19965 I DownloadManager: Initiating request for download 2338
07-05 12:30:27.692   545   548 D dalvikvm: GC_CONCURRENT freed 281K, 10% free 10603K/11719K, paused 2ms+2ms
07-05 12:30:27.794   545   548 D dalvikvm: GC_CONCURRENT freed 314K, 9% free 10779K/11719K, paused 2ms+3ms
07-05 12:30:27.938   545   548 D dalvikvm: GC_CONCURRENT freed 760K, 11% free 10494K/11719K, paused 1ms+2ms
07-05 12:30:28.040  1370 19967 E DictionaryProvider:UpdateHandler: Can't read a file : android.util.MalformedJsonException: Use JsonReader.setLenient(true) to accept malformed JSON at line 1 column 20
07-05 12:30:28.145   465   467 D dalvikvm: GC_CONCURRENT freed 384K, 6% free 10502K/11079K, paused 2ms+3ms
07-05 12:30:28.208   545   548 D dalvikvm: GC_CONCURRENT freed 439K, 11% free 10450K/11719K, paused 2ms+2ms
07-05 12:30:28.376   545   548 D dalvikvm: GC_CONCURRENT freed 420K, 12% free 10425K/11719K, paused 2ms+2ms
07-05 12:30:28.415   545 19970 I DownloadManager: Initiating request for download 2338
07-05 12:30:28.509   545   548 D dalvikvm: GC_CONCURRENT freed 205K, 9% free 10678K/11719K, paused 2ms+2ms
07-05 12:30:28.610   545   548 D dalvikvm: GC_CONCURRENT freed 404K, 9% free 10734K/11719K, paused 2ms+3ms
07-05 12:30:28.809   545   548 D dalvikvm: GC_CONCURRENT freed 725K, 11% free 10459K/11719K, paused 2ms+3ms
07-05 12:30:29.001   545   548 D dalvikvm: GC_CONCURRENT freed 419K, 11% free 10436K/11719K, paused 2ms+2ms
07-05 12:30:29.219   156   594 D dalvikvm: GC_EXPLICIT freed 488K, 13% free 14070K/16007K, paused 3ms+5ms
07-05 12:30:29.227   545 19973 I DownloadManager: Initiating request for download 2339
07-05 12:30:29.286   545   548 D dalvikvm: GC_CONCURRENT freed 334K, 11% free 10504K/11719K, paused 2ms+3ms
07-05 12:30:29.387   545   548 D dalvikvm: GC_CONCURRENT freed 249K, 9% free 10723K/11719K, paused 2ms+3ms
07-05 12:30:29.505   545   548 D dalvikvm: GC_CONCURRENT freed 469K, 9% free 10719K/11719K, paused 2ms+3ms
07-05 12:30:29.641  1370 19975 E DictionaryProvider:UpdateHandler: Can't read a file : android.util.MalformedJsonException: Use JsonReader.setLenient(true) to accept malformed JSON at line 1 column 20
07-05 12:30:29.762   545   548 D dalvikvm: GC_CONCURRENT freed 727K, 11% free 10441K/11719K, paused 2ms+2ms
07-05 12:30:29.942   545   548 D dalvikvm: GC_CONCURRENT freed 420K, 12% free 10416K/11719K, paused 2ms+2ms
07-05 12:30:30.012   545 19978 I DownloadManager: Initiating request for download 2339
07-05 12:30:30.110   545   548 D dalvikvm: GC_CONCURRENT freed 240K, 10% free 10629K/11719K, paused 2ms+3ms
07-05 12:30:30.208   545   548 D dalvikvm: GC_CONCURRENT freed 328K, 8% free 10807K/11719K, paused 1ms+3ms
07-05 12:30:30.395   545   548 D dalvikvm: GC_CONCURRENT freed 813K, 11% free 10477K/11719K, paused 1ms+2ms
07-05 12:30:30.594   545   548 D dalvikvm: GC_CONCURRENT freed 445K, 12% free 10428K/11719K, paused 2ms+2ms
07-05 12:30:30.755   545 19981 I DownloadManager: Initiating request for download 2340
07-05 12:30:30.801   545   548 D dalvikvm: GC_CONCURRENT freed 354K, 11% free 10463K/11719K, paused 2ms+3ms
07-05 12:30:30.911   545   548 D dalvikvm: GC_CONCURRENT freed 210K, 9% free 10713K/11719K, paused 1ms+3ms
07-05 12:30:31.024   545   548 D dalvikvm: GC_CONCURRENT freed 460K, 9% free 10721K/11719K, paused 2ms+3ms
07-05 12:30:31.184  1370 19983 E DictionaryProvider:UpdateHandler: Can't read a file : android.util.MalformedJsonException: Use JsonReader.setLenient(true) to accept malformed JSON at line 1 column 20
07-05 12:30:31.251   545   548 D dalvikvm: GC_CONCURRENT freed 721K, 11% free 10449K/11719K, paused 1ms+3ms
07-05 12:30:31.434   545   548 D dalvikvm: GC_CONCURRENT freed 419K, 12% free 10425K/11719K, paused 1ms+2ms
07-05 12:30:31.532   545 19985 I DownloadManager: Initiating request for download 2340
07-05 12:30:31.618   545   548 D dalvikvm: GC_CONCURRENT freed 277K, 10% free 10626K/11719K, paused 2ms+3ms
07-05 12:30:31.723   545   548 D dalvikvm: GC_CONCURRENT freed 317K, 8% free 10807K/11719K, paused 2ms+2ms
07-05 12:30:31.907   545   548 D dalvikvm: GC_CONCURRENT freed 807K, 11% free 10482K/11719K, paused 2ms+2ms
07-05 12:30:32.102   545   548 D dalvikvm: GC_CONCURRENT freed 438K, 11% free 10441K/11719K, paused 1ms+2ms
07-05 12:30:32.309   545 19989 I DownloadManager: Initiating request for download 2341
07-05 12:30:32.325   545   548 D dalvikvm: GC_CONCURRENT freed 387K, 11% free 10458K/11719K, paused 2ms+3ms
07-05 12:30:32.442   545   548 D dalvikvm: GC_CONCURRENT freed 205K, 9% free 10711K/11719K, paused 2ms+3ms
07-05 12:30:32.555   545   548 D dalvikvm: GC_CONCURRENT freed 441K, 9% free 10726K/11719K, paused 2ms+3ms
07-05 12:30:32.692  1370 19991 E DictionaryProvider:UpdateHandler: Can't read a file : android.util.MalformedJsonException: Use JsonReader.setLenient(true) to accept malformed JSON at line 1 column 20
07-05 12:30:32.770  1370  1372 D dalvikvm: GC_CONCURRENT freed 388K, 7% free 9127K/9735K, paused 2ms+2ms
07-05 12:30:32.829   545   548 D dalvikvm: GC_CONCURRENT freed 730K, 11% free 10448K/11719K, paused 2ms+2ms
07-05 12:30:33.009   545   548 D dalvikvm: GC_CONCURRENT freed 419K, 12% free 10424K/11719K, paused 1ms+2ms
07-05 12:30:33.102   545 19994 I DownloadManager: Initiating request for download 2341
07-05 12:30:33.180   545   548 D dalvikvm: GC_CONCURRENT freed 273K, 10% free 10613K/11719K, paused 2ms+3ms
07-05 12:30:33.286   545   548 D dalvikvm: GC_CONCURRENT freed 297K, 8% free 10791K/11719K, paused 2ms+3ms
07-05 12:30:33.466   545   548 D dalvikvm: GC_CONCURRENT freed 779K, 11% free 10487K/11719K, paused 2ms+2ms
07-05 12:30:33.661   545   548 D dalvikvm: GC_CONCURRENT freed 448K, 11% free 10436K/11719K, paused 1ms+2ms
07-05 12:30:33.844   545   548 D dalvikvm: GC_CONCURRENT freed 414K, 12% free 10417K/11719K, paused 2ms+2ms
07-05 12:30:33.911   545 19997 I DownloadManager: Initiating request for download 2342
07-05 12:30:34.020   545   548 D dalvikvm: GC_CONCURRENT freed 187K, 9% free 10689K/11719K, paused 2ms+3ms
07-05 12:30:34.130   545   548 D dalvikvm: GC_CONCURRENT freed 422K, 9% free 10728K/11719K, paused 2ms+2ms
07-05 12:30:34.341   545   633 D dalvikvm: GC_EXPLICIT freed 709K, 11% free 10461K/11719K, paused 2ms+2ms
07-05 12:30:34.348  1370 19999 E DictionaryProvider:UpdateHandler: Can't read a file : android.util.MalformedJsonException: Use JsonReader.setLenient(true) to accept malformed JSON at line 1 column 20
07-05 12:30:34.532   545   548 D dalvikvm: GC_CONCURRENT freed 422K, 11% free 10434K/11719K, paused 2ms+2ms
07-05 12:30:34.649   545 20002 I DownloadManager: Initiating request for download 2342
07-05 12:30:34.700   545   548 D dalvikvm: GC_CONCURRENT freed 334K, 11% free 10496K/11719K, paused 1ms+3ms
07-05 12:30:34.801   545   548 D dalvikvm: GC_CONCURRENT freed 225K, 9% free 10731K/11719K, paused 2ms+3ms
07-05 12:30:34.930   545   548 D dalvikvm: GC_CONCURRENT freed 470K, 9% free 10730K/11719K, paused 2ms+3ms
07-05 12:30:35.161   545   548 D dalvikvm: GC_CONCURRENT freed 732K, 11% free 10446K/11719K, paused 2ms+2ms
07-05 12:30:35.329   545   548 D dalvikvm: GC_CONCURRENT freed 410K, 12% free 10423K/11719K, paused 1ms+2ms
07-05 12:30:35.426   545 20005 I DownloadManager: Initiating request for download 2343
07-05 12:30:35.512   545   548 D dalvikvm: GC_CONCURRENT freed 222K, 10% free 10628K/11719K, paused 2ms+2ms
07-05 12:30:35.622   545   548 D dalvikvm: GC_CONCURRENT freed 341K, 8% free 10820K/11719K, paused 2ms+3ms
07-05 12:30:35.805   545   548 D dalvikvm: GC_CONCURRENT freed 849K, 11% free 10454K/11719K, paused 1ms+2ms
07-05 12:30:35.989   545   548 D dalvikvm: GC_CONCURRENT freed 409K, 11% free 10440K/11719K, paused 2ms+3ms
07-05 12:30:36.923  1370 20007 E DictionaryProvider:UpdateHandler: Can't read a file : android.util.MalformedJsonException: Use JsonReader.setLenient(true) to accept malformed JSON at line 1 column 20
07-05 12:30:36.966   545   548 D dalvikvm: GC_CONCURRENT freed 369K, 11% free 10474K/11719K, paused 2ms+3ms
07-05 12:30:37.149   545   548 D dalvikvm: GC_CONCURRENT freed 416K, 11% free 10452K/11719K, paused 2ms+2ms
07-05 12:30:37.329   545   548 D dalvikvm: GC_CONCURRENT freed 412K, 11% free 10435K/11719K, paused 2ms+2ms
07-05 12:30:37.938   545   548 D dalvikvm: GC_CONCURRENT freed 372K, 11% free 10458K/11719K, paused 2ms+2ms
07-05 12:30:38.110   545   548 D dalvikvm: GC_CONCURRENT freed 414K, 11% free 10439K/11719K, paused 2ms+3ms
07-05 12:30:38.294   545   548 D dalvikvm: GC_CONCURRENT freed 409K, 12% free 10427K/11719K, paused 2ms+2ms
07-05 12:30:38.403   545 20010 I DownloadManager: Initiating request for download 2344
07-05 12:30:38.493   545   548 D dalvikvm: GC_CONCURRENT freed 234K, 10% free 10648K/11719K, paused 2ms+3ms
07-05 12:30:38.594   545   548 D dalvikvm: GC_CONCURRENT freed 336K, 8% free 10833K/11719K, paused 1ms+4ms
07-05 12:30:38.805   545   548 D dalvikvm: GC_CONCURRENT freed 869K, 11% free 10453K/11719K, paused 2ms+3ms
07-05 12:30:38.864  1370 20012 E DictionaryProvider:UpdateHandler: Can't read a file : android.util.MalformedJsonException: Use JsonReader.setLenient(true) to accept malformed JSON at line 1 column 20
07-05 12:30:39.044   545   548 D dalvikvm: GC_CONCURRENT freed 404K, 11% free 10444K/11719K, paused 1ms+2ms
07-05 12:30:39.176   545 20015 I DownloadManager: Initiating request for download 2344
07-05 12:30:39.223   545   548 D dalvikvm: GC_CONCURRENT freed 352K, 11% free 10501K/11719K, paused 2ms+3ms
07-05 12:30:39.333   545   548 D dalvikvm: GC_CONCURRENT freed 239K, 9% free 10774K/11719K, paused 1ms+3ms
07-05 12:30:39.462   545   548 D dalvikvm: GC_CONCURRENT freed 738K, 11% free 10496K/11719K, paused 2ms+2ms
07-05 12:30:39.669   545   548 D dalvikvm: GC_CONCURRENT freed 442K, 11% free 10449K/11719K, paused 1ms+2ms
07-05 12:30:39.848   545   548 D dalvikvm: GC_CONCURRENT freed 414K, 11% free 10431K/11719K, paused 1ms+3ms
07-05 12:30:39.958   545 20018 I DownloadManager: Initiating request for download 2345
07-05 12:30:40.044   545   548 D dalvikvm: GC_CONCURRENT freed 243K, 10% free 10641K/11719K, paused 2ms+3ms
07-05 12:30:40.149   545   548 D dalvikvm: GC_CONCURRENT freed 320K, 8% free 10822K/11719K, paused 2ms+2ms
07-05 12:30:40.341   545   548 D dalvikvm: GC_CONCURRENT freed 849K, 11% free 10462K/11719K, paused 2ms+2ms
07-05 12:30:40.403  1370 20020 E DictionaryProvider:UpdateHandler: Can't read a file : android.util.MalformedJsonException: Use JsonReader.setLenient(true) to accept malformed JSON at line 1 column 20
07-05 12:30:40.567   545   548 D dalvikvm: GC_CONCURRENT freed 411K, 11% free 10446K/11719K, paused 2ms+3ms
07-05 12:30:40.762   545   548 D dalvikvm: GC_CONCURRENT freed 394K, 11% free 10467K/11719K, paused 1ms+2ms
07-05 12:30:40.762   545 20023 I DownloadManager: Initiating request for download 2345
07-05 12:30:40.884   545   548 D dalvikvm: GC_CONCURRENT freed 204K, 9% free 10722K/11719K, paused 2ms+2ms
07-05 12:30:40.997   545   548 D dalvikvm: GC_CONCURRENT freed 453K, 9% free 10738K/11719K, paused 2ms+3ms
07-05 12:30:41.165  1370  1372 D dalvikvm: GC_CONCURRENT freed 387K, 7% free 9128K/9735K, paused 1ms+3ms
07-05 12:30:41.247   545   548 D dalvikvm: GC_CONCURRENT freed 732K, 11% free 10454K/11719K, paused 2ms+2ms
07-05 12:30:41.430   545   548 D dalvikvm: GC_CONCURRENT freed 413K, 11% free 10434K/11719K, paused 2ms+2ms
07-05 12:30:41.559   545 20026 I DownloadManager: Initiating request for download 2346
07-05 12:30:41.637   545   548 D dalvikvm: GC_CONCURRENT freed 254K, 10% free 10625K/11719K, paused 2ms+3ms
07-05 12:30:41.743   545   548 D dalvikvm: GC_CONCURRENT freed 320K, 8% free 10804K/11719K, paused 2ms+3ms
07-05 12:30:41.915   545   548 D dalvikvm: GC_CONCURRENT freed 788K, 11% free 10506K/11719K, paused 2ms+3ms
07-05 12:30:41.977  1370 20028 E DictionaryProvider:UpdateHandler: Can't read a file : android.util.MalformedJsonException: Use JsonReader.setLenient(true) to accept malformed JSON at line 1 column 20
07-05 12:30:42.149   545   548 D dalvikvm: GC_CONCURRENT freed 447K, 11% free 10455K/11719K, paused 1ms+2ms
07-05 12:30:42.329   545   548 D dalvikvm: GC_CONCURRENT freed 420K, 12% free 10429K/11719K, paused 2ms+2ms
07-05 12:30:42.360   545 20031 I DownloadManager: Initiating request for download 2346
07-05 12:30:42.466   545   548 D dalvikvm: GC_CONCURRENT freed 187K, 9% free 10702K/11719K, paused 2ms+2ms
07-05 12:30:42.571   545   548 D dalvikvm: GC_CONCURRENT freed 411K, 9% free 10755K/11719K, paused 2ms+2ms
07-05 12:30:42.786   545   548 D dalvikvm: GC_CONCURRENT freed 761K, 11% free 10456K/11719K, paused 2ms+3ms
07-05 12:30:42.966   545   548 D dalvikvm: GC_CONCURRENT freed 412K, 11% free 10439K/11719K, paused 1ms+3ms
07-05 12:30:43.102   545 20034 I DownloadManager: Initiating request for download 2347
07-05 12:30:43.192   545   548 D dalvikvm: GC_CONCURRENT freed 295K, 10% free 10607K/11719K, paused 3ms+3ms
07-05 12:30:43.294   545   548 D dalvikvm: GC_CONCURRENT freed 294K, 9% free 10780K/11719K, paused 2ms+3ms
07-05 12:30:43.446   545   548 D dalvikvm: GC_CONCURRENT freed 745K, 11% free 10504K/11719K, paused 2ms+2ms
07-05 12:30:43.540  1370 20036 E DictionaryProvider:UpdateHandler: Can't read a file : android.util.MalformedJsonException: Use JsonReader.setLenient(true) to accept malformed JSON at line 1 column 20
07-05 12:30:43.684   545   548 D dalvikvm: GC_CONCURRENT freed 438K, 11% free 10461K/11719K, paused 2ms+3ms
07-05 12:30:43.864   545   548 D dalvikvm: GC_CONCURRENT freed 419K, 11% free 10437K/11719K, paused 2ms+2ms
07-05 12:30:43.923   545 20039 I DownloadManager: Initiating request for download 2347
07-05 12:30:44.001   156   156 D dalvikvm: GC_EXPLICIT freed 480K, 13% free 14070K/16007K, paused 2ms+5ms
07-05 12:30:44.075   545   548 D dalvikvm: GC_CONCURRENT freed 230K, 9% free 10665K/11719K, paused 2ms+3ms
07-05 12:30:44.184   545   548 D dalvikvm: GC_CONCURRENT freed 338K, 8% free 10833K/11719K, paused 2ms+2ms
07-05 12:30:44.376   545   548 D dalvikvm: GC_CONCURRENT freed 871K, 11% free 10448K/11719K, paused 2ms+2ms
07-05 12:30:44.571   545   548 D dalvikvm: GC_CONCURRENT freed 411K, 11% free 10433K/11719K, paused 2ms+2ms
07-05 12:30:44.755   545 20042 I DownloadManager: Initiating request for download 2348
07-05 12:30:44.821   545   548 D dalvikvm: GC_CONCURRENT freed 335K, 11% free 10499K/11719K, paused 4ms+3ms
07-05 12:30:44.923   545   548 D dalvikvm: GC_CONCURRENT freed 225K, 9% free 10734K/11719K, paused 2ms+2ms
07-05 12:30:45.048   545   548 D dalvikvm: GC_CONCURRENT freed 477K, 9% free 10753K/11719K, paused 2ms+2ms
07-05 12:30:45.200  1370 20044 E DictionaryProvider:UpdateHandler: Can't read a file : android.util.MalformedJsonException: Use JsonReader.setLenient(true) to accept malformed JSON at line 1 column 20
07-05 12:30:45.309   545   548 D dalvikvm: GC_CONCURRENT freed 756K, 11% free 10456K/11719K, paused 2ms+3ms
07-05 12:30:45.497   545   548 D dalvikvm: GC_CONCURRENT freed 418K, 12% free 10425K/11719K, paused 1ms+3ms
07-05 12:30:45.567   545 20047 I DownloadManager: Initiating request for download 2348
07-05 12:30:45.649   545   548 D dalvikvm: GC_CONCURRENT freed 231K, 10% free 10637K/11719K, paused 1ms+3ms
07-05 12:30:45.704   362   362 I wpa_supplicant: wlan0: CTRL-EVENT-DISCONNECTED bssid=d0:c2:82:84:8d:50 reason=0
07-05 12:30:45.708    77   117 D CommandListener: Clearing all IP addresses on wlan0
07-05 12:30:45.719   156   330 D ConnectivityService: ConnectivityChange for WIFI: DISCONNECTED/DISCONNECTED
07-05 12:30:45.723   156   330 D ConnectivityService: Attempting to switch to mobile
07-05 12:30:45.727   156   330 D ConnectivityService: Attempting to switch to WIMAX
07-05 12:30:45.727   156   330 D ConnectivityService: Attempting to switch to BLUETOOTH_TETHER
07-05 12:30:45.731   156   330 E ConnectivityService: Exception trying to remove a route: java.lang.IllegalStateException: Unable to communicate with native dameon to add routes - com.android.server.NativeDaemonConnectorException: Cmd {interface route remove wlan0 default 128.205.59.254 32 0.0.0.0} failed with code 400 : {Failed to remove route from default table (No such process)}
07-05 12:30:45.739   156   330 D NetUtils: android_net_utils_resetConnections in env=0x6b2b60 clazz=0xe7100001 iface=wlan0 mask=0x3
07-05 12:30:45.739   156   330 E ConnectivityService: Exception trying to remove a route: java.lang.IllegalStateException: Unable to communicate with native dameon to add routes - com.android.server.NativeDaemonConnectorException: Cmd {interface route remove wlan0 default 0.0.0.0 0 128.205.59.254} failed with code 400 : {Failed to remove route from default table (No such process)}
07-05 12:30:45.739   156   330 D ConnectivityService: resetConnections(wlan0, 3)
07-05 12:30:45.915   414   416 D dalvikvm: GC_CONCURRENT freed 563K, 37% free 10296K/16263K, paused 1ms+5ms
07-05 12:30:45.942   682  1055 E GTalkService: connectionClosed: no XMPPConnection - That's strange!
07-05 12:30:45.958   156   330 D ConnectivityService: handleInetConditionChange: no active default network - ignore
07-05 12:30:45.981   545   548 D dalvikvm: GC_CONCURRENT freed 305K, 8% free 10812K/11719K, paused 2ms+3ms
07-05 12:30:46.130   545 20047 W DownloadManager: Aborting request for download 2348: no network connection available
07-05 12:30:46.196   545   548 D dalvikvm: GC_CONCURRENT freed 838K, 11% free 10454K/11719K, paused 2ms+2ms
07-05 12:30:46.364   545   548 D dalvikvm: GC_CONCURRENT freed 414K, 11% free 10435K/11719K, paused 2ms+2ms
07-05 12:30:46.583   545   548 D dalvikvm: GC_CONCURRENT freed 395K, 11% free 10450K/11719K, paused 2ms+3ms
07-05 12:30:46.583   545 20049 I DownloadManager: Initiating request for download 2349
07-05 12:30:46.587   545 20049 W DownloadManager: Aborting request for download 2349: no network connection available
07-05 12:30:46.880   545   548 D dalvikvm: GC_CONCURRENT freed 398K, 11% free 10448K/11719K, paused 1ms+2ms
07-05 12:30:46.969   362   362 I wpa_supplicant: wlan0: Trying to associate with d0:c2:82:84:8d:50 (SSID='UB_Wireless' freq=2462 MHz)
07-05 12:30:47.079   545   548 D dalvikvm: GC_CONCURRENT freed 411K, 11% free 10432K/11719K, paused 2ms+2ms
07-05 12:30:47.317   545   548 D dalvikvm: GC_CONCURRENT freed 368K, 11% free 10460K/11719K, paused 1ms+2ms
07-05 12:30:47.501   545   548 D dalvikvm: GC_CONCURRENT freed 406K, 11% free 10454K/11719K, paused 1ms+2ms
07-05 12:30:47.684   545   548 D dalvikvm: GC_CONCURRENT freed 420K, 12% free 10429K/11719K, paused 1ms+2ms
07-05 12:30:48.805   156   333 D Tethering: MasterInitialState.processMessage what=3
07-05 12:30:48.860  1086  1105 D PicasaSyncManager: active network: null
07-05 12:30:48.860  1086  1105 D PicasaSyncManager: background data: true
07-05 12:30:48.876  1190  1190 I MediaUploader: No need to wake up
07-05 12:30:48.880   993   993 I PhoneLab-WiFiReceiver: Wi-Fi is disconnected!
07-05 12:30:51.481   362   362 I wpa_supplicant: wlan0: CTRL-EVENT-DISCONNECTED bssid=d0:c2:82:84:8d:50 reason=0
07-05 12:30:52.555   362   362 I wpa_supplicant: wlan0: Trying to associate with d0:c2:82:66:69:d0 (SSID='UB_Wireless' freq=2462 MHz)
07-05 12:30:52.606   362   362 I wpa_supplicant: wlan0: Associated with d0:c2:82:66:69:d0
07-05 12:30:52.610   362   362 I wpa_supplicant: wlan0: CTRL-EVENT-CONNECTED - Connection to d0:c2:82:66:69:d0 completed (reauth) [id=5 id_str=]
07-05 12:30:53.919   156   330 D ConnectivityService: ConnectivityChange for mobile: CONNECTED/CONNECTED
07-05 12:30:53.969   156   325 W NetworkStats: dropping UID delta from unknown iface: iface=wlan0 uid=0 set=DEFAULT tag=0x0 rxBytes=0 rxPackets=0 txBytes=192 txPackets=3 operations=0
07-05 12:30:53.997   156   326 D NetworkPolicy: applying policy NetworkPolicy[NetworkTemplate: matchRule=MOBILE_ALL, subscriberId=valid]: cycleDay=5, warningBytes=2147483648, limitBytes=-1, lastSnooze=-1 to ifaces [rmnet0]
07-05 12:30:54.923   156   330 D ConnectivityService: NetTransition Wakelock for WifiStateMachine released by timeout
07-05 12:30:56.993   156   333 D Tethering: MasterInitialState.processMessage what=3
07-05 12:30:57.028   682   682 I GTalkService/c: [AndroidEndpoint@1095403848] connect: acct=1000001, state=CONNECTING
07-05 12:30:57.040  1086  1105 D PicasaSyncManager: active network: NetworkInfo: type: mobile[CDMA - EvDo rev. A], state: CONNECTED/CONNECTED, reason: (unspecified), extra: , roaming: false, failover: true, isAvailable: true
07-05 12:30:57.040  1086  1105 D PicasaSyncManager: background data: true
07-05 12:30:57.079  1190  1190 I MediaUploader: No need to wake up
07-05 12:30:57.259   545   548 D dalvikvm: GC_CONCURRENT freed 366K, 11% free 10455K/11719K, paused 3ms+2ms
07-05 12:30:57.395   682   685 D dalvikvm: GC_CONCURRENT freed 391K, 9% free 10128K/11079K, paused 2ms+2ms
07-05 12:30:57.477   545   548 D dalvikvm: GC_CONCURRENT freed 403K, 11% free 10439K/11719K, paused 2ms+2ms
07-05 12:30:57.665   545   548 D dalvikvm: GC_CONCURRENT freed 405K, 12% free 10425K/11719K, paused 1ms+2ms
07-05 12:30:58.278   156   330 D ConnectivityService: ConnectivityChange for WIFI: CONNECTED/CONNECTED
07-05 12:30:58.278   156   330 D ConnectivityService: Policy requires mobile teardown
07-05 12:30:58.305   993   993 I PhoneLab-WiFiReceiver: Wi-Fi is connected!
07-05 12:30:58.305   993   993 I PhoneLab-WiFiReceiver: SSID: UB_Wireless BSSID: d0:c2:82:66:69:d0 RSSI: -200 LinkSpeed: -1
07-05 12:30:58.305   993   993 I PhoneLab-Locks: wake lock acquired
07-05 12:30:58.309   993   993 I PhoneLab-UploadLogs: Transfering log files now
07-05 12:30:58.364   156   330 D ConnectivityService: ConnectivityChange for mobile: DISCONNECTED/DISCONNECTED
07-05 12:30:58.364   156   330 D ConnectivityService: Attempting to switch to WIFI
07-05 12:30:58.364   156   330 D ConnectivityService: Attempting to switch to WIMAX
07-05 12:30:58.364   156   330 D ConnectivityService: Attempting to switch to BLUETOOTH_TETHER
07-05 12:30:58.372   156   325 W NetworkStats: dropping UID delta from unknown iface: iface=wlan0 uid=0 set=DEFAULT tag=0x0 rxBytes=0 rxPackets=0 txBytes=128 txPackets=2 operations=0
07-05 12:30:58.376   156   330 D NetUtils: android_net_utils_resetConnections in env=0x6b2b60 clazz=0x8100001 iface=rmnet0 mask=0x3
07-05 12:30:58.376   156   330 D ConnectivityService: resetConnections(rmnet0, 3)
07-05 12:30:58.450   993   995 D dalvikvm: GC_CONCURRENT freed 432K, 14% free 9205K/10695K, paused 2ms+2ms
07-05 12:30:58.469   993   993 D dalvikvm: GC_FOR_ALLOC freed 274K, 12% free 9424K/10695K, paused 13ms
07-05 12:30:58.485   993   993 I PhoneLab-UploadLogs: OnStartCommand
07-05 12:30:58.497   993   995 D dalvikvm: GC_CONCURRENT freed 255K, 10% free 9680K/10695K, paused 1ms+2ms
07-05 12:30:58.594   156   158 D dalvikvm: GC_CONCURRENT freed 1121K, 12% free 14137K/16007K, paused 2ms+6ms
07-05 12:30:58.641   682 20082 W Smack/Packet: notify conn break (IOEx), close connection
07-05 12:30:58.645   993 20086 D dalvikvm: GC_FOR_ALLOC freed 352K, 10% free 9655K/10695K, paused 70ms
07-05 12:30:58.661   993 20086 D dalvikvm: GC_FOR_ALLOC freed 301K, 10% free 9656K/10695K, paused 13ms
07-05 12:30:58.673   993 20086 D dalvikvm: GC_FOR_ALLOC freed 301K, 10% free 9657K/10695K, paused 12ms
07-05 12:30:58.794   682 20082 I qtaguid : Failed write_ctrl(u 68) res=-1 errno=22
07-05 12:30:58.798   682 20082 I qtaguid : Untagging socket 68 failed errno=-22
07-05 12:30:58.798   682 20082 W NetworkManagementSocketTagger: untagSocket(68) failed with errno -22
07-05 12:31:00.200   993 20086 W System.err: org.apache.http.client.ClientProtocolException
07-05 12:31:00.208   993 20086 W System.err: 	at org.apache.http.impl.client.AbstractHttpClient.execute(AbstractHttpClient.java:557)
07-05 12:31:00.208   993 20086 W System.err: 	at org.apache.http.impl.client.AbstractHttpClient.execute(AbstractHttpClient.java:487)
07-05 12:31:00.212   993 20086 W System.err: 	at com.loopj.android.http.AsyncHttpRequest.makeRequest(Unknown Source)
07-05 12:31:00.212   993 20086 W System.err: 	at com.loopj.android.http.AsyncHttpRequest.makeRequestWithRetries(Unknown Source)
07-05 12:31:00.212   993 20086 W System.err: 	at com.loopj.android.http.AsyncHttpRequest.run(Unknown Source)
07-05 12:31:00.216   993 20086 W System.err: 	at java.util.concurrent.Executors$RunnableAdapter.call(Executors.java:442)
07-05 12:31:00.216   993 20086 W System.err: 	at java.util.concurrent.FutureTask$Sync.innerRun(FutureTask.java:305)
07-05 12:31:00.216   993 20086 W System.err: 	at java.util.concurrent.FutureTask.run(FutureTask.java:137)
07-05 12:31:00.219   993 20086 W System.err: 	at java.util.concurrent.ThreadPoolExecutor.runWorker(ThreadPoolExecutor.java:1076)
07-05 12:31:00.219   993 20086 W System.err: 	at java.util.concurrent.ThreadPoolExecutor$Worker.run(ThreadPoolExecutor.java:569)
07-05 12:31:00.223   993 20086 W System.err: 	at java.lang.Thread.run(Thread.java:856)
07-05 12:31:00.223   993 20086 W System.err: Caused by: org.apache.http.client.NonRepeatableRequestException: Cannot retry request with a non-repeatable request entity
07-05 12:31:00.231   993 20086 W System.err: 	at org.apache.http.impl.client.DefaultRequestDirector.execute(DefaultRequestDirector.java:420)
07-05 12:31:00.231   993 20086 W System.err: 	at org.apache.http.impl.client.AbstractHttpClient.execute(AbstractHttpClient.java:555)
07-05 12:31:00.235   993 20086 W System.err: 	... 10 more
07-05 12:31:00.235   993   993 E PhoneLab-: Transfering 1341502082478.log failed
07-05 12:31:00.239   993   993 I PhoneLab-Locks: wake lock released
07-05 12:31:01.384   156   333 D Tethering: MasterInitialState.processMessage what=3
07-05 12:31:01.415   156   333 D Tethering: MasterInitialState.processMessage what=3
07-05 12:31:01.430   156   333 D Tethering: MasterInitialState.processMessage what=3
07-05 12:31:01.454  1190  1190 I MediaUploader: No need to wake up
07-05 12:31:01.520  1190  1190 I MediaUploader: No need to wake up
07-05 12:31:01.536   414   416 D dalvikvm: GC_CONCURRENT freed 545K, 38% free 10166K/16263K, paused 2ms+4ms
07-05 12:31:01.563  1086  1105 D PicasaSyncManager: active network: NetworkInfo: type: WIFI[], state: CONNECTED/CONNECTED, reason: (unspecified), extra: (none), roaming: false, failover: false, isAvailable: true
07-05 12:31:01.563  1086  1105 D PicasaSyncManager: background data: true
07-05 12:31:01.591  1190  1190 I MediaUploader: No need to wake up
07-05 12:31:01.657   414   416 D dalvikvm: GC_CONCURRENT freed 200K, 37% free 10395K/16263K, paused 2ms+2ms
07-05 12:31:01.692  1086  1105 D PicasaSyncManager: active network: NetworkInfo: type: WIFI[], state: CONNECTED/CONNECTED, reason: (unspecified), extra: (none), roaming: false, failover: false, isAvailable: true
07-05 12:31:01.696  1086  1105 D PicasaSyncManager: background data: true
07-05 12:31:01.833   414   416 D dalvikvm: GC_CONCURRENT freed 556K, 37% free 10254K/16263K, paused 2ms+3ms
07-05 12:31:01.993   545   548 D dalvikvm: GC_CONCURRENT freed 366K, 11% free 10454K/11719K, paused 1ms+3ms
07-05 12:31:02.188   545   548 D dalvikvm: GC_CONCURRENT freed 411K, 11% free 10441K/11719K, paused 2ms+2ms
07-05 12:31:02.360   545   548 D dalvikvm: GC_CONCURRENT freed 410K, 12% free 10420K/11719K, paused 2ms+2ms
07-05 12:31:02.407   545 20089 I DownloadManager: Initiating request for download 2348
07-05 12:31:02.411   545 20089 I DownloadManager: Skipping initiating request for download 2348; already completed
07-05 12:31:02.540   545 20091 I DownloadManager: Initiating request for download 2349
07-05 12:31:02.743   545   548 D dalvikvm: GC_CONCURRENT freed 326K, 11% free 10492K/11719K, paused 1ms+3ms
07-05 12:31:02.852   545   548 D dalvikvm: GC_CONCURRENT freed 250K, 9% free 10696K/11719K, paused 2ms+3ms
07-05 12:31:02.966   545   548 D dalvikvm: GC_CONCURRENT freed 437K, 9% free 10722K/11719K, paused 2ms+3ms
07-05 12:31:03.169  1370 20095 E DictionaryProvider:UpdateHandler: Can't read a file : android.util.MalformedJsonException: Use JsonReader.setLenient(true) to accept malformed JSON at line 1 column 20
07-05 12:31:03.204   545   548 D dalvikvm: GC_CONCURRENT freed 735K, 11% free 10448K/11719K, paused 2ms+3ms
07-05 12:31:03.341   545 20098 I DownloadManager: Initiating request for download 2349
07-05 12:31:03.395   545   548 D dalvikvm: GC_CONCURRENT freed 353K, 11% free 10498K/11719K, paused 2ms+2ms
07-05 12:31:03.501   545   548 D dalvikvm: GC_CONCURRENT freed 223K, 9% free 10733K/11719K, paused 2ms+2ms
07-05 12:31:03.618   545   548 D dalvikvm: GC_CONCURRENT freed 459K, 9% free 10739K/11719K, paused 2ms+2ms
07-05 12:31:03.770  1370  1372 D dalvikvm: GC_CONCURRENT freed 393K, 7% free 9126K/9735K, paused 1ms+3ms
07-05 12:31:03.856   545   548 D dalvikvm: GC_CONCURRENT freed 748K, 11% free 10446K/11719K, paused 2ms+2ms
07-05 12:31:04.028   545   548 D dalvikvm: GC_CONCURRENT freed 412K, 12% free 10429K/11719K, paused 1ms+2ms
07-05 12:31:04.145   545 20101 I DownloadManager: Initiating request for download 2350
07-05 12:31:04.305   545   548 D dalvikvm: GC_CONCURRENT freed 324K, 11% free 10497K/11719K, paused 2ms+2ms
07-05 12:31:04.411   545   548 D dalvikvm: GC_CONCURRENT freed 261K, 9% free 10752K/11719K, paused 2ms+3ms
07-05 12:31:04.536   545   548 D dalvikvm: GC_CONCURRENT freed 503K, 9% free 10729K/11719K, paused 1ms+2ms
07-05 12:31:04.739  1370 20103 E DictionaryProvider:UpdateHandler: Can't read a file : android.util.MalformedJsonException: Use JsonReader.setLenient(true) to accept malformed JSON at line 1 column 20
07-05 12:31:04.884   545   548 D dalvikvm: GC_CONCURRENT freed 721K, 11% free 10467K/11719K, paused 2ms+5ms
07-05 12:31:05.091   545   548 D dalvikvm: GC_CONCURRENT freed 428K, 11% free 10450K/11719K, paused 2ms+3ms
07-05 12:31:05.091   545 20106 I DownloadManager: Initiating request for download 2350
07-05 12:31:05.325   545   548 D dalvikvm: GC_CONCURRENT freed 381K, 11% free 10459K/11719K, paused 1ms+2ms
07-05 12:31:05.509   545   548 D dalvikvm: GC_CONCURRENT freed 405K, 11% free 10448K/11719K, paused 2ms+2ms
07-05 12:31:05.661   545 20108 I DownloadManager: Initiating request for download 2351
07-05 12:31:05.809   545   548 D dalvikvm: GC_CONCURRENT freed 356K, 11% free 10487K/11719K, paused 1ms+2ms
07-05 12:31:05.985   545   548 D dalvikvm: GC_CONCURRENT freed 415K, 11% free 10468K/11719K, paused 2ms+2ms
07-05 12:31:06.165   545   548 D dalvikvm: GC_CONCURRENT freed 407K, 11% free 10455K/11719K, paused 1ms+2ms
07-05 12:31:07.907   545   548 D dalvikvm: GC_CONCURRENT freed 292K, 10% free 10624K/11719K, paused 2ms+2ms
07-05 12:31:07.985   545   548 D dalvikvm: GC_CONCURRENT freed 305K, 8% free 10803K/11719K, paused 1ms+3ms
07-05 12:31:08.118   545   548 D dalvikvm: GC_CONCURRENT freed 658K, 9% free 10714K/11719K, paused 2ms+4ms
07-05 12:31:08.239   545   548 D dalvikvm: GC_CONCURRENT freed 395K, 9% free 10776K/11719K, paused 2ms+2ms
07-05 12:31:08.466   545   548 D dalvikvm: GC_CONCURRENT freed 752K, 11% free 10496K/11719K, paused 2ms+3ms
07-05 12:31:08.544  1370 20112 E DictionaryProvider:UpdateHandler: Can't read a file : android.util.MalformedJsonException: Use JsonReader.setLenient(true) to accept malformed JSON at line 1 column 20
07-05 12:31:08.712   545   548 D dalvikvm: GC_CONCURRENT freed 443K, 11% free 10448K/11719K, paused 2ms+2ms
07-05 12:31:08.880   545 20115 I DownloadManager: Initiating request for download 2351
07-05 12:31:08.891   545   548 D dalvikvm: GC_CONCURRENT freed 369K, 11% free 10472K/11719K, paused 2ms+2ms
07-05 12:31:09.009   545   548 D dalvikvm: GC_CONCURRENT freed 206K, 9% free 10725K/11719K, paused 2ms+2ms
07-05 12:31:09.122   545   548 D dalvikvm: GC_CONCURRENT freed 458K, 9% free 10740K/11719K, paused 2ms+2ms
07-05 12:31:09.344   545   548 D dalvikvm: GC_CONCURRENT freed 736K, 11% free 10457K/11719K, paused 2ms+2ms
07-05 12:31:09.528   545   548 D dalvikvm: GC_CONCURRENT freed 408K, 11% free 10436K/11719K, paused 2ms+2ms
07-05 12:31:10.977   545 20118 I DownloadManager: Initiating request for download 2352
07-05 12:31:11.122   545   548 D dalvikvm: GC_CONCURRENT freed 321K, 11% free 10516K/11719K, paused 1ms+2ms
07-05 12:31:11.301   545   548 D dalvikvm: GC_CONCURRENT freed 418K, 11% free 10486K/11719K, paused 2ms+2ms
07-05 12:31:11.466   545   548 D dalvikvm: GC_CONCURRENT freed 347K, 10% free 10608K/11719K, paused 2ms+2ms
07-05 12:31:11.555   545   548 D dalvikvm: GC_CONCURRENT freed 323K, 9% free 10776K/11719K, paused 2ms+3ms
07-05 12:31:11.704   545   548 D dalvikvm: GC_CONCURRENT freed 773K, 11% free 10469K/11719K, paused 2ms+2ms
07-05 12:31:12.415   156   403 D dalvikvm: GC_EXPLICIT freed 623K, 13% free 14085K/16007K, paused 3ms+5ms
07-05 12:31:12.415  1370 20121 E DictionaryProvider:UpdateHandler: Can't read a file : android.util.MalformedJsonException: Use JsonReader.setLenient(true) to accept malformed JSON at line 1 column 20
07-05 12:31:12.559   545   548 D dalvikvm: GC_CONCURRENT freed 394K, 11% free 10470K/11719K, paused 2ms+3ms
07-05 12:31:12.747   545   548 D dalvikvm: GC_CONCURRENT freed 431K, 11% free 10446K/11719K, paused 2ms+2ms
07-05 12:31:12.876   545 20124 I DownloadManager: Initiating request for download 2352
07-05 12:31:12.887   545 20124 W DownloadManager: Aborting request for download 2352: Trying to resume a download that can't be resumed
07-05 12:31:12.915   545   548 D dalvikvm: GC_CONCURRENT freed 375K, 11% free 10466K/11719K, paused 2ms+3ms
07-05 12:31:13.200   545   548 D dalvikvm: GC_CONCURRENT freed 413K, 11% free 10448K/11719K, paused 2ms+3ms
07-05 12:31:13.387   545   548 D dalvikvm: GC_CONCURRENT freed 403K, 11% free 10433K/11719K, paused 1ms+2ms
07-05 12:31:13.528   545 20127 I DownloadManager: Initiating request for download 2353
07-05 12:31:13.618   545   548 D dalvikvm: GC_CONCURRENT freed 301K, 10% free 10576K/11719K, paused 2ms+3ms
07-05 12:31:13.716   545   548 D dalvikvm: GC_CONCURRENT freed 276K, 9% free 10763K/11719K, paused 2ms+3ms
07-05 12:31:13.860   545   548 D dalvikvm: GC_CONCURRENT freed 733K, 11% free 10494K/11719K, paused 2ms+2ms
07-05 12:31:13.997  1370 20129 E DictionaryProvider:UpdateHandler: Can't read a file : android.util.MalformedJsonException: Use JsonReader.setLenient(true) to accept malformed JSON at line 1 column 20
07-05 12:31:14.083   545   548 D dalvikvm: GC_CONCURRENT freed 423K, 11% free 10459K/11719K, paused 2ms+4ms
07-05 12:31:14.262   545   548 D dalvikvm: GC_CONCURRENT freed 422K, 11% free 10432K/11719K, paused 2ms+2ms
07-05 12:31:14.348   545 20132 I DownloadManager: Initiating request for download 2353
07-05 12:31:14.438   545   548 D dalvikvm: GC_CONCURRENT freed 252K, 10% free 10639K/11719K, paused 2ms+3ms
07-05 12:31:14.540   545   548 D dalvikvm: GC_CONCURRENT freed 323K, 8% free 10817K/11719K, paused 2ms+3ms
07-05 12:31:14.719   545   548 D dalvikvm: GC_CONCURRENT freed 800K, 11% free 10495K/11719K, paused 2ms+2ms
07-05 12:31:14.798  1370  1372 D dalvikvm: GC_CONCURRENT freed 385K, 7% free 9129K/9735K, paused 2ms+2ms
07-05 12:31:14.942   545   548 D dalvikvm: GC_CONCURRENT freed 447K, 11% free 10443K/11719K, paused 2ms+3ms
07-05 12:31:15.165   545 20135 I DownloadManager: Initiating request for download 2354
07-05 12:31:15.184   545   548 D dalvikvm: GC_CONCURRENT freed 408K, 11% free 10443K/11719K, paused 3ms+3ms
07-05 12:31:15.352   545   548 D dalvikvm: GC_CONCURRENT freed 213K, 9% free 10701K/11719K, paused 1ms+4ms
07-05 12:31:15.466   545   548 D dalvikvm: GC_CONCURRENT freed 329K, 8% free 10866K/11719K, paused 2ms+2ms
07-05 12:31:15.700  1370 20137 E DictionaryProvider:UpdateHandler: Can't read a file : android.util.MalformedJsonException: Use JsonReader.setLenient(true) to accept malformed JSON at line 1 column 20
07-05 12:31:15.723   545   548 D dalvikvm: GC_CONCURRENT freed 914K, 11% free 10472K/11719K, paused 2ms+2ms
07-05 12:31:15.923   545   548 D dalvikvm: GC_CONCURRENT freed 429K, 11% free 10437K/11719K, paused 1ms+3ms
07-05 12:31:16.016   545 20140 I DownloadManager: Initiating request for download 2354
07-05 12:31:16.180   545   548 D dalvikvm: GC_CONCURRENT freed 333K, 11% free 10509K/11719K, paused 2ms+2ms
07-05 12:31:16.301   545   548 D dalvikvm: GC_CONCURRENT freed 269K, 9% free 10694K/11719K, paused 2ms+3ms
07-05 12:31:16.411   545   548 D dalvikvm: GC_CONCURRENT freed 329K, 8% free 10836K/11719K, paused 2ms+2ms
07-05 12:31:16.634   545   548 D dalvikvm: GC_CONCURRENT freed 870K, 11% free 10457K/11719K, paused 1ms+2ms
07-05 12:31:16.852   545   548 D dalvikvm: GC_CONCURRENT freed 411K, 11% free 10453K/11719K, paused 1ms+4ms
07-05 12:31:16.852   545 20143 I DownloadManager: Initiating request for download 2355
07-05 12:31:17.012   545   548 D dalvikvm: GC_CONCURRENT freed 205K, 9% free 10719K/11719K, paused 2ms+4ms
07-05 12:31:17.122   545   548 D dalvikvm: GC_CONCURRENT freed 444K, 9% free 10757K/11719K, paused 2ms+3ms
07-05 12:31:17.329   545   548 D dalvikvm: GC_CONCURRENT freed 765K, 11% free 10459K/11719K, paused 2ms+2ms
07-05 12:31:17.438   545 15359 D dalvikvm: GC_EXPLICIT freed 84K, 11% free 10463K/11719K, paused 2ms+3ms
07-05 12:31:17.446  1370 20145 E DictionaryProvider:UpdateHandler: Can't read a file : android.util.MalformedJsonException: Use JsonReader.setLenient(true) to accept malformed JSON at line 1 column 20
07-05 12:31:17.637   545   548 D dalvikvm: GC_CONCURRENT freed 418K, 11% free 10440K/11719K, paused 2ms+3ms
07-05 12:31:17.704   545 20148 I DownloadManager: Initiating request for download 2355
07-05 12:31:17.790   545   548 D dalvikvm: GC_CONCURRENT freed 218K, 10% free 10651K/11719K, paused 2ms+2ms
07-05 12:31:17.887   545   548 D dalvikvm: GC_CONCURRENT freed 352K, 8% free 10842K/11719K, paused 2ms+3ms
07-05 12:31:18.079   545   548 D dalvikvm: GC_CONCURRENT freed 876K, 11% free 10461K/11719K, paused 2ms+2ms
07-05 12:31:18.274   545   548 D dalvikvm: GC_CONCURRENT freed 411K, 11% free 10446K/11719K, paused 2ms+2ms
07-05 12:31:18.426   545 20151 I DownloadManager: Initiating request for download 2356
07-05 12:31:18.477   545   548 D dalvikvm: GC_CONCURRENT freed 337K, 11% free 10512K/11719K, paused 2ms+2ms
07-05 12:31:18.579   545   548 D dalvikvm: GC_CONCURRENT freed 225K, 9% free 10747K/11719K, paused 1ms+3ms
07-05 12:31:18.688   682  1055 E GTalkService: connectionClosed: no XMPPConnection - That's strange!
07-05 12:31:18.700   545   548 D dalvikvm: GC_CONCURRENT freed 479K, 9% free 10748K/11719K, paused 2ms+2ms
07-05 12:31:18.856  1370 20153 E DictionaryProvider:UpdateHandler: Can't read a file : android.util.MalformedJsonException: Use JsonReader.setLenient(true) to accept malformed JSON at line 1 column 20
07-05 12:31:18.946   545   548 D dalvikvm: GC_CONCURRENT freed 737K, 11% free 10467K/11719K, paused 2ms+2ms
07-05 12:31:19.118   545   548 D dalvikvm: GC_CONCURRENT freed 422K, 11% free 10439K/11719K, paused 1ms+3ms
07-05 12:31:19.196   545 20156 I DownloadManager: Initiating request for download 2356
07-05 12:31:19.278   545   548 D dalvikvm: GC_CONCURRENT freed 254K, 10% free 10646K/11719K, paused 2ms+3ms
07-05 12:31:19.384   545   548 D dalvikvm: GC_CONCURRENT freed 314K, 8% free 10830K/11719K, paused 2ms+3ms
07-05 12:31:19.571   545   548 D dalvikvm: GC_CONCURRENT freed 809K, 11% free 10500K/11719K, paused 2ms+2ms
07-05 12:31:19.770   545   548 D dalvikvm: GC_CONCURRENT freed 441K, 11% free 10452K/11719K, paused 1ms+2ms
07-05 12:31:19.946   545   548 D dalvikvm: GC_CONCURRENT freed 404K, 11% free 10439K/11719K, paused 1ms+2ms
07-05 12:31:20.012   545 20159 I DownloadManager: Initiating request for download 2357
07-05 12:31:20.126   545   548 D dalvikvm: GC_CONCURRENT freed 185K, 9% free 10714K/11719K, paused 2ms+3ms
07-05 12:31:20.227   545   548 D dalvikvm: GC_CONCURRENT freed 332K, 8% free 10856K/11719K, paused 2ms+3ms
07-05 12:31:20.423  1370 20161 E DictionaryProvider:UpdateHandler: Can't read a file : android.util.MalformedJsonException: Use JsonReader.setLenient(true) to accept malformed JSON at line 1 column 20
07-05 12:31:20.485   545   548 D dalvikvm: GC_CONCURRENT freed 872K, 11% free 10485K/11719K, paused 1ms+2ms
07-05 12:31:20.669   545   548 D dalvikvm: GC_CONCURRENT freed 436K, 11% free 10444K/11719K, paused 2ms+3ms
07-05 12:31:20.778   545 20164 I DownloadManager: Initiating request for download 2357
07-05 12:31:20.860   545   548 D dalvikvm: GC_CONCURRENT freed 276K, 10% free 10625K/11719K, paused 2ms+2ms
07-05 12:31:20.966   545   548 D dalvikvm: GC_CONCURRENT freed 331K, 8% free 10821K/11719K, paused 2ms+4ms
07-05 12:31:21.149   545   548 D dalvikvm: GC_CONCURRENT freed 802K, 11% free 10504K/11719K, paused 2ms+3ms
07-05 12:31:21.239  1370  1372 D dalvikvm: GC_CONCURRENT freed 387K, 7% free 9129K/9735K, paused 1ms+2ms
07-05 12:31:21.387   545   548 D dalvikvm: GC_CONCURRENT freed 442K, 11% free 10457K/11719K, paused 1ms+2ms
07-05 12:31:21.575   545   548 D dalvikvm: GC_CONCURRENT freed 408K, 11% free 10446K/11719K, paused 2ms+2ms
07-05 12:31:21.630   545 20167 I DownloadManager: Initiating request for download 2358
07-05 12:31:21.680   156   330 D ConnectivityService: handleInetConditionHoldEnd: net=1, condition=0, published condition=0
07-05 12:31:21.841   545   548 D dalvikvm: GC_CONCURRENT freed 326K, 11% free 10508K/11719K, paused 2ms+2ms
07-05 12:31:21.938   545   548 D dalvikvm: GC_CONCURRENT freed 288K, 9% free 10731K/11719K, paused 2ms+3ms
07-05 12:31:22.051   545   548 D dalvikvm: GC_CONCURRENT freed 465K, 9% free 10741K/11719K, paused 2ms+3ms
07-05 12:31:22.219  1370 20169 E DictionaryProvider:UpdateHandler: Can't read a file : android.util.MalformedJsonException: Use JsonReader.setLenient(true) to accept malformed JSON at line 1 column 20
07-05 12:31:22.325   545   548 D dalvikvm: GC_CONCURRENT freed 737K, 11% free 10463K/11719K, paused 2ms+2ms
07-05 12:31:22.050   156   530 I ActivityManager: Start proc com.android.deskclock for broadcast com.android.deskclock/.AlarmInitReceiver: pid=20173 uid=10080 gids={}
07-05 12:31:22.337   156   167 D AlarmManagerService: Kernel timezone updated to 240 minutes west of GMT
07-05 12:31:22.341   482   482 D SystemClock: Setting time of day to sec=1341505882
07-05 12:31:22.066   482   486 D dalvikvm: GC_CONCURRENT freed 393K, 7% free 9492K/10119K, paused 2ms+3ms
07-05 12:31:22.109 20173 20173 I ActivityThread: Pub com.android.deskclock: com.android.deskclock.AlarmProvider
07-05 12:31:22.125 20173 20186 E SQLiteOpenHelper: Couldn't open alarms.db for writing (will try read-only):
07-05 12:31:22.125 20173 20186 E SQLiteOpenHelper: android.database.sqlite.SQLiteException: Can't downgrade database from version 7 to 5
07-05 12:31:22.125 20173 20186 E SQLiteOpenHelper: 	at android.database.sqlite.SQLiteOpenHelper.onDowngrade(SQLiteOpenHelper.java:307)
07-05 12:31:22.125 20173 20186 E SQLiteOpenHelper: 	at android.database.sqlite.SQLiteOpenHelper.getWritableDatabase(SQLiteOpenHelper.java:168)
07-05 12:31:22.125 20173 20186 E SQLiteOpenHelper: 	at android.database.sqlite.SQLiteOpenHelper.getReadableDatabase(SQLiteOpenHelper.java:231)
07-05 12:31:22.125 20173 20186 E SQLiteOpenHelper: 	at com.android.deskclock.AlarmProvider.query(AlarmProvider.java:72)
07-05 12:31:22.125 20173 20186 E SQLiteOpenHelper: 	at android.content.ContentProvider$Transport.query(ContentProvider.java:178)
07-05 12:31:22.125 20173 20186 E SQLiteOpenHelper: 	at android.content.ContentResolver.query(ContentResolver.java:311)
07-05 12:31:22.125 20173 20186 E SQLiteOpenHelper: 	at com.android.deskclock.Alarms.getFilteredAlarmsCursor(Alarms.java:143)
07-05 12:31:22.125 20173 20186 E SQLiteOpenHelper: 	at com.android.deskclock.Alarms.disableExpiredAlarms(Alarms.java:352)
07-05 12:31:22.125 20173 20186 E SQLiteOpenHelper: 	at com.android.deskclock.AlarmInitReceiver$1.run(AlarmInitReceiver.java:45)
07-05 12:31:22.125 20173 20186 E SQLiteOpenHelper: 	at android.os.Handler.handleCallback(Handler.java:605)
07-05 12:31:22.125 20173 20186 E SQLiteOpenHelper: 	at android.os.Handler.dispatchMessage(Handler.java:92)
07-05 12:31:22.125 20173 20186 E SQLiteOpenHelper: 	at android.os.Looper.loop(Looper.java:137)
07-05 12:31:22.125 20173 20186 E SQLiteOpenHelper: 	at android.os.HandlerThread.run(HandlerThread.java:60)
07-05 12:31:22.129 20173 20186 W dalvikvm: threadid=11: thread exiting with uncaught exception (group=0x40a5c1f8)
07-05 12:31:22.129 20173 20186 E AndroidRuntime: FATAL EXCEPTION: AsyncHandler
07-05 12:31:22.129 20173 20186 E AndroidRuntime: android.database.sqlite.SQLiteException: Can't upgrade read-only database from version 7 to 5: /data/data/com.android.deskclock/databases/alarms.db
07-05 12:31:22.129 20173 20186 E AndroidRuntime: 	at android.database.sqlite.SQLiteOpenHelper.getReadableDatabase(SQLiteOpenHelper.java:244)
07-05 12:31:22.129 20173 20186 E AndroidRuntime: 	at com.android.deskclock.AlarmProvider.query(AlarmProvider.java:72)
07-05 12:31:22.129 20173 20186 E AndroidRuntime: 	at android.content.ContentProvider$Transport.query(ContentProvider.java:178)
07-05 12:31:22.129 20173 20186 E AndroidRuntime: 	at android.content.ContentResolver.query(ContentResolver.java:311)
07-05 12:31:22.129 20173 20186 E AndroidRuntime: 	at com.android.deskclock.Alarms.getFilteredAlarmsCursor(Alarms.java:143)
07-05 12:31:22.129 20173 20186 E AndroidRuntime: 	at com.android.deskclock.Alarms.disableExpiredAlarms(Alarms.java:352)
07-05 12:31:22.129 20173 20186 E AndroidRuntime: 	at com.android.deskclock.AlarmInitReceiver$1.run(AlarmInitReceiver.java:45)
07-05 12:31:22.129 20173 20186 E AndroidRuntime: 	at android.os.Handler.handleCallback(Handler.java:605)
07-05 12:31:22.129 20173 20186 E AndroidRuntime: 	at android.os.Handler.dispatchMessage(Handler.java:92)
07-05 12:31:22.129 20173 20186 E AndroidRuntime: 	at android.os.Looper.loop(Looper.java:137)
07-05 12:31:22.129 20173 20186 E AndroidRuntime: 	at android.os.HandlerThread.run(HandlerThread.java:60)
07-05 12:31:22.148 20173 20186 I Process : Sending signal. PID: 20173 SIG: 9
07-05 12:31:22.156   156   593 I ActivityManager: Process com.android.deskclock (pid 20173) has died.
07-05 12:31:22.226   682   685 D dalvikvm: GC_CONCURRENT freed 382K, 9% free 10158K/11079K, paused 1ms+3ms
07-05 12:31:22.340   545 20188 I DownloadManager: Initiating request for download 2358
07-05 12:31:22.465   545   548 D dalvikvm: GC_CONCURRENT freed 343K, 11% free 10515K/11719K, paused 2ms+2ms
07-05 12:31:22.570   545   548 D dalvikvm: GC_CONCURRENT freed 283K, 9% free 10743K/11719K, paused 2ms+4ms
07-05 12:31:22.699   545   548 D dalvikvm: GC_CONCURRENT freed 467K, 9% free 10751K/11719K, paused 2ms+3ms
07-05 12:31:22.929   545   548 D dalvikvm: GC_CONCURRENT freed 751K, 11% free 10460K/11719K, paused 2ms+2ms
07-05 12:31:23.113   545   548 D dalvikvm: GC_CONCURRENT freed 412K, 11% free 10443K/11719K, paused 2ms+2ms
07-05 12:31:23.183   545 20191 I DownloadManager: Initiating request for download 2359
07-05 12:31:23.293   545   548 D dalvikvm: GC_CONCURRENT freed 209K, 9% free 10691K/11719K, paused 2ms+3ms
07-05 12:31:23.398   545   548 D dalvikvm: GC_CONCURRENT freed 339K, 8% free 10873K/11719K, paused 2ms+3ms
07-05 12:31:23.613  1370 20193 D dalvikvm: GC_EXPLICIT freed 163K, 7% free 9100K/9735K, paused 2ms+2ms
07-05 12:31:23.633  1370 20193 E DictionaryProvider:UpdateHandler: Can't read a file : android.util.MalformedJsonException: Use JsonReader.setLenient(true) to accept malformed JSON at line 1 column 20
07-05 12:31:23.699   545   548 D dalvikvm: GC_CONCURRENT freed 895K, 11% free 10488K/11719K, paused 2ms+2ms
07-05 12:31:23.883   545   548 D dalvikvm: GC_CONCURRENT freed 425K, 11% free 10452K/11719K, paused 1ms+3ms
07-05 12:31:23.992   545 20196 I DownloadManager: Initiating request for download 2359
07-05 12:31:24.078   545   548 D dalvikvm: GC_CONCURRENT freed 308K, 10% free 10601K/11719K, paused 2ms+3ms
07-05 12:31:24.175   545   548 D dalvikvm: GC_CONCURRENT freed 297K, 8% free 10791K/11719K, paused 2ms+3ms
07-05 12:31:24.308   545   548 D dalvikvm: GC_CONCURRENT freed 753K, 11% free 10512K/11719K, paused 2ms+3ms
07-05 12:31:24.515   545   548 D dalvikvm: GC_CONCURRENT freed 442K, 11% free 10466K/11719K, paused 1ms+3ms
07-05 12:31:24.703   545   548 D dalvikvm: GC_CONCURRENT freed 414K, 11% free 10447K/11719K, paused 2ms+2ms
07-05 12:31:24.785   545 20199 I DownloadManager: Initiating request for download 2360
07-05 12:31:24.863   156   514 D dalvikvm: GC_EXPLICIT freed 685K, 13% free 14080K/16007K, paused 3ms+5ms
07-05 12:31:24.965   545   548 D dalvikvm: GC_CONCURRENT freed 212K, 9% free 10742K/11719K, paused 2ms+3ms
07-05 12:31:25.066   545   548 D dalvikvm: GC_CONCURRENT freed 398K, 8% free 10850K/11719K, paused 2ms+3ms
07-05 12:31:25.277  1370 20201 E DictionaryProvider:UpdateHandler: Can't read a file : android.util.MalformedJsonException: Use JsonReader.setLenient(true) to accept malformed JSON at line 1 column 20
07-05 12:31:25.304   545   548 D dalvikvm: GC_CONCURRENT freed 883K, 11% free 10474K/11719K, paused 2ms+2ms
07-05 12:31:25.504   545   548 D dalvikvm: GC_CONCURRENT freed 428K, 11% free 10441K/11719K, paused 2ms+2ms
07-05 12:31:25.625   545 20204 I DownloadManager: Initiating request for download 2360
07-05 12:31:25.707   545   548 D dalvikvm: GC_CONCURRENT freed 312K, 10% free 10663K/11719K, paused 2ms+3ms
07-05 12:31:25.812   545   548 D dalvikvm: GC_CONCURRENT freed 354K, 8% free 10819K/11719K, paused 2ms+3ms
07-05 12:31:25.996   545   548 D dalvikvm: GC_CONCURRENT freed 806K, 11% free 10497K/11719K, paused 2ms+3ms
07-05 12:31:26.187   545   548 D dalvikvm: GC_CONCURRENT freed 442K, 11% free 10451K/11719K, paused 2ms+2ms
07-05 12:31:26.371   545   548 D dalvikvm: GC_CONCURRENT freed 413K, 11% free 10432K/11719K, paused 2ms+2ms
07-05 12:31:26.437   545 20207 I DownloadManager: Initiating request for download 2361
07-05 12:31:26.539   545   548 D dalvikvm: GC_CONCURRENT freed 183K, 9% free 10707K/11719K, paused 1ms+3ms
07-05 12:31:26.644   545   548 D dalvikvm: GC_CONCURRENT freed 326K, 8% free 10857K/11719K, paused 1ms+3ms
07-05 12:31:26.812  1370 20209 E DictionaryProvider:UpdateHandler: Can't read a file : android.util.MalformedJsonException: Use JsonReader.setLenient(true) to accept malformed JSON at line 1 column 20
07-05 12:31:26.906   465   467 D dalvikvm: GC_CONCURRENT freed 420K, 6% free 10525K/11079K, paused 2ms+2ms
07-05 12:31:26.925   545   548 D dalvikvm: GC_CONCURRENT freed 884K, 11% free 10470K/11719K, paused 2ms+2ms
07-05 12:31:27.121   545   548 D dalvikvm: GC_CONCURRENT freed 423K, 11% free 10443K/11719K, paused 2ms+3ms
07-05 12:31:27.242   545 20213 I DownloadManager: Initiating request for download 2361
07-05 12:31:27.351   545   548 D dalvikvm: GC_CONCURRENT freed 314K, 10% free 10600K/11719K, paused 2ms+3ms
07-05 12:31:27.453   545   548 D dalvikvm: GC_CONCURRENT freed 293K, 9% free 10752K/11719K, paused 1ms+3ms
07-05 12:31:27.566   545   548 D dalvikvm: GC_CONCURRENT freed 478K, 9% free 10749K/11719K, paused 2ms+2ms
07-05 12:31:27.793   545   548 D dalvikvm: GC_CONCURRENT freed 743K, 11% free 10458K/11719K, paused 1ms+2ms
07-05 12:31:27.976   545   548 D dalvikvm: GC_CONCURRENT freed 415K, 11% free 10437K/11719K, paused 1ms+3ms
07-05 12:31:28.074   545 20216 I DownloadManager: Initiating request for download 2362
07-05 12:31:28.242   545   548 D dalvikvm: GC_CONCURRENT freed 279K, 10% free 10628K/11719K, paused 1ms+3ms
07-05 12:31:28.343   545   548 D dalvikvm: GC_CONCURRENT freed 337K, 8% free 10790K/11719K, paused 1ms+3ms
07-05 12:31:28.461   682   682 I GTalkService/c: [AndroidEndpoint@1095403848] connect: acct=1000001, state=CONNECTING
07-05 12:31:28.496   545   548 D dalvikvm: GC_CONCURRENT freed 758K, 11% free 10500K/11719K, paused 2ms+2ms
07-05 12:31:28.691   545   548 D dalvikvm: GC_CONCURRENT freed 439K, 11% free 10456K/11719K, paused 2ms+3ms
07-05 12:31:29.386  1370 20219 E DictionaryProvider:UpdateHandler: Can't read a file : android.util.MalformedJsonException: Use JsonReader.setLenient(true) to accept malformed JSON at line 1 column 20
07-05 12:31:29.449   545   548 D dalvikvm: GC_CONCURRENT freed 374K, 11% free 10487K/11719K, paused 2ms+2ms
07-05 12:31:29.625   545   548 D dalvikvm: GC_CONCURRENT freed 411K, 11% free 10462K/11719K, paused 2ms+2ms
07-05 12:31:29.804   545   548 D dalvikvm: GC_CONCURRENT freed 408K, 11% free 10449K/11719K, paused 2ms+2ms
07-05 12:31:30.750   545   548 D dalvikvm: GC_CONCURRENT freed 370K, 11% free 10474K/11719K, paused 2ms+2ms
07-05 12:31:30.914   545   548 D dalvikvm: GC_CONCURRENT freed 410K, 11% free 10453K/11719K, paused 2ms+2ms
07-05 12:31:31.105   545   548 D dalvikvm: GC_CONCURRENT freed 406K, 11% free 10442K/11719K, paused 2ms+2ms
07-05 12:31:31.246   545 20222 I DownloadManager: Initiating request for download 2363
07-05 12:31:31.410   545   548 D dalvikvm: GC_CONCURRENT freed 328K, 11% free 10513K/11719K, paused 2ms+2ms
07-05 12:31:31.500   545   548 D dalvikvm: GC_CONCURRENT freed 227K, 9% free 10723K/11719K, paused 2ms+2ms
07-05 12:31:31.601   545   548 D dalvikvm: GC_CONCURRENT freed 446K, 9% free 10751K/11719K, paused 2ms+3ms
07-05 12:31:31.789  1370 20224 E DictionaryProvider:UpdateHandler: Can't read a file : android.util.MalformedJsonException: Use JsonReader.setLenient(true) to accept malformed JSON at line 1 column 20
07-05 12:31:31.836  1370  1372 D dalvikvm: GC_CONCURRENT freed 361K, 7% free 9145K/9735K, paused 1ms+10ms
07-05 12:31:31.851   545   548 D dalvikvm: GC_CONCURRENT freed 744K, 11% free 10472K/11719K, paused 6ms+8ms
07-05 12:31:32.050   545   548 D dalvikvm: GC_CONCURRENT freed 426K, 11% free 10441K/11719K, paused 2ms+3ms
07-05 12:31:32.109   545 20227 I DownloadManager: Initiating request for download 2363
07-05 12:31:32.203   545   548 D dalvikvm: GC_CONCURRENT freed 211K, 9% free 10682K/11719K, paused 1ms+2ms
07-05 12:31:32.308   545   548 D dalvikvm: GC_CONCURRENT freed 312K, 8% free 10862K/11719K, paused 2ms+3ms
07-05 12:31:32.539   545   548 D dalvikvm: GC_CONCURRENT freed 882K, 11% free 10482K/11719K, paused 2ms+2ms
07-05 12:31:32.718   545   548 D dalvikvm: GC_CONCURRENT freed 427K, 11% free 10450K/11719K, paused 2ms+2ms
07-05 12:31:32.883   545 20230 I DownloadManager: Initiating request for download 2364
07-05 12:31:32.937   545   548 D dalvikvm: GC_CONCURRENT freed 343K, 11% free 10518K/11719K, paused 2ms+3ms
07-05 12:31:33.047   545   548 D dalvikvm: GC_CONCURRENT freed 223K, 9% free 10754K/11719K, paused 2ms+3ms
07-05 12:31:33.164   545   548 D dalvikvm: GC_CONCURRENT freed 478K, 9% free 10759K/11719K, paused 2ms+3ms
07-05 12:31:33.340  1370 20232 E DictionaryProvider:UpdateHandler: Can't read a file : android.util.MalformedJsonException: Use JsonReader.setLenient(true) to accept malformed JSON at line 1 column 20
07-05 12:31:33.422   545   548 D dalvikvm: GC_CONCURRENT freed 734K, 11% free 10480K/11719K, paused 2ms+2ms
07-05 12:31:33.593   545   548 D dalvikvm: GC_CONCURRENT freed 420K, 11% free 10450K/11719K, paused 2ms+2ms
07-05 12:31:33.679   545 20235 I DownloadManager: Initiating request for download 2364
07-05 12:31:33.828   545   548 D dalvikvm: GC_CONCURRENT freed 328K, 11% free 10522K/11719K, paused 2ms+2ms
07-05 12:31:33.918   545   548 D dalvikvm: GC_CONCURRENT freed 251K, 9% free 10738K/11719K, paused 2ms+3ms
07-05 12:31:34.027   545   548 D dalvikvm: GC_CONCURRENT freed 459K, 9% free 10757K/11719K, paused 2ms+3ms
07-05 12:31:34.250   545   548 D dalvikvm: GC_CONCURRENT freed 755K, 11% free 10464K/11719K, paused 2ms+3ms
07-05 12:31:34.437   545   548 D dalvikvm: GC_CONCURRENT freed 414K, 11% free 10444K/11719K, paused 2ms+2ms
07-05 12:31:34.511   545 20238 I DownloadManager: Initiating request for download 2365
07-05 12:31:34.605   545   548 D dalvikvm: GC_CONCURRENT freed 205K, 9% free 10697K/11719K, paused 2ms+3ms
07-05 12:31:34.711   545   548 D dalvikvm: GC_CONCURRENT freed 332K, 8% free 10868K/11719K, paused 2ms+3ms
07-05 12:31:34.886  1370 20240 E DictionaryProvider:UpdateHandler: Can't read a file : android.util.MalformedJsonException: Use JsonReader.setLenient(true) to accept malformed JSON at line 1 column 20
07-05 12:31:34.957   545   548 D dalvikvm: GC_CONCURRENT freed 876K, 11% free 10491K/11719K, paused 2ms+3ms
07-05 12:31:35.136   545   548 D dalvikvm: GC_CONCURRENT freed 427K, 11% free 10459K/11719K, paused 2ms+2ms
07-05 12:31:35.258   545 20243 I DownloadManager: Initiating request for download 2365
07-05 12:31:35.316   545   548 D dalvikvm: GC_CONCURRENT freed 335K, 11% free 10522K/11719K, paused 1ms+2ms
07-05 12:31:35.422   545   548 D dalvikvm: GC_CONCURRENT freed 212K, 9% free 10753K/11719K, paused 2ms+3ms
07-05 12:31:35.550   545   548 D dalvikvm: GC_CONCURRENT freed 472K, 8% free 10791K/11719K, paused 3ms+3ms
07-05 12:31:35.789   545   548 D dalvikvm: GC_CONCURRENT freed 797K, 11% free 10468K/11719K, paused 2ms+2ms
07-05 12:31:35.972   545   548 D dalvikvm: GC_CONCURRENT freed 414K, 11% free 10450K/11719K, paused 2ms+2ms
07-05 12:31:36.078   545 20246 I DownloadManager: Initiating request for download 2366
07-05 12:31:36.254   545   548 D dalvikvm: GC_CONCURRENT freed 317K, 11% free 10521K/11719K, paused 2ms+2ms
07-05 12:31:36.347   545   548 D dalvikvm: GC_CONCURRENT freed 255K, 9% free 10737K/11719K, paused 2ms+2ms
07-05 12:31:36.457   545   548 D dalvikvm: GC_CONCURRENT freed 455K, 9% free 10760K/11719K, paused 1ms+2ms
07-05 12:31:36.621  1370 20248 E DictionaryProvider:UpdateHandler: Can't read a file : android.util.MalformedJsonException: Use JsonReader.setLenient(true) to accept malformed JSON at line 1 column 20
07-05 12:31:36.711   545   548 D dalvikvm: GC_CONCURRENT freed 749K, 11% free 10479K/11719K, paused 2ms+2ms
07-05 12:31:36.890   545   548 D dalvikvm: GC_CONCURRENT freed 425K, 11% free 10448K/11719K, paused 2ms+2ms
07-05 12:31:36.925   545 20251 I DownloadManager: Initiating request for download 2366
07-05 12:31:37.035   545   548 D dalvikvm: GC_CONCURRENT freed 192K, 9% free 10714K/11719K, paused 2ms+2ms
07-05 12:31:37.136   545   548 D dalvikvm: GC_CONCURRENT freed 343K, 8% free 10874K/11719K, paused 2ms+4ms
07-05 12:31:37.367   545   548 D dalvikvm: GC_CONCURRENT freed 889K, 11% free 10476K/11719K, paused 2ms+2ms
07-05 12:31:37.554   545   548 D dalvikvm: GC_CONCURRENT freed 416K, 11% free 10458K/11719K, paused 2ms+2ms
07-05 12:31:37.683   545 20254 I DownloadManager: Initiating request for download 2367
07-05 12:31:37.769   545   548 D dalvikvm: GC_CONCURRENT freed 293K, 10% free 10607K/11719K, paused 2ms+3ms
07-05 12:31:37.871   545   548 D dalvikvm: GC_CONCURRENT freed 286K, 8% free 10800K/11719K, paused 1ms+3ms
07-05 12:31:38.008   545   548 D dalvikvm: GC_CONCURRENT freed 750K, 11% free 10520K/11719K, paused 2ms+2ms
07-05 12:31:38.101  1370 20256 E DictionaryProvider:UpdateHandler: Can't read a file : android.util.MalformedJsonException: Use JsonReader.setLenient(true) to accept malformed JSON at line 1 column 20
07-05 12:31:38.133  1370  1372 D dalvikvm: GC_CONCURRENT freed 403K, 7% free 9127K/9735K, paused 1ms+2ms
07-05 12:31:38.265   545   548 D dalvikvm: GC_CONCURRENT freed 434K, 11% free 10481K/11719K, paused 2ms+2ms
07-05 12:31:38.437   545   548 D dalvikvm: GC_CONCURRENT freed 419K, 11% free 10456K/11719K, paused 2ms+2ms
07-05 12:31:38.523   545 20259 I DownloadManager: Initiating request for download 2367
07-05 12:31:38.664   545   548 D dalvikvm: GC_CONCURRENT freed 286K, 10% free 10640K/11719K, paused 2ms+3ms
07-05 12:31:38.769   545   548 D dalvikvm: GC_CONCURRENT freed 350K, 8% free 10790K/11719K, paused 1ms+3ms
07-05 12:31:38.898   545   548 D dalvikvm: GC_CONCURRENT freed 757K, 11% free 10517K/11719K, paused 2ms+2ms
07-05 12:31:39.101   545   548 D dalvikvm: GC_CONCURRENT freed 440K, 11% free 10471K/11719K, paused 2ms+3ms
07-05 12:31:39.273   545   548 D dalvikvm: GC_CONCURRENT freed 406K, 11% free 10452K/11719K, paused 1ms+2ms
07-05 12:31:39.324   545 20262 I DownloadManager: Initiating request for download 2368
07-05 12:31:39.437   545   548 D dalvikvm: GC_CONCURRENT freed 180K, 9% free 10732K/11719K, paused 2ms+4ms
07-05 12:31:39.550   545   548 D dalvikvm: GC_CONCURRENT freed 436K, 9% free 10781K/11719K, paused 2ms+3ms
07-05 12:31:39.816   156   168 D dalvikvm: GC_EXPLICIT freed 487K, 13% free 14075K/16007K, paused 3ms+5ms
07-05 12:31:39.859   545   548 D dalvikvm: GC_CONCURRENT freed 773K, 11% free 10487K/11719K, paused 2ms+3ms
07-05 12:31:39.863  1370 20264 E DictionaryProvider:UpdateHandler: Can't read a file : android.util.MalformedJsonException: Use JsonReader.setLenient(true) to accept malformed JSON at line 1 column 20
07-05 12:31:40.078   545   548 D dalvikvm: GC_CONCURRENT freed 406K, 11% free 10469K/11719K, paused 2ms+3ms
07-05 12:31:40.211   545 20269 I DownloadManager: Initiating request for download 2368
07-05 12:31:40.261   545   548 D dalvikvm: GC_CONCURRENT freed 347K, 11% free 10515K/11719K, paused 2ms+2ms
07-05 12:31:40.375   545   548 D dalvikvm: GC_CONCURRENT freed 221K, 9% free 10753K/11719K, paused 1ms+3ms
07-05 12:31:40.488   545   548 D dalvikvm: GC_CONCURRENT freed 471K, 9% free 10760K/11719K, paused 1ms+2ms
07-05 12:31:40.711   545   548 D dalvikvm: GC_CONCURRENT freed 758K, 11% free 10465K/11719K, paused 1ms+2ms
07-05 12:31:40.890   545   548 D dalvikvm: GC_CONCURRENT freed 415K, 11% free 10445K/11719K, paused 2ms+2ms
07-05 12:31:41.066   545 20272 D dalvikvm: GC_EXPLICIT freed 208K, 11% free 10481K/11719K, paused 2ms+6ms
07-05 12:31:41.070   545 20272 I DownloadManager: Initiating request for download 2369
07-05 12:31:41.258   545   548 D dalvikvm: GC_CONCURRENT freed 340K, 10% free 10608K/11719K, paused 2ms+3ms
07-05 12:31:41.351   545   548 D dalvikvm: GC_CONCURRENT freed 324K, 9% free 10773K/11719K, paused 2ms+3ms
07-05 12:31:41.472   545   548 D dalvikvm: GC_CONCURRENT freed 756K, 11% free 10502K/11719K, paused 2ms+3ms
07-05 12:31:41.605  1370 20274 E DictionaryProvider:UpdateHandler: Can't read a file : android.util.MalformedJsonException: Use JsonReader.setLenient(true) to accept malformed JSON at line 1 column 20
07-05 12:31:41.718   545   548 D dalvikvm: GC_CONCURRENT freed 431K, 11% free 10466K/11719K, paused 2ms+3ms
07-05 12:31:41.812   545 20276 I DownloadManager: Initiating request for download 2369
07-05 12:31:41.890   545   548 D dalvikvm: GC_CONCURRENT freed 269K, 10% free 10641K/11719K, paused 2ms+3ms
07-05 12:31:41.980   545   548 D dalvikvm: GC_CONCURRENT freed 299K, 8% free 10816K/11719K, paused 2ms+3ms
07-05 12:31:43.316   156   167 D AlarmManagerService: Kernel timezone updated to 240 minutes west of GMT
07-05 12:31:43.410   545   548 D dalvikvm: GC_CONCURRENT freed 788K, 11% free 10505K/11719K, paused 2ms+3ms
07-05 12:31:43.613   545   548 D dalvikvm: GC_CONCURRENT freed 436K, 11% free 10464K/11719K, paused 2ms+2ms
07-05 12:31:43.804   545   548 D dalvikvm: GC_CONCURRENT freed 413K, 11% free 10446K/11719K, paused 1ms+3ms
07-05 12:31:43.898   545 20280 I DownloadManager: Initiating request for download 2370
07-05 12:31:44.082   545   548 D dalvikvm: GC_CONCURRENT freed 326K, 11% free 10516K/11719K, paused 2ms+2ms
07-05 12:31:44.250   545   548 D dalvikvm: GC_CONCURRENT freed 370K, 10% free 10619K/11719K, paused 2ms+3ms
07-05 12:31:44.347   545   548 D dalvikvm: GC_CONCURRENT freed 336K, 8% free 10801K/11719K, paused 1ms+3ms
07-05 12:31:44.504   545   548 D dalvikvm: GC_CONCURRENT freed 781K, 11% free 10495K/11719K, paused 1ms+2ms
07-05 12:31:44.582  1370 20282 E DictionaryProvider:UpdateHandler: Can't read a file : android.util.MalformedJsonException: Use JsonReader.setLenient(true) to accept malformed JSON at line 1 column 20
07-05 12:31:44.722   545   548 D dalvikvm: GC_CONCURRENT freed 400K, 11% free 10494K/11719K, paused 1ms+3ms
07-05 12:31:44.742   545 20285 I DownloadManager: Initiating request for download 2370
07-05 12:31:44.945   545   548 D dalvikvm: GC_CONCURRENT freed 384K, 11% free 10506K/11719K, paused 2ms+2ms
07-05 12:31:45.047   545   548 D dalvikvm: GC_CONCURRENT freed 252K, 9% free 10725K/11719K, paused 1ms+4ms
07-05 12:31:45.164   545   548 D dalvikvm: GC_CONCURRENT freed 464K, 9% free 10754K/11719K, paused 1ms+2ms
07-05 12:31:45.386   545   548 D dalvikvm: GC_CONCURRENT freed 756K, 11% free 10458K/11719K, paused 1ms+3ms
07-05 12:31:45.508   545 20288 I DownloadManager: Initiating request for download 2371
07-05 12:31:45.640   545   548 D dalvikvm: GC_CONCURRENT freed 325K, 11% free 10523K/11719K, paused 2ms+3ms
07-05 12:31:45.742   545   548 D dalvikvm: GC_CONCURRENT freed 250K, 9% free 10737K/11719K, paused 2ms+3ms
07-05 12:31:45.836   545   548 D dalvikvm: GC_CONCURRENT freed 441K, 9% free 10765K/11719K, paused 2ms+2ms
07-05 12:31:46.000  1370 20290 E DictionaryProvider:UpdateHandler: Can't read a file : android.util.MalformedJsonException: Use JsonReader.setLenient(true) to accept malformed JSON at line 1 column 20
07-05 12:31:46.031  1370  1372 D dalvikvm: GC_CONCURRENT freed 390K, 7% free 9127K/9735K, paused 1ms+2ms
07-05 12:31:46.109   545   548 D dalvikvm: GC_CONCURRENT freed 752K, 11% free 10481K/11719K, paused 2ms+2ms
07-05 12:31:46.281   545   548 D dalvikvm: GC_CONCURRENT freed 421K, 11% free 10454K/11719K, paused 2ms+2ms
07-05 12:31:46.351   545 20293 I DownloadManager: Initiating request for download 2371
07-05 12:31:46.437   545   548 D dalvikvm: GC_CONCURRENT freed 229K, 9% free 10678K/11719K, paused 2ms+3ms
07-05 12:31:46.539   545   548 D dalvikvm: GC_CONCURRENT freed 328K, 8% free 10862K/11719K, paused 2ms+3ms
07-05 12:31:46.761   545   548 D dalvikvm: GC_CONCURRENT freed 879K, 11% free 10481K/11719K, paused 2ms+2ms
07-05 12:31:46.941   545   548 D dalvikvm: GC_CONCURRENT freed 416K, 11% free 10460K/11719K, paused 2ms+2ms
07-05 12:31:47.152   545   548 D dalvikvm: GC_CONCURRENT freed 379K, 11% free 10492K/11719K, paused 2ms+3ms
07-05 12:31:47.152   545 20296 I DownloadManager: Initiating request for download 2372
07-05 12:31:47.277   545   548 D dalvikvm: GC_CONCURRENT freed 228K, 9% free 10764K/11719K, paused 2ms+3ms
07-05 12:31:47.394   545   548 D dalvikvm: GC_CONCURRENT freed 477K, 9% free 10773K/11719K, paused 2ms+2ms
07-05 12:31:47.543  1370 20298 E DictionaryProvider:UpdateHandler: Can't read a file : android.util.MalformedJsonException: Use JsonReader.setLenient(true) to accept malformed JSON at line 1 column 20
07-05 12:31:47.660   545   548 D dalvikvm: GC_CONCURRENT freed 752K, 11% free 10482K/11719K, paused 1ms+2ms
07-05 12:31:47.843   545   548 D dalvikvm: GC_CONCURRENT freed 416K, 11% free 10457K/11719K, paused 2ms+2ms
07-05 12:31:47.929   545 20301 I DownloadManager: Initiating request for download 2372
07-05 12:31:48.011   545   548 D dalvikvm: GC_CONCURRENT freed 243K, 10% free 10636K/11719K, paused 2ms+2ms
07-05 12:31:48.121   545   548 D dalvikvm: GC_CONCURRENT freed 320K, 8% free 10818K/11719K, paused 1ms+4ms
07-05 12:31:48.281   545   548 D dalvikvm: GC_CONCURRENT freed 780K, 11% free 10531K/11719K, paused 2ms+2ms
07-05 12:31:48.488   545   548 D dalvikvm: GC_CONCURRENT freed 452K, 11% free 10485K/11719K, paused 2ms+2ms
07-05 12:31:48.668   545   548 D dalvikvm: GC_CONCURRENT freed 428K, 11% free 10452K/11719K, paused 1ms+3ms
07-05 12:31:48.746   545 20304 I DownloadManager: Initiating request for download 2373
07-05 12:31:48.836   545   548 D dalvikvm: GC_CONCURRENT freed 205K, 9% free 10701K/11719K, paused 2ms+3ms
07-05 12:31:48.937   545   548 D dalvikvm: GC_CONCURRENT freed 337K, 8% free 10882K/11719K, paused 1ms+2ms
07-05 12:31:49.160   545   548 D dalvikvm: GC_CONCURRENT freed 903K, 11% free 10483K/11719K, paused 1ms+2ms
07-05 12:31:49.195  1370 20306 E DictionaryProvider:UpdateHandler: Can't read a file : android.util.MalformedJsonException: Use JsonReader.setLenient(true) to accept malformed JSON at line 1 column 20
07-05 12:31:49.386   545   548 D dalvikvm: GC_CONCURRENT freed 409K, 11% free 10469K/11719K, paused 2ms+2ms
07-05 12:31:49.515   545 20309 I DownloadManager: Initiating request for download 2373
07-05 12:31:49.570   545   548 D dalvikvm: GC_CONCURRENT freed 352K, 11% free 10532K/11719K, paused 2ms+3ms
07-05 12:31:49.672   545   548 D dalvikvm: GC_CONCURRENT freed 210K, 9% free 10774K/11719K, paused 2ms+3ms
07-05 12:31:49.777   545   548 D dalvikvm: GC_CONCURRENT freed 478K, 9% free 10776K/11719K, paused 1ms+3ms
07-05 12:31:50.000   545   548 D dalvikvm: GC_CONCURRENT freed 757K, 11% free 10480K/11719K, paused 2ms+3ms
07-05 12:31:50.183   545   548 D dalvikvm: GC_CONCURRENT freed 414K, 11% free 10460K/11719K, paused 1ms+2ms
07-05 12:31:50.304   545 20312 I DownloadManager: Initiating request for download 2374
07-05 12:31:50.394   545   548 D dalvikvm: GC_CONCURRENT freed 251K, 9% free 10731K/11719K, paused 2ms+2ms
07-05 12:31:50.508   545   548 D dalvikvm: GC_CONCURRENT freed 389K, 8% free 10875K/11719K, paused 2ms+3ms
07-05 12:31:50.703   545   548 D dalvikvm: GC_CONCURRENT freed 854K, 11% free 10521K/11719K, paused 1ms+2ms
07-05 12:31:50.761  1370 20314 E DictionaryProvider:UpdateHandler: Can't read a file : android.util.MalformedJsonException: Use JsonReader.setLenient(true) to accept malformed JSON at line 1 column 20
07-05 12:31:50.929   545   548 D dalvikvm: GC_CONCURRENT freed 436K, 11% free 10480K/11719K, paused 1ms+2ms
07-05 12:31:51.086   545 20317 I DownloadManager: Initiating request for download 2374
07-05 12:31:51.117   545   548 D dalvikvm: GC_CONCURRENT freed 404K, 11% free 10504K/11719K, paused 2ms+2ms
07-05 12:31:51.230   545   548 D dalvikvm: GC_CONCURRENT freed 203K, 9% free 10760K/11719K, paused 2ms+3ms
07-05 12:31:51.351   545   548 D dalvikvm: GC_CONCURRENT freed 463K, 8% free 10782K/11719K, paused 1ms+3ms
07-05 12:31:51.586   545   548 D dalvikvm: GC_CONCURRENT freed 761K, 11% free 10484K/11719K, paused 2ms+3ms
07-05 12:31:51.777   545   548 D dalvikvm: GC_CONCURRENT freed 412K, 11% free 10465K/11719K, paused 2ms+3ms
07-05 12:31:51.898   545 20320 I DownloadManager: Initiating request for download 2375
07-05 12:31:51.996   545   548 D dalvikvm: GC_CONCURRENT freed 277K, 10% free 10657K/11719K, paused 2ms+3ms
07-05 12:31:52.097   545   548 D dalvikvm: GC_CONCURRENT freed 326K, 8% free 10841K/11719K, paused 2ms+3ms
07-05 12:31:52.265   545   548 D dalvikvm: GC_CONCURRENT freed 803K, 11% free 10527K/11719K, paused 2ms+3ms
07-05 12:31:52.343  1370 20322 E DictionaryProvider:UpdateHandler: Can't read a file : android.util.MalformedJsonException: Use JsonReader.setLenient(true) to accept malformed JSON at line 1 column 20
07-05 12:31:52.386  1370  1372 D dalvikvm: GC_CONCURRENT freed 387K, 7% free 9130K/9735K, paused 2ms+2ms
07-05 12:31:52.535   545   548 D dalvikvm: GC_CONCURRENT freed 437K, 11% free 10485K/11719K, paused 2ms+3ms
07-05 12:31:52.711   545   548 D dalvikvm: GC_CONCURRENT freed 419K, 11% free 10461K/11719K, paused 2ms+2ms
07-05 12:31:52.754   545 20325 I DownloadManager: Initiating request for download 2375
07-05 12:31:52.851   545   548 D dalvikvm: GC_CONCURRENT freed 210K, 8% free 10788K/11719K, paused 2ms+3ms
07-05 12:31:52.972   545   548 D dalvikvm: GC_CONCURRENT freed 490K, 8% free 10805K/11719K, paused 2ms+3ms
07-05 12:31:53.199   545   548 D dalvikvm: GC_CONCURRENT freed 798K, 11% free 10485K/11719K, paused 1ms+2ms
07-05 12:31:53.379   545   548 D dalvikvm: GC_CONCURRENT freed 414K, 11% free 10466K/11719K, paused 2ms+2ms
07-05 12:31:53.519   545 20328 I DownloadManager: Initiating request for download 2376
07-05 12:31:53.590   545   548 D dalvikvm: GC_CONCURRENT freed 285K, 10% free 10617K/11719K, paused 1ms+3ms
07-05 12:31:53.699   545   548 D dalvikvm: GC_CONCURRENT freed 284K, 8% free 10896K/11719K, paused 2ms+2ms
07-05 12:31:53.871   545   548 D dalvikvm: GC_CONCURRENT freed 870K, 11% free 10529K/11719K, paused 2ms+3ms
07-05 12:31:53.949  1370 20330 E DictionaryProvider:UpdateHandler: Can't read a file : android.util.MalformedJsonException: Use JsonReader.setLenient(true) to accept malformed JSON at line 1 column 20
07-05 12:31:54.109   545   548 D dalvikvm: GC_CONCURRENT freed 436K, 11% free 10488K/11719K, paused 2ms+2ms
07-05 12:31:54.300   545   548 D dalvikvm: GC_CONCURRENT freed 420K, 11% free 10463K/11719K, paused 2ms+2ms
07-05 12:31:54.414   156   156 D dalvikvm: GC_EXPLICIT freed 484K, 13% free 14074K/16007K, paused 3ms+6ms
07-05 12:31:54.422   545 20333 I DownloadManager: Initiating request for download 2376
07-05 12:31:54.535   545   548 D dalvikvm: GC_CONCURRENT freed 207K, 9% free 10713K/11719K, paused 2ms+3ms
07-05 12:31:54.636   545   548 D dalvikvm: GC_CONCURRENT freed 373K, 8% free 10865K/11719K, paused 2ms+3ms
07-05 12:31:54.843   545   548 D dalvikvm: GC_CONCURRENT freed 884K, 11% free 10489K/11719K, paused 2ms+2ms
07-05 12:31:55.035   545   548 D dalvikvm: GC_CONCURRENT freed 423K, 11% free 10461K/11719K, paused 2ms+2ms
07-05 12:31:55.187   545 20336 I DownloadManager: Initiating request for download 2377
07-05 12:31:55.250   545   548 D dalvikvm: GC_CONCURRENT freed 323K, 11% free 10527K/11719K, paused 2ms+6ms
07-05 12:31:55.351   545   548 D dalvikvm: GC_CONCURRENT freed 222K, 9% free 10764K/11719K, paused 2ms+3ms
07-05 12:31:55.468   545   548 D dalvikvm: GC_CONCURRENT freed 479K, 9% free 10771K/11719K, paused 2ms+2ms
07-05 12:31:55.629  1370 20339 E DictionaryProvider:UpdateHandler: Can't read a file : android.util.MalformedJsonException: Use JsonReader.setLenient(true) to accept malformed JSON at line 1 column 20
07-05 12:31:55.726   545   548 D dalvikvm: GC_CONCURRENT freed 753K, 11% free 10480K/11719K, paused 2ms+2ms
07-05 12:31:55.906   545   548 D dalvikvm: GC_CONCURRENT freed 410K, 11% free 10458K/11719K, paused 1ms+2ms
07-05 12:31:56.000   545 20342 I DownloadManager: Initiating request for download 2377
07-05 12:31:56.082   545   548 D dalvikvm: GC_CONCURRENT freed 268K, 10% free 10646K/11719K, paused 2ms+3ms
07-05 12:31:56.187   545   548 D dalvikvm: GC_CONCURRENT freed 321K, 8% free 10829K/11719K, paused 2ms+3ms
07-05 12:31:56.367   545   548 D dalvikvm: GC_CONCURRENT freed 802K, 11% free 10520K/11719K, paused 2ms+2ms
07-05 12:31:56.586   545   548 D dalvikvm: GC_CONCURRENT freed 444K, 11% free 10481K/11719K, paused 2ms+3ms
07-05 12:31:56.773   545   548 D dalvikvm: GC_CONCURRENT freed 423K, 11% free 10453K/11719K, paused 1ms+2ms
07-05 12:31:56.851   545 20345 I DownloadManager: Initiating request for download 2378
07-05 12:31:56.957   545   548 D dalvikvm: GC_CONCURRENT freed 203K, 9% free 10708K/11719K, paused 2ms+3ms
07-05 12:31:57.050   545   548 D dalvikvm: GC_CONCURRENT freed 328K, 8% free 10885K/11719K, paused 2ms+3ms
07-05 12:31:57.246  1370 20347 E DictionaryProvider:UpdateHandler: Can't read a file : android.util.MalformedJsonException: Use JsonReader.setLenient(true) to accept malformed JSON at line 1 column 20
07-05 12:31:57.285   545   548 D dalvikvm: GC_CONCURRENT freed 908K, 11% free 10497K/11719K, paused 3ms+2ms
07-05 12:31:57.480   545   548 D dalvikvm: GC_CONCURRENT freed 430K, 11% free 10462K/11719K, paused 1ms+2ms
07-05 12:31:57.617   545 20350 I DownloadManager: Initiating request for download 2378
07-05 12:31:57.664   545   548 D dalvikvm: GC_CONCURRENT freed 338K, 11% free 10530K/11719K, paused 2ms+2ms
07-05 12:31:57.765   545   548 D dalvikvm: GC_CONCURRENT freed 211K, 9% free 10763K/11719K, paused 2ms+3ms
07-05 12:31:57.867   545   548 D dalvikvm: GC_CONCURRENT freed 452K, 8% free 10783K/11719K, paused 2ms+3ms
07-05 12:31:58.093   545   548 D dalvikvm: GC_CONCURRENT freed 773K, 11% free 10479K/11719K, paused 2ms+3ms
07-05 12:31:58.285   545   548 D dalvikvm: GC_CONCURRENT freed 415K, 11% free 10459K/11719K, paused 2ms+2ms
07-05 12:31:58.402   545 20353 I DownloadManager: Initiating request for download 2379
07-05 12:31:58.511   545   548 D dalvikvm: GC_CONCURRENT freed 265K, 10% free 10651K/11719K, paused 2ms+2ms
07-05 12:31:58.605   545   548 D dalvikvm: GC_CONCURRENT freed 339K, 8% free 10817K/11719K, paused 1ms+4ms
07-05 12:31:58.758   545   548 D dalvikvm: GC_CONCURRENT freed 771K, 11% free 10524K/11719K, paused 2ms+2ms
07-05 12:31:58.855  1370 20355 E DictionaryProvider:UpdateHandler: Can't read a file : android.util.MalformedJsonException: Use JsonReader.setLenient(true) to accept malformed JSON at line 1 column 20
07-05 12:31:58.894  1370  1372 D dalvikvm: GC_CONCURRENT freed 390K, 7% free 9131K/9735K, paused 2ms+2ms
07-05 12:31:59.019   545   548 D dalvikvm: GC_CONCURRENT freed 434K, 11% free 10485K/11719K, paused 1ms+2ms
07-05 12:31:59.203   545   548 D dalvikvm: GC_CONCURRENT freed 421K, 11% free 10459K/11719K, paused 2ms+2ms
07-05 12:31:59.261   545 20358 I DownloadManager: Initiating request for download 2379
07-05 12:31:59.351   545   548 D dalvikvm: GC_CONCURRENT freed 221K, 9% free 10692K/11719K, paused 2ms+2ms
07-05 12:31:59.453   545   548 D dalvikvm: GC_CONCURRENT freed 332K, 8% free 10880K/11719K, paused 2ms+3ms
07-05 12:31:59.660   545   548 D dalvikvm: GC_CONCURRENT freed 860K, 11% free 10518K/11719K, paused 1ms+2ms
07-05 12:31:59.859   545   548 D dalvikvm: GC_CONCURRENT freed 434K, 11% free 10481K/11719K, paused 2ms+3ms
07-05 12:32:00.078   545 20361 I DownloadManager: Initiating request for download 2380
07-05 12:32:00.101   545   548 D dalvikvm: GC_CONCURRENT freed 388K, 11% free 10501K/11719K, paused 2ms+3ms
07-05 12:32:00.226   545   548 D dalvikvm: GC_CONCURRENT freed 202K, 9% free 10758K/11719K, paused 2ms+2ms
07-05 12:32:00.332   545   548 D dalvikvm: GC_CONCURRENT freed 457K, 8% free 10784K/11719K, paused 1ms+3ms
07-05 12:32:00.531   545   548 D dalvikvm: GC_CONCURRENT freed 731K, 11% free 10517K/11719K, paused 2ms+2ms
07-05 12:32:00.711   545   548 D dalvikvm: GC_CONCURRENT freed 408K, 11% free 10503K/11719K, paused 1ms+2ms
07-05 12:32:01.984  1370 20363 E DictionaryProvider:UpdateHandler: Can't read a file : android.util.MalformedJsonException: Use JsonReader.setLenient(true) to accept malformed JSON at line 1 column 20
07-05 12:32:02.058   545   548 D dalvikvm: GC_CONCURRENT freed 378K, 11% free 10518K/11719K, paused 1ms+3ms
07-05 12:32:02.246   545   548 D dalvikvm: GC_CONCURRENT freed 435K, 11% free 10479K/11719K, paused 2ms+2ms
07-05 12:32:02.394   993  1240 I PhoneLab-: Service Running
07-05 12:32:02.441   545   548 D dalvikvm: GC_CONCURRENT freed 402K, 11% free 10463K/11719K, paused 2ms+2ms
07-05 12:32:02.468   993  1240 I PhoneLab-LoggerService: app_49    1247  993   1956   1584  c00f181c 400107b4 S logcat
07-05 12:32:02.468   993  1240 I PhoneLab-LoggerService: Logcat pid from database 1247
07-05 12:32:02.468   993  1240 I PhoneLab-LoggerService: Logcat process found 1247
07-05 12:32:02.468   993  1240 I PhoneLab-LoggerService: Checking Threshold
07-05 12:32:02.468   993  1240 I PhoneLab-LoggerService: Starting to rename files
07-05 12:32:02.468   993  1240 I PhoneLab-LoggerService: Files found .. 19
07-05 12:32:02.468   993  1240 I PhoneLab-LoggerService: File 1 log.out.1
07-05 12:32:02.472   993   995 D dalvikvm: GC_CONCURRENT freed 913K, 15% free 9167K/10695K, paused 2ms+10ms
07-05 12:32:02.476   993  1240 I PhoneLab-LoggerService: Renamed successfully
07-05 12:32:02.558   545 20367 I DownloadManager: Initiating request for download 2380
07-05 12:32:02.558   545 20367 W DownloadManager: Aborting request for download 2380: Trying to resume a download that can't be resumed
07-05 12:32:02.758   545   548 D dalvikvm: GC_CONCURRENT freed 362K, 11% free 10497K/11719K, paused 1ms+2ms
07-05 12:32:02.925   545   548 D dalvikvm: GC_CONCURRENT freed 415K, 11% free 10477K/11719K, paused 2ms+3ms
07-05 12:32:03.105   545   548 D dalvikvm: GC_CONCURRENT freed 407K, 11% free 10465K/11719K, paused 2ms+2ms
07-05 12:32:03.222   545 20370 I DownloadManager: Initiating request for download 2381
07-05 12:32:03.312   545   548 D dalvikvm: GC_CONCURRENT freed 239K, 9% free 10679K/11719K, paused 2ms+3ms
07-05 12:32:03.418   545   548 D dalvikvm: GC_CONCURRENT freed 336K, 8% free 10857K/11719K, paused 2ms+3ms
07-05 12:32:03.590   545   548 D dalvikvm: GC_CONCURRENT freed 824K, 11% free 10530K/11719K, paused 2ms+2ms
07-05 12:32:03.644  1370 20372 E DictionaryProvider:UpdateHandler: Can't read a file : android.util.MalformedJsonException: Use JsonReader.setLenient(true) to accept malformed JSON at line 1 column 20
07-05 12:32:03.808   545   548 D dalvikvm: GC_CONCURRENT freed 431K, 11% free 10487K/11719K, paused 2ms+3ms
07-05 12:32:03.980   545   548 D dalvikvm: GC_CONCURRENT freed 412K, 11% free 10463K/11719K, paused 2ms+2ms
07-05 12:32:04.015   545 20375 I DownloadManager: Initiating request for download 2381
07-05 12:32:04.215   545   548 D dalvikvm: GC_CONCURRENT freed 355K, 11% free 10503K/11719K, paused 2ms+2ms
07-05 12:32:04.394   545   548 D dalvikvm: GC_CONCURRENT freed 413K, 11% free 10485K/11719K, paused 1ms+2ms
07-05 12:32:04.570   545   548 D dalvikvm: GC_CONCURRENT freed 399K, 11% free 10476K/11719K, paused 1ms+3ms
07-05 12:32:04.621   545 20377 I DownloadManager: Initiating request for download 2382
07-05 12:32:04.800   545   548 D dalvikvm: GC_CONCURRENT freed 301K, 10% free 10570K/11719K, paused 1ms+2ms
07-05 12:32:04.980   545   548 D dalvikvm: GC_CONCURRENT freed 422K, 11% free 10547K/11719K, paused 2ms+2ms
07-05 12:32:05.168   545   548 D dalvikvm: GC_CONCURRENT freed 407K, 11% free 10535K/11719K, paused 2ms+3ms
07-05 12:32:07.011   545   548 D dalvikvm: GC_CONCURRENT freed 233K, 9% free 10762K/11719K, paused 1ms+3ms
07-05 12:32:07.117   545   548 D dalvikvm: GC_CONCURRENT freed 715K, 10% free 10639K/11719K, paused 2ms+3ms
07-05 12:32:07.211   545   548 D dalvikvm: GC_CONCURRENT freed 312K, 8% free 10861K/11719K, paused 2ms+4ms
07-05 12:32:07.433   545   548 D dalvikvm: GC_CONCURRENT freed 824K, 11% free 10540K/11719K, paused 2ms+3ms
07-05 12:32:07.547   545  3695 D dalvikvm: GC_EXPLICIT freed 94K, 11% free 10535K/11719K, paused 2ms+3ms
07-05 12:32:07.550  1370 20380 E DictionaryProvider:UpdateHandler: Can't read a file : android.util.MalformedJsonException: Use JsonReader.setLenient(true) to accept malformed JSON at line 1 column 20
07-05 12:32:07.750   545   548 D dalvikvm: GC_CONCURRENT freed 440K, 11% free 10490K/11719K, paused 1ms+2ms
07-05 12:32:07.957   545   548 D dalvikvm: GC_CONCURRENT freed 410K, 11% free 10470K/11719K, paused 2ms+5ms
07-05 12:32:08.000   545 20384 I DownloadManager: Initiating request for download 2382
07-05 12:32:08.000   545 20384 W DownloadManager: Aborting request for download 2382: Trying to resume a download that can't be resumed
07-05 12:32:08.250   545   548 D dalvikvm: GC_CONCURRENT freed 365K, 11% free 10500K/11719K, paused 2ms+2ms
07-05 12:32:08.429   545   548 D dalvikvm: GC_CONCURRENT freed 416K, 11% free 10479K/11719K, paused 2ms+3ms
07-05 12:32:08.613   545   548 D dalvikvm: GC_CONCURRENT freed 408K, 11% free 10465K/11719K, paused 2ms+2ms
07-05 12:32:08.675   545 20387 I DownloadManager: Initiating request for download 2383
07-05 12:32:08.785   545   548 D dalvikvm: GC_CONCURRENT freed 185K, 9% free 10739K/11719K, paused 1ms+3ms
07-05 12:32:08.886   545   548 D dalvikvm: GC_CONCURRENT freed 337K, 7% free 10902K/11719K, paused 1ms+3ms
07-05 12:32:09.093   545   548 D dalvikvm: GC_CONCURRENT freed 886K, 11% free 10525K/11719K, paused 1ms+3ms
07-05 12:32:09.277   545   548 D dalvikvm: GC_CONCURRENT freed 405K, 11% free 10515K/11719K, paused 2ms+3ms
07-05 12:32:10.715  1370 20390 E DictionaryProvider:UpdateHandler: Can't read a file : android.util.MalformedJsonException: Use JsonReader.setLenient(true) to accept malformed JSON at line 1 column 20
07-05 12:32:10.758  1370  1372 D dalvikvm: GC_CONCURRENT freed 391K, 7% free 9128K/9735K, paused 1ms+2ms
07-05 12:32:10.785   545   548 D dalvikvm: GC_CONCURRENT freed 393K, 11% free 10539K/11719K, paused 2ms+3ms
07-05 12:32:10.875   465   467 D dalvikvm: GC_CONCURRENT freed 430K, 6% free 10513K/11079K, paused 2ms+2ms
07-05 12:32:11.015   545   548 D dalvikvm: GC_CONCURRENT freed 444K, 11% free 10490K/11719K, paused 2ms+2ms
07-05 12:32:11.195   545   548 D dalvikvm: GC_CONCURRENT freed 413K, 11% free 10472K/11719K, paused 2ms+2ms
07-05 12:32:11.300   545 20393 I DownloadManager: Initiating request for download 2383
07-05 12:32:11.300   545 20393 W DownloadManager: Aborting request for download 2383: Trying to resume a download that can't be resumed
07-05 12:32:11.457   545   548 D dalvikvm: GC_CONCURRENT freed 358K, 11% free 10509K/11719K, paused 2ms+2ms
07-05 12:32:11.633   545   548 D dalvikvm: GC_CONCURRENT freed 418K, 11% free 10486K/11719K, paused 2ms+2ms
07-05 12:32:11.816   545   548 D dalvikvm: GC_CONCURRENT freed 402K, 11% free 10473K/11719K, paused 1ms+3ms
07-05 12:32:11.929   545 20396 I DownloadManager: Initiating request for download 2384
07-05 12:32:12.023   545   548 D dalvikvm: GC_CONCURRENT freed 255K, 9% free 10691K/11719K, paused 2ms+3ms
07-05 12:32:12.129   545   548 D dalvikvm: GC_CONCURRENT freed 314K, 8% free 10871K/11719K, paused 2ms+3ms
07-05 12:32:12.312   545   548 D dalvikvm: GC_CONCURRENT freed 836K, 11% free 10536K/11719K, paused 2ms+2ms
07-05 12:32:12.379  1370 20398 E DictionaryProvider:UpdateHandler: Can't read a file : android.util.MalformedJsonException: Use JsonReader.setLenient(true) to accept malformed JSON at line 1 column 20
07-05 12:32:12.461   465 20399 D dalvikvm: GC_EXPLICIT freed 257K, 8% free 10260K/11079K, paused 2ms+2ms
07-05 12:32:12.570   545   548 D dalvikvm: GC_CONCURRENT freed 437K, 11% free 10495K/11719K, paused 1ms+2ms
07-05 12:32:12.758   545   548 D dalvikvm: GC_CONCURRENT freed 413K, 11% free 10470K/11719K, paused 2ms+2ms
07-05 12:32:12.800   545 20401 I DownloadManager: Initiating request for download 2384
07-05 12:32:12.898   545   548 D dalvikvm: GC_CONCURRENT freed 189K, 8% free 10788K/11719K, paused 2ms+3ms
07-05 12:32:13.027   545   548 D dalvikvm: GC_CONCURRENT freed 482K, 8% free 10797K/11719K, paused 2ms+2ms
07-05 12:32:13.250   545   548 D dalvikvm: GC_CONCURRENT freed 773K, 11% free 10499K/11719K, paused 2ms+2ms
07-05 12:32:13.418   545   548 D dalvikvm: GC_CONCURRENT freed 414K, 11% free 10479K/11719K, paused 2ms+2ms
07-05 12:32:13.566   545 20404 I DownloadManager: Initiating request for download 2385
07-05 12:32:13.629   545   548 D dalvikvm: GC_CONCURRENT freed 326K, 10% free 10550K/11719K, paused 2ms+2ms
07-05 12:32:13.730   545   548 D dalvikvm: GC_CONCURRENT freed 225K, 8% free 10789K/11719K, paused 2ms+3ms
07-05 12:32:13.847   545   548 D dalvikvm: GC_CONCURRENT freed 486K, 8% free 10797K/11719K, paused 2ms+3ms
07-05 12:32:14.023   156   628 D dalvikvm: GC_EXPLICIT freed 511K, 13% free 14076K/16007K, paused 3ms+6ms
07-05 12:32:14.070  1370 20406 E DictionaryProvider:UpdateHandler: Can't read a file : android.util.MalformedJsonException: Use JsonReader.setLenient(true) to accept malformed JSON at line 1 column 20
07-05 12:32:14.179   545   548 D dalvikvm: GC_CONCURRENT freed 762K, 11% free 10504K/11719K, paused 2ms+3ms
07-05 12:32:14.379   545   548 D dalvikvm: GC_CONCURRENT freed 431K, 11% free 10474K/11719K, paused 2ms+2ms
07-05 12:32:14.465   545 20409 I DownloadManager: Initiating request for download 2385
07-05 12:32:14.554   545   548 D dalvikvm: GC_CONCURRENT freed 270K, 10% free 10661K/11719K, paused 2ms+3ms
07-05 12:32:14.660   545   548 D dalvikvm: GC_CONCURRENT freed 294K, 8% free 10841K/11719K, paused 2ms+3ms
07-05 12:32:14.808   545   548 D dalvikvm: GC_CONCURRENT freed 811K, 11% free 10527K/11719K, paused 1ms+3ms
07-05 12:32:15.011   545   548 D dalvikvm: GC_CONCURRENT freed 443K, 11% free 10480K/11719K, paused 2ms+3ms
07-05 12:32:15.191   545   548 D dalvikvm: GC_CONCURRENT freed 414K, 11% free 10460K/11719K, paused 2ms+2ms
07-05 12:32:15.277   545 20412 I DownloadManager: Initiating request for download 2386
07-05 12:32:15.367   545   548 D dalvikvm: GC_CONCURRENT freed 211K, 9% free 10702K/11719K, paused 2ms+3ms
07-05 12:32:15.468   545   548 D dalvikvm: GC_CONCURRENT freed 343K, 8% free 10881K/11719K, paused 2ms+3ms
07-05 12:32:15.683  1370 20414 E DictionaryProvider:UpdateHandler: Can't read a file : android.util.MalformedJsonException: Use JsonReader.setLenient(true) to accept malformed JSON at line 1 column 20
07-05 12:32:15.711   545   548 D dalvikvm: GC_CONCURRENT freed 903K, 11% free 10503K/11719K, paused 2ms+2ms
07-05 12:32:15.894   545   548 D dalvikvm: GC_CONCURRENT freed 423K, 11% free 10475K/11719K, paused 2ms+3ms
07-05 12:32:16.062   545 20417 I DownloadManager: Initiating request for download 2386
07-05 12:32:16.093   545   548 D dalvikvm: GC_CONCURRENT freed 369K, 11% free 10510K/11719K, paused 2ms+3ms
07-05 12:32:16.207   545   548 D dalvikvm: GC_CONCURRENT freed 219K, 9% free 10775K/11719K, paused 1ms+2ms
07-05 12:32:16.336   545   548 D dalvikvm: GC_CONCURRENT freed 469K, 8% free 10798K/11719K, paused 1ms+3ms
07-05 12:32:16.550   545   548 D dalvikvm: GC_CONCURRENT freed 756K, 11% free 10517K/11719K, paused 2ms+4ms
07-05 12:32:16.742   545   548 D dalvikvm: GC_CONCURRENT freed 408K, 11% free 10504K/11719K, paused 2ms+3ms
07-05 12:32:17.687   545 20419 I DownloadManager: Initiating request for download 2387
07-05 12:32:17.785   545   548 D dalvikvm: GC_CONCURRENT freed 291K, 9% free 10675K/11719K, paused 1ms+3ms
07-05 12:32:17.890   545   548 D dalvikvm: GC_CONCURRENT freed 316K, 8% free 10852K/11719K, paused 2ms+4ms
07-05 12:32:18.062   545   548 D dalvikvm: GC_CONCURRENT freed 809K, 11% free 10533K/11719K, paused 1ms+3ms
07-05 12:32:18.117  1370 20422 E DictionaryProvider:UpdateHandler: Can't read a file : android.util.MalformedJsonException: Use JsonReader.setLenient(true) to accept malformed JSON at line 1 column 20
07-05 12:32:18.152  1370  1372 D dalvikvm: GC_CONCURRENT freed 387K, 7% free 9128K/9735K, paused 1ms+2ms
07-05 12:32:18.316   545   548 D dalvikvm: GC_CONCURRENT freed 429K, 11% free 10498K/11719K, paused 1ms+2ms
07-05 12:32:18.500   545   548 D dalvikvm: GC_CONCURRENT freed 428K, 11% free 10465K/11719K, paused 1ms+2ms
07-05 12:32:18.558   545 20425 I DownloadManager: Initiating request for download 2387
07-05 12:32:18.648   545   548 D dalvikvm: GC_CONCURRENT freed 207K, 9% free 10699K/11719K, paused 2ms+2ms
07-05 12:32:18.754   545   548 D dalvikvm: GC_CONCURRENT freed 332K, 8% free 10888K/11719K, paused 2ms+4ms
07-05 12:32:18.972   545   548 D dalvikvm: GC_CONCURRENT freed 899K, 11% free 10500K/11719K, paused 2ms+2ms
07-05 12:32:19.156   545   548 D dalvikvm: GC_CONCURRENT freed 420K, 11% free 10475K/11719K, paused 2ms+3ms
07-05 12:32:19.359   545   548 D dalvikvm: GC_CONCURRENT freed 380K, 11% free 10509K/11719K, paused 3ms+3ms
07-05 12:32:19.363   545 20428 I DownloadManager: Initiating request for download 2388
07-05 12:32:19.500   545   548 D dalvikvm: GC_CONCURRENT freed 206K, 9% free 10768K/11719K, paused 2ms+3ms
07-05 12:32:19.605   545   548 D dalvikvm: GC_CONCURRENT freed 462K, 8% free 10792K/11719K, paused 1ms+2ms
07-05 12:32:19.777  1370 20430 E DictionaryProvider:UpdateHandler: Can't read a file : android.util.MalformedJsonException: Use JsonReader.setLenient(true) to accept malformed JSON at line 1 column 20
07-05 12:32:19.863   545   548 D dalvikvm: GC_CONCURRENT freed 757K, 11% free 10503K/11719K, paused 2ms+2ms
07-05 12:32:20.043   545   548 D dalvikvm: GC_CONCURRENT freed 416K, 11% free 10476K/11719K, paused 2ms+3ms
07-05 12:32:20.152   545 20433 I DownloadManager: Initiating request for download 2388
07-05 12:32:20.242   545   548 D dalvikvm: GC_CONCURRENT freed 307K, 9% free 10674K/11719K, paused 2ms+3ms
07-05 12:32:20.355   545   548 D dalvikvm: GC_CONCURRENT freed 343K, 7% free 10920K/11719K, paused 2ms+2ms
07-05 12:32:20.547   545   548 D dalvikvm: GC_CONCURRENT freed 937K, 11% free 10504K/11719K, paused 2ms+2ms
07-05 12:32:20.758   545   548 D dalvikvm: GC_CONCURRENT freed 416K, 11% free 10483K/11719K, paused 1ms+3ms
07-05 12:32:20.976   545   548 D dalvikvm: GC_CONCURRENT freed 401K, 11% free 10470K/11719K, paused 3ms+3ms
07-05 12:32:20.976   545 20436 I DownloadManager: Initiating request for download 2389
07-05 12:32:21.093   545   548 D dalvikvm: GC_CONCURRENT freed 178K, 9% free 10751K/11719K, paused 2ms+3ms
07-05 12:32:21.191   545   548 D dalvikvm: GC_CONCURRENT freed 434K, 8% free 10798K/11719K, paused 2ms+3ms
07-05 12:32:21.359  1370 20438 E DictionaryProvider:UpdateHandler: Can't read a file : android.util.MalformedJsonException: Use JsonReader.setLenient(true) to accept malformed JSON at line 1 column 20
07-05 12:32:21.429   545   548 D dalvikvm: GC_CONCURRENT freed 766K, 11% free 10508K/11719K, paused 2ms+2ms
07-05 12:32:21.609   545   548 D dalvikvm: GC_CONCURRENT freed 419K, 11% free 10484K/11719K, paused 2ms+2ms
07-05 12:32:21.761   545 20440 I DownloadManager: Initiating request for download 2389
07-05 12:32:21.789   545   548 D dalvikvm: GC_CONCURRENT freed 357K, 11% free 10512K/11719K, paused 2ms+2ms
07-05 12:32:21.894   545   548 D dalvikvm: GC_CONCURRENT freed 190K, 9% free 10765K/11719K, paused 2ms+3ms
07-05 12:32:22.000   545   548 D dalvikvm: GC_CONCURRENT freed 436K, 8% free 10799K/11719K, paused 2ms+3ms
07-05 12:32:22.687   545   548 D dalvikvm: GC_CONCURRENT freed 776K, 11% free 10499K/11719K, paused 3ms+2ms
07-05 12:32:22.871   545   548 D dalvikvm: GC_CONCURRENT freed 416K, 11% free 10478K/11719K, paused 2ms+2ms
07-05 12:32:23.031   545 20444 I DownloadManager: Initiating request for download 2390
07-05 12:32:23.090   545   548 D dalvikvm: GC_CONCURRENT freed 322K, 10% free 10548K/11719K, paused 2ms+2ms
07-05 12:32:23.191   545   548 D dalvikvm: GC_CONCURRENT freed 221K, 8% free 10788K/11719K, paused 2ms+3ms
07-05 12:32:23.297   545   548 D dalvikvm: GC_CONCURRENT freed 482K, 8% free 10799K/11719K, paused 2ms+3ms
07-05 12:32:23.461  1370 20446 E DictionaryProvider:UpdateHandler: Can't read a file : android.util.MalformedJsonException: Use JsonReader.setLenient(true) to accept malformed JSON at line 1 column 20
07-05 12:32:23.566   545   548 D dalvikvm: GC_CONCURRENT freed 767K, 11% free 10516K/11719K, paused 1ms+11ms
07-05 12:32:23.750   545   548 D dalvikvm: GC_CONCURRENT freed 426K, 11% free 10479K/11719K, paused 1ms+3ms
07-05 12:32:23.843   545 20449 I DownloadManager: Initiating request for download 2390
07-05 12:32:23.918   545   548 D dalvikvm: GC_CONCURRENT freed 257K, 10% free 10664K/11719K, paused 1ms+2ms
07-05 12:32:24.015   545   548 D dalvikvm: GC_CONCURRENT freed 342K, 8% free 10868K/11719K, paused 2ms+3ms
07-05 12:32:24.187   545   548 D dalvikvm: GC_CONCURRENT freed 820K, 11% free 10541K/11719K, paused 2ms+2ms
07-05 12:32:24.386   545   548 D dalvikvm: GC_CONCURRENT freed 443K, 11% free 10493K/11719K, paused 1ms+2ms
07-05 12:32:24.570   545   548 D dalvikvm: GC_CONCURRENT freed 413K, 11% free 10474K/11719K, paused 2ms+2ms
07-05 12:32:24.648   545 20452 I DownloadManager: Initiating request for download 2391
07-05 12:32:24.746   545   548 D dalvikvm: GC_CONCURRENT freed 203K, 9% free 10729K/11719K, paused 2ms+2ms
07-05 12:32:24.855   545   548 D dalvikvm: GC_CONCURRENT freed 340K, 7% free 10922K/11719K, paused 1ms+2ms
07-05 12:32:25.039  1370 20454 E DictionaryProvider:UpdateHandler: Can't read a file : android.util.MalformedJsonException: Use JsonReader.setLenient(true) to accept malformed JSON at line 1 column 20
07-05 12:32:25.097  1370  1372 D dalvikvm: GC_CONCURRENT freed 386K, 7% free 9133K/9735K, paused 2ms+4ms
07-05 12:32:25.136   545   548 D dalvikvm: GC_CONCURRENT freed 927K, 11% free 10514K/11719K, paused 2ms+2ms
07-05 12:32:25.320   545   548 D dalvikvm: GC_CONCURRENT freed 425K, 11% free 10485K/11719K, paused 2ms+2ms
07-05 12:32:25.453   545 20457 I DownloadManager: Initiating request for download 2391
07-05 12:32:25.500   545   548 D dalvikvm: GC_CONCURRENT freed 349K, 10% free 10551K/11719K, paused 2ms+2ms
07-05 12:32:25.613   545   548 D dalvikvm: GC_CONCURRENT freed 221K, 8% free 10792K/11719K, paused 2ms+3ms
07-05 12:32:25.730   545   548 D dalvikvm: GC_CONCURRENT freed 479K, 8% free 10804K/11719K, paused 1ms+3ms
07-05 12:32:25.961   545   548 D dalvikvm: GC_CONCURRENT freed 776K, 11% free 10501K/11719K, paused 2ms+3ms
07-05 12:32:26.144   545   548 D dalvikvm: GC_CONCURRENT freed 417K, 11% free 10480K/11719K, paused 2ms+2ms
07-05 12:32:26.258   545 20460 I DownloadManager: Initiating request for download 2392
07-05 12:32:26.343   545   548 D dalvikvm: GC_CONCURRENT freed 262K, 9% free 10721K/11719K, paused 1ms+3ms
07-05 12:32:26.449   545   548 D dalvikvm: GC_CONCURRENT freed 351K, 8% free 10877K/11719K, paused 1ms+3ms
07-05 12:32:26.633   545   548 D dalvikvm: GC_CONCURRENT freed 830K, 11% free 10544K/11719K, paused 2ms+2ms
07-05 12:32:26.695  1370 20462 E DictionaryProvider:UpdateHandler: Can't read a file : android.util.MalformedJsonException: Use JsonReader.setLenient(true) to accept malformed JSON at line 1 column 20
07-05 12:32:26.871   545   548 D dalvikvm: GC_CONCURRENT freed 436K, 11% free 10504K/11719K, paused 2ms+3ms
07-05 12:32:27.058   545   548 D dalvikvm: GC_CONCURRENT freed 421K, 11% free 10489K/11719K, paused 1ms+2ms
07-05 12:32:27.093   545 20465 I DownloadManager: Initiating request for download 2392
07-05 12:32:27.187   545   548 D dalvikvm: GC_CONCURRENT freed 206K, 9% free 10742K/11719K, paused 1ms+3ms
07-05 12:32:27.297   545   548 D dalvikvm: GC_CONCURRENT freed 327K, 7% free 10919K/11719K, paused 2ms+3ms
07-05 12:32:27.511   545   548 D dalvikvm: GC_CONCURRENT freed 902K, 11% free 10533K/11719K, paused 2ms+3ms
07-05 12:32:27.699   545   548 D dalvikvm: GC_CONCURRENT freed 434K, 11% free 10495K/11719K, paused 1ms+2ms
07-05 12:32:28.972   545 20468 I DownloadManager: Initiating request for download 2393
07-05 12:32:29.031   545   548 D dalvikvm: GC_CONCURRENT freed 347K, 10% free 10557K/11719K, paused 2ms+2ms
07-05 12:32:29.133   545   548 D dalvikvm: GC_CONCURRENT freed 221K, 8% free 10796K/11719K, paused 2ms+3ms
07-05 12:32:29.250   545   548 D dalvikvm: GC_CONCURRENT freed 483K, 8% free 10817K/11719K, paused 2ms+2ms
07-05 12:32:29.425  1370 20470 E DictionaryProvider:UpdateHandler: Can't read a file : android.util.MalformedJsonException: Use JsonReader.setLenient(true) to accept malformed JSON at line 1 column 20
07-05 12:32:29.511   545   548 D dalvikvm: GC_CONCURRENT freed 777K, 11% free 10520K/11719K, paused 2ms+2ms
07-05 12:32:29.695   545   548 D dalvikvm: GC_CONCURRENT freed 428K, 11% free 10487K/11719K, paused 2ms+2ms
07-05 12:32:29.855   156   568 D dalvikvm: GC_EXPLICIT freed 496K, 13% free 14074K/16007K, paused 3ms+5ms
07-05 12:32:29.863   545 20473 I DownloadManager: Initiating request for download 2393
07-05 12:32:29.957   545   548 D dalvikvm: GC_CONCURRENT freed 250K, 9% free 10672K/11719K, paused 2ms+3ms
07-05 12:32:30.058   545   548 D dalvikvm: GC_CONCURRENT freed 331K, 8% free 10830K/11719K, paused 2ms+3ms
07-05 12:32:30.195   545   548 D dalvikvm: GC_CONCURRENT freed 781K, 11% free 10535K/11719K, paused 1ms+2ms
07-05 12:32:30.406   545   548 D dalvikvm: GC_CONCURRENT freed 441K, 11% free 10490K/11719K, paused 1ms+2ms
07-05 12:32:30.586   545   548 D dalvikvm: GC_CONCURRENT freed 415K, 11% free 10470K/11719K, paused 2ms+2ms
07-05 12:32:30.925   545 20476 I DownloadManager: Initiating request for download 2394
07-05 12:32:31.015   545   548 D dalvikvm: GC_CONCURRENT freed 234K, 9% free 10694K/11719K, paused 2ms+2ms
07-05 12:32:31.125   545   548 D dalvikvm: GC_CONCURRENT freed 333K, 8% free 10880K/11719K, paused 2ms+3ms
07-05 12:32:31.312   545   548 D dalvikvm: GC_CONCURRENT freed 852K, 11% free 10532K/11719K, paused 2ms+2ms
07-05 12:32:31.375  1370 20478 E DictionaryProvider:UpdateHandler: Can't read a file : android.util.MalformedJsonException: Use JsonReader.setLenient(true) to accept malformed JSON at line 1 column 20
07-05 12:32:31.547   545   548 D dalvikvm: GC_CONCURRENT freed 437K, 11% free 10491K/11719K, paused 2ms+2ms
07-05 12:32:31.734   545   548 D dalvikvm: GC_CONCURRENT freed 412K, 11% free 10468K/11719K, paused 2ms+3ms
07-05 12:32:31.773   545 20481 I DownloadManager: Initiating request for download 2394
07-05 12:32:31.871   545   548 D dalvikvm: GC_CONCURRENT freed 177K, 9% free 10729K/11719K, paused 1ms+2ms
07-05 12:32:31.976   545   548 D dalvikvm: GC_CONCURRENT freed 331K, 7% free 10910K/11719K, paused 1ms+3ms
07-05 12:32:32.215   545 20484 I DownloadManager: in removeSpuriousFiles
07-05 12:32:32.215   545   548 D dalvikvm: GC_CONCURRENT freed 917K, 11% free 10503K/11719K, paused 1ms+2ms
07-05 12:32:32.277   545 20484 D dalvikvm: GC_FOR_ALLOC freed 261K, 9% free 10753K/11719K, paused 22ms
07-05 12:32:32.304   545 20484 I DownloadManager: in removeSpuriousFiles, preserving file /data/data/com.android.providers.downloads/cache/metadata-34.htm
07-05 12:32:32.304   545 20484 I DownloadManager: in removeSpuriousFiles, preserving file /data/data/com.android.providers.downloads/cache/metadata-28.htm
07-05 12:32:32.304   545 20484 I DownloadManager: in removeSpuriousFiles, preserving file /data/data/com.android.providers.downloads/cache/metadata-23.htm
07-05 12:32:32.304   545 20484 I DownloadManager: in removeSpuriousFiles, preserving file /data/data/com.android.providers.downloads/cache/metadata-1218.htm
07-05 12:32:32.304   545 20484 I DownloadManager: in removeSpuriousFiles, preserving file /data/data/com.android.providers.downloads/cache/metadata-38.htm
07-05 12:32:32.304   545 20484 I DownloadManager: in removeSpuriousFiles, preserving file /data/data/com.android.providers.downloads/cache/metadata-809.htm
07-05 12:32:32.304   545 20484 I DownloadManager: in removeSpuriousFiles, preserving file /data/data/com.android.providers.downloads/cache/metadata-36.htm
07-05 12:32:32.304   545 20484 I DownloadManager: in removeSpuriousFiles, preserving file /data/data/com.android.providers.downloads/cache/metadata-515.htm
07-05 12:32:32.304   545 20484 I DownloadManager: in removeSpuriousFiles, preserving file /data/data/com.android.providers.downloads/cache/metadata-1028.htm
07-05 12:32:32.304   545 20484 I DownloadManager: in removeSpuriousFiles, preserving file /data/data/com.android.providers.downloads/cache/metadata-1295.htm
07-05 12:32:32.304   545 20484 I DownloadManager: in removeSpuriousFiles, preserving file /data/data/com.android.providers.downloads/cache/metadata-1012.htm
07-05 12:32:32.304   545 20484 I DownloadManager: in removeSpuriousFiles, preserving file /data/data/com.android.providers.downloads/cache/metadata-1280.htm
07-05 12:32:32.304   545 20484 I DownloadManager: in removeSpuriousFiles, preserving file /data/data/com.android.providers.downloads/cache/metadata-40.htm
07-05 12:32:32.304   545 20484 I DownloadManager: in removeSpuriousFiles, preserving file /data/data/com.android.providers.downloads/cache/metadata-797.htm
07-05 12:32:32.308   545 20484 I DownloadManager: in removeSpuriousFiles, preserving file /data/data/com.android.providers.downloads/cache/metadata-51.htm
07-05 12:32:32.308   545 20484 I DownloadManager: in removeSpuriousFiles, preserving file /data/data/com.android.providers.downloads/cache/metadata-1159.htm
07-05 12:32:32.308   545 20484 I DownloadManager: in removeSpuriousFiles, preserving file /data/data/com.android.providers.downloads/cache/metadata-1517.htm
07-05 12:32:32.308   545 20484 I DownloadManager: in removeSpuriousFiles, preserving file /data/data/com.android.providers.downloads/cache/metadata-980.htm
07-05 12:32:32.308   545 20484 I DownloadManager: in removeSpuriousFiles, preserving file /data/data/com.android.providers.downloads/cache/metadata-1571.htm
07-05 12:32:32.308   545 20484 I DownloadManager: in removeSpuriousFiles, preserving file /data/data/com.android.providers.downloads/cache/metadata-858.htm
07-05 12:32:32.308   545 20484 I DownloadManager: in removeSpuriousFiles, preserving file /data/data/com.android.providers.downloads/cache/metadata-473.htm
07-05 12:32:32.308   545 20484 I DownloadManager: in removeSpuriousFiles, preserving file /data/data/com.android.providers.downloads/cache/metadata-990.htm
07-05 12:32:32.308   545 20484 I DownloadManager: in removeSpuriousFiles, preserving file /data/data/com.android.providers.downloads/cache/metadata-1366.htm
07-05 12:32:32.312   545 20484 I DownloadManager: in removeSpuriousFiles, preserving file /data/data/com.android.providers.downloads/cache/metadata-1958.htm
07-05 12:32:32.312   545 20484 I DownloadManager: in removeSpuriousFiles, preserving file /data/data/com.android.providers.downloads/cache/metadata-1241.htm
07-05 12:32:32.312   545 20484 I DownloadManager: in removeSpuriousFiles, preserving file /data/data/com.android.providers.downloads/cache/metadata-683.htm
07-05 12:32:32.312   545 20484 I DownloadManager: in removeSpuriousFiles, preserving file /data/data/com.android.providers.downloads/cache/metadata-1736.htm
07-05 12:32:32.312   545 20484 I DownloadManager: in removeSpuriousFiles, preserving file /data/data/com.android.providers.downloads/cache/metadata-511.htm
07-05 12:32:32.312   545 20484 I DownloadManager: in removeSpuriousFiles, preserving file /data/data/com.android.providers.downloads/cache/metadata-870.htm
07-05 12:32:32.312   545 20484 I DownloadManager: in removeSpuriousFiles, preserving file /data/data/com.android.providers.downloads/cache/metadata-832.htm
07-05 12:32:32.312   545 20484 I DownloadManager: in removeSpuriousFiles, preserving file /data/data/com.android.providers.downloads/cache/metadata-1117.htm
07-05 12:32:32.312   545 20484 I DownloadManager: in removeSpuriousFiles, preserving file /data/data/com.android.providers.downloads/cache/metadata-692.htm
07-05 12:32:32.312   545 20484 I DownloadManager: in removeSpuriousFiles, preserving file /data/data/com.android.providers.downloads/cache/metadata-1367.htm
07-05 12:32:32.312   545 20484 I DownloadManager: in removeSpuriousFiles, preserving file /data/data/com.android.providers.downloads/cache/metadata-1368.htm
07-05 12:32:32.316   545 20484 I DownloadManager: in removeSpuriousFiles, preserving file /data/data/com.android.providers.downloads/cache/metadata-654.htm
07-05 12:32:32.316   545 20484 I DownloadManager: in removeSpuriousFiles, preserving file /data/data/com.android.providers.downloads/cache/metadata-1827.htm
07-05 12:32:32.316   545 20484 I DownloadManager: in removeSpuriousFiles, preserving file /data/data/com.android.providers.downloads/cache/metadata-762.htm
07-05 12:32:32.316   545 20484 I DownloadManager: in removeSpuriousFiles, preserving file /data/data/com.android.providers.downloads/cache/metadata-1704.htm
07-05 12:32:32.316   545 20484 I DownloadManager: in removeSpuriousFiles, preserving file /data/data/com.android.providers.downloads/cache/metadata-1161.htm
07-05 12:32:32.316   545 20484 I DownloadManager: in removeSpuriousFiles, preserving file /data/data/com.android.providers.downloads/cache/metadata-658.htm
07-05 12:32:32.316   545 20484 I DownloadManager: in removeSpuriousFiles, preserving file /data/data/com.android.providers.downloads/cache/metadata-631.htm
07-05 12:32:32.316   545 20484 I DownloadManager: in removeSpuriousFiles, preserving file /data/data/com.android.providers.downloads/cache/metadata-729.htm
07-05 12:32:32.316   545 20484 I DownloadManager: in removeSpuriousFiles, preserving file /data/data/com.android.providers.downloads/cache/metadata-869.htm
07-05 12:32:32.320   545 20484 I DownloadManager: in removeSpuriousFiles, preserving file /data/data/com.android.providers.downloads/cache/metadata-1182.htm
07-05 12:32:32.320   545 20484 I DownloadManager: in removeSpuriousFiles, preserving file /data/data/com.android.providers.downloads/cache/metadata-696.htm
07-05 12:32:32.320   545 20484 I DownloadManager: in removeSpuriousFiles, preserving file /data/data/com.android.providers.downloads/cache/metadata-949.htm
07-05 12:32:32.320   545 20484 I DownloadManager: in removeSpuriousFiles, preserving file /data/data/com.android.providers.downloads/cache/metadata-2315.htm
07-05 12:32:32.320   545 20484 I DownloadManager: in removeSpuriousFiles, preserving file /data/data/com.android.providers.downloads/cache/metadata-1595.htm
07-05 12:32:32.320   545 20484 I DownloadManager: in removeSpuriousFiles, preserving file /data/data/com.android.providers.downloads/cache/metadata-765.htm
07-05 12:32:32.320   545 20484 I DownloadManager: in removeSpuriousFiles, preserving file /data/data/com.android.providers.downloads/cache/metadata-1774.htm
07-05 12:32:32.320   545 20484 I DownloadManager: in removeSpuriousFiles, preserving file /data/data/com.android.providers.downloads/cache/metadata-1176.htm
07-05 12:32:32.320   545 20484 I DownloadManager: in removeSpuriousFiles, preserving file /data/data/com.android.providers.downloads/cache/metadata-1219.htm
07-05 12:32:32.320   545 20484 I DownloadManager: in removeSpuriousFiles, preserving file /data/data/com.android.providers.downloads/cache/metadata-1154.htm
07-05 12:32:32.324   545 20484 I DownloadManager: in removeSpuriousFiles, preserving file /data/data/com.android.providers.downloads/cache/metadata-1555.htm
07-05 12:32:32.324   545 20484 I DownloadManager: in removeSpuriousFiles, preserving file /data/data/com.android.providers.downloads/cache/metadata-978.htm
07-05 12:32:32.324   545 20484 I DownloadManager: in removeSpuriousFiles, preserving file /data/data/com.android.providers.downloads/cache/metadata-1684.htm
07-05 12:32:32.324   545 20484 I DownloadManager: in removeSpuriousFiles, preserving file /data/data/com.android.providers.downloads/cache/metadata-1697.htm
07-05 12:32:32.328   545 20484 I DownloadManager: in removeSpuriousFiles, preserving file /data/data/com.android.providers.downloads/cache/metadata-1465.htm
07-05 12:32:32.328   545 20484 I DownloadManager: in removeSpuriousFiles, preserving file /data/data/com.android.providers.downloads/cache/metadata-602.htm
07-05 12:32:32.328   545 20484 I DownloadManager: in removeSpuriousFiles, preserving file /data/data/com.android.providers.downloads/cache/metadata-864.htm
07-05 12:32:32.328   545 20484 I DownloadManager: in removeSpuriousFiles, preserving file /data/data/com.android.providers.downloads/cache/metadata-1510.htm
07-05 12:32:32.328   545 20484 I DownloadManager: in removeSpuriousFiles, preserving file /data/data/com.android.providers.downloads/cache/metadata-1001.htm
07-05 12:32:32.328   545 20484 I DownloadManager: in removeSpuriousFiles, preserving file /data/data/com.android.providers.downloads/cache/metadata-1286.htm
07-05 12:32:32.328   545 20484 I DownloadManager: in removeSpuriousFiles, preserving file /data/data/com.android.providers.downloads/cache/metadata-1320.htm
07-05 12:32:32.328   545 20484 I DownloadManager: in removeSpuriousFiles, preserving file /data/data/com.android.providers.downloads/cache/metadata-2550.htm
07-05 12:32:32.328   545 20484 I DownloadManager: in removeSpuriousFiles, preserving file /data/data/com.android.providers.downloads/cache/metadata-1542.htm
07-05 12:32:32.328   545 20484 I DownloadManager: in removeSpuriousFiles, preserving file /data/data/com.android.providers.downloads/cache/metadata-1060.htm
07-05 12:32:32.332   545 20484 I DownloadManager: in removeSpuriousFiles, preserving file /data/data/com.android.providers.downloads/cache/metadata-1131.htm
07-05 12:32:32.332   545 20484 I DownloadManager: in removeSpuriousFiles, preserving file /data/data/com.android.providers.downloads/cache/metadata-2291.htm
07-05 12:32:32.332   545 20484 I DownloadManager: in removeSpuriousFiles, preserving file /data/data/com.android.providers.downloads/cache/metadata-879.htm
07-05 12:32:32.332   545 20484 I DownloadManager: in removeSpuriousFiles, preserving file /data/data/com.android.providers.downloads/cache/metadata-1171.htm
07-05 12:32:32.332   545 20484 I DownloadManager: in removeSpuriousFiles, preserving file /data/data/com.android.providers.downloads/cache/metadata-1608.htm
07-05 12:32:32.332   545 20484 I DownloadManager: in removeSpuriousFiles, preserving file /data/data/com.android.providers.downloads/cache/metadata-628.htm
07-05 12:32:32.332   545 20484 I DownloadManager: in removeSpuriousFiles, preserving file /data/data/com.android.providers.downloads/cache/metadata-1581.htm
07-05 12:32:32.332   545 20484 I DownloadManager: in removeSpuriousFiles, preserving file /data/data/com.android.providers.downloads/cache/metadata-2337.htm
07-05 12:32:32.332   545 20484 I DownloadManager: in removeSpuriousFiles, preserving file /data/data/com.android.providers.downloads/cache/metadata-889.htm
07-05 12:32:32.336   545 20484 I DownloadManager: in removeSpuriousFiles, preserving file /data/data/com.android.providers.downloads/cache/metadata-620.htm
07-05 12:32:32.336   545 20484 I DownloadManager: in removeSpuriousFiles, preserving file /data/data/com.android.providers.downloads/cache/metadata-1019.htm
07-05 12:32:32.336   545 20484 I DownloadManager: in removeSpuriousFiles, preserving file /data/data/com.android.providers.downloads/cache/metadata-1648.htm
07-05 12:32:32.336   545 20484 I DownloadManager: in removeSpuriousFiles, preserving file /data/data/com.android.providers.downloads/cache/metadata-1048.htm
07-05 12:32:32.336   545 20484 I DownloadManager: in removeSpuriousFiles, preserving file /data/data/com.android.providers.downloads/cache/metadata-1775.htm
07-05 12:32:32.336   545 20484 I DownloadManager: in removeSpuriousFiles, preserving file /data/data/com.android.providers.downloads/cache/metadata-579.htm
07-05 12:32:32.336   545 20484 I DownloadManager: in removeSpuriousFiles, preserving file /data/data/com.android.providers.downloads/cache/metadata-1262.htm
07-05 12:32:32.336   545 20484 I DownloadManager: in removeSpuriousFiles, preserving file /data/data/com.android.providers.downloads/cache/metadata-1506.htm
07-05 12:32:32.336   545 20484 I DownloadManager: in removeSpuriousFiles, preserving file /data/data/com.android.providers.downloads/cache/metadata-1005.htm
07-05 12:32:32.340   545 20484 I DownloadManager: in removeSpuriousFiles, preserving file /data/data/com.android.providers.downloads/cache/metadata-595.htm
07-05 12:32:32.340   545 20484 I DownloadManager: in removeSpuriousFiles, preserving file /data/data/com.android.providers.downloads/cache/metadata-945.htm
07-05 12:32:32.340   545 20484 I DownloadManager: in removeSpuriousFiles, preserving file /data/data/com.android.providers.downloads/cache/metadata-705.htm
07-05 12:32:32.340   545 20484 I DownloadManager: in removeSpuriousFiles, preserving file /data/data/com.android.providers.downloads/cache/metadata-716.htm
07-05 12:32:32.340   545 20484 I DownloadManager: in removeSpuriousFiles, preserving file /data/data/com.android.providers.downloads/cache/metadata-747.htm
07-05 12:32:32.340   545 20484 I DownloadManager: in removeSpuriousFiles, preserving file /data/data/com.android.providers.downloads/cache/metadata-1983.htm
07-05 12:32:32.340   545 20484 I DownloadManager: in removeSpuriousFiles, preserving file /data/data/com.android.providers.downloads/cache/metadata-1601.htm
07-05 12:32:32.340   545 20484 I DownloadManager: in removeSpuriousFiles, preserving file /data/data/com.android.providers.downloads/cache/metadata-1486.htm
07-05 12:32:32.340   545 20484 I DownloadManager: in removeSpuriousFiles, preserving file /data/data/com.android.providers.downloads/cache/metadata-1686.htm
07-05 12:32:32.343   545 20484 I DownloadManager: in removeSpuriousFiles, preserving file /data/data/com.android.providers.downloads/cache/metadata-867.htm
07-05 12:32:32.343   545 20484 I DownloadManager: in removeSpuriousFiles, preserving file /data/data/com.android.providers.downloads/cache/metadata-992.htm
07-05 12:32:32.343   545 20484 I DownloadManager: in removeSpuriousFiles, preserving file /data/data/com.android.providers.downloads/cache/metadata-976.htm
07-05 12:32:32.343   545 20484 I DownloadManager: in removeSpuriousFiles, preserving file /data/data/com.android.providers.downloads/cache/metadata-1567.htm
07-05 12:32:32.343   545 20484 I DownloadManager: in removeSpuriousFiles, preserving file /data/data/com.android.providers.downloads/cache/metadata-1257.htm
07-05 12:32:32.343   545 20484 I DownloadManager: in removeSpuriousFiles, preserving file /data/data/com.android.providers.downloads/cache/metadata-1593.htm
07-05 12:32:32.343   545 20484 I DownloadManager: in removeSpuriousFiles, preserving file /data/data/com.android.providers.downloads/cache/metadata-1552.htm
07-05 12:32:32.343   545 20484 I DownloadManager: in removeSpuriousFiles, preserving file /data/data/com.android.providers.downloads/cache/metadata-1452.htm
07-05 12:32:32.347   545 20484 I DownloadManager: in removeSpuriousFiles, preserving file /data/data/com.android.providers.downloads/cache/metadata-593.htm
07-05 12:32:32.347   545 20484 I DownloadManager: in removeSpuriousFiles, preserving file /data/data/com.android.providers.downloads/cache/metadata-1364.htm
07-05 12:32:32.347   545 20484 I DownloadManager: in removeSpuriousFiles, preserving file /data/data/com.android.providers.downloads/cache/metadata-1365.htm
07-05 12:32:32.347   545 20484 I DownloadManager: in removeSpuriousFiles, preserving file /data/data/com.android.providers.downloads/cache/metadata-745.htm
07-05 12:32:32.347   545 20484 I DownloadManager: in removeSpuriousFiles, preserving file /data/data/com.android.providers.downloads/cache/metadata-586.htm
07-05 12:32:32.347   545 20484 I DownloadManager: in removeSpuriousFiles, preserving file /data/data/com.android.providers.downloads/cache/metadata-1094.htm
07-05 12:32:32.347   545 20484 I DownloadManager: in removeSpuriousFiles, preserving file /data/data/com.android.providers.downloads/cache/metadata-292.htm
07-05 12:32:32.347   545 20484 I DownloadManager: in removeSpuriousFiles, preserving file /data/data/com.android.providers.downloads/cache/metadata-2.htm
07-05 12:32:32.347   545 20484 I DownloadManager: in removeSpuriousFiles, preserving file /data/data/com.android.providers.downloads/cache/metadata-18.htm
07-05 12:32:32.347   545 20484 I DownloadManager: in removeSpuriousFiles, preserving file /data/data/com.android.providers.downloads/cache/metadata-26.htm
07-05 12:32:32.347   545 20484 I DownloadManager: in removeSpuriousFiles, preserving file /data/data/com.android.providers.downloads/cache/metadata-24.htm
07-05 12:32:32.347   545 20484 I DownloadManager: in removeSpuriousFiles, preserving file /data/data/com.android.providers.downloads/cache/metadata-20.htm
07-05 12:32:32.347   545 20484 I DownloadManager: in removeSpuriousFiles, preserving file /data/data/com.android.providers.downloads/cache/metadata-32.htm
07-05 12:32:32.347   545 20484 I DownloadManager: in removeSpuriousFiles, preserving file /data/data/com.android.providers.downloads/cache/metadata-35.htm
07-05 12:32:32.347   545 20484 I DownloadManager: in removeSpuriousFiles, preserving file /data/data/com.android.providers.downloads/cache/metadata-47.htm
07-05 12:32:32.351   545 20484 I DownloadManager: in removeSpuriousFiles, preserving file /data/data/com.android.providers.downloads/cache/metadata-19.htm
07-05 12:32:32.351   545 20484 I DownloadManager: in removeSpuriousFiles, preserving file /data/data/com.android.providers.downloads/cache/metadata-46.htm
07-05 12:32:32.351   545 20484 I DownloadManager: in removeSpuriousFiles, preserving file /data/data/com.android.providers.downloads/cache/metadata-41.htm
07-05 12:32:32.351   545 20484 I DownloadManager: in removeSpuriousFiles, preserving file /data/data/com.android.providers.downloads/cache/metadata-42.htm
07-05 12:32:32.351   545 20484 I DownloadManager: in removeSpuriousFiles, preserving file /data/data/com.android.providers.downloads/cache/metadata-59.htm
07-05 12:32:32.351   545 20484 I DownloadManager: in removeSpuriousFiles, preserving file /data/data/com.android.providers.downloads/cache/metadata-118.htm
07-05 12:32:32.351   545 20484 I DownloadManager: in removeSpuriousFiles, preserving file /data/data/com.android.providers.downloads/cache/metadata-62.htm
07-05 12:32:32.351   545 20484 I DownloadManager: in removeSpuriousFiles, preserving file /data/data/com.android.providers.downloads/cache/metadata-58.htm
07-05 12:32:32.351   545 20484 I DownloadManager: in removeSpuriousFiles, preserving file /data/data/com.android.providers.downloads/cache/metadata-54.htm
07-05 12:32:32.351   545 20484 I DownloadManager: in removeSpuriousFiles, preserving file /data/data/com.android.providers.downloads/cache/metadata-60.htm
07-05 12:32:32.351   545 20484 I DownloadManager: in removeSpuriousFiles, preserving file /data/data/com.android.providers.downloads/cache/metadata-1598.htm
07-05 12:32:32.351   545 20484 I DownloadManager: in removeSpuriousFiles, preserving file /data/data/com.android.providers.downloads/cache/metadata-57.htm
07-05 12:32:32.351   545 20484 I DownloadManager: in removeSpuriousFiles, preserving file /data/data/com.android.providers.downloads/cache/metadata-185.htm
07-05 12:32:32.351   545 20484 I DownloadManager: in removeSpuriousFiles, preserving file /data/data/com.android.providers.downloads/cache/metadata-143.htm
07-05 12:32:32.351   545 20484 I DownloadManager: in removeSpuriousFiles, preserving file /data/data/com.android.providers.downloads/cache/metadata-125.htm
07-05 12:32:32.351   545 20484 I DownloadManager: in removeSpuriousFiles, preserving file /data/data/com.android.providers.downloads/cache/metadata-116.htm
07-05 12:32:32.351   545 20484 I DownloadManager: in removeSpuriousFiles, preserving file /data/data/com.android.providers.downloads/cache/metadata-67.htm
07-05 12:32:32.351   545 20484 I DownloadManager: in removeSpuriousFiles, preserving file /data/data/com.android.providers.downloads/cache/metadata-191.htm
07-05 12:32:32.351   545 20484 I DownloadManager: in removeSpuriousFiles, preserving file /data/data/com.android.providers.downloads/cache/metadata-77.htm
07-05 12:32:32.351   545 20484 I DownloadManager: in removeSpuriousFiles, preserving file /data/data/com.android.providers.downloads/cache/metadata-124.htm
07-05 12:32:32.351   545 20484 I DownloadManager: in removeSpuriousFiles, preserving file /data/data/com.android.providers.downloads/cache/metadata-147.htm
07-05 12:32:32.351   545 20484 I DownloadManager: in removeSpuriousFiles, preserving file /data/data/com.android.providers.downloads/cache/metadata-203.htm
07-05 12:32:32.351   545 20484 I DownloadManager: in removeSpuriousFiles, preserving file /data/data/com.android.providers.downloads/cache/metadata-111.htm
07-05 12:32:32.351   545 20484 I DownloadManager: in removeSpuriousFiles, preserving file /data/data/com.android.providers.downloads/cache/metadata-72.htm
07-05 12:32:32.351   545 20484 I DownloadManager: in removeSpuriousFiles, preserving file /data/data/com.android.providers.downloads/cache/metadata-188.htm
07-05 12:32:32.351   545 20484 I DownloadManager: in removeSpuriousFiles, preserving file /data/data/com.android.providers.downloads/cache/metadata-802.htm
07-05 12:32:32.351   545 20484 I DownloadManager: in removeSpuriousFiles, preserving file /data/data/com.android.providers.downloads/cache/metadata-1066.htm
07-05 12:32:32.351   545 20484 I DownloadManager: in removeSpuriousFiles, preserving file /data/data/com.android.providers.downloads/cache/metadata-205.htm
07-05 12:32:32.351   545 20484 I DownloadManager: in removeSpuriousFiles, preserving file /data/data/com.android.providers.downloads/cache/metadata-151.htm
07-05 12:32:32.351   545 20484 I DownloadManager: in removeSpuriousFiles, preserving file /data/data/com.android.providers.downloads/cache/metadata-1175.htm
07-05 12:32:32.351   545 20484 I DownloadManager: in removeSpuriousFiles, preserving file /data/data/com.android.providers.downloads/cache/metadata-2273.htm
07-05 12:32:32.351   545 20484 I DownloadManager: in removeSpuriousFiles, preserving file /data/data/com.android.providers.downloads/cache/metadata-172.htm
07-05 12:32:32.351   545 20484 I DownloadManager: in removeSpuriousFiles, preserving file /data/data/com.android.providers.downloads/cache/metadata-201.htm
07-05 12:32:32.351   545 20484 I DownloadManager: in removeSpuriousFiles, preserving file /data/data/com.android.providers.downloads/cache/metadata-104.htm
07-05 12:32:32.351   545 20484 I DownloadManager: in removeSpuriousFiles, preserving file /data/data/com.android.providers.downloads/cache/metadata-1077.htm
07-05 12:32:32.351   545 20484 I DownloadManager: in removeSpuriousFiles, preserving file /data/data/com.android.providers.downloads/cache/metadata-183.htm
07-05 12:32:32.351   545 20484 I DownloadManager: in removeSpuriousFiles, preserving file /data/data/com.android.providers.downloads/cache/metadata-445.htm
07-05 12:32:32.351   545 20484 I DownloadManager: in removeSpuriousFiles, preserving file /data/data/com.android.providers.downloads/cache/metadata-142.htm
07-05 12:32:32.351   545 20484 I DownloadManager: in removeSpuriousFiles, preserving file /data/data/com.android.providers.downloads/cache/metadata-174.htm
07-05 12:32:32.351   545 20484 I DownloadManager: in removeSpuriousFiles, preserving file /data/data/com.android.providers.downloads/cache/metadata-245.htm
07-05 12:32:32.351   545 20484 I DownloadManager: in removeSpuriousFiles, preserving file /data/data/com.android.providers.downloads/cache/metadata-150.htm
07-05 12:32:32.351   545 20484 I DownloadManager: in removeSpuriousFiles, preserving file /data/data/com.android.providers.downloads/cache/metadata-89.htm
07-05 12:32:32.351   545 20484 I DownloadManager: in removeSpuriousFiles, preserving file /data/data/com.android.providers.downloads/cache/metadata-888.htm
07-05 12:32:32.351   545 20484 I DownloadManager: in removeSpuriousFiles, preserving file /data/data/com.android.providers.downloads/cache/metadata-626.htm
07-05 12:32:32.351   545 20484 I DownloadManager: in removeSpuriousFiles, preserving file /data/data/com.android.providers.downloads/cache/metadata-581.htm
07-05 12:32:32.355   545 20484 I DownloadManager: in removeSpuriousFiles, preserving file /data/data/com.android.providers.downloads/cache/metadata-781.htm
07-05 12:32:32.355   545 20484 I DownloadManager: in removeSpuriousFiles, preserving file /data/data/com.android.providers.downloads/cache/metadata-127.htm
07-05 12:32:32.355   545 20484 I DownloadManager: in removeSpuriousFiles, preserving file /data/data/com.android.providers.downloads/cache/metadata-865.htm
07-05 12:32:32.355   545 20484 I DownloadManager: in removeSpuriousFiles, preserving file /data/data/com.android.providers.downloads/cache/metadata-1025.htm
07-05 12:32:32.355   545 20484 I DownloadManager: in removeSpuriousFiles, preserving file /data/data/com.android.providers.downloads/cache/metadata-101.htm
07-05 12:32:32.355   545 20484 I DownloadManager: in removeSpuriousFiles, preserving file /data/data/com.android.providers.downloads/cache/metadata-2236.htm
07-05 12:32:32.355   545 20484 I DownloadManager: in removeSpuriousFiles, preserving file /data/data/com.android.providers.downloads/cache/metadata-1085.htm
07-05 12:32:32.355   545 20484 I DownloadManager: in removeSpuriousFiles, preserving file /data/data/com.android.providers.downloads/cache/metadata-1780.htm
07-05 12:32:32.355   545 20484 I DownloadManager: in removeSpuriousFiles, preserving file /data/data/com.android.providers.downloads/cache/metadata-859.htm
07-05 12:32:32.355   545 20484 I DownloadManager: in removeSpuriousFiles, preserving file /data/data/com.android.providers.downloads/cache/metadata-224.htm
07-05 12:32:32.355   545 20484 I DownloadManager: in removeSpuriousFiles, preserving file /data/data/com.android.providers.downloads/cache/metadata-240.htm
07-05 12:32:32.355   545 20484 I DownloadManager: in removeSpuriousFiles, preserving file /data/data/com.android.providers.downloads/cache/metadata-126.htm
07-05 12:32:32.355   545 20484 I DownloadManager: in removeSpuriousFiles, preserving file /data/data/com.android.providers.downloads/cache/metadata-1389.htm
07-05 12:32:32.355   545 20484 I DownloadManager: in removeSpuriousFiles, preserving file /data/data/com.android.providers.downloads/cache/metadata-319.htm
07-05 12:32:32.363   545 20484 I DownloadManager: in removeSpuriousFiles, preserving file /data/data/com.android.providers.downloads/cache/metadata-196.htm
07-05 12:32:32.363   545 20484 I DownloadManager: in removeSpuriousFiles, preserving file /data/data/com.android.providers.downloads/cache/metadata-1429.htm
07-05 12:32:32.363   545 20484 I DownloadManager: in removeSpuriousFiles, preserving file /data/data/com.android.providers.downloads/cache/metadata-715.htm
07-05 12:32:32.363   545 20484 I DownloadManager: in removeSpuriousFiles, preserving file /data/data/com.android.providers.downloads/cache/metadata-176.htm
07-05 12:32:32.363   545 20484 I DownloadManager: in removeSpuriousFiles, preserving file /data/data/com.android.providers.downloads/cache/metadata-153.htm
07-05 12:32:32.363   545 20484 I DownloadManager: in removeSpuriousFiles, preserving file /data/data/com.android.providers.downloads/cache/metadata-82.htm
07-05 12:32:32.363   545 20484 I DownloadManager: in removeSpuriousFiles, preserving file /data/data/com.android.providers.downloads/cache/metadata-587.htm
07-05 12:32:32.363   545 20484 I DownloadManager: in removeSpuriousFiles, preserving file /data/data/com.android.providers.downloads/cache/metadata-466.htm
07-05 12:32:32.363   545 20484 I DownloadManager: in removeSpuriousFiles, preserving file /data/data/com.android.providers.downloads/cache/metadata-1224.htm
07-05 12:32:32.367   545 20484 I DownloadManager: in removeSpuriousFiles, preserving file /data/data/com.android.providers.downloads/cache/metadata-221.htm
07-05 12:32:32.367   545 20484 I DownloadManager: in removeSpuriousFiles, preserving file /data/data/com.android.providers.downloads/cache/metadata-580.htm
07-05 12:32:32.367   545 20484 I DownloadManager: in removeSpuriousFiles, preserving file /data/data/com.android.providers.downloads/cache/metadata-192.htm
07-05 12:32:32.367   545 20484 I DownloadManager: in removeSpuriousFiles, preserving file /data/data/com.android.providers.downloads/cache/metadata-1912.htm
07-05 12:32:32.367   545 20484 I DownloadManager: in removeSpuriousFiles, preserving file /data/data/com.android.providers.downloads/cache/metadata-1721.htm
07-05 12:32:32.367   545 20484 I DownloadManager: in removeSpuriousFiles, preserving file /data/data/com.android.providers.downloads/cache/metadata-556.htm
07-05 12:32:32.367   545 20484 I DownloadManager: in removeSpuriousFiles, preserving file /data/data/com.android.providers.downloads/cache/metadata-650.htm
07-05 12:32:32.367   545 20484 I DownloadManager: in removeSpuriousFiles, preserving file /data/data/com.android.providers.downloads/cache/metadata-1889.htm
07-05 12:32:32.367   545 20484 I DownloadManager: in removeSpuriousFiles, preserving file /data/data/com.android.providers.downloads/cache/metadata-672.htm
07-05 12:32:32.371   545 20484 I DownloadManager: in removeSpuriousFiles, preserving file /data/data/com.android.providers.downloads/cache/metadata-1473.htm
07-05 12:32:32.371   545 20484 I DownloadManager: in removeSpuriousFiles, preserving file /data/data/com.android.providers.downloads/cache/metadata-121.htm
07-05 12:32:32.371   545 20484 I DownloadManager: in removeSpuriousFiles, preserving file /data/data/com.android.providers.downloads/cache/metadata-1823.htm
07-05 12:32:32.371   545 20484 I DownloadManager: in removeSpuriousFiles, preserving file /data/data/com.android.providers.downloads/cache/metadata-1278.htm
07-05 12:32:32.371   545 20484 I DownloadManager: in removeSpuriousFiles, preserving file /data/data/com.android.providers.downloads/cache/metadata-1353.htm
07-05 12:32:32.371   545 20484 I DownloadManager: in removeSpuriousFiles, preserving file /data/data/com.android.providers.downloads/cache/metadata-1705.htm
07-05 12:32:32.371   545 20484 I DownloadManager: in removeSpuriousFiles, preserving file /data/data/com.android.providers.downloads/cache/metadata-814.htm
07-05 12:32:32.371   545 20484 I DownloadManager: in removeSpuriousFiles, preserving file /data/data/com.android.providers.downloads/cache/metadata-1538.htm
07-05 12:32:32.371   545 20484 I DownloadManager: in removeSpuriousFiles, preserving file /data/data/com.android.providers.downloads/cache/metadata-1605.htm
07-05 12:32:32.371   545 20484 I DownloadManager: in removeSpuriousFiles, preserving file /data/data/com.android.providers.downloads/cache/metadata-876.htm
07-05 12:32:32.375   545 20484 I DownloadManager: in removeSpuriousFiles, preserving file /data/data/com.android.providers.downloads/cache/metadata-892.htm
07-05 12:32:32.375   545 20484 I DownloadManager: in removeSpuriousFiles, preserving file /data/data/com.android.providers.downloads/cache/metadata-881.htm
07-05 12:32:32.375   545 20484 I DownloadManager: in removeSpuriousFiles, preserving file /data/data/com.android.providers.downloads/cache/metadata-1253.htm
07-05 12:32:32.375   545 20484 I DownloadManager: in removeSpuriousFiles, preserving file /data/data/com.android.providers.downloads/cache/metadata-216.htm
07-05 12:32:32.375   545 20484 I DownloadManager: in removeSpuriousFiles, preserving file /data/data/com.android.providers.downloads/cache/metadata-219.htm
07-05 12:32:32.375   545 20484 I DownloadManager: in removeSpuriousFiles, preserving file /data/data/com.android.providers.downloads/cache/metadata-217.htm
07-05 12:32:32.375   545 20484 I DownloadManager: in removeSpuriousFiles, preserving file /data/data/com.android.providers.downloads/cache/metadata-1174.htm
07-05 12:32:32.375   545 20484 I DownloadManager: in removeSpuriousFiles, preserving file /data/data/com.android.providers.downloads/cache/metadata-1216.htm
07-05 12:32:32.375   545 20484 I DownloadManager: in removeSpuriousFiles, preserving file /data/data/com.android.providers.downloads/cache/metadata-1749.htm
07-05 12:32:32.379   545 20484 I DownloadManager: in removeSpuriousFiles, preserving file /data/data/com.android.providers.downloads/cache/metadata-230.htm
07-05 12:32:32.379   545 20484 I DownloadManager: in removeSpuriousFiles, preserving file /data/data/com.android.providers.downloads/cache/metadata-1192.htm
07-05 12:32:32.379   545 20484 I DownloadManager: in removeSpuriousFiles, preserving file /data/data/com.android.providers.downloads/cache/metadata-1494.htm
07-05 12:32:32.379   545 20484 I DownloadManager: in removeSpuriousFiles, preserving file /data/data/com.android.providers.downloads/cache/metadata-1744.htm
07-05 12:32:32.379   545 20484 I DownloadManager: in removeSpuriousFiles, preserving file /data/data/com.android.providers.downloads/cache/metadata-1789.htm
07-05 12:32:32.379   545 20484 I DownloadManager: in removeSpuriousFiles, preserving file /data/data/com.android.providers.downloads/cache/metadata-1659.htm
07-05 12:32:32.379   545 20484 I DownloadManager: in removeSpuriousFiles, preserving file /data/data/com.android.providers.downloads/cache/metadata-763.htm
07-05 12:32:32.379   545 20484 I DownloadManager: in removeSpuriousFiles, preserving file /data/data/com.android.providers.downloads/cache/metadata-1514.htm
07-05 12:32:32.379   545 20484 I DownloadManager: in removeSpuriousFiles, preserving file /data/data/com.android.providers.downloads/cache/metadata-1163.htm
07-05 12:32:32.383   545 20484 I DownloadManager: in removeSpuriousFiles, preserving file /data/data/com.android.providers.downloads/cache/metadata-1397.htm
07-05 12:32:32.383   545 20484 I DownloadManager: in removeSpuriousFiles, preserving file /data/data/com.android.providers.downloads/cache/metadata-1102.htm
07-05 12:32:32.383   545 20484 I DownloadManager: in removeSpuriousFiles, preserving file /data/data/com.android.providers.downloads/cache/metadata-2442.htm
07-05 12:32:32.383   545 20484 I DownloadManager: in removeSpuriousFiles, preserving file /data/data/com.android.providers.downloads/cache/metadata-1575.htm
07-05 12:32:32.383   545 20484 I DownloadManager: in removeSpuriousFiles, preserving file /data/data/com.android.providers.downloads/cache/metadata-1544.htm
07-05 12:32:32.383   545 20484 I DownloadManager: in removeSpuriousFiles, preserving file /data/data/com.android.providers.downloads/cache/metadata-1105.htm
07-05 12:32:32.383   545 20484 I DownloadManager: in removeSpuriousFiles, preserving file /data/data/com.android.providers.downloads/cache/metadata-2113.htm
07-05 12:32:32.383   545 20484 I DownloadManager: in removeSpuriousFiles, preserving file /data/data/com.android.providers.downloads/cache/metadata-653.htm
07-05 12:32:32.383   545 20484 I DownloadManager: in removeSpuriousFiles, preserving file /data/data/com.android.providers.downloads/cache/metadata-161.htm
07-05 12:32:32.383   545 20484 I DownloadManager: in removeSpuriousFiles, preserving file /data/data/com.android.providers.downloads/cache/metadata-2392.htm
07-05 12:32:32.386   545 20484 I DownloadManager: in removeSpuriousFiles, preserving file /data/data/com.android.providers.downloads/cache/metadata-1960.htm
07-05 12:32:32.386   545 20484 I DownloadManager: in removeSpuriousFiles, preserving file /data/data/com.android.providers.downloads/cache/metadata-8.htm
07-05 12:32:32.386   545 20484 I DownloadManager: in removeSpuriousFiles, preserving file /data/data/com.android.providers.downloads/cache/metadata-43.htm
07-05 12:32:32.386   545 20484 I DownloadManager: in removeSpuriousFiles, preserving file /data/data/com.android.providers.downloads/cache/metadata-25.htm
07-05 12:32:32.386   545 20484 I DownloadManager: in removeSpuriousFiles, preserving file /data/data/com.android.providers.downloads/cache/metadata-39.htm
07-05 12:32:32.386   545 20484 I DownloadManager: in removeSpuriousFiles, preserving file /data/data/com.android.providers.downloads/cache/metadata-49.htm
07-05 12:32:32.386   545 20484 I DownloadManager: in removeSpuriousFiles, preserving file /data/data/com.android.providers.downloads/cache/metadata-112.htm
07-05 12:32:32.386   545 20484 I DownloadManager: in removeSpuriousFiles, preserving file /data/data/com.android.providers.downloads/cache/metadata-53.htm
07-05 12:32:32.386   545 20484 I DownloadManager: in removeSpuriousFiles, preserving file /data/data/com.android.providers.downloads/cache/metadata-71.htm
07-05 12:32:32.386   545 20484 I DownloadManager: in removeSpuriousFiles, preserving file /data/data/com.android.providers.downloads/cache/metadata-27.htm
07-05 12:32:32.386   545 20484 I DownloadManager: in removeSpuriousFiles, preserving file /data/data/com.android.providers.downloads/cache/metadata-289.htm
07-05 12:32:32.386   545 20484 I DownloadManager: in removeSpuriousFiles, preserving file /data/data/com.android.providers.downloads/cache/metadata-56.htm
07-05 12:32:32.386   545 20484 I DownloadManager: in removeSpuriousFiles, preserving file /data/data/com.android.providers.downloads/cache/metadata-55.htm
07-05 12:32:32.386   545 20484 I DownloadManager: in removeSpuriousFiles, preserving file /data/data/com.android.providers.downloads/cache/metadata-120.htm
07-05 12:32:32.386   545 20484 I DownloadManager: in removeSpuriousFiles, preserving file /data/data/com.android.providers.downloads/cache/metadata-70.htm
07-05 12:32:32.386   545 20484 I DownloadManager: in removeSpuriousFiles, preserving file /data/data/com.android.providers.downloads/cache/metadata-92.htm
07-05 12:32:32.386   545 20484 I DownloadManager: in removeSpuriousFiles, preserving file /data/data/com.android.providers.downloads/cache/metadata-295.htm
07-05 12:32:32.386   545 20484 I DownloadManager: in removeSpuriousFiles, preserving file /data/data/com.android.providers.downloads/cache/metadata-306.htm
07-05 12:32:32.386   545 20484 I DownloadManager: in removeSpuriousFiles, preserving file /data/data/com.android.providers.downloads/cache/metadata-160.htm
07-05 12:32:32.386   545 20484 I DownloadManager: in removeSpuriousFiles, preserving file /data/data/com.android.providers.downloads/cache/metadata-64.htm
07-05 12:32:32.386   545 20484 I DownloadManager: in removeSpuriousFiles, preserving file /data/data/com.android.providers.downloads/cache/metadata-168.htm
07-05 12:32:32.386   545 20484 I DownloadManager: in removeSpuriousFiles, preserving file /data/data/com.android.providers.downloads/cache/metadata-326.htm
07-05 12:32:32.386   545 20484 I DownloadManager: in removeSpuriousFiles, preserving file /data/data/com.android.providers.downloads/cache/metadata-286.htm
07-05 12:32:32.386   545 20484 I DownloadManager: in removeSpuriousFiles, preserving file /data/data/com.android.providers.downloads/cache/metadata-182.htm
07-05 12:32:32.386   545 20484 I DownloadManager: in removeSpuriousFiles, preserving file /data/data/com.android.providers.downloads/cache/metadata-108.htm
07-05 12:32:32.386   545 20484 I DownloadManager: in removeSpuriousFiles, preserving file /data/data/com.android.providers.downloads/cache/metadata-197.htm
07-05 12:32:32.386   545 20484 I DownloadManager: in removeSpuriousFiles, preserving file /data/data/com.android.providers.downloads/cache/metadata-79.htm
07-05 12:32:32.386   545 20484 I DownloadManager: in removeSpuriousFiles, preserving file /data/data/com.android.providers.downloads/cache/metadata-231.htm
07-05 12:32:32.386   545 20484 I DownloadManager: in removeSpuriousFiles, preserving file /data/data/com.android.providers.downloads/cache/metadata-394.htm
07-05 12:32:32.386   545 20484 I DownloadManager: in removeSpuriousFiles, preserving file /data/data/com.android.providers.downloads/cache/metadata-68.htm
07-05 12:32:32.386   545 20484 I DownloadManager: in removeSpuriousFiles, preserving file /data/data/com.android.providers.downloads/cache/metadata-122.htm
07-05 12:32:32.386   545 20484 I DownloadManager: in removeSpuriousFiles, preserving file /data/data/com.android.providers.downloads/cache/metadata-1191.htm
07-05 12:32:32.386   545 20484 I DownloadManager: in removeSpuriousFiles, preserving file /data/data/com.android.providers.downloads/cache/metadata-228.htm
07-05 12:32:32.386   545 20484 I DownloadManager: in removeSpuriousFiles, preserving file /data/data/com.android.providers.downloads/cache/metadata-284.htm
07-05 12:32:32.386   545 20484 I DownloadManager: in removeSpuriousFiles, preserving file /data/data/com.android.providers.downloads/cache/metadata-76.htm
07-05 12:32:32.386   545 20484 I DownloadManager: in removeSpuriousFiles, preserving file /data/data/com.android.providers.downloads/cache/metadata-169.htm
07-05 12:32:32.390   545 20484 I DownloadManager: in removeSpuriousFiles, preserving file /data/data/com.android.providers.downloads/cache/metadata-85.htm
07-05 12:32:32.390   545 20484 I DownloadManager: in removeSpuriousFiles, preserving file /data/data/com.android.providers.downloads/cache/metadata-202.htm
07-05 12:32:32.390   545 20484 I DownloadManager: in removeSpuriousFiles, preserving file /data/data/com.android.providers.downloads/cache/metadata-139.htm
07-05 12:32:32.390   545 20484 I DownloadManager: in removeSpuriousFiles, preserving file /data/data/com.android.providers.downloads/cache/metadata-123.htm
07-05 12:32:32.390   545 20484 I DownloadManager: in removeSpuriousFiles, preserving file /data/data/com.android.providers.downloads/cache/metadata-181.htm
07-05 12:32:32.390   545 20484 I DownloadManager: in removeSpuriousFiles, preserving file /data/data/com.android.providers.downloads/cache/metadata-91.htm
07-05 12:32:32.390   545 20484 I DownloadManager: in removeSpuriousFiles, preserving file /data/data/com.android.providers.downloads/cache/metadata-222.htm
07-05 12:32:32.390   545 20484 I DownloadManager: in removeSpuriousFiles, preserving file /data/data/com.android.providers.downloads/cache/metadata-254.htm
07-05 12:32:32.390   545 20484 I DownloadManager: in removeSpuriousFiles, preserving file /data/data/com.android.providers.downloads/cache/metadata-135.htm
07-05 12:32:32.390   545 20484 I DownloadManager: in removeSpuriousFiles, preserving file /data/data/com.android.providers.downloads/cache/metadata-164.htm
07-05 12:32:32.390   545 20484 I DownloadManager: in removeSpuriousFiles, preserving file /data/data/com.android.providers.downloads/cache/metadata-146.htm
07-05 12:32:32.390   545 20484 I DownloadManager: in removeSpuriousFiles, preserving file /data/data/com.android.providers.downloads/cache/metadata-383.htm
07-05 12:32:32.390   545 20484 I DownloadManager: in removeSpuriousFiles, preserving file /data/data/com.android.providers.downloads/cache/metadata-163.htm
07-05 12:32:32.390   545 20484 I DownloadManager: in removeSpuriousFiles, preserving file /data/data/com.android.providers.downloads/cache/metadata-1250.htm
07-05 12:32:32.390   545 20484 I DownloadManager: in removeSpuriousFiles, preserving file /data/data/com.android.providers.downloads/cache/metadata-206.htm
07-05 12:32:32.390   545 20484 I DownloadManager: in removeSpuriousFiles, preserving file /data/data/com.android.providers.downloads/cache/metadata-207.htm
07-05 12:32:32.390   545 20484 I DownloadManager: in removeSpuriousFiles, preserving file /data/data/com.android.providers.downloads/cache/metadata-218.htm
07-05 12:32:32.390   545 20484 I DownloadManager: in removeSpuriousFiles, preserving file /data/data/com.android.providers.downloads/cache/metadata-148.htm
07-05 12:32:32.390   545 20484 I DownloadManager: in removeSpuriousFiles, preserving file /data/data/com.android.providers.downloads/cache/metadata-300.htm
07-05 12:32:32.390   545 20484 I DownloadManager: in removeSpuriousFiles, preserving file /data/data/com.android.providers.downloads/cache/metadata-232.htm
07-05 12:32:32.390   545 20484 I DownloadManager: in removeSpuriousFiles, preserving file /data/data/com.android.providers.downloads/cache/metadata-227.htm
07-05 12:32:32.390   545 20484 I DownloadManager: in removeSpuriousFiles, preserving file /data/data/com.android.providers.downloads/cache/metadata-1372.htm
07-05 12:32:32.390   545 20484 I DownloadManager: in removeSpuriousFiles, preserving file /data/data/com.android.providers.downloads/cache/metadata-384.htm
07-05 12:32:32.390   545 20484 I DownloadManager: in removeSpuriousFiles, preserving file /data/data/com.android.providers.downloads/cache/metadata-237.htm
07-05 12:32:32.390   545 20484 I DownloadManager: in removeSpuriousFiles, preserving file /data/data/com.android.providers.downloads/cache/metadata-119.htm
07-05 12:32:32.390   545 20484 I DownloadManager: in removeSpuriousFiles, preserving file /data/data/com.android.providers.downloads/cache/metadata-2052.htm
07-05 12:32:32.390   545 20484 I DownloadManager: in removeSpuriousFiles, preserving file /data/data/com.android.providers.downloads/cache/metadata-1428.htm
07-05 12:32:32.390   545 20484 I DownloadManager: in removeSpuriousFiles, preserving file /data/data/com.android.providers.downloads/cache/metadata-667.htm
07-05 12:32:32.390   545 20484 I DownloadManager: in removeSpuriousFiles, preserving file /data/data/com.android.providers.downloads/cache/metadata-1652.htm
07-05 12:32:32.390   545 20484 I DownloadManager: in removeSpuriousFiles, preserving file /data/data/com.android.providers.downloads/cache/metadata-115.htm
07-05 12:32:32.390   545 20484 I DownloadManager: in removeSpuriousFiles, preserving file /data/data/com.android.providers.downloads/cache/metadata-406.htm
07-05 12:32:32.390   545 20484 I DownloadManager: in removeSpuriousFiles, preserving file /data/data/com.android.providers.downloads/cache/metadata-1500.htm
07-05 12:32:32.394   545 20484 I DownloadManager: in removeSpuriousFiles, preserving file /data/data/com.android.providers.downloads/cache/metadata-1496.htm
07-05 12:32:32.394   545 20484 I DownloadManager: in removeSpuriousFiles, preserving file /data/data/com.android.providers.downloads/cache/metadata-360.htm
07-05 12:32:32.394   545 20484 I DownloadManager: in removeSpuriousFiles, preserving file /data/data/com.android.providers.downloads/cache/metadata-249.htm
07-05 12:32:32.394   545 20484 I DownloadManager: in removeSpuriousFiles, preserving file /data/data/com.android.providers.downloads/cache/metadata-334.htm
07-05 12:32:32.394   545 20484 I DownloadManager: in removeSpuriousFiles, preserving file /data/data/com.android.providers.downloads/cache/metadata-709.htm
07-05 12:32:32.394   545 20484 I DownloadManager: in removeSpuriousFiles, preserving file /data/data/com.android.providers.downloads/cache/metadata-1504.htm
07-05 12:32:32.394   545 20484 I DownloadManager: in removeSpuriousFiles, preserving file /data/data/com.android.providers.downloads/cache/metadata-374.htm
07-05 12:32:32.394   545 20484 I DownloadManager: in removeSpuriousFiles, preserving file /data/data/com.android.providers.downloads/cache/metadata-252.htm
07-05 12:32:32.394   545 20484 I DownloadManager: in removeSpuriousFiles, preserving file /data/data/com.android.providers.downloads/cache/metadata-397.htm
07-05 12:32:32.394   545 20484 I DownloadManager: in removeSpuriousFiles, preserving file /data/data/com.android.providers.downloads/cache/metadata-80.htm
07-05 12:32:32.394   545 20484 I DownloadManager: in removeSpuriousFiles, preserving file /data/data/com.android.providers.downloads/cache/metadata-1222.htm
07-05 12:32:32.394   545 20484 I DownloadManager: in removeSpuriousFiles, preserving file /data/data/com.android.providers.downloads/cache/metadata-1767.htm
07-05 12:32:32.394   545 20484 I DownloadManager: in removeSpuriousFiles, preserving file /data/data/com.android.providers.downloads/cache/metadata-331.htm
07-05 12:32:32.394   545 20484 I DownloadManager: in removeSpuriousFiles, preserving file /data/data/com.android.providers.downloads/cache/metadata-145.htm
07-05 12:32:32.394   545 20484 I DownloadManager: in removeSpuriousFiles, preserving file /data/data/com.android.providers.downloads/cache/metadata-1919.htm
07-05 12:32:32.394   545 20484 I DownloadManager: in removeSpuriousFiles, preserving file /data/data/com.android.providers.downloads/cache/metadata-157.htm
07-05 12:32:32.394   545 20484 I DownloadManager: in removeSpuriousFiles, preserving file /data/data/com.android.providers.downloads/cache/metadata-623.htm
07-05 12:32:32.394   545 20484 I DownloadManager: in removeSpuriousFiles, preserving file /data/data/com.android.providers.downloads/cache/metadata-259.htm
07-05 12:32:32.394   545 20484 I DownloadManager: in removeSpuriousFiles, preserving file /data/data/com.android.providers.downloads/cache/metadata-2185.htm
07-05 12:32:32.394   545 20484 I DownloadManager: in removeSpuriousFiles, preserving file /data/data/com.android.providers.downloads/cache/metadata-78.htm
07-05 12:32:32.398   545 20484 I DownloadManager: in removeSpuriousFiles, preserving file /data/data/com.android.providers.downloads/cache/metadata-233.htm
07-05 12:32:32.398   545 20484 I DownloadManager: in removeSpuriousFiles, preserving file /data/data/com.android.providers.downloads/cache/metadata-824.htm
07-05 12:32:32.398   545 20484 I DownloadManager: in removeSpuriousFiles, preserving file /data/data/com.android.providers.downloads/cache/metadata-447.htm
07-05 12:32:32.398   545 20484 I DownloadManager: in removeSpuriousFiles, preserving file /data/data/com.android.providers.downloads/cache/metadata-345.htm
07-05 12:32:32.398   545 20484 I DownloadManager: in removeSpuriousFiles, preserving file /data/data/com.android.providers.downloads/cache/metadata-1298.htm
07-05 12:32:32.398   545 20484 I DownloadManager: in removeSpuriousFiles, preserving file /data/data/com.android.providers.downloads/cache/metadata-613.htm
07-05 12:32:32.398   545 20484 I DownloadManager: in removeSpuriousFiles, preserving file /data/data/com.android.providers.downloads/cache/metadata-323.htm
07-05 12:32:32.398   545 20484 I DownloadManager: in removeSpuriousFiles, preserving file /data/data/com.android.providers.downloads/cache/metadata-1757.htm
07-05 12:32:32.398   545 20484 I DownloadManager: in removeSpuriousFiles, preserving file /data/data/com.android.providers.downloads/cache/metadata-187.htm
07-05 12:32:32.398   545 20484 I DownloadManager: in removeSpuriousFiles, preserving file /data/data/com.android.providers.downloads/cache/metadata-446.htm
07-05 12:32:32.398   545 20484 I DownloadManager: in removeSpuriousFiles, preserving file /data/data/com.android.providers.downloads/cache/metadata-75.htm
07-05 12:32:32.398   545 20484 I DownloadManager: in removeSpuriousFiles, preserving file /data/data/com.android.providers.downloads/cache/metadata-1279.htm
07-05 12:32:32.398   545 20484 I DownloadManager: in removeSpuriousFiles, preserving file /data/data/com.android.providers.downloads/cache/metadata-381.htm
07-05 12:32:32.398   545 20484 I DownloadManager: in removeSpuriousFiles, preserving file /data/data/com.android.providers.downloads/cache/metadata-1546.htm
07-05 12:32:32.398   545 20484 I DownloadManager: in removeSpuriousFiles, preserving file /data/data/com.android.providers.downloads/cache/metadata-209.htm
07-05 12:32:32.398   545 20484 I DownloadManager: in removeSpuriousFiles, preserving file /data/data/com.android.providers.downloads/cache/metadata-158.htm
07-05 12:32:32.398   545 20484 I DownloadManager: in removeSpuriousFiles, preserving file /data/data/com.android.providers.downloads/cache/metadata-1838.htm
07-05 12:32:32.402   545 20484 I DownloadManager: in removeSpuriousFiles, preserving file /data/data/com.android.providers.downloads/cache/metadata-392.htm
07-05 12:32:32.402   545 20484 I DownloadManager: in removeSpuriousFiles, preserving file /data/data/com.android.providers.downloads/cache/metadata-2132.htm
07-05 12:32:32.433   545 20484 D dalvikvm: GC_FOR_ALLOC freed 569K, 9% free 10761K/11719K, paused 23ms
07-05 12:32:32.433   545 20484 I DownloadManager: in removeSpuriousFiles, preserving file /data/data/com.android.providers.downloads/cache/metadata-273.htm
07-05 12:32:32.437   545 20484 I DownloadManager: in removeSpuriousFiles, preserving file /data/data/com.android.providers.downloads/cache/metadata-1991.htm
07-05 12:32:32.437   545 20484 I DownloadManager: in removeSpuriousFiles, preserving file /data/data/com.android.providers.downloads/cache/metadata-1471.htm
07-05 12:32:32.437   545 20484 I DownloadManager: in removeSpuriousFiles, preserving file /data/data/com.android.providers.downloads/cache/metadata-1148.htm
07-05 12:32:32.437   545 20484 I DownloadManager: in removeSpuriousFiles, preserving file /data/data/com.android.providers.downloads/cache/metadata-1540.htm
07-05 12:32:32.437   545 20484 I DownloadManager: in removeSpuriousFiles, preserving file /data/data/com.android.providers.downloads/cache/metadata-1178.htm
07-05 12:32:32.437   545 20484 I DownloadManager: in removeSpuriousFiles, preserving file /data/data/com.android.providers.downloads/cache/metadata-2544.htm
07-05 12:32:32.437   545 20484 I DownloadManager: in removeSpuriousFiles, preserving file /data/data/com.android.providers.downloads/cache/metadata-1456.htm
07-05 12:32:32.437   545 20484 I DownloadManager: in removeSpuriousFiles, preserving file /data/data/com.android.providers.downloads/cache/metadata-317.htm
07-05 12:32:32.437   545 20484 I DownloadManager: in removeSpuriousFiles, preserving file /data/data/com.android.providers.downloads/cache/metadata-368.htm
07-05 12:32:32.453   545 20484 I DownloadManager: in removeSpuriousFiles, preserving file /data/data/com.android.providers.downloads/cache/metadata-260.htm
07-05 12:32:32.453   545 20484 I DownloadManager: in removeSpuriousFiles, preserving file /data/data/com.android.providers.downloads/cache/metadata-896.htm
07-05 12:32:32.453   545 20484 I DownloadManager: in removeSpuriousFiles, preserving file /data/data/com.android.providers.downloads/cache/metadata-2021.htm
07-05 12:32:32.453   545 20484 I DownloadManager: in removeSpuriousFiles, preserving file /data/data/com.android.providers.downloads/cache/metadata-1247.htm
07-05 12:32:32.453   545 20484 I DownloadManager: in removeSpuriousFiles, preserving file /data/data/com.android.providers.downloads/cache/metadata-73.htm
07-05 12:32:32.453   545 20484 I DownloadManager: in removeSpuriousFiles, preserving file /data/data/com.android.providers.downloads/cache/metadata-17.htm
07-05 12:32:32.453   545 20484 I DownloadManager: in removeSpuriousFiles, preserving file /data/data/com.android.providers.downloads/cache/metadata-44.htm
07-05 12:32:32.453   545 20484 I DownloadManager: in removeSpuriousFiles, preserving file /data/data/com.android.providers.downloads/cache/metadata-312.htm
07-05 12:32:32.453   545 20484 I DownloadManager: in removeSpuriousFiles, preserving file /data/data/com.android.providers.downloads/cache/metadata-48.htm
07-05 12:32:32.453   545 20484 I DownloadManager: in removeSpuriousFiles, preserving file /data/data/com.android.providers.downloads/cache/metadata-96.htm
07-05 12:32:32.453   545 20484 I DownloadManager: in removeSpuriousFiles, preserving file /data/data/com.android.providers.downloads/cache/metadata-291.htm
07-05 12:32:32.453   545 20484 I DownloadManager: in removeSpuriousFiles, preserving file /data/data/com.android.providers.downloads/cache/metadata-159.htm
07-05 12:32:32.453   545 20484 I DownloadManager: in removeSpuriousFiles, preserving file /data/data/com.android.providers.downloads/cache/metadata-362.htm
07-05 12:32:32.453   545 20484 I DownloadManager: in removeSpuriousFiles, preserving file /data/data/com.android.providers.downloads/cache/metadata-141.htm
07-05 12:32:32.453   545 20484 I DownloadManager: in removeSpuriousFiles, preserving file /data/data/com.android.providers.downloads/cache/metadata-215.htm
07-05 12:32:32.453   545 20484 I DownloadManager: in removeSpuriousFiles, preserving file /data/data/com.android.providers.downloads/cache/metadata-90.htm
07-05 12:32:32.453   545 20484 I DownloadManager: in removeSpuriousFiles, preserving file /data/data/com.android.providers.downloads/cache/metadata-149.htm
07-05 12:32:32.453   545 20484 I DownloadManager: in removeSpuriousFiles, preserving file /data/data/com.android.providers.downloads/cache/metadata-267.htm
07-05 12:32:32.453   545 20484 I DownloadManager: in removeSpuriousFiles, preserving file /data/data/com.android.providers.downloads/cache/metadata-193.htm
07-05 12:32:32.453   545 20484 I DownloadManager: in removeSpuriousFiles, preserving file /data/data/com.android.providers.downloads/cache/metadata-351.htm
07-05 12:32:32.453   545 20484 I DownloadManager: in removeSpuriousFiles, preserving file /data/data/com.android.providers.downloads/cache/metadata-255.htm
07-05 12:32:32.453   545 20484 I DownloadManager: in removeSpuriousFiles, preserving file /data/data/com.android.providers.downloads/cache/metadata-107.htm
07-05 12:32:32.453   545 20484 I DownloadManager: in removeSpuriousFiles, preserving file /data/data/com.android.providers.downloads/cache/metadata-180.htm
07-05 12:32:32.453   545 20484 I DownloadManager: in removeSpuriousFiles, preserving file /data/data/com.android.providers.downloads/cache/metadata-154.htm
07-05 12:32:32.453   545 20484 I DownloadManager: in removeSpuriousFiles, preserving file /data/data/com.android.providers.downloads/cache/metadata-134.htm
07-05 12:32:32.457   545 20484 I DownloadManager: in removeSpuriousFiles, preserving file /data/data/com.android.providers.downloads/cache/metadata-280.htm
07-05 12:32:32.457   545 20484 I DownloadManager: in removeSpuriousFiles, preserving file /data/data/com.android.providers.downloads/cache/metadata-194.htm
07-05 12:32:32.457   545 20484 I DownloadManager: in removeSpuriousFiles, preserving file /data/data/com.android.providers.downloads/cache/metadata-170.htm
07-05 12:32:32.457   545 20484 I DownloadManager: in removeSpuriousFiles, preserving file /data/data/com.android.providers.downloads/cache/metadata-353.htm
07-05 12:32:32.457   545 20484 I DownloadManager: in removeSpuriousFiles, preserving file /data/data/com.android.providers.downloads/cache/metadata-459.htm
07-05 12:32:32.457   545 20484 I DownloadManager: in removeSpuriousFiles, preserving file /data/data/com.android.providers.downloads/cache/metadata-140.htm
07-05 12:32:32.457   545 20484 I DownloadManager: in removeSpuriousFiles, preserving file /data/data/com.android.providers.downloads/cache/metadata-303.htm
07-05 12:32:32.457   545 20484 I DownloadManager: in removeSpuriousFiles, preserving file /data/data/com.android.providers.downloads/cache/metadata-327.htm
07-05 12:32:32.457   545 20484 I DownloadManager: in removeSpuriousFiles, preserving file /data/data/com.android.providers.downloads/cache/metadata-243.htm
07-05 12:32:32.457   545 20484 I DownloadManager: in removeSpuriousFiles, preserving file /data/data/com.android.providers.downloads/cache/metadata-212.htm
07-05 12:32:32.457   545 20484 I DownloadManager: in removeSpuriousFiles, preserving file /data/data/com.android.providers.downloads/cache/metadata-190.htm
07-05 12:32:32.457   545 20484 I DownloadManager: in removeSpuriousFiles, preserving file /data/data/com.android.providers.downloads/cache/metadata-414.htm
07-05 12:32:32.457   545 20484 I DownloadManager: in removeSpuriousFiles, preserving file /data/data/com.android.providers.downloads/cache/metadata-274.htm
07-05 12:32:32.457   545 20484 I DownloadManager: in removeSpuriousFiles, preserving file /data/data/com.android.providers.downloads/cache/metadata-132.htm
07-05 12:32:32.457   545 20484 I DownloadManager: in removeSpuriousFiles, preserving file /data/data/com.android.providers.downloads/cache/metadata-229.htm
07-05 12:32:32.457   545 20484 I DownloadManager: in removeSpuriousFiles, preserving file /data/data/com.android.providers.downloads/cache/metadata-83.htm
07-05 12:32:32.457   545 20484 I DownloadManager: in removeSpuriousFiles, preserving file /data/data/com.android.providers.downloads/cache/metadata-450.htm
07-05 12:32:32.457   545 20484 I DownloadManager: in removeSpuriousFiles, preserving file /data/data/com.android.providers.downloads/cache/metadata-241.htm
07-05 12:32:32.457   545 20484 I DownloadManager: in removeSpuriousFiles, preserving file /data/data/com.android.providers.downloads/cache/metadata-336.htm
07-05 12:32:32.457   545 20484 I DownloadManager: in removeSpuriousFiles, preserving file /data/data/com.android.providers.downloads/cache/metadata-198.htm
07-05 12:32:32.457   545 20484 I DownloadManager: in removeSpuriousFiles, preserving file /data/data/com.android.providers.downloads/cache/metadata-262.htm
07-05 12:32:32.457   545 20484 I DownloadManager: in removeSpuriousFiles, preserving file /data/data/com.android.providers.downloads/cache/metadata-320.htm
07-05 12:32:32.457   545 20484 I DownloadManager: in removeSpuriousFiles, preserving file /data/data/com.android.providers.downloads/cache/metadata-128.htm
07-05 12:32:32.457   545 20484 I DownloadManager: in removeSpuriousFiles, preserving file /data/data/com.android.providers.downloads/cache/metadata-239.htm
07-05 12:32:32.457   545 20484 I DownloadManager: in removeSpuriousFiles, preserving file /data/data/com.android.providers.downloads/cache/metadata-358.htm
07-05 12:32:32.457   545 20484 I DownloadManager: in removeSpuriousFiles, preserving file /data/data/com.android.providers.downloads/cache/metadata-648.htm
07-05 12:32:32.457   545 20484 I DownloadManager: in removeSpuriousFiles, preserving file /data/data/com.android.providers.downloads/cache/metadata-314.htm
07-05 12:32:32.457   545 20484 I DownloadManager: in removeSpuriousFiles, preserving file /data/data/com.android.providers.downloads/cache/metadata-105.htm
07-05 12:32:32.457   545 20484 I DownloadManager: in removeSpuriousFiles, preserving file /data/data/com.android.providers.downloads/cache/metadata-1782.htm
07-05 12:32:32.457   545 20484 I DownloadManager: in removeSpuriousFiles, preserving file /data/data/com.android.providers.downloads/cache/metadata-2081.htm
07-05 12:32:32.457   545 20484 I DownloadManager: in removeSpuriousFiles, preserving file /data/data/com.android.providers.downloads/cache/metadata-457.htm
07-05 12:32:32.457   545 20484 I DownloadManager: in removeSpuriousFiles, preserving file /data/data/com.android.providers.downloads/cache/metadata-138.htm
07-05 12:32:32.457   545 20484 I DownloadManager: in removeSpuriousFiles, preserving file /data/data/com.android.providers.downloads/cache/metadata-460.htm
07-05 12:32:32.457   545 20484 I DownloadManager: in removeSpuriousFiles, preserving file /data/data/com.android.providers.downloads/cache/metadata-136.htm
07-05 12:32:32.457   545 20484 I DownloadManager: in removeSpuriousFiles, preserving file /data/data/com.android.providers.downloads/cache/metadata-297.htm
07-05 12:32:32.457   545 20484 I DownloadManager: in removeSpuriousFiles, preserving file /data/data/com.android.providers.downloads/cache/metadata-417.htm
07-05 12:32:32.457   545 20484 I DownloadManager: in removeSpuriousFiles, preserving file /data/data/com.android.providers.downloads/cache/metadata-156.htm
07-05 12:32:32.457   545 20484 I DownloadManager: in removeSpuriousFiles, preserving file /data/data/com.android.providers.downloads/cache/metadata-211.htm
07-05 12:32:32.457   545 20484 I DownloadManager: in removeSpuriousFiles, preserving file /data/data/com.android.providers.downloads/cache/metadata-348.htm
07-05 12:32:32.457   545 20484 I DownloadManager: in removeSpuriousFiles, preserving file /data/data/com.android.providers.downloads/cache/metadata-420.htm
07-05 12:32:32.465   545 20484 I DownloadManager: in removeSpuriousFiles, preserving file /data/data/com.android.providers.downloads/cache/metadata-117.htm
07-05 12:32:32.465   545 20484 I DownloadManager: in removeSpuriousFiles, preserving file /data/data/com.android.providers.downloads/cache/metadata-261.htm
07-05 12:32:32.465   545 20484 I DownloadManager: in removeSpuriousFiles, preserving file /data/data/com.android.providers.downloads/cache/metadata-1288.htm
07-05 12:32:32.465   545 20484 I DownloadManager: in removeSpuriousFiles, preserving file /data/data/com.android.providers.downloads/cache/metadata-412.htm
07-05 12:32:32.465   545 20484 I DownloadManager: in removeSpuriousFiles, preserving file /data/data/com.android.providers.downloads/cache/metadata-1864.htm
07-05 12:32:32.465   545 20484 I DownloadManager: in removeSpuriousFiles, preserving file /data/data/com.android.providers.downloads/cache/metadata-418.htm
07-05 12:32:32.465   545 20484 I DownloadManager: in removeSpuriousFiles, preserving file /data/data/com.android.providers.downloads/cache/metadata-100.htm
07-05 12:32:32.465   545 20484 I DownloadManager: in removeSpuriousFiles, preserving file /data/data/com.android.providers.downloads/cache/metadata-276.htm
07-05 12:32:32.465   545 20484 I DownloadManager: in removeSpuriousFiles, preserving file /data/data/com.android.providers.downloads/cache/metadata-422.htm
07-05 12:32:32.465   545 20484 I DownloadManager: in removeSpuriousFiles, preserving file /data/data/com.android.providers.downloads/cache/metadata-236.htm
07-05 12:32:32.465   545 20484 I DownloadManager: in removeSpuriousFiles, preserving file /data/data/com.android.providers.downloads/cache/metadata-282.htm
07-05 12:32:32.465   545 20484 I DownloadManager: in removeSpuriousFiles, preserving file /data/data/com.android.providers.downloads/cache/metadata-388.htm
07-05 12:32:32.465   545 20484 I DownloadManager: in removeSpuriousFiles, preserving file /data/data/com.android.providers.downloads/cache/metadata-213.htm
07-05 12:32:32.465   545 20484 I DownloadManager: in removeSpuriousFiles, preserving file /data/data/com.android.providers.downloads/cache/metadata-921.htm
07-05 12:32:32.465   545 20484 I DownloadManager: in removeSpuriousFiles, preserving file /data/data/com.android.providers.downloads/cache/metadata-354.htm
07-05 12:32:32.465   545 20484 I DownloadManager: in removeSpuriousFiles, preserving file /data/data/com.android.providers.downloads/cache/metadata-486.htm
07-05 12:32:32.465   545 20484 I DownloadManager: in removeSpuriousFiles, preserving file /data/data/com.android.providers.downloads/cache/metadata-436.htm
07-05 12:32:32.465   545 20484 I DownloadManager: in removeSpuriousFiles, preserving file /data/data/com.android.providers.downloads/cache/metadata-369.htm
07-05 12:32:32.465   545 20484 I DownloadManager: in removeSpuriousFiles, preserving file /data/data/com.android.providers.downloads/cache/metadata-225.htm
07-05 12:32:32.465   545 20484 I DownloadManager: in removeSpuriousFiles, preserving file /data/data/com.android.providers.downloads/cache/metadata-349.htm
07-05 12:32:32.465   545 20484 I DownloadManager: in removeSpuriousFiles, preserving file /data/data/com.android.providers.downloads/cache/metadata-278.htm
07-05 12:32:32.465   545 20484 I DownloadManager: in removeSpuriousFiles, preserving file /data/data/com.android.providers.downloads/cache/metadata-1293.htm
07-05 12:32:32.465   545 20484 I DownloadManager: in removeSpuriousFiles, preserving file /data/data/com.android.providers.downloads/cache/metadata-1172.htm
07-05 12:32:32.465   545 20484 I DownloadManager: in removeSpuriousFiles, preserving file /data/data/com.android.providers.downloads/cache/metadata-427.htm
07-05 12:32:32.465   545 20484 I DownloadManager: in removeSpuriousFiles, preserving file /data/data/com.android.providers.downloads/cache/metadata-1536.htm
07-05 12:32:32.465   545 20484 I DownloadManager: in removeSpuriousFiles, preserving file /data/data/com.android.providers.downloads/cache/metadata-266.htm
07-05 12:32:32.465   545 20484 I DownloadManager: in removeSpuriousFiles, preserving file /data/data/com.android.providers.downloads/cache/metadata-113.htm
07-05 12:32:32.465   545 20484 I DownloadManager: in removeSpuriousFiles, preserving file /data/data/com.android.providers.downloads/cache/metadata-1688.htm
07-05 12:32:32.468   545 20484 I DownloadManager: in removeSpuriousFiles, preserving file /data/data/com.android.providers.downloads/cache/metadata-2314.htm
07-05 12:32:32.468   545 20484 I DownloadManager: in removeSpuriousFiles, preserving file /data/data/com.android.providers.downloads/cache/metadata-94.htm
07-05 12:32:32.468   545 20484 I DownloadManager: in removeSpuriousFiles, preserving file /data/data/com.android.providers.downloads/cache/metadata-1111.htm
07-05 12:32:32.468   545 20484 I DownloadManager: in removeSpuriousFiles, preserving file /data/data/com.android.providers.downloads/cache/metadata-1872.htm
07-05 12:32:32.468   545 20484 I DownloadManager: in removeSpuriousFiles, preserving file /data/data/com.android.providers.downloads/cache/metadata-439.htm
07-05 12:32:32.468   545 20484 I DownloadManager: in removeSpuriousFiles, preserving file /data/data/com.android.providers.downloads/cache/metadata-836.htm
07-05 12:32:32.468   545 20484 I DownloadManager: in removeSpuriousFiles, preserving file /data/data/com.android.providers.downloads/cache/metadata-184.htm
07-05 12:32:32.468   545 20484 I DownloadManager: in removeSpuriousFiles, preserving file /data/data/com.android.providers.downloads/cache/metadata-639.htm
07-05 12:32:32.468   545 20484 I DownloadManager: in removeSpuriousFiles, preserving file /data/data/com.android.providers.downloads/cache/metadata-2175.htm
07-05 12:32:32.468   545 20484 I DownloadManager: in removeSpuriousFiles, preserving file /data/data/com.android.providers.downloads/cache/metadata-2206.htm
07-05 12:32:32.468   545 20484 I DownloadManager: in removeSpuriousFiles, preserving file /data/data/com.android.providers.downloads/cache/metadata-385.htm
07-05 12:32:32.468   545 20484 I DownloadManager: in removeSpuriousFiles, preserving file /data/data/com.android.providers.downloads/cache/metadata-480.htm
07-05 12:32:32.468   545 20484 I DownloadManager: in removeSpuriousFiles, preserving file /data/data/com.android.providers.downloads/cache/metadata-379.htm
07-05 12:32:32.468   545 20484 I DownloadManager: in removeSpuriousFiles, preserving file /data/data/com.android.providers.downloads/cache/metadata-428.htm
07-05 12:32:32.468   545 20484 I DownloadManager: in removeSpuriousFiles, preserving file /data/data/com.android.providers.downloads/cache/metadata-1616.htm
07-05 12:32:32.468   545 20484 I DownloadManager: in removeSpuriousFiles, preserving file /data/data/com.android.providers.downloads/cache/metadata-1059.htm
07-05 12:32:32.468   545 20484 I DownloadManager: in removeSpuriousFiles, preserving file /data/data/com.android.providers.downloads/cache/metadata-2090.htm
07-05 12:32:32.472   545 20484 I DownloadManager: in removeSpuriousFiles, preserving file /data/data/com.android.providers.downloads/cache/metadata-1153.htm
07-05 12:32:32.472   545 20484 I DownloadManager: in removeSpuriousFiles, preserving file /data/data/com.android.providers.downloads/cache/metadata-2435.htm
07-05 12:32:32.472   545 20484 I DownloadManager: in removeSpuriousFiles, preserving file /data/data/com.android.providers.downloads/cache/metadata-1299.htm
07-05 12:32:32.472   545 20484 I DownloadManager: in removeSpuriousFiles, preserving file /data/data/com.android.providers.downloads/cache/metadata-277.htm
07-05 12:32:32.472   545 20484 I DownloadManager: in removeSpuriousFiles, preserving file /data/data/com.android.providers.downloads/cache/metadata-1232.htm
07-05 12:32:32.472   545 20484 I DownloadManager: in removeSpuriousFiles, preserving file /data/data/com.android.providers.downloads/cache/metadata-552.htm
07-05 12:32:32.472   545 20484 I DownloadManager: in removeSpuriousFiles, preserving file /data/data/com.android.providers.downloads/cache/metadata-975.htm
07-05 12:32:32.472   545 20484 I DownloadManager: in removeSpuriousFiles, preserving file /data/data/com.android.providers.downloads/cache/metadata-852.htm
07-05 12:32:32.472   545 20484 I DownloadManager: in removeSpuriousFiles, preserving file /data/data/com.android.providers.downloads/cache/metadata-2164.htm
07-05 12:32:32.472   545 20484 I DownloadManager: in removeSpuriousFiles, preserving file /data/data/com.android.providers.downloads/cache/metadata-500.htm
07-05 12:32:32.472   545 20484 I DownloadManager: in removeSpuriousFiles, preserving file /data/data/com.android.providers.downloads/cache/metadata-404.htm
07-05 12:32:32.472   545 20484 I DownloadManager: in removeSpuriousFiles, preserving file /data/data/com.android.providers.downloads/cache/metadata-1633.htm
07-05 12:32:32.472   545 20484 I DownloadManager: in removeSpuriousFiles, preserving file /data/data/com.android.providers.downloads/cache/metadata-424.htm
07-05 12:32:32.472   545 20484 I DownloadManager: in removeSpuriousFiles, preserving file /data/data/com.android.providers.downloads/cache/metadata-81.htm
07-05 12:32:32.476   545 20484 I DownloadManager: in removeSpuriousFiles, preserving file /data/data/com.android.providers.downloads/cache/metadata-955.htm
07-05 12:32:32.476   545 20484 I DownloadManager: in removeSpuriousFiles, preserving file /data/data/com.android.providers.downloads/cache/metadata-1589.htm
07-05 12:32:32.476   545 20484 I DownloadManager: in removeSpuriousFiles, preserving file /data/data/com.android.providers.downloads/cache/metadata-2051.htm
07-05 12:32:32.476   545 20484 I DownloadManager: in removeSpuriousFiles, preserving file /data/data/com.android.providers.downloads/cache/metadata-386.htm
07-05 12:32:32.476   545 20484 I DownloadManager: in removeSpuriousFiles, preserving file /data/data/com.android.providers.downloads/cache/metadata-133.htm
07-05 12:32:32.476   545 20484 I DownloadManager: in removeSpuriousFiles, preserving file /data/data/com.android.providers.downloads/cache/metadata-45.htm
07-05 12:32:32.476   545 20484 I DownloadManager: in removeSpuriousFiles, preserving file /data/data/com.android.providers.downloads/cache/metadata-214.htm
07-05 12:32:32.476   545 20484 I DownloadManager: in removeSpuriousFiles, preserving file /data/data/com.android.providers.downloads/cache/metadata-467.htm
07-05 12:32:32.476   545 20484 I DownloadManager: in removeSpuriousFiles, preserving file /data/data/com.android.providers.downloads/cache/metadata-155.htm
07-05 12:32:32.476   545 20484 I DownloadManager: in removeSpuriousFiles, preserving file /data/data/com.android.providers.downloads/cache/metadata-248.htm
07-05 12:32:32.476   545 20484 I DownloadManager: in removeSpuriousFiles, preserving file /data/data/com.android.providers.downloads/cache/metadata-52.htm
07-05 12:32:32.476   545 20484 I DownloadManager: in removeSpuriousFiles, preserving file /data/data/com.android.providers.downloads/cache/metadata-288.htm
07-05 12:32:32.476   545 20484 I DownloadManager: in removeSpuriousFiles, preserving file /data/data/com.android.providers.downloads/cache/metadata-226.htm
07-05 12:32:32.476   545 20484 I DownloadManager: in removeSpuriousFiles, preserving file /data/data/com.android.providers.downloads/cache/metadata-210.htm
07-05 12:32:32.476   545 20484 I DownloadManager: in removeSpuriousFiles, preserving file /data/data/com.android.providers.downloads/cache/metadata-175.htm
07-05 12:32:32.476   545 20484 I DownloadManager: in removeSpuriousFiles, preserving file /data/data/com.android.providers.downloads/cache/metadata-257.htm
07-05 12:32:32.476   545 20484 I DownloadManager: in removeSpuriousFiles, preserving file /data/data/com.android.providers.downloads/cache/metadata-409.htm
07-05 12:32:32.476   545 20484 I DownloadManager: in removeSpuriousFiles, preserving file /data/data/com.android.providers.downloads/cache/metadata-285.htm
07-05 12:32:32.476   545 20484 I DownloadManager: in removeSpuriousFiles, preserving file /data/data/com.android.providers.downloads/cache/metadata-305.htm
07-05 12:32:32.476   545 20484 I DownloadManager: in removeSpuriousFiles, preserving file /data/data/com.android.providers.downloads/cache/metadata-343.htm
07-05 12:32:32.476   545 20484 I DownloadManager: in removeSpuriousFiles, preserving file /data/data/com.android.providers.downloads/cache/metadata-246.htm
07-05 12:32:32.476   545 20484 I DownloadManager: in removeSpuriousFiles, preserving file /data/data/com.android.providers.downloads/cache/metadata-166.htm
07-05 12:32:32.476   545 20484 I DownloadManager: in removeSpuriousFiles, preserving file /data/data/com.android.providers.downloads/cache/metadata-103.htm
07-05 12:32:32.476   545 20484 I DownloadManager: in removeSpuriousFiles, preserving file /data/data/com.android.providers.downloads/cache/metadata-63.htm
07-05 12:32:32.476   545 20484 I DownloadManager: in removeSpuriousFiles, preserving file /data/data/com.android.providers.downloads/cache/metadata-1937.htm
07-05 12:32:32.476   545 20484 I DownloadManager: in removeSpuriousFiles, preserving file /data/data/com.android.providers.downloads/cache/metadata-65.htm
07-05 12:32:32.476   545 20484 I DownloadManager: in removeSpuriousFiles, preserving file /data/data/com.android.providers.downloads/cache/metadata-97.htm
07-05 12:32:32.476   545 20484 I DownloadManager: in removeSpuriousFiles, preserving file /data/data/com.android.providers.downloads/cache/metadata-234.htm
07-05 12:32:32.476   545 20484 I DownloadManager: in removeSpuriousFiles, preserving file /data/data/com.android.providers.downloads/cache/metadata-389.htm
07-05 12:32:32.476   545 20484 I DownloadManager: in removeSpuriousFiles, preserving file /data/data/com.android.providers.downloads/cache/metadata-520.htm
07-05 12:32:32.476   545 20484 I DownloadManager: in removeSpuriousFiles, preserving file /data/data/com.android.providers.downloads/cache/metadata-396.htm
07-05 12:32:32.476   545 20484 I DownloadManager: in removeSpuriousFiles, preserving file /data/data/com.android.providers.downloads/cache/metadata-1098.htm
07-05 12:32:32.476   545 20484 I DownloadManager: in removeSpuriousFiles, preserving file /data/data/com.android.providers.downloads/cache/metadata-310.htm
07-05 12:32:32.480   545 20484 I DownloadManager: in removeSpuriousFiles, preserving file /data/data/com.android.providers.downloads/cache/metadata-242.htm
07-05 12:32:32.480   545 20484 I DownloadManager: in removeSpuriousFiles, preserving file /data/data/com.android.providers.downloads/cache/metadata-66.htm
07-05 12:32:32.480   545 20484 I DownloadManager: in removeSpuriousFiles, preserving file /data/data/com.android.providers.downloads/cache/metadata-283.htm
07-05 12:32:32.480   545 20484 I DownloadManager: in removeSpuriousFiles, preserving file /data/data/com.android.providers.downloads/cache/metadata-380.htm
07-05 12:32:32.480   545 20484 I DownloadManager: in removeSpuriousFiles, preserving file /data/data/com.android.providers.downloads/cache/metadata-165.htm
07-05 12:32:32.480   545 20484 I DownloadManager: in removeSpuriousFiles, preserving file /data/data/com.android.providers.downloads/cache/metadata-144.htm
07-05 12:32:32.480   545 20484 I DownloadManager: in removeSpuriousFiles, preserving file /data/data/com.android.providers.downloads/cache/metadata-275.htm
07-05 12:32:32.480   545 20484 I DownloadManager: in removeSpuriousFiles, preserving file /data/data/com.android.providers.downloads/cache/metadata-93.htm
07-05 12:32:32.480   545 20484 I DownloadManager: in removeSpuriousFiles, preserving file /data/data/com.android.providers.downloads/cache/metadata-335.htm
07-05 12:32:32.480   545 20484 I DownloadManager: in removeSpuriousFiles, preserving file /data/data/com.android.providers.downloads/cache/metadata-2126.htm
07-05 12:32:32.480   545 20484 I DownloadManager: in removeSpuriousFiles, preserving file /data/data/com.android.providers.downloads/cache/metadata-476.htm
07-05 12:32:32.480   545 20484 I DownloadManager: in removeSpuriousFiles, preserving file /data/data/com.android.providers.downloads/cache/metadata-279.htm
07-05 12:32:32.480   545 20484 I DownloadManager: in removeSpuriousFiles, preserving file /data/data/com.android.providers.downloads/cache/metadata-461.htm
07-05 12:32:32.480   545 20484 I DownloadManager: in removeSpuriousFiles, preserving file /data/data/com.android.providers.downloads/cache/metadata-357.htm
07-05 12:32:32.480   545 20484 I DownloadManager: in removeSpuriousFiles, preserving file /data/data/com.android.providers.downloads/cache/metadata-452.htm
07-05 12:32:32.480   545 20484 I DownloadManager: in removeSpuriousFiles, preserving file /data/data/com.android.providers.downloads/cache/metadata-1356.htm
07-05 12:32:32.480   545 20484 I DownloadManager: in removeSpuriousFiles, preserving file /data/data/com.android.providers.downloads/cache/metadata-1227.htm
07-05 12:32:32.480   545 20484 I DownloadManager: in removeSpuriousFiles, preserving file /data/data/com.android.providers.downloads/cache/metadata-465.htm
07-05 12:32:32.480   545 20484 I DownloadManager: in removeSpuriousFiles, preserving file /data/data/com.android.providers.downloads/cache/metadata-251.htm
07-05 12:32:32.480   545 20484 I DownloadManager: in removeSpuriousFiles, preserving file /data/data/com.android.providers.downloads/cache/metadata-253.htm
07-05 12:32:32.480   545 20484 I DownloadManager: in removeSpuriousFiles, preserving file /data/data/com.android.providers.downloads/cache/metadata-338.htm
07-05 12:32:32.480   545 20484 I DownloadManager: in removeSpuriousFiles, preserving file /data/data/com.android.providers.downloads/cache/metadata-1037.htm
07-05 12:32:32.480   545 20484 I DownloadManager: in removeSpuriousFiles, preserving file /data/data/com.android.providers.downloads/cache/metadata-84.htm
07-05 12:32:32.480   545 20484 I DownloadManager: in removeSpuriousFiles, preserving file /data/data/com.android.providers.downloads/cache/metadata-568.htm
07-05 12:32:32.480   545 20484 I DownloadManager: in removeSpuriousFiles, preserving file /data/data/com.android.providers.downloads/cache/metadata-501.htm
07-05 12:32:32.480   545 20484 I DownloadManager: in removeSpuriousFiles, preserving file /data/data/com.android.providers.downloads/cache/metadata-329.htm
07-05 12:32:32.480   545 20484 I DownloadManager: in removeSpuriousFiles, preserving file /data/data/com.android.providers.downloads/cache/metadata-1915.htm
07-05 12:32:32.480   545 20484 I DownloadManager: in removeSpuriousFiles, preserving file /data/data/com.android.providers.downloads/cache/metadata-431.htm
07-05 12:32:32.480   545 20484 I DownloadManager: in removeSpuriousFiles, preserving file /data/data/com.android.providers.downloads/cache/metadata-269.htm
07-05 12:32:32.480   545 20484 I DownloadManager: in removeSpuriousFiles, preserving file /data/data/com.android.providers.downloads/cache/metadata-1706.htm
07-05 12:32:32.480   545 20484 I DownloadManager: in removeSpuriousFiles, preserving file /data/data/com.android.providers.downloads/cache/metadata-1728.htm
07-05 12:32:32.480   545 20484 I DownloadManager: in removeSpuriousFiles, preserving file /data/data/com.android.providers.downloads/cache/metadata-1468.htm
07-05 12:32:32.480   545 20484 I DownloadManager: in removeSpuriousFiles, preserving file /data/data/com.android.providers.downloads/cache/metadata-256.htm
07-05 12:32:32.480   545 20484 I DownloadManager: in removeSpuriousFiles, preserving file /data/data/com.android.providers.downloads/cache/metadata-675.htm
07-05 12:32:32.480   545 20484 I DownloadManager: in removeSpuriousFiles, preserving file /data/data/com.android.providers.downloads/cache/metadata-298.htm
07-05 12:32:32.480   545 20484 I DownloadManager: in removeSpuriousFiles, preserving file /data/data/com.android.providers.downloads/cache/metadata-199.htm
07-05 12:32:32.480   545 20484 I DownloadManager: in removeSpuriousFiles, preserving file /data/data/com.android.providers.downloads/cache/metadata-265.htm
07-05 12:32:32.480   545 20484 I DownloadManager: in removeSpuriousFiles, preserving file /data/data/com.android.providers.downloads/cache/metadata-281.htm
07-05 12:32:32.480   545 20484 I DownloadManager: in removeSpuriousFiles, preserving file /data/data/com.android.providers.downloads/cache/metadata-544.htm
07-05 12:32:32.480   545 20484 I DownloadManager: in removeSpuriousFiles, preserving file /data/data/com.android.providers.downloads/cache/metadata-341.htm
07-05 12:32:32.484   545 20484 I DownloadManager: in removeSpuriousFiles, preserving file /data/data/com.android.providers.downloads/cache/metadata-337.htm
07-05 12:32:32.484   545 20484 I DownloadManager: in removeSpuriousFiles, preserving file /data/data/com.android.providers.downloads/cache/metadata-270.htm
07-05 12:32:32.484   545 20484 I DownloadManager: in removeSpuriousFiles, preserving file /data/data/com.android.providers.downloads/cache/metadata-1283.htm
07-05 12:32:32.484   545 20484 I DownloadManager: in removeSpuriousFiles, preserving file /data/data/com.android.providers.downloads/cache/metadata-1502.htm
07-05 12:32:32.484   545 20484 I DownloadManager: in removeSpuriousFiles, preserving file /data/data/com.android.providers.downloads/cache/metadata-411.htm
07-05 12:32:32.484   545 20484 I DownloadManager: in removeSpuriousFiles, preserving file /data/data/com.android.providers.downloads/cache/metadata-472.htm
07-05 12:32:32.484   545 20484 I DownloadManager: in removeSpuriousFiles, preserving file /data/data/com.android.providers.downloads/cache/metadata-494.htm
07-05 12:32:32.484   545 20484 I DownloadManager: in removeSpuriousFiles, preserving file /data/data/com.android.providers.downloads/cache/metadata-408.htm
07-05 12:32:32.484   545 20484 I DownloadManager: in removeSpuriousFiles, preserving file /data/data/com.android.providers.downloads/cache/metadata-1939.htm
07-05 12:32:32.484   545 20484 I DownloadManager: in removeSpuriousFiles, preserving file /data/data/com.android.providers.downloads/cache/metadata-1082.htm
07-05 12:32:32.484   545 20484 I DownloadManager: in removeSpuriousFiles, preserving file /data/data/com.android.providers.downloads/cache/metadata-375.htm
07-05 12:32:32.484   545 20484 I DownloadManager: in removeSpuriousFiles, preserving file /data/data/com.android.providers.downloads/cache/metadata-390.htm
07-05 12:32:32.484   545 20484 I DownloadManager: in removeSpuriousFiles, preserving file /data/data/com.android.providers.downloads/cache/metadata-419.htm
07-05 12:32:32.484   545 20484 I DownloadManager: in removeSpuriousFiles, preserving file /data/data/com.android.providers.downloads/cache/metadata-415.htm
07-05 12:32:32.484   545 20484 I DownloadManager: in removeSpuriousFiles, preserving file /data/data/com.android.providers.downloads/cache/metadata-1007.htm
07-05 12:32:32.484   545 20484 I DownloadManager: in removeSpuriousFiles, preserving file /data/data/com.android.providers.downloads/cache/metadata-485.htm
07-05 12:32:32.484   545 20484 I DownloadManager: in removeSpuriousFiles, preserving file /data/data/com.android.providers.downloads/cache/metadata-469.htm
07-05 12:32:32.484   545 20484 I DownloadManager: in removeSpuriousFiles, preserving file /data/data/com.android.providers.downloads/cache/metadata-382.htm
07-05 12:32:32.484   545 20484 I DownloadManager: in removeSpuriousFiles, preserving file /data/data/com.android.providers.downloads/cache/metadata-462.htm
07-05 12:32:32.484   545 20484 I DownloadManager: in removeSpuriousFiles, preserving file /data/data/com.android.providers.downloads/cache/metadata-421.htm
07-05 12:32:32.484   545 20484 I DownloadManager: in removeSpuriousFiles, preserving file /data/data/com.android.providers.downloads/cache/metadata-971.htm
07-05 12:32:32.484   545 20484 I DownloadManager: in removeSpuriousFiles, preserving file /data/data/com.android.providers.downloads/cache/metadata-507.htm
07-05 12:32:32.484   545 20484 I DownloadManager: in removeSpuriousFiles, preserving file /data/data/com.android.providers.downloads/cache/metadata-250.htm
07-05 12:32:32.484   545 20484 I DownloadManager: in removeSpuriousFiles, preserving file /data/data/com.android.providers.downloads/cache/metadata-399.htm
07-05 12:32:32.484   545 20484 I DownloadManager: in removeSpuriousFiles, preserving file /data/data/com.android.providers.downloads/cache/metadata-186.htm
07-05 12:32:32.484   545 20484 I DownloadManager: in removeSpuriousFiles, preserving file /data/data/com.android.providers.downloads/cache/metadata-488.htm
07-05 12:32:32.484   545 20484 I DownloadManager: in removeSpuriousFiles, preserving file /data/data/com.android.providers.downloads/cache/metadata-1156.htm
07-05 12:32:32.484   545 20484 I DownloadManager: in removeSpuriousFiles, preserving file /data/data/com.android.providers.downloads/cache/metadata-1146.htm
07-05 12:32:32.484   545 20484 I DownloadManager: in removeSpuriousFiles, preserving file /data/data/com.android.providers.downloads/cache/metadata-1106.htm
07-05 12:32:32.484   545 20484 I DownloadManager: in removeSpuriousFiles, preserving file /data/data/com.android.providers.downloads/cache/metadata-367.htm
07-05 12:32:32.488   545 20484 I DownloadManager: in removeSpuriousFiles, preserving file /data/data/com.android.providers.downloads/cache/metadata-463.htm
07-05 12:32:32.488   545 20484 I DownloadManager: in removeSpuriousFiles, preserving file /data/data/com.android.providers.downloads/cache/metadata-316.htm
07-05 12:32:32.488   545 20484 I DownloadManager: in removeSpuriousFiles, preserving file /data/data/com.android.providers.downloads/cache/metadata-518.htm
07-05 12:32:32.488   545 20484 I DownloadManager: in removeSpuriousFiles, preserving file /data/data/com.android.providers.downloads/cache/metadata-2105.htm
07-05 12:32:32.488   545 20484 I DownloadManager: in removeSpuriousFiles, preserving file /data/data/com.android.providers.downloads/cache/metadata-322.htm
07-05 12:32:32.488   545 20484 I DownloadManager: in removeSpuriousFiles, preserving file /data/data/com.android.providers.downloads/cache/metadata-1042.htm
07-05 12:32:32.488   545 20484 I DownloadManager: in removeSpuriousFiles, preserving file /data/data/com.android.providers.downloads/cache/metadata-1876.htm
07-05 12:32:32.488   545 20484 I DownloadManager: in removeSpuriousFiles, preserving file /data/data/com.android.providers.downloads/cache/metadata-680.htm
07-05 12:32:32.488   545 20484 I DownloadManager: in removeSpuriousFiles, preserving file /data/data/com.android.providers.downloads/cache/metadata-2057.htm
07-05 12:32:32.488   545 20484 I DownloadManager: in removeSpuriousFiles, preserving file /data/data/com.android.providers.downloads/cache/metadata-724.htm
07-05 12:32:32.488   545 20484 I DownloadManager: in removeSpuriousFiles, preserving file /data/data/com.android.providers.downloads/cache/metadata-790.htm
07-05 12:32:32.488   545 20484 I DownloadManager: in removeSpuriousFiles, preserving file /data/data/com.android.providers.downloads/cache/metadata-1030.htm
07-05 12:32:32.488   545 20484 I DownloadManager: in removeSpuriousFiles, preserving file /data/data/com.android.providers.downloads/cache/metadata-426.htm
07-05 12:32:32.488   545 20484 I DownloadManager: in removeSpuriousFiles, preserving file /data/data/com.android.providers.downloads/cache/metadata-1345.htm
07-05 12:32:32.488   545 20484 I DownloadManager: in removeSpuriousFiles, preserving file /data/data/com.android.providers.downloads/cache/metadata-1396.htm
07-05 12:32:32.488   545 20484 I DownloadManager: in removeSpuriousFiles, preserving file /data/data/com.android.providers.downloads/cache/metadata-403.htm
07-05 12:32:32.488   545 20484 I DownloadManager: in removeSpuriousFiles, preserving file /data/data/com.android.providers.downloads/cache/metadata-359.htm
07-05 12:32:32.488   545 20484 I DownloadManager: in removeSpuriousFiles, preserving file /data/data/com.android.providers.downloads/cache/metadata-917.htm
07-05 12:32:32.492   545 20484 I DownloadManager: in removeSpuriousFiles, preserving file /data/data/com.android.providers.downloads/cache/metadata-854.htm
07-05 12:32:32.492   545 20484 I DownloadManager: in removeSpuriousFiles, preserving file /data/data/com.android.providers.downloads/cache/metadata-748.htm
07-05 12:32:32.492   545 20484 I DownloadManager: in removeSpuriousFiles, preserving file /data/data/com.android.providers.downloads/cache/metadata-1269.htm
07-05 12:32:32.492   545 20484 I DownloadManager: in removeSpuriousFiles, preserving file /data/data/com.android.providers.downloads/cache/metadata-682.htm
07-05 12:32:32.492   545 20484 I DownloadManager: in removeSpuriousFiles, preserving file /data/data/com.android.providers.downloads/cache/metadata-1845.htm
07-05 12:32:32.492   545 20484 I DownloadManager: in removeSpuriousFiles, preserving file /data/data/com.android.providers.downloads/cache/metadata-2522.htm
07-05 12:32:32.492   545 20484 I DownloadManager: in removeSpuriousFiles, preserving file /data/data/com.android.providers.downloads/cache/metadata-1375.htm
07-05 12:32:32.492   545 20484 I DownloadManager: in removeSpuriousFiles, preserving file /data/data/com.android.providers.downloads/cache/metadata-405.htm
07-05 12:32:32.492   545 20484 I DownloadManager: in removeSpuriousFiles, preserving file /data/data/com.android.providers.downloads/cache/metadata-407.htm
07-05 12:32:32.492   545 20484 I DownloadManager: in removeSpuriousFiles, preserving file /data/data/com.android.providers.downloads/cache/metadata-204.htm
07-05 12:32:32.492   545 20484 I DownloadManager: in removeSpuriousFiles, preserving file /data/data/com.android.providers.downloads/cache/metadata-30.htm
07-05 12:32:32.492   545 20484 I DownloadManager: in removeSpuriousFiles, preserving file /data/data/com.android.providers.downloads/cache/metadata-50.htm
07-05 12:32:32.492   545 20484 I DownloadManager: in removeSpuriousFiles, preserving file /data/data/com.android.providers.downloads/cache/metadata-110.htm
07-05 12:32:32.492   545 20484 I DownloadManager: in removeSpuriousFiles, preserving file /data/data/com.android.providers.downloads/cache/metadata-554.htm
07-05 12:32:32.492   545 20484 I DownloadManager: in removeSpuriousFiles, preserving file /data/data/com.android.providers.downloads/cache/metadata-235.htm
07-05 12:32:32.492   545 20484 I DownloadManager: in removeSpuriousFiles, preserving file /data/data/com.android.providers.downloads/cache/metadata-130.htm
07-05 12:32:32.492   545 20484 I DownloadManager: in removeSpuriousFiles, preserving file /data/data/com.android.providers.downloads/cache/metadata-521.htm
07-05 12:32:32.492   545 20484 I DownloadManager: in removeSpuriousFiles, preserving file /data/data/com.android.providers.downloads/cache/metadata-328.htm
07-05 12:32:32.492   545 20484 I DownloadManager: in removeSpuriousFiles, preserving file /data/data/com.android.providers.downloads/cache/metadata-74.htm
07-05 12:32:32.492   545 20484 I DownloadManager: in removeSpuriousFiles, preserving file /data/data/com.android.providers.downloads/cache/metadata-171.htm
07-05 12:32:32.492   545 20484 I DownloadManager: in removeSpuriousFiles, preserving file /data/data/com.android.providers.downloads/cache/metadata-400.htm
07-05 12:32:32.492   545 20484 I DownloadManager: in removeSpuriousFiles, preserving file /data/data/com.android.providers.downloads/cache/metadata-247.htm
07-05 12:32:32.492   545 20484 I DownloadManager: in removeSpuriousFiles, preserving file /data/data/com.android.providers.downloads/cache/metadata-304.htm
07-05 12:32:32.492   545 20484 I DownloadManager: in removeSpuriousFiles, preserving file /data/data/com.android.providers.downloads/cache/metadata-432.htm
07-05 12:32:32.492   545 20484 I DownloadManager: in removeSpuriousFiles, preserving file /data/data/com.android.providers.downloads/cache/metadata-822.htm
07-05 12:32:32.492   545 20484 I DownloadManager: in removeSpuriousFiles, preserving file /data/data/com.android.providers.downloads/cache/metadata-1310.htm
07-05 12:32:32.496   545 20484 I DownloadManager: in removeSpuriousFiles, preserving file /data/data/com.android.providers.downloads/cache/metadata-244.htm
07-05 12:32:32.496   545 20484 I DownloadManager: in removeSpuriousFiles, preserving file /data/data/com.android.providers.downloads/cache/metadata-189.htm
07-05 12:32:32.496   545 20484 I DownloadManager: in removeSpuriousFiles, preserving file /data/data/com.android.providers.downloads/cache/metadata-264.htm
07-05 12:32:32.496   545 20484 I DownloadManager: in removeSpuriousFiles, preserving file /data/data/com.android.providers.downloads/cache/metadata-87.htm
07-05 12:32:32.496   545 20484 I DownloadManager: in removeSpuriousFiles, preserving file /data/data/com.android.providers.downloads/cache/metadata-519.htm
07-05 12:32:32.496   545 20484 I DownloadManager: in removeSpuriousFiles, preserving file /data/data/com.android.providers.downloads/cache/metadata-1636.htm
07-05 12:32:32.496   545 20484 I DownloadManager: in removeSpuriousFiles, preserving file /data/data/com.android.providers.downloads/cache/metadata-1654.htm
07-05 12:32:32.496   545 20484 I DownloadManager: in removeSpuriousFiles, preserving file /data/data/com.android.providers.downloads/cache/metadata-347.htm
07-05 12:32:32.496   545 20484 I DownloadManager: in removeSpuriousFiles, preserving file /data/data/com.android.providers.downloads/cache/metadata-564.htm
07-05 12:32:32.496   545 20484 I DownloadManager: in removeSpuriousFiles, preserving file /data/data/com.android.providers.downloads/cache/metadata-173.htm
07-05 12:32:32.496   545 20484 I DownloadManager: in removeSpuriousFiles, preserving file /data/data/com.android.providers.downloads/cache/metadata-271.htm
07-05 12:32:32.496   545 20484 I DownloadManager: in removeSpuriousFiles, preserving file /data/data/com.android.providers.downloads/cache/metadata-263.htm
07-05 12:32:32.496   545 20484 I DownloadManager: in removeSpuriousFiles, preserving file /data/data/com.android.providers.downloads/cache/metadata-491.htm
07-05 12:32:32.496   545 20484 I DownloadManager: in removeSpuriousFiles, preserving file /data/data/com.android.providers.downloads/cache/metadata-152.htm
07-05 12:32:32.496   545 20484 I DownloadManager: in removeSpuriousFiles, preserving file /data/data/com.android.providers.downloads/cache/metadata-361.htm
07-05 12:32:32.496   545 20484 I DownloadManager: in removeSpuriousFiles, preserving file /data/data/com.android.providers.downloads/cache/metadata-492.htm
07-05 12:32:32.496   545 20484 I DownloadManager: in removeSpuriousFiles, preserving file /data/data/com.android.providers.downloads/cache/metadata-1018.htm
07-05 12:32:32.496   545 20484 I DownloadManager: in removeSpuriousFiles, preserving file /data/data/com.android.providers.downloads/cache/metadata-2332.htm
07-05 12:32:32.496   545 20484 I DownloadManager: in removeSpuriousFiles, preserving file /data/data/com.android.providers.downloads/cache/metadata-272.htm
07-05 12:32:32.496   545 20484 I DownloadManager: in removeSpuriousFiles, preserving file /data/data/com.android.providers.downloads/cache/metadata-307.htm
07-05 12:32:32.496   545 20484 I DownloadManager: in removeSpuriousFiles, preserving file /data/data/com.android.providers.downloads/cache/metadata-2366.htm
07-05 12:32:32.496   545 20484 I DownloadManager: in removeSpuriousFiles, preserving file /data/data/com.android.providers.downloads/cache/metadata-483.htm
07-05 12:32:32.496   545 20484 I DownloadManager: in removeSpuriousFiles, preserving file /data/data/com.android.providers.downloads/cache/metadata-508.htm
07-05 12:32:32.496   545 20484 I DownloadManager: in removeSpuriousFiles, preserving file /data/data/com.android.providers.downloads/cache/metadata-1729.htm
07-05 12:32:32.496   545 20484 I DownloadManager: in removeSpuriousFiles, preserving file /data/data/com.android.providers.downloads/cache/metadata-1863.htm
07-05 12:32:32.496   545 20484 I DownloadManager: in removeSpuriousFiles, preserving file /data/data/com.android.providers.downloads/cache/metadata-844.htm
07-05 12:32:32.496   545 20484 I DownloadManager: in removeSpuriousFiles, preserving file /data/data/com.android.providers.downloads/cache/metadata-1574.htm
07-05 12:32:32.496   545 20484 I DownloadManager: in removeSpuriousFiles, preserving file /data/data/com.android.providers.downloads/cache/metadata-449.htm
07-05 12:32:32.496   545 20484 I DownloadManager: in removeSpuriousFiles, preserving file /data/data/com.android.providers.downloads/cache/metadata-106.htm
07-05 12:32:32.496   545 20484 I DownloadManager: in removeSpuriousFiles, preserving file /data/data/com.android.providers.downloads/cache/metadata-2067.htm
07-05 12:32:32.496   545 20484 I DownloadManager: in removeSpuriousFiles, preserving file /data/data/com.android.providers.downloads/cache/metadata-468.htm
07-05 12:32:32.496   545 20484 I DownloadManager: in removeSpuriousFiles, preserving file /data/data/com.android.providers.downloads/cache/metadata-373.htm
07-05 12:32:32.496   545 20484 I DownloadManager: in removeSpuriousFiles, preserving file /data/data/com.android.providers.downloads/cache/metadata-540.htm
07-05 12:32:32.496   545 20484 I DownloadManager: in removeSpuriousFiles, preserving file /data/data/com.android.providers.downloads/cache/metadata-162.htm
07-05 12:32:32.496   545 20484 I DownloadManager: in removeSpuriousFiles, preserving file /data/data/com.android.providers.downloads/cache/metadata-440.htm
07-05 12:32:32.496   545 20484 I DownloadManager: in removeSpuriousFiles, preserving file /data/data/com.android.providers.downloads/cache/metadata-600.htm
07-05 12:32:32.496   545 20484 I DownloadManager: in removeSpuriousFiles, preserving file /data/data/com.android.providers.downloads/cache/metadata-330.htm
07-05 12:32:32.496   545 20484 I DownloadManager: in removeSpuriousFiles, preserving file /data/data/com.android.providers.downloads/cache/metadata-1202.htm
07-05 12:32:32.496   545 20484 I DownloadManager: in removeSpuriousFiles, preserving file /data/data/com.android.providers.downloads/cache/metadata-401.htm
07-05 12:32:32.496   545 20484 I DownloadManager: in removeSpuriousFiles, preserving file /data/data/com.android.providers.downloads/cache/metadata-363.htm
07-05 12:32:32.496   545 20484 I DownloadManager: in removeSpuriousFiles, preserving file /data/data/com.android.providers.downloads/cache/metadata-560.htm
07-05 12:32:32.496   545 20484 I DownloadManager: in removeSpuriousFiles, preserving file /data/data/com.android.providers.downloads/cache/metadata-313.htm
07-05 12:32:32.500   545 20484 I DownloadManager: in removeSpuriousFiles, preserving file /data/data/com.android.providers.downloads/cache/metadata-238.htm
07-05 12:32:32.500   545 20484 I DownloadManager: in removeSpuriousFiles, preserving file /data/data/com.android.providers.downloads/cache/metadata-370.htm
07-05 12:32:32.500   545 20484 I DownloadManager: in removeSpuriousFiles, preserving file /data/data/com.android.providers.downloads/cache/metadata-535.htm
07-05 12:32:32.500   545 20484 I DownloadManager: in removeSpuriousFiles, preserving file /data/data/com.android.providers.downloads/cache/metadata-478.htm
07-05 12:32:32.500   545 20484 I DownloadManager: in removeSpuriousFiles, preserving file /data/data/com.android.providers.downloads/cache/metadata-993.htm
07-05 12:32:32.500   545 20484 I DownloadManager: in removeSpuriousFiles, preserving file /data/data/com.android.providers.downloads/cache/metadata-487.htm
07-05 12:32:32.500   545 20484 I DownloadManager: in removeSpuriousFiles, preserving file /data/data/com.android.providers.downloads/cache/metadata-425.htm
07-05 12:32:32.500   545 20484 I DownloadManager: in removeSpuriousFiles, preserving file /data/data/com.android.providers.downloads/cache/metadata-592.htm
07-05 12:32:32.500   545 20484 I DownloadManager: in removeSpuriousFiles, preserving file /data/data/com.android.providers.downloads/cache/metadata-558.htm
07-05 12:32:32.500   545 20484 I DownloadManager: in removeSpuriousFiles, preserving file /data/data/com.android.providers.downloads/cache/metadata-484.htm
07-05 12:32:32.500   545 20484 I DownloadManager: in removeSpuriousFiles, preserving file /data/data/com.android.providers.downloads/cache/metadata-526.htm
07-05 12:32:32.500   545 20484 I DownloadManager: in removeSpuriousFiles, preserving file /data/data/com.android.providers.downloads/cache/metadata-346.htm
07-05 12:32:32.500   545 20484 I DownloadManager: in removeSpuriousFiles, preserving file /data/data/com.android.providers.downloads/cache/metadata-1570.htm
07-05 12:32:32.500   545 20484 I DownloadManager: in removeSpuriousFiles, preserving file /data/data/com.android.providers.downloads/cache/metadata-1096.htm
07-05 12:32:32.500   545 20484 I DownloadManager: in removeSpuriousFiles, preserving file /data/data/com.android.providers.downloads/cache/metadata-1432.htm
07-05 12:32:32.500   545 20484 I DownloadManager: in removeSpuriousFiles, preserving file /data/data/com.android.providers.downloads/cache/metadata-1151.htm
07-05 12:32:32.500   545 20484 I DownloadManager: in removeSpuriousFiles, preserving file /data/data/com.android.providers.downloads/cache/metadata-1044.htm
07-05 12:32:32.500   545 20484 I DownloadManager: in removeSpuriousFiles, preserving file /data/data/com.android.providers.downloads/cache/metadata-537.htm
07-05 12:32:32.500   545 20484 I DownloadManager: in removeSpuriousFiles, preserving file /data/data/com.android.providers.downloads/cache/metadata-1534.htm
07-05 12:32:32.500   545 20484 I DownloadManager: in removeSpuriousFiles, preserving file /data/data/com.android.providers.downloads/cache/metadata-456.htm
07-05 12:32:32.500   545 20484 I DownloadManager: in removeSpuriousFiles, preserving file /data/data/com.android.providers.downloads/cache/metadata-451.htm
07-05 12:32:32.500   545 20484 I DownloadManager: in removeSpuriousFiles, preserving file /data/data/com.android.providers.downloads/cache/metadata-1217.htm
07-05 12:32:32.500   545 20484 I DownloadManager: in removeSpuriousFiles, preserving file /data/data/com.android.providers.downloads/cache/metadata-1118.htm
07-05 12:32:32.500   545 20484 I DownloadManager: in removeSpuriousFiles, preserving file /data/data/com.android.providers.downloads/cache/metadata-311.htm
07-05 12:32:32.500   545 20484 I DownloadManager: in removeSpuriousFiles, preserving file /data/data/com.android.providers.downloads/cache/metadata-841.htm
07-05 12:32:32.500   545 20484 I DownloadManager: in removeSpuriousFiles, preserving file /data/data/com.android.providers.downloads/cache/metadata-1752.htm
07-05 12:32:32.500   545 20484 I DownloadManager: in removeSpuriousFiles, preserving file /data/data/com.android.providers.downloads/cache/metadata-498.htm
07-05 12:32:32.500   545 20484 I DownloadManager: in removeSpuriousFiles, preserving file /data/data/com.android.providers.downloads/cache/metadata-391.htm
07-05 12:32:32.500   545 20484 I DownloadManager: in removeSpuriousFiles, preserving file /data/data/com.android.providers.downloads/cache/metadata-1970.htm
07-05 12:32:32.500   545 20484 I DownloadManager: in removeSpuriousFiles, preserving file /data/data/com.android.providers.downloads/cache/metadata-1071.htm
07-05 12:32:32.500   545 20484 I DownloadManager: in removeSpuriousFiles, preserving file /data/data/com.android.providers.downloads/cache/metadata-576.htm
07-05 12:32:32.500   545 20484 I DownloadManager: in removeSpuriousFiles, preserving file /data/data/com.android.providers.downloads/cache/metadata-493.htm
07-05 12:32:32.504   545 20484 I DownloadManager: in removeSpuriousFiles, preserving file /data/data/com.android.providers.downloads/cache/metadata-963.htm
07-05 12:32:32.504   545 20484 I DownloadManager: in removeSpuriousFiles, preserving file /data/data/com.android.providers.downloads/cache/metadata-482.htm
07-05 12:32:32.504   545 20484 I DownloadManager: in removeSpuriousFiles, preserving file /data/data/com.android.providers.downloads/cache/metadata-2000.htm
07-05 12:32:32.504   545 20484 I DownloadManager: in removeSpuriousFiles, preserving file /data/data/com.android.providers.downloads/cache/metadata-2056.htm
07-05 12:32:32.504   545 20484 I DownloadManager: in removeSpuriousFiles, preserving file /data/data/com.android.providers.downloads/cache/metadata-438.htm
07-05 12:32:32.504   545 20484 I DownloadManager: in removeSpuriousFiles, preserving file /data/data/com.android.providers.downloads/cache/metadata-1591.htm
07-05 12:32:32.504   545 20484 I DownloadManager: in removeSpuriousFiles, preserving file /data/data/com.android.providers.downloads/cache/metadata-2483.htm
07-05 12:32:32.504   545 20484 I DownloadManager: in removeSpuriousFiles, preserving file /data/data/com.android.providers.downloads/cache/metadata-1374.htm
07-05 12:32:32.504   545 20484 I DownloadManager: in removeSpuriousFiles, preserving file /data/data/com.android.providers.downloads/cache/metadata-455.htm
07-05 12:32:32.504   545 20484 I DownloadManager: in removeSpuriousFiles, preserving file /data/data/com.android.providers.downloads/cache/metadata-1989.htm
07-05 12:32:32.504   545 20484 I DownloadManager: in removeSpuriousFiles, preserving file /data/data/com.android.providers.downloads/cache/metadata-502.htm
07-05 12:32:32.504   545 20484 I DownloadManager: in removeSpuriousFiles, preserving file /data/data/com.android.providers.downloads/cache/metadata-752.htm
07-05 12:32:32.504   545 20484 I DownloadManager: in removeSpuriousFiles, preserving file /data/data/com.android.providers.downloads/cache/metadata-1072.htm
07-05 12:32:32.504   545 20484 I DownloadManager: in removeSpuriousFiles, preserving file /data/data/com.android.providers.downloads/cache/metadata-1017.htm
07-05 12:32:32.504   545 20484 I DownloadManager: in removeSpuriousFiles, preserving file /data/data/com.android.providers.downloads/cache/metadata-1277.htm
07-05 12:32:32.504   545 20484 I DownloadManager: in removeSpuriousFiles, preserving file /data/data/com.android.providers.downloads/cache/metadata-624.htm
07-05 12:32:32.504   545 20484 I DownloadManager: in removeSpuriousFiles, preserving file /data/data/com.android.providers.downloads/cache/metadata-2267.htm
07-05 12:32:32.504   545 20484 I DownloadManager: in removeSpuriousFiles, preserving file /data/data/com.android.providers.downloads/cache/metadata-599.htm
07-05 12:32:32.504   545 20484 I DownloadManager: in removeSpuriousFiles, preserving file /data/data/com.android.providers.downloads/cache/metadata-813.htm
07-05 12:32:32.504   545 20484 I DownloadManager: in removeSpuriousFiles, preserving file /data/data/com.android.providers.downloads/cache/metadata-340.htm
07-05 12:32:32.504   545 20484 I DownloadManager: in removeSpuriousFiles, preserving file /data/data/com.android.providers.downloads/cache/metadata-555.htm
07-05 12:32:32.504   545 20484 I DownloadManager: in removeSpuriousFiles, preserving file /data/data/com.android.providers.downloads/cache/metadata-1307.htm
07-05 12:32:32.504   545 20484 I DownloadManager: in removeSpuriousFiles, preserving file /data/data/com.android.providers.downloads/cache/metadata-811.htm
07-05 12:32:32.504   545 20484 I DownloadManager: in removeSpuriousFiles, preserving file /data/data/com.android.providers.downloads/cache/metadata-2260.htm
07-05 12:32:32.504   545 20484 I DownloadManager: in removeSpuriousFiles, preserving file /data/data/com.android.providers.downloads/cache/metadata-806.htm
07-05 12:32:32.504   545 20484 I DownloadManager: in removeSpuriousFiles, preserving file /data/data/com.android.providers.downloads/cache/metadata-516.htm
07-05 12:32:32.508   545 20484 I DownloadManager: in removeSpuriousFiles, preserving file /data/data/com.android.providers.downloads/cache/metadata-1464.htm
07-05 12:32:32.508   545 20484 I DownloadManager: in removeSpuriousFiles, preserving file /data/data/com.android.providers.downloads/cache/metadata-2349.htm
07-05 12:32:32.508   545 20484 I DownloadManager: in removeSpuriousFiles, preserving file /data/data/com.android.providers.downloads/cache/metadata-200.htm
07-05 12:32:32.508   545 20484 I DownloadManager: in removeSpuriousFiles, preserving file /data/data/com.android.providers.downloads/cache/metadata-220.htm
07-05 12:32:32.508   545 20484 I DownloadManager: in removeSpuriousFiles, preserving file /data/data/com.android.providers.downloads/cache/metadata-1331.htm
07-05 12:32:32.508   545 20484 I DownloadManager: in removeSpuriousFiles, preserving file /data/data/com.android.providers.downloads/cache/metadata-268.htm
07-05 12:32:32.508   545 20484 I DownloadManager: in removeSpuriousFiles, preserving file /data/data/com.android.providers.downloads/cache/metadata-1463.htm
07-05 12:32:32.508   545 20484 I DownloadManager: in removeSpuriousFiles, preserving file /data/data/com.android.providers.downloads/cache/metadata-332.htm
07-05 12:32:32.508   545 20484 I DownloadManager: in removeSpuriousFiles, preserving file /data/data/com.android.providers.downloads/cache/metadata-350.htm
07-05 12:32:32.508   545 20484 I DownloadManager: in removeSpuriousFiles, preserving file /data/data/com.android.providers.downloads/cache/metadata-61.htm
07-05 12:32:32.508   545 20484 I DownloadManager: in removeSpuriousFiles, preserving file /data/data/com.android.providers.downloads/cache/metadata-318.htm
07-05 12:32:32.508   545 20484 I DownloadManager: in removeSpuriousFiles, preserving file /data/data/com.android.providers.downloads/cache/metadata-356.htm
07-05 12:32:32.508   545 20484 I DownloadManager: in removeSpuriousFiles, preserving file /data/data/com.android.providers.downloads/cache/metadata-33.htm
07-05 12:32:32.508   545 20484 I DownloadManager: in removeSpuriousFiles, preserving file /data/data/com.android.providers.downloads/cache/metadata-1420.htm
07-05 12:32:32.508   545 20484 I DownloadManager: in removeSpuriousFiles, preserving file /data/data/com.android.providers.downloads/cache/metadata-88.htm
07-05 12:32:32.508   545 20484 I DownloadManager: in removeSpuriousFiles, preserving file /data/data/com.android.providers.downloads/cache/metadata-441.htm
07-05 12:32:32.508   545 20484 I DownloadManager: in removeSpuriousFiles, preserving file /data/data/com.android.providers.downloads/cache/metadata-69.htm
07-05 12:32:32.508   545 20484 I DownloadManager: in removeSpuriousFiles, preserving file /data/data/com.android.providers.downloads/cache/metadata-308.htm
07-05 12:32:32.508   545 20484 I DownloadManager: in removeSpuriousFiles, preserving file /data/data/com.android.providers.downloads/cache/metadata-342.htm
07-05 12:32:32.508   545 20484 I DownloadManager: in removeSpuriousFiles, preserving file /data/data/com.android.providers.downloads/cache/metadata-514.htm
07-05 12:32:32.508   545 20484 I DownloadManager: in removeSpuriousFiles, preserving file /data/data/com.android.providers.downloads/cache/metadata-287.htm
07-05 12:32:32.508   545 20484 I DownloadManager: in removeSpuriousFiles, preserving file /data/data/com.android.providers.downloads/cache/metadata-131.htm
07-05 12:32:32.508   545 20484 I DownloadManager: in removeSpuriousFiles, preserving file /data/data/com.android.providers.downloads/cache/metadata-877.htm
07-05 12:32:32.508   545 20484 I DownloadManager: in removeSpuriousFiles, preserving file /data/data/com.android.providers.downloads/cache/metadata-109.htm
07-05 12:32:32.508   545 20484 I DownloadManager: in removeSpuriousFiles, preserving file /data/data/com.android.providers.downloads/cache/metadata-258.htm
07-05 12:32:32.508   545 20484 I DownloadManager: in removeSpuriousFiles, preserving file /data/data/com.android.providers.downloads/cache/metadata-321.htm
07-05 12:32:32.508   545 20484 I DownloadManager: in removeSpuriousFiles, preserving file /data/data/com.android.providers.downloads/cache/metadata-2151.htm
07-05 12:32:32.508   545 20484 I DownloadManager: in removeSpuriousFiles, preserving file /data/data/com.android.providers.downloads/cache/metadata-290.htm
07-05 12:32:32.508   545 20484 I DownloadManager: in removeSpuriousFiles, preserving file /data/data/com.android.providers.downloads/cache/metadata-223.htm
07-05 12:32:32.508   545 20484 I DownloadManager: in removeSpuriousFiles, preserving file /data/data/com.android.providers.downloads/cache/metadata-364.htm
07-05 12:32:32.508   545 20484 I DownloadManager: in removeSpuriousFiles, preserving file /data/data/com.android.providers.downloads/cache/metadata-1201.htm
07-05 12:32:32.508   545 20484 I DownloadManager: in removeSpuriousFiles, preserving file /data/data/com.android.providers.downloads/cache/metadata-178.htm
07-05 12:32:32.508   545 20484 I DownloadManager: in removeSpuriousFiles, preserving file /data/data/com.android.providers.downloads/cache/metadata-1317.htm
07-05 12:32:32.508   545 20484 I DownloadManager: in removeSpuriousFiles, preserving file /data/data/com.android.providers.downloads/cache/metadata-943.htm
07-05 12:32:32.508   545 20484 I DownloadManager: in removeSpuriousFiles, preserving file /data/data/com.android.providers.downloads/cache/metadata-575.htm
07-05 12:32:32.508   545 20484 I DownloadManager: in removeSpuriousFiles, preserving file /data/data/com.android.providers.downloads/cache/metadata-377.htm
07-05 12:32:32.511   545 20484 I DownloadManager: in removeSpuriousFiles, preserving file /data/data/com.android.providers.downloads/cache/metadata-453.htm
07-05 12:32:32.511   545 20484 I DownloadManager: in removeSpuriousFiles, preserving file /data/data/com.android.providers.downloads/cache/metadata-657.htm
07-05 12:32:32.511   545 20484 I DownloadManager: in removeSpuriousFiles, preserving file /data/data/com.android.providers.downloads/cache/metadata-296.htm
07-05 12:32:32.511   545 20484 I DownloadManager: in removeSpuriousFiles, preserving file /data/data/com.android.providers.downloads/cache/metadata-1097.htm
07-05 12:32:32.511   545 20484 I DownloadManager: in removeSpuriousFiles, preserving file /data/data/com.android.providers.downloads/cache/metadata-1259.htm
07-05 12:32:32.511   545 20484 I DownloadManager: in removeSpuriousFiles, preserving file /data/data/com.android.providers.downloads/cache/metadata-2173.htm
07-05 12:32:32.511   545 20484 I DownloadManager: in removeSpuriousFiles, preserving file /data/data/com.android.providers.downloads/cache/metadata-1167.htm
07-05 12:32:32.511   545 20484 I DownloadManager: in removeSpuriousFiles, preserving file /data/data/com.android.providers.downloads/cache/metadata-98.htm
07-05 12:32:32.511   545 20484 I DownloadManager: in removeSpuriousFiles, preserving file /data/data/com.android.providers.downloads/cache/metadata-376.htm
07-05 12:32:32.511   545 20484 I DownloadManager: in removeSpuriousFiles, preserving file /data/data/com.android.providers.downloads/cache/metadata-1508.htm
07-05 12:32:32.511   545 20484 I DownloadManager: in removeSpuriousFiles, preserving file /data/data/com.android.providers.downloads/cache/metadata-1024.htm
07-05 12:32:32.511   545 20484 I DownloadManager: in removeSpuriousFiles, preserving file /data/data/com.android.providers.downloads/cache/metadata-1185.htm
07-05 12:32:32.511   545 20484 I DownloadManager: in removeSpuriousFiles, preserving file /data/data/com.android.providers.downloads/cache/metadata-733.htm
07-05 12:32:32.511   545 20484 I DownloadManager: in removeSpuriousFiles, preserving file /data/data/com.android.providers.downloads/cache/metadata-529.htm
07-05 12:32:32.511   545 20484 I DownloadManager: in removeSpuriousFiles, preserving file /data/data/com.android.providers.downloads/cache/metadata-435.htm
07-05 12:32:32.511   545 20484 I DownloadManager: in removeSpuriousFiles, preserving file /data/data/com.android.providers.downloads/cache/metadata-371.htm
07-05 12:32:32.511   545 20484 I DownloadManager: in removeSpuriousFiles, preserving file /data/data/com.android.providers.downloads/cache/metadata-766.htm
07-05 12:32:32.511   545 20484 I DownloadManager: in removeSpuriousFiles, preserving file /data/data/com.android.providers.downloads/cache/metadata-536.htm
07-05 12:32:32.511   545 20484 I DownloadManager: in removeSpuriousFiles, preserving file /data/data/com.android.providers.downloads/cache/metadata-344.htm
07-05 12:32:32.511   545 20484 I DownloadManager: in removeSpuriousFiles, preserving file /data/data/com.android.providers.downloads/cache/metadata-890.htm
07-05 12:32:32.511   545 20484 I DownloadManager: in removeSpuriousFiles, preserving file /data/data/com.android.providers.downloads/cache/metadata-528.htm
07-05 12:32:32.511   545 20484 I DownloadManager: in removeSpuriousFiles, preserving file /data/data/com.android.providers.downloads/cache/metadata-99.htm
07-05 12:32:32.511   545 20484 I DownloadManager: in removeSpuriousFiles, preserving file /data/data/com.android.providers.downloads/cache/metadata-429.htm
07-05 12:32:32.511   545 20484 I DownloadManager: in removeSpuriousFiles, preserving file /data/data/com.android.providers.downloads/cache/metadata-679.htm
07-05 12:32:32.511   545 20484 I DownloadManager: in removeSpuriousFiles, preserving file /data/data/com.android.providers.downloads/cache/metadata-887.htm
07-05 12:32:32.511   545 20484 I DownloadManager: in removeSpuriousFiles, preserving file /data/data/com.android.providers.downloads/cache/metadata-506.htm
07-05 12:32:32.511   545 20484 I DownloadManager: in removeSpuriousFiles, preserving file /data/data/com.android.providers.downloads/cache/metadata-778.htm
07-05 12:32:32.511   545 20484 I DownloadManager: in removeSpuriousFiles, preserving file /data/data/com.android.providers.downloads/cache/metadata-2512.htm
07-05 12:32:32.511   545 20484 I DownloadManager: in removeSpuriousFiles, preserving file /data/data/com.android.providers.downloads/cache/metadata-731.htm
07-05 12:32:32.511   545 20484 I DownloadManager: in removeSpuriousFiles, preserving file /data/data/com.android.providers.downloads/cache/metadata-333.htm
07-05 12:32:32.511   545 20484 I DownloadManager: in removeSpuriousFiles, preserving file /data/data/com.android.providers.downloads/cache/metadata-437.htm
07-05 12:32:32.511   545 20484 I DownloadManager: in removeSpuriousFiles, preserving file /data/data/com.android.providers.downloads/cache/metadata-786.htm
07-05 12:32:32.511   545 20484 I DownloadManager: in removeSpuriousFiles, preserving file /data/data/com.android.providers.downloads/cache/metadata-574.htm
07-05 12:32:32.511   545 20484 I DownloadManager: in removeSpuriousFiles, preserving file /data/data/com.android.providers.downloads/cache/metadata-1383.htm
07-05 12:32:32.511   545 20484 I DownloadManager: in removeSpuriousFiles, preserving file /data/data/com.android.providers.downloads/cache/metadata-548.htm
07-05 12:32:32.511   545 20484 I DownloadManager: in removeSpuriousFiles, preserving file /data/data/com.android.providers.downloads/cache/metadata-1832.htm
07-05 12:32:32.511   545 20484 I DownloadManager: in removeSpuriousFiles, preserving file /data/data/com.android.providers.downloads/cache/metadata-634.htm
07-05 12:32:32.511   545 20484 I DownloadManager: in removeSpuriousFiles, preserving file /data/data/com.android.providers.downloads/cache/metadata-1492.htm
07-05 12:32:32.511   545 20484 I DownloadManager: in removeSpuriousFiles, preserving file /data/data/com.android.providers.downloads/cache/metadata-1476.htm
07-05 12:32:32.515   545 20484 I DownloadManager: in removeSpuriousFiles, preserving file /data/data/com.android.providers.downloads/cache/metadata-531.htm
07-05 12:32:32.515   545 20484 I DownloadManager: in removeSpuriousFiles, preserving file /data/data/com.android.providers.downloads/cache/metadata-1058.htm
07-05 12:32:32.515   545 20484 I DownloadManager: in removeSpuriousFiles, preserving file /data/data/com.android.providers.downloads/cache/metadata-736.htm
07-05 12:32:32.515   545 20484 I DownloadManager: in removeSpuriousFiles, preserving file /data/data/com.android.providers.downloads/cache/metadata-573.htm
07-05 12:32:32.515   545 20484 I DownloadManager: in removeSpuriousFiles, preserving file /data/data/com.android.providers.downloads/cache/metadata-1022.htm
07-05 12:32:32.515   545 20484 I DownloadManager: in removeSpuriousFiles, preserving file /data/data/com.android.providers.downloads/cache/metadata-475.htm
07-05 12:32:32.515   545 20484 I DownloadManager: in removeSpuriousFiles, preserving file /data/data/com.android.providers.downloads/cache/metadata-1313.htm
07-05 12:32:32.515   545 20484 I DownloadManager: in removeSpuriousFiles, preserving file /data/data/com.android.providers.downloads/cache/metadata-638.htm
07-05 12:32:32.515   545 20484 I DownloadManager: in removeSpuriousFiles, preserving file /data/data/com.android.providers.downloads/cache/metadata-490.htm
07-05 12:32:32.515   545 20484 I DownloadManager: in removeSpuriousFiles, preserving file /data/data/com.android.providers.downloads/cache/metadata-1319.htm
07-05 12:32:32.515   545 20484 I DownloadManager: in removeSpuriousFiles, preserving file /data/data/com.android.providers.downloads/cache/metadata-591.htm
07-05 12:32:32.515   545 20484 I DownloadManager: in removeSpuriousFiles, preserving file /data/data/com.android.providers.downloads/cache/metadata-1862.htm
07-05 12:32:32.515   545 20484 I DownloadManager: in removeSpuriousFiles, preserving file /data/data/com.android.providers.downloads/cache/metadata-1371.htm
07-05 12:32:32.515   545 20484 I DownloadManager: in removeSpuriousFiles, preserving file /data/data/com.android.providers.downloads/cache/metadata-378.htm
07-05 12:32:32.515   545 20484 I DownloadManager: in removeSpuriousFiles, preserving file /data/data/com.android.providers.downloads/cache/metadata-1940.htm
07-05 12:32:32.515   545 20484 I DownloadManager: in removeSpuriousFiles, preserving file /data/data/com.android.providers.downloads/cache/metadata-1784.htm
07-05 12:32:32.515   545 20484 I DownloadManager: in removeSpuriousFiles, preserving file /data/data/com.android.providers.downloads/cache/metadata-1954.htm
07-05 12:32:32.515   545 20484 I DownloadManager: in removeSpuriousFiles, preserving file /data/data/com.android.providers.downloads/cache/metadata-2003.htm
07-05 12:32:32.515   545 20484 I DownloadManager: in removeSpuriousFiles, preserving file /data/data/com.android.providers.downloads/cache/metadata-553.htm
07-05 12:32:32.515   545 20484 I DownloadManager: in removeSpuriousFiles, preserving file /data/data/com.android.providers.downloads/cache/metadata-542.htm
07-05 12:32:32.515   545 20484 I DownloadManager: in removeSpuriousFiles, preserving file /data/data/com.android.providers.downloads/cache/metadata-611.htm
07-05 12:32:32.515   545 20484 I DownloadManager: in removeSpuriousFiles, preserving file /data/data/com.android.providers.downloads/cache/metadata-561.htm
07-05 12:32:32.515   545 20484 I DownloadManager: in removeSpuriousFiles, preserving file /data/data/com.android.providers.downloads/cache/metadata-1120.htm
07-05 12:32:32.515   545 20484 I DownloadManager: in removeSpuriousFiles, preserving file /data/data/com.android.providers.downloads/cache/metadata-1662.htm
07-05 12:32:32.515   545 20484 I DownloadManager: in removeSpuriousFiles, preserving file /data/data/com.android.providers.downloads/cache/metadata-532.htm
07-05 12:32:32.515   545 20484 I DownloadManager: in removeSpuriousFiles, preserving file /data/data/com.android.providers.downloads/cache/metadata-596.htm
07-05 12:32:32.515   545 20484 I DownloadManager: in removeSpuriousFiles, preserving file /data/data/com.android.providers.downloads/cache/metadata-2174.htm
07-05 12:32:32.515   545 20484 I DownloadManager: in removeSpuriousFiles, preserving file /data/data/com.android.providers.downloads/cache/metadata-1512.htm
07-05 12:32:32.515   545 20484 I DownloadManager: in removeSpuriousFiles, preserving file /data/data/com.android.providers.downloads/cache/metadata-720.htm
07-05 12:32:32.515   545 20484 I DownloadManager: in removeSpuriousFiles, preserving file /data/data/com.android.providers.downloads/cache/metadata-582.htm
07-05 12:32:32.515   545 20484 I DownloadManager: in removeSpuriousFiles, preserving file /data/data/com.android.providers.downloads/cache/metadata-1229.htm
07-05 12:32:32.515   545 20484 I DownloadManager: in removeSpuriousFiles, preserving file /data/data/com.android.providers.downloads/cache/metadata-913.htm
07-05 12:32:32.519   545 20484 I DownloadManager: in removeSpuriousFiles, preserving file /data/data/com.android.providers.downloads/cache/metadata-1531.htm
07-05 12:32:32.519   545 20484 I DownloadManager: in removeSpuriousFiles, preserving file /data/data/com.android.providers.downloads/cache/metadata-1693.htm
07-05 12:32:32.519   545 20484 I DownloadManager: in removeSpuriousFiles, preserving file /data/data/com.android.providers.downloads/cache/metadata-541.htm
07-05 12:32:32.519   545 20484 I DownloadManager: in removeSpuriousFiles, preserving file /data/data/com.android.providers.downloads/cache/metadata-699.htm
07-05 12:32:32.519   545 20484 I DownloadManager: in removeSpuriousFiles, preserving file /data/data/com.android.providers.downloads/cache/metadata-1391.htm
07-05 12:32:32.519   545 20484 I DownloadManager: in removeSpuriousFiles, preserving file /data/data/com.android.providers.downloads/cache/metadata-703.htm
07-05 12:32:32.519   545 20484 I DownloadManager: in removeSpuriousFiles, preserving file /data/data/com.android.providers.downloads/cache/metadata-545.htm
07-05 12:32:32.519   545 20484 I DownloadManager: in removeSpuriousFiles, preserving file /data/data/com.android.providers.downloads/cache/metadata-616.htm
07-05 12:32:32.519   545 20484 I DownloadManager: in removeSpuriousFiles, preserving file /data/data/com.android.providers.downloads/cache/metadata-1718.htm
07-05 12:32:32.519   545 20484 I DownloadManager: in removeSpuriousFiles, preserving file /data/data/com.android.providers.downloads/cache/metadata-2029.htm
07-05 12:32:32.519   545 20484 I DownloadManager: in removeSpuriousFiles, preserving file /data/data/com.android.providers.downloads/cache/metadata-1549.htm
07-05 12:32:32.519   545 20484 I DownloadManager: in removeSpuriousFiles, preserving file /data/data/com.android.providers.downloads/cache/metadata-1938.htm
07-05 12:32:32.519   545 20484 I DownloadManager: in removeSpuriousFiles, preserving file /data/data/com.android.providers.downloads/cache/metadata-1204.htm
07-05 12:32:32.519   545 20484 I DownloadManager: in removeSpuriousFiles, preserving file /data/data/com.android.providers.downloads/cache/metadata-1302.htm
07-05 12:32:32.519   545 20484 I DownloadManager: in removeSpuriousFiles, preserving file /data/data/com.android.providers.downloads/cache/metadata-2168.htm
07-05 12:32:32.519   545 20484 I DownloadManager: in removeSpuriousFiles, preserving file /data/data/com.android.providers.downloads/cache/metadata-791.htm
07-05 12:32:32.519   545 20484 I DownloadManager: in removeSpuriousFiles, preserving file /data/data/com.android.providers.downloads/cache/metadata-1404.htm
07-05 12:32:32.519   545 20484 I DownloadManager: in removeSpuriousFiles, preserving file /data/data/com.android.providers.downloads/cache/metadata-1128.htm
07-05 12:32:32.519   545 20484 I DownloadManager: in removeSpuriousFiles, preserving file /data/data/com.android.providers.downloads/cache/metadata-410.htm
07-05 12:32:32.519   545 20484 I DownloadManager: in removeSpuriousFiles, preserving file /data/data/com.android.providers.downloads/cache/metadata-479.htm
07-05 12:32:32.519   545 20484 I DownloadManager: in removeSpuriousFiles, preserving file /data/data/com.android.providers.downloads/cache/metadata-3.htm
07-05 12:32:32.519   545 20484 I DownloadManager: in removeSpuriousFiles, preserving file /data/data/com.android.providers.downloads/cache/metadata-7.htm
07-05 12:32:32.519   545 20484 I DownloadManager: in removeSpuriousFiles, preserving file /data/data/com.android.providers.downloads/cache/metadata-95.htm
07-05 12:32:32.519   545 20484 I DownloadManager: in removeSpuriousFiles, preserving file /data/data/com.android.providers.downloads/cache/metadata-444.htm
07-05 12:32:32.519   545 20484 I DownloadManager: in removeSpuriousFiles, preserving file /data/data/com.android.providers.downloads/cache/metadata-137.htm
07-05 12:32:32.519   545 20484 I DownloadManager: in removeSpuriousFiles, preserving file /data/data/com.android.providers.downloads/cache/metadata-86.htm
07-05 12:32:32.519   545 20484 I DownloadManager: in removeSpuriousFiles, preserving file /data/data/com.android.providers.downloads/cache/metadata-1101.htm
07-05 12:32:32.519   545 20484 I DownloadManager: in removeSpuriousFiles, preserving file /data/data/com.android.providers.downloads/cache/metadata-167.htm
07-05 12:32:32.519   545 20484 I DownloadManager: in removeSpuriousFiles, preserving file /data/data/com.android.providers.downloads/cache/metadata-393.htm
07-05 12:32:32.519   545 20484 I DownloadManager: in removeSpuriousFiles, preserving file /data/data/com.android.providers.downloads/cache/metadata-517.htm
07-05 12:32:32.519   545 20484 I DownloadManager: in removeSpuriousFiles, preserving file /data/data/com.android.providers.downloads/cache/metadata-1358.htm
07-05 12:32:32.519   545 20484 I DownloadManager: in removeSpuriousFiles, preserving file /data/data/com.android.providers.downloads/cache/metadata-1067.htm
07-05 12:32:32.523   545 20484 I DownloadManager: in removeSpuriousFiles, preserving file /data/data/com.android.providers.downloads/cache/metadata-339.htm
07-05 12:32:32.523   545 20484 I DownloadManager: in removeSpuriousFiles, preserving file /data/data/com.android.providers.downloads/cache/metadata-1786.htm
07-05 12:32:32.523   545 20484 I DownloadManager: in removeSpuriousFiles, preserving file /data/data/com.android.providers.downloads/cache/metadata-309.htm
07-05 12:32:32.523   545 20484 I DownloadManager: in removeSpuriousFiles, preserving file /data/data/com.android.providers.downloads/cache/metadata-2229.htm
07-05 12:32:32.523   545 20484 I DownloadManager: in removeSpuriousFiles, preserving file /data/data/com.android.providers.downloads/cache/metadata-1021.htm
07-05 12:32:32.523   545 20484 I DownloadManager: in removeSpuriousFiles, preserving file /data/data/com.android.providers.downloads/cache/metadata-512.htm
07-05 12:32:32.523   545 20484 I DownloadManager: in removeSpuriousFiles, preserving file /data/data/com.android.providers.downloads/cache/metadata-610.htm
07-05 12:32:32.523   545 20484 I DownloadManager: in removeSpuriousFiles, preserving file /data/data/com.android.providers.downloads/cache/metadata-1284.htm
07-05 12:32:32.523   545 20484 I DownloadManager: in removeSpuriousFiles, preserving file /data/data/com.android.providers.downloads/cache/metadata-352.htm
07-05 12:32:32.523   545 20484 I DownloadManager: in removeSpuriousFiles, preserving file /data/data/com.android.providers.downloads/cache/metadata-499.htm
07-05 12:32:32.523   545 20484 I DownloadManager: in removeSpuriousFiles, preserving file /data/data/com.android.providers.downloads/cache/metadata-443.htm
07-05 12:32:32.523   545 20484 I DownloadManager: in removeSpuriousFiles, preserving file /data/data/com.android.providers.downloads/cache/metadata-402.htm
07-05 12:32:32.523   545 20484 I DownloadManager: in removeSpuriousFiles, preserving file /data/data/com.android.providers.downloads/cache/metadata-629.htm
07-05 12:32:32.523   545 20484 I DownloadManager: in removeSpuriousFiles, preserving file /data/data/com.android.providers.downloads/cache/metadata-1261.htm
07-05 12:32:32.523   545 20484 I DownloadManager: in removeSpuriousFiles, preserving file /data/data/com.android.providers.downloads/cache/metadata-177.htm
07-05 12:32:32.523   545 20484 I DownloadManager: in removeSpuriousFiles, preserving file /data/data/com.android.providers.downloads/cache/metadata-1290.htm
07-05 12:32:32.523   545 20484 I DownloadManager: in removeSpuriousFiles, preserving file /data/data/com.android.providers.downloads/cache/metadata-527.htm
07-05 12:32:32.523   545 20484 I DownloadManager: in removeSpuriousFiles, preserving file /data/data/com.android.providers.downloads/cache/metadata-547.htm
07-05 12:32:32.523   545 20484 I DownloadManager: in removeSpuriousFiles, preserving file /data/data/com.android.providers.downloads/cache/metadata-728.htm
07-05 12:32:32.523   545 20484 I DownloadManager: in removeSpuriousFiles, preserving file /data/data/com.android.providers.downloads/cache/metadata-477.htm
07-05 12:32:32.523   545 20484 I DownloadManager: in removeSpuriousFiles, preserving file /data/data/com.android.providers.downloads/cache/metadata-293.htm
07-05 12:32:32.523   545 20484 I DownloadManager: in removeSpuriousFiles, preserving file /data/data/com.android.providers.downloads/cache/metadata-941.htm
07-05 12:32:32.523   545 20484 I DownloadManager: in removeSpuriousFiles, preserving file /data/data/com.android.providers.downloads/cache/metadata-1316.htm
07-05 12:32:32.523   545 20484 I DownloadManager: in removeSpuriousFiles, preserving file /data/data/com.android.providers.downloads/cache/metadata-557.htm
07-05 12:32:32.523   545 20484 I DownloadManager: in removeSpuriousFiles, preserving file /data/data/com.android.providers.downloads/cache/metadata-567.htm
07-05 12:32:32.523   545 20484 I DownloadManager: in removeSpuriousFiles, preserving file /data/data/com.android.providers.downloads/cache/metadata-1451.htm
07-05 12:32:32.523   545 20484 I DownloadManager: in removeSpuriousFiles, preserving file /data/data/com.android.providers.downloads/cache/metadata-783.htm
07-05 12:32:32.523   545 20484 I DownloadManager: in removeSpuriousFiles, preserving file /data/data/com.android.providers.downloads/cache/metadata-937.htm
07-05 12:32:32.523   545 20484 I DownloadManager: in removeSpuriousFiles, preserving file /data/data/com.android.providers.downloads/cache/metadata-433.htm
07-05 12:32:32.523   545 20484 I DownloadManager: in removeSpuriousFiles, preserving file /data/data/com.android.providers.downloads/cache/metadata-1418.htm
07-05 12:32:32.523   545 20484 I DownloadManager: in removeSpuriousFiles, preserving file /data/data/com.android.providers.downloads/cache/metadata-2526.htm
07-05 12:32:32.523   545 20484 I DownloadManager: in removeSpuriousFiles, preserving file /data/data/com.android.providers.downloads/cache/metadata-179.htm
07-05 12:32:32.523   545 20484 I DownloadManager: in removeSpuriousFiles, preserving file /data/data/com.android.providers.downloads/cache/metadata-1150.htm
07-05 12:32:32.523   545 20484 I DownloadManager: in removeSpuriousFiles, preserving file /data/data/com.android.providers.downloads/cache/metadata-448.htm
07-05 12:32:32.523   545 20484 I DownloadManager: in removeSpuriousFiles, preserving file /data/data/com.android.providers.downloads/cache/metadata-1035.htm
07-05 12:32:32.523   545 20484 I DownloadManager: in removeSpuriousFiles, preserving file /data/data/com.android.providers.downloads/cache/metadata-821.htm
07-05 12:32:32.523   545 20484 I DownloadManager: in removeSpuriousFiles, preserving file /data/data/com.android.providers.downloads/cache/metadata-1443.htm
07-05 12:32:32.523   545 20484 I DownloadManager: in removeSpuriousFiles, preserving file /data/data/com.android.providers.downloads/cache/metadata-828.htm
07-05 12:32:32.523   545 20484 I DownloadManager: in removeSpuriousFiles, preserving file /data/data/com.android.providers.downloads/cache/metadata-1645.htm
07-05 12:32:32.523   545 20484 I DownloadManager: in removeSpuriousFiles, preserving file /data/data/com.android.providers.downloads/cache/metadata-572.htm
07-05 12:32:32.523   545 20484 I DownloadManager: in removeSpuriousFiles, preserving file /data/data/com.android.providers.downloads/cache/metadata-423.htm
07-05 12:32:32.523   545 20484 I DownloadManager: in removeSpuriousFiles, preserving file /data/data/com.android.providers.downloads/cache/metadata-454.htm
07-05 12:32:32.523   545 20484 I DownloadManager: in removeSpuriousFiles, preserving file /data/data/com.android.providers.downloads/cache/metadata-2083.htm
07-05 12:32:32.523   545 20484 I DownloadManager: in removeSpuriousFiles, preserving file /data/data/com.android.providers.downloads/cache/metadata-1482.htm
07-05 12:32:32.523   545 20484 I DownloadManager: in removeSpuriousFiles, preserving file /data/data/com.android.providers.downloads/cache/metadata-588.htm
07-05 12:32:32.523   545 20484 I DownloadManager: in removeSpuriousFiles, preserving file /data/data/com.android.providers.downloads/cache/metadata-1122.htm
07-05 12:32:32.527   545 20484 I DownloadManager: in removeSpuriousFiles, preserving file /data/data/com.android.providers.downloads/cache/metadata-562.htm
07-05 12:32:32.527   545 20484 I DownloadManager: in removeSpuriousFiles, preserving file /data/data/com.android.providers.downloads/cache/metadata-979.htm
07-05 12:32:32.527   545 20484 I DownloadManager: in removeSpuriousFiles, preserving file /data/data/com.android.providers.downloads/cache/metadata-1883.htm
07-05 12:32:32.527   545 20484 I DownloadManager: in removeSpuriousFiles, preserving file /data/data/com.android.providers.downloads/cache/metadata-1347.htm
07-05 12:32:32.527   545 20484 I DownloadManager: in removeSpuriousFiles, preserving file /data/data/com.android.providers.downloads/cache/metadata-1203.htm
07-05 12:32:32.527   545 20484 I DownloadManager: in removeSpuriousFiles, preserving file /data/data/com.android.providers.downloads/cache/metadata-1233.htm
07-05 12:32:32.527   545 20484 I DownloadManager: in removeSpuriousFiles, preserving file /data/data/com.android.providers.downloads/cache/metadata-1327.htm
07-05 12:32:32.527   545 20484 I DownloadManager: in removeSpuriousFiles, preserving file /data/data/com.android.providers.downloads/cache/metadata-1091.htm
07-05 12:32:32.527   545 20484 I DownloadManager: in removeSpuriousFiles, preserving file /data/data/com.android.providers.downloads/cache/metadata-1442.htm
07-05 12:32:32.527   545 20484 I DownloadManager: in removeSpuriousFiles, preserving file /data/data/com.android.providers.downloads/cache/metadata-969.htm
07-05 12:32:32.527   545 20484 I DownloadManager: in removeSpuriousFiles, preserving file /data/data/com.android.providers.downloads/cache/metadata-689.htm
07-05 12:32:32.527   545 20484 I DownloadManager: in removeSpuriousFiles, preserving file /data/data/com.android.providers.downloads/cache/metadata-1038.htm
07-05 12:32:32.527   545 20484 I DownloadManager: in removeSpuriousFiles, preserving file /data/data/com.android.providers.downloads/cache/metadata-1447.htm
07-05 12:32:32.527   545 20484 I DownloadManager: in removeSpuriousFiles, preserving file /data/data/com.android.providers.downloads/cache/metadata-1459.htm
07-05 12:32:32.527   545 20484 I DownloadManager: in removeSpuriousFiles, preserving file /data/data/com.android.providers.downloads/cache/metadata-649.htm
07-05 12:32:32.527   545 20484 I DownloadManager: in removeSpuriousFiles, preserving file /data/data/com.android.providers.downloads/cache/metadata-1622.htm
07-05 12:32:32.527   545 20484 I DownloadManager: in removeSpuriousFiles, preserving file /data/data/com.android.providers.downloads/cache/metadata-1579.htm
07-05 12:32:32.527   545 20484 I DownloadManager: in removeSpuriousFiles, preserving file /data/data/com.android.providers.downloads/cache/metadata-2446.htm
07-05 12:32:32.527   545 20484 I DownloadManager: in removeSpuriousFiles, preserving file /data/data/com.android.providers.downloads/cache/metadata-1433.htm
07-05 12:32:32.527   545 20484 I DownloadManager: in removeSpuriousFiles, preserving file /data/data/com.android.providers.downloads/cache/metadata-533.htm
07-05 12:32:32.527   545 20484 I DownloadManager: in removeSpuriousFiles, preserving file /data/data/com.android.providers.downloads/cache/metadata-559.htm
07-05 12:32:32.527   545 20484 I DownloadManager: in removeSpuriousFiles, preserving file /data/data/com.android.providers.downloads/cache/metadata-2553.htm
07-05 12:32:32.527   545 20484 I DownloadManager: in removeSpuriousFiles, preserving file /data/data/com.android.providers.downloads/cache/metadata-366.htm
07-05 12:32:32.527   545 20484 I DownloadManager: in removeSpuriousFiles, preserving file /data/data/com.android.providers.downloads/cache/metadata-1966.htm
07-05 12:32:32.527   545 20484 I DownloadManager: in removeSpuriousFiles, preserving file /data/data/com.android.providers.downloads/cache/metadata-1193.htm
07-05 12:32:32.527   545 20484 I DownloadManager: in removeSpuriousFiles, preserving file /data/data/com.android.providers.downloads/cache/metadata-471.htm
07-05 12:32:32.527   545 20484 I DownloadManager: in removeSpuriousFiles, preserving file /data/data/com.android.providers.downloads/cache/metadata-837.htm
07-05 12:32:32.527   545 20484 I DownloadManager: in removeSpuriousFiles, preserving file /data/data/com.android.providers.downloads/cache/metadata-1053.htm
07-05 12:32:32.527   545 20484 I DownloadManager: in removeSpuriousFiles, preserving file /data/data/com.android.providers.downloads/cache/metadata-614.htm
07-05 12:32:32.527   545 20484 I DownloadManager: in removeSpuriousFiles, preserving file /data/data/com.android.providers.downloads/cache/metadata-597.htm
07-05 12:32:32.527   545 20484 I DownloadManager: in removeSpuriousFiles, preserving file /data/data/com.android.providers.downloads/cache/metadata-525.htm
07-05 12:32:32.527   545 20484 I DownloadManager: in removeSpuriousFiles, preserving file /data/data/com.android.providers.downloads/cache/metadata-1390.htm
07-05 12:32:32.527   545 20484 I DownloadManager: in removeSpuriousFiles, preserving file /data/data/com.android.providers.downloads/cache/metadata-987.htm
07-05 12:32:32.527   545 20484 I DownloadManager: in removeSpuriousFiles, preserving file /data/data/com.android.providers.downloads/cache/metadata-1273.htm
07-05 12:32:32.527   545 20484 I DownloadManager: in removeSpuriousFiles, preserving file /data/data/com.android.providers.downloads/cache/metadata-965.htm
07-05 12:32:32.527   545 20484 I DownloadManager: in removeSpuriousFiles, preserving file /data/data/com.android.providers.downloads/cache/metadata-1647.htm
07-05 12:32:32.527   545 20484 I DownloadManager: in removeSpuriousFiles, preserving file /data/data/com.android.providers.downloads/cache/metadata-458.htm
07-05 12:32:32.531   545 20484 I DownloadManager: in removeSpuriousFiles, preserving file /data/data/com.android.providers.downloads/cache/metadata-1090.htm
07-05 12:32:32.531   545 20484 I DownloadManager: in removeSpuriousFiles, preserving file /data/data/com.android.providers.downloads/cache/metadata-1646.htm
07-05 12:32:32.531   545 20484 I DownloadManager: in removeSpuriousFiles, preserving file /data/data/com.android.providers.downloads/cache/metadata-509.htm
07-05 12:32:32.531   545 20484 I DownloadManager: in removeSpuriousFiles, preserving file /data/data/com.android.providers.downloads/cache/metadata-1435.htm
07-05 12:32:32.531   545 20484 I DownloadManager: in removeSpuriousFiles, preserving file /data/data/com.android.providers.downloads/cache/metadata-524.htm
07-05 12:32:32.531   545 20484 I DownloadManager: in removeSpuriousFiles, preserving file /data/data/com.android.providers.downloads/cache/metadata-577.htm
07-05 12:32:32.531   545 20484 I DownloadManager: in removeSpuriousFiles, preserving file /data/data/com.android.providers.downloads/cache/metadata-2042.htm
07-05 12:32:32.531   545 20484 I DownloadManager: in removeSpuriousFiles, preserving file /data/data/com.android.providers.downloads/cache/metadata-866.htm
07-05 12:32:32.531   545 20484 I DownloadManager: in removeSpuriousFiles, preserving file /data/data/com.android.providers.downloads/cache/metadata-606.htm
07-05 12:32:32.531   545 20484 I DownloadManager: in removeSpuriousFiles, preserving file /data/data/com.android.providers.downloads/cache/metadata-603.htm
07-05 12:32:32.531   545 20484 I DownloadManager: in removeSpuriousFiles, preserving file /data/data/com.android.providers.downloads/cache/metadata-1388.htm
07-05 12:32:32.531   545 20484 I DownloadManager: in removeSpuriousFiles, preserving file /data/data/com.android.providers.downloads/cache/metadata-820.htm
07-05 12:32:32.531   545 20484 I DownloadManager: in removeSpuriousFiles, preserving file /data/data/com.android.providers.downloads/cache/metadata-538.htm
07-05 12:32:32.531   545 20484 I DownloadManager: in removeSpuriousFiles, preserving file /data/data/com.android.providers.downloads/cache/metadata-1108.htm
07-05 12:32:32.531   545 20484 I DownloadManager: in removeSpuriousFiles, preserving file /data/data/com.android.providers.downloads/cache/metadata-681.htm
07-05 12:32:32.531   545 20484 I DownloadManager: in removeSpuriousFiles, preserving file /data/data/com.android.providers.downloads/cache/metadata-470.htm
07-05 12:32:32.531   545 20484 I DownloadManager: in removeSpuriousFiles, preserving file /data/data/com.android.providers.downloads/cache/metadata-1416.htm
07-05 12:32:32.531   545 20484 I DownloadManager: in removeSpuriousFiles, preserving file /data/data/com.android.providers.downloads/cache/metadata-1888.htm
07-05 12:32:32.531   545 20484 I DownloadManager: in removeSpuriousFiles, preserving file /data/data/com.android.providers.downloads/cache/metadata-923.htm
07-05 12:32:32.531   545 20484 I DownloadManager: in removeSpuriousFiles, preserving file /data/data/com.android.providers.downloads/cache/metadata-1263.htm
07-05 12:32:32.531   545 20484 I DownloadManager: in removeSpuriousFiles, preserving file /data/data/com.android.providers.downloads/cache/metadata-584.htm
07-05 12:32:32.531   545 20484 I DownloadManager: in removeSpuriousFiles, preserving file /data/data/com.android.providers.downloads/cache/metadata-1462.htm
07-05 12:32:32.531   545 20484 I DownloadManager: in removeSpuriousFiles, preserving file /data/data/com.android.providers.downloads/cache/metadata-1842.htm
07-05 12:32:32.531   545 20484 I DownloadManager: in removeSpuriousFiles, preserving file /data/data/com.android.providers.downloads/cache/metadata-1133.htm
07-05 12:32:32.531   545 20484 I DownloadManager: in removeSpuriousFiles, preserving file /data/data/com.android.providers.downloads/cache/metadata-966.htm
07-05 12:32:32.531   545 20484 I DownloadManager: in removeSpuriousFiles, preserving file /data/data/com.android.providers.downloads/cache/metadata-891.htm
07-05 12:32:32.531   545 20484 I DownloadManager: in removeSpuriousFiles, preserving file /data/data/com.android.providers.downloads/cache/metadata.htm
07-05 12:32:32.531   545 20484 I DownloadManager: in removeSpuriousFiles, preserving file /data/data/com.android.providers.downloads/cache/metadata-9.htm
07-05 12:32:32.531   545 20484 I DownloadManager: in removeSpuriousFiles, preserving file /data/data/com.android.providers.downloads/cache/metadata-744.htm
07-05 12:32:32.531   545 20484 I DownloadManager: in removeSpuriousFiles, preserving file /data/data/com.android.providers.downloads/cache/metadata-4.htm
07-05 12:32:32.531   545 20484 I DownloadManager: in removeSpuriousFiles, preserving file /data/data/com.android.providers.downloads/cache/metadata-10.htm
07-05 12:32:32.531   545 20484 I DownloadManager: in removeSpuriousFiles, preserving file /data/data/com.android.providers.downloads/cache/metadata-14.htm
07-05 12:32:32.531   545 20484 I DownloadManager: in removeSpuriousFiles, preserving file /data/data/com.android.providers.downloads/cache/metadata-29.htm
07-05 12:32:32.535   545 20484 I DownloadManager: in removeSpuriousFiles, preserving file /data/data/com.android.providers.downloads/cache/metadata-31.htm
07-05 12:32:32.535   545 20484 I DownloadManager: in removeSpuriousFiles, preserving file /data/data/com.android.providers.downloads/cache/metadata-1480.htm
07-05 12:32:32.535   545 20484 I DownloadManager: in removeSpuriousFiles, preserving file /data/data/com.android.providers.downloads/cache/metadata-530.htm
07-05 12:32:32.535   545 20484 I DownloadManager: in removeSpuriousFiles, preserving file /data/data/com.android.providers.downloads/cache/metadata-22.htm
07-05 12:32:32.535   545 20484 I DownloadManager: in removeSpuriousFiles, preserving file /data/data/com.android.providers.downloads/cache/metadata-959.htm
07-05 12:32:32.535   545 20484 I DownloadManager: in removeSpuriousFiles, preserving file /data/data/com.android.providers.downloads/cache/metadata-434.htm
07-05 12:32:32.535   545 20484 I DownloadManager: in removeSpuriousFiles, preserving file /data/data/com.android.providers.downloads/cache/metadata-776.htm
07-05 12:32:32.535   545 20484 I DownloadManager: in removeSpuriousFiles, preserving file /data/data/com.android.providers.downloads/cache/metadata-11.htm
07-05 12:32:32.535   545 20484 I DownloadManager: in removeSpuriousFiles, preserving file /data/data/com.android.providers.downloads/cache/metadata-129.htm
07-05 12:32:32.535   545 20484 I DownloadManager: in removeSpuriousFiles, preserving file /data/data/com.android.providers.downloads/cache/metadata-951.htm
07-05 12:32:32.535   545 20484 I DownloadManager: in removeSpuriousFiles, preserving file /data/data/com.android.providers.downloads/cache/metadata-2039.htm
07-05 12:32:32.535   545 20484 I DownloadManager: in removeSpuriousFiles, preserving file /data/data/com.android.providers.downloads/cache/metadata-1099.htm
07-05 12:32:32.535   545 20484 I DownloadManager: in removeSpuriousFiles, preserving file /data/data/com.android.providers.downloads/cache/metadata-522.htm
07-05 12:32:32.535   545 20484 I DownloadManager: in removeSpuriousFiles, preserving file /data/data/com.android.providers.downloads/cache/metadata-551.htm
07-05 12:32:32.535   545 20484 I DownloadManager: in removeSpuriousFiles, preserving file /data/data/com.android.providers.downloads/cache/metadata-1189.htm
07-05 12:32:32.535   545 20484 I DownloadManager: in removeSpuriousFiles, preserving file /data/data/com.android.providers.downloads/cache/metadata-1205.htm
07-05 12:32:32.535   545 20484 I DownloadManager: in removeSpuriousFiles, preserving file /data/data/com.android.providers.downloads/cache/metadata-771.htm
07-05 12:32:32.535   545 20484 I DownloadManager: in removeSpuriousFiles, preserving file /data/data/com.android.providers.downloads/cache/metadata-325.htm
07-05 12:32:32.535   545 20484 I DownloadManager: in removeSpuriousFiles, preserving file /data/data/com.android.providers.downloads/cache/metadata-430.htm
07-05 12:32:32.535   545 20484 I DownloadManager: in removeSpuriousFiles, preserving file /data/data/com.android.providers.downloads/cache/metadata-842.htm
07-05 12:32:32.535   545 20484 I DownloadManager: in removeSpuriousFiles, preserving file /data/data/com.android.providers.downloads/cache/metadata-1399.htm
07-05 12:32:32.535   545 20484 I DownloadManager: in removeSpuriousFiles, preserving file /data/data/com.android.providers.downloads/cache/metadata-754.htm
07-05 12:32:32.535   545 20484 I DownloadManager: in removeSpuriousFiles, preserving file /data/data/com.android.providers.downloads/cache/metadata-2803.htm
07-05 12:32:32.535   545 20484 I DownloadManager: in removeSpuriousFiles, preserving file /data/data/com.android.providers.downloads/cache/metadata-1184.htm
07-05 12:32:32.535   545 20484 I DownloadManager: in removeSpuriousFiles, preserving file /data/data/com.android.providers.downloads/cache/metadata-513.htm
07-05 12:32:32.535   545 20484 I DownloadManager: in removeSpuriousFiles, preserving file /data/data/com.android.providers.downloads/cache/metadata-1040.htm
07-05 12:32:32.535   545 20484 I DownloadManager: in removeSpuriousFiles, preserving file /data/data/com.android.providers.downloads/cache/metadata-114.htm
07-05 12:32:32.535   545 20484 I DownloadManager: in removeSpuriousFiles, preserving file /data/data/com.android.providers.downloads/cache/metadata-355.htm
07-05 12:32:32.535   545 20484 I DownloadManager: in removeSpuriousFiles, preserving file /data/data/com.android.providers.downloads/cache/metadata-2221.htm
07-05 12:32:32.535   545 20484 I DownloadManager: in removeSpuriousFiles, preserving file /data/data/com.android.providers.downloads/cache/metadata-742.htm
07-05 12:32:32.535   545 20484 I DownloadManager: in removeSpuriousFiles, preserving file /data/data/com.android.providers.downloads/cache/metadata-1382.htm
07-05 12:32:32.535   545 20484 I DownloadManager: in removeSpuriousFiles, preserving file /data/data/com.android.providers.downloads/cache/metadata-1503.htm
07-05 12:32:32.535   545 20484 I DownloadManager: in removeSpuriousFiles, preserving file /data/data/com.android.providers.downloads/cache/metadata-1758.htm
07-05 12:32:32.535   545 20484 I DownloadManager: in removeSpuriousFiles, preserving file /data/data/com.android.providers.downloads/cache/metadata-583.htm
07-05 12:32:32.535   545 20484 I DownloadManager: in removeSpuriousFiles, preserving file /data/data/com.android.providers.downloads/cache/metadata-2358.htm
07-05 12:32:32.535   545 20484 I DownloadManager: in removeSpuriousFiles, preserving file /data/data/com.android.providers.downloads/cache/metadata-503.htm
07-05 12:32:32.535   545 20484 I DownloadManager: in removeSpuriousFiles, preserving file /data/data/com.android.providers.downloads/cache/metadata-365.htm
07-05 12:32:32.535   545 20484 I DownloadManager: in removeSpuriousFiles, preserving file /data/data/com.android.providers.downloads/cache/metadata-1281.htm
07-05 12:32:32.535   545 20484 I DownloadManager: in removeSpuriousFiles, preserving file /data/data/com.android.providers.downloads/cache/metadata-195.htm
07-05 12:32:32.535   545 20484 I DownloadManager: in removeSpuriousFiles, preserving file /data/data/com.android.providers.downloads/cache/metadata-1026.htm
07-05 12:32:32.535   545 20484 I DownloadManager: in removeSpuriousFiles, preserving file /data/data/com.android.providers.downloads/cache/metadata-1119.htm
07-05 12:32:32.535   545 20484 I DownloadManager: in removeSpuriousFiles, preserving file /data/data/com.android.providers.downloads/cache/metadata-1696.htm
07-05 12:32:32.535   545 20484 I DownloadManager: in removeSpuriousFiles, preserving file /data/data/com.android.providers.downloads/cache/metadata-1010.htm
07-05 12:32:32.535   545 20484 I DownloadManager: in removeSpuriousFiles, preserving file /data/data/com.android.providers.downloads/cache/metadata-1445.htm
07-05 12:32:32.535   545 20484 I DownloadManager: in removeSpuriousFiles, preserving file /data/data/com.android.providers.downloads/cache/metadata-1644.htm
07-05 12:32:32.535   545 20484 I DownloadManager: in removeSpuriousFiles, preserving file /data/data/com.android.providers.downloads/cache/metadata-850.htm
07-05 12:32:32.535   545 20484 I DownloadManager: in removeSpuriousFiles, preserving file /data/data/com.android.providers.downloads/cache/metadata-962.htm
07-05 12:32:32.535   545 20484 I DownloadManager: in removeSpuriousFiles, preserving file /data/data/com.android.providers.downloads/cache/metadata-1487.htm
07-05 12:32:32.535   545 20484 I DownloadManager: in removeSpuriousFiles, preserving file /data/data/com.android.providers.downloads/cache/metadata-1132.htm
07-05 12:32:32.535   545 20484 I DownloadManager: in removeSpuriousFiles, preserving file /data/data/com.android.providers.downloads/cache/metadata-496.htm
07-05 12:32:32.535   545 20484 I DownloadManager: in removeSpuriousFiles, preserving file /data/data/com.android.providers.downloads/cache/metadata-585.htm
07-05 12:32:32.539   545 20484 I DownloadManager: in removeSpuriousFiles, preserving file /data/data/com.android.providers.downloads/cache/metadata-906.htm
07-05 12:32:32.539   545 20484 I DownloadManager: in removeSpuriousFiles, preserving file /data/data/com.android.providers.downloads/cache/metadata-1491.htm
07-05 12:32:32.539   545 20484 I DownloadManager: in removeSpuriousFiles, preserving file /data/data/com.android.providers.downloads/cache/metadata-2077.htm
07-05 12:32:32.539   545 20484 I DownloadManager: in removeSpuriousFiles, preserving file /data/data/com.android.providers.downloads/cache/metadata-1373.htm
07-05 12:32:32.539   545 20484 I DownloadManager: in removeSpuriousFiles, preserving file /data/data/com.android.providers.downloads/cache/metadata-1064.htm
07-05 12:32:32.539   545 20484 I DownloadManager: in removeSpuriousFiles, preserving file /data/data/com.android.providers.downloads/cache/metadata-695.htm
07-05 12:32:32.539   545 20484 I DownloadManager: in removeSpuriousFiles, preserving file /data/data/com.android.providers.downloads/cache/metadata-1569.htm
07-05 12:32:32.539   545 20484 I DownloadManager: in removeSpuriousFiles, preserving file /data/data/com.android.providers.downloads/cache/metadata-1285.htm
07-05 12:32:32.539   545 20484 I DownloadManager: in removeSpuriousFiles, preserving file /data/data/com.android.providers.downloads/cache/metadata-534.htm
07-05 12:32:32.539   545 20484 I DownloadManager: in removeSpuriousFiles, preserving file /data/data/com.android.providers.downloads/cache/metadata-1431.htm
07-05 12:32:32.539   545 20484 I DownloadManager: in removeSpuriousFiles, preserving file /data/data/com.android.providers.downloads/cache/metadata-1065.htm
07-05 12:32:32.539   545 20484 I DownloadManager: in removeSpuriousFiles, preserving file /data/data/com.android.providers.downloads/cache/metadata-621.htm
07-05 12:32:32.539   545 20484 I DownloadManager: in removeSpuriousFiles, preserving file /data/data/com.android.providers.downloads/cache/metadata-608.htm
07-05 12:32:32.539   545 20484 I DownloadManager: in removeSpuriousFiles, preserving file /data/data/com.android.providers.downloads/cache/metadata-764.htm
07-05 12:32:32.539   545 20484 I DownloadManager: in removeSpuriousFiles, preserving file /data/data/com.android.providers.downloads/cache/metadata-546.htm
07-05 12:32:32.539   545 20484 I DownloadManager: in removeSpuriousFiles, preserving file /data/data/com.android.providers.downloads/cache/metadata-2005.htm
07-05 12:32:32.539   545 20484 I DownloadManager: in removeSpuriousFiles, preserving file /data/data/com.android.providers.downloads/cache/metadata-605.htm
07-05 12:32:32.539   545 20484 I DownloadManager: in removeSpuriousFiles, preserving file /data/data/com.android.providers.downloads/cache/metadata-927.htm
07-05 12:32:32.539   545 20484 I DownloadManager: in removeSpuriousFiles, preserving file /data/data/com.android.providers.downloads/cache/metadata-1162.htm
07-05 12:32:32.539   545 20484 I DownloadManager: in removeSpuriousFiles, preserving file /data/data/com.android.providers.downloads/cache/metadata-1613.htm
07-05 12:32:32.539   545 20484 I DownloadManager: in removeSpuriousFiles, preserving file /data/data/com.android.providers.downloads/cache/metadata-674.htm
07-05 12:32:32.539   545 20484 I DownloadManager: in removeSpuriousFiles, preserving file /data/data/com.android.providers.downloads/cache/metadata-855.htm
07-05 12:32:32.539   545 20484 I DownloadManager: in removeSpuriousFiles, preserving file /data/data/com.android.providers.downloads/cache/metadata-1730.htm
07-05 12:32:32.539   545 20484 I DownloadManager: in removeSpuriousFiles, preserving file /data/data/com.android.providers.downloads/cache/metadata-1378.htm
07-05 12:32:32.539   545 20484 I DownloadManager: in removeSpuriousFiles, preserving file /data/data/com.android.providers.downloads/cache/metadata-751.htm
07-05 12:32:32.539   545 20484 I DownloadManager: in removeSpuriousFiles, preserving file /data/data/com.android.providers.downloads/cache/metadata-1190.htm
07-05 12:32:32.539   545 20484 I DownloadManager: in removeSpuriousFiles, preserving file /data/data/com.android.providers.downloads/cache/metadata-570.htm
07-05 12:32:32.539   545 20484 I DownloadManager: in removeSpuriousFiles, preserving file /data/data/com.android.providers.downloads/cache/metadata-2406.htm
07-05 12:32:32.539   545 20484 I DownloadManager: in removeSpuriousFiles, preserving file /data/data/com.android.providers.downloads/cache/metadata-1197.htm
07-05 12:32:32.539   545 20484 I DownloadManager: in removeSpuriousFiles, preserving file /data/data/com.android.providers.downloads/cache/metadata-550.htm
07-05 12:32:32.539   545 20484 I DownloadManager: in removeSpuriousFiles, preserving file /data/data/com.android.providers.downloads/cache/metadata-1149.htm
07-05 12:32:32.539   545 20484 I DownloadManager: in removeSpuriousFiles, preserving file /data/data/com.android.providers.downloads/cache/metadata-666.htm
07-05 12:32:32.539   545 20484 I DownloadManager: in removeSpuriousFiles, preserving file /data/data/com.android.providers.downloads/cache/metadata-688.htm
07-05 12:32:32.539   545 20484 I DownloadManager: in removeSpuriousFiles, preserving file /data/data/com.android.providers.downloads/cache/metadata-1509.htm
07-05 12:32:32.539   545 20484 I DownloadManager: in removeSpuriousFiles, preserving file /data/data/com.android.providers.downloads/cache/metadata-635.htm
07-05 12:32:32.539   545 20484 I DownloadManager: in removeSpuriousFiles, preserving file /data/data/com.android.providers.downloads/cache/metadata-1228.htm
07-05 12:32:32.539   545 20484 I DownloadManager: in removeSpuriousFiles, preserving file /data/data/com.android.providers.downloads/cache/metadata-2098.htm
07-05 12:32:32.539   545 20484 I DownloadManager: in removeSpuriousFiles, preserving file /data/data/com.android.providers.downloads/cache/metadata-851.htm
07-05 12:32:32.539   545 20484 I DownloadManager: in removeSpuriousFiles, preserving file /data/data/com.android.providers.downloads/cache/metadata-543.htm
07-05 12:32:32.539   545 20484 I DownloadManager: in removeSpuriousFiles, preserving file /data/data/com.android.providers.downloads/cache/metadata-2305.htm
07-05 12:32:32.539   545 20484 I DownloadManager: in removeSpuriousFiles, preserving file /data/data/com.android.providers.downloads/cache/metadata-725.htm
07-05 12:32:32.547   545 20484 I DownloadManager: in removeSpuriousFiles, preserving file /data/data/com.android.providers.downloads/cache/metadata-735.htm
07-05 12:32:32.547   545 20484 I DownloadManager: in removeSpuriousFiles, preserving file /data/data/com.android.providers.downloads/cache/metadata-1834.htm
07-05 12:32:32.547   545 20484 I DownloadManager: in removeSpuriousFiles, preserving file /data/data/com.android.providers.downloads/cache/metadata-2322.htm
07-05 12:32:32.547   545 20484 I DownloadManager: in removeSpuriousFiles, preserving file /data/data/com.android.providers.downloads/cache/metadata-1379.htm
07-05 12:32:32.547   545 20484 I DownloadManager: in removeSpuriousFiles, preserving file /data/data/com.android.providers.downloads/cache/metadata-302.htm
07-05 12:32:32.547   545 20484 I DownloadManager: in removeSpuriousFiles, preserving file /data/data/com.android.providers.downloads/cache/metadata-1337.htm
07-05 12:32:32.593   545   548 D dalvikvm: GC_CONCURRENT freed 580K, 9% free 10761K/11719K, paused 1ms+10ms
07-05 12:32:32.593   545 20484 I DownloadManager: in removeSpuriousFiles, preserving file /data/data/com.android.providers.downloads/cache/metadata-1676.htm
07-05 12:32:32.593   545 20484 I DownloadManager: in removeSpuriousFiles, preserving file /data/data/com.android.providers.downloads/cache/metadata-3005.htm
07-05 12:32:32.593   545 20484 I DownloadManager: in removeSpuriousFiles, preserving file /data/data/com.android.providers.downloads/cache/metadata-481.htm
07-05 12:32:32.593   545 20484 I DownloadManager: in removeSpuriousFiles, preserving file /data/data/com.android.providers.downloads/cache/metadata-651.htm
07-05 12:32:32.593   545 20484 I DownloadManager: in removeSpuriousFiles, preserving file /data/data/com.android.providers.downloads/cache/metadata-1478.htm
07-05 12:32:32.593   545 20484 I DownloadManager: in removeSpuriousFiles, preserving file /data/data/com.android.providers.downloads/cache/metadata-1460.htm
07-05 12:32:32.593   545 20484 I DownloadManager: in removeSpuriousFiles, preserving file /data/data/com.android.providers.downloads/cache/metadata-1537.htm
07-05 12:32:32.593   545 20484 I DownloadManager: in removeSpuriousFiles, preserving file /data/data/com.android.providers.downloads/cache/metadata-935.htm
07-05 12:32:32.593   545 20484 I DownloadManager: in removeSpuriousFiles, preserving file /data/data/com.android.providers.downloads/cache/metadata-2044.htm
07-05 12:32:32.593   545 20484 I DownloadManager: in removeSpuriousFiles, preserving file /data/data/com.android.providers.downloads/cache/metadata-2421.htm
07-05 12:32:32.593   545 20484 I DownloadManager: in removeSpuriousFiles, preserving file /data/data/com.android.providers.downloads/cache/metadata-1226.htm
07-05 12:32:32.593   545 20484 I DownloadManager: in removeSpuriousFiles, preserving file /data/data/com.android.providers.downloads/cache/metadata-897.htm
07-05 12:32:32.593   545 20484 I DownloadManager: in removeSpuriousFiles, preserving file /data/data/com.android.providers.downloads/cache/metadata-1110.htm
07-05 12:32:32.593   545 20484 I DownloadManager: in removeSpuriousFiles, preserving file /data/data/com.android.providers.downloads/cache/metadata-2118.htm
07-05 12:32:32.593   545 20484 I DownloadManager: in removeSpuriousFiles, preserving file /data/data/com.android.providers.downloads/cache/metadata-1642.htm
07-05 12:32:32.593   545 20484 I DownloadManager: in removeSpuriousFiles, preserving file /data/data/com.android.providers.downloads/cache/metadata-497.htm
07-05 12:32:32.593   545 20484 I DownloadManager: deleting spurious file /cache/dalvik-cache
07-05 12:32:32.593   545 20484 I DownloadManager: deleting spurious file /data/data/com.android.providers.downloads/cache/metadata-1.htm
07-05 12:32:32.593   545 20484 I DownloadManager: deleting spurious file /data/data/com.android.providers.downloads/cache/metadata-5.htm
07-05 12:32:32.593   545 20484 I DownloadManager: deleting spurious file /data/data/com.android.providers.downloads/cache/metadata-6.htm
07-05 12:32:32.593   545 20484 I DownloadManager: deleting spurious file /data/data/com.android.providers.downloads/cache/metadata-12.htm
07-05 12:32:32.593   545 20484 I DownloadManager: deleting spurious file /data/data/com.android.providers.downloads/cache/metadata-208.htm
07-05 12:32:32.597   545 20484 I DownloadManager: deleting spurious file /data/data/com.android.providers.downloads/cache/metadata-15.htm
07-05 12:32:32.597   545 20484 I DownloadManager: deleting spurious file /data/data/com.android.providers.downloads/cache/metadata-13.htm
07-05 12:32:32.597   545 20484 I DownloadManager: deleting spurious file /data/data/com.android.providers.downloads/cache/metadata-16.htm
07-05 12:32:32.597   545 20484 I DownloadManager: deleting spurious file /data/data/com.android.providers.downloads/cache/metadata-37.htm
07-05 12:32:32.597   545 20484 I DownloadManager: deleting spurious file /data/data/com.android.providers.downloads/cache/metadata-21.htm
07-05 12:32:32.597   545 20484 I DownloadManager: deleting spurious file /data/data/com.android.providers.downloads/cache/metadata-324.htm
07-05 12:32:32.597   545 20484 I DownloadManager: deleting spurious file /data/data/com.android.providers.downloads/cache/metadata-825.htm
07-05 12:32:32.597   545 20484 I DownloadManager: deleting spurious file /data/data/com.android.providers.downloads/cache/metadata-1318.htm
07-05 12:32:32.597   545 20484 I DownloadManager: deleting spurious file /data/data/com.android.providers.downloads/cache/metadata-398.htm
07-05 12:32:32.597   545 20484 I DownloadManager: deleting spurious file /data/data/com.android.providers.downloads/cache/metadata-102.htm
07-05 12:32:32.597   545 20484 I DownloadManager: deleting spurious file /data/data/com.android.providers.downloads/cache/metadata-299.htm
07-05 12:32:32.597   545 20484 I DownloadManager: deleting spurious file /data/data/com.android.providers.downloads/cache/metadata-795.htm
07-05 12:32:32.597   545 20484 I DownloadManager: deleting spurious file /data/data/com.android.providers.downloads/cache/metadata-1466.htm
07-05 12:32:32.597   545 20484 I DownloadManager: deleting spurious file /data/data/com.android.providers.downloads/cache/metadata-395.htm
07-05 12:32:32.597   545 20484 I DownloadManager: deleting spurious file /data/data/com.android.providers.downloads/cache/metadata-2111.htm
07-05 12:32:32.597   545 20484 I DownloadManager: deleting spurious file /data/data/com.android.providers.downloads/cache/metadata-464.htm
07-05 12:32:32.597   545 20484 I DownloadManager: deleting spurious file /data/data/com.android.providers.downloads/cache/metadata-609.htm
07-05 12:32:32.597   545 20484 I DownloadManager: deleting spurious file /data/data/com.android.providers.downloads/cache/metadata-1029.htm
07-05 12:32:32.597   545 20484 I DownloadManager: deleting spurious file /data/data/com.android.providers.downloads/cache/metadata-315.htm
07-05 12:32:32.597   545 20484 I DownloadManager: deleting spurious file /data/data/com.android.providers.downloads/cache/metadata-1339.htm
07-05 12:32:32.597   545 20484 I DownloadManager: deleting spurious file /data/data/com.android.providers.downloads/cache/metadata-632.htm
07-05 12:32:32.597   545 20484 I DownloadManager: deleting spurious file /data/data/com.android.providers.downloads/cache/metadata-1822.htm
07-05 12:32:32.597   545 20484 I DownloadManager: deleting spurious file /data/data/com.android.providers.downloads/cache/metadata-416.htm
07-05 12:32:32.597   545 20484 I DownloadManager: deleting spurious file /data/data/com.android.providers.downloads/cache/metadata-1230.htm
07-05 12:32:32.597   545 20484 I DownloadManager: deleting spurious file /data/data/com.android.providers.downloads/cache/metadata-504.htm
07-05 12:32:32.597   545 20484 I DownloadManager: deleting spurious file /data/data/com.android.providers.downloads/cache/metadata-1550.htm
07-05 12:32:32.605   545 20484 I DownloadManager: deleting spurious file /data/data/com.android.providers.downloads/cache/metadata-652.htm
07-05 12:32:32.605   545 20484 I DownloadManager: deleting spurious file /data/data/com.android.providers.downloads/cache/metadata-693.htm
07-05 12:32:32.605   545 20484 I DownloadManager: deleting spurious file /data/data/com.android.providers.downloads/cache/metadata-523.htm
07-05 12:32:32.605   545 20484 I DownloadManager: deleting spurious file /data/data/com.android.providers.downloads/cache/metadata-1406.htm
07-05 12:32:32.605   545 20484 I DownloadManager: deleting spurious file /data/data/com.android.providers.downloads/cache/metadata-1211.htm
07-05 12:32:32.605   545 20484 I DownloadManager: deleting spurious file /data/data/com.android.providers.downloads/cache/metadata-1376.htm
07-05 12:32:32.605   545 20484 I DownloadManager: deleting spurious file /data/data/com.android.providers.downloads/cache/metadata-294.htm
07-05 12:32:32.605   545 20484 I DownloadManager: deleting spurious file /data/data/com.android.providers.downloads/cache/metadata-301.htm
07-05 12:32:32.605   545 20484 I DownloadManager: deleting spurious file /data/data/com.android.providers.downloads/cache/metadata-1359.htm
07-05 12:32:32.605   545 20484 I DownloadManager: deleting spurious file /data/data/com.android.providers.downloads/cache/metadata-1208.htm
07-05 12:32:32.605   545 20484 I DownloadManager: deleting spurious file /data/data/com.android.providers.downloads/cache/metadata-474.htm
07-05 12:32:32.605   545 20484 I DownloadManager: deleting spurious file /data/data/com.android.providers.downloads/cache/metadata-970.htm
07-05 12:32:32.605   545 20484 I DownloadManager: deleting spurious file /data/data/com.android.providers.downloads/cache/metadata-769.htm
07-05 12:32:32.605   545 20484 I DownloadManager: deleting spurious file /data/data/com.android.providers.downloads/cache/metadata-618.htm
07-05 12:32:32.605   545 20484 I DownloadManager: deleting spurious file /data/data/com.android.providers.downloads/cache/metadata-665.htm
07-05 12:32:32.605   545 20484 I DownloadManager: deleting spurious file /data/data/com.android.providers.downloads/cache/metadata-1568.htm
07-05 12:32:32.605   545 20484 I DownloadManager: deleting spurious file /data/data/com.android.providers.downloads/cache/metadata-622.htm
07-05 12:32:32.605   545 20484 I DownloadManager: deleting spurious file /data/data/com.android.providers.downloads/cache/metadata-1507.htm
07-05 12:32:32.605   545 20484 I DownloadManager: deleting spurious file /data/data/com.android.providers.downloads/cache/metadata-1165.htm
07-05 12:32:32.605   545 20484 I DownloadManager: deleting spurious file /data/data/com.android.providers.downloads/cache/metadata-1004.htm
07-05 12:32:32.605   545 20484 I DownloadManager: deleting spurious file /data/data/com.android.providers.downloads/cache/metadata-895.htm
07-05 12:32:32.605   545 20484 I DownloadManager: deleting spurious file /data/data/com.android.providers.downloads/cache/metadata-920.htm
07-05 12:32:32.605   545 20484 I DownloadManager: deleting spurious file /data/data/com.android.providers.downloads/cache/metadata-1326.htm
07-05 12:32:32.605   545 20484 I DownloadManager: deleting spurious file /data/data/com.android.providers.downloads/cache/metadata-372.htm
07-05 12:32:32.605   545 20484 I DownloadManager: deleting spurious file /data/data/com.android.providers.downloads/cache/metadata-495.htm
07-05 12:32:32.605   545 20484 I DownloadManager: deleting spurious file /data/data/com.android.providers.downloads/cache/metadata-563.htm
07-05 12:32:32.605   545 20484 I DownloadManager: deleting spurious file /data/data/com.android.providers.downloads/cache/metadata-1126.htm
07-05 12:32:32.605   545 20484 I DownloadManager: deleting spurious file /data/data/com.android.providers.downloads/cache/metadata-539.htm
07-05 12:32:32.609   545 20484 I DownloadManager: deleting spurious file /data/data/com.android.providers.downloads/cache/metadata-708.htm
07-05 12:32:32.609   545 20484 I DownloadManager: deleting spurious file /data/data/com.android.providers.downloads/cache/metadata-700.htm
07-05 12:32:32.609   545 20484 I DownloadManager: deleting spurious file /data/data/com.android.providers.downloads/cache/metadata-489.htm
07-05 12:32:32.609   545 20484 I DownloadManager: deleting spurious file /data/data/com.android.providers.downloads/cache/metadata-1221.htm
07-05 12:32:32.609   545 20484 I DownloadManager: deleting spurious file /data/data/com.android.providers.downloads/cache/metadata-1348.htm
07-05 12:32:32.609   545 20484 I DownloadManager: deleting spurious file /data/data/com.android.providers.downloads/cache/metadata-1602.htm
07-05 12:32:32.609   545 20484 I DownloadManager: deleting spurious file /data/data/com.android.providers.downloads/cache/metadata-604.htm
07-05 12:32:32.609   545 20484 I DownloadManager: deleting spurious file /data/data/com.android.providers.downloads/cache/metadata-956.htm
07-05 12:32:32.609   545 20484 I DownloadManager: deleting spurious file /data/data/com.android.providers.downloads/cache/metadata-1444.htm
07-05 12:32:32.609   545 20484 I DownloadManager: deleting spurious file /data/data/com.android.providers.downloads/cache/metadata-1168.htm
07-05 12:32:32.609   545 20484 I DownloadManager: deleting spurious file /data/data/com.android.providers.downloads/cache/metadata-784.htm
07-05 12:32:32.609   545 20484 I DownloadManager: deleting spurious file /data/data/com.android.providers.downloads/cache/metadata-1249.htm
07-05 12:32:32.609   545 20484 I DownloadManager: deleting spurious file /data/data/com.android.providers.downloads/cache/metadata-598.htm
07-05 12:32:32.609   545 20484 I DownloadManager: deleting spurious file /data/data/com.android.providers.downloads/cache/metadata-1849.htm
07-05 12:32:32.609   545 20484 I DownloadManager: deleting spurious file /data/data/com.android.providers.downloads/cache/metadata-413.htm
07-05 12:32:32.609   545 20484 I DownloadManager: deleting spurious file /data/data/com.android.providers.downloads/cache/metadata-1089.htm
07-05 12:32:32.609   545 20484 I DownloadManager: deleting spurious file /data/data/com.android.providers.downloads/cache/metadata-1027.htm
07-05 12:32:32.609   545 20484 I DownloadManager: deleting spurious file /data/data/com.android.providers.downloads/cache/metadata-1188.htm
07-05 12:32:32.609   545 20484 I DownloadManager: deleting spurious file /data/data/com.android.providers.downloads/cache/metadata-849.htm
07-05 12:32:32.609   545 20484 I DownloadManager: deleting spurious file /data/data/com.android.providers.downloads/cache/metadata-2335.htm
07-05 12:32:32.609   545 20484 I DownloadManager: deleting spurious file /data/data/com.android.providers.downloads/cache/metadata-510.htm
07-05 12:32:32.609   545 20484 I DownloadManager: deleting spurious file /data/data/com.android.providers.downloads/cache/metadata-868.htm
07-05 12:32:32.609   545 20484 I DownloadManager: deleting spurious file /data/data/com.android.providers.downloads/cache/metadata-1707.htm
07-05 12:32:32.609   545 20484 I DownloadManager: deleting spurious file /data/data/com.android.providers.downloads/cache/metadata-686.htm
07-05 12:32:32.609   545 20484 I DownloadManager: deleting spurious file /data/data/com.android.providers.downloads/cache/metadata-549.htm
07-05 12:32:32.609   545 20484 I DownloadManager: deleting spurious file /data/data/com.android.providers.downloads/cache/metadata-1413.htm
07-05 12:32:32.609   545 20484 I DownloadManager: deleting spurious file /data/data/com.android.providers.downloads/cache/metadata-911.htm
07-05 12:32:32.609   545 20484 I DownloadManager: deleting spurious file /data/data/com.android.providers.downloads/cache/metadata-1427.htm
07-05 12:32:32.613   545 20484 I DownloadManager: deleting spurious file /data/data/com.android.providers.downloads/cache/metadata-843.htm
07-05 12:32:32.613   545 20484 I DownloadManager: deleting spurious file /data/data/com.android.providers.downloads/cache/metadata-835.htm
07-05 12:32:32.613   545 20484 I DownloadManager: deleting spurious file /data/data/com.android.providers.downloads/cache/metadata-505.htm
07-05 12:32:32.613   545 20484 I DownloadManager: deleting spurious file /data/data/com.android.providers.downloads/cache/metadata-642.htm
07-05 12:32:32.613   545 20484 I DownloadManager: deleting spurious file /data/data/com.android.providers.downloads/cache/metadata-1092.htm
07-05 12:32:32.613   545 20484 I DownloadManager: deleting spurious file /data/data/com.android.providers.downloads/cache/metadata-1740.htm
07-05 12:32:32.613   545 20484 I DownloadManager: deleting spurious file /data/data/com.android.providers.downloads/cache/metadata-1485.htm
07-05 12:32:32.613   545 20484 I DownloadManager: deleting spurious file /data/data/com.android.providers.downloads/cache/metadata-387.htm
07-05 12:32:32.613   545 20484 I DownloadManager: deleting spurious file /data/data/com.android.providers.downloads/cache/metadata-1677.htm
07-05 12:32:32.613   545 20484 I DownloadManager: deleting spurious file /data/data/com.android.providers.downloads/cache/metadata-830.htm
07-05 12:32:32.613   545 20484 I DownloadManager: deleting spurious file /data/data/com.android.providers.downloads/cache/metadata-698.htm
07-05 12:32:32.613   545 20484 I DownloadManager: deleting spurious file /data/data/com.android.providers.downloads/cache/metadata-1978.htm
07-05 12:32:32.613   545 20484 I DownloadManager: deleting spurious file /data/data/com.android.providers.downloads/cache/metadata-2293.htm
07-05 12:32:32.613   545 20484 I DownloadManager: deleting spurious file /data/data/com.android.providers.downloads/cache/metadata-565.htm
07-05 12:32:32.613   545 20484 I DownloadManager: deleting spurious file /data/data/com.android.providers.downloads/cache/metadata-1260.htm
07-05 12:32:32.613   545 20484 I DownloadManager: deleting spurious file /data/data/com.android.providers.downloads/cache/metadata-860.htm
07-05 12:32:32.613   545 20484 I DownloadManager: deleting spurious file /data/data/com.android.providers.downloads/cache/metadata-2020.htm
07-05 12:32:32.613   545 20484 I DownloadManager: deleting spurious file /data/data/com.android.providers.downloads/cache/metadata-1411.htm
07-05 12:32:32.613   545 20484 I DownloadManager: deleting spurious file /data/data/com.android.providers.downloads/cache/metadata-1341.htm
07-05 12:32:32.613   545 20484 I DownloadManager: deleting spurious file /data/data/com.android.providers.downloads/cache/metadata-940.htm
07-05 12:32:32.613   545 20484 I DownloadManager: deleting spurious file /data/data/com.android.providers.downloads/cache/metadata-707.htm
07-05 12:32:32.613   545 20484 I DownloadManager: deleting spurious file /data/data/com.android.providers.downloads/cache/metadata-1972.htm
07-05 12:32:32.613   545 20484 I DownloadManager: deleting spurious file /data/data/com.android.providers.downloads/cache/metadata-1166.htm
07-05 12:32:32.613   545 20484 I DownloadManager: deleting spurious file /data/data/com.android.providers.downloads/cache/metadata-1130.htm
07-05 12:32:32.613   545 20484 I DownloadManager: deleting spurious file /data/data/com.android.providers.downloads/cache/metadata-663.htm
07-05 12:32:32.613   545 20484 I DownloadManager: deleting spurious file /data/data/com.android.providers.downloads/cache/metadata-1422.htm
07-05 12:32:32.613   545 20484 I DownloadManager: deleting spurious file /data/data/com.android.providers.downloads/cache/metadata-2272.htm
07-05 12:32:32.613   545 20484 I DownloadManager: deleting spurious file /data/data/com.android.providers.downloads/cache/metadata-1138.htm
07-05 12:32:32.613   545 20484 I DownloadManager: deleting spurious file /data/data/com.android.providers.downloads/cache/metadata-2104.htm
07-05 12:32:32.617   545 20484 I DownloadManager: deleting spurious file /data/data/com.android.providers.downloads/cache/metadata-2484.htm
07-05 12:32:32.883   545   548 D dalvikvm: GC_CONCURRENT freed 731K, 11% free 10504K/11719K, paused 2ms+2ms
07-05 12:32:33.109   545   548 D dalvikvm: GC_CONCURRENT freed 423K, 11% free 10482K/11719K, paused 2ms+3ms
07-05 12:32:33.277   545 20485 I DownloadManager: Initiating request for download 2395
07-05 12:32:33.386   545   548 D dalvikvm: GC_CONCURRENT freed 205K, 9% free 10736K/11719K, paused 2ms+3ms
07-05 12:32:33.519   545   548 D dalvikvm: GC_CONCURRENT freed 432K, 8% free 10793K/11719K, paused 1ms+3ms
07-05 12:32:33.781   545   548 D dalvikvm: GC_CONCURRENT freed 735K, 10% free 10549K/11719K, paused 2ms+3ms
07-05 12:32:33.976   545   548 D dalvikvm: GC_CONCURRENT freed 416K, 11% free 10529K/11719K, paused 2ms+3ms
07-05 12:32:35.125   545   548 D dalvikvm: GC_CONCURRENT freed 435K, 11% free 10500K/11719K, paused 2ms+3ms
07-05 12:32:35.343   545   548 D dalvikvm: GC_CONCURRENT freed 411K, 11% free 10484K/11719K, paused 1ms+2ms
07-05 12:32:35.539   545   548 D dalvikvm: GC_CONCURRENT freed 420K, 11% free 10459K/11719K, paused 2ms+2ms
07-05 12:32:36.781  1370 20487 E DictionaryProvider:UpdateHandler: Can't read a file : android.util.MalformedJsonException: Use JsonReader.setLenient(true) to accept malformed JSON at line 1 column 20
07-05 12:32:36.851  1370  1372 D dalvikvm: GC_CONCURRENT freed 396K, 7% free 9127K/9735K, paused 1ms+6ms
07-05 12:32:36.851   545   548 D dalvikvm: GC_CONCURRENT freed 378K, 11% free 10495K/11719K, paused 2ms+5ms
07-05 12:32:37.093   545   548 D dalvikvm: GC_CONCURRENT freed 419K, 11% free 10479K/11719K, paused 2ms+2ms
07-05 12:32:37.312   545   548 D dalvikvm: GC_CONCURRENT freed 415K, 11% free 10461K/11719K, paused 2ms+2ms
07-05 12:32:37.687   545   548 D dalvikvm: GC_CONCURRENT freed 377K, 11% free 10481K/11719K, paused 4ms+5ms
07-05 12:32:37.980   545   548 D dalvikvm: GC_CONCURRENT freed 416K, 11% free 10469K/11719K, paused 2ms+2ms
07-05 12:32:38.195   545   548 D dalvikvm: GC_CONCURRENT freed 414K, 11% free 10451K/11719K, paused 2ms+2ms
07-05 12:32:38.508   545   548 D dalvikvm: GC_CONCURRENT freed 403K, 11% free 10447K/11719K, paused 4ms+6ms
07-05 12:32:38.613   545 20490 I DownloadManager: Initiating request for download 2396
07-05 12:32:38.945   545   548 D dalvikvm: GC_CONCURRENT freed 214K, 10% free 10658K/11719K, paused 2ms+3ms
07-05 12:32:39.015   545   548 D dalvikvm: GC_CONCURRENT freed 387K, 9% free 10697K/11719K, paused 2ms+3ms
07-05 12:32:39.191   545 20389 D dalvikvm: GC_EXPLICIT freed 307K, 11% free 10480K/11719K, paused 9ms+3ms
07-05 12:32:40.980   545   548 D dalvikvm: GC_CONCURRENT freed 443K, 11% free 10454K/11719K, paused 2ms+3ms
07-05 12:32:41.152  1370 20492 E DictionaryProvider:UpdateHandler: Can't read a file : android.util.MalformedJsonException: Use JsonReader.setLenient(true) to accept malformed JSON at line 1 column 20
07-05 12:32:41.246   545   548 D dalvikvm: GC_CONCURRENT freed 410K, 11% free 10446K/11719K, paused 2ms+2ms
07-05 12:32:41.410   545 20495 I DownloadManager: Initiating request for download 2396
07-05 12:32:41.504   545   548 D dalvikvm: GC_CONCURRENT freed 378K, 11% free 10518K/11719K, paused 1ms+3ms
