07-05 14:53:46.145  1370  1372 D dalvikvm: GC_CONCURRENT freed 387K, 7% free 9132K/9735K, paused 1ms+2ms
07-05 14:53:46.247   545   548 D dalvikvm: GC_CONCURRENT freed 432K, 11% free 10437K/11719K, paused 2ms+3ms
07-05 14:53:46.450   545 19021 I DownloadManager: Initiating request for download 6085
07-05 14:53:46.505   545   548 D dalvikvm: GC_CONCURRENT freed 380K, 11% free 10490K/11719K, paused 2ms+3ms
07-05 14:53:46.626   545   548 D dalvikvm: GC_CONCURRENT freed 216K, 9% free 10714K/11719K, paused 2ms+3ms
07-05 14:53:46.766   545   548 D dalvikvm: GC_CONCURRENT freed 672K, 11% free 10485K/11719K, paused 2ms+3ms
07-05 14:53:47.067   545   548 D dalvikvm: GC_CONCURRENT freed 435K, 11% free 10440K/11719K, paused 2ms+2ms
07-05 14:53:47.341   545   548 D dalvikvm: GC_CONCURRENT freed 410K, 12% free 10421K/11719K, paused 2ms+3ms
07-05 14:53:47.489   545 19024 I DownloadManager: Initiating request for download 6086
07-05 14:53:47.583   545   548 D dalvikvm: GC_CONCURRENT freed 232K, 10% free 10615K/11719K, paused 2ms+2ms
07-05 14:53:47.704   545   548 D dalvikvm: GC_CONCURRENT freed 296K, 8% free 10783K/11719K, paused 2ms+3ms
07-05 14:53:47.891  1370 19026 E DictionaryProvider:UpdateHandler: Can't read a file : android.util.MalformedJsonException: Use JsonReader.setLenient(true) to accept malformed JSON at line 1 column 20
07-05 14:53:47.989   545   548 D dalvikvm: GC_CONCURRENT freed 794K, 11% free 10454K/11719K, paused 2ms+3ms
07-05 14:53:48.266   545   548 D dalvikvm: GC_CONCURRENT freed 415K, 12% free 10430K/11719K, paused 2ms+2ms
07-05 14:53:48.485   545 19029 I DownloadManager: Initiating request for download 6086
07-05 14:53:48.548   545   548 D dalvikvm: GC_CONCURRENT freed 397K, 11% free 10476K/11719K, paused 2ms+2ms
07-05 14:53:48.665   545   548 D dalvikvm: GC_CONCURRENT freed 217K, 9% free 10718K/11719K, paused 2ms+3ms
07-05 14:53:48.821   545   548 D dalvikvm: GC_CONCURRENT freed 676K, 11% free 10491K/11719K, paused 2ms+2ms
07-05 14:53:49.118   545   548 D dalvikvm: GC_CONCURRENT freed 440K, 11% free 10447K/11719K, paused 1ms+3ms
07-05 14:53:49.395   545   548 D dalvikvm: GC_CONCURRENT freed 416K, 12% free 10422K/11719K, paused 2ms+2ms
07-05 14:53:49.524   545 19032 I DownloadManager: Initiating request for download 6087
07-05 14:53:49.618   545   548 D dalvikvm: GC_CONCURRENT freed 230K, 10% free 10624K/11719K, paused 1ms+2ms
07-05 14:53:49.735   545   548 D dalvikvm: GC_CONCURRENT freed 309K, 9% free 10782K/11719K, paused 2ms+3ms
07-05 14:53:49.911  1370 19034 E DictionaryProvider:UpdateHandler: Can't read a file : android.util.MalformedJsonException: Use JsonReader.setLenient(true) to accept malformed JSON at line 1 column 20
07-05 14:53:50.016   545   548 D dalvikvm: GC_CONCURRENT freed 788K, 11% free 10460K/11719K, paused 2ms+3ms
07-05 14:53:50.286   545   548 D dalvikvm: GC_CONCURRENT freed 419K, 11% free 10431K/11719K, paused 1ms+2ms
07-05 14:53:50.497   545 19037 I DownloadManager: Initiating request for download 6087
07-05 14:53:50.540   545   548 D dalvikvm: GC_CONCURRENT freed 369K, 11% free 10493K/11719K, paused 2ms+3ms
07-05 14:53:50.669   545   548 D dalvikvm: GC_CONCURRENT freed 202K, 9% free 10710K/11719K, paused 2ms+2ms
07-05 14:53:50.805   545   548 D dalvikvm: GC_CONCURRENT freed 461K, 9% free 10718K/11719K, paused 2ms+2ms
07-05 14:53:51.130   545   548 D dalvikvm: GC_CONCURRENT freed 720K, 11% free 10442K/11719K, paused 2ms+2ms
07-05 14:53:51.407   545   548 D dalvikvm: GC_CONCURRENT freed 408K, 12% free 10424K/11719K, paused 2ms+2ms
07-05 14:53:51.524   545 19040 I DownloadManager: Initiating request for download 6088
07-05 14:53:51.622   545   548 D dalvikvm: GC_CONCURRENT freed 219K, 10% free 10642K/11719K, paused 2ms+3ms
07-05 14:53:51.645   156   593 D AlarmManagerService: Kernel timezone updated to 240 minutes west of GMT
07-05 14:53:51.751   545   548 D dalvikvm: GC_CONCURRENT freed 302K, 8% free 10810K/11719K, paused 3ms+3ms
07-05 14:53:51.926  1370 19042 E DictionaryProvider:UpdateHandler: Can't read a file : android.util.MalformedJsonException: Use JsonReader.setLenient(true) to accept malformed JSON at line 1 column 20
07-05 14:53:52.059   545   548 D dalvikvm: GC_CONCURRENT freed 824K, 11% free 10461K/11719K, paused 2ms+3ms
07-05 14:53:52.337   545   548 D dalvikvm: GC_CONCURRENT freed 419K, 11% free 10433K/11719K, paused 2ms+3ms
07-05 14:53:52.528   545 19045 I DownloadManager: Initiating request for download 6088
07-05 14:53:52.591   545   548 D dalvikvm: GC_CONCURRENT freed 324K, 11% free 10542K/11719K, paused 2ms+3ms
07-05 14:53:52.708   545   548 D dalvikvm: GC_CONCURRENT freed 242K, 9% free 10737K/11719K, paused 2ms+3ms
07-05 14:53:52.880   545   548 D dalvikvm: GC_CONCURRENT freed 693K, 11% free 10494K/11719K, paused 2ms+3ms
07-05 14:53:53.137   545   548 D dalvikvm: GC_CONCURRENT freed 405K, 11% free 10479K/11719K, paused 2ms+3ms
07-05 14:53:53.407   545   548 D dalvikvm: GC_CONCURRENT freed 404K, 11% free 10465K/11719K, paused 2ms+3ms
07-05 14:53:53.579   545 19047 I DownloadManager: Initiating request for download 6089
07-05 14:53:53.712   545   548 D dalvikvm: GC_CONCURRENT freed 244K, 10% free 10645K/11719K, paused 2ms+3ms
07-05 14:53:53.837   545   548 D dalvikvm: GC_CONCURRENT freed 302K, 8% free 10809K/11719K, paused 2ms+2ms
07-05 14:53:54.028  1370 19050 E DictionaryProvider:UpdateHandler: Can't read a file : android.util.MalformedJsonException: Use JsonReader.setLenient(true) to accept malformed JSON at line 1 column 20
07-05 14:53:54.063  1370  1372 D dalvikvm: GC_CONCURRENT freed 393K, 7% free 9131K/9735K, paused 1ms+2ms
07-05 14:53:54.169   545   548 D dalvikvm: GC_CONCURRENT freed 824K, 11% free 10460K/11719K, paused 2ms+2ms
07-05 14:53:54.434   545   548 D dalvikvm: GC_CONCURRENT freed 413K, 11% free 10438K/11719K, paused 2ms+2ms
07-05 14:53:54.634   545 19053 I DownloadManager: Initiating request for download 6089
07-05 14:53:54.704   545   548 D dalvikvm: GC_CONCURRENT freed 354K, 11% free 10532K/11719K, paused 2ms+3ms
07-05 14:53:54.821   545   548 D dalvikvm: GC_CONCURRENT freed 235K, 9% free 10736K/11719K, paused 2ms+2ms
07-05 14:53:54.985   545   548 D dalvikvm: GC_CONCURRENT freed 691K, 11% free 10499K/11719K, paused 2ms+2ms
07-05 14:53:55.274   545   548 D dalvikvm: GC_CONCURRENT freed 440K, 11% free 10449K/11719K, paused 2ms+4ms
07-05 14:53:55.551   545   548 D dalvikvm: GC_CONCURRENT freed 408K, 11% free 10431K/11719K, paused 2ms+2ms
07-05 14:53:55.676   545 19056 I DownloadManager: Initiating request for download 6090
07-05 14:53:55.770   545   548 D dalvikvm: GC_CONCURRENT freed 224K, 10% free 10642K/11719K, paused 2ms+2ms
07-05 14:53:55.891   545   548 D dalvikvm: GC_CONCURRENT freed 303K, 8% free 10811K/11719K, paused 2ms+3ms
07-05 14:53:56.071  1370 19058 E DictionaryProvider:UpdateHandler: Can't read a file : android.util.MalformedJsonException: Use JsonReader.setLenient(true) to accept malformed JSON at line 1 column 20
07-05 14:53:56.200   545   548 D dalvikvm: GC_CONCURRENT freed 823K, 11% free 10464K/11719K, paused 2ms+2ms
07-05 14:53:56.466   545   548 D dalvikvm: GC_CONCURRENT freed 414K, 11% free 10439K/11719K, paused 2ms+2ms
07-05 14:53:56.665   545 19061 I DownloadManager: Initiating request for download 6090
07-05 14:53:56.735   545   548 D dalvikvm: GC_CONCURRENT freed 346K, 10% free 10610K/11719K, paused 2ms+3ms
07-05 14:53:56.860   545   548 D dalvikvm: GC_CONCURRENT freed 286K, 9% free 10771K/11719K, paused 2ms+2ms
07-05 14:53:57.094   545   548 D dalvikvm: GC_CONCURRENT freed 768K, 11% free 10465K/11719K, paused 2ms+2ms
07-05 14:53:57.364   545   548 D dalvikvm: GC_CONCURRENT freed 412K, 11% free 10444K/11719K, paused 2ms+2ms
07-05 14:53:57.634   545   548 D dalvikvm: GC_CONCURRENT freed 404K, 12% free 10430K/11719K, paused 2ms+2ms
07-05 14:53:57.708   545 19064 I DownloadManager: Initiating request for download 6091
07-05 14:53:57.829   545   548 D dalvikvm: GC_CONCURRENT freed 186K, 9% free 10734K/11719K, paused 2ms+3ms
07-05 14:53:57.962   545   548 D dalvikvm: GC_CONCURRENT freed 479K, 9% free 10727K/11719K, paused 2ms+2ms
07-05 14:53:58.102  1370 19066 E DictionaryProvider:UpdateHandler: Can't read a file : android.util.MalformedJsonException: Use JsonReader.setLenient(true) to accept malformed JSON at line 1 column 20
07-05 14:53:58.290   545   548 D dalvikvm: GC_CONCURRENT freed 713K, 11% free 10461K/11719K, paused 1ms+3ms
07-05 14:53:58.555   545   548 D dalvikvm: GC_CONCURRENT freed 415K, 11% free 10437K/11719K, paused 2ms+2ms
07-05 14:53:58.755   156   559 D dalvikvm: GC_EXPLICIT freed 509K, 12% free 14099K/16007K, paused 2ms+5ms
07-05 14:53:58.762   545 19069 I DownloadManager: Initiating request for download 6091
07-05 14:53:58.864   545   548 D dalvikvm: GC_CONCURRENT freed 253K, 10% free 10618K/11719K, paused 2ms+3ms
07-05 14:53:58.981   545   548 D dalvikvm: GC_CONCURRENT freed 323K, 9% free 10757K/11719K, paused 2ms+3ms
07-05 14:53:59.184   545   548 D dalvikvm: GC_CONCURRENT freed 726K, 11% free 10484K/11719K, paused 2ms+2ms
07-05 14:53:59.450   545   548 D dalvikvm: GC_CONCURRENT freed 404K, 11% free 10471K/11719K, paused 2ms+2ms
07-05 14:53:59.719   545   548 D dalvikvm: GC_CONCURRENT freed 397K, 11% free 10459K/11719K, paused 1ms+3ms
07-05 14:54:00.450   545 19071 I DownloadManager: Initiating request for download 6092
07-05 14:54:00.551   545   548 D dalvikvm: GC_CONCURRENT freed 228K, 9% free 10710K/11719K, paused 2ms+4ms
07-05 14:54:00.712   545   548 D dalvikvm: GC_CONCURRENT freed 458K, 9% free 10725K/11719K, paused 2ms+2ms
07-05 14:54:00.868  1370 19074 E DictionaryProvider:UpdateHandler: Can't read a file : android.util.MalformedJsonException: Use JsonReader.setLenient(true) to accept malformed JSON at line 1 column 20
07-05 14:54:01.059   545   548 D dalvikvm: GC_CONCURRENT freed 718K, 11% free 10448K/11719K, paused 2ms+2ms
07-05 14:54:01.329   545   548 D dalvikvm: GC_CONCURRENT freed 414K, 12% free 10425K/11719K, paused 1ms+2ms
07-05 14:54:01.458   545 19077 I DownloadManager: Initiating request for download 6092
07-05 14:54:01.544   545   548 D dalvikvm: GC_CONCURRENT freed 256K, 10% free 10610K/11719K, paused 2ms+3ms
07-05 14:54:01.665   545   548 D dalvikvm: GC_CONCURRENT freed 294K, 9% free 10780K/11719K, paused 2ms+3ms
07-05 14:54:01.919   545 19077 D dalvikvm: GC_EXPLICIT freed 791K, 11% free 10483K/11719K, paused 1ms+3ms
07-05 14:54:02.329   545   548 D dalvikvm: GC_CONCURRENT freed 440K, 11% free 10434K/11719K, paused 2ms+2ms
07-05 14:54:02.391   993  1240 I PhoneLab-: Service Running
07-05 14:54:02.434   993  1240 I PhoneLab-LoggerService: app_49    1247  993   1956   1584  c00f181c 400107b4 S logcat
07-05 14:54:02.434   993  1240 I PhoneLab-LoggerService: Logcat pid from database 1247
07-05 14:54:02.434   993  1240 I PhoneLab-LoggerService: Logcat process found 1247
07-05 14:54:02.434   993  1240 I PhoneLab-LoggerService: Checking Threshold
07-05 14:54:02.438   993  1240 I PhoneLab-LoggerService: Starting to rename files
07-05 14:54:02.438   993  1240 I PhoneLab-LoggerService: Files found .. 56
07-05 14:54:02.446   993  1240 I PhoneLab-LoggerService: File 1 log.out.1
07-05 14:54:02.454   993   995 D dalvikvm: GC_CONCURRENT freed 962K, 19% free 9156K/11207K, paused 1ms+3ms
07-05 14:54:02.458   993  1240 I PhoneLab-LoggerService: Renamed successfully
07-05 14:54:02.610   993   993 I PhoneLab-Locks: wake lock acquired
07-05 14:54:02.618   993 19090 W PhoneLab-PeriodicCheckService: User info is not synched yet
07-05 14:54:02.626   993 19090 I PhoneLab-PeriodicCheckService: Logger Service is running
07-05 14:54:02.637   993   993 I PhoneLab-Locks: wake lock acquired
07-05 14:54:02.637   993   993 I PhoneLab-StatusMonitor: Status Monitoring is started
07-05 14:54:02.641   993   993 E PhoneLab-PhoneLabManifest: java.io.FileNotFoundException: /data/data/edu.buffalo.cse.phonelab.phonelabservices/files/manifest.xml: open failed: ENOENT (No such file or directory)
07-05 14:54:02.641   993   993 I PhoneLab-Locks: wake lock released
07-05 14:54:02.645   993 19090 I PhoneLab-Locks: wake lock acquired
07-05 14:54:02.653   993   993 I PhoneLab-UploadLogs: Transfering log files now
07-05 14:54:02.653   993 19090 I PhoneLab-PeriodicCheckService: Rescheduling periodic checking...
07-05 14:54:02.657   993 19090 I PhoneLab-Locks: wake lock released
07-05 14:54:02.708   993   995 D dalvikvm: GC_CONCURRENT freed 413K, 18% free 9255K/11207K, paused 1ms+2ms
07-05 14:54:02.723   993   993 D dalvikvm: GC_FOR_ALLOC freed 212K, 16% free 9434K/11207K, paused 12ms
07-05 14:54:02.739   993   993 I PhoneLab-UploadLogs: OnStartCommand
07-05 14:54:02.747   682 19091 E C2DMRegistrar: [C2DMReg] handleRequest caught javax.net.ssl.SSLException: Connection closed by peer
07-05 14:54:02.751   993   993 I PhoneLab-RegistrationReceiver: C2DM Registration Receiver is fired
07-05 14:54:02.762   993   995 D dalvikvm: GC_CONCURRENT freed 298K, 14% free 9648K/11207K, paused 2ms+2ms
07-05 14:54:02.798   993 19096 D dalvikvm: GC_FOR_ALLOC freed 450K, 14% free 9675K/11207K, paused 14ms
07-05 14:54:02.801   993   993 I PhoneLab-RegistrationReceiver: Shared Preferences Settings updated successfully
07-05 14:54:02.805   545 19095 I DownloadManager: Initiating request for download 6093
07-05 14:54:02.825   993 19096 D dalvikvm: GC_FOR_ALLOC freed 355K, 14% free 9658K/11207K, paused 16ms
07-05 14:54:02.841   993 19096 D dalvikvm: GC_FOR_ALLOC freed 301K, 14% free 9659K/11207K, paused 15ms
07-05 14:54:02.899   545   548 D dalvikvm: GC_CONCURRENT freed 370K, 11% free 10486K/11719K, paused 2ms+3ms
07-05 14:54:03.024   545   548 D dalvikvm: GC_CONCURRENT freed 203K, 9% free 10711K/11719K, paused 2ms+3ms
07-05 14:54:03.165   545   548 D dalvikvm: GC_CONCURRENT freed 448K, 9% free 10721K/11719K, paused 2ms+3ms
07-05 14:54:03.309  1370 19099 E DictionaryProvider:UpdateHandler: Can't read a file : android.util.MalformedJsonException: Use JsonReader.setLenient(true) to accept malformed JSON at line 1 column 20
07-05 14:54:03.348  1370  1372 D dalvikvm: GC_CONCURRENT freed 390K, 7% free 9134K/9735K, paused 2ms+2ms
07-05 14:54:03.536   545   548 D dalvikvm: GC_CONCURRENT freed 713K, 11% free 10453K/11719K, paused 2ms+3ms
07-05 14:54:03.805   545   548 D dalvikvm: GC_CONCURRENT freed 415K, 12% free 10428K/11719K, paused 1ms+2ms
07-05 14:54:03.930   545 19102 I DownloadManager: Initiating request for download 6093
07-05 14:54:04.009   545   548 D dalvikvm: GC_CONCURRENT freed 245K, 10% free 10621K/11719K, paused 2ms+3ms
07-05 14:54:04.134   545   548 D dalvikvm: GC_CONCURRENT freed 294K, 8% free 10787K/11719K, paused 2ms+3ms
07-05 14:54:04.348   993 19096 W System.err: org.apache.http.client.ClientProtocolException
07-05 14:54:04.348   993 19096 W System.err: 	at org.apache.http.impl.client.AbstractHttpClient.execute(AbstractHttpClient.java:557)
07-05 14:54:04.348   993 19096 W System.err: 	at org.apache.http.impl.client.AbstractHttpClient.execute(AbstractHttpClient.java:487)
07-05 14:54:04.348   993 19096 W System.err: 	at com.loopj.android.http.AsyncHttpRequest.makeRequest(Unknown Source)
07-05 14:54:04.348   993 19096 W System.err: 	at com.loopj.android.http.AsyncHttpRequest.makeRequestWithRetries(Unknown Source)
07-05 14:54:04.348   993 19096 W System.err: 	at com.loopj.android.http.AsyncHttpRequest.run(Unknown Source)
07-05 14:54:04.348   993 19096 W System.err: 	at java.util.concurrent.Executors$RunnableAdapter.call(Executors.java:442)
07-05 14:54:04.348   993 19096 W System.err: 	at java.util.concurrent.FutureTask$Sync.innerRun(FutureTask.java:305)
07-05 14:54:04.352   993 19096 W System.err: 	at java.util.concurrent.FutureTask.run(FutureTask.java:137)
07-05 14:54:04.352   993 19096 W System.err: 	at java.util.concurrent.ThreadPoolExecutor.runWorker(ThreadPoolExecutor.java:1076)
07-05 14:54:04.352   993 19096 W System.err: 	at java.util.concurrent.ThreadPoolExecutor$Worker.run(ThreadPoolExecutor.java:569)
07-05 14:54:04.352   993 19096 W System.err: 	at java.lang.Thread.run(Thread.java:856)
07-05 14:54:04.352   993 19096 W System.err: Caused by: org.apache.http.client.NonRepeatableRequestException: Cannot retry request with a non-repeatable request entity
07-05 14:54:04.352   993 19096 W System.err: 	at org.apache.http.impl.client.DefaultRequestDirector.execute(DefaultRequestDirector.java:420)
07-05 14:54:04.352   993 19096 W System.err: 	at org.apache.http.impl.client.AbstractHttpClient.execute(AbstractHttpClient.java:555)
07-05 14:54:04.352   993 19096 W System.err: 	... 10 more
07-05 14:54:04.352   993   993 E PhoneLab-: Transfering 1341502082478.log failed
07-05 14:54:04.352   993   993 I PhoneLab-Locks: wake lock released
07-05 14:54:04.387   545   548 D dalvikvm: GC_CONCURRENT freed 797K, 11% free 10455K/11719K, paused 1ms+2ms
07-05 14:54:04.653   545   548 D dalvikvm: GC_CONCURRENT freed 406K, 11% free 10435K/11719K, paused 2ms+2ms
07-05 14:54:04.903   545 19105 I DownloadManager: Initiating request for download 6094
07-05 14:54:04.962   545   548 D dalvikvm: GC_CONCURRENT freed 385K, 11% free 10483K/11719K, paused 2ms+3ms
07-05 14:54:05.087   545   548 D dalvikvm: GC_CONCURRENT freed 191K, 9% free 10706K/11719K, paused 2ms+3ms
07-05 14:54:05.223   545   548 D dalvikvm: GC_CONCURRENT freed 443K, 9% free 10725K/11719K, paused 2ms+3ms
07-05 14:54:05.364  1370 19107 E DictionaryProvider:UpdateHandler: Can't read a file : android.util.MalformedJsonException: Use JsonReader.setLenient(true) to accept malformed JSON at line 1 column 20
07-05 14:54:05.563   545   548 D dalvikvm: GC_CONCURRENT freed 716K, 11% free 10456K/11719K, paused 2ms+3ms
07-05 14:54:05.833   545   548 D dalvikvm: GC_CONCURRENT freed 416K, 12% free 10430K/11719K, paused 2ms+2ms
07-05 14:54:05.958   545 19110 I DownloadManager: Initiating request for download 6094
07-05 14:54:06.040   545   548 D dalvikvm: GC_CONCURRENT freed 251K, 10% free 10617K/11719K, paused 2ms+2ms
07-05 14:54:06.165   545   548 D dalvikvm: GC_CONCURRENT freed 296K, 8% free 10788K/11719K, paused 2ms+3ms
07-05 14:54:06.411   545   548 D dalvikvm: GC_CONCURRENT freed 797K, 11% free 10458K/11719K, paused 2ms+2ms
07-05 14:54:06.684   545   548 D dalvikvm: GC_CONCURRENT freed 403K, 11% free 10441K/11719K, paused 2ms+2ms
07-05 14:54:06.962   545 19113 I DownloadManager: Initiating request for download 6095
07-05 14:54:06.989   545   548 D dalvikvm: GC_CONCURRENT freed 396K, 11% free 10436K/11719K, paused 2ms+3ms
07-05 14:54:07.118   545   548 D dalvikvm: GC_CONCURRENT freed 170K, 9% free 10694K/11719K, paused 1ms+3ms
07-05 14:54:07.247   545   548 D dalvikvm: GC_CONCURRENT freed 423K, 9% free 10729K/11719K, paused 2ms+2ms
07-05 14:54:07.395  1370 19115 E DictionaryProvider:UpdateHandler: Can't read a file : android.util.MalformedJsonException: Use JsonReader.setLenient(true) to accept malformed JSON at line 1 column 20
07-05 14:54:07.571   545   548 D dalvikvm: GC_CONCURRENT freed 718K, 11% free 10459K/11719K, paused 1ms+2ms
07-05 14:54:07.848   545   548 D dalvikvm: GC_CONCURRENT freed 413K, 11% free 10436K/11719K, paused 2ms+2ms
07-05 14:54:07.997   545 19118 I DownloadManager: Initiating request for download 6095
07-05 14:54:08.083   545   548 D dalvikvm: GC_CONCURRENT freed 277K, 10% free 10609K/11719K, paused 2ms+3ms
07-05 14:54:08.204   545   548 D dalvikvm: GC_CONCURRENT freed 294K, 9% free 10779K/11719K, paused 2ms+2ms
07-05 14:54:08.415   545   548 D dalvikvm: GC_CONCURRENT freed 781K, 11% free 10464K/11719K, paused 1ms+2ms
07-05 14:54:08.700   545   548 D dalvikvm: GC_CONCURRENT freed 401K, 11% free 10450K/11719K, paused 1ms+2ms
07-05 14:54:08.985   545   548 D dalvikvm: GC_CONCURRENT freed 405K, 11% free 10432K/11719K, paused 2ms+2ms
07-05 14:54:09.063   545 19121 I DownloadManager: Initiating request for download 6096
07-05 14:54:09.188   545   548 D dalvikvm: GC_CONCURRENT freed 184K, 9% free 10686K/11719K, paused 2ms+2ms
07-05 14:54:09.305   545   548 D dalvikvm: GC_CONCURRENT freed 311K, 8% free 10829K/11719K, paused 2ms+3ms
07-05 14:54:09.509  1370 19123 E DictionaryProvider:UpdateHandler: Can't read a file : android.util.MalformedJsonException: Use JsonReader.setLenient(true) to accept malformed JSON at line 1 column 20
07-05 14:54:09.649   545   548 D dalvikvm: GC_CONCURRENT freed 847K, 11% free 10470K/11719K, paused 2ms+3ms
07-05 14:54:09.919   545   548 D dalvikvm: GC_CONCURRENT freed 421K, 11% free 10439K/11719K, paused 2ms+3ms
07-05 14:54:10.083   545 19126 I DownloadManager: Initiating request for download 6096
07-05 14:54:10.169   545   548 D dalvikvm: GC_CONCURRENT freed 276K, 10% free 10614K/11719K, paused 2ms+3ms
07-05 14:54:10.290   545   548 D dalvikvm: GC_CONCURRENT freed 297K, 9% free 10780K/11719K, paused 1ms+3ms
07-05 14:54:10.512   545   548 D dalvikvm: GC_CONCURRENT freed 779K, 11% free 10467K/11719K, paused 2ms+3ms
07-05 14:54:10.786   545   548 D dalvikvm: GC_CONCURRENT freed 406K, 11% free 10449K/11719K, paused 2ms+2ms
07-05 14:54:11.055   545   548 D dalvikvm: GC_CONCURRENT freed 402K, 11% free 10433K/11719K, paused 2ms+3ms
07-05 14:54:11.114   545 19129 I DownloadManager: Initiating request for download 6097
07-05 14:54:11.227   545   548 D dalvikvm: GC_CONCURRENT freed 180K, 9% free 10689K/11719K, paused 2ms+2ms
07-05 14:54:11.352   545   548 D dalvikvm: GC_CONCURRENT freed 408K, 9% free 10736K/11719K, paused 2ms+2ms
07-05 14:54:11.516  1370 19131 E DictionaryProvider:UpdateHandler: Can't read a file : android.util.MalformedJsonException: Use JsonReader.setLenient(true) to accept malformed JSON at line 1 column 20
07-05 14:54:11.555  1370  1372 D dalvikvm: GC_CONCURRENT freed 391K, 7% free 9134K/9735K, paused 1ms+2ms
07-05 14:54:11.688   545   548 D dalvikvm: GC_CONCURRENT freed 719K, 11% free 10466K/11719K, paused 2ms+2ms
07-05 14:54:11.958   545   548 D dalvikvm: GC_CONCURRENT freed 413K, 11% free 10444K/11719K, paused 2ms+2ms
07-05 14:54:12.134   545 19134 I DownloadManager: Initiating request for download 6097
07-05 14:54:12.216   545   548 D dalvikvm: GC_CONCURRENT freed 310K, 10% free 10592K/11719K, paused 2ms+3ms
07-05 14:54:12.333   545   548 D dalvikvm: GC_CONCURRENT freed 277K, 9% free 10767K/11719K, paused 2ms+3ms
07-05 14:54:12.516   545   548 D dalvikvm: GC_CONCURRENT freed 726K, 11% free 10505K/11719K, paused 1ms+2ms
07-05 14:54:12.809   545   548 D dalvikvm: GC_CONCURRENT freed 440K, 11% free 10461K/11719K, paused 2ms+4ms
07-05 14:54:13.102   545   548 D dalvikvm: GC_CONCURRENT freed 409K, 11% free 10438K/11719K, paused 2ms+3ms
07-05 14:54:13.208   545 19137 I DownloadManager: Initiating request for download 6098
07-05 14:54:13.309   545   548 D dalvikvm: GC_CONCURRENT freed 200K, 9% free 10673K/11719K, paused 2ms+3ms
07-05 14:54:13.434   545   548 D dalvikvm: GC_CONCURRENT freed 307K, 8% free 10836K/11719K, paused 2ms+3ms
07-05 14:54:13.606  1370 19139 E DictionaryProvider:UpdateHandler: Can't read a file : android.util.MalformedJsonException: Use JsonReader.setLenient(true) to accept malformed JSON at line 1 column 20
07-05 14:54:13.766   545   548 D dalvikvm: GC_CONCURRENT freed 849K, 11% free 10470K/11719K, paused 2ms+2ms
07-05 14:54:14.032   545   548 D dalvikvm: GC_CONCURRENT freed 416K, 11% free 10445K/11719K, paused 1ms+2ms
07-05 14:54:14.204   545 19142 I DownloadManager: Initiating request for download 6098
07-05 14:54:14.274   545   548 D dalvikvm: GC_CONCURRENT freed 330K, 10% free 10627K/11719K, paused 1ms+4ms
07-05 14:54:14.399   545   548 D dalvikvm: GC_CONCURRENT freed 291K, 8% free 10797K/11719K, paused 2ms+3ms
07-05 14:54:14.618   545   548 D dalvikvm: GC_CONCURRENT freed 764K, 11% free 10503K/11719K, paused 2ms+4ms
07-05 14:54:14.903   545   548 D dalvikvm: GC_CONCURRENT freed 433K, 11% free 10459K/11719K, paused 1ms+2ms
07-05 14:54:15.180   545   548 D dalvikvm: GC_CONCURRENT freed 410K, 11% free 10438K/11719K, paused 1ms+3ms
07-05 14:54:15.231   545 19145 I DownloadManager: Initiating request for download 6099
07-05 14:54:15.512   545   548 D dalvikvm: GC_CONCURRENT freed 350K, 11% free 10479K/11719K, paused 2ms+2ms
07-05 14:54:15.774   545   548 D dalvikvm: GC_CONCURRENT freed 410K, 11% free 10460K/11719K, paused 2ms+3ms
07-05 14:54:16.020   545   548 D dalvikvm: GC_CONCURRENT freed 344K, 10% free 10567K/11719K, paused 1ms+3ms
07-05 14:54:16.106   545   548 D dalvikvm: GC_CONCURRENT freed 278K, 9% free 10729K/11719K, paused 2ms+3ms
07-05 14:54:16.216   156   593 D dalvikvm: GC_EXPLICIT freed 534K, 12% free 14108K/16007K, paused 3ms+6ms
07-05 14:54:16.391  1370 19148 E DictionaryProvider:UpdateHandler: Can't read a file : android.util.MalformedJsonException: Use JsonReader.setLenient(true) to accept malformed JSON at line 1 column 20
07-05 14:54:16.493   545   548 D dalvikvm: GC_CONCURRENT freed 689K, 11% free 10492K/11719K, paused 2ms+2ms
07-05 14:54:16.762   545   548 D dalvikvm: GC_CONCURRENT freed 440K, 11% free 10443K/11719K, paused 2ms+2ms
07-05 14:54:17.036   545   548 D dalvikvm: GC_CONCURRENT freed 401K, 11% free 10431K/11719K, paused 2ms+3ms
07-05 14:54:17.141   545 19151 I DownloadManager: Initiating request for download 6099
07-05 14:54:17.141   545 19151 W DownloadManager: Aborting request for download 6099: Trying to resume a download that can't be resumed
07-05 14:54:17.380   545   548 D dalvikvm: GC_CONCURRENT freed 360K, 11% free 10462K/11719K, paused 2ms+3ms
07-05 14:54:17.653   545   548 D dalvikvm: GC_CONCURRENT freed 411K, 11% free 10441K/11719K, paused 2ms+2ms
07-05 14:54:17.923   545   548 D dalvikvm: GC_CONCURRENT freed 404K, 12% free 10427K/11719K, paused 2ms+2ms
07-05 14:54:18.012   545 19154 I DownloadManager: Initiating request for download 6100
07-05 14:54:18.130   545   548 D dalvikvm: GC_CONCURRENT freed 188K, 9% free 10731K/11719K, paused 2ms+2ms
07-05 14:54:18.274   545   548 D dalvikvm: GC_CONCURRENT freed 473K, 9% free 10728K/11719K, paused 2ms+2ms
07-05 14:54:18.329   156   206 I power   : *** set_screen_state 1
07-05 14:54:18.384   156   206 I WindowManager: Lock screen displayed!
07-05 14:54:18.485  1370 19157 E DictionaryProvider:UpdateHandler: Can't read a file : android.util.MalformedJsonException: Use JsonReader.setLenient(true) to accept malformed JSON at line 1 column 20
07-05 14:54:18.524    80   124 D SurfaceFlinger: Screen about to return, flinger = 0x1f78918
07-05 14:54:18.766   545   548 D dalvikvm: GC_CONCURRENT freed 715K, 11% free 10458K/11719K, paused 2ms+3ms
07-05 14:54:19.266   545   548 D dalvikvm: GC_CONCURRENT freed 408K, 11% free 10437K/11719K, paused 2ms+2ms
07-05 14:54:19.567   545 19161 I DownloadManager: Initiating request for download 6100
07-05 14:54:19.716   545   548 D dalvikvm: GC_CONCURRENT freed 266K, 10% free 10600K/11719K, paused 9ms+3ms
07-05 14:54:19.946   545   548 D dalvikvm: GC_CONCURRENT freed 267K, 8% free 10790K/11719K, paused 2ms+3ms
07-05 14:54:20.216   545   548 D dalvikvm: GC_CONCURRENT freed 793K, 11% free 10465K/11719K, paused 2ms+2ms
07-05 14:54:20.516   545   548 D dalvikvm: GC_CONCURRENT freed 402K, 11% free 10452K/11719K, paused 2ms+3ms
07-05 14:54:20.809   545   548 D dalvikvm: GC_CONCURRENT freed 407K, 11% free 10432K/11719K, paused 2ms+3ms
07-05 14:54:20.887   545 19164 I DownloadManager: Initiating request for download 6101
07-05 14:54:20.993   545   548 D dalvikvm: GC_CONCURRENT freed 183K, 9% free 10683K/11719K, paused 2ms+3ms
07-05 14:54:21.126   545   548 D dalvikvm: GC_CONCURRENT freed 297K, 8% free 10833K/11719K, paused 2ms+3ms
07-05 14:54:21.301  1370 19166 E DictionaryProvider:UpdateHandler: Can't read a file : android.util.MalformedJsonException: Use JsonReader.setLenient(true) to accept malformed JSON at line 1 column 20
07-05 14:54:21.344  1370  1372 D dalvikvm: GC_CONCURRENT freed 393K, 7% free 9132K/9735K, paused 1ms+2ms
07-05 14:54:21.497   545   548 D dalvikvm: GC_CONCURRENT freed 848K, 11% free 10467K/11719K, paused 3ms+3ms
07-05 14:54:21.626   156   514 D AlarmManagerService: Kernel timezone updated to 240 minutes west of GMT
07-05 14:54:21.790   545   548 D dalvikvm: GC_CONCURRENT freed 413K, 11% free 10442K/11719K, paused 2ms+2ms
07-05 14:54:21.977   545 19169 I DownloadManager: Initiating request for download 6101
07-05 14:54:22.051   545   548 D dalvikvm: GC_CONCURRENT freed 326K, 11% free 10507K/11719K, paused 2ms+2ms
07-05 14:54:22.176   545   548 D dalvikvm: GC_CONCURRENT freed 209K, 9% free 10729K/11719K, paused 2ms+3ms
07-05 14:54:22.321   545   548 D dalvikvm: GC_CONCURRENT freed 453K, 9% free 10736K/11719K, paused 2ms+3ms
07-05 14:54:22.657   545   548 D dalvikvm: GC_CONCURRENT freed 726K, 11% free 10456K/11719K, paused 2ms+2ms
07-05 14:54:22.942   545   548 D dalvikvm: GC_CONCURRENT freed 404K, 11% free 10439K/11719K, paused 2ms+3ms
07-05 14:54:23.094   545 19172 I DownloadManager: Initiating request for download 6102
07-05 14:54:23.196   545   548 D dalvikvm: GC_CONCURRENT freed 231K, 10% free 10645K/11719K, paused 2ms+3ms
07-05 14:54:23.329   545   548 D dalvikvm: GC_CONCURRENT freed 293K, 8% free 10813K/11719K, paused 2ms+3ms
07-05 14:54:23.559  1370 19174 D dalvikvm: GC_EXPLICIT freed 106K, 7% free 9095K/9735K, paused 2ms+2ms
07-05 14:54:23.575  1370 19174 E DictionaryProvider:UpdateHandler: Can't read a file : android.util.MalformedJsonException: Use JsonReader.setLenient(true) to accept malformed JSON at line 1 column 20
07-05 14:54:23.688   545   548 D dalvikvm: GC_CONCURRENT freed 811K, 11% free 10473K/11719K, paused 3ms+2ms
07-05 14:54:23.958   545   548 D dalvikvm: GC_CONCURRENT freed 410K, 11% free 10451K/11719K, paused 2ms+3ms
07-05 14:54:24.196   545 19177 I DownloadManager: Initiating request for download 6102
07-05 14:54:24.251   545   548 D dalvikvm: GC_CONCURRENT freed 392K, 11% free 10445K/11719K, paused 2ms+2ms
07-05 14:54:24.376   545   548 D dalvikvm: GC_CONCURRENT freed 162K, 9% free 10723K/11719K, paused 3ms+3ms
07-05 14:54:24.516   545   548 D dalvikvm: GC_CONCURRENT freed 437K, 9% free 10739K/11719K, paused 2ms+2ms
07-05 14:54:24.841   545   548 D dalvikvm: GC_CONCURRENT freed 728K, 11% free 10458K/11719K, paused 2ms+3ms
07-05 14:54:25.126   545   548 D dalvikvm: GC_CONCURRENT freed 402K, 11% free 10442K/11719K, paused 3ms+2ms
07-05 14:54:25.309   545 19180 I DownloadManager: Initiating request for download 6103
07-05 14:54:25.399   545   548 D dalvikvm: GC_CONCURRENT freed 265K, 10% free 10613K/11719K, paused 2ms+4ms
07-05 14:54:25.540   545   548 D dalvikvm: GC_CONCURRENT freed 277K, 9% free 10776K/11719K, paused 3ms+3ms
07-05 14:54:25.755   545   548 D dalvikvm: GC_CONCURRENT freed 731K, 11% free 10506K/11719K, paused 2ms+3ms
07-05 14:54:26.036   545   548 D dalvikvm: GC_CONCURRENT freed 401K, 11% free 10492K/11719K, paused 2ms+3ms
07-05 14:54:26.321   545   548 D dalvikvm: GC_CONCURRENT freed 400K, 11% free 10479K/11719K, paused 2ms+2ms
07-05 14:54:28.176  1370 19187 E DictionaryProvider:UpdateHandler: Can't read a file : android.util.MalformedJsonException: Use JsonReader.setLenient(true) to accept malformed JSON at line 1 column 20
07-05 14:54:28.239   465   467 D dalvikvm: GC_CONCURRENT freed 383K, 6% free 10493K/11143K, paused 1ms+3ms
07-05 14:54:28.395 19185 19185 D AndroidRuntime: 
07-05 14:54:28.395 19185 19185 D AndroidRuntime: >>>>>> AndroidRuntime START com.android.internal.os.RuntimeInit <<<<<<
07-05 14:54:28.395 19185 19185 D AndroidRuntime: CheckJNI is OFF
07-05 14:54:28.790   545   548 D dalvikvm: GC_CONCURRENT freed 386K, 11% free 10480K/11719K, paused 11ms+4ms
07-05 14:54:28.805   156   202 I power   : *** set_screen_state 0
07-05 14:54:28.852    80   124 D SurfaceFlinger: About to give-up screen, flinger = 0x1f78918
07-05 14:54:28.977 19185 19185 D AndroidRuntime: Calling main entry com.android.commands.pm.Pm
07-05 14:54:28.989   156   206 D dalvikvm: GC_FOR_ALLOC freed 436K, 10% free 14454K/16007K, paused 63ms
07-05 14:54:28.989   156   206 I dalvikvm-heap: Grow heap (frag case) to 14.290MB for 104992-byte allocation
07-05 14:54:29.063   156   514 D dalvikvm: GC_FOR_ALLOC freed 26K, 10% free 14530K/16135K, paused 62ms
07-05 14:54:29.122   156   206 D dalvikvm: GC_FOR_ALLOC freed <1K, 10% free 14531K/16135K, paused 46ms
07-05 14:54:29.122   156   206 I dalvikvm-heap: Grow heap (frag case) to 14.364MB for 104992-byte allocation
07-05 14:54:29.180   156   514 D dalvikvm: GC_FOR_ALLOC freed <1K, 11% free 14633K/16263K, paused 46ms
07-05 14:54:29.239   156   206 D dalvikvm: GC_FOR_ALLOC freed <1K, 11% free 14635K/16263K, paused 45ms
07-05 14:54:29.239   156   206 I dalvikvm-heap: Grow heap (frag case) to 14.466MB for 104992-byte allocation
07-05 14:54:29.294   156   514 D dalvikvm: GC_FOR_ALLOC freed 1K, 11% free 14736K/16391K, paused 46ms
07-05 14:54:29.301   156   206 V TransportControlView: Create TCV com.android.internal.widget.TransportControlView@41794d78
07-05 14:54:29.360   156   176 I ActivityManager: Start proc com.android.defcontainer for service com.android.defcontainer/.DefaultContainerService: pid=19201 uid=10044 gids={1015, 2001}
07-05 14:54:29.403    81    81 D dalvikvm: GC_EXPLICIT freed 33K, 4% free 9031K/9347K, paused 2ms+2ms
07-05 14:54:29.438    81    81 D dalvikvm: GC_EXPLICIT freed <1K, 4% free 9031K/9347K, paused 3ms+3ms
07-05 14:54:29.466    81    81 D dalvikvm: GC_EXPLICIT freed <1K, 4% free 9031K/9347K, paused 2ms+2ms
07-05 14:54:29.481   156   176 W ActivityManager: No content provider found for permission revoke: file:///data/local/tmp/WifiLogger.apk
07-05 14:54:29.485   156   176 W ActivityManager: No content provider found for permission revoke: file:///data/local/tmp/WifiLogger.apk
07-05 14:54:29.637   156   176 I PackageManager: Running dexopt on: com.phonelab.wifilogger
07-05 14:54:29.989 19215 19215 D dalvikvm: DexOpt: load 43ms, verify+opt 214ms
07-05 14:54:30.040   156   173 I ActivityManager: Force stopping package com.phonelab.wifilogger uid=10098
07-05 14:54:30.126   156   173 D dalvikvm: GC_FOR_ALLOC freed 925K, 13% free 14294K/16391K, paused 48ms
07-05 14:54:30.219   545   548 D dalvikvm: GC_CONCURRENT freed 420K, 11% free 10450K/11719K, paused 1ms+3ms
07-05 14:54:30.337   156   176 D PackageManager: New package installed in /data/app/com.phonelab.wifilogger-1.apk
07-05 14:54:30.380   649   651 D dalvikvm: GC_CONCURRENT freed 588K, 31% free 10799K/15559K, paused 10ms+6ms
07-05 14:54:30.544   495   495 I RegisteredComponentCache: ComponentInfo: ResolveInfo{41353050 com.android.apps.tag.TagViewer p=0 o=0 m=0x108000}, techs: android.nfc.tech.Ndef, 
07-05 14:54:30.661  8370  8384 W AccountTypeManager: No authenticator found for type=com.google, ignoring it.
07-05 14:54:30.680   649   649 I Launcher: setLoadOnResume
07-05 14:54:30.680  8370  8384 I AccountTypeManager: Loaded meta-data for 1 account types, 0 accounts in 34ms(wall) 2ms(cpu)
07-05 14:54:30.692   156   172 D PackageManager: generateServicesMap(android.accounts.AccountAuthenticator): 2 services unchanged
07-05 14:54:30.712   545 19216 I DownloadManager: Initiating request for download 6103
07-05 14:54:30.766   156   176 D dalvikvm: GC_EXPLICIT freed 750K, 14% free 14165K/16391K, paused 8ms+16ms
07-05 14:54:30.766 19185 19185 D AndroidRuntime: Shutting down VM
07-05 14:54:30.774 19185 19193 D dalvikvm: GC_CONCURRENT freed 101K, 83% free 457K/2560K, paused 1ms+0ms
07-05 14:54:30.774 19185 19195 D jdwp    : Got wake-up signal, bailing out of select
07-05 14:54:30.774 19185 19195 D dalvikvm: Debugger has detached; object registry had 1 entries
07-05 14:54:30.782 19185 19218 I AndroidRuntime: NOTE: attach of thread 'Binder Thread #3' failed
07-05 14:54:30.798   156   576 I ActivityManager: Start proc com.google.android.partnersetup for broadcast com.google.android.partnersetup/.RlzPingBroadcastReceiver: pid=19219 uid=10015 gids={3003}
07-05 14:54:30.821   156   172 D PackageManager: generateServicesMap(android.content.SyncAdapter): 9 services unchanged
07-05 14:54:30.829   156   172 W ResourceType: Failure getting entry for 0x7f060000 (t=5 e=0) in package 0 (error -75)
07-05 14:54:30.860   545 19216 W DownloadManager: Aborting request for download 6103: Trying to resume a download that can't be resumed
07-05 14:54:30.864   545   548 D dalvikvm: GC_CONCURRENT freed 402K, 11% free 10438K/11719K, paused 2ms+4ms
07-05 14:54:30.907   156   172 D BackupManagerService: Received broadcast Intent { act=android.intent.action.PACKAGE_ADDED dat=package:com.phonelab.wifilogger flg=0x10000010 (has extras) }
07-05 14:54:30.958 19219 19219 I ActivityThread: Pub com.google.android.partnersetup.rlzprovider: com.google.android.partnersetup.RlzProvider
07-05 14:54:30.962 19219 19219 I ActivityThread: Pub com.google.android.partnersetup.rlzappprovider: com.google.android.partnersetup.RlzAppProvider
07-05 14:54:31.032   156   512 I ActivityManager: Start proc com.android.musicfx for broadcast com.android.musicfx/.Compatibility$Receiver: pid=19233 uid=10046 gids={3003, 3002}
07-05 14:54:31.122   156   172 V BackupManagerService: addPackageParticipantsLocked: #1
07-05 14:54:31.161   156   594 I ActivityManager: Start proc com.svox.pico for broadcast com.svox.pico/.VoiceDataInstallerReceiver: pid=19252 uid=10017 gids={1015}
07-05 14:54:31.184 19252 19259 D dalvikvm: Debugger has detached; object registry had 1 entries
07-05 14:54:31.434 19251 19251 D AndroidRuntime: 
07-05 14:54:31.434 19251 19251 D AndroidRuntime: >>>>>> AndroidRuntime START com.android.internal.os.RuntimeInit <<<<<<
07-05 14:54:31.434 19251 19251 D AndroidRuntime: CheckJNI is OFF
07-05 14:54:31.540 19252 19252 I ActivityThread: Pub com.svox.pico.providers.SettingsProvider: com.svox.pico.providers.SettingsProvider
07-05 14:54:31.571   156   576 I ActivityManager: Start proc com.android.voicedialer for broadcast com.android.voicedialer/.VoiceDialerReceiver: pid=19267 uid=10005 gids={3002}
07-05 14:54:31.571   156   576 I ActivityManager: No longer want com.google.android.googlequicksearchbox (pid 1141): hidden #16
07-05 14:54:31.661   156   403 I ActivityManager: Start proc com.android.vending for broadcast com.android.vending/com.google.android.finsky.receivers.PackageMonitorReceiver$RegisteredReceiver: pid=19287 uid=10007 gids={3003, 1015}
07-05 14:54:31.661   156   403 I ActivityManager: No longer want com.android.quicksearchbox (pid 1158): hidden #16
07-05 14:54:31.805   649   649 I Launcher: setLoadOnResume
07-05 14:54:31.829   649   649 I Launcher: setLoadOnResume
07-05 14:54:31.860   649   649 I Launcher: setLoadOnResume
07-05 14:54:31.876   649   649 I Launcher: setLoadOnResume
07-05 14:54:31.876   649   649 I Launcher: setLoadOnResume
07-05 14:54:31.907 19251 19251 D AndroidRuntime: Calling main entry com.android.commands.am.Am
07-05 14:54:32.040   156   514 I ActivityManager: START {act=android.intent.action.MAIN cat=[android.intent.category.LAUNCHER] flg=0x10000000 cmp=com.phonelab.wifilogger/.MainActivity} from pid 19251
07-05 14:54:32.051 19251 19251 D AndroidRuntime: Shutting down VM
07-05 14:54:32.055 19251 19283 D dalvikvm: GC_CONCURRENT freed 98K, 82% free 481K/2560K, paused 0ms+1ms
07-05 14:54:32.067 19251 19304 I AndroidRuntime: NOTE: attach of thread 'Binder Thread #3' failed
07-05 14:54:32.067 19302 19302 D dalvikvm: Late-enabling CheckJNI
07-05 14:54:32.075   156   512 I ActivityManager: Start proc com.phonelab.wifilogger for activity com.phonelab.wifilogger/.MainActivity: pid=19302 uid=10098 gids={1015}
07-05 14:54:32.134   156   158 D dalvikvm: GC_CONCURRENT freed 1147K, 14% free 14228K/16391K, paused 2ms+7ms
07-05 14:54:32.176 19287 19287 I ActivityThread: Pub com.google.android.finsky.QSBSuggestionsProvider: com.google.android.finsky.providers.QSBSuggestionsProvider
07-05 14:54:32.196 19287 19287 I ActivityThread: Pub com.google.android.finsky.AppIconProvider: com.google.android.finsky.providers.AppIconProvider
07-05 14:54:32.196 19287 19287 I ActivityThread: Pub com.google.android.finsky.RecentSuggestionsProvider: com.google.android.finsky.providers.RecentSuggestionsProvider
07-05 14:54:32.301   649   649 D OpenGLRenderer: Flushing caches (mode 1)
07-05 14:54:32.313 19302 19302 D MyService: onCreate
07-05 14:54:32.403   682   685 D dalvikvm: GC_CONCURRENT freed 479K, 9% free 10158K/11079K, paused 1ms+4ms
07-05 14:54:32.610 19302 19302 D libEGL  : loaded /system/lib/egl/libGLES_android.so
07-05 14:54:32.676   156   172 I Process : Sending signal. PID: 19302 SIG: 3
07-05 14:54:32.676 19302 19308 I dalvikvm: threadid=3: reacting to signal 3
07-05 14:54:32.692 19302 19302 D libEGL  : loaded /vendor/lib/egl/libEGL_POWERVR_SGX540_120.so
07-05 14:54:32.716 19302 19308 I dalvikvm: Wrote stack traces to '/data/anr/traces.txt'
07-05 14:54:32.739 19302 19302 D libEGL  : loaded /vendor/lib/egl/libGLESv1_CM_POWERVR_SGX540_120.so
07-05 14:54:32.743 19302 19302 D libEGL  : loaded /vendor/lib/egl/libGLESv2_POWERVR_SGX540_120.so
07-05 14:54:32.762 19287 19289 D dalvikvm: GC_CONCURRENT freed 228K, 4% free 9283K/9607K, paused 1ms+2ms
07-05 14:54:32.801   649   649 D OpenGLRenderer: Flushing caches (mode 0)
07-05 14:54:33.059 19287 19287 D Finsky  : [1] DailyHygiene.goMakeHygieneIfDirty: No need to run daily hygiene.
07-05 14:54:33.141 19287 19289 D dalvikvm: GC_CONCURRENT freed 401K, 5% free 9455K/9927K, paused 15ms+11ms
07-05 14:54:33.176   156   172 I Process : Sending signal. PID: 19302 SIG: 3
07-05 14:54:33.176 19302 19308 I dalvikvm: threadid=3: reacting to signal 3
07-05 14:54:33.180 19302 19308 I dalvikvm: Wrote stack traces to '/data/anr/traces.txt'
07-05 14:54:33.251   156   167 I ActivityManager: Start proc com.google.android.googlequicksearchbox for broadcast com.google.android.googlequicksearchbox/.SourceUpdateReceiver: pid=19337 uid=10013 gids={3003}
07-05 14:54:33.255   156   167 I ActivityManager: No longer want com.android.contacts (pid 8370): hidden #16
07-05 14:54:33.399 19337 19337 I ActivityThread: Pub com.google.android.googlequicksearchbox.shortcuts: com.google.android.googlequicksearchbox.WebHistoryProvider
07-05 14:54:33.403 19337 19337 I ActivityThread: Pub com.google.android.googlequicksearchbox.google: com.google.android.googlequicksearchbox.google.GoogleSuggestionProvider
07-05 14:54:33.450   156   559 I ActivityManager: Start proc com.android.quicksearchbox for broadcast com.android.quicksearchbox/.CorporaUpdateReceiver: pid=19351 uid=10072 gids={3003}
07-05 14:54:33.454   156   559 I ActivityManager: No longer want com.google.android.apps.maps:NetworkLocationService (pid 10815): hidden #16
07-05 14:54:33.575 19351 19351 I ActivityThread: Pub com.android.quicksearchbox.google: com.android.quicksearchbox.google.GoogleSuggestionProvider
07-05 14:54:33.602 19351 19351 I ActivityThread: Pub com.android.quicksearchbox.shortcuts: com.android.quicksearchbox.ShortcutsProvider
07-05 14:54:33.614   156   593 I ActivityManager: No longer want com.google.android.apps.maps:FriendService (pid 10829): hidden #16
07-05 14:54:33.676   156   172 I Process : Sending signal. PID: 19302 SIG: 3
07-05 14:54:33.676 19302 19308 I dalvikvm: threadid=3: reacting to signal 3
07-05 14:54:33.680 19302 19308 I dalvikvm: Wrote stack traces to '/data/anr/traces.txt'
07-05 14:54:33.794   156   530 I ActivityManager: No longer want com.android.calendar (pid 11541): hidden #16
07-05 14:54:33.864   156   593 W ActivityManager: Scheduling restart of crashed service com.google.android.apps.maps/com.google.android.location.internal.server.NetworkLocationService in 5000ms
07-05 14:54:33.891 19302 19302 D OpenGLRenderer: Enabling debug mode 0
07-05 14:54:33.954   649   649 I Launcher: setLoadOnResume
07-05 14:54:33.989   649   649 I Launcher: setLoadOnResume
07-05 14:54:34.091   649   649 I Launcher: setLoadOnResume
07-05 14:54:34.094   649   649 I Launcher: setLoadOnResume
07-05 14:54:34.098   649   649 I Launcher: setLoadOnResume
07-05 14:54:34.216   156   168 I WindowManager: WIN DEATH: Window{4182c508 com.android.contacts/com.android.contacts.activities.DialtactsActivity paused=false}
07-05 14:54:34.239   156   205 I ActivityManager: Displayed com.phonelab.wifilogger/.MainActivity: +2s200ms
07-05 14:54:34.266 19369 19369 D AndroidRuntime: 
07-05 14:54:34.266 19369 19369 D AndroidRuntime: >>>>>> AndroidRuntime START com.android.internal.os.RuntimeInit <<<<<<
07-05 14:54:34.266 19369 19369 D AndroidRuntime: CheckJNI is OFF
07-05 14:54:34.497 19369 19369 D AndroidRuntime: Calling main entry com.android.commands.pm.Pm
07-05 14:54:34.512   579   580 D dalvikvm: GC_CONCURRENT freed 306K, 5% free 9699K/10119K, paused 47ms+115ms
07-05 14:54:34.583 19369 19369 D AndroidRuntime: Shutting down VM
07-05 14:54:34.591 19369 19374 D dalvikvm: GC_CONCURRENT freed 101K, 82% free 465K/2560K, paused 0ms+1ms
07-05 14:54:34.591 19369 19376 D jdwp    : Got wake-up signal, bailing out of select
07-05 14:54:34.591 19369 19376 D dalvikvm: Debugger has detached; object registry had 1 entries
07-05 14:54:34.591 19369 19381 I AndroidRuntime: NOTE: attach of thread 'Binder Thread #3' failed
07-05 14:54:34.930 19384 19384 D AndroidRuntime: 
07-05 14:54:34.930 19384 19384 D AndroidRuntime: >>>>>> AndroidRuntime START com.android.internal.os.RuntimeInit <<<<<<
07-05 14:54:34.930 19384 19384 D AndroidRuntime: CheckJNI is OFF
07-05 14:54:34.962   545   548 D dalvikvm: GC_CONCURRENT freed 365K, 11% free 10463K/11719K, paused 2ms+48ms
07-05 14:54:35.149 19384 19384 D AndroidRuntime: Calling main entry com.android.commands.am.Am
07-05 14:54:35.157   156   168 I ActivityManager: START {act=android.intent.action.MAIN cat=[android.intent.category.LAUNCHER] flg=0x10000000 cmp=com.phonelab.wifilogger/.MainActivity} from pid 19384
07-05 14:54:35.180 19384 19384 D AndroidRuntime: Shutting down VM
07-05 14:54:35.184 19384 19388 D dalvikvm: GC_CONCURRENT freed 102K, 81% free 487K/2560K, paused 0ms+0ms
07-05 14:54:35.184 19384 19390 D jdwp    : Got wake-up signal, bailing out of select
07-05 14:54:35.184 19384 19390 D dalvikvm: Debugger has detached; object registry had 1 entries
07-05 14:54:35.188 19384 19394 I AndroidRuntime: NOTE: attach of thread 'Binder Thread #3' failed
07-05 14:54:35.532   545   548 D dalvikvm: GC_CONCURRENT freed 412K, 11% free 10441K/11719K, paused 2ms+2ms
07-05 14:54:35.766   545 19395 I DownloadManager: Initiating request for download 6104
07-05 14:54:35.919   545   548 D dalvikvm: GC_CONCURRENT freed 348K, 11% free 10480K/11719K, paused 2ms+2ms
07-05 14:54:36.169   545   548 D dalvikvm: GC_CONCURRENT freed 379K, 11% free 10489K/11719K, paused 2ms+2ms
07-05 14:54:36.442   545   548 D dalvikvm: GC_CONCURRENT freed 404K, 11% free 10476K/11719K, paused 2ms+3ms
07-05 14:54:36.915   545   548 D dalvikvm: GC_CONCURRENT freed 325K, 10% free 10592K/11719K, paused 2ms+2ms
07-05 14:54:37.001   545   548 D dalvikvm: GC_CONCURRENT freed 284K, 9% free 10758K/11719K, paused 2ms+3ms
07-05 14:54:37.278  1370 19398 E DictionaryProvider:UpdateHandler: Can't read a file : android.util.MalformedJsonException: Use JsonReader.setLenient(true) to accept malformed JSON at line 1 column 20
07-05 14:54:37.442   545   548 D dalvikvm: GC_CONCURRENT freed 746K, 11% free 10469K/11719K, paused 2ms+2ms
07-05 14:54:37.708   545   548 D dalvikvm: GC_CONCURRENT freed 414K, 11% free 10446K/11719K, paused 1ms+2ms
07-05 14:54:37.985   545   548 D dalvikvm: GC_CONCURRENT freed 397K, 11% free 10434K/11719K, paused 2ms+2ms
07-05 14:54:38.048   545 19401 I DownloadManager: Initiating request for download 6104
07-05 14:54:38.051   545 19401 W DownloadManager: Aborting request for download 6104: Trying to resume a download that can't be resumed
07-05 14:54:38.364   545   548 D dalvikvm: GC_CONCURRENT freed 354K, 11% free 10466K/11719K, paused 2ms+2ms
07-05 14:54:38.641   545   548 D dalvikvm: GC_CONCURRENT freed 415K, 11% free 10442K/11719K, paused 2ms+2ms
07-05 14:54:38.876   156   173 I ActivityManager: Start proc com.google.android.apps.maps:NetworkLocationService for service com.google.android.apps.maps/com.google.android.location.internal.server.NetworkLocationService: pid=19404 uid=10027 gids={3003, 1015}
07-05 14:54:38.895 19404 19410 D dalvikvm: Debugger has detached; object registry had 1 entries
07-05 14:54:38.985   545 19417 I DownloadManager: Initiating request for download 6105
07-05 14:54:39.012 19404 19407 D dalvikvm: GC_CONCURRENT freed 173K, 3% free 9363K/9607K, paused 2ms+3ms
07-05 14:54:39.110   545   548 D dalvikvm: GC_CONCURRENT freed 390K, 11% free 10464K/11719K, paused 1ms+3ms
07-05 14:54:39.251   156   593 D dalvikvm: GC_EXPLICIT freed 947K, 14% free 14160K/16391K, paused 3ms+6ms
07-05 14:54:39.290   156   173 I ActivityManager: Start proc com.google.android.apps.maps:FriendService for broadcast com.google.android.apps.maps/com.google.googlenav.friend.android.ServiceReceiver: pid=19421 uid=10027 gids={3003, 1015}
07-05 14:54:39.317 19404 19407 D dalvikvm: GC_CONCURRENT freed 201K, 4% free 9668K/9991K, paused 2ms+2ms
07-05 14:54:39.423 19421 19423 D dalvikvm: GC_CONCURRENT freed 175K, 3% free 9361K/9607K, paused 2ms+2ms
07-05 14:54:39.559 19421 19423 D dalvikvm: GC_CONCURRENT freed 176K, 3% free 9743K/9991K, paused 2ms+2ms
07-05 14:54:39.598   156   512 I ActivityManager: No longer want com.google.android.apps.uploader (pid 1190): hidden #16
07-05 14:54:39.598   156   512 I ActivityManager: No longer want com.android.providers.calendar (pid 11522): hidden #17
07-05 14:54:39.805 19404 19407 D dalvikvm: GC_CONCURRENT freed 198K, 3% free 10040K/10311K, paused 1ms+3ms
07-05 14:54:40.009 19404 19407 D dalvikvm: GC_CONCURRENT freed 134K, 3% free 10394K/10631K, paused 2ms+2ms
07-05 14:54:40.169   545   548 D dalvikvm: GC_CONCURRENT freed 237K, 9% free 10668K/11719K, paused 2ms+3ms
07-05 14:54:40.278   545   548 D dalvikvm: GC_CONCURRENT freed 314K, 8% free 10819K/11719K, paused 2ms+2ms
07-05 14:54:40.497  1370 19440 E DictionaryProvider:UpdateHandler: Can't read a file : android.util.MalformedJsonException: Use JsonReader.setLenient(true) to accept malformed JSON at line 1 column 20
07-05 14:54:40.591   545   548 D dalvikvm: GC_CONCURRENT freed 830K, 11% free 10467K/11719K, paused 2ms+3ms
07-05 14:54:40.860   545   548 D dalvikvm: GC_CONCURRENT freed 419K, 11% free 10438K/11719K, paused 2ms+3ms
07-05 14:54:40.985   545 19443 I DownloadManager: Initiating request for download 6105
07-05 14:54:41.130   545   548 D dalvikvm: GC_CONCURRENT freed 256K, 10% free 10630K/11719K, paused 2ms+3ms
07-05 14:54:41.259   545   548 D dalvikvm: GC_CONCURRENT freed 317K, 8% free 10782K/11719K, paused 2ms+21ms
07-05 14:54:41.333 19404 19435 I System.out: [INFO:1820]: c: Running flush
07-05 14:54:41.356 19404 19436 I System.out: [INFO:1845]: c: Sending payload [bytes=594]
07-05 14:54:41.430 19404 19407 D dalvikvm: GC_CONCURRENT freed 805K, 9% free 10023K/10951K, paused 5ms+6ms
07-05 14:54:41.505 19404 19436 I System.out: [SEVERE:1991]: c: AsyncHttpRequestImpl.run(): exception thrown : No peer certificate: javax.net.ssl.SSLPeerUnverifiedException
07-05 14:54:41.661   545   548 D dalvikvm: GC_CONCURRENT freed 785K, 11% free 10466K/11719K, paused 2ms+2ms
07-05 14:54:41.946   545   548 D dalvikvm: GC_CONCURRENT freed 403K, 11% free 10455K/11719K, paused 2ms+2ms
07-05 14:54:41.981   495   495 I RegisteredComponentCache: ComponentInfo: ResolveInfo{4136a9e0 com.android.apps.tag.TagViewer p=0 o=0 m=0x108000}, techs: android.nfc.tech.Ndef, 
07-05 14:54:41.985   156   172 D PackageManager: generateServicesMap(android.accounts.AccountAuthenticator): 2 services unchanged
07-05 14:54:42.020   156   172 D PackageManager: generateServicesMap(android.content.SyncAdapter): 9 services unchanged
07-05 14:54:42.364   545 19448 I DownloadManager: Initiating request for download 6106
07-05 14:54:42.430   545   548 D dalvikvm: GC_CONCURRENT freed 397K, 11% free 10504K/11719K, paused 2ms+3ms
07-05 14:54:42.563   545   548 D dalvikvm: GC_CONCURRENT freed 209K, 9% free 10731K/11719K, paused 2ms+2ms
07-05 14:54:42.704   545   548 D dalvikvm: GC_CONCURRENT freed 695K, 11% free 10507K/11719K, paused 2ms+2ms
07-05 14:54:42.872   545 19448 D dalvikvm: GC_EXPLICIT freed 196K, 11% free 10486K/11719K, paused 2ms+3ms
07-05 14:54:42.942  1370 19450 E DictionaryProvider:UpdateHandler: Can't read a file : android.util.MalformedJsonException: Use JsonReader.setLenient(true) to accept malformed JSON at line 1 column 20
07-05 14:54:42.969  1370  1372 D dalvikvm: GC_CONCURRENT freed 372K, 7% free 9140K/9735K, paused 2ms+2ms
07-05 14:54:43.208   545   548 D dalvikvm: GC_CONCURRENT freed 421K, 11% free 10455K/11719K, paused 2ms+2ms
07-05 14:54:43.477   545   548 D dalvikvm: GC_CONCURRENT freed 411K, 11% free 10435K/11719K, paused 1ms+2ms
07-05 14:54:43.536   545 19453 I DownloadManager: Initiating request for download 6106
07-05 14:54:43.637   545   548 D dalvikvm: GC_CONCURRENT freed 185K, 9% free 10686K/11719K, paused 2ms+3ms
07-05 14:54:43.766   545   548 D dalvikvm: GC_CONCURRENT freed 307K, 8% free 10845K/11719K, paused 2ms+2ms
07-05 14:54:44.083   545   548 D dalvikvm: GC_CONCURRENT freed 873K, 11% free 10459K/11719K, paused 2ms+2ms
07-05 14:54:44.352   545   548 D dalvikvm: GC_CONCURRENT freed 403K, 11% free 10444K/11719K, paused 2ms+2ms
07-05 14:54:44.551   545 19456 I DownloadManager: Initiating request for download 6107
07-05 14:54:44.630   545   548 D dalvikvm: GC_CONCURRENT freed 275K, 10% free 10619K/11719K, paused 2ms+4ms
07-05 14:54:44.766   545   548 D dalvikvm: GC_CONCURRENT freed 291K, 8% free 10786K/11719K, paused 2ms+3ms
07-05 14:54:44.977   545   548 D dalvikvm: GC_CONCURRENT freed 780K, 11% free 10473K/11719K, paused 2ms+2ms
07-05 14:54:45.028  1370 19458 E DictionaryProvider:UpdateHandler: Can't read a file : android.util.MalformedJsonException: Use JsonReader.setLenient(true) to accept malformed JSON at line 1 column 20
07-05 14:54:45.290   545   548 D dalvikvm: GC_CONCURRENT freed 399K, 11% free 10464K/11719K, paused 2ms+3ms
07-05 14:54:45.559   545   548 D dalvikvm: GC_CONCURRENT freed 416K, 11% free 10439K/11719K, paused 1ms+2ms
07-05 14:54:45.630   545 19461 I DownloadManager: Initiating request for download 6107
07-05 14:54:45.731   545   548 D dalvikvm: GC_CONCURRENT freed 201K, 9% free 10676K/11719K, paused 2ms+2ms
07-05 14:54:45.852   545   548 D dalvikvm: GC_CONCURRENT freed 309K, 8% free 10840K/11719K, paused 2ms+3ms
07-05 14:54:46.157   545   548 D dalvikvm: GC_CONCURRENT freed 856K, 11% free 10464K/11719K, paused 2ms+2ms
07-05 14:54:46.430   545   548 D dalvikvm: GC_CONCURRENT freed 405K, 11% free 10452K/11719K, paused 1ms+2ms
07-05 14:54:46.634   545 19464 I DownloadManager: Initiating request for download 6108
07-05 14:54:46.712   545   548 D dalvikvm: GC_CONCURRENT freed 301K, 10% free 10583K/11719K, paused 2ms+4ms
07-05 14:54:46.833   545   548 D dalvikvm: GC_CONCURRENT freed 261K, 9% free 10768K/11719K, paused 2ms+3ms
07-05 14:54:47.005   545   548 D dalvikvm: GC_CONCURRENT freed 725K, 11% free 10510K/11719K, paused 2ms+3ms
07-05 14:54:47.079  1370 19466 E DictionaryProvider:UpdateHandler: Can't read a file : android.util.MalformedJsonException: Use JsonReader.setLenient(true) to accept malformed JSON at line 1 column 20
07-05 14:54:47.325   545   548 D dalvikvm: GC_CONCURRENT freed 433K, 11% free 10474K/11719K, paused 2ms+3ms
07-05 14:54:47.602   545   548 D dalvikvm: GC_CONCURRENT freed 421K, 11% free 10443K/11719K, paused 2ms+2ms
07-05 14:54:47.696   545 19469 I DownloadManager: Initiating request for download 6108
07-05 14:54:47.782   545   548 D dalvikvm: GC_CONCURRENT freed 220K, 10% free 10655K/11719K, paused 2ms+3ms
07-05 14:54:47.907   545   548 D dalvikvm: GC_CONCURRENT freed 299K, 8% free 10830K/11719K, paused 2ms+3ms
07-05 14:54:48.184   545   548 D dalvikvm: GC_CONCURRENT freed 840K, 11% free 10470K/11719K, paused 1ms+3ms
07-05 14:54:48.333 19287 19289 D dalvikvm: GC_CONCURRENT freed 331K, 5% free 9537K/9991K, paused 2ms+3ms
07-05 14:54:48.446 19287 19287 D Finsky  : [1] 5.onFinished: Installation state replication succeeded.
07-05 14:54:48.637   545   548 D dalvikvm: GC_CONCURRENT freed 409K, 11% free 10451K/11719K, paused 2ms+2ms
07-05 14:54:48.872   545 19473 I DownloadManager: Initiating request for download 6109
07-05 14:54:48.930   545   548 D dalvikvm: GC_CONCURRENT freed 362K, 11% free 10519K/11719K, paused 3ms+3ms
07-05 14:54:49.051   545   548 D dalvikvm: GC_CONCURRENT freed 213K, 9% free 10743K/11719K, paused 1ms+3ms
07-05 14:54:49.188   545   548 D dalvikvm: GC_CONCURRENT freed 700K, 11% free 10514K/11719K, paused 2ms+3ms
07-05 14:54:49.313  1370 19475 E DictionaryProvider:UpdateHandler: Can't read a file : android.util.MalformedJsonException: Use JsonReader.setLenient(true) to accept malformed JSON at line 1 column 20
07-05 14:54:49.360   465 19476 D dalvikvm: GC_EXPLICIT freed 280K, 8% free 10331K/11143K, paused 1ms+2ms
07-05 14:54:49.540   545   548 D dalvikvm: GC_CONCURRENT freed 430K, 11% free 10475K/11719K, paused 2ms+2ms
07-05 14:54:49.821   545   548 D dalvikvm: GC_CONCURRENT freed 413K, 11% free 10454K/11719K, paused 1ms+2ms
07-05 14:54:49.962   545 19478 I DownloadManager: Initiating request for download 6109
07-05 14:54:50.044   545   548 D dalvikvm: GC_CONCURRENT freed 263K, 10% free 10631K/11719K, paused 2ms+3ms
07-05 14:54:50.169   545   548 D dalvikvm: GC_CONCURRENT freed 299K, 8% free 10803K/11719K, paused 2ms+3ms
07-05 14:54:50.399   545   548 D dalvikvm: GC_CONCURRENT freed 764K, 11% free 10519K/11719K, paused 1ms+3ms
07-05 14:54:50.688   545   548 D dalvikvm: GC_CONCURRENT freed 448K, 11% free 10461K/11719K, paused 2ms+2ms
07-05 14:54:50.966   545   548 D dalvikvm: GC_CONCURRENT freed 408K, 11% free 10443K/11719K, paused 2ms+3ms
07-05 14:54:51.016   545 19481 I DownloadManager: Initiating request for download 6110
07-05 14:54:51.137   545   548 D dalvikvm: GC_CONCURRENT freed 171K, 9% free 10709K/11719K, paused 1ms+3ms
07-05 14:54:51.262   545   548 D dalvikvm: GC_CONCURRENT freed 422K, 9% free 10750K/11719K, paused 2ms+2ms
07-05 14:54:51.411  1370 19483 E DictionaryProvider:UpdateHandler: Can't read a file : android.util.MalformedJsonException: Use JsonReader.setLenient(true) to accept malformed JSON at line 1 column 20
07-05 14:54:51.442  1370  1372 D dalvikvm: GC_CONCURRENT freed 400K, 7% free 9127K/9735K, paused 1ms+1ms
07-05 14:54:51.606   545   548 D dalvikvm: GC_CONCURRENT freed 727K, 11% free 10478K/11719K, paused 2ms+3ms
07-05 14:54:51.876   545   548 D dalvikvm: GC_CONCURRENT freed 415K, 11% free 10454K/11719K, paused 2ms+2ms
07-05 14:54:52.048   545 19486 I DownloadManager: Initiating request for download 6110
07-05 14:54:52.122   545   548 D dalvikvm: GC_CONCURRENT freed 300K, 10% free 10588K/11719K, paused 1ms+3ms
07-05 14:54:52.255   545   548 D dalvikvm: GC_CONCURRENT freed 255K, 9% free 10771K/11719K, paused 2ms+2ms
07-05 14:54:52.442   545   548 D dalvikvm: GC_CONCURRENT freed 722K, 11% free 10517K/11719K, paused 1ms+3ms
07-05 14:54:52.731   545   548 D dalvikvm: GC_CONCURRENT freed 439K, 11% free 10469K/11719K, paused 2ms+2ms
07-05 14:54:53.001   545   548 D dalvikvm: GC_CONCURRENT freed 410K, 11% free 10450K/11719K, paused 2ms+3ms
07-05 14:54:53.130   545 19489 I DownloadManager: Initiating request for download 6111
07-05 14:54:53.239   545   548 D dalvikvm: GC_CONCURRENT freed 220K, 9% free 10666K/11719K, paused 2ms+3ms
07-05 14:54:53.368   545   548 D dalvikvm: GC_CONCURRENT freed 330K, 8% free 10847K/11719K, paused 2ms+4ms
07-05 14:54:53.555  1370 19491 E DictionaryProvider:UpdateHandler: Can't read a file : android.util.MalformedJsonException: Use JsonReader.setLenient(true) to accept malformed JSON at line 1 column 20
07-05 14:54:53.688   545   548 D dalvikvm: GC_CONCURRENT freed 851K, 11% free 10483K/11719K, paused 2ms+2ms
07-05 14:54:53.950   545   548 D dalvikvm: GC_CONCURRENT freed 414K, 11% free 10459K/11719K, paused 2ms+2ms
07-05 14:54:54.137   545 19494 I DownloadManager: Initiating request for download 6111
07-05 14:54:54.196   545   548 D dalvikvm: GC_CONCURRENT freed 340K, 11% free 10525K/11719K, paused 2ms+2ms
07-05 14:54:54.313   545   548 D dalvikvm: GC_CONCURRENT freed 209K, 9% free 10749K/11719K, paused 2ms+2ms
07-05 14:54:54.458   545   548 D dalvikvm: GC_CONCURRENT freed 458K, 9% free 10755K/11719K, paused 2ms+3ms
07-05 14:54:54.778   545   548 D dalvikvm: GC_CONCURRENT freed 738K, 11% free 10473K/11719K, paused 2ms+2ms
07-05 14:54:55.055   545   548 D dalvikvm: GC_CONCURRENT freed 409K, 11% free 10454K/11719K, paused 1ms+2ms
07-05 14:54:55.192   545 19497 I DownloadManager: Initiating request for download 6112
07-05 14:54:55.286   545   548 D dalvikvm: GC_CONCURRENT freed 222K, 10% free 10658K/11719K, paused 2ms+3ms
07-05 14:54:55.415   545   548 D dalvikvm: GC_CONCURRENT freed 306K, 8% free 10832K/11719K, paused 2ms+4ms
07-05 14:54:55.598  1370 19499 E DictionaryProvider:UpdateHandler: Can't read a file : android.util.MalformedJsonException: Use JsonReader.setLenient(true) to accept malformed JSON at line 1 column 20
07-05 14:54:55.692   545   548 D dalvikvm: GC_CONCURRENT freed 822K, 11% free 10493K/11719K, paused 2ms+3ms
07-05 14:54:55.966   545   548 D dalvikvm: GC_CONCURRENT freed 414K, 11% free 10469K/11719K, paused 2ms+2ms
07-05 14:54:56.262   156   168 D dalvikvm: GC_EXPLICIT freed 1049K, 14% free 14200K/16391K, paused 3ms+7ms
07-05 14:54:56.278   545 19501 I DownloadManager: Initiating request for download 6112
07-05 14:54:56.321   545   548 D dalvikvm: GC_CONCURRENT freed 390K, 11% free 10468K/11719K, paused 2ms+2ms
07-05 14:54:56.415   545   548 D dalvikvm: GC_CONCURRENT freed 189K, 9% free 10715K/11719K, paused 1ms+3ms
07-05 14:54:56.505   545   548 D dalvikvm: GC_CONCURRENT freed 426K, 9% free 10747K/11719K, paused 2ms+2ms
07-05 14:54:57.024   545   548 D dalvikvm: GC_CONCURRENT freed 707K, 11% free 10501K/11719K, paused 2ms+3ms
07-05 14:54:57.313   545   548 D dalvikvm: GC_CONCURRENT freed 441K, 11% free 10450K/11719K, paused 2ms+2ms
07-05 14:54:57.364 19302 19306 D dalvikvm: GC_CONCURRENT freed 326K, 5% free 9173K/9607K, paused 2ms+2ms
07-05 14:54:57.524   545 19505 I DownloadManager: Initiating request for download 6113
07-05 14:54:57.618   545   548 D dalvikvm: GC_CONCURRENT freed 270K, 10% free 10621K/11719K, paused 2ms+3ms
07-05 14:54:57.743   545   548 D dalvikvm: GC_CONCURRENT freed 291K, 8% free 10788K/11719K, paused 2ms+3ms
07-05 14:54:57.950   545   548 D dalvikvm: GC_CONCURRENT freed 750K, 11% free 10510K/11719K, paused 2ms+3ms
07-05 14:54:58.001  1370 19507 E DictionaryProvider:UpdateHandler: Can't read a file : android.util.MalformedJsonException: Use JsonReader.setLenient(true) to accept malformed JSON at line 1 column 20
07-05 14:54:58.262   545   548 D dalvikvm: GC_CONCURRENT freed 432K, 11% free 10468K/11719K, paused 2ms+2ms
07-05 14:54:58.536   545   548 D dalvikvm: GC_CONCURRENT freed 416K, 11% free 10443K/11719K, paused 2ms+2ms
07-05 14:54:58.614   545 19510 I DownloadManager: Initiating request for download 6113
07-05 14:54:58.712   545   548 D dalvikvm: GC_CONCURRENT freed 204K, 9% free 10675K/11719K, paused 2ms+3ms
07-05 14:54:58.833   545   548 D dalvikvm: GC_CONCURRENT freed 307K, 8% free 10848K/11719K, paused 2ms+3ms
07-05 14:54:59.134   545   548 D dalvikvm: GC_CONCURRENT freed 868K, 11% free 10468K/11719K, paused 1ms+2ms
07-05 14:54:59.399   545   548 D dalvikvm: GC_CONCURRENT freed 409K, 11% free 10450K/11719K, paused 2ms+3ms
07-05 14:54:59.606   545 19513 I DownloadManager: Initiating request for download 6114
07-05 14:54:59.665   545   548 D dalvikvm: GC_CONCURRENT freed 316K, 11% free 10519K/11719K, paused 2ms+3ms
07-05 14:54:59.786   545   548 D dalvikvm: GC_CONCURRENT freed 210K, 9% free 10744K/11719K, paused 2ms+3ms
07-05 14:54:59.926   545   548 D dalvikvm: GC_CONCURRENT freed 473K, 9% free 10752K/11719K, paused 1ms+2ms
07-05 14:55:00.079  1370 19515 E DictionaryProvider:UpdateHandler: Can't read a file : android.util.MalformedJsonException: Use JsonReader.setLenient(true) to accept malformed JSON at line 1 column 20
07-05 14:55:00.126  1370  1372 D dalvikvm: GC_CONCURRENT freed 388K, 7% free 9127K/9735K, paused 2ms+2ms
07-05 14:55:00.352   545   548 D dalvikvm: GC_CONCURRENT freed 730K, 11% free 10472K/11719K, paused 2ms+2ms
07-05 14:55:00.634   545   548 D dalvikvm: GC_CONCURRENT freed 415K, 11% free 10448K/11719K, paused 1ms+2ms
07-05 14:55:00.739   545 19518 I DownloadManager: Initiating request for download 6114
07-05 14:55:00.841   545   548 D dalvikvm: GC_CONCURRENT freed 230K, 10% free 10650K/11719K, paused 2ms+2ms
07-05 14:55:00.962   545   548 D dalvikvm: GC_CONCURRENT freed 311K, 8% free 10826K/11719K, paused 2ms+3ms
07-05 14:55:01.216   545   548 D dalvikvm: GC_CONCURRENT freed 831K, 11% free 10475K/11719K, paused 2ms+2ms
07-05 14:55:01.485   545   548 D dalvikvm: GC_CONCURRENT freed 410K, 11% free 10456K/11719K, paused 2ms+2ms
07-05 14:55:01.774   545 19521 I DownloadManager: Initiating request for download 6115
07-05 14:55:01.794   545   548 D dalvikvm: GC_CONCURRENT freed 386K, 11% free 10480K/11719K, paused 2ms+3ms
07-05 14:55:01.930   545   548 D dalvikvm: GC_CONCURRENT freed 189K, 9% free 10728K/11719K, paused 2ms+3ms
07-05 14:55:02.051   545   548 D dalvikvm: GC_CONCURRENT freed 433K, 9% free 10752K/11719K, paused 1ms+2ms
07-05 14:55:02.208  1370 19523 E DictionaryProvider:UpdateHandler: Can't read a file : android.util.MalformedJsonException: Use JsonReader.setLenient(true) to accept malformed JSON at line 1 column 20
07-05 14:55:02.391   545   548 D dalvikvm: GC_CONCURRENT freed 727K, 11% free 10483K/11719K, paused 2ms+2ms
07-05 14:55:02.673   545   548 D dalvikvm: GC_CONCURRENT freed 421K, 11% free 10452K/11719K, paused 2ms+3ms
07-05 14:55:02.825   545 19526 I DownloadManager: Initiating request for download 6115
07-05 14:55:02.903   545   548 D dalvikvm: GC_CONCURRENT freed 267K, 10% free 10633K/11719K, paused 2ms+2ms
07-05 14:55:03.032   545   548 D dalvikvm: GC_CONCURRENT freed 298K, 8% free 10855K/11719K, paused 1ms+2ms
07-05 14:55:03.270   545   548 D dalvikvm: GC_CONCURRENT freed 834K, 11% free 10512K/11719K, paused 2ms+2ms
07-05 14:55:03.540   545   548 D dalvikvm: GC_CONCURRENT freed 406K, 11% free 10497K/11719K, paused 1ms+3ms
07-05 14:55:04.376   545 19528 I DownloadManager: Initiating request for download 6116
07-05 14:55:04.462   545   548 D dalvikvm: GC_CONCURRENT freed 417K, 11% free 10518K/11719K, paused 2ms+3ms
07-05 14:55:04.579   545   548 D dalvikvm: GC_CONCURRENT freed 211K, 9% free 10744K/11719K, paused 2ms+2ms
07-05 14:55:04.719   545   548 D dalvikvm: GC_CONCURRENT freed 452K, 9% free 10756K/11719K, paused 2ms+3ms
07-05 14:55:04.884  1370 19531 E DictionaryProvider:UpdateHandler: Can't read a file : android.util.MalformedJsonException: Use JsonReader.setLenient(true) to accept malformed JSON at line 1 column 20
07-05 14:55:05.071   545   548 D dalvikvm: GC_CONCURRENT freed 735K, 11% free 10479K/11719K, paused 2ms+2ms
07-05 14:55:05.341   545   548 D dalvikvm: GC_CONCURRENT freed 415K, 11% free 10454K/11719K, paused 2ms+3ms
07-05 14:55:05.481   545 19534 I DownloadManager: Initiating request for download 6116
07-05 14:55:05.571   545   548 D dalvikvm: GC_CONCURRENT freed 255K, 10% free 10641K/11719K, paused 2ms+3ms
07-05 14:55:05.692   545   548 D dalvikvm: GC_CONCURRENT freed 308K, 8% free 10805K/11719K, paused 2ms+3ms
07-05 14:55:05.911   545   548 D dalvikvm: GC_CONCURRENT freed 764K, 11% free 10515K/11719K, paused 2ms+2ms
07-05 14:55:06.200   545   548 D dalvikvm: GC_CONCURRENT freed 434K, 11% free 10470K/11719K, paused 2ms+3ms
07-05 14:55:06.469   545   548 D dalvikvm: GC_CONCURRENT freed 406K, 11% free 10449K/11719K, paused 2ms+2ms
07-05 14:55:06.559   545 19537 I DownloadManager: Initiating request for download 6117
07-05 14:55:06.669   545   548 D dalvikvm: GC_CONCURRENT freed 180K, 9% free 10706K/11719K, paused 2ms+3ms
07-05 14:55:06.798   545   548 D dalvikvm: GC_CONCURRENT freed 410K, 9% free 10764K/11719K, paused 2ms+3ms
07-05 14:55:06.993  1370 19539 E DictionaryProvider:UpdateHandler: Can't read a file : android.util.MalformedJsonException: Use JsonReader.setLenient(true) to accept malformed JSON at line 1 column 20
07-05 14:55:07.126   545   548 D dalvikvm: GC_CONCURRENT freed 739K, 11% free 10486K/11719K, paused 1ms+2ms
07-05 14:55:07.403   545   548 D dalvikvm: GC_CONCURRENT freed 414K, 11% free 10462K/11719K, paused 2ms+2ms
07-05 14:55:07.602   545 19542 I DownloadManager: Initiating request for download 6117
07-05 14:55:07.657   545   548 D dalvikvm: GC_CONCURRENT freed 332K, 11% free 10529K/11719K, paused 2ms+3ms
07-05 14:55:07.774   545   548 D dalvikvm: GC_CONCURRENT freed 211K, 9% free 10754K/11719K, paused 2ms+3ms
07-05 14:55:07.915   545   548 D dalvikvm: GC_CONCURRENT freed 460K, 9% free 10761K/11719K, paused 2ms+2ms
07-05 14:55:08.259   545   548 D dalvikvm: GC_CONCURRENT freed 741K, 11% free 10475K/11719K, paused 2ms+3ms
07-05 14:55:08.536   545   548 D dalvikvm: GC_CONCURRENT freed 409K, 11% free 10456K/11719K, paused 2ms+2ms
07-05 14:55:08.669   545 19545 I DownloadManager: Initiating request for download 6118
07-05 14:55:08.759   545   548 D dalvikvm: GC_CONCURRENT freed 228K, 10% free 10660K/11719K, paused 2ms+3ms
07-05 14:55:08.880   545   548 D dalvikvm: GC_CONCURRENT freed 308K, 8% free 10831K/11719K, paused 2ms+3ms
07-05 14:55:09.055  1370 19547 E DictionaryProvider:UpdateHandler: Can't read a file : android.util.MalformedJsonException: Use JsonReader.setLenient(true) to accept malformed JSON at line 1 column 20
07-05 14:55:09.091  1370  1372 D dalvikvm: GC_CONCURRENT freed 385K, 7% free 9130K/9735K, paused 2ms+3ms
07-05 14:55:09.184   545   548 D dalvikvm: GC_CONCURRENT freed 821K, 11% free 10491K/11719K, paused 2ms+2ms
07-05 14:55:09.454   545   548 D dalvikvm: GC_CONCURRENT freed 415K, 11% free 10467K/11719K, paused 2ms+2ms
07-05 14:55:09.716   545   548 D dalvikvm: GC_CONCURRENT freed 402K, 11% free 10455K/11719K, paused 2ms+2ms
07-05 14:55:09.735   545 19550 I DownloadManager: Initiating request for download 6118
07-05 14:55:09.856   545   548 D dalvikvm: GC_CONCURRENT freed 169K, 9% free 10723K/11719K, paused 1ms+3ms
07-05 14:55:09.985   545   548 D dalvikvm: GC_CONCURRENT freed 423K, 9% free 10764K/11719K, paused 2ms+3ms
07-05 14:55:10.282   545   548 D dalvikvm: GC_CONCURRENT freed 736K, 11% free 10482K/11719K, paused 2ms+3ms
07-05 14:55:10.559   545   548 D dalvikvm: GC_CONCURRENT freed 410K, 11% free 10463K/11719K, paused 1ms+2ms
07-05 14:55:10.751   545 19553 I DownloadManager: Initiating request for download 6119
07-05 14:55:10.848   545   548 D dalvikvm: GC_CONCURRENT freed 294K, 10% free 10599K/11719K, paused 1ms+3ms
07-05 14:55:10.973   545   548 D dalvikvm: GC_CONCURRENT freed 275K, 8% free 10783K/11719K, paused 2ms+12ms
07-05 14:55:11.134   545   548 D dalvikvm: GC_CONCURRENT freed 720K, 11% free 10531K/11719K, paused 2ms+2ms
07-05 14:55:11.216  1370 19555 E DictionaryProvider:UpdateHandler: Can't read a file : android.util.MalformedJsonException: Use JsonReader.setLenient(true) to accept malformed JSON at line 1 column 20
07-05 14:55:11.454   545   548 D dalvikvm: GC_CONCURRENT freed 433K, 11% free 10488K/11719K, paused 1ms+3ms
07-05 14:55:11.739   545   548 D dalvikvm: GC_CONCURRENT freed 416K, 11% free 10463K/11719K, paused 2ms+2ms
07-05 14:55:11.915   545 19558 D dalvikvm: GC_EXPLICIT freed 154K, 11% free 10511K/11719K, paused 2ms+8ms
07-05 14:55:11.919   545 19558 I DownloadManager: Initiating request for download 6119
07-05 14:55:12.063   545   548 D dalvikvm: GC_CONCURRENT freed 206K, 9% free 10724K/11719K, paused 1ms+3ms
07-05 14:55:12.184   545   548 D dalvikvm: GC_CONCURRENT freed 322K, 8% free 10869K/11719K, paused 2ms+4ms
07-05 14:55:12.512   545   548 D dalvikvm: GC_CONCURRENT freed 883K, 11% free 10481K/11719K, paused 2ms+2ms
07-05 14:55:12.782   545   548 D dalvikvm: GC_CONCURRENT freed 407K, 11% free 10464K/11719K, paused 1ms+2ms
07-05 14:55:12.946   545 19561 I DownloadManager: Initiating request for download 6120
07-05 14:55:13.059   545   548 D dalvikvm: GC_CONCURRENT freed 243K, 10% free 10659K/11719K, paused 2ms+2ms
07-05 14:55:13.176   545   548 D dalvikvm: GC_CONCURRENT freed 314K, 8% free 10823K/11719K, paused 2ms+3ms
07-05 14:55:13.399   545   548 D dalvikvm: GC_CONCURRENT freed 812K, 11% free 10496K/11719K, paused 2ms+3ms
07-05 14:55:13.446  1370 19563 E DictionaryProvider:UpdateHandler: Can't read a file : android.util.MalformedJsonException: Use JsonReader.setLenient(true) to accept malformed JSON at line 1 column 20
07-05 14:55:13.700   545   548 D dalvikvm: GC_CONCURRENT freed 403K, 11% free 10483K/11719K, paused 2ms+3ms
07-05 14:55:13.973   545   548 D dalvikvm: GC_CONCURRENT freed 414K, 11% free 10460K/11719K, paused 2ms+3ms
07-05 14:55:14.012   545 19566 I DownloadManager: Initiating request for download 6120
07-05 14:55:14.118   545   548 D dalvikvm: GC_CONCURRENT freed 172K, 9% free 10715K/11719K, paused 2ms+3ms
07-05 14:55:14.239   545   548 D dalvikvm: GC_CONCURRENT freed 296K, 8% free 10873K/11719K, paused 2ms+2ms
07-05 14:55:14.450   156   514 D dalvikvm: GC_EXPLICIT freed 654K, 14% free 14128K/16391K, paused 2ms+6ms
07-05 14:55:14.622   545   548 D dalvikvm: GC_CONCURRENT freed 882K, 11% free 10486K/11719K, paused 2ms+3ms
07-05 14:55:14.864   156   206 I power   : *** set_screen_state 1
07-05 14:55:14.907   156   206 I WindowManager: Lock screen displayed!
07-05 14:55:14.966   545   548 D dalvikvm: GC_CONCURRENT freed 420K, 11% free 10457K/11719K, paused 14ms+3ms
07-05 14:55:15.059    80   124 D SurfaceFlinger: Screen about to return, flinger = 0x1f78918
07-05 14:55:15.231   545 19569 I DownloadManager: Initiating request for download 6121
07-05 14:55:15.329   545   548 D dalvikvm: GC_CONCURRENT freed 303K, 10% free 10583K/11719K, paused 2ms+3ms
07-05 14:55:15.528   545   548 D dalvikvm: GC_CONCURRENT freed 246K, 9% free 10770K/11719K, paused 8ms+3ms
07-05 14:55:15.786   545   548 D dalvikvm: GC_CONCURRENT freed 710K, 11% free 10519K/11719K, paused 2ms+2ms
07-05 14:55:15.993  1370 19571 E DictionaryProvider:UpdateHandler: Can't read a file : android.util.MalformedJsonException: Use JsonReader.setLenient(true) to accept malformed JSON at line 1 column 20
07-05 14:55:16.661   545   548 D dalvikvm: GC_CONCURRENT freed 425K, 11% free 10480K/11719K, paused 2ms+3ms
07-05 14:55:17.610   545   548 D dalvikvm: GC_CONCURRENT freed 411K, 11% free 10457K/11719K, paused 5ms+3ms
07-05 14:55:17.661   414   414 D PhoneStatusBar: disable: < expand icons alerts ticker system_info BACK HOME recent* CLOCK >
07-05 14:55:17.684   414   414 D PhoneStatusBar: disable: < expand icons alerts ticker system_info back* home* recent clock* >
07-05 14:55:17.891   545 19574 I DownloadManager: Initiating request for download 6121
07-05 14:55:17.997   545   548 D dalvikvm: GC_CONCURRENT freed 247K, 10% free 10634K/11719K, paused 2ms+3ms
07-05 14:55:18.145   545   548 D dalvikvm: GC_CONCURRENT freed 281K, 8% free 10797K/11719K, paused 3ms+2ms
07-05 14:55:18.380   545   548 D dalvikvm: GC_CONCURRENT freed 782K, 11% free 10487K/11719K, paused 2ms+3ms
07-05 14:55:18.696   545   548 D dalvikvm: GC_CONCURRENT freed 406K, 11% free 10469K/11719K, paused 2ms+2ms
07-05 14:55:18.985   545   548 D dalvikvm: GC_CONCURRENT freed 402K, 11% free 10453K/11719K, paused 2ms+2ms
07-05 14:55:19.098   545 19577 I DownloadManager: Initiating request for download 6122
07-05 14:55:19.216   545   548 D dalvikvm: GC_CONCURRENT freed 209K, 9% free 10682K/11719K, paused 2ms+3ms
07-05 14:55:19.344   545   548 D dalvikvm: GC_CONCURRENT freed 301K, 8% free 10852K/11719K, paused 2ms+2ms
07-05 14:55:19.544  1370 19579 E DictionaryProvider:UpdateHandler: Can't read a file : android.util.MalformedJsonException: Use JsonReader.setLenient(true) to accept malformed JSON at line 1 column 20
07-05 14:55:19.591  1370  1372 D dalvikvm: GC_CONCURRENT freed 393K, 7% free 9128K/9735K, paused 2ms+3ms
07-05 14:55:19.712   545   548 D dalvikvm: GC_CONCURRENT freed 850K, 11% free 10490K/11719K, paused 2ms+3ms
07-05 14:55:20.005   545   548 D dalvikvm: GC_CONCURRENT freed 414K, 11% free 10463K/11719K, paused 2ms+3ms
07-05 14:55:20.243   545 19582 I DownloadManager: Initiating request for download 6122
07-05 14:55:20.305   545   548 D dalvikvm: GC_CONCURRENT freed 368K, 11% free 10489K/11719K, paused 2ms+3ms
07-05 14:55:20.434   545   548 D dalvikvm: GC_CONCURRENT freed 189K, 9% free 10763K/11719K, paused 2ms+3ms
07-05 14:55:20.587   545   548 D dalvikvm: GC_CONCURRENT freed 467K, 9% free 10762K/11719K, paused 2ms+3ms
07-05 14:55:20.907   545   548 D dalvikvm: GC_CONCURRENT freed 714K, 11% free 10503K/11719K, paused 2ms+4ms
07-05 14:55:21.212   545   548 D dalvikvm: GC_CONCURRENT freed 429K, 11% free 10462K/11719K, paused 2ms+3ms
07-05 14:55:21.384   545 19585 I DownloadManager: Initiating request for download 6123
07-05 14:55:21.477   545   548 D dalvikvm: GC_CONCURRENT freed 239K, 10% free 10636K/11719K, paused 2ms+4ms
07-05 14:55:21.606   545   548 D dalvikvm: GC_CONCURRENT freed 288K, 8% free 10802K/11719K, paused 2ms+2ms
07-05 14:55:21.809   545   548 D dalvikvm: GC_CONCURRENT freed 784K, 11% free 10492K/11719K, paused 3ms+2ms
07-05 14:55:21.856  1370 19587 E DictionaryProvider:UpdateHandler: Can't read a file : android.util.MalformedJsonException: Use JsonReader.setLenient(true) to accept malformed JSON at line 1 column 20
07-05 14:55:22.149   545   548 D dalvikvm: GC_CONCURRENT freed 397K, 11% free 10482K/11719K, paused 2ms+3ms
07-05 14:55:22.450   545   548 D dalvikvm: GC_CONCURRENT freed 409K, 11% free 10461K/11719K, paused 2ms+2ms
07-05 14:55:22.540   545 19590 I DownloadManager: Initiating request for download 6123
07-05 14:55:22.637   545   548 D dalvikvm: GC_CONCURRENT freed 217K, 9% free 10674K/11719K, paused 2ms+4ms
07-05 14:55:22.782   545   548 D dalvikvm: GC_CONCURRENT freed 286K, 8% free 10844K/11719K, paused 2ms+3ms
07-05 14:55:23.063   545   548 D dalvikvm: GC_CONCURRENT freed 841K, 11% free 10484K/11719K, paused 2ms+2ms
07-05 14:55:23.360   545   548 D dalvikvm: GC_CONCURRENT freed 404K, 11% free 10466K/11719K, paused 2ms+3ms
07-05 14:55:23.423   156   210 I ActivityManager: START {act=android.intent.action.MAIN cat=[android.intent.category.HOME] flg=0x10200000 cmp=com.android.launcher/com.android.launcher2.Launcher} from pid 156
07-05 14:55:23.509 19302 19302 D OpenGLRenderer: Flushing caches (mode 0)
07-05 14:55:23.731 19302 19302 D OpenGLRenderer: Flushing caches (mode 1)
07-05 14:55:23.958   545 19595 I DownloadManager: Initiating request for download 6124
07-05 14:55:24.016   545   548 D dalvikvm: GC_CONCURRENT freed 393K, 11% free 10469K/11719K, paused 2ms+3ms
07-05 14:55:24.044   156   530 I ActivityManager: No longer want com.android.browser (pid 8406): hidden #16
07-05 14:55:24.208   545   548 D dalvikvm: GC_CONCURRENT freed 166K, 9% free 10725K/11719K, paused 7ms+3ms
07-05 14:55:24.333   156   576 I WindowManager: WIN DEATH: Window{4159c9a0 com.android.browser/com.android.browser.BrowserActivity paused=false}
07-05 14:55:24.391   545   548 D dalvikvm: GC_CONCURRENT freed 419K, 8% free 10783K/11719K, paused 4ms+3ms
07-05 14:55:24.602  1370 19597 E DictionaryProvider:UpdateHandler: Can't read a file : android.util.MalformedJsonException: Use JsonReader.setLenient(true) to accept malformed JSON at line 1 column 20
07-05 14:55:24.848   545   548 D dalvikvm: GC_CONCURRENT freed 754K, 11% free 10489K/11719K, paused 2ms+3ms
07-05 14:55:25.137   545   548 D dalvikvm: GC_CONCURRENT freed 409K, 11% free 10466K/11719K, paused 2ms+3ms
07-05 14:55:25.325   545 19600 I DownloadManager: Initiating request for download 6124
07-05 14:55:25.399   545   548 D dalvikvm: GC_CONCURRENT freed 308K, 10% free 10598K/11719K, paused 2ms+4ms
07-05 14:55:25.540   545   548 D dalvikvm: GC_CONCURRENT freed 250K, 8% free 10797K/11719K, paused 2ms+3ms
07-05 14:55:25.731   545   548 D dalvikvm: GC_CONCURRENT freed 742K, 11% free 10526K/11719K, paused 2ms+2ms
07-05 14:55:26.036   545   548 D dalvikvm: GC_CONCURRENT freed 433K, 11% free 10481K/11719K, paused 2ms+2ms
07-05 14:55:26.317   649   651 D dalvikvm: GC_CONCURRENT freed 340K, 30% free 10955K/15559K, paused 13ms+8ms
07-05 14:55:26.520   545   548 D dalvikvm: GC_CONCURRENT freed 404K, 11% free 10463K/11719K, paused 4ms+3ms
07-05 14:55:26.719   545 19604 I DownloadManager: Initiating request for download 6125
07-05 14:55:26.833   545   548 D dalvikvm: GC_CONCURRENT freed 217K, 10% free 10657K/11719K, paused 2ms+3ms
07-05 14:55:26.966   545   548 D dalvikvm: GC_CONCURRENT freed 289K, 8% free 10857K/11719K, paused 2ms+3ms
07-05 14:55:27.196  1370 19606 E DictionaryProvider:UpdateHandler: Can't read a file : android.util.MalformedJsonException: Use JsonReader.setLenient(true) to accept malformed JSON at line 1 column 20
07-05 14:55:27.262   545   548 D dalvikvm: GC_CONCURRENT freed 851K, 11% free 10505K/11719K, paused 2ms+2ms
07-05 14:55:27.594   545   548 D dalvikvm: GC_CONCURRENT freed 419K, 11% free 10475K/11719K, paused 2ms+6ms
07-05 14:55:27.915   545   548 D dalvikvm: GC_CONCURRENT freed 402K, 11% free 10462K/11719K, paused 2ms+3ms
07-05 14:55:27.950   545 19609 I DownloadManager: Initiating request for download 6125
07-05 14:55:28.079   545   548 D dalvikvm: GC_CONCURRENT freed 172K, 9% free 10717K/11719K, paused 1ms+3ms
07-05 14:55:28.216   545   548 D dalvikvm: GC_CONCURRENT freed 296K, 8% free 10888K/11719K, paused 2ms+2ms
07-05 14:55:28.548   545   548 D dalvikvm: GC_CONCURRENT freed 899K, 11% free 10488K/11719K, paused 2ms+4ms
07-05 14:55:28.852   545   548 D dalvikvm: GC_CONCURRENT freed 405K, 11% free 10469K/11719K, paused 2ms+2ms
07-05 14:55:28.938   156   568 I ActivityManager: START {act=android.settings.MANAGE_ALL_APPLICATIONS_SETTINGS flg=0x10800000 cmp=com.android.settings/.Settings$ManageApplicationsActivity} from pid 649
07-05 14:55:29.001   156   156 I ActivityManager: Start proc com.android.settings for activity com.android.settings/.Settings$ManageApplicationsActivity: pid=19612 uid=1000 gids={1015, 3002, 3001, 3003}
07-05 14:55:29.083   156   167 W InputManagerService: Window already focused, ignoring focus gain of: com.android.internal.view.IInputMethodClient$Stub$Proxy@415b29e0
07-05 14:55:29.134    81    81 D dalvikvm: GC_EXPLICIT freed 37K, 4% free 9031K/9347K, paused 1ms+8ms
07-05 14:55:29.145   649   649 D OpenGLRenderer: Flushing caches (mode 1)
07-05 14:55:29.192    81    81 D dalvikvm: GC_EXPLICIT freed <1K, 4% free 9031K/9347K, paused 5ms+6ms
07-05 14:55:29.262    81    81 D dalvikvm: GC_EXPLICIT freed <1K, 4% free 9031K/9347K, paused 3ms+9ms
07-05 14:55:29.298   649   649 D OpenGLRenderer: Flushing caches (mode 0)
07-05 14:55:29.594   156   172 I Process : Sending signal. PID: 19612 SIG: 3
07-05 14:55:29.594 19612 19616 I dalvikvm: threadid=3: reacting to signal 3
07-05 14:55:29.696 19612 19616 I dalvikvm: Wrote stack traces to '/data/anr/traces.txt'
07-05 14:55:29.895   545 19627 I DownloadManager: Initiating request for download 6126
07-05 14:55:30.094   156   172 I Process : Sending signal. PID: 19612 SIG: 3
07-05 14:55:30.094 19612 19616 I dalvikvm: threadid=3: reacting to signal 3
07-05 14:55:30.098 19612 19616 I dalvikvm: Wrote stack traces to '/data/anr/traces.txt'
07-05 14:55:30.157   545   548 D dalvikvm: GC_CONCURRENT freed 294K, 10% free 10610K/11719K, paused 6ms+11ms
07-05 14:55:30.380 19612 19614 D dalvikvm: GC_CONCURRENT freed 160K, 3% free 9371K/9607K, paused 2ms+3ms
07-05 14:55:30.548   545   548 D dalvikvm: GC_CONCURRENT freed 254K, 8% free 10793K/11719K, paused 62ms+3ms
07-05 14:55:30.594   156   172 I Process : Sending signal. PID: 19612 SIG: 3
07-05 14:55:30.594 19612 19616 I dalvikvm: threadid=3: reacting to signal 3
07-05 14:55:30.610 19612 19616 I dalvikvm: Wrote stack traces to '/data/anr/traces.txt'
07-05 14:55:30.778 19612 19612 I ManageApplications: onCreateOptionsMenu in ManageApplications{41388898 #0 id=0x10202d4}: com.android.internal.view.menu.MenuBuilder@413cea38
07-05 14:55:30.825 19612 19612 I ManageApplications: onCreateOptionsMenu in ManageApplications{41388898 #0 id=0x10202d4}: com.android.internal.view.menu.MenuBuilder@413cea38
07-05 14:55:30.887 19612 19612 D libEGL  : loaded /system/lib/egl/libGLES_android.so
07-05 14:55:30.895 19612 19612 D libEGL  : loaded /vendor/lib/egl/libEGL_POWERVR_SGX540_120.so
07-05 14:55:30.907 19612 19612 D libEGL  : loaded /vendor/lib/egl/libGLESv1_CM_POWERVR_SGX540_120.so
07-05 14:55:30.919 19612 19612 D libEGL  : loaded /vendor/lib/egl/libGLESv2_POWERVR_SGX540_120.so
07-05 14:55:30.977 19612 19612 D OpenGLRenderer: Enabling debug mode 0
07-05 14:55:31.055   156   205 I ActivityManager: Displayed com.android.settings/.Settings$ManageApplicationsActivity: +2s84ms
07-05 14:55:31.114 19612 19614 D dalvikvm: GC_CONCURRENT freed 161K, 3% free 9640K/9927K, paused 1ms+2ms
07-05 14:55:31.255   545   548 D dalvikvm: GC_CONCURRENT freed 761K, 11% free 10502K/11719K, paused 13ms+10ms
07-05 14:55:31.536  1370 19630 E DictionaryProvider:UpdateHandler: Can't read a file : android.util.MalformedJsonException: Use JsonReader.setLenient(true) to accept malformed JSON at line 1 column 20
07-05 14:55:31.583  1370  1372 D dalvikvm: GC_CONCURRENT freed 387K, 7% free 9132K/9735K, paused 1ms+2ms
07-05 14:55:31.841   545   548 D dalvikvm: GC_CONCURRENT freed 392K, 11% free 10498K/11719K, paused 1ms+3ms
07-05 14:55:32.169 19612 19614 D dalvikvm: GC_CONCURRENT freed 90K, 3% free 9970K/10183K, paused 1ms+2ms
07-05 14:55:32.266   545   548 D dalvikvm: GC_CONCURRENT freed 419K, 11% free 10471K/11719K, paused 2ms+2ms
07-05 14:55:32.473 19612 19614 D dalvikvm: GC_CONCURRENT freed 49K, 3% free 10324K/10567K, paused 5ms+3ms
07-05 14:55:32.645   545 19633 I DownloadManager: Initiating request for download 6126
07-05 14:55:32.735 19612 19614 D dalvikvm: GC_CONCURRENT freed 69K, 3% free 10702K/10951K, paused 2ms+2ms
07-05 14:55:32.774   545   548 D dalvikvm: GC_CONCURRENT freed 242K, 10% free 10656K/11719K, paused 2ms+2ms
07-05 14:55:32.954   545   548 D dalvikvm: GC_CONCURRENT freed 287K, 8% free 10824K/11719K, paused 2ms+4ms
07-05 14:55:33.051 19612 19626 D dalvikvm: GC_FOR_ALLOC freed 39K, 3% free 11077K/11335K, paused 17ms
07-05 14:55:33.516   156   158 D dalvikvm: GC_CONCURRENT freed 852K, 12% free 14430K/16391K, paused 3ms+7ms
07-05 14:55:33.622   545   548 D dalvikvm: GC_CONCURRENT freed 805K, 11% free 10499K/11719K, paused 2ms+3ms
07-05 14:55:33.946 19612 19614 D dalvikvm: GC_CONCURRENT freed 250K, 4% free 11400K/11847K, paused 1ms+2ms
07-05 14:55:33.993   682  1364 I EventLogService: Aggregate from 1341512733873 (log), 1341512733873 (data)
07-05 14:55:34.485   545   548 D dalvikvm: GC_CONCURRENT freed 419K, 11% free 10469K/11719K, paused 2ms+3ms
07-05 14:55:35.274   545   548 D dalvikvm: GC_CONCURRENT freed 400K, 11% free 10458K/11719K, paused 2ms+3ms
07-05 14:55:35.454   545 19638 I DownloadManager: Initiating request for download 6127
07-05 14:55:35.649   545   548 D dalvikvm: GC_CONCURRENT freed 182K, 9% free 10721K/11719K, paused 2ms+10ms
07-05 14:55:35.899   545   548 D dalvikvm: GC_CONCURRENT freed 316K, 8% free 10873K/11719K, paused 3ms+3ms
07-05 14:55:36.219  1370 19640 E DictionaryProvider:UpdateHandler: Can't read a file : android.util.MalformedJsonException: Use JsonReader.setLenient(true) to accept malformed JSON at line 1 column 20
07-05 14:55:36.497   545   548 D dalvikvm: GC_CONCURRENT freed 877K, 11% free 10488K/11719K, paused 2ms+2ms
07-05 14:55:36.809   545   548 D dalvikvm: GC_CONCURRENT freed 412K, 11% free 10464K/11719K, paused 1ms+8ms
07-05 14:55:37.122   545 19643 I DownloadManager: Initiating request for download 6127
07-05 14:55:37.227   545   548 D dalvikvm: GC_CONCURRENT freed 352K, 11% free 10521K/11719K, paused 2ms+9ms
07-05 14:55:37.403   545   548 D dalvikvm: GC_CONCURRENT freed 193K, 9% free 10748K/11719K, paused 2ms+2ms
07-05 14:55:37.559   545   548 D dalvikvm: GC_CONCURRENT freed 442K, 9% free 10772K/11719K, paused 2ms+3ms
07-05 14:55:37.786   156   403 D dalvikvm: GC_EXPLICIT freed 1274K, 17% free 13645K/16391K, paused 2ms+12ms
07-05 14:55:38.231   545   548 D dalvikvm: GC_CONCURRENT freed 750K, 11% free 10480K/11719K, paused 4ms+3ms
07-05 14:55:38.716   545   548 D dalvikvm: GC_CONCURRENT freed 407K, 11% free 10463K/11719K, paused 2ms+3ms
07-05 14:55:38.966   545 19646 I DownloadManager: Initiating request for download 6128
07-05 14:55:39.063   545   548 D dalvikvm: GC_CONCURRENT freed 244K, 10% free 10661K/11719K, paused 2ms+3ms
07-05 14:55:39.196   545   548 D dalvikvm: GC_CONCURRENT freed 303K, 8% free 10818K/11719K, paused 2ms+2ms
07-05 14:55:39.485  1370 19648 E DictionaryProvider:UpdateHandler: Can't read a file : android.util.MalformedJsonException: Use JsonReader.setLenient(true) to accept malformed JSON at line 1 column 20
07-05 14:55:39.610 19612 19612 I ManageApplications: onCreateOptionsMenu in ManageApplications{41388898 #0 id=0x10202d4}: com.android.internal.view.menu.MenuBuilder@413cea38
07-05 14:55:39.872   545   548 D dalvikvm: GC_CONCURRENT freed 816K, 11% free 10499K/11719K, paused 4ms+56ms
07-05 14:55:40.509   545   548 D dalvikvm: GC_CONCURRENT freed 412K, 11% free 10474K/11719K, paused 2ms+3ms
07-05 14:55:41.063   545   548 D dalvikvm: GC_CONCURRENT freed 402K, 11% free 10458K/11719K, paused 4ms+9ms
07-05 14:55:41.208   545 19652 I DownloadManager: Initiating request for download 6128
07-05 14:55:41.356   545   548 D dalvikvm: GC_CONCURRENT freed 192K, 9% free 10690K/11719K, paused 2ms+3ms
07-05 14:55:41.493   545   548 D dalvikvm: GC_CONCURRENT freed 294K, 8% free 10882K/11719K, paused 2ms+2ms
07-05 14:55:41.907   545   548 D dalvikvm: GC_CONCURRENT freed 895K, 11% free 10483K/11719K, paused 2ms+9ms
07-05 14:55:42.716   545   548 D dalvikvm: GC_CONCURRENT freed 405K, 11% free 10466K/11719K, paused 2ms+19ms
07-05 14:55:42.942   545 19655 I DownloadManager: Initiating request for download 6129
07-05 14:55:43.020   545   548 D dalvikvm: GC_CONCURRENT freed 346K, 10% free 10591K/11719K, paused 3ms+4ms
07-05 14:55:43.145   545   548 D dalvikvm: GC_CONCURRENT freed 237K, 9% free 10776K/11719K, paused 1ms+3ms
07-05 14:55:43.317   545   548 D dalvikvm: GC_CONCURRENT freed 710K, 11% free 10533K/11719K, paused 2ms+3ms
07-05 14:55:43.391  1370 19657 E DictionaryProvider:UpdateHandler: Can't read a file : android.util.MalformedJsonException: Use JsonReader.setLenient(true) to accept malformed JSON at line 1 column 20
07-05 14:55:43.477   465   467 D dalvikvm: GC_CONCURRENT freed 226K, 6% free 10503K/11143K, paused 2ms+3ms
07-05 14:55:43.731   545   548 D dalvikvm: GC_CONCURRENT freed 430K, 11% free 10494K/11719K, paused 2ms+3ms
07-05 14:55:44.024   545   548 D dalvikvm: GC_CONCURRENT freed 413K, 11% free 10466K/11719K, paused 2ms+2ms
07-05 14:55:44.176   545 19660 I DownloadManager: Initiating request for download 6129
07-05 14:55:44.290   545   548 D dalvikvm: GC_CONCURRENT freed 260K, 10% free 10630K/11719K, paused 2ms+3ms
07-05 14:55:44.407   545   548 D dalvikvm: GC_CONCURRENT freed 276K, 9% free 10780K/11719K, paused 1ms+3ms
07-05 14:55:44.563   545   548 D dalvikvm: GC_CONCURRENT freed 717K, 11% free 10531K/11719K, paused 2ms+2ms
07-05 14:55:45.325   545   548 D dalvikvm: GC_CONCURRENT freed 434K, 11% free 10484K/11719K, paused 2ms+2ms
07-05 14:55:45.614   545   548 D dalvikvm: GC_CONCURRENT freed 407K, 11% free 10468K/11719K, paused 2ms+2ms
07-05 14:55:45.798   545 19663 I DownloadManager: Initiating request for download 6130
07-05 14:55:45.895   545   548 D dalvikvm: GC_CONCURRENT freed 233K, 9% free 10697K/11719K, paused 3ms+3ms
07-05 14:55:46.036   545   548 D dalvikvm: GC_CONCURRENT freed 318K, 8% free 10866K/11719K, paused 2ms+5ms
07-05 14:55:46.223  1370 19665 E DictionaryProvider:UpdateHandler: Can't read a file : android.util.MalformedJsonException: Use JsonReader.setLenient(true) to accept malformed JSON at line 1 column 20
07-05 14:55:46.270  1370  1372 D dalvikvm: GC_CONCURRENT freed 387K, 7% free 9135K/9735K, paused 2ms+2ms
07-05 14:55:46.387   545   548 D dalvikvm: GC_CONCURRENT freed 857K, 11% free 10498K/11719K, paused 1ms+4ms
07-05 14:55:46.708   545   548 D dalvikvm: GC_CONCURRENT freed 410K, 11% free 10476K/11719K, paused 2ms+32ms
07-05 14:55:47.009   545   548 D dalvikvm: GC_CONCURRENT freed 400K, 11% free 10461K/11719K, paused 2ms+2ms
07-05 14:55:47.032   545 19668 I DownloadManager: Initiating request for download 6130
07-05 14:55:47.098   156   568 I ActivityManager: START {act=android.intent.action.MAIN cmp=com.android.settings/.SubSettings (has extras)} from pid 19612
07-05 14:55:47.247 19612 19614 D dalvikvm: GC_CONCURRENT freed 433K, 5% free 11718K/12231K, paused 2ms+10ms
07-05 14:55:47.657   156   172 I Process : Sending signal. PID: 19612 SIG: 3
07-05 14:55:47.657 19612 19616 I dalvikvm: threadid=3: reacting to signal 3
07-05 14:55:47.665 19612 19616 I dalvikvm: Wrote stack traces to '/data/anr/traces.txt'
07-05 14:55:47.751   156   205 I ActivityManager: Displayed com.android.settings/.SubSettings: +596ms
07-05 14:55:47.794 19612 19612 D OpenGLRenderer: Flushing caches (mode 0)
07-05 14:55:48.044   545   548 D dalvikvm: GC_CONCURRENT freed 154K, 9% free 10722K/11719K, paused 12ms+4ms
07-05 14:55:48.048 19302 19306 D dalvikvm: GC_CONCURRENT freed 437K, 6% free 9179K/9735K, paused 1ms+2ms
07-05 14:55:48.188   545   548 D dalvikvm: GC_CONCURRENT freed 404K, 9% free 10779K/11719K, paused 2ms+2ms
07-05 14:55:48.551   545   548 D dalvikvm: GC_CONCURRENT freed 747K, 11% free 10495K/11719K, paused 1ms+3ms
07-05 14:55:48.934   545   548 D dalvikvm: GC_CONCURRENT freed 412K, 11% free 10470K/11719K, paused 2ms+3ms
07-05 14:55:49.192   545 19672 I DownloadManager: Initiating request for download 6131
07-05 14:55:49.270   545   548 D dalvikvm: GC_CONCURRENT freed 341K, 11% free 10522K/11719K, paused 2ms+3ms
07-05 14:55:49.450   545   548 D dalvikvm: GC_CONCURRENT freed 191K, 8% free 10785K/11719K, paused 27ms+3ms
07-05 14:55:49.606   545   548 D dalvikvm: GC_CONCURRENT freed 483K, 8% free 10784K/11719K, paused 2ms+3ms
07-05 14:55:49.743  1370 19674 E DictionaryProvider:UpdateHandler: Can't read a file : android.util.MalformedJsonException: Use JsonReader.setLenient(true) to accept malformed JSON at line 1 column 20
07-05 14:55:49.954   545   548 D dalvikvm: GC_CONCURRENT freed 745K, 11% free 10499K/11719K, paused 2ms+2ms
07-05 14:55:50.676   545   548 D dalvikvm: GC_CONCURRENT freed 410K, 11% free 10476K/11719K, paused 2ms+2ms
07-05 14:55:50.805   545 19676 I DownloadManager: Initiating request for download 6131
07-05 14:55:50.884   545   548 D dalvikvm: GC_CONCURRENT freed 223K, 10% free 10647K/11719K, paused 2ms+3ms
07-05 14:55:50.977   545   548 D dalvikvm: GC_CONCURRENT freed 274K, 8% free 10806K/11719K, paused 2ms+3ms
07-05 14:55:51.876   545   548 D dalvikvm: GC_CONCURRENT freed 776K, 11% free 10505K/11719K, paused 2ms+3ms
07-05 14:55:52.173   545   548 D dalvikvm: GC_CONCURRENT freed 411K, 11% free 10483K/11719K, paused 2ms+2ms
07-05 14:55:52.262 19612 19612 I ManageApplications: onCreateOptionsMenu in ManageApplications{41388898 #0 id=0x10202d4}: com.android.internal.view.menu.MenuBuilder@413cea38
07-05 14:55:52.532 19612 19612 D OpenGLRenderer: Flushing caches (mode 0)
07-05 14:55:53.106   545   548 D dalvikvm: GC_CONCURRENT freed 399K, 11% free 10471K/11719K, paused 2ms+2ms
07-05 14:55:53.239   545 19681 I DownloadManager: Initiating request for download 6132
07-05 14:55:53.329   545   548 D dalvikvm: GC_CONCURRENT freed 229K, 9% free 10687K/11719K, paused 2ms+3ms
07-05 14:55:53.559   545   548 D dalvikvm: GC_CONCURRENT freed 305K, 8% free 10856K/11719K, paused 4ms+9ms
07-05 14:55:53.833  1370 19683 E DictionaryProvider:UpdateHandler: Can't read a file : android.util.MalformedJsonException: Use JsonReader.setLenient(true) to accept malformed JSON at line 1 column 20
07-05 14:55:53.934   545   548 D dalvikvm: GC_CONCURRENT freed 837K, 11% free 10510K/11719K, paused 2ms+3ms
07-05 14:55:54.227   545   548 D dalvikvm: GC_CONCURRENT freed 419K, 11% free 10479K/11719K, paused 2ms+2ms
07-05 14:55:54.380   156   210 I ActivityManager: START {act=android.intent.action.MAIN cat=[android.intent.category.HOME] flg=0x10200000 cmp=com.android.launcher/com.android.launcher2.Launcher} from pid 156
07-05 14:55:54.512 19612 19612 D OpenGLRenderer: Flushing caches (mode 0)
07-05 14:55:54.540 19612 19612 D OpenGLRenderer: Flushing caches (mode 1)
07-05 14:55:54.723   545   548 D dalvikvm: GC_CONCURRENT freed 397K, 11% free 10471K/11719K, paused 2ms+6ms
07-05 14:55:54.762   545 19688 I DownloadManager: Initiating request for download 6132
07-05 14:55:54.911   545   548 D dalvikvm: GC_CONCURRENT freed 168K, 9% free 10726K/11719K, paused 4ms+3ms
07-05 14:55:55.063   156   168 I ActivityManager: No longer want edu.buffalo.cse.phonelab.phonelabservices (pid 993): hidden #16
07-05 14:55:55.114   156   167 W ActivityManager: Scheduling restart of crashed service edu.buffalo.cse.phonelab.phonelabservices/edu.buffalo.cse.phonelab.datalogger.LoggerService in 5000ms
07-05 14:55:55.196   545   548 D dalvikvm: GC_CONCURRENT freed 295K, 7% free 10899K/11719K, paused 2ms+3ms
07-05 14:55:55.630   545   548 D dalvikvm: GC_CONCURRENT freed 903K, 11% free 10496K/11719K, paused 3ms+2ms
07-05 14:55:55.950   545   548 D dalvikvm: GC_CONCURRENT freed 405K, 11% free 10477K/11719K, paused 2ms+3ms
07-05 14:55:56.274   545 19691 D dalvikvm: GC_EXPLICIT freed 291K, 11% free 10524K/11719K, paused 2ms+8ms
07-05 14:55:56.282   545 19691 I DownloadManager: Initiating request for download 6133
07-05 14:55:56.407   545   548 D dalvikvm: GC_CONCURRENT freed 188K, 9% free 10751K/11719K, paused 2ms+4ms
07-05 14:55:56.540   545   548 D dalvikvm: GC_CONCURRENT freed 431K, 8% free 10783K/11719K, paused 2ms+3ms
07-05 14:55:56.719  1370 19693 E DictionaryProvider:UpdateHandler: Can't read a file : android.util.MalformedJsonException: Use JsonReader.setLenient(true) to accept malformed JSON at line 1 column 20
07-05 14:55:56.884   545   548 D dalvikvm: GC_CONCURRENT freed 741K, 11% free 10505K/11719K, paused 2ms+3ms
07-05 14:55:57.173   545   548 D dalvikvm: GC_CONCURRENT freed 411K, 11% free 10478K/11719K, paused 2ms+2ms
07-05 14:55:57.364   545 19696 I DownloadManager: Initiating request for download 6133
07-05 14:55:57.446   545   548 D dalvikvm: GC_CONCURRENT freed 313K, 10% free 10596K/11719K, paused 2ms+3ms
07-05 14:55:57.575   545   548 D dalvikvm: GC_CONCURRENT freed 236K, 8% free 10826K/11719K, paused 2ms+3ms
07-05 14:55:57.751   545   548 D dalvikvm: GC_CONCURRENT freed 770K, 11% free 10542K/11719K, paused 2ms+2ms
07-05 14:55:58.055   545   548 D dalvikvm: GC_CONCURRENT freed 436K, 11% free 10493K/11719K, paused 2ms+3ms
07-05 14:55:58.348   545   548 D dalvikvm: GC_CONCURRENT freed 403K, 11% free 10478K/11719K, paused 2ms+2ms
07-05 14:55:58.493   545 19699 I DownloadManager: Initiating request for download 6134
07-05 14:55:58.587   545   548 D dalvikvm: GC_CONCURRENT freed 227K, 9% free 10672K/11719K, paused 2ms+3ms
07-05 14:55:58.719   545   548 D dalvikvm: GC_CONCURRENT freed 305K, 8% free 10847K/11719K, paused 2ms+3ms
07-05 14:55:58.919  1370 19701 E DictionaryProvider:UpdateHandler: Can't read a file : android.util.MalformedJsonException: Use JsonReader.setLenient(true) to accept malformed JSON at line 1 column 20
07-05 14:55:58.981  1370  1372 D dalvikvm: GC_CONCURRENT freed 396K, 7% free 9127K/9735K, paused 2ms+4ms
07-05 14:55:59.028   545   548 D dalvikvm: GC_CONCURRENT freed 826K, 11% free 10512K/11719K, paused 2ms+2ms
07-05 14:55:59.309   545   548 D dalvikvm: GC_CONCURRENT freed 412K, 11% free 10486K/11719K, paused 2ms+2ms
07-05 14:55:59.594   545   548 D dalvikvm: GC_CONCURRENT freed 397K, 11% free 10475K/11719K, paused 2ms+2ms
07-05 14:55:59.653   545 19704 I DownloadManager: Initiating request for download 6134
07-05 14:55:59.762   545   548 D dalvikvm: GC_CONCURRENT freed 181K, 9% free 10709K/11719K, paused 2ms+3ms
07-05 14:55:59.895   545   548 D dalvikvm: GC_CONCURRENT freed 302K, 8% free 10880K/11719K, paused 2ms+3ms
07-05 14:56:00.126   156   173 I ActivityManager: Start proc edu.buffalo.cse.phonelab.phonelabservices for service edu.buffalo.cse.phonelab.phonelabservices/edu.buffalo.cse.phonelab.datalogger.LoggerService: pid=19707 uid=10049 gids={3003, 1015, 1007, 2001}
07-05 14:56:00.141 19707 19713 D dalvikvm: Debugger has detached; object registry had 1 entries
07-05 14:56:00.169 19707 19707 I PhoneLab-LoggerService: Start Logger Service
07-05 14:56:00.176 19707 19720 I PhoneLab-: Service Running
07-05 14:56:00.235 19707 19720 I PhoneLab-LoggerService: app_49    1247  1     1956   1584  c00f181c 400107b4 S logcat
07-05 14:56:00.235 19707 19720 I PhoneLab-LoggerService: Logcat pid from database 1247
07-05 14:56:00.235 19707 19720 I PhoneLab-LoggerService: Logcat process found 1247
07-05 14:56:00.235 19707 19720 I PhoneLab-LoggerService: Checking Threshold
07-05 14:56:00.239 19707 19720 I PhoneLab-LoggerService: Starting to rename files
07-05 14:56:00.251 19707 19720 I PhoneLab-LoggerService: Files found .. 56
07-05 14:56:00.341   545   548 D dalvikvm: GC_CONCURRENT freed 870K, 11% free 10506K/11719K, paused 2ms+3ms
07-05 14:56:00.630   545   548 D dalvikvm: GC_CONCURRENT freed 409K, 11% free 10484K/11719K, paused 2ms+2ms
07-05 14:56:00.864   545 19726 I DownloadManager: Initiating request for download 6135
07-05 14:56:00.946   156   158 D dalvikvm: GC_CONCURRENT freed 996K, 17% free 13680K/16391K, paused 3ms+6ms
07-05 14:56:01.024   545   548 D dalvikvm: GC_CONCURRENT freed 367K, 11% free 10526K/11719K, paused 1ms+2ms
07-05 14:56:01.145   545   548 D dalvikvm: GC_CONCURRENT freed 211K, 9% free 10775K/11719K, paused 2ms+3ms
07-05 14:56:01.301   545   548 D dalvikvm: GC_CONCURRENT freed 468K, 9% free 10778K/11719K, paused 2ms+3ms
07-05 14:56:01.446  1370 19728 E DictionaryProvider:UpdateHandler: Can't read a file : android.util.MalformedJsonException: Use JsonReader.setLenient(true) to accept malformed JSON at line 1 column 20
07-05 14:56:01.676   545   548 D dalvikvm: GC_CONCURRENT freed 745K, 11% free 10492K/11719K, paused 2ms+3ms
07-05 14:56:01.966   545   548 D dalvikvm: GC_CONCURRENT freed 411K, 11% free 10467K/11719K, paused 3ms+2ms
07-05 14:56:02.110   545 19731 I DownloadManager: Initiating request for download 6135
07-05 14:56:02.196   545   548 D dalvikvm: GC_CONCURRENT freed 257K, 10% free 10657K/11719K, paused 2ms+4ms
07-05 14:56:02.341   545   548 D dalvikvm: GC_CONCURRENT freed 289K, 8% free 10829K/11719K, paused 2ms+8ms
07-05 14:56:02.571   545   548 D dalvikvm: GC_CONCURRENT freed 812K, 11% free 10500K/11719K, paused 2ms+2ms
07-05 14:56:02.872   545   548 D dalvikvm: GC_CONCURRENT freed 403K, 11% free 10485K/11719K, paused 2ms+2ms
07-05 14:56:03.149   545   548 D dalvikvm: GC_CONCURRENT freed 407K, 11% free 10463K/11719K, paused 2ms+2ms
07-05 14:56:03.423   156   168 D dalvikvm: GC_EXPLICIT freed 111K, 17% free 13631K/16391K, paused 29ms+5ms
07-05 14:56:03.426   545 19734 I DownloadManager: Initiating request for download 6136
07-05 14:56:03.524   545   548 D dalvikvm: GC_CONCURRENT freed 188K, 9% free 10686K/11719K, paused 2ms+3ms
07-05 14:56:03.657   545   548 D dalvikvm: GC_CONCURRENT freed 293K, 8% free 10885K/11719K, paused 2ms+3ms
07-05 14:56:03.907  1370 19737 E DictionaryProvider:UpdateHandler: Can't read a file : android.util.MalformedJsonException: Use JsonReader.setLenient(true) to accept malformed JSON at line 1 column 20
07-05 14:56:04.130   156   167 W InputManagerService: Starting input on non-focused client com.android.internal.view.IInputMethodClient$Stub$Proxy@415038a8 (uid=1000 pid=19612)
07-05 14:56:04.282   545   548 D dalvikvm: GC_CONCURRENT freed 884K, 11% free 10499K/11719K, paused 9ms+3ms
07-05 14:56:04.626   649   649 D dalvikvm: GC_FOR_ALLOC freed 290K, 30% free 10998K/15559K, paused 24ms
07-05 14:56:04.630   649   649 I dalvikvm-heap: Grow heap (frag case) to 12.182MB for 1440016-byte allocation
07-05 14:56:04.700   649   651 D dalvikvm: GC_CONCURRENT freed 16K, 21% free 12388K/15559K, paused 2ms+5ms
07-05 14:56:05.016   649 19741 D dalvikvm: GC_FOR_ALLOC freed 388K, 18% free 12779K/15559K, paused 25ms
07-05 14:56:05.106   649   649 D dalvikvm: GC_FOR_ALLOC freed 12K, 13% free 13672K/15559K, paused 34ms
07-05 14:56:05.130   649   649 I dalvikvm-heap: Grow heap (frag case) to 14.815MB for 1463056-byte allocation
07-05 14:56:05.153   649   649 D dalvikvm: GC_FOR_ALLOC freed 0K, 12% free 15100K/17031K, paused 24ms
07-05 14:56:05.313   545   548 D dalvikvm: GC_CONCURRENT freed 412K, 11% free 10474K/11719K, paused 23ms+25ms
07-05 14:56:05.344   649   651 D dalvikvm: GC_CONCURRENT freed 5K, 7% free 15871K/17031K, paused 4ms+4ms
07-05 14:56:05.778   545 19743 I DownloadManager: Initiating request for download 6136
07-05 14:56:05.856   545   548 D dalvikvm: GC_CONCURRENT freed 392K, 11% free 10473K/11719K, paused 2ms+3ms
07-05 14:56:06.036   545   548 D dalvikvm: GC_CONCURRENT freed 158K, 9% free 10731K/11719K, paused 2ms+3ms
07-05 14:56:06.173   545   548 D dalvikvm: GC_CONCURRENT freed 409K, 8% free 10794K/11719K, paused 2ms+2ms
07-05 14:56:06.493   545   548 D dalvikvm: GC_CONCURRENT freed 770K, 11% free 10491K/11719K, paused 2ms+2ms
07-05 14:56:06.778   545   548 D dalvikvm: GC_CONCURRENT freed 405K, 11% free 10475K/11719K, paused 2ms+2ms
07-05 14:56:07.001   545 19746 I DownloadManager: Initiating request for download 6137
07-05 14:56:07.079   545   548 D dalvikvm: GC_CONCURRENT freed 329K, 10% free 10557K/11719K, paused 2ms+4ms
07-05 14:56:07.208   545   548 D dalvikvm: GC_CONCURRENT freed 204K, 8% free 10782K/11719K, paused 2ms+2ms
07-05 14:56:07.372   545   548 D dalvikvm: GC_CONCURRENT freed 491K, 9% free 10781K/11719K, paused 2ms+2ms
07-05 14:56:07.509  1370 19748 E DictionaryProvider:UpdateHandler: Can't read a file : android.util.MalformedJsonException: Use JsonReader.setLenient(true) to accept malformed JSON at line 1 column 20
07-05 14:56:07.759   545   548 D dalvikvm: GC_CONCURRENT freed 749K, 11% free 10495K/11719K, paused 2ms+3ms
07-05 14:56:07.817   649   649 D dalvikvm: GC_FOR_ALLOC freed 2797K, 21% free 13756K/17287K, paused 22ms
07-05 14:56:07.962   649   649 D dalvikvm: GC_FOR_ALLOC freed 1433K, 21% free 13753K/17287K, paused 22ms
07-05 14:56:08.344   649   651 D dalvikvm: GC_CONCURRENT freed 3481K, 32% free 11849K/17287K, paused 3ms+3ms
07-05 14:56:08.376   545   548 D dalvikvm: GC_CONCURRENT freed 412K, 11% free 10474K/11719K, paused 3ms+37ms
07-05 14:56:08.501   545 19751 I DownloadManager: Initiating request for download 6137
07-05 14:56:08.594   545   548 D dalvikvm: GC_CONCURRENT freed 227K, 10% free 10656K/11719K, paused 2ms+2ms
07-05 14:56:08.723   545   548 D dalvikvm: GC_CONCURRENT freed 286K, 8% free 10823K/11719K, paused 2ms+3ms
07-05 14:56:08.934   545   548 D dalvikvm: GC_CONCURRENT freed 766K, 11% free 10535K/11719K, paused 2ms+2ms
07-05 14:56:09.239   545   548 D dalvikvm: GC_CONCURRENT freed 433K, 11% free 10489K/11719K, paused 2ms+2ms
07-05 14:56:09.512   545   548 D dalvikvm: GC_CONCURRENT freed 406K, 11% free 10469K/11719K, paused 2ms+2ms
07-05 14:56:09.645   545 19754 I DownloadManager: Initiating request for download 6138
07-05 14:56:09.747   545   548 D dalvikvm: GC_CONCURRENT freed 191K, 9% free 10719K/11719K, paused 2ms+3ms
07-05 14:56:09.884   545   548 D dalvikvm: GC_CONCURRENT freed 320K, 8% free 10870K/11719K, paused 2ms+3ms
07-05 14:56:10.075  1370 19756 E DictionaryProvider:UpdateHandler: Can't read a file : android.util.MalformedJsonException: Use JsonReader.setLenient(true) to accept malformed JSON at line 1 column 20
07-05 14:56:10.114  1370  1372 D dalvikvm: GC_CONCURRENT freed 389K, 7% free 9127K/9735K, paused 2ms+3ms
07-05 14:56:10.231   545   548 D dalvikvm: GC_CONCURRENT freed 856K, 11% free 10504K/11719K, paused 2ms+3ms
07-05 14:56:10.333   156   576 I ActivityManager: START {act=android.intent.action.MAIN cat=[android.intent.category.LAUNCHER] flg=0x10200000 cmp=com.metago.astro/.FileManagerActivity} from pid 649
07-05 14:56:10.399   156   628 I ActivityManager: Start proc com.metago.astro for activity com.metago.astro/.FileManagerActivity: pid=19759 uid=10056 gids={3003, 1015}
07-05 14:56:10.426 19759 19759 I dalvikvm: Turning on JNI app bug workarounds for target SDK version 8...
07-05 14:56:10.501   649   649 D OpenGLRenderer: Flushing caches (mode 1)
07-05 14:56:10.516 19759 19759 I ActivityThread: Pub com.metago.astro.filesystem: com.metago.astro.provider.FileSystemProvider
07-05 14:56:10.548   649   649 D OpenGLRenderer: Flushing caches (mode 0)
07-05 14:56:10.551 19759 19759 I ActivityThread: Pub com.metago.astro.network.sftp: com.metago.astro.provider.FTPFileProvider
07-05 14:56:10.551 19759 19759 I ActivityThread: Pub com.metago.astro.compressed: com.metago.astro.provider.CompressedFileProvider
07-05 14:56:10.551 19759 19759 I ActivityThread: Pub com.metago.astro.extension: com.metago.astro.provider.FileExtensionProvider
07-05 14:56:10.571 19759 19759 D FileManagerActivity: RELEAE_TYPE:NORMAL
07-05 14:56:10.719 19759 19761 D dalvikvm: GC_CONCURRENT freed 164K, 3% free 9355K/9607K, paused 2ms+1ms
07-05 14:56:10.759 19759 19759 E IconManager: Icon id icon.android_application not found in cache
07-05 14:56:10.880 19759 19761 D dalvikvm: GC_CONCURRENT freed 138K, 3% free 9750K/9991K, paused 5ms+2ms
07-05 14:56:10.942   156   172 I Process : Sending signal. PID: 19759 SIG: 3
07-05 14:56:10.942 19759 19763 I dalvikvm: threadid=3: reacting to signal 3
07-05 14:56:10.962 19759 19763 I dalvikvm: Wrote stack traces to '/data/anr/traces.txt'
07-05 14:56:10.993 19759 19759 D dalvikvm: GC_FOR_ALLOC freed 6K, 3% free 10163K/10375K, paused 21ms
07-05 14:56:11.067 19759 19761 D dalvikvm: GC_CONCURRENT freed 6K, 2% free 10560K/10759K, paused 2ms+2ms
07-05 14:56:11.176 19759 19761 D dalvikvm: GC_CONCURRENT freed 106K, 2% free 10955K/11143K, paused 2ms+4ms
07-05 14:56:11.325   414   414 V PhoneStatusBar: setLightsOn(true)
07-05 14:56:11.372   156   512 W InputManagerService: Starting input on non-focused client com.android.internal.view.IInputMethodClient$Stub$Proxy@41529418 (uid=10031 pid=649)
07-05 14:56:11.442   156   172 I Process : Sending signal. PID: 19759 SIG: 3
07-05 14:56:11.442 19759 19763 I dalvikvm: threadid=3: reacting to signal 3
07-05 14:56:11.473 19759 19763 I dalvikvm: Wrote stack traces to '/data/anr/traces.txt'
07-05 14:56:11.501 19759 19759 D dalvikvm: GC_FOR_ALLOC freed 153K, 3% free 11359K/11655K, paused 18ms
07-05 14:56:11.528 19759 19759 D dalvikvm: GC_FOR_ALLOC freed 5K, 3% free 11909K/12231K, paused 18ms
07-05 14:56:11.559 19759 19759 D dalvikvm: GC_FOR_ALLOC freed <1K, 3% free 12661K/12999K, paused 16ms
07-05 14:56:11.591 19759 19759 D dalvikvm: GC_FOR_ALLOC freed 0K, 3% free 13545K/13831K, paused 17ms
07-05 14:56:11.594   156   205 I ActivityManager: Displayed com.metago.astro/.FileManagerActivity: +1s208ms
07-05 14:56:11.805   545   548 D dalvikvm: GC_CONCURRENT freed 407K, 11% free 10482K/11719K, paused 3ms+2ms
07-05 14:56:12.262   545   548 D dalvikvm: GC_CONCURRENT freed 398K, 11% free 10471K/11719K, paused 2ms+3ms
07-05 14:56:12.301   545 19782 I DownloadManager: Initiating request for download 6138
07-05 14:56:12.454   545   548 D dalvikvm: GC_CONCURRENT freed 162K, 9% free 10730K/11719K, paused 1ms+5ms
07-05 14:56:12.895   545   548 D dalvikvm: GC_CONCURRENT freed 283K, 8% free 10891K/11719K, paused 6ms+3ms
07-05 14:56:13.044 19759 19759 D dalvikvm: GC_FOR_ALLOC freed 2540K, 20% free 12289K/15175K, paused 19ms
07-05 14:56:14.934   545   548 D dalvikvm: GC_CONCURRENT freed 886K, 11% free 10501K/11719K, paused 1ms+5ms
07-05 14:56:15.790   545   548 D dalvikvm: GC_CONCURRENT freed 405K, 11% free 10483K/11719K, paused 2ms+3ms
07-05 14:56:16.071   545 19785 I DownloadManager: Initiating request for download 6139
07-05 14:56:16.134   545   548 D dalvikvm: GC_CONCURRENT freed 356K, 11% free 10538K/11719K, paused 3ms+3ms
07-05 14:56:16.270 19759 19759 D dalvikvm: GC_FOR_ALLOC freed 628K, 17% free 12600K/15175K, paused 18ms
07-05 14:56:16.313 19759 19761 D dalvikvm: GC_CONCURRENT freed 15K, 10% free 13674K/15175K, paused 2ms+3ms
07-05 14:56:16.762   545   548 D dalvikvm: GC_CONCURRENT freed 192K, 9% free 10762K/11719K, paused 2ms+3ms
07-05 14:56:16.942   545   548 D dalvikvm: GC_CONCURRENT freed 431K, 8% free 10789K/11719K, paused 2ms+2ms
07-05 14:56:17.169  1370 19787 E DictionaryProvider:UpdateHandler: Can't read a file : android.util.MalformedJsonException: Use JsonReader.setLenient(true) to accept malformed JSON at line 1 column 20
07-05 14:56:17.216  1370 28657 D dalvikvm: GC_EXPLICIT freed 125K, 7% free 9095K/9735K, paused 7ms+3ms
07-05 14:56:17.450   545   548 D dalvikvm: GC_CONCURRENT freed 747K, 11% free 10506K/11719K, paused 1ms+2ms
07-05 14:56:17.801   545   548 D dalvikvm: GC_CONCURRENT freed 410K, 11% free 10480K/11719K, paused 2ms+2ms
07-05 14:56:18.028   545 19790 I DownloadManager: Initiating request for download 6139
07-05 14:56:18.122   545   548 D dalvikvm: GC_CONCURRENT freed 297K, 10% free 10589K/11719K, paused 2ms+9ms
07-05 14:56:18.270   545   548 D dalvikvm: GC_CONCURRENT freed 230K, 8% free 10787K/11719K, paused 2ms+2ms
07-05 14:56:18.469   545   548 D dalvikvm: GC_CONCURRENT freed 704K, 11% free 10544K/11719K, paused 2ms+3ms
07-05 14:56:18.876   545   548 D dalvikvm: GC_CONCURRENT freed 429K, 11% free 10499K/11719K, paused 2ms+4ms
07-05 14:56:18.969   156   403 I ActivityManager: START {act=android.intent.action.VIEW dat=file:///sdcard/Experiment/log.txt typ=text/plain cmp=android/com.android.internal.app.ResolverActivity (has extras)} from pid 19759
07-05 14:56:19.200   156   205 I ActivityManager: Displayed android/com.android.internal.app.ResolverActivity: +164ms
07-05 14:56:19.450   156   576 I ActivityManager: No longer want com.google.android.partnersetup (pid 19219): hidden #16
07-05 14:56:19.469   545   548 D dalvikvm: GC_CONCURRENT freed 405K, 11% free 10481K/11719K, paused 1ms+7ms
07-05 14:56:19.743   545 19793 I DownloadManager: Initiating request for download 6140
07-05 14:56:19.864   545   548 D dalvikvm: GC_CONCURRENT freed 292K, 10% free 10650K/11719K, paused 6ms+7ms
07-05 14:56:20.024   545   548 D dalvikvm: GC_CONCURRENT freed 284K, 8% free 10821K/11719K, paused 2ms+3ms
07-05 14:56:20.290   545   548 D dalvikvm: GC_CONCURRENT freed 751K, 10% free 10548K/11719K, paused 2ms+3ms
07-05 14:56:20.426  1370 19795 E DictionaryProvider:UpdateHandler: Can't read a file : android.util.MalformedJsonException: Use JsonReader.setLenient(true) to accept malformed JSON at line 1 column 20
07-05 14:56:20.684   156   172 I ActivityManager: START {act=android.intent.action.VIEW dat=file:///sdcard/Experiment/log.txt typ=text/plain flg=0x3000000 cmp=com.metago.astro/.FileViewer (has extras)} from pid 156
07-05 14:56:20.880   156   158 D dalvikvm: GC_CONCURRENT freed 602K, 14% free 14144K/16391K, paused 7ms+6ms
07-05 14:56:20.962   545   548 D dalvikvm: GC_CONCURRENT freed 432K, 11% free 10504K/11719K, paused 18ms+3ms
07-05 14:56:21.012   414   414 V PhoneStatusBar: setLightsOn(true)
07-05 14:56:21.149   156   205 I ActivityManager: Displayed com.metago.astro/.FileViewer: +414ms
07-05 14:56:21.317   465   467 D dalvikvm: GC_CONCURRENT freed 511K, 6% free 10477K/11143K, paused 2ms+23ms
07-05 14:56:21.458   414   416 D dalvikvm: GC_CONCURRENT freed 388K, 37% free 10371K/16263K, paused 2ms+4ms
07-05 14:56:21.501   465   465 D dalvikvm: GC_FOR_ALLOC freed 167K, 8% free 10310K/11143K, paused 70ms
07-05 14:56:21.505   465   465 I dalvikvm-heap: Grow heap (frag case) to 10.689MB for 577936-byte allocation
07-05 14:56:21.559   465   467 D dalvikvm: GC_CONCURRENT freed <1K, 8% free 10874K/11719K, paused 2ms+3ms
07-05 14:56:21.622   414   416 D dalvikvm: GC_CONCURRENT freed 359K, 36% free 10497K/16263K, paused 5ms+5ms
07-05 14:56:22.235   545   548 D dalvikvm: GC_CONCURRENT freed 409K, 11% free 10484K/11719K, paused 15ms+3ms
07-05 14:56:22.454   545 19803 I DownloadManager: Initiating request for download 6140
07-05 14:56:22.555   545   548 D dalvikvm: GC_CONCURRENT freed 239K, 9% free 10671K/11719K, paused 9ms+3ms
07-05 14:56:22.735   545   548 D dalvikvm: GC_CONCURRENT freed 289K, 8% free 10830K/11719K, paused 2ms+3ms
07-05 14:56:22.942   545   548 D dalvikvm: GC_CONCURRENT freed 778K, 11% free 10536K/11719K, paused 2ms+3ms
07-05 14:56:23.333   545   548 D dalvikvm: GC_CONCURRENT freed 434K, 11% free 10489K/11719K, paused 2ms+2ms
07-05 14:56:23.626   545   548 D dalvikvm: GC_CONCURRENT freed 405K, 11% free 10473K/11719K, paused 2ms+3ms
07-05 14:56:23.751   545 19806 I DownloadManager: Initiating request for download 6141
07-05 14:56:23.805   545 19808 I DownloadManager: Initiating request for download 6142
07-05 14:56:23.876   545   548 D dalvikvm: GC_CONCURRENT freed 195K, 9% free 10716K/11719K, paused 2ms+3ms
07-05 14:56:24.005   545   548 D dalvikvm: GC_CONCURRENT freed 291K, 8% free 10896K/11719K, paused 2ms+2ms
07-05 14:56:24.184   545   548 D dalvikvm: GC_CONCURRENT freed 692K, 9% free 10737K/11719K, paused 2ms+4ms
07-05 14:56:24.305   545   548 D dalvikvm: GC_CONCURRENT freed 321K, 8% free 10892K/11719K, paused 2ms+3ms
07-05 14:56:24.606   545   548 D dalvikvm: GC_CONCURRENT freed 854K, 11% free 10541K/11719K, paused 1ms+3ms
07-05 14:56:24.684  1370 19811 E DictionaryProvider:UpdateHandler: Can't read a file : android.util.MalformedJsonException: Use JsonReader.setLenient(true) to accept malformed JSON at line 1 column 20
07-05 14:56:24.934   545   548 D dalvikvm: GC_CONCURRENT freed 435K, 11% free 10494K/11719K, paused 2ms+2ms
07-05 14:56:25.165   545 19814 I DownloadManager: Initiating request for download 6141
07-05 14:56:25.165   545 19815 I DownloadManager: Initiating request for download 6142
07-05 14:56:25.239   545   548 D dalvikvm: GC_CONCURRENT freed 399K, 10% free 10570K/11719K, paused 2ms+2ms
07-05 14:56:25.333   156   593 D dalvikvm: JIT code cache reset in 6 ms (1048556 bytes 4/0)
07-05 14:56:25.348   156   593 D dalvikvm: GC_EXPLICIT freed 459K, 15% free 13988K/16391K, paused 3ms+13ms
07-05 14:56:25.438   545   548 D dalvikvm: GC_CONCURRENT freed 189K, 8% free 10798K/11719K, paused 2ms+3ms
07-05 14:56:25.594   545   548 D dalvikvm: GC_CONCURRENT freed 456K, 8% free 10825K/11719K, paused 2ms+3ms
07-05 14:56:25.743   545   548 D dalvikvm: GC_CONCURRENT freed 536K, 8% free 10825K/11719K, paused 2ms+4ms
07-05 14:56:25.907   545   548 D dalvikvm: GC_CONCURRENT freed 487K, 8% free 10833K/11719K, paused 1ms+3ms
07-05 14:56:26.333   545   548 D dalvikvm: GC_CONCURRENT freed 816K, 11% free 10495K/11719K, paused 2ms+2ms
07-05 14:56:26.626   545   548 D dalvikvm: GC_CONCURRENT freed 409K, 11% free 10475K/11719K, paused 2ms+2ms
07-05 14:56:26.739   545 19820 I DownloadManager: Initiating request for download 6143
07-05 14:56:26.844   545   548 D dalvikvm: GC_CONCURRENT freed 193K, 9% free 10697K/11719K, paused 2ms+4ms
07-05 14:56:26.977   545   548 D dalvikvm: GC_CONCURRENT freed 296K, 8% free 10869K/11719K, paused 2ms+3ms
07-05 14:56:27.200  1370 19822 E DictionaryProvider:UpdateHandler: Can't read a file : android.util.MalformedJsonException: Use JsonReader.setLenient(true) to accept malformed JSON at line 1 column 20
07-05 14:56:27.469   545   548 D dalvikvm: GC_CONCURRENT freed 850K, 11% free 10509K/11719K, paused 2ms+3ms
07-05 14:56:27.887   545   548 D dalvikvm: GC_CONCURRENT freed 410K, 11% free 10488K/11719K, paused 2ms+2ms
07-05 14:56:28.223   545   548 D dalvikvm: GC_CONCURRENT freed 403K, 11% free 10473K/11719K, paused 1ms+2ms
07-05 14:56:28.270   545 19825 I DownloadManager: Initiating request for download 6143
07-05 14:56:28.384   545   548 D dalvikvm: GC_CONCURRENT freed 168K, 9% free 10724K/11719K, paused 2ms+3ms
07-05 14:56:28.520   545   548 D dalvikvm: GC_CONCURRENT freed 300K, 7% free 10918K/11719K, paused 2ms+3ms
07-05 14:56:28.860  1370  1372 D dalvikvm: GC_CONCURRENT freed 349K, 7% free 9133K/9735K, paused 2ms+3ms
07-05 14:56:29.055   545   548 D dalvikvm: GC_CONCURRENT freed 924K, 11% free 10499K/11719K, paused 2ms+2ms
07-05 14:56:29.485   545   548 D dalvikvm: GC_CONCURRENT freed 404K, 11% free 10481K/11719K, paused 1ms+2ms
07-05 14:56:29.719   545 19828 I DownloadManager: Initiating request for download 6144
07-05 14:56:29.813   545   548 D dalvikvm: GC_CONCURRENT freed 328K, 10% free 10615K/11719K, paused 3ms+4ms
07-05 14:56:29.958   545   548 D dalvikvm: GC_CONCURRENT freed 253K, 8% free 10821K/11719K, paused 2ms+3ms
07-05 14:56:30.137   545   548 D dalvikvm: GC_CONCURRENT freed 750K, 11% free 10545K/11719K, paused 2ms+2ms
07-05 14:56:30.430   545   548 D dalvikvm: GC_CONCURRENT freed 399K, 11% free 10534K/11719K, paused 2ms+3ms
07-05 14:56:30.716   545   548 D dalvikvm: GC_CONCURRENT freed 401K, 11% free 10519K/11719K, paused 2ms+2ms
07-05 14:56:32.040  1370 19831 E DictionaryProvider:UpdateHandler: Can't read a file : android.util.MalformedJsonException: Use JsonReader.setLenient(true) to accept malformed JSON at line 1 column 20
07-05 14:56:32.173   545   548 D dalvikvm: GC_CONCURRENT freed 383K, 11% free 10522K/11719K, paused 1ms+2ms
07-05 14:56:32.477   545   548 D dalvikvm: GC_CONCURRENT freed 418K, 11% free 10491K/11719K, paused 2ms+2ms
07-05 14:56:32.770   545   548 D dalvikvm: GC_CONCURRENT freed 399K, 11% free 10481K/11719K, paused 2ms+2ms
07-05 14:56:32.880   545 19834 I DownloadManager: Initiating request for download 6144
07-05 14:56:32.884   545 19834 W DownloadManager: Aborting request for download 6144: Trying to resume a download that can't be resumed
07-05 14:56:33.141   545   548 D dalvikvm: GC_CONCURRENT freed 356K, 11% free 10512K/11719K, paused 2ms+3ms
07-05 14:56:33.438   545   548 D dalvikvm: GC_CONCURRENT freed 408K, 11% free 10491K/11719K, paused 2ms+2ms
07-05 14:56:33.723   545   548 D dalvikvm: GC_CONCURRENT freed 399K, 11% free 10478K/11719K, paused 2ms+2ms
07-05 14:56:33.852   545 19837 I DownloadManager: Initiating request for download 6145
07-05 14:56:33.966   545   548 D dalvikvm: GC_CONCURRENT freed 202K, 9% free 10713K/11719K, paused 2ms+3ms
07-05 14:56:34.102   545   548 D dalvikvm: GC_CONCURRENT freed 319K, 8% free 10889K/11719K, paused 2ms+2ms
07-05 14:56:34.321  1370 19839 E DictionaryProvider:UpdateHandler: Can't read a file : android.util.MalformedJsonException: Use JsonReader.setLenient(true) to accept malformed JSON at line 1 column 20
07-05 14:56:34.438   545   548 D dalvikvm: GC_CONCURRENT freed 869K, 11% free 10518K/11719K, paused 2ms+3ms
07-05 14:56:34.719   545   548 D dalvikvm: GC_CONCURRENT freed 414K, 11% free 10492K/11719K, paused 2ms+3ms
07-05 14:56:34.989   545 19842 I DownloadManager: Initiating request for download 6145
07-05 14:56:35.020   545   548 D dalvikvm: GC_CONCURRENT freed 400K, 11% free 10485K/11719K, paused 2ms+2ms
07-05 14:56:35.141   545   548 D dalvikvm: GC_CONCURRENT freed 153K, 9% free 10744K/11719K, paused 2ms+3ms
07-05 14:56:35.274   545   548 D dalvikvm: GC_CONCURRENT freed 298K, 7% free 10907K/11719K, paused 2ms+2ms
07-05 14:56:35.610   545   548 D dalvikvm: GC_CONCURRENT freed 903K, 11% free 10511K/11719K, paused 2ms+2ms
07-05 14:56:35.903   545   548 D dalvikvm: GC_CONCURRENT freed 409K, 11% free 10490K/11719K, paused 2ms+3ms
07-05 14:56:36.126   156   210 I ActivityManager: START {act=android.intent.action.MAIN cat=[android.intent.category.HOME] flg=0x10200000 cmp=com.android.launcher/com.android.launcher2.Launcher} from pid 156
07-05 14:56:36.348   414   414 D dalvikvm: GC_FOR_ALLOC freed 501K, 37% free 10347K/16263K, paused 95ms
07-05 14:56:36.458   545 19846 I DownloadManager: Initiating request for download 6146
07-05 14:56:36.591   545   548 D dalvikvm: GC_CONCURRENT freed 328K, 10% free 10581K/11719K, paused 4ms+3ms
07-05 14:56:36.755   545   548 D dalvikvm: GC_CONCURRENT freed 216K, 8% free 10788K/11719K, paused 2ms+2ms
07-05 14:56:37.063   545   548 D dalvikvm: GC_CONCURRENT freed 463K, 8% free 10810K/11719K, paused 2ms+2ms
07-05 14:56:37.262  1370 19850 E DictionaryProvider:UpdateHandler: Can't read a file : android.util.MalformedJsonException: Use JsonReader.setLenient(true) to accept malformed JSON at line 1 column 20
07-05 14:56:37.387 19302 19306 D dalvikvm: GC_CONCURRENT freed 441K, 6% free 9179K/9735K, paused 2ms+2ms
07-05 14:56:37.622   545   548 D dalvikvm: GC_CONCURRENT freed 771K, 11% free 10512K/11719K, paused 1ms+2ms
07-05 14:56:37.907   545   548 D dalvikvm: GC_CONCURRENT freed 410K, 11% free 10487K/11719K, paused 2ms+2ms
07-05 14:56:38.051   545 19853 I DownloadManager: Initiating request for download 6146
07-05 14:56:38.134   545   548 D dalvikvm: GC_CONCURRENT freed 244K, 9% free 10671K/11719K, paused 2ms+3ms
07-05 14:56:38.231   545 19830 D dalvikvm: GC_EXPLICIT freed 266K, 8% free 10867K/11719K, paused 2ms+7ms
07-05 14:56:38.532   545   548 D dalvikvm: GC_CONCURRENT freed 841K, 11% free 10519K/11719K, paused 2ms+3ms
07-05 14:56:38.817   545   548 D dalvikvm: GC_CONCURRENT freed 406K, 11% free 10499K/11719K, paused 2ms+3ms
07-05 14:56:39.114   545   548 D dalvikvm: GC_CONCURRENT freed 401K, 11% free 10485K/11719K, paused 2ms+3ms
07-05 14:56:39.223   545 19856 I DownloadManager: Initiating request for download 6147
07-05 14:56:39.344   545   548 D dalvikvm: GC_CONCURRENT freed 197K, 9% free 10700K/11719K, paused 2ms+2ms
07-05 14:56:39.473   545   548 D dalvikvm: GC_CONCURRENT freed 306K, 8% free 10865K/11719K, paused 2ms+2ms
07-05 14:56:39.673  1370 19858 E DictionaryProvider:UpdateHandler: Can't read a file : android.util.MalformedJsonException: Use JsonReader.setLenient(true) to accept malformed JSON at line 1 column 20
07-05 14:56:39.759   545   548 D dalvikvm: GC_CONCURRENT freed 824K, 11% free 10530K/11719K, paused 2ms+4ms
07-05 14:56:40.055   545   548 D dalvikvm: GC_CONCURRENT freed 418K, 11% free 10502K/11719K, paused 2ms+3ms
07-05 14:56:40.329   545   548 D dalvikvm: GC_CONCURRENT freed 402K, 11% free 10488K/11719K, paused 2ms+2ms
07-05 14:56:40.387   545 19861 I DownloadManager: Initiating request for download 6147
07-05 14:56:40.497   545   548 D dalvikvm: GC_CONCURRENT freed 176K, 9% free 10758K/11719K, paused 2ms+3ms
07-05 14:56:40.630   545   548 D dalvikvm: GC_CONCURRENT freed 324K, 7% free 10911K/11719K, paused 2ms+2ms
07-05 14:56:40.837  1370  1372 D dalvikvm: GC_CONCURRENT freed 392K, 7% free 9129K/9735K, paused 2ms+2ms
07-05 14:56:40.981   545   548 D dalvikvm: GC_CONCURRENT freed 902K, 11% free 10516K/11719K, paused 2ms+2ms
07-05 14:56:41.259   682  1055 E GTalkService: connectionClosed: no XMPPConnection - That's strange!
07-05 14:56:41.270   545   548 D dalvikvm: GC_CONCURRENT freed 409K, 11% free 10494K/11719K, paused 2ms+3ms
07-05 14:56:41.516   545 19864 I DownloadManager: Initiating request for download 6148
07-05 14:56:41.594   545   548 D dalvikvm: GC_CONCURRENT freed 349K, 11% free 10543K/11719K, paused 2ms+3ms
07-05 14:56:41.731   545   548 D dalvikvm: GC_CONCURRENT freed 183K, 9% free 10774K/11719K, paused 2ms+4ms
07-05 14:56:41.872   545   548 D dalvikvm: GC_CONCURRENT freed 432K, 8% free 10808K/11719K, paused 2ms+2ms
07-05 14:56:42.044  1370 19866 E DictionaryProvider:UpdateHandler: Can't read a file : android.util.MalformedJsonException: Use JsonReader.setLenient(true) to accept malformed JSON at line 1 column 20
07-05 14:56:42.243   545   548 D dalvikvm: GC_CONCURRENT freed 759K, 11% free 10519K/11719K, paused 2ms+3ms
07-05 14:56:42.548   545   548 D dalvikvm: GC_CONCURRENT freed 411K, 11% free 10495K/11719K, paused 2ms+2ms
07-05 14:56:42.731   545 19869 I DownloadManager: Initiating request for download 6148
07-05 14:56:42.813   545   548 D dalvikvm: GC_CONCURRENT freed 313K, 10% free 10606K/11719K, paused 2ms+2ms
07-05 14:56:42.938   545   548 D dalvikvm: GC_CONCURRENT freed 241K, 8% free 10811K/11719K, paused 2ms+3ms
07-05 14:56:43.091   545   548 D dalvikvm: GC_CONCURRENT freed 492K, 8% free 10811K/11719K, paused 2ms+2ms
07-05 14:56:43.458   545   548 D dalvikvm: GC_CONCURRENT freed 773K, 11% free 10512K/11719K, paused 1ms+3ms
07-05 14:56:43.743   545   548 D dalvikvm: GC_CONCURRENT freed 407K, 11% free 10492K/11719K, paused 2ms+3ms
07-05 14:56:43.887   545 19872 I DownloadManager: Initiating request for download 6149
07-05 14:56:43.997   545   548 D dalvikvm: GC_CONCURRENT freed 223K, 9% free 10724K/11719K, paused 2ms+3ms
07-05 14:56:44.134   545   548 D dalvikvm: GC_CONCURRENT freed 318K, 7% free 10900K/11719K, paused 2ms+4ms
07-05 14:56:44.278   156   330 D ConnectivityService: handleInetConditionHoldEnd: net=1, condition=0, published condition=0
07-05 14:56:44.348  1370 19874 E DictionaryProvider:UpdateHandler: Can't read a file : android.util.MalformedJsonException: Use JsonReader.setLenient(true) to accept malformed JSON at line 1 column 20
07-05 14:56:44.489   545   548 D dalvikvm: GC_CONCURRENT freed 872K, 11% free 10530K/11719K, paused 2ms+4ms
07-05 14:56:44.774   545   548 D dalvikvm: GC_CONCURRENT freed 415K, 11% free 10502K/11719K, paused 2ms+2ms
07-05 14:56:45.063   545   548 D dalvikvm: GC_CONCURRENT freed 398K, 11% free 10491K/11719K, paused 2ms+2ms
07-05 14:56:45.087   545 19877 I DownloadManager: Initiating request for download 6149
07-05 14:56:45.200   545   548 D dalvikvm: GC_CONCURRENT freed 158K, 9% free 10756K/11719K, paused 2ms+3ms
07-05 14:56:45.333   545   548 D dalvikvm: GC_CONCURRENT freed 309K, 7% free 10923K/11719K, paused 2ms+3ms
07-05 14:56:45.657   545   548 D dalvikvm: GC_CONCURRENT freed 913K, 11% free 10518K/11719K, paused 2ms+3ms
07-05 14:56:45.942   545   548 D dalvikvm: GC_CONCURRENT freed 408K, 11% free 10498K/11719K, paused 2ms+2ms
07-05 14:56:46.184   545 19880 I DownloadManager: Initiating request for download 6150
07-05 14:56:46.270   545   548 D dalvikvm: GC_CONCURRENT freed 324K, 10% free 10641K/11719K, paused 2ms+3ms
07-05 14:56:46.411   545   548 D dalvikvm: GC_CONCURRENT freed 256K, 8% free 10836K/11719K, paused 2ms+2ms
07-05 14:56:46.598   545   548 D dalvikvm: GC_CONCURRENT freed 760K, 10% free 10564K/11719K, paused 3ms+4ms
07-05 14:56:46.676  1370 19882 E DictionaryProvider:UpdateHandler: Can't read a file : android.util.MalformedJsonException: Use JsonReader.setLenient(true) to accept malformed JSON at line 1 column 20
07-05 14:56:46.926   545   548 D dalvikvm: GC_CONCURRENT freed 430K, 11% free 10524K/11719K, paused 2ms+3ms
07-05 14:56:47.216   545   548 D dalvikvm: GC_CONCURRENT freed 410K, 11% free 10502K/11719K, paused 2ms+3ms
07-05 14:56:47.364   545 19885 I DownloadManager: Initiating request for download 6150
07-05 14:56:47.454   545   548 D dalvikvm: GC_CONCURRENT freed 249K, 9% free 10679K/11719K, paused 2ms+3ms
07-05 14:56:47.591   545   548 D dalvikvm: GC_CONCURRENT freed 299K, 8% free 10859K/11719K, paused 2ms+4ms
07-05 14:56:47.657   682   682 I GTalkService/c: [AndroidEndpoint@1095403848] connect: acct=1000001, state=CONNECTING
07-05 14:56:47.739   156   594 D dalvikvm: GC_EXPLICIT freed 856K, 16% free 13834K/16391K, paused 3ms+6ms
07-05 14:56:47.911   545   548 D dalvikvm: GC_CONCURRENT freed 790K, 10% free 10564K/11719K, paused 2ms+3ms
07-05 14:56:48.204   545   548 D dalvikvm: GC_CONCURRENT freed 453K, 11% free 10499K/11719K, paused 2ms+3ms
07-05 14:56:48.489   545   548 D dalvikvm: GC_CONCURRENT freed 403K, 11% free 10482K/11719K, paused 2ms+4ms
07-05 14:56:48.637   545 19888 I DownloadManager: Initiating request for download 6151
07-05 14:56:48.766   545   548 D dalvikvm: GC_CONCURRENT freed 211K, 9% free 10706K/11719K, paused 2ms+3ms
07-05 14:56:48.899   545   548 D dalvikvm: GC_CONCURRENT freed 290K, 8% free 10872K/11719K, paused 2ms+3ms
07-05 14:56:49.137  1370 19890 E DictionaryProvider:UpdateHandler: Can't read a file : android.util.MalformedJsonException: Use JsonReader.setLenient(true) to accept malformed JSON at line 1 column 20
07-05 14:56:49.188   545   548 D dalvikvm: GC_CONCURRENT freed 859K, 11% free 10524K/11719K, paused 2ms+3ms
07-05 14:56:49.485   545   548 D dalvikvm: GC_CONCURRENT freed 418K, 11% free 10493K/11719K, paused 2ms+2ms
07-05 14:56:49.759   545   548 D dalvikvm: GC_CONCURRENT freed 397K, 11% free 10482K/11719K, paused 2ms+2ms
07-05 14:56:49.809   545 19893 I DownloadManager: Initiating request for download 6151
07-05 14:56:49.919   545   548 D dalvikvm: GC_CONCURRENT freed 177K, 9% free 10732K/11719K, paused 2ms+3ms
07-05 14:56:50.051   545   548 D dalvikvm: GC_CONCURRENT freed 302K, 7% free 10902K/11719K, paused 2ms+3ms
07-05 14:56:50.270  1370  1372 D dalvikvm: GC_CONCURRENT freed 393K, 7% free 9127K/9735K, paused 1ms+2ms
07-05 14:56:50.391   545   548 D dalvikvm: GC_CONCURRENT freed 895K, 11% free 10510K/11719K, paused 2ms+2ms
07-05 14:56:50.673   545   548 D dalvikvm: GC_CONCURRENT freed 406K, 11% free 10491K/11719K, paused 2ms+2ms
07-05 14:56:50.930   545 19896 I DownloadManager: Initiating request for download 6152
07-05 14:56:51.005   545   548 D dalvikvm: GC_CONCURRENT freed 358K, 11% free 10545K/11719K, paused 3ms+3ms
07-05 14:56:51.130   545   548 D dalvikvm: GC_CONCURRENT freed 181K, 9% free 10770K/11719K, paused 2ms+2ms
07-05 14:56:51.274   545   548 D dalvikvm: GC_CONCURRENT freed 437K, 8% free 10810K/11719K, paused 2ms+3ms
07-05 14:56:51.442  1370 19898 E DictionaryProvider:UpdateHandler: Can't read a file : android.util.MalformedJsonException: Use JsonReader.setLenient(true) to accept malformed JSON at line 1 column 20
07-05 14:56:51.637   545   548 D dalvikvm: GC_CONCURRENT freed 764K, 11% free 10518K/11719K, paused 1ms+3ms
07-05 14:56:51.934   545   548 D dalvikvm: GC_CONCURRENT freed 411K, 11% free 10492K/11719K, paused 1ms+3ms
07-05 14:56:52.134   545 19901 I DownloadManager: Initiating request for download 6152
07-05 14:56:52.200   545   548 D dalvikvm: GC_CONCURRENT freed 332K, 10% free 10557K/11719K, paused 2ms+3ms
07-05 14:56:52.321   545   548 D dalvikvm: GC_CONCURRENT freed 191K, 9% free 10778K/11719K, paused 2ms+2ms
07-05 14:56:52.473   545   548 D dalvikvm: GC_CONCURRENT freed 447K, 8% free 10807K/11719K, paused 2ms+2ms
07-05 14:56:52.805   545   548 D dalvikvm: GC_CONCURRENT freed 765K, 11% free 10511K/11719K, paused 2ms+2ms
07-05 14:56:53.087   545   548 D dalvikvm: GC_CONCURRENT freed 406K, 11% free 10490K/11719K, paused 2ms+2ms
07-05 14:56:53.290   545 19904 I DownloadManager: Initiating request for download 6153
07-05 14:56:53.380   545   548 D dalvikvm: GC_CONCURRENT freed 277K, 10% free 10640K/11719K, paused 2ms+3ms
07-05 14:56:53.512   545   548 D dalvikvm: GC_CONCURRENT freed 263K, 8% free 10836K/11719K, paused 2ms+2ms
07-05 14:56:53.684   545   548 D dalvikvm: GC_CONCURRENT freed 764K, 10% free 10555K/11719K, paused 2ms+3ms
07-05 14:56:53.770  1370 19906 E DictionaryProvider:UpdateHandler: Can't read a file : android.util.MalformedJsonException: Use JsonReader.setLenient(true) to accept malformed JSON at line 1 column 20
07-05 14:56:53.864   465   467 D dalvikvm: GC_CONCURRENT freed 259K, 6% free 11115K/11719K, paused 2ms+2ms
07-05 14:56:54.059   545   548 D dalvikvm: GC_CONCURRENT freed 426K, 11% free 10515K/11719K, paused 3ms+2ms
07-05 14:56:54.348   545   548 D dalvikvm: GC_CONCURRENT freed 408K, 11% free 10493K/11719K, paused 2ms+3ms
07-05 14:56:54.509   545 19909 I DownloadManager: Initiating request for download 6153
07-05 14:56:54.594   545   548 D dalvikvm: GC_CONCURRENT freed 250K, 9% free 10679K/11719K, paused 2ms+3ms
07-05 14:56:54.727   545   548 D dalvikvm: GC_CONCURRENT freed 291K, 8% free 10860K/11719K, paused 2ms+3ms
07-05 14:56:54.950   545   548 D dalvikvm: GC_CONCURRENT freed 828K, 11% free 10527K/11719K, paused 2ms+3ms
07-05 14:56:55.259   545   548 D dalvikvm: GC_CONCURRENT freed 407K, 11% free 10507K/11719K, paused 2ms+3ms
07-05 14:56:55.536   545   548 D dalvikvm: GC_CONCURRENT freed 404K, 11% free 10491K/11719K, paused 2ms+2ms
07-05 14:56:55.657   545 19912 I DownloadManager: Initiating request for download 6154
07-05 14:56:55.743   545   548 D dalvikvm: GC_CONCURRENT freed 196K, 9% free 10701K/11719K, paused 2ms+2ms
07-05 14:56:55.876   545   548 D dalvikvm: GC_CONCURRENT freed 306K, 8% free 10874K/11719K, paused 2ms+3ms
07-05 14:56:56.110   545   548 D dalvikvm: GC_CONCURRENT freed 843K, 11% free 10524K/11719K, paused 2ms+3ms
07-05 14:56:56.391   545   548 D dalvikvm: GC_CONCURRENT freed 406K, 11% free 10503K/11719K, paused 2ms+2ms
07-05 14:56:56.680   545   548 D dalvikvm: GC_CONCURRENT freed 398K, 11% free 10491K/11719K, paused 2ms+3ms
07-05 14:56:57.020  1370 19914 E DictionaryProvider:UpdateHandler: Can't read a file : android.util.MalformedJsonException: Use JsonReader.setLenient(true) to accept malformed JSON at line 1 column 20
07-05 14:56:57.243   545   548 D dalvikvm: GC_CONCURRENT freed 353K, 11% free 10525K/11719K, paused 2ms+3ms
07-05 14:56:57.540   545   548 D dalvikvm: GC_CONCURRENT freed 412K, 11% free 10501K/11719K, paused 2ms+4ms
07-05 14:56:57.825   545   548 D dalvikvm: GC_CONCURRENT freed 400K, 11% free 10489K/11719K, paused 2ms+2ms
07-05 14:56:58.157   545   548 D dalvikvm: GC_CONCURRENT freed 358K, 11% free 10519K/11719K, paused 2ms+3ms
07-05 14:56:58.438   545   548 D dalvikvm: GC_CONCURRENT freed 405K, 11% free 10500K/11719K, paused 2ms+2ms
07-05 14:56:58.716   545 19917 I DownloadManager: Initiating request for download 6155
07-05 14:56:58.778   545   548 D dalvikvm: GC_CONCURRENT freed 394K, 11% free 10499K/11719K, paused 2ms+2ms
07-05 14:56:58.911   545   548 D dalvikvm: GC_CONCURRENT freed 154K, 9% free 10757K/11719K, paused 3ms+3ms
07-05 14:56:59.032   545   548 D dalvikvm: GC_CONCURRENT freed 307K, 7% free 10923K/11719K, paused 2ms+3ms
07-05 14:56:59.344   545   548 D dalvikvm: GC_CONCURRENT freed 889K, 11% free 10543K/11719K, paused 2ms+2ms
07-05 14:56:59.630   545   548 D dalvikvm: GC_CONCURRENT freed 424K, 11% free 10505K/11719K, paused 2ms+3ms
07-05 14:57:00.778  1370 19919 E DictionaryProvider:UpdateHandler: Can't read a file : android.util.MalformedJsonException: Use JsonReader.setLenient(true) to accept malformed JSON at line 1 column 20
07-05 14:57:00.872   545   548 D dalvikvm: GC_CONCURRENT freed 354K, 11% free 10542K/11719K, paused 2ms+3ms
07-05 14:57:01.157   545   548 D dalvikvm: GC_CONCURRENT freed 415K, 11% free 10515K/11719K, paused 3ms+2ms
07-05 14:57:01.430   545   548 D dalvikvm: GC_CONCURRENT freed 402K, 11% free 10498K/11719K, paused 2ms+3ms
07-05 14:57:01.770   545   548 D dalvikvm: GC_CONCURRENT freed 358K, 11% free 10530K/11719K, paused 1ms+2ms
07-05 14:57:02.051   545   548 D dalvikvm: GC_CONCURRENT freed 409K, 11% free 10508K/11719K, paused 2ms+3ms
07-05 14:57:02.341   545   548 D dalvikvm: GC_CONCURRENT freed 397K, 11% free 10501K/11719K, paused 2ms+3ms
07-05 14:57:02.540   545 19922 I DownloadManager: Initiating request for download 6156
07-05 14:57:02.661   545   548 D dalvikvm: GC_CONCURRENT freed 260K, 9% free 10702K/11719K, paused 2ms+3ms
07-05 14:57:02.790   545   548 D dalvikvm: GC_CONCURRENT freed 306K, 8% free 10862K/11719K, paused 2ms+2ms
07-05 14:57:03.012   545   548 D dalvikvm: GC_CONCURRENT freed 792K, 10% free 10562K/11719K, paused 2ms+2ms
07-05 14:57:03.098  1370 19924 E DictionaryProvider:UpdateHandler: Can't read a file : android.util.MalformedJsonException: Use JsonReader.setLenient(true) to accept malformed JSON at line 1 column 20
07-05 14:57:03.134  1370  1372 D dalvikvm: GC_CONCURRENT freed 428K, 7% free 9135K/9735K, paused 2ms+2ms
07-05 14:57:03.372   545   548 D dalvikvm: GC_CONCURRENT freed 431K, 11% free 10519K/11719K, paused 2ms+4ms
07-05 14:57:03.665   545   548 D dalvikvm: GC_CONCURRENT freed 410K, 11% free 10495K/11719K, paused 2ms+3ms
07-05 14:57:03.762   545 19927 I DownloadManager: Initiating request for download 6156
07-05 14:57:03.876   545   548 D dalvikvm: GC_CONCURRENT freed 211K, 9% free 10725K/11719K, paused 2ms+3ms
07-05 14:57:04.005   545   548 D dalvikvm: GC_CONCURRENT freed 325K, 8% free 10887K/11719K, paused 2ms+3ms
07-05 14:57:04.274   545   548 D dalvikvm: GC_CONCURRENT freed 858K, 11% free 10527K/11719K, paused 2ms+2ms
07-05 14:57:04.559   545   548 D dalvikvm: GC_CONCURRENT freed 407K, 11% free 10508K/11719K, paused 2ms+2ms
07-05 14:57:04.844   545   548 D dalvikvm: GC_CONCURRENT freed 402K, 11% free 10492K/11719K, paused 2ms+2ms
07-05 14:57:04.926   545 19930 I DownloadManager: Initiating request for download 6157
07-05 14:57:05.067   545   548 D dalvikvm: GC_CONCURRENT freed 165K, 9% free 10753K/11719K, paused 2ms+3ms
07-05 14:57:05.200   545   548 D dalvikvm: GC_CONCURRENT freed 308K, 7% free 10928K/11719K, paused 2ms+2ms
07-05 14:57:05.407  1370 19932 E DictionaryProvider:UpdateHandler: Can't read a file : android.util.MalformedJsonException: Use JsonReader.setLenient(true) to accept malformed JSON at line 1 column 20
07-05 14:57:05.551   545   548 D dalvikvm: GC_CONCURRENT freed 907K, 11% free 10530K/11719K, paused 2ms+2ms
07-05 14:57:05.837   545   548 D dalvikvm: GC_CONCURRENT freed 409K, 11% free 10507K/11719K, paused 2ms+2ms
07-05 14:57:06.063   545 19935 I DownloadManager: Initiating request for download 6157
07-05 14:57:06.134   545   548 D dalvikvm: GC_CONCURRENT freed 375K, 10% free 10552K/11719K, paused 2ms+3ms
07-05 14:57:06.251   545   548 D dalvikvm: GC_CONCURRENT freed 181K, 8% free 10815K/11719K, paused 2ms+2ms
07-05 14:57:06.391   545   548 D dalvikvm: GC_CONCURRENT freed 472K, 8% free 10838K/11719K, paused 2ms+3ms
07-05 14:57:06.747   545   548 D dalvikvm: GC_CONCURRENT freed 796K, 11% free 10525K/11719K, paused 2ms+3ms
07-05 14:57:07.048   545   548 D dalvikvm: GC_CONCURRENT freed 408K, 11% free 10502K/11719K, paused 2ms+3ms
07-05 14:57:07.227   545 19938 I DownloadManager: Initiating request for download 6158
07-05 14:57:07.325   545   548 D dalvikvm: GC_CONCURRENT freed 248K, 9% free 10673K/11719K, paused 3ms+4ms
07-05 14:57:07.466   545   548 D dalvikvm: GC_CONCURRENT freed 282K, 8% free 10847K/11719K, paused 2ms+3ms
07-05 14:57:07.653   545   548 D dalvikvm: GC_CONCURRENT freed 763K, 10% free 10568K/11719K, paused 2ms+4ms
07-05 14:57:07.723  1370 19940 E DictionaryProvider:UpdateHandler: Can't read a file : android.util.MalformedJsonException: Use JsonReader.setLenient(true) to accept malformed JSON at line 1 column 20
07-05 14:57:07.997   545   548 D dalvikvm: GC_CONCURRENT freed 430K, 11% free 10531K/11719K, paused 2ms+3ms
07-05 14:57:08.290   545   548 D dalvikvm: GC_CONCURRENT freed 412K, 11% free 10505K/11719K, paused 2ms+2ms
07-05 14:57:08.423   545 19943 I DownloadManager: Initiating request for download 6158
07-05 14:57:08.520   545   548 D dalvikvm: GC_CONCURRENT freed 243K, 9% free 10722K/11719K, paused 2ms+3ms
07-05 14:57:08.653   545   548 D dalvikvm: GC_CONCURRENT freed 319K, 8% free 10879K/11719K, paused 2ms+2ms
07-05 14:57:08.887   545   548 D dalvikvm: GC_CONCURRENT freed 845K, 11% free 10534K/11719K, paused 2ms+3ms
07-05 14:57:09.188   545   548 D dalvikvm: GC_CONCURRENT freed 402K, 11% free 10518K/11719K, paused 2ms+2ms
07-05 14:57:09.477   545   548 D dalvikvm: GC_CONCURRENT freed 403K, 11% free 10504K/11719K, paused 2ms+3ms
07-05 14:57:09.587   545 19946 I DownloadManager: Initiating request for download 6159
07-05 14:57:09.712   545   548 D dalvikvm: GC_CONCURRENT freed 187K, 9% free 10733K/11719K, paused 2ms+3ms
07-05 14:57:09.844   545   548 D dalvikvm: GC_CONCURRENT freed 306K, 7% free 10909K/11719K, paused 2ms+3ms
07-05 14:57:10.048  1370 19948 E DictionaryProvider:UpdateHandler: Can't read a file : android.util.MalformedJsonException: Use JsonReader.setLenient(true) to accept malformed JSON at line 1 column 20
07-05 14:57:10.169   545   548 D dalvikvm: GC_CONCURRENT freed 875K, 11% free 10541K/11719K, paused 2ms+3ms
07-05 14:57:10.458   545   548 D dalvikvm: GC_CONCURRENT freed 414K, 11% free 10513K/11719K, paused 2ms+2ms
07-05 14:57:10.743   545   548 D dalvikvm: GC_CONCURRENT freed 398K, 11% free 10501K/11719K, paused 2ms+3ms
07-05 14:57:10.848   156   168 D dalvikvm: GC_EXPLICIT freed 573K, 16% free 13823K/16391K, paused 2ms+6ms
07-05 14:57:10.856   545 19951 I DownloadManager: Initiating request for download 6159
07-05 14:57:10.973   545   548 D dalvikvm: GC_CONCURRENT freed 165K, 9% free 10759K/11719K, paused 2ms+3ms
07-05 14:57:11.110   545   548 D dalvikvm: GC_CONCURRENT freed 332K, 7% free 10915K/11719K, paused 2ms+3ms
07-05 14:57:11.426   545   548 D dalvikvm: GC_CONCURRENT freed 904K, 11% free 10520K/11719K, paused 2ms+2ms
07-05 14:57:11.712   545   548 D dalvikvm: GC_CONCURRENT freed 410K, 11% free 10498K/11719K, paused 2ms+2ms
07-05 14:57:11.950   545 19954 I DownloadManager: Initiating request for download 6160
07-05 14:57:12.012   545   548 D dalvikvm: GC_CONCURRENT freed 356K, 10% free 10563K/11719K, paused 3ms+3ms
07-05 14:57:12.153   545   548 D dalvikvm: GC_CONCURRENT freed 193K, 8% free 10784K/11719K, paused 2ms+3ms
07-05 14:57:12.294   545   548 D dalvikvm: GC_CONCURRENT freed 450K, 8% free 10818K/11719K, paused 2ms+2ms
07-05 14:57:12.516   545 15359 D dalvikvm: GC_EXPLICIT freed 546K, 11% free 10527K/11719K, paused 2ms+3ms
07-05 14:57:12.520  1370 19956 E DictionaryProvider:UpdateHandler: Can't read a file : android.util.MalformedJsonException: Use JsonReader.setLenient(true) to accept malformed JSON at line 1 column 20
07-05 14:57:12.555  1370  1372 D dalvikvm: GC_CONCURRENT freed 397K, 7% free 9131K/9735K, paused 3ms+3ms
07-05 14:57:12.844   545   548 D dalvikvm: GC_CONCURRENT freed 407K, 11% free 10506K/11719K, paused 2ms+2ms
07-05 14:57:13.141   545   548 D dalvikvm: GC_CONCURRENT freed 403K, 11% free 10489K/11719K, paused 2ms+2ms
07-05 14:57:13.231   545 19959 I DownloadManager: Initiating request for download 6160
07-05 14:57:13.337   545   548 D dalvikvm: GC_CONCURRENT freed 197K, 9% free 10714K/11719K, paused 2ms+4ms
07-05 14:57:13.469   545   548 D dalvikvm: GC_CONCURRENT freed 313K, 8% free 10895K/11719K, paused 2ms+3ms
07-05 14:57:13.755   545   548 D dalvikvm: GC_CONCURRENT freed 876K, 11% free 10518K/11719K, paused 2ms+3ms
07-05 14:57:14.051   545   548 D dalvikvm: GC_CONCURRENT freed 403K, 11% free 10501K/11719K, paused 1ms+3ms
07-05 14:57:14.352   545   548 D dalvikvm: GC_CONCURRENT freed 398K, 11% free 10491K/11719K, paused 2ms+3ms
07-05 14:57:14.411   545 19962 I DownloadManager: Initiating request for download 6161
07-05 14:57:14.548   545   548 D dalvikvm: GC_CONCURRENT freed 159K, 8% free 10786K/11719K, paused 2ms+3ms
07-05 14:57:14.684   545   548 D dalvikvm: GC_CONCURRENT freed 341K, 7% free 10938K/11719K, paused 2ms+3ms
07-05 14:57:14.868  1370 19964 E DictionaryProvider:UpdateHandler: Can't read a file : android.util.MalformedJsonException: Use JsonReader.setLenient(true) to accept malformed JSON at line 1 column 20
07-05 14:57:15.059   545   548 D dalvikvm: GC_CONCURRENT freed 927K, 11% free 10525K/11719K, paused 2ms+3ms
07-05 14:57:15.344   545   548 D dalvikvm: GC_CONCURRENT freed 411K, 11% free 10500K/11719K, paused 2ms+2ms
07-05 14:57:15.540   545 19967 I DownloadManager: Initiating request for download 6161
07-05 14:57:15.618   545   548 D dalvikvm: GC_CONCURRENT freed 326K, 10% free 10655K/11719K, paused 2ms+4ms
07-05 14:57:15.751   545   548 D dalvikvm: GC_CONCURRENT freed 277K, 8% free 10840K/11719K, paused 2ms+3ms
07-05 14:57:15.938   545   548 D dalvikvm: GC_CONCURRENT freed 764K, 10% free 10562K/11719K, paused 2ms+3ms
07-05 14:57:16.251   545   548 D dalvikvm: GC_CONCURRENT freed 433K, 11% free 10517K/11719K, paused 2ms+3ms
07-05 14:57:16.555   545   548 D dalvikvm: GC_CONCURRENT freed 408K, 11% free 10498K/11719K, paused 3ms+2ms
07-05 14:57:16.731   545 19970 I DownloadManager: Initiating request for download 6162
07-05 14:57:16.880   545   548 D dalvikvm: GC_CONCURRENT freed 239K, 9% free 10687K/11719K, paused 2ms+3ms
07-05 14:57:17.005   545   548 D dalvikvm: GC_CONCURRENT freed 315K, 8% free 10870K/11719K, paused 2ms+3ms
07-05 14:57:17.208   545   548 D dalvikvm: GC_CONCURRENT freed 804K, 10% free 10564K/11719K, paused 2ms+3ms
07-05 14:57:17.278  1370 19972 E DictionaryProvider:UpdateHandler: Can't read a file : android.util.MalformedJsonException: Use JsonReader.setLenient(true) to accept malformed JSON at line 1 column 20
07-05 14:57:17.559   545   548 D dalvikvm: GC_CONCURRENT freed 434K, 11% free 10519K/11719K, paused 2ms+2ms
07-05 14:57:17.844   545   548 D dalvikvm: GC_CONCURRENT freed 408K, 11% free 10498K/11719K, paused 3ms+3ms
07-05 14:57:17.946   545 19975 I DownloadManager: Initiating request for download 6162
07-05 14:57:18.051   545   548 D dalvikvm: GC_CONCURRENT freed 202K, 9% free 10712K/11719K, paused 2ms+3ms
07-05 14:57:18.188   545   548 D dalvikvm: GC_CONCURRENT freed 296K, 7% free 10913K/11719K, paused 2ms+3ms
07-05 14:57:18.462   545   548 D dalvikvm: GC_CONCURRENT freed 894K, 11% free 10526K/11719K, paused 2ms+3ms
07-05 14:57:18.751   545   548 D dalvikvm: GC_CONCURRENT freed 406K, 11% free 10507K/11719K, paused 1ms+2ms
07-05 14:57:19.032   545   548 D dalvikvm: GC_CONCURRENT freed 400K, 11% free 10495K/11719K, paused 2ms+2ms
07-05 14:57:19.098   545 19978 I DownloadManager: Initiating request for download 6163
07-05 14:57:19.219   545   548 D dalvikvm: GC_CONCURRENT freed 163K, 9% free 10745K/11719K, paused 2ms+3ms
07-05 14:57:19.352   545   548 D dalvikvm: GC_CONCURRENT freed 308K, 7% free 10919K/11719K, paused 2ms+3ms
07-05 14:57:19.540  1370 19980 E DictionaryProvider:UpdateHandler: Can't read a file : android.util.MalformedJsonException: Use JsonReader.setLenient(true) to accept malformed JSON at line 1 column 20
07-05 14:57:19.688   545   548 D dalvikvm: GC_CONCURRENT freed 892K, 11% free 10538K/11719K, paused 2ms+2ms
07-05 14:57:19.973   545   548 D dalvikvm: GC_CONCURRENT freed 418K, 11% free 10509K/11719K, paused 2ms+2ms
07-05 14:57:20.212   545 19983 I DownloadManager: Initiating request for download 6163
07-05 14:57:20.270   545   548 D dalvikvm: GC_CONCURRENT freed 390K, 11% free 10507K/11719K, paused 2ms+3ms
07-05 14:57:20.407   545   548 D dalvikvm: GC_CONCURRENT freed 154K, 9% free 10769K/11719K, paused 2ms+2ms
07-05 14:57:20.540   545   548 D dalvikvm: GC_CONCURRENT freed 316K, 7% free 10936K/11719K, paused 2ms+3ms
07-05 14:57:20.876   545   548 D dalvikvm: GC_CONCURRENT freed 922K, 11% free 10529K/11719K, paused 2ms+2ms
07-05 14:57:21.176   545   548 D dalvikvm: GC_CONCURRENT freed 407K, 11% free 10508K/11719K, paused 2ms+2ms
07-05 14:57:21.415   545 19986 I DownloadManager: Initiating request for download 6164
07-05 14:57:21.497   545   548 D dalvikvm: GC_CONCURRENT freed 334K, 10% free 10576K/11719K, paused 2ms+3ms
07-05 14:57:21.630   545   548 D dalvikvm: GC_CONCURRENT freed 198K, 8% free 10830K/11719K, paused 2ms+2ms
07-05 14:57:21.778   545   548 D dalvikvm: GC_CONCURRENT freed 492K, 8% free 10829K/11719K, paused 2ms+3ms
07-05 14:57:21.926  1370 19988 E DictionaryProvider:UpdateHandler: Can't read a file : android.util.MalformedJsonException: Use JsonReader.setLenient(true) to accept malformed JSON at line 1 column 20
07-05 14:57:21.969  1370  1372 D dalvikvm: GC_CONCURRENT freed 391K, 7% free 9131K/9735K, paused 2ms+2ms
07-05 14:57:22.180   545   548 D dalvikvm: GC_CONCURRENT freed 775K, 11% free 10531K/11719K, paused 1ms+3ms
07-05 14:57:22.477   545   548 D dalvikvm: GC_CONCURRENT freed 411K, 11% free 10506K/11719K, paused 2ms+3ms
07-05 14:57:22.637   545 19991 I DownloadManager: Initiating request for download 6164
07-05 14:57:22.766   545   548 D dalvikvm: GC_CONCURRENT freed 261K, 10% free 10662K/11719K, paused 2ms+2ms
07-05 14:57:22.887   545   548 D dalvikvm: GC_CONCURRENT freed 295K, 8% free 10827K/11719K, paused 2ms+2ms
07-05 14:57:23.036   545   548 D dalvikvm: GC_CONCURRENT freed 485K, 8% free 10827K/11719K, paused 2ms+3ms
07-05 14:57:23.372   545   548 D dalvikvm: GC_CONCURRENT freed 749K, 10% free 10554K/11719K, paused 2ms+2ms
07-05 14:57:23.657   545   548 D dalvikvm: GC_CONCURRENT freed 399K, 11% free 10541K/11719K, paused 2ms+3ms
07-05 14:57:24.485   545 19993 I DownloadManager: Initiating request for download 6165
07-05 14:57:24.606   545   548 D dalvikvm: GC_CONCURRENT freed 231K, 9% free 10747K/11719K, paused 3ms+3ms
07-05 14:57:24.759   545   548 D dalvikvm: GC_CONCURRENT freed 320K, 7% free 10909K/11719K, paused 2ms+3ms
07-05 14:57:24.973  1370 19996 E DictionaryProvider:UpdateHandler: Can't read a file : android.util.MalformedJsonException: Use JsonReader.setLenient(true) to accept malformed JSON at line 1 column 20
07-05 14:57:25.083   465 19997 D dalvikvm: GC_EXPLICIT freed 227K, 6% free 11103K/11719K, paused 2ms+3ms
07-05 14:57:25.110   545   548 D dalvikvm: GC_CONCURRENT freed 871K, 11% free 10547K/11719K, paused 2ms+3ms
07-05 14:57:25.384   545   548 D dalvikvm: GC_CONCURRENT freed 416K, 11% free 10518K/11719K, paused 2ms+2ms
07-05 14:57:25.657   545   548 D dalvikvm: GC_CONCURRENT freed 399K, 11% free 10504K/11719K, paused 2ms+3ms
07-05 14:57:25.712   545 19999 I DownloadManager: Initiating request for download 6165
07-05 14:57:25.817   545   548 D dalvikvm: GC_CONCURRENT freed 181K, 9% free 10752K/11719K, paused 2ms+3ms
07-05 14:57:25.958   545   548 D dalvikvm: GC_CONCURRENT freed 310K, 7% free 10964K/11719K, paused 1ms+3ms
07-05 14:57:26.294   545   548 D dalvikvm: GC_CONCURRENT freed 959K, 11% free 10530K/11719K, paused 2ms+3ms
07-05 14:57:26.591   545   548 D dalvikvm: GC_CONCURRENT freed 405K, 11% free 10513K/11719K, paused 2ms+2ms
07-05 14:57:26.813   545 20002 I DownloadManager: Initiating request for download 6166
07-05 14:57:26.899   545   548 D dalvikvm: GC_CONCURRENT freed 343K, 10% free 10650K/11719K, paused 2ms+4ms
07-05 14:57:27.036   545   548 D dalvikvm: GC_CONCURRENT freed 253K, 8% free 10840K/11719K, paused 2ms+3ms
07-05 14:57:27.200   545   548 D dalvikvm: GC_CONCURRENT freed 748K, 10% free 10578K/11719K, paused 2ms+2ms
07-05 14:57:27.317  1370 20004 E DictionaryProvider:UpdateHandler: Can't read a file : android.util.MalformedJsonException: Use JsonReader.setLenient(true) to accept malformed JSON at line 1 column 20
07-05 14:57:27.387 19302 19306 D dalvikvm: GC_CONCURRENT freed 441K, 6% free 9179K/9735K, paused 2ms+2ms
07-05 14:57:27.575   545   548 D dalvikvm: GC_CONCURRENT freed 432K, 11% free 10539K/11719K, paused 2ms+2ms
07-05 14:57:27.860   545   548 D dalvikvm: GC_CONCURRENT freed 412K, 11% free 10514K/11719K, paused 2ms+3ms
07-05 14:57:28.048   545 20007 I DownloadManager: Initiating request for download 6166
07-05 14:57:28.141   545   548 D dalvikvm: GC_CONCURRENT freed 294K, 9% free 10696K/11719K, paused 2ms+3ms
07-05 14:57:28.278   545   548 D dalvikvm: GC_CONCURRENT freed 294K, 8% free 10894K/11719K, paused 2ms+3ms
07-05 14:57:28.493   545   548 D dalvikvm: GC_CONCURRENT freed 833K, 10% free 10569K/11719K, paused 2ms+2ms
07-05 14:57:28.794   545   548 D dalvikvm: GC_CONCURRENT freed 431K, 11% free 10528K/11719K, paused 2ms+2ms
07-05 14:57:29.087   545   548 D dalvikvm: GC_CONCURRENT freed 403K, 11% free 10514K/11719K, paused 1ms+3ms
07-05 14:57:29.200   545 20010 I DownloadManager: Initiating request for download 6167
07-05 14:57:29.301   545   548 D dalvikvm: GC_CONCURRENT freed 218K, 9% free 10735K/11719K, paused 2ms+3ms
07-05 14:57:29.434   545   548 D dalvikvm: GC_CONCURRENT freed 297K, 7% free 10906K/11719K, paused 2ms+3ms
07-05 14:57:29.634  1370 20012 E DictionaryProvider:UpdateHandler: Can't read a file : android.util.MalformedJsonException: Use JsonReader.setLenient(true) to accept malformed JSON at line 1 column 20
07-05 14:57:29.731   545   548 D dalvikvm: GC_CONCURRENT freed 860K, 10% free 10551K/11719K, paused 1ms+2ms
07-05 14:57:30.012   545   548 D dalvikvm: GC_CONCURRENT freed 416K, 11% free 10521K/11719K, paused 2ms+2ms
07-05 14:57:30.301   545   548 D dalvikvm: GC_CONCURRENT freed 400K, 11% free 10509K/11719K, paused 2ms+2ms
07-05 14:57:30.376   545 20015 I DownloadManager: Initiating request for download 6167
07-05 14:57:30.473   545   548 D dalvikvm: GC_CONCURRENT freed 178K, 9% free 10742K/11719K, paused 2ms+3ms
07-05 14:57:30.610   545   548 D dalvikvm: GC_CONCURRENT freed 310K, 7% free 10925K/11719K, paused 2ms+4ms
07-05 14:57:30.884   545   548 D dalvikvm: GC_CONCURRENT freed 863K, 10% free 10573K/11719K, paused 2ms+2ms
07-05 14:57:31.176   545   548 D dalvikvm: GC_CONCURRENT freed 405K, 10% free 10559K/11719K, paused 1ms+4ms
07-05 14:57:32.290   545   548 D dalvikvm: GC_CONCURRENT freed 401K, 10% free 10550K/11719K, paused 18ms+2ms
07-05 14:57:32.442   156   594 D dalvikvm: GC_EXPLICIT freed 534K, 16% free 13821K/16391K, paused 3ms+8ms
07-05 14:57:32.466   545 20017 I DownloadManager: Initiating request for download 6168
07-05 14:57:32.579   545   548 D dalvikvm: GC_CONCURRENT freed 193K, 8% free 10782K/11719K, paused 2ms+3ms
07-05 14:57:32.716   545   548 D dalvikvm: GC_CONCURRENT freed 333K, 7% free 10938K/11719K, paused 2ms+3ms
07-05 14:57:32.903  1370 20020 E DictionaryProvider:UpdateHandler: Can't read a file : android.util.MalformedJsonException: Use JsonReader.setLenient(true) to accept malformed JSON at line 1 column 20
07-05 14:57:32.950  1370  1372 D dalvikvm: GC_CONCURRENT freed 394K, 7% free 9128K/9735K, paused 1ms+3ms
07-05 14:57:33.102   545   548 D dalvikvm: GC_CONCURRENT freed 918K, 11% free 10532K/11719K, paused 2ms+2ms
07-05 14:57:33.387   545   548 D dalvikvm: GC_CONCURRENT freed 413K, 11% free 10507K/11719K, paused 1ms+2ms
07-05 14:57:33.602   545 20023 I DownloadManager: Initiating request for download 6168
07-05 14:57:33.676   545   548 D dalvikvm: GC_CONCURRENT freed 372K, 10% free 10558K/11719K, paused 2ms+3ms
07-05 14:57:33.798   545   548 D dalvikvm: GC_CONCURRENT freed 185K, 8% free 10791K/11719K, paused 2ms+2ms
07-05 14:57:33.946   545   548 D dalvikvm: GC_CONCURRENT freed 446K, 8% free 10834K/11719K, paused 2ms+2ms
07-05 14:57:34.278   545   548 D dalvikvm: GC_CONCURRENT freed 789K, 11% free 10524K/11719K, paused 2ms+2ms
07-05 14:57:34.559   545   548 D dalvikvm: GC_CONCURRENT freed 405K, 11% free 10505K/11719K, paused 2ms+2ms
07-05 14:57:34.762   545 20026 I DownloadManager: Initiating request for download 6169
07-05 14:57:34.880   545   548 D dalvikvm: GC_CONCURRENT freed 303K, 9% free 10682K/11719K, paused 2ms+2ms
07-05 14:57:35.009   545   548 D dalvikvm: GC_CONCURRENT freed 311K, 8% free 10847K/11719K, paused 2ms+2ms
07-05 14:57:35.180   545   548 D dalvikvm: GC_CONCURRENT freed 763K, 10% free 10569K/11719K, paused 2ms+3ms
07-05 14:57:35.259  1370 20028 E DictionaryProvider:UpdateHandler: Can't read a file : android.util.MalformedJsonException: Use JsonReader.setLenient(true) to accept malformed JSON at line 1 column 20
07-05 14:57:35.520   545   548 D dalvikvm: GC_CONCURRENT freed 431K, 11% free 10529K/11719K, paused 2ms+2ms
07-05 14:57:35.801   545   548 D dalvikvm: GC_CONCURRENT freed 410K, 11% free 10504K/11719K, paused 2ms+3ms
07-05 14:57:35.942   545 20031 I DownloadManager: Initiating request for download 6169
07-05 14:57:36.028   545   548 D dalvikvm: GC_CONCURRENT freed 241K, 9% free 10693K/11719K, paused 2ms+3ms
07-05 14:57:36.161   545   548 D dalvikvm: GC_CONCURRENT freed 292K, 8% free 10864K/11719K, paused 2ms+3ms
07-05 14:57:36.360   545   548 D dalvikvm: GC_CONCURRENT freed 786K, 10% free 10570K/11719K, paused 2ms+3ms
07-05 14:57:36.680   545   548 D dalvikvm: GC_CONCURRENT freed 438K, 11% free 10522K/11719K, paused 2ms+3ms
07-05 14:57:36.966   545   548 D dalvikvm: GC_CONCURRENT freed 403K, 11% free 10505K/11719K, paused 2ms+3ms
07-05 14:57:37.118   545 20034 I DownloadManager: Initiating request for download 6170
07-05 14:57:37.212   545   548 D dalvikvm: GC_CONCURRENT freed 216K, 9% free 10720K/11719K, paused 2ms+2ms
07-05 14:57:37.352   545   548 D dalvikvm: GC_CONCURRENT freed 304K, 8% free 10887K/11719K, paused 2ms+3ms
07-05 14:57:37.587   545   548 D dalvikvm: GC_CONCURRENT freed 847K, 11% free 10542K/11719K, paused 2ms+3ms
07-05 14:57:37.630  1370 20036 E DictionaryProvider:UpdateHandler: Can't read a file : android.util.MalformedJsonException: Use JsonReader.setLenient(true) to accept malformed JSON at line 1 column 20
07-05 14:57:37.915   545   548 D dalvikvm: GC_CONCURRENT freed 402K, 11% free 10527K/11719K, paused 2ms+2ms
07-05 14:57:38.216   545   548 D dalvikvm: GC_CONCURRENT freed 406K, 11% free 10508K/11719K, paused 2ms+2ms
07-05 14:57:38.317   545 20039 I DownloadManager: Initiating request for download 6170
07-05 14:57:38.407   545   548 D dalvikvm: GC_CONCURRENT freed 201K, 9% free 10714K/11719K, paused 2ms+3ms
07-05 14:57:38.540   545   548 D dalvikvm: GC_CONCURRENT freed 296K, 8% free 10883K/11719K, paused 2ms+2ms
07-05 14:57:38.774   545   548 D dalvikvm: GC_CONCURRENT freed 842K, 11% free 10539K/11719K, paused 2ms+3ms
07-05 14:57:39.059   545   548 D dalvikvm: GC_CONCURRENT freed 409K, 11% free 10517K/11719K, paused 2ms+3ms
07-05 14:57:39.344   545   548 D dalvikvm: GC_CONCURRENT freed 398K, 11% free 10505K/11719K, paused 2ms+2ms
07-05 14:57:39.485   545 20042 I DownloadManager: Initiating request for download 6171
07-05 14:57:39.587   545   548 D dalvikvm: GC_CONCURRENT freed 202K, 9% free 10723K/11719K, paused 2ms+3ms
07-05 14:57:39.723   545   548 D dalvikvm: GC_CONCURRENT freed 320K, 7% free 10911K/11719K, paused 2ms+3ms
07-05 14:57:39.981   545   548 D dalvikvm: GC_CONCURRENT freed 876K, 11% free 10539K/11719K, paused 2ms+3ms
07-05 14:57:40.262   545   548 D dalvikvm: GC_CONCURRENT freed 407K, 11% free 10519K/11719K, paused 2ms+3ms
07-05 14:57:40.551   545   548 D dalvikvm: GC_CONCURRENT freed 398K, 11% free 10508K/11719K, paused 2ms+3ms
07-05 14:57:40.884  1370 20044 E DictionaryProvider:UpdateHandler: Can't read a file : android.util.MalformedJsonException: Use JsonReader.setLenient(true) to accept malformed JSON at line 1 column 20
07-05 14:57:41.173   545   548 D dalvikvm: GC_CONCURRENT freed 352K, 11% free 10545K/11719K, paused 3ms+2ms
07-05 14:57:41.458   545   548 D dalvikvm: GC_CONCURRENT freed 415K, 11% free 10516K/11719K, paused 2ms+3ms
07-05 14:57:41.743   545   548 D dalvikvm: GC_CONCURRENT freed 400K, 11% free 10502K/11719K, paused 2ms+2ms
07-05 14:57:42.079   545   548 D dalvikvm: GC_CONCURRENT freed 354K, 11% free 10535K/11719K, paused 2ms+2ms
07-05 14:57:42.384   545   548 D dalvikvm: GC_CONCURRENT freed 405K, 11% free 10516K/11719K, paused 2ms+2ms
07-05 14:57:42.673   545   548 D dalvikvm: GC_CONCURRENT freed 401K, 11% free 10505K/11719K, paused 2ms+2ms
07-05 14:57:42.727   545 20047 I DownloadManager: Initiating request for download 6172
07-05 14:57:42.844   545   548 D dalvikvm: GC_CONCURRENT freed 151K, 9% free 10770K/11719K, paused 2ms+3ms
07-05 14:57:42.981   545   548 D dalvikvm: GC_CONCURRENT freed 312K, 7% free 10945K/11719K, paused 2ms+2ms
07-05 14:57:43.208  1370 20049 E DictionaryProvider:UpdateHandler: Can't read a file : android.util.MalformedJsonException: Use JsonReader.setLenient(true) to accept malformed JSON at line 1 column 20
07-05 14:57:43.294  1370  1372 D dalvikvm: GC_CONCURRENT freed 411K, 7% free 9125K/9735K, paused 2ms+3ms
07-05 14:57:43.352   545   548 D dalvikvm: GC_CONCURRENT freed 919K, 11% free 10543K/11719K, paused 2ms+2ms
07-05 14:57:43.634   545   548 D dalvikvm: GC_CONCURRENT freed 416K, 11% free 10515K/11719K, paused 2ms+2ms
07-05 14:57:43.860   545 20052 I DownloadManager: Initiating request for download 6172
07-05 14:57:43.926   545   548 D dalvikvm: GC_CONCURRENT freed 384K, 10% free 10548K/11719K, paused 2ms+4ms
07-05 14:57:44.055   545   548 D dalvikvm: GC_CONCURRENT freed 173K, 8% free 10819K/11719K, paused 2ms+3ms
07-05 14:57:44.204   545   548 D dalvikvm: GC_CONCURRENT freed 465K, 8% free 10847K/11719K, paused 2ms+2ms
07-05 14:57:44.528   545   548 D dalvikvm: GC_CONCURRENT freed 797K, 11% free 10534K/11719K, paused 2ms+2ms
07-05 14:57:44.813   545   548 D dalvikvm: GC_CONCURRENT freed 405K, 11% free 10516K/11719K, paused 2ms+2ms
07-05 14:57:45.009   545 20055 I DownloadManager: Initiating request for download 6173
07-05 14:57:45.075   545   548 D dalvikvm: GC_CONCURRENT freed 301K, 10% free 10648K/11719K, paused 2ms+3ms
07-05 14:57:45.208   545   548 D dalvikvm: GC_CONCURRENT freed 252K, 8% free 10869K/11719K, paused 1ms+3ms
07-05 14:57:45.391   545   548 D dalvikvm: GC_CONCURRENT freed 781K, 10% free 10585K/11719K, paused 2ms+2ms
07-05 14:57:45.477  1370 20057 E DictionaryProvider:UpdateHandler: Can't read a file : android.util.MalformedJsonException: Use JsonReader.setLenient(true) to accept malformed JSON at line 1 column 20
07-05 14:57:45.739   545   548 D dalvikvm: GC_CONCURRENT freed 439K, 11% free 10543K/11719K, paused 2ms+3ms
07-05 14:57:46.032   545   548 D dalvikvm: GC_CONCURRENT freed 414K, 11% free 10517K/11719K, paused 2ms+2ms
07-05 14:57:46.200   545 20060 I DownloadManager: Initiating request for download 6173
07-05 14:57:46.290   545   548 D dalvikvm: GC_CONCURRENT freed 273K, 9% free 10674K/11719K, paused 2ms+3ms
07-05 14:57:46.419   545   548 D dalvikvm: GC_CONCURRENT freed 277K, 8% free 10878K/11719K, paused 2ms+3ms
07-05 14:57:46.606   545   548 D dalvikvm: GC_CONCURRENT freed 797K, 10% free 10584K/11719K, paused 2ms+3ms
07-05 14:57:46.915   545   548 D dalvikvm: GC_CONCURRENT freed 449K, 11% free 10533K/11719K, paused 2ms+3ms
07-05 14:57:47.219   545   548 D dalvikvm: GC_CONCURRENT freed 404K, 11% free 10515K/11719K, paused 2ms+3ms
07-05 14:57:47.395   545 20063 I DownloadManager: Initiating request for download 6174
07-05 14:57:47.485   545   548 D dalvikvm: GC_CONCURRENT freed 232K, 9% free 10713K/11719K, paused 1ms+3ms
07-05 14:57:47.622   545   548 D dalvikvm: GC_CONCURRENT freed 296K, 7% free 10906K/11719K, paused 2ms+3ms
07-05 14:57:47.809   545 20063 D dalvikvm: GC_EXPLICIT freed 732K, 10% free 10600K/11719K, paused 4ms+4ms
07-05 14:57:47.926  1370 20065 E DictionaryProvider:UpdateHandler: Can't read a file : android.util.MalformedJsonException: Use JsonReader.setLenient(true) to accept malformed JSON at line 1 column 20
07-05 14:57:48.149   545   548 D dalvikvm: GC_CONCURRENT freed 458K, 11% free 10543K/11719K, paused 2ms+2ms
07-05 14:57:48.434   545   548 D dalvikvm: GC_CONCURRENT freed 413K, 11% free 10516K/11719K, paused 2ms+2ms
07-05 14:57:48.579   545 20068 I DownloadManager: Initiating request for download 6174
07-05 14:57:48.665   545   548 D dalvikvm: GC_CONCURRENT freed 243K, 9% free 10732K/11719K, paused 2ms+3ms
07-05 14:57:48.805   545   548 D dalvikvm: GC_CONCURRENT freed 328K, 8% free 10899K/11719K, paused 2ms+3ms
07-05 14:57:49.032   545   548 D dalvikvm: GC_CONCURRENT freed 850K, 10% free 10549K/11719K, paused 2ms+3ms
07-05 14:57:49.329   545   548 D dalvikvm: GC_CONCURRENT freed 407K, 11% free 10529K/11719K, paused 3ms+2ms
07-05 14:57:49.618   545   548 D dalvikvm: GC_CONCURRENT freed 398K, 11% free 10517K/11719K, paused 2ms+3ms
07-05 14:57:49.755   545 20071 I DownloadManager: Initiating request for download 6175
07-05 14:57:49.856   545   548 D dalvikvm: GC_CONCURRENT freed 212K, 9% free 10755K/11719K, paused 2ms+2ms
07-05 14:57:49.993   545   548 D dalvikvm: GC_CONCURRENT freed 319K, 7% free 10925K/11719K, paused 2ms+3ms
07-05 14:57:50.216  1370 20073 E DictionaryProvider:UpdateHandler: Can't read a file : android.util.MalformedJsonException: Use JsonReader.setLenient(true) to accept malformed JSON at line 1 column 20
07-05 14:57:50.321   545   548 D dalvikvm: GC_CONCURRENT freed 881K, 10% free 10559K/11719K, paused 2ms+2ms
07-05 14:57:50.602   545   548 D dalvikvm: GC_CONCURRENT freed 417K, 11% free 10531K/11719K, paused 2ms+2ms
07-05 14:57:50.884   545   548 D dalvikvm: GC_CONCURRENT freed 402K, 11% free 10515K/11719K, paused 2ms+3ms
07-05 14:57:50.942   545 20076 I DownloadManager: Initiating request for download 6175
07-05 14:57:51.055   545   548 D dalvikvm: GC_CONCURRENT freed 172K, 9% free 10760K/11719K, paused 2ms+2ms
07-05 14:57:51.188   545   548 D dalvikvm: GC_CONCURRENT freed 311K, 7% free 10934K/11719K, paused 2ms+3ms
07-05 14:57:51.485   545   548 D dalvikvm: GC_CONCURRENT freed 901K, 11% free 10547K/11719K, paused 2ms+3ms
07-05 14:57:51.774   545   548 D dalvikvm: GC_CONCURRENT freed 406K, 11% free 10526K/11719K, paused 3ms+2ms
07-05 14:57:52.059   545   548 D dalvikvm: GC_CONCURRENT freed 399K, 11% free 10515K/11719K, paused 2ms+2ms
07-05 14:57:52.126   545 20079 I DownloadManager: Initiating request for download 6176
07-05 14:57:52.262   545   548 D dalvikvm: GC_CONCURRENT freed 151K, 8% free 10793K/11719K, paused 2ms+3ms
07-05 14:57:52.403   545   548 D dalvikvm: GC_CONCURRENT freed 328K, 7% free 10963K/11719K, paused 2ms+2ms
07-05 14:57:52.618  1370 20081 E DictionaryProvider:UpdateHandler: Can't read a file : android.util.MalformedJsonException: Use JsonReader.setLenient(true) to accept malformed JSON at line 1 column 20
07-05 14:57:52.716  1370  1372 D dalvikvm: GC_CONCURRENT freed 362K, 7% free 9151K/9735K, paused 2ms+2ms
07-05 14:57:52.790   545   548 D dalvikvm: GC_CONCURRENT freed 932K, 10% free 10552K/11719K, paused 2ms+2ms
07-05 14:57:53.083   545   548 D dalvikvm: GC_CONCURRENT freed 410K, 11% free 10528K/11719K, paused 1ms+2ms
07-05 14:57:53.376   156   628 D dalvikvm: GC_EXPLICIT freed 542K, 16% free 13822K/16391K, paused 3ms+6ms
07-05 14:57:53.384   545 20084 I DownloadManager: Initiating request for download 6176
07-05 14:57:53.454   545   548 D dalvikvm: GC_CONCURRENT freed 376K, 10% free 10587K/11719K, paused 2ms+3ms
07-05 14:57:53.571   545   548 D dalvikvm: GC_CONCURRENT freed 207K, 8% free 10803K/11719K, paused 2ms+3ms
07-05 14:57:53.716   545   548 D dalvikvm: GC_CONCURRENT freed 445K, 8% free 10838K/11719K, paused 2ms+3ms
07-05 14:57:54.055   545   548 D dalvikvm: GC_CONCURRENT freed 789K, 11% free 10531K/11719K, paused 2ms+2ms
07-05 14:57:54.341   545   548 D dalvikvm: GC_CONCURRENT freed 406K, 11% free 10511K/11719K, paused 2ms+3ms
07-05 14:57:54.548   545 20087 I DownloadManager: Initiating request for download 6177
07-05 14:57:54.630   545   548 D dalvikvm: GC_CONCURRENT freed 319K, 10% free 10637K/11719K, paused 2ms+4ms
07-05 14:57:54.755   545   548 D dalvikvm: GC_CONCURRENT freed 246K, 8% free 10836K/11719K, paused 2ms+3ms
07-05 14:57:54.907   545   548 D dalvikvm: GC_CONCURRENT freed 496K, 8% free 10845K/11719K, paused 2ms+2ms
07-05 14:57:55.083  1370 20089 D dalvikvm: GC_EXPLICIT freed 98K, 7% free 9094K/9735K, paused 2ms+2ms
07-05 14:57:55.098  1370 20089 E DictionaryProvider:UpdateHandler: Can't read a file : android.util.MalformedJsonException: Use JsonReader.setLenient(true) to accept malformed JSON at line 1 column 20
07-05 14:57:55.329   545   548 D dalvikvm: GC_CONCURRENT freed 792K, 11% free 10538K/11719K, paused 2ms+3ms
07-05 14:57:55.618   545   548 D dalvikvm: GC_CONCURRENT freed 414K, 11% free 10513K/11719K, paused 2ms+3ms
07-05 14:57:55.755   545 20092 I DownloadManager: Initiating request for download 6177
07-05 14:57:55.844   545   548 D dalvikvm: GC_CONCURRENT freed 233K, 9% free 10737K/11719K, paused 2ms+3ms
07-05 14:57:55.981   545   548 D dalvikvm: GC_CONCURRENT freed 334K, 8% free 10899K/11719K, paused 2ms+3ms
07-05 14:57:56.219   545   548 D dalvikvm: GC_CONCURRENT freed 864K, 11% free 10541K/11719K, paused 3ms+2ms
07-05 14:57:56.524   545   548 D dalvikvm: GC_CONCURRENT freed 399K, 11% free 10530K/11719K, paused 2ms+2ms
07-05 14:57:56.817   545   548 D dalvikvm: GC_CONCURRENT freed 409K, 11% free 10507K/11719K, paused 2ms+2ms
07-05 14:57:56.930   545 20095 I DownloadManager: Initiating request for download 6178
07-05 14:57:57.044   545   548 D dalvikvm: GC_CONCURRENT freed 189K, 9% free 10736K/11719K, paused 2ms+3ms
07-05 14:57:57.176   545   548 D dalvikvm: GC_CONCURRENT freed 292K, 7% free 10905K/11719K, paused 2ms+3ms
07-05 14:57:57.438  1370 20097 E DictionaryProvider:UpdateHandler: Can't read a file : android.util.MalformedJsonException: Use JsonReader.setLenient(true) to accept malformed JSON at line 1 column 20
07-05 14:57:57.473   545   548 D dalvikvm: GC_CONCURRENT freed 876K, 10% free 10555K/11719K, paused 2ms+3ms
07-05 14:57:57.770   545   548 D dalvikvm: GC_CONCURRENT freed 420K, 11% free 10523K/11719K, paused 2ms+3ms
07-05 14:57:58.059   545   548 D dalvikvm: GC_CONCURRENT freed 399K, 11% free 10513K/11719K, paused 2ms+3ms
07-05 14:57:58.137   545 20100 I DownloadManager: Initiating request for download 6178
07-05 14:57:58.239   545   548 D dalvikvm: GC_CONCURRENT freed 188K, 9% free 10742K/11719K, paused 2ms+3ms
07-05 14:57:58.384   545   548 D dalvikvm: GC_CONCURRENT freed 301K, 7% free 10919K/11719K, paused 2ms+2ms
07-05 14:57:58.665   545   548 D dalvikvm: GC_CONCURRENT freed 889K, 11% free 10541K/11719K, paused 2ms+3ms
07-05 14:57:58.954   545   548 D dalvikvm: GC_CONCURRENT freed 406K, 11% free 10523K/11719K, paused 2ms+2ms
07-05 14:57:59.251   545   548 D dalvikvm: GC_CONCURRENT freed 400K, 11% free 10509K/11719K, paused 2ms+2ms
07-05 14:57:59.352   545 20103 I DownloadManager: Initiating request for download 6179
07-05 14:57:59.481   545   548 D dalvikvm: GC_CONCURRENT freed 169K, 8% free 10789K/11719K, paused 2ms+2ms
07-05 14:57:59.618   545   548 D dalvikvm: GC_CONCURRENT freed 335K, 7% free 10947K/11719K, paused 2ms+3ms
07-05 14:57:59.837  1370 20105 E DictionaryProvider:UpdateHandler: Can't read a file : android.util.MalformedJsonException: Use JsonReader.setLenient(true) to accept malformed JSON at line 1 column 20
07-05 14:57:59.860   545 20107 I DownloadManager: in removeSpuriousFiles
07-05 14:57:59.930   545   548 D dalvikvm: GC_CONCURRENT freed 894K, 9% free 10695K/11719K, paused 2ms+4ms
07-05 14:58:00.055   545   548 D dalvikvm: GC_CONCURRENT freed 364K, 8% free 10888K/11719K, paused 2ms+4ms
07-05 14:58:00.087   545 20107 I DownloadManager: in removeSpuriousFiles, preserving file /data/data/com.android.providers.downloads/cache/metadata-45.htm
07-05 14:58:00.087   545 20107 I DownloadManager: in removeSpuriousFiles, preserving file /data/data/com.android.providers.downloads/cache/metadata-51.htm
07-05 14:58:00.091   545 20107 I DownloadManager: in removeSpuriousFiles, preserving file /data/data/com.android.providers.downloads/cache/metadata-153.htm
07-05 14:58:00.091   545 20107 I DownloadManager: in removeSpuriousFiles, preserving file /data/data/com.android.providers.downloads/cache/metadata-164.htm
07-05 14:58:00.091   545 20107 I DownloadManager: in removeSpuriousFiles, preserving file /data/data/com.android.providers.downloads/cache/metadata-82.htm
07-05 14:58:00.091   545 20107 I DownloadManager: in removeSpuriousFiles, preserving file /data/data/com.android.providers.downloads/cache/metadata-63.htm
07-05 14:58:00.091   545 20107 I DownloadManager: in removeSpuriousFiles, preserving file /data/data/com.android.providers.downloads/cache/metadata-1540.htm
07-05 14:58:00.091   545 20107 I DownloadManager: in removeSpuriousFiles, preserving file /data/data/com.android.providers.downloads/cache/metadata-182.htm
07-05 14:58:00.094   545 20107 I DownloadManager: in removeSpuriousFiles, preserving file /data/data/com.android.providers.downloads/cache/metadata-72.htm
07-05 14:58:00.094   545 20107 I DownloadManager: in removeSpuriousFiles, preserving file /data/data/com.android.providers.downloads/cache/metadata-1132.htm
07-05 14:58:00.094   545 20107 I DownloadManager: in removeSpuriousFiles, preserving file /data/data/com.android.providers.downloads/cache/metadata-241.htm
07-05 14:58:00.094   545 20107 I DownloadManager: in removeSpuriousFiles, preserving file /data/data/com.android.providers.downloads/cache/metadata-292.htm
07-05 14:58:00.094   545 20107 I DownloadManager: in removeSpuriousFiles, preserving file /data/data/com.android.providers.downloads/cache/metadata-141.htm
07-05 14:58:00.094   545 20107 I DownloadManager: in removeSpuriousFiles, preserving file /data/data/com.android.providers.downloads/cache/metadata-1007.htm
07-05 14:58:00.098   545 20107 I DownloadManager: in removeSpuriousFiles, preserving file /data/data/com.android.providers.downloads/cache/metadata-1227.htm
07-05 14:58:00.098   545 20107 I DownloadManager: in removeSpuriousFiles, preserving file /data/data/com.android.providers.downloads/cache/metadata-565.htm
07-05 14:58:00.098   545 20107 I DownloadManager: in removeSpuriousFiles, preserving file /data/data/com.android.providers.downloads/cache/metadata-2018.htm
07-05 14:58:00.098   545 20107 I DownloadManager: in removeSpuriousFiles, preserving file /data/data/com.android.providers.downloads/cache/metadata-1360.htm
07-05 14:58:00.098   545 20107 I DownloadManager: in removeSpuriousFiles, preserving file /data/data/com.android.providers.downloads/cache/metadata-90.htm
07-05 14:58:00.098   545 20107 I DownloadManager: in removeSpuriousFiles, preserving file /data/data/com.android.providers.downloads/cache/metadata-1307.htm
07-05 14:58:00.102   545 20107 I DownloadManager: in removeSpuriousFiles, preserving file /data/data/com.android.providers.downloads/cache/metadata-345.htm
07-05 14:58:00.102   545 20107 I DownloadManager: in removeSpuriousFiles, preserving file /data/data/com.android.providers.downloads/cache/metadata-447.htm
07-05 14:58:00.102   545 20107 I DownloadManager: in removeSpuriousFiles, preserving file /data/data/com.android.providers.downloads/cache/metadata-348.htm
07-05 14:58:00.102   545 20107 I DownloadManager: in removeSpuriousFiles, preserving file /data/data/com.android.providers.downloads/cache/metadata-362.htm
07-05 14:58:00.102   545 20107 I DownloadManager: in removeSpuriousFiles, preserving file /data/data/com.android.providers.downloads/cache/metadata-412.htm
07-05 14:58:00.106   545 20107 I DownloadManager: in removeSpuriousFiles, preserving file /data/data/com.android.providers.downloads/cache/metadata-123.htm
07-05 14:58:00.106   545 20107 I DownloadManager: in removeSpuriousFiles, preserving file /data/data/com.android.providers.downloads/cache/metadata-1291.htm
07-05 14:58:00.106   545 20107 I DownloadManager: in removeSpuriousFiles, preserving file /data/data/com.android.providers.downloads/cache/metadata-184.htm
07-05 14:58:00.106   545 20107 I DownloadManager: in removeSpuriousFiles, preserving file /data/data/com.android.providers.downloads/cache/metadata-1023.htm
07-05 14:58:00.106   545 20107 I DownloadManager: in removeSpuriousFiles, preserving file /data/data/com.android.providers.downloads/cache/metadata-295.htm
07-05 14:58:00.110   545 20107 I DownloadManager: in removeSpuriousFiles, preserving file /data/data/com.android.providers.downloads/cache/metadata-251.htm
07-05 14:58:00.110   545 20107 I DownloadManager: in removeSpuriousFiles, preserving file /data/data/com.android.providers.downloads/cache/metadata-702.htm
07-05 14:58:00.110   545 20107 I DownloadManager: in removeSpuriousFiles, preserving file /data/data/com.android.providers.downloads/cache/metadata-291.htm
07-05 14:58:00.110   545 20107 I DownloadManager: in removeSpuriousFiles, preserving file /data/data/com.android.providers.downloads/cache/metadata-1800.htm
07-05 14:58:00.114   545 20107 I DownloadManager: in removeSpuriousFiles, preserving file /data/data/com.android.providers.downloads/cache/metadata-226.htm
07-05 14:58:00.114   545 20107 I DownloadManager: in removeSpuriousFiles, preserving file /data/data/com.android.providers.downloads/cache/metadata-1252.htm
07-05 14:58:00.114   545 20107 I DownloadManager: in removeSpuriousFiles, preserving file /data/data/com.android.providers.downloads/cache/metadata-78.htm
07-05 14:58:00.114   545 20107 I DownloadManager: in removeSpuriousFiles, preserving file /data/data/com.android.providers.downloads/cache/metadata-245.htm
07-05 14:58:00.118   545 20107 I DownloadManager: in removeSpuriousFiles, preserving file /data/data/com.android.providers.downloads/cache/metadata-672.htm
07-05 14:58:00.118   545 20107 I DownloadManager: in removeSpuriousFiles, preserving file /data/data/com.android.providers.downloads/cache/metadata-150.htm
07-05 14:58:00.118   545 20107 I DownloadManager: in removeSpuriousFiles, preserving file /data/data/com.android.providers.downloads/cache/metadata-194.htm
07-05 14:58:00.118   545 20107 I DownloadManager: in removeSpuriousFiles, preserving file /data/data/com.android.providers.downloads/cache/metadata-1231.htm
07-05 14:58:00.122   545 20107 I DownloadManager: in removeSpuriousFiles, preserving file /data/data/com.android.providers.downloads/cache/metadata-248.htm
07-05 14:58:00.122   545 20107 I DownloadManager: in removeSpuriousFiles, preserving file /data/data/com.android.providers.downloads/cache/metadata-445.htm
07-05 14:58:00.122   545 20107 I DownloadManager: in removeSpuriousFiles, preserving file /data/data/com.android.providers.downloads/cache/metadata-531.htm
07-05 14:58:00.126   545 20107 I DownloadManager: in removeSpuriousFiles, preserving file /data/data/com.android.providers.downloads/cache/metadata-598.htm
07-05 14:58:00.126   545 20107 I DownloadManager: in removeSpuriousFiles, preserving file /data/data/com.android.providers.downloads/cache/metadata-366.htm
07-05 14:58:00.126   545 20107 I DownloadManager: in removeSpuriousFiles, preserving file /data/data/com.android.providers.downloads/cache/metadata-1568.htm
07-05 14:58:00.130   545 20107 I DownloadManager: in removeSpuriousFiles, preserving file /data/data/com.android.providers.downloads/cache/metadata-645.htm
07-05 14:58:00.130   545 20107 I DownloadManager: in removeSpuriousFiles, preserving file /data/data/com.android.providers.downloads/cache/metadata-312.htm
07-05 14:58:00.130   545 20107 I DownloadManager: in removeSpuriousFiles, preserving file /data/data/com.android.providers.downloads/cache/metadata-1479.htm
07-05 14:58:00.134   545 20107 I DownloadManager: in removeSpuriousFiles, preserving file /data/data/com.android.providers.downloads/cache/metadata-257.htm
07-05 14:58:00.134   545 20107 I DownloadManager: in removeSpuriousFiles, preserving file /data/data/com.android.providers.downloads/cache/metadata-371.htm
07-05 14:58:00.137   545 20107 I DownloadManager: in removeSpuriousFiles, preserving file /data/data/com.android.providers.downloads/cache/metadata-718.htm
07-05 14:58:00.137   545 20107 I DownloadManager: in removeSpuriousFiles, preserving file /data/data/com.android.providers.downloads/cache/metadata-334.htm
07-05 14:58:00.137   545 20107 I DownloadManager: in removeSpuriousFiles, preserving file /data/data/com.android.providers.downloads/cache/metadata-320.htm
07-05 14:58:00.141   545 20107 I DownloadManager: in removeSpuriousFiles, preserving file /data/data/com.android.providers.downloads/cache/metadata-978.htm
07-05 14:58:00.141   545 20107 I DownloadManager: in removeSpuriousFiles, preserving file /data/data/com.android.providers.downloads/cache/metadata-890.htm
07-05 14:58:00.145   545 20107 I DownloadManager: in removeSpuriousFiles, preserving file /data/data/com.android.providers.downloads/cache/metadata-1882.htm
07-05 14:58:00.145   545 20107 I DownloadManager: in removeSpuriousFiles, preserving file /data/data/com.android.providers.downloads/cache/metadata-1764.htm
07-05 14:58:00.149   545 20107 I DownloadManager: in removeSpuriousFiles, preserving file /data/data/com.android.providers.downloads/cache/metadata-1211.htm
07-05 14:58:00.149   545 20107 I DownloadManager: in removeSpuriousFiles, preserving file /data/data/com.android.providers.downloads/cache/metadata-926.htm
07-05 14:58:00.149   545 20107 I DownloadManager: in removeSpuriousFiles, preserving file /data/data/com.android.providers.downloads/cache/metadata-327.htm
07-05 14:58:00.153   545 20107 I DownloadManager: in removeSpuriousFiles, preserving file /data/data/com.android.providers.downloads/cache/metadata-394.htm
07-05 14:58:00.153   545 20107 I DownloadManager: in removeSpuriousFiles, preserving file /data/data/com.android.providers.downloads/cache/metadata-2253.htm
07-05 14:58:00.157   545 20107 I DownloadManager: in removeSpuriousFiles, preserving file /data/data/com.android.providers.downloads/cache/metadata-1482.htm
07-05 14:58:00.157   545 20107 I DownloadManager: in removeSpuriousFiles, preserving file /data/data/com.android.providers.downloads/cache/metadata-749.htm
07-05 14:58:00.157   545 20107 I DownloadManager: in removeSpuriousFiles, preserving file /data/data/com.android.providers.downloads/cache/metadata-2203.htm
07-05 14:58:00.161   545 20107 I DownloadManager: in removeSpuriousFiles, preserving file /data/data/com.android.providers.downloads/cache/metadata-2312.htm
07-05 14:58:00.161   545 20107 I DownloadManager: in removeSpuriousFiles, preserving file /data/data/com.android.providers.downloads/cache/metadata-576.htm
07-05 14:58:00.161   545 20107 I DownloadManager: in removeSpuriousFiles, preserving file /data/data/com.android.providers.downloads/cache/metadata-2216.htm
07-05 14:58:00.165   545 20107 I DownloadManager: in removeSpuriousFiles, preserving file /data/data/com.android.providers.downloads/cache/metadata-1814.htm
07-05 14:58:00.165   545 20107 I DownloadManager: in removeSpuriousFiles, preserving file /data/data/com.android.providers.downloads/cache/metadata-1121.htm
07-05 14:58:00.169   545 20107 I DownloadManager: in removeSpuriousFiles, preserving file /data/data/com.android.providers.downloads/cache/metadata-148.htm
07-05 14:58:00.173   545 20107 I DownloadManager: in removeSpuriousFiles, preserving file /data/data/com.android.providers.downloads/cache/metadata-1223.htm
07-05 14:58:00.173   545 20107 I DownloadManager: in removeSpuriousFiles, preserving file /data/data/com.android.providers.downloads/cache/metadata-1046.htm
07-05 14:58:00.173   545 20107 I DownloadManager: in removeSpuriousFiles, preserving file /data/data/com.android.providers.downloads/cache/metadata-1113.htm
07-05 14:58:00.176   545 20107 I DownloadManager: in removeSpuriousFiles, preserving file /data/data/com.android.providers.downloads/cache/metadata-109.htm
07-05 14:58:00.176 19707 19720 I PhoneLab-: Service Running
07-05 14:58:00.184   545 20107 I DownloadManager: in removeSpuriousFiles, preserving file /data/data/com.android.providers.downloads/cache/metadata-650.htm
07-05 14:58:00.184   545 20107 I DownloadManager: in removeSpuriousFiles, preserving file /data/data/com.android.providers.downloads/cache/metadata-1496.htm
07-05 14:58:00.188   545 20107 I DownloadManager: in removeSpuriousFiles, preserving file /data/data/com.android.providers.downloads/cache/metadata-625.htm
07-05 14:58:00.192   545 20107 I DownloadManager: in removeSpuriousFiles, preserving file /data/data/com.android.providers.downloads/cache/metadata-1936.htm
07-05 14:58:00.196   545 20107 I DownloadManager: in removeSpuriousFiles, preserving file /data/data/com.android.providers.downloads/cache/metadata-713.htm
07-05 14:58:00.200   545 20107 I DownloadManager: in removeSpuriousFiles, preserving file /data/data/com.android.providers.downloads/cache/metadata-1735.htm
07-05 14:58:00.200   545 20107 I DownloadManager: in removeSpuriousFiles, preserving file /data/data/com.android.providers.downloads/cache/metadata-1078.htm
07-05 14:58:00.208   545 20107 I DownloadManager: in removeSpuriousFiles, preserving file /data/data/com.android.providers.downloads/cache/metadata-991.htm
07-05 14:58:00.212   545 20107 I DownloadManager: in removeSpuriousFiles, preserving file /data/data/com.android.providers.downloads/cache/metadata-1608.htm
07-05 14:58:00.216   545 20107 I DownloadManager: in removeSpuriousFiles, preserving file /data/data/com.android.providers.downloads/cache/metadata-385.htm
07-05 14:58:00.216   545 20107 I DownloadManager: in removeSpuriousFiles, preserving file /data/data/com.android.providers.downloads/cache/metadata-1304.htm
07-05 14:58:00.223   545 20107 I DownloadManager: in removeSpuriousFiles, preserving file /data/data/com.android.providers.downloads/cache/metadata-758.htm
07-05 14:58:00.223   545 20107 I DownloadManager: in removeSpuriousFiles, preserving file /data/data/com.android.providers.downloads/cache/metadata-1757.htm
07-05 14:58:00.235   545 20107 I DownloadManager: in removeSpuriousFiles, preserving file /data/data/com.android.providers.downloads/cache/metadata-678.htm
07-05 14:58:00.235   545 20107 I DownloadManager: in removeSpuriousFiles, preserving file /data/data/com.android.providers.downloads/cache/metadata-997.htm
07-05 14:58:00.239   545 20107 I DownloadManager: in removeSpuriousFiles, preserving file /data/data/com.android.providers.downloads/cache/metadata-1598.htm
07-05 14:58:00.243   545 20107 I DownloadManager: in removeSpuriousFiles, preserving file /data/data/com.android.providers.downloads/cache/metadata-1218.htm
07-05 14:58:00.251   545 20107 I DownloadManager: in removeSpuriousFiles, preserving file /data/data/com.android.providers.downloads/cache/metadata-1222.htm
07-05 14:58:00.251   545 20107 I DownloadManager: in removeSpuriousFiles, preserving file /data/data/com.android.providers.downloads/cache/metadata-590.htm
07-05 14:58:00.255 19707 19720 I PhoneLab-LoggerService: app_49    1247  1     1956   1584  c00f181c 400107b4 S logcat
07-05 14:58:00.255 19707 19720 I PhoneLab-LoggerService: Logcat pid from database 1247
07-05 14:58:00.255 19707 19720 I PhoneLab-LoggerService: Logcat process found 1247
07-05 14:58:00.255 19707 19720 I PhoneLab-LoggerService: Checking Threshold
07-05 14:58:00.262 19707 19720 I PhoneLab-LoggerService: Starting to rename files
07-05 14:58:00.266   545 20107 I DownloadManager: in removeSpuriousFiles, preserving file /data/data/com.android.providers.downloads/cache/metadata-2040.htm
07-05 14:58:00.270   545 20107 I DownloadManager: in removeSpuriousFiles, preserving file /data/data/com.android.providers.downloads/cache/metadata-1094.htm
07-05 14:58:00.278 19707 19720 I PhoneLab-LoggerService: Files found .. 56
07-05 14:58:00.282   545 20107 I DownloadManager: in removeSpuriousFiles, preserving file /data/data/com.android.providers.downloads/cache/metadata-1324.htm
07-05 14:58:00.290   545 20107 I DownloadManager: in removeSpuriousFiles, preserving file /data/data/com.android.providers.downloads/cache/metadata-852.htm
07-05 14:58:00.290   545 20107 I DownloadManager: in removeSpuriousFiles, preserving file /data/data/com.android.providers.downloads/cache/metadata-1406.htm
07-05 14:58:00.294   545 20107 I DownloadManager: in removeSpuriousFiles, preserving file /data/data/com.android.providers.downloads/cache/metadata-1289.htm
07-05 14:58:00.294   545 20107 I DownloadManager: in removeSpuriousFiles, preserving file /data/data/com.android.providers.downloads/cache/metadata-656.htm
07-05 14:58:00.298   545 20107 I DownloadManager: in removeSpuriousFiles, preserving file /data/data/com.android.providers.downloads/cache/metadata-1026.htm
07-05 14:58:00.298   545 20107 I DownloadManager: in removeSpuriousFiles, preserving file /data/data/com.android.providers.downloads/cache/metadata-1419.htm
07-05 14:58:00.301   545 20107 I DownloadManager: in removeSpuriousFiles, preserving file /data/data/com.android.providers.downloads/cache/metadata-1906.htm
07-05 14:58:00.301   545 20107 I DownloadManager: in removeSpuriousFiles, preserving file /data/data/com.android.providers.downloads/cache/metadata-439.htm
07-05 14:58:00.305   545 20107 I DownloadManager: in removeSpuriousFiles, preserving file /data/data/com.android.providers.downloads/cache/metadata-1160.htm
07-05 14:58:00.305   545 20107 I DownloadManager: in removeSpuriousFiles, preserving file /data/data/com.android.providers.downloads/cache/metadata-1233.htm
07-05 14:58:00.309   545 20107 I DownloadManager: in removeSpuriousFiles, preserving file /data/data/com.android.providers.downloads/cache/metadata-1212.htm
07-05 14:58:00.309   545 20107 I DownloadManager: in removeSpuriousFiles, preserving file /data/data/com.android.providers.downloads/cache/metadata-1004.htm
07-05 14:58:00.313   545 20107 I DownloadManager: in removeSpuriousFiles, preserving file /data/data/com.android.providers.downloads/cache/metadata-706.htm
07-05 14:58:00.317   545 20107 I DownloadManager: in removeSpuriousFiles, preserving file /data/data/com.android.providers.downloads/cache/metadata-683.htm
07-05 14:58:00.317   545 20107 I DownloadManager: in removeSpuriousFiles, preserving file /data/data/com.android.providers.downloads/cache/metadata-1009.htm
07-05 14:58:00.321   545 20107 I DownloadManager: in removeSpuriousFiles, preserving file /data/data/com.android.providers.downloads/cache/metadata-1613.htm
07-05 14:58:00.321   545 20107 I DownloadManager: in removeSpuriousFiles, preserving file /data/data/com.android.providers.downloads/cache/metadata-1260.htm
07-05 14:58:00.325   545 20107 I DownloadManager: in removeSpuriousFiles, preserving file /data/data/com.android.providers.downloads/cache/metadata-1816.htm
07-05 14:58:00.325   545 20107 I DownloadManager: in removeSpuriousFiles, preserving file /data/data/com.android.providers.downloads/cache/metadata-474.htm
07-05 14:58:00.329   545 20107 I DownloadManager: in removeSpuriousFiles, preserving file /data/data/com.android.providers.downloads/cache/metadata-73.htm
07-05 14:58:00.329   545 20107 I DownloadManager: in removeSpuriousFiles, preserving file /data/data/com.android.providers.downloads/cache/metadata-60.htm
07-05 14:58:00.329   545 20107 I DownloadManager: in removeSpuriousFiles, preserving file /data/data/com.android.providers.downloads/cache/metadata-31.htm
07-05 14:58:00.329   545 20107 I DownloadManager: in removeSpuriousFiles, preserving file /data/data/com.android.providers.downloads/cache/metadata-210.htm
07-05 14:58:00.329   545 20107 I DownloadManager: in removeSpuriousFiles, preserving file /data/data/com.android.providers.downloads/cache/metadata-38.htm
07-05 14:58:00.333   545 20107 I DownloadManager: in removeSpuriousFiles, preserving file /data/data/com.android.providers.downloads/cache/metadata-39.htm
07-05 14:58:00.333   545 20107 I DownloadManager: in removeSpuriousFiles, preserving file /data/data/com.android.providers.downloads/cache/metadata-20.htm
07-05 14:58:00.333   545 20107 I DownloadManager: in removeSpuriousFiles, preserving file /data/data/com.android.providers.downloads/cache/metadata-121.htm
07-05 14:58:00.333   545 20107 I DownloadManager: in removeSpuriousFiles, preserving file /data/data/com.android.providers.downloads/cache/metadata-26.htm
07-05 14:58:00.333   545 20107 I DownloadManager: in removeSpuriousFiles, preserving file /data/data/com.android.providers.downloads/cache/metadata-105.htm
07-05 14:58:00.333   545 20107 I DownloadManager: in removeSpuriousFiles, preserving file /data/data/com.android.providers.downloads/cache/metadata-269.htm
07-05 14:58:00.337   545 20107 I DownloadManager: in removeSpuriousFiles, preserving file /data/data/com.android.providers.downloads/cache/metadata-138.htm
07-05 14:58:00.337   545 20107 I DownloadManager: in removeSpuriousFiles, preserving file /data/data/com.android.providers.downloads/cache/metadata-170.htm
07-05 14:58:00.337   545 20107 I DownloadManager: in removeSpuriousFiles, preserving file /data/data/com.android.providers.downloads/cache/metadata-232.htm
07-05 14:58:00.337   545 20107 I DownloadManager: in removeSpuriousFiles, preserving file /data/data/com.android.providers.downloads/cache/metadata-265.htm
07-05 14:58:00.337   545 20107 I DownloadManager: in removeSpuriousFiles, preserving file /data/data/com.android.providers.downloads/cache/metadata-64.htm
07-05 14:58:00.337   545 20107 I DownloadManager: in removeSpuriousFiles, preserving file /data/data/com.android.providers.downloads/cache/metadata-1623.htm
07-05 14:58:00.341   545 20107 I DownloadManager: in removeSpuriousFiles, preserving file /data/data/com.android.providers.downloads/cache/metadata-187.htm
07-05 14:58:00.341   545 20107 I DownloadManager: in removeSpuriousFiles, preserving file /data/data/com.android.providers.downloads/cache/metadata-180.htm
07-05 14:58:00.341   545 20107 I DownloadManager: in removeSpuriousFiles, preserving file /data/data/com.android.providers.downloads/cache/metadata-399.htm
07-05 14:58:00.341   545 20107 I DownloadManager: in removeSpuriousFiles, preserving file /data/data/com.android.providers.downloads/cache/metadata-202.htm
07-05 14:58:00.341   545 20107 I DownloadManager: in removeSpuriousFiles, preserving file /data/data/com.android.providers.downloads/cache/metadata-156.htm
07-05 14:58:00.341   545 20107 I DownloadManager: in removeSpuriousFiles, preserving file /data/data/com.android.providers.downloads/cache/metadata-81.htm
07-05 14:58:00.344   545 20107 I DownloadManager: in removeSpuriousFiles, preserving file /data/data/com.android.providers.downloads/cache/metadata-1374.htm
07-05 14:58:00.344   545 20107 I DownloadManager: in removeSpuriousFiles, preserving file /data/data/com.android.providers.downloads/cache/metadata-218.htm
07-05 14:58:00.344   545 20107 I DownloadManager: in removeSpuriousFiles, preserving file /data/data/com.android.providers.downloads/cache/metadata-234.htm
07-05 14:58:00.344   545 20107 I DownloadManager: in removeSpuriousFiles, preserving file /data/data/com.android.providers.downloads/cache/metadata-117.htm
07-05 14:58:00.344   545 20107 I DownloadManager: in removeSpuriousFiles, preserving file /data/data/com.android.providers.downloads/cache/metadata-126.htm
07-05 14:58:00.348   545 20107 I DownloadManager: in removeSpuriousFiles, preserving file /data/data/com.android.providers.downloads/cache/metadata-254.htm
07-05 14:58:00.348   545 20107 I DownloadManager: in removeSpuriousFiles, preserving file /data/data/com.android.providers.downloads/cache/metadata-140.htm
07-05 14:58:00.348   545 20107 I DownloadManager: in removeSpuriousFiles, preserving file /data/data/com.android.providers.downloads/cache/metadata-233.htm
07-05 14:58:00.348   545 20107 I DownloadManager: in removeSpuriousFiles, preserving file /data/data/com.android.providers.downloads/cache/metadata-75.htm
07-05 14:58:00.348   545 20107 I DownloadManager: in removeSpuriousFiles, preserving file /data/data/com.android.providers.downloads/cache/metadata-326.htm
07-05 14:58:00.348   545 20107 I DownloadManager: in removeSpuriousFiles, preserving file /data/data/com.android.providers.downloads/cache/metadata-462.htm
07-05 14:58:00.352   545 20107 I DownloadManager: in removeSpuriousFiles, preserving file /data/data/com.android.providers.downloads/cache/metadata-231.htm
07-05 14:58:00.352   545 20107 I DownloadManager: in removeSpuriousFiles, preserving file /data/data/com.android.providers.downloads/cache/metadata-1559.htm
07-05 14:58:00.356   545 20107 I DownloadManager: in removeSpuriousFiles, preserving file /data/data/com.android.providers.downloads/cache/metadata-467.htm
07-05 14:58:00.356   545 20107 I DownloadManager: in removeSpuriousFiles, preserving file /data/data/com.android.providers.downloads/cache/metadata-1193.htm
07-05 14:58:00.356   545 20107 I DownloadManager: in removeSpuriousFiles, preserving file /data/data/com.android.providers.downloads/cache/metadata-633.htm
07-05 14:58:00.356   545 20107 I DownloadManager: in removeSpuriousFiles, preserving file /data/data/com.android.providers.downloads/cache/metadata-2412.htm
07-05 14:58:00.356   545 20107 I DownloadManager: in removeSpuriousFiles, preserving file /data/data/com.android.providers.downloads/cache/metadata-247.htm
07-05 14:58:00.360   545 20107 I DownloadManager: in removeSpuriousFiles, preserving file /data/data/com.android.providers.downloads/cache/metadata-175.htm
07-05 14:58:00.360   545 20107 I DownloadManager: in removeSpuriousFiles, preserving file /data/data/com.android.providers.downloads/cache/metadata-217.htm
07-05 14:58:00.360   545 20107 I DownloadManager: in removeSpuriousFiles, preserving file /data/data/com.android.providers.downloads/cache/metadata-1002.htm
07-05 14:58:00.360   545 20107 I DownloadManager: in removeSpuriousFiles, preserving file /data/data/com.android.providers.downloads/cache/metadata-206.htm
07-05 14:58:00.360   545 20107 I DownloadManager: in removeSpuriousFiles, preserving file /data/data/com.android.providers.downloads/cache/metadata-839.htm
07-05 14:58:00.364   545 20107 I DownloadManager: in removeSpuriousFiles, preserving file /data/data/com.android.providers.downloads/cache/metadata-1320.htm
07-05 14:58:00.364   545 20107 I DownloadManager: in removeSpuriousFiles, preserving file /data/data/com.android.providers.downloads/cache/metadata-237.htm
07-05 14:58:00.364   545 20107 I DownloadManager: in removeSpuriousFiles, preserving file /data/data/com.android.providers.downloads/cache/metadata-273.htm
07-05 14:58:00.364   545 20107 I DownloadManager: in removeSpuriousFiles, preserving file /data/data/com.android.providers.downloads/cache/metadata-107.htm
07-05 14:58:00.364   545 20107 I DownloadManager: in removeSpuriousFiles, preserving file /data/data/com.android.providers.downloads/cache/metadata-2002.htm
07-05 14:58:00.368   545 20107 I DownloadManager: in removeSpuriousFiles, preserving file /data/data/com.android.providers.downloads/cache/metadata-212.htm
07-05 14:58:00.368   545 20107 I DownloadManager: in removeSpuriousFiles, preserving file /data/data/com.android.providers.downloads/cache/metadata-113.htm
07-05 14:58:00.368   545 20107 I DownloadManager: in removeSpuriousFiles, preserving file /data/data/com.android.providers.downloads/cache/metadata-825.htm
07-05 14:58:00.368   545 20107 I DownloadManager: in removeSpuriousFiles, preserving file /data/data/com.android.providers.downloads/cache/metadata-941.htm
07-05 14:58:00.372   545 20107 I DownloadManager: in removeSpuriousFiles, preserving file /data/data/com.android.providers.downloads/cache/metadata-281.htm
07-05 14:58:00.372   545 20107 I DownloadManager: in removeSpuriousFiles, preserving file /data/data/com.android.providers.downloads/cache/metadata-1437.htm
07-05 14:58:00.372   545 20107 I DownloadManager: in removeSpuriousFiles, preserving file /data/data/com.android.providers.downloads/cache/metadata-657.htm
07-05 14:58:00.372   545 20107 I DownloadManager: in removeSpuriousFiles, preserving file /data/data/com.android.providers.downloads/cache/metadata-368.htm
07-05 14:58:00.376   545 20107 I DownloadManager: in removeSpuriousFiles, preserving file /data/data/com.android.providers.downloads/cache/metadata-1465.htm
07-05 14:58:00.376   545 20107 I DownloadManager: in removeSpuriousFiles, preserving file /data/data/com.android.providers.downloads/cache/metadata-690.htm
07-05 14:58:00.376   545 20107 I DownloadManager: in removeSpuriousFiles, preserving file /data/data/com.android.providers.downloads/cache/metadata-606.htm
07-05 14:58:00.376   545 20107 I DownloadManager: in removeSpuriousFiles, preserving file /data/data/com.android.providers.downloads/cache/metadata-276.htm
07-05 14:58:00.380   545 20107 I DownloadManager: in removeSpuriousFiles, preserving file /data/data/com.android.providers.downloads/cache/metadata-983.htm
07-05 14:58:00.380   545 20107 I DownloadManager: in removeSpuriousFiles, preserving file /data/data/com.android.providers.downloads/cache/metadata-1150.htm
07-05 14:58:00.380   545 20107 I DownloadManager: in removeSpuriousFiles, preserving file /data/data/com.android.providers.downloads/cache/metadata-418.htm
07-05 14:58:00.380   545 20107 I DownloadManager: in removeSpuriousFiles, preserving file /data/data/com.android.providers.downloads/cache/metadata-1207.htm
07-05 14:58:00.384   545 20107 I DownloadManager: in removeSpuriousFiles, preserving file /data/data/com.android.providers.downloads/cache/metadata-1581.htm
07-05 14:58:00.384   545 20107 I DownloadManager: in removeSpuriousFiles, preserving file /data/data/com.android.providers.downloads/cache/metadata-144.htm
07-05 14:58:00.384   545 20107 I DownloadManager: in removeSpuriousFiles, preserving file /data/data/com.android.providers.downloads/cache/metadata-1294.htm
07-05 14:58:00.387   545 20107 I DownloadManager: in removeSpuriousFiles, preserving file /data/data/com.android.providers.downloads/cache/metadata-550.htm
07-05 14:58:00.387   545 20107 I DownloadManager: in removeSpuriousFiles, preserving file /data/data/com.android.providers.downloads/cache/metadata-1378.htm
07-05 14:58:00.387   545 20107 I DownloadManager: in removeSpuriousFiles, preserving file /data/data/com.android.providers.downloads/cache/metadata-615.htm
07-05 14:58:00.391   545 20107 I DownloadManager: in removeSpuriousFiles, preserving file /data/data/com.android.providers.downloads/cache/metadata-475.htm
07-05 14:58:00.391   545 20107 I DownloadManager: in removeSpuriousFiles, preserving file /data/data/com.android.providers.downloads/cache/metadata-375.htm
07-05 14:58:00.391   545 20107 I DownloadManager: in removeSpuriousFiles, preserving file /data/data/com.android.providers.downloads/cache/metadata-336.htm
07-05 14:58:00.395   545 20107 I DownloadManager: in removeSpuriousFiles, preserving file /data/data/com.android.providers.downloads/cache/metadata-2115.htm
07-05 14:58:00.395   545 20107 I DownloadManager: in removeSpuriousFiles, preserving file /data/data/com.android.providers.downloads/cache/metadata-651.htm
07-05 14:58:00.399   545 20107 I DownloadManager: in removeSpuriousFiles, preserving file /data/data/com.android.providers.downloads/cache/metadata-505.htm
07-05 14:58:00.399   545 20107 I DownloadManager: in removeSpuriousFiles, preserving file /data/data/com.android.providers.downloads/cache/metadata-2459.htm
07-05 14:58:00.399   545 20107 I DownloadManager: in removeSpuriousFiles, preserving file /data/data/com.android.providers.downloads/cache/metadata-2967.htm
07-05 14:58:00.403   545 20107 I DownloadManager: in removeSpuriousFiles, preserving file /data/data/com.android.providers.downloads/cache/metadata-240.htm
07-05 14:58:00.403   545 20107 I DownloadManager: in removeSpuriousFiles, preserving file /data/data/com.android.providers.downloads/cache/metadata-1175.htm
07-05 14:58:00.403   545 20107 I DownloadManager: in removeSpuriousFiles, preserving file /data/data/com.android.providers.downloads/cache/metadata-2042.htm
07-05 14:58:00.407   545 20107 I DownloadManager: in removeSpuriousFiles, preserving file /data/data/com.android.providers.downloads/cache/metadata-428.htm
07-05 14:58:00.407   545 20107 I DownloadManager: in removeSpuriousFiles, preserving file /data/data/com.android.providers.downloads/cache/metadata-2304.htm
07-05 14:58:00.411   545 20107 I DownloadManager: in removeSpuriousFiles, preserving file /data/data/com.android.providers.downloads/cache/metadata-335.htm
07-05 14:58:00.411   545 20107 I DownloadManager: in removeSpuriousFiles, preserving file /data/data/com.android.providers.downloads/cache/metadata-802.htm
07-05 14:58:00.411   545 20107 I DownloadManager: in removeSpuriousFiles, preserving file /data/data/com.android.providers.downloads/cache/metadata-1372.htm
07-05 14:58:00.415   545 20107 I DownloadManager: in removeSpuriousFiles, preserving file /data/data/com.android.providers.downloads/cache/metadata-1272.htm
07-05 14:58:00.419   545 20107 I DownloadManager: in removeSpuriousFiles, preserving file /data/data/com.android.providers.downloads/cache/metadata-1183.htm
07-05 14:58:00.419   545 20107 I DownloadManager: in removeSpuriousFiles, preserving file /data/data/com.android.providers.downloads/cache/metadata-742.htm
07-05 14:58:00.419   545 20107 I DownloadManager: in removeSpuriousFiles, preserving file /data/data/com.android.providers.downloads/cache/metadata-551.htm
07-05 14:58:00.423   545 20107 I DownloadManager: in removeSpuriousFiles, preserving file /data/data/com.android.providers.downloads/cache/metadata-1003.htm
07-05 14:58:00.423   545 20107 I DownloadManager: in removeSpuriousFiles, preserving file /data/data/com.android.providers.downloads/cache/metadata-314.htm
07-05 14:58:00.426   545 20107 I DownloadManager: in removeSpuriousFiles, preserving file /data/data/com.android.providers.downloads/cache/metadata-301.htm
07-05 14:58:00.426   545 20107 I DownloadManager: in removeSpuriousFiles, preserving file /data/data/com.android.providers.downloads/cache/metadata-528.htm
07-05 14:58:00.430   545 20107 I DownloadManager: in removeSpuriousFiles, preserving file /data/data/com.android.providers.downloads/cache/metadata-1793.htm
07-05 14:58:00.430   545 20107 I DownloadManager: in removeSpuriousFiles, preserving file /data/data/com.android.providers.downloads/cache/metadata-1912.htm
07-05 14:58:00.434   545 20107 I DownloadManager: in removeSpuriousFiles, preserving file /data/data/com.android.providers.downloads/cache/metadata-809.htm
07-05 14:58:00.434   545 20107 I DownloadManager: in removeSpuriousFiles, preserving file /data/data/com.android.providers.downloads/cache/metadata-1478.htm
07-05 14:58:00.434   545 20107 I DownloadManager: in removeSpuriousFiles, preserving file /data/data/com.android.providers.downloads/cache/metadata-585.htm
07-05 14:58:00.438   545 20107 I DownloadManager: in removeSpuriousFiles, preserving file /data/data/com.android.providers.downloads/cache/metadata-896.htm
07-05 14:58:00.438   545 20107 I DownloadManager: in removeSpuriousFiles, preserving file /data/data/com.android.providers.downloads/cache/metadata-188.htm
07-05 14:58:00.442   545 20107 I DownloadManager: in removeSpuriousFiles, preserving file /data/data/com.android.providers.downloads/cache/metadata-2140.htm
07-05 14:58:00.442   545 20107 I DownloadManager: in removeSpuriousFiles, preserving file /data/data/com.android.providers.downloads/cache/metadata-996.htm
07-05 14:58:00.446   545 20107 I DownloadManager: in removeSpuriousFiles, preserving file /data/data/com.android.providers.downloads/cache/metadata-1575.htm
07-05 14:58:00.446   545 20107 I DownloadManager: in removeSpuriousFiles, preserving file /data/data/com.android.providers.downloads/cache/metadata-2016.htm
07-05 14:58:00.450   545 20107 I DownloadManager: in removeSpuriousFiles, preserving file /data/data/com.android.providers.downloads/cache/metadata-1444.htm
07-05 14:58:00.450   545 20107 I DownloadManager: in removeSpuriousFiles, preserving file /data/data/com.android.providers.downloads/cache/metadata-885.htm
07-05 14:58:00.454   545 20107 I DownloadManager: in removeSpuriousFiles, preserving file /data/data/com.android.providers.downloads/cache/metadata-419.htm
07-05 14:58:00.454   545 20107 I DownloadManager: in removeSpuriousFiles, preserving file /data/data/com.android.providers.downloads/cache/metadata-1869.htm
07-05 14:58:00.458   545 20107 I DownloadManager: in removeSpuriousFiles, preserving file /data/data/com.android.providers.downloads/cache/metadata-1112.htm
07-05 14:58:00.458   545 20107 I DownloadManager: in removeSpuriousFiles, preserving file /data/data/com.android.providers.downloads/cache/metadata-744.htm
07-05 14:58:00.462   545 20107 I DownloadManager: in removeSpuriousFiles, preserving file /data/data/com.android.providers.downloads/cache/metadata-1473.htm
07-05 14:58:00.466   545 20107 I DownloadManager: in removeSpuriousFiles, preserving file /data/data/com.android.providers.downloads/cache/metadata-1343.htm
07-05 14:58:00.466   545 20107 I DownloadManager: in removeSpuriousFiles, preserving file /data/data/com.android.providers.downloads/cache/metadata-1587.htm
07-05 14:58:00.469   545 20107 I DownloadManager: in removeSpuriousFiles, preserving file /data/data/com.android.providers.downloads/cache/metadata-1405.htm
07-05 14:58:00.469   545 20107 I DownloadManager: in removeSpuriousFiles, preserving file /data/data/com.android.providers.downloads/cache/metadata-2059.htm
07-05 14:58:00.469   545 20107 I DownloadManager: in removeSpuriousFiles, preserving file /data/data/com.android.providers.downloads/cache/metadata-1449.htm
07-05 14:58:00.473   545 20107 I DownloadManager: in removeSpuriousFiles, preserving file /data/data/com.android.providers.downloads/cache/metadata-2038.htm
07-05 14:58:00.473   545 20107 I DownloadManager: in removeSpuriousFiles, preserving file /data/data/com.android.providers.downloads/cache/metadata-661.htm
07-05 14:58:00.477   545 20107 I DownloadManager: in removeSpuriousFiles, preserving file /data/data/com.android.providers.downloads/cache/metadata-7.htm
07-05 14:58:00.477   545 20107 I DownloadManager: in removeSpuriousFiles, preserving file /data/data/com.android.providers.downloads/cache/metadata-3.htm
07-05 14:58:00.477   545 20107 I DownloadManager: in removeSpuriousFiles, preserving file /data/data/com.android.providers.downloads/cache/metadata-27.htm
07-05 14:58:00.477   545 20107 I DownloadManager: in removeSpuriousFiles, preserving file /data/data/com.android.providers.downloads/cache/metadata-197.htm
07-05 14:58:00.477   545 20107 I DownloadManager: in removeSpuriousFiles, preserving file /data/data/com.android.providers.downloads/cache/metadata-52.htm
07-05 14:58:00.481   545 20107 I DownloadManager: in removeSpuriousFiles, preserving file /data/data/com.android.providers.downloads/cache/metadata-103.htm
07-05 14:58:00.481   545 20107 I DownloadManager: in removeSpuriousFiles, preserving file /data/data/com.android.providers.downloads/cache/metadata-50.htm
07-05 14:58:00.481   545 20107 I DownloadManager: in removeSpuriousFiles, preserving file /data/data/com.android.providers.downloads/cache/metadata-116.htm
07-05 14:58:00.481   545 20107 I DownloadManager: in removeSpuriousFiles, preserving file /data/data/com.android.providers.downloads/cache/metadata-149.htm
07-05 14:58:00.481   545 20107 I DownloadManager: in removeSpuriousFiles, preserving file /data/data/com.android.providers.downloads/cache/metadata-323.htm
07-05 14:58:00.481   545 20107 I DownloadManager: in removeSpuriousFiles, preserving file /data/data/com.android.providers.downloads/cache/metadata-294.htm
07-05 14:58:00.481   545 20107 I DownloadManager: in removeSpuriousFiles, preserving file /data/data/com.android.providers.downloads/cache/metadata-351.htm
07-05 14:58:00.485   545 20107 I DownloadManager: in removeSpuriousFiles, preserving file /data/data/com.android.providers.downloads/cache/metadata-1484.htm
07-05 14:58:00.485   545 20107 I DownloadManager: in removeSpuriousFiles, preserving file /data/data/com.android.providers.downloads/cache/metadata-79.htm
07-05 14:58:00.485   545 20107 I DownloadManager: in removeSpuriousFiles, preserving file /data/data/com.android.providers.downloads/cache/metadata-365.htm
07-05 14:58:00.485   545 20107 I DownloadManager: in removeSpuriousFiles, preserving file /data/data/com.android.providers.downloads/cache/metadata-160.htm
07-05 14:58:00.485   545 20107 I DownloadManager: in removeSpuriousFiles, preserving file /data/data/com.android.providers.downloads/cache/metadata-249.htm
07-05 14:58:00.485   545 20107 I DownloadManager: in removeSpuriousFiles, preserving file /data/data/com.android.providers.downloads/cache/metadata-186.htm
07-05 14:58:00.489   545 20107 I DownloadManager: in removeSpuriousFiles, preserving file /data/data/com.android.providers.downloads/cache/metadata-263.htm
07-05 14:58:00.489   545 20107 I DownloadManager: in removeSpuriousFiles, preserving file /data/data/com.android.providers.downloads/cache/metadata-277.htm
07-05 14:58:00.489   545 20107 I DownloadManager: in removeSpuriousFiles, preserving file /data/data/com.android.providers.downloads/cache/metadata-168.htm
07-05 14:58:00.489   545 20107 I DownloadManager: in removeSpuriousFiles, preserving file /data/data/com.android.providers.downloads/cache/metadata-102.htm
07-05 14:58:00.489   545 20107 I DownloadManager: in removeSpuriousFiles, preserving file /data/data/com.android.providers.downloads/cache/metadata-85.htm
07-05 14:58:00.489   545 20107 I DownloadManager: in removeSpuriousFiles, preserving file /data/data/com.android.providers.downloads/cache/metadata-87.htm
07-05 14:58:00.493   545 20107 I DownloadManager: in removeSpuriousFiles, preserving file /data/data/com.android.providers.downloads/cache/metadata-147.htm
07-05 14:58:00.493   545 20107 I DownloadManager: in removeSpuriousFiles, preserving file /data/data/com.android.providers.downloads/cache/metadata-283.htm
07-05 14:58:00.493   545 20107 I DownloadManager: in removeSpuriousFiles, preserving file /data/data/com.android.providers.downloads/cache/metadata-101.htm
07-05 14:58:00.493   545 20107 I DownloadManager: in removeSpuriousFiles, preserving file /data/data/com.android.providers.downloads/cache/metadata-2346.htm
07-05 14:58:00.493   545 20107 I DownloadManager: in removeSpuriousFiles, preserving file /data/data/com.android.providers.downloads/cache/metadata-1249.htm
07-05 14:58:00.493   545 20107 I DownloadManager: in removeSpuriousFiles, preserving file /data/data/com.android.providers.downloads/cache/metadata-562.htm
07-05 14:58:00.497   545 20107 I DownloadManager: in removeSpuriousFiles, preserving file /data/data/com.android.providers.downloads/cache/metadata-350.htm
07-05 14:58:00.497   545 20107 I DownloadManager: in removeSpuriousFiles, preserving file /data/data/com.android.providers.downloads/cache/metadata-227.htm
07-05 14:58:00.497   545 20107 I DownloadManager: in removeSpuriousFiles, preserving file /data/data/com.android.providers.downloads/cache/metadata-76.htm
07-05 14:58:00.497   545 20107 I DownloadManager: in removeSpuriousFiles, preserving file /data/data/com.android.providers.downloads/cache/metadata-163.htm
07-05 14:58:00.497   545 20107 I DownloadManager: in removeSpuriousFiles, preserving file /data/data/com.android.providers.downloads/cache/metadata-88.htm
07-05 14:58:00.497   545 20107 I DownloadManager: in removeSpuriousFiles, preserving file /data/data/com.android.providers.downloads/cache/metadata-480.htm
07-05 14:58:00.501   545 20107 I DownloadManager: in removeSpuriousFiles, preserving file /data/data/com.android.providers.downloads/cache/metadata-340.htm
07-05 14:58:00.501   545 20107 I DownloadManager: in removeSpuriousFiles, preserving file /data/data/com.android.providers.downloads/cache/metadata-171.htm
07-05 14:58:00.501   545 20107 I DownloadManager: in removeSpuriousFiles, preserving file /data/data/com.android.providers.downloads/cache/metadata-436.htm
07-05 14:58:00.501   545 20107 I DownloadManager: in removeSpuriousFiles, preserving file /data/data/com.android.providers.downloads/cache/metadata-359.htm
07-05 14:58:00.501   545 20107 I DownloadManager: in removeSpuriousFiles, preserving file /data/data/com.android.providers.downloads/cache/metadata-288.htm
07-05 14:58:00.505   545 20107 I DownloadManager: in removeSpuriousFiles, preserving file /data/data/com.android.providers.downloads/cache/metadata-300.htm
07-05 14:58:00.505   545 20107 I DownloadManager: in removeSpuriousFiles, preserving file /data/data/com.android.providers.downloads/cache/metadata-899.htm
07-05 14:58:00.505   545 20107 I DownloadManager: in removeSpuriousFiles, preserving file /data/data/com.android.providers.downloads/cache/metadata-344.htm
07-05 14:58:00.505   545 20107 I DownloadManager: in removeSpuriousFiles, preserving file /data/data/com.android.providers.downloads/cache/metadata-331.htm
07-05 14:58:00.505   545 20107 I DownloadManager: in removeSpuriousFiles, preserving file /data/data/com.android.providers.downloads/cache/metadata-329.htm
07-05 14:58:00.509   545 20107 I DownloadManager: in removeSpuriousFiles, preserving file /data/data/com.android.providers.downloads/cache/metadata-400.htm
07-05 14:58:00.509   545 20107 I DownloadManager: in removeSpuriousFiles, preserving file /data/data/com.android.providers.downloads/cache/metadata-94.htm
07-05 14:58:00.512   545 20107 I DownloadManager: in removeSpuriousFiles, preserving file /data/data/com.android.providers.downloads/cache/metadata-567.htm
07-05 14:58:00.512   545 20107 I DownloadManager: in removeSpuriousFiles, preserving file /data/data/com.android.providers.downloads/cache/metadata-328.htm
07-05 14:58:00.512   545 20107 I DownloadManager: in removeSpuriousFiles, preserving file /data/data/com.android.providers.downloads/cache/metadata-322.htm
07-05 14:58:00.512   545 20107 I DownloadManager: in removeSpuriousFiles, preserving file /data/data/com.android.providers.downloads/cache/metadata-261.htm
07-05 14:58:00.512   545 20107 I DownloadManager: in removeSpuriousFiles, preserving file /data/data/com.android.providers.downloads/cache/metadata-1226.htm
07-05 14:58:00.516   545 20107 I DownloadManager: in removeSpuriousFiles, preserving file /data/data/com.android.providers.downloads/cache/metadata-235.htm
07-05 14:58:00.516   545 20107 I DownloadManager: in removeSpuriousFiles, preserving file /data/data/com.android.providers.downloads/cache/metadata-546.htm
07-05 14:58:00.516   545 20107 I DownloadManager: in removeSpuriousFiles, preserving file /data/data/com.android.providers.downloads/cache/metadata-157.htm
07-05 14:58:00.516   545 20107 I DownloadManager: in removeSpuriousFiles, preserving file /data/data/com.android.providers.downloads/cache/metadata-646.htm
07-05 14:58:00.516   545 20107 I DownloadManager: in removeSpuriousFiles, preserving file /data/data/com.android.providers.downloads/cache/metadata-767.htm
07-05 14:58:00.520   545 20107 I DownloadManager: in removeSpuriousFiles, preserving file /data/data/com.android.providers.downloads/cache/metadata-93.htm
07-05 14:58:00.520   545 20107 I DownloadManager: in removeSpuriousFiles, preserving file /data/data/com.android.providers.downloads/cache/metadata-1346.htm
07-05 14:58:00.520   545 20107 I DownloadManager: in removeSpuriousFiles, preserving file /data/data/com.android.providers.downloads/cache/metadata-374.htm
07-05 14:58:00.520   545 20107 I DownloadManager: in removeSpuriousFiles, preserving file /data/data/com.android.providers.downloads/cache/metadata-1147.htm
07-05 14:58:00.524   545 20107 I DownloadManager: in removeSpuriousFiles, preserving file /data/data/com.android.providers.downloads/cache/metadata-159.htm
07-05 14:58:00.524   545 20107 I DownloadManager: in removeSpuriousFiles, preserving file /data/data/com.android.providers.downloads/cache/metadata-208.htm
07-05 14:58:00.524   545 20107 I DownloadManager: in removeSpuriousFiles, preserving file /data/data/com.android.providers.downloads/cache/metadata-910.htm
07-05 14:58:00.524   545 20107 I DownloadManager: in removeSpuriousFiles, preserving file /data/data/com.android.providers.downloads/cache/metadata-481.htm
07-05 14:58:00.528   545 20107 I DownloadManager: in removeSpuriousFiles, preserving file /data/data/com.android.providers.downloads/cache/metadata-608.htm
07-05 14:58:00.528   545 20107 I DownloadManager: in removeSpuriousFiles, preserving file /data/data/com.android.providers.downloads/cache/metadata-306.htm
07-05 14:58:00.528   545 20107 I DownloadManager: in removeSpuriousFiles, preserving file /data/data/com.android.providers.downloads/cache/metadata-1159.htm
07-05 14:58:00.528   545 20107 I DownloadManager: in removeSpuriousFiles, preserving file /data/data/com.android.providers.downloads/cache/metadata-488.htm
07-05 14:58:00.528   545 20107 I DownloadManager: in removeSpuriousFiles, preserving file /data/data/com.android.providers.downloads/cache/metadata-211.htm
07-05 14:58:00.532   545 20107 I DownloadManager: in removeSpuriousFiles, preserving file /data/data/com.android.providers.downloads/cache/metadata-274.htm
07-05 14:58:00.532   545 20107 I DownloadManager: in removeSpuriousFiles, preserving file /data/data/com.android.providers.downloads/cache/metadata-1683.htm
07-05 14:58:00.532   545 20107 I DownloadManager: in removeSpuriousFiles, preserving file /data/data/com.android.providers.downloads/cache/metadata-132.htm
07-05 14:58:00.532   545 20107 I DownloadManager: in removeSpuriousFiles, preserving file /data/data/com.android.providers.downloads/cache/metadata-397.htm
07-05 14:58:00.536   545 20107 I DownloadManager: in removeSpuriousFiles, preserving file /data/data/com.android.providers.downloads/cache/metadata-224.htm
07-05 14:58:00.536   545 20107 I DownloadManager: in removeSpuriousFiles, preserving file /data/data/com.android.providers.downloads/cache/metadata-894.htm
07-05 14:58:00.536   545 20107 I DownloadManager: in removeSpuriousFiles, preserving file /data/data/com.android.providers.downloads/cache/metadata-921.htm
07-05 14:58:00.536   545 20107 I DownloadManager: in removeSpuriousFiles, preserving file /data/data/com.android.providers.downloads/cache/metadata-882.htm
07-05 14:58:00.540   545 20107 I DownloadManager: in removeSpuriousFiles, preserving file /data/data/com.android.providers.downloads/cache/metadata-387.htm
07-05 14:58:00.540   545 20107 I DownloadManager: in removeSpuriousFiles, preserving file /data/data/com.android.providers.downloads/cache/metadata-155.htm
07-05 14:58:00.540   545 20107 I DownloadManager: in removeSpuriousFiles, preserving file /data/data/com.android.providers.downloads/cache/metadata-1919.htm
07-05 14:58:00.544   545 20107 I DownloadManager: in removeSpuriousFiles, preserving file /data/data/com.android.providers.downloads/cache/metadata-694.htm
07-05 14:58:00.544   545 20107 I DownloadManager: in removeSpuriousFiles, preserving file /data/data/com.android.providers.downloads/cache/metadata-1376.htm
07-05 14:58:00.544   545 20107 I DownloadManager: in removeSpuriousFiles, preserving file /data/data/com.android.providers.downloads/cache/metadata-1014.htm
07-05 14:58:00.544   545 20107 I DownloadManager: in removeSpuriousFiles, preserving file /data/data/com.android.providers.downloads/cache/metadata-1210.htm
07-05 14:58:00.548   545 20107 I DownloadManager: in removeSpuriousFiles, preserving file /data/data/com.android.providers.downloads/cache/metadata-307.htm
07-05 14:58:00.548   545 20107 I DownloadManager: in removeSpuriousFiles, preserving file /data/data/com.android.providers.downloads/cache/metadata-1705.htm
07-05 14:58:00.548   545 20107 I DownloadManager: in removeSpuriousFiles, preserving file /data/data/com.android.providers.downloads/cache/metadata-2209.htm
07-05 14:58:00.551   545 20107 I DownloadManager: in removeSpuriousFiles, preserving file /data/data/com.android.providers.downloads/cache/metadata-544.htm
07-05 14:58:00.555   545 20107 I DownloadManager: in removeSpuriousFiles, preserving file /data/data/com.android.providers.downloads/cache/metadata-593.htm
07-05 14:58:00.555   545 20107 I DownloadManager: in removeSpuriousFiles, preserving file /data/data/com.android.providers.downloads/cache/metadata-2004.htm
07-05 14:58:00.555   545 20107 I DownloadManager: in removeSpuriousFiles, preserving file /data/data/com.android.providers.downloads/cache/metadata-1535.htm
07-05 14:58:00.559   545 20107 I DownloadManager: in removeSpuriousFiles, preserving file /data/data/com.android.providers.downloads/cache/metadata-1520.htm
07-05 14:58:00.559   545 20107 I DownloadManager: in removeSpuriousFiles, preserving file /data/data/com.android.providers.downloads/cache/metadata-298.htm
07-05 14:58:00.559   545 20107 I DownloadManager: in removeSpuriousFiles, preserving file /data/data/com.android.providers.downloads/cache/metadata-1274.htm
07-05 14:58:00.563   545 20107 I DownloadManager: in removeSpuriousFiles, preserving file /data/data/com.android.providers.downloads/cache/metadata-831.htm
07-05 14:58:00.563   545 20107 I DownloadManager: in removeSpuriousFiles, preserving file /data/data/com.android.providers.downloads/cache/metadata-1445.htm
07-05 14:58:00.563   545 20107 I DownloadManager: in removeSpuriousFiles, preserving file /data/data/com.android.providers.downloads/cache/metadata-2148.htm
07-05 14:58:00.567   545 20107 I DownloadManager: in removeSpuriousFiles, preserving file /data/data/com.android.providers.downloads/cache/metadata-284.htm
07-05 14:58:00.567   545 20107 I DownloadManager: in removeSpuriousFiles, preserving file /data/data/com.android.providers.downloads/cache/metadata-268.htm
07-05 14:58:00.571   545 20107 I DownloadManager: in removeSpuriousFiles, preserving file /data/data/com.android.providers.downloads/cache/metadata-1182.htm
07-05 14:58:00.571   545 20107 I DownloadManager: in removeSpuriousFiles, preserving file /data/data/com.android.providers.downloads/cache/metadata-2102.htm
07-05 14:58:00.571   545 20107 I DownloadManager: in removeSpuriousFiles, preserving file /data/data/com.android.providers.downloads/cache/metadata-681.htm
07-05 14:58:00.575   545 20107 I DownloadManager: in removeSpuriousFiles, preserving file /data/data/com.android.providers.downloads/cache/metadata-1699.htm
07-05 14:58:00.575   545 20107 I DownloadManager: in removeSpuriousFiles, preserving file /data/data/com.android.providers.downloads/cache/metadata-2771.htm
07-05 14:58:00.579   545 20107 I DownloadManager: in removeSpuriousFiles, preserving file /data/data/com.android.providers.downloads/cache/metadata-976.htm
07-05 14:58:00.579   545 20107 I DownloadManager: in removeSpuriousFiles, preserving file /data/data/com.android.providers.downloads/cache/metadata-1188.htm
07-05 14:58:00.583   545 20107 I DownloadManager: in removeSpuriousFiles, preserving file /data/data/com.android.providers.downloads/cache/metadata-2244.htm
07-05 14:58:00.583   545 20107 I DownloadManager: in removeSpuriousFiles, preserving file /data/data/com.android.providers.downloads/cache/metadata-636.htm
07-05 14:58:00.583   545 20107 I DownloadManager: in removeSpuriousFiles, preserving file /data/data/com.android.providers.downloads/cache/metadata-1508.htm
07-05 14:58:00.587   545 20107 I DownloadManager: in removeSpuriousFiles, preserving file /data/data/com.android.providers.downloads/cache/metadata-2133.htm
07-05 14:58:00.587   545 20107 I DownloadManager: in removeSpuriousFiles, preserving file /data/data/com.android.providers.downloads/cache/metadata-255.htm
07-05 14:58:00.591   545 20107 I DownloadManager: in removeSpuriousFiles, preserving file /data/data/com.android.providers.downloads/cache/metadata-1311.htm
07-05 14:58:00.594   545 20107 I DownloadManager: in removeSpuriousFiles, preserving file /data/data/com.android.providers.downloads/cache/metadata-587.htm
07-05 14:58:00.594   545 20107 I DownloadManager: in removeSpuriousFiles, preserving file /data/data/com.android.providers.downloads/cache/metadata-2000.htm
07-05 14:58:00.594   545 20107 I DownloadManager: in removeSpuriousFiles, preserving file /data/data/com.android.providers.downloads/cache/metadata-900.htm
07-05 14:58:00.598   545 20107 I DownloadManager: in removeSpuriousFiles, preserving file /data/data/com.android.providers.downloads/cache/metadata-626.htm
07-05 14:58:00.598   545 20107 I DownloadManager: in removeSpuriousFiles, preserving file /data/data/com.android.providers.downloads/cache/metadata-725.htm
07-05 14:58:00.602   545 20107 I DownloadManager: in removeSpuriousFiles, preserving file /data/data/com.android.providers.downloads/cache/metadata-176.htm
07-05 14:58:00.602   545 20107 I DownloadManager: in removeSpuriousFiles, preserving file /data/data/com.android.providers.downloads/cache/metadata-1005.htm
07-05 14:58:00.606   545 20107 I DownloadManager: in removeSpuriousFiles, preserving file /data/data/com.android.providers.downloads/cache/metadata-1411.htm
07-05 14:58:00.606   545 20107 I DownloadManager: in removeSpuriousFiles, preserving file /data/data/com.android.providers.downloads/cache/metadata-1564.htm
07-05 14:58:00.606   545 20107 I DownloadManager: in removeSpuriousFiles, preserving file /data/data/com.android.providers.downloads/cache/metadata-14.htm
07-05 14:58:00.606   545 20107 I DownloadManager: in removeSpuriousFiles, preserving file /data/data/com.android.providers.downloads/cache/metadata-6.htm
07-05 14:58:00.610   545 20107 I DownloadManager: in removeSpuriousFiles, preserving file /data/data/com.android.providers.downloads/cache/metadata-220.htm
07-05 14:58:00.610   545 20107 I DownloadManager: in removeSpuriousFiles, preserving file /data/data/com.android.providers.downloads/cache/metadata-30.htm
07-05 14:58:00.610   545 20107 I DownloadManager: in removeSpuriousFiles, preserving file /data/data/com.android.providers.downloads/cache/metadata-605.htm
07-05 14:58:00.610   545 20107 I DownloadManager: in removeSpuriousFiles, preserving file /data/data/com.android.providers.downloads/cache/metadata-137.htm
07-05 14:58:00.610   545 20107 I DownloadManager: in removeSpuriousFiles, preserving file /data/data/com.android.providers.downloads/cache/metadata-61.htm
07-05 14:58:00.610   545 20107 I DownloadManager: in removeSpuriousFiles, preserving file /data/data/com.android.providers.downloads/cache/metadata-18.htm
07-05 14:58:00.610   545 20107 I DownloadManager: in removeSpuriousFiles, preserving file /data/data/com.android.providers.downloads/cache/metadata-552.htm
07-05 14:58:00.614   545 20107 I DownloadManager: in removeSpuriousFiles, preserving file /data/data/com.android.providers.downloads/cache/metadata-1964.htm
07-05 14:58:00.614   545 20107 I DownloadManager: in removeSpuriousFiles, preserving file /data/data/com.android.providers.downloads/cache/metadata-357.htm
07-05 14:58:00.614   545 20107 I DownloadManager: in removeSpuriousFiles, preserving file /data/data/com.android.providers.downloads/cache/metadata-48.htm
07-05 14:58:00.614   545 20107 I DownloadManager: in removeSpuriousFiles, preserving file /data/data/com.android.providers.downloads/cache/metadata-482.htm
07-05 14:58:00.614   545 20107 I DownloadManager: in removeSpuriousFiles, preserving file /data/data/com.android.providers.downloads/cache/metadata-152.htm
07-05 14:58:00.614   545 20107 I DownloadManager: in removeSpuriousFiles, preserving file /data/data/com.android.providers.downloads/cache/metadata-65.htm
07-05 14:58:00.618   545 20107 I DownloadManager: in removeSpuriousFiles, preserving file /data/data/com.android.providers.downloads/cache/metadata-518.htm
07-05 14:58:00.618   545 20107 I DownloadManager: in removeSpuriousFiles, preserving file /data/data/com.android.providers.downloads/cache/metadata-356.htm
07-05 14:58:00.618   545 20107 I DownloadManager: in removeSpuriousFiles, preserving file /data/data/com.android.providers.downloads/cache/metadata-146.htm
07-05 14:58:00.618   545 20107 I DownloadManager: in removeSpuriousFiles, preserving file /data/data/com.android.providers.downloads/cache/metadata-841.htm
07-05 14:58:00.618   545 20107 I DownloadManager: in removeSpuriousFiles, preserving file /data/data/com.android.providers.downloads/cache/metadata-1358.htm
07-05 14:58:00.618   545 20107 I DownloadManager: in removeSpuriousFiles, preserving file /data/data/com.android.providers.downloads/cache/metadata-427.htm
07-05 14:58:00.618   545 20107 I DownloadManager: in removeSpuriousFiles, preserving file /data/data/com.android.providers.downloads/cache/metadata-119.htm
07-05 14:58:00.622   545 20107 I DownloadManager: in removeSpuriousFiles, preserving file /data/data/com.android.providers.downloads/cache/metadata-243.htm
07-05 14:58:00.622   545 20107 I DownloadManager: in removeSpuriousFiles, preserving file /data/data/com.android.providers.downloads/cache/metadata-167.htm
07-05 14:58:00.622   545 20107 I DownloadManager: in removeSpuriousFiles, preserving file /data/data/com.android.providers.downloads/cache/metadata-411.htm
07-05 14:58:00.622   545 20107 I DownloadManager: in removeSpuriousFiles, preserving file /data/data/com.android.providers.downloads/cache/metadata-80.htm
07-05 14:58:00.622   545 20107 I DownloadManager: in removeSpuriousFiles, preserving file /data/data/com.android.providers.downloads/cache/metadata-311.htm
07-05 14:58:00.626   545 20107 I DownloadManager: in removeSpuriousFiles, preserving file /data/data/com.android.providers.downloads/cache/metadata-353.htm
07-05 14:58:00.626   545 20107 I DownloadManager: in removeSpuriousFiles, preserving file /data/data/com.android.providers.downloads/cache/metadata-242.htm
07-05 14:58:00.626   545 20107 I DownloadManager: in removeSpuriousFiles, preserving file /data/data/com.android.providers.downloads/cache/metadata-432.htm
07-05 14:58:00.626   545 20107 I DownloadManager: in removeSpuriousFiles, preserving file /data/data/com.android.providers.downloads/cache/metadata-169.htm
07-05 14:58:00.626   545 20107 I DownloadManager: in removeSpuriousFiles, preserving file /data/data/com.android.providers.downloads/cache/metadata-203.htm
07-05 14:58:00.626   545 20107 I DownloadManager: in removeSpuriousFiles, preserving file /data/data/com.android.providers.downloads/cache/metadata-709.htm
07-05 14:58:00.630   545 20107 I DownloadManager: in removeSpuriousFiles, preserving file /data/data/com.android.providers.downloads/cache/metadata-250.htm
07-05 14:58:00.630   545 20107 I DownloadManager: in removeSpuriousFiles, preserving file /data/data/com.android.providers.downloads/cache/metadata-404.htm
07-05 14:58:00.630   545 20107 I DownloadManager: in removeSpuriousFiles, preserving file /data/data/com.android.providers.downloads/cache/metadata-303.htm
07-05 14:58:00.630   545 20107 I DownloadManager: in removeSpuriousFiles, preserving file /data/data/com.android.providers.downloads/cache/metadata-686.htm
07-05 14:58:00.630   545 20107 I DownloadManager: in removeSpuriousFiles, preserving file /data/data/com.android.providers.downloads/cache/metadata-1886.htm
07-05 14:58:00.630   545 20107 I DownloadManager: in removeSpuriousFiles, preserving file /data/data/com.android.providers.downloads/cache/metadata-392.htm
07-05 14:58:00.634   545 20107 I DownloadManager: in removeSpuriousFiles, preserving file /data/data/com.android.providers.downloads/cache/metadata-1865.htm
07-05 14:58:00.634   545 20107 I DownloadManager: in removeSpuriousFiles, preserving file /data/data/com.android.providers.downloads/cache/metadata-580.htm
07-05 14:58:00.634   545 20107 I DownloadManager: in removeSpuriousFiles, preserving file /data/data/com.android.providers.downloads/cache/metadata-1420.htm
07-05 14:58:00.634   545 20107 I DownloadManager: in removeSpuriousFiles, preserving file /data/data/com.android.providers.downloads/cache/metadata-757.htm
07-05 14:58:00.634   545 20107 I DownloadManager: in removeSpuriousFiles, preserving file /data/data/com.android.providers.downloads/cache/metadata-333.htm
07-05 14:58:00.637   545 20107 I DownloadManager: in removeSpuriousFiles, preserving file /data/data/com.android.providers.downloads/cache/metadata-1755.htm
07-05 14:58:00.637   545 20107 I DownloadManager: in removeSpuriousFiles, preserving file /data/data/com.android.providers.downloads/cache/metadata-369.htm
07-05 14:58:00.637   545 20107 I DownloadManager: in removeSpuriousFiles, preserving file /data/data/com.android.providers.downloads/cache/metadata-286.htm
07-05 14:58:00.637   545 20107 I DownloadManager: in removeSpuriousFiles, preserving file /data/data/com.android.providers.downloads/cache/metadata-1340.htm
07-05 14:58:00.637   545 20107 I DownloadManager: in removeSpuriousFiles, preserving file /data/data/com.android.providers.downloads/cache/metadata-271.htm
07-05 14:58:00.641   545 20107 I DownloadManager: in removeSpuriousFiles, preserving file /data/data/com.android.providers.downloads/cache/metadata-289.htm
07-05 14:58:00.641   545 20107 I DownloadManager: in removeSpuriousFiles, preserving file /data/data/com.android.providers.downloads/cache/metadata-305.htm
07-05 14:58:00.641   545 20107 I DownloadManager: in removeSpuriousFiles, preserving file /data/data/com.android.providers.downloads/cache/metadata-714.htm
07-05 14:58:00.645   545 20107 I DownloadManager: in removeSpuriousFiles, preserving file /data/data/com.android.providers.downloads/cache/metadata-193.htm
07-05 14:58:00.645   545 20107 I DownloadManager: in removeSpuriousFiles, preserving file /data/data/com.android.providers.downloads/cache/metadata-1256.htm
07-05 14:58:00.645   545 20107 I DownloadManager: in removeSpuriousFiles, preserving file /data/data/com.android.providers.downloads/cache/metadata-1197.htm
07-05 14:58:00.645   545 20107 I DownloadManager: in removeSpuriousFiles, preserving file /data/data/com.android.providers.downloads/cache/metadata-133.htm
07-05 14:58:00.645   545 20107 I DownloadManager: in removeSpuriousFiles, preserving file /data/data/com.android.providers.downloads/cache/metadata-871.htm
07-05 14:58:00.649   545 20107 I DownloadManager: in removeSpuriousFiles, preserving file /data/data/com.android.providers.downloads/cache/metadata-1968.htm
07-05 14:58:00.649   545 20107 I DownloadManager: in removeSpuriousFiles, preserving file /data/data/com.android.providers.downloads/cache/metadata-213.htm
07-05 14:58:00.649   545 20107 I DownloadManager: in removeSpuriousFiles, preserving file /data/data/com.android.providers.downloads/cache/metadata-83.htm
07-05 14:58:00.649   545 20107 I DownloadManager: in removeSpuriousFiles, preserving file /data/data/com.android.providers.downloads/cache/metadata-459.htm
07-05 14:58:00.649   545 20107 I DownloadManager: in removeSpuriousFiles, preserving file /data/data/com.android.providers.downloads/cache/metadata-304.htm
07-05 14:58:00.649   545 20107 I DownloadManager: in removeSpuriousFiles, preserving file /data/data/com.android.providers.downloads/cache/metadata-1453.htm
07-05 14:58:00.653   545 20107 I DownloadManager: in removeSpuriousFiles, preserving file /data/data/com.android.providers.downloads/cache/metadata-453.htm
07-05 14:58:00.653   545 20107 I DownloadManager: in removeSpuriousFiles, preserving file /data/data/com.android.providers.downloads/cache/metadata-2085.htm
07-05 14:58:00.653   545 20107 I DownloadManager: in removeSpuriousFiles, preserving file /data/data/com.android.providers.downloads/cache/metadata-1629.htm
07-05 14:58:00.653   545 20107 I DownloadManager: in removeSpuriousFiles, preserving file /data/data/com.android.providers.downloads/cache/metadata-883.htm
07-05 14:58:00.653   545 20107 I DownloadManager: in removeSpuriousFiles, preserving file /data/data/com.android.providers.downloads/cache/metadata-162.htm
07-05 14:58:00.657   545 20107 I DownloadManager: in removeSpuriousFiles, preserving file /data/data/com.android.providers.downloads/cache/metadata-1131.htm
07-05 14:58:00.657   545 20107 I DownloadManager: in removeSpuriousFiles, preserving file /data/data/com.android.providers.downloads/cache/metadata-537.htm
07-05 14:58:00.657   545 20107 I DownloadManager: in removeSpuriousFiles, preserving file /data/data/com.android.providers.downloads/cache/metadata-640.htm
07-05 14:58:00.657   545 20107 I DownloadManager: in removeSpuriousFiles, preserving file /data/data/com.android.providers.downloads/cache/metadata-1334.htm
07-05 14:58:00.657   545 20107 I DownloadManager: in removeSpuriousFiles, preserving file /data/data/com.android.providers.downloads/cache/metadata-940.htm
07-05 14:58:00.661   545 20107 I DownloadManager: in removeSpuriousFiles, preserving file /data/data/com.android.providers.downloads/cache/metadata-1013.htm
07-05 14:58:00.661   545 20107 I DownloadManager: in removeSpuriousFiles, preserving file /data/data/com.android.providers.downloads/cache/metadata-296.htm
07-05 14:58:00.661   545 20107 I DownloadManager: in removeSpuriousFiles, preserving file /data/data/com.android.providers.downloads/cache/metadata-2099.htm
07-05 14:58:00.661   545 20107 I DownloadManager: in removeSpuriousFiles, preserving file /data/data/com.android.providers.downloads/cache/metadata-440.htm
07-05 14:58:00.665   545 20107 I DownloadManager: in removeSpuriousFiles, preserving file /data/data/com.android.providers.downloads/cache/metadata-1900.htm
07-05 14:58:00.665   545 20107 I DownloadManager: in removeSpuriousFiles, preserving file /data/data/com.android.providers.downloads/cache/metadata-2315.htm
07-05 14:58:00.665   545 20107 I DownloadManager: in removeSpuriousFiles, preserving file /data/data/com.android.providers.downloads/cache/metadata-380.htm
07-05 14:58:00.669   545 20107 I DownloadManager: in removeSpuriousFiles, preserving file /data/data/com.android.providers.downloads/cache/metadata-2029.htm
07-05 14:58:00.669   545 20107 I DownloadManager: in removeSpuriousFiles, preserving file /data/data/com.android.providers.downloads/cache/metadata-104.htm
07-05 14:58:00.669   545 20107 I DownloadManager: in removeSpuriousFiles, preserving file /data/data/com.android.providers.downloads/cache/metadata-451.htm
07-05 14:58:00.669   545 20107 I DownloadManager: in removeSpuriousFiles, preserving file /data/data/com.android.providers.downloads/cache/metadata-644.htm
07-05 14:58:00.673   545 20107 I DownloadManager: in removeSpuriousFiles, preserving file /data/data/com.android.providers.downloads/cache/metadata-1017.htm
07-05 14:58:00.673   545 20107 I DownloadManager: in removeSpuriousFiles, preserving file /data/data/com.android.providers.downloads/cache/metadata-635.htm
07-05 14:58:00.676   545 20107 I DownloadManager: in removeSpuriousFiles, preserving file /data/data/com.android.providers.downloads/cache/metadata-692.htm
07-05 14:58:00.676   545 20107 I DownloadManager: in removeSpuriousFiles, preserving file /data/data/com.android.providers.downloads/cache/metadata-705.htm
07-05 14:58:00.676   545 20107 I DownloadManager: in removeSpuriousFiles, preserving file /data/data/com.android.providers.downloads/cache/metadata-877.htm
07-05 14:58:00.676   545 20107 I DownloadManager: in removeSpuriousFiles, preserving file /data/data/com.android.providers.downloads/cache/metadata-653.htm
07-05 14:58:00.680   545 20107 I DownloadManager: in removeSpuriousFiles, preserving file /data/data/com.android.providers.downloads/cache/metadata-982.htm
07-05 14:58:00.680   545 20107 I DownloadManager: in removeSpuriousFiles, preserving file /data/data/com.android.providers.downloads/cache/metadata-1359.htm
07-05 14:58:00.680   545 20107 I DownloadManager: in removeSpuriousFiles, preserving file /data/data/com.android.providers.downloads/cache/metadata-275.htm
07-05 14:58:00.680   545 20107 I DownloadManager: in removeSpuriousFiles, preserving file /data/data/com.android.providers.downloads/cache/metadata-96.htm
07-05 14:58:00.684   545 20107 I DownloadManager: in removeSpuriousFiles, preserving file /data/data/com.android.providers.downloads/cache/metadata-1157.htm
07-05 14:58:00.700   545 20107 I DownloadManager: in removeSpuriousFiles, preserving file /data/data/com.android.providers.downloads/cache/metadata-872.htm
07-05 14:58:00.700   545 20107 I DownloadManager: in removeSpuriousFiles, preserving file /data/data/com.android.providers.downloads/cache/metadata-698.htm
07-05 14:58:00.700   545 20107 I DownloadManager: in removeSpuriousFiles, preserving file /data/data/com.android.providers.downloads/cache/metadata-1626.htm
07-05 14:58:00.704   545 20107 I DownloadManager: in removeSpuriousFiles, preserving file /data/data/com.android.providers.downloads/cache/metadata-1425.htm
07-05 14:58:00.708   545 20107 I DownloadManager: in removeSpuriousFiles, preserving file /data/data/com.android.providers.downloads/cache/metadata-1356.htm
07-05 14:58:00.708   545 20107 I DownloadManager: in removeSpuriousFiles, preserving file /data/data/com.android.providers.downloads/cache/metadata-2602.htm
07-05 14:58:00.712   545 20107 I DownloadManager: in removeSpuriousFiles, preserving file /data/data/com.android.providers.downloads/cache/metadata-478.htm
07-05 14:58:00.712   545 20107 I DownloadManager: in removeSpuriousFiles, preserving file /data/data/com.android.providers.downloads/cache/metadata-764.htm
07-05 14:58:00.716   545 20107 I DownloadManager: in removeSpuriousFiles, preserving file /data/data/com.android.providers.downloads/cache/metadata-489.htm
07-05 14:58:00.735   545 20107 I DownloadManager: in removeSpuriousFiles, preserving file /data/data/com.android.providers.downloads/cache/metadata-760.htm
07-05 14:58:00.751   545 20107 I DownloadManager: in removeSpuriousFiles, preserving file /data/data/com.android.providers.downloads/cache/metadata-963.htm
07-05 14:58:00.751   545 20107 I DownloadManager: in removeSpuriousFiles, preserving file /data/data/com.android.providers.downloads/cache/metadata-824.htm
07-05 14:58:00.755   545 20107 I DownloadManager: in removeSpuriousFiles, preserving file /data/data/com.android.providers.downloads/cache/metadata-771.htm
07-05 14:58:00.755   545 20107 I DownloadManager: in removeSpuriousFiles, preserving file /data/data/com.android.providers.downloads/cache/metadata-2097.htm
07-05 14:58:00.759   545 20107 I DownloadManager: in removeSpuriousFiles, preserving file /data/data/com.android.providers.downloads/cache/metadata-931.htm
07-05 14:58:00.759   545   548 D dalvikvm: GC_CONCURRENT freed 583K, 8% free 10816K/11719K, paused 2ms+2ms
07-05 14:58:00.762   545 20107 I DownloadManager: in removeSpuriousFiles, preserving file /data/data/com.android.providers.downloads/cache/metadata-1513.htm
07-05 14:58:00.762   545 20107 I DownloadManager: in removeSpuriousFiles, preserving file /data/data/com.android.providers.downloads/cache/metadata-613.htm
07-05 14:58:00.762   545 20107 I DownloadManager: in removeSpuriousFiles, preserving file /data/data/com.android.providers.downloads/cache/metadata-1261.htm
07-05 14:58:00.778   545 20107 I DownloadManager: in removeSpuriousFiles, preserving file /data/data/com.android.providers.downloads/cache/metadata-793.htm
07-05 14:58:00.778   545 20107 I DownloadManager: in removeSpuriousFiles, preserving file /data/data/com.android.providers.downloads/cache/metadata-775.htm
07-05 14:58:00.782   545 20107 I DownloadManager: in removeSpuriousFiles, preserving file /data/data/com.android.providers.downloads/cache/metadata-1225.htm
07-05 14:58:00.782   545 20107 I DownloadManager: in removeSpuriousFiles, preserving file /data/data/com.android.providers.downloads/cache/metadata-548.htm
07-05 14:58:00.786   545 20107 I DownloadManager: in removeSpuriousFiles, preserving file /data/data/com.android.providers.downloads/cache/metadata-1215.htm
07-05 14:58:00.786   545 20107 I DownloadManager: in removeSpuriousFiles, preserving file /data/data/com.android.providers.downloads/cache/metadata-1400.htm
07-05 14:58:00.790   545 20107 I DownloadManager: in removeSpuriousFiles, preserving file /data/data/com.android.providers.downloads/cache/metadata-525.htm
07-05 14:58:00.794   545 20107 I DownloadManager: in removeSpuriousFiles, preserving file /data/data/com.android.providers.downloads/cache/metadata-987.htm
07-05 14:58:00.794   545 20107 I DownloadManager: in removeSpuriousFiles, preserving file /data/data/com.android.providers.downloads/cache/metadata-1060.htm
07-05 14:58:00.794   545 20107 I DownloadManager: in removeSpuriousFiles, preserving file /data/data/com.android.providers.downloads/cache/metadata-1087.htm
07-05 14:58:00.798   545 20107 I DownloadManager: in removeSpuriousFiles, preserving file /data/data/com.android.providers.downloads/cache/metadata-612.htm
07-05 14:58:00.798   545 20107 I DownloadManager: in removeSpuriousFiles, preserving file /data/data/com.android.providers.downloads/cache/metadata-526.htm
07-05 14:58:00.801   545 20107 I DownloadManager: in removeSpuriousFiles, preserving file /data/data/com.android.providers.downloads/cache/metadata.htm
07-05 14:58:00.801   545 20107 I DownloadManager: in removeSpuriousFiles, preserving file /data/data/com.android.providers.downloads/cache/metadata-43.htm
07-05 14:58:00.801   545 20107 I DownloadManager: in removeSpuriousFiles, preserving file /data/data/com.android.providers.downloads/cache/metadata-4.htm
07-05 14:58:00.801   545 20107 I DownloadManager: in removeSpuriousFiles, preserving file /data/data/com.android.providers.downloads/cache/metadata-179.htm
07-05 14:58:00.801   545 20107 I DownloadManager: in removeSpuriousFiles, preserving file /data/data/com.android.providers.downloads/cache/metadata-236.htm
07-05 14:58:00.801   545 20107 I DownloadManager: in removeSpuriousFiles, preserving file /data/data/com.android.providers.downloads/cache/metadata-262.htm
07-05 14:58:00.801   545 20107 I DownloadManager: in removeSpuriousFiles, preserving file /data/data/com.android.providers.downloads/cache/metadata-13.htm
07-05 14:58:00.801   545 20107 I DownloadManager: in removeSpuriousFiles, preserving file /data/data/com.android.providers.downloads/cache/metadata-204.htm
07-05 14:58:00.805   545 20107 I DownloadManager: in removeSpuriousFiles, preserving file /data/data/com.android.providers.downloads/cache/metadata-84.htm
07-05 14:58:00.805   545 20107 I DownloadManager: in removeSpuriousFiles, preserving file /data/data/com.android.providers.downloads/cache/metadata-270.htm
07-05 14:58:00.805   545 20107 I DownloadManager: in removeSpuriousFiles, preserving file /data/data/com.android.providers.downloads/cache/metadata-264.htm
07-05 14:58:00.805   545 20107 I DownloadManager: in removeSpuriousFiles, preserving file /data/data/com.android.providers.downloads/cache/metadata-118.htm
07-05 14:58:00.805   545 20107 I DownloadManager: in removeSpuriousFiles, preserving file /data/data/com.android.providers.downloads/cache/metadata-338.htm
07-05 14:58:00.805   545 20107 I DownloadManager: in removeSpuriousFiles, preserving file /data/data/com.android.providers.downloads/cache/metadata-476.htm
07-05 14:58:00.809   545 20107 I DownloadManager: in removeSpuriousFiles, preserving file /data/data/com.android.providers.downloads/cache/metadata-390.htm
07-05 14:58:00.809   545 20107 I DownloadManager: in removeSpuriousFiles, preserving file /data/data/com.android.providers.downloads/cache/metadata-97.htm
07-05 14:58:00.809   545 20107 I DownloadManager: in removeSpuriousFiles, preserving file /data/data/com.android.providers.downloads/cache/metadata-158.htm
07-05 14:58:00.809   545 20107 I DownloadManager: in removeSpuriousFiles, preserving file /data/data/com.android.providers.downloads/cache/metadata-1714.htm
07-05 14:58:00.809   545 20107 I DownloadManager: in removeSpuriousFiles, preserving file /data/data/com.android.providers.downloads/cache/metadata-318.htm
07-05 14:58:00.809   545 20107 I DownloadManager: in removeSpuriousFiles, preserving file /data/data/com.android.providers.downloads/cache/metadata-422.htm
07-05 14:58:00.813   545 20107 I DownloadManager: in removeSpuriousFiles, preserving file /data/data/com.android.providers.downloads/cache/metadata-266.htm
07-05 14:58:00.813   545 20107 I DownloadManager: in removeSpuriousFiles, preserving file /data/data/com.android.providers.downloads/cache/metadata-330.htm
07-05 14:58:00.813   545 20107 I DownloadManager: in removeSpuriousFiles, preserving file /data/data/com.android.providers.downloads/cache/metadata-556.htm
07-05 14:58:00.813   545 20107 I DownloadManager: in removeSpuriousFiles, preserving file /data/data/com.android.providers.downloads/cache/metadata-198.htm
07-05 14:58:00.813   545 20107 I DownloadManager: in removeSpuriousFiles, preserving file /data/data/com.android.providers.downloads/cache/metadata-165.htm
07-05 14:58:00.813   545 20107 I DownloadManager: in removeSpuriousFiles, preserving file /data/data/com.android.providers.downloads/cache/metadata-408.htm
07-05 14:58:00.817   545 20107 I DownloadManager: in removeSpuriousFiles, preserving file /data/data/com.android.providers.downloads/cache/metadata-804.htm
07-05 14:58:00.817   545 20107 I DownloadManager: in removeSpuriousFiles, preserving file /data/data/com.android.providers.downloads/cache/metadata-228.htm
07-05 14:58:00.817   545 20107 I DownloadManager: in removeSpuriousFiles, preserving file /data/data/com.android.providers.downloads/cache/metadata-382.htm
07-05 14:58:00.817   545 20107 I DownloadManager: in removeSpuriousFiles, preserving file /data/data/com.android.providers.downloads/cache/metadata-516.htm
07-05 14:58:00.817   545 20107 I DownloadManager: in removeSpuriousFiles, preserving file /data/data/com.android.providers.downloads/cache/metadata-510.htm
07-05 14:58:00.817   545 20107 I DownloadManager: in removeSpuriousFiles, preserving file /data/data/com.android.providers.downloads/cache/metadata-246.htm
07-05 14:58:00.821   545 20107 I DownloadManager: in removeSpuriousFiles, preserving file /data/data/com.android.providers.downloads/cache/metadata-189.htm
07-05 14:58:00.821   545 20107 I DownloadManager: in removeSpuriousFiles, preserving file /data/data/com.android.providers.downloads/cache/metadata-827.htm
07-05 14:58:00.821   545 20107 I DownloadManager: in removeSpuriousFiles, preserving file /data/data/com.android.providers.downloads/cache/metadata-472.htm
07-05 14:58:00.821   545 20107 I DownloadManager: in removeSpuriousFiles, preserving file /data/data/com.android.providers.downloads/cache/metadata-485.htm
07-05 14:58:00.821   545 20107 I DownloadManager: in removeSpuriousFiles, preserving file /data/data/com.android.providers.downloads/cache/metadata-490.htm
07-05 14:58:00.821   545 20107 I DownloadManager: in removeSpuriousFiles, preserving file /data/data/com.android.providers.downloads/cache/metadata-349.htm
07-05 14:58:00.825   545 20107 I DownloadManager: in removeSpuriousFiles, preserving file /data/data/com.android.providers.downloads/cache/metadata-354.htm
07-05 14:58:00.825   545 20107 I DownloadManager: in removeSpuriousFiles, preserving file /data/data/com.android.providers.downloads/cache/metadata-572.htm
07-05 14:58:00.825   545 20107 I DownloadManager: in removeSpuriousFiles, preserving file /data/data/com.android.providers.downloads/cache/metadata-1466.htm
07-05 14:58:00.825   545 20107 I DownloadManager: in removeSpuriousFiles, preserving file /data/data/com.android.providers.downloads/cache/metadata-2382.htm
07-05 14:58:00.825   545 20107 I DownloadManager: in removeSpuriousFiles, preserving file /data/data/com.android.providers.downloads/cache/metadata-310.htm
07-05 14:58:00.829   545 20107 I DownloadManager: in removeSpuriousFiles, preserving file /data/data/com.android.providers.downloads/cache/metadata-373.htm
07-05 14:58:00.829   545 20107 I DownloadManager: in removeSpuriousFiles, preserving file /data/data/com.android.providers.downloads/cache/metadata-720.htm
07-05 14:58:00.829   545 20107 I DownloadManager: in removeSpuriousFiles, preserving file /data/data/com.android.providers.downloads/cache/metadata-514.htm
07-05 14:58:00.829   545 20107 I DownloadManager: in removeSpuriousFiles, preserving file /data/data/com.android.providers.downloads/cache/metadata-446.htm
07-05 14:58:00.829   545 20107 I DownloadManager: in removeSpuriousFiles, preserving file /data/data/com.android.providers.downloads/cache/metadata-115.htm
07-05 14:58:00.833   545 20107 I DownloadManager: in removeSpuriousFiles, preserving file /data/data/com.android.providers.downloads/cache/metadata-238.htm
07-05 14:58:00.833   545 20107 I DownloadManager: in removeSpuriousFiles, preserving file /data/data/com.android.providers.downloads/cache/metadata-272.htm
07-05 14:58:00.833   545 20107 I DownloadManager: in removeSpuriousFiles, preserving file /data/data/com.android.providers.downloads/cache/metadata-479.htm
07-05 14:58:00.833   545 20107 I DownloadManager: in removeSpuriousFiles, preserving file /data/data/com.android.providers.downloads/cache/metadata-486.htm
07-05 14:58:00.833   545 20107 I DownloadManager: in removeSpuriousFiles, preserving file /data/data/com.android.providers.downloads/cache/metadata-1141.htm
07-05 14:58:00.833   545 20107 I DownloadManager: in removeSpuriousFiles, preserving file /data/data/com.android.providers.downloads/cache/metadata-652.htm
07-05 14:58:00.837   545 20107 I DownloadManager: in removeSpuriousFiles, preserving file /data/data/com.android.providers.downloads/cache/metadata-829.htm
07-05 14:58:00.837   545 20107 I DownloadManager: in removeSpuriousFiles, preserving file /data/data/com.android.providers.downloads/cache/metadata-429.htm
07-05 14:58:00.837   545 20107 I DownloadManager: in removeSpuriousFiles, preserving file /data/data/com.android.providers.downloads/cache/metadata-473.htm
07-05 14:58:00.837   545 20107 I DownloadManager: in removeSpuriousFiles, preserving file /data/data/com.android.providers.downloads/cache/metadata-343.htm
07-05 14:58:00.837   545 20107 I DownloadManager: in removeSpuriousFiles, preserving file /data/data/com.android.providers.downloads/cache/metadata-1306.htm
07-05 14:58:00.841   545 20107 I DownloadManager: in removeSpuriousFiles, preserving file /data/data/com.android.providers.downloads/cache/metadata-457.htm
07-05 14:58:00.841   545 20107 I DownloadManager: in removeSpuriousFiles, preserving file /data/data/com.android.providers.downloads/cache/metadata-2307.htm
07-05 14:58:00.841   545 20107 I DownloadManager: in removeSpuriousFiles, preserving file /data/data/com.android.providers.downloads/cache/metadata-465.htm
07-05 14:58:00.841   545 20107 I DownloadManager: in removeSpuriousFiles, preserving file /data/data/com.android.providers.downloads/cache/metadata-370.htm
07-05 14:58:00.844   545 20107 I DownloadManager: in removeSpuriousFiles, preserving file /data/data/com.android.providers.downloads/cache/metadata-409.htm
07-05 14:58:00.844   545 20107 I DownloadManager: in removeSpuriousFiles, preserving file /data/data/com.android.providers.downloads/cache/metadata-346.htm
07-05 14:58:00.844   545 20107 I DownloadManager: in removeSpuriousFiles, preserving file /data/data/com.android.providers.downloads/cache/metadata-2578.htm
07-05 14:58:00.844   545 20107 I DownloadManager: in removeSpuriousFiles, preserving file /data/data/com.android.providers.downloads/cache/metadata-801.htm
07-05 14:58:00.844   545 20107 I DownloadManager: in removeSpuriousFiles, preserving file /data/data/com.android.providers.downloads/cache/metadata-1081.htm
07-05 14:58:00.848   545 20107 I DownloadManager: in removeSpuriousFiles, preserving file /data/data/com.android.providers.downloads/cache/metadata-880.htm
07-05 14:58:00.848   545 20107 I DownloadManager: in removeSpuriousFiles, preserving file /data/data/com.android.providers.downloads/cache/metadata-535.htm
07-05 14:58:00.848   545 20107 I DownloadManager: in removeSpuriousFiles, preserving file /data/data/com.android.providers.downloads/cache/metadata-918.htm
07-05 14:58:00.848   545 20107 I DownloadManager: in removeSpuriousFiles, preserving file /data/data/com.android.providers.downloads/cache/metadata-173.htm
07-05 14:58:00.852   545 20107 I DownloadManager: in removeSpuriousFiles, preserving file /data/data/com.android.providers.downloads/cache/metadata-1552.htm
07-05 14:58:00.852   545 20107 I DownloadManager: in removeSpuriousFiles, preserving file /data/data/com.android.providers.downloads/cache/metadata-112.htm
07-05 14:58:00.852   545 20107 I DownloadManager: in removeSpuriousFiles, preserving file /data/data/com.android.providers.downloads/cache/metadata-1067.htm
07-05 14:58:00.856   545 20107 I DownloadManager: in removeSpuriousFiles, preserving file /data/data/com.android.providers.downloads/cache/metadata-1910.htm
07-05 14:58:00.856   545 20107 I DownloadManager: in removeSpuriousFiles, preserving file /data/data/com.android.providers.downloads/cache/metadata-183.htm
07-05 14:58:00.856   545 20107 I DownloadManager: in removeSpuriousFiles, preserving file /data/data/com.android.providers.downloads/cache/metadata-619.htm
07-05 14:58:00.856   545 20107 I DownloadManager: in removeSpuriousFiles, preserving file /data/data/com.android.providers.downloads/cache/metadata-308.htm
07-05 14:58:00.856   545 20107 I DownloadManager: in removeSpuriousFiles, preserving file /data/data/com.android.providers.downloads/cache/metadata-1171.htm
07-05 14:58:00.860   545 20107 I DownloadManager: in removeSpuriousFiles, preserving file /data/data/com.android.providers.downloads/cache/metadata-1487.htm
07-05 14:58:00.860   545 20107 I DownloadManager: in removeSpuriousFiles, preserving file /data/data/com.android.providers.downloads/cache/metadata-888.htm
07-05 14:58:00.860   545 20107 I DownloadManager: in removeSpuriousFiles, preserving file /data/data/com.android.providers.downloads/cache/metadata-1164.htm
07-05 14:58:00.860   545 20107 I DownloadManager: in removeSpuriousFiles, preserving file /data/data/com.android.providers.downloads/cache/metadata-1447.htm
07-05 14:58:00.864   545 20107 I DownloadManager: in removeSpuriousFiles, preserving file /data/data/com.android.providers.downloads/cache/metadata-477.htm
07-05 14:58:00.864   545 20107 I DownloadManager: in removeSpuriousFiles, preserving file /data/data/com.android.providers.downloads/cache/metadata-1267.htm
07-05 14:58:00.864   545 20107 I DownloadManager: in removeSpuriousFiles, preserving file /data/data/com.android.providers.downloads/cache/metadata-1717.htm
07-05 14:58:00.864   545 20107 I DownloadManager: in removeSpuriousFiles, preserving file /data/data/com.android.providers.downloads/cache/metadata-386.htm
07-05 14:58:00.868   545 20107 I DownloadManager: in removeSpuriousFiles, preserving file /data/data/com.android.providers.downloads/cache/metadata-1059.htm
07-05 14:58:00.868   545 20107 I DownloadManager: in removeSpuriousFiles, preserving file /data/data/com.android.providers.downloads/cache/metadata-915.htm
07-05 14:58:00.868   545 20107 I DownloadManager: in removeSpuriousFiles, preserving file /data/data/com.android.providers.downloads/cache/metadata-493.htm
07-05 14:58:00.868   545 20107 I DownloadManager: in removeSpuriousFiles, preserving file /data/data/com.android.providers.downloads/cache/metadata-2036.htm
07-05 14:58:00.872   545 20107 I DownloadManager: in removeSpuriousFiles, preserving file /data/data/com.android.providers.downloads/cache/metadata-1655.htm
07-05 14:58:00.872   545 20107 I DownloadManager: in removeSpuriousFiles, preserving file /data/data/com.android.providers.downloads/cache/metadata-1250.htm
07-05 14:58:00.872   545 20107 I DownloadManager: in removeSpuriousFiles, preserving file /data/data/com.android.providers.downloads/cache/metadata-1217.htm
07-05 14:58:00.872   545 20107 I DownloadManager: in removeSpuriousFiles, preserving file /data/data/com.android.providers.downloads/cache/metadata-1542.htm
07-05 14:58:00.876   545 20107 I DownloadManager: in removeSpuriousFiles, preserving file /data/data/com.android.providers.downloads/cache/metadata-492.htm
07-05 14:58:00.876   545 20107 I DownloadManager: in removeSpuriousFiles, preserving file /data/data/com.android.providers.downloads/cache/metadata-1843.htm
07-05 14:58:00.876   545 20107 I DownloadManager: in removeSpuriousFiles, preserving file /data/data/com.android.providers.downloads/cache/metadata-1561.htm
07-05 14:58:00.880   545 20107 I DownloadManager: in removeSpuriousFiles, preserving file /data/data/com.android.providers.downloads/cache/metadata-509.htm
07-05 14:58:00.880   545 20107 I DownloadManager: in removeSpuriousFiles, preserving file /data/data/com.android.providers.downloads/cache/metadata-2167.htm
07-05 14:58:00.880   545 20107 I DownloadManager: in removeSpuriousFiles, preserving file /data/data/com.android.providers.downloads/cache/metadata-864.htm
07-05 14:58:00.880   545 20107 I DownloadManager: in removeSpuriousFiles, preserving file /data/data/com.android.providers.downloads/cache/metadata-1066.htm
07-05 14:58:00.884   545 20107 I DownloadManager: in removeSpuriousFiles, preserving file /data/data/com.android.providers.downloads/cache/metadata-1105.htm
07-05 14:58:00.884   545 20107 I DownloadManager: in removeSpuriousFiles, preserving file /data/data/com.android.providers.downloads/cache/metadata-1127.htm
07-05 14:58:00.884   545 20107 I DownloadManager: in removeSpuriousFiles, preserving file /data/data/com.android.providers.downloads/cache/metadata-1319.htm
07-05 14:58:00.887   545 20107 I DownloadManager: in removeSpuriousFiles, preserving file /data/data/com.android.providers.downloads/cache/metadata-1863.htm
07-05 14:58:00.887   545 20107 I DownloadManager: in removeSpuriousFiles, preserving file /data/data/com.android.providers.downloads/cache/metadata-1591.htm
07-05 14:58:00.887   545 20107 I DownloadManager: in removeSpuriousFiles, preserving file /data/data/com.android.providers.downloads/cache/metadata-1074.htm
07-05 14:58:00.891   545 20107 I DownloadManager: in removeSpuriousFiles, preserving file /data/data/com.android.providers.downloads/cache/metadata-846.htm
07-05 14:58:00.891   545 20107 I DownloadManager: in removeSpuriousFiles, preserving file /data/data/com.android.providers.downloads/cache/metadata-532.htm
07-05 14:58:00.891   545 20107 I DownloadManager: in removeSpuriousFiles, preserving file /data/data/com.android.providers.downloads/cache/metadata-1483.htm
07-05 14:58:00.895   545 20107 I DownloadManager: in removeSpuriousFiles, preserving file /data/data/com.android.providers.downloads/cache/metadata-508.htm
07-05 14:58:00.899   545 20107 I DownloadManager: in removeSpuriousFiles, preserving file /data/data/com.android.providers.downloads/cache/metadata-1091.htm
07-05 14:58:00.899   545 20107 I DownloadManager: in removeSpuriousFiles, preserving file /data/data/com.android.providers.downloads/cache/metadata-993.htm
07-05 14:58:00.899   545 20107 I DownloadManager: in removeSpuriousFiles, preserving file /data/data/com.android.providers.downloads/cache/metadata-719.htm
07-05 14:58:00.903   545 20107 I DownloadManager: in removeSpuriousFiles, preserving file /data/data/com.android.providers.downloads/cache/metadata-1514.htm
07-05 14:58:00.903   545 20107 I DownloadManager: in removeSpuriousFiles, preserving file /data/data/com.android.providers.downloads/cache/metadata-980.htm
07-05 14:58:00.903   545 20107 I DownloadManager: in removeSpuriousFiles, preserving file /data/data/com.android.providers.downloads/cache/metadata-1830.htm
07-05 14:58:00.903   545 20107 I DownloadManager: in removeSpuriousFiles, preserving file /data/data/com.android.providers.downloads/cache/metadata-1697.htm
07-05 14:58:00.907   545 20107 I DownloadManager: in removeSpuriousFiles, preserving file /data/data/com.android.providers.downloads/cache/metadata-1167.htm
07-05 14:58:00.907   545 20107 I DownloadManager: in removeSpuriousFiles, preserving file /data/data/com.android.providers.downloads/cache/metadata-582.htm
07-05 14:58:00.911   545 20107 I DownloadManager: in removeSpuriousFiles, preserving file /data/data/com.android.providers.downloads/cache/metadata-2.htm
07-05 14:58:00.911   545 20107 I DownloadManager: in removeSpuriousFiles, preserving file /data/data/com.android.providers.downloads/cache/metadata-29.htm
07-05 14:58:00.911   545 20107 I DownloadManager: in removeSpuriousFiles, preserving file /data/data/com.android.providers.downloads/cache/metadata-28.htm
07-05 14:58:00.911   545 20107 I DownloadManager: in removeSpuriousFiles, preserving file /data/data/com.android.providers.downloads/cache/metadata-8.htm
07-05 14:58:00.911   545 20107 I DownloadManager: in removeSpuriousFiles, preserving file /data/data/com.android.providers.downloads/cache/metadata-19.htm
07-05 14:58:00.911   545 20107 I DownloadManager: in removeSpuriousFiles, preserving file /data/data/com.android.providers.downloads/cache/metadata-47.htm
07-05 14:58:00.911   545 20107 I DownloadManager: in removeSpuriousFiles, preserving file /data/data/com.android.providers.downloads/cache/metadata-46.htm
07-05 14:58:00.911   545 20107 I DownloadManager: in removeSpuriousFiles, preserving file /data/data/com.android.providers.downloads/cache/metadata-33.htm
07-05 14:58:00.915   545 20107 I DownloadManager: in removeSpuriousFiles, preserving file /data/data/com.android.providers.downloads/cache/metadata-34.htm
07-05 14:58:00.915   545 20107 I DownloadManager: in removeSpuriousFiles, preserving file /data/data/com.android.providers.downloads/cache/metadata-420.htm
07-05 14:58:00.915   545 20107 I DownloadManager: in removeSpuriousFiles, preserving file /data/data/com.android.providers.downloads/cache/metadata-469.htm
07-05 14:58:00.915   545 20107 I DownloadManager: in removeSpuriousFiles, preserving file /data/data/com.android.providers.downloads/cache/metadata-92.htm
07-05 14:58:00.915   545 20107 I DownloadManager: in removeSpuriousFiles, preserving file /data/data/com.android.providers.downloads/cache/metadata-190.htm
07-05 14:58:00.915   545 20107 I DownloadManager: in removeSpuriousFiles, preserving file /data/data/com.android.providers.downloads/cache/metadata-36.htm
07-05 14:58:00.919   545 20107 I DownloadManager: in removeSpuriousFiles, preserving file /data/data/com.android.providers.downloads/cache/metadata-110.htm
07-05 14:58:00.919   545 20107 I DownloadManager: in removeSpuriousFiles, preserving file /data/data/com.android.providers.downloads/cache/metadata-1743.htm
07-05 14:58:00.919   545 20107 I DownloadManager: in removeSpuriousFiles, preserving file /data/data/com.android.providers.downloads/cache/metadata-66.htm
07-05 14:58:00.919   545 20107 I DownloadManager: in removeSpuriousFiles, preserving file /data/data/com.android.providers.downloads/cache/metadata-86.htm
07-05 14:58:00.919   545 20107 I DownloadManager: in removeSpuriousFiles, preserving file /data/data/com.android.providers.downloads/cache/metadata-309.htm
07-05 14:58:00.919   545 20107 I DownloadManager: in removeSpuriousFiles, preserving file /data/data/com.android.providers.downloads/cache/metadata-378.htm
07-05 14:58:00.923   545 20107 I DownloadManager: in removeSpuriousFiles, preserving file /data/data/com.android.providers.downloads/cache/metadata-483.htm
07-05 14:58:00.923   545 20107 I DownloadManager: in removeSpuriousFiles, preserving file /data/data/com.android.providers.downloads/cache/metadata-577.htm
07-05 14:58:00.923   545 20107 I DownloadManager: in removeSpuriousFiles, preserving file /data/data/com.android.providers.downloads/cache/metadata-360.htm
07-05 14:58:00.923   545 20107 I DownloadManager: in removeSpuriousFiles, preserving file /data/data/com.android.providers.downloads/cache/metadata-1213.htm
07-05 14:58:00.923   545 20107 I DownloadManager: in removeSpuriousFiles, preserving file /data/data/com.android.providers.downloads/cache/metadata-282.htm
07-05 14:58:00.923   545 20107 I DownloadManager: in removeSpuriousFiles, preserving file /data/data/com.android.providers.downloads/cache/metadata-256.htm
07-05 14:58:00.926   545 20107 I DownloadManager: in removeSpuriousFiles, preserving file /data/data/com.android.providers.downloads/cache/metadata-95.htm
07-05 14:58:00.926   545 20107 I DownloadManager: in removeSpuriousFiles, preserving file /data/data/com.android.providers.downloads/cache/metadata-267.htm
07-05 14:58:00.926   545 20107 I DownloadManager: in removeSpuriousFiles, preserving file /data/data/com.android.providers.downloads/cache/metadata-1162.htm
07-05 14:58:00.926   545 20107 I DownloadManager: in removeSpuriousFiles, preserving file /data/data/com.android.providers.downloads/cache/metadata-506.htm
07-05 14:58:00.926   545 20107 I DownloadManager: in removeSpuriousFiles, preserving file /data/data/com.android.providers.downloads/cache/metadata-287.htm
07-05 14:58:00.926   545 20107 I DownloadManager: in removeSpuriousFiles, preserving file /data/data/com.android.providers.downloads/cache/metadata-1818.htm
07-05 14:58:00.930   545 20107 I DownloadManager: in removeSpuriousFiles, preserving file /data/data/com.android.providers.downloads/cache/metadata-383.htm
07-05 14:58:00.930   545 20107 I DownloadManager: in removeSpuriousFiles, preserving file /data/data/com.android.providers.downloads/cache/metadata-396.htm
07-05 14:58:00.930   545 20107 I DownloadManager: in removeSpuriousFiles, preserving file /data/data/com.android.providers.downloads/cache/metadata-1956.htm
07-05 14:58:00.930   545 20107 I DownloadManager: in removeSpuriousFiles, preserving file /data/data/com.android.providers.downloads/cache/metadata-154.htm
07-05 14:58:00.930   545 20107 I DownloadManager: in removeSpuriousFiles, preserving file /data/data/com.android.providers.downloads/cache/metadata-339.htm
07-05 14:58:00.930   545 20107 I DownloadManager: in removeSpuriousFiles, preserving file /data/data/com.android.providers.downloads/cache/metadata-591.htm
07-05 14:58:00.934   545 20107 I DownloadManager: in removeSpuriousFiles, preserving file /data/data/com.android.providers.downloads/cache/metadata-253.htm
07-05 14:58:00.934   545 20107 I DownloadManager: in removeSpuriousFiles, preserving file /data/data/com.android.providers.downloads/cache/metadata-388.htm
07-05 14:58:00.934   545 20107 I DownloadManager: in removeSpuriousFiles, preserving file /data/data/com.android.providers.downloads/cache/metadata-364.htm
07-05 14:58:00.934   545 20107 I DownloadManager: in removeSpuriousFiles, preserving file /data/data/com.android.providers.downloads/cache/metadata-2026.htm
07-05 14:58:00.934   545 20107 I DownloadManager: in removeSpuriousFiles, preserving file /data/data/com.android.providers.downloads/cache/metadata-857.htm
07-05 14:58:00.938   545 20107 I DownloadManager: in removeSpuriousFiles, preserving file /data/data/com.android.providers.downloads/cache/metadata-423.htm
07-05 14:58:00.938   545 20107 I DownloadManager: in removeSpuriousFiles, preserving file /data/data/com.android.providers.downloads/cache/metadata-244.htm
07-05 14:58:00.938   545 20107 I DownloadManager: in removeSpuriousFiles, preserving file /data/data/com.android.providers.downloads/cache/metadata-507.htm
07-05 14:58:00.938   545 20107 I DownloadManager: in removeSpuriousFiles, preserving file /data/data/com.android.providers.downloads/cache/metadata-358.htm
07-05 14:58:00.938   545 20107 I DownloadManager: in removeSpuriousFiles, preserving file /data/data/com.android.providers.downloads/cache/metadata-1284.htm
07-05 14:58:00.938   545 20107 I DownloadManager: in removeSpuriousFiles, preserving file /data/data/com.android.providers.downloads/cache/metadata-1235.htm
07-05 14:58:00.942   545 20107 I DownloadManager: in removeSpuriousFiles, preserving file /data/data/com.android.providers.downloads/cache/metadata-1808.htm
07-05 14:58:00.942   545 20107 I DownloadManager: in removeSpuriousFiles, preserving file /data/data/com.android.providers.downloads/cache/metadata-293.htm
07-05 14:58:00.942   545 20107 I DownloadManager: in removeSpuriousFiles, preserving file /data/data/com.android.providers.downloads/cache/metadata-285.htm
07-05 14:58:00.942   545 20107 I DownloadManager: in removeSpuriousFiles, preserving file /data/data/com.android.providers.downloads/cache/metadata-191.htm
07-05 14:58:00.946   545 20107 I DownloadManager: in removeSpuriousFiles, preserving file /data/data/com.android.providers.downloads/cache/metadata-1166.htm
07-05 14:58:00.946   545 20107 I DownloadManager: in removeSpuriousFiles, preserving file /data/data/com.android.providers.downloads/cache/metadata-1032.htm
07-05 14:58:00.946   545 20107 I DownloadManager: in removeSpuriousFiles, preserving file /data/data/com.android.providers.downloads/cache/metadata-494.htm
07-05 14:58:00.946   545 20107 I DownloadManager: in removeSpuriousFiles, preserving file /data/data/com.android.providers.downloads/cache/metadata-571.htm
07-05 14:58:00.946   545 20107 I DownloadManager: in removeSpuriousFiles, preserving file /data/data/com.android.providers.downloads/cache/metadata-229.htm
07-05 14:58:00.946   545 20107 I DownloadManager: in removeSpuriousFiles, preserving file /data/data/com.android.providers.downloads/cache/metadata-578.htm
07-05 14:58:00.950   545 20107 I DownloadManager: in removeSpuriousFiles, preserving file /data/data/com.android.providers.downloads/cache/metadata-363.htm
07-05 14:58:00.950   545 20107 I DownloadManager: in removeSpuriousFiles, preserving file /data/data/com.android.providers.downloads/cache/metadata-316.htm
07-05 14:58:00.950   545 20107 I DownloadManager: in removeSpuriousFiles, preserving file /data/data/com.android.providers.downloads/cache/metadata-384.htm
07-05 14:58:00.950   545 20107 I DownloadManager: in removeSpuriousFiles, preserving file /data/data/com.android.providers.downloads/cache/metadata-258.htm
07-05 14:58:00.954   545 20107 I DownloadManager: in removeSpuriousFiles, preserving file /data/data/com.android.providers.downloads/cache/metadata-1616.htm
07-05 14:58:00.954   545 20107 I DownloadManager: in removeSpuriousFiles, preserving file /data/data/com.android.providers.downloads/cache/metadata-128.htm
07-05 14:58:00.954   545 20107 I DownloadManager: in removeSpuriousFiles, preserving file /data/data/com.android.providers.downloads/cache/metadata-1712.htm
07-05 14:58:00.954   545 20107 I DownloadManager: in removeSpuriousFiles, preserving file /data/data/com.android.providers.downloads/cache/metadata-260.htm
07-05 14:58:00.954   545 20107 I DownloadManager: in removeSpuriousFiles, preserving file /data/data/com.android.providers.downloads/cache/metadata-950.htm
07-05 14:58:00.958   545 20107 I DownloadManager: in removeSpuriousFiles, preserving file /data/data/com.android.providers.downloads/cache/metadata-891.htm
07-05 14:58:00.958   545 20107 I DownloadManager: in removeSpuriousFiles, preserving file /data/data/com.android.providers.downloads/cache/metadata-377.htm
07-05 14:58:00.958   545 20107 I DownloadManager: in removeSpuriousFiles, preserving file /data/data/com.android.providers.downloads/cache/metadata-403.htm
07-05 14:58:00.958   545 20107 I DownloadManager: in removeSpuriousFiles, preserving file /data/data/com.android.providers.downloads/cache/metadata-929.htm
07-05 14:58:00.958   545 20107 I DownloadManager: in removeSpuriousFiles, preserving file /data/data/com.android.providers.downloads/cache/metadata-280.htm
07-05 14:58:00.962   545 20107 I DownloadManager: in removeSpuriousFiles, preserving file /data/data/com.android.providers.downloads/cache/metadata-2063.htm
07-05 14:58:00.962   545 20107 I DownloadManager: in removeSpuriousFiles, preserving file /data/data/com.android.providers.downloads/cache/metadata-2079.htm
07-05 14:58:00.962   545 20107 I DownloadManager: in removeSpuriousFiles, preserving file /data/data/com.android.providers.downloads/cache/metadata-461.htm
07-05 14:58:00.962   545 20107 I DownloadManager: in removeSpuriousFiles, preserving file /data/data/com.android.providers.downloads/cache/metadata-1352.htm
07-05 14:58:00.962   545 20107 I DownloadManager: in removeSpuriousFiles, preserving file /data/data/com.android.providers.downloads/cache/metadata-484.htm
07-05 14:58:00.966   545 20107 I DownloadManager: in removeSpuriousFiles, preserving file /data/data/com.android.providers.downloads/cache/metadata-1088.htm
07-05 14:58:00.966   545 20107 I DownloadManager: in removeSpuriousFiles, preserving file /data/data/com.android.providers.downloads/cache/metadata-426.htm
07-05 14:58:00.966   545 20107 I DownloadManager: in removeSpuriousFiles, preserving file /data/data/com.android.providers.downloads/cache/metadata-1589.htm
07-05 14:58:00.966   545 20107 I DownloadManager: in removeSpuriousFiles, preserving file /data/data/com.android.providers.downloads/cache/metadata-438.htm
07-05 14:58:00.969   545 20107 I DownloadManager: in removeSpuriousFiles, preserving file /data/data/com.android.providers.downloads/cache/metadata-463.htm
07-05 14:58:00.969   545 20107 I DownloadManager: in removeSpuriousFiles, preserving file /data/data/com.android.providers.downloads/cache/metadata-69.htm
07-05 14:58:00.969   545 20107 I DownloadManager: in removeSpuriousFiles, preserving file /data/data/com.android.providers.downloads/cache/metadata-355.htm
07-05 14:58:00.969   545 20107 I DownloadManager: in removeSpuriousFiles, preserving file /data/data/com.android.providers.downloads/cache/metadata-1497.htm
07-05 14:58:00.973   545 20107 I DownloadManager: in removeSpuriousFiles, preserving file /data/data/com.android.providers.downloads/cache/metadata-1031.htm
07-05 14:58:00.973   545 20107 I DownloadManager: in removeSpuriousFiles, preserving file /data/data/com.android.providers.downloads/cache/metadata-1471.htm
07-05 14:58:00.973   545 20107 I DownloadManager: in removeSpuriousFiles, preserving file /data/data/com.android.providers.downloads/cache/metadata-468.htm
07-05 14:58:00.973   545 20107 I DownloadManager: in removeSpuriousFiles, preserving file /data/data/com.android.providers.downloads/cache/metadata-602.htm
07-05 14:58:00.977   545 20107 I DownloadManager: in removeSpuriousFiles, preserving file /data/data/com.android.providers.downloads/cache/metadata-967.htm
07-05 14:58:00.977   545 20107 I DownloadManager: in removeSpuriousFiles, preserving file /data/data/com.android.providers.downloads/cache/metadata-536.htm
07-05 14:58:00.977   545 20107 I DownloadManager: in removeSpuriousFiles, preserving file /data/data/com.android.providers.downloads/cache/metadata-1116.htm
07-05 14:58:00.977   545 20107 I DownloadManager: in removeSpuriousFiles, preserving file /data/data/com.android.providers.downloads/cache/metadata-524.htm
07-05 14:58:00.977   545 20107 I DownloadManager: in removeSpuriousFiles, preserving file /data/data/com.android.providers.downloads/cache/metadata-517.htm
07-05 14:58:00.981   545 20107 I DownloadManager: in removeSpuriousFiles, preserving file /data/data/com.android.providers.downloads/cache/metadata-2118.htm
07-05 14:58:00.981   545 20107 I DownloadManager: in removeSpuriousFiles, preserving file /data/data/com.android.providers.downloads/cache/metadata-1033.htm
07-05 14:58:00.981   545 20107 I DownloadManager: in removeSpuriousFiles, preserving file /data/data/com.android.providers.downloads/cache/metadata-1841.htm
07-05 14:58:00.981   545 20107 I DownloadManager: in removeSpuriousFiles, preserving file /data/data/com.android.providers.downloads/cache/metadata-2012.htm
07-05 14:58:00.985   545 20107 I DownloadManager: in removeSpuriousFiles, preserving file /data/data/com.android.providers.downloads/cache/metadata-1369.htm
07-05 14:58:00.985   545 20107 I DownloadManager: in removeSpuriousFiles, preserving file /data/data/com.android.providers.downloads/cache/metadata-1196.htm
07-05 14:58:00.985   545 20107 I DownloadManager: in removeSpuriousFiles, preserving file /data/data/com.android.providers.downloads/cache/metadata-1633.htm
07-05 14:58:00.989   545 20107 I DownloadManager: in removeSpuriousFiles, preserving file /data/data/com.android.providers.downloads/cache/metadata-1344.htm
07-05 14:58:00.989   545 20107 I DownloadManager: in removeSpuriousFiles, preserving file /data/data/com.android.providers.downloads/cache/metadata-2303.htm
07-05 14:58:00.989   545 20107 I DownloadManager: in removeSpuriousFiles, preserving file /data/data/com.android.providers.downloads/cache/metadata-898.htm
07-05 14:58:00.989   545 20107 I DownloadManager: in removeSpuriousFiles, preserving file /data/data/com.android.providers.downloads/cache/metadata-738.htm
07-05 14:58:00.993   545 20107 I DownloadManager: in removeSpuriousFiles, preserving file /data/data/com.android.providers.downloads/cache/metadata-1102.htm
07-05 14:58:00.993   545 20107 I DownloadManager: in removeSpuriousFiles, preserving file /data/data/com.android.providers.downloads/cache/metadata-669.htm
07-05 14:58:00.993   545 20107 I DownloadManager: in removeSpuriousFiles, preserving file /data/data/com.android.providers.downloads/cache/metadata-553.htm
07-05 14:58:00.993   545 20107 I DownloadManager: in removeSpuriousFiles, preserving file /data/data/com.android.providers.downloads/cache/metadata-620.htm
07-05 14:58:00.997   545 20107 I DownloadManager: in removeSpuriousFiles, preserving file /data/data/com.android.providers.downloads/cache/metadata-874.htm
07-05 14:58:00.997   545 20107 I DownloadManager: in removeSpuriousFiles, preserving file /data/data/com.android.providers.downloads/cache/metadata-1649.htm
07-05 14:58:00.997   545 20107 I DownloadManager: in removeSpuriousFiles, preserving file /data/data/com.android.providers.downloads/cache/metadata-1481.htm
07-05 14:58:01.001   545 20107 I DownloadManager: in removeSpuriousFiles, preserving file /data/data/com.android.providers.downloads/cache/metadata-642.htm
07-05 14:58:01.001   545 20107 I DownloadManager: in removeSpuriousFiles, preserving file /data/data/com.android.providers.downloads/cache/metadata-458.htm
07-05 14:58:01.001   545 20107 I DownloadManager: in removeSpuriousFiles, preserving file /data/data/com.android.providers.downloads/cache/metadata-1269.htm
07-05 14:58:01.001   545 20107 I DownloadManager: in removeSpuriousFiles, preserving file /data/data/com.android.providers.downloads/cache/metadata-1842.htm
07-05 14:58:01.005   545 20107 I DownloadManager: in removeSpuriousFiles, preserving file /data/data/com.android.providers.downloads/cache/metadata-389.htm
07-05 14:58:01.009   545 20107 I DownloadManager: in removeSpuriousFiles, preserving file /data/data/com.android.providers.downloads/cache/metadata-784.htm
07-05 14:58:01.009   545 20107 I DownloadManager: in removeSpuriousFiles, preserving file /data/data/com.android.providers.downloads/cache/metadata-10.htm
07-05 14:58:01.009   545 20107 I DownloadManager: in removeSpuriousFiles, preserving file /data/data/com.android.providers.downloads/cache/metadata-575.htm
07-05 14:58:01.009   545 20107 I DownloadManager: in removeSpuriousFiles, preserving file /data/data/com.android.providers.downloads/cache/metadata-5.htm
07-05 14:58:01.009   545 20107 I DownloadManager: in removeSpuriousFiles, preserving file /data/data/com.android.providers.downloads/cache/metadata-166.htm
07-05 14:58:01.009   545 20107 I DownloadManager: in removeSpuriousFiles, preserving file /data/data/com.android.providers.downloads/cache/metadata-1976.htm
07-05 14:58:01.009   545 20107 I DownloadManager: in removeSpuriousFiles, preserving file /data/data/com.android.providers.downloads/cache/metadata-15.htm
07-05 14:58:01.012   545 20107 I DownloadManager: in removeSpuriousFiles, preserving file /data/data/com.android.providers.downloads/cache/metadata-596.htm
07-05 14:58:01.012   545 20107 I DownloadManager: in removeSpuriousFiles, preserving file /data/data/com.android.providers.downloads/cache/metadata-21.htm
07-05 14:58:01.012   545 20107 I DownloadManager: in removeSpuriousFiles, preserving file /data/data/com.android.providers.downloads/cache/metadata-290.htm
07-05 14:58:01.012   545 20107 I DownloadManager: in removeSpuriousFiles, preserving file /data/data/com.android.providers.downloads/cache/metadata-54.htm
07-05 14:58:01.012   545 20107 I DownloadManager: in removeSpuriousFiles, preserving file /data/data/com.android.providers.downloads/cache/metadata-523.htm
07-05 14:58:01.012   545 20107 I DownloadManager: in removeSpuriousFiles, preserving file /data/data/com.android.providers.downloads/cache/metadata-59.htm
07-05 14:58:01.016   545 20107 I DownloadManager: in removeSpuriousFiles, preserving file /data/data/com.android.providers.downloads/cache/metadata-98.htm
07-05 14:58:01.016   545 20107 I DownloadManager: in removeSpuriousFiles, preserving file /data/data/com.android.providers.downloads/cache/metadata-222.htm
07-05 14:58:01.016   545 20107 I DownloadManager: in removeSpuriousFiles, preserving file /data/data/com.android.providers.downloads/cache/metadata-178.htm
07-05 14:58:01.016   545 20107 I DownloadManager: in removeSpuriousFiles, preserving file /data/data/com.android.providers.downloads/cache/metadata-106.htm
07-05 14:58:01.016   545 20107 I DownloadManager: in removeSpuriousFiles, preserving file /data/data/com.android.providers.downloads/cache/metadata-56.htm
07-05 14:58:01.016   545 20107 I DownloadManager: in removeSpuriousFiles, preserving file /data/data/com.android.providers.downloads/cache/metadata-381.htm
07-05 14:58:01.016   545 20107 I DownloadManager: in removeSpuriousFiles, preserving file /data/data/com.android.providers.downloads/cache/metadata-512.htm
07-05 14:58:01.020   545 20107 I DownloadManager: in removeSpuriousFiles, preserving file /data/data/com.android.providers.downloads/cache/metadata-1431.htm
07-05 14:58:01.020   545 20107 I DownloadManager: in removeSpuriousFiles, preserving file /data/data/com.android.providers.downloads/cache/metadata-1549.htm
07-05 14:58:01.020   545 20107 I DownloadManager: in removeSpuriousFiles, preserving file /data/data/com.android.providers.downloads/cache/metadata-108.htm
07-05 14:58:01.020   545 20107 I DownloadManager: in removeSpuriousFiles, preserving file /data/data/com.android.providers.downloads/cache/metadata-547.htm
07-05 14:58:01.020   545 20107 I DownloadManager: in removeSpuriousFiles, preserving file /data/data/com.android.providers.downloads/cache/metadata-600.htm
07-05 14:58:01.020   545 20107 I DownloadManager: in removeSpuriousFiles, preserving file /data/data/com.android.providers.downloads/cache/metadata-790.htm
07-05 14:58:01.020   545 20107 I DownloadManager: in removeSpuriousFiles, preserving file /data/data/com.android.providers.downloads/cache/metadata-405.htm
07-05 14:58:01.020   545 20107 I DownloadManager: in removeSpuriousFiles, preserving file /data/data/com.android.providers.downloads/cache/metadata-239.htm
07-05 14:58:01.024   545 20107 I DownloadManager: in removeSpuriousFiles, preserving file /data/data/com.android.providers.downloads/cache/metadata-200.htm
07-05 14:58:01.024   545 20107 I DownloadManager: in removeSpuriousFiles, preserving file /data/data/com.android.providers.downloads/cache/metadata-584.htm
07-05 14:58:01.024   545 20107 I DownloadManager: in removeSpuriousFiles, preserving file /data/data/com.android.providers.downloads/cache/metadata-192.htm
07-05 14:58:01.024   545 20107 I DownloadManager: in removeSpuriousFiles, preserving file /data/data/com.android.providers.downloads/cache/metadata-682.htm
07-05 14:58:01.024   545 20107 I DownloadManager: in removeSpuriousFiles, preserving file /data/data/com.android.providers.downloads/cache/metadata-1312.htm
07-05 14:58:01.024   545 20107 I DownloadManager: in removeSpuriousFiles, preserving file /data/data/com.android.providers.downloads/cache/metadata-136.htm
07-05 14:58:01.024   545 20107 I DownloadManager: in removeSpuriousFiles, preserving file /data/data/com.android.providers.downloads/cache/metadata-223.htm
07-05 14:58:01.024   545 20107 I DownloadManager: in removeSpuriousFiles, preserving file /data/data/com.android.providers.downloads/cache/metadata-870.htm
07-05 14:58:01.028   545 20107 I DownloadManager: in removeSpuriousFiles, preserving file /data/data/com.android.providers.downloads/cache/metadata-347.htm
07-05 14:58:01.028   545 20107 I DownloadManager: in removeSpuriousFiles, preserving file /data/data/com.android.providers.downloads/cache/metadata-424.htm
07-05 14:58:01.028   545 20107 I DownloadManager: in removeSpuriousFiles, preserving file /data/data/com.android.providers.downloads/cache/metadata-1786.htm
07-05 14:58:01.028   545 20107 I DownloadManager: in removeSpuriousFiles, preserving file /data/data/com.android.providers.downloads/cache/metadata-1043.htm
07-05 14:58:01.028   545 20107 I DownloadManager: in removeSpuriousFiles, preserving file /data/data/com.android.providers.downloads/cache/metadata-1247.htm
07-05 14:58:01.028   545 20107 I DownloadManager: in removeSpuriousFiles, preserving file /data/data/com.android.providers.downloads/cache/metadata-443.htm
07-05 14:58:01.032   545 20107 I DownloadManager: in removeSpuriousFiles, preserving file /data/data/com.android.providers.downloads/cache/metadata-1187.htm
07-05 14:58:01.032   545 20107 I DownloadManager: in removeSpuriousFiles, preserving file /data/data/com.android.providers.downloads/cache/metadata-1229.htm
07-05 14:58:01.032   545 20107 I DownloadManager: in removeSpuriousFiles, preserving file /data/data/com.android.providers.downloads/cache/metadata-1612.htm
07-05 14:58:01.032   545 20107 I DownloadManager: in removeSpuriousFiles, preserving file /data/data/com.android.providers.downloads/cache/metadata-455.htm
07-05 14:58:01.032   545 20107 I DownloadManager: in removeSpuriousFiles, preserving file /data/data/com.android.providers.downloads/cache/metadata-780.htm
07-05 14:58:01.036   545 20107 I DownloadManager: in removeSpuriousFiles, preserving file /data/data/com.android.providers.downloads/cache/metadata-1515.htm
07-05 14:58:01.036   545 20107 I DownloadManager: in removeSpuriousFiles, preserving file /data/data/com.android.providers.downloads/cache/metadata-934.htm
07-05 14:58:01.036   545 20107 I DownloadManager: in removeSpuriousFiles, preserving file /data/data/com.android.providers.downloads/cache/metadata-417.htm
07-05 14:58:01.036   545 20107 I DownloadManager: in removeSpuriousFiles, preserving file /data/data/com.android.providers.downloads/cache/metadata-279.htm
07-05 14:58:01.036   545 20107 I DownloadManager: in removeSpuriousFiles, preserving file /data/data/com.android.providers.downloads/cache/metadata-1418.htm
07-05 14:58:01.036   545 20107 I DownloadManager: in removeSpuriousFiles, preserving file /data/data/com.android.providers.downloads/cache/metadata-1897.htm
07-05 14:58:01.040   545 20107 I DownloadManager: in removeSpuriousFiles, preserving file /data/data/com.android.providers.downloads/cache/metadata-1095.htm
07-05 14:58:01.040   545 20107 I DownloadManager: in removeSpuriousFiles, preserving file /data/data/com.android.providers.downloads/cache/metadata-487.htm
07-05 14:58:01.040   545 20107 I DownloadManager: in removeSpuriousFiles, preserving file /data/data/com.android.providers.downloads/cache/metadata-1651.htm
07-05 14:58:01.040   545 20107 I DownloadManager: in removeSpuriousFiles, preserving file /data/data/com.android.providers.downloads/cache/metadata-410.htm
07-05 14:58:01.040   545 20107 I DownloadManager: in removeSpuriousFiles, preserving file /data/data/com.android.providers.downloads/cache/metadata-1040.htm
07-05 14:58:01.040   545 20107 I DownloadManager: in removeSpuriousFiles, preserving file /data/data/com.android.providers.downloads/cache/metadata-435.htm
07-05 14:58:01.044   545 20107 I DownloadManager: in removeSpuriousFiles, preserving file /data/data/com.android.providers.downloads/cache/metadata-1016.htm
07-05 14:58:01.044   545 20107 I DownloadManager: in removeSpuriousFiles, preserving file /data/data/com.android.providers.downloads/cache/metadata-452.htm
07-05 14:58:01.044   545 20107 I DownloadManager: in removeSpuriousFiles, preserving file /data/data/com.android.providers.downloads/cache/metadata-221.htm
07-05 14:58:01.044   545 20107 I DownloadManager: in removeSpuriousFiles, preserving file /data/data/com.android.providers.downloads/cache/metadata-815.htm
07-05 14:58:01.044   545 20107 I DownloadManager: in removeSpuriousFiles, preserving file /data/data/com.android.providers.downloads/cache/metadata-332.htm
07-05 14:58:01.048   545 20107 I DownloadManager: in removeSpuriousFiles, preserving file /data/data/com.android.providers.downloads/cache/metadata-341.htm
07-05 14:58:01.048   545 20107 I DownloadManager: in removeSpuriousFiles, preserving file /data/data/com.android.providers.downloads/cache/metadata-604.htm
07-05 14:58:01.048   545 20107 I DownloadManager: in removeSpuriousFiles, preserving file /data/data/com.android.providers.downloads/cache/metadata-570.htm
07-05 14:58:01.048   545 20107 I DownloadManager: in removeSpuriousFiles, preserving file /data/data/com.android.providers.downloads/cache/metadata-433.htm
07-05 14:58:01.048   545 20107 I DownloadManager: in removeSpuriousFiles, preserving file /data/data/com.android.providers.downloads/cache/metadata-1126.htm
07-05 14:58:01.048   545 20107 I DownloadManager: in removeSpuriousFiles, preserving file /data/data/com.android.providers.downloads/cache/metadata-1855.htm
07-05 14:58:01.051   545 20107 I DownloadManager: in removeSpuriousFiles, preserving file /data/data/com.android.providers.downloads/cache/metadata-100.htm
07-05 14:58:01.051   545 20107 I DownloadManager: in removeSpuriousFiles, preserving file /data/data/com.android.providers.downloads/cache/metadata-558.htm
07-05 14:58:01.051   545 20107 I DownloadManager: in removeSpuriousFiles, preserving file /data/data/com.android.providers.downloads/cache/metadata-634.htm
07-05 14:58:01.051   545 20107 I DownloadManager: in removeSpuriousFiles, preserving file /data/data/com.android.providers.downloads/cache/metadata-1959.htm
07-05 14:58:01.055   545 20107 I DownloadManager: in removeSpuriousFiles, preserving file /data/data/com.android.providers.downloads/cache/metadata-1290.htm
07-05 14:58:01.055   545 20107 I DownloadManager: in removeSpuriousFiles, preserving file /data/data/com.android.providers.downloads/cache/metadata-407.htm
07-05 14:58:01.055   545 20107 I DownloadManager: in removeSpuriousFiles, preserving file /data/data/com.android.providers.downloads/cache/metadata-1553.htm
07-05 14:58:01.055   545 20107 I DownloadManager: in removeSpuriousFiles, preserving file /data/data/com.android.providers.downloads/cache/metadata-1776.htm
07-05 14:58:01.055   545 20107 I DownloadManager: in removeSpuriousFiles, preserving file /data/data/com.android.providers.downloads/cache/metadata-1328.htm
07-05 14:58:01.059   545 20107 I DownloadManager: in removeSpuriousFiles, preserving file /data/data/com.android.providers.downloads/cache/metadata-2095.htm
07-05 14:58:01.059   545 20107 I DownloadManager: in removeSpuriousFiles, preserving file /data/data/com.android.providers.downloads/cache/metadata-1734.htm
07-05 14:58:01.059   545 20107 I DownloadManager: in removeSpuriousFiles, preserving file /data/data/com.android.providers.downloads/cache/metadata-1024.htm
07-05 14:58:01.059   545 20107 I DownloadManager: in removeSpuriousFiles, preserving file /data/data/com.android.providers.downloads/cache/metadata-559.htm
07-05 14:58:01.059   545 20107 I DownloadManager: in removeSpuriousFiles, preserving file /data/data/com.android.providers.downloads/cache/metadata-1353.htm
07-05 14:58:01.063   545 20107 I DownloadManager: in removeSpuriousFiles, preserving file /data/data/com.android.providers.downloads/cache/metadata-1327.htm
07-05 14:58:01.063   545 20107 I DownloadManager: in removeSpuriousFiles, preserving file /data/data/com.android.providers.downloads/cache/metadata-691.htm
07-05 14:58:01.063   545 20107 I DownloadManager: in removeSpuriousFiles, preserving file /data/data/com.android.providers.downloads/cache/metadata-2704.htm
07-05 14:58:01.063   545 20107 I DownloadManager: in removeSpuriousFiles, preserving file /data/data/com.android.providers.downloads/cache/metadata-1144.htm
07-05 14:58:01.063   545 20107 I DownloadManager: in removeSpuriousFiles, preserving file /data/data/com.android.providers.downloads/cache/metadata-1681.htm
07-05 14:58:01.067   545 20107 I DownloadManager: in removeSpuriousFiles, preserving file /data/data/com.android.providers.downloads/cache/metadata-595.htm
07-05 14:58:01.067   545 20107 I DownloadManager: in removeSpuriousFiles, preserving file /data/data/com.android.providers.downloads/cache/metadata-648.htm
07-05 14:58:01.067   545 20107 I DownloadManager: in removeSpuriousFiles, preserving file /data/data/com.android.providers.downloads/cache/metadata-1140.htm
07-05 14:58:01.067   545 20107 I DownloadManager: in removeSpuriousFiles, preserving file /data/data/com.android.providers.downloads/cache/metadata-541.htm
07-05 14:58:01.067   545 20107 I DownloadManager: in removeSpuriousFiles, preserving file /data/data/com.android.providers.downloads/cache/metadata-1347.htm
07-05 14:58:01.071   545 20107 I DownloadManager: in removeSpuriousFiles, preserving file /data/data/com.android.providers.downloads/cache/metadata-1135.htm
07-05 14:58:01.071   545 20107 I DownloadManager: in removeSpuriousFiles, preserving file /data/data/com.android.providers.downloads/cache/metadata-502.htm
07-05 14:58:01.071   545 20107 I DownloadManager: in removeSpuriousFiles, preserving file /data/data/com.android.providers.downloads/cache/metadata-1954.htm
07-05 14:58:01.071   545 20107 I DownloadManager: in removeSpuriousFiles, preserving file /data/data/com.android.providers.downloads/cache/metadata-464.htm
07-05 14:58:01.075   545 20107 I DownloadManager: in removeSpuriousFiles, preserving file /data/data/com.android.providers.downloads/cache/metadata-454.htm
07-05 14:58:01.075   545 20107 I DownloadManager: in removeSpuriousFiles, preserving file /data/data/com.android.providers.downloads/cache/metadata-500.htm
07-05 14:58:01.075   545 20107 I DownloadManager: in removeSpuriousFiles, preserving file /data/data/com.android.providers.downloads/cache/metadata-920.htm
07-05 14:58:01.075   545 20107 I DownloadManager: in removeSpuriousFiles, preserving file /data/data/com.android.providers.downloads/cache/metadata-393.htm
07-05 14:58:01.079   545 20107 I DownloadManager: in removeSpuriousFiles, preserving file /data/data/com.android.providers.downloads/cache/metadata-574.htm
07-05 14:58:01.079   545 20107 I DownloadManager: in removeSpuriousFiles, preserving file /data/data/com.android.providers.downloads/cache/metadata-1129.htm
07-05 14:58:01.079   545 20107 I DownloadManager: in removeSpuriousFiles, preserving file /data/data/com.android.providers.downloads/cache/metadata-496.htm
07-05 14:58:01.079   545 20107 I DownloadManager: in removeSpuriousFiles, preserving file /data/data/com.android.providers.downloads/cache/metadata-1593.htm
07-05 14:58:01.083   545 20107 I DownloadManager: in removeSpuriousFiles, preserving file /data/data/com.android.providers.downloads/cache/metadata-1070.htm
07-05 14:58:01.083   545 20107 I DownloadManager: in removeSpuriousFiles, preserving file /data/data/com.android.providers.downloads/cache/metadata-1090.htm
07-05 14:58:01.083   545 20107 I DownloadManager: in removeSpuriousFiles, preserving file /data/data/com.android.providers.downloads/cache/metadata-1366.htm
07-05 14:58:01.083   545 20107 I DownloadManager: in removeSpuriousFiles, preserving file /data/data/com.android.providers.downloads/cache/metadata-2129.htm
07-05 14:58:01.087   545 20107 I DownloadManager: in removeSpuriousFiles, preserving file /data/data/com.android.providers.downloads/cache/metadata-1456.htm
07-05 14:58:01.087   545 20107 I DownloadManager: in removeSpuriousFiles, preserving file /data/data/com.android.providers.downloads/cache/metadata-723.htm
07-05 14:58:01.087   545 20107 I DownloadManager: in removeSpuriousFiles, preserving file /data/data/com.android.providers.downloads/cache/metadata-984.htm
07-05 14:58:01.087   545 20107 I DownloadManager: in removeSpuriousFiles, preserving file /data/data/com.android.providers.downloads/cache/metadata-1076.htm
07-05 14:58:01.091   545 20107 I DownloadManager: in removeSpuriousFiles, preserving file /data/data/com.android.providers.downloads/cache/metadata-1349.htm
07-05 14:58:01.091   545 20107 I DownloadManager: in removeSpuriousFiles, preserving file /data/data/com.android.providers.downloads/cache/metadata-689.htm
07-05 14:58:01.091   545 20107 I DownloadManager: in removeSpuriousFiles, preserving file /data/data/com.android.providers.downloads/cache/metadata-1955.htm
07-05 14:58:01.091   545 20107 I DownloadManager: in removeSpuriousFiles, preserving file /data/data/com.android.providers.downloads/cache/metadata-425.htm
07-05 14:58:01.094   545 20107 I DownloadManager: in removeSpuriousFiles, preserving file /data/data/com.android.providers.downloads/cache/metadata-936.htm
07-05 14:58:01.094   545 20107 I DownloadManager: in removeSpuriousFiles, preserving file /data/data/com.android.providers.downloads/cache/metadata-1595.htm
07-05 14:58:01.094   545 20107 I DownloadManager: in removeSpuriousFiles, preserving file /data/data/com.android.providers.downloads/cache/metadata-1057.htm
07-05 14:58:01.098   545 20107 I DownloadManager: in removeSpuriousFiles, preserving file /data/data/com.android.providers.downloads/cache/metadata-1120.htm
07-05 14:58:01.098   545 20107 I DownloadManager: in removeSpuriousFiles, preserving file /data/data/com.android.providers.downloads/cache/metadata-1931.htm
07-05 14:58:01.098   545 20107 I DownloadManager: in removeSpuriousFiles, preserving file /data/data/com.android.providers.downloads/cache/metadata-1172.htm
07-05 14:58:01.098   545 20107 I DownloadManager: in removeSpuriousFiles, preserving file /data/data/com.android.providers.downloads/cache/metadata-1644.htm
07-05 14:58:01.098   545 20107 I DownloadManager: in removeSpuriousFiles, preserving file /data/data/com.android.providers.downloads/cache/metadata-1293.htm
07-05 14:58:01.102   545 20107 I DownloadManager: in removeSpuriousFiles, preserving file /data/data/com.android.providers.downloads/cache/metadata-9.htm
07-05 14:58:01.102   545 20107 I DownloadManager: in removeSpuriousFiles, preserving file /data/data/com.android.providers.downloads/cache/metadata-24.htm
