07-05 12:13:06.103   545   548 D dalvikvm: GC_CONCURRENT freed 336K, 11% free 10464K/11719K, paused 2ms+2ms
07-05 12:13:06.205   545   548 D dalvikvm: GC_CONCURRENT freed 220K, 9% free 10688K/11719K, paused 2ms+2ms
07-05 12:13:06.322   545   548 D dalvikvm: GC_CONCURRENT freed 456K, 9% free 10683K/11719K, paused 2ms+3ms
07-05 12:13:06.474  1370 15564 E DictionaryProvider:UpdateHandler: Can't read a file : android.util.MalformedJsonException: Use JsonReader.setLenient(true) to accept malformed JSON at line 1 column 20
07-05 12:13:06.572   545   548 D dalvikvm: GC_CONCURRENT freed 702K, 12% free 10420K/11719K, paused 2ms+3ms
07-05 12:13:06.744   545   548 D dalvikvm: GC_CONCURRENT freed 421K, 12% free 10394K/11719K, paused 1ms+2ms
07-05 12:13:06.803   545 15567 I DownloadManager: Initiating request for download 1801
07-05 12:13:06.892   545   548 D dalvikvm: GC_CONCURRENT freed 232K, 10% free 10615K/11719K, paused 1ms+3ms
07-05 12:13:06.990   545   548 D dalvikvm: GC_CONCURRENT freed 308K, 9% free 10780K/11719K, paused 2ms+3ms
07-05 12:13:07.193   545   548 D dalvikvm: GC_CONCURRENT freed 831K, 12% free 10420K/11719K, paused 2ms+2ms
07-05 12:13:07.388   545   548 D dalvikvm: GC_CONCURRENT freed 411K, 12% free 10403K/11719K, paused 2ms+3ms
07-05 12:13:07.545   545 15570 I DownloadManager: Initiating request for download 1802
07-05 12:13:07.619   156   628 D dalvikvm: GC_EXPLICIT freed 517K, 11% free 14199K/15879K, paused 3ms+6ms
07-05 12:13:07.697   545   548 D dalvikvm: GC_CONCURRENT freed 294K, 10% free 10646K/11719K, paused 1ms+3ms
07-05 12:13:07.803   545   548 D dalvikvm: GC_CONCURRENT freed 376K, 9% free 10758K/11719K, paused 2ms+2ms
07-05 12:13:07.990   545   548 D dalvikvm: GC_CONCURRENT freed 773K, 11% free 10441K/11719K, paused 2ms+2ms
07-05 12:13:08.049  1370 15572 E DictionaryProvider:UpdateHandler: Can't read a file : android.util.MalformedJsonException: Use JsonReader.setLenient(true) to accept malformed JSON at line 1 column 20
07-05 12:13:08.092  1370  1372 D dalvikvm: GC_CONCURRENT freed 394K, 7% free 9129K/9735K, paused 1ms+2ms
07-05 12:13:08.252   545   548 D dalvikvm: GC_CONCURRENT freed 430K, 12% free 10406K/11719K, paused 2ms+2ms
07-05 12:13:08.388   545 15575 I DownloadManager: Initiating request for download 1802
07-05 12:13:08.439   545   548 D dalvikvm: GC_CONCURRENT freed 385K, 12% free 10425K/11719K, paused 2ms+11ms
07-05 12:13:08.549   545   548 D dalvikvm: GC_CONCURRENT freed 213K, 9% free 10673K/11719K, paused 1ms+3ms
07-05 12:13:08.670   545   548 D dalvikvm: GC_CONCURRENT freed 452K, 9% free 10673K/11719K, paused 2ms+2ms
07-05 12:13:08.892   545   548 D dalvikvm: GC_CONCURRENT freed 708K, 12% free 10399K/11719K, paused 2ms+2ms
07-05 12:13:09.080   545   548 D dalvikvm: GC_CONCURRENT freed 413K, 12% free 10380K/11719K, paused 2ms+2ms
07-05 12:13:09.174   545 15578 I DownloadManager: Initiating request for download 1803
07-05 12:13:09.263   545   548 D dalvikvm: GC_CONCURRENT freed 236K, 10% free 10604K/11719K, paused 3ms+3ms
07-05 12:13:09.361   545   548 D dalvikvm: GC_CONCURRENT freed 309K, 9% free 10770K/11719K, paused 2ms+3ms
07-05 12:13:09.588   545   548 D dalvikvm: GC_CONCURRENT freed 836K, 12% free 10413K/11719K, paused 2ms+2ms
07-05 12:13:09.631   545  3626 D dalvikvm: GC_EXPLICIT freed 13K, 12% free 10403K/11719K, paused 2ms+3ms
07-05 12:13:09.642  1370 15580 E DictionaryProvider:UpdateHandler: Can't read a file : android.util.MalformedJsonException: Use JsonReader.setLenient(true) to accept malformed JSON at line 1 column 20
07-05 12:13:09.834   545   548 D dalvikvm: GC_CONCURRENT freed 403K, 12% free 10396K/11719K, paused 1ms+2ms
07-05 12:13:09.939   545 15583 I DownloadManager: Initiating request for download 1803
07-05 12:13:10.017   545   548 D dalvikvm: GC_CONCURRENT freed 302K, 11% free 10522K/11719K, paused 2ms+2ms
07-05 12:13:10.115   545   548 D dalvikvm: GC_CONCURRENT freed 275K, 9% free 10722K/11719K, paused 2ms+3ms
07-05 12:13:10.244   545   548 D dalvikvm: GC_CONCURRENT freed 722K, 11% free 10446K/11719K, paused 2ms+2ms
07-05 12:13:10.424   545   548 D dalvikvm: GC_CONCURRENT freed 409K, 11% free 10432K/11719K, paused 2ms+2ms
07-05 12:13:10.635   545   548 D dalvikvm: GC_CONCURRENT freed 442K, 12% free 10385K/11719K, paused 2ms+3ms
07-05 12:13:10.705   545 15586 I DownloadManager: Initiating request for download 1804
07-05 12:13:10.803   545   548 D dalvikvm: GC_CONCURRENT freed 212K, 10% free 10633K/11719K, paused 2ms+2ms
07-05 12:13:10.900   545   548 D dalvikvm: GC_CONCURRENT freed 304K, 9% free 10772K/11719K, paused 2ms+2ms
07-05 12:13:11.131   545   548 D dalvikvm: GC_CONCURRENT freed 837K, 12% free 10417K/11719K, paused 2ms+3ms
07-05 12:13:11.150  1370 15588 E DictionaryProvider:UpdateHandler: Can't read a file : android.util.MalformedJsonException: Use JsonReader.setLenient(true) to accept malformed JSON at line 1 column 20
07-05 12:13:11.349   545   548 D dalvikvm: GC_CONCURRENT freed 418K, 12% free 10394K/11719K, paused 2ms+2ms
07-05 12:13:11.451   545 15591 I DownloadManager: Initiating request for download 1804
07-05 12:13:11.529   545   548 D dalvikvm: GC_CONCURRENT freed 285K, 10% free 10568K/11719K, paused 2ms+3ms
07-05 12:13:11.627   545   548 D dalvikvm: GC_CONCURRENT freed 304K, 9% free 10740K/11719K, paused 1ms+3ms
07-05 12:13:11.799   545   548 D dalvikvm: GC_CONCURRENT freed 755K, 11% free 10448K/11719K, paused 2ms+2ms
07-05 12:13:12.002   545   548 D dalvikvm: GC_CONCURRENT freed 440K, 12% free 10399K/11719K, paused 2ms+3ms
07-05 12:13:12.220   545   548 D dalvikvm: GC_CONCURRENT freed 407K, 12% free 10423K/11719K, paused 2ms+3ms
07-05 12:13:12.220   545 15594 I DownloadManager: Initiating request for download 1805
07-05 12:13:12.338   545   548 D dalvikvm: GC_CONCURRENT freed 211K, 9% free 10673K/11719K, paused 2ms+3ms
07-05 12:13:12.455   545   548 D dalvikvm: GC_CONCURRENT freed 440K, 9% free 10681K/11719K, paused 2ms+2ms
07-05 12:13:12.599  1370 15596 E DictionaryProvider:UpdateHandler: Can't read a file : android.util.MalformedJsonException: Use JsonReader.setLenient(true) to accept malformed JSON at line 1 column 20
07-05 12:13:12.705   545   548 D dalvikvm: GC_CONCURRENT freed 705K, 12% free 10413K/11719K, paused 1ms+3ms
07-05 12:13:12.873   545   548 D dalvikvm: GC_CONCURRENT freed 419K, 12% free 10389K/11719K, paused 2ms+2ms
07-05 12:13:12.955   545 15599 I DownloadManager: Initiating request for download 1805
07-05 12:13:13.037   545   548 D dalvikvm: GC_CONCURRENT freed 250K, 10% free 10592K/11719K, paused 2ms+2ms
07-05 12:13:13.138   545   548 D dalvikvm: GC_CONCURRENT freed 318K, 9% free 10760K/11719K, paused 2ms+3ms
07-05 12:13:13.318   545   548 D dalvikvm: GC_CONCURRENT freed 783K, 11% free 10440K/11719K, paused 2ms+3ms
07-05 12:13:13.498   545   548 D dalvikvm: GC_CONCURRENT freed 410K, 12% free 10425K/11719K, paused 2ms+2ms
07-05 12:13:14.517   545 15602 I DownloadManager: Initiating request for download 1806
07-05 12:13:14.595   545   548 D dalvikvm: GC_CONCURRENT freed 365K, 11% free 10468K/11719K, paused 4ms+2ms
07-05 12:13:14.701   545   548 D dalvikvm: GC_CONCURRENT freed 234K, 9% free 10694K/11719K, paused 1ms+3ms
07-05 12:13:14.822   545   548 D dalvikvm: GC_CONCURRENT freed 674K, 11% free 10456K/11719K, paused 2ms+2ms
07-05 12:13:14.970  1370 15604 E DictionaryProvider:UpdateHandler: Can't read a file : android.util.MalformedJsonException: Use JsonReader.setLenient(true) to accept malformed JSON at line 1 column 20
07-05 12:13:15.013  1370  1372 D dalvikvm: GC_CONCURRENT freed 389K, 7% free 9131K/9735K, paused 2ms+3ms
07-05 12:13:15.095   465   467 D dalvikvm: GC_CONCURRENT freed 384K, 6% free 10502K/11079K, paused 1ms+3ms
07-05 12:13:15.111   545   548 D dalvikvm: GC_CONCURRENT freed 424K, 12% free 10422K/11719K, paused 2ms+2ms
07-05 12:13:15.295   545   548 D dalvikvm: GC_CONCURRENT freed 424K, 12% free 10393K/11719K, paused 2ms+2ms
07-05 12:13:15.373   545 15607 I DownloadManager: Initiating request for download 1806
07-05 12:13:15.463   545   548 D dalvikvm: GC_CONCURRENT freed 260K, 9% free 10671K/11719K, paused 2ms+3ms
07-05 12:13:15.568   545   548 D dalvikvm: GC_CONCURRENT freed 361K, 9% free 10781K/11719K, paused 2ms+2ms
07-05 12:13:15.783   545   548 D dalvikvm: GC_CONCURRENT freed 834K, 12% free 10417K/11719K, paused 1ms+2ms
07-05 12:13:15.955   545   548 D dalvikvm: GC_CONCURRENT freed 409K, 12% free 10402K/11719K, paused 1ms+2ms
07-05 12:13:16.076   545 15610 I DownloadManager: Initiating request for download 1807
07-05 12:13:16.154   545   548 D dalvikvm: GC_CONCURRENT freed 300K, 10% free 10572K/11719K, paused 1ms+3ms
07-05 12:13:16.256   545   548 D dalvikvm: GC_CONCURRENT freed 281K, 9% free 10733K/11719K, paused 1ms+3ms
07-05 12:13:16.396   545   548 D dalvikvm: GC_CONCURRENT freed 733K, 11% free 10461K/11719K, paused 2ms+3ms
07-05 12:13:16.588   545   548 D dalvikvm: GC_CONCURRENT freed 446K, 12% free 10411K/11719K, paused 1ms+3ms
07-05 12:13:16.775   545   548 D dalvikvm: GC_CONCURRENT freed 414K, 12% free 10392K/11719K, paused 1ms+2ms
07-05 12:13:17.260  1370 15612 E DictionaryProvider:UpdateHandler: Can't read a file : android.util.MalformedJsonException: Use JsonReader.setLenient(true) to accept malformed JSON at line 1 column 20
07-05 12:13:17.428   545   548 D dalvikvm: GC_CONCURRENT freed 363K, 12% free 10424K/11719K, paused 2ms+2ms
07-05 12:13:17.607   545   548 D dalvikvm: GC_CONCURRENT freed 421K, 12% free 10398K/11719K, paused 2ms+2ms
07-05 12:13:17.842   545   548 D dalvikvm: GC_CONCURRENT freed 366K, 12% free 10427K/11719K, paused 1ms+3ms
07-05 12:13:18.025   545   548 D dalvikvm: GC_CONCURRENT freed 405K, 12% free 10410K/11719K, paused 2ms+2ms
07-05 12:13:18.205   545   548 D dalvikvm: GC_CONCURRENT freed 409K, 12% free 10395K/11719K, paused 1ms+3ms
07-05 12:13:18.345   545 15615 I DownloadManager: Initiating request for download 1808
07-05 12:13:18.455   545   548 D dalvikvm: GC_CONCURRENT freed 264K, 10% free 10592K/11719K, paused 1ms+3ms
07-05 12:13:18.556   545   548 D dalvikvm: GC_CONCURRENT freed 312K, 9% free 10766K/11719K, paused 2ms+3ms
07-05 12:13:18.736   545   548 D dalvikvm: GC_CONCURRENT freed 779K, 11% free 10454K/11719K, paused 1ms+2ms
07-05 12:13:18.810  1370 15617 E DictionaryProvider:UpdateHandler: Can't read a file : android.util.MalformedJsonException: Use JsonReader.setLenient(true) to accept malformed JSON at line 1 column 20
07-05 12:13:18.967   545   548 D dalvikvm: GC_CONCURRENT freed 436K, 12% free 10414K/11719K, paused 2ms+3ms
07-05 12:13:19.103   545 15620 I DownloadManager: Initiating request for download 1808
07-05 12:13:19.142   545   548 D dalvikvm: GC_CONCURRENT freed 383K, 11% free 10439K/11719K, paused 2ms+3ms
07-05 12:13:19.252   545   548 D dalvikvm: GC_CONCURRENT freed 212K, 9% free 10688K/11719K, paused 2ms+2ms
07-05 12:13:19.377   545   548 D dalvikvm: GC_CONCURRENT freed 457K, 9% free 10689K/11719K, paused 2ms+2ms
07-05 12:13:19.607   545   548 D dalvikvm: GC_CONCURRENT freed 714K, 12% free 10414K/11719K, paused 2ms+2ms
07-05 12:13:19.787   545   548 D dalvikvm: GC_CONCURRENT freed 412K, 12% free 10397K/11719K, paused 2ms+2ms
07-05 12:13:19.904   545 15623 I DownloadManager: Initiating request for download 1809
07-05 12:13:19.998   545   548 D dalvikvm: GC_CONCURRENT freed 214K, 10% free 10603K/11719K, paused 2ms+3ms
07-05 12:13:20.103   545   548 D dalvikvm: GC_CONCURRENT freed 306K, 8% free 10788K/11719K, paused 2ms+4ms
07-05 12:13:20.299   545   548 D dalvikvm: GC_CONCURRENT freed 836K, 12% free 10426K/11719K, paused 1ms+2ms
07-05 12:13:20.338  1370 15625 E DictionaryProvider:UpdateHandler: Can't read a file : android.util.MalformedJsonException: Use JsonReader.setLenient(true) to accept malformed JSON at line 1 column 20
07-05 12:13:20.525   545   548 D dalvikvm: GC_CONCURRENT freed 410K, 12% free 10412K/11719K, paused 2ms+3ms
07-05 12:13:20.658   545 15628 I DownloadManager: Initiating request for download 1809
07-05 12:13:20.713   545   548 D dalvikvm: GC_CONCURRENT freed 354K, 11% free 10470K/11719K, paused 2ms+3ms
07-05 12:13:20.814   545   548 D dalvikvm: GC_CONCURRENT freed 227K, 9% free 10703K/11719K, paused 2ms+3ms
07-05 12:13:20.935   545   548 D dalvikvm: GC_CONCURRENT freed 474K, 9% free 10695K/11719K, paused 2ms+3ms
07-05 12:13:21.162   545   548 D dalvikvm: GC_CONCURRENT freed 719K, 12% free 10417K/11719K, paused 2ms+2ms
07-05 12:13:21.342   545   548 D dalvikvm: GC_CONCURRENT freed 407K, 12% free 10398K/11719K, paused 1ms+2ms
07-05 12:13:21.416   545 15631 I DownloadManager: Initiating request for download 1810
07-05 12:13:21.513   545   548 D dalvikvm: GC_CONCURRENT freed 221K, 9% free 10688K/11719K, paused 1ms+3ms
07-05 12:13:21.627   545   548 D dalvikvm: GC_CONCURRENT freed 455K, 9% free 10720K/11719K, paused 2ms+3ms
07-05 12:13:21.791  1370 15633 E DictionaryProvider:UpdateHandler: Can't read a file : android.util.MalformedJsonException: Use JsonReader.setLenient(true) to accept malformed JSON at line 1 column 20
07-05 12:13:21.873  1370  1372 D dalvikvm: GC_CONCURRENT freed 414K, 7% free 9126K/9735K, paused 1ms+6ms
07-05 12:13:21.888   545   548 D dalvikvm: GC_CONCURRENT freed 741K, 11% free 10433K/11719K, paused 2ms+7ms
07-05 12:13:22.072   545   548 D dalvikvm: GC_CONCURRENT freed 423K, 12% free 10405K/11719K, paused 2ms+2ms
07-05 12:13:22.162   545 15636 I DownloadManager: Initiating request for download 1810
07-05 12:13:22.244   156   156 D dalvikvm: GC_EXPLICIT freed 493K, 11% free 14198K/15879K, paused 2ms+5ms
07-05 12:13:22.310   545   548 D dalvikvm: GC_CONCURRENT freed 279K, 10% free 10591K/11719K, paused 2ms+3ms
07-05 12:13:22.412   545   548 D dalvikvm: GC_CONCURRENT freed 322K, 9% free 10755K/11719K, paused 1ms+3ms
07-05 12:13:22.592   545   548 D dalvikvm: GC_CONCURRENT freed 801K, 12% free 10416K/11719K, paused 2ms+3ms
07-05 12:13:22.791   545   548 D dalvikvm: GC_CONCURRENT freed 410K, 12% free 10400K/11719K, paused 2ms+2ms
07-05 12:13:23.002   545   548 D dalvikvm: GC_CONCURRENT freed 390K, 12% free 10419K/11719K, paused 2ms+3ms
07-05 12:13:23.002   545 15639 I DownloadManager: Initiating request for download 1811
07-05 12:13:23.135   545   548 D dalvikvm: GC_CONCURRENT freed 205K, 9% free 10673K/11719K, paused 1ms+2ms
07-05 12:13:23.248   545   548 D dalvikvm: GC_CONCURRENT freed 445K, 9% free 10683K/11719K, paused 2ms+2ms
07-05 12:13:23.416  1370 15641 E DictionaryProvider:UpdateHandler: Can't read a file : android.util.MalformedJsonException: Use JsonReader.setLenient(true) to accept malformed JSON at line 1 column 20
07-05 12:13:23.502   545   548 D dalvikvm: GC_CONCURRENT freed 696K, 12% free 10418K/11719K, paused 2ms+2ms
07-05 12:13:23.674   545   548 D dalvikvm: GC_CONCURRENT freed 422K, 12% free 10392K/11719K, paused 1ms+2ms
07-05 12:13:23.756   545 15644 I DownloadManager: Initiating request for download 1811
07-05 12:13:23.838   545   548 D dalvikvm: GC_CONCURRENT freed 261K, 10% free 10590K/11719K, paused 2ms+2ms
07-05 12:13:23.943   545   548 D dalvikvm: GC_CONCURRENT freed 293K, 9% free 10757K/11719K, paused 2ms+3ms
07-05 12:13:24.131   545   548 D dalvikvm: GC_CONCURRENT freed 765K, 11% free 10460K/11719K, paused 2ms+2ms
07-05 12:13:24.326   545   548 D dalvikvm: GC_CONCURRENT freed 448K, 12% free 10403K/11719K, paused 1ms+3ms
07-05 12:13:24.529   545 15647 I DownloadManager: Initiating request for download 1812
07-05 12:13:24.556   545   548 D dalvikvm: GC_CONCURRENT freed 392K, 12% free 10428K/11719K, paused 2ms+13ms
07-05 12:13:24.678   545   548 D dalvikvm: GC_CONCURRENT freed 208K, 9% free 10678K/11719K, paused 2ms+3ms
07-05 12:13:24.799   545   548 D dalvikvm: GC_CONCURRENT freed 449K, 9% free 10686K/11719K, paused 2ms+2ms
07-05 12:13:24.947  1370 15649 E DictionaryProvider:UpdateHandler: Can't read a file : android.util.MalformedJsonException: Use JsonReader.setLenient(true) to accept malformed JSON at line 1 column 20
07-05 12:13:25.049   545   548 D dalvikvm: GC_CONCURRENT freed 708K, 12% free 10417K/11719K, paused 2ms+2ms
07-05 12:13:25.220   545   548 D dalvikvm: GC_CONCURRENT freed 418K, 12% free 10394K/11719K, paused 2ms+2ms
07-05 12:13:25.303   545 15652 I DownloadManager: Initiating request for download 1812
07-05 12:13:25.388   545   548 D dalvikvm: GC_CONCURRENT freed 252K, 10% free 10597K/11719K, paused 2ms+3ms
07-05 12:13:25.486   545   548 D dalvikvm: GC_CONCURRENT freed 316K, 9% free 10767K/11719K, paused 2ms+4ms
07-05 12:13:25.658   545   548 D dalvikvm: GC_CONCURRENT freed 812K, 12% free 10421K/11719K, paused 2ms+3ms
07-05 12:13:25.849   545   548 D dalvikvm: GC_CONCURRENT freed 405K, 12% free 10404K/11719K, paused 2ms+3ms
07-05 12:13:26.021   545 15655 I DownloadManager: Initiating request for download 1813
07-05 12:13:26.056   545   548 D dalvikvm: GC_CONCURRENT freed 365K, 11% free 10439K/11719K, paused 1ms+3ms
07-05 12:13:26.174   545   548 D dalvikvm: GC_CONCURRENT freed 228K, 9% free 10696K/11719K, paused 1ms+3ms
07-05 12:13:26.283   545   548 D dalvikvm: GC_CONCURRENT freed 463K, 9% free 10690K/11719K, paused 2ms+2ms
07-05 12:13:26.420  1370 15657 E DictionaryProvider:UpdateHandler: Can't read a file : android.util.MalformedJsonException: Use JsonReader.setLenient(true) to accept malformed JSON at line 1 column 20
07-05 12:13:26.537   545   548 D dalvikvm: GC_CONCURRENT freed 709K, 12% free 10420K/11719K, paused 2ms+2ms
07-05 12:13:26.717   545   548 D dalvikvm: GC_CONCURRENT freed 419K, 12% free 10395K/11719K, paused 2ms+2ms
07-05 12:13:26.791   545 15660 I DownloadManager: Initiating request for download 1813
07-05 12:13:26.873   545   548 D dalvikvm: GC_CONCURRENT freed 237K, 10% free 10611K/11719K, paused 2ms+3ms
07-05 12:13:26.978   545   548 D dalvikvm: GC_CONCURRENT freed 317K, 8% free 10790K/11719K, paused 2ms+4ms
07-05 12:13:27.181   545   548 D dalvikvm: GC_CONCURRENT freed 810K, 11% free 10453K/11719K, paused 2ms+2ms
07-05 12:13:27.365   545   548 D dalvikvm: GC_CONCURRENT freed 417K, 11% free 10431K/11719K, paused 2ms+3ms
07-05 12:13:28.287   545 15662 I DownloadManager: Initiating request for download 1814
07-05 12:13:28.388   545   548 D dalvikvm: GC_CONCURRENT freed 330K, 10% free 10640K/11719K, paused 2ms+3ms
07-05 12:13:28.494   545   548 D dalvikvm: GC_CONCURRENT freed 364K, 9% free 10774K/11719K, paused 2ms+3ms
07-05 12:13:28.681   545   548 D dalvikvm: GC_CONCURRENT freed 788K, 11% free 10460K/11719K, paused 2ms+3ms
07-05 12:13:28.736  1370 15665 E DictionaryProvider:UpdateHandler: Can't read a file : android.util.MalformedJsonException: Use JsonReader.setLenient(true) to accept malformed JSON at line 1 column 20
07-05 12:13:28.822  1370  1372 D dalvikvm: GC_CONCURRENT freed 388K, 7% free 9126K/9735K, paused 2ms+2ms
07-05 12:13:28.943   545   548 D dalvikvm: GC_CONCURRENT freed 438K, 12% free 10417K/11719K, paused 1ms+3ms
07-05 12:13:29.111   545   548 D dalvikvm: GC_CONCURRENT freed 390K, 11% free 10431K/11719K, paused 2ms+2ms
07-05 12:13:29.123   545 15668 I DownloadManager: Initiating request for download 1814
07-05 12:13:29.232   545   548 D dalvikvm: GC_CONCURRENT freed 215K, 9% free 10690K/11719K, paused 2ms+3ms
07-05 12:13:29.353   545   548 D dalvikvm: GC_CONCURRENT freed 456K, 9% free 10699K/11719K, paused 1ms+3ms
07-05 12:13:29.572   545   548 D dalvikvm: GC_CONCURRENT freed 725K, 12% free 10417K/11719K, paused 1ms+2ms
07-05 12:13:29.752   545   548 D dalvikvm: GC_CONCURRENT freed 406K, 12% free 10399K/11719K, paused 2ms+3ms
07-05 12:13:29.869   545 15671 I DownloadManager: Initiating request for download 1815
07-05 12:13:29.959   545   548 D dalvikvm: GC_CONCURRENT freed 252K, 10% free 10621K/11719K, paused 3ms+3ms
07-05 12:13:30.076   545   548 D dalvikvm: GC_CONCURRENT freed 306K, 8% free 10808K/11719K, paused 2ms+3ms
07-05 12:13:30.283  1370 15673 E DictionaryProvider:UpdateHandler: Can't read a file : android.util.MalformedJsonException: Use JsonReader.setLenient(true) to accept malformed JSON at line 1 column 20
07-05 12:13:30.322   545   548 D dalvikvm: GC_CONCURRENT freed 874K, 11% free 10435K/11719K, paused 2ms+3ms
07-05 12:13:30.506   545   548 D dalvikvm: GC_CONCURRENT freed 425K, 12% free 10405K/11719K, paused 2ms+2ms
07-05 12:13:30.615   545 15676 I DownloadManager: Initiating request for download 1815
07-05 12:13:30.674   545   548 D dalvikvm: GC_CONCURRENT freed 296K, 10% free 10567K/11719K, paused 1ms+3ms
07-05 12:13:30.775   545   548 D dalvikvm: GC_CONCURRENT freed 289K, 9% free 10740K/11719K, paused 2ms+3ms
07-05 12:13:30.928   545   548 D dalvikvm: GC_CONCURRENT freed 736K, 11% free 10464K/11719K, paused 1ms+2ms
07-05 12:13:31.135   545   548 D dalvikvm: GC_CONCURRENT freed 435K, 12% free 10418K/11719K, paused 2ms+2ms
07-05 12:13:31.314   545   548 D dalvikvm: GC_CONCURRENT freed 415K, 12% free 10398K/11719K, paused 2ms+2ms
07-05 12:13:31.388   545 15679 I DownloadManager: Initiating request for download 1816
07-05 12:13:31.490   545   548 D dalvikvm: GC_CONCURRENT freed 199K, 10% free 10644K/11719K, paused 3ms+3ms
07-05 12:13:31.595   545   548 D dalvikvm: GC_CONCURRENT freed 309K, 8% free 10806K/11719K, paused 2ms+2ms
07-05 12:13:31.767  1370 15681 E DictionaryProvider:UpdateHandler: Can't read a file : android.util.MalformedJsonException: Use JsonReader.setLenient(true) to accept malformed JSON at line 1 column 20
07-05 12:13:31.845   545   548 D dalvikvm: GC_CONCURRENT freed 846K, 11% free 10435K/11719K, paused 2ms+2ms
07-05 12:13:32.029   545   548 D dalvikvm: GC_CONCURRENT freed 416K, 12% free 10416K/11719K, paused 1ms+2ms
07-05 12:13:32.135   545 15684 I DownloadManager: Initiating request for download 1816
07-05 12:13:32.205   545   548 D dalvikvm: GC_CONCURRENT freed 297K, 11% free 10539K/11719K, paused 2ms+3ms
07-05 12:13:32.306   545   548 D dalvikvm: GC_CONCURRENT freed 273K, 9% free 10731K/11719K, paused 2ms+3ms
07-05 12:13:32.447   545   548 D dalvikvm: GC_CONCURRENT freed 716K, 11% free 10469K/11719K, paused 2ms+2ms
07-05 12:13:32.650   545   548 D dalvikvm: GC_CONCURRENT freed 443K, 12% free 10422K/11719K, paused 2ms+2ms
07-05 12:13:32.834   545   548 D dalvikvm: GC_CONCURRENT freed 414K, 12% free 10402K/11719K, paused 2ms+2ms
07-05 12:13:32.920   545 15687 I DownloadManager: Initiating request for download 1817
07-05 12:13:33.017   545   548 D dalvikvm: GC_CONCURRENT freed 221K, 10% free 10640K/11719K, paused 1ms+3ms
07-05 12:13:33.119   545   548 D dalvikvm: GC_CONCURRENT freed 323K, 8% free 10801K/11719K, paused 2ms+3ms
07-05 12:13:33.244   545 15687 D dalvikvm: GC_EXPLICIT freed 557K, 11% free 10488K/11719K, paused 2ms+4ms
07-05 12:13:33.373  1370 15689 E DictionaryProvider:UpdateHandler: Can't read a file : android.util.MalformedJsonException: Use JsonReader.setLenient(true) to accept malformed JSON at line 1 column 20
07-05 12:13:33.474   545   548 D dalvikvm: GC_CONCURRENT freed 445K, 11% free 10435K/11719K, paused 2ms+3ms
07-05 12:13:33.654   545   548 D dalvikvm: GC_CONCURRENT freed 422K, 12% free 10407K/11719K, paused 2ms+2ms
07-05 12:13:33.724   545 15692 I DownloadManager: Initiating request for download 1817
07-05 12:13:33.810   545   548 D dalvikvm: GC_CONCURRENT freed 225K, 10% free 10636K/11719K, paused 2ms+2ms
07-05 12:13:33.916   545   548 D dalvikvm: GC_CONCURRENT freed 317K, 8% free 10814K/11719K, paused 1ms+4ms
07-05 12:13:34.123   545   548 D dalvikvm: GC_CONCURRENT freed 822K, 11% free 10466K/11719K, paused 2ms+2ms
07-05 12:13:34.306   545   548 D dalvikvm: GC_CONCURRENT freed 409K, 11% free 10455K/11719K, paused 1ms+2ms
07-05 12:13:34.470   545 15695 I DownloadManager: Initiating request for download 1818
07-05 12:13:34.553   545   548 D dalvikvm: GC_CONCURRENT freed 329K, 10% free 10570K/11719K, paused 2ms+3ms
07-05 12:13:34.650   545   548 D dalvikvm: GC_CONCURRENT freed 301K, 9% free 10748K/11719K, paused 2ms+3ms
07-05 12:13:34.787   545   548 D dalvikvm: GC_CONCURRENT freed 734K, 11% free 10474K/11719K, paused 2ms+3ms
07-05 12:13:34.896  1370 15697 E DictionaryProvider:UpdateHandler: Can't read a file : android.util.MalformedJsonException: Use JsonReader.setLenient(true) to accept malformed JSON at line 1 column 20
07-05 12:13:34.970  1370  1372 D dalvikvm: GC_CONCURRENT freed 388K, 7% free 9126K/9735K, paused 2ms+2ms
07-05 12:13:35.045   545   548 D dalvikvm: GC_CONCURRENT freed 436K, 11% free 10433K/11719K, paused 2ms+3ms
07-05 12:13:35.224   545   548 D dalvikvm: GC_CONCURRENT freed 421K, 12% free 10407K/11719K, paused 2ms+3ms
07-05 12:13:35.271   545 15700 I DownloadManager: Initiating request for download 1818
07-05 12:13:35.377   545   548 D dalvikvm: GC_CONCURRENT freed 215K, 10% free 10648K/11719K, paused 2ms+3ms
07-05 12:13:35.478   545   548 D dalvikvm: GC_CONCURRENT freed 319K, 8% free 10805K/11719K, paused 2ms+3ms
07-05 12:13:35.693   545   548 D dalvikvm: GC_CONCURRENT freed 851K, 11% free 10432K/11719K, paused 1ms+3ms
07-05 12:13:35.865   545   548 D dalvikvm: GC_CONCURRENT freed 413K, 12% free 10414K/11719K, paused 2ms+2ms
07-05 12:13:35.990   545 15703 I DownloadManager: Initiating request for download 1819
07-05 12:13:36.076   156   594 D dalvikvm: GC_EXPLICIT freed 489K, 11% free 14197K/15879K, paused 3ms+5ms
07-05 12:13:36.135   545   548 D dalvikvm: GC_CONCURRENT freed 283K, 10% free 10589K/11719K, paused 2ms+3ms
07-05 12:13:36.236   545   548 D dalvikvm: GC_CONCURRENT freed 309K, 9% free 10743K/11719K, paused 2ms+2ms
07-05 12:13:36.381   545   548 D dalvikvm: GC_CONCURRENT freed 742K, 11% free 10461K/11719K, paused 2ms+2ms
07-05 12:13:36.451  1370 15705 E DictionaryProvider:UpdateHandler: Can't read a file : android.util.MalformedJsonException: Use JsonReader.setLenient(true) to accept malformed JSON at line 1 column 20
07-05 12:13:36.619   545   548 D dalvikvm: GC_CONCURRENT freed 437K, 12% free 10419K/11719K, paused 2ms+2ms
07-05 12:13:36.803   545   548 D dalvikvm: GC_CONCURRENT freed 420K, 12% free 10394K/11719K, paused 2ms+2ms
07-05 12:13:36.845   545 15708 I DownloadManager: Initiating request for download 1819
07-05 12:13:36.928   545   548 D dalvikvm: GC_CONCURRENT freed 207K, 10% free 10641K/11719K, paused 2ms+3ms
07-05 12:13:37.029   545   548 D dalvikvm: GC_CONCURRENT freed 296K, 8% free 10796K/11719K, paused 2ms+3ms
07-05 12:13:37.256   545   548 D dalvikvm: GC_CONCURRENT freed 851K, 11% free 10431K/11719K, paused 2ms+2ms
07-05 12:13:37.435   545   548 D dalvikvm: GC_CONCURRENT freed 425K, 12% free 10401K/11719K, paused 1ms+3ms
07-05 12:13:37.576   545 15711 I DownloadManager: Initiating request for download 1820
07-05 12:13:37.654   545   548 D dalvikvm: GC_CONCURRENT freed 292K, 10% free 10578K/11719K, paused 2ms+3ms
07-05 12:13:37.752   545   548 D dalvikvm: GC_CONCURRENT freed 308K, 9% free 10751K/11719K, paused 2ms+3ms
07-05 12:13:37.916   545   548 D dalvikvm: GC_CONCURRENT freed 755K, 11% free 10462K/11719K, paused 2ms+3ms
07-05 12:13:37.978  1370 15713 E DictionaryProvider:UpdateHandler: Can't read a file : android.util.MalformedJsonException: Use JsonReader.setLenient(true) to accept malformed JSON at line 1 column 20
07-05 12:13:38.146   545   548 D dalvikvm: GC_CONCURRENT freed 428K, 12% free 10423K/11719K, paused 2ms+2ms
07-05 12:13:38.314   545   548 D dalvikvm: GC_CONCURRENT freed 415K, 12% free 10396K/11719K, paused 1ms+2ms
07-05 12:13:38.353   545 15716 I DownloadManager: Initiating request for download 1820
07-05 12:13:38.447   545   548 D dalvikvm: GC_CONCURRENT freed 229K, 9% free 10667K/11719K, paused 2ms+3ms
07-05 12:13:38.564   545   548 D dalvikvm: GC_CONCURRENT freed 422K, 9% free 10699K/11719K, paused 2ms+3ms
07-05 12:13:38.767   545   548 D dalvikvm: GC_CONCURRENT freed 713K, 12% free 10421K/11719K, paused 2ms+2ms
07-05 12:13:38.951   545   548 D dalvikvm: GC_CONCURRENT freed 413K, 12% free 10403K/11719K, paused 2ms+3ms
07-05 12:13:39.092   545 15719 I DownloadManager: Initiating request for download 1821
07-05 12:13:39.178   545   548 D dalvikvm: GC_CONCURRENT freed 283K, 10% free 10579K/11719K, paused 2ms+3ms
07-05 12:13:39.275   545   548 D dalvikvm: GC_CONCURRENT freed 303K, 9% free 10759K/11719K, paused 1ms+3ms
07-05 12:13:39.431   545   548 D dalvikvm: GC_CONCURRENT freed 761K, 11% free 10465K/11719K, paused 2ms+3ms
07-05 12:13:39.510  1370 15721 E DictionaryProvider:UpdateHandler: Can't read a file : android.util.MalformedJsonException: Use JsonReader.setLenient(true) to accept malformed JSON at line 1 column 20
07-05 12:13:39.666   545   548 D dalvikvm: GC_CONCURRENT freed 438K, 12% free 10423K/11719K, paused 2ms+2ms
07-05 12:13:39.845   545   548 D dalvikvm: GC_CONCURRENT freed 419K, 12% free 10399K/11719K, paused 1ms+2ms
07-05 12:13:39.881   545 15724 I DownloadManager: Initiating request for download 1821
07-05 12:13:39.986   545   548 D dalvikvm: GC_CONCURRENT freed 176K, 10% free 10644K/11719K, paused 2ms+2ms
07-05 12:13:40.084   545   548 D dalvikvm: GC_CONCURRENT freed 320K, 8% free 10802K/11719K, paused 2ms+3ms
07-05 12:13:40.306   545   548 D dalvikvm: GC_CONCURRENT freed 850K, 12% free 10430K/11719K, paused 2ms+3ms
07-05 12:13:40.486   545   548 D dalvikvm: GC_CONCURRENT freed 418K, 12% free 10407K/11719K, paused 2ms+3ms
07-05 12:13:40.615   545 15727 I DownloadManager: Initiating request for download 1822
07-05 12:13:40.697   545   548 D dalvikvm: GC_CONCURRENT freed 282K, 10% free 10552K/11719K, paused 2ms+3ms
07-05 12:13:40.803   545   548 D dalvikvm: GC_CONCURRENT freed 283K, 9% free 10737K/11719K, paused 1ms+4ms
07-05 12:13:40.947   545   548 D dalvikvm: GC_CONCURRENT freed 725K, 11% free 10470K/11719K, paused 2ms+2ms
07-05 12:13:41.041  1370 15729 E DictionaryProvider:UpdateHandler: Can't read a file : android.util.MalformedJsonException: Use JsonReader.setLenient(true) to accept malformed JSON at line 1 column 20
07-05 12:13:41.115  1370  1372 D dalvikvm: GC_CONCURRENT freed 387K, 7% free 9126K/9735K, paused 2ms+1ms
07-05 12:13:41.205   545   548 D dalvikvm: GC_CONCURRENT freed 435K, 12% free 10430K/11719K, paused 1ms+3ms
07-05 12:13:41.377   545   548 D dalvikvm: GC_CONCURRENT freed 420K, 12% free 10404K/11719K, paused 2ms+2ms
07-05 12:13:41.431   545 15732 I DownloadManager: Initiating request for download 1822
07-05 12:13:41.529   545   548 D dalvikvm: GC_CONCURRENT freed 226K, 10% free 10632K/11719K, paused 2ms+3ms
07-05 12:13:41.631   545   548 D dalvikvm: GC_CONCURRENT freed 331K, 8% free 10813K/11719K, paused 2ms+3ms
07-05 12:13:41.849   545   548 D dalvikvm: GC_CONCURRENT freed 866K, 12% free 10429K/11719K, paused 2ms+2ms
07-05 12:13:42.033   545   548 D dalvikvm: GC_CONCURRENT freed 408K, 12% free 10413K/11719K, paused 2ms+3ms
07-05 12:13:42.178   545 15735 I DownloadManager: Initiating request for download 1823
07-05 12:13:42.275   545   548 D dalvikvm: GC_CONCURRENT freed 290K, 10% free 10641K/11719K, paused 2ms+3ms
07-05 12:13:42.381   545   548 D dalvikvm: GC_CONCURRENT freed 357K, 8% free 10789K/11719K, paused 1ms+3ms
07-05 12:13:42.572   545   548 D dalvikvm: GC_CONCURRENT freed 797K, 11% free 10469K/11719K, paused 1ms+2ms
07-05 12:13:42.642  1370 15737 E DictionaryProvider:UpdateHandler: Can't read a file : android.util.MalformedJsonException: Use JsonReader.setLenient(true) to accept malformed JSON at line 1 column 20
07-05 12:13:42.814   545   548 D dalvikvm: GC_CONCURRENT freed 438K, 12% free 10426K/11719K, paused 2ms+2ms
07-05 12:13:42.970   545 15740 I DownloadManager: Initiating request for download 1823
07-05 12:13:43.002   545   548 D dalvikvm: GC_CONCURRENT freed 402K, 11% free 10452K/11719K, paused 1ms+3ms
07-05 12:13:43.111   545   548 D dalvikvm: GC_CONCURRENT freed 209K, 9% free 10702K/11719K, paused 2ms+3ms
07-05 12:13:43.220   545   548 D dalvikvm: GC_CONCURRENT freed 453K, 9% free 10711K/11719K, paused 1ms+3ms
07-05 12:13:43.447   545   548 D dalvikvm: GC_CONCURRENT freed 730K, 12% free 10427K/11719K, paused 2ms+2ms
07-05 12:13:43.635   545   548 D dalvikvm: GC_CONCURRENT freed 414K, 12% free 10419K/11719K, paused 2ms+2ms
07-05 12:13:43.724   545 15743 I DownloadManager: Initiating request for download 1824
07-05 12:13:43.810   545   548 D dalvikvm: GC_CONCURRENT freed 249K, 10% free 10625K/11719K, paused 2ms+3ms
07-05 12:13:43.924   545   548 D dalvikvm: GC_CONCURRENT freed 319K, 8% free 10833K/11719K, paused 2ms+3ms
07-05 12:13:44.150  1370 15745 E DictionaryProvider:UpdateHandler: Can't read a file : android.util.MalformedJsonException: Use JsonReader.setLenient(true) to accept malformed JSON at line 1 column 20
07-05 12:13:44.166   545   548 D dalvikvm: GC_CONCURRENT freed 886K, 11% free 10449K/11719K, paused 2ms+2ms
07-05 12:13:44.349   545   548 D dalvikvm: GC_CONCURRENT freed 420K, 12% free 10425K/11719K, paused 2ms+2ms
07-05 12:13:44.455   545 15747 I DownloadManager: Initiating request for download 1824
07-05 12:13:44.517   545   548 D dalvikvm: GC_CONCURRENT freed 302K, 10% free 10579K/11719K, paused 2ms+4ms
07-05 12:13:44.599   545   548 D dalvikvm: GC_CONCURRENT freed 292K, 9% free 10755K/11719K, paused 2ms+3ms
07-05 12:13:45.650   545   548 D dalvikvm: GC_CONCURRENT freed 746K, 11% free 10479K/11719K, paused 2ms+3ms
07-05 12:13:45.857   545   548 D dalvikvm: GC_CONCURRENT freed 438K, 12% free 10429K/11719K, paused 2ms+3ms
07-05 12:13:46.072   545   548 D dalvikvm: GC_CONCURRENT freed 416K, 12% free 10408K/11719K, paused 2ms+3ms
07-05 12:13:46.154   545 15751 I DownloadManager: Initiating request for download 1825
07-05 12:13:46.256   545   548 D dalvikvm: GC_CONCURRENT freed 212K, 10% free 10655K/11719K, paused 1ms+3ms
07-05 12:13:46.353   545   548 D dalvikvm: GC_CONCURRENT freed 313K, 8% free 10813K/11719K, paused 2ms+3ms
07-05 12:13:46.521  1370 15753 E DictionaryProvider:UpdateHandler: Can't read a file : android.util.MalformedJsonException: Use JsonReader.setLenient(true) to accept malformed JSON at line 1 column 20
07-05 12:13:46.607   545   548 D dalvikvm: GC_CONCURRENT freed 848K, 11% free 10452K/11719K, paused 1ms+2ms
07-05 12:13:46.787   545   548 D dalvikvm: GC_CONCURRENT freed 429K, 12% free 10419K/11719K, paused 1ms+2ms
07-05 12:13:46.896   545 15756 I DownloadManager: Initiating request for download 1825
07-05 12:13:46.959   545   548 D dalvikvm: GC_CONCURRENT freed 302K, 10% free 10574K/11719K, paused 1ms+3ms
07-05 12:13:47.056   545   548 D dalvikvm: GC_CONCURRENT freed 285K, 9% free 10755K/11719K, paused 1ms+3ms
07-05 12:13:47.205   545   548 D dalvikvm: GC_CONCURRENT freed 734K, 11% free 10481K/11719K, paused 2ms+3ms
07-05 12:13:47.408   545   548 D dalvikvm: GC_CONCURRENT freed 445K, 11% free 10431K/11719K, paused 2ms+3ms
07-05 12:13:47.599   545   548 D dalvikvm: GC_CONCURRENT freed 413K, 12% free 10412K/11719K, paused 2ms+3ms
07-05 12:13:47.674   545 15759 I DownloadManager: Initiating request for download 1826
07-05 12:13:47.767   545   548 D dalvikvm: GC_CONCURRENT freed 214K, 10% free 10656K/11719K, paused 2ms+2ms
07-05 12:13:47.869   545   548 D dalvikvm: GC_CONCURRENT freed 313K, 8% free 10818K/11719K, paused 2ms+3ms
07-05 12:13:48.049  1370 15761 E DictionaryProvider:UpdateHandler: Can't read a file : android.util.MalformedJsonException: Use JsonReader.setLenient(true) to accept malformed JSON at line 1 column 20
07-05 12:13:48.103   545   548 D dalvikvm: GC_CONCURRENT freed 845K, 11% free 10450K/11719K, paused 1ms+2ms
07-05 12:13:48.146  1370  1372 D dalvikvm: GC_CONCURRENT freed 390K, 7% free 9126K/9735K, paused 1ms+2ms
07-05 12:13:48.318   545   548 D dalvikvm: GC_CONCURRENT freed 414K, 12% free 10423K/11719K, paused 2ms+3ms
07-05 12:13:48.451   545 15764 I DownloadManager: Initiating request for download 1826
07-05 12:13:48.506   545   548 D dalvikvm: GC_CONCURRENT freed 331K, 11% free 10488K/11719K, paused 2ms+2ms
07-05 12:13:48.603   545   548 D dalvikvm: GC_CONCURRENT freed 225K, 9% free 10722K/11719K, paused 2ms+2ms
07-05 12:13:48.724   545   548 D dalvikvm: GC_CONCURRENT freed 476K, 9% free 10719K/11719K, paused 1ms+2ms
07-05 12:13:48.951   545   548 D dalvikvm: GC_CONCURRENT freed 732K, 11% free 10434K/11719K, paused 2ms+2ms
07-05 12:13:49.131   545   548 D dalvikvm: GC_CONCURRENT freed 414K, 12% free 10415K/11719K, paused 2ms+3ms
07-05 12:13:49.220   545 15767 I DownloadManager: Initiating request for download 1827
07-05 12:13:49.322   545   548 D dalvikvm: GC_CONCURRENT freed 228K, 10% free 10644K/11719K, paused 2ms+3ms
07-05 12:13:49.424   545   548 D dalvikvm: GC_CONCURRENT freed 332K, 8% free 10814K/11719K, paused 2ms+4ms
07-05 12:13:49.658   545   548 D dalvikvm: GC_CONCURRENT freed 859K, 11% free 10450K/11719K, paused 2ms+2ms
07-05 12:13:49.717   156   593 D dalvikvm: GC_EXPLICIT freed 486K, 11% free 14197K/15879K, paused 2ms+5ms
07-05 12:13:49.717  1370 15769 E DictionaryProvider:UpdateHandler: Can't read a file : android.util.MalformedJsonException: Use JsonReader.setLenient(true) to accept malformed JSON at line 1 column 20
07-05 12:13:49.916   545   548 D dalvikvm: GC_CONCURRENT freed 417K, 12% free 10428K/11719K, paused 1ms+3ms
07-05 12:13:50.029   545 15772 I DownloadManager: Initiating request for download 1827
07-05 12:13:50.107   545   548 D dalvikvm: GC_CONCURRENT freed 332K, 10% free 10574K/11719K, paused 2ms+2ms
07-05 12:13:50.209   545   548 D dalvikvm: GC_CONCURRENT freed 294K, 9% free 10748K/11719K, paused 2ms+4ms
07-05 12:13:50.357   545   548 D dalvikvm: GC_CONCURRENT freed 736K, 11% free 10473K/11719K, paused 2ms+2ms
07-05 12:13:50.560   545   548 D dalvikvm: GC_CONCURRENT freed 446K, 12% free 10422K/11719K, paused 2ms+4ms
07-05 12:13:50.752   545   548 D dalvikvm: GC_CONCURRENT freed 413K, 12% free 10404K/11719K, paused 1ms+2ms
07-05 12:13:50.838   545 15775 I DownloadManager: Initiating request for download 1828
07-05 12:13:50.935   545   548 D dalvikvm: GC_CONCURRENT freed 204K, 10% free 10646K/11719K, paused 2ms+3ms
07-05 12:13:51.041   545   548 D dalvikvm: GC_CONCURRENT freed 308K, 8% free 10810K/11719K, paused 2ms+3ms
07-05 12:13:51.252   545   548 D dalvikvm: GC_CONCURRENT freed 827K, 11% free 10463K/11719K, paused 1ms+2ms
07-05 12:13:51.443   545   548 D dalvikvm: GC_CONCURRENT freed 403K, 11% free 10458K/11719K, paused 2ms+3ms
07-05 12:13:52.619   545   548 D dalvikvm: GC_CONCURRENT freed 375K, 11% free 10471K/11719K, paused 2ms+2ms
07-05 12:13:52.795   545   548 D dalvikvm: GC_CONCURRENT freed 413K, 11% free 10454K/11719K, paused 2ms+2ms
07-05 12:13:52.951  1370 15777 E DictionaryProvider:UpdateHandler: Can't read a file : android.util.MalformedJsonException: Use JsonReader.setLenient(true) to accept malformed JSON at line 1 column 20
07-05 12:13:53.013   545   548 D dalvikvm: GC_CONCURRENT freed 425K, 12% free 10424K/11719K, paused 1ms+2ms
07-05 12:13:53.111   545 15780 I DownloadManager: Initiating request for download 1828
07-05 12:13:53.115   545 15780 W DownloadManager: Aborting request for download 1828: Trying to resume a download that can't be resumed
07-05 12:13:53.263   545   548 D dalvikvm: GC_CONCURRENT freed 369K, 11% free 10443K/11719K, paused 2ms+3ms
07-05 12:13:53.435   545   548 D dalvikvm: GC_CONCURRENT freed 409K, 12% free 10421K/11719K, paused 1ms+2ms
07-05 12:13:53.619   545   548 D dalvikvm: GC_CONCURRENT freed 408K, 12% free 10408K/11719K, paused 2ms+2ms
07-05 12:13:53.732   545 15783 I DownloadManager: Initiating request for download 1829
07-05 12:13:53.853   545   548 D dalvikvm: GC_CONCURRENT freed 229K, 10% free 10640K/11719K, paused 2ms+3ms
07-05 12:13:53.959   545   548 D dalvikvm: GC_CONCURRENT freed 315K, 8% free 10813K/11719K, paused 2ms+3ms
07-05 12:13:54.178  1370 15785 E DictionaryProvider:UpdateHandler: Can't read a file : android.util.MalformedJsonException: Use JsonReader.setLenient(true) to accept malformed JSON at line 1 column 20
07-05 12:13:54.197   545   548 D dalvikvm: GC_CONCURRENT freed 856K, 11% free 10457K/11719K, paused 2ms+3ms
07-05 12:13:54.392   545   548 D dalvikvm: GC_CONCURRENT freed 424K, 12% free 10421K/11719K, paused 2ms+2ms
07-05 12:13:54.521   545 15788 I DownloadManager: Initiating request for download 1829
07-05 12:13:54.576   545   548 D dalvikvm: GC_CONCURRENT freed 325K, 11% free 10483K/11719K, paused 2ms+2ms
07-05 12:13:54.678   545   548 D dalvikvm: GC_CONCURRENT freed 240K, 9% free 10726K/11719K, paused 1ms+2ms
07-05 12:13:54.791   545   548 D dalvikvm: GC_CONCURRENT freed 489K, 9% free 10715K/11719K, paused 1ms+2ms
07-05 12:13:55.017   545   548 D dalvikvm: GC_CONCURRENT freed 730K, 12% free 10428K/11719K, paused 2ms+2ms
07-05 12:13:55.189   545   548 D dalvikvm: GC_CONCURRENT freed 414K, 12% free 10409K/11719K, paused 2ms+2ms
07-05 12:13:55.279   545 15791 I DownloadManager: Initiating request for download 1830
07-05 12:13:55.369   545   548 D dalvikvm: GC_CONCURRENT freed 221K, 10% free 10648K/11719K, paused 2ms+2ms
07-05 12:13:55.478   545   548 D dalvikvm: GC_CONCURRENT freed 323K, 8% free 10837K/11719K, paused 2ms+3ms
07-05 12:13:55.642  1370 15793 E DictionaryProvider:UpdateHandler: Can't read a file : android.util.MalformedJsonException: Use JsonReader.setLenient(true) to accept malformed JSON at line 1 column 20
07-05 12:13:55.724   465   467 D dalvikvm: GC_CONCURRENT freed 417K, 5% free 10540K/11079K, paused 1ms+3ms
07-05 12:13:55.756  1370  1372 D dalvikvm: GC_CONCURRENT freed 387K, 7% free 9128K/9735K, paused 1ms+1ms
07-05 12:13:55.783   545   548 D dalvikvm: GC_CONCURRENT freed 872K, 11% free 10460K/11719K, paused 1ms+2ms
07-05 12:13:55.967   545   548 D dalvikvm: GC_CONCURRENT freed 436K, 12% free 10422K/11719K, paused 2ms+3ms
07-05 12:13:56.150   545 15796 D dalvikvm: GC_EXPLICIT freed 281K, 11% free 10447K/11719K, paused 2ms+8ms
07-05 12:13:56.162   545 15796 I DownloadManager: Initiating request for download 1830
07-05 12:13:56.263   545   548 D dalvikvm: GC_CONCURRENT freed 210K, 9% free 10703K/11719K, paused 2ms+4ms
07-05 12:13:56.381   545   548 D dalvikvm: GC_CONCURRENT freed 451K, 9% free 10715K/11719K, paused 1ms+2ms
07-05 12:13:56.599   545   548 D dalvikvm: GC_CONCURRENT freed 730K, 11% free 10436K/11719K, paused 2ms+2ms
07-05 12:13:56.779   545   548 D dalvikvm: GC_CONCURRENT freed 416K, 12% free 10415K/11719K, paused 2ms+3ms
07-05 12:13:56.896   545 15799 I DownloadManager: Initiating request for download 1831
07-05 12:13:56.974   545   548 D dalvikvm: GC_CONCURRENT freed 254K, 10% free 10622K/11719K, paused 2ms+3ms
07-05 12:13:57.080   545   548 D dalvikvm: GC_CONCURRENT freed 323K, 8% free 10794K/11719K, paused 2ms+3ms
07-05 12:13:57.263   545   548 D dalvikvm: GC_CONCURRENT freed 796K, 11% free 10475K/11719K, paused 2ms+2ms
07-05 12:13:57.322  1370 15801 E DictionaryProvider:UpdateHandler: Can't read a file : android.util.MalformedJsonException: Use JsonReader.setLenient(true) to accept malformed JSON at line 1 column 20
07-05 12:13:57.486   545   548 D dalvikvm: GC_CONCURRENT freed 435K, 11% free 10435K/11719K, paused 2ms+2ms
07-05 12:13:57.650   545 15804 I DownloadManager: Initiating request for download 1831
07-05 12:13:57.678   545   548 D dalvikvm: GC_CONCURRENT freed 411K, 11% free 10455K/11719K, paused 1ms+3ms
07-05 12:13:57.791   545   548 D dalvikvm: GC_CONCURRENT freed 206K, 9% free 10709K/11719K, paused 2ms+3ms
07-05 12:13:57.912   545   548 D dalvikvm: GC_CONCURRENT freed 456K, 9% free 10721K/11719K, paused 1ms+2ms
07-05 12:13:58.162   545   548 D dalvikvm: GC_CONCURRENT freed 730K, 11% free 10437K/11719K, paused 2ms+2ms
07-05 12:13:58.345   545   548 D dalvikvm: GC_CONCURRENT freed 415K, 12% free 10417K/11719K, paused 1ms+2ms
07-05 12:13:58.470   545 15807 I DownloadManager: Initiating request for download 1832
07-05 12:13:58.556   545   548 D dalvikvm: GC_CONCURRENT freed 243K, 9% free 10697K/11719K, paused 2ms+2ms
07-05 12:13:58.666   545   548 D dalvikvm: GC_CONCURRENT freed 376K, 8% free 10822K/11719K, paused 2ms+3ms
07-05 12:13:58.896  1370 15809 D dalvikvm: GC_EXPLICIT freed 163K, 7% free 9103K/9735K, paused 2ms+2ms
07-05 12:13:58.900   545   548 D dalvikvm: GC_CONCURRENT freed 857K, 11% free 10447K/11719K, paused 2ms+2ms
07-05 12:13:58.916  1370 15809 E DictionaryProvider:UpdateHandler: Can't read a file : android.util.MalformedJsonException: Use JsonReader.setLenient(true) to accept malformed JSON at line 1 column 20
07-05 12:13:59.111   545   548 D dalvikvm: GC_CONCURRENT freed 413K, 12% free 10429K/11719K, paused 2ms+2ms
07-05 12:13:59.228   545 15812 I DownloadManager: Initiating request for download 1832
07-05 12:13:59.279   545   548 D dalvikvm: GC_CONCURRENT freed 332K, 11% free 10490K/11719K, paused 2ms+2ms
07-05 12:13:59.377   545   548 D dalvikvm: GC_CONCURRENT freed 224K, 9% free 10724K/11719K, paused 2ms+2ms
07-05 12:13:59.498   545   548 D dalvikvm: GC_CONCURRENT freed 464K, 9% free 10723K/11719K, paused 2ms+2ms
07-05 12:13:59.720   545   548 D dalvikvm: GC_CONCURRENT freed 737K, 11% free 10436K/11719K, paused 2ms+2ms
07-05 12:13:59.900   545   548 D dalvikvm: GC_CONCURRENT freed 412K, 12% free 10418K/11719K, paused 1ms+2ms
07-05 12:14:00.041   545 15815 I DownloadManager: Initiating request for download 1833
07-05 12:14:00.123   545   548 D dalvikvm: GC_CONCURRENT freed 222K, 10% free 10628K/11719K, paused 1ms+3ms
07-05 12:14:00.228   545   548 D dalvikvm: GC_CONCURRENT freed 294K, 8% free 10797K/11719K, paused 1ms+3ms
07-05 12:14:00.396   545   548 D dalvikvm: GC_CONCURRENT freed 785K, 11% free 10482K/11719K, paused 2ms+2ms
07-05 12:14:00.451  1370 15817 E DictionaryProvider:UpdateHandler: Can't read a file : android.util.MalformedJsonException: Use JsonReader.setLenient(true) to accept malformed JSON at line 1 column 20
07-05 12:14:00.611   545   548 D dalvikvm: GC_CONCURRENT freed 433K, 11% free 10444K/11719K, paused 1ms+2ms
07-05 12:14:00.791   545   548 D dalvikvm: GC_CONCURRENT freed 418K, 12% free 10420K/11719K, paused 2ms+2ms
07-05 12:14:00.814   545 15819 I DownloadManager: Initiating request for download 1833
07-05 12:14:00.888   545   548 D dalvikvm: GC_CONCURRENT freed 182K, 9% free 10691K/11719K, paused 2ms+3ms
07-05 12:14:00.974   545   548 D dalvikvm: GC_CONCURRENT freed 414K, 9% free 10726K/11719K, paused 2ms+3ms
07-05 12:14:01.431   545   548 D dalvikvm: GC_CONCURRENT freed 735K, 11% free 10444K/11719K, paused 1ms+2ms
07-05 12:14:01.611   545   548 D dalvikvm: GC_CONCURRENT freed 416K, 12% free 10424K/11719K, paused 2ms+2ms
07-05 12:14:01.756   545 15823 I DownloadManager: Initiating request for download 1834
07-05 12:14:01.834   545   548 D dalvikvm: GC_CONCURRENT freed 300K, 10% free 10568K/11719K, paused 2ms+3ms
07-05 12:14:01.935   545   548 D dalvikvm: GC_CONCURRENT freed 287K, 8% free 10816K/11719K, paused 2ms+3ms
07-05 12:14:02.092   545   548 D dalvikvm: GC_CONCURRENT freed 813K, 11% free 10486K/11719K, paused 2ms+3ms
07-05 12:14:02.162  1370 15825 E DictionaryProvider:UpdateHandler: Can't read a file : android.util.MalformedJsonException: Use JsonReader.setLenient(true) to accept malformed JSON at line 1 column 20
07-05 12:14:02.334   545   548 D dalvikvm: GC_CONCURRENT freed 429K, 11% free 10454K/11719K, paused 1ms+4ms
07-05 12:14:02.392   993  1240 I PhoneLab-: Service Running
07-05 12:14:02.435   993  1240 I PhoneLab-LoggerService: app_49    1247  993   1956   1584  c00f181c 400107b4 S logcat
07-05 12:14:02.435   993  1240 I PhoneLab-LoggerService: Logcat pid from database 1247
07-05 12:14:02.435   993  1240 I PhoneLab-LoggerService: Logcat process found 1247
07-05 12:14:02.435   993  1240 I PhoneLab-LoggerService: Checking Threshold
07-05 12:14:02.435   993  1240 I PhoneLab-LoggerService: Starting to rename files
07-05 12:14:02.439   993  1240 I PhoneLab-LoggerService: Files found .. 14
07-05 12:14:02.439   993  1240 I PhoneLab-LoggerService: File 1 log.out.1
07-05 12:14:02.447   993   995 D dalvikvm: GC_CONCURRENT freed 927K, 15% free 9147K/10695K, paused 2ms+3ms
07-05 12:14:02.447   993  1240 I PhoneLab-LoggerService: Renamed successfully
07-05 12:14:02.588   545   548 D dalvikvm: GC_CONCURRENT freed 430K, 12% free 10419K/11719K, paused 1ms+3ms
07-05 12:14:02.627   545 15829 I DownloadManager: Initiating request for download 1834
07-05 12:14:02.720   545   548 D dalvikvm: GC_CONCURRENT freed 197K, 9% free 10680K/11719K, paused 1ms+2ms
07-05 12:14:02.826   545   548 D dalvikvm: GC_CONCURRENT freed 407K, 9% free 10730K/11719K, paused 2ms+3ms
07-05 12:14:03.041   545   548 D dalvikvm: GC_CONCURRENT freed 734K, 11% free 10448K/11719K, paused 2ms+2ms
07-05 12:14:03.217   545   548 D dalvikvm: GC_CONCURRENT freed 414K, 12% free 10429K/11719K, paused 2ms+2ms
07-05 12:14:03.361   545 15832 I DownloadManager: Initiating request for download 1835
07-05 12:14:03.416   545   548 D dalvikvm: GC_CONCURRENT freed 324K, 11% free 10499K/11719K, paused 2ms+3ms
07-05 12:14:03.517   545   548 D dalvikvm: GC_CONCURRENT freed 226K, 9% free 10732K/11719K, paused 2ms+2ms
07-05 12:14:03.631   545   548 D dalvikvm: GC_CONCURRENT freed 479K, 9% free 10729K/11719K, paused 2ms+2ms
07-05 12:14:03.771  1370 15834 E DictionaryProvider:UpdateHandler: Can't read a file : android.util.MalformedJsonException: Use JsonReader.setLenient(true) to accept malformed JSON at line 1 column 20
07-05 12:14:03.885   545   548 D dalvikvm: GC_CONCURRENT freed 730K, 11% free 10451K/11719K, paused 2ms+3ms
07-05 12:14:04.076   545   548 D dalvikvm: GC_CONCURRENT freed 411K, 12% free 10427K/11719K, paused 2ms+2ms
07-05 12:14:04.154   545 15837 I DownloadManager: Initiating request for download 1835
07-05 12:14:04.240   545   548 D dalvikvm: GC_CONCURRENT freed 238K, 9% free 10696K/11719K, paused 2ms+3ms
07-05 12:14:04.345   545   548 D dalvikvm: GC_CONCURRENT freed 361K, 8% free 10830K/11719K, paused 2ms+3ms
07-05 12:14:04.556   545   548 D dalvikvm: GC_CONCURRENT freed 864K, 11% free 10454K/11719K, paused 2ms+3ms
07-05 12:14:04.724   545   548 D dalvikvm: GC_CONCURRENT freed 416K, 11% free 10433K/11719K, paused 2ms+2ms
07-05 12:14:04.935   156   594 D dalvikvm: GC_EXPLICIT freed 530K, 11% free 14200K/15879K, paused 3ms+5ms
07-05 12:14:04.947   545 15840 I DownloadManager: Initiating request for download 1836
07-05 12:14:05.010   545   548 D dalvikvm: GC_CONCURRENT freed 315K, 11% free 10502K/11719K, paused 2ms+6ms
07-05 12:14:05.107   545   548 D dalvikvm: GC_CONCURRENT freed 252K, 9% free 10721K/11719K, paused 2ms+3ms
07-05 12:14:05.224   545   548 D dalvikvm: GC_CONCURRENT freed 475K, 9% free 10718K/11719K, paused 1ms+3ms
07-05 12:14:05.381  1370 15842 E DictionaryProvider:UpdateHandler: Can't read a file : android.util.MalformedJsonException: Use JsonReader.setLenient(true) to accept malformed JSON at line 1 column 20
07-05 12:14:05.408  1370  1372 D dalvikvm: GC_CONCURRENT freed 379K, 7% free 9137K/9735K, paused 1ms+4ms
07-05 12:14:05.486   545   548 D dalvikvm: GC_CONCURRENT freed 711K, 11% free 10444K/11719K, paused 2ms+2ms
07-05 12:14:05.670   545   548 D dalvikvm: GC_CONCURRENT freed 420K, 12% free 10419K/11719K, paused 1ms+3ms
07-05 12:14:05.740   545 15844 I DownloadManager: Initiating request for download 1836
07-05 12:14:05.810   545   548 D dalvikvm: GC_CONCURRENT freed 239K, 10% free 10624K/11719K, paused 2ms+3ms
07-05 12:14:05.900   545   548 D dalvikvm: GC_CONCURRENT freed 295K, 8% free 10796K/11719K, paused 2ms+3ms
07-05 12:14:07.068   545   548 D dalvikvm: GC_CONCURRENT freed 796K, 11% free 10475K/11719K, paused 1ms+2ms
07-05 12:14:07.252   545   548 D dalvikvm: GC_CONCURRENT freed 409K, 11% free 10461K/11719K, paused 1ms+2ms
07-05 12:14:07.451   545   548 D dalvikvm: GC_CONCURRENT freed 429K, 12% free 10420K/11719K, paused 2ms+3ms
07-05 12:14:07.490   545 15848 I DownloadManager: Initiating request for download 1837
07-05 12:14:07.595   545   548 D dalvikvm: GC_CONCURRENT freed 189K, 9% free 10689K/11719K, paused 2ms+3ms
07-05 12:14:07.709   545   548 D dalvikvm: GC_CONCURRENT freed 425K, 9% free 10735K/11719K, paused 2ms+3ms
07-05 12:14:07.877  1370 15850 E DictionaryProvider:UpdateHandler: Can't read a file : android.util.MalformedJsonException: Use JsonReader.setLenient(true) to accept malformed JSON at line 1 column 20
07-05 12:14:07.959   545   548 D dalvikvm: GC_CONCURRENT freed 740K, 11% free 10451K/11719K, paused 2ms+2ms
07-05 12:14:08.146   545   548 D dalvikvm: GC_CONCURRENT freed 418K, 12% free 10421K/11719K, paused 1ms+2ms
07-05 12:14:08.252   545 15853 I DownloadManager: Initiating request for download 1837
07-05 12:14:08.342   545   548 D dalvikvm: GC_CONCURRENT freed 299K, 10% free 10562K/11719K, paused 2ms+2ms
07-05 12:14:08.451   545   548 D dalvikvm: GC_CONCURRENT freed 271K, 9% free 10730K/11719K, paused 2ms+2ms
07-05 12:14:08.564   545   548 D dalvikvm: GC_CONCURRENT freed 483K, 9% free 10720K/11719K, paused 2ms+2ms
07-05 12:14:08.787   545   548 D dalvikvm: GC_CONCURRENT freed 736K, 11% free 10434K/11719K, paused 2ms+2ms
07-05 12:14:08.970   545   548 D dalvikvm: GC_CONCURRENT freed 415K, 12% free 10414K/11719K, paused 2ms+2ms
07-05 12:14:09.053   545 15856 I DownloadManager: Initiating request for download 1838
07-05 12:14:09.154   545   548 D dalvikvm: GC_CONCURRENT freed 214K, 10% free 10658K/11719K, paused 2ms+3ms
07-05 12:14:09.256   545   548 D dalvikvm: GC_CONCURRENT freed 313K, 8% free 10827K/11719K, paused 2ms+3ms
07-05 12:14:09.463   545   548 D dalvikvm: GC_CONCURRENT freed 870K, 11% free 10443K/11719K, paused 2ms+3ms
07-05 12:14:09.506  1370 15858 E DictionaryProvider:UpdateHandler: Can't read a file : android.util.MalformedJsonException: Use JsonReader.setLenient(true) to accept malformed JSON at line 1 column 20
07-05 12:14:09.685   545   548 D dalvikvm: GC_CONCURRENT freed 402K, 11% free 10436K/11719K, paused 2ms+2ms
07-05 12:14:09.803   545 15861 I DownloadManager: Initiating request for download 1838
07-05 12:14:09.869   545   548 D dalvikvm: GC_CONCURRENT freed 345K, 11% free 10512K/11719K, paused 2ms+3ms
07-05 12:14:09.970   545   548 D dalvikvm: GC_CONCURRENT freed 240K, 9% free 10737K/11719K, paused 2ms+2ms
07-05 12:14:10.095   545   548 D dalvikvm: GC_CONCURRENT freed 479K, 9% free 10727K/11719K, paused 2ms+2ms
07-05 12:14:10.322   545   548 D dalvikvm: GC_CONCURRENT freed 732K, 11% free 10439K/11719K, paused 2ms+3ms
07-05 12:14:10.510   545   548 D dalvikvm: GC_CONCURRENT freed 405K, 12% free 10422K/11719K, paused 2ms+2ms
07-05 12:14:10.603   545 15864 I DownloadManager: Initiating request for download 1839
07-05 12:14:10.685   545   548 D dalvikvm: GC_CONCURRENT freed 235K, 10% free 10640K/11719K, paused 2ms+3ms
07-05 12:14:10.795   545   548 D dalvikvm: GC_CONCURRENT freed 326K, 8% free 10867K/11719K, paused 1ms+3ms
07-05 12:14:10.963  1370 15866 E DictionaryProvider:UpdateHandler: Can't read a file : android.util.MalformedJsonException: Use JsonReader.setLenient(true) to accept malformed JSON at line 1 column 20
07-05 12:14:11.053   545   548 D dalvikvm: GC_CONCURRENT freed 913K, 11% free 10456K/11719K, paused 2ms+2ms
07-05 12:14:11.232   545   548 D dalvikvm: GC_CONCURRENT freed 425K, 12% free 10426K/11719K, paused 2ms+3ms
07-05 12:14:11.357   545 15869 I DownloadManager: Initiating request for download 1839
07-05 12:14:11.439   545   548 D dalvikvm: GC_CONCURRENT freed 310K, 10% free 10574K/11719K, paused 1ms+2ms
07-05 12:14:11.537   545   548 D dalvikvm: GC_CONCURRENT freed 293K, 9% free 10758K/11719K, paused 2ms+4ms
07-05 12:14:11.685   545   548 D dalvikvm: GC_CONCURRENT freed 726K, 11% free 10488K/11719K, paused 2ms+2ms
07-05 12:14:11.888   545   548 D dalvikvm: GC_CONCURRENT freed 441K, 11% free 10441K/11719K, paused 1ms+2ms
07-05 12:14:12.072   545   548 D dalvikvm: GC_CONCURRENT freed 406K, 12% free 10423K/11719K, paused 2ms+2ms
07-05 12:14:12.158   545 15872 I DownloadManager: Initiating request for download 1840
07-05 12:14:12.256   545   548 D dalvikvm: GC_CONCURRENT freed 222K, 10% free 10644K/11719K, paused 3ms+3ms
07-05 12:14:12.361   545   548 D dalvikvm: GC_CONCURRENT freed 317K, 8% free 10824K/11719K, paused 2ms+3ms
07-05 12:14:12.560  1370 15874 E DictionaryProvider:UpdateHandler: Can't read a file : android.util.MalformedJsonException: Use JsonReader.setLenient(true) to accept malformed JSON at line 1 column 20
07-05 12:14:12.603   545   548 D dalvikvm: GC_CONCURRENT freed 866K, 11% free 10465K/11719K, paused 1ms+10ms
07-05 12:14:12.607  1370  1372 D dalvikvm: GC_CONCURRENT freed 401K, 7% free 9127K/9735K, paused 1ms+1ms
07-05 12:14:12.806   545   548 D dalvikvm: GC_CONCURRENT freed 429K, 11% free 10431K/11719K, paused 2ms+2ms
07-05 12:14:12.935   545 15877 I DownloadManager: Initiating request for download 1840
07-05 12:14:12.978   545   548 D dalvikvm: GC_CONCURRENT freed 357K, 11% free 10494K/11719K, paused 2ms+2ms
07-05 12:14:13.088   545   548 D dalvikvm: GC_CONCURRENT freed 222K, 9% free 10731K/11719K, paused 1ms+3ms
07-05 12:14:13.213   545   548 D dalvikvm: GC_CONCURRENT freed 475K, 9% free 10731K/11719K, paused 2ms+3ms
07-05 12:14:13.435   545   548 D dalvikvm: GC_CONCURRENT freed 741K, 11% free 10444K/11719K, paused 2ms+2ms
07-05 12:14:13.627   545   548 D dalvikvm: GC_CONCURRENT freed 413K, 12% free 10426K/11719K, paused 2ms+2ms
07-05 12:14:13.728   545 15880 I DownloadManager: Initiating request for download 1841
07-05 12:14:13.822   545   548 D dalvikvm: GC_CONCURRENT freed 238K, 10% free 10640K/11719K, paused 1ms+3ms
07-05 12:14:13.924   545   548 D dalvikvm: GC_CONCURRENT freed 331K, 8% free 10809K/11719K, paused 1ms+3ms
07-05 12:14:14.107   545   548 D dalvikvm: GC_CONCURRENT freed 801K, 11% free 10487K/11719K, paused 2ms+2ms
07-05 12:14:14.170  1370 15882 E DictionaryProvider:UpdateHandler: Can't read a file : android.util.MalformedJsonException: Use JsonReader.setLenient(true) to accept malformed JSON at line 1 column 20
07-05 12:14:14.342   545   548 D dalvikvm: GC_CONCURRENT freed 426K, 11% free 10448K/11719K, paused 2ms+2ms
07-05 12:14:14.510   545 15885 I DownloadManager: Initiating request for download 1841
07-05 12:14:14.545   545   548 D dalvikvm: GC_CONCURRENT freed 425K, 11% free 10449K/11719K, paused 1ms+3ms
07-05 12:14:14.654   545   548 D dalvikvm: GC_CONCURRENT freed 194K, 9% free 10713K/11719K, paused 2ms+3ms
07-05 12:14:14.771   545   548 D dalvikvm: GC_CONCURRENT freed 446K, 9% free 10736K/11719K, paused 2ms+2ms
07-05 12:14:14.994   545   548 D dalvikvm: GC_CONCURRENT freed 743K, 11% free 10448K/11719K, paused 2ms+2ms
07-05 12:14:15.185   545   548 D dalvikvm: GC_CONCURRENT freed 412K, 12% free 10430K/11719K, paused 2ms+2ms
07-05 12:14:15.303   545 15888 I DownloadManager: Initiating request for download 1842
07-05 12:14:15.385   545   548 D dalvikvm: GC_CONCURRENT freed 265K, 10% free 10624K/11719K, paused 1ms+3ms
07-05 12:14:15.494   545   548 D dalvikvm: GC_CONCURRENT freed 319K, 8% free 10819K/11719K, paused 2ms+3ms
07-05 12:14:15.674   545   548 D dalvikvm: GC_CONCURRENT freed 805K, 11% free 10499K/11719K, paused 2ms+2ms
07-05 12:14:15.740  1370 15890 E DictionaryProvider:UpdateHandler: Can't read a file : android.util.MalformedJsonException: Use JsonReader.setLenient(true) to accept malformed JSON at line 1 column 20
07-05 12:14:15.904   545   548 D dalvikvm: GC_CONCURRENT freed 437K, 11% free 10450K/11719K, paused 2ms+2ms
07-05 12:14:16.107   545   548 D dalvikvm: GC_CONCURRENT freed 418K, 11% free 10437K/11719K, paused 2ms+2ms
07-05 12:14:16.127   545 15893 I DownloadManager: Initiating request for download 1842
07-05 12:14:16.224   545   548 D dalvikvm: GC_CONCURRENT freed 193K, 9% free 10704K/11719K, paused 1ms+3ms
07-05 12:14:16.334   545   548 D dalvikvm: GC_CONCURRENT freed 420K, 9% free 10740K/11719K, paused 2ms+3ms
07-05 12:14:16.560   545   548 D dalvikvm: GC_CONCURRENT freed 743K, 11% free 10454K/11719K, paused 2ms+3ms
07-05 12:14:16.752   545   548 D dalvikvm: GC_CONCURRENT freed 416K, 11% free 10433K/11719K, paused 1ms+2ms
07-05 12:14:16.888   545 15896 I DownloadManager: Initiating request for download 1843
07-05 12:14:16.978   545   548 D dalvikvm: GC_CONCURRENT freed 298K, 10% free 10579K/11719K, paused 2ms+2ms
07-05 12:14:17.072   545   548 D dalvikvm: GC_CONCURRENT freed 289K, 9% free 10770K/11719K, paused 2ms+3ms
07-05 12:14:17.217   545   548 D dalvikvm: GC_CONCURRENT freed 732K, 11% free 10507K/11719K, paused 2ms+3ms
07-05 12:14:17.396   545   548 D dalvikvm: GC_CONCURRENT freed 418K, 11% free 10485K/11719K, paused 2ms+2ms
07-05 12:14:17.580   545   548 D dalvikvm: GC_CONCURRENT freed 411K, 11% free 10469K/11719K, paused 2ms+2ms
07-05 12:14:19.275  1370 15898 E DictionaryProvider:UpdateHandler: Can't read a file : android.util.MalformedJsonException: Use JsonReader.setLenient(true) to accept malformed JSON at line 1 column 20
07-05 12:14:19.388   545   548 D dalvikvm: GC_CONCURRENT freed 392K, 11% free 10472K/11719K, paused 2ms+2ms
07-05 12:14:19.572   545   548 D dalvikvm: GC_CONCURRENT freed 423K, 11% free 10443K/11719K, paused 2ms+2ms
07-05 12:14:19.744   545   548 D dalvikvm: GC_CONCURRENT freed 407K, 11% free 10431K/11719K, paused 2ms+2ms
07-05 12:14:19.783   545 15901 I DownloadManager: Initiating request for download 1843
07-05 12:14:19.783   545 15901 W DownloadManager: Aborting request for download 1843: Trying to resume a download that can't be resumed
07-05 12:14:19.990   545   548 D dalvikvm: GC_CONCURRENT freed 364K, 11% free 10462K/11719K, paused 2ms+3ms
07-05 12:14:20.193   545   548 D dalvikvm: GC_CONCURRENT freed 409K, 11% free 10452K/11719K, paused 2ms+2ms
07-05 12:14:20.385   545 15904 I DownloadManager: Initiating request for download 1844
07-05 12:14:20.396   545   548 D dalvikvm: GC_CONCURRENT freed 392K, 11% free 10478K/11719K, paused 2ms+3ms
07-05 12:14:20.478   545 15395 D dalvikvm: GC_EXPLICIT freed 175K, 9% free 10712K/11719K, paused 3ms+7ms
07-05 12:14:20.603   545   548 D dalvikvm: GC_CONCURRENT freed 423K, 9% free 10745K/11719K, paused 2ms+3ms
07-05 12:14:20.814   156   568 D dalvikvm: GC_EXPLICIT freed 488K, 11% free 14196K/15879K, paused 3ms+6ms
07-05 12:14:20.822  1370 15906 E DictionaryProvider:UpdateHandler: Can't read a file : android.util.MalformedJsonException: Use JsonReader.setLenient(true) to accept malformed JSON at line 1 column 20
07-05 12:14:20.853  1370  1372 D dalvikvm: GC_CONCURRENT freed 390K, 7% free 9127K/9735K, paused 1ms+2ms
07-05 12:14:20.951   545   548 D dalvikvm: GC_CONCURRENT freed 737K, 11% free 10466K/11719K, paused 1ms+2ms
07-05 12:14:21.131   545   548 D dalvikvm: GC_CONCURRENT freed 436K, 12% free 10425K/11719K, paused 1ms+2ms
07-05 12:14:21.248   545 15909 I DownloadManager: Initiating request for download 1844
07-05 12:14:21.306   545   548 D dalvikvm: GC_CONCURRENT freed 304K, 10% free 10578K/11719K, paused 2ms+3ms
07-05 12:14:21.408   545   548 D dalvikvm: GC_CONCURRENT freed 282K, 9% free 10763K/11719K, paused 2ms+2ms
07-05 12:14:21.553   545   548 D dalvikvm: GC_CONCURRENT freed 745K, 11% free 10488K/11719K, paused 2ms+2ms
07-05 12:14:21.732   545   548 D dalvikvm: GC_CONCURRENT freed 417K, 11% free 10467K/11719K, paused 2ms+2ms
07-05 12:14:21.928   545   548 D dalvikvm: GC_CONCURRENT freed 434K, 12% free 10427K/11719K, paused 2ms+2ms
07-05 12:14:22.021   545 15912 I DownloadManager: Initiating request for download 1845
07-05 12:14:22.123   545   548 D dalvikvm: GC_CONCURRENT freed 238K, 10% free 10653K/11719K, paused 2ms+3ms
07-05 12:14:22.224   545   548 D dalvikvm: GC_CONCURRENT freed 304K, 8% free 10808K/11719K, paused 2ms+3ms
07-05 12:14:22.412   545   548 D dalvikvm: GC_CONCURRENT freed 837K, 11% free 10453K/11719K, paused 1ms+3ms
07-05 12:14:22.459  1370 15914 E DictionaryProvider:UpdateHandler: Can't read a file : android.util.MalformedJsonException: Use JsonReader.setLenient(true) to accept malformed JSON at line 1 column 20
07-05 12:14:22.650   545   548 D dalvikvm: GC_CONCURRENT freed 406K, 11% free 10442K/11719K, paused 2ms+2ms
07-05 12:14:22.838   545   548 D dalvikvm: GC_CONCURRENT freed 413K, 11% free 10451K/11719K, paused 1ms+4ms
07-05 12:14:22.838   545 15917 I DownloadManager: Initiating request for download 1845
07-05 12:14:22.963   545   548 D dalvikvm: GC_CONCURRENT freed 197K, 9% free 10712K/11719K, paused 1ms+2ms
07-05 12:14:23.072   545   548 D dalvikvm: GC_CONCURRENT freed 435K, 9% free 10734K/11719K, paused 1ms+2ms
07-05 12:14:23.295   545   548 D dalvikvm: GC_CONCURRENT freed 742K, 11% free 10457K/11719K, paused 2ms+2ms
07-05 12:14:23.474   545   548 D dalvikvm: GC_CONCURRENT freed 425K, 12% free 10427K/11719K, paused 1ms+2ms
07-05 12:14:23.595   545 15920 I DownloadManager: Initiating request for download 1846
07-05 12:14:23.681   545   548 D dalvikvm: GC_CONCURRENT freed 268K, 10% free 10617K/11719K, paused 2ms+3ms
07-05 12:14:23.779   545   548 D dalvikvm: GC_CONCURRENT freed 317K, 8% free 10784K/11719K, paused 2ms+3ms
07-05 12:14:23.931   545   548 D dalvikvm: GC_CONCURRENT freed 770K, 11% free 10491K/11719K, paused 2ms+2ms
07-05 12:14:24.013  1370 15922 E DictionaryProvider:UpdateHandler: Can't read a file : android.util.MalformedJsonException: Use JsonReader.setLenient(true) to accept malformed JSON at line 1 column 20
07-05 12:14:24.158   545   548 D dalvikvm: GC_CONCURRENT freed 433K, 11% free 10454K/11719K, paused 1ms+3ms
07-05 12:14:24.349   545   548 D dalvikvm: GC_CONCURRENT freed 418K, 12% free 10430K/11719K, paused 2ms+3ms
07-05 12:14:24.400   545 15924 I DownloadManager: Initiating request for download 1846
07-05 12:14:24.474   545   548 D dalvikvm: GC_CONCURRENT freed 205K, 9% free 10679K/11719K, paused 2ms+3ms
07-05 12:14:24.560   545   548 D dalvikvm: GC_CONCURRENT freed 284K, 8% free 10842K/11719K, paused 2ms+2ms
07-05 12:14:25.838   545   548 D dalvikvm: GC_CONCURRENT freed 881K, 11% free 10452K/11719K, paused 1ms+2ms
07-05 12:14:26.021   545   548 D dalvikvm: GC_CONCURRENT freed 412K, 11% free 10434K/11719K, paused 1ms+2ms
07-05 12:14:26.185   545 15928 I DownloadManager: Initiating request for download 1847
07-05 12:14:26.248   545   548 D dalvikvm: GC_CONCURRENT freed 346K, 11% free 10502K/11719K, paused 2ms+3ms
07-05 12:14:26.357   545   548 D dalvikvm: GC_CONCURRENT freed 212K, 9% free 10729K/11719K, paused 2ms+2ms
07-05 12:14:26.463   545   548 D dalvikvm: GC_CONCURRENT freed 456K, 9% free 10740K/11719K, paused 2ms+3ms
07-05 12:14:26.623  1370 15930 E DictionaryProvider:UpdateHandler: Can't read a file : android.util.MalformedJsonException: Use JsonReader.setLenient(true) to accept malformed JSON at line 1 column 20
07-05 12:14:26.717   545   548 D dalvikvm: GC_CONCURRENT freed 731K, 11% free 10461K/11719K, paused 2ms+2ms
07-05 12:14:26.896   545   548 D dalvikvm: GC_CONCURRENT freed 424K, 11% free 10432K/11719K, paused 2ms+2ms
07-05 12:14:26.994   545 15933 I DownloadManager: Initiating request for download 1847
07-05 12:14:27.072   545   548 D dalvikvm: GC_CONCURRENT freed 268K, 10% free 10623K/11719K, paused 2ms+3ms
07-05 12:14:27.181   545   548 D dalvikvm: GC_CONCURRENT freed 318K, 8% free 10880K/11719K, paused 1ms+3ms
07-05 12:14:27.381   545   548 D dalvikvm: GC_CONCURRENT freed 924K, 11% free 10459K/11719K, paused 2ms+2ms
07-05 12:14:27.564   545   548 D dalvikvm: GC_CONCURRENT freed 415K, 11% free 10439K/11719K, paused 2ms+2ms
07-05 12:14:27.720   545 15936 I DownloadManager: Initiating request for download 1848
07-05 12:14:27.767   545   548 D dalvikvm: GC_CONCURRENT freed 355K, 11% free 10478K/11719K, paused 2ms+3ms
07-05 12:14:27.877   545   548 D dalvikvm: GC_CONCURRENT freed 209K, 9% free 10729K/11719K, paused 2ms+3ms
07-05 12:14:27.986   545   548 D dalvikvm: GC_CONCURRENT freed 460K, 9% free 10742K/11719K, paused 2ms+3ms
07-05 12:14:28.138  1370 15938 E DictionaryProvider:UpdateHandler: Can't read a file : android.util.MalformedJsonException: Use JsonReader.setLenient(true) to accept malformed JSON at line 1 column 20
07-05 12:14:28.170  1370  1372 D dalvikvm: GC_CONCURRENT freed 390K, 7% free 9127K/9735K, paused 2ms+3ms
07-05 12:14:28.263   545   548 D dalvikvm: GC_CONCURRENT freed 732K, 11% free 10460K/11719K, paused 1ms+2ms
07-05 12:14:28.447   545   548 D dalvikvm: GC_CONCURRENT freed 411K, 11% free 10441K/11719K, paused 2ms+2ms
07-05 12:14:28.545   545 15941 I DownloadManager: Initiating request for download 1848
07-05 12:14:28.627   545   548 D dalvikvm: GC_CONCURRENT freed 262K, 9% free 10692K/11719K, paused 2ms+2ms
07-05 12:14:28.732   545   548 D dalvikvm: GC_CONCURRENT freed 380K, 8% free 10831K/11719K, paused 2ms+3ms
07-05 12:14:28.935   545   548 D dalvikvm: GC_CONCURRENT freed 856K, 11% free 10462K/11719K, paused 2ms+3ms
07-05 12:14:29.119   545   548 D dalvikvm: GC_CONCURRENT freed 416K, 11% free 10441K/11719K, paused 2ms+3ms
07-05 12:14:29.349   545   548 D dalvikvm: GC_CONCURRENT freed 379K, 11% free 10470K/11719K, paused 2ms+3ms
07-05 12:14:29.349   545 15944 I DownloadManager: Initiating request for download 1849
07-05 12:14:29.482   545   548 D dalvikvm: GC_CONCURRENT freed 203K, 9% free 10726K/11719K, paused 2ms+3ms
07-05 12:14:29.599   545   548 D dalvikvm: GC_CONCURRENT freed 452K, 9% free 10748K/11719K, paused 2ms+3ms
07-05 12:14:29.826  1370 15946 E DictionaryProvider:UpdateHandler: Can't read a file : android.util.MalformedJsonException: Use JsonReader.setLenient(true) to accept malformed JSON at line 1 column 20
07-05 12:14:29.845   545   548 D dalvikvm: GC_CONCURRENT freed 750K, 11% free 10479K/11719K, paused 2ms+2ms
07-05 12:14:30.045   545   548 D dalvikvm: GC_CONCURRENT freed 432K, 11% free 10442K/11719K, paused 2ms+2ms
07-05 12:14:30.135   545 15949 I DownloadManager: Initiating request for download 1849
07-05 12:14:30.220   545   548 D dalvikvm: GC_CONCURRENT freed 264K, 10% free 10651K/11719K, paused 2ms+3ms
07-05 12:14:30.326   545   548 D dalvikvm: GC_CONCURRENT freed 342K, 8% free 10825K/11719K, paused 2ms+4ms
07-05 12:14:30.529   545   548 D dalvikvm: GC_CONCURRENT freed 810K, 11% free 10505K/11719K, paused 2ms+3ms
07-05 12:14:30.728   545   548 D dalvikvm: GC_CONCURRENT freed 451K, 11% free 10449K/11719K, paused 2ms+2ms
07-05 12:14:30.943   545   548 D dalvikvm: GC_CONCURRENT freed 404K, 11% free 10463K/11719K, paused 2ms+3ms
07-05 12:14:30.959   545 15952 I DownloadManager: Initiating request for download 1850
07-05 12:14:31.080   545   548 D dalvikvm: GC_CONCURRENT freed 198K, 9% free 10724K/11719K, paused 2ms+2ms
07-05 12:14:31.189   545   548 D dalvikvm: GC_CONCURRENT freed 439K, 9% free 10755K/11719K, paused 2ms+3ms
07-05 12:14:31.357  1370 15954 E DictionaryProvider:UpdateHandler: Can't read a file : android.util.MalformedJsonException: Use JsonReader.setLenient(true) to accept malformed JSON at line 1 column 20
07-05 12:14:31.435   545   548 D dalvikvm: GC_CONCURRENT freed 738K, 11% free 10470K/11719K, paused 2ms+3ms
07-05 12:14:31.623   545   548 D dalvikvm: GC_CONCURRENT freed 423K, 11% free 10442K/11719K, paused 1ms+3ms
07-05 12:14:31.732   545 15957 I DownloadManager: Initiating request for download 1850
07-05 12:14:31.826   545   548 D dalvikvm: GC_CONCURRENT freed 282K, 10% free 10617K/11719K, paused 2ms+3ms
07-05 12:14:31.920   545   548 D dalvikvm: GC_CONCURRENT freed 318K, 8% free 10792K/11719K, paused 2ms+3ms
07-05 12:14:32.072   545   548 D dalvikvm: GC_CONCURRENT freed 763K, 11% free 10511K/11719K, paused 2ms+3ms
07-05 12:14:32.275   545   548 D dalvikvm: GC_CONCURRENT freed 441K, 11% free 10458K/11719K, paused 2ms+3ms
07-05 12:14:32.470   545   548 D dalvikvm: GC_CONCURRENT freed 411K, 11% free 10438K/11719K, paused 1ms+2ms
07-05 12:14:32.556   545 15960 I DownloadManager: Initiating request for download 1851
07-05 12:14:32.666   545   548 D dalvikvm: GC_CONCURRENT freed 214K, 9% free 10683K/11719K, paused 2ms+3ms
07-05 12:14:32.771   545   548 D dalvikvm: GC_CONCURRENT freed 335K, 8% free 10858K/11719K, paused 2ms+3ms
07-05 12:14:32.974   545   548 D dalvikvm: GC_CONCURRENT freed 890K, 11% free 10467K/11719K, paused 2ms+2ms
07-05 12:14:33.013  1370 15962 E DictionaryProvider:UpdateHandler: Can't read a file : android.util.MalformedJsonException: Use JsonReader.setLenient(true) to accept malformed JSON at line 1 column 20
07-05 12:14:33.197   545   548 D dalvikvm: GC_CONCURRENT freed 409K, 11% free 10453K/11719K, paused 2ms+2ms
07-05 12:14:33.318   545 15965 I DownloadManager: Initiating request for download 1851
07-05 12:14:33.369   545   548 D dalvikvm: GC_CONCURRENT freed 328K, 11% free 10514K/11719K, paused 2ms+2ms
07-05 12:14:33.470   545   548 D dalvikvm: GC_CONCURRENT freed 221K, 9% free 10750K/11719K, paused 2ms+2ms
07-05 12:14:33.588   545   548 D dalvikvm: GC_CONCURRENT freed 478K, 9% free 10754K/11719K, paused 1ms+2ms
07-05 12:14:33.814   545   548 D dalvikvm: GC_CONCURRENT freed 754K, 11% free 10461K/11719K, paused 2ms+2ms
07-05 12:14:33.982   545   548 D dalvikvm: GC_CONCURRENT freed 413K, 11% free 10443K/11719K, paused 1ms+3ms
07-05 12:14:34.084   545 15968 I DownloadManager: Initiating request for download 1852
07-05 12:14:34.178   545   548 D dalvikvm: GC_CONCURRENT freed 223K, 9% free 10722K/11719K, paused 2ms+3ms
07-05 12:14:34.283   545   548 D dalvikvm: GC_CONCURRENT freed 369K, 8% free 10857K/11719K, paused 2ms+3ms
07-05 12:14:34.490  1370 15970 E DictionaryProvider:UpdateHandler: Can't read a file : android.util.MalformedJsonException: Use JsonReader.setLenient(true) to accept malformed JSON at line 1 column 20
07-05 12:14:34.525   545   548 D dalvikvm: GC_CONCURRENT freed 892K, 11% free 10476K/11719K, paused 2ms+3ms
07-05 12:14:34.549  1370  1372 D dalvikvm: GC_CONCURRENT freed 387K, 7% free 9128K/9735K, paused 2ms+9ms
07-05 12:14:34.619   465   467 D dalvikvm: GC_CONCURRENT freed 440K, 6% free 10513K/11079K, paused 2ms+3ms
07-05 12:14:34.771   545   548 D dalvikvm: GC_CONCURRENT freed 421K, 11% free 10450K/11719K, paused 2ms+3ms
07-05 12:14:34.916   545 15973 I DownloadManager: Initiating request for download 1852
07-05 12:14:34.963   545   548 D dalvikvm: GC_CONCURRENT freed 350K, 11% free 10515K/11719K, paused 2ms+3ms
07-05 12:14:35.072   545   548 D dalvikvm: GC_CONCURRENT freed 220K, 9% free 10752K/11719K, paused 2ms+3ms
07-05 12:14:35.189   545   548 D dalvikvm: GC_CONCURRENT freed 477K, 9% free 10756K/11719K, paused 2ms+3ms
07-05 12:14:35.287   156   512 D dalvikvm: GC_EXPLICIT freed 482K, 11% free 14196K/15879K, paused 2ms+5ms
07-05 12:14:35.482   545   548 D dalvikvm: GC_CONCURRENT freed 753K, 11% free 10464K/11719K, paused 2ms+3ms
07-05 12:14:35.666   545   548 D dalvikvm: GC_CONCURRENT freed 428K, 11% free 10430K/11719K, paused 2ms+2ms
07-05 12:14:35.771   545 15976 I DownloadManager: Initiating request for download 1853
07-05 12:14:35.857   545   548 D dalvikvm: GC_CONCURRENT freed 246K, 10% free 10644K/11719K, paused 2ms+2ms
07-05 12:14:35.970   545   548 D dalvikvm: GC_CONCURRENT freed 323K, 8% free 10895K/11719K, paused 1ms+3ms
07-05 12:14:36.146  1370 15978 E DictionaryProvider:UpdateHandler: Can't read a file : android.util.MalformedJsonException: Use JsonReader.setLenient(true) to accept malformed JSON at line 1 column 20
07-05 12:14:36.185   465 15979 D dalvikvm: GC_EXPLICIT freed 255K, 8% free 10261K/11079K, paused 1ms+2ms
07-05 12:14:36.263   545   548 D dalvikvm: GC_CONCURRENT freed 935K, 11% free 10468K/11719K, paused 2ms+2ms
07-05 12:14:36.447   545   548 D dalvikvm: GC_CONCURRENT freed 423K, 11% free 10438K/11719K, paused 1ms+2ms
07-05 12:14:36.568   545 15981 I DownloadManager: Initiating request for download 1853
07-05 12:14:36.623   545   548 D dalvikvm: GC_CONCURRENT freed 342K, 11% free 10503K/11719K, paused 2ms+2ms
07-05 12:14:36.728   545   548 D dalvikvm: GC_CONCURRENT freed 222K, 9% free 10741K/11719K, paused 2ms+3ms
07-05 12:14:36.845   545   548 D dalvikvm: GC_CONCURRENT freed 476K, 9% free 10744K/11719K, paused 2ms+2ms
07-05 12:14:37.076   545   548 D dalvikvm: GC_CONCURRENT freed 750K, 11% free 10453K/11719K, paused 2ms+3ms
07-05 12:14:37.248   545   548 D dalvikvm: GC_CONCURRENT freed 414K, 11% free 10433K/11719K, paused 2ms+2ms
07-05 12:14:37.357   545 15984 I DownloadManager: Initiating request for download 1854
07-05 12:14:37.439   545   548 D dalvikvm: GC_CONCURRENT freed 235K, 10% free 10636K/11719K, paused 2ms+3ms
07-05 12:14:37.545   545   548 D dalvikvm: GC_CONCURRENT freed 321K, 8% free 10813K/11719K, paused 2ms+3ms
07-05 12:14:37.720   545   548 D dalvikvm: GC_CONCURRENT freed 800K, 11% free 10498K/11719K, paused 1ms+2ms
07-05 12:14:37.799  1370 15986 E DictionaryProvider:UpdateHandler: Can't read a file : android.util.MalformedJsonException: Use JsonReader.setLenient(true) to accept malformed JSON at line 1 column 20
07-05 12:14:37.970   545   548 D dalvikvm: GC_CONCURRENT freed 438K, 11% free 10455K/11719K, paused 2ms+3ms
07-05 12:14:38.150   545   548 D dalvikvm: GC_CONCURRENT freed 411K, 11% free 10432K/11719K, paused 2ms+2ms
07-05 12:14:38.185   545 15989 I DownloadManager: Initiating request for download 1854
07-05 12:14:38.291   545   548 D dalvikvm: GC_CONCURRENT freed 196K, 9% free 10694K/11719K, paused 2ms+2ms
07-05 12:14:38.388   545   548 D dalvikvm: GC_CONCURRENT freed 306K, 8% free 10860K/11719K, paused 2ms+2ms
07-05 12:14:38.619   545   548 D dalvikvm: GC_CONCURRENT freed 891K, 11% free 10467K/11719K, paused 2ms+2ms
07-05 12:14:38.806   545   548 D dalvikvm: GC_CONCURRENT freed 422K, 11% free 10440K/11719K, paused 1ms+2ms
07-05 12:14:38.951   545 15992 I DownloadManager: Initiating request for download 1855
07-05 12:14:39.041   545   548 D dalvikvm: GC_CONCURRENT freed 310K, 10% free 10652K/11719K, paused 2ms+3ms
07-05 12:14:39.142   545   548 D dalvikvm: GC_CONCURRENT freed 344K, 8% free 10813K/11719K, paused 2ms+3ms
07-05 12:14:39.314   545   548 D dalvikvm: GC_CONCURRENT freed 796K, 11% free 10499K/11719K, paused 2ms+2ms
07-05 12:14:39.377  1370 15994 E DictionaryProvider:UpdateHandler: Can't read a file : android.util.MalformedJsonException: Use JsonReader.setLenient(true) to accept malformed JSON at line 1 column 20
07-05 12:14:39.553   545   548 D dalvikvm: GC_CONCURRENT freed 435K, 11% free 10458K/11719K, paused 2ms+2ms
07-05 12:14:39.740   545   548 D dalvikvm: GC_CONCURRENT freed 421K, 11% free 10432K/11719K, paused 2ms+2ms
07-05 12:14:39.783   545 15997 I DownloadManager: Initiating request for download 1855
07-05 12:14:39.877   545   548 D dalvikvm: GC_CONCURRENT freed 201K, 9% free 10690K/11719K, paused 2ms+3ms
07-05 12:14:39.990   545   548 D dalvikvm: GC_CONCURRENT freed 311K, 8% free 10857K/11719K, paused 1ms+3ms
07-05 12:14:40.220   545   548 D dalvikvm: GC_CONCURRENT freed 884K, 11% free 10461K/11719K, paused 2ms+3ms
07-05 12:14:40.416   545   548 D dalvikvm: GC_CONCURRENT freed 410K, 11% free 10443K/11719K, paused 2ms+2ms
07-05 12:14:40.560   545 16000 I DownloadManager: Initiating request for download 1856
07-05 12:14:40.627   545   548 D dalvikvm: GC_CONCURRENT freed 330K, 11% free 10513K/11719K, paused 3ms+2ms
07-05 12:14:40.724   545   548 D dalvikvm: GC_CONCURRENT freed 223K, 9% free 10749K/11719K, paused 2ms+3ms
07-05 12:14:40.830   545   548 D dalvikvm: GC_CONCURRENT freed 476K, 9% free 10753K/11719K, paused 2ms+3ms
07-05 12:14:40.978  1370 16002 E DictionaryProvider:UpdateHandler: Can't read a file : android.util.MalformedJsonException: Use JsonReader.setLenient(true) to accept malformed JSON at line 1 column 20
07-05 12:14:41.010  1370  1372 D dalvikvm: GC_CONCURRENT freed 387K, 7% free 9128K/9735K, paused 1ms+2ms
07-05 12:14:41.107   545   548 D dalvikvm: GC_CONCURRENT freed 747K, 11% free 10467K/11719K, paused 1ms+2ms
07-05 12:14:41.291   545   548 D dalvikvm: GC_CONCURRENT freed 422K, 11% free 10440K/11719K, paused 2ms+2ms
07-05 12:14:41.377   545 16005 I DownloadManager: Initiating request for download 1856
07-05 12:14:41.459   545   548 D dalvikvm: GC_CONCURRENT freed 254K, 10% free 10645K/11719K, paused 2ms+3ms
07-05 12:14:41.556   545   548 D dalvikvm: GC_CONCURRENT freed 340K, 8% free 10846K/11719K, paused 3ms+4ms
07-05 12:14:41.740   545   548 D dalvikvm: GC_CONCURRENT freed 837K, 11% free 10500K/11719K, paused 1ms+2ms
07-05 12:14:41.920   545   548 D dalvikvm: GC_CONCURRENT freed 408K, 11% free 10487K/11719K, paused 2ms+2ms
07-05 12:14:43.623   545 16007 I DownloadManager: Initiating request for download 1857
07-05 12:14:43.654   545   548 D dalvikvm: GC_CONCURRENT freed 383K, 11% free 10522K/11719K, paused 1ms+2ms
07-05 12:14:43.767   545   548 D dalvikvm: GC_CONCURRENT freed 238K, 9% free 10742K/11719K, paused 2ms+3ms
07-05 12:14:43.904   545   548 D dalvikvm: GC_CONCURRENT freed 459K, 9% free 10760K/11719K, paused 2ms+2ms
07-05 12:14:44.119   545  7239 D dalvikvm: GC_EXPLICIT freed 687K, 11% free 10487K/11719K, paused 2ms+3ms
07-05 12:14:44.123  1370 16010 E DictionaryProvider:UpdateHandler: Can't read a file : android.util.MalformedJsonException: Use JsonReader.setLenient(true) to accept malformed JSON at line 1 column 20
07-05 12:14:44.322   545   548 D dalvikvm: GC_CONCURRENT freed 428K, 11% free 10454K/11719K, paused 2ms+2ms
07-05 12:14:44.435   545 16013 I DownloadManager: Initiating request for download 1857
07-05 12:14:44.502   545   548 D dalvikvm: GC_CONCURRENT freed 327K, 11% free 10524K/11719K, paused 2ms+2ms
07-05 12:14:44.607   545   548 D dalvikvm: GC_CONCURRENT freed 228K, 8% free 10782K/11719K, paused 2ms+3ms
07-05 12:14:44.732   545   548 D dalvikvm: GC_CONCURRENT freed 512K, 9% free 10759K/11719K, paused 2ms+2ms
07-05 12:14:44.963   545   548 D dalvikvm: GC_CONCURRENT freed 761K, 11% free 10460K/11719K, paused 2ms+3ms
07-05 12:14:45.146   545   548 D dalvikvm: GC_CONCURRENT freed 414K, 11% free 10442K/11719K, paused 2ms+2ms
07-05 12:14:45.248   545 16016 I DownloadManager: Initiating request for download 1858
07-05 12:14:45.342   545   548 D dalvikvm: GC_CONCURRENT freed 227K, 9% free 10671K/11719K, paused 1ms+2ms
07-05 12:14:45.451   545   548 D dalvikvm: GC_CONCURRENT freed 327K, 8% free 10867K/11719K, paused 2ms+3ms
07-05 12:14:45.670  1370 16018 E DictionaryProvider:UpdateHandler: Can't read a file : android.util.MalformedJsonException: Use JsonReader.setLenient(true) to accept malformed JSON at line 1 column 20
07-05 12:14:45.689   545   548 D dalvikvm: GC_CONCURRENT freed 900K, 11% free 10489K/11719K, paused 2ms+3ms
07-05 12:14:45.873   545   548 D dalvikvm: GC_CONCURRENT freed 422K, 11% free 10462K/11719K, paused 2ms+3ms
07-05 12:14:45.994   545 16020 I DownloadManager: Initiating request for download 1858
07-05 12:14:46.080   545   548 D dalvikvm: GC_CONCURRENT freed 353K, 10% free 10553K/11719K, paused 2ms+3ms
07-05 12:14:46.181   545   548 D dalvikvm: GC_CONCURRENT freed 236K, 9% free 10763K/11719K, paused 1ms+3ms
07-05 12:14:46.303   545   548 D dalvikvm: GC_CONCURRENT freed 476K, 9% free 10762K/11719K, paused 2ms+3ms
07-05 12:14:46.533   545   548 D dalvikvm: GC_CONCURRENT freed 757K, 11% free 10467K/11719K, paused 2ms+3ms
07-05 12:14:46.732   545   548 D dalvikvm: GC_CONCURRENT freed 415K, 11% free 10447K/11719K, paused 2ms+3ms
07-05 12:14:46.842   545 16024 I DownloadManager: Initiating request for download 1859
07-05 12:14:46.931   545   548 D dalvikvm: GC_CONCURRENT freed 240K, 10% free 10660K/11719K, paused 2ms+3ms
07-05 12:14:47.037   545   548 D dalvikvm: GC_CONCURRENT freed 323K, 8% free 10840K/11719K, paused 1ms+2ms
07-05 12:14:47.220   545   548 D dalvikvm: GC_CONCURRENT freed 854K, 11% free 10477K/11719K, paused 1ms+3ms
07-05 12:14:47.271  1370 16026 E DictionaryProvider:UpdateHandler: Can't read a file : android.util.MalformedJsonException: Use JsonReader.setLenient(true) to accept malformed JSON at line 1 column 20
07-05 12:14:47.451   545   548 D dalvikvm: GC_CONCURRENT freed 405K, 11% free 10468K/11719K, paused 1ms+2ms
07-05 12:14:47.635   545   548 D dalvikvm: GC_CONCURRENT freed 419K, 11% free 10444K/11719K, paused 2ms+2ms
07-05 12:14:47.662   545 16029 I DownloadManager: Initiating request for download 1859
07-05 12:14:47.756   545   548 D dalvikvm: GC_CONCURRENT freed 184K, 9% free 10719K/11719K, paused 2ms+3ms
07-05 12:14:47.865   545   548 D dalvikvm: GC_CONCURRENT freed 424K, 9% free 10767K/11719K, paused 2ms+2ms
07-05 12:14:48.080   545   548 D dalvikvm: GC_CONCURRENT freed 758K, 11% free 10474K/11719K, paused 2ms+3ms
07-05 12:14:48.267   545   548 D dalvikvm: GC_CONCURRENT freed 416K, 11% free 10454K/11719K, paused 2ms+3ms
07-05 12:14:48.412   545 16032 I DownloadManager: Initiating request for download 1860
07-05 12:14:48.467   545   548 D dalvikvm: GC_CONCURRENT freed 331K, 11% free 10525K/11719K, paused 2ms+2ms
07-05 12:14:48.564   545   548 D dalvikvm: GC_CONCURRENT freed 218K, 9% free 10757K/11719K, paused 1ms+3ms
07-05 12:14:48.681   545   548 D dalvikvm: GC_CONCURRENT freed 475K, 9% free 10766K/11719K, paused 2ms+2ms
07-05 12:14:48.830  1370 16034 E DictionaryProvider:UpdateHandler: Can't read a file : android.util.MalformedJsonException: Use JsonReader.setLenient(true) to accept malformed JSON at line 1 column 20
07-05 12:14:48.873  1370  1372 D dalvikvm: GC_CONCURRENT freed 390K, 7% free 9126K/9735K, paused 2ms+2ms
07-05 12:14:48.963   545   548 D dalvikvm: GC_CONCURRENT freed 753K, 11% free 10478K/11719K, paused 1ms+2ms
07-05 12:14:49.146   545   548 D dalvikvm: GC_CONCURRENT freed 421K, 11% free 10452K/11719K, paused 2ms+3ms
07-05 12:14:49.232   545 16037 I DownloadManager: Initiating request for download 1860
07-05 12:14:49.306   545   548 D dalvikvm: GC_CONCURRENT freed 260K, 10% free 10649K/11719K, paused 1ms+3ms
07-05 12:14:49.412   545   548 D dalvikvm: GC_CONCURRENT freed 321K, 8% free 10833K/11719K, paused 2ms+3ms
07-05 12:14:49.588   545   548 D dalvikvm: GC_CONCURRENT freed 811K, 11% free 10514K/11719K, paused 2ms+2ms
07-05 12:14:49.783   545   548 D dalvikvm: GC_CONCURRENT freed 441K, 11% free 10467K/11719K, paused 2ms+2ms
07-05 12:14:49.959   545   548 D dalvikvm: GC_CONCURRENT freed 414K, 11% free 10448K/11719K, paused 2ms+3ms
07-05 12:14:50.095   156   568 D dalvikvm: GC_EXPLICIT freed 490K, 11% free 14196K/15879K, paused 2ms+5ms
07-05 12:14:50.099   545 16040 I DownloadManager: Initiating request for download 1861
07-05 12:14:50.260   545   548 D dalvikvm: GC_CONCURRENT freed 210K, 9% free 10695K/11719K, paused 2ms+15ms
07-05 12:14:50.369   545   548 D dalvikvm: GC_CONCURRENT freed 345K, 8% free 10825K/11719K, paused 2ms+3ms
07-05 12:14:50.560   545   548 D dalvikvm: GC_CONCURRENT freed 808K, 11% free 10500K/11719K, paused 2ms+2ms
07-05 12:14:50.627  1370 16042 E DictionaryProvider:UpdateHandler: Can't read a file : android.util.MalformedJsonException: Use JsonReader.setLenient(true) to accept malformed JSON at line 1 column 20
07-05 12:14:50.795   545   548 D dalvikvm: GC_CONCURRENT freed 440K, 11% free 10455K/11719K, paused 2ms+2ms
07-05 12:14:50.928   545 16045 I DownloadManager: Initiating request for download 1861
07-05 12:14:50.994   545   548 D dalvikvm: GC_CONCURRENT freed 358K, 11% free 10533K/11719K, paused 1ms+2ms
07-05 12:14:51.092   545   548 D dalvikvm: GC_CONCURRENT freed 234K, 9% free 10757K/11719K, paused 1ms+3ms
07-05 12:14:51.213   545   548 D dalvikvm: GC_CONCURRENT freed 483K, 9% free 10758K/11719K, paused 1ms+3ms
07-05 12:14:51.443   545   548 D dalvikvm: GC_CONCURRENT freed 762K, 11% free 10458K/11719K, paused 2ms+2ms
07-05 12:14:51.623   545   548 D dalvikvm: GC_CONCURRENT freed 414K, 11% free 10440K/11719K, paused 1ms+3ms
07-05 12:14:51.728   545 16048 I DownloadManager: Initiating request for download 1862
07-05 12:14:51.814   545   548 D dalvikvm: GC_CONCURRENT freed 229K, 10% free 10649K/11719K, paused 2ms+2ms
07-05 12:14:51.920   545   548 D dalvikvm: GC_CONCURRENT freed 321K, 8% free 10830K/11719K, paused 2ms+3ms
07-05 12:14:52.084   545   548 D dalvikvm: GC_CONCURRENT freed 814K, 11% free 10503K/11719K, paused 1ms+2ms
07-05 12:14:52.138  1370 16050 E DictionaryProvider:UpdateHandler: Can't read a file : android.util.MalformedJsonException: Use JsonReader.setLenient(true) to accept malformed JSON at line 1 column 20
07-05 12:14:52.303   545   548 D dalvikvm: GC_CONCURRENT freed 431K, 11% free 10467K/11719K, paused 2ms+2ms
07-05 12:14:52.490   545   548 D dalvikvm: GC_CONCURRENT freed 420K, 11% free 10442K/11719K, paused 2ms+2ms
07-05 12:14:52.525   545 16052 I DownloadManager: Initiating request for download 1862
07-05 12:14:52.599   545   548 D dalvikvm: GC_CONCURRENT freed 193K, 9% free 10707K/11719K, paused 1ms+3ms
07-05 12:14:52.670   545   548 D dalvikvm: GC_CONCURRENT freed 294K, 8% free 10867K/11719K, paused 2ms+3ms
07-05 12:14:53.994   545   548 D dalvikvm: GC_CONCURRENT freed 897K, 11% free 10480K/11719K, paused 2ms+2ms
07-05 12:14:54.178   545   548 D dalvikvm: GC_CONCURRENT freed 428K, 11% free 10447K/11719K, paused 2ms+2ms
07-05 12:14:54.342   545 16056 I DownloadManager: Initiating request for download 1863
07-05 12:14:54.424   545   548 D dalvikvm: GC_CONCURRENT freed 330K, 11% free 10517K/11719K, paused 3ms+2ms
07-05 12:14:54.529   545   548 D dalvikvm: GC_CONCURRENT freed 207K, 9% free 10744K/11719K, paused 2ms+2ms
07-05 12:14:54.650   545   548 D dalvikvm: GC_CONCURRENT freed 456K, 9% free 10761K/11719K, paused 2ms+2ms
07-05 12:14:54.818  1370 16058 E DictionaryProvider:UpdateHandler: Can't read a file : android.util.MalformedJsonException: Use JsonReader.setLenient(true) to accept malformed JSON at line 1 column 20
07-05 12:14:54.888   545   548 D dalvikvm: GC_CONCURRENT freed 744K, 11% free 10477K/11719K, paused 2ms+3ms
07-05 12:14:55.072   545   548 D dalvikvm: GC_CONCURRENT freed 424K, 11% free 10448K/11719K, paused 2ms+3ms
07-05 12:14:55.178   545 16061 I DownloadManager: Initiating request for download 1863
07-05 12:14:55.256   545   548 D dalvikvm: GC_CONCURRENT freed 276K, 10% free 10630K/11719K, paused 2ms+3ms
07-05 12:14:55.361   545   548 D dalvikvm: GC_CONCURRENT freed 318K, 8% free 10890K/11719K, paused 2ms+3ms
07-05 12:14:55.537   545   548 D dalvikvm: GC_CONCURRENT freed 891K, 11% free 10508K/11719K, paused 2ms+2ms
07-05 12:14:55.736   545   548 D dalvikvm: GC_CONCURRENT freed 446K, 11% free 10457K/11719K, paused 2ms+2ms
07-05 12:14:55.947   545   548 D dalvikvm: GC_CONCURRENT freed 411K, 11% free 10468K/11719K, paused 2ms+3ms
07-05 12:14:55.947   545 16064 I DownloadManager: Initiating request for download 1864
07-05 12:14:56.076   545   548 D dalvikvm: GC_CONCURRENT freed 193K, 9% free 10734K/11719K, paused 2ms+3ms
07-05 12:14:56.185   545   548 D dalvikvm: GC_CONCURRENT freed 445K, 9% free 10765K/11719K, paused 2ms+2ms
07-05 12:14:56.330  1370 16066 E DictionaryProvider:UpdateHandler: Can't read a file : android.util.MalformedJsonException: Use JsonReader.setLenient(true) to accept malformed JSON at line 1 column 20
07-05 12:14:56.361  1370  1372 D dalvikvm: GC_CONCURRENT freed 386K, 7% free 9133K/9735K, paused 1ms+3ms
07-05 12:14:56.451   545   548 D dalvikvm: GC_CONCURRENT freed 750K, 11% free 10476K/11719K, paused 2ms+3ms
07-05 12:14:56.635   545   548 D dalvikvm: GC_CONCURRENT freed 411K, 11% free 10453K/11719K, paused 2ms+2ms
07-05 12:14:56.752   545 16069 I DownloadManager: Initiating request for download 1864
07-05 12:14:56.834   545   548 D dalvikvm: GC_CONCURRENT freed 314K, 10% free 10597K/11719K, paused 2ms+3ms
07-05 12:14:56.931   545   548 D dalvikvm: GC_CONCURRENT freed 288K, 8% free 10788K/11719K, paused 2ms+3ms
07-05 12:14:57.064   545   548 D dalvikvm: GC_CONCURRENT freed 762K, 11% free 10514K/11719K, paused 2ms+3ms
07-05 12:14:57.275   545   548 D dalvikvm: GC_CONCURRENT freed 439K, 11% free 10470K/11719K, paused 1ms+3ms
07-05 12:14:57.467   545   548 D dalvikvm: GC_CONCURRENT freed 416K, 11% free 10449K/11719K, paused 1ms+3ms
07-05 12:14:57.564   545 16072 I DownloadManager: Initiating request for download 1865
07-05 12:14:57.654   545   548 D dalvikvm: GC_CONCURRENT freed 225K, 10% free 10663K/11719K, paused 2ms+3ms
07-05 12:14:57.760   545   548 D dalvikvm: GC_CONCURRENT freed 327K, 8% free 10862K/11719K, paused 2ms+3ms
07-05 12:14:57.974  1370 16074 E DictionaryProvider:UpdateHandler: Can't read a file : android.util.MalformedJsonException: Use JsonReader.setLenient(true) to accept malformed JSON at line 1 column 20
07-05 12:14:57.994   545   548 D dalvikvm: GC_CONCURRENT freed 894K, 11% free 10494K/11719K, paused 2ms+2ms
07-05 12:14:58.178   545   548 D dalvikvm: GC_CONCURRENT freed 426K, 11% free 10463K/11719K, paused 2ms+2ms
07-05 12:14:58.334   545 16077 I DownloadManager: Initiating request for download 1865
07-05 12:14:58.361   545   548 D dalvikvm: GC_CONCURRENT freed 400K, 11% free 10495K/11719K, paused 2ms+4ms
07-05 12:14:58.470   545   548 D dalvikvm: GC_CONCURRENT freed 200K, 9% free 10747K/11719K, paused 2ms+2ms
07-05 12:14:58.588   545   548 D dalvikvm: GC_CONCURRENT freed 444K, 9% free 10771K/11719K, paused 2ms+2ms
07-05 12:14:58.826   545   548 D dalvikvm: GC_CONCURRENT freed 765K, 11% free 10484K/11719K, paused 2ms+2ms
07-05 12:14:59.006   545   548 D dalvikvm: GC_CONCURRENT freed 426K, 11% free 10454K/11719K, paused 2ms+2ms
07-05 12:14:59.138   545 16080 I DownloadManager: Initiating request for download 1866
07-05 12:14:59.220   545   548 D dalvikvm: GC_CONCURRENT freed 270K, 10% free 10642K/11719K, paused 2ms+3ms
07-05 12:14:59.326   545   548 D dalvikvm: GC_CONCURRENT freed 321K, 8% free 10822K/11719K, paused 2ms+3ms
07-05 12:14:59.486   545   548 D dalvikvm: GC_CONCURRENT freed 792K, 11% free 10517K/11719K, paused 2ms+3ms
07-05 12:14:59.580  1370 16082 E DictionaryProvider:UpdateHandler: Can't read a file : android.util.MalformedJsonException: Use JsonReader.setLenient(true) to accept malformed JSON at line 1 column 20
07-05 12:14:59.728   545   548 D dalvikvm: GC_CONCURRENT freed 436K, 11% free 10476K/11719K, paused 1ms+2ms
07-05 12:14:59.908   545   548 D dalvikvm: GC_CONCURRENT freed 418K, 11% free 10452K/11719K, paused 2ms+2ms
07-05 12:14:59.967   545 16085 I DownloadManager: Initiating request for download 1866
07-05 12:15:00.084   545   548 D dalvikvm: GC_CONCURRENT freed 219K, 9% free 10693K/11719K, paused 2ms+3ms
07-05 12:15:00.189   545   548 D dalvikvm: GC_CONCURRENT freed 341K, 8% free 10871K/11719K, paused 1ms+3ms
07-05 12:15:00.396   545   548 D dalvikvm: GC_CONCURRENT freed 856K, 11% free 10511K/11719K, paused 1ms+2ms
07-05 12:15:00.599   545   548 D dalvikvm: GC_CONCURRENT freed 441K, 11% free 10464K/11719K, paused 2ms+3ms
07-05 12:15:00.779   545 16088 I DownloadManager: Initiating request for download 1867
07-05 12:15:00.826   545   548 D dalvikvm: GC_CONCURRENT freed 354K, 11% free 10502K/11719K, paused 2ms+3ms
07-05 12:15:00.943   545   548 D dalvikvm: GC_CONCURRENT freed 206K, 9% free 10756K/11719K, paused 2ms+2ms
07-05 12:15:01.045   545   548 D dalvikvm: GC_CONCURRENT freed 464K, 9% free 10775K/11719K, paused 2ms+2ms
07-05 12:15:01.256  1370 16090 E DictionaryProvider:UpdateHandler: Can't read a file : android.util.MalformedJsonException: Use JsonReader.setLenient(true) to accept malformed JSON at line 1 column 20
07-05 12:15:01.279   545   548 D dalvikvm: GC_CONCURRENT freed 771K, 11% free 10492K/11719K, paused 2ms+3ms
07-05 12:15:01.474   545   548 D dalvikvm: GC_CONCURRENT freed 429K, 11% free 10458K/11719K, paused 2ms+3ms
07-05 12:15:01.588   545 16093 I DownloadManager: Initiating request for download 1867
07-05 12:15:01.670   545   548 D dalvikvm: GC_CONCURRENT freed 266K, 10% free 10649K/11719K, paused 1ms+3ms
07-05 12:15:01.771   545   548 D dalvikvm: GC_CONCURRENT freed 322K, 8% free 10829K/11719K, paused 1ms+4ms
07-05 12:15:01.947   545   548 D dalvikvm: GC_CONCURRENT freed 795K, 11% free 10530K/11719K, paused 2ms+3ms
07-05 12:15:02.158   545   548 D dalvikvm: GC_CONCURRENT freed 452K, 11% free 10473K/11719K, paused 2ms+3ms
07-05 12:15:02.342   545   548 D dalvikvm: GC_CONCURRENT freed 405K, 11% free 10455K/11719K, paused 2ms+2ms
07-05 12:15:02.412   545 16096 I DownloadManager: Initiating request for download 1868
07-05 12:15:02.525   545   548 D dalvikvm: GC_CONCURRENT freed 205K, 9% free 10709K/11719K, paused 2ms+3ms
07-05 12:15:02.627   545   548 D dalvikvm: GC_CONCURRENT freed 337K, 8% free 10885K/11719K, paused 2ms+2ms
07-05 12:15:02.799  1370 16098 E DictionaryProvider:UpdateHandler: Can't read a file : android.util.MalformedJsonException: Use JsonReader.setLenient(true) to accept malformed JSON at line 1 column 20
07-05 12:15:02.834  1370  1372 D dalvikvm: GC_CONCURRENT freed 395K, 7% free 9127K/9735K, paused 2ms+4ms
07-05 12:15:02.900   545   548 D dalvikvm: GC_CONCURRENT freed 901K, 11% free 10490K/11719K, paused 2ms+2ms
07-05 12:15:03.072   545   548 D dalvikvm: GC_CONCURRENT freed 422K, 11% free 10464K/11719K, paused 2ms+2ms
07-05 12:15:03.193   545 16101 I DownloadManager: Initiating request for download 1868
07-05 12:15:03.252   545   548 D dalvikvm: GC_CONCURRENT freed 339K, 11% free 10533K/11719K, paused 2ms+2ms
07-05 12:15:03.353   545   548 D dalvikvm: GC_CONCURRENT freed 221K, 9% free 10771K/11719K, paused 2ms+2ms
07-05 12:15:03.470   545   548 D dalvikvm: GC_CONCURRENT freed 478K, 9% free 10780K/11719K, paused 2ms+3ms
07-05 12:15:03.709   545   548 D dalvikvm: GC_CONCURRENT freed 768K, 11% free 10480K/11719K, paused 2ms+3ms
07-05 12:15:03.888   545   548 D dalvikvm: GC_CONCURRENT freed 415K, 11% free 10460K/11719K, paused 1ms+3ms
07-05 12:15:04.013   545 16104 I DownloadManager: Initiating request for download 1869
07-05 12:15:04.111   545   548 D dalvikvm: GC_CONCURRENT freed 248K, 10% free 10664K/11719K, paused 2ms+3ms
07-05 12:15:04.220   545   548 D dalvikvm: GC_CONCURRENT freed 340K, 8% free 10833K/11719K, paused 1ms+4ms
07-05 12:15:04.377   545   548 D dalvikvm: GC_CONCURRENT freed 798K, 11% free 10525K/11719K, paused 2ms+2ms
07-05 12:15:04.533   156   514 D dalvikvm: GC_EXPLICIT freed 568K, 11% free 14200K/15879K, paused 3ms+5ms
07-05 12:15:04.537  1370 16106 E DictionaryProvider:UpdateHandler: Can't read a file : android.util.MalformedJsonException: Use JsonReader.setLenient(true) to accept malformed JSON at line 1 column 20
07-05 12:15:04.603  1370  1404 D dalvikvm: GC_EXPLICIT freed 161K, 7% free 9096K/9735K, paused 2ms+2ms
07-05 12:15:04.713   545   548 D dalvikvm: GC_CONCURRENT freed 427K, 11% free 10485K/11719K, paused 1ms+2ms
07-05 12:15:04.904   545   548 D dalvikvm: GC_CONCURRENT freed 437K, 11% free 10443K/11719K, paused 1ms+2ms
07-05 12:15:04.947   545 16109 I DownloadManager: Initiating request for download 1869
07-05 12:15:05.033   545   548 D dalvikvm: GC_CONCURRENT freed 201K, 9% free 10696K/11719K, paused 2ms+3ms
07-05 12:15:05.142   545   548 D dalvikvm: GC_CONCURRENT freed 328K, 8% free 10887K/11719K, paused 2ms+3ms
07-05 12:15:05.357   545   548 D dalvikvm: GC_CONCURRENT freed 916K, 11% free 10470K/11719K, paused 1ms+2ms
07-05 12:15:05.537   545   548 D dalvikvm: GC_CONCURRENT freed 412K, 11% free 10453K/11719K, paused 2ms+3ms
07-05 12:15:05.693   545 16112 I DownloadManager: Initiating request for download 1870
07-05 12:15:05.740   545   548 D dalvikvm: GC_CONCURRENT freed 335K, 11% free 10524K/11719K, paused 1ms+2ms
07-05 12:15:05.845   545   548 D dalvikvm: GC_CONCURRENT freed 223K, 9% free 10760K/11719K, paused 2ms+3ms
07-05 12:15:05.959   545   548 D dalvikvm: GC_CONCURRENT freed 475K, 9% free 10769K/11719K, paused 1ms+3ms
07-05 12:15:06.115  1370 16114 E DictionaryProvider:UpdateHandler: Can't read a file : android.util.MalformedJsonException: Use JsonReader.setLenient(true) to accept malformed JSON at line 1 column 20
07-05 12:15:06.224   545   548 D dalvikvm: GC_CONCURRENT freed 757K, 11% free 10480K/11719K, paused 2ms+2ms
07-05 12:15:06.416   545   548 D dalvikvm: GC_CONCURRENT freed 420K, 11% free 10452K/11719K, paused 2ms+2ms
07-05 12:15:06.506   545 16117 I DownloadManager: Initiating request for download 1870
07-05 12:15:06.595   545   548 D dalvikvm: GC_CONCURRENT freed 258K, 10% free 10641K/11719K, paused 2ms+2ms
07-05 12:15:06.705   545   548 D dalvikvm: GC_CONCURRENT freed 321K, 8% free 10827K/11719K, paused 2ms+3ms
07-05 12:15:06.857   545   548 D dalvikvm: GC_CONCURRENT freed 804K, 11% free 10515K/11719K, paused 1ms+3ms
07-05 12:15:06.959   545 16117 D dalvikvm: GC_EXPLICIT freed 139K, 11% free 10504K/11719K, paused 2ms+4ms
07-05 12:15:07.138   545   548 D dalvikvm: GC_CONCURRENT freed 441K, 11% free 10458K/11719K, paused 2ms+2ms
07-05 12:15:07.342   545 16120 I DownloadManager: Initiating request for download 1871
07-05 12:15:07.373   545   548 D dalvikvm: GC_CONCURRENT freed 372K, 11% free 10493K/11719K, paused 3ms+7ms
07-05 12:15:07.494   545   548 D dalvikvm: GC_CONCURRENT freed 205K, 9% free 10748K/11719K, paused 1ms+2ms
07-05 12:15:07.611   545   548 D dalvikvm: GC_CONCURRENT freed 457K, 9% free 10772K/11719K, paused 2ms+4ms
07-05 12:15:07.771  1370 16122 E DictionaryProvider:UpdateHandler: Can't read a file : android.util.MalformedJsonException: Use JsonReader.setLenient(true) to accept malformed JSON at line 1 column 20
07-05 12:15:07.869   545   548 D dalvikvm: GC_CONCURRENT freed 751K, 11% free 10482K/11719K, paused 2ms+3ms
07-05 12:15:08.041   545   548 D dalvikvm: GC_CONCURRENT freed 421K, 11% free 10456K/11719K, paused 2ms+2ms
07-05 12:15:08.146   545 16125 I DownloadManager: Initiating request for download 1871
07-05 12:15:08.220   545   548 D dalvikvm: GC_CONCURRENT freed 293K, 10% free 10621K/11719K, paused 1ms+3ms
07-05 12:15:08.318   545   548 D dalvikvm: GC_CONCURRENT freed 296K, 8% free 10808K/11719K, paused 2ms+2ms
07-05 12:15:08.467   545   548 D dalvikvm: GC_CONCURRENT freed 768K, 11% free 10520K/11719K, paused 2ms+2ms
07-05 12:15:08.666   545   548 D dalvikvm: GC_CONCURRENT freed 439K, 11% free 10473K/11719K, paused 1ms+2ms
07-05 12:15:08.849   545   548 D dalvikvm: GC_CONCURRENT freed 415K, 11% free 10453K/11719K, paused 1ms+3ms
07-05 12:15:08.951   545 16128 I DownloadManager: Initiating request for download 1872
07-05 12:15:09.045   545   548 D dalvikvm: GC_CONCURRENT freed 235K, 9% free 10670K/11719K, paused 1ms+2ms
07-05 12:15:09.150   545   548 D dalvikvm: GC_CONCURRENT freed 342K, 8% free 10838K/11719K, paused 2ms+3ms
07-05 12:15:09.318   545   548 D dalvikvm: GC_CONCURRENT freed 815K, 11% free 10516K/11719K, paused 1ms+2ms
07-05 12:15:09.510   545   548 D dalvikvm: GC_CONCURRENT freed 441K, 11% free 10470K/11719K, paused 2ms+3ms
07-05 12:15:09.701   545   548 D dalvikvm: GC_CONCURRENT freed 413K, 11% free 10452K/11719K, paused 2ms+2ms
07-05 12:15:10.490  1370 16130 E DictionaryProvider:UpdateHandler: Can't read a file : android.util.MalformedJsonException: Use JsonReader.setLenient(true) to accept malformed JSON at line 1 column 20
07-05 12:15:10.662   545   548 D dalvikvm: GC_CONCURRENT freed 352K, 11% free 10499K/11719K, paused 2ms+2ms
07-05 12:15:10.834   545   548 D dalvikvm: GC_CONCURRENT freed 434K, 11% free 10460K/11719K, paused 2ms+2ms
07-05 12:15:11.006   545   548 D dalvikvm: GC_CONCURRENT freed 378K, 11% free 10488K/11719K, paused 1ms+3ms
07-05 12:15:11.244   545   548 D dalvikvm: GC_CONCURRENT freed 411K, 11% free 10473K/11719K, paused 2ms+2ms
07-05 12:15:11.424   545   548 D dalvikvm: GC_CONCURRENT freed 409K, 11% free 10460K/11719K, paused 2ms+2ms
07-05 12:15:11.603   545 16133 I DownloadManager: Initiating request for download 1873
07-05 12:15:11.701   545   548 D dalvikvm: GC_CONCURRENT freed 312K, 10% free 10590K/11719K, paused 3ms+3ms
07-05 12:15:11.799   545   548 D dalvikvm: GC_CONCURRENT freed 268K, 8% free 10794K/11719K, paused 1ms+3ms
07-05 12:15:11.924   545   548 D dalvikvm: GC_CONCURRENT freed 498K, 9% free 10775K/11719K, paused 2ms+3ms
07-05 12:15:12.099  1370 16135 E DictionaryProvider:UpdateHandler: Can't read a file : android.util.MalformedJsonException: Use JsonReader.setLenient(true) to accept malformed JSON at line 1 column 20
07-05 12:15:12.174   545   548 D dalvikvm: GC_CONCURRENT freed 758K, 11% free 10485K/11719K, paused 2ms+2ms
07-05 12:15:12.361   545   548 D dalvikvm: GC_CONCURRENT freed 419K, 11% free 10461K/11719K, paused 2ms+3ms
07-05 12:15:12.443   545 16137 I DownloadManager: Initiating request for download 1873
07-05 12:15:12.513   545   548 D dalvikvm: GC_CONCURRENT freed 238K, 9% free 10680K/11719K, paused 2ms+3ms
07-05 12:15:12.592   545   548 D dalvikvm: GC_CONCURRENT freed 316K, 8% free 10865K/11719K, paused 2ms+3ms
07-05 12:15:13.353   465   467 D dalvikvm: GC_CONCURRENT freed 154K, 6% free 10502K/11079K, paused 1ms+3ms
07-05 12:15:13.560   545   548 D dalvikvm: GC_CONCURRENT freed 873K, 11% free 10487K/11719K, paused 1ms+2ms
07-05 12:15:13.611  1370  1372 D dalvikvm: GC_CONCURRENT freed 361K, 7% free 9126K/9735K, paused 2ms+2ms
07-05 12:15:13.783   545   548 D dalvikvm: GC_CONCURRENT freed 410K, 11% free 10472K/11719K, paused 2ms+3ms
07-05 12:15:13.963   545   548 D dalvikvm: GC_CONCURRENT freed 414K, 11% free 10453K/11719K, paused 2ms+2ms
07-05 12:15:14.037   545 16141 I DownloadManager: Initiating request for download 1874
07-05 12:15:14.138   545   548 D dalvikvm: GC_CONCURRENT freed 179K, 9% free 10734K/11719K, paused 2ms+3ms
07-05 12:15:14.244   545   548 D dalvikvm: GC_CONCURRENT freed 329K, 8% free 10892K/11719K, paused 2ms+2ms
07-05 12:15:14.459  1370 16143 E DictionaryProvider:UpdateHandler: Can't read a file : android.util.MalformedJsonException: Use JsonReader.setLenient(true) to accept malformed JSON at line 1 column 20
07-05 12:15:14.513   545   548 D dalvikvm: GC_CONCURRENT freed 919K, 11% free 10495K/11719K, paused 2ms+3ms
07-05 12:15:14.697   545   548 D dalvikvm: GC_CONCURRENT freed 418K, 11% free 10464K/11719K, paused 1ms+2ms
07-05 12:15:14.826   545 16146 I DownloadManager: Initiating request for download 1874
07-05 12:15:14.904   545   548 D dalvikvm: GC_CONCURRENT freed 317K, 9% free 10686K/11719K, paused 1ms+2ms
07-05 12:15:15.010   545   548 D dalvikvm: GC_CONCURRENT freed 355K, 8% free 10847K/11719K, paused 1ms+3ms
07-05 12:15:15.181   545   548 D dalvikvm: GC_CONCURRENT freed 818K, 11% free 10525K/11719K, paused 1ms+2ms
07-05 12:15:15.353   545   548 D dalvikvm: GC_CONCURRENT freed 418K, 11% free 10502K/11719K, paused 2ms+2ms
07-05 12:15:15.525   545   548 D dalvikvm: GC_CONCURRENT freed 410K, 11% free 10487K/11719K, paused 2ms+2ms
07-05 12:15:15.959   545 16148 I DownloadManager: Initiating request for download 1875
07-05 12:15:16.045   545   548 D dalvikvm: GC_CONCURRENT freed 209K, 9% free 10721K/11719K, paused 2ms+2ms
07-05 12:15:16.154   545   548 D dalvikvm: GC_CONCURRENT freed 322K, 8% free 10894K/11719K, paused 2ms+2ms
07-05 12:15:16.365  1370 16151 E DictionaryProvider:UpdateHandler: Can't read a file : android.util.MalformedJsonException: Use JsonReader.setLenient(true) to accept malformed JSON at line 1 column 20
07-05 12:15:16.400   545   548 D dalvikvm: GC_CONCURRENT freed 915K, 11% free 10497K/11719K, paused 2ms+2ms
07-05 12:15:16.603   545   548 D dalvikvm: GC_CONCURRENT freed 423K, 11% free 10470K/11719K, paused 2ms+2ms
07-05 12:15:16.732   545 16154 I DownloadManager: Initiating request for download 1875
07-05 12:15:16.787   545   548 D dalvikvm: GC_CONCURRENT freed 363K, 11% free 10530K/11719K, paused 2ms+3ms
07-05 12:15:16.908   545   548 D dalvikvm: GC_CONCURRENT freed 218K, 9% free 10773K/11719K, paused 2ms+4ms
07-05 12:15:17.033   545   548 D dalvikvm: GC_CONCURRENT freed 474K, 8% free 10787K/11719K, paused 2ms+2ms
07-05 12:15:17.267   545   548 D dalvikvm: GC_CONCURRENT freed 775K, 11% free 10483K/11719K, paused 2ms+3ms
07-05 12:15:17.463   545   548 D dalvikvm: GC_CONCURRENT freed 414K, 11% free 10464K/11719K, paused 1ms+2ms
07-05 12:15:17.595   545 16157 I DownloadManager: Initiating request for download 1876
07-05 12:15:17.681   545   548 D dalvikvm: GC_CONCURRENT freed 252K, 10% free 10657K/11719K, paused 2ms+3ms
07-05 12:15:17.787   545   548 D dalvikvm: GC_CONCURRENT freed 328K, 8% free 10856K/11719K, paused 2ms+3ms
07-05 12:15:17.959   545   548 D dalvikvm: GC_CONCURRENT freed 828K, 11% free 10529K/11719K, paused 2ms+3ms
07-05 12:15:18.037  1370 16159 E DictionaryProvider:UpdateHandler: Can't read a file : android.util.MalformedJsonException: Use JsonReader.setLenient(true) to accept malformed JSON at line 1 column 20
07-05 12:15:18.209   545   548 D dalvikvm: GC_CONCURRENT freed 436K, 11% free 10499K/11719K, paused 2ms+2ms
07-05 12:15:18.392   545   548 D dalvikvm: GC_CONCURRENT freed 422K, 11% free 10464K/11719K, paused 1ms+2ms
07-05 12:15:18.443   545 16162 I DownloadManager: Initiating request for download 1876
07-05 12:15:18.533   545   548 D dalvikvm: GC_CONCURRENT freed 209K, 9% free 10719K/11719K, paused 2ms+3ms
07-05 12:15:18.646   545   548 D dalvikvm: GC_CONCURRENT freed 327K, 7% free 10900K/11719K, paused 2ms+3ms
07-05 12:15:18.873   545   548 D dalvikvm: GC_CONCURRENT freed 919K, 11% free 10491K/11719K, paused 2ms+2ms
07-05 12:15:19.053   545   548 D dalvikvm: GC_CONCURRENT freed 414K, 11% free 10472K/11719K, paused 2ms+2ms
07-05 12:15:19.201   545 16165 I DownloadManager: Initiating request for download 1877
07-05 12:15:19.260   545   548 D dalvikvm: GC_CONCURRENT freed 339K, 11% free 10543K/11719K, paused 2ms+2ms
07-05 12:15:19.361   545   548 D dalvikvm: GC_CONCURRENT freed 222K, 9% free 10781K/11719K, paused 1ms+2ms
07-05 12:15:19.478   545   548 D dalvikvm: GC_CONCURRENT freed 481K, 8% free 10791K/11719K, paused 1ms+2ms
07-05 12:15:19.623  1370 16167 E DictionaryProvider:UpdateHandler: Can't read a file : android.util.MalformedJsonException: Use JsonReader.setLenient(true) to accept malformed JSON at line 1 column 20
07-05 12:15:19.732   545   548 D dalvikvm: GC_CONCURRENT freed 767K, 11% free 10497K/11719K, paused 2ms+3ms
07-05 12:15:19.931   545   548 D dalvikvm: GC_CONCURRENT freed 421K, 11% free 10470K/11719K, paused 2ms+2ms
07-05 12:15:20.021   545 16170 I DownloadManager: Initiating request for download 1877
07-05 12:15:20.099   545   548 D dalvikvm: GC_CONCURRENT freed 264K, 10% free 10664K/11719K, paused 1ms+2ms
07-05 12:15:20.205   545   548 D dalvikvm: GC_CONCURRENT freed 320K, 8% free 10861K/11719K, paused 2ms+3ms
07-05 12:15:20.385   545   548 D dalvikvm: GC_CONCURRENT freed 818K, 11% free 10538K/11719K, paused 2ms+3ms
07-05 12:15:20.459  1370  1372 D dalvikvm: GC_CONCURRENT freed 387K, 7% free 9128K/9735K, paused 1ms+2ms
07-05 12:15:20.615   545   548 D dalvikvm: GC_CONCURRENT freed 444K, 11% free 10486K/11719K, paused 2ms+2ms
07-05 12:15:20.803   545   548 D dalvikvm: GC_CONCURRENT freed 409K, 11% free 10475K/11719K, paused 2ms+3ms
07-05 12:15:20.959   156   568 D dalvikvm: GC_EXPLICIT freed 489K, 11% free 14196K/15879K, paused 3ms+5ms
07-05 12:15:20.963   545 16173 I DownloadManager: Initiating request for download 1878
07-05 12:15:21.060   545   548 D dalvikvm: GC_CONCURRENT freed 211K, 9% free 10721K/11719K, paused 2ms+3ms
07-05 12:15:21.166   545   548 D dalvikvm: GC_CONCURRENT freed 367K, 8% free 10882K/11719K, paused 2ms+3ms
07-05 12:15:21.381   545   548 D dalvikvm: GC_CONCURRENT freed 916K, 11% free 10484K/11719K, paused 2ms+2ms
07-05 12:15:21.396  1370 16175 E DictionaryProvider:UpdateHandler: Can't read a file : android.util.MalformedJsonException: Use JsonReader.setLenient(true) to accept malformed JSON at line 1 column 20
07-05 12:15:21.595   545   548 D dalvikvm: GC_CONCURRENT freed 411K, 11% free 10469K/11719K, paused 2ms+3ms
07-05 12:15:21.717   545 16178 I DownloadManager: Initiating request for download 1878
07-05 12:15:21.787   545   548 D dalvikvm: GC_CONCURRENT freed 352K, 11% free 10547K/11719K, paused 2ms+3ms
07-05 12:15:21.885   545   548 D dalvikvm: GC_CONCURRENT freed 231K, 9% free 10776K/11719K, paused 2ms+3ms
07-05 12:15:22.002   545   548 D dalvikvm: GC_CONCURRENT freed 485K, 9% free 10780K/11719K, paused 2ms+3ms
07-05 12:15:22.232   545   548 D dalvikvm: GC_CONCURRENT freed 775K, 11% free 10475K/11719K, paused 2ms+3ms
07-05 12:15:22.431   545   548 D dalvikvm: GC_CONCURRENT freed 407K, 11% free 10464K/11719K, paused 2ms+2ms
07-05 12:15:22.541   545 16181 I DownloadManager: Initiating request for download 1879
07-05 12:15:22.623   545   548 D dalvikvm: GC_CONCURRENT freed 260K, 10% free 10664K/11719K, paused 1ms+3ms
07-05 12:15:22.728   545   548 D dalvikvm: GC_CONCURRENT freed 302K, 8% free 10833K/11719K, paused 1ms+3ms
07-05 12:15:22.873   545   548 D dalvikvm: GC_CONCURRENT freed 802K, 11% free 10523K/11719K, paused 2ms+3ms
07-05 12:15:23.064   545   548 D dalvikvm: GC_CONCURRENT freed 440K, 11% free 10477K/11719K, paused 2ms+2ms
07-05 12:15:23.244   545   548 D dalvikvm: GC_CONCURRENT freed 414K, 11% free 10458K/11719K, paused 2ms+2ms
07-05 12:15:24.158  1370 16183 E DictionaryProvider:UpdateHandler: Can't read a file : android.util.MalformedJsonException: Use JsonReader.setLenient(true) to accept malformed JSON at line 1 column 20
07-05 12:15:24.306   545   548 D dalvikvm: GC_CONCURRENT freed 355K, 11% free 10498K/11719K, paused 1ms+2ms
07-05 12:15:24.494   545   548 D dalvikvm: GC_CONCURRENT freed 418K, 11% free 10474K/11719K, paused 1ms+2ms
07-05 12:15:24.678   545   548 D dalvikvm: GC_CONCURRENT freed 406K, 11% free 10459K/11719K, paused 2ms+2ms
07-05 12:15:24.900   545   548 D dalvikvm: GC_CONCURRENT freed 369K, 11% free 10485K/11719K, paused 2ms+2ms
07-05 12:15:25.072   545   548 D dalvikvm: GC_CONCURRENT freed 415K, 11% free 10465K/11719K, paused 2ms+2ms
07-05 12:15:25.244   545   548 D dalvikvm: GC_CONCURRENT freed 397K, 11% free 10456K/11719K, paused 2ms+2ms
07-05 12:15:25.318   545 16186 I DownloadManager: Initiating request for download 1880
07-05 12:15:25.447   545   548 D dalvikvm: GC_CONCURRENT freed 180K, 9% free 10737K/11719K, paused 2ms+2ms
07-05 12:15:25.556   545   548 D dalvikvm: GC_CONCURRENT freed 430K, 8% free 10786K/11719K, paused 2ms+2ms
07-05 12:15:25.756   545   548 D dalvikvm: GC_CONCURRENT freed 770K, 11% free 10488K/11719K, paused 2ms+2ms
07-05 12:15:25.830  1370 16188 E DictionaryProvider:UpdateHandler: Can't read a file : android.util.MalformedJsonException: Use JsonReader.setLenient(true) to accept malformed JSON at line 1 column 20
07-05 12:15:25.990   545   548 D dalvikvm: GC_CONCURRENT freed 405K, 11% free 10489K/11719K, paused 2ms+2ms
07-05 12:15:26.135   545 16191 I DownloadManager: Initiating request for download 1880
07-05 12:15:26.162   545   548 D dalvikvm: GC_CONCURRENT freed 385K, 11% free 10506K/11719K, paused 1ms+2ms
07-05 12:15:26.271   545   548 D dalvikvm: GC_CONCURRENT freed 203K, 9% free 10763K/11719K, paused 2ms+3ms
07-05 12:15:26.381   545   548 D dalvikvm: GC_CONCURRENT freed 453K, 8% free 10787K/11719K, paused 2ms+2ms
07-05 12:15:26.603   545   548 D dalvikvm: GC_CONCURRENT freed 770K, 11% free 10485K/11719K, paused 2ms+3ms
07-05 12:15:26.783   545   548 D dalvikvm: GC_CONCURRENT freed 408K, 11% free 10466K/11719K, paused 2ms+2ms
07-05 12:15:26.939   545 16194 I DownloadManager: Initiating request for download 1881
07-05 12:15:27.041   545   548 D dalvikvm: GC_CONCURRENT freed 298K, 10% free 10627K/11719K, paused 2ms+3ms
07-05 12:15:27.142   545   548 D dalvikvm: GC_CONCURRENT freed 305K, 8% free 10820K/11719K, paused 2ms+3ms
07-05 12:15:27.279   545   548 D dalvikvm: GC_CONCURRENT freed 774K, 11% free 10529K/11719K, paused 2ms+3ms
07-05 12:15:27.377  1370 16196 E DictionaryProvider:UpdateHandler: Can't read a file : android.util.MalformedJsonException: Use JsonReader.setLenient(true) to accept malformed JSON at line 1 column 20
07-05 12:15:27.513   545   548 D dalvikvm: GC_CONCURRENT freed 433K, 11% free 10491K/11719K, paused 2ms+3ms
07-05 12:15:27.701   545   548 D dalvikvm: GC_CONCURRENT freed 420K, 11% free 10465K/11719K, paused 2ms+2ms
07-05 12:15:27.787   545 16199 I DownloadManager: Initiating request for download 1881
07-05 12:15:27.865   545   548 D dalvikvm: GC_CONCURRENT freed 247K, 9% free 10671K/11719K, paused 2ms+3ms
07-05 12:15:27.970   545   548 D dalvikvm: GC_CONCURRENT freed 327K, 8% free 10857K/11719K, paused 2ms+3ms
07-05 12:15:28.142   545   548 D dalvikvm: GC_CONCURRENT freed 830K, 11% free 10528K/11719K, paused 2ms+2ms
07-05 12:15:28.342   545   548 D dalvikvm: GC_CONCURRENT freed 440K, 11% free 10479K/11719K, paused 1ms+2ms
07-05 12:15:28.513   545   548 D dalvikvm: GC_CONCURRENT freed 405K, 11% free 10465K/11719K, paused 2ms+2ms
07-05 12:15:28.580   545 16202 I DownloadManager: Initiating request for download 1882
07-05 12:15:28.678   545   548 D dalvikvm: GC_CONCURRENT freed 178K, 9% free 10709K/11719K, paused 2ms+3ms
07-05 12:15:28.779   545   548 D dalvikvm: GC_CONCURRENT freed 327K, 8% free 10896K/11719K, paused 2ms+3ms
07-05 12:15:29.002  1370 16204 E DictionaryProvider:UpdateHandler: Can't read a file : android.util.MalformedJsonException: Use JsonReader.setLenient(true) to accept malformed JSON at line 1 column 20
07-05 12:15:29.013  1370  1372 D dalvikvm: GC_CONCURRENT freed 431K, 7% free 9131K/9735K, paused 1ms+6ms
07-05 12:15:29.056   545   548 D dalvikvm: GC_CONCURRENT freed 921K, 11% free 10510K/11719K, paused 2ms+2ms
07-05 12:15:29.263   545   548 D dalvikvm: GC_CONCURRENT freed 432K, 11% free 10473K/11719K, paused 2ms+3ms
07-05 12:15:29.408   545 16207 I DownloadManager: Initiating request for download 1882
07-05 12:15:29.447   545   548 D dalvikvm: GC_CONCURRENT freed 372K, 11% free 10508K/11719K, paused 2ms+4ms
07-05 12:15:29.564   545   548 D dalvikvm: GC_CONCURRENT freed 201K, 9% free 10766K/11719K, paused 3ms+3ms
07-05 12:15:29.681   545   548 D dalvikvm: GC_CONCURRENT freed 460K, 8% free 10793K/11719K, paused 2ms+3ms
07-05 12:15:29.904   545   548 D dalvikvm: GC_CONCURRENT freed 777K, 11% free 10490K/11719K, paused 2ms+2ms
07-05 12:15:30.080   545   548 D dalvikvm: GC_CONCURRENT freed 416K, 11% free 10468K/11719K, paused 1ms+2ms
07-05 12:15:30.209   545 16210 I DownloadManager: Initiating request for download 1883
07-05 12:15:30.299   545   548 D dalvikvm: GC_CONCURRENT freed 282K, 10% free 10630K/11719K, paused 2ms+3ms
07-05 12:15:30.396   545   548 D dalvikvm: GC_CONCURRENT freed 277K, 8% free 10810K/11719K, paused 2ms+3ms
07-05 12:15:30.529   545   548 D dalvikvm: GC_CONCURRENT freed 505K, 8% free 10794K/11719K, paused 2ms+3ms
07-05 12:15:30.666  1370 16212 E DictionaryProvider:UpdateHandler: Can't read a file : android.util.MalformedJsonException: Use JsonReader.setLenient(true) to accept malformed JSON at line 1 column 20
07-05 12:15:30.799   545   548 D dalvikvm: GC_CONCURRENT freed 771K, 11% free 10494K/11719K, paused 2ms+2ms
07-05 12:15:30.982   545   548 D dalvikvm: GC_CONCURRENT freed 421K, 11% free 10468K/11719K, paused 2ms+2ms
07-05 12:15:31.056   545 16215 I DownloadManager: Initiating request for download 1883
07-05 12:15:31.150   545   548 D dalvikvm: GC_CONCURRENT freed 232K, 9% free 10689K/11719K, paused 2ms+3ms
07-05 12:15:31.256   545   548 D dalvikvm: GC_CONCURRENT freed 340K, 8% free 10859K/11719K, paused 2ms+3ms
07-05 12:15:31.424   545   548 D dalvikvm: GC_CONCURRENT freed 826K, 11% free 10531K/11719K, paused 2ms+2ms
07-05 12:15:31.623   545   548 D dalvikvm: GC_CONCURRENT freed 441K, 11% free 10485K/11719K, paused 2ms+3ms
07-05 12:15:31.799   545   548 D dalvikvm: GC_CONCURRENT freed 415K, 11% free 10465K/11719K, paused 2ms+2ms
07-05 12:15:31.857   545 16218 I DownloadManager: Initiating request for download 1884
07-05 12:15:31.963   545   548 D dalvikvm: GC_CONCURRENT freed 183K, 9% free 10742K/11719K, paused 1ms+3ms
07-05 12:15:32.064   545   548 D dalvikvm: GC_CONCURRENT freed 338K, 7% free 10910K/11719K, paused 1ms+3ms
07-05 12:15:32.240  1370 16220 E DictionaryProvider:UpdateHandler: Can't read a file : android.util.MalformedJsonException: Use JsonReader.setLenient(true) to accept malformed JSON at line 1 column 20
07-05 12:15:32.330   545   548 D dalvikvm: GC_CONCURRENT freed 910K, 11% free 10514K/11719K, paused 1ms+2ms
07-05 12:15:32.510   545   548 D dalvikvm: GC_CONCURRENT freed 429K, 11% free 10476K/11719K, paused 2ms+2ms
07-05 12:15:32.705   545 16223 D dalvikvm: GC_EXPLICIT freed 315K, 11% free 10523K/11719K, paused 3ms+5ms
07-05 12:15:32.709   545 16223 I DownloadManager: Initiating request for download 1884
07-05 12:15:32.818   545   548 D dalvikvm: GC_CONCURRENT freed 214K, 9% free 10772K/11719K, paused 1ms+3ms
07-05 12:15:32.924   545   548 D dalvikvm: GC_CONCURRENT freed 463K, 8% free 10798K/11719K, paused 3ms+2ms
07-05 12:15:33.135   545   548 D dalvikvm: GC_CONCURRENT freed 776K, 11% free 10497K/11719K, paused 1ms+2ms
07-05 12:15:33.318   545   548 D dalvikvm: GC_CONCURRENT freed 414K, 11% free 10477K/11719K, paused 1ms+3ms
07-05 12:15:33.455   545 16226 I DownloadManager: Initiating request for download 1885
07-05 12:15:33.533   545   548 D dalvikvm: GC_CONCURRENT freed 291K, 10% free 10630K/11719K, paused 2ms+3ms
07-05 12:15:33.638   545   548 D dalvikvm: GC_CONCURRENT freed 310K, 8% free 10849K/11719K, paused 1ms+4ms
07-05 12:15:33.783   545   548 D dalvikvm: GC_CONCURRENT freed 801K, 10% free 10548K/11719K, paused 2ms+2ms
07-05 12:15:33.861  1370 16228 E DictionaryProvider:UpdateHandler: Can't read a file : android.util.MalformedJsonException: Use JsonReader.setLenient(true) to accept malformed JSON at line 1 column 20
07-05 12:15:34.025   545   548 D dalvikvm: GC_CONCURRENT freed 444K, 11% free 10499K/11719K, paused 1ms+2ms
07-05 12:15:34.209   545   548 D dalvikvm: GC_CONCURRENT freed 418K, 11% free 10476K/11719K, paused 2ms+2ms
07-05 12:15:34.283   545 16231 I DownloadManager: Initiating request for download 1885
07-05 12:15:34.377   545   548 D dalvikvm: GC_CONCURRENT freed 236K, 9% free 10695K/11719K, paused 2ms+3ms
07-05 12:15:34.486   545   548 D dalvikvm: GC_CONCURRENT freed 329K, 8% free 10880K/11719K, paused 2ms+3ms
07-05 12:15:34.666   545   548 D dalvikvm: GC_CONCURRENT freed 877K, 11% free 10505K/11719K, paused 2ms+2ms
07-05 12:15:34.849   545   548 D dalvikvm: GC_CONCURRENT freed 409K, 11% free 10491K/11719K, paused 2ms+2ms
07-05 12:15:35.033   545   548 D dalvikvm: GC_CONCURRENT freed 411K, 11% free 10474K/11719K, paused 2ms+2ms
07-05 12:15:36.595   545 16234 I DownloadManager: Initiating request for download 1886
07-05 12:15:36.713   545   548 D dalvikvm: GC_CONCURRENT freed 175K, 9% free 10743K/11719K, paused 2ms+2ms
07-05 12:15:36.822   545   548 D dalvikvm: GC_CONCURRENT freed 325K, 7% free 10919K/11719K, paused 1ms+2ms
07-05 12:15:37.053  1370 16236 E DictionaryProvider:UpdateHandler: Can't read a file : android.util.MalformedJsonException: Use JsonReader.setLenient(true) to accept malformed JSON at line 1 column 20
07-05 12:15:37.088   545   548 D dalvikvm: GC_CONCURRENT freed 940K, 11% free 10518K/11719K, paused 2ms+7ms
07-05 12:15:37.088  1370  1372 D dalvikvm: GC_CONCURRENT freed 383K, 7% free 9146K/9735K, paused 2ms+2ms
07-05 12:15:37.287   545   548 D dalvikvm: GC_CONCURRENT freed 429K, 11% free 10483K/11719K, paused 2ms+2ms
07-05 12:15:37.478   156   559 D dalvikvm: GC_EXPLICIT freed 483K, 11% free 14195K/15879K, paused 2ms+5ms
07-05 12:15:37.486   545 16239 I DownloadManager: Initiating request for download 1886
07-05 12:15:37.537   545   548 D dalvikvm: GC_CONCURRENT freed 340K, 10% free 10550K/11719K, paused 2ms+3ms
07-05 12:15:37.650   545   548 D dalvikvm: GC_CONCURRENT freed 218K, 9% free 10765K/11719K, paused 2ms+2ms
07-05 12:15:37.756   545   548 D dalvikvm: GC_CONCURRENT freed 463K, 8% free 10789K/11719K, paused 2ms+2ms
07-05 12:15:37.978   545   548 D dalvikvm: GC_CONCURRENT freed 773K, 11% free 10488K/11719K, paused 2ms+2ms
07-05 12:15:38.158   545   548 D dalvikvm: GC_CONCURRENT freed 416K, 11% free 10467K/11719K, paused 2ms+2ms
07-05 12:15:38.338   545 16242 I DownloadManager: Initiating request for download 1887
07-05 12:15:38.455   545   548 D dalvikvm: GC_CONCURRENT freed 287K, 10% free 10638K/11719K, paused 2ms+2ms
07-05 12:15:38.553   545   548 D dalvikvm: GC_CONCURRENT freed 296K, 8% free 10822K/11719K, paused 2ms+3ms
07-05 12:15:38.685   545   548 D dalvikvm: GC_CONCURRENT freed 768K, 11% free 10532K/11719K, paused 2ms+2ms
07-05 12:15:38.810  1370 16244 E DictionaryProvider:UpdateHandler: Can't read a file : android.util.MalformedJsonException: Use JsonReader.setLenient(true) to accept malformed JSON at line 1 column 20
07-05 12:15:38.924   545   548 D dalvikvm: GC_CONCURRENT freed 435K, 11% free 10493K/11719K, paused 2ms+3ms
07-05 12:15:39.107   545   548 D dalvikvm: GC_CONCURRENT freed 420K, 11% free 10467K/11719K, paused 2ms+2ms
07-05 12:15:39.205   545 16247 I DownloadManager: Initiating request for download 1887
07-05 12:15:39.283   545   548 D dalvikvm: GC_CONCURRENT freed 263K, 10% free 10665K/11719K, paused 2ms+3ms
07-05 12:15:39.392   545   548 D dalvikvm: GC_CONCURRENT freed 326K, 8% free 10851K/11719K, paused 2ms+3ms
07-05 12:15:39.553   545   548 D dalvikvm: GC_CONCURRENT freed 822K, 11% free 10530K/11719K, paused 1ms+3ms
07-05 12:15:39.756   545   548 D dalvikvm: GC_CONCURRENT freed 443K, 11% free 10482K/11719K, paused 1ms+2ms
07-05 12:15:39.939   545   548 D dalvikvm: GC_CONCURRENT freed 413K, 11% free 10464K/11719K, paused 2ms+3ms
07-05 12:15:40.025   545 16250 I DownloadManager: Initiating request for download 1888
07-05 12:15:40.119   545   548 D dalvikvm: GC_CONCURRENT freed 209K, 9% free 10713K/11719K, paused 1ms+2ms
07-05 12:15:40.224   545   548 D dalvikvm: GC_CONCURRENT freed 335K, 8% free 10897K/11719K, paused 2ms+3ms
07-05 12:15:40.443  1370 16252 E DictionaryProvider:UpdateHandler: Can't read a file : android.util.MalformedJsonException: Use JsonReader.setLenient(true) to accept malformed JSON at line 1 column 20
07-05 12:15:40.459   545   548 D dalvikvm: GC_CONCURRENT freed 904K, 11% free 10513K/11719K, paused 1ms+2ms
07-05 12:15:40.654   545   548 D dalvikvm: GC_CONCURRENT freed 422K, 11% free 10481K/11719K, paused 2ms+2ms
07-05 12:15:40.728   682  1055 E GTalkService: connectionClosed: no XMPPConnection - That's strange!
07-05 12:15:40.740   682   685 D dalvikvm: GC_CONCURRENT freed 424K, 9% free 10097K/11079K, paused 4ms+2ms
07-05 12:15:40.842   545 16255 I DownloadManager: Initiating request for download 1888
07-05 12:15:40.881   545   548 D dalvikvm: GC_CONCURRENT freed 398K, 11% free 10491K/11719K, paused 2ms+3ms
07-05 12:15:40.998   545   548 D dalvikvm: GC_CONCURRENT freed 188K, 9% free 10762K/11719K, paused 2ms+3ms
07-05 12:15:41.119   545   548 D dalvikvm: GC_CONCURRENT freed 448K, 8% free 10811K/11719K, paused 1ms+3ms
07-05 12:15:41.283   545 16258 I DownloadManager: in removeSpuriousFiles
07-05 12:15:41.330   545 16258 D dalvikvm: GC_FOR_ALLOC freed 781K, 10% free 10626K/11719K, paused 24ms
07-05 12:15:41.392   545   548 D dalvikvm: GC_CONCURRENT freed 336K, 8% free 10825K/11719K, paused 2ms+5ms
07-05 12:15:41.412   545 16258 I DownloadManager: in removeSpuriousFiles, preserving file /data/data/com.android.providers.downloads/cache/metadata-307.htm
07-05 12:15:41.412   545 16258 I DownloadManager: in removeSpuriousFiles, preserving file /data/data/com.android.providers.downloads/cache/metadata-432.htm
07-05 12:15:41.412   545 16258 I DownloadManager: in removeSpuriousFiles, preserving file /data/data/com.android.providers.downloads/cache/metadata-443.htm
07-05 12:15:41.412   545 16258 I DownloadManager: in removeSpuriousFiles, preserving file /data/data/com.android.providers.downloads/cache/metadata-555.htm
07-05 12:15:41.412   545 16258 I DownloadManager: in removeSpuriousFiles, preserving file /data/data/com.android.providers.downloads/cache/metadata-826.htm
07-05 12:15:41.412   545 16258 I DownloadManager: in removeSpuriousFiles, preserving file /data/data/com.android.providers.downloads/cache/metadata-454.htm
07-05 12:15:41.412   545 16258 I DownloadManager: in removeSpuriousFiles, preserving file /data/data/com.android.providers.downloads/cache/metadata-361.htm
07-05 12:15:41.412   545 16258 I DownloadManager: in removeSpuriousFiles, preserving file /data/data/com.android.providers.downloads/cache/metadata-1186.htm
07-05 12:15:41.412   545 16258 I DownloadManager: in removeSpuriousFiles, preserving file /data/data/com.android.providers.downloads/cache/metadata-565.htm
07-05 12:15:41.412   545 16258 I DownloadManager: in removeSpuriousFiles, preserving file /data/data/com.android.providers.downloads/cache/metadata-449.htm
07-05 12:15:41.412   545 16258 I DownloadManager: in removeSpuriousFiles, preserving file /data/data/com.android.providers.downloads/cache/metadata-577.htm
07-05 12:15:41.412   545 16258 I DownloadManager: in removeSpuriousFiles, preserving file /data/data/com.android.providers.downloads/cache/metadata-378.htm
07-05 12:15:41.416   545 16258 I DownloadManager: in removeSpuriousFiles, preserving file /data/data/com.android.providers.downloads/cache/metadata-559.htm
07-05 12:15:41.416   545 16258 I DownloadManager: in removeSpuriousFiles, preserving file /data/data/com.android.providers.downloads/cache/metadata-562.htm
07-05 12:15:41.416   545 16258 I DownloadManager: in removeSpuriousFiles, preserving file /data/data/com.android.providers.downloads/cache/metadata-1414.htm
07-05 12:15:41.416   545 16258 I DownloadManager: in removeSpuriousFiles, preserving file /data/data/com.android.providers.downloads/cache/metadata-504.htm
07-05 12:15:41.416   545 16258 I DownloadManager: in removeSpuriousFiles, preserving file /data/data/com.android.providers.downloads/cache/metadata-287.htm
07-05 12:15:41.416   545 16258 I DownloadManager: in removeSpuriousFiles, preserving file /data/data/com.android.providers.downloads/cache/metadata-497.htm
07-05 12:15:41.416   545 16258 I DownloadManager: in removeSpuriousFiles, preserving file /data/data/com.android.providers.downloads/cache/metadata-913.htm
07-05 12:15:41.416   545 16258 I DownloadManager: in removeSpuriousFiles, preserving file /data/data/com.android.providers.downloads/cache/metadata-464.htm
07-05 12:15:41.416   545 16258 I DownloadManager: in removeSpuriousFiles, preserving file /data/data/com.android.providers.downloads/cache/metadata-540.htm
07-05 12:15:41.416   545 16258 I DownloadManager: in removeSpuriousFiles, preserving file /data/data/com.android.providers.downloads/cache/metadata-558.htm
07-05 12:15:41.416   545 16258 I DownloadManager: in removeSpuriousFiles, preserving file /data/data/com.android.providers.downloads/cache/metadata-535.htm
07-05 12:15:41.416   545 16258 I DownloadManager: in removeSpuriousFiles, preserving file /data/data/com.android.providers.downloads/cache/metadata-440.htm
07-05 12:15:41.416   545 16258 I DownloadManager: in removeSpuriousFiles, preserving file /data/data/com.android.providers.downloads/cache/metadata-508.htm
07-05 12:15:41.416   545 16258 I DownloadManager: in removeSpuriousFiles, preserving file /data/data/com.android.providers.downloads/cache/metadata-1255.htm
07-05 12:15:41.416   545 16258 I DownloadManager: in removeSpuriousFiles, preserving file /data/data/com.android.providers.downloads/cache/metadata-533.htm
07-05 12:15:41.416   545 16258 I DownloadManager: in removeSpuriousFiles, preserving file /data/data/com.android.providers.downloads/cache/metadata-98.htm
07-05 12:15:41.420   545 16258 I DownloadManager: in removeSpuriousFiles, preserving file /data/data/com.android.providers.downloads/cache/metadata-505.htm
07-05 12:15:41.420   545 16258 I DownloadManager: in removeSpuriousFiles, preserving file /data/data/com.android.providers.downloads/cache/metadata-502.htm
07-05 12:15:41.420   545 16258 I DownloadManager: in removeSpuriousFiles, preserving file /data/data/com.android.providers.downloads/cache/metadata-1087.htm
07-05 12:15:41.420   545 16258 I DownloadManager: in removeSpuriousFiles, preserving file /data/data/com.android.providers.downloads/cache/metadata-434.htm
07-05 12:15:41.420   545 16258 I DownloadManager: in removeSpuriousFiles, preserving file /data/data/com.android.providers.downloads/cache/metadata-616.htm
07-05 12:15:41.420   545 16258 I DownloadManager: in removeSpuriousFiles, preserving file /data/data/com.android.providers.downloads/cache/metadata-608.htm
07-05 12:15:41.420   545 16258 I DownloadManager: in removeSpuriousFiles, preserving file /data/data/com.android.providers.downloads/cache/metadata-641.htm
07-05 12:15:41.420   545 16258 I DownloadManager: in removeSpuriousFiles, preserving file /data/data/com.android.providers.downloads/cache/metadata-238.htm
07-05 12:15:41.420   545 16258 I DownloadManager: in removeSpuriousFiles, preserving file /data/data/com.android.providers.downloads/cache/metadata-523.htm
07-05 12:15:41.420   545 16258 I DownloadManager: in removeSpuriousFiles, preserving file /data/data/com.android.providers.downloads/cache/metadata-487.htm
07-05 12:15:41.420   545 16258 I DownloadManager: in removeSpuriousFiles, preserving file /data/data/com.android.providers.downloads/cache/metadata-235.htm
07-05 12:15:41.420   545 16258 I DownloadManager: in removeSpuriousFiles, preserving file /data/data/com.android.providers.downloads/cache/metadata-99.htm
07-05 12:15:41.420   545 16258 I DownloadManager: in removeSpuriousFiles, preserving file /data/data/com.android.providers.downloads/cache/metadata-1424.htm
07-05 12:15:41.420   545 16258 I DownloadManager: in removeSpuriousFiles, preserving file /data/data/com.android.providers.downloads/cache/metadata-600.htm
07-05 12:15:41.424   545 16258 I DownloadManager: in removeSpuriousFiles, preserving file /data/data/com.android.providers.downloads/cache/metadata-738.htm
07-05 12:15:41.424   545 16258 I DownloadManager: in removeSpuriousFiles, preserving file /data/data/com.android.providers.downloads/cache/metadata-524.htm
07-05 12:15:41.424   545 16258 I DownloadManager: in removeSpuriousFiles, preserving file /data/data/com.android.providers.downloads/cache/metadata-542.htm
07-05 12:15:41.424   545 16258 I DownloadManager: in removeSpuriousFiles, preserving file /data/data/com.android.providers.downloads/cache/metadata-731.htm
07-05 12:15:41.424   545 16258 I DownloadManager: in removeSpuriousFiles, preserving file /data/data/com.android.providers.downloads/cache/metadata-525.htm
07-05 12:15:41.424   545 16258 I DownloadManager: in removeSpuriousFiles, preserving file /data/data/com.android.providers.downloads/cache/metadata-551.htm
07-05 12:15:41.424   545 16258 I DownloadManager: in removeSpuriousFiles, preserving file /data/data/com.android.providers.downloads/cache/metadata-703.htm
07-05 12:15:41.424   545 16258 I DownloadManager: in removeSpuriousFiles, preserving file /data/data/com.android.providers.downloads/cache/metadata-309.htm
07-05 12:15:41.424   545 16258 I DownloadManager: in removeSpuriousFiles, preserving file /data/data/com.android.providers.downloads/cache/metadata-1305.htm
07-05 12:15:41.424   545 16258 I DownloadManager: in removeSpuriousFiles, preserving file /data/data/com.android.providers.downloads/cache/metadata-1304.htm
07-05 12:15:41.424   545 16258 I DownloadManager: in removeSpuriousFiles, preserving file /data/data/com.android.providers.downloads/cache/metadata-1162.htm
07-05 12:15:41.424   545 16258 I DownloadManager: in removeSpuriousFiles, preserving file /data/data/com.android.providers.downloads/cache/metadata-1196.htm
07-05 12:15:41.424   545 16258 I DownloadManager: in removeSpuriousFiles, preserving file /data/data/com.android.providers.downloads/cache/metadata-727.htm
07-05 12:15:41.424   545 16258 I DownloadManager: in removeSpuriousFiles, preserving file /data/data/com.android.providers.downloads/cache/metadata-519.htm
07-05 12:15:41.424   545 16258 I DownloadManager: in removeSpuriousFiles, preserving file /data/data/com.android.providers.downloads/cache/metadata-1413.htm
07-05 12:15:41.428   545 16258 I DownloadManager: in removeSpuriousFiles, preserving file /data/data/com.android.providers.downloads/cache/metadata-622.htm
07-05 12:15:41.428   545 16258 I DownloadManager: in removeSpuriousFiles, preserving file /data/data/com.android.providers.downloads/cache/metadata-1402.htm
07-05 12:15:41.428   545 16258 I DownloadManager: in removeSpuriousFiles, preserving file /data/data/com.android.providers.downloads/cache/metadata-1962.htm
07-05 12:15:41.428   545 16258 I DownloadManager: in removeSpuriousFiles, preserving file /data/data/com.android.providers.downloads/cache/metadata-618.htm
07-05 12:15:41.428   545 16258 I DownloadManager: in removeSpuriousFiles, preserving file /data/data/com.android.providers.downloads/cache/metadata-570.htm
07-05 12:15:41.428   545 16258 I DownloadManager: in removeSpuriousFiles, preserving file /data/data/com.android.providers.downloads/cache/metadata-247.htm
07-05 12:15:41.428   545 16258 I DownloadManager: in removeSpuriousFiles, preserving file /data/data/com.android.providers.downloads/cache/metadata-853.htm
07-05 12:15:41.428   545 16258 I DownloadManager: in removeSpuriousFiles, preserving file /data/data/com.android.providers.downloads/cache/metadata-733.htm
07-05 12:15:41.428   545 16258 I DownloadManager: in removeSpuriousFiles, preserving file /data/data/com.android.providers.downloads/cache/metadata-1140.htm
07-05 12:15:41.428   545 16258 I DownloadManager: in removeSpuriousFiles, preserving file /data/data/com.android.providers.downloads/cache/metadata-572.htm
07-05 12:15:41.428   545 16258 I DownloadManager: in removeSpuriousFiles, preserving file /data/data/com.android.providers.downloads/cache/metadata-1120.htm
07-05 12:15:41.428   545 16258 I DownloadManager: in removeSpuriousFiles, preserving file /data/data/com.android.providers.downloads/cache/metadata-1338.htm
07-05 12:15:41.428   545 16258 I DownloadManager: in removeSpuriousFiles, preserving file /data/data/com.android.providers.downloads/cache/metadata-1244.htm
07-05 12:15:41.428   545 16258 I DownloadManager: in removeSpuriousFiles, preserving file /data/data/com.android.providers.downloads/cache/metadata-646.htm
07-05 12:15:41.431   545 16258 I DownloadManager: in removeSpuriousFiles, preserving file /data/data/com.android.providers.downloads/cache/metadata-1080.htm
07-05 12:15:41.431   545 16258 I DownloadManager: in removeSpuriousFiles, preserving file /data/data/com.android.providers.downloads/cache/metadata-1208.htm
07-05 12:15:41.431   545 16258 I DownloadManager: in removeSpuriousFiles, preserving file /data/data/com.android.providers.downloads/cache/metadata-596.htm
07-05 12:15:41.431   545 16258 I DownloadManager: in removeSpuriousFiles, preserving file /data/data/com.android.providers.downloads/cache/metadata-823.htm
07-05 12:15:41.431   545 16258 I DownloadManager: in removeSpuriousFiles, preserving file /data/data/com.android.providers.downloads/cache/metadata-660.htm
07-05 12:15:41.431   545 16258 I DownloadManager: in removeSpuriousFiles, preserving file /data/data/com.android.providers.downloads/cache/metadata-1276.htm
07-05 12:15:41.431   545 16258 I DownloadManager: in removeSpuriousFiles, preserving file /data/data/com.android.providers.downloads/cache/metadata-470.htm
07-05 12:15:41.431   545 16258 I DownloadManager: in removeSpuriousFiles, preserving file /data/data/com.android.providers.downloads/cache/metadata-601.htm
07-05 12:15:41.431   545 16258 I DownloadManager: in removeSpuriousFiles, preserving file /data/data/com.android.providers.downloads/cache/metadata-635.htm
07-05 12:15:41.431   545 16258 I DownloadManager: in removeSpuriousFiles, preserving file /data/data/com.android.providers.downloads/cache/metadata-993.htm
07-05 12:15:41.431   545 16258 I DownloadManager: in removeSpuriousFiles, preserving file /data/data/com.android.providers.downloads/cache/metadata-916.htm
07-05 12:15:41.431   545 16258 I DownloadManager: in removeSpuriousFiles, preserving file /data/data/com.android.providers.downloads/cache/metadata-1433.htm
07-05 12:15:41.431   545 16258 I DownloadManager: in removeSpuriousFiles, preserving file /data/data/com.android.providers.downloads/cache/metadata-1055.htm
07-05 12:15:41.431   545 16258 I DownloadManager: in removeSpuriousFiles, preserving file /data/data/com.android.providers.downloads/cache/metadata-898.htm
07-05 12:15:41.435   545 16258 I DownloadManager: in removeSpuriousFiles, preserving file /data/data/com.android.providers.downloads/cache/metadata-674.htm
07-05 12:15:41.435   545 16258 I DownloadManager: in removeSpuriousFiles, preserving file /data/data/com.android.providers.downloads/cache/metadata-1113.htm
07-05 12:15:41.435   545 16258 I DownloadManager: in removeSpuriousFiles, preserving file /data/data/com.android.providers.downloads/cache/metadata-1168.htm
07-05 12:15:41.435   545 16258 I DownloadManager: in removeSpuriousFiles, preserving file /data/data/com.android.providers.downloads/cache/metadata-1333.htm
07-05 12:15:41.435   545 16258 I DownloadManager: in removeSpuriousFiles, preserving file /data/data/com.android.providers.downloads/cache/metadata-1184.htm
07-05 12:15:41.435   545 16258 I DownloadManager: in removeSpuriousFiles, preserving file /data/data/com.android.providers.downloads/cache/metadata-611.htm
07-05 12:15:41.435   545 16258 I DownloadManager: in removeSpuriousFiles, preserving file /data/data/com.android.providers.downloads/cache/metadata-875.htm
07-05 12:15:41.435   545 16258 I DownloadManager: in removeSpuriousFiles, preserving file /data/data/com.android.providers.downloads/cache/metadata-585.htm
07-05 12:15:41.435   545 16258 I DownloadManager: in removeSpuriousFiles, preserving file /data/data/com.android.providers.downloads/cache/metadata-1334.htm
07-05 12:15:41.435   545 16258 I DownloadManager: in removeSpuriousFiles, preserving file /data/data/com.android.providers.downloads/cache/metadata-455.htm
07-05 12:15:41.435   545 16258 I DownloadManager: in removeSpuriousFiles, preserving file /data/data/com.android.providers.downloads/cache/metadata-592.htm
07-05 12:15:41.435   545 16258 I DownloadManager: in removeSpuriousFiles, preserving file /data/data/com.android.providers.downloads/cache/metadata-1675.htm
07-05 12:15:41.439   545 16258 I DownloadManager: in removeSpuriousFiles, preserving file /data/data/com.android.providers.downloads/cache/metadata-557.htm
07-05 12:15:41.439   545 16258 I DownloadManager: in removeSpuriousFiles, preserving file /data/data/com.android.providers.downloads/cache/metadata-1619.htm
07-05 12:15:41.439   545 16258 I DownloadManager: in removeSpuriousFiles, preserving file /data/data/com.android.providers.downloads/cache/metadata-1590.htm
07-05 12:15:41.439   545 16258 I DownloadManager: in removeSpuriousFiles, preserving file /data/data/com.android.providers.downloads/cache/metadata-838.htm
07-05 12:15:41.439   545 16258 I DownloadManager: in removeSpuriousFiles, preserving file /data/data/com.android.providers.downloads/cache/metadata-429.htm
07-05 12:15:41.439   545 16258 I DownloadManager: in removeSpuriousFiles, preserving file /data/data/com.android.providers.downloads/cache/metadata-1144.htm
07-05 12:15:41.439   545 16258 I DownloadManager: in removeSpuriousFiles, preserving file /data/data/com.android.providers.downloads/cache/metadata-670.htm
07-05 12:15:41.439   545 16258 I DownloadManager: in removeSpuriousFiles, preserving file /data/data/com.android.providers.downloads/cache/metadata-1104.htm
07-05 12:15:41.439   545 16258 I DownloadManager: in removeSpuriousFiles, preserving file /data/data/com.android.providers.downloads/cache/metadata-561.htm
07-05 12:15:41.439   545 16258 I DownloadManager: in removeSpuriousFiles, preserving file /data/data/com.android.providers.downloads/cache/metadata-689.htm
07-05 12:15:41.439   545 16258 I DownloadManager: in removeSpuriousFiles, preserving file /data/data/com.android.providers.downloads/cache/metadata-612.htm
07-05 12:15:41.439   545 16258 I DownloadManager: in removeSpuriousFiles, preserving file /data/data/com.android.providers.downloads/cache/metadata-1093.htm
07-05 12:15:41.439   545 16258 I DownloadManager: in removeSpuriousFiles, preserving file /data/data/com.android.providers.downloads/cache/metadata-1155.htm
07-05 12:15:41.443   545 16258 I DownloadManager: in removeSpuriousFiles, preserving file /data/data/com.android.providers.downloads/cache/metadata-272.htm
07-05 12:15:41.443   545 16258 I DownloadManager: in removeSpuriousFiles, preserving file /data/data/com.android.providers.downloads/cache/metadata-129.htm
07-05 12:15:41.443   545 16258 I DownloadManager: in removeSpuriousFiles, preserving file /data/data/com.android.providers.downloads/cache/metadata-456.htm
07-05 12:15:41.443   545 16258 I DownloadManager: in removeSpuriousFiles, preserving file /data/data/com.android.providers.downloads/cache/metadata-1261.htm
07-05 12:15:41.443   545 16258 I DownloadManager: in removeSpuriousFiles, preserving file /data/data/com.android.providers.downloads/cache/metadata-503.htm
07-05 12:15:41.443   545 16258 I DownloadManager: in removeSpuriousFiles, preserving file /data/data/com.android.providers.downloads/cache/metadata-1058.htm
07-05 12:15:41.443   545 16258 I DownloadManager: in removeSpuriousFiles, preserving file /data/data/com.android.providers.downloads/cache/metadata-590.htm
07-05 12:15:41.443   545 16258 I DownloadManager: in removeSpuriousFiles, preserving file /data/data/com.android.providers.downloads/cache/metadata-451.htm
07-05 12:15:41.443   545 16258 I DownloadManager: in removeSpuriousFiles, preserving file /data/data/com.android.providers.downloads/cache/metadata-576.htm
07-05 12:15:41.443   545 16258 I DownloadManager: in removeSpuriousFiles, preserving file /data/data/com.android.providers.downloads/cache/metadata-1380.htm
07-05 12:15:41.443   545 16258 I DownloadManager: in removeSpuriousFiles, preserving file /data/data/com.android.providers.downloads/cache/metadata-1296.htm
07-05 12:15:41.443   545 16258 I DownloadManager: in removeSpuriousFiles, preserving file /data/data/com.android.providers.downloads/cache/metadata-1071.htm
07-05 12:15:41.443   545 16258 I DownloadManager: in removeSpuriousFiles, preserving file /data/data/com.android.providers.downloads/cache/metadata-475.htm
07-05 12:15:41.443   545 16258 I DownloadManager: in removeSpuriousFiles, preserving file /data/data/com.android.providers.downloads/cache/metadata-710.htm
07-05 12:15:41.443   545 16258 I DownloadManager: in removeSpuriousFiles, preserving file /data/data/com.android.providers.downloads/cache/metadata-548.htm
07-05 12:15:41.443   545 16258 I DownloadManager: in removeSpuriousFiles, preserving file /data/data/com.android.providers.downloads/cache/metadata-676.htm
07-05 12:15:41.443   545 16258 I DownloadManager: in removeSpuriousFiles, preserving file /data/data/com.android.providers.downloads/cache/metadata-546.htm
07-05 12:15:41.443   545 16258 I DownloadManager: in removeSpuriousFiles, preserving file /data/data/com.android.providers.downloads/cache/metadata-940.htm
07-05 12:15:41.443   545 16258 I DownloadManager: in removeSpuriousFiles, preserving file /data/data/com.android.providers.downloads/cache/metadata-810.htm
07-05 12:15:41.443   545 16258 I DownloadManager: in removeSpuriousFiles, preserving file /data/data/com.android.providers.downloads/cache/metadata-871.htm
07-05 12:15:41.447   545 16258 I DownloadManager: in removeSpuriousFiles, preserving file /data/data/com.android.providers.downloads/cache/metadata-423.htm
07-05 12:15:41.447   545 16258 I DownloadManager: in removeSpuriousFiles, preserving file /data/data/com.android.providers.downloads/cache/metadata-496.htm
07-05 12:15:41.447   545 16258 I DownloadManager: in removeSpuriousFiles, preserving file /data/data/com.android.providers.downloads/cache/metadata-453.htm
07-05 12:15:41.447   545 16258 I DownloadManager: in removeSpuriousFiles, preserving file /data/data/com.android.providers.downloads/cache/metadata-318.htm
07-05 12:15:41.447   545 16258 I DownloadManager: in removeSpuriousFiles, preserving file /data/data/com.android.providers.downloads/cache/metadata-377.htm
07-05 12:15:41.447   545 16258 I DownloadManager: in removeSpuriousFiles, preserving file /data/data/com.android.providers.downloads/cache/metadata-1228.htm
07-05 12:15:41.447   545 16258 I DownloadManager: in removeSpuriousFiles, preserving file /data/data/com.android.providers.downloads/cache/metadata-539.htm
07-05 12:15:41.447   545 16258 I DownloadManager: in removeSpuriousFiles, preserving file /data/data/com.android.providers.downloads/cache/metadata-1451.htm
07-05 12:15:41.447   545 16258 I DownloadManager: in removeSpuriousFiles, preserving file /data/data/com.android.providers.downloads/cache/metadata-839.htm
07-05 12:15:41.447   545 16258 I DownloadManager: in removeSpuriousFiles, preserving file /data/data/com.android.providers.downloads/cache/metadata-707.htm
07-05 12:15:41.447   545 16258 I DownloadManager: in removeSpuriousFiles, preserving file /data/data/com.android.providers.downloads/cache/metadata-433.htm
07-05 12:15:41.447   545 16258 I DownloadManager: in removeSpuriousFiles, preserving file /data/data/com.android.providers.downloads/cache/metadata-258.htm
07-05 12:15:41.447   545 16258 I DownloadManager: in removeSpuriousFiles, preserving file /data/data/com.android.providers.downloads/cache/metadata-538.htm
07-05 12:15:41.447   545 16258 I DownloadManager: in removeSpuriousFiles, preserving file /data/data/com.android.providers.downloads/cache/metadata-807.htm
07-05 12:15:41.451   545 16258 I DownloadManager: in removeSpuriousFiles, preserving file /data/data/com.android.providers.downloads/cache/metadata-321.htm
07-05 12:15:41.451   545 16258 I DownloadManager: in removeSpuriousFiles, preserving file /data/data/com.android.providers.downloads/cache/metadata-1188.htm
07-05 12:15:41.451   545 16258 I DownloadManager: in removeSpuriousFiles, preserving file /data/data/com.android.providers.downloads/cache/metadata-1006.htm
07-05 12:15:41.451   545 16258 I DownloadManager: in removeSpuriousFiles, preserving file /data/data/com.android.providers.downloads/cache/metadata-636.htm
07-05 12:15:41.451   545 16258 I DownloadManager: in removeSpuriousFiles, preserving file /data/data/com.android.providers.downloads/cache/metadata-877.htm
07-05 12:15:41.451   545 16258 I DownloadManager: in removeSpuriousFiles, preserving file /data/data/com.android.providers.downloads/cache/metadata-1049.htm
07-05 12:15:41.451   545 16258 I DownloadManager: in removeSpuriousFiles, preserving file /data/data/com.android.providers.downloads/cache/metadata-1258.htm
07-05 12:15:41.451   545 16258 I DownloadManager: in removeSpuriousFiles, preserving file /data/data/com.android.providers.downloads/cache/metadata-2072.htm
07-05 12:15:41.451   545 16258 I DownloadManager: in removeSpuriousFiles, preserving file /data/data/com.android.providers.downloads/cache/metadata-1089.htm
07-05 12:15:41.451   545 16258 I DownloadManager: in removeSpuriousFiles, preserving file /data/data/com.android.providers.downloads/cache/metadata-1470.htm
07-05 12:15:41.451   545 16258 I DownloadManager: in removeSpuriousFiles, preserving file /data/data/com.android.providers.downloads/cache/metadata-786.htm
07-05 12:15:41.451   545 16258 I DownloadManager: in removeSpuriousFiles, preserving file /data/data/com.android.providers.downloads/cache/metadata-662.htm
07-05 12:15:41.451   545 16258 I DownloadManager: in removeSpuriousFiles, preserving file /data/data/com.android.providers.downloads/cache/metadata-1035.htm
07-05 12:15:41.451   545 16258 I DownloadManager: in removeSpuriousFiles, preserving file /data/data/com.android.providers.downloads/cache/metadata-371.htm
07-05 12:15:41.451   545 16258 I DownloadManager: in removeSpuriousFiles, preserving file /data/data/com.android.providers.downloads/cache/metadata-649.htm
07-05 12:15:41.451   545 16258 I DownloadManager: in removeSpuriousFiles, preserving file /data/data/com.android.providers.downloads/cache/metadata-1248.htm
07-05 12:15:41.455   545 16258 I DownloadManager: in removeSpuriousFiles, preserving file /data/data/com.android.providers.downloads/cache/metadata-589.htm
07-05 12:15:41.455   545 16258 I DownloadManager: in removeSpuriousFiles, preserving file /data/data/com.android.providers.downloads/cache/metadata-532.htm
07-05 12:15:41.455   545 16258 I DownloadManager: in removeSpuriousFiles, preserving file /data/data/com.android.providers.downloads/cache/metadata-376.htm
07-05 12:15:41.455   545 16258 I DownloadManager: in removeSpuriousFiles, preserving file /data/data/com.android.providers.downloads/cache/metadata-352.htm
07-05 12:15:41.455   545 16258 I DownloadManager: in removeSpuriousFiles, preserving file /data/data/com.android.providers.downloads/cache/metadata-1235.htm
07-05 12:15:41.455   545 16258 I DownloadManager: in removeSpuriousFiles, preserving file /data/data/com.android.providers.downloads/cache/metadata-490.htm
07-05 12:15:41.455   545 16258 I DownloadManager: in removeSpuriousFiles, preserving file /data/data/com.android.providers.downloads/cache/metadata-1158.htm
07-05 12:15:41.455   545 16258 I DownloadManager: in removeSpuriousFiles, preserving file /data/data/com.android.providers.downloads/cache/metadata-1454.htm
07-05 12:15:41.455   545 16258 I DownloadManager: in removeSpuriousFiles, preserving file /data/data/com.android.providers.downloads/cache/metadata-591.htm
07-05 12:15:41.455   545 16258 I DownloadManager: in removeSpuriousFiles, preserving file /data/data/com.android.providers.downloads/cache/metadata-1047.htm
07-05 12:15:41.455   545 16258 I DownloadManager: in removeSpuriousFiles, preserving file /data/data/com.android.providers.downloads/cache/metadata-1461.htm
07-05 12:15:41.455   545 16258 I DownloadManager: in removeSpuriousFiles, preserving file /data/data/com.android.providers.downloads/cache/metadata-1115.htm
07-05 12:15:41.455   545 16258 I DownloadManager: in removeSpuriousFiles, preserving file /data/data/com.android.providers.downloads/cache/metadata-1537.htm
07-05 12:15:41.455   545 16258 I DownloadManager: in removeSpuriousFiles, preserving file /data/data/com.android.providers.downloads/cache/metadata-985.htm
07-05 12:15:41.455   545 16258 I DownloadManager: in removeSpuriousFiles, preserving file /data/data/com.android.providers.downloads/cache/metadata-621.htm
07-05 12:15:41.459   545 16258 I DownloadManager: in removeSpuriousFiles, preserving file /data/data/com.android.providers.downloads/cache/metadata-290.htm
07-05 12:15:41.459   545 16258 I DownloadManager: in removeSpuriousFiles, preserving file /data/data/com.android.providers.downloads/cache/metadata-1431.htm
07-05 12:15:41.459   545 16258 I DownloadManager: in removeSpuriousFiles, preserving file /data/data/com.android.providers.downloads/cache/metadata-700.htm
07-05 12:15:41.459   545 16258 I DownloadManager: in removeSpuriousFiles, preserving file /data/data/com.android.providers.downloads/cache/metadata-610.htm
07-05 12:15:41.459   545 16258 I DownloadManager: in removeSpuriousFiles, preserving file /data/data/com.android.providers.downloads/cache/metadata-1127.htm
07-05 12:15:41.459   545 16258 I DownloadManager: in removeSpuriousFiles, preserving file /data/data/com.android.providers.downloads/cache/metadata-1673.htm
07-05 12:15:41.459   545 16258 I DownloadManager: in removeSpuriousFiles, preserving file /data/data/com.android.providers.downloads/cache/metadata-1160.htm
07-05 12:15:41.459   545 16258 I DownloadManager: in removeSpuriousFiles, preserving file /data/data/com.android.providers.downloads/cache/metadata-536.htm
07-05 12:15:41.459   545 16258 I DownloadManager: in removeSpuriousFiles, preserving file /data/data/com.android.providers.downloads/cache/metadata-566.htm
07-05 12:15:41.459   545 16258 I DownloadManager: in removeSpuriousFiles, preserving file /data/data/com.android.providers.downloads/cache/metadata-986.htm
07-05 12:15:41.459   545 16258 I DownloadManager: in removeSpuriousFiles, preserving file /data/data/com.android.providers.downloads/cache/metadata-1141.htm
07-05 12:15:41.459   545 16258 I DownloadManager: in removeSpuriousFiles, preserving file /data/data/com.android.providers.downloads/cache/metadata-899.htm
07-05 12:15:41.459   545 16258 I DownloadManager: in removeSpuriousFiles, preserving file /data/data/com.android.providers.downloads/cache/metadata-1301.htm
07-05 12:15:41.459   545 16258 I DownloadManager: in removeSpuriousFiles, preserving file /data/data/com.android.providers.downloads/cache/metadata-1081.htm
07-05 12:15:41.459   545 16258 I DownloadManager: in removeSpuriousFiles, preserving file /data/data/com.android.providers.downloads/cache/metadata-1004.htm
07-05 12:15:41.467   545 16258 I DownloadManager: in removeSpuriousFiles, preserving file /data/data/com.android.providers.downloads/cache/metadata-479.htm
07-05 12:15:41.467   545 16258 I DownloadManager: in removeSpuriousFiles, preserving file /data/data/com.android.providers.downloads/cache/metadata-937.htm
07-05 12:15:41.467   545 16258 I DownloadManager: in removeSpuriousFiles, preserving file /data/data/com.android.providers.downloads/cache/metadata-1347.htm
07-05 12:15:41.467   545 16258 I DownloadManager: in removeSpuriousFiles, preserving file /data/data/com.android.providers.downloads/cache/metadata-829.htm
07-05 12:15:41.467   545 16258 I DownloadManager: in removeSpuriousFiles, preserving file /data/data/com.android.providers.downloads/cache/metadata-529.htm
07-05 12:15:41.467   545 16258 I DownloadManager: in removeSpuriousFiles, preserving file /data/data/com.android.providers.downloads/cache/metadata-512.htm
07-05 12:15:41.467   545 16258 I DownloadManager: in removeSpuriousFiles, preserving file /data/data/com.android.providers.downloads/cache/metadata-1342.htm
07-05 12:15:41.467   545 16258 I DownloadManager: in removeSpuriousFiles, preserving file /data/data/com.android.providers.downloads/cache/metadata-969.htm
07-05 12:15:41.467   545 16258 I DownloadManager: in removeSpuriousFiles, preserving file /data/data/com.android.providers.downloads/cache/metadata-606.htm
07-05 12:15:41.467   545 16258 I DownloadManager: in removeSpuriousFiles, preserving file /data/data/com.android.providers.downloads/cache/metadata-1011.htm
07-05 12:15:41.467   545 16258 I DownloadManager: in removeSpuriousFiles, preserving file /data/data/com.android.providers.downloads/cache/metadata-1143.htm
07-05 12:15:41.467   545 16258 I DownloadManager: in removeSpuriousFiles, preserving file /data/data/com.android.providers.downloads/cache/metadata-1034.htm
07-05 12:15:41.467   545 16258 I DownloadManager: in removeSpuriousFiles, preserving file /data/data/com.android.providers.downloads/cache/metadata-1626.htm
07-05 12:15:41.467   545 16258 I DownloadManager: in removeSpuriousFiles, preserving file /data/data/com.android.providers.downloads/cache/metadata-1015.htm
07-05 12:15:41.470   545 16258 I DownloadManager: in removeSpuriousFiles, preserving file /data/data/com.android.providers.downloads/cache/metadata-597.htm
07-05 12:15:41.470   545 16258 I DownloadManager: in removeSpuriousFiles, preserving file /data/data/com.android.providers.downloads/cache/metadata-766.htm
07-05 12:15:41.470   545 16258 I DownloadManager: in removeSpuriousFiles, preserving file /data/data/com.android.providers.downloads/cache/metadata-625.htm
07-05 12:15:41.470   545 16258 I DownloadManager: in removeSpuriousFiles, preserving file /data/data/com.android.providers.downloads/cache/metadata-755.htm
07-05 12:15:41.470   545 16258 I DownloadManager: in removeSpuriousFiles, preserving file /data/data/com.android.providers.downloads/cache/metadata-756.htm
07-05 12:15:41.470   545 16258 I DownloadManager: in removeSpuriousFiles, preserving file /data/data/com.android.providers.downloads/cache/metadata-1207.htm
07-05 12:15:41.470   545 16258 I DownloadManager: in removeSpuriousFiles, preserving file /data/data/com.android.providers.downloads/cache/metadata-598.htm
07-05 12:15:41.470   545 16258 I DownloadManager: in removeSpuriousFiles, preserving file /data/data/com.android.providers.downloads/cache/metadata-1203.htm
07-05 12:15:41.470   545 16258 I DownloadManager: in removeSpuriousFiles, preserving file /data/data/com.android.providers.downloads/cache/metadata-787.htm
07-05 12:15:41.470   545 16258 I DownloadManager: in removeSpuriousFiles, preserving file /data/data/com.android.providers.downloads/cache/metadata-1425.htm
07-05 12:15:41.470   545 16258 I DownloadManager: in removeSpuriousFiles, preserving file /data/data/com.android.providers.downloads/cache/metadata-1491.htm
07-05 12:15:41.470   545 16258 I DownloadManager: in removeSpuriousFiles, preserving file /data/data/com.android.providers.downloads/cache/metadata-742.htm
07-05 12:15:41.470   545 16258 I DownloadManager: in removeSpuriousFiles, preserving file /data/data/com.android.providers.downloads/cache/metadata-573.htm
07-05 12:15:41.470   545 16258 I DownloadManager: in removeSpuriousFiles, preserving file /data/data/com.android.providers.downloads/cache/metadata-647.htm
07-05 12:15:41.474   545 16258 I DownloadManager: in removeSpuriousFiles, preserving file /data/data/com.android.providers.downloads/cache/metadata-739.htm
07-05 12:15:41.474   545 16258 I DownloadManager: in removeSpuriousFiles, preserving file /data/data/com.android.providers.downloads/cache/metadata-1484.htm
07-05 12:15:41.474   545 16258 I DownloadManager: in removeSpuriousFiles, preserving file /data/data/com.android.providers.downloads/cache/metadata-1124.htm
07-05 12:15:41.474   545 16258 I DownloadManager: in removeSpuriousFiles, preserving file /data/data/com.android.providers.downloads/cache/metadata-1129.htm
07-05 12:15:41.474   545 16258 I DownloadManager: in removeSpuriousFiles, preserving file /data/data/com.android.providers.downloads/cache/metadata-644.htm
07-05 12:15:41.474   545 16258 I DownloadManager: in removeSpuriousFiles, preserving file /data/data/com.android.providers.downloads/cache/metadata-942.htm
07-05 12:15:41.474   545 16258 I DownloadManager: in removeSpuriousFiles, preserving file /data/data/com.android.providers.downloads/cache/metadata-868.htm
07-05 12:15:41.474   545 16258 I DownloadManager: in removeSpuriousFiles, preserving file /data/data/com.android.providers.downloads/cache/metadata-1308.htm
07-05 12:15:41.474   545 16258 I DownloadManager: in removeSpuriousFiles, preserving file /data/data/com.android.providers.downloads/cache/metadata-997.htm
07-05 12:15:41.474   545 16258 I DownloadManager: in removeSpuriousFiles, preserving file /data/data/com.android.providers.downloads/cache/metadata-1027.htm
07-05 12:15:41.474   545 16258 I DownloadManager: in removeSpuriousFiles, preserving file /data/data/com.android.providers.downloads/cache/metadata-1732.htm
07-05 12:15:41.474   545 16258 I DownloadManager: in removeSpuriousFiles, preserving file /data/data/com.android.providers.downloads/cache/metadata-1112.htm
07-05 12:15:41.474   545 16258 I DownloadManager: in removeSpuriousFiles, preserving file /data/data/com.android.providers.downloads/cache/metadata-605.htm
07-05 12:15:41.478   545 16258 I DownloadManager: in removeSpuriousFiles, preserving file /data/data/com.android.providers.downloads/cache/metadata-1128.htm
07-05 12:15:41.478   545 16258 I DownloadManager: in removeSpuriousFiles, preserving file /data/data/com.android.providers.downloads/cache/metadata-1069.htm
07-05 12:15:41.478   545 16258 I DownloadManager: in removeSpuriousFiles, preserving file /data/data/com.android.providers.downloads/cache/metadata-1340.htm
07-05 12:15:41.478   545 16258 I DownloadManager: in removeSpuriousFiles, preserving file /data/data/com.android.providers.downloads/cache/metadata-1988.htm
07-05 12:15:41.478   545 16258 I DownloadManager: in removeSpuriousFiles, preserving file /data/data/com.android.providers.downloads/cache/metadata-1326.htm
07-05 12:15:41.478   545 16258 I DownloadManager: in removeSpuriousFiles, preserving file /data/data/com.android.providers.downloads/cache/metadata-299.htm
07-05 12:15:41.478   545 16258 I DownloadManager: in removeSpuriousFiles, preserving file /data/data/com.android.providers.downloads/cache/metadata-1254.htm
07-05 12:15:41.478   545 16258 I DownloadManager: in removeSpuriousFiles, preserving file /data/data/com.android.providers.downloads/cache/metadata-517.htm
07-05 12:15:41.478   545 16258 I DownloadManager: in removeSpuriousFiles, preserving file /data/data/com.android.providers.downloads/cache/metadata-1384.htm
07-05 12:15:41.478   545 16258 I DownloadManager: in removeSpuriousFiles, preserving file /data/data/com.android.providers.downloads/cache/metadata-1339.htm
07-05 12:15:41.478   545 16258 I DownloadManager: in removeSpuriousFiles, preserving file /data/data/com.android.providers.downloads/cache/metadata-69.htm
07-05 12:15:41.478   545 16258 I DownloadManager: in removeSpuriousFiles, preserving file /data/data/com.android.providers.downloads/cache/metadata-1377.htm
07-05 12:15:41.478   545 16258 I DownloadManager: in removeSpuriousFiles, preserving file /data/data/com.android.providers.downloads/cache/metadata-402.htm
07-05 12:15:41.478   545 16258 I DownloadManager: in removeSpuriousFiles, preserving file /data/data/com.android.providers.downloads/cache/metadata-594.htm
07-05 12:15:41.478   545 16258 I DownloadManager: in removeSpuriousFiles, preserving file /data/data/com.android.providers.downloads/cache/metadata-784.htm
07-05 12:15:41.478   545 16258 I DownloadManager: in removeSpuriousFiles, preserving file /data/data/com.android.providers.downloads/cache/metadata-1070.htm
07-05 12:15:41.478   545 16258 I DownloadManager: in removeSpuriousFiles, preserving file /data/data/com.android.providers.downloads/cache/metadata-1332.htm
07-05 12:15:41.478   545 16258 I DownloadManager: in removeSpuriousFiles, preserving file /data/data/com.android.providers.downloads/cache/metadata-1126.htm
07-05 12:15:41.478   545 16258 I DownloadManager: in removeSpuriousFiles, preserving file /data/data/com.android.providers.downloads/cache/metadata-1243.htm
07-05 12:15:41.482   545 16258 I DownloadManager: in removeSpuriousFiles, preserving file /data/data/com.android.providers.downloads/cache/metadata-1003.htm
07-05 12:15:41.482   545 16258 I DownloadManager: in removeSpuriousFiles, preserving file /data/data/com.android.providers.downloads/cache/metadata-1282.htm
07-05 12:15:41.482   545 16258 I DownloadManager: in removeSpuriousFiles, preserving file /data/data/com.android.providers.downloads/cache/metadata-1325.htm
07-05 12:15:41.482   545 16258 I DownloadManager: in removeSpuriousFiles, preserving file /data/data/com.android.providers.downloads/cache/metadata-1013.htm
07-05 12:15:41.482   545 16258 I DownloadManager: in removeSpuriousFiles, preserving file /data/data/com.android.providers.downloads/cache/metadata-681.htm
07-05 12:15:41.482   545 16258 I DownloadManager: in removeSpuriousFiles, preserving file /data/data/com.android.providers.downloads/cache/metadata-302.htm
07-05 12:15:41.482   545 16258 I DownloadManager: in removeSpuriousFiles, preserving file /data/data/com.android.providers.downloads/cache/metadata-95.htm
07-05 12:15:41.482   545 16258 I DownloadManager: in removeSpuriousFiles, preserving file /data/data/com.android.providers.downloads/cache/metadata-701.htm
07-05 12:15:41.482   545 16258 I DownloadManager: in removeSpuriousFiles, preserving file /data/data/com.android.providers.downloads/cache/metadata-1879.htm
07-05 12:15:41.482   545 16258 I DownloadManager: in removeSpuriousFiles, preserving file /data/data/com.android.providers.downloads/cache/metadata-477.htm
07-05 12:15:41.482   545 16258 I DownloadManager: in removeSpuriousFiles, preserving file /data/data/com.android.providers.downloads/cache/metadata-614.htm
07-05 12:15:41.482   545 16258 I DownloadManager: in removeSpuriousFiles, preserving file /data/data/com.android.providers.downloads/cache/metadata-481.htm
07-05 12:15:41.482   545 16258 I DownloadManager: in removeSpuriousFiles, preserving file /data/data/com.android.providers.downloads/cache/metadata-1564.htm
07-05 12:15:41.482   545 16258 I DownloadManager: in removeSpuriousFiles, preserving file /data/data/com.android.providers.downloads/cache/metadata-527.htm
07-05 12:15:41.486   545 16258 I DownloadManager: in removeSpuriousFiles, preserving file /data/data/com.android.providers.downloads/cache/metadata-547.htm
07-05 12:15:41.486   545 16258 I DownloadManager: in removeSpuriousFiles, preserving file /data/data/com.android.providers.downloads/cache/metadata-816.htm
07-05 12:15:41.486   545 16258 I DownloadManager: in removeSpuriousFiles, preserving file /data/data/com.android.providers.downloads/cache/metadata-897.htm
07-05 12:15:41.486   545 16258 I DownloadManager: in removeSpuriousFiles, preserving file /data/data/com.android.providers.downloads/cache/metadata-1358.htm
07-05 12:15:41.486   545 16258 I DownloadManager: in removeSpuriousFiles, preserving file /data/data/com.android.providers.downloads/cache/metadata-923.htm
07-05 12:15:41.486   545 16258 I DownloadManager: in removeSpuriousFiles, preserving file /data/data/com.android.providers.downloads/cache/metadata-743.htm
07-05 12:15:41.486   545 16258 I DownloadManager: in removeSpuriousFiles, preserving file /data/data/com.android.providers.downloads/cache/metadata-1103.htm
07-05 12:15:41.486   545 16258 I DownloadManager: in removeSpuriousFiles, preserving file /data/data/com.android.providers.downloads/cache/metadata-1195.htm
07-05 12:15:41.486   545 16258 I DownloadManager: in removeSpuriousFiles, preserving file /data/data/com.android.providers.downloads/cache/metadata-1177.htm
07-05 12:15:41.486   545 16258 I DownloadManager: in removeSpuriousFiles, preserving file /data/data/com.android.providers.downloads/cache/metadata-2058.htm
07-05 12:15:41.486   545 16258 I DownloadManager: in removeSpuriousFiles, preserving file /data/data/com.android.providers.downloads/cache/metadata-1150.htm
07-05 12:15:41.486   545 16258 I DownloadManager: in removeSpuriousFiles, preserving file /data/data/com.android.providers.downloads/cache/metadata-687.htm
07-05 12:15:41.486   545 16258 I DownloadManager: in removeSpuriousFiles, preserving file /data/data/com.android.providers.downloads/cache/metadata-651.htm
07-05 12:15:41.486   545 16258 I DownloadManager: in removeSpuriousFiles, preserving file /data/data/com.android.providers.downloads/cache/metadata-1234.htm
07-05 12:15:41.486   545 16258 I DownloadManager: in removeSpuriousFiles, preserving file /data/data/com.android.providers.downloads/cache/metadata-759.htm
07-05 12:15:41.486   545 16258 I DownloadManager: in removeSpuriousFiles, preserving file /data/data/com.android.providers.downloads/cache/metadata-1057.htm
07-05 12:15:41.490   545 16258 I DownloadManager: in removeSpuriousFiles, preserving file /data/data/com.android.providers.downloads/cache/metadata-509.htm
07-05 12:15:41.490   545 16258 I DownloadManager: in removeSpuriousFiles, preserving file /data/data/com.android.providers.downloads/cache/metadata-1360.htm
07-05 12:15:41.490   545 16258 I DownloadManager: in removeSpuriousFiles, preserving file /data/data/com.android.providers.downloads/cache/metadata-584.htm
07-05 12:15:41.490   545 16258 I DownloadManager: in removeSpuriousFiles, preserving file /data/data/com.android.providers.downloads/cache/metadata-906.htm
07-05 12:15:41.490   545 16258 I DownloadManager: in removeSpuriousFiles, preserving file /data/data/com.android.providers.downloads/cache/metadata-1539.htm
07-05 12:15:41.490   545 16258 I DownloadManager: in removeSpuriousFiles, preserving file /data/data/com.android.providers.downloads/cache/metadata-1054.htm
07-05 12:15:41.490   545 16258 I DownloadManager: in removeSpuriousFiles, preserving file /data/data/com.android.providers.downloads/cache/metadata-1142.htm
07-05 12:15:41.490   545 16258 I DownloadManager: in removeSpuriousFiles, preserving file /data/data/com.android.providers.downloads/cache/metadata-1101.htm
07-05 12:15:41.490   545 16258 I DownloadManager: in removeSpuriousFiles, preserving file /data/data/com.android.providers.downloads/cache/metadata-1621.htm
07-05 12:15:41.490   545 16258 I DownloadManager: in removeSpuriousFiles, preserving file /data/data/com.android.providers.downloads/cache/metadata-1010.htm
07-05 12:15:41.490   545 16258 I DownloadManager: in removeSpuriousFiles, preserving file /data/data/com.android.providers.downloads/cache/metadata-372.htm
07-05 12:15:41.490   545 16258 I DownloadManager: in removeSpuriousFiles, preserving file /data/data/com.android.providers.downloads/cache/metadata-895.htm
07-05 12:15:41.490   545 16258 I DownloadManager: in removeSpuriousFiles, preserving file /data/data/com.android.providers.downloads/cache/metadata-1394.htm
07-05 12:15:41.490   545 16258 I DownloadManager: in removeSpuriousFiles, preserving file /data/data/com.android.providers.downloads/cache/metadata-1930.htm
07-05 12:15:41.490   545 16258 I DownloadManager: in removeSpuriousFiles, preserving file /data/data/com.android.providers.downloads/cache/metadata-588.htm
07-05 12:15:41.494   545 16258 I DownloadManager: in removeSpuriousFiles, preserving file /data/data/com.android.providers.downloads/cache/metadata-799.htm
07-05 12:15:41.494   545 16258 I DownloadManager: in removeSpuriousFiles, preserving file /data/data/com.android.providers.downloads/cache/metadata-1666.htm
07-05 12:15:41.494   545 16258 I DownloadManager: in removeSpuriousFiles, preserving file /data/data/com.android.providers.downloads/cache/metadata-848.htm
07-05 12:15:41.494   545 16258 I DownloadManager: in removeSpuriousFiles, preserving file /data/data/com.android.providers.downloads/cache/metadata-1065.htm
07-05 12:15:41.494   545 16258 I DownloadManager: in removeSpuriousFiles, preserving file /data/data/com.android.providers.downloads/cache/metadata-1220.htm
07-05 12:15:41.494   545 16258 I DownloadManager: in removeSpuriousFiles, preserving file /data/data/com.android.providers.downloads/cache/metadata-1522.htm
07-05 12:15:41.494   545 16258 I DownloadManager: in removeSpuriousFiles, preserving file /data/data/com.android.providers.downloads/cache/metadata-1040.htm
07-05 12:15:41.494   545 16258 I DownloadManager: in removeSpuriousFiles, preserving file /data/data/com.android.providers.downloads/cache/metadata-571.htm
07-05 12:15:41.494   545 16258 I DownloadManager: in removeSpuriousFiles, preserving file /data/data/com.android.providers.downloads/cache/metadata-1381.htm
07-05 12:15:41.494   545 16258 I DownloadManager: in removeSpuriousFiles, preserving file /data/data/com.android.providers.downloads/cache/metadata-1415.htm
07-05 12:15:41.494   545 16258 I DownloadManager: in removeSpuriousFiles, preserving file /data/data/com.android.providers.downloads/cache/metadata-711.htm
07-05 12:15:41.494   545 16258 I DownloadManager: in removeSpuriousFiles, preserving file /data/data/com.android.providers.downloads/cache/metadata-1466.htm
07-05 12:15:41.494   545 16258 I DownloadManager: in removeSpuriousFiles, preserving file /data/data/com.android.providers.downloads/cache/metadata-837.htm
07-05 12:15:41.494   545 16258 I DownloadManager: in removeSpuriousFiles, preserving file /data/data/com.android.providers.downloads/cache/metadata-1533.htm
07-05 12:15:41.494   545 16258 I DownloadManager: in removeSpuriousFiles, preserving file /data/data/com.android.providers.downloads/cache/metadata-1264.htm
07-05 12:15:41.494   545 16258 I DownloadManager: in removeSpuriousFiles, preserving file /data/data/com.android.providers.downloads/cache/metadata-655.htm
07-05 12:15:41.498   545 16258 I DownloadManager: in removeSpuriousFiles, preserving file /data/data/com.android.providers.downloads/cache/metadata-550.htm
07-05 12:15:41.498   545 16258 I DownloadManager: in removeSpuriousFiles, preserving file /data/data/com.android.providers.downloads/cache/metadata-910.htm
07-05 12:15:41.498   545 16258 I DownloadManager: in removeSpuriousFiles, preserving file /data/data/com.android.providers.downloads/cache/metadata-1646.htm
07-05 12:15:41.498   545 16258 I DownloadManager: in removeSpuriousFiles, preserving file /data/data/com.android.providers.downloads/cache/metadata-1439.htm
07-05 12:15:41.498   545 16258 I DownloadManager: in removeSpuriousFiles, preserving file /data/data/com.android.providers.downloads/cache/metadata-1649.htm
07-05 12:15:41.498   545 16258 I DownloadManager: in removeSpuriousFiles, preserving file /data/data/com.android.providers.downloads/cache/metadata-1079.htm
07-05 12:15:41.498   545 16258 I DownloadManager: in removeSpuriousFiles, preserving file /data/data/com.android.providers.downloads/cache/metadata-656.htm
07-05 12:15:41.498   545 16258 I DownloadManager: in removeSpuriousFiles, preserving file /data/data/com.android.providers.downloads/cache/metadata-474.htm
07-05 12:15:41.498   545 16258 I DownloadManager: in removeSpuriousFiles, preserving file /data/data/com.android.providers.downloads/cache/metadata-1194.htm
07-05 12:15:41.498   545 16258 I DownloadManager: in removeSpuriousFiles, preserving file /data/data/com.android.providers.downloads/cache/metadata-1157.htm
07-05 12:15:41.498   545 16258 I DownloadManager: in removeSpuriousFiles, preserving file /data/data/com.android.providers.downloads/cache/metadata-697.htm
07-05 12:15:41.498   545 16258 I DownloadManager: in removeSpuriousFiles, preserving file /data/data/com.android.providers.downloads/cache/metadata-977.htm
07-05 12:15:41.498   545 16258 I DownloadManager: in removeSpuriousFiles, preserving file /data/data/com.android.providers.downloads/cache/metadata-393.htm
07-05 12:15:41.498   545 16258 I DownloadManager: in removeSpuriousFiles, preserving file /data/data/com.android.providers.downloads/cache/metadata-1324.htm
07-05 12:15:41.502   545 16258 I DownloadManager: in removeSpuriousFiles, preserving file /data/data/com.android.providers.downloads/cache/metadata-2047.htm
07-05 12:15:41.502   545 16258 I DownloadManager: in removeSpuriousFiles, preserving file /data/data/com.android.providers.downloads/cache/metadata-878.htm
07-05 12:15:41.502   545 16258 I DownloadManager: in removeSpuriousFiles, preserving file /data/data/com.android.providers.downloads/cache/metadata-1078.htm
07-05 12:15:41.502   545 16258 I DownloadManager: in removeSpuriousFiles, preserving file /data/data/com.android.providers.downloads/cache/metadata-850.htm
07-05 12:15:41.502   545 16258 I DownloadManager: in removeSpuriousFiles, preserving file /data/data/com.android.providers.downloads/cache/metadata-1498.htm
07-05 12:15:41.502   545 16258 I DownloadManager: in removeSpuriousFiles, preserving file /data/data/com.android.providers.downloads/cache/metadata-1532.htm
07-05 12:15:41.502   545 16258 I DownloadManager: in removeSpuriousFiles, preserving file /data/data/com.android.providers.downloads/cache/metadata-1170.htm
07-05 12:15:41.502   545 16258 I DownloadManager: in removeSpuriousFiles, preserving file /data/data/com.android.providers.downloads/cache/metadata-1393.htm
07-05 12:15:41.502   545 16258 I DownloadManager: in removeSpuriousFiles, preserving file /data/data/com.android.providers.downloads/cache/metadata-1613.htm
07-05 12:15:41.502   545 16258 I DownloadManager: in removeSpuriousFiles, preserving file /data/data/com.android.providers.downloads/cache/metadata-1479.htm
07-05 12:15:41.502   545 16258 I DownloadManager: in removeSpuriousFiles, preserving file /data/data/com.android.providers.downloads/cache/metadata-1839.htm
07-05 12:15:41.502   545 16258 I DownloadManager: in removeSpuriousFiles, preserving file /data/data/com.android.providers.downloads/cache/metadata-789.htm
07-05 12:15:41.502   545 16258 I DownloadManager: in removeSpuriousFiles, preserving file /data/data/com.android.providers.downloads/cache/metadata-1401.htm
07-05 12:15:41.502   545 16258 I DownloadManager: in removeSpuriousFiles, preserving file /data/data/com.android.providers.downloads/cache/metadata-1426.htm
07-05 12:15:41.502   545 16258 I DownloadManager: in removeSpuriousFiles, preserving file /data/data/com.android.providers.downloads/cache/metadata-1311.htm
07-05 12:15:41.502   545 16258 I DownloadManager: in removeSpuriousFiles, preserving file /data/data/com.android.providers.downloads/cache/metadata-1906.htm
07-05 12:15:41.506   545 16258 I DownloadManager: in removeSpuriousFiles, preserving file /data/data/com.android.providers.downloads/cache/metadata-1511.htm
07-05 12:15:41.506   545 16258 I DownloadManager: in removeSpuriousFiles, preserving file /data/data/com.android.providers.downloads/cache/metadata-800.htm
07-05 12:15:41.506   545 16258 I DownloadManager: in removeSpuriousFiles, preserving file /data/data/com.android.providers.downloads/cache/metadata-637.htm
07-05 12:15:41.506   545 16258 I DownloadManager: in removeSpuriousFiles, preserving file /data/data/com.android.providers.downloads/cache/metadata-988.htm
07-05 12:15:41.506   545 16258 I DownloadManager: in removeSpuriousFiles, preserving file /data/data/com.android.providers.downloads/cache/metadata-851.htm
07-05 12:15:41.506   545 16258 I DownloadManager: in removeSpuriousFiles, preserving file /data/data/com.android.providers.downloads/cache/metadata-1165.htm
07-05 12:15:41.506   545 16258 I DownloadManager: in removeSpuriousFiles, preserving file /data/data/com.android.providers.downloads/cache/metadata-1273.htm
07-05 12:15:41.506   545 16258 I DownloadManager: in removeSpuriousFiles, preserving file /data/data/com.android.providers.downloads/cache/metadata-2084.htm
07-05 12:15:41.506   545 16258 I DownloadManager: in removeSpuriousFiles, preserving file /data/data/com.android.providers.downloads/cache/metadata-1116.htm
07-05 12:15:41.506   545 16258 I DownloadManager: in removeSpuriousFiles, preserving file /data/data/com.android.providers.downloads/cache/metadata-860.htm
07-05 12:15:41.506   545 16258 I DownloadManager: in removeSpuriousFiles, preserving file /data/data/com.android.providers.downloads/cache/metadata-948.htm
07-05 12:15:41.506   545 16258 I DownloadManager: in removeSpuriousFiles, preserving file /data/data/com.android.providers.downloads/cache/metadata-1125.htm
07-05 12:15:41.506   545 16258 I DownloadManager: in removeSpuriousFiles, preserving file /data/data/com.android.providers.downloads/cache/metadata-863.htm
07-05 12:15:41.506   545 16258 I DownloadManager: in removeSpuriousFiles, preserving file /data/data/com.android.providers.downloads/cache/metadata-567.htm
07-05 12:15:41.510   545 16258 I DownloadManager: in removeSpuriousFiles, preserving file /data/data/com.android.providers.downloads/cache/metadata-643.htm
07-05 12:15:41.510   545 16258 I DownloadManager: in removeSpuriousFiles, preserving file /data/data/com.android.providers.downloads/cache/metadata-1449.htm
07-05 12:15:41.510   545 16258 I DownloadManager: in removeSpuriousFiles, preserving file /data/data/com.android.providers.downloads/cache/metadata-1139.htm
07-05 12:15:41.510   545 16258 I DownloadManager: in removeSpuriousFiles, preserving file /data/data/com.android.providers.downloads/cache/metadata-698.htm
07-05 12:15:41.510   545 16258 I DownloadManager: in removeSpuriousFiles, preserving file /data/data/com.android.providers.downloads/cache/metadata-1580.htm
07-05 12:15:41.510   545 16258 I DownloadManager: in removeSpuriousFiles, preserving file /data/data/com.android.providers.downloads/cache/metadata-1033.htm
07-05 12:15:41.510   545 16258 I DownloadManager: in removeSpuriousFiles, preserving file /data/data/com.android.providers.downloads/cache/metadata-604.htm
07-05 12:15:41.510   545 16258 I DownloadManager: in removeSpuriousFiles, preserving file /data/data/com.android.providers.downloads/cache/metadata.htm
07-05 12:15:41.510   545 16258 I DownloadManager: in removeSpuriousFiles, preserving file /data/data/com.android.providers.downloads/cache/metadata-3.htm
07-05 12:15:41.510   545 16258 I DownloadManager: in removeSpuriousFiles, preserving file /data/data/com.android.providers.downloads/cache/metadata-5.htm
07-05 12:15:41.510   545 16258 I DownloadManager: in removeSpuriousFiles, preserving file /data/data/com.android.providers.downloads/cache/metadata-7.htm
07-05 12:15:41.510   545 16258 I DownloadManager: in removeSpuriousFiles, preserving file /data/data/com.android.providers.downloads/cache/metadata-9.htm
07-05 12:15:41.510   545 16258 I DownloadManager: in removeSpuriousFiles, preserving file /data/data/com.android.providers.downloads/cache/metadata-16.htm
07-05 12:15:41.510   545 16258 I DownloadManager: in removeSpuriousFiles, preserving file /data/data/com.android.providers.downloads/cache/metadata-14.htm
07-05 12:15:41.510   545 16258 I DownloadManager: in removeSpuriousFiles, preserving file /data/data/com.android.providers.downloads/cache/metadata-1480.htm
07-05 12:15:41.510   545 16258 I DownloadManager: in removeSpuriousFiles, preserving file /data/data/com.android.providers.downloads/cache/metadata-1303.htm
07-05 12:15:41.510   545 16258 I DownloadManager: in removeSpuriousFiles, preserving file /data/data/com.android.providers.downloads/cache/metadata-1221.htm
07-05 12:15:41.510   545 16258 I DownloadManager: in removeSpuriousFiles, preserving file /data/data/com.android.providers.downloads/cache/metadata-664.htm
07-05 12:15:41.510   545 16258 I DownloadManager: in removeSpuriousFiles, preserving file /data/data/com.android.providers.downloads/cache/metadata-630.htm
07-05 12:15:41.510   545 16258 I DownloadManager: in removeSpuriousFiles, preserving file /data/data/com.android.providers.downloads/cache/metadata-387.htm
07-05 12:15:41.510   545 16258 I DownloadManager: in removeSpuriousFiles, preserving file /data/data/com.android.providers.downloads/cache/metadata-1173.htm
07-05 12:15:41.513   545 16258 I DownloadManager: in removeSpuriousFiles, preserving file /data/data/com.android.providers.downloads/cache/metadata-442.htm
07-05 12:15:41.513   545 16258 I DownloadManager: in removeSpuriousFiles, preserving file /data/data/com.android.providers.downloads/cache/metadata-563.htm
07-05 12:15:41.513   545 16258 I DownloadManager: in removeSpuriousFiles, preserving file /data/data/com.android.providers.downloads/cache/metadata-355.htm
07-05 12:15:41.513   545 16258 I DownloadManager: in removeSpuriousFiles, preserving file /data/data/com.android.providers.downloads/cache/metadata-1785.htm
07-05 12:15:41.513   545 16258 I DownloadManager: in removeSpuriousFiles, preserving file /data/data/com.android.providers.downloads/cache/metadata-489.htm
07-05 12:15:41.513   545 16258 I DownloadManager: in removeSpuriousFiles, preserving file /data/data/com.android.providers.downloads/cache/metadata-395.htm
07-05 12:15:41.513   545 16258 I DownloadManager: in removeSpuriousFiles, preserving file /data/data/com.android.providers.downloads/cache/metadata-569.htm
07-05 12:15:41.513   545 16258 I DownloadManager: in removeSpuriousFiles, preserving file /data/data/com.android.providers.downloads/cache/metadata-1315.htm
07-05 12:15:41.513   545 16258 I DownloadManager: in removeSpuriousFiles, preserving file /data/data/com.android.providers.downloads/cache/metadata-645.htm
07-05 12:15:41.513   545 16258 I DownloadManager: in removeSpuriousFiles, preserving file /data/data/com.android.providers.downloads/cache/metadata-1527.htm
07-05 12:15:41.513   545 16258 I DownloadManager: in removeSpuriousFiles, preserving file /data/data/com.android.providers.downloads/cache/metadata-12.htm
07-05 12:15:41.513   545 16258 I DownloadManager: in removeSpuriousFiles, preserving file /data/data/com.android.providers.downloads/cache/metadata-796.htm
07-05 12:15:41.513   545 16258 I DownloadManager: in removeSpuriousFiles, preserving file /data/data/com.android.providers.downloads/cache/metadata-513.htm
07-05 12:15:41.513   545 16258 I DownloadManager: in removeSpuriousFiles, preserving file /data/data/com.android.providers.downloads/cache/metadata-1050.htm
07-05 12:15:41.513   545 16258 I DownloadManager: in removeSpuriousFiles, preserving file /data/data/com.android.providers.downloads/cache/metadata-534.htm
07-05 12:15:41.517   545 16258 I DownloadManager: in removeSpuriousFiles, preserving file /data/data/com.android.providers.downloads/cache/metadata-1076.htm
07-05 12:15:41.517   545 16258 I DownloadManager: in removeSpuriousFiles, preserving file /data/data/com.android.providers.downloads/cache/metadata-1516.htm
07-05 12:15:41.517   545 16258 I DownloadManager: in removeSpuriousFiles, preserving file /data/data/com.android.providers.downloads/cache/metadata-619.htm
07-05 12:15:41.517   545 16258 I DownloadManager: in removeSpuriousFiles, preserving file /data/data/com.android.providers.downloads/cache/metadata-1300.htm
07-05 12:15:41.517   545 16258 I DownloadManager: in removeSpuriousFiles, preserving file /data/data/com.android.providers.downloads/cache/metadata-607.htm
07-05 12:15:41.517   545 16258 I DownloadManager: in removeSpuriousFiles, preserving file /data/data/com.android.providers.downloads/cache/metadata-1052.htm
07-05 12:15:41.517   545 16258 I DownloadManager: in removeSpuriousFiles, preserving file /data/data/com.android.providers.downloads/cache/metadata-1625.htm
07-05 12:15:41.517   545 16258 I DownloadManager: in removeSpuriousFiles, preserving file /data/data/com.android.providers.downloads/cache/metadata-927.htm
07-05 12:15:41.517   545 16258 I DownloadManager: in removeSpuriousFiles, preserving file /data/data/com.android.providers.downloads/cache/metadata-953.htm
07-05 12:15:41.517   545 16258 I DownloadManager: in removeSpuriousFiles, preserving file /data/data/com.android.providers.downloads/cache/metadata-2217.htm
07-05 12:15:41.517   545 16258 I DownloadManager: in removeSpuriousFiles, preserving file /data/data/com.android.providers.downloads/cache/metadata-919.htm
07-05 12:15:41.517   545 16258 I DownloadManager: in removeSpuriousFiles, preserving file /data/data/com.android.providers.downloads/cache/metadata-1400.htm
07-05 12:15:41.517   545 16258 I DownloadManager: in removeSpuriousFiles, preserving file /data/data/com.android.providers.downloads/cache/metadata-999.htm
07-05 12:15:41.517   545 16258 I DownloadManager: in removeSpuriousFiles, preserving file /data/data/com.android.providers.downloads/cache/metadata-1914.htm
07-05 12:15:41.517   545 16258 I DownloadManager: in removeSpuriousFiles, preserving file /data/data/com.android.providers.downloads/cache/metadata-1335.htm
07-05 12:15:41.517   545 16258 I DownloadManager: in removeSpuriousFiles, preserving file /data/data/com.android.providers.downloads/cache/metadata-982.htm
07-05 12:15:41.521   545 16258 I DownloadManager: in removeSpuriousFiles, preserving file /data/data/com.android.providers.downloads/cache/metadata-1460.htm
07-05 12:15:41.521   545 16258 I DownloadManager: in removeSpuriousFiles, preserving file /data/data/com.android.providers.downloads/cache/metadata-1379.htm
07-05 12:15:41.521   545 16258 I DownloadManager: in removeSpuriousFiles, preserving file /data/data/com.android.providers.downloads/cache/metadata-967.htm
07-05 12:15:41.521   545 16258 I DownloadManager: in removeSpuriousFiles, preserving file /data/data/com.android.providers.downloads/cache/metadata-704.htm
07-05 12:15:41.521   545 16258 I DownloadManager: in removeSpuriousFiles, preserving file /data/data/com.android.providers.downloads/cache/metadata-1406.htm
07-05 12:15:41.521   545 16258 I DownloadManager: in removeSpuriousFiles, preserving file /data/data/com.android.providers.downloads/cache/metadata-780.htm
07-05 12:15:41.521   545 16258 I DownloadManager: in removeSpuriousFiles, preserving file /data/data/com.android.providers.downloads/cache/metadata-1132.htm
07-05 12:15:41.521   545 16258 I DownloadManager: in removeSpuriousFiles, preserving file /data/data/com.android.providers.downloads/cache/metadata-1576.htm
07-05 12:15:41.521   545 16258 I DownloadManager: in removeSpuriousFiles, preserving file /data/data/com.android.providers.downloads/cache/metadata-2261.htm
07-05 12:15:41.521   545 16258 I DownloadManager: in removeSpuriousFiles, preserving file /data/data/com.android.providers.downloads/cache/metadata-775.htm
07-05 12:15:41.521   545 16258 I DownloadManager: in removeSpuriousFiles, preserving file /data/data/com.android.providers.downloads/cache/metadata-1387.htm
07-05 12:15:41.521   545 16258 I DownloadManager: in removeSpuriousFiles, preserving file /data/data/com.android.providers.downloads/cache/metadata-1041.htm
07-05 12:15:41.521   545 16258 I DownloadManager: in removeSpuriousFiles, preserving file /data/data/com.android.providers.downloads/cache/metadata-1525.htm
07-05 12:15:41.521   545 16258 I DownloadManager: in removeSpuriousFiles, preserving file /data/data/com.android.providers.downloads/cache/metadata-857.htm
07-05 12:15:41.521   545 16258 I DownloadManager: in removeSpuriousFiles, preserving file /data/data/com.android.providers.downloads/cache/metadata-1865.htm
07-05 12:15:41.521   545 16258 I DownloadManager: in removeSpuriousFiles, preserving file /data/data/com.android.providers.downloads/cache/metadata-991.htm
07-05 12:15:41.525   545 16258 I DownloadManager: in removeSpuriousFiles, preserving file /data/data/com.android.providers.downloads/cache/metadata-1799.htm
07-05 12:15:41.525   545 16258 I DownloadManager: in removeSpuriousFiles, preserving file /data/data/com.android.providers.downloads/cache/metadata-1742.htm
07-05 12:15:41.525   545 16258 I DownloadManager: in removeSpuriousFiles, preserving file /data/data/com.android.providers.downloads/cache/metadata-957.htm
07-05 12:15:41.525   545 16258 I DownloadManager: in removeSpuriousFiles, preserving file /data/data/com.android.providers.downloads/cache/metadata-2131.htm
07-05 12:15:41.525   545 16258 I DownloadManager: in removeSpuriousFiles, preserving file /data/data/com.android.providers.downloads/cache/metadata-1354.htm
07-05 12:15:41.525   545 16258 I DownloadManager: in removeSpuriousFiles, preserving file /data/data/com.android.providers.downloads/cache/metadata-918.htm
07-05 12:15:41.525   545 16258 I DownloadManager: in removeSpuriousFiles, preserving file /data/data/com.android.providers.downloads/cache/metadata-708.htm
07-05 12:15:41.525   545 16258 I DownloadManager: in removeSpuriousFiles, preserving file /data/data/com.android.providers.downloads/cache/metadata-1289.htm
07-05 12:15:41.525   545 16258 I DownloadManager: in removeSpuriousFiles, preserving file /data/data/com.android.providers.downloads/cache/metadata-827.htm
07-05 12:15:41.525   545 16258 I DownloadManager: in removeSpuriousFiles, preserving file /data/data/com.android.providers.downloads/cache/metadata-1680.htm
07-05 12:15:41.525   545 16258 I DownloadManager: in removeSpuriousFiles, preserving file /data/data/com.android.providers.downloads/cache/metadata-652.htm
07-05 12:15:41.525   545 16258 I DownloadManager: in removeSpuriousFiles, preserving file /data/data/com.android.providers.downloads/cache/metadata-792.htm
07-05 12:15:41.525   545 16258 I DownloadManager: in removeSpuriousFiles, preserving file /data/data/com.android.providers.downloads/cache/metadata-926.htm
07-05 12:15:41.525   545 16258 I DownloadManager: in removeSpuriousFiles, preserving file /data/data/com.android.providers.downloads/cache/metadata-609.htm
07-05 12:15:41.529   545 16258 I DownloadManager: in removeSpuriousFiles, preserving file /data/data/com.android.providers.downloads/cache/metadata-911.htm
07-05 12:15:41.529   545 16258 I DownloadManager: in removeSpuriousFiles, preserving file /data/data/com.android.providers.downloads/cache/metadata-882.htm
07-05 12:15:41.529   545 16258 I DownloadManager: in removeSpuriousFiles, preserving file /data/data/com.android.providers.downloads/cache/metadata-1850.htm
07-05 12:15:41.529   545 16258 I DownloadManager: in removeSpuriousFiles, preserving file /data/data/com.android.providers.downloads/cache/metadata-1210.htm
07-05 12:15:41.529   545 16258 I DownloadManager: in removeSpuriousFiles, preserving file /data/data/com.android.providers.downloads/cache/metadata-1788.htm
07-05 12:15:41.529   545 16258 I DownloadManager: in removeSpuriousFiles, preserving file /data/data/com.android.providers.downloads/cache/metadata-1344.htm
07-05 12:15:41.529   545 16258 I DownloadManager: in removeSpuriousFiles, preserving file /data/data/com.android.providers.downloads/cache/metadata-1811.htm
07-05 12:15:41.529   545 16258 I DownloadManager: in removeSpuriousFiles, preserving file /data/data/com.android.providers.downloads/cache/metadata-1031.htm
07-05 12:15:41.529   545 16258 I DownloadManager: in removeSpuriousFiles, preserving file /data/data/com.android.providers.downloads/cache/metadata-578.htm
07-05 12:15:41.529   545 16258 I DownloadManager: in removeSpuriousFiles, preserving file /data/data/com.android.providers.downloads/cache/metadata-2122.htm
07-05 12:15:41.529   545 16258 I DownloadManager: in removeSpuriousFiles, preserving file /data/data/com.android.providers.downloads/cache/metadata-961.htm
07-05 12:15:41.529   545 16258 I DownloadManager: in removeSpuriousFiles, preserving file /data/data/com.android.providers.downloads/cache/metadata-666.htm
07-05 12:15:41.529   545 16258 I DownloadManager: in removeSpuriousFiles, preserving file /data/data/com.android.providers.downloads/cache/metadata-1859.htm
07-05 12:15:41.529   545 16258 I DownloadManager: in removeSpuriousFiles, preserving file /data/data/com.android.providers.downloads/cache/metadata-1594.htm
07-05 12:15:41.529   545 16258 I DownloadManager: in removeSpuriousFiles, preserving file /data/data/com.android.providers.downloads/cache/metadata-947.htm
07-05 12:15:41.533   545 16258 I DownloadManager: in removeSpuriousFiles, preserving file /data/data/com.android.providers.downloads/cache/metadata-1359.htm
07-05 12:15:41.533   545 16258 I DownloadManager: in removeSpuriousFiles, preserving file /data/data/com.android.providers.downloads/cache/metadata-983.htm
07-05 12:15:41.533   545 16258 I DownloadManager: in removeSpuriousFiles, preserving file /data/data/com.android.providers.downloads/cache/metadata-1361.htm
07-05 12:15:41.533   545 16258 I DownloadManager: in removeSpuriousFiles, preserving file /data/data/com.android.providers.downloads/cache/metadata-661.htm
07-05 12:15:41.533   545 16258 I DownloadManager: in removeSpuriousFiles, preserving file /data/data/com.android.providers.downloads/cache/metadata-1458.htm
07-05 12:15:41.533   545 16258 I DownloadManager: in removeSpuriousFiles, preserving file /data/data/com.android.providers.downloads/cache/metadata-1573.htm
07-05 12:15:41.533   545 16258 I DownloadManager: in removeSpuriousFiles, preserving file /data/data/com.android.providers.downloads/cache/metadata-959.htm
07-05 12:15:41.533   545 16258 I DownloadManager: in removeSpuriousFiles, preserving file /data/data/com.android.providers.downloads/cache/metadata-905.htm
07-05 12:15:41.533   545 16258 I DownloadManager: in removeSpuriousFiles, preserving file /data/data/com.android.providers.downloads/cache/metadata-861.htm
07-05 12:15:41.533   545 16258 I DownloadManager: in removeSpuriousFiles, preserving file /data/data/com.android.providers.downloads/cache/metadata-1855.htm
07-05 12:15:41.533   545 16258 I DownloadManager: in removeSpuriousFiles, preserving file /data/data/com.android.providers.downloads/cache/metadata-1437.htm
07-05 12:15:41.533   545 16258 I DownloadManager: in removeSpuriousFiles, preserving file /data/data/com.android.providers.downloads/cache/metadata-1294.htm
07-05 12:15:41.533   545 16258 I DownloadManager: in removeSpuriousFiles, preserving file /data/data/com.android.providers.downloads/cache/metadata-615.htm
07-05 12:15:41.533   545 16258 I DownloadManager: in removeSpuriousFiles, preserving file /data/data/com.android.providers.downloads/cache/metadata-952.htm
07-05 12:15:41.537   545 16258 I DownloadManager: in removeSpuriousFiles, preserving file /data/data/com.android.providers.downloads/cache/metadata-1328.htm
07-05 12:15:41.537   545 16258 I DownloadManager: in removeSpuriousFiles, preserving file /data/data/com.android.providers.downloads/cache/metadata-2350.htm
07-05 12:15:41.537   545 16258 I DownloadManager: in removeSpuriousFiles, preserving file /data/data/com.android.providers.downloads/cache/metadata-1341.htm
07-05 12:15:41.537   545 16258 I DownloadManager: in removeSpuriousFiles, preserving file /data/data/com.android.providers.downloads/cache/metadata-830.htm
07-05 12:15:41.537   545 16258 I DownloadManager: in removeSpuriousFiles, preserving file /data/data/com.android.providers.downloads/cache/metadata-862.htm
07-05 12:15:41.537   545 16258 I DownloadManager: in removeSpuriousFiles, preserving file /data/data/com.android.providers.downloads/cache/metadata-730.htm
07-05 12:15:41.537   545 16258 I DownloadManager: in removeSpuriousFiles, preserving file /data/data/com.android.providers.downloads/cache/metadata-1900.htm
07-05 12:15:41.537   545 16258 I DownloadManager: in removeSpuriousFiles, preserving file /data/data/com.android.providers.downloads/cache/metadata-1444.htm
07-05 12:15:41.537   545 16258 I DownloadManager: in removeSpuriousFiles, preserving file /data/data/com.android.providers.downloads/cache/metadata-1002.htm
07-05 12:15:41.537   545 16258 I DownloadManager: in removeSpuriousFiles, preserving file /data/data/com.android.providers.downloads/cache/metadata-734.htm
07-05 12:15:41.537   545 16258 I DownloadManager: in removeSpuriousFiles, preserving file /data/data/com.android.providers.downloads/cache/metadata-1075.htm
07-05 12:15:41.537   545 16258 I DownloadManager: in removeSpuriousFiles, preserving file /data/data/com.android.providers.downloads/cache/metadata-1312.htm
07-05 12:15:41.537   545 16258 I DownloadManager: in removeSpuriousFiles, preserving file /data/data/com.android.providers.downloads/cache/metadata-2165.htm
07-05 12:15:41.537   545 16258 I DownloadManager: in removeSpuriousFiles, preserving file /data/data/com.android.providers.downloads/cache/metadata-1123.htm
07-05 12:15:41.537   545 16258 I DownloadManager: in removeSpuriousFiles, preserving file /data/data/com.android.providers.downloads/cache/metadata-693.htm
07-05 12:15:41.541   545 16258 I DownloadManager: in removeSpuriousFiles, preserving file /data/data/com.android.providers.downloads/cache/metadata-1.htm
07-05 12:15:41.541   545 16258 I DownloadManager: in removeSpuriousFiles, preserving file /data/data/com.android.providers.downloads/cache/metadata-4.htm
07-05 12:15:41.541   545 16258 I DownloadManager: in removeSpuriousFiles, preserving file /data/data/com.android.providers.downloads/cache/metadata-6.htm
07-05 12:15:41.541   545 16258 I DownloadManager: in removeSpuriousFiles, preserving file /data/data/com.android.providers.downloads/cache/metadata-10.htm
07-05 12:15:41.541   545 16258 I DownloadManager: in removeSpuriousFiles, preserving file /data/data/com.android.providers.downloads/cache/metadata-21.htm
07-05 12:15:41.541   545 16258 I DownloadManager: in removeSpuriousFiles, preserving file /data/data/com.android.providers.downloads/cache/metadata-11.htm
07-05 12:15:41.541   545 16258 I DownloadManager: in removeSpuriousFiles, preserving file /data/data/com.android.providers.downloads/cache/metadata-15.htm
07-05 12:15:41.541   545 16258 I DownloadManager: in removeSpuriousFiles, preserving file /data/data/com.android.providers.downloads/cache/metadata-31.htm
07-05 12:15:41.541   545 16258 I DownloadManager: in removeSpuriousFiles, preserving file /data/data/com.android.providers.downloads/cache/metadata-13.htm
07-05 12:15:41.541   545 16258 I DownloadManager: in removeSpuriousFiles, preserving file /data/data/com.android.providers.downloads/cache/metadata-22.htm
07-05 12:15:41.541   545 16258 I DownloadManager: in removeSpuriousFiles, preserving file /data/data/com.android.providers.downloads/cache/metadata-29.htm
07-05 12:15:41.541   545 16258 I DownloadManager: in removeSpuriousFiles, preserving file /data/data/com.android.providers.downloads/cache/metadata-37.htm
07-05 12:15:41.541   545 16258 I DownloadManager: in removeSpuriousFiles, preserving file /data/data/com.android.providers.downloads/cache/metadata-34.htm
07-05 12:15:41.541   545 16258 I DownloadManager: in removeSpuriousFiles, preserving file /data/data/com.android.providers.downloads/cache/metadata-28.htm
07-05 12:15:41.541   545 16258 I DownloadManager: in removeSpuriousFiles, preserving file /data/data/com.android.providers.downloads/cache/metadata-23.htm
07-05 12:15:41.541   545 16258 I DownloadManager: in removeSpuriousFiles, preserving file /data/data/com.android.providers.downloads/cache/metadata-1218.htm
07-05 12:15:41.541   545 16258 I DownloadManager: in removeSpuriousFiles, preserving file /data/data/com.android.providers.downloads/cache/metadata-38.htm
07-05 12:15:41.541   545 16258 I DownloadManager: in removeSpuriousFiles, preserving file /data/data/com.android.providers.downloads/cache/metadata-809.htm
07-05 12:15:41.541   545 16258 I DownloadManager: in removeSpuriousFiles, preserving file /data/data/com.android.providers.downloads/cache/metadata-36.htm
07-05 12:15:41.541   545 16258 I DownloadManager: in removeSpuriousFiles, preserving file /data/data/com.android.providers.downloads/cache/metadata-515.htm
07-05 12:15:41.541   545 16258 I DownloadManager: in removeSpuriousFiles, preserving file /data/data/com.android.providers.downloads/cache/metadata-1028.htm
07-05 12:15:41.541   545 16258 I DownloadManager: in removeSpuriousFiles, preserving file /data/data/com.android.providers.downloads/cache/metadata-1295.htm
07-05 12:15:41.541   545 16258 I DownloadManager: in removeSpuriousFiles, preserving file /data/data/com.android.providers.downloads/cache/metadata-1012.htm
07-05 12:15:41.541   545 16258 I DownloadManager: in removeSpuriousFiles, preserving file /data/data/com.android.providers.downloads/cache/metadata-1280.htm
07-05 12:15:41.541   545 16258 I DownloadManager: in removeSpuriousFiles, preserving file /data/data/com.android.providers.downloads/cache/metadata-40.htm
07-05 12:15:41.541   545 16258 I DownloadManager: in removeSpuriousFiles, preserving file /data/data/com.android.providers.downloads/cache/metadata-797.htm
07-05 12:15:41.541   545 16258 I DownloadManager: in removeSpuriousFiles, preserving file /data/data/com.android.providers.downloads/cache/metadata-51.htm
07-05 12:15:41.541   545 16258 I DownloadManager: in removeSpuriousFiles, preserving file /data/data/com.android.providers.downloads/cache/metadata-1159.htm
07-05 12:15:41.541   545 16258 I DownloadManager: in removeSpuriousFiles, preserving file /data/data/com.android.providers.downloads/cache/metadata-1517.htm
07-05 12:15:41.549   545 16258 I DownloadManager: in removeSpuriousFiles, preserving file /data/data/com.android.providers.downloads/cache/metadata-980.htm
07-05 12:15:41.549   545 16258 I DownloadManager: in removeSpuriousFiles, preserving file /data/data/com.android.providers.downloads/cache/metadata-1571.htm
07-05 12:15:41.549   545 16258 I DownloadManager: in removeSpuriousFiles, preserving file /data/data/com.android.providers.downloads/cache/metadata-858.htm
07-05 12:15:41.549   545 16258 I DownloadManager: in removeSpuriousFiles, preserving file /data/data/com.android.providers.downloads/cache/metadata-473.htm
07-05 12:15:41.549   545 16258 I DownloadManager: in removeSpuriousFiles, preserving file /data/data/com.android.providers.downloads/cache/metadata-990.htm
07-05 12:15:41.549   545 16258 I DownloadManager: in removeSpuriousFiles, preserving file /data/data/com.android.providers.downloads/cache/metadata-1366.htm
07-05 12:15:41.549   545 16258 I DownloadManager: in removeSpuriousFiles, preserving file /data/data/com.android.providers.downloads/cache/metadata-1958.htm
07-05 12:15:41.549   545 16258 I DownloadManager: in removeSpuriousFiles, preserving file /data/data/com.android.providers.downloads/cache/metadata-1241.htm
07-05 12:15:41.549   545 16258 I DownloadManager: in removeSpuriousFiles, preserving file /data/data/com.android.providers.downloads/cache/metadata-683.htm
07-05 12:15:41.549   545 16258 I DownloadManager: in removeSpuriousFiles, preserving file /data/data/com.android.providers.downloads/cache/metadata-1736.htm
07-05 12:15:41.549   545 16258 I DownloadManager: in removeSpuriousFiles, preserving file /data/data/com.android.providers.downloads/cache/metadata-511.htm
07-05 12:15:41.549   545 16258 I DownloadManager: in removeSpuriousFiles, preserving file /data/data/com.android.providers.downloads/cache/metadata-870.htm
07-05 12:15:41.549   545 16258 I DownloadManager: in removeSpuriousFiles, preserving file /data/data/com.android.providers.downloads/cache/metadata-832.htm
07-05 12:15:41.549   545 16258 I DownloadManager: in removeSpuriousFiles, preserving file /data/data/com.android.providers.downloads/cache/metadata-1117.htm
07-05 12:15:41.549   545 16258 I DownloadManager: in removeSpuriousFiles, preserving file /data/data/com.android.providers.downloads/cache/metadata-692.htm
07-05 12:15:41.553   545 16258 I DownloadManager: in removeSpuriousFiles, preserving file /data/data/com.android.providers.downloads/cache/metadata-1367.htm
07-05 12:15:41.553   545 16258 I DownloadManager: in removeSpuriousFiles, preserving file /data/data/com.android.providers.downloads/cache/metadata-1368.htm
07-05 12:15:41.553   545 16258 I DownloadManager: in removeSpuriousFiles, preserving file /data/data/com.android.providers.downloads/cache/metadata-654.htm
07-05 12:15:41.553   545 16258 I DownloadManager: in removeSpuriousFiles, preserving file /data/data/com.android.providers.downloads/cache/metadata-1827.htm
07-05 12:15:41.553   545 16258 I DownloadManager: in removeSpuriousFiles, preserving file /data/data/com.android.providers.downloads/cache/metadata-762.htm
07-05 12:15:41.553   545 16258 I DownloadManager: in removeSpuriousFiles, preserving file /data/data/com.android.providers.downloads/cache/metadata-1704.htm
07-05 12:15:41.553   545 16258 I DownloadManager: in removeSpuriousFiles, preserving file /data/data/com.android.providers.downloads/cache/metadata-1161.htm
07-05 12:15:41.553   545 16258 I DownloadManager: in removeSpuriousFiles, preserving file /data/data/com.android.providers.downloads/cache/metadata-658.htm
07-05 12:15:41.553   545 16258 I DownloadManager: in removeSpuriousFiles, preserving file /data/data/com.android.providers.downloads/cache/metadata-631.htm
07-05 12:15:41.553   545 16258 I DownloadManager: in removeSpuriousFiles, preserving file /data/data/com.android.providers.downloads/cache/metadata-729.htm
07-05 12:15:41.553   545 16258 I DownloadManager: in removeSpuriousFiles, preserving file /data/data/com.android.providers.downloads/cache/metadata-869.htm
07-05 12:15:41.553   545 16258 I DownloadManager: in removeSpuriousFiles, preserving file /data/data/com.android.providers.downloads/cache/metadata-1182.htm
07-05 12:15:41.553   545 16258 I DownloadManager: in removeSpuriousFiles, preserving file /data/data/com.android.providers.downloads/cache/metadata-696.htm
07-05 12:15:41.553   545 16258 I DownloadManager: in removeSpuriousFiles, preserving file /data/data/com.android.providers.downloads/cache/metadata-949.htm
07-05 12:15:41.553   545 16258 I DownloadManager: in removeSpuriousFiles, preserving file /data/data/com.android.providers.downloads/cache/metadata-2315.htm
07-05 12:15:41.556   545 16258 I DownloadManager: in removeSpuriousFiles, preserving file /data/data/com.android.providers.downloads/cache/metadata-1595.htm
07-05 12:15:41.556   545 16258 I DownloadManager: in removeSpuriousFiles, preserving file /data/data/com.android.providers.downloads/cache/metadata-765.htm
07-05 12:15:41.556   545 16258 I DownloadManager: in removeSpuriousFiles, preserving file /data/data/com.android.providers.downloads/cache/metadata-1774.htm
07-05 12:15:41.556   545 16258 I DownloadManager: in removeSpuriousFiles, preserving file /data/data/com.android.providers.downloads/cache/metadata-1176.htm
07-05 12:15:41.556   545 16258 I DownloadManager: in removeSpuriousFiles, preserving file /data/data/com.android.providers.downloads/cache/metadata-1219.htm
07-05 12:15:41.556   545 16258 I DownloadManager: in removeSpuriousFiles, preserving file /data/data/com.android.providers.downloads/cache/metadata-1154.htm
07-05 12:15:41.556   545 16258 I DownloadManager: in removeSpuriousFiles, preserving file /data/data/com.android.providers.downloads/cache/metadata-1555.htm
07-05 12:15:41.556   545 16258 I DownloadManager: in removeSpuriousFiles, preserving file /data/data/com.android.providers.downloads/cache/metadata-978.htm
07-05 12:15:41.556   545 16258 I DownloadManager: in removeSpuriousFiles, preserving file /data/data/com.android.providers.downloads/cache/metadata-1684.htm
07-05 12:15:41.556   545 16258 I DownloadManager: in removeSpuriousFiles, preserving file /data/data/com.android.providers.downloads/cache/metadata-1697.htm
07-05 12:15:41.556   545 16258 I DownloadManager: in removeSpuriousFiles, preserving file /data/data/com.android.providers.downloads/cache/metadata-1465.htm
07-05 12:15:41.556   545 16258 I DownloadManager: in removeSpuriousFiles, preserving file /data/data/com.android.providers.downloads/cache/metadata-602.htm
07-05 12:15:41.556   545 16258 I DownloadManager: in removeSpuriousFiles, preserving file /data/data/com.android.providers.downloads/cache/metadata-864.htm
07-05 12:15:41.556   545 16258 I DownloadManager: in removeSpuriousFiles, preserving file /data/data/com.android.providers.downloads/cache/metadata-1510.htm
07-05 12:15:41.556   545 16258 I DownloadManager: in removeSpuriousFiles, preserving file /data/data/com.android.providers.downloads/cache/metadata-1001.htm
07-05 12:15:41.556   545 16258 I DownloadManager: in removeSpuriousFiles, preserving file /data/data/com.android.providers.downloads/cache/metadata-1286.htm
07-05 12:15:41.560   545 16258 I DownloadManager: in removeSpuriousFiles, preserving file /data/data/com.android.providers.downloads/cache/metadata-1320.htm
07-05 12:15:41.560   545 16258 I DownloadManager: in removeSpuriousFiles, preserving file /data/data/com.android.providers.downloads/cache/metadata-2550.htm
07-05 12:15:41.560   545 16258 I DownloadManager: in removeSpuriousFiles, preserving file /data/data/com.android.providers.downloads/cache/metadata-1542.htm
07-05 12:15:41.560   545 16258 I DownloadManager: in removeSpuriousFiles, preserving file /data/data/com.android.providers.downloads/cache/metadata-1060.htm
07-05 12:15:41.560   545 16258 I DownloadManager: in removeSpuriousFiles, preserving file /data/data/com.android.providers.downloads/cache/metadata-1131.htm
07-05 12:15:41.560   545 16258 I DownloadManager: in removeSpuriousFiles, preserving file /data/data/com.android.providers.downloads/cache/metadata-2291.htm
07-05 12:15:41.560   545 16258 I DownloadManager: in removeSpuriousFiles, preserving file /data/data/com.android.providers.downloads/cache/metadata-879.htm
07-05 12:15:41.560   545 16258 I DownloadManager: in removeSpuriousFiles, preserving file /data/data/com.android.providers.downloads/cache/metadata-1171.htm
07-05 12:15:41.560   545 16258 I DownloadManager: in removeSpuriousFiles, preserving file /data/data/com.android.providers.downloads/cache/metadata-1608.htm
07-05 12:15:41.560   545 16258 I DownloadManager: in removeSpuriousFiles, preserving file /data/data/com.android.providers.downloads/cache/metadata-628.htm
07-05 12:15:41.560   545 16258 I DownloadManager: in removeSpuriousFiles, preserving file /data/data/com.android.providers.downloads/cache/metadata-1581.htm
07-05 12:15:41.560   545 16258 I DownloadManager: in removeSpuriousFiles, preserving file /data/data/com.android.providers.downloads/cache/metadata-2337.htm
07-05 12:15:41.560   545 16258 I DownloadManager: in removeSpuriousFiles, preserving file /data/data/com.android.providers.downloads/cache/metadata-889.htm
07-05 12:15:41.560   545 16258 I DownloadManager: in removeSpuriousFiles, preserving file /data/data/com.android.providers.downloads/cache/metadata-620.htm
07-05 12:15:41.560   545 16258 I DownloadManager: in removeSpuriousFiles, preserving file /data/data/com.android.providers.downloads/cache/metadata-1019.htm
07-05 12:15:41.560   545 16258 I DownloadManager: in removeSpuriousFiles, preserving file /data/data/com.android.providers.downloads/cache/metadata-1648.htm
07-05 12:15:41.564   545 16258 I DownloadManager: in removeSpuriousFiles, preserving file /data/data/com.android.providers.downloads/cache/metadata-1048.htm
07-05 12:15:41.564   545 16258 I DownloadManager: in removeSpuriousFiles, preserving file /data/data/com.android.providers.downloads/cache/metadata-1775.htm
07-05 12:15:41.564   545 16258 I DownloadManager: in removeSpuriousFiles, preserving file /data/data/com.android.providers.downloads/cache/metadata-579.htm
07-05 12:15:41.564   545 16258 I DownloadManager: in removeSpuriousFiles, preserving file /data/data/com.android.providers.downloads/cache/metadata-1262.htm
07-05 12:15:41.564   545 16258 I DownloadManager: in removeSpuriousFiles, preserving file /data/data/com.android.providers.downloads/cache/metadata-1506.htm
07-05 12:15:41.564   545 16258 I DownloadManager: in removeSpuriousFiles, preserving file /data/data/com.android.providers.downloads/cache/metadata-1005.htm
07-05 12:15:41.564   545 16258 I DownloadManager: in removeSpuriousFiles, preserving file /data/data/com.android.providers.downloads/cache/metadata-595.htm
07-05 12:15:41.564   545 16258 I DownloadManager: in removeSpuriousFiles, preserving file /data/data/com.android.providers.downloads/cache/metadata-945.htm
07-05 12:15:41.564   545 16258 I DownloadManager: in removeSpuriousFiles, preserving file /data/data/com.android.providers.downloads/cache/metadata-705.htm
07-05 12:15:41.564   545 16258 I DownloadManager: in removeSpuriousFiles, preserving file /data/data/com.android.providers.downloads/cache/metadata-716.htm
07-05 12:15:41.564   545 16258 I DownloadManager: in removeSpuriousFiles, preserving file /data/data/com.android.providers.downloads/cache/metadata-747.htm
07-05 12:15:41.564   545 16258 I DownloadManager: in removeSpuriousFiles, preserving file /data/data/com.android.providers.downloads/cache/metadata-1983.htm
07-05 12:15:41.564   545 16258 I DownloadManager: in removeSpuriousFiles, preserving file /data/data/com.android.providers.downloads/cache/metadata-1601.htm
07-05 12:15:41.564   545 16258 I DownloadManager: in removeSpuriousFiles, preserving file /data/data/com.android.providers.downloads/cache/metadata-1486.htm
07-05 12:15:41.568   545 16258 I DownloadManager: in removeSpuriousFiles, preserving file /data/data/com.android.providers.downloads/cache/metadata-1686.htm
07-05 12:15:41.568   545 16258 I DownloadManager: in removeSpuriousFiles, preserving file /data/data/com.android.providers.downloads/cache/metadata-867.htm
07-05 12:15:41.568   545 16258 I DownloadManager: in removeSpuriousFiles, preserving file /data/data/com.android.providers.downloads/cache/metadata-992.htm
07-05 12:15:41.568   545 16258 I DownloadManager: in removeSpuriousFiles, preserving file /data/data/com.android.providers.downloads/cache/metadata-976.htm
07-05 12:15:41.568   545 16258 I DownloadManager: in removeSpuriousFiles, preserving file /data/data/com.android.providers.downloads/cache/metadata-1567.htm
07-05 12:15:41.568   545 16258 I DownloadManager: in removeSpuriousFiles, preserving file /data/data/com.android.providers.downloads/cache/metadata-1257.htm
07-05 12:15:41.568   545 16258 I DownloadManager: in removeSpuriousFiles, preserving file /data/data/com.android.providers.downloads/cache/metadata-1593.htm
07-05 12:15:41.568   545 16258 I DownloadManager: in removeSpuriousFiles, preserving file /data/data/com.android.providers.downloads/cache/metadata-1552.htm
07-05 12:15:41.568   545 16258 I DownloadManager: in removeSpuriousFiles, preserving file /data/data/com.android.providers.downloads/cache/metadata-1452.htm
07-05 12:15:41.568   545 16258 I DownloadManager: in removeSpuriousFiles, preserving file /data/data/com.android.providers.downloads/cache/metadata-593.htm
07-05 12:15:41.568   545 16258 I DownloadManager: in removeSpuriousFiles, preserving file /data/data/com.android.providers.downloads/cache/metadata-1364.htm
07-05 12:15:41.568   545 16258 I DownloadManager: in removeSpuriousFiles, preserving file /data/data/com.android.providers.downloads/cache/metadata-1365.htm
07-05 12:15:41.568   545 16258 I DownloadManager: in removeSpuriousFiles, preserving file /data/data/com.android.providers.downloads/cache/metadata-745.htm
07-05 12:15:41.568   545 16258 I DownloadManager: in removeSpuriousFiles, preserving file /data/data/com.android.providers.downloads/cache/metadata-586.htm
07-05 12:15:41.572   545 16258 I DownloadManager: in removeSpuriousFiles, preserving file /data/data/com.android.providers.downloads/cache/metadata-1094.htm
07-05 12:15:41.572   545 16258 I DownloadManager: in removeSpuriousFiles, preserving file /data/data/com.android.providers.downloads/cache/metadata-292.htm
07-05 12:15:41.572   545 16258 I DownloadManager: in removeSpuriousFiles, preserving file /data/data/com.android.providers.downloads/cache/metadata-2.htm
07-05 12:15:41.572   545 16258 I DownloadManager: in removeSpuriousFiles, preserving file /data/data/com.android.providers.downloads/cache/metadata-18.htm
07-05 12:15:41.572   545 16258 I DownloadManager: in removeSpuriousFiles, preserving file /data/data/com.android.providers.downloads/cache/metadata-26.htm
07-05 12:15:41.572   545 16258 I DownloadManager: in removeSpuriousFiles, preserving file /data/data/com.android.providers.downloads/cache/metadata-24.htm
07-05 12:15:41.572   545 16258 I DownloadManager: in removeSpuriousFiles, preserving file /data/data/com.android.providers.downloads/cache/metadata-20.htm
07-05 12:15:41.572   545 16258 I DownloadManager: in removeSpuriousFiles, preserving file /data/data/com.android.providers.downloads/cache/metadata-32.htm
07-05 12:15:41.572   545 16258 I DownloadManager: in removeSpuriousFiles, preserving file /data/data/com.android.providers.downloads/cache/metadata-35.htm
07-05 12:15:41.627   545 16258 D dalvikvm: GC_FOR_ALLOC freed 664K, 9% free 10761K/11719K, paused 26ms
07-05 12:15:41.627   545 16258 I DownloadManager: in removeSpuriousFiles, preserving file /data/data/com.android.providers.downloads/cache/metadata-47.htm
07-05 12:15:41.627   545 16258 I DownloadManager: in removeSpuriousFiles, preserving file /data/data/com.android.providers.downloads/cache/metadata-19.htm
07-05 12:15:41.627   545 16258 I DownloadManager: in removeSpuriousFiles, preserving file /data/data/com.android.providers.downloads/cache/metadata-46.htm
07-05 12:15:41.627   545 16258 I DownloadManager: in removeSpuriousFiles, preserving file /data/data/com.android.providers.downloads/cache/metadata-41.htm
07-05 12:15:41.627   545 16258 I DownloadManager: in removeSpuriousFiles, preserving file /data/data/com.android.providers.downloads/cache/metadata-42.htm
07-05 12:15:41.627   545 16258 I DownloadManager: in removeSpuriousFiles, preserving file /data/data/com.android.providers.downloads/cache/metadata-59.htm
07-05 12:15:41.627   545 16258 I DownloadManager: in removeSpuriousFiles, preserving file /data/data/com.android.providers.downloads/cache/metadata-118.htm
07-05 12:15:41.638   545 16258 I DownloadManager: in removeSpuriousFiles, preserving file /data/data/com.android.providers.downloads/cache/metadata-62.htm
07-05 12:15:41.638   545 16258 I DownloadManager: in removeSpuriousFiles, preserving file /data/data/com.android.providers.downloads/cache/metadata-58.htm
07-05 12:15:41.638   545 16258 I DownloadManager: in removeSpuriousFiles, preserving file /data/data/com.android.providers.downloads/cache/metadata-54.htm
07-05 12:15:41.638   545 16258 I DownloadManager: in removeSpuriousFiles, preserving file /data/data/com.android.providers.downloads/cache/metadata-60.htm
07-05 12:15:41.638   545 16258 I DownloadManager: in removeSpuriousFiles, preserving file /data/data/com.android.providers.downloads/cache/metadata-1598.htm
07-05 12:15:41.638   545 16258 I DownloadManager: in removeSpuriousFiles, preserving file /data/data/com.android.providers.downloads/cache/metadata-57.htm
07-05 12:15:41.638   545 16258 I DownloadManager: in removeSpuriousFiles, preserving file /data/data/com.android.providers.downloads/cache/metadata-185.htm
07-05 12:15:41.638   545 16258 I DownloadManager: in removeSpuriousFiles, preserving file /data/data/com.android.providers.downloads/cache/metadata-143.htm
07-05 12:15:41.638   545 16258 I DownloadManager: in removeSpuriousFiles, preserving file /data/data/com.android.providers.downloads/cache/metadata-125.htm
07-05 12:15:41.638   545 16258 I DownloadManager: in removeSpuriousFiles, preserving file /data/data/com.android.providers.downloads/cache/metadata-116.htm
07-05 12:15:41.638   545 16258 I DownloadManager: in removeSpuriousFiles, preserving file /data/data/com.android.providers.downloads/cache/metadata-67.htm
07-05 12:15:41.638   545 16258 I DownloadManager: in removeSpuriousFiles, preserving file /data/data/com.android.providers.downloads/cache/metadata-191.htm
07-05 12:15:41.638   545 16258 I DownloadManager: in removeSpuriousFiles, preserving file /data/data/com.android.providers.downloads/cache/metadata-77.htm
07-05 12:15:41.638   545 16258 I DownloadManager: in removeSpuriousFiles, preserving file /data/data/com.android.providers.downloads/cache/metadata-124.htm
07-05 12:15:41.638   545 16258 I DownloadManager: in removeSpuriousFiles, preserving file /data/data/com.android.providers.downloads/cache/metadata-147.htm
07-05 12:15:41.638   545 16258 I DownloadManager: in removeSpuriousFiles, preserving file /data/data/com.android.providers.downloads/cache/metadata-203.htm
07-05 12:15:41.638   545 16258 I DownloadManager: in removeSpuriousFiles, preserving file /data/data/com.android.providers.downloads/cache/metadata-111.htm
07-05 12:15:41.642   545 16258 I DownloadManager: in removeSpuriousFiles, preserving file /data/data/com.android.providers.downloads/cache/metadata-72.htm
07-05 12:15:41.642   545 16258 I DownloadManager: in removeSpuriousFiles, preserving file /data/data/com.android.providers.downloads/cache/metadata-188.htm
07-05 12:15:41.642   545 16258 I DownloadManager: in removeSpuriousFiles, preserving file /data/data/com.android.providers.downloads/cache/metadata-802.htm
07-05 12:15:41.642   545 16258 I DownloadManager: in removeSpuriousFiles, preserving file /data/data/com.android.providers.downloads/cache/metadata-1066.htm
07-05 12:15:41.642   545 16258 I DownloadManager: in removeSpuriousFiles, preserving file /data/data/com.android.providers.downloads/cache/metadata-205.htm
07-05 12:15:41.642   545 16258 I DownloadManager: in removeSpuriousFiles, preserving file /data/data/com.android.providers.downloads/cache/metadata-151.htm
07-05 12:15:41.642   545 16258 I DownloadManager: in removeSpuriousFiles, preserving file /data/data/com.android.providers.downloads/cache/metadata-1175.htm
07-05 12:15:41.642   545 16258 I DownloadManager: in removeSpuriousFiles, preserving file /data/data/com.android.providers.downloads/cache/metadata-2273.htm
07-05 12:15:41.642   545 16258 I DownloadManager: in removeSpuriousFiles, preserving file /data/data/com.android.providers.downloads/cache/metadata-172.htm
07-05 12:15:41.642   545 16258 I DownloadManager: in removeSpuriousFiles, preserving file /data/data/com.android.providers.downloads/cache/metadata-201.htm
07-05 12:15:41.642   545 16258 I DownloadManager: in removeSpuriousFiles, preserving file /data/data/com.android.providers.downloads/cache/metadata-104.htm
07-05 12:15:41.642   545 16258 I DownloadManager: in removeSpuriousFiles, preserving file /data/data/com.android.providers.downloads/cache/metadata-1077.htm
07-05 12:15:41.642   545 16258 I DownloadManager: in removeSpuriousFiles, preserving file /data/data/com.android.providers.downloads/cache/metadata-183.htm
07-05 12:15:41.642   545 16258 I DownloadManager: in removeSpuriousFiles, preserving file /data/data/com.android.providers.downloads/cache/metadata-445.htm
07-05 12:15:41.642   545 16258 I DownloadManager: in removeSpuriousFiles, preserving file /data/data/com.android.providers.downloads/cache/metadata-142.htm
07-05 12:15:41.642   545 16258 I DownloadManager: in removeSpuriousFiles, preserving file /data/data/com.android.providers.downloads/cache/metadata-174.htm
07-05 12:15:41.642   545 16258 I DownloadManager: in removeSpuriousFiles, preserving file /data/data/com.android.providers.downloads/cache/metadata-245.htm
07-05 12:15:41.642   545 16258 I DownloadManager: in removeSpuriousFiles, preserving file /data/data/com.android.providers.downloads/cache/metadata-150.htm
07-05 12:15:41.642   545 16258 I DownloadManager: in removeSpuriousFiles, preserving file /data/data/com.android.providers.downloads/cache/metadata-89.htm
07-05 12:15:41.642   545 16258 I DownloadManager: in removeSpuriousFiles, preserving file /data/data/com.android.providers.downloads/cache/metadata-888.htm
07-05 12:15:41.642   545 16258 I DownloadManager: in removeSpuriousFiles, preserving file /data/data/com.android.providers.downloads/cache/metadata-626.htm
07-05 12:15:41.642   545 16258 I DownloadManager: in removeSpuriousFiles, preserving file /data/data/com.android.providers.downloads/cache/metadata-581.htm
07-05 12:15:41.642   545 16258 I DownloadManager: in removeSpuriousFiles, preserving file /data/data/com.android.providers.downloads/cache/metadata-781.htm
07-05 12:15:41.642   545 16258 I DownloadManager: in removeSpuriousFiles, preserving file /data/data/com.android.providers.downloads/cache/metadata-127.htm
07-05 12:15:41.642   545 16258 I DownloadManager: in removeSpuriousFiles, preserving file /data/data/com.android.providers.downloads/cache/metadata-865.htm
07-05 12:15:41.642   545 16258 I DownloadManager: in removeSpuriousFiles, preserving file /data/data/com.android.providers.downloads/cache/metadata-1025.htm
07-05 12:15:41.642   545 16258 I DownloadManager: in removeSpuriousFiles, preserving file /data/data/com.android.providers.downloads/cache/metadata-101.htm
07-05 12:15:41.642   545 16258 I DownloadManager: in removeSpuriousFiles, preserving file /data/data/com.android.providers.downloads/cache/metadata-2236.htm
07-05 12:15:41.642   545 16258 I DownloadManager: in removeSpuriousFiles, preserving file /data/data/com.android.providers.downloads/cache/metadata-1085.htm
07-05 12:15:41.646   545 16258 I DownloadManager: in removeSpuriousFiles, preserving file /data/data/com.android.providers.downloads/cache/metadata-1780.htm
07-05 12:15:41.646   545 16258 I DownloadManager: in removeSpuriousFiles, preserving file /data/data/com.android.providers.downloads/cache/metadata-859.htm
07-05 12:15:41.646   545 16258 I DownloadManager: in removeSpuriousFiles, preserving file /data/data/com.android.providers.downloads/cache/metadata-224.htm
07-05 12:15:41.646   545 16258 I DownloadManager: in removeSpuriousFiles, preserving file /data/data/com.android.providers.downloads/cache/metadata-240.htm
07-05 12:15:41.650   545 16258 I DownloadManager: in removeSpuriousFiles, preserving file /data/data/com.android.providers.downloads/cache/metadata-126.htm
07-05 12:15:41.650   545 16258 I DownloadManager: in removeSpuriousFiles, preserving file /data/data/com.android.providers.downloads/cache/metadata-1389.htm
07-05 12:15:41.650   545 16258 I DownloadManager: in removeSpuriousFiles, preserving file /data/data/com.android.providers.downloads/cache/metadata-319.htm
07-05 12:15:41.650   545 16258 I DownloadManager: in removeSpuriousFiles, preserving file /data/data/com.android.providers.downloads/cache/metadata-196.htm
07-05 12:15:41.650   545 16258 I DownloadManager: in removeSpuriousFiles, preserving file /data/data/com.android.providers.downloads/cache/metadata-1429.htm
07-05 12:15:41.650   545 16258 I DownloadManager: in removeSpuriousFiles, preserving file /data/data/com.android.providers.downloads/cache/metadata-715.htm
07-05 12:15:41.650   545 16258 I DownloadManager: in removeSpuriousFiles, preserving file /data/data/com.android.providers.downloads/cache/metadata-176.htm
07-05 12:15:41.650   545 16258 I DownloadManager: in removeSpuriousFiles, preserving file /data/data/com.android.providers.downloads/cache/metadata-153.htm
07-05 12:15:41.650   545 16258 I DownloadManager: in removeSpuriousFiles, preserving file /data/data/com.android.providers.downloads/cache/metadata-82.htm
07-05 12:15:41.650   545 16258 I DownloadManager: in removeSpuriousFiles, preserving file /data/data/com.android.providers.downloads/cache/metadata-587.htm
07-05 12:15:41.650   545 16258 I DownloadManager: in removeSpuriousFiles, preserving file /data/data/com.android.providers.downloads/cache/metadata-466.htm
07-05 12:15:41.650   545 16258 I DownloadManager: in removeSpuriousFiles, preserving file /data/data/com.android.providers.downloads/cache/metadata-1224.htm
07-05 12:15:41.650   545 16258 I DownloadManager: in removeSpuriousFiles, preserving file /data/data/com.android.providers.downloads/cache/metadata-221.htm
07-05 12:15:41.650   545 16258 I DownloadManager: in removeSpuriousFiles, preserving file /data/data/com.android.providers.downloads/cache/metadata-580.htm
07-05 12:15:41.654   545 16258 I DownloadManager: in removeSpuriousFiles, preserving file /data/data/com.android.providers.downloads/cache/metadata-192.htm
07-05 12:15:41.654   545 16258 I DownloadManager: in removeSpuriousFiles, preserving file /data/data/com.android.providers.downloads/cache/metadata-1912.htm
07-05 12:15:41.654   545 16258 I DownloadManager: in removeSpuriousFiles, preserving file /data/data/com.android.providers.downloads/cache/metadata-1721.htm
07-05 12:15:41.654   545 16258 I DownloadManager: in removeSpuriousFiles, preserving file /data/data/com.android.providers.downloads/cache/metadata-556.htm
07-05 12:15:41.654   545 16258 I DownloadManager: in removeSpuriousFiles, preserving file /data/data/com.android.providers.downloads/cache/metadata-650.htm
07-05 12:15:41.654   545 16258 I DownloadManager: in removeSpuriousFiles, preserving file /data/data/com.android.providers.downloads/cache/metadata-1889.htm
07-05 12:15:41.654   545 16258 I DownloadManager: in removeSpuriousFiles, preserving file /data/data/com.android.providers.downloads/cache/metadata-672.htm
07-05 12:15:41.654   545 16258 I DownloadManager: in removeSpuriousFiles, preserving file /data/data/com.android.providers.downloads/cache/metadata-1473.htm
07-05 12:15:41.654   545 16258 I DownloadManager: in removeSpuriousFiles, preserving file /data/data/com.android.providers.downloads/cache/metadata-121.htm
07-05 12:15:41.654   545 16258 I DownloadManager: in removeSpuriousFiles, preserving file /data/data/com.android.providers.downloads/cache/metadata-1823.htm
07-05 12:15:41.654   545 16258 I DownloadManager: in removeSpuriousFiles, preserving file /data/data/com.android.providers.downloads/cache/metadata-1278.htm
07-05 12:15:41.654   545 16258 I DownloadManager: in removeSpuriousFiles, preserving file /data/data/com.android.providers.downloads/cache/metadata-1353.htm
07-05 12:15:41.654   545 16258 I DownloadManager: in removeSpuriousFiles, preserving file /data/data/com.android.providers.downloads/cache/metadata-1705.htm
07-05 12:15:41.654   545 16258 I DownloadManager: in removeSpuriousFiles, preserving file /data/data/com.android.providers.downloads/cache/metadata-814.htm
07-05 12:15:41.658   545 16258 I DownloadManager: in removeSpuriousFiles, preserving file /data/data/com.android.providers.downloads/cache/metadata-1538.htm
07-05 12:15:41.658   545 16258 I DownloadManager: in removeSpuriousFiles, preserving file /data/data/com.android.providers.downloads/cache/metadata-1605.htm
07-05 12:15:41.658   545 16258 I DownloadManager: in removeSpuriousFiles, preserving file /data/data/com.android.providers.downloads/cache/metadata-876.htm
07-05 12:15:41.658   545 16258 I DownloadManager: in removeSpuriousFiles, preserving file /data/data/com.android.providers.downloads/cache/metadata-892.htm
07-05 12:15:41.658   545 16258 I DownloadManager: in removeSpuriousFiles, preserving file /data/data/com.android.providers.downloads/cache/metadata-881.htm
07-05 12:15:41.658   545 16258 I DownloadManager: in removeSpuriousFiles, preserving file /data/data/com.android.providers.downloads/cache/metadata-1253.htm
07-05 12:15:41.658   545 16258 I DownloadManager: in removeSpuriousFiles, preserving file /data/data/com.android.providers.downloads/cache/metadata-216.htm
07-05 12:15:41.658   545 16258 I DownloadManager: in removeSpuriousFiles, preserving file /data/data/com.android.providers.downloads/cache/metadata-219.htm
07-05 12:15:41.658   545 16258 I DownloadManager: in removeSpuriousFiles, preserving file /data/data/com.android.providers.downloads/cache/metadata-217.htm
07-05 12:15:41.658   545 16258 I DownloadManager: in removeSpuriousFiles, preserving file /data/data/com.android.providers.downloads/cache/metadata-1174.htm
07-05 12:15:41.658   545 16258 I DownloadManager: in removeSpuriousFiles, preserving file /data/data/com.android.providers.downloads/cache/metadata-1216.htm
07-05 12:15:41.658   545 16258 I DownloadManager: in removeSpuriousFiles, preserving file /data/data/com.android.providers.downloads/cache/metadata-1749.htm
07-05 12:15:41.658   545 16258 I DownloadManager: in removeSpuriousFiles, preserving file /data/data/com.android.providers.downloads/cache/metadata-230.htm
07-05 12:15:41.658   545 16258 I DownloadManager: in removeSpuriousFiles, preserving file /data/data/com.android.providers.downloads/cache/metadata-1192.htm
07-05 12:15:41.658   545 16258 I DownloadManager: in removeSpuriousFiles, preserving file /data/data/com.android.providers.downloads/cache/metadata-1494.htm
07-05 12:15:41.658   545 16258 I DownloadManager: in removeSpuriousFiles, preserving file /data/data/com.android.providers.downloads/cache/metadata-1744.htm
07-05 12:15:41.658   545 16258 I DownloadManager: in removeSpuriousFiles, preserving file /data/data/com.android.providers.downloads/cache/metadata-1789.htm
07-05 12:15:41.662   545 16258 I DownloadManager: in removeSpuriousFiles, preserving file /data/data/com.android.providers.downloads/cache/metadata-1659.htm
07-05 12:15:41.662   545 16258 I DownloadManager: in removeSpuriousFiles, preserving file /data/data/com.android.providers.downloads/cache/metadata-763.htm
07-05 12:15:41.662   545 16258 I DownloadManager: in removeSpuriousFiles, preserving file /data/data/com.android.providers.downloads/cache/metadata-1514.htm
07-05 12:15:41.662   545 16258 I DownloadManager: in removeSpuriousFiles, preserving file /data/data/com.android.providers.downloads/cache/metadata-1163.htm
07-05 12:15:41.662   545 16258 I DownloadManager: in removeSpuriousFiles, preserving file /data/data/com.android.providers.downloads/cache/metadata-1397.htm
07-05 12:15:41.662   545 16258 I DownloadManager: in removeSpuriousFiles, preserving file /data/data/com.android.providers.downloads/cache/metadata-1102.htm
07-05 12:15:41.662   545 16258 I DownloadManager: in removeSpuriousFiles, preserving file /data/data/com.android.providers.downloads/cache/metadata-2442.htm
07-05 12:15:41.662   545 16258 I DownloadManager: in removeSpuriousFiles, preserving file /data/data/com.android.providers.downloads/cache/metadata-1575.htm
07-05 12:15:41.662   545 16258 I DownloadManager: in removeSpuriousFiles, preserving file /data/data/com.android.providers.downloads/cache/metadata-1544.htm
07-05 12:15:41.662   545 16258 I DownloadManager: in removeSpuriousFiles, preserving file /data/data/com.android.providers.downloads/cache/metadata-1105.htm
07-05 12:15:41.662   545 16258 I DownloadManager: in removeSpuriousFiles, preserving file /data/data/com.android.providers.downloads/cache/metadata-2113.htm
07-05 12:15:41.662   545 16258 I DownloadManager: in removeSpuriousFiles, preserving file /data/data/com.android.providers.downloads/cache/metadata-653.htm
07-05 12:15:41.662   545 16258 I DownloadManager: in removeSpuriousFiles, preserving file /data/data/com.android.providers.downloads/cache/metadata-161.htm
07-05 12:15:41.662   545 16258 I DownloadManager: in removeSpuriousFiles, preserving file /data/data/com.android.providers.downloads/cache/metadata-2392.htm
07-05 12:15:41.662   545 16258 I DownloadManager: in removeSpuriousFiles, preserving file /data/data/com.android.providers.downloads/cache/metadata-1960.htm
07-05 12:15:41.662   545 16258 I DownloadManager: in removeSpuriousFiles, preserving file /data/data/com.android.providers.downloads/cache/metadata-8.htm
07-05 12:15:41.662   545 16258 I DownloadManager: in removeSpuriousFiles, preserving file /data/data/com.android.providers.downloads/cache/metadata-43.htm
07-05 12:15:41.662   545 16258 I DownloadManager: in removeSpuriousFiles, preserving file /data/data/com.android.providers.downloads/cache/metadata-25.htm
07-05 12:15:41.662   545 16258 I DownloadManager: in removeSpuriousFiles, preserving file /data/data/com.android.providers.downloads/cache/metadata-39.htm
07-05 12:15:41.662   545 16258 I DownloadManager: in removeSpuriousFiles, preserving file /data/data/com.android.providers.downloads/cache/metadata-49.htm
07-05 12:15:41.662   545 16258 I DownloadManager: in removeSpuriousFiles, preserving file /data/data/com.android.providers.downloads/cache/metadata-112.htm
07-05 12:15:41.662   545 16258 I DownloadManager: in removeSpuriousFiles, preserving file /data/data/com.android.providers.downloads/cache/metadata-53.htm
07-05 12:15:41.662   545 16258 I DownloadManager: in removeSpuriousFiles, preserving file /data/data/com.android.providers.downloads/cache/metadata-71.htm
07-05 12:15:41.662   545 16258 I DownloadManager: in removeSpuriousFiles, preserving file /data/data/com.android.providers.downloads/cache/metadata-27.htm
07-05 12:15:41.666   545 16258 I DownloadManager: in removeSpuriousFiles, preserving file /data/data/com.android.providers.downloads/cache/metadata-289.htm
07-05 12:15:41.666   545 16258 I DownloadManager: in removeSpuriousFiles, preserving file /data/data/com.android.providers.downloads/cache/metadata-56.htm
07-05 12:15:41.666   545 16258 I DownloadManager: in removeSpuriousFiles, preserving file /data/data/com.android.providers.downloads/cache/metadata-55.htm
07-05 12:15:41.666   545 16258 I DownloadManager: in removeSpuriousFiles, preserving file /data/data/com.android.providers.downloads/cache/metadata-120.htm
07-05 12:15:41.666   545 16258 I DownloadManager: in removeSpuriousFiles, preserving file /data/data/com.android.providers.downloads/cache/metadata-70.htm
07-05 12:15:41.666   545 16258 I DownloadManager: in removeSpuriousFiles, preserving file /data/data/com.android.providers.downloads/cache/metadata-92.htm
07-05 12:15:41.666   545 16258 I DownloadManager: in removeSpuriousFiles, preserving file /data/data/com.android.providers.downloads/cache/metadata-295.htm
07-05 12:15:41.666   545 16258 I DownloadManager: in removeSpuriousFiles, preserving file /data/data/com.android.providers.downloads/cache/metadata-306.htm
07-05 12:15:41.666   545 16258 I DownloadManager: in removeSpuriousFiles, preserving file /data/data/com.android.providers.downloads/cache/metadata-160.htm
07-05 12:15:41.666   545 16258 I DownloadManager: in removeSpuriousFiles, preserving file /data/data/com.android.providers.downloads/cache/metadata-64.htm
07-05 12:15:41.666   545 16258 I DownloadManager: in removeSpuriousFiles, preserving file /data/data/com.android.providers.downloads/cache/metadata-168.htm
07-05 12:15:41.666   545 16258 I DownloadManager: in removeSpuriousFiles, preserving file /data/data/com.android.providers.downloads/cache/metadata-326.htm
07-05 12:15:41.666   545 16258 I DownloadManager: in removeSpuriousFiles, preserving file /data/data/com.android.providers.downloads/cache/metadata-286.htm
07-05 12:15:41.666   545 16258 I DownloadManager: in removeSpuriousFiles, preserving file /data/data/com.android.providers.downloads/cache/metadata-182.htm
07-05 12:15:41.666   545 16258 I DownloadManager: in removeSpuriousFiles, preserving file /data/data/com.android.providers.downloads/cache/metadata-108.htm
07-05 12:15:41.666   545 16258 I DownloadManager: in removeSpuriousFiles, preserving file /data/data/com.android.providers.downloads/cache/metadata-197.htm
07-05 12:15:41.666   545 16258 I DownloadManager: in removeSpuriousFiles, preserving file /data/data/com.android.providers.downloads/cache/metadata-79.htm
07-05 12:15:41.666   545 16258 I DownloadManager: in removeSpuriousFiles, preserving file /data/data/com.android.providers.downloads/cache/metadata-231.htm
07-05 12:15:41.666   545 16258 I DownloadManager: in removeSpuriousFiles, preserving file /data/data/com.android.providers.downloads/cache/metadata-394.htm
07-05 12:15:41.666   545 16258 I DownloadManager: in removeSpuriousFiles, preserving file /data/data/com.android.providers.downloads/cache/metadata-68.htm
07-05 12:15:41.666   545 16258 I DownloadManager: in removeSpuriousFiles, preserving file /data/data/com.android.providers.downloads/cache/metadata-122.htm
07-05 12:15:41.666   545 16258 I DownloadManager: in removeSpuriousFiles, preserving file /data/data/com.android.providers.downloads/cache/metadata-1191.htm
07-05 12:15:41.666   545 16258 I DownloadManager: in removeSpuriousFiles, preserving file /data/data/com.android.providers.downloads/cache/metadata-228.htm
07-05 12:15:41.666   545 16258 I DownloadManager: in removeSpuriousFiles, preserving file /data/data/com.android.providers.downloads/cache/metadata-284.htm
07-05 12:15:41.666   545 16258 I DownloadManager: in removeSpuriousFiles, preserving file /data/data/com.android.providers.downloads/cache/metadata-76.htm
07-05 12:15:41.666   545 16258 I DownloadManager: in removeSpuriousFiles, preserving file /data/data/com.android.providers.downloads/cache/metadata-169.htm
07-05 12:15:41.666   545 16258 I DownloadManager: in removeSpuriousFiles, preserving file /data/data/com.android.providers.downloads/cache/metadata-85.htm
07-05 12:15:41.666   545 16258 I DownloadManager: in removeSpuriousFiles, preserving file /data/data/com.android.providers.downloads/cache/metadata-202.htm
07-05 12:15:41.666   545 16258 I DownloadManager: in removeSpuriousFiles, preserving file /data/data/com.android.providers.downloads/cache/metadata-139.htm
07-05 12:15:41.666   545 16258 I DownloadManager: in removeSpuriousFiles, preserving file /data/data/com.android.providers.downloads/cache/metadata-123.htm
07-05 12:15:41.666   545 16258 I DownloadManager: in removeSpuriousFiles, preserving file /data/data/com.android.providers.downloads/cache/metadata-181.htm
07-05 12:15:41.666   545 16258 I DownloadManager: in removeSpuriousFiles, preserving file /data/data/com.android.providers.downloads/cache/metadata-91.htm
07-05 12:15:41.666   545 16258 I DownloadManager: in removeSpuriousFiles, preserving file /data/data/com.android.providers.downloads/cache/metadata-222.htm
07-05 12:15:41.666   545 16258 I DownloadManager: in removeSpuriousFiles, preserving file /data/data/com.android.providers.downloads/cache/metadata-254.htm
07-05 12:15:41.666   545 16258 I DownloadManager: in removeSpuriousFiles, preserving file /data/data/com.android.providers.downloads/cache/metadata-135.htm
07-05 12:15:41.666   545 16258 I DownloadManager: in removeSpuriousFiles, preserving file /data/data/com.android.providers.downloads/cache/metadata-164.htm
07-05 12:15:41.666   545 16258 I DownloadManager: in removeSpuriousFiles, preserving file /data/data/com.android.providers.downloads/cache/metadata-146.htm
07-05 12:15:41.666   545 16258 I DownloadManager: in removeSpuriousFiles, preserving file /data/data/com.android.providers.downloads/cache/metadata-383.htm
07-05 12:15:41.666   545 16258 I DownloadManager: in removeSpuriousFiles, preserving file /data/data/com.android.providers.downloads/cache/metadata-163.htm
07-05 12:15:41.666   545 16258 I DownloadManager: in removeSpuriousFiles, preserving file /data/data/com.android.providers.downloads/cache/metadata-1250.htm
07-05 12:15:41.666   545 16258 I DownloadManager: in removeSpuriousFiles, preserving file /data/data/com.android.providers.downloads/cache/metadata-206.htm
07-05 12:15:41.666   545 16258 I DownloadManager: in removeSpuriousFiles, preserving file /data/data/com.android.providers.downloads/cache/metadata-207.htm
07-05 12:15:41.666   545 16258 I DownloadManager: in removeSpuriousFiles, preserving file /data/data/com.android.providers.downloads/cache/metadata-218.htm
07-05 12:15:41.666   545 16258 I DownloadManager: in removeSpuriousFiles, preserving file /data/data/com.android.providers.downloads/cache/metadata-148.htm
07-05 12:15:41.666   545 16258 I DownloadManager: in removeSpuriousFiles, preserving file /data/data/com.android.providers.downloads/cache/metadata-300.htm
07-05 12:15:41.666   545 16258 I DownloadManager: in removeSpuriousFiles, preserving file /data/data/com.android.providers.downloads/cache/metadata-232.htm
07-05 12:15:41.666   545 16258 I DownloadManager: in removeSpuriousFiles, preserving file /data/data/com.android.providers.downloads/cache/metadata-227.htm
07-05 12:15:41.670   545 16258 I DownloadManager: in removeSpuriousFiles, preserving file /data/data/com.android.providers.downloads/cache/metadata-1372.htm
07-05 12:15:41.670   545 16258 I DownloadManager: in removeSpuriousFiles, preserving file /data/data/com.android.providers.downloads/cache/metadata-384.htm
07-05 12:15:41.670   545 16258 I DownloadManager: in removeSpuriousFiles, preserving file /data/data/com.android.providers.downloads/cache/metadata-237.htm
07-05 12:15:41.670   545 16258 I DownloadManager: in removeSpuriousFiles, preserving file /data/data/com.android.providers.downloads/cache/metadata-119.htm
07-05 12:15:41.670   545 16258 I DownloadManager: in removeSpuriousFiles, preserving file /data/data/com.android.providers.downloads/cache/metadata-2052.htm
07-05 12:15:41.670   545 16258 I DownloadManager: in removeSpuriousFiles, preserving file /data/data/com.android.providers.downloads/cache/metadata-1428.htm
07-05 12:15:41.670   545 16258 I DownloadManager: in removeSpuriousFiles, preserving file /data/data/com.android.providers.downloads/cache/metadata-667.htm
07-05 12:15:41.670   545 16258 I DownloadManager: in removeSpuriousFiles, preserving file /data/data/com.android.providers.downloads/cache/metadata-1652.htm
07-05 12:15:41.670   545 16258 I DownloadManager: in removeSpuriousFiles, preserving file /data/data/com.android.providers.downloads/cache/metadata-115.htm
07-05 12:15:41.670   545 16258 I DownloadManager: in removeSpuriousFiles, preserving file /data/data/com.android.providers.downloads/cache/metadata-406.htm
07-05 12:15:41.670   545 16258 I DownloadManager: in removeSpuriousFiles, preserving file /data/data/com.android.providers.downloads/cache/metadata-1500.htm
07-05 12:15:41.670   545 16258 I DownloadManager: in removeSpuriousFiles, preserving file /data/data/com.android.providers.downloads/cache/metadata-1496.htm
07-05 12:15:41.670   545 16258 I DownloadManager: in removeSpuriousFiles, preserving file /data/data/com.android.providers.downloads/cache/metadata-360.htm
07-05 12:15:41.670   545 16258 I DownloadManager: in removeSpuriousFiles, preserving file /data/data/com.android.providers.downloads/cache/metadata-249.htm
07-05 12:15:41.670   545 16258 I DownloadManager: in removeSpuriousFiles, preserving file /data/data/com.android.providers.downloads/cache/metadata-334.htm
07-05 12:15:41.670   545 16258 I DownloadManager: in removeSpuriousFiles, preserving file /data/data/com.android.providers.downloads/cache/metadata-709.htm
07-05 12:15:41.670   545 16258 I DownloadManager: in removeSpuriousFiles, preserving file /data/data/com.android.providers.downloads/cache/metadata-1504.htm
07-05 12:15:41.670   545 16258 I DownloadManager: in removeSpuriousFiles, preserving file /data/data/com.android.providers.downloads/cache/metadata-374.htm
07-05 12:15:41.670   545 16258 I DownloadManager: in removeSpuriousFiles, preserving file /data/data/com.android.providers.downloads/cache/metadata-252.htm
07-05 12:15:41.670   545 16258 I DownloadManager: in removeSpuriousFiles, preserving file /data/data/com.android.providers.downloads/cache/metadata-397.htm
07-05 12:15:41.670   545 16258 I DownloadManager: in removeSpuriousFiles, preserving file /data/data/com.android.providers.downloads/cache/metadata-80.htm
07-05 12:15:41.670   545 16258 I DownloadManager: in removeSpuriousFiles, preserving file /data/data/com.android.providers.downloads/cache/metadata-1222.htm
07-05 12:15:41.670   545 16258 I DownloadManager: in removeSpuriousFiles, preserving file /data/data/com.android.providers.downloads/cache/metadata-1767.htm
07-05 12:15:41.670   545 16258 I DownloadManager: in removeSpuriousFiles, preserving file /data/data/com.android.providers.downloads/cache/metadata-331.htm
07-05 12:15:41.670   545 16258 I DownloadManager: in removeSpuriousFiles, preserving file /data/data/com.android.providers.downloads/cache/metadata-145.htm
07-05 12:15:41.670   545 16258 I DownloadManager: in removeSpuriousFiles, preserving file /data/data/com.android.providers.downloads/cache/metadata-1919.htm
07-05 12:15:41.670   545 16258 I DownloadManager: in removeSpuriousFiles, preserving file /data/data/com.android.providers.downloads/cache/metadata-157.htm
07-05 12:15:41.670   545 16258 I DownloadManager: in removeSpuriousFiles, preserving file /data/data/com.android.providers.downloads/cache/metadata-623.htm
07-05 12:15:41.670   545 16258 I DownloadManager: in removeSpuriousFiles, preserving file /data/data/com.android.providers.downloads/cache/metadata-259.htm
07-05 12:15:41.670   545 16258 I DownloadManager: in removeSpuriousFiles, preserving file /data/data/com.android.providers.downloads/cache/metadata-2185.htm
07-05 12:15:41.674   545 16258 I DownloadManager: in removeSpuriousFiles, preserving file /data/data/com.android.providers.downloads/cache/metadata-78.htm
07-05 12:15:41.674   545 16258 I DownloadManager: in removeSpuriousFiles, preserving file /data/data/com.android.providers.downloads/cache/metadata-233.htm
07-05 12:15:41.674   545 16258 I DownloadManager: in removeSpuriousFiles, preserving file /data/data/com.android.providers.downloads/cache/metadata-824.htm
07-05 12:15:41.674   545 16258 I DownloadManager: in removeSpuriousFiles, preserving file /data/data/com.android.providers.downloads/cache/metadata-447.htm
07-05 12:15:41.674   545 16258 I DownloadManager: in removeSpuriousFiles, preserving file /data/data/com.android.providers.downloads/cache/metadata-345.htm
07-05 12:15:41.674   545 16258 I DownloadManager: in removeSpuriousFiles, preserving file /data/data/com.android.providers.downloads/cache/metadata-1298.htm
07-05 12:15:41.674   545 16258 I DownloadManager: in removeSpuriousFiles, preserving file /data/data/com.android.providers.downloads/cache/metadata-613.htm
07-05 12:15:41.674   545 16258 I DownloadManager: in removeSpuriousFiles, preserving file /data/data/com.android.providers.downloads/cache/metadata-323.htm
07-05 12:15:41.674   545 16258 I DownloadManager: in removeSpuriousFiles, preserving file /data/data/com.android.providers.downloads/cache/metadata-1757.htm
07-05 12:15:41.674   545 16258 I DownloadManager: in removeSpuriousFiles, preserving file /data/data/com.android.providers.downloads/cache/metadata-187.htm
07-05 12:15:41.674   545 16258 I DownloadManager: in removeSpuriousFiles, preserving file /data/data/com.android.providers.downloads/cache/metadata-446.htm
07-05 12:15:41.674   545 16258 I DownloadManager: in removeSpuriousFiles, preserving file /data/data/com.android.providers.downloads/cache/metadata-75.htm
07-05 12:15:41.674   545 16258 I DownloadManager: in removeSpuriousFiles, preserving file /data/data/com.android.providers.downloads/cache/metadata-1279.htm
07-05 12:15:41.674   545 16258 I DownloadManager: in removeSpuriousFiles, preserving file /data/data/com.android.providers.downloads/cache/metadata-381.htm
07-05 12:15:41.674   545 16258 I DownloadManager: in removeSpuriousFiles, preserving file /data/data/com.android.providers.downloads/cache/metadata-1546.htm
07-05 12:15:41.674   545 16258 I DownloadManager: in removeSpuriousFiles, preserving file /data/data/com.android.providers.downloads/cache/metadata-209.htm
07-05 12:15:41.674   545 16258 I DownloadManager: in removeSpuriousFiles, preserving file /data/data/com.android.providers.downloads/cache/metadata-158.htm
07-05 12:15:41.674   545 16258 I DownloadManager: in removeSpuriousFiles, preserving file /data/data/com.android.providers.downloads/cache/metadata-1838.htm
07-05 12:15:41.674   545 16258 I DownloadManager: in removeSpuriousFiles, preserving file /data/data/com.android.providers.downloads/cache/metadata-392.htm
07-05 12:15:41.674   545 16258 I DownloadManager: in removeSpuriousFiles, preserving file /data/data/com.android.providers.downloads/cache/metadata-2132.htm
07-05 12:15:41.674   545 16258 I DownloadManager: in removeSpuriousFiles, preserving file /data/data/com.android.providers.downloads/cache/metadata-273.htm
07-05 12:15:41.674   545 16258 I DownloadManager: in removeSpuriousFiles, preserving file /data/data/com.android.providers.downloads/cache/metadata-1991.htm
07-05 12:15:41.674   545 16258 I DownloadManager: in removeSpuriousFiles, preserving file /data/data/com.android.providers.downloads/cache/metadata-1471.htm
07-05 12:15:41.674   545 16258 I DownloadManager: in removeSpuriousFiles, preserving file /data/data/com.android.providers.downloads/cache/metadata-1148.htm
07-05 12:15:41.678   545 16258 I DownloadManager: in removeSpuriousFiles, preserving file /data/data/com.android.providers.downloads/cache/metadata-1540.htm
07-05 12:15:41.678   545 16258 I DownloadManager: in removeSpuriousFiles, preserving file /data/data/com.android.providers.downloads/cache/metadata-1178.htm
07-05 12:15:41.678   545 16258 I DownloadManager: in removeSpuriousFiles, preserving file /data/data/com.android.providers.downloads/cache/metadata-2544.htm
07-05 12:15:41.678   545 16258 I DownloadManager: in removeSpuriousFiles, preserving file /data/data/com.android.providers.downloads/cache/metadata-1456.htm
07-05 12:15:41.678   545 16258 I DownloadManager: in removeSpuriousFiles, preserving file /data/data/com.android.providers.downloads/cache/metadata-317.htm
07-05 12:15:41.678   545 16258 I DownloadManager: in removeSpuriousFiles, preserving file /data/data/com.android.providers.downloads/cache/metadata-368.htm
07-05 12:15:41.678   545 16258 I DownloadManager: in removeSpuriousFiles, preserving file /data/data/com.android.providers.downloads/cache/metadata-260.htm
07-05 12:15:41.678   545 16258 I DownloadManager: in removeSpuriousFiles, preserving file /data/data/com.android.providers.downloads/cache/metadata-896.htm
07-05 12:15:41.678   545 16258 I DownloadManager: in removeSpuriousFiles, preserving file /data/data/com.android.providers.downloads/cache/metadata-2021.htm
07-05 12:15:41.678   545 16258 I DownloadManager: in removeSpuriousFiles, preserving file /data/data/com.android.providers.downloads/cache/metadata-1247.htm
07-05 12:15:41.678   545 16258 I DownloadManager: in removeSpuriousFiles, preserving file /data/data/com.android.providers.downloads/cache/metadata-73.htm
07-05 12:15:41.678   545 16258 I DownloadManager: in removeSpuriousFiles, preserving file /data/data/com.android.providers.downloads/cache/metadata-17.htm
07-05 12:15:41.678   545 16258 I DownloadManager: in removeSpuriousFiles, preserving file /data/data/com.android.providers.downloads/cache/metadata-44.htm
07-05 12:15:41.678   545 16258 I DownloadManager: in removeSpuriousFiles, preserving file /data/data/com.android.providers.downloads/cache/metadata-312.htm
07-05 12:15:41.678   545 16258 I DownloadManager: in removeSpuriousFiles, preserving file /data/data/com.android.providers.downloads/cache/metadata-48.htm
07-05 12:15:41.678   545 16258 I DownloadManager: in removeSpuriousFiles, preserving file /data/data/com.android.providers.downloads/cache/metadata-96.htm
07-05 12:15:41.678   545 16258 I DownloadManager: in removeSpuriousFiles, preserving file /data/data/com.android.providers.downloads/cache/metadata-291.htm
07-05 12:15:41.678   545 16258 I DownloadManager: in removeSpuriousFiles, preserving file /data/data/com.android.providers.downloads/cache/metadata-159.htm
07-05 12:15:41.678   545 16258 I DownloadManager: in removeSpuriousFiles, preserving file /data/data/com.android.providers.downloads/cache/metadata-362.htm
07-05 12:15:41.678   545 16258 I DownloadManager: in removeSpuriousFiles, preserving file /data/data/com.android.providers.downloads/cache/metadata-141.htm
07-05 12:15:41.678   545 16258 I DownloadManager: in removeSpuriousFiles, preserving file /data/data/com.android.providers.downloads/cache/metadata-215.htm
07-05 12:15:41.678   545 16258 I DownloadManager: in removeSpuriousFiles, preserving file /data/data/com.android.providers.downloads/cache/metadata-90.htm
07-05 12:15:41.678   545 16258 I DownloadManager: in removeSpuriousFiles, preserving file /data/data/com.android.providers.downloads/cache/metadata-149.htm
07-05 12:15:41.678   545 16258 I DownloadManager: in removeSpuriousFiles, preserving file /data/data/com.android.providers.downloads/cache/metadata-267.htm
07-05 12:15:41.678   545 16258 I DownloadManager: in removeSpuriousFiles, preserving file /data/data/com.android.providers.downloads/cache/metadata-193.htm
07-05 12:15:41.678   545 16258 I DownloadManager: in removeSpuriousFiles, preserving file /data/data/com.android.providers.downloads/cache/metadata-351.htm
07-05 12:15:41.678   545 16258 I DownloadManager: in removeSpuriousFiles, preserving file /data/data/com.android.providers.downloads/cache/metadata-255.htm
07-05 12:15:41.678   545 16258 I DownloadManager: in removeSpuriousFiles, preserving file /data/data/com.android.providers.downloads/cache/metadata-107.htm
07-05 12:15:41.678   545 16258 I DownloadManager: in removeSpuriousFiles, preserving file /data/data/com.android.providers.downloads/cache/metadata-180.htm
07-05 12:15:41.678   545 16258 I DownloadManager: in removeSpuriousFiles, preserving file /data/data/com.android.providers.downloads/cache/metadata-154.htm
07-05 12:15:41.678   545 16258 I DownloadManager: in removeSpuriousFiles, preserving file /data/data/com.android.providers.downloads/cache/metadata-134.htm
07-05 12:15:41.678   545 16258 I DownloadManager: in removeSpuriousFiles, preserving file /data/data/com.android.providers.downloads/cache/metadata-280.htm
07-05 12:15:41.678   545 16258 I DownloadManager: in removeSpuriousFiles, preserving file /data/data/com.android.providers.downloads/cache/metadata-194.htm
07-05 12:15:41.678   545 16258 I DownloadManager: in removeSpuriousFiles, preserving file /data/data/com.android.providers.downloads/cache/metadata-170.htm
07-05 12:15:41.678   545 16258 I DownloadManager: in removeSpuriousFiles, preserving file /data/data/com.android.providers.downloads/cache/metadata-353.htm
07-05 12:15:41.678   545 16258 I DownloadManager: in removeSpuriousFiles, preserving file /data/data/com.android.providers.downloads/cache/metadata-459.htm
07-05 12:15:41.678   545 16258 I DownloadManager: in removeSpuriousFiles, preserving file /data/data/com.android.providers.downloads/cache/metadata-140.htm
07-05 12:15:41.678   545 16258 I DownloadManager: in removeSpuriousFiles, preserving file /data/data/com.android.providers.downloads/cache/metadata-303.htm
07-05 12:15:41.681   545 16258 I DownloadManager: in removeSpuriousFiles, preserving file /data/data/com.android.providers.downloads/cache/metadata-327.htm
07-05 12:15:41.681   545 16258 I DownloadManager: in removeSpuriousFiles, preserving file /data/data/com.android.providers.downloads/cache/metadata-243.htm
07-05 12:15:41.681   545 16258 I DownloadManager: in removeSpuriousFiles, preserving file /data/data/com.android.providers.downloads/cache/metadata-212.htm
07-05 12:15:41.681   545 16258 I DownloadManager: in removeSpuriousFiles, preserving file /data/data/com.android.providers.downloads/cache/metadata-190.htm
07-05 12:15:41.681   545 16258 I DownloadManager: in removeSpuriousFiles, preserving file /data/data/com.android.providers.downloads/cache/metadata-414.htm
07-05 12:15:41.681   545 16258 I DownloadManager: in removeSpuriousFiles, preserving file /data/data/com.android.providers.downloads/cache/metadata-274.htm
07-05 12:15:41.681   545 16258 I DownloadManager: in removeSpuriousFiles, preserving file /data/data/com.android.providers.downloads/cache/metadata-132.htm
07-05 12:15:41.681   545 16258 I DownloadManager: in removeSpuriousFiles, preserving file /data/data/com.android.providers.downloads/cache/metadata-229.htm
07-05 12:15:41.681   545 16258 I DownloadManager: in removeSpuriousFiles, preserving file /data/data/com.android.providers.downloads/cache/metadata-83.htm
07-05 12:15:41.681   545 16258 I DownloadManager: in removeSpuriousFiles, preserving file /data/data/com.android.providers.downloads/cache/metadata-450.htm
07-05 12:15:41.681   545 16258 I DownloadManager: in removeSpuriousFiles, preserving file /data/data/com.android.providers.downloads/cache/metadata-241.htm
07-05 12:15:41.681   545 16258 I DownloadManager: in removeSpuriousFiles, preserving file /data/data/com.android.providers.downloads/cache/metadata-336.htm
07-05 12:15:41.681   545 16258 I DownloadManager: in removeSpuriousFiles, preserving file /data/data/com.android.providers.downloads/cache/metadata-198.htm
07-05 12:15:41.681   545 16258 I DownloadManager: in removeSpuriousFiles, preserving file /data/data/com.android.providers.downloads/cache/metadata-262.htm
07-05 12:15:41.681   545 16258 I DownloadManager: in removeSpuriousFiles, preserving file /data/data/com.android.providers.downloads/cache/metadata-320.htm
07-05 12:15:41.681   545 16258 I DownloadManager: in removeSpuriousFiles, preserving file /data/data/com.android.providers.downloads/cache/metadata-128.htm
07-05 12:15:41.681   545 16258 I DownloadManager: in removeSpuriousFiles, preserving file /data/data/com.android.providers.downloads/cache/metadata-239.htm
07-05 12:15:41.681   545 16258 I DownloadManager: in removeSpuriousFiles, preserving file /data/data/com.android.providers.downloads/cache/metadata-358.htm
07-05 12:15:41.681   545 16258 I DownloadManager: in removeSpuriousFiles, preserving file /data/data/com.android.providers.downloads/cache/metadata-648.htm
07-05 12:15:41.681   545 16258 I DownloadManager: in removeSpuriousFiles, preserving file /data/data/com.android.providers.downloads/cache/metadata-314.htm
07-05 12:15:41.681   545 16258 I DownloadManager: in removeSpuriousFiles, preserving file /data/data/com.android.providers.downloads/cache/metadata-105.htm
07-05 12:15:41.681   545 16258 I DownloadManager: in removeSpuriousFiles, preserving file /data/data/com.android.providers.downloads/cache/metadata-1782.htm
07-05 12:15:41.681   545 16258 I DownloadManager: in removeSpuriousFiles, preserving file /data/data/com.android.providers.downloads/cache/metadata-2081.htm
07-05 12:15:41.681   545 16258 I DownloadManager: in removeSpuriousFiles, preserving file /data/data/com.android.providers.downloads/cache/metadata-457.htm
07-05 12:15:41.681   545 16258 I DownloadManager: in removeSpuriousFiles, preserving file /data/data/com.android.providers.downloads/cache/metadata-138.htm
07-05 12:15:41.681   545 16258 I DownloadManager: in removeSpuriousFiles, preserving file /data/data/com.android.providers.downloads/cache/metadata-460.htm
07-05 12:15:41.681   545 16258 I DownloadManager: in removeSpuriousFiles, preserving file /data/data/com.android.providers.downloads/cache/metadata-136.htm
07-05 12:15:41.681   545 16258 I DownloadManager: in removeSpuriousFiles, preserving file /data/data/com.android.providers.downloads/cache/metadata-297.htm
07-05 12:15:41.681   545 16258 I DownloadManager: in removeSpuriousFiles, preserving file /data/data/com.android.providers.downloads/cache/metadata-417.htm
07-05 12:15:41.681   545 16258 I DownloadManager: in removeSpuriousFiles, preserving file /data/data/com.android.providers.downloads/cache/metadata-156.htm
07-05 12:15:41.681   545 16258 I DownloadManager: in removeSpuriousFiles, preserving file /data/data/com.android.providers.downloads/cache/metadata-211.htm
07-05 12:15:41.681   545 16258 I DownloadManager: in removeSpuriousFiles, preserving file /data/data/com.android.providers.downloads/cache/metadata-348.htm
07-05 12:15:41.681   545 16258 I DownloadManager: in removeSpuriousFiles, preserving file /data/data/com.android.providers.downloads/cache/metadata-420.htm
07-05 12:15:41.681   545 16258 I DownloadManager: in removeSpuriousFiles, preserving file /data/data/com.android.providers.downloads/cache/metadata-117.htm
07-05 12:15:41.681   545 16258 I DownloadManager: in removeSpuriousFiles, preserving file /data/data/com.android.providers.downloads/cache/metadata-261.htm
07-05 12:15:41.681   545 16258 I DownloadManager: in removeSpuriousFiles, preserving file /data/data/com.android.providers.downloads/cache/metadata-1288.htm
07-05 12:15:41.681   545 16258 I DownloadManager: in removeSpuriousFiles, preserving file /data/data/com.android.providers.downloads/cache/metadata-412.htm
07-05 12:15:41.681   545 16258 I DownloadManager: in removeSpuriousFiles, preserving file /data/data/com.android.providers.downloads/cache/metadata-1864.htm
07-05 12:15:41.681   545 16258 I DownloadManager: in removeSpuriousFiles, preserving file /data/data/com.android.providers.downloads/cache/metadata-418.htm
07-05 12:15:41.681   545 16258 I DownloadManager: in removeSpuriousFiles, preserving file /data/data/com.android.providers.downloads/cache/metadata-100.htm
07-05 12:15:41.681   545 16258 I DownloadManager: in removeSpuriousFiles, preserving file /data/data/com.android.providers.downloads/cache/metadata-276.htm
07-05 12:15:41.681   545 16258 I DownloadManager: in removeSpuriousFiles, preserving file /data/data/com.android.providers.downloads/cache/metadata-422.htm
07-05 12:15:41.685   545 16258 I DownloadManager: in removeSpuriousFiles, preserving file /data/data/com.android.providers.downloads/cache/metadata-236.htm
07-05 12:15:41.685   545 16258 I DownloadManager: in removeSpuriousFiles, preserving file /data/data/com.android.providers.downloads/cache/metadata-282.htm
07-05 12:15:41.685   545 16258 I DownloadManager: in removeSpuriousFiles, preserving file /data/data/com.android.providers.downloads/cache/metadata-388.htm
07-05 12:15:41.685   545 16258 I DownloadManager: in removeSpuriousFiles, preserving file /data/data/com.android.providers.downloads/cache/metadata-213.htm
07-05 12:15:41.685   545 16258 I DownloadManager: in removeSpuriousFiles, preserving file /data/data/com.android.providers.downloads/cache/metadata-921.htm
07-05 12:15:41.685   545 16258 I DownloadManager: in removeSpuriousFiles, preserving file /data/data/com.android.providers.downloads/cache/metadata-354.htm
07-05 12:15:41.685   545 16258 I DownloadManager: in removeSpuriousFiles, preserving file /data/data/com.android.providers.downloads/cache/metadata-486.htm
07-05 12:15:41.685   545 16258 I DownloadManager: in removeSpuriousFiles, preserving file /data/data/com.android.providers.downloads/cache/metadata-436.htm
07-05 12:15:41.685   545 16258 I DownloadManager: in removeSpuriousFiles, preserving file /data/data/com.android.providers.downloads/cache/metadata-369.htm
07-05 12:15:41.685   545 16258 I DownloadManager: in removeSpuriousFiles, preserving file /data/data/com.android.providers.downloads/cache/metadata-225.htm
07-05 12:15:41.685   545 16258 I DownloadManager: in removeSpuriousFiles, preserving file /data/data/com.android.providers.downloads/cache/metadata-349.htm
07-05 12:15:41.685   545 16258 I DownloadManager: in removeSpuriousFiles, preserving file /data/data/com.android.providers.downloads/cache/metadata-278.htm
07-05 12:15:41.685   545 16258 I DownloadManager: in removeSpuriousFiles, preserving file /data/data/com.android.providers.downloads/cache/metadata-1293.htm
07-05 12:15:41.685   545 16258 I DownloadManager: in removeSpuriousFiles, preserving file /data/data/com.android.providers.downloads/cache/metadata-1172.htm
07-05 12:15:41.685   545 16258 I DownloadManager: in removeSpuriousFiles, preserving file /data/data/com.android.providers.downloads/cache/metadata-427.htm
07-05 12:15:41.685   545 16258 I DownloadManager: in removeSpuriousFiles, preserving file /data/data/com.android.providers.downloads/cache/metadata-1536.htm
07-05 12:15:41.685   545 16258 I DownloadManager: in removeSpuriousFiles, preserving file /data/data/com.android.providers.downloads/cache/metadata-266.htm
07-05 12:15:41.685   545 16258 I DownloadManager: in removeSpuriousFiles, preserving file /data/data/com.android.providers.downloads/cache/metadata-113.htm
07-05 12:15:41.685   545 16258 I DownloadManager: in removeSpuriousFiles, preserving file /data/data/com.android.providers.downloads/cache/metadata-1688.htm
07-05 12:15:41.685   545 16258 I DownloadManager: in removeSpuriousFiles, preserving file /data/data/com.android.providers.downloads/cache/metadata-2314.htm
07-05 12:15:41.685   545 16258 I DownloadManager: in removeSpuriousFiles, preserving file /data/data/com.android.providers.downloads/cache/metadata-94.htm
07-05 12:15:41.685   545 16258 I DownloadManager: in removeSpuriousFiles, preserving file /data/data/com.android.providers.downloads/cache/metadata-1111.htm
07-05 12:15:41.685   545 16258 I DownloadManager: in removeSpuriousFiles, preserving file /data/data/com.android.providers.downloads/cache/metadata-1872.htm
07-05 12:15:41.685   545 16258 I DownloadManager: in removeSpuriousFiles, preserving file /data/data/com.android.providers.downloads/cache/metadata-439.htm
07-05 12:15:41.685   545 16258 I DownloadManager: in removeSpuriousFiles, preserving file /data/data/com.android.providers.downloads/cache/metadata-836.htm
07-05 12:15:41.685   545 16258 I DownloadManager: in removeSpuriousFiles, preserving file /data/data/com.android.providers.downloads/cache/metadata-184.htm
07-05 12:15:41.685   545 16258 I DownloadManager: in removeSpuriousFiles, preserving file /data/data/com.android.providers.downloads/cache/metadata-639.htm
07-05 12:15:41.685   545 16258 I DownloadManager: in removeSpuriousFiles, preserving file /data/data/com.android.providers.downloads/cache/metadata-2175.htm
07-05 12:15:41.685   545 16258 I DownloadManager: in removeSpuriousFiles, preserving file /data/data/com.android.providers.downloads/cache/metadata-2206.htm
07-05 12:15:41.685   545 16258 I DownloadManager: in removeSpuriousFiles, preserving file /data/data/com.android.providers.downloads/cache/metadata-385.htm
07-05 12:15:41.685   545 16258 I DownloadManager: in removeSpuriousFiles, preserving file /data/data/com.android.providers.downloads/cache/metadata-480.htm
07-05 12:15:41.685   545 16258 I DownloadManager: in removeSpuriousFiles, preserving file /data/data/com.android.providers.downloads/cache/metadata-379.htm
07-05 12:15:41.685   545 16258 I DownloadManager: in removeSpuriousFiles, preserving file /data/data/com.android.providers.downloads/cache/metadata-428.htm
07-05 12:15:41.689   545 16258 I DownloadManager: in removeSpuriousFiles, preserving file /data/data/com.android.providers.downloads/cache/metadata-1616.htm
07-05 12:15:41.689   545 16258 I DownloadManager: in removeSpuriousFiles, preserving file /data/data/com.android.providers.downloads/cache/metadata-1059.htm
07-05 12:15:41.689   545 16258 I DownloadManager: in removeSpuriousFiles, preserving file /data/data/com.android.providers.downloads/cache/metadata-2090.htm
07-05 12:15:41.689   545 16258 I DownloadManager: in removeSpuriousFiles, preserving file /data/data/com.android.providers.downloads/cache/metadata-1153.htm
07-05 12:15:41.689   545 16258 I DownloadManager: in removeSpuriousFiles, preserving file /data/data/com.android.providers.downloads/cache/metadata-2435.htm
07-05 12:15:41.689   545 16258 I DownloadManager: in removeSpuriousFiles, preserving file /data/data/com.android.providers.downloads/cache/metadata-1299.htm
07-05 12:15:41.689   545 16258 I DownloadManager: in removeSpuriousFiles, preserving file /data/data/com.android.providers.downloads/cache/metadata-277.htm
07-05 12:15:41.689   545 16258 I DownloadManager: in removeSpuriousFiles, preserving file /data/data/com.android.providers.downloads/cache/metadata-1232.htm
07-05 12:15:41.689   545 16258 I DownloadManager: in removeSpuriousFiles, preserving file /data/data/com.android.providers.downloads/cache/metadata-552.htm
07-05 12:15:41.689   545 16258 I DownloadManager: in removeSpuriousFiles, preserving file /data/data/com.android.providers.downloads/cache/metadata-975.htm
07-05 12:15:41.689   545 16258 I DownloadManager: in removeSpuriousFiles, preserving file /data/data/com.android.providers.downloads/cache/metadata-852.htm
07-05 12:15:41.689   545 16258 I DownloadManager: in removeSpuriousFiles, preserving file /data/data/com.android.providers.downloads/cache/metadata-2164.htm
07-05 12:15:41.689   545 16258 I DownloadManager: in removeSpuriousFiles, preserving file /data/data/com.android.providers.downloads/cache/metadata-500.htm
07-05 12:15:41.689   545 16258 I DownloadManager: in removeSpuriousFiles, preserving file /data/data/com.android.providers.downloads/cache/metadata-404.htm
07-05 12:15:41.689   545 16258 I DownloadManager: in removeSpuriousFiles, preserving file /data/data/com.android.providers.downloads/cache/metadata-1633.htm
07-05 12:15:41.689   545 16258 I DownloadManager: in removeSpuriousFiles, preserving file /data/data/com.android.providers.downloads/cache/metadata-424.htm
07-05 12:15:41.689   545 16258 I DownloadManager: in removeSpuriousFiles, preserving file /data/data/com.android.providers.downloads/cache/metadata-81.htm
07-05 12:15:41.689   545 16258 I DownloadManager: in removeSpuriousFiles, preserving file /data/data/com.android.providers.downloads/cache/metadata-955.htm
07-05 12:15:41.689   545 16258 I DownloadManager: in removeSpuriousFiles, preserving file /data/data/com.android.providers.downloads/cache/metadata-1589.htm
07-05 12:15:41.689   545 16258 I DownloadManager: in removeSpuriousFiles, preserving file /data/data/com.android.providers.downloads/cache/metadata-2051.htm
07-05 12:15:41.689   545 16258 I DownloadManager: in removeSpuriousFiles, preserving file /data/data/com.android.providers.downloads/cache/metadata-386.htm
07-05 12:15:41.689   545 16258 I DownloadManager: in removeSpuriousFiles, preserving file /data/data/com.android.providers.downloads/cache/metadata-133.htm
07-05 12:15:41.689   545 16258 I DownloadManager: in removeSpuriousFiles, preserving file /data/data/com.android.providers.downloads/cache/metadata-45.htm
07-05 12:15:41.689   545 16258 I DownloadManager: in removeSpuriousFiles, preserving file /data/data/com.android.providers.downloads/cache/metadata-214.htm
07-05 12:15:41.689   545 16258 I DownloadManager: in removeSpuriousFiles, preserving file /data/data/com.android.providers.downloads/cache/metadata-467.htm
07-05 12:15:41.689   545 16258 I DownloadManager: in removeSpuriousFiles, preserving file /data/data/com.android.providers.downloads/cache/metadata-155.htm
07-05 12:15:41.689   545 16258 I DownloadManager: in removeSpuriousFiles, preserving file /data/data/com.android.providers.downloads/cache/metadata-248.htm
07-05 12:15:41.689   545 16258 I DownloadManager: in removeSpuriousFiles, preserving file /data/data/com.android.providers.downloads/cache/metadata-52.htm
07-05 12:15:41.689   545 16258 I DownloadManager: in removeSpuriousFiles, preserving file /data/data/com.android.providers.downloads/cache/metadata-288.htm
07-05 12:15:41.689   545 16258 I DownloadManager: in removeSpuriousFiles, preserving file /data/data/com.android.providers.downloads/cache/metadata-226.htm
07-05 12:15:41.689   545 16258 I DownloadManager: in removeSpuriousFiles, preserving file /data/data/com.android.providers.downloads/cache/metadata-210.htm
07-05 12:15:41.689   545 16258 I DownloadManager: in removeSpuriousFiles, preserving file /data/data/com.android.providers.downloads/cache/metadata-175.htm
07-05 12:15:41.689   545 16258 I DownloadManager: in removeSpuriousFiles, preserving file /data/data/com.android.providers.downloads/cache/metadata-257.htm
07-05 12:15:41.693   545 16258 I DownloadManager: in removeSpuriousFiles, preserving file /data/data/com.android.providers.downloads/cache/metadata-409.htm
07-05 12:15:41.693   545 16258 I DownloadManager: in removeSpuriousFiles, preserving file /data/data/com.android.providers.downloads/cache/metadata-285.htm
07-05 12:15:41.693   545 16258 I DownloadManager: in removeSpuriousFiles, preserving file /data/data/com.android.providers.downloads/cache/metadata-305.htm
07-05 12:15:41.693   545 16258 I DownloadManager: in removeSpuriousFiles, preserving file /data/data/com.android.providers.downloads/cache/metadata-343.htm
07-05 12:15:41.693   545 16258 I DownloadManager: in removeSpuriousFiles, preserving file /data/data/com.android.providers.downloads/cache/metadata-246.htm
07-05 12:15:41.693   545 16258 I DownloadManager: in removeSpuriousFiles, preserving file /data/data/com.android.providers.downloads/cache/metadata-166.htm
07-05 12:15:41.693   545 16258 I DownloadManager: in removeSpuriousFiles, preserving file /data/data/com.android.providers.downloads/cache/metadata-103.htm
07-05 12:15:41.693   545 16258 I DownloadManager: in removeSpuriousFiles, preserving file /data/data/com.android.providers.downloads/cache/metadata-63.htm
07-05 12:15:41.693   545 16258 I DownloadManager: in removeSpuriousFiles, preserving file /data/data/com.android.providers.downloads/cache/metadata-1937.htm
07-05 12:15:41.693   545 16258 I DownloadManager: in removeSpuriousFiles, preserving file /data/data/com.android.providers.downloads/cache/metadata-65.htm
07-05 12:15:41.693   545 16258 I DownloadManager: in removeSpuriousFiles, preserving file /data/data/com.android.providers.downloads/cache/metadata-97.htm
07-05 12:15:41.693   545 16258 I DownloadManager: in removeSpuriousFiles, preserving file /data/data/com.android.providers.downloads/cache/metadata-234.htm
07-05 12:15:41.693   545 16258 I DownloadManager: in removeSpuriousFiles, preserving file /data/data/com.android.providers.downloads/cache/metadata-389.htm
07-05 12:15:41.693   545 16258 I DownloadManager: in removeSpuriousFiles, preserving file /data/data/com.android.providers.downloads/cache/metadata-520.htm
07-05 12:15:41.693   545 16258 I DownloadManager: in removeSpuriousFiles, preserving file /data/data/com.android.providers.downloads/cache/metadata-396.htm
07-05 12:15:41.693   545 16258 I DownloadManager: in removeSpuriousFiles, preserving file /data/data/com.android.providers.downloads/cache/metadata-1098.htm
07-05 12:15:41.693   545 16258 I DownloadManager: in removeSpuriousFiles, preserving file /data/data/com.android.providers.downloads/cache/metadata-310.htm
07-05 12:15:41.693   545 16258 I DownloadManager: in removeSpuriousFiles, preserving file /data/data/com.android.providers.downloads/cache/metadata-242.htm
07-05 12:15:41.693   545 16258 I DownloadManager: in removeSpuriousFiles, preserving file /data/data/com.android.providers.downloads/cache/metadata-66.htm
07-05 12:15:41.693   545 16258 I DownloadManager: in removeSpuriousFiles, preserving file /data/data/com.android.providers.downloads/cache/metadata-283.htm
07-05 12:15:41.693   545 16258 I DownloadManager: in removeSpuriousFiles, preserving file /data/data/com.android.providers.downloads/cache/metadata-380.htm
07-05 12:15:41.693   545 16258 I DownloadManager: in removeSpuriousFiles, preserving file /data/data/com.android.providers.downloads/cache/metadata-165.htm
07-05 12:15:41.693   545 16258 I DownloadManager: in removeSpuriousFiles, preserving file /data/data/com.android.providers.downloads/cache/metadata-144.htm
07-05 12:15:41.693   545 16258 I DownloadManager: in removeSpuriousFiles, preserving file /data/data/com.android.providers.downloads/cache/metadata-275.htm
07-05 12:15:41.693   545 16258 I DownloadManager: in removeSpuriousFiles, preserving file /data/data/com.android.providers.downloads/cache/metadata-93.htm
07-05 12:15:41.693   545 16258 I DownloadManager: in removeSpuriousFiles, preserving file /data/data/com.android.providers.downloads/cache/metadata-335.htm
07-05 12:15:41.693   545 16258 I DownloadManager: in removeSpuriousFiles, preserving file /data/data/com.android.providers.downloads/cache/metadata-2126.htm
07-05 12:15:41.693   545 16258 I DownloadManager: in removeSpuriousFiles, preserving file /data/data/com.android.providers.downloads/cache/metadata-476.htm
07-05 12:15:41.693   545 16258 I DownloadManager: in removeSpuriousFiles, preserving file /data/data/com.android.providers.downloads/cache/metadata-279.htm
07-05 12:15:41.693   545 16258 I DownloadManager: in removeSpuriousFiles, preserving file /data/data/com.android.providers.downloads/cache/metadata-461.htm
07-05 12:15:41.693   545 16258 I DownloadManager: in removeSpuriousFiles, preserving file /data/data/com.android.providers.downloads/cache/metadata-357.htm
07-05 12:15:41.693   545 16258 I DownloadManager: in removeSpuriousFiles, preserving file /data/data/com.android.providers.downloads/cache/metadata-452.htm
07-05 12:15:41.693   545 16258 I DownloadManager: in removeSpuriousFiles, preserving file /data/data/com.android.providers.downloads/cache/metadata-1356.htm
07-05 12:15:41.693   545 16258 I DownloadManager: in removeSpuriousFiles, preserving file /data/data/com.android.providers.downloads/cache/metadata-1227.htm
07-05 12:15:41.693   545 16258 I DownloadManager: in removeSpuriousFiles, preserving file /data/data/com.android.providers.downloads/cache/metadata-465.htm
07-05 12:15:41.693   545 16258 I DownloadManager: in removeSpuriousFiles, preserving file /data/data/com.android.providers.downloads/cache/metadata-251.htm
07-05 12:15:41.693   545 16258 I DownloadManager: in removeSpuriousFiles, preserving file /data/data/com.android.providers.downloads/cache/metadata-253.htm
07-05 12:15:41.693   545 16258 I DownloadManager: in removeSpuriousFiles, preserving file /data/data/com.android.providers.downloads/cache/metadata-338.htm
07-05 12:15:41.693   545 16258 I DownloadManager: in removeSpuriousFiles, preserving file /data/data/com.android.providers.downloads/cache/metadata-1037.htm
07-05 12:15:41.693   545 16258 I DownloadManager: in removeSpuriousFiles, preserving file /data/data/com.android.providers.downloads/cache/metadata-84.htm
07-05 12:15:41.693   545 16258 I DownloadManager: in removeSpuriousFiles, preserving file /data/data/com.android.providers.downloads/cache/metadata-568.htm
07-05 12:15:41.693   545 16258 I DownloadManager: in removeSpuriousFiles, preserving file /data/data/com.android.providers.downloads/cache/metadata-501.htm
07-05 12:15:41.693   545 16258 I DownloadManager: in removeSpuriousFiles, preserving file /data/data/com.android.providers.downloads/cache/metadata-329.htm
07-05 12:15:41.693   545 16258 I DownloadManager: in removeSpuriousFiles, preserving file /data/data/com.android.providers.downloads/cache/metadata-1915.htm
07-05 12:15:41.693   545 16258 I DownloadManager: in removeSpuriousFiles, preserving file /data/data/com.android.providers.downloads/cache/metadata-431.htm
07-05 12:15:41.693   545 16258 I DownloadManager: in removeSpuriousFiles, preserving file /data/data/com.android.providers.downloads/cache/metadata-269.htm
07-05 12:15:41.693   545 16258 I DownloadManager: in removeSpuriousFiles, preserving file /data/data/com.android.providers.downloads/cache/metadata-1706.htm
07-05 12:15:41.693   545 16258 I DownloadManager: in removeSpuriousFiles, preserving file /data/data/com.android.providers.downloads/cache/metadata-1728.htm
07-05 12:15:41.693   545 16258 I DownloadManager: in removeSpuriousFiles, preserving file /data/data/com.android.providers.downloads/cache/metadata-1468.htm
07-05 12:15:41.693   545 16258 I DownloadManager: in removeSpuriousFiles, preserving file /data/data/com.android.providers.downloads/cache/metadata-256.htm
07-05 12:15:41.701   545 16258 I DownloadManager: in removeSpuriousFiles, preserving file /data/data/com.android.providers.downloads/cache/metadata-675.htm
07-05 12:15:41.701   545 16258 I DownloadManager: in removeSpuriousFiles, preserving file /data/data/com.android.providers.downloads/cache/metadata-298.htm
07-05 12:15:41.701   545 16258 I DownloadManager: in removeSpuriousFiles, preserving file /data/data/com.android.providers.downloads/cache/metadata-199.htm
07-05 12:15:41.701   545 16258 I DownloadManager: in removeSpuriousFiles, preserving file /data/data/com.android.providers.downloads/cache/metadata-265.htm
07-05 12:15:41.701   545 16258 I DownloadManager: in removeSpuriousFiles, preserving file /data/data/com.android.providers.downloads/cache/metadata-281.htm
07-05 12:15:41.701   545 16258 I DownloadManager: in removeSpuriousFiles, preserving file /data/data/com.android.providers.downloads/cache/metadata-544.htm
07-05 12:15:41.701   545 16258 I DownloadManager: in removeSpuriousFiles, preserving file /data/data/com.android.providers.downloads/cache/metadata-341.htm
07-05 12:15:41.701   545 16258 I DownloadManager: in removeSpuriousFiles, preserving file /data/data/com.android.providers.downloads/cache/metadata-337.htm
07-05 12:15:41.701   545 16258 I DownloadManager: in removeSpuriousFiles, preserving file /data/data/com.android.providers.downloads/cache/metadata-270.htm
07-05 12:15:41.701   545 16258 I DownloadManager: in removeSpuriousFiles, preserving file /data/data/com.android.providers.downloads/cache/metadata-1283.htm
07-05 12:15:41.701   545 16258 I DownloadManager: in removeSpuriousFiles, preserving file /data/data/com.android.providers.downloads/cache/metadata-1502.htm
07-05 12:15:41.701   545 16258 I DownloadManager: in removeSpuriousFiles, preserving file /data/data/com.android.providers.downloads/cache/metadata-411.htm
07-05 12:15:41.701   545 16258 I DownloadManager: in removeSpuriousFiles, preserving file /data/data/com.android.providers.downloads/cache/metadata-472.htm
07-05 12:15:41.701   545 16258 I DownloadManager: in removeSpuriousFiles, preserving file /data/data/com.android.providers.downloads/cache/metadata-494.htm
07-05 12:15:41.701   545 16258 I DownloadManager: in removeSpuriousFiles, preserving file /data/data/com.android.providers.downloads/cache/metadata-408.htm
07-05 12:15:41.701   545 16258 I DownloadManager: in removeSpuriousFiles, preserving file /data/data/com.android.providers.downloads/cache/metadata-1939.htm
07-05 12:15:41.701   545 16258 I DownloadManager: in removeSpuriousFiles, preserving file /data/data/com.android.providers.downloads/cache/metadata-1082.htm
07-05 12:15:41.701   545 16258 I DownloadManager: in removeSpuriousFiles, preserving file /data/data/com.android.providers.downloads/cache/metadata-375.htm
07-05 12:15:41.701   545 16258 I DownloadManager: in removeSpuriousFiles, preserving file /data/data/com.android.providers.downloads/cache/metadata-390.htm
07-05 12:15:41.701   545 16258 I DownloadManager: in removeSpuriousFiles, preserving file /data/data/com.android.providers.downloads/cache/metadata-419.htm
07-05 12:15:41.701   545 16258 I DownloadManager: in removeSpuriousFiles, preserving file /data/data/com.android.providers.downloads/cache/metadata-415.htm
07-05 12:15:41.701   545 16258 I DownloadManager: in removeSpuriousFiles, preserving file /data/data/com.android.providers.downloads/cache/metadata-1007.htm
07-05 12:15:41.701   545 16258 I DownloadManager: in removeSpuriousFiles, preserving file /data/data/com.android.providers.downloads/cache/metadata-485.htm
07-05 12:15:41.701   545 16258 I DownloadManager: in removeSpuriousFiles, preserving file /data/data/com.android.providers.downloads/cache/metadata-469.htm
07-05 12:15:41.701   545 16258 I DownloadManager: in removeSpuriousFiles, preserving file /data/data/com.android.providers.downloads/cache/metadata-382.htm
07-05 12:15:41.701   545 16258 I DownloadManager: in removeSpuriousFiles, preserving file /data/data/com.android.providers.downloads/cache/metadata-462.htm
07-05 12:15:41.701   545 16258 I DownloadManager: in removeSpuriousFiles, preserving file /data/data/com.android.providers.downloads/cache/metadata-421.htm
07-05 12:15:41.701   545 16258 I DownloadManager: in removeSpuriousFiles, preserving file /data/data/com.android.providers.downloads/cache/metadata-971.htm
07-05 12:15:41.701   545 16258 I DownloadManager: in removeSpuriousFiles, preserving file /data/data/com.android.providers.downloads/cache/metadata-507.htm
07-05 12:15:41.701   545 16258 I DownloadManager: in removeSpuriousFiles, preserving file /data/data/com.android.providers.downloads/cache/metadata-250.htm
07-05 12:15:41.701   545 16258 I DownloadManager: in removeSpuriousFiles, preserving file /data/data/com.android.providers.downloads/cache/metadata-399.htm
07-05 12:15:41.701   545 16258 I DownloadManager: in removeSpuriousFiles, preserving file /data/data/com.android.providers.downloads/cache/metadata-186.htm
07-05 12:15:41.701   545 16258 I DownloadManager: in removeSpuriousFiles, preserving file /data/data/com.android.providers.downloads/cache/metadata-488.htm
07-05 12:15:41.701   545 16258 I DownloadManager: in removeSpuriousFiles, preserving file /data/data/com.android.providers.downloads/cache/metadata-1156.htm
07-05 12:15:41.701   545 16258 I DownloadManager: in removeSpuriousFiles, preserving file /data/data/com.android.providers.downloads/cache/metadata-1146.htm
07-05 12:15:41.701   545 16258 I DownloadManager: in removeSpuriousFiles, preserving file /data/data/com.android.providers.downloads/cache/metadata-1106.htm
07-05 12:15:41.701   545 16258 I DownloadManager: in removeSpuriousFiles, preserving file /data/data/com.android.providers.downloads/cache/metadata-367.htm
07-05 12:15:41.701   545 16258 I DownloadManager: in removeSpuriousFiles, preserving file /data/data/com.android.providers.downloads/cache/metadata-463.htm
07-05 12:15:41.701   545 16258 I DownloadManager: in removeSpuriousFiles, preserving file /data/data/com.android.providers.downloads/cache/metadata-316.htm
07-05 12:15:41.705   545 16258 I DownloadManager: in removeSpuriousFiles, preserving file /data/data/com.android.providers.downloads/cache/metadata-518.htm
07-05 12:15:41.705   545 16258 I DownloadManager: in removeSpuriousFiles, preserving file /data/data/com.android.providers.downloads/cache/metadata-2105.htm
07-05 12:15:41.705   545 16258 I DownloadManager: in removeSpuriousFiles, preserving file /data/data/com.android.providers.downloads/cache/metadata-322.htm
07-05 12:15:41.705   545 16258 I DownloadManager: in removeSpuriousFiles, preserving file /data/data/com.android.providers.downloads/cache/metadata-1042.htm
07-05 12:15:41.705   545 16258 I DownloadManager: in removeSpuriousFiles, preserving file /data/data/com.android.providers.downloads/cache/metadata-1876.htm
07-05 12:15:41.705   545 16258 I DownloadManager: in removeSpuriousFiles, preserving file /data/data/com.android.providers.downloads/cache/metadata-680.htm
07-05 12:15:41.705   545 16258 I DownloadManager: in removeSpuriousFiles, preserving file /data/data/com.android.providers.downloads/cache/metadata-2057.htm
07-05 12:15:41.705   545 16258 I DownloadManager: in removeSpuriousFiles, preserving file /data/data/com.android.providers.downloads/cache/metadata-724.htm
07-05 12:15:41.705   545 16258 I DownloadManager: in removeSpuriousFiles, preserving file /data/data/com.android.providers.downloads/cache/metadata-790.htm
07-05 12:15:41.705   545 16258 I DownloadManager: in removeSpuriousFiles, preserving file /data/data/com.android.providers.downloads/cache/metadata-1030.htm
07-05 12:15:41.705   545 16258 I DownloadManager: in removeSpuriousFiles, preserving file /data/data/com.android.providers.downloads/cache/metadata-426.htm
07-05 12:15:41.705   545 16258 I DownloadManager: in removeSpuriousFiles, preserving file /data/data/com.android.providers.downloads/cache/metadata-1345.htm
07-05 12:15:41.705   545 16258 I DownloadManager: in removeSpuriousFiles, preserving file /data/data/com.android.providers.downloads/cache/metadata-1396.htm
07-05 12:15:41.705   545 16258 I DownloadManager: in removeSpuriousFiles, preserving file /data/data/com.android.providers.downloads/cache/metadata-403.htm
07-05 12:15:41.705   545 16258 I DownloadManager: in removeSpuriousFiles, preserving file /data/data/com.android.providers.downloads/cache/metadata-359.htm
07-05 12:15:41.705   545 16258 I DownloadManager: in removeSpuriousFiles, preserving file /data/data/com.android.providers.downloads/cache/metadata-917.htm
07-05 12:15:41.705   545 16258 I DownloadManager: in removeSpuriousFiles, preserving file /data/data/com.android.providers.downloads/cache/metadata-854.htm
07-05 12:15:41.705   545 16258 I DownloadManager: in removeSpuriousFiles, preserving file /data/data/com.android.providers.downloads/cache/metadata-748.htm
07-05 12:15:41.705   545 16258 I DownloadManager: in removeSpuriousFiles, preserving file /data/data/com.android.providers.downloads/cache/metadata-1269.htm
07-05 12:15:41.705   545 16258 I DownloadManager: in removeSpuriousFiles, preserving file /data/data/com.android.providers.downloads/cache/metadata-682.htm
07-05 12:15:41.705   545 16258 I DownloadManager: in removeSpuriousFiles, preserving file /data/data/com.android.providers.downloads/cache/metadata-1845.htm
07-05 12:15:41.705   545 16258 I DownloadManager: in removeSpuriousFiles, preserving file /data/data/com.android.providers.downloads/cache/metadata-2522.htm
07-05 12:15:41.705   545 16258 I DownloadManager: in removeSpuriousFiles, preserving file /data/data/com.android.providers.downloads/cache/metadata-1375.htm
07-05 12:15:41.705   545 16258 I DownloadManager: in removeSpuriousFiles, preserving file /data/data/com.android.providers.downloads/cache/metadata-405.htm
07-05 12:15:41.705   545 16258 I DownloadManager: deleting spurious file /cache/dalvik-cache
07-05 12:15:41.705   545 16258 I DownloadManager: deleting spurious file /data/data/com.android.providers.downloads/cache/metadata-30.htm
07-05 12:15:41.709   545 16258 I DownloadManager: deleting spurious file /data/data/com.android.providers.downloads/cache/metadata-304.htm
07-05 12:15:41.709   545 16258 I DownloadManager: deleting spurious file /data/data/com.android.providers.downloads/cache/metadata-332.htm
07-05 12:15:41.709   545 16258 I DownloadManager: deleting spurious file /data/data/com.android.providers.downloads/cache/metadata-33.htm
07-05 12:15:41.709   545 16258 I DownloadManager: deleting spurious file /data/data/com.android.providers.downloads/cache/metadata-114.htm
07-05 12:15:41.709   545 16258 I DownloadManager: deleting spurious file /data/data/com.android.providers.downloads/cache/metadata-61.htm
07-05 12:15:41.709   545 16258 I DownloadManager: deleting spurious file /data/data/com.android.providers.downloads/cache/metadata-86.htm
07-05 12:15:41.709   545 16258 I DownloadManager: deleting spurious file /data/data/com.android.providers.downloads/cache/metadata-448.htm
07-05 12:15:41.709   545 16258 I DownloadManager: deleting spurious file /data/data/com.android.providers.downloads/cache/metadata-50.htm
07-05 12:15:41.709   545 16258 I DownloadManager: deleting spurious file /data/data/com.android.providers.downloads/cache/metadata-152.htm
07-05 12:15:41.709   545 16258 I DownloadManager: deleting spurious file /data/data/com.android.providers.downloads/cache/metadata-178.htm
07-05 12:15:41.709   545 16258 I DownloadManager: deleting spurious file /data/data/com.android.providers.downloads/cache/metadata-200.htm
07-05 12:15:41.709   545 16258 I DownloadManager: deleting spurious file /data/data/com.android.providers.downloads/cache/metadata-370.htm
07-05 12:15:41.709   545 16258 I DownloadManager: deleting spurious file /data/data/com.android.providers.downloads/cache/metadata-110.htm
07-05 12:15:41.709   545 16258 I DownloadManager: deleting spurious file /data/data/com.android.providers.downloads/cache/metadata-137.htm
07-05 12:15:41.709   545 16258 I DownloadManager: deleting spurious file /data/data/com.android.providers.downloads/cache/metadata-87.htm
07-05 12:15:41.709   545 16258 I DownloadManager: deleting spurious file /data/data/com.android.providers.downloads/cache/metadata-167.htm
07-05 12:15:41.709   545 16258 I DownloadManager: deleting spurious file /data/data/com.android.providers.downloads/cache/metadata-220.htm
07-05 12:15:41.709   545 16258 I DownloadManager: deleting spurious file /data/data/com.android.providers.downloads/cache/metadata-102.htm
07-05 12:15:41.709   545 16258 I DownloadManager: deleting spurious file /data/data/com.android.providers.downloads/cache/metadata-173.htm
07-05 12:15:41.709   545 16258 I DownloadManager: deleting spurious file /data/data/com.android.providers.downloads/cache/metadata-330.htm
07-05 12:15:41.709   545 16258 I DownloadManager: deleting spurious file /data/data/com.android.providers.downloads/cache/metadata-130.htm
07-05 12:15:41.709   545 16258 I DownloadManager: deleting spurious file /data/data/com.android.providers.downloads/cache/metadata-208.htm
07-05 12:15:41.709   545 16258 I DownloadManager: deleting spurious file /data/data/com.android.providers.downloads/cache/metadata-340.htm
07-05 12:15:41.709   545 16258 I DownloadManager: deleting spurious file /data/data/com.android.providers.downloads/cache/metadata-264.htm
07-05 12:15:41.709   545 16258 I DownloadManager: deleting spurious file /data/data/com.android.providers.downloads/cache/metadata-189.htm
07-05 12:15:41.709   545 16258 I DownloadManager: deleting spurious file /data/data/com.android.providers.downloads/cache/metadata-413.htm
07-05 12:15:41.713   545 16258 I DownloadManager: deleting spurious file /data/data/com.android.providers.downloads/cache/metadata-471.htm
07-05 12:15:41.713   545 16258 I DownloadManager: deleting spurious file /data/data/com.android.providers.downloads/cache/metadata-296.htm
07-05 12:15:41.713   545 16258 I DownloadManager: deleting spurious file /data/data/com.android.providers.downloads/cache/metadata-1097.htm
07-05 12:15:41.713   545 16258 I DownloadManager: deleting spurious file /data/data/com.android.providers.downloads/cache/metadata-171.htm
07-05 12:15:41.713   545 16258 I DownloadManager: deleting spurious file /data/data/com.android.providers.downloads/cache/metadata-1773.htm
07-05 12:15:41.713   545 16258 I DownloadManager: deleting spurious file /data/data/com.android.providers.downloads/cache/metadata-293.htm
07-05 12:15:41.713   545 16258 I DownloadManager: deleting spurious file /data/data/com.android.providers.downloads/cache/metadata-311.htm
07-05 12:15:41.713   545 16258 I DownloadManager: deleting spurious file /data/data/com.android.providers.downloads/cache/metadata-425.htm
07-05 12:15:41.713   545 16258 I DownloadManager: deleting spurious file /data/data/com.android.providers.downloads/cache/metadata-88.htm
07-05 12:15:41.713   545 16258 I DownloadManager: deleting spurious file /data/data/com.android.providers.downloads/cache/metadata-109.htm
07-05 12:15:41.713   545 16258 I DownloadManager: deleting spurious file /data/data/com.android.providers.downloads/cache/metadata-1236.htm
07-05 12:15:41.713   545 16258 I DownloadManager: deleting spurious file /data/data/com.android.providers.downloads/cache/metadata-438.htm
07-05 12:15:41.713   545 16258 I DownloadManager: deleting spurious file /data/data/com.android.providers.downloads/cache/metadata-162.htm
07-05 12:15:41.713   545 16258 I DownloadManager: deleting spurious file /data/data/com.android.providers.downloads/cache/metadata-74.htm
07-05 12:15:41.713   545 16258 I DownloadManager: deleting spurious file /data/data/com.android.providers.downloads/cache/metadata-1754.htm
07-05 12:15:41.713   545 16258 I DownloadManager: deleting spurious file /data/data/com.android.providers.downloads/cache/metadata-179.htm
07-05 12:15:41.713   545 16258 I DownloadManager: deleting spurious file /data/data/com.android.providers.downloads/cache/metadata-315.htm
07-05 12:15:41.713   545 16258 I DownloadManager: deleting spurious file /data/data/com.android.providers.downloads/cache/metadata-346.htm
07-05 12:15:41.713   545 16258 I DownloadManager: deleting spurious file /data/data/com.android.providers.downloads/cache/metadata-223.htm
07-05 12:15:41.713   545 16258 I DownloadManager: deleting spurious file /data/data/com.android.providers.downloads/cache/metadata-391.htm
07-05 12:15:41.713   545 16258 I DownloadManager: deleting spurious file /data/data/com.android.providers.downloads/cache/metadata-741.htm
07-05 12:15:41.713   545 16258 I DownloadManager: deleting spurious file /data/data/com.android.providers.downloads/cache/metadata-2250.htm
07-05 12:15:41.713   545 16258 I DownloadManager: deleting spurious file /data/data/com.android.providers.downloads/cache/metadata-545.htm
07-05 12:15:41.713   545 16258 I DownloadManager: deleting spurious file /data/data/com.android.providers.downloads/cache/metadata-131.htm
07-05 12:15:41.713   545 16258 I DownloadManager: deleting spurious file /data/data/com.android.providers.downloads/cache/metadata-325.htm
07-05 12:15:41.713   545 16258 I DownloadManager: deleting spurious file /data/data/com.android.providers.downloads/cache/metadata-344.htm
07-05 12:15:41.713   545 16258 I DownloadManager: deleting spurious file /data/data/com.android.providers.downloads/cache/metadata-106.htm
07-05 12:15:41.713   545 16258 I DownloadManager: deleting spurious file /data/data/com.android.providers.downloads/cache/metadata-263.htm
07-05 12:15:41.717   545 16258 I DownloadManager: deleting spurious file /data/data/com.android.providers.downloads/cache/metadata-244.htm
07-05 12:15:41.717   545 16258 I DownloadManager: deleting spurious file /data/data/com.android.providers.downloads/cache/metadata-970.htm
07-05 12:15:41.717   545 16258 I DownloadManager: deleting spurious file /data/data/com.android.providers.downloads/cache/metadata-416.htm
07-05 12:15:41.717   545 16258 I DownloadManager: deleting spurious file /data/data/com.android.providers.downloads/cache/metadata-204.htm
07-05 12:15:41.717   545 16258 I DownloadManager: deleting spurious file /data/data/com.android.providers.downloads/cache/metadata-308.htm
07-05 12:15:41.717   545 16258 I DownloadManager: deleting spurious file /data/data/com.android.providers.downloads/cache/metadata-356.htm
07-05 12:15:41.717   545 16258 I DownloadManager: deleting spurious file /data/data/com.android.providers.downloads/cache/metadata-468.htm
07-05 12:15:41.717   545 16258 I DownloadManager: deleting spurious file /data/data/com.android.providers.downloads/cache/metadata-333.htm
07-05 12:15:41.717   545 16258 I DownloadManager: deleting spurious file /data/data/com.android.providers.downloads/cache/metadata-407.htm
07-05 12:15:41.717   545 16258 I DownloadManager: deleting spurious file /data/data/com.android.providers.downloads/cache/metadata-1133.htm
07-05 12:15:41.717   545 16258 I DownloadManager: deleting spurious file /data/data/com.android.providers.downloads/cache/metadata-177.htm
07-05 12:15:41.717   545 16258 I DownloadManager: deleting spurious file /data/data/com.android.providers.downloads/cache/metadata-526.htm
07-05 12:15:41.717   545 16258 I DownloadManager: deleting spurious file /data/data/com.android.providers.downloads/cache/metadata-301.htm
07-05 12:15:41.717   545 16258 I DownloadManager: deleting spurious file /data/data/com.android.providers.downloads/cache/metadata-324.htm
07-05 12:15:41.717   545 16258 I DownloadManager: deleting spurious file /data/data/com.android.providers.downloads/cache/metadata-195.htm
07-05 12:15:41.717   545 16258 I DownloadManager: deleting spurious file /data/data/com.android.providers.downloads/cache/metadata-499.htm
07-05 12:15:41.717   545 16258 I DownloadManager: deleting spurious file /data/data/com.android.providers.downloads/cache/metadata-339.htm
07-05 12:15:41.717   545 16258 I DownloadManager: deleting spurious file /data/data/com.android.providers.downloads/cache/metadata-1135.htm
07-05 12:15:41.717   545 16258 I DownloadManager: deleting spurious file /data/data/com.android.providers.downloads/cache/metadata-268.htm
07-05 12:15:41.717   545 16258 I DownloadManager: deleting spurious file /data/data/com.android.providers.downloads/cache/metadata-366.htm
