07-05 12:48:06.261   545   548 D dalvikvm: GC_CONCURRENT freed 840K, 11% free 10458K/11719K, paused 2ms+3ms
07-05 12:48:06.449   545   548 D dalvikvm: GC_CONCURRENT freed 426K, 12% free 10428K/11719K, paused 2ms+2ms
07-05 12:48:06.566   545 24136 I DownloadManager: Initiating request for download 2841
07-05 12:48:06.629   545   548 D dalvikvm: GC_CONCURRENT freed 321K, 11% free 10495K/11719K, paused 1ms+2ms
07-05 12:48:06.726   545   548 D dalvikvm: GC_CONCURRENT freed 225K, 9% free 10729K/11719K, paused 2ms+3ms
07-05 12:48:06.847   545   548 D dalvikvm: GC_CONCURRENT freed 479K, 9% free 10733K/11719K, paused 2ms+2ms
07-05 12:48:07.082   545   548 D dalvikvm: GC_CONCURRENT freed 746K, 11% free 10441K/11719K, paused 2ms+3ms
07-05 12:48:07.261   545   548 D dalvikvm: GC_CONCURRENT freed 415K, 12% free 10421K/11719K, paused 1ms+2ms
07-05 12:48:07.343   545 24139 I DownloadManager: Initiating request for download 2842
07-05 12:48:07.453   545   548 D dalvikvm: GC_CONCURRENT freed 225K, 10% free 10657K/11719K, paused 2ms+3ms
07-05 12:48:07.547   545   548 D dalvikvm: GC_CONCURRENT freed 313K, 8% free 10805K/11719K, paused 2ms+3ms
07-05 12:48:07.738   545   548 D dalvikvm: GC_CONCURRENT freed 835K, 11% free 10452K/11719K, paused 2ms+3ms
07-05 12:48:07.773  1370 24141 E DictionaryProvider:UpdateHandler: Can't read a file : android.util.MalformedJsonException: Use JsonReader.setLenient(true) to accept malformed JSON at line 1 column 20
07-05 12:48:07.965   545   548 D dalvikvm: GC_CONCURRENT freed 409K, 11% free 10438K/11719K, paused 1ms+2ms
07-05 12:48:08.090   545 24144 I DownloadManager: Initiating request for download 2842
07-05 12:48:08.140   545   548 D dalvikvm: GC_CONCURRENT freed 358K, 11% free 10498K/11719K, paused 1ms+6ms
07-05 12:48:08.238   545   548 D dalvikvm: GC_CONCURRENT freed 226K, 9% free 10733K/11719K, paused 2ms+2ms
07-05 12:48:08.367   545   548 D dalvikvm: GC_CONCURRENT freed 459K, 9% free 10732K/11719K, paused 2ms+3ms
07-05 12:48:08.597   545   548 D dalvikvm: GC_CONCURRENT freed 742K, 11% free 10453K/11719K, paused 2ms+2ms
07-05 12:48:08.781   545   548 D dalvikvm: GC_CONCURRENT freed 421K, 12% free 10426K/11719K, paused 1ms+3ms
07-05 12:48:08.879   545 24147 I DownloadManager: Initiating request for download 2843
07-05 12:48:08.976   545   548 D dalvikvm: GC_CONCURRENT freed 232K, 10% free 10653K/11719K, paused 1ms+3ms
07-05 12:48:09.082   545   548 D dalvikvm: GC_CONCURRENT freed 297K, 8% free 10871K/11719K, paused 2ms+3ms
07-05 12:48:09.261  1370 24149 E DictionaryProvider:UpdateHandler: Can't read a file : android.util.MalformedJsonException: Use JsonReader.setLenient(true) to accept malformed JSON at line 1 column 20
07-05 12:48:09.340   545   548 D dalvikvm: GC_CONCURRENT freed 903K, 11% free 10464K/11719K, paused 1ms+3ms
07-05 12:48:09.539   545   548 D dalvikvm: GC_CONCURRENT freed 418K, 11% free 10444K/11719K, paused 1ms+3ms
07-05 12:48:09.656   545 24152 I DownloadManager: Initiating request for download 2843
07-05 12:48:09.730   545   548 D dalvikvm: GC_CONCURRENT freed 316K, 10% free 10585K/11719K, paused 2ms+3ms
07-05 12:48:09.832   545   548 D dalvikvm: GC_CONCURRENT freed 287K, 9% free 10773K/11719K, paused 2ms+3ms
07-05 12:48:09.976   545   548 D dalvikvm: GC_CONCURRENT freed 741K, 11% free 10500K/11719K, paused 1ms+2ms
07-05 12:48:10.183   545   548 D dalvikvm: GC_CONCURRENT freed 449K, 11% free 10446K/11719K, paused 1ms+2ms
07-05 12:48:10.375   545   548 D dalvikvm: GC_CONCURRENT freed 414K, 12% free 10427K/11719K, paused 2ms+2ms
07-05 12:48:10.468   545 24155 I DownloadManager: Initiating request for download 2844
07-05 12:48:10.570   545   548 D dalvikvm: GC_CONCURRENT freed 214K, 9% free 10673K/11719K, paused 2ms+3ms
07-05 12:48:10.672   545   548 D dalvikvm: GC_CONCURRENT freed 323K, 8% free 10835K/11719K, paused 1ms+3ms
07-05 12:48:10.863   545   548 D dalvikvm: GC_CONCURRENT freed 837K, 11% free 10485K/11719K, paused 2ms+2ms
07-05 12:48:11.054   545   548 D dalvikvm: GC_CONCURRENT freed 409K, 11% free 10472K/11719K, paused 1ms+5ms
07-05 12:48:12.375  1370 24158 E DictionaryProvider:UpdateHandler: Can't read a file : android.util.MalformedJsonException: Use JsonReader.setLenient(true) to accept malformed JSON at line 1 column 20
07-05 12:48:12.429  1370  1372 D dalvikvm: GC_CONCURRENT freed 392K, 7% free 9132K/9735K, paused 1ms+2ms
07-05 12:48:12.461   545   548 D dalvikvm: GC_CONCURRENT freed 388K, 11% free 10498K/11719K, paused 2ms+6ms
07-05 12:48:12.640   545   548 D dalvikvm: GC_CONCURRENT freed 445K, 11% free 10448K/11719K, paused 2ms+3ms
07-05 12:48:12.828   545   548 D dalvikvm: GC_CONCURRENT freed 412K, 11% free 10431K/11719K, paused 2ms+2ms
07-05 12:48:12.906   545 24161 I DownloadManager: Initiating request for download 2844
07-05 12:48:12.906   545 24161 W DownloadManager: Aborting request for download 2844: Trying to resume a download that can't be resumed
07-05 12:48:13.070   545   548 D dalvikvm: GC_CONCURRENT freed 363K, 11% free 10464K/11719K, paused 2ms+3ms
07-05 12:48:13.254   545   548 D dalvikvm: GC_CONCURRENT freed 405K, 11% free 10455K/11719K, paused 2ms+2ms
07-05 12:48:13.437   545   548 D dalvikvm: GC_CONCURRENT freed 412K, 11% free 10431K/11719K, paused 1ms+2ms
07-05 12:48:13.519   545 24164 I DownloadManager: Initiating request for download 2845
07-05 12:48:13.625   545   548 D dalvikvm: GC_CONCURRENT freed 208K, 9% free 10683K/11719K, paused 2ms+3ms
07-05 12:48:13.726   545   548 D dalvikvm: GC_CONCURRENT freed 307K, 8% free 10840K/11719K, paused 2ms+2ms
07-05 12:48:13.894  1370 24166 E DictionaryProvider:UpdateHandler: Can't read a file : android.util.MalformedJsonException: Use JsonReader.setLenient(true) to accept malformed JSON at line 1 column 20
07-05 12:48:13.968   545   548 D dalvikvm: GC_CONCURRENT freed 858K, 11% free 10466K/11719K, paused 3ms+2ms
07-05 12:48:14.152   545   548 D dalvikvm: GC_CONCURRENT freed 422K, 11% free 10440K/11719K, paused 1ms+3ms
07-05 12:48:14.277   545 24169 I DownloadManager: Initiating request for download 2845
07-05 12:48:14.359   545   548 D dalvikvm: GC_CONCURRENT freed 314K, 10% free 10586K/11719K, paused 1ms+3ms
07-05 12:48:14.457   545   548 D dalvikvm: GC_CONCURRENT freed 281K, 9% free 10775K/11719K, paused 2ms+3ms
07-05 12:48:14.605   545   548 D dalvikvm: GC_CONCURRENT freed 736K, 11% free 10508K/11719K, paused 2ms+2ms
07-05 12:48:14.812   545   548 D dalvikvm: GC_CONCURRENT freed 450K, 11% free 10453K/11719K, paused 2ms+2ms
07-05 12:48:15.000   545   548 D dalvikvm: GC_CONCURRENT freed 412K, 11% free 10436K/11719K, paused 1ms+2ms
07-05 12:48:15.078   545 24172 I DownloadManager: Initiating request for download 2846
07-05 12:48:15.191   545   548 D dalvikvm: GC_CONCURRENT freed 209K, 10% free 10664K/11719K, paused 2ms+3ms
07-05 12:48:15.297   545   548 D dalvikvm: GC_CONCURRENT freed 318K, 8% free 10838K/11719K, paused 2ms+2ms
07-05 12:48:15.476  1370 24174 E DictionaryProvider:UpdateHandler: Can't read a file : android.util.MalformedJsonException: Use JsonReader.setLenient(true) to accept malformed JSON at line 1 column 20
07-05 12:48:15.554   545   548 D dalvikvm: GC_CONCURRENT freed 846K, 11% free 10473K/11719K, paused 2ms+2ms
07-05 12:48:15.746   545   548 D dalvikvm: GC_CONCURRENT freed 423K, 11% free 10444K/11719K, paused 2ms+3ms
07-05 12:48:15.890   545 24177 I DownloadManager: Initiating request for download 2846
07-05 12:48:15.961   156   594 D dalvikvm: GC_EXPLICIT freed 496K, 13% free 14082K/16007K, paused 3ms+5ms
07-05 12:48:15.996   545   548 D dalvikvm: GC_CONCURRENT freed 347K, 11% free 10512K/11719K, paused 2ms+3ms
07-05 12:48:16.105   545   548 D dalvikvm: GC_CONCURRENT freed 242K, 9% free 10730K/11719K, paused 2ms+3ms
07-05 12:48:16.226   545   548 D dalvikvm: GC_CONCURRENT freed 460K, 9% free 10728K/11719K, paused 2ms+2ms
07-05 12:48:16.453   545   548 D dalvikvm: GC_CONCURRENT freed 738K, 11% free 10442K/11719K, paused 2ms+2ms
07-05 12:48:16.633   545   548 D dalvikvm: GC_CONCURRENT freed 413K, 12% free 10424K/11719K, paused 1ms+3ms
07-05 12:48:16.738   545 24180 I DownloadManager: Initiating request for download 2847
07-05 12:48:16.828   545   548 D dalvikvm: GC_CONCURRENT freed 235K, 10% free 10641K/11719K, paused 1ms+2ms
07-05 12:48:16.933   545   548 D dalvikvm: GC_CONCURRENT freed 322K, 8% free 10822K/11719K, paused 2ms+3ms
07-05 12:48:17.121   545   548 D dalvikvm: GC_CONCURRENT freed 824K, 11% free 10484K/11719K, paused 2ms+3ms
07-05 12:48:17.179  1370 24182 E DictionaryProvider:UpdateHandler: Can't read a file : android.util.MalformedJsonException: Use JsonReader.setLenient(true) to accept malformed JSON at line 1 column 20
07-05 12:48:17.347   545   548 D dalvikvm: GC_CONCURRENT freed 429K, 11% free 10443K/11719K, paused 2ms+2ms
07-05 12:48:17.496   545 24185 I DownloadManager: Initiating request for download 2847
07-05 12:48:17.523   545   548 D dalvikvm: GC_CONCURRENT freed 380K, 11% free 10469K/11719K, paused 1ms+3ms
07-05 12:48:17.640   545   548 D dalvikvm: GC_CONCURRENT freed 217K, 9% free 10726K/11719K, paused 2ms+3ms
07-05 12:48:17.765   545   548 D dalvikvm: GC_CONCURRENT freed 470K, 9% free 10729K/11719K, paused 2ms+4ms
07-05 12:48:17.996   545   548 D dalvikvm: GC_CONCURRENT freed 737K, 11% free 10445K/11719K, paused 2ms+2ms
07-05 12:48:18.168   545   548 D dalvikvm: GC_CONCURRENT freed 413K, 12% free 10427K/11719K, paused 2ms+2ms
07-05 12:48:18.258   545 24188 I DownloadManager: Initiating request for download 2848
07-05 12:48:18.347   545   548 D dalvikvm: GC_CONCURRENT freed 239K, 10% free 10641K/11719K, paused 2ms+3ms
07-05 12:48:18.449   545   548 D dalvikvm: GC_CONCURRENT freed 323K, 8% free 10818K/11719K, paused 2ms+3ms
07-05 12:48:18.644   545   548 D dalvikvm: GC_CONCURRENT freed 844K, 11% free 10456K/11719K, paused 2ms+2ms
07-05 12:48:18.675  1370 24190 E DictionaryProvider:UpdateHandler: Can't read a file : android.util.MalformedJsonException: Use JsonReader.setLenient(true) to accept malformed JSON at line 1 column 20
07-05 12:48:18.711  1370  1372 D dalvikvm: GC_CONCURRENT freed 393K, 7% free 9128K/9735K, paused 1ms+3ms
07-05 12:48:18.894   545   548 D dalvikvm: GC_CONCURRENT freed 410K, 11% free 10441K/11719K, paused 2ms+2ms
07-05 12:48:19.066   545   548 D dalvikvm: GC_CONCURRENT freed 379K, 11% free 10462K/11719K, paused 2ms+2ms
07-05 12:48:19.090   545 24193 I DownloadManager: Initiating request for download 2848
07-05 12:48:19.195   545   548 D dalvikvm: GC_CONCURRENT freed 193K, 9% free 10710K/11719K, paused 2ms+2ms
07-05 12:48:19.300   545   548 D dalvikvm: GC_CONCURRENT freed 431K, 9% free 10739K/11719K, paused 2ms+3ms
07-05 12:48:19.519   545   548 D dalvikvm: GC_CONCURRENT freed 736K, 11% free 10451K/11719K, paused 1ms+2ms
07-05 12:48:19.703   545   548 D dalvikvm: GC_CONCURRENT freed 415K, 11% free 10432K/11719K, paused 2ms+3ms
07-05 12:48:19.832   545 24196 I DownloadManager: Initiating request for download 2849
07-05 12:48:19.914   545   548 D dalvikvm: GC_CONCURRENT freed 261K, 10% free 10616K/11719K, paused 2ms+3ms
07-05 12:48:20.015   545   548 D dalvikvm: GC_CONCURRENT freed 318K, 8% free 10793K/11719K, paused 2ms+3ms
07-05 12:48:20.183   545   548 D dalvikvm: GC_CONCURRENT freed 767K, 11% free 10498K/11719K, paused 2ms+3ms
07-05 12:48:20.277  1370 24198 D dalvikvm: GC_EXPLICIT freed 105K, 7% free 9093K/9735K, paused 2ms+2ms
07-05 12:48:20.289  1370 24198 E DictionaryProvider:UpdateHandler: Can't read a file : android.util.MalformedJsonException: Use JsonReader.setLenient(true) to accept malformed JSON at line 1 column 20
07-05 12:48:20.437   545   548 D dalvikvm: GC_CONCURRENT freed 440K, 11% free 10452K/11719K, paused 1ms+3ms
07-05 12:48:20.640   545   548 D dalvikvm: GC_CONCURRENT freed 419K, 12% free 10427K/11719K, paused 1ms+3ms
07-05 12:48:20.683   545 24201 I DownloadManager: Initiating request for download 2849
07-05 12:48:20.777   545   548 D dalvikvm: GC_CONCURRENT freed 200K, 9% free 10686K/11719K, paused 2ms+2ms
07-05 12:48:20.883   545   548 D dalvikvm: GC_CONCURRENT freed 323K, 8% free 10838K/11719K, paused 2ms+3ms
07-05 12:48:21.097   545   548 D dalvikvm: GC_CONCURRENT freed 841K, 11% free 10487K/11719K, paused 2ms+3ms
07-05 12:48:21.285   545   548 D dalvikvm: GC_CONCURRENT freed 402K, 11% free 10473K/11719K, paused 2ms+2ms
07-05 12:48:21.457   545 24204 I DownloadManager: Initiating request for download 2850
07-05 12:48:21.554   545   548 D dalvikvm: GC_CONCURRENT freed 313K, 10% free 10594K/11719K, paused 2ms+3ms
07-05 12:48:21.660   545   548 D dalvikvm: GC_CONCURRENT freed 291K, 9% free 10775K/11719K, paused 1ms+3ms
07-05 12:48:21.793   545   548 D dalvikvm: GC_CONCURRENT freed 744K, 11% free 10498K/11719K, paused 2ms+3ms
07-05 12:48:21.894  1370 24206 E DictionaryProvider:UpdateHandler: Can't read a file : android.util.MalformedJsonException: Use JsonReader.setLenient(true) to accept malformed JSON at line 1 column 20
07-05 12:48:22.015   545   548 D dalvikvm: GC_CONCURRENT freed 434K, 11% free 10459K/11719K, paused 2ms+3ms
07-05 12:48:22.191   545   548 D dalvikvm: GC_CONCURRENT freed 419K, 11% free 10434K/11719K, paused 1ms+2ms
07-05 12:48:22.250   545 24209 I DownloadManager: Initiating request for download 2850
07-05 12:48:22.343   545   548 D dalvikvm: GC_CONCURRENT freed 230K, 10% free 10657K/11719K, paused 2ms+3ms
07-05 12:48:22.445   545   548 D dalvikvm: GC_CONCURRENT freed 330K, 8% free 10836K/11719K, paused 2ms+3ms
07-05 12:48:22.648   545   548 D dalvikvm: GC_CONCURRENT freed 836K, 11% free 10491K/11719K, paused 2ms+2ms
07-05 12:48:22.859   545   548 D dalvikvm: GC_CONCURRENT freed 441K, 11% free 10445K/11719K, paused 2ms+4ms
07-05 12:48:23.015   545 24212 I DownloadManager: Initiating request for download 2851
07-05 12:48:23.082   545   548 D dalvikvm: GC_CONCURRENT freed 323K, 11% free 10510K/11719K, paused 2ms+2ms
07-05 12:48:23.183   545   548 D dalvikvm: GC_CONCURRENT freed 219K, 9% free 10740K/11719K, paused 2ms+2ms
07-05 12:48:23.300   545   548 D dalvikvm: GC_CONCURRENT freed 464K, 9% free 10743K/11719K, paused 2ms+2ms
07-05 12:48:23.441  1370 24214 E DictionaryProvider:UpdateHandler: Can't read a file : android.util.MalformedJsonException: Use JsonReader.setLenient(true) to accept malformed JSON at line 1 column 20
07-05 12:48:23.488   465 24215 D dalvikvm: GC_EXPLICIT freed 417K, 6% free 10515K/11079K, paused 2ms+2ms
07-05 12:48:23.593   545   548 D dalvikvm: GC_CONCURRENT freed 730K, 11% free 10463K/11719K, paused 1ms+3ms
07-05 12:48:23.781   545   548 D dalvikvm: GC_CONCURRENT freed 419K, 11% free 10439K/11719K, paused 1ms+3ms
07-05 12:48:23.867   545 24217 I DownloadManager: Initiating request for download 2851
07-05 12:48:23.945   545   548 D dalvikvm: GC_CONCURRENT freed 255K, 10% free 10643K/11719K, paused 2ms+3ms
07-05 12:48:24.050   545   548 D dalvikvm: GC_CONCURRENT freed 324K, 8% free 10821K/11719K, paused 2ms+3ms
07-05 12:48:24.234   545   548 D dalvikvm: GC_CONCURRENT freed 814K, 11% free 10499K/11719K, paused 2ms+2ms
07-05 12:48:24.429   545   548 D dalvikvm: GC_CONCURRENT freed 445K, 11% free 10449K/11719K, paused 1ms+2ms
07-05 12:48:24.629   545   548 D dalvikvm: GC_CONCURRENT freed 375K, 11% free 10474K/11719K, paused 2ms+3ms
07-05 12:48:24.640   545 24220 I DownloadManager: Initiating request for download 2852
07-05 12:48:24.754   545   548 D dalvikvm: GC_CONCURRENT freed 205K, 9% free 10728K/11719K, paused 2ms+2ms
07-05 12:48:24.867   545   548 D dalvikvm: GC_CONCURRENT freed 458K, 9% free 10745K/11719K, paused 2ms+2ms
07-05 12:48:25.008  1370 24222 E DictionaryProvider:UpdateHandler: Can't read a file : android.util.MalformedJsonException: Use JsonReader.setLenient(true) to accept malformed JSON at line 1 column 20
07-05 12:48:25.121   545   548 D dalvikvm: GC_CONCURRENT freed 737K, 11% free 10466K/11719K, paused 2ms+2ms
07-05 12:48:25.312   545   548 D dalvikvm: GC_CONCURRENT freed 411K, 11% free 10452K/11719K, paused 2ms+2ms
07-05 12:48:25.406   545 24225 I DownloadManager: Initiating request for download 2852
07-05 12:48:25.492   545   548 D dalvikvm: GC_CONCURRENT freed 274K, 10% free 10637K/11719K, paused 2ms+3ms
07-05 12:48:25.582   545   548 D dalvikvm: GC_CONCURRENT freed 339K, 8% free 10836K/11719K, paused 2ms+3ms
07-05 12:48:25.808   545   548 D dalvikvm: GC_CONCURRENT freed 855K, 11% free 10469K/11719K, paused 2ms+3ms
07-05 12:48:25.988   545   548 D dalvikvm: GC_CONCURRENT freed 415K, 11% free 10449K/11719K, paused 2ms+2ms
07-05 12:48:26.175   545 24228 I DownloadManager: Initiating request for download 2853
07-05 12:48:26.199   545   548 D dalvikvm: GC_CONCURRENT freed 369K, 11% free 10491K/11719K, paused 1ms+3ms
07-05 12:48:26.324   545   548 D dalvikvm: GC_CONCURRENT freed 213K, 9% free 10737K/11719K, paused 2ms+3ms
07-05 12:48:26.441   545   548 D dalvikvm: GC_CONCURRENT freed 466K, 9% free 10748K/11719K, paused 1ms+2ms
07-05 12:48:26.601  1370 24230 E DictionaryProvider:UpdateHandler: Can't read a file : android.util.MalformedJsonException: Use JsonReader.setLenient(true) to accept malformed JSON at line 1 column 20
07-05 12:48:26.629  1370  1372 D dalvikvm: GC_CONCURRENT freed 346K, 6% free 9163K/9735K, paused 2ms+2ms
07-05 12:48:26.718   545   548 D dalvikvm: GC_CONCURRENT freed 735K, 11% free 10472K/11719K, paused 2ms+2ms
07-05 12:48:26.902   545   548 D dalvikvm: GC_CONCURRENT freed 423K, 11% free 10444K/11719K, paused 1ms+3ms
07-05 12:48:27.054   545 24233 D dalvikvm: GC_EXPLICIT freed 205K, 11% free 10477K/11719K, paused 2ms+7ms
07-05 12:48:27.058   545 24233 I DownloadManager: Initiating request for download 2853
07-05 12:48:27.168   545   548 D dalvikvm: GC_CONCURRENT freed 194K, 9% free 10722K/11719K, paused 1ms+3ms
07-05 12:48:27.277   545   548 D dalvikvm: GC_CONCURRENT freed 438K, 9% free 10766K/11719K, paused 1ms+2ms
07-05 12:48:27.496   545   548 D dalvikvm: GC_CONCURRENT freed 759K, 11% free 10476K/11719K, paused 1ms+2ms
07-05 12:48:27.683   545   548 D dalvikvm: GC_CONCURRENT freed 427K, 11% free 10444K/11719K, paused 1ms+2ms
07-05 12:48:27.800   545 24236 I DownloadManager: Initiating request for download 2854
07-05 12:48:27.886   545   548 D dalvikvm: GC_CONCURRENT freed 246K, 10% free 10641K/11719K, paused 3ms+3ms
07-05 12:48:27.988   545   548 D dalvikvm: GC_CONCURRENT freed 322K, 8% free 10820K/11719K, paused 2ms+3ms
07-05 12:48:28.183   545   548 D dalvikvm: GC_CONCURRENT freed 800K, 11% free 10505K/11719K, paused 2ms+3ms
07-05 12:48:28.250  1370 24238 E DictionaryProvider:UpdateHandler: Can't read a file : android.util.MalformedJsonException: Use JsonReader.setLenient(true) to accept malformed JSON at line 1 column 20
07-05 12:48:28.418   545   548 D dalvikvm: GC_CONCURRENT freed 436K, 11% free 10464K/11719K, paused 2ms+2ms
07-05 12:48:28.605   545   548 D dalvikvm: GC_CONCURRENT freed 418K, 11% free 10440K/11719K, paused 2ms+2ms
07-05 12:48:28.633   545 24241 I DownloadManager: Initiating request for download 2854
07-05 12:48:28.730   545   548 D dalvikvm: GC_CONCURRENT freed 185K, 9% free 10714K/11719K, paused 2ms+3ms
07-05 12:48:28.840   545   548 D dalvikvm: GC_CONCURRENT freed 429K, 9% free 10753K/11719K, paused 2ms+3ms
07-05 12:48:29.054   545   548 D dalvikvm: GC_CONCURRENT freed 739K, 11% free 10470K/11719K, paused 1ms+2ms
07-05 12:48:29.238   545   548 D dalvikvm: GC_CONCURRENT freed 407K, 11% free 10452K/11719K, paused 1ms+3ms
07-05 12:48:31.468   156   593 D dalvikvm: GC_EXPLICIT freed 492K, 13% free 14081K/16007K, paused 9ms+5ms
07-05 12:48:31.476   545 24244 I DownloadManager: Initiating request for download 2855
07-05 12:48:31.558   545   548 D dalvikvm: GC_CONCURRENT freed 305K, 10% free 10586K/11719K, paused 2ms+3ms
07-05 12:48:31.660   545   548 D dalvikvm: GC_CONCURRENT freed 259K, 8% free 10806K/11719K, paused 2ms+3ms
07-05 12:48:31.804   545   548 D dalvikvm: GC_CONCURRENT freed 779K, 11% free 10503K/11719K, paused 2ms+3ms
07-05 12:48:31.910  1370 24246 E DictionaryProvider:UpdateHandler: Can't read a file : android.util.MalformedJsonException: Use JsonReader.setLenient(true) to accept malformed JSON at line 1 column 20
07-05 12:48:32.039   545   548 D dalvikvm: GC_CONCURRENT freed 439K, 11% free 10459K/11719K, paused 1ms+2ms
07-05 12:48:32.230   545   548 D dalvikvm: GC_CONCURRENT freed 420K, 11% free 10434K/11719K, paused 2ms+2ms
07-05 12:48:32.297   545 24249 I DownloadManager: Initiating request for download 2855
07-05 12:48:32.390   545   548 D dalvikvm: GC_CONCURRENT freed 238K, 10% free 10655K/11719K, paused 2ms+2ms
07-05 12:48:32.496   545   548 D dalvikvm: GC_CONCURRENT freed 333K, 8% free 10869K/11719K, paused 1ms+3ms
07-05 12:48:32.715   545   548 D dalvikvm: GC_CONCURRENT freed 911K, 11% free 10467K/11719K, paused 2ms+3ms
07-05 12:48:32.894   545   548 D dalvikvm: GC_CONCURRENT freed 415K, 11% free 10440K/11719K, paused 2ms+2ms
07-05 12:48:33.031   545 24252 I DownloadManager: Initiating request for download 2856
07-05 12:48:33.121   545   548 D dalvikvm: GC_CONCURRENT freed 299K, 10% free 10658K/11719K, paused 2ms+3ms
07-05 12:48:33.230   545   548 D dalvikvm: GC_CONCURRENT freed 351K, 8% free 10813K/11719K, paused 2ms+3ms
07-05 12:48:33.410   545   548 D dalvikvm: GC_CONCURRENT freed 800K, 11% free 10500K/11719K, paused 2ms+3ms
07-05 12:48:33.472  1370 24254 E DictionaryProvider:UpdateHandler: Can't read a file : android.util.MalformedJsonException: Use JsonReader.setLenient(true) to accept malformed JSON at line 1 column 20
07-05 12:48:33.633   545   548 D dalvikvm: GC_CONCURRENT freed 439K, 11% free 10455K/11719K, paused 2ms+2ms
07-05 12:48:33.824   545   548 D dalvikvm: GC_CONCURRENT freed 419K, 11% free 10432K/11719K, paused 2ms+2ms
07-05 12:48:33.847   545 24257 I DownloadManager: Initiating request for download 2856
07-05 12:48:33.941   545   548 D dalvikvm: GC_CONCURRENT freed 187K, 9% free 10705K/11719K, paused 2ms+3ms
07-05 12:48:34.050   545   548 D dalvikvm: GC_CONCURRENT freed 423K, 9% free 10747K/11719K, paused 2ms+3ms
07-05 12:48:34.258   545   548 D dalvikvm: GC_CONCURRENT freed 745K, 11% free 10463K/11719K, paused 2ms+2ms
07-05 12:48:34.453   545   548 D dalvikvm: GC_CONCURRENT freed 416K, 11% free 10442K/11719K, paused 1ms+2ms
07-05 12:48:34.601   545 24260 I DownloadManager: Initiating request for download 2857
07-05 12:48:34.683   545   548 D dalvikvm: GC_CONCURRENT freed 304K, 10% free 10578K/11719K, paused 2ms+3ms
07-05 12:48:34.781   545   548 D dalvikvm: GC_CONCURRENT freed 283K, 9% free 10775K/11719K, paused 2ms+3ms
07-05 12:48:34.918   545   548 D dalvikvm: GC_CONCURRENT freed 737K, 11% free 10504K/11719K, paused 2ms+2ms
07-05 12:48:35.035  1370 24262 E DictionaryProvider:UpdateHandler: Can't read a file : android.util.MalformedJsonException: Use JsonReader.setLenient(true) to accept malformed JSON at line 1 column 20
07-05 12:48:35.152   545   548 D dalvikvm: GC_CONCURRENT freed 426K, 11% free 10470K/11719K, paused 2ms+5ms
07-05 12:48:35.332   545   548 D dalvikvm: GC_CONCURRENT freed 417K, 11% free 10441K/11719K, paused 2ms+2ms
07-05 12:48:35.406   545 24265 I DownloadManager: Initiating request for download 2857
07-05 12:48:35.492   545   548 D dalvikvm: GC_CONCURRENT freed 225K, 10% free 10641K/11719K, paused 2ms+3ms
07-05 12:48:35.593   545   548 D dalvikvm: GC_CONCURRENT freed 310K, 8% free 10818K/11719K, paused 2ms+3ms
07-05 12:48:35.769   545   548 D dalvikvm: GC_CONCURRENT freed 805K, 11% free 10502K/11719K, paused 2ms+2ms
07-05 12:48:35.961   545   548 D dalvikvm: GC_CONCURRENT freed 443K, 11% free 10455K/11719K, paused 2ms+2ms
07-05 12:48:36.133   545   548 D dalvikvm: GC_CONCURRENT freed 404K, 11% free 10440K/11719K, paused 2ms+2ms
07-05 12:48:36.191   545 24268 I DownloadManager: Initiating request for download 2858
07-05 12:48:36.300   545   548 D dalvikvm: GC_CONCURRENT freed 184K, 9% free 10716K/11719K, paused 2ms+3ms
07-05 12:48:36.406   545   548 D dalvikvm: GC_CONCURRENT freed 433K, 9% free 10752K/11719K, paused 2ms+3ms
07-05 12:48:36.593  1370  1372 D dalvikvm: GC_CONCURRENT freed 488K, 7% free 9133K/9735K, paused 2ms+2ms
07-05 12:48:36.609  1370 24270 E DictionaryProvider:UpdateHandler: Can't read a file : android.util.MalformedJsonException: Use JsonReader.setLenient(true) to accept malformed JSON at line 1 column 20
07-05 12:48:36.672   545   548 D dalvikvm: GC_CONCURRENT freed 744K, 11% free 10480K/11719K, paused 2ms+2ms
07-05 12:48:36.843   545   548 D dalvikvm: GC_CONCURRENT freed 424K, 11% free 10451K/11719K, paused 2ms+2ms
07-05 12:48:36.953   545 24273 I DownloadManager: Initiating request for download 2858
07-05 12:48:37.043   545   548 D dalvikvm: GC_CONCURRENT freed 300K, 10% free 10608K/11719K, paused 2ms+3ms
07-05 12:48:37.136   545   548 D dalvikvm: GC_CONCURRENT freed 310K, 8% free 10789K/11719K, paused 2ms+3ms
07-05 12:48:37.289   545   548 D dalvikvm: GC_CONCURRENT freed 751K, 11% free 10509K/11719K, paused 2ms+2ms
07-05 12:48:37.488   545   548 D dalvikvm: GC_CONCURRENT freed 436K, 11% free 10461K/11719K, paused 2ms+2ms
07-05 12:48:37.672   545   548 D dalvikvm: GC_CONCURRENT freed 411K, 11% free 10443K/11719K, paused 2ms+2ms
07-05 12:48:37.754   545 24276 I DownloadManager: Initiating request for download 2859
07-05 12:48:37.847   545   548 D dalvikvm: GC_CONCURRENT freed 216K, 9% free 10679K/11719K, paused 2ms+2ms
07-05 12:48:37.949   545   548 D dalvikvm: GC_CONCURRENT freed 348K, 8% free 10855K/11719K, paused 1ms+3ms
07-05 12:48:38.156  1370 24278 E DictionaryProvider:UpdateHandler: Can't read a file : android.util.MalformedJsonException: Use JsonReader.setLenient(true) to accept malformed JSON at line 1 column 20
07-05 12:48:38.191   545   548 D dalvikvm: GC_CONCURRENT freed 882K, 11% free 10479K/11719K, paused 1ms+3ms
07-05 12:48:38.386   545   548 D dalvikvm: GC_CONCURRENT freed 415K, 11% free 10460K/11719K, paused 1ms+2ms
07-05 12:48:38.511   545 24281 I DownloadManager: Initiating request for download 2859
07-05 12:48:38.597   545   548 D dalvikvm: GC_CONCURRENT freed 317K, 10% free 10572K/11719K, paused 2ms+3ms
07-05 12:48:38.695   545   548 D dalvikvm: GC_CONCURRENT freed 253K, 9% free 10764K/11719K, paused 2ms+3ms
07-05 12:48:38.820   545   548 D dalvikvm: GC_CONCURRENT freed 492K, 9% free 10756K/11719K, paused 2ms+2ms
07-05 12:48:39.047   545   548 D dalvikvm: GC_CONCURRENT freed 754K, 11% free 10464K/11719K, paused 2ms+3ms
07-05 12:48:39.218   545   548 D dalvikvm: GC_CONCURRENT freed 406K, 11% free 10445K/11719K, paused 2ms+2ms
07-05 12:48:39.308   545 24284 I DownloadManager: Initiating request for download 2860
07-05 12:48:39.406   545   548 D dalvikvm: GC_CONCURRENT freed 216K, 9% free 10675K/11719K, paused 2ms+2ms
07-05 12:48:39.511   545   548 D dalvikvm: GC_CONCURRENT freed 311K, 8% free 10852K/11719K, paused 2ms+3ms
07-05 12:48:39.734  1370 24286 E DictionaryProvider:UpdateHandler: Can't read a file : android.util.MalformedJsonException: Use JsonReader.setLenient(true) to accept malformed JSON at line 1 column 20
07-05 12:48:39.754   545   548 D dalvikvm: GC_CONCURRENT freed 878K, 11% free 10492K/11719K, paused 2ms+2ms
07-05 12:48:39.949   545   548 D dalvikvm: GC_CONCURRENT freed 428K, 11% free 10458K/11719K, paused 2ms+2ms
07-05 12:48:40.082   545 24289 I DownloadManager: Initiating request for download 2860
07-05 12:48:40.136   545   548 D dalvikvm: GC_CONCURRENT freed 358K, 11% free 10491K/11719K, paused 2ms+3ms
07-05 12:48:40.250   545   548 D dalvikvm: GC_CONCURRENT freed 226K, 9% free 10755K/11719K, paused 2ms+3ms
07-05 12:48:40.371   545   548 D dalvikvm: GC_CONCURRENT freed 481K, 9% free 10757K/11719K, paused 2ms+4ms
07-05 12:48:40.601   545   548 D dalvikvm: GC_CONCURRENT freed 752K, 11% free 10466K/11719K, paused 2ms+3ms
07-05 12:48:40.785   545   548 D dalvikvm: GC_CONCURRENT freed 414K, 11% free 10447K/11719K, paused 1ms+3ms
07-05 12:48:40.890   545 24292 I DownloadManager: Initiating request for download 2861
07-05 12:48:40.988   545   548 D dalvikvm: GC_CONCURRENT freed 235K, 9% free 10665K/11719K, paused 2ms+3ms
07-05 12:48:41.090   545   548 D dalvikvm: GC_CONCURRENT freed 337K, 8% free 10837K/11719K, paused 2ms+3ms
07-05 12:48:41.281   545   548 D dalvikvm: GC_CONCURRENT freed 842K, 11% free 10479K/11719K, paused 2ms+2ms
07-05 12:48:41.328  1370 24294 E DictionaryProvider:UpdateHandler: Can't read a file : android.util.MalformedJsonException: Use JsonReader.setLenient(true) to accept malformed JSON at line 1 column 20
07-05 12:48:41.523   545   548 D dalvikvm: GC_CONCURRENT freed 407K, 11% free 10466K/11719K, paused 2ms+2ms
07-05 12:48:41.687   545 24297 I DownloadManager: Initiating request for download 2861
07-05 12:48:41.726   545   548 D dalvikvm: GC_CONCURRENT freed 413K, 11% free 10492K/11719K, paused 2ms+3ms
07-05 12:48:41.836   545   548 D dalvikvm: GC_CONCURRENT freed 206K, 9% free 10746K/11719K, paused 2ms+3ms
07-05 12:48:41.949   545   548 D dalvikvm: GC_CONCURRENT freed 466K, 9% free 10760K/11719K, paused 1ms+2ms
07-05 12:48:42.172   545   548 D dalvikvm: GC_CONCURRENT freed 753K, 11% free 10470K/11719K, paused 1ms+2ms
07-05 12:48:42.351   545   548 D dalvikvm: GC_CONCURRENT freed 414K, 11% free 10452K/11719K, paused 1ms+2ms
07-05 12:48:42.472   545 24300 I DownloadManager: Initiating request for download 2862
07-05 12:48:42.550   545   548 D dalvikvm: GC_CONCURRENT freed 253K, 10% free 10657K/11719K, paused 1ms+3ms
07-05 12:48:42.652   545   548 D dalvikvm: GC_CONCURRENT freed 339K, 8% free 10847K/11719K, paused 2ms+3ms
07-05 12:48:42.847   545   548 D dalvikvm: GC_CONCURRENT freed 860K, 11% free 10480K/11719K, paused 1ms+3ms
07-05 12:48:42.906  1370 24302 E DictionaryProvider:UpdateHandler: Can't read a file : android.util.MalformedJsonException: Use JsonReader.setLenient(true) to accept malformed JSON at line 1 column 20
07-05 12:48:42.933  1370  1372 D dalvikvm: GC_CONCURRENT freed 408K, 7% free 9138K/9735K, paused 1ms+3ms
07-05 12:48:43.097   545   548 D dalvikvm: GC_CONCURRENT freed 409K, 11% free 10466K/11719K, paused 2ms+3ms
07-05 12:48:43.277   545 24305 I DownloadManager: Initiating request for download 2862
07-05 12:48:43.297   545   548 D dalvikvm: GC_CONCURRENT freed 401K, 11% free 10478K/11719K, paused 1ms+2ms
07-05 12:48:43.414   545   548 D dalvikvm: GC_CONCURRENT freed 199K, 9% free 10742K/11719K, paused 1ms+3ms
07-05 12:48:43.531   545   548 D dalvikvm: GC_CONCURRENT freed 448K, 9% free 10765K/11719K, paused 2ms+2ms
07-05 12:48:43.738   545   548 D dalvikvm: GC_CONCURRENT freed 723K, 11% free 10505K/11719K, paused 2ms+3ms
07-05 12:48:43.910   545   548 D dalvikvm: GC_CONCURRENT freed 408K, 11% free 10492K/11719K, paused 2ms+2ms
07-05 12:48:44.695   545 24307 I DownloadManager: Initiating request for download 2863
07-05 12:48:44.800   545   548 D dalvikvm: GC_CONCURRENT freed 329K, 9% free 10674K/11719K, paused 2ms+4ms
07-05 12:48:44.914   545   548 D dalvikvm: GC_CONCURRENT freed 323K, 8% free 10851K/11719K, paused 1ms+3ms
07-05 12:48:45.117   545   548 D dalvikvm: GC_CONCURRENT freed 861K, 11% free 10484K/11719K, paused 2ms+2ms
07-05 12:48:45.242   156   568 D dalvikvm: GC_EXPLICIT freed 499K, 13% free 14082K/16007K, paused 2ms+5ms
07-05 12:48:45.250  1370 24310 E DictionaryProvider:UpdateHandler: Can't read a file : android.util.MalformedJsonException: Use JsonReader.setLenient(true) to accept malformed JSON at line 1 column 20
07-05 12:48:45.422   545   548 D dalvikvm: GC_CONCURRENT freed 402K, 11% free 10474K/11719K, paused 2ms+3ms
07-05 12:48:45.601   545 24313 I DownloadManager: Initiating request for download 2863
07-05 12:48:45.629   545   548 D dalvikvm: GC_CONCURRENT freed 439K, 11% free 10475K/11719K, paused 2ms+2ms
07-05 12:48:45.746   545   548 D dalvikvm: GC_CONCURRENT freed 194K, 9% free 10727K/11719K, paused 1ms+2ms
07-05 12:48:45.859   545   548 D dalvikvm: GC_CONCURRENT freed 449K, 9% free 10751K/11719K, paused 2ms+3ms
07-05 12:48:46.066   545   548 D dalvikvm: GC_CONCURRENT freed 744K, 11% free 10465K/11719K, paused 1ms+3ms
07-05 12:48:46.250   545   548 D dalvikvm: GC_CONCURRENT freed 417K, 11% free 10443K/11719K, paused 2ms+2ms
07-05 12:48:46.375   545 24316 I DownloadManager: Initiating request for download 2864
07-05 12:48:46.461   545   548 D dalvikvm: GC_CONCURRENT freed 271K, 10% free 10629K/11719K, paused 3ms+2ms
07-05 12:48:46.566   545   548 D dalvikvm: GC_CONCURRENT freed 324K, 8% free 10802K/11719K, paused 2ms+3ms
07-05 12:48:46.722   545   548 D dalvikvm: GC_CONCURRENT freed 769K, 11% free 10511K/11719K, paused 2ms+2ms
07-05 12:48:46.804  1370 24318 E DictionaryProvider:UpdateHandler: Can't read a file : android.util.MalformedJsonException: Use JsonReader.setLenient(true) to accept malformed JSON at line 1 column 20
07-05 12:48:46.957   545   548 D dalvikvm: GC_CONCURRENT freed 441K, 11% free 10466K/11719K, paused 2ms+2ms
07-05 12:48:47.136   545   548 D dalvikvm: GC_CONCURRENT freed 419K, 11% free 10441K/11719K, paused 2ms+2ms
07-05 12:48:47.183   545 24321 I DownloadManager: Initiating request for download 2864
07-05 12:48:47.273   545   548 D dalvikvm: GC_CONCURRENT freed 210K, 9% free 10689K/11719K, paused 1ms+3ms
07-05 12:48:47.379   545   548 D dalvikvm: GC_CONCURRENT freed 310K, 8% free 10861K/11719K, paused 2ms+3ms
07-05 12:48:47.613   545   548 D dalvikvm: GC_CONCURRENT freed 884K, 11% free 10466K/11719K, paused 1ms+2ms
07-05 12:48:47.789   545   548 D dalvikvm: GC_CONCURRENT freed 407K, 11% free 10448K/11719K, paused 1ms+2ms
07-05 12:48:47.945   545 24324 I DownloadManager: Initiating request for download 2865
07-05 12:48:47.996   545   548 D dalvikvm: GC_CONCURRENT freed 340K, 11% free 10519K/11719K, paused 2ms+2ms
07-05 12:48:48.101   545   548 D dalvikvm: GC_CONCURRENT freed 214K, 9% free 10748K/11719K, paused 2ms+2ms
07-05 12:48:48.222   545   548 D dalvikvm: GC_CONCURRENT freed 471K, 9% free 10770K/11719K, paused 2ms+2ms
07-05 12:48:48.363  1370 24326 E DictionaryProvider:UpdateHandler: Can't read a file : android.util.MalformedJsonException: Use JsonReader.setLenient(true) to accept malformed JSON at line 1 column 20
07-05 12:48:48.480   545   548 D dalvikvm: GC_CONCURRENT freed 765K, 11% free 10471K/11719K, paused 2ms+2ms
07-05 12:48:48.660   545   548 D dalvikvm: GC_CONCURRENT freed 420K, 11% free 10446K/11719K, paused 2ms+2ms
07-05 12:48:48.742   545 24329 I DownloadManager: Initiating request for download 2865
07-05 12:48:48.824   545   548 D dalvikvm: GC_CONCURRENT freed 252K, 10% free 10653K/11719K, paused 1ms+2ms
07-05 12:48:48.922   545   548 D dalvikvm: GC_CONCURRENT freed 342K, 8% free 10854K/11719K, paused 2ms+4ms
07-05 12:48:49.125   545   548 D dalvikvm: GC_CONCURRENT freed 874K, 11% free 10475K/11719K, paused 2ms+2ms
07-05 12:48:49.191   682  1055 E GTalkService: connectionClosed: no XMPPConnection - That's strange!
07-05 12:48:49.316   545   548 D dalvikvm: GC_CONCURRENT freed 408K, 11% free 10465K/11719K, paused 2ms+2ms
07-05 12:48:49.492   545 24332 I DownloadManager: Initiating request for download 2866
07-05 12:48:49.523   545   548 D dalvikvm: GC_CONCURRENT freed 374K, 11% free 10496K/11719K, paused 2ms+4ms
07-05 12:48:49.644   545   548 D dalvikvm: GC_CONCURRENT freed 215K, 9% free 10748K/11719K, paused 2ms+3ms
07-05 12:48:49.761   545   548 D dalvikvm: GC_CONCURRENT freed 449K, 9% free 10764K/11719K, paused 2ms+2ms
07-05 12:48:49.922  1370 24334 E DictionaryProvider:UpdateHandler: Can't read a file : android.util.MalformedJsonException: Use JsonReader.setLenient(true) to accept malformed JSON at line 1 column 20
07-05 12:48:49.965  1370  1372 D dalvikvm: GC_CONCURRENT freed 401K, 7% free 9128K/9735K, paused 1ms+2ms
07-05 12:48:50.027   545   548 D dalvikvm: GC_CONCURRENT freed 740K, 11% free 10481K/11719K, paused 1ms+2ms
07-05 12:48:50.207   545   548 D dalvikvm: GC_CONCURRENT freed 424K, 11% free 10452K/11719K, paused 2ms+2ms
07-05 12:48:50.304   545 24337 I DownloadManager: Initiating request for download 2866
07-05 12:48:50.383   545   548 D dalvikvm: GC_CONCURRENT freed 265K, 10% free 10632K/11719K, paused 2ms+3ms
07-05 12:48:50.488   545   548 D dalvikvm: GC_CONCURRENT freed 319K, 8% free 10812K/11719K, paused 2ms+3ms
07-05 12:48:50.648   545   548 D dalvikvm: GC_CONCURRENT freed 778K, 11% free 10518K/11719K, paused 2ms+3ms
07-05 12:48:50.851   545   548 D dalvikvm: GC_CONCURRENT freed 448K, 11% free 10466K/11719K, paused 1ms+2ms
07-05 12:48:51.035   545   548 D dalvikvm: GC_CONCURRENT freed 414K, 11% free 10447K/11719K, paused 2ms+2ms
07-05 12:48:51.121   545 24340 I DownloadManager: Initiating request for download 2867
07-05 12:48:51.222   545   548 D dalvikvm: GC_CONCURRENT freed 205K, 9% free 10701K/11719K, paused 2ms+2ms
07-05 12:48:51.328   545   548 D dalvikvm: GC_CONCURRENT freed 303K, 8% free 10870K/11719K, paused 1ms+2ms
07-05 12:48:51.472   545 24340 D dalvikvm: GC_EXPLICIT freed 610K, 10% free 10569K/11719K, paused 2ms+4ms
07-05 12:48:51.609  1370 24342 E DictionaryProvider:UpdateHandler: Can't read a file : android.util.MalformedJsonException: Use JsonReader.setLenient(true) to accept malformed JSON at line 1 column 20
07-05 12:48:51.711   545   548 D dalvikvm: GC_CONCURRENT freed 488K, 11% free 10475K/11719K, paused 2ms+2ms
07-05 12:48:51.910   545   548 D dalvikvm: GC_CONCURRENT freed 419K, 11% free 10458K/11719K, paused 2ms+2ms
07-05 12:48:51.972   545 24345 I DownloadManager: Initiating request for download 2867
07-05 12:48:52.058   545   548 D dalvikvm: GC_CONCURRENT freed 231K, 9% free 10686K/11719K, paused 2ms+3ms
07-05 12:48:52.168   545   548 D dalvikvm: GC_CONCURRENT freed 319K, 8% free 10881K/11719K, paused 2ms+4ms
07-05 12:48:52.195   156   330 D ConnectivityService: handleInetConditionHoldEnd: net=1, condition=0, published condition=0
07-05 12:48:52.402   545   548 D dalvikvm: GC_CONCURRENT freed 910K, 11% free 10475K/11719K, paused 1ms+2ms
07-05 12:48:52.582   545   548 D dalvikvm: GC_CONCURRENT freed 414K, 11% free 10456K/11719K, paused 1ms+2ms
07-05 12:48:52.726   545 24348 I DownloadManager: Initiating request for download 2868
07-05 12:48:52.781   545   548 D dalvikvm: GC_CONCURRENT freed 328K, 11% free 10527K/11719K, paused 2ms+3ms
07-05 12:48:52.883   545   548 D dalvikvm: GC_CONCURRENT freed 224K, 9% free 10763K/11719K, paused 2ms+3ms
07-05 12:48:53.000   545   548 D dalvikvm: GC_CONCURRENT freed 465K, 9% free 10774K/11719K, paused 2ms+2ms
07-05 12:48:53.164  1370 24350 E DictionaryProvider:UpdateHandler: Can't read a file : android.util.MalformedJsonException: Use JsonReader.setLenient(true) to accept malformed JSON at line 1 column 20
07-05 12:48:53.242   545   548 D dalvikvm: GC_CONCURRENT freed 753K, 11% free 10483K/11719K, paused 2ms+2ms
07-05 12:48:53.418   545   548 D dalvikvm: GC_CONCURRENT freed 414K, 11% free 10456K/11719K, paused 2ms+2ms
07-05 12:48:53.504   545 24353 I DownloadManager: Initiating request for download 2868
07-05 12:48:53.586   545   548 D dalvikvm: GC_CONCURRENT freed 253K, 10% free 10649K/11719K, paused 2ms+3ms
07-05 12:48:53.691   545   548 D dalvikvm: GC_CONCURRENT freed 307K, 8% free 10825K/11719K, paused 2ms+3ms
07-05 12:48:53.859   545   548 D dalvikvm: GC_CONCURRENT freed 796K, 11% free 10519K/11719K, paused 2ms+3ms
07-05 12:48:54.050   545   548 D dalvikvm: GC_CONCURRENT freed 443K, 11% free 10471K/11719K, paused 2ms+2ms
07-05 12:48:54.234   545   548 D dalvikvm: GC_CONCURRENT freed 414K, 11% free 10452K/11719K, paused 1ms+3ms
07-05 12:48:54.304   545 24356 I DownloadManager: Initiating request for download 2869
07-05 12:48:54.410   545   548 D dalvikvm: GC_CONCURRENT freed 194K, 9% free 10711K/11719K, paused 1ms+3ms
07-05 12:48:54.515   545   548 D dalvikvm: GC_CONCURRENT freed 327K, 8% free 10876K/11719K, paused 2ms+3ms
07-05 12:48:54.691  1370 24358 E DictionaryProvider:UpdateHandler: Can't read a file : android.util.MalformedJsonException: Use JsonReader.setLenient(true) to accept malformed JSON at line 1 column 20
07-05 12:48:54.773   545   548 D dalvikvm: GC_CONCURRENT freed 889K, 11% free 10490K/11719K, paused 1ms+3ms
07-05 12:48:54.953   545   548 D dalvikvm: GC_CONCURRENT freed 424K, 11% free 10461K/11719K, paused 2ms+2ms
07-05 12:48:55.078   545 24361 I DownloadManager: Initiating request for download 2869
07-05 12:48:55.133   545   548 D dalvikvm: GC_CONCURRENT freed 316K, 11% free 10530K/11719K, paused 2ms+2ms
07-05 12:48:55.234   545   548 D dalvikvm: GC_CONCURRENT freed 221K, 9% free 10767K/11719K, paused 2ms+2ms
07-05 12:48:55.351   545   548 D dalvikvm: GC_CONCURRENT freed 469K, 9% free 10772K/11719K, paused 2ms+2ms
07-05 12:48:55.578   545   548 D dalvikvm: GC_CONCURRENT freed 753K, 11% free 10482K/11719K, paused 2ms+2ms
07-05 12:48:55.758   545   548 D dalvikvm: GC_CONCURRENT freed 411K, 11% free 10459K/11719K, paused 2ms+2ms
07-05 12:48:55.879   545 24364 I DownloadManager: Initiating request for download 2870
07-05 12:48:55.965   545   548 D dalvikvm: GC_CONCURRENT freed 254K, 10% free 10663K/11719K, paused 2ms+3ms
07-05 12:48:56.058   545   548 D dalvikvm: GC_CONCURRENT freed 350K, 8% free 10860K/11719K, paused 2ms+3ms
07-05 12:48:56.258   545   548 D dalvikvm: GC_CONCURRENT freed 869K, 11% free 10488K/11719K, paused 2ms+2ms
07-05 12:48:56.304  1370 24366 E DictionaryProvider:UpdateHandler: Can't read a file : android.util.MalformedJsonException: Use JsonReader.setLenient(true) to accept malformed JSON at line 1 column 20
07-05 12:48:56.351  1370  1372 D dalvikvm: GC_CONCURRENT freed 391K, 7% free 9128K/9735K, paused 1ms+2ms
07-05 12:48:56.504   545   548 D dalvikvm: GC_CONCURRENT freed 406K, 11% free 10477K/11719K, paused 2ms+2ms
07-05 12:48:56.691   545   548 D dalvikvm: GC_CONCURRENT freed 409K, 11% free 10485K/11719K, paused 1ms+3ms
07-05 12:48:56.691   545 24369 I DownloadManager: Initiating request for download 2870
07-05 12:48:56.812   545   548 D dalvikvm: GC_CONCURRENT freed 196K, 9% free 10748K/11719K, paused 2ms+2ms
07-05 12:48:56.929   545   548 D dalvikvm: GC_CONCURRENT freed 455K, 9% free 10774K/11719K, paused 2ms+2ms
07-05 12:48:57.160   545   548 D dalvikvm: GC_CONCURRENT freed 761K, 11% free 10481K/11719K, paused 2ms+2ms
07-05 12:48:57.343   545   548 D dalvikvm: GC_CONCURRENT freed 405K, 11% free 10464K/11719K, paused 2ms+3ms
07-05 12:48:57.472   545 24372 I DownloadManager: Initiating request for download 2871
07-05 12:48:57.570   545   548 D dalvikvm: GC_CONCURRENT freed 264K, 10% free 10643K/11719K, paused 2ms+3ms
07-05 12:48:57.668   545   548 D dalvikvm: GC_CONCURRENT freed 322K, 8% free 10815K/11719K, paused 1ms+3ms
07-05 12:48:57.828   545   548 D dalvikvm: GC_CONCURRENT freed 773K, 11% free 10539K/11719K, paused 2ms+3ms
07-05 12:48:57.894  1370 24374 E DictionaryProvider:UpdateHandler: Can't read a file : android.util.MalformedJsonException: Use JsonReader.setLenient(true) to accept malformed JSON at line 1 column 20
07-05 12:48:58.062   545   548 D dalvikvm: GC_CONCURRENT freed 450K, 11% free 10485K/11719K, paused 1ms+2ms
07-05 12:48:58.242   545   548 D dalvikvm: GC_CONCURRENT freed 419K, 11% free 10460K/11719K, paused 2ms+2ms
07-05 12:48:58.371   156   628 D dalvikvm: GC_EXPLICIT freed 487K, 13% free 14082K/16007K, paused 3ms+5ms
07-05 12:48:58.379   545 24377 I DownloadManager: Initiating request for download 2871
07-05 12:48:58.472   545   548 D dalvikvm: GC_CONCURRENT freed 214K, 9% free 10703K/11719K, paused 2ms+3ms
07-05 12:48:58.574   545   548 D dalvikvm: GC_CONCURRENT freed 363K, 8% free 10863K/11719K, paused 1ms+3ms
07-05 12:48:58.797   545   548 D dalvikvm: GC_CONCURRENT freed 889K, 11% free 10472K/11719K, paused 2ms+3ms
07-05 12:48:58.976   545   548 D dalvikvm: GC_CONCURRENT freed 416K, 11% free 10452K/11719K, paused 1ms+2ms
07-05 12:48:59.125   545 24380 I DownloadManager: Initiating request for download 2872
07-05 12:48:59.183   545   548 D dalvikvm: GC_CONCURRENT freed 312K, 11% free 10524K/11719K, paused 3ms+2ms
07-05 12:48:59.285   545   548 D dalvikvm: GC_CONCURRENT freed 223K, 9% free 10760K/11719K, paused 1ms+3ms
07-05 12:48:59.406   545   548 D dalvikvm: GC_CONCURRENT freed 473K, 9% free 10770K/11719K, paused 1ms+2ms
07-05 12:48:59.554  1370 24382 E DictionaryProvider:UpdateHandler: Can't read a file : android.util.MalformedJsonException: Use JsonReader.setLenient(true) to accept malformed JSON at line 1 column 20
07-05 12:48:59.652   545   548 D dalvikvm: GC_CONCURRENT freed 757K, 11% free 10480K/11719K, paused 2ms+3ms
07-05 12:48:59.836   545   548 D dalvikvm: GC_CONCURRENT freed 419K, 11% free 10456K/11719K, paused 2ms+2ms
07-05 12:48:59.918   545 24384 I DownloadManager: Initiating request for download 2872
07-05 12:48:59.992   545   548 D dalvikvm: GC_CONCURRENT freed 258K, 10% free 10657K/11719K, paused 2ms+4ms
07-05 12:49:00.144   545   548 D dalvikvm: GC_CONCURRENT freed 314K, 8% free 10837K/11719K, paused 2ms+2ms
07-05 12:49:00.343   545   548 D dalvikvm: GC_CONCURRENT freed 814K, 11% free 10514K/11719K, paused 2ms+2ms
07-05 12:49:00.429   682   682 I GTalkService/c: [AndroidEndpoint@1095403848] connect: acct=1000001, state=CONNECTING
07-05 12:49:00.554   545   548 D dalvikvm: GC_CONCURRENT freed 442K, 11% free 10467K/11719K, paused 2ms+2ms
07-05 12:49:00.738   545   548 D dalvikvm: GC_CONCURRENT freed 414K, 11% free 10447K/11719K, paused 2ms+2ms
07-05 12:49:00.832   545 24388 I DownloadManager: Initiating request for download 2873
07-05 12:49:00.953   545   548 D dalvikvm: GC_CONCURRENT freed 187K, 9% free 10720K/11719K, paused 2ms+3ms
07-05 12:49:01.062   545   548 D dalvikvm: GC_CONCURRENT freed 422K, 9% free 10770K/11719K, paused 2ms+2ms
07-05 12:49:01.261   545   548 D dalvikvm: GC_CONCURRENT freed 734K, 11% free 10503K/11719K, paused 2ms+2ms
07-05 12:49:01.449   545   548 D dalvikvm: GC_CONCURRENT freed 405K, 11% free 10498K/11719K, paused 2ms+3ms
07-05 12:49:01.687   545   548 D dalvikvm: GC_CONCURRENT freed 366K, 11% free 10519K/11719K, paused 2ms+2ms
07-05 12:49:01.871   545   548 D dalvikvm: GC_CONCURRENT freed 434K, 11% free 10478K/11719K, paused 2ms+2ms
07-05 12:49:02.043   545   548 D dalvikvm: GC_CONCURRENT freed 415K, 11% free 10458K/11719K, paused 2ms+2ms
07-05 12:49:02.656  1370 24391 E DictionaryProvider:UpdateHandler: Can't read a file : android.util.MalformedJsonException: Use JsonReader.setLenient(true) to accept malformed JSON at line 1 column 20
07-05 12:49:02.761   465   467 D dalvikvm: GC_CONCURRENT freed 424K, 6% free 10525K/11079K, paused 2ms+2ms
07-05 12:49:02.894   545   548 D dalvikvm: GC_CONCURRENT freed 362K, 11% free 10491K/11719K, paused 2ms+2ms
07-05 12:49:03.082   545   548 D dalvikvm: GC_CONCURRENT freed 419K, 11% free 10467K/11719K, paused 1ms+3ms
07-05 12:49:03.269   545   548 D dalvikvm: GC_CONCURRENT freed 407K, 11% free 10455K/11719K, paused 2ms+2ms
07-05 12:49:03.402   545 24394 I DownloadManager: Initiating request for download 2874
07-05 12:49:03.492   545   548 D dalvikvm: GC_CONCURRENT freed 253K, 10% free 10663K/11719K, paused 2ms+2ms
07-05 12:49:03.597   545   548 D dalvikvm: GC_CONCURRENT freed 313K, 8% free 10842K/11719K, paused 2ms+3ms
07-05 12:49:03.777   545   548 D dalvikvm: GC_CONCURRENT freed 819K, 11% free 10515K/11719K, paused 2ms+3ms
07-05 12:49:03.840  1370 24396 E DictionaryProvider:UpdateHandler: Can't read a file : android.util.MalformedJsonException: Use JsonReader.setLenient(true) to accept malformed JSON at line 1 column 20
07-05 12:49:03.914  1370  1372 D dalvikvm: GC_CONCURRENT freed 414K, 7% free 9125K/9735K, paused 1ms+2ms
07-05 12:49:04.043   545   548 D dalvikvm: GC_CONCURRENT freed 436K, 11% free 10474K/11719K, paused 2ms+2ms
07-05 12:49:04.222   545   548 D dalvikvm: GC_CONCURRENT freed 419K, 11% free 10451K/11719K, paused 2ms+2ms
07-05 12:49:04.261   545 24399 I DownloadManager: Initiating request for download 2874
07-05 12:49:04.359   545   548 D dalvikvm: GC_CONCURRENT freed 191K, 9% free 10717K/11719K, paused 2ms+3ms
07-05 12:49:04.461   545   548 D dalvikvm: GC_CONCURRENT freed 328K, 8% free 10878K/11719K, paused 2ms+3ms
07-05 12:49:04.695   545   548 D dalvikvm: GC_CONCURRENT freed 902K, 11% free 10478K/11719K, paused 2ms+2ms
07-05 12:49:04.879   545   548 D dalvikvm: GC_CONCURRENT freed 414K, 11% free 10459K/11719K, paused 2ms+2ms
07-05 12:49:05.023   545 24402 I DownloadManager: Initiating request for download 2875
07-05 12:49:05.109   545   548 D dalvikvm: GC_CONCURRENT freed 298K, 9% free 10677K/11719K, paused 2ms+2ms
07-05 12:49:05.215   545   548 D dalvikvm: GC_CONCURRENT freed 351K, 8% free 10841K/11719K, paused 2ms+3ms
07-05 12:49:05.390   545   548 D dalvikvm: GC_CONCURRENT freed 806K, 11% free 10519K/11719K, paused 2ms+2ms
07-05 12:49:05.445  1370 24404 E DictionaryProvider:UpdateHandler: Can't read a file : android.util.MalformedJsonException: Use JsonReader.setLenient(true) to accept malformed JSON at line 1 column 20
07-05 12:49:05.609   545   548 D dalvikvm: GC_CONCURRENT freed 436K, 11% free 10477K/11719K, paused 1ms+3ms
07-05 12:49:05.785   545   548 D dalvikvm: GC_CONCURRENT freed 415K, 11% free 10452K/11719K, paused 2ms+2ms
07-05 12:49:05.828   545 24407 I DownloadManager: Initiating request for download 2875
07-05 12:49:05.925   545   548 D dalvikvm: GC_CONCURRENT freed 203K, 9% free 10708K/11719K, paused 2ms+2ms
07-05 12:49:06.027   545   548 D dalvikvm: GC_CONCURRENT freed 333K, 8% free 10879K/11719K, paused 1ms+3ms
07-05 12:49:06.246   545   548 D dalvikvm: GC_CONCURRENT freed 901K, 11% free 10481K/11719K, paused 2ms+2ms
07-05 12:49:06.449   545   548 D dalvikvm: GC_CONCURRENT freed 410K, 11% free 10466K/11719K, paused 1ms+2ms
07-05 12:49:06.601   545 24410 I DownloadManager: Initiating request for download 2876
07-05 12:49:06.699   545   548 D dalvikvm: GC_CONCURRENT freed 314K, 9% free 10689K/11719K, paused 1ms+4ms
07-05 12:49:06.804   545   548 D dalvikvm: GC_CONCURRENT freed 359K, 8% free 10846K/11719K, paused 2ms+3ms
07-05 12:49:06.980   545   548 D dalvikvm: GC_CONCURRENT freed 818K, 11% free 10522K/11719K, paused 1ms+2ms
07-05 12:49:07.047  1370 24412 E DictionaryProvider:UpdateHandler: Can't read a file : android.util.MalformedJsonException: Use JsonReader.setLenient(true) to accept malformed JSON at line 1 column 20
07-05 12:49:07.211   545   548 D dalvikvm: GC_CONCURRENT freed 436K, 11% free 10480K/11719K, paused 2ms+3ms
07-05 12:49:07.410   545   548 D dalvikvm: GC_CONCURRENT freed 411K, 11% free 10457K/11719K, paused 2ms+2ms
07-05 12:49:07.445   545 24415 I DownloadManager: Initiating request for download 2876
07-05 12:49:07.535   545   548 D dalvikvm: GC_CONCURRENT freed 193K, 9% free 10717K/11719K, paused 2ms+3ms
07-05 12:49:07.656   545   548 D dalvikvm: GC_CONCURRENT freed 316K, 8% free 10886K/11719K, paused 2ms+3ms
07-05 12:49:07.867   545   548 D dalvikvm: GC_CONCURRENT freed 872K, 11% free 10518K/11719K, paused 2ms+2ms
07-05 12:49:08.047   545   548 D dalvikvm: GC_CONCURRENT freed 410K, 11% free 10502K/11719K, paused 2ms+2ms
07-05 12:49:08.218   545 24418 I DownloadManager: Initiating request for download 2877
07-05 12:49:08.281   545   548 D dalvikvm: GC_CONCURRENT freed 356K, 11% free 10541K/11719K, paused 3ms+2ms
07-05 12:49:08.383   545   548 D dalvikvm: GC_CONCURRENT freed 228K, 9% free 10771K/11719K, paused 2ms+3ms
07-05 12:49:08.500   545   548 D dalvikvm: GC_CONCURRENT freed 481K, 9% free 10778K/11719K, paused 2ms+3ms
07-05 12:49:08.711   545   548 D dalvikvm: GC_CONCURRENT freed 731K, 11% free 10517K/11719K, paused 1ms+3ms
07-05 12:49:08.883   545   548 D dalvikvm: GC_CONCURRENT freed 409K, 11% free 10502K/11719K, paused 2ms+2ms
07-05 12:49:10.250   545   548 D dalvikvm: GC_CONCURRENT freed 372K, 11% free 10525K/11719K, paused 2ms+2ms
07-05 12:49:10.429   545   548 D dalvikvm: GC_CONCURRENT freed 413K, 11% free 10507K/11719K, paused 1ms+2ms
07-05 12:49:10.633  1370 24420 E DictionaryProvider:UpdateHandler: Can't read a file : android.util.MalformedJsonException: Use JsonReader.setLenient(true) to accept malformed JSON at line 1 column 20
07-05 12:49:10.648   545   548 D dalvikvm: GC_CONCURRENT freed 427K, 11% free 10482K/11719K, paused 2ms+5ms
07-05 12:49:10.722   545 24422 I DownloadManager: Initiating request for download 2877
07-05 12:49:10.722   545 24422 W DownloadManager: Aborting request for download 2877: Trying to resume a download that can't be resumed
07-05 12:49:10.957   545   548 D dalvikvm: GC_CONCURRENT freed 377K, 11% free 10501K/11719K, paused 2ms+4ms
07-05 12:49:11.133   545   548 D dalvikvm: GC_CONCURRENT freed 419K, 11% free 10475K/11719K, paused 2ms+2ms
07-05 12:49:11.312   545   548 D dalvikvm: GC_CONCURRENT freed 408K, 11% free 10462K/11719K, paused 2ms+2ms
07-05 12:49:11.390   545 24426 I DownloadManager: Initiating request for download 2878
07-05 12:49:11.496   545   548 D dalvikvm: GC_CONCURRENT freed 201K, 9% free 10721K/11719K, paused 2ms+2ms
07-05 12:49:11.597   545   548 D dalvikvm: GC_CONCURRENT freed 317K, 8% free 10886K/11719K, paused 2ms+3ms
07-05 12:49:11.773  1370 24428 E DictionaryProvider:UpdateHandler: Can't read a file : android.util.MalformedJsonException: Use JsonReader.setLenient(true) to accept malformed JSON at line 1 column 20
07-05 12:49:11.851  1370  1372 D dalvikvm: GC_CONCURRENT freed 388K, 7% free 9125K/9735K, paused 1ms+2ms
07-05 12:49:11.871   545   548 D dalvikvm: GC_CONCURRENT freed 883K, 11% free 10501K/11719K, paused 2ms+2ms
07-05 12:49:12.039   545   548 D dalvikvm: GC_CONCURRENT freed 424K, 11% free 10472K/11719K, paused 2ms+2ms
07-05 12:49:12.168   545 24431 I DownloadManager: Initiating request for download 2878
07-05 12:49:12.211   545   548 D dalvikvm: GC_CONCURRENT freed 359K, 11% free 10537K/11719K, paused 1ms+3ms
07-05 12:49:12.320   545   548 D dalvikvm: GC_CONCURRENT freed 221K, 9% free 10775K/11719K, paused 1ms+3ms
07-05 12:49:12.445   545   548 D dalvikvm: GC_CONCURRENT freed 480K, 8% free 10785K/11719K, paused 2ms+3ms
07-05 12:49:12.675   545   548 D dalvikvm: GC_CONCURRENT freed 771K, 11% free 10485K/11719K, paused 2ms+2ms
07-05 12:49:12.855   545   548 D dalvikvm: GC_CONCURRENT freed 414K, 11% free 10467K/11719K, paused 1ms+3ms
07-05 12:49:12.972   545 24434 I DownloadManager: Initiating request for download 2879
07-05 12:49:13.050   545   548 D dalvikvm: GC_CONCURRENT freed 251K, 9% free 10679K/11719K, paused 2ms+3ms
07-05 12:49:13.172   545   548 D dalvikvm: GC_CONCURRENT freed 335K, 7% free 10937K/11719K, paused 2ms+3ms
07-05 12:49:13.371  1370 24436 E DictionaryProvider:UpdateHandler: Can't read a file : android.util.MalformedJsonException: Use JsonReader.setLenient(true) to accept malformed JSON at line 1 column 20
07-05 12:49:13.437   545   548 D dalvikvm: GC_CONCURRENT freed 959K, 11% free 10507K/11719K, paused 1ms+3ms
07-05 12:49:13.617   545   548 D dalvikvm: GC_CONCURRENT freed 424K, 11% free 10477K/11719K, paused 2ms+2ms
07-05 12:49:13.734   545 24439 I DownloadManager: Initiating request for download 2879
07-05 12:49:13.804   545   548 D dalvikvm: GC_CONCURRENT freed 336K, 10% free 10560K/11719K, paused 2ms+3ms
07-05 12:49:13.906   545   548 D dalvikvm: GC_CONCURRENT freed 226K, 8% free 10782K/11719K, paused 2ms+2ms
07-05 12:49:14.031   545   548 D dalvikvm: GC_CONCURRENT freed 489K, 8% free 10807K/11719K, paused 2ms+2ms
07-05 12:49:14.261   545   548 D dalvikvm: GC_CONCURRENT freed 798K, 11% free 10489K/11719K, paused 2ms+2ms
07-05 12:49:14.445   545   548 D dalvikvm: GC_CONCURRENT freed 414K, 11% free 10469K/11719K, paused 2ms+2ms
07-05 12:49:14.539   545 24442 I DownloadManager: Initiating request for download 2880
07-05 12:49:14.644   545   548 D dalvikvm: GC_CONCURRENT freed 232K, 9% free 10695K/11719K, paused 2ms+3ms
07-05 12:49:14.746   545   548 D dalvikvm: GC_CONCURRENT freed 337K, 8% free 10878K/11719K, paused 2ms+3ms
07-05 12:49:14.965   156   530 D dalvikvm: GC_EXPLICIT freed 501K, 13% free 14083K/16007K, paused 2ms+6ms
07-05 12:49:14.992   545   548 D dalvikvm: GC_CONCURRENT freed 880K, 11% free 10499K/11719K, paused 2ms+3ms
07-05 12:49:15.035  1370 24444 E DictionaryProvider:UpdateHandler: Can't read a file : android.util.MalformedJsonException: Use JsonReader.setLenient(true) to accept malformed JSON at line 1 column 20
07-05 12:49:15.211   545   548 D dalvikvm: GC_CONCURRENT freed 407K, 11% free 10487K/11719K, paused 2ms+3ms
07-05 12:49:15.375   545 24447 I DownloadManager: Initiating request for download 2880
07-05 12:49:15.406   545   548 D dalvikvm: GC_CONCURRENT freed 423K, 11% free 10495K/11719K, paused 2ms+3ms
07-05 12:49:15.523   545   548 D dalvikvm: GC_CONCURRENT freed 207K, 8% free 10836K/11719K, paused 2ms+2ms
07-05 12:49:15.679   545 24447 D dalvikvm: GC_EXPLICIT freed 832K, 10% free 10553K/11719K, paused 2ms+3ms
07-05 12:49:15.886   545   548 D dalvikvm: GC_CONCURRENT freed 466K, 11% free 10485K/11719K, paused 2ms+3ms
07-05 12:49:16.070   545   548 D dalvikvm: GC_CONCURRENT freed 423K, 11% free 10457K/11719K, paused 2ms+2ms
07-05 12:49:16.168   545 24450 I DownloadManager: Initiating request for download 2881
07-05 12:49:16.258   545   548 D dalvikvm: GC_CONCURRENT freed 230K, 9% free 10680K/11719K, paused 1ms+3ms
07-05 12:49:16.363   545   548 D dalvikvm: GC_CONCURRENT freed 318K, 8% free 10863K/11719K, paused 2ms+3ms
07-05 12:49:16.547   545   548 D dalvikvm: GC_CONCURRENT freed 875K, 11% free 10489K/11719K, paused 2ms+3ms
07-05 12:49:16.597  1370 24452 E DictionaryProvider:UpdateHandler: Can't read a file : android.util.MalformedJsonException: Use JsonReader.setLenient(true) to accept malformed JSON at line 1 column 20
07-05 12:49:16.777   545   548 D dalvikvm: GC_CONCURRENT freed 409K, 11% free 10475K/11719K, paused 2ms+3ms
07-05 12:49:16.961   545   548 D dalvikvm: GC_CONCURRENT freed 413K, 11% free 10456K/11719K, paused 1ms+2ms
07-05 12:49:16.992   545 24455 I DownloadManager: Initiating request for download 2881
07-05 12:49:17.113   545   548 D dalvikvm: GC_CONCURRENT freed 175K, 8% free 10813K/11719K, paused 1ms+3ms
07-05 12:49:17.226   545   548 D dalvikvm: GC_CONCURRENT freed 535K, 9% free 10778K/11719K, paused 2ms+3ms
07-05 12:49:17.468   545   548 D dalvikvm: GC_CONCURRENT freed 764K, 11% free 10486K/11719K, paused 1ms+3ms
07-05 12:49:17.652   545   548 D dalvikvm: GC_CONCURRENT freed 413K, 11% free 10465K/11719K, paused 1ms+2ms
07-05 12:49:17.769   545 24458 I DownloadManager: Initiating request for download 2882
07-05 12:49:17.859   545   548 D dalvikvm: GC_CONCURRENT freed 250K, 9% free 10730K/11719K, paused 2ms+2ms
07-05 12:49:17.968   545   548 D dalvikvm: GC_CONCURRENT freed 390K, 8% free 10871K/11719K, paused 1ms+2ms
07-05 12:49:18.168   545   548 D dalvikvm: GC_CONCURRENT freed 882K, 11% free 10491K/11719K, paused 1ms+2ms
07-05 12:49:18.203  1370 24460 E DictionaryProvider:UpdateHandler: Can't read a file : android.util.MalformedJsonException: Use JsonReader.setLenient(true) to accept malformed JSON at line 1 column 20
07-05 12:49:18.285  1370  1372 D dalvikvm: GC_CONCURRENT freed 387K, 7% free 9126K/9735K, paused 1ms+2ms
07-05 12:49:18.414   545   548 D dalvikvm: GC_CONCURRENT freed 408K, 11% free 10478K/11719K, paused 2ms+2ms
07-05 12:49:18.601   545   548 D dalvikvm: GC_CONCURRENT freed 404K, 11% free 10490K/11719K, paused 2ms+3ms
07-05 12:49:18.601   545 24463 I DownloadManager: Initiating request for download 2882
07-05 12:49:18.730   545   548 D dalvikvm: GC_CONCURRENT freed 196K, 9% free 10753K/11719K, paused 2ms+3ms
07-05 12:49:18.836   545   548 D dalvikvm: GC_CONCURRENT freed 454K, 9% free 10781K/11719K, paused 2ms+3ms
07-05 12:49:19.035   545   548 D dalvikvm: GC_CONCURRENT freed 734K, 11% free 10518K/11719K, paused 2ms+2ms
07-05 12:49:19.218   545   548 D dalvikvm: GC_CONCURRENT freed 407K, 11% free 10506K/11719K, paused 2ms+2ms
07-05 12:49:20.246   545 24465 I DownloadManager: Initiating request for download 2883
07-05 12:49:20.347   545   548 D dalvikvm: GC_CONCURRENT freed 306K, 10% free 10647K/11719K, paused 2ms+3ms
07-05 12:49:20.457   545   548 D dalvikvm: GC_CONCURRENT freed 321K, 8% free 10831K/11719K, paused 2ms+3ms
07-05 12:49:20.609   545   548 D dalvikvm: GC_CONCURRENT freed 789K, 11% free 10532K/11719K, paused 1ms+3ms
07-05 12:49:20.699  1370 24468 E DictionaryProvider:UpdateHandler: Can't read a file : android.util.MalformedJsonException: Use JsonReader.setLenient(true) to accept malformed JSON at line 1 column 20
07-05 12:49:20.847   545   548 D dalvikvm: GC_CONCURRENT freed 439K, 11% free 10489K/11719K, paused 2ms+2ms
07-05 12:49:21.035   545   548 D dalvikvm: GC_CONCURRENT freed 418K, 11% free 10466K/11719K, paused 2ms+2ms
07-05 12:49:21.105   545 24471 I DownloadManager: Initiating request for download 2883
07-05 12:49:21.199   545   548 D dalvikvm: GC_CONCURRENT freed 227K, 9% free 10692K/11719K, paused 2ms+2ms
07-05 12:49:21.300   545   548 D dalvikvm: GC_CONCURRENT freed 350K, 8% free 10861K/11719K, paused 2ms+3ms
07-05 12:49:21.496   545   548 D dalvikvm: GC_CONCURRENT freed 862K, 11% free 10499K/11719K, paused 2ms+3ms
07-05 12:49:21.699   545   548 D dalvikvm: GC_CONCURRENT freed 412K, 11% free 10477K/11719K, paused 2ms+2ms
07-05 12:49:21.910   545 24474 I DownloadManager: Initiating request for download 2884
07-05 12:49:21.937   545   548 D dalvikvm: GC_CONCURRENT freed 395K, 11% free 10490K/11719K, paused 2ms+2ms
07-05 12:49:22.050   545   548 D dalvikvm: GC_CONCURRENT freed 193K, 9% free 10758K/11719K, paused 2ms+3ms
07-05 12:49:22.168   545   548 D dalvikvm: GC_CONCURRENT freed 452K, 8% free 10789K/11719K, paused 2ms+2ms
07-05 12:49:22.328  1370 24476 E DictionaryProvider:UpdateHandler: Can't read a file : android.util.MalformedJsonException: Use JsonReader.setLenient(true) to accept malformed JSON at line 1 column 20
07-05 12:49:22.410   545   548 D dalvikvm: GC_CONCURRENT freed 760K, 11% free 10500K/11719K, paused 2ms+2ms
07-05 12:49:22.582   545   548 D dalvikvm: GC_CONCURRENT freed 423K, 11% free 10472K/11719K, paused 2ms+3ms
07-05 12:49:22.691   545 24479 I DownloadManager: Initiating request for download 2884
07-05 12:49:22.777   545   548 D dalvikvm: GC_CONCURRENT freed 299K, 10% free 10631K/11719K, paused 1ms+3ms
07-05 12:49:22.883   545   548 D dalvikvm: GC_CONCURRENT freed 309K, 8% free 10830K/11719K, paused 2ms+4ms
07-05 12:49:23.031   545   548 D dalvikvm: GC_CONCURRENT freed 779K, 11% free 10541K/11719K, paused 1ms+2ms
07-05 12:49:23.230   545   548 D dalvikvm: GC_CONCURRENT freed 448K, 11% free 10488K/11719K, paused 2ms+2ms
07-05 12:49:23.414   545   548 D dalvikvm: GC_CONCURRENT freed 407K, 11% free 10469K/11719K, paused 1ms+2ms
07-05 12:49:23.500   545 24482 I DownloadManager: Initiating request for download 2885
07-05 12:49:23.617   545   548 D dalvikvm: GC_CONCURRENT freed 230K, 9% free 10777K/11719K, paused 2ms+3ms
07-05 12:49:23.726   545   548 D dalvikvm: GC_CONCURRENT freed 374K, 7% free 10912K/11719K, paused 2ms+2ms
07-05 12:49:23.894  1370 24484 E DictionaryProvider:UpdateHandler: Can't read a file : android.util.MalformedJsonException: Use JsonReader.setLenient(true) to accept malformed JSON at line 1 column 20
07-05 12:49:23.988   545   548 D dalvikvm: GC_CONCURRENT freed 915K, 11% free 10516K/11719K, paused 2ms+2ms
07-05 12:49:24.172   545   548 D dalvikvm: GC_CONCURRENT freed 435K, 11% free 10476K/11719K, paused 1ms+2ms
07-05 12:49:24.300   545 24487 I DownloadManager: Initiating request for download 2885
07-05 12:49:24.355   545   548 D dalvikvm: GC_CONCURRENT freed 318K, 11% free 10545K/11719K, paused 2ms+6ms
07-05 12:49:24.457   545   548 D dalvikvm: GC_CONCURRENT freed 219K, 8% free 10784K/11719K, paused 2ms+3ms
07-05 12:49:24.578   545   548 D dalvikvm: GC_CONCURRENT freed 485K, 8% free 10805K/11719K, paused 2ms+3ms
07-05 12:49:24.785   545   548 D dalvikvm: GC_CONCURRENT freed 753K, 11% free 10533K/11719K, paused 2ms+2ms
07-05 12:49:24.976   545   548 D dalvikvm: GC_CONCURRENT freed 417K, 11% free 10522K/11719K, paused 2ms+3ms
07-05 12:49:26.242   545 24489 I DownloadManager: Initiating request for download 2886
07-05 12:49:26.351   545   548 D dalvikvm: GC_CONCURRENT freed 284K, 9% free 10697K/11719K, paused 2ms+3ms
07-05 12:49:26.461   545   548 D dalvikvm: GC_CONCURRENT freed 339K, 8% free 10879K/11719K, paused 2ms+3ms
07-05 12:49:26.652   545   548 D dalvikvm: GC_CONCURRENT freed 851K, 11% free 10534K/11719K, paused 2ms+2ms
07-05 12:49:26.715  1370 24492 E DictionaryProvider:UpdateHandler: Can't read a file : android.util.MalformedJsonException: Use JsonReader.setLenient(true) to accept malformed JSON at line 1 column 20
07-05 12:49:26.793  1370  1372 D dalvikvm: GC_CONCURRENT freed 390K, 7% free 9127K/9735K, paused 1ms+2ms
07-05 12:49:26.816  1370  1382 D dalvikvm: GC_EXPLICIT freed 41K, 7% free 9085K/9735K, paused 1ms+2ms
07-05 12:49:26.925   545   548 D dalvikvm: GC_CONCURRENT freed 428K, 11% free 10493K/11719K, paused 2ms+3ms
07-05 12:49:27.121   545   548 D dalvikvm: GC_CONCURRENT freed 412K, 11% free 10469K/11719K, paused 2ms+2ms
07-05 12:49:27.144   545 24495 I DownloadManager: Initiating request for download 2886
07-05 12:49:27.242   545   548 D dalvikvm: GC_CONCURRENT freed 177K, 9% free 10746K/11719K, paused 2ms+3ms
07-05 12:49:27.355   545   548 D dalvikvm: GC_CONCURRENT freed 421K, 8% free 10811K/11719K, paused 2ms+2ms
07-05 12:49:27.554   545   548 D dalvikvm: GC_CONCURRENT freed 789K, 11% free 10502K/11719K, paused 1ms+2ms
07-05 12:49:27.754   545   548 D dalvikvm: GC_CONCURRENT freed 412K, 11% free 10485K/11719K, paused 2ms+2ms
07-05 12:49:27.937   545 24498 I DownloadManager: Initiating request for download 2887
07-05 12:49:28.000   545   548 D dalvikvm: GC_CONCURRENT freed 342K, 10% free 10550K/11719K, paused 2ms+2ms
07-05 12:49:28.101   545   548 D dalvikvm: GC_CONCURRENT freed 222K, 8% free 10788K/11719K, paused 2ms+3ms
07-05 12:49:28.226   545   548 D dalvikvm: GC_CONCURRENT freed 486K, 8% free 10817K/11719K, paused 1ms+2ms
07-05 12:49:28.390  1370 24500 E DictionaryProvider:UpdateHandler: Can't read a file : android.util.MalformedJsonException: Use JsonReader.setLenient(true) to accept malformed JSON at line 1 column 20
07-05 12:49:28.496   545   548 D dalvikvm: GC_CONCURRENT freed 797K, 11% free 10502K/11719K, paused 2ms+2ms
07-05 12:49:28.679   545   548 D dalvikvm: GC_CONCURRENT freed 420K, 11% free 10477K/11719K, paused 2ms+2ms
07-05 12:49:28.754   545 24503 I DownloadManager: Initiating request for download 2887
07-05 12:49:28.840   545   548 D dalvikvm: GC_CONCURRENT freed 247K, 9% free 10688K/11719K, paused 2ms+3ms
07-05 12:49:28.957   545   548 D dalvikvm: GC_CONCURRENT freed 329K, 8% free 10889K/11719K, paused 2ms+3ms
07-05 12:49:29.148   545   548 D dalvikvm: GC_CONCURRENT freed 862K, 11% free 10536K/11719K, paused 1ms+3ms
07-05 12:49:29.332   545   548 D dalvikvm: GC_CONCURRENT freed 441K, 11% free 10490K/11719K, paused 2ms+3ms
07-05 12:49:29.578   545   548 D dalvikvm: GC_CONCURRENT freed 398K, 11% free 10477K/11719K, paused 1ms+4ms
07-05 12:49:29.597   545 24506 I DownloadManager: Initiating request for download 2888
07-05 12:49:29.726   545   548 D dalvikvm: GC_CONCURRENT freed 175K, 9% free 10753K/11719K, paused 2ms+3ms
07-05 12:49:29.836   545   548 D dalvikvm: GC_CONCURRENT freed 429K, 8% free 10803K/11719K, paused 2ms+2ms
07-05 12:49:30.008  1370 24508 E DictionaryProvider:UpdateHandler: Can't read a file : android.util.MalformedJsonException: Use JsonReader.setLenient(true) to accept malformed JSON at line 1 column 20
07-05 12:49:30.093   545   548 D dalvikvm: GC_CONCURRENT freed 755K, 11% free 10527K/11719K, paused 2ms+2ms
07-05 12:49:30.289   545   548 D dalvikvm: GC_CONCURRENT freed 436K, 11% free 10487K/11719K, paused 2ms+2ms
07-05 12:49:30.480   156   576 D dalvikvm: GC_EXPLICIT freed 507K, 13% free 14083K/16007K, paused 2ms+5ms
07-05 12:49:30.484   545 24511 I DownloadManager: Initiating request for download 2888
07-05 12:49:30.531   545   548 D dalvikvm: GC_CONCURRENT freed 357K, 11% free 10525K/11719K, paused 2ms+3ms
07-05 12:49:30.652   545   548 D dalvikvm: GC_CONCURRENT freed 224K, 9% free 10766K/11719K, paused 2ms+3ms
07-05 12:49:30.761   545   548 D dalvikvm: GC_CONCURRENT freed 468K, 8% free 10785K/11719K, paused 2ms+2ms
07-05 12:49:30.988   545   548 D dalvikvm: GC_CONCURRENT freed 770K, 11% free 10486K/11719K, paused 2ms+2ms
07-05 12:49:31.175   545   548 D dalvikvm: GC_CONCURRENT freed 412K, 11% free 10468K/11719K, paused 2ms+2ms
07-05 12:49:31.304   545 24514 I DownloadManager: Initiating request for download 2889
07-05 12:49:31.402   545   548 D dalvikvm: GC_CONCURRENT freed 269K, 10% free 10657K/11719K, paused 2ms+3ms
07-05 12:49:31.504   545   548 D dalvikvm: GC_CONCURRENT freed 315K, 8% free 10826K/11719K, paused 1ms+2ms
07-05 12:49:31.656   545   548 D dalvikvm: GC_CONCURRENT freed 784K, 11% free 10533K/11719K, paused 2ms+2ms
07-05 12:49:31.726  1370 24516 E DictionaryProvider:UpdateHandler: Can't read a file : android.util.MalformedJsonException: Use JsonReader.setLenient(true) to accept malformed JSON at line 1 column 20
07-05 12:49:31.886   545   548 D dalvikvm: GC_CONCURRENT freed 430K, 11% free 10492K/11719K, paused 2ms+3ms
07-05 12:49:32.070   545   548 D dalvikvm: GC_CONCURRENT freed 420K, 11% free 10467K/11719K, paused 2ms+3ms
07-05 12:49:32.144   545 24519 I DownloadManager: Initiating request for download 2889
07-05 12:49:32.230   545   548 D dalvikvm: GC_CONCURRENT freed 231K, 9% free 10689K/11719K, paused 2ms+2ms
07-05 12:49:32.332   545   548 D dalvikvm: GC_CONCURRENT freed 332K, 8% free 10878K/11719K, paused 1ms+3ms
07-05 12:49:32.523   545   548 D dalvikvm: GC_CONCURRENT freed 846K, 11% free 10528K/11719K, paused 1ms+3ms
07-05 12:49:32.726   545   548 D dalvikvm: GC_CONCURRENT freed 442K, 11% free 10481K/11719K, paused 1ms+2ms
07-05 12:49:32.898   545   548 D dalvikvm: GC_CONCURRENT freed 400K, 11% free 10468K/11719K, paused 2ms+2ms
07-05 12:49:32.957   545 24522 I DownloadManager: Initiating request for download 2890
07-05 12:49:33.062   545   548 D dalvikvm: GC_CONCURRENT freed 179K, 9% free 10747K/11719K, paused 2ms+2ms
07-05 12:49:33.164   545   548 D dalvikvm: GC_CONCURRENT freed 330K, 7% free 10903K/11719K, paused 2ms+3ms
07-05 12:49:33.386   545   548 D dalvikvm: GC_CONCURRENT freed 916K, 11% free 10495K/11719K, paused 1ms+3ms
07-05 12:49:33.422  1370 24524 E DictionaryProvider:UpdateHandler: Can't read a file : android.util.MalformedJsonException: Use JsonReader.setLenient(true) to accept malformed JSON at line 1 column 20
07-05 12:49:33.515  1370  1372 D dalvikvm: GC_CONCURRENT freed 350K, 7% free 9126K/9735K, paused 2ms+2ms
07-05 12:49:33.648   545   548 D dalvikvm: GC_CONCURRENT freed 404K, 11% free 10480K/11719K, paused 1ms+3ms
07-05 12:49:33.789   545 24527 I DownloadManager: Initiating request for download 2890
07-05 12:49:33.847   545   548 D dalvikvm: GC_CONCURRENT freed 334K, 11% free 10541K/11719K, paused 2ms+3ms
07-05 12:49:33.953   545   548 D dalvikvm: GC_CONCURRENT freed 234K, 8% free 10790K/11719K, paused 1ms+3ms
07-05 12:49:34.070   545   548 D dalvikvm: GC_CONCURRENT freed 481K, 8% free 10791K/11719K, paused 1ms+2ms
07-05 12:49:34.312   545   548 D dalvikvm: GC_CONCURRENT freed 774K, 11% free 10491K/11719K, paused 2ms+2ms
07-05 12:49:34.488   545   548 D dalvikvm: GC_CONCURRENT freed 414K, 11% free 10472K/11719K, paused 2ms+2ms
07-05 12:49:34.597   545 24530 I DownloadManager: Initiating request for download 2891
07-05 12:49:34.687   545   548 D dalvikvm: GC_CONCURRENT freed 246K, 9% free 10678K/11719K, paused 1ms+3ms
07-05 12:49:34.797   545   548 D dalvikvm: GC_CONCURRENT freed 336K, 7% free 10913K/11719K, paused 2ms+3ms
07-05 12:49:34.992   545   548 D dalvikvm: GC_CONCURRENT freed 928K, 11% free 10500K/11719K, paused 1ms+2ms
07-05 12:49:35.047  1370 24532 E DictionaryProvider:UpdateHandler: Can't read a file : android.util.MalformedJsonException: Use JsonReader.setLenient(true) to accept malformed JSON at line 1 column 20
07-05 12:49:35.230   545   548 D dalvikvm: GC_CONCURRENT freed 404K, 11% free 10491K/11719K, paused 2ms+2ms
07-05 12:49:35.422   545   548 D dalvikvm: GC_CONCURRENT freed 408K, 11% free 10497K/11719K, paused 2ms+3ms
07-05 12:49:35.422   545 24535 I DownloadManager: Initiating request for download 2891
07-05 12:49:35.558   545   548 D dalvikvm: GC_CONCURRENT freed 196K, 9% free 10765K/11719K, paused 2ms+3ms
07-05 12:49:35.668   545   548 D dalvikvm: GC_CONCURRENT freed 450K, 8% free 10798K/11719K, paused 2ms+2ms
07-05 12:49:35.898   545   548 D dalvikvm: GC_CONCURRENT freed 769K, 11% free 10505K/11719K, paused 2ms+2ms
07-05 12:49:36.086   545   548 D dalvikvm: GC_CONCURRENT freed 422K, 11% free 10478K/11719K, paused 2ms+3ms
07-05 12:49:36.222   545 24538 I DownloadManager: Initiating request for download 2892
07-05 12:49:36.297   545   548 D dalvikvm: GC_CONCURRENT freed 306K, 10% free 10630K/11719K, paused 2ms+3ms
07-05 12:49:36.398   545   548 D dalvikvm: GC_CONCURRENT freed 302K, 8% free 10828K/11719K, paused 2ms+3ms
07-05 12:49:36.527   545   548 D dalvikvm: GC_CONCURRENT freed 785K, 11% free 10541K/11719K, paused 2ms+2ms
07-05 12:49:36.644  1370 24540 E DictionaryProvider:UpdateHandler: Can't read a file : android.util.MalformedJsonException: Use JsonReader.setLenient(true) to accept malformed JSON at line 1 column 20
07-05 12:49:36.758   545   548 D dalvikvm: GC_CONCURRENT freed 436K, 11% free 10501K/11719K, paused 2ms+2ms
07-05 12:49:36.937   545   548 D dalvikvm: GC_CONCURRENT freed 419K, 11% free 10477K/11719K, paused 2ms+2ms
07-05 12:49:37.011   545 24543 I DownloadManager: Initiating request for download 2892
07-05 12:49:37.093   545   548 D dalvikvm: GC_CONCURRENT freed 244K, 9% free 10692K/11719K, paused 2ms+2ms
07-05 12:49:37.199   545   548 D dalvikvm: GC_CONCURRENT freed 332K, 8% free 10881K/11719K, paused 1ms+3ms
07-05 12:49:37.379   545   548 D dalvikvm: GC_CONCURRENT freed 850K, 11% free 10538K/11719K, paused 2ms+2ms
07-05 12:49:37.582   545   548 D dalvikvm: GC_CONCURRENT freed 446K, 11% free 10497K/11719K, paused 2ms+2ms
07-05 12:49:37.765   545   548 D dalvikvm: GC_CONCURRENT freed 409K, 11% free 10475K/11719K, paused 2ms+2ms
07-05 12:49:37.816   545 24546 I DownloadManager: Initiating request for download 2893
07-05 12:49:37.922   545   548 D dalvikvm: GC_CONCURRENT freed 160K, 9% free 10744K/11719K, paused 1ms+3ms
07-05 12:49:38.035   545   548 D dalvikvm: GC_CONCURRENT freed 322K, 7% free 10926K/11719K, paused 2ms+3ms
07-05 12:49:38.218  1370 24548 E DictionaryProvider:UpdateHandler: Can't read a file : android.util.MalformedJsonException: Use JsonReader.setLenient(true) to accept malformed JSON at line 1 column 20
07-05 12:49:38.297   545   548 D dalvikvm: GC_CONCURRENT freed 929K, 11% free 10516K/11719K, paused 1ms+3ms
07-05 12:49:38.468   545   548 D dalvikvm: GC_CONCURRENT freed 422K, 11% free 10484K/11719K, paused 2ms+2ms
07-05 12:49:38.590   545 24551 I DownloadManager: Initiating request for download 2893
07-05 12:49:38.656   545   548 D dalvikvm: GC_CONCURRENT freed 339K, 10% free 10567K/11719K, paused 2ms+2ms
07-05 12:49:38.754   545   548 D dalvikvm: GC_CONCURRENT freed 232K, 8% free 10797K/11719K, paused 2ms+3ms
07-05 12:49:38.875   545   548 D dalvikvm: GC_CONCURRENT freed 493K, 8% free 10801K/11719K, paused 2ms+2ms
07-05 12:49:39.105   545   548 D dalvikvm: GC_CONCURRENT freed 779K, 11% free 10498K/11719K, paused 2ms+2ms
07-05 12:49:39.297   545   548 D dalvikvm: GC_CONCURRENT freed 414K, 11% free 10479K/11719K, paused 1ms+2ms
07-05 12:49:39.410   545 24554 I DownloadManager: Initiating request for download 2894
07-05 12:49:39.511   545   548 D dalvikvm: GC_CONCURRENT freed 227K, 9% free 10682K/11719K, paused 1ms+3ms
07-05 12:49:39.613   545   548 D dalvikvm: GC_CONCURRENT freed 303K, 8% free 10847K/11719K, paused 1ms+2ms
07-05 12:49:39.765   545   548 D dalvikvm: GC_CONCURRENT freed 789K, 10% free 10552K/11719K, paused 2ms+3ms
07-05 12:49:39.871   545 24554 D dalvikvm: GC_EXPLICIT freed 114K, 11% free 10545K/11719K, paused 2ms+5ms
07-05 12:49:39.925  1370 24556 E DictionaryProvider:UpdateHandler: Can't read a file : android.util.MalformedJsonException: Use JsonReader.setLenient(true) to accept malformed JSON at line 1 column 20
07-05 12:49:39.992  1370  1372 D dalvikvm: GC_CONCURRENT freed 388K, 7% free 9126K/9735K, paused 1ms+2ms
07-05 12:49:40.105   545   548 D dalvikvm: GC_CONCURRENT freed 443K, 11% free 10498K/11719K, paused 2ms+3ms
07-05 12:49:40.289   545   548 D dalvikvm: GC_CONCURRENT freed 416K, 11% free 10477K/11719K, paused 1ms+3ms
07-05 12:49:40.332   545 24559 I DownloadManager: Initiating request for download 2894
07-05 12:49:40.429   545   548 D dalvikvm: GC_CONCURRENT freed 185K, 9% free 10750K/11719K, paused 2ms+3ms
07-05 12:49:40.531   545   548 D dalvikvm: GC_CONCURRENT freed 326K, 7% free 10916K/11719K, paused 2ms+2ms
07-05 12:49:40.761   545   548 D dalvikvm: GC_CONCURRENT freed 924K, 11% free 10505K/11719K, paused 2ms+2ms
07-05 12:49:40.941   545   548 D dalvikvm: GC_CONCURRENT freed 415K, 11% free 10485K/11719K, paused 2ms+3ms
07-05 12:49:41.105   545 24562 I DownloadManager: Initiating request for download 2895
07-05 12:49:41.164   545   548 D dalvikvm: GC_CONCURRENT freed 325K, 10% free 10557K/11719K, paused 2ms+2ms
07-05 12:49:41.265   545   548 D dalvikvm: GC_CONCURRENT freed 222K, 8% free 10795K/11719K, paused 2ms+3ms
07-05 12:49:41.383   545   548 D dalvikvm: GC_CONCURRENT freed 486K, 8% free 10811K/11719K, paused 2ms+3ms
07-05 12:49:41.593   545   548 D dalvikvm: GC_CONCURRENT freed 783K, 11% free 10508K/11719K, paused 2ms+2ms
07-05 12:49:41.718  1370 24564 E DictionaryProvider:UpdateHandler: Can't read a file : android.util.MalformedJsonException: Use JsonReader.setLenient(true) to accept malformed JSON at line 1 column 20
07-05 12:49:41.797   545   548 D dalvikvm: GC_CONCURRENT freed 407K, 11% free 10496K/11719K, paused 2ms+2ms
07-05 12:49:41.886   545 24566 I DownloadManager: Initiating request for download 2895
07-05 12:49:41.953   545   548 D dalvikvm: GC_CONCURRENT freed 269K, 9% free 10685K/11719K, paused 2ms+2ms
07-05 12:49:42.031   545   548 D dalvikvm: GC_CONCURRENT freed 316K, 8% free 10871K/11719K, paused 2ms+3ms
07-05 12:49:42.425   545   548 D dalvikvm: GC_CONCURRENT freed 854K, 11% free 10524K/11719K, paused 2ms+2ms
07-05 12:49:42.629   545   548 D dalvikvm: GC_CONCURRENT freed 419K, 11% free 10500K/11719K, paused 2ms+3ms
07-05 12:49:42.824   545   548 D dalvikvm: GC_CONCURRENT freed 414K, 11% free 10481K/11719K, paused 1ms+2ms
07-05 12:49:42.906   545 24570 I DownloadManager: Initiating request for download 2896
07-05 12:49:43.031   545   548 D dalvikvm: GC_CONCURRENT freed 208K, 9% free 10733K/11719K, paused 2ms+3ms
07-05 12:49:43.129   545   548 D dalvikvm: GC_CONCURRENT freed 359K, 7% free 10906K/11719K, paused 2ms+3ms
07-05 12:49:43.336   545   548 D dalvikvm: GC_CONCURRENT freed 908K, 11% free 10510K/11719K, paused 2ms+2ms
07-05 12:49:43.386  1370 24572 E DictionaryProvider:UpdateHandler: Can't read a file : android.util.MalformedJsonException: Use JsonReader.setLenient(true) to accept malformed JSON at line 1 column 20
07-05 12:49:43.453   465   467 D dalvikvm: GC_CONCURRENT freed 429K, 6% free 10520K/11079K, paused 2ms+8ms
07-05 12:49:43.590   545   548 D dalvikvm: GC_CONCURRENT freed 395K, 11% free 10502K/11719K, paused 2ms+2ms
07-05 12:49:43.722   545 24575 I DownloadManager: Initiating request for download 2896
07-05 12:49:43.773   545   548 D dalvikvm: GC_CONCURRENT freed 378K, 11% free 10529K/11719K, paused 2ms+3ms
07-05 12:49:43.890   545   548 D dalvikvm: GC_CONCURRENT freed 193K, 8% free 10844K/11719K, paused 2ms+2ms
07-05 12:49:44.019   545   548 D dalvikvm: GC_CONCURRENT freed 545K, 8% free 10813K/11719K, paused 1ms+2ms
07-05 12:49:44.258   545   548 D dalvikvm: GC_CONCURRENT freed 788K, 11% free 10505K/11719K, paused 2ms+3ms
07-05 12:49:44.457   545   548 D dalvikvm: GC_CONCURRENT freed 413K, 11% free 10487K/11719K, paused 10ms+3ms
07-05 12:49:44.629   156   530 D dalvikvm: GC_EXPLICIT freed 492K, 13% free 14082K/16007K, paused 3ms+6ms
07-05 12:49:44.633   545 24578 I DownloadManager: Initiating request for download 2897
07-05 12:49:44.730   545   548 D dalvikvm: GC_CONCURRENT freed 244K, 9% free 10704K/11719K, paused 2ms+3ms
07-05 12:49:44.832   545   548 D dalvikvm: GC_CONCURRENT freed 360K, 8% free 10866K/11719K, paused 2ms+3ms
07-05 12:49:45.008   545   548 D dalvikvm: GC_CONCURRENT freed 830K, 11% free 10540K/11719K, paused 1ms+2ms
07-05 12:49:45.062  1370 24580 E DictionaryProvider:UpdateHandler: Can't read a file : android.util.MalformedJsonException: Use JsonReader.setLenient(true) to accept malformed JSON at line 1 column 20
07-05 12:49:45.242   545   548 D dalvikvm: GC_CONCURRENT freed 434K, 11% free 10504K/11719K, paused 2ms+3ms
07-05 12:49:45.425   545   548 D dalvikvm: GC_CONCURRENT freed 428K, 11% free 10471K/11719K, paused 2ms+2ms
07-05 12:49:45.465   545 24583 I DownloadManager: Initiating request for download 2897
07-05 12:49:45.574   545   548 D dalvikvm: GC_CONCURRENT freed 190K, 9% free 10739K/11719K, paused 2ms+3ms
07-05 12:49:45.679   545   548 D dalvikvm: GC_CONCURRENT freed 321K, 7% free 10914K/11719K, paused 2ms+3ms
07-05 12:49:45.902   545   548 D dalvikvm: GC_CONCURRENT freed 921K, 11% free 10500K/11719K, paused 2ms+2ms
07-05 12:49:46.086   545   548 D dalvikvm: GC_CONCURRENT freed 417K, 11% free 10478K/11719K, paused 2ms+3ms
07-05 12:49:46.261   545 24586 I DownloadManager: Initiating request for download 2898
07-05 12:49:46.308   545   548 D dalvikvm: GC_CONCURRENT freed 343K, 10% free 10548K/11719K, paused 2ms+2ms
07-05 12:49:46.418   545   548 D dalvikvm: GC_CONCURRENT freed 219K, 8% free 10786K/11719K, paused 2ms+3ms
07-05 12:49:46.531   545   548 D dalvikvm: GC_CONCURRENT freed 477K, 8% free 10802K/11719K, paused 2ms+3ms
07-05 12:49:46.738   545   548 D dalvikvm: GC_CONCURRENT freed 749K, 11% free 10530K/11719K, paused 2ms+2ms
07-05 12:49:46.918   545   548 D dalvikvm: GC_CONCURRENT freed 402K, 11% free 10524K/11719K, paused 2ms+2ms
07-05 12:49:47.867  1370 24588 E DictionaryProvider:UpdateHandler: Can't read a file : android.util.MalformedJsonException: Use JsonReader.setLenient(true) to accept malformed JSON at line 1 column 20
07-05 12:49:47.961  1370  1372 D dalvikvm: GC_CONCURRENT freed 391K, 7% free 9127K/9735K, paused 1ms+2ms
07-05 12:49:47.976   545   548 D dalvikvm: GC_CONCURRENT freed 389K, 11% free 10527K/11719K, paused 2ms+3ms
07-05 12:49:48.160   545   548 D dalvikvm: GC_CONCURRENT freed 431K, 11% free 10491K/11719K, paused 2ms+3ms
07-05 12:49:48.343   545   548 D dalvikvm: GC_CONCURRENT freed 410K, 11% free 10476K/11719K, paused 1ms+2ms
07-05 12:49:48.425   545 24591 I DownloadManager: Initiating request for download 2898
07-05 12:49:48.425   545 24591 W DownloadManager: Aborting request for download 2898: Trying to resume a download that can't be resumed
07-05 12:49:48.648   545   548 D dalvikvm: GC_CONCURRENT freed 361K, 11% free 10511K/11719K, paused 2ms+2ms
07-05 12:49:48.832   545   548 D dalvikvm: GC_CONCURRENT freed 416K, 11% free 10491K/11719K, paused 2ms+3ms
07-05 12:49:49.023   545   548 D dalvikvm: GC_CONCURRENT freed 407K, 11% free 10478K/11719K, paused 2ms+3ms
07-05 12:49:49.144   545 24594 I DownloadManager: Initiating request for download 2899
07-05 12:49:49.254   545   548 D dalvikvm: GC_CONCURRENT freed 234K, 9% free 10703K/11719K, paused 2ms+3ms
07-05 12:49:49.363   545   548 D dalvikvm: GC_CONCURRENT freed 335K, 8% free 10893K/11719K, paused 2ms+3ms
07-05 12:49:49.566   545   548 D dalvikvm: GC_CONCURRENT freed 853K, 11% free 10541K/11719K, paused 2ms+2ms
07-05 12:49:49.625  1370 24596 E DictionaryProvider:UpdateHandler: Can't read a file : android.util.MalformedJsonException: Use JsonReader.setLenient(true) to accept malformed JSON at line 1 column 20
07-05 12:49:49.800   545   548 D dalvikvm: GC_CONCURRENT freed 427K, 11% free 10509K/11719K, paused 2ms+2ms
07-05 12:49:49.988   545   548 D dalvikvm: GC_CONCURRENT freed 419K, 11% free 10477K/11719K, paused 2ms+3ms
07-05 12:49:50.023   545 24599 I DownloadManager: Initiating request for download 2899
07-05 12:49:50.125   545   548 D dalvikvm: GC_CONCURRENT freed 187K, 9% free 10748K/11719K, paused 2ms+3ms
07-05 12:49:50.222   545   548 D dalvikvm: GC_CONCURRENT freed 303K, 7% free 10912K/11719K, paused 2ms+2ms
07-05 12:49:50.422   545   548 D dalvikvm: GC_CONCURRENT freed 918K, 11% free 10508K/11719K, paused 2ms+2ms
07-05 12:49:50.613   545   548 D dalvikvm: GC_CONCURRENT freed 413K, 11% free 10490K/11719K, paused 1ms+2ms
07-05 12:49:50.789   545 24602 I DownloadManager: Initiating request for download 2900
07-05 12:49:50.836   545   548 D dalvikvm: GC_CONCURRENT freed 363K, 11% free 10528K/11719K, paused 2ms+3ms
07-05 12:49:50.957   545   548 D dalvikvm: GC_CONCURRENT freed 204K, 9% free 10782K/11719K, paused 2ms+3ms
07-05 12:49:51.066   545   548 D dalvikvm: GC_CONCURRENT freed 466K, 8% free 10807K/11719K, paused 2ms+2ms
07-05 12:49:51.254  1370 24604 E DictionaryProvider:UpdateHandler: Can't read a file : android.util.MalformedJsonException: Use JsonReader.setLenient(true) to accept malformed JSON at line 1 column 20
07-05 12:49:51.300   545   548 D dalvikvm: GC_CONCURRENT freed 772K, 11% free 10523K/11719K, paused 2ms+2ms
07-05 12:49:51.500   545   548 D dalvikvm: GC_CONCURRENT freed 428K, 11% free 10490K/11719K, paused 2ms+2ms
07-05 12:49:51.605   545 24607 I DownloadManager: Initiating request for download 2900
07-05 12:49:51.679   545   548 D dalvikvm: GC_CONCURRENT freed 289K, 10% free 10661K/11719K, paused 2ms+3ms
07-05 12:49:51.785   545   548 D dalvikvm: GC_CONCURRENT freed 292K, 8% free 10837K/11719K, paused 2ms+4ms
07-05 12:49:51.925   545   548 D dalvikvm: GC_CONCURRENT freed 789K, 10% free 10550K/11719K, paused 2ms+2ms
07-05 12:49:52.136   545   548 D dalvikvm: GC_CONCURRENT freed 440K, 11% free 10505K/11719K, paused 2ms+3ms
07-05 12:49:52.332   545   548 D dalvikvm: GC_CONCURRENT freed 415K, 11% free 10485K/11719K, paused 2ms+3ms
07-05 12:49:52.441   545 24610 I DownloadManager: Initiating request for download 2901
07-05 12:49:52.531   545   548 D dalvikvm: GC_CONCURRENT freed 229K, 9% free 10687K/11719K, paused 2ms+2ms
07-05 12:49:52.644   545   548 D dalvikvm: GC_CONCURRENT freed 341K, 7% free 10940K/11719K, paused 2ms+3ms
07-05 12:49:52.836   545   548 D dalvikvm: GC_CONCURRENT freed 952K, 11% free 10513K/11719K, paused 2ms+2ms
07-05 12:49:52.890  1370 24612 E DictionaryProvider:UpdateHandler: Can't read a file : android.util.MalformedJsonException: Use JsonReader.setLenient(true) to accept malformed JSON at line 1 column 20
07-05 12:49:52.910   545 24614 I DownloadManager: in removeSpuriousFiles
07-05 12:49:53.000   545   548 D dalvikvm: GC_CONCURRENT freed 292K, 9% free 10732K/11719K, paused 2ms+3ms
07-05 12:49:53.043   545 24614 I DownloadManager: in removeSpuriousFiles, preserving file /data/data/com.android.providers.downloads/cache/metadata-285.htm
07-05 12:49:53.043   545 24614 I DownloadManager: in removeSpuriousFiles, preserving file /data/data/com.android.providers.downloads/cache/metadata-305.htm
07-05 12:49:53.043   545 24614 I DownloadManager: in removeSpuriousFiles, preserving file /data/data/com.android.providers.downloads/cache/metadata-343.htm
07-05 12:49:53.043   545 24614 I DownloadManager: in removeSpuriousFiles, preserving file /data/data/com.android.providers.downloads/cache/metadata-246.htm
07-05 12:49:53.043   545 24614 I DownloadManager: in removeSpuriousFiles, preserving file /data/data/com.android.providers.downloads/cache/metadata-166.htm
07-05 12:49:53.043   545 24614 I DownloadManager: in removeSpuriousFiles, preserving file /data/data/com.android.providers.downloads/cache/metadata-103.htm
07-05 12:49:53.043   545 24614 I DownloadManager: in removeSpuriousFiles, preserving file /data/data/com.android.providers.downloads/cache/metadata-63.htm
07-05 12:49:53.043   545 24614 I DownloadManager: in removeSpuriousFiles, preserving file /data/data/com.android.providers.downloads/cache/metadata-1937.htm
07-05 12:49:53.043   545 24614 I DownloadManager: in removeSpuriousFiles, preserving file /data/data/com.android.providers.downloads/cache/metadata-65.htm
07-05 12:49:53.043   545 24614 I DownloadManager: in removeSpuriousFiles, preserving file /data/data/com.android.providers.downloads/cache/metadata-97.htm
07-05 12:49:53.043   545 24614 I DownloadManager: in removeSpuriousFiles, preserving file /data/data/com.android.providers.downloads/cache/metadata-234.htm
07-05 12:49:53.047   545 24614 I DownloadManager: in removeSpuriousFiles, preserving file /data/data/com.android.providers.downloads/cache/metadata-389.htm
07-05 12:49:53.047   545 24614 I DownloadManager: in removeSpuriousFiles, preserving file /data/data/com.android.providers.downloads/cache/metadata-520.htm
07-05 12:49:53.047   545 24614 I DownloadManager: in removeSpuriousFiles, preserving file /data/data/com.android.providers.downloads/cache/metadata-396.htm
07-05 12:49:53.047   545 24614 I DownloadManager: in removeSpuriousFiles, preserving file /data/data/com.android.providers.downloads/cache/metadata-1098.htm
07-05 12:49:53.047   545 24614 I DownloadManager: in removeSpuriousFiles, preserving file /data/data/com.android.providers.downloads/cache/metadata-310.htm
07-05 12:49:53.047   545 24614 I DownloadManager: in removeSpuriousFiles, preserving file /data/data/com.android.providers.downloads/cache/metadata-242.htm
07-05 12:49:53.047   545 24614 I DownloadManager: in removeSpuriousFiles, preserving file /data/data/com.android.providers.downloads/cache/metadata-66.htm
07-05 12:49:53.062   545 24614 I DownloadManager: in removeSpuriousFiles, preserving file /data/data/com.android.providers.downloads/cache/metadata-283.htm
07-05 12:49:53.062   545 24614 I DownloadManager: in removeSpuriousFiles, preserving file /data/data/com.android.providers.downloads/cache/metadata-380.htm
07-05 12:49:53.062   545 24614 I DownloadManager: in removeSpuriousFiles, preserving file /data/data/com.android.providers.downloads/cache/metadata-165.htm
07-05 12:49:53.062   545 24614 I DownloadManager: in removeSpuriousFiles, preserving file /data/data/com.android.providers.downloads/cache/metadata-144.htm
07-05 12:49:53.062   545 24614 I DownloadManager: in removeSpuriousFiles, preserving file /data/data/com.android.providers.downloads/cache/metadata-275.htm
07-05 12:49:53.062   545 24614 I DownloadManager: in removeSpuriousFiles, preserving file /data/data/com.android.providers.downloads/cache/metadata-93.htm
07-05 12:49:53.062   545 24614 I DownloadManager: in removeSpuriousFiles, preserving file /data/data/com.android.providers.downloads/cache/metadata-335.htm
07-05 12:49:53.062   545 24614 I DownloadManager: in removeSpuriousFiles, preserving file /data/data/com.android.providers.downloads/cache/metadata-2126.htm
07-05 12:49:53.062   545 24614 I DownloadManager: in removeSpuriousFiles, preserving file /data/data/com.android.providers.downloads/cache/metadata-476.htm
07-05 12:49:53.062   545 24614 I DownloadManager: in removeSpuriousFiles, preserving file /data/data/com.android.providers.downloads/cache/metadata-279.htm
07-05 12:49:53.062   545 24614 I DownloadManager: in removeSpuriousFiles, preserving file /data/data/com.android.providers.downloads/cache/metadata-461.htm
07-05 12:49:53.062   545 24614 I DownloadManager: in removeSpuriousFiles, preserving file /data/data/com.android.providers.downloads/cache/metadata-357.htm
07-05 12:49:53.062   545 24614 I DownloadManager: in removeSpuriousFiles, preserving file /data/data/com.android.providers.downloads/cache/metadata-452.htm
07-05 12:49:53.062   545 24614 I DownloadManager: in removeSpuriousFiles, preserving file /data/data/com.android.providers.downloads/cache/metadata-1356.htm
07-05 12:49:53.062   545 24614 I DownloadManager: in removeSpuriousFiles, preserving file /data/data/com.android.providers.downloads/cache/metadata-1227.htm
07-05 12:49:53.062   545 24614 I DownloadManager: in removeSpuriousFiles, preserving file /data/data/com.android.providers.downloads/cache/metadata-465.htm
07-05 12:49:53.062   545 24614 I DownloadManager: in removeSpuriousFiles, preserving file /data/data/com.android.providers.downloads/cache/metadata-251.htm
07-05 12:49:53.062   545 24614 I DownloadManager: in removeSpuriousFiles, preserving file /data/data/com.android.providers.downloads/cache/metadata-253.htm
07-05 12:49:53.062   545 24614 I DownloadManager: in removeSpuriousFiles, preserving file /data/data/com.android.providers.downloads/cache/metadata-338.htm
07-05 12:49:53.062   545 24614 I DownloadManager: in removeSpuriousFiles, preserving file /data/data/com.android.providers.downloads/cache/metadata-1037.htm
07-05 12:49:53.070   545 24614 I DownloadManager: in removeSpuriousFiles, preserving file /data/data/com.android.providers.downloads/cache/metadata-84.htm
07-05 12:49:53.070   545 24614 I DownloadManager: in removeSpuriousFiles, preserving file /data/data/com.android.providers.downloads/cache/metadata-568.htm
07-05 12:49:53.074   545 24614 I DownloadManager: in removeSpuriousFiles, preserving file /data/data/com.android.providers.downloads/cache/metadata-501.htm
07-05 12:49:53.074   545 24614 I DownloadManager: in removeSpuriousFiles, preserving file /data/data/com.android.providers.downloads/cache/metadata-329.htm
07-05 12:49:53.074   545 24614 I DownloadManager: in removeSpuriousFiles, preserving file /data/data/com.android.providers.downloads/cache/metadata-1915.htm
07-05 12:49:53.078   545 24614 I DownloadManager: in removeSpuriousFiles, preserving file /data/data/com.android.providers.downloads/cache/metadata-431.htm
07-05 12:49:53.078   545 24614 I DownloadManager: in removeSpuriousFiles, preserving file /data/data/com.android.providers.downloads/cache/metadata-269.htm
07-05 12:49:53.078   545 24614 I DownloadManager: in removeSpuriousFiles, preserving file /data/data/com.android.providers.downloads/cache/metadata-1706.htm
07-05 12:49:53.078   545 24614 I DownloadManager: in removeSpuriousFiles, preserving file /data/data/com.android.providers.downloads/cache/metadata-1728.htm
07-05 12:49:53.078   545 24614 I DownloadManager: in removeSpuriousFiles, preserving file /data/data/com.android.providers.downloads/cache/metadata-1468.htm
07-05 12:49:53.078   545 24614 I DownloadManager: in removeSpuriousFiles, preserving file /data/data/com.android.providers.downloads/cache/metadata-256.htm
07-05 12:49:53.078   545 24614 I DownloadManager: in removeSpuriousFiles, preserving file /data/data/com.android.providers.downloads/cache/metadata-675.htm
07-05 12:49:53.078   545 24614 I DownloadManager: in removeSpuriousFiles, preserving file /data/data/com.android.providers.downloads/cache/metadata-298.htm
07-05 12:49:53.078   545 24614 I DownloadManager: in removeSpuriousFiles, preserving file /data/data/com.android.providers.downloads/cache/metadata-199.htm
07-05 12:49:53.078   545 24614 I DownloadManager: in removeSpuriousFiles, preserving file /data/data/com.android.providers.downloads/cache/metadata-265.htm
07-05 12:49:53.078   545 24614 I DownloadManager: in removeSpuriousFiles, preserving file /data/data/com.android.providers.downloads/cache/metadata-281.htm
07-05 12:49:53.078   545 24614 I DownloadManager: in removeSpuriousFiles, preserving file /data/data/com.android.providers.downloads/cache/metadata-544.htm
07-05 12:49:53.086   545 24614 I DownloadManager: in removeSpuriousFiles, preserving file /data/data/com.android.providers.downloads/cache/metadata-341.htm
07-05 12:49:53.086   545 24614 I DownloadManager: in removeSpuriousFiles, preserving file /data/data/com.android.providers.downloads/cache/metadata-337.htm
07-05 12:49:53.086   545 24614 I DownloadManager: in removeSpuriousFiles, preserving file /data/data/com.android.providers.downloads/cache/metadata-270.htm
07-05 12:49:53.086   545 24614 I DownloadManager: in removeSpuriousFiles, preserving file /data/data/com.android.providers.downloads/cache/metadata-1283.htm
07-05 12:49:53.086   545 24614 I DownloadManager: in removeSpuriousFiles, preserving file /data/data/com.android.providers.downloads/cache/metadata-1502.htm
07-05 12:49:53.086   545 24614 I DownloadManager: in removeSpuriousFiles, preserving file /data/data/com.android.providers.downloads/cache/metadata-411.htm
07-05 12:49:53.086   545 24614 I DownloadManager: in removeSpuriousFiles, preserving file /data/data/com.android.providers.downloads/cache/metadata-472.htm
07-05 12:49:53.086   545 24614 I DownloadManager: in removeSpuriousFiles, preserving file /data/data/com.android.providers.downloads/cache/metadata-494.htm
07-05 12:49:53.086   545 24614 I DownloadManager: in removeSpuriousFiles, preserving file /data/data/com.android.providers.downloads/cache/metadata-408.htm
07-05 12:49:53.086   545 24614 I DownloadManager: in removeSpuriousFiles, preserving file /data/data/com.android.providers.downloads/cache/metadata-1939.htm
07-05 12:49:53.086   545 24614 I DownloadManager: in removeSpuriousFiles, preserving file /data/data/com.android.providers.downloads/cache/metadata-1082.htm
07-05 12:49:53.090   545 24614 I DownloadManager: in removeSpuriousFiles, preserving file /data/data/com.android.providers.downloads/cache/metadata-375.htm
07-05 12:49:53.090   545 24614 I DownloadManager: in removeSpuriousFiles, preserving file /data/data/com.android.providers.downloads/cache/metadata-390.htm
07-05 12:49:53.090   545 24614 I DownloadManager: in removeSpuriousFiles, preserving file /data/data/com.android.providers.downloads/cache/metadata-419.htm
07-05 12:49:53.093   545 24614 I DownloadManager: in removeSpuriousFiles, preserving file /data/data/com.android.providers.downloads/cache/metadata-415.htm
07-05 12:49:53.093   545 24614 I DownloadManager: in removeSpuriousFiles, preserving file /data/data/com.android.providers.downloads/cache/metadata-1007.htm
07-05 12:49:53.093   545 24614 I DownloadManager: in removeSpuriousFiles, preserving file /data/data/com.android.providers.downloads/cache/metadata-485.htm
07-05 12:49:53.093   545 24614 I DownloadManager: in removeSpuriousFiles, preserving file /data/data/com.android.providers.downloads/cache/metadata-469.htm
07-05 12:49:53.093   545 24614 I DownloadManager: in removeSpuriousFiles, preserving file /data/data/com.android.providers.downloads/cache/metadata-382.htm
07-05 12:49:53.093   545 24614 I DownloadManager: in removeSpuriousFiles, preserving file /data/data/com.android.providers.downloads/cache/metadata-462.htm
07-05 12:49:53.093   545 24614 I DownloadManager: in removeSpuriousFiles, preserving file /data/data/com.android.providers.downloads/cache/metadata-421.htm
07-05 12:49:53.093   545 24614 I DownloadManager: in removeSpuriousFiles, preserving file /data/data/com.android.providers.downloads/cache/metadata-971.htm
07-05 12:49:53.093   545 24614 I DownloadManager: in removeSpuriousFiles, preserving file /data/data/com.android.providers.downloads/cache/metadata-507.htm
07-05 12:49:53.093   545 24614 I DownloadManager: in removeSpuriousFiles, preserving file /data/data/com.android.providers.downloads/cache/metadata-250.htm
07-05 12:49:53.101   545 24614 I DownloadManager: in removeSpuriousFiles, preserving file /data/data/com.android.providers.downloads/cache/metadata-399.htm
07-05 12:49:53.101   545 24614 I DownloadManager: in removeSpuriousFiles, preserving file /data/data/com.android.providers.downloads/cache/metadata-186.htm
07-05 12:49:53.101   545 24614 I DownloadManager: in removeSpuriousFiles, preserving file /data/data/com.android.providers.downloads/cache/metadata-488.htm
07-05 12:49:53.101   545 24614 I DownloadManager: in removeSpuriousFiles, preserving file /data/data/com.android.providers.downloads/cache/metadata-1156.htm
07-05 12:49:53.101   545 24614 I DownloadManager: in removeSpuriousFiles, preserving file /data/data/com.android.providers.downloads/cache/metadata-1146.htm
07-05 12:49:53.101   545 24614 I DownloadManager: in removeSpuriousFiles, preserving file /data/data/com.android.providers.downloads/cache/metadata-1106.htm
07-05 12:49:53.101   545 24614 I DownloadManager: in removeSpuriousFiles, preserving file /data/data/com.android.providers.downloads/cache/metadata-367.htm
07-05 12:49:53.101   545 24614 I DownloadManager: in removeSpuriousFiles, preserving file /data/data/com.android.providers.downloads/cache/metadata-463.htm
07-05 12:49:53.101   545 24614 I DownloadManager: in removeSpuriousFiles, preserving file /data/data/com.android.providers.downloads/cache/metadata-316.htm
07-05 12:49:53.101   545 24614 I DownloadManager: in removeSpuriousFiles, preserving file /data/data/com.android.providers.downloads/cache/metadata-518.htm
07-05 12:49:53.101   545 24614 I DownloadManager: in removeSpuriousFiles, preserving file /data/data/com.android.providers.downloads/cache/metadata-2105.htm
07-05 12:49:53.105   545 24614 I DownloadManager: in removeSpuriousFiles, preserving file /data/data/com.android.providers.downloads/cache/metadata-322.htm
07-05 12:49:53.105   545 24614 I DownloadManager: in removeSpuriousFiles, preserving file /data/data/com.android.providers.downloads/cache/metadata-1042.htm
07-05 12:49:53.105   545 24614 I DownloadManager: in removeSpuriousFiles, preserving file /data/data/com.android.providers.downloads/cache/metadata-1876.htm
07-05 12:49:53.117   545 24614 I DownloadManager: in removeSpuriousFiles, preserving file /data/data/com.android.providers.downloads/cache/metadata-680.htm
07-05 12:49:53.117   545 24614 I DownloadManager: in removeSpuriousFiles, preserving file /data/data/com.android.providers.downloads/cache/metadata-2057.htm
07-05 12:49:53.121   545 24614 I DownloadManager: in removeSpuriousFiles, preserving file /data/data/com.android.providers.downloads/cache/metadata-724.htm
07-05 12:49:53.121   545 24614 I DownloadManager: in removeSpuriousFiles, preserving file /data/data/com.android.providers.downloads/cache/metadata-790.htm
07-05 12:49:53.121   545 24614 I DownloadManager: in removeSpuriousFiles, preserving file /data/data/com.android.providers.downloads/cache/metadata-1030.htm
07-05 12:49:53.121   545 24614 I DownloadManager: in removeSpuriousFiles, preserving file /data/data/com.android.providers.downloads/cache/metadata-426.htm
07-05 12:49:53.121   545 24614 I DownloadManager: in removeSpuriousFiles, preserving file /data/data/com.android.providers.downloads/cache/metadata-1345.htm
07-05 12:49:53.121   545 24614 I DownloadManager: in removeSpuriousFiles, preserving file /data/data/com.android.providers.downloads/cache/metadata-1396.htm
07-05 12:49:53.121   545 24614 I DownloadManager: in removeSpuriousFiles, preserving file /data/data/com.android.providers.downloads/cache/metadata-403.htm
07-05 12:49:53.121   545 24614 I DownloadManager: in removeSpuriousFiles, preserving file /data/data/com.android.providers.downloads/cache/metadata-359.htm
07-05 12:49:53.125   545   548 D dalvikvm: GC_CONCURRENT freed 469K, 8% free 10782K/11719K, paused 2ms+3ms
07-05 12:49:53.129   545 24614 I DownloadManager: in removeSpuriousFiles, preserving file /data/data/com.android.providers.downloads/cache/metadata-917.htm
07-05 12:49:53.133   545 24614 I DownloadManager: in removeSpuriousFiles, preserving file /data/data/com.android.providers.downloads/cache/metadata-854.htm
07-05 12:49:53.133   545 24614 I DownloadManager: in removeSpuriousFiles, preserving file /data/data/com.android.providers.downloads/cache/metadata-748.htm
07-05 12:49:53.140   545 24614 I DownloadManager: in removeSpuriousFiles, preserving file /data/data/com.android.providers.downloads/cache/metadata-1269.htm
07-05 12:49:53.144   545 24614 I DownloadManager: in removeSpuriousFiles, preserving file /data/data/com.android.providers.downloads/cache/metadata-682.htm
07-05 12:49:53.144   545 24614 I DownloadManager: in removeSpuriousFiles, preserving file /data/data/com.android.providers.downloads/cache/metadata-1845.htm
07-05 12:49:53.144   545 24614 I DownloadManager: in removeSpuriousFiles, preserving file /data/data/com.android.providers.downloads/cache/metadata-2522.htm
07-05 12:49:53.144   545 24614 I DownloadManager: in removeSpuriousFiles, preserving file /data/data/com.android.providers.downloads/cache/metadata-1375.htm
07-05 12:49:53.144   545 24614 I DownloadManager: in removeSpuriousFiles, preserving file /data/data/com.android.providers.downloads/cache/metadata-405.htm
07-05 12:49:53.144   545 24614 I DownloadManager: in removeSpuriousFiles, preserving file /data/data/com.android.providers.downloads/cache/metadata-407.htm
07-05 12:49:53.144   545 24614 I DownloadManager: in removeSpuriousFiles, preserving file /data/data/com.android.providers.downloads/cache/metadata-204.htm
07-05 12:49:53.144   545 24614 I DownloadManager: in removeSpuriousFiles, preserving file /data/data/com.android.providers.downloads/cache/metadata-30.htm
07-05 12:49:53.144   545 24614 I DownloadManager: in removeSpuriousFiles, preserving file /data/data/com.android.providers.downloads/cache/metadata-50.htm
07-05 12:49:53.144   545 24614 I DownloadManager: in removeSpuriousFiles, preserving file /data/data/com.android.providers.downloads/cache/metadata-110.htm
07-05 12:49:53.144   545 24614 I DownloadManager: in removeSpuriousFiles, preserving file /data/data/com.android.providers.downloads/cache/metadata-554.htm
07-05 12:49:53.144   545 24614 I DownloadManager: in removeSpuriousFiles, preserving file /data/data/com.android.providers.downloads/cache/metadata-235.htm
07-05 12:49:53.148   545 24614 I DownloadManager: in removeSpuriousFiles, preserving file /data/data/com.android.providers.downloads/cache/metadata-130.htm
07-05 12:49:53.148   545 24614 I DownloadManager: in removeSpuriousFiles, preserving file /data/data/com.android.providers.downloads/cache/metadata-521.htm
07-05 12:49:53.148   545 24614 I DownloadManager: in removeSpuriousFiles, preserving file /data/data/com.android.providers.downloads/cache/metadata-328.htm
07-05 12:49:53.148   545 24614 I DownloadManager: in removeSpuriousFiles, preserving file /data/data/com.android.providers.downloads/cache/metadata-74.htm
07-05 12:49:53.148   545 24614 I DownloadManager: in removeSpuriousFiles, preserving file /data/data/com.android.providers.downloads/cache/metadata-171.htm
07-05 12:49:53.148   545 24614 I DownloadManager: in removeSpuriousFiles, preserving file /data/data/com.android.providers.downloads/cache/metadata-400.htm
07-05 12:49:53.148   545 24614 I DownloadManager: in removeSpuriousFiles, preserving file /data/data/com.android.providers.downloads/cache/metadata-247.htm
07-05 12:49:53.148   545 24614 I DownloadManager: in removeSpuriousFiles, preserving file /data/data/com.android.providers.downloads/cache/metadata-304.htm
07-05 12:49:53.148   545 24614 I DownloadManager: in removeSpuriousFiles, preserving file /data/data/com.android.providers.downloads/cache/metadata-432.htm
07-05 12:49:53.148   545 24614 I DownloadManager: in removeSpuriousFiles, preserving file /data/data/com.android.providers.downloads/cache/metadata-822.htm
07-05 12:49:53.148   545 24614 I DownloadManager: in removeSpuriousFiles, preserving file /data/data/com.android.providers.downloads/cache/metadata-1310.htm
07-05 12:49:53.148   545 24614 I DownloadManager: in removeSpuriousFiles, preserving file /data/data/com.android.providers.downloads/cache/metadata-244.htm
07-05 12:49:53.148   545 24614 I DownloadManager: in removeSpuriousFiles, preserving file /data/data/com.android.providers.downloads/cache/metadata-189.htm
07-05 12:49:53.152   545 24614 I DownloadManager: in removeSpuriousFiles, preserving file /data/data/com.android.providers.downloads/cache/metadata-264.htm
07-05 12:49:53.152   545 24614 I DownloadManager: in removeSpuriousFiles, preserving file /data/data/com.android.providers.downloads/cache/metadata-87.htm
07-05 12:49:53.152   545 24614 I DownloadManager: in removeSpuriousFiles, preserving file /data/data/com.android.providers.downloads/cache/metadata-519.htm
07-05 12:49:53.152   545 24614 I DownloadManager: in removeSpuriousFiles, preserving file /data/data/com.android.providers.downloads/cache/metadata-1636.htm
07-05 12:49:53.152   545 24614 I DownloadManager: in removeSpuriousFiles, preserving file /data/data/com.android.providers.downloads/cache/metadata-1654.htm
07-05 12:49:53.152   545 24614 I DownloadManager: in removeSpuriousFiles, preserving file /data/data/com.android.providers.downloads/cache/metadata-347.htm
07-05 12:49:53.152   545 24614 I DownloadManager: in removeSpuriousFiles, preserving file /data/data/com.android.providers.downloads/cache/metadata-564.htm
07-05 12:49:53.152   545 24614 I DownloadManager: in removeSpuriousFiles, preserving file /data/data/com.android.providers.downloads/cache/metadata-173.htm
07-05 12:49:53.152   545 24614 I DownloadManager: in removeSpuriousFiles, preserving file /data/data/com.android.providers.downloads/cache/metadata-271.htm
07-05 12:49:53.152   545 24614 I DownloadManager: in removeSpuriousFiles, preserving file /data/data/com.android.providers.downloads/cache/metadata-263.htm
07-05 12:49:53.152   545 24614 I DownloadManager: in removeSpuriousFiles, preserving file /data/data/com.android.providers.downloads/cache/metadata-491.htm
07-05 12:49:53.152   545 24614 I DownloadManager: in removeSpuriousFiles, preserving file /data/data/com.android.providers.downloads/cache/metadata-152.htm
07-05 12:49:53.152   545 24614 I DownloadManager: in removeSpuriousFiles, preserving file /data/data/com.android.providers.downloads/cache/metadata-361.htm
07-05 12:49:53.152   545 24614 I DownloadManager: in removeSpuriousFiles, preserving file /data/data/com.android.providers.downloads/cache/metadata-492.htm
07-05 12:49:53.152   545 24614 I DownloadManager: in removeSpuriousFiles, preserving file /data/data/com.android.providers.downloads/cache/metadata-1018.htm
07-05 12:49:53.156   545 24614 I DownloadManager: in removeSpuriousFiles, preserving file /data/data/com.android.providers.downloads/cache/metadata-2332.htm
07-05 12:49:53.156   545 24614 I DownloadManager: in removeSpuriousFiles, preserving file /data/data/com.android.providers.downloads/cache/metadata-272.htm
07-05 12:49:53.156   545 24614 I DownloadManager: in removeSpuriousFiles, preserving file /data/data/com.android.providers.downloads/cache/metadata-307.htm
07-05 12:49:53.156   545 24614 I DownloadManager: in removeSpuriousFiles, preserving file /data/data/com.android.providers.downloads/cache/metadata-2366.htm
07-05 12:49:53.156   545 24614 I DownloadManager: in removeSpuriousFiles, preserving file /data/data/com.android.providers.downloads/cache/metadata-483.htm
07-05 12:49:53.156   545 24614 I DownloadManager: in removeSpuriousFiles, preserving file /data/data/com.android.providers.downloads/cache/metadata-508.htm
07-05 12:49:53.156   545 24614 I DownloadManager: in removeSpuriousFiles, preserving file /data/data/com.android.providers.downloads/cache/metadata-1729.htm
07-05 12:49:53.156   545 24614 I DownloadManager: in removeSpuriousFiles, preserving file /data/data/com.android.providers.downloads/cache/metadata-1863.htm
07-05 12:49:53.156   545 24614 I DownloadManager: in removeSpuriousFiles, preserving file /data/data/com.android.providers.downloads/cache/metadata-844.htm
07-05 12:49:53.156   545 24614 I DownloadManager: in removeSpuriousFiles, preserving file /data/data/com.android.providers.downloads/cache/metadata-1574.htm
07-05 12:49:53.156   545 24614 I DownloadManager: in removeSpuriousFiles, preserving file /data/data/com.android.providers.downloads/cache/metadata-449.htm
07-05 12:49:53.156   545 24614 I DownloadManager: in removeSpuriousFiles, preserving file /data/data/com.android.providers.downloads/cache/metadata-106.htm
07-05 12:49:53.156   545 24614 I DownloadManager: in removeSpuriousFiles, preserving file /data/data/com.android.providers.downloads/cache/metadata-2067.htm
07-05 12:49:53.156   545 24614 I DownloadManager: in removeSpuriousFiles, preserving file /data/data/com.android.providers.downloads/cache/metadata-468.htm
07-05 12:49:53.160   545 24614 I DownloadManager: in removeSpuriousFiles, preserving file /data/data/com.android.providers.downloads/cache/metadata-373.htm
07-05 12:49:53.160   545 24614 I DownloadManager: in removeSpuriousFiles, preserving file /data/data/com.android.providers.downloads/cache/metadata-540.htm
07-05 12:49:53.160   545 24614 I DownloadManager: in removeSpuriousFiles, preserving file /data/data/com.android.providers.downloads/cache/metadata-162.htm
07-05 12:49:53.160   545 24614 I DownloadManager: in removeSpuriousFiles, preserving file /data/data/com.android.providers.downloads/cache/metadata-440.htm
07-05 12:49:53.160   545 24614 I DownloadManager: in removeSpuriousFiles, preserving file /data/data/com.android.providers.downloads/cache/metadata-600.htm
07-05 12:49:53.160   545 24614 I DownloadManager: in removeSpuriousFiles, preserving file /data/data/com.android.providers.downloads/cache/metadata-330.htm
07-05 12:49:53.160   545 24614 I DownloadManager: in removeSpuriousFiles, preserving file /data/data/com.android.providers.downloads/cache/metadata-1202.htm
07-05 12:49:53.160   545 24614 I DownloadManager: in removeSpuriousFiles, preserving file /data/data/com.android.providers.downloads/cache/metadata-401.htm
07-05 12:49:53.160   545 24614 I DownloadManager: in removeSpuriousFiles, preserving file /data/data/com.android.providers.downloads/cache/metadata-363.htm
07-05 12:49:53.160   545 24614 I DownloadManager: in removeSpuriousFiles, preserving file /data/data/com.android.providers.downloads/cache/metadata-560.htm
07-05 12:49:53.160   545 24614 I DownloadManager: in removeSpuriousFiles, preserving file /data/data/com.android.providers.downloads/cache/metadata-313.htm
07-05 12:49:53.160   545 24614 I DownloadManager: in removeSpuriousFiles, preserving file /data/data/com.android.providers.downloads/cache/metadata-238.htm
07-05 12:49:53.160   545 24614 I DownloadManager: in removeSpuriousFiles, preserving file /data/data/com.android.providers.downloads/cache/metadata-370.htm
07-05 12:49:53.164   545 24614 I DownloadManager: in removeSpuriousFiles, preserving file /data/data/com.android.providers.downloads/cache/metadata-535.htm
07-05 12:49:53.164   545 24614 I DownloadManager: in removeSpuriousFiles, preserving file /data/data/com.android.providers.downloads/cache/metadata-478.htm
07-05 12:49:53.164   545 24614 I DownloadManager: in removeSpuriousFiles, preserving file /data/data/com.android.providers.downloads/cache/metadata-993.htm
07-05 12:49:53.164   545 24614 I DownloadManager: in removeSpuriousFiles, preserving file /data/data/com.android.providers.downloads/cache/metadata-487.htm
07-05 12:49:53.164   545 24614 I DownloadManager: in removeSpuriousFiles, preserving file /data/data/com.android.providers.downloads/cache/metadata-425.htm
07-05 12:49:53.164   545 24614 I DownloadManager: in removeSpuriousFiles, preserving file /data/data/com.android.providers.downloads/cache/metadata-592.htm
07-05 12:49:53.164   545 24614 I DownloadManager: in removeSpuriousFiles, preserving file /data/data/com.android.providers.downloads/cache/metadata-558.htm
07-05 12:49:53.164   545 24614 I DownloadManager: in removeSpuriousFiles, preserving file /data/data/com.android.providers.downloads/cache/metadata-484.htm
07-05 12:49:53.164   545 24614 I DownloadManager: in removeSpuriousFiles, preserving file /data/data/com.android.providers.downloads/cache/metadata-526.htm
07-05 12:49:53.164   545 24614 I DownloadManager: in removeSpuriousFiles, preserving file /data/data/com.android.providers.downloads/cache/metadata-346.htm
07-05 12:49:53.164   545 24614 I DownloadManager: in removeSpuriousFiles, preserving file /data/data/com.android.providers.downloads/cache/metadata-1570.htm
07-05 12:49:53.164   545 24614 I DownloadManager: in removeSpuriousFiles, preserving file /data/data/com.android.providers.downloads/cache/metadata-1096.htm
07-05 12:49:53.168   545 24614 I DownloadManager: in removeSpuriousFiles, preserving file /data/data/com.android.providers.downloads/cache/metadata-1432.htm
07-05 12:49:53.168   545 24614 I DownloadManager: in removeSpuriousFiles, preserving file /data/data/com.android.providers.downloads/cache/metadata-1151.htm
07-05 12:49:53.168   545 24614 I DownloadManager: in removeSpuriousFiles, preserving file /data/data/com.android.providers.downloads/cache/metadata-1044.htm
07-05 12:49:53.168   545 24614 I DownloadManager: in removeSpuriousFiles, preserving file /data/data/com.android.providers.downloads/cache/metadata-537.htm
07-05 12:49:53.168   545 24614 I DownloadManager: in removeSpuriousFiles, preserving file /data/data/com.android.providers.downloads/cache/metadata-1534.htm
07-05 12:49:53.168   545 24614 I DownloadManager: in removeSpuriousFiles, preserving file /data/data/com.android.providers.downloads/cache/metadata-456.htm
07-05 12:49:53.168   545 24614 I DownloadManager: in removeSpuriousFiles, preserving file /data/data/com.android.providers.downloads/cache/metadata-451.htm
07-05 12:49:53.168   545 24614 I DownloadManager: in removeSpuriousFiles, preserving file /data/data/com.android.providers.downloads/cache/metadata-1217.htm
07-05 12:49:53.168   545 24614 I DownloadManager: in removeSpuriousFiles, preserving file /data/data/com.android.providers.downloads/cache/metadata-1118.htm
07-05 12:49:53.168   545 24614 I DownloadManager: in removeSpuriousFiles, preserving file /data/data/com.android.providers.downloads/cache/metadata-311.htm
07-05 12:49:53.168   545 24614 I DownloadManager: in removeSpuriousFiles, preserving file /data/data/com.android.providers.downloads/cache/metadata-841.htm
07-05 12:49:53.168   545 24614 I DownloadManager: in removeSpuriousFiles, preserving file /data/data/com.android.providers.downloads/cache/metadata-1752.htm
07-05 12:49:53.168   545 24614 I DownloadManager: in removeSpuriousFiles, preserving file /data/data/com.android.providers.downloads/cache/metadata-498.htm
07-05 12:49:53.172   545 24614 I DownloadManager: in removeSpuriousFiles, preserving file /data/data/com.android.providers.downloads/cache/metadata-391.htm
07-05 12:49:53.172   545 24614 I DownloadManager: in removeSpuriousFiles, preserving file /data/data/com.android.providers.downloads/cache/metadata-1970.htm
07-05 12:49:53.172   545 24614 I DownloadManager: in removeSpuriousFiles, preserving file /data/data/com.android.providers.downloads/cache/metadata-1071.htm
07-05 12:49:53.172   545 24614 I DownloadManager: in removeSpuriousFiles, preserving file /data/data/com.android.providers.downloads/cache/metadata-576.htm
07-05 12:49:53.172   545 24614 I DownloadManager: in removeSpuriousFiles, preserving file /data/data/com.android.providers.downloads/cache/metadata-493.htm
07-05 12:49:53.172   545 24614 I DownloadManager: in removeSpuriousFiles, preserving file /data/data/com.android.providers.downloads/cache/metadata-963.htm
07-05 12:49:53.172   545 24614 I DownloadManager: in removeSpuriousFiles, preserving file /data/data/com.android.providers.downloads/cache/metadata-482.htm
07-05 12:49:53.172   545 24614 I DownloadManager: in removeSpuriousFiles, preserving file /data/data/com.android.providers.downloads/cache/metadata-2000.htm
07-05 12:49:53.172   545 24614 I DownloadManager: in removeSpuriousFiles, preserving file /data/data/com.android.providers.downloads/cache/metadata-2056.htm
07-05 12:49:53.172   545 24614 I DownloadManager: in removeSpuriousFiles, preserving file /data/data/com.android.providers.downloads/cache/metadata-438.htm
07-05 12:49:53.172   545 24614 I DownloadManager: in removeSpuriousFiles, preserving file /data/data/com.android.providers.downloads/cache/metadata-1591.htm
07-05 12:49:53.172   545 24614 I DownloadManager: in removeSpuriousFiles, preserving file /data/data/com.android.providers.downloads/cache/metadata-2483.htm
07-05 12:49:53.175   545 24614 I DownloadManager: in removeSpuriousFiles, preserving file /data/data/com.android.providers.downloads/cache/metadata-1374.htm
07-05 12:49:53.175   545 24614 I DownloadManager: in removeSpuriousFiles, preserving file /data/data/com.android.providers.downloads/cache/metadata-455.htm
07-05 12:49:53.175   545 24614 I DownloadManager: in removeSpuriousFiles, preserving file /data/data/com.android.providers.downloads/cache/metadata-1989.htm
07-05 12:49:53.175   545 24614 I DownloadManager: in removeSpuriousFiles, preserving file /data/data/com.android.providers.downloads/cache/metadata-502.htm
07-05 12:49:53.175   545 24614 I DownloadManager: in removeSpuriousFiles, preserving file /data/data/com.android.providers.downloads/cache/metadata-752.htm
07-05 12:49:53.175   545 24614 I DownloadManager: in removeSpuriousFiles, preserving file /data/data/com.android.providers.downloads/cache/metadata-1072.htm
07-05 12:49:53.175   545 24614 I DownloadManager: in removeSpuriousFiles, preserving file /data/data/com.android.providers.downloads/cache/metadata-1017.htm
07-05 12:49:53.175   545 24614 I DownloadManager: in removeSpuriousFiles, preserving file /data/data/com.android.providers.downloads/cache/metadata-1277.htm
07-05 12:49:53.175   545 24614 I DownloadManager: in removeSpuriousFiles, preserving file /data/data/com.android.providers.downloads/cache/metadata-624.htm
07-05 12:49:53.175   545 24614 I DownloadManager: in removeSpuriousFiles, preserving file /data/data/com.android.providers.downloads/cache/metadata-2267.htm
07-05 12:49:53.175   545 24614 I DownloadManager: in removeSpuriousFiles, preserving file /data/data/com.android.providers.downloads/cache/metadata-599.htm
07-05 12:49:53.179   545 24614 I DownloadManager: in removeSpuriousFiles, preserving file /data/data/com.android.providers.downloads/cache/metadata-813.htm
07-05 12:49:53.179   545 24614 I DownloadManager: in removeSpuriousFiles, preserving file /data/data/com.android.providers.downloads/cache/metadata-340.htm
07-05 12:49:53.179   545 24614 I DownloadManager: in removeSpuriousFiles, preserving file /data/data/com.android.providers.downloads/cache/metadata-555.htm
07-05 12:49:53.179   545 24614 I DownloadManager: in removeSpuriousFiles, preserving file /data/data/com.android.providers.downloads/cache/metadata-1307.htm
07-05 12:49:53.179   545 24614 I DownloadManager: in removeSpuriousFiles, preserving file /data/data/com.android.providers.downloads/cache/metadata-811.htm
07-05 12:49:53.179   545 24614 I DownloadManager: in removeSpuriousFiles, preserving file /data/data/com.android.providers.downloads/cache/metadata-2260.htm
07-05 12:49:53.183   545 24614 I DownloadManager: in removeSpuriousFiles, preserving file /data/data/com.android.providers.downloads/cache/metadata-806.htm
07-05 12:49:53.183   545 24614 I DownloadManager: in removeSpuriousFiles, preserving file /data/data/com.android.providers.downloads/cache/metadata-516.htm
07-05 12:49:53.183   545 24614 I DownloadManager: in removeSpuriousFiles, preserving file /data/data/com.android.providers.downloads/cache/metadata-1464.htm
07-05 12:49:53.183   545 24614 I DownloadManager: in removeSpuriousFiles, preserving file /data/data/com.android.providers.downloads/cache/metadata-2349.htm
07-05 12:49:53.183   545 24614 I DownloadManager: in removeSpuriousFiles, preserving file /data/data/com.android.providers.downloads/cache/metadata-200.htm
07-05 12:49:53.183   545 24614 I DownloadManager: in removeSpuriousFiles, preserving file /data/data/com.android.providers.downloads/cache/metadata-220.htm
07-05 12:49:53.183   545 24614 I DownloadManager: in removeSpuriousFiles, preserving file /data/data/com.android.providers.downloads/cache/metadata-1331.htm
07-05 12:49:53.183   545 24614 I DownloadManager: in removeSpuriousFiles, preserving file /data/data/com.android.providers.downloads/cache/metadata-268.htm
07-05 12:49:53.183   545 24614 I DownloadManager: in removeSpuriousFiles, preserving file /data/data/com.android.providers.downloads/cache/metadata-1463.htm
07-05 12:49:53.183   545 24614 I DownloadManager: in removeSpuriousFiles, preserving file /data/data/com.android.providers.downloads/cache/metadata-332.htm
07-05 12:49:53.187   545 24614 I DownloadManager: in removeSpuriousFiles, preserving file /data/data/com.android.providers.downloads/cache/metadata-350.htm
07-05 12:49:53.187   545 24614 I DownloadManager: in removeSpuriousFiles, preserving file /data/data/com.android.providers.downloads/cache/metadata-61.htm
07-05 12:49:53.187   545 24614 I DownloadManager: in removeSpuriousFiles, preserving file /data/data/com.android.providers.downloads/cache/metadata-318.htm
07-05 12:49:53.187   545 24614 I DownloadManager: in removeSpuriousFiles, preserving file /data/data/com.android.providers.downloads/cache/metadata-356.htm
07-05 12:49:53.187   545 24614 I DownloadManager: in removeSpuriousFiles, preserving file /data/data/com.android.providers.downloads/cache/metadata-33.htm
07-05 12:49:53.187   545 24614 I DownloadManager: in removeSpuriousFiles, preserving file /data/data/com.android.providers.downloads/cache/metadata-1420.htm
07-05 12:49:53.187   545 24614 I DownloadManager: in removeSpuriousFiles, preserving file /data/data/com.android.providers.downloads/cache/metadata-88.htm
07-05 12:49:53.187   545 24614 I DownloadManager: in removeSpuriousFiles, preserving file /data/data/com.android.providers.downloads/cache/metadata-441.htm
07-05 12:49:53.187   545 24614 I DownloadManager: in removeSpuriousFiles, preserving file /data/data/com.android.providers.downloads/cache/metadata-69.htm
07-05 12:49:53.187   545 24614 I DownloadManager: in removeSpuriousFiles, preserving file /data/data/com.android.providers.downloads/cache/metadata-308.htm
07-05 12:49:53.187   545 24614 I DownloadManager: in removeSpuriousFiles, preserving file /data/data/com.android.providers.downloads/cache/metadata-342.htm
07-05 12:49:53.187   545 24614 I DownloadManager: in removeSpuriousFiles, preserving file /data/data/com.android.providers.downloads/cache/metadata-514.htm
07-05 12:49:53.187   545 24614 I DownloadManager: in removeSpuriousFiles, preserving file /data/data/com.android.providers.downloads/cache/metadata-287.htm
07-05 12:49:53.187   545 24614 I DownloadManager: in removeSpuriousFiles, preserving file /data/data/com.android.providers.downloads/cache/metadata-131.htm
07-05 12:49:53.187   545 24614 I DownloadManager: in removeSpuriousFiles, preserving file /data/data/com.android.providers.downloads/cache/metadata-877.htm
07-05 12:49:53.191   545 24614 I DownloadManager: in removeSpuriousFiles, preserving file /data/data/com.android.providers.downloads/cache/metadata-109.htm
07-05 12:49:53.191   545 24614 I DownloadManager: in removeSpuriousFiles, preserving file /data/data/com.android.providers.downloads/cache/metadata-258.htm
07-05 12:49:53.191   545 24614 I DownloadManager: in removeSpuriousFiles, preserving file /data/data/com.android.providers.downloads/cache/metadata-321.htm
07-05 12:49:53.191   545 24614 I DownloadManager: in removeSpuriousFiles, preserving file /data/data/com.android.providers.downloads/cache/metadata-2151.htm
07-05 12:49:53.191   545 24614 I DownloadManager: in removeSpuriousFiles, preserving file /data/data/com.android.providers.downloads/cache/metadata-290.htm
07-05 12:49:53.191   545 24614 I DownloadManager: in removeSpuriousFiles, preserving file /data/data/com.android.providers.downloads/cache/metadata-223.htm
07-05 12:49:53.191   545 24614 I DownloadManager: in removeSpuriousFiles, preserving file /data/data/com.android.providers.downloads/cache/metadata-364.htm
07-05 12:49:53.191   545 24614 I DownloadManager: in removeSpuriousFiles, preserving file /data/data/com.android.providers.downloads/cache/metadata-1201.htm
07-05 12:49:53.191   545 24614 I DownloadManager: in removeSpuriousFiles, preserving file /data/data/com.android.providers.downloads/cache/metadata-178.htm
07-05 12:49:53.191   545 24614 I DownloadManager: in removeSpuriousFiles, preserving file /data/data/com.android.providers.downloads/cache/metadata-1317.htm
07-05 12:49:53.191   545 24614 I DownloadManager: in removeSpuriousFiles, preserving file /data/data/com.android.providers.downloads/cache/metadata-943.htm
07-05 12:49:53.191   545 24614 I DownloadManager: in removeSpuriousFiles, preserving file /data/data/com.android.providers.downloads/cache/metadata-575.htm
07-05 12:49:53.191   545 24614 I DownloadManager: in removeSpuriousFiles, preserving file /data/data/com.android.providers.downloads/cache/metadata-377.htm
07-05 12:49:53.191   545 24614 I DownloadManager: in removeSpuriousFiles, preserving file /data/data/com.android.providers.downloads/cache/metadata-453.htm
07-05 12:49:53.195   545 24614 I DownloadManager: in removeSpuriousFiles, preserving file /data/data/com.android.providers.downloads/cache/metadata-657.htm
07-05 12:49:53.195   545 24614 I DownloadManager: in removeSpuriousFiles, preserving file /data/data/com.android.providers.downloads/cache/metadata-296.htm
07-05 12:49:53.195   545 24614 I DownloadManager: in removeSpuriousFiles, preserving file /data/data/com.android.providers.downloads/cache/metadata-1097.htm
07-05 12:49:53.195   545 24614 I DownloadManager: in removeSpuriousFiles, preserving file /data/data/com.android.providers.downloads/cache/metadata-1259.htm
07-05 12:49:53.195   545 24614 I DownloadManager: in removeSpuriousFiles, preserving file /data/data/com.android.providers.downloads/cache/metadata-2173.htm
07-05 12:49:53.195   545 24614 I DownloadManager: in removeSpuriousFiles, preserving file /data/data/com.android.providers.downloads/cache/metadata-1167.htm
07-05 12:49:53.195   545 24614 I DownloadManager: in removeSpuriousFiles, preserving file /data/data/com.android.providers.downloads/cache/metadata-98.htm
07-05 12:49:53.195   545 24614 I DownloadManager: in removeSpuriousFiles, preserving file /data/data/com.android.providers.downloads/cache/metadata-376.htm
07-05 12:49:53.195   545 24614 I DownloadManager: in removeSpuriousFiles, preserving file /data/data/com.android.providers.downloads/cache/metadata-1508.htm
07-05 12:49:53.195   545 24614 I DownloadManager: in removeSpuriousFiles, preserving file /data/data/com.android.providers.downloads/cache/metadata-1024.htm
07-05 12:49:53.195   545 24614 I DownloadManager: in removeSpuriousFiles, preserving file /data/data/com.android.providers.downloads/cache/metadata-1185.htm
07-05 12:49:53.195   545 24614 I DownloadManager: in removeSpuriousFiles, preserving file /data/data/com.android.providers.downloads/cache/metadata-733.htm
07-05 12:49:53.195   545 24614 I DownloadManager: in removeSpuriousFiles, preserving file /data/data/com.android.providers.downloads/cache/metadata-529.htm
07-05 12:49:53.195   545 24614 I DownloadManager: in removeSpuriousFiles, preserving file /data/data/com.android.providers.downloads/cache/metadata-435.htm
07-05 12:49:53.199   545 24614 I DownloadManager: in removeSpuriousFiles, preserving file /data/data/com.android.providers.downloads/cache/metadata-371.htm
07-05 12:49:53.199   545 24614 I DownloadManager: in removeSpuriousFiles, preserving file /data/data/com.android.providers.downloads/cache/metadata-766.htm
07-05 12:49:53.199   545 24614 I DownloadManager: in removeSpuriousFiles, preserving file /data/data/com.android.providers.downloads/cache/metadata-536.htm
07-05 12:49:53.199   545 24614 I DownloadManager: in removeSpuriousFiles, preserving file /data/data/com.android.providers.downloads/cache/metadata-344.htm
07-05 12:49:53.199   545 24614 I DownloadManager: in removeSpuriousFiles, preserving file /data/data/com.android.providers.downloads/cache/metadata-890.htm
07-05 12:49:53.199   545 24614 I DownloadManager: in removeSpuriousFiles, preserving file /data/data/com.android.providers.downloads/cache/metadata-528.htm
07-05 12:49:53.199   545 24614 I DownloadManager: in removeSpuriousFiles, preserving file /data/data/com.android.providers.downloads/cache/metadata-99.htm
07-05 12:49:53.199   545 24614 I DownloadManager: in removeSpuriousFiles, preserving file /data/data/com.android.providers.downloads/cache/metadata-429.htm
07-05 12:49:53.199   545 24614 I DownloadManager: in removeSpuriousFiles, preserving file /data/data/com.android.providers.downloads/cache/metadata-679.htm
07-05 12:49:53.199   545 24614 I DownloadManager: in removeSpuriousFiles, preserving file /data/data/com.android.providers.downloads/cache/metadata-887.htm
07-05 12:49:53.199   545 24614 I DownloadManager: in removeSpuriousFiles, preserving file /data/data/com.android.providers.downloads/cache/metadata-506.htm
07-05 12:49:53.199   545 24614 I DownloadManager: in removeSpuriousFiles, preserving file /data/data/com.android.providers.downloads/cache/metadata-778.htm
07-05 12:49:53.199   545 24614 I DownloadManager: in removeSpuriousFiles, preserving file /data/data/com.android.providers.downloads/cache/metadata-2512.htm
07-05 12:49:53.203   545 24614 I DownloadManager: in removeSpuriousFiles, preserving file /data/data/com.android.providers.downloads/cache/metadata-731.htm
07-05 12:49:53.203   545 24614 I DownloadManager: in removeSpuriousFiles, preserving file /data/data/com.android.providers.downloads/cache/metadata-333.htm
07-05 12:49:53.203   545 24614 I DownloadManager: in removeSpuriousFiles, preserving file /data/data/com.android.providers.downloads/cache/metadata-437.htm
07-05 12:49:53.207   545 24614 I DownloadManager: in removeSpuriousFiles, preserving file /data/data/com.android.providers.downloads/cache/metadata-786.htm
07-05 12:49:53.207   545 24614 I DownloadManager: in removeSpuriousFiles, preserving file /data/data/com.android.providers.downloads/cache/metadata-574.htm
07-05 12:49:53.207   545 24614 I DownloadManager: in removeSpuriousFiles, preserving file /data/data/com.android.providers.downloads/cache/metadata-1383.htm
07-05 12:49:53.207   545 24614 I DownloadManager: in removeSpuriousFiles, preserving file /data/data/com.android.providers.downloads/cache/metadata-548.htm
07-05 12:49:53.207   545 24614 I DownloadManager: in removeSpuriousFiles, preserving file /data/data/com.android.providers.downloads/cache/metadata-1832.htm
07-05 12:49:53.207   545 24614 I DownloadManager: in removeSpuriousFiles, preserving file /data/data/com.android.providers.downloads/cache/metadata-634.htm
07-05 12:49:53.207   545 24614 I DownloadManager: in removeSpuriousFiles, preserving file /data/data/com.android.providers.downloads/cache/metadata-1492.htm
07-05 12:49:53.207   545 24614 I DownloadManager: in removeSpuriousFiles, preserving file /data/data/com.android.providers.downloads/cache/metadata-1476.htm
07-05 12:49:53.207   545 24614 I DownloadManager: in removeSpuriousFiles, preserving file /data/data/com.android.providers.downloads/cache/metadata-531.htm
07-05 12:49:53.207   545 24614 I DownloadManager: in removeSpuriousFiles, preserving file /data/data/com.android.providers.downloads/cache/metadata-1058.htm
07-05 12:49:53.207   545 24614 I DownloadManager: in removeSpuriousFiles, preserving file /data/data/com.android.providers.downloads/cache/metadata-736.htm
07-05 12:49:53.207   545 24614 I DownloadManager: in removeSpuriousFiles, preserving file /data/data/com.android.providers.downloads/cache/metadata-573.htm
07-05 12:49:53.211   545 24614 I DownloadManager: in removeSpuriousFiles, preserving file /data/data/com.android.providers.downloads/cache/metadata-1022.htm
07-05 12:49:53.211   545 24614 I DownloadManager: in removeSpuriousFiles, preserving file /data/data/com.android.providers.downloads/cache/metadata-475.htm
07-05 12:49:53.211   545 24614 I DownloadManager: in removeSpuriousFiles, preserving file /data/data/com.android.providers.downloads/cache/metadata-1313.htm
07-05 12:49:53.211   545 24614 I DownloadManager: in removeSpuriousFiles, preserving file /data/data/com.android.providers.downloads/cache/metadata-638.htm
07-05 12:49:53.211   545 24614 I DownloadManager: in removeSpuriousFiles, preserving file /data/data/com.android.providers.downloads/cache/metadata-490.htm
07-05 12:49:53.211   545 24614 I DownloadManager: in removeSpuriousFiles, preserving file /data/data/com.android.providers.downloads/cache/metadata-1319.htm
07-05 12:49:53.211   545 24614 I DownloadManager: in removeSpuriousFiles, preserving file /data/data/com.android.providers.downloads/cache/metadata-591.htm
07-05 12:49:53.211   545 24614 I DownloadManager: in removeSpuriousFiles, preserving file /data/data/com.android.providers.downloads/cache/metadata-1862.htm
07-05 12:49:53.211   545 24614 I DownloadManager: in removeSpuriousFiles, preserving file /data/data/com.android.providers.downloads/cache/metadata-1371.htm
07-05 12:49:53.211   545 24614 I DownloadManager: in removeSpuriousFiles, preserving file /data/data/com.android.providers.downloads/cache/metadata-378.htm
07-05 12:49:53.211   545 24614 I DownloadManager: in removeSpuriousFiles, preserving file /data/data/com.android.providers.downloads/cache/metadata-1940.htm
07-05 12:49:53.211   545 24614 I DownloadManager: in removeSpuriousFiles, preserving file /data/data/com.android.providers.downloads/cache/metadata-1784.htm
07-05 12:49:53.211   545 24614 I DownloadManager: in removeSpuriousFiles, preserving file /data/data/com.android.providers.downloads/cache/metadata-1954.htm
07-05 12:49:53.215   545 24614 I DownloadManager: in removeSpuriousFiles, preserving file /data/data/com.android.providers.downloads/cache/metadata-2003.htm
07-05 12:49:53.215   545 24614 I DownloadManager: in removeSpuriousFiles, preserving file /data/data/com.android.providers.downloads/cache/metadata-553.htm
07-05 12:49:53.215   545 24614 I DownloadManager: in removeSpuriousFiles, preserving file /data/data/com.android.providers.downloads/cache/metadata-542.htm
07-05 12:49:53.215   545 24614 I DownloadManager: in removeSpuriousFiles, preserving file /data/data/com.android.providers.downloads/cache/metadata-611.htm
07-05 12:49:53.215   545 24614 I DownloadManager: in removeSpuriousFiles, preserving file /data/data/com.android.providers.downloads/cache/metadata-561.htm
07-05 12:49:53.215   545 24614 I DownloadManager: in removeSpuriousFiles, preserving file /data/data/com.android.providers.downloads/cache/metadata-1120.htm
07-05 12:49:53.215   545 24614 I DownloadManager: in removeSpuriousFiles, preserving file /data/data/com.android.providers.downloads/cache/metadata-1662.htm
07-05 12:49:53.215   545 24614 I DownloadManager: in removeSpuriousFiles, preserving file /data/data/com.android.providers.downloads/cache/metadata-532.htm
07-05 12:49:53.215   545 24614 I DownloadManager: in removeSpuriousFiles, preserving file /data/data/com.android.providers.downloads/cache/metadata-596.htm
07-05 12:49:53.215   545 24614 I DownloadManager: in removeSpuriousFiles, preserving file /data/data/com.android.providers.downloads/cache/metadata-2174.htm
07-05 12:49:53.215   545 24614 I DownloadManager: in removeSpuriousFiles, preserving file /data/data/com.android.providers.downloads/cache/metadata-1512.htm
07-05 12:49:53.215   545 24614 I DownloadManager: in removeSpuriousFiles, preserving file /data/data/com.android.providers.downloads/cache/metadata-720.htm
07-05 12:49:53.218   545 24614 I DownloadManager: in removeSpuriousFiles, preserving file /data/data/com.android.providers.downloads/cache/metadata-582.htm
07-05 12:49:53.218   545 24614 I DownloadManager: in removeSpuriousFiles, preserving file /data/data/com.android.providers.downloads/cache/metadata-1229.htm
07-05 12:49:53.218   545 24614 I DownloadManager: in removeSpuriousFiles, preserving file /data/data/com.android.providers.downloads/cache/metadata-913.htm
07-05 12:49:53.218   545 24614 I DownloadManager: in removeSpuriousFiles, preserving file /data/data/com.android.providers.downloads/cache/metadata-1531.htm
07-05 12:49:53.218   545 24614 I DownloadManager: in removeSpuriousFiles, preserving file /data/data/com.android.providers.downloads/cache/metadata-1693.htm
07-05 12:49:53.218   545 24614 I DownloadManager: in removeSpuriousFiles, preserving file /data/data/com.android.providers.downloads/cache/metadata-541.htm
07-05 12:49:53.218   545 24614 I DownloadManager: in removeSpuriousFiles, preserving file /data/data/com.android.providers.downloads/cache/metadata-699.htm
07-05 12:49:53.218   545 24614 I DownloadManager: in removeSpuriousFiles, preserving file /data/data/com.android.providers.downloads/cache/metadata-1391.htm
07-05 12:49:53.218   545 24614 I DownloadManager: in removeSpuriousFiles, preserving file /data/data/com.android.providers.downloads/cache/metadata-703.htm
07-05 12:49:53.218   545 24614 I DownloadManager: in removeSpuriousFiles, preserving file /data/data/com.android.providers.downloads/cache/metadata-545.htm
07-05 12:49:53.218   545 24614 I DownloadManager: in removeSpuriousFiles, preserving file /data/data/com.android.providers.downloads/cache/metadata-616.htm
07-05 12:49:53.218   545 24614 I DownloadManager: in removeSpuriousFiles, preserving file /data/data/com.android.providers.downloads/cache/metadata-1718.htm
07-05 12:49:53.222   545 24614 I DownloadManager: in removeSpuriousFiles, preserving file /data/data/com.android.providers.downloads/cache/metadata-2029.htm
07-05 12:49:53.222   545 24614 I DownloadManager: in removeSpuriousFiles, preserving file /data/data/com.android.providers.downloads/cache/metadata-1549.htm
07-05 12:49:53.222   545 24614 I DownloadManager: in removeSpuriousFiles, preserving file /data/data/com.android.providers.downloads/cache/metadata-1938.htm
07-05 12:49:53.222   545 24614 I DownloadManager: in removeSpuriousFiles, preserving file /data/data/com.android.providers.downloads/cache/metadata-1204.htm
07-05 12:49:53.222   545 24614 I DownloadManager: in removeSpuriousFiles, preserving file /data/data/com.android.providers.downloads/cache/metadata-1302.htm
07-05 12:49:53.222   545 24614 I DownloadManager: in removeSpuriousFiles, preserving file /data/data/com.android.providers.downloads/cache/metadata-2168.htm
07-05 12:49:53.222   545 24614 I DownloadManager: in removeSpuriousFiles, preserving file /data/data/com.android.providers.downloads/cache/metadata-791.htm
07-05 12:49:53.222   545 24614 I DownloadManager: in removeSpuriousFiles, preserving file /data/data/com.android.providers.downloads/cache/metadata-1404.htm
07-05 12:49:53.226   545 24614 I DownloadManager: in removeSpuriousFiles, preserving file /data/data/com.android.providers.downloads/cache/metadata-1128.htm
07-05 12:49:53.226   545 24614 I DownloadManager: in removeSpuriousFiles, preserving file /data/data/com.android.providers.downloads/cache/metadata-410.htm
07-05 12:49:53.226   545 24614 I DownloadManager: in removeSpuriousFiles, preserving file /data/data/com.android.providers.downloads/cache/metadata-479.htm
07-05 12:49:53.226   545 24614 I DownloadManager: in removeSpuriousFiles, preserving file /data/data/com.android.providers.downloads/cache/metadata-3.htm
07-05 12:49:53.226   545 24614 I DownloadManager: in removeSpuriousFiles, preserving file /data/data/com.android.providers.downloads/cache/metadata-7.htm
07-05 12:49:53.226   545 24614 I DownloadManager: in removeSpuriousFiles, preserving file /data/data/com.android.providers.downloads/cache/metadata-95.htm
07-05 12:49:53.226   545 24614 I DownloadManager: in removeSpuriousFiles, preserving file /data/data/com.android.providers.downloads/cache/metadata-444.htm
07-05 12:49:53.226   545 24614 I DownloadManager: in removeSpuriousFiles, preserving file /data/data/com.android.providers.downloads/cache/metadata-137.htm
07-05 12:49:53.226   545 24614 I DownloadManager: in removeSpuriousFiles, preserving file /data/data/com.android.providers.downloads/cache/metadata-86.htm
07-05 12:49:53.226   545 24614 I DownloadManager: in removeSpuriousFiles, preserving file /data/data/com.android.providers.downloads/cache/metadata-1101.htm
07-05 12:49:53.226   545 24614 I DownloadManager: in removeSpuriousFiles, preserving file /data/data/com.android.providers.downloads/cache/metadata-167.htm
07-05 12:49:53.226   545 24614 I DownloadManager: in removeSpuriousFiles, preserving file /data/data/com.android.providers.downloads/cache/metadata-393.htm
07-05 12:49:53.226   545 24614 I DownloadManager: in removeSpuriousFiles, preserving file /data/data/com.android.providers.downloads/cache/metadata-517.htm
07-05 12:49:53.226   545 24614 I DownloadManager: in removeSpuriousFiles, preserving file /data/data/com.android.providers.downloads/cache/metadata-1358.htm
07-05 12:49:53.226   545 24614 I DownloadManager: in removeSpuriousFiles, preserving file /data/data/com.android.providers.downloads/cache/metadata-1067.htm
07-05 12:49:53.226   545 24614 I DownloadManager: in removeSpuriousFiles, preserving file /data/data/com.android.providers.downloads/cache/metadata-339.htm
07-05 12:49:53.226   545 24614 I DownloadManager: in removeSpuriousFiles, preserving file /data/data/com.android.providers.downloads/cache/metadata-1786.htm
07-05 12:49:53.230   545 24614 I DownloadManager: in removeSpuriousFiles, preserving file /data/data/com.android.providers.downloads/cache/metadata-309.htm
07-05 12:49:53.230   545 24614 I DownloadManager: in removeSpuriousFiles, preserving file /data/data/com.android.providers.downloads/cache/metadata-2229.htm
07-05 12:49:53.230   545 24614 I DownloadManager: in removeSpuriousFiles, preserving file /data/data/com.android.providers.downloads/cache/metadata-1021.htm
07-05 12:49:53.230   545 24614 I DownloadManager: in removeSpuriousFiles, preserving file /data/data/com.android.providers.downloads/cache/metadata-512.htm
07-05 12:49:53.230   545 24614 I DownloadManager: in removeSpuriousFiles, preserving file /data/data/com.android.providers.downloads/cache/metadata-610.htm
07-05 12:49:53.230   545 24614 I DownloadManager: in removeSpuriousFiles, preserving file /data/data/com.android.providers.downloads/cache/metadata-1284.htm
07-05 12:49:53.230   545 24614 I DownloadManager: in removeSpuriousFiles, preserving file /data/data/com.android.providers.downloads/cache/metadata-352.htm
07-05 12:49:53.230   545 24614 I DownloadManager: in removeSpuriousFiles, preserving file /data/data/com.android.providers.downloads/cache/metadata-499.htm
07-05 12:49:53.230   545 24614 I DownloadManager: in removeSpuriousFiles, preserving file /data/data/com.android.providers.downloads/cache/metadata-443.htm
07-05 12:49:53.230   545 24614 I DownloadManager: in removeSpuriousFiles, preserving file /data/data/com.android.providers.downloads/cache/metadata-402.htm
07-05 12:49:53.230   545 24614 I DownloadManager: in removeSpuriousFiles, preserving file /data/data/com.android.providers.downloads/cache/metadata-629.htm
07-05 12:49:53.230   545 24614 I DownloadManager: in removeSpuriousFiles, preserving file /data/data/com.android.providers.downloads/cache/metadata-1261.htm
07-05 12:49:53.230   545 24614 I DownloadManager: in removeSpuriousFiles, preserving file /data/data/com.android.providers.downloads/cache/metadata-177.htm
07-05 12:49:53.230   545 24614 I DownloadManager: in removeSpuriousFiles, preserving file /data/data/com.android.providers.downloads/cache/metadata-1290.htm
07-05 12:49:53.234   545 24614 I DownloadManager: in removeSpuriousFiles, preserving file /data/data/com.android.providers.downloads/cache/metadata-527.htm
07-05 12:49:53.234   545 24614 I DownloadManager: in removeSpuriousFiles, preserving file /data/data/com.android.providers.downloads/cache/metadata-547.htm
07-05 12:49:53.234   545 24614 I DownloadManager: in removeSpuriousFiles, preserving file /data/data/com.android.providers.downloads/cache/metadata-728.htm
07-05 12:49:53.234   545 24614 I DownloadManager: in removeSpuriousFiles, preserving file /data/data/com.android.providers.downloads/cache/metadata-477.htm
07-05 12:49:53.234   545 24614 I DownloadManager: in removeSpuriousFiles, preserving file /data/data/com.android.providers.downloads/cache/metadata-293.htm
07-05 12:49:53.234   545 24614 I DownloadManager: in removeSpuriousFiles, preserving file /data/data/com.android.providers.downloads/cache/metadata-941.htm
07-05 12:49:53.234   545 24614 I DownloadManager: in removeSpuriousFiles, preserving file /data/data/com.android.providers.downloads/cache/metadata-1316.htm
07-05 12:49:53.234   545 24614 I DownloadManager: in removeSpuriousFiles, preserving file /data/data/com.android.providers.downloads/cache/metadata-557.htm
07-05 12:49:53.234   545 24614 I DownloadManager: in removeSpuriousFiles, preserving file /data/data/com.android.providers.downloads/cache/metadata-567.htm
07-05 12:49:53.234   545 24614 I DownloadManager: in removeSpuriousFiles, preserving file /data/data/com.android.providers.downloads/cache/metadata-1451.htm
07-05 12:49:53.234   545 24614 I DownloadManager: in removeSpuriousFiles, preserving file /data/data/com.android.providers.downloads/cache/metadata-783.htm
07-05 12:49:53.234   545 24614 I DownloadManager: in removeSpuriousFiles, preserving file /data/data/com.android.providers.downloads/cache/metadata-937.htm
07-05 12:49:53.234   545 24614 I DownloadManager: in removeSpuriousFiles, preserving file /data/data/com.android.providers.downloads/cache/metadata-433.htm
07-05 12:49:53.234   545 24614 I DownloadManager: in removeSpuriousFiles, preserving file /data/data/com.android.providers.downloads/cache/metadata-1418.htm
07-05 12:49:53.238   545 24614 I DownloadManager: in removeSpuriousFiles, preserving file /data/data/com.android.providers.downloads/cache/metadata-2526.htm
07-05 12:49:53.238   545 24614 I DownloadManager: in removeSpuriousFiles, preserving file /data/data/com.android.providers.downloads/cache/metadata-179.htm
07-05 12:49:53.238   545 24614 I DownloadManager: in removeSpuriousFiles, preserving file /data/data/com.android.providers.downloads/cache/metadata-1150.htm
07-05 12:49:53.238   545 24614 I DownloadManager: in removeSpuriousFiles, preserving file /data/data/com.android.providers.downloads/cache/metadata-448.htm
07-05 12:49:53.238   545 24614 I DownloadManager: in removeSpuriousFiles, preserving file /data/data/com.android.providers.downloads/cache/metadata-1035.htm
07-05 12:49:53.238   545 24614 I DownloadManager: in removeSpuriousFiles, preserving file /data/data/com.android.providers.downloads/cache/metadata-821.htm
07-05 12:49:53.238   545 24614 I DownloadManager: in removeSpuriousFiles, preserving file /data/data/com.android.providers.downloads/cache/metadata-1443.htm
07-05 12:49:53.238   545 24614 I DownloadManager: in removeSpuriousFiles, preserving file /data/data/com.android.providers.downloads/cache/metadata-828.htm
07-05 12:49:53.238   545 24614 I DownloadManager: in removeSpuriousFiles, preserving file /data/data/com.android.providers.downloads/cache/metadata-1645.htm
07-05 12:49:53.238   545 24614 I DownloadManager: in removeSpuriousFiles, preserving file /data/data/com.android.providers.downloads/cache/metadata-572.htm
07-05 12:49:53.238   545 24614 I DownloadManager: in removeSpuriousFiles, preserving file /data/data/com.android.providers.downloads/cache/metadata-423.htm
07-05 12:49:53.238   545 24614 I DownloadManager: in removeSpuriousFiles, preserving file /data/data/com.android.providers.downloads/cache/metadata-454.htm
07-05 12:49:53.238   545 24614 I DownloadManager: in removeSpuriousFiles, preserving file /data/data/com.android.providers.downloads/cache/metadata-2083.htm
07-05 12:49:53.238   545 24614 I DownloadManager: in removeSpuriousFiles, preserving file /data/data/com.android.providers.downloads/cache/metadata-1482.htm
07-05 12:49:53.242   545 24614 I DownloadManager: in removeSpuriousFiles, preserving file /data/data/com.android.providers.downloads/cache/metadata-588.htm
07-05 12:49:53.242   545 24614 I DownloadManager: in removeSpuriousFiles, preserving file /data/data/com.android.providers.downloads/cache/metadata-1122.htm
07-05 12:49:53.242   545 24614 I DownloadManager: in removeSpuriousFiles, preserving file /data/data/com.android.providers.downloads/cache/metadata-562.htm
07-05 12:49:53.242   545 24614 I DownloadManager: in removeSpuriousFiles, preserving file /data/data/com.android.providers.downloads/cache/metadata-979.htm
07-05 12:49:53.242   545 24614 I DownloadManager: in removeSpuriousFiles, preserving file /data/data/com.android.providers.downloads/cache/metadata-1883.htm
07-05 12:49:53.242   545 24614 I DownloadManager: in removeSpuriousFiles, preserving file /data/data/com.android.providers.downloads/cache/metadata-1347.htm
07-05 12:49:53.242   545 24614 I DownloadManager: in removeSpuriousFiles, preserving file /data/data/com.android.providers.downloads/cache/metadata-1203.htm
07-05 12:49:53.242   545 24614 I DownloadManager: in removeSpuriousFiles, preserving file /data/data/com.android.providers.downloads/cache/metadata-1233.htm
07-05 12:49:53.242   545 24614 I DownloadManager: in removeSpuriousFiles, preserving file /data/data/com.android.providers.downloads/cache/metadata-1327.htm
07-05 12:49:53.246   545 24614 I DownloadManager: in removeSpuriousFiles, preserving file /data/data/com.android.providers.downloads/cache/metadata-1091.htm
07-05 12:49:53.246   545 24614 I DownloadManager: in removeSpuriousFiles, preserving file /data/data/com.android.providers.downloads/cache/metadata-1442.htm
07-05 12:49:53.246   545 24614 I DownloadManager: in removeSpuriousFiles, preserving file /data/data/com.android.providers.downloads/cache/metadata-969.htm
07-05 12:49:53.246   545 24614 I DownloadManager: in removeSpuriousFiles, preserving file /data/data/com.android.providers.downloads/cache/metadata-689.htm
07-05 12:49:53.246   545 24614 I DownloadManager: in removeSpuriousFiles, preserving file /data/data/com.android.providers.downloads/cache/metadata-1038.htm
07-05 12:49:53.246   545 24614 I DownloadManager: in removeSpuriousFiles, preserving file /data/data/com.android.providers.downloads/cache/metadata-1447.htm
07-05 12:49:53.246   545 24614 I DownloadManager: in removeSpuriousFiles, preserving file /data/data/com.android.providers.downloads/cache/metadata-1459.htm
07-05 12:49:53.246   545 24614 I DownloadManager: in removeSpuriousFiles, preserving file /data/data/com.android.providers.downloads/cache/metadata-649.htm
07-05 12:49:53.246   545 24614 I DownloadManager: in removeSpuriousFiles, preserving file /data/data/com.android.providers.downloads/cache/metadata-1622.htm
07-05 12:49:53.246   545 24614 I DownloadManager: in removeSpuriousFiles, preserving file /data/data/com.android.providers.downloads/cache/metadata-1579.htm
07-05 12:49:53.246   545 24614 I DownloadManager: in removeSpuriousFiles, preserving file /data/data/com.android.providers.downloads/cache/metadata-2446.htm
07-05 12:49:53.246   545 24614 I DownloadManager: in removeSpuriousFiles, preserving file /data/data/com.android.providers.downloads/cache/metadata-1433.htm
07-05 12:49:53.246   545 24614 I DownloadManager: in removeSpuriousFiles, preserving file /data/data/com.android.providers.downloads/cache/metadata-533.htm
07-05 12:49:53.250   545 24614 I DownloadManager: in removeSpuriousFiles, preserving file /data/data/com.android.providers.downloads/cache/metadata-559.htm
07-05 12:49:53.250   545 24614 I DownloadManager: in removeSpuriousFiles, preserving file /data/data/com.android.providers.downloads/cache/metadata-2553.htm
07-05 12:49:53.250   545 24614 I DownloadManager: in removeSpuriousFiles, preserving file /data/data/com.android.providers.downloads/cache/metadata-366.htm
07-05 12:49:53.250   545 24614 I DownloadManager: in removeSpuriousFiles, preserving file /data/data/com.android.providers.downloads/cache/metadata-1966.htm
07-05 12:49:53.250   545 24614 I DownloadManager: in removeSpuriousFiles, preserving file /data/data/com.android.providers.downloads/cache/metadata-1193.htm
07-05 12:49:53.250   545 24614 I DownloadManager: in removeSpuriousFiles, preserving file /data/data/com.android.providers.downloads/cache/metadata-471.htm
07-05 12:49:53.250   545 24614 I DownloadManager: in removeSpuriousFiles, preserving file /data/data/com.android.providers.downloads/cache/metadata-837.htm
07-05 12:49:53.250   545 24614 I DownloadManager: in removeSpuriousFiles, preserving file /data/data/com.android.providers.downloads/cache/metadata-1053.htm
07-05 12:49:53.250   545 24614 I DownloadManager: in removeSpuriousFiles, preserving file /data/data/com.android.providers.downloads/cache/metadata-614.htm
07-05 12:49:53.250   545 24614 I DownloadManager: in removeSpuriousFiles, preserving file /data/data/com.android.providers.downloads/cache/metadata-597.htm
07-05 12:49:53.250   545 24614 I DownloadManager: in removeSpuriousFiles, preserving file /data/data/com.android.providers.downloads/cache/metadata-525.htm
07-05 12:49:53.250   545 24614 I DownloadManager: in removeSpuriousFiles, preserving file /data/data/com.android.providers.downloads/cache/metadata-1390.htm
07-05 12:49:53.250   545 24614 I DownloadManager: in removeSpuriousFiles, preserving file /data/data/com.android.providers.downloads/cache/metadata-987.htm
07-05 12:49:53.254   545 24614 I DownloadManager: in removeSpuriousFiles, preserving file /data/data/com.android.providers.downloads/cache/metadata-1273.htm
07-05 12:49:53.254   545 24614 I DownloadManager: in removeSpuriousFiles, preserving file /data/data/com.android.providers.downloads/cache/metadata-965.htm
07-05 12:49:53.254   545 24614 I DownloadManager: in removeSpuriousFiles, preserving file /data/data/com.android.providers.downloads/cache/metadata-1647.htm
07-05 12:49:53.254   545 24614 I DownloadManager: in removeSpuriousFiles, preserving file /data/data/com.android.providers.downloads/cache/metadata-458.htm
07-05 12:49:53.254   545 24614 I DownloadManager: in removeSpuriousFiles, preserving file /data/data/com.android.providers.downloads/cache/metadata-1090.htm
07-05 12:49:53.254   545 24614 I DownloadManager: in removeSpuriousFiles, preserving file /data/data/com.android.providers.downloads/cache/metadata-1646.htm
07-05 12:49:53.254   545 24614 I DownloadManager: in removeSpuriousFiles, preserving file /data/data/com.android.providers.downloads/cache/metadata-509.htm
07-05 12:49:53.254   545 24614 I DownloadManager: in removeSpuriousFiles, preserving file /data/data/com.android.providers.downloads/cache/metadata-1435.htm
07-05 12:49:53.254   545 24614 I DownloadManager: in removeSpuriousFiles, preserving file /data/data/com.android.providers.downloads/cache/metadata-524.htm
07-05 12:49:53.254   545 24614 I DownloadManager: in removeSpuriousFiles, preserving file /data/data/com.android.providers.downloads/cache/metadata-577.htm
07-05 12:49:53.254   545 24614 I DownloadManager: in removeSpuriousFiles, preserving file /data/data/com.android.providers.downloads/cache/metadata-2042.htm
07-05 12:49:53.254   545 24614 I DownloadManager: in removeSpuriousFiles, preserving file /data/data/com.android.providers.downloads/cache/metadata-866.htm
07-05 12:49:53.258   545 24614 I DownloadManager: in removeSpuriousFiles, preserving file /data/data/com.android.providers.downloads/cache/metadata-606.htm
07-05 12:49:53.258   545 24614 I DownloadManager: in removeSpuriousFiles, preserving file /data/data/com.android.providers.downloads/cache/metadata-603.htm
07-05 12:49:53.258   545 24614 I DownloadManager: in removeSpuriousFiles, preserving file /data/data/com.android.providers.downloads/cache/metadata-1388.htm
07-05 12:49:53.258   545 24614 I DownloadManager: in removeSpuriousFiles, preserving file /data/data/com.android.providers.downloads/cache/metadata-820.htm
07-05 12:49:53.258   545 24614 I DownloadManager: in removeSpuriousFiles, preserving file /data/data/com.android.providers.downloads/cache/metadata-538.htm
07-05 12:49:53.258   545 24614 I DownloadManager: in removeSpuriousFiles, preserving file /data/data/com.android.providers.downloads/cache/metadata-1108.htm
07-05 12:49:53.258   545 24614 I DownloadManager: in removeSpuriousFiles, preserving file /data/data/com.android.providers.downloads/cache/metadata-681.htm
07-05 12:49:53.258   545 24614 I DownloadManager: in removeSpuriousFiles, preserving file /data/data/com.android.providers.downloads/cache/metadata-470.htm
07-05 12:49:53.258   545 24614 I DownloadManager: in removeSpuriousFiles, preserving file /data/data/com.android.providers.downloads/cache/metadata-1416.htm
07-05 12:49:53.258   545 24614 I DownloadManager: in removeSpuriousFiles, preserving file /data/data/com.android.providers.downloads/cache/metadata-1888.htm
07-05 12:49:53.258   545 24614 I DownloadManager: in removeSpuriousFiles, preserving file /data/data/com.android.providers.downloads/cache/metadata-923.htm
07-05 12:49:53.261   545 24614 I DownloadManager: in removeSpuriousFiles, preserving file /data/data/com.android.providers.downloads/cache/metadata-1263.htm
07-05 12:49:53.261   545 24614 I DownloadManager: in removeSpuriousFiles, preserving file /data/data/com.android.providers.downloads/cache/metadata-584.htm
07-05 12:49:53.261   545 24614 I DownloadManager: in removeSpuriousFiles, preserving file /data/data/com.android.providers.downloads/cache/metadata-1462.htm
07-05 12:49:53.261   545 24614 I DownloadManager: in removeSpuriousFiles, preserving file /data/data/com.android.providers.downloads/cache/metadata-1842.htm
07-05 12:49:53.261   545 24614 I DownloadManager: in removeSpuriousFiles, preserving file /data/data/com.android.providers.downloads/cache/metadata-1133.htm
07-05 12:49:53.261   545 24614 I DownloadManager: in removeSpuriousFiles, preserving file /data/data/com.android.providers.downloads/cache/metadata-966.htm
07-05 12:49:53.261   545 24614 I DownloadManager: in removeSpuriousFiles, preserving file /data/data/com.android.providers.downloads/cache/metadata-891.htm
07-05 12:49:53.265   545 24614 I DownloadManager: in removeSpuriousFiles, preserving file /data/data/com.android.providers.downloads/cache/metadata.htm
07-05 12:49:53.265   545 24614 I DownloadManager: in removeSpuriousFiles, preserving file /data/data/com.android.providers.downloads/cache/metadata-9.htm
07-05 12:49:53.265   545 24614 I DownloadManager: in removeSpuriousFiles, preserving file /data/data/com.android.providers.downloads/cache/metadata-744.htm
07-05 12:49:53.265   545 24614 I DownloadManager: in removeSpuriousFiles, preserving file /data/data/com.android.providers.downloads/cache/metadata-4.htm
07-05 12:49:53.265   545 24614 I DownloadManager: in removeSpuriousFiles, preserving file /data/data/com.android.providers.downloads/cache/metadata-10.htm
07-05 12:49:53.265   545 24614 I DownloadManager: in removeSpuriousFiles, preserving file /data/data/com.android.providers.downloads/cache/metadata-14.htm
07-05 12:49:53.265   545 24614 I DownloadManager: in removeSpuriousFiles, preserving file /data/data/com.android.providers.downloads/cache/metadata-29.htm
07-05 12:49:53.265   545 24614 I DownloadManager: in removeSpuriousFiles, preserving file /data/data/com.android.providers.downloads/cache/metadata-31.htm
07-05 12:49:53.265   545 24614 I DownloadManager: in removeSpuriousFiles, preserving file /data/data/com.android.providers.downloads/cache/metadata-1480.htm
07-05 12:49:53.265   545 24614 I DownloadManager: in removeSpuriousFiles, preserving file /data/data/com.android.providers.downloads/cache/metadata-530.htm
07-05 12:49:53.265   545 24614 I DownloadManager: in removeSpuriousFiles, preserving file /data/data/com.android.providers.downloads/cache/metadata-22.htm
07-05 12:49:53.265   545 24614 I DownloadManager: in removeSpuriousFiles, preserving file /data/data/com.android.providers.downloads/cache/metadata-959.htm
07-05 12:49:53.265   545 24614 I DownloadManager: in removeSpuriousFiles, preserving file /data/data/com.android.providers.downloads/cache/metadata-434.htm
07-05 12:49:53.265   545 24614 I DownloadManager: in removeSpuriousFiles, preserving file /data/data/com.android.providers.downloads/cache/metadata-776.htm
07-05 12:49:53.265   545 24614 I DownloadManager: in removeSpuriousFiles, preserving file /data/data/com.android.providers.downloads/cache/metadata-11.htm
07-05 12:49:53.265   545 24614 I DownloadManager: in removeSpuriousFiles, preserving file /data/data/com.android.providers.downloads/cache/metadata-129.htm
07-05 12:49:53.265   545 24614 I DownloadManager: in removeSpuriousFiles, preserving file /data/data/com.android.providers.downloads/cache/metadata-951.htm
07-05 12:49:53.265   545 24614 I DownloadManager: in removeSpuriousFiles, preserving file /data/data/com.android.providers.downloads/cache/metadata-2039.htm
07-05 12:49:53.265   545 24614 I DownloadManager: in removeSpuriousFiles, preserving file /data/data/com.android.providers.downloads/cache/metadata-1099.htm
07-05 12:49:53.265   545 24614 I DownloadManager: in removeSpuriousFiles, preserving file /data/data/com.android.providers.downloads/cache/metadata-522.htm
07-05 12:49:53.265   545 24614 I DownloadManager: in removeSpuriousFiles, preserving file /data/data/com.android.providers.downloads/cache/metadata-551.htm
07-05 12:49:53.265   545 24614 I DownloadManager: in removeSpuriousFiles, preserving file /data/data/com.android.providers.downloads/cache/metadata-1189.htm
07-05 12:49:53.265   545 24614 I DownloadManager: in removeSpuriousFiles, preserving file /data/data/com.android.providers.downloads/cache/metadata-1205.htm
07-05 12:49:53.265   545 24614 I DownloadManager: in removeSpuriousFiles, preserving file /data/data/com.android.providers.downloads/cache/metadata-771.htm
07-05 12:49:53.265   545 24614 I DownloadManager: in removeSpuriousFiles, preserving file /data/data/com.android.providers.downloads/cache/metadata-325.htm
07-05 12:49:53.265   545 24614 I DownloadManager: in removeSpuriousFiles, preserving file /data/data/com.android.providers.downloads/cache/metadata-430.htm
07-05 12:49:53.269   545 24614 I DownloadManager: in removeSpuriousFiles, preserving file /data/data/com.android.providers.downloads/cache/metadata-842.htm
07-05 12:49:53.269   545 24614 I DownloadManager: in removeSpuriousFiles, preserving file /data/data/com.android.providers.downloads/cache/metadata-1399.htm
07-05 12:49:53.269   545 24614 I DownloadManager: in removeSpuriousFiles, preserving file /data/data/com.android.providers.downloads/cache/metadata-754.htm
07-05 12:49:53.269   545 24614 I DownloadManager: in removeSpuriousFiles, preserving file /data/data/com.android.providers.downloads/cache/metadata-2803.htm
07-05 12:49:53.269   545 24614 I DownloadManager: in removeSpuriousFiles, preserving file /data/data/com.android.providers.downloads/cache/metadata-1184.htm
07-05 12:49:53.269   545 24614 I DownloadManager: in removeSpuriousFiles, preserving file /data/data/com.android.providers.downloads/cache/metadata-513.htm
07-05 12:49:53.269   545 24614 I DownloadManager: in removeSpuriousFiles, preserving file /data/data/com.android.providers.downloads/cache/metadata-1040.htm
07-05 12:49:53.273   545 24614 I DownloadManager: in removeSpuriousFiles, preserving file /data/data/com.android.providers.downloads/cache/metadata-114.htm
07-05 12:49:53.273   545 24614 I DownloadManager: in removeSpuriousFiles, preserving file /data/data/com.android.providers.downloads/cache/metadata-355.htm
07-05 12:49:53.273   545 24614 I DownloadManager: in removeSpuriousFiles, preserving file /data/data/com.android.providers.downloads/cache/metadata-2221.htm
07-05 12:49:53.273   545 24614 I DownloadManager: in removeSpuriousFiles, preserving file /data/data/com.android.providers.downloads/cache/metadata-742.htm
07-05 12:49:53.273   545 24614 I DownloadManager: in removeSpuriousFiles, preserving file /data/data/com.android.providers.downloads/cache/metadata-1382.htm
07-05 12:49:53.273   545 24614 I DownloadManager: in removeSpuriousFiles, preserving file /data/data/com.android.providers.downloads/cache/metadata-1503.htm
07-05 12:49:53.273   545 24614 I DownloadManager: in removeSpuriousFiles, preserving file /data/data/com.android.providers.downloads/cache/metadata-1758.htm
07-05 12:49:53.273   545 24614 I DownloadManager: in removeSpuriousFiles, preserving file /data/data/com.android.providers.downloads/cache/metadata-583.htm
07-05 12:49:53.273   545 24614 I DownloadManager: in removeSpuriousFiles, preserving file /data/data/com.android.providers.downloads/cache/metadata-2358.htm
07-05 12:49:53.273   545 24614 I DownloadManager: in removeSpuriousFiles, preserving file /data/data/com.android.providers.downloads/cache/metadata-503.htm
07-05 12:49:53.273   545 24614 I DownloadManager: in removeSpuriousFiles, preserving file /data/data/com.android.providers.downloads/cache/metadata-365.htm
07-05 12:49:53.273   545 24614 I DownloadManager: in removeSpuriousFiles, preserving file /data/data/com.android.providers.downloads/cache/metadata-1281.htm
07-05 12:49:53.273   545 24614 I DownloadManager: in removeSpuriousFiles, preserving file /data/data/com.android.providers.downloads/cache/metadata-195.htm
07-05 12:49:53.273   545 24614 I DownloadManager: in removeSpuriousFiles, preserving file /data/data/com.android.providers.downloads/cache/metadata-1026.htm
07-05 12:49:53.277   545 24614 I DownloadManager: in removeSpuriousFiles, preserving file /data/data/com.android.providers.downloads/cache/metadata-1119.htm
07-05 12:49:53.277   545 24614 I DownloadManager: in removeSpuriousFiles, preserving file /data/data/com.android.providers.downloads/cache/metadata-1696.htm
07-05 12:49:53.277   545 24614 I DownloadManager: in removeSpuriousFiles, preserving file /data/data/com.android.providers.downloads/cache/metadata-1010.htm
07-05 12:49:53.277   545 24614 I DownloadManager: in removeSpuriousFiles, preserving file /data/data/com.android.providers.downloads/cache/metadata-1445.htm
07-05 12:49:53.277   545 24614 I DownloadManager: in removeSpuriousFiles, preserving file /data/data/com.android.providers.downloads/cache/metadata-1644.htm
07-05 12:49:53.277   545 24614 I DownloadManager: in removeSpuriousFiles, preserving file /data/data/com.android.providers.downloads/cache/metadata-850.htm
07-05 12:49:53.277   545 24614 I DownloadManager: in removeSpuriousFiles, preserving file /data/data/com.android.providers.downloads/cache/metadata-962.htm
07-05 12:49:53.277   545 24614 I DownloadManager: in removeSpuriousFiles, preserving file /data/data/com.android.providers.downloads/cache/metadata-1487.htm
07-05 12:49:53.277   545 24614 I DownloadManager: in removeSpuriousFiles, preserving file /data/data/com.android.providers.downloads/cache/metadata-1132.htm
07-05 12:49:53.277   545 24614 I DownloadManager: in removeSpuriousFiles, preserving file /data/data/com.android.providers.downloads/cache/metadata-496.htm
07-05 12:49:53.277   545 24614 I DownloadManager: in removeSpuriousFiles, preserving file /data/data/com.android.providers.downloads/cache/metadata-585.htm
07-05 12:49:53.277   545 24614 I DownloadManager: in removeSpuriousFiles, preserving file /data/data/com.android.providers.downloads/cache/metadata-906.htm
07-05 12:49:53.277   545 24614 I DownloadManager: in removeSpuriousFiles, preserving file /data/data/com.android.providers.downloads/cache/metadata-1491.htm
07-05 12:49:53.277   545 24614 I DownloadManager: in removeSpuriousFiles, preserving file /data/data/com.android.providers.downloads/cache/metadata-2077.htm
07-05 12:49:53.277   545 24614 I DownloadManager: in removeSpuriousFiles, preserving file /data/data/com.android.providers.downloads/cache/metadata-1373.htm
07-05 12:49:53.281   545 24614 I DownloadManager: in removeSpuriousFiles, preserving file /data/data/com.android.providers.downloads/cache/metadata-1064.htm
07-05 12:49:53.281   545 24614 I DownloadManager: in removeSpuriousFiles, preserving file /data/data/com.android.providers.downloads/cache/metadata-695.htm
07-05 12:49:53.281   545 24614 I DownloadManager: in removeSpuriousFiles, preserving file /data/data/com.android.providers.downloads/cache/metadata-1569.htm
07-05 12:49:53.281   545 24614 I DownloadManager: in removeSpuriousFiles, preserving file /data/data/com.android.providers.downloads/cache/metadata-1285.htm
07-05 12:49:53.281   545 24614 I DownloadManager: in removeSpuriousFiles, preserving file /data/data/com.android.providers.downloads/cache/metadata-534.htm
07-05 12:49:53.281   545 24614 I DownloadManager: in removeSpuriousFiles, preserving file /data/data/com.android.providers.downloads/cache/metadata-1431.htm
07-05 12:49:53.281   545 24614 I DownloadManager: in removeSpuriousFiles, preserving file /data/data/com.android.providers.downloads/cache/metadata-1065.htm
07-05 12:49:53.281   545 24614 I DownloadManager: in removeSpuriousFiles, preserving file /data/data/com.android.providers.downloads/cache/metadata-621.htm
07-05 12:49:53.281   545 24614 I DownloadManager: in removeSpuriousFiles, preserving file /data/data/com.android.providers.downloads/cache/metadata-608.htm
07-05 12:49:53.281   545 24614 I DownloadManager: in removeSpuriousFiles, preserving file /data/data/com.android.providers.downloads/cache/metadata-764.htm
07-05 12:49:53.281   545 24614 I DownloadManager: in removeSpuriousFiles, preserving file /data/data/com.android.providers.downloads/cache/metadata-546.htm
07-05 12:49:53.281   545 24614 I DownloadManager: in removeSpuriousFiles, preserving file /data/data/com.android.providers.downloads/cache/metadata-2005.htm
07-05 12:49:53.281   545 24614 I DownloadManager: in removeSpuriousFiles, preserving file /data/data/com.android.providers.downloads/cache/metadata-605.htm
07-05 12:49:53.289   545 24614 I DownloadManager: in removeSpuriousFiles, preserving file /data/data/com.android.providers.downloads/cache/metadata-927.htm
07-05 12:49:53.289   545 24614 I DownloadManager: in removeSpuriousFiles, preserving file /data/data/com.android.providers.downloads/cache/metadata-1162.htm
07-05 12:49:53.289   545 24614 I DownloadManager: in removeSpuriousFiles, preserving file /data/data/com.android.providers.downloads/cache/metadata-1613.htm
07-05 12:49:53.289   545 24614 I DownloadManager: in removeSpuriousFiles, preserving file /data/data/com.android.providers.downloads/cache/metadata-674.htm
07-05 12:49:53.289   545 24614 I DownloadManager: in removeSpuriousFiles, preserving file /data/data/com.android.providers.downloads/cache/metadata-855.htm
07-05 12:49:53.289   545 24614 I DownloadManager: in removeSpuriousFiles, preserving file /data/data/com.android.providers.downloads/cache/metadata-1730.htm
07-05 12:49:53.289   545 24614 I DownloadManager: in removeSpuriousFiles, preserving file /data/data/com.android.providers.downloads/cache/metadata-1378.htm
07-05 12:49:53.289   545 24614 I DownloadManager: in removeSpuriousFiles, preserving file /data/data/com.android.providers.downloads/cache/metadata-751.htm
07-05 12:49:53.289   545 24614 I DownloadManager: in removeSpuriousFiles, preserving file /data/data/com.android.providers.downloads/cache/metadata-1190.htm
07-05 12:49:53.289   545 24614 I DownloadManager: in removeSpuriousFiles, preserving file /data/data/com.android.providers.downloads/cache/metadata-570.htm
07-05 12:49:53.289   545 24614 I DownloadManager: in removeSpuriousFiles, preserving file /data/data/com.android.providers.downloads/cache/metadata-2406.htm
07-05 12:49:53.289   545 24614 I DownloadManager: in removeSpuriousFiles, preserving file /data/data/com.android.providers.downloads/cache/metadata-1197.htm
07-05 12:49:53.289   545 24614 I DownloadManager: in removeSpuriousFiles, preserving file /data/data/com.android.providers.downloads/cache/metadata-550.htm
07-05 12:49:53.293   545 24614 I DownloadManager: in removeSpuriousFiles, preserving file /data/data/com.android.providers.downloads/cache/metadata-1149.htm
07-05 12:49:53.293   545 24614 I DownloadManager: in removeSpuriousFiles, preserving file /data/data/com.android.providers.downloads/cache/metadata-666.htm
07-05 12:49:53.293   545 24614 I DownloadManager: in removeSpuriousFiles, preserving file /data/data/com.android.providers.downloads/cache/metadata-688.htm
07-05 12:49:53.293   545 24614 I DownloadManager: in removeSpuriousFiles, preserving file /data/data/com.android.providers.downloads/cache/metadata-1509.htm
07-05 12:49:53.293   545 24614 I DownloadManager: in removeSpuriousFiles, preserving file /data/data/com.android.providers.downloads/cache/metadata-635.htm
07-05 12:49:53.293   545 24614 I DownloadManager: in removeSpuriousFiles, preserving file /data/data/com.android.providers.downloads/cache/metadata-1228.htm
07-05 12:49:53.293   545 24614 I DownloadManager: in removeSpuriousFiles, preserving file /data/data/com.android.providers.downloads/cache/metadata-2098.htm
07-05 12:49:53.293   545 24614 I DownloadManager: in removeSpuriousFiles, preserving file /data/data/com.android.providers.downloads/cache/metadata-851.htm
07-05 12:49:53.293   545 24614 I DownloadManager: in removeSpuriousFiles, preserving file /data/data/com.android.providers.downloads/cache/metadata-543.htm
07-05 12:49:53.293   545 24614 I DownloadManager: in removeSpuriousFiles, preserving file /data/data/com.android.providers.downloads/cache/metadata-2305.htm
07-05 12:49:53.293   545 24614 I DownloadManager: in removeSpuriousFiles, preserving file /data/data/com.android.providers.downloads/cache/metadata-725.htm
07-05 12:49:53.293   545 24614 I DownloadManager: in removeSpuriousFiles, preserving file /data/data/com.android.providers.downloads/cache/metadata-735.htm
07-05 12:49:53.297   545 24614 I DownloadManager: in removeSpuriousFiles, preserving file /data/data/com.android.providers.downloads/cache/metadata-1834.htm
07-05 12:49:53.297   545 24614 I DownloadManager: in removeSpuriousFiles, preserving file /data/data/com.android.providers.downloads/cache/metadata-2322.htm
07-05 12:49:53.297   545 24614 I DownloadManager: in removeSpuriousFiles, preserving file /data/data/com.android.providers.downloads/cache/metadata-1379.htm
07-05 12:49:53.297   545 24614 I DownloadManager: in removeSpuriousFiles, preserving file /data/data/com.android.providers.downloads/cache/metadata-302.htm
07-05 12:49:53.297   545 24614 I DownloadManager: in removeSpuriousFiles, preserving file /data/data/com.android.providers.downloads/cache/metadata-1337.htm
07-05 12:49:53.297   545 24614 I DownloadManager: in removeSpuriousFiles, preserving file /data/data/com.android.providers.downloads/cache/metadata-1676.htm
07-05 12:49:53.297   545 24614 I DownloadManager: in removeSpuriousFiles, preserving file /data/data/com.android.providers.downloads/cache/metadata-3005.htm
07-05 12:49:53.297   545 24614 I DownloadManager: in removeSpuriousFiles, preserving file /data/data/com.android.providers.downloads/cache/metadata-481.htm
07-05 12:49:53.297   545 24614 I DownloadManager: in removeSpuriousFiles, preserving file /data/data/com.android.providers.downloads/cache/metadata-651.htm
07-05 12:49:53.297   545 24614 I DownloadManager: in removeSpuriousFiles, preserving file /data/data/com.android.providers.downloads/cache/metadata-1478.htm
07-05 12:49:53.297   545 24614 I DownloadManager: in removeSpuriousFiles, preserving file /data/data/com.android.providers.downloads/cache/metadata-1460.htm
07-05 12:49:53.297   545 24614 I DownloadManager: in removeSpuriousFiles, preserving file /data/data/com.android.providers.downloads/cache/metadata-1537.htm
07-05 12:49:53.300   545 24614 I DownloadManager: in removeSpuriousFiles, preserving file /data/data/com.android.providers.downloads/cache/metadata-935.htm
07-05 12:49:53.300   545 24614 I DownloadManager: in removeSpuriousFiles, preserving file /data/data/com.android.providers.downloads/cache/metadata-2044.htm
07-05 12:49:53.300   545 24614 I DownloadManager: in removeSpuriousFiles, preserving file /data/data/com.android.providers.downloads/cache/metadata-2421.htm
07-05 12:49:53.300   545 24614 I DownloadManager: in removeSpuriousFiles, preserving file /data/data/com.android.providers.downloads/cache/metadata-1226.htm
07-05 12:49:53.300   545 24614 I DownloadManager: in removeSpuriousFiles, preserving file /data/data/com.android.providers.downloads/cache/metadata-897.htm
07-05 12:49:53.300   545 24614 I DownloadManager: in removeSpuriousFiles, preserving file /data/data/com.android.providers.downloads/cache/metadata-1110.htm
07-05 12:49:53.300   545 24614 I DownloadManager: in removeSpuriousFiles, preserving file /data/data/com.android.providers.downloads/cache/metadata-2118.htm
07-05 12:49:53.300   545 24614 I DownloadManager: in removeSpuriousFiles, preserving file /data/data/com.android.providers.downloads/cache/metadata-1642.htm
07-05 12:49:53.300   545 24614 I DownloadManager: in removeSpuriousFiles, preserving file /data/data/com.android.providers.downloads/cache/metadata-497.htm
07-05 12:49:53.300   545 24614 I DownloadManager: in removeSpuriousFiles, preserving file /data/data/com.android.providers.downloads/cache/metadata-1.htm
07-05 12:49:53.300   545 24614 I DownloadManager: in removeSpuriousFiles, preserving file /data/data/com.android.providers.downloads/cache/metadata-6.htm
07-05 12:49:53.300   545 24614 I DownloadManager: in removeSpuriousFiles, preserving file /data/data/com.android.providers.downloads/cache/metadata-18.htm
07-05 12:49:53.300   545 24614 I DownloadManager: in removeSpuriousFiles, preserving file /data/data/com.android.providers.downloads/cache/metadata-19.htm
07-05 12:49:53.304   545 24614 I DownloadManager: in removeSpuriousFiles, preserving file /data/data/com.android.providers.downloads/cache/metadata-41.htm
07-05 12:49:53.304   545 24614 I DownloadManager: in removeSpuriousFiles, preserving file /data/data/com.android.providers.downloads/cache/metadata-34.htm
07-05 12:49:53.304   545 24614 I DownloadManager: in removeSpuriousFiles, preserving file /data/data/com.android.providers.downloads/cache/metadata-37.htm
07-05 12:49:53.304   545 24614 I DownloadManager: in removeSpuriousFiles, preserving file /data/data/com.android.providers.downloads/cache/metadata-15.htm
07-05 12:49:53.304   545 24614 I DownloadManager: in removeSpuriousFiles, preserving file /data/data/com.android.providers.downloads/cache/metadata-46.htm
07-05 12:49:53.304   545 24614 I DownloadManager: in removeSpuriousFiles, preserving file /data/data/com.android.providers.downloads/cache/metadata-35.htm
07-05 12:49:53.304   545 24614 I DownloadManager: in removeSpuriousFiles, preserving file /data/data/com.android.providers.downloads/cache/metadata-12.htm
07-05 12:49:53.304   545 24614 I DownloadManager: in removeSpuriousFiles, preserving file /data/data/com.android.providers.downloads/cache/metadata-28.htm
07-05 12:49:53.304   545 24614 I DownloadManager: in removeSpuriousFiles, preserving file /data/data/com.android.providers.downloads/cache/metadata-47.htm
07-05 12:49:53.304   545 24614 I DownloadManager: in removeSpuriousFiles, preserving file /data/data/com.android.providers.downloads/cache/metadata-292.htm
07-05 12:49:53.304   545 24614 I DownloadManager: in removeSpuriousFiles, preserving file /data/data/com.android.providers.downloads/cache/metadata-698.htm
07-05 12:49:53.304   545 24614 I DownloadManager: in removeSpuriousFiles, preserving file /data/data/com.android.providers.downloads/cache/metadata-1377.htm
07-05 12:49:53.304   545 24614 I DownloadManager: in removeSpuriousFiles, preserving file /data/data/com.android.providers.downloads/cache/metadata-464.htm
07-05 12:49:53.304   545 24614 I DownloadManager: in removeSpuriousFiles, preserving file /data/data/com.android.providers.downloads/cache/metadata-808.htm
07-05 12:49:53.304   545 24614 I DownloadManager: in removeSpuriousFiles, preserving file /data/data/com.android.providers.downloads/cache/metadata-1424.htm
07-05 12:49:53.304   545 24614 I DownloadManager: in removeSpuriousFiles, preserving file /data/data/com.android.providers.downloads/cache/metadata-51.htm
07-05 12:49:53.304   545 24614 I DownloadManager: in removeSpuriousFiles, preserving file /data/data/com.android.providers.downloads/cache/metadata-413.htm
07-05 12:49:53.304   545 24614 I DownloadManager: in removeSpuriousFiles, preserving file /data/data/com.android.providers.downloads/cache/metadata-1475.htm
07-05 12:49:53.304   545 24614 I DownloadManager: in removeSpuriousFiles, preserving file /data/data/com.android.providers.downloads/cache/metadata-632.htm
07-05 12:49:53.304   545 24614 I DownloadManager: in removeSpuriousFiles, preserving file /data/data/com.android.providers.downloads/cache/metadata-749.htm
07-05 12:49:53.308   545 24614 I DownloadManager: in removeSpuriousFiles, preserving file /data/data/com.android.providers.downloads/cache/metadata-495.htm
07-05 12:49:53.308   545 24614 I DownloadManager: in removeSpuriousFiles, preserving file /data/data/com.android.providers.downloads/cache/metadata-643.htm
07-05 12:49:53.324   545 24614 I DownloadManager: in removeSpuriousFiles, preserving file /data/data/com.android.providers.downloads/cache/metadata-565.htm
07-05 12:49:53.324   545 24614 I DownloadManager: in removeSpuriousFiles, preserving file /data/data/com.android.providers.downloads/cache/metadata-1272.htm
07-05 12:49:53.324   545 24614 I DownloadManager: in removeSpuriousFiles, preserving file /data/data/com.android.providers.downloads/cache/metadata-1343.htm
07-05 12:49:53.324   545 24614 I DownloadManager: in removeSpuriousFiles, preserving file /data/data/com.android.providers.downloads/cache/metadata-1841.htm
07-05 12:49:53.324   545 24614 I DownloadManager: in removeSpuriousFiles, preserving file /data/data/com.android.providers.downloads/cache/metadata-2123.htm
07-05 12:49:53.324   545 24614 I DownloadManager: in removeSpuriousFiles, preserving file /data/data/com.android.providers.downloads/cache/metadata-1291.htm
07-05 12:49:53.324   545 24614 I DownloadManager: in removeSpuriousFiles, preserving file /data/data/com.android.providers.downloads/cache/metadata-1568.htm
07-05 12:49:53.324   545 24614 I DownloadManager: in removeSpuriousFiles, preserving file /data/data/com.android.providers.downloads/cache/metadata-301.htm
07-05 12:49:53.324   545 24614 I DownloadManager: in removeSpuriousFiles, preserving file /data/data/com.android.providers.downloads/cache/metadata-1417.htm
07-05 12:49:53.324   545 24614 I DownloadManager: in removeSpuriousFiles, preserving file /data/data/com.android.providers.downloads/cache/metadata-1670.htm
07-05 12:49:53.324   545 24614 I DownloadManager: in removeSpuriousFiles, preserving file /data/data/com.android.providers.downloads/cache/metadata-1139.htm
07-05 12:49:53.324   545 24614 I DownloadManager: in removeSpuriousFiles, preserving file /data/data/com.android.providers.downloads/cache/metadata-619.htm
07-05 12:49:53.324   545 24614 I DownloadManager: in removeSpuriousFiles, preserving file /data/data/com.android.providers.downloads/cache/metadata-442.htm
07-05 12:49:53.324   545 24614 I DownloadManager: in removeSpuriousFiles, preserving file /data/data/com.android.providers.downloads/cache/metadata-1271.htm
07-05 12:49:53.324   545 24614 I DownloadManager: in removeSpuriousFiles, preserving file /data/data/com.android.providers.downloads/cache/metadata-800.htm
07-05 12:49:53.324   545 24614 I DownloadManager: in removeSpuriousFiles, preserving file /data/data/com.android.providers.downloads/cache/metadata-944.htm
07-05 12:49:53.324   545 24614 I DownloadManager: in removeSpuriousFiles, preserving file /data/data/com.android.providers.downloads/cache/metadata-1154.htm
07-05 12:49:53.324   545 24614 I DownloadManager: in removeSpuriousFiles, preserving file /data/data/com.android.providers.downloads/cache/metadata-718.htm
07-05 12:49:53.324   545 24614 I DownloadManager: in removeSpuriousFiles, preserving file /data/data/com.android.providers.downloads/cache/metadata-2059.htm
07-05 12:49:53.324   545 24614 I DownloadManager: in removeSpuriousFiles, preserving file /data/data/com.android.providers.downloads/cache/metadata-1332.htm
07-05 12:49:53.324   545 24614 I DownloadManager: in removeSpuriousFiles, preserving file /data/data/com.android.providers.downloads/cache/metadata-2536.htm
07-05 12:49:53.328   545 24614 I DownloadManager: in removeSpuriousFiles, preserving file /data/data/com.android.providers.downloads/cache/metadata-315.htm
07-05 12:49:53.328   545 24614 I DownloadManager: in removeSpuriousFiles, preserving file /data/data/com.android.providers.downloads/cache/metadata-510.htm
07-05 12:49:53.328   545 24614 I DownloadManager: in removeSpuriousFiles, preserving file /data/data/com.android.providers.downloads/cache/metadata-654.htm
07-05 12:49:53.328   545 24614 I DownloadManager: in removeSpuriousFiles, preserving file /data/data/com.android.providers.downloads/cache/metadata-395.htm
07-05 12:49:53.332   545 24614 I DownloadManager: in removeSpuriousFiles, preserving file /data/data/com.android.providers.downloads/cache/metadata-1704.htm
07-05 12:49:53.336   545 24614 I DownloadManager: in removeSpuriousFiles, preserving file /data/data/com.android.providers.downloads/cache/metadata-843.htm
07-05 12:49:53.336   545 24614 I DownloadManager: in removeSpuriousFiles, preserving file /data/data/com.android.providers.downloads/cache/metadata-953.htm
07-05 12:49:53.336   545 24614 I DownloadManager: in removeSpuriousFiles, preserving file /data/data/com.android.providers.downloads/cache/metadata-1321.htm
07-05 12:49:53.336   545 24614 I DownloadManager: in removeSpuriousFiles, preserving file /data/data/com.android.providers.downloads/cache/metadata-1320.htm
07-05 12:49:53.336   545 24614 I DownloadManager: in removeSpuriousFiles, preserving file /data/data/com.android.providers.downloads/cache/metadata-883.htm
07-05 12:49:53.336   545 24614 I DownloadManager: in removeSpuriousFiles, preserving file /data/data/com.android.providers.downloads/cache/metadata-1930.htm
07-05 12:49:53.336   545 24614 I DownloadManager: in removeSpuriousFiles, preserving file /data/data/com.android.providers.downloads/cache/metadata-2140.htm
07-05 12:49:53.340   545 24614 I DownloadManager: in removeSpuriousFiles, preserving file /data/data/com.android.providers.downloads/cache/metadata-669.htm
07-05 12:49:53.340   545 24614 I DownloadManager: in removeSpuriousFiles, preserving file /data/data/com.android.providers.downloads/cache/metadata-1009.htm
07-05 12:49:53.340   545 24614 I DownloadManager: in removeSpuriousFiles, preserving file /data/data/com.android.providers.downloads/cache/metadata-1135.htm
07-05 12:49:53.340   545 24614 I DownloadManager: in removeSpuriousFiles, preserving file /data/data/com.android.providers.downloads/cache/metadata-1628.htm
07-05 12:49:53.340   545 24614 I DownloadManager: in removeSpuriousFiles, preserving file /data/data/com.android.providers.downloads/cache/metadata-2283.htm
07-05 12:49:53.340   545 24614 I DownloadManager: in removeSpuriousFiles, preserving file /data/data/com.android.providers.downloads/cache/metadata-474.htm
07-05 12:49:53.340   545 24614 I DownloadManager: in removeSpuriousFiles, preserving file /data/data/com.android.providers.downloads/cache/metadata-594.htm
07-05 12:49:53.340   545 24614 I DownloadManager: in removeSpuriousFiles, preserving file /data/data/com.android.providers.downloads/cache/metadata-1465.htm
07-05 12:49:53.343   545 24614 I DownloadManager: in removeSpuriousFiles, preserving file /data/data/com.android.providers.downloads/cache/metadata-1258.htm
07-05 12:49:53.343   545 24614 I DownloadManager: in removeSpuriousFiles, preserving file /data/data/com.android.providers.downloads/cache/metadata-926.htm
07-05 12:49:53.343   545 24614 I DownloadManager: in removeSpuriousFiles, preserving file /data/data/com.android.providers.downloads/cache/metadata-1305.htm
07-05 12:49:53.343   545 24614 I DownloadManager: in removeSpuriousFiles, preserving file /data/data/com.android.providers.downloads/cache/metadata-1685.htm
07-05 12:49:53.343   545 24614 I DownloadManager: in removeSpuriousFiles, preserving file /data/data/com.android.providers.downloads/cache/metadata-511.htm
07-05 12:49:53.343   545 24614 I DownloadManager: in removeSpuriousFiles, preserving file /data/data/com.android.providers.downloads/cache/metadata-539.htm
07-05 12:49:53.347   545 24614 I DownloadManager: in removeSpuriousFiles, preserving file /data/data/com.android.providers.downloads/cache/metadata-1334.htm
07-05 12:49:53.347   545 24614 I DownloadManager: in removeSpuriousFiles, preserving file /data/data/com.android.providers.downloads/cache/metadata-1361.htm
07-05 12:49:53.347   545 24614 I DownloadManager: in removeSpuriousFiles, preserving file /data/data/com.android.providers.downloads/cache/metadata-1410.htm
07-05 12:49:53.347   545 24614 I DownloadManager: in removeSpuriousFiles, preserving file /data/data/com.android.providers.downloads/cache/metadata-625.htm
07-05 12:49:53.347   545 24614 I DownloadManager: in removeSpuriousFiles, preserving file /data/data/com.android.providers.downloads/cache/metadata-1081.htm
07-05 12:49:53.347   545 24614 I DownloadManager: in removeSpuriousFiles, preserving file /data/data/com.android.providers.downloads/cache/metadata-1590.htm
07-05 12:49:53.347   545 24614 I DownloadManager: in removeSpuriousFiles, preserving file /data/data/com.android.providers.downloads/cache/metadata-970.htm
07-05 12:49:53.347   545 24614 I DownloadManager: in removeSpuriousFiles, preserving file /data/data/com.android.providers.downloads/cache/metadata-1885.htm
07-05 12:49:53.351   545 24614 I DownloadManager: in removeSpuriousFiles, preserving file /data/data/com.android.providers.downloads/cache/metadata-2454.htm
07-05 12:49:53.351   545 24614 I DownloadManager: in removeSpuriousFiles, preserving file /data/data/com.android.providers.downloads/cache/metadata-1541.htm
07-05 12:49:53.351   545 24614 I DownloadManager: in removeSpuriousFiles, preserving file /data/data/com.android.providers.downloads/cache/metadata-1608.htm
07-05 12:49:53.351   545 24614 I DownloadManager: in removeSpuriousFiles, preserving file /data/data/com.android.providers.downloads/cache/metadata-489.htm
07-05 12:49:53.351   545 24614 I DownloadManager: in removeSpuriousFiles, preserving file /data/data/com.android.providers.downloads/cache/metadata-637.htm
07-05 12:49:53.351   545 24614 I DownloadManager: in removeSpuriousFiles, preserving file /data/data/com.android.providers.downloads/cache/metadata-1325.htm
07-05 12:49:53.355   545 24614 I DownloadManager: in removeSpuriousFiles, preserving file /data/data/com.android.providers.downloads/cache/metadata-1208.htm
07-05 12:49:53.355   545 24614 I DownloadManager: in removeSpuriousFiles, preserving file /data/data/com.android.providers.downloads/cache/metadata-1340.htm
07-05 12:49:53.355   545 24614 I DownloadManager: in removeSpuriousFiles, preserving file /data/data/com.android.providers.downloads/cache/metadata-1385.htm
07-05 12:49:53.355   545 24614 I DownloadManager: in removeSpuriousFiles, preserving file /data/data/com.android.providers.downloads/cache/metadata-743.htm
07-05 12:49:53.355   545 24614 I DownloadManager: in removeSpuriousFiles, preserving file /data/data/com.android.providers.downloads/cache/metadata-1003.htm
07-05 12:49:53.355   545 24614 I DownloadManager: in removeSpuriousFiles, preserving file /data/data/com.android.providers.downloads/cache/metadata-1529.htm
07-05 12:49:53.355   545 24614 I DownloadManager: in removeSpuriousFiles, preserving file /data/data/com.android.providers.downloads/cache/metadata-885.htm
07-05 12:49:53.359   545 24614 I DownloadManager: in removeSpuriousFiles, preserving file /data/data/com.android.providers.downloads/cache/metadata-726.htm
07-05 12:49:53.359   545 24614 I DownloadManager: in removeSpuriousFiles, preserving file /data/data/com.android.providers.downloads/cache/metadata-668.htm
07-05 12:49:53.359   545 24614 I DownloadManager: in removeSpuriousFiles, preserving file /data/data/com.android.providers.downloads/cache/metadata-774.htm
07-05 12:49:53.359   545 24614 I DownloadManager: in removeSpuriousFiles, preserving file /data/data/com.android.providers.downloads/cache/metadata-861.htm
07-05 12:49:53.359   545 24614 I DownloadManager: in removeSpuriousFiles, preserving file /data/data/com.android.providers.downloads/cache/metadata-1280.htm
07-05 12:49:53.359   545 24614 I DownloadManager: in removeSpuriousFiles, preserving file /data/data/com.android.providers.downloads/cache/metadata-1467.htm
07-05 12:49:53.363   545 24614 I DownloadManager: in removeSpuriousFiles, preserving file /data/data/com.android.providers.downloads/cache/metadata-973.htm
07-05 12:49:53.363   545 24614 I DownloadManager: in removeSpuriousFiles, preserving file /data/data/com.android.providers.downloads/cache/metadata-1394.htm
07-05 12:49:53.363   545 24614 I DownloadManager: in removeSpuriousFiles, preserving file /data/data/com.android.providers.downloads/cache/metadata-2326.htm
07-05 12:49:53.363   545 24614 I DownloadManager: in removeSpuriousFiles, preserving file /data/data/com.android.providers.downloads/cache/metadata-208.htm
07-05 12:49:53.363   545 24614 I DownloadManager: in removeSpuriousFiles, preserving file /data/data/com.android.providers.downloads/cache/metadata-1246.htm
07-05 12:49:53.363   545 24614 I DownloadManager: in removeSpuriousFiles, preserving file /data/data/com.android.providers.downloads/cache/metadata-994.htm
07-05 12:49:53.363   545 24614 I DownloadManager: in removeSpuriousFiles, preserving file /data/data/com.android.providers.downloads/cache/metadata-912.htm
07-05 12:49:53.367   545 24614 I DownloadManager: in removeSpuriousFiles, preserving file /data/data/com.android.providers.downloads/cache/metadata-1520.htm
07-05 12:49:53.367   545 24614 I DownloadManager: in removeSpuriousFiles, preserving file /data/data/com.android.providers.downloads/cache/metadata-732.htm
07-05 12:49:53.367   545 24614 I DownloadManager: in removeSpuriousFiles, preserving file /data/data/com.android.providers.downloads/cache/metadata-986.htm
07-05 12:49:53.367   545 24614 I DownloadManager: in removeSpuriousFiles, preserving file /data/data/com.android.providers.downloads/cache/metadata-846.htm
07-05 12:49:53.367   545 24614 I DownloadManager: in removeSpuriousFiles, preserving file /data/data/com.android.providers.downloads/cache/metadata-1342.htm
07-05 12:49:53.383   545 24614 I DownloadManager: in removeSpuriousFiles, preserving file /data/data/com.android.providers.downloads/cache/metadata-956.htm
07-05 12:49:53.383   545 24614 I DownloadManager: in removeSpuriousFiles, preserving file /data/data/com.android.providers.downloads/cache/metadata-1584.htm
07-05 12:49:53.383   545 24614 I DownloadManager: in removeSpuriousFiles, preserving file /data/data/com.android.providers.downloads/cache/metadata-505.htm
07-05 12:49:53.383   545 24614 I DownloadManager: in removeSpuriousFiles, preserving file /data/data/com.android.providers.downloads/cache/metadata-2194.htm
07-05 12:49:53.383   545 24614 I DownloadManager: in removeSpuriousFiles, preserving file /data/data/com.android.providers.downloads/cache/metadata-870.htm
07-05 12:49:53.383   545 24614 I DownloadManager: in removeSpuriousFiles, preserving file /data/data/com.android.providers.downloads/cache/metadata-1901.htm
07-05 12:49:53.383   545 24614 I DownloadManager: in removeSpuriousFiles, preserving file /data/data/com.android.providers.downloads/cache/metadata-884.htm
07-05 12:49:53.383   545 24614 I DownloadManager: in removeSpuriousFiles, preserving file /data/data/com.android.providers.downloads/cache/metadata-856.htm
07-05 12:49:53.383   545 24614 I DownloadManager: in removeSpuriousFiles, preserving file /data/data/com.android.providers.downloads/cache/metadata-2117.htm
07-05 12:49:53.383   545 24614 I DownloadManager: in removeSpuriousFiles, preserving file /data/data/com.android.providers.downloads/cache/metadata-646.htm
07-05 12:49:53.383   545 24614 I DownloadManager: in removeSpuriousFiles, preserving file /data/data/com.android.providers.downloads/cache/metadata-2027.htm
07-05 12:49:53.383   545 24614 I DownloadManager: in removeSpuriousFiles, preserving file /data/data/com.android.providers.downloads/cache/metadata-1518.htm
07-05 12:49:53.383   545 24614 I DownloadManager: in removeSpuriousFiles, preserving file /data/data/com.android.providers.downloads/cache/metadata-1539.htm
07-05 12:49:53.386   545   548 D dalvikvm: GC_CONCURRENT freed 547K, 9% free 10781K/11719K, paused 3ms+2ms
07-05 12:49:53.386   545 24614 I DownloadManager: in removeSpuriousFiles, preserving file /data/data/com.android.providers.downloads/cache/metadata-2.htm
07-05 12:49:53.390   545 24614 I DownloadManager: in removeSpuriousFiles, preserving file /data/data/com.android.providers.downloads/cache/metadata-23.htm
07-05 12:49:53.390   545 24614 I DownloadManager: in removeSpuriousFiles, preserving file /data/data/com.android.providers.downloads/cache/metadata-8.htm
07-05 12:49:53.390   545 24614 I DownloadManager: in removeSpuriousFiles, preserving file /data/data/com.android.providers.downloads/cache/metadata-24.htm
07-05 12:49:53.390   545 24614 I DownloadManager: in removeSpuriousFiles, preserving file /data/data/com.android.providers.downloads/cache/metadata-36.htm
07-05 12:49:53.390   545 24614 I DownloadManager: in removeSpuriousFiles, preserving file /data/data/com.android.providers.downloads/cache/metadata-13.htm
07-05 12:49:53.390   545 24614 I DownloadManager: in removeSpuriousFiles, preserving file /data/data/com.android.providers.downloads/cache/metadata-40.htm
07-05 12:49:53.390   545 24614 I DownloadManager: in removeSpuriousFiles, preserving file /data/data/com.android.providers.downloads/cache/metadata-56.htm
07-05 12:49:53.390   545 24614 I DownloadManager: in removeSpuriousFiles, preserving file /data/data/com.android.providers.downloads/cache/metadata-32.htm
07-05 12:49:53.390   545 24614 I DownloadManager: in removeSpuriousFiles, preserving file /data/data/com.android.providers.downloads/cache/metadata-21.htm
07-05 12:49:53.390   545 24614 I DownloadManager: in removeSpuriousFiles, preserving file /data/data/com.android.providers.downloads/cache/metadata-55.htm
07-05 12:49:53.390   545 24614 I DownloadManager: in removeSpuriousFiles, preserving file /data/data/com.android.providers.downloads/cache/metadata-42.htm
07-05 12:49:53.390   545 24614 I DownloadManager: in removeSpuriousFiles, preserving file /data/data/com.android.providers.downloads/cache/metadata-58.htm
07-05 12:49:53.390   545 24614 I DownloadManager: in removeSpuriousFiles, preserving file /data/data/com.android.providers.downloads/cache/metadata-59.htm
07-05 12:49:53.390   545 24614 I DownloadManager: in removeSpuriousFiles, preserving file /data/data/com.android.providers.downloads/cache/metadata-2109.htm
07-05 12:49:53.390   545 24614 I DownloadManager: in removeSpuriousFiles, preserving file /data/data/com.android.providers.downloads/cache/metadata-161.htm
07-05 12:49:53.390   545 24614 I DownloadManager: in removeSpuriousFiles, preserving file /data/data/com.android.providers.downloads/cache/metadata-372.htm
07-05 12:49:53.390   545 24614 I DownloadManager: in removeSpuriousFiles, preserving file /data/data/com.android.providers.downloads/cache/metadata-60.htm
07-05 12:49:53.390   545 24614 I DownloadManager: in removeSpuriousFiles, preserving file /data/data/com.android.providers.downloads/cache/metadata-153.htm
07-05 12:49:53.394   545 24614 I DownloadManager: in removeSpuriousFiles, preserving file /data/data/com.android.providers.downloads/cache/metadata-62.htm
07-05 12:49:53.394   545 24614 I DownloadManager: in removeSpuriousFiles, preserving file /data/data/com.android.providers.downloads/cache/metadata-89.htm
07-05 12:49:53.394   545 24614 I DownloadManager: in removeSpuriousFiles, preserving file /data/data/com.android.providers.downloads/cache/metadata-1266.htm
07-05 12:49:53.394   545 24614 I DownloadManager: in removeSpuriousFiles, preserving file /data/data/com.android.providers.downloads/cache/metadata-151.htm
07-05 12:49:53.402   545 24614 I DownloadManager: in removeSpuriousFiles, preserving file /data/data/com.android.providers.downloads/cache/metadata-324.htm
07-05 12:49:53.402   545 24614 I DownloadManager: in removeSpuriousFiles, preserving file /data/data/com.android.providers.downloads/cache/metadata-1400.htm
07-05 12:49:53.402   545 24614 I DownloadManager: in removeSpuriousFiles, preserving file /data/data/com.android.providers.downloads/cache/metadata-609.htm
07-05 12:49:53.402   545 24614 I DownloadManager: in removeSpuriousFiles, preserving file /data/data/com.android.providers.downloads/cache/metadata-183.htm
07-05 12:49:53.402   545 24614 I DownloadManager: in removeSpuriousFiles, preserving file /data/data/com.android.providers.downloads/cache/metadata-1740.htm
07-05 12:49:53.402   545 24614 I DownloadManager: in removeSpuriousFiles, preserving file /data/data/com.android.providers.downloads/cache/metadata-67.htm
07-05 12:49:53.402   545 24614 I DownloadManager: in removeSpuriousFiles, preserving file /data/data/com.android.providers.downloads/cache/metadata-143.htm
07-05 12:49:53.402   545 24614 I DownloadManager: in removeSpuriousFiles, preserving file /data/data/com.android.providers.downloads/cache/metadata-1077.htm
07-05 12:49:53.402   545 24614 I DownloadManager: in removeSpuriousFiles, preserving file /data/data/com.android.providers.downloads/cache/metadata-563.htm
07-05 12:49:53.402   545 24614 I DownloadManager: in removeSpuriousFiles, preserving file /data/data/com.android.providers.downloads/cache/metadata-1249.htm
07-05 12:49:53.402   545 24614 I DownloadManager: in removeSpuriousFiles, preserving file /data/data/com.android.providers.downloads/cache/metadata-196.htm
07-05 12:49:53.402   545 24614 I DownloadManager: in removeSpuriousFiles, preserving file /data/data/com.android.providers.downloads/cache/metadata-216.htm
07-05 12:49:53.402   545 24614 I DownloadManager: in removeSpuriousFiles, preserving file /data/data/com.android.providers.downloads/cache/metadata-1887.htm
07-05 12:49:53.402   545 24614 I DownloadManager: in removeSpuriousFiles, preserving file /data/data/com.android.providers.downloads/cache/metadata-799.htm
07-05 12:49:53.402   545 24614 I DownloadManager: in removeSpuriousFiles, preserving file /data/data/com.android.providers.downloads/cache/metadata-991.htm
07-05 12:49:53.402   545 24614 I DownloadManager: in removeSpuriousFiles, preserving file /data/data/com.android.providers.downloads/cache/metadata-230.htm
07-05 12:49:53.402   545 24614 I DownloadManager: in removeSpuriousFiles, preserving file /data/data/com.android.providers.downloads/cache/metadata-1102.htm
07-05 12:49:53.402   545 24614 I DownloadManager: in removeSpuriousFiles, preserving file /data/data/com.android.providers.downloads/cache/metadata-656.htm
07-05 12:49:53.402   545 24614 I DownloadManager: in removeSpuriousFiles, preserving file /data/data/com.android.providers.downloads/cache/metadata-580.htm
07-05 12:49:53.406   545 24614 I DownloadManager: in removeSpuriousFiles, preserving file /data/data/com.android.providers.downloads/cache/metadata-1304.htm
07-05 12:49:53.406   545 24614 I DownloadManager: in removeSpuriousFiles, preserving file /data/data/com.android.providers.downloads/cache/metadata-1635.htm
07-05 12:49:53.406   545 24614 I DownloadManager: in removeSpuriousFiles, preserving file /data/data/com.android.providers.downloads/cache/metadata-416.htm
07-05 12:49:53.406   545 24614 I DownloadManager: in removeSpuriousFiles, preserving file /data/data/com.android.providers.downloads/cache/metadata-1823.htm
07-05 12:49:53.406   545 24614 I DownloadManager: in removeSpuriousFiles, preserving file /data/data/com.android.providers.downloads/cache/metadata-590.htm
07-05 12:49:53.406   545 24614 I DownloadManager: in removeSpuriousFiles, preserving file /data/data/com.android.providers.downloads/cache/metadata-586.htm
07-05 12:49:53.406   545 24614 I DownloadManager: in removeSpuriousFiles, preserving file /data/data/com.android.providers.downloads/cache/metadata-1270.htm
07-05 12:49:53.406   545 24614 I DownloadManager: in removeSpuriousFiles, preserving file /data/data/com.android.providers.downloads/cache/metadata-686.htm
07-05 12:49:53.406   545 24614 I DownloadManager: in removeSpuriousFiles, preserving file /data/data/com.android.providers.downloads/cache/metadata-245.htm
07-05 12:49:53.406   545 24614 I DownloadManager: in removeSpuriousFiles, preserving file /data/data/com.android.providers.downloads/cache/metadata-862.htm
07-05 12:49:53.406   545 24614 I DownloadManager: in removeSpuriousFiles, preserving file /data/data/com.android.providers.downloads/cache/metadata-1312.htm
07-05 12:49:53.406   545 24614 I DownloadManager: in removeSpuriousFiles, preserving file /data/data/com.android.providers.downloads/cache/metadata-1212.htm
07-05 12:49:53.406   545 24614 I DownloadManager: in removeSpuriousFiles, preserving file /data/data/com.android.providers.downloads/cache/metadata-294.htm
07-05 12:49:53.406   545 24614 I DownloadManager: in removeSpuriousFiles, preserving file /data/data/com.android.providers.downloads/cache/metadata-192.htm
07-05 12:49:53.406   545 24614 I DownloadManager: in removeSpuriousFiles, preserving file /data/data/com.android.providers.downloads/cache/metadata-1140.htm
07-05 12:49:53.406   545 24614 I DownloadManager: in removeSpuriousFiles, preserving file /data/data/com.android.providers.downloads/cache/metadata-201.htm
07-05 12:49:53.406   545 24614 I DownloadManager: in removeSpuriousFiles, preserving file /data/data/com.android.providers.downloads/cache/metadata-77.htm
07-05 12:49:53.406   545 24614 I DownloadManager: in removeSpuriousFiles, preserving file /data/data/com.android.providers.downloads/cache/metadata-1921.htm
07-05 12:49:53.410   545 24614 I DownloadManager: in removeSpuriousFiles, preserving file /data/data/com.android.providers.downloads/cache/metadata-627.htm
07-05 12:49:53.410   545 24614 I DownloadManager: in removeSpuriousFiles, preserving file /data/data/com.android.providers.downloads/cache/metadata-569.htm
07-05 12:49:53.410   545 24614 I DownloadManager: in removeSpuriousFiles, preserving file /data/data/com.android.providers.downloads/cache/metadata-1756.htm
07-05 12:49:53.410   545 24614 I DownloadManager: in removeSpuriousFiles, preserving file /data/data/com.android.providers.downloads/cache/metadata-787.htm
07-05 12:49:53.410   545 24614 I DownloadManager: in removeSpuriousFiles, preserving file /data/data/com.android.providers.downloads/cache/metadata-1158.htm
07-05 12:49:53.410   545 24614 I DownloadManager: in removeSpuriousFiles, preserving file /data/data/com.android.providers.downloads/cache/metadata-595.htm
07-05 12:49:53.410   545 24614 I DownloadManager: in removeSpuriousFiles, preserving file /data/data/com.android.providers.downloads/cache/metadata-1002.htm
07-05 12:49:53.410   545 24614 I DownloadManager: in removeSpuriousFiles, preserving file /data/data/com.android.providers.downloads/cache/metadata-1199.htm
07-05 12:49:53.410   545 24614 I DownloadManager: in removeSpuriousFiles, preserving file /data/data/com.android.providers.downloads/cache/metadata-174.htm
07-05 12:49:53.410   545 24614 I DownloadManager: in removeSpuriousFiles, preserving file /data/data/com.android.providers.downloads/cache/metadata-641.htm
07-05 12:49:53.410   545 24614 I DownloadManager: in removeSpuriousFiles, preserving file /data/data/com.android.providers.downloads/cache/metadata-319.htm
07-05 12:49:53.414   545 24614 I DownloadManager: in removeSpuriousFiles, preserving file /data/data/com.android.providers.downloads/cache/metadata-1314.htm
07-05 12:49:53.414   545 24614 I DownloadManager: in removeSpuriousFiles, preserving file /data/data/com.android.providers.downloads/cache/metadata-663.htm
07-05 12:49:53.414   545 24614 I DownloadManager: in removeSpuriousFiles, preserving file /data/data/com.android.providers.downloads/cache/metadata-604.htm
07-05 12:49:53.414   545 24614 I DownloadManager: in removeSpuriousFiles, preserving file /data/data/com.android.providers.downloads/cache/metadata-1195.htm
07-05 12:49:53.414   545 24614 I DownloadManager: in removeSpuriousFiles, preserving file /data/data/com.android.providers.downloads/cache/metadata-1458.htm
07-05 12:49:53.414   545 24614 I DownloadManager: in removeSpuriousFiles, preserving file /data/data/com.android.providers.downloads/cache/metadata-1847.htm
07-05 12:49:53.414   545 24614 I DownloadManager: in removeSpuriousFiles, preserving file /data/data/com.android.providers.downloads/cache/metadata-556.htm
07-05 12:49:53.414   545 24614 I DownloadManager: in removeSpuriousFiles, preserving file /data/data/com.android.providers.downloads/cache/metadata-1687.htm
07-05 12:49:53.414   545 24614 I DownloadManager: in removeSpuriousFiles, preserving file /data/data/com.android.providers.downloads/cache/metadata-1649.htm
07-05 12:49:53.414   545 24614 I DownloadManager: in removeSpuriousFiles, preserving file /data/data/com.android.providers.downloads/cache/metadata-1441.htm
07-05 12:49:53.414   545 24614 I DownloadManager: in removeSpuriousFiles, preserving file /data/data/com.android.providers.downloads/cache/metadata-797.htm
07-05 12:49:53.414   545 24614 I DownloadManager: in removeSpuriousFiles, preserving file /data/data/com.android.providers.downloads/cache/metadata-1395.htm
07-05 12:49:53.414   545 24614 I DownloadManager: in removeSpuriousFiles, preserving file /data/data/com.android.providers.downloads/cache/metadata-1341.htm
07-05 12:49:53.414   545 24614 I DownloadManager: in removeSpuriousFiles, preserving file /data/data/com.android.providers.downloads/cache/metadata-1910.htm
07-05 12:49:53.414   545 24614 I DownloadManager: in removeSpuriousFiles, preserving file /data/data/com.android.providers.downloads/cache/metadata-642.htm
07-05 12:49:53.418   545 24614 I DownloadManager: in removeSpuriousFiles, preserving file /data/data/com.android.providers.downloads/cache/metadata-989.htm
07-05 12:49:53.418   545 24614 I DownloadManager: in removeSpuriousFiles, preserving file /data/data/com.android.providers.downloads/cache/metadata-1931.htm
07-05 12:49:53.418   545 24614 I DownloadManager: in removeSpuriousFiles, preserving file /data/data/com.android.providers.downloads/cache/metadata-1251.htm
07-05 12:49:53.422   545 24614 I DownloadManager: in removeSpuriousFiles, preserving file /data/data/com.android.providers.downloads/cache/metadata-1775.htm
07-05 12:49:53.422   545 24614 I DownloadManager: in removeSpuriousFiles, preserving file /data/data/com.android.providers.downloads/cache/metadata-1241.htm
07-05 12:49:53.422   545 24614 I DownloadManager: in removeSpuriousFiles, preserving file /data/data/com.android.providers.downloads/cache/metadata-1677.htm
07-05 12:49:53.422   545 24614 I DownloadManager: in removeSpuriousFiles, preserving file /data/data/com.android.providers.downloads/cache/metadata-2208.htm
07-05 12:49:53.422   545 24614 I DownloadManager: in removeSpuriousFiles, preserving file /data/data/com.android.providers.downloads/cache/metadata-473.htm
07-05 12:49:53.422   545 24614 I DownloadManager: in removeSpuriousFiles, preserving file /data/data/com.android.providers.downloads/cache/metadata-1956.htm
07-05 12:49:53.422   545 24614 I DownloadManager: in removeSpuriousFiles, preserving file /data/data/com.android.providers.downloads/cache/metadata-882.htm
07-05 12:49:53.422   545 24614 I DownloadManager: in removeSpuriousFiles, preserving file /data/data/com.android.providers.downloads/cache/metadata-1626.htm
07-05 12:49:53.422   545 24614 I DownloadManager: in removeSpuriousFiles, preserving file /data/data/com.android.providers.downloads/cache/metadata-772.htm
07-05 12:49:53.422   545 24614 I DownloadManager: in removeSpuriousFiles, preserving file /data/data/com.android.providers.downloads/cache/metadata-1716.htm
07-05 12:49:53.422   545 24614 I DownloadManager: in removeSpuriousFiles, preserving file /data/data/com.android.providers.downloads/cache/metadata-1355.htm
07-05 12:49:53.422   545 24614 I DownloadManager: in removeSpuriousFiles, preserving file /data/data/com.android.providers.downloads/cache/metadata-1498.htm
07-05 12:49:53.422   545 24614 I DownloadManager: in removeSpuriousFiles, preserving file /data/data/com.android.providers.downloads/cache/metadata-848.htm
07-05 12:49:53.422   545 24614 I DownloadManager: in removeSpuriousFiles, preserving file /data/data/com.android.providers.downloads/cache/metadata-849.htm
07-05 12:49:53.425   545 24614 I DownloadManager: in removeSpuriousFiles, preserving file /data/data/com.android.providers.downloads/cache/metadata-1659.htm
07-05 12:49:53.425   545 24614 I DownloadManager: in removeSpuriousFiles, preserving file /data/data/com.android.providers.downloads/cache/metadata-1707.htm
07-05 12:49:53.425   545 24614 I DownloadManager: in removeSpuriousFiles, preserving file /data/data/com.android.providers.downloads/cache/metadata-661.htm
07-05 12:49:53.425   545 24614 I DownloadManager: in removeSpuriousFiles, preserving file /data/data/com.android.providers.downloads/cache/metadata-299.htm
07-05 12:49:53.425   545 24614 I DownloadManager: in removeSpuriousFiles, preserving file /data/data/com.android.providers.downloads/cache/metadata-126.htm
07-05 12:49:53.425   545 24614 I DownloadManager: in removeSpuriousFiles, preserving file /data/data/com.android.providers.downloads/cache/metadata-983.htm
07-05 12:49:53.425   545 24614 I DownloadManager: in removeSpuriousFiles, preserving file /data/data/com.android.providers.downloads/cache/metadata-2184.htm
07-05 12:49:53.425   545 24614 I DownloadManager: in removeSpuriousFiles, preserving file /data/data/com.android.providers.downloads/cache/metadata-219.htm
07-05 12:49:53.425   545 24614 I DownloadManager: in removeSpuriousFiles, preserving file /data/data/com.android.providers.downloads/cache/metadata-757.htm
07-05 12:49:53.425   545 24614 I DownloadManager: in removeSpuriousFiles, preserving file /data/data/com.android.providers.downloads/cache/metadata-691.htm
07-05 12:49:53.425   545 24614 I DownloadManager: in removeSpuriousFiles, preserving file /data/data/com.android.providers.downloads/cache/metadata-694.htm
07-05 12:49:53.425   545 24614 I DownloadManager: in removeSpuriousFiles, preserving file /data/data/com.android.providers.downloads/cache/metadata-1036.htm
07-05 12:49:53.425   545 24614 I DownloadManager: in removeSpuriousFiles, preserving file /data/data/com.android.providers.downloads/cache/metadata-1066.htm
07-05 12:49:53.425   545 24614 I DownloadManager: in removeSpuriousFiles, preserving file /data/data/com.android.providers.downloads/cache/metadata-1181.htm
07-05 12:49:53.429   545 24614 I DownloadManager: in removeSpuriousFiles, preserving file /data/data/com.android.providers.downloads/cache/metadata-2062.htm
07-05 12:49:53.429   545 24614 I DownloadManager: in removeSpuriousFiles, preserving file /data/data/com.android.providers.downloads/cache/metadata-1142.htm
07-05 12:49:53.429   545 24614 I DownloadManager: in removeSpuriousFiles, preserving file /data/data/com.android.providers.downloads/cache/metadata-1922.htm
07-05 12:49:53.429   545 24614 I DownloadManager: in removeSpuriousFiles, preserving file /data/data/com.android.providers.downloads/cache/metadata-1211.htm
07-05 12:49:53.429   545 24614 I DownloadManager: in removeSpuriousFiles, preserving file /data/data/com.android.providers.downloads/cache/metadata-1519.htm
07-05 12:49:53.429   545 24614 I DownloadManager: in removeSpuriousFiles, preserving file /data/data/com.android.providers.downloads/cache/metadata-1369.htm
07-05 12:49:53.429   545 24614 I DownloadManager: in removeSpuriousFiles, preserving file /data/data/com.android.providers.downloads/cache/metadata-601.htm
07-05 12:49:53.429   545 24614 I DownloadManager: in removeSpuriousFiles, preserving file /data/data/com.android.providers.downloads/cache/metadata-677.htm
07-05 12:49:53.429   545 24614 I DownloadManager: in removeSpuriousFiles, preserving file /data/data/com.android.providers.downloads/cache/metadata-1650.htm
07-05 12:49:53.429   545 24614 I DownloadManager: in removeSpuriousFiles, preserving file /data/data/com.android.providers.downloads/cache/metadata-16.htm
07-05 12:49:53.429   545 24614 I DownloadManager: in removeSpuriousFiles, preserving file /data/data/com.android.providers.downloads/cache/metadata-27.htm
07-05 12:49:53.429   545 24614 I DownloadManager: in removeSpuriousFiles, preserving file /data/data/com.android.providers.downloads/cache/metadata-44.htm
07-05 12:49:53.429   545 24614 I DownloadManager: in removeSpuriousFiles, preserving file /data/data/com.android.providers.downloads/cache/metadata-54.htm
07-05 12:49:53.429   545 24614 I DownloadManager: in removeSpuriousFiles, preserving file /data/data/com.android.providers.downloads/cache/metadata-25.htm
07-05 12:49:53.429   545 24614 I DownloadManager: in removeSpuriousFiles, preserving file /data/data/com.android.providers.downloads/cache/metadata-39.htm
07-05 12:49:53.429   545 24614 I DownloadManager: in removeSpuriousFiles, preserving file /data/data/com.android.providers.downloads/cache/metadata-17.htm
07-05 12:49:53.429   545 24614 I DownloadManager: in removeSpuriousFiles, preserving file /data/data/com.android.providers.downloads/cache/metadata-72.htm
07-05 12:49:53.429   545 24614 I DownloadManager: in removeSpuriousFiles, preserving file /data/data/com.android.providers.downloads/cache/metadata-71.htm
07-05 12:49:53.433   545 24614 I DownloadManager: in removeSpuriousFiles, preserving file /data/data/com.android.providers.downloads/cache/metadata-150.htm
07-05 12:49:53.433   545 24614 I DownloadManager: in removeSpuriousFiles, preserving file /data/data/com.android.providers.downloads/cache/metadata-148.htm
07-05 12:49:53.433   545 24614 I DownloadManager: in removeSpuriousFiles, preserving file /data/data/com.android.providers.downloads/cache/metadata-68.htm
07-05 12:49:53.433   545 24614 I DownloadManager: in removeSpuriousFiles, preserving file /data/data/com.android.providers.downloads/cache/metadata-300.htm
07-05 12:49:53.433   545 24614 I DownloadManager: in removeSpuriousFiles, preserving file /data/data/com.android.providers.downloads/cache/metadata-224.htm
07-05 12:49:53.433   545 24614 I DownloadManager: in removeSpuriousFiles, preserving file /data/data/com.android.providers.downloads/cache/metadata-85.htm
07-05 12:49:53.433   545 24614 I DownloadManager: in removeSpuriousFiles, preserving file /data/data/com.android.providers.downloads/cache/metadata-254.htm
07-05 12:49:53.433   545 24614 I DownloadManager: in removeSpuriousFiles, preserving file /data/data/com.android.providers.downloads/cache/metadata-158.htm
07-05 12:49:53.433   545 24614 I DownloadManager: in removeSpuriousFiles, preserving file /data/data/com.android.providers.downloads/cache/metadata-120.htm
07-05 12:49:53.433   545 24614 I DownloadManager: in removeSpuriousFiles, preserving file /data/data/com.android.providers.downloads/cache/metadata-90.htm
07-05 12:49:53.433   545 24614 I DownloadManager: in removeSpuriousFiles, preserving file /data/data/com.android.providers.downloads/cache/metadata-284.htm
07-05 12:49:53.433   545 24614 I DownloadManager: in removeSpuriousFiles, preserving file /data/data/com.android.providers.downloads/cache/metadata-182.htm
07-05 12:49:53.433   545 24614 I DownloadManager: in removeSpuriousFiles, preserving file /data/data/com.android.providers.downloads/cache/metadata-101.htm
07-05 12:49:53.433   545 24614 I DownloadManager: in removeSpuriousFiles, preserving file /data/data/com.android.providers.downloads/cache/metadata-145.htm
07-05 12:49:53.433   545 24614 I DownloadManager: in removeSpuriousFiles, preserving file /data/data/com.android.providers.downloads/cache/metadata-215.htm
07-05 12:49:53.433   545 24614 I DownloadManager: in removeSpuriousFiles, preserving file /data/data/com.android.providers.downloads/cache/metadata-70.htm
07-05 12:49:53.433   545 24614 I DownloadManager: in removeSpuriousFiles, preserving file /data/data/com.android.providers.downloads/cache/metadata-207.htm
07-05 12:49:53.433   545 24614 I DownloadManager: in removeSpuriousFiles, preserving file /data/data/com.android.providers.downloads/cache/metadata-123.htm
07-05 12:49:53.433   545 24614 I DownloadManager: in removeSpuriousFiles, preserving file /data/data/com.android.providers.downloads/cache/metadata-202.htm
07-05 12:49:53.433   545 24614 I DownloadManager: in removeSpuriousFiles, preserving file /data/data/com.android.providers.downloads/cache/metadata-80.htm
07-05 12:49:53.433   545 24614 I DownloadManager: in removeSpuriousFiles, preserving file /data/data/com.android.providers.downloads/cache/metadata-753.htm
07-05 12:49:53.433   545 24614 I DownloadManager: in removeSpuriousFiles, preserving file /data/data/com.android.providers.downloads/cache/metadata-620.htm
07-05 12:49:53.433   545 24614 I DownloadManager: in removeSpuriousFiles, preserving file /data/data/com.android.providers.downloads/cache/metadata-73.htm
07-05 12:49:53.433   545 24614 I DownloadManager: in removeSpuriousFiles, preserving file /data/data/com.android.providers.downloads/cache/metadata-141.htm
07-05 12:49:53.433   545 24614 I DownloadManager: in removeSpuriousFiles, preserving file /data/data/com.android.providers.downloads/cache/metadata-142.htm
07-05 12:49:53.437   545 24614 I DownloadManager: in removeSpuriousFiles, preserving file /data/data/com.android.providers.downloads/cache/metadata-79.htm
07-05 12:49:53.437   545 24614 I DownloadManager: in removeSpuriousFiles, preserving file /data/data/com.android.providers.downloads/cache/metadata-398.htm
07-05 12:49:53.437   545 24614 I DownloadManager: in removeSpuriousFiles, preserving file /data/data/com.android.providers.downloads/cache/metadata-124.htm
07-05 12:49:53.437   545 24614 I DownloadManager: in removeSpuriousFiles, preserving file /data/data/com.android.providers.downloads/cache/metadata-919.htm
07-05 12:49:53.437   545 24614 I DownloadManager: in removeSpuriousFiles, preserving file /data/data/com.android.providers.downloads/cache/metadata-1522.htm
07-05 12:49:53.437   545 24614 I DownloadManager: in removeSpuriousFiles, preserving file /data/data/com.android.providers.downloads/cache/metadata-1075.htm
07-05 12:49:53.437   545 24614 I DownloadManager: in removeSpuriousFiles, preserving file /data/data/com.android.providers.downloads/cache/metadata-685.htm
07-05 12:49:53.437   545 24614 I DownloadManager: in removeSpuriousFiles, preserving file /data/data/com.android.providers.downloads/cache/metadata-102.htm
07-05 12:49:53.437   545 24614 I DownloadManager: in removeSpuriousFiles, preserving file /data/data/com.android.providers.downloads/cache/metadata-267.htm
07-05 12:49:53.437   545 24614 I DownloadManager: in removeSpuriousFiles, preserving file /data/data/com.android.providers.downloads/cache/metadata-874.htm
07-05 12:49:53.437   545 24614 I DownloadManager: in removeSpuriousFiles, preserving file /data/data/com.android.providers.downloads/cache/metadata-240.htm
07-05 12:49:53.437   545 24614 I DownloadManager: in removeSpuriousFiles, preserving file /data/data/com.android.providers.downloads/cache/metadata-1548.htm
07-05 12:49:53.437   545 24614 I DownloadManager: in removeSpuriousFiles, preserving file /data/data/com.android.providers.downloads/cache/metadata-209.htm
07-05 12:49:53.437   545 24614 I DownloadManager: in removeSpuriousFiles, preserving file /data/data/com.android.providers.downloads/cache/metadata-345.htm
07-05 12:49:53.437   545 24614 I DownloadManager: in removeSpuriousFiles, preserving file /data/data/com.android.providers.downloads/cache/metadata-317.htm
07-05 12:49:53.437   545 24614 I DownloadManager: in removeSpuriousFiles, preserving file /data/data/com.android.providers.downloads/cache/metadata-191.htm
07-05 12:49:53.437   545 24614 I DownloadManager: in removeSpuriousFiles, preserving file /data/data/com.android.providers.downloads/cache/metadata-164.htm
07-05 12:49:53.437   545 24614 I DownloadManager: in removeSpuriousFiles, preserving file /data/data/com.android.providers.downloads/cache/metadata-206.htm
07-05 12:49:53.437   545 24614 I DownloadManager: in removeSpuriousFiles, preserving file /data/data/com.android.providers.downloads/cache/metadata-135.htm
07-05 12:49:53.437   545 24614 I DownloadManager: in removeSpuriousFiles, preserving file /data/data/com.android.providers.downloads/cache/metadata-1530.htm
07-05 12:49:53.437   545 24614 I DownloadManager: in removeSpuriousFiles, preserving file /data/data/com.android.providers.downloads/cache/metadata-445.htm
07-05 12:49:53.441   545 24614 I DownloadManager: in removeSpuriousFiles, preserving file /data/data/com.android.providers.downloads/cache/metadata-181.htm
07-05 12:49:53.441   545 24614 I DownloadManager: in removeSpuriousFiles, preserving file /data/data/com.android.providers.downloads/cache/metadata-115.htm
07-05 12:49:53.441   545 24614 I DownloadManager: in removeSpuriousFiles, preserving file /data/data/com.android.providers.downloads/cache/metadata-157.htm
07-05 12:49:53.441   545 24614 I DownloadManager: in removeSpuriousFiles, preserving file /data/data/com.android.providers.downloads/cache/metadata-232.htm
07-05 12:49:53.441   545 24614 I DownloadManager: in removeSpuriousFiles, preserving file /data/data/com.android.providers.downloads/cache/metadata-406.htm
07-05 12:49:53.441   545 24614 I DownloadManager: in removeSpuriousFiles, preserving file /data/data/com.android.providers.downloads/cache/metadata-2799.htm
07-05 12:49:53.441   545 24614 I DownloadManager: in removeSpuriousFiles, preserving file /data/data/com.android.providers.downloads/cache/metadata-636.htm
07-05 12:49:53.441   545 24614 I DownloadManager: in removeSpuriousFiles, preserving file /data/data/com.android.providers.downloads/cache/metadata-392.htm
07-05 12:49:53.441   545 24614 I DownloadManager: in removeSpuriousFiles, preserving file /data/data/com.android.providers.downloads/cache/metadata-1407.htm
07-05 12:49:53.441   545 24614 I DownloadManager: in removeSpuriousFiles, preserving file /data/data/com.android.providers.downloads/cache/metadata-149.htm
07-05 12:49:53.441   545 24614 I DownloadManager: in removeSpuriousFiles, preserving file /data/data/com.android.providers.downloads/cache/metadata-259.htm
07-05 12:49:53.441   545 24614 I DownloadManager: in removeSpuriousFiles, preserving file /data/data/com.android.providers.downloads/cache/metadata-1991.htm
07-05 12:49:53.441   545 24614 I DownloadManager: in removeSpuriousFiles, preserving file /data/data/com.android.providers.downloads/cache/metadata-1031.htm
07-05 12:49:53.441   545 24614 I DownloadManager: in removeSpuriousFiles, preserving file /data/data/com.android.providers.downloads/cache/metadata-1796.htm
07-05 12:49:53.441   545 24614 I DownloadManager: in removeSpuriousFiles, preserving file /data/data/com.android.providers.downloads/cache/metadata-716.htm
07-05 12:49:53.441   545 24614 I DownloadManager: in removeSpuriousFiles, preserving file /data/data/com.android.providers.downloads/cache/metadata-82.htm
07-05 12:49:53.441   545 24614 I DownloadManager: in removeSpuriousFiles, preserving file /data/data/com.android.providers.downloads/cache/metadata-1868.htm
07-05 12:49:53.441   545 24614 I DownloadManager: in removeSpuriousFiles, preserving file /data/data/com.android.providers.downloads/cache/metadata-1959.htm
07-05 12:49:53.441   545 24614 I DownloadManager: in removeSpuriousFiles, preserving file /data/data/com.android.providers.downloads/cache/metadata-566.htm
07-05 12:49:53.445   545 24614 I DownloadManager: in removeSpuriousFiles, preserving file /data/data/com.android.providers.downloads/cache/metadata-1437.htm
07-05 12:49:53.445   545 24614 I DownloadManager: in removeSpuriousFiles, preserving file /data/data/com.android.providers.downloads/cache/metadata-116.htm
07-05 12:49:53.445   545 24614 I DownloadManager: in removeSpuriousFiles, preserving file /data/data/com.android.providers.downloads/cache/metadata-1087.htm
07-05 12:49:53.445   545 24614 I DownloadManager: in removeSpuriousFiles, preserving file /data/data/com.android.providers.downloads/cache/metadata-1521.htm
07-05 12:49:53.445   545 24614 I DownloadManager: in removeSpuriousFiles, preserving file /data/data/com.android.providers.downloads/cache/metadata-1777.htm
07-05 12:49:53.445   545 24614 I DownloadManager: in removeSpuriousFiles, preserving file /data/data/com.android.providers.downloads/cache/metadata-218.htm
07-05 12:49:53.445   545 24614 I DownloadManager: in removeSpuriousFiles, preserving file /data/data/com.android.providers.downloads/cache/metadata-1572.htm
07-05 12:49:53.445   545 24614 I DownloadManager: in removeSpuriousFiles, preserving file /data/data/com.android.providers.downloads/cache/metadata-231.htm
07-05 12:49:53.445   545 24614 I DownloadManager: in removeSpuriousFiles, preserving file /data/data/com.android.providers.downloads/cache/metadata-233.htm
07-05 12:49:53.445   545 24614 I DownloadManager: in removeSpuriousFiles, preserving file /data/data/com.android.providers.downloads/cache/metadata-1357.htm
07-05 12:49:53.445   545 24614 I DownloadManager: in removeSpuriousFiles, preserving file /data/data/com.android.providers.downloads/cache/metadata-1629.htm
07-05 12:49:53.445   545 24614 I DownloadManager: in removeSpuriousFiles, preserving file /data/data/com.android.providers.downloads/cache/metadata-312.htm
07-05 12:49:53.445   545 24614 I DownloadManager: in removeSpuriousFiles, preserving file /data/data/com.android.providers.downloads/cache/metadata-598.htm
07-05 12:49:53.445   545 24614 I DownloadManager: in removeSpuriousFiles, preserving file /data/data/com.android.providers.downloads/cache/metadata-1957.htm
07-05 12:49:53.445   545 24614 I DownloadManager: in removeSpuriousFiles, preserving file /data/data/com.android.providers.downloads/cache/metadata-2220.htm
07-05 12:49:53.445   545 24614 I DownloadManager: in removeSpuriousFiles, preserving file /data/data/com.android.providers.downloads/cache/metadata-738.htm
07-05 12:49:53.445   545 24614 I DownloadManager: in removeSpuriousFiles, preserving file /data/data/com.android.providers.downloads/cache/metadata-334.htm
07-05 12:49:53.445   545 24614 I DownloadManager: in removeSpuriousFiles, preserving file /data/data/com.android.providers.downloads/cache/metadata-362.htm
07-05 12:49:53.449   545 24614 I DownloadManager: in removeSpuriousFiles, preserving file /data/data/com.android.providers.downloads/cache/metadata-719.htm
07-05 12:49:53.449   545 24614 I DownloadManager: in removeSpuriousFiles, preserving file /data/data/com.android.providers.downloads/cache/metadata-626.htm
07-05 12:49:53.449   545 24614 I DownloadManager: in removeSpuriousFiles, preserving file /data/data/com.android.providers.downloads/cache/metadata-781.htm
07-05 12:49:53.449   545 24614 I DownloadManager: in removeSpuriousFiles, preserving file /data/data/com.android.providers.downloads/cache/metadata-2026.htm
07-05 12:49:53.449   545 24614 I DownloadManager: in removeSpuriousFiles, preserving file /data/data/com.android.providers.downloads/cache/metadata-2111.htm
07-05 12:49:53.449   545 24614 I DownloadManager: in removeSpuriousFiles, preserving file /data/data/com.android.providers.downloads/cache/metadata-1157.htm
07-05 12:49:53.449   545 24614 I DownloadManager: in removeSpuriousFiles, preserving file /data/data/com.android.providers.downloads/cache/metadata-1049.htm
07-05 12:49:53.449   545 24614 I DownloadManager: in removeSpuriousFiles, preserving file /data/data/com.android.providers.downloads/cache/metadata-838.htm
07-05 12:49:53.449   545 24614 I DownloadManager: in removeSpuriousFiles, preserving file /data/data/com.android.providers.downloads/cache/metadata-515.htm
07-05 12:49:53.449   545 24614 I DownloadManager: in removeSpuriousFiles, preserving file /data/data/com.android.providers.downloads/cache/metadata-835.htm
07-05 12:49:53.449   545 24614 I DownloadManager: in removeSpuriousFiles, preserving file /data/data/com.android.providers.downloads/cache/metadata-710.htm
07-05 12:49:53.449   545 24614 I DownloadManager: in removeSpuriousFiles, preserving file /data/data/com.android.providers.downloads/cache/metadata-252.htm
07-05 12:49:53.449   545 24614 I DownloadManager: in removeSpuriousFiles, preserving file /data/data/com.android.providers.downloads/cache/metadata-1274.htm
07-05 12:49:53.449   545 24614 I DownloadManager: in removeSpuriousFiles, preserving file /data/data/com.android.providers.downloads/cache/metadata-1164.htm
07-05 12:49:53.449   545 24614 I DownloadManager: in removeSpuriousFiles, preserving file /data/data/com.android.providers.downloads/cache/metadata-1350.htm
07-05 12:49:53.449   545 24614 I DownloadManager: in removeSpuriousFiles, preserving file /data/data/com.android.providers.downloads/cache/metadata-1515.htm
07-05 12:49:53.449   545 24614 I DownloadManager: in removeSpuriousFiles, preserving file /data/data/com.android.providers.downloads/cache/metadata-864.htm
07-05 12:49:53.453   545 24614 I DownloadManager: in removeSpuriousFiles, preserving file /data/data/com.android.providers.downloads/cache/metadata-1655.htm
07-05 12:49:53.453   545 24614 I DownloadManager: in removeSpuriousFiles, preserving file /data/data/com.android.providers.downloads/cache/metadata-1359.htm
07-05 12:49:53.453   545 24614 I DownloadManager: in removeSpuriousFiles, preserving file /data/data/com.android.providers.downloads/cache/metadata-1335.htm
07-05 12:49:53.453   545 24614 I DownloadManager: in removeSpuriousFiles, preserving file /data/data/com.android.providers.downloads/cache/metadata-1783.htm
07-05 12:49:53.453   545 24614 I DownloadManager: in removeSpuriousFiles, preserving file /data/data/com.android.providers.downloads/cache/metadata-384.htm
07-05 12:49:53.453   545 24614 I DownloadManager: in removeSpuriousFiles, preserving file /data/data/com.android.providers.downloads/cache/metadata-750.htm
07-05 12:49:53.453   545 24614 I DownloadManager: in removeSpuriousFiles, preserving file /data/data/com.android.providers.downloads/cache/metadata-1300.htm
07-05 12:49:53.453   545 24614 I DownloadManager: in removeSpuriousFiles, preserving file /data/data/com.android.providers.downloads/cache/metadata-910.htm
07-05 12:49:53.453   545 24614 I DownloadManager: in removeSpuriousFiles, preserving file /data/data/com.android.providers.downloads/cache/metadata-1788.htm
07-05 12:49:53.453   545 24614 I DownloadManager: in removeSpuriousFiles, preserving file /data/data/com.android.providers.downloads/cache/metadata-1702.htm
07-05 12:49:53.453   545 24614 I DownloadManager: in removeSpuriousFiles, preserving file /data/data/com.android.providers.downloads/cache/metadata-1826.htm
07-05 12:49:53.453   545 24614 I DownloadManager: in removeSpuriousFiles, preserving file /data/data/com.android.providers.downloads/cache/metadata-909.htm
07-05 12:49:53.453   545 24614 I DownloadManager: in removeSpuriousFiles, preserving file /data/data/com.android.providers.downloads/cache/metadata-1681.htm
07-05 12:49:53.453   545 24614 I DownloadManager: in removeSpuriousFiles, preserving file /data/data/com.android.providers.downloads/cache/metadata-5.htm
07-05 12:49:53.453   545 24614 I DownloadManager: in removeSpuriousFiles, preserving file /data/data/com.android.providers.downloads/cache/metadata-26.htm
07-05 12:49:53.453   545 24614 I DownloadManager: in removeSpuriousFiles, preserving file /data/data/com.android.providers.downloads/cache/metadata-38.htm
07-05 12:49:53.453   545 24614 I DownloadManager: in removeSpuriousFiles, preserving file /data/data/com.android.providers.downloads/cache/metadata-185.htm
07-05 12:49:53.453   545 24614 I DownloadManager: in removeSpuriousFiles, preserving file /data/data/com.android.providers.downloads/cache/metadata-48.htm
07-05 12:49:53.457   545 24614 I DownloadManager: in removeSpuriousFiles, preserving file /data/data/com.android.providers.downloads/cache/metadata-64.htm
07-05 12:49:53.457   545 24614 I DownloadManager: in removeSpuriousFiles, preserving file /data/data/com.android.providers.downloads/cache/metadata-104.htm
07-05 12:49:53.457   545 24614 I DownloadManager: in removeSpuriousFiles, preserving file /data/data/com.android.providers.downloads/cache/metadata-133.htm
07-05 12:49:53.457   545 24614 I DownloadManager: in removeSpuriousFiles, preserving file /data/data/com.android.providers.downloads/cache/metadata-83.htm
07-05 12:49:53.457   545 24614 I DownloadManager: in removeSpuriousFiles, preserving file /data/data/com.android.providers.downloads/cache/metadata-295.htm
07-05 12:49:53.457   545 24614 I DownloadManager: in removeSpuriousFiles, preserving file /data/data/com.android.providers.downloads/cache/metadata-139.htm
07-05 12:49:53.457   545 24614 I DownloadManager: in removeSpuriousFiles, preserving file /data/data/com.android.providers.downloads/cache/metadata-52.htm
07-05 12:49:53.457   545 24614 I DownloadManager: in removeSpuriousFiles, preserving file /data/data/com.android.providers.downloads/cache/metadata-57.htm
07-05 12:49:53.457   545 24614 I DownloadManager: in removeSpuriousFiles, preserving file /data/data/com.android.providers.downloads/cache/metadata-140.htm
07-05 12:49:53.457   545 24614 I DownloadManager: in removeSpuriousFiles, preserving file /data/data/com.android.providers.downloads/cache/metadata-76.htm
07-05 12:49:53.457   545 24614 I DownloadManager: in removeSpuriousFiles, preserving file /data/data/com.android.providers.downloads/cache/metadata-194.htm
07-05 12:49:53.457   545 24614 I DownloadManager: in removeSpuriousFiles, preserving file /data/data/com.android.providers.downloads/cache/metadata-921.htm
07-05 12:49:53.457   545 24614 I DownloadManager: in removeSpuriousFiles, preserving file /data/data/com.android.providers.downloads/cache/metadata-229.htm
07-05 12:49:53.457   545 24614 I DownloadManager: in removeSpuriousFiles, preserving file /data/data/com.android.providers.downloads/cache/metadata-187.htm
07-05 12:49:53.457   545 24614 I DownloadManager: in removeSpuriousFiles, preserving file /data/data/com.android.providers.downloads/cache/metadata-122.htm
07-05 12:49:53.457   545 24614 I DownloadManager: in removeSpuriousFiles, preserving file /data/data/com.android.providers.downloads/cache/metadata-193.htm
07-05 12:49:53.457   545 24614 I DownloadManager: in removeSpuriousFiles, preserving file /data/data/com.android.providers.downloads/cache/metadata-156.htm
07-05 12:49:53.457   545 24614 I DownloadManager: in removeSpuriousFiles, preserving file /data/data/com.android.providers.downloads/cache/metadata-1397.htm
07-05 12:49:53.457   545 24614 I DownloadManager: in removeSpuriousFiles, preserving file /data/data/com.android.providers.downloads/cache/metadata-188.htm
07-05 12:49:53.457   545 24614 I DownloadManager: in removeSpuriousFiles, preserving file /data/data/com.android.providers.downloads/cache/metadata-190.htm
07-05 12:49:53.457   545 24614 I DownloadManager: in removeSpuriousFiles, preserving file /data/data/com.android.providers.downloads/cache/metadata-147.htm
07-05 12:49:53.457   545 24614 I DownloadManager: in removeSpuriousFiles, preserving file /data/data/com.android.providers.downloads/cache/metadata-286.htm
07-05 12:49:53.457   545 24614 I DownloadManager: in removeSpuriousFiles, preserving file /data/data/com.android.providers.downloads/cache/metadata-180.htm
07-05 12:49:53.457   545 24614 I DownloadManager: in removeSpuriousFiles, preserving file /data/data/com.android.providers.downloads/cache/metadata-163.htm
07-05 12:49:53.457   545 24614 I DownloadManager: in removeSpuriousFiles, preserving file /data/data/com.android.providers.downloads/cache/metadata-108.htm
07-05 12:49:53.457   545 24614 I DownloadManager: in removeSpuriousFiles, preserving file /data/data/com.android.providers.downloads/cache/metadata-172.htm
07-05 12:49:53.461   545 24614 I DownloadManager: in removeSpuriousFiles, preserving file /data/data/com.android.providers.downloads/cache/metadata-336.htm
07-05 12:49:53.461   545 24614 I DownloadManager: in removeSpuriousFiles, preserving file /data/data/com.android.providers.downloads/cache/metadata-121.htm
07-05 12:49:53.461   545 24614 I DownloadManager: in removeSpuriousFiles, preserving file /data/data/com.android.providers.downloads/cache/metadata-348.htm
07-05 12:49:53.461   545 24614 I DownloadManager: in removeSpuriousFiles, preserving file /data/data/com.android.providers.downloads/cache/metadata-439.htm
07-05 12:49:53.461   545 24614 I DownloadManager: in removeSpuriousFiles, preserving file /data/data/com.android.providers.downloads/cache/metadata-255.htm
07-05 12:49:53.461   545 24614 I DownloadManager: in removeSpuriousFiles, preserving file /data/data/com.android.providers.downloads/cache/metadata-197.htm
07-05 12:49:53.461   545 24614 I DownloadManager: in removeSpuriousFiles, preserving file /data/data/com.android.providers.downloads/cache/metadata-291.htm
07-05 12:49:53.461   545 24614 I DownloadManager: in removeSpuriousFiles, preserving file /data/data/com.android.providers.downloads/cache/metadata-1457.htm
07-05 12:49:53.461   545 24614 I DownloadManager: in removeSpuriousFiles, preserving file /data/data/com.android.providers.downloads/cache/metadata-241.htm
07-05 12:49:53.461   545 24614 I DownloadManager: in removeSpuriousFiles, preserving file /data/data/com.android.providers.downloads/cache/metadata-327.htm
07-05 12:49:53.461   545 24614 I DownloadManager: in removeSpuriousFiles, preserving file /data/data/com.android.providers.downloads/cache/metadata-168.htm
07-05 12:49:53.461   545 24614 I DownloadManager: in removeSpuriousFiles, preserving file /data/data/com.android.providers.downloads/cache/metadata-125.htm
07-05 12:49:53.461   545 24614 I DownloadManager: in removeSpuriousFiles, preserving file /data/data/com.android.providers.downloads/cache/metadata-184.htm
07-05 12:49:53.461   545 24614 I DownloadManager: in removeSpuriousFiles, preserving file /data/data/com.android.providers.downloads/cache/metadata-205.htm
07-05 12:49:53.461   545 24614 I DownloadManager: in removeSpuriousFiles, preserving file /data/data/com.android.providers.downloads/cache/metadata-320.htm
07-05 12:49:53.461   545 24614 I DownloadManager: in removeSpuriousFiles, preserving file /data/data/com.android.providers.downloads/cache/metadata-248.htm
07-05 12:49:53.461   545 24614 I DownloadManager: in removeSpuriousFiles, preserving file /data/data/com.android.providers.downloads/cache/metadata-349.htm
07-05 12:49:53.461   545 24614 I DownloadManager: in removeSpuriousFiles, preserving file /data/data/com.android.providers.downloads/cache/metadata-397.htm
07-05 12:49:53.461   545 24614 I DownloadManager: in removeSpuriousFiles, preserving file /data/data/com.android.providers.downloads/cache/metadata-602.htm
07-05 12:49:53.461   545 24614 I DownloadManager: in removeSpuriousFiles, preserving file /data/data/com.android.providers.downloads/cache/metadata-895.htm
07-05 12:49:53.461   545 24614 I DownloadManager: in removeSpuriousFiles, preserving file /data/data/com.android.providers.downloads/cache/metadata-306.htm
07-05 12:49:53.461   545 24614 I DownloadManager: in removeSpuriousFiles, preserving file /data/data/com.android.providers.downloads/cache/metadata-314.htm
07-05 12:49:53.465   545 24614 I DownloadManager: in removeSpuriousFiles, preserving file /data/data/com.android.providers.downloads/cache/metadata-385.htm
07-05 12:49:53.465   545 24614 I DownloadManager: in removeSpuriousFiles, preserving file /data/data/com.android.providers.downloads/cache/metadata-94.htm
07-05 12:49:53.465   545 24614 I DownloadManager: in removeSpuriousFiles, preserving file /data/data/com.android.providers.downloads/cache/metadata-226.htm
07-05 12:49:53.465   545 24614 I DownloadManager: in removeSpuriousFiles, preserving file /data/data/com.android.providers.downloads/cache/metadata-75.htm
07-05 12:49:53.465   545 24614 I DownloadManager: in removeSpuriousFiles, preserving file /data/data/com.android.providers.downloads/cache/metadata-1160.htm
07-05 12:49:53.465   545 24614 I DownloadManager: in removeSpuriousFiles, preserving file /data/data/com.android.providers.downloads/cache/metadata-353.htm
07-05 12:49:53.465   545 24614 I DownloadManager: in removeSpuriousFiles, preserving file /data/data/com.android.providers.downloads/cache/metadata-262.htm
07-05 12:49:53.465   545 24614 I DownloadManager: in removeSpuriousFiles, preserving file /data/data/com.android.providers.downloads/cache/metadata-427.htm
07-05 12:49:53.465   545 24614 I DownloadManager: in removeSpuriousFiles, preserving file /data/data/com.android.providers.downloads/cache/metadata-381.htm
07-05 12:49:53.465   545 24614 I DownloadManager: in removeSpuriousFiles, preserving file /data/data/com.android.providers.downloads/cache/metadata-289.htm
07-05 12:49:53.465   545 24614 I DownloadManager: in removeSpuriousFiles, preserving file /data/data/com.android.providers.downloads/cache/metadata-280.htm
07-05 12:49:53.465   545 24614 I DownloadManager: in removeSpuriousFiles, preserving file /data/data/com.android.providers.downloads/cache/metadata-249.htm
07-05 12:49:53.465   545 24614 I DownloadManager: in removeSpuriousFiles, preserving file /data/data/com.android.providers.downloads/cache/metadata-351.htm
07-05 12:49:53.465   545 24614 I DownloadManager: in removeSpuriousFiles, preserving file /data/data/com.android.providers.downloads/cache/metadata-1836.htm
07-05 12:49:53.465   545 24614 I DownloadManager: in removeSpuriousFiles, preserving file /data/data/com.android.providers.downloads/cache/metadata-128.htm
07-05 12:49:53.465   545 24614 I DownloadManager: in removeSpuriousFiles, preserving file /data/data/com.android.providers.downloads/cache/metadata-486.htm
07-05 12:49:53.465   545 24614 I DownloadManager: in removeSpuriousFiles, preserving file /data/data/com.android.providers.downloads/cache/metadata-217.htm
07-05 12:49:53.465   545 24614 I DownloadManager: in removeSpuriousFiles, preserving file /data/data/com.android.providers.downloads/cache/metadata-277.htm
07-05 12:49:53.465   545 24614 I DownloadManager: in removeSpuriousFiles, preserving file /data/data/com.android.providers.downloads/cache/metadata-78.htm
07-05 12:49:53.468   545 24614 I DownloadManager: in removeSpuriousFiles, preserving file /data/data/com.android.providers.downloads/cache/metadata-1453.htm
07-05 12:49:53.468   545 24614 I DownloadManager: in removeSpuriousFiles, preserving file /data/data/com.android.providers.downloads/cache/metadata-768.htm
07-05 12:49:53.468   545 24614 I DownloadManager: in removeSpuriousFiles, preserving file /data/data/com.android.providers.downloads/cache/metadata-1054.htm
07-05 12:49:53.468   545 24614 I DownloadManager: in removeSpuriousFiles, preserving file /data/data/com.android.providers.downloads/cache/metadata-1637.htm
07-05 12:49:53.468   545 24614 I DownloadManager: in removeSpuriousFiles, preserving file /data/data/com.android.providers.downloads/cache/metadata-1000.htm
07-05 12:49:53.468   545 24614 I DownloadManager: in removeSpuriousFiles, preserving file /data/data/com.android.providers.downloads/cache/metadata-1734.htm
07-05 12:49:53.468   545 24614 I DownloadManager: in removeSpuriousFiles, preserving file /data/data/com.android.providers.downloads/cache/metadata-622.htm
07-05 12:49:53.468   545 24614 I DownloadManager: in removeSpuriousFiles, preserving file /data/data/com.android.providers.downloads/cache/metadata-383.htm
07-05 12:49:53.468   545 24614 I DownloadManager: in removeSpuriousFiles, preserving file /data/data/com.android.providers.downloads/cache/metadata-274.htm
07-05 12:49:53.468   545 24614 I DownloadManager: in removeSpuriousFiles, preserving file /data/data/com.android.providers.downloads/cache/metadata-1115.htm
07-05 12:49:53.468   545 24614 I DownloadManager: in removeSpuriousFiles, preserving file /data/data/com.android.providers.downloads/cache/metadata-303.htm
07-05 12:49:53.468   545 24614 I DownloadManager: in removeSpuriousFiles, preserving file /data/data/com.android.providers.downloads/cache/metadata-812.htm
07-05 12:49:53.468   545 24614 I DownloadManager: in removeSpuriousFiles, preserving file /data/data/com.android.providers.downloads/cache/metadata-684.htm
07-05 12:49:53.468   545 24614 I DownloadManager: in removeSpuriousFiles, preserving file /data/data/com.android.providers.downloads/cache/metadata-640.htm
07-05 12:49:53.468   545 24614 I DownloadManager: in removeSpuriousFiles, preserving file /data/data/com.android.providers.downloads/cache/metadata-459.htm
07-05 12:49:53.468   545 24614 I DownloadManager: in removeSpuriousFiles, preserving file /data/data/com.android.providers.downloads/cache/metadata-879.htm
07-05 12:49:53.468   545 24614 I DownloadManager: in removeSpuriousFiles, preserving file /data/data/com.android.providers.downloads/cache/metadata-1719.htm
07-05 12:49:53.468   545 24614 I DownloadManager: in removeSpuriousFiles, preserving file /data/data/com.android.providers.downloads/cache/metadata-705.htm
07-05 12:49:53.468   545 24614 I DownloadManager: in removeSpuriousFiles, preserving file /data/data/com.android.providers.downloads/cache/metadata-1365.htm
07-05 12:49:53.468   545 24614 I DownloadManager: in removeSpuriousFiles, preserving file /data/data/com.android.providers.downloads/cache/metadata-1848.htm
07-05 12:49:53.468   545 24614 I DownloadManager: in removeSpuriousFiles, preserving file /data/data/com.android.providers.downloads/cache/metadata-257.htm
07-05 12:49:53.468   545 24614 I DownloadManager: in removeSpuriousFiles, preserving file /data/data/com.android.providers.downloads/cache/metadata-1558.htm
07-05 12:49:53.468   545 24614 I DownloadManager: in removeSpuriousFiles, preserving file /data/data/com.android.providers.downloads/cache/metadata-889.htm
07-05 12:49:53.468   545 24614 I DownloadManager: in removeSpuriousFiles, preserving file /data/data/com.android.providers.downloads/cache/metadata-331.htm
07-05 12:49:53.468   545 24614 I DownloadManager: in removeSpuriousFiles, preserving file /data/data/com.android.providers.downloads/cache/metadata-613.htm
07-05 12:49:53.468   545 24614 I DownloadManager: in removeSpuriousFiles, preserving file /data/data/com.android.providers.downloads/cache/metadata-2521.htm
07-05 12:49:53.468   545 24614 I DownloadManager: in removeSpuriousFiles, preserving file /data/data/com.android.providers.downloads/cache/metadata-617.htm
07-05 12:49:53.468   545 24614 I DownloadManager: in removeSpuriousFiles, preserving file /data/data/com.android.providers.downloads/cache/metadata-1507.htm
07-05 12:49:53.468   545 24614 I DownloadManager: in removeSpuriousFiles, preserving file /data/data/com.android.providers.downloads/cache/metadata-1084.htm
07-05 12:49:53.468   545 24614 I DownloadManager: in removeSpuriousFiles, preserving file /data/data/com.android.providers.downloads/cache/metadata-1029.htm
07-05 12:49:53.468   545 24614 I DownloadManager: in removeSpuriousFiles, preserving file /data/data/com.android.providers.downloads/cache/metadata-664.htm
07-05 12:49:53.468   545 24614 I DownloadManager: in removeSpuriousFiles, preserving file /data/data/com.android.providers.downloads/cache/metadata-297.htm
07-05 12:49:53.468   545 24614 I DownloadManager: in removeSpuriousFiles, preserving file /data/data/com.android.providers.downloads/cache/metadata-1245.htm
07-05 12:49:53.468   545 24614 I DownloadManager: in removeSpuriousFiles, preserving file /data/data/com.android.providers.downloads/cache/metadata-1282.htm
07-05 12:49:53.468   545 24614 I DownloadManager: in removeSpuriousFiles, preserving file /data/data/com.android.providers.downloads/cache/metadata-1177.htm
07-05 12:49:53.468   545 24614 I DownloadManager: in removeSpuriousFiles, preserving file /data/data/com.android.providers.downloads/cache/metadata-1089.htm
07-05 12:49:53.468   545 24614 I DownloadManager: in removeSpuriousFiles, preserving file /data/data/com.android.providers.downloads/cache/metadata-1256.htm
07-05 12:49:53.468   545 24614 I DownloadManager: in removeSpuriousFiles, preserving file /data/data/com.android.providers.downloads/cache/metadata-793.htm
07-05 12:49:53.468   545 24614 I DownloadManager: in removeSpuriousFiles, preserving file /data/data/com.android.providers.downloads/cache/metadata-446.htm
07-05 12:49:53.472   545 24614 I DownloadManager: in removeSpuriousFiles, preserving file /data/data/com.android.providers.downloads/cache/metadata-414.htm
07-05 12:49:53.472   545 24614 I DownloadManager: in removeSpuriousFiles, preserving file /data/data/com.android.providers.downloads/cache/metadata-1405.htm
07-05 12:49:53.472   545 24614 I DownloadManager: in removeSpuriousFiles, preserving file /data/data/com.android.providers.downloads/cache/metadata-358.htm
07-05 12:49:53.472   545 24614 I DownloadManager: in removeSpuriousFiles, preserving file /data/data/com.android.providers.downloads/cache/metadata-1594.htm
07-05 12:49:53.472   545 24614 I DownloadManager: in removeSpuriousFiles, preserving file /data/data/com.android.providers.downloads/cache/metadata-1477.htm
07-05 12:49:53.472   545 24614 I DownloadManager: in removeSpuriousFiles, preserving file /data/data/com.android.providers.downloads/cache/metadata-1176.htm
07-05 12:49:53.472   545 24614 I DownloadManager: in removeSpuriousFiles, preserving file /data/data/com.android.providers.downloads/cache/metadata-1627.htm
07-05 12:49:53.472   545 24614 I DownloadManager: in removeSpuriousFiles, preserving file /data/data/com.android.providers.downloads/cache/metadata-428.htm
07-05 12:49:53.472   545 24614 I DownloadManager: in removeSpuriousFiles, preserving file /data/data/com.android.providers.downloads/cache/metadata-1486.htm
07-05 12:49:53.476   545 24614 I DownloadManager: in removeSpuriousFiles, preserving file /data/data/com.android.providers.downloads/cache/metadata-1489.htm
07-05 12:49:53.476   545 24614 I DownloadManager: deleting spurious file /cache/dalvik-cache
07-05 12:49:53.476   545 24614 I DownloadManager: deleting spurious file /data/data/com.android.providers.downloads/cache/metadata-43.htm
07-05 12:49:53.476   545 24614 I DownloadManager: deleting spurious file /data/data/com.android.providers.downloads/cache/metadata-107.htm
07-05 12:49:53.476   545 24614 I DownloadManager: deleting spurious file /data/data/com.android.providers.downloads/cache/metadata-53.htm
07-05 12:49:53.476   545 24614 I DownloadManager: deleting spurious file /data/data/com.android.providers.downloads/cache/metadata-45.htm
07-05 12:49:53.476   545 24614 I DownloadManager: deleting spurious file /data/data/com.android.providers.downloads/cache/metadata-127.htm
07-05 12:49:53.476   545 24614 I DownloadManager: deleting spurious file /data/data/com.android.providers.downloads/cache/metadata-20.htm
07-05 12:49:53.476   545 24614 I DownloadManager: deleting spurious file /data/data/com.android.providers.downloads/cache/metadata-136.htm
07-05 12:49:53.476   545 24614 I DownloadManager: deleting spurious file /data/data/com.android.providers.downloads/cache/metadata-49.htm
07-05 12:49:53.476   545 24614 I DownloadManager: deleting spurious file /data/data/com.android.providers.downloads/cache/metadata-118.htm
07-05 12:49:53.476   545 24614 I DownloadManager: deleting spurious file /data/data/com.android.providers.downloads/cache/metadata-100.htm
07-05 12:49:53.480   545 24614 I DownloadManager: deleting spurious file /data/data/com.android.providers.downloads/cache/metadata-160.htm
07-05 12:49:53.480   545 24614 I DownloadManager: deleting spurious file /data/data/com.android.providers.downloads/cache/metadata-239.htm
07-05 12:49:53.480   545 24614 I DownloadManager: deleting spurious file /data/data/com.android.providers.downloads/cache/metadata-117.htm
07-05 12:49:53.480   545 24614 I DownloadManager: deleting spurious file /data/data/com.android.providers.downloads/cache/metadata-409.htm
07-05 12:49:53.480   545 24614 I DownloadManager: deleting spurious file /data/data/com.android.providers.downloads/cache/metadata-96.htm
07-05 12:49:53.480   545 24614 I DownloadManager: deleting spurious file /data/data/com.android.providers.downloads/cache/metadata-1839.htm
07-05 12:49:53.480   545 24614 I DownloadManager: deleting spurious file /data/data/com.android.providers.downloads/cache/metadata-105.htm
07-05 12:49:53.480   545 24614 I DownloadManager: deleting spurious file /data/data/com.android.providers.downloads/cache/metadata-159.htm
07-05 12:49:53.480   545 24614 I DownloadManager: deleting spurious file /data/data/com.android.providers.downloads/cache/metadata-146.htm
07-05 12:49:53.480   545 24614 I DownloadManager: deleting spurious file /data/data/com.android.providers.downloads/cache/metadata-278.htm
07-05 12:49:53.480   545 24614 I DownloadManager: deleting spurious file /data/data/com.android.providers.downloads/cache/metadata-214.htm
07-05 12:49:53.480   545 24614 I DownloadManager: deleting spurious file /data/data/com.android.providers.downloads/cache/metadata-282.htm
07-05 12:49:53.480   545 24614 I DownloadManager: deleting spurious file /data/data/com.android.providers.downloads/cache/metadata-222.htm
07-05 12:49:53.480   545 24614 I DownloadManager: deleting spurious file /data/data/com.android.providers.downloads/cache/metadata-91.htm
07-05 12:49:53.480   545 24614 I DownloadManager: deleting spurious file /data/data/com.android.providers.downloads/cache/metadata-138.htm
07-05 12:49:53.484   545 24614 I DownloadManager: deleting spurious file /data/data/com.android.providers.downloads/cache/metadata-243.htm
07-05 12:49:53.484   545 24614 I DownloadManager: deleting spurious file /data/data/com.android.providers.downloads/cache/metadata-237.htm
07-05 12:49:53.484   545 24614 I DownloadManager: deleting spurious file /data/data/com.android.providers.downloads/cache/metadata-228.htm
07-05 12:49:53.484   545 24614 I DownloadManager: deleting spurious file /data/data/com.android.providers.downloads/cache/metadata-225.htm
07-05 12:49:53.484   545 24614 I DownloadManager: deleting spurious file /data/data/com.android.providers.downloads/cache/metadata-175.htm
07-05 12:49:53.484   545 24614 I DownloadManager: deleting spurious file /data/data/com.android.providers.downloads/cache/metadata-112.htm
07-05 12:49:53.484   545 24614 I DownloadManager: deleting spurious file /data/data/com.android.providers.downloads/cache/metadata-977.htm
07-05 12:49:53.484   545 24614 I DownloadManager: deleting spurious file /data/data/com.android.providers.downloads/cache/metadata-387.htm
07-05 12:49:53.484   545 24614 I DownloadManager: deleting spurious file /data/data/com.android.providers.downloads/cache/metadata-81.htm
07-05 12:49:53.484   545 24614 I DownloadManager: deleting spurious file /data/data/com.android.providers.downloads/cache/metadata-266.htm
07-05 12:49:53.484   545 24614 I DownloadManager: deleting spurious file /data/data/com.android.providers.downloads/cache/metadata-119.htm
07-05 12:49:53.484   545 24614 I DownloadManager: deleting spurious file /data/data/com.android.providers.downloads/cache/metadata-379.htm
07-05 12:49:53.484   545 24614 I DownloadManager: deleting spurious file /data/data/com.android.providers.downloads/cache/metadata-504.htm
07-05 12:49:53.484   545 24614 I DownloadManager: deleting spurious file /data/data/com.android.providers.downloads/cache/metadata-221.htm
07-05 12:49:53.484   545 24614 I DownloadManager: deleting spurious file /data/data/com.android.providers.downloads/cache/metadata-176.htm
07-05 12:49:53.484   545 24614 I DownloadManager: deleting spurious file /data/data/com.android.providers.downloads/cache/metadata-211.htm
07-05 12:49:53.484   545 24614 I DownloadManager: deleting spurious file /data/data/com.android.providers.downloads/cache/metadata-132.htm
07-05 12:49:53.488   545 24614 I DownloadManager: deleting spurious file /data/data/com.android.providers.downloads/cache/metadata-374.htm
07-05 12:49:53.488   545 24614 I DownloadManager: deleting spurious file /data/data/com.android.providers.downloads/cache/metadata-170.htm
07-05 12:49:53.488   545 24614 I DownloadManager: deleting spurious file /data/data/com.android.providers.downloads/cache/metadata-1144.htm
07-05 12:49:53.488   545 24614 I DownloadManager: deleting spurious file /data/data/com.android.providers.downloads/cache/metadata-155.htm
07-05 12:49:53.488   545 24614 I DownloadManager: deleting spurious file /data/data/com.android.providers.downloads/cache/metadata-404.htm
07-05 12:49:53.488   545 24614 I DownloadManager: deleting spurious file /data/data/com.android.providers.downloads/cache/metadata-466.htm
07-05 12:49:53.488   545 24614 I DownloadManager: deleting spurious file /data/data/com.android.providers.downloads/cache/metadata-236.htm
07-05 12:49:53.488   545 24614 I DownloadManager: deleting spurious file /data/data/com.android.providers.downloads/cache/metadata-203.htm
07-05 12:49:53.488   545 24614 I DownloadManager: deleting spurious file /data/data/com.android.providers.downloads/cache/metadata-1218.htm
07-05 12:49:53.488   545 24614 I DownloadManager: deleting spurious file /data/data/com.android.providers.downloads/cache/metadata-113.htm
07-05 12:49:53.488   545 24614 I DownloadManager: deleting spurious file /data/data/com.android.providers.downloads/cache/metadata-227.htm
07-05 12:49:53.488   545 24614 I DownloadManager: deleting spurious file /data/data/com.android.providers.downloads/cache/metadata-386.htm
07-05 12:49:53.488   545 24614 I DownloadManager: deleting spurious file /data/data/com.android.providers.downloads/cache/metadata-460.htm
07-05 12:49:53.488   545 24614 I DownloadManager: deleting spurious file /data/data/com.android.providers.downloads/cache/metadata-1920.htm
07-05 12:49:53.488   545 24614 I DownloadManager: deleting spurious file /data/data/com.android.providers.downloads/cache/metadata-930.htm
07-05 12:49:53.488   545 24614 I DownloadManager: deleting spurious file /data/data/com.android.providers.downloads/cache/metadata-417.htm
07-05 12:49:53.488   545 24614 I DownloadManager: deleting spurious file /data/data/com.android.providers.downloads/cache/metadata-134.htm
07-05 12:49:53.488   545 24614 I DownloadManager: deleting spurious file /data/data/com.android.providers.downloads/cache/metadata-213.htm
07-05 12:49:53.492   545 24614 I DownloadManager: deleting spurious file /data/data/com.android.providers.downloads/cache/metadata-2176.htm
07-05 12:49:53.492   545 24614 I DownloadManager: deleting spurious file /data/data/com.android.providers.downloads/cache/metadata-1490.htm
07-05 12:49:53.492   545 24614 I DownloadManager: deleting spurious file /data/data/com.android.providers.downloads/cache/metadata-212.htm
07-05 12:49:53.496   545 24614 I DownloadManager: deleting spurious file /data/data/com.android.providers.downloads/cache/metadata-709.htm
07-05 12:49:53.496   545 24614 I DownloadManager: deleting spurious file /data/data/com.android.providers.downloads/cache/metadata-394.htm
07-05 12:49:53.496   545 24614 I DownloadManager: deleting spurious file /data/data/com.android.providers.downloads/cache/metadata-715.htm
07-05 12:49:53.496   545 24614 I DownloadManager: deleting spurious file /data/data/com.android.providers.downloads/cache/metadata-457.htm
07-05 12:49:53.496   545 24614 I DownloadManager: deleting spurious file /data/data/com.android.providers.downloads/cache/metadata-1339.htm
07-05 12:49:53.496   545 24614 I DownloadManager: deleting spurious file /data/data/com.android.providers.downloads/cache/metadata-1372.htm
07-05 12:49:53.496   545 24614 I DownloadManager: deleting spurious file /data/data/com.android.providers.downloads/cache/metadata-418.htm
07-05 12:49:53.496   545 24614 I DownloadManager: deleting spurious file /data/data/com.android.providers.downloads/cache/metadata-261.htm
07-05 12:49:53.496   545 24614 I DownloadManager: deleting spurious file /data/data/com.android.providers.downloads/cache/metadata-273.htm
07-05 12:49:53.496   545 24614 I DownloadManager: deleting spurious file /data/data/com.android.providers.downloads/cache/metadata-388.htm
07-05 12:49:53.496   545 24614 I DownloadManager: deleting spurious file /data/data/com.android.providers.downloads/cache/metadata-833.htm
07-05 12:49:53.496   545 24614 I DownloadManager: deleting spurious file /data/data/com.android.providers.downloads/cache/metadata-467.htm
07-05 12:49:53.500   545 24614 I DownloadManager: deleting spurious file /data/data/com.android.providers.downloads/cache/metadata-154.htm
07-05 12:49:53.500   545 24614 I DownloadManager: deleting spurious file /data/data/com.android.providers.downloads/cache/metadata-1289.htm
07-05 12:49:53.500   545 24614 I DownloadManager: deleting spurious file /data/data/com.android.providers.downloads/cache/metadata-2623.htm
07-05 12:49:53.500   545 24614 I DownloadManager: deleting spurious file /data/data/com.android.providers.downloads/cache/metadata-198.htm
07-05 12:49:53.504   545 24614 I DownloadManager: deleting spurious file /data/data/com.android.providers.downloads/cache/metadata-360.htm
07-05 12:49:53.504   545 24614 I DownloadManager: deleting spurious file /data/data/com.android.providers.downloads/cache/metadata-276.htm
07-05 12:49:53.504   545 24614 I DownloadManager: deleting spurious file /data/data/com.android.providers.downloads/cache/metadata-1188.htm
07-05 12:49:53.504   545 24614 I DownloadManager: deleting spurious file /data/data/com.android.providers.downloads/cache/metadata-934.htm
07-05 12:49:53.504   545 24614 I DownloadManager: deleting spurious file /data/data/com.android.providers.downloads/cache/metadata-1308.htm
07-05 12:49:53.504   545 24614 I DownloadManager: deleting spurious file /data/data/com.android.providers.downloads/cache/metadata-639.htm
07-05 12:49:53.504   545 24614 I DownloadManager: deleting spurious file /data/data/com.android.providers.downloads/cache/metadata-665.htm
07-05 12:49:53.504   545 24614 I DownloadManager: deleting spurious file /data/data/com.android.providers.downloads/cache/metadata-1633.htm
07-05 12:49:53.504   545 24614 I DownloadManager: deleting spurious file /data/data/com.android.providers.downloads/cache/metadata-523.htm
07-05 12:49:53.504   545 24614 I DownloadManager: deleting spurious file /data/data/com.android.providers.downloads/cache/metadata-210.htm
07-05 12:49:53.504   545 24614 I DownloadManager: deleting spurious file /data/data/com.android.providers.downloads/cache/metadata-480.htm
07-05 12:49:53.504   545 24614 I DownloadManager: deleting spurious file /data/data/com.android.providers.downloads/cache/metadata-92.htm
07-05 12:49:53.504   545 24614 I DownloadManager: deleting spurious file /data/data/com.android.providers.downloads/cache/metadata-976.htm
07-05 12:49:53.504   545 24614 I DownloadManager: deleting spurious file /data/data/com.android.providers.downloads/cache/metadata-424.htm
07-05 12:49:53.504   545 24614 I DownloadManager: deleting spurious file /data/data/com.android.providers.downloads/cache/metadata-696.htm
07-05 12:49:53.504   545 24614 I DownloadManager: deleting spurious file /data/data/com.android.providers.downloads/cache/metadata-1069.htm
07-05 12:49:53.508   545 24614 I DownloadManager: deleting spurious file /data/data/com.android.providers.downloads/cache/metadata-2952.htm
07-05 12:49:53.508   545 24614 I DownloadManager: deleting spurious file /data/data/com.android.providers.downloads/cache/metadata-612.htm
07-05 12:49:53.508   545 24614 I DownloadManager: deleting spurious file /data/data/com.android.providers.downloads/cache/metadata-1012.htm
07-05 12:49:53.508   545 24614 I DownloadManager: deleting spurious file /data/data/com.android.providers.downloads/cache/metadata-326.htm
07-05 12:49:53.508   545 24614 I DownloadManager: deleting spurious file /data/data/com.android.providers.downloads/cache/metadata-1034.htm
07-05 12:49:53.508   545 24614 I DownloadManager: deleting spurious file /data/data/com.android.providers.downloads/cache/metadata-260.htm
07-05 12:49:53.508   545 24614 I DownloadManager: deleting spurious file /data/data/com.android.providers.downloads/cache/metadata-581.htm
07-05 12:49:53.508   545 24614 I DownloadManager: deleting spurious file /data/data/com.android.providers.downloads/cache/metadata-549.htm
07-05 12:49:53.508   545 24614 I DownloadManager: deleting spurious file /data/data/com.android.providers.downloads/cache/metadata-111.htm
07-05 12:49:53.508   545 24614 I DownloadManager: deleting spurious file /data/data/com.android.providers.downloads/cache/metadata-369.htm
07-05 12:49:53.508   545 24614 I DownloadManager: deleting spurious file /data/data/com.android.providers.downloads/cache/metadata-1401.htm
07-05 12:49:53.508   545 24614 I DownloadManager: deleting spurious file /data/data/com.android.providers.downloads/cache/metadata-1353.htm
07-05 12:49:53.508   545 24614 I DownloadManager: deleting spurious file /data/data/com.android.providers.downloads/cache/metadata-1444.htm
07-05 12:49:53.508   545 24614 I DownloadManager: deleting spurious file /data/data/com.android.providers.downloads/cache/metadata-578.htm
07-05 12:49:53.508   545 24614 I DownloadManager: deleting spurious file /data/data/com.android.providers.downloads/cache/metadata-571.htm
07-05 12:49:53.508   545 24614 I DownloadManager: deleting spurious file /data/data/com.android.providers.downloads/cache/metadata-990.htm
07-05 12:49:53.508   545 24614 I DownloadManager: deleting spurious file /data/data/com.android.providers.downloads/cache/metadata-412.htm
07-05 12:49:53.511   545 24614 I DownloadManager: deleting spurious file /data/data/com.android.providers.downloads/cache/metadata-1005.htm
07-05 12:49:53.511   545 24614 I DownloadManager: deleting spurious file /data/data/com.android.providers.downloads/cache/metadata-1787.htm
07-05 12:49:53.511   545 24614 I DownloadManager: deleting spurious file /data/data/com.android.providers.downloads/cache/metadata-436.htm
07-05 12:49:53.511   545 24614 I DownloadManager: deleting spurious file /data/data/com.android.providers.downloads/cache/metadata-2101.htm
07-05 12:49:53.511   545 24614 I DownloadManager: deleting spurious file /data/data/com.android.providers.downloads/cache/metadata-760.htm
07-05 12:49:53.617   545   548 D dalvikvm: GC_CONCURRENT freed 748K, 11% free 10502K/11719K, paused 2ms+4ms
07-05 12:49:53.859   545   548 D dalvikvm: GC_CONCURRENT freed 401K, 11% free 10505K/11719K, paused 2ms+3ms
07-05 12:49:53.949   545 24616 I DownloadManager: Initiating request for download 2901
07-05 12:49:54.047   545   548 D dalvikvm: GC_CONCURRENT freed 269K, 9% free 10709K/11719K, paused 2ms+3ms
07-05 12:49:54.152   545   548 D dalvikvm: GC_CONCURRENT freed 327K, 8% free 10888K/11719K, paused 2ms+2ms
07-05 12:49:54.410   545   548 D dalvikvm: GC_CONCURRENT freed 844K, 10% free 10562K/11719K, paused 1ms+2ms
07-05 12:49:54.660   545   548 D dalvikvm: GC_CONCURRENT freed 463K, 11% free 10513K/11719K, paused 2ms+2ms
07-05 12:49:56.648   545   548 D dalvikvm: GC_CONCURRENT freed 418K, 11% free 10489K/11719K, paused 2ms+2ms
07-05 12:49:56.769   545 24619 I DownloadManager: Initiating request for download 2902
07-05 12:49:56.968   545   548 D dalvikvm: GC_CONCURRENT freed 188K, 9% free 10719K/11719K, paused 2ms+3ms
07-05 12:49:57.070   545   548 D dalvikvm: GC_CONCURRENT freed 312K, 8% free 10872K/11719K, paused 2ms+3ms
07-05 12:49:57.324   545   548 D dalvikvm: GC_CONCURRENT freed 839K, 10% free 10554K/11719K, paused 2ms+2ms
07-05 12:49:57.570   545   548 D dalvikvm: GC_CONCURRENT freed 457K, 11% free 10507K/11719K, paused 2ms+2ms
07-05 12:49:57.617  1370 24621 E DictionaryProvider:UpdateHandler: Can't read a file : android.util.MalformedJsonException: Use JsonReader.setLenient(true) to accept malformed JSON at line 1 column 20
07-05 12:49:57.718  1370  1372 D dalvikvm: GC_CONCURRENT freed 393K, 7% free 9125K/9735K, paused 2ms+2ms
07-05 12:49:57.871   545   548 D dalvikvm: GC_CONCURRENT freed 413K, 11% free 10496K/11719K, paused 2ms+3ms
07-05 12:49:57.875   545 24624 I DownloadManager: Initiating request for download 2902
07-05 12:49:57.984   545   548 D dalvikvm: GC_CONCURRENT freed 256K, 9% free 10722K/11719K, paused 2ms+3ms
07-05 12:49:58.097   545   548 D dalvikvm: GC_CONCURRENT freed 435K, 9% free 10761K/11719K, paused 2ms+2ms
07-05 12:49:59.308   545   548 D dalvikvm: GC_CONCURRENT freed 704K, 11% free 10518K/11719K, paused 1ms+3ms
07-05 12:49:59.527   545   548 D dalvikvm: GC_CONCURRENT freed 447K, 11% free 10470K/11719K, paused 1ms+3ms
07-05 12:49:59.871   545 24627 I DownloadManager: Initiating request for download 2903
07-05 12:49:59.965   545   548 D dalvikvm: GC_CONCURRENT freed 374K, 10% free 10578K/11719K, paused 2ms+3ms
07-05 12:50:00.093   545   548 D dalvikvm: GC_CONCURRENT freed 268K, 8% free 10789K/11719K, paused 2ms+3ms
07-05 12:50:00.308   545   548 D dalvikvm: GC_CONCURRENT freed 757K, 11% free 10512K/11719K, paused 1ms+3ms
07-05 12:50:00.500   545   548 D dalvikvm: GC_CONCURRENT freed 420K, 11% free 10488K/11719K, paused 2ms+3ms
07-05 12:50:00.687   545   548 D dalvikvm: GC_CONCURRENT freed 413K, 11% free 10470K/11719K, paused 2ms+3ms
07-05 12:50:01.023  1370 24629 E DictionaryProvider:UpdateHandler: Can't read a file : android.util.MalformedJsonException: Use JsonReader.setLenient(true) to accept malformed JSON at line 1 column 20
07-05 12:50:01.058   545   548 D dalvikvm: GC_CONCURRENT freed 415K, 11% free 10467K/11719K, paused 2ms+2ms
07-05 12:50:01.285   545   548 D dalvikvm: GC_CONCURRENT freed 431K, 11% free 10439K/11719K, paused 2ms+2ms
07-05 12:50:01.515   545   548 D dalvikvm: GC_CONCURRENT freed 411K, 11% free 10430K/11719K, paused 2ms+3ms
07-05 12:50:01.570   545 24632 I DownloadManager: Initiating request for download 2903
07-05 12:50:01.570   545 24632 W DownloadManager: Aborting request for download 2903: Trying to resume a download that can't be resumed
07-05 12:50:02.265   545   548 D dalvikvm: GC_CONCURRENT freed 376K, 11% free 10452K/11719K, paused 1ms+3ms
07-05 12:50:02.394   993  1240 I PhoneLab-: Service Running
07-05 12:50:02.425   993  1240 I PhoneLab-LoggerService: app_49    1247  993   1956   1584  c00f181c 400107b4 S logcat
07-05 12:50:02.425   993  1240 I PhoneLab-LoggerService: Logcat pid from database 1247
07-05 12:50:02.425   993  1240 I PhoneLab-LoggerService: Logcat process found 1247
07-05 12:50:02.425   993  1240 I PhoneLab-LoggerService: Checking Threshold
07-05 12:50:02.425   993  1240 I PhoneLab-LoggerService: Starting to rename files
07-05 12:50:02.429   993  1240 I PhoneLab-LoggerService: Files found .. 24
07-05 12:50:02.429   993  1240 I PhoneLab-LoggerService: File 1 log.out.1
07-05 12:50:02.484   545   548 D dalvikvm: GC_CONCURRENT freed 434K, 12% free 10419K/11719K, paused 2ms+3ms
07-05 12:50:03.152   993  1240 I PhoneLab-LoggerService: Renamed successfully
07-05 12:50:03.242   545   548 D dalvikvm: GC_CONCURRENT freed 401K, 12% free 10408K/11719K, paused 1ms+3ms
07-05 12:50:03.355   545 24636 I DownloadManager: Initiating request for download 2904
07-05 12:50:03.492   545   548 D dalvikvm: GC_CONCURRENT freed 232K, 10% free 10640K/11719K, paused 2ms+4ms
07-05 12:50:03.597   545   548 D dalvikvm: GC_CONCURRENT freed 392K, 9% free 10675K/11719K, paused 2ms+3ms
07-05 12:50:03.886   545   548 D dalvikvm: GC_CONCURRENT freed 666K, 11% free 10452K/11719K, paused 2ms+3ms
07-05 12:50:03.957  1370 24638 E DictionaryProvider:UpdateHandler: Can't read a file : android.util.MalformedJsonException: Use JsonReader.setLenient(true) to accept malformed JSON at line 1 column 20
07-05 12:50:04.121   545   548 D dalvikvm: GC_CONCURRENT freed 443K, 12% free 10400K/11719K, paused 2ms+2ms
07-05 12:50:04.226   545 24641 I DownloadManager: Initiating request for download 2904
07-05 12:50:04.308   545   548 D dalvikvm: GC_CONCURRENT freed 323K, 11% free 10535K/11719K, paused 2ms+3ms
07-05 12:50:04.406   545   548 D dalvikvm: GC_CONCURRENT freed 302K, 9% free 10707K/11719K, paused 2ms+3ms
07-05 12:50:04.597   545   548 D dalvikvm: GC_CONCURRENT freed 726K, 11% free 10448K/11719K, paused 1ms+3ms
07-05 12:50:04.808   545   548 D dalvikvm: GC_CONCURRENT freed 462K, 12% free 10381K/11719K, paused 2ms+3ms
07-05 12:50:04.965   545 24644 I DownloadManager: Initiating request for download 2905
07-05 12:50:05.031   545   548 D dalvikvm: GC_CONCURRENT freed 331K, 11% free 10436K/11719K, paused 2ms+3ms
07-05 12:50:05.133   545   548 D dalvikvm: GC_CONCURRENT freed 234K, 10% free 10662K/11719K, paused 2ms+2ms
07-05 12:50:05.265   545   548 D dalvikvm: GC_CONCURRENT freed 655K, 12% free 10430K/11719K, paused 2ms+2ms
07-05 12:50:05.425   156   593 D dalvikvm: GC_EXPLICIT freed 737K, 13% free 14083K/16007K, paused 4ms+6ms
07-05 12:50:05.433  1370 24646 E DictionaryProvider:UpdateHandler: Can't read a file : android.util.MalformedJsonException: Use JsonReader.setLenient(true) to accept malformed JSON at line 1 column 20
07-05 12:50:05.554   545   548 D dalvikvm: GC_CONCURRENT freed 434K, 12% free 10392K/11719K, paused 1ms+3ms
07-05 12:50:05.738   545   548 D dalvikvm: GC_CONCURRENT freed 433K, 12% free 10353K/11719K, paused 2ms+2ms
07-05 12:50:05.785   545 24648 I DownloadManager: Initiating request for download 2905
07-05 12:50:05.879   545   548 D dalvikvm: GC_CONCURRENT freed 214K, 10% free 10582K/11719K, paused 2ms+3ms
07-05 12:50:05.961   545   548 D dalvikvm: GC_CONCURRENT freed 355K, 10% free 10625K/11719K, paused 2ms+2ms
07-05 12:50:07.097   545   548 D dalvikvm: GC_CONCURRENT freed 662K, 12% free 10374K/11719K, paused 1ms+3ms
07-05 12:50:07.281   545   548 D dalvikvm: GC_CONCURRENT freed 415K, 12% free 10365K/11719K, paused 1ms+2ms
07-05 12:50:07.429   545 24652 I DownloadManager: Initiating request for download 2906
07-05 12:50:07.519   545   548 D dalvikvm: GC_CONCURRENT freed 301K, 11% free 10522K/11719K, paused 2ms+3ms
07-05 12:50:07.617   545   548 D dalvikvm: GC_CONCURRENT freed 273K, 10% free 10661K/11719K, paused 2ms+3ms
07-05 12:50:07.761   545   548 D dalvikvm: GC_CONCURRENT freed 681K, 12% free 10416K/11719K, paused 2ms+3ms
07-05 12:50:07.843  1370 24654 E DictionaryProvider:UpdateHandler: Can't read a file : android.util.MalformedJsonException: Use JsonReader.setLenient(true) to accept malformed JSON at line 1 column 20
07-05 12:50:07.918  1370  1372 D dalvikvm: GC_CONCURRENT freed 387K, 7% free 9126K/9735K, paused 1ms+2ms
07-05 12:50:08.015   545   548 D dalvikvm: GC_CONCURRENT freed 428K, 12% free 10376K/11719K, paused 1ms+2ms
07-05 12:50:08.207   545   548 D dalvikvm: GC_CONCURRENT freed 421K, 12% free 10349K/11719K, paused 2ms+2ms
07-05 12:50:08.230   545 24657 I DownloadManager: Initiating request for download 2906
07-05 12:50:08.340   545   548 D dalvikvm: GC_CONCURRENT freed 192K, 10% free 10616K/11719K, paused 1ms+3ms
07-05 12:50:08.437   545   548 D dalvikvm: GC_CONCURRENT freed 424K, 10% free 10628K/11719K, paused 2ms+3ms
07-05 12:50:08.644   545   548 D dalvikvm: GC_CONCURRENT freed 674K, 12% free 10372K/11719K, paused 1ms+2ms
07-05 12:50:08.816   545   548 D dalvikvm: GC_CONCURRENT freed 415K, 12% free 10352K/11719K, paused 2ms+2ms
07-05 12:50:08.910   545 24660 I DownloadManager: Initiating request for download 2907
07-05 12:50:09.004   545   548 D dalvikvm: GC_CONCURRENT freed 240K, 10% free 10566K/11719K, paused 2ms+2ms
07-05 12:50:09.105   545   548 D dalvikvm: GC_CONCURRENT freed 330K, 9% free 10713K/11719K, paused 2ms+4ms
07-05 12:50:09.328  1370 24662 E DictionaryProvider:UpdateHandler: Can't read a file : android.util.MalformedJsonException: Use JsonReader.setLenient(true) to accept malformed JSON at line 1 column 20
07-05 12:50:09.351   545   548 D dalvikvm: GC_CONCURRENT freed 791K, 12% free 10398K/11719K, paused 2ms+3ms
07-05 12:50:09.550   545   548 D dalvikvm: GC_CONCURRENT freed 429K, 12% free 10364K/11719K, paused 2ms+3ms
07-05 12:50:09.715   545 24665 D dalvikvm: GC_EXPLICIT freed 198K, 12% free 10397K/11719K, paused 2ms+5ms
07-05 12:50:09.722   545 24665 I DownloadManager: Initiating request for download 2907
07-05 12:50:09.824   545   548 D dalvikvm: GC_CONCURRENT freed 221K, 10% free 10644K/11719K, paused 2ms+3ms
07-05 12:50:09.945   545   548 D dalvikvm: GC_CONCURRENT freed 457K, 10% free 10633K/11719K, paused 1ms+2ms
07-05 12:50:10.172   545   548 D dalvikvm: GC_CONCURRENT freed 682K, 12% free 10372K/11719K, paused 1ms+3ms
07-05 12:50:10.363   545   548 D dalvikvm: GC_CONCURRENT freed 412K, 12% free 10363K/11719K, paused 3ms+2ms
07-05 12:50:10.433   545 24668 I DownloadManager: Initiating request for download 2908
07-05 12:50:10.535   545   548 D dalvikvm: GC_CONCURRENT freed 213K, 10% free 10604K/11719K, paused 1ms+3ms
07-05 12:50:10.633   545   548 D dalvikvm: GC_CONCURRENT freed 404K, 10% free 10633K/11719K, paused 2ms+3ms
07-05 12:50:10.785  1370 24670 E DictionaryProvider:UpdateHandler: Can't read a file : android.util.MalformedJsonException: Use JsonReader.setLenient(true) to accept malformed JSON at line 1 column 20
07-05 12:50:10.867   545   548 D dalvikvm: GC_CONCURRENT freed 656K, 12% free 10390K/11719K, paused 1ms+2ms
07-05 12:50:11.047   545   548 D dalvikvm: GC_CONCURRENT freed 424K, 12% free 10361K/11719K, paused 2ms+3ms
07-05 12:50:11.152   545 24673 I DownloadManager: Initiating request for download 2908
07-05 12:50:11.230   545   548 D dalvikvm: GC_CONCURRENT freed 275K, 11% free 10545K/11719K, paused 2ms+3ms
07-05 12:50:11.324   545   548 D dalvikvm: GC_CONCURRENT freed 304K, 9% free 10715K/11719K, paused 2ms+2ms
07-05 12:50:11.535   545   548 D dalvikvm: GC_CONCURRENT freed 775K, 12% free 10387K/11719K, paused 2ms+2ms
07-05 12:50:11.722   545   548 D dalvikvm: GC_CONCURRENT freed 416K, 12% free 10376K/11719K, paused 1ms+3ms
07-05 12:50:11.855   545 24676 I DownloadManager: Initiating request for download 2909
07-05 12:50:11.984   545   548 D dalvikvm: GC_CONCURRENT freed 366K, 12% free 10405K/11719K, paused 2ms+3ms
07-05 12:50:12.156   545   548 D dalvikvm: GC_CONCURRENT freed 389K, 12% free 10410K/11719K, paused 1ms+2ms
07-05 12:50:12.336   545   548 D dalvikvm: GC_CONCURRENT freed 408K, 12% free 10397K/11719K, paused 2ms+2ms
07-05 12:50:18.980   545   548 D dalvikvm: GC_CONCURRENT freed 290K, 10% free 10569K/11719K, paused 1ms+3ms
07-05 12:50:19.058   545   548 D dalvikvm: GC_CONCURRENT freed 386K, 10% free 10591K/11719K, paused 1ms+2ms
07-05 12:50:19.258  1370 24679 E DictionaryProvider:UpdateHandler: Can't read a file : android.util.MalformedJsonException: Use JsonReader.setLenient(true) to accept malformed JSON at line 1 column 20
07-05 12:50:19.418   545   548 D dalvikvm: GC_CONCURRENT freed 609K, 12% free 10389K/11719K, paused 2ms+2ms
07-05 12:50:19.597   545   548 D dalvikvm: GC_CONCURRENT freed 420K, 12% free 10365K/11719K, paused 2ms+2ms
07-05 12:50:19.707   545 24682 I DownloadManager: Initiating request for download 2909
07-05 12:50:19.711   545 24682 W DownloadManager: Aborting request for download 2909: Trying to resume a download that can't be resumed
07-05 12:50:19.906   545   548 D dalvikvm: GC_CONCURRENT freed 356K, 12% free 10408K/11719K, paused 2ms+2ms
07-05 12:50:20.086   545   548 D dalvikvm: GC_CONCURRENT freed 420K, 12% free 10387K/11719K, paused 1ms+2ms
07-05 12:50:20.289   545   548 D dalvikvm: GC_CONCURRENT freed 421K, 12% free 10361K/11719K, paused 2ms+2ms
07-05 12:50:20.375   545 24685 I DownloadManager: Initiating request for download 2910
07-05 12:50:20.492   545   548 D dalvikvm: GC_CONCURRENT freed 226K, 9% free 10671K/11719K, paused 2ms+3ms
07-05 12:50:20.601   545   548 D dalvikvm: GC_CONCURRENT freed 490K, 10% free 10637K/11719K, paused 2ms+2ms
07-05 12:50:20.765  1370 24688 E DictionaryProvider:UpdateHandler: Can't read a file : android.util.MalformedJsonException: Use JsonReader.setLenient(true) to accept malformed JSON at line 1 column 20
07-05 12:50:20.843  1370  1372 D dalvikvm: GC_CONCURRENT freed 364K, 7% free 9150K/9735K, paused 1ms+2ms
07-05 12:50:20.863   545   548 D dalvikvm: GC_CONCURRENT freed 663K, 12% free 10401K/11719K, paused 1ms+2ms
07-05 12:50:21.047   545   548 D dalvikvm: GC_CONCURRENT freed 431K, 12% free 10364K/11719K, paused 1ms+3ms
07-05 12:50:21.121   545 24691 I DownloadManager: Initiating request for download 2910
07-05 12:50:21.207   545   548 D dalvikvm: GC_CONCURRENT freed 236K, 10% free 10572K/11719K, paused 2ms+3ms
07-05 12:50:21.297   545   548 D dalvikvm: GC_CONCURRENT freed 300K, 9% free 10731K/11719K, paused 2ms+2ms
07-05 12:50:21.515   545   548 D dalvikvm: GC_CONCURRENT freed 796K, 12% free 10390K/11719K, paused 2ms+2ms
07-05 12:50:21.687   545   548 D dalvikvm: GC_CONCURRENT freed 417K, 12% free 10370K/11719K, paused 1ms+2ms
07-05 12:50:21.804   545 24694 I DownloadManager: Initiating request for download 2911
07-05 12:50:21.898   545   548 D dalvikvm: GC_CONCURRENT freed 268K, 10% free 10612K/11719K, paused 1ms+3ms
07-05 12:50:21.992   545   548 D dalvikvm: GC_CONCURRENT freed 340K, 9% free 10717K/11719K, paused 1ms+2ms
07-05 12:50:22.172   545   548 D dalvikvm: GC_CONCURRENT freed 765K, 12% free 10410K/11719K, paused 1ms+2ms
07-05 12:50:22.211  1370 24696 E DictionaryProvider:UpdateHandler: Can't read a file : android.util.MalformedJsonException: Use JsonReader.setLenient(true) to accept malformed JSON at line 1 column 20
07-05 12:50:22.402   545   548 D dalvikvm: GC_CONCURRENT freed 425K, 12% free 10381K/11719K, paused 1ms+3ms
07-05 12:50:22.535   545 24699 I DownloadManager: Initiating request for download 2911
07-05 12:50:22.617   545   548 D dalvikvm: GC_CONCURRENT freed 320K, 11% free 10521K/11719K, paused 1ms+3ms
07-05 12:50:22.711   545   548 D dalvikvm: GC_CONCURRENT freed 305K, 9% free 10688K/11719K, paused 2ms+3ms
07-05 12:50:22.863   545   548 D dalvikvm: GC_CONCURRENT freed 699K, 11% free 10432K/11719K, paused 1ms+2ms
07-05 12:50:23.066   545   548 D dalvikvm: GC_CONCURRENT freed 445K, 12% free 10382K/11719K, paused 1ms+3ms
07-05 12:50:23.261   545 24702 I DownloadManager: Initiating request for download 2912
07-05 12:50:23.277   545   548 D dalvikvm: GC_CONCURRENT freed 386K, 12% free 10411K/11719K, paused 2ms+3ms
07-05 12:50:23.414   545   548 D dalvikvm: GC_CONCURRENT freed 216K, 10% free 10653K/11719K, paused 2ms+3ms
07-05 12:50:23.539   545   548 D dalvikvm: GC_CONCURRENT freed 456K, 10% free 10660K/11719K, paused 2ms+2ms
07-05 12:50:23.672  1370 24704 E DictionaryProvider:UpdateHandler: Can't read a file : android.util.MalformedJsonException: Use JsonReader.setLenient(true) to accept malformed JSON at line 1 column 20
07-05 12:50:23.781   545   548 D dalvikvm: GC_CONCURRENT freed 690K, 12% free 10392K/11719K, paused 2ms+2ms
07-05 12:50:23.961   545   548 D dalvikvm: GC_CONCURRENT freed 411K, 12% free 10369K/11719K, paused 1ms+2ms
07-05 12:50:24.011   545 24707 I DownloadManager: Initiating request for download 2912
07-05 12:50:24.097   545   548 D dalvikvm: GC_CONCURRENT freed 200K, 10% free 10593K/11719K, paused 2ms+2ms
07-05 12:50:24.199   545   548 D dalvikvm: GC_CONCURRENT freed 287K, 9% free 10738K/11719K, paused 2ms+3ms
07-05 12:50:24.394   545   548 D dalvikvm: GC_CONCURRENT freed 769K, 12% free 10424K/11719K, paused 2ms+2ms
07-05 12:50:24.578   545   548 D dalvikvm: GC_CONCURRENT freed 408K, 12% free 10410K/11719K, paused 2ms+2ms
07-05 12:50:24.992   545 24709 I DownloadManager: Initiating request for download 2913
07-05 12:50:25.078   545   548 D dalvikvm: GC_CONCURRENT freed 307K, 10% free 10562K/11719K, paused 2ms+3ms
07-05 12:50:25.179   545   548 D dalvikvm: GC_CONCURRENT freed 311K, 9% free 10731K/11719K, paused 2ms+4ms
07-05 12:50:25.414  1370 24712 E DictionaryProvider:UpdateHandler: Can't read a file : android.util.MalformedJsonException: Use JsonReader.setLenient(true) to accept malformed JSON at line 1 column 20
07-05 12:50:25.433   545   548 D dalvikvm: GC_CONCURRENT freed 796K, 12% free 10417K/11719K, paused 2ms+2ms
07-05 12:50:25.629   545   548 D dalvikvm: GC_CONCURRENT freed 431K, 12% free 10381K/11719K, paused 2ms+3ms
07-05 12:50:25.754   545 24715 I DownloadManager: Initiating request for download 2913
07-05 12:50:25.840   545   548 D dalvikvm: GC_CONCURRENT freed 304K, 10% free 10607K/11719K, paused 2ms+3ms
07-05 12:50:25.941   545   548 D dalvikvm: GC_CONCURRENT freed 335K, 9% free 10715K/11719K, paused 2ms+4ms
07-05 12:50:26.172   156   514 D dalvikvm: GC_EXPLICIT freed 491K, 13% free 14083K/16007K, paused 3ms+6ms
07-05 12:50:26.191   545   548 D dalvikvm: GC_CONCURRENT freed 760K, 12% free 10401K/11719K, paused 2ms+3ms
07-05 12:50:26.390   545   548 D dalvikvm: GC_CONCURRENT freed 414K, 12% free 10382K/11719K, paused 2ms+2ms
07-05 12:50:26.855   545 24718 I DownloadManager: Initiating request for download 2914
07-05 12:50:26.914   545   548 D dalvikvm: GC_CONCURRENT freed 346K, 11% free 10432K/11719K, paused 2ms+3ms
07-05 12:50:27.015   545   548 D dalvikvm: GC_CONCURRENT freed 233K, 10% free 10658K/11719K, paused 2ms+3ms
07-05 12:50:27.140   545   548 D dalvikvm: GC_CONCURRENT freed 655K, 12% free 10426K/11719K, paused 2ms+3ms
07-05 12:50:27.234  1370 24720 E DictionaryProvider:UpdateHandler: Can't read a file : android.util.MalformedJsonException: Use JsonReader.setLenient(true) to accept malformed JSON at line 1 column 20
07-05 12:50:27.308  1370  1372 D dalvikvm: GC_CONCURRENT freed 411K, 7% free 9127K/9735K, paused 1ms+2ms
07-05 12:50:27.406   545   548 D dalvikvm: GC_CONCURRENT freed 436K, 12% free 10384K/11719K, paused 2ms+2ms
07-05 12:50:27.586   545   548 D dalvikvm: GC_CONCURRENT freed 419K, 12% free 10360K/11719K, paused 2ms+2ms
07-05 12:50:27.652   545 24723 I DownloadManager: Initiating request for download 2914
07-05 12:50:27.750   545   548 D dalvikvm: GC_CONCURRENT freed 212K, 10% free 10571K/11719K, paused 2ms+3ms
07-05 12:50:27.847   545   548 D dalvikvm: GC_CONCURRENT freed 303K, 9% free 10726K/11719K, paused 1ms+3ms
07-05 12:50:28.050   545   548 D dalvikvm: GC_CONCURRENT freed 792K, 12% free 10386K/11719K, paused 2ms+2ms
07-05 12:50:28.250   545   548 D dalvikvm: GC_CONCURRENT freed 412K, 12% free 10369K/11719K, paused 1ms+2ms
07-05 12:50:28.379   545 24726 I DownloadManager: Initiating request for download 2915
07-05 12:50:28.468   545   548 D dalvikvm: GC_CONCURRENT freed 285K, 11% free 10541K/11719K, paused 2ms+3ms
07-05 12:50:28.562   545   548 D dalvikvm: GC_CONCURRENT freed 315K, 9% free 10698K/11719K, paused 2ms+4ms
07-05 12:50:28.730   545   548 D dalvikvm: GC_CONCURRENT freed 712K, 12% free 10425K/11719K, paused 2ms+2ms
07-05 12:50:28.793  1370 24728 E DictionaryProvider:UpdateHandler: Can't read a file : android.util.MalformedJsonException: Use JsonReader.setLenient(true) to accept malformed JSON at line 1 column 20
07-05 12:50:28.961   545   548 D dalvikvm: GC_CONCURRENT freed 439K, 12% free 10382K/11719K, paused 1ms+2ms
07-05 12:50:29.093   545 24731 I DownloadManager: Initiating request for download 2915
07-05 12:50:29.136   545   548 D dalvikvm: GC_CONCURRENT freed 375K, 11% free 10431K/11719K, paused 2ms+3ms
07-05 12:50:29.246   545   548 D dalvikvm: GC_CONCURRENT freed 231K, 10% free 10660K/11719K, paused 2ms+3ms
07-05 12:50:29.383   545   548 D dalvikvm: GC_CONCURRENT freed 664K, 12% free 10428K/11719K, paused 2ms+2ms
07-05 12:50:29.586   545   548 D dalvikvm: GC_CONCURRENT freed 442K, 12% free 10381K/11719K, paused 2ms+3ms
07-05 12:50:29.785   545   548 D dalvikvm: GC_CONCURRENT freed 409K, 12% free 10363K/11719K, paused 2ms+3ms
07-05 12:50:29.871   545 24734 I DownloadManager: Initiating request for download 2916
07-05 12:50:29.976   545   548 D dalvikvm: GC_CONCURRENT freed 222K, 10% free 10601K/11719K, paused 2ms+3ms
07-05 12:50:30.078   545   548 D dalvikvm: GC_CONCURRENT freed 386K, 10% free 10645K/11719K, paused 2ms+3ms
07-05 12:50:30.289  1370 24736 E DictionaryProvider:UpdateHandler: Can't read a file : android.util.MalformedJsonException: Use JsonReader.setLenient(true) to accept malformed JSON at line 1 column 20
07-05 12:50:30.304   545   548 D dalvikvm: GC_CONCURRENT freed 677K, 12% free 10400K/11719K, paused 2ms+2ms
07-05 12:50:30.504   545   548 D dalvikvm: GC_CONCURRENT freed 420K, 12% free 10375K/11719K, paused 1ms+2ms
07-05 12:50:30.605   545 24739 I DownloadManager: Initiating request for download 2916
07-05 12:50:30.691   545   548 D dalvikvm: GC_CONCURRENT freed 294K, 10% free 10592K/11719K, paused 2ms+3ms
07-05 12:50:30.793   545   548 D dalvikvm: GC_CONCURRENT freed 349K, 9% free 10730K/11719K, paused 2ms+4ms
07-05 12:50:30.992   545   548 D dalvikvm: GC_CONCURRENT freed 789K, 12% free 10397K/11719K, paused 1ms+2ms
07-05 12:50:31.191   545   548 D dalvikvm: GC_CONCURRENT freed 418K, 12% free 10383K/11719K, paused 1ms+3ms
07-05 12:50:31.320   545 24742 I DownloadManager: Initiating request for download 2917
07-05 12:50:31.402   545   548 D dalvikvm: GC_CONCURRENT freed 297K, 11% free 10543K/11719K, paused 2ms+2ms
07-05 12:50:31.500   545   548 D dalvikvm: GC_CONCURRENT freed 305K, 9% free 10713K/11719K, paused 1ms+3ms
07-05 12:50:31.675   545   548 D dalvikvm: GC_CONCURRENT freed 733K, 11% free 10431K/11719K, paused 2ms+3ms
07-05 12:50:31.738  1370 24744 E DictionaryProvider:UpdateHandler: Can't read a file : android.util.MalformedJsonException: Use JsonReader.setLenient(true) to accept malformed JSON at line 1 column 20
07-05 12:50:31.816   465 24745 D dalvikvm: GC_EXPLICIT freed 410K, 6% free 10502K/11079K, paused 1ms+2ms
07-05 12:50:31.941   545   548 D dalvikvm: GC_CONCURRENT freed 431K, 12% free 10389K/11719K, paused 2ms+2ms
07-05 12:50:32.074   545 24747 I DownloadManager: Initiating request for download 2917
07-05 12:50:32.117   545   548 D dalvikvm: GC_CONCURRENT freed 384K, 12% free 10413K/11719K, paused 1ms+2ms
07-05 12:50:32.234   545   548 D dalvikvm: GC_CONCURRENT freed 237K, 9% free 10670K/11719K, paused 2ms+3ms
07-05 12:50:32.371   545   548 D dalvikvm: GC_CONCURRENT freed 670K, 11% free 10434K/11719K, paused 1ms+3ms
07-05 12:50:32.566   545   548 D dalvikvm: GC_CONCURRENT freed 442K, 12% free 10387K/11719K, paused 2ms+2ms
07-05 12:50:32.746   545   548 D dalvikvm: GC_CONCURRENT freed 413K, 12% free 10369K/11719K, paused 2ms+2ms
07-05 12:50:32.836   545 24750 I DownloadManager: Initiating request for download 2918
07-05 12:50:32.933   545   548 D dalvikvm: GC_CONCURRENT freed 219K, 10% free 10609K/11719K, paused 2ms+3ms
07-05 12:50:33.035   545   548 D dalvikvm: GC_CONCURRENT freed 392K, 10% free 10663K/11719K, paused 2ms+2ms
07-05 12:50:33.187  1370 24752 E DictionaryProvider:UpdateHandler: Can't read a file : android.util.MalformedJsonException: Use JsonReader.setLenient(true) to accept malformed JSON at line 1 column 20
07-05 12:50:33.277   545   548 D dalvikvm: GC_CONCURRENT freed 683K, 12% free 10403K/11719K, paused 1ms+6ms
07-05 12:50:33.297  1370  1372 D dalvikvm: GC_CONCURRENT freed 363K, 7% free 9151K/9735K, paused 2ms+6ms
07-05 12:50:33.476   545   548 D dalvikvm: GC_CONCURRENT freed 424K, 12% free 10375K/11719K, paused 2ms+2ms
07-05 12:50:33.586   545 24755 I DownloadManager: Initiating request for download 2918
07-05 12:50:33.664   545   548 D dalvikvm: GC_CONCURRENT freed 283K, 10% free 10550K/11719K, paused 1ms+3ms
07-05 12:50:33.765   545   548 D dalvikvm: GC_CONCURRENT freed 291K, 9% free 10708K/11719K, paused 1ms+3ms
07-05 12:50:33.922   545   548 D dalvikvm: GC_CONCURRENT freed 722K, 11% free 10432K/11719K, paused 1ms+2ms
07-05 12:50:34.105   545   548 D dalvikvm: GC_CONCURRENT freed 408K, 12% free 10418K/11719K, paused 2ms+2ms
07-05 12:50:34.843   545 24757 I DownloadManager: Initiating request for download 2919
07-05 12:50:34.906   545   548 D dalvikvm: GC_CONCURRENT freed 404K, 11% free 10450K/11719K, paused 2ms+4ms
07-05 12:50:35.023   545   548 D dalvikvm: GC_CONCURRENT freed 240K, 9% free 10670K/11719K, paused 2ms+3ms
07-05 12:50:35.168   545   548 D dalvikvm: GC_CONCURRENT freed 663K, 11% free 10442K/11719K, paused 2ms+3ms
07-05 12:50:35.261  1370 24760 E DictionaryProvider:UpdateHandler: Can't read a file : android.util.MalformedJsonException: Use JsonReader.setLenient(true) to accept malformed JSON at line 1 column 20
07-05 12:50:35.410   545   548 D dalvikvm: GC_CONCURRENT freed 440K, 12% free 10397K/11719K, paused 2ms+3ms
07-05 12:50:35.597   545   548 D dalvikvm: GC_CONCURRENT freed 418K, 12% free 10374K/11719K, paused 2ms+2ms
07-05 12:50:35.656   545 24763 I DownloadManager: Initiating request for download 2919
07-05 12:50:35.750   545   548 D dalvikvm: GC_CONCURRENT freed 233K, 10% free 10601K/11719K, paused 2ms+3ms
07-05 12:50:35.851   545   548 D dalvikvm: GC_CONCURRENT freed 300K, 9% free 10746K/11719K, paused 2ms+3ms
07-05 12:50:36.043   545   548 D dalvikvm: GC_CONCURRENT freed 798K, 12% free 10399K/11719K, paused 2ms+3ms
07-05 12:50:36.234   545   548 D dalvikvm: GC_CONCURRENT freed 406K, 12% free 10383K/11719K, paused 2ms+2ms
07-05 12:50:36.394   545 24766 I DownloadManager: Initiating request for download 2920
07-05 12:50:36.480   545   548 D dalvikvm: GC_CONCURRENT freed 274K, 10% free 10553K/11719K, paused 2ms+2ms
07-05 12:50:36.582   545   548 D dalvikvm: GC_CONCURRENT freed 315K, 9% free 10711K/11719K, paused 2ms+4ms
07-05 12:50:36.758   545   548 D dalvikvm: GC_CONCURRENT freed 716K, 11% free 10453K/11719K, paused 2ms+3ms
07-05 12:50:36.820  1370 24768 E DictionaryProvider:UpdateHandler: Can't read a file : android.util.MalformedJsonException: Use JsonReader.setLenient(true) to accept malformed JSON at line 1 column 20
07-05 12:50:36.988   545   548 D dalvikvm: GC_CONCURRENT freed 451K, 12% free 10397K/11719K, paused 2ms+2ms
07-05 12:50:37.133   545 24771 I DownloadManager: Initiating request for download 2920
07-05 12:50:37.156   545   548 D dalvikvm: GC_CONCURRENT freed 378K, 12% free 10418K/11719K, paused 2ms+2ms
07-05 12:50:37.281   545   548 D dalvikvm: GC_CONCURRENT freed 215K, 10% free 10663K/11719K, paused 2ms+3ms
07-05 12:50:37.402   545   548 D dalvikvm: GC_CONCURRENT freed 451K, 10% free 10658K/11719K, paused 2ms+4ms
07-05 12:50:37.625   545   548 D dalvikvm: GC_CONCURRENT freed 690K, 12% free 10396K/11719K, paused 1ms+3ms
07-05 12:50:37.812   545   548 D dalvikvm: GC_CONCURRENT freed 413K, 12% free 10377K/11719K, paused 2ms+2ms
07-05 12:50:37.890   545 24774 I DownloadManager: Initiating request for download 2921
07-05 12:50:37.965   545 24678 D dalvikvm: GC_EXPLICIT freed 102K, 10% free 10587K/11719K, paused 2ms+5ms
07-05 12:50:38.066   545   548 D dalvikvm: GC_CONCURRENT freed 314K, 9% free 10728K/11719K, paused 2ms+3ms
07-05 12:50:38.273  1370 24776 E DictionaryProvider:UpdateHandler: Can't read a file : android.util.MalformedJsonException: Use JsonReader.setLenient(true) to accept malformed JSON at line 1 column 20
07-05 12:50:38.281   545   548 D dalvikvm: GC_CONCURRENT freed 774K, 12% free 10423K/11719K, paused 2ms+2ms
07-05 12:50:38.488   545   548 D dalvikvm: GC_CONCURRENT freed 424K, 12% free 10394K/11719K, paused 2ms+2ms
07-05 12:50:38.648   545 24779 I DownloadManager: Initiating request for download 2921
07-05 12:50:38.660   545   548 D dalvikvm: GC_CONCURRENT freed 366K, 12% free 10427K/11719K, paused 2ms+2ms
07-05 12:50:38.781   545   548 D dalvikvm: GC_CONCURRENT freed 218K, 9% free 10668K/11719K, paused 2ms+3ms
07-05 12:50:38.902   545   548 D dalvikvm: GC_CONCURRENT freed 463K, 10% free 10663K/11719K, paused 2ms+2ms
07-05 12:50:39.101   545   548 D dalvikvm: GC_CONCURRENT freed 665K, 11% free 10430K/11719K, paused 2ms+2ms
07-05 12:50:39.285   545   548 D dalvikvm: GC_CONCURRENT freed 409K, 12% free 10416K/11719K, paused 2ms+2ms
07-05 12:50:39.988   545 24781 I DownloadManager: Initiating request for download 2922
07-05 12:50:40.101   545   548 D dalvikvm: GC_CONCURRENT freed 220K, 10% free 10620K/11719K, paused 2ms+3ms
07-05 12:50:40.207   545   548 D dalvikvm: GC_CONCURRENT freed 377K, 9% free 10666K/11719K, paused 2ms+3ms
07-05 12:50:40.328   156   568 D dalvikvm: GC_EXPLICIT freed 484K, 13% free 14082K/16007K, paused 2ms+6ms
07-05 12:50:40.461  1370 24784 E DictionaryProvider:UpdateHandler: Can't read a file : android.util.MalformedJsonException: Use JsonReader.setLenient(true) to accept malformed JSON at line 1 column 20
07-05 12:50:40.535   545   548 D dalvikvm: GC_CONCURRENT freed 693K, 12% free 10419K/11719K, paused 2ms+2ms
07-05 12:50:40.550  1370  1372 D dalvikvm: GC_CONCURRENT freed 413K, 7% free 9126K/9735K, paused 2ms+8ms
07-05 12:50:40.742   545   548 D dalvikvm: GC_CONCURRENT freed 438K, 12% free 10373K/11719K, paused 1ms+2ms
07-05 12:50:40.851   545 24787 I DownloadManager: Initiating request for download 2922
07-05 12:50:40.933   545   548 D dalvikvm: GC_CONCURRENT freed 297K, 11% free 10534K/11719K, paused 2ms+3ms
07-05 12:50:41.031   545   548 D dalvikvm: GC_CONCURRENT freed 302K, 9% free 10705K/11719K, paused 2ms+4ms
07-05 12:50:41.203   545   548 D dalvikvm: GC_CONCURRENT freed 722K, 12% free 10429K/11719K, paused 2ms+3ms
07-05 12:50:41.422   545   548 D dalvikvm: GC_CONCURRENT freed 441K, 12% free 10383K/11719K, paused 2ms+2ms
07-05 12:50:41.640   545 24790 I DownloadManager: Initiating request for download 2923
07-05 12:50:41.660   545   548 D dalvikvm: GC_CONCURRENT freed 392K, 12% free 10411K/11719K, paused 2ms+4ms
07-05 12:50:41.781   545   548 D dalvikvm: GC_CONCURRENT freed 212K, 10% free 10653K/11719K, paused 2ms+2ms
07-05 12:50:41.906   545   548 D dalvikvm: GC_CONCURRENT freed 659K, 11% free 10436K/11719K, paused 1ms+2ms
07-05 12:50:42.058  1370 24792 E DictionaryProvider:UpdateHandler: Can't read a file : android.util.MalformedJsonException: Use JsonReader.setLenient(true) to accept malformed JSON at line 1 column 20
07-05 12:50:42.152   545   548 D dalvikvm: GC_CONCURRENT freed 432K, 12% free 10400K/11719K, paused 2ms+2ms
07-05 12:50:42.332   545   548 D dalvikvm: GC_CONCURRENT freed 423K, 12% free 10372K/11719K, paused 2ms+2ms
07-05 12:50:42.402   545 24795 I DownloadManager: Initiating request for download 2923
07-05 12:50:42.484   545   548 D dalvikvm: GC_CONCURRENT freed 245K, 10% free 10581K/11719K, paused 2ms+2ms
07-05 12:50:42.586   545   548 D dalvikvm: GC_CONCURRENT freed 298K, 9% free 10747K/11719K, paused 2ms+3ms
07-05 12:50:42.793   545   548 D dalvikvm: GC_CONCURRENT freed 800K, 12% free 10398K/11719K, paused 2ms+2ms
07-05 12:50:42.980   545   548 D dalvikvm: GC_CONCURRENT freed 418K, 12% free 10375K/11719K, paused 2ms+2ms
07-05 12:50:43.113   545 24798 I DownloadManager: Initiating request for download 2924
07-05 12:50:43.195   545   548 D dalvikvm: GC_CONCURRENT freed 291K, 10% free 10596K/11719K, paused 2ms+3ms
07-05 12:50:43.304   545   548 D dalvikvm: GC_CONCURRENT freed 346K, 9% free 10782K/11719K, paused 1ms+3ms
07-05 12:50:43.488  1370 24800 D dalvikvm: GC_EXPLICIT freed 166K, 7% free 9101K/9735K, paused 2ms+2ms
07-05 12:50:43.500  1370 24800 E DictionaryProvider:UpdateHandler: Can't read a file : android.util.MalformedJsonException: Use JsonReader.setLenient(true) to accept malformed JSON at line 1 column 20
07-05 12:50:43.578   545   548 D dalvikvm: GC_CONCURRENT freed 840K, 12% free 10408K/11719K, paused 2ms+2ms
07-05 12:50:43.761   545   548 D dalvikvm: GC_CONCURRENT freed 424K, 12% free 10379K/11719K, paused 1ms+2ms
07-05 12:50:43.863   545 24803 I DownloadManager: Initiating request for download 2924
07-05 12:50:43.941   545   548 D dalvikvm: GC_CONCURRENT freed 280K, 10% free 10580K/11719K, paused 2ms+3ms
07-05 12:50:44.043   545   548 D dalvikvm: GC_CONCURRENT freed 328K, 9% free 10728K/11719K, paused 1ms+3ms
07-05 12:50:44.226   545   548 D dalvikvm: GC_CONCURRENT freed 760K, 12% free 10425K/11719K, paused 2ms+3ms
07-05 12:50:44.429   545   548 D dalvikvm: GC_CONCURRENT freed 434K, 12% free 10386K/11719K, paused 2ms+2ms
07-05 12:50:44.593   545 24806 I DownloadManager: Initiating request for download 2925
07-05 12:50:44.640   545   548 D dalvikvm: GC_CONCURRENT freed 352K, 11% free 10447K/11719K, paused 2ms+2ms
07-05 12:50:44.746   545   548 D dalvikvm: GC_CONCURRENT freed 232K, 9% free 10676K/11719K, paused 2ms+3ms
