07-05 13:11:04.098   545 29841 I DownloadManager: deleting spurious file /data/data/com.android.providers.downloads/cache/metadata-282.htm
07-05 13:11:04.098   545 29841 I DownloadManager: deleting spurious file /data/data/com.android.providers.downloads/cache/metadata-496.htm
07-05 13:11:04.098   545 29841 I DownloadManager: deleting spurious file /data/data/com.android.providers.downloads/cache/metadata-490.htm
07-05 13:11:04.098   545 29841 I DownloadManager: deleting spurious file /data/data/com.android.providers.downloads/cache/metadata-1406.htm
07-05 13:11:04.098   545 29841 I DownloadManager: deleting spurious file /data/data/com.android.providers.downloads/cache/metadata-513.htm
07-05 13:11:04.098   545 29841 I DownloadManager: deleting spurious file /data/data/com.android.providers.downloads/cache/metadata-540.htm
07-05 13:11:04.098   545 29841 I DownloadManager: deleting spurious file /data/data/com.android.providers.downloads/cache/metadata-1319.htm
07-05 13:11:04.098   545 29841 I DownloadManager: deleting spurious file /data/data/com.android.providers.downloads/cache/metadata-555.htm
07-05 13:11:04.098   545 29841 I DownloadManager: deleting spurious file /data/data/com.android.providers.downloads/cache/metadata-1929.htm
07-05 13:11:04.098   545 29841 I DownloadManager: deleting spurious file /data/data/com.android.providers.downloads/cache/metadata-530.htm
07-05 13:11:04.098   545 29841 I DownloadManager: deleting spurious file /data/data/com.android.providers.downloads/cache/metadata-91.htm
07-05 13:11:04.098   545 29841 I DownloadManager: deleting spurious file /data/data/com.android.providers.downloads/cache/metadata-1041.htm
07-05 13:11:04.102   545 29841 I DownloadManager: deleting spurious file /data/data/com.android.providers.downloads/cache/metadata-2105.htm
07-05 13:11:04.102   545 29841 I DownloadManager: deleting spurious file /data/data/com.android.providers.downloads/cache/metadata-1042.htm
07-05 13:11:04.102   545 29841 I DownloadManager: deleting spurious file /data/data/com.android.providers.downloads/cache/metadata-481.htm
07-05 13:11:04.102   545 29841 I DownloadManager: deleting spurious file /data/data/com.android.providers.downloads/cache/metadata-804.htm
07-05 13:11:04.102   545 29841 I DownloadManager: deleting spurious file /data/data/com.android.providers.downloads/cache/metadata-1024.htm
07-05 13:11:04.102   545 29841 I DownloadManager: deleting spurious file /data/data/com.android.providers.downloads/cache/metadata-700.htm
07-05 13:11:04.102   545 29841 I DownloadManager: deleting spurious file /data/data/com.android.providers.downloads/cache/metadata-1576.htm
07-05 13:11:04.102   545 29841 I DownloadManager: deleting spurious file /data/data/com.android.providers.downloads/cache/metadata-1237.htm
07-05 13:11:04.102   545 29841 I DownloadManager: deleting spurious file /data/data/com.android.providers.downloads/cache/metadata-1030.htm
07-05 13:11:04.102   545 29841 I DownloadManager: deleting spurious file /data/data/com.android.providers.downloads/cache/metadata-950.htm
07-05 13:11:04.102   545 29841 I DownloadManager: deleting spurious file /data/data/com.android.providers.downloads/cache/metadata-771.htm
07-05 13:11:04.102   545 29841 I DownloadManager: deleting spurious file /data/data/com.android.providers.downloads/cache/metadata-562.htm
07-05 13:11:04.102   545 29841 I DownloadManager: deleting spurious file /data/data/com.android.providers.downloads/cache/metadata-130.htm
07-05 13:11:04.102   545 29841 I DownloadManager: deleting spurious file /data/data/com.android.providers.downloads/cache/metadata-434.htm
07-05 13:11:04.102   545 29841 I DownloadManager: deleting spurious file /data/data/com.android.providers.downloads/cache/metadata-964.htm
07-05 13:11:04.102   545 29841 I DownloadManager: deleting spurious file /data/data/com.android.providers.downloads/cache/metadata-1103.htm
07-05 13:11:04.102   545 29841 I DownloadManager: deleting spurious file /data/data/com.android.providers.downloads/cache/metadata-678.htm
07-05 13:11:04.102   545 29841 I DownloadManager: deleting spurious file /data/data/com.android.providers.downloads/cache/metadata-923.htm
07-05 13:11:04.102   545 29841 I DownloadManager: deleting spurious file /data/data/com.android.providers.downloads/cache/metadata-109.htm
07-05 13:11:04.102   545 29841 I DownloadManager: deleting spurious file /data/data/com.android.providers.downloads/cache/metadata-430.htm
07-05 13:11:04.102   545 29841 I DownloadManager: deleting spurious file /data/data/com.android.providers.downloads/cache/metadata-365.htm
07-05 13:11:04.102   545 29841 I DownloadManager: deleting spurious file /data/data/com.android.providers.downloads/cache/metadata-951.htm
07-05 13:11:04.102   545 29841 I DownloadManager: deleting spurious file /data/data/com.android.providers.downloads/cache/metadata-2299.htm
07-05 13:11:04.102   545 29841 I DownloadManager: deleting spurious file /data/data/com.android.providers.downloads/cache/metadata-1438.htm
07-05 13:11:04.102   545 29841 I DownloadManager: deleting spurious file /data/data/com.android.providers.downloads/cache/metadata-634.htm
07-05 13:11:04.102   545 29841 I DownloadManager: deleting spurious file /data/data/com.android.providers.downloads/cache/metadata-1384.htm
07-05 13:11:04.102   545 29841 I DownloadManager: deleting spurious file /data/data/com.android.providers.downloads/cache/metadata-1514.htm
07-05 13:11:04.102   545 29841 I DownloadManager: deleting spurious file /data/data/com.android.providers.downloads/cache/metadata-517.htm
07-05 13:11:04.106   545 29841 I DownloadManager: deleting spurious file /data/data/com.android.providers.downloads/cache/metadata-561.htm
07-05 13:11:04.106   545 29841 I DownloadManager: deleting spurious file /data/data/com.android.providers.downloads/cache/metadata-491.htm
07-05 13:11:04.106   545 29841 I DownloadManager: deleting spurious file /data/data/com.android.providers.downloads/cache/metadata-525.htm
07-05 13:11:04.106   545 29841 I DownloadManager: deleting spurious file /data/data/com.android.providers.downloads/cache/metadata-1606.htm
07-05 13:11:04.106   545 29841 I DownloadManager: deleting spurious file /data/data/com.android.providers.downloads/cache/metadata-1938.htm
07-05 13:11:04.106   545 29841 I DownloadManager: deleting spurious file /data/data/com.android.providers.downloads/cache/metadata-1433.htm
07-05 13:11:04.106   545 29841 I DownloadManager: deleting spurious file /data/data/com.android.providers.downloads/cache/metadata-1612.htm
07-05 13:11:04.106   545 29841 I DownloadManager: deleting spurious file /data/data/com.android.providers.downloads/cache/metadata-599.htm
07-05 13:11:04.106   545 29841 I DownloadManager: deleting spurious file /data/data/com.android.providers.downloads/cache/metadata-993.htm
07-05 13:11:04.106   545 29841 I DownloadManager: deleting spurious file /data/data/com.android.providers.downloads/cache/metadata-114.htm
07-05 13:11:04.106   545 29841 I DownloadManager: deleting spurious file /data/data/com.android.providers.downloads/cache/metadata-829.htm
07-05 13:11:04.106   545 29841 I DownloadManager: deleting spurious file /data/data/com.android.providers.downloads/cache/metadata-1080.htm
07-05 13:11:04.106   545 29841 I DownloadManager: deleting spurious file /data/data/com.android.providers.downloads/cache/metadata-3012.htm
07-05 13:11:04.106   545 29841 I DownloadManager: deleting spurious file /data/data/com.android.providers.downloads/cache/metadata-837.htm
07-05 13:11:04.106   545 29841 I DownloadManager: deleting spurious file /data/data/com.android.providers.downloads/cache/metadata-1722.htm
07-05 13:11:04.106   545 29841 I DownloadManager: deleting spurious file /data/data/com.android.providers.downloads/cache/metadata-551.htm
07-05 13:11:04.106   545 29841 I DownloadManager: deleting spurious file /data/data/com.android.providers.downloads/cache/metadata-522.htm
07-05 13:11:04.106   545 29841 I DownloadManager: deleting spurious file /data/data/com.android.providers.downloads/cache/metadata-1532.htm
07-05 13:11:04.106   545 29841 I DownloadManager: deleting spurious file /data/data/com.android.providers.downloads/cache/metadata-2158.htm
07-05 13:11:04.106   545 29841 I DownloadManager: deleting spurious file /data/data/com.android.providers.downloads/cache/metadata-1534.htm
07-05 13:11:04.106   545 29841 I DownloadManager: deleting spurious file /data/data/com.android.providers.downloads/cache/metadata-791.htm
07-05 13:11:04.106   545 29841 I DownloadManager: deleting spurious file /data/data/com.android.providers.downloads/cache/metadata-1589.htm
07-05 13:11:04.106   545 29841 I DownloadManager: deleting spurious file /data/data/com.android.providers.downloads/cache/metadata-1165.htm
07-05 13:11:04.106   545 29841 I DownloadManager: deleting spurious file /data/data/com.android.providers.downloads/cache/metadata-1725.htm
07-05 13:11:04.106   545 29841 I DownloadManager: deleting spurious file /data/data/com.android.providers.downloads/cache/metadata-587.htm
07-05 13:11:04.106   545 29841 I DownloadManager: deleting spurious file /data/data/com.android.providers.downloads/cache/metadata-1147.htm
07-05 13:11:04.106   545 29841 I DownloadManager: deleting spurious file /data/data/com.android.providers.downloads/cache/metadata-1915.htm
07-05 13:11:04.110   545 29841 I DownloadManager: deleting spurious file /data/data/com.android.providers.downloads/cache/metadata-1666.htm
07-05 13:11:04.110   545 29841 I DownloadManager: deleting spurious file /data/data/com.android.providers.downloads/cache/metadata-1281.htm
07-05 13:11:04.110   545 29841 I DownloadManager: deleting spurious file /data/data/com.android.providers.downloads/cache/metadata-1226.htm
07-05 13:11:04.110   545 29841 I DownloadManager: deleting spurious file /data/data/com.android.providers.downloads/cache/metadata-948.htm
07-05 13:11:04.110   545 29841 I DownloadManager: deleting spurious file /data/data/com.android.providers.downloads/cache/metadata-1301.htm
07-05 13:11:04.110   545 29841 I DownloadManager: deleting spurious file /data/data/com.android.providers.downloads/cache/metadata-933.htm
07-05 13:11:04.110   545 29841 I DownloadManager: deleting spurious file /data/data/com.android.providers.downloads/cache/metadata-1109.htm
07-05 13:11:04.110   545 29841 I DownloadManager: deleting spurious file /data/data/com.android.providers.downloads/cache/metadata-1435.htm
07-05 13:11:04.110   545 29841 I DownloadManager: deleting spurious file /data/data/com.android.providers.downloads/cache/metadata-631.htm
07-05 13:11:04.110   545 29841 I DownloadManager: deleting spurious file /data/data/com.android.providers.downloads/cache/metadata-531.htm
07-05 13:11:04.110   545 29841 I DownloadManager: deleting spurious file /data/data/com.android.providers.downloads/cache/metadata-996.htm
07-05 13:11:04.110   545 29841 I DownloadManager: deleting spurious file /data/data/com.android.providers.downloads/cache/metadata-550.htm
07-05 13:11:04.110   545 29841 I DownloadManager: deleting spurious file /data/data/com.android.providers.downloads/cache/metadata-1703.htm
07-05 13:11:04.110   545 29841 I DownloadManager: deleting spurious file /data/data/com.android.providers.downloads/cache/metadata-1191.htm
07-05 13:11:04.110   545 29841 I DownloadManager: deleting spurious file /data/data/com.android.providers.downloads/cache/metadata-1253.htm
07-05 13:11:04.110   545 29841 I DownloadManager: deleting spurious file /data/data/com.android.providers.downloads/cache/metadata-2371.htm
07-05 13:11:04.110   545 29841 I DownloadManager: deleting spurious file /data/data/com.android.providers.downloads/cache/metadata-1149.htm
07-05 13:11:04.110   545 29841 I DownloadManager: deleting spurious file /data/data/com.android.providers.downloads/cache/metadata-560.htm
07-05 13:11:04.110   545 29841 I DownloadManager: deleting spurious file /data/data/com.android.providers.downloads/cache/metadata-1387.htm
07-05 13:11:04.110   545 29841 I DownloadManager: deleting spurious file /data/data/com.android.providers.downloads/cache/metadata-2302.htm
07-05 13:11:04.110   545 29841 I DownloadManager: deleting spurious file /data/data/com.android.providers.downloads/cache/metadata-1673.htm
07-05 13:11:04.110   545 29841 I DownloadManager: deleting spurious file /data/data/com.android.providers.downloads/cache/metadata-2268.htm
07-05 13:11:04.110   545 29841 I DownloadManager: deleting spurious file /data/data/com.android.providers.downloads/cache/metadata-758.htm
07-05 13:11:04.110   545 29841 I DownloadManager: deleting spurious file /data/data/com.android.providers.downloads/cache/metadata-756.htm
07-05 13:11:04.110   545 29841 I DownloadManager: deleting spurious file /data/data/com.android.providers.downloads/cache/metadata-968.htm
07-05 13:11:04.113   545 29841 I DownloadManager: deleting spurious file /data/data/com.android.providers.downloads/cache/metadata-1123.htm
07-05 13:11:04.113   545 29841 I DownloadManager: deleting spurious file /data/data/com.android.providers.downloads/cache/metadata-506.htm
07-05 13:11:04.113   545 29841 I DownloadManager: deleting spurious file /data/data/com.android.providers.downloads/cache/metadata-567.htm
07-05 13:11:04.113   545 29841 I DownloadManager: deleting spurious file /data/data/com.android.providers.downloads/cache/metadata-501.htm
07-05 13:11:04.113   545 29841 I DownloadManager: deleting spurious file /data/data/com.android.providers.downloads/cache/metadata-891.htm
07-05 13:11:04.113   545 29841 I DownloadManager: deleting spurious file /data/data/com.android.providers.downloads/cache/metadata-1832.htm
07-05 13:11:04.113   545 29841 I DownloadManager: deleting spurious file /data/data/com.android.providers.downloads/cache/metadata-2202.htm
07-05 13:11:04.113   545 29841 I DownloadManager: deleting spurious file /data/data/com.android.providers.downloads/cache/metadata-1916.htm
07-05 13:11:04.113   545 29841 I DownloadManager: deleting spurious file /data/data/com.android.providers.downloads/cache/metadata-1232.htm
07-05 13:11:04.203   545   548 D dalvikvm: GC_CONCURRENT freed 778K, 11% free 10515K/11719K, paused 2ms+3ms
07-05 13:11:04.442   545   548 D dalvikvm: GC_CONCURRENT freed 400K, 11% free 10521K/11719K, paused 2ms+3ms
07-05 13:11:04.684   545   548 D dalvikvm: GC_CONCURRENT freed 410K, 11% free 10509K/11719K, paused 2ms+3ms
07-05 13:11:04.801   545 29842 I DownloadManager: Initiating request for download 3530
07-05 13:11:04.938   545   548 D dalvikvm: GC_CONCURRENT freed 193K, 9% free 10752K/11719K, paused 2ms+2ms
07-05 13:11:05.051   545   548 D dalvikvm: GC_CONCURRENT freed 423K, 8% free 10798K/11719K, paused 2ms+2ms
07-05 13:11:05.266   545   548 D dalvikvm: GC_CONCURRENT freed 720K, 10% free 10554K/11719K, paused 2ms+2ms
07-05 13:11:05.438   545   548 D dalvikvm: GC_CONCURRENT freed 410K, 11% free 10538K/11719K, paused 2ms+2ms
07-05 13:11:06.020   545   548 D dalvikvm: GC_CONCURRENT freed 380K, 10% free 10558K/11719K, paused 2ms+3ms
07-05 13:11:06.215   545   548 D dalvikvm: GC_CONCURRENT freed 447K, 11% free 10502K/11719K, paused 2ms+2ms
07-05 13:11:06.395   545   548 D dalvikvm: GC_CONCURRENT freed 419K, 11% free 10478K/11719K, paused 2ms+2ms
07-05 13:11:07.133  1370  1372 D dalvikvm: GC_CONCURRENT freed 349K, 7% free 9130K/9735K, paused 1ms+2ms
07-05 13:11:07.281  1370 29844 E DictionaryProvider:UpdateHandler: Can't read a file : android.util.MalformedJsonException: Use JsonReader.setLenient(true) to accept malformed JSON at line 1 column 20
07-05 13:11:07.336   545   548 D dalvikvm: GC_CONCURRENT freed 364K, 11% free 10519K/11719K, paused 2ms+2ms
07-05 13:11:07.563   545   548 D dalvikvm: GC_CONCURRENT freed 430K, 11% free 10499K/11719K, paused 2ms+3ms
07-05 13:11:07.801   545   548 D dalvikvm: GC_CONCURRENT freed 409K, 11% free 10494K/11719K, paused 1ms+3ms
07-05 13:11:08.770   545   548 D dalvikvm: GC_CONCURRENT freed 377K, 11% free 10508K/11719K, paused 15ms+3ms
07-05 13:11:09.903   545   548 D dalvikvm: GC_CONCURRENT freed 417K, 11% free 10503K/11719K, paused 2ms+2ms
07-05 13:11:10.137   545   548 D dalvikvm: GC_CONCURRENT freed 420K, 11% free 10495K/11719K, paused 2ms+2ms
07-05 13:11:10.410   545   548 D dalvikvm: GC_CONCURRENT freed 408K, 11% free 10478K/11719K, paused 2ms+3ms
07-05 13:11:10.473   545 29847 I DownloadManager: Initiating request for download 3531
07-05 13:11:10.617   545   548 D dalvikvm: GC_CONCURRENT freed 244K, 9% free 10745K/11719K, paused 2ms+4ms
07-05 13:11:11.328   545   548 D dalvikvm: GC_CONCURRENT freed 693K, 11% free 10512K/11719K, paused 14ms+3ms
07-05 13:11:11.610   545   548 D dalvikvm: GC_CONCURRENT freed 404K, 11% free 10515K/11719K, paused 2ms+3ms
07-05 13:11:11.785  1370 29849 E DictionaryProvider:UpdateHandler: Can't read a file : android.util.MalformedJsonException: Use JsonReader.setLenient(true) to accept malformed JSON at line 1 column 20
07-05 13:11:11.891   545   548 D dalvikvm: GC_CONCURRENT freed 442K, 11% free 10489K/11719K, paused 2ms+4ms
07-05 13:11:12.067   545 29852 I DownloadManager: Initiating request for download 3531
07-05 13:11:12.145   545   548 D dalvikvm: GC_CONCURRENT freed 424K, 11% free 10482K/11719K, paused 1ms+3ms
07-05 13:11:12.254   545   548 D dalvikvm: GC_CONCURRENT freed 231K, 9% free 10696K/11719K, paused 2ms+3ms
07-05 13:11:12.367   545   548 D dalvikvm: GC_CONCURRENT freed 650K, 11% free 10487K/11719K, paused 3ms+3ms
07-05 13:11:12.649   545   548 D dalvikvm: GC_CONCURRENT freed 402K, 11% free 10487K/11719K, paused 2ms+3ms
07-05 13:11:12.899   545   548 D dalvikvm: GC_CONCURRENT freed 442K, 11% free 10440K/11719K, paused 2ms+3ms
07-05 13:11:13.063   545 29855 I DownloadManager: Initiating request for download 3532
07-05 13:11:13.129   545   548 D dalvikvm: GC_CONCURRENT freed 386K, 11% free 10452K/11719K, paused 2ms+3ms
07-05 13:11:13.235   545   548 D dalvikvm: GC_CONCURRENT freed 239K, 9% free 10674K/11719K, paused 2ms+3ms
07-05 13:11:13.383   545   548 D dalvikvm: GC_CONCURRENT freed 664K, 11% free 10458K/11719K, paused 2ms+2ms
07-05 13:11:13.465  1370 29857 E DictionaryProvider:UpdateHandler: Can't read a file : android.util.MalformedJsonException: Use JsonReader.setLenient(true) to accept malformed JSON at line 1 column 20
07-05 13:11:13.617   545   548 D dalvikvm: GC_CONCURRENT freed 451K, 12% free 10402K/11719K, paused 2ms+2ms
07-05 13:11:13.809   545   548 D dalvikvm: GC_CONCURRENT freed 419K, 12% free 10378K/11719K, paused 1ms+3ms
07-05 13:11:13.852   545 29860 I DownloadManager: Initiating request for download 3532
07-05 13:11:13.961   545   548 D dalvikvm: GC_CONCURRENT freed 232K, 10% free 10606K/11719K, paused 2ms+3ms
07-05 13:11:14.063   545   548 D dalvikvm: GC_CONCURRENT freed 400K, 10% free 10640K/11719K, paused 2ms+3ms
07-05 13:11:14.285   545   548 D dalvikvm: GC_CONCURRENT freed 667K, 12% free 10387K/11719K, paused 2ms+2ms
07-05 13:11:14.469   545   548 D dalvikvm: GC_CONCURRENT freed 412K, 12% free 10368K/11719K, paused 2ms+2ms
07-05 13:11:14.574   545 29863 I DownloadManager: Initiating request for download 3533
07-05 13:11:14.664   545   548 D dalvikvm: GC_CONCURRENT freed 254K, 10% free 10557K/11719K, paused 2ms+3ms
07-05 13:11:14.770   545   548 D dalvikvm: GC_CONCURRENT freed 310K, 9% free 10720K/11719K, paused 2ms+3ms
07-05 13:11:14.981  1370 29865 E DictionaryProvider:UpdateHandler: Can't read a file : android.util.MalformedJsonException: Use JsonReader.setLenient(true) to accept malformed JSON at line 1 column 20
07-05 13:11:15.000   545   548 D dalvikvm: GC_CONCURRENT freed 782K, 12% free 10412K/11719K, paused 2ms+2ms
07-05 13:11:15.184   545   548 D dalvikvm: GC_CONCURRENT freed 426K, 12% free 10381K/11719K, paused 1ms+3ms
07-05 13:11:15.297   545 29867 I DownloadManager: Initiating request for download 3533
07-05 13:11:15.379   545   548 D dalvikvm: GC_CONCURRENT freed 279K, 11% free 10535K/11719K, paused 2ms+3ms
07-05 13:11:15.465   545   548 D dalvikvm: GC_CONCURRENT freed 282K, 9% free 10699K/11719K, paused 2ms+4ms
07-05 13:11:16.758   545   548 D dalvikvm: GC_CONCURRENT freed 710K, 11% free 10431K/11719K, paused 2ms+2ms
07-05 13:11:16.946   545   548 D dalvikvm: GC_CONCURRENT freed 410K, 12% free 10416K/11719K, paused 2ms+2ms
07-05 13:11:17.211   545 29870 I DownloadManager: Initiating request for download 3534
07-05 13:11:17.313   545   548 D dalvikvm: GC_CONCURRENT freed 421K, 11% free 10499K/11719K, paused 2ms+3ms
07-05 13:11:17.410   545   548 D dalvikvm: GC_CONCURRENT freed 258K, 9% free 10684K/11719K, paused 2ms+2ms
07-05 13:11:17.606   545   548 D dalvikvm: GC_CONCURRENT freed 681K, 11% free 10435K/11719K, paused 2ms+3ms
07-05 13:11:17.676  1370 29873 E DictionaryProvider:UpdateHandler: Can't read a file : android.util.MalformedJsonException: Use JsonReader.setLenient(true) to accept malformed JSON at line 1 column 20
07-05 13:11:17.703  1370  1372 D dalvikvm: GC_CONCURRENT freed 392K, 7% free 9145K/9735K, paused 2ms+2ms
07-05 13:11:17.863   545   548 D dalvikvm: GC_CONCURRENT freed 430K, 12% free 10393K/11719K, paused 2ms+3ms
07-05 13:11:18.051   545   548 D dalvikvm: GC_CONCURRENT freed 418K, 12% free 10369K/11719K, paused 2ms+2ms
07-05 13:11:18.090   545 29876 I DownloadManager: Initiating request for download 3534
07-05 13:11:18.184   545   548 D dalvikvm: GC_CONCURRENT freed 201K, 10% free 10610K/11719K, paused 2ms+2ms
07-05 13:11:18.297   545   548 D dalvikvm: GC_CONCURRENT freed 397K, 10% free 10647K/11719K, paused 2ms+3ms
07-05 13:11:18.524   545   548 D dalvikvm: GC_CONCURRENT freed 681K, 12% free 10392K/11719K, paused 1ms+2ms
07-05 13:11:18.715   545   548 D dalvikvm: GC_CONCURRENT freed 414K, 12% free 10384K/11719K, paused 2ms+3ms
07-05 13:11:18.824   545 29879 I DownloadManager: Initiating request for download 3535
07-05 13:11:18.910   545   548 D dalvikvm: GC_CONCURRENT freed 267K, 10% free 10572K/11719K, paused 2ms+3ms
07-05 13:11:19.008   545   548 D dalvikvm: GC_CONCURRENT freed 311K, 9% free 10740K/11719K, paused 2ms+3ms
07-05 13:11:19.211   156   576 D dalvikvm: GC_EXPLICIT freed 731K, 13% free 14084K/16007K, paused 3ms+6ms
07-05 13:11:19.297  1370 29881 E DictionaryProvider:UpdateHandler: Can't read a file : android.util.MalformedJsonException: Use JsonReader.setLenient(true) to accept malformed JSON at line 1 column 20
07-05 13:11:19.317   545   548 D dalvikvm: GC_CONCURRENT freed 803K, 12% free 10418K/11719K, paused 2ms+2ms
07-05 13:11:19.516   545   548 D dalvikvm: GC_CONCURRENT freed 446K, 12% free 10367K/11719K, paused 1ms+2ms
07-05 13:11:19.606   545 29884 I DownloadManager: Initiating request for download 3535
07-05 13:11:19.688   545   548 D dalvikvm: GC_CONCURRENT freed 281K, 11% free 10545K/11719K, paused 2ms+3ms
07-05 13:11:19.785   545   548 D dalvikvm: GC_CONCURRENT freed 318K, 9% free 10737K/11719K, paused 1ms+4ms
07-05 13:11:20.004   545   548 D dalvikvm: GC_CONCURRENT freed 808K, 12% free 10384K/11719K, paused 2ms+2ms
07-05 13:11:20.172   545   548 D dalvikvm: GC_CONCURRENT freed 414K, 12% free 10365K/11719K, paused 2ms+2ms
07-05 13:11:20.297   545 29887 I DownloadManager: Initiating request for download 3536
07-05 13:11:20.375   545   548 D dalvikvm: GC_CONCURRENT freed 280K, 11% free 10538K/11719K, paused 2ms+3ms
07-05 13:11:20.477   545   548 D dalvikvm: GC_CONCURRENT freed 297K, 9% free 10722K/11719K, paused 2ms+3ms
07-05 13:11:20.668   545   548 D dalvikvm: GC_CONCURRENT freed 784K, 12% free 10399K/11719K, paused 2ms+3ms
07-05 13:11:20.692  1370 29889 E DictionaryProvider:UpdateHandler: Can't read a file : android.util.MalformedJsonException: Use JsonReader.setLenient(true) to accept malformed JSON at line 1 column 20
07-05 13:11:20.887   545   548 D dalvikvm: GC_CONCURRENT freed 418K, 12% free 10376K/11719K, paused 2ms+2ms
07-05 13:11:21.008   545 29892 I DownloadManager: Initiating request for download 3536
07-05 13:11:21.059   545   548 D dalvikvm: GC_CONCURRENT freed 332K, 11% free 10435K/11719K, paused 1ms+2ms
07-05 13:11:21.160   545   548 D dalvikvm: GC_CONCURRENT freed 232K, 10% free 10662K/11719K, paused 2ms+3ms
07-05 13:11:21.293   545   548 D dalvikvm: GC_CONCURRENT freed 660K, 11% free 10437K/11719K, paused 2ms+2ms
07-05 13:11:21.496   545   548 D dalvikvm: GC_CONCURRENT freed 452K, 12% free 10380K/11719K, paused 1ms+3ms
07-05 13:11:21.680   545   548 D dalvikvm: GC_CONCURRENT freed 414K, 12% free 10361K/11719K, paused 2ms+3ms
07-05 13:11:21.758   545 29895 I DownloadManager: Initiating request for download 3537
07-05 13:11:21.852   545   548 D dalvikvm: GC_CONCURRENT freed 211K, 10% free 10608K/11719K, paused 2ms+2ms
07-05 13:11:21.961   545   548 D dalvikvm: GC_CONCURRENT freed 400K, 10% free 10651K/11719K, paused 2ms+4ms
07-05 13:11:22.121  1370 29897 E DictionaryProvider:UpdateHandler: Can't read a file : android.util.MalformedJsonException: Use JsonReader.setLenient(true) to accept malformed JSON at line 1 column 20
07-05 13:11:22.215   465   467 D dalvikvm: GC_CONCURRENT freed 164K, 6% free 10506K/11079K, paused 4ms+2ms
07-05 13:11:22.250   545   548 D dalvikvm: GC_CONCURRENT freed 679K, 12% free 10395K/11719K, paused 2ms+3ms
07-05 13:11:22.438   545   548 D dalvikvm: GC_CONCURRENT freed 417K, 12% free 10374K/11719K, paused 2ms+2ms
07-05 13:11:22.528   545 29900 I DownloadManager: Initiating request for download 3537
07-05 13:11:22.610   545   548 D dalvikvm: GC_CONCURRENT freed 258K, 11% free 10542K/11719K, paused 3ms+3ms
07-05 13:11:22.711   545   548 D dalvikvm: GC_CONCURRENT freed 271K, 9% free 10709K/11719K, paused 1ms+3ms
07-05 13:11:22.883   545   548 D dalvikvm: GC_CONCURRENT freed 732K, 12% free 10426K/11719K, paused 2ms+2ms
07-05 13:11:23.082   545   548 D dalvikvm: GC_CONCURRENT freed 442K, 12% free 10380K/11719K, paused 2ms+3ms
07-05 13:11:23.266   545 29903 I DownloadManager: Initiating request for download 3538
07-05 13:11:23.340   545   548 D dalvikvm: GC_CONCURRENT freed 364K, 12% free 10412K/11719K, paused 4ms+5ms
07-05 13:11:23.449   545   548 D dalvikvm: GC_CONCURRENT freed 218K, 10% free 10655K/11719K, paused 2ms+3ms
07-05 13:11:23.574   545   548 D dalvikvm: GC_CONCURRENT freed 654K, 11% free 10434K/11719K, paused 2ms+3ms
07-05 13:11:23.707  1370 29905 E DictionaryProvider:UpdateHandler: Can't read a file : android.util.MalformedJsonException: Use JsonReader.setLenient(true) to accept malformed JSON at line 1 column 20
07-05 13:11:23.738  1370  1372 D dalvikvm: GC_CONCURRENT freed 401K, 7% free 9129K/9735K, paused 1ms+2ms
07-05 13:11:23.836   545   548 D dalvikvm: GC_CONCURRENT freed 427K, 12% free 10395K/11719K, paused 1ms+2ms
07-05 13:11:24.016   545   548 D dalvikvm: GC_CONCURRENT freed 412K, 12% free 10372K/11719K, paused 2ms+2ms
07-05 13:11:24.082   545 29908 I DownloadManager: Initiating request for download 3538
07-05 13:11:24.168   545   548 D dalvikvm: GC_CONCURRENT freed 245K, 10% free 10588K/11719K, paused 2ms+2ms
07-05 13:11:24.266   545   548 D dalvikvm: GC_CONCURRENT freed 273K, 9% free 10737K/11719K, paused 2ms+3ms
07-05 13:11:24.477   545 29908 D dalvikvm: GC_EXPLICIT freed 784K, 11% free 10449K/11719K, paused 2ms+4ms
07-05 13:11:24.656   545   548 D dalvikvm: GC_CONCURRENT freed 471K, 12% free 10373K/11719K, paused 2ms+2ms
07-05 13:11:24.774   545 29911 I DownloadManager: Initiating request for download 3539
07-05 13:11:24.860   545   548 D dalvikvm: GC_CONCURRENT freed 267K, 10% free 10564K/11719K, paused 2ms+3ms
07-05 13:11:24.961   545   548 D dalvikvm: GC_CONCURRENT freed 306K, 9% free 10735K/11719K, paused 2ms+3ms
07-05 13:11:25.141  1370 29913 E DictionaryProvider:UpdateHandler: Can't read a file : android.util.MalformedJsonException: Use JsonReader.setLenient(true) to accept malformed JSON at line 1 column 20
07-05 13:11:25.207   545   548 D dalvikvm: GC_CONCURRENT freed 792K, 12% free 10413K/11719K, paused 1ms+3ms
07-05 13:11:25.399   545   548 D dalvikvm: GC_CONCURRENT freed 430K, 12% free 10379K/11719K, paused 2ms+2ms
07-05 13:11:25.508   545 29916 I DownloadManager: Initiating request for download 3539
07-05 13:11:25.590   545   548 D dalvikvm: GC_CONCURRENT freed 295K, 11% free 10541K/11719K, paused 2ms+3ms
07-05 13:11:25.688   545   548 D dalvikvm: GC_CONCURRENT freed 305K, 9% free 10712K/11719K, paused 1ms+3ms
07-05 13:11:25.863   545   548 D dalvikvm: GC_CONCURRENT freed 759K, 12% free 10402K/11719K, paused 2ms+2ms
07-05 13:11:26.063   545   548 D dalvikvm: GC_CONCURRENT freed 411K, 12% free 10385K/11719K, paused 2ms+2ms
07-05 13:11:26.231   545 29919 I DownloadManager: Initiating request for download 3540
07-05 13:11:26.281   545   548 D dalvikvm: GC_CONCURRENT freed 354K, 11% free 10445K/11719K, paused 2ms+3ms
07-05 13:11:26.391   545   548 D dalvikvm: GC_CONCURRENT freed 226K, 9% free 10682K/11719K, paused 2ms+3ms
07-05 13:11:26.516   545   548 D dalvikvm: GC_CONCURRENT freed 670K, 11% free 10440K/11719K, paused 2ms+3ms
07-05 13:11:26.617  1370 29921 E DictionaryProvider:UpdateHandler: Can't read a file : android.util.MalformedJsonException: Use JsonReader.setLenient(true) to accept malformed JSON at line 1 column 20
07-05 13:11:26.758   545   548 D dalvikvm: GC_CONCURRENT freed 428K, 12% free 10400K/11719K, paused 2ms+2ms
07-05 13:11:26.930   545   548 D dalvikvm: GC_CONCURRENT freed 420K, 12% free 10374K/11719K, paused 3ms+2ms
07-05 13:11:26.988   545 29924 I DownloadManager: Initiating request for download 3540
07-05 13:11:27.078   545   548 D dalvikvm: GC_CONCURRENT freed 231K, 10% free 10597K/11719K, paused 2ms+3ms
07-05 13:11:27.180   545   548 D dalvikvm: GC_CONCURRENT freed 294K, 9% free 10743K/11719K, paused 2ms+3ms
07-05 13:11:27.395   545   548 D dalvikvm: GC_CONCURRENT freed 802K, 12% free 10398K/11719K, paused 1ms+2ms
07-05 13:11:27.598   545   548 D dalvikvm: GC_CONCURRENT freed 412K, 12% free 10382K/11719K, paused 2ms+2ms
07-05 13:11:27.719   545 29927 I DownloadManager: Initiating request for download 3541
07-05 13:11:27.805   545   548 D dalvikvm: GC_CONCURRENT freed 279K, 10% free 10561K/11719K, paused 2ms+3ms
07-05 13:11:27.903   545   548 D dalvikvm: GC_CONCURRENT freed 307K, 9% free 10730K/11719K, paused 2ms+3ms
07-05 13:11:28.086   545   548 D dalvikvm: GC_CONCURRENT freed 778K, 12% free 10404K/11719K, paused 1ms+2ms
07-05 13:11:28.141  1370 29929 E DictionaryProvider:UpdateHandler: Can't read a file : android.util.MalformedJsonException: Use JsonReader.setLenient(true) to accept malformed JSON at line 1 column 20
07-05 13:11:28.317   545   548 D dalvikvm: GC_CONCURRENT freed 404K, 12% free 10395K/11719K, paused 2ms+2ms
07-05 13:11:28.438   545 29932 I DownloadManager: Initiating request for download 3541
07-05 13:11:28.488   545   548 D dalvikvm: GC_CONCURRENT freed 345K, 11% free 10448K/11719K, paused 1ms+3ms
07-05 13:11:28.590   545   548 D dalvikvm: GC_CONCURRENT freed 234K, 9% free 10679K/11719K, paused 2ms+2ms
07-05 13:11:28.727   545   548 D dalvikvm: GC_CONCURRENT freed 666K, 11% free 10442K/11719K, paused 2ms+2ms
07-05 13:11:28.930   545   548 D dalvikvm: GC_CONCURRENT freed 443K, 12% free 10395K/11719K, paused 2ms+2ms
07-05 13:11:29.110   545   548 D dalvikvm: GC_CONCURRENT freed 412K, 12% free 10378K/11719K, paused 1ms+3ms
07-05 13:11:29.192   545 29935 I DownloadManager: Initiating request for download 3542
07-05 13:11:29.297   545   548 D dalvikvm: GC_CONCURRENT freed 205K, 10% free 10613K/11719K, paused 2ms+3ms
07-05 13:11:29.399   545   548 D dalvikvm: GC_CONCURRENT freed 304K, 9% free 10751K/11719K, paused 1ms+3ms
07-05 13:11:29.559  1370 29937 E DictionaryProvider:UpdateHandler: Can't read a file : android.util.MalformedJsonException: Use JsonReader.setLenient(true) to accept malformed JSON at line 1 column 20
07-05 13:11:29.594  1370  1372 D dalvikvm: GC_CONCURRENT freed 387K, 7% free 9130K/9735K, paused 1ms+3ms
07-05 13:11:29.656   545   548 D dalvikvm: GC_CONCURRENT freed 796K, 12% free 10412K/11719K, paused 1ms+2ms
07-05 13:11:29.840   545   548 D dalvikvm: GC_CONCURRENT freed 424K, 12% free 10382K/11719K, paused 2ms+2ms
07-05 13:11:29.938   545 29940 I DownloadManager: Initiating request for download 3542
07-05 13:11:30.024   545   548 D dalvikvm: GC_CONCURRENT freed 275K, 10% free 10565K/11719K, paused 2ms+3ms
07-05 13:11:30.121   545   548 D dalvikvm: GC_CONCURRENT freed 313K, 9% free 10725K/11719K, paused 2ms+4ms
07-05 13:11:30.317   545   548 D dalvikvm: GC_CONCURRENT freed 766K, 12% free 10414K/11719K, paused 2ms+3ms
07-05 13:11:30.500   545   548 D dalvikvm: GC_CONCURRENT freed 411K, 12% free 10393K/11719K, paused 1ms+2ms
07-05 13:11:30.649   545 29943 I DownloadManager: Initiating request for download 3543
07-05 13:11:30.715   545   548 D dalvikvm: GC_CONCURRENT freed 324K, 11% free 10454K/11719K, paused 2ms+2ms
07-05 13:11:30.817   545   548 D dalvikvm: GC_CONCURRENT freed 245K, 9% free 10687K/11719K, paused 2ms+3ms
07-05 13:11:30.953   545   548 D dalvikvm: GC_CONCURRENT freed 681K, 11% free 10447K/11719K, paused 2ms+2ms
07-05 13:11:31.047  1370 29945 E DictionaryProvider:UpdateHandler: Can't read a file : android.util.MalformedJsonException: Use JsonReader.setLenient(true) to accept malformed JSON at line 1 column 20
07-05 13:11:31.184   545   548 D dalvikvm: GC_CONCURRENT freed 437K, 12% free 10405K/11719K, paused 2ms+2ms
07-05 13:11:31.371   545   548 D dalvikvm: GC_CONCURRENT freed 417K, 12% free 10383K/11719K, paused 1ms+3ms
07-05 13:11:31.426   545 29948 I DownloadManager: Initiating request for download 3543
07-05 13:11:31.500   156   403 D dalvikvm: GC_EXPLICIT freed 493K, 13% free 14084K/16007K, paused 2ms+7ms
07-05 13:11:31.582   545   548 D dalvikvm: GC_CONCURRENT freed 220K, 10% free 10623K/11719K, paused 2ms+3ms
07-05 13:11:31.692   545   548 D dalvikvm: GC_CONCURRENT freed 413K, 10% free 10648K/11719K, paused 2ms+3ms
07-05 13:11:31.875   545   548 D dalvikvm: GC_CONCURRENT freed 647K, 12% free 10421K/11719K, paused 2ms+2ms
07-05 13:11:32.051   545   548 D dalvikvm: GC_CONCURRENT freed 409K, 12% free 10407K/11719K, paused 2ms+2ms
07-05 13:11:32.731   545 29950 I DownloadManager: Initiating request for download 3544
07-05 13:11:32.828   545   548 D dalvikvm: GC_CONCURRENT freed 295K, 10% free 10557K/11719K, paused 3ms+3ms
07-05 13:11:32.930   545   548 D dalvikvm: GC_CONCURRENT freed 311K, 9% free 10725K/11719K, paused 2ms+3ms
07-05 13:11:33.129   545   548 D dalvikvm: GC_CONCURRENT freed 747K, 11% free 10443K/11719K, paused 2ms+2ms
07-05 13:11:33.172  1370 29953 E DictionaryProvider:UpdateHandler: Can't read a file : android.util.MalformedJsonException: Use JsonReader.setLenient(true) to accept malformed JSON at line 1 column 20
07-05 13:11:33.363   545   548 D dalvikvm: GC_CONCURRENT freed 450K, 12% free 10398K/11719K, paused 2ms+2ms
07-05 13:11:33.500   545 29956 I DownloadManager: Initiating request for download 3544
07-05 13:11:33.547   545   548 D dalvikvm: GC_CONCURRENT freed 350K, 11% free 10441K/11719K, paused 2ms+3ms
07-05 13:11:33.649   545   548 D dalvikvm: GC_CONCURRENT freed 227K, 9% free 10668K/11719K, paused 1ms+2ms
07-05 13:11:33.770   545   548 D dalvikvm: GC_CONCURRENT freed 669K, 11% free 10437K/11719K, paused 2ms+2ms
07-05 13:11:33.969   545   548 D dalvikvm: GC_CONCURRENT freed 441K, 12% free 10391K/11719K, paused 2ms+2ms
07-05 13:11:34.149   545   548 D dalvikvm: GC_CONCURRENT freed 414K, 12% free 10371K/11719K, paused 2ms+2ms
07-05 13:11:34.238   545 29959 I DownloadManager: Initiating request for download 3545
07-05 13:11:34.344   545   548 D dalvikvm: GC_CONCURRENT freed 224K, 10% free 10607K/11719K, paused 2ms+2ms
07-05 13:11:34.438   545   548 D dalvikvm: GC_CONCURRENT freed 283K, 9% free 10748K/11719K, paused 2ms+3ms
07-05 13:11:34.629  1370 29961 E DictionaryProvider:UpdateHandler: Can't read a file : android.util.MalformedJsonException: Use JsonReader.setLenient(true) to accept malformed JSON at line 1 column 20
07-05 13:11:34.668   545   548 D dalvikvm: GC_CONCURRENT freed 802K, 12% free 10410K/11719K, paused 2ms+2ms
07-05 13:11:34.867   545   548 D dalvikvm: GC_CONCURRENT freed 421K, 12% free 10381K/11719K, paused 2ms+3ms
07-05 13:11:34.977   545 29964 I DownloadManager: Initiating request for download 3545
07-05 13:11:35.063   545   548 D dalvikvm: GC_CONCURRENT freed 287K, 10% free 10552K/11719K, paused 2ms+2ms
07-05 13:11:35.156   545   548 D dalvikvm: GC_CONCURRENT freed 333K, 9% free 10728K/11719K, paused 1ms+4ms
07-05 13:11:35.360   545   548 D dalvikvm: GC_CONCURRENT freed 779K, 12% free 10414K/11719K, paused 2ms+3ms
07-05 13:11:35.539   545   548 D dalvikvm: GC_CONCURRENT freed 429K, 12% free 10380K/11719K, paused 2ms+2ms
07-05 13:11:35.680   545 29967 I DownloadManager: Initiating request for download 3546
07-05 13:11:35.754   545   548 D dalvikvm: GC_CONCURRENT freed 305K, 11% free 10520K/11719K, paused 2ms+2ms
07-05 13:11:35.856   545   548 D dalvikvm: GC_CONCURRENT freed 290K, 9% free 10704K/11719K, paused 2ms+4ms
07-05 13:11:36.016   545   548 D dalvikvm: GC_CONCURRENT freed 713K, 11% free 10439K/11719K, paused 2ms+2ms
07-05 13:11:36.082  1370 29969 E DictionaryProvider:UpdateHandler: Can't read a file : android.util.MalformedJsonException: Use JsonReader.setLenient(true) to accept malformed JSON at line 1 column 20
07-05 13:11:36.102  1370  1372 D dalvikvm: GC_CONCURRENT freed 387K, 7% free 9126K/9735K, paused 2ms+2ms
07-05 13:11:36.274   545   548 D dalvikvm: GC_CONCURRENT freed 437K, 12% free 10397K/11719K, paused 2ms+3ms
07-05 13:11:36.457   545   548 D dalvikvm: GC_CONCURRENT freed 411K, 12% free 10374K/11719K, paused 2ms+3ms
07-05 13:11:36.488   545 29972 I DownloadManager: Initiating request for download 3546
07-05 13:11:36.586   545   548 D dalvikvm: GC_CONCURRENT freed 177K, 10% free 10631K/11719K, paused 2ms+3ms
07-05 13:11:36.703   545   548 D dalvikvm: GC_CONCURRENT freed 402K, 10% free 10660K/11719K, paused 1ms+2ms
07-05 13:11:36.895   545   548 D dalvikvm: GC_CONCURRENT freed 666K, 12% free 10424K/11719K, paused 1ms+2ms
07-05 13:11:37.094   545   548 D dalvikvm: GC_CONCURRENT freed 434K, 12% free 10385K/11719K, paused 2ms+2ms
07-05 13:11:38.543   545 29975 I DownloadManager: Initiating request for download 3547
07-05 13:11:38.649   545   548 D dalvikvm: GC_CONCURRENT freed 273K, 10% free 10570K/11719K, paused 2ms+3ms
07-05 13:11:38.754   545   548 D dalvikvm: GC_CONCURRENT freed 307K, 9% free 10741K/11719K, paused 2ms+4ms
07-05 13:11:38.949   545   548 D dalvikvm: GC_CONCURRENT freed 762K, 11% free 10437K/11719K, paused 2ms+2ms
07-05 13:11:39.020  1370 29977 E DictionaryProvider:UpdateHandler: Can't read a file : android.util.MalformedJsonException: Use JsonReader.setLenient(true) to accept malformed JSON at line 1 column 20
07-05 13:11:39.176   545   548 D dalvikvm: GC_CONCURRENT freed 435K, 12% free 10397K/11719K, paused 1ms+3ms
07-05 13:11:39.305   545 29980 I DownloadManager: Initiating request for download 3547
07-05 13:11:39.391   545   548 D dalvikvm: GC_CONCURRENT freed 329K, 11% free 10527K/11719K, paused 1ms+3ms
07-05 13:11:39.485   545   548 D dalvikvm: GC_CONCURRENT freed 301K, 9% free 10699K/11719K, paused 2ms+3ms
07-05 13:11:39.633   545   548 D dalvikvm: GC_CONCURRENT freed 698K, 11% free 10452K/11719K, paused 2ms+2ms
07-05 13:11:39.836   545   548 D dalvikvm: GC_CONCURRENT freed 452K, 12% free 10395K/11719K, paused 2ms+3ms
07-05 13:11:40.024   545   548 D dalvikvm: GC_CONCURRENT freed 398K, 12% free 10381K/11719K, paused 2ms+2ms
07-05 13:11:40.055   545 29983 I DownloadManager: Initiating request for download 3548
07-05 13:11:40.156   545   548 D dalvikvm: GC_CONCURRENT freed 188K, 10% free 10652K/11719K, paused 2ms+3ms
07-05 13:11:40.262   545   548 D dalvikvm: GC_CONCURRENT freed 438K, 9% free 10668K/11719K, paused 2ms+3ms
07-05 13:11:40.410  1370 29985 E DictionaryProvider:UpdateHandler: Can't read a file : android.util.MalformedJsonException: Use JsonReader.setLenient(true) to accept malformed JSON at line 1 column 20
07-05 13:11:40.504   545   548 D dalvikvm: GC_CONCURRENT freed 683K, 12% free 10417K/11719K, paused 2ms+2ms
07-05 13:11:40.692   545   548 D dalvikvm: GC_CONCURRENT freed 429K, 12% free 10383K/11719K, paused 2ms+2ms
07-05 13:11:40.774   545 29988 I DownloadManager: Initiating request for download 3548
07-05 13:11:40.860   545   548 D dalvikvm: GC_CONCURRENT freed 242K, 10% free 10583K/11719K, paused 2ms+3ms
07-05 13:11:40.961   545   548 D dalvikvm: GC_CONCURRENT freed 304K, 9% free 10760K/11719K, paused 2ms+3ms
07-05 13:11:41.188   545   548 D dalvikvm: GC_CONCURRENT freed 816K, 12% free 10407K/11719K, paused 2ms+2ms
07-05 13:11:41.367   545   548 D dalvikvm: GC_CONCURRENT freed 414K, 12% free 10388K/11719K, paused 2ms+2ms
07-05 13:11:41.504   545 29991 I DownloadManager: Initiating request for download 3549
07-05 13:11:41.590   545   548 D dalvikvm: GC_CONCURRENT freed 281K, 10% free 10551K/11719K, paused 2ms+3ms
07-05 13:11:41.688   545   548 D dalvikvm: GC_CONCURRENT freed 306K, 9% free 10722K/11719K, paused 2ms+4ms
07-05 13:11:41.852   545   548 D dalvikvm: GC_CONCURRENT freed 725K, 11% free 10448K/11719K, paused 2ms+2ms
07-05 13:11:41.910  1370 29993 E DictionaryProvider:UpdateHandler: Can't read a file : android.util.MalformedJsonException: Use JsonReader.setLenient(true) to accept malformed JSON at line 1 column 20
07-05 13:11:42.082   545   548 D dalvikvm: GC_CONCURRENT freed 438K, 12% free 10406K/11719K, paused 2ms+3ms
07-05 13:11:42.250   545 29996 I DownloadManager: Initiating request for download 3549
07-05 13:11:42.281   545   548 D dalvikvm: GC_CONCURRENT freed 417K, 12% free 10422K/11719K, paused 1ms+3ms
07-05 13:11:42.395   545   548 D dalvikvm: GC_CONCURRENT freed 211K, 9% free 10670K/11719K, paused 2ms+3ms
07-05 13:11:42.524   545   548 D dalvikvm: GC_CONCURRENT freed 666K, 11% free 10451K/11719K, paused 2ms+3ms
07-05 13:11:42.738   545   548 D dalvikvm: GC_CONCURRENT freed 432K, 12% free 10407K/11719K, paused 2ms+2ms
07-05 13:11:42.922   545   548 D dalvikvm: GC_CONCURRENT freed 415K, 12% free 10386K/11719K, paused 2ms+2ms
07-05 13:11:43.024   545 29999 I DownloadManager: Initiating request for download 3550
07-05 13:11:43.117   545   548 D dalvikvm: GC_CONCURRENT freed 238K, 10% free 10602K/11719K, paused 2ms+3ms
07-05 13:11:43.219   545   548 D dalvikvm: GC_CONCURRENT freed 320K, 9% free 10768K/11719K, paused 2ms+3ms
07-05 13:11:43.442  1370 30001 E DictionaryProvider:UpdateHandler: Can't read a file : android.util.MalformedJsonException: Use JsonReader.setLenient(true) to accept malformed JSON at line 1 column 20
07-05 13:11:43.469   545   548 D dalvikvm: GC_CONCURRENT freed 820K, 12% free 10427K/11719K, paused 2ms+3ms
07-05 13:11:43.485  1370  1372 D dalvikvm: GC_CONCURRENT freed 390K, 7% free 9134K/9735K, paused 2ms+8ms
07-05 13:11:43.688   545   548 D dalvikvm: GC_CONCURRENT freed 429K, 12% free 10393K/11719K, paused 1ms+3ms
07-05 13:11:43.781   545 30004 I DownloadManager: Initiating request for download 3550
07-05 13:11:43.860   545   548 D dalvikvm: GC_CONCURRENT freed 278K, 10% free 10573K/11719K, paused 2ms+3ms
07-05 13:11:43.961   545   548 D dalvikvm: GC_CONCURRENT freed 305K, 9% free 10748K/11719K, paused 2ms+3ms
07-05 13:11:44.149   545   548 D dalvikvm: GC_CONCURRENT freed 761K, 11% free 10448K/11719K, paused 2ms+3ms
07-05 13:11:44.356   545   548 D dalvikvm: GC_CONCURRENT freed 435K, 12% free 10403K/11719K, paused 2ms+2ms
07-05 13:11:44.539   545 30007 I DownloadManager: Initiating request for download 3551
07-05 13:11:44.598   545   548 D dalvikvm: GC_CONCURRENT freed 345K, 11% free 10462K/11719K, paused 2ms+2ms
07-05 13:11:44.699   545   548 D dalvikvm: GC_CONCURRENT freed 245K, 9% free 10698K/11719K, paused 2ms+3ms
07-05 13:11:44.832   545   548 D dalvikvm: GC_CONCURRENT freed 687K, 11% free 10454K/11719K, paused 2ms+2ms
07-05 13:11:44.946  1370 30009 E DictionaryProvider:UpdateHandler: Can't read a file : android.util.MalformedJsonException: Use JsonReader.setLenient(true) to accept malformed JSON at line 1 column 20
07-05 13:11:45.067   545   548 D dalvikvm: GC_CONCURRENT freed 435K, 12% free 10414K/11719K, paused 2ms+2ms
07-05 13:11:45.250   545   548 D dalvikvm: GC_CONCURRENT freed 418K, 12% free 10390K/11719K, paused 2ms+2ms
07-05 13:11:45.301   545 30012 I DownloadManager: Initiating request for download 3551
07-05 13:11:45.391   545   548 D dalvikvm: GC_CONCURRENT freed 223K, 10% free 10626K/11719K, paused 2ms+3ms
07-05 13:11:45.496   545   548 D dalvikvm: GC_CONCURRENT freed 392K, 9% free 10674K/11719K, paused 2ms+3ms
07-05 13:11:45.719   545   548 D dalvikvm: GC_CONCURRENT freed 695K, 12% free 10414K/11719K, paused 1ms+3ms
07-05 13:11:45.899   545   548 D dalvikvm: GC_CONCURRENT freed 415K, 12% free 10394K/11719K, paused 2ms+2ms
07-05 13:11:46.102   156   576 D dalvikvm: GC_EXPLICIT freed 492K, 13% free 14083K/16007K, paused 3ms+6ms
07-05 13:11:46.110   545 30015 I DownloadManager: Initiating request for download 3552
07-05 13:11:46.196   545   548 D dalvikvm: GC_CONCURRENT freed 282K, 10% free 10570K/11719K, paused 1ms+3ms
07-05 13:11:46.293   545   548 D dalvikvm: GC_CONCURRENT freed 337K, 9% free 10709K/11719K, paused 2ms+3ms
07-05 13:11:46.457   545   548 D dalvikvm: GC_CONCURRENT freed 709K, 11% free 10441K/11719K, paused 2ms+3ms
07-05 13:11:46.559   545   556 D dalvikvm: GC_EXPLICIT freed 98K, 12% free 10414K/11719K, paused 2ms+3ms
07-05 13:11:46.571  1370 30017 E DictionaryProvider:UpdateHandler: Can't read a file : android.util.MalformedJsonException: Use JsonReader.setLenient(true) to accept malformed JSON at line 1 column 20
07-05 13:11:46.762   545   548 D dalvikvm: GC_CONCURRENT freed 411K, 12% free 10391K/11719K, paused 1ms+3ms
07-05 13:11:46.883   545 30020 I DownloadManager: Initiating request for download 3552
07-05 13:11:46.938   545   548 D dalvikvm: GC_CONCURRENT freed 339K, 11% free 10449K/11719K, paused 2ms+2ms
07-05 13:11:47.039   545   548 D dalvikvm: GC_CONCURRENT freed 229K, 9% free 10679K/11719K, paused 2ms+3ms
07-05 13:11:47.153   545   548 D dalvikvm: GC_CONCURRENT freed 675K, 11% free 10443K/11719K, paused 2ms+2ms
07-05 13:11:47.363   545   548 D dalvikvm: GC_CONCURRENT freed 440K, 12% free 10400K/11719K, paused 2ms+2ms
07-05 13:11:47.547   545   548 D dalvikvm: GC_CONCURRENT freed 417K, 12% free 10378K/11719K, paused 1ms+2ms
07-05 13:11:47.637   545 30023 I DownloadManager: Initiating request for download 3553
07-05 13:11:47.731   545   548 D dalvikvm: GC_CONCURRENT freed 228K, 10% free 10611K/11719K, paused 1ms+2ms
07-05 13:11:47.836   545   548 D dalvikvm: GC_CONCURRENT freed 317K, 9% free 10756K/11719K, paused 2ms+3ms
07-05 13:11:48.020  1370 30025 E DictionaryProvider:UpdateHandler: Can't read a file : android.util.MalformedJsonException: Use JsonReader.setLenient(true) to accept malformed JSON at line 1 column 20
07-05 13:11:48.051   545   548 D dalvikvm: GC_CONCURRENT freed 804K, 12% free 10417K/11719K, paused 1ms+3ms
07-05 13:11:48.254   545   548 D dalvikvm: GC_CONCURRENT freed 427K, 12% free 10386K/11719K, paused 2ms+2ms
07-05 13:11:48.367   545 30028 I DownloadManager: Initiating request for download 3553
07-05 13:11:48.438   545   548 D dalvikvm: GC_CONCURRENT freed 255K, 10% free 10552K/11719K, paused 1ms+2ms
07-05 13:11:48.539   545   548 D dalvikvm: GC_CONCURRENT freed 301K, 9% free 10724K/11719K, paused 2ms+3ms
07-05 13:11:48.707   545   548 D dalvikvm: GC_CONCURRENT freed 730K, 11% free 10446K/11719K, paused 2ms+2ms
07-05 13:11:48.906   545   548 D dalvikvm: GC_CONCURRENT freed 447K, 12% free 10395K/11719K, paused 2ms+2ms
07-05 13:11:49.110   545   548 D dalvikvm: GC_CONCURRENT freed 391K, 12% free 10424K/11719K, paused 2ms+3ms
07-05 13:11:49.117   545 30031 I DownloadManager: Initiating request for download 3554
07-05 13:11:49.238   545   548 D dalvikvm: GC_CONCURRENT freed 211K, 9% free 10672K/11719K, paused 1ms+2ms
07-05 13:11:49.356   545   548 D dalvikvm: GC_CONCURRENT freed 454K, 9% free 10674K/11719K, paused 2ms+2ms
07-05 13:11:49.488  1370 30033 E DictionaryProvider:UpdateHandler: Can't read a file : android.util.MalformedJsonException: Use JsonReader.setLenient(true) to accept malformed JSON at line 1 column 20
07-05 13:11:49.531  1370  1372 D dalvikvm: GC_CONCURRENT freed 394K, 7% free 9128K/9735K, paused 1ms+2ms
07-05 13:11:49.633   545   548 D dalvikvm: GC_CONCURRENT freed 693K, 12% free 10425K/11719K, paused 2ms+2ms
07-05 13:11:49.809   545   548 D dalvikvm: GC_CONCURRENT freed 430K, 12% free 10390K/11719K, paused 2ms+2ms
07-05 13:11:49.867   545 30036 I DownloadManager: Initiating request for download 3554
07-05 13:11:49.957   545   548 D dalvikvm: GC_CONCURRENT freed 228K, 10% free 10615K/11719K, paused 2ms+3ms
07-05 13:11:50.063   545   548 D dalvikvm: GC_CONCURRENT freed 314K, 9% free 10769K/11719K, paused 2ms+3ms
07-05 13:11:50.285   545   548 D dalvikvm: GC_CONCURRENT freed 821K, 12% free 10414K/11719K, paused 2ms+3ms
07-05 13:11:50.481   545   548 D dalvikvm: GC_CONCURRENT freed 405K, 12% free 10407K/11719K, paused 1ms+2ms
07-05 13:11:50.606   545 30039 I DownloadManager: Initiating request for download 3555
07-05 13:11:50.688   545   548 D dalvikvm: GC_CONCURRENT freed 268K, 10% free 10564K/11719K, paused 2ms+3ms
07-05 13:11:50.781   545   548 D dalvikvm: GC_CONCURRENT freed 325K, 9% free 10753K/11719K, paused 2ms+3ms
07-05 13:11:50.969   545   548 D dalvikvm: GC_CONCURRENT freed 794K, 12% free 10422K/11719K, paused 1ms+2ms
07-05 13:11:51.004  1370 30041 E DictionaryProvider:UpdateHandler: Can't read a file : android.util.MalformedJsonException: Use JsonReader.setLenient(true) to accept malformed JSON at line 1 column 20
07-05 13:11:51.196   545   548 D dalvikvm: GC_CONCURRENT freed 408K, 12% free 10409K/11719K, paused 2ms+2ms
07-05 13:11:51.340   545 30044 I DownloadManager: Initiating request for download 3555
07-05 13:11:51.383   545   548 D dalvikvm: GC_CONCURRENT freed 379K, 11% free 10438K/11719K, paused 2ms+3ms
07-05 13:11:51.492   545   548 D dalvikvm: GC_CONCURRENT freed 214K, 9% free 10683K/11719K, paused 2ms+2ms
07-05 13:11:51.617   545   548 D dalvikvm: GC_CONCURRENT freed 683K, 11% free 10460K/11719K, paused 2ms+3ms
07-05 13:11:51.836   545   548 D dalvikvm: GC_CONCURRENT freed 442K, 12% free 10418K/11719K, paused 1ms+3ms
07-05 13:11:52.024   545   548 D dalvikvm: GC_CONCURRENT freed 418K, 12% free 10395K/11719K, paused 2ms+2ms
07-05 13:11:52.129   545 30047 I DownloadManager: Initiating request for download 3556
07-05 13:11:52.231   545   548 D dalvikvm: GC_CONCURRENT freed 236K, 10% free 10618K/11719K, paused 2ms+3ms
07-05 13:11:52.328   545   548 D dalvikvm: GC_CONCURRENT freed 323K, 9% free 10774K/11719K, paused 2ms+3ms
07-05 13:11:52.551  1370 30049 E DictionaryProvider:UpdateHandler: Can't read a file : android.util.MalformedJsonException: Use JsonReader.setLenient(true) to accept malformed JSON at line 1 column 20
07-05 13:11:52.567   545   548 D dalvikvm: GC_CONCURRENT freed 814K, 11% free 10434K/11719K, paused 2ms+3ms
07-05 13:11:52.762   545   548 D dalvikvm: GC_CONCURRENT freed 416K, 12% free 10406K/11719K, paused 2ms+2ms
07-05 13:11:52.863   545 30052 I DownloadManager: Initiating request for download 3556
07-05 13:11:52.949   545   548 D dalvikvm: GC_CONCURRENT freed 290K, 10% free 10573K/11719K, paused 2ms+3ms
07-05 13:11:53.051   545   548 D dalvikvm: GC_CONCURRENT freed 306K, 9% free 10755K/11719K, paused 2ms+3ms
07-05 13:11:53.219   545   548 D dalvikvm: GC_CONCURRENT freed 759K, 11% free 10459K/11719K, paused 1ms+2ms
07-05 13:11:53.430   545   548 D dalvikvm: GC_CONCURRENT freed 443K, 12% free 10410K/11719K, paused 2ms+3ms
07-05 13:11:53.633   545 30055 I DownloadManager: Initiating request for download 3557
07-05 13:11:53.645   545   548 D dalvikvm: GC_CONCURRENT freed 371K, 11% free 10439K/11719K, paused 2ms+3ms
07-05 13:11:53.766   545   548 D dalvikvm: GC_CONCURRENT freed 214K, 9% free 10685K/11719K, paused 2ms+2ms
07-05 13:11:53.887   545   548 D dalvikvm: GC_CONCURRENT freed 461K, 9% free 10685K/11719K, paused 2ms+2ms
07-05 13:11:54.028  1370 30057 E DictionaryProvider:UpdateHandler: Can't read a file : android.util.MalformedJsonException: Use JsonReader.setLenient(true) to accept malformed JSON at line 1 column 20
07-05 13:11:54.125   545   548 D dalvikvm: GC_CONCURRENT freed 687K, 12% free 10428K/11719K, paused 6ms+2ms
07-05 13:11:54.305   545   548 D dalvikvm: GC_CONCURRENT freed 418K, 12% free 10404K/11719K, paused 2ms+2ms
07-05 13:11:54.367   545 30059 I DownloadManager: Initiating request for download 3557
07-05 13:11:54.449   545   548 D dalvikvm: GC_CONCURRENT freed 226K, 10% free 10622K/11719K, paused 1ms+3ms
07-05 13:11:54.539   545   548 D dalvikvm: GC_CONCURRENT freed 281K, 9% free 10779K/11719K, paused 2ms+3ms
07-05 13:11:56.074   545   548 D dalvikvm: GC_CONCURRENT freed 793K, 11% free 10456K/11719K, paused 2ms+2ms
07-05 13:11:56.274   545   548 D dalvikvm: GC_CONCURRENT freed 408K, 11% free 10453K/11719K, paused 1ms+3ms
07-05 13:11:56.438   545 30063 I DownloadManager: Initiating request for download 3558
07-05 13:11:56.508   545   548 D dalvikvm: GC_CONCURRENT freed 333K, 10% free 10563K/11719K, paused 2ms+3ms
07-05 13:11:56.610   545   548 D dalvikvm: GC_CONCURRENT freed 292K, 9% free 10735K/11719K, paused 1ms+3ms
07-05 13:11:56.774   545   548 D dalvikvm: GC_CONCURRENT freed 722K, 11% free 10477K/11719K, paused 2ms+3ms
07-05 13:11:56.863  1370 30065 E DictionaryProvider:UpdateHandler: Can't read a file : android.util.MalformedJsonException: Use JsonReader.setLenient(true) to accept malformed JSON at line 1 column 20
07-05 13:11:56.903  1370  1372 D dalvikvm: GC_CONCURRENT freed 387K, 7% free 9132K/9735K, paused 1ms+2ms
07-05 13:11:57.043   545   548 D dalvikvm: GC_CONCURRENT freed 447K, 12% free 10424K/11719K, paused 2ms+3ms
07-05 13:11:57.219   545   548 D dalvikvm: GC_CONCURRENT freed 420K, 12% free 10399K/11719K, paused 1ms+3ms
07-05 13:11:57.250   545 30068 I DownloadManager: Initiating request for download 3558
07-05 13:11:57.348   545   548 D dalvikvm: GC_CONCURRENT freed 194K, 10% free 10663K/11719K, paused 2ms+3ms
07-05 13:11:57.457   545   548 D dalvikvm: GC_CONCURRENT freed 427K, 9% free 10689K/11719K, paused 2ms+2ms
07-05 13:11:57.672   545   548 D dalvikvm: GC_CONCURRENT freed 705K, 12% free 10423K/11719K, paused 2ms+2ms
07-05 13:11:57.844   545   548 D dalvikvm: GC_CONCURRENT freed 415K, 12% free 10403K/11719K, paused 2ms+2ms
07-05 13:11:57.957   545 30071 I DownloadManager: Initiating request for download 3559
07-05 13:11:58.055   545   548 D dalvikvm: GC_CONCURRENT freed 261K, 10% free 10602K/11719K, paused 2ms+3ms
07-05 13:11:58.153   545   548 D dalvikvm: GC_CONCURRENT freed 325K, 9% free 10765K/11719K, paused 2ms+3ms
07-05 13:11:58.348  1370 30073 E DictionaryProvider:UpdateHandler: Can't read a file : android.util.MalformedJsonException: Use JsonReader.setLenient(true) to accept malformed JSON at line 1 column 20
07-05 13:11:58.375   545   548 D dalvikvm: GC_CONCURRENT freed 809K, 11% free 10444K/11719K, paused 2ms+3ms
07-05 13:11:58.559   545   548 D dalvikvm: GC_CONCURRENT freed 424K, 12% free 10415K/11719K, paused 2ms+2ms
07-05 13:11:58.676   545 30075 I DownloadManager: Initiating request for download 3559
07-05 13:11:58.742   545   548 D dalvikvm: GC_CONCURRENT freed 310K, 10% free 10563K/11719K, paused 2ms+3ms
07-05 13:11:58.828   545   548 D dalvikvm: GC_CONCURRENT freed 277K, 9% free 10733K/11719K, paused 2ms+4ms
07-05 13:11:59.871   545   548 D dalvikvm: GC_CONCURRENT freed 720K, 11% free 10469K/11719K, paused 2ms+3ms
07-05 13:12:00.106   545   548 D dalvikvm: GC_CONCURRENT freed 437K, 12% free 10430K/11719K, paused 2ms+3ms
07-05 13:12:00.285   545   548 D dalvikvm: GC_CONCURRENT freed 421K, 12% free 10404K/11719K, paused 1ms+3ms
07-05 13:12:00.348   545 30079 I DownloadManager: Initiating request for download 3560
07-05 13:12:00.453   545   548 D dalvikvm: GC_CONCURRENT freed 181K, 10% free 10650K/11719K, paused 2ms+3ms
07-05 13:12:00.559   545   548 D dalvikvm: GC_CONCURRENT freed 306K, 8% free 10790K/11719K, paused 2ms+3ms
07-05 13:12:00.840   156   403 D dalvikvm: GC_EXPLICIT freed 524K, 13% free 14085K/16007K, paused 3ms+6ms
07-05 13:12:00.875  1370 30081 E DictionaryProvider:UpdateHandler: Can't read a file : android.util.MalformedJsonException: Use JsonReader.setLenient(true) to accept malformed JSON at line 1 column 20
07-05 13:12:00.891   545   548 D dalvikvm: GC_CONCURRENT freed 834K, 11% free 10440K/11719K, paused 2ms+3ms
07-05 13:12:01.102   545   548 D dalvikvm: GC_CONCURRENT freed 423K, 12% free 10412K/11719K, paused 1ms+2ms
07-05 13:12:01.192   545 30084 I DownloadManager: Initiating request for download 3560
07-05 13:12:01.278   545   548 D dalvikvm: GC_CONCURRENT freed 289K, 10% free 10581K/11719K, paused 2ms+3ms
07-05 13:12:01.375   545   548 D dalvikvm: GC_CONCURRENT freed 308K, 9% free 10755K/11719K, paused 2ms+4ms
07-05 13:12:01.563   545   548 D dalvikvm: GC_CONCURRENT freed 801K, 12% free 10422K/11719K, paused 2ms+3ms
07-05 13:12:01.770   545   548 D dalvikvm: GC_CONCURRENT freed 411K, 12% free 10406K/11719K, paused 1ms+3ms
07-05 13:12:01.946   545 30087 I DownloadManager: Initiating request for download 3561
07-05 13:12:01.992   545   548 D dalvikvm: GC_CONCURRENT freed 357K, 11% free 10439K/11719K, paused 2ms+2ms
07-05 13:12:02.102   545   548 D dalvikvm: GC_CONCURRENT freed 214K, 9% free 10684K/11719K, paused 2ms+3ms
07-05 13:12:02.219   545   548 D dalvikvm: GC_CONCURRENT freed 460K, 9% free 10682K/11719K, paused 2ms+2ms
07-05 13:12:02.360  1370 30089 E DictionaryProvider:UpdateHandler: Can't read a file : android.util.MalformedJsonException: Use JsonReader.setLenient(true) to accept malformed JSON at line 1 column 20
07-05 13:12:02.391   993  1240 I PhoneLab-: Service Running
07-05 13:12:02.465   465   467 D dalvikvm: GC_CONCURRENT freed 417K, 5% free 10540K/11079K, paused 2ms+3ms
07-05 13:12:02.465   993  1240 I PhoneLab-LoggerService: app_49    1247  993   1956   1584  c00f181c 400107b4 S logcat
07-05 13:12:02.465   993  1240 I PhoneLab-LoggerService: Logcat pid from database 1247
07-05 13:12:02.465   993  1240 I PhoneLab-LoggerService: Logcat process found 1247
07-05 13:12:02.465   993  1240 I PhoneLab-LoggerService: Checking Threshold
07-05 13:12:02.469   993  1240 I PhoneLab-LoggerService: Starting to rename files
07-05 13:12:02.477   993  1240 I PhoneLab-LoggerService: Files found .. 31
07-05 13:12:02.477   993  1240 I PhoneLab-LoggerService: File 1 log.out.1
07-05 13:12:02.485   993  1240 I PhoneLab-LoggerService: Renamed successfully
07-05 13:12:02.547   545   548 D dalvikvm: GC_CONCURRENT freed 696K, 12% free 10419K/11719K, paused 1ms+2ms
07-05 13:12:02.735   545   548 D dalvikvm: GC_CONCURRENT freed 411K, 12% free 10406K/11719K, paused 2ms+2ms
07-05 13:12:02.793   545 30093 I DownloadManager: Initiating request for download 3561
07-05 13:12:02.879   545   548 D dalvikvm: GC_CONCURRENT freed 245K, 10% free 10621K/11719K, paused 2ms+2ms
07-05 13:12:02.988   545   548 D dalvikvm: GC_CONCURRENT freed 302K, 8% free 10783K/11719K, paused 1ms+2ms
07-05 13:12:03.196   545   548 D dalvikvm: GC_CONCURRENT freed 828K, 12% free 10420K/11719K, paused 2ms+2ms
07-05 13:12:03.379   545   548 D dalvikvm: GC_CONCURRENT freed 416K, 12% free 10399K/11719K, paused 2ms+2ms
07-05 13:12:03.520   545 30096 I DownloadManager: Initiating request for download 3562
07-05 13:12:03.613   545   548 D dalvikvm: GC_CONCURRENT freed 276K, 10% free 10649K/11719K, paused 2ms+2ms
07-05 13:12:03.719   545   548 D dalvikvm: GC_CONCURRENT freed 391K, 9% free 10763K/11719K, paused 2ms+3ms
07-05 13:12:03.930  1370 30098 E DictionaryProvider:UpdateHandler: Can't read a file : android.util.MalformedJsonException: Use JsonReader.setLenient(true) to accept malformed JSON at line 1 column 20
07-05 13:12:03.942   545   548 D dalvikvm: GC_CONCURRENT freed 805K, 11% free 10436K/11719K, paused 1ms+2ms
07-05 13:12:03.977  1370  1372 D dalvikvm: GC_CONCURRENT freed 391K, 7% free 9129K/9735K, paused 2ms+3ms
07-05 13:12:04.164   545   548 D dalvikvm: GC_CONCURRENT freed 420K, 12% free 10411K/11719K, paused 2ms+2ms
07-05 13:12:04.274   545 30101 I DownloadManager: Initiating request for download 3562
07-05 13:12:04.356   545   548 D dalvikvm: GC_CONCURRENT freed 319K, 10% free 10552K/11719K, paused 2ms+3ms
07-05 13:12:04.453   545   548 D dalvikvm: GC_CONCURRENT freed 290K, 9% free 10732K/11719K, paused 1ms+3ms
07-05 13:12:04.606   545   548 D dalvikvm: GC_CONCURRENT freed 720K, 11% free 10464K/11719K, paused 1ms+2ms
07-05 13:12:04.793   545   548 D dalvikvm: GC_CONCURRENT freed 403K, 11% free 10449K/11719K, paused 2ms+3ms
07-05 13:12:04.988   545   548 D dalvikvm: GC_CONCURRENT freed 416K, 12% free 10428K/11719K, paused 2ms+2ms
07-05 13:12:05.363   545 30103 I DownloadManager: Initiating request for download 3563
07-05 13:12:05.473   545   548 D dalvikvm: GC_CONCURRENT freed 222K, 9% free 10686K/11719K, paused 2ms+3ms
07-05 13:12:05.598   545   548 D dalvikvm: GC_CONCURRENT freed 446K, 9% free 10702K/11719K, paused 2ms+2ms
07-05 13:12:05.758  1370 30106 E DictionaryProvider:UpdateHandler: Can't read a file : android.util.MalformedJsonException: Use JsonReader.setLenient(true) to accept malformed JSON at line 1 column 20
07-05 13:12:05.856   545   548 D dalvikvm: GC_CONCURRENT freed 713K, 11% free 10431K/11719K, paused 2ms+3ms
07-05 13:12:06.035   545   548 D dalvikvm: GC_CONCURRENT freed 423K, 12% free 10403K/11719K, paused 2ms+2ms
07-05 13:12:06.125   545 30109 I DownloadManager: Initiating request for download 3563
07-05 13:12:06.219   545   548 D dalvikvm: GC_CONCURRENT freed 265K, 9% free 10676K/11719K, paused 2ms+2ms
07-05 13:12:06.321   545   548 D dalvikvm: GC_CONCURRENT freed 384K, 8% free 10785K/11719K, paused 1ms+3ms
07-05 13:12:06.520   545   548 D dalvikvm: GC_CONCURRENT freed 828K, 12% free 10428K/11719K, paused 2ms+2ms
07-05 13:12:06.711   545   548 D dalvikvm: GC_CONCURRENT freed 405K, 12% free 10419K/11719K, paused 2ms+3ms
07-05 13:12:06.844   545 30112 I DownloadManager: Initiating request for download 3564
07-05 13:12:06.938   545   548 D dalvikvm: GC_CONCURRENT freed 284K, 10% free 10592K/11719K, paused 2ms+3ms
07-05 13:12:07.039   545   548 D dalvikvm: GC_CONCURRENT freed 312K, 9% free 10766K/11719K, paused 2ms+3ms
07-05 13:12:07.207   545   548 D dalvikvm: GC_CONCURRENT freed 772K, 11% free 10465K/11719K, paused 1ms+3ms
07-05 13:12:07.313  1370 30114 D dalvikvm: GC_EXPLICIT freed 194K, 7% free 9102K/9735K, paused 2ms+2ms
07-05 13:12:07.324  1370 30114 E DictionaryProvider:UpdateHandler: Can't read a file : android.util.MalformedJsonException: Use JsonReader.setLenient(true) to accept malformed JSON at line 1 column 20
07-05 13:12:07.469   545   548 D dalvikvm: GC_CONCURRENT freed 437K, 12% free 10423K/11719K, paused 2ms+2ms
07-05 13:12:07.602   545 30117 I DownloadManager: Initiating request for download 3564
07-05 13:12:07.645   545   548 D dalvikvm: GC_CONCURRENT freed 385K, 11% free 10448K/11719K, paused 2ms+4ms
07-05 13:12:07.758   545   548 D dalvikvm: GC_CONCURRENT freed 212K, 9% free 10694K/11719K, paused 2ms+2ms
07-05 13:12:07.879   545   548 D dalvikvm: GC_CONCURRENT freed 453K, 9% free 10694K/11719K, paused 1ms+2ms
07-05 13:12:08.094   545   548 D dalvikvm: GC_CONCURRENT freed 702K, 12% free 10424K/11719K, paused 2ms+2ms
07-05 13:12:08.274   545   548 D dalvikvm: GC_CONCURRENT freed 407K, 12% free 10408K/11719K, paused 2ms+2ms
07-05 13:12:08.379   545 30120 I DownloadManager: Initiating request for download 3565
07-05 13:12:08.481   545   548 D dalvikvm: GC_CONCURRENT freed 260K, 10% free 10640K/11719K, paused 2ms+3ms
07-05 13:12:08.582   545   548 D dalvikvm: GC_CONCURRENT freed 298K, 8% free 10794K/11719K, paused 2ms+3ms
07-05 13:12:08.774  1370 30122 E DictionaryProvider:UpdateHandler: Can't read a file : android.util.MalformedJsonException: Use JsonReader.setLenient(true) to accept malformed JSON at line 1 column 20
07-05 13:12:08.821   545   548 D dalvikvm: GC_CONCURRENT freed 840K, 11% free 10448K/11719K, paused 2ms+2ms
07-05 13:12:09.016   545   548 D dalvikvm: GC_CONCURRENT freed 429K, 12% free 10414K/11719K, paused 2ms+2ms
07-05 13:12:09.176   545 30125 D dalvikvm: GC_EXPLICIT freed 258K, 11% free 10441K/11719K, paused 1ms+6ms
07-05 13:12:09.180   545 30125 I DownloadManager: Initiating request for download 3565
07-05 13:12:09.297   545   548 D dalvikvm: GC_CONCURRENT freed 244K, 9% free 10699K/11719K, paused 2ms+4ms
07-05 13:12:09.418   545   548 D dalvikvm: GC_CONCURRENT freed 470K, 9% free 10694K/11719K, paused 2ms+3ms
07-05 13:12:09.641   545   548 D dalvikvm: GC_CONCURRENT freed 709K, 12% free 10425K/11719K, paused 1ms+3ms
07-05 13:12:09.821   545   548 D dalvikvm: GC_CONCURRENT freed 414K, 12% free 10405K/11719K, paused 1ms+2ms
07-05 13:12:09.891   545 30128 I DownloadManager: Initiating request for download 3566
07-05 13:12:10.000   545   548 D dalvikvm: GC_CONCURRENT freed 212K, 9% free 10728K/11719K, paused 2ms+3ms
07-05 13:12:10.125   545   548 D dalvikvm: GC_CONCURRENT freed 505K, 9% free 10697K/11719K, paused 2ms+2ms
07-05 13:12:10.278  1370 30130 E DictionaryProvider:UpdateHandler: Can't read a file : android.util.MalformedJsonException: Use JsonReader.setLenient(true) to accept malformed JSON at line 1 column 20
07-05 13:12:10.383   545   548 D dalvikvm: GC_CONCURRENT freed 706K, 11% free 10440K/11719K, paused 2ms+2ms
07-05 13:12:10.567   545   548 D dalvikvm: GC_CONCURRENT freed 420K, 12% free 10411K/11719K, paused 1ms+2ms
07-05 13:12:10.641   545 30133 I DownloadManager: Initiating request for download 3566
07-05 13:12:10.727   545   548 D dalvikvm: GC_CONCURRENT freed 246K, 10% free 10610K/11719K, paused 2ms+2ms
07-05 13:12:10.832   545   548 D dalvikvm: GC_CONCURRENT freed 304K, 9% free 10780K/11719K, paused 2ms+3ms
07-05 13:12:11.020   545   548 D dalvikvm: GC_CONCURRENT freed 781K, 11% free 10472K/11719K, paused 2ms+3ms
07-05 13:12:11.211   545   548 D dalvikvm: GC_CONCURRENT freed 445K, 12% free 10422K/11719K, paused 1ms+2ms
07-05 13:12:11.375   545 30136 I DownloadManager: Initiating request for download 3567
07-05 13:12:11.442   545   548 D dalvikvm: GC_CONCURRENT freed 347K, 11% free 10485K/11719K, paused 4ms+3ms
07-05 13:12:11.543   545   548 D dalvikvm: GC_CONCURRENT freed 229K, 9% free 10714K/11719K, paused 2ms+3ms
07-05 13:12:11.672   545   548 D dalvikvm: GC_CONCURRENT freed 475K, 9% free 10714K/11719K, paused 2ms+4ms
07-05 13:12:11.821  1370 30138 E DictionaryProvider:UpdateHandler: Can't read a file : android.util.MalformedJsonException: Use JsonReader.setLenient(true) to accept malformed JSON at line 1 column 20
07-05 13:12:11.926   545   548 D dalvikvm: GC_CONCURRENT freed 726K, 11% free 10435K/11719K, paused 2ms+2ms
07-05 13:12:12.110   545   548 D dalvikvm: GC_CONCURRENT freed 419K, 12% free 10411K/11719K, paused 2ms+3ms
07-05 13:12:12.160   545 30141 I DownloadManager: Initiating request for download 3567
07-05 13:12:12.262   545   548 D dalvikvm: GC_CONCURRENT freed 214K, 10% free 10653K/11719K, paused 2ms+2ms
07-05 13:12:12.360   545   548 D dalvikvm: GC_CONCURRENT freed 397K, 9% free 10704K/11719K, paused 2ms+3ms
07-05 13:12:12.582   545   548 D dalvikvm: GC_CONCURRENT freed 712K, 11% free 10440K/11719K, paused 1ms+3ms
07-05 13:12:12.770   545   548 D dalvikvm: GC_CONCURRENT freed 413K, 12% free 10417K/11719K, paused 1ms+2ms
07-05 13:12:12.903   545 30144 I DownloadManager: Initiating request for download 3568
07-05 13:12:12.977   545   548 D dalvikvm: GC_CONCURRENT freed 291K, 10% free 10580K/11719K, paused 2ms+3ms
07-05 13:12:13.082   545   548 D dalvikvm: GC_CONCURRENT freed 300K, 9% free 10767K/11719K, paused 2ms+3ms
07-05 13:12:13.246   545   548 D dalvikvm: GC_CONCURRENT freed 757K, 11% free 10477K/11719K, paused 1ms+2ms
07-05 13:12:13.336  1370 30146 E DictionaryProvider:UpdateHandler: Can't read a file : android.util.MalformedJsonException: Use JsonReader.setLenient(true) to accept malformed JSON at line 1 column 20
07-05 13:12:13.363  1370  1372 D dalvikvm: GC_CONCURRENT freed 380K, 7% free 9138K/9735K, paused 1ms+2ms
07-05 13:12:13.500   545   548 D dalvikvm: GC_CONCURRENT freed 435K, 11% free 10437K/11719K, paused 2ms+2ms
07-05 13:12:13.684   545   548 D dalvikvm: GC_CONCURRENT freed 421K, 12% free 10412K/11719K, paused 2ms+2ms
07-05 13:12:13.707   545 30149 I DownloadManager: Initiating request for download 3568
07-05 13:12:13.805   545   548 D dalvikvm: GC_CONCURRENT freed 188K, 9% free 10681K/11719K, paused 2ms+3ms
07-05 13:12:13.918   545   548 D dalvikvm: GC_CONCURRENT freed 430K, 9% free 10708K/11719K, paused 2ms+2ms
07-05 13:12:14.028   156   156 D dalvikvm: GC_EXPLICIT freed 485K, 13% free 14084K/16007K, paused 3ms+5ms
07-05 13:12:14.211   545   548 D dalvikvm: GC_CONCURRENT freed 715K, 11% free 10437K/11719K, paused 2ms+2ms
07-05 13:12:14.379   545   548 D dalvikvm: GC_CONCURRENT freed 430K, 12% free 10402K/11719K, paused 2ms+3ms
07-05 13:12:14.492   545 30152 I DownloadManager: Initiating request for download 3569
07-05 13:12:14.578   545   548 D dalvikvm: GC_CONCURRENT freed 252K, 10% free 10600K/11719K, paused 2ms+3ms
07-05 13:12:14.684   545   548 D dalvikvm: GC_CONCURRENT freed 284K, 8% free 10804K/11719K, paused 2ms+2ms
07-05 13:12:14.875   545   548 D dalvikvm: GC_CONCURRENT freed 849K, 11% free 10430K/11719K, paused 2ms+2ms
07-05 13:12:14.922  1370 30154 E DictionaryProvider:UpdateHandler: Can't read a file : android.util.MalformedJsonException: Use JsonReader.setLenient(true) to accept malformed JSON at line 1 column 20
07-05 13:12:15.110   545   548 D dalvikvm: GC_CONCURRENT freed 410K, 12% free 10416K/11719K, paused 1ms+3ms
07-05 13:12:15.250   545 30157 I DownloadManager: Initiating request for download 3569
07-05 13:12:15.274   545   548 D dalvikvm: GC_CONCURRENT freed 371K, 11% free 10443K/11719K, paused 2ms+3ms
07-05 13:12:15.395   545   548 D dalvikvm: GC_CONCURRENT freed 210K, 9% free 10691K/11719K, paused 2ms+3ms
07-05 13:12:15.516   545   548 D dalvikvm: GC_CONCURRENT freed 458K, 9% free 10694K/11719K, paused 2ms+2ms
07-05 13:12:15.746   545   548 D dalvikvm: GC_CONCURRENT freed 713K, 12% free 10422K/11719K, paused 1ms+2ms
07-05 13:12:15.942   545   548 D dalvikvm: GC_CONCURRENT freed 413K, 12% free 10404K/11719K, paused 2ms+2ms
07-05 13:12:16.039   545 30160 I DownloadManager: Initiating request for download 3570
07-05 13:12:16.133   545   548 D dalvikvm: GC_CONCURRENT freed 234K, 10% free 10628K/11719K, paused 2ms+3ms
07-05 13:12:16.235   545   548 D dalvikvm: GC_CONCURRENT freed 326K, 8% free 10792K/11719K, paused 2ms+3ms
07-05 13:12:16.406  1370 30162 E DictionaryProvider:UpdateHandler: Can't read a file : android.util.MalformedJsonException: Use JsonReader.setLenient(true) to accept malformed JSON at line 1 column 20
07-05 13:12:16.481   545   548 D dalvikvm: GC_CONCURRENT freed 819K, 11% free 10452K/11719K, paused 2ms+2ms
07-05 13:12:16.653   545   548 D dalvikvm: GC_CONCURRENT freed 429K, 12% free 10411K/11719K, paused 2ms+2ms
07-05 13:12:16.758   545 30165 I DownloadManager: Initiating request for download 3570
07-05 13:12:16.848   545   548 D dalvikvm: GC_CONCURRENT freed 290K, 10% free 10577K/11719K, paused 1ms+3ms
07-05 13:12:16.942   545   548 D dalvikvm: GC_CONCURRENT freed 285K, 9% free 10727K/11719K, paused 2ms+4ms
07-05 13:12:17.090   545   548 D dalvikvm: GC_CONCURRENT freed 702K, 11% free 10477K/11719K, paused 2ms+2ms
07-05 13:12:17.285   545   548 D dalvikvm: GC_CONCURRENT freed 449K, 12% free 10424K/11719K, paused 1ms+2ms
07-05 13:12:17.469   545   548 D dalvikvm: GC_CONCURRENT freed 414K, 12% free 10404K/11719K, paused 2ms+3ms
07-05 13:12:17.551   545 30168 I DownloadManager: Initiating request for download 3571
07-05 13:12:17.653   545   548 D dalvikvm: GC_CONCURRENT freed 207K, 10% free 10655K/11719K, paused 2ms+2ms
07-05 13:12:17.754   545   548 D dalvikvm: GC_CONCURRENT freed 321K, 8% free 10796K/11719K, paused 2ms+3ms
07-05 13:12:17.926  1370 30170 E DictionaryProvider:UpdateHandler: Can't read a file : android.util.MalformedJsonException: Use JsonReader.setLenient(true) to accept malformed JSON at line 1 column 20
07-05 13:12:17.992   545   548 D dalvikvm: GC_CONCURRENT freed 821K, 11% free 10443K/11719K, paused 2ms+2ms
07-05 13:12:18.176   545   548 D dalvikvm: GC_CONCURRENT freed 425K, 12% free 10413K/11719K, paused 2ms+2ms
07-05 13:12:18.274   545 30173 I DownloadManager: Initiating request for download 3571
07-05 13:12:18.352   545   548 D dalvikvm: GC_CONCURRENT freed 281K, 10% free 10590K/11719K, paused 2ms+3ms
07-05 13:12:18.453   545   548 D dalvikvm: GC_CONCURRENT freed 309K, 9% free 10765K/11719K, paused 2ms+3ms
07-05 13:12:18.637   545   548 D dalvikvm: GC_CONCURRENT freed 753K, 11% free 10478K/11719K, paused 2ms+3ms
07-05 13:12:18.856   545   548 D dalvikvm: GC_CONCURRENT freed 450K, 12% free 10429K/11719K, paused 2ms+2ms
07-05 13:12:19.074   545   548 D dalvikvm: GC_CONCURRENT freed 404K, 11% free 10437K/11719K, paused 2ms+4ms
07-05 13:12:19.078   545 30176 I DownloadManager: Initiating request for download 3572
07-05 13:12:19.215   545   548 D dalvikvm: GC_CONCURRENT freed 204K, 9% free 10692K/11719K, paused 2ms+3ms
07-05 13:12:19.340   545   548 D dalvikvm: GC_CONCURRENT freed 451K, 9% free 10730K/11719K, paused 2ms+3ms
07-05 13:12:19.492  1370 30178 E DictionaryProvider:UpdateHandler: Can't read a file : android.util.MalformedJsonException: Use JsonReader.setLenient(true) to accept malformed JSON at line 1 column 20
07-05 13:12:19.528  1370  1372 D dalvikvm: GC_CONCURRENT freed 398K, 7% free 9127K/9735K, paused 1ms+2ms
07-05 13:12:19.613   545   548 D dalvikvm: GC_CONCURRENT freed 744K, 11% free 10439K/11719K, paused 2ms+3ms
07-05 13:12:19.813   545   548 D dalvikvm: GC_CONCURRENT freed 422K, 12% free 10421K/11719K, paused 2ms+2ms
07-05 13:12:19.875   545 30181 I DownloadManager: Initiating request for download 3572
07-05 13:12:19.973   545   548 D dalvikvm: GC_CONCURRENT freed 236K, 9% free 10713K/11719K, paused 2ms+3ms
07-05 13:12:20.086   545   548 D dalvikvm: GC_CONCURRENT freed 477K, 9% free 10705K/11719K, paused 1ms+2ms
07-05 13:12:20.270   545   548 D dalvikvm: GC_CONCURRENT freed 683K, 11% free 10467K/11719K, paused 2ms+2ms
07-05 13:12:20.453   545   548 D dalvikvm: GC_CONCURRENT freed 410K, 11% free 10452K/11719K, paused 2ms+2ms
07-05 13:12:20.613   545 30184 I DownloadManager: Initiating request for download 3573
07-05 13:12:20.711   545   548 D dalvikvm: GC_CONCURRENT freed 301K, 10% free 10604K/11719K, paused 2ms+3ms
07-05 13:12:20.817   545   548 D dalvikvm: GC_CONCURRENT freed 327K, 8% free 10794K/11719K, paused 2ms+4ms
07-05 13:12:21.004   545   548 D dalvikvm: GC_CONCURRENT freed 827K, 11% free 10442K/11719K, paused 2ms+3ms
07-05 13:12:21.059  1370 30186 E DictionaryProvider:UpdateHandler: Can't read a file : android.util.MalformedJsonException: Use JsonReader.setLenient(true) to accept malformed JSON at line 1 column 20
07-05 13:12:21.238   545   548 D dalvikvm: GC_CONCURRENT freed 404K, 11% free 10442K/11719K, paused 1ms+2ms
07-05 13:12:21.371   545 30189 I DownloadManager: Initiating request for download 3573
07-05 13:12:21.414   545   548 D dalvikvm: GC_CONCURRENT freed 381K, 11% free 10484K/11719K, paused 2ms+3ms
07-05 13:12:21.528   545   548 D dalvikvm: GC_CONCURRENT freed 227K, 9% free 10716K/11719K, paused 2ms+3ms
07-05 13:12:21.656   545   548 D dalvikvm: GC_CONCURRENT freed 478K, 9% free 10709K/11719K, paused 2ms+2ms
07-05 13:12:21.887   545   548 D dalvikvm: GC_CONCURRENT freed 724K, 11% free 10431K/11719K, paused 1ms+3ms
07-05 13:12:22.082   545   548 D dalvikvm: GC_CONCURRENT freed 413K, 12% free 10413K/11719K, paused 2ms+2ms
07-05 13:12:22.164   545 30192 I DownloadManager: Initiating request for download 3574
07-05 13:12:22.274   545   548 D dalvikvm: GC_CONCURRENT freed 216K, 10% free 10656K/11719K, paused 2ms+3ms
07-05 13:12:22.375   545   548 D dalvikvm: GC_CONCURRENT freed 342K, 8% free 10815K/11719K, paused 2ms+2ms
07-05 13:12:22.594   545   548 D dalvikvm: GC_CONCURRENT freed 857K, 11% free 10440K/11719K, paused 2ms+2ms
07-05 13:12:22.774   545   548 D dalvikvm: GC_CONCURRENT freed 410K, 12% free 10421K/11719K, paused 1ms+2ms
07-05 13:12:23.828  1370 30194 E DictionaryProvider:UpdateHandler: Can't read a file : android.util.MalformedJsonException: Use JsonReader.setLenient(true) to accept malformed JSON at line 1 column 20
07-05 13:12:23.946   545   548 D dalvikvm: GC_CONCURRENT freed 361K, 11% free 10457K/11719K, paused 2ms+3ms
07-05 13:12:24.125   545   548 D dalvikvm: GC_CONCURRENT freed 422K, 12% free 10430K/11719K, paused 2ms+2ms
07-05 13:12:24.305   545   548 D dalvikvm: GC_CONCURRENT freed 409K, 12% free 10415K/11719K, paused 2ms+2ms
07-05 13:12:24.531   545   548 D dalvikvm: GC_CONCURRENT freed 362K, 11% free 10442K/11719K, paused 2ms+3ms
07-05 13:12:24.719   545   548 D dalvikvm: GC_CONCURRENT freed 406K, 12% free 10424K/11719K, paused 2ms+2ms
07-05 13:12:24.918   545 30197 I DownloadManager: Initiating request for download 3575
07-05 13:12:24.949   545   548 D dalvikvm: GC_CONCURRENT freed 383K, 11% free 10456K/11719K, paused 2ms+3ms
07-05 13:12:25.067   545   548 D dalvikvm: GC_CONCURRENT freed 210K, 9% free 10706K/11719K, paused 2ms+2ms
07-05 13:12:25.180   545   548 D dalvikvm: GC_CONCURRENT freed 461K, 9% free 10714K/11719K, paused 2ms+3ms
07-05 13:12:25.328  1370 30199 E DictionaryProvider:UpdateHandler: Can't read a file : android.util.MalformedJsonException: Use JsonReader.setLenient(true) to accept malformed JSON at line 1 column 20
07-05 13:12:25.430   545   548 D dalvikvm: GC_CONCURRENT freed 720K, 11% free 10443K/11719K, paused 2ms+3ms
07-05 13:12:25.606   545   548 D dalvikvm: GC_CONCURRENT freed 411K, 12% free 10430K/11719K, paused 2ms+2ms
07-05 13:12:25.668   545 30202 I DownloadManager: Initiating request for download 3575
07-05 13:12:25.754   545   548 D dalvikvm: GC_CONCURRENT freed 232K, 10% free 10628K/11719K, paused 2ms+3ms
07-05 13:12:25.860   545   548 D dalvikvm: GC_CONCURRENT freed 319K, 8% free 10805K/11719K, paused 2ms+3ms
07-05 13:12:26.082   545   548 D dalvikvm: GC_CONCURRENT freed 836K, 11% free 10447K/11719K, paused 2ms+2ms
07-05 13:12:26.262   545   548 D dalvikvm: GC_CONCURRENT freed 416K, 12% free 10426K/11719K, paused 1ms+4ms
07-05 13:12:26.414   545 30205 I DownloadManager: Initiating request for download 3576
07-05 13:12:26.496   545   548 D dalvikvm: GC_CONCURRENT freed 314K, 10% free 10557K/11719K, paused 2ms+2ms
07-05 13:12:26.598   545   548 D dalvikvm: GC_CONCURRENT freed 262K, 9% free 10754K/11719K, paused 2ms+3ms
07-05 13:12:26.742   545   548 D dalvikvm: GC_CONCURRENT freed 731K, 11% free 10487K/11719K, paused 2ms+2ms
07-05 13:12:26.832  1370 30207 E DictionaryProvider:UpdateHandler: Can't read a file : android.util.MalformedJsonException: Use JsonReader.setLenient(true) to accept malformed JSON at line 1 column 20
07-05 13:12:26.906  1370  1372 D dalvikvm: GC_CONCURRENT freed 410K, 7% free 9125K/9735K, paused 2ms+1ms
07-05 13:12:27.008   545   548 D dalvikvm: GC_CONCURRENT freed 434K, 11% free 10445K/11719K, paused 2ms+3ms
07-05 13:12:27.211   545   548 D dalvikvm: GC_CONCURRENT freed 419K, 11% free 10432K/11719K, paused 1ms+2ms
07-05 13:12:27.258   545 30210 I DownloadManager: Initiating request for download 3576
07-05 13:12:27.356   545   548 D dalvikvm: GC_CONCURRENT freed 229K, 10% free 10656K/11719K, paused 2ms+2ms
07-05 13:12:27.457   545   548 D dalvikvm: GC_CONCURRENT freed 308K, 8% free 10813K/11719K, paused 2ms+2ms
07-05 13:12:27.672   545   548 D dalvikvm: GC_CONCURRENT freed 841K, 11% free 10446K/11719K, paused 2ms+2ms
07-05 13:12:27.852   545   548 D dalvikvm: GC_CONCURRENT freed 415K, 12% free 10427K/11719K, paused 2ms+2ms
07-05 13:12:27.988   545 30213 I DownloadManager: Initiating request for download 3577
07-05 13:12:28.082   545   548 D dalvikvm: GC_CONCURRENT freed 284K, 10% free 10599K/11719K, paused 2ms+3ms
07-05 13:12:28.180   545   548 D dalvikvm: GC_CONCURRENT freed 319K, 9% free 10767K/11719K, paused 2ms+3ms
07-05 13:12:28.324   545   548 D dalvikvm: GC_CONCURRENT freed 741K, 11% free 10487K/11719K, paused 2ms+3ms
07-05 13:12:28.512   156   530 D dalvikvm: GC_EXPLICIT freed 490K, 13% free 14083K/16007K, paused 3ms+6ms
07-05 13:12:28.516  1370 30215 E DictionaryProvider:UpdateHandler: Can't read a file : android.util.MalformedJsonException: Use JsonReader.setLenient(true) to accept malformed JSON at line 1 column 20
07-05 13:12:28.637   545   548 D dalvikvm: GC_CONCURRENT freed 428K, 11% free 10446K/11719K, paused 1ms+3ms
07-05 13:12:28.821   545   548 D dalvikvm: GC_CONCURRENT freed 427K, 12% free 10408K/11719K, paused 2ms+2ms
07-05 13:12:28.860   545 30218 I DownloadManager: Initiating request for download 3577
07-05 13:12:28.969   545   548 D dalvikvm: GC_CONCURRENT freed 202K, 10% free 10664K/11719K, paused 2ms+3ms
07-05 13:12:29.067   545   548 D dalvikvm: GC_CONCURRENT freed 402K, 9% free 10704K/11719K, paused 2ms+2ms
07-05 13:12:29.258   545   548 D dalvikvm: GC_CONCURRENT freed 683K, 11% free 10466K/11719K, paused 2ms+3ms
07-05 13:12:29.473   545   548 D dalvikvm: GC_CONCURRENT freed 442K, 12% free 10419K/11719K, paused 2ms+3ms
07-05 13:12:29.621   545 30221 I DownloadManager: Initiating request for download 3578
07-05 13:12:29.703   545   548 D dalvikvm: GC_CONCURRENT freed 292K, 10% free 10585K/11719K, paused 2ms+2ms
07-05 13:12:29.801   545   548 D dalvikvm: GC_CONCURRENT freed 311K, 9% free 10758K/11719K, paused 2ms+3ms
07-05 13:12:29.961   545   548 D dalvikvm: GC_CONCURRENT freed 750K, 11% free 10475K/11719K, paused 2ms+2ms
07-05 13:12:30.035  1370 30223 E DictionaryProvider:UpdateHandler: Can't read a file : android.util.MalformedJsonException: Use JsonReader.setLenient(true) to accept malformed JSON at line 1 column 20
07-05 13:12:30.180   682  1055 E GTalkService: connectionClosed: no XMPPConnection - That's strange!
07-05 13:12:30.196   545   548 D dalvikvm: GC_CONCURRENT freed 436K, 11% free 10434K/11719K, paused 2ms+2ms
07-05 13:12:30.375   545   548 D dalvikvm: GC_CONCURRENT freed 420K, 12% free 10409K/11719K, paused 1ms+2ms
07-05 13:12:30.410   545 30226 I DownloadManager: Initiating request for download 3578
07-05 13:12:30.512   545   548 D dalvikvm: GC_CONCURRENT freed 196K, 9% free 10672K/11719K, paused 2ms+2ms
07-05 13:12:30.625   545   548 D dalvikvm: GC_CONCURRENT freed 411K, 9% free 10712K/11719K, paused 1ms+2ms
07-05 13:12:30.840   545   548 D dalvikvm: GC_CONCURRENT freed 725K, 11% free 10434K/11719K, paused 2ms+3ms
07-05 13:12:31.024   545   548 D dalvikvm: GC_CONCURRENT freed 412K, 12% free 10415K/11719K, paused 2ms+2ms
07-05 13:12:31.160   545 30229 I DownloadManager: Initiating request for download 3579
07-05 13:12:31.250   545   548 D dalvikvm: GC_CONCURRENT freed 279K, 10% free 10594K/11719K, paused 2ms+3ms
07-05 13:12:31.344   545   548 D dalvikvm: GC_CONCURRENT freed 312K, 9% free 10768K/11719K, paused 2ms+3ms
07-05 13:12:31.520   545   548 D dalvikvm: GC_CONCURRENT freed 753K, 11% free 10477K/11719K, paused 2ms+2ms
07-05 13:12:31.625   545  3627 D dalvikvm: GC_EXPLICIT freed 105K, 11% free 10452K/11719K, paused 2ms+3ms
07-05 13:12:31.637  1370 30231 E DictionaryProvider:UpdateHandler: Can't read a file : android.util.MalformedJsonException: Use JsonReader.setLenient(true) to accept malformed JSON at line 1 column 20
07-05 13:12:31.828   545   548 D dalvikvm: GC_CONCURRENT freed 418K, 12% free 10428K/11719K, paused 2ms+2ms
07-05 13:12:31.957   545 30234 I DownloadManager: Initiating request for download 3579
07-05 13:12:32.000   545   548 D dalvikvm: GC_CONCURRENT freed 369K, 11% free 10485K/11719K, paused 2ms+3ms
07-05 13:12:32.110   545   548 D dalvikvm: GC_CONCURRENT freed 226K, 9% free 10718K/11719K, paused 1ms+3ms
07-05 13:12:32.238   545   548 D dalvikvm: GC_CONCURRENT freed 694K, 11% free 10482K/11719K, paused 2ms+2ms
07-05 13:12:32.453   545   548 D dalvikvm: GC_CONCURRENT freed 443K, 11% free 10435K/11719K, paused 2ms+2ms
07-05 13:12:32.645   545   548 D dalvikvm: GC_CONCURRENT freed 413K, 12% free 10417K/11719K, paused 1ms+2ms
07-05 13:12:32.738   545 30237 I DownloadManager: Initiating request for download 3580
07-05 13:12:32.828   545   548 D dalvikvm: GC_CONCURRENT freed 236K, 10% free 10619K/11719K, paused 3ms+2ms
07-05 13:12:32.934   545   548 D dalvikvm: GC_CONCURRENT freed 301K, 8% free 10788K/11719K, paused 2ms+3ms
07-05 13:12:33.133   545   548 D dalvikvm: GC_CONCURRENT freed 816K, 11% free 10445K/11719K, paused 2ms+2ms
07-05 13:12:33.184   156   330 D ConnectivityService: handleInetConditionHoldEnd: net=1, condition=0, published condition=0
07-05 13:12:33.192  1370 30239 E DictionaryProvider:UpdateHandler: Can't read a file : android.util.MalformedJsonException: Use JsonReader.setLenient(true) to accept malformed JSON at line 1 column 20
07-05 13:12:33.274  1370  1372 D dalvikvm: GC_CONCURRENT freed 390K, 7% free 9128K/9735K, paused 2ms+2ms
07-05 13:12:33.383   545   548 D dalvikvm: GC_CONCURRENT freed 406K, 11% free 10434K/11719K, paused 1ms+2ms
07-05 13:12:33.559   545   548 D dalvikvm: GC_CONCURRENT freed 394K, 11% free 10451K/11719K, paused 2ms+2ms
07-05 13:12:33.571   545 30242 I DownloadManager: Initiating request for download 3580
07-05 13:12:33.684   545   548 D dalvikvm: GC_CONCURRENT freed 207K, 9% free 10704K/11719K, paused 2ms+3ms
07-05 13:12:33.801   545   548 D dalvikvm: GC_CONCURRENT freed 467K, 9% free 10722K/11719K, paused 2ms+2ms
07-05 13:12:34.024   545   548 D dalvikvm: GC_CONCURRENT freed 735K, 11% free 10437K/11719K, paused 2ms+3ms
07-05 13:12:34.215   545   548 D dalvikvm: GC_CONCURRENT freed 414K, 12% free 10418K/11719K, paused 2ms+2ms
07-05 13:12:34.301   545 30245 I DownloadManager: Initiating request for download 3581
07-05 13:12:34.399   545   548 D dalvikvm: GC_CONCURRENT freed 229K, 10% free 10643K/11719K, paused 2ms+3ms
07-05 13:12:34.500   545   548 D dalvikvm: GC_CONCURRENT freed 331K, 8% free 10812K/11719K, paused 1ms+3ms
07-05 13:12:34.711  1370 30247 E DictionaryProvider:UpdateHandler: Can't read a file : android.util.MalformedJsonException: Use JsonReader.setLenient(true) to accept malformed JSON at line 1 column 20
07-05 13:12:34.750   545   548 D dalvikvm: GC_CONCURRENT freed 854K, 11% free 10455K/11719K, paused 2ms+3ms
07-05 13:12:34.942   545   548 D dalvikvm: GC_CONCURRENT freed 421K, 12% free 10425K/11719K, paused 2ms+2ms
07-05 13:12:35.047   545 30250 I DownloadManager: Initiating request for download 3581
07-05 13:12:35.125   545   548 D dalvikvm: GC_CONCURRENT freed 290K, 10% free 10584K/11719K, paused 2ms+3ms
07-05 13:12:35.227   545   548 D dalvikvm: GC_CONCURRENT freed 304K, 9% free 10764K/11719K, paused 2ms+3ms
07-05 13:12:35.383   545   548 D dalvikvm: GC_CONCURRENT freed 743K, 11% free 10487K/11719K, paused 2ms+2ms
07-05 13:12:35.586   545   548 D dalvikvm: GC_CONCURRENT freed 447K, 11% free 10435K/11719K, paused 2ms+2ms
07-05 13:12:35.774   545   548 D dalvikvm: GC_CONCURRENT freed 413K, 12% free 10424K/11719K, paused 2ms+2ms
07-05 13:12:35.848   545 30253 I DownloadManager: Initiating request for download 3582
07-05 13:12:35.953   545   548 D dalvikvm: GC_CONCURRENT freed 199K, 9% free 10684K/11719K, paused 1ms+3ms
07-05 13:12:36.063   545   548 D dalvikvm: GC_CONCURRENT freed 423K, 9% free 10720K/11719K, paused 2ms+2ms
07-05 13:12:36.227  1370 30255 E DictionaryProvider:UpdateHandler: Can't read a file : android.util.MalformedJsonException: Use JsonReader.setLenient(true) to accept malformed JSON at line 1 column 20
07-05 13:12:36.297   545   548 D dalvikvm: GC_CONCURRENT freed 711K, 11% free 10455K/11719K, paused 1ms+2ms
07-05 13:12:36.477   545   548 D dalvikvm: GC_CONCURRENT freed 424K, 12% free 10426K/11719K, paused 2ms+2ms
07-05 13:12:36.590   545 30258 I DownloadManager: Initiating request for download 3582
07-05 13:12:36.684   545   548 D dalvikvm: GC_CONCURRENT freed 292K, 10% free 10601K/11719K, paused 2ms+3ms
07-05 13:12:36.781   545   548 D dalvikvm: GC_CONCURRENT freed 311K, 9% free 10770K/11719K, paused 2ms+4ms
07-05 13:12:36.946   545   548 D dalvikvm: GC_CONCURRENT freed 756K, 11% free 10486K/11719K, paused 1ms+3ms
07-05 13:12:37.168   545   548 D dalvikvm: GC_CONCURRENT freed 443K, 11% free 10451K/11719K, paused 2ms+2ms
07-05 13:12:37.340   545   548 D dalvikvm: GC_CONCURRENT freed 413K, 12% free 10424K/11719K, paused 2ms+2ms
07-05 13:12:37.371   545 30261 I DownloadManager: Initiating request for download 3583
07-05 13:12:37.481   545   548 D dalvikvm: GC_CONCURRENT freed 186K, 9% free 10697K/11719K, paused 2ms+3ms
07-05 13:12:37.586   545   548 D dalvikvm: GC_CONCURRENT freed 423K, 9% free 10725K/11719K, paused 2ms+2ms
07-05 13:12:37.797  1370 30263 E DictionaryProvider:UpdateHandler: Can't read a file : android.util.MalformedJsonException: Use JsonReader.setLenient(true) to accept malformed JSON at line 1 column 20
07-05 13:12:37.832   545   548 D dalvikvm: GC_CONCURRENT freed 732K, 11% free 10462K/11719K, paused 2ms+2ms
07-05 13:12:37.914   465   467 D dalvikvm: GC_CONCURRENT freed 438K, 6% free 10514K/11079K, paused 2ms+3ms
07-05 13:12:38.055   545   548 D dalvikvm: GC_CONCURRENT freed 422K, 11% free 10437K/11719K, paused 2ms+3ms
07-05 13:12:38.137   682   682 I GTalkService/c: [AndroidEndpoint@1095403848] connect: acct=1000001, state=CONNECTING
07-05 13:12:38.168   545 30266 I DownloadManager: Initiating request for download 3583
07-05 13:12:38.246   545   548 D dalvikvm: GC_CONCURRENT freed 282K, 10% free 10613K/11719K, paused 2ms+3ms
07-05 13:12:38.348   545   548 D dalvikvm: GC_CONCURRENT freed 316K, 8% free 10800K/11719K, paused 2ms+3ms
07-05 13:12:38.528   545   548 D dalvikvm: GC_CONCURRENT freed 796K, 11% free 10489K/11719K, paused 2ms+2ms
07-05 13:12:38.731   545   548 D dalvikvm: GC_CONCURRENT freed 435K, 11% free 10441K/11719K, paused 2ms+3ms
07-05 13:12:38.914   545 30269 I DownloadManager: Initiating request for download 3584
07-05 13:12:38.938   545   548 D dalvikvm: GC_CONCURRENT freed 384K, 11% free 10469K/11719K, paused 2ms+3ms
07-05 13:12:39.067   545   548 D dalvikvm: GC_CONCURRENT freed 214K, 9% free 10747K/11719K, paused 1ms+3ms
07-05 13:12:39.184   545   548 D dalvikvm: GC_CONCURRENT freed 723K, 11% free 10496K/11719K, paused 1ms+3ms
07-05 13:12:39.305  1370 30271 E DictionaryProvider:UpdateHandler: Can't read a file : android.util.MalformedJsonException: Use JsonReader.setLenient(true) to accept malformed JSON at line 1 column 20
07-05 13:12:39.348   465 30272 D dalvikvm: GC_EXPLICIT freed 255K, 8% free 10262K/11079K, paused 2ms+2ms
07-05 13:12:39.410  1370  1372 D dalvikvm: GC_CONCURRENT freed 388K, 7% free 9128K/9735K, paused 1ms+2ms
07-05 13:12:39.481   545   548 D dalvikvm: GC_CONCURRENT freed 437K, 11% free 10454K/11719K, paused 2ms+3ms
07-05 13:12:39.672   545   548 D dalvikvm: GC_CONCURRENT freed 419K, 11% free 10431K/11719K, paused 2ms+2ms
07-05 13:12:39.754   545 30274 I DownloadManager: Initiating request for download 3584
07-05 13:12:39.836   545   548 D dalvikvm: GC_CONCURRENT freed 256K, 10% free 10634K/11719K, paused 2ms+3ms
07-05 13:12:39.938   545   548 D dalvikvm: GC_CONCURRENT freed 324K, 8% free 10811K/11719K, paused 2ms+3ms
07-05 13:12:40.133   545   548 D dalvikvm: GC_CONCURRENT freed 833K, 11% free 10457K/11719K, paused 2ms+2ms
07-05 13:12:40.313   545   548 D dalvikvm: GC_CONCURRENT freed 412K, 11% free 10435K/11719K, paused 2ms+2ms
07-05 13:12:40.469   545 30277 I DownloadManager: Initiating request for download 3585
07-05 13:12:40.520   545   548 D dalvikvm: GC_CONCURRENT freed 344K, 11% free 10505K/11719K, paused 2ms+2ms
07-05 13:12:40.629   545   548 D dalvikvm: GC_CONCURRENT freed 222K, 9% free 10734K/11719K, paused 1ms+3ms
07-05 13:12:40.754   545   548 D dalvikvm: GC_CONCURRENT freed 479K, 9% free 10742K/11719K, paused 2ms+2ms
07-05 13:12:40.965   545   548 D dalvikvm: GC_CONCURRENT freed 717K, 11% free 10475K/11719K, paused 1ms+2ms
07-05 13:12:41.153   545   548 D dalvikvm: GC_CONCURRENT freed 437K, 11% free 10436K/11719K, paused 2ms+3ms
07-05 13:12:42.188   156   593 D dalvikvm: GC_EXPLICIT freed 479K, 13% free 14086K/16007K, paused 2ms+7ms
07-05 13:12:42.192  1370 30279 E DictionaryProvider:UpdateHandler: Can't read a file : android.util.MalformedJsonException: Use JsonReader.setLenient(true) to accept malformed JSON at line 1 column 20
07-05 13:12:42.336   545   548 D dalvikvm: GC_CONCURRENT freed 363K, 11% free 10468K/11719K, paused 1ms+2ms
07-05 13:12:42.520   545   548 D dalvikvm: GC_CONCURRENT freed 438K, 12% free 10426K/11719K, paused 2ms+2ms
07-05 13:12:42.715   545   548 D dalvikvm: GC_CONCURRENT freed 407K, 12% free 10425K/11719K, paused 2ms+2ms
07-05 13:12:42.949   545   548 D dalvikvm: GC_CONCURRENT freed 380K, 11% free 10435K/11719K, paused 2ms+3ms
07-05 13:12:43.141   545   548 D dalvikvm: GC_CONCURRENT freed 408K, 12% free 10422K/11719K, paused 2ms+2ms
07-05 13:12:43.289   545 30282 I DownloadManager: Initiating request for download 3586
07-05 13:12:43.371   545   548 D dalvikvm: GC_CONCURRENT freed 291K, 10% free 10575K/11719K, paused 2ms+3ms
07-05 13:12:43.469   545   548 D dalvikvm: GC_CONCURRENT freed 299K, 9% free 10756K/11719K, paused 2ms+3ms
07-05 13:12:43.629   545   548 D dalvikvm: GC_CONCURRENT freed 738K, 11% free 10487K/11719K, paused 2ms+2ms
07-05 13:12:43.711  1370 30284 E DictionaryProvider:UpdateHandler: Can't read a file : android.util.MalformedJsonException: Use JsonReader.setLenient(true) to accept malformed JSON at line 1 column 20
07-05 13:12:43.863   545   548 D dalvikvm: GC_CONCURRENT freed 441K, 11% free 10441K/11719K, paused 2ms+3ms
07-05 13:12:44.043   545   548 D dalvikvm: GC_CONCURRENT freed 418K, 12% free 10418K/11719K, paused 1ms+2ms
07-05 13:12:44.086   545 30287 I DownloadManager: Initiating request for download 3586
07-05 13:12:44.176   545   548 D dalvikvm: GC_CONCURRENT freed 210K, 9% free 10667K/11719K, paused 2ms+2ms
07-05 13:12:44.274   545   548 D dalvikvm: GC_CONCURRENT freed 307K, 8% free 10820K/11719K, paused 2ms+2ms
07-05 13:12:44.485   545   548 D dalvikvm: GC_CONCURRENT freed 859K, 11% free 10444K/11719K, paused 2ms+2ms
07-05 13:12:44.656   545   548 D dalvikvm: GC_CONCURRENT freed 416K, 12% free 10423K/11719K, paused 2ms+2ms
07-05 13:12:44.785   545 30290 I DownloadManager: Initiating request for download 3587
07-05 13:12:44.860   545   548 D dalvikvm: GC_CONCURRENT freed 277K, 10% free 10587K/11719K, paused 1ms+3ms
07-05 13:12:44.957   545   548 D dalvikvm: GC_CONCURRENT freed 286K, 9% free 10757K/11719K, paused 2ms+3ms
07-05 13:12:45.106   545   548 D dalvikvm: GC_CONCURRENT freed 733K, 11% free 10486K/11719K, paused 2ms+3ms
07-05 13:12:45.176  1370 30292 E DictionaryProvider:UpdateHandler: Can't read a file : android.util.MalformedJsonException: Use JsonReader.setLenient(true) to accept malformed JSON at line 1 column 20
07-05 13:12:45.336   545   548 D dalvikvm: GC_CONCURRENT freed 436K, 11% free 10446K/11719K, paused 2ms+3ms
07-05 13:12:45.520   545   548 D dalvikvm: GC_CONCURRENT freed 419K, 12% free 10420K/11719K, paused 2ms+2ms
07-05 13:12:45.571   545 30295 I DownloadManager: Initiating request for download 3587
07-05 13:12:45.660   545   548 D dalvikvm: GC_CONCURRENT freed 223K, 10% free 10657K/11719K, paused 3ms+3ms
07-05 13:12:45.762   545   548 D dalvikvm: GC_CONCURRENT freed 303K, 8% free 10820K/11719K, paused 2ms+3ms
07-05 13:12:45.988   545   548 D dalvikvm: GC_CONCURRENT freed 868K, 11% free 10449K/11719K, paused 2ms+2ms
07-05 13:12:46.168   545   548 D dalvikvm: GC_CONCURRENT freed 417K, 12% free 10427K/11719K, paused 2ms+2ms
07-05 13:12:46.301   545 30298 I DownloadManager: Initiating request for download 3588
07-05 13:12:46.383   545   548 D dalvikvm: GC_CONCURRENT freed 286K, 10% free 10585K/11719K, paused 2ms+3ms
07-05 13:12:46.481   545   548 D dalvikvm: GC_CONCURRENT freed 300K, 9% free 10767K/11719K, paused 1ms+4ms
07-05 13:12:46.645   545   548 D dalvikvm: GC_CONCURRENT freed 741K, 11% free 10494K/11719K, paused 2ms+3ms
07-05 13:12:46.715  1370 30300 E DictionaryProvider:UpdateHandler: Can't read a file : android.util.MalformedJsonException: Use JsonReader.setLenient(true) to accept malformed JSON at line 1 column 20
07-05 13:12:46.879   545   548 D dalvikvm: GC_CONCURRENT freed 442K, 11% free 10447K/11719K, paused 1ms+3ms
07-05 13:12:47.074   545   548 D dalvikvm: GC_CONCURRENT freed 415K, 12% free 10423K/11719K, paused 2ms+3ms
07-05 13:12:47.121   545 30303 I DownloadManager: Initiating request for download 3588
07-05 13:12:47.211   545   548 D dalvikvm: GC_CONCURRENT freed 211K, 9% free 10665K/11719K, paused 2ms+2ms
07-05 13:12:47.317   545   548 D dalvikvm: GC_CONCURRENT freed 309K, 8% free 10824K/11719K, paused 2ms+3ms
07-05 13:12:47.555   545   548 D dalvikvm: GC_CONCURRENT freed 860K, 11% free 10448K/11719K, paused 2ms+2ms
07-05 13:12:47.567  1370  1372 D dalvikvm: GC_CONCURRENT freed 387K, 7% free 9128K/9735K, paused 1ms+2ms
07-05 13:12:47.750   545   548 D dalvikvm: GC_CONCURRENT freed 414K, 11% free 10439K/11719K, paused 2ms+3ms
07-05 13:12:47.883   545 30306 I DownloadManager: Initiating request for download 3589
07-05 13:12:47.961   545   548 D dalvikvm: GC_CONCURRENT freed 292K, 10% free 10605K/11719K, paused 2ms+3ms
07-05 13:12:48.063   545   548 D dalvikvm: GC_CONCURRENT freed 313K, 8% free 10784K/11719K, paused 1ms+3ms
07-05 13:12:48.227   545   548 D dalvikvm: GC_CONCURRENT freed 766K, 11% free 10489K/11719K, paused 2ms+2ms
07-05 13:12:48.399   545   548 D dalvikvm: GC_CONCURRENT freed 413K, 11% free 10474K/11719K, paused 2ms+2ms
07-05 13:12:48.567   545   548 D dalvikvm: GC_CONCURRENT freed 410K, 11% free 10453K/11719K, paused 1ms+3ms
07-05 13:12:48.801   545   548 D dalvikvm: GC_CONCURRENT freed 365K, 11% free 10483K/11719K, paused 2ms+2ms
07-05 13:12:48.992   545   548 D dalvikvm: GC_CONCURRENT freed 440K, 11% free 10439K/11719K, paused 2ms+3ms
07-05 13:12:49.656  1370 30309 E DictionaryProvider:UpdateHandler: Can't read a file : android.util.MalformedJsonException: Use JsonReader.setLenient(true) to accept malformed JSON at line 1 column 20
07-05 13:12:49.879   545   548 D dalvikvm: GC_CONCURRENT freed 368K, 11% free 10466K/11719K, paused 2ms+2ms
07-05 13:12:50.055   545   548 D dalvikvm: GC_CONCURRENT freed 418K, 11% free 10443K/11719K, paused 2ms+2ms
07-05 13:12:50.227   545   548 D dalvikvm: GC_CONCURRENT freed 407K, 11% free 10430K/11719K, paused 1ms+2ms
07-05 13:12:50.352   545 30312 I DownloadManager: Initiating request for download 3590
07-05 13:12:50.446   545   548 D dalvikvm: GC_CONCURRENT freed 256K, 10% free 10620K/11719K, paused 2ms+3ms
07-05 13:12:50.551   545   548 D dalvikvm: GC_CONCURRENT freed 318K, 8% free 10798K/11719K, paused 1ms+3ms
07-05 13:12:50.738   545   548 D dalvikvm: GC_CONCURRENT freed 778K, 11% free 10492K/11719K, paused 2ms+3ms
07-05 13:12:50.824  1370 30314 E DictionaryProvider:UpdateHandler: Can't read a file : android.util.MalformedJsonException: Use JsonReader.setLenient(true) to accept malformed JSON at line 1 column 20
07-05 13:12:50.961   545   548 D dalvikvm: GC_CONCURRENT freed 429K, 11% free 10455K/11719K, paused 2ms+2ms
07-05 13:12:51.141   545   548 D dalvikvm: GC_CONCURRENT freed 415K, 12% free 10427K/11719K, paused 2ms+2ms
07-05 13:12:51.164   545 30317 I DownloadManager: Initiating request for download 3590
07-05 13:12:51.266   545   548 D dalvikvm: GC_CONCURRENT freed 185K, 9% free 10700K/11719K, paused 2ms+3ms
07-05 13:12:51.371   545   548 D dalvikvm: GC_CONCURRENT freed 426K, 9% free 10732K/11719K, paused 2ms+2ms
07-05 13:12:51.586   545   548 D dalvikvm: GC_CONCURRENT freed 733K, 11% free 10455K/11719K, paused 2ms+2ms
07-05 13:12:51.774   545   548 D dalvikvm: GC_CONCURRENT freed 418K, 11% free 10432K/11719K, paused 1ms+2ms
07-05 13:12:51.926   545 30320 I DownloadManager: Initiating request for download 3591
07-05 13:12:52.043   545   548 D dalvikvm: GC_CONCURRENT freed 275K, 10% free 10616K/11719K, paused 2ms+3ms
07-05 13:12:52.153   545   548 D dalvikvm: GC_CONCURRENT freed 316K, 8% free 10798K/11719K, paused 2ms+3ms
07-05 13:12:52.313   545   548 D dalvikvm: GC_CONCURRENT freed 785K, 11% free 10495K/11719K, paused 2ms+2ms
07-05 13:12:52.406  1370 30322 E DictionaryProvider:UpdateHandler: Can't read a file : android.util.MalformedJsonException: Use JsonReader.setLenient(true) to accept malformed JSON at line 1 column 20
07-05 13:12:52.547   545   548 D dalvikvm: GC_CONCURRENT freed 437K, 11% free 10453K/11719K, paused 2ms+3ms
07-05 13:12:52.735   545   548 D dalvikvm: GC_CONCURRENT freed 415K, 12% free 10429K/11719K, paused 2ms+2ms
07-05 13:12:52.758   545 30325 I DownloadManager: Initiating request for download 3591
07-05 13:12:52.856   545   548 D dalvikvm: GC_CONCURRENT freed 165K, 9% free 10691K/11719K, paused 2ms+2ms
07-05 13:12:52.961   545   548 D dalvikvm: GC_CONCURRENT freed 399K, 9% free 10737K/11719K, paused 2ms+2ms
07-05 13:12:53.176   545   548 D dalvikvm: GC_CONCURRENT freed 736K, 11% free 10459K/11719K, paused 1ms+2ms
07-05 13:12:53.348   545   548 D dalvikvm: GC_CONCURRENT freed 416K, 11% free 10438K/11719K, paused 2ms+2ms
07-05 13:12:53.488   545 30328 I DownloadManager: Initiating request for download 3592
07-05 13:12:53.571   545   548 D dalvikvm: GC_CONCURRENT freed 302K, 10% free 10580K/11719K, paused 2ms+3ms
07-05 13:12:53.668   545   548 D dalvikvm: GC_CONCURRENT freed 290K, 9% free 10772K/11719K, paused 2ms+3ms
07-05 13:12:53.817   545   548 D dalvikvm: GC_CONCURRENT freed 741K, 11% free 10502K/11719K, paused 2ms+2ms
07-05 13:12:53.895  1370 30330 E DictionaryProvider:UpdateHandler: Can't read a file : android.util.MalformedJsonException: Use JsonReader.setLenient(true) to accept malformed JSON at line 1 column 20
07-05 13:12:54.059   545   548 D dalvikvm: GC_CONCURRENT freed 437K, 11% free 10460K/11719K, paused 2ms+2ms
07-05 13:12:54.250   545   548 D dalvikvm: GC_CONCURRENT freed 420K, 11% free 10435K/11719K, paused 2ms+2ms
07-05 13:12:54.301   545 30333 I DownloadManager: Initiating request for download 3592
07-05 13:12:54.387   545   548 D dalvikvm: GC_CONCURRENT freed 220K, 9% free 10674K/11719K, paused 2ms+3ms
07-05 13:12:54.492   545   548 D dalvikvm: GC_CONCURRENT freed 308K, 8% free 10839K/11719K, paused 2ms+3ms
07-05 13:12:54.699   545   548 D dalvikvm: GC_CONCURRENT freed 828K, 11% free 10492K/11719K, paused 1ms+3ms
07-05 13:12:54.879   545   548 D dalvikvm: GC_CONCURRENT freed 399K, 11% free 10481K/11719K, paused 2ms+3ms
07-05 13:12:55.047   545 30336 I DownloadManager: Initiating request for download 3593
07-05 13:12:55.106   545 30308 D dalvikvm: GC_EXPLICIT freed 361K, 10% free 10631K/11719K, paused 3ms+5ms
07-05 13:12:55.203   545   548 D dalvikvm: GC_CONCURRENT freed 314K, 8% free 10802K/11719K, paused 2ms+3ms
07-05 13:12:55.391   545   548 D dalvikvm: GC_CONCURRENT freed 781K, 11% free 10505K/11719K, paused 2ms+3ms
07-05 13:12:55.469  1370 30338 E DictionaryProvider:UpdateHandler: Can't read a file : android.util.MalformedJsonException: Use JsonReader.setLenient(true) to accept malformed JSON at line 1 column 20
07-05 13:12:55.481  1370  1372 D dalvikvm: GC_CONCURRENT freed 434K, 7% free 9132K/9735K, paused 2ms+2ms
07-05 13:12:55.649   545   548 D dalvikvm: GC_CONCURRENT freed 442K, 11% free 10458K/11719K, paused 2ms+2ms
07-05 13:12:55.836   545   548 D dalvikvm: GC_CONCURRENT freed 419K, 11% free 10442K/11719K, paused 2ms+3ms
07-05 13:12:55.860   545 30341 I DownloadManager: Initiating request for download 3593
07-05 13:12:55.969   545   548 D dalvikvm: GC_CONCURRENT freed 194K, 9% free 10705K/11719K, paused 2ms+3ms
07-05 13:12:56.074   545   548 D dalvikvm: GC_CONCURRENT freed 431K, 9% free 10740K/11719K, paused 2ms+2ms
07-05 13:12:56.289   545   548 D dalvikvm: GC_CONCURRENT freed 733K, 11% free 10462K/11719K, paused 2ms+2ms
07-05 13:12:56.469   545   548 D dalvikvm: GC_CONCURRENT freed 416K, 11% free 10441K/11719K, paused 2ms+3ms
07-05 13:12:56.606   545 30344 I DownloadManager: Initiating request for download 3594
07-05 13:12:56.692   545   548 D dalvikvm: GC_CONCURRENT freed 262K, 10% free 10615K/11719K, paused 2ms+2ms
07-05 13:12:56.793   545   548 D dalvikvm: GC_CONCURRENT freed 314K, 8% free 10786K/11719K, paused 2ms+3ms
07-05 13:12:56.949   545   548 D dalvikvm: GC_CONCURRENT freed 756K, 11% free 10504K/11719K, paused 2ms+2ms
07-05 13:12:57.098   156   514 D dalvikvm: GC_EXPLICIT freed 493K, 13% free 14085K/16007K, paused 3ms+5ms
07-05 13:12:57.102  1370 30346 E DictionaryProvider:UpdateHandler: Can't read a file : android.util.MalformedJsonException: Use JsonReader.setLenient(true) to accept malformed JSON at line 1 column 20
07-05 13:12:57.258   545   548 D dalvikvm: GC_CONCURRENT freed 436K, 11% free 10463K/11719K, paused 1ms+2ms
07-05 13:12:57.457   545   548 D dalvikvm: GC_CONCURRENT freed 436K, 12% free 10423K/11719K, paused 2ms+2ms
07-05 13:12:57.504   545 30349 I DownloadManager: Initiating request for download 3594
07-05 13:12:57.637   545   548 D dalvikvm: GC_CONCURRENT freed 219K, 9% free 10671K/11719K, paused 2ms+3ms
07-05 13:12:57.727   545   548 D dalvikvm: GC_CONCURRENT freed 320K, 8% free 10829K/11719K, paused 2ms+2ms
07-05 13:12:57.957   545   548 D dalvikvm: GC_CONCURRENT freed 864K, 11% free 10448K/11719K, paused 2ms+2ms
07-05 13:12:58.160   545   548 D dalvikvm: GC_CONCURRENT freed 414K, 12% free 10429K/11719K, paused 2ms+2ms
07-05 13:12:58.285   545 30352 I DownloadManager: Initiating request for download 3595
07-05 13:12:58.367   545   548 D dalvikvm: GC_CONCURRENT freed 266K, 10% free 10608K/11719K, paused 2ms+3ms
07-05 13:12:58.465   545   548 D dalvikvm: GC_CONCURRENT freed 315K, 8% free 10784K/11719K, paused 2ms+3ms
07-05 13:12:58.625   545   548 D dalvikvm: GC_CONCURRENT freed 767K, 11% free 10490K/11719K, paused 2ms+2ms
07-05 13:12:58.715  1370 30354 E DictionaryProvider:UpdateHandler: Can't read a file : android.util.MalformedJsonException: Use JsonReader.setLenient(true) to accept malformed JSON at line 1 column 20
07-05 13:12:58.867   545   548 D dalvikvm: GC_CONCURRENT freed 428K, 11% free 10458K/11719K, paused 2ms+2ms
07-05 13:12:59.055   545   548 D dalvikvm: GC_CONCURRENT freed 424K, 12% free 10426K/11719K, paused 2ms+2ms
07-05 13:12:59.098   545 30357 I DownloadManager: Initiating request for download 3595
07-05 13:12:59.188   545   548 D dalvikvm: GC_CONCURRENT freed 177K, 9% free 10667K/11719K, paused 2ms+3ms
07-05 13:12:59.293   545   548 D dalvikvm: GC_CONCURRENT freed 329K, 8% free 10832K/11719K, paused 2ms+4ms
07-05 13:12:59.520   545   548 D dalvikvm: GC_CONCURRENT freed 867K, 11% free 10453K/11719K, paused 2ms+2ms
07-05 13:12:59.692   545   548 D dalvikvm: GC_CONCURRENT freed 415K, 11% free 10433K/11719K, paused 1ms+3ms
07-05 13:12:59.824   545 30360 I DownloadManager: Initiating request for download 3596
07-05 13:12:59.910   545   548 D dalvikvm: GC_CONCURRENT freed 284K, 10% free 10609K/11719K, paused 2ms+3ms
07-05 13:13:00.035   545   548 D dalvikvm: GC_CONCURRENT freed 312K, 8% free 10786K/11719K, paused 2ms+3ms
07-05 13:13:00.199   545   548 D dalvikvm: GC_CONCURRENT freed 768K, 11% free 10495K/11719K, paused 2ms+2ms
07-05 13:13:00.387   545   548 D dalvikvm: GC_CONCURRENT freed 442K, 11% free 10448K/11719K, paused 2ms+2ms
07-05 13:13:00.567   545   548 D dalvikvm: GC_CONCURRENT freed 413K, 12% free 10430K/11719K, paused 1ms+2ms
07-05 13:13:01.352  1370 30362 E DictionaryProvider:UpdateHandler: Can't read a file : android.util.MalformedJsonException: Use JsonReader.setLenient(true) to accept malformed JSON at line 1 column 20
07-05 13:13:01.500   545   548 D dalvikvm: GC_CONCURRENT freed 358K, 11% free 10467K/11719K, paused 2ms+2ms
07-05 13:13:01.688   545   548 D dalvikvm: GC_CONCURRENT freed 419K, 11% free 10443K/11719K, paused 2ms+3ms
07-05 13:13:02.059   545   548 D dalvikvm: GC_CONCURRENT freed 364K, 11% free 10467K/11719K, paused 13ms+2ms
07-05 13:13:02.293   545   548 D dalvikvm: GC_CONCURRENT freed 413K, 11% free 10449K/11719K, paused 1ms+2ms
07-05 13:13:02.488   545   548 D dalvikvm: GC_CONCURRENT freed 408K, 11% free 10436K/11719K, paused 1ms+2ms
07-05 13:13:02.660   545 30365 I DownloadManager: Initiating request for download 3597
07-05 13:13:02.746   545   548 D dalvikvm: GC_CONCURRENT freed 273K, 10% free 10610K/11719K, paused 2ms+3ms
07-05 13:13:02.848   545   548 D dalvikvm: GC_CONCURRENT freed 288K, 9% free 10773K/11719K, paused 2ms+2ms
07-05 13:13:02.992   545   548 D dalvikvm: GC_CONCURRENT freed 736K, 11% free 10499K/11719K, paused 2ms+2ms
07-05 13:13:03.094  1370 30367 E DictionaryProvider:UpdateHandler: Can't read a file : android.util.MalformedJsonException: Use JsonReader.setLenient(true) to accept malformed JSON at line 1 column 20
07-05 13:13:03.129  1370  1372 D dalvikvm: GC_CONCURRENT freed 391K, 7% free 9132K/9735K, paused 1ms+3ms
07-05 13:13:03.254   545   548 D dalvikvm: GC_CONCURRENT freed 436K, 11% free 10459K/11719K, paused 2ms+3ms
07-05 13:13:03.434   545   548 D dalvikvm: GC_CONCURRENT freed 419K, 11% free 10434K/11719K, paused 1ms+3ms
07-05 13:13:03.488   545 30370 I DownloadManager: Initiating request for download 3597
07-05 13:13:03.582   545   548 D dalvikvm: GC_CONCURRENT freed 224K, 10% free 10664K/11719K, paused 2ms+3ms
07-05 13:13:03.688   545   548 D dalvikvm: GC_CONCURRENT freed 332K, 8% free 10839K/11719K, paused 2ms+3ms
07-05 13:13:03.906   545   548 D dalvikvm: GC_CONCURRENT freed 871K, 11% free 10460K/11719K, paused 2ms+2ms
07-05 13:13:04.086   545   548 D dalvikvm: GC_CONCURRENT freed 416K, 11% free 10440K/11719K, paused 2ms+2ms
07-05 13:13:04.223   545 30373 I DownloadManager: Initiating request for download 3598
07-05 13:13:04.309   545   548 D dalvikvm: GC_CONCURRENT freed 293K, 10% free 10603K/11719K, paused 3ms+3ms
07-05 13:13:04.406   545   548 D dalvikvm: GC_CONCURRENT freed 308K, 8% free 10783K/11719K, paused 2ms+3ms
07-05 13:13:04.567   545   548 D dalvikvm: GC_CONCURRENT freed 759K, 11% free 10502K/11719K, paused 1ms+3ms
07-05 13:13:04.637  1370 30375 E DictionaryProvider:UpdateHandler: Can't read a file : android.util.MalformedJsonException: Use JsonReader.setLenient(true) to accept malformed JSON at line 1 column 20
07-05 13:13:04.809   545   548 D dalvikvm: GC_CONCURRENT freed 438K, 11% free 10459K/11719K, paused 1ms+2ms
07-05 13:13:04.981   545   548 D dalvikvm: GC_CONCURRENT freed 410K, 11% free 10436K/11719K, paused 2ms+2ms
07-05 13:13:05.028   545 30378 I DownloadManager: Initiating request for download 3598
07-05 13:13:05.129   545   548 D dalvikvm: GC_CONCURRENT freed 210K, 9% free 10675K/11719K, paused 2ms+2ms
07-05 13:13:05.235   545   548 D dalvikvm: GC_CONCURRENT freed 336K, 8% free 10841K/11719K, paused 2ms+3ms
07-05 13:13:05.457   545   548 D dalvikvm: GC_CONCURRENT freed 869K, 11% free 10462K/11719K, paused 2ms+2ms
07-05 13:13:05.637   545   548 D dalvikvm: GC_CONCURRENT freed 416K, 11% free 10441K/11719K, paused 2ms+3ms
07-05 13:13:05.778   545 30381 I DownloadManager: Initiating request for download 3599
07-05 13:13:05.863   545   548 D dalvikvm: GC_CONCURRENT freed 281K, 10% free 10618K/11719K, paused 2ms+3ms
07-05 13:13:05.965   545   548 D dalvikvm: GC_CONCURRENT freed 317K, 8% free 10793K/11719K, paused 2ms+3ms
07-05 13:13:06.121   545   548 D dalvikvm: GC_CONCURRENT freed 770K, 11% free 10503K/11719K, paused 2ms+2ms
07-05 13:13:06.199  1370 30383 E DictionaryProvider:UpdateHandler: Can't read a file : android.util.MalformedJsonException: Use JsonReader.setLenient(true) to accept malformed JSON at line 1 column 20
07-05 13:13:06.356   545   548 D dalvikvm: GC_CONCURRENT freed 438K, 11% free 10461K/11719K, paused 2ms+2ms
07-05 13:13:06.539   545   548 D dalvikvm: GC_CONCURRENT freed 420K, 11% free 10436K/11719K, paused 1ms+3ms
07-05 13:13:06.578   545 30386 I DownloadManager: Initiating request for download 3599
07-05 13:13:06.668   545   548 D dalvikvm: GC_CONCURRENT freed 203K, 9% free 10691K/11719K, paused 2ms+3ms
07-05 13:13:06.778   545   548 D dalvikvm: GC_CONCURRENT freed 401K, 9% free 10744K/11719K, paused 1ms+3ms
07-05 13:13:06.992   545   548 D dalvikvm: GC_CONCURRENT freed 729K, 11% free 10465K/11719K, paused 2ms+3ms
07-05 13:13:07.180   545   548 D dalvikvm: GC_CONCURRENT freed 409K, 11% free 10449K/11719K, paused 2ms+2ms
07-05 13:13:08.008   545 30389 I DownloadManager: Initiating request for download 3600
07-05 13:13:08.067   545   548 D dalvikvm: GC_CONCURRENT freed 341K, 11% free 10515K/11719K, paused 2ms+2ms
07-05 13:13:08.172   545   548 D dalvikvm: GC_CONCURRENT freed 226K, 9% free 10748K/11719K, paused 2ms+3ms
07-05 13:13:08.293   545   548 D dalvikvm: GC_CONCURRENT freed 481K, 9% free 10745K/11719K, paused 2ms+3ms
07-05 13:13:08.465  1370 30391 E DictionaryProvider:UpdateHandler: Can't read a file : android.util.MalformedJsonException: Use JsonReader.setLenient(true) to accept malformed JSON at line 1 column 20
07-05 13:13:08.555   545   548 D dalvikvm: GC_CONCURRENT freed 730K, 11% free 10470K/11719K, paused 2ms+2ms
07-05 13:13:08.731   545   548 D dalvikvm: GC_CONCURRENT freed 420K, 11% free 10441K/11719K, paused 2ms+2ms
07-05 13:13:08.805   545 30394 I DownloadManager: Initiating request for download 3600
07-05 13:13:08.899   545   548 D dalvikvm: GC_CONCURRENT freed 225K, 9% free 10730K/11719K, paused 2ms+2ms
07-05 13:13:09.008   545   548 D dalvikvm: GC_CONCURRENT freed 387K, 8% free 10854K/11719K, paused 2ms+2ms
07-05 13:13:09.219   545   548 D dalvikvm: GC_CONCURRENT freed 880K, 11% free 10469K/11719K, paused 2ms+3ms
07-05 13:13:09.418   545   548 D dalvikvm: GC_CONCURRENT freed 411K, 11% free 10452K/11719K, paused 2ms+3ms
07-05 13:13:09.586   545 30397 I DownloadManager: Initiating request for download 3601
07-05 13:13:09.692   545   548 D dalvikvm: GC_CONCURRENT freed 282K, 10% free 10629K/11719K, paused 2ms+3ms
07-05 13:13:09.793   545   548 D dalvikvm: GC_CONCURRENT freed 318K, 8% free 10808K/11719K, paused 2ms+3ms
07-05 13:13:09.961   545   548 D dalvikvm: GC_CONCURRENT freed 785K, 11% free 10508K/11719K, paused 2ms+2ms
07-05 13:13:10.043  1370 30399 E DictionaryProvider:UpdateHandler: Can't read a file : android.util.MalformedJsonException: Use JsonReader.setLenient(true) to accept malformed JSON at line 1 column 20
07-05 13:13:10.074  1370  1372 D dalvikvm: GC_CONCURRENT freed 392K, 7% free 9128K/9735K, paused 1ms+2ms
07-05 13:13:10.219   545   548 D dalvikvm: GC_CONCURRENT freed 437K, 11% free 10466K/11719K, paused 2ms+3ms
07-05 13:13:10.403   545   548 D dalvikvm: GC_CONCURRENT freed 419K, 11% free 10442K/11719K, paused 2ms+2ms
07-05 13:13:10.446   545 30402 I DownloadManager: Initiating request for download 3601
07-05 13:13:10.551   545   548 D dalvikvm: GC_CONCURRENT freed 194K, 9% free 10707K/11719K, paused 2ms+3ms
07-05 13:13:10.653   545   548 D dalvikvm: GC_CONCURRENT freed 340K, 8% free 10852K/11719K, paused 2ms+2ms
07-05 13:13:10.883   545   548 D dalvikvm: GC_CONCURRENT freed 871K, 11% free 10467K/11719K, paused 1ms+2ms
07-05 13:13:11.063   545   548 D dalvikvm: GC_CONCURRENT freed 406K, 11% free 10453K/11719K, paused 2ms+3ms
07-05 13:13:11.184   545 30405 I DownloadManager: Initiating request for download 3602
07-05 13:13:11.274   545   548 D dalvikvm: GC_CONCURRENT freed 275K, 9% free 10713K/11719K, paused 3ms+3ms
07-05 13:13:11.379   545   548 D dalvikvm: GC_CONCURRENT freed 385K, 8% free 10854K/11719K, paused 2ms+3ms
07-05 13:13:11.613   545   548 D dalvikvm: GC_CONCURRENT freed 875K, 11% free 10474K/11719K, paused 1ms+2ms
07-05 13:13:11.617  1370 30407 D dalvikvm: GC_EXPLICIT freed 103K, 7% free 9094K/9735K, paused 2ms+8ms
07-05 13:13:11.637  1370 30407 E DictionaryProvider:UpdateHandler: Can't read a file : android.util.MalformedJsonException: Use JsonReader.setLenient(true) to accept malformed JSON at line 1 column 20
07-05 13:13:11.828   545   548 D dalvikvm: GC_CONCURRENT freed 408K, 11% free 10462K/11719K, paused 2ms+2ms
07-05 13:13:11.953   545 30410 I DownloadManager: Initiating request for download 3602
07-05 13:13:12.047   545   548 D dalvikvm: GC_CONCURRENT freed 342K, 11% free 10520K/11719K, paused 2ms+3ms
07-05 13:13:12.141   545   548 D dalvikvm: GC_CONCURRENT freed 249K, 9% free 10742K/11719K, paused 1ms+4ms
07-05 13:13:12.262   545   548 D dalvikvm: GC_CONCURRENT freed 468K, 9% free 10752K/11719K, paused 2ms+3ms
07-05 13:13:12.492   545   548 D dalvikvm: GC_CONCURRENT freed 748K, 11% free 10466K/11719K, paused 2ms+2ms
07-05 13:13:12.680   545   548 D dalvikvm: GC_CONCURRENT freed 412K, 11% free 10449K/11719K, paused 2ms+2ms
07-05 13:13:12.832   156   568 D dalvikvm: GC_EXPLICIT freed 504K, 13% free 14084K/16007K, paused 3ms+6ms
07-05 13:13:12.836   545 30413 I DownloadManager: Initiating request for download 3603
07-05 13:13:12.938   545   548 D dalvikvm: GC_CONCURRENT freed 223K, 9% free 10678K/11719K, paused 2ms+3ms
07-05 13:13:13.047   545   548 D dalvikvm: GC_CONCURRENT freed 349K, 8% free 10827K/11719K, paused 2ms+4ms
07-05 13:13:13.270  1370 30415 E DictionaryProvider:UpdateHandler: Can't read a file : android.util.MalformedJsonException: Use JsonReader.setLenient(true) to accept malformed JSON at line 1 column 20
07-05 13:13:13.293   545   548 D dalvikvm: GC_CONCURRENT freed 850K, 11% free 10486K/11719K, paused 1ms+2ms
07-05 13:13:13.492   545   548 D dalvikvm: GC_CONCURRENT freed 436K, 11% free 10454K/11719K, paused 2ms+3ms
07-05 13:13:13.617   545 30418 I DownloadManager: Initiating request for download 3603
07-05 13:13:13.692   545   548 D dalvikvm: GC_CONCURRENT freed 330K, 10% free 10588K/11719K, paused 1ms+2ms
07-05 13:13:13.793   545   548 D dalvikvm: GC_CONCURRENT freed 292K, 9% free 10779K/11719K, paused 2ms+4ms
07-05 13:13:13.942   545   548 D dalvikvm: GC_CONCURRENT freed 747K, 11% free 10501K/11719K, paused 2ms+3ms
07-05 13:13:14.145   545   548 D dalvikvm: GC_CONCURRENT freed 442K, 11% free 10455K/11719K, paused 2ms+3ms
07-05 13:13:14.336   545   548 D dalvikvm: GC_CONCURRENT freed 415K, 11% free 10434K/11719K, paused 2ms+2ms
07-05 13:13:14.418   545 30421 I DownloadManager: Initiating request for download 3604
07-05 13:13:14.508   545   548 D dalvikvm: GC_CONCURRENT freed 220K, 9% free 10675K/11719K, paused 2ms+3ms
07-05 13:13:14.613   545   548 D dalvikvm: GC_CONCURRENT freed 325K, 8% free 10849K/11719K, paused 2ms+2ms
07-05 13:13:14.785  1370 30423 E DictionaryProvider:UpdateHandler: Can't read a file : android.util.MalformedJsonException: Use JsonReader.setLenient(true) to accept malformed JSON at line 1 column 20
07-05 13:13:14.879   465   467 D dalvikvm: GC_CONCURRENT freed 155K, 6% free 10502K/11079K, paused 2ms+3ms
07-05 13:13:14.899   545   548 D dalvikvm: GC_CONCURRENT freed 873K, 11% free 10471K/11719K, paused 2ms+3ms
07-05 13:13:15.082   545   548 D dalvikvm: GC_CONCURRENT freed 420K, 11% free 10444K/11719K, paused 1ms+2ms
07-05 13:13:15.196   545 30426 I DownloadManager: Initiating request for download 3604
07-05 13:13:15.262   545   548 D dalvikvm: GC_CONCURRENT freed 314K, 10% free 10562K/11719K, paused 2ms+7ms
07-05 13:13:15.360   545   548 D dalvikvm: GC_CONCURRENT freed 258K, 9% free 10767K/11719K, paused 1ms+3ms
07-05 13:13:15.492   545   548 D dalvikvm: GC_CONCURRENT freed 729K, 11% free 10509K/11719K, paused 1ms+3ms
07-05 13:13:15.699   545   548 D dalvikvm: GC_CONCURRENT freed 442K, 11% free 10460K/11719K, paused 1ms+2ms
07-05 13:13:15.883   545   548 D dalvikvm: GC_CONCURRENT freed 415K, 11% free 10440K/11719K, paused 2ms+2ms
07-05 13:13:15.988   545 30429 I DownloadManager: Initiating request for download 3605
07-05 13:13:16.074   545   548 D dalvikvm: GC_CONCURRENT freed 228K, 10% free 10651K/11719K, paused 2ms+2ms
07-05 13:13:16.180   545   548 D dalvikvm: GC_CONCURRENT freed 324K, 8% free 10832K/11719K, paused 1ms+3ms
07-05 13:13:16.371   545   548 D dalvikvm: GC_CONCURRENT freed 851K, 11% free 10469K/11719K, paused 2ms+2ms
07-05 13:13:16.426  1370 30431 E DictionaryProvider:UpdateHandler: Can't read a file : android.util.MalformedJsonException: Use JsonReader.setLenient(true) to accept malformed JSON at line 1 column 20
07-05 13:13:16.598   545   548 D dalvikvm: GC_CONCURRENT freed 399K, 11% free 10460K/11719K, paused 1ms+3ms
07-05 13:13:16.758   545 30434 I DownloadManager: Initiating request for download 3605
07-05 13:13:16.797   545   548 D dalvikvm: GC_CONCURRENT freed 402K, 11% free 10464K/11719K, paused 2ms+3ms
07-05 13:13:16.906   545   548 D dalvikvm: GC_CONCURRENT freed 173K, 9% free 10717K/11719K, paused 2ms+2ms
07-05 13:13:17.016   545   548 D dalvikvm: GC_CONCURRENT freed 421K, 9% free 10751K/11719K, paused 2ms+3ms
07-05 13:13:17.238   545   548 D dalvikvm: GC_CONCURRENT freed 746K, 11% free 10465K/11719K, paused 2ms+3ms
07-05 13:13:17.430   545   548 D dalvikvm: GC_CONCURRENT freed 405K, 11% free 10448K/11719K, paused 2ms+2ms
07-05 13:13:17.567   545 30437 I DownloadManager: Initiating request for download 3606
07-05 13:13:17.649   545   548 D dalvikvm: GC_CONCURRENT freed 285K, 10% free 10607K/11719K, paused 2ms+3ms
07-05 13:13:17.750   545   548 D dalvikvm: GC_CONCURRENT freed 289K, 8% free 10796K/11719K, paused 2ms+3ms
07-05 13:13:17.887   545   548 D dalvikvm: GC_CONCURRENT freed 760K, 11% free 10513K/11719K, paused 2ms+2ms
07-05 13:13:17.988  1370 30439 E DictionaryProvider:UpdateHandler: Can't read a file : android.util.MalformedJsonException: Use JsonReader.setLenient(true) to accept malformed JSON at line 1 column 20
07-05 13:13:18.016  1370  1372 D dalvikvm: GC_CONCURRENT freed 369K, 7% free 9139K/9735K, paused 2ms+2ms
07-05 13:13:18.145   545   548 D dalvikvm: GC_CONCURRENT freed 440K, 11% free 10469K/11719K, paused 2ms+2ms
07-05 13:13:18.344   545   548 D dalvikvm: GC_CONCURRENT freed 419K, 11% free 10444K/11719K, paused 2ms+2ms
07-05 13:13:18.469   545 30442 D dalvikvm: GC_EXPLICIT freed 108K, 11% free 10495K/11719K, paused 2ms+8ms
07-05 13:13:18.473   545 30442 I DownloadManager: Initiating request for download 3606
07-05 13:13:18.582   545   548 D dalvikvm: GC_CONCURRENT freed 230K, 9% free 10741K/11719K, paused 2ms+4ms
07-05 13:13:18.707   545   548 D dalvikvm: GC_CONCURRENT freed 469K, 9% free 10750K/11719K, paused 2ms+2ms
07-05 13:13:18.930   545   548 D dalvikvm: GC_CONCURRENT freed 745K, 11% free 10465K/11719K, paused 2ms+3ms
07-05 13:13:19.113   545   548 D dalvikvm: GC_CONCURRENT freed 407K, 11% free 10447K/11719K, paused 2ms+3ms
07-05 13:13:19.254   545 30445 I DownloadManager: Initiating request for download 3607
07-05 13:13:19.352   545   548 D dalvikvm: GC_CONCURRENT freed 246K, 10% free 10655K/11719K, paused 1ms+2ms
07-05 13:13:19.461   545   548 D dalvikvm: GC_CONCURRENT freed 325K, 8% free 10838K/11719K, paused 2ms+4ms
07-05 13:13:19.649   545   548 D dalvikvm: GC_CONCURRENT freed 853K, 11% free 10475K/11719K, paused 2ms+3ms
07-05 13:13:19.696  1370 30447 E DictionaryProvider:UpdateHandler: Can't read a file : android.util.MalformedJsonException: Use JsonReader.setLenient(true) to accept malformed JSON at line 1 column 20
07-05 13:13:19.879   545   548 D dalvikvm: GC_CONCURRENT freed 394K, 11% free 10468K/11719K, paused 2ms+2ms
07-05 13:13:20.035   545 30450 I DownloadManager: Initiating request for download 3607
07-05 13:13:20.074   545   548 D dalvikvm: GC_CONCURRENT freed 415K, 11% free 10487K/11719K, paused 2ms+3ms
07-05 13:13:20.196   545   548 D dalvikvm: GC_CONCURRENT freed 220K, 9% free 10751K/11719K, paused 2ms+3ms
07-05 13:13:20.317   545   548 D dalvikvm: GC_CONCURRENT freed 461K, 9% free 10756K/11719K, paused 1ms+2ms
07-05 13:13:20.547   545   548 D dalvikvm: GC_CONCURRENT freed 751K, 11% free 10466K/11719K, paused 2ms+4ms
07-05 13:13:20.727   545   548 D dalvikvm: GC_CONCURRENT freed 413K, 11% free 10448K/11719K, paused 2ms+2ms
07-05 13:13:20.821   545 30453 I DownloadManager: Initiating request for download 3608
07-05 13:13:20.903   545   548 D dalvikvm: GC_CONCURRENT freed 233K, 10% free 10656K/11719K, paused 2ms+3ms
07-05 13:13:21.008   545   548 D dalvikvm: GC_CONCURRENT freed 323K, 8% free 10840K/11719K, paused 2ms+3ms
07-05 13:13:21.203   545   548 D dalvikvm: GC_CONCURRENT freed 853K, 11% free 10479K/11719K, paused 2ms+3ms
07-05 13:13:21.238  1370 30455 E DictionaryProvider:UpdateHandler: Can't read a file : android.util.MalformedJsonException: Use JsonReader.setLenient(true) to accept malformed JSON at line 1 column 20
07-05 13:13:21.430   545   548 D dalvikvm: GC_CONCURRENT freed 409K, 11% free 10465K/11719K, paused 2ms+3ms
07-05 13:13:21.598   545 30458 I DownloadManager: Initiating request for download 3608
07-05 13:13:21.606   545   548 D dalvikvm: GC_CONCURRENT freed 407K, 11% free 10485K/11719K, paused 2ms+3ms
07-05 13:13:21.727   545   548 D dalvikvm: GC_CONCURRENT freed 203K, 9% free 10741K/11719K, paused 2ms+3ms
07-05 13:13:21.848   545   548 D dalvikvm: GC_CONCURRENT freed 456K, 9% free 10767K/11719K, paused 2ms+2ms
07-05 13:13:22.063   545   548 D dalvikvm: GC_CONCURRENT freed 757K, 11% free 10471K/11719K, paused 2ms+2ms
07-05 13:13:22.246   545   548 D dalvikvm: GC_CONCURRENT freed 408K, 11% free 10461K/11719K, paused 2ms+2ms
07-05 13:13:22.356   545 30461 I DownloadManager: Initiating request for download 3609
07-05 13:13:22.438   545   548 D dalvikvm: GC_CONCURRENT freed 246K, 10% free 10651K/11719K, paused 2ms+3ms
07-05 13:13:22.551   545   548 D dalvikvm: GC_CONCURRENT freed 324K, 8% free 10844K/11719K, paused 2ms+3ms
07-05 13:13:22.738   545   548 D dalvikvm: GC_CONCURRENT freed 852K, 11% free 10484K/11719K, paused 2ms+2ms
07-05 13:13:22.774  1370 30463 E DictionaryProvider:UpdateHandler: Can't read a file : android.util.MalformedJsonException: Use JsonReader.setLenient(true) to accept malformed JSON at line 1 column 20
07-05 13:13:22.961   545   548 D dalvikvm: GC_CONCURRENT freed 403K, 11% free 10468K/11719K, paused 2ms+3ms
07-05 13:13:23.149   545   548 D dalvikvm: GC_CONCURRENT freed 405K, 11% free 10449K/11719K, paused 2ms+2ms
07-05 13:13:23.168   545 30466 I DownloadManager: Initiating request for download 3609
07-05 13:13:23.266   545   548 D dalvikvm: GC_CONCURRENT freed 199K, 9% free 10737K/11719K, paused 2ms+4ms
07-05 13:13:23.403   545   548 D dalvikvm: GC_CONCURRENT freed 451K, 9% free 10763K/11719K, paused 2ms+4ms
07-05 13:13:23.629   545   548 D dalvikvm: GC_CONCURRENT freed 754K, 11% free 10473K/11719K, paused 2ms+3ms
07-05 13:13:23.813   545   548 D dalvikvm: GC_CONCURRENT freed 415K, 11% free 10454K/11719K, paused 2ms+3ms
07-05 13:13:23.957   545 30469 I DownloadManager: Initiating request for download 3610
07-05 13:13:24.051   545   548 D dalvikvm: GC_CONCURRENT freed 264K, 10% free 10647K/11719K, paused 2ms+3ms
07-05 13:13:24.156   545   548 D dalvikvm: GC_CONCURRENT freed 323K, 8% free 10828K/11719K, paused 2ms+3ms
07-05 13:13:24.332   545   548 D dalvikvm: GC_CONCURRENT freed 799K, 11% free 10518K/11719K, paused 2ms+2ms
07-05 13:13:24.391  1370 30471 E DictionaryProvider:UpdateHandler: Can't read a file : android.util.MalformedJsonException: Use JsonReader.setLenient(true) to accept malformed JSON at line 1 column 20
07-05 13:13:24.438  1370  1372 D dalvikvm: GC_CONCURRENT freed 403K, 7% free 9127K/9735K, paused 2ms+2ms
07-05 13:13:24.586   545   548 D dalvikvm: GC_CONCURRENT freed 437K, 11% free 10477K/11719K, paused 2ms+3ms
07-05 13:13:24.781   545   548 D dalvikvm: GC_CONCURRENT freed 419K, 11% free 10451K/11719K, paused 1ms+2ms
07-05 13:13:24.809   545 30474 I DownloadManager: Initiating request for download 3610
07-05 13:13:24.903   545   548 D dalvikvm: GC_CONCURRENT freed 177K, 9% free 10717K/11719K, paused 2ms+3ms
07-05 13:13:25.008   545   548 D dalvikvm: GC_CONCURRENT freed 408K, 9% free 10767K/11719K, paused 2ms+3ms
07-05 13:13:25.227   545   548 D dalvikvm: GC_CONCURRENT freed 741K, 11% free 10495K/11719K, paused 1ms+2ms
07-05 13:13:25.406   545   548 D dalvikvm: GC_CONCURRENT freed 428K, 11% free 10463K/11719K, paused 2ms+2ms
07-05 13:13:25.571   545 30477 I DownloadManager: Initiating request for download 3611
07-05 13:13:25.633   545   548 D dalvikvm: GC_CONCURRENT freed 324K, 11% free 10533K/11719K, paused 2ms+3ms
07-05 13:13:25.738   545   548 D dalvikvm: GC_CONCURRENT freed 225K, 9% free 10767K/11719K, paused 2ms+3ms
07-05 13:13:25.863   545   548 D dalvikvm: GC_CONCURRENT freed 487K, 9% free 10767K/11719K, paused 2ms+3ms
07-05 13:13:26.082   156   514 D dalvikvm: GC_EXPLICIT freed 495K, 13% free 14083K/16007K, paused 3ms+6ms
07-05 13:13:26.086  1370 30479 E DictionaryProvider:UpdateHandler: Can't read a file : android.util.MalformedJsonException: Use JsonReader.setLenient(true) to accept malformed JSON at line 1 column 20
07-05 13:13:26.203   545   548 D dalvikvm: GC_CONCURRENT freed 748K, 11% free 10483K/11719K, paused 2ms+3ms
07-05 13:13:26.387   545   548 D dalvikvm: GC_CONCURRENT freed 435K, 11% free 10442K/11719K, paused 2ms+2ms
07-05 13:13:26.457   545 30482 I DownloadManager: Initiating request for download 3611
07-05 13:13:26.539   545   548 D dalvikvm: GC_CONCURRENT freed 237K, 10% free 10658K/11719K, paused 1ms+3ms
07-05 13:13:26.645   545   548 D dalvikvm: GC_CONCURRENT freed 324K, 8% free 10843K/11719K, paused 2ms+3ms
07-05 13:13:26.852   545   548 D dalvikvm: GC_CONCURRENT freed 854K, 11% free 10480K/11719K, paused 1ms+2ms
07-05 13:13:27.024   545   548 D dalvikvm: GC_CONCURRENT freed 423K, 11% free 10453K/11719K, paused 2ms+2ms
07-05 13:13:27.176   545 30485 I DownloadManager: Initiating request for download 3612
07-05 13:13:27.227   545   548 D dalvikvm: GC_CONCURRENT freed 368K, 11% free 10518K/11719K, paused 2ms+4ms
07-05 13:13:27.348   545   548 D dalvikvm: GC_CONCURRENT freed 226K, 9% free 10752K/11719K, paused 2ms+3ms
07-05 13:13:27.477   545   548 D dalvikvm: GC_CONCURRENT freed 480K, 9% free 10754K/11719K, paused 2ms+2ms
07-05 13:13:27.606  1370 30487 E DictionaryProvider:UpdateHandler: Can't read a file : android.util.MalformedJsonException: Use JsonReader.setLenient(true) to accept malformed JSON at line 1 column 20
07-05 13:13:27.735   545   548 D dalvikvm: GC_CONCURRENT freed 744K, 11% free 10471K/11719K, paused 2ms+2ms
07-05 13:13:27.906   545   548 D dalvikvm: GC_CONCURRENT freed 417K, 11% free 10448K/11719K, paused 2ms+2ms
07-05 13:13:27.981   545 30490 I DownloadManager: Initiating request for download 3612
07-05 13:13:28.059   545   548 D dalvikvm: GC_CONCURRENT freed 250K, 10% free 10657K/11719K, paused 2ms+3ms
07-05 13:13:28.168   545   548 D dalvikvm: GC_CONCURRENT freed 324K, 8% free 10841K/11719K, paused 1ms+2ms
07-05 13:13:28.344   545   548 D dalvikvm: GC_CONCURRENT freed 825K, 11% free 10506K/11719K, paused 1ms+2ms
07-05 13:13:28.524   545   548 D dalvikvm: GC_CONCURRENT freed 410K, 11% free 10491K/11719K, paused 2ms+3ms
07-05 13:13:29.813   545 30492 I DownloadManager: Initiating request for download 3613
07-05 13:13:29.879   545   548 D dalvikvm: GC_CONCURRENT freed 416K, 11% free 10498K/11719K, paused 2ms+3ms
07-05 13:13:29.985   545   548 D dalvikvm: GC_CONCURRENT freed 214K, 9% free 10745K/11719K, paused 1ms+2ms
07-05 13:13:30.113   545   548 D dalvikvm: GC_CONCURRENT freed 460K, 9% free 10768K/11719K, paused 2ms+2ms
07-05 13:13:30.289  1370 30495 E DictionaryProvider:UpdateHandler: Can't read a file : android.util.MalformedJsonException: Use JsonReader.setLenient(true) to accept malformed JSON at line 1 column 20
07-05 13:13:30.379   545   548 D dalvikvm: GC_CONCURRENT freed 754K, 11% free 10480K/11719K, paused 2ms+2ms
07-05 13:13:30.559   545   548 D dalvikvm: GC_CONCURRENT freed 426K, 11% free 10450K/11719K, paused 2ms+2ms
07-05 13:13:30.641   545 30498 I DownloadManager: Initiating request for download 3613
07-05 13:13:30.735   545   548 D dalvikvm: GC_CONCURRENT freed 257K, 10% free 10653K/11719K, paused 2ms+3ms
07-05 13:13:30.836   545   548 D dalvikvm: GC_CONCURRENT freed 317K, 8% free 10833K/11719K, paused 2ms+3ms
07-05 13:13:31.004   545   548 D dalvikvm: GC_CONCURRENT freed 809K, 11% free 10510K/11719K, paused 1ms+2ms
07-05 13:13:31.203   545   548 D dalvikvm: GC_CONCURRENT freed 435K, 11% free 10465K/11719K, paused 1ms+2ms
07-05 13:13:31.379   545   548 D dalvikvm: GC_CONCURRENT freed 404K, 11% free 10450K/11719K, paused 1ms+2ms
07-05 13:13:31.422   545 30501 I DownloadManager: Initiating request for download 3614
07-05 13:13:31.524   545   548 D dalvikvm: GC_CONCURRENT freed 194K, 9% free 10733K/11719K, paused 2ms+3ms
07-05 13:13:31.633   545   548 D dalvikvm: GC_CONCURRENT freed 446K, 9% free 10762K/11719K, paused 2ms+2ms
07-05 13:13:31.805  1370 30503 E DictionaryProvider:UpdateHandler: Can't read a file : android.util.MalformedJsonException: Use JsonReader.setLenient(true) to accept malformed JSON at line 1 column 20
07-05 13:13:31.863  1370  1372 D dalvikvm: GC_CONCURRENT freed 384K, 7% free 9134K/9735K, paused 2ms+4ms
07-05 13:13:31.906   545   548 D dalvikvm: GC_CONCURRENT freed 744K, 11% free 10486K/11719K, paused 2ms+2ms
07-05 13:13:32.086   545   548 D dalvikvm: GC_CONCURRENT freed 425K, 11% free 10455K/11719K, paused 1ms+2ms
07-05 13:13:32.199   545 30506 I DownloadManager: Initiating request for download 3614
07-05 13:13:32.281   545   548 D dalvikvm: GC_CONCURRENT freed 284K, 10% free 10630K/11719K, paused 1ms+3ms
07-05 13:13:32.383   545   548 D dalvikvm: GC_CONCURRENT freed 317K, 8% free 10811K/11719K, paused 2ms+3ms
07-05 13:13:32.543   545   548 D dalvikvm: GC_CONCURRENT freed 767K, 11% free 10518K/11719K, paused 2ms+3ms
07-05 13:13:32.742   545   548 D dalvikvm: GC_CONCURRENT freed 444K, 11% free 10470K/11719K, paused 1ms+3ms
07-05 13:13:32.930   545   548 D dalvikvm: GC_CONCURRENT freed 405K, 11% free 10453K/11719K, paused 2ms+2ms
07-05 13:13:33.000   545 30509 I DownloadManager: Initiating request for download 3615
07-05 13:13:33.102   545   548 D dalvikvm: GC_CONCURRENT freed 197K, 9% free 10704K/11719K, paused 2ms+2ms
07-05 13:13:33.207   545   548 D dalvikvm: GC_CONCURRENT freed 308K, 8% free 10898K/11719K, paused 1ms+2ms
07-05 13:13:33.387  1370 30511 E DictionaryProvider:UpdateHandler: Can't read a file : android.util.MalformedJsonException: Use JsonReader.setLenient(true) to accept malformed JSON at line 1 column 20
07-05 13:13:33.477   545   548 D dalvikvm: GC_CONCURRENT freed 915K, 11% free 10499K/11719K, paused 1ms+2ms
07-05 13:13:33.668   545   548 D dalvikvm: GC_CONCURRENT freed 433K, 11% free 10460K/11719K, paused 2ms+2ms
07-05 13:13:33.785   545 30514 I DownloadManager: Initiating request for download 3615
07-05 13:13:33.856   545   548 D dalvikvm: GC_CONCURRENT freed 318K, 10% free 10630K/11719K, paused 2ms+3ms
07-05 13:13:33.961   545   548 D dalvikvm: GC_CONCURRENT freed 316K, 8% free 10813K/11719K, paused 1ms+3ms
07-05 13:13:34.117   545   548 D dalvikvm: GC_CONCURRENT freed 781K, 11% free 10520K/11719K, paused 2ms+2ms
07-05 13:13:34.324   545   548 D dalvikvm: GC_CONCURRENT freed 444K, 11% free 10471K/11719K, paused 2ms+2ms
07-05 13:13:34.508   545   548 D dalvikvm: GC_CONCURRENT freed 414K, 11% free 10452K/11719K, paused 2ms+3ms
07-05 13:13:34.598   545 30517 I DownloadManager: Initiating request for download 3616
07-05 13:13:34.696   545   548 D dalvikvm: GC_CONCURRENT freed 205K, 9% free 10706K/11719K, paused 2ms+3ms
07-05 13:13:34.809   545   548 D dalvikvm: GC_CONCURRENT freed 324K, 8% free 10878K/11719K, paused 2ms+2ms
07-05 13:13:35.008  1370 30519 E DictionaryProvider:UpdateHandler: Can't read a file : android.util.MalformedJsonException: Use JsonReader.setLenient(true) to accept malformed JSON at line 1 column 20
07-05 13:13:35.047   545   548 D dalvikvm: GC_CONCURRENT freed 893K, 11% free 10494K/11719K, paused 2ms+2ms
07-05 13:13:35.231   545   548 D dalvikvm: GC_CONCURRENT freed 424K, 11% free 10462K/11719K, paused 2ms+2ms
07-05 13:13:35.352   545 30522 I DownloadManager: Initiating request for download 3616
07-05 13:13:35.438   545   548 D dalvikvm: GC_CONCURRENT freed 312K, 10% free 10606K/11719K, paused 2ms+3ms
07-05 13:13:35.535   545   548 D dalvikvm: GC_CONCURRENT freed 295K, 8% free 10800K/11719K, paused 2ms+3ms
07-05 13:13:35.680   545   548 D dalvikvm: GC_CONCURRENT freed 744K, 11% free 10535K/11719K, paused 1ms+3ms
07-05 13:13:35.891   545   548 D dalvikvm: GC_CONCURRENT freed 455K, 11% free 10476K/11719K, paused 1ms+3ms
07-05 13:13:36.078   545   548 D dalvikvm: GC_CONCURRENT freed 412K, 11% free 10457K/11719K, paused 2ms+2ms
07-05 13:13:36.176   545 30525 I DownloadManager: Initiating request for download 3617
07-05 13:13:36.278   545   548 D dalvikvm: GC_CONCURRENT freed 234K, 9% free 10695K/11719K, paused 2ms+3ms
07-05 13:13:36.383   545   548 D dalvikvm: GC_CONCURRENT freed 329K, 8% free 10875K/11719K, paused 2ms+3ms
07-05 13:13:36.594   545   548 D dalvikvm: GC_CONCURRENT freed 892K, 11% free 10485K/11719K, paused 2ms+3ms
07-05 13:13:36.645  1370 30527 E DictionaryProvider:UpdateHandler: Can't read a file : android.util.MalformedJsonException: Use JsonReader.setLenient(true) to accept malformed JSON at line 1 column 20
07-05 13:13:36.824   545   548 D dalvikvm: GC_CONCURRENT freed 398K, 11% free 10476K/11719K, paused 2ms+2ms
07-05 13:13:36.946   545 30530 I DownloadManager: Initiating request for download 3617
07-05 13:13:37.000   545   548 D dalvikvm: GC_CONCURRENT freed 356K, 11% free 10532K/11719K, paused 1ms+3ms
07-05 13:13:37.102   545   548 D dalvikvm: GC_CONCURRENT freed 221K, 9% free 10769K/11719K, paused 2ms+3ms
07-05 13:13:37.227   545   548 D dalvikvm: GC_CONCURRENT freed 479K, 9% free 10779K/11719K, paused 2ms+3ms
07-05 13:13:37.465   545   548 D dalvikvm: GC_CONCURRENT freed 769K, 11% free 10480K/11719K, paused 2ms+3ms
07-05 13:13:37.645   545   548 D dalvikvm: GC_CONCURRENT freed 413K, 11% free 10462K/11719K, paused 2ms+2ms
07-05 13:13:37.746   545 30533 I DownloadManager: Initiating request for download 3618
07-05 13:13:37.840   545   548 D dalvikvm: GC_CONCURRENT freed 237K, 9% free 10683K/11719K, paused 2ms+3ms
07-05 13:13:37.946   545   548 D dalvikvm: GC_CONCURRENT freed 332K, 8% free 10867K/11719K, paused 2ms+3ms
07-05 13:13:38.149   545   548 D dalvikvm: GC_CONCURRENT freed 851K, 11% free 10523K/11719K, paused 2ms+3ms
07-05 13:13:38.328   545   548 D dalvikvm: GC_CONCURRENT freed 419K, 11% free 10499K/11719K, paused 2ms+2ms
07-05 13:13:38.567   545   548 D dalvikvm: GC_CONCURRENT freed 367K, 11% free 10529K/11719K, paused 2ms+3ms
07-05 13:13:38.781  1370 30535 E DictionaryProvider:UpdateHandler: Can't read a file : android.util.MalformedJsonException: Use JsonReader.setLenient(true) to accept malformed JSON at line 1 column 20
07-05 13:13:38.785   545   548 D dalvikvm: GC_CONCURRENT freed 431K, 11% free 10500K/11719K, paused 2ms+3ms
07-05 13:13:38.832  1370  1372 D dalvikvm: GC_CONCURRENT freed 394K, 7% free 9131K/9735K, paused 1ms+7ms
07-05 13:13:39.016   545   548 D dalvikvm: GC_CONCURRENT freed 418K, 11% free 10472K/11719K, paused 2ms+3ms
07-05 13:13:39.113   545 30538 I DownloadManager: Initiating request for download 3618
07-05 13:13:39.117   545 30538 W DownloadManager: Aborting request for download 3618: Trying to resume a download that can't be resumed
07-05 13:13:39.321   545   548 D dalvikvm: GC_CONCURRENT freed 366K, 11% free 10499K/11719K, paused 2ms+2ms
07-05 13:13:39.500   545   548 D dalvikvm: GC_CONCURRENT freed 416K, 11% free 10478K/11719K, paused 2ms+2ms
07-05 13:13:39.684   545   548 D dalvikvm: GC_CONCURRENT freed 408K, 11% free 10465K/11719K, paused 2ms+2ms
07-05 13:13:39.793   545 30541 I DownloadManager: Initiating request for download 3619
07-05 13:13:39.879   545   548 D dalvikvm: GC_CONCURRENT freed 256K, 9% free 10673K/11719K, paused 2ms+2ms
07-05 13:13:39.988   545   548 D dalvikvm: GC_CONCURRENT freed 305K, 7% free 10922K/11719K, paused 1ms+3ms
07-05 13:13:40.227  1370 30543 E DictionaryProvider:UpdateHandler: Can't read a file : android.util.MalformedJsonException: Use JsonReader.setLenient(true) to accept malformed JSON at line 1 column 20
07-05 13:13:40.242   545   548 D dalvikvm: GC_CONCURRENT freed 954K, 11% free 10502K/11719K, paused 2ms+3ms
07-05 13:13:40.442   545   548 D dalvikvm: GC_CONCURRENT freed 422K, 11% free 10475K/11719K, paused 1ms+2ms
07-05 13:13:40.559   545 30546 I DownloadManager: Initiating request for download 3619
07-05 13:13:40.610   545   548 D dalvikvm: GC_CONCURRENT freed 339K, 11% free 10537K/11719K, paused 2ms+2ms
07-05 13:13:40.711   545   548 D dalvikvm: GC_CONCURRENT freed 221K, 9% free 10772K/11719K, paused 2ms+3ms
07-05 13:13:40.844   545   548 D dalvikvm: GC_CONCURRENT freed 478K, 9% free 10776K/11719K, paused 1ms+2ms
07-05 13:13:41.035   156   628 D dalvikvm: GC_EXPLICIT freed 490K, 13% free 14084K/16007K, paused 2ms+6ms
07-05 13:13:41.145   545   548 D dalvikvm: GC_CONCURRENT freed 752K, 11% free 10487K/11719K, paused 2ms+2ms
07-05 13:13:41.328   545   548 D dalvikvm: GC_CONCURRENT freed 428K, 11% free 10451K/11719K, paused 2ms+3ms
07-05 13:13:41.449   545 30549 I DownloadManager: Initiating request for download 3620
07-05 13:13:41.539   545   548 D dalvikvm: GC_CONCURRENT freed 245K, 9% free 10665K/11719K, paused 2ms+2ms
07-05 13:13:41.649   545   548 D dalvikvm: GC_CONCURRENT freed 327K, 8% free 10861K/11719K, paused 1ms+2ms
07-05 13:13:41.789   545 30549 D dalvikvm: GC_EXPLICIT freed 666K, 11% free 10546K/11719K, paused 2ms+4ms
07-05 13:13:41.961  1370 30551 E DictionaryProvider:UpdateHandler: Can't read a file : android.util.MalformedJsonException: Use JsonReader.setLenient(true) to accept malformed JSON at line 1 column 20
07-05 13:13:42.016   545   548 D dalvikvm: GC_CONCURRENT freed 462K, 11% free 10494K/11719K, paused 2ms+3ms
07-05 13:13:42.188   545   548 D dalvikvm: GC_CONCURRENT freed 428K, 11% free 10460K/11719K, paused 2ms+3ms
07-05 13:13:42.242   545 30553 I DownloadManager: Initiating request for download 3620
07-05 13:13:42.332   545   548 D dalvikvm: GC_CONCURRENT freed 227K, 9% free 10696K/11719K, paused 2ms+3ms
07-05 13:13:42.430   545   548 D dalvikvm: GC_CONCURRENT freed 320K, 8% free 10873K/11719K, paused 2ms+3ms
07-05 13:13:42.656   545   548 D dalvikvm: GC_CONCURRENT freed 896K, 11% free 10477K/11719K, paused 1ms+2ms
07-05 13:13:42.840   545   548 D dalvikvm: GC_CONCURRENT freed 404K, 11% free 10462K/11719K, paused 2ms+2ms
07-05 13:13:43.008   545 30557 I DownloadManager: Initiating request for download 3621
07-05 13:13:43.059   545   548 D dalvikvm: GC_CONCURRENT freed 345K, 11% free 10528K/11719K, paused 2ms+3ms
07-05 13:13:43.164   545   548 D dalvikvm: GC_CONCURRENT freed 202K, 9% free 10751K/11719K, paused 2ms+2ms
07-05 13:13:43.281   545   548 D dalvikvm: GC_CONCURRENT freed 470K, 9% free 10769K/11719K, paused 2ms+2ms
07-05 13:13:43.442  1370 30559 E DictionaryProvider:UpdateHandler: Can't read a file : android.util.MalformedJsonException: Use JsonReader.setLenient(true) to accept malformed JSON at line 1 column 20
07-05 13:13:43.543   545   548 D dalvikvm: GC_CONCURRENT freed 751K, 11% free 10484K/11719K, paused 2ms+3ms
07-05 13:13:43.735   545   548 D dalvikvm: GC_CONCURRENT freed 420K, 11% free 10459K/11719K, paused 1ms+2ms
07-05 13:13:43.824   545 30562 I DownloadManager: Initiating request for download 3621
07-05 13:13:43.906   545   548 D dalvikvm: GC_CONCURRENT freed 264K, 10% free 10653K/11719K, paused 2ms+3ms
07-05 13:13:44.012   545   548 D dalvikvm: GC_CONCURRENT freed 323K, 8% free 10836K/11719K, paused 2ms+3ms
07-05 13:13:44.203   545   548 D dalvikvm: GC_CONCURRENT freed 806K, 11% free 10521K/11719K, paused 2ms+2ms
07-05 13:13:44.391   545   548 D dalvikvm: GC_CONCURRENT freed 444K, 11% free 10472K/11719K, paused 1ms+2ms
07-05 13:13:44.574   545   548 D dalvikvm: GC_CONCURRENT freed 415K, 11% free 10452K/11719K, paused 2ms+2ms
07-05 13:13:44.625   545 30565 I DownloadManager: Initiating request for download 3622
07-05 13:13:44.735   545   548 D dalvikvm: GC_CONCURRENT freed 184K, 9% free 10727K/11719K, paused 2ms+3ms
07-05 13:13:44.844   545   548 D dalvikvm: GC_CONCURRENT freed 419K, 9% free 10774K/11719K, paused 2ms+2ms
07-05 13:13:45.012  1370 30567 E DictionaryProvider:UpdateHandler: Can't read a file : android.util.MalformedJsonException: Use JsonReader.setLenient(true) to accept malformed JSON at line 1 column 20
07-05 13:13:45.043  1370  1372 D dalvikvm: GC_CONCURRENT freed 391K, 7% free 9128K/9735K, paused 2ms+2ms
07-05 13:13:45.117   545   548 D dalvikvm: GC_CONCURRENT freed 750K, 11% free 10492K/11719K, paused 2ms+2ms
07-05 13:13:45.309   545   548 D dalvikvm: GC_CONCURRENT freed 414K, 11% free 10465K/11719K, paused 2ms+2ms
07-05 13:13:45.446   545 30570 I DownloadManager: Initiating request for download 3622
07-05 13:13:45.488   545   548 D dalvikvm: GC_CONCURRENT freed 351K, 11% free 10503K/11719K, paused 2ms+3ms
07-05 13:13:45.598   545   548 D dalvikvm: GC_CONCURRENT freed 206K, 9% free 10756K/11719K, paused 2ms+3ms
07-05 13:13:45.699   545   548 D dalvikvm: GC_CONCURRENT freed 468K, 9% free 10772K/11719K, paused 2ms+2ms
07-05 13:13:45.930   545   548 D dalvikvm: GC_CONCURRENT freed 758K, 11% free 10493K/11719K, paused 1ms+2ms
07-05 13:13:46.110   545   548 D dalvikvm: GC_CONCURRENT freed 429K, 11% free 10459K/11719K, paused 2ms+3ms
07-05 13:13:46.227   545 30573 I DownloadManager: Initiating request for download 3623
07-05 13:13:46.321   545   548 D dalvikvm: GC_CONCURRENT freed 237K, 9% free 10739K/11719K, paused 2ms+3ms
07-05 13:13:46.430   545   548 D dalvikvm: GC_CONCURRENT freed 377K, 8% free 10880K/11719K, paused 2ms+4ms
07-05 13:13:46.649   545   548 D dalvikvm: GC_CONCURRENT freed 896K, 11% free 10487K/11719K, paused 2ms+3ms
07-05 13:13:46.696  1370 30575 E DictionaryProvider:UpdateHandler: Can't read a file : android.util.MalformedJsonException: Use JsonReader.setLenient(true) to accept malformed JSON at line 1 column 20
07-05 13:13:46.883   545   548 D dalvikvm: GC_CONCURRENT freed 397K, 11% free 10478K/11719K, paused 2ms+2ms
07-05 13:13:47.012   545 30578 I DownloadManager: Initiating request for download 3623
07-05 13:13:47.055   545   548 D dalvikvm: GC_CONCURRENT freed 373K, 11% free 10507K/11719K, paused 2ms+3ms
07-05 13:13:47.172   545   548 D dalvikvm: GC_CONCURRENT freed 201K, 9% free 10758K/11719K, paused 2ms+3ms
07-05 13:13:47.293   545   548 D dalvikvm: GC_CONCURRENT freed 458K, 9% free 10778K/11719K, paused 2ms+3ms
07-05 13:13:47.516   545   548 D dalvikvm: GC_CONCURRENT freed 758K, 11% free 10484K/11719K, paused 2ms+4ms
07-05 13:13:47.703   545   548 D dalvikvm: GC_CONCURRENT freed 414K, 11% free 10465K/11719K, paused 2ms+2ms
07-05 13:13:47.832   545 30581 I DownloadManager: Initiating request for download 3624
07-05 13:13:47.918   545   548 D dalvikvm: GC_CONCURRENT freed 256K, 10% free 10654K/11719K, paused 2ms+2ms
07-05 13:13:48.031   545   548 D dalvikvm: GC_CONCURRENT freed 325K, 7% free 10909K/11719K, paused 2ms+3ms
07-05 13:13:48.219   545   548 D dalvikvm: GC_CONCURRENT freed 899K, 11% free 10524K/11719K, paused 2ms+2ms
07-05 13:13:48.274  1370 30583 E DictionaryProvider:UpdateHandler: Can't read a file : android.util.MalformedJsonException: Use JsonReader.setLenient(true) to accept malformed JSON at line 1 column 20
07-05 13:13:48.446   545   548 D dalvikvm: GC_CONCURRENT freed 437K, 11% free 10482K/11719K, paused 2ms+2ms
07-05 13:13:48.617   545 30586 I DownloadManager: Initiating request for download 3624
07-05 13:13:48.637   545   548 D dalvikvm: GC_CONCURRENT freed 401K, 11% free 10505K/11719K, paused 1ms+2ms
07-05 13:13:48.766   545   548 D dalvikvm: GC_CONCURRENT freed 204K, 9% free 10760K/11719K, paused 2ms+5ms
07-05 13:13:48.879   545   548 D dalvikvm: GC_CONCURRENT freed 448K, 9% free 10780K/11719K, paused 1ms+2ms
07-05 13:13:49.106   545   548 D dalvikvm: GC_CONCURRENT freed 756K, 11% free 10487K/11719K, paused 2ms+4ms
07-05 13:13:49.297   545   548 D dalvikvm: GC_CONCURRENT freed 406K, 11% free 10480K/11719K, paused 1ms+3ms
07-05 13:13:49.414   545 30589 I DownloadManager: Initiating request for download 3625
07-05 13:13:49.500   545   548 D dalvikvm: GC_CONCURRENT freed 280K, 10% free 10658K/11719K, paused 2ms+3ms
07-05 13:13:49.606   545   548 D dalvikvm: GC_CONCURRENT freed 340K, 8% free 10849K/11719K, paused 2ms+3ms
07-05 13:13:49.774   545   548 D dalvikvm: GC_CONCURRENT freed 808K, 11% free 10531K/11719K, paused 2ms+2ms
07-05 13:13:49.836  1370 30591 E DictionaryProvider:UpdateHandler: Can't read a file : android.util.MalformedJsonException: Use JsonReader.setLenient(true) to accept malformed JSON at line 1 column 20
07-05 13:13:50.004   545   548 D dalvikvm: GC_CONCURRENT freed 438K, 11% free 10488K/11719K, paused 2ms+2ms
07-05 13:13:50.188   545   548 D dalvikvm: GC_CONCURRENT freed 419K, 11% free 10464K/11719K, paused 2ms+3ms
07-05 13:13:50.227   545 30594 I DownloadManager: Initiating request for download 3625
07-05 13:13:50.332   545   548 D dalvikvm: GC_CONCURRENT freed 193K, 8% free 10807K/11719K, paused 2ms+3ms
07-05 13:13:50.465   545   548 D dalvikvm: GC_CONCURRENT freed 524K, 8% free 10810K/11719K, paused 2ms+3ms
07-05 13:13:50.688   545   548 D dalvikvm: GC_CONCURRENT freed 803K, 11% free 10486K/11719K, paused 2ms+2ms
07-05 13:13:50.875   545   548 D dalvikvm: GC_CONCURRENT freed 414K, 11% free 10467K/11719K, paused 2ms+2ms
07-05 13:13:50.985   545 30597 I DownloadManager: Initiating request for download 3626
07-05 13:13:51.067   545   548 D dalvikvm: GC_CONCURRENT freed 230K, 9% free 10671K/11719K, paused 2ms+2ms
07-05 13:13:51.164   545   548 D dalvikvm: GC_CONCURRENT freed 347K, 8% free 10873K/11719K, paused 2ms+3ms
07-05 13:13:51.363   545   548 D dalvikvm: GC_CONCURRENT freed 880K, 11% free 10498K/11719K, paused 2ms+2ms
07-05 13:13:51.414  1370 30599 E DictionaryProvider:UpdateHandler: Can't read a file : android.util.MalformedJsonException: Use JsonReader.setLenient(true) to accept malformed JSON at line 1 column 20
07-05 13:13:51.461  1370  1372 D dalvikvm: GC_CONCURRENT freed 385K, 7% free 9132K/9735K, paused 1ms+3ms
07-05 13:13:51.613   545   548 D dalvikvm: GC_CONCURRENT freed 404K, 11% free 10489K/11719K, paused 2ms+2ms
07-05 13:13:51.789   545 30602 I DownloadManager: Initiating request for download 3626
07-05 13:13:51.824   545   548 D dalvikvm: GC_CONCURRENT freed 416K, 11% free 10507K/11719K, paused 1ms+4ms
07-05 13:13:51.942   545   548 D dalvikvm: GC_CONCURRENT freed 201K, 9% free 10764K/11719K, paused 1ms+3ms
07-05 13:13:52.063   545   548 D dalvikvm: GC_CONCURRENT freed 465K, 8% free 10785K/11719K, paused 1ms+2ms
07-05 13:13:52.289   545   548 D dalvikvm: GC_CONCURRENT freed 765K, 11% free 10491K/11719K, paused 2ms+3ms
07-05 13:13:52.473   545   548 D dalvikvm: GC_CONCURRENT freed 412K, 11% free 10473K/11719K, paused 2ms+2ms
07-05 13:13:52.610   545 30605 I DownloadManager: Initiating request for download 3627
07-05 13:13:52.692   545   548 D dalvikvm: GC_CONCURRENT freed 258K, 9% free 10667K/11719K, paused 1ms+3ms
07-05 13:13:52.809   545   548 D dalvikvm: GC_CONCURRENT freed 323K, 7% free 10933K/11719K, paused 2ms+3ms
07-05 13:13:53.016  1370 30607 E DictionaryProvider:UpdateHandler: Can't read a file : android.util.MalformedJsonException: Use JsonReader.setLenient(true) to accept malformed JSON at line 1 column 20
07-05 13:13:53.055   545   548 D dalvikvm: GC_CONCURRENT freed 961K, 11% free 10509K/11719K, paused 1ms+2ms
07-05 13:13:53.246   545   548 D dalvikvm: GC_CONCURRENT freed 418K, 11% free 10478K/11719K, paused 2ms+2ms
07-05 13:13:53.379   545 30610 I DownloadManager: Initiating request for download 3627
07-05 13:13:53.422   545   548 D dalvikvm: GC_CONCURRENT freed 361K, 11% free 10517K/11719K, paused 1ms+3ms
07-05 13:13:53.531   545   548 D dalvikvm: GC_CONCURRENT freed 206K, 9% free 10771K/11719K, paused 2ms+2ms
07-05 13:13:53.664   545   548 D dalvikvm: GC_CONCURRENT freed 470K, 8% free 10824K/11719K, paused 1ms+3ms
07-05 13:13:53.899   545   548 D dalvikvm: GC_CONCURRENT freed 817K, 11% free 10491K/11719K, paused 2ms+3ms
07-05 13:13:54.086   545   548 D dalvikvm: GC_CONCURRENT freed 414K, 11% free 10472K/11719K, paused 2ms+2ms
07-05 13:13:54.184   545 30614 I DownloadManager: Initiating request for download 3628
07-05 13:13:54.270   545   548 D dalvikvm: GC_CONCURRENT freed 233K, 9% free 10692K/11719K, paused 2ms+3ms
07-05 13:13:54.375   545   548 D dalvikvm: GC_CONCURRENT freed 337K, 8% free 10873K/11719K, paused 1ms+3ms
07-05 13:13:54.582   156   568 D dalvikvm: GC_EXPLICIT freed 486K, 13% free 14083K/16007K, paused 2ms+5ms
07-05 13:13:54.613   545   548 D dalvikvm: GC_CONCURRENT freed 863K, 11% free 10508K/11719K, paused 2ms+2ms
07-05 13:13:54.653  1370 30616 E DictionaryProvider:UpdateHandler: Can't read a file : android.util.MalformedJsonException: Use JsonReader.setLenient(true) to accept malformed JSON at line 1 column 20
07-05 13:13:54.731   465   467 D dalvikvm: GC_CONCURRENT freed 416K, 5% free 10540K/11079K, paused 4ms+2ms
07-05 13:13:54.879   545   548 D dalvikvm: GC_CONCURRENT freed 406K, 11% free 10491K/11719K, paused 2ms+2ms
07-05 13:13:55.071   545   548 D dalvikvm: GC_CONCURRENT freed 433K, 11% free 10477K/11719K, paused 2ms+4ms
07-05 13:13:55.074   545 30619 I DownloadManager: Initiating request for download 3628
07-05 13:13:55.199   545   548 D dalvikvm: GC_CONCURRENT freed 189K, 9% free 10746K/11719K, paused 2ms+2ms
07-05 13:13:55.324   545   548 D dalvikvm: GC_CONCURRENT freed 454K, 8% free 10791K/11719K, paused 1ms+3ms
07-05 13:13:55.555   545   548 D dalvikvm: GC_CONCURRENT freed 782K, 11% free 10491K/11719K, paused 2ms+4ms
07-05 13:13:55.738   545   548 D dalvikvm: GC_CONCURRENT freed 422K, 11% free 10463K/11719K, paused 1ms+2ms
07-05 13:13:55.863   545 30622 I DownloadManager: Initiating request for download 3629
07-05 13:13:55.953   545   548 D dalvikvm: GC_CONCURRENT freed 255K, 10% free 10652K/11719K, paused 2ms+3ms
07-05 13:13:56.059   545   548 D dalvikvm: GC_CONCURRENT freed 325K, 8% free 10834K/11719K, paused 2ms+3ms
07-05 13:13:56.223   545   548 D dalvikvm: GC_CONCURRENT freed 800K, 11% free 10528K/11719K, paused 2ms+2ms
07-05 13:13:56.403   545   548 D dalvikvm: GC_CONCURRENT freed 411K, 11% free 10512K/11719K, paused 2ms+3ms
07-05 13:13:56.598   545   548 D dalvikvm: GC_CONCURRENT freed 408K, 11% free 10499K/11719K, paused 2ms+2ms
07-05 13:13:57.281  1370 30624 E DictionaryProvider:UpdateHandler: Can't read a file : android.util.MalformedJsonException: Use JsonReader.setLenient(true) to accept malformed JSON at line 1 column 20
07-05 13:13:57.422   545   548 D dalvikvm: GC_CONCURRENT freed 385K, 11% free 10501K/11719K, paused 1ms+2ms
07-05 13:13:57.606   545   548 D dalvikvm: GC_CONCURRENT freed 425K, 11% free 10471K/11719K, paused 2ms+2ms
07-05 13:13:57.789   545   548 D dalvikvm: GC_CONCURRENT freed 406K, 11% free 10459K/11719K, paused 2ms+2ms
07-05 13:13:57.813   545 30627 I DownloadManager: Initiating request for download 3629
07-05 13:13:57.813   545 30627 W DownloadManager: Aborting request for download 3629: Trying to resume a download that can't be resumed
07-05 13:13:58.082   545   548 D dalvikvm: GC_CONCURRENT freed 360K, 11% free 10493K/11719K, paused 1ms+2ms
07-05 13:13:58.262   545   548 D dalvikvm: GC_CONCURRENT freed 417K, 11% free 10471K/11719K, paused 2ms+2ms
07-05 13:13:58.473   545 30630 I DownloadManager: Initiating request for download 3630
07-05 13:13:58.500   545   548 D dalvikvm: GC_CONCURRENT freed 372K, 11% free 10504K/11719K, paused 1ms+2ms
07-05 13:13:58.621   545   548 D dalvikvm: GC_CONCURRENT freed 206K, 9% free 10760K/11719K, paused 2ms+3ms
07-05 13:13:58.735   545   548 D dalvikvm: GC_CONCURRENT freed 462K, 9% free 10781K/11719K, paused 2ms+2ms
07-05 13:13:58.883  1370 30632 E DictionaryProvider:UpdateHandler: Can't read a file : android.util.MalformedJsonException: Use JsonReader.setLenient(true) to accept malformed JSON at line 1 column 20
07-05 13:13:58.918  1370  1372 D dalvikvm: GC_CONCURRENT freed 391K, 7% free 9129K/9735K, paused 2ms+2ms
07-05 13:13:59.024   545   548 D dalvikvm: GC_CONCURRENT freed 757K, 11% free 10493K/11719K, paused 2ms+2ms
07-05 13:13:59.203   545   548 D dalvikvm: GC_CONCURRENT freed 416K, 11% free 10469K/11719K, paused 2ms+2ms
07-05 13:13:59.301   545 30635 I DownloadManager: Initiating request for download 3630
07-05 13:13:59.391   545   548 D dalvikvm: GC_CONCURRENT freed 279K, 10% free 10653K/11719K, paused 2ms+3ms
07-05 13:13:59.496   545   548 D dalvikvm: GC_CONCURRENT freed 334K, 8% free 10853K/11719K, paused 2ms+4ms
07-05 13:13:59.668   545   548 D dalvikvm: GC_CONCURRENT freed 819K, 11% free 10528K/11719K, paused 2ms+2ms
07-05 13:13:59.867   545   548 D dalvikvm: GC_CONCURRENT freed 441K, 11% free 10482K/11719K, paused 2ms+3ms
07-05 13:14:00.090   545   548 D dalvikvm: GC_CONCURRENT freed 414K, 11% free 10463K/11719K, paused 1ms+2ms
07-05 13:14:00.149   545 30638 I DownloadManager: Initiating request for download 3631
07-05 13:14:00.266   545   548 D dalvikvm: GC_CONCURRENT freed 190K, 9% free 10733K/11719K, paused 2ms+3ms
07-05 13:14:00.367   545   548 D dalvikvm: GC_CONCURRENT freed 346K, 8% free 10892K/11719K, paused 1ms+3ms
07-05 13:14:00.539  1370 30640 E DictionaryProvider:UpdateHandler: Can't read a file : android.util.MalformedJsonException: Use JsonReader.setLenient(true) to accept malformed JSON at line 1 column 20
07-05 13:14:00.617   545   548 D dalvikvm: GC_CONCURRENT freed 896K, 11% free 10500K/11719K, paused 1ms+2ms
07-05 13:14:00.797   545   548 D dalvikvm: GC_CONCURRENT freed 422K, 11% free 10473K/11719K, paused 1ms+2ms
07-05 13:14:00.926   545 30643 I DownloadManager: Initiating request for download 3631
07-05 13:14:01.012   545   548 D dalvikvm: GC_CONCURRENT freed 301K, 10% free 10615K/11719K, paused 2ms+2ms
07-05 13:14:01.113   545   548 D dalvikvm: GC_CONCURRENT freed 308K, 8% free 10818K/11719K, paused 2ms+4ms
07-05 13:14:01.258   545   548 D dalvikvm: GC_CONCURRENT freed 761K, 11% free 10541K/11719K, paused 2ms+2ms
07-05 13:14:01.461   545   548 D dalvikvm: GC_CONCURRENT freed 449K, 11% free 10487K/11719K, paused 1ms+2ms
07-05 13:14:01.653   545   548 D dalvikvm: GC_CONCURRENT freed 414K, 11% free 10468K/11719K, paused 2ms+2ms
07-05 13:14:01.742   545 30646 I DownloadManager: Initiating request for download 3632
07-05 13:14:01.832   545   548 D dalvikvm: GC_CONCURRENT freed 227K, 9% free 10700K/11719K, paused 2ms+2ms
07-05 13:14:01.938   545   548 D dalvikvm: GC_CONCURRENT freed 337K, 8% free 10883K/11719K, paused 2ms+3ms
07-05 13:14:02.160  1370 30648 E DictionaryProvider:UpdateHandler: Can't read a file : android.util.MalformedJsonException: Use JsonReader.setLenient(true) to accept malformed JSON at line 1 column 20
07-05 13:14:02.180   545   548 D dalvikvm: GC_CONCURRENT freed 896K, 11% free 10514K/11719K, paused 1ms+3ms
07-05 13:14:02.375   545   548 D dalvikvm: GC_CONCURRENT freed 430K, 11% free 10479K/11719K, paused 2ms+3ms
07-05 13:14:02.391   993  1240 I PhoneLab-: Service Running
07-05 13:14:02.426   993  1240 I PhoneLab-LoggerService: app_49    1247  993   1956   1584  c00f181c 400107b4 S logcat
07-05 13:14:02.426   993  1240 I PhoneLab-LoggerService: Logcat pid from database 1247
07-05 13:14:02.426   993  1240 I PhoneLab-LoggerService: Logcat process found 1247
07-05 13:14:02.426   993  1240 I PhoneLab-LoggerService: Checking Threshold
07-05 13:14:02.430   993  1240 I PhoneLab-LoggerService: Starting to rename files
07-05 13:14:02.430   993  1240 I PhoneLab-LoggerService: Files found .. 31
07-05 13:14:02.547   545 30652 I DownloadManager: Initiating request for download 3632
07-05 13:14:02.594   545   548 D dalvikvm: GC_CONCURRENT freed 353K, 11% free 10517K/11719K, paused 2ms+2ms
07-05 13:14:02.703   545   548 D dalvikvm: GC_CONCURRENT freed 205K, 9% free 10772K/11719K, paused 2ms+3ms
07-05 13:14:02.824   545   548 D dalvikvm: GC_CONCURRENT freed 470K, 8% free 10813K/11719K, paused 2ms+2ms
07-05 13:14:03.031   545   548 D dalvikvm: GC_CONCURRENT freed 764K, 11% free 10531K/11719K, paused 2ms+3ms
07-05 13:14:03.207   545   548 D dalvikvm: GC_CONCURRENT freed 406K, 11% free 10512K/11719K, paused 2ms+2ms
07-05 13:14:04.172   545 30654 I DownloadManager: Initiating request for download 3633
07-05 13:14:04.278   545   548 D dalvikvm: GC_CONCURRENT freed 283K, 9% free 10764K/11719K, paused 2ms+3ms
07-05 13:14:04.395   545   548 D dalvikvm: GC_CONCURRENT freed 390K, 7% free 10903K/11719K, paused 2ms+3ms
07-05 13:14:04.606  1370 30657 E DictionaryProvider:UpdateHandler: Can't read a file : android.util.MalformedJsonException: Use JsonReader.setLenient(true) to accept malformed JSON at line 1 column 20
07-05 13:14:04.660   545   548 D dalvikvm: GC_CONCURRENT freed 906K, 11% free 10523K/11719K, paused 2ms+2ms
07-05 13:14:04.856   545   548 D dalvikvm: GC_CONCURRENT freed 433K, 11% free 10483K/11719K, paused 2ms+2ms
07-05 13:14:05.059   545 30660 D dalvikvm: GC_EXPLICIT freed 314K, 11% free 10525K/11719K, paused 2ms+8ms
07-05 13:14:05.071   545 30660 I DownloadManager: Initiating request for download 3633
07-05 13:14:05.176   545   548 D dalvikvm: GC_CONCURRENT freed 234K, 8% free 10784K/11719K, paused 2ms+4ms
07-05 13:14:05.293   545   548 D dalvikvm: GC_CONCURRENT freed 475K, 8% free 10797K/11719K, paused 2ms+2ms
07-05 13:14:05.520   545   548 D dalvikvm: GC_CONCURRENT freed 778K, 11% free 10494K/11719K, paused 1ms+2ms
07-05 13:14:05.703   545   548 D dalvikvm: GC_CONCURRENT freed 414K, 11% free 10475K/11719K, paused 2ms+2ms
07-05 13:14:05.809   545 30663 I DownloadManager: Initiating request for download 3634
07-05 13:14:05.899   545   548 D dalvikvm: GC_CONCURRENT freed 249K, 9% free 10679K/11719K, paused 1ms+3ms
07-05 13:14:06.012   545   548 D dalvikvm: GC_CONCURRENT freed 330K, 8% free 10865K/11719K, paused 2ms+3ms
07-05 13:14:06.196   545   548 D dalvikvm: GC_CONCURRENT freed 826K, 11% free 10541K/11719K, paused 1ms+2ms
07-05 13:14:06.250  1370 30665 E DictionaryProvider:UpdateHandler: Can't read a file : android.util.MalformedJsonException: Use JsonReader.setLenient(true) to accept malformed JSON at line 1 column 20
07-05 13:14:06.281  1370  1372 D dalvikvm: GC_CONCURRENT freed 390K, 7% free 9127K/9735K, paused 1ms+2ms
07-05 13:14:06.446   545   548 D dalvikvm: GC_CONCURRENT freed 438K, 11% free 10498K/11719K, paused 1ms+2ms
07-05 13:14:06.629   545   548 D dalvikvm: GC_CONCURRENT freed 421K, 11% free 10473K/11719K, paused 2ms+3ms
07-05 13:14:06.668   545 30668 I DownloadManager: Initiating request for download 3634
07-05 13:14:06.770   545   548 D dalvikvm: GC_CONCURRENT freed 189K, 9% free 10742K/11719K, paused 2ms+3ms
07-05 13:14:06.883   545   548 D dalvikvm: GC_CONCURRENT freed 345K, 7% free 10905K/11719K, paused 2ms+3ms
07-05 13:14:07.094   545   548 D dalvikvm: GC_CONCURRENT freed 883K, 11% free 10525K/11719K, paused 2ms+3ms
07-05 13:14:07.281   545   548 D dalvikvm: GC_CONCURRENT freed 424K, 11% free 10489K/11719K, paused 2ms+3ms
07-05 13:14:07.449   545 30671 I DownloadManager: Initiating request for download 3635
07-05 13:14:07.571   545   548 D dalvikvm: GC_CONCURRENT freed 305K, 10% free 10642K/11719K, paused 2ms+3ms
07-05 13:14:07.668   545   548 D dalvikvm: GC_CONCURRENT freed 322K, 8% free 10821K/11719K, paused 2ms+3ms
07-05 13:14:07.809   545   548 D dalvikvm: GC_CONCURRENT freed 763K, 11% free 10544K/11719K, paused 2ms+3ms
07-05 13:14:07.938  1370 30673 E DictionaryProvider:UpdateHandler: Can't read a file : android.util.MalformedJsonException: Use JsonReader.setLenient(true) to accept malformed JSON at line 1 column 20
07-05 13:14:08.059   545   548 D dalvikvm: GC_CONCURRENT freed 428K, 11% free 10505K/11719K, paused 1ms+2ms
07-05 13:14:08.250   545   548 D dalvikvm: GC_CONCURRENT freed 421K, 11% free 10479K/11719K, paused 2ms+3ms
07-05 13:14:08.328   545 30676 I DownloadManager: Initiating request for download 3635
07-05 13:14:08.414   545   548 D dalvikvm: GC_CONCURRENT freed 238K, 9% free 10699K/11719K, paused 2ms+3ms
07-05 13:14:08.520   545   548 D dalvikvm: GC_CONCURRENT freed 339K, 8% free 10881K/11719K, paused 2ms+3ms
07-05 13:14:08.703   545   548 D dalvikvm: GC_CONCURRENT freed 878K, 11% free 10507K/11719K, paused 1ms+2ms
07-05 13:14:08.903   545   548 D dalvikvm: GC_CONCURRENT freed 410K, 11% free 10492K/11719K, paused 2ms+2ms
07-05 13:14:09.098   545 30679 I DownloadManager: Initiating request for download 3636
07-05 13:14:09.117   545   548 D dalvikvm: GC_CONCURRENT freed 394K, 11% free 10510K/11719K, paused 2ms+3ms
07-05 13:14:09.242   545   548 D dalvikvm: GC_CONCURRENT freed 191K, 9% free 10771K/11719K, paused 2ms+3ms
07-05 13:14:09.363   545   548 D dalvikvm: GC_CONCURRENT freed 440K, 8% free 10812K/11719K, paused 1ms+2ms
07-05 13:14:09.590  1370 30681 E DictionaryProvider:UpdateHandler: Can't read a file : android.util.MalformedJsonException: Use JsonReader.setLenient(true) to accept malformed JSON at line 1 column 20
07-05 13:14:09.610   545   548 D dalvikvm: GC_CONCURRENT freed 790K, 11% free 10524K/11719K, paused 2ms+2ms
07-05 13:14:09.805   545   548 D dalvikvm: GC_CONCURRENT freed 428K, 11% free 10491K/11719K, paused 2ms+3ms
07-05 13:14:09.988   156   512 D dalvikvm: GC_EXPLICIT freed 511K, 13% free 14084K/16007K, paused 2ms+6ms
07-05 13:14:09.996   545 30684 I DownloadManager: Initiating request for download 3636
07-05 13:14:10.074   545   548 D dalvikvm: GC_CONCURRENT freed 282K, 9% free 10668K/11719K, paused 2ms+3ms
07-05 13:14:10.176   545   548 D dalvikvm: GC_CONCURRENT freed 342K, 8% free 10838K/11719K, paused 1ms+3ms
07-05 13:14:10.336   545   548 D dalvikvm: GC_CONCURRENT freed 797K, 11% free 10534K/11719K, paused 2ms+3ms
07-05 13:14:10.539   545   548 D dalvikvm: GC_CONCURRENT freed 445K, 11% free 10485K/11719K, paused 2ms+2ms
07-05 13:14:10.723   545   548 D dalvikvm: GC_CONCURRENT freed 412K, 11% free 10467K/11719K, paused 1ms+2ms
07-05 13:14:10.805   545 30687 I DownloadManager: Initiating request for download 3637
07-05 13:14:10.899   545   548 D dalvikvm: GC_CONCURRENT freed 190K, 9% free 10706K/11719K, paused 1ms+2ms
07-05 13:14:11.008   545   548 D dalvikvm: GC_CONCURRENT freed 325K, 7% free 10927K/11719K, paused 2ms+4ms
07-05 13:14:11.192  1370 30689 E DictionaryProvider:UpdateHandler: Can't read a file : android.util.MalformedJsonException: Use JsonReader.setLenient(true) to accept malformed JSON at line 1 column 20
07-05 13:14:11.285   545   548 D dalvikvm: GC_CONCURRENT freed 939K, 11% free 10503K/11719K, paused 1ms+2ms
07-05 13:14:11.465   545   548 D dalvikvm: GC_CONCURRENT freed 423K, 11% free 10476K/11719K, paused 2ms+2ms
07-05 13:14:11.598   545 30692 I DownloadManager: Initiating request for download 3637
07-05 13:14:11.649   545   548 D dalvikvm: GC_CONCURRENT freed 341K, 11% free 10544K/11719K, paused 2ms+2ms
07-05 13:14:11.750   545   548 D dalvikvm: GC_CONCURRENT freed 221K, 8% free 10783K/11719K, paused 2ms+3ms
07-05 13:14:11.871   545   548 D dalvikvm: GC_CONCURRENT freed 482K, 8% free 10798K/11719K, paused 2ms+2ms
07-05 13:14:12.110   545   548 D dalvikvm: GC_CONCURRENT freed 784K, 11% free 10490K/11719K, paused 2ms+3ms
07-05 13:14:12.289   545   548 D dalvikvm: GC_CONCURRENT freed 415K, 11% free 10470K/11719K, paused 2ms+2ms
07-05 13:14:12.395   545 30695 I DownloadManager: Initiating request for download 3638
07-05 13:14:12.488   545   548 D dalvikvm: GC_CONCURRENT freed 250K, 9% free 10690K/11719K, paused 1ms+3ms
07-05 13:14:12.594   545   548 D dalvikvm: GC_CONCURRENT freed 334K, 8% free 10880K/11719K, paused 1ms+3ms
07-05 13:14:12.805  1370 30697 E DictionaryProvider:UpdateHandler: Can't read a file : android.util.MalformedJsonException: Use JsonReader.setLenient(true) to accept malformed JSON at line 1 column 20
07-05 13:14:12.821   545   548 D dalvikvm: GC_CONCURRENT freed 887K, 11% free 10511K/11719K, paused 2ms+3ms
07-05 13:14:12.860  1370  1372 D dalvikvm: GC_CONCURRENT freed 387K, 7% free 9130K/9735K, paused 5ms+2ms
07-05 13:14:13.047   545   548 D dalvikvm: GC_CONCURRENT freed 415K, 11% free 10488K/11719K, paused 1ms+2ms
07-05 13:14:13.211   545 30700 I DownloadManager: Initiating request for download 3638
07-05 13:14:13.242   545   548 D dalvikvm: GC_CONCURRENT freed 418K, 11% free 10512K/11719K, paused 2ms+3ms
07-05 13:14:13.356   545   548 D dalvikvm: GC_CONCURRENT freed 183K, 8% free 10836K/11719K, paused 2ms+2ms
07-05 13:14:13.488   545   548 D dalvikvm: GC_CONCURRENT freed 542K, 8% free 10793K/11719K, paused 2ms+2ms
07-05 13:14:13.699   545   548 D dalvikvm: GC_CONCURRENT freed 742K, 11% free 10525K/11719K, paused 2ms+2ms
07-05 13:14:13.883   545   548 D dalvikvm: GC_CONCURRENT freed 408K, 11% free 10512K/11719K, paused 2ms+2ms
07-05 13:14:14.340   545 30702 I DownloadManager: Initiating request for download 3639
07-05 13:14:14.438   545   548 D dalvikvm: GC_CONCURRENT freed 276K, 9% free 10696K/11719K, paused 2ms+3ms
07-05 13:14:14.547   545   548 D dalvikvm: GC_CONCURRENT freed 335K, 8% free 10878K/11719K, paused 2ms+3ms
07-05 13:14:14.735   545   548 D dalvikvm: GC_CONCURRENT freed 839K, 11% free 10535K/11719K, paused 2ms+2ms
07-05 13:14:14.828  1370 30705 D dalvikvm: GC_EXPLICIT freed 111K, 7% free 9096K/9735K, paused 2ms+2ms
07-05 13:14:14.832  1370 30705 E DictionaryProvider:UpdateHandler: Can't read a file : android.util.MalformedJsonException: Use JsonReader.setLenient(true) to accept malformed JSON at line 1 column 20
07-05 13:14:14.992   545   548 D dalvikvm: GC_CONCURRENT freed 431K, 11% free 10495K/11719K, paused 2ms+3ms
07-05 13:14:15.176   545   548 D dalvikvm: GC_CONCURRENT freed 410K, 11% free 10475K/11719K, paused 2ms+2ms
07-05 13:14:15.203   545 30708 I DownloadManager: Initiating request for download 3639
07-05 13:14:15.305   545   548 D dalvikvm: GC_CONCURRENT freed 177K, 9% free 10732K/11719K, paused 2ms+2ms
07-05 13:14:15.399   545   548 D dalvikvm: GC_CONCURRENT freed 319K, 7% free 10907K/11719K, paused 2ms+3ms
07-05 13:14:15.610   545   548 D dalvikvm: GC_CONCURRENT freed 893K, 11% free 10525K/11719K, paused 2ms+2ms
07-05 13:14:15.793   545   548 D dalvikvm: GC_CONCURRENT freed 408K, 11% free 10512K/11719K, paused 1ms+2ms
07-05 13:14:16.910   545 30711 I DownloadManager: Initiating request for download 3640
07-05 13:14:16.961   545   548 D dalvikvm: GC_CONCURRENT freed 352K, 10% free 10555K/11719K, paused 2ms+4ms
07-05 13:14:17.082   545   548 D dalvikvm: GC_CONCURRENT freed 230K, 8% free 10789K/11719K, paused 2ms+4ms
07-05 13:14:17.211   545   548 D dalvikvm: GC_CONCURRENT freed 477K, 8% free 10800K/11719K, paused 2ms+3ms
07-05 13:14:17.375  1370 30714 E DictionaryProvider:UpdateHandler: Can't read a file : android.util.MalformedJsonException: Use JsonReader.setLenient(true) to accept malformed JSON at line 1 column 20
07-05 13:14:17.492   545   548 D dalvikvm: GC_CONCURRENT freed 767K, 11% free 10521K/11719K, paused 2ms+3ms
07-05 13:14:17.680   545   548 D dalvikvm: GC_CONCURRENT freed 435K, 11% free 10480K/11719K, paused 2ms+2ms
07-05 13:14:17.770   545 30717 I DownloadManager: Initiating request for download 3640
07-05 13:14:17.860   545   548 D dalvikvm: GC_CONCURRENT freed 257K, 9% free 10681K/11719K, paused 1ms+3ms
07-05 13:14:17.961   545   548 D dalvikvm: GC_CONCURRENT freed 327K, 8% free 10869K/11719K, paused 2ms+3ms
07-05 13:14:18.149   545   548 D dalvikvm: GC_CONCURRENT freed 838K, 11% free 10535K/11719K, paused 2ms+3ms
07-05 13:14:18.356   545   548 D dalvikvm: GC_CONCURRENT freed 434K, 11% free 10495K/11719K, paused 2ms+3ms
07-05 13:14:18.539   545   548 D dalvikvm: GC_CONCURRENT freed 414K, 11% free 10477K/11719K, paused 2ms+2ms
07-05 13:14:18.610   545 30720 I DownloadManager: Initiating request for download 3641
07-05 13:14:18.723   545   548 D dalvikvm: GC_CONCURRENT freed 203K, 9% free 10756K/11719K, paused 2ms+3ms
07-05 13:14:18.824   545   548 D dalvikvm: GC_CONCURRENT freed 345K, 7% free 10912K/11719K, paused 2ms+3ms
07-05 13:14:19.004  1370 30722 E DictionaryProvider:UpdateHandler: Can't read a file : android.util.MalformedJsonException: Use JsonReader.setLenient(true) to accept malformed JSON at line 1 column 20
07-05 13:14:19.094   545   548 D dalvikvm: GC_CONCURRENT freed 905K, 11% free 10523K/11719K, paused 1ms+3ms
07-05 13:14:19.274   545   548 D dalvikvm: GC_CONCURRENT freed 427K, 11% free 10487K/11719K, paused 2ms+3ms
07-05 13:14:19.383   545 30725 I DownloadManager: Initiating request for download 3641
07-05 13:14:19.465   545   548 D dalvikvm: GC_CONCURRENT freed 305K, 10% free 10618K/11719K, paused 2ms+2ms
07-05 13:14:19.567   545   548 D dalvikvm: GC_CONCURRENT freed 286K, 8% free 10826K/11719K, paused 2ms+3ms
07-05 13:14:19.699   545   548 D dalvikvm: GC_CONCURRENT freed 775K, 10% free 10549K/11719K, paused 1ms+2ms
07-05 13:14:19.903   545   548 D dalvikvm: GC_CONCURRENT freed 441K, 11% free 10503K/11719K, paused 2ms+2ms
07-05 13:14:20.082   545   548 D dalvikvm: GC_CONCURRENT freed 415K, 11% free 10483K/11719K, paused 2ms+2ms
07-05 13:14:20.188   545 30728 I DownloadManager: Initiating request for download 3642
07-05 13:14:20.274   545   548 D dalvikvm: GC_CONCURRENT freed 238K, 9% free 10698K/11719K, paused 2ms+3ms
07-05 13:14:20.383   545   548 D dalvikvm: GC_CONCURRENT freed 351K, 7% free 10905K/11719K, paused 1ms+3ms
07-05 13:14:20.602  1370 30730 E DictionaryProvider:UpdateHandler: Can't read a file : android.util.MalformedJsonException: Use JsonReader.setLenient(true) to accept malformed JSON at line 1 column 20
07-05 13:14:20.610   545   548 D dalvikvm: GC_CONCURRENT freed 905K, 11% free 10531K/11719K, paused 2ms+3ms
07-05 13:14:20.817   545   548 D dalvikvm: GC_CONCURRENT freed 429K, 11% free 10497K/11719K, paused 1ms+2ms
07-05 13:14:20.969   545 30733 I DownloadManager: Initiating request for download 3642
07-05 13:14:20.996   545   548 D dalvikvm: GC_CONCURRENT freed 387K, 11% free 10530K/11719K, paused 1ms+3ms
07-05 13:14:21.110   545   548 D dalvikvm: GC_CONCURRENT freed 205K, 8% free 10787K/11719K, paused 1ms+3ms
07-05 13:14:21.231   545   548 D dalvikvm: GC_CONCURRENT freed 456K, 8% free 10809K/11719K, paused 1ms+2ms
07-05 13:14:21.465   545   548 D dalvikvm: GC_CONCURRENT freed 781K, 11% free 10518K/11719K, paused 2ms+3ms
07-05 13:14:21.645   545   548 D dalvikvm: GC_CONCURRENT freed 426K, 11% free 10488K/11719K, paused 2ms+2ms
07-05 13:14:21.766   545 30736 I DownloadManager: Initiating request for download 3643
07-05 13:14:21.856   545   548 D dalvikvm: GC_CONCURRENT freed 257K, 9% free 10675K/11719K, paused 2ms+3ms
07-05 13:14:21.973   545   548 D dalvikvm: GC_CONCURRENT freed 306K, 8% free 10851K/11719K, paused 2ms+3ms
07-05 13:14:22.125   545   548 D dalvikvm: GC_CONCURRENT freed 785K, 10% free 10561K/11719K, paused 1ms+2ms
07-05 13:14:22.219  1370 30738 E DictionaryProvider:UpdateHandler: Can't read a file : android.util.MalformedJsonException: Use JsonReader.setLenient(true) to accept malformed JSON at line 1 column 20
07-05 13:14:22.246  1370  1372 D dalvikvm: GC_CONCURRENT freed 369K, 7% free 9136K/9735K, paused 1ms+3ms
07-05 13:14:22.391   545   548 D dalvikvm: GC_CONCURRENT freed 437K, 11% free 10522K/11719K, paused 2ms+3ms
07-05 13:14:22.582   545   548 D dalvikvm: GC_CONCURRENT freed 430K, 11% free 10486K/11719K, paused 1ms+2ms
07-05 13:14:22.653   545 30741 I DownloadManager: Initiating request for download 3643
07-05 13:14:22.754   545   548 D dalvikvm: GC_CONCURRENT freed 230K, 8% free 10789K/11719K, paused 1ms+3ms
07-05 13:14:22.860   545   548 D dalvikvm: GC_CONCURRENT freed 417K, 7% free 10918K/11719K, paused 2ms+4ms
07-05 13:14:23.102   545   548 D dalvikvm: GC_CONCURRENT freed 918K, 11% free 10511K/11719K, paused 1ms+2ms
07-05 13:14:23.281   545   548 D dalvikvm: GC_CONCURRENT freed 404K, 11% free 10497K/11719K, paused 1ms+2ms
07-05 13:14:23.414   545 30744 I DownloadManager: Initiating request for download 3644
07-05 13:14:23.508   545   548 D dalvikvm: GC_CONCURRENT freed 309K, 10% free 10646K/11719K, paused 2ms+3ms
07-05 13:14:23.613   545   548 D dalvikvm: GC_CONCURRENT freed 323K, 8% free 10864K/11719K, paused 2ms+3ms
07-05 13:14:23.778   545   548 D dalvikvm: GC_CONCURRENT freed 812K, 10% free 10564K/11719K, paused 2ms+3ms
07-05 13:14:23.871  1370 30746 E DictionaryProvider:UpdateHandler: Can't read a file : android.util.MalformedJsonException: Use JsonReader.setLenient(true) to accept malformed JSON at line 1 column 20
07-05 13:14:24.028   545   548 D dalvikvm: GC_CONCURRENT freed 448K, 11% free 10513K/11719K, paused 2ms+3ms
07-05 13:14:24.227   545   548 D dalvikvm: GC_CONCURRENT freed 419K, 11% free 10489K/11719K, paused 2ms+2ms
07-05 13:14:24.281   545 30749 I DownloadManager: Initiating request for download 3644
07-05 13:14:24.371   545   548 D dalvikvm: GC_CONCURRENT freed 219K, 9% free 10727K/11719K, paused 2ms+3ms
07-05 13:14:24.485   545   548 D dalvikvm: GC_CONCURRENT freed 342K, 7% free 10914K/11719K, paused 2ms+3ms
07-05 13:14:24.692   545   548 D dalvikvm: GC_CONCURRENT freed 912K, 11% free 10518K/11719K, paused 2ms+2ms
07-05 13:14:24.867   545   548 D dalvikvm: GC_CONCURRENT freed 417K, 11% free 10496K/11719K, paused 2ms+2ms
07-05 13:14:25.031   545 30752 I DownloadManager: Initiating request for download 3645
07-05 13:14:25.141   156   514 D dalvikvm: GC_EXPLICIT freed 512K, 13% free 14084K/16007K, paused 3ms+6ms
07-05 13:14:25.153   545   548 D dalvikvm: GC_CONCURRENT freed 351K, 10% free 10565K/11719K, paused 2ms+3ms
07-05 13:14:25.266   545   548 D dalvikvm: GC_CONCURRENT freed 207K, 8% free 10796K/11719K, paused 2ms+2ms
07-05 13:14:25.375   545   548 D dalvikvm: GC_CONCURRENT freed 483K, 8% free 10802K/11719K, paused 2ms+3ms
07-05 13:14:25.531  1370 30754 E DictionaryProvider:UpdateHandler: Can't read a file : android.util.MalformedJsonException: Use JsonReader.setLenient(true) to accept malformed JSON at line 1 column 20
07-05 13:14:25.621   545   548 D dalvikvm: GC_CONCURRENT freed 769K, 11% free 10510K/11719K, paused 2ms+3ms
07-05 13:14:25.801   545   548 D dalvikvm: GC_CONCURRENT freed 420K, 11% free 10485K/11719K, paused 2ms+2ms
07-05 13:14:25.899   545 30756 I DownloadManager: Initiating request for download 3645
07-05 13:14:25.969   545   548 D dalvikvm: GC_CONCURRENT freed 278K, 10% free 10664K/11719K, paused 2ms+3ms
07-05 13:14:26.063   545   548 D dalvikvm: GC_CONCURRENT freed 300K, 8% free 10841K/11719K, paused 2ms+4ms
07-05 13:14:26.676   545   548 D dalvikvm: GC_CONCURRENT freed 789K, 10% free 10557K/11719K, paused 2ms+2ms
07-05 13:14:26.875   545   548 D dalvikvm: GC_CONCURRENT freed 456K, 11% free 10497K/11719K, paused 2ms+3ms
07-05 13:14:27.063   545   548 D dalvikvm: GC_CONCURRENT freed 414K, 11% free 10477K/11719K, paused 2ms+2ms
07-05 13:14:27.176   545 30760 I DownloadManager: Initiating request for download 3646
07-05 13:14:27.285   545   548 D dalvikvm: GC_CONCURRENT freed 229K, 9% free 10707K/11719K, paused 2ms+3ms
07-05 13:14:27.391   545   548 D dalvikvm: GC_CONCURRENT freed 321K, 8% free 10886K/11719K, paused 2ms+3ms
07-05 13:14:27.586   545   548 D dalvikvm: GC_CONCURRENT freed 852K, 11% free 10539K/11719K, paused 2ms+4ms
07-05 13:14:27.656  1370 30762 E DictionaryProvider:UpdateHandler: Can't read a file : android.util.MalformedJsonException: Use JsonReader.setLenient(true) to accept malformed JSON at line 1 column 20
07-05 13:14:27.809   545   548 D dalvikvm: GC_CONCURRENT freed 435K, 11% free 10499K/11719K, paused 2ms+3ms
07-05 13:14:27.992   545   548 D dalvikvm: GC_CONCURRENT freed 418K, 11% free 10476K/11719K, paused 2ms+2ms
07-05 13:14:28.024   545 30765 I DownloadManager: Initiating request for download 3646
07-05 13:14:28.125   545   548 D dalvikvm: GC_CONCURRENT freed 181K, 9% free 10752K/11719K, paused 2ms+3ms
07-05 13:14:28.231   545   548 D dalvikvm: GC_CONCURRENT freed 343K, 7% free 10915K/11719K, paused 2ms+3ms
07-05 13:14:28.473   545   548 D dalvikvm: GC_CONCURRENT freed 926K, 11% free 10505K/11719K, paused 2ms+2ms
07-05 13:14:28.653   545   548 D dalvikvm: GC_CONCURRENT freed 416K, 11% free 10484K/11719K, paused 2ms+3ms
07-05 13:14:28.871   545 30768 D dalvikvm: GC_EXPLICIT freed 287K, 11% free 10518K/11719K, paused 3ms+6ms
07-05 13:14:28.875   545 30768 I DownloadManager: Initiating request for download 3647
07-05 13:14:28.985   545   548 D dalvikvm: GC_CONCURRENT freed 181K, 9% free 10761K/11719K, paused 1ms+3ms
07-05 13:14:29.090   545   548 D dalvikvm: GC_CONCURRENT freed 344K, 7% free 10915K/11719K, paused 2ms+3ms
07-05 13:14:29.266  1370 30770 E DictionaryProvider:UpdateHandler: Can't read a file : android.util.MalformedJsonException: Use JsonReader.setLenient(true) to accept malformed JSON at line 1 column 20
07-05 13:14:29.301  1370  1372 D dalvikvm: GC_CONCURRENT freed 394K, 7% free 9133K/9735K, paused 3ms+3ms
07-05 13:14:29.379   545   548 D dalvikvm: GC_CONCURRENT freed 911K, 11% free 10526K/11719K, paused 2ms+3ms
07-05 13:14:29.559   545   548 D dalvikvm: GC_CONCURRENT freed 434K, 11% free 10487K/11719K, paused 2ms+2ms
07-05 13:14:29.668   545 30773 I DownloadManager: Initiating request for download 3647
07-05 13:14:29.746   545   548 D dalvikvm: GC_CONCURRENT freed 278K, 10% free 10659K/11719K, paused 2ms+3ms
07-05 13:14:29.852   545   548 D dalvikvm: GC_CONCURRENT freed 319K, 8% free 10850K/11719K, paused 2ms+3ms
07-05 13:14:30.008   545   548 D dalvikvm: GC_CONCURRENT freed 792K, 10% free 10562K/11719K, paused 2ms+2ms
07-05 13:14:30.207   545   548 D dalvikvm: GC_CONCURRENT freed 459K, 11% free 10500K/11719K, paused 2ms+2ms
07-05 13:14:30.391   545   548 D dalvikvm: GC_CONCURRENT freed 413K, 11% free 10482K/11719K, paused 2ms+3ms
07-05 13:14:30.488   545 30776 I DownloadManager: Initiating request for download 3648
07-05 13:14:30.582   545   548 D dalvikvm: GC_CONCURRENT freed 220K, 9% free 10719K/11719K, paused 2ms+3ms
07-05 13:14:30.684   545   548 D dalvikvm: GC_CONCURRENT freed 340K, 7% free 10908K/11719K, paused 1ms+3ms
07-05 13:14:30.887  1370 30778 E DictionaryProvider:UpdateHandler: Can't read a file : android.util.MalformedJsonException: Use JsonReader.setLenient(true) to accept malformed JSON at line 1 column 20
07-05 13:14:30.930   545   548 D dalvikvm: GC_CONCURRENT freed 921K, 11% free 10531K/11719K, paused 2ms+2ms
07-05 13:14:31.113   545   548 D dalvikvm: GC_CONCURRENT freed 430K, 11% free 10496K/11719K, paused 2ms+2ms
07-05 13:14:31.258   545 30781 I DownloadManager: Initiating request for download 3648
07-05 13:14:31.313   545   548 D dalvikvm: GC_CONCURRENT freed 368K, 10% free 10559K/11719K, paused 2ms+2ms
07-05 13:14:31.426   545   548 D dalvikvm: GC_CONCURRENT freed 219K, 8% free 10799K/11719K, paused 2ms+3ms
07-05 13:14:31.551   545   548 D dalvikvm: GC_CONCURRENT freed 484K, 8% free 10813K/11719K, paused 1ms+2ms
07-05 13:14:31.781   545   548 D dalvikvm: GC_CONCURRENT freed 786K, 11% free 10508K/11719K, paused 2ms+2ms
07-05 13:14:31.965   545   548 D dalvikvm: GC_CONCURRENT freed 416K, 11% free 10486K/11719K, paused 1ms+2ms
07-05 13:14:32.082   545 30784 I DownloadManager: Initiating request for download 3649
07-05 13:14:32.180   545   548 D dalvikvm: GC_CONCURRENT freed 255K, 9% free 10768K/11719K, paused 1ms+3ms
07-05 13:14:32.285   545   548 D dalvikvm: GC_CONCURRENT freed 399K, 7% free 10912K/11719K, paused 2ms+3ms
07-05 13:14:32.488   545   548 D dalvikvm: GC_CONCURRENT freed 908K, 11% free 10523K/11719K, paused 2ms+3ms
07-05 13:14:32.528  1370 30786 E DictionaryProvider:UpdateHandler: Can't read a file : android.util.MalformedJsonException: Use JsonReader.setLenient(true) to accept malformed JSON at line 1 column 20
07-05 13:14:32.723   545   548 D dalvikvm: GC_CONCURRENT freed 411K, 11% free 10507K/11719K, paused 1ms+3ms
07-05 13:14:32.903   545 30789 I DownloadManager: Initiating request for download 3649
07-05 13:14:32.903   545   548 D dalvikvm: GC_CONCURRENT freed 391K, 11% free 10526K/11719K, paused 1ms+3ms
07-05 13:14:33.031   545   548 D dalvikvm: GC_CONCURRENT freed 192K, 9% free 10780K/11719K, paused 2ms+2ms
07-05 13:14:33.137   545   548 D dalvikvm: GC_CONCURRENT freed 449K, 8% free 10814K/11719K, paused 2ms+2ms
07-05 13:14:33.352   545   548 D dalvikvm: GC_CONCURRENT freed 779K, 11% free 10517K/11719K, paused 2ms+3ms
07-05 13:14:33.539   545   548 D dalvikvm: GC_CONCURRENT freed 418K, 11% free 10494K/11719K, paused 2ms+2ms
07-05 13:14:33.684   545 30792 I DownloadManager: Initiating request for download 3650
07-05 13:14:33.778   545   548 D dalvikvm: GC_CONCURRENT freed 299K, 10% free 10646K/11719K, paused 1ms+3ms
07-05 13:14:33.879   545   548 D dalvikvm: GC_CONCURRENT freed 299K, 8% free 10847K/11719K, paused 1ms+2ms
07-05 13:14:34.024   545   548 D dalvikvm: GC_CONCURRENT freed 801K, 10% free 10560K/11719K, paused 2ms+3ms
07-05 13:14:34.176  1370 30794 E DictionaryProvider:UpdateHandler: Can't read a file : android.util.MalformedJsonException: Use JsonReader.setLenient(true) to accept malformed JSON at line 1 column 20
07-05 13:14:34.223   465 30795 D dalvikvm: GC_EXPLICIT freed 436K, 6% free 10503K/11079K, paused 1ms+3ms
07-05 13:14:34.289   545   548 D dalvikvm: GC_CONCURRENT freed 425K, 11% free 10524K/11719K, paused 2ms+3ms
07-05 13:14:34.473   545   548 D dalvikvm: GC_CONCURRENT freed 426K, 11% free 10493K/11719K, paused 2ms+2ms
07-05 13:14:34.559   545 30797 I DownloadManager: Initiating request for download 3650
07-05 13:14:34.641   545   548 D dalvikvm: GC_CONCURRENT freed 245K, 9% free 10707K/11719K, paused 1ms+2ms
07-05 13:14:34.742   545   548 D dalvikvm: GC_CONCURRENT freed 335K, 8% free 10898K/11719K, paused 1ms+3ms
07-05 13:14:34.930   545   548 D dalvikvm: GC_CONCURRENT freed 854K, 10% free 10554K/11719K, paused 1ms+3ms
07-05 13:14:35.137   545   548 D dalvikvm: GC_CONCURRENT freed 437K, 11% free 10507K/11719K, paused 2ms+2ms
07-05 13:14:35.317   545   548 D dalvikvm: GC_CONCURRENT freed 405K, 11% free 10489K/11719K, paused 2ms+2ms
07-05 13:14:35.375   545 30800 I DownloadManager: Initiating request for download 3651
07-05 13:14:35.485   545   548 D dalvikvm: GC_CONCURRENT freed 164K, 9% free 10751K/11719K, paused 2ms+3ms
07-05 13:14:35.594   545   548 D dalvikvm: GC_CONCURRENT freed 344K, 7% free 10932K/11719K, paused 2ms+3ms
07-05 13:14:35.613   362   362 I wpa_supplicant: wlan0: CTRL-EVENT-DISCONNECTED bssid=64:a0:e7:5d:18:30 reason=0
07-05 13:14:35.613    77   117 D CommandListener: Clearing all IP addresses on wlan0
07-05 13:14:35.625   156   330 D ConnectivityService: ConnectivityChange for WIFI: DISCONNECTED/DISCONNECTED
07-05 13:14:35.629   156   330 D ConnectivityService: Attempting to switch to mobile
07-05 13:14:35.629   156   330 D ConnectivityService: Attempting to switch to WIMAX
07-05 13:14:35.629   156   330 D ConnectivityService: Attempting to switch to BLUETOOTH_TETHER
07-05 13:14:35.641   156   330 E ConnectivityService: Exception trying to remove a route: java.lang.IllegalStateException: Unable to communicate with native dameon to add routes - com.android.server.NativeDaemonConnectorException: Cmd {interface route remove wlan0 default 128.205.59.254 32 0.0.0.0} failed with code 400 : {Failed to remove route from default table (No such process)}
07-05 13:14:35.645   156   330 D NetUtils: android_net_utils_resetConnections in env=0x6b2b60 clazz=0x56f00001 iface=wlan0 mask=0x3
07-05 13:14:35.645   156   330 E ConnectivityService: Exception trying to remove a route: java.lang.IllegalStateException: Unable to communicate with native dameon to add routes - com.android.server.NativeDaemonConnectorException: Cmd {interface route remove wlan0 default 0.0.0.0 0 128.205.59.254} failed with code 400 : {Failed to remove route from default table (No such process)}
07-05 13:14:35.645   156   330 D ConnectivityService: resetConnections(wlan0, 3)
07-05 13:14:35.758   682  1055 E GTalkService: connectionClosed: no XMPPConnection - That's strange!
07-05 13:14:35.762   156   330 D ConnectivityService: handleInetConditionChange: no active default network - ignore
07-05 13:14:35.813   414   416 D dalvikvm: GC_CONCURRENT freed 558K, 37% free 10299K/16263K, paused 2ms+2ms
07-05 13:14:35.895   414   416 D dalvikvm: GC_CONCURRENT freed 573K, 38% free 10211K/16263K, paused 2ms+3ms
07-05 13:14:35.985   545 30800 W DownloadManager: Aborting request for download 3651: no network connection available
07-05 13:14:36.110   545   548 D dalvikvm: GC_CONCURRENT freed 935K, 11% free 10517K/11719K, paused 2ms+2ms
07-05 13:14:36.289   545   548 D dalvikvm: GC_CONCURRENT freed 415K, 11% free 10498K/11719K, paused 2ms+3ms
07-05 13:14:36.403   545 30802 I DownloadManager: Initiating request for download 3651
07-05 13:14:36.403   545 30802 W DownloadManager: Aborting request for download 3651: no network connection available
07-05 13:14:36.571   545   548 D dalvikvm: GC_CONCURRENT freed 362K, 11% free 10531K/11719K, paused 1ms+3ms
07-05 13:14:36.738   545   548 D dalvikvm: GC_CONCURRENT freed 414K, 11% free 10512K/11719K, paused 2ms+2ms
07-05 13:14:36.875   362   362 I wpa_supplicant: wlan0: Trying to associate with d0:c2:82:66:69:d0 (SSID='UB_Wireless' freq=2462 MHz)
07-05 13:14:36.942   545   548 D dalvikvm: GC_CONCURRENT freed 409K, 11% free 10498K/11719K, paused 18ms+3ms
07-05 13:14:37.043   362   362 I wpa_supplicant: wlan0: Associated with d0:c2:82:66:69:d0
07-05 13:14:37.043   362   362 I wpa_supplicant: wlan0: CTRL-EVENT-CONNECTED - Connection to d0:c2:82:66:69:d0 completed (reauth) [id=5 id_str=]
07-05 13:14:37.246   545   548 D dalvikvm: GC_CONCURRENT freed 359K, 11% free 10527K/11719K, paused 2ms+11ms
07-05 13:14:37.442   545   548 D dalvikvm: GC_CONCURRENT freed 407K, 11% free 10509K/11719K, paused 2ms+3ms
07-05 13:14:37.625   545   548 D dalvikvm: GC_CONCURRENT freed 407K, 11% free 10497K/11719K, paused 2ms+3ms
07-05 13:14:38.707   156   333 D Tethering: MasterInitialState.processMessage what=3
07-05 13:14:38.793  1086  1105 D PicasaSyncManager: active network: null
07-05 13:14:38.793  1086  1105 D PicasaSyncManager: background data: true
07-05 13:14:38.828  1190  1190 I MediaUploader: No need to wake up
07-05 13:14:38.828   993   993 I PhoneLab-WiFiReceiver: Wi-Fi is disconnected!
07-05 13:14:38.856   682   685 D dalvikvm: GC_CONCURRENT freed 435K, 9% free 10141K/11079K, paused 2ms+3ms
07-05 13:14:41.653   156   330 D ConnectivityService: ConnectivityChange for WIFI: CONNECTED/CONNECTED
07-05 13:14:41.699   993   993 I PhoneLab-WiFiReceiver: Wi-Fi is connected!
07-05 13:14:41.699   993   993 I PhoneLab-WiFiReceiver: SSID: UB_Wireless BSSID: d0:c2:82:66:69:d0 RSSI: -200 LinkSpeed: -1
07-05 13:14:41.699   993   993 I PhoneLab-Locks: wake lock acquired
07-05 13:14:41.703   993   993 I PhoneLab-UploadLogs: Transfering log files now
07-05 13:14:41.723   156   325 W NetworkStats: dropping UID delta from unknown iface: iface=wlan0 uid=0 set=DEFAULT tag=0x0 rxBytes=100 rxPackets=2 txBytes=348 txPackets=6 operations=0
07-05 13:14:41.774   993   995 D dalvikvm: GC_CONCURRENT freed 457K, 14% free 9204K/10695K, paused 1ms+2ms
07-05 13:14:41.793   993   993 D dalvikvm: GC_FOR_ALLOC freed 278K, 12% free 9427K/10695K, paused 12ms
07-05 13:14:41.809   993   993 I PhoneLab-UploadLogs: OnStartCommand
07-05 13:14:41.824   993   995 D dalvikvm: GC_CONCURRENT freed 298K, 10% free 9640K/10695K, paused 2ms+3ms
07-05 13:14:41.836   993 30832 D dalvikvm: GC_FOR_ALLOC freed 311K, 10% free 9656K/10695K, paused 13ms
07-05 13:14:41.856   993 30832 D dalvikvm: GC_FOR_ALLOC freed 301K, 10% free 9656K/10695K, paused 11ms
07-05 13:14:41.867   993 30832 D dalvikvm: GC_FOR_ALLOC freed 301K, 10% free 9657K/10695K, paused 12ms
07-05 13:14:42.289   156   330 D ConnectivityService: ConnectivityChange for mobile: CONNECTED/CONNECTED
07-05 13:14:42.321   156   330 D NetUtils: android_net_utils_resetConnections in env=0x6b2b60 clazz=0x68e00001 iface=rmnet0 mask=0x3
07-05 13:14:42.321   156   330 D ConnectivityService: ConnectivityChange for mobile: DISCONNECTED/DISCONNECTED
07-05 13:14:42.321   156   330 D ConnectivityService: Attempting to switch to WIFI
07-05 13:14:42.321   156   330 D ConnectivityService: Attempting to switch to WIMAX
07-05 13:14:42.321   156   330 D ConnectivityService: Attempting to switch to BLUETOOTH_TETHER
07-05 13:14:42.321   156   330 D ConnectivityService: resetConnections(rmnet0, 3)
07-05 13:14:42.469   156   158 D dalvikvm: GC_CONCURRENT freed 1137K, 12% free 14155K/16007K, paused 2ms+6ms
07-05 13:14:42.656   156   330 D ConnectivityService: NetTransition Wakelock for WifiStateMachine released by timeout
07-05 13:14:43.395   993 30832 W System.err: org.apache.http.client.ClientProtocolException
07-05 13:14:43.399   993 30832 W System.err: 	at org.apache.http.impl.client.AbstractHttpClient.execute(AbstractHttpClient.java:557)
07-05 13:14:43.403   993 30832 W System.err: 	at org.apache.http.impl.client.AbstractHttpClient.execute(AbstractHttpClient.java:487)
07-05 13:14:43.406   993 30832 W System.err: 	at com.loopj.android.http.AsyncHttpRequest.makeRequest(Unknown Source)
07-05 13:14:43.406   993 30832 W System.err: 	at com.loopj.android.http.AsyncHttpRequest.makeRequestWithRetries(Unknown Source)
07-05 13:14:43.406   993 30832 W System.err: 	at com.loopj.android.http.AsyncHttpRequest.run(Unknown Source)
07-05 13:14:43.410   993 30832 W System.err: 	at java.util.concurrent.Executors$RunnableAdapter.call(Executors.java:442)
07-05 13:14:43.410   993 30832 W System.err: 	at java.util.concurrent.FutureTask$Sync.innerRun(FutureTask.java:305)
07-05 13:14:43.410   993 30832 W System.err: 	at java.util.concurrent.FutureTask.run(FutureTask.java:137)
07-05 13:14:43.414   993 30832 W System.err: 	at java.util.concurrent.ThreadPoolExecutor.runWorker(ThreadPoolExecutor.java:1076)
07-05 13:14:43.414   993 30832 W System.err: 	at java.util.concurrent.ThreadPoolExecutor$Worker.run(ThreadPoolExecutor.java:569)
07-05 13:14:43.418   993 30832 W System.err: 	at java.lang.Thread.run(Thread.java:856)
07-05 13:14:43.418   993 30832 W System.err: Caused by: org.apache.http.client.NonRepeatableRequestException: Cannot retry request with a non-repeatable request entity
07-05 13:14:43.422   993 30832 W System.err: 	at org.apache.http.impl.client.DefaultRequestDirector.execute(DefaultRequestDirector.java:420)
07-05 13:14:43.426   993 30832 W System.err: 	at org.apache.http.impl.client.AbstractHttpClient.execute(AbstractHttpClient.java:555)
07-05 13:14:43.426   993 30832 W System.err: 	... 10 more
07-05 13:14:43.430   993   993 E PhoneLab-: Transfering 1341502082478.log failed
07-05 13:14:43.430   993   993 I PhoneLab-Locks: wake lock released
07-05 13:14:44.758   156   333 D Tethering: MasterInitialState.processMessage what=3
07-05 13:14:44.781   682   682 I GTalkService/c: [AndroidEndpoint@1095403848] connect: acct=1000001, state=CONNECTING
07-05 13:14:44.824  1190  1190 I MediaUploader: No need to wake up
07-05 13:14:44.883  1086  1105 D PicasaSyncManager: active network: NetworkInfo: type: WIFI[], state: CONNECTED/CONNECTED, reason: (unspecified), extra: (none), roaming: false, failover: false, isAvailable: true
07-05 13:14:44.883  1086  1105 D PicasaSyncManager: background data: true
07-05 13:14:44.922   414   414 D dalvikvm: GC_FOR_ALLOC freed 364K, 38% free 10219K/16263K, paused 16ms
07-05 13:14:45.000   414   416 D dalvikvm: GC_CONCURRENT freed 329K, 37% free 10329K/16263K, paused 2ms+3ms
07-05 13:14:45.219   545   548 D dalvikvm: GC_CONCURRENT freed 358K, 11% free 10526K/11719K, paused 4ms+3ms
07-05 13:14:45.348   156   333 D Tethering: MasterInitialState.processMessage what=3
07-05 13:14:45.371   156   333 D Tethering: MasterInitialState.processMessage what=3
07-05 13:14:45.426  1190  1190 I MediaUploader: No need to wake up
07-05 13:14:45.426  1086  1105 D PicasaSyncManager: active network: NetworkInfo: type: WIFI[], state: CONNECTED/CONNECTED, reason: (unspecified), extra: (none), roaming: false, failover: false, isAvailable: true
07-05 13:14:45.461  1190  1190 I MediaUploader: No need to wake up
07-05 13:14:45.465  1086  1105 D PicasaSyncManager: background data: true
07-05 13:14:45.465  1086  1105 D PicasaSyncManager: active network: NetworkInfo: type: WIFI[], state: CONNECTED/CONNECTED, reason: (unspecified), extra: (none), roaming: false, failover: false, isAvailable: true
07-05 13:14:45.469  1086  1105 D PicasaSyncManager: background data: true
07-05 13:14:45.543   545   548 D dalvikvm: GC_CONCURRENT freed 424K, 11% free 10494K/11719K, paused 2ms+5ms
07-05 13:14:45.633   156   641 D dalvikvm: GC_EXPLICIT freed 352K, 13% free 14078K/16007K, paused 2ms+12ms
07-05 13:14:45.774   545   548 D dalvikvm: GC_CONCURRENT freed 408K, 11% free 10481K/11719K, paused 1ms+2ms
07-05 13:14:45.910   545 30837 I DownloadManager: Initiating request for download 3651
07-05 13:14:46.016   545   548 D dalvikvm: GC_CONCURRENT freed 239K, 9% free 10696K/11719K, paused 2ms+3ms
07-05 13:14:46.121   545   548 D dalvikvm: GC_CONCURRENT freed 333K, 8% free 10883K/11719K, paused 2ms+3ms
07-05 13:14:46.293   545   548 D dalvikvm: GC_CONCURRENT freed 844K, 11% free 10544K/11719K, paused 1ms+2ms
07-05 13:14:46.356  1370 30839 E DictionaryProvider:UpdateHandler: Can't read a file : android.util.MalformedJsonException: Use JsonReader.setLenient(true) to accept malformed JSON at line 1 column 20
07-05 13:14:46.399  1370  1372 D dalvikvm: GC_CONCURRENT freed 392K, 7% free 9129K/9735K, paused 2ms+3ms
07-05 13:14:46.539   545   548 D dalvikvm: GC_CONCURRENT freed 437K, 11% free 10503K/11719K, paused 2ms+3ms
07-05 13:14:46.711   545   548 D dalvikvm: GC_CONCURRENT freed 419K, 11% free 10479K/11719K, paused 2ms+2ms
07-05 13:14:46.746   545 30842 I DownloadManager: Initiating request for download 3651
07-05 13:14:46.840   545   548 D dalvikvm: GC_CONCURRENT freed 191K, 9% free 10746K/11719K, paused 2ms+3ms
07-05 13:14:46.949   545   548 D dalvikvm: GC_CONCURRENT freed 330K, 7% free 10921K/11719K, paused 2ms+3ms
07-05 13:14:47.184   545   548 D dalvikvm: GC_CONCURRENT freed 923K, 11% free 10509K/11719K, paused 2ms+2ms
07-05 13:14:47.352   545   548 D dalvikvm: GC_CONCURRENT freed 408K, 11% free 10489K/11719K, paused 2ms+2ms
07-05 13:14:47.528   545 30845 I DownloadManager: Initiating request for download 3652
07-05 13:14:47.610   545   548 D dalvikvm: GC_CONCURRENT freed 346K, 10% free 10559K/11719K, paused 5ms+2ms
07-05 13:14:47.719   545   548 D dalvikvm: GC_CONCURRENT freed 221K, 8% free 10803K/11719K, paused 2ms+2ms
07-05 13:14:47.875   414   416 D dalvikvm: GC_CONCURRENT freed 350K, 37% free 10387K/16263K, paused 1ms+3ms
07-05 13:14:47.895   545   548 D dalvikvm: GC_CONCURRENT freed 485K, 8% free 10812K/11719K, paused 1ms+2ms
07-05 13:14:48.098  1370 30847 E DictionaryProvider:UpdateHandler: Can't read a file : android.util.MalformedJsonException: Use JsonReader.setLenient(true) to accept malformed JSON at line 1 column 20
07-05 13:14:48.192   545   548 D dalvikvm: GC_CONCURRENT freed 780K, 11% free 10516K/11719K, paused 2ms+2ms
07-05 13:14:48.399   545   548 D dalvikvm: GC_CONCURRENT freed 424K, 11% free 10487K/11719K, paused 2ms+2ms
07-05 13:14:48.492   545 30850 I DownloadManager: Initiating request for download 3652
07-05 13:14:48.582   545   548 D dalvikvm: GC_CONCURRENT freed 265K, 9% free 10680K/11719K, paused 2ms+2ms
07-05 13:14:48.676   545   548 D dalvikvm: GC_CONCURRENT freed 347K, 8% free 10886K/11719K, paused 2ms+3ms
07-05 13:14:48.844   545   548 D dalvikvm: GC_CONCURRENT freed 848K, 11% free 10547K/11719K, paused 2ms+2ms
07-05 13:14:49.051   545   548 D dalvikvm: GC_CONCURRENT freed 442K, 11% free 10501K/11719K, paused 1ms+2ms
07-05 13:14:49.223   545   548 D dalvikvm: GC_CONCURRENT freed 405K, 11% free 10483K/11719K, paused 1ms+2ms
07-05 13:14:49.305   545 30853 I DownloadManager: Initiating request for download 3653
07-05 13:14:49.410   545   548 D dalvikvm: GC_CONCURRENT freed 173K, 9% free 10739K/11719K, paused 2ms+3ms
07-05 13:14:49.516   545   548 D dalvikvm: GC_CONCURRENT freed 321K, 7% free 10927K/11719K, paused 1ms+3ms
07-05 13:14:49.735   545   548 D dalvikvm: GC_CONCURRENT freed 933K, 11% free 10515K/11719K, paused 2ms+2ms
07-05 13:14:49.781  1370 30855 E DictionaryProvider:UpdateHandler: Can't read a file : android.util.MalformedJsonException: Use JsonReader.setLenient(true) to accept malformed JSON at line 1 column 20
07-05 13:14:49.969   545   548 D dalvikvm: GC_CONCURRENT freed 408K, 11% free 10501K/11719K, paused 2ms+3ms
07-05 13:14:50.113   545 30858 I DownloadManager: Initiating request for download 3653
07-05 13:14:50.145   545   548 D dalvikvm: GC_CONCURRENT freed 383K, 11% free 10530K/11719K, paused 1ms+3ms
07-05 13:14:50.266   545   548 D dalvikvm: GC_CONCURRENT freed 201K, 8% free 10788K/11719K, paused 2ms+3ms
07-05 13:14:50.379   545   548 D dalvikvm: GC_CONCURRENT freed 465K, 8% free 10817K/11719K, paused 2ms+3ms
07-05 13:14:50.606   545   548 D dalvikvm: GC_CONCURRENT freed 787K, 11% free 10512K/11719K, paused 2ms+2ms
07-05 13:14:50.785   545   548 D dalvikvm: GC_CONCURRENT freed 414K, 11% free 10493K/11719K, paused 2ms+2ms
07-05 13:14:50.926   545 30861 I DownloadManager: Initiating request for download 3654
07-05 13:14:51.012   545   548 D dalvikvm: GC_CONCURRENT freed 281K, 9% free 10671K/11719K, paused 2ms+3ms
07-05 13:14:51.121   545   548 D dalvikvm: GC_CONCURRENT freed 283K, 7% free 10922K/11719K, paused 1ms+2ms
07-05 13:14:51.289   545   548 D dalvikvm: GC_CONCURRENT freed 883K, 10% free 10556K/11719K, paused 2ms+3ms
07-05 13:14:51.360  1370 30863 E DictionaryProvider:UpdateHandler: Can't read a file : android.util.MalformedJsonException: Use JsonReader.setLenient(true) to accept malformed JSON at line 1 column 20
07-05 13:14:51.528   545   548 D dalvikvm: GC_CONCURRENT freed 434K, 11% free 10525K/11719K, paused 2ms+2ms
07-05 13:14:51.699   545   548 D dalvikvm: GC_CONCURRENT freed 430K, 11% free 10490K/11719K, paused 1ms+3ms
07-05 13:14:51.754   545 30866 I DownloadManager: Initiating request for download 3654
07-05 13:14:51.852   545   548 D dalvikvm: GC_CONCURRENT freed 216K, 9% free 10733K/11719K, paused 1ms+3ms
07-05 13:14:51.957   545   548 D dalvikvm: GC_CONCURRENT freed 344K, 7% free 10920K/11719K, paused 2ms+3ms
07-05 13:14:52.180   545   548 D dalvikvm: GC_CONCURRENT freed 917K, 11% free 10518K/11719K, paused 2ms+2ms
07-05 13:14:52.360   545   548 D dalvikvm: GC_CONCURRENT freed 415K, 11% free 10499K/11719K, paused 2ms+3ms
07-05 13:14:52.559   545 30869 I DownloadManager: Initiating request for download 3655
07-05 13:14:52.621   545   548 D dalvikvm: GC_CONCURRENT freed 372K, 10% free 10569K/11719K, paused 2ms+2ms
07-05 13:14:52.727   545   548 D dalvikvm: GC_CONCURRENT freed 222K, 8% free 10809K/11719K, paused 2ms+3ms
07-05 13:14:52.844   545   548 D dalvikvm: GC_CONCURRENT freed 487K, 8% free 10824K/11719K, paused 1ms+3ms
07-05 13:14:53.016  1370 30871 E DictionaryProvider:UpdateHandler: Can't read a file : android.util.MalformedJsonException: Use JsonReader.setLenient(true) to accept malformed JSON at line 1 column 20
07-05 13:14:53.047  1370  1372 D dalvikvm: GC_CONCURRENT freed 390K, 7% free 9127K/9735K, paused 2ms+2ms
07-05 13:14:53.137   545   548 D dalvikvm: GC_CONCURRENT freed 781K, 11% free 10531K/11719K, paused 2ms+3ms
07-05 13:14:53.328   545   548 D dalvikvm: GC_CONCURRENT freed 430K, 11% free 10496K/11719K, paused 2ms+2ms
07-05 13:14:53.418   545 30874 I DownloadManager: Initiating request for download 3655
07-05 13:14:53.492   545   548 D dalvikvm: GC_CONCURRENT freed 249K, 9% free 10682K/11719K, paused 1ms+2ms
07-05 13:14:53.602   545   548 D dalvikvm: GC_CONCURRENT freed 309K, 8% free 10860K/11719K, paused 2ms+3ms
07-05 13:14:53.735   545   548 D dalvikvm: GC_CONCURRENT freed 790K, 10% free 10561K/11719K, paused 2ms+3ms
07-05 13:14:53.938   545   548 D dalvikvm: GC_CONCURRENT freed 443K, 11% free 10515K/11719K, paused 2ms+3ms
07-05 13:14:54.113   545   548 D dalvikvm: GC_CONCURRENT freed 414K, 11% free 10496K/11719K, paused 2ms+2ms
07-05 13:14:54.211   545 30877 I DownloadManager: Initiating request for download 3656
07-05 13:14:54.301   545   548 D dalvikvm: GC_CONCURRENT freed 236K, 9% free 10717K/11719K, paused 2ms+2ms
07-05 13:14:54.410   545   548 D dalvikvm: GC_CONCURRENT freed 337K, 7% free 10907K/11719K, paused 2ms+3ms
07-05 13:14:54.602   545   548 D dalvikvm: GC_CONCURRENT freed 866K, 10% free 10559K/11719K, paused 2ms+3ms
07-05 13:14:54.660  1370 30879 E DictionaryProvider:UpdateHandler: Can't read a file : android.util.MalformedJsonException: Use JsonReader.setLenient(true) to accept malformed JSON at line 1 column 20
07-05 13:14:54.684   545 30881 I DownloadManager: in removeSpuriousFiles
07-05 13:14:54.778   545   548 D dalvikvm: GC_CONCURRENT freed 316K, 9% free 10755K/11719K, paused 2ms+3ms
07-05 13:14:54.817   545 30881 I DownloadManager: in removeSpuriousFiles, preserving file /data/data/com.android.providers.downloads/cache/metadata-32.htm
07-05 13:14:54.821   545 30881 I DownloadManager: in removeSpuriousFiles, preserving file /data/data/com.android.providers.downloads/cache/metadata-21.htm
07-05 13:14:54.821   545 30881 I DownloadManager: in removeSpuriousFiles, preserving file /data/data/com.android.providers.downloads/cache/metadata-55.htm
07-05 13:14:54.821   545 30881 I DownloadManager: in removeSpuriousFiles, preserving file /data/data/com.android.providers.downloads/cache/metadata-42.htm
07-05 13:14:54.821   545 30881 I DownloadManager: in removeSpuriousFiles, preserving file /data/data/com.android.providers.downloads/cache/metadata-58.htm
07-05 13:14:54.821   545 30881 I DownloadManager: in removeSpuriousFiles, preserving file /data/data/com.android.providers.downloads/cache/metadata-59.htm
07-05 13:14:54.821   545 30881 I DownloadManager: in removeSpuriousFiles, preserving file /data/data/com.android.providers.downloads/cache/metadata-2109.htm
07-05 13:14:54.821   545 30881 I DownloadManager: in removeSpuriousFiles, preserving file /data/data/com.android.providers.downloads/cache/metadata-161.htm
07-05 13:14:54.821   545 30881 I DownloadManager: in removeSpuriousFiles, preserving file /data/data/com.android.providers.downloads/cache/metadata-372.htm
07-05 13:14:54.821   545 30881 I DownloadManager: in removeSpuriousFiles, preserving file /data/data/com.android.providers.downloads/cache/metadata-60.htm
07-05 13:14:54.821   545 30881 I DownloadManager: in removeSpuriousFiles, preserving file /data/data/com.android.providers.downloads/cache/metadata-153.htm
07-05 13:14:54.821   545 30881 I DownloadManager: in removeSpuriousFiles, preserving file /data/data/com.android.providers.downloads/cache/metadata-62.htm
07-05 13:14:54.821   545 30881 I DownloadManager: in removeSpuriousFiles, preserving file /data/data/com.android.providers.downloads/cache/metadata-89.htm
07-05 13:14:54.821   545 30881 I DownloadManager: in removeSpuriousFiles, preserving file /data/data/com.android.providers.downloads/cache/metadata-1266.htm
07-05 13:14:54.821   545 30881 I DownloadManager: in removeSpuriousFiles, preserving file /data/data/com.android.providers.downloads/cache/metadata-151.htm
07-05 13:14:54.821   545 30881 I DownloadManager: in removeSpuriousFiles, preserving file /data/data/com.android.providers.downloads/cache/metadata-324.htm
07-05 13:14:54.821   545 30881 I DownloadManager: in removeSpuriousFiles, preserving file /data/data/com.android.providers.downloads/cache/metadata-1400.htm
07-05 13:14:54.821   545 30881 I DownloadManager: in removeSpuriousFiles, preserving file /data/data/com.android.providers.downloads/cache/metadata-609.htm
07-05 13:14:54.821   545 30881 I DownloadManager: in removeSpuriousFiles, preserving file /data/data/com.android.providers.downloads/cache/metadata-183.htm
07-05 13:14:54.821   545 30881 I DownloadManager: in removeSpuriousFiles, preserving file /data/data/com.android.providers.downloads/cache/metadata-1740.htm
07-05 13:14:54.821   545 30881 I DownloadManager: in removeSpuriousFiles, preserving file /data/data/com.android.providers.downloads/cache/metadata-67.htm
07-05 13:14:54.821   545 30881 I DownloadManager: in removeSpuriousFiles, preserving file /data/data/com.android.providers.downloads/cache/metadata-143.htm
07-05 13:14:54.824   545 30881 I DownloadManager: in removeSpuriousFiles, preserving file /data/data/com.android.providers.downloads/cache/metadata-1077.htm
07-05 13:14:54.824   545 30881 I DownloadManager: in removeSpuriousFiles, preserving file /data/data/com.android.providers.downloads/cache/metadata-563.htm
07-05 13:14:54.824   545 30881 I DownloadManager: in removeSpuriousFiles, preserving file /data/data/com.android.providers.downloads/cache/metadata-1249.htm
07-05 13:14:54.824   545 30881 I DownloadManager: in removeSpuriousFiles, preserving file /data/data/com.android.providers.downloads/cache/metadata-196.htm
07-05 13:14:54.824   545 30881 I DownloadManager: in removeSpuriousFiles, preserving file /data/data/com.android.providers.downloads/cache/metadata-216.htm
07-05 13:14:54.824   545 30881 I DownloadManager: in removeSpuriousFiles, preserving file /data/data/com.android.providers.downloads/cache/metadata-1887.htm
07-05 13:14:54.824   545 30881 I DownloadManager: in removeSpuriousFiles, preserving file /data/data/com.android.providers.downloads/cache/metadata-799.htm
07-05 13:14:54.824   545 30881 I DownloadManager: in removeSpuriousFiles, preserving file /data/data/com.android.providers.downloads/cache/metadata-991.htm
07-05 13:14:54.824   545 30881 I DownloadManager: in removeSpuriousFiles, preserving file /data/data/com.android.providers.downloads/cache/metadata-230.htm
07-05 13:14:54.824   545 30881 I DownloadManager: in removeSpuriousFiles, preserving file /data/data/com.android.providers.downloads/cache/metadata-1102.htm
07-05 13:14:54.824   545 30881 I DownloadManager: in removeSpuriousFiles, preserving file /data/data/com.android.providers.downloads/cache/metadata-656.htm
07-05 13:14:54.824   545 30881 I DownloadManager: in removeSpuriousFiles, preserving file /data/data/com.android.providers.downloads/cache/metadata-580.htm
07-05 13:14:54.824   545 30881 I DownloadManager: in removeSpuriousFiles, preserving file /data/data/com.android.providers.downloads/cache/metadata-1304.htm
07-05 13:14:54.824   545 30881 I DownloadManager: in removeSpuriousFiles, preserving file /data/data/com.android.providers.downloads/cache/metadata-1635.htm
07-05 13:14:54.828   545 30881 I DownloadManager: in removeSpuriousFiles, preserving file /data/data/com.android.providers.downloads/cache/metadata-416.htm
07-05 13:14:54.828   545 30881 I DownloadManager: in removeSpuriousFiles, preserving file /data/data/com.android.providers.downloads/cache/metadata-1823.htm
07-05 13:14:54.828   545 30881 I DownloadManager: in removeSpuriousFiles, preserving file /data/data/com.android.providers.downloads/cache/metadata-590.htm
07-05 13:14:54.828   545 30881 I DownloadManager: in removeSpuriousFiles, preserving file /data/data/com.android.providers.downloads/cache/metadata-586.htm
07-05 13:14:54.828   545 30881 I DownloadManager: in removeSpuriousFiles, preserving file /data/data/com.android.providers.downloads/cache/metadata-1270.htm
07-05 13:14:54.828   545 30881 I DownloadManager: in removeSpuriousFiles, preserving file /data/data/com.android.providers.downloads/cache/metadata-686.htm
07-05 13:14:54.828   545 30881 I DownloadManager: in removeSpuriousFiles, preserving file /data/data/com.android.providers.downloads/cache/metadata-245.htm
07-05 13:14:54.848   545 30881 I DownloadManager: in removeSpuriousFiles, preserving file /data/data/com.android.providers.downloads/cache/metadata-862.htm
07-05 13:14:54.848   545 30881 I DownloadManager: in removeSpuriousFiles, preserving file /data/data/com.android.providers.downloads/cache/metadata-1312.htm
07-05 13:14:54.852   545 30881 I DownloadManager: in removeSpuriousFiles, preserving file /data/data/com.android.providers.downloads/cache/metadata-1212.htm
07-05 13:14:54.852   545 30881 I DownloadManager: in removeSpuriousFiles, preserving file /data/data/com.android.providers.downloads/cache/metadata-294.htm
07-05 13:14:54.852   545 30881 I DownloadManager: in removeSpuriousFiles, preserving file /data/data/com.android.providers.downloads/cache/metadata-192.htm
07-05 13:14:54.856   545 30881 I DownloadManager: in removeSpuriousFiles, preserving file /data/data/com.android.providers.downloads/cache/metadata-1140.htm
07-05 13:14:54.856   545 30881 I DownloadManager: in removeSpuriousFiles, preserving file /data/data/com.android.providers.downloads/cache/metadata-201.htm
07-05 13:14:54.856   545 30881 I DownloadManager: in removeSpuriousFiles, preserving file /data/data/com.android.providers.downloads/cache/metadata-77.htm
07-05 13:14:54.856   545 30881 I DownloadManager: in removeSpuriousFiles, preserving file /data/data/com.android.providers.downloads/cache/metadata-1921.htm
07-05 13:14:54.860   545 30881 I DownloadManager: in removeSpuriousFiles, preserving file /data/data/com.android.providers.downloads/cache/metadata-627.htm
07-05 13:14:54.860   545 30881 I DownloadManager: in removeSpuriousFiles, preserving file /data/data/com.android.providers.downloads/cache/metadata-569.htm
07-05 13:14:54.860   545 30881 I DownloadManager: in removeSpuriousFiles, preserving file /data/data/com.android.providers.downloads/cache/metadata-1756.htm
07-05 13:14:54.863   545 30881 I DownloadManager: in removeSpuriousFiles, preserving file /data/data/com.android.providers.downloads/cache/metadata-787.htm
07-05 13:14:54.863   545 30881 I DownloadManager: in removeSpuriousFiles, preserving file /data/data/com.android.providers.downloads/cache/metadata-1158.htm
07-05 13:14:54.863   545 30881 I DownloadManager: in removeSpuriousFiles, preserving file /data/data/com.android.providers.downloads/cache/metadata-595.htm
07-05 13:14:54.863   545 30881 I DownloadManager: in removeSpuriousFiles, preserving file /data/data/com.android.providers.downloads/cache/metadata-1002.htm
07-05 13:14:54.867   545 30881 I DownloadManager: in removeSpuriousFiles, preserving file /data/data/com.android.providers.downloads/cache/metadata-1199.htm
07-05 13:14:54.867   545 30881 I DownloadManager: in removeSpuriousFiles, preserving file /data/data/com.android.providers.downloads/cache/metadata-174.htm
07-05 13:14:54.867   545 30881 I DownloadManager: in removeSpuriousFiles, preserving file /data/data/com.android.providers.downloads/cache/metadata-641.htm
07-05 13:14:54.871   545 30881 I DownloadManager: in removeSpuriousFiles, preserving file /data/data/com.android.providers.downloads/cache/metadata-319.htm
07-05 13:14:54.871   545 30881 I DownloadManager: in removeSpuriousFiles, preserving file /data/data/com.android.providers.downloads/cache/metadata-1314.htm
07-05 13:14:54.871   545 30881 I DownloadManager: in removeSpuriousFiles, preserving file /data/data/com.android.providers.downloads/cache/metadata-663.htm
07-05 13:14:54.875   545 30881 I DownloadManager: in removeSpuriousFiles, preserving file /data/data/com.android.providers.downloads/cache/metadata-604.htm
07-05 13:14:54.875   545 30881 I DownloadManager: in removeSpuriousFiles, preserving file /data/data/com.android.providers.downloads/cache/metadata-1195.htm
07-05 13:14:54.875   545 30881 I DownloadManager: in removeSpuriousFiles, preserving file /data/data/com.android.providers.downloads/cache/metadata-1458.htm
07-05 13:14:54.875   545 30881 I DownloadManager: in removeSpuriousFiles, preserving file /data/data/com.android.providers.downloads/cache/metadata-1847.htm
07-05 13:14:54.879   545 30881 I DownloadManager: in removeSpuriousFiles, preserving file /data/data/com.android.providers.downloads/cache/metadata-556.htm
07-05 13:14:54.879   545 30881 I DownloadManager: in removeSpuriousFiles, preserving file /data/data/com.android.providers.downloads/cache/metadata-1687.htm
07-05 13:14:54.895   545 30881 I DownloadManager: in removeSpuriousFiles, preserving file /data/data/com.android.providers.downloads/cache/metadata-1649.htm
07-05 13:14:54.895   545 30881 I DownloadManager: in removeSpuriousFiles, preserving file /data/data/com.android.providers.downloads/cache/metadata-1441.htm
07-05 13:14:54.895   545 30881 I DownloadManager: in removeSpuriousFiles, preserving file /data/data/com.android.providers.downloads/cache/metadata-797.htm
07-05 13:14:54.895   545 30881 I DownloadManager: in removeSpuriousFiles, preserving file /data/data/com.android.providers.downloads/cache/metadata-1395.htm
07-05 13:14:54.895   545 30881 I DownloadManager: in removeSpuriousFiles, preserving file /data/data/com.android.providers.downloads/cache/metadata-1341.htm
07-05 13:14:54.899   545   548 D dalvikvm: GC_CONCURRENT freed 447K, 8% free 10792K/11719K, paused 2ms+2ms
07-05 13:14:54.899   545 30881 I DownloadManager: in removeSpuriousFiles, preserving file /data/data/com.android.providers.downloads/cache/metadata-1910.htm
07-05 13:14:54.903   545 30881 I DownloadManager: in removeSpuriousFiles, preserving file /data/data/com.android.providers.downloads/cache/metadata-642.htm
07-05 13:14:54.903   545 30881 I DownloadManager: in removeSpuriousFiles, preserving file /data/data/com.android.providers.downloads/cache/metadata-989.htm
07-05 13:14:54.903   545 30881 I DownloadManager: in removeSpuriousFiles, preserving file /data/data/com.android.providers.downloads/cache/metadata-1931.htm
07-05 13:14:54.903   545 30881 I DownloadManager: in removeSpuriousFiles, preserving file /data/data/com.android.providers.downloads/cache/metadata-1251.htm
07-05 13:14:54.903   545 30881 I DownloadManager: in removeSpuriousFiles, preserving file /data/data/com.android.providers.downloads/cache/metadata-1775.htm
07-05 13:14:54.903   545 30881 I DownloadManager: in removeSpuriousFiles, preserving file /data/data/com.android.providers.downloads/cache/metadata-1241.htm
07-05 13:14:54.906   545 30881 I DownloadManager: in removeSpuriousFiles, preserving file /data/data/com.android.providers.downloads/cache/metadata-1677.htm
07-05 13:14:54.906   545 30881 I DownloadManager: in removeSpuriousFiles, preserving file /data/data/com.android.providers.downloads/cache/metadata-2208.htm
07-05 13:14:54.906   545 30881 I DownloadManager: in removeSpuriousFiles, preserving file /data/data/com.android.providers.downloads/cache/metadata-473.htm
07-05 13:14:54.906   545 30881 I DownloadManager: in removeSpuriousFiles, preserving file /data/data/com.android.providers.downloads/cache/metadata-1956.htm
07-05 13:14:54.906   545 30881 I DownloadManager: in removeSpuriousFiles, preserving file /data/data/com.android.providers.downloads/cache/metadata-882.htm
07-05 13:14:54.914   545 30881 I DownloadManager: in removeSpuriousFiles, preserving file /data/data/com.android.providers.downloads/cache/metadata-1626.htm
07-05 13:14:54.918   545 30881 I DownloadManager: in removeSpuriousFiles, preserving file /data/data/com.android.providers.downloads/cache/metadata-772.htm
07-05 13:14:54.918   545 30881 I DownloadManager: in removeSpuriousFiles, preserving file /data/data/com.android.providers.downloads/cache/metadata-1716.htm
07-05 13:14:54.918   545 30881 I DownloadManager: in removeSpuriousFiles, preserving file /data/data/com.android.providers.downloads/cache/metadata-1355.htm
07-05 13:14:54.918   545 30881 I DownloadManager: in removeSpuriousFiles, preserving file /data/data/com.android.providers.downloads/cache/metadata-1498.htm
07-05 13:14:54.926   545 30881 I DownloadManager: in removeSpuriousFiles, preserving file /data/data/com.android.providers.downloads/cache/metadata-848.htm
07-05 13:14:54.926   545 30881 I DownloadManager: in removeSpuriousFiles, preserving file /data/data/com.android.providers.downloads/cache/metadata-849.htm
07-05 13:14:54.926   545 30881 I DownloadManager: in removeSpuriousFiles, preserving file /data/data/com.android.providers.downloads/cache/metadata-1659.htm
07-05 13:14:54.926   545 30881 I DownloadManager: in removeSpuriousFiles, preserving file /data/data/com.android.providers.downloads/cache/metadata-1707.htm
07-05 13:14:54.926   545 30881 I DownloadManager: in removeSpuriousFiles, preserving file /data/data/com.android.providers.downloads/cache/metadata-661.htm
07-05 13:14:54.926   545 30881 I DownloadManager: in removeSpuriousFiles, preserving file /data/data/com.android.providers.downloads/cache/metadata-299.htm
07-05 13:14:54.930   545 30881 I DownloadManager: in removeSpuriousFiles, preserving file /data/data/com.android.providers.downloads/cache/metadata-126.htm
07-05 13:14:54.930   545 30881 I DownloadManager: in removeSpuriousFiles, preserving file /data/data/com.android.providers.downloads/cache/metadata-983.htm
07-05 13:14:54.930   545 30881 I DownloadManager: in removeSpuriousFiles, preserving file /data/data/com.android.providers.downloads/cache/metadata-2184.htm
07-05 13:14:54.930   545 30881 I DownloadManager: in removeSpuriousFiles, preserving file /data/data/com.android.providers.downloads/cache/metadata-219.htm
07-05 13:14:54.930   545 30881 I DownloadManager: in removeSpuriousFiles, preserving file /data/data/com.android.providers.downloads/cache/metadata-757.htm
07-05 13:14:54.930   545 30881 I DownloadManager: in removeSpuriousFiles, preserving file /data/data/com.android.providers.downloads/cache/metadata-691.htm
07-05 13:14:54.934   545 30881 I DownloadManager: in removeSpuriousFiles, preserving file /data/data/com.android.providers.downloads/cache/metadata-694.htm
07-05 13:14:54.934   545 30881 I DownloadManager: in removeSpuriousFiles, preserving file /data/data/com.android.providers.downloads/cache/metadata-1036.htm
07-05 13:14:54.934   545 30881 I DownloadManager: in removeSpuriousFiles, preserving file /data/data/com.android.providers.downloads/cache/metadata-1066.htm
07-05 13:14:54.934   545 30881 I DownloadManager: in removeSpuriousFiles, preserving file /data/data/com.android.providers.downloads/cache/metadata-1181.htm
07-05 13:14:54.934   545 30881 I DownloadManager: in removeSpuriousFiles, preserving file /data/data/com.android.providers.downloads/cache/metadata-2062.htm
07-05 13:14:54.934   545 30881 I DownloadManager: in removeSpuriousFiles, preserving file /data/data/com.android.providers.downloads/cache/metadata-1142.htm
07-05 13:14:54.934   545 30881 I DownloadManager: in removeSpuriousFiles, preserving file /data/data/com.android.providers.downloads/cache/metadata-1922.htm
07-05 13:14:54.938   545 30881 I DownloadManager: in removeSpuriousFiles, preserving file /data/data/com.android.providers.downloads/cache/metadata-1211.htm
07-05 13:14:54.938   545 30881 I DownloadManager: in removeSpuriousFiles, preserving file /data/data/com.android.providers.downloads/cache/metadata-1519.htm
07-05 13:14:54.938   545 30881 I DownloadManager: in removeSpuriousFiles, preserving file /data/data/com.android.providers.downloads/cache/metadata-1369.htm
07-05 13:14:54.938   545 30881 I DownloadManager: in removeSpuriousFiles, preserving file /data/data/com.android.providers.downloads/cache/metadata-601.htm
07-05 13:14:54.938   545 30881 I DownloadManager: in removeSpuriousFiles, preserving file /data/data/com.android.providers.downloads/cache/metadata-677.htm
07-05 13:14:54.938   545 30881 I DownloadManager: in removeSpuriousFiles, preserving file /data/data/com.android.providers.downloads/cache/metadata-1650.htm
07-05 13:14:54.942   545 30881 I DownloadManager: in removeSpuriousFiles, preserving file /data/data/com.android.providers.downloads/cache/metadata-16.htm
07-05 13:14:54.942   545 30881 I DownloadManager: in removeSpuriousFiles, preserving file /data/data/com.android.providers.downloads/cache/metadata-27.htm
07-05 13:14:54.942   545 30881 I DownloadManager: in removeSpuriousFiles, preserving file /data/data/com.android.providers.downloads/cache/metadata-44.htm
07-05 13:14:54.942   545 30881 I DownloadManager: in removeSpuriousFiles, preserving file /data/data/com.android.providers.downloads/cache/metadata-54.htm
07-05 13:14:54.942   545 30881 I DownloadManager: in removeSpuriousFiles, preserving file /data/data/com.android.providers.downloads/cache/metadata-25.htm
07-05 13:14:54.942   545 30881 I DownloadManager: in removeSpuriousFiles, preserving file /data/data/com.android.providers.downloads/cache/metadata-39.htm
07-05 13:14:54.942   545 30881 I DownloadManager: in removeSpuriousFiles, preserving file /data/data/com.android.providers.downloads/cache/metadata-17.htm
07-05 13:14:54.942   545 30881 I DownloadManager: in removeSpuriousFiles, preserving file /data/data/com.android.providers.downloads/cache/metadata-72.htm
07-05 13:14:54.942   545 30881 I DownloadManager: in removeSpuriousFiles, preserving file /data/data/com.android.providers.downloads/cache/metadata-71.htm
07-05 13:14:54.942   545 30881 I DownloadManager: in removeSpuriousFiles, preserving file /data/data/com.android.providers.downloads/cache/metadata-150.htm
07-05 13:14:54.942   545 30881 I DownloadManager: in removeSpuriousFiles, preserving file /data/data/com.android.providers.downloads/cache/metadata-148.htm
07-05 13:14:54.942   545 30881 I DownloadManager: in removeSpuriousFiles, preserving file /data/data/com.android.providers.downloads/cache/metadata-68.htm
07-05 13:14:54.942   545 30881 I DownloadManager: in removeSpuriousFiles, preserving file /data/data/com.android.providers.downloads/cache/metadata-300.htm
07-05 13:14:54.942   545 30881 I DownloadManager: in removeSpuriousFiles, preserving file /data/data/com.android.providers.downloads/cache/metadata-224.htm
07-05 13:14:54.942   545 30881 I DownloadManager: in removeSpuriousFiles, preserving file /data/data/com.android.providers.downloads/cache/metadata-85.htm
07-05 13:14:54.942   545 30881 I DownloadManager: in removeSpuriousFiles, preserving file /data/data/com.android.providers.downloads/cache/metadata-254.htm
07-05 13:14:54.942   545 30881 I DownloadManager: in removeSpuriousFiles, preserving file /data/data/com.android.providers.downloads/cache/metadata-158.htm
07-05 13:14:54.942   545 30881 I DownloadManager: in removeSpuriousFiles, preserving file /data/data/com.android.providers.downloads/cache/metadata-120.htm
07-05 13:14:54.942   545 30881 I DownloadManager: in removeSpuriousFiles, preserving file /data/data/com.android.providers.downloads/cache/metadata-90.htm
07-05 13:14:54.942   545 30881 I DownloadManager: in removeSpuriousFiles, preserving file /data/data/com.android.providers.downloads/cache/metadata-284.htm
07-05 13:14:54.942   545 30881 I DownloadManager: in removeSpuriousFiles, preserving file /data/data/com.android.providers.downloads/cache/metadata-182.htm
07-05 13:14:54.942   545 30881 I DownloadManager: in removeSpuriousFiles, preserving file /data/data/com.android.providers.downloads/cache/metadata-101.htm
07-05 13:14:54.942   545 30881 I DownloadManager: in removeSpuriousFiles, preserving file /data/data/com.android.providers.downloads/cache/metadata-145.htm
07-05 13:14:54.946   545 30881 I DownloadManager: in removeSpuriousFiles, preserving file /data/data/com.android.providers.downloads/cache/metadata-215.htm
07-05 13:14:54.946   545 30881 I DownloadManager: in removeSpuriousFiles, preserving file /data/data/com.android.providers.downloads/cache/metadata-70.htm
07-05 13:14:54.946   545 30881 I DownloadManager: in removeSpuriousFiles, preserving file /data/data/com.android.providers.downloads/cache/metadata-207.htm
07-05 13:14:54.946   545 30881 I DownloadManager: in removeSpuriousFiles, preserving file /data/data/com.android.providers.downloads/cache/metadata-123.htm
07-05 13:14:54.946   545 30881 I DownloadManager: in removeSpuriousFiles, preserving file /data/data/com.android.providers.downloads/cache/metadata-202.htm
07-05 13:14:54.946   545 30881 I DownloadManager: in removeSpuriousFiles, preserving file /data/data/com.android.providers.downloads/cache/metadata-80.htm
07-05 13:14:54.946   545 30881 I DownloadManager: in removeSpuriousFiles, preserving file /data/data/com.android.providers.downloads/cache/metadata-753.htm
07-05 13:14:54.946   545 30881 I DownloadManager: in removeSpuriousFiles, preserving file /data/data/com.android.providers.downloads/cache/metadata-620.htm
07-05 13:14:54.946   545 30881 I DownloadManager: in removeSpuriousFiles, preserving file /data/data/com.android.providers.downloads/cache/metadata-73.htm
07-05 13:14:54.946   545 30881 I DownloadManager: in removeSpuriousFiles, preserving file /data/data/com.android.providers.downloads/cache/metadata-141.htm
07-05 13:14:54.946   545 30881 I DownloadManager: in removeSpuriousFiles, preserving file /data/data/com.android.providers.downloads/cache/metadata-142.htm
07-05 13:14:54.946   545 30881 I DownloadManager: in removeSpuriousFiles, preserving file /data/data/com.android.providers.downloads/cache/metadata-79.htm
07-05 13:14:54.946   545 30881 I DownloadManager: in removeSpuriousFiles, preserving file /data/data/com.android.providers.downloads/cache/metadata-398.htm
07-05 13:14:54.946   545 30881 I DownloadManager: in removeSpuriousFiles, preserving file /data/data/com.android.providers.downloads/cache/metadata-124.htm
07-05 13:14:54.946   545 30881 I DownloadManager: in removeSpuriousFiles, preserving file /data/data/com.android.providers.downloads/cache/metadata-919.htm
07-05 13:14:54.946   545 30881 I DownloadManager: in removeSpuriousFiles, preserving file /data/data/com.android.providers.downloads/cache/metadata-1522.htm
07-05 13:14:54.946   545 30881 I DownloadManager: in removeSpuriousFiles, preserving file /data/data/com.android.providers.downloads/cache/metadata-1075.htm
07-05 13:14:54.946   545 30881 I DownloadManager: in removeSpuriousFiles, preserving file /data/data/com.android.providers.downloads/cache/metadata-685.htm
07-05 13:14:54.946   545 30881 I DownloadManager: in removeSpuriousFiles, preserving file /data/data/com.android.providers.downloads/cache/metadata-102.htm
07-05 13:14:54.946   545 30881 I DownloadManager: in removeSpuriousFiles, preserving file /data/data/com.android.providers.downloads/cache/metadata-267.htm
07-05 13:14:54.949   545 30881 I DownloadManager: in removeSpuriousFiles, preserving file /data/data/com.android.providers.downloads/cache/metadata-874.htm
07-05 13:14:54.949   545 30881 I DownloadManager: in removeSpuriousFiles, preserving file /data/data/com.android.providers.downloads/cache/metadata-240.htm
07-05 13:14:54.949   545 30881 I DownloadManager: in removeSpuriousFiles, preserving file /data/data/com.android.providers.downloads/cache/metadata-1548.htm
07-05 13:14:54.949   545 30881 I DownloadManager: in removeSpuriousFiles, preserving file /data/data/com.android.providers.downloads/cache/metadata-209.htm
07-05 13:14:54.949   545 30881 I DownloadManager: in removeSpuriousFiles, preserving file /data/data/com.android.providers.downloads/cache/metadata-345.htm
07-05 13:14:54.949   545 30881 I DownloadManager: in removeSpuriousFiles, preserving file /data/data/com.android.providers.downloads/cache/metadata-317.htm
07-05 13:14:54.949   545 30881 I DownloadManager: in removeSpuriousFiles, preserving file /data/data/com.android.providers.downloads/cache/metadata-191.htm
07-05 13:14:54.949   545 30881 I DownloadManager: in removeSpuriousFiles, preserving file /data/data/com.android.providers.downloads/cache/metadata-164.htm
07-05 13:14:54.949   545 30881 I DownloadManager: in removeSpuriousFiles, preserving file /data/data/com.android.providers.downloads/cache/metadata-206.htm
07-05 13:14:54.949   545 30881 I DownloadManager: in removeSpuriousFiles, preserving file /data/data/com.android.providers.downloads/cache/metadata-135.htm
07-05 13:14:54.949   545 30881 I DownloadManager: in removeSpuriousFiles, preserving file /data/data/com.android.providers.downloads/cache/metadata-1530.htm
07-05 13:14:54.949   545 30881 I DownloadManager: in removeSpuriousFiles, preserving file /data/data/com.android.providers.downloads/cache/metadata-445.htm
07-05 13:14:54.949   545 30881 I DownloadManager: in removeSpuriousFiles, preserving file /data/data/com.android.providers.downloads/cache/metadata-181.htm
07-05 13:14:54.949   545 30881 I DownloadManager: in removeSpuriousFiles, preserving file /data/data/com.android.providers.downloads/cache/metadata-115.htm
07-05 13:14:54.949   545 30881 I DownloadManager: in removeSpuriousFiles, preserving file /data/data/com.android.providers.downloads/cache/metadata-157.htm
07-05 13:14:54.949   545 30881 I DownloadManager: in removeSpuriousFiles, preserving file /data/data/com.android.providers.downloads/cache/metadata-232.htm
07-05 13:14:54.949   545 30881 I DownloadManager: in removeSpuriousFiles, preserving file /data/data/com.android.providers.downloads/cache/metadata-406.htm
07-05 13:14:54.949   545 30881 I DownloadManager: in removeSpuriousFiles, preserving file /data/data/com.android.providers.downloads/cache/metadata-2799.htm
07-05 13:14:54.953   545 30881 I DownloadManager: in removeSpuriousFiles, preserving file /data/data/com.android.providers.downloads/cache/metadata-636.htm
07-05 13:14:54.953   545 30881 I DownloadManager: in removeSpuriousFiles, preserving file /data/data/com.android.providers.downloads/cache/metadata-392.htm
07-05 13:14:54.953   545 30881 I DownloadManager: in removeSpuriousFiles, preserving file /data/data/com.android.providers.downloads/cache/metadata-1407.htm
07-05 13:14:54.953   545 30881 I DownloadManager: in removeSpuriousFiles, preserving file /data/data/com.android.providers.downloads/cache/metadata-149.htm
07-05 13:14:54.953   545 30881 I DownloadManager: in removeSpuriousFiles, preserving file /data/data/com.android.providers.downloads/cache/metadata-259.htm
07-05 13:14:54.953   545 30881 I DownloadManager: in removeSpuriousFiles, preserving file /data/data/com.android.providers.downloads/cache/metadata-1991.htm
07-05 13:14:54.953   545 30881 I DownloadManager: in removeSpuriousFiles, preserving file /data/data/com.android.providers.downloads/cache/metadata-1031.htm
07-05 13:14:54.953   545 30881 I DownloadManager: in removeSpuriousFiles, preserving file /data/data/com.android.providers.downloads/cache/metadata-1796.htm
07-05 13:14:54.953   545 30881 I DownloadManager: in removeSpuriousFiles, preserving file /data/data/com.android.providers.downloads/cache/metadata-716.htm
07-05 13:14:54.953   545 30881 I DownloadManager: in removeSpuriousFiles, preserving file /data/data/com.android.providers.downloads/cache/metadata-82.htm
07-05 13:14:54.953   545 30881 I DownloadManager: in removeSpuriousFiles, preserving file /data/data/com.android.providers.downloads/cache/metadata-1868.htm
07-05 13:14:54.953   545 30881 I DownloadManager: in removeSpuriousFiles, preserving file /data/data/com.android.providers.downloads/cache/metadata-1959.htm
07-05 13:14:54.957   545 30881 I DownloadManager: in removeSpuriousFiles, preserving file /data/data/com.android.providers.downloads/cache/metadata-566.htm
07-05 13:14:54.957   545 30881 I DownloadManager: in removeSpuriousFiles, preserving file /data/data/com.android.providers.downloads/cache/metadata-1437.htm
07-05 13:14:54.957   545 30881 I DownloadManager: in removeSpuriousFiles, preserving file /data/data/com.android.providers.downloads/cache/metadata-116.htm
07-05 13:14:54.957   545 30881 I DownloadManager: in removeSpuriousFiles, preserving file /data/data/com.android.providers.downloads/cache/metadata-1087.htm
07-05 13:14:54.957   545 30881 I DownloadManager: in removeSpuriousFiles, preserving file /data/data/com.android.providers.downloads/cache/metadata-1521.htm
07-05 13:14:54.957   545 30881 I DownloadManager: in removeSpuriousFiles, preserving file /data/data/com.android.providers.downloads/cache/metadata-1777.htm
07-05 13:14:54.957   545 30881 I DownloadManager: in removeSpuriousFiles, preserving file /data/data/com.android.providers.downloads/cache/metadata-218.htm
07-05 13:14:54.957   545 30881 I DownloadManager: in removeSpuriousFiles, preserving file /data/data/com.android.providers.downloads/cache/metadata-1572.htm
07-05 13:14:54.957   545 30881 I DownloadManager: in removeSpuriousFiles, preserving file /data/data/com.android.providers.downloads/cache/metadata-231.htm
07-05 13:14:54.961   545 30881 I DownloadManager: in removeSpuriousFiles, preserving file /data/data/com.android.providers.downloads/cache/metadata-233.htm
07-05 13:14:54.961   545 30881 I DownloadManager: in removeSpuriousFiles, preserving file /data/data/com.android.providers.downloads/cache/metadata-1357.htm
07-05 13:14:54.961   545 30881 I DownloadManager: in removeSpuriousFiles, preserving file /data/data/com.android.providers.downloads/cache/metadata-1629.htm
07-05 13:14:54.961   545 30881 I DownloadManager: in removeSpuriousFiles, preserving file /data/data/com.android.providers.downloads/cache/metadata-312.htm
07-05 13:14:54.961   545 30881 I DownloadManager: in removeSpuriousFiles, preserving file /data/data/com.android.providers.downloads/cache/metadata-598.htm
07-05 13:14:54.961   545 30881 I DownloadManager: in removeSpuriousFiles, preserving file /data/data/com.android.providers.downloads/cache/metadata-1957.htm
07-05 13:14:54.961   545 30881 I DownloadManager: in removeSpuriousFiles, preserving file /data/data/com.android.providers.downloads/cache/metadata-2220.htm
07-05 13:14:54.961   545 30881 I DownloadManager: in removeSpuriousFiles, preserving file /data/data/com.android.providers.downloads/cache/metadata-738.htm
07-05 13:14:54.965   545 30881 I DownloadManager: in removeSpuriousFiles, preserving file /data/data/com.android.providers.downloads/cache/metadata-334.htm
07-05 13:14:54.965   545 30881 I DownloadManager: in removeSpuriousFiles, preserving file /data/data/com.android.providers.downloads/cache/metadata-362.htm
07-05 13:14:54.965   545 30881 I DownloadManager: in removeSpuriousFiles, preserving file /data/data/com.android.providers.downloads/cache/metadata-719.htm
07-05 13:14:54.965   545 30881 I DownloadManager: in removeSpuriousFiles, preserving file /data/data/com.android.providers.downloads/cache/metadata-626.htm
07-05 13:14:54.965   545 30881 I DownloadManager: in removeSpuriousFiles, preserving file /data/data/com.android.providers.downloads/cache/metadata-781.htm
07-05 13:14:54.965   545 30881 I DownloadManager: in removeSpuriousFiles, preserving file /data/data/com.android.providers.downloads/cache/metadata-2026.htm
07-05 13:14:54.965   545 30881 I DownloadManager: in removeSpuriousFiles, preserving file /data/data/com.android.providers.downloads/cache/metadata-2111.htm
07-05 13:14:54.969   545 30881 I DownloadManager: in removeSpuriousFiles, preserving file /data/data/com.android.providers.downloads/cache/metadata-1157.htm
07-05 13:14:54.969   545 30881 I DownloadManager: in removeSpuriousFiles, preserving file /data/data/com.android.providers.downloads/cache/metadata-1049.htm
07-05 13:14:54.969   545 30881 I DownloadManager: in removeSpuriousFiles, preserving file /data/data/com.android.providers.downloads/cache/metadata-838.htm
07-05 13:14:54.969   545 30881 I DownloadManager: in removeSpuriousFiles, preserving file /data/data/com.android.providers.downloads/cache/metadata-515.htm
07-05 13:14:54.969   545 30881 I DownloadManager: in removeSpuriousFiles, preserving file /data/data/com.android.providers.downloads/cache/metadata-835.htm
07-05 13:14:54.973   545 30881 I DownloadManager: in removeSpuriousFiles, preserving file /data/data/com.android.providers.downloads/cache/metadata-710.htm
07-05 13:14:54.973   545 30881 I DownloadManager: in removeSpuriousFiles, preserving file /data/data/com.android.providers.downloads/cache/metadata-252.htm
07-05 13:14:54.973   545 30881 I DownloadManager: in removeSpuriousFiles, preserving file /data/data/com.android.providers.downloads/cache/metadata-1274.htm
07-05 13:14:54.973   545 30881 I DownloadManager: in removeSpuriousFiles, preserving file /data/data/com.android.providers.downloads/cache/metadata-1164.htm
07-05 13:14:54.973   545 30881 I DownloadManager: in removeSpuriousFiles, preserving file /data/data/com.android.providers.downloads/cache/metadata-1350.htm
07-05 13:14:54.973   545 30881 I DownloadManager: in removeSpuriousFiles, preserving file /data/data/com.android.providers.downloads/cache/metadata-1515.htm
07-05 13:14:54.973   545 30881 I DownloadManager: in removeSpuriousFiles, preserving file /data/data/com.android.providers.downloads/cache/metadata-864.htm
07-05 13:14:54.977   545 30881 I DownloadManager: in removeSpuriousFiles, preserving file /data/data/com.android.providers.downloads/cache/metadata-1655.htm
07-05 13:14:54.977   545 30881 I DownloadManager: in removeSpuriousFiles, preserving file /data/data/com.android.providers.downloads/cache/metadata-1359.htm
07-05 13:14:54.977   545 30881 I DownloadManager: in removeSpuriousFiles, preserving file /data/data/com.android.providers.downloads/cache/metadata-1335.htm
07-05 13:14:54.977   545 30881 I DownloadManager: in removeSpuriousFiles, preserving file /data/data/com.android.providers.downloads/cache/metadata-1783.htm
07-05 13:14:54.977   545 30881 I DownloadManager: in removeSpuriousFiles, preserving file /data/data/com.android.providers.downloads/cache/metadata-384.htm
07-05 13:14:54.977   545 30881 I DownloadManager: in removeSpuriousFiles, preserving file /data/data/com.android.providers.downloads/cache/metadata-750.htm
07-05 13:14:54.977   545 30881 I DownloadManager: in removeSpuriousFiles, preserving file /data/data/com.android.providers.downloads/cache/metadata-1300.htm
07-05 13:14:54.981   545 30881 I DownloadManager: in removeSpuriousFiles, preserving file /data/data/com.android.providers.downloads/cache/metadata-910.htm
07-05 13:14:54.981   545 30881 I DownloadManager: in removeSpuriousFiles, preserving file /data/data/com.android.providers.downloads/cache/metadata-1788.htm
07-05 13:14:54.981   545 30881 I DownloadManager: in removeSpuriousFiles, preserving file /data/data/com.android.providers.downloads/cache/metadata-1702.htm
07-05 13:14:54.981   545 30881 I DownloadManager: in removeSpuriousFiles, preserving file /data/data/com.android.providers.downloads/cache/metadata-1826.htm
07-05 13:14:54.981   545 30881 I DownloadManager: in removeSpuriousFiles, preserving file /data/data/com.android.providers.downloads/cache/metadata-909.htm
07-05 13:14:54.981   545 30881 I DownloadManager: in removeSpuriousFiles, preserving file /data/data/com.android.providers.downloads/cache/metadata-1681.htm
07-05 13:14:54.981   545 30881 I DownloadManager: in removeSpuriousFiles, preserving file /data/data/com.android.providers.downloads/cache/metadata-5.htm
07-05 13:14:54.981   545 30881 I DownloadManager: in removeSpuriousFiles, preserving file /data/data/com.android.providers.downloads/cache/metadata-26.htm
07-05 13:14:54.985   545 30881 I DownloadManager: in removeSpuriousFiles, preserving file /data/data/com.android.providers.downloads/cache/metadata-38.htm
07-05 13:14:54.985   545 30881 I DownloadManager: in removeSpuriousFiles, preserving file /data/data/com.android.providers.downloads/cache/metadata-185.htm
07-05 13:14:54.985   545 30881 I DownloadManager: in removeSpuriousFiles, preserving file /data/data/com.android.providers.downloads/cache/metadata-48.htm
07-05 13:14:54.985   545 30881 I DownloadManager: in removeSpuriousFiles, preserving file /data/data/com.android.providers.downloads/cache/metadata-64.htm
07-05 13:14:54.985   545 30881 I DownloadManager: in removeSpuriousFiles, preserving file /data/data/com.android.providers.downloads/cache/metadata-104.htm
07-05 13:14:54.985   545 30881 I DownloadManager: in removeSpuriousFiles, preserving file /data/data/com.android.providers.downloads/cache/metadata-133.htm
07-05 13:14:54.985   545 30881 I DownloadManager: in removeSpuriousFiles, preserving file /data/data/com.android.providers.downloads/cache/metadata-83.htm
07-05 13:14:54.985   545 30881 I DownloadManager: in removeSpuriousFiles, preserving file /data/data/com.android.providers.downloads/cache/metadata-295.htm
07-05 13:14:54.985   545 30881 I DownloadManager: in removeSpuriousFiles, preserving file /data/data/com.android.providers.downloads/cache/metadata-139.htm
07-05 13:14:54.985   545 30881 I DownloadManager: in removeSpuriousFiles, preserving file /data/data/com.android.providers.downloads/cache/metadata-52.htm
07-05 13:14:54.985   545 30881 I DownloadManager: in removeSpuriousFiles, preserving file /data/data/com.android.providers.downloads/cache/metadata-57.htm
07-05 13:14:54.985   545 30881 I DownloadManager: in removeSpuriousFiles, preserving file /data/data/com.android.providers.downloads/cache/metadata-140.htm
07-05 13:14:54.985   545 30881 I DownloadManager: in removeSpuriousFiles, preserving file /data/data/com.android.providers.downloads/cache/metadata-76.htm
07-05 13:14:54.985   545 30881 I DownloadManager: in removeSpuriousFiles, preserving file /data/data/com.android.providers.downloads/cache/metadata-194.htm
07-05 13:14:54.988   545 30881 I DownloadManager: in removeSpuriousFiles, preserving file /data/data/com.android.providers.downloads/cache/metadata-921.htm
07-05 13:14:54.988   545 30881 I DownloadManager: in removeSpuriousFiles, preserving file /data/data/com.android.providers.downloads/cache/metadata-229.htm
07-05 13:14:54.988   545 30881 I DownloadManager: in removeSpuriousFiles, preserving file /data/data/com.android.providers.downloads/cache/metadata-187.htm
07-05 13:14:54.988   545 30881 I DownloadManager: in removeSpuriousFiles, preserving file /data/data/com.android.providers.downloads/cache/metadata-122.htm
07-05 13:14:54.988   545 30881 I DownloadManager: in removeSpuriousFiles, preserving file /data/data/com.android.providers.downloads/cache/metadata-193.htm
07-05 13:14:54.988   545 30881 I DownloadManager: in removeSpuriousFiles, preserving file /data/data/com.android.providers.downloads/cache/metadata-156.htm
07-05 13:14:54.988   545 30881 I DownloadManager: in removeSpuriousFiles, preserving file /data/data/com.android.providers.downloads/cache/metadata-1397.htm
07-05 13:14:54.988   545 30881 I DownloadManager: in removeSpuriousFiles, preserving file /data/data/com.android.providers.downloads/cache/metadata-188.htm
07-05 13:14:54.988   545 30881 I DownloadManager: in removeSpuriousFiles, preserving file /data/data/com.android.providers.downloads/cache/metadata-190.htm
07-05 13:14:54.988   545 30881 I DownloadManager: in removeSpuriousFiles, preserving file /data/data/com.android.providers.downloads/cache/metadata-147.htm
07-05 13:14:54.988   545 30881 I DownloadManager: in removeSpuriousFiles, preserving file /data/data/com.android.providers.downloads/cache/metadata-286.htm
07-05 13:14:54.988   545 30881 I DownloadManager: in removeSpuriousFiles, preserving file /data/data/com.android.providers.downloads/cache/metadata-180.htm
07-05 13:14:54.988   545 30881 I DownloadManager: in removeSpuriousFiles, preserving file /data/data/com.android.providers.downloads/cache/metadata-163.htm
07-05 13:14:54.988   545 30881 I DownloadManager: in removeSpuriousFiles, preserving file /data/data/com.android.providers.downloads/cache/metadata-108.htm
07-05 13:14:54.988   545 30881 I DownloadManager: in removeSpuriousFiles, preserving file /data/data/com.android.providers.downloads/cache/metadata-172.htm
07-05 13:14:54.988   545 30881 I DownloadManager: in removeSpuriousFiles, preserving file /data/data/com.android.providers.downloads/cache/metadata-336.htm
07-05 13:14:54.988   545 30881 I DownloadManager: in removeSpuriousFiles, preserving file /data/data/com.android.providers.downloads/cache/metadata-121.htm
07-05 13:14:54.988   545 30881 I DownloadManager: in removeSpuriousFiles, preserving file /data/data/com.android.providers.downloads/cache/metadata-348.htm
07-05 13:14:54.988   545 30881 I DownloadManager: in removeSpuriousFiles, preserving file /data/data/com.android.providers.downloads/cache/metadata-439.htm
07-05 13:14:54.988   545 30881 I DownloadManager: in removeSpuriousFiles, preserving file /data/data/com.android.providers.downloads/cache/metadata-255.htm
07-05 13:14:54.988   545 30881 I DownloadManager: in removeSpuriousFiles, preserving file /data/data/com.android.providers.downloads/cache/metadata-197.htm
07-05 13:14:54.988   545 30881 I DownloadManager: in removeSpuriousFiles, preserving file /data/data/com.android.providers.downloads/cache/metadata-291.htm
07-05 13:14:54.992   545 30881 I DownloadManager: in removeSpuriousFiles, preserving file /data/data/com.android.providers.downloads/cache/metadata-1457.htm
07-05 13:14:54.992   545 30881 I DownloadManager: in removeSpuriousFiles, preserving file /data/data/com.android.providers.downloads/cache/metadata-241.htm
07-05 13:14:54.992   545 30881 I DownloadManager: in removeSpuriousFiles, preserving file /data/data/com.android.providers.downloads/cache/metadata-327.htm
07-05 13:14:54.992   545 30881 I DownloadManager: in removeSpuriousFiles, preserving file /data/data/com.android.providers.downloads/cache/metadata-168.htm
07-05 13:14:54.992   545 30881 I DownloadManager: in removeSpuriousFiles, preserving file /data/data/com.android.providers.downloads/cache/metadata-125.htm
07-05 13:14:54.992   545 30881 I DownloadManager: in removeSpuriousFiles, preserving file /data/data/com.android.providers.downloads/cache/metadata-184.htm
07-05 13:14:54.992   545 30881 I DownloadManager: in removeSpuriousFiles, preserving file /data/data/com.android.providers.downloads/cache/metadata-205.htm
07-05 13:14:54.992   545 30881 I DownloadManager: in removeSpuriousFiles, preserving file /data/data/com.android.providers.downloads/cache/metadata-320.htm
07-05 13:14:54.992   545 30881 I DownloadManager: in removeSpuriousFiles, preserving file /data/data/com.android.providers.downloads/cache/metadata-248.htm
07-05 13:14:54.992   545 30881 I DownloadManager: in removeSpuriousFiles, preserving file /data/data/com.android.providers.downloads/cache/metadata-349.htm
07-05 13:14:54.992   545 30881 I DownloadManager: in removeSpuriousFiles, preserving file /data/data/com.android.providers.downloads/cache/metadata-397.htm
07-05 13:14:54.992   545 30881 I DownloadManager: in removeSpuriousFiles, preserving file /data/data/com.android.providers.downloads/cache/metadata-602.htm
07-05 13:14:54.992   545 30881 I DownloadManager: in removeSpuriousFiles, preserving file /data/data/com.android.providers.downloads/cache/metadata-895.htm
07-05 13:14:54.992   545 30881 I DownloadManager: in removeSpuriousFiles, preserving file /data/data/com.android.providers.downloads/cache/metadata-306.htm
07-05 13:14:54.992   545 30881 I DownloadManager: in removeSpuriousFiles, preserving file /data/data/com.android.providers.downloads/cache/metadata-314.htm
07-05 13:14:54.992   545 30881 I DownloadManager: in removeSpuriousFiles, preserving file /data/data/com.android.providers.downloads/cache/metadata-385.htm
07-05 13:14:54.992   545 30881 I DownloadManager: in removeSpuriousFiles, preserving file /data/data/com.android.providers.downloads/cache/metadata-94.htm
07-05 13:14:54.992   545 30881 I DownloadManager: in removeSpuriousFiles, preserving file /data/data/com.android.providers.downloads/cache/metadata-226.htm
07-05 13:14:54.992   545 30881 I DownloadManager: in removeSpuriousFiles, preserving file /data/data/com.android.providers.downloads/cache/metadata-75.htm
07-05 13:14:54.996   545 30881 I DownloadManager: in removeSpuriousFiles, preserving file /data/data/com.android.providers.downloads/cache/metadata-1160.htm
07-05 13:14:54.996   545 30881 I DownloadManager: in removeSpuriousFiles, preserving file /data/data/com.android.providers.downloads/cache/metadata-353.htm
07-05 13:14:54.996   545 30881 I DownloadManager: in removeSpuriousFiles, preserving file /data/data/com.android.providers.downloads/cache/metadata-262.htm
07-05 13:14:54.996   545 30881 I DownloadManager: in removeSpuriousFiles, preserving file /data/data/com.android.providers.downloads/cache/metadata-427.htm
07-05 13:14:54.996   545 30881 I DownloadManager: in removeSpuriousFiles, preserving file /data/data/com.android.providers.downloads/cache/metadata-381.htm
07-05 13:14:54.996   545 30881 I DownloadManager: in removeSpuriousFiles, preserving file /data/data/com.android.providers.downloads/cache/metadata-289.htm
07-05 13:14:54.996   545 30881 I DownloadManager: in removeSpuriousFiles, preserving file /data/data/com.android.providers.downloads/cache/metadata-280.htm
07-05 13:14:54.996   545 30881 I DownloadManager: in removeSpuriousFiles, preserving file /data/data/com.android.providers.downloads/cache/metadata-249.htm
07-05 13:14:54.996   545 30881 I DownloadManager: in removeSpuriousFiles, preserving file /data/data/com.android.providers.downloads/cache/metadata-351.htm
07-05 13:14:54.996   545 30881 I DownloadManager: in removeSpuriousFiles, preserving file /data/data/com.android.providers.downloads/cache/metadata-1836.htm
07-05 13:14:54.996   545 30881 I DownloadManager: in removeSpuriousFiles, preserving file /data/data/com.android.providers.downloads/cache/metadata-128.htm
07-05 13:14:54.996   545 30881 I DownloadManager: in removeSpuriousFiles, preserving file /data/data/com.android.providers.downloads/cache/metadata-486.htm
07-05 13:14:54.996   545 30881 I DownloadManager: in removeSpuriousFiles, preserving file /data/data/com.android.providers.downloads/cache/metadata-217.htm
07-05 13:14:54.996   545 30881 I DownloadManager: in removeSpuriousFiles, preserving file /data/data/com.android.providers.downloads/cache/metadata-277.htm
07-05 13:14:54.996   545 30881 I DownloadManager: in removeSpuriousFiles, preserving file /data/data/com.android.providers.downloads/cache/metadata-78.htm
07-05 13:14:54.996   545 30881 I DownloadManager: in removeSpuriousFiles, preserving file /data/data/com.android.providers.downloads/cache/metadata-1453.htm
07-05 13:14:54.996   545 30881 I DownloadManager: in removeSpuriousFiles, preserving file /data/data/com.android.providers.downloads/cache/metadata-768.htm
07-05 13:14:55.000   545 30881 I DownloadManager: in removeSpuriousFiles, preserving file /data/data/com.android.providers.downloads/cache/metadata-1054.htm
07-05 13:14:55.000   545 30881 I DownloadManager: in removeSpuriousFiles, preserving file /data/data/com.android.providers.downloads/cache/metadata-1637.htm
07-05 13:14:55.000   545 30881 I DownloadManager: in removeSpuriousFiles, preserving file /data/data/com.android.providers.downloads/cache/metadata-1000.htm
07-05 13:14:55.000   545 30881 I DownloadManager: in removeSpuriousFiles, preserving file /data/data/com.android.providers.downloads/cache/metadata-1734.htm
07-05 13:14:55.000   545 30881 I DownloadManager: in removeSpuriousFiles, preserving file /data/data/com.android.providers.downloads/cache/metadata-622.htm
07-05 13:14:55.000   545 30881 I DownloadManager: in removeSpuriousFiles, preserving file /data/data/com.android.providers.downloads/cache/metadata-383.htm
07-05 13:14:55.000   545 30881 I DownloadManager: in removeSpuriousFiles, preserving file /data/data/com.android.providers.downloads/cache/metadata-274.htm
07-05 13:14:55.000   545 30881 I DownloadManager: in removeSpuriousFiles, preserving file /data/data/com.android.providers.downloads/cache/metadata-1115.htm
07-05 13:14:55.000   545 30881 I DownloadManager: in removeSpuriousFiles, preserving file /data/data/com.android.providers.downloads/cache/metadata-303.htm
07-05 13:14:55.000   545 30881 I DownloadManager: in removeSpuriousFiles, preserving file /data/data/com.android.providers.downloads/cache/metadata-812.htm
07-05 13:14:55.000   545 30881 I DownloadManager: in removeSpuriousFiles, preserving file /data/data/com.android.providers.downloads/cache/metadata-684.htm
07-05 13:14:55.000   545 30881 I DownloadManager: in removeSpuriousFiles, preserving file /data/data/com.android.providers.downloads/cache/metadata-640.htm
07-05 13:14:55.000   545 30881 I DownloadManager: in removeSpuriousFiles, preserving file /data/data/com.android.providers.downloads/cache/metadata-459.htm
07-05 13:14:55.004   545 30881 I DownloadManager: in removeSpuriousFiles, preserving file /data/data/com.android.providers.downloads/cache/metadata-879.htm
07-05 13:14:55.004   545 30881 I DownloadManager: in removeSpuriousFiles, preserving file /data/data/com.android.providers.downloads/cache/metadata-1719.htm
07-05 13:14:55.004   545 30881 I DownloadManager: in removeSpuriousFiles, preserving file /data/data/com.android.providers.downloads/cache/metadata-705.htm
07-05 13:14:55.004   545 30881 I DownloadManager: in removeSpuriousFiles, preserving file /data/data/com.android.providers.downloads/cache/metadata-1365.htm
07-05 13:14:55.004   545 30881 I DownloadManager: in removeSpuriousFiles, preserving file /data/data/com.android.providers.downloads/cache/metadata-1848.htm
07-05 13:14:55.004   545 30881 I DownloadManager: in removeSpuriousFiles, preserving file /data/data/com.android.providers.downloads/cache/metadata-257.htm
07-05 13:14:55.004   545 30881 I DownloadManager: in removeSpuriousFiles, preserving file /data/data/com.android.providers.downloads/cache/metadata-1558.htm
07-05 13:14:55.004   545 30881 I DownloadManager: in removeSpuriousFiles, preserving file /data/data/com.android.providers.downloads/cache/metadata-889.htm
07-05 13:14:55.004   545 30881 I DownloadManager: in removeSpuriousFiles, preserving file /data/data/com.android.providers.downloads/cache/metadata-331.htm
07-05 13:14:55.008   545 30881 I DownloadManager: in removeSpuriousFiles, preserving file /data/data/com.android.providers.downloads/cache/metadata-613.htm
07-05 13:14:55.008   545 30881 I DownloadManager: in removeSpuriousFiles, preserving file /data/data/com.android.providers.downloads/cache/metadata-2521.htm
07-05 13:14:55.008   545 30881 I DownloadManager: in removeSpuriousFiles, preserving file /data/data/com.android.providers.downloads/cache/metadata-617.htm
07-05 13:14:55.012   545 30881 I DownloadManager: in removeSpuriousFiles, preserving file /data/data/com.android.providers.downloads/cache/metadata-1507.htm
07-05 13:14:55.012   545 30881 I DownloadManager: in removeSpuriousFiles, preserving file /data/data/com.android.providers.downloads/cache/metadata-1084.htm
07-05 13:14:55.012   545 30881 I DownloadManager: in removeSpuriousFiles, preserving file /data/data/com.android.providers.downloads/cache/metadata-1029.htm
07-05 13:14:55.012   545 30881 I DownloadManager: in removeSpuriousFiles, preserving file /data/data/com.android.providers.downloads/cache/metadata-664.htm
07-05 13:14:55.012   545 30881 I DownloadManager: in removeSpuriousFiles, preserving file /data/data/com.android.providers.downloads/cache/metadata-297.htm
07-05 13:14:55.012   545 30881 I DownloadManager: in removeSpuriousFiles, preserving file /data/data/com.android.providers.downloads/cache/metadata-1245.htm
07-05 13:14:55.012   545 30881 I DownloadManager: in removeSpuriousFiles, preserving file /data/data/com.android.providers.downloads/cache/metadata-1282.htm
07-05 13:14:55.012   545 30881 I DownloadManager: in removeSpuriousFiles, preserving file /data/data/com.android.providers.downloads/cache/metadata-1177.htm
07-05 13:14:55.016   545 30881 I DownloadManager: in removeSpuriousFiles, preserving file /data/data/com.android.providers.downloads/cache/metadata-1089.htm
07-05 13:14:55.016   545 30881 I DownloadManager: in removeSpuriousFiles, preserving file /data/data/com.android.providers.downloads/cache/metadata-1256.htm
07-05 13:14:55.016   545 30881 I DownloadManager: in removeSpuriousFiles, preserving file /data/data/com.android.providers.downloads/cache/metadata-793.htm
07-05 13:14:55.016   545 30881 I DownloadManager: in removeSpuriousFiles, preserving file /data/data/com.android.providers.downloads/cache/metadata-446.htm
07-05 13:14:55.016   545 30881 I DownloadManager: in removeSpuriousFiles, preserving file /data/data/com.android.providers.downloads/cache/metadata-414.htm
07-05 13:14:55.016   545 30881 I DownloadManager: in removeSpuriousFiles, preserving file /data/data/com.android.providers.downloads/cache/metadata-1405.htm
07-05 13:14:55.016   545 30881 I DownloadManager: in removeSpuriousFiles, preserving file /data/data/com.android.providers.downloads/cache/metadata-358.htm
07-05 13:14:55.016   545 30881 I DownloadManager: in removeSpuriousFiles, preserving file /data/data/com.android.providers.downloads/cache/metadata-1594.htm
07-05 13:14:55.020   545 30881 I DownloadManager: in removeSpuriousFiles, preserving file /data/data/com.android.providers.downloads/cache/metadata-1477.htm
07-05 13:14:55.020   545 30881 I DownloadManager: in removeSpuriousFiles, preserving file /data/data/com.android.providers.downloads/cache/metadata-1176.htm
07-05 13:14:55.020   545 30881 I DownloadManager: in removeSpuriousFiles, preserving file /data/data/com.android.providers.downloads/cache/metadata-1627.htm
07-05 13:14:55.020   545 30881 I DownloadManager: in removeSpuriousFiles, preserving file /data/data/com.android.providers.downloads/cache/metadata-428.htm
07-05 13:14:55.020   545 30881 I DownloadManager: in removeSpuriousFiles, preserving file /data/data/com.android.providers.downloads/cache/metadata-1486.htm
07-05 13:14:55.020   545 30881 I DownloadManager: in removeSpuriousFiles, preserving file /data/data/com.android.providers.downloads/cache/metadata-20.htm
07-05 13:14:55.020   545 30881 I DownloadManager: in removeSpuriousFiles, preserving file /data/data/com.android.providers.downloads/cache/metadata-251.htm
07-05 13:14:55.020   545 30881 I DownloadManager: in removeSpuriousFiles, preserving file /data/data/com.android.providers.downloads/cache/metadata-45.htm
07-05 13:14:55.020   545 30881 I DownloadManager: in removeSpuriousFiles, preserving file /data/data/com.android.providers.downloads/cache/metadata-50.htm
07-05 13:14:55.020   545 30881 I DownloadManager: in removeSpuriousFiles, preserving file /data/data/com.android.providers.downloads/cache/metadata-374.htm
07-05 13:14:55.020   545 30881 I DownloadManager: in removeSpuriousFiles, preserving file /data/data/com.android.providers.downloads/cache/metadata-113.htm
07-05 13:14:55.020   545 30881 I DownloadManager: in removeSpuriousFiles, preserving file /data/data/com.android.providers.downloads/cache/metadata-53.htm
07-05 13:14:55.020   545 30881 I DownloadManager: in removeSpuriousFiles, preserving file /data/data/com.android.providers.downloads/cache/metadata-154.htm
07-05 13:14:55.024   545 30881 I DownloadManager: in removeSpuriousFiles, preserving file /data/data/com.android.providers.downloads/cache/metadata-97.htm
07-05 13:14:55.024   545 30881 I DownloadManager: in removeSpuriousFiles, preserving file /data/data/com.android.providers.downloads/cache/metadata-105.htm
07-05 13:14:55.024   545 30881 I DownloadManager: in removeSpuriousFiles, preserving file /data/data/com.android.providers.downloads/cache/metadata-66.htm
07-05 13:14:55.024   545 30881 I DownloadManager: in removeSpuriousFiles, preserving file /data/data/com.android.providers.downloads/cache/metadata-117.htm
07-05 13:14:55.024   545 30881 I DownloadManager: in removeSpuriousFiles, preserving file /data/data/com.android.providers.downloads/cache/metadata-273.htm
07-05 13:14:55.024   545 30881 I DownloadManager: in removeSpuriousFiles, preserving file /data/data/com.android.providers.downloads/cache/metadata-237.htm
07-05 13:14:55.024   545 30881 I DownloadManager: in removeSpuriousFiles, preserving file /data/data/com.android.providers.downloads/cache/metadata-160.htm
07-05 13:14:55.024   545 30881 I DownloadManager: in removeSpuriousFiles, preserving file /data/data/com.android.providers.downloads/cache/metadata-269.htm
07-05 13:14:55.024   545 30881 I DownloadManager: in removeSpuriousFiles, preserving file /data/data/com.android.providers.downloads/cache/metadata-659.htm
07-05 13:14:55.024   545 30881 I DownloadManager: in removeSpuriousFiles, preserving file /data/data/com.android.providers.downloads/cache/metadata-239.htm
07-05 13:14:55.024   545 30881 I DownloadManager: in removeSpuriousFiles, preserving file /data/data/com.android.providers.downloads/cache/metadata-127.htm
07-05 13:14:55.024   545 30881 I DownloadManager: in removeSpuriousFiles, preserving file /data/data/com.android.providers.downloads/cache/metadata-93.htm
07-05 13:14:55.024   545 30881 I DownloadManager: in removeSpuriousFiles, preserving file /data/data/com.android.providers.downloads/cache/metadata-1188.htm
07-05 13:14:55.024   545 30881 I DownloadManager: in removeSpuriousFiles, preserving file /data/data/com.android.providers.downloads/cache/metadata-310.htm
07-05 13:14:55.024   545 30881 I DownloadManager: in removeSpuriousFiles, preserving file /data/data/com.android.providers.downloads/cache/metadata-63.htm
07-05 13:14:55.024   545 30881 I DownloadManager: in removeSpuriousFiles, preserving file /data/data/com.android.providers.downloads/cache/metadata-212.htm
07-05 13:14:55.024   545 30881 I DownloadManager: in removeSpuriousFiles, preserving file /data/data/com.android.providers.downloads/cache/metadata-210.htm
07-05 13:14:55.024   545 30881 I DownloadManager: in removeSpuriousFiles, preserving file /data/data/com.android.providers.downloads/cache/metadata-111.htm
07-05 13:14:55.024   545 30881 I DownloadManager: in removeSpuriousFiles, preserving file /data/data/com.android.providers.downloads/cache/metadata-81.htm
07-05 13:14:55.024   545 30881 I DownloadManager: in removeSpuriousFiles, preserving file /data/data/com.android.providers.downloads/cache/metadata-132.htm
07-05 13:14:55.024   545 30881 I DownloadManager: in removeSpuriousFiles, preserving file /data/data/com.android.providers.downloads/cache/metadata-265.htm
07-05 13:14:55.024   545 30881 I DownloadManager: in removeSpuriousFiles, preserving file /data/data/com.android.providers.downloads/cache/metadata-436.htm
07-05 13:14:55.024   545 30881 I DownloadManager: in removeSpuriousFiles, preserving file /data/data/com.android.providers.downloads/cache/metadata-138.htm
07-05 13:14:55.028   545 30881 I DownloadManager: in removeSpuriousFiles, preserving file /data/data/com.android.providers.downloads/cache/metadata-112.htm
07-05 13:14:55.028   545 30881 I DownloadManager: in removeSpuriousFiles, preserving file /data/data/com.android.providers.downloads/cache/metadata-288.htm
07-05 13:14:55.028   545 30881 I DownloadManager: in removeSpuriousFiles, preserving file /data/data/com.android.providers.downloads/cache/metadata-276.htm
07-05 13:14:55.028   545 30881 I DownloadManager: in removeSpuriousFiles, preserving file /data/data/com.android.providers.downloads/cache/metadata-136.htm
07-05 13:14:55.028   545 30881 I DownloadManager: in removeSpuriousFiles, preserving file /data/data/com.android.providers.downloads/cache/metadata-159.htm
07-05 13:14:55.028   545 30881 I DownloadManager: in removeSpuriousFiles, preserving file /data/data/com.android.providers.downloads/cache/metadata-175.htm
07-05 13:14:55.028   545 30881 I DownloadManager: in removeSpuriousFiles, preserving file /data/data/com.android.providers.downloads/cache/metadata-107.htm
07-05 13:14:55.028   545 30881 I DownloadManager: in removeSpuriousFiles, preserving file /data/data/com.android.providers.downloads/cache/metadata-1294.htm
07-05 13:14:55.028   545 30881 I DownloadManager: in removeSpuriousFiles, preserving file /data/data/com.android.providers.downloads/cache/metadata-421.htm
07-05 13:14:55.028   545 30881 I DownloadManager: in removeSpuriousFiles, preserving file /data/data/com.android.providers.downloads/cache/metadata-375.htm
07-05 13:14:55.028   545 30881 I DownloadManager: in removeSpuriousFiles, preserving file /data/data/com.android.providers.downloads/cache/metadata-992.htm
07-05 13:14:55.028   545 30881 I DownloadManager: in removeSpuriousFiles, preserving file /data/data/com.android.providers.downloads/cache/metadata-418.htm
07-05 13:14:55.028   545 30881 I DownloadManager: in removeSpuriousFiles, preserving file /data/data/com.android.providers.downloads/cache/metadata-322.htm
07-05 13:14:55.028   545 30881 I DownloadManager: in removeSpuriousFiles, preserving file /data/data/com.android.providers.downloads/cache/metadata-426.htm
07-05 13:14:55.028   545 30881 I DownloadManager: in removeSpuriousFiles, preserving file /data/data/com.android.providers.downloads/cache/metadata-360.htm
07-05 13:14:55.028   545 30881 I DownloadManager: in removeSpuriousFiles, preserving file /data/data/com.android.providers.downloads/cache/metadata-283.htm
07-05 13:14:55.028   545 30881 I DownloadManager: in removeSpuriousFiles, preserving file /data/data/com.android.providers.downloads/cache/metadata-305.htm
07-05 13:14:55.028   545 30881 I DownloadManager: in removeSpuriousFiles, preserving file /data/data/com.android.providers.downloads/cache/metadata-424.htm
07-05 13:14:55.028   545 30881 I DownloadManager: in removeSpuriousFiles, preserving file /data/data/com.android.providers.downloads/cache/metadata-469.htm
07-05 13:14:55.028   545 30881 I DownloadManager: in removeSpuriousFiles, preserving file /data/data/com.android.providers.downloads/cache/metadata-211.htm
07-05 13:14:55.028   545 30881 I DownloadManager: in removeSpuriousFiles, preserving file /data/data/com.android.providers.downloads/cache/metadata-467.htm
07-05 13:14:55.031   545 30881 I DownloadManager: in removeSpuriousFiles, preserving file /data/data/com.android.providers.downloads/cache/metadata-411.htm
07-05 13:14:55.031   545 30881 I DownloadManager: in removeSpuriousFiles, preserving file /data/data/com.android.providers.downloads/cache/metadata-118.htm
07-05 13:14:55.031   545 30881 I DownloadManager: in removeSpuriousFiles, preserving file /data/data/com.android.providers.downloads/cache/metadata-246.htm
07-05 13:14:55.031   545 30881 I DownloadManager: in removeSpuriousFiles, preserving file /data/data/com.android.providers.downloads/cache/metadata-170.htm
07-05 13:14:55.031   545 30881 I DownloadManager: in removeSpuriousFiles, preserving file /data/data/com.android.providers.downloads/cache/metadata-92.htm
07-05 13:14:55.031   545 30881 I DownloadManager: in removeSpuriousFiles, preserving file /data/data/com.android.providers.downloads/cache/metadata-847.htm
07-05 13:14:55.031   545 30881 I DownloadManager: in removeSpuriousFiles, preserving file /data/data/com.android.providers.downloads/cache/metadata-1262.htm
07-05 13:14:55.031   545 30881 I DownloadManager: in removeSpuriousFiles, preserving file /data/data/com.android.providers.downloads/cache/metadata-359.htm
07-05 13:14:55.031   545 30881 I DownloadManager: in removeSpuriousFiles, preserving file /data/data/com.android.providers.downloads/cache/metadata-480.htm
07-05 13:14:55.031   545 30881 I DownloadManager: in removeSpuriousFiles, preserving file /data/data/com.android.providers.downloads/cache/metadata-1114.htm
07-05 13:14:55.031   545 30881 I DownloadManager: in removeSpuriousFiles, preserving file /data/data/com.android.providers.downloads/cache/metadata-415.htm
07-05 13:14:55.031   545 30881 I DownloadManager: in removeSpuriousFiles, preserving file /data/data/com.android.providers.downloads/cache/metadata-213.htm
07-05 13:14:55.031   545 30881 I DownloadManager: in removeSpuriousFiles, preserving file /data/data/com.android.providers.downloads/cache/metadata-326.htm
07-05 13:14:55.031   545 30881 I DownloadManager: in removeSpuriousFiles, preserving file /data/data/com.android.providers.downloads/cache/metadata-343.htm
07-05 13:14:55.031   545 30881 I DownloadManager: in removeSpuriousFiles, preserving file /data/data/com.android.providers.downloads/cache/metadata-1172.htm
07-05 13:14:55.031   545 30881 I DownloadManager: in removeSpuriousFiles, preserving file /data/data/com.android.providers.downloads/cache/metadata-1479.htm
07-05 13:14:55.031   545 30881 I DownloadManager: in removeSpuriousFiles, preserving file /data/data/com.android.providers.downloads/cache/metadata-386.htm
07-05 13:14:55.031   545 30881 I DownloadManager: in removeSpuriousFiles, preserving file /data/data/com.android.providers.downloads/cache/metadata-523.htm
07-05 13:14:55.031   545 30881 I DownloadManager: in removeSpuriousFiles, preserving file /data/data/com.android.providers.downloads/cache/metadata-419.htm
07-05 13:14:55.035   545 30881 I DownloadManager: in removeSpuriousFiles, preserving file /data/data/com.android.providers.downloads/cache/metadata-399.htm
07-05 13:14:55.035   545 30881 I DownloadManager: in removeSpuriousFiles, preserving file /data/data/com.android.providers.downloads/cache/metadata-1131.htm
07-05 13:14:55.035   545 30881 I DownloadManager: in removeSpuriousFiles, preserving file /data/data/com.android.providers.downloads/cache/metadata-1694.htm
07-05 13:14:55.035   545 30881 I DownloadManager: in removeSpuriousFiles, preserving file /data/data/com.android.providers.downloads/cache/metadata-2509.htm
07-05 13:14:55.035   545 30881 I DownloadManager: in removeSpuriousFiles, preserving file /data/data/com.android.providers.downloads/cache/metadata-235.htm
07-05 13:14:55.035   545 30881 I DownloadManager: in removeSpuriousFiles, preserving file /data/data/com.android.providers.downloads/cache/metadata-2432.htm
07-05 13:14:55.035   545 30881 I DownloadManager: in removeSpuriousFiles, preserving file /data/data/com.android.providers.downloads/cache/metadata-1566.htm
07-05 13:14:55.035   545 30881 I DownloadManager: in removeSpuriousFiles, preserving file /data/data/com.android.providers.downloads/cache/metadata-335.htm
07-05 13:14:55.035   545 30881 I DownloadManager: in removeSpuriousFiles, preserving file /data/data/com.android.providers.downloads/cache/metadata-243.htm
07-05 13:14:55.035   545 30881 I DownloadManager: in removeSpuriousFiles, preserving file /data/data/com.android.providers.downloads/cache/metadata-394.htm
07-05 13:14:55.035   545 30881 I DownloadManager: in removeSpuriousFiles, preserving file /data/data/com.android.providers.downloads/cache/metadata-521.htm
07-05 13:14:55.035   545 30881 I DownloadManager: in removeSpuriousFiles, preserving file /data/data/com.android.providers.downloads/cache/metadata-1668.htm
07-05 13:14:55.035   545 30881 I DownloadManager: in removeSpuriousFiles, preserving file /data/data/com.android.providers.downloads/cache/metadata-354.htm
07-05 13:14:55.035   545 30881 I DownloadManager: in removeSpuriousFiles, preserving file /data/data/com.android.providers.downloads/cache/metadata-281.htm
07-05 13:14:55.035   545 30881 I DownloadManager: in removeSpuriousFiles, preserving file /data/data/com.android.providers.downloads/cache/metadata-400.htm
07-05 13:14:55.035   545 30881 I DownloadManager: in removeSpuriousFiles, preserving file /data/data/com.android.providers.downloads/cache/metadata-1144.htm
07-05 13:14:55.035   545 30881 I DownloadManager: in removeSpuriousFiles, preserving file /data/data/com.android.providers.downloads/cache/metadata-1366.htm
07-05 13:14:55.039   545 30881 I DownloadManager: in removeSpuriousFiles, preserving file /data/data/com.android.providers.downloads/cache/metadata-1163.htm
07-05 13:14:55.039   545 30881 I DownloadManager: in removeSpuriousFiles, preserving file /data/data/com.android.providers.downloads/cache/metadata-460.htm
07-05 13:14:55.039   545 30881 I DownloadManager: in removeSpuriousFiles, preserving file /data/data/com.android.providers.downloads/cache/metadata-660.htm
07-05 13:14:55.039   545 30881 I DownloadManager: in removeSpuriousFiles, preserving file /data/data/com.android.providers.downloads/cache/metadata-403.htm
07-05 13:14:55.039   545 30881 I DownloadManager: in removeSpuriousFiles, preserving file /data/data/com.android.providers.downloads/cache/metadata-1265.htm
07-05 13:14:55.039   545 30881 I DownloadManager: in removeSpuriousFiles, preserving file /data/data/com.android.providers.downloads/cache/metadata-422.htm
07-05 13:14:55.039   545 30881 I DownloadManager: in removeSpuriousFiles, preserving file /data/data/com.android.providers.downloads/cache/metadata-1213.htm
07-05 13:14:55.039   545 30881 I DownloadManager: in removeSpuriousFiles, preserving file /data/data/com.android.providers.downloads/cache/metadata-500.htm
07-05 13:14:55.039   545 30881 I DownloadManager: in removeSpuriousFiles, preserving file /data/data/com.android.providers.downloads/cache/metadata-589.htm
07-05 13:14:55.039   545 30881 I DownloadManager: in removeSpuriousFiles, preserving file /data/data/com.android.providers.downloads/cache/metadata-2100.htm
07-05 13:14:55.039   545 30881 I DownloadManager: in removeSpuriousFiles, preserving file /data/data/com.android.providers.downloads/cache/metadata-1289.htm
07-05 13:14:55.039   545 30881 I DownloadManager: in removeSpuriousFiles, preserving file /data/data/com.android.providers.downloads/cache/metadata-984.htm
07-05 13:14:55.039   545 30881 I DownloadManager: in removeSpuriousFiles, preserving file /data/data/com.android.providers.downloads/cache/metadata-900.htm
07-05 13:14:55.043   545 30881 I DownloadManager: in removeSpuriousFiles, preserving file /data/data/com.android.providers.downloads/cache/metadata-1124.htm
07-05 13:14:55.047   545 30881 I DownloadManager: in removeSpuriousFiles, preserving file /data/data/com.android.providers.downloads/cache/metadata-936.htm
07-05 13:14:55.047   545 30881 I DownloadManager: in removeSpuriousFiles, preserving file /data/data/com.android.providers.downloads/cache/metadata-388.htm
07-05 13:14:55.047   545 30881 I DownloadManager: in removeSpuriousFiles, preserving file /data/data/com.android.providers.downloads/cache/metadata-745.htm
07-05 13:14:55.047   545 30881 I DownloadManager: in removeSpuriousFiles, preserving file /data/data/com.android.providers.downloads/cache/metadata-1152.htm
07-05 13:14:55.047   545 30881 I DownloadManager: in removeSpuriousFiles, preserving file /data/data/com.android.providers.downloads/cache/metadata-782.htm
07-05 13:14:55.047   545 30881 I DownloadManager: in removeSpuriousFiles, preserving file /data/data/com.android.providers.downloads/cache/metadata-1111.htm
07-05 13:14:55.047   545 30881 I DownloadManager: in removeSpuriousFiles, preserving file /data/data/com.android.providers.downloads/cache/metadata-1849.htm
07-05 13:14:55.047   545 30881 I DownloadManager: in removeSpuriousFiles, preserving file /data/data/com.android.providers.downloads/cache/metadata-1174.htm
07-05 13:14:55.047   545 30881 I DownloadManager: in removeSpuriousFiles, preserving file /data/data/com.android.providers.downloads/cache/metadata-408.htm
07-05 13:14:55.051   545 30881 I DownloadManager: in removeSpuriousFiles, preserving file /data/data/com.android.providers.downloads/cache/metadata-612.htm
07-05 13:14:55.051   545 30881 I DownloadManager: in removeSpuriousFiles, preserving file /data/data/com.android.providers.downloads/cache/metadata-368.htm
07-05 13:14:55.051   545 30881 I DownloadManager: in removeSpuriousFiles, preserving file /data/data/com.android.providers.downloads/cache/metadata-544.htm
07-05 13:14:55.051   545 30881 I DownloadManager: in removeSpuriousFiles, preserving file /data/data/com.android.providers.downloads/cache/metadata-1817.htm
07-05 13:14:55.051   545 30881 I DownloadManager: in removeSpuriousFiles, preserving file /data/data/com.android.providers.downloads/cache/metadata-701.htm
07-05 13:14:55.055   545 30881 I DownloadManager: in removeSpuriousFiles, preserving file /data/data/com.android.providers.downloads/cache/metadata-607.htm
07-05 13:14:55.055   545 30881 I DownloadManager: in removeSpuriousFiles, preserving file /data/data/com.android.providers.downloads/cache/metadata-2090.htm
07-05 13:14:55.059   545 30881 I DownloadManager: in removeSpuriousFiles, preserving file /data/data/com.android.providers.downloads/cache/metadata-1254.htm
07-05 13:14:55.059   545 30881 I DownloadManager: in removeSpuriousFiles, preserving file /data/data/com.android.providers.downloads/cache/metadata-1345.htm
07-05 13:14:55.059   545 30881 I DownloadManager: in removeSpuriousFiles, preserving file /data/data/com.android.providers.downloads/cache/metadata-323.htm
07-05 13:14:55.059   545 30881 I DownloadManager: in removeSpuriousFiles, preserving file /data/data/com.android.providers.downloads/cache/metadata-2112.htm
07-05 13:14:55.059   545 30881 I DownloadManager: in removeSpuriousFiles, preserving file /data/data/com.android.providers.downloads/cache/metadata-100.htm
07-05 13:14:55.059   545 30881 I DownloadManager: in removeSpuriousFiles, preserving file /data/data/com.android.providers.downloads/cache/metadata-203.htm
07-05 13:14:55.059   545 30881 I DownloadManager: in removeSpuriousFiles, preserving file /data/data/com.android.providers.downloads/cache/metadata-176.htm
07-05 13:14:55.059   545 30881 I DownloadManager: in removeSpuriousFiles, preserving file /data/data/com.android.providers.downloads/cache/metadata-186.htm
07-05 13:14:55.059   545 30881 I DownloadManager: in removeSpuriousFiles, preserving file /data/data/com.android.providers.downloads/cache/metadata-33.htm
07-05 13:14:55.059   545 30881 I DownloadManager: in removeSpuriousFiles, preserving file /data/data/com.android.providers.downloads/cache/metadata-234.htm
07-05 13:14:55.059   545 30881 I DownloadManager: in removeSpuriousFiles, preserving file /data/data/com.android.providers.downloads/cache/metadata-43.htm
07-05 13:14:55.059   545 30881 I DownloadManager: in removeSpuriousFiles, preserving file /data/data/com.android.providers.downloads/cache/metadata-247.htm
07-05 13:14:55.063   545 30881 I DownloadManager: in removeSpuriousFiles, preserving file /data/data/com.android.providers.downloads/cache/metadata-169.htm
07-05 13:14:55.063   545 30881 I DownloadManager: in removeSpuriousFiles, preserving file /data/data/com.android.providers.downloads/cache/metadata-144.htm
07-05 13:14:55.063   545 30881 I DownloadManager: in removeSpuriousFiles, preserving file /data/data/com.android.providers.downloads/cache/metadata-61.htm
07-05 13:14:55.063   545 30881 I DownloadManager: in removeSpuriousFiles, preserving file /data/data/com.android.providers.downloads/cache/metadata-152.htm
07-05 13:14:55.063   545 30881 I DownloadManager: in removeSpuriousFiles, preserving file /data/data/com.android.providers.downloads/cache/metadata-278.htm
07-05 13:14:55.063   545 30881 I DownloadManager: in removeSpuriousFiles, preserving file /data/data/com.android.providers.downloads/cache/metadata-250.htm
07-05 13:14:55.063   545 30881 I DownloadManager: in removeSpuriousFiles, preserving file /data/data/com.android.providers.downloads/cache/metadata-307.htm
07-05 13:14:55.063   545 30881 I DownloadManager: in removeSpuriousFiles, preserving file /data/data/com.android.providers.downloads/cache/metadata-103.htm
07-05 13:14:55.063   545 30881 I DownloadManager: in removeSpuriousFiles, preserving file /data/data/com.android.providers.downloads/cache/metadata-119.htm
07-05 13:14:55.063   545 30881 I DownloadManager: in removeSpuriousFiles, preserving file /data/data/com.android.providers.downloads/cache/metadata-271.htm
07-05 13:14:55.063   545 30881 I DownloadManager: in removeSpuriousFiles, preserving file /data/data/com.android.providers.downloads/cache/metadata-272.htm
07-05 13:14:55.063   545 30881 I DownloadManager: in removeSpuriousFiles, preserving file /data/data/com.android.providers.downloads/cache/metadata-162.htm
07-05 13:14:55.063   545 30881 I DownloadManager: in removeSpuriousFiles, preserving file /data/data/com.android.providers.downloads/cache/metadata-463.htm
07-05 13:14:55.063   545 30881 I DownloadManager: in removeSpuriousFiles, preserving file /data/data/com.android.providers.downloads/cache/metadata-340.htm
07-05 13:14:55.063   545 30881 I DownloadManager: in removeSpuriousFiles, preserving file /data/data/com.android.providers.downloads/cache/metadata-328.htm
07-05 13:14:55.063   545 30881 I DownloadManager: in removeSpuriousFiles, preserving file /data/data/com.android.providers.downloads/cache/metadata-74.htm
07-05 13:14:55.063   545 30881 I DownloadManager: in removeSpuriousFiles, preserving file /data/data/com.android.providers.downloads/cache/metadata-238.htm
07-05 13:14:55.063   545 30881 I DownloadManager: in removeSpuriousFiles, preserving file /data/data/com.android.providers.downloads/cache/metadata-96.htm
07-05 13:14:55.063   545 30881 I DownloadManager: in removeSpuriousFiles, preserving file /data/data/com.android.providers.downloads/cache/metadata-2555.htm
07-05 13:14:55.063   545 30881 I DownloadManager: in removeSpuriousFiles, preserving file /data/data/com.android.providers.downloads/cache/metadata-387.htm
07-05 13:14:55.063   545 30881 I DownloadManager: in removeSpuriousFiles, preserving file /data/data/com.android.providers.downloads/cache/metadata-350.htm
07-05 13:14:55.063   545 30881 I DownloadManager: in removeSpuriousFiles, preserving file /data/data/com.android.providers.downloads/cache/metadata-242.htm
07-05 13:14:55.063   545 30881 I DownloadManager: in removeSpuriousFiles, preserving file /data/data/com.android.providers.downloads/cache/metadata-87.htm
07-05 13:14:55.067   545 30881 I DownloadManager: in removeSpuriousFiles, preserving file /data/data/com.android.providers.downloads/cache/metadata-1192.htm
07-05 13:14:55.067   545 30881 I DownloadManager: in removeSpuriousFiles, preserving file /data/data/com.android.providers.downloads/cache/metadata-298.htm
07-05 13:14:55.067   545 30881 I DownloadManager: in removeSpuriousFiles, preserving file /data/data/com.android.providers.downloads/cache/metadata-227.htm
07-05 13:14:55.067   545 30881 I DownloadManager: in removeSpuriousFiles, preserving file /data/data/com.android.providers.downloads/cache/metadata-268.htm
07-05 13:14:55.067   545 30881 I DownloadManager: in removeSpuriousFiles, preserving file /data/data/com.android.providers.downloads/cache/metadata-440.htm
07-05 13:14:55.067   545 30881 I DownloadManager: in removeSpuriousFiles, preserving file /data/data/com.android.providers.downloads/cache/metadata-483.htm
07-05 13:14:55.067   545 30881 I DownloadManager: in removeSpuriousFiles, preserving file /data/data/com.android.providers.downloads/cache/metadata-746.htm
07-05 13:14:55.067   545 30881 I DownloadManager: in removeSpuriousFiles, preserving file /data/data/com.android.providers.downloads/cache/metadata-369.htm
07-05 13:14:55.067   545 30881 I DownloadManager: in removeSpuriousFiles, preserving file /data/data/com.android.providers.downloads/cache/metadata-457.htm
07-05 13:14:55.067   545 30881 I DownloadManager: in removeSpuriousFiles, preserving file /data/data/com.android.providers.downloads/cache/metadata-1392.htm
07-05 13:14:55.067   545 30881 I DownloadManager: in removeSpuriousFiles, preserving file /data/data/com.android.providers.downloads/cache/metadata-171.htm
07-05 13:14:55.067   545 30881 I DownloadManager: in removeSpuriousFiles, preserving file /data/data/com.android.providers.downloads/cache/metadata-220.htm
07-05 13:14:55.067   545 30881 I DownloadManager: in removeSpuriousFiles, preserving file /data/data/com.android.providers.downloads/cache/metadata-270.htm
07-05 13:14:55.067   545 30881 I DownloadManager: in removeSpuriousFiles, preserving file /data/data/com.android.providers.downloads/cache/metadata-236.htm
07-05 13:14:55.067   545 30881 I DownloadManager: in removeSpuriousFiles, preserving file /data/data/com.android.providers.downloads/cache/metadata-261.htm
07-05 13:14:55.067   545 30881 I DownloadManager: in removeSpuriousFiles, preserving file /data/data/com.android.providers.downloads/cache/metadata-228.htm
07-05 13:14:55.067   545 30881 I DownloadManager: in removeSpuriousFiles, preserving file /data/data/com.android.providers.downloads/cache/metadata-568.htm
07-05 13:14:55.067   545 30881 I DownloadManager: in removeSpuriousFiles, preserving file /data/data/com.android.providers.downloads/cache/metadata-357.htm
07-05 13:14:55.067   545 30881 I DownloadManager: in removeSpuriousFiles, preserving file /data/data/com.android.providers.downloads/cache/metadata-1524.htm
07-05 13:14:55.067   545 30881 I DownloadManager: in removeSpuriousFiles, preserving file /data/data/com.android.providers.downloads/cache/metadata-389.htm
07-05 13:14:55.071   545 30881 I DownloadManager: in removeSpuriousFiles, preserving file /data/data/com.android.providers.downloads/cache/metadata-468.htm
07-05 13:14:55.071   545 30881 I DownloadManager: in removeSpuriousFiles, preserving file /data/data/com.android.providers.downloads/cache/metadata-221.htm
07-05 13:14:55.071   545 30881 I DownloadManager: in removeSpuriousFiles, preserving file /data/data/com.android.providers.downloads/cache/metadata-380.htm
07-05 13:14:55.071   545 30881 I DownloadManager: in removeSpuriousFiles, preserving file /data/data/com.android.providers.downloads/cache/metadata-558.htm
07-05 13:14:55.071   545 30881 I DownloadManager: in removeSpuriousFiles, preserving file /data/data/com.android.providers.downloads/cache/metadata-465.htm
07-05 13:14:55.071   545 30881 I DownloadManager: in removeSpuriousFiles, preserving file /data/data/com.android.providers.downloads/cache/metadata-579.htm
07-05 13:14:55.071   545 30881 I DownloadManager: in removeSpuriousFiles, preserving file /data/data/com.android.providers.downloads/cache/metadata-1020.htm
07-05 13:14:55.071   545 30881 I DownloadManager: in removeSpuriousFiles, preserving file /data/data/com.android.providers.downloads/cache/metadata-502.htm
07-05 13:14:55.071   545 30881 I DownloadManager: in removeSpuriousFiles, preserving file /data/data/com.android.providers.downloads/cache/metadata-347.htm
07-05 13:14:55.071   545 30881 I DownloadManager: in removeSpuriousFiles, preserving file /data/data/com.android.providers.downloads/cache/metadata-417.htm
07-05 13:14:55.071   545 30881 I DownloadManager: in removeSpuriousFiles, preserving file /data/data/com.android.providers.downloads/cache/metadata-2360.htm
07-05 13:14:55.071   545 30881 I DownloadManager: in removeSpuriousFiles, preserving file /data/data/com.android.providers.downloads/cache/metadata-452.htm
07-05 13:14:55.071   545 30881 I DownloadManager: in removeSpuriousFiles, preserving file /data/data/com.android.providers.downloads/cache/metadata-401.htm
07-05 13:14:55.071   545 30881 I DownloadManager: in removeSpuriousFiles, preserving file /data/data/com.android.providers.downloads/cache/metadata-329.htm
07-05 13:14:55.071   545 30881 I DownloadManager: in removeSpuriousFiles, preserving file /data/data/com.android.providers.downloads/cache/metadata-578.htm
07-05 13:14:55.071   545 30881 I DownloadManager: in removeSpuriousFiles, preserving file /data/data/com.android.providers.downloads/cache/metadata-263.htm
07-05 13:14:55.071   545 30881 I DownloadManager: in removeSpuriousFiles, preserving file /data/data/com.android.providers.downloads/cache/metadata-332.htm
07-05 13:14:55.071   545 30881 I DownloadManager: in removeSpuriousFiles, preserving file /data/data/com.android.providers.downloads/cache/metadata-1469.htm
07-05 13:14:55.071   545 30881 I DownloadManager: in removeSpuriousFiles, preserving file /data/data/com.android.providers.downloads/cache/metadata-1200.htm
07-05 13:14:55.071   545 30881 I DownloadManager: in removeSpuriousFiles, preserving file /data/data/com.android.providers.downloads/cache/metadata-405.htm
07-05 13:14:55.074   545 30881 I DownloadManager: in removeSpuriousFiles, preserving file /data/data/com.android.providers.downloads/cache/metadata-1428.htm
07-05 13:14:55.074   545 30881 I DownloadManager: in removeSpuriousFiles, preserving file /data/data/com.android.providers.downloads/cache/metadata-493.htm
07-05 13:14:55.074   545 30881 I DownloadManager: in removeSpuriousFiles, preserving file /data/data/com.android.providers.downloads/cache/metadata-1423.htm
07-05 13:14:55.074   545 30881 I DownloadManager: in removeSpuriousFiles, preserving file /data/data/com.android.providers.downloads/cache/metadata-1011.htm
07-05 13:14:55.074   545 30881 I DownloadManager: in removeSpuriousFiles, preserving file /data/data/com.android.providers.downloads/cache/metadata-920.htm
07-05 13:14:55.074   545 30881 I DownloadManager: in removeSpuriousFiles, preserving file /data/data/com.android.providers.downloads/cache/metadata-2018.htm
07-05 13:14:55.074   545 30881 I DownloadManager: in removeSpuriousFiles, preserving file /data/data/com.android.providers.downloads/cache/metadata-2190.htm
07-05 13:14:55.074   545 30881 I DownloadManager: in removeSpuriousFiles, preserving file /data/data/com.android.providers.downloads/cache/metadata-1046.htm
07-05 13:14:55.074   545 30881 I DownloadManager: in removeSpuriousFiles, preserving file /data/data/com.android.providers.downloads/cache/metadata-592.htm
07-05 13:14:55.074   545 30881 I DownloadManager: in removeSpuriousFiles, preserving file /data/data/com.android.providers.downloads/cache/metadata-508.htm
07-05 13:14:55.074   545 30881 I DownloadManager: in removeSpuriousFiles, preserving file /data/data/com.android.providers.downloads/cache/metadata-482.htm
07-05 13:14:55.074   545 30881 I DownloadManager: in removeSpuriousFiles, preserving file /data/data/com.android.providers.downloads/cache/metadata-367.htm
07-05 13:14:55.074   545 30881 I DownloadManager: in removeSpuriousFiles, preserving file /data/data/com.android.providers.downloads/cache/metadata-1943.htm
07-05 13:14:55.074   545 30881 I DownloadManager: in removeSpuriousFiles, preserving file /data/data/com.android.providers.downloads/cache/metadata-1330.htm
07-05 13:14:55.074   545 30881 I DownloadManager: in removeSpuriousFiles, preserving file /data/data/com.android.providers.downloads/cache/metadata-451.htm
07-05 13:14:55.074   545 30881 I DownloadManager: in removeSpuriousFiles, preserving file /data/data/com.android.providers.downloads/cache/metadata-2297.htm
07-05 13:14:55.074   545 30881 I DownloadManager: in removeSpuriousFiles, preserving file /data/data/com.android.providers.downloads/cache/metadata-872.htm
07-05 13:14:55.078   545 30881 I DownloadManager: in removeSpuriousFiles, preserving file /data/data/com.android.providers.downloads/cache/metadata-472.htm
07-05 13:14:55.078   545 30881 I DownloadManager: in removeSpuriousFiles, preserving file /data/data/com.android.providers.downloads/cache/metadata-1907.htm
07-05 13:14:55.078   545 30881 I DownloadManager: in removeSpuriousFiles, preserving file /data/data/com.android.providers.downloads/cache/metadata-1048.htm
07-05 13:14:55.078   545 30881 I DownloadManager: in removeSpuriousFiles, preserving file /data/data/com.android.providers.downloads/cache/metadata-409.htm
07-05 13:14:55.078   545 30881 I DownloadManager: in removeSpuriousFiles, preserving file /data/data/com.android.providers.downloads/cache/metadata-630.htm
07-05 13:14:55.078   545 30881 I DownloadManager: in removeSpuriousFiles, preserving file /data/data/com.android.providers.downloads/cache/metadata-957.htm
07-05 13:14:55.078   545 30881 I DownloadManager: in removeSpuriousFiles, preserving file /data/data/com.android.providers.downloads/cache/metadata-1468.htm
07-05 13:14:55.078   545 30881 I DownloadManager: in removeSpuriousFiles, preserving file /data/data/com.android.providers.downloads/cache/metadata-1464.htm
07-05 13:14:55.078   545 30881 I DownloadManager: in removeSpuriousFiles, preserving file /data/data/com.android.providers.downloads/cache/metadata-1308.htm
07-05 13:14:55.078   545 30881 I DownloadManager: in removeSpuriousFiles, preserving file /data/data/com.android.providers.downloads/cache/metadata-1356.htm
07-05 13:14:55.078   545 30881 I DownloadManager: in removeSpuriousFiles, preserving file /data/data/com.android.providers.downloads/cache/metadata-737.htm
07-05 13:14:55.078   545 30881 I DownloadManager: in removeSpuriousFiles, preserving file /data/data/com.android.providers.downloads/cache/metadata-1738.htm
07-05 13:14:55.078   545 30881 I DownloadManager: in removeSpuriousFiles, preserving file /data/data/com.android.providers.downloads/cache/metadata-902.htm
07-05 13:14:55.078   545 30881 I DownloadManager: in removeSpuriousFiles, preserving file /data/data/com.android.providers.downloads/cache/metadata-1744.htm
07-05 13:14:55.078   545 30881 I DownloadManager: in removeSpuriousFiles, preserving file /data/data/com.android.providers.downloads/cache/metadata-1168.htm
07-05 13:14:55.082   545 30881 I DownloadManager: in removeSpuriousFiles, preserving file /data/data/com.android.providers.downloads/cache/metadata-618.htm
07-05 13:14:55.082   545 30881 I DownloadManager: in removeSpuriousFiles, preserving file /data/data/com.android.providers.downloads/cache/metadata-907.htm
07-05 13:14:55.082   545 30881 I DownloadManager: in removeSpuriousFiles, preserving file /data/data/com.android.providers.downloads/cache/metadata-516.htm
07-05 13:14:55.082   545 30881 I DownloadManager: in removeSpuriousFiles, preserving file /data/data/com.android.providers.downloads/cache/metadata-1844.htm
07-05 13:14:55.082   545 30881 I DownloadManager: in removeSpuriousFiles, preserving file /data/data/com.android.providers.downloads/cache/metadata-1502.htm
07-05 13:14:55.082   545 30881 I DownloadManager: in removeSpuriousFiles, preserving file /data/data/com.android.providers.downloads/cache/metadata-1047.htm
07-05 13:14:55.082   545 30881 I DownloadManager: in removeSpuriousFiles, preserving file /data/data/com.android.providers.downloads/cache/metadata-537.htm
07-05 13:14:55.082   545 30881 I DownloadManager: in removeSpuriousFiles, preserving file /data/data/com.android.providers.downloads/cache/metadata-1536.htm
07-05 13:14:55.082   545 30881 I DownloadManager: in removeSpuriousFiles, preserving file /data/data/com.android.providers.downloads/cache/metadata-552.htm
07-05 13:14:55.082   545 30881 I DownloadManager: in removeSpuriousFiles, preserving file /data/data/com.android.providers.downloads/cache/metadata-1143.htm
07-05 13:14:55.086   545 30881 I DownloadManager: in removeSpuriousFiles, preserving file /data/data/com.android.providers.downloads/cache/metadata-1073.htm
07-05 13:14:55.086   545 30881 I DownloadManager: in removeSpuriousFiles, preserving file /data/data/com.android.providers.downloads/cache/metadata-1785.htm
07-05 13:14:55.086   545 30881 I DownloadManager: in removeSpuriousFiles, preserving file /data/data/com.android.providers.downloads/cache/metadata-650.htm
07-05 13:14:55.086   545 30881 I DownloadManager: in removeSpuriousFiles, preserving file /data/data/com.android.providers.downloads/cache/metadata-535.htm
07-05 13:14:55.086   545 30881 I DownloadManager: in removeSpuriousFiles, preserving file /data/data/com.android.providers.downloads/cache/metadata-1121.htm
07-05 13:14:55.086   545 30881 I DownloadManager: in removeSpuriousFiles, preserving file /data/data/com.android.providers.downloads/cache/metadata-827.htm
07-05 13:14:55.086   545 30881 I DownloadManager: in removeSpuriousFiles, preserving file /data/data/com.android.providers.downloads/cache/metadata-488.htm
07-05 13:14:55.086   545 30881 I DownloadManager: in removeSpuriousFiles, preserving file /data/data/com.android.providers.downloads/cache/metadata-146.htm
07-05 13:14:55.086   545 30881 I DownloadManager: in removeSpuriousFiles, preserving file /data/data/com.android.providers.downloads/cache/metadata-30.htm
07-05 13:14:55.086   545 30881 I DownloadManager: in removeSpuriousFiles, preserving file /data/data/com.android.providers.downloads/cache/metadata-65.htm
07-05 13:14:55.086   545 30881 I DownloadManager: in removeSpuriousFiles, preserving file /data/data/com.android.providers.downloads/cache/metadata-7.htm
07-05 13:14:55.086   545 30881 I DownloadManager: in removeSpuriousFiles, preserving file /data/data/com.android.providers.downloads/cache/metadata-410.htm
07-05 13:14:55.086   545 30881 I DownloadManager: in removeSpuriousFiles, preserving file /data/data/com.android.providers.downloads/cache/metadata-88.htm
07-05 13:14:55.086   545 30881 I DownloadManager: in removeSpuriousFiles, preserving file /data/data/com.android.providers.downloads/cache/metadata-344.htm
07-05 13:14:55.086   545 30881 I DownloadManager: in removeSpuriousFiles, preserving file /data/data/com.android.providers.downloads/cache/metadata-573.htm
07-05 13:14:55.090   545 30881 I DownloadManager: in removeSpuriousFiles, preserving file /data/data/com.android.providers.downloads/cache/metadata-198.htm
07-05 13:14:55.090   545 30881 I DownloadManager: in removeSpuriousFiles, preserving file /data/data/com.android.providers.downloads/cache/metadata-438.htm
07-05 13:14:55.090   545 30881 I DownloadManager: in removeSpuriousFiles, preserving file /data/data/com.android.providers.downloads/cache/metadata-311.htm
07-05 13:14:55.090   545 30881 I DownloadManager: in removeSpuriousFiles, preserving file /data/data/com.android.providers.downloads/cache/metadata-441.htm
07-05 13:14:55.113   545 30881 I DownloadManager: in removeSpuriousFiles, preserving file /data/data/com.android.providers.downloads/cache/metadata-338.htm
07-05 13:14:55.113   545 30881 I DownloadManager: in removeSpuriousFiles, preserving file /data/data/com.android.providers.downloads/cache/metadata-407.htm
07-05 13:14:55.113   545 30881 I DownloadManager: in removeSpuriousFiles, preserving file /data/data/com.android.providers.downloads/cache/metadata-137.htm
07-05 13:14:55.113   545 30881 I DownloadManager: in removeSpuriousFiles, preserving file /data/data/com.android.providers.downloads/cache/metadata-321.htm
07-05 13:14:55.113   545 30881 I DownloadManager: in removeSpuriousFiles, preserving file /data/data/com.android.providers.downloads/cache/metadata-507.htm
07-05 13:14:55.113   545 30881 I DownloadManager: in removeSpuriousFiles, preserving file /data/data/com.android.providers.downloads/cache/metadata-1333.htm
07-05 13:14:55.113   545 30881 I DownloadManager: in removeSpuriousFiles, preserving file /data/data/com.android.providers.downloads/cache/metadata-1708.htm
07-05 13:14:55.113   545 30881 I DownloadManager: in removeSpuriousFiles, preserving file /data/data/com.android.providers.downloads/cache/metadata-275.htm
07-05 13:14:55.113   545 30881 I DownloadManager: in removeSpuriousFiles, preserving file /data/data/com.android.providers.downloads/cache/metadata-356.htm
07-05 13:14:55.113   545 30881 I DownloadManager: in removeSpuriousFiles, preserving file /data/data/com.android.providers.downloads/cache/metadata-110.htm
07-05 13:14:55.113   545 30881 I DownloadManager: in removeSpuriousFiles, preserving file /data/data/com.android.providers.downloads/cache/metadata-131.htm
07-05 13:14:55.113   545 30881 I DownloadManager: in removeSpuriousFiles, preserving file /data/data/com.android.providers.downloads/cache/metadata-662.htm
07-05 13:14:55.113   545 30881 I DownloadManager: in removeSpuriousFiles, preserving file /data/data/com.android.providers.downloads/cache/metadata-429.htm
07-05 13:14:55.113   545 30881 I DownloadManager: in removeSpuriousFiles, preserving file /data/data/com.android.providers.downloads/cache/metadata-576.htm
07-05 13:14:55.113   545 30881 I DownloadManager: in removeSpuriousFiles, preserving file /data/data/com.android.providers.downloads/cache/metadata-260.htm
07-05 13:14:55.113   545 30881 I DownloadManager: in removeSpuriousFiles, preserving file /data/data/com.android.providers.downloads/cache/metadata-915.htm
07-05 13:14:55.113   545 30881 I DownloadManager: in removeSpuriousFiles, preserving file /data/data/com.android.providers.downloads/cache/metadata-296.htm
07-05 13:14:55.113   545 30881 I DownloadManager: in removeSpuriousFiles, preserving file /data/data/com.android.providers.downloads/cache/metadata-214.htm
07-05 13:14:55.113   545 30881 I DownloadManager: in removeSpuriousFiles, preserving file /data/data/com.android.providers.downloads/cache/metadata-318.htm
07-05 13:14:55.113   545 30881 I DownloadManager: in removeSpuriousFiles, preserving file /data/data/com.android.providers.downloads/cache/metadata-155.htm
07-05 13:14:55.113   545 30881 I DownloadManager: in removeSpuriousFiles, preserving file /data/data/com.android.providers.downloads/cache/metadata-437.htm
07-05 13:14:55.117   545 30881 I DownloadManager: in removeSpuriousFiles, preserving file /data/data/com.android.providers.downloads/cache/metadata-333.htm
07-05 13:14:55.117   545 30881 I DownloadManager: in removeSpuriousFiles, preserving file /data/data/com.android.providers.downloads/cache/metadata-455.htm
07-05 13:14:55.117   545 30881 I DownloadManager: in removeSpuriousFiles, preserving file /data/data/com.android.providers.downloads/cache/metadata-444.htm
07-05 13:14:55.117   545 30881 I DownloadManager: in removeSpuriousFiles, preserving file /data/data/com.android.providers.downloads/cache/metadata-462.htm
07-05 13:14:55.117   545 30881 I DownloadManager: in removeSpuriousFiles, preserving file /data/data/com.android.providers.downloads/cache/metadata-504.htm
07-05 13:14:55.117   545 30881 I DownloadManager: in removeSpuriousFiles, preserving file /data/data/com.android.providers.downloads/cache/metadata-2364.htm
07-05 13:14:55.117   545 30881 I DownloadManager: in removeSpuriousFiles, preserving file /data/data/com.android.providers.downloads/cache/metadata-1819.htm
07-05 13:14:55.117   545 30881 I DownloadManager: in removeSpuriousFiles, preserving file /data/data/com.android.providers.downloads/cache/metadata-432.htm
07-05 13:14:55.117   545 30881 I DownloadManager: in removeSpuriousFiles, preserving file /data/data/com.android.providers.downloads/cache/metadata-364.htm
07-05 13:14:55.117   545 30881 I DownloadManager: in removeSpuriousFiles, preserving file /data/data/com.android.providers.downloads/cache/metadata-370.htm
07-05 13:14:55.117   545 30881 I DownloadManager: in removeSpuriousFiles, preserving file /data/data/com.android.providers.downloads/cache/metadata-1928.htm
07-05 13:14:55.117   545 30881 I DownloadManager: in removeSpuriousFiles, preserving file /data/data/com.android.providers.downloads/cache/metadata-1987.htm
07-05 13:14:55.117   545 30881 I DownloadManager: in removeSpuriousFiles, preserving file /data/data/com.android.providers.downloads/cache/metadata-478.htm
07-05 13:14:55.121   545 30881 I DownloadManager: in removeSpuriousFiles, preserving file /data/data/com.android.providers.downloads/cache/metadata-258.htm
07-05 13:14:55.121   545 30881 I DownloadManager: in removeSpuriousFiles, preserving file /data/data/com.android.providers.downloads/cache/metadata-313.htm
07-05 13:14:55.121   545 30881 I DownloadManager: in removeSpuriousFiles, preserving file /data/data/com.android.providers.downloads/cache/metadata-1083.htm
07-05 13:14:55.121   545 30881 I DownloadManager: in removeSpuriousFiles, preserving file /data/data/com.android.providers.downloads/cache/metadata-494.htm
07-05 13:14:55.121   545 30881 I DownloadManager: in removeSpuriousFiles, preserving file /data/data/com.android.providers.downloads/cache/metadata-1425.htm
07-05 13:14:55.125   545 30881 I DownloadManager: in removeSpuriousFiles, preserving file /data/data/com.android.providers.downloads/cache/metadata-222.htm
07-05 13:14:55.125   545 30881 I DownloadManager: in removeSpuriousFiles, preserving file /data/data/com.android.providers.downloads/cache/metadata-461.htm
07-05 13:14:55.125   545 30881 I DownloadManager: in removeSpuriousFiles, preserving file /data/data/com.android.providers.downloads/cache/metadata-373.htm
07-05 13:14:55.125   545 30881 I DownloadManager: in removeSpuriousFiles, preserving file /data/data/com.android.providers.downloads/cache/metadata-596.htm
07-05 13:14:55.125   545 30881 I DownloadManager: in removeSpuriousFiles, preserving file /data/data/com.android.providers.downloads/cache/metadata-1056.htm
07-05 13:14:55.125   545 30881 I DownloadManager: in removeSpuriousFiles, preserving file /data/data/com.android.providers.downloads/cache/metadata-708.htm
07-05 13:14:55.125   545 30881 I DownloadManager: in removeSpuriousFiles, preserving file /data/data/com.android.providers.downloads/cache/metadata-189.htm
07-05 13:14:55.125   545 30881 I DownloadManager: in removeSpuriousFiles, preserving file /data/data/com.android.providers.downloads/cache/metadata-264.htm
07-05 13:14:55.125   545 30881 I DownloadManager: in removeSpuriousFiles, preserving file /data/data/com.android.providers.downloads/cache/metadata-930.htm
07-05 13:14:55.125   545 30881 I DownloadManager: in removeSpuriousFiles, preserving file /data/data/com.android.providers.downloads/cache/metadata-709.htm
07-05 13:14:55.125   545 30881 I DownloadManager: in removeSpuriousFiles, preserving file /data/data/com.android.providers.downloads/cache/metadata-266.htm
