07-05 13:52:45.976   545   548 D dalvikvm: GC_CONCURRENT freed 697K, 12% free 10424K/11719K, paused 1ms+2ms
07-05 13:52:46.238   545   548 D dalvikvm: GC_CONCURRENT freed 414K, 12% free 10400K/11719K, paused 2ms+2ms
07-05 13:52:46.308   545  6192 I DownloadManager: Initiating request for download 4564
07-05 13:52:46.410   545   548 D dalvikvm: GC_CONCURRENT freed 195K, 10% free 10626K/11719K, paused 2ms+3ms
07-05 13:52:46.511   545   548 D dalvikvm: GC_CONCURRENT freed 373K, 9% free 10676K/11719K, paused 2ms+3ms
07-05 13:52:47.843   545   548 D dalvikvm: GC_CONCURRENT freed 685K, 12% free 10422K/11719K, paused 1ms+2ms
07-05 13:52:48.113   545   548 D dalvikvm: GC_CONCURRENT freed 410K, 12% free 10402K/11719K, paused 2ms+2ms
07-05 13:52:48.320   545  6196 I DownloadManager: Initiating request for download 4565
07-05 13:52:48.402   545   548 D dalvikvm: GC_CONCURRENT freed 298K, 10% free 10564K/11719K, paused 2ms+3ms
07-05 13:52:48.515   545   548 D dalvikvm: GC_CONCURRENT freed 281K, 9% free 10727K/11719K, paused 1ms+3ms
07-05 13:52:48.726  1370  6198 E DictionaryProvider:UpdateHandler: Can't read a file : android.util.MalformedJsonException: Use JsonReader.setLenient(true) to accept malformed JSON at line 1 column 20
07-05 13:52:48.761   545   548 D dalvikvm: GC_CONCURRENT freed 755K, 11% free 10445K/11719K, paused 2ms+3ms
07-05 13:52:49.035   545   548 D dalvikvm: GC_CONCURRENT freed 425K, 12% free 10410K/11719K, paused 1ms+2ms
07-05 13:52:49.293   545  6201 I DownloadManager: Initiating request for download 4565
07-05 13:52:49.316   545   548 D dalvikvm: GC_CONCURRENT freed 400K, 12% free 10403K/11719K, paused 2ms+2ms
07-05 13:52:49.437   545   548 D dalvikvm: GC_CONCURRENT freed 175K, 10% free 10665K/11719K, paused 2ms+2ms
07-05 13:52:49.566   545   548 D dalvikvm: GC_CONCURRENT freed 426K, 9% free 10681K/11719K, paused 2ms+2ms
07-05 13:52:49.883   545   548 D dalvikvm: GC_CONCURRENT freed 694K, 12% free 10419K/11719K, paused 2ms+2ms
07-05 13:52:50.148   545   548 D dalvikvm: GC_CONCURRENT freed 409K, 12% free 10400K/11719K, paused 2ms+2ms
07-05 13:52:50.273   545  6204 I DownloadManager: Initiating request for download 4566
07-05 13:52:50.383   545   548 D dalvikvm: GC_CONCURRENT freed 229K, 10% free 10655K/11719K, paused 2ms+2ms
07-05 13:52:50.500   545   548 D dalvikvm: GC_CONCURRENT freed 324K, 9% free 10772K/11719K, paused 2ms+3ms
07-05 13:52:50.672  1370  6206 E DictionaryProvider:UpdateHandler: Can't read a file : android.util.MalformedJsonException: Use JsonReader.setLenient(true) to accept malformed JSON at line 1 column 20
07-05 13:52:50.816   545   548 D dalvikvm: GC_CONCURRENT freed 801K, 11% free 10433K/11719K, paused 2ms+4ms
07-05 13:52:51.086   545   548 D dalvikvm: GC_CONCURRENT freed 415K, 12% free 10409K/11719K, paused 1ms+2ms
07-05 13:52:51.250   545  6209 I DownloadManager: Initiating request for download 4566
07-05 13:52:51.336   545   548 D dalvikvm: GC_CONCURRENT freed 291K, 10% free 10572K/11719K, paused 2ms+3ms
07-05 13:52:51.449   545   548 D dalvikvm: GC_CONCURRENT freed 291K, 9% free 10732K/11719K, paused 1ms+3ms
07-05 13:52:51.590   156   594 D dalvikvm: GC_EXPLICIT freed 482K, 12% free 14097K/16007K, paused 3ms+6ms
07-05 13:52:51.746   545   548 D dalvikvm: GC_CONCURRENT freed 750K, 11% free 10433K/11719K, paused 2ms+3ms
07-05 13:52:52.011   545   548 D dalvikvm: GC_CONCURRENT freed 426K, 12% free 10397K/11719K, paused 2ms+2ms
07-05 13:52:52.304   545  6212 I DownloadManager: Initiating request for download 4567
07-05 13:52:52.328   545   548 D dalvikvm: GC_CONCURRENT freed 394K, 12% free 10406K/11719K, paused 3ms+3ms
07-05 13:52:52.461   545   548 D dalvikvm: GC_CONCURRENT freed 179K, 10% free 10653K/11719K, paused 2ms+2ms
07-05 13:52:52.586   545   548 D dalvikvm: GC_CONCURRENT freed 418K, 9% free 10671K/11719K, paused 2ms+3ms
07-05 13:52:52.722  1370  6214 E DictionaryProvider:UpdateHandler: Can't read a file : android.util.MalformedJsonException: Use JsonReader.setLenient(true) to accept malformed JSON at line 1 column 20
07-05 13:52:52.758  1370  1372 D dalvikvm: GC_CONCURRENT freed 401K, 7% free 9127K/9735K, paused 2ms+2ms
07-05 13:52:52.937   545   548 D dalvikvm: GC_CONCURRENT freed 683K, 12% free 10416K/11719K, paused 1ms+2ms
07-05 13:52:53.218   545   548 D dalvikvm: GC_CONCURRENT freed 415K, 12% free 10392K/11719K, paused 2ms+2ms
07-05 13:52:53.336   545  6217 I DownloadManager: Initiating request for download 4567
07-05 13:52:53.422   545   548 D dalvikvm: GC_CONCURRENT freed 244K, 10% free 10583K/11719K, paused 2ms+3ms
07-05 13:52:53.539   545   548 D dalvikvm: GC_CONCURRENT freed 292K, 9% free 10744K/11719K, paused 2ms+3ms
07-05 13:52:53.769   545   548 D dalvikvm: GC_CONCURRENT freed 744K, 11% free 10450K/11719K, paused 2ms+2ms
07-05 13:52:54.039   545   548 D dalvikvm: GC_CONCURRENT freed 404K, 11% free 10437K/11719K, paused 2ms+2ms
07-05 13:52:54.992   545  6219 I DownloadManager: Initiating request for download 4568
07-05 13:52:55.050   545   548 D dalvikvm: GC_CONCURRENT freed 368K, 11% free 10470K/11719K, paused 2ms+3ms
07-05 13:52:55.183   545   548 D dalvikvm: GC_CONCURRENT freed 224K, 9% free 10683K/11719K, paused 2ms+3ms
07-05 13:52:55.343   545   548 D dalvikvm: GC_CONCURRENT freed 657K, 11% free 10460K/11719K, paused 2ms+2ms
07-05 13:52:55.441  1370  6222 E DictionaryProvider:UpdateHandler: Can't read a file : android.util.MalformedJsonException: Use JsonReader.setLenient(true) to accept malformed JSON at line 1 column 20
07-05 13:52:55.660   545   548 D dalvikvm: GC_CONCURRENT freed 432K, 12% free 10418K/11719K, paused 2ms+3ms
07-05 13:52:55.922   545   548 D dalvikvm: GC_CONCURRENT freed 410K, 12% free 10395K/11719K, paused 1ms+2ms
07-05 13:52:56.039   545  6225 I DownloadManager: Initiating request for download 4568
07-05 13:52:56.136   545   548 D dalvikvm: GC_CONCURRENT freed 237K, 10% free 10595K/11719K, paused 2ms+3ms
07-05 13:52:56.246   545   548 D dalvikvm: GC_CONCURRENT freed 297K, 9% free 10756K/11719K, paused 2ms+3ms
07-05 13:52:56.515   545   548 D dalvikvm: GC_CONCURRENT freed 787K, 12% free 10420K/11719K, paused 2ms+3ms
07-05 13:52:56.769   545   548 D dalvikvm: GC_CONCURRENT freed 406K, 12% free 10400K/11719K, paused 1ms+3ms
07-05 13:52:56.976   545  6228 I DownloadManager: Initiating request for download 4569
07-05 13:52:57.031   545   548 D dalvikvm: GC_CONCURRENT freed 316K, 11% free 10477K/11719K, paused 3ms+2ms
07-05 13:52:57.148   545   548 D dalvikvm: GC_CONCURRENT freed 218K, 9% free 10695K/11719K, paused 1ms+2ms
07-05 13:52:57.300   545   548 D dalvikvm: GC_CONCURRENT freed 662K, 11% free 10479K/11719K, paused 2ms+2ms
07-05 13:52:57.367  1370  6230 E DictionaryProvider:UpdateHandler: Can't read a file : android.util.MalformedJsonException: Use JsonReader.setLenient(true) to accept malformed JSON at line 1 column 20
07-05 13:52:57.609   545   548 D dalvikvm: GC_CONCURRENT freed 441K, 12% free 10429K/11719K, paused 2ms+4ms
07-05 13:52:57.883   545   548 D dalvikvm: GC_CONCURRENT freed 416K, 12% free 10404K/11719K, paused 2ms+2ms
07-05 13:52:57.980   545  6233 I DownloadManager: Initiating request for download 4569
07-05 13:52:58.074   545   548 D dalvikvm: GC_CONCURRENT freed 227K, 10% free 10609K/11719K, paused 2ms+3ms
07-05 13:52:58.199   545   548 D dalvikvm: GC_CONCURRENT freed 306K, 9% free 10765K/11719K, paused 2ms+2ms
07-05 13:52:58.465   545   548 D dalvikvm: GC_CONCURRENT freed 792K, 12% free 10429K/11719K, paused 2ms+2ms
07-05 13:52:58.730   545   548 D dalvikvm: GC_CONCURRENT freed 404K, 12% free 10411K/11719K, paused 2ms+2ms
07-05 13:52:58.945   545  6236 I DownloadManager: Initiating request for download 4570
07-05 13:52:59.035   545   548 D dalvikvm: GC_CONCURRENT freed 306K, 10% free 10563K/11719K, paused 3ms+3ms
07-05 13:52:59.144   545   548 D dalvikvm: GC_CONCURRENT freed 283K, 9% free 10727K/11719K, paused 2ms+3ms
07-05 13:52:59.328   545   548 D dalvikvm: GC_CONCURRENT freed 740K, 11% free 10437K/11719K, paused 2ms+2ms
07-05 13:52:59.375  1370  6238 E DictionaryProvider:UpdateHandler: Can't read a file : android.util.MalformedJsonException: Use JsonReader.setLenient(true) to accept malformed JSON at line 1 column 20
07-05 13:52:59.636   545   548 D dalvikvm: GC_CONCURRENT freed 400K, 12% free 10428K/11719K, paused 2ms+3ms
07-05 13:52:59.910   545   548 D dalvikvm: GC_CONCURRENT freed 414K, 12% free 10404K/11719K, paused 1ms+2ms
07-05 13:52:59.957   545  6241 I DownloadManager: Initiating request for download 4570
07-05 13:53:00.101   545   548 D dalvikvm: GC_CONCURRENT freed 189K, 10% free 10651K/11719K, paused 2ms+3ms
07-05 13:53:00.215   545   548 D dalvikvm: GC_CONCURRENT freed 408K, 9% free 10688K/11719K, paused 2ms+2ms
07-05 13:53:00.492   545   548 D dalvikvm: GC_CONCURRENT freed 655K, 11% free 10467K/11719K, paused 2ms+3ms
07-05 13:53:00.758   545   548 D dalvikvm: GC_CONCURRENT freed 405K, 11% free 10450K/11719K, paused 2ms+2ms
07-05 13:53:00.883   682  1055 E GTalkService: connectionClosed: no XMPPConnection - That's strange!
07-05 13:53:01.300   545  6243 I DownloadManager: Initiating request for download 4571
07-05 13:53:01.402   545   548 D dalvikvm: GC_CONCURRENT freed 302K, 10% free 10597K/11719K, paused 2ms+3ms
07-05 13:53:01.527   545   548 D dalvikvm: GC_CONCURRENT freed 292K, 9% free 10755K/11719K, paused 2ms+2ms
07-05 13:53:01.711  1370  6246 E DictionaryProvider:UpdateHandler: Can't read a file : android.util.MalformedJsonException: Use JsonReader.setLenient(true) to accept malformed JSON at line 1 column 20
07-05 13:53:01.742  1370  1372 D dalvikvm: GC_CONCURRENT freed 390K, 7% free 9128K/9735K, paused 2ms+2ms
07-05 13:53:01.804   545   548 D dalvikvm: GC_CONCURRENT freed 764K, 11% free 10450K/11719K, paused 2ms+2ms
07-05 13:53:02.074   545   548 D dalvikvm: GC_CONCURRENT freed 422K, 12% free 10418K/11719K, paused 2ms+2ms
07-05 13:53:02.300   545  6249 I DownloadManager: Initiating request for download 4571
07-05 13:53:02.363   545   548 D dalvikvm: GC_CONCURRENT freed 403K, 11% free 10469K/11719K, paused 1ms+3ms
07-05 13:53:02.476   545   548 D dalvikvm: GC_CONCURRENT freed 196K, 9% free 10688K/11719K, paused 1ms+2ms
07-05 13:53:02.605   545   548 D dalvikvm: GC_CONCURRENT freed 651K, 11% free 10478K/11719K, paused 2ms+3ms
07-05 13:53:02.894   545   548 D dalvikvm: GC_CONCURRENT freed 438K, 11% free 10431K/11719K, paused 2ms+2ms
07-05 13:53:03.168   545   548 D dalvikvm: GC_CONCURRENT freed 411K, 12% free 10411K/11719K, paused 2ms+2ms
07-05 13:53:03.324   545  6252 I DownloadManager: Initiating request for download 4572
07-05 13:53:03.437   545   548 D dalvikvm: GC_CONCURRENT freed 232K, 10% free 10602K/11719K, paused 2ms+2ms
07-05 13:53:03.558   545   548 D dalvikvm: GC_CONCURRENT freed 297K, 9% free 10768K/11719K, paused 2ms+3ms
07-05 13:53:03.746  1370  6254 E DictionaryProvider:UpdateHandler: Can't read a file : android.util.MalformedJsonException: Use JsonReader.setLenient(true) to accept malformed JSON at line 1 column 20
07-05 13:53:03.840   545   548 D dalvikvm: GC_CONCURRENT freed 777K, 11% free 10448K/11719K, paused 2ms+2ms
07-05 13:53:03.886   156   330 D ConnectivityService: handleInetConditionHoldEnd: net=1, condition=0, published condition=0
07-05 13:53:04.105   545   548 D dalvikvm: GC_CONCURRENT freed 418K, 12% free 10421K/11719K, paused 2ms+3ms
07-05 13:53:04.312   545  6258 I DownloadManager: Initiating request for download 4572
07-05 13:53:04.379   545   548 D dalvikvm: GC_CONCURRENT freed 368K, 11% free 10479K/11719K, paused 2ms+3ms
07-05 13:53:04.492   545   548 D dalvikvm: GC_CONCURRENT freed 214K, 9% free 10702K/11719K, paused 2ms+3ms
07-05 13:53:04.648   545   548 D dalvikvm: GC_CONCURRENT freed 668K, 11% free 10479K/11719K, paused 2ms+2ms
07-05 13:53:04.933   545   548 D dalvikvm: GC_CONCURRENT freed 438K, 11% free 10431K/11719K, paused 2ms+3ms
07-05 13:53:05.207   545   548 D dalvikvm: GC_CONCURRENT freed 409K, 12% free 10413K/11719K, paused 2ms+2ms
07-05 13:53:05.324   545  6261 I DownloadManager: Initiating request for download 4573
07-05 13:53:05.425   545   548 D dalvikvm: GC_CONCURRENT freed 226K, 10% free 10622K/11719K, paused 2ms+3ms
07-05 13:53:05.543   545   548 D dalvikvm: GC_CONCURRENT freed 306K, 8% free 10782K/11719K, paused 1ms+3ms
07-05 13:53:05.715  1370  6263 E DictionaryProvider:UpdateHandler: Can't read a file : android.util.MalformedJsonException: Use JsonReader.setLenient(true) to accept malformed JSON at line 1 column 20
07-05 13:53:05.836   545   548 D dalvikvm: GC_CONCURRENT freed 802K, 11% free 10445K/11719K, paused 2ms+3ms
07-05 13:53:06.109   545   548 D dalvikvm: GC_CONCURRENT freed 416K, 12% free 10420K/11719K, paused 2ms+3ms
07-05 13:53:06.195   682   682 I GTalkService/c: [AndroidEndpoint@1095403848] connect: acct=1000001, state=CONNECTING
07-05 13:53:06.297   545  6266 I DownloadManager: Initiating request for download 4573
07-05 13:53:06.363   545   548 D dalvikvm: GC_CONCURRENT freed 317K, 10% free 10563K/11719K, paused 2ms+3ms
07-05 13:53:06.484   545   548 D dalvikvm: GC_CONCURRENT freed 262K, 9% free 10776K/11719K, paused 1ms+2ms
07-05 13:53:06.715   545   548 D dalvikvm: GC_CONCURRENT freed 792K, 11% free 10444K/11719K, paused 2ms+2ms
07-05 13:53:06.976   545   548 D dalvikvm: GC_CONCURRENT freed 410K, 12% free 10424K/11719K, paused 2ms+2ms
07-05 13:53:07.238   545   548 D dalvikvm: GC_CONCURRENT freed 398K, 12% free 10415K/11719K, paused 2ms+2ms
07-05 13:53:07.277   545  6269 I DownloadManager: Initiating request for download 4574
07-05 13:53:07.398   545   548 D dalvikvm: GC_CONCURRENT freed 179K, 9% free 10674K/11719K, paused 1ms+3ms
07-05 13:53:07.523   545   548 D dalvikvm: GC_CONCURRENT freed 426K, 9% free 10699K/11719K, paused 2ms+3ms
07-05 13:53:07.683  1370  6271 E DictionaryProvider:UpdateHandler: Can't read a file : android.util.MalformedJsonException: Use JsonReader.setLenient(true) to accept malformed JSON at line 1 column 20
07-05 13:53:07.840   545   548 D dalvikvm: GC_CONCURRENT freed 694K, 11% free 10443K/11719K, paused 2ms+2ms
07-05 13:53:08.109   545   548 D dalvikvm: GC_CONCURRENT freed 413K, 12% free 10420K/11719K, paused 2ms+2ms
07-05 13:53:08.230   545  6274 I DownloadManager: Initiating request for download 4574
07-05 13:53:08.316   545   548 D dalvikvm: GC_CONCURRENT freed 256K, 10% free 10602K/11719K, paused 1ms+2ms
07-05 13:53:08.437   545   548 D dalvikvm: GC_CONCURRENT freed 280K, 9% free 10757K/11719K, paused 1ms+2ms
07-05 13:53:08.675   545   548 D dalvikvm: GC_CONCURRENT freed 763K, 11% free 10446K/11719K, paused 2ms+2ms
07-05 13:53:08.945   545   548 D dalvikvm: GC_CONCURRENT freed 410K, 12% free 10427K/11719K, paused 2ms+2ms
07-05 13:53:09.289   156   167 D dalvikvm: GC_EXPLICIT freed 525K, 12% free 14098K/16007K, paused 3ms+7ms
07-05 13:53:09.308   545  6277 I DownloadManager: Initiating request for download 4575
07-05 13:53:09.324   545   548 D dalvikvm: GC_CONCURRENT freed 395K, 11% free 10441K/11719K, paused 2ms+3ms
07-05 13:53:09.468   545   548 D dalvikvm: GC_CONCURRENT freed 196K, 9% free 10691K/11719K, paused 2ms+3ms
07-05 13:53:09.601   545   548 D dalvikvm: GC_CONCURRENT freed 461K, 9% free 10687K/11719K, paused 2ms+2ms
07-05 13:53:09.746  1370  6279 E DictionaryProvider:UpdateHandler: Can't read a file : android.util.MalformedJsonException: Use JsonReader.setLenient(true) to accept malformed JSON at line 1 column 20
07-05 13:53:09.789  1370  1372 D dalvikvm: GC_CONCURRENT freed 387K, 7% free 9128K/9735K, paused 1ms+3ms
07-05 13:53:09.832  1370  1404 D dalvikvm: GC_EXPLICIT freed 67K, 7% free 9089K/9735K, paused 2ms+2ms
07-05 13:53:09.871   465   467 D dalvikvm: GC_CONCURRENT freed 383K, 6% free 10501K/11143K, paused 2ms+3ms
07-05 13:53:10.011   545   548 D dalvikvm: GC_CONCURRENT freed 691K, 12% free 10430K/11719K, paused 2ms+3ms
07-05 13:53:10.281   545   548 D dalvikvm: GC_CONCURRENT freed 415K, 12% free 10406K/11719K, paused 2ms+2ms
07-05 13:53:10.386   545  6282 I DownloadManager: Initiating request for download 4575
07-05 13:53:10.476   545   548 D dalvikvm: GC_CONCURRENT freed 234K, 10% free 10607K/11719K, paused 2ms+3ms
07-05 13:53:10.597   545   548 D dalvikvm: GC_CONCURRENT freed 277K, 9% free 10763K/11719K, paused 2ms+2ms
07-05 13:53:10.851   545   548 D dalvikvm: GC_CONCURRENT freed 790K, 11% free 10432K/11719K, paused 2ms+2ms
07-05 13:53:11.121   545   548 D dalvikvm: GC_CONCURRENT freed 409K, 12% free 10420K/11719K, paused 1ms+2ms
07-05 13:53:11.343   545  6285 I DownloadManager: Initiating request for download 4576
07-05 13:53:11.406   545   548 D dalvikvm: GC_CONCURRENT freed 353K, 11% free 10480K/11719K, paused 2ms+2ms
07-05 13:53:11.523   545   548 D dalvikvm: GC_CONCURRENT freed 223K, 9% free 10701K/11719K, paused 2ms+3ms
07-05 13:53:11.664   545   548 D dalvikvm: GC_CONCURRENT freed 666K, 11% free 10479K/11719K, paused 1ms+2ms
07-05 13:53:11.773  1370  6287 E DictionaryProvider:UpdateHandler: Can't read a file : android.util.MalformedJsonException: Use JsonReader.setLenient(true) to accept malformed JSON at line 1 column 20
07-05 13:53:11.980   545   548 D dalvikvm: GC_CONCURRENT freed 437K, 11% free 10432K/11719K, paused 2ms+2ms
07-05 13:53:12.246   545   548 D dalvikvm: GC_CONCURRENT freed 414K, 12% free 10409K/11719K, paused 2ms+2ms
07-05 13:53:12.347   545  6290 I DownloadManager: Initiating request for download 4576
07-05 13:53:12.449   545   548 D dalvikvm: GC_CONCURRENT freed 230K, 10% free 10605K/11719K, paused 2ms+2ms
07-05 13:53:12.570   545   548 D dalvikvm: GC_CONCURRENT freed 284K, 9% free 10762K/11719K, paused 1ms+4ms
07-05 13:53:12.824   545   548 D dalvikvm: GC_CONCURRENT freed 780K, 11% free 10443K/11719K, paused 2ms+3ms
07-05 13:53:13.090   545   548 D dalvikvm: GC_CONCURRENT freed 419K, 12% free 10415K/11719K, paused 2ms+3ms
07-05 13:53:13.320   545  6293 I DownloadManager: Initiating request for download 4577
07-05 13:53:13.379   545   548 D dalvikvm: GC_CONCURRENT freed 361K, 11% free 10483K/11719K, paused 2ms+3ms
07-05 13:53:13.496   545   548 D dalvikvm: GC_CONCURRENT freed 218K, 9% free 10702K/11719K, paused 1ms+3ms
07-05 13:53:13.648   545   548 D dalvikvm: GC_CONCURRENT freed 662K, 11% free 10479K/11719K, paused 2ms+3ms
07-05 13:53:13.789   545   633 D dalvikvm: GC_EXPLICIT freed 140K, 11% free 10450K/11719K, paused 2ms+3ms
07-05 13:53:13.800  1370  6295 E DictionaryProvider:UpdateHandler: Can't read a file : android.util.MalformedJsonException: Use JsonReader.setLenient(true) to accept malformed JSON at line 1 column 20
07-05 13:53:14.062   545   548 D dalvikvm: GC_CONCURRENT freed 409K, 11% free 10431K/11719K, paused 2ms+3ms
07-05 13:53:14.328   545   548 D dalvikvm: GC_CONCURRENT freed 410K, 12% free 10411K/11719K, paused 2ms+2ms
07-05 13:53:14.371   545  6297 I DownloadManager: Initiating request for download 4577
07-05 13:53:14.511   545   548 D dalvikvm: GC_CONCURRENT freed 196K, 10% free 10652K/11719K, paused 2ms+3ms
07-05 13:53:14.648   545   548 D dalvikvm: GC_CONCURRENT freed 399K, 9% free 10704K/11719K, paused 1ms+2ms
07-05 13:53:14.937   545   548 D dalvikvm: GC_CONCURRENT freed 711K, 11% free 10432K/11719K, paused 2ms+3ms
07-05 13:53:15.191   545   548 D dalvikvm: GC_CONCURRENT freed 410K, 12% free 10413K/11719K, paused 2ms+3ms
07-05 13:53:15.394   545  6301 I DownloadManager: Initiating request for download 4578
07-05 13:53:15.562   545   548 D dalvikvm: GC_CONCURRENT freed 321K, 11% free 10482K/11719K, paused 2ms+3ms
07-05 13:53:15.832   545   548 D dalvikvm: GC_CONCURRENT freed 409K, 11% free 10464K/11719K, paused 2ms+2ms
07-05 13:53:16.101   545   548 D dalvikvm: GC_CONCURRENT freed 405K, 11% free 10450K/11719K, paused 2ms+3ms
07-05 13:53:21.254   545   548 D dalvikvm: GC_CONCURRENT freed 283K, 10% free 10604K/11719K, paused 2ms+3ms
07-05 13:53:21.336   545   548 D dalvikvm: GC_CONCURRENT freed 380K, 10% free 10643K/11719K, paused 2ms+2ms
07-05 13:53:21.574  1370  6304 E DictionaryProvider:UpdateHandler: Can't read a file : android.util.MalformedJsonException: Use JsonReader.setLenient(true) to accept malformed JSON at line 1 column 20
07-05 13:53:21.761   545   548 D dalvikvm: GC_CONCURRENT freed 620K, 11% free 10442K/11719K, paused 2ms+3ms
07-05 13:53:22.039   545   548 D dalvikvm: GC_CONCURRENT freed 413K, 12% free 10420K/11719K, paused 2ms+2ms
07-05 13:53:22.277   545  6307 I DownloadManager: Initiating request for download 4578
07-05 13:53:22.289   545   548 D dalvikvm: GC_CONCURRENT freed 367K, 11% free 10450K/11719K, paused 2ms+3ms
07-05 13:53:22.293   545  6307 W DownloadManager: Aborting request for download 4578: Trying to resume a download that can't be resumed
07-05 13:53:22.625   545   548 D dalvikvm: GC_CONCURRENT freed 404K, 11% free 10434K/11719K, paused 2ms+2ms
07-05 13:53:22.886   545   548 D dalvikvm: GC_CONCURRENT freed 401K, 12% free 10418K/11719K, paused 2ms+2ms
07-05 13:53:23.090   545  6310 I DownloadManager: Initiating request for download 4579
07-05 13:53:23.207   545   548 D dalvikvm: GC_CONCURRENT freed 276K, 10% free 10591K/11719K, paused 2ms+3ms
07-05 13:53:23.320   545   548 D dalvikvm: GC_CONCURRENT freed 300K, 9% free 10747K/11719K, paused 2ms+3ms
07-05 13:53:23.523   545   548 D dalvikvm: GC_CONCURRENT freed 724K, 11% free 10478K/11719K, paused 2ms+3ms
07-05 13:53:23.586  1370  6312 E DictionaryProvider:UpdateHandler: Can't read a file : android.util.MalformedJsonException: Use JsonReader.setLenient(true) to accept malformed JSON at line 1 column 20
07-05 13:53:23.672  1370  1372 D dalvikvm: GC_CONCURRENT freed 352K, 7% free 9128K/9735K, paused 2ms+2ms
07-05 13:53:23.863   545   548 D dalvikvm: GC_CONCURRENT freed 432K, 11% free 10436K/11719K, paused 2ms+3ms
07-05 13:53:24.133   545   548 D dalvikvm: GC_CONCURRENT freed 415K, 12% free 10412K/11719K, paused 1ms+3ms
07-05 13:53:24.156   545  6315 I DownloadManager: Initiating request for download 4579
07-05 13:53:24.258   545   548 D dalvikvm: GC_CONCURRENT freed 176K, 9% free 10672K/11719K, paused 2ms+3ms
07-05 13:53:24.375   545   548 D dalvikvm: GC_CONCURRENT freed 420K, 9% free 10703K/11719K, paused 2ms+3ms
07-05 13:53:24.672   545   548 D dalvikvm: GC_CONCURRENT freed 700K, 11% free 10437K/11719K, paused 2ms+2ms
07-05 13:53:24.945   545   548 D dalvikvm: GC_CONCURRENT freed 407K, 12% free 10418K/11719K, paused 2ms+3ms
07-05 13:53:25.117   545  6318 I DownloadManager: Initiating request for download 4580
07-05 13:53:25.215   545   548 D dalvikvm: GC_CONCURRENT freed 261K, 10% free 10600K/11719K, paused 2ms+3ms
07-05 13:53:25.336   545   548 D dalvikvm: GC_CONCURRENT freed 298K, 9% free 10760K/11719K, paused 2ms+2ms
07-05 13:53:25.531  1370  6320 E DictionaryProvider:UpdateHandler: Can't read a file : android.util.MalformedJsonException: Use JsonReader.setLenient(true) to accept malformed JSON at line 1 column 20
07-05 13:53:25.574   545   548 D dalvikvm: GC_CONCURRENT freed 767K, 11% free 10459K/11719K, paused 1ms+3ms
07-05 13:53:25.859   545   548 D dalvikvm: GC_CONCURRENT freed 421K, 11% free 10434K/11719K, paused 2ms+3ms
07-05 13:53:26.082   545  6323 I DownloadManager: Initiating request for download 4580
07-05 13:53:26.140   545   548 D dalvikvm: GC_CONCURRENT freed 408K, 11% free 10473K/11719K, paused 1ms+2ms
07-05 13:53:26.258   545   548 D dalvikvm: GC_CONCURRENT freed 206K, 9% free 10704K/11719K, paused 2ms+3ms
07-05 13:53:26.398   545   548 D dalvikvm: GC_CONCURRENT freed 659K, 11% free 10485K/11719K, paused 2ms+3ms
07-05 13:53:26.695   545   548 D dalvikvm: GC_CONCURRENT freed 431K, 11% free 10441K/11719K, paused 2ms+2ms
07-05 13:53:26.961   545   548 D dalvikvm: GC_CONCURRENT freed 404K, 12% free 10423K/11719K, paused 2ms+2ms
07-05 13:53:27.113   545  6326 I DownloadManager: Initiating request for download 4581
07-05 13:53:27.211   545   548 D dalvikvm: GC_CONCURRENT freed 246K, 10% free 10613K/11719K, paused 2ms+3ms
07-05 13:53:27.328   545   548 D dalvikvm: GC_CONCURRENT freed 303K, 9% free 10774K/11719K, paused 1ms+2ms
07-05 13:53:27.539  1370  6328 E DictionaryProvider:UpdateHandler: Can't read a file : android.util.MalformedJsonException: Use JsonReader.setLenient(true) to accept malformed JSON at line 1 column 20
07-05 13:53:27.601   545   548 D dalvikvm: GC_CONCURRENT freed 779K, 11% free 10455K/11719K, paused 2ms+3ms
07-05 13:53:27.621   465  6329 D dalvikvm: GC_EXPLICIT freed 283K, 8% free 10319K/11143K, paused 2ms+2ms
07-05 13:53:27.886   545   548 D dalvikvm: GC_CONCURRENT freed 414K, 12% free 10430K/11719K, paused 2ms+3ms
07-05 13:53:28.113   545  6331 I DownloadManager: Initiating request for download 4581
07-05 13:53:28.168   545   548 D dalvikvm: GC_CONCURRENT freed 371K, 11% free 10455K/11719K, paused 2ms+2ms
07-05 13:53:28.281   545   548 D dalvikvm: GC_CONCURRENT freed 193K, 9% free 10699K/11719K, paused 2ms+2ms
07-05 13:53:28.418   545   548 D dalvikvm: GC_CONCURRENT freed 440K, 9% free 10710K/11719K, paused 2ms+2ms
07-05 13:53:28.738   545   548 D dalvikvm: GC_CONCURRENT freed 709K, 11% free 10448K/11719K, paused 2ms+2ms
07-05 13:53:29.000   545   548 D dalvikvm: GC_CONCURRENT freed 416K, 12% free 10423K/11719K, paused 2ms+2ms
07-05 13:53:29.136   545  6334 I DownloadManager: Initiating request for download 4582
07-05 13:53:29.238   545   548 D dalvikvm: GC_CONCURRENT freed 230K, 10% free 10626K/11719K, paused 2ms+2ms
07-05 13:53:29.355   545   548 D dalvikvm: GC_CONCURRENT freed 311K, 8% free 10783K/11719K, paused 1ms+3ms
07-05 13:53:29.547  1370  6336 E DictionaryProvider:UpdateHandler: Can't read a file : android.util.MalformedJsonException: Use JsonReader.setLenient(true) to accept malformed JSON at line 1 column 20
07-05 13:53:29.640   545   548 D dalvikvm: GC_CONCURRENT freed 785K, 11% free 10460K/11719K, paused 2ms+2ms
07-05 13:53:29.894   545   548 D dalvikvm: GC_CONCURRENT freed 415K, 11% free 10432K/11719K, paused 1ms+2ms
07-05 13:53:30.090   545  6339 I DownloadManager: Initiating request for download 4582
07-05 13:53:30.152   545   548 D dalvikvm: GC_CONCURRENT freed 355K, 11% free 10486K/11719K, paused 2ms+3ms
07-05 13:53:30.265   545   548 D dalvikvm: GC_CONCURRENT freed 209K, 9% free 10714K/11719K, paused 2ms+3ms
07-05 13:53:30.410   545   548 D dalvikvm: GC_CONCURRENT freed 665K, 11% free 10493K/11719K, paused 1ms+3ms
07-05 13:53:30.695   545   548 D dalvikvm: GC_CONCURRENT freed 434K, 11% free 10450K/11719K, paused 2ms+2ms
07-05 13:53:30.957   545   548 D dalvikvm: GC_CONCURRENT freed 412K, 12% free 10428K/11719K, paused 1ms+2ms
07-05 13:53:31.093   545  6342 I DownloadManager: Initiating request for download 4583
07-05 13:53:31.199   545   548 D dalvikvm: GC_CONCURRENT freed 238K, 10% free 10623K/11719K, paused 2ms+3ms
07-05 13:53:31.312   545   548 D dalvikvm: GC_CONCURRENT freed 307K, 9% free 10781K/11719K, paused 1ms+3ms
07-05 13:53:31.566   156   530 D dalvikvm: GC_EXPLICIT freed 495K, 12% free 14097K/16007K, paused 2ms+6ms
07-05 13:53:31.574  1370  6344 E DictionaryProvider:UpdateHandler: Can't read a file : android.util.MalformedJsonException: Use JsonReader.setLenient(true) to accept malformed JSON at line 1 column 20
07-05 13:53:31.652  1370  1372 D dalvikvm: GC_CONCURRENT freed 390K, 7% free 9126K/9735K, paused 1ms+2ms
07-05 13:53:31.687   545   548 D dalvikvm: GC_CONCURRENT freed 781K, 11% free 10473K/11719K, paused 2ms+2ms
07-05 13:53:31.945   545   548 D dalvikvm: GC_CONCURRENT freed 443K, 12% free 10420K/11719K, paused 2ms+2ms
07-05 13:53:32.152   545  6347 I DownloadManager: Initiating request for download 4583
07-05 13:53:32.203   545   548 D dalvikvm: GC_CONCURRENT freed 366K, 11% free 10483K/11719K, paused 2ms+2ms
07-05 13:53:32.320   545   548 D dalvikvm: GC_CONCURRENT freed 215K, 9% free 10705K/11719K, paused 1ms+3ms
07-05 13:53:32.461   545   548 D dalvikvm: GC_CONCURRENT freed 662K, 11% free 10479K/11719K, paused 2ms+3ms
07-05 13:53:32.734   545   548 D dalvikvm: GC_CONCURRENT freed 433K, 11% free 10432K/11719K, paused 1ms+2ms
07-05 13:53:33.000   545   548 D dalvikvm: GC_CONCURRENT freed 404K, 12% free 10415K/11719K, paused 2ms+2ms
07-05 13:53:33.152   545  6350 I DownloadManager: Initiating request for download 4584
07-05 13:53:33.242   545   548 D dalvikvm: GC_CONCURRENT freed 244K, 10% free 10607K/11719K, paused 2ms+3ms
07-05 13:53:33.359   545   548 D dalvikvm: GC_CONCURRENT freed 305K, 9% free 10763K/11719K, paused 2ms+3ms
07-05 13:53:33.570  1370  6352 E DictionaryProvider:UpdateHandler: Can't read a file : android.util.MalformedJsonException: Use JsonReader.setLenient(true) to accept malformed JSON at line 1 column 20
07-05 13:53:33.613   545   548 D dalvikvm: GC_CONCURRENT freed 776K, 11% free 10455K/11719K, paused 2ms+2ms
07-05 13:53:33.886   545   548 D dalvikvm: GC_CONCURRENT freed 419K, 12% free 10426K/11719K, paused 2ms+3ms
07-05 13:53:34.121   545  6355 I DownloadManager: Initiating request for download 4584
07-05 13:53:34.152   545   548 D dalvikvm: GC_CONCURRENT freed 386K, 11% free 10459K/11719K, paused 1ms+3ms
07-05 13:53:34.281   545   548 D dalvikvm: GC_CONCURRENT freed 199K, 9% free 10697K/11719K, paused 2ms+3ms
07-05 13:53:34.414   545   548 D dalvikvm: GC_CONCURRENT freed 458K, 9% free 10705K/11719K, paused 2ms+3ms
07-05 13:53:34.718   545   548 D dalvikvm: GC_CONCURRENT freed 705K, 11% free 10436K/11719K, paused 1ms+2ms
07-05 13:53:34.972   545   548 D dalvikvm: GC_CONCURRENT freed 405K, 12% free 10417K/11719K, paused 2ms+3ms
07-05 13:53:36.093   545  6358 I DownloadManager: Initiating request for download 4585
07-05 13:53:36.203   545   548 D dalvikvm: GC_CONCURRENT freed 228K, 10% free 10630K/11719K, paused 1ms+2ms
07-05 13:53:36.328   545   548 D dalvikvm: GC_CONCURRENT freed 297K, 8% free 10800K/11719K, paused 2ms+3ms
07-05 13:53:36.535  1370  6360 E DictionaryProvider:UpdateHandler: Can't read a file : android.util.MalformedJsonException: Use JsonReader.setLenient(true) to accept malformed JSON at line 1 column 20
07-05 13:53:36.636   545   548 D dalvikvm: GC_CONCURRENT freed 816K, 11% free 10452K/11719K, paused 1ms+3ms
07-05 13:53:36.906   545   548 D dalvikvm: GC_CONCURRENT freed 417K, 12% free 10426K/11719K, paused 2ms+2ms
07-05 13:53:37.086   545  6363 I DownloadManager: Initiating request for download 4585
07-05 13:53:37.144   545   548 D dalvikvm: GC_CONCURRENT freed 330K, 11% free 10490K/11719K, paused 2ms+2ms
07-05 13:53:37.269   545   548 D dalvikvm: GC_CONCURRENT freed 215K, 9% free 10712K/11719K, paused 1ms+3ms
07-05 13:53:37.410   545   548 D dalvikvm: GC_CONCURRENT freed 671K, 11% free 10486K/11719K, paused 2ms+2ms
07-05 13:53:37.703   545   548 D dalvikvm: GC_CONCURRENT freed 437K, 11% free 10439K/11719K, paused 2ms+4ms
07-05 13:53:37.968   545   548 D dalvikvm: GC_CONCURRENT freed 405K, 12% free 10420K/11719K, paused 2ms+2ms
07-05 13:53:38.109   545  6366 I DownloadManager: Initiating request for download 4586
07-05 13:53:38.199   545   548 D dalvikvm: GC_CONCURRENT freed 230K, 10% free 10613K/11719K, paused 2ms+3ms
07-05 13:53:38.316   545   548 D dalvikvm: GC_CONCURRENT freed 297K, 9% free 10781K/11719K, paused 2ms+3ms
07-05 13:53:38.504  1370  6368 E DictionaryProvider:UpdateHandler: Can't read a file : android.util.MalformedJsonException: Use JsonReader.setLenient(true) to accept malformed JSON at line 1 column 20
07-05 13:53:38.590   545   548 D dalvikvm: GC_CONCURRENT freed 788K, 11% free 10458K/11719K, paused 2ms+2ms
07-05 13:53:38.851   545   548 D dalvikvm: GC_CONCURRENT freed 414K, 12% free 10430K/11719K, paused 2ms+2ms
07-05 13:53:39.082   545  6371 I DownloadManager: Initiating request for download 4586
07-05 13:53:39.140   545   548 D dalvikvm: GC_CONCURRENT freed 394K, 11% free 10481K/11719K, paused 2ms+3ms
07-05 13:53:39.258   545   548 D dalvikvm: GC_CONCURRENT freed 208K, 9% free 10709K/11719K, paused 2ms+3ms
07-05 13:53:39.402   545   548 D dalvikvm: GC_CONCURRENT freed 676K, 11% free 10490K/11719K, paused 2ms+3ms
07-05 13:53:39.691   545   548 D dalvikvm: GC_CONCURRENT freed 437K, 11% free 10443K/11719K, paused 2ms+2ms
07-05 13:53:39.957   545   548 D dalvikvm: GC_CONCURRENT freed 411K, 12% free 10423K/11719K, paused 2ms+2ms
07-05 13:53:40.090   545  6374 I DownloadManager: Initiating request for download 4587
07-05 13:53:40.195   545   548 D dalvikvm: GC_CONCURRENT freed 237K, 10% free 10618K/11719K, paused 2ms+3ms
07-05 13:53:40.308   545   548 D dalvikvm: GC_CONCURRENT freed 307K, 9% free 10778K/11719K, paused 1ms+3ms
07-05 13:53:40.523  1370  6376 E DictionaryProvider:UpdateHandler: Can't read a file : android.util.MalformedJsonException: Use JsonReader.setLenient(true) to accept malformed JSON at line 1 column 20
07-05 13:53:40.597   545   548 D dalvikvm: GC_CONCURRENT freed 784K, 11% free 10462K/11719K, paused 2ms+3ms
07-05 13:53:40.617  1370  1372 D dalvikvm: GC_CONCURRENT freed 390K, 7% free 9126K/9735K, paused 2ms+4ms
07-05 13:53:40.875   545   548 D dalvikvm: GC_CONCURRENT freed 416K, 11% free 10434K/11719K, paused 2ms+2ms
07-05 13:53:41.090   545  6379 I DownloadManager: Initiating request for download 4587
07-05 13:53:41.152   545   548 D dalvikvm: GC_CONCURRENT freed 384K, 11% free 10487K/11719K, paused 2ms+3ms
07-05 13:53:41.273   545   548 D dalvikvm: GC_CONCURRENT freed 210K, 9% free 10713K/11719K, paused 2ms+2ms
07-05 13:53:41.406   545   548 D dalvikvm: GC_CONCURRENT freed 670K, 11% free 10491K/11719K, paused 2ms+3ms
07-05 13:53:41.687   545   548 D dalvikvm: GC_CONCURRENT freed 436K, 11% free 10445K/11719K, paused 2ms+3ms
07-05 13:53:41.953   545   548 D dalvikvm: GC_CONCURRENT freed 410K, 12% free 10425K/11719K, paused 2ms+2ms
07-05 13:53:42.121   545  6382 I DownloadManager: Initiating request for download 4588
07-05 13:53:42.215   545   548 D dalvikvm: GC_CONCURRENT freed 238K, 10% free 10619K/11719K, paused 1ms+2ms
07-05 13:53:42.347   545   548 D dalvikvm: GC_CONCURRENT freed 302K, 8% free 10836K/11719K, paused 2ms+3ms
07-05 13:53:42.550  1370  6384 E DictionaryProvider:UpdateHandler: Can't read a file : android.util.MalformedJsonException: Use JsonReader.setLenient(true) to accept malformed JSON at line 1 column 20
07-05 13:53:42.672   545   548 D dalvikvm: GC_CONCURRENT freed 859K, 11% free 10464K/11719K, paused 2ms+2ms
07-05 13:53:42.933   545   548 D dalvikvm: GC_CONCURRENT freed 420K, 11% free 10432K/11719K, paused 2ms+2ms
07-05 13:53:43.117   545  6388 I DownloadManager: Initiating request for download 4588
07-05 13:53:43.175   545   548 D dalvikvm: GC_CONCURRENT freed 321K, 11% free 10498K/11719K, paused 2ms+2ms
07-05 13:53:43.289   545   548 D dalvikvm: GC_CONCURRENT freed 215K, 9% free 10720K/11719K, paused 2ms+3ms
07-05 13:53:43.425   545   548 D dalvikvm: GC_CONCURRENT freed 676K, 11% free 10492K/11719K, paused 2ms+3ms
07-05 13:53:43.730   545   548 D dalvikvm: GC_CONCURRENT freed 436K, 11% free 10447K/11719K, paused 2ms+2ms
07-05 13:53:44.011   545   548 D dalvikvm: GC_CONCURRENT freed 410K, 12% free 10427K/11719K, paused 2ms+2ms
07-05 13:53:44.140   545  6391 I DownloadManager: Initiating request for download 4589
07-05 13:53:44.238   545   548 D dalvikvm: GC_CONCURRENT freed 232K, 10% free 10627K/11719K, paused 2ms+3ms
07-05 13:53:44.359   545   548 D dalvikvm: GC_CONCURRENT freed 306K, 8% free 10788K/11719K, paused 2ms+3ms
07-05 13:53:44.547  1370  6393 E DictionaryProvider:UpdateHandler: Can't read a file : android.util.MalformedJsonException: Use JsonReader.setLenient(true) to accept malformed JSON at line 1 column 20
07-05 13:53:44.644   545   548 D dalvikvm: GC_CONCURRENT freed 792K, 11% free 10465K/11719K, paused 2ms+3ms
07-05 13:53:44.910   545   548 D dalvikvm: GC_CONCURRENT freed 419K, 11% free 10436K/11719K, paused 2ms+2ms
07-05 13:53:45.117   545  6396 I DownloadManager: Initiating request for download 4589
07-05 13:53:45.175   545   548 D dalvikvm: GC_CONCURRENT freed 373K, 11% free 10483K/11719K, paused 2ms+3ms
07-05 13:53:45.285   545   548 D dalvikvm: GC_CONCURRENT freed 204K, 9% free 10716K/11719K, paused 2ms+2ms
07-05 13:53:45.429   545   548 D dalvikvm: GC_CONCURRENT freed 666K, 11% free 10497K/11719K, paused 2ms+2ms
07-05 13:53:45.718   545   548 D dalvikvm: GC_CONCURRENT freed 437K, 11% free 10451K/11719K, paused 1ms+2ms
07-05 13:53:45.980   545   548 D dalvikvm: GC_CONCURRENT freed 410K, 11% free 10431K/11719K, paused 2ms+2ms
07-05 13:53:46.125   545  6399 I DownloadManager: Initiating request for download 4590
07-05 13:53:46.304   545   548 D dalvikvm: GC_CONCURRENT freed 321K, 11% free 10500K/11719K, paused 2ms+2ms
07-05 13:53:46.429   545   548 D dalvikvm: GC_CONCURRENT freed 260K, 9% free 10718K/11719K, paused 1ms+3ms
07-05 13:53:46.574   545   548 D dalvikvm: GC_CONCURRENT freed 473K, 9% free 10717K/11719K, paused 2ms+3ms
07-05 13:53:46.707  1370  6401 E DictionaryProvider:UpdateHandler: Can't read a file : android.util.MalformedJsonException: Use JsonReader.setLenient(true) to accept malformed JSON at line 1 column 20
07-05 13:53:46.929   545   548 D dalvikvm: GC_CONCURRENT freed 708K, 11% free 10451K/11719K, paused 2ms+2ms
07-05 13:53:47.144   545  6404 I DownloadManager: Initiating request for download 4590
07-05 13:53:47.207   545   548 D dalvikvm: GC_CONCURRENT freed 393K, 11% free 10492K/11719K, paused 2ms+3ms
07-05 13:53:47.316   545   548 D dalvikvm: GC_CONCURRENT freed 208K, 9% free 10720K/11719K, paused 2ms+3ms
07-05 13:53:47.484   545  6404 D dalvikvm: GC_EXPLICIT freed 685K, 11% free 10521K/11719K, paused 2ms+4ms
07-05 13:53:47.781   545   548 D dalvikvm: GC_CONCURRENT freed 460K, 11% free 10458K/11719K, paused 2ms+3ms
07-05 13:53:48.050   545   548 D dalvikvm: GC_CONCURRENT freed 415K, 11% free 10433K/11719K, paused 2ms+2ms
07-05 13:53:48.187   545  6407 I DownloadManager: Initiating request for download 4591
07-05 13:53:48.289   545   548 D dalvikvm: GC_CONCURRENT freed 228K, 10% free 10641K/11719K, paused 2ms+3ms
07-05 13:53:48.406   545   548 D dalvikvm: GC_CONCURRENT freed 302K, 8% free 10810K/11719K, paused 2ms+3ms
07-05 13:53:48.601  1370  6409 E DictionaryProvider:UpdateHandler: Can't read a file : android.util.MalformedJsonException: Use JsonReader.setLenient(true) to accept malformed JSON at line 1 column 20
07-05 13:53:48.699  1370  1372 D dalvikvm: GC_CONCURRENT freed 390K, 7% free 9126K/9735K, paused 1ms+7ms
07-05 13:53:48.726   545   548 D dalvikvm: GC_CONCURRENT freed 814K, 11% free 10470K/11719K, paused 2ms+2ms
07-05 13:53:48.980   545   548 D dalvikvm: GC_CONCURRENT freed 415K, 11% free 10444K/11719K, paused 2ms+2ms
07-05 13:53:49.175   545  6412 I DownloadManager: Initiating request for download 4591
07-05 13:53:49.242   545   548 D dalvikvm: GC_CONCURRENT freed 352K, 11% free 10498K/11719K, paused 2ms+2ms
07-05 13:53:49.359   545   548 D dalvikvm: GC_CONCURRENT freed 210K, 9% free 10726K/11719K, paused 2ms+3ms
07-05 13:53:49.558   156   530 D dalvikvm: GC_EXPLICIT freed 484K, 12% free 14097K/16007K, paused 2ms+5ms
07-05 13:53:49.558   545   548 D dalvikvm: GC_CONCURRENT freed 681K, 11% free 10502K/11719K, paused 1ms+2ms
07-05 13:53:49.851   545   548 D dalvikvm: GC_CONCURRENT freed 436K, 11% free 10456K/11719K, paused 2ms+3ms
07-05 13:53:50.125   545   548 D dalvikvm: GC_CONCURRENT freed 425K, 12% free 10421K/11719K, paused 2ms+2ms
07-05 13:53:50.261   545  6415 I DownloadManager: Initiating request for download 4592
07-05 13:53:50.355   545   548 D dalvikvm: GC_CONCURRENT freed 240K, 10% free 10617K/11719K, paused 2ms+3ms
07-05 13:53:50.480   545   548 D dalvikvm: GC_CONCURRENT freed 318K, 8% free 10798K/11719K, paused 2ms+3ms
07-05 13:53:50.660  1370  6417 E DictionaryProvider:UpdateHandler: Can't read a file : android.util.MalformedJsonException: Use JsonReader.setLenient(true) to accept malformed JSON at line 1 column 20
07-05 13:53:50.781   545   548 D dalvikvm: GC_CONCURRENT freed 810K, 11% free 10455K/11719K, paused 2ms+2ms
07-05 13:53:51.054   545   548 D dalvikvm: GC_CONCURRENT freed 410K, 11% free 10431K/11719K, paused 2ms+3ms
07-05 13:53:51.265   545  6420 I DownloadManager: Initiating request for download 4592
07-05 13:53:51.316   545   548 D dalvikvm: GC_CONCURRENT freed 368K, 11% free 10467K/11719K, paused 2ms+3ms
07-05 13:53:51.535   545   548 D dalvikvm: GC_CONCURRENT freed 270K, 10% free 10639K/11719K, paused 2ms+2ms
07-05 13:53:51.652   545   548 D dalvikvm: GC_CONCURRENT freed 315K, 8% free 10796K/11719K, paused 2ms+2ms
07-05 13:53:51.925   545   548 D dalvikvm: GC_CONCURRENT freed 824K, 11% free 10441K/11719K, paused 2ms+3ms
07-05 13:53:52.195   545   548 D dalvikvm: GC_CONCURRENT freed 409K, 12% free 10422K/11719K, paused 2ms+2ms
07-05 13:53:52.289   545  6423 I DownloadManager: Initiating request for download 4593
07-05 13:53:52.406   545   548 D dalvikvm: GC_CONCURRENT freed 208K, 10% free 10650K/11719K, paused 2ms+2ms
07-05 13:53:52.519   545   548 D dalvikvm: GC_CONCURRENT freed 317K, 8% free 10809K/11719K, paused 2ms+4ms
07-05 13:53:52.718  1370  6425 E DictionaryProvider:UpdateHandler: Can't read a file : android.util.MalformedJsonException: Use JsonReader.setLenient(true) to accept malformed JSON at line 1 column 20
07-05 13:53:52.851   545   548 D dalvikvm: GC_CONCURRENT freed 824K, 11% free 10456K/11719K, paused 2ms+3ms
07-05 13:53:53.117   545   548 D dalvikvm: GC_CONCURRENT freed 414K, 11% free 10431K/11719K, paused 2ms+2ms
07-05 13:53:53.289   545  6428 I DownloadManager: Initiating request for download 4593
07-05 13:53:53.425   545   548 D dalvikvm: GC_CONCURRENT freed 352K, 11% free 10470K/11719K, paused 2ms+2ms
07-05 13:53:53.687   545   548 D dalvikvm: GC_CONCURRENT freed 409K, 11% free 10452K/11719K, paused 2ms+3ms
07-05 13:53:53.949   545   548 D dalvikvm: GC_CONCURRENT freed 403K, 11% free 10439K/11719K, paused 2ms+2ms
07-05 13:53:54.093   545  6430 I DownloadManager: Initiating request for download 4594
07-05 13:53:54.277   545   548 D dalvikvm: GC_CONCURRENT freed 349K, 11% free 10481K/11719K, paused 2ms+2ms
07-05 13:53:54.543   545   548 D dalvikvm: GC_CONCURRENT freed 411K, 11% free 10461K/11719K, paused 2ms+2ms
07-05 13:53:54.785   545   548 D dalvikvm: GC_CONCURRENT freed 341K, 10% free 10550K/11719K, paused 2ms+3ms
07-05 13:53:54.890   545   548 D dalvikvm: GC_CONCURRENT freed 240K, 9% free 10722K/11719K, paused 2ms+3ms
07-05 13:53:55.031   545   548 D dalvikvm: GC_CONCURRENT freed 458K, 9% free 10782K/11719K, paused 1ms+4ms
07-05 13:53:55.172   545   548 D dalvikvm: GC_CONCURRENT freed 520K, 9% free 10765K/11719K, paused 2ms+4ms
07-05 13:53:55.410   545   548 D dalvikvm: GC_CONCURRENT freed 724K, 11% free 10505K/11719K, paused 2ms+2ms
07-05 13:53:55.519  1370  6434 E DictionaryProvider:UpdateHandler: Can't read a file : android.util.MalformedJsonException: Use JsonReader.setLenient(true) to accept malformed JSON at line 1 column 20
07-05 13:53:55.730   545   548 D dalvikvm: GC_CONCURRENT freed 440K, 11% free 10455K/11719K, paused 2ms+3ms
07-05 13:53:56.011   545   548 D dalvikvm: GC_CONCURRENT freed 414K, 11% free 10431K/11719K, paused 1ms+2ms
07-05 13:53:56.125   545  6437 I DownloadManager: Initiating request for download 4594
07-05 13:53:56.222   545   548 D dalvikvm: GC_CONCURRENT freed 246K, 10% free 10622K/11719K, paused 2ms+3ms
07-05 13:53:56.336   545   548 D dalvikvm: GC_CONCURRENT freed 301K, 8% free 10788K/11719K, paused 2ms+2ms
07-05 13:53:56.586   545   548 D dalvikvm: GC_CONCURRENT freed 799K, 11% free 10457K/11719K, paused 2ms+2ms
07-05 13:53:56.855   545   548 D dalvikvm: GC_CONCURRENT freed 407K, 11% free 10438K/11719K, paused 2ms+3ms
07-05 13:53:57.109   545  6440 I DownloadManager: Initiating request for download 4595
07-05 13:53:57.172   545   548 D dalvikvm: GC_CONCURRENT freed 386K, 11% free 10488K/11719K, paused 2ms+3ms
07-05 13:53:57.300   545   548 D dalvikvm: GC_CONCURRENT freed 206K, 9% free 10718K/11719K, paused 2ms+2ms
07-05 13:53:57.441   545   548 D dalvikvm: GC_CONCURRENT freed 682K, 11% free 10498K/11719K, paused 2ms+3ms
07-05 13:53:57.574  1370  6442 E DictionaryProvider:UpdateHandler: Can't read a file : android.util.MalformedJsonException: Use JsonReader.setLenient(true) to accept malformed JSON at line 1 column 20
07-05 13:53:57.750   545   548 D dalvikvm: GC_CONCURRENT freed 425K, 11% free 10464K/11719K, paused 2ms+2ms
07-05 13:53:58.008   545   548 D dalvikvm: GC_CONCURRENT freed 417K, 11% free 10437K/11719K, paused 2ms+3ms
07-05 13:53:58.144   545  6444 I DownloadManager: Initiating request for download 4595
07-05 13:53:58.218   545   548 D dalvikvm: GC_CONCURRENT freed 249K, 10% free 10616K/11719K, paused 2ms+3ms
07-05 13:53:58.277  1370  1372 D dalvikvm: GC_CONCURRENT freed 391K, 7% free 9126K/9735K, paused 1ms+2ms
07-05 13:53:58.383   545   548 D dalvikvm: GC_CONCURRENT freed 292K, 9% free 10781K/11719K, paused 2ms+2ms
07-05 13:53:58.629   545   548 D dalvikvm: GC_CONCURRENT freed 785K, 11% free 10464K/11719K, paused 2ms+3ms
07-05 13:53:58.886   545   548 D dalvikvm: GC_CONCURRENT freed 409K, 11% free 10441K/11719K, paused 2ms+2ms
07-05 13:53:59.156   545   548 D dalvikvm: GC_CONCURRENT freed 400K, 12% free 10428K/11719K, paused 1ms+2ms
07-05 13:53:59.203   545  6448 I DownloadManager: Initiating request for download 4596
07-05 13:53:59.320   545   548 D dalvikvm: GC_CONCURRENT freed 174K, 9% free 10690K/11719K, paused 1ms+3ms
07-05 13:53:59.449   545   548 D dalvikvm: GC_CONCURRENT freed 421K, 9% free 10726K/11719K, paused 2ms+2ms
07-05 13:53:59.613  1370  6450 E DictionaryProvider:UpdateHandler: Can't read a file : android.util.MalformedJsonException: Use JsonReader.setLenient(true) to accept malformed JSON at line 1 column 20
07-05 13:53:59.761   545   548 D dalvikvm: GC_CONCURRENT freed 712K, 11% free 10462K/11719K, paused 2ms+2ms
07-05 13:54:00.054   545   548 D dalvikvm: GC_CONCURRENT freed 410K, 11% free 10438K/11719K, paused 1ms+2ms
07-05 13:54:00.215   545  6453 I DownloadManager: Initiating request for download 4596
07-05 13:54:00.308   545   548 D dalvikvm: GC_CONCURRENT freed 288K, 10% free 10605K/11719K, paused 2ms+3ms
07-05 13:54:00.422   545   548 D dalvikvm: GC_CONCURRENT freed 298K, 9% free 10770K/11719K, paused 1ms+4ms
07-05 13:54:00.629   545   548 D dalvikvm: GC_CONCURRENT freed 731K, 11% free 10499K/11719K, paused 2ms+2ms
07-05 13:54:00.914   545   548 D dalvikvm: GC_CONCURRENT freed 439K, 11% free 10451K/11719K, paused 2ms+2ms
07-05 13:54:01.179   545   548 D dalvikvm: GC_CONCURRENT freed 406K, 11% free 10432K/11719K, paused 2ms+2ms
07-05 13:54:01.250   545  6456 I DownloadManager: Initiating request for download 4597
07-05 13:54:01.359   545   548 D dalvikvm: GC_CONCURRENT freed 186K, 9% free 10682K/11719K, paused 2ms+2ms
07-05 13:54:01.476   545   548 D dalvikvm: GC_CONCURRENT freed 406K, 9% free 10730K/11719K, paused 1ms+2ms
07-05 13:54:01.738   545   548 D dalvikvm: GC_CONCURRENT freed 686K, 11% free 10492K/11719K, paused 2ms+2ms
07-05 13:54:02.011   545   548 D dalvikvm: GC_CONCURRENT freed 404K, 11% free 10478K/11719K, paused 2ms+3ms
07-05 13:54:02.390   993  1240 I PhoneLab-: Service Running
07-05 13:54:02.484   993  1240 I PhoneLab-LoggerService: app_49    1247  993   1956   1584  c00f181c 400107b4 S logcat
07-05 13:54:02.484   993  1240 I PhoneLab-LoggerService: Logcat pid from database 1247
07-05 13:54:02.484   993  1240 I PhoneLab-LoggerService: Logcat process found 1247
07-05 13:54:02.484   993  1240 I PhoneLab-LoggerService: Checking Threshold
07-05 13:54:02.484   993  1240 I PhoneLab-LoggerService: Starting to rename files
07-05 13:54:02.488   993  1240 I PhoneLab-LoggerService: Files found .. 41
07-05 13:54:02.488   993  1240 I PhoneLab-LoggerService: File 1 log.out.1
07-05 13:54:02.582   993   993 I PhoneLab-Locks: wake lock acquired
07-05 13:54:02.633   993  6459 W PhoneLab-PeriodicCheckService: User info is not synched yet
07-05 13:54:02.660   993  6459 I PhoneLab-PeriodicCheckService: Logger Service is running
07-05 13:54:02.664   993   993 I PhoneLab-Locks: wake lock acquired
07-05 13:54:02.668   993   993 I PhoneLab-StatusMonitor: Status Monitoring is started
07-05 13:54:02.672   993   993 E PhoneLab-PhoneLabManifest: java.io.FileNotFoundException: /data/data/edu.buffalo.cse.phonelab.phonelabservices/files/manifest.xml: open failed: ENOENT (No such file or directory)
07-05 13:54:02.672   993   993 I PhoneLab-Locks: wake lock released
07-05 13:54:02.675   993  6459 I PhoneLab-Locks: wake lock acquired
07-05 13:54:02.679   993   993 I PhoneLab-UploadLogs: Transfering log files now
07-05 13:54:02.679   993  6459 I PhoneLab-PeriodicCheckService: Rescheduling periodic checking...
07-05 13:54:02.679   993  6459 I PhoneLab-Locks: wake lock released
07-05 13:54:02.691   682  6460 E C2DMRegistrar: [C2DMReg] handleRequest caught javax.net.ssl.SSLException: Connection closed by peer
07-05 13:54:03.148   993  1240 I PhoneLab-LoggerService: Renamed successfully
07-05 13:54:03.242   993   995 D dalvikvm: GC_CONCURRENT freed 487K, 18% free 9214K/11207K, paused 1ms+2ms
07-05 13:54:03.269   993   993 D dalvikvm: GC_FOR_ALLOC freed 228K, 17% free 9305K/11207K, paused 17ms
07-05 13:54:03.285   993   993 D dalvikvm: GC_FOR_ALLOC freed 120K, 16% free 9433K/11207K, paused 12ms
07-05 13:54:03.312   993   993 I PhoneLab-UploadLogs: OnStartCommand
07-05 13:54:03.312   993   993 I PhoneLab-RegistrationReceiver: C2DM Registration Receiver is fired
07-05 13:54:03.320   993   995 D dalvikvm: GC_CONCURRENT freed 251K, 14% free 9693K/11207K, paused 1ms+2ms
07-05 13:54:03.340   993  6465 D dalvikvm: GC_FOR_ALLOC freed 342K, 14% free 9704K/11207K, paused 17ms
07-05 13:54:03.347   993   993 I PhoneLab-RegistrationReceiver: Shared Preferences Settings updated successfully
07-05 13:54:03.367   993  6465 D dalvikvm: GC_FOR_ALLOC freed 349K, 14% free 9657K/11207K, paused 12ms
07-05 13:54:03.379   993  6465 D dalvikvm: GC_FOR_ALLOC freed 301K, 14% free 9658K/11207K, paused 12ms
07-05 13:54:03.465  1370  6466 E DictionaryProvider:UpdateHandler: Can't read a file : android.util.MalformedJsonException: Use JsonReader.setLenient(true) to accept malformed JSON at line 1 column 20
07-05 13:54:03.531   545   548 D dalvikvm: GC_CONCURRENT freed 385K, 11% free 10484K/11719K, paused 1ms+2ms
07-05 13:54:03.820   545   548 D dalvikvm: GC_CONCURRENT freed 422K, 11% free 10460K/11719K, paused 2ms+2ms
07-05 13:54:04.074   545   548 D dalvikvm: GC_CONCURRENT freed 412K, 11% free 10438K/11719K, paused 2ms+2ms
07-05 13:54:04.179   545  6469 I DownloadManager: Initiating request for download 4597
07-05 13:54:04.179   545  6469 W DownloadManager: Aborting request for download 4597: Trying to resume a download that can't be resumed
07-05 13:54:04.445   545   548 D dalvikvm: GC_CONCURRENT freed 359K, 11% free 10469K/11719K, paused 2ms+3ms
07-05 13:54:04.715   545   548 D dalvikvm: GC_CONCURRENT freed 409K, 11% free 10448K/11719K, paused 2ms+2ms
07-05 13:54:04.906   993  6465 W System.err: org.apache.http.client.ClientProtocolException
07-05 13:54:04.906   993  6465 W System.err: 	at org.apache.http.impl.client.AbstractHttpClient.execute(AbstractHttpClient.java:557)
07-05 13:54:04.906   993  6465 W System.err: 	at org.apache.http.impl.client.AbstractHttpClient.execute(AbstractHttpClient.java:487)
07-05 13:54:04.906   993  6465 W System.err: 	at com.loopj.android.http.AsyncHttpRequest.makeRequest(Unknown Source)
07-05 13:54:04.906   993  6465 W System.err: 	at com.loopj.android.http.AsyncHttpRequest.makeRequestWithRetries(Unknown Source)
07-05 13:54:04.906   993  6465 W System.err: 	at com.loopj.android.http.AsyncHttpRequest.run(Unknown Source)
07-05 13:54:04.906   993  6465 W System.err: 	at java.util.concurrent.Executors$RunnableAdapter.call(Executors.java:442)
07-05 13:54:04.906   993  6465 W System.err: 	at java.util.concurrent.FutureTask$Sync.innerRun(FutureTask.java:305)
07-05 13:54:04.906   993  6465 W System.err: 	at java.util.concurrent.FutureTask.run(FutureTask.java:137)
07-05 13:54:04.906   993  6465 W System.err: 	at java.util.concurrent.ThreadPoolExecutor.runWorker(ThreadPoolExecutor.java:1076)
07-05 13:54:04.906   993  6465 W System.err: 	at java.util.concurrent.ThreadPoolExecutor$Worker.run(ThreadPoolExecutor.java:569)
07-05 13:54:04.906   993  6465 W System.err: 	at java.lang.Thread.run(Thread.java:856)
07-05 13:54:04.906   993  6465 W System.err: Caused by: org.apache.http.client.NonRepeatableRequestException: Cannot retry request with a non-repeatable request entity
07-05 13:54:04.906   993  6465 W System.err: 	at org.apache.http.impl.client.DefaultRequestDirector.execute(DefaultRequestDirector.java:420)
07-05 13:54:04.906   993  6465 W System.err: 	at org.apache.http.impl.client.AbstractHttpClient.execute(AbstractHttpClient.java:555)
07-05 13:54:04.906   993  6465 W System.err: 	... 10 more
07-05 13:54:04.906   993   993 E PhoneLab-: Transfering 1341502082478.log failed
07-05 13:54:04.906   993   993 I PhoneLab-Locks: wake lock released
07-05 13:54:04.992   545   548 D dalvikvm: GC_CONCURRENT freed 403K, 11% free 10436K/11719K, paused 2ms+2ms
07-05 13:54:05.086   545  6472 I DownloadManager: Initiating request for download 4598
07-05 13:54:05.203   545   548 D dalvikvm: GC_CONCURRENT freed 187K, 9% free 10669K/11719K, paused 1ms+3ms
07-05 13:54:05.316   545   548 D dalvikvm: GC_CONCURRENT freed 315K, 8% free 10830K/11719K, paused 1ms+2ms
07-05 13:54:05.531  1370  6474 E DictionaryProvider:UpdateHandler: Can't read a file : android.util.MalformedJsonException: Use JsonReader.setLenient(true) to accept malformed JSON at line 1 column 20
07-05 13:54:05.636   545   548 D dalvikvm: GC_CONCURRENT freed 839K, 11% free 10478K/11719K, paused 2ms+3ms
07-05 13:54:05.898   545   548 D dalvikvm: GC_CONCURRENT freed 425K, 11% free 10444K/11719K, paused 2ms+2ms
07-05 13:54:06.074   545  6477 I DownloadManager: Initiating request for download 4598
07-05 13:54:06.144   545   548 D dalvikvm: GC_CONCURRENT freed 292K, 10% free 10607K/11719K, paused 2ms+3ms
07-05 13:54:06.265   545   548 D dalvikvm: GC_CONCURRENT freed 292K, 9% free 10778K/11719K, paused 1ms+3ms
07-05 13:54:06.476   545   548 D dalvikvm: GC_CONCURRENT freed 773K, 11% free 10474K/11719K, paused 2ms+4ms
07-05 13:54:06.758   545   548 D dalvikvm: GC_CONCURRENT freed 404K, 11% free 10456K/11719K, paused 1ms+2ms
07-05 13:54:07.023   545   548 D dalvikvm: GC_CONCURRENT freed 406K, 11% free 10436K/11719K, paused 2ms+3ms
07-05 13:54:07.101   545  6480 I DownloadManager: Initiating request for download 4599
07-05 13:54:07.211   545   548 D dalvikvm: GC_CONCURRENT freed 176K, 9% free 10678K/11719K, paused 2ms+2ms
07-05 13:54:07.332   545   548 D dalvikvm: GC_CONCURRENT freed 303K, 8% free 10833K/11719K, paused 1ms+2ms
07-05 13:54:07.492  1370  6482 E DictionaryProvider:UpdateHandler: Can't read a file : android.util.MalformedJsonException: Use JsonReader.setLenient(true) to accept malformed JSON at line 1 column 20
07-05 13:54:07.640   545   548 D dalvikvm: GC_CONCURRENT freed 840K, 11% free 10475K/11719K, paused 2ms+2ms
07-05 13:54:07.851  1370  1372 D dalvikvm: GC_CONCURRENT freed 388K, 7% free 9127K/9735K, paused 1ms+6ms
07-05 13:54:07.953   545   548 D dalvikvm: GC_CONCURRENT freed 418K, 11% free 10448K/11719K, paused 2ms+2ms
07-05 13:54:08.133   545  6485 I DownloadManager: Initiating request for download 4599
07-05 13:54:08.226   545   548 D dalvikvm: GC_CONCURRENT freed 299K, 10% free 10607K/11719K, paused 2ms+2ms
07-05 13:54:08.343   545   548 D dalvikvm: GC_CONCURRENT freed 304K, 8% free 10818K/11719K, paused 2ms+3ms
07-05 13:54:08.508   156   559 D dalvikvm: GC_EXPLICIT freed 536K, 12% free 14106K/16007K, paused 3ms+5ms
07-05 13:54:08.636   545   548 D dalvikvm: GC_CONCURRENT freed 826K, 11% free 10472K/11719K, paused 2ms+3ms
07-05 13:54:08.925   545   548 D dalvikvm: GC_CONCURRENT freed 423K, 11% free 10439K/11719K, paused 2ms+2ms
07-05 13:54:09.179   545  6488 I DownloadManager: Initiating request for download 4600
07-05 13:54:09.238   545   548 D dalvikvm: GC_CONCURRENT freed 392K, 11% free 10472K/11719K, paused 2ms+3ms
07-05 13:54:09.371   545   548 D dalvikvm: GC_CONCURRENT freed 198K, 9% free 10710K/11719K, paused 2ms+3ms
07-05 13:54:09.504   545   548 D dalvikvm: GC_CONCURRENT freed 450K, 9% free 10723K/11719K, paused 2ms+2ms
07-05 13:54:09.652  1370  6490 E DictionaryProvider:UpdateHandler: Can't read a file : android.util.MalformedJsonException: Use JsonReader.setLenient(true) to accept malformed JSON at line 1 column 20
07-05 13:54:09.851   545   548 D dalvikvm: GC_CONCURRENT freed 714K, 11% free 10462K/11719K, paused 2ms+2ms
07-05 13:54:10.121   545   548 D dalvikvm: GC_CONCURRENT freed 421K, 11% free 10431K/11719K, paused 2ms+4ms
07-05 13:54:10.254   545  6493 I DownloadManager: Initiating request for download 4600
07-05 13:54:10.340   545   548 D dalvikvm: GC_CONCURRENT freed 245K, 10% free 10623K/11719K, paused 2ms+3ms
07-05 13:54:10.468   545   548 D dalvikvm: GC_CONCURRENT freed 306K, 8% free 10783K/11719K, paused 2ms+2ms
07-05 13:54:10.699   545   548 D dalvikvm: GC_CONCURRENT freed 785K, 11% free 10463K/11719K, paused 2ms+2ms
07-05 13:54:10.976   545   548 D dalvikvm: GC_CONCURRENT freed 408K, 11% free 10441K/11719K, paused 2ms+3ms
07-05 13:54:11.246   545  6496 I DownloadManager: Initiating request for download 4601
07-05 13:54:11.300   545   548 D dalvikvm: GC_CONCURRENT freed 395K, 11% free 10456K/11719K, paused 2ms+3ms
07-05 13:54:11.437   545   548 D dalvikvm: GC_CONCURRENT freed 186K, 9% free 10706K/11719K, paused 2ms+2ms
07-05 13:54:11.570   545   548 D dalvikvm: GC_CONCURRENT freed 440K, 9% free 10735K/11719K, paused 2ms+2ms
07-05 13:54:11.711  1370  6498 E DictionaryProvider:UpdateHandler: Can't read a file : android.util.MalformedJsonException: Use JsonReader.setLenient(true) to accept malformed JSON at line 1 column 20
07-05 13:54:11.789   465   467 D dalvikvm: GC_CONCURRENT freed 211K, 6% free 10505K/11143K, paused 4ms+2ms
07-05 13:54:11.929   545   548 D dalvikvm: GC_CONCURRENT freed 729K, 11% free 10457K/11719K, paused 2ms+3ms
07-05 13:54:12.207   545   548 D dalvikvm: GC_CONCURRENT freed 411K, 11% free 10436K/11719K, paused 2ms+3ms
07-05 13:54:12.343   545  6501 I DownloadManager: Initiating request for download 4601
07-05 13:54:12.437   545   548 D dalvikvm: GC_CONCURRENT freed 256K, 10% free 10619K/11719K, paused 2ms+3ms
07-05 13:54:12.554   545   548 D dalvikvm: GC_CONCURRENT freed 308K, 9% free 10775K/11719K, paused 2ms+3ms
07-05 13:54:12.777   545   548 D dalvikvm: GC_CONCURRENT freed 771K, 11% free 10466K/11719K, paused 2ms+2ms
07-05 13:54:13.043   545   548 D dalvikvm: GC_CONCURRENT freed 408K, 11% free 10445K/11719K, paused 2ms+4ms
07-05 13:54:13.308   545   548 D dalvikvm: GC_CONCURRENT freed 404K, 11% free 10431K/11719K, paused 2ms+3ms
07-05 13:54:13.367   545  6504 I DownloadManager: Initiating request for download 4602
07-05 13:54:13.480   545   548 D dalvikvm: GC_CONCURRENT freed 174K, 9% free 10693K/11719K, paused 1ms+3ms
07-05 13:54:13.597   545   548 D dalvikvm: GC_CONCURRENT freed 420K, 9% free 10732K/11719K, paused 2ms+2ms
07-05 13:54:13.769  1370  6506 E DictionaryProvider:UpdateHandler: Can't read a file : android.util.MalformedJsonException: Use JsonReader.setLenient(true) to accept malformed JSON at line 1 column 20
07-05 13:54:13.906   545   548 D dalvikvm: GC_CONCURRENT freed 715K, 11% free 10465K/11719K, paused 1ms+2ms
07-05 13:54:14.172   545   548 D dalvikvm: GC_CONCURRENT freed 415K, 11% free 10441K/11719K, paused 2ms+3ms
07-05 13:54:14.351   545  6509 I DownloadManager: Initiating request for download 4602
07-05 13:54:14.425   545   548 D dalvikvm: GC_CONCURRENT freed 296K, 10% free 10602K/11719K, paused 2ms+3ms
07-05 13:54:14.543   545   548 D dalvikvm: GC_CONCURRENT freed 290K, 9% free 10771K/11719K, paused 2ms+3ms
07-05 13:54:14.742   545   548 D dalvikvm: GC_CONCURRENT freed 732K, 11% free 10502K/11719K, paused 2ms+3ms
07-05 13:54:15.019   545   548 D dalvikvm: GC_CONCURRENT freed 434K, 11% free 10455K/11719K, paused 2ms+2ms
07-05 13:54:15.277   545   548 D dalvikvm: GC_CONCURRENT freed 410K, 11% free 10435K/11719K, paused 1ms+3ms
07-05 13:54:15.367   545  6512 I DownloadManager: Initiating request for download 4603
07-05 13:54:15.621   545   548 D dalvikvm: GC_CONCURRENT freed 346K, 11% free 10479K/11719K, paused 1ms+2ms
07-05 13:54:15.883   545   548 D dalvikvm: GC_CONCURRENT freed 412K, 11% free 10457K/11719K, paused 2ms+2ms
07-05 13:54:19.129   545   548 D dalvikvm: GC_CONCURRENT freed 398K, 11% free 10455K/11719K, paused 14ms+3ms
07-05 13:54:19.215   545   548 D dalvikvm: GC_CONCURRENT freed 207K, 9% free 10676K/11719K, paused 2ms+2ms
07-05 13:54:19.351   545   548 D dalvikvm: GC_CONCURRENT freed 638K, 11% free 10483K/11719K, paused 2ms+3ms
07-05 13:54:19.476  1370  6515 E DictionaryProvider:UpdateHandler: Can't read a file : android.util.MalformedJsonException: Use JsonReader.setLenient(true) to accept malformed JSON at line 1 column 20
07-05 13:54:19.718   545   548 D dalvikvm: GC_CONCURRENT freed 401K, 11% free 10473K/11719K, paused 2ms+2ms
07-05 13:54:19.976   545   548 D dalvikvm: GC_CONCURRENT freed 414K, 11% free 10449K/11719K, paused 2ms+2ms
07-05 13:54:20.558  1370  1372 D dalvikvm: GC_CONCURRENT freed 365K, 6% free 9153K/9735K, paused 2ms+1ms
07-05 13:54:20.695   545   548 D dalvikvm: GC_CONCURRENT freed 368K, 11% free 10472K/11719K, paused 2ms+3ms
07-05 13:54:20.961   545   548 D dalvikvm: GC_CONCURRENT freed 403K, 11% free 10455K/11719K, paused 2ms+2ms
07-05 13:54:21.230   545   548 D dalvikvm: GC_CONCURRENT freed 403K, 11% free 10443K/11719K, paused 2ms+2ms
07-05 13:54:21.402   545  6518 I DownloadManager: Initiating request for download 4604
07-05 13:54:21.504   545   548 D dalvikvm: GC_CONCURRENT freed 248K, 10% free 10631K/11719K, paused 2ms+2ms
07-05 13:54:21.629   545   548 D dalvikvm: GC_CONCURRENT freed 310K, 8% free 10790K/11719K, paused 2ms+3ms
07-05 13:54:21.863   545   548 D dalvikvm: GC_CONCURRENT freed 788K, 11% free 10477K/11719K, paused 2ms+3ms
07-05 13:54:21.925   545   557 D dalvikvm: GC_EXPLICIT freed 9K, 11% free 10473K/11719K, paused 2ms+4ms
07-05 13:54:21.945  1370  6520 E DictionaryProvider:UpdateHandler: Can't read a file : android.util.MalformedJsonException: Use JsonReader.setLenient(true) to accept malformed JSON at line 1 column 20
07-05 13:54:22.215   545   548 D dalvikvm: GC_CONCURRENT freed 408K, 11% free 10456K/11719K, paused 2ms+3ms
07-05 13:54:22.472   545   548 D dalvikvm: GC_CONCURRENT freed 406K, 11% free 10437K/11719K, paused 2ms+2ms
07-05 13:54:22.500   545  6523 I DownloadManager: Initiating request for download 4604
07-05 13:54:22.609   545   548 D dalvikvm: GC_CONCURRENT freed 170K, 9% free 10703K/11719K, paused 1ms+3ms
07-05 13:54:22.734   545   548 D dalvikvm: GC_CONCURRENT freed 426K, 9% free 10738K/11719K, paused 2ms+2ms
07-05 13:54:23.031   545   548 D dalvikvm: GC_CONCURRENT freed 727K, 11% free 10462K/11719K, paused 2ms+2ms
07-05 13:54:23.300   545   548 D dalvikvm: GC_CONCURRENT freed 407K, 11% free 10446K/11719K, paused 2ms+2ms
07-05 13:54:23.492   545  6526 I DownloadManager: Initiating request for download 4605
07-05 13:54:23.593   545   548 D dalvikvm: GC_CONCURRENT freed 275K, 10% free 10622K/11719K, paused 2ms+3ms
07-05 13:54:23.715   545   548 D dalvikvm: GC_CONCURRENT freed 320K, 8% free 10810K/11719K, paused 2ms+3ms
07-05 13:54:23.914  1370  6528 E DictionaryProvider:UpdateHandler: Can't read a file : android.util.MalformedJsonException: Use JsonReader.setLenient(true) to accept malformed JSON at line 1 column 20
07-05 13:54:23.988   545   548 D dalvikvm: GC_CONCURRENT freed 803K, 11% free 10484K/11719K, paused 2ms+2ms
07-05 13:54:24.254   545   548 D dalvikvm: GC_CONCURRENT freed 422K, 11% free 10453K/11719K, paused 2ms+2ms
07-05 13:54:24.531   545   548 D dalvikvm: GC_CONCURRENT freed 400K, 11% free 10441K/11719K, paused 1ms+2ms
07-05 13:54:24.550   545  6531 I DownloadManager: Initiating request for download 4605
07-05 13:54:24.660   545   548 D dalvikvm: GC_CONCURRENT freed 171K, 9% free 10707K/11719K, paused 2ms+3ms
07-05 13:54:24.789   545   548 D dalvikvm: GC_CONCURRENT freed 424K, 9% free 10743K/11719K, paused 2ms+2ms
07-05 13:54:25.074   545   548 D dalvikvm: GC_CONCURRENT freed 726K, 11% free 10465K/11719K, paused 2ms+2ms
07-05 13:54:25.351   545   548 D dalvikvm: GC_CONCURRENT freed 408K, 11% free 10454K/11719K, paused 2ms+2ms
07-05 13:54:25.515   545  6534 I DownloadManager: Initiating request for download 4606
07-05 13:54:25.613   545   548 D dalvikvm: GC_CONCURRENT freed 294K, 10% free 10635K/11719K, paused 2ms+3ms
07-05 13:54:25.734   545   548 D dalvikvm: GC_CONCURRENT freed 303K, 8% free 10804K/11719K, paused 2ms+3ms
07-05 13:54:25.906  1370  6536 E DictionaryProvider:UpdateHandler: Can't read a file : android.util.MalformedJsonException: Use JsonReader.setLenient(true) to accept malformed JSON at line 1 column 20
07-05 13:54:25.996   545   548 D dalvikvm: GC_CONCURRENT freed 791K, 11% free 10486K/11719K, paused 2ms+3ms
07-05 13:54:26.246   545   548 D dalvikvm: GC_CONCURRENT freed 419K, 11% free 10457K/11719K, paused 2ms+2ms
07-05 13:54:26.515   545   548 D dalvikvm: GC_CONCURRENT freed 405K, 11% free 10443K/11719K, paused 2ms+3ms
07-05 13:54:26.543   545  6539 I DownloadManager: Initiating request for download 4606
07-05 13:54:26.820   545   548 D dalvikvm: GC_CONCURRENT freed 322K, 11% free 10519K/11719K, paused 2ms+2ms
07-05 13:54:26.925   545   548 D dalvikvm: GC_CONCURRENT freed 254K, 9% free 10734K/11719K, paused 2ms+4ms
07-05 13:54:27.070   545   548 D dalvikvm: GC_CONCURRENT freed 469K, 9% free 10734K/11719K, paused 2ms+2ms
07-05 13:54:27.402   545   548 D dalvikvm: GC_CONCURRENT freed 729K, 11% free 10455K/11719K, paused 2ms+3ms
07-05 13:54:27.562   545  6542 I DownloadManager: Initiating request for download 4607
07-05 13:54:27.672   545   548 D dalvikvm: GC_CONCURRENT freed 260K, 9% free 10693K/11719K, paused 2ms+3ms
07-05 13:54:27.793   545   548 D dalvikvm: GC_CONCURRENT freed 357K, 8% free 10826K/11719K, paused 2ms+4ms
07-05 13:54:27.984  1370  6544 E DictionaryProvider:UpdateHandler: Can't read a file : android.util.MalformedJsonException: Use JsonReader.setLenient(true) to accept malformed JSON at line 1 column 20
07-05 13:54:28.086   545   548 D dalvikvm: GC_CONCURRENT freed 817K, 11% free 10487K/11719K, paused 2ms+2ms
07-05 13:54:28.351   545   548 D dalvikvm: GC_CONCURRENT freed 419K, 11% free 10459K/11719K, paused 1ms+3ms
07-05 13:54:28.558   545  6547 I DownloadManager: Initiating request for download 4607
07-05 13:54:28.613   545   548 D dalvikvm: GC_CONCURRENT freed 366K, 11% free 10521K/11719K, paused 2ms+3ms
07-05 13:54:28.738   545   548 D dalvikvm: GC_CONCURRENT freed 213K, 9% free 10745K/11719K, paused 2ms+3ms
07-05 13:54:28.879   545   548 D dalvikvm: GC_CONCURRENT freed 470K, 9% free 10751K/11719K, paused 1ms+3ms
07-05 13:54:29.207   545   548 D dalvikvm: GC_CONCURRENT freed 735K, 11% free 10468K/11719K, paused 2ms+2ms
07-05 13:54:29.488   545   548 D dalvikvm: GC_CONCURRENT freed 410K, 11% free 10449K/11719K, paused 1ms+2ms
07-05 13:54:29.609   545  6550 I DownloadManager: Initiating request for download 4608
07-05 13:54:29.715   545   548 D dalvikvm: GC_CONCURRENT freed 216K, 9% free 10667K/11719K, paused 2ms+4ms
07-05 13:54:29.836   545   548 D dalvikvm: GC_CONCURRENT freed 316K, 8% free 10832K/11719K, paused 2ms+2ms
07-05 13:54:30.078   156   403 D dalvikvm: GC_EXPLICIT freed 513K, 12% free 14101K/16007K, paused 2ms+6ms
07-05 13:54:30.086  1370  6552 E DictionaryProvider:UpdateHandler: Can't read a file : android.util.MalformedJsonException: Use JsonReader.setLenient(true) to accept malformed JSON at line 1 column 20
07-05 13:54:30.117  1370  1372 D dalvikvm: GC_CONCURRENT freed 467K, 7% free 9135K/9735K, paused 2ms+3ms
07-05 13:54:30.226   545   548 D dalvikvm: GC_CONCURRENT freed 831K, 11% free 10484K/11719K, paused 2ms+3ms
07-05 13:54:30.492   545   548 D dalvikvm: GC_CONCURRENT freed 431K, 11% free 10444K/11719K, paused 2ms+2ms
07-05 13:54:30.703   545  6555 I DownloadManager: Initiating request for download 4608
07-05 13:54:30.754   545   548 D dalvikvm: GC_CONCURRENT freed 356K, 11% free 10506K/11719K, paused 2ms+2ms
07-05 13:54:30.867   545   548 D dalvikvm: GC_CONCURRENT freed 212K, 9% free 10730K/11719K, paused 2ms+3ms
07-05 13:54:31.008   545   548 D dalvikvm: GC_CONCURRENT freed 464K, 9% free 10735K/11719K, paused 2ms+3ms
07-05 13:54:31.320   545   548 D dalvikvm: GC_CONCURRENT freed 730K, 11% free 10455K/11719K, paused 1ms+2ms
07-05 13:54:31.590   545   548 D dalvikvm: GC_CONCURRENT freed 409K, 11% free 10436K/11719K, paused 2ms+3ms
07-05 13:54:31.715   545  6558 I DownloadManager: Initiating request for download 4609
07-05 13:54:31.816   545   548 D dalvikvm: GC_CONCURRENT freed 222K, 10% free 10651K/11719K, paused 3ms+3ms
07-05 13:54:31.945   545   548 D dalvikvm: GC_CONCURRENT freed 317K, 8% free 10809K/11719K, paused 2ms+2ms
07-05 13:54:32.136  1370  6560 E DictionaryProvider:UpdateHandler: Can't read a file : android.util.MalformedJsonException: Use JsonReader.setLenient(true) to accept malformed JSON at line 1 column 20
07-05 13:54:32.226   545   548 D dalvikvm: GC_CONCURRENT freed 808K, 11% free 10481K/11719K, paused 2ms+2ms
07-05 13:54:32.492   545   548 D dalvikvm: GC_CONCURRENT freed 425K, 11% free 10447K/11719K, paused 2ms+2ms
07-05 13:54:32.707   545  6563 I DownloadManager: Initiating request for download 4609
07-05 13:54:32.769   545   548 D dalvikvm: GC_CONCURRENT freed 377K, 11% free 10495K/11719K, paused 2ms+3ms
07-05 13:54:32.883   545   548 D dalvikvm: GC_CONCURRENT freed 213K, 9% free 10736K/11719K, paused 2ms+3ms
07-05 13:54:33.023   545   548 D dalvikvm: GC_CONCURRENT freed 689K, 11% free 10505K/11719K, paused 2ms+2ms
07-05 13:54:33.316   545   548 D dalvikvm: GC_CONCURRENT freed 430K, 11% free 10467K/11719K, paused 2ms+3ms
07-05 13:54:33.582   545   548 D dalvikvm: GC_CONCURRENT freed 415K, 11% free 10442K/11719K, paused 2ms+2ms
07-05 13:54:33.738   545  6566 I DownloadManager: Initiating request for download 4610
07-05 13:54:33.840   545   548 D dalvikvm: GC_CONCURRENT freed 257K, 10% free 10629K/11719K, paused 2ms+3ms
07-05 13:54:33.957   545   548 D dalvikvm: GC_CONCURRENT freed 309K, 8% free 10788K/11719K, paused 2ms+2ms
07-05 13:54:34.160   545   548 D dalvikvm: GC_CONCURRENT freed 786K, 11% free 10471K/11719K, paused 2ms+2ms
07-05 13:54:34.320  1370  6568 E DictionaryProvider:UpdateHandler: Can't read a file : android.util.MalformedJsonException: Use JsonReader.setLenient(true) to accept malformed JSON at line 1 column 20
07-05 13:54:34.441   545   548 D dalvikvm: GC_CONCURRENT freed 399K, 11% free 10462K/11719K, paused 2ms+2ms
07-05 13:54:34.718   545   548 D dalvikvm: GC_CONCURRENT freed 409K, 11% free 10444K/11719K, paused 2ms+3ms
07-05 13:54:34.773   545  6570 I DownloadManager: Initiating request for download 4610
07-05 13:54:34.855   545   548 D dalvikvm: GC_CONCURRENT freed 186K, 9% free 10694K/11719K, paused 2ms+3ms
07-05 13:54:34.957   545   548 D dalvikvm: GC_CONCURRENT freed 403K, 9% free 10742K/11719K, paused 2ms+2ms
07-05 13:54:35.453   545   548 D dalvikvm: GC_CONCURRENT freed 727K, 11% free 10473K/11719K, paused 2ms+2ms
07-05 13:54:35.718   545   548 D dalvikvm: GC_CONCURRENT freed 417K, 11% free 10447K/11719K, paused 2ms+3ms
07-05 13:54:35.929   545  6574 I DownloadManager: Initiating request for download 4611
07-05 13:54:36.027   545   548 D dalvikvm: GC_CONCURRENT freed 313K, 10% free 10594K/11719K, paused 2ms+3ms
07-05 13:54:36.133   545   548 D dalvikvm: GC_CONCURRENT freed 278K, 9% free 10776K/11719K, paused 2ms+3ms
07-05 13:54:36.316   545   548 D dalvikvm: GC_CONCURRENT freed 733K, 11% free 10510K/11719K, paused 2ms+2ms
07-05 13:54:36.379  1370  6576 E DictionaryProvider:UpdateHandler: Can't read a file : android.util.MalformedJsonException: Use JsonReader.setLenient(true) to accept malformed JSON at line 1 column 20
07-05 13:54:36.625   545   548 D dalvikvm: GC_CONCURRENT freed 433K, 11% free 10468K/11719K, paused 2ms+2ms
07-05 13:54:36.898   545   548 D dalvikvm: GC_CONCURRENT freed 410K, 11% free 10444K/11719K, paused 2ms+2ms
07-05 13:54:36.980   545  6579 I DownloadManager: Initiating request for download 4611
07-05 13:54:37.097   545   548 D dalvikvm: GC_CONCURRENT freed 208K, 9% free 10709K/11719K, paused 2ms+2ms
07-05 13:54:37.222   545   548 D dalvikvm: GC_CONCURRENT freed 360K, 8% free 10839K/11719K, paused 2ms+3ms
07-05 13:54:37.508   545   548 D dalvikvm: GC_CONCURRENT freed 855K, 11% free 10468K/11719K, paused 2ms+3ms
07-05 13:54:37.765   545   548 D dalvikvm: GC_CONCURRENT freed 408K, 11% free 10450K/11719K, paused 2ms+2ms
07-05 13:54:37.949   545  6582 I DownloadManager: Initiating request for download 4612
07-05 13:54:38.043   545   548 D dalvikvm: GC_CONCURRENT freed 290K, 10% free 10603K/11719K, paused 2ms+3ms
07-05 13:54:38.156   545   548 D dalvikvm: GC_CONCURRENT freed 285K, 9% free 10780K/11719K, paused 2ms+3ms
07-05 13:54:38.336   545   548 D dalvikvm: GC_CONCURRENT freed 736K, 11% free 10514K/11719K, paused 2ms+3ms
07-05 13:54:38.402  1370  6584 E DictionaryProvider:UpdateHandler: Can't read a file : android.util.MalformedJsonException: Use JsonReader.setLenient(true) to accept malformed JSON at line 1 column 20
07-05 13:54:38.441  1370  1372 D dalvikvm: GC_CONCURRENT freed 395K, 7% free 9127K/9735K, paused 1ms+2ms
07-05 13:54:38.668   545   548 D dalvikvm: GC_CONCURRENT freed 433K, 11% free 10472K/11719K, paused 2ms+2ms
07-05 13:54:38.937   545   548 D dalvikvm: GC_CONCURRENT freed 412K, 11% free 10448K/11719K, paused 2ms+2ms
07-05 13:54:39.015   545  6587 I DownloadManager: Initiating request for download 4612
07-05 13:54:39.113   545   548 D dalvikvm: GC_CONCURRENT freed 208K, 9% free 10719K/11719K, paused 2ms+2ms
07-05 13:54:39.238   545   548 D dalvikvm: GC_CONCURRENT freed 329K, 8% free 10849K/11719K, paused 2ms+3ms
07-05 13:54:39.523   545   548 D dalvikvm: GC_CONCURRENT freed 864K, 11% free 10472K/11719K, paused 2ms+3ms
07-05 13:54:39.797   545   548 D dalvikvm: GC_CONCURRENT freed 410K, 11% free 10454K/11719K, paused 2ms+2ms
07-05 13:54:39.992   545  6590 I DownloadManager: Initiating request for download 4613
07-05 13:54:40.086   545   548 D dalvikvm: GC_CONCURRENT freed 307K, 10% free 10640K/11719K, paused 2ms+3ms
07-05 13:54:40.199   545   548 D dalvikvm: GC_CONCURRENT freed 293K, 8% free 10795K/11719K, paused 2ms+3ms
07-05 13:54:40.394   545   548 D dalvikvm: GC_CONCURRENT freed 785K, 11% free 10482K/11719K, paused 1ms+2ms
07-05 13:54:40.453  1370  6592 D dalvikvm: GC_EXPLICIT freed 105K, 7% free 9092K/9735K, paused 2ms+2ms
07-05 13:54:40.472  1370  6592 E DictionaryProvider:UpdateHandler: Can't read a file : android.util.MalformedJsonException: Use JsonReader.setLenient(true) to accept malformed JSON at line 1 column 20
07-05 13:54:40.726   545   548 D dalvikvm: GC_CONCURRENT freed 399K, 11% free 10473K/11719K, paused 2ms+2ms
07-05 13:54:40.988   545   548 D dalvikvm: GC_CONCURRENT freed 410K, 11% free 10450K/11719K, paused 2ms+2ms
07-05 13:54:41.058   545  6595 I DownloadManager: Initiating request for download 4613
07-05 13:54:41.156   545   548 D dalvikvm: GC_CONCURRENT freed 201K, 9% free 10674K/11719K, paused 2ms+3ms
07-05 13:54:41.281   545   548 D dalvikvm: GC_CONCURRENT freed 294K, 8% free 10875K/11719K, paused 2ms+4ms
07-05 13:54:41.586   545   548 D dalvikvm: GC_CONCURRENT freed 900K, 11% free 10472K/11719K, paused 2ms+2ms
07-05 13:54:41.867   545   548 D dalvikvm: GC_CONCURRENT freed 408K, 11% free 10454K/11719K, paused 2ms+3ms
07-05 13:54:42.074   545  6598 I DownloadManager: Initiating request for download 4614
07-05 13:54:42.203   545   548 D dalvikvm: GC_CONCURRENT freed 298K, 10% free 10613K/11719K, paused 2ms+3ms
07-05 13:54:42.312   545   548 D dalvikvm: GC_CONCURRENT freed 307K, 9% free 10773K/11719K, paused 2ms+2ms
07-05 13:54:42.472   545   548 D dalvikvm: GC_CONCURRENT freed 715K, 11% free 10517K/11719K, paused 1ms+2ms
07-05 13:54:42.586  1370  6600 E DictionaryProvider:UpdateHandler: Can't read a file : android.util.MalformedJsonException: Use JsonReader.setLenient(true) to accept malformed JSON at line 1 column 20
07-05 13:54:42.781   545   548 D dalvikvm: GC_CONCURRENT freed 431K, 11% free 10476K/11719K, paused 2ms+2ms
07-05 13:54:43.062   545   548 D dalvikvm: GC_CONCURRENT freed 410K, 11% free 10459K/11719K, paused 2ms+3ms
07-05 13:54:43.140   545  6603 I DownloadManager: Initiating request for download 4614
07-05 13:54:43.273   545   548 D dalvikvm: GC_CONCURRENT freed 213K, 9% free 10669K/11719K, paused 2ms+3ms
07-05 13:54:43.386   545   548 D dalvikvm: GC_CONCURRENT freed 324K, 8% free 10827K/11719K, paused 2ms+3ms
07-05 13:54:43.648   545   548 D dalvikvm: GC_CONCURRENT freed 829K, 11% free 10478K/11719K, paused 1ms+2ms
07-05 13:54:43.922   545   548 D dalvikvm: GC_CONCURRENT freed 409K, 11% free 10460K/11719K, paused 1ms+2ms
07-05 13:54:44.160   545  6606 I DownloadManager: Initiating request for download 4615
07-05 13:54:44.234   545   548 D dalvikvm: GC_CONCURRENT freed 346K, 11% free 10537K/11719K, paused 2ms+2ms
07-05 13:54:44.347   545   548 D dalvikvm: GC_CONCURRENT freed 218K, 9% free 10756K/11719K, paused 2ms+3ms
07-05 13:54:44.484   545   548 D dalvikvm: GC_CONCURRENT freed 704K, 11% free 10530K/11719K, paused 2ms+3ms
07-05 13:54:44.621  1370  6608 E DictionaryProvider:UpdateHandler: Can't read a file : android.util.MalformedJsonException: Use JsonReader.setLenient(true) to accept malformed JSON at line 1 column 20
07-05 13:54:44.804   545   548 D dalvikvm: GC_CONCURRENT freed 436K, 11% free 10484K/11719K, paused 1ms+2ms
07-05 13:54:45.078   545   548 D dalvikvm: GC_CONCURRENT freed 412K, 11% free 10458K/11719K, paused 2ms+2ms
07-05 13:54:45.226   545  6611 I DownloadManager: Initiating request for download 4615
07-05 13:54:45.332   545   548 D dalvikvm: GC_CONCURRENT freed 271K, 10% free 10647K/11719K, paused 2ms+3ms
07-05 13:54:45.453   545   548 D dalvikvm: GC_CONCURRENT freed 311K, 8% free 10811K/11719K, paused 2ms+3ms
07-05 13:54:45.683   545   548 D dalvikvm: GC_CONCURRENT freed 800K, 11% free 10486K/11719K, paused 2ms+2ms
07-05 13:54:45.945   545   548 D dalvikvm: GC_CONCURRENT freed 412K, 11% free 10465K/11719K, paused 2ms+3ms
07-05 13:54:46.230   545   548 D dalvikvm: GC_CONCURRENT freed 403K, 11% free 10452K/11719K, paused 2ms+2ms
07-05 13:54:46.281   545  6614 I DownloadManager: Initiating request for download 4616
07-05 13:54:46.410   545   548 D dalvikvm: GC_CONCURRENT freed 170K, 9% free 10718K/11719K, paused 1ms+3ms
07-05 13:54:46.527   545   548 D dalvikvm: GC_CONCURRENT freed 328K, 8% free 10860K/11719K, paused 2ms+3ms
07-05 13:54:46.703  1370  6616 E DictionaryProvider:UpdateHandler: Can't read a file : android.util.MalformedJsonException: Use JsonReader.setLenient(true) to accept malformed JSON at line 1 column 20
07-05 13:54:46.859   545   548 D dalvikvm: GC_CONCURRENT freed 861K, 11% free 10487K/11719K, paused 2ms+3ms
07-05 13:54:47.125   545   548 D dalvikvm: GC_CONCURRENT freed 410K, 11% free 10463K/11719K, paused 2ms+2ms
07-05 13:54:47.277   545  6619 I DownloadManager: Initiating request for download 4616
07-05 13:54:47.375   545   548 D dalvikvm: GC_CONCURRENT freed 280K, 9% free 10691K/11719K, paused 2ms+3ms
07-05 13:54:47.496   545   548 D dalvikvm: GC_CONCURRENT freed 350K, 8% free 10830K/11719K, paused 2ms+2ms
07-05 13:54:47.636   156   576 D dalvikvm: GC_EXPLICIT freed 486K, 12% free 14099K/16007K, paused 3ms+5ms
07-05 13:54:47.824   545   548 D dalvikvm: GC_CONCURRENT freed 821K, 11% free 10496K/11719K, paused 1ms+3ms
07-05 13:54:48.074   545   548 D dalvikvm: GC_CONCURRENT freed 431K, 11% free 10455K/11719K, paused 2ms+2ms
07-05 13:54:48.324   545  6622 I DownloadManager: Initiating request for download 4617
07-05 13:54:48.379   545   548 D dalvikvm: GC_CONCURRENT freed 396K, 11% free 10470K/11719K, paused 2ms+3ms
07-05 13:54:48.515   545   548 D dalvikvm: GC_CONCURRENT freed 183K, 9% free 10777K/11719K, paused 2ms+2ms
07-05 13:54:48.664   545   548 D dalvikvm: GC_CONCURRENT freed 498K, 9% free 10753K/11719K, paused 2ms+2ms
07-05 13:54:48.816  1370  6624 E DictionaryProvider:UpdateHandler: Can't read a file : android.util.MalformedJsonException: Use JsonReader.setLenient(true) to accept malformed JSON at line 1 column 20
07-05 13:54:48.847  1370  1372 D dalvikvm: GC_CONCURRENT freed 371K, 7% free 9139K/9735K, paused 1ms+2ms
07-05 13:54:49.031   545   548 D dalvikvm: GC_CONCURRENT freed 738K, 11% free 10470K/11719K, paused 2ms+2ms
07-05 13:54:49.289   545   548 D dalvikvm: GC_CONCURRENT freed 414K, 11% free 10447K/11719K, paused 2ms+2ms
07-05 13:54:49.402   545  6627 I DownloadManager: Initiating request for download 4617
07-05 13:54:49.496   545   548 D dalvikvm: GC_CONCURRENT freed 235K, 9% free 10693K/11719K, paused 2ms+3ms
07-05 13:54:49.617   545   548 D dalvikvm: GC_CONCURRENT freed 347K, 8% free 10838K/11719K, paused 1ms+2ms
07-05 13:54:49.750   545  6627 D dalvikvm: GC_EXPLICIT freed 564K, 11% free 10533K/11719K, paused 2ms+4ms
07-05 13:54:50.031   545   548 D dalvikvm: GC_CONCURRENT freed 455K, 11% free 10469K/11719K, paused 2ms+3ms
07-05 13:54:50.316   545   548 D dalvikvm: GC_CONCURRENT freed 412K, 11% free 10448K/11719K, paused 2ms+2ms
07-05 13:54:50.437   545  6630 I DownloadManager: Initiating request for download 4618
07-05 13:54:50.539   545   548 D dalvikvm: GC_CONCURRENT freed 222K, 10% free 10658K/11719K, paused 3ms+2ms
07-05 13:54:50.660   545   548 D dalvikvm: GC_CONCURRENT freed 308K, 8% free 10829K/11719K, paused 2ms+3ms
07-05 13:54:50.843  1370  6632 E DictionaryProvider:UpdateHandler: Can't read a file : android.util.MalformedJsonException: Use JsonReader.setLenient(true) to accept malformed JSON at line 1 column 20
07-05 13:54:50.941   545   548 D dalvikvm: GC_CONCURRENT freed 828K, 11% free 10482K/11719K, paused 1ms+2ms
07-05 13:54:51.203   545   548 D dalvikvm: GC_CONCURRENT freed 409K, 11% free 10458K/11719K, paused 2ms+2ms
07-05 13:54:51.465   545  6635 I DownloadManager: Initiating request for download 4618
07-05 13:54:51.484   545   548 D dalvikvm: GC_CONCURRENT freed 412K, 11% free 10465K/11719K, paused 1ms+2ms
07-05 13:54:51.617   545   548 D dalvikvm: GC_CONCURRENT freed 178K, 9% free 10725K/11719K, paused 2ms+3ms
07-05 13:54:51.742   545   548 D dalvikvm: GC_CONCURRENT freed 440K, 9% free 10754K/11719K, paused 2ms+2ms
07-05 13:54:52.043   545   548 D dalvikvm: GC_CONCURRENT freed 738K, 11% free 10472K/11719K, paused 2ms+3ms
07-05 13:54:52.316   545   548 D dalvikvm: GC_CONCURRENT freed 411K, 11% free 10457K/11719K, paused 2ms+2ms
07-05 13:54:52.484   545  6638 I DownloadManager: Initiating request for download 4619
07-05 13:54:52.590   545   548 D dalvikvm: GC_CONCURRENT freed 263K, 10% free 10639K/11719K, paused 2ms+3ms
07-05 13:54:52.707   545   548 D dalvikvm: GC_CONCURRENT freed 319K, 8% free 10793K/11719K, paused 2ms+3ms
07-05 13:54:52.925   545   548 D dalvikvm: GC_CONCURRENT freed 777K, 11% free 10488K/11719K, paused 2ms+3ms
07-05 13:54:52.968  1370  6640 E DictionaryProvider:UpdateHandler: Can't read a file : android.util.MalformedJsonException: Use JsonReader.setLenient(true) to accept malformed JSON at line 1 column 20
07-05 13:54:53.234   545   548 D dalvikvm: GC_CONCURRENT freed 402K, 11% free 10472K/11719K, paused 1ms+3ms
07-05 13:54:53.496   545   548 D dalvikvm: GC_CONCURRENT freed 413K, 11% free 10450K/11719K, paused 2ms+2ms
07-05 13:54:53.550   545  6643 I DownloadManager: Initiating request for download 4619
07-05 13:54:53.777   545   548 D dalvikvm: GC_CONCURRENT freed 281K, 10% free 10635K/11719K, paused 2ms+3ms
07-05 13:54:53.894   545   548 D dalvikvm: GC_CONCURRENT freed 325K, 9% free 10780K/11719K, paused 2ms+2ms
07-05 13:54:54.074   545   548 D dalvikvm: GC_CONCURRENT freed 735K, 11% free 10511K/11719K, paused 2ms+3ms
07-05 13:54:54.359   545   548 D dalvikvm: GC_CONCURRENT freed 438K, 11% free 10463K/11719K, paused 2ms+2ms
07-05 13:54:54.562   545  6646 I DownloadManager: Initiating request for download 4620
07-05 13:54:54.652   545   548 D dalvikvm: GC_CONCURRENT freed 301K, 10% free 10620K/11719K, paused 2ms+3ms
07-05 13:54:54.769   545   548 D dalvikvm: GC_CONCURRENT freed 294K, 8% free 10792K/11719K, paused 2ms+3ms
07-05 13:54:54.961   545   548 D dalvikvm: GC_CONCURRENT freed 740K, 11% free 10525K/11719K, paused 2ms+2ms
07-05 13:54:55.011  1370  6648 E DictionaryProvider:UpdateHandler: Can't read a file : android.util.MalformedJsonException: Use JsonReader.setLenient(true) to accept malformed JSON at line 1 column 20
07-05 13:54:55.265   545   548 D dalvikvm: GC_CONCURRENT freed 434K, 11% free 10478K/11719K, paused 2ms+3ms
07-05 13:54:55.543   545   548 D dalvikvm: GC_CONCURRENT freed 412K, 11% free 10456K/11719K, paused 2ms+3ms
07-05 13:54:55.625   545  6651 I DownloadManager: Initiating request for download 4620
07-05 13:54:55.715   545   548 D dalvikvm: GC_CONCURRENT freed 216K, 9% free 10677K/11719K, paused 2ms+2ms
07-05 13:54:55.840   545   548 D dalvikvm: GC_CONCURRENT freed 309K, 8% free 10855K/11719K, paused 2ms+3ms
07-05 13:54:56.129   545   548 D dalvikvm: GC_CONCURRENT freed 864K, 11% free 10481K/11719K, paused 2ms+2ms
07-05 13:54:56.390   545   548 D dalvikvm: GC_CONCURRENT freed 410K, 11% free 10462K/11719K, paused 2ms+2ms
07-05 13:54:56.621   545  6654 I DownloadManager: Initiating request for download 4621
07-05 13:54:56.687   545   548 D dalvikvm: GC_CONCURRENT freed 342K, 11% free 10523K/11719K, paused 2ms+4ms
07-05 13:54:56.812   545   548 D dalvikvm: GC_CONCURRENT freed 206K, 9% free 10753K/11719K, paused 2ms+3ms
07-05 13:54:56.961   545   548 D dalvikvm: GC_CONCURRENT freed 704K, 11% free 10531K/11719K, paused 2ms+3ms
07-05 13:54:57.082  1370  6656 E DictionaryProvider:UpdateHandler: Can't read a file : android.util.MalformedJsonException: Use JsonReader.setLenient(true) to accept malformed JSON at line 1 column 20
07-05 13:54:57.129  1370  1372 D dalvikvm: GC_CONCURRENT freed 398K, 7% free 9128K/9735K, paused 1ms+2ms
07-05 13:54:57.300   545   548 D dalvikvm: GC_CONCURRENT freed 432K, 11% free 10488K/11719K, paused 2ms+3ms
07-05 13:54:57.566   545   548 D dalvikvm: GC_CONCURRENT freed 417K, 11% free 10461K/11719K, paused 2ms+2ms
07-05 13:54:57.726   545  6659 I DownloadManager: Initiating request for download 4621
07-05 13:54:57.800   545   548 D dalvikvm: GC_CONCURRENT freed 279K, 10% free 10636K/11719K, paused 2ms+2ms
07-05 13:54:57.929   545   548 D dalvikvm: GC_CONCURRENT freed 300K, 8% free 10809K/11719K, paused 2ms+3ms
07-05 13:54:58.156   545   548 D dalvikvm: GC_CONCURRENT freed 796K, 11% free 10490K/11719K, paused 2ms+2ms
07-05 13:54:58.414   545   548 D dalvikvm: GC_CONCURRENT freed 410K, 11% free 10470K/11719K, paused 2ms+2ms
07-05 13:54:58.664   545   548 D dalvikvm: GC_CONCURRENT freed 404K, 11% free 10457K/11719K, paused 2ms+3ms
07-05 13:54:58.750   545  6662 I DownloadManager: Initiating request for download 4622
07-05 13:54:58.863   545   548 D dalvikvm: GC_CONCURRENT freed 191K, 9% free 10703K/11719K, paused 2ms+3ms
07-05 13:54:58.984   545   548 D dalvikvm: GC_CONCURRENT freed 305K, 8% free 10864K/11719K, paused 2ms+2ms
07-05 13:54:59.160  1370  6664 E DictionaryProvider:UpdateHandler: Can't read a file : android.util.MalformedJsonException: Use JsonReader.setLenient(true) to accept malformed JSON at line 1 column 20
07-05 13:54:59.258   465   467 D dalvikvm: GC_CONCURRENT freed 397K, 6% free 10502K/11143K, paused 2ms+2ms
07-05 13:54:59.328   545   548 D dalvikvm: GC_CONCURRENT freed 860K, 11% free 10496K/11719K, paused 2ms+2ms
07-05 13:54:59.593   545   548 D dalvikvm: GC_CONCURRENT freed 420K, 11% free 10467K/11719K, paused 2ms+2ms
07-05 13:54:59.785   545  6667 I DownloadManager: Initiating request for download 4622
07-05 13:54:59.840   545   548 D dalvikvm: GC_CONCURRENT freed 334K, 11% free 10535K/11719K, paused 2ms+3ms
07-05 13:54:59.953   545   548 D dalvikvm: GC_CONCURRENT freed 211K, 9% free 10760K/11719K, paused 2ms+3ms
07-05 13:55:00.113   545   548 D dalvikvm: GC_CONCURRENT freed 475K, 9% free 10765K/11719K, paused 2ms+2ms
07-05 13:55:00.425   545   548 D dalvikvm: GC_CONCURRENT freed 744K, 11% free 10482K/11719K, paused 2ms+2ms
07-05 13:55:00.722   545   548 D dalvikvm: GC_CONCURRENT freed 412K, 11% free 10461K/11719K, paused 2ms+2ms
07-05 13:55:00.859   545  6670 I DownloadManager: Initiating request for download 4623
07-05 13:55:01.070   545   548 D dalvikvm: GC_CONCURRENT freed 346K, 11% free 10506K/11719K, paused 2ms+2ms
07-05 13:55:01.343   545   548 D dalvikvm: GC_CONCURRENT freed 407K, 11% free 10488K/11719K, paused 2ms+3ms
07-05 13:55:01.629   545   548 D dalvikvm: GC_CONCURRENT freed 405K, 11% free 10473K/11719K, paused 2ms+2ms
07-05 13:55:07.519   362   362 I wpa_supplicant: wlan0: CTRL-EVENT-DISCONNECTED bssid=d0:c2:82:67:23:30 reason=0
07-05 13:55:07.527    77   117 D CommandListener: Clearing all IP addresses on wlan0
07-05 13:55:07.570   156   330 D ConnectivityService: ConnectivityChange for WIFI: DISCONNECTED/DISCONNECTED
07-05 13:55:07.570   156   330 D ConnectivityService: Attempting to switch to mobile
07-05 13:55:07.570   156   330 D ConnectivityService: Attempting to switch to WIMAX
07-05 13:55:07.570   156   330 D ConnectivityService: Attempting to switch to BLUETOOTH_TETHER
07-05 13:55:07.605   156   330 E ConnectivityService: Exception trying to remove a route: java.lang.IllegalStateException: Unable to communicate with native dameon to add routes - com.android.server.NativeDaemonConnectorException: Cmd {interface route remove wlan0 default 128.205.59.254 32 0.0.0.0} failed with code 400 : {Failed to remove route from default table (No such process)}
07-05 13:55:07.609   156   330 D NetUtils: android_net_utils_resetConnections in env=0x6b2b60 clazz=0x51f00001 iface=wlan0 mask=0x3
07-05 13:55:07.609   156   330 E ConnectivityService: Exception trying to remove a route: java.lang.IllegalStateException: Unable to communicate with native dameon to add routes - com.android.server.NativeDaemonConnectorException: Cmd {interface route remove wlan0 default 0.0.0.0 0 128.205.59.254} failed with code 400 : {Failed to remove route from default table (No such process)}
07-05 13:55:07.609   156   330 D ConnectivityService: resetConnections(wlan0, 3)
07-05 13:55:07.687   682  1055 E GTalkService: connectionClosed: no XMPPConnection - That's strange!
07-05 13:55:07.691   545  6670 W DownloadManager: Aborting request for download 4623: while trying to execute request: org.apache.http.conn.HttpHostConnectException: Connection to http://www.gstatic.com refused
07-05 13:55:07.691   156   330 D ConnectivityService: handleInetConditionChange: no active default network - ignore
07-05 13:55:07.761   414   416 D dalvikvm: GC_CONCURRENT freed 575K, 37% free 10308K/16263K, paused 2ms+5ms
07-05 13:55:07.843   414   416 D dalvikvm: GC_CONCURRENT freed 598K, 38% free 10215K/16263K, paused 2ms+2ms
07-05 13:55:08.129   545   548 D dalvikvm: GC_CONCURRENT freed 369K, 11% free 10495K/11719K, paused 2ms+2ms
07-05 13:55:08.394   545   548 D dalvikvm: GC_CONCURRENT freed 412K, 11% free 10473K/11719K, paused 2ms+2ms
07-05 13:55:08.664   545   548 D dalvikvm: GC_CONCURRENT freed 396K, 11% free 10461K/11719K, paused 1ms+2ms
07-05 13:55:08.797   362   362 I wpa_supplicant: wlan0: Trying to associate with d0:c2:82:84:8d:50 (SSID='UB_Wireless' freq=2462 MHz)
07-05 13:55:08.996   362   362 I wpa_supplicant: wlan0: Associated with d0:c2:82:84:8d:50
07-05 13:55:08.996   362   362 I wpa_supplicant: wlan0: CTRL-EVENT-CONNECTED - Connection to d0:c2:82:84:8d:50 completed (reauth) [id=5 id_str=]
07-05 13:55:10.636   156   333 D Tethering: MasterInitialState.processMessage what=3
07-05 13:55:10.718  1086  1105 D PicasaSyncManager: active network: null
07-05 13:55:10.718  1086  1105 D PicasaSyncManager: background data: true
07-05 13:55:10.742  1190  1190 I MediaUploader: No need to wake up
07-05 13:55:10.750   993   993 I PhoneLab-WiFiReceiver: Wi-Fi is disconnected!
07-05 13:55:14.465   156   330 D ConnectivityService: ConnectivityChange for WIFI: CONNECTED/CONNECTED
07-05 13:55:14.508   993   993 I PhoneLab-WiFiReceiver: Wi-Fi is connected!
07-05 13:55:14.508   993   993 I PhoneLab-WiFiReceiver: SSID: UB_Wireless BSSID: d0:c2:82:84:8d:50 RSSI: -200 LinkSpeed: -1
07-05 13:55:14.508   993   993 I PhoneLab-Locks: wake lock acquired
07-05 13:55:14.515   993   993 I PhoneLab-UploadLogs: Transfering log files now
07-05 13:55:14.523   156   325 W NetworkStats: dropping UID delta from unknown iface: iface=wlan0 uid=0 set=DEFAULT tag=0x0 rxBytes=0 rxPackets=0 txBytes=264 txPackets=4 operations=0
07-05 13:55:14.562   993   995 D dalvikvm: GC_CONCURRENT freed 1003K, 19% free 9166K/11207K, paused 3ms+3ms
07-05 13:55:14.605   993   995 D dalvikvm: GC_CONCURRENT freed 299K, 18% free 9301K/11207K, paused 2ms+2ms
07-05 13:55:14.613   993   993 D dalvikvm: GC_FOR_ALLOC freed 120K, 16% free 9429K/11207K, paused 13ms
07-05 13:55:14.629   993   993 I PhoneLab-UploadLogs: OnStartCommand
07-05 13:55:14.640   993   995 D dalvikvm: GC_CONCURRENT freed 298K, 14% free 9642K/11207K, paused 1ms+2ms
07-05 13:55:14.668   993  6702 D dalvikvm: GC_FOR_ALLOC freed 312K, 14% free 9656K/11207K, paused 12ms
07-05 13:55:14.679   993  6702 D dalvikvm: GC_FOR_ALLOC freed 301K, 14% free 9657K/11207K, paused 12ms
07-05 13:55:14.695   993  6702 D dalvikvm: GC_FOR_ALLOC freed 301K, 14% free 9658K/11207K, paused 13ms
07-05 13:55:15.468   156   330 D ConnectivityService: NetTransition Wakelock for WifiStateMachine released by timeout
07-05 13:55:16.230   993  6702 W System.err: org.apache.http.client.ClientProtocolException
07-05 13:55:16.238   993  6702 W System.err: 	at org.apache.http.impl.client.AbstractHttpClient.execute(AbstractHttpClient.java:557)
07-05 13:55:16.242   993  6702 W System.err: 	at org.apache.http.impl.client.AbstractHttpClient.execute(AbstractHttpClient.java:487)
07-05 13:55:16.242   993  6702 W System.err: 	at com.loopj.android.http.AsyncHttpRequest.makeRequest(Unknown Source)
07-05 13:55:16.242   993  6702 W System.err: 	at com.loopj.android.http.AsyncHttpRequest.makeRequestWithRetries(Unknown Source)
07-05 13:55:16.242   993  6702 W System.err: 	at com.loopj.android.http.AsyncHttpRequest.run(Unknown Source)
07-05 13:55:16.242   993  6702 W System.err: 	at java.util.concurrent.Executors$RunnableAdapter.call(Executors.java:442)
07-05 13:55:16.250   993  6702 W System.err: 	at java.util.concurrent.FutureTask$Sync.innerRun(FutureTask.java:305)
07-05 13:55:16.250   993  6702 W System.err: 	at java.util.concurrent.FutureTask.run(FutureTask.java:137)
07-05 13:55:16.250   993  6702 W System.err: 	at java.util.concurrent.ThreadPoolExecutor.runWorker(ThreadPoolExecutor.java:1076)
07-05 13:55:16.254   993  6702 W System.err: 	at java.util.concurrent.ThreadPoolExecutor$Worker.run(ThreadPoolExecutor.java:569)
07-05 13:55:16.254   993  6702 W System.err: 	at java.lang.Thread.run(Thread.java:856)
07-05 13:55:16.254   993  6702 W System.err: Caused by: org.apache.http.client.NonRepeatableRequestException: Cannot retry request with a non-repeatable request entity
07-05 13:55:16.258   993  6702 W System.err: 	at org.apache.http.impl.client.DefaultRequestDirector.execute(DefaultRequestDirector.java:420)
07-05 13:55:16.258   993  6702 W System.err: 	at org.apache.http.impl.client.AbstractHttpClient.execute(AbstractHttpClient.java:555)
07-05 13:55:16.258   993  6702 W System.err: 	... 10 more
07-05 13:55:16.261   993   993 E PhoneLab-: Transfering 1341502082478.log failed
07-05 13:55:16.261   993   993 I PhoneLab-Locks: wake lock released
07-05 13:55:17.457   156   330 D ConnectivityService: ConnectivityChange for mobile: CONNECTED/CONNECTED
07-05 13:55:17.515   156   330 D NetUtils: android_net_utils_resetConnections in env=0x6b2b60 clazz=0x64e00001 iface=rmnet0 mask=0x3
07-05 13:55:17.515   156   330 D ConnectivityService: ConnectivityChange for mobile: DISCONNECTED/DISCONNECTED
07-05 13:55:17.515   156   330 D ConnectivityService: Attempting to switch to WIFI
07-05 13:55:17.515   156   330 D ConnectivityService: Attempting to switch to WIMAX
07-05 13:55:17.515   156   330 D ConnectivityService: Attempting to switch to BLUETOOTH_TETHER
07-05 13:55:17.515   156   330 D ConnectivityService: resetConnections(rmnet0, 3)
07-05 13:55:17.554   156   333 D Tethering: MasterInitialState.processMessage what=3
07-05 13:55:17.586   482   486 D dalvikvm: GC_CONCURRENT freed 435K, 7% free 9495K/10119K, paused 1ms+7ms
07-05 13:55:17.672   682   682 I GTalkService/c: [AndroidEndpoint@1095403848] connect: acct=1000001, state=CONNECTING
07-05 13:55:17.711   156   158 D dalvikvm: GC_CONCURRENT freed 1136K, 11% free 14249K/16007K, paused 2ms+6ms
07-05 13:55:17.832   414   414 D dalvikvm: GC_FOR_ALLOC freed 376K, 38% free 10220K/16263K, paused 18ms
07-05 13:55:17.843  1086  1105 D PicasaSyncManager: active network: NetworkInfo: type: WIFI[], state: CONNECTED/CONNECTED, reason: (unspecified), extra: (none), roaming: false, failover: false, isAvailable: true
07-05 13:55:17.851  1086  1105 D PicasaSyncManager: background data: true
07-05 13:55:17.898  1190  1190 I MediaUploader: No need to wake up
07-05 13:55:17.933   414   416 D dalvikvm: GC_CONCURRENT freed 339K, 37% free 10333K/16263K, paused 2ms+2ms
07-05 13:55:18.004   682   685 D dalvikvm: GC_CONCURRENT freed 426K, 9% free 10172K/11079K, paused 2ms+11ms
07-05 13:55:18.351   545   548 D dalvikvm: GC_CONCURRENT freed 363K, 11% free 10489K/11719K, paused 2ms+3ms
07-05 13:55:18.652   545   548 D dalvikvm: GC_CONCURRENT freed 422K, 11% free 10457K/11719K, paused 2ms+2ms
07-05 13:55:18.984   156   156 D dalvikvm: GC_EXPLICIT freed 333K, 12% free 14097K/16007K, paused 5ms+8ms
07-05 13:55:18.988   545  6705 I DownloadManager: Initiating request for download 4623
07-05 13:55:19.047   545   548 D dalvikvm: GC_CONCURRENT freed 348K, 11% free 10537K/11719K, paused 2ms+2ms
07-05 13:55:19.168   545   548 D dalvikvm: GC_CONCURRENT freed 220K, 9% free 10754K/11719K, paused 2ms+2ms
07-05 13:55:19.304   545   548 D dalvikvm: GC_CONCURRENT freed 473K, 9% free 10756K/11719K, paused 2ms+3ms
07-05 13:55:19.449  1370  6708 E DictionaryProvider:UpdateHandler: Can't read a file : android.util.MalformedJsonException: Use JsonReader.setLenient(true) to accept malformed JSON at line 1 column 20
07-05 13:55:19.664   545   548 D dalvikvm: GC_CONCURRENT freed 736K, 11% free 10477K/11719K, paused 2ms+2ms
07-05 13:55:19.929   545   548 D dalvikvm: GC_CONCURRENT freed 414K, 11% free 10453K/11719K, paused 2ms+3ms
07-05 13:55:20.039   545  6711 I DownloadManager: Initiating request for download 4623
07-05 13:55:20.140   545   548 D dalvikvm: GC_CONCURRENT freed 230K, 9% free 10709K/11719K, paused 2ms+3ms
07-05 13:55:20.265   545   548 D dalvikvm: GC_CONCURRENT freed 373K, 8% free 10858K/11719K, paused 1ms+3ms
07-05 13:55:20.550   156   333 D Tethering: MasterInitialState.processMessage what=3
07-05 13:55:20.574   545   548 D dalvikvm: GC_CONCURRENT freed 869K, 11% free 10483K/11719K, paused 2ms+3ms
07-05 13:55:20.582   156   333 D Tethering: MasterInitialState.processMessage what=3
07-05 13:55:20.621  1190  1190 I MediaUploader: No need to wake up
07-05 13:55:20.652  1086  1105 D PicasaSyncManager: active network: NetworkInfo: type: WIFI[], state: CONNECTED/CONNECTED, reason: (unspecified), extra: (none), roaming: false, failover: false, isAvailable: true
07-05 13:55:20.652  1086  1105 D PicasaSyncManager: background data: true
07-05 13:55:20.675  1190  1190 I MediaUploader: No need to wake up
07-05 13:55:20.683  1086  1105 D PicasaSyncManager: active network: NetworkInfo: type: WIFI[], state: CONNECTED/CONNECTED, reason: (unspecified), extra: (none), roaming: false, failover: false, isAvailable: true
07-05 13:55:20.687  1086  1105 D PicasaSyncManager: background data: true
07-05 13:55:20.996   545   548 D dalvikvm: GC_CONCURRENT freed 413K, 11% free 10460K/11719K, paused 1ms+3ms
07-05 13:55:21.230   545  6714 I DownloadManager: Initiating request for download 4624
07-05 13:55:21.312   545   548 D dalvikvm: GC_CONCURRENT freed 315K, 10% free 10575K/11719K, paused 1ms+3ms
07-05 13:55:21.425   545   548 D dalvikvm: GC_CONCURRENT freed 249K, 9% free 10771K/11719K, paused 2ms+3ms
07-05 13:55:21.574   545   548 D dalvikvm: GC_CONCURRENT freed 713K, 11% free 10523K/11719K, paused 2ms+2ms
07-05 13:55:21.699  1370  6716 E DictionaryProvider:UpdateHandler: Can't read a file : android.util.MalformedJsonException: Use JsonReader.setLenient(true) to accept malformed JSON at line 1 column 20
07-05 13:55:21.886   545   548 D dalvikvm: GC_CONCURRENT freed 430K, 11% free 10483K/11719K, paused 2ms+3ms
07-05 13:55:22.152   545   548 D dalvikvm: GC_CONCURRENT freed 415K, 11% free 10458K/11719K, paused 1ms+2ms
07-05 13:55:22.289   545  6719 I DownloadManager: Initiating request for download 4624
07-05 13:55:22.375   545   548 D dalvikvm: GC_CONCURRENT freed 249K, 10% free 10645K/11719K, paused 2ms+3ms
07-05 13:55:22.496   545   548 D dalvikvm: GC_CONCURRENT freed 302K, 8% free 10816K/11719K, paused 2ms+3ms
07-05 13:55:22.722   545   548 D dalvikvm: GC_CONCURRENT freed 806K, 11% free 10488K/11719K, paused 2ms+11ms
07-05 13:55:22.988   545   548 D dalvikvm: GC_CONCURRENT freed 412K, 11% free 10466K/11719K, paused 2ms+3ms
07-05 13:55:23.258   545   548 D dalvikvm: GC_CONCURRENT freed 400K, 11% free 10454K/11719K, paused 2ms+3ms
07-05 13:55:23.332   545  6722 I DownloadManager: Initiating request for download 4625
07-05 13:55:23.476   545   548 D dalvikvm: GC_CONCURRENT freed 174K, 9% free 10700K/11719K, paused 2ms+2ms
07-05 13:55:23.601   545   548 D dalvikvm: GC_CONCURRENT freed 307K, 8% free 10873K/11719K, paused 2ms+3ms
07-05 13:55:23.785  1370  6724 E DictionaryProvider:UpdateHandler: Can't read a file : android.util.MalformedJsonException: Use JsonReader.setLenient(true) to accept malformed JSON at line 1 column 20
07-05 13:55:23.820  1370  1372 D dalvikvm: GC_CONCURRENT freed 385K, 7% free 9131K/9735K, paused 1ms+2ms
07-05 13:55:23.949   545   548 D dalvikvm: GC_CONCURRENT freed 880K, 11% free 10489K/11719K, paused 2ms+2ms
07-05 13:55:24.211   545   548 D dalvikvm: GC_CONCURRENT freed 417K, 11% free 10463K/11719K, paused 1ms+2ms
07-05 13:55:24.390   545  6727 I DownloadManager: Initiating request for download 4625
07-05 13:55:24.465   545   548 D dalvikvm: GC_CONCURRENT freed 326K, 10% free 10551K/11719K, paused 2ms+3ms
07-05 13:55:24.574   545   548 D dalvikvm: GC_CONCURRENT freed 223K, 9% free 10764K/11719K, paused 2ms+2ms
07-05 13:55:24.715   545   548 D dalvikvm: GC_CONCURRENT freed 721K, 11% free 10527K/11719K, paused 1ms+3ms
07-05 13:55:24.992   545   548 D dalvikvm: GC_CONCURRENT freed 435K, 11% free 10482K/11719K, paused 2ms+2ms
07-05 13:55:25.261   545   548 D dalvikvm: GC_CONCURRENT freed 408K, 11% free 10466K/11719K, paused 2ms+3ms
07-05 13:55:25.414   545  6730 I DownloadManager: Initiating request for download 4626
07-05 13:55:25.519   545   548 D dalvikvm: GC_CONCURRENT freed 242K, 10% free 10643K/11719K, paused 2ms+3ms
07-05 13:55:25.640   545   548 D dalvikvm: GC_CONCURRENT freed 308K, 8% free 10809K/11719K, paused 2ms+3ms
07-05 13:55:25.832   545   548 D dalvikvm: GC_CONCURRENT freed 794K, 11% free 10492K/11719K, paused 2ms+3ms
07-05 13:55:26.093   545   548 D dalvikvm: GC_CONCURRENT freed 407K, 11% free 10475K/11719K, paused 2ms+2ms
07-05 13:55:26.359   545   548 D dalvikvm: GC_CONCURRENT freed 405K, 11% free 10461K/11719K, paused 2ms+2ms
07-05 13:55:26.953  1370  6732 E DictionaryProvider:UpdateHandler: Can't read a file : android.util.MalformedJsonException: Use JsonReader.setLenient(true) to accept malformed JSON at line 1 column 20
07-05 13:55:27.140   545   548 D dalvikvm: GC_CONCURRENT freed 352K, 11% free 10499K/11719K, paused 1ms+2ms
07-05 13:55:27.414   545   548 D dalvikvm: GC_CONCURRENT freed 417K, 11% free 10473K/11719K, paused 2ms+3ms
07-05 13:55:27.695   545   548 D dalvikvm: GC_CONCURRENT freed 410K, 11% free 10480K/11719K, paused 2ms+3ms
07-05 13:55:28.285   545   548 D dalvikvm: GC_CONCURRENT freed 391K, 11% free 10479K/11719K, paused 2ms+3ms
07-05 13:55:28.566   545   548 D dalvikvm: GC_CONCURRENT freed 404K, 11% free 10466K/11719K, paused 2ms+2ms
07-05 13:55:28.777   545  6735 I DownloadManager: Initiating request for download 4627
07-05 13:55:28.847   545   548 D dalvikvm: GC_CONCURRENT freed 311K, 10% free 10605K/11719K, paused 2ms+3ms
07-05 13:55:28.972   545   548 D dalvikvm: GC_CONCURRENT freed 267K, 8% free 10791K/11719K, paused 2ms+2ms
07-05 13:55:29.148   545   548 D dalvikvm: GC_CONCURRENT freed 738K, 11% free 10528K/11719K, paused 2ms+3ms
07-05 13:55:29.238  1370  6737 E DictionaryProvider:UpdateHandler: Can't read a file : android.util.MalformedJsonException: Use JsonReader.setLenient(true) to accept malformed JSON at line 1 column 20
07-05 13:55:29.461   545   548 D dalvikvm: GC_CONCURRENT freed 426K, 11% free 10492K/11719K, paused 1ms+3ms
07-05 13:55:29.754   545   548 D dalvikvm: GC_CONCURRENT freed 419K, 11% free 10464K/11719K, paused 1ms+3ms
07-05 13:55:29.871   545  6740 I DownloadManager: Initiating request for download 4627
07-05 13:55:29.949   545   548 D dalvikvm: GC_CONCURRENT freed 236K, 9% free 10671K/11719K, paused 2ms+3ms
07-05 13:55:30.074   545   548 D dalvikvm: GC_CONCURRENT freed 306K, 8% free 10850K/11719K, paused 2ms+2ms
07-05 13:55:30.316   545   548 D dalvikvm: GC_CONCURRENT freed 815K, 11% free 10523K/11719K, paused 2ms+3ms
07-05 13:55:30.586   545   548 D dalvikvm: GC_CONCURRENT freed 403K, 11% free 10510K/11719K, paused 1ms+3ms
07-05 13:55:31.441   545  6742 I DownloadManager: Initiating request for download 4628
07-05 13:55:31.504   545   548 D dalvikvm: GC_CONCURRENT freed 382K, 11% free 10540K/11719K, paused 2ms+2ms
07-05 13:55:31.613   545   548 D dalvikvm: GC_CONCURRENT freed 218K, 9% free 10750K/11719K, paused 2ms+3ms
07-05 13:55:31.765   545   548 D dalvikvm: GC_CONCURRENT freed 454K, 9% free 10774K/11719K, paused 2ms+3ms
07-05 13:55:31.914  1370  6745 E DictionaryProvider:UpdateHandler: Can't read a file : android.util.MalformedJsonException: Use JsonReader.setLenient(true) to accept malformed JSON at line 1 column 20
07-05 13:55:32.093   545   548 D dalvikvm: GC_CONCURRENT freed 743K, 11% free 10494K/11719K, paused 2ms+2ms
07-05 13:55:32.359   545   548 D dalvikvm: GC_CONCURRENT freed 414K, 11% free 10471K/11719K, paused 2ms+2ms
07-05 13:55:32.527   545  6748 I DownloadManager: Initiating request for download 4628
07-05 13:55:32.625   545   548 D dalvikvm: GC_CONCURRENT freed 283K, 10% free 10644K/11719K, paused 2ms+3ms
07-05 13:55:32.738   545   548 D dalvikvm: GC_CONCURRENT freed 320K, 8% free 10799K/11719K, paused 1ms+2ms
07-05 13:55:32.918   545   548 D dalvikvm: GC_CONCURRENT freed 743K, 11% free 10533K/11719K, paused 2ms+3ms
07-05 13:55:33.199   545   548 D dalvikvm: GC_CONCURRENT freed 439K, 11% free 10485K/11719K, paused 2ms+2ms
07-05 13:55:33.472   545   548 D dalvikvm: GC_CONCURRENT freed 405K, 11% free 10467K/11719K, paused 1ms+2ms
07-05 13:55:33.562   545  6751 I DownloadManager: Initiating request for download 4629
07-05 13:55:33.675   545   548 D dalvikvm: GC_CONCURRENT freed 198K, 9% free 10704K/11719K, paused 2ms+3ms
07-05 13:55:33.765   682   944 I EventLogService: Aggregate from 1341509133716 (log), 1341509133716 (data)
07-05 13:55:33.820   545   548 D dalvikvm: GC_CONCURRENT freed 322K, 8% free 10879K/11719K, paused 1ms+2ms
07-05 13:55:34.019  1370  6753 E DictionaryProvider:UpdateHandler: Can't read a file : android.util.MalformedJsonException: Use JsonReader.setLenient(true) to accept malformed JSON at line 1 column 20
07-05 13:55:34.093  1370  1372 D dalvikvm: GC_CONCURRENT freed 392K, 7% free 9148K/9735K, paused 1ms+2ms
07-05 13:55:34.187   545   548 D dalvikvm: GC_CONCURRENT freed 877K, 11% free 10499K/11719K, paused 2ms+2ms
07-05 13:55:34.449   545   548 D dalvikvm: GC_CONCURRENT freed 415K, 11% free 10474K/11719K, paused 2ms+2ms
07-05 13:55:34.648   545  6756 I DownloadManager: Initiating request for download 4629
07-05 13:55:34.726   545   548 D dalvikvm: GC_CONCURRENT freed 335K, 11% free 10542K/11719K, paused 2ms+2ms
07-05 13:55:34.843   545   548 D dalvikvm: GC_CONCURRENT freed 246K, 8% free 10783K/11719K, paused 2ms+3ms
07-05 13:55:34.988   545   548 D dalvikvm: GC_CONCURRENT freed 713K, 11% free 10538K/11719K, paused 2ms+2ms
07-05 13:55:35.265   545   548 D dalvikvm: GC_CONCURRENT freed 430K, 11% free 10494K/11719K, paused 1ms+2ms
07-05 13:55:35.531   545   548 D dalvikvm: GC_CONCURRENT freed 410K, 11% free 10471K/11719K, paused 2ms+2ms
07-05 13:55:35.691   545  6759 I DownloadManager: Initiating request for download 4630
07-05 13:55:35.777   545   548 D dalvikvm: GC_CONCURRENT freed 245K, 10% free 10660K/11719K, paused 2ms+3ms
07-05 13:55:35.902   545   548 D dalvikvm: GC_CONCURRENT freed 333K, 8% free 10858K/11719K, paused 2ms+4ms
07-05 13:55:36.097  1370  6761 E DictionaryProvider:UpdateHandler: Can't read a file : android.util.MalformedJsonException: Use JsonReader.setLenient(true) to accept malformed JSON at line 1 column 20
07-05 13:55:36.191   545   548 D dalvikvm: GC_CONCURRENT freed 837K, 11% free 10509K/11719K, paused 2ms+2ms
07-05 13:55:36.453   545   548 D dalvikvm: GC_CONCURRENT freed 412K, 11% free 10483K/11719K, paused 2ms+2ms
07-05 13:55:36.722   545   548 D dalvikvm: GC_CONCURRENT freed 401K, 11% free 10471K/11719K, paused 2ms+2ms
07-05 13:55:36.812   156   156 D dalvikvm: GC_EXPLICIT freed 625K, 12% free 14112K/16007K, paused 2ms+5ms
07-05 13:55:36.820   545  6764 I DownloadManager: Initiating request for download 4630
07-05 13:55:36.933   545   548 D dalvikvm: GC_CONCURRENT freed 176K, 9% free 10733K/11719K, paused 2ms+3ms
07-05 13:55:37.054   545   548 D dalvikvm: GC_CONCURRENT freed 334K, 8% free 10871K/11719K, paused 2ms+2ms
07-05 13:55:37.363   545   548 D dalvikvm: GC_CONCURRENT freed 881K, 11% free 10482K/11719K, paused 2ms+2ms
07-05 13:55:37.629   545   548 D dalvikvm: GC_CONCURRENT freed 408K, 11% free 10463K/11719K, paused 2ms+2ms
07-05 13:55:37.820   545  6767 I DownloadManager: Initiating request for download 4631
07-05 13:55:37.886   545  6704 D dalvikvm: GC_EXPLICIT freed 317K, 10% free 10658K/11719K, paused 2ms+5ms
07-05 13:55:38.004   545   548 D dalvikvm: GC_CONCURRENT freed 298K, 8% free 10830K/11719K, paused 2ms+3ms
07-05 13:55:38.191  1370  6769 E DictionaryProvider:UpdateHandler: Can't read a file : android.util.MalformedJsonException: Use JsonReader.setLenient(true) to accept malformed JSON at line 1 column 20
07-05 13:55:38.250   545   548 D dalvikvm: GC_CONCURRENT freed 806K, 11% free 10506K/11719K, paused 1ms+3ms
07-05 13:55:38.511   545   548 D dalvikvm: GC_CONCURRENT freed 422K, 11% free 10474K/11719K, paused 2ms+2ms
07-05 13:55:38.777   545   548 D dalvikvm: GC_CONCURRENT freed 406K, 11% free 10459K/11719K, paused 2ms+2ms
07-05 13:55:38.836   545  6772 I DownloadManager: Initiating request for download 4631
07-05 13:55:38.949   545   548 D dalvikvm: GC_CONCURRENT freed 192K, 9% free 10704K/11719K, paused 2ms+3ms
07-05 13:55:39.062   545   548 D dalvikvm: GC_CONCURRENT freed 312K, 8% free 10872K/11719K, paused 1ms+3ms
07-05 13:55:39.379   545   548 D dalvikvm: GC_CONCURRENT freed 878K, 11% free 10491K/11719K, paused 2ms+3ms
07-05 13:55:39.660   545   548 D dalvikvm: GC_CONCURRENT freed 414K, 11% free 10466K/11719K, paused 1ms+2ms
07-05 13:55:39.855   545  6775 I DownloadManager: Initiating request for download 4632
07-05 13:55:39.918   545   548 D dalvikvm: GC_CONCURRENT freed 316K, 11% free 10538K/11719K, paused 2ms+3ms
07-05 13:55:40.047   545   548 D dalvikvm: GC_CONCURRENT freed 211K, 9% free 10762K/11719K, paused 2ms+2ms
07-05 13:55:40.175   545   548 D dalvikvm: GC_CONCURRENT freed 476K, 9% free 10775K/11719K, paused 1ms+2ms
07-05 13:55:40.300  1370  6777 E DictionaryProvider:UpdateHandler: Can't read a file : android.util.MalformedJsonException: Use JsonReader.setLenient(true) to accept malformed JSON at line 1 column 20
07-05 13:55:40.511   545   548 D dalvikvm: GC_CONCURRENT freed 740K, 11% free 10494K/11719K, paused 2ms+2ms
07-05 13:55:40.777   545   548 D dalvikvm: GC_CONCURRENT freed 415K, 11% free 10469K/11719K, paused 2ms+2ms
07-05 13:55:40.902   545  6779 I DownloadManager: Initiating request for download 4632
07-05 13:55:40.988   545   548 D dalvikvm: GC_CONCURRENT freed 229K, 10% free 10659K/11719K, paused 2ms+3ms
07-05 13:55:41.090   545   548 D dalvikvm: GC_CONCURRENT freed 291K, 8% free 10828K/11719K, paused 3ms+3ms
07-05 13:55:42.215   545   548 D dalvikvm: GC_CONCURRENT freed 814K, 11% free 10496K/11719K, paused 2ms+2ms
07-05 13:55:42.476   545   548 D dalvikvm: GC_CONCURRENT freed 409K, 11% free 10477K/11719K, paused 2ms+2ms
07-05 13:55:42.742   545   548 D dalvikvm: GC_CONCURRENT freed 401K, 11% free 10463K/11719K, paused 2ms+3ms
07-05 13:55:42.843   545  6783 I DownloadManager: Initiating request for download 4633
07-05 13:55:42.945   545   548 D dalvikvm: GC_CONCURRENT freed 194K, 9% free 10705K/11719K, paused 1ms+3ms
07-05 13:55:43.066   545   548 D dalvikvm: GC_CONCURRENT freed 316K, 8% free 10879K/11719K, paused 2ms+2ms
07-05 13:55:43.269  1370  6785 E DictionaryProvider:UpdateHandler: Can't read a file : android.util.MalformedJsonException: Use JsonReader.setLenient(true) to accept malformed JSON at line 1 column 20
07-05 13:55:43.343  1370  1372 D dalvikvm: GC_CONCURRENT freed 413K, 7% free 9126K/9735K, paused 2ms+2ms
07-05 13:55:43.418   545   548 D dalvikvm: GC_CONCURRENT freed 879K, 11% free 10497K/11719K, paused 2ms+2ms
07-05 13:55:43.679   545   548 D dalvikvm: GC_CONCURRENT freed 409K, 11% free 10474K/11719K, paused 2ms+2ms
07-05 13:55:43.871   545  6788 I DownloadManager: Initiating request for download 4633
07-05 13:55:43.933   545   548 D dalvikvm: GC_CONCURRENT freed 349K, 11% free 10535K/11719K, paused 2ms+3ms
07-05 13:55:44.047   545   548 D dalvikvm: GC_CONCURRENT freed 207K, 9% free 10765K/11719K, paused 1ms+3ms
07-05 13:55:44.191   545   548 D dalvikvm: GC_CONCURRENT freed 470K, 9% free 10777K/11719K, paused 1ms+2ms
07-05 13:55:44.523   545   548 D dalvikvm: GC_CONCURRENT freed 753K, 11% free 10488K/11719K, paused 2ms+3ms
07-05 13:55:44.789   545   548 D dalvikvm: GC_CONCURRENT freed 410K, 11% free 10468K/11719K, paused 2ms+2ms
07-05 13:55:44.929   545  6791 I DownloadManager: Initiating request for download 4634
07-05 13:55:45.015   545   548 D dalvikvm: GC_CONCURRENT freed 227K, 9% free 10665K/11719K, paused 2ms+2ms
07-05 13:55:45.140   545   548 D dalvikvm: GC_CONCURRENT freed 309K, 8% free 10836K/11719K, paused 2ms+3ms
07-05 13:55:45.343  1370  6793 E DictionaryProvider:UpdateHandler: Can't read a file : android.util.MalformedJsonException: Use JsonReader.setLenient(true) to accept malformed JSON at line 1 column 20
07-05 13:55:45.398   545   548 D dalvikvm: GC_CONCURRENT freed 813K, 11% free 10516K/11719K, paused 2ms+3ms
07-05 13:55:45.660   545   548 D dalvikvm: GC_CONCURRENT freed 421K, 11% free 10485K/11719K, paused 2ms+2ms
07-05 13:55:45.925   545   548 D dalvikvm: GC_CONCURRENT freed 408K, 11% free 10468K/11719K, paused 2ms+2ms
07-05 13:55:45.980   545  6796 I DownloadManager: Initiating request for download 4634
07-05 13:55:46.093   545   548 D dalvikvm: GC_CONCURRENT freed 187K, 9% free 10717K/11719K, paused 2ms+2ms
07-05 13:55:46.215   545   548 D dalvikvm: GC_CONCURRENT freed 340K, 8% free 10889K/11719K, paused 2ms+3ms
07-05 13:55:46.519   545   548 D dalvikvm: GC_CONCURRENT freed 896K, 11% free 10494K/11719K, paused 2ms+2ms
07-05 13:55:46.777   545   548 D dalvikvm: GC_CONCURRENT freed 410K, 11% free 10475K/11719K, paused 2ms+2ms
07-05 13:55:46.965   545  6799 I DownloadManager: Initiating request for download 4635
07-05 13:55:47.047   545   548 D dalvikvm: GC_CONCURRENT freed 297K, 10% free 10661K/11719K, paused 3ms+4ms
07-05 13:55:47.168   545   548 D dalvikvm: GC_CONCURRENT freed 299K, 8% free 10833K/11719K, paused 2ms+3ms
07-05 13:55:47.386  1370  6801 E DictionaryProvider:UpdateHandler: Can't read a file : android.util.MalformedJsonException: Use JsonReader.setLenient(true) to accept malformed JSON at line 1 column 20
07-05 13:55:47.422   545   548 D dalvikvm: GC_CONCURRENT freed 820K, 11% free 10514K/11719K, paused 1ms+3ms
07-05 13:55:47.699   545   548 D dalvikvm: GC_CONCURRENT freed 418K, 11% free 10486K/11719K, paused 2ms+2ms
07-05 13:55:47.965   545   548 D dalvikvm: GC_CONCURRENT freed 405K, 11% free 10472K/11719K, paused 2ms+2ms
07-05 13:55:48.027   545  6804 I DownloadManager: Initiating request for download 4635
07-05 13:55:48.125   545   548 D dalvikvm: GC_CONCURRENT freed 198K, 9% free 10709K/11719K, paused 2ms+2ms
07-05 13:55:48.250   545   548 D dalvikvm: GC_CONCURRENT freed 320K, 8% free 10884K/11719K, paused 1ms+3ms
07-05 13:55:48.550   545   548 D dalvikvm: GC_CONCURRENT freed 887K, 11% free 10496K/11719K, paused 2ms+2ms
07-05 13:55:48.808   545   548 D dalvikvm: GC_CONCURRENT freed 408K, 11% free 10479K/11719K, paused 1ms+2ms
07-05 13:55:49.019   545  6807 I DownloadManager: Initiating request for download 4636
07-05 13:55:49.082   545   548 D dalvikvm: GC_CONCURRENT freed 324K, 10% free 10550K/11719K, paused 2ms+4ms
07-05 13:55:49.195   545   548 D dalvikvm: GC_CONCURRENT freed 211K, 9% free 10775K/11719K, paused 2ms+3ms
07-05 13:55:49.343   545   548 D dalvikvm: GC_CONCURRENT freed 474K, 8% free 10793K/11719K, paused 2ms+2ms
07-05 13:55:49.504  1370  6809 E DictionaryProvider:UpdateHandler: Can't read a file : android.util.MalformedJsonException: Use JsonReader.setLenient(true) to accept malformed JSON at line 1 column 20
07-05 13:55:49.695   545   548 D dalvikvm: GC_CONCURRENT freed 757K, 11% free 10506K/11719K, paused 2ms+3ms
07-05 13:55:49.965   545   548 D dalvikvm: GC_CONCURRENT freed 420K, 11% free 10476K/11719K, paused 2ms+2ms
07-05 13:55:50.082   545  6812 I DownloadManager: Initiating request for download 4636
07-05 13:55:50.168   545   548 D dalvikvm: GC_CONCURRENT freed 237K, 9% free 10675K/11719K, paused 2ms+2ms
07-05 13:55:50.304   545   548 D dalvikvm: GC_CONCURRENT freed 310K, 8% free 10894K/11719K, paused 2ms+3ms
07-05 13:55:50.590   545   548 D dalvikvm: GC_CONCURRENT freed 893K, 11% free 10504K/11719K, paused 2ms+3ms
07-05 13:55:50.851   545   548 D dalvikvm: GC_CONCURRENT freed 411K, 11% free 10484K/11719K, paused 2ms+2ms
07-05 13:55:51.117   545  6815 I DownloadManager: Initiating request for download 4637
07-05 13:55:51.172   545   548 D dalvikvm: GC_CONCURRENT freed 387K, 11% free 10509K/11719K, paused 2ms+4ms
07-05 13:55:51.324   545   548 D dalvikvm: GC_CONCURRENT freed 185K, 9% free 10759K/11719K, paused 2ms+3ms
07-05 13:55:51.461   545   548 D dalvikvm: GC_CONCURRENT freed 455K, 8% free 10787K/11719K, paused 2ms+2ms
07-05 13:55:51.644  1370  6817 E DictionaryProvider:UpdateHandler: Can't read a file : android.util.MalformedJsonException: Use JsonReader.setLenient(true) to accept malformed JSON at line 1 column 20
07-05 13:55:51.711  1370  1372 D dalvikvm: GC_CONCURRENT freed 388K, 7% free 9126K/9735K, paused 1ms+2ms
07-05 13:55:51.812   545   548 D dalvikvm: GC_CONCURRENT freed 748K, 11% free 10506K/11719K, paused 2ms+3ms
07-05 13:55:52.086   545   548 D dalvikvm: GC_CONCURRENT freed 415K, 11% free 10482K/11719K, paused 2ms+2ms
07-05 13:55:52.230   545  6820 I DownloadManager: Initiating request for download 4637
07-05 13:55:52.324   545   548 D dalvikvm: GC_CONCURRENT freed 274K, 9% free 10714K/11719K, paused 1ms+3ms
07-05 13:55:52.449   545   548 D dalvikvm: GC_CONCURRENT freed 349K, 8% free 10860K/11719K, paused 2ms+3ms
07-05 13:55:52.703   545   548 D dalvikvm: GC_CONCURRENT freed 845K, 11% free 10507K/11719K, paused 2ms+2ms
07-05 13:55:52.961   545   548 D dalvikvm: GC_CONCURRENT freed 409K, 11% free 10489K/11719K, paused 2ms+3ms
07-05 13:55:53.215   545   548 D dalvikvm: GC_CONCURRENT freed 399K, 11% free 10476K/11719K, paused 2ms+3ms
07-05 13:55:53.265   545  6823 I DownloadManager: Initiating request for download 4638
07-05 13:55:53.383   545   548 D dalvikvm: GC_CONCURRENT freed 157K, 9% free 10739K/11719K, paused 2ms+3ms
07-05 13:55:53.511   545   548 D dalvikvm: GC_CONCURRENT freed 313K, 8% free 10898K/11719K, paused 1ms+2ms
07-05 13:55:53.715  1370  6825 E DictionaryProvider:UpdateHandler: Can't read a file : android.util.MalformedJsonException: Use JsonReader.setLenient(true) to accept malformed JSON at line 1 column 20
07-05 13:55:53.840   545   548 D dalvikvm: GC_CONCURRENT freed 892K, 11% free 10511K/11719K, paused 2ms+3ms
07-05 13:55:54.109   545   548 D dalvikvm: GC_CONCURRENT freed 414K, 11% free 10487K/11719K, paused 1ms+2ms
07-05 13:55:54.289   545  6828 I DownloadManager: Initiating request for download 4638
07-05 13:55:54.355   545   548 D dalvikvm: GC_CONCURRENT freed 322K, 10% free 10554K/11719K, paused 1ms+2ms
07-05 13:55:54.468   545   548 D dalvikvm: GC_CONCURRENT freed 209K, 9% free 10781K/11719K, paused 1ms+3ms
07-05 13:55:54.613   545   548 D dalvikvm: GC_CONCURRENT freed 476K, 8% free 10792K/11719K, paused 2ms+2ms
07-05 13:55:54.933   545   548 D dalvikvm: GC_CONCURRENT freed 759K, 11% free 10502K/11719K, paused 2ms+2ms
07-05 13:55:55.191   545   548 D dalvikvm: GC_CONCURRENT freed 409K, 11% free 10484K/11719K, paused 2ms+2ms
07-05 13:55:55.410   156   156 D dalvikvm: GC_EXPLICIT freed 514K, 12% free 14100K/16007K, paused 2ms+6ms
07-05 13:55:55.418   545  6831 I DownloadManager: Initiating request for download 4639
07-05 13:55:55.511   545   548 D dalvikvm: GC_CONCURRENT freed 226K, 9% free 10681K/11719K, paused 1ms+3ms
07-05 13:55:55.636   545   548 D dalvikvm: GC_CONCURRENT freed 330K, 8% free 10837K/11719K, paused 2ms+3ms
07-05 13:55:55.855   545   548 D dalvikvm: GC_CONCURRENT freed 820K, 11% free 10500K/11719K, paused 1ms+2ms
07-05 13:55:55.894  1370  6833 E DictionaryProvider:UpdateHandler: Can't read a file : android.util.MalformedJsonException: Use JsonReader.setLenient(true) to accept malformed JSON at line 1 column 20
07-05 13:55:56.144   545   548 D dalvikvm: GC_CONCURRENT freed 396K, 11% free 10495K/11719K, paused 2ms+3ms
07-05 13:55:56.429   545   548 D dalvikvm: GC_CONCURRENT freed 414K, 11% free 10467K/11719K, paused 2ms+2ms
07-05 13:55:56.484   545  6836 I DownloadManager: Initiating request for download 4639
07-05 13:55:56.590   545   548 D dalvikvm: GC_CONCURRENT freed 193K, 9% free 10710K/11719K, paused 2ms+3ms
07-05 13:55:56.711   545   548 D dalvikvm: GC_CONCURRENT freed 321K, 8% free 10885K/11719K, paused 2ms+3ms
07-05 13:55:57.008   545   548 D dalvikvm: GC_CONCURRENT freed 891K, 11% free 10493K/11719K, paused 2ms+3ms
07-05 13:55:57.265   545   548 D dalvikvm: GC_CONCURRENT freed 409K, 11% free 10475K/11719K, paused 1ms+3ms
07-05 13:55:57.468   545  6839 I DownloadManager: Initiating request for download 4640
07-05 13:55:57.547   545   548 D dalvikvm: GC_CONCURRENT freed 324K, 11% free 10546K/11719K, paused 2ms+3ms
07-05 13:55:57.664   545   548 D dalvikvm: GC_CONCURRENT freed 208K, 9% free 10769K/11719K, paused 1ms+2ms
07-05 13:55:57.797   545   548 D dalvikvm: GC_CONCURRENT freed 470K, 8% free 10782K/11719K, paused 2ms+3ms
07-05 13:55:57.953  1370  6841 E DictionaryProvider:UpdateHandler: Can't read a file : android.util.MalformedJsonException: Use JsonReader.setLenient(true) to accept malformed JSON at line 1 column 20
07-05 13:55:58.125   545   548 D dalvikvm: GC_CONCURRENT freed 749K, 11% free 10499K/11719K, paused 2ms+3ms
07-05 13:55:58.390   545   548 D dalvikvm: GC_CONCURRENT freed 416K, 11% free 10474K/11719K, paused 1ms+2ms
07-05 13:55:58.523   545  6844 I DownloadManager: Initiating request for download 4640
07-05 13:55:58.613   545   548 D dalvikvm: GC_CONCURRENT freed 255K, 10% free 10664K/11719K, paused 2ms+2ms
07-05 13:55:58.734   545   548 D dalvikvm: GC_CONCURRENT freed 310K, 8% free 10833K/11719K, paused 2ms+3ms
07-05 13:55:58.941   545   548 D dalvikvm: GC_CONCURRENT freed 814K, 11% free 10504K/11719K, paused 2ms+3ms
07-05 13:55:59.222   545   548 D dalvikvm: GC_CONCURRENT freed 406K, 11% free 10489K/11719K, paused 2ms+2ms
07-05 13:55:59.484   545   548 D dalvikvm: GC_CONCURRENT freed 404K, 11% free 10470K/11719K, paused 2ms+2ms
07-05 13:55:59.574   545  6847 I DownloadManager: Initiating request for download 4641
07-05 13:55:59.683   545   548 D dalvikvm: GC_CONCURRENT freed 183K, 9% free 10708K/11719K, paused 2ms+2ms
07-05 13:55:59.816   545   548 D dalvikvm: GC_CONCURRENT freed 320K, 8% free 10883K/11719K, paused 1ms+3ms
07-05 13:55:59.996  1370  6849 E DictionaryProvider:UpdateHandler: Can't read a file : android.util.MalformedJsonException: Use JsonReader.setLenient(true) to accept malformed JSON at line 1 column 20
07-05 13:56:00.097  1370  1372 D dalvikvm: GC_CONCURRENT freed 386K, 7% free 9128K/9735K, paused 2ms+2ms
07-05 13:56:00.183   545   548 D dalvikvm: GC_CONCURRENT freed 878K, 11% free 10504K/11719K, paused 1ms+2ms
07-05 13:56:00.453   545   548 D dalvikvm: GC_CONCURRENT freed 414K, 11% free 10480K/11719K, paused 2ms+3ms
07-05 13:56:00.691   545  6852 I DownloadManager: Initiating request for download 4641
07-05 13:56:00.718   545   548 D dalvikvm: GC_CONCURRENT freed 364K, 11% free 10520K/11719K, paused 1ms+4ms
07-05 13:56:00.847   545   548 D dalvikvm: GC_CONCURRENT freed 193K, 9% free 10763K/11719K, paused 1ms+3ms
07-05 13:56:00.976   545   548 D dalvikvm: GC_CONCURRENT freed 455K, 8% free 10787K/11719K, paused 1ms+3ms
07-05 13:56:01.285   545   548 D dalvikvm: GC_CONCURRENT freed 759K, 11% free 10496K/11719K, paused 2ms+2ms
07-05 13:56:01.547   545   548 D dalvikvm: GC_CONCURRENT freed 405K, 11% free 10478K/11719K, paused 2ms+2ms
07-05 13:56:01.722   545  6855 I DownloadManager: Initiating request for download 4642
07-05 13:56:01.812   545   548 D dalvikvm: GC_CONCURRENT freed 258K, 10% free 10660K/11719K, paused 2ms+2ms
07-05 13:56:01.941   545   548 D dalvikvm: GC_CONCURRENT freed 306K, 8% free 10840K/11719K, paused 2ms+3ms
07-05 13:56:02.144   545   548 D dalvikvm: GC_CONCURRENT freed 783K, 11% free 10547K/11719K, paused 1ms+3ms
07-05 13:56:02.390   993  1240 I PhoneLab-: Service Running
07-05 13:56:02.425   545   548 D dalvikvm: GC_CONCURRENT freed 411K, 11% free 10527K/11719K, paused 2ms+2ms
07-05 13:56:02.574   993  1240 I PhoneLab-LoggerService: app_49    1247  993   1956   1584  c00f181c 400107b4 S logcat
07-05 13:56:02.574   993  1240 I PhoneLab-LoggerService: Logcat pid from database 1247
07-05 13:56:02.574   993  1240 I PhoneLab-LoggerService: Logcat process found 1247
07-05 13:56:02.574   993  1240 I PhoneLab-LoggerService: Checking Threshold
07-05 13:56:02.578   993  1240 I PhoneLab-LoggerService: Starting to rename files
07-05 13:56:02.578   993  1240 I PhoneLab-LoggerService: Files found .. 41
07-05 13:56:02.582   993   995 D dalvikvm: GC_CONCURRENT freed 956K, 19% free 9147K/11207K, paused 2ms+2ms
07-05 13:56:02.742   545   548 D dalvikvm: GC_CONCURRENT freed 440K, 11% free 10484K/11719K, paused 2ms+2ms
07-05 13:56:02.789  1370  6858 E DictionaryProvider:UpdateHandler: Can't read a file : android.util.MalformedJsonException: Use JsonReader.setLenient(true) to accept malformed JSON at line 1 column 20
07-05 13:56:02.859   545  6860 I DownloadManager: Initiating request for download 4642
07-05 13:56:02.890   465   467 D dalvikvm: GC_CONCURRENT freed 398K, 6% free 10490K/11143K, paused 1ms+3ms
07-05 13:56:02.976   545   548 D dalvikvm: GC_CONCURRENT freed 194K, 9% free 10714K/11719K, paused 2ms+2ms
07-05 13:56:03.105   545   548 D dalvikvm: GC_CONCURRENT freed 322K, 8% free 10886K/11719K, paused 1ms+2ms
07-05 13:56:03.394   545   548 D dalvikvm: GC_CONCURRENT freed 877K, 11% free 10511K/11719K, paused 2ms+2ms
07-05 13:56:03.656   545   548 D dalvikvm: GC_CONCURRENT freed 412K, 11% free 10486K/11719K, paused 1ms+2ms
07-05 13:56:03.906   545  6864 I DownloadManager: Initiating request for download 4643
07-05 13:56:04.023   545   548 D dalvikvm: GC_CONCURRENT freed 380K, 10% free 10569K/11719K, paused 4ms+6ms
07-05 13:56:04.160   545   548 D dalvikvm: GC_CONCURRENT freed 222K, 8% free 10787K/11719K, paused 2ms+2ms
07-05 13:56:04.300   545   548 D dalvikvm: GC_CONCURRENT freed 469K, 8% free 10794K/11719K, paused 2ms+2ms
07-05 13:56:04.461  1370  6866 E DictionaryProvider:UpdateHandler: Can't read a file : android.util.MalformedJsonException: Use JsonReader.setLenient(true) to accept malformed JSON at line 1 column 20
07-05 13:56:04.648   545   548 D dalvikvm: GC_CONCURRENT freed 757K, 11% free 10507K/11719K, paused 2ms+3ms
07-05 13:56:04.918   545   548 D dalvikvm: GC_CONCURRENT freed 417K, 11% free 10481K/11719K, paused 2ms+2ms
07-05 13:56:05.043   545  6869 I DownloadManager: Initiating request for download 4643
07-05 13:56:05.129   545   548 D dalvikvm: GC_CONCURRENT freed 244K, 9% free 10676K/11719K, paused 2ms+2ms
07-05 13:56:05.258   545   548 D dalvikvm: GC_CONCURRENT freed 335K, 8% free 10877K/11719K, paused 2ms+3ms
07-05 13:56:05.527   545   548 D dalvikvm: GC_CONCURRENT freed 860K, 11% free 10517K/11719K, paused 2ms+2ms
07-05 13:56:05.797   545   548 D dalvikvm: GC_CONCURRENT freed 416K, 11% free 10492K/11719K, paused 2ms+3ms
07-05 13:56:06.097   545  6872 I DownloadManager: Initiating request for download 4644
07-05 13:56:06.113   545   548 D dalvikvm: GC_CONCURRENT freed 398K, 11% free 10519K/11719K, paused 2ms+3ms
07-05 13:56:06.246   545   548 D dalvikvm: GC_CONCURRENT freed 190K, 9% free 10766K/11719K, paused 2ms+3ms
07-05 13:56:06.375   545   548 D dalvikvm: GC_CONCURRENT freed 452K, 8% free 10796K/11719K, paused 2ms+2ms
07-05 13:56:06.586   545  9639 D dalvikvm: GC_EXPLICIT freed 550K, 11% free 10523K/11719K, paused 2ms+3ms
07-05 13:56:06.590  1370  6874 E DictionaryProvider:UpdateHandler: Can't read a file : android.util.MalformedJsonException: Use JsonReader.setLenient(true) to accept malformed JSON at line 1 column 20
07-05 13:56:06.863   545   548 D dalvikvm: GC_CONCURRENT freed 416K, 11% free 10498K/11719K, paused 1ms+2ms
07-05 13:56:07.136   545   548 D dalvikvm: GC_CONCURRENT freed 409K, 11% free 10480K/11719K, paused 2ms+2ms
07-05 13:56:07.191   545  6877 I DownloadManager: Initiating request for download 4644
07-05 13:56:07.300   545   548 D dalvikvm: GC_CONCURRENT freed 192K, 9% free 10726K/11719K, paused 2ms+2ms
07-05 13:56:07.425   545   548 D dalvikvm: GC_CONCURRENT freed 322K, 7% free 10903K/11719K, paused 1ms+2ms
07-05 13:56:07.726   545   548 D dalvikvm: GC_CONCURRENT freed 901K, 11% free 10506K/11719K, paused 2ms+3ms
07-05 13:56:08.008   545   548 D dalvikvm: GC_CONCURRENT freed 409K, 11% free 10494K/11719K, paused 2ms+3ms
07-05 13:56:08.222   545  6880 I DownloadManager: Initiating request for download 4645
07-05 13:56:08.285   545   548 D dalvikvm: GC_CONCURRENT freed 326K, 10% free 10559K/11719K, paused 2ms+3ms
07-05 13:56:08.402   545   548 D dalvikvm: GC_CONCURRENT freed 210K, 8% free 10786K/11719K, paused 2ms+3ms
07-05 13:56:08.543   545   548 D dalvikvm: GC_CONCURRENT freed 476K, 8% free 10799K/11719K, paused 2ms+2ms
07-05 13:56:08.687  1370  6882 E DictionaryProvider:UpdateHandler: Can't read a file : android.util.MalformedJsonException: Use JsonReader.setLenient(true) to accept malformed JSON at line 1 column 20
07-05 13:56:08.754  1370  1372 D dalvikvm: GC_CONCURRENT freed 391K, 7% free 9127K/9735K, paused 1ms+6ms
07-05 13:56:08.914   545   548 D dalvikvm: GC_CONCURRENT freed 759K, 11% free 10511K/11719K, paused 2ms+3ms
07-05 13:56:09.175   545   548 D dalvikvm: GC_CONCURRENT freed 414K, 11% free 10487K/11719K, paused 2ms+2ms
07-05 13:56:09.308   545  6885 I DownloadManager: Initiating request for download 4645
07-05 13:56:09.386   545   548 D dalvikvm: GC_CONCURRENT freed 239K, 9% free 10672K/11719K, paused 2ms+3ms
07-05 13:56:09.511   545   548 D dalvikvm: GC_CONCURRENT freed 302K, 8% free 10851K/11719K, paused 1ms+3ms
07-05 13:56:09.738   545   548 D dalvikvm: GC_CONCURRENT freed 822K, 11% free 10518K/11719K, paused 2ms+2ms
07-05 13:56:10.000   545   548 D dalvikvm: GC_CONCURRENT freed 411K, 11% free 10498K/11719K, paused 1ms+2ms
07-05 13:56:10.273   545   548 D dalvikvm: GC_CONCURRENT freed 403K, 11% free 10485K/11719K, paused 2ms+3ms
07-05 13:56:10.379   545  6888 I DownloadManager: Initiating request for download 4646
07-05 13:56:10.480   545   548 D dalvikvm: GC_CONCURRENT freed 192K, 9% free 10720K/11719K, paused 2ms+3ms
07-05 13:56:10.613   545   548 D dalvikvm: GC_CONCURRENT freed 325K, 7% free 10902K/11719K, paused 1ms+3ms
07-05 13:56:10.797  1370  6890 E DictionaryProvider:UpdateHandler: Can't read a file : android.util.MalformedJsonException: Use JsonReader.setLenient(true) to accept malformed JSON at line 1 column 20
07-05 13:56:10.933   545   548 D dalvikvm: GC_CONCURRENT freed 890K, 11% free 10518K/11719K, paused 1ms+3ms
07-05 13:56:11.187   545   548 D dalvikvm: GC_CONCURRENT freed 414K, 11% free 10494K/11719K, paused 2ms+2ms
07-05 13:56:11.390   545  6893 I DownloadManager: Initiating request for download 4646
07-05 13:56:11.453   545   548 D dalvikvm: GC_CONCURRENT freed 371K, 11% free 10543K/11719K, paused 1ms+2ms
07-05 13:56:11.566   545   548 D dalvikvm: GC_CONCURRENT freed 197K, 8% free 10783K/11719K, paused 2ms+3ms
07-05 13:56:11.695   545   548 D dalvikvm: GC_CONCURRENT freed 452K, 8% free 10805K/11719K, paused 2ms+2ms
07-05 13:56:12.015   545   548 D dalvikvm: GC_CONCURRENT freed 766K, 11% free 10518K/11719K, paused 1ms+2ms
07-05 13:56:12.285   545   548 D dalvikvm: GC_CONCURRENT freed 419K, 11% free 10490K/11719K, paused 2ms+2ms
07-05 13:56:12.445   545  6896 I DownloadManager: Initiating request for download 4647
07-05 13:56:12.527   545   548 D dalvikvm: GC_CONCURRENT freed 256K, 9% free 10683K/11719K, paused 2ms+4ms
07-05 13:56:12.672   545   548 D dalvikvm: GC_CONCURRENT freed 305K, 8% free 10858K/11719K, paused 2ms+2ms
07-05 13:56:12.906   545   548 D dalvikvm: GC_CONCURRENT freed 820K, 11% free 10533K/11719K, paused 2ms+2ms
07-05 13:56:12.980   156   559 D dalvikvm: GC_EXPLICIT freed 516K, 12% free 14100K/16007K, paused 2ms+6ms
07-05 13:56:12.988  1370  6898 E DictionaryProvider:UpdateHandler: Can't read a file : android.util.MalformedJsonException: Use JsonReader.setLenient(true) to accept malformed JSON at line 1 column 20
07-05 13:56:13.027   465  6899 D dalvikvm: GC_EXPLICIT freed 266K, 8% free 10307K/11143K, paused 2ms+3ms
07-05 13:56:13.285   545   548 D dalvikvm: GC_CONCURRENT freed 411K, 11% free 10511K/11719K, paused 1ms+2ms
07-05 13:56:13.550   545   548 D dalvikvm: GC_CONCURRENT freed 427K, 11% free 10474K/11719K, paused 1ms+2ms
07-05 13:56:13.625   545  6901 I DownloadManager: Initiating request for download 4647
07-05 13:56:13.715   545   548 D dalvikvm: GC_CONCURRENT freed 204K, 9% free 10705K/11719K, paused 2ms+2ms
07-05 13:56:13.847   545   548 D dalvikvm: GC_CONCURRENT freed 315K, 8% free 10884K/11719K, paused 2ms+3ms
07-05 13:56:14.129   545   548 D dalvikvm: GC_CONCURRENT freed 883K, 11% free 10501K/11719K, paused 2ms+2ms
07-05 13:56:14.390   545   548 D dalvikvm: GC_CONCURRENT freed 407K, 11% free 10485K/11719K, paused 2ms+3ms
07-05 13:56:14.621   545  6904 I DownloadManager: Initiating request for download 4648
07-05 13:56:14.683   545   548 D dalvikvm: GC_CONCURRENT freed 381K, 11% free 10529K/11719K, paused 2ms+3ms
07-05 13:56:14.808   545   548 D dalvikvm: GC_CONCURRENT freed 188K, 9% free 10766K/11719K, paused 2ms+3ms
07-05 13:56:14.949   545   548 D dalvikvm: GC_CONCURRENT freed 463K, 8% free 10795K/11719K, paused 2ms+3ms
07-05 13:56:15.093  1370  6906 E DictionaryProvider:UpdateHandler: Can't read a file : android.util.MalformedJsonException: Use JsonReader.setLenient(true) to accept malformed JSON at line 1 column 20
07-05 13:56:15.273   545   548 D dalvikvm: GC_CONCURRENT freed 754K, 11% free 10510K/11719K, paused 2ms+2ms
07-05 13:56:15.558   545   548 D dalvikvm: GC_CONCURRENT freed 414K, 11% free 10486K/11719K, paused 1ms+2ms
07-05 13:56:15.715   545  6908 I DownloadManager: Initiating request for download 4648
07-05 13:56:15.781   545   548 D dalvikvm: GC_CONCURRENT freed 275K, 10% free 10663K/11719K, paused 2ms+3ms
07-05 13:56:15.871   545   548 D dalvikvm: GC_CONCURRENT freed 297K, 8% free 10837K/11719K, paused 2ms+3ms
07-05 13:56:17.394   545   548 D dalvikvm: GC_CONCURRENT freed 810K, 11% free 10513K/11719K, paused 2ms+2ms
07-05 13:56:17.679   545   548 D dalvikvm: GC_CONCURRENT freed 405K, 11% free 10498K/11719K, paused 3ms+2ms
07-05 13:56:17.945   545   548 D dalvikvm: GC_CONCURRENT freed 410K, 11% free 10479K/11719K, paused 1ms+2ms
07-05 13:56:18.074   545  6912 I DownloadManager: Initiating request for download 4649
07-05 13:56:18.172   545   548 D dalvikvm: GC_CONCURRENT freed 214K, 9% free 10700K/11719K, paused 1ms+3ms
07-05 13:56:18.300   545   548 D dalvikvm: GC_CONCURRENT freed 318K, 8% free 10881K/11719K, paused 2ms+3ms
07-05 13:56:18.508  1370  6914 E DictionaryProvider:UpdateHandler: Can't read a file : android.util.MalformedJsonException: Use JsonReader.setLenient(true) to accept malformed JSON at line 1 column 20
07-05 13:56:18.570   545   548 D dalvikvm: GC_CONCURRENT freed 861K, 11% free 10517K/11719K, paused 1ms+2ms
07-05 13:56:18.629  1370  1372 D dalvikvm: GC_CONCURRENT freed 392K, 7% free 9126K/9735K, paused 2ms+2ms
07-05 13:56:18.875   545   548 D dalvikvm: GC_CONCURRENT freed 419K, 11% free 10489K/11719K, paused 2ms+2ms
07-05 13:56:19.156   545   548 D dalvikvm: GC_CONCURRENT freed 402K, 11% free 10477K/11719K, paused 1ms+2ms
07-05 13:56:19.179   545  6917 I DownloadManager: Initiating request for download 4649
07-05 13:56:19.293   545   548 D dalvikvm: GC_CONCURRENT freed 166K, 9% free 10748K/11719K, paused 2ms+3ms
07-05 13:56:19.425   545   548 D dalvikvm: GC_CONCURRENT freed 323K, 7% free 10912K/11719K, paused 2ms+3ms
07-05 13:56:19.730   545   548 D dalvikvm: GC_CONCURRENT freed 913K, 11% free 10505K/11719K, paused 2ms+2ms
07-05 13:56:20.008   545   548 D dalvikvm: GC_CONCURRENT freed 409K, 11% free 10487K/11719K, paused 2ms+2ms
07-05 13:56:20.187   545  6920 I DownloadManager: Initiating request for download 4650
07-05 13:56:20.273   545   548 D dalvikvm: GC_CONCURRENT freed 295K, 10% free 10649K/11719K, paused 2ms+3ms
07-05 13:56:20.394   545   548 D dalvikvm: GC_CONCURRENT freed 296K, 8% free 10828K/11719K, paused 2ms+3ms
07-05 13:56:20.566   545   548 D dalvikvm: GC_CONCURRENT freed 765K, 10% free 10549K/11719K, paused 2ms+3ms
07-05 13:56:20.648  1370  6922 E DictionaryProvider:UpdateHandler: Can't read a file : android.util.MalformedJsonException: Use JsonReader.setLenient(true) to accept malformed JSON at line 1 column 20
07-05 13:56:20.730  1370  1381 D dalvikvm: GC_EXPLICIT freed 130K, 7% free 9095K/9735K, paused 2ms+2ms
07-05 13:56:20.914   545   548 D dalvikvm: GC_CONCURRENT freed 430K, 11% free 10510K/11719K, paused 2ms+2ms
07-05 13:56:21.183   545   548 D dalvikvm: GC_CONCURRENT freed 414K, 11% free 10493K/11719K, paused 2ms+2ms
07-05 13:56:21.285   545  6925 I DownloadManager: Initiating request for download 4650
07-05 13:56:21.379   545   548 D dalvikvm: GC_CONCURRENT freed 240K, 9% free 10694K/11719K, paused 2ms+3ms
07-05 13:56:21.504   545   548 D dalvikvm: GC_CONCURRENT freed 300K, 8% free 10867K/11719K, paused 2ms+3ms
07-05 13:56:21.761   545   548 D dalvikvm: GC_CONCURRENT freed 843K, 11% free 10513K/11719K, paused 1ms+2ms
07-05 13:56:22.039   545   548 D dalvikvm: GC_CONCURRENT freed 410K, 11% free 10494K/11719K, paused 2ms+2ms
07-05 13:56:22.304   545   548 D dalvikvm: GC_CONCURRENT freed 401K, 11% free 10483K/11719K, paused 1ms+2ms
07-05 13:56:22.386   545  6928 I DownloadManager: Initiating request for download 4651
07-05 13:56:22.496   545   548 D dalvikvm: GC_CONCURRENT freed 182K, 9% free 10737K/11719K, paused 2ms+3ms
07-05 13:56:22.621   545   548 D dalvikvm: GC_CONCURRENT freed 321K, 7% free 10912K/11719K, paused 2ms+4ms
07-05 13:56:22.808  1370  6930 E DictionaryProvider:UpdateHandler: Can't read a file : android.util.MalformedJsonException: Use JsonReader.setLenient(true) to accept malformed JSON at line 1 column 20
07-05 13:56:22.965   545   548 D dalvikvm: GC_CONCURRENT freed 902K, 11% free 10518K/11719K, paused 2ms+2ms
07-05 13:56:23.230   545   548 D dalvikvm: GC_CONCURRENT freed 416K, 11% free 10493K/11719K, paused 2ms+2ms
07-05 13:56:23.437   545  6933 I DownloadManager: Initiating request for download 4651
07-05 13:56:23.500   545   548 D dalvikvm: GC_CONCURRENT freed 351K, 11% free 10545K/11719K, paused 2ms+3ms
07-05 13:56:23.613   545   548 D dalvikvm: GC_CONCURRENT freed 198K, 8% free 10792K/11719K, paused 2ms+3ms
07-05 13:56:23.754   545   548 D dalvikvm: GC_CONCURRENT freed 462K, 8% free 10806K/11719K, paused 2ms+2ms
07-05 13:56:24.074   545   548 D dalvikvm: GC_CONCURRENT freed 764K, 11% free 10510K/11719K, paused 2ms+2ms
07-05 13:56:24.340   545   548 D dalvikvm: GC_CONCURRENT freed 407K, 11% free 10489K/11719K, paused 2ms+2ms
07-05 13:56:24.519   545  6936 I DownloadManager: Initiating request for download 4652
07-05 13:56:24.601   545   548 D dalvikvm: GC_CONCURRENT freed 257K, 9% free 10674K/11719K, paused 2ms+3ms
07-05 13:56:24.726   545   548 D dalvikvm: GC_CONCURRENT freed 311K, 8% free 10846K/11719K, paused 2ms+3ms
07-05 13:56:24.922   545   548 D dalvikvm: GC_CONCURRENT freed 779K, 10% free 10556K/11719K, paused 2ms+4ms
07-05 13:56:24.980  1370  6938 E DictionaryProvider:UpdateHandler: Can't read a file : android.util.MalformedJsonException: Use JsonReader.setLenient(true) to accept malformed JSON at line 1 column 20
07-05 13:56:25.230   545   548 D dalvikvm: GC_CONCURRENT freed 432K, 11% free 10515K/11719K, paused 3ms+2ms
07-05 13:56:25.500   545   548 D dalvikvm: GC_CONCURRENT freed 413K, 11% free 10489K/11719K, paused 1ms+3ms
07-05 13:56:25.590   545  6941 I DownloadManager: Initiating request for download 4652
07-05 13:56:25.675   545   548 D dalvikvm: GC_CONCURRENT freed 216K, 9% free 10705K/11719K, paused 2ms+2ms
07-05 13:56:25.804   545   548 D dalvikvm: GC_CONCURRENT freed 295K, 8% free 10877K/11719K, paused 2ms+2ms
07-05 13:56:26.058   545   548 D dalvikvm: GC_CONCURRENT freed 855K, 11% free 10520K/11719K, paused 2ms+2ms
07-05 13:56:26.328   545   548 D dalvikvm: GC_CONCURRENT freed 410K, 11% free 10501K/11719K, paused 11ms+2ms
07-05 13:56:26.590   545   548 D dalvikvm: GC_CONCURRENT freed 404K, 11% free 10487K/11719K, paused 1ms+2ms
07-05 13:56:26.668   545  6944 I DownloadManager: Initiating request for download 4653
07-05 13:56:26.800   545   548 D dalvikvm: GC_CONCURRENT freed 176K, 9% free 10747K/11719K, paused 2ms+3ms
07-05 13:56:26.922   545   548 D dalvikvm: GC_CONCURRENT freed 342K, 7% free 10917K/11719K, paused 2ms+3ms
07-05 13:56:27.203   545   548 D dalvikvm: GC_CONCURRENT freed 876K, 10% free 10549K/11719K, paused 2ms+2ms
07-05 13:56:27.390  1370  6946 E DictionaryProvider:UpdateHandler: Can't read a file : android.util.MalformedJsonException: Use JsonReader.setLenient(true) to accept malformed JSON at line 1 column 20
07-05 13:56:27.515   545   548 D dalvikvm: GC_CONCURRENT freed 431K, 11% free 10509K/11719K, paused 2ms+3ms
07-05 13:56:27.703   545  6949 I DownloadManager: Initiating request for download 4653
07-05 13:56:27.765   545   548 D dalvikvm: GC_CONCURRENT freed 336K, 10% free 10566K/11719K, paused 2ms+2ms
07-05 13:56:27.886   545   548 D dalvikvm: GC_CONCURRENT freed 210K, 8% free 10851K/11719K, paused 2ms+3ms
07-05 13:56:28.035   545   548 D dalvikvm: GC_CONCURRENT freed 779K, 10% free 10562K/11719K, paused 2ms+4ms
07-05 13:56:28.328   545   548 D dalvikvm: GC_CONCURRENT freed 438K, 11% free 10516K/11719K, paused 3ms+3ms
07-05 13:56:28.609   545   548 D dalvikvm: GC_CONCURRENT freed 411K, 11% free 10496K/11719K, paused 2ms+3ms
07-05 13:56:28.777   545  6952 I DownloadManager: Initiating request for download 4654
07-05 13:56:28.867   545   548 D dalvikvm: GC_CONCURRENT freed 261K, 9% free 10683K/11719K, paused 2ms+3ms
07-05 13:56:28.988   545   548 D dalvikvm: GC_CONCURRENT freed 308K, 8% free 10861K/11719K, paused 1ms+3ms
07-05 13:56:29.203   545   548 D dalvikvm: GC_CONCURRENT freed 828K, 11% free 10533K/11719K, paused 1ms+2ms
07-05 13:56:29.238  1370  6954 E DictionaryProvider:UpdateHandler: Can't read a file : android.util.MalformedJsonException: Use JsonReader.setLenient(true) to accept malformed JSON at line 1 column 20
07-05 13:56:29.304  1370  1372 D dalvikvm: GC_CONCURRENT freed 361K, 7% free 9126K/9735K, paused 1ms+2ms
07-05 13:56:29.527   545   548 D dalvikvm: GC_CONCURRENT freed 404K, 11% free 10515K/11719K, paused 2ms+2ms
07-05 13:56:29.785   545   548 D dalvikvm: GC_CONCURRENT freed 408K, 11% free 10496K/11719K, paused 1ms+2ms
07-05 13:56:29.871   545  6957 I DownloadManager: Initiating request for download 4654
07-05 13:56:29.961   545   548 D dalvikvm: GC_CONCURRENT freed 212K, 9% free 10719K/11719K, paused 2ms+3ms
07-05 13:56:30.090   545   548 D dalvikvm: GC_CONCURRENT freed 317K, 7% free 10902K/11719K, paused 2ms+3ms
07-05 13:56:30.367   545   548 D dalvikvm: GC_CONCURRENT freed 884K, 11% free 10529K/11719K, paused 1ms+2ms
07-05 13:56:30.633   545   548 D dalvikvm: GC_CONCURRENT freed 416K, 11% free 10504K/11719K, paused 2ms+2ms
07-05 13:56:30.875   545  6960 I DownloadManager: Initiating request for download 4655
07-05 13:56:30.941   545   548 D dalvikvm: GC_CONCURRENT freed 385K, 10% free 10564K/11719K, paused 2ms+3ms
07-05 13:56:31.066   545   548 D dalvikvm: GC_CONCURRENT freed 201K, 8% free 10836K/11719K, paused 2ms+3ms
07-05 13:56:31.215   545   548 D dalvikvm: GC_CONCURRENT freed 518K, 8% free 10817K/11719K, paused 2ms+3ms
07-05 13:56:31.359  1370  6962 E DictionaryProvider:UpdateHandler: Can't read a file : android.util.MalformedJsonException: Use JsonReader.setLenient(true) to accept malformed JSON at line 1 column 20
07-05 13:56:31.574   545   548 D dalvikvm: GC_CONCURRENT freed 771K, 11% free 10523K/11719K, paused 2ms+2ms
07-05 13:56:31.851   545   548 D dalvikvm: GC_CONCURRENT freed 415K, 11% free 10499K/11719K, paused 2ms+3ms
07-05 13:56:31.992   545  6965 I DownloadManager: Initiating request for download 4655
07-05 13:56:32.070   156   594 D dalvikvm: GC_EXPLICIT freed 482K, 12% free 14098K/16007K, paused 3ms+5ms
07-05 13:56:32.144   545   548 D dalvikvm: GC_CONCURRENT freed 245K, 9% free 10695K/11719K, paused 2ms+3ms
07-05 13:56:32.265   545   548 D dalvikvm: GC_CONCURRENT freed 328K, 8% free 10860K/11719K, paused 2ms+3ms
07-05 13:56:32.484   545   548 D dalvikvm: GC_CONCURRENT freed 837K, 11% free 10518K/11719K, paused 2ms+2ms
07-05 13:56:32.761   545   548 D dalvikvm: GC_CONCURRENT freed 406K, 11% free 10502K/11719K, paused 2ms+2ms
07-05 13:56:33.027   545   548 D dalvikvm: GC_CONCURRENT freed 412K, 11% free 10481K/11719K, paused 1ms+2ms
07-05 13:56:33.125   545  6968 I DownloadManager: Initiating request for download 4656
07-05 13:56:33.222   545   548 D dalvikvm: GC_CONCURRENT freed 191K, 9% free 10726K/11719K, paused 2ms+3ms
07-05 13:56:33.355   545   548 D dalvikvm: GC_CONCURRENT freed 325K, 7% free 10902K/11719K, paused 2ms+4ms
07-05 13:56:33.543  1370  6970 E DictionaryProvider:UpdateHandler: Can't read a file : android.util.MalformedJsonException: Use JsonReader.setLenient(true) to accept malformed JSON at line 1 column 20
07-05 13:56:33.675   545   548 D dalvikvm: GC_CONCURRENT freed 885K, 11% free 10519K/11719K, paused 2ms+2ms
07-05 13:56:33.941   545   548 D dalvikvm: GC_CONCURRENT freed 414K, 11% free 10495K/11719K, paused 2ms+3ms
07-05 13:56:34.172   545  6973 I DownloadManager: Initiating request for download 4656
07-05 13:56:34.211   545   548 D dalvikvm: GC_CONCURRENT freed 390K, 11% free 10521K/11719K, paused 1ms+3ms
07-05 13:56:34.340   545   548 D dalvikvm: GC_CONCURRENT freed 185K, 9% free 10774K/11719K, paused 2ms+3ms
07-05 13:56:34.465   545   548 D dalvikvm: GC_CONCURRENT freed 453K, 8% free 10805K/11719K, paused 2ms+2ms
07-05 13:56:34.765   545   548 D dalvikvm: GC_CONCURRENT freed 769K, 11% free 10510K/11719K, paused 1ms+2ms
07-05 13:56:35.023   545   548 D dalvikvm: GC_CONCURRENT freed 410K, 11% free 10491K/11719K, paused 2ms+2ms
07-05 13:56:35.207   545  6976 I DownloadManager: Initiating request for download 4657
07-05 13:56:35.277   545   548 D dalvikvm: GC_CONCURRENT freed 287K, 10% free 10648K/11719K, paused 2ms+2ms
07-05 13:56:35.402   545   548 D dalvikvm: GC_CONCURRENT freed 276K, 8% free 10839K/11719K, paused 2ms+3ms
07-05 13:56:35.574   545   548 D dalvikvm: GC_CONCURRENT freed 773K, 10% free 10557K/11719K, paused 2ms+2ms
07-05 13:56:35.656  1370  6978 E DictionaryProvider:UpdateHandler: Can't read a file : android.util.MalformedJsonException: Use JsonReader.setLenient(true) to accept malformed JSON at line 1 column 20
07-05 13:56:35.890   545   548 D dalvikvm: GC_CONCURRENT freed 426K, 11% free 10517K/11719K, paused 2ms+2ms
07-05 13:56:36.152   545   548 D dalvikvm: GC_CONCURRENT freed 415K, 11% free 10492K/11719K, paused 2ms+2ms
07-05 13:56:36.277   545  6981 I DownloadManager: Initiating request for download 4657
07-05 13:56:36.359   545   548 D dalvikvm: GC_CONCURRENT freed 245K, 9% free 10685K/11719K, paused 1ms+2ms
07-05 13:56:36.480   545   548 D dalvikvm: GC_CONCURRENT freed 303K, 8% free 10863K/11719K, paused 1ms+2ms
07-05 13:56:36.718   545  6981 D dalvikvm: GC_EXPLICIT freed 837K, 11% free 10543K/11719K, paused 2ms+3ms
07-05 13:56:36.972   545   548 D dalvikvm: GC_CONCURRENT freed 432K, 11% free 10502K/11719K, paused 2ms+2ms
07-05 13:56:37.250   545   548 D dalvikvm: GC_CONCURRENT freed 404K, 11% free 10489K/11719K, paused 1ms+2ms
07-05 13:56:37.332   545  6984 I DownloadManager: Initiating request for download 4658
07-05 13:56:37.433   545   548 D dalvikvm: GC_CONCURRENT freed 186K, 9% free 10732K/11719K, paused 2ms+3ms
07-05 13:56:37.558   545   548 D dalvikvm: GC_CONCURRENT freed 303K, 7% free 10904K/11719K, paused 1ms+3ms
07-05 13:56:37.828   545   548 D dalvikvm: GC_CONCURRENT freed 889K, 11% free 10521K/11719K, paused 2ms+3ms
07-05 13:56:38.090   545   548 D dalvikvm: GC_CONCURRENT freed 410K, 11% free 10501K/11719K, paused 2ms+3ms
07-05 13:56:38.359   545   548 D dalvikvm: GC_CONCURRENT freed 385K, 11% free 10519K/11719K, paused 1ms+3ms
07-05 13:56:38.797  1370  6986 E DictionaryProvider:UpdateHandler: Can't read a file : android.util.MalformedJsonException: Use JsonReader.setLenient(true) to accept malformed JSON at line 1 column 20
07-05 13:56:39.039   545   548 D dalvikvm: GC_CONCURRENT freed 388K, 11% free 10522K/11719K, paused 2ms+3ms
07-05 13:56:39.156  1370  1372 D dalvikvm: GC_CONCURRENT freed 363K, 7% free 9151K/9735K, paused 2ms+2ms
07-05 13:56:39.340   545   548 D dalvikvm: GC_CONCURRENT freed 415K, 11% free 10498K/11719K, paused 2ms+2ms
07-05 13:56:39.664   545   548 D dalvikvm: GC_CONCURRENT freed 363K, 11% free 10526K/11719K, paused 1ms+2ms
07-05 13:56:39.933   545   548 D dalvikvm: GC_CONCURRENT freed 407K, 11% free 10509K/11719K, paused 2ms+2ms
07-05 13:56:40.211   545   548 D dalvikvm: GC_CONCURRENT freed 403K, 11% free 10496K/11719K, paused 2ms+3ms
07-05 13:56:40.429   545  6989 I DownloadManager: Initiating request for download 4659
07-05 13:56:40.550   545   548 D dalvikvm: GC_CONCURRENT freed 300K, 10% free 10620K/11719K, paused 5ms+2ms
07-05 13:56:40.672   545   548 D dalvikvm: GC_CONCURRENT freed 256K, 8% free 10822K/11719K, paused 2ms+3ms
07-05 13:56:40.832   545   548 D dalvikvm: GC_CONCURRENT freed 740K, 10% free 10563K/11719K, paused 1ms+2ms
07-05 13:56:40.937  1370  6991 E DictionaryProvider:UpdateHandler: Can't read a file : android.util.MalformedJsonException: Use JsonReader.setLenient(true) to accept malformed JSON at line 1 column 20
07-05 13:56:41.144   545   548 D dalvikvm: GC_CONCURRENT freed 436K, 11% free 10519K/11719K, paused 2ms+2ms
07-05 13:56:41.425   545   548 D dalvikvm: GC_CONCURRENT freed 408K, 11% free 10497K/11719K, paused 2ms+2ms
07-05 13:56:41.582   545  6994 I DownloadManager: Initiating request for download 4659
07-05 13:56:41.656   545   548 D dalvikvm: GC_CONCURRENT freed 281K, 10% free 10662K/11719K, paused 2ms+3ms
07-05 13:56:41.785   545   548 D dalvikvm: GC_CONCURRENT freed 283K, 8% free 10840K/11719K, paused 2ms+2ms
07-05 13:56:41.972   545   548 D dalvikvm: GC_CONCURRENT freed 770K, 10% free 10562K/11719K, paused 2ms+2ms
07-05 13:56:42.250   545   548 D dalvikvm: GC_CONCURRENT freed 439K, 11% free 10514K/11719K, paused 2ms+2ms
07-05 13:56:42.539   545   548 D dalvikvm: GC_CONCURRENT freed 410K, 11% free 10501K/11719K, paused 2ms+2ms
07-05 13:56:42.695   545  6997 I DownloadManager: Initiating request for download 4660
07-05 13:56:42.793   545   548 D dalvikvm: GC_CONCURRENT freed 234K, 9% free 10700K/11719K, paused 2ms+2ms
07-05 13:56:42.922   545   548 D dalvikvm: GC_CONCURRENT freed 314K, 8% free 10879K/11719K, paused 2ms+2ms
07-05 13:56:43.148   545   548 D dalvikvm: GC_CONCURRENT freed 829K, 10% free 10557K/11719K, paused 2ms+3ms
07-05 13:56:43.195  1370  6999 E DictionaryProvider:UpdateHandler: Can't read a file : android.util.MalformedJsonException: Use JsonReader.setLenient(true) to accept malformed JSON at line 1 column 20
07-05 13:56:43.449   545   548 D dalvikvm: GC_CONCURRENT freed 425K, 11% free 10518K/11719K, paused 2ms+2ms
07-05 13:56:43.715   545   548 D dalvikvm: GC_CONCURRENT freed 410K, 11% free 10496K/11719K, paused 2ms+2ms
07-05 13:56:43.793   545  7002 I DownloadManager: Initiating request for download 4660
07-05 13:56:43.886   545   548 D dalvikvm: GC_CONCURRENT freed 182K, 9% free 10728K/11719K, paused 2ms+3ms
07-05 13:56:44.011   545   548 D dalvikvm: GC_CONCURRENT freed 323K, 7% free 10907K/11719K, paused 2ms+3ms
07-05 13:56:44.289   545   548 D dalvikvm: GC_CONCURRENT freed 890K, 11% free 10524K/11719K, paused 2ms+3ms
07-05 13:56:44.558   545   548 D dalvikvm: GC_CONCURRENT freed 410K, 11% free 10504K/11719K, paused 2ms+2ms
07-05 13:56:44.820   545  7005 I DownloadManager: Initiating request for download 4661
07-05 13:56:44.871   545   548 D dalvikvm: GC_CONCURRENT freed 399K, 11% free 10531K/11719K, paused 2ms+3ms
07-05 13:56:45.000   545   548 D dalvikvm: GC_CONCURRENT freed 184K, 8% free 10784K/11719K, paused 2ms+3ms
07-05 13:56:45.129   545   548 D dalvikvm: GC_CONCURRENT freed 452K, 8% free 10821K/11719K, paused 2ms+3ms
07-05 13:56:45.293  1370  7007 E DictionaryProvider:UpdateHandler: Can't read a file : android.util.MalformedJsonException: Use JsonReader.setLenient(true) to accept malformed JSON at line 1 column 20
07-05 13:56:45.465   545   548 D dalvikvm: GC_CONCURRENT freed 766K, 11% free 10529K/11719K, paused 2ms+2ms
07-05 13:56:45.730   545   548 D dalvikvm: GC_CONCURRENT freed 411K, 11% free 10504K/11719K, paused 1ms+2ms
07-05 13:56:45.906   545  7010 I DownloadManager: Initiating request for download 4661
07-05 13:56:45.976   545   548 D dalvikvm: GC_CONCURRENT freed 314K, 9% free 10669K/11719K, paused 2ms+3ms
07-05 13:56:46.105   545   548 D dalvikvm: GC_CONCURRENT freed 293K, 8% free 10851K/11719K, paused 1ms+3ms
07-05 13:56:46.293   545   548 D dalvikvm: GC_CONCURRENT freed 776K, 10% free 10569K/11719K, paused 2ms+2ms
07-05 13:56:46.574   545   548 D dalvikvm: GC_CONCURRENT freed 442K, 11% free 10521K/11719K, paused 2ms+2ms
07-05 13:56:46.840   545   548 D dalvikvm: GC_CONCURRENT freed 411K, 11% free 10501K/11719K, paused 2ms+2ms
07-05 13:56:46.972   545  7013 I DownloadManager: Initiating request for download 4662
07-05 13:56:47.050   545   548 D dalvikvm: GC_CONCURRENT freed 223K, 9% free 10710K/11719K, paused 2ms+2ms
07-05 13:56:47.175   545   548 D dalvikvm: GC_CONCURRENT freed 316K, 8% free 10889K/11719K, paused 2ms+3ms
07-05 13:56:47.398  1370  7015 E DictionaryProvider:UpdateHandler: Can't read a file : android.util.MalformedJsonException: Use JsonReader.setLenient(true) to accept malformed JSON at line 1 column 20
07-05 13:56:47.445   545   548 D dalvikvm: GC_CONCURRENT freed 863K, 11% free 10543K/11719K, paused 2ms+2ms
07-05 13:56:47.488  1370  1372 D dalvikvm: GC_CONCURRENT freed 411K, 7% free 9125K/9735K, paused 1ms+2ms
07-05 13:56:47.750   545   548 D dalvikvm: GC_CONCURRENT freed 414K, 11% free 10515K/11719K, paused 2ms+2ms
07-05 13:56:48.015   545   548 D dalvikvm: GC_CONCURRENT freed 405K, 11% free 10500K/11719K, paused 2ms+2ms
07-05 13:56:48.086   545  7018 I DownloadManager: Initiating request for download 4662
07-05 13:56:48.179   545   548 D dalvikvm: GC_CONCURRENT freed 188K, 9% free 10749K/11719K, paused 1ms+2ms
07-05 13:56:48.308   545   548 D dalvikvm: GC_CONCURRENT freed 328K, 7% free 10929K/11719K, paused 1ms+3ms
07-05 13:56:48.593   545   548 D dalvikvm: GC_CONCURRENT freed 916K, 11% free 10527K/11719K, paused 2ms+2ms
07-05 13:56:48.855   545   548 D dalvikvm: GC_CONCURRENT freed 408K, 11% free 10509K/11719K, paused 2ms+2ms
07-05 13:56:49.082   545  7021 I DownloadManager: Initiating request for download 4663
07-05 13:56:49.152   545   548 D dalvikvm: GC_CONCURRENT freed 352K, 10% free 10580K/11719K, paused 2ms+4ms
07-05 13:56:49.281   545   548 D dalvikvm: GC_CONCURRENT freed 213K, 8% free 10810K/11719K, paused 2ms+3ms
07-05 13:56:49.425   545   548 D dalvikvm: GC_CONCURRENT freed 467K, 8% free 10833K/11719K, paused 1ms+2ms
07-05 13:56:49.574  1370  7023 E DictionaryProvider:UpdateHandler: Can't read a file : android.util.MalformedJsonException: Use JsonReader.setLenient(true) to accept malformed JSON at line 1 column 20
07-05 13:56:49.777   545   548 D dalvikvm: GC_CONCURRENT freed 784K, 11% free 10531K/11719K, paused 2ms+3ms
07-05 13:56:50.043   545   548 D dalvikvm: GC_CONCURRENT freed 414K, 11% free 10508K/11719K, paused 2ms+2ms
07-05 13:56:50.195   545  7026 I DownloadManager: Initiating request for download 4663
07-05 13:56:50.265   545   548 D dalvikvm: GC_CONCURRENT freed 274K, 9% free 10700K/11719K, paused 2ms+3ms
07-05 13:56:50.394   545   548 D dalvikvm: GC_CONCURRENT freed 305K, 8% free 10879K/11719K, paused 1ms+2ms
07-05 13:56:50.617   545   548 D dalvikvm: GC_CONCURRENT freed 832K, 11% free 10541K/11719K, paused 2ms+2ms
07-05 13:56:50.898   545   548 D dalvikvm: GC_CONCURRENT freed 413K, 11% free 10518K/11719K, paused 2ms+3ms
07-05 13:56:51.164   545   548 D dalvikvm: GC_CONCURRENT freed 403K, 11% free 10506K/11719K, paused 1ms+2ms
07-05 13:56:51.273   545  7029 I DownloadManager: Initiating request for download 4664
07-05 13:56:51.375   545   548 D dalvikvm: GC_CONCURRENT freed 206K, 9% free 10737K/11719K, paused 2ms+3ms
07-05 13:56:51.504   545   548 D dalvikvm: GC_CONCURRENT freed 311K, 7% free 10908K/11719K, paused 2ms+2ms
07-05 13:56:51.761   156   512 D dalvikvm: GC_EXPLICIT freed 500K, 12% free 14100K/16007K, paused 3ms+6ms
07-05 13:56:51.769  1370  7031 E DictionaryProvider:UpdateHandler: Can't read a file : android.util.MalformedJsonException: Use JsonReader.setLenient(true) to accept malformed JSON at line 1 column 20
07-05 13:56:51.863   545   548 D dalvikvm: GC_CONCURRENT freed 869K, 11% free 10546K/11719K, paused 2ms+2ms
07-05 13:56:52.117   545   548 D dalvikvm: GC_CONCURRENT freed 436K, 11% free 10501K/11719K, paused 2ms+2ms
07-05 13:56:52.371   545   548 D dalvikvm: GC_CONCURRENT freed 404K, 11% free 10488K/11719K, paused 2ms+3ms
07-05 13:56:52.410   545  7034 I DownloadManager: Initiating request for download 4664
07-05 13:56:52.515   545   548 D dalvikvm: GC_CONCURRENT freed 173K, 9% free 10750K/11719K, paused 2ms+2ms
07-05 13:56:52.644   545   548 D dalvikvm: GC_CONCURRENT freed 330K, 7% free 10926K/11719K, paused 2ms+3ms
07-05 13:56:52.957   545   548 D dalvikvm: GC_CONCURRENT freed 921K, 11% free 10518K/11719K, paused 2ms+3ms
07-05 13:56:53.242   545   548 D dalvikvm: GC_CONCURRENT freed 411K, 11% free 10498K/11719K, paused 2ms+2ms
07-05 13:56:53.465   545  7037 I DownloadManager: Initiating request for download 4665
07-05 13:56:53.523   545   548 D dalvikvm: GC_CONCURRENT freed 331K, 10% free 10569K/11719K, paused 2ms+3ms
07-05 13:56:53.648   545   548 D dalvikvm: GC_CONCURRENT freed 204K, 8% free 10805K/11719K, paused 2ms+3ms
07-05 13:56:53.781   545   548 D dalvikvm: GC_CONCURRENT freed 469K, 8% free 10817K/11719K, paused 1ms+2ms
07-05 13:56:53.929  1370  7039 E DictionaryProvider:UpdateHandler: Can't read a file : android.util.MalformedJsonException: Use JsonReader.setLenient(true) to accept malformed JSON at line 1 column 20
07-05 13:56:54.125   545   548 D dalvikvm: GC_CONCURRENT freed 772K, 11% free 10523K/11719K, paused 2ms+3ms
07-05 13:56:54.390   545   548 D dalvikvm: GC_CONCURRENT freed 414K, 11% free 10499K/11719K, paused 1ms+2ms
07-05 13:56:54.547   545  7042 I DownloadManager: Initiating request for download 4665
07-05 13:56:54.629   545   548 D dalvikvm: GC_CONCURRENT freed 276K, 9% free 10679K/11719K, paused 2ms+3ms
07-05 13:56:54.746   545   548 D dalvikvm: GC_CONCURRENT freed 303K, 8% free 10864K/11719K, paused 2ms+2ms
07-05 13:56:54.937   545   548 D dalvikvm: GC_CONCURRENT freed 798K, 10% free 10563K/11719K, paused 2ms+2ms
07-05 13:56:55.222   545   548 D dalvikvm: GC_CONCURRENT freed 439K, 11% free 10516K/11719K, paused 2ms+3ms
07-05 13:56:55.500   545   548 D dalvikvm: GC_CONCURRENT freed 406K, 11% free 10497K/11719K, paused 1ms+2ms
07-05 13:56:55.648   545  7045 I DownloadManager: Initiating request for download 4666
07-05 13:56:55.738   545   548 D dalvikvm: GC_CONCURRENT freed 212K, 9% free 10710K/11719K, paused 3ms+3ms
07-05 13:56:55.871   545   548 D dalvikvm: GC_CONCURRENT freed 317K, 8% free 10889K/11719K, paused 2ms+2ms
07-05 13:56:56.105   545   548 D dalvikvm: GC_CONCURRENT freed 865K, 11% free 10529K/11719K, paused 2ms+3ms
07-05 13:56:56.148  1370  7047 E DictionaryProvider:UpdateHandler: Can't read a file : android.util.MalformedJsonException: Use JsonReader.setLenient(true) to accept malformed JSON at line 1 column 20
07-05 13:56:56.242  1370  1372 D dalvikvm: GC_CONCURRENT freed 388K, 7% free 9127K/9735K, paused 1ms+2ms
07-05 13:56:56.441   545   548 D dalvikvm: GC_CONCURRENT freed 401K, 11% free 10519K/11719K, paused 2ms+3ms
07-05 13:56:56.711   545   548 D dalvikvm: GC_CONCURRENT freed 413K, 11% free 10497K/11719K, paused 2ms+2ms
07-05 13:56:56.781   545  7050 I DownloadManager: Initiating request for download 4666
07-05 13:56:56.886   545   548 D dalvikvm: GC_CONCURRENT freed 190K, 8% free 10795K/11719K, paused 2ms+3ms
07-05 13:56:57.015   545   548 D dalvikvm: GC_CONCURRENT freed 378K, 7% free 10932K/11719K, paused 2ms+3ms
07-05 13:56:57.324   545   548 D dalvikvm: GC_CONCURRENT freed 924K, 11% free 10531K/11719K, paused 1ms+2ms
07-05 13:56:57.590   545   548 D dalvikvm: GC_CONCURRENT freed 416K, 11% free 10503K/11719K, paused 2ms+2ms
07-05 13:56:57.785   545  7053 I DownloadManager: Initiating request for download 4667
07-05 13:56:57.871   545   548 D dalvikvm: GC_CONCURRENT freed 308K, 10% free 10656K/11719K, paused 2ms+4ms
07-05 13:56:57.996   545   548 D dalvikvm: GC_CONCURRENT freed 279K, 8% free 10847K/11719K, paused 2ms+3ms
07-05 13:56:58.172   545   548 D dalvikvm: GC_CONCURRENT freed 766K, 10% free 10572K/11719K, paused 2ms+3ms
07-05 13:56:58.246  1370  7055 E DictionaryProvider:UpdateHandler: Can't read a file : android.util.MalformedJsonException: Use JsonReader.setLenient(true) to accept malformed JSON at line 1 column 20
07-05 13:56:58.484   545   548 D dalvikvm: GC_CONCURRENT freed 435K, 11% free 10532K/11719K, paused 2ms+3ms
07-05 13:56:58.586   465   467 D dalvikvm: GC_CONCURRENT freed 198K, 6% free 10502K/11143K, paused 2ms+3ms
07-05 13:56:58.800   545   548 D dalvikvm: GC_CONCURRENT freed 419K, 11% free 10503K/11719K, paused 2ms+2ms
07-05 13:56:58.933   545  7058 I DownloadManager: Initiating request for download 4667
07-05 13:56:59.019   545   548 D dalvikvm: GC_CONCURRENT freed 257K, 9% free 10694K/11719K, paused 2ms+3ms
07-05 13:56:59.144   545   548 D dalvikvm: GC_CONCURRENT freed 312K, 8% free 10874K/11719K, paused 2ms+3ms
07-05 13:56:59.355   545   548 D dalvikvm: GC_CONCURRENT freed 817K, 10% free 10565K/11719K, paused 2ms+2ms
07-05 13:56:59.640   545   548 D dalvikvm: GC_CONCURRENT freed 437K, 11% free 10521K/11719K, paused 2ms+3ms
07-05 13:56:59.902   545   548 D dalvikvm: GC_CONCURRENT freed 406K, 11% free 10502K/11719K, paused 2ms+3ms
07-05 13:57:00.039   545  7061 I DownloadManager: Initiating request for download 4668
07-05 13:57:00.148   545   548 D dalvikvm: GC_CONCURRENT freed 203K, 9% free 10734K/11719K, paused 1ms+3ms
07-05 13:57:00.265   545   548 D dalvikvm: GC_CONCURRENT freed 328K, 7% free 10910K/11719K, paused 2ms+3ms
07-05 13:57:00.465  1370  7063 E DictionaryProvider:UpdateHandler: Can't read a file : android.util.MalformedJsonException: Use JsonReader.setLenient(true) to accept malformed JSON at line 1 column 20
07-05 13:57:00.558   545   548 D dalvikvm: GC_CONCURRENT freed 874K, 11% free 10541K/11719K, paused 2ms+3ms
07-05 13:57:00.824   545   548 D dalvikvm: GC_CONCURRENT freed 419K, 11% free 10513K/11719K, paused 2ms+2ms
07-05 13:57:01.101   545   548 D dalvikvm: GC_CONCURRENT freed 404K, 11% free 10499K/11719K, paused 2ms+3ms
07-05 13:57:01.144   545  7066 I DownloadManager: Initiating request for download 4668
07-05 13:57:01.258   545   548 D dalvikvm: GC_CONCURRENT freed 170K, 9% free 10767K/11719K, paused 2ms+2ms
07-05 13:57:01.383   545   548 D dalvikvm: GC_CONCURRENT freed 336K, 7% free 10938K/11719K, paused 2ms+3ms
07-05 13:57:01.695   545   548 D dalvikvm: GC_CONCURRENT freed 923K, 11% free 10529K/11719K, paused 2ms+2ms
07-05 13:57:01.972   545   548 D dalvikvm: GC_CONCURRENT freed 411K, 11% free 10509K/11719K, paused 2ms+2ms
07-05 13:57:02.179   545  7069 I DownloadManager: Initiating request for download 4669
07-05 13:57:02.246   545   548 D dalvikvm: GC_CONCURRENT freed 327K, 10% free 10581K/11719K, paused 2ms+3ms
07-05 13:57:02.367   545   548 D dalvikvm: GC_CONCURRENT freed 212K, 8% free 10813K/11719K, paused 2ms+3ms
07-05 13:57:02.504   545   548 D dalvikvm: GC_CONCURRENT freed 475K, 8% free 10831K/11719K, paused 1ms+2ms
07-05 13:57:02.656  1370  7071 E DictionaryProvider:UpdateHandler: Can't read a file : android.util.MalformedJsonException: Use JsonReader.setLenient(true) to accept malformed JSON at line 1 column 20
07-05 13:57:02.847   545   548 D dalvikvm: GC_CONCURRENT freed 775K, 11% free 10535K/11719K, paused 2ms+2ms
07-05 13:57:03.117   545   548 D dalvikvm: GC_CONCURRENT freed 415K, 11% free 10510K/11719K, paused 2ms+3ms
07-05 13:57:03.277   545  7074 I DownloadManager: Initiating request for download 4669
07-05 13:57:03.359   545   548 D dalvikvm: GC_CONCURRENT freed 273K, 9% free 10692K/11719K, paused 2ms+3ms
07-05 13:57:03.488   545   548 D dalvikvm: GC_CONCURRENT freed 311K, 8% free 10871K/11719K, paused 1ms+3ms
07-05 13:57:03.687   545   548 D dalvikvm: GC_CONCURRENT freed 827K, 11% free 10547K/11719K, paused 2ms+3ms
07-05 13:57:03.992   545   548 D dalvikvm: GC_CONCURRENT freed 411K, 11% free 10526K/11719K, paused 1ms+2ms
07-05 13:57:04.254   545   548 D dalvikvm: GC_CONCURRENT freed 410K, 11% free 10507K/11719K, paused 2ms+2ms
07-05 13:57:04.371   545  7077 I DownloadManager: Initiating request for download 4670
07-05 13:57:04.472   545   548 D dalvikvm: GC_CONCURRENT freed 213K, 9% free 10727K/11719K, paused 1ms+3ms
07-05 13:57:04.593   545   548 D dalvikvm: GC_CONCURRENT freed 325K, 7% free 10904K/11719K, paused 2ms+3ms
07-05 13:57:04.828   545   548 D dalvikvm: GC_CONCURRENT freed 841K, 10% free 10570K/11719K, paused 2ms+2ms
07-05 13:57:05.093   545   548 D dalvikvm: GC_CONCURRENT freed 408K, 10% free 10563K/11719K, paused 1ms+2ms
07-05 13:57:05.347   545   548 D dalvikvm: GC_CONCURRENT freed 411K, 11% free 10543K/11719K, paused 2ms+3ms
07-05 13:57:05.804  1370  7080 E DictionaryProvider:UpdateHandler: Can't read a file : android.util.MalformedJsonException: Use JsonReader.setLenient(true) to accept malformed JSON at line 1 column 20
07-05 13:57:05.871  1370  1372 D dalvikvm: GC_CONCURRENT freed 389K, 7% free 9127K/9735K, paused 2ms+2ms
07-05 13:57:06.043   545   548 D dalvikvm: GC_CONCURRENT freed 386K, 10% free 10548K/11719K, paused 2ms+3ms
07-05 13:57:06.304   545   548 D dalvikvm: GC_CONCURRENT freed 421K, 11% free 10517K/11719K, paused 2ms+2ms
07-05 13:57:06.562   545   548 D dalvikvm: GC_CONCURRENT freed 401K, 11% free 10505K/11719K, paused 2ms+2ms
07-05 13:57:06.582   545  7083 I DownloadManager: Initiating request for download 4670
07-05 13:57:06.582   545  7083 W DownloadManager: Aborting request for download 4670: Trying to resume a download that can't be resumed
07-05 13:57:06.640   545  7086 I DownloadManager: in removeSpuriousFiles
07-05 13:57:06.699   545  7086 D dalvikvm: GC_FOR_ALLOC freed 231K, 8% free 10785K/11719K, paused 22ms
07-05 13:57:06.765   545   548 D dalvikvm: GC_CONCURRENT freed 228K, 7% free 10917K/11719K, paused 2ms+3ms
07-05 13:57:06.832   545  7086 I DownloadManager: in removeSpuriousFiles, preserving file /data/data/com.android.providers.downloads/cache/metadata-1936.htm
07-05 13:57:06.832   545  7086 I DownloadManager: in removeSpuriousFiles, preserving file /data/data/com.android.providers.downloads/cache/metadata-564.htm
07-05 13:57:06.836   545  7086 I DownloadManager: in removeSpuriousFiles, preserving file /data/data/com.android.providers.downloads/cache/metadata-549.htm
07-05 13:57:06.836   545  7086 I DownloadManager: in removeSpuriousFiles, preserving file /data/data/com.android.providers.downloads/cache/metadata-945.htm
07-05 13:57:06.836   545  7086 I DownloadManager: in removeSpuriousFiles, preserving file /data/data/com.android.providers.downloads/cache/metadata-932.htm
07-05 13:57:06.836   545  7086 I DownloadManager: in removeSpuriousFiles, preserving file /data/data/com.android.providers.downloads/cache/metadata-931.htm
07-05 13:57:06.836   545  7086 I DownloadManager: in removeSpuriousFiles, preserving file /data/data/com.android.providers.downloads/cache/metadata-820.htm
07-05 13:57:06.836   545  7086 I DownloadManager: in removeSpuriousFiles, preserving file /data/data/com.android.providers.downloads/cache/metadata-2571.htm
07-05 13:57:06.836   545  7086 I DownloadManager: in removeSpuriousFiles, preserving file /data/data/com.android.providers.downloads/cache/metadata-587.htm
07-05 13:57:06.840   545  7086 I DownloadManager: in removeSpuriousFiles, preserving file /data/data/com.android.providers.downloads/cache/metadata-769.htm
07-05 13:57:06.840   545  7086 I DownloadManager: in removeSpuriousFiles, preserving file /data/data/com.android.providers.downloads/cache/metadata-530.htm
07-05 13:57:06.840   545  7086 I DownloadManager: in removeSpuriousFiles, preserving file /data/data/com.android.providers.downloads/cache/metadata-464.htm
07-05 13:57:06.840   545  7086 I DownloadManager: in removeSpuriousFiles, preserving file /data/data/com.android.providers.downloads/cache/metadata-851.htm
07-05 13:57:06.840   545  7086 I DownloadManager: in removeSpuriousFiles, preserving file /data/data/com.android.providers.downloads/cache/metadata-489.htm
07-05 13:57:06.840   545  7086 I DownloadManager: in removeSpuriousFiles, preserving file /data/data/com.android.providers.downloads/cache/metadata-1581.htm
07-05 13:57:06.843   545  7086 I DownloadManager: in removeSpuriousFiles, preserving file /data/data/com.android.providers.downloads/cache/metadata-1387.htm
07-05 13:57:06.843   545  7086 I DownloadManager: in removeSpuriousFiles, preserving file /data/data/com.android.providers.downloads/cache/metadata-496.htm
07-05 13:57:06.843   545  7086 I DownloadManager: in removeSpuriousFiles, preserving file /data/data/com.android.providers.downloads/cache/metadata-1226.htm
07-05 13:57:06.843   545  7086 I DownloadManager: in removeSpuriousFiles, preserving file /data/data/com.android.providers.downloads/cache/metadata-513.htm
07-05 13:57:06.843   545  7086 I DownloadManager: in removeSpuriousFiles, preserving file /data/data/com.android.providers.downloads/cache/metadata-1429.htm
07-05 13:57:06.843   545  7086 I DownloadManager: in removeSpuriousFiles, preserving file /data/data/com.android.providers.downloads/cache/metadata-1260.htm
07-05 13:57:06.847   545  7086 I DownloadManager: in removeSpuriousFiles, preserving file /data/data/com.android.providers.downloads/cache/metadata-871.htm
07-05 13:57:06.847   545  7086 I DownloadManager: in removeSpuriousFiles, preserving file /data/data/com.android.providers.downloads/cache/metadata-875.htm
07-05 13:57:06.847   545  7086 I DownloadManager: in removeSpuriousFiles, preserving file /data/data/com.android.providers.downloads/cache/metadata-1528.htm
07-05 13:57:06.847   545  7086 I DownloadManager: in removeSpuriousFiles, preserving file /data/data/com.android.providers.downloads/cache/metadata-1520.htm
07-05 13:57:06.847   545  7086 I DownloadManager: in removeSpuriousFiles, preserving file /data/data/com.android.providers.downloads/cache/metadata-1383.htm
07-05 13:57:06.847   545  7086 I DownloadManager: in removeSpuriousFiles, preserving file /data/data/com.android.providers.downloads/cache/metadata-443.htm
07-05 13:57:06.851   545  7086 I DownloadManager: in removeSpuriousFiles, preserving file /data/data/com.android.providers.downloads/cache/metadata-610.htm
07-05 13:57:06.851   545  7086 I DownloadManager: in removeSpuriousFiles, preserving file /data/data/com.android.providers.downloads/cache/metadata-687.htm
07-05 13:57:06.851   545  7086 I DownloadManager: in removeSpuriousFiles, preserving file /data/data/com.android.providers.downloads/cache/metadata-434.htm
07-05 13:57:06.851   545  7086 I DownloadManager: in removeSpuriousFiles, preserving file /data/data/com.android.providers.downloads/cache/metadata-2004.htm
07-05 13:57:06.851   545  7086 I DownloadManager: in removeSpuriousFiles, preserving file /data/data/com.android.providers.downloads/cache/metadata-1242.htm
07-05 13:57:06.855   545  7086 I DownloadManager: in removeSpuriousFiles, preserving file /data/data/com.android.providers.downloads/cache/metadata-775.htm
07-05 13:57:06.855   545  7086 I DownloadManager: in removeSpuriousFiles, preserving file /data/data/com.android.providers.downloads/cache/metadata-503.htm
07-05 13:57:06.855   545  7086 I DownloadManager: in removeSpuriousFiles, preserving file /data/data/com.android.providers.downloads/cache/metadata-935.htm
07-05 13:57:06.855   545  7086 I DownloadManager: in removeSpuriousFiles, preserving file /data/data/com.android.providers.downloads/cache/metadata-491.htm
07-05 13:57:06.855   545  7086 I DownloadManager: in removeSpuriousFiles, preserving file /data/data/com.android.providers.downloads/cache/metadata-964.htm
07-05 13:57:06.859   545  7086 I DownloadManager: in removeSpuriousFiles, preserving file /data/data/com.android.providers.downloads/cache/metadata-1222.htm
07-05 13:57:06.859   545  7086 I DownloadManager: in removeSpuriousFiles, preserving file /data/data/com.android.providers.downloads/cache/metadata-688.htm
07-05 13:57:06.859   545  7086 I DownloadManager: in removeSpuriousFiles, preserving file /data/data/com.android.providers.downloads/cache/metadata-1259.htm
07-05 13:57:06.859   545  7086 I DownloadManager: in removeSpuriousFiles, preserving file /data/data/com.android.providers.downloads/cache/metadata-2261.htm
07-05 13:57:06.859   545  7086 I DownloadManager: in removeSpuriousFiles, preserving file /data/data/com.android.providers.downloads/cache/metadata-2258.htm
07-05 13:57:06.863   545  7086 I DownloadManager: in removeSpuriousFiles, preserving file /data/data/com.android.providers.downloads/cache/metadata-2339.htm
07-05 13:57:06.863   545  7086 I DownloadManager: in removeSpuriousFiles, preserving file /data/data/com.android.providers.downloads/cache/metadata-771.htm
07-05 13:57:06.863   545  7086 I DownloadManager: in removeSpuriousFiles, preserving file /data/data/com.android.providers.downloads/cache/metadata-481.htm
07-05 13:57:06.863   545  7086 I DownloadManager: in removeSpuriousFiles, preserving file /data/data/com.android.providers.downloads/cache/metadata-2140.htm
07-05 13:57:06.863   545  7086 I DownloadManager: in removeSpuriousFiles, preserving file /data/data/com.android.providers.downloads/cache/metadata-495.htm
07-05 13:57:06.867   545  7086 I DownloadManager: in removeSpuriousFiles, preserving file /data/data/com.android.providers.downloads/cache/metadata-1112.htm
07-05 13:57:06.867   545  7086 I DownloadManager: in removeSpuriousFiles, preserving file /data/data/com.android.providers.downloads/cache/metadata-1622.htm
07-05 13:57:06.867   545  7086 I DownloadManager: in removeSpuriousFiles, preserving file /data/data/com.android.providers.downloads/cache/metadata-800.htm
07-05 13:57:06.867   545  7086 I DownloadManager: in removeSpuriousFiles, preserving file /data/data/com.android.providers.downloads/cache/metadata-1444.htm
07-05 13:57:06.871   545  7086 I DownloadManager: in removeSpuriousFiles, preserving file /data/data/com.android.providers.downloads/cache/metadata-1101.htm
07-05 13:57:06.871   545  7086 I DownloadManager: in removeSpuriousFiles, preserving file /data/data/com.android.providers.downloads/cache/metadata-802.htm
07-05 13:57:06.871   545  7086 I DownloadManager: in removeSpuriousFiles, preserving file /data/data/com.android.providers.downloads/cache/metadata-970.htm
07-05 13:57:06.871   545  7086 I DownloadManager: in removeSpuriousFiles, preserving file /data/data/com.android.providers.downloads/cache/metadata-776.htm
07-05 13:57:06.871   545  7086 I DownloadManager: in removeSpuriousFiles, preserving file /data/data/com.android.providers.downloads/cache/metadata-1113.htm
07-05 13:57:06.875   545  7086 I DownloadManager: in removeSpuriousFiles, preserving file /data/data/com.android.providers.downloads/cache/metadata-784.htm
07-05 13:57:06.875   545  7086 I DownloadManager: in removeSpuriousFiles, preserving file /data/data/com.android.providers.downloads/cache/metadata-901.htm
07-05 13:57:06.875   545  7086 I DownloadManager: in removeSpuriousFiles, preserving file /data/data/com.android.providers.downloads/cache/metadata-1326.htm
07-05 13:57:06.875   545  7086 I DownloadManager: in removeSpuriousFiles, preserving file /data/data/com.android.providers.downloads/cache/metadata-1690.htm
07-05 13:57:06.879   545  7086 I DownloadManager: in removeSpuriousFiles, preserving file /data/data/com.android.providers.downloads/cache/metadata-668.htm
07-05 13:57:06.879   545  7086 I DownloadManager: in removeSpuriousFiles, preserving file /data/data/com.android.providers.downloads/cache/metadata-1358.htm
07-05 13:57:06.879   545  7086 I DownloadManager: in removeSpuriousFiles, preserving file /data/data/com.android.providers.downloads/cache/metadata-894.htm
07-05 13:57:06.879   545  7086 I DownloadManager: in removeSpuriousFiles, preserving file /data/data/com.android.providers.downloads/cache/metadata-633.htm
07-05 13:57:06.883   545  7086 I DownloadManager: in removeSpuriousFiles, preserving file /data/data/com.android.providers.downloads/cache/metadata-675.htm
07-05 13:57:06.883   545  7086 I DownloadManager: in removeSpuriousFiles, preserving file /data/data/com.android.providers.downloads/cache/metadata-1067.htm
07-05 13:57:06.883   545  7086 I DownloadManager: in removeSpuriousFiles, preserving file /data/data/com.android.providers.downloads/cache/metadata-1949.htm
07-05 13:57:06.883   545  7086 I DownloadManager: in removeSpuriousFiles, preserving file /data/data/com.android.providers.downloads/cache/metadata-1237.htm
07-05 13:57:06.886   545  7086 I DownloadManager: in removeSpuriousFiles, preserving file /data/data/com.android.providers.downloads/cache/metadata-1427.htm
07-05 13:57:06.886   545  7086 I DownloadManager: in removeSpuriousFiles, preserving file /data/data/com.android.providers.downloads/cache/metadata-2115.htm
07-05 13:57:06.886   545  7086 I DownloadManager: in removeSpuriousFiles, preserving file /data/data/com.android.providers.downloads/cache/metadata-1257.htm
07-05 13:57:06.886   545  7086 I DownloadManager: in removeSpuriousFiles, preserving file /data/data/com.android.providers.downloads/cache/metadata-1527.htm
07-05 13:57:06.890   545  7086 I DownloadManager: in removeSpuriousFiles, preserving file /data/data/com.android.providers.downloads/cache/metadata-1430.htm
07-05 13:57:06.890   545  7086 I DownloadManager: in removeSpuriousFiles, preserving file /data/data/com.android.providers.downloads/cache/metadata-1438.htm
07-05 13:57:06.890   545  7086 I DownloadManager: in removeSpuriousFiles, preserving file /data/data/com.android.providers.downloads/cache/metadata-474.htm
07-05 13:57:06.890   545  7086 I DownloadManager: in removeSpuriousFiles, preserving file /data/data/com.android.providers.downloads/cache/metadata-671.htm
07-05 13:57:06.894   545  7086 I DownloadManager: in removeSpuriousFiles, preserving file /data/data/com.android.providers.downloads/cache/metadata-1349.htm
07-05 13:57:06.894   545  7086 I DownloadManager: in removeSpuriousFiles, preserving file /data/data/com.android.providers.downloads/cache/metadata-631.htm
07-05 13:57:06.894   545  7086 I DownloadManager: in removeSpuriousFiles, preserving file /data/data/com.android.providers.downloads/cache/metadata-2168.htm
07-05 13:57:06.894   545  7086 I DownloadManager: in removeSpuriousFiles, preserving file /data/data/com.android.providers.downloads/cache/metadata-1574.htm
07-05 13:57:06.898   545  7086 I DownloadManager: in removeSpuriousFiles, preserving file /data/data/com.android.providers.downloads/cache/metadata-868.htm
07-05 13:57:06.898   545  7086 I DownloadManager: in removeSpuriousFiles, preserving file /data/data/com.android.providers.downloads/cache/metadata-2214.htm
07-05 13:57:06.898   545  7086 I DownloadManager: in removeSpuriousFiles, preserving file /data/data/com.android.providers.downloads/cache/metadata-1859.htm
07-05 13:57:06.898   545  7086 I DownloadManager: in removeSpuriousFiles, preserving file /data/data/com.android.providers.downloads/cache/metadata-866.htm
07-05 13:57:06.902   545  7086 I DownloadManager: in removeSpuriousFiles, preserving file /data/data/com.android.providers.downloads/cache/metadata-634.htm
07-05 13:57:06.902   545  7086 I DownloadManager: in removeSpuriousFiles, preserving file /data/data/com.android.providers.downloads/cache/metadata-1037.htm
07-05 13:57:06.902   545  7086 I DownloadManager: in removeSpuriousFiles, preserving file /data/data/com.android.providers.downloads/cache/metadata-2044.htm
07-05 13:57:06.902   545  7086 I DownloadManager: in removeSpuriousFiles, preserving file /data/data/com.android.providers.downloads/cache/metadata-1599.htm
07-05 13:57:06.906   545  7086 I DownloadManager: in removeSpuriousFiles, preserving file /data/data/com.android.providers.downloads/cache/metadata-2077.htm
07-05 13:57:06.906   545  7086 I DownloadManager: in removeSpuriousFiles, preserving file /data/data/com.android.providers.downloads/cache/metadata-1363.htm
07-05 13:57:06.906   545  7086 I DownloadManager: in removeSpuriousFiles, preserving file /data/data/com.android.providers.downloads/cache/metadata-166.htm
07-05 13:57:06.906   545  7086 I DownloadManager: in removeSpuriousFiles, preserving file /data/data/com.android.providers.downloads/cache/metadata-1132.htm
07-05 13:57:06.914   545  7086 I DownloadManager: in removeSpuriousFiles, preserving file /data/data/com.android.providers.downloads/cache/metadata-1398.htm
07-05 13:57:06.914   545  7086 I DownloadManager: in removeSpuriousFiles, preserving file /data/data/com.android.providers.downloads/cache/metadata-2727.htm
07-05 13:57:06.914   545  7086 I DownloadManager: in removeSpuriousFiles, preserving file /data/data/com.android.providers.downloads/cache/metadata-1030.htm
07-05 13:57:06.914   545  7086 I DownloadManager: in removeSpuriousFiles, preserving file /data/data/com.android.providers.downloads/cache/metadata-1243.htm
07-05 13:57:06.918   545  7086 I DownloadManager: in removeSpuriousFiles, preserving file /data/data/com.android.providers.downloads/cache/metadata-1547.htm
07-05 13:57:06.918   545  7086 I DownloadManager: in removeSpuriousFiles, preserving file /data/data/com.android.providers.downloads/cache/metadata-1827.htm
07-05 13:57:06.918   545  7086 I DownloadManager: in removeSpuriousFiles, preserving file /data/data/com.android.providers.downloads/cache/metadata-1743.htm
07-05 13:57:06.918   545  7086 I DownloadManager: in removeSpuriousFiles, preserving file /data/data/com.android.providers.downloads/cache/metadata-1449.htm
07-05 13:57:06.922   545  7086 I DownloadManager: in removeSpuriousFiles, preserving file /data/data/com.android.providers.downloads/cache/metadata-831.htm
07-05 13:57:06.922   545  7086 I DownloadManager: in removeSpuriousFiles, preserving file /data/data/com.android.providers.downloads/cache/metadata-1068.htm
07-05 13:57:06.922   545  7086 I DownloadManager: in removeSpuriousFiles, preserving file /data/data/com.android.providers.downloads/cache/metadata-1219.htm
07-05 13:57:06.925   545  7086 I DownloadManager: in removeSpuriousFiles, preserving file /data/data/com.android.providers.downloads/cache/metadata-1571.htm
07-05 13:57:06.925   545  7086 I DownloadManager: in removeSpuriousFiles, preserving file /data/data/com.android.providers.downloads/cache/metadata-1911.htm
07-05 13:57:06.925   545  7086 I DownloadManager: in removeSpuriousFiles, preserving file /data/data/com.android.providers.downloads/cache/metadata-1354.htm
07-05 13:57:06.925   545  7086 I DownloadManager: in removeSpuriousFiles, preserving file /data/data/com.android.providers.downloads/cache/metadata-527.htm
07-05 13:57:06.925   545  7086 I DownloadManager: in removeSpuriousFiles, preserving file /data/data/com.android.providers.downloads/cache/metadata-1062.htm
07-05 13:57:06.925   545  7086 I DownloadManager: in removeSpuriousFiles, preserving file /data/data/com.android.providers.downloads/cache/metadata-1191.htm
07-05 13:57:06.925   545  7086 I DownloadManager: in removeSpuriousFiles, preserving file /data/data/com.android.providers.downloads/cache/metadata-8.htm
07-05 13:57:06.925   545  7086 I DownloadManager: in removeSpuriousFiles, preserving file /data/data/com.android.providers.downloads/cache/metadata-15.htm
07-05 13:57:06.925   545  7086 I DownloadManager: in removeSpuriousFiles, preserving file /data/data/com.android.providers.downloads/cache/metadata-24.htm
07-05 13:57:06.925   545  7086 I DownloadManager: in removeSpuriousFiles, preserving file /data/data/com.android.providers.downloads/cache/metadata-62.htm
07-05 13:57:06.925   545  7086 I DownloadManager: in removeSpuriousFiles, preserving file /data/data/com.android.providers.downloads/cache/metadata-36.htm
07-05 13:57:06.925   545  7086 I DownloadManager: in removeSpuriousFiles, preserving file /data/data/com.android.providers.downloads/cache/metadata-54.htm
07-05 13:57:06.933   545  7086 I DownloadManager: in removeSpuriousFiles, preserving file /data/data/com.android.providers.downloads/cache/metadata-1331.htm
07-05 13:57:06.933   545  7086 I DownloadManager: in removeSpuriousFiles, preserving file /data/data/com.android.providers.downloads/cache/metadata-174.htm
07-05 13:57:06.933   545  7086 I DownloadManager: in removeSpuriousFiles, preserving file /data/data/com.android.providers.downloads/cache/metadata-55.htm
07-05 13:57:06.933   545  7086 I DownloadManager: in removeSpuriousFiles, preserving file /data/data/com.android.providers.downloads/cache/metadata-757.htm
07-05 13:57:06.933   545  7086 I DownloadManager: in removeSpuriousFiles, preserving file /data/data/com.android.providers.downloads/cache/metadata-91.htm
07-05 13:57:06.933   545  7086 I DownloadManager: in removeSpuriousFiles, preserving file /data/data/com.android.providers.downloads/cache/metadata-1319.htm
07-05 13:57:06.933   545  7086 I DownloadManager: in removeSpuriousFiles, preserving file /data/data/com.android.providers.downloads/cache/metadata-58.htm
07-05 13:57:06.933   545  7086 I DownloadManager: in removeSpuriousFiles, preserving file /data/data/com.android.providers.downloads/cache/metadata-67.htm
07-05 13:57:06.933   545  7086 I DownloadManager: in removeSpuriousFiles, preserving file /data/data/com.android.providers.downloads/cache/metadata-501.htm
07-05 13:57:06.933   545  7086 I DownloadManager: in removeSpuriousFiles, preserving file /data/data/com.android.providers.downloads/cache/metadata-11.htm
07-05 13:57:06.933   545  7086 I DownloadManager: in removeSpuriousFiles, preserving file /data/data/com.android.providers.downloads/cache/metadata-561.htm
07-05 13:57:06.933   545  7086 I DownloadManager: in removeSpuriousFiles, preserving file /data/data/com.android.providers.downloads/cache/metadata-556.htm
07-05 13:57:06.933   545  7086 I DownloadManager: in removeSpuriousFiles, preserving file /data/data/com.android.providers.downloads/cache/metadata-475.htm
07-05 13:57:06.933   545  7086 I DownloadManager: in removeSpuriousFiles, preserving file /data/data/com.android.providers.downloads/cache/metadata-60.htm
07-05 13:57:06.933   545  7086 I DownloadManager: in removeSpuriousFiles, preserving file /data/data/com.android.providers.downloads/cache/metadata-539.htm
07-05 13:57:06.933   545  7086 I DownloadManager: in removeSpuriousFiles, preserving file /data/data/com.android.providers.downloads/cache/metadata-153.htm
07-05 13:57:06.933   545  7086 I DownloadManager: in removeSpuriousFiles, preserving file /data/data/com.android.providers.downloads/cache/metadata-1471.htm
07-05 13:57:06.933   545  7086 I DownloadManager: in removeSpuriousFiles, preserving file /data/data/com.android.providers.downloads/cache/metadata-526.htm
07-05 13:57:06.933   545  7086 I DownloadManager: in removeSpuriousFiles, preserving file /data/data/com.android.providers.downloads/cache/metadata-845.htm
07-05 13:57:06.933   545  7086 I DownloadManager: in removeSpuriousFiles, preserving file /data/data/com.android.providers.downloads/cache/metadata-1052.htm
07-05 13:57:06.933   545  7086 I DownloadManager: in removeSpuriousFiles, preserving file /data/data/com.android.providers.downloads/cache/metadata-1794.htm
07-05 13:57:06.937   545  7086 I DownloadManager: in removeSpuriousFiles, preserving file /data/data/com.android.providers.downloads/cache/metadata-511.htm
07-05 13:57:06.937   545  7086 I DownloadManager: in removeSpuriousFiles, preserving file /data/data/com.android.providers.downloads/cache/metadata-230.htm
07-05 13:57:06.937   545  7086 I DownloadManager: in removeSpuriousFiles, preserving file /data/data/com.android.providers.downloads/cache/metadata-245.htm
07-05 13:57:06.937   545  7086 I DownloadManager: in removeSpuriousFiles, preserving file /data/data/com.android.providers.downloads/cache/metadata-1093.htm
07-05 13:57:06.937   545  7086 I DownloadManager: in removeSpuriousFiles, preserving file /data/data/com.android.providers.downloads/cache/metadata-1140.htm
07-05 13:57:06.937   545  7086 I DownloadManager: in removeSpuriousFiles, preserving file /data/data/com.android.providers.downloads/cache/metadata-580.htm
07-05 13:57:06.937   545  7086 I DownloadManager: in removeSpuriousFiles, preserving file /data/data/com.android.providers.downloads/cache/metadata-789.htm
07-05 13:57:06.937   545  7086 I DownloadManager: in removeSpuriousFiles, preserving file /data/data/com.android.providers.downloads/cache/metadata-130.htm
07-05 13:57:06.941   545  7086 I DownloadManager: in removeSpuriousFiles, preserving file /data/data/com.android.providers.downloads/cache/metadata-143.htm
07-05 13:57:06.941   545  7086 I DownloadManager: in removeSpuriousFiles, preserving file /data/data/com.android.providers.downloads/cache/metadata-1406.htm
07-05 13:57:06.941   545  7086 I DownloadManager: in removeSpuriousFiles, preserving file /data/data/com.android.providers.downloads/cache/metadata-1950.htm
07-05 13:57:06.941   545  7086 I DownloadManager: in removeSpuriousFiles, preserving file /data/data/com.android.providers.downloads/cache/metadata-199.htm
07-05 13:57:06.941   545  7086 I DownloadManager: in removeSpuriousFiles, preserving file /data/data/com.android.providers.downloads/cache/metadata-395.htm
07-05 13:57:06.941   545  7086 I DownloadManager: in removeSpuriousFiles, preserving file /data/data/com.android.providers.downloads/cache/metadata-1476.htm
07-05 13:57:06.941   545  7086 I DownloadManager: in removeSpuriousFiles, preserving file /data/data/com.android.providers.downloads/cache/metadata-586.htm
07-05 13:57:06.945   545  7086 I DownloadManager: in removeSpuriousFiles, preserving file /data/data/com.android.providers.downloads/cache/metadata-201.htm
07-05 13:57:06.945   545  7086 I DownloadManager: in removeSpuriousFiles, preserving file /data/data/com.android.providers.downloads/cache/metadata-1066.htm
07-05 13:57:06.945   545  7086 I DownloadManager: in removeSpuriousFiles, preserving file /data/data/com.android.providers.downloads/cache/metadata-413.htm
07-05 13:57:06.945   545  7086 I DownloadManager: in removeSpuriousFiles, preserving file /data/data/com.android.providers.downloads/cache/metadata-505.htm
07-05 13:57:06.945   545  7086 I DownloadManager: in removeSpuriousFiles, preserving file /data/data/com.android.providers.downloads/cache/metadata-652.htm
07-05 13:57:06.949   545  7086 I DownloadManager: in removeSpuriousFiles, preserving file /data/data/com.android.providers.downloads/cache/metadata-641.htm
07-05 13:57:06.949   545  7086 I DownloadManager: in removeSpuriousFiles, preserving file /data/data/com.android.providers.downloads/cache/metadata-690.htm
07-05 13:57:06.949   545  7086 I DownloadManager: in removeSpuriousFiles, preserving file /data/data/com.android.providers.downloads/cache/metadata-2028.htm
07-05 13:57:06.949   545  7086 I DownloadManager: in removeSpuriousFiles, preserving file /data/data/com.android.providers.downloads/cache/metadata-1384.htm
07-05 13:57:06.949   545  7086 I DownloadManager: in removeSpuriousFiles, preserving file /data/data/com.android.providers.downloads/cache/metadata-1348.htm
07-05 13:57:06.949   545  7086 I DownloadManager: in removeSpuriousFiles, preserving file /data/data/com.android.providers.downloads/cache/metadata-365.htm
07-05 13:57:06.953   545  7086 I DownloadManager: in removeSpuriousFiles, preserving file /data/data/com.android.providers.downloads/cache/metadata-416.htm
07-05 13:57:06.953   545  7086 I DownloadManager: in removeSpuriousFiles, preserving file /data/data/com.android.providers.downloads/cache/metadata-594.htm
07-05 13:57:06.953   545  7086 I DownloadManager: in removeSpuriousFiles, preserving file /data/data/com.android.providers.downloads/cache/metadata-608.htm
07-05 13:57:06.953   545  7086 I DownloadManager: in removeSpuriousFiles, preserving file /data/data/com.android.providers.downloads/cache/metadata-1223.htm
07-05 13:57:06.953   545  7086 I DownloadManager: in removeSpuriousFiles, preserving file /data/data/com.android.providers.downloads/cache/metadata-583.htm
07-05 13:57:06.957   545  7086 I DownloadManager: in removeSpuriousFiles, preserving file /data/data/com.android.providers.downloads/cache/metadata-324.htm
07-05 13:57:06.957   545  7086 I DownloadManager: in removeSpuriousFiles, preserving file /data/data/com.android.providers.downloads/cache/metadata-1327.htm
07-05 13:57:06.957   545  7086 I DownloadManager: in removeSpuriousFiles, preserving file /data/data/com.android.providers.downloads/cache/metadata-2522.htm
07-05 13:57:06.957   545  7086 I DownloadManager: in removeSpuriousFiles, preserving file /data/data/com.android.providers.downloads/cache/metadata-918.htm
07-05 13:57:06.957   545  7086 I DownloadManager: in removeSpuriousFiles, preserving file /data/data/com.android.providers.downloads/cache/metadata-797.htm
07-05 13:57:06.961   545  7086 I DownloadManager: in removeSpuriousFiles, preserving file /data/data/com.android.providers.downloads/cache/metadata-2300.htm
07-05 13:57:06.961   545  7086 I DownloadManager: in removeSpuriousFiles, preserving file /data/data/com.android.providers.downloads/cache/metadata-1117.htm
07-05 13:57:06.961   545  7086 I DownloadManager: in removeSpuriousFiles, preserving file /data/data/com.android.providers.downloads/cache/metadata-2798.htm
07-05 13:57:06.961   545  7086 I DownloadManager: in removeSpuriousFiles, preserving file /data/data/com.android.providers.downloads/cache/metadata-1013.htm
07-05 13:57:06.961   545  7086 I DownloadManager: in removeSpuriousFiles, preserving file /data/data/com.android.providers.downloads/cache/metadata-615.htm
07-05 13:57:06.961   545  7086 I DownloadManager: in removeSpuriousFiles, preserving file /data/data/com.android.providers.downloads/cache/metadata-1119.htm
07-05 13:57:06.961   545  7086 I DownloadManager: in removeSpuriousFiles, preserving file /data/data/com.android.providers.downloads/cache/metadata-315.htm
07-05 13:57:06.961   545  7086 I DownloadManager: in removeSpuriousFiles, preserving file /data/data/com.android.providers.downloads/cache/metadata-1443.htm
07-05 13:57:06.961   545  7086 I DownloadManager: in removeSpuriousFiles, preserving file /data/data/com.android.providers.downloads/cache/metadata-89.htm
07-05 13:57:06.965   545  7086 I DownloadManager: in removeSpuriousFiles, preserving file /data/data/com.android.providers.downloads/cache/metadata-196.htm
07-05 13:57:06.965   545  7086 I DownloadManager: in removeSpuriousFiles, preserving file /data/data/com.android.providers.downloads/cache/metadata-522.htm
07-05 13:57:06.965   545  7086 I DownloadManager: in removeSpuriousFiles, preserving file /data/data/com.android.providers.downloads/cache/metadata-540.htm
07-05 13:57:06.965   545  7086 I DownloadManager: in removeSpuriousFiles, preserving file /data/data/com.android.providers.downloads/cache/metadata-947.htm
07-05 13:57:06.965   545  7086 I DownloadManager: in removeSpuriousFiles, preserving file /data/data/com.android.providers.downloads/cache/metadata-299.htm
07-05 13:57:06.968   545  7086 I DownloadManager: in removeSpuriousFiles, preserving file /data/data/com.android.providers.downloads/cache/metadata-986.htm
07-05 13:57:06.968   545  7086 I DownloadManager: in removeSpuriousFiles, preserving file /data/data/com.android.providers.downloads/cache/metadata-525.htm
07-05 13:57:06.968   545  7086 I DownloadManager: in removeSpuriousFiles, preserving file /data/data/com.android.providers.downloads/cache/metadata-1862.htm
07-05 13:57:06.968   545  7086 I DownloadManager: in removeSpuriousFiles, preserving file /data/data/com.android.providers.downloads/cache/metadata-1588.htm
07-05 13:57:06.972   545  7086 I DownloadManager: in removeSpuriousFiles, preserving file /data/data/com.android.providers.downloads/cache/metadata-1607.htm
07-05 13:57:06.972   545  7086 I DownloadManager: in removeSpuriousFiles, preserving file /data/data/com.android.providers.downloads/cache/metadata-959.htm
07-05 13:57:06.972   545  7086 I DownloadManager: in removeSpuriousFiles, preserving file /data/data/com.android.providers.downloads/cache/metadata-1587.htm
07-05 13:57:06.972   545  7086 I DownloadManager: in removeSpuriousFiles, preserving file /data/data/com.android.providers.downloads/cache/metadata-1411.htm
07-05 13:57:06.972   545  7086 I DownloadManager: in removeSpuriousFiles, preserving file /data/data/com.android.providers.downloads/cache/metadata-1456.htm
07-05 13:57:06.976   545  7086 I DownloadManager: in removeSpuriousFiles, preserving file /data/data/com.android.providers.downloads/cache/metadata-1214.htm
07-05 13:57:06.976   545  7086 I DownloadManager: in removeSpuriousFiles, preserving file /data/data/com.android.providers.downloads/cache/metadata-1234.htm
07-05 13:57:06.976   545  7086 I DownloadManager: in removeSpuriousFiles, preserving file /data/data/com.android.providers.downloads/cache/metadata-560.htm
07-05 13:57:06.976   545  7086 I DownloadManager: in removeSpuriousFiles, preserving file /data/data/com.android.providers.downloads/cache/metadata-1894.htm
07-05 13:57:06.980   545  7086 I DownloadManager: in removeSpuriousFiles, preserving file /data/data/com.android.providers.downloads/cache/metadata-2172.htm
07-05 13:57:06.980   545  7086 I DownloadManager: in removeSpuriousFiles, preserving file /data/data/com.android.providers.downloads/cache/metadata-884.htm
07-05 13:57:06.980   545  7086 I DownloadManager: in removeSpuriousFiles, preserving file /data/data/com.android.providers.downloads/cache/metadata-911.htm
07-05 13:57:06.980   545  7086 I DownloadManager: in removeSpuriousFiles, preserving file /data/data/com.android.providers.downloads/cache/metadata-1811.htm
07-05 13:57:06.980   545  7086 I DownloadManager: in removeSpuriousFiles, preserving file /data/data/com.android.providers.downloads/cache/metadata-601.htm
07-05 13:57:06.984   545  7086 I DownloadManager: in removeSpuriousFiles, preserving file /data/data/com.android.providers.downloads/cache/metadata-658.htm
07-05 13:57:06.984   545  7086 I DownloadManager: in removeSpuriousFiles, preserving file /data/data/com.android.providers.downloads/cache/metadata-1034.htm
07-05 13:57:06.984   545  7086 I DownloadManager: in removeSpuriousFiles, preserving file /data/data/com.android.providers.downloads/cache/metadata-828.htm
07-05 13:57:06.988   545  7086 I DownloadManager: in removeSpuriousFiles, preserving file /data/data/com.android.providers.downloads/cache/metadata-569.htm
07-05 13:57:06.988   545  7086 I DownloadManager: in removeSpuriousFiles, preserving file /data/data/com.android.providers.downloads/cache/metadata-2085.htm
07-05 13:57:06.988   545  7086 I DownloadManager: in removeSpuriousFiles, preserving file /data/data/com.android.providers.downloads/cache/metadata-2003.htm
07-05 13:57:06.988   545  7086 I DownloadManager: in removeSpuriousFiles, preserving file /data/data/com.android.providers.downloads/cache/metadata-2442.htm
07-05 13:57:06.988   545  7086 I DownloadManager: in removeSpuriousFiles, preserving file /data/data/com.android.providers.downloads/cache/metadata-1235.htm
07-05 13:57:06.996   545  7086 I DownloadManager: in removeSpuriousFiles, preserving file /data/data/com.android.providers.downloads/cache/metadata-815.htm
07-05 13:57:06.996   545  7086 I DownloadManager: in removeSpuriousFiles, preserving file /data/data/com.android.providers.downloads/cache/metadata-1470.htm
07-05 13:57:06.996   545  7086 I DownloadManager: in removeSpuriousFiles, preserving file /data/data/com.android.providers.downloads/cache/metadata-751.htm
07-05 13:57:06.996   545  7086 I DownloadManager: in removeSpuriousFiles, preserving file /data/data/com.android.providers.downloads/cache/metadata-599.htm
07-05 13:57:07.000   545  7086 I DownloadManager: in removeSpuriousFiles, preserving file /data/data/com.android.providers.downloads/cache/metadata-1538.htm
07-05 13:57:07.000   545  7086 I DownloadManager: in removeSpuriousFiles, preserving file /data/data/com.android.providers.downloads/cache/metadata-1534.htm
07-05 13:57:07.000   545  7086 I DownloadManager: in removeSpuriousFiles, preserving file /data/data/com.android.providers.downloads/cache/metadata-774.htm
07-05 13:57:07.000   545  7086 I DownloadManager: in removeSpuriousFiles, preserving file /data/data/com.android.providers.downloads/cache/metadata-1861.htm
07-05 13:57:07.004   545  7086 I DownloadManager: in removeSpuriousFiles, preserving file /data/data/com.android.providers.downloads/cache/metadata-1592.htm
07-05 13:57:07.004   545  7086 I DownloadManager: in removeSpuriousFiles, preserving file /data/data/com.android.providers.downloads/cache/metadata-1781.htm
07-05 13:57:07.004   545  7086 I DownloadManager: in removeSpuriousFiles, preserving file /data/data/com.android.providers.downloads/cache/metadata-1197.htm
07-05 13:57:07.004   545  7086 I DownloadManager: in removeSpuriousFiles, preserving file /data/data/com.android.providers.downloads/cache/metadata-645.htm
07-05 13:57:07.008   545  7086 I DownloadManager: in removeSpuriousFiles, preserving file /data/data/com.android.providers.downloads/cache/metadata-1215.htm
07-05 13:57:07.008   545  7086 I DownloadManager: in removeSpuriousFiles, preserving file /data/data/com.android.providers.downloads/cache/metadata-735.htm
07-05 13:57:07.008   545  7086 I DownloadManager: in removeSpuriousFiles, preserving file /data/data/com.android.providers.downloads/cache/metadata-1313.htm
07-05 13:57:07.008   545  7086 I DownloadManager: in removeSpuriousFiles, preserving file /data/data/com.android.providers.downloads/cache/metadata-10.htm
07-05 13:57:07.008   545  7086 I DownloadManager: in removeSpuriousFiles, preserving file /data/data/com.android.providers.downloads/cache/metadata-5.htm
07-05 13:57:07.008   545  7086 I DownloadManager: in removeSpuriousFiles, preserving file /data/data/com.android.providers.downloads/cache/metadata-17.htm
07-05 13:57:07.008   545  7086 I DownloadManager: in removeSpuriousFiles, preserving file /data/data/com.android.providers.downloads/cache/metadata-16.htm
07-05 13:57:07.011   545  7086 I DownloadManager: in removeSpuriousFiles, preserving file /data/data/com.android.providers.downloads/cache/metadata-32.htm
07-05 13:57:07.011   545  7086 I DownloadManager: in removeSpuriousFiles, preserving file /data/data/com.android.providers.downloads/cache/metadata-259.htm
07-05 13:57:07.011   545  7086 I DownloadManager: in removeSpuriousFiles, preserving file /data/data/com.android.providers.downloads/cache/metadata-21.htm
07-05 13:57:07.011   545  7086 I DownloadManager: in removeSpuriousFiles, preserving file /data/data/com.android.providers.downloads/cache/metadata-555.htm
07-05 13:57:07.011   545  7086 I DownloadManager: in removeSpuriousFiles, preserving file /data/data/com.android.providers.downloads/cache/metadata-59.htm
07-05 13:57:07.011   545  7086 I DownloadManager: in removeSpuriousFiles, preserving file /data/data/com.android.providers.downloads/cache/metadata-40.htm
07-05 13:57:07.011   545  7086 I DownloadManager: in removeSpuriousFiles, preserving file /data/data/com.android.providers.downloads/cache/metadata-37.htm
07-05 13:57:07.011   545  7086 I DownloadManager: in removeSpuriousFiles, preserving file /data/data/com.android.providers.downloads/cache/metadata-114.htm
07-05 13:57:07.011   545  7086 I DownloadManager: in removeSpuriousFiles, preserving file /data/data/com.android.providers.downloads/cache/metadata-42.htm
07-05 13:57:07.011   545  7086 I DownloadManager: in removeSpuriousFiles, preserving file /data/data/com.android.providers.downloads/cache/metadata-64.htm
07-05 13:57:07.011   545  7086 I DownloadManager: in removeSpuriousFiles, preserving file /data/data/com.android.providers.downloads/cache/metadata-44.htm
07-05 13:57:07.011   545  7086 I DownloadManager: in removeSpuriousFiles, preserving file /data/data/com.android.providers.downloads/cache/metadata-145.htm
07-05 13:57:07.011   545  7086 I DownloadManager: in removeSpuriousFiles, preserving file /data/data/com.android.providers.downloads/cache/metadata-79.htm
07-05 13:57:07.011   545  7086 I DownloadManager: in removeSpuriousFiles, preserving file /data/data/com.android.providers.downloads/cache/metadata-72.htm
07-05 13:57:07.011   545  7086 I DownloadManager: in removeSpuriousFiles, preserving file /data/data/com.android.providers.downloads/cache/metadata-124.htm
07-05 13:57:07.011   545  7086 I DownloadManager: in removeSpuriousFiles, preserving file /data/data/com.android.providers.downloads/cache/metadata-104.htm
07-05 13:57:07.011   545  7086 I DownloadManager: in removeSpuriousFiles, preserving file /data/data/com.android.providers.downloads/cache/metadata-965.htm
07-05 13:57:07.011   545  7086 I DownloadManager: in removeSpuriousFiles, preserving file /data/data/com.android.providers.downloads/cache/metadata-68.htm
07-05 13:57:07.011   545  7086 I DownloadManager: in removeSpuriousFiles, preserving file /data/data/com.android.providers.downloads/cache/metadata-233.htm
07-05 13:57:07.011   545  7086 I DownloadManager: in removeSpuriousFiles, preserving file /data/data/com.android.providers.downloads/cache/metadata-181.htm
07-05 13:57:07.011   545  7086 I DownloadManager: in removeSpuriousFiles, preserving file /data/data/com.android.providers.downloads/cache/metadata-135.htm
07-05 13:57:07.011   545  7086 I DownloadManager: in removeSpuriousFiles, preserving file /data/data/com.android.providers.downloads/cache/metadata-148.htm
07-05 13:57:07.011   545  7086 I DownloadManager: in removeSpuriousFiles, preserving file /data/data/com.android.providers.downloads/cache/metadata-102.htm
07-05 13:57:07.011   545  7086 I DownloadManager: in removeSpuriousFiles, preserving file /data/data/com.android.providers.downloads/cache/metadata-1487.htm
07-05 13:57:07.011   545  7086 I DownloadManager: in removeSpuriousFiles, preserving file /data/data/com.android.providers.downloads/cache/metadata-70.htm
07-05 13:57:07.011   545  7086 I DownloadManager: in removeSpuriousFiles, preserving file /data/data/com.android.providers.downloads/cache/metadata-585.htm
07-05 13:57:07.011   545  7086 I DownloadManager: in removeSpuriousFiles, preserving file /data/data/com.android.providers.downloads/cache/metadata-120.htm
07-05 13:57:07.015   545  7086 I DownloadManager: in removeSpuriousFiles, preserving file /data/data/com.android.providers.downloads/cache/metadata-787.htm
07-05 13:57:07.015   545  7086 I DownloadManager: in removeSpuriousFiles, preserving file /data/data/com.android.providers.downloads/cache/metadata-703.htm
07-05 13:57:07.015   545  7086 I DownloadManager: in removeSpuriousFiles, preserving file /data/data/com.android.providers.downloads/cache/metadata-292.htm
07-05 13:57:07.015   545  7086 I DownloadManager: in removeSpuriousFiles, preserving file /data/data/com.android.providers.downloads/cache/metadata-312.htm
07-05 13:57:07.015   545  7086 I DownloadManager: in removeSpuriousFiles, preserving file /data/data/com.android.providers.downloads/cache/metadata-1539.htm
07-05 13:57:07.015   545  7086 I DownloadManager: in removeSpuriousFiles, preserving file /data/data/com.android.providers.downloads/cache/metadata-151.htm
07-05 13:57:07.015   545  7086 I DownloadManager: in removeSpuriousFiles, preserving file /data/data/com.android.providers.downloads/cache/metadata-1149.htm
07-05 13:57:07.015   545  7086 I DownloadManager: in removeSpuriousFiles, preserving file /data/data/com.android.providers.downloads/cache/metadata-301.htm
07-05 13:57:07.015   545  7086 I DownloadManager: in removeSpuriousFiles, preserving file /data/data/com.android.providers.downloads/cache/metadata-691.htm
07-05 13:57:07.015   545  7086 I DownloadManager: in removeSpuriousFiles, preserving file /data/data/com.android.providers.downloads/cache/metadata-161.htm
07-05 13:57:07.015   545  7086 I DownloadManager: in removeSpuriousFiles, preserving file /data/data/com.android.providers.downloads/cache/metadata-1630.htm
07-05 13:57:07.015   545  7086 I DownloadManager: in removeSpuriousFiles, preserving file /data/data/com.android.providers.downloads/cache/metadata-158.htm
07-05 13:57:07.015   545  7086 I DownloadManager: in removeSpuriousFiles, preserving file /data/data/com.android.providers.downloads/cache/metadata-109.htm
07-05 13:57:07.015   545  7086 I DownloadManager: in removeSpuriousFiles, preserving file /data/data/com.android.providers.downloads/cache/metadata-958.htm
07-05 13:57:07.019   545  7086 I DownloadManager: in removeSpuriousFiles, preserving file /data/data/com.android.providers.downloads/cache/metadata-219.htm
07-05 13:57:07.019   545  7086 I DownloadManager: in removeSpuriousFiles, preserving file /data/data/com.android.providers.downloads/cache/metadata-319.htm
07-05 13:57:07.019   545  7086 I DownloadManager: in removeSpuriousFiles, preserving file /data/data/com.android.providers.downloads/cache/metadata-252.htm
07-05 13:57:07.019   545  7086 I DownloadManager: in removeSpuriousFiles, preserving file /data/data/com.android.providers.downloads/cache/metadata-123.htm
07-05 13:57:07.019   545  7086 I DownloadManager: in removeSpuriousFiles, preserving file /data/data/com.android.providers.downloads/cache/metadata-1320.htm
07-05 13:57:07.019   545  7086 I DownloadManager: in removeSpuriousFiles, preserving file /data/data/com.android.providers.downloads/cache/metadata-657.htm
07-05 13:57:07.019   545  7086 I DownloadManager: in removeSpuriousFiles, preserving file /data/data/com.android.providers.downloads/cache/metadata-1033.htm
07-05 13:57:07.019   545  7086 I DownloadManager: in removeSpuriousFiles, preserving file /data/data/com.android.providers.downloads/cache/metadata-90.htm
07-05 13:57:07.019   545  7086 I DownloadManager: in removeSpuriousFiles, preserving file /data/data/com.android.providers.downloads/cache/metadata-192.htm
07-05 13:57:07.023   545  7086 I DownloadManager: in removeSpuriousFiles, preserving file /data/data/com.android.providers.downloads/cache/metadata-1307.htm
07-05 13:57:07.023   545  7086 I DownloadManager: in removeSpuriousFiles, preserving file /data/data/com.android.providers.downloads/cache/metadata-398.htm
07-05 13:57:07.023   545  7086 I DownloadManager: in removeSpuriousFiles, preserving file /data/data/com.android.providers.downloads/cache/metadata-206.htm
07-05 13:57:07.023   545  7086 I DownloadManager: in removeSpuriousFiles, preserving file /data/data/com.android.providers.downloads/cache/metadata-116.htm
07-05 13:57:07.023   545  7086 I DownloadManager: in removeSpuriousFiles, preserving file /data/data/com.android.providers.downloads/cache/metadata-886.htm
07-05 13:57:07.023   545  7086 I DownloadManager: in removeSpuriousFiles, preserving file /data/data/com.android.providers.downloads/cache/metadata-1252.htm
07-05 13:57:07.027   545  7086 I DownloadManager: in removeSpuriousFiles, preserving file /data/data/com.android.providers.downloads/cache/metadata-739.htm
07-05 13:57:07.027   545  7086 I DownloadManager: in removeSpuriousFiles, preserving file /data/data/com.android.providers.downloads/cache/metadata-1125.htm
07-05 13:57:07.027   545  7086 I DownloadManager: in removeSpuriousFiles, preserving file /data/data/com.android.providers.downloads/cache/metadata-846.htm
07-05 13:57:07.027   545  7086 I DownloadManager: in removeSpuriousFiles, preserving file /data/data/com.android.providers.downloads/cache/metadata-862.htm
07-05 13:57:07.027   545  7086 I DownloadManager: in removeSpuriousFiles, preserving file /data/data/com.android.providers.downloads/cache/metadata-224.htm
07-05 13:57:07.027   545  7086 I DownloadManager: in removeSpuriousFiles, preserving file /data/data/com.android.providers.downloads/cache/metadata-1272.htm
07-05 13:57:07.031   545  7086 I DownloadManager: in removeSpuriousFiles, preserving file /data/data/com.android.providers.downloads/cache/metadata-939.htm
07-05 13:57:07.031   545  7086 I DownloadManager: in removeSpuriousFiles, preserving file /data/data/com.android.providers.downloads/cache/metadata-1376.htm
07-05 13:57:07.031   545  7086 I DownloadManager: in removeSpuriousFiles, preserving file /data/data/com.android.providers.downloads/cache/metadata-598.htm
07-05 13:57:07.031   545  7086 I DownloadManager: in removeSpuriousFiles, preserving file /data/data/com.android.providers.downloads/cache/metadata-1489.htm
07-05 13:57:07.031   545  7086 I DownloadManager: in removeSpuriousFiles, preserving file /data/data/com.android.providers.downloads/cache/metadata-606.htm
07-05 13:57:07.031   545  7086 I DownloadManager: in removeSpuriousFiles, preserving file /data/data/com.android.providers.downloads/cache/metadata-562.htm
07-05 13:57:07.035   545  7086 I DownloadManager: in removeSpuriousFiles, preserving file /data/data/com.android.providers.downloads/cache/metadata-1609.htm
07-05 13:57:07.035   545  7086 I DownloadManager: in removeSpuriousFiles, preserving file /data/data/com.android.providers.downloads/cache/metadata-1504.htm
07-05 13:57:07.035   545  7086 I DownloadManager: in removeSpuriousFiles, preserving file /data/data/com.android.providers.downloads/cache/metadata-1137.htm
07-05 13:57:07.035   545  7086 I DownloadManager: in removeSpuriousFiles, preserving file /data/data/com.android.providers.downloads/cache/metadata-1769.htm
07-05 13:57:07.035   545  7086 I DownloadManager: in removeSpuriousFiles, preserving file /data/data/com.android.providers.downloads/cache/metadata-565.htm
07-05 13:57:07.039   545  7086 I DownloadManager: in removeSpuriousFiles, preserving file /data/data/com.android.providers.downloads/cache/metadata-1178.htm
07-05 13:57:07.039   545  7086 I DownloadManager: in removeSpuriousFiles, preserving file /data/data/com.android.providers.downloads/cache/metadata-1415.htm
07-05 13:57:07.039   545  7086 I DownloadManager: in removeSpuriousFiles, preserving file /data/data/com.android.providers.downloads/cache/metadata-182.htm
07-05 13:57:07.039   545  7086 I DownloadManager: in removeSpuriousFiles, preserving file /data/data/com.android.providers.downloads/cache/metadata-345.htm
07-05 13:57:07.039   545  7086 I DownloadManager: in removeSpuriousFiles, preserving file /data/data/com.android.providers.downloads/cache/metadata-2091.htm
07-05 13:57:07.043   545  7086 I DownloadManager: in removeSpuriousFiles, preserving file /data/data/com.android.providers.downloads/cache/metadata-1815.htm
07-05 13:57:07.043   545  7086 I DownloadManager: in removeSpuriousFiles, preserving file /data/data/com.android.providers.downloads/cache/metadata-940.htm
07-05 13:57:07.043   545  7086 I DownloadManager: in removeSpuriousFiles, preserving file /data/data/com.android.providers.downloads/cache/metadata-609.htm
07-05 13:57:07.043   545  7086 I DownloadManager: in removeSpuriousFiles, preserving file /data/data/com.android.providers.downloads/cache/metadata-1139.htm
07-05 13:57:07.043   545  7086 I DownloadManager: in removeSpuriousFiles, preserving file /data/data/com.android.providers.downloads/cache/metadata-1212.htm
07-05 13:57:07.047   545  7086 I DownloadManager: in removeSpuriousFiles, preserving file /data/data/com.android.providers.downloads/cache/metadata-1458.htm
07-05 13:57:07.047   545  7086 I DownloadManager: in removeSpuriousFiles, preserving file /data/data/com.android.providers.downloads/cache/metadata-77.htm
07-05 13:57:07.047   545  7086 I DownloadManager: in removeSpuriousFiles, preserving file /data/data/com.android.providers.downloads/cache/metadata-1280.htm
07-05 13:57:07.047   545  7086 I DownloadManager: in removeSpuriousFiles, preserving file /data/data/com.android.providers.downloads/cache/metadata-1218.htm
07-05 13:57:07.047   545  7086 I DownloadManager: in removeSpuriousFiles, preserving file /data/data/com.android.providers.downloads/cache/metadata-661.htm
07-05 13:57:07.050   545  7086 I DownloadManager: in removeSpuriousFiles, preserving file /data/data/com.android.providers.downloads/cache/metadata-317.htm
07-05 13:57:07.050   545  7086 I DownloadManager: in removeSpuriousFiles, preserving file /data/data/com.android.providers.downloads/cache/metadata-1039.htm
07-05 13:57:07.050   545  7086 I DownloadManager: in removeSpuriousFiles, preserving file /data/data/com.android.providers.downloads/cache/metadata-1393.htm
07-05 13:57:07.050   545  7086 I DownloadManager: in removeSpuriousFiles, preserving file /data/data/com.android.providers.downloads/cache/metadata-926.htm
07-05 13:57:07.050   545  7086 I DownloadManager: in removeSpuriousFiles, preserving file /data/data/com.android.providers.downloads/cache/metadata-696.htm
07-05 13:57:07.054   545  7086 I DownloadManager: in removeSpuriousFiles, preserving file /data/data/com.android.providers.downloads/cache/metadata-763.htm
07-05 13:57:07.054   545  7086 I DownloadManager: in removeSpuriousFiles, preserving file /data/data/com.android.providers.downloads/cache/metadata-1521.htm
07-05 13:57:07.054   545  7086 I DownloadManager: in removeSpuriousFiles, preserving file /data/data/com.android.providers.downloads/cache/metadata-663.htm
07-05 13:57:07.054   545  7086 I DownloadManager: in removeSpuriousFiles, preserving file /data/data/com.android.providers.downloads/cache/metadata-1126.htm
07-05 13:57:07.054   545  7086 I DownloadManager: in removeSpuriousFiles, preserving file /data/data/com.android.providers.downloads/cache/metadata-567.htm
07-05 13:57:07.058   545  7086 I DownloadManager: in removeSpuriousFiles, preserving file /data/data/com.android.providers.downloads/cache/metadata-1401.htm
07-05 13:57:07.058   545  7086 I DownloadManager: in removeSpuriousFiles, preserving file /data/data/com.android.providers.downloads/cache/metadata-209.htm
07-05 13:57:07.058   545  7086 I DownloadManager: in removeSpuriousFiles, preserving file /data/data/com.android.providers.downloads/cache/metadata-1091.htm
07-05 13:57:07.058   545  7086 I DownloadManager: in removeSpuriousFiles, preserving file /data/data/com.android.providers.downloads/cache/metadata-1890.htm
07-05 13:57:07.062   545  7086 I DownloadManager: in removeSpuriousFiles, preserving file /data/data/com.android.providers.downloads/cache/metadata-1110.htm
07-05 13:57:07.062   545  7086 I DownloadManager: in removeSpuriousFiles, preserving file /data/data/com.android.providers.downloads/cache/metadata-2224.htm
07-05 13:57:07.062   545  7086 I DownloadManager: in removeSpuriousFiles, preserving file /data/data/com.android.providers.downloads/cache/metadata-207.htm
07-05 13:57:07.062   545  7086 I DownloadManager: in removeSpuriousFiles, preserving file /data/data/com.android.providers.downloads/cache/metadata-430.htm
07-05 13:57:07.062   545  7086 I DownloadManager: in removeSpuriousFiles, preserving file /data/data/com.android.providers.downloads/cache/metadata-2026.htm
07-05 13:57:07.066   545  7086 I DownloadManager: in removeSpuriousFiles, preserving file /data/data/com.android.providers.downloads/cache/metadata-1663.htm
07-05 13:57:07.066   545  7086 I DownloadManager: in removeSpuriousFiles, preserving file /data/data/com.android.providers.downloads/cache/metadata-1082.htm
07-05 13:57:07.066   545  7086 I DownloadManager: in removeSpuriousFiles, preserving file /data/data/com.android.providers.downloads/cache/metadata-1692.htm
07-05 13:57:07.066   545  7086 I DownloadManager: in removeSpuriousFiles, preserving file /data/data/com.android.providers.downloads/cache/metadata-1372.htm
07-05 13:57:07.066   545  7086 I DownloadManager: in removeSpuriousFiles, preserving file /data/data/com.android.providers.downloads/cache/metadata-843.htm
07-05 13:57:07.070   545  7086 I DownloadManager: in removeSpuriousFiles, preserving file /data/data/com.android.providers.downloads/cache/metadata-1369.htm
07-05 13:57:07.070   545  7086 I DownloadManager: in removeSpuriousFiles, preserving file /data/data/com.android.providers.downloads/cache/metadata-699.htm
07-05 13:57:07.070   545  7086 I DownloadManager: in removeSpuriousFiles, preserving file /data/data/com.android.providers.downloads/cache/metadata-1096.htm
07-05 13:57:07.070   545  7086 I DownloadManager: in removeSpuriousFiles, preserving file /data/data/com.android.providers.downloads/cache/metadata-1204.htm
07-05 13:57:07.078   545  7086 I DownloadManager: in removeSpuriousFiles, preserving file /data/data/com.android.providers.downloads/cache/metadata-25.htm
07-05 13:57:07.078   545  7086 I DownloadManager: in removeSpuriousFiles, preserving file /data/data/com.android.providers.downloads/cache/metadata-48.htm
07-05 13:57:07.078   545  7086 I DownloadManager: in removeSpuriousFiles, preserving file /data/data/com.android.providers.downloads/cache/metadata-26.htm
07-05 13:57:07.078   545  7086 I DownloadManager: in removeSpuriousFiles, preserving file /data/data/com.android.providers.downloads/cache/metadata-39.htm
07-05 13:57:07.078   545  7086 I DownloadManager: in removeSpuriousFiles, preserving file /data/data/com.android.providers.downloads/cache/metadata-139.htm
07-05 13:57:07.078   545  7086 I DownloadManager: in removeSpuriousFiles, preserving file /data/data/com.android.providers.downloads/cache/metadata-125.htm
07-05 13:57:07.078   545  7086 I DownloadManager: in removeSpuriousFiles, preserving file /data/data/com.android.providers.downloads/cache/metadata-205.htm
07-05 13:57:07.078   545  7086 I DownloadManager: in removeSpuriousFiles, preserving file /data/data/com.android.providers.downloads/cache/metadata-57.htm
07-05 13:57:07.078   545  7086 I DownloadManager: in removeSpuriousFiles, preserving file /data/data/com.android.providers.downloads/cache/metadata-185.htm
07-05 13:57:07.078   545  7086 I DownloadManager: in removeSpuriousFiles, preserving file /data/data/com.android.providers.downloads/cache/metadata-71.htm
07-05 13:57:07.078   545  7086 I DownloadManager: in removeSpuriousFiles, preserving file /data/data/com.android.providers.downloads/cache/metadata-248.htm
07-05 13:57:07.078   545  7086 I DownloadManager: in removeSpuriousFiles, preserving file /data/data/com.android.providers.downloads/cache/metadata-215.htm
07-05 13:57:07.078   545  7086 I DownloadManager: in removeSpuriousFiles, preserving file /data/data/com.android.providers.downloads/cache/metadata-149.htm
07-05 13:57:07.078   545  7086 I DownloadManager: in removeSpuriousFiles, preserving file /data/data/com.android.providers.downloads/cache/metadata-327.htm
07-05 13:57:07.078   545  7086 I DownloadManager: in removeSpuriousFiles, preserving file /data/data/com.android.providers.downloads/cache/metadata-76.htm
07-05 13:57:07.078   545  7086 I DownloadManager: in removeSpuriousFiles, preserving file /data/data/com.android.providers.downloads/cache/metadata-183.htm
07-05 13:57:07.078   545  7086 I DownloadManager: in removeSpuriousFiles, preserving file /data/data/com.android.providers.downloads/cache/metadata-649.htm
07-05 13:57:07.078   545  7086 I DownloadManager: in removeSpuriousFiles, preserving file /data/data/com.android.providers.downloads/cache/metadata-295.htm
07-05 13:57:07.078   545  7086 I DownloadManager: in removeSpuriousFiles, preserving file /data/data/com.android.providers.downloads/cache/metadata-277.htm
07-05 13:57:07.078   545  7086 I DownloadManager: in removeSpuriousFiles, preserving file /data/data/com.android.providers.downloads/cache/metadata-383.htm
07-05 13:57:07.078   545  7086 I DownloadManager: in removeSpuriousFiles, preserving file /data/data/com.android.providers.downloads/cache/metadata-142.htm
07-05 13:57:07.078   545  7086 I DownloadManager: in removeSpuriousFiles, preserving file /data/data/com.android.providers.downloads/cache/metadata-257.htm
07-05 13:57:07.078   545  7086 I DownloadManager: in removeSpuriousFiles, preserving file /data/data/com.android.providers.downloads/cache/metadata-141.htm
07-05 13:57:07.078   545  7086 I DownloadManager: in removeSpuriousFiles, preserving file /data/data/com.android.providers.downloads/cache/metadata-194.htm
07-05 13:57:07.078   545  7086 I DownloadManager: in removeSpuriousFiles, preserving file /data/data/com.android.providers.downloads/cache/metadata-226.htm
07-05 13:57:07.078   545  7086 I DownloadManager: in removeSpuriousFiles, preserving file /data/data/com.android.providers.downloads/cache/metadata-353.htm
07-05 13:57:07.078   545  7086 I DownloadManager: in removeSpuriousFiles, preserving file /data/data/com.android.providers.downloads/cache/metadata-2118.htm
07-05 13:57:07.078   545  7086 I DownloadManager: in removeSpuriousFiles, preserving file /data/data/com.android.providers.downloads/cache/metadata-94.htm
07-05 13:57:07.078   545  7086 I DownloadManager: in removeSpuriousFiles, preserving file /data/data/com.android.providers.downloads/cache/metadata-216.htm
07-05 13:57:07.082   545  7086 I DownloadManager: in removeSpuriousFiles, preserving file /data/data/com.android.providers.downloads/cache/metadata-638.htm
07-05 13:57:07.082   545  7086 I DownloadManager: in removeSpuriousFiles, preserving file /data/data/com.android.providers.downloads/cache/metadata-297.htm
07-05 13:57:07.082   545  7086 I DownloadManager: in removeSpuriousFiles, preserving file /data/data/com.android.providers.downloads/cache/metadata-78.htm
07-05 13:57:07.082   545  7086 I DownloadManager: in removeSpuriousFiles, preserving file /data/data/com.android.providers.downloads/cache/metadata-75.htm
07-05 13:57:07.082   545  7086 I DownloadManager: in removeSpuriousFiles, preserving file /data/data/com.android.providers.downloads/cache/metadata-126.htm
07-05 13:57:07.082   545  7086 I DownloadManager: in removeSpuriousFiles, preserving file /data/data/com.android.providers.downloads/cache/metadata-73.htm
07-05 13:57:07.082   545  7086 I DownloadManager: in removeSpuriousFiles, preserving file /data/data/com.android.providers.downloads/cache/metadata-374.htm
07-05 13:57:07.082   545  7086 I DownloadManager: in removeSpuriousFiles, preserving file /data/data/com.android.providers.downloads/cache/metadata-616.htm
07-05 13:57:07.082   545  7086 I DownloadManager: in removeSpuriousFiles, preserving file /data/data/com.android.providers.downloads/cache/metadata-1397.htm
07-05 13:57:07.082   545  7086 I DownloadManager: in removeSpuriousFiles, preserving file /data/data/com.android.providers.downloads/cache/metadata-255.htm
07-05 13:57:07.082   545  7086 I DownloadManager: in removeSpuriousFiles, preserving file /data/data/com.android.providers.downloads/cache/metadata-348.htm
07-05 13:57:07.082   545  7086 I DownloadManager: in removeSpuriousFiles, preserving file /data/data/com.android.providers.downloads/cache/metadata-251.htm
07-05 13:57:07.082   545  7086 I DownloadManager: in removeSpuriousFiles, preserving file /data/data/com.android.providers.downloads/cache/metadata-1374.htm
07-05 13:57:07.082   545  7086 I DownloadManager: in removeSpuriousFiles, preserving file /data/data/com.android.providers.downloads/cache/metadata-640.htm
07-05 13:57:07.082   545  7086 I DownloadManager: in removeSpuriousFiles, preserving file /data/data/com.android.providers.downloads/cache/metadata-291.htm
07-05 13:57:07.082   545  7086 I DownloadManager: in removeSpuriousFiles, preserving file /data/data/com.android.providers.downloads/cache/metadata-163.htm
07-05 13:57:07.082   545  7086 I DownloadManager: in removeSpuriousFiles, preserving file /data/data/com.android.providers.downloads/cache/metadata-428.htm
07-05 13:57:07.082   545  7086 I DownloadManager: in removeSpuriousFiles, preserving file /data/data/com.android.providers.downloads/cache/metadata-156.htm
07-05 13:57:07.082   545  7086 I DownloadManager: in removeSpuriousFiles, preserving file /data/data/com.android.providers.downloads/cache/metadata-336.htm
07-05 13:57:07.086   545  7086 I DownloadManager: in removeSpuriousFiles, preserving file /data/data/com.android.providers.downloads/cache/metadata-140.htm
07-05 13:57:07.086   545  7086 I DownloadManager: in removeSpuriousFiles, preserving file /data/data/com.android.providers.downloads/cache/metadata-320.htm
07-05 13:57:07.086   545  7086 I DownloadManager: in removeSpuriousFiles, preserving file /data/data/com.android.providers.downloads/cache/metadata-993.htm
07-05 13:57:07.086   545  7086 I DownloadManager: in removeSpuriousFiles, preserving file /data/data/com.android.providers.downloads/cache/metadata-636.htm
07-05 13:57:07.086   545  7086 I DownloadManager: in removeSpuriousFiles, preserving file /data/data/com.android.providers.downloads/cache/metadata-241.htm
07-05 13:57:07.086   545  7086 I DownloadManager: in removeSpuriousFiles, preserving file /data/data/com.android.providers.downloads/cache/metadata-1379.htm
07-05 13:57:07.086   545  7086 I DownloadManager: in removeSpuriousFiles, preserving file /data/data/com.android.providers.downloads/cache/metadata-531.htm
07-05 13:57:07.086   545  7086 I DownloadManager: in removeSpuriousFiles, preserving file /data/data/com.android.providers.downloads/cache/metadata-1038.htm
07-05 13:57:07.086   545  7086 I DownloadManager: in removeSpuriousFiles, preserving file /data/data/com.android.providers.downloads/cache/metadata-184.htm
07-05 13:57:07.086   545  7086 I DownloadManager: in removeSpuriousFiles, preserving file /data/data/com.android.providers.downloads/cache/metadata-550.htm
07-05 13:57:07.086   545  7086 I DownloadManager: in removeSpuriousFiles, preserving file /data/data/com.android.providers.downloads/cache/metadata-385.htm
07-05 13:57:07.086   545  7086 I DownloadManager: in removeSpuriousFiles, preserving file /data/data/com.android.providers.downloads/cache/metadata-1314.htm
07-05 13:57:07.086   545  7086 I DownloadManager: in removeSpuriousFiles, preserving file /data/data/com.android.providers.downloads/cache/metadata-294.htm
07-05 13:57:07.086   545  7086 I DownloadManager: in removeSpuriousFiles, preserving file /data/data/com.android.providers.downloads/cache/metadata-113.htm
07-05 13:57:07.090   545  7086 I DownloadManager: in removeSpuriousFiles, preserving file /data/data/com.android.providers.downloads/cache/metadata-975.htm
07-05 13:57:07.090   545  7086 I DownloadManager: in removeSpuriousFiles, preserving file /data/data/com.android.providers.downloads/cache/metadata-362.htm
07-05 13:57:07.090   545  7086 I DownloadManager: in removeSpuriousFiles, preserving file /data/data/com.android.providers.downloads/cache/metadata-864.htm
07-05 13:57:07.090   545  7086 I DownloadManager: in removeSpuriousFiles, preserving file /data/data/com.android.providers.downloads/cache/metadata-2064.htm
07-05 13:57:07.090   545  7086 I DownloadManager: in removeSpuriousFiles, preserving file /data/data/com.android.providers.downloads/cache/metadata-150.htm
07-05 13:57:07.090   545  7086 I DownloadManager: in removeSpuriousFiles, preserving file /data/data/com.android.providers.downloads/cache/metadata-82.htm
07-05 13:57:07.090   545  7086 I DownloadManager: in removeSpuriousFiles, preserving file /data/data/com.android.providers.downloads/cache/metadata-834.htm
07-05 13:57:07.090   545  7086 I DownloadManager: in removeSpuriousFiles, preserving file /data/data/com.android.providers.downloads/cache/metadata-943.htm
07-05 13:57:07.090   545  7086 I DownloadManager: in removeSpuriousFiles, preserving file /data/data/com.android.providers.downloads/cache/metadata-445.htm
07-05 13:57:07.093   545  7086 I DownloadManager: in removeSpuriousFiles, preserving file /data/data/com.android.providers.downloads/cache/metadata-1490.htm
07-05 13:57:07.093   545  7086 I DownloadManager: in removeSpuriousFiles, preserving file /data/data/com.android.providers.downloads/cache/metadata-1240.htm
07-05 13:57:07.093   545  7086 I DownloadManager: in removeSpuriousFiles, preserving file /data/data/com.android.providers.downloads/cache/metadata-1818.htm
07-05 13:57:07.093   545  7086 I DownloadManager: in removeSpuriousFiles, preserving file /data/data/com.android.providers.downloads/cache/metadata-372.htm
07-05 13:57:07.093   545  7086 I DownloadManager: in removeSpuriousFiles, preserving file /data/data/com.android.providers.downloads/cache/metadata-1419.htm
07-05 13:57:07.093   545  7086 I DownloadManager: in removeSpuriousFiles, preserving file /data/data/com.android.providers.downloads/cache/metadata-874.htm
07-05 13:57:07.093   545  7086 I DownloadManager: in removeSpuriousFiles, preserving file /data/data/com.android.providers.downloads/cache/metadata-2148.htm
07-05 13:57:07.097   545  7086 I DownloadManager: in removeSpuriousFiles, preserving file /data/data/com.android.providers.downloads/cache/metadata-1287.htm
07-05 13:57:07.097   545  7086 I DownloadManager: in removeSpuriousFiles, preserving file /data/data/com.android.providers.downloads/cache/metadata-1031.htm
07-05 13:57:07.097   545  7086 I DownloadManager: in removeSpuriousFiles, preserving file /data/data/com.android.providers.downloads/cache/metadata-2296.htm
07-05 13:57:07.097   545  7086 I DownloadManager: in removeSpuriousFiles, preserving file /data/data/com.android.providers.downloads/cache/metadata-1029.htm
07-05 13:57:07.097   545  7086 I DownloadManager: in removeSpuriousFiles, preserving file /data/data/com.android.providers.downloads/cache/metadata-1853.htm
07-05 13:57:07.097   545  7086 I DownloadManager: in removeSpuriousFiles, preserving file /data/data/com.android.providers.downloads/cache/metadata-1564.htm
07-05 13:57:07.097   545  7086 I DownloadManager: in removeSpuriousFiles, preserving file /data/data/com.android.providers.downloads/cache/metadata-2255.htm
07-05 13:57:07.101   545  7086 I DownloadManager: in removeSpuriousFiles, preserving file /data/data/com.android.providers.downloads/cache/metadata-180.htm
07-05 13:57:07.101   545  7086 I DownloadManager: in removeSpuriousFiles, preserving file /data/data/com.android.providers.downloads/cache/metadata-629.htm
07-05 13:57:07.101   545  7086 I DownloadManager: in removeSpuriousFiles, preserving file /data/data/com.android.providers.downloads/cache/metadata-602.htm
07-05 13:57:07.101   545  7086 I DownloadManager: in removeSpuriousFiles, preserving file /data/data/com.android.providers.downloads/cache/metadata-637.htm
07-05 13:57:07.101   545  7086 I DownloadManager: in removeSpuriousFiles, preserving file /data/data/com.android.providers.downloads/cache/metadata-229.htm
07-05 13:57:07.105   545  7086 I DownloadManager: in removeSpuriousFiles, preserving file /data/data/com.android.providers.downloads/cache/metadata-506.htm
07-05 13:57:07.105   545  7086 I DownloadManager: in removeSpuriousFiles, preserving file /data/data/com.android.providers.downloads/cache/metadata-1305.htm
07-05 13:57:07.105   545  7086 I DownloadManager: in removeSpuriousFiles, preserving file /data/data/com.android.providers.downloads/cache/metadata-756.htm
07-05 13:57:07.105   545  7086 I DownloadManager: in removeSpuriousFiles, preserving file /data/data/com.android.providers.downloads/cache/metadata-2315.htm
07-05 13:57:07.105   545  7086 I DownloadManager: in removeSpuriousFiles, preserving file /data/data/com.android.providers.downloads/cache/metadata-725.htm
07-05 13:57:07.105   545  7086 I DownloadManager: in removeSpuriousFiles, preserving file /data/data/com.android.providers.downloads/cache/metadata-656.htm
07-05 13:57:07.109   545  7086 I DownloadManager: in removeSpuriousFiles, preserving file /data/data/com.android.providers.downloads/cache/metadata-2019.htm
07-05 13:57:07.109   545  7086 I DownloadManager: in removeSpuriousFiles, preserving file /data/data/com.android.providers.downloads/cache/metadata-1701.htm
07-05 13:57:07.109   545  7086 I DownloadManager: in removeSpuriousFiles, preserving file /data/data/com.android.providers.downloads/cache/metadata-1481.htm
07-05 13:57:07.109   545  7086 I DownloadManager: in removeSpuriousFiles, preserving file /data/data/com.android.providers.downloads/cache/metadata-590.htm
07-05 13:57:07.109   545  7086 I DownloadManager: in removeSpuriousFiles, preserving file /data/data/com.android.providers.downloads/cache/metadata-1104.htm
07-05 13:57:07.113   545  7086 I DownloadManager: in removeSpuriousFiles, preserving file /data/data/com.android.providers.downloads/cache/metadata-1127.htm
07-05 13:57:07.113   545  7086 I DownloadManager: in removeSpuriousFiles, preserving file /data/data/com.android.providers.downloads/cache/metadata-1296.htm
07-05 13:57:07.113   545  7086 I DownloadManager: in removeSpuriousFiles, preserving file /data/data/com.android.providers.downloads/cache/metadata-1511.htm
07-05 13:57:07.113   545  7086 I DownloadManager: in removeSpuriousFiles, preserving file /data/data/com.android.providers.downloads/cache/metadata-626.htm
07-05 13:57:07.113   545  7086 I DownloadManager: in removeSpuriousFiles, preserving file /data/data/com.android.providers.downloads/cache/metadata-439.htm
07-05 13:57:07.113   545  7086 I DownloadManager: in removeSpuriousFiles, preserving file /data/data/com.android.providers.downloads/cache/metadata-625.htm
07-05 13:57:07.117   545  7086 I DownloadManager: in removeSpuriousFiles, preserving file /data/data/com.android.providers.downloads/cache/metadata-2219.htm
07-05 13:57:07.117   545  7086 I DownloadManager: in removeSpuriousFiles, preserving file /data/data/com.android.providers.downloads/cache/metadata-1474.htm
07-05 13:57:07.117   545  7086 I DownloadManager: in removeSpuriousFiles, preserving file /data/data/com.android.providers.downloads/cache/metadata-2063.htm
07-05 13:57:07.117   545  7086 I DownloadManager: in removeSpuriousFiles, preserving file /data/data/com.android.providers.downloads/cache/metadata-1492.htm
07-05 13:57:07.117   545  7086 I DownloadManager: in removeSpuriousFiles, preserving file /data/data/com.android.providers.downloads/cache/metadata-2193.htm
07-05 13:57:07.121   545  7086 I DownloadManager: in removeSpuriousFiles, preserving file /data/data/com.android.providers.downloads/cache/metadata-919.htm
07-05 13:57:07.121   545  7086 I DownloadManager: in removeSpuriousFiles, preserving file /data/data/com.android.providers.downloads/cache/metadata-2227.htm
07-05 13:57:07.121   545  7086 I DownloadManager: in removeSpuriousFiles, preserving file /data/data/com.android.providers.downloads/cache/metadata-232.htm
07-05 13:57:07.121   545  7086 I DownloadManager: in removeSpuriousFiles, preserving file /data/data/com.android.providers.downloads/cache/metadata-551.htm
07-05 13:57:07.121   545  7086 I DownloadManager: in removeSpuriousFiles, preserving file /data/data/com.android.providers.downloads/cache/metadata-999.htm
07-05 13:57:07.121   545  7086 I DownloadManager: in removeSpuriousFiles, preserving file /data/data/com.android.providers.downloads/cache/metadata-1336.htm
07-05 13:57:07.125   545  7086 I DownloadManager: in removeSpuriousFiles, preserving file /data/data/com.android.providers.downloads/cache/metadata-1751.htm
07-05 13:57:07.125   545  7086 I DownloadManager: in removeSpuriousFiles, preserving file /data/data/com.android.providers.downloads/cache/metadata-1940.htm
07-05 13:57:07.125   545  7086 I DownloadManager: in removeSpuriousFiles, preserving file /data/data/com.android.providers.downloads/cache/metadata-810.htm
07-05 13:57:07.125   545  7086 I DownloadManager: in removeSpuriousFiles, preserving file /data/data/com.android.providers.downloads/cache/metadata-2781.htm
07-05 13:57:07.125   545  7086 I DownloadManager: in removeSpuriousFiles, preserving file /data/data/com.android.providers.downloads/cache/metadata-1382.htm
07-05 13:57:07.129   545  7086 I DownloadManager: in removeSpuriousFiles, preserving file /data/data/com.android.providers.downloads/cache/metadata-1601.htm
07-05 13:57:07.129   545  7086 I DownloadManager: in removeSpuriousFiles, preserving file /data/data/com.android.providers.downloads/cache/metadata-989.htm
07-05 13:57:07.129   545  7086 I DownloadManager: in removeSpuriousFiles, preserving file /data/data/com.android.providers.downloads/cache/metadata-653.htm
07-05 13:57:07.129   545  7086 I DownloadManager: in removeSpuriousFiles, preserving file /data/data/com.android.providers.downloads/cache/metadata-31.htm
07-05 13:57:07.129   545  7086 I DownloadManager: in removeSpuriousFiles, preserving file /data/data/com.android.providers.downloads/cache/metadata-168.htm
07-05 13:57:07.129   545  7086 I DownloadManager: in removeSpuriousFiles, preserving file /data/data/com.android.providers.downloads/cache/metadata-45.htm
07-05 13:57:07.129   545  7086 I DownloadManager: in removeSpuriousFiles, preserving file /data/data/com.android.providers.downloads/cache/metadata-1147.htm
07-05 13:57:07.129   545  7086 I DownloadManager: in removeSpuriousFiles, preserving file /data/data/com.android.providers.downloads/cache/metadata-394.htm
07-05 13:57:07.129   545  7086 I DownloadManager: in removeSpuriousFiles, preserving file /data/data/com.android.providers.downloads/cache/metadata-164.htm
07-05 13:57:07.129   545  7086 I DownloadManager: in removeSpuriousFiles, preserving file /data/data/com.android.providers.downloads/cache/metadata-63.htm
07-05 13:57:07.129   545  7086 I DownloadManager: in removeSpuriousFiles, preserving file /data/data/com.android.providers.downloads/cache/metadata-334.htm
07-05 13:57:07.129   545  7086 I DownloadManager: in removeSpuriousFiles, preserving file /data/data/com.android.providers.downloads/cache/metadata-107.htm
07-05 13:57:07.129   545  7086 I DownloadManager: in removeSpuriousFiles, preserving file /data/data/com.android.providers.downloads/cache/metadata-160.htm
07-05 13:57:07.129   545  7086 I DownloadManager: in removeSpuriousFiles, preserving file /data/data/com.android.providers.downloads/cache/metadata-2280.htm
07-05 13:57:07.129   545  7086 I DownloadManager: in removeSpuriousFiles, preserving file /data/data/com.android.providers.downloads/cache/metadata-117.htm
07-05 13:57:07.129   545  7086 I DownloadManager: in removeSpuriousFiles, preserving file /data/data/com.android.providers.downloads/cache/metadata-118.htm
07-05 13:57:07.133   545  7086 I DownloadManager: in removeSpuriousFiles, preserving file /data/data/com.android.providers.downloads/cache/metadata-169.htm
07-05 13:57:07.133   545  7086 I DownloadManager: in removeSpuriousFiles, preserving file /data/data/com.android.providers.downloads/cache/metadata-210.htm
07-05 13:57:07.133   545  7086 I DownloadManager: in removeSpuriousFiles, preserving file /data/data/com.android.providers.downloads/cache/metadata-265.htm
07-05 13:57:07.133   545  7086 I DownloadManager: in removeSpuriousFiles, preserving file /data/data/com.android.providers.downloads/cache/metadata-85.htm
07-05 13:57:07.133   545  7086 I DownloadManager: in removeSpuriousFiles, preserving file /data/data/com.android.providers.downloads/cache/metadata-172.htm
07-05 13:57:07.133   545  7086 I DownloadManager: in removeSpuriousFiles, preserving file /data/data/com.android.providers.downloads/cache/metadata-1394.htm
07-05 13:57:07.133   545  7086 I DownloadManager: in removeSpuriousFiles, preserving file /data/data/com.android.providers.downloads/cache/metadata-138.htm
07-05 13:57:07.133   545  7086 I DownloadManager: in removeSpuriousFiles, preserving file /data/data/com.android.providers.downloads/cache/metadata-1267.htm
07-05 13:57:07.133   545  7086 I DownloadManager: in removeSpuriousFiles, preserving file /data/data/com.android.providers.downloads/cache/metadata-273.htm
07-05 13:57:07.133   545  7086 I DownloadManager: in removeSpuriousFiles, preserving file /data/data/com.android.providers.downloads/cache/metadata-247.htm
07-05 13:57:07.133   545  7086 I DownloadManager: in removeSpuriousFiles, preserving file /data/data/com.android.providers.downloads/cache/metadata-646.htm
07-05 13:57:07.133   545  7086 I DownloadManager: in removeSpuriousFiles, preserving file /data/data/com.android.providers.downloads/cache/metadata-335.htm
07-05 13:57:07.133   545  7086 I DownloadManager: in removeSpuriousFiles, preserving file /data/data/com.android.providers.downloads/cache/metadata-193.htm
07-05 13:57:07.133   545  7086 I DownloadManager: in removeSpuriousFiles, preserving file /data/data/com.android.providers.downloads/cache/metadata-276.htm
07-05 13:57:07.133   545  7086 I DownloadManager: in removeSpuriousFiles, preserving file /data/data/com.android.providers.downloads/cache/metadata-97.htm
07-05 13:57:07.133   545  7086 I DownloadManager: in removeSpuriousFiles, preserving file /data/data/com.android.providers.downloads/cache/metadata-305.htm
07-05 13:57:07.133   545  7086 I DownloadManager: in removeSpuriousFiles, preserving file /data/data/com.android.providers.downloads/cache/metadata-188.htm
07-05 13:57:07.133   545  7086 I DownloadManager: in removeSpuriousFiles, preserving file /data/data/com.android.providers.downloads/cache/metadata-218.htm
07-05 13:57:07.133   545  7086 I DownloadManager: in removeSpuriousFiles, preserving file /data/data/com.android.providers.downloads/cache/metadata-480.htm
07-05 13:57:07.133   545  7086 I DownloadManager: in removeSpuriousFiles, preserving file /data/data/com.android.providers.downloads/cache/metadata-133.htm
07-05 13:57:07.133   545  7086 I DownloadManager: in removeSpuriousFiles, preserving file /data/data/com.android.providers.downloads/cache/metadata-2803.htm
07-05 13:57:07.133   545  7086 I DownloadManager: in removeSpuriousFiles, preserving file /data/data/com.android.providers.downloads/cache/metadata-326.htm
07-05 13:57:07.133   545  7086 I DownloadManager: in removeSpuriousFiles, preserving file /data/data/com.android.providers.downloads/cache/metadata-281.htm
07-05 13:57:07.133   545  7086 I DownloadManager: in removeSpuriousFiles, preserving file /data/data/com.android.providers.downloads/cache/metadata-136.htm
07-05 13:57:07.133   545  7086 I DownloadManager: in removeSpuriousFiles, preserving file /data/data/com.android.providers.downloads/cache/metadata-368.htm
07-05 13:57:07.133   545  7086 I DownloadManager: in removeSpuriousFiles, preserving file /data/data/com.android.providers.downloads/cache/metadata-170.htm
07-05 13:57:07.136   545  7086 I DownloadManager: in removeSpuriousFiles, preserving file /data/data/com.android.providers.downloads/cache/metadata-314.htm
07-05 13:57:07.136   545  7086 I DownloadManager: in removeSpuriousFiles, preserving file /data/data/com.android.providers.downloads/cache/metadata-2053.htm
07-05 13:57:07.136   545  7086 I DownloadManager: in removeSpuriousFiles, preserving file /data/data/com.android.providers.downloads/cache/metadata-144.htm
07-05 13:57:07.136   545  7086 I DownloadManager: in removeSpuriousFiles, preserving file /data/data/com.android.providers.downloads/cache/metadata-427.htm
07-05 13:57:07.136   545  7086 I DownloadManager: in removeSpuriousFiles, preserving file /data/data/com.android.providers.downloads/cache/metadata-1560.htm
07-05 13:57:07.136   545  7086 I DownloadManager: in removeSpuriousFiles, preserving file /data/data/com.android.providers.downloads/cache/metadata-237.htm
07-05 13:57:07.136   545  7086 I DownloadManager: in removeSpuriousFiles, preserving file /data/data/com.android.providers.downloads/cache/metadata-1409.htm
07-05 13:57:07.136   545  7086 I DownloadManager: in removeSpuriousFiles, preserving file /data/data/com.android.providers.downloads/cache/metadata-1893.htm
07-05 13:57:07.136   545  7086 I DownloadManager: in removeSpuriousFiles, preserving file /data/data/com.android.providers.downloads/cache/metadata-1232.htm
07-05 13:57:07.136   545  7086 I DownloadManager: in removeSpuriousFiles, preserving file /data/data/com.android.providers.downloads/cache/metadata-1903.htm
07-05 13:57:07.136   545  7086 I DownloadManager: in removeSpuriousFiles, preserving file /data/data/com.android.providers.downloads/cache/metadata-360.htm
07-05 13:57:07.136   545  7086 I DownloadManager: in removeSpuriousFiles, preserving file /data/data/com.android.providers.downloads/cache/metadata-418.htm
07-05 13:57:07.136   545  7086 I DownloadManager: in removeSpuriousFiles, preserving file /data/data/com.android.providers.downloads/cache/metadata-115.htm
07-05 13:57:07.136   545  7086 I DownloadManager: in removeSpuriousFiles, preserving file /data/data/com.android.providers.downloads/cache/metadata-121.htm
07-05 13:57:07.136   545  7086 I DownloadManager: in removeSpuriousFiles, preserving file /data/data/com.android.providers.downloads/cache/metadata-375.htm
07-05 13:57:07.136   545  7086 I DownloadManager: in removeSpuriousFiles, preserving file /data/data/com.android.providers.downloads/cache/metadata-1621.htm
07-05 13:57:07.136   545  7086 I DownloadManager: in removeSpuriousFiles, preserving file /data/data/com.android.providers.downloads/cache/metadata-234.htm
07-05 13:57:07.136   545  7086 I DownloadManager: in removeSpuriousFiles, preserving file /data/data/com.android.providers.downloads/cache/metadata-127.htm
07-05 13:57:07.140   545  7086 I DownloadManager: in removeSpuriousFiles, preserving file /data/data/com.android.providers.downloads/cache/metadata-1351.htm
07-05 13:57:07.140   545  7086 I DownloadManager: in removeSpuriousFiles, preserving file /data/data/com.android.providers.downloads/cache/metadata-446.htm
07-05 13:57:07.140   545  7086 I DownloadManager: in removeSpuriousFiles, preserving file /data/data/com.android.providers.downloads/cache/metadata-289.htm
07-05 13:57:07.140   545  7086 I DownloadManager: in removeSpuriousFiles, preserving file /data/data/com.android.providers.downloads/cache/metadata-1437.htm
07-05 13:57:07.140   545  7086 I DownloadManager: in removeSpuriousFiles, preserving file /data/data/com.android.providers.downloads/cache/metadata-388.htm
07-05 13:57:07.140   545  7086 I DownloadManager: in removeSpuriousFiles, preserving file /data/data/com.android.providers.downloads/cache/metadata-386.htm
07-05 13:57:07.140   545  7086 I DownloadManager: in removeSpuriousFiles, preserving file /data/data/com.android.providers.downloads/cache/metadata-1512.htm
07-05 13:57:07.140   545  7086 I DownloadManager: in removeSpuriousFiles, preserving file /data/data/com.android.providers.downloads/cache/metadata-1667.htm
07-05 13:57:07.140   545  7086 I DownloadManager: in removeSpuriousFiles, preserving file /data/data/com.android.providers.downloads/cache/metadata-593.htm
07-05 13:57:07.140   545  7086 I DownloadManager: in removeSpuriousFiles, preserving file /data/data/com.android.providers.downloads/cache/metadata-240.htm
07-05 13:57:07.140   545  7086 I DownloadManager: in removeSpuriousFiles, preserving file /data/data/com.android.providers.downloads/cache/metadata-397.htm
07-05 13:57:07.140   545  7086 I DownloadManager: in removeSpuriousFiles, preserving file /data/data/com.android.providers.downloads/cache/metadata-212.htm
07-05 13:57:07.140   545  7086 I DownloadManager: in removeSpuriousFiles, preserving file /data/data/com.android.providers.downloads/cache/metadata-211.htm
07-05 13:57:07.140   545  7086 I DownloadManager: in removeSpuriousFiles, preserving file /data/data/com.android.providers.downloads/cache/metadata-269.htm
07-05 13:57:07.144   545  7086 I DownloadManager: in removeSpuriousFiles, preserving file /data/data/com.android.providers.downloads/cache/metadata-187.htm
07-05 13:57:07.144   545  7086 I DownloadManager: in removeSpuriousFiles, preserving file /data/data/com.android.providers.downloads/cache/metadata-349.htm
07-05 13:57:07.144   545  7086 I DownloadManager: in removeSpuriousFiles, preserving file /data/data/com.android.providers.downloads/cache/metadata-1150.htm
07-05 13:57:07.144   545  7086 I DownloadManager: in removeSpuriousFiles, preserving file /data/data/com.android.providers.downloads/cache/metadata-283.htm
07-05 13:57:07.144   545  7086 I DownloadManager: in removeSpuriousFiles, preserving file /data/data/com.android.providers.downloads/cache/metadata-419.htm
07-05 13:57:07.144   545  7086 I DownloadManager: in removeSpuriousFiles, preserving file /data/data/com.android.providers.downloads/cache/metadata-202.htm
07-05 13:57:07.144   545  7086 I DownloadManager: in removeSpuriousFiles, preserving file /data/data/com.android.providers.downloads/cache/metadata-399.htm
07-05 13:57:07.144   545  7086 I DownloadManager: in removeSpuriousFiles, preserving file /data/data/com.android.providers.downloads/cache/metadata-612.htm
07-05 13:57:07.144   545  7086 I DownloadManager: in removeSpuriousFiles, preserving file /data/data/com.android.providers.downloads/cache/metadata-81.htm
07-05 13:57:07.144   545  7086 I DownloadManager: in removeSpuriousFiles, preserving file /data/data/com.android.providers.downloads/cache/metadata-1808.htm
07-05 13:57:07.144   545  7086 I DownloadManager: in removeSpuriousFiles, preserving file /data/data/com.android.providers.downloads/cache/metadata-1938.htm
07-05 13:57:07.148   545  7086 I DownloadManager: in removeSpuriousFiles, preserving file /data/data/com.android.providers.downloads/cache/metadata-186.htm
07-05 13:57:07.148   545  7086 I DownloadManager: in removeSpuriousFiles, preserving file /data/data/com.android.providers.downloads/cache/metadata-93.htm
07-05 13:57:07.148   545  7086 I DownloadManager: in removeSpuriousFiles, preserving file /data/data/com.android.providers.downloads/cache/metadata-235.htm
07-05 13:57:07.148   545  7086 I DownloadManager: in removeSpuriousFiles, preserving file /data/data/com.android.providers.downloads/cache/metadata-1447.htm
07-05 13:57:07.148   545  7086 I DownloadManager: in removeSpuriousFiles, preserving file /data/data/com.android.providers.downloads/cache/metadata-231.htm
07-05 13:57:07.148   545  7086 I DownloadManager: in removeSpuriousFiles, preserving file /data/data/com.android.providers.downloads/cache/metadata-254.htm
07-05 13:57:07.148   545  7086 I DownloadManager: in removeSpuriousFiles, preserving file /data/data/com.android.providers.downloads/cache/metadata-105.htm
07-05 13:57:07.152   545  7086 I DownloadManager: in removeSpuriousFiles, preserving file /data/data/com.android.providers.downloads/cache/metadata-1510.htm
07-05 13:57:07.152   545  7086 I DownloadManager: in removeSpuriousFiles, preserving file /data/data/com.android.providers.downloads/cache/metadata-914.htm
07-05 13:57:07.152   545  7086 I DownloadManager: in removeSpuriousFiles, preserving file /data/data/com.android.providers.downloads/cache/metadata-1736.htm
07-05 13:57:07.152   545  7086 I DownloadManager: in removeSpuriousFiles, preserving file /data/data/com.android.providers.downloads/cache/metadata-1763.htm
07-05 13:57:07.152   545  7086 I DownloadManager: in removeSpuriousFiles, preserving file /data/data/com.android.providers.downloads/cache/metadata-619.htm
07-05 13:57:07.152   545  7086 I DownloadManager: in removeSpuriousFiles, preserving file /data/data/com.android.providers.downloads/cache/metadata-714.htm
07-05 13:57:07.152   545  7086 I DownloadManager: in removeSpuriousFiles, preserving file /data/data/com.android.providers.downloads/cache/metadata-796.htm
07-05 13:57:07.160   545  7086 I DownloadManager: in removeSpuriousFiles, preserving file /data/data/com.android.providers.downloads/cache/metadata-1760.htm
07-05 13:57:07.160   545  7086 I DownloadManager: in removeSpuriousFiles, preserving file /data/data/com.android.providers.downloads/cache/metadata-642.htm
07-05 13:57:07.160   545  7086 I DownloadManager: in removeSpuriousFiles, preserving file /data/data/com.android.providers.downloads/cache/metadata-400.htm
07-05 13:57:07.160   545  7086 I DownloadManager: in removeSpuriousFiles, preserving file /data/data/com.android.providers.downloads/cache/metadata-572.htm
07-05 13:57:07.160   545  7086 I DownloadManager: in removeSpuriousFiles, preserving file /data/data/com.android.providers.downloads/cache/metadata-743.htm
07-05 13:57:07.160   545  7086 I DownloadManager: in removeSpuriousFiles, preserving file /data/data/com.android.providers.downloads/cache/metadata-1361.htm
07-05 13:57:07.164   545  7086 I DownloadManager: in removeSpuriousFiles, preserving file /data/data/com.android.providers.downloads/cache/metadata-436.htm
07-05 13:57:07.164   545  7086 I DownloadManager: in removeSpuriousFiles, preserving file /data/data/com.android.providers.downloads/cache/metadata-1293.htm
07-05 13:57:07.164   545  7086 I DownloadManager: in removeSpuriousFiles, preserving file /data/data/com.android.providers.downloads/cache/metadata-1589.htm
07-05 13:57:07.164   545  7086 I DownloadManager: in removeSpuriousFiles, preserving file /data/data/com.android.providers.downloads/cache/metadata-1246.htm
07-05 13:57:07.164   545  7086 I DownloadManager: in removeSpuriousFiles, preserving file /data/data/com.android.providers.downloads/cache/metadata-1152.htm
07-05 13:57:07.164   545  7086 I DownloadManager: in removeSpuriousFiles, preserving file /data/data/com.android.providers.downloads/cache/metadata-2062.htm
07-05 13:57:07.168   545  7086 I DownloadManager: in removeSpuriousFiles, preserving file /data/data/com.android.providers.downloads/cache/metadata-1694.htm
07-05 13:57:07.168   545  7086 I DownloadManager: in removeSpuriousFiles, preserving file /data/data/com.android.providers.downloads/cache/metadata-1095.htm
07-05 13:57:07.168   545  7086 I DownloadManager: in removeSpuriousFiles, preserving file /data/data/com.android.providers.downloads/cache/metadata-903.htm
07-05 13:57:07.168   545  7086 I DownloadManager: in removeSpuriousFiles, preserving file /data/data/com.android.providers.downloads/cache/metadata-1025.htm
07-05 13:57:07.168   545  7086 I DownloadManager: in removeSpuriousFiles, preserving file /data/data/com.android.providers.downloads/cache/metadata-1340.htm
07-05 13:57:07.168   545  7086 I DownloadManager: in removeSpuriousFiles, preserving file /data/data/com.android.providers.downloads/cache/metadata-938.htm
07-05 13:57:07.172   545  7086 I DownloadManager: in removeSpuriousFiles, preserving file /data/data/com.android.providers.downloads/cache/metadata-1927.htm
07-05 13:57:07.172   545  7086 I DownloadManager: in removeSpuriousFiles, preserving file /data/data/com.android.providers.downloads/cache/metadata-175.htm
07-05 13:57:07.172   545  7086 I DownloadManager: in removeSpuriousFiles, preserving file /data/data/com.android.providers.downloads/cache/metadata-20.htm
07-05 13:57:07.172   545  7086 I DownloadManager: in removeSpuriousFiles, preserving file /data/data/com.android.providers.downloads/cache/metadata-38.htm
07-05 13:57:07.172   545  7086 I DownloadManager: in removeSpuriousFiles, preserving file /data/data/com.android.providers.downloads/cache/metadata-7.htm
07-05 13:57:07.172   545  7086 I DownloadManager: in removeSpuriousFiles, preserving file /data/data/com.android.providers.downloads/cache/metadata-112.htm
07-05 13:57:07.172   545  7086 I DownloadManager: in removeSpuriousFiles, preserving file /data/data/com.android.providers.downloads/cache/metadata-43.htm
07-05 13:57:07.172   545  7086 I DownloadManager: in removeSpuriousFiles, preserving file /data/data/com.android.providers.downloads/cache/metadata-217.htm
07-05 13:57:07.172   545  7086 I DownloadManager: in removeSpuriousFiles, preserving file /data/data/com.android.providers.downloads/cache/metadata-328.htm
07-05 13:57:07.172   545  7086 I DownloadManager: in removeSpuriousFiles, preserving file /data/data/com.android.providers.downloads/cache/metadata-52.htm
07-05 13:57:07.172   545  7086 I DownloadManager: in removeSpuriousFiles, preserving file /data/data/com.android.providers.downloads/cache/metadata-467.htm
07-05 13:57:07.172   545  7086 I DownloadManager: in removeSpuriousFiles, preserving file /data/data/com.android.providers.downloads/cache/metadata-409.htm
07-05 13:57:07.172   545  7086 I DownloadManager: in removeSpuriousFiles, preserving file /data/data/com.android.providers.downloads/cache/metadata-307.htm
07-05 13:57:07.172   545  7086 I DownloadManager: in removeSpuriousFiles, preserving file /data/data/com.android.providers.downloads/cache/metadata-1552.htm
07-05 13:57:07.172   545  7086 I DownloadManager: in removeSpuriousFiles, preserving file /data/data/com.android.providers.downloads/cache/metadata-50.htm
07-05 13:57:07.172   545  7086 I DownloadManager: in removeSpuriousFiles, preserving file /data/data/com.android.providers.downloads/cache/metadata-61.htm
07-05 13:57:07.172   545  7086 I DownloadManager: in removeSpuriousFiles, preserving file /data/data/com.android.providers.downloads/cache/metadata-83.htm
07-05 13:57:07.172   545  7086 I DownloadManager: in removeSpuriousFiles, preserving file /data/data/com.android.providers.downloads/cache/metadata-263.htm
07-05 13:57:07.172   545  7086 I DownloadManager: in removeSpuriousFiles, preserving file /data/data/com.android.providers.downloads/cache/metadata-208.htm
07-05 13:57:07.172   545  7086 I DownloadManager: in removeSpuriousFiles, preserving file /data/data/com.android.providers.downloads/cache/metadata-300.htm
07-05 13:57:07.172   545  7086 I DownloadManager: in removeSpuriousFiles, preserving file /data/data/com.android.providers.downloads/cache/metadata-350.htm
07-05 13:57:07.172   545  7086 I DownloadManager: in removeSpuriousFiles, preserving file /data/data/com.android.providers.downloads/cache/metadata-403.htm
07-05 13:57:07.172   545  7086 I DownloadManager: in removeSpuriousFiles, preserving file /data/data/com.android.providers.downloads/cache/metadata-132.htm
07-05 13:57:07.172   545  7086 I DownloadManager: in removeSpuriousFiles, preserving file /data/data/com.android.providers.downloads/cache/metadata-468.htm
07-05 13:57:07.175   545  7086 I DownloadManager: in removeSpuriousFiles, preserving file /data/data/com.android.providers.downloads/cache/metadata-227.htm
07-05 13:57:07.175   545  7086 I DownloadManager: in removeSpuriousFiles, preserving file /data/data/com.android.providers.downloads/cache/metadata-2553.htm
07-05 13:57:07.175   545  7086 I DownloadManager: in removeSpuriousFiles, preserving file /data/data/com.android.providers.downloads/cache/metadata-157.htm
07-05 13:57:07.175   545  7086 I DownloadManager: in removeSpuriousFiles, preserving file /data/data/com.android.providers.downloads/cache/metadata-351.htm
07-05 13:57:07.175   545  7086 I DownloadManager: in removeSpuriousFiles, preserving file /data/data/com.android.providers.downloads/cache/metadata-329.htm
07-05 13:57:07.175   545  7086 I DownloadManager: in removeSpuriousFiles, preserving file /data/data/com.android.providers.downloads/cache/metadata-249.htm
07-05 13:57:07.175   545  7086 I DownloadManager: in removeSpuriousFiles, preserving file /data/data/com.android.providers.downloads/cache/metadata-488.htm
07-05 13:57:07.175   545  7086 I DownloadManager: in removeSpuriousFiles, preserving file /data/data/com.android.providers.downloads/cache/metadata-284.htm
07-05 13:57:07.175   545  7086 I DownloadManager: in removeSpuriousFiles, preserving file /data/data/com.android.providers.downloads/cache/metadata-171.htm
07-05 13:57:07.175   545  7086 I DownloadManager: in removeSpuriousFiles, preserving file /data/data/com.android.providers.downloads/cache/metadata-306.htm
07-05 13:57:07.175   545  7086 I DownloadManager: in removeSpuriousFiles, preserving file /data/data/com.android.providers.downloads/cache/metadata-198.htm
07-05 13:57:07.175   545  7086 I DownloadManager: in removeSpuriousFiles, preserving file /data/data/com.android.providers.downloads/cache/metadata-147.htm
07-05 13:57:07.175   545  7086 I DownloadManager: in removeSpuriousFiles, preserving file /data/data/com.android.providers.downloads/cache/metadata-340.htm
07-05 13:57:07.175   545  7086 I DownloadManager: in removeSpuriousFiles, preserving file /data/data/com.android.providers.downloads/cache/metadata-262.htm
07-05 13:57:07.175   545  7086 I DownloadManager: in removeSpuriousFiles, preserving file /data/data/com.android.providers.downloads/cache/metadata-604.htm
07-05 13:57:07.175   545  7086 I DownloadManager: in removeSpuriousFiles, preserving file /data/data/com.android.providers.downloads/cache/metadata-88.htm
07-05 13:57:07.175   545  7086 I DownloadManager: in removeSpuriousFiles, preserving file /data/data/com.android.providers.downloads/cache/metadata-197.htm
07-05 13:57:07.175   545  7086 I DownloadManager: in removeSpuriousFiles, preserving file /data/data/com.android.providers.downloads/cache/metadata-359.htm
07-05 13:57:07.175   545  7086 I DownloadManager: in removeSpuriousFiles, preserving file /data/data/com.android.providers.downloads/cache/metadata-1355.htm
07-05 13:57:07.175   545  7086 I DownloadManager: in removeSpuriousFiles, preserving file /data/data/com.android.providers.downloads/cache/metadata-101.htm
07-05 13:57:07.175   545  7086 I DownloadManager: in removeSpuriousFiles, preserving file /data/data/com.android.providers.downloads/cache/metadata-268.htm
07-05 13:57:07.175   545  7086 I DownloadManager: in removeSpuriousFiles, preserving file /data/data/com.android.providers.downloads/cache/metadata-331.htm
07-05 13:57:07.175   545  7086 I DownloadManager: in removeSpuriousFiles, preserving file /data/data/com.android.providers.downloads/cache/metadata-159.htm
07-05 13:57:07.179   545  7086 I DownloadManager: in removeSpuriousFiles, preserving file /data/data/com.android.providers.downloads/cache/metadata-87.htm
07-05 13:57:07.179   545  7086 I DownloadManager: in removeSpuriousFiles, preserving file /data/data/com.android.providers.downloads/cache/metadata-1225.htm
07-05 13:57:07.179   545  7086 I DownloadManager: in removeSpuriousFiles, preserving file /data/data/com.android.providers.downloads/cache/metadata-80.htm
07-05 13:57:07.179   545  7086 I DownloadManager: in removeSpuriousFiles, preserving file /data/data/com.android.providers.downloads/cache/metadata-573.htm
07-05 13:57:07.179   545  7086 I DownloadManager: in removeSpuriousFiles, preserving file /data/data/com.android.providers.downloads/cache/metadata-261.htm
07-05 13:57:07.179   545  7086 I DownloadManager: in removeSpuriousFiles, preserving file /data/data/com.android.providers.downloads/cache/metadata-344.htm
07-05 13:57:07.179   545  7086 I DownloadManager: in removeSpuriousFiles, preserving file /data/data/com.android.providers.downloads/cache/metadata-347.htm
07-05 13:57:07.179   545  7086 I DownloadManager: in removeSpuriousFiles, preserving file /data/data/com.android.providers.downloads/cache/metadata-1298.htm
07-05 13:57:07.179   545  7086 I DownloadManager: in removeSpuriousFiles, preserving file /data/data/com.android.providers.downloads/cache/metadata-1629.htm
07-05 13:57:07.179   545  7086 I DownloadManager: in removeSpuriousFiles, preserving file /data/data/com.android.providers.downloads/cache/metadata-103.htm
07-05 13:57:07.179   545  7086 I DownloadManager: in removeSpuriousFiles, preserving file /data/data/com.android.providers.downloads/cache/metadata-483.htm
07-05 13:57:07.179   545  7086 I DownloadManager: in removeSpuriousFiles, preserving file /data/data/com.android.providers.downloads/cache/metadata-332.htm
07-05 13:57:07.179   545  7086 I DownloadManager: in removeSpuriousFiles, preserving file /data/data/com.android.providers.downloads/cache/metadata-250.htm
07-05 13:57:07.179   545  7086 I DownloadManager: in removeSpuriousFiles, preserving file /data/data/com.android.providers.downloads/cache/metadata-856.htm
07-05 13:57:07.179   545  7086 I DownloadManager: in removeSpuriousFiles, preserving file /data/data/com.android.providers.downloads/cache/metadata-176.htm
07-05 13:57:07.179   545  7086 I DownloadManager: in removeSpuriousFiles, preserving file /data/data/com.android.providers.downloads/cache/metadata-96.htm
07-05 13:57:07.179   545  7086 I DownloadManager: in removeSpuriousFiles, preserving file /data/data/com.android.providers.downloads/cache/metadata-578.htm
07-05 13:57:07.179   545  7086 I DownloadManager: in removeSpuriousFiles, preserving file /data/data/com.android.providers.downloads/cache/metadata-982.htm
07-05 13:57:07.183   545  7086 I DownloadManager: in removeSpuriousFiles, preserving file /data/data/com.android.providers.downloads/cache/metadata-310.htm
07-05 13:57:07.183   545  7086 I DownloadManager: in removeSpuriousFiles, preserving file /data/data/com.android.providers.downloads/cache/metadata-1515.htm
07-05 13:57:07.183   545  7086 I DownloadManager: in removeSpuriousFiles, preserving file /data/data/com.android.providers.downloads/cache/metadata-482.htm
07-05 13:57:07.183   545  7086 I DownloadManager: in removeSpuriousFiles, preserving file /data/data/com.android.providers.downloads/cache/metadata-1508.htm
07-05 13:57:07.183   545  7086 I DownloadManager: in removeSpuriousFiles, preserving file /data/data/com.android.providers.downloads/cache/metadata-660.htm
07-05 13:57:07.183   545  7086 I DownloadManager: in removeSpuriousFiles, preserving file /data/data/com.android.providers.downloads/cache/metadata-303.htm
07-05 13:57:07.183   545  7086 I DownloadManager: in removeSpuriousFiles, preserving file /data/data/com.android.providers.downloads/cache/metadata-635.htm
07-05 13:57:07.183   545  7086 I DownloadManager: in removeSpuriousFiles, preserving file /data/data/com.android.providers.downloads/cache/metadata-1375.htm
07-05 13:57:07.183   545  7086 I DownloadManager: in removeSpuriousFiles, preserving file /data/data/com.android.providers.downloads/cache/metadata-1074.htm
07-05 13:57:07.183   545  7086 I DownloadManager: in removeSpuriousFiles, preserving file /data/data/com.android.providers.downloads/cache/metadata-1258.htm
07-05 13:57:07.183   545  7086 I DownloadManager: in removeSpuriousFiles, preserving file /data/data/com.android.providers.downloads/cache/metadata-220.htm
07-05 13:57:07.183   545  7086 I DownloadManager: in removeSpuriousFiles, preserving file /data/data/com.android.providers.downloads/cache/metadata-1802.htm
07-05 13:57:07.183   545  7086 I DownloadManager: in removeSpuriousFiles, preserving file /data/data/com.android.providers.downloads/cache/metadata-387.htm
07-05 13:57:07.183   545  7086 I DownloadManager: in removeSpuriousFiles, preserving file /data/data/com.android.providers.downloads/cache/metadata-298.htm
07-05 13:57:07.187   545  7086 I DownloadManager: in removeSpuriousFiles, preserving file /data/data/com.android.providers.downloads/cache/metadata-1514.htm
07-05 13:57:07.187   545  7086 I DownloadManager: in removeSpuriousFiles, preserving file /data/data/com.android.providers.downloads/cache/metadata-806.htm
07-05 13:57:07.187   545  7086 I DownloadManager: in removeSpuriousFiles, preserving file /data/data/com.android.providers.downloads/cache/metadata-1241.htm
07-05 13:57:07.187   545  7086 I DownloadManager: in removeSpuriousFiles, preserving file /data/data/com.android.providers.downloads/cache/metadata-322.htm
07-05 13:57:07.187   545  7086 I DownloadManager: in removeSpuriousFiles, preserving file /data/data/com.android.providers.downloads/cache/metadata-1367.htm
07-05 13:57:07.187   545  7086 I DownloadManager: in removeSpuriousFiles, preserving file /data/data/com.android.providers.downloads/cache/metadata-1505.htm
07-05 13:57:07.187   545  7086 I DownloadManager: in removeSpuriousFiles, preserving file /data/data/com.android.providers.downloads/cache/metadata-108.htm
07-05 13:57:07.187   545  7086 I DownloadManager: in removeSpuriousFiles, preserving file /data/data/com.android.providers.downloads/cache/metadata-544.htm
07-05 13:57:07.187   545  7086 I DownloadManager: in removeSpuriousFiles, preserving file /data/data/com.android.providers.downloads/cache/metadata-937.htm
07-05 13:57:07.187   545  7086 I DownloadManager: in removeSpuriousFiles, preserving file /data/data/com.android.providers.downloads/cache/metadata-2787.htm
07-05 13:57:07.187   545  7086 I DownloadManager: in removeSpuriousFiles, preserving file /data/data/com.android.providers.downloads/cache/metadata-288.htm
07-05 13:57:07.187   545  7086 I DownloadManager: in removeSpuriousFiles, preserving file /data/data/com.android.providers.downloads/cache/metadata-883.htm
07-05 13:57:07.191   545  7086 I DownloadManager: in removeSpuriousFiles, preserving file /data/data/com.android.providers.downloads/cache/metadata-502.htm
07-05 13:57:07.191   545  7086 I DownloadManager: in removeSpuriousFiles, preserving file /data/data/com.android.providers.downloads/cache/metadata-516.htm
07-05 13:57:07.191   545  7086 I DownloadManager: in removeSpuriousFiles, preserving file /data/data/com.android.providers.downloads/cache/metadata-2058.htm
07-05 13:57:07.191   545  7086 I DownloadManager: in removeSpuriousFiles, preserving file /data/data/com.android.providers.downloads/cache/metadata-686.htm
07-05 13:57:07.191   545  7086 I DownloadManager: in removeSpuriousFiles, preserving file /data/data/com.android.providers.downloads/cache/metadata-906.htm
07-05 13:57:07.191   545  7086 I DownloadManager: in removeSpuriousFiles, preserving file /data/data/com.android.providers.downloads/cache/metadata-367.htm
07-05 13:57:07.191   545  7086 I DownloadManager: in removeSpuriousFiles, preserving file /data/data/com.android.providers.downloads/cache/metadata-92.htm
07-05 13:57:07.191   545  7086 I DownloadManager: in removeSpuriousFiles, preserving file /data/data/com.android.providers.downloads/cache/metadata-1020.htm
07-05 13:57:07.191   545  7086 I DownloadManager: in removeSpuriousFiles, preserving file /data/data/com.android.providers.downloads/cache/metadata-1040.htm
07-05 13:57:07.195   545  7086 I DownloadManager: in removeSpuriousFiles, preserving file /data/data/com.android.providers.downloads/cache/metadata-985.htm
07-05 13:57:07.195   545  7086 I DownloadManager: in removeSpuriousFiles, preserving file /data/data/com.android.providers.downloads/cache/metadata-1472.htm
07-05 13:57:07.195   545  7086 I DownloadManager: in removeSpuriousFiles, preserving file /data/data/com.android.providers.downloads/cache/metadata-704.htm
07-05 13:57:07.195   545  7086 I DownloadManager: in removeSpuriousFiles, preserving file /data/data/com.android.providers.downloads/cache/metadata-2080.htm
07-05 13:57:07.195   545  7086 I DownloadManager: in removeSpuriousFiles, preserving file /data/data/com.android.providers.downloads/cache/metadata-2185.htm
07-05 13:57:07.195   545  7086 I DownloadManager: in removeSpuriousFiles, preserving file /data/data/com.android.providers.downloads/cache/metadata-1187.htm
07-05 13:57:07.195   545  7086 I DownloadManager: in removeSpuriousFiles, preserving file /data/data/com.android.providers.downloads/cache/metadata-1249.htm
07-05 13:57:07.199   545  7086 I DownloadManager: in removeSpuriousFiles, preserving file /data/data/com.android.providers.downloads/cache/metadata-552.htm
07-05 13:57:07.199   545  7086 I DownloadManager: in removeSpuriousFiles, preserving file /data/data/com.android.providers.downloads/cache/metadata-684.htm
07-05 13:57:07.199   545  7086 I DownloadManager: in removeSpuriousFiles, preserving file /data/data/com.android.providers.downloads/cache/metadata-1947.htm
07-05 13:57:07.199   545  7086 I DownloadManager: in removeSpuriousFiles, preserving file /data/data/com.android.providers.downloads/cache/metadata-963.htm
07-05 13:57:07.199   545  7086 I DownloadManager: in removeSpuriousFiles, preserving file /data/data/com.android.providers.downloads/cache/metadata-1332.htm
07-05 13:57:07.199   545  7086 I DownloadManager: in removeSpuriousFiles, preserving file /data/data/com.android.providers.downloads/cache/metadata-1634.htm
07-05 13:57:07.199   545  7086 I DownloadManager: in removeSpuriousFiles, preserving file /data/data/com.android.providers.downloads/cache/metadata-984.htm
07-05 13:57:07.199   545  7086 I DownloadManager: in removeSpuriousFiles, preserving file /data/data/com.android.providers.downloads/cache/metadata-745.htm
07-05 13:57:07.203   545  7086 I DownloadManager: in removeSpuriousFiles, preserving file /data/data/com.android.providers.downloads/cache/metadata-620.htm
07-05 13:57:07.203   545  7086 I DownloadManager: in removeSpuriousFiles, preserving file /data/data/com.android.providers.downloads/cache/metadata-716.htm
07-05 13:57:07.203   545  7086 I DownloadManager: in removeSpuriousFiles, preserving file /data/data/com.android.providers.downloads/cache/metadata-243.htm
07-05 13:57:07.203   545  7086 I DownloadManager: in removeSpuriousFiles, preserving file /data/data/com.android.providers.downloads/cache/metadata-1754.htm
07-05 13:57:07.203   545  7086 I DownloadManager: in removeSpuriousFiles, preserving file /data/data/com.android.providers.downloads/cache/metadata-1270.htm
07-05 13:57:07.203   545  7086 I DownloadManager: in removeSpuriousFiles, preserving file /data/data/com.android.providers.downloads/cache/metadata-766.htm
07-05 13:57:07.203   545  7086 I DownloadManager: in removeSpuriousFiles, preserving file /data/data/com.android.providers.downloads/cache/metadata-323.htm
07-05 13:57:07.207   545  7086 I DownloadManager: in removeSpuriousFiles, preserving file /data/data/com.android.providers.downloads/cache/metadata-33.htm
07-05 13:57:07.207   545  7086 I DownloadManager: in removeSpuriousFiles, preserving file /data/data/com.android.providers.downloads/cache/metadata-3.htm
07-05 13:57:07.207   545  7086 I DownloadManager: in removeSpuriousFiles, preserving file /data/data/com.android.providers.downloads/cache/metadata-27.htm
07-05 13:57:07.207   545  7086 I DownloadManager: in removeSpuriousFiles, preserving file /data/data/com.android.providers.downloads/cache/metadata-14.htm
07-05 13:57:07.207   545  7086 I DownloadManager: in removeSpuriousFiles, preserving file /data/data/com.android.providers.downloads/cache/metadata-274.htm
07-05 13:57:07.207   545  7086 I DownloadManager: in removeSpuriousFiles, preserving file /data/data/com.android.providers.downloads/cache/metadata-238.htm
07-05 13:57:07.207   545  7086 I DownloadManager: in removeSpuriousFiles, preserving file /data/data/com.android.providers.downloads/cache/metadata-30.htm
07-05 13:57:07.207   545  7086 I DownloadManager: in removeSpuriousFiles, preserving file /data/data/com.android.providers.downloads/cache/metadata-155.htm
07-05 13:57:07.207   545  7086 I DownloadManager: in removeSpuriousFiles, preserving file /data/data/com.android.providers.downloads/cache/metadata-304.htm
07-05 13:57:07.207   545  7086 I DownloadManager: in removeSpuriousFiles, preserving file /data/data/com.android.providers.downloads/cache/metadata-373.htm
07-05 13:57:07.207   545  7086 I DownloadManager: in removeSpuriousFiles, preserving file /data/data/com.android.providers.downloads/cache/metadata-137.htm
07-05 13:57:07.207   545  7086 I DownloadManager: in removeSpuriousFiles, preserving file /data/data/com.android.providers.downloads/cache/metadata-318.htm
07-05 13:57:07.207   545  7086 I DownloadManager: in removeSpuriousFiles, preserving file /data/data/com.android.providers.downloads/cache/metadata-65.htm
07-05 13:57:07.207   545  7086 I DownloadManager: in removeSpuriousFiles, preserving file /data/data/com.android.providers.downloads/cache/metadata-369.htm
07-05 13:57:07.207   545  7086 I DownloadManager: in removeSpuriousFiles, preserving file /data/data/com.android.providers.downloads/cache/metadata-66.htm
07-05 13:57:07.207   545  7086 I DownloadManager: in removeSpuriousFiles, preserving file /data/data/com.android.providers.downloads/cache/metadata-162.htm
07-05 13:57:07.207   545  7086 I DownloadManager: in removeSpuriousFiles, preserving file /data/data/com.android.providers.downloads/cache/metadata-424.htm
07-05 13:57:07.207   545  7086 I DownloadManager: in removeSpuriousFiles, preserving file /data/data/com.android.providers.downloads/cache/metadata-242.htm
07-05 13:57:07.207   545  7086 I DownloadManager: in removeSpuriousFiles, preserving file /data/data/com.android.providers.downloads/cache/metadata-1519.htm
07-05 13:57:07.207   545  7086 I DownloadManager: in removeSpuriousFiles, preserving file /data/data/com.android.providers.downloads/cache/metadata-266.htm
07-05 13:57:07.207   545  7086 I DownloadManager: in removeSpuriousFiles, preserving file /data/data/com.android.providers.downloads/cache/metadata-191.htm
07-05 13:57:07.207   545  7086 I DownloadManager: in removeSpuriousFiles, preserving file /data/data/com.android.providers.downloads/cache/metadata-152.htm
07-05 13:57:07.207   545  7086 I DownloadManager: in removeSpuriousFiles, preserving file /data/data/com.android.providers.downloads/cache/metadata-275.htm
07-05 13:57:07.207   545  7086 I DownloadManager: in removeSpuriousFiles, preserving file /data/data/com.android.providers.downloads/cache/metadata-392.htm
07-05 13:57:07.207   545  7086 I DownloadManager: in removeSpuriousFiles, preserving file /data/data/com.android.providers.downloads/cache/metadata-451.htm
07-05 13:57:07.207   545  7086 I DownloadManager: in removeSpuriousFiles, preserving file /data/data/com.android.providers.downloads/cache/metadata-128.htm
07-05 13:57:07.207   545  7086 I DownloadManager: in removeSpuriousFiles, preserving file /data/data/com.android.providers.downloads/cache/metadata-2251.htm
07-05 13:57:07.207   545  7086 I DownloadManager: in removeSpuriousFiles, preserving file /data/data/com.android.providers.downloads/cache/metadata-321.htm
07-05 13:57:07.207   545  7086 I DownloadManager: in removeSpuriousFiles, preserving file /data/data/com.android.providers.downloads/cache/metadata-404.htm
07-05 13:57:07.207   545  7086 I DownloadManager: in removeSpuriousFiles, preserving file /data/data/com.android.providers.downloads/cache/metadata-333.htm
07-05 13:57:07.211   545  7086 I DownloadManager: in removeSpuriousFiles, preserving file /data/data/com.android.providers.downloads/cache/metadata-1123.htm
07-05 13:57:07.211   545  7086 I DownloadManager: in removeSpuriousFiles, preserving file /data/data/com.android.providers.downloads/cache/metadata-271.htm
07-05 13:57:07.211   545  7086 I DownloadManager: in removeSpuriousFiles, preserving file /data/data/com.android.providers.downloads/cache/metadata-381.htm
07-05 13:57:07.211   545  7086 I DownloadManager: in removeSpuriousFiles, preserving file /data/data/com.android.providers.downloads/cache/metadata-357.htm
07-05 13:57:07.211   545  7086 I DownloadManager: in removeSpuriousFiles, preserving file /data/data/com.android.providers.downloads/cache/metadata-465.htm
07-05 13:57:07.211   545  7086 I DownloadManager: in removeSpuriousFiles, preserving file /data/data/com.android.providers.downloads/cache/metadata-390.htm
07-05 13:57:07.211   545  7086 I DownloadManager: in removeSpuriousFiles, preserving file /data/data/com.android.providers.downloads/cache/metadata-1614.htm
07-05 13:57:07.211   545  7086 I DownloadManager: in removeSpuriousFiles, preserving file /data/data/com.android.providers.downloads/cache/metadata-1186.htm
07-05 13:57:07.211   545  7086 I DownloadManager: in removeSpuriousFiles, preserving file /data/data/com.android.providers.downloads/cache/metadata-313.htm
07-05 13:57:07.211   545  7086 I DownloadManager: in removeSpuriousFiles, preserving file /data/data/com.android.providers.downloads/cache/metadata-429.htm
07-05 13:57:07.211   545  7086 I DownloadManager: in removeSpuriousFiles, preserving file /data/data/com.android.providers.downloads/cache/metadata-618.htm
07-05 13:57:07.211   545  7086 I DownloadManager: in removeSpuriousFiles, preserving file /data/data/com.android.providers.downloads/cache/metadata-380.htm
07-05 13:57:07.211   545  7086 I DownloadManager: in removeSpuriousFiles, preserving file /data/data/com.android.providers.downloads/cache/metadata-1190.htm
07-05 13:57:07.211   545  7086 I DownloadManager: in removeSpuriousFiles, preserving file /data/data/com.android.providers.downloads/cache/metadata-1795.htm
07-05 13:57:07.211   545  7086 I DownloadManager: in removeSpuriousFiles, preserving file /data/data/com.android.providers.downloads/cache/metadata-343.htm
07-05 13:57:07.211   545  7086 I DownloadManager: in removeSpuriousFiles, preserving file /data/data/com.android.providers.downloads/cache/metadata-500.htm
07-05 13:57:07.211   545  7086 I DownloadManager: in removeSpuriousFiles, preserving file /data/data/com.android.providers.downloads/cache/metadata-459.htm
07-05 13:57:07.211   545  7086 I DownloadManager: in removeSpuriousFiles, preserving file /data/data/com.android.providers.downloads/cache/metadata-411.htm
07-05 13:57:07.211   545  7086 I DownloadManager: in removeSpuriousFiles, preserving file /data/data/com.android.providers.downloads/cache/metadata-461.htm
07-05 13:57:07.211   545  7086 I DownloadManager: in removeSpuriousFiles, preserving file /data/data/com.android.providers.downloads/cache/metadata-239.htm
07-05 13:57:07.211   545  7086 I DownloadManager: in removeSpuriousFiles, preserving file /data/data/com.android.providers.downloads/cache/metadata-798.htm
07-05 13:57:07.211   545  7086 I DownloadManager: in removeSpuriousFiles, preserving file /data/data/com.android.providers.downloads/cache/metadata-203.htm
07-05 13:57:07.215   545  7086 I DownloadManager: in removeSpuriousFiles, preserving file /data/data/com.android.providers.downloads/cache/metadata-296.htm
07-05 13:57:07.215   545  7086 I DownloadManager: in removeSpuriousFiles, preserving file /data/data/com.android.providers.downloads/cache/metadata-441.htm
07-05 13:57:07.215   545  7086 I DownloadManager: in removeSpuriousFiles, preserving file /data/data/com.android.providers.downloads/cache/metadata-311.htm
07-05 13:57:07.215   545  7086 I DownloadManager: in removeSpuriousFiles, preserving file /data/data/com.android.providers.downloads/cache/metadata-494.htm
07-05 13:57:07.215   545  7086 I DownloadManager: in removeSpuriousFiles, preserving file /data/data/com.android.providers.downloads/cache/metadata-401.htm
07-05 13:57:07.215   545  7086 I DownloadManager: in removeSpuriousFiles, preserving file /data/data/com.android.providers.downloads/cache/metadata-354.htm
07-05 13:57:07.215   545  7086 I DownloadManager: in removeSpuriousFiles, preserving file /data/data/com.android.providers.downloads/cache/metadata-1975.htm
07-05 13:57:07.215   545  7086 I DownloadManager: in removeSpuriousFiles, preserving file /data/data/com.android.providers.downloads/cache/metadata-979.htm
07-05 13:57:07.215   545  7086 I DownloadManager: in removeSpuriousFiles, preserving file /data/data/com.android.providers.downloads/cache/metadata-408.htm
07-05 13:57:07.215   545  7086 I DownloadManager: in removeSpuriousFiles, preserving file /data/data/com.android.providers.downloads/cache/metadata-1921.htm
07-05 13:57:07.215   545  7086 I DownloadManager: in removeSpuriousFiles, preserving file /data/data/com.android.providers.downloads/cache/metadata-486.htm
07-05 13:57:07.215   545  7086 I DownloadManager: in removeSpuriousFiles, preserving file /data/data/com.android.providers.downloads/cache/metadata-440.htm
07-05 13:57:07.215   545  7086 I DownloadManager: in removeSpuriousFiles, preserving file /data/data/com.android.providers.downloads/cache/metadata-517.htm
07-05 13:57:07.215   545  7086 I DownloadManager: in removeSpuriousFiles, preserving file /data/data/com.android.providers.downloads/cache/metadata-548.htm
07-05 13:57:07.215   545  7086 I DownloadManager: in removeSpuriousFiles, preserving file /data/data/com.android.providers.downloads/cache/metadata-1373.htm
07-05 13:57:07.215   545  7086 I DownloadManager: in removeSpuriousFiles, preserving file /data/data/com.android.providers.downloads/cache/metadata-1174.htm
07-05 13:57:07.215   545  7086 I DownloadManager: in removeSpuriousFiles, preserving file /data/data/com.android.providers.downloads/cache/metadata-286.htm
07-05 13:57:07.215   545  7086 I DownloadManager: in removeSpuriousFiles, preserving file /data/data/com.android.providers.downloads/cache/metadata-1261.htm
07-05 13:57:07.218   545  7086 I DownloadManager: in removeSpuriousFiles, preserving file /data/data/com.android.providers.downloads/cache/metadata-700.htm
07-05 13:57:07.218   545  7086 I DownloadManager: in removeSpuriousFiles, preserving file /data/data/com.android.providers.downloads/cache/metadata-426.htm
07-05 13:57:07.273   545  7086 D dalvikvm: GC_FOR_ALLOC freed 739K, 8% free 10810K/11719K, paused 24ms
07-05 13:57:07.273   545  7086 I DownloadManager: in removeSpuriousFiles, preserving file /data/data/com.android.providers.downloads/cache/metadata-1256.htm
07-05 13:57:07.273   545  7086 I DownloadManager: in removeSpuriousFiles, preserving file /data/data/com.android.providers.downloads/cache/metadata-1773.htm
07-05 13:57:07.273   545  7086 I DownloadManager: in removeSpuriousFiles, preserving file /data/data/com.android.providers.downloads/cache/metadata-589.htm
07-05 13:57:07.273   545  7086 I DownloadManager: in removeSpuriousFiles, preserving file /data/data/com.android.providers.downloads/cache/metadata-1446.htm
07-05 13:57:07.273   545  7086 I DownloadManager: in removeSpuriousFiles, preserving file /data/data/com.android.providers.downloads/cache/metadata-655.htm
07-05 13:57:07.273   545  7086 I DownloadManager: in removeSpuriousFiles, preserving file /data/data/com.android.providers.downloads/cache/metadata-860.htm
07-05 13:57:07.273   545  7086 I DownloadManager: in removeSpuriousFiles, preserving file /data/data/com.android.providers.downloads/cache/metadata-1513.htm
07-05 13:57:07.273   545  7086 I DownloadManager: in removeSpuriousFiles, preserving file /data/data/com.android.providers.downloads/cache/metadata-777.htm
07-05 13:57:07.273   545  7086 I DownloadManager: in removeSpuriousFiles, preserving file /data/data/com.android.providers.downloads/cache/metadata-453.htm
07-05 13:57:07.273   545  7086 I DownloadManager: in removeSpuriousFiles, preserving file /data/data/com.android.providers.downloads/cache/metadata-432.htm
07-05 13:57:07.273   545  7086 I DownloadManager: in removeSpuriousFiles, preserving file /data/data/com.android.providers.downloads/cache/metadata-613.htm
07-05 13:57:07.273   545  7086 I DownloadManager: in removeSpuriousFiles, preserving file /data/data/com.android.providers.downloads/cache/metadata-1464.htm
07-05 13:57:07.273   545  7086 I DownloadManager: in removeSpuriousFiles, preserving file /data/data/com.android.providers.downloads/cache/metadata-717.htm
07-05 13:57:07.281   545  7086 I DownloadManager: in removeSpuriousFiles, preserving file /data/data/com.android.providers.downloads/cache/metadata-508.htm
07-05 13:57:07.281   545  7086 I DownloadManager: in removeSpuriousFiles, preserving file /data/data/com.android.providers.downloads/cache/metadata-1120.htm
07-05 13:57:07.281   545  7086 I DownloadManager: in removeSpuriousFiles, preserving file /data/data/com.android.providers.downloads/cache/metadata-1410.htm
07-05 13:57:07.281   545  7086 I DownloadManager: in removeSpuriousFiles, preserving file /data/data/com.android.providers.downloads/cache/metadata-518.htm
07-05 13:57:07.281   545  7086 I DownloadManager: in removeSpuriousFiles, preserving file /data/data/com.android.providers.downloads/cache/metadata-272.htm
07-05 13:57:07.281   545  7086 I DownloadManager: in removeSpuriousFiles, preserving file /data/data/com.android.providers.downloads/cache/metadata-370.htm
07-05 13:57:07.281   545  7086 I DownloadManager: in removeSpuriousFiles, preserving file /data/data/com.android.providers.downloads/cache/metadata-146.htm
07-05 13:57:07.281   545  7086 I DownloadManager: in removeSpuriousFiles, preserving file /data/data/com.android.providers.downloads/cache/metadata-356.htm
07-05 13:57:07.281   545  7086 I DownloadManager: in removeSpuriousFiles, preserving file /data/data/com.android.providers.downloads/cache/metadata-998.htm
07-05 13:57:07.281   545  7086 I DownloadManager: in removeSpuriousFiles, preserving file /data/data/com.android.providers.downloads/cache/metadata-1611.htm
07-05 13:57:07.285   545  7086 I DownloadManager: in removeSpuriousFiles, preserving file /data/data/com.android.providers.downloads/cache/metadata-627.htm
07-05 13:57:07.285   545  7086 I DownloadManager: in removeSpuriousFiles, preserving file /data/data/com.android.providers.downloads/cache/metadata-1165.htm
07-05 13:57:07.285   545  7086 I DownloadManager: in removeSpuriousFiles, preserving file /data/data/com.android.providers.downloads/cache/metadata-1268.htm
07-05 13:57:07.285   545  7086 I DownloadManager: in removeSpuriousFiles, preserving file /data/data/com.android.providers.downloads/cache/metadata-1084.htm
07-05 13:57:07.285   545  7086 I DownloadManager: in removeSpuriousFiles, preserving file /data/data/com.android.providers.downloads/cache/metadata-119.htm
07-05 13:57:07.285   545  7086 I DownloadManager: in removeSpuriousFiles, preserving file /data/data/com.android.providers.downloads/cache/metadata-1213.htm
07-05 13:57:07.285   545  7086 I DownloadManager: in removeSpuriousFiles, preserving file /data/data/com.android.providers.downloads/cache/metadata-1404.htm
07-05 13:57:07.285   545  7086 I DownloadManager: in removeSpuriousFiles, preserving file /data/data/com.android.providers.downloads/cache/metadata-1459.htm
07-05 13:57:07.285   545  7086 I DownloadManager: in removeSpuriousFiles, preserving file /data/data/com.android.providers.downloads/cache/metadata-977.htm
07-05 13:57:07.285   545  7086 I DownloadManager: in removeSpuriousFiles, preserving file /data/data/com.android.providers.downloads/cache/metadata-2089.htm
07-05 13:57:07.285   545  7086 I DownloadManager: in removeSpuriousFiles, preserving file /data/data/com.android.providers.downloads/cache/metadata-537.htm
07-05 13:57:07.297   545  7086 I DownloadManager: in removeSpuriousFiles, preserving file /data/data/com.android.providers.downloads/cache/metadata-1413.htm
07-05 13:57:07.297   545  7086 I DownloadManager: in removeSpuriousFiles, preserving file /data/data/com.android.providers.downloads/cache/metadata-870.htm
07-05 13:57:07.297   545  7086 I DownloadManager: in removeSpuriousFiles, preserving file /data/data/com.android.providers.downloads/cache/metadata-1131.htm
07-05 13:57:07.297   545  7086 I DownloadManager: in removeSpuriousFiles, preserving file /data/data/com.android.providers.downloads/cache/metadata-1762.htm
07-05 13:57:07.297   545  7086 I DownloadManager: in removeSpuriousFiles, preserving file /data/data/com.android.providers.downloads/cache/metadata-460.htm
07-05 13:57:07.297   545  7086 I DownloadManager: in removeSpuriousFiles, preserving file /data/data/com.android.providers.downloads/cache/metadata-463.htm
07-05 13:57:07.297   545  7086 I DownloadManager: in removeSpuriousFiles, preserving file /data/data/com.android.providers.downloads/cache/metadata-1299.htm
07-05 13:57:07.297   545  7086 I DownloadManager: in removeSpuriousFiles, preserving file /data/data/com.android.providers.downloads/cache/metadata-853.htm
07-05 13:57:07.304   545  7086 I DownloadManager: in removeSpuriousFiles, preserving file /data/data/com.android.providers.downloads/cache/metadata-504.htm
07-05 13:57:07.304   545  7086 I DownloadManager: in removeSpuriousFiles, preserving file /data/data/com.android.providers.downloads/cache/metadata-617.htm
07-05 13:57:07.304   545  7086 I DownloadManager: in removeSpuriousFiles, preserving file /data/data/com.android.providers.downloads/cache/metadata-1161.htm
07-05 13:57:07.304   545  7086 I DownloadManager: in removeSpuriousFiles, preserving file /data/data/com.android.providers.downloads/cache/metadata-2086.htm
07-05 13:57:07.304   545  7086 I DownloadManager: in removeSpuriousFiles, preserving file /data/data/com.android.providers.downloads/cache/metadata-819.htm
07-05 13:57:07.304   545  7086 I DownloadManager: in removeSpuriousFiles, preserving file /data/data/com.android.providers.downloads/cache/metadata-621.htm
07-05 13:57:07.304   545  7086 I DownloadManager: in removeSpuriousFiles, preserving file /data/data/com.android.providers.downloads/cache/metadata-1671.htm
07-05 13:57:07.304   545  7086 I DownloadManager: in removeSpuriousFiles, preserving file /data/data/com.android.providers.downloads/cache/metadata-364.htm
07-05 13:57:07.304   545  7086 I DownloadManager: in removeSpuriousFiles, preserving file /data/data/com.android.providers.downloads/cache/metadata-478.htm
07-05 13:57:07.308   545  7086 I DownloadManager: in removeSpuriousFiles, preserving file /data/data/com.android.providers.downloads/cache/metadata.htm
07-05 13:57:07.308   545  7086 I DownloadManager: in removeSpuriousFiles, preserving file /data/data/com.android.providers.downloads/cache/metadata-178.htm
07-05 13:57:07.308   545  7086 I DownloadManager: in removeSpuriousFiles, preserving file /data/data/com.android.providers.downloads/cache/metadata-1428.htm
07-05 13:57:07.308   545  7086 I DownloadManager: in removeSpuriousFiles, preserving file /data/data/com.android.providers.downloads/cache/metadata-6.htm
07-05 13:57:07.308   545  7086 I DownloadManager: in removeSpuriousFiles, preserving file /data/data/com.android.providers.downloads/cache/metadata-167.htm
07-05 13:57:07.308   545  7086 I DownloadManager: in removeSpuriousFiles, preserving file /data/data/com.android.providers.downloads/cache/metadata-18.htm
07-05 13:57:07.308   545  7086 I DownloadManager: in removeSpuriousFiles, preserving file /data/data/com.android.providers.downloads/cache/metadata-213.htm
07-05 13:57:07.308   545  7086 I DownloadManager: in removeSpuriousFiles, preserving file /data/data/com.android.providers.downloads/cache/metadata-29.htm
07-05 13:57:07.308   545  7086 I DownloadManager: in removeSpuriousFiles, preserving file /data/data/com.android.providers.downloads/cache/metadata-438.htm
07-05 13:57:07.308   545  7086 I DownloadManager: in removeSpuriousFiles, preserving file /data/data/com.android.providers.downloads/cache/metadata-165.htm
07-05 13:57:07.308   545  7086 I DownloadManager: in removeSpuriousFiles, preserving file /data/data/com.android.providers.downloads/cache/metadata-338.htm
07-05 13:57:07.308   545  7086 I DownloadManager: in removeSpuriousFiles, preserving file /data/data/com.android.providers.downloads/cache/metadata-179.htm
07-05 13:57:07.308   545  7086 I DownloadManager: in removeSpuriousFiles, preserving file /data/data/com.android.providers.downloads/cache/metadata-204.htm
07-05 13:57:07.308   545  7086 I DownloadManager: in removeSpuriousFiles, preserving file /data/data/com.android.providers.downloads/cache/metadata-316.htm
07-05 13:57:07.308   545  7086 I DownloadManager: in removeSpuriousFiles, preserving file /data/data/com.android.providers.downloads/cache/metadata-287.htm
07-05 13:57:07.308   545  7086 I DownloadManager: in removeSpuriousFiles, preserving file /data/data/com.android.providers.downloads/cache/metadata-377.htm
07-05 13:57:07.308   545  7086 I DownloadManager: in removeSpuriousFiles, preserving file /data/data/com.android.providers.downloads/cache/metadata-86.htm
07-05 13:57:07.308   545  7086 I DownloadManager: in removeSpuriousFiles, preserving file /data/data/com.android.providers.downloads/cache/metadata-106.htm
07-05 13:57:07.308   545  7086 I DownloadManager: in removeSpuriousFiles, preserving file /data/data/com.android.providers.downloads/cache/metadata-330.htm
07-05 13:57:07.308   545  7086 I DownloadManager: in removeSpuriousFiles, preserving file /data/data/com.android.providers.downloads/cache/metadata-435.htm
07-05 13:57:07.308   545  7086 I DownloadManager: in removeSpuriousFiles, preserving file /data/data/com.android.providers.downloads/cache/metadata-396.htm
07-05 13:57:07.308   545  7086 I DownloadManager: in removeSpuriousFiles, preserving file /data/data/com.android.providers.downloads/cache/metadata-2141.htm
07-05 13:57:07.308   545  7086 I DownloadManager: in removeSpuriousFiles, preserving file /data/data/com.android.providers.downloads/cache/metadata-568.htm
07-05 13:57:07.308   545  7086 I DownloadManager: in removeSpuriousFiles, preserving file /data/data/com.android.providers.downloads/cache/metadata-189.htm
07-05 13:57:07.308   545  7086 I DownloadManager: in removeSpuriousFiles, preserving file /data/data/com.android.providers.downloads/cache/metadata-498.htm
07-05 13:57:07.308   545  7086 I DownloadManager: in removeSpuriousFiles, preserving file /data/data/com.android.providers.downloads/cache/metadata-228.htm
07-05 13:57:07.308   545  7086 I DownloadManager: in removeSpuriousFiles, preserving file /data/data/com.android.providers.downloads/cache/metadata-246.htm
07-05 13:57:07.308   545  7086 I DownloadManager: in removeSpuriousFiles, preserving file /data/data/com.android.providers.downloads/cache/metadata-173.htm
07-05 13:57:07.312   545  7086 I DownloadManager: in removeSpuriousFiles, preserving file /data/data/com.android.providers.downloads/cache/metadata-236.htm
07-05 13:57:07.312   545  7086 I DownloadManager: in removeSpuriousFiles, preserving file /data/data/com.android.providers.downloads/cache/metadata-346.htm
07-05 13:57:07.312   545  7086 I DownloadManager: in removeSpuriousFiles, preserving file /data/data/com.android.providers.downloads/cache/metadata-1835.htm
07-05 13:57:07.312   545  7086 I DownloadManager: in removeSpuriousFiles, preserving file /data/data/com.android.providers.downloads/cache/metadata-256.htm
07-05 13:57:07.312   545  7086 I DownloadManager: in removeSpuriousFiles, preserving file /data/data/com.android.providers.downloads/cache/metadata-1509.htm
07-05 13:57:07.312   545  7086 I DownloadManager: in removeSpuriousFiles, preserving file /data/data/com.android.providers.downloads/cache/metadata-472.htm
07-05 13:57:07.312   545  7086 I DownloadManager: in removeSpuriousFiles, preserving file /data/data/com.android.providers.downloads/cache/metadata-1144.htm
07-05 13:57:07.312   545  7086 I DownloadManager: in removeSpuriousFiles, preserving file /data/data/com.android.providers.downloads/cache/metadata-422.htm
07-05 13:57:07.312   545  7086 I DownloadManager: in removeSpuriousFiles, preserving file /data/data/com.android.providers.downloads/cache/metadata-1286.htm
07-05 13:57:07.312   545  7086 I DownloadManager: in removeSpuriousFiles, preserving file /data/data/com.android.providers.downloads/cache/metadata-382.htm
07-05 13:57:07.312   545  7086 I DownloadManager: in removeSpuriousFiles, preserving file /data/data/com.android.providers.downloads/cache/metadata-835.htm
07-05 13:57:07.312   545  7086 I DownloadManager: in removeSpuriousFiles, preserving file /data/data/com.android.providers.downloads/cache/metadata-154.htm
07-05 13:57:07.312   545  7086 I DownloadManager: in removeSpuriousFiles, preserving file /data/data/com.android.providers.downloads/cache/metadata-509.htm
07-05 13:57:07.312   545  7086 I DownloadManager: in removeSpuriousFiles, preserving file /data/data/com.android.providers.downloads/cache/metadata-473.htm
07-05 13:57:07.312   545  7086 I DownloadManager: in removeSpuriousFiles, preserving file /data/data/com.android.providers.downloads/cache/metadata-1531.htm
07-05 13:57:07.312   545  7086 I DownloadManager: in removeSpuriousFiles, preserving file /data/data/com.android.providers.downloads/cache/metadata-592.htm
07-05 13:57:07.312   545  7086 I DownloadManager: in removeSpuriousFiles, preserving file /data/data/com.android.providers.downloads/cache/metadata-358.htm
07-05 13:57:07.312   545  7086 I DownloadManager: in removeSpuriousFiles, preserving file /data/data/com.android.providers.downloads/cache/metadata-417.htm
07-05 13:57:07.312   545  7086 I DownloadManager: in removeSpuriousFiles, preserving file /data/data/com.android.providers.downloads/cache/metadata-190.htm
07-05 13:57:07.312   545  7086 I DownloadManager: in removeSpuriousFiles, preserving file /data/data/com.android.providers.downloads/cache/metadata-1018.htm
07-05 13:57:07.312   545  7086 I DownloadManager: in removeSpuriousFiles, preserving file /data/data/com.android.providers.downloads/cache/metadata-603.htm
07-05 13:57:07.312   545  7086 I DownloadManager: in removeSpuriousFiles, preserving file /data/data/com.android.providers.downloads/cache/metadata-264.htm
07-05 13:57:07.312   545  7086 I DownloadManager: in removeSpuriousFiles, preserving file /data/data/com.android.providers.downloads/cache/metadata-582.htm
07-05 13:57:07.312   545  7086 I DownloadManager: in removeSpuriousFiles, preserving file /data/data/com.android.providers.downloads/cache/metadata-1080.htm
07-05 13:57:07.312   545  7086 I DownloadManager: in removeSpuriousFiles, preserving file /data/data/com.android.providers.downloads/cache/metadata-406.htm
07-05 13:57:07.312   545  7086 I DownloadManager: in removeSpuriousFiles, preserving file /data/data/com.android.providers.downloads/cache/metadata-485.htm
07-05 13:57:07.312   545  7086 I DownloadManager: in removeSpuriousFiles, preserving file /data/data/com.android.providers.downloads/cache/metadata-1377.htm
07-05 13:57:07.316   545  7086 I DownloadManager: in removeSpuriousFiles, preserving file /data/data/com.android.providers.downloads/cache/metadata-469.htm
07-05 13:57:07.316   545  7086 I DownloadManager: in removeSpuriousFiles, preserving file /data/data/com.android.providers.downloads/cache/metadata-1524.htm
07-05 13:57:07.316   545  7086 I DownloadManager: in removeSpuriousFiles, preserving file /data/data/com.android.providers.downloads/cache/metadata-492.htm
07-05 13:57:07.316   545  7086 I DownloadManager: in removeSpuriousFiles, preserving file /data/data/com.android.providers.downloads/cache/metadata-622.htm
