07-05 13:05:50.860   545   548 D dalvikvm: GC_CONCURRENT freed 867K, 11% free 10481K/11719K, paused 2ms+2ms
07-05 13:05:51.047   545   548 D dalvikvm: GC_CONCURRENT freed 425K, 11% free 10451K/11719K, paused 2ms+2ms
07-05 13:05:51.153   545 28448 I DownloadManager: Initiating request for download 3358
07-05 13:05:51.231   545   548 D dalvikvm: GC_CONCURRENT freed 270K, 10% free 10617K/11719K, paused 1ms+3ms
07-05 13:05:51.332   545   548 D dalvikvm: GC_CONCURRENT freed 298K, 8% free 10797K/11719K, paused 2ms+3ms
07-05 13:05:51.481   545   548 D dalvikvm: GC_CONCURRENT freed 752K, 11% free 10513K/11719K, paused 2ms+3ms
07-05 13:05:51.688   545   548 D dalvikvm: GC_CONCURRENT freed 441K, 11% free 10468K/11719K, paused 2ms+3ms
07-05 13:05:51.871   545   548 D dalvikvm: GC_CONCURRENT freed 414K, 11% free 10449K/11719K, paused 2ms+2ms
07-05 13:05:51.953   545 28451 I DownloadManager: Initiating request for download 3359
07-05 13:05:52.067   545   548 D dalvikvm: GC_CONCURRENT freed 220K, 9% free 10689K/11719K, paused 2ms+3ms
07-05 13:05:52.168   545   548 D dalvikvm: GC_CONCURRENT freed 351K, 8% free 10860K/11719K, paused 2ms+3ms
07-05 13:05:52.375  1370 28453 E DictionaryProvider:UpdateHandler: Can't read a file : android.util.MalformedJsonException: Use JsonReader.setLenient(true) to accept malformed JSON at line 1 column 20
07-05 13:05:52.414  1370  1372 D dalvikvm: GC_CONCURRENT freed 391K, 7% free 9128K/9735K, paused 2ms+2ms
07-05 13:05:52.418   545   548 D dalvikvm: GC_CONCURRENT freed 872K, 11% free 10486K/11719K, paused 1ms+3ms
07-05 13:05:52.621   545   548 D dalvikvm: GC_CONCURRENT freed 423K, 11% free 10458K/11719K, paused 2ms+2ms
07-05 13:05:52.731   545 28456 I DownloadManager: Initiating request for download 3359
07-05 13:05:52.817   545   548 D dalvikvm: GC_CONCURRENT freed 305K, 9% free 10686K/11719K, paused 2ms+3ms
07-05 13:05:52.922   545   548 D dalvikvm: GC_CONCURRENT freed 341K, 8% free 10829K/11719K, paused 2ms+2ms
07-05 13:05:53.090   545   548 D dalvikvm: GC_CONCURRENT freed 794K, 11% free 10518K/11719K, paused 2ms+4ms
07-05 13:05:53.293   545   548 D dalvikvm: GC_CONCURRENT freed 443K, 11% free 10466K/11719K, paused 2ms+2ms
07-05 13:05:53.492   545   548 D dalvikvm: GC_CONCURRENT freed 412K, 11% free 10448K/11719K, paused 1ms+2ms
07-05 13:05:53.555   545 28459 I DownloadManager: Initiating request for download 3360
07-05 13:05:53.656   545   548 D dalvikvm: GC_CONCURRENT freed 186K, 9% free 10721K/11719K, paused 2ms+3ms
07-05 13:05:53.762   545   548 D dalvikvm: GC_CONCURRENT freed 430K, 9% free 10765K/11719K, paused 1ms+2ms
07-05 13:05:53.961  1370 28461 E DictionaryProvider:UpdateHandler: Can't read a file : android.util.MalformedJsonException: Use JsonReader.setLenient(true) to accept malformed JSON at line 1 column 20
07-05 13:05:54.020   545   548 D dalvikvm: GC_CONCURRENT freed 741K, 11% free 10503K/11719K, paused 2ms+3ms
07-05 13:05:54.211   545   548 D dalvikvm: GC_CONCURRENT freed 437K, 11% free 10460K/11719K, paused 2ms+3ms
07-05 13:05:54.332   545 28464 I DownloadManager: Initiating request for download 3360
07-05 13:05:54.406   545   548 D dalvikvm: GC_CONCURRENT freed 304K, 10% free 10601K/11719K, paused 2ms+2ms
07-05 13:05:54.508   545   548 D dalvikvm: GC_CONCURRENT freed 292K, 8% free 10799K/11719K, paused 2ms+3ms
07-05 13:05:54.664   156   167 D dalvikvm: GC_EXPLICIT freed 477K, 13% free 14082K/16007K, paused 3ms+5ms
07-05 13:05:54.727   545   548 D dalvikvm: GC_CONCURRENT freed 748K, 11% free 10522K/11719K, paused 2ms+3ms
07-05 13:05:54.938   545   548 D dalvikvm: GC_CONCURRENT freed 449K, 11% free 10469K/11719K, paused 2ms+2ms
07-05 13:05:55.137   545   548 D dalvikvm: GC_CONCURRENT freed 422K, 11% free 10439K/11719K, paused 2ms+2ms
07-05 13:05:55.223   545 28467 I DownloadManager: Initiating request for download 3361
07-05 13:05:55.321   545   548 D dalvikvm: GC_CONCURRENT freed 224K, 9% free 10673K/11719K, paused 2ms+2ms
07-05 13:05:55.434   545   548 D dalvikvm: GC_CONCURRENT freed 327K, 8% free 10877K/11719K, paused 2ms+3ms
07-05 13:05:55.606  1370 28469 E DictionaryProvider:UpdateHandler: Can't read a file : android.util.MalformedJsonException: Use JsonReader.setLenient(true) to accept malformed JSON at line 1 column 20
07-05 13:05:55.688   545   548 D dalvikvm: GC_CONCURRENT freed 895K, 11% free 10478K/11719K, paused 2ms+2ms
07-05 13:05:55.867   545   548 D dalvikvm: GC_CONCURRENT freed 425K, 11% free 10448K/11719K, paused 2ms+2ms
07-05 13:05:55.988   545 28472 I DownloadManager: Initiating request for download 3361
07-05 13:05:56.035   545   548 D dalvikvm: GC_CONCURRENT freed 322K, 11% free 10516K/11719K, paused 2ms+3ms
07-05 13:05:56.141   545   548 D dalvikvm: GC_CONCURRENT freed 222K, 9% free 10752K/11719K, paused 2ms+3ms
07-05 13:05:56.258   545   548 D dalvikvm: GC_CONCURRENT freed 482K, 9% free 10752K/11719K, paused 1ms+2ms
07-05 13:05:56.500   545   548 D dalvikvm: GC_CONCURRENT freed 750K, 11% free 10474K/11719K, paused 3ms+2ms
07-05 13:05:56.680   545   548 D dalvikvm: GC_CONCURRENT freed 426K, 11% free 10443K/11719K, paused 2ms+2ms
07-05 13:05:56.781   545 28475 I DownloadManager: Initiating request for download 3362
07-05 13:05:56.875   545   548 D dalvikvm: GC_CONCURRENT freed 234K, 9% free 10668K/11719K, paused 2ms+5ms
07-05 13:05:56.977   545   548 D dalvikvm: GC_CONCURRENT freed 300K, 8% free 10829K/11719K, paused 1ms+3ms
07-05 13:05:57.164   545   548 D dalvikvm: GC_CONCURRENT freed 839K, 11% free 10478K/11719K, paused 2ms+3ms
07-05 13:05:57.215  1370 28477 E DictionaryProvider:UpdateHandler: Can't read a file : android.util.MalformedJsonException: Use JsonReader.setLenient(true) to accept malformed JSON at line 1 column 20
07-05 13:05:57.313   465   467 D dalvikvm: GC_CONCURRENT freed 441K, 6% free 10513K/11079K, paused 1ms+2ms
07-05 13:05:57.438   545   548 D dalvikvm: GC_CONCURRENT freed 408K, 11% free 10465K/11719K, paused 2ms+4ms
07-05 13:05:57.625   545   548 D dalvikvm: GC_CONCURRENT freed 409K, 11% free 10442K/11719K, paused 2ms+2ms
07-05 13:05:57.645   545 28480 I DownloadManager: Initiating request for download 3362
07-05 13:05:57.742   545   548 D dalvikvm: GC_CONCURRENT freed 171K, 9% free 10715K/11719K, paused 2ms+3ms
07-05 13:05:57.852   545   548 D dalvikvm: GC_CONCURRENT freed 427K, 9% free 10758K/11719K, paused 1ms+2ms
07-05 13:05:58.067   545   548 D dalvikvm: GC_CONCURRENT freed 749K, 11% free 10478K/11719K, paused 1ms+3ms
07-05 13:05:58.254   545   548 D dalvikvm: GC_CONCURRENT freed 423K, 11% free 10450K/11719K, paused 2ms+3ms
07-05 13:05:58.410   545 28483 I DownloadManager: Initiating request for download 3363
07-05 13:05:58.477   545   548 D dalvikvm: GC_CONCURRENT freed 300K, 10% free 10594K/11719K, paused 2ms+3ms
07-05 13:05:58.582   545   548 D dalvikvm: GC_CONCURRENT freed 279K, 8% free 10788K/11719K, paused 2ms+2ms
07-05 13:05:58.723   545   548 D dalvikvm: GC_CONCURRENT freed 743K, 11% free 10521K/11719K, paused 2ms+3ms
07-05 13:05:58.879   545  7239 D dalvikvm: GC_EXPLICIT freed 238K, 11% free 10489K/11719K, paused 2ms+3ms
07-05 13:05:58.879  1370 28485 E DictionaryProvider:UpdateHandler: Can't read a file : android.util.MalformedJsonException: Use JsonReader.setLenient(true) to accept malformed JSON at line 1 column 20
07-05 13:05:58.930  1370  1372 D dalvikvm: GC_CONCURRENT freed 390K, 7% free 9128K/9735K, paused 6ms+2ms
07-05 13:05:59.110   545   548 D dalvikvm: GC_CONCURRENT freed 426K, 11% free 10457K/11719K, paused 2ms+2ms
07-05 13:05:59.246   545 28488 I DownloadManager: Initiating request for download 3363
07-05 13:05:59.293   545   548 D dalvikvm: GC_CONCURRENT freed 369K, 11% free 10518K/11719K, paused 2ms+3ms
07-05 13:05:59.403   545   548 D dalvikvm: GC_CONCURRENT freed 215K, 9% free 10751K/11719K, paused 1ms+2ms
07-05 13:05:59.528   545   548 D dalvikvm: GC_CONCURRENT freed 475K, 9% free 10758K/11719K, paused 2ms+3ms
07-05 13:05:59.742   545   548 D dalvikvm: GC_CONCURRENT freed 753K, 11% free 10467K/11719K, paused 2ms+2ms
07-05 13:05:59.930   545   548 D dalvikvm: GC_CONCURRENT freed 408K, 11% free 10450K/11719K, paused 2ms+3ms
07-05 13:06:00.078   545 28491 I DownloadManager: Initiating request for download 3364
07-05 13:06:00.164   545   548 D dalvikvm: GC_CONCURRENT freed 245K, 10% free 10658K/11719K, paused 2ms+3ms
07-05 13:06:00.270   545   548 D dalvikvm: GC_CONCURRENT freed 332K, 8% free 10832K/11719K, paused 2ms+3ms
07-05 13:06:00.446   545   548 D dalvikvm: GC_CONCURRENT freed 811K, 11% free 10518K/11719K, paused 1ms+2ms
07-05 13:06:00.516  1370 28493 E DictionaryProvider:UpdateHandler: Can't read a file : android.util.MalformedJsonException: Use JsonReader.setLenient(true) to accept malformed JSON at line 1 column 20
07-05 13:06:00.680   545   548 D dalvikvm: GC_CONCURRENT freed 444K, 11% free 10469K/11719K, paused 2ms+2ms
07-05 13:06:00.852   545 28496 I DownloadManager: Initiating request for download 3364
07-05 13:06:00.875   545   548 D dalvikvm: GC_CONCURRENT freed 408K, 11% free 10496K/11719K, paused 2ms+2ms
07-05 13:06:00.988   545   548 D dalvikvm: GC_CONCURRENT freed 210K, 9% free 10746K/11719K, paused 2ms+3ms
07-05 13:06:01.106   545   548 D dalvikvm: GC_CONCURRENT freed 450K, 9% free 10763K/11719K, paused 1ms+2ms
07-05 13:06:01.324   545   548 D dalvikvm: GC_CONCURRENT freed 750K, 11% free 10471K/11719K, paused 1ms+2ms
07-05 13:06:01.508   545   548 D dalvikvm: GC_CONCURRENT freed 413K, 11% free 10453K/11719K, paused 2ms+2ms
07-05 13:06:01.621   545 28499 I DownloadManager: Initiating request for download 3365
07-05 13:06:01.707   545   548 D dalvikvm: GC_CONCURRENT freed 267K, 10% free 10644K/11719K, paused 2ms+3ms
07-05 13:06:01.813   545   548 D dalvikvm: GC_CONCURRENT freed 323K, 8% free 10824K/11719K, paused 2ms+3ms
07-05 13:06:01.973   545   548 D dalvikvm: GC_CONCURRENT freed 795K, 11% free 10518K/11719K, paused 2ms+3ms
07-05 13:06:02.043  1370 28501 E DictionaryProvider:UpdateHandler: Can't read a file : android.util.MalformedJsonException: Use JsonReader.setLenient(true) to accept malformed JSON at line 1 column 20
07-05 13:06:02.203   545   548 D dalvikvm: GC_CONCURRENT freed 438K, 11% free 10475K/11719K, paused 2ms+2ms
07-05 13:06:02.375   545   548 D dalvikvm: GC_CONCURRENT freed 420K, 11% free 10450K/11719K, paused 1ms+2ms
07-05 13:06:02.391   993  1240 I PhoneLab-: Service Running
07-05 13:06:02.422   993  1240 I PhoneLab-LoggerService: app_49    1247  993   1956   1584  c00ab7c8 40010474 D logcat
07-05 13:06:02.422   993  1240 I PhoneLab-LoggerService: Logcat pid from database 1247
07-05 13:06:02.422   993  1240 I PhoneLab-LoggerService: Logcat process found 1247
07-05 13:06:02.422   993  1240 I PhoneLab-LoggerService: Checking Threshold
07-05 13:06:02.422   993  1240 I PhoneLab-LoggerService: Starting to rename files
07-05 13:06:02.426   993  1240 I PhoneLab-LoggerService: Files found .. 29
07-05 13:06:02.426   993  1240 I PhoneLab-LoggerService: File 1 log.out.1
07-05 13:06:02.449   545 28505 I DownloadManager: Initiating request for download 3365
07-05 13:06:02.555   545   548 D dalvikvm: GC_CONCURRENT freed 195K, 9% free 10712K/11719K, paused 1ms+3ms
07-05 13:06:02.653   545   548 D dalvikvm: GC_CONCURRENT freed 335K, 8% free 10879K/11719K, paused 2ms+2ms
07-05 13:06:02.852   545   548 D dalvikvm: GC_CONCURRENT freed 877K, 11% free 10507K/11719K, paused 2ms+2ms
07-05 13:06:03.039   545   548 D dalvikvm: GC_CONCURRENT freed 400K, 11% free 10496K/11719K, paused 2ms+3ms
07-05 13:06:03.875   993  1240 I PhoneLab-LoggerService: Renamed successfully
07-05 13:06:03.961   545 28507 I DownloadManager: Initiating request for download 3366
07-05 13:06:04.031   545   548 D dalvikvm: GC_CONCURRENT freed 252K, 10% free 10663K/11719K, paused 2ms+2ms
07-05 13:06:04.137   545   548 D dalvikvm: GC_CONCURRENT freed 305K, 8% free 10846K/11719K, paused 2ms+3ms
07-05 13:06:04.321   545   548 D dalvikvm: GC_CONCURRENT freed 807K, 11% free 10537K/11719K, paused 2ms+2ms
07-05 13:06:04.438  1370 28510 E DictionaryProvider:UpdateHandler: Can't read a file : android.util.MalformedJsonException: Use JsonReader.setLenient(true) to accept malformed JSON at line 1 column 20
07-05 13:06:04.574   545   548 D dalvikvm: GC_CONCURRENT freed 450K, 11% free 10482K/11719K, paused 1ms+2ms
07-05 13:06:04.758   545   548 D dalvikvm: GC_CONCURRENT freed 421K, 11% free 10456K/11719K, paused 1ms+2ms
07-05 13:06:04.817   545 28513 I DownloadManager: Initiating request for download 3366
07-05 13:06:04.903   545   548 D dalvikvm: GC_CONCURRENT freed 223K, 9% free 10686K/11719K, paused 2ms+3ms
07-05 13:06:05.012   545   548 D dalvikvm: GC_CONCURRENT freed 310K, 8% free 10863K/11719K, paused 1ms+3ms
07-05 13:06:05.219   545   548 D dalvikvm: GC_CONCURRENT freed 879K, 11% free 10483K/11719K, paused 2ms+3ms
07-05 13:06:05.399   545   548 D dalvikvm: GC_CONCURRENT freed 407K, 11% free 10468K/11719K, paused 2ms+2ms
07-05 13:06:05.594   545 28516 I DownloadManager: Initiating request for download 3367
07-05 13:06:05.606   545   548 D dalvikvm: GC_CONCURRENT freed 363K, 11% free 10501K/11719K, paused 2ms+3ms
07-05 13:06:05.723   545   548 D dalvikvm: GC_CONCURRENT freed 206K, 9% free 10754K/11719K, paused 2ms+2ms
07-05 13:06:05.840   545   548 D dalvikvm: GC_CONCURRENT freed 465K, 9% free 10771K/11719K, paused 1ms+2ms
07-05 13:06:05.992  1370 28518 E DictionaryProvider:UpdateHandler: Can't read a file : android.util.MalformedJsonException: Use JsonReader.setLenient(true) to accept malformed JSON at line 1 column 20
07-05 13:06:06.031  1370  1372 D dalvikvm: GC_CONCURRENT freed 389K, 7% free 9129K/9735K, paused 1ms+2ms
07-05 13:06:06.110   545   548 D dalvikvm: GC_CONCURRENT freed 752K, 11% free 10486K/11719K, paused 2ms+2ms
07-05 13:06:06.297   545   548 D dalvikvm: GC_CONCURRENT freed 420K, 11% free 10472K/11719K, paused 2ms+3ms
07-05 13:06:06.387   545 28521 I DownloadManager: Initiating request for download 3367
07-05 13:06:06.477   545   548 D dalvikvm: GC_CONCURRENT freed 271K, 10% free 10659K/11719K, paused 2ms+3ms
07-05 13:06:06.582   545   548 D dalvikvm: GC_CONCURRENT freed 339K, 8% free 10827K/11719K, paused 2ms+3ms
07-05 13:06:06.750   545   548 D dalvikvm: GC_CONCURRENT freed 790K, 11% free 10523K/11719K, paused 2ms+2ms
07-05 13:06:06.953   545   548 D dalvikvm: GC_CONCURRENT freed 444K, 11% free 10474K/11719K, paused 1ms+2ms
07-05 13:06:07.137   545   548 D dalvikvm: GC_CONCURRENT freed 405K, 11% free 10456K/11719K, paused 2ms+2ms
07-05 13:06:07.188   545 28524 I DownloadManager: Initiating request for download 3368
07-05 13:06:07.293   545   548 D dalvikvm: GC_CONCURRENT freed 183K, 9% free 10731K/11719K, paused 2ms+3ms
07-05 13:06:07.403   545   548 D dalvikvm: GC_CONCURRENT freed 424K, 9% free 10780K/11719K, paused 2ms+3ms
07-05 13:06:07.582  1370 28526 E DictionaryProvider:UpdateHandler: Can't read a file : android.util.MalformedJsonException: Use JsonReader.setLenient(true) to accept malformed JSON at line 1 column 20
07-05 13:06:07.653   545   548 D dalvikvm: GC_CONCURRENT freed 754K, 11% free 10495K/11719K, paused 2ms+2ms
07-05 13:06:07.844   545   548 D dalvikvm: GC_CONCURRENT freed 419K, 11% free 10472K/11719K, paused 2ms+2ms
07-05 13:06:07.961   545 28528 I DownloadManager: Initiating request for download 3368
07-05 13:06:08.008   545   548 D dalvikvm: GC_CONCURRENT freed 323K, 11% free 10536K/11719K, paused 2ms+2ms
07-05 13:06:08.082   545   548 D dalvikvm: GC_CONCURRENT freed 190K, 9% free 10752K/11719K, paused 2ms+2ms
07-05 13:06:08.176   545   548 D dalvikvm: GC_CONCURRENT freed 435K, 9% free 10777K/11719K, paused 1ms+3ms
07-05 13:06:08.488   545   548 D dalvikvm: GC_CONCURRENT freed 760K, 11% free 10486K/11719K, paused 2ms+3ms
07-05 13:06:08.668   545   548 D dalvikvm: GC_CONCURRENT freed 415K, 11% free 10465K/11719K, paused 2ms+3ms
07-05 13:06:08.789   545 28532 I DownloadManager: Initiating request for download 3369
07-05 13:06:08.875   545   548 D dalvikvm: GC_CONCURRENT freed 273K, 10% free 10648K/11719K, paused 1ms+3ms
07-05 13:06:08.981   545   548 D dalvikvm: GC_CONCURRENT freed 316K, 8% free 10828K/11719K, paused 2ms+2ms
07-05 13:06:09.121   156   576 D dalvikvm: GC_EXPLICIT freed 527K, 13% free 14083K/16007K, paused 2ms+6ms
07-05 13:06:09.207   545   548 D dalvikvm: GC_CONCURRENT freed 781K, 11% free 10528K/11719K, paused 2ms+3ms
07-05 13:06:09.289  1370 28534 E DictionaryProvider:UpdateHandler: Can't read a file : android.util.MalformedJsonException: Use JsonReader.setLenient(true) to accept malformed JSON at line 1 column 20
07-05 13:06:09.434   545   548 D dalvikvm: GC_CONCURRENT freed 441K, 11% free 10475K/11719K, paused 2ms+3ms
07-05 13:06:09.617   545   548 D dalvikvm: GC_CONCURRENT freed 421K, 11% free 10449K/11719K, paused 1ms+2ms
07-05 13:06:09.668   545 28537 I DownloadManager: Initiating request for download 3369
07-05 13:06:09.762   545   548 D dalvikvm: GC_CONCURRENT freed 203K, 9% free 10679K/11719K, paused 2ms+2ms
07-05 13:06:09.863   545   548 D dalvikvm: GC_CONCURRENT freed 328K, 8% free 10863K/11719K, paused 2ms+3ms
07-05 13:06:10.090   545   548 D dalvikvm: GC_CONCURRENT freed 885K, 11% free 10476K/11719K, paused 2ms+3ms
07-05 13:06:10.289   545   548 D dalvikvm: GC_CONCURRENT freed 414K, 11% free 10457K/11719K, paused 1ms+2ms
07-05 13:06:10.453   545 28540 I DownloadManager: Initiating request for download 3370
07-05 13:06:10.508   545   548 D dalvikvm: GC_CONCURRENT freed 348K, 11% free 10524K/11719K, paused 2ms+4ms
07-05 13:06:10.617   545   548 D dalvikvm: GC_CONCURRENT freed 223K, 9% free 10760K/11719K, paused 2ms+3ms
07-05 13:06:10.735   545   548 D dalvikvm: GC_CONCURRENT freed 479K, 9% free 10766K/11719K, paused 2ms+3ms
07-05 13:06:10.883  1370 28542 E DictionaryProvider:UpdateHandler: Can't read a file : android.util.MalformedJsonException: Use JsonReader.setLenient(true) to accept malformed JSON at line 1 column 20
07-05 13:06:11.000   545   548 D dalvikvm: GC_CONCURRENT freed 744K, 11% free 10480K/11719K, paused 2ms+2ms
07-05 13:06:11.196   545   548 D dalvikvm: GC_CONCURRENT freed 411K, 11% free 10456K/11719K, paused 2ms+2ms
07-05 13:06:11.278   545 28545 I DownloadManager: Initiating request for download 3370
07-05 13:06:11.356   545   548 D dalvikvm: GC_CONCURRENT freed 250K, 10% free 10649K/11719K, paused 1ms+3ms
07-05 13:06:11.461   545   548 D dalvikvm: GC_CONCURRENT freed 317K, 8% free 10839K/11719K, paused 2ms+3ms
07-05 13:06:11.637   545   548 D dalvikvm: GC_CONCURRENT freed 814K, 11% free 10517K/11719K, paused 2ms+2ms
07-05 13:06:11.836   545   548 D dalvikvm: GC_CONCURRENT freed 444K, 11% free 10468K/11719K, paused 1ms+2ms
07-05 13:06:12.016   545   548 D dalvikvm: GC_CONCURRENT freed 414K, 11% free 10449K/11719K, paused 1ms+2ms
07-05 13:06:12.074   545 28548 I DownloadManager: Initiating request for download 3371
07-05 13:06:12.176   545   548 D dalvikvm: GC_CONCURRENT freed 186K, 9% free 10722K/11719K, paused 2ms+3ms
07-05 13:06:12.281   545   548 D dalvikvm: GC_CONCURRENT freed 330K, 8% free 10874K/11719K, paused 2ms+2ms
07-05 13:06:12.520  1370 28550 E DictionaryProvider:UpdateHandler: Can't read a file : android.util.MalformedJsonException: Use JsonReader.setLenient(true) to accept malformed JSON at line 1 column 20
07-05 13:06:12.551   545   548 D dalvikvm: GC_CONCURRENT freed 904K, 11% free 10495K/11719K, paused 1ms+3ms
07-05 13:06:12.567  1370  1372 D dalvikvm: GC_CONCURRENT freed 390K, 7% free 9130K/9735K, paused 1ms+8ms
07-05 13:06:12.774   545   548 D dalvikvm: GC_CONCURRENT freed 430K, 11% free 10468K/11719K, paused 2ms+2ms
07-05 13:06:12.887   545 28553 I DownloadManager: Initiating request for download 3371
07-05 13:06:12.969   545   548 D dalvikvm: GC_CONCURRENT freed 285K, 10% free 10641K/11719K, paused 1ms+3ms
07-05 13:06:13.071   545   548 D dalvikvm: GC_CONCURRENT freed 302K, 8% free 10813K/11719K, paused 2ms+2ms
07-05 13:06:13.235   545   548 D dalvikvm: GC_CONCURRENT freed 772K, 11% free 10521K/11719K, paused 2ms+3ms
07-05 13:06:13.434   545   548 D dalvikvm: GC_CONCURRENT freed 437K, 11% free 10474K/11719K, paused 2ms+3ms
07-05 13:06:13.621   545   548 D dalvikvm: GC_CONCURRENT freed 416K, 11% free 10453K/11719K, paused 2ms+2ms
07-05 13:06:13.703   545 28556 I DownloadManager: Initiating request for download 3372
07-05 13:06:13.793   545   548 D dalvikvm: GC_CONCURRENT freed 218K, 9% free 10693K/11719K, paused 2ms+2ms
07-05 13:06:13.899   545   548 D dalvikvm: GC_CONCURRENT freed 347K, 8% free 10866K/11719K, paused 2ms+4ms
07-05 13:06:14.113  1370 28558 E DictionaryProvider:UpdateHandler: Can't read a file : android.util.MalformedJsonException: Use JsonReader.setLenient(true) to accept malformed JSON at line 1 column 20
07-05 13:06:14.156   545   548 D dalvikvm: GC_CONCURRENT freed 894K, 11% free 10492K/11719K, paused 2ms+3ms
07-05 13:06:14.356   545   548 D dalvikvm: GC_CONCURRENT freed 422K, 11% free 10464K/11719K, paused 2ms+2ms
07-05 13:06:14.481   545 28561 I DownloadManager: Initiating request for download 3372
07-05 13:06:14.594   545   548 D dalvikvm: GC_CONCURRENT freed 355K, 11% free 10505K/11719K, paused 2ms+3ms
07-05 13:06:14.731   545   548 D dalvikvm: GC_CONCURRENT freed 277K, 9% free 10700K/11719K, paused 2ms+2ms
07-05 13:06:14.828   545   548 D dalvikvm: GC_CONCURRENT freed 347K, 8% free 10873K/11719K, paused 2ms+3ms
07-05 13:06:15.059   545   548 D dalvikvm: GC_CONCURRENT freed 894K, 11% free 10475K/11719K, paused 2ms+2ms
07-05 13:06:15.250   545   548 D dalvikvm: GC_CONCURRENT freed 405K, 11% free 10458K/11719K, paused 2ms+2ms
07-05 13:06:15.328   545 28564 I DownloadManager: Initiating request for download 3373
07-05 13:06:15.426   545   548 D dalvikvm: GC_CONCURRENT freed 210K, 9% free 10704K/11719K, paused 2ms+3ms
07-05 13:06:15.543   545   548 D dalvikvm: GC_CONCURRENT freed 331K, 8% free 10882K/11719K, paused 2ms+3ms
07-05 13:06:15.738  1370 28566 E DictionaryProvider:UpdateHandler: Can't read a file : android.util.MalformedJsonException: Use JsonReader.setLenient(true) to accept malformed JSON at line 1 column 20
07-05 13:06:15.813   545   548 D dalvikvm: GC_CONCURRENT freed 888K, 11% free 10496K/11719K, paused 2ms+3ms
07-05 13:06:15.988   545   548 D dalvikvm: GC_CONCURRENT freed 425K, 11% free 10466K/11719K, paused 2ms+3ms
07-05 13:06:16.113   545 28569 I DownloadManager: Initiating request for download 3373
07-05 13:06:16.164   545   548 D dalvikvm: GC_CONCURRENT freed 338K, 11% free 10532K/11719K, paused 2ms+2ms
07-05 13:06:16.266   545   548 D dalvikvm: GC_CONCURRENT freed 222K, 9% free 10770K/11719K, paused 2ms+3ms
07-05 13:06:16.383   545   548 D dalvikvm: GC_CONCURRENT freed 482K, 9% free 10776K/11719K, paused 1ms+2ms
07-05 13:06:16.613   545   548 D dalvikvm: GC_CONCURRENT freed 762K, 11% free 10481K/11719K, paused 1ms+3ms
07-05 13:06:16.805   545   548 D dalvikvm: GC_CONCURRENT freed 415K, 11% free 10461K/11719K, paused 2ms+3ms
07-05 13:06:16.906   545 28572 I DownloadManager: Initiating request for download 3374
07-05 13:06:16.992   545   548 D dalvikvm: GC_CONCURRENT freed 240K, 9% free 10679K/11719K, paused 2ms+3ms
07-05 13:06:17.098   545   548 D dalvikvm: GC_CONCURRENT freed 348K, 8% free 10883K/11719K, paused 2ms+3ms
07-05 13:06:17.278  1370 28574 E DictionaryProvider:UpdateHandler: Can't read a file : android.util.MalformedJsonException: Use JsonReader.setLenient(true) to accept malformed JSON at line 1 column 20
07-05 13:06:17.356   545   548 D dalvikvm: GC_CONCURRENT freed 880K, 11% free 10503K/11719K, paused 2ms+3ms
07-05 13:06:17.535   545   548 D dalvikvm: GC_CONCURRENT freed 426K, 11% free 10472K/11719K, paused 1ms+2ms
07-05 13:06:17.711   545   548 D dalvikvm: GC_CONCURRENT freed 368K, 11% free 10499K/11719K, paused 2ms+2ms
07-05 13:06:17.711   545 28577 I DownloadManager: Initiating request for download 3374
07-05 13:06:17.828   545   548 D dalvikvm: GC_CONCURRENT freed 201K, 9% free 10758K/11719K, paused 2ms+3ms
07-05 13:06:17.946   545   548 D dalvikvm: GC_CONCURRENT freed 463K, 8% free 10803K/11719K, paused 1ms+3ms
07-05 13:06:18.153   545   548 D dalvikvm: GC_CONCURRENT freed 754K, 11% free 10519K/11719K, paused 1ms+2ms
07-05 13:06:18.336   545   548 D dalvikvm: GC_CONCURRENT freed 416K, 11% free 10497K/11719K, paused 2ms+3ms
07-05 13:06:19.137   545 28579 I DownloadManager: Initiating request for download 3375
07-05 13:06:19.227   545   548 D dalvikvm: GC_CONCURRENT freed 266K, 9% free 10670K/11719K, paused 2ms+3ms
07-05 13:06:19.336   545   548 D dalvikvm: GC_CONCURRENT freed 323K, 8% free 10846K/11719K, paused 1ms+3ms
07-05 13:06:19.512   545   548 D dalvikvm: GC_CONCURRENT freed 810K, 11% free 10528K/11719K, paused 2ms+2ms
07-05 13:06:19.574  1370 28582 E DictionaryProvider:UpdateHandler: Can't read a file : android.util.MalformedJsonException: Use JsonReader.setLenient(true) to accept malformed JSON at line 1 column 20
07-05 13:06:19.610  1370  1372 D dalvikvm: GC_CONCURRENT freed 391K, 7% free 9130K/9735K, paused 2ms+1ms
07-05 13:06:19.774   545   548 D dalvikvm: GC_CONCURRENT freed 434K, 11% free 10500K/11719K, paused 1ms+2ms
07-05 13:06:19.957   545   548 D dalvikvm: GC_CONCURRENT freed 431K, 11% free 10463K/11719K, paused 1ms+3ms
07-05 13:06:20.004   545 28585 I DownloadManager: Initiating request for download 3375
07-05 13:06:20.102   545   548 D dalvikvm: GC_CONCURRENT freed 196K, 9% free 10725K/11719K, paused 2ms+3ms
07-05 13:06:20.207   545   548 D dalvikvm: GC_CONCURRENT freed 331K, 8% free 10890K/11719K, paused 2ms+3ms
07-05 13:06:20.418   545   548 D dalvikvm: GC_CONCURRENT freed 907K, 11% free 10490K/11719K, paused 2ms+2ms
07-05 13:06:20.606   545   548 D dalvikvm: GC_CONCURRENT freed 410K, 11% free 10475K/11719K, paused 2ms+2ms
07-05 13:06:20.762   545 28588 I DownloadManager: Initiating request for download 3376
07-05 13:06:20.844   545   548 D dalvikvm: GC_CONCURRENT freed 299K, 10% free 10614K/11719K, paused 2ms+3ms
07-05 13:06:20.946   545   548 D dalvikvm: GC_CONCURRENT freed 285K, 8% free 10823K/11719K, paused 1ms+3ms
07-05 13:06:21.090   545   548 D dalvikvm: GC_CONCURRENT freed 768K, 11% free 10534K/11719K, paused 1ms+2ms
07-05 13:06:21.188  1370 28590 E DictionaryProvider:UpdateHandler: Can't read a file : android.util.MalformedJsonException: Use JsonReader.setLenient(true) to accept malformed JSON at line 1 column 20
07-05 13:06:21.219  1370  1382 D dalvikvm: GC_EXPLICIT freed 130K, 7% free 9092K/9735K, paused 2ms+2ms
07-05 13:06:21.352   545   548 D dalvikvm: GC_CONCURRENT freed 430K, 11% free 10494K/11719K, paused 2ms+2ms
07-05 13:06:21.535   545   548 D dalvikvm: GC_CONCURRENT freed 411K, 11% free 10471K/11719K, paused 2ms+3ms
07-05 13:06:21.613   545 28593 I DownloadManager: Initiating request for download 3376
07-05 13:06:21.707   545   548 D dalvikvm: GC_CONCURRENT freed 246K, 9% free 10678K/11719K, paused 2ms+3ms
07-05 13:06:21.813   545   548 D dalvikvm: GC_CONCURRENT freed 336K, 8% free 10844K/11719K, paused 2ms+4ms
07-05 13:06:21.992   545   548 D dalvikvm: GC_CONCURRENT freed 809K, 11% free 10534K/11719K, paused 2ms+3ms
07-05 13:06:22.199   545   548 D dalvikvm: GC_CONCURRENT freed 446K, 11% free 10484K/11719K, paused 2ms+2ms
07-05 13:06:22.379   545   548 D dalvikvm: GC_CONCURRENT freed 405K, 11% free 10469K/11719K, paused 1ms+2ms
07-05 13:06:22.504   545 28596 D dalvikvm: GC_EXPLICIT freed 6K, 11% free 10525K/11719K, paused 2ms+9ms
07-05 13:06:22.516   545 28596 I DownloadManager: Initiating request for download 3377
07-05 13:06:22.617   545   548 D dalvikvm: GC_CONCURRENT freed 218K, 8% free 10782K/11719K, paused 2ms+3ms
07-05 13:06:22.731   545   548 D dalvikvm: GC_CONCURRENT freed 486K, 8% free 10788K/11719K, paused 2ms+2ms
07-05 13:06:22.906  1370 28598 E DictionaryProvider:UpdateHandler: Can't read a file : android.util.MalformedJsonException: Use JsonReader.setLenient(true) to accept malformed JSON at line 1 column 20
07-05 13:06:22.992   545   548 D dalvikvm: GC_CONCURRENT freed 757K, 11% free 10501K/11719K, paused 2ms+2ms
07-05 13:06:23.172   545   548 D dalvikvm: GC_CONCURRENT freed 415K, 11% free 10478K/11719K, paused 1ms+3ms
07-05 13:06:23.324   156   167 D dalvikvm: GC_EXPLICIT freed 503K, 13% free 14082K/16007K, paused 3ms+6ms
07-05 13:06:23.332   545 28601 I DownloadManager: Initiating request for download 3377
07-05 13:06:23.414   545   548 D dalvikvm: GC_CONCURRENT freed 269K, 9% free 10665K/11719K, paused 2ms+3ms
07-05 13:06:23.516   545   548 D dalvikvm: GC_CONCURRENT freed 337K, 8% free 10838K/11719K, paused 2ms+3ms
07-05 13:06:23.688   545   548 D dalvikvm: GC_CONCURRENT freed 807K, 11% free 10521K/11719K, paused 2ms+2ms
07-05 13:06:23.887   545   548 D dalvikvm: GC_CONCURRENT freed 442K, 11% free 10475K/11719K, paused 1ms+2ms
07-05 13:06:24.086   545   548 D dalvikvm: GC_CONCURRENT freed 416K, 11% free 10454K/11719K, paused 2ms+2ms
07-05 13:06:24.153   545 28604 I DownloadManager: Initiating request for download 3378
07-05 13:06:24.250   545   548 D dalvikvm: GC_CONCURRENT freed 194K, 9% free 10720K/11719K, paused 2ms+3ms
07-05 13:06:24.356   545   548 D dalvikvm: GC_CONCURRENT freed 334K, 8% free 10884K/11719K, paused 2ms+3ms
07-05 13:06:24.571  1370 28606 E DictionaryProvider:UpdateHandler: Can't read a file : android.util.MalformedJsonException: Use JsonReader.setLenient(true) to accept malformed JSON at line 1 column 20
07-05 13:06:24.610   545   548 D dalvikvm: GC_CONCURRENT freed 907K, 11% free 10496K/11719K, paused 2ms+2ms
07-05 13:06:24.805   545   548 D dalvikvm: GC_CONCURRENT freed 428K, 11% free 10463K/11719K, paused 1ms+3ms
07-05 13:06:24.914   545 28609 I DownloadManager: Initiating request for download 3378
07-05 13:06:25.020   545   548 D dalvikvm: GC_CONCURRENT freed 304K, 10% free 10617K/11719K, paused 1ms+3ms
07-05 13:06:25.110   545   548 D dalvikvm: GC_CONCURRENT freed 287K, 9% free 10778K/11719K, paused 2ms+3ms
07-05 13:06:25.231   545   548 D dalvikvm: GC_CONCURRENT freed 478K, 9% free 10775K/11719K, paused 1ms+2ms
07-05 13:06:25.449   545   548 D dalvikvm: GC_CONCURRENT freed 761K, 11% free 10477K/11719K, paused 1ms+2ms
07-05 13:06:25.637   545   548 D dalvikvm: GC_CONCURRENT freed 413K, 11% free 10460K/11719K, paused 1ms+2ms
07-05 13:06:25.715   545 28612 I DownloadManager: Initiating request for download 3379
07-05 13:06:25.824   545   548 D dalvikvm: GC_CONCURRENT freed 225K, 9% free 10696K/11719K, paused 2ms+3ms
07-05 13:06:25.930   545   548 D dalvikvm: GC_CONCURRENT freed 336K, 8% free 10880K/11719K, paused 2ms+3ms
07-05 13:06:26.125   545   548 D dalvikvm: GC_CONCURRENT freed 863K, 11% free 10519K/11719K, paused 2ms+2ms
07-05 13:06:26.313   545   548 D dalvikvm: GC_CONCURRENT freed 409K, 11% free 10505K/11719K, paused 1ms+2ms
07-05 13:06:27.063  1370 28615 E DictionaryProvider:UpdateHandler: Can't read a file : android.util.MalformedJsonException: Use JsonReader.setLenient(true) to accept malformed JSON at line 1 column 20
07-05 13:06:27.090   545   548 D dalvikvm: GC_CONCURRENT freed 407K, 11% free 10517K/11719K, paused 2ms+2ms
07-05 13:06:27.278   545   548 D dalvikvm: GC_CONCURRENT freed 431K, 11% free 10480K/11719K, paused 3ms+2ms
07-05 13:06:27.457   545   548 D dalvikvm: GC_CONCURRENT freed 402K, 11% free 10465K/11719K, paused 2ms+2ms
07-05 13:06:27.571   545 28618 I DownloadManager: Initiating request for download 3379
07-05 13:06:27.571   545 28618 W DownloadManager: Aborting request for download 3379: Trying to resume a download that can't be resumed
07-05 13:06:27.711   545   548 D dalvikvm: GC_CONCURRENT freed 359K, 11% free 10506K/11719K, paused 2ms+3ms
07-05 13:06:27.903   545   548 D dalvikvm: GC_CONCURRENT freed 423K, 11% free 10478K/11719K, paused 2ms+2ms
07-05 13:06:28.082   545   548 D dalvikvm: GC_CONCURRENT freed 405K, 11% free 10465K/11719K, paused 2ms+2ms
07-05 13:06:28.196   545 28621 I DownloadManager: Initiating request for download 3380
07-05 13:06:28.281   545   548 D dalvikvm: GC_CONCURRENT freed 243K, 9% free 10743K/11719K, paused 1ms+3ms
07-05 13:06:28.395   545   548 D dalvikvm: GC_CONCURRENT freed 394K, 8% free 10891K/11719K, paused 2ms+3ms
07-05 13:06:28.598  1370 28623 E DictionaryProvider:UpdateHandler: Can't read a file : android.util.MalformedJsonException: Use JsonReader.setLenient(true) to accept malformed JSON at line 1 column 20
07-05 13:06:28.625  1370  1372 D dalvikvm: GC_CONCURRENT freed 345K, 7% free 9147K/9735K, paused 2ms+6ms
07-05 13:06:28.637   545   548 D dalvikvm: GC_CONCURRENT freed 894K, 11% free 10505K/11719K, paused 2ms+3ms
07-05 13:06:28.817   545   548 D dalvikvm: GC_CONCURRENT freed 420K, 11% free 10479K/11719K, paused 1ms+2ms
07-05 13:06:28.957   545 28626 I DownloadManager: Initiating request for download 3380
07-05 13:06:29.020   545   548 D dalvikvm: GC_CONCURRENT freed 359K, 11% free 10512K/11719K, paused 2ms+2ms
07-05 13:06:29.129   545   548 D dalvikvm: GC_CONCURRENT freed 192K, 9% free 10758K/11719K, paused 2ms+2ms
07-05 13:06:29.270   545   548 D dalvikvm: GC_CONCURRENT freed 444K, 8% free 10788K/11719K, paused 2ms+3ms
07-05 13:06:29.504   545   548 D dalvikvm: GC_CONCURRENT freed 762K, 11% free 10496K/11719K, paused 1ms+2ms
07-05 13:06:29.688   545   548 D dalvikvm: GC_CONCURRENT freed 420K, 11% free 10471K/11719K, paused 2ms+2ms
07-05 13:06:29.828   545 28629 I DownloadManager: Initiating request for download 3381
07-05 13:06:29.918   545   548 D dalvikvm: GC_CONCURRENT freed 297K, 10% free 10665K/11719K, paused 2ms+3ms
07-05 13:06:30.024   545   548 D dalvikvm: GC_CONCURRENT freed 328K, 8% free 10861K/11719K, paused 2ms+3ms
07-05 13:06:30.196   545   548 D dalvikvm: GC_CONCURRENT freed 823K, 11% free 10540K/11719K, paused 2ms+3ms
07-05 13:06:30.254  1370 28631 E DictionaryProvider:UpdateHandler: Can't read a file : android.util.MalformedJsonException: Use JsonReader.setLenient(true) to accept malformed JSON at line 1 column 20
07-05 13:06:30.426   545   548 D dalvikvm: GC_CONCURRENT freed 446K, 11% free 10488K/11719K, paused 2ms+3ms
07-05 13:06:30.625   545   548 D dalvikvm: GC_CONCURRENT freed 418K, 11% free 10465K/11719K, paused 2ms+2ms
07-05 13:06:30.664   545 28634 I DownloadManager: Initiating request for download 3381
07-05 13:06:30.762   545   548 D dalvikvm: GC_CONCURRENT freed 192K, 9% free 10731K/11719K, paused 2ms+3ms
07-05 13:06:30.867   545   548 D dalvikvm: GC_CONCURRENT freed 341K, 8% free 10895K/11719K, paused 1ms+2ms
07-05 13:06:31.071   545   548 D dalvikvm: GC_CONCURRENT freed 869K, 11% free 10525K/11719K, paused 1ms+2ms
07-05 13:06:31.270   545   548 D dalvikvm: GC_CONCURRENT freed 405K, 11% free 10511K/11719K, paused 2ms+2ms
07-05 13:06:32.246   545 28636 I DownloadManager: Initiating request for download 3382
07-05 13:06:32.360   545   548 D dalvikvm: GC_CONCURRENT freed 330K, 10% free 10639K/11719K, paused 2ms+3ms
07-05 13:06:32.473   545   548 D dalvikvm: GC_CONCURRENT freed 315K, 8% free 10836K/11719K, paused 2ms+3ms
07-05 13:06:32.637   545   548 D dalvikvm: GC_CONCURRENT freed 780K, 11% free 10537K/11719K, paused 2ms+3ms
07-05 13:06:32.750  1370 28639 E DictionaryProvider:UpdateHandler: Can't read a file : android.util.MalformedJsonException: Use JsonReader.setLenient(true) to accept malformed JSON at line 1 column 20
07-05 13:06:32.867   545   548 D dalvikvm: GC_CONCURRENT freed 428K, 11% free 10501K/11719K, paused 1ms+2ms
07-05 13:06:33.055   545   548 D dalvikvm: GC_CONCURRENT freed 415K, 11% free 10472K/11719K, paused 1ms+2ms
07-05 13:06:33.133   545 28642 I DownloadManager: Initiating request for download 3382
07-05 13:06:33.223   545   548 D dalvikvm: GC_CONCURRENT freed 242K, 9% free 10692K/11719K, paused 2ms+3ms
07-05 13:06:33.336   545   548 D dalvikvm: GC_CONCURRENT freed 337K, 7% free 10902K/11719K, paused 2ms+3ms
07-05 13:06:33.543   545   548 D dalvikvm: GC_CONCURRENT freed 917K, 11% free 10497K/11719K, paused 2ms+2ms
07-05 13:06:33.731   545   548 D dalvikvm: GC_CONCURRENT freed 410K, 11% free 10483K/11719K, paused 2ms+2ms
07-05 13:06:33.906   545 28645 I DownloadManager: Initiating request for download 3383
07-05 13:06:33.953   545   548 D dalvikvm: GC_CONCURRENT freed 356K, 11% free 10521K/11719K, paused 2ms+3ms
07-05 13:06:34.067   545   548 D dalvikvm: GC_CONCURRENT freed 206K, 9% free 10774K/11719K, paused 1ms+3ms
07-05 13:06:34.180   545   548 D dalvikvm: GC_CONCURRENT freed 470K, 8% free 10793K/11719K, paused 2ms+3ms
07-05 13:06:34.363  1370 28647 E DictionaryProvider:UpdateHandler: Can't read a file : android.util.MalformedJsonException: Use JsonReader.setLenient(true) to accept malformed JSON at line 1 column 20
07-05 13:06:34.438   545   548 D dalvikvm: GC_CONCURRENT freed 752K, 11% free 10509K/11719K, paused 2ms+3ms
07-05 13:06:34.621   545   548 D dalvikvm: GC_CONCURRENT freed 426K, 11% free 10478K/11719K, paused 2ms+2ms
07-05 13:06:34.723   545 28650 I DownloadManager: Initiating request for download 3383
07-05 13:06:34.805   545   548 D dalvikvm: GC_CONCURRENT freed 273K, 10% free 10663K/11719K, paused 2ms+4ms
07-05 13:06:34.906   545   548 D dalvikvm: GC_CONCURRENT freed 324K, 8% free 10848K/11719K, paused 2ms+3ms
07-05 13:06:35.090   545   548 D dalvikvm: GC_CONCURRENT freed 797K, 11% free 10545K/11719K, paused 2ms+2ms
07-05 13:06:35.293   545   548 D dalvikvm: GC_CONCURRENT freed 440K, 11% free 10492K/11719K, paused 1ms+3ms
07-05 13:06:35.477   545   548 D dalvikvm: GC_CONCURRENT freed 405K, 11% free 10477K/11719K, paused 2ms+2ms
07-05 13:06:35.571   545 28653 I DownloadManager: Initiating request for download 3384
07-05 13:06:35.668   545   548 D dalvikvm: GC_CONCURRENT freed 212K, 9% free 10722K/11719K, paused 2ms+2ms
07-05 13:06:35.774   545   548 D dalvikvm: GC_CONCURRENT freed 341K, 8% free 10893K/11719K, paused 2ms+3ms
07-05 13:06:35.992   545   548 D dalvikvm: GC_CONCURRENT freed 900K, 11% free 10510K/11719K, paused 1ms+2ms
07-05 13:06:36.016  1370 28655 E DictionaryProvider:UpdateHandler: Can't read a file : android.util.MalformedJsonException: Use JsonReader.setLenient(true) to accept malformed JSON at line 1 column 20
07-05 13:06:36.059   465 28656 D dalvikvm: GC_EXPLICIT freed 410K, 6% free 10504K/11079K, paused 1ms+2ms
07-05 13:06:36.086  1370  1372 D dalvikvm: GC_CONCURRENT freed 403K, 7% free 9129K/9735K, paused 4ms+2ms
07-05 13:06:36.266   545   548 D dalvikvm: GC_CONCURRENT freed 417K, 11% free 10488K/11719K, paused 2ms+2ms
07-05 13:06:36.391   545 28659 I DownloadManager: Initiating request for download 3384
07-05 13:06:36.453   545   548 D dalvikvm: GC_CONCURRENT freed 351K, 10% free 10570K/11719K, paused 2ms+2ms
07-05 13:06:36.555   545   548 D dalvikvm: GC_CONCURRENT freed 235K, 8% free 10798K/11719K, paused 2ms+3ms
07-05 13:06:36.684   545   548 D dalvikvm: GC_CONCURRENT freed 498K, 8% free 10809K/11719K, paused 2ms+3ms
07-05 13:06:36.914   545   548 D dalvikvm: GC_CONCURRENT freed 794K, 11% free 10494K/11719K, paused 2ms+2ms
07-05 13:06:37.098   545   548 D dalvikvm: GC_CONCURRENT freed 404K, 11% free 10477K/11719K, paused 2ms+2ms
07-05 13:06:37.188   545 28662 I DownloadManager: Initiating request for download 3385
07-05 13:06:37.297   545   548 D dalvikvm: GC_CONCURRENT freed 231K, 9% free 10704K/11719K, paused 2ms+3ms
07-05 13:06:37.406   545   548 D dalvikvm: GC_CONCURRENT freed 352K, 7% free 10902K/11719K, paused 2ms+3ms
07-05 13:06:37.617  1370 28664 E DictionaryProvider:UpdateHandler: Can't read a file : android.util.MalformedJsonException: Use JsonReader.setLenient(true) to accept malformed JSON at line 1 column 20
07-05 13:06:37.660   545   548 D dalvikvm: GC_CONCURRENT freed 920K, 11% free 10516K/11719K, paused 2ms+3ms
07-05 13:06:37.852   545   548 D dalvikvm: GC_CONCURRENT freed 426K, 11% free 10485K/11719K, paused 1ms+3ms
07-05 13:06:37.988   545 28667 I DownloadManager: Initiating request for download 3385
07-05 13:06:38.043   545   548 D dalvikvm: GC_CONCURRENT freed 347K, 10% free 10550K/11719K, paused 2ms+2ms
07-05 13:06:38.149   545   548 D dalvikvm: GC_CONCURRENT freed 219K, 8% free 10790K/11719K, paused 1ms+2ms
07-05 13:06:38.270   545   548 D dalvikvm: GC_CONCURRENT freed 486K, 8% free 10810K/11719K, paused 2ms+2ms
07-05 13:06:38.496   545   548 D dalvikvm: GC_CONCURRENT freed 790K, 11% free 10500K/11719K, paused 2ms+3ms
07-05 13:06:38.680   545   548 D dalvikvm: GC_CONCURRENT freed 413K, 11% free 10482K/11719K, paused 1ms+3ms
07-05 13:06:38.817   545 28670 I DownloadManager: Initiating request for download 3386
07-05 13:06:38.848   156   576 D dalvikvm: GC_EXPLICIT freed 596K, 13% free 14080K/16007K, paused 2ms+7ms
07-05 13:06:38.953   545   548 D dalvikvm: GC_CONCURRENT freed 241K, 9% free 10700K/11719K, paused 2ms+3ms
07-05 13:06:39.059   545   548 D dalvikvm: GC_CONCURRENT freed 363K, 8% free 10851K/11719K, paused 2ms+2ms
07-05 13:06:39.231   545   548 D dalvikvm: GC_CONCURRENT freed 807K, 11% free 10534K/11719K, paused 2ms+2ms
07-05 13:06:39.289  1370 28672 E DictionaryProvider:UpdateHandler: Can't read a file : android.util.MalformedJsonException: Use JsonReader.setLenient(true) to accept malformed JSON at line 1 column 20
07-05 13:06:39.461   545   548 D dalvikvm: GC_CONCURRENT freed 432K, 11% free 10491K/11719K, paused 3ms+3ms
07-05 13:06:39.660   545   548 D dalvikvm: GC_CONCURRENT freed 422K, 11% free 10464K/11719K, paused 2ms+2ms
07-05 13:06:39.692   545 28675 I DownloadManager: Initiating request for download 3386
07-05 13:06:39.860   545   548 D dalvikvm: GC_CONCURRENT freed 242K, 9% free 10690K/11719K, paused 2ms+3ms
07-05 13:06:39.961   545   548 D dalvikvm: GC_CONCURRENT freed 359K, 8% free 10849K/11719K, paused 2ms+3ms
07-05 13:06:40.133   545   548 D dalvikvm: GC_CONCURRENT freed 809K, 11% free 10531K/11719K, paused 1ms+2ms
07-05 13:06:40.336   545   548 D dalvikvm: GC_CONCURRENT freed 447K, 11% free 10478K/11719K, paused 1ms+2ms
07-05 13:06:40.477   545 28678 I DownloadManager: Initiating request for download 3387
07-05 13:06:40.567   545   548 D dalvikvm: GC_CONCURRENT freed 297K, 10% free 10646K/11719K, paused 2ms+3ms
07-05 13:06:40.668   545   548 D dalvikvm: GC_CONCURRENT freed 317K, 8% free 10832K/11719K, paused 1ms+3ms
07-05 13:06:40.817   545   548 D dalvikvm: GC_CONCURRENT freed 787K, 11% free 10535K/11719K, paused 2ms+3ms
07-05 13:06:40.910  1370 28680 E DictionaryProvider:UpdateHandler: Can't read a file : android.util.MalformedJsonException: Use JsonReader.setLenient(true) to accept malformed JSON at line 1 column 20
07-05 13:06:41.039   545   548 D dalvikvm: GC_CONCURRENT freed 432K, 11% free 10494K/11719K, paused 2ms+2ms
07-05 13:06:41.227   545   548 D dalvikvm: GC_CONCURRENT freed 419K, 11% free 10470K/11719K, paused 2ms+3ms
07-05 13:06:41.297   545 28683 I DownloadManager: Initiating request for download 3387
07-05 13:06:41.391   545   548 D dalvikvm: GC_CONCURRENT freed 211K, 9% free 10683K/11719K, paused 2ms+2ms
07-05 13:06:41.500   545   548 D dalvikvm: GC_CONCURRENT freed 337K, 8% free 10863K/11719K, paused 2ms+3ms
07-05 13:06:41.688   545   548 D dalvikvm: GC_CONCURRENT freed 864K, 11% free 10510K/11719K, paused 1ms+3ms
07-05 13:06:41.856   545   548 D dalvikvm: GC_CONCURRENT freed 420K, 11% free 10485K/11719K, paused 2ms+2ms
07-05 13:06:43.563   545   548 D dalvikvm: GC_CONCURRENT freed 399K, 11% free 10471K/11719K, paused 2ms+3ms
07-05 13:06:43.610   545 28686 I DownloadManager: Initiating request for download 3388
07-05 13:06:43.735   545   548 D dalvikvm: GC_CONCURRENT freed 180K, 9% free 10749K/11719K, paused 2ms+3ms
07-05 13:06:43.836   545   548 D dalvikvm: GC_CONCURRENT freed 351K, 7% free 10903K/11719K, paused 2ms+3ms
07-05 13:06:44.055  1370 28688 E DictionaryProvider:UpdateHandler: Can't read a file : android.util.MalformedJsonException: Use JsonReader.setLenient(true) to accept malformed JSON at line 1 column 20
07-05 13:06:44.086  1370  1372 D dalvikvm: GC_CONCURRENT freed 385K, 7% free 9131K/9735K, paused 2ms+2ms
07-05 13:06:44.113   545   548 D dalvikvm: GC_CONCURRENT freed 926K, 11% free 10507K/11719K, paused 2ms+2ms
07-05 13:06:44.317   545   548 D dalvikvm: GC_CONCURRENT freed 426K, 11% free 10486K/11719K, paused 2ms+2ms
07-05 13:06:44.410   545 28691 I DownloadManager: Initiating request for download 3388
07-05 13:06:44.492   545   548 D dalvikvm: GC_CONCURRENT freed 281K, 10% free 10664K/11719K, paused 2ms+3ms
07-05 13:06:44.594   545   548 D dalvikvm: GC_CONCURRENT freed 336K, 8% free 10870K/11719K, paused 2ms+3ms
07-05 13:06:44.774   545   548 D dalvikvm: GC_CONCURRENT freed 841K, 11% free 10536K/11719K, paused 2ms+4ms
07-05 13:06:44.981   545   548 D dalvikvm: GC_CONCURRENT freed 443K, 11% free 10489K/11719K, paused 1ms+2ms
07-05 13:06:45.180   545   548 D dalvikvm: GC_CONCURRENT freed 415K, 11% free 10478K/11719K, paused 2ms+2ms
07-05 13:06:45.246   545 28694 I DownloadManager: Initiating request for download 3389
07-05 13:06:45.348   545   548 D dalvikvm: GC_CONCURRENT freed 191K, 9% free 10746K/11719K, paused 2ms+3ms
07-05 13:06:45.453   545   548 D dalvikvm: GC_CONCURRENT freed 328K, 7% free 10905K/11719K, paused 2ms+3ms
07-05 13:06:45.625  1370 28696 E DictionaryProvider:UpdateHandler: Can't read a file : android.util.MalformedJsonException: Use JsonReader.setLenient(true) to accept malformed JSON at line 1 column 20
07-05 13:06:45.719   545   548 D dalvikvm: GC_CONCURRENT freed 906K, 11% free 10507K/11719K, paused 2ms+3ms
07-05 13:06:45.899   545   548 D dalvikvm: GC_CONCURRENT freed 423K, 11% free 10480K/11719K, paused 2ms+2ms
07-05 13:06:46.024   545 28699 I DownloadManager: Initiating request for download 3389
07-05 13:06:46.074   545   548 D dalvikvm: GC_CONCURRENT freed 324K, 10% free 10548K/11719K, paused 2ms+2ms
07-05 13:06:46.176   545   548 D dalvikvm: GC_CONCURRENT freed 220K, 8% free 10787K/11719K, paused 2ms+3ms
07-05 13:06:46.293   545   548 D dalvikvm: GC_CONCURRENT freed 484K, 8% free 10797K/11719K, paused 2ms+2ms
07-05 13:06:46.531   545   548 D dalvikvm: GC_CONCURRENT freed 777K, 11% free 10495K/11719K, paused 2ms+2ms
07-05 13:06:46.719   545   548 D dalvikvm: GC_CONCURRENT freed 414K, 11% free 10476K/11719K, paused 2ms+2ms
07-05 13:06:46.832   545 28702 I DownloadManager: Initiating request for download 3390
07-05 13:06:46.914   545   548 D dalvikvm: GC_CONCURRENT freed 249K, 9% free 10685K/11719K, paused 2ms+3ms
07-05 13:06:47.020   545   548 D dalvikvm: GC_CONCURRENT freed 332K, 8% free 10869K/11719K, paused 1ms+2ms
07-05 13:06:47.192   545   548 D dalvikvm: GC_CONCURRENT freed 827K, 11% free 10540K/11719K, paused 2ms+3ms
07-05 13:06:47.281   545 20265 D dalvikvm: GC_EXPLICIT freed 96K, 11% free 10510K/11719K, paused 2ms+3ms
07-05 13:06:47.289  1370 28704 E DictionaryProvider:UpdateHandler: Can't read a file : android.util.MalformedJsonException: Use JsonReader.setLenient(true) to accept malformed JSON at line 1 column 20
07-05 13:06:47.488   545   548 D dalvikvm: GC_CONCURRENT freed 406K, 11% free 10497K/11719K, paused 2ms+2ms
07-05 13:06:47.653   545 28707 I DownloadManager: Initiating request for download 3390
07-05 13:06:47.684   545   548 D dalvikvm: GC_CONCURRENT freed 418K, 11% free 10516K/11719K, paused 2ms+2ms
07-05 13:06:47.793   545   548 D dalvikvm: GC_CONCURRENT freed 200K, 9% free 10775K/11719K, paused 2ms+3ms
07-05 13:06:47.914   545   548 D dalvikvm: GC_CONCURRENT freed 464K, 8% free 10802K/11719K, paused 1ms+3ms
07-05 13:06:48.145   545   548 D dalvikvm: GC_CONCURRENT freed 779K, 11% free 10512K/11719K, paused 2ms+2ms
07-05 13:06:48.328   545   548 D dalvikvm: GC_CONCURRENT freed 426K, 11% free 10481K/11719K, paused 1ms+2ms
07-05 13:06:48.457   545 28710 I DownloadManager: Initiating request for download 3391
07-05 13:06:48.559   545   548 D dalvikvm: GC_CONCURRENT freed 266K, 9% free 10674K/11719K, paused 2ms+4ms
07-05 13:06:48.656   545   548 D dalvikvm: GC_CONCURRENT freed 329K, 8% free 10859K/11719K, paused 2ms+3ms
07-05 13:06:48.824   545   548 D dalvikvm: GC_CONCURRENT freed 816K, 11% free 10545K/11719K, paused 2ms+3ms
07-05 13:06:49.012   545   548 D dalvikvm: GC_CONCURRENT freed 442K, 11% free 10498K/11719K, paused 2ms+2ms
07-05 13:06:49.203   545   548 D dalvikvm: GC_CONCURRENT freed 408K, 11% free 10480K/11719K, paused 2ms+3ms
07-05 13:06:49.672  1370 28712 E DictionaryProvider:UpdateHandler: Can't read a file : android.util.MalformedJsonException: Use JsonReader.setLenient(true) to accept malformed JSON at line 1 column 20
07-05 13:06:49.809   545   548 D dalvikvm: GC_CONCURRENT freed 357K, 11% free 10518K/11719K, paused 1ms+2ms
07-05 13:06:50.000   545   548 D dalvikvm: GC_CONCURRENT freed 419K, 11% free 10494K/11719K, paused 1ms+2ms
07-05 13:06:50.192   545   548 D dalvikvm: GC_CONCURRENT freed 408K, 11% free 10493K/11719K, paused 2ms+2ms
07-05 13:06:50.430   545   548 D dalvikvm: GC_CONCURRENT freed 381K, 11% free 10507K/11719K, paused 1ms+2ms
07-05 13:06:50.610   545   548 D dalvikvm: GC_CONCURRENT freed 414K, 11% free 10488K/11719K, paused 2ms+2ms
07-05 13:06:50.832   545 28715 I DownloadManager: Initiating request for download 3392
07-05 13:06:50.852   545   548 D dalvikvm: GC_CONCURRENT freed 372K, 11% free 10524K/11719K, paused 3ms+3ms
07-05 13:06:50.973   545   548 D dalvikvm: GC_CONCURRENT freed 205K, 9% free 10780K/11719K, paused 2ms+3ms
07-05 13:06:51.090   545   548 D dalvikvm: GC_CONCURRENT freed 467K, 8% free 10804K/11719K, paused 2ms+3ms
07-05 13:06:51.262  1370 28717 E DictionaryProvider:UpdateHandler: Can't read a file : android.util.MalformedJsonException: Use JsonReader.setLenient(true) to accept malformed JSON at line 1 column 20
07-05 13:06:51.293  1370  1372 D dalvikvm: GC_CONCURRENT freed 387K, 7% free 9128K/9735K, paused 4ms+1ms
07-05 13:06:51.371   545   548 D dalvikvm: GC_CONCURRENT freed 767K, 11% free 10510K/11719K, paused 2ms+3ms
07-05 13:06:51.567   545   548 D dalvikvm: GC_CONCURRENT freed 416K, 11% free 10485K/11719K, paused 1ms+2ms
07-05 13:06:51.672   545 28720 I DownloadManager: Initiating request for download 3392
07-05 13:06:51.738   545   548 D dalvikvm: GC_CONCURRENT freed 281K, 10% free 10660K/11719K, paused 2ms+3ms
07-05 13:06:51.848   545   548 D dalvikvm: GC_CONCURRENT freed 309K, 7% free 10925K/11719K, paused 2ms+3ms
07-05 13:06:52.031   545   548 D dalvikvm: GC_CONCURRENT freed 902K, 11% free 10547K/11719K, paused 1ms+2ms
07-05 13:06:52.231   545   548 D dalvikvm: GC_CONCURRENT freed 443K, 11% free 10500K/11719K, paused 1ms+3ms
07-05 13:06:52.422   545   548 D dalvikvm: GC_CONCURRENT freed 414K, 11% free 10480K/11719K, paused 2ms+2ms
07-05 13:06:52.481   545 28723 I DownloadManager: Initiating request for download 3393
07-05 13:06:52.582   545   548 D dalvikvm: GC_CONCURRENT freed 182K, 9% free 10759K/11719K, paused 2ms+3ms
07-05 13:06:52.688   545   548 D dalvikvm: GC_CONCURRENT freed 330K, 7% free 10922K/11719K, paused 1ms+2ms
07-05 13:06:52.871  1370 28725 E DictionaryProvider:UpdateHandler: Can't read a file : android.util.MalformedJsonException: Use JsonReader.setLenient(true) to accept malformed JSON at line 1 column 20
07-05 13:06:52.957   545   548 D dalvikvm: GC_CONCURRENT freed 919K, 11% free 10518K/11719K, paused 2ms+2ms
07-05 13:06:53.129   545   548 D dalvikvm: GC_CONCURRENT freed 413K, 11% free 10492K/11719K, paused 2ms+2ms
07-05 13:06:53.246   545 28728 I DownloadManager: Initiating request for download 3393
07-05 13:06:53.313   545   548 D dalvikvm: GC_CONCURRENT freed 332K, 10% free 10639K/11719K, paused 2ms+2ms
07-05 13:06:53.422   545   548 D dalvikvm: GC_CONCURRENT freed 268K, 8% free 10828K/11719K, paused 1ms+2ms
07-05 13:06:53.559   545   548 D dalvikvm: GC_CONCURRENT freed 521K, 8% free 10823K/11719K, paused 2ms+3ms
07-05 13:06:53.801   545   548 D dalvikvm: GC_CONCURRENT freed 805K, 11% free 10502K/11719K, paused 2ms+2ms
07-05 13:06:53.985   545   548 D dalvikvm: GC_CONCURRENT freed 414K, 11% free 10483K/11719K, paused 2ms+2ms
07-05 13:06:54.063   545 28731 I DownloadManager: Initiating request for download 3394
07-05 13:06:54.164   545   548 D dalvikvm: GC_CONCURRENT freed 207K, 9% free 10735K/11719K, paused 2ms+3ms
07-05 13:06:54.278   545   548 D dalvikvm: GC_CONCURRENT freed 336K, 7% free 10934K/11719K, paused 1ms+3ms
07-05 13:06:54.449  1370 28733 E DictionaryProvider:UpdateHandler: Can't read a file : android.util.MalformedJsonException: Use JsonReader.setLenient(true) to accept malformed JSON at line 1 column 20
07-05 13:06:54.535   545   548 D dalvikvm: GC_CONCURRENT freed 926K, 11% free 10522K/11719K, paused 1ms+2ms
07-05 13:06:54.723   545   548 D dalvikvm: GC_CONCURRENT freed 422K, 11% free 10496K/11719K, paused 2ms+2ms
07-05 13:06:54.922   156   594 D dalvikvm: GC_EXPLICIT freed 498K, 13% free 14078K/16007K, paused 2ms+6ms
07-05 13:06:54.930   545 28736 I DownloadManager: Initiating request for download 3394
07-05 13:06:54.985   545   548 D dalvikvm: GC_CONCURRENT freed 347K, 10% free 10562K/11719K, paused 2ms+6ms
07-05 13:06:55.090   545   548 D dalvikvm: GC_CONCURRENT freed 235K, 8% free 10788K/11719K, paused 2ms+3ms
07-05 13:06:55.207   545   548 D dalvikvm: GC_CONCURRENT freed 477K, 8% free 10798K/11719K, paused 1ms+3ms
07-05 13:06:55.418   545   548 D dalvikvm: GC_CONCURRENT freed 739K, 11% free 10528K/11719K, paused 2ms+3ms
07-05 13:06:55.590   545   548 D dalvikvm: GC_CONCURRENT freed 399K, 11% free 10517K/11719K, paused 1ms+2ms
07-05 13:06:56.617   545 28738 I DownloadManager: Initiating request for download 3395
07-05 13:06:56.801   545   548 D dalvikvm: GC_CONCURRENT freed 360K, 10% free 10552K/11719K, paused 2ms+2ms
07-05 13:06:56.973   545   548 D dalvikvm: GC_CONCURRENT freed 370K, 10% free 10654K/11719K, paused 2ms+3ms
07-05 13:06:57.074   545   548 D dalvikvm: GC_CONCURRENT freed 341K, 8% free 10818K/11719K, paused 2ms+3ms
07-05 13:06:57.215   545   548 D dalvikvm: GC_CONCURRENT freed 763K, 11% free 10529K/11719K, paused 2ms+3ms
07-05 13:06:57.313  1370 28741 E DictionaryProvider:UpdateHandler: Can't read a file : android.util.MalformedJsonException: Use JsonReader.setLenient(true) to accept malformed JSON at line 1 column 20
07-05 13:06:57.461   545   548 D dalvikvm: GC_CONCURRENT freed 432K, 11% free 10487K/11719K, paused 1ms+3ms
07-05 13:06:57.524   545 28744 I DownloadManager: Initiating request for download 3395
07-05 13:06:57.613   545   548 D dalvikvm: GC_CONCURRENT freed 217K, 9% free 10697K/11719K, paused 1ms+3ms
07-05 13:06:57.723   545   548 D dalvikvm: GC_CONCURRENT freed 332K, 8% free 10883K/11719K, paused 2ms+3ms
07-05 13:06:57.895   545   548 D dalvikvm: GC_CONCURRENT freed 850K, 11% free 10538K/11719K, paused 1ms+2ms
07-05 13:06:58.102   545   548 D dalvikvm: GC_CONCURRENT freed 442K, 11% free 10492K/11719K, paused 2ms+3ms
07-05 13:06:58.274   545   548 D dalvikvm: GC_CONCURRENT freed 407K, 11% free 10472K/11719K, paused 2ms+3ms
07-05 13:06:58.324   545 28747 I DownloadManager: Initiating request for download 3396
07-05 13:06:58.434   545   548 D dalvikvm: GC_CONCURRENT freed 177K, 9% free 10754K/11719K, paused 2ms+3ms
07-05 13:06:58.539   545   548 D dalvikvm: GC_CONCURRENT freed 327K, 7% free 10915K/11719K, paused 2ms+3ms
07-05 13:06:58.711  1370 28749 E DictionaryProvider:UpdateHandler: Can't read a file : android.util.MalformedJsonException: Use JsonReader.setLenient(true) to accept malformed JSON at line 1 column 20
07-05 13:06:58.750  1370  1372 D dalvikvm: GC_CONCURRENT freed 388K, 7% free 9131K/9735K, paused 2ms+2ms
07-05 13:06:58.836   545   548 D dalvikvm: GC_CONCURRENT freed 923K, 11% free 10519K/11719K, paused 2ms+2ms
07-05 13:06:59.016   545   548 D dalvikvm: GC_CONCURRENT freed 431K, 11% free 10484K/11719K, paused 1ms+2ms
07-05 13:06:59.137   545 28752 I DownloadManager: Initiating request for download 3396
07-05 13:06:59.211   545   548 D dalvikvm: GC_CONCURRENT freed 312K, 10% free 10626K/11719K, paused 2ms+3ms
07-05 13:06:59.313   545   548 D dalvikvm: GC_CONCURRENT freed 281K, 8% free 10826K/11719K, paused 1ms+3ms
07-05 13:06:59.442   545   548 D dalvikvm: GC_CONCURRENT freed 776K, 11% free 10546K/11719K, paused 2ms+2ms
07-05 13:06:59.660   545   548 D dalvikvm: GC_CONCURRENT freed 438K, 11% free 10514K/11719K, paused 2ms+2ms
07-05 13:06:59.844   545   548 D dalvikvm: GC_CONCURRENT freed 427K, 11% free 10481K/11719K, paused 2ms+3ms
07-05 13:06:59.965   545 28755 I DownloadManager: Initiating request for download 3397
07-05 13:07:00.078   545   548 D dalvikvm: GC_CONCURRENT freed 246K, 9% free 10696K/11719K, paused 2ms+3ms
07-05 13:07:00.184   545   548 D dalvikvm: GC_CONCURRENT freed 346K, 8% free 10898K/11719K, paused 1ms+3ms
07-05 13:07:00.383   545   548 D dalvikvm: GC_CONCURRENT freed 898K, 11% free 10510K/11719K, paused 1ms+2ms
07-05 13:07:00.446  1370 28757 E DictionaryProvider:UpdateHandler: Can't read a file : android.util.MalformedJsonException: Use JsonReader.setLenient(true) to accept malformed JSON at line 1 column 20
07-05 13:07:00.617   545   548 D dalvikvm: GC_CONCURRENT freed 402K, 11% free 10501K/11719K, paused 2ms+3ms
07-05 13:07:00.789   545   548 D dalvikvm: GC_CONCURRENT freed 416K, 11% free 10479K/11719K, paused 2ms+2ms
07-05 13:07:00.817   545 28760 I DownloadManager: Initiating request for download 3397
07-05 13:07:00.922   545   548 D dalvikvm: GC_CONCURRENT freed 177K, 9% free 10761K/11719K, paused 2ms+3ms
07-05 13:07:01.024   545   548 D dalvikvm: GC_CONCURRENT freed 312K, 7% free 10920K/11719K, paused 2ms+2ms
07-05 13:07:01.254   545   548 D dalvikvm: GC_CONCURRENT freed 919K, 11% free 10521K/11719K, paused 2ms+2ms
07-05 13:07:01.438   545   548 D dalvikvm: GC_CONCURRENT freed 424K, 11% free 10486K/11719K, paused 2ms+2ms
07-05 13:07:01.578   545 28763 I DownloadManager: Initiating request for download 3398
07-05 13:07:01.633   545   548 D dalvikvm: GC_CONCURRENT freed 327K, 10% free 10557K/11719K, paused 2ms+3ms
07-05 13:07:01.746   545   548 D dalvikvm: GC_CONCURRENT freed 222K, 8% free 10795K/11719K, paused 2ms+3ms
07-05 13:07:01.875   545   548 D dalvikvm: GC_CONCURRENT freed 483K, 8% free 10829K/11719K, paused 2ms+3ms
07-05 13:07:02.016  1370 28765 E DictionaryProvider:UpdateHandler: Can't read a file : android.util.MalformedJsonException: Use JsonReader.setLenient(true) to accept malformed JSON at line 1 column 20
07-05 13:07:02.141   545   548 D dalvikvm: GC_CONCURRENT freed 796K, 11% free 10510K/11719K, paused 2ms+3ms
07-05 13:07:02.328   545   548 D dalvikvm: GC_CONCURRENT freed 410K, 11% free 10488K/11719K, paused 2ms+2ms
07-05 13:07:02.418   545 28768 I DownloadManager: Initiating request for download 3398
07-05 13:07:02.508   545   548 D dalvikvm: GC_CONCURRENT freed 246K, 9% free 10676K/11719K, paused 2ms+3ms
07-05 13:07:02.610   545   548 D dalvikvm: GC_CONCURRENT freed 317K, 8% free 10850K/11719K, paused 2ms+3ms
07-05 13:07:02.746   545   548 D dalvikvm: GC_CONCURRENT freed 795K, 10% free 10550K/11719K, paused 2ms+2ms
07-05 13:07:02.953   545   548 D dalvikvm: GC_CONCURRENT freed 439K, 11% free 10505K/11719K, paused 2ms+2ms
07-05 13:07:03.145   545   548 D dalvikvm: GC_CONCURRENT freed 408K, 11% free 10486K/11719K, paused 1ms+2ms
07-05 13:07:03.250   545 28771 I DownloadManager: Initiating request for download 3399
07-05 13:07:03.340   545   548 D dalvikvm: GC_CONCURRENT freed 202K, 9% free 10703K/11719K, paused 1ms+3ms
07-05 13:07:03.446   545   548 D dalvikvm: GC_CONCURRENT freed 332K, 8% free 10896K/11719K, paused 2ms+2ms
07-05 13:07:03.641   545   548 D dalvikvm: GC_CONCURRENT freed 852K, 10% free 10557K/11719K, paused 2ms+2ms
07-05 13:07:03.692  1370 28773 E DictionaryProvider:UpdateHandler: Can't read a file : android.util.MalformedJsonException: Use JsonReader.setLenient(true) to accept malformed JSON at line 1 column 20
07-05 13:07:03.867   545   548 D dalvikvm: GC_CONCURRENT freed 446K, 11% free 10507K/11719K, paused 2ms+4ms
07-05 13:07:04.059   545   548 D dalvikvm: GC_CONCURRENT freed 417K, 11% free 10485K/11719K, paused 1ms+2ms
07-05 13:07:04.090   545 28776 I DownloadManager: Initiating request for download 3399
07-05 13:07:04.184   545   548 D dalvikvm: GC_CONCURRENT freed 186K, 9% free 10756K/11719K, paused 2ms+3ms
07-05 13:07:04.293   545   548 D dalvikvm: GC_CONCURRENT freed 321K, 7% free 10929K/11719K, paused 2ms+2ms
07-05 13:07:04.528   545   548 D dalvikvm: GC_CONCURRENT freed 935K, 11% free 10514K/11719K, paused 2ms+2ms
07-05 13:07:04.707   545   548 D dalvikvm: GC_CONCURRENT freed 415K, 11% free 10493K/11719K, paused 1ms+2ms
07-05 13:07:04.844   545 28779 I DownloadManager: Initiating request for download 3400
07-05 13:07:04.906   545   548 D dalvikvm: GC_CONCURRENT freed 328K, 10% free 10564K/11719K, paused 2ms+3ms
07-05 13:07:04.930   682  1055 E GTalkService: connectionClosed: no XMPPConnection - That's strange!
07-05 13:07:05.020   545   548 D dalvikvm: GC_CONCURRENT freed 222K, 8% free 10804K/11719K, paused 2ms+3ms
07-05 13:07:05.141   545   548 D dalvikvm: GC_CONCURRENT freed 480K, 8% free 10816K/11719K, paused 1ms+2ms
07-05 13:07:05.293  1370 28781 E DictionaryProvider:UpdateHandler: Can't read a file : android.util.MalformedJsonException: Use JsonReader.setLenient(true) to accept malformed JSON at line 1 column 20
07-05 13:07:05.336  1370  1372 D dalvikvm: GC_CONCURRENT freed 390K, 7% free 9131K/9735K, paused 1ms+3ms
07-05 13:07:05.426   545   548 D dalvikvm: GC_CONCURRENT freed 774K, 11% free 10521K/11719K, paused 1ms+2ms
07-05 13:07:05.610   545   548 D dalvikvm: GC_CONCURRENT freed 421K, 11% free 10492K/11719K, paused 2ms+2ms
07-05 13:07:05.703   545 28784 I DownloadManager: Initiating request for download 3400
07-05 13:07:05.789   545   548 D dalvikvm: GC_CONCURRENT freed 269K, 9% free 10681K/11719K, paused 2ms+3ms
07-05 13:07:05.895   545   548 D dalvikvm: GC_CONCURRENT freed 327K, 8% free 10869K/11719K, paused 1ms+4ms
07-05 13:07:06.059   545   548 D dalvikvm: GC_CONCURRENT freed 817K, 10% free 10553K/11719K, paused 2ms+2ms
07-05 13:07:06.262   545   548 D dalvikvm: GC_CONCURRENT freed 441K, 11% free 10508K/11719K, paused 1ms+2ms
07-05 13:07:06.446   545   548 D dalvikvm: GC_CONCURRENT freed 413K, 11% free 10490K/11719K, paused 2ms+2ms
07-05 13:07:06.535   545 28787 I DownloadManager: Initiating request for download 3401
07-05 13:07:06.637   545   548 D dalvikvm: GC_CONCURRENT freed 213K, 9% free 10737K/11719K, paused 2ms+2ms
07-05 13:07:06.742   545   548 D dalvikvm: GC_CONCURRENT freed 352K, 7% free 10918K/11719K, paused 2ms+3ms
07-05 13:07:06.949  1370 28789 E DictionaryProvider:UpdateHandler: Can't read a file : android.util.MalformedJsonException: Use JsonReader.setLenient(true) to accept malformed JSON at line 1 column 20
07-05 13:07:06.988   545   548 D dalvikvm: GC_CONCURRENT freed 928K, 11% free 10529K/11719K, paused 2ms+3ms
07-05 13:07:07.184   545   548 D dalvikvm: GC_CONCURRENT freed 417K, 11% free 10500K/11719K, paused 2ms+3ms
07-05 13:07:07.317   545 28792 I DownloadManager: Initiating request for download 3401
07-05 13:07:07.375   545   548 D dalvikvm: GC_CONCURRENT freed 361K, 10% free 10568K/11719K, paused 1ms+3ms
07-05 13:07:07.492   545   548 D dalvikvm: GC_CONCURRENT freed 221K, 8% free 10893K/11719K, paused 2ms+3ms
07-05 13:07:07.649   545   548 D dalvikvm: GC_CONCURRENT freed 831K, 10% free 10577K/11719K, paused 2ms+2ms
07-05 13:07:07.856   545   548 D dalvikvm: GC_CONCURRENT freed 466K, 11% free 10513K/11719K, paused 1ms+2ms
07-05 13:07:07.934   156   330 D ConnectivityService: handleInetConditionHoldEnd: net=1, condition=0, published condition=0
07-05 13:07:08.039   545   548 D dalvikvm: GC_CONCURRENT freed 414K, 11% free 10494K/11719K, paused 1ms+2ms
07-05 13:07:08.153   545 28795 I DownloadManager: Initiating request for download 3402
07-05 13:07:08.246   545   548 D dalvikvm: GC_CONCURRENT freed 246K, 9% free 10707K/11719K, paused 2ms+3ms
07-05 13:07:08.348   545   548 D dalvikvm: GC_CONCURRENT freed 340K, 8% free 10890K/11719K, paused 2ms+4ms
07-05 13:07:08.531   545   548 D dalvikvm: GC_CONCURRENT freed 841K, 10% free 10558K/11719K, paused 2ms+2ms
07-05 13:07:08.590  1370 28797 E DictionaryProvider:UpdateHandler: Can't read a file : android.util.MalformedJsonException: Use JsonReader.setLenient(true) to accept malformed JSON at line 1 column 20
07-05 13:07:08.762   545   548 D dalvikvm: GC_CONCURRENT freed 437K, 11% free 10516K/11719K, paused 2ms+2ms
07-05 13:07:08.942   545   548 D dalvikvm: GC_CONCURRENT freed 418K, 11% free 10493K/11719K, paused 2ms+3ms
07-05 13:07:08.992   545 28800 I DownloadManager: Initiating request for download 3402
07-05 13:07:09.094   545   548 D dalvikvm: GC_CONCURRENT freed 196K, 9% free 10755K/11719K, paused 2ms+2ms
07-05 13:07:09.199   545   548 D dalvikvm: GC_CONCURRENT freed 331K, 7% free 10935K/11719K, paused 2ms+2ms
07-05 13:07:09.414   156   512 D dalvikvm: GC_EXPLICIT freed 505K, 13% free 14080K/16007K, paused 3ms+5ms
07-05 13:07:09.488   545   548 D dalvikvm: GC_CONCURRENT freed 929K, 11% free 10522K/11719K, paused 2ms+2ms
07-05 13:07:09.500   545 28803 I DownloadManager: in removeSpuriousFiles
07-05 13:07:09.567   545 28803 D dalvikvm: GC_FOR_ALLOC freed 271K, 9% free 10762K/11719K, paused 23ms
07-05 13:07:09.606   545 28803 I DownloadManager: in removeSpuriousFiles, preserving file /data/data/com.android.providers.downloads/cache/metadata-22.htm
07-05 13:07:09.606   545 28803 I DownloadManager: in removeSpuriousFiles, preserving file /data/data/com.android.providers.downloads/cache/metadata-959.htm
07-05 13:07:09.606   545 28803 I DownloadManager: in removeSpuriousFiles, preserving file /data/data/com.android.providers.downloads/cache/metadata-434.htm
07-05 13:07:09.606   545 28803 I DownloadManager: in removeSpuriousFiles, preserving file /data/data/com.android.providers.downloads/cache/metadata-776.htm
07-05 13:07:09.606   545 28803 I DownloadManager: in removeSpuriousFiles, preserving file /data/data/com.android.providers.downloads/cache/metadata-11.htm
07-05 13:07:09.606   545 28803 I DownloadManager: in removeSpuriousFiles, preserving file /data/data/com.android.providers.downloads/cache/metadata-129.htm
07-05 13:07:09.606   545 28803 I DownloadManager: in removeSpuriousFiles, preserving file /data/data/com.android.providers.downloads/cache/metadata-951.htm
07-05 13:07:09.610   545 28803 I DownloadManager: in removeSpuriousFiles, preserving file /data/data/com.android.providers.downloads/cache/metadata-2039.htm
07-05 13:07:09.610   545 28803 I DownloadManager: in removeSpuriousFiles, preserving file /data/data/com.android.providers.downloads/cache/metadata-1099.htm
07-05 13:07:09.610   545 28803 I DownloadManager: in removeSpuriousFiles, preserving file /data/data/com.android.providers.downloads/cache/metadata-522.htm
07-05 13:07:09.610   545 28803 I DownloadManager: in removeSpuriousFiles, preserving file /data/data/com.android.providers.downloads/cache/metadata-551.htm
07-05 13:07:09.610   545 28803 I DownloadManager: in removeSpuriousFiles, preserving file /data/data/com.android.providers.downloads/cache/metadata-1189.htm
07-05 13:07:09.610   545 28803 I DownloadManager: in removeSpuriousFiles, preserving file /data/data/com.android.providers.downloads/cache/metadata-1205.htm
07-05 13:07:09.610   545 28803 I DownloadManager: in removeSpuriousFiles, preserving file /data/data/com.android.providers.downloads/cache/metadata-771.htm
07-05 13:07:09.610   545 28803 I DownloadManager: in removeSpuriousFiles, preserving file /data/data/com.android.providers.downloads/cache/metadata-325.htm
07-05 13:07:09.610   545 28803 I DownloadManager: in removeSpuriousFiles, preserving file /data/data/com.android.providers.downloads/cache/metadata-430.htm
07-05 13:07:09.610   545 28803 I DownloadManager: in removeSpuriousFiles, preserving file /data/data/com.android.providers.downloads/cache/metadata-842.htm
07-05 13:07:09.610   545 28803 I DownloadManager: in removeSpuriousFiles, preserving file /data/data/com.android.providers.downloads/cache/metadata-1399.htm
07-05 13:07:09.610   545 28803 I DownloadManager: in removeSpuriousFiles, preserving file /data/data/com.android.providers.downloads/cache/metadata-754.htm
07-05 13:07:09.610   545 28803 I DownloadManager: in removeSpuriousFiles, preserving file /data/data/com.android.providers.downloads/cache/metadata-2803.htm
07-05 13:07:09.610   545 28803 I DownloadManager: in removeSpuriousFiles, preserving file /data/data/com.android.providers.downloads/cache/metadata-1184.htm
07-05 13:07:09.610   545 28803 I DownloadManager: in removeSpuriousFiles, preserving file /data/data/com.android.providers.downloads/cache/metadata-513.htm
07-05 13:07:09.613   545 28803 I DownloadManager: in removeSpuriousFiles, preserving file /data/data/com.android.providers.downloads/cache/metadata-1040.htm
07-05 13:07:09.613   545 28803 I DownloadManager: in removeSpuriousFiles, preserving file /data/data/com.android.providers.downloads/cache/metadata-114.htm
07-05 13:07:09.613   545 28803 I DownloadManager: in removeSpuriousFiles, preserving file /data/data/com.android.providers.downloads/cache/metadata-355.htm
07-05 13:07:09.613   545 28803 I DownloadManager: in removeSpuriousFiles, preserving file /data/data/com.android.providers.downloads/cache/metadata-2221.htm
07-05 13:07:09.613   545 28803 I DownloadManager: in removeSpuriousFiles, preserving file /data/data/com.android.providers.downloads/cache/metadata-742.htm
07-05 13:07:09.613   545 28803 I DownloadManager: in removeSpuriousFiles, preserving file /data/data/com.android.providers.downloads/cache/metadata-1382.htm
07-05 13:07:09.613   545 28803 I DownloadManager: in removeSpuriousFiles, preserving file /data/data/com.android.providers.downloads/cache/metadata-1503.htm
07-05 13:07:09.613   545 28803 I DownloadManager: in removeSpuriousFiles, preserving file /data/data/com.android.providers.downloads/cache/metadata-1758.htm
07-05 13:07:09.613   545 28803 I DownloadManager: in removeSpuriousFiles, preserving file /data/data/com.android.providers.downloads/cache/metadata-583.htm
07-05 13:07:09.613   545 28803 I DownloadManager: in removeSpuriousFiles, preserving file /data/data/com.android.providers.downloads/cache/metadata-2358.htm
07-05 13:07:09.613   545 28803 I DownloadManager: in removeSpuriousFiles, preserving file /data/data/com.android.providers.downloads/cache/metadata-503.htm
07-05 13:07:09.613   545 28803 I DownloadManager: in removeSpuriousFiles, preserving file /data/data/com.android.providers.downloads/cache/metadata-365.htm
07-05 13:07:09.617   545 28803 I DownloadManager: in removeSpuriousFiles, preserving file /data/data/com.android.providers.downloads/cache/metadata-1281.htm
07-05 13:07:09.617   545 28803 I DownloadManager: in removeSpuriousFiles, preserving file /data/data/com.android.providers.downloads/cache/metadata-195.htm
07-05 13:07:09.617   545 28803 I DownloadManager: in removeSpuriousFiles, preserving file /data/data/com.android.providers.downloads/cache/metadata-1026.htm
07-05 13:07:09.617   545 28803 I DownloadManager: in removeSpuriousFiles, preserving file /data/data/com.android.providers.downloads/cache/metadata-1119.htm
07-05 13:07:09.617   545 28803 I DownloadManager: in removeSpuriousFiles, preserving file /data/data/com.android.providers.downloads/cache/metadata-1696.htm
07-05 13:07:09.617   545 28803 I DownloadManager: in removeSpuriousFiles, preserving file /data/data/com.android.providers.downloads/cache/metadata-1010.htm
07-05 13:07:09.617   545 28803 I DownloadManager: in removeSpuriousFiles, preserving file /data/data/com.android.providers.downloads/cache/metadata-1445.htm
07-05 13:07:09.617   545 28803 I DownloadManager: in removeSpuriousFiles, preserving file /data/data/com.android.providers.downloads/cache/metadata-1644.htm
07-05 13:07:09.617   545 28803 I DownloadManager: in removeSpuriousFiles, preserving file /data/data/com.android.providers.downloads/cache/metadata-850.htm
07-05 13:07:09.617   545 28803 I DownloadManager: in removeSpuriousFiles, preserving file /data/data/com.android.providers.downloads/cache/metadata-962.htm
07-05 13:07:09.617   545 28803 I DownloadManager: in removeSpuriousFiles, preserving file /data/data/com.android.providers.downloads/cache/metadata-1487.htm
07-05 13:07:09.617   545 28803 I DownloadManager: in removeSpuriousFiles, preserving file /data/data/com.android.providers.downloads/cache/metadata-1132.htm
07-05 13:07:09.617   545 28803 I DownloadManager: in removeSpuriousFiles, preserving file /data/data/com.android.providers.downloads/cache/metadata-496.htm
07-05 13:07:09.621   545 28803 I DownloadManager: in removeSpuriousFiles, preserving file /data/data/com.android.providers.downloads/cache/metadata-585.htm
07-05 13:07:09.621   545 28803 I DownloadManager: in removeSpuriousFiles, preserving file /data/data/com.android.providers.downloads/cache/metadata-906.htm
07-05 13:07:09.621   545 28803 I DownloadManager: in removeSpuriousFiles, preserving file /data/data/com.android.providers.downloads/cache/metadata-1491.htm
07-05 13:07:09.621   545 28803 I DownloadManager: in removeSpuriousFiles, preserving file /data/data/com.android.providers.downloads/cache/metadata-2077.htm
07-05 13:07:09.621   545 28803 I DownloadManager: in removeSpuriousFiles, preserving file /data/data/com.android.providers.downloads/cache/metadata-1373.htm
07-05 13:07:09.621   545 28803 I DownloadManager: in removeSpuriousFiles, preserving file /data/data/com.android.providers.downloads/cache/metadata-1064.htm
07-05 13:07:09.621   545 28803 I DownloadManager: in removeSpuriousFiles, preserving file /data/data/com.android.providers.downloads/cache/metadata-695.htm
07-05 13:07:09.621   545 28803 I DownloadManager: in removeSpuriousFiles, preserving file /data/data/com.android.providers.downloads/cache/metadata-1569.htm
07-05 13:07:09.621   545 28803 I DownloadManager: in removeSpuriousFiles, preserving file /data/data/com.android.providers.downloads/cache/metadata-1285.htm
07-05 13:07:09.621   545 28803 I DownloadManager: in removeSpuriousFiles, preserving file /data/data/com.android.providers.downloads/cache/metadata-534.htm
07-05 13:07:09.621   545 28803 I DownloadManager: in removeSpuriousFiles, preserving file /data/data/com.android.providers.downloads/cache/metadata-1431.htm
07-05 13:07:09.625   545 28803 I DownloadManager: in removeSpuriousFiles, preserving file /data/data/com.android.providers.downloads/cache/metadata-1065.htm
07-05 13:07:09.625   545 28803 I DownloadManager: in removeSpuriousFiles, preserving file /data/data/com.android.providers.downloads/cache/metadata-621.htm
07-05 13:07:09.625   545 28803 I DownloadManager: in removeSpuriousFiles, preserving file /data/data/com.android.providers.downloads/cache/metadata-608.htm
07-05 13:07:09.625   545 28803 I DownloadManager: in removeSpuriousFiles, preserving file /data/data/com.android.providers.downloads/cache/metadata-764.htm
07-05 13:07:09.625   545 28803 I DownloadManager: in removeSpuriousFiles, preserving file /data/data/com.android.providers.downloads/cache/metadata-546.htm
07-05 13:07:09.625   545 28803 I DownloadManager: in removeSpuriousFiles, preserving file /data/data/com.android.providers.downloads/cache/metadata-2005.htm
07-05 13:07:09.625   545 28803 I DownloadManager: in removeSpuriousFiles, preserving file /data/data/com.android.providers.downloads/cache/metadata-605.htm
07-05 13:07:09.625   545 28803 I DownloadManager: in removeSpuriousFiles, preserving file /data/data/com.android.providers.downloads/cache/metadata-927.htm
07-05 13:07:09.625   545 28803 I DownloadManager: in removeSpuriousFiles, preserving file /data/data/com.android.providers.downloads/cache/metadata-1162.htm
07-05 13:07:09.625   545 28803 I DownloadManager: in removeSpuriousFiles, preserving file /data/data/com.android.providers.downloads/cache/metadata-1613.htm
07-05 13:07:09.625   545 28803 I DownloadManager: in removeSpuriousFiles, preserving file /data/data/com.android.providers.downloads/cache/metadata-674.htm
07-05 13:07:09.629   545 28803 I DownloadManager: in removeSpuriousFiles, preserving file /data/data/com.android.providers.downloads/cache/metadata-855.htm
07-05 13:07:09.629   545 28803 I DownloadManager: in removeSpuriousFiles, preserving file /data/data/com.android.providers.downloads/cache/metadata-1730.htm
07-05 13:07:09.629   545 28803 I DownloadManager: in removeSpuriousFiles, preserving file /data/data/com.android.providers.downloads/cache/metadata-1378.htm
07-05 13:07:09.629   545 28803 I DownloadManager: in removeSpuriousFiles, preserving file /data/data/com.android.providers.downloads/cache/metadata-751.htm
07-05 13:07:09.629   545 28803 I DownloadManager: in removeSpuriousFiles, preserving file /data/data/com.android.providers.downloads/cache/metadata-1190.htm
07-05 13:07:09.629   545 28803 I DownloadManager: in removeSpuriousFiles, preserving file /data/data/com.android.providers.downloads/cache/metadata-570.htm
07-05 13:07:09.629   545 28803 I DownloadManager: in removeSpuriousFiles, preserving file /data/data/com.android.providers.downloads/cache/metadata-2406.htm
07-05 13:07:09.629   545 28803 I DownloadManager: in removeSpuriousFiles, preserving file /data/data/com.android.providers.downloads/cache/metadata-1197.htm
07-05 13:07:09.629   545 28803 I DownloadManager: in removeSpuriousFiles, preserving file /data/data/com.android.providers.downloads/cache/metadata-550.htm
07-05 13:07:09.633   545 28803 I DownloadManager: in removeSpuriousFiles, preserving file /data/data/com.android.providers.downloads/cache/metadata-1149.htm
07-05 13:07:09.633   545 28803 I DownloadManager: in removeSpuriousFiles, preserving file /data/data/com.android.providers.downloads/cache/metadata-666.htm
07-05 13:07:09.633   545 28803 I DownloadManager: in removeSpuriousFiles, preserving file /data/data/com.android.providers.downloads/cache/metadata-688.htm
07-05 13:07:09.633   545 28803 I DownloadManager: in removeSpuriousFiles, preserving file /data/data/com.android.providers.downloads/cache/metadata-1509.htm
07-05 13:07:09.633   545 28803 I DownloadManager: in removeSpuriousFiles, preserving file /data/data/com.android.providers.downloads/cache/metadata-635.htm
07-05 13:07:09.633   545 28803 I DownloadManager: in removeSpuriousFiles, preserving file /data/data/com.android.providers.downloads/cache/metadata-1228.htm
07-05 13:07:09.633   545 28803 I DownloadManager: in removeSpuriousFiles, preserving file /data/data/com.android.providers.downloads/cache/metadata-2098.htm
07-05 13:07:09.633   545 28803 I DownloadManager: in removeSpuriousFiles, preserving file /data/data/com.android.providers.downloads/cache/metadata-851.htm
07-05 13:07:09.633   545 28803 I DownloadManager: in removeSpuriousFiles, preserving file /data/data/com.android.providers.downloads/cache/metadata-543.htm
07-05 13:07:09.633   545 28803 I DownloadManager: in removeSpuriousFiles, preserving file /data/data/com.android.providers.downloads/cache/metadata-2305.htm
07-05 13:07:09.637   545 28803 I DownloadManager: in removeSpuriousFiles, preserving file /data/data/com.android.providers.downloads/cache/metadata-725.htm
07-05 13:07:09.637   545 28803 I DownloadManager: in removeSpuriousFiles, preserving file /data/data/com.android.providers.downloads/cache/metadata-735.htm
07-05 13:07:09.637   545 28803 I DownloadManager: in removeSpuriousFiles, preserving file /data/data/com.android.providers.downloads/cache/metadata-1834.htm
07-05 13:07:09.637   545 28803 I DownloadManager: in removeSpuriousFiles, preserving file /data/data/com.android.providers.downloads/cache/metadata-2322.htm
07-05 13:07:09.637   545 28803 I DownloadManager: in removeSpuriousFiles, preserving file /data/data/com.android.providers.downloads/cache/metadata-1379.htm
07-05 13:07:09.637   545 28803 I DownloadManager: in removeSpuriousFiles, preserving file /data/data/com.android.providers.downloads/cache/metadata-302.htm
07-05 13:07:09.637   545 28803 I DownloadManager: in removeSpuriousFiles, preserving file /data/data/com.android.providers.downloads/cache/metadata-1337.htm
07-05 13:07:09.637   545 28803 I DownloadManager: in removeSpuriousFiles, preserving file /data/data/com.android.providers.downloads/cache/metadata-1676.htm
07-05 13:07:09.637   545 28803 I DownloadManager: in removeSpuriousFiles, preserving file /data/data/com.android.providers.downloads/cache/metadata-3005.htm
07-05 13:07:09.637   545 28803 I DownloadManager: in removeSpuriousFiles, preserving file /data/data/com.android.providers.downloads/cache/metadata-481.htm
07-05 13:07:09.641   545 28803 I DownloadManager: in removeSpuriousFiles, preserving file /data/data/com.android.providers.downloads/cache/metadata-651.htm
07-05 13:07:09.641   545 28803 I DownloadManager: in removeSpuriousFiles, preserving file /data/data/com.android.providers.downloads/cache/metadata-1478.htm
07-05 13:07:09.641   545 28803 I DownloadManager: in removeSpuriousFiles, preserving file /data/data/com.android.providers.downloads/cache/metadata-1460.htm
07-05 13:07:09.641   545 28803 I DownloadManager: in removeSpuriousFiles, preserving file /data/data/com.android.providers.downloads/cache/metadata-1537.htm
07-05 13:07:09.641   545 28803 I DownloadManager: in removeSpuriousFiles, preserving file /data/data/com.android.providers.downloads/cache/metadata-935.htm
07-05 13:07:09.641   545 28803 I DownloadManager: in removeSpuriousFiles, preserving file /data/data/com.android.providers.downloads/cache/metadata-2044.htm
07-05 13:07:09.641   545 28803 I DownloadManager: in removeSpuriousFiles, preserving file /data/data/com.android.providers.downloads/cache/metadata-2421.htm
07-05 13:07:09.641   545 28803 I DownloadManager: in removeSpuriousFiles, preserving file /data/data/com.android.providers.downloads/cache/metadata-1226.htm
07-05 13:07:09.641   545 28803 I DownloadManager: in removeSpuriousFiles, preserving file /data/data/com.android.providers.downloads/cache/metadata-897.htm
07-05 13:07:09.645   545 28803 I DownloadManager: in removeSpuriousFiles, preserving file /data/data/com.android.providers.downloads/cache/metadata-1110.htm
07-05 13:07:09.645   545 28803 I DownloadManager: in removeSpuriousFiles, preserving file /data/data/com.android.providers.downloads/cache/metadata-2118.htm
07-05 13:07:09.645   545 28803 I DownloadManager: in removeSpuriousFiles, preserving file /data/data/com.android.providers.downloads/cache/metadata-1642.htm
07-05 13:07:09.645   545 28803 I DownloadManager: in removeSpuriousFiles, preserving file /data/data/com.android.providers.downloads/cache/metadata-497.htm
07-05 13:07:09.645   545 28803 I DownloadManager: in removeSpuriousFiles, preserving file /data/data/com.android.providers.downloads/cache/metadata-1.htm
07-05 13:07:09.645   545 28803 I DownloadManager: in removeSpuriousFiles, preserving file /data/data/com.android.providers.downloads/cache/metadata-6.htm
07-05 13:07:09.645   545 28803 I DownloadManager: in removeSpuriousFiles, preserving file /data/data/com.android.providers.downloads/cache/metadata-18.htm
07-05 13:07:09.645   545 28803 I DownloadManager: in removeSpuriousFiles, preserving file /data/data/com.android.providers.downloads/cache/metadata-19.htm
07-05 13:07:09.645   545 28803 I DownloadManager: in removeSpuriousFiles, preserving file /data/data/com.android.providers.downloads/cache/metadata-41.htm
07-05 13:07:09.645   545 28803 I DownloadManager: in removeSpuriousFiles, preserving file /data/data/com.android.providers.downloads/cache/metadata-34.htm
07-05 13:07:09.645   545 28803 I DownloadManager: in removeSpuriousFiles, preserving file /data/data/com.android.providers.downloads/cache/metadata-37.htm
07-05 13:07:09.645   545 28803 I DownloadManager: in removeSpuriousFiles, preserving file /data/data/com.android.providers.downloads/cache/metadata-15.htm
07-05 13:07:09.645   545 28803 I DownloadManager: in removeSpuriousFiles, preserving file /data/data/com.android.providers.downloads/cache/metadata-46.htm
07-05 13:07:09.645   545 28803 I DownloadManager: in removeSpuriousFiles, preserving file /data/data/com.android.providers.downloads/cache/metadata-35.htm
07-05 13:07:09.645   545 28803 I DownloadManager: in removeSpuriousFiles, preserving file /data/data/com.android.providers.downloads/cache/metadata-12.htm
07-05 13:07:09.645   545 28803 I DownloadManager: in removeSpuriousFiles, preserving file /data/data/com.android.providers.downloads/cache/metadata-28.htm
07-05 13:07:09.645   545 28803 I DownloadManager: in removeSpuriousFiles, preserving file /data/data/com.android.providers.downloads/cache/metadata-47.htm
07-05 13:07:09.645   545 28803 I DownloadManager: in removeSpuriousFiles, preserving file /data/data/com.android.providers.downloads/cache/metadata-292.htm
07-05 13:07:09.645   545 28803 I DownloadManager: in removeSpuriousFiles, preserving file /data/data/com.android.providers.downloads/cache/metadata-698.htm
07-05 13:07:09.645   545 28803 I DownloadManager: in removeSpuriousFiles, preserving file /data/data/com.android.providers.downloads/cache/metadata-1377.htm
07-05 13:07:09.645   545 28803 I DownloadManager: in removeSpuriousFiles, preserving file /data/data/com.android.providers.downloads/cache/metadata-464.htm
07-05 13:07:09.649   545 28803 I DownloadManager: in removeSpuriousFiles, preserving file /data/data/com.android.providers.downloads/cache/metadata-808.htm
07-05 13:07:09.649   545 28803 I DownloadManager: in removeSpuriousFiles, preserving file /data/data/com.android.providers.downloads/cache/metadata-1424.htm
07-05 13:07:09.649   545 28803 I DownloadManager: in removeSpuriousFiles, preserving file /data/data/com.android.providers.downloads/cache/metadata-51.htm
07-05 13:07:09.649   545 28803 I DownloadManager: in removeSpuriousFiles, preserving file /data/data/com.android.providers.downloads/cache/metadata-413.htm
07-05 13:07:09.649   545 28803 I DownloadManager: in removeSpuriousFiles, preserving file /data/data/com.android.providers.downloads/cache/metadata-1475.htm
07-05 13:07:09.649   545 28803 I DownloadManager: in removeSpuriousFiles, preserving file /data/data/com.android.providers.downloads/cache/metadata-632.htm
07-05 13:07:09.649   545 28803 I DownloadManager: in removeSpuriousFiles, preserving file /data/data/com.android.providers.downloads/cache/metadata-749.htm
07-05 13:07:09.649   545 28803 I DownloadManager: in removeSpuriousFiles, preserving file /data/data/com.android.providers.downloads/cache/metadata-495.htm
07-05 13:07:09.649   545 28803 I DownloadManager: in removeSpuriousFiles, preserving file /data/data/com.android.providers.downloads/cache/metadata-643.htm
07-05 13:07:09.649   545 28803 I DownloadManager: in removeSpuriousFiles, preserving file /data/data/com.android.providers.downloads/cache/metadata-565.htm
07-05 13:07:09.649   545 28803 I DownloadManager: in removeSpuriousFiles, preserving file /data/data/com.android.providers.downloads/cache/metadata-1272.htm
07-05 13:07:09.649   545 28803 I DownloadManager: in removeSpuriousFiles, preserving file /data/data/com.android.providers.downloads/cache/metadata-1343.htm
07-05 13:07:09.649   545 28803 I DownloadManager: in removeSpuriousFiles, preserving file /data/data/com.android.providers.downloads/cache/metadata-1841.htm
07-05 13:07:09.649   545 28803 I DownloadManager: in removeSpuriousFiles, preserving file /data/data/com.android.providers.downloads/cache/metadata-2123.htm
07-05 13:07:09.649   545 28803 I DownloadManager: in removeSpuriousFiles, preserving file /data/data/com.android.providers.downloads/cache/metadata-1291.htm
07-05 13:07:09.653   545 28803 I DownloadManager: in removeSpuriousFiles, preserving file /data/data/com.android.providers.downloads/cache/metadata-1568.htm
07-05 13:07:09.653   545 28803 I DownloadManager: in removeSpuriousFiles, preserving file /data/data/com.android.providers.downloads/cache/metadata-301.htm
07-05 13:07:09.653   545 28803 I DownloadManager: in removeSpuriousFiles, preserving file /data/data/com.android.providers.downloads/cache/metadata-1417.htm
07-05 13:07:09.653   545 28803 I DownloadManager: in removeSpuriousFiles, preserving file /data/data/com.android.providers.downloads/cache/metadata-1670.htm
07-05 13:07:09.653   545 28803 I DownloadManager: in removeSpuriousFiles, preserving file /data/data/com.android.providers.downloads/cache/metadata-1139.htm
07-05 13:07:09.653   545 28803 I DownloadManager: in removeSpuriousFiles, preserving file /data/data/com.android.providers.downloads/cache/metadata-619.htm
07-05 13:07:09.653   545 28803 I DownloadManager: in removeSpuriousFiles, preserving file /data/data/com.android.providers.downloads/cache/metadata-442.htm
07-05 13:07:09.653   545 28803 I DownloadManager: in removeSpuriousFiles, preserving file /data/data/com.android.providers.downloads/cache/metadata-1271.htm
07-05 13:07:09.653   545 28803 I DownloadManager: in removeSpuriousFiles, preserving file /data/data/com.android.providers.downloads/cache/metadata-800.htm
07-05 13:07:09.653   545 28803 I DownloadManager: in removeSpuriousFiles, preserving file /data/data/com.android.providers.downloads/cache/metadata-944.htm
07-05 13:07:09.653   545 28803 I DownloadManager: in removeSpuriousFiles, preserving file /data/data/com.android.providers.downloads/cache/metadata-1154.htm
07-05 13:07:09.653   545 28803 I DownloadManager: in removeSpuriousFiles, preserving file /data/data/com.android.providers.downloads/cache/metadata-718.htm
07-05 13:07:09.653   545 28803 I DownloadManager: in removeSpuriousFiles, preserving file /data/data/com.android.providers.downloads/cache/metadata-2059.htm
07-05 13:07:09.656   545 28803 I DownloadManager: in removeSpuriousFiles, preserving file /data/data/com.android.providers.downloads/cache/metadata-1332.htm
07-05 13:07:09.656   545 28803 I DownloadManager: in removeSpuriousFiles, preserving file /data/data/com.android.providers.downloads/cache/metadata-2536.htm
07-05 13:07:09.656   545 28803 I DownloadManager: in removeSpuriousFiles, preserving file /data/data/com.android.providers.downloads/cache/metadata-315.htm
07-05 13:07:09.656   545 28803 I DownloadManager: in removeSpuriousFiles, preserving file /data/data/com.android.providers.downloads/cache/metadata-510.htm
07-05 13:07:09.656   545 28803 I DownloadManager: in removeSpuriousFiles, preserving file /data/data/com.android.providers.downloads/cache/metadata-654.htm
07-05 13:07:09.656   545 28803 I DownloadManager: in removeSpuriousFiles, preserving file /data/data/com.android.providers.downloads/cache/metadata-395.htm
07-05 13:07:09.656   545 28803 I DownloadManager: in removeSpuriousFiles, preserving file /data/data/com.android.providers.downloads/cache/metadata-1704.htm
07-05 13:07:09.656   545 28803 I DownloadManager: in removeSpuriousFiles, preserving file /data/data/com.android.providers.downloads/cache/metadata-843.htm
07-05 13:07:09.656   545 28803 I DownloadManager: in removeSpuriousFiles, preserving file /data/data/com.android.providers.downloads/cache/metadata-953.htm
07-05 13:07:09.656   545 28803 I DownloadManager: in removeSpuriousFiles, preserving file /data/data/com.android.providers.downloads/cache/metadata-1321.htm
07-05 13:07:09.656   545 28803 I DownloadManager: in removeSpuriousFiles, preserving file /data/data/com.android.providers.downloads/cache/metadata-1320.htm
07-05 13:07:09.656   545 28803 I DownloadManager: in removeSpuriousFiles, preserving file /data/data/com.android.providers.downloads/cache/metadata-883.htm
07-05 13:07:09.660   545 28803 I DownloadManager: in removeSpuriousFiles, preserving file /data/data/com.android.providers.downloads/cache/metadata-1930.htm
07-05 13:07:09.660   545 28803 I DownloadManager: in removeSpuriousFiles, preserving file /data/data/com.android.providers.downloads/cache/metadata-2140.htm
07-05 13:07:09.660   545 28803 I DownloadManager: in removeSpuriousFiles, preserving file /data/data/com.android.providers.downloads/cache/metadata-669.htm
07-05 13:07:09.660   545 28803 I DownloadManager: in removeSpuriousFiles, preserving file /data/data/com.android.providers.downloads/cache/metadata-1009.htm
07-05 13:07:09.660   545 28803 I DownloadManager: in removeSpuriousFiles, preserving file /data/data/com.android.providers.downloads/cache/metadata-1135.htm
07-05 13:07:09.660   545 28803 I DownloadManager: in removeSpuriousFiles, preserving file /data/data/com.android.providers.downloads/cache/metadata-1628.htm
07-05 13:07:09.660   545 28803 I DownloadManager: in removeSpuriousFiles, preserving file /data/data/com.android.providers.downloads/cache/metadata-2283.htm
07-05 13:07:09.660   545 28803 I DownloadManager: in removeSpuriousFiles, preserving file /data/data/com.android.providers.downloads/cache/metadata-474.htm
07-05 13:07:09.660   545 28803 I DownloadManager: in removeSpuriousFiles, preserving file /data/data/com.android.providers.downloads/cache/metadata-594.htm
07-05 13:07:09.660   545 28803 I DownloadManager: in removeSpuriousFiles, preserving file /data/data/com.android.providers.downloads/cache/metadata-1465.htm
07-05 13:07:09.660   545 28803 I DownloadManager: in removeSpuriousFiles, preserving file /data/data/com.android.providers.downloads/cache/metadata-1258.htm
07-05 13:07:09.664   545 28803 I DownloadManager: in removeSpuriousFiles, preserving file /data/data/com.android.providers.downloads/cache/metadata-926.htm
07-05 13:07:09.664   545 28803 I DownloadManager: in removeSpuriousFiles, preserving file /data/data/com.android.providers.downloads/cache/metadata-1305.htm
07-05 13:07:09.664   545 28803 I DownloadManager: in removeSpuriousFiles, preserving file /data/data/com.android.providers.downloads/cache/metadata-1685.htm
07-05 13:07:09.664   545 28803 I DownloadManager: in removeSpuriousFiles, preserving file /data/data/com.android.providers.downloads/cache/metadata-511.htm
07-05 13:07:09.664   545 28803 I DownloadManager: in removeSpuriousFiles, preserving file /data/data/com.android.providers.downloads/cache/metadata-539.htm
07-05 13:07:09.664   545 28803 I DownloadManager: in removeSpuriousFiles, preserving file /data/data/com.android.providers.downloads/cache/metadata-1334.htm
07-05 13:07:09.664   545 28803 I DownloadManager: in removeSpuriousFiles, preserving file /data/data/com.android.providers.downloads/cache/metadata-1361.htm
07-05 13:07:09.664   545 28803 I DownloadManager: in removeSpuriousFiles, preserving file /data/data/com.android.providers.downloads/cache/metadata-1410.htm
07-05 13:07:09.664   545 28803 I DownloadManager: in removeSpuriousFiles, preserving file /data/data/com.android.providers.downloads/cache/metadata-625.htm
07-05 13:07:09.664   545 28803 I DownloadManager: in removeSpuriousFiles, preserving file /data/data/com.android.providers.downloads/cache/metadata-1081.htm
07-05 13:07:09.664   545 28803 I DownloadManager: in removeSpuriousFiles, preserving file /data/data/com.android.providers.downloads/cache/metadata-1590.htm
07-05 13:07:09.668   545 28803 I DownloadManager: in removeSpuriousFiles, preserving file /data/data/com.android.providers.downloads/cache/metadata-970.htm
07-05 13:07:09.668   545 28803 I DownloadManager: in removeSpuriousFiles, preserving file /data/data/com.android.providers.downloads/cache/metadata-1885.htm
07-05 13:07:09.668   545 28803 I DownloadManager: in removeSpuriousFiles, preserving file /data/data/com.android.providers.downloads/cache/metadata-2454.htm
07-05 13:07:09.668   545 28803 I DownloadManager: in removeSpuriousFiles, preserving file /data/data/com.android.providers.downloads/cache/metadata-1541.htm
07-05 13:07:09.668   545 28803 I DownloadManager: in removeSpuriousFiles, preserving file /data/data/com.android.providers.downloads/cache/metadata-1608.htm
07-05 13:07:09.668   545 28803 I DownloadManager: in removeSpuriousFiles, preserving file /data/data/com.android.providers.downloads/cache/metadata-489.htm
07-05 13:07:09.668   545 28803 I DownloadManager: in removeSpuriousFiles, preserving file /data/data/com.android.providers.downloads/cache/metadata-637.htm
07-05 13:07:09.668   545 28803 I DownloadManager: in removeSpuriousFiles, preserving file /data/data/com.android.providers.downloads/cache/metadata-1325.htm
07-05 13:07:09.668   545 28803 I DownloadManager: in removeSpuriousFiles, preserving file /data/data/com.android.providers.downloads/cache/metadata-1208.htm
07-05 13:07:09.668   545 28803 I DownloadManager: in removeSpuriousFiles, preserving file /data/data/com.android.providers.downloads/cache/metadata-1340.htm
07-05 13:07:09.672   545 28803 I DownloadManager: in removeSpuriousFiles, preserving file /data/data/com.android.providers.downloads/cache/metadata-1385.htm
07-05 13:07:09.672   545 28803 I DownloadManager: in removeSpuriousFiles, preserving file /data/data/com.android.providers.downloads/cache/metadata-743.htm
07-05 13:07:09.672   545 28803 I DownloadManager: in removeSpuriousFiles, preserving file /data/data/com.android.providers.downloads/cache/metadata-1003.htm
07-05 13:07:09.672   545 28803 I DownloadManager: in removeSpuriousFiles, preserving file /data/data/com.android.providers.downloads/cache/metadata-1529.htm
07-05 13:07:09.672   545 28803 I DownloadManager: in removeSpuriousFiles, preserving file /data/data/com.android.providers.downloads/cache/metadata-885.htm
07-05 13:07:09.672   545 28803 I DownloadManager: in removeSpuriousFiles, preserving file /data/data/com.android.providers.downloads/cache/metadata-726.htm
07-05 13:07:09.672   545 28803 I DownloadManager: in removeSpuriousFiles, preserving file /data/data/com.android.providers.downloads/cache/metadata-668.htm
07-05 13:07:09.672   545 28803 I DownloadManager: in removeSpuriousFiles, preserving file /data/data/com.android.providers.downloads/cache/metadata-774.htm
07-05 13:07:09.672   545 28803 I DownloadManager: in removeSpuriousFiles, preserving file /data/data/com.android.providers.downloads/cache/metadata-861.htm
07-05 13:07:09.672   545 28803 I DownloadManager: in removeSpuriousFiles, preserving file /data/data/com.android.providers.downloads/cache/metadata-1280.htm
07-05 13:07:09.676   545 28803 I DownloadManager: in removeSpuriousFiles, preserving file /data/data/com.android.providers.downloads/cache/metadata-1467.htm
07-05 13:07:09.676   545 28803 I DownloadManager: in removeSpuriousFiles, preserving file /data/data/com.android.providers.downloads/cache/metadata-973.htm
07-05 13:07:09.680   545 28803 I DownloadManager: in removeSpuriousFiles, preserving file /data/data/com.android.providers.downloads/cache/metadata-1394.htm
07-05 13:07:09.680   545 28803 I DownloadManager: in removeSpuriousFiles, preserving file /data/data/com.android.providers.downloads/cache/metadata-2326.htm
07-05 13:07:09.680   545 28803 I DownloadManager: in removeSpuriousFiles, preserving file /data/data/com.android.providers.downloads/cache/metadata-208.htm
07-05 13:07:09.680   545 28803 I DownloadManager: in removeSpuriousFiles, preserving file /data/data/com.android.providers.downloads/cache/metadata-1246.htm
07-05 13:07:09.680   545 28803 I DownloadManager: in removeSpuriousFiles, preserving file /data/data/com.android.providers.downloads/cache/metadata-994.htm
07-05 13:07:09.680   545 28803 I DownloadManager: in removeSpuriousFiles, preserving file /data/data/com.android.providers.downloads/cache/metadata-912.htm
07-05 13:07:09.680   545 28803 I DownloadManager: in removeSpuriousFiles, preserving file /data/data/com.android.providers.downloads/cache/metadata-1520.htm
07-05 13:07:09.680   545 28803 I DownloadManager: in removeSpuriousFiles, preserving file /data/data/com.android.providers.downloads/cache/metadata-732.htm
07-05 13:07:09.680   545 28803 I DownloadManager: in removeSpuriousFiles, preserving file /data/data/com.android.providers.downloads/cache/metadata-986.htm
07-05 13:07:09.684   545 28803 I DownloadManager: in removeSpuriousFiles, preserving file /data/data/com.android.providers.downloads/cache/metadata-846.htm
07-05 13:07:09.684   545 28803 I DownloadManager: in removeSpuriousFiles, preserving file /data/data/com.android.providers.downloads/cache/metadata-1342.htm
07-05 13:07:09.684   545 28803 I DownloadManager: in removeSpuriousFiles, preserving file /data/data/com.android.providers.downloads/cache/metadata-956.htm
07-05 13:07:09.684   545 28803 I DownloadManager: in removeSpuriousFiles, preserving file /data/data/com.android.providers.downloads/cache/metadata-1584.htm
07-05 13:07:09.684   545 28803 I DownloadManager: in removeSpuriousFiles, preserving file /data/data/com.android.providers.downloads/cache/metadata-505.htm
07-05 13:07:09.684   545 28803 I DownloadManager: in removeSpuriousFiles, preserving file /data/data/com.android.providers.downloads/cache/metadata-2194.htm
07-05 13:07:09.684   545 28803 I DownloadManager: in removeSpuriousFiles, preserving file /data/data/com.android.providers.downloads/cache/metadata-870.htm
07-05 13:07:09.684   545 28803 I DownloadManager: in removeSpuriousFiles, preserving file /data/data/com.android.providers.downloads/cache/metadata-1901.htm
07-05 13:07:09.684   545 28803 I DownloadManager: in removeSpuriousFiles, preserving file /data/data/com.android.providers.downloads/cache/metadata-884.htm
07-05 13:07:09.684   545 28803 I DownloadManager: in removeSpuriousFiles, preserving file /data/data/com.android.providers.downloads/cache/metadata-856.htm
07-05 13:07:09.688   545 28803 I DownloadManager: in removeSpuriousFiles, preserving file /data/data/com.android.providers.downloads/cache/metadata-2117.htm
07-05 13:07:09.688   545 28803 I DownloadManager: in removeSpuriousFiles, preserving file /data/data/com.android.providers.downloads/cache/metadata-646.htm
07-05 13:07:09.688   545 28803 I DownloadManager: in removeSpuriousFiles, preserving file /data/data/com.android.providers.downloads/cache/metadata-2027.htm
07-05 13:07:09.688   545 28803 I DownloadManager: in removeSpuriousFiles, preserving file /data/data/com.android.providers.downloads/cache/metadata-1518.htm
07-05 13:07:09.688   545 28803 I DownloadManager: in removeSpuriousFiles, preserving file /data/data/com.android.providers.downloads/cache/metadata-1539.htm
07-05 13:07:09.688   545 28803 I DownloadManager: in removeSpuriousFiles, preserving file /data/data/com.android.providers.downloads/cache/metadata-2.htm
07-05 13:07:09.688   545 28803 I DownloadManager: in removeSpuriousFiles, preserving file /data/data/com.android.providers.downloads/cache/metadata-23.htm
07-05 13:07:09.688   545 28803 I DownloadManager: in removeSpuriousFiles, preserving file /data/data/com.android.providers.downloads/cache/metadata-8.htm
07-05 13:07:09.688   545 28803 I DownloadManager: in removeSpuriousFiles, preserving file /data/data/com.android.providers.downloads/cache/metadata-24.htm
07-05 13:07:09.688   545 28803 I DownloadManager: in removeSpuriousFiles, preserving file /data/data/com.android.providers.downloads/cache/metadata-36.htm
07-05 13:07:09.688   545 28803 I DownloadManager: in removeSpuriousFiles, preserving file /data/data/com.android.providers.downloads/cache/metadata-13.htm
07-05 13:07:09.688   545 28803 I DownloadManager: in removeSpuriousFiles, preserving file /data/data/com.android.providers.downloads/cache/metadata-40.htm
07-05 13:07:09.688   545 28803 I DownloadManager: in removeSpuriousFiles, preserving file /data/data/com.android.providers.downloads/cache/metadata-56.htm
07-05 13:07:09.688   545 28803 I DownloadManager: in removeSpuriousFiles, preserving file /data/data/com.android.providers.downloads/cache/metadata-32.htm
07-05 13:07:09.688   545 28803 I DownloadManager: in removeSpuriousFiles, preserving file /data/data/com.android.providers.downloads/cache/metadata-21.htm
07-05 13:07:09.688   545 28803 I DownloadManager: in removeSpuriousFiles, preserving file /data/data/com.android.providers.downloads/cache/metadata-55.htm
07-05 13:07:09.688   545 28803 I DownloadManager: in removeSpuriousFiles, preserving file /data/data/com.android.providers.downloads/cache/metadata-42.htm
07-05 13:07:09.688   545 28803 I DownloadManager: in removeSpuriousFiles, preserving file /data/data/com.android.providers.downloads/cache/metadata-58.htm
07-05 13:07:09.688   545 28803 I DownloadManager: in removeSpuriousFiles, preserving file /data/data/com.android.providers.downloads/cache/metadata-59.htm
07-05 13:07:09.688   545 28803 I DownloadManager: in removeSpuriousFiles, preserving file /data/data/com.android.providers.downloads/cache/metadata-2109.htm
07-05 13:07:09.688   545 28803 I DownloadManager: in removeSpuriousFiles, preserving file /data/data/com.android.providers.downloads/cache/metadata-161.htm
07-05 13:07:09.688   545 28803 I DownloadManager: in removeSpuriousFiles, preserving file /data/data/com.android.providers.downloads/cache/metadata-372.htm
07-05 13:07:09.688   545 28803 I DownloadManager: in removeSpuriousFiles, preserving file /data/data/com.android.providers.downloads/cache/metadata-60.htm
07-05 13:07:09.688   545 28803 I DownloadManager: in removeSpuriousFiles, preserving file /data/data/com.android.providers.downloads/cache/metadata-153.htm
07-05 13:07:09.692   545 28803 I DownloadManager: in removeSpuriousFiles, preserving file /data/data/com.android.providers.downloads/cache/metadata-62.htm
07-05 13:07:09.692   545 28803 I DownloadManager: in removeSpuriousFiles, preserving file /data/data/com.android.providers.downloads/cache/metadata-89.htm
07-05 13:07:09.692   545 28803 I DownloadManager: in removeSpuriousFiles, preserving file /data/data/com.android.providers.downloads/cache/metadata-1266.htm
07-05 13:07:09.692   545 28803 I DownloadManager: in removeSpuriousFiles, preserving file /data/data/com.android.providers.downloads/cache/metadata-151.htm
07-05 13:07:09.692   545 28803 I DownloadManager: in removeSpuriousFiles, preserving file /data/data/com.android.providers.downloads/cache/metadata-324.htm
07-05 13:07:09.692   545 28803 I DownloadManager: in removeSpuriousFiles, preserving file /data/data/com.android.providers.downloads/cache/metadata-1400.htm
07-05 13:07:09.692   545 28803 I DownloadManager: in removeSpuriousFiles, preserving file /data/data/com.android.providers.downloads/cache/metadata-609.htm
07-05 13:07:09.692   545 28803 I DownloadManager: in removeSpuriousFiles, preserving file /data/data/com.android.providers.downloads/cache/metadata-183.htm
07-05 13:07:09.692   545 28803 I DownloadManager: in removeSpuriousFiles, preserving file /data/data/com.android.providers.downloads/cache/metadata-1740.htm
07-05 13:07:09.692   545 28803 I DownloadManager: in removeSpuriousFiles, preserving file /data/data/com.android.providers.downloads/cache/metadata-67.htm
07-05 13:07:09.692   545 28803 I DownloadManager: in removeSpuriousFiles, preserving file /data/data/com.android.providers.downloads/cache/metadata-143.htm
07-05 13:07:09.692   545 28803 I DownloadManager: in removeSpuriousFiles, preserving file /data/data/com.android.providers.downloads/cache/metadata-1077.htm
07-05 13:07:09.692   545 28803 I DownloadManager: in removeSpuriousFiles, preserving file /data/data/com.android.providers.downloads/cache/metadata-563.htm
07-05 13:07:09.692   545 28803 I DownloadManager: in removeSpuriousFiles, preserving file /data/data/com.android.providers.downloads/cache/metadata-1249.htm
07-05 13:07:09.692   545 28803 I DownloadManager: in removeSpuriousFiles, preserving file /data/data/com.android.providers.downloads/cache/metadata-196.htm
07-05 13:07:09.692   545 28803 I DownloadManager: in removeSpuriousFiles, preserving file /data/data/com.android.providers.downloads/cache/metadata-216.htm
07-05 13:07:09.692   545 28803 I DownloadManager: in removeSpuriousFiles, preserving file /data/data/com.android.providers.downloads/cache/metadata-1887.htm
07-05 13:07:09.692   545 28803 I DownloadManager: in removeSpuriousFiles, preserving file /data/data/com.android.providers.downloads/cache/metadata-799.htm
07-05 13:07:09.692   545 28803 I DownloadManager: in removeSpuriousFiles, preserving file /data/data/com.android.providers.downloads/cache/metadata-991.htm
07-05 13:07:09.692   545 28803 I DownloadManager: in removeSpuriousFiles, preserving file /data/data/com.android.providers.downloads/cache/metadata-230.htm
07-05 13:07:09.692   545 28803 I DownloadManager: in removeSpuriousFiles, preserving file /data/data/com.android.providers.downloads/cache/metadata-1102.htm
07-05 13:07:09.692   545 28803 I DownloadManager: in removeSpuriousFiles, preserving file /data/data/com.android.providers.downloads/cache/metadata-656.htm
07-05 13:07:09.692   545 28803 I DownloadManager: in removeSpuriousFiles, preserving file /data/data/com.android.providers.downloads/cache/metadata-580.htm
07-05 13:07:09.692   545 28803 I DownloadManager: in removeSpuriousFiles, preserving file /data/data/com.android.providers.downloads/cache/metadata-1304.htm
07-05 13:07:09.692   545 28803 I DownloadManager: in removeSpuriousFiles, preserving file /data/data/com.android.providers.downloads/cache/metadata-1635.htm
07-05 13:07:09.692   545 28803 I DownloadManager: in removeSpuriousFiles, preserving file /data/data/com.android.providers.downloads/cache/metadata-416.htm
07-05 13:07:09.692   545 28803 I DownloadManager: in removeSpuriousFiles, preserving file /data/data/com.android.providers.downloads/cache/metadata-1823.htm
07-05 13:07:09.692   545 28803 I DownloadManager: in removeSpuriousFiles, preserving file /data/data/com.android.providers.downloads/cache/metadata-590.htm
07-05 13:07:09.696   545 28803 I DownloadManager: in removeSpuriousFiles, preserving file /data/data/com.android.providers.downloads/cache/metadata-586.htm
07-05 13:07:09.696   545 28803 I DownloadManager: in removeSpuriousFiles, preserving file /data/data/com.android.providers.downloads/cache/metadata-1270.htm
07-05 13:07:09.696   545 28803 I DownloadManager: in removeSpuriousFiles, preserving file /data/data/com.android.providers.downloads/cache/metadata-686.htm
07-05 13:07:09.696   545 28803 I DownloadManager: in removeSpuriousFiles, preserving file /data/data/com.android.providers.downloads/cache/metadata-245.htm
07-05 13:07:09.696   545 28803 I DownloadManager: in removeSpuriousFiles, preserving file /data/data/com.android.providers.downloads/cache/metadata-862.htm
07-05 13:07:09.696   545 28803 I DownloadManager: in removeSpuriousFiles, preserving file /data/data/com.android.providers.downloads/cache/metadata-1312.htm
07-05 13:07:09.696   545 28803 I DownloadManager: in removeSpuriousFiles, preserving file /data/data/com.android.providers.downloads/cache/metadata-1212.htm
07-05 13:07:09.696   545 28803 I DownloadManager: in removeSpuriousFiles, preserving file /data/data/com.android.providers.downloads/cache/metadata-294.htm
07-05 13:07:09.696   545 28803 I DownloadManager: in removeSpuriousFiles, preserving file /data/data/com.android.providers.downloads/cache/metadata-192.htm
07-05 13:07:09.696   545 28803 I DownloadManager: in removeSpuriousFiles, preserving file /data/data/com.android.providers.downloads/cache/metadata-1140.htm
07-05 13:07:09.696   545 28803 I DownloadManager: in removeSpuriousFiles, preserving file /data/data/com.android.providers.downloads/cache/metadata-201.htm
07-05 13:07:09.696   545 28803 I DownloadManager: in removeSpuriousFiles, preserving file /data/data/com.android.providers.downloads/cache/metadata-77.htm
07-05 13:07:09.696   545 28803 I DownloadManager: in removeSpuriousFiles, preserving file /data/data/com.android.providers.downloads/cache/metadata-1921.htm
07-05 13:07:09.699   545 28803 I DownloadManager: in removeSpuriousFiles, preserving file /data/data/com.android.providers.downloads/cache/metadata-627.htm
07-05 13:07:09.699   545 28803 I DownloadManager: in removeSpuriousFiles, preserving file /data/data/com.android.providers.downloads/cache/metadata-569.htm
07-05 13:07:09.699   545 28803 I DownloadManager: in removeSpuriousFiles, preserving file /data/data/com.android.providers.downloads/cache/metadata-1756.htm
07-05 13:07:09.699   545 28803 I DownloadManager: in removeSpuriousFiles, preserving file /data/data/com.android.providers.downloads/cache/metadata-787.htm
07-05 13:07:09.699   545 28803 I DownloadManager: in removeSpuriousFiles, preserving file /data/data/com.android.providers.downloads/cache/metadata-1158.htm
07-05 13:07:09.699   545 28803 I DownloadManager: in removeSpuriousFiles, preserving file /data/data/com.android.providers.downloads/cache/metadata-595.htm
07-05 13:07:09.699   545 28803 I DownloadManager: in removeSpuriousFiles, preserving file /data/data/com.android.providers.downloads/cache/metadata-1002.htm
07-05 13:07:09.699   545 28803 I DownloadManager: in removeSpuriousFiles, preserving file /data/data/com.android.providers.downloads/cache/metadata-1199.htm
07-05 13:07:09.699   545 28803 I DownloadManager: in removeSpuriousFiles, preserving file /data/data/com.android.providers.downloads/cache/metadata-174.htm
07-05 13:07:09.699   545 28803 I DownloadManager: in removeSpuriousFiles, preserving file /data/data/com.android.providers.downloads/cache/metadata-641.htm
07-05 13:07:09.699   545 28803 I DownloadManager: in removeSpuriousFiles, preserving file /data/data/com.android.providers.downloads/cache/metadata-319.htm
07-05 13:07:09.699   545 28803 I DownloadManager: in removeSpuriousFiles, preserving file /data/data/com.android.providers.downloads/cache/metadata-1314.htm
07-05 13:07:09.703   545 28803 I DownloadManager: in removeSpuriousFiles, preserving file /data/data/com.android.providers.downloads/cache/metadata-663.htm
07-05 13:07:09.703   545 28803 I DownloadManager: in removeSpuriousFiles, preserving file /data/data/com.android.providers.downloads/cache/metadata-604.htm
07-05 13:07:09.703   545 28803 I DownloadManager: in removeSpuriousFiles, preserving file /data/data/com.android.providers.downloads/cache/metadata-1195.htm
07-05 13:07:09.703   545 28803 I DownloadManager: in removeSpuriousFiles, preserving file /data/data/com.android.providers.downloads/cache/metadata-1458.htm
07-05 13:07:09.703   545 28803 I DownloadManager: in removeSpuriousFiles, preserving file /data/data/com.android.providers.downloads/cache/metadata-1847.htm
07-05 13:07:09.703   545 28803 I DownloadManager: in removeSpuriousFiles, preserving file /data/data/com.android.providers.downloads/cache/metadata-556.htm
07-05 13:07:09.703   545 28803 I DownloadManager: in removeSpuriousFiles, preserving file /data/data/com.android.providers.downloads/cache/metadata-1687.htm
07-05 13:07:09.703   545 28803 I DownloadManager: in removeSpuriousFiles, preserving file /data/data/com.android.providers.downloads/cache/metadata-1649.htm
07-05 13:07:09.703   545 28803 I DownloadManager: in removeSpuriousFiles, preserving file /data/data/com.android.providers.downloads/cache/metadata-1441.htm
07-05 13:07:09.703   545 28803 I DownloadManager: in removeSpuriousFiles, preserving file /data/data/com.android.providers.downloads/cache/metadata-797.htm
07-05 13:07:09.703   545 28803 I DownloadManager: in removeSpuriousFiles, preserving file /data/data/com.android.providers.downloads/cache/metadata-1395.htm
07-05 13:07:09.703   545 28803 I DownloadManager: in removeSpuriousFiles, preserving file /data/data/com.android.providers.downloads/cache/metadata-1341.htm
07-05 13:07:09.707   545 28803 I DownloadManager: in removeSpuriousFiles, preserving file /data/data/com.android.providers.downloads/cache/metadata-1910.htm
07-05 13:07:09.707   545 28803 I DownloadManager: in removeSpuriousFiles, preserving file /data/data/com.android.providers.downloads/cache/metadata-642.htm
07-05 13:07:09.707   545 28803 I DownloadManager: in removeSpuriousFiles, preserving file /data/data/com.android.providers.downloads/cache/metadata-989.htm
07-05 13:07:09.707   545 28803 I DownloadManager: in removeSpuriousFiles, preserving file /data/data/com.android.providers.downloads/cache/metadata-1931.htm
07-05 13:07:09.707   545 28803 I DownloadManager: in removeSpuriousFiles, preserving file /data/data/com.android.providers.downloads/cache/metadata-1251.htm
07-05 13:07:09.707   545 28803 I DownloadManager: in removeSpuriousFiles, preserving file /data/data/com.android.providers.downloads/cache/metadata-1775.htm
07-05 13:07:09.707   545 28803 I DownloadManager: in removeSpuriousFiles, preserving file /data/data/com.android.providers.downloads/cache/metadata-1241.htm
07-05 13:07:09.707   545 28803 I DownloadManager: in removeSpuriousFiles, preserving file /data/data/com.android.providers.downloads/cache/metadata-1677.htm
07-05 13:07:09.707   545 28803 I DownloadManager: in removeSpuriousFiles, preserving file /data/data/com.android.providers.downloads/cache/metadata-2208.htm
07-05 13:07:09.707   545 28803 I DownloadManager: in removeSpuriousFiles, preserving file /data/data/com.android.providers.downloads/cache/metadata-473.htm
07-05 13:07:09.707   545 28803 I DownloadManager: in removeSpuriousFiles, preserving file /data/data/com.android.providers.downloads/cache/metadata-1956.htm
07-05 13:07:09.707   545 28803 I DownloadManager: in removeSpuriousFiles, preserving file /data/data/com.android.providers.downloads/cache/metadata-882.htm
07-05 13:07:09.711   545 28803 I DownloadManager: in removeSpuriousFiles, preserving file /data/data/com.android.providers.downloads/cache/metadata-1626.htm
07-05 13:07:09.711   545 28803 I DownloadManager: in removeSpuriousFiles, preserving file /data/data/com.android.providers.downloads/cache/metadata-772.htm
07-05 13:07:09.711   545 28803 I DownloadManager: in removeSpuriousFiles, preserving file /data/data/com.android.providers.downloads/cache/metadata-1716.htm
07-05 13:07:09.711   545 28803 I DownloadManager: in removeSpuriousFiles, preserving file /data/data/com.android.providers.downloads/cache/metadata-1355.htm
07-05 13:07:09.711   545 28803 I DownloadManager: in removeSpuriousFiles, preserving file /data/data/com.android.providers.downloads/cache/metadata-1498.htm
07-05 13:07:09.711   545 28803 I DownloadManager: in removeSpuriousFiles, preserving file /data/data/com.android.providers.downloads/cache/metadata-848.htm
07-05 13:07:09.711   545 28803 I DownloadManager: in removeSpuriousFiles, preserving file /data/data/com.android.providers.downloads/cache/metadata-849.htm
07-05 13:07:09.746   545   548 D dalvikvm: GC_CONCURRENT freed 457K, 8% free 10884K/11719K, paused 2ms+5ms
07-05 13:07:09.746   545 28803 I DownloadManager: in removeSpuriousFiles, preserving file /data/data/com.android.providers.downloads/cache/metadata-1659.htm
07-05 13:07:09.750   545 28803 I DownloadManager: in removeSpuriousFiles, preserving file /data/data/com.android.providers.downloads/cache/metadata-1707.htm
07-05 13:07:09.750   545 28803 I DownloadManager: in removeSpuriousFiles, preserving file /data/data/com.android.providers.downloads/cache/metadata-661.htm
07-05 13:07:09.750   545 28803 I DownloadManager: in removeSpuriousFiles, preserving file /data/data/com.android.providers.downloads/cache/metadata-299.htm
07-05 13:07:09.750   545 28803 I DownloadManager: in removeSpuriousFiles, preserving file /data/data/com.android.providers.downloads/cache/metadata-126.htm
07-05 13:07:09.750   545 28803 I DownloadManager: in removeSpuriousFiles, preserving file /data/data/com.android.providers.downloads/cache/metadata-983.htm
07-05 13:07:09.750   545 28803 I DownloadManager: in removeSpuriousFiles, preserving file /data/data/com.android.providers.downloads/cache/metadata-2184.htm
07-05 13:07:09.750   545 28803 I DownloadManager: in removeSpuriousFiles, preserving file /data/data/com.android.providers.downloads/cache/metadata-219.htm
07-05 13:07:09.750   545 28803 I DownloadManager: in removeSpuriousFiles, preserving file /data/data/com.android.providers.downloads/cache/metadata-757.htm
07-05 13:07:09.750   545 28803 I DownloadManager: in removeSpuriousFiles, preserving file /data/data/com.android.providers.downloads/cache/metadata-691.htm
07-05 13:07:09.754   545 28803 I DownloadManager: in removeSpuriousFiles, preserving file /data/data/com.android.providers.downloads/cache/metadata-694.htm
07-05 13:07:09.754   545 28803 I DownloadManager: in removeSpuriousFiles, preserving file /data/data/com.android.providers.downloads/cache/metadata-1036.htm
07-05 13:07:09.754   545 28803 I DownloadManager: in removeSpuriousFiles, preserving file /data/data/com.android.providers.downloads/cache/metadata-1066.htm
07-05 13:07:09.754   545 28803 I DownloadManager: in removeSpuriousFiles, preserving file /data/data/com.android.providers.downloads/cache/metadata-1181.htm
07-05 13:07:09.754   545 28803 I DownloadManager: in removeSpuriousFiles, preserving file /data/data/com.android.providers.downloads/cache/metadata-2062.htm
07-05 13:07:09.754   545 28803 I DownloadManager: in removeSpuriousFiles, preserving file /data/data/com.android.providers.downloads/cache/metadata-1142.htm
07-05 13:07:09.754   545 28803 I DownloadManager: in removeSpuriousFiles, preserving file /data/data/com.android.providers.downloads/cache/metadata-1922.htm
07-05 13:07:09.754   545 28803 I DownloadManager: in removeSpuriousFiles, preserving file /data/data/com.android.providers.downloads/cache/metadata-1211.htm
07-05 13:07:09.754   545 28803 I DownloadManager: in removeSpuriousFiles, preserving file /data/data/com.android.providers.downloads/cache/metadata-1519.htm
07-05 13:07:09.754   545 28803 I DownloadManager: in removeSpuriousFiles, preserving file /data/data/com.android.providers.downloads/cache/metadata-1369.htm
07-05 13:07:09.754   545 28803 I DownloadManager: in removeSpuriousFiles, preserving file /data/data/com.android.providers.downloads/cache/metadata-601.htm
07-05 13:07:09.762   545 28803 I DownloadManager: in removeSpuriousFiles, preserving file /data/data/com.android.providers.downloads/cache/metadata-677.htm
07-05 13:07:09.762   545 28803 I DownloadManager: in removeSpuriousFiles, preserving file /data/data/com.android.providers.downloads/cache/metadata-1650.htm
07-05 13:07:09.762   545 28803 I DownloadManager: in removeSpuriousFiles, preserving file /data/data/com.android.providers.downloads/cache/metadata-16.htm
07-05 13:07:09.762   545 28803 I DownloadManager: in removeSpuriousFiles, preserving file /data/data/com.android.providers.downloads/cache/metadata-27.htm
07-05 13:07:09.762   545 28803 I DownloadManager: in removeSpuriousFiles, preserving file /data/data/com.android.providers.downloads/cache/metadata-44.htm
07-05 13:07:09.762   545 28803 I DownloadManager: in removeSpuriousFiles, preserving file /data/data/com.android.providers.downloads/cache/metadata-54.htm
07-05 13:07:09.762   545 28803 I DownloadManager: in removeSpuriousFiles, preserving file /data/data/com.android.providers.downloads/cache/metadata-25.htm
07-05 13:07:09.762   545 28803 I DownloadManager: in removeSpuriousFiles, preserving file /data/data/com.android.providers.downloads/cache/metadata-39.htm
07-05 13:07:09.762   545 28803 I DownloadManager: in removeSpuriousFiles, preserving file /data/data/com.android.providers.downloads/cache/metadata-17.htm
07-05 13:07:09.762   545 28803 I DownloadManager: in removeSpuriousFiles, preserving file /data/data/com.android.providers.downloads/cache/metadata-72.htm
07-05 13:07:09.762   545 28803 I DownloadManager: in removeSpuriousFiles, preserving file /data/data/com.android.providers.downloads/cache/metadata-71.htm
07-05 13:07:09.762   545 28803 I DownloadManager: in removeSpuriousFiles, preserving file /data/data/com.android.providers.downloads/cache/metadata-150.htm
07-05 13:07:09.762   545 28803 I DownloadManager: in removeSpuriousFiles, preserving file /data/data/com.android.providers.downloads/cache/metadata-148.htm
07-05 13:07:09.762   545 28803 I DownloadManager: in removeSpuriousFiles, preserving file /data/data/com.android.providers.downloads/cache/metadata-68.htm
07-05 13:07:09.762   545 28803 I DownloadManager: in removeSpuriousFiles, preserving file /data/data/com.android.providers.downloads/cache/metadata-300.htm
07-05 13:07:09.762   545 28803 I DownloadManager: in removeSpuriousFiles, preserving file /data/data/com.android.providers.downloads/cache/metadata-224.htm
07-05 13:07:09.762   545 28803 I DownloadManager: in removeSpuriousFiles, preserving file /data/data/com.android.providers.downloads/cache/metadata-85.htm
07-05 13:07:09.762   545 28803 I DownloadManager: in removeSpuriousFiles, preserving file /data/data/com.android.providers.downloads/cache/metadata-254.htm
07-05 13:07:09.762   545 28803 I DownloadManager: in removeSpuriousFiles, preserving file /data/data/com.android.providers.downloads/cache/metadata-158.htm
07-05 13:07:09.762   545 28803 I DownloadManager: in removeSpuriousFiles, preserving file /data/data/com.android.providers.downloads/cache/metadata-120.htm
07-05 13:07:09.762   545 28803 I DownloadManager: in removeSpuriousFiles, preserving file /data/data/com.android.providers.downloads/cache/metadata-90.htm
07-05 13:07:09.762   545 28803 I DownloadManager: in removeSpuriousFiles, preserving file /data/data/com.android.providers.downloads/cache/metadata-284.htm
07-05 13:07:09.762   545 28803 I DownloadManager: in removeSpuriousFiles, preserving file /data/data/com.android.providers.downloads/cache/metadata-182.htm
07-05 13:07:09.762   545 28803 I DownloadManager: in removeSpuriousFiles, preserving file /data/data/com.android.providers.downloads/cache/metadata-101.htm
07-05 13:07:09.762   545 28803 I DownloadManager: in removeSpuriousFiles, preserving file /data/data/com.android.providers.downloads/cache/metadata-145.htm
07-05 13:07:09.762   545 28803 I DownloadManager: in removeSpuriousFiles, preserving file /data/data/com.android.providers.downloads/cache/metadata-215.htm
07-05 13:07:09.762   545 28803 I DownloadManager: in removeSpuriousFiles, preserving file /data/data/com.android.providers.downloads/cache/metadata-70.htm
07-05 13:07:09.762   545 28803 I DownloadManager: in removeSpuriousFiles, preserving file /data/data/com.android.providers.downloads/cache/metadata-207.htm
07-05 13:07:09.762   545 28803 I DownloadManager: in removeSpuriousFiles, preserving file /data/data/com.android.providers.downloads/cache/metadata-123.htm
07-05 13:07:09.762   545 28803 I DownloadManager: in removeSpuriousFiles, preserving file /data/data/com.android.providers.downloads/cache/metadata-202.htm
07-05 13:07:09.762   545 28803 I DownloadManager: in removeSpuriousFiles, preserving file /data/data/com.android.providers.downloads/cache/metadata-80.htm
07-05 13:07:09.762   545 28803 I DownloadManager: in removeSpuriousFiles, preserving file /data/data/com.android.providers.downloads/cache/metadata-753.htm
07-05 13:07:09.762   545 28803 I DownloadManager: in removeSpuriousFiles, preserving file /data/data/com.android.providers.downloads/cache/metadata-620.htm
07-05 13:07:09.766   545 28803 I DownloadManager: in removeSpuriousFiles, preserving file /data/data/com.android.providers.downloads/cache/metadata-73.htm
07-05 13:07:09.766   545 28803 I DownloadManager: in removeSpuriousFiles, preserving file /data/data/com.android.providers.downloads/cache/metadata-141.htm
07-05 13:07:09.766   545 28803 I DownloadManager: in removeSpuriousFiles, preserving file /data/data/com.android.providers.downloads/cache/metadata-142.htm
07-05 13:07:09.766   545 28803 I DownloadManager: in removeSpuriousFiles, preserving file /data/data/com.android.providers.downloads/cache/metadata-79.htm
07-05 13:07:09.766   545 28803 I DownloadManager: in removeSpuriousFiles, preserving file /data/data/com.android.providers.downloads/cache/metadata-398.htm
07-05 13:07:09.766   545 28803 I DownloadManager: in removeSpuriousFiles, preserving file /data/data/com.android.providers.downloads/cache/metadata-124.htm
07-05 13:07:09.766   545 28803 I DownloadManager: in removeSpuriousFiles, preserving file /data/data/com.android.providers.downloads/cache/metadata-919.htm
07-05 13:07:09.766   545 28803 I DownloadManager: in removeSpuriousFiles, preserving file /data/data/com.android.providers.downloads/cache/metadata-1522.htm
07-05 13:07:09.766   545 28803 I DownloadManager: in removeSpuriousFiles, preserving file /data/data/com.android.providers.downloads/cache/metadata-1075.htm
07-05 13:07:09.766   545 28803 I DownloadManager: in removeSpuriousFiles, preserving file /data/data/com.android.providers.downloads/cache/metadata-685.htm
07-05 13:07:09.766   545 28803 I DownloadManager: in removeSpuriousFiles, preserving file /data/data/com.android.providers.downloads/cache/metadata-102.htm
07-05 13:07:09.766   545 28803 I DownloadManager: in removeSpuriousFiles, preserving file /data/data/com.android.providers.downloads/cache/metadata-267.htm
07-05 13:07:09.766   545 28803 I DownloadManager: in removeSpuriousFiles, preserving file /data/data/com.android.providers.downloads/cache/metadata-874.htm
07-05 13:07:09.766   545 28803 I DownloadManager: in removeSpuriousFiles, preserving file /data/data/com.android.providers.downloads/cache/metadata-240.htm
07-05 13:07:09.766   545 28803 I DownloadManager: in removeSpuriousFiles, preserving file /data/data/com.android.providers.downloads/cache/metadata-1548.htm
07-05 13:07:09.766   545 28803 I DownloadManager: in removeSpuriousFiles, preserving file /data/data/com.android.providers.downloads/cache/metadata-209.htm
07-05 13:07:09.766   545 28803 I DownloadManager: in removeSpuriousFiles, preserving file /data/data/com.android.providers.downloads/cache/metadata-345.htm
07-05 13:07:09.766   545 28803 I DownloadManager: in removeSpuriousFiles, preserving file /data/data/com.android.providers.downloads/cache/metadata-317.htm
07-05 13:07:09.766   545 28803 I DownloadManager: in removeSpuriousFiles, preserving file /data/data/com.android.providers.downloads/cache/metadata-191.htm
07-05 13:07:09.766   545 28803 I DownloadManager: in removeSpuriousFiles, preserving file /data/data/com.android.providers.downloads/cache/metadata-164.htm
07-05 13:07:09.766   545 28803 I DownloadManager: in removeSpuriousFiles, preserving file /data/data/com.android.providers.downloads/cache/metadata-206.htm
07-05 13:07:09.766   545 28803 I DownloadManager: in removeSpuriousFiles, preserving file /data/data/com.android.providers.downloads/cache/metadata-135.htm
07-05 13:07:09.766   545 28803 I DownloadManager: in removeSpuriousFiles, preserving file /data/data/com.android.providers.downloads/cache/metadata-1530.htm
07-05 13:07:09.766   545 28803 I DownloadManager: in removeSpuriousFiles, preserving file /data/data/com.android.providers.downloads/cache/metadata-445.htm
07-05 13:07:09.766   545 28803 I DownloadManager: in removeSpuriousFiles, preserving file /data/data/com.android.providers.downloads/cache/metadata-181.htm
07-05 13:07:09.766   545 28803 I DownloadManager: in removeSpuriousFiles, preserving file /data/data/com.android.providers.downloads/cache/metadata-115.htm
07-05 13:07:09.766   545 28803 I DownloadManager: in removeSpuriousFiles, preserving file /data/data/com.android.providers.downloads/cache/metadata-157.htm
07-05 13:07:09.766   545 28803 I DownloadManager: in removeSpuriousFiles, preserving file /data/data/com.android.providers.downloads/cache/metadata-232.htm
07-05 13:07:09.766   545 28803 I DownloadManager: in removeSpuriousFiles, preserving file /data/data/com.android.providers.downloads/cache/metadata-406.htm
07-05 13:07:09.766   545 28803 I DownloadManager: in removeSpuriousFiles, preserving file /data/data/com.android.providers.downloads/cache/metadata-2799.htm
07-05 13:07:09.766   545 28803 I DownloadManager: in removeSpuriousFiles, preserving file /data/data/com.android.providers.downloads/cache/metadata-636.htm
07-05 13:07:09.766   545 28803 I DownloadManager: in removeSpuriousFiles, preserving file /data/data/com.android.providers.downloads/cache/metadata-392.htm
07-05 13:07:09.766   545 28803 I DownloadManager: in removeSpuriousFiles, preserving file /data/data/com.android.providers.downloads/cache/metadata-1407.htm
07-05 13:07:09.770   545 28803 I DownloadManager: in removeSpuriousFiles, preserving file /data/data/com.android.providers.downloads/cache/metadata-149.htm
07-05 13:07:09.770   545 28803 I DownloadManager: in removeSpuriousFiles, preserving file /data/data/com.android.providers.downloads/cache/metadata-259.htm
07-05 13:07:09.770   545 28803 I DownloadManager: in removeSpuriousFiles, preserving file /data/data/com.android.providers.downloads/cache/metadata-1991.htm
07-05 13:07:09.770   545 28803 I DownloadManager: in removeSpuriousFiles, preserving file /data/data/com.android.providers.downloads/cache/metadata-1031.htm
07-05 13:07:09.770   545 28803 I DownloadManager: in removeSpuriousFiles, preserving file /data/data/com.android.providers.downloads/cache/metadata-1796.htm
07-05 13:07:09.770   545 28803 I DownloadManager: in removeSpuriousFiles, preserving file /data/data/com.android.providers.downloads/cache/metadata-716.htm
07-05 13:07:09.770   545 28803 I DownloadManager: in removeSpuriousFiles, preserving file /data/data/com.android.providers.downloads/cache/metadata-82.htm
07-05 13:07:09.770   545 28803 I DownloadManager: in removeSpuriousFiles, preserving file /data/data/com.android.providers.downloads/cache/metadata-1868.htm
07-05 13:07:09.770   545 28803 I DownloadManager: in removeSpuriousFiles, preserving file /data/data/com.android.providers.downloads/cache/metadata-1959.htm
07-05 13:07:09.770   545 28803 I DownloadManager: in removeSpuriousFiles, preserving file /data/data/com.android.providers.downloads/cache/metadata-566.htm
07-05 13:07:09.770   545 28803 I DownloadManager: in removeSpuriousFiles, preserving file /data/data/com.android.providers.downloads/cache/metadata-1437.htm
07-05 13:07:09.770   545 28803 I DownloadManager: in removeSpuriousFiles, preserving file /data/data/com.android.providers.downloads/cache/metadata-116.htm
07-05 13:07:09.770   545 28803 I DownloadManager: in removeSpuriousFiles, preserving file /data/data/com.android.providers.downloads/cache/metadata-1087.htm
07-05 13:07:09.770   545 28803 I DownloadManager: in removeSpuriousFiles, preserving file /data/data/com.android.providers.downloads/cache/metadata-1521.htm
07-05 13:07:09.770   545 28803 I DownloadManager: in removeSpuriousFiles, preserving file /data/data/com.android.providers.downloads/cache/metadata-1777.htm
07-05 13:07:09.770   545 28803 I DownloadManager: in removeSpuriousFiles, preserving file /data/data/com.android.providers.downloads/cache/metadata-218.htm
07-05 13:07:09.774   545 28803 I DownloadManager: in removeSpuriousFiles, preserving file /data/data/com.android.providers.downloads/cache/metadata-1572.htm
07-05 13:07:09.774   545 28803 I DownloadManager: in removeSpuriousFiles, preserving file /data/data/com.android.providers.downloads/cache/metadata-231.htm
07-05 13:07:09.774   545 28803 I DownloadManager: in removeSpuriousFiles, preserving file /data/data/com.android.providers.downloads/cache/metadata-233.htm
07-05 13:07:09.774   545 28803 I DownloadManager: in removeSpuriousFiles, preserving file /data/data/com.android.providers.downloads/cache/metadata-1357.htm
07-05 13:07:09.774   545 28803 I DownloadManager: in removeSpuriousFiles, preserving file /data/data/com.android.providers.downloads/cache/metadata-1629.htm
07-05 13:07:09.774   545 28803 I DownloadManager: in removeSpuriousFiles, preserving file /data/data/com.android.providers.downloads/cache/metadata-312.htm
07-05 13:07:09.774   545 28803 I DownloadManager: in removeSpuriousFiles, preserving file /data/data/com.android.providers.downloads/cache/metadata-598.htm
07-05 13:07:09.774   545 28803 I DownloadManager: in removeSpuriousFiles, preserving file /data/data/com.android.providers.downloads/cache/metadata-1957.htm
07-05 13:07:09.774   545 28803 I DownloadManager: in removeSpuriousFiles, preserving file /data/data/com.android.providers.downloads/cache/metadata-2220.htm
07-05 13:07:09.774   545 28803 I DownloadManager: in removeSpuriousFiles, preserving file /data/data/com.android.providers.downloads/cache/metadata-738.htm
07-05 13:07:09.774   545 28803 I DownloadManager: in removeSpuriousFiles, preserving file /data/data/com.android.providers.downloads/cache/metadata-334.htm
07-05 13:07:09.774   545 28803 I DownloadManager: in removeSpuriousFiles, preserving file /data/data/com.android.providers.downloads/cache/metadata-362.htm
07-05 13:07:09.778   545 28803 I DownloadManager: in removeSpuriousFiles, preserving file /data/data/com.android.providers.downloads/cache/metadata-719.htm
07-05 13:07:09.778   545 28803 I DownloadManager: in removeSpuriousFiles, preserving file /data/data/com.android.providers.downloads/cache/metadata-626.htm
07-05 13:07:09.778   545 28803 I DownloadManager: in removeSpuriousFiles, preserving file /data/data/com.android.providers.downloads/cache/metadata-781.htm
07-05 13:07:09.778   545 28803 I DownloadManager: in removeSpuriousFiles, preserving file /data/data/com.android.providers.downloads/cache/metadata-2026.htm
07-05 13:07:09.778   545 28803 I DownloadManager: in removeSpuriousFiles, preserving file /data/data/com.android.providers.downloads/cache/metadata-2111.htm
07-05 13:07:09.778   545 28803 I DownloadManager: in removeSpuriousFiles, preserving file /data/data/com.android.providers.downloads/cache/metadata-1157.htm
07-05 13:07:09.778   545 28803 I DownloadManager: in removeSpuriousFiles, preserving file /data/data/com.android.providers.downloads/cache/metadata-1049.htm
07-05 13:07:09.778   545 28803 I DownloadManager: in removeSpuriousFiles, preserving file /data/data/com.android.providers.downloads/cache/metadata-838.htm
07-05 13:07:09.778   545 28803 I DownloadManager: in removeSpuriousFiles, preserving file /data/data/com.android.providers.downloads/cache/metadata-515.htm
07-05 13:07:09.778   545 28803 I DownloadManager: in removeSpuriousFiles, preserving file /data/data/com.android.providers.downloads/cache/metadata-835.htm
07-05 13:07:09.778   545 28803 I DownloadManager: in removeSpuriousFiles, preserving file /data/data/com.android.providers.downloads/cache/metadata-710.htm
07-05 13:07:09.778   545 28803 I DownloadManager: in removeSpuriousFiles, preserving file /data/data/com.android.providers.downloads/cache/metadata-252.htm
07-05 13:07:09.781   545 28803 I DownloadManager: in removeSpuriousFiles, preserving file /data/data/com.android.providers.downloads/cache/metadata-1274.htm
07-05 13:07:09.781   545 28803 I DownloadManager: in removeSpuriousFiles, preserving file /data/data/com.android.providers.downloads/cache/metadata-1164.htm
07-05 13:07:09.781   545 28803 I DownloadManager: in removeSpuriousFiles, preserving file /data/data/com.android.providers.downloads/cache/metadata-1350.htm
07-05 13:07:09.781   545 28803 I DownloadManager: in removeSpuriousFiles, preserving file /data/data/com.android.providers.downloads/cache/metadata-1515.htm
07-05 13:07:09.781   545 28803 I DownloadManager: in removeSpuriousFiles, preserving file /data/data/com.android.providers.downloads/cache/metadata-864.htm
07-05 13:07:09.781   545 28803 I DownloadManager: in removeSpuriousFiles, preserving file /data/data/com.android.providers.downloads/cache/metadata-1655.htm
07-05 13:07:09.781   545 28803 I DownloadManager: in removeSpuriousFiles, preserving file /data/data/com.android.providers.downloads/cache/metadata-1359.htm
07-05 13:07:09.781   545 28803 I DownloadManager: in removeSpuriousFiles, preserving file /data/data/com.android.providers.downloads/cache/metadata-1335.htm
07-05 13:07:09.781   545 28803 I DownloadManager: in removeSpuriousFiles, preserving file /data/data/com.android.providers.downloads/cache/metadata-1783.htm
07-05 13:07:09.781   545 28803 I DownloadManager: in removeSpuriousFiles, preserving file /data/data/com.android.providers.downloads/cache/metadata-384.htm
07-05 13:07:09.781   545 28803 I DownloadManager: in removeSpuriousFiles, preserving file /data/data/com.android.providers.downloads/cache/metadata-750.htm
07-05 13:07:09.781   545 28803 I DownloadManager: in removeSpuriousFiles, preserving file /data/data/com.android.providers.downloads/cache/metadata-1300.htm
07-05 13:07:09.781   545 28803 I DownloadManager: in removeSpuriousFiles, preserving file /data/data/com.android.providers.downloads/cache/metadata-910.htm
07-05 13:07:09.785   545 28803 I DownloadManager: in removeSpuriousFiles, preserving file /data/data/com.android.providers.downloads/cache/metadata-1788.htm
07-05 13:07:09.785   545 28803 I DownloadManager: in removeSpuriousFiles, preserving file /data/data/com.android.providers.downloads/cache/metadata-1702.htm
07-05 13:07:09.785   545 28803 I DownloadManager: in removeSpuriousFiles, preserving file /data/data/com.android.providers.downloads/cache/metadata-1826.htm
07-05 13:07:09.785   545 28803 I DownloadManager: in removeSpuriousFiles, preserving file /data/data/com.android.providers.downloads/cache/metadata-909.htm
07-05 13:07:09.785   545 28803 I DownloadManager: in removeSpuriousFiles, preserving file /data/data/com.android.providers.downloads/cache/metadata-1681.htm
07-05 13:07:09.785   545 28803 I DownloadManager: in removeSpuriousFiles, preserving file /data/data/com.android.providers.downloads/cache/metadata-5.htm
07-05 13:07:09.785   545 28803 I DownloadManager: in removeSpuriousFiles, preserving file /data/data/com.android.providers.downloads/cache/metadata-26.htm
07-05 13:07:09.785   545 28803 I DownloadManager: in removeSpuriousFiles, preserving file /data/data/com.android.providers.downloads/cache/metadata-38.htm
07-05 13:07:09.785   545 28803 I DownloadManager: in removeSpuriousFiles, preserving file /data/data/com.android.providers.downloads/cache/metadata-185.htm
07-05 13:07:09.785   545 28803 I DownloadManager: in removeSpuriousFiles, preserving file /data/data/com.android.providers.downloads/cache/metadata-48.htm
07-05 13:07:09.785   545 28803 I DownloadManager: in removeSpuriousFiles, preserving file /data/data/com.android.providers.downloads/cache/metadata-64.htm
07-05 13:07:09.785   545 28803 I DownloadManager: in removeSpuriousFiles, preserving file /data/data/com.android.providers.downloads/cache/metadata-104.htm
07-05 13:07:09.785   545 28803 I DownloadManager: in removeSpuriousFiles, preserving file /data/data/com.android.providers.downloads/cache/metadata-133.htm
07-05 13:07:09.785   545 28803 I DownloadManager: in removeSpuriousFiles, preserving file /data/data/com.android.providers.downloads/cache/metadata-83.htm
07-05 13:07:09.785   545 28803 I DownloadManager: in removeSpuriousFiles, preserving file /data/data/com.android.providers.downloads/cache/metadata-295.htm
07-05 13:07:09.785   545 28803 I DownloadManager: in removeSpuriousFiles, preserving file /data/data/com.android.providers.downloads/cache/metadata-139.htm
07-05 13:07:09.785   545 28803 I DownloadManager: in removeSpuriousFiles, preserving file /data/data/com.android.providers.downloads/cache/metadata-52.htm
07-05 13:07:09.785   545 28803 I DownloadManager: in removeSpuriousFiles, preserving file /data/data/com.android.providers.downloads/cache/metadata-57.htm
07-05 13:07:09.785   545 28803 I DownloadManager: in removeSpuriousFiles, preserving file /data/data/com.android.providers.downloads/cache/metadata-140.htm
07-05 13:07:09.785   545 28803 I DownloadManager: in removeSpuriousFiles, preserving file /data/data/com.android.providers.downloads/cache/metadata-76.htm
07-05 13:07:09.785   545 28803 I DownloadManager: in removeSpuriousFiles, preserving file /data/data/com.android.providers.downloads/cache/metadata-194.htm
07-05 13:07:09.785   545 28803 I DownloadManager: in removeSpuriousFiles, preserving file /data/data/com.android.providers.downloads/cache/metadata-921.htm
07-05 13:07:09.785   545 28803 I DownloadManager: in removeSpuriousFiles, preserving file /data/data/com.android.providers.downloads/cache/metadata-229.htm
07-05 13:07:09.785   545 28803 I DownloadManager: in removeSpuriousFiles, preserving file /data/data/com.android.providers.downloads/cache/metadata-187.htm
07-05 13:07:09.785   545 28803 I DownloadManager: in removeSpuriousFiles, preserving file /data/data/com.android.providers.downloads/cache/metadata-122.htm
07-05 13:07:09.785   545 28803 I DownloadManager: in removeSpuriousFiles, preserving file /data/data/com.android.providers.downloads/cache/metadata-193.htm
07-05 13:07:09.785   545 28803 I DownloadManager: in removeSpuriousFiles, preserving file /data/data/com.android.providers.downloads/cache/metadata-156.htm
07-05 13:07:09.785   545 28803 I DownloadManager: in removeSpuriousFiles, preserving file /data/data/com.android.providers.downloads/cache/metadata-1397.htm
07-05 13:07:09.785   545 28803 I DownloadManager: in removeSpuriousFiles, preserving file /data/data/com.android.providers.downloads/cache/metadata-188.htm
07-05 13:07:09.785   545 28803 I DownloadManager: in removeSpuriousFiles, preserving file /data/data/com.android.providers.downloads/cache/metadata-190.htm
07-05 13:07:09.785   545 28803 I DownloadManager: in removeSpuriousFiles, preserving file /data/data/com.android.providers.downloads/cache/metadata-147.htm
07-05 13:07:09.789   545 28803 I DownloadManager: in removeSpuriousFiles, preserving file /data/data/com.android.providers.downloads/cache/metadata-286.htm
07-05 13:07:09.789   545 28803 I DownloadManager: in removeSpuriousFiles, preserving file /data/data/com.android.providers.downloads/cache/metadata-180.htm
07-05 13:07:09.789   545 28803 I DownloadManager: in removeSpuriousFiles, preserving file /data/data/com.android.providers.downloads/cache/metadata-163.htm
07-05 13:07:09.789   545 28803 I DownloadManager: in removeSpuriousFiles, preserving file /data/data/com.android.providers.downloads/cache/metadata-108.htm
07-05 13:07:09.789   545 28803 I DownloadManager: in removeSpuriousFiles, preserving file /data/data/com.android.providers.downloads/cache/metadata-172.htm
07-05 13:07:09.789   545 28803 I DownloadManager: in removeSpuriousFiles, preserving file /data/data/com.android.providers.downloads/cache/metadata-336.htm
07-05 13:07:09.789   545 28803 I DownloadManager: in removeSpuriousFiles, preserving file /data/data/com.android.providers.downloads/cache/metadata-121.htm
07-05 13:07:09.789   545 28803 I DownloadManager: in removeSpuriousFiles, preserving file /data/data/com.android.providers.downloads/cache/metadata-348.htm
07-05 13:07:09.789   545 28803 I DownloadManager: in removeSpuriousFiles, preserving file /data/data/com.android.providers.downloads/cache/metadata-439.htm
07-05 13:07:09.789   545 28803 I DownloadManager: in removeSpuriousFiles, preserving file /data/data/com.android.providers.downloads/cache/metadata-255.htm
07-05 13:07:09.789   545 28803 I DownloadManager: in removeSpuriousFiles, preserving file /data/data/com.android.providers.downloads/cache/metadata-197.htm
07-05 13:07:09.789   545 28803 I DownloadManager: in removeSpuriousFiles, preserving file /data/data/com.android.providers.downloads/cache/metadata-291.htm
07-05 13:07:09.789   545 28803 I DownloadManager: in removeSpuriousFiles, preserving file /data/data/com.android.providers.downloads/cache/metadata-1457.htm
07-05 13:07:09.789   545 28803 I DownloadManager: in removeSpuriousFiles, preserving file /data/data/com.android.providers.downloads/cache/metadata-241.htm
07-05 13:07:09.789   545 28803 I DownloadManager: in removeSpuriousFiles, preserving file /data/data/com.android.providers.downloads/cache/metadata-327.htm
07-05 13:07:09.789   545 28803 I DownloadManager: in removeSpuriousFiles, preserving file /data/data/com.android.providers.downloads/cache/metadata-168.htm
07-05 13:07:09.789   545 28803 I DownloadManager: in removeSpuriousFiles, preserving file /data/data/com.android.providers.downloads/cache/metadata-125.htm
07-05 13:07:09.789   545 28803 I DownloadManager: in removeSpuriousFiles, preserving file /data/data/com.android.providers.downloads/cache/metadata-184.htm
07-05 13:07:09.789   545 28803 I DownloadManager: in removeSpuriousFiles, preserving file /data/data/com.android.providers.downloads/cache/metadata-205.htm
07-05 13:07:09.789   545 28803 I DownloadManager: in removeSpuriousFiles, preserving file /data/data/com.android.providers.downloads/cache/metadata-320.htm
07-05 13:07:09.789   545 28803 I DownloadManager: in removeSpuriousFiles, preserving file /data/data/com.android.providers.downloads/cache/metadata-248.htm
07-05 13:07:09.789   545 28803 I DownloadManager: in removeSpuriousFiles, preserving file /data/data/com.android.providers.downloads/cache/metadata-349.htm
07-05 13:07:09.789   545 28803 I DownloadManager: in removeSpuriousFiles, preserving file /data/data/com.android.providers.downloads/cache/metadata-397.htm
07-05 13:07:09.789   545 28803 I DownloadManager: in removeSpuriousFiles, preserving file /data/data/com.android.providers.downloads/cache/metadata-602.htm
07-05 13:07:09.789   545 28803 I DownloadManager: in removeSpuriousFiles, preserving file /data/data/com.android.providers.downloads/cache/metadata-895.htm
07-05 13:07:09.789   545 28803 I DownloadManager: in removeSpuriousFiles, preserving file /data/data/com.android.providers.downloads/cache/metadata-306.htm
07-05 13:07:09.789   545 28803 I DownloadManager: in removeSpuriousFiles, preserving file /data/data/com.android.providers.downloads/cache/metadata-314.htm
07-05 13:07:09.789   545 28803 I DownloadManager: in removeSpuriousFiles, preserving file /data/data/com.android.providers.downloads/cache/metadata-385.htm
07-05 13:07:09.789   545 28803 I DownloadManager: in removeSpuriousFiles, preserving file /data/data/com.android.providers.downloads/cache/metadata-94.htm
07-05 13:07:09.789   545 28803 I DownloadManager: in removeSpuriousFiles, preserving file /data/data/com.android.providers.downloads/cache/metadata-226.htm
07-05 13:07:09.789   545 28803 I DownloadManager: in removeSpuriousFiles, preserving file /data/data/com.android.providers.downloads/cache/metadata-75.htm
07-05 13:07:09.789   545 28803 I DownloadManager: in removeSpuriousFiles, preserving file /data/data/com.android.providers.downloads/cache/metadata-1160.htm
07-05 13:07:09.789   545 28803 I DownloadManager: in removeSpuriousFiles, preserving file /data/data/com.android.providers.downloads/cache/metadata-353.htm
07-05 13:07:09.789   545 28803 I DownloadManager: in removeSpuriousFiles, preserving file /data/data/com.android.providers.downloads/cache/metadata-262.htm
07-05 13:07:09.789   545 28803 I DownloadManager: in removeSpuriousFiles, preserving file /data/data/com.android.providers.downloads/cache/metadata-427.htm
07-05 13:07:09.789   545 28803 I DownloadManager: in removeSpuriousFiles, preserving file /data/data/com.android.providers.downloads/cache/metadata-381.htm
07-05 13:07:09.789   545 28803 I DownloadManager: in removeSpuriousFiles, preserving file /data/data/com.android.providers.downloads/cache/metadata-289.htm
07-05 13:07:09.793   545 28803 I DownloadManager: in removeSpuriousFiles, preserving file /data/data/com.android.providers.downloads/cache/metadata-280.htm
07-05 13:07:09.793   545 28803 I DownloadManager: in removeSpuriousFiles, preserving file /data/data/com.android.providers.downloads/cache/metadata-249.htm
07-05 13:07:09.793   545 28803 I DownloadManager: in removeSpuriousFiles, preserving file /data/data/com.android.providers.downloads/cache/metadata-351.htm
07-05 13:07:09.793   545 28803 I DownloadManager: in removeSpuriousFiles, preserving file /data/data/com.android.providers.downloads/cache/metadata-1836.htm
07-05 13:07:09.793   545 28803 I DownloadManager: in removeSpuriousFiles, preserving file /data/data/com.android.providers.downloads/cache/metadata-128.htm
07-05 13:07:09.793   545 28803 I DownloadManager: in removeSpuriousFiles, preserving file /data/data/com.android.providers.downloads/cache/metadata-486.htm
07-05 13:07:09.793   545 28803 I DownloadManager: in removeSpuriousFiles, preserving file /data/data/com.android.providers.downloads/cache/metadata-217.htm
07-05 13:07:09.793   545 28803 I DownloadManager: in removeSpuriousFiles, preserving file /data/data/com.android.providers.downloads/cache/metadata-277.htm
07-05 13:07:09.793   545 28803 I DownloadManager: in removeSpuriousFiles, preserving file /data/data/com.android.providers.downloads/cache/metadata-78.htm
07-05 13:07:09.793   545 28803 I DownloadManager: in removeSpuriousFiles, preserving file /data/data/com.android.providers.downloads/cache/metadata-1453.htm
07-05 13:07:09.793   545 28803 I DownloadManager: in removeSpuriousFiles, preserving file /data/data/com.android.providers.downloads/cache/metadata-768.htm
07-05 13:07:09.793   545 28803 I DownloadManager: in removeSpuriousFiles, preserving file /data/data/com.android.providers.downloads/cache/metadata-1054.htm
07-05 13:07:09.793   545 28803 I DownloadManager: in removeSpuriousFiles, preserving file /data/data/com.android.providers.downloads/cache/metadata-1637.htm
07-05 13:07:09.793   545 28803 I DownloadManager: in removeSpuriousFiles, preserving file /data/data/com.android.providers.downloads/cache/metadata-1000.htm
07-05 13:07:09.793   545 28803 I DownloadManager: in removeSpuriousFiles, preserving file /data/data/com.android.providers.downloads/cache/metadata-1734.htm
07-05 13:07:09.793   545 28803 I DownloadManager: in removeSpuriousFiles, preserving file /data/data/com.android.providers.downloads/cache/metadata-622.htm
07-05 13:07:09.793   545 28803 I DownloadManager: in removeSpuriousFiles, preserving file /data/data/com.android.providers.downloads/cache/metadata-383.htm
07-05 13:07:09.793   545 28803 I DownloadManager: in removeSpuriousFiles, preserving file /data/data/com.android.providers.downloads/cache/metadata-274.htm
07-05 13:07:09.793   545 28803 I DownloadManager: in removeSpuriousFiles, preserving file /data/data/com.android.providers.downloads/cache/metadata-1115.htm
07-05 13:07:09.793   545 28803 I DownloadManager: in removeSpuriousFiles, preserving file /data/data/com.android.providers.downloads/cache/metadata-303.htm
07-05 13:07:09.793   545 28803 I DownloadManager: in removeSpuriousFiles, preserving file /data/data/com.android.providers.downloads/cache/metadata-812.htm
07-05 13:07:09.793   545 28803 I DownloadManager: in removeSpuriousFiles, preserving file /data/data/com.android.providers.downloads/cache/metadata-684.htm
07-05 13:07:09.793   545 28803 I DownloadManager: in removeSpuriousFiles, preserving file /data/data/com.android.providers.downloads/cache/metadata-640.htm
07-05 13:07:09.793   545 28803 I DownloadManager: in removeSpuriousFiles, preserving file /data/data/com.android.providers.downloads/cache/metadata-459.htm
07-05 13:07:09.797   545 28803 I DownloadManager: in removeSpuriousFiles, preserving file /data/data/com.android.providers.downloads/cache/metadata-879.htm
07-05 13:07:09.797   545 28803 I DownloadManager: in removeSpuriousFiles, preserving file /data/data/com.android.providers.downloads/cache/metadata-1719.htm
07-05 13:07:09.797   545 28803 I DownloadManager: in removeSpuriousFiles, preserving file /data/data/com.android.providers.downloads/cache/metadata-705.htm
07-05 13:07:09.797   545 28803 I DownloadManager: in removeSpuriousFiles, preserving file /data/data/com.android.providers.downloads/cache/metadata-1365.htm
07-05 13:07:09.797   545 28803 I DownloadManager: in removeSpuriousFiles, preserving file /data/data/com.android.providers.downloads/cache/metadata-1848.htm
07-05 13:07:09.797   545 28803 I DownloadManager: in removeSpuriousFiles, preserving file /data/data/com.android.providers.downloads/cache/metadata-257.htm
07-05 13:07:09.797   545 28803 I DownloadManager: in removeSpuriousFiles, preserving file /data/data/com.android.providers.downloads/cache/metadata-1558.htm
07-05 13:07:09.797   545 28803 I DownloadManager: in removeSpuriousFiles, preserving file /data/data/com.android.providers.downloads/cache/metadata-889.htm
07-05 13:07:09.797   545 28803 I DownloadManager: in removeSpuriousFiles, preserving file /data/data/com.android.providers.downloads/cache/metadata-331.htm
07-05 13:07:09.797   545 28803 I DownloadManager: in removeSpuriousFiles, preserving file /data/data/com.android.providers.downloads/cache/metadata-613.htm
07-05 13:07:09.797   545 28803 I DownloadManager: in removeSpuriousFiles, preserving file /data/data/com.android.providers.downloads/cache/metadata-2521.htm
07-05 13:07:09.797   545 28803 I DownloadManager: in removeSpuriousFiles, preserving file /data/data/com.android.providers.downloads/cache/metadata-617.htm
07-05 13:07:09.797   545 28803 I DownloadManager: in removeSpuriousFiles, preserving file /data/data/com.android.providers.downloads/cache/metadata-1507.htm
07-05 13:07:09.797   545 28803 I DownloadManager: in removeSpuriousFiles, preserving file /data/data/com.android.providers.downloads/cache/metadata-1084.htm
07-05 13:07:09.801   545 28803 I DownloadManager: in removeSpuriousFiles, preserving file /data/data/com.android.providers.downloads/cache/metadata-1029.htm
07-05 13:07:09.801   545 28803 I DownloadManager: in removeSpuriousFiles, preserving file /data/data/com.android.providers.downloads/cache/metadata-664.htm
07-05 13:07:09.801   545 28803 I DownloadManager: in removeSpuriousFiles, preserving file /data/data/com.android.providers.downloads/cache/metadata-297.htm
07-05 13:07:09.801   545 28803 I DownloadManager: in removeSpuriousFiles, preserving file /data/data/com.android.providers.downloads/cache/metadata-1245.htm
07-05 13:07:09.801   545 28803 I DownloadManager: in removeSpuriousFiles, preserving file /data/data/com.android.providers.downloads/cache/metadata-1282.htm
07-05 13:07:09.801   545 28803 I DownloadManager: in removeSpuriousFiles, preserving file /data/data/com.android.providers.downloads/cache/metadata-1177.htm
07-05 13:07:09.801   545 28803 I DownloadManager: in removeSpuriousFiles, preserving file /data/data/com.android.providers.downloads/cache/metadata-1089.htm
07-05 13:07:09.801   545 28803 I DownloadManager: in removeSpuriousFiles, preserving file /data/data/com.android.providers.downloads/cache/metadata-1256.htm
07-05 13:07:09.801   545 28803 I DownloadManager: in removeSpuriousFiles, preserving file /data/data/com.android.providers.downloads/cache/metadata-793.htm
07-05 13:07:09.801   545 28803 I DownloadManager: in removeSpuriousFiles, preserving file /data/data/com.android.providers.downloads/cache/metadata-446.htm
07-05 13:07:09.801   545 28803 I DownloadManager: in removeSpuriousFiles, preserving file /data/data/com.android.providers.downloads/cache/metadata-414.htm
07-05 13:07:09.801   545 28803 I DownloadManager: in removeSpuriousFiles, preserving file /data/data/com.android.providers.downloads/cache/metadata-1405.htm
07-05 13:07:09.801   545 28803 I DownloadManager: in removeSpuriousFiles, preserving file /data/data/com.android.providers.downloads/cache/metadata-358.htm
07-05 13:07:09.801   545 28803 I DownloadManager: in removeSpuriousFiles, preserving file /data/data/com.android.providers.downloads/cache/metadata-1594.htm
07-05 13:07:09.801   545 28803 I DownloadManager: in removeSpuriousFiles, preserving file /data/data/com.android.providers.downloads/cache/metadata-1477.htm
07-05 13:07:09.805   545 28803 I DownloadManager: in removeSpuriousFiles, preserving file /data/data/com.android.providers.downloads/cache/metadata-1176.htm
07-05 13:07:09.805   545 28803 I DownloadManager: in removeSpuriousFiles, preserving file /data/data/com.android.providers.downloads/cache/metadata-1627.htm
07-05 13:07:09.805   545 28803 I DownloadManager: in removeSpuriousFiles, preserving file /data/data/com.android.providers.downloads/cache/metadata-428.htm
07-05 13:07:09.805   545 28803 I DownloadManager: in removeSpuriousFiles, preserving file /data/data/com.android.providers.downloads/cache/metadata-1486.htm
07-05 13:07:09.805   545 28803 I DownloadManager: in removeSpuriousFiles, preserving file /data/data/com.android.providers.downloads/cache/metadata-20.htm
07-05 13:07:09.805   545 28803 I DownloadManager: in removeSpuriousFiles, preserving file /data/data/com.android.providers.downloads/cache/metadata-251.htm
07-05 13:07:09.805   545 28803 I DownloadManager: in removeSpuriousFiles, preserving file /data/data/com.android.providers.downloads/cache/metadata-45.htm
07-05 13:07:09.805   545 28803 I DownloadManager: in removeSpuriousFiles, preserving file /data/data/com.android.providers.downloads/cache/metadata-50.htm
07-05 13:07:09.805   545 28803 I DownloadManager: in removeSpuriousFiles, preserving file /data/data/com.android.providers.downloads/cache/metadata-374.htm
07-05 13:07:09.805   545 28803 I DownloadManager: in removeSpuriousFiles, preserving file /data/data/com.android.providers.downloads/cache/metadata-113.htm
07-05 13:07:09.805   545 28803 I DownloadManager: in removeSpuriousFiles, preserving file /data/data/com.android.providers.downloads/cache/metadata-53.htm
07-05 13:07:09.805   545 28803 I DownloadManager: in removeSpuriousFiles, preserving file /data/data/com.android.providers.downloads/cache/metadata-154.htm
07-05 13:07:09.805   545 28803 I DownloadManager: in removeSpuriousFiles, preserving file /data/data/com.android.providers.downloads/cache/metadata-97.htm
07-05 13:07:09.805   545 28803 I DownloadManager: in removeSpuriousFiles, preserving file /data/data/com.android.providers.downloads/cache/metadata-105.htm
07-05 13:07:09.805   545 28803 I DownloadManager: in removeSpuriousFiles, preserving file /data/data/com.android.providers.downloads/cache/metadata-66.htm
07-05 13:07:09.805   545 28803 I DownloadManager: in removeSpuriousFiles, preserving file /data/data/com.android.providers.downloads/cache/metadata-117.htm
07-05 13:07:09.805   545 28803 I DownloadManager: in removeSpuriousFiles, preserving file /data/data/com.android.providers.downloads/cache/metadata-273.htm
07-05 13:07:09.805   545 28803 I DownloadManager: in removeSpuriousFiles, preserving file /data/data/com.android.providers.downloads/cache/metadata-237.htm
07-05 13:07:09.805   545 28803 I DownloadManager: in removeSpuriousFiles, preserving file /data/data/com.android.providers.downloads/cache/metadata-160.htm
07-05 13:07:09.805   545 28803 I DownloadManager: in removeSpuriousFiles, preserving file /data/data/com.android.providers.downloads/cache/metadata-269.htm
07-05 13:07:09.805   545 28803 I DownloadManager: in removeSpuriousFiles, preserving file /data/data/com.android.providers.downloads/cache/metadata-659.htm
07-05 13:07:09.805   545 28803 I DownloadManager: in removeSpuriousFiles, preserving file /data/data/com.android.providers.downloads/cache/metadata-239.htm
07-05 13:07:09.805   545 28803 I DownloadManager: in removeSpuriousFiles, preserving file /data/data/com.android.providers.downloads/cache/metadata-127.htm
07-05 13:07:09.805   545 28803 I DownloadManager: in removeSpuriousFiles, preserving file /data/data/com.android.providers.downloads/cache/metadata-93.htm
07-05 13:07:09.805   545 28803 I DownloadManager: in removeSpuriousFiles, preserving file /data/data/com.android.providers.downloads/cache/metadata-1188.htm
07-05 13:07:09.805   545 28803 I DownloadManager: in removeSpuriousFiles, preserving file /data/data/com.android.providers.downloads/cache/metadata-310.htm
07-05 13:07:09.805   545 28803 I DownloadManager: in removeSpuriousFiles, preserving file /data/data/com.android.providers.downloads/cache/metadata-63.htm
07-05 13:07:09.805   545 28803 I DownloadManager: in removeSpuriousFiles, preserving file /data/data/com.android.providers.downloads/cache/metadata-212.htm
07-05 13:07:09.805   545 28803 I DownloadManager: in removeSpuriousFiles, preserving file /data/data/com.android.providers.downloads/cache/metadata-210.htm
07-05 13:07:09.805   545 28803 I DownloadManager: in removeSpuriousFiles, preserving file /data/data/com.android.providers.downloads/cache/metadata-111.htm
07-05 13:07:09.805   545 28803 I DownloadManager: in removeSpuriousFiles, preserving file /data/data/com.android.providers.downloads/cache/metadata-81.htm
07-05 13:07:09.805   545 28803 I DownloadManager: in removeSpuriousFiles, preserving file /data/data/com.android.providers.downloads/cache/metadata-132.htm
07-05 13:07:09.805   545 28803 I DownloadManager: in removeSpuriousFiles, preserving file /data/data/com.android.providers.downloads/cache/metadata-265.htm
07-05 13:07:09.805   545 28803 I DownloadManager: in removeSpuriousFiles, preserving file /data/data/com.android.providers.downloads/cache/metadata-436.htm
07-05 13:07:09.805   545 28803 I DownloadManager: in removeSpuriousFiles, preserving file /data/data/com.android.providers.downloads/cache/metadata-138.htm
07-05 13:07:09.805   545 28803 I DownloadManager: in removeSpuriousFiles, preserving file /data/data/com.android.providers.downloads/cache/metadata-112.htm
07-05 13:07:09.809   545 28803 I DownloadManager: in removeSpuriousFiles, preserving file /data/data/com.android.providers.downloads/cache/metadata-288.htm
07-05 13:07:09.809   545 28803 I DownloadManager: in removeSpuriousFiles, preserving file /data/data/com.android.providers.downloads/cache/metadata-276.htm
07-05 13:07:09.809   545 28803 I DownloadManager: in removeSpuriousFiles, preserving file /data/data/com.android.providers.downloads/cache/metadata-136.htm
07-05 13:07:09.809   545 28803 I DownloadManager: in removeSpuriousFiles, preserving file /data/data/com.android.providers.downloads/cache/metadata-159.htm
07-05 13:07:09.809   545 28803 I DownloadManager: in removeSpuriousFiles, preserving file /data/data/com.android.providers.downloads/cache/metadata-175.htm
07-05 13:07:09.809   545 28803 I DownloadManager: in removeSpuriousFiles, preserving file /data/data/com.android.providers.downloads/cache/metadata-107.htm
07-05 13:07:09.809   545 28803 I DownloadManager: in removeSpuriousFiles, preserving file /data/data/com.android.providers.downloads/cache/metadata-1294.htm
07-05 13:07:09.809   545 28803 I DownloadManager: in removeSpuriousFiles, preserving file /data/data/com.android.providers.downloads/cache/metadata-421.htm
07-05 13:07:09.809   545 28803 I DownloadManager: in removeSpuriousFiles, preserving file /data/data/com.android.providers.downloads/cache/metadata-375.htm
07-05 13:07:09.809   545 28803 I DownloadManager: in removeSpuriousFiles, preserving file /data/data/com.android.providers.downloads/cache/metadata-992.htm
07-05 13:07:09.809   545 28803 I DownloadManager: in removeSpuriousFiles, preserving file /data/data/com.android.providers.downloads/cache/metadata-418.htm
07-05 13:07:09.809   545 28803 I DownloadManager: in removeSpuriousFiles, preserving file /data/data/com.android.providers.downloads/cache/metadata-322.htm
07-05 13:07:09.809   545 28803 I DownloadManager: in removeSpuriousFiles, preserving file /data/data/com.android.providers.downloads/cache/metadata-426.htm
07-05 13:07:09.809   545 28803 I DownloadManager: in removeSpuriousFiles, preserving file /data/data/com.android.providers.downloads/cache/metadata-360.htm
07-05 13:07:09.809   545 28803 I DownloadManager: in removeSpuriousFiles, preserving file /data/data/com.android.providers.downloads/cache/metadata-283.htm
07-05 13:07:09.809   545 28803 I DownloadManager: in removeSpuriousFiles, preserving file /data/data/com.android.providers.downloads/cache/metadata-305.htm
07-05 13:07:09.809   545 28803 I DownloadManager: in removeSpuriousFiles, preserving file /data/data/com.android.providers.downloads/cache/metadata-424.htm
07-05 13:07:09.809   545 28803 I DownloadManager: in removeSpuriousFiles, preserving file /data/data/com.android.providers.downloads/cache/metadata-469.htm
07-05 13:07:09.809   545 28803 I DownloadManager: in removeSpuriousFiles, preserving file /data/data/com.android.providers.downloads/cache/metadata-211.htm
07-05 13:07:09.809   545 28803 I DownloadManager: in removeSpuriousFiles, preserving file /data/data/com.android.providers.downloads/cache/metadata-467.htm
07-05 13:07:09.809   545 28803 I DownloadManager: in removeSpuriousFiles, preserving file /data/data/com.android.providers.downloads/cache/metadata-411.htm
07-05 13:07:09.809   545 28803 I DownloadManager: in removeSpuriousFiles, preserving file /data/data/com.android.providers.downloads/cache/metadata-118.htm
07-05 13:07:09.809   545 28803 I DownloadManager: in removeSpuriousFiles, preserving file /data/data/com.android.providers.downloads/cache/metadata-246.htm
07-05 13:07:09.809   545 28803 I DownloadManager: in removeSpuriousFiles, preserving file /data/data/com.android.providers.downloads/cache/metadata-170.htm
07-05 13:07:09.809   545 28803 I DownloadManager: in removeSpuriousFiles, preserving file /data/data/com.android.providers.downloads/cache/metadata-92.htm
07-05 13:07:09.809   545 28803 I DownloadManager: in removeSpuriousFiles, preserving file /data/data/com.android.providers.downloads/cache/metadata-847.htm
07-05 13:07:09.809   545 28803 I DownloadManager: in removeSpuriousFiles, preserving file /data/data/com.android.providers.downloads/cache/metadata-1262.htm
07-05 13:07:09.809   545 28803 I DownloadManager: in removeSpuriousFiles, preserving file /data/data/com.android.providers.downloads/cache/metadata-359.htm
07-05 13:07:09.809   545 28803 I DownloadManager: in removeSpuriousFiles, preserving file /data/data/com.android.providers.downloads/cache/metadata-480.htm
07-05 13:07:09.809   545 28803 I DownloadManager: in removeSpuriousFiles, preserving file /data/data/com.android.providers.downloads/cache/metadata-1114.htm
07-05 13:07:09.809   545 28803 I DownloadManager: in removeSpuriousFiles, preserving file /data/data/com.android.providers.downloads/cache/metadata-415.htm
07-05 13:07:09.809   545 28803 I DownloadManager: in removeSpuriousFiles, preserving file /data/data/com.android.providers.downloads/cache/metadata-213.htm
07-05 13:07:09.809   545 28803 I DownloadManager: in removeSpuriousFiles, preserving file /data/data/com.android.providers.downloads/cache/metadata-326.htm
07-05 13:07:09.809   545 28803 I DownloadManager: in removeSpuriousFiles, preserving file /data/data/com.android.providers.downloads/cache/metadata-343.htm
07-05 13:07:09.809   545 28803 I DownloadManager: in removeSpuriousFiles, preserving file /data/data/com.android.providers.downloads/cache/metadata-1172.htm
07-05 13:07:09.809   545 28803 I DownloadManager: in removeSpuriousFiles, preserving file /data/data/com.android.providers.downloads/cache/metadata-1479.htm
07-05 13:07:09.809   545 28803 I DownloadManager: in removeSpuriousFiles, preserving file /data/data/com.android.providers.downloads/cache/metadata-386.htm
07-05 13:07:09.813   545 28803 I DownloadManager: in removeSpuriousFiles, preserving file /data/data/com.android.providers.downloads/cache/metadata-523.htm
07-05 13:07:09.813   545 28803 I DownloadManager: in removeSpuriousFiles, preserving file /data/data/com.android.providers.downloads/cache/metadata-419.htm
07-05 13:07:09.813   545 28803 I DownloadManager: in removeSpuriousFiles, preserving file /data/data/com.android.providers.downloads/cache/metadata-399.htm
07-05 13:07:09.813   545 28803 I DownloadManager: in removeSpuriousFiles, preserving file /data/data/com.android.providers.downloads/cache/metadata-1131.htm
07-05 13:07:09.813   545 28803 I DownloadManager: in removeSpuriousFiles, preserving file /data/data/com.android.providers.downloads/cache/metadata-1694.htm
07-05 13:07:09.813   545 28803 I DownloadManager: in removeSpuriousFiles, preserving file /data/data/com.android.providers.downloads/cache/metadata-2509.htm
07-05 13:07:09.813   545 28803 I DownloadManager: in removeSpuriousFiles, preserving file /data/data/com.android.providers.downloads/cache/metadata-235.htm
07-05 13:07:09.813   545 28803 I DownloadManager: in removeSpuriousFiles, preserving file /data/data/com.android.providers.downloads/cache/metadata-2432.htm
07-05 13:07:09.813   545 28803 I DownloadManager: in removeSpuriousFiles, preserving file /data/data/com.android.providers.downloads/cache/metadata-1566.htm
07-05 13:07:09.813   545 28803 I DownloadManager: in removeSpuriousFiles, preserving file /data/data/com.android.providers.downloads/cache/metadata-335.htm
07-05 13:07:09.813   545 28803 I DownloadManager: in removeSpuriousFiles, preserving file /data/data/com.android.providers.downloads/cache/metadata-243.htm
07-05 13:07:09.813   545 28803 I DownloadManager: in removeSpuriousFiles, preserving file /data/data/com.android.providers.downloads/cache/metadata-394.htm
07-05 13:07:09.813   545 28803 I DownloadManager: in removeSpuriousFiles, preserving file /data/data/com.android.providers.downloads/cache/metadata-521.htm
07-05 13:07:09.813   545 28803 I DownloadManager: in removeSpuriousFiles, preserving file /data/data/com.android.providers.downloads/cache/metadata-1668.htm
07-05 13:07:09.813   545 28803 I DownloadManager: in removeSpuriousFiles, preserving file /data/data/com.android.providers.downloads/cache/metadata-354.htm
07-05 13:07:09.813   545 28803 I DownloadManager: in removeSpuriousFiles, preserving file /data/data/com.android.providers.downloads/cache/metadata-281.htm
07-05 13:07:09.813   545 28803 I DownloadManager: in removeSpuriousFiles, preserving file /data/data/com.android.providers.downloads/cache/metadata-400.htm
07-05 13:07:09.813   545 28803 I DownloadManager: in removeSpuriousFiles, preserving file /data/data/com.android.providers.downloads/cache/metadata-1144.htm
07-05 13:07:09.813   545 28803 I DownloadManager: in removeSpuriousFiles, preserving file /data/data/com.android.providers.downloads/cache/metadata-1366.htm
07-05 13:07:09.813   545 28803 I DownloadManager: in removeSpuriousFiles, preserving file /data/data/com.android.providers.downloads/cache/metadata-1163.htm
07-05 13:07:09.813   545 28803 I DownloadManager: in removeSpuriousFiles, preserving file /data/data/com.android.providers.downloads/cache/metadata-460.htm
07-05 13:07:09.813   545 28803 I DownloadManager: in removeSpuriousFiles, preserving file /data/data/com.android.providers.downloads/cache/metadata-660.htm
07-05 13:07:09.813   545 28803 I DownloadManager: in removeSpuriousFiles, preserving file /data/data/com.android.providers.downloads/cache/metadata-403.htm
07-05 13:07:09.813   545 28803 I DownloadManager: in removeSpuriousFiles, preserving file /data/data/com.android.providers.downloads/cache/metadata-1265.htm
07-05 13:07:09.813   545 28803 I DownloadManager: in removeSpuriousFiles, preserving file /data/data/com.android.providers.downloads/cache/metadata-422.htm
07-05 13:07:09.813   545 28803 I DownloadManager: in removeSpuriousFiles, preserving file /data/data/com.android.providers.downloads/cache/metadata-1213.htm
07-05 13:07:09.813   545 28803 I DownloadManager: in removeSpuriousFiles, preserving file /data/data/com.android.providers.downloads/cache/metadata-500.htm
07-05 13:07:09.813   545 28803 I DownloadManager: in removeSpuriousFiles, preserving file /data/data/com.android.providers.downloads/cache/metadata-589.htm
07-05 13:07:09.817   545 28803 I DownloadManager: in removeSpuriousFiles, preserving file /data/data/com.android.providers.downloads/cache/metadata-2100.htm
07-05 13:07:09.817   545 28803 I DownloadManager: in removeSpuriousFiles, preserving file /data/data/com.android.providers.downloads/cache/metadata-1289.htm
07-05 13:07:09.817   545 28803 I DownloadManager: in removeSpuriousFiles, preserving file /data/data/com.android.providers.downloads/cache/metadata-984.htm
07-05 13:07:09.817   545 28803 I DownloadManager: in removeSpuriousFiles, preserving file /data/data/com.android.providers.downloads/cache/metadata-900.htm
07-05 13:07:09.817   545 28803 I DownloadManager: in removeSpuriousFiles, preserving file /data/data/com.android.providers.downloads/cache/metadata-1124.htm
07-05 13:07:09.817   545 28803 I DownloadManager: in removeSpuriousFiles, preserving file /data/data/com.android.providers.downloads/cache/metadata-936.htm
07-05 13:07:09.817   545 28803 I DownloadManager: in removeSpuriousFiles, preserving file /data/data/com.android.providers.downloads/cache/metadata-388.htm
07-05 13:07:09.817   545 28803 I DownloadManager: in removeSpuriousFiles, preserving file /data/data/com.android.providers.downloads/cache/metadata-745.htm
07-05 13:07:09.817   545 28803 I DownloadManager: in removeSpuriousFiles, preserving file /data/data/com.android.providers.downloads/cache/metadata-1152.htm
07-05 13:07:09.817   545 28803 I DownloadManager: in removeSpuriousFiles, preserving file /data/data/com.android.providers.downloads/cache/metadata-782.htm
07-05 13:07:09.817   545 28803 I DownloadManager: in removeSpuriousFiles, preserving file /data/data/com.android.providers.downloads/cache/metadata-1111.htm
07-05 13:07:09.817   545 28803 I DownloadManager: in removeSpuriousFiles, preserving file /data/data/com.android.providers.downloads/cache/metadata-1849.htm
07-05 13:07:09.817   545 28803 I DownloadManager: in removeSpuriousFiles, preserving file /data/data/com.android.providers.downloads/cache/metadata-1174.htm
07-05 13:07:09.817   545 28803 I DownloadManager: in removeSpuriousFiles, preserving file /data/data/com.android.providers.downloads/cache/metadata-408.htm
07-05 13:07:09.817   545 28803 I DownloadManager: in removeSpuriousFiles, preserving file /data/data/com.android.providers.downloads/cache/metadata-612.htm
07-05 13:07:09.817   545 28803 I DownloadManager: in removeSpuriousFiles, preserving file /data/data/com.android.providers.downloads/cache/metadata-368.htm
07-05 13:07:09.821   545 28803 I DownloadManager: in removeSpuriousFiles, preserving file /data/data/com.android.providers.downloads/cache/metadata-544.htm
07-05 13:07:09.821   545 28803 I DownloadManager: in removeSpuriousFiles, preserving file /data/data/com.android.providers.downloads/cache/metadata-1817.htm
07-05 13:07:09.821   545 28803 I DownloadManager: in removeSpuriousFiles, preserving file /data/data/com.android.providers.downloads/cache/metadata-701.htm
07-05 13:07:09.821   545 28803 I DownloadManager: in removeSpuriousFiles, preserving file /data/data/com.android.providers.downloads/cache/metadata-607.htm
07-05 13:07:09.821   545 28803 I DownloadManager: in removeSpuriousFiles, preserving file /data/data/com.android.providers.downloads/cache/metadata-2090.htm
07-05 13:07:09.821   545 28803 I DownloadManager: in removeSpuriousFiles, preserving file /data/data/com.android.providers.downloads/cache/metadata-1254.htm
07-05 13:07:09.821   545 28803 I DownloadManager: in removeSpuriousFiles, preserving file /data/data/com.android.providers.downloads/cache/metadata-1345.htm
07-05 13:07:09.821   545 28803 I DownloadManager: in removeSpuriousFiles, preserving file /data/data/com.android.providers.downloads/cache/metadata-323.htm
07-05 13:07:09.821   545 28803 I DownloadManager: in removeSpuriousFiles, preserving file /data/data/com.android.providers.downloads/cache/metadata-2112.htm
07-05 13:07:09.821   545 28803 I DownloadManager: in removeSpuriousFiles, preserving file /data/data/com.android.providers.downloads/cache/metadata-100.htm
07-05 13:07:09.821   545 28803 I DownloadManager: in removeSpuriousFiles, preserving file /data/data/com.android.providers.downloads/cache/metadata-203.htm
07-05 13:07:09.821   545 28803 I DownloadManager: in removeSpuriousFiles, preserving file /data/data/com.android.providers.downloads/cache/metadata-176.htm
07-05 13:07:09.821   545 28803 I DownloadManager: in removeSpuriousFiles, preserving file /data/data/com.android.providers.downloads/cache/metadata-186.htm
07-05 13:07:09.821   545 28803 I DownloadManager: in removeSpuriousFiles, preserving file /data/data/com.android.providers.downloads/cache/metadata-33.htm
07-05 13:07:09.821   545 28803 I DownloadManager: in removeSpuriousFiles, preserving file /data/data/com.android.providers.downloads/cache/metadata-234.htm
07-05 13:07:09.821   545 28803 I DownloadManager: in removeSpuriousFiles, preserving file /data/data/com.android.providers.downloads/cache/metadata-43.htm
07-05 13:07:09.821   545 28803 I DownloadManager: in removeSpuriousFiles, preserving file /data/data/com.android.providers.downloads/cache/metadata-247.htm
07-05 13:07:09.821   545 28803 I DownloadManager: in removeSpuriousFiles, preserving file /data/data/com.android.providers.downloads/cache/metadata-169.htm
07-05 13:07:09.821   545 28803 I DownloadManager: in removeSpuriousFiles, preserving file /data/data/com.android.providers.downloads/cache/metadata-144.htm
07-05 13:07:09.821   545 28803 I DownloadManager: in removeSpuriousFiles, preserving file /data/data/com.android.providers.downloads/cache/metadata-61.htm
07-05 13:07:09.821   545 28803 I DownloadManager: in removeSpuriousFiles, preserving file /data/data/com.android.providers.downloads/cache/metadata-152.htm
07-05 13:07:09.821   545 28803 I DownloadManager: in removeSpuriousFiles, preserving file /data/data/com.android.providers.downloads/cache/metadata-278.htm
07-05 13:07:09.821   545 28803 I DownloadManager: in removeSpuriousFiles, preserving file /data/data/com.android.providers.downloads/cache/metadata-250.htm
07-05 13:07:09.821   545 28803 I DownloadManager: in removeSpuriousFiles, preserving file /data/data/com.android.providers.downloads/cache/metadata-307.htm
07-05 13:07:09.821   545 28803 I DownloadManager: in removeSpuriousFiles, preserving file /data/data/com.android.providers.downloads/cache/metadata-103.htm
07-05 13:07:09.821   545 28803 I DownloadManager: in removeSpuriousFiles, preserving file /data/data/com.android.providers.downloads/cache/metadata-119.htm
07-05 13:07:09.821   545 28803 I DownloadManager: in removeSpuriousFiles, preserving file /data/data/com.android.providers.downloads/cache/metadata-271.htm
07-05 13:07:09.821   545 28803 I DownloadManager: in removeSpuriousFiles, preserving file /data/data/com.android.providers.downloads/cache/metadata-272.htm
07-05 13:07:09.821   545 28803 I DownloadManager: in removeSpuriousFiles, preserving file /data/data/com.android.providers.downloads/cache/metadata-162.htm
07-05 13:07:09.821   545 28803 I DownloadManager: in removeSpuriousFiles, preserving file /data/data/com.android.providers.downloads/cache/metadata-463.htm
07-05 13:07:09.824   545 28803 I DownloadManager: in removeSpuriousFiles, preserving file /data/data/com.android.providers.downloads/cache/metadata-340.htm
07-05 13:07:09.824   545 28803 I DownloadManager: in removeSpuriousFiles, preserving file /data/data/com.android.providers.downloads/cache/metadata-328.htm
07-05 13:07:09.824   545 28803 I DownloadManager: in removeSpuriousFiles, preserving file /data/data/com.android.providers.downloads/cache/metadata-74.htm
07-05 13:07:09.824   545 28803 I DownloadManager: in removeSpuriousFiles, preserving file /data/data/com.android.providers.downloads/cache/metadata-238.htm
07-05 13:07:09.824   545 28803 I DownloadManager: in removeSpuriousFiles, preserving file /data/data/com.android.providers.downloads/cache/metadata-96.htm
07-05 13:07:09.824   545 28803 I DownloadManager: in removeSpuriousFiles, preserving file /data/data/com.android.providers.downloads/cache/metadata-2555.htm
07-05 13:07:09.824   545 28803 I DownloadManager: in removeSpuriousFiles, preserving file /data/data/com.android.providers.downloads/cache/metadata-387.htm
07-05 13:07:09.824   545 28803 I DownloadManager: in removeSpuriousFiles, preserving file /data/data/com.android.providers.downloads/cache/metadata-350.htm
07-05 13:07:09.824   545 28803 I DownloadManager: in removeSpuriousFiles, preserving file /data/data/com.android.providers.downloads/cache/metadata-242.htm
07-05 13:07:09.824   545 28803 I DownloadManager: in removeSpuriousFiles, preserving file /data/data/com.android.providers.downloads/cache/metadata-87.htm
07-05 13:07:09.824   545 28803 I DownloadManager: in removeSpuriousFiles, preserving file /data/data/com.android.providers.downloads/cache/metadata-1192.htm
07-05 13:07:09.824   545 28803 I DownloadManager: in removeSpuriousFiles, preserving file /data/data/com.android.providers.downloads/cache/metadata-298.htm
07-05 13:07:09.824   545 28803 I DownloadManager: in removeSpuriousFiles, preserving file /data/data/com.android.providers.downloads/cache/metadata-227.htm
07-05 13:07:09.824   545 28803 I DownloadManager: in removeSpuriousFiles, preserving file /data/data/com.android.providers.downloads/cache/metadata-268.htm
07-05 13:07:09.824   545 28803 I DownloadManager: in removeSpuriousFiles, preserving file /data/data/com.android.providers.downloads/cache/metadata-440.htm
07-05 13:07:09.824   545 28803 I DownloadManager: in removeSpuriousFiles, preserving file /data/data/com.android.providers.downloads/cache/metadata-483.htm
07-05 13:07:09.824   545 28803 I DownloadManager: in removeSpuriousFiles, preserving file /data/data/com.android.providers.downloads/cache/metadata-746.htm
07-05 13:07:09.824   545 28803 I DownloadManager: in removeSpuriousFiles, preserving file /data/data/com.android.providers.downloads/cache/metadata-369.htm
07-05 13:07:09.824   545 28803 I DownloadManager: in removeSpuriousFiles, preserving file /data/data/com.android.providers.downloads/cache/metadata-457.htm
07-05 13:07:09.824   545 28803 I DownloadManager: in removeSpuriousFiles, preserving file /data/data/com.android.providers.downloads/cache/metadata-1392.htm
07-05 13:07:09.824   545 28803 I DownloadManager: in removeSpuriousFiles, preserving file /data/data/com.android.providers.downloads/cache/metadata-171.htm
07-05 13:07:09.824   545 28803 I DownloadManager: in removeSpuriousFiles, preserving file /data/data/com.android.providers.downloads/cache/metadata-220.htm
07-05 13:07:09.824   545 28803 I DownloadManager: in removeSpuriousFiles, preserving file /data/data/com.android.providers.downloads/cache/metadata-270.htm
07-05 13:07:09.824   545 28803 I DownloadManager: in removeSpuriousFiles, preserving file /data/data/com.android.providers.downloads/cache/metadata-236.htm
07-05 13:07:09.824   545 28803 I DownloadManager: in removeSpuriousFiles, preserving file /data/data/com.android.providers.downloads/cache/metadata-261.htm
07-05 13:07:09.824   545 28803 I DownloadManager: in removeSpuriousFiles, preserving file /data/data/com.android.providers.downloads/cache/metadata-228.htm
07-05 13:07:09.824   545 28803 I DownloadManager: in removeSpuriousFiles, preserving file /data/data/com.android.providers.downloads/cache/metadata-568.htm
07-05 13:07:09.824   545 28803 I DownloadManager: in removeSpuriousFiles, preserving file /data/data/com.android.providers.downloads/cache/metadata-357.htm
07-05 13:07:09.824   545 28803 I DownloadManager: in removeSpuriousFiles, preserving file /data/data/com.android.providers.downloads/cache/metadata-1524.htm
07-05 13:07:09.824   545 28803 I DownloadManager: in removeSpuriousFiles, preserving file /data/data/com.android.providers.downloads/cache/metadata-389.htm
07-05 13:07:09.824   545 28803 I DownloadManager: in removeSpuriousFiles, preserving file /data/data/com.android.providers.downloads/cache/metadata-468.htm
07-05 13:07:09.824   545 28803 I DownloadManager: in removeSpuriousFiles, preserving file /data/data/com.android.providers.downloads/cache/metadata-221.htm
07-05 13:07:09.824   545 28803 I DownloadManager: in removeSpuriousFiles, preserving file /data/data/com.android.providers.downloads/cache/metadata-380.htm
07-05 13:07:09.824   545 28803 I DownloadManager: in removeSpuriousFiles, preserving file /data/data/com.android.providers.downloads/cache/metadata-558.htm
07-05 13:07:09.824   545 28803 I DownloadManager: in removeSpuriousFiles, preserving file /data/data/com.android.providers.downloads/cache/metadata-465.htm
07-05 13:07:09.824   545 28803 I DownloadManager: in removeSpuriousFiles, preserving file /data/data/com.android.providers.downloads/cache/metadata-579.htm
07-05 13:07:09.824   545 28803 I DownloadManager: in removeSpuriousFiles, preserving file /data/data/com.android.providers.downloads/cache/metadata-1020.htm
07-05 13:07:09.824   545 28803 I DownloadManager: in removeSpuriousFiles, preserving file /data/data/com.android.providers.downloads/cache/metadata-502.htm
07-05 13:07:09.824   545 28803 I DownloadManager: in removeSpuriousFiles, preserving file /data/data/com.android.providers.downloads/cache/metadata-347.htm
07-05 13:07:09.824   545 28803 I DownloadManager: in removeSpuriousFiles, preserving file /data/data/com.android.providers.downloads/cache/metadata-417.htm
07-05 13:07:09.824   545 28803 I DownloadManager: in removeSpuriousFiles, preserving file /data/data/com.android.providers.downloads/cache/metadata-2360.htm
07-05 13:07:09.824   545 28803 I DownloadManager: in removeSpuriousFiles, preserving file /data/data/com.android.providers.downloads/cache/metadata-452.htm
07-05 13:07:09.828   545 28803 I DownloadManager: in removeSpuriousFiles, preserving file /data/data/com.android.providers.downloads/cache/metadata-401.htm
07-05 13:07:09.828   545 28803 I DownloadManager: in removeSpuriousFiles, preserving file /data/data/com.android.providers.downloads/cache/metadata-329.htm
07-05 13:07:09.828   545 28803 I DownloadManager: in removeSpuriousFiles, preserving file /data/data/com.android.providers.downloads/cache/metadata-578.htm
07-05 13:07:09.828   545 28803 I DownloadManager: in removeSpuriousFiles, preserving file /data/data/com.android.providers.downloads/cache/metadata-263.htm
07-05 13:07:09.828   545 28803 I DownloadManager: in removeSpuriousFiles, preserving file /data/data/com.android.providers.downloads/cache/metadata-332.htm
07-05 13:07:09.828   545 28803 I DownloadManager: in removeSpuriousFiles, preserving file /data/data/com.android.providers.downloads/cache/metadata-1469.htm
07-05 13:07:09.828   545 28803 I DownloadManager: in removeSpuriousFiles, preserving file /data/data/com.android.providers.downloads/cache/metadata-1200.htm
07-05 13:07:09.828   545 28803 I DownloadManager: in removeSpuriousFiles, preserving file /data/data/com.android.providers.downloads/cache/metadata-405.htm
07-05 13:07:09.828   545 28803 I DownloadManager: in removeSpuriousFiles, preserving file /data/data/com.android.providers.downloads/cache/metadata-1428.htm
07-05 13:07:09.828   545 28803 I DownloadManager: in removeSpuriousFiles, preserving file /data/data/com.android.providers.downloads/cache/metadata-493.htm
07-05 13:07:09.828   545 28803 I DownloadManager: in removeSpuriousFiles, preserving file /data/data/com.android.providers.downloads/cache/metadata-1423.htm
07-05 13:07:09.828   545 28803 I DownloadManager: in removeSpuriousFiles, preserving file /data/data/com.android.providers.downloads/cache/metadata-1011.htm
07-05 13:07:09.828   545 28803 I DownloadManager: in removeSpuriousFiles, preserving file /data/data/com.android.providers.downloads/cache/metadata-920.htm
07-05 13:07:09.828   545 28803 I DownloadManager: in removeSpuriousFiles, preserving file /data/data/com.android.providers.downloads/cache/metadata-2018.htm
07-05 13:07:09.828   545 28803 I DownloadManager: in removeSpuriousFiles, preserving file /data/data/com.android.providers.downloads/cache/metadata-2190.htm
07-05 13:07:09.828   545 28803 I DownloadManager: in removeSpuriousFiles, preserving file /data/data/com.android.providers.downloads/cache/metadata-1046.htm
07-05 13:07:09.828   545 28803 I DownloadManager: in removeSpuriousFiles, preserving file /data/data/com.android.providers.downloads/cache/metadata-592.htm
07-05 13:07:09.828   545 28803 I DownloadManager: in removeSpuriousFiles, preserving file /data/data/com.android.providers.downloads/cache/metadata-508.htm
07-05 13:07:09.828   545 28803 I DownloadManager: in removeSpuriousFiles, preserving file /data/data/com.android.providers.downloads/cache/metadata-482.htm
07-05 13:07:09.828   545 28803 I DownloadManager: in removeSpuriousFiles, preserving file /data/data/com.android.providers.downloads/cache/metadata-367.htm
07-05 13:07:09.828   545 28803 I DownloadManager: in removeSpuriousFiles, preserving file /data/data/com.android.providers.downloads/cache/metadata-1943.htm
07-05 13:07:09.828   545 28803 I DownloadManager: in removeSpuriousFiles, preserving file /data/data/com.android.providers.downloads/cache/metadata-1330.htm
07-05 13:07:09.828   545 28803 I DownloadManager: in removeSpuriousFiles, preserving file /data/data/com.android.providers.downloads/cache/metadata-451.htm
07-05 13:07:09.828   545 28803 I DownloadManager: in removeSpuriousFiles, preserving file /data/data/com.android.providers.downloads/cache/metadata-2297.htm
07-05 13:07:09.828   545 28803 I DownloadManager: in removeSpuriousFiles, preserving file /data/data/com.android.providers.downloads/cache/metadata-872.htm
07-05 13:07:09.828   545 28803 I DownloadManager: in removeSpuriousFiles, preserving file /data/data/com.android.providers.downloads/cache/metadata-472.htm
07-05 13:07:09.828   545 28803 I DownloadManager: in removeSpuriousFiles, preserving file /data/data/com.android.providers.downloads/cache/metadata-1907.htm
07-05 13:07:09.828   545 28803 I DownloadManager: in removeSpuriousFiles, preserving file /data/data/com.android.providers.downloads/cache/metadata-1048.htm
07-05 13:07:09.828   545 28803 I DownloadManager: in removeSpuriousFiles, preserving file /data/data/com.android.providers.downloads/cache/metadata-409.htm
07-05 13:07:09.828   545 28803 I DownloadManager: in removeSpuriousFiles, preserving file /data/data/com.android.providers.downloads/cache/metadata-630.htm
07-05 13:07:09.828   545 28803 I DownloadManager: in removeSpuriousFiles, preserving file /data/data/com.android.providers.downloads/cache/metadata-957.htm
07-05 13:07:09.832   545 28803 I DownloadManager: in removeSpuriousFiles, preserving file /data/data/com.android.providers.downloads/cache/metadata-1468.htm
07-05 13:07:09.832   545 28803 I DownloadManager: in removeSpuriousFiles, preserving file /data/data/com.android.providers.downloads/cache/metadata-1464.htm
07-05 13:07:09.832   545 28803 I DownloadManager: in removeSpuriousFiles, preserving file /data/data/com.android.providers.downloads/cache/metadata-1308.htm
07-05 13:07:09.832   545 28803 I DownloadManager: in removeSpuriousFiles, preserving file /data/data/com.android.providers.downloads/cache/metadata-1356.htm
07-05 13:07:09.832   545 28803 I DownloadManager: in removeSpuriousFiles, preserving file /data/data/com.android.providers.downloads/cache/metadata-737.htm
07-05 13:07:09.832   545 28803 I DownloadManager: in removeSpuriousFiles, preserving file /data/data/com.android.providers.downloads/cache/metadata-1738.htm
07-05 13:07:09.832   545 28803 I DownloadManager: in removeSpuriousFiles, preserving file /data/data/com.android.providers.downloads/cache/metadata-902.htm
07-05 13:07:09.832   545 28803 I DownloadManager: in removeSpuriousFiles, preserving file /data/data/com.android.providers.downloads/cache/metadata-1744.htm
07-05 13:07:09.832   545 28803 I DownloadManager: in removeSpuriousFiles, preserving file /data/data/com.android.providers.downloads/cache/metadata-1168.htm
07-05 13:07:09.832   545 28803 I DownloadManager: in removeSpuriousFiles, preserving file /data/data/com.android.providers.downloads/cache/metadata-618.htm
07-05 13:07:09.832   545 28803 I DownloadManager: in removeSpuriousFiles, preserving file /data/data/com.android.providers.downloads/cache/metadata-907.htm
07-05 13:07:09.832   545 28803 I DownloadManager: in removeSpuriousFiles, preserving file /data/data/com.android.providers.downloads/cache/metadata-516.htm
07-05 13:07:09.832   545 28803 I DownloadManager: in removeSpuriousFiles, preserving file /data/data/com.android.providers.downloads/cache/metadata-1844.htm
07-05 13:07:09.832   545 28803 I DownloadManager: in removeSpuriousFiles, preserving file /data/data/com.android.providers.downloads/cache/metadata-1502.htm
07-05 13:07:09.832   545 28803 I DownloadManager: in removeSpuriousFiles, preserving file /data/data/com.android.providers.downloads/cache/metadata-1047.htm
07-05 13:07:09.832   545 28803 I DownloadManager: in removeSpuriousFiles, preserving file /data/data/com.android.providers.downloads/cache/metadata-537.htm
07-05 13:07:09.832   545 28803 I DownloadManager: in removeSpuriousFiles, preserving file /data/data/com.android.providers.downloads/cache/metadata-1536.htm
07-05 13:07:09.832   545 28803 I DownloadManager: in removeSpuriousFiles, preserving file /data/data/com.android.providers.downloads/cache/metadata-552.htm
07-05 13:07:09.832   545 28803 I DownloadManager: in removeSpuriousFiles, preserving file /data/data/com.android.providers.downloads/cache/metadata-1143.htm
07-05 13:07:09.832   545 28803 I DownloadManager: in removeSpuriousFiles, preserving file /data/data/com.android.providers.downloads/cache/metadata-1073.htm
07-05 13:07:09.832   545 28803 I DownloadManager: in removeSpuriousFiles, preserving file /data/data/com.android.providers.downloads/cache/metadata-1785.htm
07-05 13:07:09.832   545 28803 I DownloadManager: in removeSpuriousFiles, preserving file /data/data/com.android.providers.downloads/cache/metadata-650.htm
07-05 13:07:09.840   545 28803 I DownloadManager: in removeSpuriousFiles, preserving file /data/data/com.android.providers.downloads/cache/metadata-535.htm
07-05 13:07:09.840   545 28803 I DownloadManager: in removeSpuriousFiles, preserving file /data/data/com.android.providers.downloads/cache/metadata-1121.htm
07-05 13:07:09.840   545 28803 I DownloadManager: in removeSpuriousFiles, preserving file /data/data/com.android.providers.downloads/cache/metadata-827.htm
07-05 13:07:09.840   545 28803 I DownloadManager: in removeSpuriousFiles, preserving file /data/data/com.android.providers.downloads/cache/metadata-488.htm
07-05 13:07:09.840   545 28803 I DownloadManager: in removeSpuriousFiles, preserving file /data/data/com.android.providers.downloads/cache/metadata-146.htm
07-05 13:07:09.840   545 28803 I DownloadManager: in removeSpuriousFiles, preserving file /data/data/com.android.providers.downloads/cache/metadata-30.htm
07-05 13:07:09.840   545 28803 I DownloadManager: in removeSpuriousFiles, preserving file /data/data/com.android.providers.downloads/cache/metadata-65.htm
07-05 13:07:09.840   545 28803 I DownloadManager: in removeSpuriousFiles, preserving file /data/data/com.android.providers.downloads/cache/metadata-7.htm
07-05 13:07:09.840   545 28803 I DownloadManager: in removeSpuriousFiles, preserving file /data/data/com.android.providers.downloads/cache/metadata-410.htm
07-05 13:07:09.840   545 28803 I DownloadManager: in removeSpuriousFiles, preserving file /data/data/com.android.providers.downloads/cache/metadata-88.htm
07-05 13:07:09.840   545 28803 I DownloadManager: in removeSpuriousFiles, preserving file /data/data/com.android.providers.downloads/cache/metadata-344.htm
07-05 13:07:09.840   545 28803 I DownloadManager: in removeSpuriousFiles, preserving file /data/data/com.android.providers.downloads/cache/metadata-573.htm
07-05 13:07:09.840   545 28803 I DownloadManager: in removeSpuriousFiles, preserving file /data/data/com.android.providers.downloads/cache/metadata-198.htm
07-05 13:07:09.840   545 28803 I DownloadManager: in removeSpuriousFiles, preserving file /data/data/com.android.providers.downloads/cache/metadata-438.htm
07-05 13:07:09.840   545 28803 I DownloadManager: in removeSpuriousFiles, preserving file /data/data/com.android.providers.downloads/cache/metadata-311.htm
07-05 13:07:09.840   545 28803 I DownloadManager: in removeSpuriousFiles, preserving file /data/data/com.android.providers.downloads/cache/metadata-441.htm
07-05 13:07:09.840   545 28803 I DownloadManager: in removeSpuriousFiles, preserving file /data/data/com.android.providers.downloads/cache/metadata-338.htm
07-05 13:07:09.840   545 28803 I DownloadManager: in removeSpuriousFiles, preserving file /data/data/com.android.providers.downloads/cache/metadata-407.htm
07-05 13:07:09.840   545 28803 I DownloadManager: in removeSpuriousFiles, preserving file /data/data/com.android.providers.downloads/cache/metadata-137.htm
07-05 13:07:09.840   545 28803 I DownloadManager: in removeSpuriousFiles, preserving file /data/data/com.android.providers.downloads/cache/metadata-321.htm
07-05 13:07:09.840   545 28803 I DownloadManager: in removeSpuriousFiles, preserving file /data/data/com.android.providers.downloads/cache/metadata-507.htm
07-05 13:07:09.840   545 28803 I DownloadManager: in removeSpuriousFiles, preserving file /data/data/com.android.providers.downloads/cache/metadata-1333.htm
07-05 13:07:09.840   545 28803 I DownloadManager: in removeSpuriousFiles, preserving file /data/data/com.android.providers.downloads/cache/metadata-1708.htm
07-05 13:07:09.840   545 28803 I DownloadManager: in removeSpuriousFiles, preserving file /data/data/com.android.providers.downloads/cache/metadata-275.htm
07-05 13:07:09.840   545 28803 I DownloadManager: in removeSpuriousFiles, preserving file /data/data/com.android.providers.downloads/cache/metadata-356.htm
07-05 13:07:09.840   545 28803 I DownloadManager: in removeSpuriousFiles, preserving file /data/data/com.android.providers.downloads/cache/metadata-110.htm
07-05 13:07:09.840   545 28803 I DownloadManager: in removeSpuriousFiles, preserving file /data/data/com.android.providers.downloads/cache/metadata-131.htm
07-05 13:07:09.840   545 28803 I DownloadManager: in removeSpuriousFiles, preserving file /data/data/com.android.providers.downloads/cache/metadata-662.htm
07-05 13:07:09.840   545 28803 I DownloadManager: in removeSpuriousFiles, preserving file /data/data/com.android.providers.downloads/cache/metadata-429.htm
07-05 13:07:09.840   545 28803 I DownloadManager: in removeSpuriousFiles, preserving file /data/data/com.android.providers.downloads/cache/metadata-576.htm
07-05 13:07:09.840   545 28803 I DownloadManager: in removeSpuriousFiles, preserving file /data/data/com.android.providers.downloads/cache/metadata-260.htm
07-05 13:07:09.840   545 28803 I DownloadManager: in removeSpuriousFiles, preserving file /data/data/com.android.providers.downloads/cache/metadata-915.htm
07-05 13:07:09.840   545 28803 I DownloadManager: in removeSpuriousFiles, preserving file /data/data/com.android.providers.downloads/cache/metadata-296.htm
07-05 13:07:09.840   545 28803 I DownloadManager: in removeSpuriousFiles, preserving file /data/data/com.android.providers.downloads/cache/metadata-214.htm
07-05 13:07:09.840   545 28803 I DownloadManager: in removeSpuriousFiles, preserving file /data/data/com.android.providers.downloads/cache/metadata-318.htm
07-05 13:07:09.840   545 28803 I DownloadManager: in removeSpuriousFiles, preserving file /data/data/com.android.providers.downloads/cache/metadata-155.htm
07-05 13:07:09.840   545 28803 I DownloadManager: in removeSpuriousFiles, preserving file /data/data/com.android.providers.downloads/cache/metadata-437.htm
07-05 13:07:09.840   545 28803 I DownloadManager: in removeSpuriousFiles, preserving file /data/data/com.android.providers.downloads/cache/metadata-333.htm
07-05 13:07:09.840   545 28803 I DownloadManager: in removeSpuriousFiles, preserving file /data/data/com.android.providers.downloads/cache/metadata-455.htm
07-05 13:07:09.840   545 28803 I DownloadManager: in removeSpuriousFiles, preserving file /data/data/com.android.providers.downloads/cache/metadata-444.htm
07-05 13:07:09.840   545 28803 I DownloadManager: in removeSpuriousFiles, preserving file /data/data/com.android.providers.downloads/cache/metadata-462.htm
07-05 13:07:09.840   545 28803 I DownloadManager: in removeSpuriousFiles, preserving file /data/data/com.android.providers.downloads/cache/metadata-504.htm
07-05 13:07:09.844   545 28803 I DownloadManager: in removeSpuriousFiles, preserving file /data/data/com.android.providers.downloads/cache/metadata-2364.htm
07-05 13:07:09.844   545 28803 I DownloadManager: in removeSpuriousFiles, preserving file /data/data/com.android.providers.downloads/cache/metadata-1819.htm
07-05 13:07:09.844   545 28803 I DownloadManager: in removeSpuriousFiles, preserving file /data/data/com.android.providers.downloads/cache/metadata-432.htm
07-05 13:07:09.844   545 28803 I DownloadManager: in removeSpuriousFiles, preserving file /data/data/com.android.providers.downloads/cache/metadata-364.htm
07-05 13:07:09.844   545 28803 I DownloadManager: in removeSpuriousFiles, preserving file /data/data/com.android.providers.downloads/cache/metadata-370.htm
07-05 13:07:09.844   545 28803 I DownloadManager: in removeSpuriousFiles, preserving file /data/data/com.android.providers.downloads/cache/metadata-1928.htm
07-05 13:07:09.844   545 28803 I DownloadManager: in removeSpuriousFiles, preserving file /data/data/com.android.providers.downloads/cache/metadata-1987.htm
07-05 13:07:09.844   545 28803 I DownloadManager: in removeSpuriousFiles, preserving file /data/data/com.android.providers.downloads/cache/metadata-478.htm
07-05 13:07:09.844   545 28803 I DownloadManager: in removeSpuriousFiles, preserving file /data/data/com.android.providers.downloads/cache/metadata-258.htm
07-05 13:07:09.844   545 28803 I DownloadManager: in removeSpuriousFiles, preserving file /data/data/com.android.providers.downloads/cache/metadata-313.htm
07-05 13:07:09.844   545 28803 I DownloadManager: in removeSpuriousFiles, preserving file /data/data/com.android.providers.downloads/cache/metadata-1083.htm
07-05 13:07:09.844   545 28803 I DownloadManager: in removeSpuriousFiles, preserving file /data/data/com.android.providers.downloads/cache/metadata-494.htm
07-05 13:07:09.844   545 28803 I DownloadManager: in removeSpuriousFiles, preserving file /data/data/com.android.providers.downloads/cache/metadata-1425.htm
07-05 13:07:09.844   545 28803 I DownloadManager: in removeSpuriousFiles, preserving file /data/data/com.android.providers.downloads/cache/metadata-222.htm
07-05 13:07:09.844   545 28803 I DownloadManager: in removeSpuriousFiles, preserving file /data/data/com.android.providers.downloads/cache/metadata-461.htm
07-05 13:07:09.844   545 28803 I DownloadManager: in removeSpuriousFiles, preserving file /data/data/com.android.providers.downloads/cache/metadata-373.htm
07-05 13:07:09.844   545 28803 I DownloadManager: in removeSpuriousFiles, preserving file /data/data/com.android.providers.downloads/cache/metadata-596.htm
07-05 13:07:09.844   545 28803 I DownloadManager: in removeSpuriousFiles, preserving file /data/data/com.android.providers.downloads/cache/metadata-1056.htm
07-05 13:07:09.844   545 28803 I DownloadManager: in removeSpuriousFiles, preserving file /data/data/com.android.providers.downloads/cache/metadata-708.htm
07-05 13:07:09.844   545 28803 I DownloadManager: in removeSpuriousFiles, preserving file /data/data/com.android.providers.downloads/cache/metadata-189.htm
07-05 13:07:09.844   545 28803 I DownloadManager: in removeSpuriousFiles, preserving file /data/data/com.android.providers.downloads/cache/metadata-264.htm
07-05 13:07:09.844   545 28803 I DownloadManager: in removeSpuriousFiles, preserving file /data/data/com.android.providers.downloads/cache/metadata-930.htm
07-05 13:07:09.844   545 28803 I DownloadManager: in removeSpuriousFiles, preserving file /data/data/com.android.providers.downloads/cache/metadata-709.htm
07-05 13:07:09.844   545 28803 I DownloadManager: in removeSpuriousFiles, preserving file /data/data/com.android.providers.downloads/cache/metadata-266.htm
07-05 13:07:09.844   545 28803 I DownloadManager: in removeSpuriousFiles, preserving file /data/data/com.android.providers.downloads/cache/metadata-819.htm
07-05 13:07:09.844   545 28803 I DownloadManager: in removeSpuriousFiles, preserving file /data/data/com.android.providers.downloads/cache/metadata-1138.htm
07-05 13:07:09.844   545 28803 I DownloadManager: in removeSpuriousFiles, preserving file /data/data/com.android.providers.downloads/cache/metadata-1742.htm
07-05 13:07:09.844   545 28803 I DownloadManager: in removeSpuriousFiles, preserving file /data/data/com.android.providers.downloads/cache/metadata-453.htm
07-05 13:07:09.844   545 28803 I DownloadManager: in removeSpuriousFiles, preserving file /data/data/com.android.providers.downloads/cache/metadata-450.htm
07-05 13:07:09.844   545 28803 I DownloadManager: in removeSpuriousFiles, preserving file /data/data/com.android.providers.downloads/cache/metadata-2030.htm
07-05 13:07:09.844   545 28803 I DownloadManager: in removeSpuriousFiles, preserving file /data/data/com.android.providers.downloads/cache/metadata-390.htm
07-05 13:07:09.844   545 28803 I DownloadManager: in removeSpuriousFiles, preserving file /data/data/com.android.providers.downloads/cache/metadata-702.htm
07-05 13:07:09.844   545 28803 I DownloadManager: in removeSpuriousFiles, preserving file /data/data/com.android.providers.downloads/cache/metadata-204.htm
07-05 13:07:09.844   545 28803 I DownloadManager: in removeSpuriousFiles, preserving file /data/data/com.android.providers.downloads/cache/metadata-377.htm
07-05 13:07:09.844   545 28803 I DownloadManager: in removeSpuriousFiles, preserving file /data/data/com.android.providers.downloads/cache/metadata-1368.htm
07-05 13:07:09.844   545 28803 I DownloadManager: in removeSpuriousFiles, preserving file /data/data/com.android.providers.downloads/cache/metadata-1364.htm
07-05 13:07:09.844   545 28803 I DownloadManager: in removeSpuriousFiles, preserving file /data/data/com.android.providers.downloads/cache/metadata-435.htm
07-05 13:07:09.844   545 28803 I DownloadManager: in removeSpuriousFiles, preserving file /data/data/com.android.providers.downloads/cache/metadata-707.htm
07-05 13:07:09.844   545 28803 I DownloadManager: in removeSpuriousFiles, preserving file /data/data/com.android.providers.downloads/cache/metadata-1118.htm
07-05 13:07:09.844   545 28803 I DownloadManager: in removeSpuriousFiles, preserving file /data/data/com.android.providers.downloads/cache/metadata-518.htm
07-05 13:07:09.848   545 28803 I DownloadManager: in removeSpuriousFiles, preserving file /data/data/com.android.providers.downloads/cache/metadata-1043.htm
07-05 13:07:09.848   545 28803 I DownloadManager: in removeSpuriousFiles, preserving file /data/data/com.android.providers.downloads/cache/metadata-2584.htm
07-05 13:07:09.848   545 28803 I DownloadManager: in removeSpuriousFiles, preserving file /data/data/com.android.providers.downloads/cache/metadata-571.htm
07-05 13:07:09.848   545 28803 I DownloadManager: in removeSpuriousFiles, preserving file /data/data/com.android.providers.downloads/cache/metadata-520.htm
07-05 13:07:09.848   545 28803 I DownloadManager: in removeSpuriousFiles, preserving file /data/data/com.android.providers.downloads/cache/metadata-1440.htm
07-05 13:07:09.848   545 28803 I DownloadManager: in removeSpuriousFiles, preserving file /data/data/com.android.providers.downloads/cache/metadata-290.htm
07-05 13:07:09.848   545 28803 I DownloadManager: in removeSpuriousFiles, preserving file /data/data/com.android.providers.downloads/cache/metadata-1386.htm
07-05 13:07:09.848   545 28803 I DownloadManager: in removeSpuriousFiles, preserving file /data/data/com.android.providers.downloads/cache/metadata-536.htm
07-05 13:07:09.848   545 28803 I DownloadManager: in removeSpuriousFiles, preserving file /data/data/com.android.providers.downloads/cache/metadata-1450.htm
07-05 13:07:09.848   545 28803 I DownloadManager: in removeSpuriousFiles, preserving file /data/data/com.android.providers.downloads/cache/metadata-978.htm
07-05 13:07:09.848   545 28803 I DownloadManager: in removeSpuriousFiles, preserving file /data/data/com.android.providers.downloads/cache/metadata-1855.htm
07-05 13:07:09.848   545 28803 I DownloadManager: in removeSpuriousFiles, preserving file /data/data/com.android.providers.downloads/cache/metadata-1413.htm
07-05 13:07:09.848   545 28803 I DownloadManager: in removeSpuriousFiles, preserving file /data/data/com.android.providers.downloads/cache/metadata-858.htm
07-05 13:07:09.848   545 28803 I DownloadManager: in removeSpuriousFiles, preserving file /data/data/com.android.providers.downloads/cache/metadata-1128.htm
07-05 13:07:09.848   545 28803 I DownloadManager: in removeSpuriousFiles, preserving file /data/data/com.android.providers.downloads/cache/metadata-2547.htm
07-05 13:07:09.848   545 28803 I DownloadManager: in removeSpuriousFiles, preserving file /data/data/com.android.providers.downloads/cache/metadata-893.htm
07-05 13:07:09.848   545 28803 I DownloadManager: in removeSpuriousFiles, preserving file /data/data/com.android.providers.downloads/cache/metadata-1097.htm
07-05 13:07:09.848   545 28803 I DownloadManager: in removeSpuriousFiles, preserving file /data/data/com.android.providers.downloads/cache/metadata-575.htm
07-05 13:07:09.848   545 28803 I DownloadManager: in removeSpuriousFiles, preserving file /data/data/com.android.providers.downloads/cache/metadata-729.htm
07-05 13:07:09.848   545 28803 I DownloadManager: in removeSpuriousFiles, preserving file /data/data/com.android.providers.downloads/cache/metadata-1389.htm
07-05 13:07:09.848   545 28803 I DownloadManager: in removeSpuriousFiles, preserving file /data/data/com.android.providers.downloads/cache/metadata-304.htm
07-05 13:07:09.848   545 28803 I DownloadManager: in removeSpuriousFiles, preserving file /data/data/com.android.providers.downloads/cache/metadata-644.htm
07-05 13:07:09.848   545 28803 I DownloadManager: in removeSpuriousFiles, preserving file /data/data/com.android.providers.downloads/cache/metadata-1286.htm
07-05 13:07:09.848   545 28803 I DownloadManager: in removeSpuriousFiles, preserving file /data/data/com.android.providers.downloads/cache/metadata-582.htm
07-05 13:07:09.848   545 28803 I DownloadManager: in removeSpuriousFiles, preserving file /data/data/com.android.providers.downloads/cache/metadata-1575.htm
07-05 13:07:09.848   545 28803 I DownloadManager: in removeSpuriousFiles, preserving file /data/data/com.android.providers.downloads/cache/metadata-1695.htm
07-05 13:07:09.848   545 28803 I DownloadManager: in removeSpuriousFiles, preserving file /data/data/com.android.providers.downloads/cache/metadata-529.htm
07-05 13:07:09.848   545 28803 I DownloadManager: in removeSpuriousFiles, preserving file /data/data/com.android.providers.downloads/cache/metadata-1900.htm
07-05 13:07:09.848   545 28803 I DownloadManager: in removeSpuriousFiles, preserving file /data/data/com.android.providers.downloads/cache/metadata-2240.htm
07-05 13:07:09.848   545 28803 I DownloadManager: in removeSpuriousFiles, preserving file /data/data/com.android.providers.downloads/cache/metadata-287.htm
07-05 13:07:09.848   545 28803 I DownloadManager: in removeSpuriousFiles, preserving file /data/data/com.android.providers.downloads/cache/metadata-1227.htm
07-05 13:07:09.848   545 28803 I DownloadManager: in removeSpuriousFiles, preserving file /data/data/com.android.providers.downloads/cache/metadata-777.htm
07-05 13:07:09.852   545 28803 I DownloadManager: in removeSpuriousFiles, preserving file /data/data/com.android.providers.downloads/cache/metadata-1129.htm
07-05 13:07:09.852   545 28803 I DownloadManager: in removeSpuriousFiles, preserving file /data/data/com.android.providers.downloads/cache/metadata-1059.htm
07-05 13:07:09.852   545 28803 I DownloadManager: in removeSpuriousFiles, preserving file /data/data/com.android.providers.downloads/cache/metadata-905.htm
07-05 13:07:09.852   545 28803 I DownloadManager: in removeSpuriousFiles, preserving file /data/data/com.android.providers.downloads/cache/metadata-1516.htm
07-05 13:07:09.852   545 28803 I DownloadManager: in removeSpuriousFiles, preserving file /data/data/com.android.providers.downloads/cache/metadata-1328.htm
07-05 13:07:09.852   545 28803 I DownloadManager: in removeSpuriousFiles, preserving file /data/data/com.android.providers.downloads/cache/metadata-1559.htm
07-05 13:07:09.852   545 28803 I DownloadManager: in removeSpuriousFiles, preserving file /data/data/com.android.providers.downloads/cache/metadata-1153.htm
07-05 13:07:09.852   545 28803 I DownloadManager: in removeSpuriousFiles, preserving file /data/data/com.android.providers.downloads/cache/metadata-1421.htm
07-05 13:07:09.852   545 28803 I DownloadManager: in removeSpuriousFiles, preserving file /data/data/com.android.providers.downloads/cache/metadata-723.htm
07-05 13:07:09.852   545 28803 I DownloadManager: in removeSpuriousFiles, preserving file /data/data/com.android.providers.downloads/cache/metadata-548.htm
07-05 13:07:09.852   545 28803 I DownloadManager: in removeSpuriousFiles, preserving file /data/data/com.android.providers.downloads/cache/metadata-1278.htm
07-05 13:07:09.852   545 28803 I DownloadManager: in removeSpuriousFiles, preserving file /data/data/com.android.providers.downloads/cache/metadata-1106.htm
07-05 13:07:09.852   545 28803 I DownloadManager: in removeSpuriousFiles, preserving file /data/data/com.android.providers.downloads/cache/metadata-1776.htm
07-05 13:07:09.852   545 28803 I DownloadManager: in removeSpuriousFiles, preserving file /data/data/com.android.providers.downloads/cache/metadata-1005.htm
07-05 13:07:09.852   545 28803 I DownloadManager: in removeSpuriousFiles, preserving file /data/data/com.android.providers.downloads/cache/metadata-3.htm
07-05 13:07:09.852   545 28803 I DownloadManager: in removeSpuriousFiles, preserving file /data/data/com.android.providers.downloads/cache/metadata-165.htm
07-05 13:07:09.852   545 28803 I DownloadManager: in removeSpuriousFiles, preserving file /data/data/com.android.providers.downloads/cache/metadata.htm
07-05 13:07:09.852   545 28803 I DownloadManager: in removeSpuriousFiles, preserving file /data/data/com.android.providers.downloads/cache/metadata-9.htm
07-05 13:07:09.852   545 28803 I DownloadManager: in removeSpuriousFiles, preserving file /data/data/com.android.providers.downloads/cache/metadata-404.htm
07-05 13:07:09.852   545 28803 I DownloadManager: in removeSpuriousFiles, preserving file /data/data/com.android.providers.downloads/cache/metadata-341.htm
07-05 13:07:09.852   545 28803 I DownloadManager: in removeSpuriousFiles, preserving file /data/data/com.android.providers.downloads/cache/metadata-14.htm
07-05 13:07:09.852   545 28803 I DownloadManager: in removeSpuriousFiles, preserving file /data/data/com.android.providers.downloads/cache/metadata-361.htm
07-05 13:07:09.852   545 28803 I DownloadManager: in removeSpuriousFiles, preserving file /data/data/com.android.providers.downloads/cache/metadata-1706.htm
07-05 13:07:09.852   545 28803 I DownloadManager: in removeSpuriousFiles, preserving file /data/data/com.android.providers.downloads/cache/metadata-29.htm
07-05 13:07:09.852   545 28803 I DownloadManager: in removeSpuriousFiles, preserving file /data/data/com.android.providers.downloads/cache/metadata-458.htm
07-05 13:07:09.852   545 28803 I DownloadManager: in removeSpuriousFiles, preserving file /data/data/com.android.providers.downloads/cache/metadata-49.htm
07-05 13:07:09.852   545 28803 I DownloadManager: in removeSpuriousFiles, preserving file /data/data/com.android.providers.downloads/cache/metadata-823.htm
07-05 13:07:09.852   545 28803 I DownloadManager: in removeSpuriousFiles, preserving file /data/data/com.android.providers.downloads/cache/metadata-1292.htm
07-05 13:07:09.852   545 28803 I DownloadManager: in removeSpuriousFiles, preserving file /data/data/com.android.providers.downloads/cache/metadata-382.htm
07-05 13:07:09.852   545 28803 I DownloadManager: in removeSpuriousFiles, preserving file /data/data/com.android.providers.downloads/cache/metadata-682.htm
07-05 13:07:09.852   545 28803 I DownloadManager: in removeSpuriousFiles, preserving file /data/data/com.android.providers.downloads/cache/metadata-178.htm
07-05 13:07:09.852   545 28803 I DownloadManager: in removeSpuriousFiles, preserving file /data/data/com.android.providers.downloads/cache/metadata-256.htm
07-05 13:07:09.852   545 28803 I DownloadManager: in removeSpuriousFiles, preserving file /data/data/com.android.providers.downloads/cache/metadata-316.htm
07-05 13:07:09.856   545 28803 I DownloadManager: in removeSpuriousFiles, preserving file /data/data/com.android.providers.downloads/cache/metadata-1032.htm
07-05 13:07:09.856   545 28803 I DownloadManager: in removeSpuriousFiles, preserving file /data/data/com.android.providers.downloads/cache/metadata-1203.htm
07-05 13:07:09.856   545 28803 I DownloadManager: in removeSpuriousFiles, preserving file /data/data/com.android.providers.downloads/cache/metadata-514.htm
07-05 13:07:09.856   545 28803 I DownloadManager: in removeSpuriousFiles, preserving file /data/data/com.android.providers.downloads/cache/metadata-402.htm
07-05 13:07:09.856   545 28803 I DownloadManager: in removeSpuriousFiles, preserving file /data/data/com.android.providers.downloads/cache/metadata-498.htm
07-05 13:07:09.856   545 28803 I DownloadManager: in removeSpuriousFiles, preserving file /data/data/com.android.providers.downloads/cache/metadata-524.htm
07-05 13:07:09.856   545 28803 I DownloadManager: in removeSpuriousFiles, preserving file /data/data/com.android.providers.downloads/cache/metadata-715.htm
07-05 13:07:09.856   545 28803 I DownloadManager: in removeSpuriousFiles, preserving file /data/data/com.android.providers.downloads/cache/metadata-179.htm
07-05 13:07:09.856   545 28803 I DownloadManager: in removeSpuriousFiles, preserving file /data/data/com.android.providers.downloads/cache/metadata-330.htm
07-05 13:07:09.856   545 28803 I DownloadManager: in removeSpuriousFiles, preserving file /data/data/com.android.providers.downloads/cache/metadata-363.htm
07-05 13:07:09.856   545 28803 I DownloadManager: in removeSpuriousFiles, preserving file /data/data/com.android.providers.downloads/cache/metadata-244.htm
07-05 13:07:09.856   545 28803 I DownloadManager: in removeSpuriousFiles, preserving file /data/data/com.android.providers.downloads/cache/metadata-476.htm
07-05 13:07:09.856   545 28803 I DownloadManager: in removeSpuriousFiles, preserving file /data/data/com.android.providers.downloads/cache/metadata-456.htm
07-05 13:07:09.856   545 28803 I DownloadManager: in removeSpuriousFiles, preserving file /data/data/com.android.providers.downloads/cache/metadata-479.htm
07-05 13:07:09.856   545 28803 I DownloadManager: in removeSpuriousFiles, preserving file /data/data/com.android.providers.downloads/cache/metadata-492.htm
07-05 13:07:09.856   545 28803 I DownloadManager: in removeSpuriousFiles, preserving file /data/data/com.android.providers.downloads/cache/metadata-466.htm
07-05 13:07:09.856   545 28803 I DownloadManager: in removeSpuriousFiles, preserving file /data/data/com.android.providers.downloads/cache/metadata-173.htm
07-05 13:07:09.856   545 28803 I DownloadManager: in removeSpuriousFiles, preserving file /data/data/com.android.providers.downloads/cache/metadata-167.htm
07-05 13:07:09.856   545 28803 I DownloadManager: in removeSpuriousFiles, preserving file /data/data/com.android.providers.downloads/cache/metadata-69.htm
07-05 13:07:09.856   545 28803 I DownloadManager: in removeSpuriousFiles, preserving file /data/data/com.android.providers.downloads/cache/metadata-366.htm
07-05 13:07:09.856   545 28803 I DownloadManager: in removeSpuriousFiles, preserving file /data/data/com.android.providers.downloads/cache/metadata-86.htm
07-05 13:07:09.856   545 28803 I DownloadManager: in removeSpuriousFiles, preserving file /data/data/com.android.providers.downloads/cache/metadata-807.htm
07-05 13:07:09.856   545 28803 I DownloadManager: in removeSpuriousFiles, preserving file /data/data/com.android.providers.downloads/cache/metadata-509.htm
07-05 13:07:09.856   545 28803 I DownloadManager: in removeSpuriousFiles, preserving file /data/data/com.android.providers.downloads/cache/metadata-308.htm
07-05 13:07:09.856   545 28803 I DownloadManager: in removeSpuriousFiles, preserving file /data/data/com.android.providers.downloads/cache/metadata-177.htm
07-05 13:07:09.856   545 28803 I DownloadManager: in removeSpuriousFiles, preserving file /data/data/com.android.providers.downloads/cache/metadata-447.htm
07-05 13:07:09.856   545 28803 I DownloadManager: in removeSpuriousFiles, preserving file /data/data/com.android.providers.downloads/cache/metadata-538.htm
07-05 13:07:09.856   545 28803 I DownloadManager: in removeSpuriousFiles, preserving file /data/data/com.android.providers.downloads/cache/metadata-611.htm
07-05 13:07:09.856   545 28803 I DownloadManager: in removeSpuriousFiles, preserving file /data/data/com.android.providers.downloads/cache/metadata-1344.htm
07-05 13:07:09.856   545 28803 I DownloadManager: in removeSpuriousFiles, preserving file /data/data/com.android.providers.downloads/cache/metadata-293.htm
07-05 13:07:09.856   545 28803 I DownloadManager: in removeSpuriousFiles, preserving file /data/data/com.android.providers.downloads/cache/metadata-967.htm
07-05 13:07:09.856   545 28803 I DownloadManager: in removeSpuriousFiles, preserving file /data/data/com.android.providers.downloads/cache/metadata-1057.htm
07-05 13:07:09.856   545 28803 I DownloadManager: in removeSpuriousFiles, preserving file /data/data/com.android.providers.downloads/cache/metadata-499.htm
07-05 13:07:09.856   545 28803 I DownloadManager: in removeSpuriousFiles, preserving file /data/data/com.android.providers.downloads/cache/metadata-822.htm
07-05 13:07:09.856   545 28803 I DownloadManager: in removeSpuriousFiles, preserving file /data/data/com.android.providers.downloads/cache/metadata-1133.htm
07-05 13:07:09.856   545 28803 I DownloadManager: in removeSpuriousFiles, preserving file /data/data/com.android.providers.downloads/cache/metadata-448.htm
07-05 13:07:09.856   545 28803 I DownloadManager: in removeSpuriousFiles, preserving file /data/data/com.android.providers.downloads/cache/metadata-1263.htm
07-05 13:07:09.856   545 28803 I DownloadManager: in removeSpuriousFiles, preserving file /data/data/com.android.providers.downloads/cache/metadata-412.htm
07-05 13:07:09.856   545 28803 I DownloadManager: in removeSpuriousFiles, preserving file /data/data/com.android.providers.downloads/cache/metadata-423.htm
07-05 13:07:09.856   545 28803 I DownloadManager: in removeSpuriousFiles, preserving file /data/data/com.android.providers.downloads/cache/metadata-559.htm
07-05 13:07:09.856   545 28803 I DownloadManager: in removeSpuriousFiles, preserving file /data/data/com.android.providers.downloads/cache/metadata-2375.htm
07-05 13:07:09.856   545 28803 I DownloadManager: in removeSpuriousFiles, preserving file /data/data/com.android.providers.downloads/cache/metadata-1244.htm
07-05 13:07:09.860   545 28803 I DownloadManager: in removeSpuriousFiles, preserving file /data/data/com.android.providers.downloads/cache/metadata-1276.htm
07-05 13:07:09.860   545 28803 I DownloadManager: in removeSpuriousFiles, preserving file /data/data/com.android.providers.downloads/cache/metadata-346.htm
07-05 13:07:09.860   545 28803 I DownloadManager: in removeSpuriousFiles, preserving file /data/data/com.android.providers.downloads/cache/metadata-2386.htm
07-05 13:07:09.860   545 28803 I DownloadManager: in removeSpuriousFiles, preserving file /data/data/com.android.providers.downloads/cache/metadata-1012.htm
07-05 13:07:09.860   545 28803 I DownloadManager: in removeSpuriousFiles, preserving file /data/data/com.android.providers.downloads/cache/metadata-1360.htm
07-05 13:07:09.860   545 28803 I DownloadManager: in removeSpuriousFiles, preserving file /data/data/com.android.providers.downloads/cache/metadata-2108.htm
07-05 13:07:09.860   545 28803 I DownloadManager: in removeSpuriousFiles, preserving file /data/data/com.android.providers.downloads/cache/metadata-1006.htm
07-05 13:07:09.860   545 28803 I DownloadManager: in removeSpuriousFiles, preserving file /data/data/com.android.providers.downloads/cache/metadata-1107.htm
07-05 13:07:09.860   545 28803 I DownloadManager: in removeSpuriousFiles, preserving file /data/data/com.android.providers.downloads/cache/metadata-1108.htm
07-05 13:07:09.860   545 28803 I DownloadManager: in removeSpuriousFiles, preserving file /data/data/com.android.providers.downloads/cache/metadata-420.htm
07-05 13:07:09.860   545 28803 I DownloadManager: in removeSpuriousFiles, preserving file /data/data/com.android.providers.downloads/cache/metadata-1201.htm
07-05 13:07:09.860   545 28803 I DownloadManager: in removeSpuriousFiles, preserving file /data/data/com.android.providers.downloads/cache/metadata-961.htm
07-05 13:07:09.860   545 28803 I DownloadManager: in removeSpuriousFiles, preserving file /data/data/com.android.providers.downloads/cache/metadata-84.htm
07-05 13:07:09.860   545 28803 I DownloadManager: in removeSpuriousFiles, preserving file /data/data/com.android.providers.downloads/cache/metadata-376.htm
07-05 13:07:09.860   545 28803 I DownloadManager: in removeSpuriousFiles, preserving file /data/data/com.android.providers.downloads/cache/metadata-987.htm
07-05 13:07:09.860   545 28803 I DownloadManager: in removeSpuriousFiles, preserving file /data/data/com.android.providers.downloads/cache/metadata-1448.htm
07-05 13:07:09.860   545 28803 I DownloadManager: in removeSpuriousFiles, preserving file /data/data/com.android.providers.downloads/cache/metadata-892.htm
07-05 13:07:09.860   545 28803 I DownloadManager: in removeSpuriousFiles, preserving file /data/data/com.android.providers.downloads/cache/metadata-1173.htm
07-05 13:07:09.860   545 28803 I DownloadManager: in removeSpuriousFiles, preserving file /data/data/com.android.providers.downloads/cache/metadata-692.htm
07-05 13:07:09.860   545 28803 I DownloadManager: in removeSpuriousFiles, preserving file /data/data/com.android.providers.downloads/cache/metadata-2462.htm
07-05 13:07:09.860   545 28803 I DownloadManager: in removeSpuriousFiles, preserving file /data/data/com.android.providers.downloads/cache/metadata-1442.htm
07-05 13:07:09.860   545 28803 I DownloadManager: in removeSpuriousFiles, preserving file /data/data/com.android.providers.downloads/cache/metadata-1306.htm
07-05 13:07:09.860   545 28803 I DownloadManager: in removeSpuriousFiles, preserving file /data/data/com.android.providers.downloads/cache/metadata-1586.htm
07-05 13:07:09.860   545 28803 I DownloadManager: in removeSpuriousFiles, preserving file /data/data/com.android.providers.downloads/cache/metadata-2032.htm
07-05 13:07:09.860   545 28803 I DownloadManager: in removeSpuriousFiles, preserving file /data/data/com.android.providers.downloads/cache/metadata-1778.htm
07-05 13:07:09.860   545 28803 I DownloadManager: in removeSpuriousFiles, preserving file /data/data/com.android.providers.downloads/cache/metadata-2270.htm
07-05 13:07:09.860   545 28803 I DownloadManager: in removeSpuriousFiles, preserving file /data/data/com.android.providers.downloads/cache/metadata-1497.htm
07-05 13:07:09.860   545 28803 I DownloadManager: in removeSpuriousFiles, preserving file /data/data/com.android.providers.downloads/cache/metadata-1610.htm
07-05 13:07:09.860   545 28803 I DownloadManager: in removeSpuriousFiles, preserving file /data/data/com.android.providers.downloads/cache/metadata-1248.htm
07-05 13:07:09.860   545 28803 I DownloadManager: in removeSpuriousFiles, preserving file /data/data/com.android.providers.downloads/cache/metadata-1651.htm
07-05 13:07:09.860   545 28803 I DownloadManager: in removeSpuriousFiles, preserving file /data/data/com.android.providers.downloads/cache/metadata-1322.htm
07-05 13:07:09.860   545 28803 I DownloadManager: in removeSpuriousFiles, preserving file /data/data/com.android.providers.downloads/cache/metadata-541.htm
07-05 13:07:09.860   545 28803 I DownloadManager: in removeSpuriousFiles, preserving file /data/data/com.android.providers.downloads/cache/metadata-667.htm
07-05 13:07:09.860   545 28803 I DownloadManager: in removeSpuriousFiles, preserving file /data/data/com.android.providers.downloads/cache/metadata-1495.htm
07-05 13:07:09.860   545 28803 I DownloadManager: in removeSpuriousFiles, preserving file /data/data/com.android.providers.downloads/cache/metadata-1015.htm
07-05 13:07:09.860   545 28803 I DownloadManager: in removeSpuriousFiles, preserving file /data/data/com.android.providers.downloads/cache/metadata-779.htm
07-05 13:07:09.860   545 28803 I DownloadManager: in removeSpuriousFiles, preserving file /data/data/com.android.providers.downloads/cache/metadata-485.htm
07-05 13:07:09.863   545 28803 I DownloadManager: in removeSpuriousFiles, preserving file /data/data/com.android.providers.downloads/cache/metadata-1094.htm
07-05 13:07:09.863   545 28803 I DownloadManager: in removeSpuriousFiles, preserving file /data/data/com.android.providers.downloads/cache/metadata-396.htm
07-05 13:07:09.863   545 28803 I DownloadManager: in removeSpuriousFiles, preserving file /data/data/com.android.providers.downloads/cache/metadata-1825.htm
07-05 13:07:09.863   545 28803 I DownloadManager: in removeSpuriousFiles, preserving file /data/data/com.android.providers.downloads/cache/metadata-736.htm
07-05 13:07:09.863   545 28803 I DownloadManager: in removeSpuriousFiles, preserving file /data/data/com.android.providers.downloads/cache/metadata-966.htm
07-05 13:07:09.863   545 28803 I DownloadManager: in removeSpuriousFiles, preserving file /data/data/com.android.providers.downloads/cache/metadata-1085.htm
07-05 13:07:09.863   545 28803 I DownloadManager: in removeSpuriousFiles, preserving file /data/data/com.android.providers.downloads/cache/metadata-600.htm
07-05 13:07:09.863   545 28803 I DownloadManager: in removeSpuriousFiles, preserving file /data/data/com.android.providers.downloads/cache/metadata-1416.htm
07-05 13:07:09.863   545 28803 I DownloadManager: in removeSpuriousFiles, preserving file /data/data/com.android.providers.downloads/cache/metadata-2207.htm
07-05 13:07:09.863   545 28803 I DownloadManager: in removeSpuriousFiles, preserving file /data/data/com.android.providers.downloads/cache/metadata-98.htm
07-05 13:07:09.863   545 28803 I DownloadManager: in removeSpuriousFiles, preserving file /data/data/com.android.providers.downloads/cache/metadata-2465.htm
07-05 13:07:09.863   545 28803 I DownloadManager: in removeSpuriousFiles, preserving file /data/data/com.android.providers.downloads/cache/metadata-639.htm
07-05 13:07:09.863   545 28803 I DownloadManager: in removeSpuriousFiles, preserving file /data/data/com.android.providers.downloads/cache/metadata-1463.htm
07-05 13:07:09.863   545 28803 I DownloadManager: in removeSpuriousFiles, preserving file /data/data/com.android.providers.downloads/cache/metadata-554.htm
07-05 13:07:09.863   545 28803 I DownloadManager: in removeSpuriousFiles, preserving file /data/data/com.android.providers.downloads/cache/metadata-821.htm
07-05 13:07:09.863   545 28803 I DownloadManager: in removeSpuriousFiles, preserving file /data/data/com.android.providers.downloads/cache/metadata-2276.htm
07-05 13:07:09.863   545 28803 I DownloadManager: in removeSpuriousFiles, preserving file /data/data/com.android.providers.downloads/cache/metadata-1303.htm
07-05 13:07:09.863   545 28803 I DownloadManager: in removeSpuriousFiles, preserving file /data/data/com.android.providers.downloads/cache/metadata-1493.htm
07-05 13:07:09.863   545 28803 I DownloadManager: in removeSpuriousFiles, preserving file /data/data/com.android.providers.downloads/cache/metadata-1302.htm
07-05 13:07:09.863   545 28803 I DownloadManager: in removeSpuriousFiles, preserving file /data/data/com.android.providers.downloads/cache/metadata-881.htm
07-05 13:07:09.863   545 28803 I DownloadManager: in removeSpuriousFiles, preserving file /data/data/com.android.providers.downloads/cache/metadata-869.htm
07-05 13:07:09.863   545 28803 I DownloadManager: in removeSpuriousFiles, preserving file /data/data/com.android.providers.downloads/cache/metadata-648.htm
07-05 13:07:09.863   545 28803 I DownloadManager: in removeSpuriousFiles, preserving file /data/data/com.android.providers.downloads/cache/metadata-532.htm
07-05 13:07:09.863   545 28803 I DownloadManager: deleting spurious file /cache/dalvik-cache
07-05 13:07:09.863   545 28803 I DownloadManager: deleting spurious file /data/data/com.android.providers.downloads/cache/metadata-4.htm
07-05 13:07:09.867   545 28803 I DownloadManager: deleting spurious file /data/data/com.android.providers.downloads/cache/metadata-10.htm
07-05 13:07:09.867   545 28803 I DownloadManager: deleting spurious file /data/data/com.android.providers.downloads/cache/metadata-379.htm
07-05 13:07:09.867   545 28803 I DownloadManager: deleting spurious file /data/data/com.android.providers.downloads/cache/metadata-31.htm
07-05 13:07:09.867   545 28803 I DownloadManager: deleting spurious file /data/data/com.android.providers.downloads/cache/metadata-470.htm
07-05 13:07:09.867   545 28803 I DownloadManager: deleting spurious file /data/data/com.android.providers.downloads/cache/metadata-342.htm
07-05 13:07:09.867   545 28803 I DownloadManager: deleting spurious file /data/data/com.android.providers.downloads/cache/metadata-109.htm
07-05 13:07:09.867   545 28803 I DownloadManager: deleting spurious file /data/data/com.android.providers.downloads/cache/metadata-475.htm
07-05 13:07:09.867   545 28803 I DownloadManager: deleting spurious file /data/data/com.android.providers.downloads/cache/metadata-675.htm
07-05 13:07:09.867   545 28803 I DownloadManager: deleting spurious file /data/data/com.android.providers.downloads/cache/metadata-519.htm
07-05 13:07:09.867   545 28803 I DownloadManager: deleting spurious file /data/data/com.android.providers.downloads/cache/metadata-581.htm
07-05 13:07:09.867   545 28803 I DownloadManager: deleting spurious file /data/data/com.android.providers.downloads/cache/metadata-106.htm
07-05 13:07:09.867   545 28803 I DownloadManager: deleting spurious file /data/data/com.android.providers.downloads/cache/metadata-490.htm
07-05 13:07:09.867   545 28803 I DownloadManager: deleting spurious file /data/data/com.android.providers.downloads/cache/metadata-484.htm
07-05 13:07:09.867   545 28803 I DownloadManager: deleting spurious file /data/data/com.android.providers.downloads/cache/metadata-1169.htm
07-05 13:07:09.867   545 28803 I DownloadManager: deleting spurious file /data/data/com.android.providers.downloads/cache/metadata-817.htm
07-05 13:07:09.867   545 28803 I DownloadManager: deleting spurious file /data/data/com.android.providers.downloads/cache/metadata-95.htm
07-05 13:07:09.867   545 28803 I DownloadManager: deleting spurious file /data/data/com.android.providers.downloads/cache/metadata-309.htm
07-05 13:07:09.867   545 28803 I DownloadManager: deleting spurious file /data/data/com.android.providers.downloads/cache/metadata-506.htm
07-05 13:07:09.867   545 28803 I DownloadManager: deleting spurious file /data/data/com.android.providers.downloads/cache/metadata-454.htm
07-05 13:07:09.867   545 28803 I DownloadManager: deleting spurious file /data/data/com.android.providers.downloads/cache/metadata-809.htm
07-05 13:07:09.867   545 28803 I DownloadManager: deleting spurious file /data/data/com.android.providers.downloads/cache/metadata-166.htm
07-05 13:07:09.867   545 28803 I DownloadManager: deleting spurious file /data/data/com.android.providers.downloads/cache/metadata-282.htm
07-05 13:07:09.867   545 28803 I DownloadManager: deleting spurious file /data/data/com.android.providers.downloads/cache/metadata-91.htm
07-05 13:07:09.871   545 28803 I DownloadManager: deleting spurious file /data/data/com.android.providers.downloads/cache/metadata-391.htm
07-05 13:07:09.871   545 28803 I DownloadManager: deleting spurious file /data/data/com.android.providers.downloads/cache/metadata-425.htm
07-05 13:07:09.871   545 28803 I DownloadManager: deleting spurious file /data/data/com.android.providers.downloads/cache/metadata-378.htm
07-05 13:07:09.871   545 28803 I DownloadManager: deleting spurious file /data/data/com.android.providers.downloads/cache/metadata-477.htm
07-05 13:07:09.871   545 28803 I DownloadManager: deleting spurious file /data/data/com.android.providers.downloads/cache/metadata-433.htm
07-05 13:07:09.871   545 28803 I DownloadManager: deleting spurious file /data/data/com.android.providers.downloads/cache/metadata-542.htm
07-05 13:07:09.871   545 28803 I DownloadManager: deleting spurious file /data/data/com.android.providers.downloads/cache/metadata-449.htm
07-05 13:07:09.871   545 28803 I DownloadManager: deleting spurious file /data/data/com.android.providers.downloads/cache/metadata-279.htm
07-05 13:07:09.871   545 28803 I DownloadManager: deleting spurious file /data/data/com.android.providers.downloads/cache/metadata-526.htm
07-05 13:07:09.871   545 28803 I DownloadManager: deleting spurious file /data/data/com.android.providers.downloads/cache/metadata-337.htm
07-05 13:07:09.871   545 28803 I DownloadManager: deleting spurious file /data/data/com.android.providers.downloads/cache/metadata-1069.htm
07-05 13:07:09.871   545 28803 I DownloadManager: deleting spurious file /data/data/com.android.providers.downloads/cache/metadata-977.htm
07-05 13:07:09.871   545 28803 I DownloadManager: deleting spurious file /data/data/com.android.providers.downloads/cache/metadata-200.htm
07-05 13:07:09.871   545 28803 I DownloadManager: deleting spurious file /data/data/com.android.providers.downloads/cache/metadata-1551.htm
07-05 13:07:09.871   545 28803 I DownloadManager: deleting spurious file /data/data/com.android.providers.downloads/cache/metadata-531.htm
07-05 13:07:09.871   545 28803 I DownloadManager: deleting spurious file /data/data/com.android.providers.downloads/cache/metadata-512.htm
07-05 13:07:09.926   545 28803 D dalvikvm: GC_FOR_ALLOC freed 735K, 9% free 10770K/11719K, paused 24ms
07-05 13:07:09.926   545 28803 I DownloadManager: deleting spurious file /data/data/com.android.providers.downloads/cache/metadata-223.htm
07-05 13:07:09.938   545 28803 I DownloadManager: deleting spurious file /data/data/com.android.providers.downloads/cache/metadata-2340.htm
07-05 13:07:09.938   545 28803 I DownloadManager: deleting spurious file /data/data/com.android.providers.downloads/cache/metadata-393.htm
07-05 13:07:09.938   545 28803 I DownloadManager: deleting spurious file /data/data/com.android.providers.downloads/cache/metadata-1279.htm
07-05 13:07:09.938   545 28803 I DownloadManager: deleting spurious file /data/data/com.android.providers.downloads/cache/metadata-339.htm
07-05 13:07:09.938   545 28803 I DownloadManager: deleting spurious file /data/data/com.android.providers.downloads/cache/metadata-199.htm
07-05 13:07:09.938   545 28803 I DownloadManager: deleting spurious file /data/data/com.android.providers.downloads/cache/metadata-1432.htm
07-05 13:07:09.938   545 28803 I DownloadManager: deleting spurious file /data/data/com.android.providers.downloads/cache/metadata-549.htm
07-05 13:07:09.938   545 28803 I DownloadManager: deleting spurious file /data/data/com.android.providers.downloads/cache/metadata-997.htm
07-05 13:07:09.938   545 28803 I DownloadManager: deleting spurious file /data/data/com.android.providers.downloads/cache/metadata-431.htm
07-05 13:07:09.938   545 28803 I DownloadManager: deleting spurious file /data/data/com.android.providers.downloads/cache/metadata-624.htm
07-05 13:07:09.938   545 28803 I DownloadManager: deleting spurious file /data/data/com.android.providers.downloads/cache/metadata-225.htm
07-05 13:07:09.938   545 28803 I DownloadManager: deleting spurious file /data/data/com.android.providers.downloads/cache/metadata-253.htm
07-05 13:07:09.938   545 28803 I DownloadManager: deleting spurious file /data/data/com.android.providers.downloads/cache/metadata-760.htm
07-05 13:07:09.938   545 28803 I DownloadManager: deleting spurious file /data/data/com.android.providers.downloads/cache/metadata-352.htm
07-05 13:07:09.938   545 28803 I DownloadManager: deleting spurious file /data/data/com.android.providers.downloads/cache/metadata-487.htm
07-05 13:07:09.938   545 28803 I DownloadManager: deleting spurious file /data/data/com.android.providers.downloads/cache/metadata-1103.htm
07-05 13:07:09.938   545 28803 I DownloadManager: deleting spurious file /data/data/com.android.providers.downloads/cache/metadata-134.htm
07-05 13:07:09.938   545 28803 I DownloadManager: deleting spurious file /data/data/com.android.providers.downloads/cache/metadata-1180.htm
07-05 13:07:09.938   545 28803 I DownloadManager: deleting spurious file /data/data/com.android.providers.downloads/cache/metadata-371.htm
07-05 13:07:09.938   545 28803 I DownloadManager: deleting spurious file /data/data/com.android.providers.downloads/cache/metadata-588.htm
07-05 13:07:09.942   545 28803 I DownloadManager: deleting spurious file /data/data/com.android.providers.downloads/cache/metadata-517.htm
07-05 13:07:09.942   545 28803 I DownloadManager: deleting spurious file /data/data/com.android.providers.downloads/cache/metadata-804.htm
07-05 13:07:09.942   545 28803 I DownloadManager: deleting spurious file /data/data/com.android.providers.downloads/cache/metadata-680.htm
07-05 13:07:09.942   545 28803 I DownloadManager: deleting spurious file /data/data/com.android.providers.downloads/cache/metadata-528.htm
07-05 13:07:09.942   545 28803 I DownloadManager: deleting spurious file /data/data/com.android.providers.downloads/cache/metadata-491.htm
07-05 13:07:09.942   545 28803 I DownloadManager: deleting spurious file /data/data/com.android.providers.downloads/cache/metadata-1070.htm
07-05 13:07:09.942   545 28803 I DownloadManager: deleting spurious file /data/data/com.android.providers.downloads/cache/metadata-527.htm
07-05 13:07:09.942   545 28803 I DownloadManager: deleting spurious file /data/data/com.android.providers.downloads/cache/metadata-1949.htm
07-05 13:07:09.942   545 28803 I DownloadManager: deleting spurious file /data/data/com.android.providers.downloads/cache/metadata-2528.htm
07-05 13:07:09.942   545 28803 I DownloadManager: deleting spurious file /data/data/com.android.providers.downloads/cache/metadata-2373.htm
07-05 13:07:09.942   545 28803 I DownloadManager: deleting spurious file /data/data/com.android.providers.downloads/cache/metadata-1019.htm
07-05 13:07:09.942   545 28803 I DownloadManager: deleting spurious file /data/data/com.android.providers.downloads/cache/metadata-1587.htm
07-05 13:07:09.942   545 28803 I DownloadManager: deleting spurious file /data/data/com.android.providers.downloads/cache/metadata-1370.htm
07-05 13:07:09.942   545 28803 I DownloadManager: deleting spurious file /data/data/com.android.providers.downloads/cache/metadata-1567.htm
07-05 13:07:09.942   545 28803 I DownloadManager: deleting spurious file /data/data/com.android.providers.downloads/cache/metadata-1940.htm
07-05 13:07:09.942   545 28803 I DownloadManager: deleting spurious file /data/data/com.android.providers.downloads/cache/metadata-1409.htm
07-05 13:07:09.942   545 28803 I DownloadManager: deleting spurious file /data/data/com.android.providers.downloads/cache/metadata-788.htm
07-05 13:07:09.942   545 28803 I DownloadManager: deleting spurious file /data/data/com.android.providers.downloads/cache/metadata-1426.htm
07-05 13:07:09.942   545 28803 I DownloadManager: deleting spurious file /data/data/com.android.providers.downloads/cache/metadata-652.htm
07-05 13:07:09.942   545 28803 I DownloadManager: deleting spurious file /data/data/com.android.providers.downloads/cache/metadata-2256.htm
07-05 13:07:09.942   545 28803 I DownloadManager: deleting spurious file /data/data/com.android.providers.downloads/cache/metadata-958.htm
07-05 13:07:09.942   545 28803 I DownloadManager: deleting spurious file /data/data/com.android.providers.downloads/cache/metadata-2016.htm
07-05 13:07:09.942   545 28803 I DownloadManager: deleting spurious file /data/data/com.android.providers.downloads/cache/metadata-561.htm
07-05 13:07:09.942   545 28803 I DownloadManager: deleting spurious file /data/data/com.android.providers.downloads/cache/metadata-676.htm
07-05 13:07:09.942   545 28803 I DownloadManager: deleting spurious file /data/data/com.android.providers.downloads/cache/metadata-471.htm
07-05 13:07:09.942   545 28803 I DownloadManager: deleting spurious file /data/data/com.android.providers.downloads/cache/metadata-1384.htm
07-05 13:07:09.942   545 28803 I DownloadManager: deleting spurious file /data/data/com.android.providers.downloads/cache/metadata-1179.htm
07-05 13:07:09.942   545 28803 I DownloadManager: deleting spurious file /data/data/com.android.providers.downloads/cache/metadata-606.htm
07-05 13:07:09.946   545 28803 I DownloadManager: deleting spurious file /data/data/com.android.providers.downloads/cache/metadata-1982.htm
07-05 13:07:09.946   545 28803 I DownloadManager: deleting spurious file /data/data/com.android.providers.downloads/cache/metadata-562.htm
07-05 13:07:09.946   545 28803 I DownloadManager: deleting spurious file /data/data/com.android.providers.downloads/cache/metadata-1380.htm
07-05 13:07:09.946   545 28803 I DownloadManager: deleting spurious file /data/data/com.android.providers.downloads/cache/metadata-1571.htm
07-05 13:07:09.946   545 28803 I DownloadManager: deleting spurious file /data/data/com.android.providers.downloads/cache/metadata-1004.htm
07-05 13:07:09.946   545 28803 I DownloadManager: deleting spurious file /data/data/com.android.providers.downloads/cache/metadata-1646.htm
07-05 13:07:09.946   545 28803 I DownloadManager: deleting spurious file /data/data/com.android.providers.downloads/cache/metadata-2583.htm
07-05 13:07:09.946   545 28803 I DownloadManager: deleting spurious file /data/data/com.android.providers.downloads/cache/metadata-1250.htm
07-05 13:07:09.946   545 28803 I DownloadManager: deleting spurious file /data/data/com.android.providers.downloads/cache/metadata-1506.htm
07-05 13:07:09.946   545 28803 I DownloadManager: deleting spurious file /data/data/com.android.providers.downloads/cache/metadata-917.htm
07-05 13:07:09.946   545 28803 I DownloadManager: deleting spurious file /data/data/com.android.providers.downloads/cache/metadata-2413.htm
07-05 13:07:09.946   545 28803 I DownloadManager: deleting spurious file /data/data/com.android.providers.downloads/cache/metadata-1078.htm
07-05 13:07:09.946   545 28803 I DownloadManager: deleting spurious file /data/data/com.android.providers.downloads/cache/metadata-924.htm
07-05 13:07:09.949   545 28803 I DownloadManager: deleting spurious file /data/data/com.android.providers.downloads/cache/metadata-1079.htm
07-05 13:07:09.949   545 28803 I DownloadManager: deleting spurious file /data/data/com.android.providers.downloads/cache/metadata-610.htm
07-05 13:07:09.949   545 28803 I DownloadManager: deleting spurious file /data/data/com.android.providers.downloads/cache/metadata-545.htm
07-05 13:07:09.949   545 28803 I DownloadManager: deleting spurious file /data/data/com.android.providers.downloads/cache/metadata-577.htm
07-05 13:07:09.949   545 28803 I DownloadManager: deleting spurious file /data/data/com.android.providers.downloads/cache/metadata-1050.htm
07-05 13:07:09.949   545 28803 I DownloadManager: deleting spurious file /data/data/com.android.providers.downloads/cache/metadata-2092.htm
07-05 13:07:09.949   545 28803 I DownloadManager: deleting spurious file /data/data/com.android.providers.downloads/cache/metadata-560.htm
07-05 13:07:09.949   545 28803 I DownloadManager: deleting spurious file /data/data/com.android.providers.downloads/cache/metadata-1232.htm
07-05 13:07:09.949   545 28803 I DownloadManager: deleting spurious file /data/data/com.android.providers.downloads/cache/metadata-1501.htm
07-05 13:07:09.949   545 28803 I DownloadManager: deleting spurious file /data/data/com.android.providers.downloads/cache/metadata-130.htm
07-05 13:07:09.949   545 28803 I DownloadManager: deleting spurious file /data/data/com.android.providers.downloads/cache/metadata-775.htm
07-05 13:07:09.949   545 28803 I DownloadManager: deleting spurious file /data/data/com.android.providers.downloads/cache/metadata-1268.htm
07-05 13:07:09.949   545 28803 I DownloadManager: deleting spurious file /data/data/com.android.providers.downloads/cache/metadata-1317.htm
07-05 13:07:09.949   545 28803 I DownloadManager: deleting spurious file /data/data/com.android.providers.downloads/cache/metadata-2457.htm
07-05 13:07:09.949   545 28803 I DownloadManager: deleting spurious file /data/data/com.android.providers.downloads/cache/metadata-1751.htm
07-05 13:07:09.949   545 28803 I DownloadManager: deleting spurious file /data/data/com.android.providers.downloads/cache/metadata-1072.htm
07-05 13:07:09.949   545 28803 I DownloadManager: deleting spurious file /data/data/com.android.providers.downloads/cache/metadata-1880.htm
07-05 13:07:09.949   545 28803 I DownloadManager: deleting spurious file /data/data/com.android.providers.downloads/cache/metadata-1669.htm
07-05 13:07:10.211   545   548 D dalvikvm: GC_CONCURRENT freed 734K, 11% free 10510K/11719K, paused 3ms+2ms
07-05 13:07:12.332   545 28804 I DownloadManager: Initiating request for download 3403
07-05 13:07:12.395   545   548 D dalvikvm: GC_CONCURRENT freed 397K, 10% free 10570K/11719K, paused 2ms+4ms
07-05 13:07:12.516   545   548 D dalvikvm: GC_CONCURRENT freed 249K, 8% free 10787K/11719K, paused 2ms+3ms
07-05 13:07:12.664   545   548 D dalvikvm: GC_CONCURRENT freed 707K, 10% free 10552K/11719K, paused 2ms+3ms
07-05 13:07:12.844   545   548 D dalvikvm: GC_CONCURRENT freed 410K, 11% free 10537K/11719K, paused 2ms+2ms
07-05 13:07:13.074   545   548 D dalvikvm: GC_CONCURRENT freed 407K, 11% free 10545K/11719K, paused 2ms+2ms
07-05 13:07:13.371  1370 28806 E DictionaryProvider:UpdateHandler: Can't read a file : android.util.MalformedJsonException: Use JsonReader.setLenient(true) to accept malformed JSON at line 1 column 20
07-05 13:07:13.434   545   548 D dalvikvm: GC_CONCURRENT freed 413K, 11% free 10528K/11719K, paused 2ms+4ms
07-05 13:07:13.578   682   682 I GTalkService/c: [AndroidEndpoint@1095403848] connect: acct=1000001, state=CONNECTING
07-05 13:07:13.676   545   548 D dalvikvm: GC_CONCURRENT freed 419K, 11% free 10496K/11719K, paused 1ms+3ms
07-05 13:07:13.867   545   548 D dalvikvm: GC_CONCURRENT freed 417K, 11% free 10474K/11719K, paused 2ms+2ms
07-05 13:07:15.375   545   548 D dalvikvm: GC_CONCURRENT freed 371K, 11% free 10505K/11719K, paused 1ms+2ms
07-05 13:07:15.594   545   548 D dalvikvm: GC_CONCURRENT freed 419K, 11% free 10488K/11719K, paused 2ms+3ms
07-05 13:07:15.832   545   548 D dalvikvm: GC_CONCURRENT freed 414K, 11% free 10484K/11719K, paused 2ms+2ms
07-05 13:07:17.137   545 28809 I DownloadManager: Initiating request for download 3404
07-05 13:07:17.176   545   548 D dalvikvm: GC_CONCURRENT freed 419K, 11% free 10501K/11719K, paused 1ms+3ms
07-05 13:07:17.281   545   548 D dalvikvm: GC_CONCURRENT freed 229K, 9% free 10737K/11719K, paused 3ms+3ms
07-05 13:07:17.653   545 28614 D dalvikvm: GC_EXPLICIT freed 618K, 11% free 10520K/11719K, paused 16ms+3ms
07-05 13:07:17.992   545   548 D dalvikvm: GC_CONCURRENT freed 428K, 11% free 10497K/11719K, paused 2ms+3ms
07-05 13:07:18.051  1370 28811 E DictionaryProvider:UpdateHandler: Can't read a file : android.util.MalformedJsonException: Use JsonReader.setLenient(true) to accept malformed JSON at line 1 column 20
07-05 13:07:18.145  1370  1372 D dalvikvm: GC_CONCURRENT freed 414K, 7% free 9126K/9735K, paused 2ms+2ms
07-05 13:07:18.293   545   548 D dalvikvm: GC_CONCURRENT freed 410K, 11% free 10481K/11719K, paused 2ms+3ms
07-05 13:07:18.528   545   548 D dalvikvm: GC_CONCURRENT freed 417K, 11% free 10465K/11719K, paused 2ms+2ms
07-05 13:07:18.559   545 28814 I DownloadManager: Initiating request for download 3404
07-05 13:07:18.563   545 28814 W DownloadManager: Aborting request for download 3404: Trying to resume a download that can't be resumed
07-05 13:07:18.871   545   548 D dalvikvm: GC_CONCURRENT freed 406K, 11% free 10455K/11719K, paused 2ms+2ms
07-05 13:07:19.051   545   548 D dalvikvm: GC_CONCURRENT freed 423K, 12% free 10427K/11719K, paused 1ms+2ms
07-05 13:07:20.313   545 28817 I DownloadManager: Initiating request for download 3405
07-05 13:07:20.387   545   548 D dalvikvm: GC_CONCURRENT freed 381K, 11% free 10450K/11719K, paused 1ms+3ms
07-05 13:07:20.496   545   548 D dalvikvm: GC_CONCURRENT freed 215K, 9% free 10670K/11719K, paused 2ms+3ms
07-05 13:07:20.656   545   548 D dalvikvm: GC_CONCURRENT freed 637K, 11% free 10474K/11719K, paused 2ms+3ms
07-05 13:07:20.895   545   548 D dalvikvm: GC_CONCURRENT freed 445K, 11% free 10437K/11719K, paused 2ms+3ms
07-05 13:07:21.000  1370 28819 E DictionaryProvider:UpdateHandler: Can't read a file : android.util.MalformedJsonException: Use JsonReader.setLenient(true) to accept malformed JSON at line 1 column 20
07-05 13:07:21.164   545   548 D dalvikvm: GC_CONCURRENT freed 417K, 12% free 10430K/11719K, paused 2ms+3ms
07-05 13:07:21.297   545 28822 I DownloadManager: Initiating request for download 3405
07-05 13:07:21.438   545   548 D dalvikvm: GC_CONCURRENT freed 343K, 11% free 10497K/11719K, paused 4ms+3ms
07-05 13:07:21.524   545   548 D dalvikvm: GC_CONCURRENT freed 245K, 9% free 10686K/11719K, paused 2ms+3ms
07-05 13:07:22.711   545   548 D dalvikvm: GC_CONCURRENT freed 666K, 11% free 10464K/11719K, paused 2ms+3ms
07-05 13:07:22.926   545   548 D dalvikvm: GC_CONCURRENT freed 447K, 12% free 10413K/11719K, paused 1ms+2ms
07-05 13:07:23.117   545   548 D dalvikvm: GC_CONCURRENT freed 419K, 12% free 10389K/11719K, paused 2ms+2ms
07-05 13:07:23.207   545 28825 I DownloadManager: Initiating request for download 3406
07-05 13:07:23.309   545   548 D dalvikvm: GC_CONCURRENT freed 260K, 10% free 10582K/11719K, paused 1ms+2ms
07-05 13:07:23.410   545   548 D dalvikvm: GC_CONCURRENT freed 287K, 9% free 10735K/11719K, paused 2ms+2ms
07-05 13:07:23.571  1370 28827 E DictionaryProvider:UpdateHandler: Can't read a file : android.util.MalformedJsonException: Use JsonReader.setLenient(true) to accept malformed JSON at line 1 column 20
07-05 13:07:23.656   545   548 D dalvikvm: GC_CONCURRENT freed 785K, 12% free 10402K/11719K, paused 2ms+3ms
07-05 13:07:23.840   545   548 D dalvikvm: GC_CONCURRENT freed 427K, 12% free 10370K/11719K, paused 1ms+2ms
07-05 13:07:23.934   545 28830 I DownloadManager: Initiating request for download 3406
07-05 13:07:24.016   545   548 D dalvikvm: GC_CONCURRENT freed 284K, 11% free 10544K/11719K, paused 2ms+2ms
07-05 13:07:24.121   545   548 D dalvikvm: GC_CONCURRENT freed 302K, 9% free 10715K/11719K, paused 2ms+3ms
07-05 13:07:24.293   545   548 D dalvikvm: GC_CONCURRENT freed 744K, 12% free 10422K/11719K, paused 1ms+2ms
07-05 13:07:24.492   545   548 D dalvikvm: GC_CONCURRENT freed 443K, 12% free 10374K/11719K, paused 2ms+2ms
07-05 13:07:24.633   545 28833 I DownloadManager: Initiating request for download 3407
07-05 13:07:24.711   545   548 D dalvikvm: GC_CONCURRENT freed 304K, 11% free 10515K/11719K, paused 2ms+3ms
07-05 13:07:24.813   545   548 D dalvikvm: GC_CONCURRENT freed 288K, 9% free 10707K/11719K, paused 2ms+3ms
07-05 13:07:24.981   545   548 D dalvikvm: GC_CONCURRENT freed 729K, 12% free 10426K/11719K, paused 2ms+2ms
07-05 13:07:25.035  1370 28835 E DictionaryProvider:UpdateHandler: Can't read a file : android.util.MalformedJsonException: Use JsonReader.setLenient(true) to accept malformed JSON at line 1 column 20
07-05 13:07:25.117   465   467 D dalvikvm: GC_CONCURRENT freed 417K, 5% free 10540K/11079K, paused 2ms+3ms
07-05 13:07:25.242   545   548 D dalvikvm: GC_CONCURRENT freed 436K, 12% free 10384K/11719K, paused 2ms+2ms
07-05 13:07:25.391   545 28838 I DownloadManager: Initiating request for download 3407
07-05 13:07:25.418   545   548 D dalvikvm: GC_CONCURRENT freed 385K, 12% free 10405K/11719K, paused 2ms+3ms
07-05 13:07:25.539   545   548 D dalvikvm: GC_CONCURRENT freed 230K, 10% free 10658K/11719K, paused 2ms+3ms
07-05 13:07:25.664   545   548 D dalvikvm: GC_CONCURRENT freed 653K, 11% free 10435K/11719K, paused 2ms+2ms
07-05 13:07:25.867   545   548 D dalvikvm: GC_CONCURRENT freed 447K, 12% free 10383K/11719K, paused 2ms+3ms
07-05 13:07:26.047   545   548 D dalvikvm: GC_CONCURRENT freed 413K, 12% free 10365K/11719K, paused 2ms+2ms
07-05 13:07:26.133   545 28841 I DownloadManager: Initiating request for download 3408
07-05 13:07:26.235   545   548 D dalvikvm: GC_CONCURRENT freed 218K, 10% free 10607K/11719K, paused 1ms+2ms
07-05 13:07:26.336   545   548 D dalvikvm: GC_CONCURRENT freed 395K, 10% free 10642K/11719K, paused 2ms+3ms
07-05 13:07:26.504  1370 28843 E DictionaryProvider:UpdateHandler: Can't read a file : android.util.MalformedJsonException: Use JsonReader.setLenient(true) to accept malformed JSON at line 1 column 20
07-05 13:07:26.547   545   548 D dalvikvm: GC_CONCURRENT freed 675K, 12% free 10404K/11719K, paused 2ms+3ms
07-05 13:07:26.610  1370  1372 D dalvikvm: GC_CONCURRENT freed 363K, 6% free 9152K/9735K, paused 2ms+2ms
07-05 13:07:26.766   545   548 D dalvikvm: GC_CONCURRENT freed 429K, 12% free 10371K/11719K, paused 2ms+2ms
07-05 13:07:26.856   545 28846 I DownloadManager: Initiating request for download 3408
07-05 13:07:26.942   545   548 D dalvikvm: GC_CONCURRENT freed 275K, 10% free 10554K/11719K, paused 1ms+3ms
07-05 13:07:27.039   545   548 D dalvikvm: GC_CONCURRENT freed 306K, 9% free 10721K/11719K, paused 2ms+3ms
07-05 13:07:27.223   545   548 D dalvikvm: GC_CONCURRENT freed 777K, 12% free 10395K/11719K, paused 2ms+2ms
07-05 13:07:27.422   545   548 D dalvikvm: GC_CONCURRENT freed 402K, 12% free 10381K/11719K, paused 2ms+2ms
07-05 13:07:27.574   545 28849 I DownloadManager: Initiating request for download 3409
07-05 13:07:27.653   545   548 D dalvikvm: GC_CONCURRENT freed 313K, 11% free 10519K/11719K, paused 2ms+3ms
07-05 13:07:27.750   545   548 D dalvikvm: GC_CONCURRENT freed 288K, 9% free 10703K/11719K, paused 2ms+4ms
07-05 13:07:27.926   545   548 D dalvikvm: GC_CONCURRENT freed 718K, 11% free 10431K/11719K, paused 2ms+3ms
07-05 13:07:27.992  1370 28851 E DictionaryProvider:UpdateHandler: Can't read a file : android.util.MalformedJsonException: Use JsonReader.setLenient(true) to accept malformed JSON at line 1 column 20
07-05 13:07:28.172   545   548 D dalvikvm: GC_CONCURRENT freed 437K, 12% free 10390K/11719K, paused 2ms+2ms
07-05 13:07:28.363   545   548 D dalvikvm: GC_CONCURRENT freed 397K, 12% free 10404K/11719K, paused 1ms+3ms
07-05 13:07:28.383   545 28854 I DownloadManager: Initiating request for download 3409
07-05 13:07:28.559   545   548 D dalvikvm: GC_CONCURRENT freed 298K, 10% free 10574K/11719K, paused 2ms+3ms
07-05 13:07:28.653   545   548 D dalvikvm: GC_CONCURRENT freed 310K, 9% free 10731K/11719K, paused 2ms+3ms
07-05 13:07:28.867   545   548 D dalvikvm: GC_CONCURRENT freed 795K, 12% free 10389K/11719K, paused 2ms+2ms
07-05 13:07:29.039   545   548 D dalvikvm: GC_CONCURRENT freed 413K, 12% free 10369K/11719K, paused 2ms+2ms
07-05 13:07:29.090   545 28857 I DownloadManager: Initiating request for download 3410
07-05 13:07:29.207   545   548 D dalvikvm: GC_CONCURRENT freed 188K, 10% free 10640K/11719K, paused 2ms+3ms
07-05 13:07:29.317   545   548 D dalvikvm: GC_CONCURRENT freed 429K, 10% free 10653K/11719K, paused 2ms+3ms
07-05 13:07:29.465  1370 28859 E DictionaryProvider:UpdateHandler: Can't read a file : android.util.MalformedJsonException: Use JsonReader.setLenient(true) to accept malformed JSON at line 1 column 20
07-05 13:07:29.563   545   548 D dalvikvm: GC_CONCURRENT freed 673K, 12% free 10404K/11719K, paused 1ms+2ms
07-05 13:07:29.746   545   548 D dalvikvm: GC_CONCURRENT freed 421K, 12% free 10375K/11719K, paused 2ms+2ms
07-05 13:07:29.824   545 28862 I DownloadManager: Initiating request for download 3410
07-05 13:07:29.918   545   548 D dalvikvm: GC_CONCURRENT freed 251K, 10% free 10577K/11719K, paused 2ms+3ms
07-05 13:07:30.016   545   548 D dalvikvm: GC_CONCURRENT freed 319K, 9% free 10738K/11719K, paused 2ms+3ms
07-05 13:07:30.242   545   548 D dalvikvm: GC_CONCURRENT freed 795K, 12% free 10399K/11719K, paused 1ms+3ms
07-05 13:07:30.410   545   548 D dalvikvm: GC_CONCURRENT freed 405K, 12% free 10381K/11719K, paused 2ms+2ms
07-05 13:07:30.543   545 28865 I DownloadManager: Initiating request for download 3411
07-05 13:07:30.633   545   548 D dalvikvm: GC_CONCURRENT freed 269K, 10% free 10634K/11719K, paused 2ms+3ms
07-05 13:07:30.735   545   548 D dalvikvm: GC_CONCURRENT freed 346K, 9% free 10745K/11719K, paused 2ms+3ms
07-05 13:07:30.973   156   594 D dalvikvm: GC_EXPLICIT freed 716K, 13% free 14078K/16007K, paused 2ms+5ms
07-05 13:07:30.977  1370 28867 E DictionaryProvider:UpdateHandler: Can't read a file : android.util.MalformedJsonException: Use JsonReader.setLenient(true) to accept malformed JSON at line 1 column 20
07-05 13:07:31.059   545   548 D dalvikvm: GC_CONCURRENT freed 788K, 12% free 10411K/11719K, paused 2ms+3ms
07-05 13:07:31.231   545   548 D dalvikvm: GC_CONCURRENT freed 439K, 12% free 10368K/11719K, paused 1ms+2ms
07-05 13:07:31.340   545 28870 I DownloadManager: Initiating request for download 3411
07-05 13:07:31.418   545   548 D dalvikvm: GC_CONCURRENT freed 278K, 11% free 10504K/11719K, paused 2ms+2ms
07-05 13:07:31.516   545   548 D dalvikvm: GC_CONCURRENT freed 288K, 9% free 10684K/11719K, paused 2ms+4ms
07-05 13:07:31.684   545   548 D dalvikvm: GC_CONCURRENT freed 701K, 12% free 10425K/11719K, paused 2ms+3ms
07-05 13:07:31.895   545   548 D dalvikvm: GC_CONCURRENT freed 445K, 12% free 10376K/11719K, paused 2ms+2ms
07-05 13:07:32.102   545   548 D dalvikvm: GC_CONCURRENT freed 398K, 12% free 10362K/11719K, paused 1ms+2ms
07-05 13:07:32.121   545 28873 I DownloadManager: Initiating request for download 3412
07-05 13:07:32.231   545   548 D dalvikvm: GC_CONCURRENT freed 188K, 10% free 10633K/11719K, paused 2ms+3ms
07-05 13:07:32.344   545   548 D dalvikvm: GC_CONCURRENT freed 415K, 10% free 10643K/11719K, paused 2ms+2ms
07-05 13:07:32.524  1370 28875 E DictionaryProvider:UpdateHandler: Can't read a file : android.util.MalformedJsonException: Use JsonReader.setLenient(true) to accept malformed JSON at line 1 column 20
07-05 13:07:32.602   545   548 D dalvikvm: GC_CONCURRENT freed 666K, 12% free 10397K/11719K, paused 3ms+2ms
07-05 13:07:32.781   545   548 D dalvikvm: GC_CONCURRENT freed 420K, 12% free 10365K/11719K, paused 2ms+3ms
07-05 13:07:32.879   545 28878 I DownloadManager: Initiating request for download 3412
07-05 13:07:32.957   545   548 D dalvikvm: GC_CONCURRENT freed 259K, 10% free 10567K/11719K, paused 2ms+3ms
07-05 13:07:33.059   545   548 D dalvikvm: GC_CONCURRENT freed 298K, 9% free 10733K/11719K, paused 2ms+3ms
07-05 13:07:33.266   545   548 D dalvikvm: GC_CONCURRENT freed 799K, 12% free 10391K/11719K, paused 2ms+2ms
07-05 13:07:33.477   545   548 D dalvikvm: GC_CONCURRENT freed 406K, 12% free 10373K/11719K, paused 2ms+3ms
07-05 13:07:33.621   545 28881 I DownloadManager: Initiating request for download 3413
07-05 13:07:33.699   545   548 D dalvikvm: GC_CONCURRENT freed 271K, 11% free 10518K/11719K, paused 2ms+2ms
07-05 13:07:33.809   545   548 D dalvikvm: GC_CONCURRENT freed 294K, 9% free 10781K/11719K, paused 2ms+3ms
07-05 13:07:34.004   545   548 D dalvikvm: GC_CONCURRENT freed 857K, 12% free 10394K/11719K, paused 2ms+2ms
07-05 13:07:34.047  1370 28883 E DictionaryProvider:UpdateHandler: Can't read a file : android.util.MalformedJsonException: Use JsonReader.setLenient(true) to accept malformed JSON at line 1 column 20
07-05 13:07:34.086  1370  1372 D dalvikvm: GC_CONCURRENT freed 469K, 7% free 9140K/9735K, paused 2ms+2ms
07-05 13:07:34.250   545   548 D dalvikvm: GC_CONCURRENT freed 406K, 12% free 10382K/11719K, paused 2ms+2ms
07-05 13:07:34.363   545 28886 I DownloadManager: Initiating request for download 3413
07-05 13:07:34.434   545   548 D dalvikvm: GC_CONCURRENT freed 310K, 11% free 10531K/11719K, paused 2ms+2ms
07-05 13:07:34.531   545   548 D dalvikvm: GC_CONCURRENT freed 299K, 9% free 10705K/11719K, paused 2ms+3ms
07-05 13:07:34.703   545   548 D dalvikvm: GC_CONCURRENT freed 726K, 11% free 10434K/11719K, paused 1ms+2ms
07-05 13:07:34.906   545   548 D dalvikvm: GC_CONCURRENT freed 447K, 12% free 10394K/11719K, paused 2ms+2ms
07-05 13:07:35.063   545 28889 I DownloadManager: Initiating request for download 3414
07-05 13:07:35.110   545   548 D dalvikvm: GC_CONCURRENT freed 372K, 12% free 10414K/11719K, paused 2ms+2ms
07-05 13:07:35.227   545   548 D dalvikvm: GC_CONCURRENT freed 237K, 9% free 10682K/11719K, paused 2ms+2ms
07-05 13:07:35.360   545   548 D dalvikvm: GC_CONCURRENT freed 676K, 11% free 10435K/11719K, paused 2ms+2ms
07-05 13:07:35.477  1370 28891 D dalvikvm: GC_EXPLICIT freed 116K, 7% free 9093K/9735K, paused 2ms+2ms
07-05 13:07:35.492  1370 28891 E DictionaryProvider:UpdateHandler: Can't read a file : android.util.MalformedJsonException: Use JsonReader.setLenient(true) to accept malformed JSON at line 1 column 20
07-05 13:07:35.629   545   548 D dalvikvm: GC_CONCURRENT freed 429K, 12% free 10394K/11719K, paused 2ms+3ms
07-05 13:07:35.821   545   548 D dalvikvm: GC_CONCURRENT freed 421K, 12% free 10375K/11719K, paused 2ms+2ms
07-05 13:07:35.871   545 28894 I DownloadManager: Initiating request for download 3414
07-05 13:07:35.961   545   548 D dalvikvm: GC_CONCURRENT freed 231K, 10% free 10603K/11719K, paused 2ms+3ms
07-05 13:07:36.067   545   548 D dalvikvm: GC_CONCURRENT freed 388K, 10% free 10648K/11719K, paused 2ms+3ms
07-05 13:07:36.278   545   548 D dalvikvm: GC_CONCURRENT freed 682K, 12% free 10392K/11719K, paused 1ms+2ms
07-05 13:07:36.481   545   548 D dalvikvm: GC_CONCURRENT freed 414K, 12% free 10373K/11719K, paused 2ms+3ms
07-05 13:07:36.606   545 28897 I DownloadManager: Initiating request for download 3415
07-05 13:07:36.684   545   548 D dalvikvm: GC_CONCURRENT freed 270K, 11% free 10547K/11719K, paused 2ms+3ms
07-05 13:07:36.785   545   548 D dalvikvm: GC_CONCURRENT freed 305K, 9% free 10715K/11719K, paused 2ms+3ms
07-05 13:07:36.957   545   548 D dalvikvm: GC_CONCURRENT freed 731K, 11% free 10433K/11719K, paused 1ms+2ms
07-05 13:07:37.020  1370 28899 E DictionaryProvider:UpdateHandler: Can't read a file : android.util.MalformedJsonException: Use JsonReader.setLenient(true) to accept malformed JSON at line 1 column 20
07-05 13:07:37.188   545   548 D dalvikvm: GC_CONCURRENT freed 436K, 12% free 10391K/11719K, paused 1ms+3ms
07-05 13:07:37.360   545 28902 I DownloadManager: Initiating request for download 3415
07-05 13:07:37.379   545   548 D dalvikvm: GC_CONCURRENT freed 379K, 12% free 10412K/11719K, paused 1ms+3ms
07-05 13:07:37.496   545   548 D dalvikvm: GC_CONCURRENT freed 214K, 10% free 10657K/11719K, paused 2ms+3ms
07-05 13:07:37.617   545   548 D dalvikvm: GC_CONCURRENT freed 447K, 10% free 10652K/11719K, paused 2ms+2ms
07-05 13:07:37.821   545   548 D dalvikvm: GC_CONCURRENT freed 654K, 12% free 10417K/11719K, paused 2ms+2ms
07-05 13:07:38.004   545   548 D dalvikvm: GC_CONCURRENT freed 433K, 12% free 10379K/11719K, paused 2ms+2ms
07-05 13:07:39.305   545 28905 I DownloadManager: Initiating request for download 3416
07-05 13:07:39.399   545   548 D dalvikvm: GC_CONCURRENT freed 201K, 10% free 10602K/11719K, paused 2ms+2ms
07-05 13:07:39.500   545   548 D dalvikvm: GC_CONCURRENT freed 284K, 9% free 10751K/11719K, paused 1ms+3ms
07-05 13:07:39.711  1370 28907 E DictionaryProvider:UpdateHandler: Can't read a file : android.util.MalformedJsonException: Use JsonReader.setLenient(true) to accept malformed JSON at line 1 column 20
07-05 13:07:39.738   545   548 D dalvikvm: GC_CONCURRENT freed 812K, 12% free 10418K/11719K, paused 2ms+3ms
07-05 13:07:39.934   545   548 D dalvikvm: GC_CONCURRENT freed 433K, 12% free 10380K/11719K, paused 2ms+3ms
07-05 13:07:40.039   545 28910 I DownloadManager: Initiating request for download 3416
07-05 13:07:40.117   545   548 D dalvikvm: GC_CONCURRENT freed 283K, 10% free 10555K/11719K, paused 1ms+2ms
07-05 13:07:40.215   545   548 D dalvikvm: GC_CONCURRENT freed 299K, 9% free 10739K/11719K, paused 2ms+3ms
07-05 13:07:40.395   545   548 D dalvikvm: GC_CONCURRENT freed 759K, 11% free 10436K/11719K, paused 1ms+2ms
07-05 13:07:40.574   545   548 D dalvikvm: GC_CONCURRENT freed 409K, 12% free 10421K/11719K, paused 2ms+2ms
07-05 13:07:40.758   545 28913 I DownloadManager: Initiating request for download 3417
07-05 13:07:40.821   545   548 D dalvikvm: GC_CONCURRENT freed 362K, 11% free 10453K/11719K, paused 2ms+2ms
07-05 13:07:40.926   545   548 D dalvikvm: GC_CONCURRENT freed 234K, 9% free 10669K/11719K, paused 2ms+2ms
07-05 13:07:41.035   545   548 D dalvikvm: GC_CONCURRENT freed 674K, 11% free 10442K/11719K, paused 2ms+2ms
07-05 13:07:41.168  1370 28915 E DictionaryProvider:UpdateHandler: Can't read a file : android.util.MalformedJsonException: Use JsonReader.setLenient(true) to accept malformed JSON at line 1 column 20
07-05 13:07:41.266   545   548 D dalvikvm: GC_CONCURRENT freed 425K, 12% free 10405K/11719K, paused 2ms+2ms
07-05 13:07:41.453   545   548 D dalvikvm: GC_CONCURRENT freed 420K, 12% free 10379K/11719K, paused 2ms+2ms
07-05 13:07:41.606   545 28918 D dalvikvm: GC_EXPLICIT freed 120K, 12% free 10412K/11719K, paused 2ms+7ms
07-05 13:07:41.613   545 28918 I DownloadManager: Initiating request for download 3417
07-05 13:07:41.715   545   548 D dalvikvm: GC_CONCURRENT freed 225K, 10% free 10662K/11719K, paused 2ms+3ms
07-05 13:07:41.836   545   548 D dalvikvm: GC_CONCURRENT freed 453K, 10% free 10656K/11719K, paused 2ms+3ms
07-05 13:07:42.063   545   548 D dalvikvm: GC_CONCURRENT freed 688K, 12% free 10396K/11719K, paused 1ms+3ms
07-05 13:07:42.250   545   548 D dalvikvm: GC_CONCURRENT freed 414K, 12% free 10377K/11719K, paused 2ms+2ms
07-05 13:07:42.324   545 28921 I DownloadManager: Initiating request for download 3418
07-05 13:07:42.426   545   548 D dalvikvm: GC_CONCURRENT freed 212K, 9% free 10700K/11719K, paused 1ms+3ms
07-05 13:07:42.551   545   548 D dalvikvm: GC_CONCURRENT freed 502K, 10% free 10661K/11719K, paused 2ms+3ms
07-05 13:07:42.711  1370 28923 E DictionaryProvider:UpdateHandler: Can't read a file : android.util.MalformedJsonException: Use JsonReader.setLenient(true) to accept malformed JSON at line 1 column 20
07-05 13:07:42.738  1370  1372 D dalvikvm: GC_CONCURRENT freed 372K, 7% free 9138K/9735K, paused 1ms+1ms
07-05 13:07:42.828   545   548 D dalvikvm: GC_CONCURRENT freed 685K, 12% free 10418K/11719K, paused 2ms+2ms
07-05 13:07:43.012   545   548 D dalvikvm: GC_CONCURRENT freed 431K, 12% free 10381K/11719K, paused 2ms+2ms
07-05 13:07:43.094   545 28926 I DownloadManager: Initiating request for download 3418
07-05 13:07:43.184   545   548 D dalvikvm: GC_CONCURRENT freed 236K, 9% free 10682K/11719K, paused 1ms+3ms
07-05 13:07:43.297   545   548 D dalvikvm: GC_CONCURRENT freed 479K, 10% free 10662K/11719K, paused 1ms+2ms
07-05 13:07:43.485   545   548 D dalvikvm: GC_CONCURRENT freed 646K, 11% free 10438K/11719K, paused 2ms+2ms
07-05 13:07:43.680   545   548 D dalvikvm: GC_CONCURRENT freed 405K, 11% free 10431K/11719K, paused 2ms+2ms
07-05 13:07:44.379   545 28928 I DownloadManager: Initiating request for download 3419
07-05 13:07:44.485   545   548 D dalvikvm: GC_CONCURRENT freed 292K, 10% free 10591K/11719K, paused 1ms+3ms
07-05 13:07:44.594   545   548 D dalvikvm: GC_CONCURRENT freed 314K, 9% free 10762K/11719K, paused 2ms+3ms
07-05 13:07:44.813   545   548 D dalvikvm: GC_CONCURRENT freed 816K, 12% free 10412K/11719K, paused 2ms+2ms
07-05 13:07:44.844  1370 28931 E DictionaryProvider:UpdateHandler: Can't read a file : android.util.MalformedJsonException: Use JsonReader.setLenient(true) to accept malformed JSON at line 1 column 20
07-05 13:07:45.031   545   548 D dalvikvm: GC_CONCURRENT freed 409K, 12% free 10398K/11719K, paused 2ms+2ms
07-05 13:07:45.211   156   593 D dalvikvm: GC_EXPLICIT freed 494K, 13% free 14078K/16007K, paused 3ms+5ms
07-05 13:07:45.215   545 28934 I DownloadManager: Initiating request for download 3419
07-05 13:07:45.293   545   548 D dalvikvm: GC_CONCURRENT freed 304K, 10% free 10551K/11719K, paused 2ms+3ms
07-05 13:07:45.395   545   548 D dalvikvm: GC_CONCURRENT freed 312K, 9% free 10695K/11719K, paused 2ms+3ms
07-05 13:07:45.547   545   548 D dalvikvm: GC_CONCURRENT freed 701K, 11% free 10433K/11719K, paused 2ms+2ms
07-05 13:07:45.754   545   548 D dalvikvm: GC_CONCURRENT freed 440K, 12% free 10385K/11719K, paused 2ms+3ms
07-05 13:07:45.930   545   548 D dalvikvm: GC_CONCURRENT freed 402K, 12% free 10372K/11719K, paused 1ms+2ms
07-05 13:07:45.973   545 28937 I DownloadManager: Initiating request for download 3420
07-05 13:07:46.071   545   548 D dalvikvm: GC_CONCURRENT freed 190K, 10% free 10642K/11719K, paused 2ms+3ms
07-05 13:07:46.180   545   548 D dalvikvm: GC_CONCURRENT freed 434K, 10% free 10653K/11719K, paused 2ms+2ms
07-05 13:07:46.328  1370 28939 E DictionaryProvider:UpdateHandler: Can't read a file : android.util.MalformedJsonException: Use JsonReader.setLenient(true) to accept malformed JSON at line 1 column 20
07-05 13:07:46.426   545   548 D dalvikvm: GC_CONCURRENT freed 681K, 12% free 10401K/11719K, paused 2ms+2ms
07-05 13:07:46.610   545   548 D dalvikvm: GC_CONCURRENT freed 424K, 12% free 10372K/11719K, paused 2ms+2ms
07-05 13:07:46.688   545 28942 I DownloadManager: Initiating request for download 3420
07-05 13:07:46.778   545   548 D dalvikvm: GC_CONCURRENT freed 246K, 10% free 10603K/11719K, paused 1ms+3ms
07-05 13:07:46.891   545   548 D dalvikvm: GC_CONCURRENT freed 331K, 8% free 10792K/11719K, paused 2ms+3ms
07-05 13:07:47.102   545   548 D dalvikvm: GC_CONCURRENT freed 870K, 12% free 10395K/11719K, paused 2ms+2ms
07-05 13:07:47.274   545   548 D dalvikvm: GC_CONCURRENT freed 414K, 12% free 10375K/11719K, paused 2ms+2ms
07-05 13:07:47.379   545 28945 I DownloadManager: Initiating request for download 3421
07-05 13:07:47.473   545   548 D dalvikvm: GC_CONCURRENT freed 228K, 10% free 10573K/11719K, paused 2ms+2ms
07-05 13:07:47.571   545   548 D dalvikvm: GC_CONCURRENT freed 267K, 9% free 10711K/11719K, paused 2ms+2ms
07-05 13:07:47.735   545   548 D dalvikvm: GC_CONCURRENT freed 720K, 11% free 10436K/11719K, paused 2ms+2ms
07-05 13:07:47.793  1370 28947 E DictionaryProvider:UpdateHandler: Can't read a file : android.util.MalformedJsonException: Use JsonReader.setLenient(true) to accept malformed JSON at line 1 column 20
07-05 13:07:47.965   545   548 D dalvikvm: GC_CONCURRENT freed 437K, 12% free 10395K/11719K, paused 2ms+2ms
07-05 13:07:48.133   545 28950 I DownloadManager: Initiating request for download 3421
07-05 13:07:48.168   545   548 D dalvikvm: GC_CONCURRENT freed 409K, 12% free 10413K/11719K, paused 2ms+3ms
07-05 13:07:48.278   545   548 D dalvikvm: GC_CONCURRENT freed 212K, 10% free 10661K/11719K, paused 2ms+3ms
07-05 13:07:48.399   545   548 D dalvikvm: GC_CONCURRENT freed 658K, 11% free 10441K/11719K, paused 2ms+2ms
07-05 13:07:48.617   545   548 D dalvikvm: GC_CONCURRENT freed 440K, 12% free 10396K/11719K, paused 1ms+2ms
07-05 13:07:48.809   545   548 D dalvikvm: GC_CONCURRENT freed 411K, 12% free 10376K/11719K, paused 2ms+2ms
07-05 13:07:48.903   545 28953 I DownloadManager: Initiating request for download 3422
07-05 13:07:48.985   545   548 D dalvikvm: GC_CONCURRENT freed 237K, 10% free 10593K/11719K, paused 2ms+2ms
07-05 13:07:49.086   545   548 D dalvikvm: GC_CONCURRENT freed 313K, 9% free 10752K/11719K, paused 1ms+3ms
07-05 13:07:49.301   545   548 D dalvikvm: GC_CONCURRENT freed 801K, 12% free 10411K/11719K, paused 1ms+2ms
07-05 13:07:49.309  1370 28955 E DictionaryProvider:UpdateHandler: Can't read a file : android.util.MalformedJsonException: Use JsonReader.setLenient(true) to accept malformed JSON at line 1 column 20
07-05 13:07:49.348  1370  1372 D dalvikvm: GC_CONCURRENT freed 398K, 7% free 9128K/9735K, paused 2ms+10ms
07-05 13:07:49.551   545   548 D dalvikvm: GC_CONCURRENT freed 410K, 12% free 10388K/11719K, paused 2ms+2ms
07-05 13:07:49.653   545 28958 I DownloadManager: Initiating request for download 3422
07-05 13:07:49.735   545   548 D dalvikvm: GC_CONCURRENT freed 297K, 10% free 10603K/11719K, paused 2ms+3ms
07-05 13:07:49.836   545   548 D dalvikvm: GC_CONCURRENT freed 353K, 9% free 10755K/11719K, paused 1ms+3ms
07-05 13:07:50.051   545   548 D dalvikvm: GC_CONCURRENT freed 812K, 12% free 10405K/11719K, paused 2ms+3ms
07-05 13:07:50.223   545   548 D dalvikvm: GC_CONCURRENT freed 416K, 12% free 10384K/11719K, paused 2ms+3ms
07-05 13:07:50.356   545 28961 I DownloadManager: Initiating request for download 3423
07-05 13:07:50.446   545   548 D dalvikvm: GC_CONCURRENT freed 306K, 10% free 10561K/11719K, paused 1ms+3ms
07-05 13:07:50.543   545   548 D dalvikvm: GC_CONCURRENT freed 304K, 9% free 10733K/11719K, paused 1ms+4ms
07-05 13:07:50.727   545   548 D dalvikvm: GC_CONCURRENT freed 781K, 12% free 10413K/11719K, paused 2ms+3ms
07-05 13:07:50.781  1370 28963 E DictionaryProvider:UpdateHandler: Can't read a file : android.util.MalformedJsonException: Use JsonReader.setLenient(true) to accept malformed JSON at line 1 column 20
07-05 13:07:50.953   545   548 D dalvikvm: GC_CONCURRENT freed 409K, 12% free 10399K/11719K, paused 2ms+3ms
07-05 13:07:51.086   545 28966 I DownloadManager: Initiating request for download 3423
07-05 13:07:51.121   545   548 D dalvikvm: GC_CONCURRENT freed 369K, 12% free 10425K/11719K, paused 2ms+2ms
07-05 13:07:51.231   545   548 D dalvikvm: GC_CONCURRENT freed 215K, 9% free 10670K/11719K, paused 2ms+3ms
07-05 13:07:51.360   545   548 D dalvikvm: GC_CONCURRENT freed 675K, 11% free 10447K/11719K, paused 2ms+3ms
07-05 13:07:51.574   545   548 D dalvikvm: GC_CONCURRENT freed 440K, 12% free 10401K/11719K, paused 1ms+3ms
07-05 13:07:51.762   545   548 D dalvikvm: GC_CONCURRENT freed 409K, 12% free 10389K/11719K, paused 2ms+2ms
07-05 13:07:51.856   545 28969 I DownloadManager: Initiating request for download 3424
07-05 13:07:51.961   545   548 D dalvikvm: GC_CONCURRENT freed 236K, 10% free 10606K/11719K, paused 2ms+3ms
07-05 13:07:52.063   545   548 D dalvikvm: GC_CONCURRENT freed 318K, 9% free 10756K/11719K, paused 2ms+3ms
07-05 13:07:52.231  1370 28971 E DictionaryProvider:UpdateHandler: Can't read a file : android.util.MalformedJsonException: Use JsonReader.setLenient(true) to accept malformed JSON at line 1 column 20
07-05 13:07:52.313   545   548 D dalvikvm: GC_CONCURRENT freed 796K, 12% free 10421K/11719K, paused 1ms+2ms
07-05 13:07:52.496   545   548 D dalvikvm: GC_CONCURRENT freed 429K, 12% free 10387K/11719K, paused 2ms+2ms
07-05 13:07:52.594   545 28974 I DownloadManager: Initiating request for download 3424
07-05 13:07:52.672   545   548 D dalvikvm: GC_CONCURRENT freed 281K, 10% free 10563K/11719K, paused 2ms+3ms
07-05 13:07:52.770   545   548 D dalvikvm: GC_CONCURRENT freed 292K, 9% free 10734K/11719K, paused 2ms+3ms
07-05 13:07:52.957   545   548 D dalvikvm: GC_CONCURRENT freed 778K, 12% free 10412K/11719K, paused 1ms+3ms
07-05 13:07:53.149   545   548 D dalvikvm: GC_CONCURRENT freed 403K, 12% free 10396K/11719K, paused 1ms+2ms
07-05 13:07:53.344   545 28977 I DownloadManager: Initiating request for download 3425
07-05 13:07:53.352   545   548 D dalvikvm: GC_CONCURRENT freed 374K, 12% free 10425K/11719K, paused 2ms+4ms
07-05 13:07:53.481   545   548 D dalvikvm: GC_CONCURRENT freed 211K, 9% free 10668K/11719K, paused 2ms+3ms
07-05 13:07:53.602   545   548 D dalvikvm: GC_CONCURRENT freed 451K, 9% free 10667K/11719K, paused 2ms+3ms
07-05 13:07:53.809   545   548 D dalvikvm: GC_CONCURRENT freed 658K, 11% free 10436K/11719K, paused 2ms+2ms
07-05 13:07:53.992   545   548 D dalvikvm: GC_CONCURRENT freed 415K, 12% free 10416K/11719K, paused 2ms+2ms
07-05 13:07:54.231   545   548 D dalvikvm: GC_CONCURRENT freed 370K, 11% free 10442K/11719K, paused 1ms+2ms
07-05 13:07:54.414   545   548 D dalvikvm: GC_CONCURRENT freed 443K, 12% free 10399K/11719K, paused 2ms+2ms
07-05 13:07:55.637  1370 28980 E DictionaryProvider:UpdateHandler: Can't read a file : android.util.MalformedJsonException: Use JsonReader.setLenient(true) to accept malformed JSON at line 1 column 20
07-05 13:07:55.754   545   548 D dalvikvm: GC_CONCURRENT freed 359K, 12% free 10426K/11719K, paused 4ms+2ms
07-05 13:07:55.985   545   548 D dalvikvm: GC_CONCURRENT freed 418K, 12% free 10402K/11719K, paused 2ms+2ms
07-05 13:07:56.164   545   548 D dalvikvm: GC_CONCURRENT freed 407K, 12% free 10389K/11719K, paused 2ms+2ms
07-05 13:07:56.305   545 28983 I DownloadManager: Initiating request for download 3426
07-05 13:07:56.395   545   548 D dalvikvm: GC_CONCURRENT freed 266K, 10% free 10583K/11719K, paused 2ms+3ms
07-05 13:07:56.496   545   548 D dalvikvm: GC_CONCURRENT freed 320K, 9% free 10747K/11719K, paused 1ms+3ms
07-05 13:07:56.676   545   548 D dalvikvm: GC_CONCURRENT freed 760K, 11% free 10446K/11719K, paused 1ms+3ms
07-05 13:07:56.762  1370 28985 E DictionaryProvider:UpdateHandler: Can't read a file : android.util.MalformedJsonException: Use JsonReader.setLenient(true) to accept malformed JSON at line 1 column 20
07-05 13:07:56.840  1370  1372 D dalvikvm: GC_CONCURRENT freed 411K, 7% free 9126K/9735K, paused 2ms+2ms
07-05 13:07:56.926   545   548 D dalvikvm: GC_CONCURRENT freed 435K, 12% free 10406K/11719K, paused 1ms+3ms
07-05 13:07:57.051   545 28988 I DownloadManager: Initiating request for download 3426
07-05 13:07:57.113   545   548 D dalvikvm: GC_CONCURRENT freed 334K, 11% free 10460K/11719K, paused 2ms+2ms
07-05 13:07:57.215   545   548 D dalvikvm: GC_CONCURRENT freed 242K, 9% free 10691K/11719K, paused 2ms+3ms
07-05 13:07:57.332   545   548 D dalvikvm: GC_CONCURRENT freed 682K, 11% free 10454K/11719K, paused 1ms+3ms
07-05 13:07:57.547   545   548 D dalvikvm: GC_CONCURRENT freed 440K, 12% free 10408K/11719K, paused 2ms+2ms
07-05 13:07:57.727   545   548 D dalvikvm: GC_CONCURRENT freed 407K, 12% free 10388K/11719K, paused 2ms+2ms
07-05 13:07:57.821   545 28991 I DownloadManager: Initiating request for download 3427
07-05 13:07:57.930   545   548 D dalvikvm: GC_CONCURRENT freed 209K, 10% free 10624K/11719K, paused 2ms+3ms
07-05 13:07:58.028   545   548 D dalvikvm: GC_CONCURRENT freed 311K, 8% free 10782K/11719K, paused 2ms+3ms
07-05 13:07:58.219   545   548 D dalvikvm: GC_CONCURRENT freed 831K, 12% free 10422K/11719K, paused 2ms+2ms
07-05 13:07:58.278  1370 28993 E DictionaryProvider:UpdateHandler: Can't read a file : android.util.MalformedJsonException: Use JsonReader.setLenient(true) to accept malformed JSON at line 1 column 20
07-05 13:07:58.453   545   548 D dalvikvm: GC_CONCURRENT freed 405K, 12% free 10413K/11719K, paused 2ms+2ms
07-05 13:07:58.551   545 28996 I DownloadManager: Initiating request for download 3427
07-05 13:07:58.629   545   548 D dalvikvm: GC_CONCURRENT freed 290K, 10% free 10578K/11719K, paused 2ms+3ms
07-05 13:07:58.735   545   548 D dalvikvm: GC_CONCURRENT freed 308K, 8% free 10822K/11719K, paused 2ms+3ms
07-05 13:07:58.961   545   548 D dalvikvm: GC_CONCURRENT freed 872K, 11% free 10434K/11719K, paused 2ms+2ms
07-05 13:07:59.156   545   548 D dalvikvm: GC_CONCURRENT freed 425K, 12% free 10403K/11719K, paused 2ms+2ms
07-05 13:07:59.289   545 28999 I DownloadManager: Initiating request for download 3428
07-05 13:07:59.383   545   548 D dalvikvm: GC_CONCURRENT freed 285K, 10% free 10578K/11719K, paused 2ms+3ms
07-05 13:07:59.481   545   548 D dalvikvm: GC_CONCURRENT freed 318K, 9% free 10738K/11719K, paused 1ms+3ms
07-05 13:07:59.649   545   548 D dalvikvm: GC_CONCURRENT freed 735K, 11% free 10463K/11719K, paused 2ms+2ms
07-05 13:07:59.785   156   628 D dalvikvm: GC_EXPLICIT freed 487K, 13% free 14077K/16007K, paused 3ms+9ms
07-05 13:07:59.793  1370 29001 E DictionaryProvider:UpdateHandler: Can't read a file : android.util.MalformedJsonException: Use JsonReader.setLenient(true) to accept malformed JSON at line 1 column 20
07-05 13:07:59.953   545   548 D dalvikvm: GC_CONCURRENT freed 437K, 12% free 10421K/11719K, paused 1ms+2ms
07-05 13:08:00.125   545 29004 I DownloadManager: Initiating request for download 3428
07-05 13:08:00.156   545   548 D dalvikvm: GC_CONCURRENT freed 413K, 12% free 10430K/11719K, paused 1ms+2ms
07-05 13:08:00.278   545   548 D dalvikvm: GC_CONCURRENT freed 214K, 9% free 10676K/11719K, paused 2ms+3ms
07-05 13:08:00.395   545   548 D dalvikvm: GC_CONCURRENT freed 458K, 9% free 10670K/11719K, paused 2ms+2ms
07-05 13:08:00.617   545   548 D dalvikvm: GC_CONCURRENT freed 698K, 12% free 10405K/11719K, paused 2ms+2ms
07-05 13:08:00.809   545   548 D dalvikvm: GC_CONCURRENT freed 413K, 12% free 10386K/11719K, paused 1ms+2ms
07-05 13:08:00.891   545 29007 I DownloadManager: Initiating request for download 3429
07-05 13:08:00.992   545   548 D dalvikvm: GC_CONCURRENT freed 224K, 10% free 10621K/11719K, paused 2ms+3ms
07-05 13:08:01.078   545   548 D dalvikvm: GC_CONCURRENT freed 301K, 9% free 10767K/11719K, paused 1ms+3ms
07-05 13:08:01.266  1370 29009 E DictionaryProvider:UpdateHandler: Can't read a file : android.util.MalformedJsonException: Use JsonReader.setLenient(true) to accept malformed JSON at line 1 column 20
07-05 13:08:01.321   545   548 D dalvikvm: GC_CONCURRENT freed 820K, 12% free 10424K/11719K, paused 2ms+3ms
07-05 13:08:01.387   465   467 D dalvikvm: GC_CONCURRENT freed 439K, 6% free 10513K/11079K, paused 1ms+2ms
07-05 13:08:01.551   545   548 D dalvikvm: GC_CONCURRENT freed 422K, 12% free 10393K/11719K, paused 2ms+3ms
07-05 13:08:01.656   545 29012 I DownloadManager: Initiating request for download 3429
07-05 13:08:01.738   545   548 D dalvikvm: GC_CONCURRENT freed 276K, 10% free 10560K/11719K, paused 1ms+3ms
07-05 13:08:01.832   545   548 D dalvikvm: GC_CONCURRENT freed 263K, 9% free 10715K/11719K, paused 2ms+2ms
07-05 13:08:01.985   545   548 D dalvikvm: GC_CONCURRENT freed 716K, 11% free 10456K/11719K, paused 2ms+2ms
07-05 13:08:02.184   545   548 D dalvikvm: GC_CONCURRENT freed 445K, 12% free 10406K/11719K, paused 2ms+2ms
07-05 13:08:02.363   545   548 D dalvikvm: GC_CONCURRENT freed 415K, 12% free 10386K/11719K, paused 2ms+2ms
07-05 13:08:02.391   993  1240 I PhoneLab-: Service Running
07-05 13:08:02.426   993  1240 I PhoneLab-LoggerService: app_49    1247  993   1956   1584  c00ab7c8 40010474 D logcat
07-05 13:08:02.426   993  1240 I PhoneLab-LoggerService: Logcat pid from database 1247
07-05 13:08:02.426   993  1240 I PhoneLab-LoggerService: Logcat process found 1247
07-05 13:08:02.426   993  1240 I PhoneLab-LoggerService: Checking Threshold
07-05 13:08:02.426   993  1240 I PhoneLab-LoggerService: Starting to rename files
07-05 13:08:02.430   993  1240 I PhoneLab-LoggerService: Files found .. 29
07-05 13:08:02.449   545 29016 I DownloadManager: Initiating request for download 3430
07-05 13:08:02.555   545   548 D dalvikvm: GC_CONCURRENT freed 197K, 10% free 10648K/11719K, paused 2ms+3ms
07-05 13:08:02.656   545   548 D dalvikvm: GC_CONCURRENT freed 420K, 9% free 10676K/11719K, paused 2ms+3ms
07-05 13:08:02.871  1370 29018 E DictionaryProvider:UpdateHandler: Can't read a file : android.util.MalformedJsonException: Use JsonReader.setLenient(true) to accept malformed JSON at line 1 column 20
07-05 13:08:02.891   545   548 D dalvikvm: GC_CONCURRENT freed 696K, 11% free 10431K/11719K, paused 2ms+2ms
07-05 13:08:02.969  1370  1372 D dalvikvm: GC_CONCURRENT freed 365K, 6% free 9151K/9735K, paused 1ms+2ms
07-05 13:08:03.102   545   548 D dalvikvm: GC_CONCURRENT freed 430K, 12% free 10396K/11719K, paused 2ms+2ms
07-05 13:08:03.188   545 29021 I DownloadManager: Initiating request for download 3430
07-05 13:08:03.285   545   548 D dalvikvm: GC_CONCURRENT freed 271K, 10% free 10584K/11719K, paused 2ms+3ms
07-05 13:08:03.379   545   548 D dalvikvm: GC_CONCURRENT freed 320K, 9% free 10745K/11719K, paused 2ms+3ms
07-05 13:08:03.551   545   548 D dalvikvm: GC_CONCURRENT freed 783K, 12% free 10420K/11719K, paused 2ms+2ms
07-05 13:08:03.738   545   548 D dalvikvm: GC_CONCURRENT freed 406K, 12% free 10404K/11719K, paused 2ms+2ms
07-05 13:08:03.883   545 29024 I DownloadManager: Initiating request for download 3431
07-05 13:08:03.946   545   548 D dalvikvm: GC_CONCURRENT freed 347K, 11% free 10467K/11719K, paused 2ms+3ms
07-05 13:08:04.047   545   548 D dalvikvm: GC_CONCURRENT freed 231K, 9% free 10695K/11719K, paused 2ms+3ms
07-05 13:08:04.160   545   548 D dalvikvm: GC_CONCURRENT freed 690K, 11% free 10460K/11719K, paused 2ms+3ms
07-05 13:08:04.328   545 29024 D dalvikvm: GC_EXPLICIT freed 281K, 11% free 10460K/11719K, paused 2ms+3ms
07-05 13:08:04.379  1370 29026 E DictionaryProvider:UpdateHandler: Can't read a file : android.util.MalformedJsonException: Use JsonReader.setLenient(true) to accept malformed JSON at line 1 column 20
07-05 13:08:04.551   545   548 D dalvikvm: GC_CONCURRENT freed 450K, 12% free 10406K/11719K, paused 2ms+2ms
07-05 13:08:04.660   545 29029 I DownloadManager: Initiating request for download 3431
07-05 13:08:04.746   545   548 D dalvikvm: GC_CONCURRENT freed 291K, 10% free 10572K/11719K, paused 1ms+3ms
07-05 13:08:04.844   545   548 D dalvikvm: GC_CONCURRENT freed 318K, 9% free 10733K/11719K, paused 2ms+3ms
07-05 13:08:05.004   545   548 D dalvikvm: GC_CONCURRENT freed 736K, 11% free 10458K/11719K, paused 2ms+2ms
07-05 13:08:05.207   545   548 D dalvikvm: GC_CONCURRENT freed 444K, 12% free 10409K/11719K, paused 2ms+2ms
07-05 13:08:05.410   545 29032 I DownloadManager: Initiating request for download 3432
07-05 13:08:05.434   545   548 D dalvikvm: GC_CONCURRENT freed 379K, 11% free 10446K/11719K, paused 2ms+4ms
07-05 13:08:05.559   545   548 D dalvikvm: GC_CONCURRENT freed 218K, 9% free 10687K/11719K, paused 2ms+3ms
07-05 13:08:05.680   545   548 D dalvikvm: GC_CONCURRENT freed 681K, 11% free 10464K/11719K, paused 2ms+3ms
07-05 13:08:05.879   545   548 D dalvikvm: GC_CONCURRENT freed 433K, 12% free 10420K/11719K, paused 1ms+3ms
07-05 13:08:06.067   545   548 D dalvikvm: GC_CONCURRENT freed 415K, 12% free 10400K/11719K, paused 2ms+2ms
07-05 13:08:07.039  1370 29035 E DictionaryProvider:UpdateHandler: Can't read a file : android.util.MalformedJsonException: Use JsonReader.setLenient(true) to accept malformed JSON at line 1 column 20
07-05 13:08:07.153   545   548 D dalvikvm: GC_CONCURRENT freed 359K, 11% free 10437K/11719K, paused 2ms+2ms
07-05 13:08:07.328   545   548 D dalvikvm: GC_CONCURRENT freed 413K, 12% free 10420K/11719K, paused 2ms+2ms
07-05 13:08:07.516   545   548 D dalvikvm: GC_CONCURRENT freed 414K, 12% free 10395K/11719K, paused 1ms+2ms
07-05 13:08:07.750   545   548 D dalvikvm: GC_CONCURRENT freed 360K, 11% free 10432K/11719K, paused 2ms+2ms
07-05 13:08:07.938   545   548 D dalvikvm: GC_CONCURRENT freed 418K, 12% free 10406K/11719K, paused 2ms+2ms
07-05 13:08:08.094   545 29038 I DownloadManager: Initiating request for download 3433
07-05 13:08:08.172   545   548 D dalvikvm: GC_CONCURRENT freed 299K, 10% free 10553K/11719K, paused 2ms+3ms
07-05 13:08:08.270   545   548 D dalvikvm: GC_CONCURRENT freed 298K, 9% free 10731K/11719K, paused 2ms+4ms
07-05 13:08:08.430   545   548 D dalvikvm: GC_CONCURRENT freed 719K, 11% free 10461K/11719K, paused 1ms+3ms
07-05 13:08:08.531  1370 29040 E DictionaryProvider:UpdateHandler: Can't read a file : android.util.MalformedJsonException: Use JsonReader.setLenient(true) to accept malformed JSON at line 1 column 20
07-05 13:08:08.660   545   548 D dalvikvm: GC_CONCURRENT freed 435K, 12% free 10421K/11719K, paused 2ms+3ms
07-05 13:08:08.852   545   548 D dalvikvm: GC_CONCURRENT freed 420K, 12% free 10397K/11719K, paused 2ms+2ms
07-05 13:08:08.879   545 29043 I DownloadManager: Initiating request for download 3433
07-05 13:08:08.985   545   548 D dalvikvm: GC_CONCURRENT freed 197K, 9% free 10737K/11719K, paused 2ms+3ms
07-05 13:08:09.110   545   548 D dalvikvm: GC_CONCURRENT freed 748K, 11% free 10466K/11719K, paused 2ms+2ms
07-05 13:08:09.321   545   548 D dalvikvm: GC_CONCURRENT freed 442K, 12% free 10419K/11719K, paused 2ms+2ms
07-05 13:08:09.504   545   548 D dalvikvm: GC_CONCURRENT freed 409K, 12% free 10399K/11719K, paused 1ms+3ms
07-05 13:08:09.594   545 29046 I DownloadManager: Initiating request for download 3434
07-05 13:08:09.684   545   548 D dalvikvm: GC_CONCURRENT freed 228K, 10% free 10608K/11719K, paused 3ms+3ms
07-05 13:08:09.789   545   548 D dalvikvm: GC_CONCURRENT freed 274K, 8% free 10814K/11719K, paused 1ms+4ms
07-05 13:08:09.961  1370 29048 E DictionaryProvider:UpdateHandler: Can't read a file : android.util.MalformedJsonException: Use JsonReader.setLenient(true) to accept malformed JSON at line 1 column 20
07-05 13:08:10.043   545   548 D dalvikvm: GC_CONCURRENT freed 853K, 11% free 10435K/11719K, paused 1ms+2ms
07-05 13:08:10.227   545   548 D dalvikvm: GC_CONCURRENT freed 423K, 12% free 10407K/11719K, paused 2ms+2ms
07-05 13:08:10.344   545 29051 I DownloadManager: Initiating request for download 3434
07-05 13:08:10.418   545   548 D dalvikvm: GC_CONCURRENT freed 310K, 10% free 10555K/11719K, paused 1ms+3ms
07-05 13:08:10.516   545   548 D dalvikvm: GC_CONCURRENT freed 294K, 9% free 10735K/11719K, paused 2ms+4ms
07-05 13:08:10.680   545   548 D dalvikvm: GC_CONCURRENT freed 731K, 11% free 10466K/11719K, paused 2ms+3ms
07-05 13:08:10.770  1370  1372 D dalvikvm: GC_CONCURRENT freed 411K, 7% free 9128K/9735K, paused 1ms+2ms
07-05 13:08:10.895   545   548 D dalvikvm: GC_CONCURRENT freed 444K, 12% free 10417K/11719K, paused 2ms+3ms
07-05 13:08:11.067   545   548 D dalvikvm: GC_CONCURRENT freed 406K, 12% free 10399K/11719K, paused 2ms+3ms
07-05 13:08:11.129   545 29054 I DownloadManager: Initiating request for download 3435
07-05 13:08:11.231   545   548 D dalvikvm: GC_CONCURRENT freed 189K, 9% free 10670K/11719K, paused 2ms+3ms
07-05 13:08:11.344   545   548 D dalvikvm: GC_CONCURRENT freed 433K, 9% free 10692K/11719K, paused 2ms+3ms
07-05 13:08:11.500  1370 29056 E DictionaryProvider:UpdateHandler: Can't read a file : android.util.MalformedJsonException: Use JsonReader.setLenient(true) to accept malformed JSON at line 1 column 20
07-05 13:08:11.602   545   548 D dalvikvm: GC_CONCURRENT freed 691K, 11% free 10435K/11719K, paused 2ms+3ms
07-05 13:08:11.781   545   548 D dalvikvm: GC_CONCURRENT freed 417K, 12% free 10407K/11719K, paused 1ms+2ms
07-05 13:08:11.883   545 29059 I DownloadManager: Initiating request for download 3435
07-05 13:08:11.957   545   548 D dalvikvm: GC_CONCURRENT freed 259K, 10% free 10590K/11719K, paused 2ms+3ms
07-05 13:08:12.071   545   548 D dalvikvm: GC_CONCURRENT freed 309K, 9% free 10766K/11719K, paused 2ms+3ms
07-05 13:08:12.254   545   548 D dalvikvm: GC_CONCURRENT freed 798K, 11% free 10433K/11719K, paused 2ms+3ms
07-05 13:08:12.457   545   548 D dalvikvm: GC_CONCURRENT freed 408K, 12% free 10418K/11719K, paused 2ms+2ms
07-05 13:08:12.617   545 29062 I DownloadManager: Initiating request for download 3436
07-05 13:08:12.656   545   548 D dalvikvm: GC_CONCURRENT freed 362K, 11% free 10452K/11719K, paused 2ms+3ms
07-05 13:08:12.770   545   548 D dalvikvm: GC_CONCURRENT freed 215K, 9% free 10698K/11719K, paused 1ms+3ms
07-05 13:08:12.891   545   548 D dalvikvm: GC_CONCURRENT freed 690K, 11% free 10473K/11719K, paused 2ms+3ms
07-05 13:08:13.043  1370 29064 E DictionaryProvider:UpdateHandler: Can't read a file : android.util.MalformedJsonException: Use JsonReader.setLenient(true) to accept malformed JSON at line 1 column 20
07-05 13:08:13.125   545   548 D dalvikvm: GC_CONCURRENT freed 425K, 11% free 10446K/11719K, paused 2ms+3ms
07-05 13:08:13.305   545   548 D dalvikvm: GC_CONCURRENT freed 431K, 12% free 10410K/11719K, paused 1ms+2ms
07-05 13:08:13.375   545 29067 I DownloadManager: Initiating request for download 3436
07-05 13:08:13.504   545   548 D dalvikvm: GC_CONCURRENT freed 290K, 10% free 10631K/11719K, paused 1ms+3ms
07-05 13:08:13.598   545   548 D dalvikvm: GC_CONCURRENT freed 312K, 9% free 10773K/11719K, paused 2ms+2ms
07-05 13:08:13.785   545   548 D dalvikvm: GC_CONCURRENT freed 768K, 11% free 10468K/11719K, paused 2ms+2ms
07-05 13:08:13.988   545   548 D dalvikvm: GC_CONCURRENT freed 442K, 12% free 10425K/11719K, paused 2ms+2ms
07-05 13:08:14.168   545 29070 I DownloadManager: Initiating request for download 3437
07-05 13:08:14.215   156   512 D dalvikvm: GC_EXPLICIT freed 510K, 13% free 14081K/16007K, paused 3ms+6ms
07-05 13:08:14.301   545   548 D dalvikvm: GC_CONCURRENT freed 295K, 10% free 10588K/11719K, paused 2ms+3ms
07-05 13:08:14.403   545   548 D dalvikvm: GC_CONCURRENT freed 335K, 9% free 10736K/11719K, paused 2ms+3ms
07-05 13:08:14.563   545   548 D dalvikvm: GC_CONCURRENT freed 739K, 11% free 10457K/11719K, paused 2ms+2ms
07-05 13:08:14.641  1370 29072 E DictionaryProvider:UpdateHandler: Can't read a file : android.util.MalformedJsonException: Use JsonReader.setLenient(true) to accept malformed JSON at line 1 column 20
07-05 13:08:14.793   545   548 D dalvikvm: GC_CONCURRENT freed 436K, 12% free 10417K/11719K, paused 2ms+3ms
07-05 13:08:14.992   545 29075 I DownloadManager: Initiating request for download 3437
07-05 13:08:14.992   545   548 D dalvikvm: GC_CONCURRENT freed 418K, 11% free 10438K/11719K, paused 2ms+3ms
07-05 13:08:15.125   545   548 D dalvikvm: GC_CONCURRENT freed 214K, 9% free 10684K/11719K, paused 2ms+3ms
07-05 13:08:15.238   545   548 D dalvikvm: GC_CONCURRENT freed 447K, 9% free 10684K/11719K, paused 2ms+3ms
07-05 13:08:15.465   545   548 D dalvikvm: GC_CONCURRENT freed 708K, 12% free 10418K/11719K, paused 2ms+2ms
07-05 13:08:15.649   545   548 D dalvikvm: GC_CONCURRENT freed 416K, 12% free 10396K/11719K, paused 2ms+2ms
07-05 13:08:15.731   545 29078 I DownloadManager: Initiating request for download 3438
07-05 13:08:15.836   545   548 D dalvikvm: GC_CONCURRENT freed 236K, 9% free 10688K/11719K, paused 2ms+2ms
07-05 13:08:15.946   545   548 D dalvikvm: GC_CONCURRENT freed 463K, 9% free 10687K/11719K, paused 2ms+2ms
07-05 13:08:16.129  1370 29080 E DictionaryProvider:UpdateHandler: Can't read a file : android.util.MalformedJsonException: Use JsonReader.setLenient(true) to accept malformed JSON at line 1 column 20
07-05 13:08:16.184   545   548 D dalvikvm: GC_CONCURRENT freed 717K, 11% free 10431K/11719K, paused 1ms+3ms
07-05 13:08:16.375   545   548 D dalvikvm: GC_CONCURRENT freed 425K, 12% free 10401K/11719K, paused 2ms+2ms
07-05 13:08:16.465   545 29083 I DownloadManager: Initiating request for download 3438
07-05 13:08:16.559   545   548 D dalvikvm: GC_CONCURRENT freed 273K, 10% free 10586K/11719K, paused 1ms+4ms
07-05 13:08:16.653   545   548 D dalvikvm: GC_CONCURRENT freed 314K, 9% free 10756K/11719K, paused 2ms+2ms
07-05 13:08:16.832   545   548 D dalvikvm: GC_CONCURRENT freed 754K, 11% free 10469K/11719K, paused 2ms+2ms
07-05 13:08:16.922  1370  1372 D dalvikvm: GC_CONCURRENT freed 387K, 7% free 9129K/9735K, paused 1ms+2ms
07-05 13:08:17.059   545   548 D dalvikvm: GC_CONCURRENT freed 452K, 12% free 10421K/11719K, paused 2ms+3ms
07-05 13:08:17.231   545 29086 I DownloadManager: Initiating request for download 3439
07-05 13:08:17.285   545   548 D dalvikvm: GC_CONCURRENT freed 364K, 11% free 10445K/11719K, paused 3ms+2ms
07-05 13:08:17.414   545   548 D dalvikvm: GC_CONCURRENT freed 215K, 9% free 10756K/11719K, paused 2ms+3ms
07-05 13:08:17.555   545   548 D dalvikvm: GC_CONCURRENT freed 747K, 11% free 10465K/11719K, paused 2ms+2ms
07-05 13:08:17.664  1370 29088 E DictionaryProvider:UpdateHandler: Can't read a file : android.util.MalformedJsonException: Use JsonReader.setLenient(true) to accept malformed JSON at line 1 column 20
07-05 13:08:17.793   545   548 D dalvikvm: GC_CONCURRENT freed 433K, 12% free 10424K/11719K, paused 2ms+2ms
07-05 13:08:17.977   545   548 D dalvikvm: GC_CONCURRENT freed 417K, 12% free 10400K/11719K, paused 2ms+2ms
07-05 13:08:18.031   545 29091 I DownloadManager: Initiating request for download 3439
07-05 13:08:18.117   545   548 D dalvikvm: GC_CONCURRENT freed 227K, 10% free 10627K/11719K, paused 2ms+3ms
07-05 13:08:18.223   545   548 D dalvikvm: GC_CONCURRENT freed 297K, 8% free 10786K/11719K, paused 2ms+2ms
07-05 13:08:18.430   545   548 D dalvikvm: GC_CONCURRENT freed 828K, 12% free 10426K/11719K, paused 2ms+3ms
07-05 13:08:18.598   545   548 D dalvikvm: GC_CONCURRENT freed 416K, 12% free 10406K/11719K, paused 2ms+2ms
07-05 13:08:18.731   545 29094 I DownloadManager: Initiating request for download 3440
07-05 13:08:18.817   545   548 D dalvikvm: GC_CONCURRENT freed 286K, 11% free 10547K/11719K, paused 1ms+3ms
07-05 13:08:18.918   545   548 D dalvikvm: GC_CONCURRENT freed 287K, 9% free 10734K/11719K, paused 2ms+3ms
07-05 13:08:19.067   545   548 D dalvikvm: GC_CONCURRENT freed 727K, 11% free 10466K/11719K, paused 1ms+2ms
07-05 13:08:19.164  1370 29096 E DictionaryProvider:UpdateHandler: Can't read a file : android.util.MalformedJsonException: Use JsonReader.setLenient(true) to accept malformed JSON at line 1 column 20
07-05 13:08:19.301   545   548 D dalvikvm: GC_CONCURRENT freed 435K, 12% free 10426K/11719K, paused 2ms+2ms
07-05 13:08:19.485   545   548 D dalvikvm: GC_CONCURRENT freed 413K, 12% free 10409K/11719K, paused 2ms+2ms
07-05 13:08:19.520   545 29099 I DownloadManager: Initiating request for download 3440
07-05 13:08:19.617   545   548 D dalvikvm: GC_CONCURRENT freed 216K, 10% free 10655K/11719K, paused 2ms+3ms
07-05 13:08:19.727   545   548 D dalvikvm: GC_CONCURRENT freed 410K, 9% free 10695K/11719K, paused 1ms+2ms
07-05 13:08:19.946   545   548 D dalvikvm: GC_CONCURRENT freed 712K, 12% free 10425K/11719K, paused 2ms+2ms
07-05 13:08:20.125   545   548 D dalvikvm: GC_CONCURRENT freed 414K, 12% free 10407K/11719K, paused 2ms+2ms
07-05 13:08:20.254   545 29102 I DownloadManager: Initiating request for download 3441
07-05 13:08:20.336   545   548 D dalvikvm: GC_CONCURRENT freed 278K, 10% free 10587K/11719K, paused 2ms+3ms
07-05 13:08:20.438   545   548 D dalvikvm: GC_CONCURRENT freed 329K, 9% free 10780K/11719K, paused 2ms+3ms
07-05 13:08:20.625   545   548 D dalvikvm: GC_CONCURRENT freed 815K, 11% free 10433K/11719K, paused 2ms+2ms
07-05 13:08:20.680  1370 29104 E DictionaryProvider:UpdateHandler: Can't read a file : android.util.MalformedJsonException: Use JsonReader.setLenient(true) to accept malformed JSON at line 1 column 20
07-05 13:08:20.848   545   548 D dalvikvm: GC_CONCURRENT freed 404K, 12% free 10425K/11719K, paused 2ms+2ms
07-05 13:08:20.977   545 29107 I DownloadManager: Initiating request for download 3441
07-05 13:08:21.020   545   548 D dalvikvm: GC_CONCURRENT freed 372K, 11% free 10477K/11719K, paused 2ms+2ms
07-05 13:08:21.129   545   548 D dalvikvm: GC_CONCURRENT freed 228K, 9% free 10708K/11719K, paused 2ms+2ms
07-05 13:08:21.262   545   548 D dalvikvm: GC_CONCURRENT freed 682K, 11% free 10475K/11719K, paused 2ms+3ms
07-05 13:08:21.469   545   548 D dalvikvm: GC_CONCURRENT freed 442K, 12% free 10428K/11719K, paused 2ms+2ms
07-05 13:08:21.653   545   548 D dalvikvm: GC_CONCURRENT freed 412K, 12% free 10409K/11719K, paused 1ms+2ms
07-05 13:08:21.754   545 29110 I DownloadManager: Initiating request for download 3442
07-05 13:08:21.860   545   548 D dalvikvm: GC_CONCURRENT freed 221K, 10% free 10614K/11719K, paused 1ms+2ms
07-05 13:08:21.957   545   548 D dalvikvm: GC_CONCURRENT freed 313K, 9% free 10758K/11719K, paused 2ms+3ms
07-05 13:08:22.125   545   548 D dalvikvm: GC_CONCURRENT freed 750K, 11% free 10471K/11719K, paused 2ms+2ms
07-05 13:08:22.309   545   548 D dalvikvm: GC_CONCURRENT freed 442K, 12% free 10424K/11719K, paused 2ms+3ms
07-05 13:08:23.821  1370 29112 E DictionaryProvider:UpdateHandler: Can't read a file : android.util.MalformedJsonException: Use JsonReader.setLenient(true) to accept malformed JSON at line 1 column 20
07-05 13:08:23.860   545   548 D dalvikvm: GC_CONCURRENT freed 362K, 11% free 10455K/11719K, paused 2ms+2ms
07-05 13:08:24.113   545   548 D dalvikvm: GC_CONCURRENT freed 423K, 12% free 10427K/11719K, paused 2ms+3ms
07-05 13:08:24.293   545   548 D dalvikvm: GC_CONCURRENT freed 408K, 12% free 10413K/11719K, paused 2ms+2ms
07-05 13:08:24.426   545 29115 I DownloadManager: Initiating request for download 3443
07-05 13:08:24.508   545   548 D dalvikvm: GC_CONCURRENT freed 264K, 10% free 10594K/11719K, paused 2ms+3ms
