07-12 18:24:01.247   271   273 D dalvikvm: GC_CONCURRENT freed 334K, 10% free 9950K/11015K, paused 2ms+3ms
07-12 18:24:01.407   271   273 D dalvikvm: GC_CONCURRENT freed 334K, 10% free 10012K/11015K, paused 1ms+3ms
07-12 18:24:01.559   271   273 D dalvikvm: GC_CONCURRENT freed 334K, 9% free 10075K/11015K, paused 1ms+3ms
07-12 18:24:01.712   271   273 D dalvikvm: GC_CONCURRENT freed 333K, 8% free 10138K/11015K, paused 2ms+3ms
07-12 18:24:01.856   271   273 D dalvikvm: GC_CONCURRENT freed 334K, 8% free 10200K/11015K, paused 1ms+3ms
07-12 18:24:28.727   145  1443 E DhcpStateMachine: DHCP failed on wlan0: Timed out waiting for DHCP to finish
07-12 18:24:28.942   145   200 E WifiStateMachine: IP configuration failed
07-12 18:24:28.966    76   117 D CommandListener: Clearing all IP addresses on wlan0
07-12 18:24:29.005   145   203 D ConnectivityService: ConnectivityChange for WIFI: DISCONNECTED/DISCONNECTED
07-12 18:24:29.005   145   203 D ConnectivityService: Attempting to switch to mobile
07-12 18:24:29.005   145   203 D ConnectivityService: Attempting to switch to WIMAX
07-12 18:24:29.005   145   203 D ConnectivityService: Attempting to switch to BLUETOOTH_TETHER
07-12 18:24:29.017   145   197 W NetworkStats: dropping UID delta from unknown iface: iface=wlan0 uid=0 set=DEFAULT tag=0x0 rxBytes=0 rxPackets=0 txBytes=384 txPackets=6 operations=0
07-12 18:24:29.028   145   198 D NetworkPolicy: applying policy NetworkPolicy[NetworkTemplate: matchRule=MOBILE_ALL, subscriberId=valid]: cycleDay=5, warningBytes=2147483648, limitBytes=-1, lastSnooze=-1 to ifaces [rmnet0]
07-12 18:24:29.032   145   198 D NetworkPolicy: applying policy NetworkPolicy[NetworkTemplate: matchRule=MOBILE_ALL, subscriberId=valid]: cycleDay=5, warningBytes=2147483648, limitBytes=-1, lastSnooze=-1 to ifaces [rmnet0]
07-12 18:24:30.188   269   269 I wpa_supplicant: wlan0: Trying to associate with SSID 'UBMESH2'
07-12 18:24:30.243   269   269 I wpa_supplicant: wlan0: Association request to the driver failed
07-12 18:24:30.247   269   269 I wpa_supplicant: wlan0: CTRL-EVENT-DISCONNECTED bssid=00:00:00:00:00:00 reason=0
07-12 18:24:30.290   269   269 I wpa_supplicant: wlan0: Associated with 9a:cf:31:82:73:eb
07-12 18:24:30.290   269   269 I wpa_supplicant: wlan0: CTRL-EVENT-CONNECTED - Connection to 9a:cf:31:82:73:eb completed (reauth) [id=6 id_str=]
07-12 18:24:32.020   145   206 D Tethering: MasterInitialState.processMessage what=3
07-12 18:24:32.075   145   206 D Tethering: MasterInitialState.processMessage what=3
07-12 18:24:32.102   870   870 I MediaUploader: No need to wake up
07-12 18:24:32.106   463   463 I PhoneLab-WiFiReceiver: Wi-Fi is disconnected!
07-12 18:24:32.138   870   870 I MediaUploader: No need to wake up
07-12 18:24:32.145   889   903 D PicasaSyncManager: active network: NetworkInfo: type: mobile[CDMA - EvDo rev. A], state: CONNECTED/CONNECTED, reason: (unspecified), extra: , roaming: false, failover: false, isAvailable: true
07-12 18:24:32.145   889   903 D PicasaSyncManager: background data: true
07-12 18:24:32.290   271   273 D dalvikvm: GC_CONCURRENT freed 335K, 7% free 10262K/11015K, paused 2ms+8ms
07-12 18:24:32.450   271   273 D dalvikvm: GC_CONCURRENT freed 1303K, 16% free 9356K/11015K, paused 2ms+3ms
07-12 18:24:32.579   145   203 D ConnectivityService: handleInetConditionHoldEnd: net=0, condition=100, published condition=100
07-12 18:24:32.606   271   273 D dalvikvm: GC_CONCURRENT freed 332K, 15% free 9417K/11015K, paused 2ms+3ms
07-12 18:24:32.751   271   273 D dalvikvm: GC_CONCURRENT freed 333K, 14% free 9480K/11015K, paused 2ms+4ms
07-12 18:24:32.903   271   273 D dalvikvm: GC_CONCURRENT freed 331K, 14% free 9540K/11015K, paused 2ms+2ms
07-12 18:24:33.036   271   273 D dalvikvm: GC_CONCURRENT freed 333K, 13% free 9605K/11015K, paused 2ms+3ms
07-12 18:24:33.188   271   273 D dalvikvm: GC_CONCURRENT freed 335K, 13% free 9667K/11015K, paused 1ms+3ms
07-12 18:24:33.337   271   273 D dalvikvm: GC_CONCURRENT freed 334K, 12% free 9730K/11015K, paused 1ms+3ms
07-12 18:24:33.485   271   273 D dalvikvm: GC_CONCURRENT freed 335K, 12% free 9791K/11015K, paused 1ms+3ms
07-12 18:24:33.642   271   273 D dalvikvm: GC_CONCURRENT freed 335K, 11% free 9853K/11015K, paused 2ms+3ms
07-12 18:24:33.782   271   273 D dalvikvm: GC_CONCURRENT freed 333K, 10% free 9916K/11015K, paused 2ms+3ms
07-12 18:24:33.931   271   273 D dalvikvm: GC_CONCURRENT freed 330K, 10% free 9975K/11015K, paused 2ms+3ms
07-12 18:24:34.091   271   273 D dalvikvm: GC_CONCURRENT freed 333K, 9% free 10038K/11015K, paused 1ms+3ms
07-12 18:24:34.239   271   273 D dalvikvm: GC_CONCURRENT freed 332K, 9% free 10102K/11015K, paused 1ms+3ms
07-12 18:24:34.392   271   273 D dalvikvm: GC_CONCURRENT freed 334K, 8% free 10164K/11015K, paused 1ms+3ms
07-12 18:24:34.552   271   273 D dalvikvm: GC_CONCURRENT freed 335K, 8% free 10226K/11015K, paused 1ms+3ms
07-12 18:25:00.692   145  1452 E DhcpStateMachine: DHCP failed on wlan0: Timed out waiting for DHCP to finish
07-12 18:25:00.911   145   200 E WifiStateMachine: IP configuration failed
07-12 18:25:00.931    76   117 D CommandListener: Clearing all IP addresses on wlan0
07-12 18:25:00.985   145   203 D ConnectivityService: ConnectivityChange for WIFI: DISCONNECTED/DISCONNECTED
07-12 18:25:00.985   145   203 D ConnectivityService: Attempting to switch to mobile
07-12 18:25:00.989   145   203 D ConnectivityService: Attempting to switch to WIMAX
07-12 18:25:00.989   145   203 D ConnectivityService: Attempting to switch to BLUETOOTH_TETHER
07-12 18:25:01.005   145   197 W NetworkStats: dropping UID delta from unknown iface: iface=wlan0 uid=0 set=DEFAULT tag=0x0 rxBytes=0 rxPackets=0 txBytes=384 txPackets=6 operations=0
07-12 18:25:01.017   145   198 D NetworkPolicy: applying policy NetworkPolicy[NetworkTemplate: matchRule=MOBILE_ALL, subscriberId=valid]: cycleDay=5, warningBytes=2147483648, limitBytes=-1, lastSnooze=-1 to ifaces [rmnet0]
07-12 18:25:01.020   145   198 D NetworkPolicy: applying policy NetworkPolicy[NetworkTemplate: matchRule=MOBILE_ALL, subscriberId=valid]: cycleDay=5, warningBytes=2147483648, limitBytes=-1, lastSnooze=-1 to ifaces [rmnet0]
07-12 18:25:03.255   269   269 I wpa_supplicant: wlan0: Trying to associate with 00:24:14:ff:8b:e1 (SSID='UB_Secure' freq=2462 MHz)
07-12 18:25:03.290   269   269 I wpa_supplicant: wlan0: Association request to the driver failed
07-12 18:25:03.290   269   269 I wpa_supplicant: wlan0: CTRL-EVENT-DISCONNECTED bssid=00:24:14:ff:8b:e1 reason=0
07-12 18:25:03.376   145   147 D dalvikvm: GC_CONCURRENT freed 910K, 12% free 13027K/14727K, paused 2ms+6ms
07-12 18:25:03.884   269   269 I wpa_supplicant: wlan0: Trying to associate with 00:24:14:ff:8a:11 (SSID='UB_Secure' freq=2462 MHz)
07-12 18:25:03.989    76   114 D NetlinkEvent: Unexpected netlink message. type=0xf
07-12 18:25:04.017   145   206 D Tethering: MasterInitialState.processMessage what=3
07-12 18:25:04.044   145   206 D Tethering: MasterInitialState.processMessage what=3
07-12 18:25:04.095   494   494 D dalvikvm: GC_EXPLICIT freed 264K, 6% free 10101K/10695K, paused 2ms+4ms
07-12 18:25:04.114   889   903 D PicasaSyncManager: active network: NetworkInfo: type: mobile[CDMA - EvDo rev. A], state: CONNECTED/CONNECTED, reason: (unspecified), extra: , roaming: false, failover: false, isAvailable: true
07-12 18:25:04.122   870   870 I MediaUploader: No need to wake up
07-12 18:25:04.126   463   463 I PhoneLab-WiFiReceiver: Wi-Fi is disconnected!
07-12 18:25:04.145   889   903 D PicasaSyncManager: background data: true
07-12 18:25:04.145   889   903 D PicasaSyncManager: active network: NetworkInfo: type: mobile[CDMA - EvDo rev. A], state: CONNECTED/CONNECTED, reason: (unspecified), extra: , roaming: false, failover: false, isAvailable: true
07-12 18:25:04.149   889   903 D PicasaSyncManager: background data: true
07-12 18:25:04.161   870   870 I MediaUploader: No need to wake up
07-12 18:25:04.329   271   273 D dalvikvm: GC_CONCURRENT freed 335K, 7% free 10287K/11015K, paused 2ms+7ms
07-12 18:25:04.477   271   273 D dalvikvm: GC_CONCURRENT freed 1303K, 15% free 9381K/11015K, paused 1ms+3ms
07-12 18:25:04.559   145   203 D ConnectivityService: handleInetConditionHoldEnd: net=0, condition=100, published condition=100
07-12 18:25:04.634   271   273 D dalvikvm: GC_CONCURRENT freed 335K, 15% free 9444K/11015K, paused 2ms+3ms
07-12 18:25:04.790   271   273 D dalvikvm: GC_CONCURRENT freed 333K, 14% free 9507K/11015K, paused 1ms+3ms
07-12 18:25:04.931   271   273 D dalvikvm: GC_CONCURRENT freed 331K, 14% free 9565K/11015K, paused 2ms+2ms
07-12 18:25:05.079   271   273 D dalvikvm: GC_CONCURRENT freed 332K, 13% free 9629K/11015K, paused 1ms+3ms
07-12 18:25:05.212   271   273 D dalvikvm: GC_CONCURRENT freed 328K, 13% free 9687K/11015K, paused 2ms+3ms
07-12 18:25:05.364   271   273 D dalvikvm: GC_CONCURRENT freed 331K, 12% free 9753K/11015K, paused 2ms+4ms
07-12 18:25:05.509   271   273 D dalvikvm: GC_CONCURRENT freed 335K, 11% free 9814K/11015K, paused 2ms+3ms
07-12 18:25:05.661   271   273 D dalvikvm: GC_CONCURRENT freed 334K, 11% free 9876K/11015K, paused 1ms+3ms
07-12 18:25:05.806   271   273 D dalvikvm: GC_CONCURRENT freed 328K, 10% free 9935K/11015K, paused 1ms+3ms
07-12 18:25:05.962   271   273 D dalvikvm: GC_CONCURRENT freed 332K, 10% free 9999K/11015K, paused 1ms+3ms
07-12 18:25:06.106   271   273 D dalvikvm: GC_CONCURRENT freed 333K, 9% free 10062K/11015K, paused 2ms+3ms
07-12 18:25:06.263   271   273 D dalvikvm: GC_CONCURRENT freed 332K, 9% free 10127K/11015K, paused 2ms+4ms
07-12 18:25:06.423   271   273 D dalvikvm: GC_CONCURRENT freed 336K, 8% free 10187K/11015K, paused 1ms+3ms
07-12 18:25:06.575   271   273 D dalvikvm: GC_CONCURRENT freed 334K, 7% free 10249K/11015K, paused 2ms+3ms
07-12 18:25:13.938   269   269 I wpa_supplicant: wlan0: Authentication with 00:24:14:ff:8a:11 timed out.
07-12 18:25:15.497   269   269 I wpa_supplicant: wlan0: Trying to associate with SSID 'UBMESH2'
07-12 18:25:15.575    76   114 D NetlinkEvent: Unexpected netlink message. type=0x30
07-12 18:25:15.579   269   269 I wpa_supplicant: wlan0: Associated with 86:34:d6:5c:9a:30
07-12 18:25:15.579   269   269 I wpa_supplicant: wlan0: CTRL-EVENT-CONNECTED - Connection to 86:34:d6:5c:9a:30 completed (reauth) [id=6 id_str=]
07-12 18:25:15.645   145   427 D dalvikvm: GC_EXPLICIT freed 239K, 12% free 12989K/14727K, paused 2ms+7ms
07-12 18:25:15.731   216   218 D dalvikvm: GC_CONCURRENT freed 363K, 29% free 9938K/13895K, paused 2ms+2ms
07-12 18:25:15.809   216   218 D dalvikvm: GC_CONCURRENT freed 507K, 30% free 9864K/13895K, paused 2ms+2ms
07-12 18:25:16.009   216   218 D dalvikvm: GC_CONCURRENT freed 332K, 29% free 9922K/13895K, paused 3ms+4ms
07-12 18:25:24.063   463   952 I PhoneLab-: Service Running
07-12 18:25:24.169   463   464 D dalvikvm: GC_CONCURRENT freed 388K, 18% free 9155K/11079K, paused 2ms+2ms
07-12 18:25:24.177   463   952 I PhoneLab-LoggerService: app_49    957   463   1480   1112  c00f181c 400107b4 S logcat
07-12 18:25:24.177   463   952 I PhoneLab-LoggerService: Logcat pid from database 957
07-12 18:25:24.177   463   952 I PhoneLab-LoggerService: Logcat process found 957
07-12 18:25:24.177   463   952 I PhoneLab-LoggerService: Checking Threshold
07-12 18:25:24.177   463   952 I PhoneLab-LoggerService: Starting to rename files
07-12 18:25:24.177   463   952 I PhoneLab-LoggerService: Files found .. 2
07-12 18:25:24.177   463   952 I PhoneLab-LoggerService: File 1 log.out.1
07-12 18:25:24.200   463   952 I PhoneLab-LoggerService: Renamed successfully
07-12 18:25:45.966   145  1463 E DhcpStateMachine: DHCP failed on wlan0: Timed out waiting for DHCP to finish
07-12 18:25:46.184   145   200 E WifiStateMachine: IP configuration failed
07-12 18:25:46.212    76   117 D CommandListener: Clearing all IP addresses on wlan0
07-12 18:25:46.243   145   203 D ConnectivityService: ConnectivityChange for WIFI: DISCONNECTED/DISCONNECTED
07-12 18:25:46.243   145   203 D ConnectivityService: Attempting to switch to mobile
07-12 18:25:46.243   145   203 D ConnectivityService: Attempting to switch to WIMAX
07-12 18:25:46.243   145   203 D ConnectivityService: Attempting to switch to BLUETOOTH_TETHER
07-12 18:25:46.267   145   197 W NetworkStats: dropping UID delta from unknown iface: iface=wlan0 uid=0 set=DEFAULT tag=0x0 rxBytes=0 rxPackets=0 txBytes=384 txPackets=6 operations=0
07-12 18:25:46.286   145   198 D NetworkPolicy: applying policy NetworkPolicy[NetworkTemplate: matchRule=MOBILE_ALL, subscriberId=valid]: cycleDay=5, warningBytes=2147483648, limitBytes=-1, lastSnooze=-1 to ifaces [rmnet0]
07-12 18:25:46.294   145   198 D NetworkPolicy: applying policy NetworkPolicy[NetworkTemplate: matchRule=MOBILE_ALL, subscriberId=valid]: cycleDay=5, warningBytes=2147483648, limitBytes=-1, lastSnooze=-1 to ifaces [rmnet0]
07-12 18:25:46.356   216   218 D dalvikvm: GC_CONCURRENT freed 509K, 30% free 9848K/13895K, paused 2ms+2ms
07-12 18:25:46.423   216   218 D dalvikvm: GC_CONCURRENT freed 454K, 30% free 9864K/13895K, paused 2ms+3ms
07-12 18:25:47.442   269   269 I wpa_supplicant: wlan0: Trying to associate with SSID 'UBMESH2'
07-12 18:25:47.493   269   269 I wpa_supplicant: wlan0: Association request to the driver failed
07-12 18:25:47.493   269   269 I wpa_supplicant: wlan0: CTRL-EVENT-DISCONNECTED bssid=00:00:00:00:00:00 reason=0
07-12 18:25:47.540   269   269 I wpa_supplicant: wlan0: Associated with ae:aa:ea:ab:aa:a2
07-12 18:25:47.540   269   269 I wpa_supplicant: wlan0: CTRL-EVENT-CONNECTED - Connection to ae:aa:ea:ab:aa:a2 completed (reauth) [id=6 id_str=]
07-12 18:25:49.267   145   206 D Tethering: MasterInitialState.processMessage what=3
07-12 18:25:49.325   889   903 D PicasaSyncManager: active network: NetworkInfo: type: mobile[CDMA - EvDo rev. A], state: CONNECTED/CONNECTED, reason: (unspecified), extra: , roaming: false, failover: false, isAvailable: true
07-12 18:25:49.325   889   903 D PicasaSyncManager: background data: true
07-12 18:25:49.329   145   206 D Tethering: MasterInitialState.processMessage what=3
07-12 18:25:49.352   870   870 I MediaUploader: No need to wake up
07-12 18:25:49.356   463   463 I PhoneLab-WiFiReceiver: Wi-Fi is disconnected!
07-12 18:25:49.388   870   870 I MediaUploader: No need to wake up
07-12 18:25:49.395   889   903 D PicasaSyncManager: active network: NetworkInfo: type: mobile[CDMA - EvDo rev. A], state: CONNECTED/CONNECTED, reason: (unspecified), extra: , roaming: false, failover: false, isAvailable: true
07-12 18:25:49.395   889   903 D PicasaSyncManager: background data: true
07-12 18:25:49.610   271   273 D dalvikvm: GC_CONCURRENT freed 335K, 7% free 10310K/11015K, paused 2ms+9ms
07-12 18:25:49.763   271   273 D dalvikvm: GC_CONCURRENT freed 1301K, 15% free 9405K/11015K, paused 1ms+3ms
07-12 18:25:49.817   145   203 D ConnectivityService: handleInetConditionHoldEnd: net=0, condition=100, published condition=100
07-12 18:25:49.915   271   273 D dalvikvm: GC_CONCURRENT freed 333K, 15% free 9469K/11015K, paused 2ms+5ms
07-12 18:25:50.067   271   273 D dalvikvm: GC_CONCURRENT freed 336K, 14% free 9529K/11015K, paused 1ms+3ms
07-12 18:25:50.204   271   273 D dalvikvm: GC_CONCURRENT freed 334K, 13% free 9591K/11015K, paused 2ms+3ms
07-12 18:25:50.352   271   273 D dalvikvm: GC_CONCURRENT freed 333K, 13% free 9655K/11015K, paused 2ms+3ms
07-12 18:25:50.489   271   273 D dalvikvm: GC_CONCURRENT freed 329K, 12% free 9717K/11015K, paused 2ms+3ms
07-12 18:25:50.645   271   273 D dalvikvm: GC_CONCURRENT freed 334K, 12% free 9779K/11015K, paused 2ms+4ms
07-12 18:25:50.802   271   273 D dalvikvm: GC_CONCURRENT freed 336K, 11% free 9839K/11015K, paused 1ms+3ms
07-12 18:25:50.954   271   273 D dalvikvm: GC_CONCURRENT freed 334K, 11% free 9900K/11015K, paused 1ms+3ms
07-12 18:25:51.110   271   273 D dalvikvm: GC_CONCURRENT freed 334K, 10% free 9963K/11015K, paused 2ms+3ms
07-12 18:25:51.251   271   273 D dalvikvm: GC_CONCURRENT freed 333K, 9% free 10026K/11015K, paused 1ms+3ms
07-12 18:25:51.419   271   273 D dalvikvm: GC_CONCURRENT freed 333K, 9% free 10088K/11015K, paused 2ms+3ms
07-12 18:25:51.567   271   273 D dalvikvm: GC_CONCURRENT freed 333K, 8% free 10151K/11015K, paused 2ms+3ms
07-12 18:25:51.716   271   273 D dalvikvm: GC_CONCURRENT freed 334K, 8% free 10213K/11015K, paused 2ms+3ms
07-12 18:26:17.946   145  1472 E DhcpStateMachine: DHCP failed on wlan0: Timed out waiting for DHCP to finish
07-12 18:26:18.165   145   200 E WifiStateMachine: IP configuration failed
07-12 18:26:18.192    76   117 D CommandListener: Clearing all IP addresses on wlan0
07-12 18:26:18.212   145   203 D ConnectivityService: ConnectivityChange for WIFI: DISCONNECTED/DISCONNECTED
07-12 18:26:18.212   145   203 D ConnectivityService: Attempting to switch to mobile
07-12 18:26:18.212   145   203 D ConnectivityService: Attempting to switch to WIMAX
07-12 18:26:18.212   145   203 D ConnectivityService: Attempting to switch to BLUETOOTH_TETHER
07-12 18:26:18.220   145   197 W NetworkStats: dropping UID delta from unknown iface: iface=wlan0 uid=0 set=DEFAULT tag=0x0 rxBytes=0 rxPackets=0 txBytes=384 txPackets=6 operations=0
07-12 18:26:18.235   145   198 D NetworkPolicy: applying policy NetworkPolicy[NetworkTemplate: matchRule=MOBILE_ALL, subscriberId=valid]: cycleDay=5, warningBytes=2147483648, limitBytes=-1, lastSnooze=-1 to ifaces [rmnet0]
07-12 18:26:18.243   145   198 D NetworkPolicy: applying policy NetworkPolicy[NetworkTemplate: matchRule=MOBILE_ALL, subscriberId=valid]: cycleDay=5, warningBytes=2147483648, limitBytes=-1, lastSnooze=-1 to ifaces [rmnet0]
07-12 18:26:19.411   269   269 I wpa_supplicant: wlan0: Trying to associate with 00:22:be:92:fd:b1 (SSID='UB_Secure' freq=2462 MHz)
07-12 18:26:19.466   269   269 I wpa_supplicant: wlan0: Association request to the driver failed
07-12 18:26:19.466   269   269 I wpa_supplicant: wlan0: CTRL-EVENT-DISCONNECTED bssid=00:22:be:92:fd:b1 reason=0
07-12 18:26:20.067   269   269 I wpa_supplicant: wlan0: Trying to associate with 00:13:1a:1f:e1:41 (SSID='UB_Secure' freq=2412 MHz)
07-12 18:26:21.231   145   206 D Tethering: MasterInitialState.processMessage what=3
07-12 18:26:21.298   145   206 D Tethering: MasterInitialState.processMessage what=3
07-12 18:26:21.321   870   870 I MediaUploader: No need to wake up
07-12 18:26:21.325   463   463 I PhoneLab-WiFiReceiver: Wi-Fi is disconnected!
07-12 18:26:21.341   889   903 D PicasaSyncManager: active network: NetworkInfo: type: mobile[CDMA - EvDo rev. A], state: CONNECTED/CONNECTED, reason: (unspecified), extra: , roaming: false, failover: false, isAvailable: true
07-12 18:26:21.352   889   903 D PicasaSyncManager: background data: true
07-12 18:26:21.356   889   903 D PicasaSyncManager: active network: NetworkInfo: type: mobile[CDMA - EvDo rev. A], state: CONNECTED/CONNECTED, reason: (unspecified), extra: , roaming: false, failover: false, isAvailable: true
07-12 18:26:21.356   889   903 D PicasaSyncManager: background data: true
07-12 18:26:21.376   870   870 I MediaUploader: No need to wake up
07-12 18:26:21.415   494   496 D dalvikvm: GC_CONCURRENT freed 405K, 6% free 10138K/10695K, paused 2ms+3ms
07-12 18:26:21.567   271   273 D dalvikvm: GC_CONCURRENT freed 335K, 7% free 10275K/11015K, paused 2ms+7ms
07-12 18:26:21.720   271   273 D dalvikvm: GC_CONCURRENT freed 1298K, 15% free 9364K/11015K, paused 2ms+4ms
07-12 18:26:21.786   145   203 D ConnectivityService: handleInetConditionHoldEnd: net=0, condition=100, published condition=100
07-12 18:26:21.884   271   273 D dalvikvm: GC_CONCURRENT freed 331K, 15% free 9428K/11015K, paused 2ms+4ms
07-12 18:26:22.048   271   273 D dalvikvm: GC_CONCURRENT freed 334K, 14% free 9491K/11015K, paused 2ms+3ms
07-12 18:26:22.204   271   273 D dalvikvm: GC_CONCURRENT freed 334K, 14% free 9553K/11015K, paused 2ms+2ms
07-12 18:26:22.345   271   273 D dalvikvm: GC_CONCURRENT freed 333K, 13% free 9616K/11015K, paused 1ms+3ms
07-12 18:26:22.485   271   273 D dalvikvm: GC_CONCURRENT freed 329K, 13% free 9674K/11015K, paused 2ms+3ms
07-12 18:26:22.626   271   273 D dalvikvm: GC_CONCURRENT freed 325K, 12% free 9736K/11015K, paused 2ms+3ms
07-12 18:26:22.774   271   273 D dalvikvm: GC_CONCURRENT freed 327K, 12% free 9796K/11015K, paused 1ms+3ms
07-12 18:26:22.923   271   273 D dalvikvm: GC_CONCURRENT freed 327K, 11% free 9856K/11015K, paused 2ms+3ms
07-12 18:26:23.071   271   273 D dalvikvm: GC_CONCURRENT freed 332K, 10% free 9920K/11015K, paused 2ms+3ms
07-12 18:26:23.235   271   273 D dalvikvm: GC_CONCURRENT freed 334K, 10% free 9983K/11015K, paused 2ms+3ms
07-12 18:26:23.388   271   273 D dalvikvm: GC_CONCURRENT freed 328K, 9% free 10055K/11015K, paused 1ms+3ms
07-12 18:26:23.552   271   273 D dalvikvm: GC_CONCURRENT freed 337K, 9% free 10112K/11015K, paused 2ms+3ms
07-12 18:26:23.716   271   273 D dalvikvm: GC_CONCURRENT freed 337K, 8% free 10171K/11015K, paused 2ms+3ms
07-12 18:26:23.868   271   273 D dalvikvm: GC_CONCURRENT freed 333K, 8% free 10234K/11015K, paused 2ms+3ms
07-12 18:26:30.259   269   269 I wpa_supplicant: wlan0: Authentication with 00:13:1a:1f:e1:41 timed out.
07-12 18:26:31.817   269   269 I wpa_supplicant: wlan0: Trying to associate with 00:22:0d:44:c5:e1 (SSID='UB_Secure' freq=2412 MHz)
07-12 18:26:31.880   269   269 I wpa_supplicant: wlan0: Associated with 00:22:0d:44:c5:e1
07-12 18:26:31.880   269   269 I wpa_supplicant: wlan0: CTRL-EVENT-EAP-STARTED EAP authentication started
07-12 18:26:31.884   269   269 I wpa_supplicant: wlan0: CTRL-EVENT-EAP-PROPOSED-METHOD vendor=0 method=4 -> NAK
07-12 18:26:31.892   269   269 I wpa_supplicant: wlan0: CTRL-EVENT-EAP-PROPOSED-METHOD vendor=0 method=25
07-12 18:26:31.892   269   269 I wpa_supplicant: wlan0: CTRL-EVENT-EAP-METHOD EAP vendor 0 method 25 (PEAP) selected
07-12 18:26:31.942   216   216 D dalvikvm: GC_FOR_ALLOC freed 470K, 30% free 9760K/13895K, paused 18ms
07-12 18:26:31.950   269   269 I wpa_supplicant: wlan0: CTRL-EVENT-EAP-PEER-CERT depth=2 subject='/C=US/O=Entrust.net/OU=www.entrust.net/CPS incorp. by ref. (limits liab.)/OU=(c) 1999 Entrust.net Limited/CN=Entrust.net Secure Server Certification Authority'
07-12 18:26:31.950   269   269 I wpa_supplicant: wlan0: CTRL-EVENT-EAP-PEER-CERT depth=2 subject='/C=US/O=Entrust.net/OU=www.entrust.net/CPS incorp. by ref. (limits liab.)/OU=(c) 1999 Entrust.net Limited/CN=Entrust.net Secure Server Certification Authority'
07-12 18:26:31.950   269   269 I wpa_supplicant: wlan0: CTRL-EVENT-EAP-PEER-CERT depth=1 subject='/C=US/ST=UT/L=Salt Lake City/O=The USERTRUST Network/CN=USERTrust Legacy Secure Server CA'
07-12 18:26:31.954   269   269 I wpa_supplicant: wlan0: CTRL-EVENT-EAP-PEER-CERT depth=0 subject='/C=US/postalCode=14260/ST=New York/L=Buffalo/street=305 Computing Center/O=SUNY AT BUFFALO/OU=Office of the President/OU=Issued through UNIVERSITY AT BUFFALO E-PKI Manager/OU=PremiumSSL Legacy/CN=ubsecure.acsu.buffalo.edu'
07-12 18:26:32.028   216   218 D dalvikvm: GC_CONCURRENT freed 355K, 29% free 9882K/13895K, paused 1ms+2ms
07-12 18:26:32.106   269   269 I wpa_supplicant: EAP-MSCHAPV2: Authentication succeeded
07-12 18:26:32.110   269   269 I wpa_supplicant: EAP-TLV: TLV Result - Success - EAP-TLV/Phase2 Completed
07-12 18:26:32.114   269   269 I wpa_supplicant: wlan0: CTRL-EVENT-EAP-SUCCESS EAP authentication completed successfully
07-12 18:26:32.134   269   269 I wpa_supplicant: wlan0: WPA: Key negotiation completed with 00:22:0d:44:c5:e1 [PTK=CCMP GTK=TKIP]
07-12 18:26:32.134   269   269 I wpa_supplicant: wlan0: CTRL-EVENT-CONNECTED - Connection to 00:22:0d:44:c5:e1 completed (reauth) [id=8 id_str=]
07-12 18:26:32.235   216   218 D dalvikvm: GC_CONCURRENT freed 386K, 29% free 9923K/13895K, paused 2ms+3ms
07-12 18:26:32.274   145   147 D dalvikvm: GC_CONCURRENT freed 829K, 12% free 13033K/14727K, paused 2ms+5ms
07-12 18:26:32.782   145   203 D ConnectivityService: ConnectivityChange for WIFI: CONNECTED/CONNECTED
07-12 18:26:32.782   145   203 D ConnectivityService: Policy requires mobile teardown
07-12 18:26:32.825   145   197 W NetworkStats: dropping UID delta from unknown iface: iface=wlan0 uid=0 set=DEFAULT tag=0x0 rxBytes=0 rxPackets=0 txBytes=76 txPackets=1 operations=0
07-12 18:26:32.829   463   463 I PhoneLab-WiFiReceiver: Wi-Fi is connected!
07-12 18:26:32.829   463   463 I PhoneLab-WiFiReceiver: SSID: UB_Secure BSSID: 00:22:0d:44:c5:e1 RSSI: -200 LinkSpeed: -1
07-12 18:26:32.829   463   463 I PhoneLab-Locks: wake lock acquired
07-12 18:26:32.833   463   463 I PhoneLab-UploadLogs: Transfering log files now
07-12 18:26:32.852   145   203 D ConnectivityService: ConnectivityChange for mobile: DISCONNECTED/DISCONNECTED
07-12 18:26:32.852   145   203 D ConnectivityService: Attempting to switch to WIFI
07-12 18:26:32.852   145   203 D ConnectivityService: Attempting to switch to WIMAX
07-12 18:26:32.852   145   203 D ConnectivityService: Attempting to switch to BLUETOOTH_TETHER
07-12 18:26:32.872   145   203 D NetUtils: android_net_utils_resetConnections in env=0x384c50 clazz=0x38a00001 iface=rmnet0 mask=0x3
07-12 18:26:32.872   145   203 D ConnectivityService: resetConnections(rmnet0, 3)
07-12 18:26:33.005   463   464 D dalvikvm: GC_CONCURRENT freed 424K, 17% free 9228K/11079K, paused 2ms+19ms
07-12 18:26:33.028   216   218 D dalvikvm: GC_CONCURRENT freed 564K, 30% free 9820K/13895K, paused 1ms+2ms
07-12 18:26:33.028   463   463 D dalvikvm: GC_FOR_ALLOC freed 177K, 15% free 9420K/11079K, paused 22ms
07-12 18:26:33.059   463   463 I PhoneLab-UploadLogs: OnStartCommand
07-12 18:26:33.071   463   464 D dalvikvm: GC_CONCURRENT freed 257K, 13% free 9675K/11079K, paused 2ms+2ms
07-12 18:26:33.091   494  1420 W Smack/Packet: notify conn break (IOEx), close connection
07-12 18:26:33.243   494  1420 I qtaguid : Failed write_ctrl(u 70) res=-1 errno=22
07-12 18:26:33.247   494  1420 I qtaguid : Untagging socket 70 failed errno=-22
07-12 18:26:33.247   494  1420 W NetworkManagementSocketTagger: untagSocket(70) failed with errno -22
07-12 18:26:33.263   145   203 D ConnectivityService: handleInetConditionChange: net=0 != default=1 - ignore
07-12 18:26:35.837   145   206 D Tethering: MasterInitialState.processMessage what=3
07-12 18:26:35.884   494   494 I GTalkService/c: [AndroidEndpoint@1094442048] connect: acct=1000000, state=CONNECTING
07-12 18:26:35.915   145   206 D Tethering: MasterInitialState.processMessage what=3
07-12 18:26:35.919   145   206 D Tethering: MasterInitialState.processMessage what=3
07-12 18:26:35.927   870   870 I MediaUploader: No need to wake up
07-12 18:26:35.946   463  1510 D dalvikvm: GC_FOR_ALLOC freed 350K, 13% free 9652K/11079K, paused 13ms
07-12 18:26:35.970   889   903 D PicasaSyncManager: active network: NetworkInfo: type: WIFI[], state: CONNECTED/CONNECTED, reason: (unspecified), extra: (none), roaming: false, failover: false, isAvailable: true
07-12 18:26:35.970   889   903 D PicasaSyncManager: background data: true
07-12 18:26:35.985   463  1510 D dalvikvm: GC_FOR_ALLOC freed 304K, 13% free 9653K/11079K, paused 25ms
07-12 18:26:36.009   870   870 I MediaUploader: No need to wake up
07-12 18:26:36.024   463  1510 D dalvikvm: GC_FOR_ALLOC freed 301K, 13% free 9654K/11079K, paused 31ms
07-12 18:26:36.056   870   870 I MediaUploader: No need to wake up
07-12 18:26:36.091   889   903 D PicasaSyncManager: active network: NetworkInfo: type: WIFI[], state: CONNECTED/CONNECTED, reason: (unspecified), extra: (none), roaming: false, failover: false, isAvailable: true
07-12 18:26:36.091   889   903 D PicasaSyncManager: background data: true
07-12 18:26:36.239   271   273 D dalvikvm: GC_CONCURRENT freed 338K, 7% free 10292K/11015K, paused 2ms+7ms
07-12 18:26:36.380   271   273 D dalvikvm: GC_CONCURRENT freed 1300K, 15% free 9388K/11015K, paused 2ms+3ms
07-12 18:26:36.517   271   273 D dalvikvm: GC_CONCURRENT freed 333K, 15% free 9451K/11015K, paused 2ms+4ms
07-12 18:26:36.665   271   273 D dalvikvm: GC_CONCURRENT freed 337K, 14% free 9510K/11015K, paused 1ms+3ms
07-12 18:26:36.806   271   273 D dalvikvm: GC_CONCURRENT freed 334K, 14% free 9573K/11015K, paused 2ms+7ms
07-12 18:26:36.962   271   273 D dalvikvm: GC_CONCURRENT freed 333K, 13% free 9636K/11015K, paused 2ms+3ms
07-12 18:26:37.102   271   273 D dalvikvm: GC_CONCURRENT freed 335K, 12% free 9697K/11015K, paused 2ms+2ms
07-12 18:26:37.243   271   273 D dalvikvm: GC_CONCURRENT freed 332K, 12% free 9761K/11015K, paused 2ms+3ms
07-12 18:26:37.395   271   273 D dalvikvm: GC_CONCURRENT freed 333K, 11% free 9824K/11015K, paused 1ms+3ms
07-12 18:26:37.552   271   273 D dalvikvm: GC_CONCURRENT freed 336K, 11% free 9889K/11015K, paused 1ms+3ms
07-12 18:26:37.708   271   273 D dalvikvm: GC_CONCURRENT freed 338K, 10% free 9949K/11015K, paused 2ms+3ms
07-12 18:26:37.868   271   273 D dalvikvm: GC_CONCURRENT freed 336K, 10% free 10009K/11015K, paused 1ms+3ms
07-12 18:26:38.009   271   273 D dalvikvm: GC_CONCURRENT freed 333K, 9% free 10071K/11015K, paused 2ms+3ms
07-12 18:26:38.165   271   273 D dalvikvm: GC_CONCURRENT freed 332K, 8% free 10135K/11015K, paused 1ms+3ms
07-12 18:26:38.313   271   273 D dalvikvm: GC_CONCURRENT freed 334K, 8% free 10197K/11015K, paused 2ms+4ms
07-12 18:26:38.454   271   273 D dalvikvm: GC_CONCURRENT freed 303K, 7% free 10279K/11015K, paused 2ms+3ms
07-12 18:26:38.626   317   320 D dalvikvm: GC_CONCURRENT freed 437K, 6% free 9481K/10055K, paused 2ms+2ms
07-12 18:26:38.739   271   273 D dalvikvm: GC_CONCURRENT freed 499K, 8% free 10174K/11015K, paused 2ms+2ms
07-12 18:26:38.923   271   273 D dalvikvm: GC_CONCURRENT freed 406K, 8% free 10163K/11015K, paused 1ms+2ms
07-12 18:26:46.032   463  1510 W System.err: java.net.SocketTimeoutException
07-12 18:26:46.052   463  1510 W System.err: 	at java.net.PlainSocketImpl.read(PlainSocketImpl.java:491)
07-12 18:26:46.056   463  1510 W System.err: 	at java.net.PlainSocketImpl.access$000(PlainSocketImpl.java:46)
07-12 18:26:46.056   463  1510 W System.err: 	at java.net.PlainSocketImpl$PlainSocketInputStream.read(PlainSocketImpl.java:240)
07-12 18:26:46.059   463  1510 W System.err: 	at org.apache.http.impl.io.AbstractSessionInputBuffer.fillBuffer(AbstractSessionInputBuffer.java:103)
07-12 18:26:46.063   463  1510 W System.err: 	at org.apache.http.impl.io.AbstractSessionInputBuffer.readLine(AbstractSessionInputBuffer.java:191)
07-12 18:26:46.063   463  1510 W System.err: 	at org.apache.http.impl.conn.DefaultResponseParser.parseHead(DefaultResponseParser.java:82)
07-12 18:26:46.067   463  1510 W System.err: 	at org.apache.http.impl.io.AbstractMessageParser.parse(AbstractMessageParser.java:174)
07-12 18:26:46.067   463  1510 W System.err: 	at org.apache.http.impl.AbstractHttpClientConnection.receiveResponseHeader(AbstractHttpClientConnection.java:180)
07-12 18:26:46.071   463  1510 W System.err: 	at org.apache.http.impl.conn.DefaultClientConnection.receiveResponseHeader(DefaultClientConnection.java:235)
07-12 18:26:46.071   463  1510 W System.err: 	at org.apache.http.impl.conn.AbstractClientConnAdapter.receiveResponseHeader(AbstractClientConnAdapter.java:259)
07-12 18:26:46.075   463  1510 W System.err: 	at org.apache.http.protocol.HttpRequestExecutor.doReceiveResponse(HttpRequestExecutor.java:279)
07-12 18:26:46.079   463  1510 W System.err: 	at org.apache.http.protocol.HttpRequestExecutor.execute(HttpRequestExecutor.java:121)
07-12 18:26:46.079   463  1510 W System.err: 	at org.apache.http.impl.client.DefaultRequestDirector.execute(DefaultRequestDirector.java:428)
07-12 18:26:46.087   463  1510 W System.err: 	at org.apache.http.impl.client.AbstractHttpClient.execute(AbstractHttpClient.java:555)
07-12 18:26:46.091   463  1510 W System.err: 	at org.apache.http.impl.client.AbstractHttpClient.execute(AbstractHttpClient.java:487)
07-12 18:26:46.095   463  1510 W System.err: 	at com.loopj.android.http.AsyncHttpRequest.makeRequest(Unknown Source)
07-12 18:26:46.095   463  1510 W System.err: 	at com.loopj.android.http.AsyncHttpRequest.makeRequestWithRetries(Unknown Source)
07-12 18:26:46.099   463  1510 W System.err: 	at com.loopj.android.http.AsyncHttpRequest.run(Unknown Source)
07-12 18:26:46.099   463  1510 W System.err: 	at java.util.concurrent.Executors$RunnableAdapter.call(Executors.java:442)
07-12 18:26:46.099   463  1510 W System.err: 	at java.util.concurrent.FutureTask$Sync.innerRun(FutureTask.java:305)
07-12 18:26:46.099   463  1510 W System.err: 	at java.util.concurrent.FutureTask.run(FutureTask.java:137)
07-12 18:26:46.099   463  1510 W System.err: 	at java.util.concurrent.ThreadPoolExecutor.runWorker(ThreadPoolExecutor.java:1076)
07-12 18:26:46.099   463  1510 W System.err: 	at java.util.concurrent.ThreadPoolExecutor$Worker.run(ThreadPoolExecutor.java:569)
07-12 18:26:46.099   463  1510 W System.err: 	at java.lang.Thread.run(Thread.java:856)
07-12 18:26:46.099   463  1510 W System.err: java.net.SocketTimeoutException
07-12 18:26:46.102   463  1510 W System.err: 	at java.net.PlainSocketImpl.read(PlainSocketImpl.java:491)
07-12 18:26:46.102   463  1510 W System.err: 	at java.net.PlainSocketImpl.access$000(PlainSocketImpl.java:46)
07-12 18:26:46.102   463  1510 W System.err: 	at java.net.PlainSocketImpl$PlainSocketInputStream.read(PlainSocketImpl.java:240)
07-12 18:26:46.102   463  1510 W System.err: 	at org.apache.http.impl.io.AbstractSessionInputBuffer.fillBuffer(AbstractSessionInputBuffer.java:103)
07-12 18:26:46.102   463  1510 W System.err: 	at org.apache.http.impl.io.AbstractSessionInputBuffer.readLine(AbstractSessionInputBuffer.java:191)
07-12 18:26:46.102   463  1510 W System.err: 	at org.apache.http.impl.conn.DefaultResponseParser.parseHead(DefaultResponseParser.java:82)
07-12 18:26:46.102   463  1510 W System.err: 	at org.apache.http.impl.io.AbstractMessageParser.parse(AbstractMessageParser.java:174)
07-12 18:26:46.102   463  1510 W System.err: 	at org.apache.http.impl.AbstractHttpClientConnection.receiveResponseHeader(AbstractHttpClientConnection.java:180)
07-12 18:26:46.102   463  1510 W System.err: 	at org.apache.http.impl.conn.DefaultClientConnection.receiveResponseHeader(DefaultClientConnection.java:235)
07-12 18:26:46.106   463  1510 W System.err: 	at org.apache.http.impl.conn.AbstractClientConnAdapter.receiveResponseHeader(AbstractClientConnAdapter.java:259)
07-12 18:26:46.106   463  1510 W System.err: 	at org.apache.http.protocol.HttpRequestExecutor.doReceiveResponse(HttpRequestExecutor.java:279)
07-12 18:26:46.106   463  1510 W System.err: 	at org.apache.http.protocol.HttpRequestExecutor.execute(HttpRequestExecutor.java:121)
07-12 18:26:46.106   463  1510 W System.err: 	at org.apache.http.impl.client.DefaultRequestDirector.execute(DefaultRequestDirector.java:428)
07-12 18:26:46.106   463  1510 W System.err: 	at org.apache.http.impl.client.AbstractHttpClient.execute(AbstractHttpClient.java:555)
07-12 18:26:46.106   463  1510 W System.err: 	at org.apache.http.impl.client.AbstractHttpClient.execute(AbstractHttpClient.java:487)
07-12 18:26:46.106   463  1510 W System.err: 	at com.loopj.android.http.AsyncHttpRequest.makeRequest(Unknown Source)
07-12 18:26:46.106   463  1510 W System.err: 	at com.loopj.android.http.AsyncHttpRequest.makeRequestWithRetries(Unknown Source)
07-12 18:26:46.106   463  1510 W System.err: 	at com.loopj.android.http.AsyncHttpRequest.run(Unknown Source)
07-12 18:26:46.106   463  1510 W System.err: 	at java.util.concurrent.Executors$RunnableAdapter.call(Executors.java:442)
07-12 18:26:46.106   463  1510 W System.err: 	at java.util.concurrent.FutureTask$Sync.innerRun(FutureTask.java:305)
07-12 18:26:46.106   463  1510 W System.err: 	at java.util.concurrent.FutureTask.run(FutureTask.java:137)
07-12 18:26:46.106   463  1510 W System.err: 	at java.util.concurrent.ThreadPoolExecutor.runWorker(ThreadPoolExecutor.java:1076)
07-12 18:26:46.106   463  1510 W System.err: 	at java.util.concurrent.ThreadPoolExecutor$Worker.run(ThreadPoolExecutor.java:569)
07-12 18:26:46.106   463  1510 W System.err: 	at java.lang.Thread.run(Thread.java:856)
07-12 18:26:46.106   463   463 E PhoneLab-: Transfering 1342131924180.log failed
07-12 18:26:46.106   463   463 I PhoneLab-Locks: wake lock released
07-12 18:26:47.645   269   269 I wpa_supplicant: wlan0: CTRL-EVENT-DISCONNECTED bssid=00:22:0d:44:c5:e1 reason=0
07-12 18:26:47.649    76   117 D CommandListener: Clearing all IP addresses on wlan0
07-12 18:26:47.724   145   203 D ConnectivityService: ConnectivityChange for WIFI: DISCONNECTED/DISCONNECTED
07-12 18:26:47.724   145   203 D ConnectivityService: Attempting to switch to mobile
07-12 18:26:47.724   145   203 D ConnectivityService: Attempting to switch to WIMAX
07-12 18:26:47.724   145   203 D ConnectivityService: Attempting to switch to BLUETOOTH_TETHER
07-12 18:26:47.755   145   203 D NetUtils: android_net_utils_resetConnections in env=0x384c50 clazz=0x46a00001 iface=wlan0 mask=0x3
07-12 18:26:47.755   145   203 E ConnectivityService: Exception trying to remove a route: java.lang.IllegalStateException: Unable to communicate with native dameon to add routes - com.android.server.NativeDaemonConnectorException: Cmd {interface route remove wlan0 default 67.20.203.254 32 0.0.0.0} failed with code 400 : {Failed to remove route from default table (No such process)}
07-12 18:26:47.755   145   203 E ConnectivityService: Exception trying to remove a route: java.lang.IllegalStateException: Unable to communicate with native dameon to add routes - com.android.server.NativeDaemonConnectorException: Cmd {interface route remove wlan0 default 0.0.0.0 0 67.20.203.254} failed with code 400 : {Failed to remove route from default table (No such process)}
07-12 18:26:47.755   145   203 D ConnectivityService: resetConnections(wlan0, 3)
07-12 18:26:47.825   494   839 E GTalkService: connectionClosed: no XMPPConnection - That's strange!
07-12 18:26:47.841   145   203 D ConnectivityService: handleInetConditionChange: no active default network - ignore
07-12 18:26:47.876   145   147 D dalvikvm: GC_CONCURRENT freed 907K, 12% free 13032K/14727K, paused 3ms+5ms
07-12 18:26:48.239   269   269 I wpa_supplicant: wlan0: Trying to associate with 88:43:e1:fb:b4:11 (SSID='UB_Secure' freq=2437 MHz)
07-12 18:26:50.778   145   206 D Tethering: MasterInitialState.processMessage what=3
07-12 18:26:50.856   870   870 I MediaUploader: No need to wake up
07-12 18:26:50.860   463   463 I PhoneLab-WiFiReceiver: Wi-Fi is disconnected!
07-12 18:26:50.860   889   903 D PicasaSyncManager: active network: null
07-12 18:26:50.860   889   903 D PicasaSyncManager: background data: true
07-12 18:26:54.071   145   203 D ConnectivityService: ConnectivityChange for mobile: CONNECTED/CONNECTED
07-12 18:26:54.130   145   198 D NetworkPolicy: applying policy NetworkPolicy[NetworkTemplate: matchRule=MOBILE_ALL, subscriberId=valid]: cycleDay=5, warningBytes=2147483648, limitBytes=-1, lastSnooze=-1 to ifaces [rmnet0]
07-12 18:26:54.474   494   494 I GTalkService/c: [AndroidEndpoint@1094442048] connect: acct=1000000, state=CONNECTING
07-12 18:26:54.981   494   496 D dalvikvm: GC_CONCURRENT freed 450K, 6% free 10128K/10695K, paused 2ms+4ms
07-12 18:26:55.075   145   203 D ConnectivityService: NetTransition Wakelock for WifiStateMachine released by timeout
07-12 18:26:56.298   145   203 D ConnectivityService: handleInetConditionHoldEnd: net=0, condition=100, published condition=0
07-12 18:26:57.118   145   206 D Tethering: MasterInitialState.processMessage what=3
07-12 18:26:57.220   870   870 I MediaUploader: No need to wake up
07-12 18:26:57.227   889   903 D PicasaSyncManager: active network: NetworkInfo: type: mobile[CDMA - EvDo rev. A], state: CONNECTED/CONNECTED, reason: (unspecified), extra: , roaming: false, failover: false, isAvailable: true
07-12 18:26:57.231   889   903 D PicasaSyncManager: background data: true
07-12 18:26:57.403   271   273 D dalvikvm: GC_CONCURRENT freed 314K, 7% free 10245K/11015K, paused 2ms+8ms
07-12 18:26:57.559   271   273 D dalvikvm: GC_CONCURRENT freed 1262K, 15% free 9380K/11015K, paused 1ms+3ms
07-12 18:26:57.696   271   273 D dalvikvm: GC_CONCURRENT freed 334K, 15% free 9442K/11015K, paused 1ms+3ms
07-12 18:26:57.696   145   203 D ConnectivityService: handleInetConditionHoldEnd: net=0, condition=100, published condition=100
07-12 18:26:57.856   271   273 D dalvikvm: GC_CONCURRENT freed 333K, 14% free 9504K/11015K, paused 2ms+2ms
07-12 18:26:58.001   271   273 D dalvikvm: GC_CONCURRENT freed 327K, 14% free 9562K/11015K, paused 2ms+3ms
07-12 18:26:58.153   271   273 D dalvikvm: GC_CONCURRENT freed 331K, 13% free 9627K/11015K, paused 2ms+3ms
07-12 18:26:58.302   271   273 D dalvikvm: GC_CONCURRENT freed 335K, 13% free 9689K/11015K, paused 1ms+3ms
07-12 18:26:58.395   269   269 I wpa_supplicant: wlan0: Authentication with 88:43:e1:fb:b4:11 timed out.
07-12 18:26:58.450   271   273 D dalvikvm: GC_CONCURRENT freed 333K, 12% free 9752K/11015K, paused 2ms+3ms
07-12 18:26:58.599   271   273 D dalvikvm: GC_CONCURRENT freed 335K, 11% free 9814K/11015K, paused 2ms+3ms
07-12 18:26:58.747   271   273 D dalvikvm: GC_CONCURRENT freed 334K, 11% free 9875K/11015K, paused 2ms+3ms
07-12 18:26:58.895   271   273 D dalvikvm: GC_CONCURRENT freed 333K, 10% free 9938K/11015K, paused 2ms+3ms
07-12 18:26:59.036   271   273 D dalvikvm: GC_CONCURRENT freed 335K, 10% free 10000K/11015K, paused 1ms+3ms
07-12 18:26:59.188   271   273 D dalvikvm: GC_CONCURRENT freed 332K, 9% free 10064K/11015K, paused 2ms+3ms
07-12 18:26:59.341   271   273 D dalvikvm: GC_CONCURRENT freed 333K, 9% free 10126K/11015K, paused 1ms+3ms
07-12 18:26:59.501   271   273 D dalvikvm: GC_CONCURRENT freed 333K, 8% free 10190K/11015K, paused 2ms+3ms
07-12 18:26:59.657   271   273 D dalvikvm: GC_CONCURRENT freed 336K, 7% free 10250K/11015K, paused 2ms+3ms
07-12 18:26:59.938   269   269 I wpa_supplicant: wlan0: Trying to associate with SSID 'UBMESH2'
07-12 18:27:00.024   269   269 I wpa_supplicant: wlan0: Associated with 32:03:77:e7:bf:3f
07-12 18:27:00.024   269   269 I wpa_supplicant: wlan0: CTRL-EVENT-CONNECTED - Connection to 32:03:77:e7:bf:3f completed (reauth) [id=6 id_str=]
07-12 18:27:24.063   463   952 I PhoneLab-: Service Running
07-12 18:27:24.149   463   464 D dalvikvm: GC_CONCURRENT freed 900K, 18% free 9155K/11079K, paused 1ms+2ms
07-12 18:27:24.153   463   952 I PhoneLab-LoggerService: app_49    957   463   1480   1112  c00f181c 400107b4 S logcat
07-12 18:27:24.153   463   952 I PhoneLab-LoggerService: Logcat pid from database 957
07-12 18:27:24.153   463   952 I PhoneLab-LoggerService: Logcat process found 957
07-12 18:27:24.153   463   952 I PhoneLab-LoggerService: Checking Threshold
07-12 18:27:24.153   463   952 I PhoneLab-LoggerService: Starting to rename files
07-12 18:27:24.153   463   952 I PhoneLab-LoggerService: Files found .. 2
07-12 18:27:30.434   145  1521 E DhcpStateMachine: DHCP failed on wlan0: Timed out waiting for DHCP to finish
07-12 18:27:30.653   145   200 E WifiStateMachine: IP configuration failed
07-12 18:27:30.673    76   117 D CommandListener: Clearing all IP addresses on wlan0
07-12 18:27:30.716   145   203 D ConnectivityService: ConnectivityChange for WIFI: DISCONNECTED/DISCONNECTED
07-12 18:27:30.716   145   203 D ConnectivityService: Attempting to switch to mobile
07-12 18:27:30.716   145   203 D ConnectivityService: Attempting to switch to WIMAX
07-12 18:27:30.716   145   203 D ConnectivityService: Attempting to switch to BLUETOOTH_TETHER
07-12 18:27:30.727   145   197 W NetworkStats: dropping UID delta from unknown iface: iface=wlan0 uid=0 set=DEFAULT tag=0x0 rxBytes=0 rxPackets=0 txBytes=384 txPackets=6 operations=0
07-12 18:27:30.735   145   198 D NetworkPolicy: applying policy NetworkPolicy[NetworkTemplate: matchRule=MOBILE_ALL, subscriberId=valid]: cycleDay=5, warningBytes=2147483648, limitBytes=-1, lastSnooze=-1 to ifaces [rmnet0]
07-12 18:27:30.743   145   198 D NetworkPolicy: applying policy NetworkPolicy[NetworkTemplate: matchRule=MOBILE_ALL, subscriberId=valid]: cycleDay=5, warningBytes=2147483648, limitBytes=-1, lastSnooze=-1 to ifaces [rmnet0]
07-12 18:27:31.868   269   269 I wpa_supplicant: wlan0: Trying to associate with SSID 'UBMESH2'
07-12 18:27:31.927   269   269 I wpa_supplicant: wlan0: Association request to the driver failed
07-12 18:27:31.927   269   269 I wpa_supplicant: wlan0: CTRL-EVENT-DISCONNECTED bssid=00:00:00:00:00:00 reason=0
07-12 18:27:31.974   269   269 I wpa_supplicant: wlan0: Associated with 4e:3b:8e:24:e2:48
07-12 18:27:31.974   269   269 I wpa_supplicant: wlan0: CTRL-EVENT-CONNECTED - Connection to 4e:3b:8e:24:e2:48 completed (reauth) [id=6 id_str=]
07-12 18:27:33.727   145   206 D Tethering: MasterInitialState.processMessage what=3
07-12 18:27:33.798   145   206 D Tethering: MasterInitialState.processMessage what=3
07-12 18:27:33.802   889   903 D PicasaSyncManager: active network: NetworkInfo: type: mobile[CDMA - EvDo rev. A], state: CONNECTED/CONNECTED, reason: (unspecified), extra: , roaming: false, failover: false, isAvailable: true
07-12 18:27:33.802   889   903 D PicasaSyncManager: background data: true
07-12 18:27:33.829   870   870 I MediaUploader: No need to wake up
07-12 18:27:33.833   463   463 I PhoneLab-WiFiReceiver: Wi-Fi is disconnected!
07-12 18:27:33.864   870   870 I MediaUploader: No need to wake up
07-12 18:27:33.868   889   903 D PicasaSyncManager: active network: NetworkInfo: type: mobile[CDMA - EvDo rev. A], state: CONNECTED/CONNECTED, reason: (unspecified), extra: , roaming: false, failover: false, isAvailable: true
07-12 18:27:33.868   889   903 D PicasaSyncManager: background data: true
07-12 18:27:34.083   271   273 D dalvikvm: GC_CONCURRENT freed 336K, 7% free 10310K/11015K, paused 2ms+7ms
07-12 18:27:34.235   271   273 D dalvikvm: GC_CONCURRENT freed 1301K, 15% free 9406K/11015K, paused 2ms+3ms
07-12 18:27:34.294   145   203 D ConnectivityService: handleInetConditionHoldEnd: net=0, condition=100, published condition=100
07-12 18:27:34.352   145   147 D dalvikvm: GC_CONCURRENT freed 874K, 12% free 13037K/14727K, paused 3ms+4ms
07-12 18:27:34.450   271   273 D dalvikvm: GC_CONCURRENT freed 333K, 15% free 9470K/11015K, paused 1ms+3ms
07-12 18:27:34.591   271   273 D dalvikvm: GC_CONCURRENT freed 336K, 14% free 9530K/11015K, paused 2ms+2ms
07-12 18:27:34.735   271   273 D dalvikvm: GC_CONCURRENT freed 333K, 13% free 9593K/11015K, paused 2ms+3ms
07-12 18:27:34.884   271   273 D dalvikvm: GC_CONCURRENT freed 335K, 13% free 9655K/11015K, paused 2ms+3ms
07-12 18:27:35.040   271   273 D dalvikvm: GC_CONCURRENT freed 335K, 12% free 9719K/11015K, paused 2ms+3ms
07-12 18:27:35.188   271   273 D dalvikvm: GC_CONCURRENT freed 332K, 12% free 9779K/11015K, paused 2ms+3ms
07-12 18:27:35.345   271   273 D dalvikvm: GC_CONCURRENT freed 334K, 11% free 9841K/11015K, paused 1ms+3ms
07-12 18:27:35.497   271   273 D dalvikvm: GC_CONCURRENT freed 335K, 11% free 9902K/11015K, paused 1ms+4ms
07-12 18:27:35.653   271   273 D dalvikvm: GC_CONCURRENT freed 334K, 10% free 9965K/11015K, paused 1ms+3ms
07-12 18:27:35.817   271   273 D dalvikvm: GC_CONCURRENT freed 337K, 9% free 10031K/11015K, paused 1ms+3ms
07-12 18:27:35.962   271   273 D dalvikvm: GC_CONCURRENT freed 334K, 9% free 10093K/11015K, paused 1ms+3ms
07-12 18:27:36.102   271   273 D dalvikvm: GC_CONCURRENT freed 333K, 8% free 10156K/11015K, paused 1ms+3ms
07-12 18:27:36.255   271   273 D dalvikvm: GC_CONCURRENT freed 335K, 8% free 10216K/11015K, paused 2ms+3ms
07-12 18:28:02.392   145  1530 E DhcpStateMachine: DHCP failed on wlan0: Timed out waiting for DHCP to finish
07-12 18:28:02.610   145   200 E WifiStateMachine: IP configuration failed
07-12 18:28:02.630    76   117 D CommandListener: Clearing all IP addresses on wlan0
07-12 18:28:02.681   145   203 D ConnectivityService: ConnectivityChange for WIFI: DISCONNECTED/DISCONNECTED
07-12 18:28:02.681   145   203 D ConnectivityService: Attempting to switch to mobile
07-12 18:28:02.681   145   203 D ConnectivityService: Attempting to switch to WIMAX
07-12 18:28:02.681   145   203 D ConnectivityService: Attempting to switch to BLUETOOTH_TETHER
07-12 18:28:02.688   145   197 W NetworkStats: dropping UID delta from unknown iface: iface=wlan0 uid=0 set=DEFAULT tag=0x0 rxBytes=0 rxPackets=0 txBytes=384 txPackets=6 operations=0
07-12 18:28:02.704   145   198 D NetworkPolicy: applying policy NetworkPolicy[NetworkTemplate: matchRule=MOBILE_ALL, subscriberId=valid]: cycleDay=5, warningBytes=2147483648, limitBytes=-1, lastSnooze=-1 to ifaces [rmnet0]
07-12 18:28:02.708   145   198 D NetworkPolicy: applying policy NetworkPolicy[NetworkTemplate: matchRule=MOBILE_ALL, subscriberId=valid]: cycleDay=5, warningBytes=2147483648, limitBytes=-1, lastSnooze=-1 to ifaces [rmnet0]
07-12 18:28:03.825   269   269 I wpa_supplicant: wlan0: Trying to associate with SSID 'UBMESH2'
07-12 18:28:03.880   269   269 I wpa_supplicant: wlan0: Association request to the driver failed
07-12 18:28:03.884   269   269 I wpa_supplicant: wlan0: CTRL-EVENT-DISCONNECTED bssid=00:00:00:00:00:00 reason=0
07-12 18:28:03.923   269   269 I wpa_supplicant: wlan0: Associated with e2:42:eb:d4:a1:5a
07-12 18:28:03.923   269   269 I wpa_supplicant: wlan0: CTRL-EVENT-CONNECTED - Connection to e2:42:eb:d4:a1:5a completed (reauth) [id=6 id_str=]
07-12 18:28:05.700   145   206 D Tethering: MasterInitialState.processMessage what=3
07-12 18:28:05.786   145   206 D Tethering: MasterInitialState.processMessage what=3
07-12 18:28:05.802   889   903 D PicasaSyncManager: active network: NetworkInfo: type: mobile[CDMA - EvDo rev. A], state: CONNECTED/CONNECTED, reason: (unspecified), extra: , roaming: false, failover: false, isAvailable: true
07-12 18:28:05.806   889   903 D PicasaSyncManager: background data: true
07-12 18:28:05.829   870   870 I MediaUploader: No need to wake up
07-12 18:28:05.829   463   463 I PhoneLab-WiFiReceiver: Wi-Fi is disconnected!
07-12 18:28:05.868   889   903 D PicasaSyncManager: active network: NetworkInfo: type: mobile[CDMA - EvDo rev. A], state: CONNECTED/CONNECTED, reason: (unspecified), extra: , roaming: false, failover: false, isAvailable: true
07-12 18:28:05.876   889   903 D PicasaSyncManager: background data: true
07-12 18:28:05.880   870   870 I MediaUploader: No need to wake up
07-12 18:28:05.888   494   496 D dalvikvm: GC_CONCURRENT freed 443K, 6% free 10150K/10695K, paused 2ms+3ms
07-12 18:28:06.056   271   273 D dalvikvm: GC_CONCURRENT freed 336K, 7% free 10277K/11015K, paused 2ms+8ms
07-12 18:28:06.196   271   273 D dalvikvm: GC_CONCURRENT freed 1301K, 15% free 9371K/11015K, paused 1ms+3ms
07-12 18:28:06.290   145   203 D ConnectivityService: handleInetConditionHoldEnd: net=0, condition=100, published condition=100
07-12 18:28:06.333   271   273 D dalvikvm: GC_CONCURRENT freed 328K, 15% free 9431K/11015K, paused 1ms+3ms
07-12 18:28:06.477   271   273 D dalvikvm: GC_CONCURRENT freed 333K, 14% free 9494K/11015K, paused 2ms+3ms
07-12 18:28:06.626   271   273 D dalvikvm: GC_CONCURRENT freed 335K, 14% free 9555K/11015K, paused 2ms+3ms
07-12 18:28:06.770   271   273 D dalvikvm: GC_CONCURRENT freed 333K, 13% free 9618K/11015K, paused 1ms+3ms
07-12 18:28:06.903   271   273 D dalvikvm: GC_CONCURRENT freed 332K, 13% free 9682K/11015K, paused 1ms+3ms
07-12 18:28:07.052   271   273 D dalvikvm: GC_CONCURRENT freed 334K, 12% free 9744K/11015K, paused 2ms+3ms
07-12 18:28:07.208   271   273 D dalvikvm: GC_CONCURRENT freed 335K, 11% free 9805K/11015K, paused 2ms+3ms
07-12 18:28:07.360   271   273 D dalvikvm: GC_CONCURRENT freed 333K, 11% free 9868K/11015K, paused 2ms+3ms
07-12 18:28:07.520   271   273 D dalvikvm: GC_CONCURRENT freed 334K, 10% free 9929K/11015K, paused 1ms+3ms
07-12 18:28:07.673   271   273 D dalvikvm: GC_CONCURRENT freed 334K, 10% free 9992K/11015K, paused 2ms+4ms
07-12 18:28:07.829   271   273 D dalvikvm: GC_CONCURRENT freed 333K, 9% free 10055K/11015K, paused 2ms+3ms
07-12 18:28:07.981   271   273 D dalvikvm: GC_CONCURRENT freed 332K, 9% free 10121K/11015K, paused 1ms+3ms
07-12 18:28:08.122   271   273 D dalvikvm: GC_CONCURRENT freed 331K, 8% free 10177K/11015K, paused 2ms+3ms
07-12 18:28:08.278   271   273 D dalvikvm: GC_CONCURRENT freed 332K, 8% free 10241K/11015K, paused 2ms+5ms
07-12 18:28:34.341   145  1539 E DhcpStateMachine: DHCP failed on wlan0: Timed out waiting for DHCP to finish
07-12 18:28:34.559   145   200 E WifiStateMachine: IP configuration failed
07-12 18:28:34.579    76   117 D CommandListener: Clearing all IP addresses on wlan0
07-12 18:28:34.606   145   203 D ConnectivityService: ConnectivityChange for WIFI: DISCONNECTED/DISCONNECTED
07-12 18:28:34.606   145   203 D ConnectivityService: Attempting to switch to mobile
07-12 18:28:34.606   145   203 D ConnectivityService: Attempting to switch to WIMAX
07-12 18:28:34.606   145   203 D ConnectivityService: Attempting to switch to BLUETOOTH_TETHER
07-12 18:28:34.614   145   197 W NetworkStats: dropping UID delta from unknown iface: iface=wlan0 uid=0 set=DEFAULT tag=0x0 rxBytes=0 rxPackets=0 txBytes=384 txPackets=6 operations=0
07-12 18:28:34.630   145   198 D NetworkPolicy: applying policy NetworkPolicy[NetworkTemplate: matchRule=MOBILE_ALL, subscriberId=valid]: cycleDay=5, warningBytes=2147483648, limitBytes=-1, lastSnooze=-1 to ifaces [rmnet0]
07-12 18:28:34.638   145   198 D NetworkPolicy: applying policy NetworkPolicy[NetworkTemplate: matchRule=MOBILE_ALL, subscriberId=valid]: cycleDay=5, warningBytes=2147483648, limitBytes=-1, lastSnooze=-1 to ifaces [rmnet0]
07-12 18:28:35.790   269   269 I wpa_supplicant: wlan0: Trying to associate with SSID 'UBMESH2'
07-12 18:28:35.841   269   269 I wpa_supplicant: wlan0: Association request to the driver failed
07-12 18:28:35.845   269   269 I wpa_supplicant: wlan0: CTRL-EVENT-DISCONNECTED bssid=00:00:00:00:00:00 reason=0
07-12 18:28:35.884   269   269 I wpa_supplicant: wlan0: Associated with 6a:e8:4f:40:0b:fe
07-12 18:28:35.884   269   269 I wpa_supplicant: wlan0: CTRL-EVENT-CONNECTED - Connection to 6a:e8:4f:40:0b:fe completed (reauth) [id=6 id_str=]
07-12 18:28:37.626   145   206 D Tethering: MasterInitialState.processMessage what=3
07-12 18:28:37.700   145   206 D Tethering: MasterInitialState.processMessage what=3
07-12 18:28:37.739   870   870 I MediaUploader: No need to wake up
07-12 18:28:37.743   463   463 I PhoneLab-WiFiReceiver: Wi-Fi is disconnected!
07-12 18:28:37.802   889   903 D PicasaSyncManager: active network: NetworkInfo: type: mobile[CDMA - EvDo rev. A], state: CONNECTED/CONNECTED, reason: (unspecified), extra: , roaming: false, failover: false, isAvailable: true
07-12 18:28:37.817   889   903 D PicasaSyncManager: background data: true
07-12 18:28:37.833   145   156 D dalvikvm: GC_EXPLICIT freed 761K, 12% free 13007K/14727K, paused 2ms+6ms
07-12 18:28:37.833   870   870 I MediaUploader: No need to wake up
07-12 18:28:37.849   889   903 D PicasaSyncManager: active network: NetworkInfo: type: mobile[CDMA - EvDo rev. A], state: CONNECTED/CONNECTED, reason: (unspecified), extra: , roaming: false, failover: false, isAvailable: true
07-12 18:28:37.849   889   903 D PicasaSyncManager: background data: true
07-12 18:28:38.048   271   273 D dalvikvm: GC_CONCURRENT freed 336K, 7% free 10302K/11015K, paused 2ms+9ms
07-12 18:28:38.204   271   273 D dalvikvm: GC_CONCURRENT freed 1301K, 15% free 9397K/11015K, paused 2ms+3ms
07-12 18:28:38.212   145   203 D ConnectivityService: handleInetConditionHoldEnd: net=0, condition=100, published condition=100
07-12 18:28:38.360   271   273 D dalvikvm: GC_CONCURRENT freed 334K, 15% free 9458K/11015K, paused 2ms+3ms
07-12 18:28:38.509   271   273 D dalvikvm: GC_CONCURRENT freed 334K, 14% free 9520K/11015K, paused 2ms+2ms
07-12 18:28:38.661   271   273 D dalvikvm: GC_CONCURRENT freed 333K, 14% free 9583K/11015K, paused 1ms+3ms
07-12 18:28:38.809   271   273 D dalvikvm: GC_CONCURRENT freed 336K, 13% free 9643K/11015K, paused 1ms+2ms
07-12 18:28:38.954   271   273 D dalvikvm: GC_CONCURRENT freed 333K, 12% free 9706K/11015K, paused 2ms+3ms
07-12 18:28:39.102   271   273 D dalvikvm: GC_CONCURRENT freed 331K, 12% free 9771K/11015K, paused 1ms+3ms
07-12 18:28:39.243   271   273 D dalvikvm: GC_CONCURRENT freed 336K, 11% free 9831K/11015K, paused 2ms+3ms
07-12 18:28:39.395   271   273 D dalvikvm: GC_CONCURRENT freed 335K, 11% free 9893K/11015K, paused 2ms+3ms
07-12 18:28:39.536   271   273 D dalvikvm: GC_CONCURRENT freed 332K, 10% free 9957K/11015K, paused 2ms+3ms
07-12 18:28:39.696   271   273 D dalvikvm: GC_CONCURRENT freed 335K, 10% free 10018K/11015K, paused 1ms+3ms
07-12 18:28:39.837   271   273 D dalvikvm: GC_CONCURRENT freed 334K, 9% free 10080K/11015K, paused 1ms+3ms
07-12 18:28:39.989   271   273 D dalvikvm: GC_CONCURRENT freed 331K, 8% free 10145K/11015K, paused 2ms+3ms
07-12 18:28:40.134   271   273 D dalvikvm: GC_CONCURRENT freed 335K, 8% free 10206K/11015K, paused 1ms+3ms
07-12 18:29:06.290   145  1548 E DhcpStateMachine: DHCP failed on wlan0: Timed out waiting for DHCP to finish
07-12 18:29:06.509   145   200 E WifiStateMachine: IP configuration failed
07-12 18:29:06.528    76   117 D CommandListener: Clearing all IP addresses on wlan0
07-12 18:29:06.563   145   203 D ConnectivityService: ConnectivityChange for WIFI: DISCONNECTED/DISCONNECTED
07-12 18:29:06.563   145   203 D ConnectivityService: Attempting to switch to mobile
07-12 18:29:06.563   145   203 D ConnectivityService: Attempting to switch to WIMAX
07-12 18:29:06.563   145   203 D ConnectivityService: Attempting to switch to BLUETOOTH_TETHER
07-12 18:29:06.571   145   197 W NetworkStats: dropping UID delta from unknown iface: iface=wlan0 uid=0 set=DEFAULT tag=0x0 rxBytes=0 rxPackets=0 txBytes=384 txPackets=6 operations=0
07-12 18:29:06.587   145   198 D NetworkPolicy: applying policy NetworkPolicy[NetworkTemplate: matchRule=MOBILE_ALL, subscriberId=valid]: cycleDay=5, warningBytes=2147483648, limitBytes=-1, lastSnooze=-1 to ifaces [rmnet0]
07-12 18:29:06.591   145   198 D NetworkPolicy: applying policy NetworkPolicy[NetworkTemplate: matchRule=MOBILE_ALL, subscriberId=valid]: cycleDay=5, warningBytes=2147483648, limitBytes=-1, lastSnooze=-1 to ifaces [rmnet0]
07-12 18:29:07.747   269   269 I wpa_supplicant: wlan0: Trying to associate with SSID 'UBMESH2'
07-12 18:29:07.790   269   269 I wpa_supplicant: wlan0: Association request to the driver failed
07-12 18:29:07.798   269   269 I wpa_supplicant: wlan0: CTRL-EVENT-DISCONNECTED bssid=00:00:00:00:00:00 reason=0
07-12 18:29:07.837   269   269 I wpa_supplicant: wlan0: Associated with b2:39:cc:65:63:2f
07-12 18:29:07.837   269   269 I wpa_supplicant: wlan0: CTRL-EVENT-CONNECTED - Connection to b2:39:cc:65:63:2f completed (reauth) [id=6 id_str=]
07-12 18:29:09.583   145   206 D Tethering: MasterInitialState.processMessage what=3
07-12 18:29:09.638   145   206 D Tethering: MasterInitialState.processMessage what=3
07-12 18:29:09.642   889   903 D PicasaSyncManager: active network: NetworkInfo: type: mobile[CDMA - EvDo rev. A], state: CONNECTED/CONNECTED, reason: (unspecified), extra: , roaming: false, failover: false, isAvailable: true
07-12 18:29:09.642   889   903 D PicasaSyncManager: background data: true
07-12 18:29:09.673   870   870 I MediaUploader: No need to wake up
07-12 18:29:09.673   463   463 I PhoneLab-WiFiReceiver: Wi-Fi is disconnected!
07-12 18:29:09.712   870   870 I MediaUploader: No need to wake up
07-12 18:29:09.716   889   903 D PicasaSyncManager: active network: NetworkInfo: type: mobile[CDMA - EvDo rev. A], state: CONNECTED/CONNECTED, reason: (unspecified), extra: , roaming: false, failover: false, isAvailable: true
07-12 18:29:09.720   889   903 D PicasaSyncManager: background data: true
07-12 18:29:09.860   271   273 D dalvikvm: GC_CONCURRENT freed 335K, 7% free 10268K/11015K, paused 2ms+8ms
07-12 18:29:10.001   271   273 D dalvikvm: GC_CONCURRENT freed 1304K, 16% free 9360K/11015K, paused 2ms+2ms
07-12 18:29:10.134   271   273 D dalvikvm: GC_CONCURRENT freed 333K, 15% free 9423K/11015K, paused 2ms+3ms
07-12 18:29:10.145   145   203 D ConnectivityService: handleInetConditionHoldEnd: net=0, condition=100, published condition=100
07-12 18:29:10.282   271   273 D dalvikvm: GC_CONCURRENT freed 334K, 14% free 9485K/11015K, paused 2ms+2ms
07-12 18:29:10.431   271   273 D dalvikvm: GC_CONCURRENT freed 335K, 14% free 9547K/11015K, paused 2ms+3ms
07-12 18:29:10.583   271   273 D dalvikvm: GC_CONCURRENT freed 334K, 13% free 9609K/11015K, paused 2ms+3ms
07-12 18:29:10.731   271   273 D dalvikvm: GC_CONCURRENT freed 332K, 13% free 9673K/11015K, paused 2ms+3ms
07-12 18:29:10.888   271   273 D dalvikvm: GC_CONCURRENT freed 334K, 12% free 9736K/11015K, paused 2ms+2ms
07-12 18:29:11.036   271   273 D dalvikvm: GC_CONCURRENT freed 335K, 12% free 9797K/11015K, paused 2ms+3ms
07-12 18:29:11.181   271   273 D dalvikvm: GC_CONCURRENT freed 333K, 11% free 9860K/11015K, paused 1ms+3ms
07-12 18:29:11.329   271   273 D dalvikvm: GC_CONCURRENT freed 331K, 10% free 9918K/11015K, paused 1ms+3ms
07-12 18:29:11.489   271   273 D dalvikvm: GC_CONCURRENT freed 333K, 10% free 9981K/11015K, paused 2ms+3ms
07-12 18:29:11.638   271   273 D dalvikvm: GC_CONCURRENT freed 334K, 9% free 10043K/11015K, paused 2ms+3ms
07-12 18:29:11.786   271   273 D dalvikvm: GC_CONCURRENT freed 332K, 9% free 10107K/11015K, paused 2ms+3ms
07-12 18:29:11.931   271   273 D dalvikvm: GC_CONCURRENT freed 334K, 8% free 10169K/11015K, paused 1ms+3ms
07-12 18:29:12.083   271   273 D dalvikvm: GC_CONCURRENT freed 333K, 8% free 10232K/11015K, paused 2ms+4ms
07-12 18:29:24.063   463   952 I PhoneLab-: Service Running
07-12 18:29:24.134   463   952 I PhoneLab-LoggerService: app_49    957   463   1480   1112  c00f181c 400107b4 S logcat
07-12 18:29:24.138   463   952 I PhoneLab-LoggerService: Logcat pid from database 957
07-12 18:29:24.138   463   952 I PhoneLab-LoggerService: Logcat process found 957
07-12 18:29:24.138   463   952 I PhoneLab-LoggerService: Checking Threshold
07-12 18:29:24.138   463   952 I PhoneLab-LoggerService: Starting to rename files
07-12 18:29:24.138   463   952 I PhoneLab-LoggerService: Files found .. 2
07-12 18:29:38.239   145  1557 E DhcpStateMachine: DHCP failed on wlan0: Timed out waiting for DHCP to finish
07-12 18:29:38.458   145   200 E WifiStateMachine: IP configuration failed
07-12 18:29:38.477    76   117 D CommandListener: Clearing all IP addresses on wlan0
07-12 18:29:38.497   145   203 D ConnectivityService: ConnectivityChange for WIFI: DISCONNECTED/DISCONNECTED
07-12 18:29:38.497   145   203 D ConnectivityService: Attempting to switch to mobile
07-12 18:29:38.497   145   203 D ConnectivityService: Attempting to switch to WIMAX
07-12 18:29:38.497   145   203 D ConnectivityService: Attempting to switch to BLUETOOTH_TETHER
07-12 18:29:38.509   145   197 W NetworkStats: dropping UID delta from unknown iface: iface=wlan0 uid=0 set=DEFAULT tag=0x0 rxBytes=0 rxPackets=0 txBytes=384 txPackets=6 operations=0
07-12 18:29:38.520   145   198 D NetworkPolicy: applying policy NetworkPolicy[NetworkTemplate: matchRule=MOBILE_ALL, subscriberId=valid]: cycleDay=5, warningBytes=2147483648, limitBytes=-1, lastSnooze=-1 to ifaces [rmnet0]
07-12 18:29:38.528   145   198 D NetworkPolicy: applying policy NetworkPolicy[NetworkTemplate: matchRule=MOBILE_ALL, subscriberId=valid]: cycleDay=5, warningBytes=2147483648, limitBytes=-1, lastSnooze=-1 to ifaces [rmnet0]
07-12 18:29:39.688   269   269 I wpa_supplicant: wlan0: Trying to associate with 00:23:33:7f:36:51 (SSID='UB_Secure' freq=2437 MHz)
07-12 18:29:39.747   269   269 I wpa_supplicant: wlan0: Association request to the driver failed
07-12 18:29:39.747   269   269 I wpa_supplicant: wlan0: CTRL-EVENT-DISCONNECTED bssid=00:23:33:7f:36:51 reason=0
07-12 18:29:40.345   269   269 I wpa_supplicant: wlan0: Trying to associate with SSID 'UBMESH2'
07-12 18:29:40.427   269   269 I wpa_supplicant: wlan0: Associated with 9a:da:8d:a3:6d:1d
07-12 18:29:40.427   269   269 I wpa_supplicant: wlan0: CTRL-EVENT-CONNECTED - Connection to 9a:da:8d:a3:6d:1d completed (reauth) [id=6 id_str=]
07-12 18:29:40.427    76   114 D NetlinkEvent: Unexpected netlink message. type=0x0
07-12 18:29:41.513   145   206 D Tethering: MasterInitialState.processMessage what=3
07-12 18:29:41.599   145   206 D Tethering: MasterInitialState.processMessage what=3
07-12 18:29:41.614   889   903 D PicasaSyncManager: active network: NetworkInfo: type: mobile[CDMA - EvDo rev. A], state: CONNECTED/CONNECTED, reason: (unspecified), extra: , roaming: false, failover: false, isAvailable: true
07-12 18:29:41.618   889   903 D PicasaSyncManager: background data: true
07-12 18:29:41.638   870   870 I MediaUploader: No need to wake up
07-12 18:29:41.638   463   463 I PhoneLab-WiFiReceiver: Wi-Fi is disconnected!
07-12 18:29:41.677   870   870 I MediaUploader: No need to wake up
07-12 18:29:41.684   889   903 D PicasaSyncManager: active network: NetworkInfo: type: mobile[CDMA - EvDo rev. A], state: CONNECTED/CONNECTED, reason: (unspecified), extra: , roaming: false, failover: false, isAvailable: true
07-12 18:29:41.684   889   903 D PicasaSyncManager: background data: true
07-12 18:29:41.700   494   496 D dalvikvm: GC_CONCURRENT freed 453K, 6% free 10133K/10759K, paused 2ms+2ms
07-12 18:29:41.876   271   273 D dalvikvm: GC_CONCURRENT freed 336K, 7% free 10292K/11015K, paused 1ms+7ms
07-12 18:29:42.028   271   273 D dalvikvm: GC_CONCURRENT freed 1301K, 15% free 9386K/11015K, paused 1ms+3ms
07-12 18:29:42.099   145   203 D ConnectivityService: handleInetConditionHoldEnd: net=0, condition=100, published condition=100
07-12 18:29:42.192   271   273 D dalvikvm: GC_CONCURRENT freed 334K, 15% free 9449K/11015K, paused 1ms+2ms
07-12 18:29:42.333   271   273 D dalvikvm: GC_CONCURRENT freed 334K, 14% free 9510K/11015K, paused 1ms+3ms
07-12 18:29:42.470   271   273 D dalvikvm: GC_CONCURRENT freed 333K, 14% free 9573K/11015K, paused 2ms+3ms
07-12 18:29:42.622   271   273 D dalvikvm: GC_CONCURRENT freed 336K, 13% free 9633K/11015K, paused 1ms+3ms
07-12 18:29:42.774   271   273 D dalvikvm: GC_CONCURRENT freed 333K, 12% free 9696K/11015K, paused 2ms+3ms
07-12 18:29:42.927   271   273 D dalvikvm: GC_CONCURRENT freed 332K, 12% free 9761K/11015K, paused 2ms+4ms
07-12 18:29:43.083   271   273 D dalvikvm: GC_CONCURRENT freed 336K, 11% free 9821K/11015K, paused 2ms+3ms
07-12 18:29:43.220   271   273 D dalvikvm: GC_CONCURRENT freed 327K, 11% free 9879K/11015K, paused 2ms+3ms
07-12 18:29:43.372   271   273 D dalvikvm: GC_CONCURRENT freed 332K, 10% free 9944K/11015K, paused 2ms+3ms
07-12 18:29:43.532   271   273 D dalvikvm: GC_CONCURRENT freed 334K, 10% free 10006K/11015K, paused 1ms+4ms
07-12 18:29:43.688   271   273 D dalvikvm: GC_CONCURRENT freed 332K, 9% free 10070K/11015K, paused 2ms+3ms
07-12 18:29:43.825   271   273 D dalvikvm: GC_CONCURRENT freed 329K, 9% free 10128K/11015K, paused 2ms+3ms
07-12 18:29:43.977   271   273 D dalvikvm: GC_CONCURRENT freed 332K, 8% free 10193K/11015K, paused 2ms+3ms
07-12 18:30:10.833   145  1567 E DhcpStateMachine: DHCP failed on wlan0: Timed out waiting for DHCP to finish
07-12 18:30:11.052   145   200 E WifiStateMachine: IP configuration failed
07-12 18:30:11.071    76   117 D CommandListener: Clearing all IP addresses on wlan0
07-12 18:30:11.118   145   203 D ConnectivityService: ConnectivityChange for WIFI: DISCONNECTED/DISCONNECTED
07-12 18:30:11.118   145   203 D ConnectivityService: Attempting to switch to mobile
07-12 18:30:11.118   145   203 D ConnectivityService: Attempting to switch to WIMAX
07-12 18:30:11.118   145   203 D ConnectivityService: Attempting to switch to BLUETOOTH_TETHER
07-12 18:30:11.149   145   197 W NetworkStats: dropping UID delta from unknown iface: iface=wlan0 uid=0 set=DEFAULT tag=0x0 rxBytes=0 rxPackets=0 txBytes=384 txPackets=6 operations=0
07-12 18:30:11.165   145   198 D NetworkPolicy: applying policy NetworkPolicy[NetworkTemplate: matchRule=MOBILE_ALL, subscriberId=valid]: cycleDay=5, warningBytes=2147483648, limitBytes=-1, lastSnooze=-1 to ifaces [rmnet0]
07-12 18:30:11.169   145   198 D NetworkPolicy: applying policy NetworkPolicy[NetworkTemplate: matchRule=MOBILE_ALL, subscriberId=valid]: cycleDay=5, warningBytes=2147483648, limitBytes=-1, lastSnooze=-1 to ifaces [rmnet0]
07-12 18:30:11.220   145   147 D dalvikvm: GC_CONCURRENT freed 955K, 12% free 13039K/14727K, paused 2ms+4ms
07-12 18:30:12.270   269   269 I wpa_supplicant: wlan0: Trying to associate with SSID 'UBMESH2'
07-12 18:30:12.321   269   269 I wpa_supplicant: wlan0: Association request to the driver failed
07-12 18:30:12.321   269   269 I wpa_supplicant: wlan0: CTRL-EVENT-DISCONNECTED bssid=00:00:00:00:00:00 reason=0
07-12 18:30:12.372   269   269 I wpa_supplicant: wlan0: Associated with 02:f8:e8:3b:7c:4b
07-12 18:30:12.372   269   269 I wpa_supplicant: wlan0: CTRL-EVENT-CONNECTED - Connection to 02:f8:e8:3b:7c:4b completed (reauth) [id=6 id_str=]
07-12 18:30:14.138   145   206 D Tethering: MasterInitialState.processMessage what=3
07-12 18:30:14.184   145   206 D Tethering: MasterInitialState.processMessage what=3
07-12 18:30:14.220   870   870 I MediaUploader: No need to wake up
07-12 18:30:14.224   463   463 I PhoneLab-WiFiReceiver: Wi-Fi is disconnected!
07-12 18:30:14.255   870   870 I MediaUploader: No need to wake up
07-12 18:30:14.259   889   903 D PicasaSyncManager: active network: NetworkInfo: type: mobile[CDMA - EvDo rev. A], state: CONNECTED/CONNECTED, reason: (unspecified), extra: , roaming: false, failover: false, isAvailable: true
07-12 18:30:14.263   889   903 D PicasaSyncManager: background data: true
07-12 18:30:14.309   271   273 D dalvikvm: GC_CONCURRENT freed 332K, 7% free 10248K/11015K, paused 2ms+13ms
07-12 18:30:14.513   271   273 D dalvikvm: GC_CONCURRENT freed 1300K, 16% free 9345K/11015K, paused 2ms+3ms
07-12 18:30:14.657   271   273 D dalvikvm: GC_CONCURRENT freed 332K, 15% free 9410K/11015K, paused 1ms+2ms
07-12 18:30:14.696   145   203 D ConnectivityService: handleInetConditionHoldEnd: net=0, condition=100, published condition=100
07-12 18:30:14.806   271   273 D dalvikvm: GC_CONCURRENT freed 337K, 15% free 9469K/11015K, paused 2ms+2ms
07-12 18:30:14.942   271   273 D dalvikvm: GC_CONCURRENT freed 334K, 14% free 9531K/11015K, paused 2ms+3ms
07-12 18:30:15.079   271   273 D dalvikvm: GC_CONCURRENT freed 334K, 13% free 9594K/11015K, paused 1ms+3ms
07-12 18:30:15.227   271   273 D dalvikvm: GC_CONCURRENT freed 336K, 13% free 9658K/11015K, paused 1ms+3ms
07-12 18:30:15.376   271   273 D dalvikvm: GC_CONCURRENT freed 333K, 12% free 9721K/11015K, paused 2ms+3ms
07-12 18:30:15.520   271   273 D dalvikvm: GC_CONCURRENT freed 335K, 12% free 9783K/11015K, paused 2ms+2ms
07-12 18:30:15.661   271   273 D dalvikvm: GC_CONCURRENT freed 333K, 11% free 9846K/11015K, paused 2ms+3ms
07-12 18:30:15.798   271   273 D dalvikvm: GC_CONCURRENT freed 336K, 11% free 9906K/11015K, paused 2ms+3ms
07-12 18:30:15.942   271   273 D dalvikvm: GC_CONCURRENT freed 334K, 10% free 9981K/11015K, paused 2ms+3ms
07-12 18:30:16.095   271   273 D dalvikvm: GC_CONCURRENT freed 341K, 9% free 10036K/11015K, paused 2ms+3ms
07-12 18:30:16.255   271   273 D dalvikvm: GC_CONCURRENT freed 335K, 9% free 10097K/11015K, paused 2ms+3ms
07-12 18:30:16.407   271   273 D dalvikvm: GC_CONCURRENT freed 334K, 8% free 10159K/11015K, paused 1ms+3ms
07-12 18:30:16.567   271   273 D dalvikvm: GC_CONCURRENT freed 334K, 8% free 10220K/11015K, paused 2ms+3ms
07-12 18:30:42.794   145  1576 E DhcpStateMachine: DHCP failed on wlan0: Timed out waiting for DHCP to finish
07-12 18:30:43.009   145   200 E WifiStateMachine: IP configuration failed
07-12 18:30:43.036    76   117 D CommandListener: Clearing all IP addresses on wlan0
07-12 18:30:43.063   145   203 D ConnectivityService: ConnectivityChange for WIFI: DISCONNECTED/DISCONNECTED
07-12 18:30:43.063   145   203 D ConnectivityService: Attempting to switch to mobile
07-12 18:30:43.067   145   203 D ConnectivityService: Attempting to switch to WIMAX
07-12 18:30:43.067   145   203 D ConnectivityService: Attempting to switch to BLUETOOTH_TETHER
07-12 18:30:43.079   145   197 W NetworkStats: dropping UID delta from unknown iface: iface=wlan0 uid=0 set=DEFAULT tag=0x0 rxBytes=0 rxPackets=0 txBytes=384 txPackets=6 operations=0
07-12 18:30:43.087   145   198 D NetworkPolicy: applying policy NetworkPolicy[NetworkTemplate: matchRule=MOBILE_ALL, subscriberId=valid]: cycleDay=5, warningBytes=2147483648, limitBytes=-1, lastSnooze=-1 to ifaces [rmnet0]
07-12 18:30:43.095   145   198 D NetworkPolicy: applying policy NetworkPolicy[NetworkTemplate: matchRule=MOBILE_ALL, subscriberId=valid]: cycleDay=5, warningBytes=2147483648, limitBytes=-1, lastSnooze=-1 to ifaces [rmnet0]
07-12 18:30:44.243   269   269 I wpa_supplicant: wlan0: Trying to associate with SSID 'UBMESH2'
07-12 18:30:44.302   269   269 I wpa_supplicant: wlan0: Association request to the driver failed
07-12 18:30:44.302   269   269 I wpa_supplicant: wlan0: CTRL-EVENT-DISCONNECTED bssid=00:00:00:00:00:00 reason=0
07-12 18:30:44.341   269   269 I wpa_supplicant: wlan0: Associated with 62:77:c8:81:bb:f5
07-12 18:30:44.341   269   269 I wpa_supplicant: wlan0: CTRL-EVENT-CONNECTED - Connection to 62:77:c8:81:bb:f5 completed (reauth) [id=6 id_str=]
07-12 18:30:46.087   145   206 D Tethering: MasterInitialState.processMessage what=3
07-12 18:30:46.130   145   206 D Tethering: MasterInitialState.processMessage what=3
07-12 18:30:46.161   889   903 D PicasaSyncManager: active network: NetworkInfo: type: mobile[CDMA - EvDo rev. A], state: CONNECTED/CONNECTED, reason: (unspecified), extra: , roaming: false, failover: false, isAvailable: true
07-12 18:30:46.169   870   870 I MediaUploader: No need to wake up
07-12 18:30:46.173   463   463 I PhoneLab-WiFiReceiver: Wi-Fi is disconnected!
07-12 18:30:46.204   870   870 I MediaUploader: No need to wake up
07-12 18:30:46.208   889   903 D PicasaSyncManager: background data: true
07-12 18:30:46.208   889   903 D PicasaSyncManager: active network: NetworkInfo: type: mobile[CDMA - EvDo rev. A], state: CONNECTED/CONNECTED, reason: (unspecified), extra: , roaming: false, failover: false, isAvailable: true
07-12 18:30:46.212   889   903 D PicasaSyncManager: background data: true
07-12 18:30:46.376   271   273 D dalvikvm: GC_CONCURRENT freed 333K, 7% free 10283K/11015K, paused 1ms+8ms
07-12 18:30:46.517   271   273 D dalvikvm: GC_CONCURRENT freed 1302K, 15% free 9377K/11015K, paused 2ms+3ms
07-12 18:30:46.634   145   203 D ConnectivityService: handleInetConditionHoldEnd: net=0, condition=100, published condition=100
07-12 18:30:46.661   271   273 D dalvikvm: GC_CONCURRENT freed 331K, 15% free 9436K/11015K, paused 1ms+3ms
07-12 18:30:46.798   271   273 D dalvikvm: GC_CONCURRENT freed 332K, 14% free 9500K/11015K, paused 1ms+3ms
07-12 18:30:46.946   271   273 D dalvikvm: GC_CONCURRENT freed 335K, 14% free 9560K/11015K, paused 1ms+4ms
07-12 18:30:47.095   271   273 D dalvikvm: GC_CONCURRENT freed 334K, 13% free 9623K/11015K, paused 1ms+2ms
07-12 18:30:47.231   271   273 D dalvikvm: GC_CONCURRENT freed 333K, 13% free 9687K/11015K, paused 2ms+2ms
07-12 18:30:47.380   271   273 D dalvikvm: GC_CONCURRENT freed 334K, 12% free 9748K/11015K, paused 2ms+3ms
07-12 18:30:47.532   271   273 D dalvikvm: GC_CONCURRENT freed 334K, 11% free 9811K/11015K, paused 1ms+3ms
07-12 18:30:47.681   271   273 D dalvikvm: GC_CONCURRENT freed 333K, 11% free 9876K/11015K, paused 1ms+4ms
07-12 18:30:47.837   271   273 D dalvikvm: GC_CONCURRENT freed 337K, 10% free 9935K/11015K, paused 2ms+3ms
07-12 18:30:47.989   271   273 D dalvikvm: GC_CONCURRENT freed 335K, 10% free 9996K/11015K, paused 2ms+3ms
07-12 18:30:48.165   271   273 D dalvikvm: GC_CONCURRENT freed 333K, 9% free 10060K/11015K, paused 1ms+4ms
07-12 18:30:48.317   271   273 D dalvikvm: GC_CONCURRENT freed 333K, 9% free 10123K/11015K, paused 2ms+3ms
07-12 18:30:48.470   271   273 D dalvikvm: GC_CONCURRENT freed 334K, 8% free 10187K/11015K, paused 2ms+4ms
07-12 18:30:48.638   271   273 D dalvikvm: GC_CONCURRENT freed 336K, 7% free 10247K/11015K, paused 1ms+3ms
07-12 18:31:14.747   145  1585 E DhcpStateMachine: DHCP failed on wlan0: Timed out waiting for DHCP to finish
07-12 18:31:14.962   145   200 E WifiStateMachine: IP configuration failed
07-12 18:31:14.989    76   117 D CommandListener: Clearing all IP addresses on wlan0
07-12 18:31:15.005   145   203 D ConnectivityService: ConnectivityChange for WIFI: DISCONNECTED/DISCONNECTED
07-12 18:31:15.005   145   203 D ConnectivityService: Attempting to switch to mobile
07-12 18:31:15.005   145   203 D ConnectivityService: Attempting to switch to WIMAX
07-12 18:31:15.005   145   203 D ConnectivityService: Attempting to switch to BLUETOOTH_TETHER
07-12 18:31:15.013   145   197 W NetworkStats: dropping UID delta from unknown iface: iface=wlan0 uid=0 set=DEFAULT tag=0x0 rxBytes=0 rxPackets=0 txBytes=384 txPackets=6 operations=0
07-12 18:31:15.028   145   198 D NetworkPolicy: applying policy NetworkPolicy[NetworkTemplate: matchRule=MOBILE_ALL, subscriberId=valid]: cycleDay=5, warningBytes=2147483648, limitBytes=-1, lastSnooze=-1 to ifaces [rmnet0]
07-12 18:31:15.036   145   198 D NetworkPolicy: applying policy NetworkPolicy[NetworkTemplate: matchRule=MOBILE_ALL, subscriberId=valid]: cycleDay=5, warningBytes=2147483648, limitBytes=-1, lastSnooze=-1 to ifaces [rmnet0]
07-12 18:31:16.184   269   269 I wpa_supplicant: wlan0: Trying to associate with SSID 'UBMESH2'
07-12 18:31:16.235   269   269 I wpa_supplicant: wlan0: Association request to the driver failed
07-12 18:31:16.239   269   269 I wpa_supplicant: wlan0: CTRL-EVENT-DISCONNECTED bssid=00:00:00:00:00:00 reason=0
07-12 18:31:16.282   269   269 I wpa_supplicant: wlan0: Associated with b6:9f:43:06:18:34
07-12 18:31:16.282   269   269 I wpa_supplicant: wlan0: CTRL-EVENT-CONNECTED - Connection to b6:9f:43:06:18:34 completed (reauth) [id=6 id_str=]
07-12 18:31:18.024   145   206 D Tethering: MasterInitialState.processMessage what=3
07-12 18:31:18.079   145   206 D Tethering: MasterInitialState.processMessage what=3
07-12 18:31:18.165   494   496 D dalvikvm: GC_CONCURRENT freed 400K, 6% free 10146K/10759K, paused 2ms+3ms
07-12 18:31:18.181   889   903 D PicasaSyncManager: active network: NetworkInfo: type: mobile[CDMA - EvDo rev. A], state: CONNECTED/CONNECTED, reason: (unspecified), extra: , roaming: false, failover: false, isAvailable: true
07-12 18:31:18.200   145   147 D dalvikvm: GC_CONCURRENT freed 914K, 12% free 13032K/14727K, paused 2ms+7ms
07-12 18:31:18.200   889   903 D PicasaSyncManager: background data: true
07-12 18:31:18.224   870   870 I MediaUploader: No need to wake up
07-12 18:31:18.227   463   463 I PhoneLab-WiFiReceiver: Wi-Fi is disconnected!
07-12 18:31:18.243   889   903 D PicasaSyncManager: active network: NetworkInfo: type: mobile[CDMA - EvDo rev. A], state: CONNECTED/CONNECTED, reason: (unspecified), extra: , roaming: false, failover: false, isAvailable: true
07-12 18:31:18.243   889   903 D PicasaSyncManager: background data: true
07-12 18:31:18.259   870   870 I MediaUploader: No need to wake up
07-12 18:31:18.474   271   273 D dalvikvm: GC_CONCURRENT freed 335K, 7% free 10308K/11015K, paused 2ms+7ms
07-12 18:31:18.595   145   203 D ConnectivityService: handleInetConditionHoldEnd: net=0, condition=100, published condition=100
07-12 18:31:18.630   271   273 D dalvikvm: GC_CONCURRENT freed 1298K, 15% free 9402K/11015K, paused 1ms+4ms
07-12 18:31:18.782   271   273 D dalvikvm: GC_CONCURRENT freed 333K, 15% free 9464K/11015K, paused 2ms+3ms
07-12 18:31:18.931   271   273 D dalvikvm: GC_CONCURRENT freed 334K, 14% free 9527K/11015K, paused 1ms+4ms
07-12 18:31:19.087   271   273 D dalvikvm: GC_CONCURRENT freed 336K, 13% free 9588K/11015K, paused 2ms+3ms
07-12 18:31:19.235   271   273 D dalvikvm: GC_CONCURRENT freed 334K, 13% free 9650K/11015K, paused 2ms+4ms
07-12 18:31:19.392   271   273 D dalvikvm: GC_CONCURRENT freed 333K, 12% free 9713K/11015K, paused 1ms+3ms
07-12 18:31:19.540   271   273 D dalvikvm: GC_CONCURRENT freed 334K, 12% free 9775K/11015K, paused 2ms+4ms
07-12 18:31:19.688   271   273 D dalvikvm: GC_CONCURRENT freed 334K, 11% free 9837K/11015K, paused 2ms+3ms
07-12 18:31:19.841   271   273 D dalvikvm: GC_CONCURRENT freed 334K, 11% free 9899K/11015K, paused 2ms+3ms
07-12 18:31:19.997   271   273 D dalvikvm: GC_CONCURRENT freed 334K, 10% free 9962K/11015K, paused 2ms+3ms
07-12 18:31:20.149   271   273 D dalvikvm: GC_CONCURRENT freed 333K, 9% free 10025K/11015K, paused 2ms+3ms
07-12 18:31:20.294   271   273 D dalvikvm: GC_CONCURRENT freed 335K, 9% free 10086K/11015K, paused 2ms+3ms
07-12 18:31:20.434   271   273 D dalvikvm: GC_CONCURRENT freed 332K, 8% free 10149K/11015K, paused 2ms+3ms
07-12 18:31:20.579   271   273 D dalvikvm: GC_CONCURRENT freed 333K, 8% free 10212K/11015K, paused 2ms+3ms
07-12 18:31:24.063   463   952 I PhoneLab-: Service Running
07-12 18:31:24.145   463   952 I PhoneLab-LoggerService: app_49    957   463   1480   1112  c00f181c 400107b4 S logcat
07-12 18:31:24.145   463   952 I PhoneLab-LoggerService: Logcat pid from database 957
07-12 18:31:24.145   463   952 I PhoneLab-LoggerService: Logcat process found 957
07-12 18:31:24.145   463   952 I PhoneLab-LoggerService: Checking Threshold
07-12 18:31:24.145   463   952 I PhoneLab-LoggerService: Starting to rename files
07-12 18:31:24.145   463   952 I PhoneLab-LoggerService: Files found .. 2
07-12 18:31:46.688   145  1595 E DhcpStateMachine: DHCP failed on wlan0: Timed out waiting for DHCP to finish
07-12 18:31:46.903   145   200 E WifiStateMachine: IP configuration failed
07-12 18:31:46.934    76   117 D CommandListener: Clearing all IP addresses on wlan0
07-12 18:31:46.977   145   203 D ConnectivityService: ConnectivityChange for WIFI: DISCONNECTED/DISCONNECTED
07-12 18:31:46.977   145   203 D ConnectivityService: Attempting to switch to mobile
07-12 18:31:46.977   145   203 D ConnectivityService: Attempting to switch to WIMAX
07-12 18:31:46.977   145   203 D ConnectivityService: Attempting to switch to BLUETOOTH_TETHER
07-12 18:31:46.985   145   197 W NetworkStats: dropping UID delta from unknown iface: iface=wlan0 uid=0 set=DEFAULT tag=0x0 rxBytes=0 rxPackets=0 txBytes=384 txPackets=6 operations=0
07-12 18:31:47.001   145   198 D NetworkPolicy: applying policy NetworkPolicy[NetworkTemplate: matchRule=MOBILE_ALL, subscriberId=valid]: cycleDay=5, warningBytes=2147483648, limitBytes=-1, lastSnooze=-1 to ifaces [rmnet0]
07-12 18:31:47.009   145   198 D NetworkPolicy: applying policy NetworkPolicy[NetworkTemplate: matchRule=MOBILE_ALL, subscriberId=valid]: cycleDay=5, warningBytes=2147483648, limitBytes=-1, lastSnooze=-1 to ifaces [rmnet0]
07-12 18:31:48.134   269   269 I wpa_supplicant: wlan0: Trying to associate with e8:40:40:73:f4:00 (SSID='UB_Wireless' freq=2412 MHz)
07-12 18:31:48.188   269   269 I wpa_supplicant: wlan0: Association request to the driver failed
07-12 18:31:48.192   269   269 I wpa_supplicant: wlan0: CTRL-EVENT-DISCONNECTED bssid=e8:40:40:73:f4:00 reason=0
07-12 18:31:48.325   269   269 E wpa_supplicant: ioctl[SIOCSIWPRIV] (cscan): -1
07-12 18:31:48.325   269   269 W wpa_supplicant: wlan0: Failed to initiate AP scan
07-12 18:31:48.352   269   269 I wpa_supplicant: wlan0: Associated with e8:40:40:73:f4:00
07-12 18:31:48.356   269   269 I wpa_supplicant: wlan0: CTRL-EVENT-CONNECTED - Connection to e8:40:40:73:f4:00 completed (reauth) [id=4 id_str=]
07-12 18:31:50.001   145   206 D Tethering: MasterInitialState.processMessage what=3
07-12 18:31:50.083   145   206 D Tethering: MasterInitialState.processMessage what=3
07-12 18:31:50.099   889   903 D PicasaSyncManager: active network: NetworkInfo: type: mobile[CDMA - EvDo rev. A], state: CONNECTED/CONNECTED, reason: (unspecified), extra: , roaming: false, failover: false, isAvailable: true
07-12 18:31:50.102   889   903 D PicasaSyncManager: background data: true
07-12 18:31:50.114   870   870 I MediaUploader: No need to wake up
07-12 18:31:50.118   463   463 I PhoneLab-WiFiReceiver: Wi-Fi is disconnected!
07-12 18:31:50.138   889   903 D PicasaSyncManager: active network: NetworkInfo: type: mobile[CDMA - EvDo rev. A], state: CONNECTED/CONNECTED, reason: (unspecified), extra: , roaming: false, failover: false, isAvailable: true
07-12 18:31:50.138   889   903 D PicasaSyncManager: background data: true
07-12 18:31:50.161   870   870 I MediaUploader: No need to wake up
07-12 18:31:50.204   870   872 D dalvikvm: GC_CONCURRENT freed 384K, 5% free 9083K/9543K, paused 1ms+1ms
07-12 18:31:50.325   271   273 D dalvikvm: GC_CONCURRENT freed 335K, 7% free 10273K/11015K, paused 1ms+7ms
07-12 18:31:50.466   271   273 D dalvikvm: GC_CONCURRENT freed 1303K, 15% free 9366K/11015K, paused 1ms+2ms
07-12 18:31:50.595   145   203 D ConnectivityService: handleInetConditionHoldEnd: net=0, condition=100, published condition=100
07-12 18:31:50.614   271   273 D dalvikvm: GC_CONCURRENT freed 333K, 15% free 9429K/11015K, paused 1ms+3ms
07-12 18:31:50.759   271   273 D dalvikvm: GC_CONCURRENT freed 334K, 14% free 9491K/11015K, paused 1ms+4ms
07-12 18:31:50.911   271   273 D dalvikvm: GC_CONCURRENT freed 335K, 14% free 9552K/11015K, paused 2ms+2ms
07-12 18:31:51.048   271   273 D dalvikvm: GC_CONCURRENT freed 329K, 13% free 9610K/11015K, paused 1ms+3ms
07-12 18:31:51.196   271   273 D dalvikvm: GC_CONCURRENT freed 331K, 13% free 9675K/11015K, paused 1ms+3ms
07-12 18:31:51.341   271   273 D dalvikvm: GC_CONCURRENT freed 333K, 12% free 9739K/11015K, paused 2ms+3ms
07-12 18:31:51.489   271   273 D dalvikvm: GC_CONCURRENT freed 334K, 12% free 9801K/11015K, paused 1ms+3ms
07-12 18:31:51.649   271   273 D dalvikvm: GC_CONCURRENT freed 336K, 11% free 9862K/11015K, paused 2ms+3ms
07-12 18:31:51.813   271   273 D dalvikvm: GC_CONCURRENT freed 334K, 10% free 9924K/11015K, paused 2ms+3ms
07-12 18:31:51.974   271   273 D dalvikvm: GC_CONCURRENT freed 331K, 10% free 9984K/11015K, paused 2ms+3ms
07-12 18:31:52.153   271   273 D dalvikvm: GC_CONCURRENT freed 330K, 9% free 10045K/11015K, paused 2ms+3ms
07-12 18:31:52.317   271   273 D dalvikvm: GC_CONCURRENT freed 331K, 9% free 10110K/11015K, paused 2ms+4ms
07-12 18:31:52.466   271   273 D dalvikvm: GC_CONCURRENT freed 334K, 8% free 10172K/11015K, paused 2ms+3ms
07-12 18:31:52.622   271   273 D dalvikvm: GC_CONCURRENT freed 334K, 8% free 10234K/11015K, paused 1ms+4ms
07-12 18:31:56.333   269   269 I wpa_supplicant: wlan0: Trying to associate with SSID 'UBMESH2'
07-12 18:31:56.388   269   269 I wpa_supplicant: wlan0: CTRL-EVENT-DISCONNECTED bssid=e8:40:40:73:f4:00 reason=0
07-12 18:31:56.392    76   117 D CommandListener: Clearing all IP addresses on wlan0
07-12 18:31:56.399   145   203 D ConnectivityService: ConnectivityChange for WIFI: DISCONNECTED/DISCONNECTED
07-12 18:31:56.399   145   203 D ConnectivityService: Attempting to switch to mobile
07-12 18:31:56.399   145   203 D ConnectivityService: Attempting to switch to WIMAX
07-12 18:31:56.399   145   203 D ConnectivityService: Attempting to switch to BLUETOOTH_TETHER
07-12 18:31:56.411   145   197 W NetworkStats: dropping UID delta from unknown iface: iface=wlan0 uid=0 set=DEFAULT tag=0x0 rxBytes=0 rxPackets=0 txBytes=328 txPackets=5 operations=0
07-12 18:31:56.427   145   198 D NetworkPolicy: applying policy NetworkPolicy[NetworkTemplate: matchRule=MOBILE_ALL, subscriberId=valid]: cycleDay=5, warningBytes=2147483648, limitBytes=-1, lastSnooze=-1 to ifaces [rmnet0]
07-12 18:31:56.431   269   269 I wpa_supplicant: wlan0: Associated with 7e:02:f8:12:c0:96
07-12 18:31:56.431   269   269 I wpa_supplicant: wlan0: CTRL-EVENT-CONNECTED - Connection to 7e:02:f8:12:c0:96 completed (reauth) [id=6 id_str=]
07-12 18:31:56.450   145   198 D NetworkPolicy: applying policy NetworkPolicy[NetworkTemplate: matchRule=MOBILE_ALL, subscriberId=valid]: cycleDay=5, warningBytes=2147483648, limitBytes=-1, lastSnooze=-1 to ifaces [rmnet0]
07-12 18:31:56.458   145   197 W NetworkStats: dropping UID delta from unknown iface: iface=wlan0 uid=0 set=DEFAULT tag=0x0 rxBytes=0 rxPackets=0 txBytes=76 txPackets=1 operations=0
07-12 18:31:59.419   145   206 D Tethering: MasterInitialState.processMessage what=3
07-12 18:31:59.477   145   206 D Tethering: MasterInitialState.processMessage what=3
07-12 18:31:59.497   889   903 D PicasaSyncManager: active network: NetworkInfo: type: mobile[CDMA - EvDo rev. A], state: CONNECTED/CONNECTED, reason: (unspecified), extra: , roaming: false, failover: false, isAvailable: true
07-12 18:31:59.497   889   903 D PicasaSyncManager: background data: true
07-12 18:31:59.509   870   870 I MediaUploader: No need to wake up
07-12 18:31:59.513   463   463 I PhoneLab-WiFiReceiver: Wi-Fi is disconnected!
07-12 18:31:59.524   889   903 D PicasaSyncManager: active network: NetworkInfo: type: mobile[CDMA - EvDo rev. A], state: CONNECTED/CONNECTED, reason: (unspecified), extra: , roaming: false, failover: false, isAvailable: true
07-12 18:31:59.528   889   903 D PicasaSyncManager: background data: true
07-12 18:31:59.599   870   870 I MediaUploader: No need to wake up
07-12 18:31:59.618   145   147 D dalvikvm: GC_CONCURRENT freed 870K, 12% free 13061K/14727K, paused 2ms+6ms
07-12 18:31:59.821   271   273 D dalvikvm: GC_CONCURRENT freed 335K, 7% free 10295K/11015K, paused 1ms+7ms
07-12 18:31:59.962   271   273 D dalvikvm: GC_CONCURRENT freed 1301K, 15% free 9390K/11015K, paused 1ms+3ms
07-12 18:31:59.977   145   203 D ConnectivityService: handleInetConditionHoldEnd: net=0, condition=100, published condition=100
07-12 18:32:00.138   271   273 D dalvikvm: GC_CONCURRENT freed 334K, 15% free 9452K/11015K, paused 1ms+3ms
07-12 18:32:00.286   271   273 D dalvikvm: GC_CONCURRENT freed 336K, 14% free 9512K/11015K, paused 2ms+4ms
07-12 18:32:00.438   271   273 D dalvikvm: GC_CONCURRENT freed 334K, 14% free 9574K/11015K, paused 2ms+3ms
07-12 18:32:00.575   271   273 D dalvikvm: GC_CONCURRENT freed 327K, 13% free 9632K/11015K, paused 2ms+3ms
07-12 18:32:00.724   271   273 D dalvikvm: GC_CONCURRENT freed 329K, 12% free 9699K/11015K, paused 1ms+3ms
07-12 18:32:00.872   271   273 D dalvikvm: GC_CONCURRENT freed 333K, 12% free 9763K/11015K, paused 1ms+3ms
07-12 18:32:01.032   271   273 D dalvikvm: GC_CONCURRENT freed 336K, 11% free 9823K/11015K, paused 2ms+3ms
07-12 18:32:01.184   271   273 D dalvikvm: GC_CONCURRENT freed 334K, 11% free 9885K/11015K, paused 2ms+4ms
07-12 18:32:01.333   271   273 D dalvikvm: GC_CONCURRENT freed 334K, 10% free 9947K/11015K, paused 2ms+3ms
07-12 18:32:01.497   271   273 D dalvikvm: GC_CONCURRENT freed 335K, 10% free 10009K/11015K, paused 1ms+4ms
07-12 18:32:01.653   271   273 D dalvikvm: GC_CONCURRENT freed 333K, 9% free 10072K/11015K, paused 1ms+3ms
07-12 18:32:01.806   271   273 D dalvikvm: GC_CONCURRENT freed 333K, 8% free 10135K/11015K, paused 1ms+3ms
07-12 18:32:01.950   271   273 D dalvikvm: GC_CONCURRENT freed 333K, 8% free 10197K/11015K, paused 2ms+3ms
07-12 18:32:18.899   145  1605 E DhcpStateMachine: DHCP failed on wlan0: Timed out waiting for DHCP to finish
07-12 18:32:19.118   145   200 E WifiStateMachine: IP configuration failed
07-12 18:32:19.122   145   200 E WifiStateMachine: Failed 10 times, Disabling 6
07-12 18:32:19.157   269   269 I wpa_supplicant: wlan0: CTRL-EVENT-DISCONNECTED bssid=00:00:00:00:00:00 reason=0
07-12 18:32:19.161    76   117 D CommandListener: Clearing all IP addresses on wlan0
07-12 18:32:19.177   145   203 D ConnectivityService: ConnectivityChange for WIFI: DISCONNECTED/SCANNING
07-12 18:32:19.181   145   203 D ConnectivityService: Attempting to switch to mobile
07-12 18:32:19.184   145   203 D ConnectivityService: Attempting to switch to WIMAX
07-12 18:32:19.184   145   203 D ConnectivityService: Attempting to switch to BLUETOOTH_TETHER
07-12 18:32:19.192   145   197 W NetworkStats: dropping UID delta from unknown iface: iface=wlan0 uid=0 set=DEFAULT tag=0x0 rxBytes=0 rxPackets=0 txBytes=308 txPackets=5 operations=0
07-12 18:32:19.200   145   198 D NetworkPolicy: applying policy NetworkPolicy[NetworkTemplate: matchRule=MOBILE_ALL, subscriberId=valid]: cycleDay=5, warningBytes=2147483648, limitBytes=-1, lastSnooze=-1 to ifaces [rmnet0]
07-12 18:32:19.208   145   198 D NetworkPolicy: applying policy NetworkPolicy[NetworkTemplate: matchRule=MOBILE_ALL, subscriberId=valid]: cycleDay=5, warningBytes=2147483648, limitBytes=-1, lastSnooze=-1 to ifaces [rmnet0]
07-12 18:32:19.235   145  1614 E DhcpStateMachine: DHCP failed on wlan0: DHCP result was failed
07-12 18:32:22.200   145   206 D Tethering: MasterInitialState.processMessage what=3
07-12 18:32:22.270   889   903 D PicasaSyncManager: active network: NetworkInfo: type: mobile[CDMA - EvDo rev. A], state: CONNECTED/CONNECTED, reason: (unspecified), extra: , roaming: false, failover: false, isAvailable: true
07-12 18:32:22.270   889   903 D PicasaSyncManager: background data: true
07-12 18:32:22.270   145   206 D Tethering: MasterInitialState.processMessage what=3
07-12 18:32:22.313   870   870 I MediaUploader: No need to wake up
07-12 18:32:22.317   463   463 I PhoneLab-WiFiReceiver: Wi-Fi is disconnected!
07-12 18:32:22.356   870   870 I MediaUploader: No need to wake up
07-12 18:32:22.360   889   903 D PicasaSyncManager: active network: NetworkInfo: type: mobile[CDMA - EvDo rev. A], state: CONNECTED/CONNECTED, reason: (unspecified), extra: , roaming: false, failover: false, isAvailable: true
07-12 18:32:22.360   889   903 D PicasaSyncManager: background data: true
07-12 18:32:22.368   494   496 D dalvikvm: GC_CONCURRENT freed 461K, 6% free 10136K/10759K, paused 1ms+3ms
07-12 18:32:22.505   271   273 D dalvikvm: GC_CONCURRENT freed 335K, 7% free 10259K/11015K, paused 1ms+7ms
07-12 18:32:22.649   271   273 D dalvikvm: GC_CONCURRENT freed 1304K, 16% free 9352K/11015K, paused 1ms+3ms
07-12 18:32:22.767   145   203 D ConnectivityService: handleInetConditionHoldEnd: net=0, condition=100, published condition=100
07-12 18:32:22.798   271   273 D dalvikvm: GC_CONCURRENT freed 327K, 15% free 9412K/11015K, paused 1ms+3ms
07-12 18:32:22.942   271   273 D dalvikvm: GC_CONCURRENT freed 333K, 14% free 9474K/11015K, paused 2ms+3ms
07-12 18:32:23.095   271   273 D dalvikvm: GC_CONCURRENT freed 334K, 14% free 9537K/11015K, paused 2ms+3ms
07-12 18:32:23.243   271   273 D dalvikvm: GC_CONCURRENT freed 335K, 13% free 9599K/11015K, paused 2ms+2ms
07-12 18:32:23.395   271   273 D dalvikvm: GC_CONCURRENT freed 333K, 13% free 9662K/11015K, paused 1ms+3ms
07-12 18:32:23.528   271   273 D dalvikvm: GC_CONCURRENT freed 326K, 12% free 9722K/11015K, paused 2ms+3ms
07-12 18:32:23.665   271   273 D dalvikvm: GC_CONCURRENT freed 333K, 12% free 9784K/11015K, paused 2ms+3ms
07-12 18:32:23.813   271   273 D dalvikvm: GC_CONCURRENT freed 334K, 11% free 9847K/11015K, paused 2ms+3ms
07-12 18:32:23.962   271   273 D dalvikvm: GC_CONCURRENT freed 333K, 11% free 9910K/11015K, paused 1ms+3ms
07-12 18:32:24.114   271   273 D dalvikvm: GC_CONCURRENT freed 336K, 10% free 9969K/11015K, paused 1ms+4ms
07-12 18:32:24.282   271   273 D dalvikvm: GC_CONCURRENT freed 334K, 9% free 10032K/11015K, paused 2ms+4ms
07-12 18:32:24.434   271   273 D dalvikvm: GC_CONCURRENT freed 331K, 9% free 10097K/11015K, paused 2ms+3ms
07-12 18:32:24.587   271   273 D dalvikvm: GC_CONCURRENT freed 334K, 8% free 10160K/11015K, paused 1ms+3ms
07-12 18:32:24.739   271   273 D dalvikvm: GC_CONCURRENT freed 334K, 8% free 10221K/11015K, paused 2ms+3ms
07-12 18:33:06.434   216   218 D dalvikvm: GC_CONCURRENT freed 501K, 30% free 9767K/13895K, paused 2ms+3ms
07-12 18:33:06.513   216   218 D dalvikvm: GC_CONCURRENT freed 366K, 29% free 9891K/13895K, paused 2ms+2ms
07-12 18:33:06.743   216   218 D dalvikvm: GC_CONCURRENT freed 467K, 29% free 9922K/13895K, paused 3ms+5ms
07-12 18:33:24.063   463   952 I PhoneLab-: Service Running
07-12 18:33:24.165   463   952 I PhoneLab-LoggerService: app_49    957   463   1480   1112  c00f181c 400107b4 S logcat
07-12 18:33:24.169   463   952 I PhoneLab-LoggerService: Logcat pid from database 957
07-12 18:33:24.169   463   952 I PhoneLab-LoggerService: Logcat process found 957
07-12 18:33:24.169   463   952 I PhoneLab-LoggerService: Checking Threshold
07-12 18:33:24.169   463   952 I PhoneLab-LoggerService: Starting to rename files
07-12 18:33:24.169   463   952 I PhoneLab-LoggerService: Files found .. 2
07-12 18:33:53.099   216   218 D dalvikvm: GC_CONCURRENT freed 505K, 30% free 9846K/13895K, paused 2ms+3ms
07-12 18:33:53.177   216   218 D dalvikvm: GC_CONCURRENT freed 542K, 30% free 9765K/13895K, paused 2ms+3ms
07-12 18:35:24.063   463   952 I PhoneLab-: Service Running
07-12 18:35:24.165   463   952 I PhoneLab-LoggerService: app_49    957   463   1480   1112  c00f181c 400107b4 S logcat
07-12 18:35:24.169   463   952 I PhoneLab-LoggerService: Logcat pid from database 957
07-12 18:35:24.169   463   952 I PhoneLab-LoggerService: Logcat process found 957
07-12 18:35:24.169   463   952 I PhoneLab-LoggerService: Checking Threshold
07-12 18:35:24.169   463   952 I PhoneLab-LoggerService: Starting to rename files
07-12 18:35:24.173   463   952 I PhoneLab-LoggerService: Files found .. 2
07-12 18:35:24.188   463   464 D dalvikvm: GC_CONCURRENT freed 420K, 18% free 9121K/11079K, paused 1ms+2ms
07-12 18:35:57.431   856   858 D dalvikvm: GC_CONCURRENT freed 401K, 7% free 10169K/10887K, paused 1ms+3ms
07-12 18:37:24.063   463   952 I PhoneLab-: Service Running
07-12 18:37:24.165   463   952 I PhoneLab-LoggerService: app_49    957   463   1480   1112  c00f181c 400107b4 S logcat
07-12 18:37:24.169   463   952 I PhoneLab-LoggerService: Logcat pid from database 957
07-12 18:37:24.169   463   952 I PhoneLab-LoggerService: Logcat process found 957
07-12 18:37:24.169   463   952 I PhoneLab-LoggerService: Checking Threshold
07-12 18:37:24.169   463   952 I PhoneLab-LoggerService: Starting to rename files
07-12 18:37:24.169   463   952 I PhoneLab-LoggerService: Files found .. 2
07-12 18:38:04.841   145   147 D dalvikvm: GC_CONCURRENT freed 918K, 12% free 13029K/14727K, paused 17ms+4ms
07-12 18:39:24.063   463   952 I PhoneLab-: Service Running
07-12 18:39:24.173   463   952 I PhoneLab-LoggerService: app_49    957   463   1480   1112  c00f181c 400107b4 S logcat
07-12 18:39:24.173   463   952 I PhoneLab-LoggerService: Logcat pid from database 957
07-12 18:39:24.173   463   952 I PhoneLab-LoggerService: Logcat process found 957
07-12 18:39:24.173   463   952 I PhoneLab-LoggerService: Checking Threshold
07-12 18:39:24.177   463   952 I PhoneLab-LoggerService: Starting to rename files
07-12 18:39:24.177   463   952 I PhoneLab-LoggerService: Files found .. 2
07-12 18:41:24.063   463   952 I PhoneLab-: Service Running
07-12 18:41:24.165   463   952 I PhoneLab-LoggerService: app_49    957   463   1480   1112  c00f181c 400107b4 S logcat
07-12 18:41:24.169   463   952 I PhoneLab-LoggerService: Logcat pid from database 957
07-12 18:41:24.169   463   952 I PhoneLab-LoggerService: Logcat process found 957
07-12 18:41:24.169   463   952 I PhoneLab-LoggerService: Checking Threshold
07-12 18:41:24.169   463   952 I PhoneLab-LoggerService: Starting to rename files
07-12 18:41:24.169   463   952 I PhoneLab-LoggerService: Files found .. 2
07-12 18:42:42.442   145   161 V BackupManagerService: Running a backup pass
07-12 18:42:42.462   145   215 W BackupManagerService: Requested unavailable transport: com.google.android.backup/.BackupTransportService
07-12 18:42:42.466   145   215 V BackupManagerService: Backup requested but no transport available
07-12 18:43:24.063   463   952 I PhoneLab-: Service Running
07-12 18:43:24.165   463   952 I PhoneLab-LoggerService: app_49    957   463   1480   1112  c00f181c 400107b4 S logcat
07-12 18:43:24.165   463   952 I PhoneLab-LoggerService: Logcat pid from database 957
07-12 18:43:24.169   463   952 I PhoneLab-LoggerService: Logcat process found 957
07-12 18:43:24.169   463   952 I PhoneLab-LoggerService: Checking Threshold
07-12 18:43:24.169   463   952 I PhoneLab-LoggerService: Starting to rename files
07-12 18:43:24.169   463   952 I PhoneLab-LoggerService: Files found .. 2
07-12 18:44:39.677   269   269 I wpa_supplicant: wlan0: Trying to associate with 00:1c:0e:27:2c:51 (SSID='UB_Secure' freq=2437 MHz)
07-12 18:44:39.837   269   269 I wpa_supplicant: wlan0: Associated with 00:1c:0e:27:2c:51
07-12 18:44:39.845   269   269 I wpa_supplicant: wlan0: CTRL-EVENT-EAP-STARTED EAP authentication started
07-12 18:44:39.852   269   269 I wpa_supplicant: wlan0: CTRL-EVENT-EAP-PROPOSED-METHOD vendor=0 method=4 -> NAK
07-12 18:44:39.872   269   269 I wpa_supplicant: wlan0: CTRL-EVENT-EAP-PROPOSED-METHOD vendor=0 method=25
07-12 18:44:39.872   269   269 I wpa_supplicant: wlan0: CTRL-EVENT-EAP-METHOD EAP vendor 0 method 25 (PEAP) selected
07-12 18:44:39.927   269   269 I wpa_supplicant: wlan0: CTRL-EVENT-EAP-PEER-CERT depth=2 subject='/C=US/O=Entrust.net/OU=www.entrust.net/CPS incorp. by ref. (limits liab.)/OU=(c) 1999 Entrust.net Limited/CN=Entrust.net Secure Server Certification Authority'
07-12 18:44:39.927   269   269 I wpa_supplicant: wlan0: CTRL-EVENT-EAP-PEER-CERT depth=2 subject='/C=US/O=Entrust.net/OU=www.entrust.net/CPS incorp. by ref. (limits liab.)/OU=(c) 1999 Entrust.net Limited/CN=Entrust.net Secure Server Certification Authority'
07-12 18:44:39.927   269   269 I wpa_supplicant: wlan0: CTRL-EVENT-EAP-PEER-CERT depth=1 subject='/C=US/ST=UT/L=Salt Lake City/O=The USERTRUST Network/CN=USERTrust Legacy Secure Server CA'
07-12 18:44:39.927   269   269 I wpa_supplicant: wlan0: CTRL-EVENT-EAP-PEER-CERT depth=0 subject='/C=US/postalCode=14260/ST=New York/L=Buffalo/street=305 Computing Center/O=SUNY AT BUFFALO/OU=Office of the President/OU=Issued through UNIVERSITY AT BUFFALO E-PKI Manager/OU=PremiumSSL Legacy/CN=ubsecure.acsu.buffalo.edu'
07-12 18:44:39.934   856   908 I System.out: [INFO:3203858]: c: Running flush
07-12 18:44:39.938   856   909 I System.out: [INFO:3203865]: c: Sending payload [bytes=657]
07-12 18:44:40.075   269   269 I wpa_supplicant: EAP-MSCHAPV2: Authentication succeeded
07-12 18:44:40.083   269   269 I wpa_supplicant: EAP-TLV: TLV Result - Success - EAP-TLV/Phase2 Completed
07-12 18:44:40.091   269   269 I wpa_supplicant: wlan0: CTRL-EVENT-EAP-SUCCESS EAP authentication completed successfully
07-12 18:44:42.606   856   858 D dalvikvm: GC_CONCURRENT freed 346K, 7% free 10216K/10887K, paused 12ms+3ms
07-12 18:44:42.626   856   909 D dalvikvm: GC_FOR_ALLOC freed 61K, 7% free 10154K/10887K, paused 18ms
07-12 18:44:42.626   856   909 I dalvikvm-heap: Grow heap (frag case) to 9.997MB for 8208-byte allocation
07-12 18:44:42.649   856   909 D dalvikvm: GC_FOR_ALLOC freed 0K, 8% free 10162K/10951K, paused 16ms
07-12 18:44:42.888   856   909 I System.out: [INFO:3206812]: c: Response [http=200,length=20]
07-12 18:44:42.899   856   908 I System.out: [INFO:3206822]: c: Read id 4, status code 200
07-12 18:44:43.274   269   269 I wpa_supplicant: wlan0: CTRL-EVENT-DISCONNECTED bssid=00:1c:0e:27:2c:51 reason=0
07-12 18:44:44.540   269   269 I wpa_supplicant: wlan0: Trying to associate with 00:0e:d7:6b:8c:b1 (SSID='UB_Secure' freq=2462 MHz)
07-12 18:44:44.727   269   269 I wpa_supplicant: wlan0: Associated with 00:0e:d7:6b:8c:b1
07-12 18:44:44.731   269   269 I wpa_supplicant: wlan0: CTRL-EVENT-EAP-STARTED EAP authentication started
07-12 18:44:44.743   269   269 I wpa_supplicant: wlan0: CTRL-EVENT-EAP-PROPOSED-METHOD vendor=0 method=4 -> NAK
07-12 18:44:44.747   269   269 I wpa_supplicant: wlan0: CTRL-EVENT-EAP-PROPOSED-METHOD vendor=0 method=25
07-12 18:44:44.751   269   269 I wpa_supplicant: wlan0: CTRL-EVENT-EAP-METHOD EAP vendor 0 method 25 (PEAP) selected
07-12 18:44:44.849   269   269 I wpa_supplicant: wlan0: CTRL-EVENT-EAP-PEER-CERT depth=2 subject='/C=US/O=Entrust.net/OU=www.entrust.net/CPS incorp. by ref. (limits liab.)/OU=(c) 1999 Entrust.net Limited/CN=Entrust.net Secure Server Certification Authority'
07-12 18:44:44.852   269   269 I wpa_supplicant: wlan0: CTRL-EVENT-EAP-PEER-CERT depth=2 subject='/C=US/O=Entrust.net/OU=www.entrust.net/CPS incorp. by ref. (limits liab.)/OU=(c) 1999 Entrust.net Limited/CN=Entrust.net Secure Server Certification Authority'
07-12 18:44:44.856   269   269 I wpa_supplicant: wlan0: CTRL-EVENT-EAP-PEER-CERT depth=1 subject='/C=US/ST=UT/L=Salt Lake City/O=The USERTRUST Network/CN=USERTrust Legacy Secure Server CA'
07-12 18:44:44.876   269   269 I wpa_supplicant: wlan0: CTRL-EVENT-EAP-PEER-CERT depth=0 subject='/C=US/postalCode=14260/ST=New York/L=Buffalo/street=305 Computing Center/O=SUNY AT BUFFALO/OU=Office of the President/OU=Issued through UNIVERSITY AT BUFFALO E-PKI Manager/OU=PremiumSSL Legacy/CN=ubsecure.acsu.buffalo.edu'
07-12 18:44:45.052   269   269 I wpa_supplicant: EAP-MSCHAPV2: Authentication succeeded
07-12 18:44:45.063   269   269 I wpa_supplicant: EAP-TLV: TLV Result - Success - EAP-TLV/Phase2 Completed
07-12 18:44:45.071   269   269 I wpa_supplicant: wlan0: CTRL-EVENT-EAP-SUCCESS EAP authentication completed successfully
07-12 18:44:46.173   269   269 I wpa_supplicant: wlan0: WPA: Key negotiation completed with 00:0e:d7:6b:8c:b1 [PTK=CCMP GTK=TKIP]
07-12 18:44:46.173   269   269 I wpa_supplicant: wlan0: CTRL-EVENT-CONNECTED - Connection to 00:0e:d7:6b:8c:b1 completed (reauth) [id=8 id_str=]
07-12 18:44:49.337   269   269 I wpa_supplicant: wlan0: CTRL-EVENT-DISCONNECTED bssid=00:0e:d7:6b:8c:b1 reason=0
07-12 18:44:49.341    76   117 D CommandListener: Clearing all IP addresses on wlan0
07-12 18:44:49.411   145   203 D ConnectivityService: ConnectivityChange for WIFI: DISCONNECTED/DISCONNECTED
07-12 18:44:49.411   145   203 D ConnectivityService: Attempting to switch to mobile
07-12 18:44:49.411   145   203 D ConnectivityService: Attempting to switch to WIMAX
07-12 18:44:49.411   145   203 D ConnectivityService: Attempting to switch to BLUETOOTH_TETHER
07-12 18:44:49.423   145   197 W NetworkStats: dropping UID delta from unknown iface: iface=wlan0 uid=0 set=DEFAULT tag=0x0 rxBytes=0 rxPackets=0 txBytes=196 txPackets=3 operations=0
07-12 18:44:49.431   145   198 D NetworkPolicy: applying policy NetworkPolicy[NetworkTemplate: matchRule=MOBILE_ALL, subscriberId=valid]: cycleDay=5, warningBytes=2147483648, limitBytes=-1, lastSnooze=-1 to ifaces [rmnet0]
07-12 18:44:49.438   145   198 D NetworkPolicy: applying policy NetworkPolicy[NetworkTemplate: matchRule=MOBILE_ALL, subscriberId=valid]: cycleDay=5, warningBytes=2147483648, limitBytes=-1, lastSnooze=-1 to ifaces [rmnet0]
07-12 18:44:50.591   269   269 I wpa_supplicant: wlan0: Trying to associate with 00:0e:d7:6b:8c:b1 (SSID='UB_Secure' freq=2462 MHz)
07-12 18:44:50.665   269   269 I wpa_supplicant: wlan0: Associated with 00:0e:d7:6b:8c:b1
07-12 18:44:50.673   269   269 I wpa_supplicant: wlan0: WPA: Key negotiation completed with 00:0e:d7:6b:8c:b1 [PTK=CCMP GTK=TKIP]
07-12 18:44:50.673   269   269 I wpa_supplicant: wlan0: CTRL-EVENT-CONNECTED - Connection to 00:0e:d7:6b:8c:b1 completed (reauth) [id=8 id_str=]
07-12 18:44:52.427   145   206 D Tethering: MasterInitialState.processMessage what=3
07-12 18:44:52.517   889   903 D PicasaSyncManager: active network: NetworkInfo: type: mobile[CDMA - EvDo rev. A], state: CONNECTED/CONNECTED, reason: (unspecified), extra: , roaming: false, failover: false, isAvailable: true
07-12 18:44:52.524   889   903 D PicasaSyncManager: background data: true
07-12 18:44:52.528   145   206 D Tethering: MasterInitialState.processMessage what=3
07-12 18:44:52.563   145   147 D dalvikvm: GC_CONCURRENT freed 854K, 12% free 13069K/14727K, paused 2ms+5ms
07-12 18:44:52.634   145   348 D dalvikvm: GC_EXPLICIT freed 119K, 13% free 12952K/14727K, paused 3ms+5ms
07-12 18:44:52.673   870   870 I MediaUploader: No need to wake up
07-12 18:44:52.677   463   463 I PhoneLab-WiFiReceiver: Wi-Fi is disconnected!
07-12 18:44:52.700   889   903 D PicasaSyncManager: active network: NetworkInfo: type: mobile[CDMA - EvDo rev. A], state: CONNECTED/CONNECTED, reason: (unspecified), extra: , roaming: false, failover: false, isAvailable: true
07-12 18:44:52.700   889   903 D PicasaSyncManager: background data: true
07-12 18:44:52.716   870   870 I MediaUploader: No need to wake up
07-12 18:44:52.786   494   496 D dalvikvm: GC_CONCURRENT freed 390K, 6% free 10187K/10759K, paused 2ms+3ms
07-12 18:44:52.927   271   273 D dalvikvm: GC_CONCURRENT freed 335K, 7% free 10283K/11015K, paused 2ms+7ms
07-12 18:44:52.997   145   203 D ConnectivityService: handleInetConditionHoldEnd: net=0, condition=100, published condition=100
07-12 18:44:53.067   271   273 D dalvikvm: GC_CONCURRENT freed 1300K, 15% free 9374K/11015K, paused 2ms+3ms
07-12 18:44:53.216   271   273 D dalvikvm: GC_CONCURRENT freed 332K, 15% free 9437K/11015K, paused 1ms+3ms
07-12 18:44:53.352   317   320 D dalvikvm: GC_CONCURRENT freed 435K, 6% free 9486K/10055K, paused 1ms+3ms
07-12 18:44:53.380   271   273 D dalvikvm: GC_CONCURRENT freed 329K, 14% free 9507K/11015K, paused 1ms+3ms
07-12 18:44:53.517   271   273 D dalvikvm: GC_CONCURRENT freed 338K, 14% free 9565K/11015K, paused 1ms+3ms
07-12 18:44:53.661   271   273 D dalvikvm: GC_CONCURRENT freed 337K, 13% free 9625K/11015K, paused 1ms+3ms
07-12 18:44:53.817   271   273 D dalvikvm: GC_CONCURRENT freed 335K, 13% free 9686K/11015K, paused 2ms+2ms
07-12 18:44:53.954   271   273 D dalvikvm: GC_CONCURRENT freed 333K, 12% free 9749K/11015K, paused 2ms+3ms
07-12 18:44:54.106   271   273 D dalvikvm: GC_CONCURRENT freed 333K, 11% free 9812K/11015K, paused 1ms+5ms
07-12 18:44:54.251   271   273 D dalvikvm: GC_CONCURRENT freed 335K, 11% free 9873K/11015K, paused 1ms+3ms
07-12 18:44:54.399   271   273 D dalvikvm: GC_CONCURRENT freed 334K, 10% free 9935K/11015K, paused 2ms+3ms
07-12 18:44:54.559   271   273 D dalvikvm: GC_CONCURRENT freed 335K, 10% free 9996K/11015K, paused 2ms+3ms
07-12 18:44:54.708   271   273 D dalvikvm: GC_CONCURRENT freed 331K, 9% free 10059K/11015K, paused 2ms+4ms
07-12 18:44:54.864   271   273 D dalvikvm: GC_CONCURRENT freed 331K, 9% free 10124K/11015K, paused 2ms+3ms
07-12 18:44:55.028   271   273 D dalvikvm: GC_CONCURRENT freed 334K, 8% free 10186K/11015K, paused 2ms+3ms
07-12 18:44:55.184   271   273 D dalvikvm: GC_CONCURRENT freed 336K, 7% free 10246K/11015K, paused 1ms+4ms
07-12 18:45:05.782   269   269 I wpa_supplicant: wlan0: CTRL-EVENT-DISCONNECTED bssid=00:0e:d7:6b:8c:b1 reason=0
07-12 18:45:05.790    76   117 D CommandListener: Clearing all IP addresses on wlan0
07-12 18:45:05.852   145   203 D ConnectivityService: ConnectivityChange for WIFI: DISCONNECTED/DISCONNECTED
07-12 18:45:05.852   145   203 D ConnectivityService: Attempting to switch to mobile
07-12 18:45:05.856   145   203 D ConnectivityService: Attempting to switch to WIMAX
07-12 18:45:05.856   145   203 D ConnectivityService: Attempting to switch to BLUETOOTH_TETHER
07-12 18:45:05.864   145   197 W NetworkStats: dropping UID delta from unknown iface: iface=wlan0 uid=0 set=DEFAULT tag=0x0 rxBytes=0 rxPackets=0 txBytes=384 txPackets=6 operations=0
07-12 18:45:05.880   145   198 D NetworkPolicy: applying policy NetworkPolicy[NetworkTemplate: matchRule=MOBILE_ALL, subscriberId=valid]: cycleDay=5, warningBytes=2147483648, limitBytes=-1, lastSnooze=-1 to ifaces [rmnet0]
07-12 18:45:05.888   145   198 D NetworkPolicy: applying policy NetworkPolicy[NetworkTemplate: matchRule=MOBILE_ALL, subscriberId=valid]: cycleDay=5, warningBytes=2147483648, limitBytes=-1, lastSnooze=-1 to ifaces [rmnet0]
07-12 18:45:06.360   269   269 I wpa_supplicant: wlan0: Trying to associate with 00:1f:9d:da:10:21 (SSID='UB_Secure' freq=2412 MHz)
07-12 18:45:08.876   145   206 D Tethering: MasterInitialState.processMessage what=3
07-12 18:45:08.942   145   206 D Tethering: MasterInitialState.processMessage what=3
07-12 18:45:08.974   870   870 I MediaUploader: No need to wake up
07-12 18:45:08.977   463   463 I PhoneLab-WiFiReceiver: Wi-Fi is disconnected!
07-12 18:45:09.005   870   870 I MediaUploader: No need to wake up
07-12 18:45:09.009   889   903 D PicasaSyncManager: active network: NetworkInfo: type: mobile[CDMA - EvDo rev. A], state: CONNECTED/CONNECTED, reason: (unspecified), extra: , roaming: false, failover: false, isAvailable: true
07-12 18:45:09.013   889   903 D PicasaSyncManager: background data: true
07-12 18:45:09.020   889   903 D PicasaSyncManager: active network: NetworkInfo: type: mobile[CDMA - EvDo rev. A], state: CONNECTED/CONNECTED, reason: (unspecified), extra: , roaming: false, failover: false, isAvailable: true
07-12 18:45:09.020   889   903 D PicasaSyncManager: background data: true
07-12 18:45:09.216   271   273 D dalvikvm: GC_CONCURRENT freed 336K, 7% free 10306K/11015K, paused 2ms+7ms
07-12 18:45:09.356   271   273 D dalvikvm: GC_CONCURRENT freed 1300K, 15% free 9403K/11015K, paused 1ms+3ms
07-12 18:45:09.446   145   203 D ConnectivityService: handleInetConditionHoldEnd: net=0, condition=100, published condition=100
07-12 18:45:09.497   271   273 D dalvikvm: GC_CONCURRENT freed 333K, 15% free 9466K/11015K, paused 2ms+3ms
07-12 18:45:09.642   271   273 D dalvikvm: GC_CONCURRENT freed 336K, 14% free 9526K/11015K, paused 2ms+3ms
07-12 18:45:09.790   271   273 D dalvikvm: GC_CONCURRENT freed 335K, 13% free 9588K/11015K, paused 2ms+4ms
07-12 18:45:09.946   271   273 D dalvikvm: GC_CONCURRENT freed 334K, 13% free 9649K/11015K, paused 2ms+3ms
07-12 18:45:10.091   271   273 D dalvikvm: GC_CONCURRENT freed 328K, 12% free 9709K/11015K, paused 1ms+4ms
07-12 18:45:10.235   271   273 D dalvikvm: GC_CONCURRENT freed 330K, 12% free 9775K/11015K, paused 2ms+3ms
07-12 18:45:10.388   271   273 D dalvikvm: GC_CONCURRENT freed 335K, 11% free 9838K/11015K, paused 2ms+3ms
07-12 18:45:10.532   271   273 D dalvikvm: GC_CONCURRENT freed 335K, 11% free 9899K/11015K, paused 2ms+3ms
07-12 18:45:10.684   271   273 D dalvikvm: GC_CONCURRENT freed 336K, 10% free 9959K/11015K, paused 2ms+4ms
07-12 18:45:10.833   271   273 D dalvikvm: GC_CONCURRENT freed 334K, 10% free 10022K/11015K, paused 1ms+3ms
07-12 18:45:10.981   271   273 D dalvikvm: GC_CONCURRENT freed 332K, 9% free 10085K/11015K, paused 1ms+3ms
07-12 18:45:11.126   271   273 D dalvikvm: GC_CONCURRENT freed 332K, 8% free 10149K/11015K, paused 1ms+3ms
07-12 18:45:11.267   271   273 D dalvikvm: GC_CONCURRENT freed 334K, 8% free 10211K/11015K, paused 2ms+3ms
07-12 18:45:16.536   269   269 I wpa_supplicant: wlan0: Authentication with 00:1f:9d:da:10:21 timed out.
07-12 18:45:16.587   145  1624 E DhcpStateMachine: DHCP failed on wlan0: Timed out waiting for DHCP to finish
07-12 18:45:16.876   145  1632 E DhcpStateMachine: DHCP failed on wlan0: DHCP result was failed
07-12 18:45:18.083   269   269 I wpa_supplicant: wlan0: Trying to associate with 00:1f:9d:da:10:21 (SSID='UB_Secure' freq=2412 MHz)
07-12 18:45:18.188    76   114 D NetlinkEvent: Unexpected netlink message. type=0xf
07-12 18:45:24.063   463   952 I PhoneLab-: Service Running
07-12 18:45:24.134   463   952 I PhoneLab-LoggerService: app_49    957   463   1480   1112  c00f181c 400107b4 S logcat
07-12 18:45:24.138   463   952 I PhoneLab-LoggerService: Logcat pid from database 957
07-12 18:45:24.138   463   952 I PhoneLab-LoggerService: Logcat process found 957
07-12 18:45:24.138   463   952 I PhoneLab-LoggerService: Checking Threshold
07-12 18:45:24.138   463   952 I PhoneLab-LoggerService: Starting to rename files
07-12 18:45:24.138   463   952 I PhoneLab-LoggerService: Files found .. 2
07-12 18:45:28.126   269   269 I wpa_supplicant: wlan0: Authentication with 00:1f:9d:da:10:21 timed out.
07-12 18:46:31.864   269   269 I wpa_supplicant: wlan0: Trying to associate with 00:1f:9d:da:10:21 (SSID='UB_Secure' freq=2412 MHz)
07-12 18:46:31.962    76   114 D NetlinkEvent: Unexpected netlink message. type=0xf
07-12 18:46:41.903   269   269 I wpa_supplicant: wlan0: Authentication with 00:1f:9d:da:10:21 timed out.
07-12 18:46:43.579   216   218 D dalvikvm: GC_CONCURRENT freed 427K, 30% free 9767K/13895K, paused 2ms+3ms
07-12 18:46:43.708   216   218 D dalvikvm: GC_CONCURRENT freed 353K, 29% free 9874K/13895K, paused 3ms+5ms
07-12 18:46:46.755   216   218 D dalvikvm: GC_CONCURRENT freed 332K, 29% free 9926K/13895K, paused 11ms+2ms
07-12 18:46:59.138   216   216 D dalvikvm: GC_FOR_ALLOC freed 607K, 31% free 9673K/13895K, paused 17ms
07-12 18:46:59.216   216   218 D dalvikvm: GC_CONCURRENT freed 290K, 30% free 9863K/13895K, paused 2ms+2ms
07-12 18:47:14.552   269   269 I wpa_supplicant: wlan0: Trying to associate with 00:0e:d7:6b:8c:b1 (SSID='UB_Secure' freq=2462 MHz)
07-12 18:47:24.063   463   952 I PhoneLab-: Service Running
07-12 18:47:24.145   463   952 I PhoneLab-LoggerService: app_49    957   463   1480   1112  c00f181c 400107b4 S logcat
07-12 18:47:24.145   463   952 I PhoneLab-LoggerService: Logcat pid from database 957
07-12 18:47:24.145   463   952 I PhoneLab-LoggerService: Logcat process found 957
07-12 18:47:24.145   463   952 I PhoneLab-LoggerService: Checking Threshold
07-12 18:47:24.145   463   952 I PhoneLab-LoggerService: Starting to rename files
07-12 18:47:24.145   463   952 I PhoneLab-LoggerService: Files found .. 2
07-12 18:47:24.716   269   269 I wpa_supplicant: wlan0: Authentication with 00:0e:d7:6b:8c:b1 timed out.
07-12 18:47:41.809   269   269 I wpa_supplicant: wlan0: Trying to associate with 00:0e:d7:6b:8c:b1 (SSID='UB_Secure' freq=2462 MHz)
07-12 18:47:41.923    76   114 D NetlinkEvent: Unexpected netlink message. type=0xf
07-12 18:47:51.868   269   269 I wpa_supplicant: wlan0: Authentication with 00:0e:d7:6b:8c:b1 timed out.
07-12 18:48:08.989   269   269 I wpa_supplicant: wlan0: Trying to associate with 00:12:00:c0:49:a1 (SSID='UB_Secure' freq=2437 MHz)
07-12 18:48:09.184    76   114 D NetlinkEvent: Unexpected netlink message. type=0xf
07-12 18:48:19.130   269   269 I wpa_supplicant: wlan0: Authentication with 00:12:00:c0:49:a1 timed out.
07-12 18:48:20.692   269   269 I wpa_supplicant: wlan0: Trying to associate with 00:12:00:c0:49:a1 (SSID='UB_Secure' freq=2437 MHz)
07-12 18:48:20.767   269   269 I wpa_supplicant: wlan0: Associated with 00:12:00:c0:49:a1
07-12 18:48:20.778   269   269 I wpa_supplicant: wlan0: CTRL-EVENT-EAP-STARTED EAP authentication started
07-12 18:48:20.782   269   269 I wpa_supplicant: wlan0: CTRL-EVENT-EAP-PROPOSED-METHOD vendor=0 method=4 -> NAK
07-12 18:48:20.790   269   269 I wpa_supplicant: wlan0: CTRL-EVENT-EAP-PROPOSED-METHOD vendor=0 method=25
07-12 18:48:20.790   269   269 I wpa_supplicant: wlan0: CTRL-EVENT-EAP-METHOD EAP vendor 0 method 25 (PEAP) selected
07-12 18:48:20.860   269   269 I wpa_supplicant: wlan0: CTRL-EVENT-EAP-PEER-CERT depth=2 subject='/C=US/O=Entrust.net/OU=www.entrust.net/CPS incorp. by ref. (limits liab.)/OU=(c) 1999 Entrust.net Limited/CN=Entrust.net Secure Server Certification Authority'
07-12 18:48:20.860   269   269 I wpa_supplicant: wlan0: CTRL-EVENT-EAP-PEER-CERT depth=2 subject='/C=US/O=Entrust.net/OU=www.entrust.net/CPS incorp. by ref. (limits liab.)/OU=(c) 1999 Entrust.net Limited/CN=Entrust.net Secure Server Certification Authority'
07-12 18:48:20.864   269   269 I wpa_supplicant: wlan0: CTRL-EVENT-EAP-PEER-CERT depth=1 subject='/C=US/ST=UT/L=Salt Lake City/O=The USERTRUST Network/CN=USERTrust Legacy Secure Server CA'
07-12 18:48:20.872    76   114 D NetlinkEvent: Unexpected netlink message. type=0x30
07-12 18:48:20.892   269   269 I wpa_supplicant: wlan0: CTRL-EVENT-EAP-PEER-CERT depth=0 subject='/C=US/postalCode=14260/ST=New York/L=Buffalo/street=305 Computing Center/O=SUNY AT BUFFALO/OU=Office of the President/OU=Issued through UNIVERSITY AT BUFFALO E-PKI Manager/OU=PremiumSSL Legacy/CN=ubsecure.acsu.buffalo.edu'
07-12 18:48:21.040   269   269 I wpa_supplicant: EAP-MSCHAPV2: Authentication succeeded
07-12 18:48:21.048   269   269 I wpa_supplicant: EAP-TLV: TLV Result - Success - EAP-TLV/Phase2 Completed
07-12 18:48:21.056   269   269 I wpa_supplicant: wlan0: CTRL-EVENT-EAP-SUCCESS EAP authentication completed successfully
07-12 18:48:22.169    76   114 D NetlinkEvent: Unexpected netlink message. type=0xf
07-12 18:48:22.177   269   269 I wpa_supplicant: wlan0: WPA: Key negotiation completed with 00:12:00:c0:49:a1 [PTK=CCMP GTK=TKIP]
07-12 18:48:22.177   269   269 I wpa_supplicant: wlan0: CTRL-EVENT-CONNECTED - Connection to 00:12:00:c0:49:a1 completed (reauth) [id=8 id_str=]
07-12 18:48:26.247   145   203 D ConnectivityService: ConnectivityChange for WIFI: CONNECTED/CONNECTED
07-12 18:48:26.247   145   203 D ConnectivityService: Policy requires mobile teardown
07-12 18:48:26.282   463   463 I PhoneLab-WiFiReceiver: Wi-Fi is connected!
07-12 18:48:26.286   463   463 I PhoneLab-WiFiReceiver: SSID: UB_Secure BSSID: 00:12:00:c0:49:a1 RSSI: -200 LinkSpeed: -1
07-12 18:48:26.286   463   463 I PhoneLab-Locks: wake lock acquired
07-12 18:48:26.286   463   463 I PhoneLab-UploadLogs: Transfering log files now
07-12 18:48:26.341   145   197 W NetworkStats: dropping UID delta from unknown iface: iface=wlan0 uid=0 set=DEFAULT tag=0x0 rxBytes=0 rxPackets=0 txBytes=272 txPackets=4 operations=0
07-12 18:48:26.345   145   203 D ConnectivityService: ConnectivityChange for mobile: DISCONNECTED/DISCONNECTED
07-12 18:48:26.349   145   203 D ConnectivityService: Attempting to switch to WIFI
07-12 18:48:26.349   145   203 D ConnectivityService: Attempting to switch to WIMAX
07-12 18:48:26.349   145   203 D ConnectivityService: Attempting to switch to BLUETOOTH_TETHER
07-12 18:48:26.356   463   464 D dalvikvm: GC_CONCURRENT freed 375K, 18% free 9148K/11079K, paused 2ms+8ms
07-12 18:48:26.403   145   147 D dalvikvm: GC_CONCURRENT freed 879K, 12% free 13058K/14727K, paused 2ms+6ms
07-12 18:48:26.407   145   203 D NetUtils: android_net_utils_resetConnections in env=0x384c50 clazz=0xfc500001 iface=rmnet0 mask=0x3
07-12 18:48:26.407   145   203 D ConnectivityService: resetConnections(rmnet0, 3)
07-12 18:48:26.536   463   464 D dalvikvm: GC_CONCURRENT freed 308K, 17% free 9239K/11079K, paused 2ms+2ms
07-12 18:48:26.556   463   463 D dalvikvm: GC_FOR_ALLOC freed 187K, 15% free 9420K/11079K, paused 18ms
07-12 18:48:26.575   463   463 I PhoneLab-UploadLogs: OnStartCommand
07-12 18:48:26.583   494  1517 W Smack/Packet: notify conn break (IOEx), close connection
07-12 18:48:26.591   463   464 D dalvikvm: GC_CONCURRENT freed 298K, 14% free 9633K/11079K, paused 2ms+2ms
07-12 18:48:26.626   463  1666 D dalvikvm: GC_FOR_ALLOC freed 306K, 13% free 9654K/11079K, paused 14ms
07-12 18:48:26.642   463  1666 D dalvikvm: GC_FOR_ALLOC freed 301K, 13% free 9654K/11079K, paused 14ms
07-12 18:48:26.661   463  1666 D dalvikvm: GC_FOR_ALLOC freed 301K, 13% free 9655K/11079K, paused 14ms
07-12 18:48:26.739   494  1517 I qtaguid : Failed write_ctrl(u 70) res=-1 errno=22
07-12 18:48:26.739   494  1517 I qtaguid : Untagging socket 70 failed errno=-22
07-12 18:48:26.739   494  1517 W NetworkManagementSocketTagger: untagSocket(70) failed with errno -22
07-12 18:48:26.782   145   203 D ConnectivityService: handleInetConditionChange: net=0 != default=1 - ignore
07-12 18:48:27.970   463   463 I PhoneLab-: 1342131924180.log is deleted
07-12 18:48:27.970   463   463 I PhoneLab-: Response: {"data": "done", "err": ""}
07-12 18:48:27.974   463   463 I PhoneLab-UploadLogs: No log files to transfer
07-12 18:48:27.974   463   463 I PhoneLab-Locks: wake lock released
07-12 18:48:29.364   145   206 D Tethering: MasterInitialState.processMessage what=3
07-12 18:48:29.399   494   494 I GTalkService/c: [AndroidEndpoint@1094442048] connect: acct=1000000, state=CONNECTING
07-12 18:48:29.415   889   903 D PicasaSyncManager: active network: NetworkInfo: type: WIFI[], state: CONNECTED/CONNECTED, reason: (unspecified), extra: (none), roaming: false, failover: false, isAvailable: true
07-12 18:48:29.415   889   903 D PicasaSyncManager: background data: true
07-12 18:48:29.434   145   206 D Tethering: MasterInitialState.processMessage what=3
07-12 18:48:29.454   145   206 D Tethering: MasterInitialState.processMessage what=3
07-12 18:48:29.470   870   870 I MediaUploader: No need to wake up
07-12 18:48:29.505   870   870 I MediaUploader: No need to wake up
07-12 18:48:29.532   870   870 I MediaUploader: No need to wake up
07-12 18:48:29.595   889   891 D dalvikvm: GC_CONCURRENT freed 427K, 6% free 9303K/9863K, paused 2ms+2ms
07-12 18:48:29.595   889   903 D PicasaSyncManager: active network: NetworkInfo: type: WIFI[], state: CONNECTED/CONNECTED, reason: (unspecified), extra: (none), roaming: false, failover: false, isAvailable: true
07-12 18:48:29.595   889   903 D PicasaSyncManager: background data: true
07-12 18:48:29.657   494   496 D dalvikvm: GC_CONCURRENT freed 516K, 7% free 10108K/10759K, paused 2ms+3ms
07-12 18:48:29.774   271   273 D dalvikvm: GC_CONCURRENT freed 339K, 7% free 10268K/11015K, paused 1ms+8ms
07-12 18:48:29.923   271   273 D dalvikvm: GC_CONCURRENT freed 1301K, 16% free 9363K/11015K, paused 1ms+3ms
07-12 18:48:30.071   271   273 D dalvikvm: GC_CONCURRENT freed 332K, 15% free 9427K/11015K, paused 2ms+3ms
07-12 18:48:30.239   271   273 D dalvikvm: GC_CONCURRENT freed 335K, 14% free 9488K/11015K, paused 1ms+3ms
07-12 18:48:30.376   271   273 D dalvikvm: GC_CONCURRENT freed 333K, 14% free 9552K/11015K, paused 2ms+3ms
07-12 18:48:30.513   271   273 D dalvikvm: GC_CONCURRENT freed 336K, 13% free 9612K/11015K, paused 1ms+3ms
07-12 18:48:30.626   145   203 D ConnectivityService: handleInetConditionHoldEnd: net=1, condition=100, published condition=0
07-12 18:48:30.653   271   273 D dalvikvm: GC_CONCURRENT freed 329K, 13% free 9670K/11015K, paused 2ms+3ms
07-12 18:48:30.798   271   273 D dalvikvm: GC_CONCURRENT freed 331K, 12% free 9734K/11015K, paused 2ms+3ms
07-12 18:48:30.950   271   273 D dalvikvm: GC_CONCURRENT freed 334K, 12% free 9797K/11015K, paused 2ms+4ms
07-12 18:48:31.091   271   273 D dalvikvm: GC_CONCURRENT freed 329K, 11% free 9856K/11015K, paused 2ms+3ms
07-12 18:48:31.231   271   273 D dalvikvm: GC_CONCURRENT freed 332K, 10% free 9920K/11015K, paused 2ms+3ms
07-12 18:48:31.384   271   273 D dalvikvm: GC_CONCURRENT freed 335K, 10% free 9982K/11015K, paused 1ms+3ms
07-12 18:48:31.524   271   273 D dalvikvm: GC_CONCURRENT freed 334K, 9% free 10046K/11015K, paused 1ms+3ms
07-12 18:48:31.677   271   273 D dalvikvm: GC_CONCURRENT freed 332K, 9% free 10110K/11015K, paused 2ms+4ms
07-12 18:48:31.825   271   273 D dalvikvm: GC_CONCURRENT freed 335K, 8% free 10171K/11015K, paused 1ms+3ms
07-12 18:48:31.981   271   273 D dalvikvm: GC_CONCURRENT freed 333K, 8% free 10234K/11015K, paused 2ms+4ms
07-12 18:48:32.196   271   273 D dalvikvm: GC_CONCURRENT freed 413K, 8% free 10216K/11015K, paused 1ms+3ms
07-12 18:48:32.376   271   273 D dalvikvm: GC_CONCURRENT freed 442K, 8% free 10168K/11015K, paused 2ms+2ms
07-12 18:49:24.063   463   952 I PhoneLab-: Service Running
07-12 18:49:24.145   463   952 I PhoneLab-LoggerService: app_49    957   463   1480   1112  c00f181c 400107b4 S logcat
07-12 18:49:24.145   463   952 I PhoneLab-LoggerService: Logcat pid from database 957
07-12 18:49:24.153   463   952 I PhoneLab-LoggerService: Logcat process found 957
07-12 18:49:24.153   463   952 I PhoneLab-LoggerService: Checking Threshold
07-12 18:49:24.161   463   464 D dalvikvm: GC_CONCURRENT freed 895K, 18% free 9145K/11079K, paused 1ms+1ms
07-12 18:49:53.849   269   269 I wpa_supplicant: wlan0: CTRL-EVENT-DISCONNECTED bssid=00:12:00:c0:49:a1 reason=0
07-12 18:49:53.860    76   117 D CommandListener: Clearing all IP addresses on wlan0
07-12 18:49:53.931   145   203 D ConnectivityService: ConnectivityChange for WIFI: DISCONNECTED/DISCONNECTED
07-12 18:49:53.934   145   203 D ConnectivityService: Attempting to switch to mobile
07-12 18:49:53.934   145   203 D ConnectivityService: Attempting to switch to WIMAX
07-12 18:49:53.934   145   203 D ConnectivityService: Attempting to switch to BLUETOOTH_TETHER
07-12 18:49:53.966   145   203 D NetUtils: android_net_utils_resetConnections in env=0x384c50 clazz=0xcf00001 iface=wlan0 mask=0x3
07-12 18:49:53.966   145   203 E ConnectivityService: Exception trying to remove a route: java.lang.IllegalStateException: Unable to communicate with native dameon to add routes - com.android.server.NativeDaemonConnectorException: Cmd {interface route remove wlan0 default 67.20.217.254 32 0.0.0.0} failed with code 400 : {Failed to remove route from default table (No such process)}
07-12 18:49:53.966   145   203 E ConnectivityService: Exception trying to remove a route: java.lang.IllegalStateException: Unable to communicate with native dameon to add routes - com.android.server.NativeDaemonConnectorException: Cmd {interface route remove wlan0 default 0.0.0.0 0 67.20.217.254} failed with code 400 : {Failed to remove route from default table (No such process)}
07-12 18:49:53.966   145   203 D ConnectivityService: resetConnections(wlan0, 3)
07-12 18:49:53.985   494  1671 W Smack/Packet: notify conn break (IOEx), close connection
07-12 18:49:54.165   494  1671 I qtaguid : Failed write_ctrl(u 70) res=-1 errno=22
07-12 18:49:54.165   494  1671 I qtaguid : Untagging socket 70 failed errno=-22
07-12 18:49:54.169   494  1671 W NetworkManagementSocketTagger: untagSocket(70) failed with errno -22
07-12 18:49:54.192   145   203 D ConnectivityService: handleInetConditionChange: no active default network - ignore
07-12 18:49:54.446   269   269 I wpa_supplicant: wlan0: Trying to associate with 88:43:e1:fb:aa:d0 (SSID='UB_Wireless' freq=2462 MHz)
07-12 18:49:56.997   145   206 D Tethering: MasterInitialState.processMessage what=3
07-12 18:49:57.079   870   870 I MediaUploader: No need to wake up
07-12 18:49:57.083   463   463 I PhoneLab-WiFiReceiver: Wi-Fi is disconnected!
07-12 18:49:57.083   889   903 D PicasaSyncManager: active network: null
07-12 18:49:57.083   889   903 D PicasaSyncManager: background data: true
07-12 18:49:59.153   145   147 D dalvikvm: GC_CONCURRENT freed 976K, 12% free 13026K/14727K, paused 3ms+5ms
07-12 18:50:01.044   145   203 D ConnectivityService: ConnectivityChange for mobile: CONNECTED/CONNECTED
07-12 18:50:01.099   145   198 D NetworkPolicy: applying policy NetworkPolicy[NetworkTemplate: matchRule=MOBILE_ALL, subscriberId=valid]: cycleDay=5, warningBytes=2147483648, limitBytes=-1, lastSnooze=-1 to ifaces [rmnet0]
07-12 18:50:02.048   145   203 D ConnectivityService: NetTransition Wakelock for WifiStateMachine released by timeout
07-12 18:50:04.095   145   206 D Tethering: MasterInitialState.processMessage what=3
07-12 18:50:04.118   494   494 I GTalkService/c: [AndroidEndpoint@1094442048] connect: acct=1000000, state=CONNECTING
07-12 18:50:04.138   889   903 D PicasaSyncManager: active network: NetworkInfo: type: mobile[CDMA - EvDo rev. A], state: CONNECTED/CONNECTED, reason: (unspecified), extra: , roaming: false, failover: true, isAvailable: true
07-12 18:50:04.138   889   903 D PicasaSyncManager: background data: true
07-12 18:50:04.161   870   870 I MediaUploader: No need to wake up
07-12 18:50:04.216   494   496 D dalvikvm: GC_CONCURRENT freed 459K, 7% free 10087K/10759K, paused 2ms+3ms
07-12 18:50:04.317   271   273 D dalvikvm: GC_CONCURRENT freed 385K, 8% free 10179K/11015K, paused 1ms+7ms
07-12 18:50:04.462   271   273 D dalvikvm: GC_CONCURRENT freed 1220K, 16% free 9355K/11015K, paused 2ms+4ms
07-12 18:50:04.591   269   269 I wpa_supplicant: wlan0: Authentication with 88:43:e1:fb:aa:d0 timed out.
07-12 18:50:04.610   271   273 D dalvikvm: GC_CONCURRENT freed 333K, 15% free 9417K/11015K, paused 2ms+3ms
07-12 18:50:04.747   271   273 D dalvikvm: GC_CONCURRENT freed 334K, 14% free 9480K/11015K, paused 2ms+3ms
07-12 18:50:04.911   271   273 D dalvikvm: GC_CONCURRENT freed 335K, 14% free 9541K/11015K, paused 2ms+3ms
07-12 18:50:05.059   271   273 D dalvikvm: GC_CONCURRENT freed 334K, 13% free 9603K/11015K, paused 1ms+3ms
07-12 18:50:05.227   271   273 D dalvikvm: GC_CONCURRENT freed 333K, 13% free 9667K/11015K, paused 2ms+2ms
07-12 18:50:05.384   271   273 D dalvikvm: GC_CONCURRENT freed 334K, 12% free 9729K/11015K, paused 1ms+3ms
07-12 18:50:05.540   271   273 D dalvikvm: GC_CONCURRENT freed 334K, 12% free 9790K/11015K, paused 2ms+3ms
07-12 18:50:05.700   271   273 D dalvikvm: GC_CONCURRENT freed 333K, 11% free 9853K/11015K, paused 2ms+3ms
07-12 18:50:05.856   271   273 D dalvikvm: GC_CONCURRENT freed 336K, 11% free 9913K/11015K, paused 1ms+3ms
07-12 18:50:06.028   271   273 D dalvikvm: GC_CONCURRENT freed 333K, 10% free 9976K/11015K, paused 2ms+3ms
07-12 18:50:06.122   269   269 I wpa_supplicant: wlan0: Trying to associate with 00:12:00:c0:49:a1 (SSID='UB_Secure' freq=2437 MHz)
07-12 18:50:06.177   271   273 D dalvikvm: GC_CONCURRENT freed 334K, 9% free 10039K/11015K, paused 1ms+3ms
07-12 18:50:06.360   271   273 D dalvikvm: GC_CONCURRENT freed 332K, 9% free 10104K/11015K, paused 2ms+5ms
07-12 18:50:06.442   145   203 D ConnectivityService: handleInetConditionHoldEnd: net=0, condition=100, published condition=0
07-12 18:50:06.513   271   273 D dalvikvm: GC_CONCURRENT freed 337K, 8% free 10163K/11015K, paused 2ms+4ms
07-12 18:50:06.657   271   273 D dalvikvm: GC_CONCURRENT freed 334K, 8% free 10225K/11015K, paused 2ms+3ms
07-12 18:50:16.247   269   269 I wpa_supplicant: wlan0: Authentication with 00:12:00:c0:49:a1 timed out.
07-12 18:50:17.809   269   269 I wpa_supplicant: wlan0: Trying to associate with 88:43:e1:fb:aa:d1 (SSID='UB_Secure' freq=2462 MHz)
07-12 18:50:17.974   269   269 I wpa_supplicant: wlan0: Associated with 88:43:e1:fb:aa:d1
07-12 18:50:17.977   269   269 I wpa_supplicant: wlan0: CTRL-EVENT-EAP-STARTED EAP authentication started
07-12 18:50:17.985   269   269 I wpa_supplicant: wlan0: CTRL-EVENT-EAP-PROPOSED-METHOD vendor=0 method=4 -> NAK
07-12 18:50:17.993   269   269 I wpa_supplicant: wlan0: CTRL-EVENT-EAP-PROPOSED-METHOD vendor=0 method=25
07-12 18:50:17.993   269   269 I wpa_supplicant: wlan0: CTRL-EVENT-EAP-METHOD EAP vendor 0 method 25 (PEAP) selected
07-12 18:50:18.095   216   216 D dalvikvm: GC_FOR_ALLOC freed 463K, 30% free 9762K/13895K, paused 17ms
07-12 18:50:18.181   216   218 D dalvikvm: GC_CONCURRENT freed 361K, 29% free 9887K/13895K, paused 2ms+3ms
07-12 18:50:18.388   216   218 D dalvikvm: GC_CONCURRENT freed 401K, 29% free 9923K/13895K, paused 3ms+4ms
07-12 18:50:48.024   269   269 I wpa_supplicant: wlan0: CTRL-EVENT-EAP-PROPOSED-METHOD vendor=0 method=25
07-12 18:50:48.024   269   269 I wpa_supplicant: wlan0: CTRL-EVENT-EAP-METHOD EAP vendor 0 method 25 (PEAP) selected
07-12 18:51:04.618   494   627 I EventLogService: Aggregate from 1342131664490 (log), 1342131664490 (data)
07-12 18:51:24.063   463   952 I PhoneLab-: Service Running
07-12 18:51:24.157   463   952 I PhoneLab-LoggerService: app_49    957   463   1480   1112  c00f181c 400107b4 S logcat
07-12 18:51:24.157   463   952 I PhoneLab-LoggerService: Logcat pid from database 957
07-12 18:51:24.157   463   952 I PhoneLab-LoggerService: Logcat process found 957
07-12 18:51:24.157   463   952 I PhoneLab-LoggerService: Checking Threshold
07-12 18:51:24.599   463   463 I PhoneLab-Locks: wake lock acquired
07-12 18:51:24.642   463  1688 I PhoneLab-PeriodicCheckService: User info is synched
07-12 18:51:24.642   463  1688 I PhoneLab-PeriodicCheckService: Logger Service is running
07-12 18:51:24.645   463   463 I PhoneLab-Locks: wake lock acquired
07-12 18:51:24.649   463   463 I PhoneLab-StatusMonitor: Status Monitoring is started
07-12 18:51:24.649   463   463 E PhoneLab-PhoneLabManifest: java.io.FileNotFoundException: /data/data/edu.buffalo.cse.phonelab.phonelabservices/files/manifest.xml: open failed: ENOENT (No such file or directory)
07-12 18:51:24.649   463   463 I PhoneLab-Locks: wake lock released
07-12 18:51:24.653   463  1688 I PhoneLab-Locks: wake lock acquired
07-12 18:51:24.657   463   463 I PhoneLab-UploadLogs: Transfering log files now
07-12 18:51:24.657   463   463 I PhoneLab-UploadLogs: No log files to transfer
07-12 18:51:24.657   463   463 I PhoneLab-Locks: wake lock released
07-12 18:51:24.657   463   463 I PhoneLab-UploadLogs: OnStartCommand
07-12 18:51:24.661   463  1688 I PhoneLab-PeriodicCheckService: Rescheduling periodic checking...
07-12 18:51:24.661   463  1688 I PhoneLab-Locks: wake lock released
07-12 18:51:27.977   269   269 I wpa_supplicant: wlan0: Authentication with 88:43:e1:fb:aa:d1 timed out.
07-12 18:51:28.009   269   269 I wpa_supplicant: wlan0: CTRL-EVENT-DISCONNECTED bssid=00:00:00:00:00:00 reason=0
07-12 18:51:44.181   269   269 I wpa_supplicant: wlan0: Trying to associate with 88:43:e1:fb:aa:d1 (SSID='UB_Secure' freq=2462 MHz)
07-12 18:51:44.224   269   269 I wpa_supplicant: wlan0: Associated with 88:43:e1:fb:aa:d1
07-12 18:51:44.224   269   269 I wpa_supplicant: wlan0: CTRL-EVENT-EAP-STARTED EAP authentication started
07-12 18:51:44.227   269   269 I wpa_supplicant: wlan0: CTRL-EVENT-EAP-PROPOSED-METHOD vendor=0 method=4 -> NAK
07-12 18:51:44.243   269   269 I wpa_supplicant: wlan0: CTRL-EVENT-EAP-PROPOSED-METHOD vendor=0 method=25
07-12 18:51:44.243   269   269 I wpa_supplicant: wlan0: CTRL-EVENT-EAP-METHOD EAP vendor 0 method 25 (PEAP) selected
07-12 18:51:44.309   269   269 I wpa_supplicant: wlan0: CTRL-EVENT-EAP-PEER-CERT depth=2 subject='/C=US/O=Entrust.net/OU=www.entrust.net/CPS incorp. by ref. (limits liab.)/OU=(c) 1999 Entrust.net Limited/CN=Entrust.net Secure Server Certification Authority'
07-12 18:51:44.313   269   269 I wpa_supplicant: wlan0: CTRL-EVENT-EAP-PEER-CERT depth=2 subject='/C=US/O=Entrust.net/OU=www.entrust.net/CPS incorp. by ref. (limits liab.)/OU=(c) 1999 Entrust.net Limited/CN=Entrust.net Secure Server Certification Authority'
07-12 18:51:44.317   269   269 I wpa_supplicant: wlan0: CTRL-EVENT-EAP-PEER-CERT depth=1 subject='/C=US/ST=UT/L=Salt Lake City/O=The USERTRUST Network/CN=USERTrust Legacy Secure Server CA'
07-12 18:51:44.341   269   269 I wpa_supplicant: wlan0: CTRL-EVENT-EAP-PEER-CERT depth=0 subject='/C=US/postalCode=14260/ST=New York/L=Buffalo/street=305 Computing Center/O=SUNY AT BUFFALO/OU=Office of the President/OU=Issued through UNIVERSITY AT BUFFALO E-PKI Manager/OU=PremiumSSL Legacy/CN=ubsecure.acsu.buffalo.edu'
07-12 18:51:44.528   269   269 I wpa_supplicant: EAP-MSCHAPV2: Authentication succeeded
07-12 18:51:44.536   269   269 I wpa_supplicant: EAP-TLV: TLV Result - Success - EAP-TLV/Phase2 Completed
07-12 18:51:44.548   269   269 I wpa_supplicant: wlan0: CTRL-EVENT-EAP-SUCCESS EAP authentication completed successfully
07-12 18:51:44.599   269   269 I wpa_supplicant: wlan0: WPA: Key negotiation completed with 88:43:e1:fb:aa:d1 [PTK=CCMP GTK=TKIP]
07-12 18:51:44.599   269   269 I wpa_supplicant: wlan0: CTRL-EVENT-CONNECTED - Connection to 88:43:e1:fb:aa:d1 completed (reauth) [id=8 id_str=]
07-12 18:51:44.599    76   114 D NetlinkEvent: Unexpected netlink message. type=0xf
07-12 18:51:49.220   145   203 D ConnectivityService: ConnectivityChange for WIFI: CONNECTED/CONNECTED
07-12 18:51:49.220   145   203 D ConnectivityService: Policy requires mobile teardown
07-12 18:51:49.251   463   463 I PhoneLab-WiFiReceiver: Wi-Fi is connected!
07-12 18:51:49.251   463   463 I PhoneLab-WiFiReceiver: SSID: UB_Secure BSSID: 88:43:e1:fb:aa:d1 RSSI: -200 LinkSpeed: -1
07-12 18:51:49.251   463   463 I PhoneLab-Locks: wake lock acquired
07-12 18:51:49.255   463   463 I PhoneLab-UploadLogs: Transfering log files now
07-12 18:51:49.255   463   463 I PhoneLab-UploadLogs: No log files to transfer
07-12 18:51:49.255   463   463 I PhoneLab-Locks: wake lock released
07-12 18:51:49.259   463   463 I PhoneLab-UploadLogs: OnStartCommand
07-12 18:51:49.294   145   203 D ConnectivityService: ConnectivityChange for mobile: DISCONNECTED/DISCONNECTED
07-12 18:51:49.298   145   197 W NetworkStats: dropping UID delta from unknown iface: iface=wlan0 uid=0 set=DEFAULT tag=0x0 rxBytes=0 rxPackets=0 txBytes=196 txPackets=3 operations=0
07-12 18:51:49.317   145   203 D ConnectivityService: Attempting to switch to WIFI
07-12 18:51:49.317   145   203 D ConnectivityService: Attempting to switch to WIMAX
07-12 18:51:49.317   145   203 D ConnectivityService: Attempting to switch to BLUETOOTH_TETHER
07-12 18:51:49.333   145   203 D NetUtils: android_net_utils_resetConnections in env=0x384c50 clazz=0x2ef00001 iface=rmnet0 mask=0x3
07-12 18:51:49.333   145   203 D ConnectivityService: resetConnections(rmnet0, 3)
07-12 18:51:49.434   216   218 D dalvikvm: GC_CONCURRENT freed 528K, 30% free 9810K/13895K, paused 2ms+6ms
07-12 18:51:49.466   145   147 D dalvikvm: GC_CONCURRENT freed 941K, 12% free 13076K/14727K, paused 2ms+12ms
07-12 18:51:49.485   494  1680 W Smack/Packet: notify conn break (IOEx), close connection
07-12 18:51:49.735   494  1680 I qtaguid : Failed write_ctrl(u 70) res=-1 errno=22
07-12 18:51:49.739   494  1680 I qtaguid : Untagging socket 70 failed errno=-22
07-12 18:51:49.739   494  1680 W NetworkManagementSocketTagger: untagSocket(70) failed with errno -22
07-12 18:51:49.743   145   203 D ConnectivityService: handleInetConditionChange: net=0 != default=1 - ignore
07-12 18:51:49.755   494   496 D dalvikvm: GC_CONCURRENT freed 358K, 6% free 10117K/10759K, paused 14ms+3ms
07-12 18:51:52.313   145   206 D Tethering: MasterInitialState.processMessage what=3
07-12 18:51:52.360   494   494 I GTalkService/c: [AndroidEndpoint@1094442048] connect: acct=1000000, state=CONNECTING
07-12 18:51:52.384   889   903 D PicasaSyncManager: active network: NetworkInfo: type: WIFI[], state: CONNECTED/CONNECTED, reason: (unspecified), extra: (none), roaming: false, failover: false, isAvailable: true
07-12 18:51:52.384   889   903 D PicasaSyncManager: background data: true
07-12 18:51:52.388   145   206 D Tethering: MasterInitialState.processMessage what=3
07-12 18:51:52.392   145   206 D Tethering: MasterInitialState.processMessage what=3
07-12 18:51:52.423   870   870 I MediaUploader: No need to wake up
07-12 18:51:52.517   145   330 D dalvikvm: GC_EXPLICIT freed 396K, 12% free 12993K/14727K, paused 2ms+5ms
07-12 18:51:52.552   870   870 I MediaUploader: No need to wake up
07-12 18:51:52.571   889   903 D PicasaSyncManager: active network: NetworkInfo: type: WIFI[], state: CONNECTED/CONNECTED, reason: (unspecified), extra: (none), roaming: false, failover: false, isAvailable: true
07-12 18:51:52.583   870   870 I MediaUploader: No need to wake up
07-12 18:51:52.591   889   903 D PicasaSyncManager: background data: true
07-12 18:51:52.595   889   903 D PicasaSyncManager: active network: NetworkInfo: type: WIFI[], state: CONNECTED/CONNECTED, reason: (unspecified), extra: (none), roaming: false, failover: false, isAvailable: true
07-12 18:51:52.595   889   903 D PicasaSyncManager: background data: true
07-12 18:51:52.763   271   273 D dalvikvm: GC_CONCURRENT freed 337K, 7% free 10284K/11015K, paused 2ms+7ms
07-12 18:51:52.903   271   273 D dalvikvm: GC_CONCURRENT freed 1301K, 15% free 9381K/11015K, paused 1ms+3ms
07-12 18:51:53.056   271   273 D dalvikvm: GC_CONCURRENT freed 334K, 15% free 9444K/11015K, paused 1ms+2ms
07-12 18:51:53.196   271   273 D dalvikvm: GC_CONCURRENT freed 336K, 14% free 9505K/11015K, paused 2ms+3ms
07-12 18:51:53.345   271   273 D dalvikvm: GC_CONCURRENT freed 332K, 14% free 9569K/11015K, paused 1ms+4ms
07-12 18:51:53.497   271   273 D dalvikvm: GC_CONCURRENT freed 336K, 13% free 9629K/11015K, paused 2ms+3ms
07-12 18:51:53.645   271   273 D dalvikvm: GC_CONCURRENT freed 335K, 13% free 9690K/11015K, paused 2ms+4ms
07-12 18:51:53.794   271   273 D dalvikvm: GC_CONCURRENT freed 331K, 12% free 9755K/11015K, paused 1ms+3ms
07-12 18:51:53.950   271   273 D dalvikvm: GC_CONCURRENT freed 335K, 11% free 9816K/11015K, paused 2ms+4ms
07-12 18:51:54.110   271   273 D dalvikvm: GC_CONCURRENT freed 334K, 11% free 9879K/11015K, paused 3ms+3ms
07-12 18:51:54.251   271   273 D dalvikvm: GC_CONCURRENT freed 328K, 10% free 9950K/11015K, paused 1ms+3ms
07-12 18:51:54.419   271   273 D dalvikvm: GC_CONCURRENT freed 340K, 10% free 10006K/11015K, paused 1ms+3ms
07-12 18:51:54.575   271   273 D dalvikvm: GC_CONCURRENT freed 338K, 9% free 10065K/11015K, paused 1ms+5ms
07-12 18:51:54.716   271   273 D dalvikvm: GC_CONCURRENT freed 328K, 9% free 10128K/11015K, paused 2ms+3ms
07-12 18:51:54.872   271   273 D dalvikvm: GC_CONCURRENT freed 333K, 8% free 10193K/11015K, paused 1ms+3ms
07-12 18:51:55.036   271   273 D dalvikvm: GC_CONCURRENT freed 331K, 7% free 10289K/11015K, paused 1ms+4ms
07-12 18:51:55.286   271   273 D dalvikvm: GC_CONCURRENT freed 508K, 8% free 10175K/11015K, paused 2ms+2ms
07-12 18:51:55.477   271   273 D dalvikvm: GC_CONCURRENT freed 407K, 8% free 10163K/11015K, paused 1ms+1ms
07-12 18:51:56.083   317   320 D dalvikvm: GC_CONCURRENT freed 459K, 6% free 9477K/10055K, paused 13ms+2ms
07-12 18:52:56.696   269   269 I wpa_supplicant: wlan0: CTRL-EVENT-DISCONNECTED bssid=88:43:e1:fb:aa:d1 reason=0
07-12 18:52:56.704    76   117 D CommandListener: Clearing all IP addresses on wlan0
07-12 18:52:56.782   145   203 D ConnectivityService: ConnectivityChange for WIFI: DISCONNECTED/DISCONNECTED
07-12 18:52:56.782   145   203 D ConnectivityService: Attempting to switch to mobile
07-12 18:52:56.782   145   203 D ConnectivityService: Attempting to switch to WIMAX
07-12 18:52:56.782   145   203 D ConnectivityService: Attempting to switch to BLUETOOTH_TETHER
07-12 18:52:56.813   145   203 E ConnectivityService: Exception trying to remove a route: java.lang.IllegalStateException: Unable to communicate with native dameon to add routes - com.android.server.NativeDaemonConnectorException: Cmd {interface route remove wlan0 default 67.20.217.254 32 0.0.0.0} failed with code 400 : {Failed to remove route from default table (No such process)}
07-12 18:52:56.817   145   203 D NetUtils: android_net_utils_resetConnections in env=0x384c50 clazz=0x3db00001 iface=wlan0 mask=0x3
07-12 18:52:56.817   145   203 E ConnectivityService: Exception trying to remove a route: java.lang.IllegalStateException: Unable to communicate with native dameon to add routes - com.android.server.NativeDaemonConnectorException: Cmd {interface route remove wlan0 default 0.0.0.0 0 67.20.217.254} failed with code 400 : {Failed to remove route from default table (No such process)}
07-12 18:52:56.817   145   203 D ConnectivityService: resetConnections(wlan0, 3)
07-12 18:52:57.755   494   839 D dalvikvm: GC_EXPLICIT freed 298K, 7% free 10068K/10759K, paused 17ms+3ms
07-12 18:52:57.755   494   839 E GTalkService: connectionClosed: no XMPPConnection - That's strange!
07-12 18:52:57.759   145   203 D ConnectivityService: handleInetConditionChange: no active default network - ignore
07-12 18:52:59.841   145   206 D Tethering: MasterInitialState.processMessage what=3
07-12 18:52:59.911   889   903 D PicasaSyncManager: active network: null
07-12 18:52:59.911   889   903 D PicasaSyncManager: background data: true
07-12 18:52:59.915   870   870 I MediaUploader: No need to wake up
07-12 18:52:59.919   463   463 I PhoneLab-WiFiReceiver: Wi-Fi is disconnected!
07-12 18:53:05.220   145   203 D ConnectivityService: ConnectivityChange for mobile: CONNECTED/CONNECTED
07-12 18:53:05.278   145   198 D NetworkPolicy: applying policy NetworkPolicy[NetworkTemplate: matchRule=MOBILE_ALL, subscriberId=valid]: cycleDay=5, warningBytes=2147483648, limitBytes=-1, lastSnooze=-1 to ifaces [rmnet0]
07-12 18:53:05.442   494   494 I GTalkService/c: [AndroidEndpoint@1094442048] connect: acct=1000000, state=CONNECTING
07-12 18:53:06.224   145   203 D ConnectivityService: NetTransition Wakelock for WifiStateMachine released by timeout
07-12 18:53:08.267   145   206 D Tethering: MasterInitialState.processMessage what=3
07-12 18:53:08.395   870   870 I MediaUploader: No need to wake up
07-12 18:53:08.438   145   147 D dalvikvm: GC_CONCURRENT freed 841K, 12% free 13060K/14727K, paused 2ms+5ms
07-12 18:53:08.462   889   903 D PicasaSyncManager: active network: NetworkInfo: type: mobile[CDMA - EvDo rev. A], state: CONNECTED/CONNECTED, reason: (unspecified), extra: , roaming: false, failover: true, isAvailable: true
07-12 18:53:08.462   889   903 D PicasaSyncManager: background data: true
07-12 18:53:08.485   494   496 D dalvikvm: GC_CONCURRENT freed 392K, 6% free 10127K/10759K, paused 2ms+2ms
07-12 18:53:08.559   145   203 D ConnectivityService: handleInetConditionHoldEnd: net=0, condition=100, published condition=0
07-12 18:53:08.657   271   273 D dalvikvm: GC_CONCURRENT freed 315K, 7% free 10244K/11015K, paused 1ms+7ms
07-12 18:53:08.798   271   273 D dalvikvm: GC_CONCURRENT freed 1261K, 15% free 9381K/11015K, paused 2ms+3ms
07-12 18:53:08.934   271   273 D dalvikvm: GC_CONCURRENT freed 333K, 15% free 9444K/11015K, paused 2ms+3ms
07-12 18:53:09.083   271   273 D dalvikvm: GC_CONCURRENT freed 336K, 14% free 9505K/11015K, paused 2ms+4ms
07-12 18:53:09.231   271   273 D dalvikvm: GC_CONCURRENT freed 335K, 14% free 9566K/11015K, paused 2ms+3ms
07-12 18:53:09.368   271   273 D dalvikvm: GC_CONCURRENT freed 332K, 13% free 9630K/11015K, paused 1ms+3ms
07-12 18:53:09.509   271   273 D dalvikvm: GC_CONCURRENT freed 334K, 13% free 9692K/11015K, paused 1ms+3ms
07-12 18:53:09.657   271   273 D dalvikvm: GC_CONCURRENT freed 334K, 12% free 9754K/11015K, paused 2ms+3ms
07-12 18:53:09.794   271   273 D dalvikvm: GC_CONCURRENT freed 334K, 11% free 9816K/11015K, paused 2ms+3ms
07-12 18:53:09.946   271   273 D dalvikvm: GC_CONCURRENT freed 333K, 11% free 9880K/11015K, paused 2ms+4ms
07-12 18:53:10.091   271   273 D dalvikvm: GC_CONCURRENT freed 336K, 10% free 9939K/11015K, paused 1ms+3ms
07-12 18:53:10.243   271   273 D dalvikvm: GC_CONCURRENT freed 332K, 10% free 10004K/11015K, paused 1ms+4ms
07-12 18:53:10.399   271   273 D dalvikvm: GC_CONCURRENT freed 335K, 9% free 10065K/11015K, paused 1ms+3ms
07-12 18:53:10.544   271   273 D dalvikvm: GC_CONCURRENT freed 333K, 9% free 10128K/11015K, paused 1ms+3ms
07-12 18:53:10.684   271   273 D dalvikvm: GC_CONCURRENT freed 334K, 8% free 10190K/11015K, paused 2ms+3ms
07-12 18:53:10.825   271   273 D dalvikvm: GC_CONCURRENT freed 329K, 7% free 10247K/11015K, paused 1ms+3ms
07-12 18:53:12.845   269   269 I wpa_supplicant: wlan0: Trying to associate with 00:1b:2a:ac:3e:11 (SSID='UB_Secure' freq=2412 MHz)
07-12 18:53:13.032   269   269 I wpa_supplicant: wlan0: Associated with 00:1b:2a:ac:3e:11
07-12 18:53:13.040   269   269 I wpa_supplicant: wlan0: CTRL-EVENT-EAP-STARTED EAP authentication started
07-12 18:53:13.048   269   269 I wpa_supplicant: wlan0: CTRL-EVENT-EAP-PROPOSED-METHOD vendor=0 method=4 -> NAK
07-12 18:53:13.056   269   269 I wpa_supplicant: wlan0: CTRL-EVENT-EAP-PROPOSED-METHOD vendor=0 method=25
07-12 18:53:13.056   269   269 I wpa_supplicant: wlan0: CTRL-EVENT-EAP-METHOD EAP vendor 0 method 25 (PEAP) selected
07-12 18:53:24.063   463   952 I PhoneLab-: Service Running
07-12 18:53:24.157   463   952 I PhoneLab-LoggerService: app_49    957   463   1480   1112  c00f181c 400107b4 S logcat
07-12 18:53:24.157   463   952 I PhoneLab-LoggerService: Logcat pid from database 957
07-12 18:53:24.157   463   952 I PhoneLab-LoggerService: Logcat process found 957
07-12 18:53:24.157   463   952 I PhoneLab-LoggerService: Checking Threshold
07-12 18:53:45.270   269   269 I wpa_supplicant: wlan0: CTRL-EVENT-DISCONNECTED bssid=00:1b:2a:ac:3e:11 reason=0
07-12 18:53:45.985   216   218 D dalvikvm: GC_CONCURRENT freed 515K, 30% free 9761K/13895K, paused 2ms+3ms
07-12 18:53:46.091   216   218 D dalvikvm: GC_CONCURRENT freed 354K, 29% free 9894K/13895K, paused 2ms+3ms
07-12 18:53:46.302   216   218 D dalvikvm: GC_CONCURRENT freed 448K, 29% free 9923K/13895K, paused 3ms+5ms
07-12 18:54:17.110   216   218 D dalvikvm: GC_CONCURRENT freed 518K, 30% free 9847K/13895K, paused 2ms+2ms
07-12 18:54:17.184   216   218 D dalvikvm: GC_CONCURRENT freed 541K, 30% free 9763K/13895K, paused 1ms+3ms
07-12 18:54:23.040   269   269 I wpa_supplicant: wlan0: Authentication with 00:00:00:00:00:00 timed out.
07-12 18:55:24.063   463   952 I PhoneLab-: Service Running
07-12 18:55:24.145   463   952 I PhoneLab-LoggerService: app_49    957   463   1480   1112  c00f181c 400107b4 S logcat
07-12 18:55:24.145   463   952 I PhoneLab-LoggerService: Logcat pid from database 957
07-12 18:55:24.145   463   952 I PhoneLab-LoggerService: Logcat process found 957
07-12 18:55:24.145   463   952 I PhoneLab-LoggerService: Checking Threshold
07-12 18:55:26.774   269   269 I wpa_supplicant: wlan0: Trying to associate with 00:17:59:08:b1:31 (SSID='UB_Secure' freq=2412 MHz)
07-12 18:55:36.833   269   269 I wpa_supplicant: wlan0: Authentication with 00:17:59:08:b1:31 timed out.
07-12 18:55:38.376   269   269 I wpa_supplicant: wlan0: Trying to associate with 00:17:59:08:b1:31 (SSID='UB_Secure' freq=2412 MHz)
07-12 18:55:38.493    76   114 D NetlinkEvent: Unexpected netlink message. type=0xf
07-12 18:55:48.438   269   269 I wpa_supplicant: wlan0: Authentication with 00:17:59:08:b1:31 timed out.
07-12 18:57:24.063   463   952 I PhoneLab-: Service Running
07-12 18:57:24.157   463   952 I PhoneLab-LoggerService: app_49    957   463   1480   1112  c00f181c 400107b4 S logcat
07-12 18:57:24.157   463   952 I PhoneLab-LoggerService: Logcat pid from database 957
07-12 18:57:24.157   463   952 I PhoneLab-LoggerService: Logcat process found 957
07-12 18:57:24.157   463   952 I PhoneLab-LoggerService: Checking Threshold
07-12 18:59:24.063   463   952 I PhoneLab-: Service Running
07-12 18:59:24.145   463   952 I PhoneLab-LoggerService: app_49    957   463   1480   1112  c00f181c 400107b4 S logcat
07-12 18:59:24.145   463   952 I PhoneLab-LoggerService: Logcat pid from database 957
07-12 18:59:24.145   463   952 I PhoneLab-LoggerService: Logcat process found 957
07-12 18:59:24.145   463   952 I PhoneLab-LoggerService: Checking Threshold
07-12 19:00:01.794   856   858 D dalvikvm: GC_CONCURRENT freed 322K, 7% free 10225K/10951K, paused 1ms+3ms
07-12 19:01:24.063   463   952 I PhoneLab-: Service Running
07-12 19:01:24.157   463   952 I PhoneLab-LoggerService: app_49    957   463   1480   1112  c00f181c 400107b4 S logcat
07-12 19:01:24.157   463   952 I PhoneLab-LoggerService: Logcat pid from database 957
07-12 19:01:24.157   463   952 I PhoneLab-LoggerService: Logcat process found 957
07-12 19:01:24.157   463   952 I PhoneLab-LoggerService: Checking Threshold
07-12 19:01:24.161   463   464 D dalvikvm: GC_CONCURRENT freed 402K, 18% free 9148K/11079K, paused 2ms+2ms
07-12 19:03:13.044   145   147 D dalvikvm: GC_CONCURRENT freed 830K, 11% free 13119K/14727K, paused 17ms+6ms
07-12 19:03:24.063   463   952 I PhoneLab-: Service Running
07-12 19:03:24.157   463   952 I PhoneLab-LoggerService: app_49    957   463   1480   1112  c00f181c 400107b4 S logcat
07-12 19:03:24.157   463   952 I PhoneLab-LoggerService: Logcat pid from database 957
07-12 19:03:24.157   463   952 I PhoneLab-LoggerService: Logcat process found 957
07-12 19:03:24.157   463   952 I PhoneLab-LoggerService: Checking Threshold
07-12 19:05:17.325   856   908 I System.out: [INFO:4441249]: c: Running flush
07-12 19:05:17.325   856   911 I System.out: [INFO:4441251]: c: Sending payload [bytes=748]
07-12 19:05:18.419   856   858 D dalvikvm: GC_CONCURRENT freed 406K, 7% free 10222K/10951K, paused 13ms+3ms
07-12 19:05:18.567   856   911 I System.out: [INFO:4442493]: c: Response [http=200,length=20]
07-12 19:05:18.579   856   908 I System.out: [INFO:4442503]: c: Read id 5, status code 200
07-12 19:05:24.063   463   952 I PhoneLab-: Service Running
07-12 19:05:24.157   463   952 I PhoneLab-LoggerService: app_49    957   463   1480   1112  c00f181c 400107b4 S logcat
07-12 19:05:24.157   463   952 I PhoneLab-LoggerService: Logcat pid from database 957
07-12 19:05:24.157   463   952 I PhoneLab-LoggerService: Logcat process found 957
07-12 19:05:24.157   463   952 I PhoneLab-LoggerService: Checking Threshold
07-12 19:07:24.063   463   952 I PhoneLab-: Service Running
07-12 19:07:24.145   463   952 I PhoneLab-LoggerService: app_49    957   463   1480   1112  c00f181c 400107b4 S logcat
07-12 19:07:24.145   463   952 I PhoneLab-LoggerService: Logcat pid from database 957
07-12 19:07:24.145   463   952 I PhoneLab-LoggerService: Logcat process found 957
07-12 19:07:24.145   463   952 I PhoneLab-LoggerService: Checking Threshold
07-12 19:09:24.063   463   952 I PhoneLab-: Service Running
07-12 19:09:24.153   463   952 I PhoneLab-LoggerService: app_49    957   463   1480   1112  c00f181c 400107b4 S logcat
07-12 19:09:24.153   463   952 I PhoneLab-LoggerService: Logcat pid from database 957
07-12 19:09:24.153   463   952 I PhoneLab-LoggerService: Logcat process found 957
07-12 19:09:24.153   463   952 I PhoneLab-LoggerService: Checking Threshold
07-12 19:11:24.063   463   952 I PhoneLab-: Service Running
07-12 19:11:24.157   463   952 I PhoneLab-LoggerService: app_49    957   463   1480   1112  c00f181c 400107b4 S logcat
07-12 19:11:24.157   463   952 I PhoneLab-LoggerService: Logcat pid from database 957
07-12 19:11:24.157   463   952 I PhoneLab-LoggerService: Logcat process found 957
07-12 19:11:24.157   463   952 I PhoneLab-LoggerService: Checking Threshold
07-12 19:12:21.681   494   496 D dalvikvm: GC_CONCURRENT freed 308K, 6% free 10206K/10759K, paused 2ms+4ms
07-12 19:13:24.063   463   952 I PhoneLab-: Service Running
07-12 19:13:24.157   463   952 I PhoneLab-LoggerService: app_49    957   463   1480   1112  c00f181c 400107b4 S logcat
07-12 19:13:24.157   463   952 I PhoneLab-LoggerService: Logcat pid from database 957
07-12 19:13:24.157   463   952 I PhoneLab-LoggerService: Logcat process found 957
07-12 19:13:24.157   463   952 I PhoneLab-LoggerService: Checking Threshold
07-12 19:15:01.837   145   147 D dalvikvm: GC_CONCURRENT freed 912K, 11% free 13107K/14727K, paused 18ms+5ms
07-12 19:15:24.063   463   952 I PhoneLab-: Service Running
07-12 19:15:24.145   463   952 I PhoneLab-LoggerService: app_49    957   463   1480   1112  c00f181c 400107b4 S logcat
07-12 19:15:24.145   463   952 I PhoneLab-LoggerService: Logcat pid from database 957
07-12 19:15:24.145   463   952 I PhoneLab-LoggerService: Logcat process found 957
07-12 19:15:24.145   463   952 I PhoneLab-LoggerService: Checking Threshold
07-12 19:17:24.063   463   952 I PhoneLab-: Service Running
07-12 19:17:24.145   463   952 I PhoneLab-LoggerService: app_49    957   463   1480   1112  c00f181c 400107b4 S logcat
07-12 19:17:24.145   463   952 I PhoneLab-LoggerService: Logcat pid from database 957
07-12 19:17:24.145   463   952 I PhoneLab-LoggerService: Logcat process found 957
07-12 19:17:24.145   463   952 I PhoneLab-LoggerService: Checking Threshold
07-12 19:17:24.153   463   464 D dalvikvm: GC_CONCURRENT freed 389K, 18% free 9149K/11079K, paused 2ms+2ms
07-12 19:19:00.099   216   218 D dalvikvm: GC_CONCURRENT freed 497K, 31% free 9655K/13895K, paused 15ms+2ms
07-12 19:19:24.063   463   952 I PhoneLab-: Service Running
07-12 19:19:24.145   463   952 I PhoneLab-LoggerService: app_49    957   463   1480   1112  c00f181c 400107b4 S logcat
07-12 19:19:24.145   463   952 I PhoneLab-LoggerService: Logcat pid from database 957
07-12 19:19:24.145   463   952 I PhoneLab-LoggerService: Logcat process found 957
07-12 19:19:24.145   463   952 I PhoneLab-LoggerService: Checking Threshold
07-12 19:20:33.231  1378  1380 D dalvikvm: GC_CONCURRENT freed 323K, 5% free 10185K/10631K, paused 2ms+2ms
07-12 19:21:04.743   494   757 I EventLogService: Aggregate from 1342133464620 (log), 1342133464620 (data)
07-12 19:21:24.063   463   952 I PhoneLab-: Service Running
07-12 19:21:24.169   463   952 I PhoneLab-LoggerService: app_49    957   463   1480   1112  c00f181c 400107b4 S logcat
07-12 19:21:24.169   463   952 I PhoneLab-LoggerService: Logcat pid from database 957
07-12 19:21:24.169   463   952 I PhoneLab-LoggerService: Logcat process found 957
07-12 19:21:24.169   463   952 I PhoneLab-LoggerService: Checking Threshold
07-12 19:21:24.681   463   463 I PhoneLab-Locks: wake lock acquired
07-12 19:21:24.720   463  1752 I PhoneLab-PeriodicCheckService: User info is synched
07-12 19:21:24.735   463  1752 I PhoneLab-PeriodicCheckService: Logger Service is running
07-12 19:21:24.747   463   463 I PhoneLab-Locks: wake lock acquired
07-12 19:21:24.751   463   463 I PhoneLab-StatusMonitor: Status Monitoring is started
07-12 19:21:24.751   463   463 E PhoneLab-PhoneLabManifest: java.io.FileNotFoundException: /data/data/edu.buffalo.cse.phonelab.phonelabservices/files/manifest.xml: open failed: ENOENT (No such file or directory)
07-12 19:21:24.751   463   463 I PhoneLab-Locks: wake lock released
07-12 19:21:24.755   463  1752 I PhoneLab-Locks: wake lock acquired
07-12 19:21:24.759   463   463 I PhoneLab-UploadLogs: Transfering log files now
07-12 19:21:24.759   463   463 I PhoneLab-UploadLogs: No log files to transfer
07-12 19:21:24.759   463   463 I PhoneLab-Locks: wake lock released
07-12 19:21:24.759   463   463 I PhoneLab-UploadLogs: OnStartCommand
07-12 19:21:24.763   463  1752 I PhoneLab-PeriodicCheckService: Rescheduling periodic checking...
07-12 19:21:24.763   463  1752 I PhoneLab-Locks: wake lock released
07-12 19:23:12.958   856   858 D dalvikvm: GC_CONCURRENT freed 376K, 7% free 10233K/10951K, paused 2ms+3ms
07-12 19:23:24.063   463   952 I PhoneLab-: Service Running
07-12 19:23:24.134   463   952 I PhoneLab-LoggerService: app_49    957   463   1480   1112  c00f181c 400107b4 S logcat
07-12 19:23:24.138   463   952 I PhoneLab-LoggerService: Logcat pid from database 957
07-12 19:23:24.138   463   952 I PhoneLab-LoggerService: Logcat process found 957
07-12 19:23:24.138   463   952 I PhoneLab-LoggerService: Checking Threshold
07-12 19:25:24.063   463   952 I PhoneLab-: Service Running
07-12 19:25:24.145   463   952 I PhoneLab-LoggerService: app_49    957   463   1480   1112  c00f181c 400107b4 S logcat
07-12 19:25:24.145   463   952 I PhoneLab-LoggerService: Logcat pid from database 957
07-12 19:25:24.145   463   952 I PhoneLab-LoggerService: Logcat process found 957
07-12 19:25:24.145   463   952 I PhoneLab-LoggerService: Checking Threshold
07-12 19:25:48.399   856   908 I System.out: [INFO:5672326]: c: Running flush
07-12 19:25:48.403   856   910 I System.out: [INFO:5672328]: c: Sending payload [bytes=468]
07-12 19:25:49.712   856   910 I System.out: [INFO:5673637]: c: Response [http=200,length=20]
07-12 19:25:49.720   856   908 I System.out: [INFO:5673643]: c: Read id 6, status code 200
07-12 19:26:19.552   145   147 D dalvikvm: JIT code cache reset in 4 ms (1048536 bytes 1/0)
07-12 19:26:19.567   145   147 D dalvikvm: GC_CONCURRENT freed 897K, 11% free 13112K/14727K, paused 17ms+10ms
07-12 19:27:24.063   463   952 I PhoneLab-: Service Running
07-12 19:27:24.145   463   952 I PhoneLab-LoggerService: app_49    957   463   1480   1112  c00f181c 400107b4 S logcat
07-12 19:27:24.145   463   952 I PhoneLab-LoggerService: Logcat pid from database 957
07-12 19:27:24.145   463   952 I PhoneLab-LoggerService: Logcat process found 957
07-12 19:27:24.145   463   952 I PhoneLab-LoggerService: Checking Threshold
07-12 19:29:24.063   463   952 I PhoneLab-: Service Running
07-12 19:29:24.157   463   952 I PhoneLab-LoggerService: app_49    957   463   1480   1112  c00f181c 400107b4 S logcat
07-12 19:29:24.157   463   952 I PhoneLab-LoggerService: Logcat pid from database 957
07-12 19:29:24.157   463   952 I PhoneLab-LoggerService: Logcat process found 957
07-12 19:29:24.157   463   952 I PhoneLab-LoggerService: Checking Threshold
07-12 19:31:24.063   463   952 I PhoneLab-: Service Running
07-12 19:31:24.149   463   952 I PhoneLab-LoggerService: app_49    957   463   1480   1112  c00f181c 400107b4 S logcat
07-12 19:31:24.149   463   952 I PhoneLab-LoggerService: Logcat pid from database 957
07-12 19:31:24.149   463   952 I PhoneLab-LoggerService: Logcat process found 957
07-12 19:31:24.149   463   952 I PhoneLab-LoggerService: Checking Threshold
07-12 19:31:24.153   463   464 D dalvikvm: GC_CONCURRENT freed 404K, 18% free 9152K/11079K, paused 2ms+2ms
07-12 19:33:12.989   494   496 D dalvikvm: GC_CONCURRENT freed 449K, 6% free 10172K/10759K, paused 2ms+4ms
07-12 19:33:24.063   463   952 I PhoneLab-: Service Running
07-12 19:33:24.157   463   952 I PhoneLab-LoggerService: app_49    957   463   1480   1112  c00f181c 400107b4 S logcat
07-12 19:33:24.157   463   952 I PhoneLab-LoggerService: Logcat pid from database 957
07-12 19:33:24.157   463   952 I PhoneLab-LoggerService: Logcat process found 957
07-12 19:33:24.157   463   952 I PhoneLab-LoggerService: Checking Threshold
07-12 19:34:46.274   856   858 D dalvikvm: GC_CONCURRENT freed 403K, 7% free 10216K/10951K, paused 2ms+3ms
07-12 19:35:24.063   463   952 I PhoneLab-: Service Running
07-12 19:35:24.138   463   952 I PhoneLab-LoggerService: app_49    957   463   1480   1112  c00f181c 400107b4 S logcat
07-12 19:35:24.138   463   952 I PhoneLab-LoggerService: Logcat pid from database 957
07-12 19:35:24.138   463   952 I PhoneLab-LoggerService: Logcat process found 957
07-12 19:35:24.138   463   952 I PhoneLab-LoggerService: Checking Threshold
07-12 19:37:24.063   463   952 I PhoneLab-: Service Running
07-12 19:37:24.134   463   952 I PhoneLab-LoggerService: app_49    957   463   1480   1112  c00f181c 400107b4 S logcat
07-12 19:37:24.138   463   952 I PhoneLab-LoggerService: Logcat pid from database 957
07-12 19:37:24.138   463   952 I PhoneLab-LoggerService: Logcat process found 957
07-12 19:37:24.138   463   952 I PhoneLab-LoggerService: Checking Threshold
07-12 19:39:24.063   463   952 I PhoneLab-: Service Running
07-12 19:39:24.134   463   952 I PhoneLab-LoggerService: app_49    957   463   1480   1112  c00f181c 400107b4 S logcat
07-12 19:39:24.138   463   952 I PhoneLab-LoggerService: Logcat pid from database 957
07-12 19:39:24.138   463   952 I PhoneLab-LoggerService: Logcat process found 957
07-12 19:39:24.138   463   952 I PhoneLab-LoggerService: Checking Threshold
07-12 19:39:46.290   145   147 D dalvikvm: GC_CONCURRENT freed 891K, 11% free 13124K/14727K, paused 17ms+7ms
07-12 19:41:24.063   463   952 I PhoneLab-: Service Running
07-12 19:41:24.134   463   952 I PhoneLab-LoggerService: app_49    957   463   1480   1112  c00f181c 400107b4 S logcat
07-12 19:41:24.138   463   952 I PhoneLab-LoggerService: Logcat pid from database 957
07-12 19:41:24.138   463   952 I PhoneLab-LoggerService: Logcat process found 957
07-12 19:41:24.138   463   952 I PhoneLab-LoggerService: Checking Threshold
07-12 19:43:24.063   463   952 I PhoneLab-: Service Running
07-12 19:43:24.157   463   952 I PhoneLab-LoggerService: app_49    957   463   1480   1112  c00f181c 400107b4 S logcat
07-12 19:43:24.157   463   952 I PhoneLab-LoggerService: Logcat pid from database 957
07-12 19:43:24.157   463   952 I PhoneLab-LoggerService: Logcat process found 957
07-12 19:43:24.157   463   952 I PhoneLab-LoggerService: Checking Threshold
07-12 19:45:23.376   145   161 V BackupManagerService: Running a backup pass
07-12 19:45:23.407   145   215 W BackupManagerService: Requested unavailable transport: com.google.android.backup/.BackupTransportService
07-12 19:45:23.438   145   215 V BackupManagerService: Backup requested but no transport available
07-12 19:45:24.063   463   952 I PhoneLab-: Service Running
07-12 19:45:24.145   463   952 I PhoneLab-LoggerService: app_49    957   463   1480   1112  c00f181c 400107b4 S logcat
07-12 19:45:24.145   463   952 I PhoneLab-LoggerService: Logcat pid from database 957
07-12 19:45:24.145   463   952 I PhoneLab-LoggerService: Logcat process found 957
07-12 19:45:24.145   463   952 I PhoneLab-LoggerService: Checking Threshold
07-12 19:47:24.063   463   952 I PhoneLab-: Service Running
07-12 19:47:24.165   463   952 I PhoneLab-LoggerService: app_49    957   463   1480   1112  c00f181c 400107b4 S logcat
07-12 19:47:24.165   463   952 I PhoneLab-LoggerService: Logcat pid from database 957
07-12 19:47:24.165   463   952 I PhoneLab-LoggerService: Logcat process found 957
07-12 19:47:24.165   463   952 I PhoneLab-LoggerService: Checking Threshold
07-12 19:47:24.173   463   464 D dalvikvm: GC_CONCURRENT freed 393K, 18% free 9150K/11079K, paused 2ms+2ms
07-12 19:49:24.063   463   952 I PhoneLab-: Service Running
07-12 19:49:24.165   463   952 I PhoneLab-LoggerService: app_49    957   463   1480   1112  c00f181c 400107b4 S logcat
07-12 19:49:24.169   463   952 I PhoneLab-LoggerService: Logcat pid from database 957
07-12 19:49:24.169   463   952 I PhoneLab-LoggerService: Logcat process found 957
07-12 19:49:24.169   463   952 I PhoneLab-LoggerService: Checking Threshold
07-12 19:51:04.872   494   905 I EventLogService: Aggregate from 1342135264745 (log), 1342135264745 (data)
07-12 19:51:04.977   145   147 D dalvikvm: GC_CONCURRENT freed 919K, 11% free 13107K/14727K, paused 3ms+5ms
07-12 19:51:24.063   463   952 I PhoneLab-: Service Running
07-12 19:51:24.157   463   952 I PhoneLab-LoggerService: app_49    957   463   1480   1112  c00f181c 400107b4 S logcat
07-12 19:51:24.157   463   952 I PhoneLab-LoggerService: Logcat pid from database 957
07-12 19:51:24.157   463   952 I PhoneLab-LoggerService: Logcat process found 957
07-12 19:51:24.157   463   952 I PhoneLab-LoggerService: Checking Threshold
07-12 19:51:24.802   463   463 I PhoneLab-Locks: wake lock acquired
07-12 19:51:24.837   463  1776 I PhoneLab-PeriodicCheckService: User info is synched
07-12 19:51:24.837   463  1776 I PhoneLab-PeriodicCheckService: Logger Service is running
07-12 19:51:24.841   463   463 I PhoneLab-Locks: wake lock acquired
07-12 19:51:24.845   463   463 I PhoneLab-StatusMonitor: Status Monitoring is started
07-12 19:51:24.845   463   463 E PhoneLab-PhoneLabManifest: java.io.FileNotFoundException: /data/data/edu.buffalo.cse.phonelab.phonelabservices/files/manifest.xml: open failed: ENOENT (No such file or directory)
07-12 19:51:24.845   463   463 I PhoneLab-Locks: wake lock released
07-12 19:51:24.852   463  1776 I PhoneLab-Locks: wake lock acquired
07-12 19:51:24.852   463   463 I PhoneLab-UploadLogs: Transfering log files now
07-12 19:51:24.852   463   463 I PhoneLab-UploadLogs: No log files to transfer
07-12 19:51:24.856   463   463 I PhoneLab-Locks: wake lock released
07-12 19:51:24.856   463   463 I PhoneLab-UploadLogs: OnStartCommand
07-12 19:51:24.856   463  1776 I PhoneLab-PeriodicCheckService: Rescheduling periodic checking...
07-12 19:51:24.856   463  1776 I PhoneLab-Locks: wake lock released
07-12 19:52:21.724   856   858 D dalvikvm: GC_CONCURRENT freed 350K, 7% free 10252K/10951K, paused 2ms+3ms
07-12 19:53:24.063   463   952 I PhoneLab-: Service Running
07-12 19:53:24.149   463   952 I PhoneLab-LoggerService: app_49    957   463   1480   1112  c00f181c 400107b4 S logcat
07-12 19:53:24.149   463   952 I PhoneLab-LoggerService: Logcat pid from database 957
07-12 19:53:24.149   463   952 I PhoneLab-LoggerService: Logcat process found 957
07-12 19:53:24.149   463   952 I PhoneLab-LoggerService: Checking Threshold
07-12 19:53:44.063   494   496 D dalvikvm: GC_CONCURRENT freed 439K, 6% free 10184K/10759K, paused 11ms+4ms
07-12 19:55:24.063   463   952 I PhoneLab-: Service Running
07-12 19:55:24.169   463   952 I PhoneLab-LoggerService: app_49    957   463   1480   1112  c00f181c 400107b4 S logcat
07-12 19:55:24.169   463   952 I PhoneLab-LoggerService: Logcat pid from database 957
07-12 19:55:24.169   463   952 I PhoneLab-LoggerService: Logcat process found 957
07-12 19:55:24.169   463   952 I PhoneLab-LoggerService: Checking Threshold
07-12 19:57:24.063   463   952 I PhoneLab-: Service Running
07-12 19:57:24.161   463   952 I PhoneLab-LoggerService: app_49    957   463   1480   1112  c00f181c 400107b4 S logcat
07-12 19:57:24.161   463   952 I PhoneLab-LoggerService: Logcat pid from database 957
07-12 19:57:24.161   463   952 I PhoneLab-LoggerService: Logcat process found 957
07-12 19:57:24.161   463   952 I PhoneLab-LoggerService: Checking Threshold
07-12 19:59:24.063   463   952 I PhoneLab-: Service Running
07-12 19:59:24.161   463   952 I PhoneLab-LoggerService: app_49    957   463   1480   1112  c00f181c 400107b4 S logcat
07-12 19:59:24.161   463   952 I PhoneLab-LoggerService: Logcat pid from database 957
07-12 19:59:24.161   463   952 I PhoneLab-LoggerService: Logcat process found 957
07-12 19:59:24.161   463   952 I PhoneLab-LoggerService: Checking Threshold
07-12 20:01:24.063   463   952 I PhoneLab-: Service Running
07-12 20:01:24.149   463   952 I PhoneLab-LoggerService: app_49    957   463   1480   1112  c00f181c 400107b4 S logcat
07-12 20:01:24.149   463   952 I PhoneLab-LoggerService: Logcat pid from database 957
07-12 20:01:24.149   463   952 I PhoneLab-LoggerService: Logcat process found 957
07-12 20:01:24.149   463   952 I PhoneLab-LoggerService: Checking Threshold
07-12 20:01:24.157   463   464 D dalvikvm: GC_CONCURRENT freed 407K, 18% free 9149K/11079K, paused 2ms+2ms
07-12 20:03:05.145   145   147 D dalvikvm: GC_CONCURRENT freed 881K, 11% free 13124K/14727K, paused 16ms+5ms
07-12 20:03:24.063   463   952 I PhoneLab-: Service Running
07-12 20:03:24.138   463   952 I PhoneLab-LoggerService: app_49    957   463   1480   1112  c00f181c 400107b4 S logcat
07-12 20:03:24.142   463   952 I PhoneLab-LoggerService: Logcat pid from database 957
07-12 20:03:24.142   463   952 I PhoneLab-LoggerService: Logcat process found 957
07-12 20:03:24.142   463   952 I PhoneLab-LoggerService: Checking Threshold
07-12 20:04:00.114   216   218 D dalvikvm: GC_CONCURRENT freed 382K, 31% free 9659K/13895K, paused 1ms+2ms
07-12 20:05:24.063   463   952 I PhoneLab-: Service Running
07-12 20:05:24.169   463   952 I PhoneLab-LoggerService: app_49    957   463   1480   1112  c00f181c 400107b4 S logcat
07-12 20:05:24.169   463   952 I PhoneLab-LoggerService: Logcat pid from database 957
07-12 20:05:24.173   463   952 I PhoneLab-LoggerService: Logcat process found 957
07-12 20:05:24.173   463   952 I PhoneLab-LoggerService: Checking Threshold
07-12 20:07:24.063   463   952 I PhoneLab-: Service Running
07-12 20:07:24.161   463   952 I PhoneLab-LoggerService: app_49    957   463   1480   1112  c00f181c 400107b4 S logcat
07-12 20:07:24.161   463   952 I PhoneLab-LoggerService: Logcat pid from database 957
07-12 20:07:24.161   463   952 I PhoneLab-LoggerService: Logcat process found 957
07-12 20:07:24.161   463   952 I PhoneLab-LoggerService: Checking Threshold
07-12 20:09:24.063   463   952 I PhoneLab-: Service Running
07-12 20:09:24.161   463   952 I PhoneLab-LoggerService: app_49    957   463   1480   1112  c00f181c 400107b4 S logcat
07-12 20:09:24.161   463   952 I PhoneLab-LoggerService: Logcat pid from database 957
07-12 20:09:24.161   463   952 I PhoneLab-LoggerService: Logcat process found 957
07-12 20:09:24.161   463   952 I PhoneLab-LoggerService: Checking Threshold
07-12 20:11:03.970   856   858 D dalvikvm: GC_CONCURRENT freed 379K, 7% free 10258K/10951K, paused 13ms+4ms
07-12 20:11:24.063   463   952 I PhoneLab-: Service Running
07-12 20:11:24.169   463   952 I PhoneLab-LoggerService: app_49    957   463   1480   1112  c00f181c 400107b4 S logcat
07-12 20:11:24.169   463   952 I PhoneLab-LoggerService: Logcat pid from database 957
07-12 20:11:24.169   463   952 I PhoneLab-LoggerService: Logcat process found 957
07-12 20:11:24.169   463   952 I PhoneLab-LoggerService: Checking Threshold
07-12 20:13:24.063   463   952 I PhoneLab-: Service Running
07-12 20:13:24.138   463   952 I PhoneLab-LoggerService: app_49    957   463   1480   1112  c00f181c 400107b4 S logcat
07-12 20:13:24.142   463   952 I PhoneLab-LoggerService: Logcat pid from database 957
07-12 20:13:24.142   463   952 I PhoneLab-LoggerService: Logcat process found 957
07-12 20:13:24.142   463   952 I PhoneLab-LoggerService: Checking Threshold
07-12 20:15:24.063   463   952 I PhoneLab-: Service Running
07-12 20:15:24.169   463   952 I PhoneLab-LoggerService: app_49    957   463   1480   1112  c00f181c 400107b4 S logcat
07-12 20:15:24.169   463   952 I PhoneLab-LoggerService: Logcat pid from database 957
07-12 20:15:24.173   463   952 I PhoneLab-LoggerService: Logcat process found 957
07-12 20:15:24.173   463   952 I PhoneLab-LoggerService: Checking Threshold
07-12 20:16:25.411   145   147 D dalvikvm: GC_CONCURRENT freed 904K, 11% free 13122K/14727K, paused 16ms+5ms
07-12 20:17:20.313   317   320 D dalvikvm: GC_CONCURRENT freed 457K, 6% free 9465K/10055K, paused 14ms+2ms
07-12 20:17:24.063   463   952 I PhoneLab-: Service Running
07-12 20:17:24.157   463   952 I PhoneLab-LoggerService: app_49    957   463   1480   1112  c00f181c 400107b4 S logcat
07-12 20:17:24.157   463   952 I PhoneLab-LoggerService: Logcat pid from database 957
07-12 20:17:24.157   463   952 I PhoneLab-LoggerService: Logcat process found 957
07-12 20:17:24.157   463   952 I PhoneLab-LoggerService: Checking Threshold
07-12 20:17:24.165   463   464 D dalvikvm: GC_CONCURRENT freed 391K, 18% free 9149K/11079K, paused 2ms+2ms
07-12 20:19:24.063   463   952 I PhoneLab-: Service Running
07-12 20:19:24.161   463   952 I PhoneLab-LoggerService: app_49    957   463   1480   1112  c00f181c 400107b4 S logcat
07-12 20:19:24.161   463   952 I PhoneLab-LoggerService: Logcat pid from database 957
07-12 20:19:24.161   463   952 I PhoneLab-LoggerService: Logcat process found 957
07-12 20:19:24.161   463   952 I PhoneLab-LoggerService: Checking Threshold
07-12 20:20:17.333   494   496 D dalvikvm: GC_CONCURRENT freed 415K, 6% free 10204K/10759K, paused 2ms+5ms
07-12 20:21:05.056   494   969 I EventLogService: Aggregate from 1342137064877 (log), 1342137064877 (data)
07-12 20:21:24.067   463   952 I PhoneLab-: Service Running
07-12 20:21:24.161   463   952 I PhoneLab-LoggerService: app_49    957   463   1480   1112  c00f181c 400107b4 S logcat
07-12 20:21:24.161   463   952 I PhoneLab-LoggerService: Logcat pid from database 957
07-12 20:21:24.161   463   952 I PhoneLab-LoggerService: Logcat process found 957
07-12 20:21:24.161   463   952 I PhoneLab-LoggerService: Checking Threshold
07-12 20:21:24.880   463   463 I PhoneLab-Locks: wake lock acquired
07-12 20:21:24.935   463  1799 I PhoneLab-PeriodicCheckService: User info is synched
07-12 20:21:24.935   463  1799 I PhoneLab-PeriodicCheckService: Logger Service is running
07-12 20:21:24.938   463   463 I PhoneLab-Locks: wake lock acquired
07-12 20:21:24.942   463   463 I PhoneLab-StatusMonitor: Status Monitoring is started
07-12 20:21:24.946   463   463 E PhoneLab-PhoneLabManifest: java.io.FileNotFoundException: /data/data/edu.buffalo.cse.phonelab.phonelabservices/files/manifest.xml: open failed: ENOENT (No such file or directory)
07-12 20:21:24.946   463   463 I PhoneLab-Locks: wake lock released
07-12 20:21:24.946   463  1799 I PhoneLab-Locks: wake lock acquired
07-12 20:21:24.950   463  1799 I PhoneLab-PeriodicCheckService: Rescheduling periodic checking...
07-12 20:21:24.950   463  1799 I PhoneLab-Locks: wake lock released
07-12 20:21:24.950   463   463 I PhoneLab-UploadLogs: Transfering log files now
07-12 20:21:24.954   463   463 I PhoneLab-UploadLogs: No log files to transfer
07-12 20:21:24.954   463   463 I PhoneLab-Locks: wake lock released
07-12 20:21:24.954   463   463 I PhoneLab-UploadLogs: OnStartCommand
07-12 20:23:24.063   463   952 I PhoneLab-: Service Running
07-12 20:23:24.149   463   952 I PhoneLab-LoggerService: app_49    957   463   1480   1112  c00f181c 400107b4 S logcat
07-12 20:23:24.149   463   952 I PhoneLab-LoggerService: Logcat pid from database 957
07-12 20:23:24.149   463   952 I PhoneLab-LoggerService: Logcat process found 957
07-12 20:23:24.149   463   952 I PhoneLab-LoggerService: Checking Threshold
07-12 20:25:24.063   463   952 I PhoneLab-: Service Running
07-12 20:25:24.149   463   952 I PhoneLab-LoggerService: app_49    957   463   1480   1112  c00f181c 400107b4 S logcat
07-12 20:25:24.149   463   952 I PhoneLab-LoggerService: Logcat pid from database 957
07-12 20:25:24.149   463   952 I PhoneLab-LoggerService: Logcat process found 957
07-12 20:25:24.149   463   952 I PhoneLab-LoggerService: Checking Threshold
07-12 20:27:20.325   145   147 D dalvikvm: GC_CONCURRENT freed 906K, 11% free 13116K/14727K, paused 17ms+5ms
07-12 20:27:24.063   463   952 I PhoneLab-: Service Running
07-12 20:27:24.161   463   952 I PhoneLab-LoggerService: app_49    957   463   1480   1112  c00f181c 400107b4 S logcat
07-12 20:27:24.161   463   952 I PhoneLab-LoggerService: Logcat pid from database 957
07-12 20:27:24.161   463   952 I PhoneLab-LoggerService: Logcat process found 957
07-12 20:27:24.161   463   952 I PhoneLab-LoggerService: Checking Threshold
07-12 20:29:15.138   856   858 D dalvikvm: GC_CONCURRENT freed 385K, 7% free 10259K/10951K, paused 1ms+3ms
07-12 20:29:24.063   463   952 I PhoneLab-: Service Running
07-12 20:29:24.149   463   952 I PhoneLab-LoggerService: app_49    957   463   1480   1112  c00f181c 400107b4 S logcat
07-12 20:29:24.149   463   952 I PhoneLab-LoggerService: Logcat pid from database 957
07-12 20:29:24.149   463   952 I PhoneLab-LoggerService: Logcat process found 957
07-12 20:29:24.149   463   952 I PhoneLab-LoggerService: Checking Threshold
07-12 20:31:24.063   463   952 I PhoneLab-: Service Running
07-12 20:31:24.161   463   952 I PhoneLab-LoggerService: app_49    957   463   1480   1112  c00f181c 400107b4 S logcat
07-12 20:31:24.161   463   952 I PhoneLab-LoggerService: Logcat pid from database 957
07-12 20:31:24.161   463   952 I PhoneLab-LoggerService: Logcat process found 957
07-12 20:31:24.161   463   952 I PhoneLab-LoggerService: Checking Threshold
07-12 20:31:24.173   463   464 D dalvikvm: GC_CONCURRENT freed 406K, 18% free 9149K/11079K, paused 2ms+1ms
07-12 20:33:24.063   463   952 I PhoneLab-: Service Running
07-12 20:33:24.142   463   952 I PhoneLab-LoggerService: app_49    957   463   1480   1112  c00f181c 400107b4 S logcat
07-12 20:33:24.142   463   952 I PhoneLab-LoggerService: Logcat pid from database 957
07-12 20:33:24.142   463   952 I PhoneLab-LoggerService: Logcat process found 957
07-12 20:33:24.142   463   952 I PhoneLab-LoggerService: Checking Threshold
07-12 20:35:24.063   463   952 I PhoneLab-: Service Running
07-12 20:35:24.149   463   952 I PhoneLab-LoggerService: app_49    957   463   1480   1112  c00f181c 400107b4 S logcat
07-12 20:35:24.149   463   952 I PhoneLab-LoggerService: Logcat pid from database 957
07-12 20:35:24.149   463   952 I PhoneLab-LoggerService: Logcat process found 957
07-12 20:35:24.149   463   952 I PhoneLab-LoggerService: Checking Threshold
07-12 20:37:24.063   463   952 I PhoneLab-: Service Running
07-12 20:37:24.138   463   952 I PhoneLab-LoggerService: app_49    957   463   1480   1112  c00f181c 400107b4 S logcat
07-12 20:37:24.142   463   952 I PhoneLab-LoggerService: Logcat pid from database 957
07-12 20:37:24.142   463   952 I PhoneLab-LoggerService: Logcat process found 957
07-12 20:37:24.142   463   952 I PhoneLab-LoggerService: Checking Threshold
07-12 20:38:59.583   494   496 D dalvikvm: GC_CONCURRENT freed 437K, 6% free 10183K/10759K, paused 2ms+4ms
07-12 20:39:24.063   463   952 I PhoneLab-: Service Running
07-12 20:39:24.149   463   952 I PhoneLab-LoggerService: app_49    957   463   1480   1112  c00f181c 400107b4 S logcat
07-12 20:39:24.149   463   952 I PhoneLab-LoggerService: Logcat pid from database 957
07-12 20:39:24.149   463   952 I PhoneLab-LoggerService: Logcat process found 957
07-12 20:39:24.149   463   952 I PhoneLab-LoggerService: Checking Threshold
07-12 20:40:00.134   145   147 D dalvikvm: GC_CONCURRENT freed 888K, 11% free 13128K/14727K, paused 3ms+6ms
07-12 20:41:24.063   463   952 I PhoneLab-: Service Running
07-12 20:41:24.138   463   952 I PhoneLab-LoggerService: app_49    957   463   1480   1112  c00f181c 400107b4 S logcat
07-12 20:41:24.138   463   952 I PhoneLab-LoggerService: Logcat pid from database 957
07-12 20:41:24.142   463   952 I PhoneLab-LoggerService: Logcat process found 957
07-12 20:41:24.142   463   952 I PhoneLab-LoggerService: Checking Threshold
07-12 20:43:24.063   463   952 I PhoneLab-: Service Running
07-12 20:43:24.169   463   952 I PhoneLab-LoggerService: app_49    957   463   1480   1112  c00f181c 400107b4 S logcat
07-12 20:43:24.173   463   952 I PhoneLab-LoggerService: Logcat pid from database 957
07-12 20:43:24.173   463   952 I PhoneLab-LoggerService: Logcat process found 957
07-12 20:43:24.173   463   952 I PhoneLab-LoggerService: Checking Threshold
07-12 20:45:24.063   463   952 I PhoneLab-: Service Running
07-12 20:45:24.149   463   952 I PhoneLab-LoggerService: app_49    957   463   1480   1112  c00f181c 400107b4 S logcat
07-12 20:45:24.149   463   952 I PhoneLab-LoggerService: Logcat pid from database 957
07-12 20:45:24.149   463   952 I PhoneLab-LoggerService: Logcat process found 957
07-12 20:45:24.149   463   952 I PhoneLab-LoggerService: Checking Threshold
07-12 20:47:24.063   463   952 I PhoneLab-: Service Running
07-12 20:47:24.157   463   952 I PhoneLab-LoggerService: app_49    957   463   1480   1112  c00f181c 400107b4 S logcat
07-12 20:47:24.157   463   952 I PhoneLab-LoggerService: Logcat pid from database 957
07-12 20:47:24.157   463   952 I PhoneLab-LoggerService: Logcat process found 957
07-12 20:47:24.157   463   952 I PhoneLab-LoggerService: Checking Threshold
07-12 20:47:24.165   463   464 D dalvikvm: GC_CONCURRENT freed 391K, 18% free 9149K/11079K, paused 2ms+1ms
07-12 20:47:37.188   856   858 D dalvikvm: GC_CONCURRENT freed 388K, 7% free 10259K/10951K, paused 2ms+3ms
07-12 20:48:04.298   145   161 V BackupManagerService: Running a backup pass
07-12 20:48:04.317   145   215 W BackupManagerService: Requested unavailable transport: com.google.android.backup/.BackupTransportService
07-12 20:48:04.321   145   215 V BackupManagerService: Backup requested but no transport available
07-12 20:49:24.063   463   952 I PhoneLab-: Service Running
07-12 20:49:24.161   463   952 I PhoneLab-LoggerService: app_49    957   463   1480   1112  c00f181c 400107b4 S logcat
07-12 20:49:24.161   463   952 I PhoneLab-LoggerService: Logcat pid from database 957
07-12 20:49:24.161   463   952 I PhoneLab-LoggerService: Logcat process found 957
07-12 20:49:24.161   463   952 I PhoneLab-LoggerService: Checking Threshold
07-12 20:50:45.321   145   147 D dalvikvm: GC_CONCURRENT freed 959K, 11% free 13129K/14727K, paused 2ms+5ms
07-12 20:51:00.110   216   218 D dalvikvm: GC_CONCURRENT freed 387K, 31% free 9660K/13895K, paused 6ms+3ms
07-12 20:51:05.161   494   622 I EventLogService: Aggregate from 1342138865058 (log), 1342138865058 (data)
07-12 20:51:24.063   463   952 I PhoneLab-: Service Running
07-12 20:51:24.149   463   952 I PhoneLab-LoggerService: app_49    957   463   1480   1112  c00f181c 400107b4 S logcat
07-12 20:51:24.149   463   952 I PhoneLab-LoggerService: Logcat pid from database 957
07-12 20:51:24.149   463   952 I PhoneLab-LoggerService: Logcat process found 957
07-12 20:51:24.149   463   952 I PhoneLab-LoggerService: Checking Threshold
07-12 20:51:24.989   463   463 I PhoneLab-Locks: wake lock acquired
07-12 20:51:25.017   463  1829 I PhoneLab-PeriodicCheckService: User info is synched
07-12 20:51:25.017   463  1829 I PhoneLab-PeriodicCheckService: Logger Service is running
07-12 20:51:25.020   463   463 I PhoneLab-Locks: wake lock acquired
07-12 20:51:25.024   463   463 I PhoneLab-StatusMonitor: Status Monitoring is started
07-12 20:51:25.028   463   463 E PhoneLab-PhoneLabManifest: java.io.FileNotFoundException: /data/data/edu.buffalo.cse.phonelab.phonelabservices/files/manifest.xml: open failed: ENOENT (No such file or directory)
07-12 20:51:25.028   463   463 I PhoneLab-Locks: wake lock released
07-12 20:51:25.032   463  1829 I PhoneLab-Locks: wake lock acquired
07-12 20:51:25.036   463   463 I PhoneLab-UploadLogs: Transfering log files now
07-12 20:51:25.036   463   463 I PhoneLab-UploadLogs: No log files to transfer
07-12 20:51:25.036   463   463 I PhoneLab-Locks: wake lock released
07-12 20:51:25.036   463   463 I PhoneLab-UploadLogs: OnStartCommand
07-12 20:51:25.036   463  1829 I PhoneLab-PeriodicCheckService: Rescheduling periodic checking...
07-12 20:51:25.040   463  1829 I PhoneLab-Locks: wake lock released
07-12 20:53:24.063   463   952 I PhoneLab-: Service Running
07-12 20:53:24.149   463   952 I PhoneLab-LoggerService: app_49    957   463   1480   1112  c00f181c 400107b4 S logcat
07-12 20:53:24.149   463   952 I PhoneLab-LoggerService: Logcat pid from database 957
07-12 20:53:24.149   463   952 I PhoneLab-LoggerService: Logcat process found 957
07-12 20:53:24.149   463   952 I PhoneLab-LoggerService: Checking Threshold
07-12 20:55:24.063   463   952 I PhoneLab-: Service Running
07-12 20:55:24.149   463   952 I PhoneLab-LoggerService: app_49    957   463   1480   1112  c00f181c 400107b4 S logcat
07-12 20:55:24.149   463   952 I PhoneLab-LoggerService: Logcat pid from database 957
07-12 20:55:24.149   463   952 I PhoneLab-LoggerService: Logcat process found 957
07-12 20:55:24.149   463   952 I PhoneLab-LoggerService: Checking Threshold
07-12 20:57:24.063   463   952 I PhoneLab-: Service Running
07-12 20:57:24.149   463   952 I PhoneLab-LoggerService: app_49    957   463   1480   1112  c00f181c 400107b4 S logcat
07-12 20:57:24.149   463   952 I PhoneLab-LoggerService: Logcat pid from database 957
07-12 20:57:24.149   463   952 I PhoneLab-LoggerService: Logcat process found 957
07-12 20:57:24.149   463   952 I PhoneLab-LoggerService: Checking Threshold
07-12 20:59:24.063   463   952 I PhoneLab-: Service Running
07-12 20:59:24.149   463   952 I PhoneLab-LoggerService: app_49    957   463   1480   1112  c00f181c 400107b4 S logcat
07-12 20:59:24.149   463   952 I PhoneLab-LoggerService: Logcat pid from database 957
07-12 20:59:24.149   463   952 I PhoneLab-LoggerService: Logcat process found 957
07-12 20:59:24.149   463   952 I PhoneLab-LoggerService: Checking Threshold
07-12 21:00:17.329   494   496 D dalvikvm: GC_CONCURRENT freed 439K, 6% free 10183K/10759K, paused 17ms+4ms
07-12 21:01:24.063   463   952 I PhoneLab-: Service Running
07-12 21:01:24.173   463   952 I PhoneLab-LoggerService: app_49    957   463   1480   1112  c00f181c 400107b4 S logcat
07-12 21:01:24.177   463   952 I PhoneLab-LoggerService: Logcat pid from database 957
07-12 21:01:24.177   463   952 I PhoneLab-LoggerService: Logcat process found 957
07-12 21:01:24.177   463   952 I PhoneLab-LoggerService: Checking Threshold
07-12 21:01:24.177   463   464 D dalvikvm: GC_CONCURRENT freed 395K, 18% free 9160K/11079K, paused 2ms+3ms
07-12 21:02:57.450   145   147 D dalvikvm: GC_CONCURRENT freed 910K, 11% free 13128K/14727K, paused 17ms+6ms
07-12 21:03:24.063   463   952 I PhoneLab-: Service Running
07-12 21:03:24.138   463   952 I PhoneLab-LoggerService: app_49    957   463   1480   1112  c00f181c 400107b4 S logcat
07-12 21:03:24.142   463   952 I PhoneLab-LoggerService: Logcat pid from database 957
07-12 21:03:24.142   463   952 I PhoneLab-LoggerService: Logcat process found 957
07-12 21:03:24.142   463   952 I PhoneLab-LoggerService: Checking Threshold
07-12 21:05:24.063   463   952 I PhoneLab-: Service Running
07-12 21:05:24.149   463   952 I PhoneLab-LoggerService: app_49    957   463   1480   1112  c00f181c 400107b4 S logcat
07-12 21:05:24.149   463   952 I PhoneLab-LoggerService: Logcat pid from database 957
07-12 21:05:24.149   463   952 I PhoneLab-LoggerService: Logcat process found 957
07-12 21:05:24.149   463   952 I PhoneLab-LoggerService: Checking Threshold
07-12 21:06:03.950   856   858 D dalvikvm: GC_CONCURRENT freed 387K, 7% free 10259K/10951K, paused 2ms+4ms
07-12 21:07:24.063   463   952 I PhoneLab-: Service Running
07-12 21:07:24.149   463   952 I PhoneLab-LoggerService: app_49    957   463   1480   1112  c00f181c 400107b4 S logcat
07-12 21:07:24.149   463   952 I PhoneLab-LoggerService: Logcat pid from database 957
07-12 21:07:24.149   463   952 I PhoneLab-LoggerService: Logcat process found 957
07-12 21:07:24.149   463   952 I PhoneLab-LoggerService: Checking Threshold
07-12 21:09:24.063   463   952 I PhoneLab-: Service Running
07-12 21:09:24.161   463   952 I PhoneLab-LoggerService: app_49    957   463   1480   1112  c00f181c 400107b4 S logcat
07-12 21:09:24.161   463   952 I PhoneLab-LoggerService: Logcat pid from database 957
07-12 21:09:24.161   463   952 I PhoneLab-LoggerService: Logcat process found 957
07-12 21:09:24.161   463   952 I PhoneLab-LoggerService: Checking Threshold
07-12 21:11:24.063   463   952 I PhoneLab-: Service Running
07-12 21:11:24.138   463   952 I PhoneLab-LoggerService: app_49    957   463   1480   1112  c00f181c 400107b4 S logcat
07-12 21:11:24.138   463   952 I PhoneLab-LoggerService: Logcat pid from database 957
07-12 21:11:24.138   463   952 I PhoneLab-LoggerService: Logcat process found 957
07-12 21:11:24.142   463   952 I PhoneLab-LoggerService: Checking Threshold
07-12 21:13:24.063   463   952 I PhoneLab-: Service Running
07-12 21:13:24.149   463   952 I PhoneLab-LoggerService: app_49    957   463   1480   1112  c00f181c 400107b4 S logcat
07-12 21:13:24.149   463   952 I PhoneLab-LoggerService: Logcat pid from database 957
07-12 21:13:24.149   463   952 I PhoneLab-LoggerService: Logcat process found 957
07-12 21:13:24.149   463   952 I PhoneLab-LoggerService: Checking Threshold
07-12 21:15:24.063   463   952 I PhoneLab-: Service Running
07-12 21:15:24.153   463   952 I PhoneLab-LoggerService: app_49    957   463   1480   1112  c00f181c 400107b4 S logcat
07-12 21:15:24.153   463   952 I PhoneLab-LoggerService: Logcat pid from database 957
07-12 21:15:24.153   463   952 I PhoneLab-LoggerService: Logcat process found 957
07-12 21:15:24.153   463   952 I PhoneLab-LoggerService: Checking Threshold
07-12 21:15:50.591   145   147 D dalvikvm: GC_CONCURRENT freed 911K, 11% free 13129K/14727K, paused 17ms+6ms
07-12 21:17:24.063   463   952 I PhoneLab-: Service Running
07-12 21:17:24.142   463   952 I PhoneLab-LoggerService: app_49    957   463   1480   1112  c00f181c 400107b4 S logcat
07-12 21:17:24.145   463   952 I PhoneLab-LoggerService: Logcat pid from database 957
07-12 21:17:24.145   463   952 I PhoneLab-LoggerService: Logcat process found 957
07-12 21:17:24.145   463   952 I PhoneLab-LoggerService: Checking Threshold
07-12 21:17:24.153   463   464 D dalvikvm: GC_CONCURRENT freed 402K, 18% free 9150K/11079K, paused 1ms+2ms
07-12 21:19:24.063   463   952 I PhoneLab-: Service Running
07-12 21:19:24.153   463   952 I PhoneLab-LoggerService: app_49    957   463   1480   1112  c00f181c 400107b4 S logcat
07-12 21:19:24.153   463   952 I PhoneLab-LoggerService: Logcat pid from database 957
07-12 21:19:24.153   463   952 I PhoneLab-LoggerService: Logcat process found 957
07-12 21:19:24.153   463   952 I PhoneLab-LoggerService: Checking Threshold
07-12 21:21:05.282   494   627 I EventLogService: Aggregate from 1342140665165 (log), 1342140665165 (data)
07-12 21:21:05.415   494   496 D dalvikvm: GC_CONCURRENT freed 445K, 6% free 10194K/10759K, paused 2ms+8ms
07-12 21:21:24.063   463   952 I PhoneLab-: Service Running
07-12 21:21:24.153   463   952 I PhoneLab-LoggerService: app_49    957   463   1480   1112  c00f181c 400107b4 S logcat
07-12 21:21:24.153   463   952 I PhoneLab-LoggerService: Logcat pid from database 957
07-12 21:21:24.153   463   952 I PhoneLab-LoggerService: Logcat process found 957
07-12 21:21:24.153   463   952 I PhoneLab-LoggerService: Checking Threshold
07-12 21:21:25.067   463   463 I PhoneLab-Locks: wake lock acquired
07-12 21:21:25.106   463  1851 I PhoneLab-PeriodicCheckService: User info is synched
07-12 21:21:25.106   463  1851 I PhoneLab-PeriodicCheckService: Logger Service is running
07-12 21:21:25.110   463   463 I PhoneLab-Locks: wake lock acquired
07-12 21:21:25.114   463   463 I PhoneLab-StatusMonitor: Status Monitoring is started
07-12 21:21:25.114   463   463 E PhoneLab-PhoneLabManifest: java.io.FileNotFoundException: /data/data/edu.buffalo.cse.phonelab.phonelabservices/files/manifest.xml: open failed: ENOENT (No such file or directory)
07-12 21:21:25.118   463   463 I PhoneLab-Locks: wake lock released
07-12 21:21:25.118   463  1851 I PhoneLab-Locks: wake lock acquired
07-12 21:21:25.122   463   463 I PhoneLab-UploadLogs: Transfering log files now
07-12 21:21:25.122   463   463 I PhoneLab-UploadLogs: No log files to transfer
07-12 21:21:25.122   463   463 I PhoneLab-Locks: wake lock released
07-12 21:21:25.122   463   463 I PhoneLab-UploadLogs: OnStartCommand
07-12 21:21:25.126   463  1851 I PhoneLab-PeriodicCheckService: Rescheduling periodic checking...
07-12 21:21:25.126   463  1851 I PhoneLab-Locks: wake lock released
07-12 21:23:24.063   463   952 I PhoneLab-: Service Running
07-12 21:23:24.134   463   952 I PhoneLab-LoggerService: app_49    957   463   1480   1112  c00f181c 400107b4 S logcat
07-12 21:23:24.138   463   952 I PhoneLab-LoggerService: Logcat pid from database 957
07-12 21:23:24.138   463   952 I PhoneLab-LoggerService: Logcat process found 957
07-12 21:23:24.138   463   952 I PhoneLab-LoggerService: Checking Threshold
07-12 21:23:59.606   856   858 D dalvikvm: GC_CONCURRENT freed 385K, 7% free 10262K/10951K, paused 1ms+3ms
07-12 21:25:24.063   463   952 I PhoneLab-: Service Running
07-12 21:25:24.153   463   952 I PhoneLab-LoggerService: app_49    957   463   1480   1112  c00f181c 400107b4 S logcat
07-12 21:25:24.153   463   952 I PhoneLab-LoggerService: Logcat pid from database 957
07-12 21:25:24.153   463   952 I PhoneLab-LoggerService: Logcat process found 957
07-12 21:25:24.153   463   952 I PhoneLab-LoggerService: Checking Threshold
07-12 21:27:05.142   145   147 D dalvikvm: GC_CONCURRENT freed 911K, 11% free 13120K/14727K, paused 2ms+5ms
07-12 21:27:24.063   463   952 I PhoneLab-: Service Running
07-12 21:27:24.142   463   952 I PhoneLab-LoggerService: app_49    957   463   1480   1112  c00f181c 400107b4 S logcat
07-12 21:27:24.142   463   952 I PhoneLab-LoggerService: Logcat pid from database 957
07-12 21:27:24.142   463   952 I PhoneLab-LoggerService: Logcat process found 957
07-12 21:27:24.142   463   952 I PhoneLab-LoggerService: Checking Threshold
07-12 21:29:24.063   463   952 I PhoneLab-: Service Running
07-12 21:29:24.153   463   952 I PhoneLab-LoggerService: app_49    957   463   1480   1112  c00f181c 400107b4 S logcat
07-12 21:29:24.153   463   952 I PhoneLab-LoggerService: Logcat pid from database 957
07-12 21:29:24.153   463   952 I PhoneLab-LoggerService: Logcat process found 957
07-12 21:29:24.153   463   952 I PhoneLab-LoggerService: Checking Threshold
07-12 21:31:24.063   463   952 I PhoneLab-: Service Running
07-12 21:31:24.173   463   952 I PhoneLab-LoggerService: app_49    957   463   1480   1112  c00f181c 400107b4 S logcat
07-12 21:31:24.177   463   952 I PhoneLab-LoggerService: Logcat pid from database 957
07-12 21:31:24.177   463   952 I PhoneLab-LoggerService: Logcat process found 957
07-12 21:31:24.177   463   952 I PhoneLab-LoggerService: Checking Threshold
07-12 21:31:24.181   463   464 D dalvikvm: GC_CONCURRENT freed 407K, 18% free 9149K/11079K, paused 2ms+2ms
07-12 21:33:24.063   463   952 I PhoneLab-: Service Running
07-12 21:33:24.138   463   952 I PhoneLab-LoggerService: app_49    957   463   1480   1112  c00f181c 400107b4 S logcat
07-12 21:33:24.138   463   952 I PhoneLab-LoggerService: Logcat pid from database 957
07-12 21:33:24.138   463   952 I PhoneLab-LoggerService: Logcat process found 957
07-12 21:33:24.138   463   952 I PhoneLab-LoggerService: Checking Threshold
07-12 21:35:24.063   463   952 I PhoneLab-: Service Running
07-12 21:35:24.153   463   952 I PhoneLab-LoggerService: app_49    957   463   1480   1112  c00f181c 400107b4 S logcat
07-12 21:35:24.153   463   952 I PhoneLab-LoggerService: Logcat pid from database 957
07-12 21:35:24.153   463   952 I PhoneLab-LoggerService: Logcat process found 957
07-12 21:35:24.153   463   952 I PhoneLab-LoggerService: Checking Threshold
07-12 21:37:24.063   463   952 I PhoneLab-: Service Running
07-12 21:37:24.153   463   952 I PhoneLab-LoggerService: app_49    957   463   1480   1112  c00f181c 400107b4 S logcat
07-12 21:37:24.153   463   952 I PhoneLab-LoggerService: Logcat pid from database 957
07-12 21:37:24.153   463   952 I PhoneLab-LoggerService: Logcat process found 957
07-12 21:37:24.153   463   952 I PhoneLab-LoggerService: Checking Threshold
07-12 21:39:00.126   216   218 D dalvikvm: GC_CONCURRENT freed 383K, 31% free 9660K/13895K, paused 2ms+2ms
07-12 21:39:24.063   463   952 I PhoneLab-: Service Running
07-12 21:39:24.165   463   952 I PhoneLab-LoggerService: app_49    957   463   1480   1112  c00f181c 400107b4 S logcat
07-12 21:39:24.165   463   952 I PhoneLab-LoggerService: Logcat pid from database 957
07-12 21:39:24.165   463   952 I PhoneLab-LoggerService: Logcat process found 957
07-12 21:39:24.165   463   952 I PhoneLab-LoggerService: Checking Threshold
07-12 21:40:01.845   145   147 D dalvikvm: GC_CONCURRENT freed 889K, 11% free 13134K/14727K, paused 17ms+5ms
07-12 21:41:11.009   145   330 D dalvikvm: GC_EXPLICIT freed 207K, 12% free 12983K/14727K, paused 20ms+4ms
07-12 21:41:24.063   463   952 I PhoneLab-: Service Running
07-12 21:41:24.153   463   952 I PhoneLab-LoggerService: app_49    957   463   1480   1112  c00f181c 400107b4 S logcat
07-12 21:41:24.153   463   952 I PhoneLab-LoggerService: Logcat pid from database 957
07-12 21:41:24.153   463   952 I PhoneLab-LoggerService: Logcat process found 957
07-12 21:41:24.153   463   952 I PhoneLab-LoggerService: Checking Threshold
07-12 21:42:52.774   856   858 D dalvikvm: GC_CONCURRENT freed 389K, 7% free 10260K/10951K, paused 1ms+4ms
07-12 21:43:24.063   463   952 I PhoneLab-: Service Running
07-12 21:43:24.142   463   952 I PhoneLab-LoggerService: app_49    957   463   1480   1112  c00f181c 400107b4 S logcat
07-12 21:43:24.142   463   952 I PhoneLab-LoggerService: Logcat pid from database 957
07-12 21:43:24.142   463   952 I PhoneLab-LoggerService: Logcat process found 957
07-12 21:43:24.142   463   952 I PhoneLab-LoggerService: Checking Threshold
07-12 21:45:24.063   463   952 I PhoneLab-: Service Running
07-12 21:45:24.153   463   952 I PhoneLab-LoggerService: app_49    957   463   1480   1112  c00f181c 400107b4 S logcat
07-12 21:45:24.153   463   952 I PhoneLab-LoggerService: Logcat pid from database 957
07-12 21:45:24.153   463   952 I PhoneLab-LoggerService: Logcat process found 957
07-12 21:45:24.153   463   952 I PhoneLab-LoggerService: Checking Threshold
07-12 21:46:03.966   494   496 D dalvikvm: GC_CONCURRENT freed 418K, 6% free 10203K/10759K, paused 2ms+4ms
07-12 21:47:24.063   463   952 I PhoneLab-: Service Running
07-12 21:47:24.146   463   952 I PhoneLab-LoggerService: app_49    957   463   1480   1112  c00f181c 400107b4 S logcat
07-12 21:47:24.146   463   952 I PhoneLab-LoggerService: Logcat pid from database 957
07-12 21:47:24.146   463   952 I PhoneLab-LoggerService: Logcat process found 957
07-12 21:47:24.146   463   952 I PhoneLab-LoggerService: Checking Threshold
07-12 21:47:24.153   463   464 D dalvikvm: GC_CONCURRENT freed 391K, 18% free 9149K/11079K, paused 1ms+2ms
07-12 21:49:24.063   463   952 I PhoneLab-: Service Running
07-12 21:49:24.165   463   952 I PhoneLab-LoggerService: app_49    957   463   1480   1112  c00f181c 400107b4 S logcat
07-12 21:49:24.165   463   952 I PhoneLab-LoggerService: Logcat pid from database 957
07-12 21:49:24.165   463   952 I PhoneLab-LoggerService: Logcat process found 957
07-12 21:49:24.165   463   952 I PhoneLab-LoggerService: Checking Threshold
07-12 21:50:45.228   145   161 V BackupManagerService: Running a backup pass
07-12 21:50:45.259   145   215 W BackupManagerService: Requested unavailable transport: com.google.android.backup/.BackupTransportService
07-12 21:50:45.271   145   215 V BackupManagerService: Backup requested but no transport available
07-12 21:51:05.388   494   757 I EventLogService: Aggregate from 1342142465284 (log), 1342142465284 (data)
07-12 21:51:24.063   463   952 I PhoneLab-: Service Running
07-12 21:51:24.165   463   952 I PhoneLab-LoggerService: app_49    957   463   1480   1112  c00f181c 400107b4 S logcat
07-12 21:51:24.165   463   952 I PhoneLab-LoggerService: Logcat pid from database 957
07-12 21:51:24.165   463   952 I PhoneLab-LoggerService: Logcat process found 957
07-12 21:51:24.165   463   952 I PhoneLab-LoggerService: Checking Threshold
07-12 21:51:25.177   463   463 I PhoneLab-Locks: wake lock acquired
07-12 21:51:25.216   463  1873 I PhoneLab-PeriodicCheckService: User info is synched
07-12 21:51:25.220   463  1873 I PhoneLab-PeriodicCheckService: Logger Service is running
07-12 21:51:25.224   463   463 I PhoneLab-Locks: wake lock acquired
07-12 21:51:25.224   463   463 I PhoneLab-StatusMonitor: Status Monitoring is started
07-12 21:51:25.228   463   463 E PhoneLab-PhoneLabManifest: java.io.FileNotFoundException: /data/data/edu.buffalo.cse.phonelab.phonelabservices/files/manifest.xml: open failed: ENOENT (No such file or directory)
07-12 21:51:25.228   463   463 I PhoneLab-Locks: wake lock released
07-12 21:51:25.231   463  1873 I PhoneLab-Locks: wake lock acquired
07-12 21:51:25.235   463   463 I PhoneLab-UploadLogs: Transfering log files now
07-12 21:51:25.235   463   463 I PhoneLab-UploadLogs: No log files to transfer
07-12 21:51:25.235   463   463 I PhoneLab-Locks: wake lock released
07-12 21:51:25.235   463   463 I PhoneLab-UploadLogs: OnStartCommand
07-12 21:51:25.235   463  1873 I PhoneLab-PeriodicCheckService: Rescheduling periodic checking...
07-12 21:51:25.239   463  1873 I PhoneLab-Locks: wake lock released
07-12 21:52:05.220   145   147 D dalvikvm: GC_CONCURRENT freed 738K, 11% free 13111K/14727K, paused 17ms+5ms
07-12 21:53:24.063   463   952 I PhoneLab-: Service Running
07-12 21:53:24.134   463   952 I PhoneLab-LoggerService: app_49    957   463   1480   1112  c00f181c 400107b4 S logcat
07-12 21:53:24.138   463   952 I PhoneLab-LoggerService: Logcat pid from database 957
07-12 21:53:24.138   463   952 I PhoneLab-LoggerService: Logcat process found 957
07-12 21:53:24.138   463   952 I PhoneLab-LoggerService: Checking Threshold
07-12 21:55:24.063   463   952 I PhoneLab-: Service Running
07-12 21:55:24.153   463   952 I PhoneLab-LoggerService: app_49    957   463   1480   1112  c00f181c 400107b4 S logcat
07-12 21:55:24.153   463   952 I PhoneLab-LoggerService: Logcat pid from database 957
07-12 21:55:24.153   463   952 I PhoneLab-LoggerService: Logcat process found 957
07-12 21:55:24.153   463   952 I PhoneLab-LoggerService: Checking Threshold
07-12 21:57:24.063   463   952 I PhoneLab-: Service Running
07-12 21:57:24.153   463   952 I PhoneLab-LoggerService: app_49    957   463   1480   1112  c00f181c 400107b4 S logcat
07-12 21:57:24.153   463   952 I PhoneLab-LoggerService: Logcat pid from database 957
07-12 21:57:24.153   463   952 I PhoneLab-LoggerService: Logcat process found 957
07-12 21:57:24.153   463   952 I PhoneLab-LoggerService: Checking Threshold
07-12 21:59:24.063   463   952 I PhoneLab-: Service Running
07-12 21:59:24.142   463   952 I PhoneLab-LoggerService: app_49    957   463   1480   1112  c00f181c 400107b4 S logcat
07-12 21:59:24.142   463   952 I PhoneLab-LoggerService: Logcat pid from database 957
07-12 21:59:24.142   463   952 I PhoneLab-LoggerService: Logcat process found 957
07-12 21:59:24.142   463   952 I PhoneLab-LoggerService: Checking Threshold
07-12 22:01:24.063   463   952 I PhoneLab-: Service Running
07-12 22:01:24.177   463   952 I PhoneLab-LoggerService: app_49    957   463   1480   1112  c00f181c 400107b4 S logcat
07-12 22:01:24.177   463   952 I PhoneLab-LoggerService: Logcat pid from database 957
07-12 22:01:24.177   463   952 I PhoneLab-LoggerService: Logcat process found 957
07-12 22:01:24.177   463   952 I PhoneLab-LoggerService: Checking Threshold
07-12 22:01:24.181   463   464 D dalvikvm: GC_CONCURRENT freed 406K, 18% free 9149K/11079K, paused 1ms+2ms
07-12 22:01:50.618   856   858 D dalvikvm: GC_CONCURRENT freed 394K, 7% free 10250K/10951K, paused 1ms+4ms
07-12 22:03:24.063   463   952 I PhoneLab-: Service Running
07-12 22:03:24.165   463   952 I PhoneLab-LoggerService: app_49    957   463   1480   1112  c00f181c 400107b4 S logcat
07-12 22:03:24.165   463   952 I PhoneLab-LoggerService: Logcat pid from database 957
07-12 22:03:24.165   463   952 I PhoneLab-LoggerService: Logcat process found 957
07-12 22:03:24.165   463   952 I PhoneLab-LoggerService: Checking Threshold
07-12 22:05:24.063   463   952 I PhoneLab-: Service Running
07-12 22:05:24.142   463   952 I PhoneLab-LoggerService: app_49    957   463   1480   1112  c00f181c 400107b4 S logcat
07-12 22:05:24.142   463   952 I PhoneLab-LoggerService: Logcat pid from database 957
07-12 22:05:24.142   463   952 I PhoneLab-LoggerService: Logcat process found 957
07-12 22:05:24.142   463   952 I PhoneLab-LoggerService: Checking Threshold
07-12 22:05:33.255   145   147 D dalvikvm: GC_CONCURRENT freed 932K, 11% free 13142K/14727K, paused 17ms+5ms
07-12 22:06:50.595   494   496 D dalvikvm: GC_CONCURRENT freed 447K, 7% free 10173K/10823K, paused 2ms+4ms
07-12 22:07:24.063   463   952 I PhoneLab-: Service Running
07-12 22:07:24.142   463   952 I PhoneLab-LoggerService: app_49    957   463   1480   1112  c00f181c 400107b4 S logcat
07-12 22:07:24.142   463   952 I PhoneLab-LoggerService: Logcat pid from database 957
07-12 22:07:24.142   463   952 I PhoneLab-LoggerService: Logcat process found 957
07-12 22:07:24.142   463   952 I PhoneLab-LoggerService: Checking Threshold
07-12 22:09:24.063   463   952 I PhoneLab-: Service Running
07-12 22:09:24.134   463   952 I PhoneLab-LoggerService: app_49    957   463   1480   1112  c00f181c 400107b4 S logcat
07-12 22:09:24.138   463   952 I PhoneLab-LoggerService: Logcat pid from database 957
07-12 22:09:24.138   463   952 I PhoneLab-LoggerService: Logcat process found 957
07-12 22:09:24.138   463   952 I PhoneLab-LoggerService: Checking Threshold
07-12 22:11:24.063   463   952 I PhoneLab-: Service Running
07-12 22:11:24.142   463   952 I PhoneLab-LoggerService: app_49    957   463   1480   1112  c00f181c 400107b4 S logcat
07-12 22:11:24.142   463   952 I PhoneLab-LoggerService: Logcat pid from database 957
07-12 22:11:24.142   463   952 I PhoneLab-LoggerService: Logcat process found 957
07-12 22:11:24.142   463   952 I PhoneLab-LoggerService: Checking Threshold
07-12 22:13:24.063   463   952 I PhoneLab-: Service Running
07-12 22:13:24.165   463   952 I PhoneLab-LoggerService: app_49    957   463   1480   1112  c00f181c 400107b4 S logcat
07-12 22:13:24.165   463   952 I PhoneLab-LoggerService: Logcat pid from database 957
07-12 22:13:24.165   463   952 I PhoneLab-LoggerService: Logcat process found 957
07-12 22:13:24.165   463   952 I PhoneLab-LoggerService: Checking Threshold
07-12 22:15:24.063   463   952 I PhoneLab-: Service Running
07-12 22:15:24.161   463   952 I PhoneLab-LoggerService: app_49    957   463   1480   1112  c00f181c 400107b4 S logcat
07-12 22:15:24.165   463   952 I PhoneLab-LoggerService: Logcat pid from database 957
07-12 22:15:24.165   463   952 I PhoneLab-LoggerService: Logcat process found 957
07-12 22:15:24.165   463   952 I PhoneLab-LoggerService: Checking Threshold
07-12 22:17:24.063   463   952 I PhoneLab-: Service Running
07-12 22:17:24.161   463   952 I PhoneLab-LoggerService: app_49    957   463   1480   1112  c00f181c 400107b4 S logcat
07-12 22:17:24.161   463   952 I PhoneLab-LoggerService: Logcat pid from database 957
07-12 22:17:24.161   463   952 I PhoneLab-LoggerService: Logcat process found 957
07-12 22:17:24.161   463   952 I PhoneLab-LoggerService: Checking Threshold
07-12 22:17:24.169   463   464 D dalvikvm: GC_CONCURRENT freed 391K, 18% free 9149K/11079K, paused 1ms+2ms
07-12 22:19:24.063   463   952 I PhoneLab-: Service Running
07-12 22:19:24.165   463   952 I PhoneLab-LoggerService: app_49    957   463   1480   1112  c00f181c 400107b4 S logcat
07-12 22:19:24.165   463   952 I PhoneLab-LoggerService: Logcat pid from database 957
07-12 22:19:24.165   463   952 I PhoneLab-LoggerService: Logcat process found 957
07-12 22:19:24.165   463   952 I PhoneLab-LoggerService: Checking Threshold
07-12 22:20:11.915   145   147 D dalvikvm: GC_CONCURRENT freed 905K, 11% free 13143K/14727K, paused 17ms+6ms
07-12 22:21:05.485   494   905 I EventLogService: Aggregate from 1342144265389 (log), 1342144265389 (data)
07-12 22:21:24.063   463   952 I PhoneLab-: Service Running
07-12 22:21:24.138   463   952 I PhoneLab-LoggerService: app_49    957   463   1480   1112  c00f181c 400107b4 S logcat
07-12 22:21:24.138   463   952 I PhoneLab-LoggerService: Logcat pid from database 957
07-12 22:21:24.138   463   952 I PhoneLab-LoggerService: Logcat process found 957
07-12 22:21:24.138   463   952 I PhoneLab-LoggerService: Checking Threshold
07-12 22:21:25.255   463   463 I PhoneLab-Locks: wake lock acquired
07-12 22:21:25.306   463  1894 I PhoneLab-PeriodicCheckService: User info is synched
07-12 22:21:25.317   463  1894 I PhoneLab-PeriodicCheckService: Logger Service is running
07-12 22:21:25.321   463   463 I PhoneLab-Locks: wake lock acquired
07-12 22:21:25.321   463   463 I PhoneLab-StatusMonitor: Status Monitoring is started
07-12 22:21:25.325   463   463 E PhoneLab-PhoneLabManifest: java.io.FileNotFoundException: /data/data/edu.buffalo.cse.phonelab.phonelabservices/files/manifest.xml: open failed: ENOENT (No such file or directory)
07-12 22:21:25.325   463   463 I PhoneLab-Locks: wake lock released
07-12 22:21:25.329   463  1894 I PhoneLab-Locks: wake lock acquired
07-12 22:21:25.329   463   463 I PhoneLab-UploadLogs: Transfering log files now
07-12 22:21:25.333   463   463 I PhoneLab-UploadLogs: No log files to transfer
07-12 22:21:25.333   463   463 I PhoneLab-Locks: wake lock released
07-12 22:21:25.333   463   463 I PhoneLab-UploadLogs: OnStartCommand
07-12 22:21:25.333   463  1894 I PhoneLab-PeriodicCheckService: Rescheduling periodic checking...
07-12 22:21:25.333   463  1894 I PhoneLab-Locks: wake lock released
07-12 22:21:51.935   856   858 D dalvikvm: GC_CONCURRENT freed 376K, 7% free 10259K/10951K, paused 14ms+3ms
07-12 22:23:24.063   463   952 I PhoneLab-: Service Running
07-12 22:23:24.165   463   952 I PhoneLab-LoggerService: app_49    957   463   1480   1112  c00f181c 400107b4 S logcat
07-12 22:23:24.165   463   952 I PhoneLab-LoggerService: Logcat pid from database 957
07-12 22:23:24.165   463   952 I PhoneLab-LoggerService: Logcat process found 957
07-12 22:23:24.165   463   952 I PhoneLab-LoggerService: Checking Threshold
07-12 22:24:30.665   494   496 D dalvikvm: GC_CONCURRENT freed 390K, 7% free 10168K/10823K, paused 1ms+4ms
07-12 22:25:24.063   463   952 I PhoneLab-: Service Running
07-12 22:25:24.138   463   952 I PhoneLab-LoggerService: app_49    957   463   1480   1112  c00f181c 400107b4 S logcat
07-12 22:25:24.138   463   952 I PhoneLab-LoggerService: Logcat pid from database 957
07-12 22:25:24.138   463   952 I PhoneLab-LoggerService: Logcat process found 957
07-12 22:25:24.138   463   952 I PhoneLab-LoggerService: Checking Threshold
07-12 22:27:24.063   463   952 I PhoneLab-: Service Running
07-12 22:27:24.142   463   952 I PhoneLab-LoggerService: app_49    957   463   1480   1112  c00f181c 400107b4 S logcat
07-12 22:27:24.142   463   952 I PhoneLab-LoggerService: Logcat pid from database 957
07-12 22:27:24.142   463   952 I PhoneLab-LoggerService: Logcat process found 957
07-12 22:27:24.142   463   952 I PhoneLab-LoggerService: Checking Threshold
07-12 22:29:00.103   216   218 D dalvikvm: GC_CONCURRENT freed 386K, 31% free 9662K/13895K, paused 1ms+3ms
07-12 22:29:24.063   463   952 I PhoneLab-: Service Running
07-12 22:29:24.138   463   952 I PhoneLab-LoggerService: app_49    957   463   1480   1112  c00f181c 400107b4 S logcat
07-12 22:29:24.138   463   952 I PhoneLab-LoggerService: Logcat pid from database 957
07-12 22:29:24.138   463   952 I PhoneLab-LoggerService: Logcat process found 957
07-12 22:29:24.138   463   952 I PhoneLab-LoggerService: Checking Threshold
07-12 22:31:24.063   463   952 I PhoneLab-: Service Running
07-12 22:31:24.165   463   952 I PhoneLab-LoggerService: app_49    957   463   1480   1112  c00f181c 400107b4 S logcat
07-12 22:31:24.165   463   952 I PhoneLab-LoggerService: Logcat pid from database 957
07-12 22:31:24.165   463   952 I PhoneLab-LoggerService: Logcat process found 957
07-12 22:31:24.165   463   952 I PhoneLab-LoggerService: Checking Threshold
07-12 22:31:24.177   463   464 D dalvikvm: GC_CONCURRENT freed 407K, 18% free 9149K/11079K, paused 2ms+1ms
07-12 22:31:52.149   145   147 D dalvikvm: GC_CONCURRENT freed 933K, 11% free 13128K/14727K, paused 17ms+6ms
07-12 22:33:24.063   463   952 I PhoneLab-: Service Running
07-12 22:33:24.142   463   952 I PhoneLab-LoggerService: app_49    957   463   1480   1112  c00f181c 400107b4 S logcat
07-12 22:33:24.142   463   952 I PhoneLab-LoggerService: Logcat pid from database 957
07-12 22:33:24.142   463   952 I PhoneLab-LoggerService: Logcat process found 957
07-12 22:33:24.142   463   952 I PhoneLab-LoggerService: Checking Threshold
07-12 22:35:24.063   463   952 I PhoneLab-: Service Running
07-12 22:35:24.142   463   952 I PhoneLab-LoggerService: app_49    957   463   1480   1112  c00f181c 400107b4 S logcat
07-12 22:35:24.142   463   952 I PhoneLab-LoggerService: Logcat pid from database 957
07-12 22:35:24.142   463   952 I PhoneLab-LoggerService: Logcat process found 957
07-12 22:35:24.142   463   952 I PhoneLab-LoggerService: Checking Threshold
07-12 22:37:24.063   463   952 I PhoneLab-: Service Running
07-12 22:37:24.134   463   952 I PhoneLab-LoggerService: app_49    957   463   1480   1112  c00f181c 400107b4 S logcat
07-12 22:37:24.138   463   952 I PhoneLab-LoggerService: Logcat pid from database 957
07-12 22:37:24.138   463   952 I PhoneLab-LoggerService: Logcat process found 957
07-12 22:37:24.138   463   952 I PhoneLab-LoggerService: Checking Threshold
07-12 22:39:24.063   463   952 I PhoneLab-: Service Running
07-12 22:39:24.153   463   952 I PhoneLab-LoggerService: app_49    957   463   1480   1112  c00f181c 400107b4 S logcat
07-12 22:39:24.153   463   952 I PhoneLab-LoggerService: Logcat pid from database 957
07-12 22:39:24.153   463   952 I PhoneLab-LoggerService: Logcat process found 957
07-12 22:39:24.153   463   952 I PhoneLab-LoggerService: Checking Threshold
07-12 22:40:17.333   856   858 D dalvikvm: GC_CONCURRENT freed 387K, 7% free 10257K/10951K, paused 2ms+3ms
07-12 22:41:24.063   463   952 I PhoneLab-: Service Running
07-12 22:41:24.134   463   952 I PhoneLab-LoggerService: app_49    957   463   1480   1112  c00f181c 400107b4 S logcat
07-12 22:41:24.138   463   952 I PhoneLab-LoggerService: Logcat pid from database 957
07-12 22:41:24.138   463   952 I PhoneLab-LoggerService: Logcat process found 957
07-12 22:41:24.138   463   952 I PhoneLab-LoggerService: Checking Threshold
07-12 22:43:24.063   463   952 I PhoneLab-: Service Running
07-12 22:43:24.165   463   952 I PhoneLab-LoggerService: app_49    957   463   1480   1112  c00f181c 400107b4 S logcat
07-12 22:43:24.165   463   952 I PhoneLab-LoggerService: Logcat pid from database 957
07-12 22:43:24.165   463   952 I PhoneLab-LoggerService: Logcat process found 957
07-12 22:43:24.165   463   952 I PhoneLab-LoggerService: Checking Threshold
07-12 22:43:59.606   145   147 D dalvikvm: GC_CONCURRENT freed 912K, 11% free 13121K/14727K, paused 17ms+5ms
07-12 22:45:24.064   463   952 I PhoneLab-: Service Running
07-12 22:45:24.153   463   952 I PhoneLab-LoggerService: app_49    957   463   1480   1112  c00f181c 400107b4 S logcat
07-12 22:45:24.153   463   952 I PhoneLab-LoggerService: Logcat pid from database 957
07-12 22:45:24.153   463   952 I PhoneLab-LoggerService: Logcat process found 957
07-12 22:45:24.153   463   952 I PhoneLab-LoggerService: Checking Threshold
07-12 22:47:24.064   463   952 I PhoneLab-: Service Running
07-12 22:47:24.149   463   952 I PhoneLab-LoggerService: app_49    957   463   1480   1112  c00f181c 400107b4 S logcat
07-12 22:47:24.149   463   952 I PhoneLab-LoggerService: Logcat pid from database 957
07-12 22:47:24.149   463   952 I PhoneLab-LoggerService: Logcat process found 957
07-12 22:47:24.149   463   952 I PhoneLab-LoggerService: Checking Threshold
07-12 22:47:24.157   463   464 D dalvikvm: GC_CONCURRENT freed 391K, 18% free 9149K/11079K, paused 1ms+1ms
07-12 22:47:57.415   494   496 D dalvikvm: GC_CONCURRENT freed 363K, 6% free 10190K/10823K, paused 2ms+4ms
07-12 22:49:24.064   463   952 I PhoneLab-: Service Running
07-12 22:49:24.138   463   952 I PhoneLab-LoggerService: app_49    957   463   1480   1112  c00f181c 400107b4 S logcat
07-12 22:49:24.138   463   952 I PhoneLab-LoggerService: Logcat pid from database 957
07-12 22:49:24.138   463   952 I PhoneLab-LoggerService: Logcat process found 957
07-12 22:49:24.138   463   952 I PhoneLab-LoggerService: Checking Threshold
07-12 22:51:05.610   494   969 I EventLogService: Aggregate from 1342146065490 (log), 1342146065490 (data)
07-12 22:51:24.064   463   952 I PhoneLab-: Service Running
07-12 22:51:24.165   463   952 I PhoneLab-LoggerService: app_49    957   463   1480   1112  c00f181c 400107b4 S logcat
07-12 22:51:24.165   463   952 I PhoneLab-LoggerService: Logcat pid from database 957
07-12 22:51:24.165   463   952 I PhoneLab-LoggerService: Logcat process found 957
07-12 22:51:24.165   463   952 I PhoneLab-LoggerService: Checking Threshold
07-12 22:51:25.353   463   463 I PhoneLab-Locks: wake lock acquired
07-12 22:51:25.399   463  1917 I PhoneLab-PeriodicCheckService: User info is synched
07-12 22:51:25.399   463  1917 I PhoneLab-PeriodicCheckService: Logger Service is running
07-12 22:51:25.403   463   463 I PhoneLab-Locks: wake lock acquired
07-12 22:51:25.403   463   463 I PhoneLab-StatusMonitor: Status Monitoring is started
07-12 22:51:25.407   463   463 E PhoneLab-PhoneLabManifest: java.io.FileNotFoundException: /data/data/edu.buffalo.cse.phonelab.phonelabservices/files/manifest.xml: open failed: ENOENT (No such file or directory)
07-12 22:51:25.407   463   463 I PhoneLab-Locks: wake lock released
07-12 22:51:25.411   463  1917 I PhoneLab-Locks: wake lock acquired
07-12 22:51:25.415   463   463 I PhoneLab-UploadLogs: Transfering log files now
07-12 22:51:25.415   463  1917 I PhoneLab-PeriodicCheckService: Rescheduling periodic checking...
07-12 22:51:25.415   463   463 I PhoneLab-UploadLogs: No log files to transfer
07-12 22:51:25.415   463  1917 I PhoneLab-Locks: wake lock released
07-12 22:51:25.415   463   463 I PhoneLab-Locks: wake lock released
07-12 22:51:25.419   463   463 I PhoneLab-UploadLogs: OnStartCommand
07-12 22:53:24.064   463   952 I PhoneLab-: Service Running
07-12 22:53:24.153   463   952 I PhoneLab-LoggerService: app_49    957   463   1480   1112  c00f181c 400107b4 S logcat
07-12 22:53:24.153   463   952 I PhoneLab-LoggerService: Logcat pid from database 957
07-12 22:53:24.153   463   952 I PhoneLab-LoggerService: Logcat process found 957
07-12 22:53:24.153   463   952 I PhoneLab-LoggerService: Checking Threshold
07-12 22:53:26.153   145   161 V BackupManagerService: Running a backup pass
07-12 22:53:26.165   145   215 W BackupManagerService: Requested unavailable transport: com.google.android.backup/.BackupTransportService
07-12 22:53:26.169   145   215 V BackupManagerService: Backup requested but no transport available
07-12 22:55:17.349   145   147 D dalvikvm: GC_CONCURRENT freed 907K, 11% free 13119K/14727K, paused 17ms+5ms
07-12 22:55:24.064   463   952 I PhoneLab-: Service Running
07-12 22:55:24.153   463   952 I PhoneLab-LoggerService: app_49    957   463   1480   1112  c00f181c 400107b4 S logcat
07-12 22:55:24.153   463   952 I PhoneLab-LoggerService: Logcat pid from database 957
07-12 22:55:24.153   463   952 I PhoneLab-LoggerService: Logcat process found 957
07-12 22:55:24.153   463   952 I PhoneLab-LoggerService: Checking Threshold
07-12 22:57:24.064   463   952 I PhoneLab-: Service Running
07-12 22:57:24.142   463   952 I PhoneLab-LoggerService: app_49    957   463   1480   1112  c00f181c 400107b4 S logcat
07-12 22:57:24.142   463   952 I PhoneLab-LoggerService: Logcat pid from database 957
07-12 22:57:24.146   463   952 I PhoneLab-LoggerService: Logcat process found 957
07-12 22:57:24.146   463   952 I PhoneLab-LoggerService: Checking Threshold
07-12 22:59:24.064   463   952 I PhoneLab-: Service Running
07-12 22:59:24.153   463   952 I PhoneLab-LoggerService: app_49    957   463   1480   1112  c00f181c 400107b4 S logcat
07-12 22:59:24.153   463   952 I PhoneLab-LoggerService: Logcat pid from database 957
07-12 22:59:24.153   463   952 I PhoneLab-LoggerService: Logcat process found 957
07-12 22:59:24.153   463   952 I PhoneLab-LoggerService: Checking Threshold
07-12 22:59:52.681   856   858 D dalvikvm: GC_CONCURRENT freed 388K, 7% free 10254K/10951K, paused 12ms+3ms
07-12 23:01:24.064   463   952 I PhoneLab-: Service Running
07-12 23:01:24.153   463   952 I PhoneLab-LoggerService: app_49    957   463   1480   1112  c00f181c 400107b4 S logcat
07-12 23:01:24.153   463   952 I PhoneLab-LoggerService: Logcat pid from database 957
07-12 23:01:24.153   463   952 I PhoneLab-LoggerService: Logcat process found 957
07-12 23:01:24.153   463   952 I PhoneLab-LoggerService: Checking Threshold
07-12 23:01:24.161   463   464 D dalvikvm: GC_CONCURRENT freed 406K, 18% free 9149K/11079K, paused 1ms+1ms
07-12 23:02:25.314   317   320 D dalvikvm: GC_CONCURRENT freed 398K, 7% free 9451K/10055K, paused 2ms+2ms
07-12 23:03:24.064   463   952 I PhoneLab-: Service Running
07-12 23:03:24.134   463   952 I PhoneLab-LoggerService: app_49    957   463   1480   1112  c00f181c 400107b4 S logcat
07-12 23:03:24.138   463   952 I PhoneLab-LoggerService: Logcat pid from database 957
07-12 23:03:24.138   463   952 I PhoneLab-LoggerService: Logcat process found 957
07-12 23:03:24.138   463   952 I PhoneLab-LoggerService: Checking Threshold
07-12 23:05:24.064   463   952 I PhoneLab-: Service Running
07-12 23:05:24.165   463   952 I PhoneLab-LoggerService: app_49    957   463   1480   1112  c00f181c 400107b4 S logcat
07-12 23:05:24.165   463   952 I PhoneLab-LoggerService: Logcat pid from database 957
07-12 23:05:24.165   463   952 I PhoneLab-LoggerService: Logcat process found 957
07-12 23:05:24.165   463   952 I PhoneLab-LoggerService: Checking Threshold
07-12 23:05:33.169   317   781 D dalvikvm: GC_EXPLICIT freed 21K, 7% free 9449K/10055K, paused 2ms+2ms
07-12 23:06:50.575   494   496 D dalvikvm: GC_CONCURRENT freed 411K, 7% free 10164K/10823K, paused 2ms+4ms
07-12 23:07:24.064   463   952 I PhoneLab-: Service Running
07-12 23:07:24.153   463   952 I PhoneLab-LoggerService: app_49    957   463   1480   1112  c00f181c 400107b4 S logcat
07-12 23:07:24.153   463   952 I PhoneLab-LoggerService: Logcat pid from database 957
07-12 23:07:24.153   463   952 I PhoneLab-LoggerService: Logcat process found 957
07-12 23:07:24.153   463   952 I PhoneLab-LoggerService: Checking Threshold
07-12 23:07:53.130   145   147 D dalvikvm: GC_CONCURRENT freed 890K, 11% free 13139K/14727K, paused 18ms+6ms
07-12 23:09:24.064   463   952 I PhoneLab-: Service Running
07-12 23:09:24.165   463   952 I PhoneLab-LoggerService: app_49    957   463   1480   1112  c00f181c 400107b4 S logcat
07-12 23:09:24.165   463   952 I PhoneLab-LoggerService: Logcat pid from database 957
07-12 23:09:24.165   463   952 I PhoneLab-LoggerService: Logcat process found 957
07-12 23:09:24.165   463   952 I PhoneLab-LoggerService: Checking Threshold
07-12 23:11:24.064   463   952 I PhoneLab-: Service Running
07-12 23:11:24.134   463   952 I PhoneLab-LoggerService: app_49    957   463   1480   1112  c00f181c 400107b4 S logcat
07-12 23:11:24.138   463   952 I PhoneLab-LoggerService: Logcat pid from database 957
07-12 23:11:24.138   463   952 I PhoneLab-LoggerService: Logcat process found 957
07-12 23:11:24.138   463   952 I PhoneLab-LoggerService: Checking Threshold
07-12 23:13:24.064   463   952 I PhoneLab-: Service Running
07-12 23:13:24.134   463   952 I PhoneLab-LoggerService: app_49    957   463   1480   1112  c00f181c 400107b4 S logcat
07-12 23:13:24.138   463   952 I PhoneLab-LoggerService: Logcat pid from database 957
07-12 23:13:24.138   463   952 I PhoneLab-LoggerService: Logcat process found 957
07-12 23:13:24.138   463   952 I PhoneLab-LoggerService: Checking Threshold
07-12 23:14:00.106   216   218 D dalvikvm: GC_CONCURRENT freed 391K, 31% free 9659K/13895K, paused 19ms+2ms
07-12 23:15:24.064   463   952 I PhoneLab-: Service Running
07-12 23:15:24.142   463   952 I PhoneLab-LoggerService: app_49    957   463   1480   1112  c00f181c 400107b4 S logcat
07-12 23:15:24.142   463   952 I PhoneLab-LoggerService: Logcat pid from database 957
07-12 23:15:24.142   463   952 I PhoneLab-LoggerService: Logcat process found 957
07-12 23:15:24.146   463   952 I PhoneLab-LoggerService: Checking Threshold
07-12 23:17:24.064   463   952 I PhoneLab-: Service Running
07-12 23:17:24.161   463   952 I PhoneLab-LoggerService: app_49    957   463   1480   1112  c00f181c 400107b4 S logcat
07-12 23:17:24.161   463   952 I PhoneLab-LoggerService: Logcat pid from database 957
07-12 23:17:24.161   463   952 I PhoneLab-LoggerService: Logcat process found 957
07-12 23:17:24.161   463   952 I PhoneLab-LoggerService: Checking Threshold
07-12 23:17:24.169   463   464 D dalvikvm: GC_CONCURRENT freed 391K, 18% free 9149K/11079K, paused 1ms+2ms
07-12 23:19:24.064   463   952 I PhoneLab-: Service Running
07-12 23:19:24.153   463   952 I PhoneLab-LoggerService: app_49    957   463   1480   1112  c00f181c 400107b4 S logcat
07-12 23:19:24.153   463   952 I PhoneLab-LoggerService: Logcat pid from database 957
07-12 23:19:24.153   463   952 I PhoneLab-LoggerService: Logcat process found 957
07-12 23:19:24.153   463   952 I PhoneLab-LoggerService: Checking Threshold
07-12 23:19:30.716   856   858 D dalvikvm: GC_CONCURRENT freed 386K, 7% free 10253K/10951K, paused 14ms+3ms
07-12 23:20:33.220  1378  1380 D dalvikvm: GC_CONCURRENT freed 433K, 6% free 10198K/10759K, paused 2ms+2ms
07-12 23:20:48.478   145   147 D dalvikvm: GC_CONCURRENT freed 920K, 11% free 13128K/14727K, paused 17ms+6ms
07-12 23:21:05.751   494   622 I EventLogService: Aggregate from 1342147865612 (log), 1342147865612 (data)
07-12 23:21:24.064   463   952 I PhoneLab-: Service Running
07-12 23:21:24.165   463   952 I PhoneLab-LoggerService: app_49    957   463   1480   1112  c00f181c 400107b4 S logcat
07-12 23:21:24.165   463   952 I PhoneLab-LoggerService: Logcat pid from database 957
07-12 23:21:24.165   463   952 I PhoneLab-LoggerService: Logcat process found 957
07-12 23:21:24.165   463   952 I PhoneLab-LoggerService: Checking Threshold
07-12 23:21:25.458   463   463 I PhoneLab-Locks: wake lock acquired
07-12 23:21:25.501   463  1938 I PhoneLab-PeriodicCheckService: User info is synched
07-12 23:21:25.505   463  1938 I PhoneLab-PeriodicCheckService: Logger Service is running
07-12 23:21:25.509   463   463 I PhoneLab-Locks: wake lock acquired
07-12 23:21:25.509   463   463 I PhoneLab-StatusMonitor: Status Monitoring is started
07-12 23:21:25.513   463   463 E PhoneLab-PhoneLabManifest: java.io.FileNotFoundException: /data/data/edu.buffalo.cse.phonelab.phonelabservices/files/manifest.xml: open failed: ENOENT (No such file or directory)
07-12 23:21:25.513   463   463 I PhoneLab-Locks: wake lock released
07-12 23:21:25.517   463  1938 I PhoneLab-Locks: wake lock acquired
07-12 23:21:25.521   463   463 I PhoneLab-UploadLogs: Transfering log files now
07-12 23:21:25.521   463   463 I PhoneLab-UploadLogs: No log files to transfer
07-12 23:21:25.521   463   463 I PhoneLab-Locks: wake lock released
07-12 23:21:25.521   463   463 I PhoneLab-UploadLogs: OnStartCommand
07-12 23:21:25.521   463  1938 I PhoneLab-PeriodicCheckService: Rescheduling periodic checking...
07-12 23:21:25.524   463  1938 I PhoneLab-Locks: wake lock released
07-12 23:23:24.064   463   952 I PhoneLab-: Service Running
07-12 23:23:24.165   463   952 I PhoneLab-LoggerService: app_49    957   463   1480   1112  c00f181c 400107b4 S logcat
07-12 23:23:24.165   463   952 I PhoneLab-LoggerService: Logcat pid from database 957
07-12 23:23:24.165   463   952 I PhoneLab-LoggerService: Logcat process found 957
07-12 23:23:24.165   463   952 I PhoneLab-LoggerService: Checking Threshold
07-12 23:25:24.064   463   952 I PhoneLab-: Service Running
07-12 23:25:24.165   463   952 I PhoneLab-LoggerService: app_49    957   463   1480   1112  c00f181c 400107b4 S logcat
07-12 23:25:24.165   463   952 I PhoneLab-LoggerService: Logcat pid from database 957
07-12 23:25:24.165   463   952 I PhoneLab-LoggerService: Logcat process found 957
07-12 23:25:24.165   463   952 I PhoneLab-LoggerService: Checking Threshold
07-12 23:25:48.435   494   496 D dalvikvm: GC_CONCURRENT freed 380K, 7% free 10170K/10823K, paused 7ms+4ms
07-12 23:27:24.064   463   952 I PhoneLab-: Service Running
07-12 23:27:24.165   463   952 I PhoneLab-LoggerService: app_49    957   463   1480   1112  c00f181c 400107b4 S logcat
07-12 23:27:24.165   463   952 I PhoneLab-LoggerService: Logcat pid from database 957
07-12 23:27:24.165   463   952 I PhoneLab-LoggerService: Logcat process found 957
07-12 23:27:24.165   463   952 I PhoneLab-LoggerService: Checking Threshold
07-12 23:29:24.064   463   952 I PhoneLab-: Service Running
07-12 23:29:24.138   463   952 I PhoneLab-LoggerService: app_49    957   463   1480   1112  c00f181c 400107b4 S logcat
07-12 23:29:24.138   463   952 I PhoneLab-LoggerService: Logcat pid from database 957
07-12 23:29:24.138   463   952 I PhoneLab-LoggerService: Logcat process found 957
07-12 23:29:24.138   463   952 I PhoneLab-LoggerService: Checking Threshold
07-12 23:31:24.064   463   952 I PhoneLab-: Service Running
07-12 23:31:24.149   463   952 I PhoneLab-LoggerService: app_49    957   463   1480   1112  c00f181c 400107b4 S logcat
07-12 23:31:24.149   463   952 I PhoneLab-LoggerService: Logcat pid from database 957
07-12 23:31:24.149   463   952 I PhoneLab-LoggerService: Logcat process found 957
07-12 23:31:24.149   463   952 I PhoneLab-LoggerService: Checking Threshold
07-12 23:31:24.153   463   464 D dalvikvm: GC_CONCURRENT freed 404K, 18% free 9152K/11079K, paused 2ms+2ms
07-12 23:33:01.919   145   147 D dalvikvm: GC_CONCURRENT freed 907K, 11% free 13122K/14727K, paused 2ms+5ms
07-12 23:33:24.064   463   952 I PhoneLab-: Service Running
07-12 23:33:24.138   463   952 I PhoneLab-LoggerService: app_49    957   463   1480   1112  c00f181c 400107b4 S logcat
07-12 23:33:24.138   463   952 I PhoneLab-LoggerService: Logcat pid from database 957
07-12 23:33:24.138   463   952 I PhoneLab-LoggerService: Logcat process found 957
07-12 23:33:24.138   463   952 I PhoneLab-LoggerService: Checking Threshold
07-12 23:35:24.064   463   952 I PhoneLab-: Service Running
07-12 23:35:24.142   463   952 I PhoneLab-LoggerService: app_49    957   463   1480   1112  c00f181c 400107b4 S logcat
07-12 23:35:24.142   463   952 I PhoneLab-LoggerService: Logcat pid from database 957
07-12 23:35:24.146   463   952 I PhoneLab-LoggerService: Logcat process found 957
07-12 23:35:24.146   463   952 I PhoneLab-LoggerService: Checking Threshold
07-12 23:37:24.064   463   952 I PhoneLab-: Service Running
07-12 23:37:24.138   463   952 I PhoneLab-LoggerService: app_49    957   463   1480   1112  c00f181c 400107b4 S logcat
07-12 23:37:24.138   463   952 I PhoneLab-LoggerService: Logcat pid from database 957
07-12 23:37:24.138   463   952 I PhoneLab-LoggerService: Logcat process found 957
07-12 23:37:24.138   463   952 I PhoneLab-LoggerService: Checking Threshold
07-12 23:38:28.497   856   858 D dalvikvm: GC_CONCURRENT freed 380K, 7% free 10258K/10951K, paused 2ms+3ms
07-12 23:39:24.064   463   952 I PhoneLab-: Service Running
07-12 23:39:24.165   463   952 I PhoneLab-LoggerService: app_49    957   463   1480   1112  c00f181c 400107b4 S logcat
07-12 23:39:24.165   463   952 I PhoneLab-LoggerService: Logcat pid from database 957
07-12 23:39:24.165   463   952 I PhoneLab-LoggerService: Logcat process found 957
07-12 23:39:24.165   463   952 I PhoneLab-LoggerService: Checking Threshold
07-12 23:41:24.064   463   952 I PhoneLab-: Service Running
07-12 23:41:24.142   463   952 I PhoneLab-LoggerService: app_49    957   463   1480   1112  c00f181c 400107b4 S logcat
07-12 23:41:24.142   463   952 I PhoneLab-LoggerService: Logcat pid from database 957
07-12 23:41:24.142   463   952 I PhoneLab-LoggerService: Logcat process found 957
07-12 23:41:24.142   463   952 I PhoneLab-LoggerService: Checking Threshold
07-12 23:43:24.064   463   952 I PhoneLab-: Service Running
07-12 23:43:24.134   463   952 I PhoneLab-LoggerService: app_49    957   463   1480   1112  c00f181c 400107b4 S logcat
07-12 23:43:24.138   463   952 I PhoneLab-LoggerService: Logcat pid from database 957
07-12 23:43:24.138   463   952 I PhoneLab-LoggerService: Logcat process found 957
07-12 23:43:24.138   463   952 I PhoneLab-LoggerService: Checking Threshold
07-12 23:45:24.064   463   952 I PhoneLab-: Service Running
07-12 23:45:24.149   463   952 I PhoneLab-LoggerService: app_49    957   463   1480   1112  c00f181c 400107b4 S logcat
07-12 23:45:24.149   463   952 I PhoneLab-LoggerService: Logcat pid from database 957
07-12 23:45:24.149   463   952 I PhoneLab-LoggerService: Logcat process found 957
07-12 23:45:24.149   463   952 I PhoneLab-LoggerService: Checking Threshold
07-12 23:46:00.192   145   147 D dalvikvm: GC_CONCURRENT freed 911K, 11% free 13120K/14727K, paused 20ms+5ms
07-12 23:47:24.064   463   952 I PhoneLab-: Service Running
07-12 23:47:24.173   463   952 I PhoneLab-LoggerService: app_49    957   463   1480   1112  c00f181c 400107b4 S logcat
07-12 23:47:24.173   463   952 I PhoneLab-LoggerService: Logcat pid from database 957
07-12 23:47:24.173   463   952 I PhoneLab-LoggerService: Logcat process found 957
07-12 23:47:24.173   463   952 I PhoneLab-LoggerService: Checking Threshold
07-12 23:47:24.181   463   464 D dalvikvm: GC_CONCURRENT freed 392K, 18% free 9150K/11079K, paused 2ms+2ms
07-12 23:49:24.064   463   952 I PhoneLab-: Service Running
07-12 23:49:24.142   463   952 I PhoneLab-LoggerService: app_49    957   463   1480   1112  c00f181c 400107b4 S logcat
07-12 23:49:24.142   463   952 I PhoneLab-LoggerService: Logcat pid from database 957
07-12 23:49:24.142   463   952 I PhoneLab-LoggerService: Logcat process found 957
07-12 23:49:24.142   463   952 I PhoneLab-LoggerService: Checking Threshold
07-12 23:50:01.817   494   496 D dalvikvm: GC_CONCURRENT freed 368K, 6% free 10188K/10823K, paused 17ms+4ms
07-12 23:51:05.868   494   627 I EventLogService: Aggregate from 1342149665753 (log), 1342149665753 (data)
07-12 23:51:24.064   463   952 I PhoneLab-: Service Running
07-12 23:51:24.165   463   952 I PhoneLab-LoggerService: app_49    957   463   1480   1112  c00f181c 400107b4 S logcat
07-12 23:51:24.165   463   952 I PhoneLab-LoggerService: Logcat pid from database 957
07-12 23:51:24.165   463   952 I PhoneLab-LoggerService: Logcat process found 957
07-12 23:51:24.165   463   952 I PhoneLab-LoggerService: Checking Threshold
07-12 23:51:25.548   463   463 I PhoneLab-Locks: wake lock acquired
07-12 23:51:25.587   463  1959 I PhoneLab-PeriodicCheckService: User info is synched
07-12 23:51:25.587   463  1959 I PhoneLab-PeriodicCheckService: Logger Service is running
07-12 23:51:25.591   463   463 I PhoneLab-Locks: wake lock acquired
07-12 23:51:25.595   463   463 I PhoneLab-StatusMonitor: Status Monitoring is started
07-12 23:51:25.595   463   463 E PhoneLab-PhoneLabManifest: java.io.FileNotFoundException: /data/data/edu.buffalo.cse.phonelab.phonelabservices/files/manifest.xml: open failed: ENOENT (No such file or directory)
07-12 23:51:25.595   463   463 I PhoneLab-Locks: wake lock released
07-12 23:51:25.599   463  1959 I PhoneLab-Locks: wake lock acquired
07-12 23:51:25.603   463   463 I PhoneLab-UploadLogs: Transfering log files now
07-12 23:51:25.603   463   463 I PhoneLab-UploadLogs: No log files to transfer
07-12 23:51:25.603   463   463 I PhoneLab-Locks: wake lock released
07-12 23:51:25.603   463   463 I PhoneLab-UploadLogs: OnStartCommand
07-12 23:51:25.606   463  1959 I PhoneLab-PeriodicCheckService: Rescheduling periodic checking...
07-12 23:51:25.606   463  1959 I PhoneLab-Locks: wake lock released
07-12 23:53:24.064   463   952 I PhoneLab-: Service Running
07-12 23:53:24.165   463   952 I PhoneLab-LoggerService: app_49    957   463   1480   1112  c00f181c 400107b4 S logcat
07-12 23:53:24.165   463   952 I PhoneLab-LoggerService: Logcat pid from database 957
07-12 23:53:24.165   463   952 I PhoneLab-LoggerService: Logcat process found 957
07-12 23:53:24.165   463   952 I PhoneLab-LoggerService: Checking Threshold
07-12 23:55:24.064   463   952 I PhoneLab-: Service Running
07-12 23:55:24.142   463   952 I PhoneLab-LoggerService: app_49    957   463   1480   1112  c00f181c 400107b4 S logcat
07-12 23:55:24.142   463   952 I PhoneLab-LoggerService: Logcat pid from database 957
07-12 23:55:24.142   463   952 I PhoneLab-LoggerService: Logcat process found 957
07-12 23:55:24.142   463   952 I PhoneLab-LoggerService: Checking Threshold
07-12 23:55:32.923   145   147 D dalvikvm: GC_CONCURRENT freed 929K, 12% free 13092K/14727K, paused 17ms+5ms
07-12 23:56:07.079   145   161 V BackupManagerService: Running a backup pass
07-12 23:56:07.095   145   215 W BackupManagerService: Requested unavailable transport: com.google.android.backup/.BackupTransportService
07-12 23:56:07.095   145   215 V BackupManagerService: Backup requested but no transport available
07-12 23:57:24.064   463   952 I PhoneLab-: Service Running
07-12 23:57:24.153   463   952 I PhoneLab-LoggerService: app_49    957   463   1480   1112  c00f181c 400107b4 S logcat
07-12 23:57:24.153   463   952 I PhoneLab-LoggerService: Logcat pid from database 957
07-12 23:57:24.153   463   952 I PhoneLab-LoggerService: Logcat process found 957
07-12 23:57:24.153   463   952 I PhoneLab-LoggerService: Checking Threshold
07-12 23:58:12.954   856   858 D dalvikvm: GC_CONCURRENT freed 393K, 7% free 10251K/10951K, paused 1ms+4ms
07-12 23:59:24.064   463   952 I PhoneLab-: Service Running
07-12 23:59:24.153   463   952 I PhoneLab-LoggerService: app_49    957   463   1480   1112  c00f181c 400107b4 S logcat
07-12 23:59:24.153   463   952 I PhoneLab-LoggerService: Logcat pid from database 957
07-12 23:59:24.153   463   952 I PhoneLab-LoggerService: Logcat process found 957
07-12 23:59:24.153   463   952 I PhoneLab-LoggerService: Checking Threshold
07-13 00:01:24.064   463   952 I PhoneLab-: Service Running
07-13 00:01:24.153   463   952 I PhoneLab-LoggerService: app_49    957   463   1480   1112  c00f181c 400107b4 S logcat
07-13 00:01:24.153   463   952 I PhoneLab-LoggerService: Logcat pid from database 957
07-13 00:01:24.153   463   952 I PhoneLab-LoggerService: Logcat process found 957
07-13 00:01:24.153   463   952 I PhoneLab-LoggerService: Checking Threshold
07-13 00:01:24.161   463   464 D dalvikvm: GC_CONCURRENT freed 407K, 18% free 9149K/11079K, paused 2ms+2ms
07-13 00:02:34.118   216   218 D dalvikvm: GC_CONCURRENT freed 385K, 31% free 9661K/13895K, paused 18ms+3ms
07-13 00:03:24.067   463   952 I PhoneLab-: Service Running
07-13 00:03:24.134   463   952 I PhoneLab-LoggerService: app_49    957   463   1480   1112  c00f181c 400107b4 S logcat
07-13 00:03:24.134   463   952 I PhoneLab-LoggerService: Logcat pid from database 957
07-13 00:03:24.134   463   952 I PhoneLab-LoggerService: Logcat process found 957
07-13 00:03:24.134   463   952 I PhoneLab-LoggerService: Checking Threshold
07-13 00:05:24.064   463   952 I PhoneLab-: Service Running
07-13 00:05:24.153   463   952 I PhoneLab-LoggerService: app_49    957   463   1480   1112  c00f181c 400107b4 S logcat
07-13 00:05:24.153   463   952 I PhoneLab-LoggerService: Logcat pid from database 957
07-13 00:05:24.153   463   952 I PhoneLab-LoggerService: Logcat process found 957
07-13 00:05:24.153   463   952 I PhoneLab-LoggerService: Checking Threshold
07-13 00:07:24.064   463   952 I PhoneLab-: Service Running
07-13 00:07:24.153   463   952 I PhoneLab-LoggerService: app_49    957   463   1480   1112  c00f181c 400107b4 S logcat
07-13 00:07:24.153   463   952 I PhoneLab-LoggerService: Logcat pid from database 957
07-13 00:07:24.153   463   952 I PhoneLab-LoggerService: Logcat process found 957
07-13 00:07:24.153   463   952 I PhoneLab-LoggerService: Checking Threshold
07-13 00:07:34.251   145   147 D dalvikvm: GC_CONCURRENT freed 861K, 11% free 13124K/14727K, paused 17ms+5ms
07-13 00:07:52.790   494   496 D dalvikvm: GC_CONCURRENT freed 411K, 7% free 10162K/10823K, paused 2ms+4ms
07-13 00:09:24.064   463   952 I PhoneLab-: Service Running
07-13 00:09:24.153   463   952 I PhoneLab-LoggerService: app_49    957   463   1480   1112  c00f181c 400107b4 S logcat
07-13 00:09:24.153   463   952 I PhoneLab-LoggerService: Logcat pid from database 957
07-13 00:09:24.153   463   952 I PhoneLab-LoggerService: Logcat process found 957
07-13 00:09:24.153   463   952 I PhoneLab-LoggerService: Checking Threshold
07-13 00:11:24.064   463   952 I PhoneLab-: Service Running
07-13 00:11:24.165   463   952 I PhoneLab-LoggerService: app_49    957   463   1480   1112  c00f181c 400107b4 S logcat
07-13 00:11:24.165   463   952 I PhoneLab-LoggerService: Logcat pid from database 957
07-13 00:11:24.165   463   952 I PhoneLab-LoggerService: Logcat process found 957
07-13 00:11:24.165   463   952 I PhoneLab-LoggerService: Checking Threshold
07-13 00:13:24.064   463   952 I PhoneLab-: Service Running
07-13 00:13:24.165   463   952 I PhoneLab-LoggerService: app_49    957   463   1480   1112  c00f181c 400107b4 S logcat
07-13 00:13:24.165   463   952 I PhoneLab-LoggerService: Logcat pid from database 957
07-13 00:13:24.165   463   952 I PhoneLab-LoggerService: Logcat process found 957
07-13 00:13:24.165   463   952 I PhoneLab-LoggerService: Checking Threshold
07-13 00:15:24.064   463   952 I PhoneLab-: Service Running
07-13 00:15:24.153   463   952 I PhoneLab-LoggerService: app_49    957   463   1480   1112  c00f181c 400107b4 S logcat
07-13 00:15:24.153   463   952 I PhoneLab-LoggerService: Logcat pid from database 957
07-13 00:15:24.153   463   952 I PhoneLab-LoggerService: Logcat process found 957
07-13 00:15:24.153   463   952 I PhoneLab-LoggerService: Checking Threshold
07-13 00:17:24.064   463   952 I PhoneLab-: Service Running
07-13 00:17:24.173   463   952 I PhoneLab-LoggerService: app_49    957   463   1480   1112  c00f181c 400107b4 S logcat
07-13 00:17:24.173   463   952 I PhoneLab-LoggerService: Logcat pid from database 957
07-13 00:17:24.173   463   952 I PhoneLab-LoggerService: Logcat process found 957
07-13 00:17:24.173   463   952 I PhoneLab-LoggerService: Checking Threshold
07-13 00:17:24.181   463   464 D dalvikvm: GC_CONCURRENT freed 392K, 18% free 9149K/11079K, paused 2ms+1ms
07-13 00:17:34.431   856   858 D dalvikvm: GC_CONCURRENT freed 380K, 7% free 10255K/10951K, paused 8ms+4ms
07-13 00:19:24.064   463   952 I PhoneLab-: Service Running
07-13 00:19:24.165   463   952 I PhoneLab-LoggerService: app_49    957   463   1480   1112  c00f181c 400107b4 S logcat
07-13 00:19:24.165   463   952 I PhoneLab-LoggerService: Logcat pid from database 957
07-13 00:19:24.165   463   952 I PhoneLab-LoggerService: Logcat process found 957
07-13 00:19:24.165   463   952 I PhoneLab-LoggerService: Checking Threshold
07-13 00:20:33.442   145   147 D dalvikvm: GC_CONCURRENT freed 884K, 11% free 13155K/14727K, paused 3ms+6ms
07-13 00:21:05.978   494   757 I EventLogService: Aggregate from 1342151465870 (log), 1342151465870 (data)
07-13 00:21:24.064   463   952 I PhoneLab-: Service Running
07-13 00:21:24.153   463   952 I PhoneLab-LoggerService: app_49    957   463   1480   1112  c00f181c 400107b4 S logcat
07-13 00:21:24.153   463   952 I PhoneLab-LoggerService: Logcat pid from database 957
07-13 00:21:24.153   463   952 I PhoneLab-LoggerService: Logcat process found 957
07-13 00:21:24.153   463   952 I PhoneLab-LoggerService: Checking Threshold
07-13 00:21:25.626   463   463 I PhoneLab-Locks: wake lock acquired
07-13 00:21:25.669   463  1981 I PhoneLab-PeriodicCheckService: User info is synched
07-13 00:21:25.669   463  1981 I PhoneLab-PeriodicCheckService: Logger Service is running
07-13 00:21:25.673   463   463 I PhoneLab-Locks: wake lock acquired
07-13 00:21:25.677   463   463 I PhoneLab-StatusMonitor: Status Monitoring is started
07-13 00:21:25.677   463   463 E PhoneLab-PhoneLabManifest: java.io.FileNotFoundException: /data/data/edu.buffalo.cse.phonelab.phonelabservices/files/manifest.xml: open failed: ENOENT (No such file or directory)
07-13 00:21:25.677   463   463 I PhoneLab-Locks: wake lock released
07-13 00:21:25.681   463  1981 I PhoneLab-Locks: wake lock acquired
07-13 00:21:25.685   463   463 I PhoneLab-UploadLogs: Transfering log files now
07-13 00:21:25.685   463   463 I PhoneLab-UploadLogs: No log files to transfer
07-13 00:21:25.685   463   463 I PhoneLab-Locks: wake lock released
07-13 00:21:25.685   463   463 I PhoneLab-UploadLogs: OnStartCommand
07-13 00:21:25.685   463  1981 I PhoneLab-PeriodicCheckService: Rescheduling periodic checking...
07-13 00:21:25.689   463  1981 I PhoneLab-Locks: wake lock released
07-13 00:23:24.064   463   952 I PhoneLab-: Service Running
07-13 00:23:24.165   463   952 I PhoneLab-LoggerService: app_49    957   463   1480   1112  c00f181c 400107b4 S logcat
07-13 00:23:24.165   463   952 I PhoneLab-LoggerService: Logcat pid from database 957
07-13 00:23:24.165   463   952 I PhoneLab-LoggerService: Logcat process found 957
07-13 00:23:24.165   463   952 I PhoneLab-LoggerService: Checking Threshold
07-13 00:25:24.064   463   952 I PhoneLab-: Service Running
07-13 00:25:24.142   463   952 I PhoneLab-LoggerService: app_49    957   463   1480   1112  c00f181c 400107b4 S logcat
07-13 00:25:24.146   463   952 I PhoneLab-LoggerService: Logcat pid from database 957
07-13 00:25:24.146   463   952 I PhoneLab-LoggerService: Logcat process found 957
07-13 00:25:24.146   463   952 I PhoneLab-LoggerService: Checking Threshold
07-13 00:26:19.505   494   496 D dalvikvm: GC_CONCURRENT freed 379K, 7% free 10169K/10823K, paused 2ms+4ms
07-13 00:27:24.064   463   952 I PhoneLab-: Service Running
07-13 00:27:24.142   463   952 I PhoneLab-LoggerService: app_49    957   463   1480   1112  c00f181c 400107b4 S logcat
07-13 00:27:24.146   463   952 I PhoneLab-LoggerService: Logcat pid from database 957
07-13 00:27:24.146   463   952 I PhoneLab-LoggerService: Logcat process found 957
07-13 00:27:24.146   463   952 I PhoneLab-LoggerService: Checking Threshold
07-13 00:29:24.064   463   952 I PhoneLab-: Service Running
07-13 00:29:24.142   463   952 I PhoneLab-LoggerService: app_49    957   463   1480   1112  c00f181c 400107b4 S logcat
07-13 00:29:24.142   463   952 I PhoneLab-LoggerService: Logcat pid from database 957
07-13 00:29:24.142   463   952 I PhoneLab-LoggerService: Logcat process found 957
07-13 00:29:24.142   463   952 I PhoneLab-LoggerService: Checking Threshold
07-13 00:31:24.064   463   952 I PhoneLab-: Service Running
07-13 00:31:24.153   463   952 I PhoneLab-LoggerService: app_49    957   463   1480   1112  c00f181c 400107b4 S logcat
07-13 00:31:24.153   463   952 I PhoneLab-LoggerService: Logcat pid from database 957
07-13 00:31:24.153   463   952 I PhoneLab-LoggerService: Logcat process found 957
07-13 00:31:24.153   463   952 I PhoneLab-LoggerService: Checking Threshold
07-13 00:31:24.161   463   464 D dalvikvm: GC_CONCURRENT freed 406K, 18% free 9149K/11079K, paused 2ms+2ms
07-13 00:32:25.482   145   147 D dalvikvm: GC_CONCURRENT freed 929K, 11% free 13140K/14727K, paused 17ms+6ms
07-13 00:33:24.064   463   952 I PhoneLab-: Service Running
07-13 00:33:24.138   463   952 I PhoneLab-LoggerService: app_49    957   463   1480   1112  c00f181c 400107b4 S logcat
07-13 00:33:24.138   463   952 I PhoneLab-LoggerService: Logcat pid from database 957
07-13 00:33:24.138   463   952 I PhoneLab-LoggerService: Logcat process found 957
07-13 00:33:24.138   463   952 I PhoneLab-LoggerService: Checking Threshold
07-13 00:35:24.064   463   952 I PhoneLab-: Service Running
07-13 00:35:24.142   463   952 I PhoneLab-LoggerService: app_49    957   463   1480   1112  c00f181c 400107b4 S logcat
07-13 00:35:24.142   463   952 I PhoneLab-LoggerService: Logcat pid from database 957
07-13 00:35:24.142   463   952 I PhoneLab-LoggerService: Logcat process found 957
07-13 00:35:24.146   463   952 I PhoneLab-LoggerService: Checking Threshold
07-13 00:36:54.903   856   858 D dalvikvm: GC_CONCURRENT freed 384K, 7% free 10255K/10951K, paused 13ms+3ms
07-13 00:37:24.064   463   952 I PhoneLab-: Service Running
07-13 00:37:24.165   463   952 I PhoneLab-LoggerService: app_49    957   463   1480   1112  c00f181c 400107b4 S logcat
07-13 00:37:24.165   463   952 I PhoneLab-LoggerService: Logcat pid from database 957
07-13 00:37:24.165   463   952 I PhoneLab-LoggerService: Logcat process found 957
07-13 00:37:24.165   463   952 I PhoneLab-LoggerService: Checking Threshold
07-13 00:39:24.064   463   952 I PhoneLab-: Service Running
07-13 00:39:24.153   463   952 I PhoneLab-LoggerService: app_49    957   463   1480   1112  c00f181c 400107b4 S logcat
07-13 00:39:24.153   463   952 I PhoneLab-LoggerService: Logcat pid from database 957
07-13 00:39:24.153   463   952 I PhoneLab-LoggerService: Logcat process found 957
07-13 00:39:24.153   463   952 I PhoneLab-LoggerService: Checking Threshold
07-13 00:41:24.064   463   952 I PhoneLab-: Service Running
07-13 00:41:24.138   463   952 I PhoneLab-LoggerService: app_49    957   463   1480   1112  c00f181c 400107b4 S logcat
07-13 00:41:24.138   463   952 I PhoneLab-LoggerService: Logcat pid from database 957
07-13 00:41:24.138   463   952 I PhoneLab-LoggerService: Logcat process found 957
07-13 00:41:24.138   463   952 I PhoneLab-LoggerService: Checking Threshold
07-13 00:43:24.064   463   952 I PhoneLab-: Service Running
07-13 00:43:24.153   463   952 I PhoneLab-LoggerService: app_49    957   463   1480   1112  c00f181c 400107b4 S logcat
07-13 00:43:24.153   463   952 I PhoneLab-LoggerService: Logcat pid from database 957
07-13 00:43:24.153   463   952 I PhoneLab-LoggerService: Logcat process found 957
07-13 00:43:24.153   463   952 I PhoneLab-LoggerService: Checking Threshold
07-13 00:45:15.060   145   147 D dalvikvm: GC_CONCURRENT freed 919K, 11% free 13132K/14727K, paused 18ms+5ms
07-13 00:45:24.064   463   952 I PhoneLab-: Service Running
07-13 00:45:24.153   463   952 I PhoneLab-LoggerService: app_49    957   463   1480   1112  c00f181c 400107b4 S logcat
07-13 00:45:24.153   463   952 I PhoneLab-LoggerService: Logcat pid from database 957
07-13 00:45:24.153   463   952 I PhoneLab-LoggerService: Logcat process found 957
07-13 00:45:24.153   463   952 I PhoneLab-LoggerService: Checking Threshold
07-13 00:47:24.064   463   952 I PhoneLab-: Service Running
07-13 00:47:24.149   463   952 I PhoneLab-LoggerService: app_49    957   463   1480   1112  c00f181c 400107b4 S logcat
07-13 00:47:24.149   463   952 I PhoneLab-LoggerService: Logcat pid from database 957
07-13 00:47:24.149   463   952 I PhoneLab-LoggerService: Logcat process found 957
07-13 00:47:24.149   463   952 I PhoneLab-LoggerService: Checking Threshold
07-13 00:47:24.157   463   464 D dalvikvm: GC_CONCURRENT freed 391K, 18% free 9149K/11079K, paused 1ms+2ms
07-13 00:49:24.064   463   952 I PhoneLab-: Service Running
07-13 00:49:24.165   463   952 I PhoneLab-LoggerService: app_49    957   463   1480   1112  c00f181c 400107b4 S logcat
07-13 00:49:24.165   463   952 I PhoneLab-LoggerService: Logcat pid from database 957
07-13 00:49:24.165   463   952 I PhoneLab-LoggerService: Logcat process found 957
07-13 00:49:24.165   463   952 I PhoneLab-LoggerService: Checking Threshold
07-13 00:50:00.087   216   218 D dalvikvm: GC_CONCURRENT freed 389K, 31% free 9661K/13895K, paused 13ms+2ms
07-13 00:50:32.919   494   496 D dalvikvm: GC_CONCURRENT freed 366K, 6% free 10188K/10823K, paused 12ms+4ms
07-13 00:51:06.103   494   905 I EventLogService: Aggregate from 1342153265983 (log), 1342153265983 (data)
07-13 00:51:24.064   463   952 I PhoneLab-: Service Running
07-13 00:51:24.153   463   952 I PhoneLab-LoggerService: app_49    957   463   1480   1112  c00f181c 400107b4 S logcat
07-13 00:51:24.153   463   952 I PhoneLab-LoggerService: Logcat pid from database 957
07-13 00:51:24.153   463   952 I PhoneLab-LoggerService: Logcat process found 957
07-13 00:51:24.153   463   952 I PhoneLab-LoggerService: Checking Threshold
07-13 00:51:25.728   463   463 I PhoneLab-Locks: wake lock acquired
07-13 00:51:25.771   463  2002 I PhoneLab-PeriodicCheckService: User info is synched
07-13 00:51:25.771   463  2002 I PhoneLab-PeriodicCheckService: Logger Service is running
07-13 00:51:25.774   463   463 I PhoneLab-Locks: wake lock acquired
07-13 00:51:25.778   463   463 I PhoneLab-StatusMonitor: Status Monitoring is started
07-13 00:51:25.778   463   463 E PhoneLab-PhoneLabManifest: java.io.FileNotFoundException: /data/data/edu.buffalo.cse.phonelab.phonelabservices/files/manifest.xml: open failed: ENOENT (No such file or directory)
07-13 00:51:25.778   463   463 I PhoneLab-Locks: wake lock released
07-13 00:51:25.782   463  2002 I PhoneLab-Locks: wake lock acquired
07-13 00:51:25.786   463   463 I PhoneLab-UploadLogs: Transfering log files now
07-13 00:51:25.786   463   463 I PhoneLab-UploadLogs: No log files to transfer
07-13 00:51:25.786   463   463 I PhoneLab-Locks: wake lock released
07-13 00:51:25.790   463   463 I PhoneLab-UploadLogs: OnStartCommand
07-13 00:51:25.790   463  2002 I PhoneLab-PeriodicCheckService: Rescheduling periodic checking...
07-13 00:51:25.790   463  2002 I PhoneLab-Locks: wake lock released
07-13 00:53:24.064   463   952 I PhoneLab-: Service Running
07-13 00:53:24.138   463   952 I PhoneLab-LoggerService: app_49    957   463   1480   1112  c00f181c 400107b4 S logcat
07-13 00:53:24.138   463   952 I PhoneLab-LoggerService: Logcat pid from database 957
07-13 00:53:24.138   463   952 I PhoneLab-LoggerService: Logcat process found 957
07-13 00:53:24.138   463   952 I PhoneLab-LoggerService: Checking Threshold
07-13 00:55:24.064   463   952 I PhoneLab-: Service Running
07-13 00:55:24.142   463   952 I PhoneLab-LoggerService: app_49    957   463   1480   1112  c00f181c 400107b4 S logcat
07-13 00:55:24.142   463   952 I PhoneLab-LoggerService: Logcat pid from database 957
07-13 00:55:24.142   463   952 I PhoneLab-LoggerService: Logcat process found 957
07-13 00:55:24.142   463   952 I PhoneLab-LoggerService: Checking Threshold
07-13 00:56:19.524   856   858 D dalvikvm: GC_CONCURRENT freed 387K, 7% free 10252K/10951K, paused 1ms+3ms
07-13 00:57:15.282   145   147 D dalvikvm: GC_CONCURRENT freed 916K, 11% free 13123K/14727K, paused 17ms+5ms
07-13 00:57:24.064   463   952 I PhoneLab-: Service Running
07-13 00:57:24.142   463   952 I PhoneLab-LoggerService: app_49    957   463   1480   1112  c00f181c 400107b4 S logcat
07-13 00:57:24.142   463   952 I PhoneLab-LoggerService: Logcat pid from database 957
07-13 00:57:24.142   463   952 I PhoneLab-LoggerService: Logcat process found 957
07-13 00:57:24.146   463   952 I PhoneLab-LoggerService: Checking Threshold
07-13 00:58:48.005   145   161 V BackupManagerService: Running a backup pass
07-13 00:58:48.017   145   215 W BackupManagerService: Requested unavailable transport: com.google.android.backup/.BackupTransportService
07-13 00:58:48.017   145   215 V BackupManagerService: Backup requested but no transport available
07-13 00:59:24.064   463   952 I PhoneLab-: Service Running
07-13 00:59:24.153   463   952 I PhoneLab-LoggerService: app_49    957   463   1480   1112  c00f181c 400107b4 S logcat
07-13 00:59:24.153   463   952 I PhoneLab-LoggerService: Logcat pid from database 957
07-13 00:59:24.153   463   952 I PhoneLab-LoggerService: Logcat process found 957
07-13 00:59:24.153   463   952 I PhoneLab-LoggerService: Checking Threshold
07-13 01:01:24.064   463   952 I PhoneLab-: Service Running
07-13 01:01:24.153   463   952 I PhoneLab-LoggerService: app_49    957   463   1480   1112  c00f181c 400107b4 S logcat
07-13 01:01:24.153   463   952 I PhoneLab-LoggerService: Logcat pid from database 957
07-13 01:01:24.153   463   952 I PhoneLab-LoggerService: Logcat process found 957
07-13 01:01:24.153   463   952 I PhoneLab-LoggerService: Checking Threshold
07-13 01:01:24.161   463   464 D dalvikvm: GC_CONCURRENT freed 405K, 18% free 9149K/11079K, paused 1ms+1ms
07-13 01:03:24.064   463   952 I PhoneLab-: Service Running
07-13 01:03:24.138   463   952 I PhoneLab-LoggerService: app_49    957   463   1480   1112  c00f181c 400107b4 S logcat
07-13 01:03:24.138   463   952 I PhoneLab-LoggerService: Logcat pid from database 957
07-13 01:03:24.138   463   952 I PhoneLab-LoggerService: Logcat process found 957
07-13 01:03:24.138   463   952 I PhoneLab-LoggerService: Checking Threshold
07-13 01:05:24.064   463   952 I PhoneLab-: Service Running
07-13 01:05:24.153   463   952 I PhoneLab-LoggerService: app_49    957   463   1480   1112  c00f181c 400107b4 S logcat
07-13 01:05:24.153   463   952 I PhoneLab-LoggerService: Logcat pid from database 957
07-13 01:05:24.153   463   952 I PhoneLab-LoggerService: Logcat process found 957
07-13 01:05:24.153   463   952 I PhoneLab-LoggerService: Checking Threshold
07-13 01:07:24.067   463   952 I PhoneLab-: Service Running
07-13 01:07:24.138   463   952 I PhoneLab-LoggerService: app_49    957   463   1480   1112  c00f181c 400107b4 S logcat
07-13 01:07:24.138   463   952 I PhoneLab-LoggerService: Logcat pid from database 957
07-13 01:07:24.138   463   952 I PhoneLab-LoggerService: Logcat process found 957
07-13 01:07:24.138   463   952 I PhoneLab-LoggerService: Checking Threshold
07-13 01:09:15.173   494   496 D dalvikvm: GC_CONCURRENT freed 405K, 7% free 10167K/10823K, paused 2ms+4ms
07-13 01:09:24.064   463   952 I PhoneLab-: Service Running
07-13 01:09:24.142   463   952 I PhoneLab-LoggerService: app_49    957   463   1480   1112  c00f181c 400107b4 S logcat
07-13 01:09:24.142   463   952 I PhoneLab-LoggerService: Logcat pid from database 957
07-13 01:09:24.142   463   952 I PhoneLab-LoggerService: Logcat process found 957
07-13 01:09:24.142   463   952 I PhoneLab-LoggerService: Checking Threshold
07-13 01:10:00.161   145   147 D dalvikvm: GC_CONCURRENT freed 901K, 11% free 13131K/14727K, paused 18ms+5ms
07-13 01:11:24.064   463   952 I PhoneLab-: Service Running
07-13 01:11:24.134   463   952 I PhoneLab-LoggerService: app_49    957   463   1480   1112  c00f181c 400107b4 S logcat
07-13 01:11:24.138   463   952 I PhoneLab-LoggerService: Logcat pid from database 957
07-13 01:11:24.138   463   952 I PhoneLab-LoggerService: Logcat process found 957
07-13 01:11:24.138   463   952 I PhoneLab-LoggerService: Checking Threshold
07-13 01:13:24.064   463   952 I PhoneLab-: Service Running
07-13 01:13:24.138   463   952 I PhoneLab-LoggerService: app_49    957   463   1480   1112  c00f181c 400107b4 S logcat
07-13 01:13:24.138   463   952 I PhoneLab-LoggerService: Logcat pid from database 957
07-13 01:13:24.138   463   952 I PhoneLab-LoggerService: Logcat process found 957
07-13 01:13:24.138   463   952 I PhoneLab-LoggerService: Checking Threshold
07-13 01:15:24.064   463   952 I PhoneLab-: Service Running
07-13 01:15:24.142   463   952 I PhoneLab-LoggerService: app_49    957   463   1480   1112  c00f181c 400107b4 S logcat
07-13 01:15:24.142   463   952 I PhoneLab-LoggerService: Logcat pid from database 957
07-13 01:15:24.142   463   952 I PhoneLab-LoggerService: Logcat process found 957
07-13 01:15:24.142   463   952 I PhoneLab-LoggerService: Checking Threshold
07-13 01:15:48.458   856   858 D dalvikvm: GC_CONCURRENT freed 383K, 7% free 10256K/10951K, paused 15ms+3ms
07-13 01:17:24.064   463   952 I PhoneLab-: Service Running
07-13 01:17:24.150   463   952 I PhoneLab-LoggerService: app_49    957   463   1480   1112  c00f181c 400107b4 S logcat
07-13 01:17:24.150   463   952 I PhoneLab-LoggerService: Logcat pid from database 957
07-13 01:17:24.150   463   952 I PhoneLab-LoggerService: Logcat process found 957
07-13 01:17:24.150   463   952 I PhoneLab-LoggerService: Checking Threshold
07-13 01:17:24.157   463   464 D dalvikvm: GC_CONCURRENT freed 391K, 18% free 9149K/11079K, paused 2ms+2ms
07-13 01:19:24.064   463   952 I PhoneLab-: Service Running
07-13 01:19:24.142   463   952 I PhoneLab-LoggerService: app_49    957   463   1480   1112  c00f181c 400107b4 S logcat
07-13 01:19:24.146   463   952 I PhoneLab-LoggerService: Logcat pid from database 957
07-13 01:19:24.146   463   952 I PhoneLab-LoggerService: Logcat process found 957
07-13 01:19:24.146   463   952 I PhoneLab-LoggerService: Checking Threshold
07-13 01:21:06.235   494   969 I EventLogService: Aggregate from 1342155066104 (log), 1342155066104 (data)
07-13 01:21:24.064   463   952 I PhoneLab-: Service Running
07-13 01:21:24.134   463   952 I PhoneLab-LoggerService: app_49    957   463   1480   1112  c00f181c 400107b4 S logcat
07-13 01:21:24.138   463   952 I PhoneLab-LoggerService: Logcat pid from database 957
07-13 01:21:24.138   463   952 I PhoneLab-LoggerService: Logcat process found 957
07-13 01:21:24.138   463   952 I PhoneLab-LoggerService: Checking Threshold
07-13 01:21:25.810   463   463 I PhoneLab-Locks: wake lock acquired
07-13 01:21:25.853   463  2024 I PhoneLab-PeriodicCheckService: User info is synched
07-13 01:21:25.868   463  2024 I PhoneLab-PeriodicCheckService: Logger Service is running
07-13 01:21:25.880   463   463 I PhoneLab-Locks: wake lock acquired
07-13 01:21:25.884   463   463 I PhoneLab-StatusMonitor: Status Monitoring is started
07-13 01:21:25.888   463   463 E PhoneLab-PhoneLabManifest: java.io.FileNotFoundException: /data/data/edu.buffalo.cse.phonelab.phonelabservices/files/manifest.xml: open failed: ENOENT (No such file or directory)
07-13 01:21:25.888   463   463 I PhoneLab-Locks: wake lock released
07-13 01:21:25.892   463  2024 I PhoneLab-Locks: wake lock acquired
07-13 01:21:25.892   463   463 I PhoneLab-UploadLogs: Transfering log files now
07-13 01:21:25.892   463   463 I PhoneLab-UploadLogs: No log files to transfer
07-13 01:21:25.892   463   463 I PhoneLab-Locks: wake lock released
07-13 01:21:25.896   463   463 I PhoneLab-UploadLogs: OnStartCommand
07-13 01:21:25.896   463  2024 I PhoneLab-PeriodicCheckService: Rescheduling periodic checking...
07-13 01:21:25.896   463  2024 I PhoneLab-Locks: wake lock released
07-13 01:21:35.880   145   147 D dalvikvm: GC_CONCURRENT freed 917K, 11% free 13127K/14727K, paused 16ms+6ms
07-13 01:23:24.064   463   952 I PhoneLab-: Service Running
07-13 01:23:24.165   463   952 I PhoneLab-LoggerService: app_49    957   463   1480   1112  c00f181c 400107b4 S logcat
07-13 01:23:24.165   463   952 I PhoneLab-LoggerService: Logcat pid from database 957
07-13 01:23:24.165   463   952 I PhoneLab-LoggerService: Logcat process found 957
07-13 01:23:24.165   463   952 I PhoneLab-LoggerService: Checking Threshold
07-13 01:25:24.064   463   952 I PhoneLab-: Service Running
07-13 01:25:24.165   463   952 I PhoneLab-LoggerService: app_49    957   463   1480   1112  c00f181c 400107b4 S logcat
07-13 01:25:24.165   463   952 I PhoneLab-LoggerService: Logcat pid from database 957
07-13 01:25:24.165   463   952 I PhoneLab-LoggerService: Logcat process found 957
07-13 01:25:24.165   463   952 I PhoneLab-LoggerService: Checking Threshold
07-13 01:27:06.177   494   496 D dalvikvm: GC_CONCURRENT freed 383K, 7% free 10168K/10823K, paused 2ms+4ms
07-13 01:27:24.064   463   952 I PhoneLab-: Service Running
07-13 01:27:24.134   463   952 I PhoneLab-LoggerService: app_49    957   463   1480   1112  c00f181c 400107b4 S logcat
07-13 01:27:24.138   463   952 I PhoneLab-LoggerService: Logcat pid from database 957
07-13 01:27:24.138   463   952 I PhoneLab-LoggerService: Logcat process found 957
07-13 01:27:24.138   463   952 I PhoneLab-LoggerService: Checking Threshold
07-13 01:29:24.064   463   952 I PhoneLab-: Service Running
07-13 01:29:24.153   463   952 I PhoneLab-LoggerService: app_49    957   463   1480   1112  c00f181c 400107b4 S logcat
07-13 01:29:24.153   463   952 I PhoneLab-LoggerService: Logcat pid from database 957
07-13 01:29:24.153   463   952 I PhoneLab-LoggerService: Logcat process found 957
07-13 01:29:24.153   463   952 I PhoneLab-LoggerService: Checking Threshold
07-13 01:31:24.064   463   952 I PhoneLab-: Service Running
07-13 01:31:24.157   463   952 I PhoneLab-LoggerService: app_49    957   463   1480   1112  c00f181c 400107b4 S logcat
07-13 01:31:24.157   463   952 I PhoneLab-LoggerService: Logcat pid from database 957
07-13 01:31:24.157   463   952 I PhoneLab-LoggerService: Logcat process found 957
07-13 01:31:24.157   463   952 I PhoneLab-LoggerService: Checking Threshold
07-13 01:31:24.161   463   464 D dalvikvm: GC_CONCURRENT freed 406K, 18% free 9149K/11079K, paused 2ms+2ms
07-13 01:33:24.064   463   952 I PhoneLab-: Service Running
07-13 01:33:24.169   463   952 I PhoneLab-LoggerService: app_49    957   463   1480   1112  c00f181c 400107b4 S logcat
07-13 01:33:24.169   463   952 I PhoneLab-LoggerService: Logcat pid from database 957
07-13 01:33:24.169   463   952 I PhoneLab-LoggerService: Logcat process found 957
07-13 01:33:24.169   463   952 I PhoneLab-LoggerService: Checking Threshold
07-13 01:34:30.763   856   858 D dalvikvm: GC_CONCURRENT freed 385K, 7% free 10256K/10951K, paused 12ms+3ms
07-13 01:34:46.306   145   147 D dalvikvm: GC_CONCURRENT freed 890K, 11% free 13144K/14727K, paused 17ms+6ms
07-13 01:35:24.064   463   952 I PhoneLab-: Service Running
07-13 01:35:24.146   463   952 I PhoneLab-LoggerService: app_49    957   463   1480   1112  c00f181c 400107b4 S logcat
07-13 01:35:24.146   463   952 I PhoneLab-LoggerService: Logcat pid from database 957
07-13 01:35:24.146   463   952 I PhoneLab-LoggerService: Logcat process found 957
07-13 01:35:24.146   463   952 I PhoneLab-LoggerService: Checking Threshold
07-13 01:36:00.095   216   218 D dalvikvm: GC_CONCURRENT freed 389K, 31% free 9660K/13895K, paused 1ms+3ms
07-13 01:37:24.064   463   952 I PhoneLab-: Service Running
07-13 01:37:24.138   463   952 I PhoneLab-LoggerService: app_49    957   463   1480   1112  c00f181c 400107b4 S logcat
07-13 01:37:24.138   463   952 I PhoneLab-LoggerService: Logcat pid from database 957
07-13 01:37:24.138   463   952 I PhoneLab-LoggerService: Logcat process found 957
07-13 01:37:24.138   463   952 I PhoneLab-LoggerService: Checking Threshold
07-13 01:39:24.064   463   952 I PhoneLab-: Service Running
07-13 01:39:24.157   463   952 I PhoneLab-LoggerService: app_49    957   463   1480   1112  c00f181c 400107b4 S logcat
07-13 01:39:24.157   463   952 I PhoneLab-LoggerService: Logcat pid from database 957
07-13 01:39:24.157   463   952 I PhoneLab-LoggerService: Logcat process found 957
07-13 01:39:24.157   463   952 I PhoneLab-LoggerService: Checking Threshold
07-13 01:41:24.064   463   952 I PhoneLab-: Service Running
07-13 01:41:24.157   463   952 I PhoneLab-LoggerService: app_49    957   463   1480   1112  c00f181c 400107b4 S logcat
07-13 01:41:24.157   463   952 I PhoneLab-LoggerService: Logcat pid from database 957
07-13 01:41:24.157   463   952 I PhoneLab-LoggerService: Logcat process found 957
07-13 01:41:24.157   463   952 I PhoneLab-LoggerService: Checking Threshold
07-13 01:43:24.064   463   952 I PhoneLab-: Service Running
07-13 01:43:24.134   463   952 I PhoneLab-LoggerService: app_49    957   463   1480   1112  c00f181c 400107b4 S logcat
07-13 01:43:24.138   463   952 I PhoneLab-LoggerService: Logcat pid from database 957
07-13 01:43:24.138   463   952 I PhoneLab-LoggerService: Logcat process found 957
07-13 01:43:24.138   463   952 I PhoneLab-LoggerService: Checking Threshold
07-13 01:45:24.064   463   952 I PhoneLab-: Service Running
07-13 01:45:24.157   463   952 I PhoneLab-LoggerService: app_49    957   463   1480   1112  c00f181c 400107b4 S logcat
07-13 01:45:24.157   463   952 I PhoneLab-LoggerService: Logcat pid from database 957
07-13 01:45:24.157   463   952 I PhoneLab-LoggerService: Logcat process found 957
07-13 01:45:24.157   463   952 I PhoneLab-LoggerService: Checking Threshold
07-13 01:47:24.064   463   952 I PhoneLab-: Service Running
07-13 01:47:24.153   463   952 I PhoneLab-LoggerService: app_49    957   463   1480   1112  c00f181c 400107b4 S logcat
07-13 01:47:24.153   463   952 I PhoneLab-LoggerService: Logcat pid from database 957
07-13 01:47:24.153   463   952 I PhoneLab-LoggerService: Logcat process found 957
07-13 01:47:24.153   463   952 I PhoneLab-LoggerService: Checking Threshold
07-13 01:47:24.161   463   464 D dalvikvm: GC_CONCURRENT freed 391K, 18% free 9149K/11079K, paused 2ms+2ms
07-13 01:47:26.341   145   147 D dalvikvm: GC_CONCURRENT freed 920K, 11% free 13129K/14727K, paused 2ms+6ms
07-13 01:49:24.064   463   952 I PhoneLab-: Service Running
07-13 01:49:24.165   463   952 I PhoneLab-LoggerService: app_49    957   463   1480   1112  c00f181c 400107b4 S logcat
07-13 01:49:24.169   463   952 I PhoneLab-LoggerService: Logcat pid from database 957
07-13 01:49:24.169   463   952 I PhoneLab-LoggerService: Logcat process found 957
07-13 01:49:24.169   463   952 I PhoneLab-LoggerService: Checking Threshold
07-13 01:50:33.192   494   496 D dalvikvm: GC_CONCURRENT freed 369K, 6% free 10191K/10823K, paused 2ms+5ms
07-13 01:50:46.392   317   320 D dalvikvm: GC_CONCURRENT freed 380K, 6% free 9453K/10055K, paused 10ms+3ms
07-13 01:51:06.357   494   622 I EventLogService: Aggregate from 1342156866239 (log), 1342156866239 (data)
07-13 01:51:24.064   463   952 I PhoneLab-: Service Running
07-13 01:51:24.157   463   952 I PhoneLab-LoggerService: app_49    957   463   1480   1112  c00f181c 400107b4 S logcat
07-13 01:51:24.157   463   952 I PhoneLab-LoggerService: Logcat pid from database 957
07-13 01:51:24.157   463   952 I PhoneLab-LoggerService: Logcat process found 957
07-13 01:51:24.157   463   952 I PhoneLab-LoggerService: Checking Threshold
07-13 01:51:25.915   463   463 I PhoneLab-Locks: wake lock acquired
07-13 01:51:25.954   463  2047 I PhoneLab-PeriodicCheckService: User info is synched
07-13 01:51:25.954   463  2047 I PhoneLab-PeriodicCheckService: Logger Service is running
07-13 01:51:25.958   463   463 I PhoneLab-Locks: wake lock acquired
07-13 01:51:25.962   463   463 I PhoneLab-StatusMonitor: Status Monitoring is started
07-13 01:51:25.962   463   463 E PhoneLab-PhoneLabManifest: java.io.FileNotFoundException: /data/data/edu.buffalo.cse.phonelab.phonelabservices/files/manifest.xml: open failed: ENOENT (No such file or directory)
07-13 01:51:25.962   463   463 I PhoneLab-Locks: wake lock released
07-13 01:51:25.966   463  2047 I PhoneLab-Locks: wake lock acquired
07-13 01:51:25.970   463   463 I PhoneLab-UploadLogs: Transfering log files now
07-13 01:51:25.970   463   463 I PhoneLab-UploadLogs: No log files to transfer
07-13 01:51:25.970   463   463 I PhoneLab-Locks: wake lock released
07-13 01:51:25.970   463  2047 I PhoneLab-PeriodicCheckService: Rescheduling periodic checking...
07-13 01:51:25.970   463   463 I PhoneLab-UploadLogs: OnStartCommand
07-13 01:51:25.974   463  2047 I PhoneLab-Locks: wake lock released
07-13 01:52:37.263   856   858 D dalvikvm: GC_CONCURRENT freed 391K, 7% free 10249K/10951K, paused 2ms+3ms
07-13 01:53:17.126   145   443 D dalvikvm: GC_EXPLICIT freed 652K, 12% free 13064K/14727K, paused 20ms+5ms
07-13 01:53:24.064   463   952 I PhoneLab-: Service Running
07-13 01:53:24.157   463   952 I PhoneLab-LoggerService: app_49    957   463   1480   1112  c00f181c 400107b4 S logcat
07-13 01:53:24.157   463   952 I PhoneLab-LoggerService: Logcat pid from database 957
07-13 01:53:24.157   463   952 I PhoneLab-LoggerService: Logcat process found 957
07-13 01:53:24.157   463   952 I PhoneLab-LoggerService: Checking Threshold
07-13 01:55:24.064   463   952 I PhoneLab-: Service Running
07-13 01:55:24.146   463   952 I PhoneLab-LoggerService: app_49    957   463   1480   1112  c00f181c 400107b4 S logcat
07-13 01:55:24.146   463   952 I PhoneLab-LoggerService: Logcat pid from database 957
07-13 01:55:24.146   463   952 I PhoneLab-LoggerService: Logcat process found 957
07-13 01:55:24.146   463   952 I PhoneLab-LoggerService: Checking Threshold
07-13 01:57:24.064   463   952 I PhoneLab-: Service Running
07-13 01:57:24.153   463   952 I PhoneLab-LoggerService: app_49    957   463   1480   1112  c00f181c 400107b4 S logcat
07-13 01:57:24.153   463   952 I PhoneLab-LoggerService: Logcat pid from database 957
07-13 01:57:24.153   463   952 I PhoneLab-LoggerService: Logcat process found 957
07-13 01:57:24.153   463   952 I PhoneLab-LoggerService: Checking Threshold
07-13 01:59:24.064   463   952 I PhoneLab-: Service Running
07-13 01:59:24.146   463   952 I PhoneLab-LoggerService: app_49    957   463   1480   1112  c00f181c 400107b4 S logcat
07-13 01:59:24.146   463   952 I PhoneLab-LoggerService: Logcat pid from database 957
07-13 01:59:24.146   463   952 I PhoneLab-LoggerService: Logcat process found 957
07-13 01:59:24.146   463   952 I PhoneLab-LoggerService: Checking Threshold
07-13 02:01:24.064   463   952 I PhoneLab-: Service Running
07-13 02:01:24.169   463   952 I PhoneLab-LoggerService: app_49    957   463   1480   1112  c00f181c 400107b4 S logcat
07-13 02:01:24.169   463   952 I PhoneLab-LoggerService: Logcat pid from database 957
07-13 02:01:24.169   463   952 I PhoneLab-LoggerService: Logcat process found 957
07-13 02:01:24.169   463   952 I PhoneLab-LoggerService: Checking Threshold
07-13 02:01:24.173   463   464 D dalvikvm: GC_CONCURRENT freed 406K, 18% free 9149K/11079K, paused 1ms+2ms
07-13 02:01:28.931   145   161 V BackupManagerService: Running a backup pass
07-13 02:01:28.942   145   215 W BackupManagerService: Requested unavailable transport: com.google.android.backup/.BackupTransportService
07-13 02:01:28.942   145   215 V BackupManagerService: Backup requested but no transport available
07-13 02:03:24.064   463   952 I PhoneLab-: Service Running
07-13 02:03:24.138   463   952 I PhoneLab-LoggerService: app_49    957   463   1480   1112  c00f181c 400107b4 S logcat
07-13 02:03:24.138   463   952 I PhoneLab-LoggerService: Logcat pid from database 957
07-13 02:03:24.138   463   952 I PhoneLab-LoggerService: Logcat process found 957
07-13 02:03:24.138   463   952 I PhoneLab-LoggerService: Checking Threshold
07-13 02:05:24.064   463   952 I PhoneLab-: Service Running
07-13 02:05:24.138   463   952 I PhoneLab-LoggerService: app_49    957   463   1480   1112  c00f181c 400107b4 S logcat
07-13 02:05:24.138   463   952 I PhoneLab-LoggerService: Logcat pid from database 957
07-13 02:05:24.138   463   952 I PhoneLab-LoggerService: Logcat process found 957
07-13 02:05:24.138   463   952 I PhoneLab-LoggerService: Checking Threshold
07-13 02:05:56.935   145   147 D dalvikvm: GC_CONCURRENT freed 819K, 11% free 13139K/14727K, paused 17ms+6ms
07-13 02:07:24.064   463   952 I PhoneLab-: Service Running
07-13 02:07:24.146   463   952 I PhoneLab-LoggerService: app_49    957   463   1480   1112  c00f181c 400107b4 S logcat
07-13 02:07:24.146   463   952 I PhoneLab-LoggerService: Logcat pid from database 957
07-13 02:07:24.146   463   952 I PhoneLab-LoggerService: Logcat process found 957
07-13 02:07:24.150   463   952 I PhoneLab-LoggerService: Checking Threshold
07-13 02:08:12.966   494   496 D dalvikvm: GC_CONCURRENT freed 405K, 7% free 10172K/10823K, paused 1ms+4ms
07-13 02:09:24.064   463   952 I PhoneLab-: Service Running
07-13 02:09:24.157   463   952 I PhoneLab-LoggerService: app_49    957   463   1480   1112  c00f181c 400107b4 S logcat
07-13 02:09:24.157   463   952 I PhoneLab-LoggerService: Logcat pid from database 957
07-13 02:09:24.157   463   952 I PhoneLab-LoggerService: Logcat process found 957
07-13 02:09:24.157   463   952 I PhoneLab-LoggerService: Checking Threshold
07-13 02:11:04.017   856   858 D dalvikvm: GC_CONCURRENT freed 378K, 7% free 10255K/10951K, paused 6ms+3ms
07-13 02:11:24.068   463   952 I PhoneLab-: Service Running
07-13 02:11:24.142   463   952 I PhoneLab-LoggerService: app_49    957   463   1480   1112  c00f181c 400107b4 S logcat
07-13 02:11:24.142   463   952 I PhoneLab-LoggerService: Logcat pid from database 957
07-13 02:11:24.142   463   952 I PhoneLab-LoggerService: Logcat process found 957
07-13 02:11:24.142   463   952 I PhoneLab-LoggerService: Checking Threshold
07-13 02:13:24.064   463   952 I PhoneLab-: Service Running
07-13 02:13:24.146   463   952 I PhoneLab-LoggerService: app_49    957   463   1480   1112  c00f181c 400107b4 S logcat
07-13 02:13:24.146   463   952 I PhoneLab-LoggerService: Logcat pid from database 957
07-13 02:13:24.146   463   952 I PhoneLab-LoggerService: Logcat process found 957
07-13 02:13:24.146   463   952 I PhoneLab-LoggerService: Checking Threshold
07-13 02:15:24.064   463   952 I PhoneLab-: Service Running
07-13 02:15:24.157   463   952 I PhoneLab-LoggerService: app_49    957   463   1480   1112  c00f181c 400107b4 S logcat
07-13 02:15:24.157   463   952 I PhoneLab-LoggerService: Logcat pid from database 957
07-13 02:15:24.157   463   952 I PhoneLab-LoggerService: Logcat process found 957
07-13 02:15:24.157   463   952 I PhoneLab-LoggerService: Checking Threshold
07-13 02:17:24.064   463   952 I PhoneLab-: Service Running
07-13 02:17:24.146   463   952 I PhoneLab-LoggerService: app_49    957   463   1480   1112  c00f181c 400107b4 S logcat
07-13 02:17:24.146   463   952 I PhoneLab-LoggerService: Logcat pid from database 957
07-13 02:17:24.146   463   952 I PhoneLab-LoggerService: Logcat process found 957
07-13 02:17:24.146   463   952 I PhoneLab-LoggerService: Checking Threshold
07-13 02:17:24.153   463   464 D dalvikvm: GC_CONCURRENT freed 391K, 18% free 9149K/11079K, paused 1ms+2ms
07-13 02:19:24.064   463   952 I PhoneLab-: Service Running
07-13 02:19:24.157   463   952 I PhoneLab-LoggerService: app_49    957   463   1480   1112  c00f181c 400107b4 S logcat
07-13 02:19:24.157   463   952 I PhoneLab-LoggerService: Logcat pid from database 957
07-13 02:19:24.157   463   952 I PhoneLab-LoggerService: Logcat process found 957
07-13 02:19:24.157   463   952 I PhoneLab-LoggerService: Checking Threshold
07-13 02:20:00.142   145   147 D dalvikvm: GC_CONCURRENT freed 906K, 11% free 13144K/14727K, paused 2ms+6ms
07-13 02:20:07.153   216   218 D dalvikvm: GC_CONCURRENT freed 386K, 31% free 9659K/13895K, paused 2ms+2ms
07-13 02:21:06.458   494   627 I EventLogService: Aggregate from 1342158666360 (log), 1342158666360 (data)
07-13 02:21:24.064   463   952 I PhoneLab-: Service Running
07-13 02:21:24.146   463   952 I PhoneLab-LoggerService: app_49    957   463   1480   1112  c00f181c 400107b4 S logcat
07-13 02:21:24.146   463   952 I PhoneLab-LoggerService: Logcat pid from database 957
07-13 02:21:24.146   463   952 I PhoneLab-LoggerService: Logcat process found 957
07-13 02:21:24.146   463   952 I PhoneLab-LoggerService: Checking Threshold
07-13 02:21:25.997   463   463 I PhoneLab-Locks: wake lock acquired
07-13 02:21:26.036   463  2069 I PhoneLab-PeriodicCheckService: User info is synched
07-13 02:21:26.036   463  2069 I PhoneLab-PeriodicCheckService: Logger Service is running
07-13 02:21:26.040   463   463 I PhoneLab-Locks: wake lock acquired
07-13 02:21:26.044   463   463 I PhoneLab-StatusMonitor: Status Monitoring is started
07-13 02:21:26.044   463   463 E PhoneLab-PhoneLabManifest: java.io.FileNotFoundException: /data/data/edu.buffalo.cse.phonelab.phonelabservices/files/manifest.xml: open failed: ENOENT (No such file or directory)
07-13 02:21:26.044   463   463 I PhoneLab-Locks: wake lock released
07-13 02:21:26.052   463  2069 I PhoneLab-Locks: wake lock acquired
07-13 02:21:26.052   463   463 I PhoneLab-UploadLogs: Transfering log files now
07-13 02:21:26.052   463   463 I PhoneLab-UploadLogs: No log files to transfer
07-13 02:21:26.052   463   463 I PhoneLab-Locks: wake lock released
07-13 02:21:26.056   463   463 I PhoneLab-UploadLogs: OnStartCommand
07-13 02:21:26.056   463  2069 I PhoneLab-PeriodicCheckService: Rescheduling periodic checking...
07-13 02:21:26.056   463  2069 I PhoneLab-Locks: wake lock released
07-13 02:23:24.064   463   952 I PhoneLab-: Service Running
07-13 02:23:24.169   463   952 I PhoneLab-LoggerService: app_49    957   463   1480   1112  c00f181c 400107b4 S logcat
07-13 02:23:24.169   463   952 I PhoneLab-LoggerService: Logcat pid from database 957
07-13 02:23:24.169   463   952 I PhoneLab-LoggerService: Logcat process found 957
07-13 02:23:24.169   463   952 I PhoneLab-LoggerService: Checking Threshold
07-13 02:25:24.064   463   952 I PhoneLab-: Service Running
07-13 02:25:24.146   463   952 I PhoneLab-LoggerService: app_49    957   463   1480   1112  c00f181c 400107b4 S logcat
07-13 02:25:24.146   463   952 I PhoneLab-LoggerService: Logcat pid from database 957
07-13 02:25:24.146   463   952 I PhoneLab-LoggerService: Logcat process found 957
07-13 02:25:24.146   463   952 I PhoneLab-LoggerService: Checking Threshold
07-13 02:26:35.068   494   496 D dalvikvm: GC_CONCURRENT freed 388K, 7% free 10170K/10823K, paused 12ms+4ms
07-13 02:27:24.064   463   952 I PhoneLab-: Service Running
07-13 02:27:24.146   463   952 I PhoneLab-LoggerService: app_49    957   463   1480   1112  c00f181c 400107b4 S logcat
07-13 02:27:24.146   463   952 I PhoneLab-LoggerService: Logcat pid from database 957
07-13 02:27:24.146   463   952 I PhoneLab-LoggerService: Logcat process found 957
07-13 02:27:24.146   463   952 I PhoneLab-LoggerService: Checking Threshold
07-13 02:29:24.064   463   952 I PhoneLab-: Service Running
07-13 02:29:24.157   463   952 I PhoneLab-LoggerService: app_49    957   463   1480   1112  c00f181c 400107b4 S logcat
07-13 02:29:24.157   463   952 I PhoneLab-LoggerService: Logcat pid from database 957
07-13 02:29:24.157   463   952 I PhoneLab-LoggerService: Logcat process found 957
07-13 02:29:24.157   463   952 I PhoneLab-LoggerService: Checking Threshold
07-13 02:30:01.775   856   858 D dalvikvm: GC_CONCURRENT freed 386K, 7% free 10254K/10951K, paused 13ms+3ms
07-13 02:31:19.560   145   147 D dalvikvm: GC_CONCURRENT freed 922K, 11% free 13128K/14727K, paused 17ms+5ms
07-13 02:31:24.064   463   952 I PhoneLab-: Service Running
07-13 02:31:24.169   463   952 I PhoneLab-LoggerService: app_49    957   463   1480   1112  c00f181c 400107b4 S logcat
07-13 02:31:24.169   463   952 I PhoneLab-LoggerService: Logcat pid from database 957
07-13 02:31:24.169   463   952 I PhoneLab-LoggerService: Logcat process found 957
07-13 02:31:24.169   463   952 I PhoneLab-LoggerService: Checking Threshold
07-13 02:31:24.169   463   464 D dalvikvm: GC_CONCURRENT freed 394K, 18% free 9160K/11079K, paused 1ms+3ms
07-13 02:33:24.064   463   952 I PhoneLab-: Service Running
07-13 02:33:24.165   463   952 I PhoneLab-LoggerService: app_49    957   463   1480   1112  c00f181c 400107b4 S logcat
07-13 02:33:24.169   463   952 I PhoneLab-LoggerService: Logcat pid from database 957
07-13 02:33:24.169   463   952 I PhoneLab-LoggerService: Logcat process found 957
07-13 02:33:24.169   463   952 I PhoneLab-LoggerService: Checking Threshold
07-13 02:35:24.064   463   952 I PhoneLab-: Service Running
07-13 02:35:24.157   463   952 I PhoneLab-LoggerService: app_49    957   463   1480   1112  c00f181c 400107b4 S logcat
07-13 02:35:24.157   463   952 I PhoneLab-LoggerService: Logcat pid from database 957
07-13 02:35:24.157   463   952 I PhoneLab-LoggerService: Logcat process found 957
07-13 02:35:24.157   463   952 I PhoneLab-LoggerService: Checking Threshold
07-13 02:37:24.064   463   952 I PhoneLab-: Service Running
07-13 02:37:24.146   463   952 I PhoneLab-LoggerService: app_49    957   463   1480   1112  c00f181c 400107b4 S logcat
07-13 02:37:24.146   463   952 I PhoneLab-LoggerService: Logcat pid from database 957
07-13 02:37:24.146   463   952 I PhoneLab-LoggerService: Logcat process found 957
07-13 02:37:24.146   463   952 I PhoneLab-LoggerService: Checking Threshold
07-13 02:39:24.064   463   952 I PhoneLab-: Service Running
07-13 02:39:24.157   463   952 I PhoneLab-LoggerService: app_49    957   463   1480   1112  c00f181c 400107b4 S logcat
07-13 02:39:24.157   463   952 I PhoneLab-LoggerService: Logcat pid from database 957
07-13 02:39:24.157   463   952 I PhoneLab-LoggerService: Logcat process found 957
07-13 02:39:24.157   463   952 I PhoneLab-LoggerService: Checking Threshold
07-13 02:41:24.064   463   952 I PhoneLab-: Service Running
07-13 02:41:24.153   463   952 I PhoneLab-LoggerService: app_49    957   463   1480   1112  c00f181c 400107b4 S logcat
07-13 02:41:24.153   463   952 I PhoneLab-LoggerService: Logcat pid from database 957
07-13 02:41:24.153   463   952 I PhoneLab-LoggerService: Logcat process found 957
07-13 02:41:24.153   463   952 I PhoneLab-LoggerService: Checking Threshold
07-13 02:42:57.454   145   147 D dalvikvm: GC_CONCURRENT freed 901K, 11% free 13131K/14727K, paused 17ms+6ms
07-13 02:43:24.064   463   952 I PhoneLab-: Service Running
07-13 02:43:24.157   463   952 I PhoneLab-LoggerService: app_49    957   463   1480   1112  c00f181c 400107b4 S logcat
07-13 02:43:24.157   463   952 I PhoneLab-LoggerService: Logcat pid from database 957
07-13 02:43:24.157   463   952 I PhoneLab-LoggerService: Logcat process found 957
07-13 02:43:24.157   463   952 I PhoneLab-LoggerService: Checking Threshold
07-13 02:45:24.064   463   952 I PhoneLab-: Service Running
07-13 02:45:24.165   463   952 I PhoneLab-LoggerService: app_49    957   463   1480   1112  c00f181c 400107b4 S logcat
07-13 02:45:24.165   463   952 I PhoneLab-LoggerService: Logcat pid from database 957
07-13 02:45:24.169   463   952 I PhoneLab-LoggerService: Logcat process found 957
07-13 02:45:24.169   463   952 I PhoneLab-LoggerService: Checking Threshold
07-13 02:47:24.064   463   952 I PhoneLab-: Service Running
07-13 02:47:24.177   463   952 I PhoneLab-LoggerService: app_49    957   463   1480   1112  c00f181c 400107b4 S logcat
07-13 02:47:24.177   463   952 I PhoneLab-LoggerService: Logcat pid from database 957
07-13 02:47:24.177   463   952 I PhoneLab-LoggerService: Logcat process found 957
07-13 02:47:24.177   463   952 I PhoneLab-LoggerService: Checking Threshold
07-13 02:47:24.185   463   464 D dalvikvm: GC_CONCURRENT freed 401K, 18% free 9150K/11079K, paused 2ms+2ms
07-13 02:48:12.966   856   858 D dalvikvm: GC_CONCURRENT freed 384K, 7% free 10254K/10951K, paused 2ms+3ms
07-13 02:49:24.064   463   952 I PhoneLab-: Service Running
07-13 02:49:24.130   463   952 I PhoneLab-LoggerService: app_49    957   463   1480   1112  c00f181c 400107b4 S logcat
07-13 02:49:24.134   463   952 I PhoneLab-LoggerService: Logcat pid from database 957
07-13 02:49:24.134   463   952 I PhoneLab-LoggerService: Logcat process found 957
07-13 02:49:24.134   463   952 I PhoneLab-LoggerService: Checking Threshold
07-13 02:50:01.810   494   496 D dalvikvm: GC_CONCURRENT freed 365K, 6% free 10191K/10823K, paused 22ms+4ms
07-13 02:51:06.564   494   757 I EventLogService: Aggregate from 1342160466460 (log), 1342160466460 (data)
07-13 02:51:24.064   463   952 I PhoneLab-: Service Running
07-13 02:51:24.138   463   952 I PhoneLab-LoggerService: app_49    957   463   1480   1112  c00f181c 400107b4 S logcat
07-13 02:51:24.138   463   952 I PhoneLab-LoggerService: Logcat pid from database 957
07-13 02:51:24.138   463   952 I PhoneLab-LoggerService: Logcat process found 957
07-13 02:51:24.138   463   952 I PhoneLab-LoggerService: Checking Threshold
07-13 02:51:26.091   463   463 I PhoneLab-Locks: wake lock acquired
07-13 02:51:26.126   463  2088 I PhoneLab-PeriodicCheckService: User info is synched
07-13 02:51:26.126   463  2088 I PhoneLab-PeriodicCheckService: Logger Service is running
07-13 02:51:26.130   463   463 I PhoneLab-Locks: wake lock acquired
07-13 02:51:26.134   463   463 I PhoneLab-StatusMonitor: Status Monitoring is started
07-13 02:51:26.134   463   463 E PhoneLab-PhoneLabManifest: java.io.FileNotFoundException: /data/data/edu.buffalo.cse.phonelab.phonelabservices/files/manifest.xml: open failed: ENOENT (No such file or directory)
07-13 02:51:26.134   463   463 I PhoneLab-Locks: wake lock released
07-13 02:51:26.138   463  2088 I PhoneLab-Locks: wake lock acquired
07-13 02:51:26.142   463   463 I PhoneLab-UploadLogs: Transfering log files now
07-13 02:51:26.142   463   463 I PhoneLab-UploadLogs: No log files to transfer
07-13 02:51:26.142   463   463 I PhoneLab-Locks: wake lock released
07-13 02:51:26.146   463   463 I PhoneLab-UploadLogs: OnStartCommand
07-13 02:51:26.146   463  2088 I PhoneLab-PeriodicCheckService: Rescheduling periodic checking...
07-13 02:51:26.146   463  2088 I PhoneLab-Locks: wake lock released
07-13 02:52:16.259   145   147 D dalvikvm: GC_CONCURRENT freed 928K, 11% free 13110K/14727K, paused 17ms+5ms
07-13 02:53:24.064   463   952 I PhoneLab-: Service Running
07-13 02:53:24.134   463   952 I PhoneLab-LoggerService: app_49    957   463   1480   1112  c00f181c 400107b4 S logcat
07-13 02:53:24.138   463   952 I PhoneLab-LoggerService: Logcat pid from database 957
07-13 02:53:24.138   463   952 I PhoneLab-LoggerService: Logcat process found 957
07-13 02:53:24.138   463   952 I PhoneLab-LoggerService: Checking Threshold
07-13 02:55:24.064   463   952 I PhoneLab-: Service Running
07-13 02:55:24.146   463   952 I PhoneLab-LoggerService: app_49    957   463   1480   1112  c00f181c 400107b4 S logcat
07-13 02:55:24.146   463   952 I PhoneLab-LoggerService: Logcat pid from database 957
07-13 02:55:24.146   463   952 I PhoneLab-LoggerService: Logcat process found 957
07-13 02:55:24.146   463   952 I PhoneLab-LoggerService: Checking Threshold
07-13 02:57:24.060   463   952 I PhoneLab-: Service Running
07-13 02:57:24.157   463   952 I PhoneLab-LoggerService: app_49    957   463   1480   1112  c00f181c 400107b4 S logcat
07-13 02:57:24.157   463   952 I PhoneLab-LoggerService: Logcat pid from database 957
07-13 02:57:24.157   463   952 I PhoneLab-LoggerService: Logcat process found 957
07-13 02:57:24.157   463   952 I PhoneLab-LoggerService: Checking Threshold
07-13 02:57:37.173   577   579 D dalvikvm: GC_CONCURRENT freed 228K, 4% free 9239K/9543K, paused 2ms+2ms
07-13 02:57:37.259   577   584 I dalvikvm: Total arena pages for JIT: 11
07-13 02:57:37.259   577   584 I dalvikvm: Total arena pages for JIT: 12
07-13 02:57:37.259   577   584 I dalvikvm: Total arena pages for JIT: 13
07-13 02:57:37.259   577   584 I dalvikvm: Total arena pages for JIT: 14
07-13 02:57:37.259   577   584 I dalvikvm: Total arena pages for JIT: 15
07-13 02:57:37.263   577   584 I dalvikvm: Total arena pages for JIT: 16
07-13 02:57:37.263   577   584 I dalvikvm: Total arena pages for JIT: 17
07-13 02:57:37.275   577   584 I dalvikvm: Total arena pages for JIT: 18
07-13 02:59:24.064   463   952 I PhoneLab-: Service Running
07-13 02:59:24.157   463   952 I PhoneLab-LoggerService: app_49    957   463   1480   1112  c00f181c 400107b4 S logcat
07-13 02:59:24.157   463   952 I PhoneLab-LoggerService: Logcat pid from database 957
07-13 02:59:24.157   463   952 I PhoneLab-LoggerService: Logcat process found 957
07-13 02:59:24.157   463   952 I PhoneLab-LoggerService: Checking Threshold
07-13 03:01:24.064   463   952 I PhoneLab-: Service Running
07-13 03:01:24.157   463   952 I PhoneLab-LoggerService: app_49    957   463   1480   1112  c00f181c 400107b4 S logcat
07-13 03:01:24.157   463   952 I PhoneLab-LoggerService: Logcat pid from database 957
07-13 03:01:24.157   463   952 I PhoneLab-LoggerService: Logcat process found 957
07-13 03:01:24.157   463   952 I PhoneLab-LoggerService: Checking Threshold
07-13 03:01:24.157   463   464 D dalvikvm: GC_CONCURRENT freed 406K, 18% free 9149K/11079K, paused 2ms+2ms
07-13 03:03:00.107   216   218 D dalvikvm: GC_CONCURRENT freed 387K, 31% free 9659K/13895K, paused 17ms+3ms
07-13 03:03:24.064   463   952 I PhoneLab-: Service Running
07-13 03:03:24.169   463   952 I PhoneLab-LoggerService: app_49    957   463   1480   1112  c00f181c 400107b4 S logcat
07-13 03:03:24.169   463   952 I PhoneLab-LoggerService: Logcat pid from database 957
07-13 03:03:24.169   463   952 I PhoneLab-LoggerService: Logcat process found 957
07-13 03:03:24.169   463   952 I PhoneLab-LoggerService: Checking Threshold
07-13 03:04:09.857   145   161 V BackupManagerService: Running a backup pass
07-13 03:04:09.872   145   215 W BackupManagerService: Requested unavailable transport: com.google.android.backup/.BackupTransportService
07-13 03:04:09.872   145   215 V BackupManagerService: Backup requested but no transport available
07-13 03:04:46.521   145   147 D dalvikvm: GC_CONCURRENT freed 860K, 11% free 13149K/14727K, paused 18ms+5ms
07-13 03:05:24.064   463   952 I PhoneLab-: Service Running
07-13 03:05:24.157   463   952 I PhoneLab-LoggerService: app_49    957   463   1480   1112  c00f181c 400107b4 S logcat
07-13 03:05:24.157   463   952 I PhoneLab-LoggerService: Logcat pid from database 957
07-13 03:05:24.157   463   952 I PhoneLab-LoggerService: Logcat process found 957
07-13 03:05:24.157   463   952 I PhoneLab-LoggerService: Checking Threshold
07-13 03:07:21.720   856   858 D dalvikvm: GC_CONCURRENT freed 386K, 7% free 10256K/10951K, paused 24ms+3ms
07-13 03:07:24.064   463   952 I PhoneLab-: Service Running
07-13 03:07:24.134   463   952 I PhoneLab-LoggerService: app_49    957   463   1480   1112  c00f181c 400107b4 S logcat
07-13 03:07:24.134   463   952 I PhoneLab-LoggerService: Logcat pid from database 957
07-13 03:07:24.134   463   952 I PhoneLab-LoggerService: Logcat process found 957
07-13 03:07:24.134   463   952 I PhoneLab-LoggerService: Checking Threshold
07-13 03:08:28.497   494   496 D dalvikvm: GC_CONCURRENT freed 406K, 7% free 10171K/10823K, paused 2ms+3ms
07-13 03:09:24.064   463   952 I PhoneLab-: Service Running
07-13 03:09:24.157   463   952 I PhoneLab-LoggerService: app_49    957   463   1480   1112  c00f181c 400107b4 S logcat
07-13 03:09:24.157   463   952 I PhoneLab-LoggerService: Logcat pid from database 957
07-13 03:09:24.157   463   952 I PhoneLab-LoggerService: Logcat process found 957
07-13 03:09:24.157   463   952 I PhoneLab-LoggerService: Checking Threshold
07-13 03:11:24.064   463   952 I PhoneLab-: Service Running
07-13 03:11:24.146   463   952 I PhoneLab-LoggerService: app_49    957   463   1480   1112  c00f181c 400107b4 S logcat
07-13 03:11:24.146   463   952 I PhoneLab-LoggerService: Logcat pid from database 957
07-13 03:11:24.146   463   952 I PhoneLab-LoggerService: Logcat process found 957
07-13 03:11:24.146   463   952 I PhoneLab-LoggerService: Checking Threshold
07-13 03:13:24.064   463   952 I PhoneLab-: Service Running
07-13 03:13:24.134   463   952 I PhoneLab-LoggerService: app_49    957   463   1480   1112  c00f181c 400107b4 S logcat
07-13 03:13:24.138   463   952 I PhoneLab-LoggerService: Logcat pid from database 957
07-13 03:13:24.138   463   952 I PhoneLab-LoggerService: Logcat process found 957
07-13 03:13:24.138   463   952 I PhoneLab-LoggerService: Checking Threshold
07-13 03:15:24.064   463   952 I PhoneLab-: Service Running
07-13 03:15:24.157   463   952 I PhoneLab-LoggerService: app_49    957   463   1480   1112  c00f181c 400107b4 S logcat
07-13 03:15:24.157   463   952 I PhoneLab-LoggerService: Logcat pid from database 957
07-13 03:15:24.157   463   952 I PhoneLab-LoggerService: Logcat process found 957
07-13 03:15:24.157   463   952 I PhoneLab-LoggerService: Checking Threshold
07-13 03:17:24.064   463   952 I PhoneLab-: Service Running
07-13 03:17:24.177   463   952 I PhoneLab-LoggerService: app_49    957   463   1480   1112  c00f181c 400107b4 S logcat
07-13 03:17:24.177   463   952 I PhoneLab-LoggerService: Logcat pid from database 957
07-13 03:17:24.177   463   952 I PhoneLab-LoggerService: Logcat process found 957
07-13 03:17:24.177   463   952 I PhoneLab-LoggerService: Checking Threshold
07-13 03:17:24.185   463   464 D dalvikvm: GC_CONCURRENT freed 390K, 18% free 9149K/11079K, paused 1ms+2ms
07-13 03:17:57.443   145   147 D dalvikvm: GC_CONCURRENT freed 923K, 11% free 13138K/14727K, paused 17ms+6ms
07-13 03:19:24.064   463   952 I PhoneLab-: Service Running
07-13 03:19:24.165   463   952 I PhoneLab-LoggerService: app_49    957   463   1480   1112  c00f181c 400107b4 S logcat
07-13 03:19:24.169   463   952 I PhoneLab-LoggerService: Logcat pid from database 957
07-13 03:19:24.169   463   952 I PhoneLab-LoggerService: Logcat process found 957
07-13 03:19:24.169   463   952 I PhoneLab-LoggerService: Checking Threshold
07-13 03:20:33.185  1378  1380 D dalvikvm: GC_CONCURRENT freed 444K, 6% free 10199K/10759K, paused 1ms+2ms
07-13 03:21:06.669   494   905 I EventLogService: Aggregate from 1342162266574 (log), 1342162266574 (data)
07-13 03:21:24.064   463   952 I PhoneLab-: Service Running
07-13 03:21:24.146   463   952 I PhoneLab-LoggerService: app_49    957   463   1480   1112  c00f181c 400107b4 S logcat
07-13 03:21:24.146   463   952 I PhoneLab-LoggerService: Logcat pid from database 957
07-13 03:21:24.146   463   952 I PhoneLab-LoggerService: Logcat process found 957
07-13 03:21:24.146   463   952 I PhoneLab-LoggerService: Checking Threshold
07-13 03:21:26.165   463   463 I PhoneLab-Locks: wake lock acquired
07-13 03:21:26.212   463  2109 I PhoneLab-PeriodicCheckService: User info is synched
07-13 03:21:26.220   463  2109 I PhoneLab-PeriodicCheckService: Logger Service is running
07-13 03:21:26.228   463   463 I PhoneLab-Locks: wake lock acquired
07-13 03:21:26.232   463   463 I PhoneLab-StatusMonitor: Status Monitoring is started
07-13 03:21:26.232   463   463 E PhoneLab-PhoneLabManifest: java.io.FileNotFoundException: /data/data/edu.buffalo.cse.phonelab.phonelabservices/files/manifest.xml: open failed: ENOENT (No such file or directory)
07-13 03:21:26.232   463   463 I PhoneLab-Locks: wake lock released
07-13 03:21:26.236   463  2109 I PhoneLab-Locks: wake lock acquired
07-13 03:21:26.239   463   463 I PhoneLab-UploadLogs: Transfering log files now
07-13 03:21:26.239   463   463 I PhoneLab-UploadLogs: No log files to transfer
07-13 03:21:26.239   463   463 I PhoneLab-Locks: wake lock released
07-13 03:21:26.239   463   463 I PhoneLab-UploadLogs: OnStartCommand
07-13 03:21:26.243   463  2109 I PhoneLab-PeriodicCheckService: Rescheduling periodic checking...
07-13 03:21:26.243   463  2109 I PhoneLab-Locks: wake lock released
07-13 03:23:24.064   463   952 I PhoneLab-: Service Running
07-13 03:23:24.134   463   952 I PhoneLab-LoggerService: app_49    957   463   1480   1112  c00f181c 400107b4 S logcat
07-13 03:23:24.134   463   952 I PhoneLab-LoggerService: Logcat pid from database 957
07-13 03:23:24.134   463   952 I PhoneLab-LoggerService: Logcat process found 957
07-13 03:23:24.134   463   952 I PhoneLab-LoggerService: Checking Threshold
07-13 03:25:24.064   463   952 I PhoneLab-: Service Running
07-13 03:25:24.157   463   952 I PhoneLab-LoggerService: app_49    957   463   1480   1112  c00f181c 400107b4 S logcat
07-13 03:25:24.157   463   952 I PhoneLab-LoggerService: Logcat pid from database 957
07-13 03:25:24.157   463   952 I PhoneLab-LoggerService: Logcat process found 957
07-13 03:25:24.157   463   952 I PhoneLab-LoggerService: Checking Threshold
07-13 03:27:24.064   463   952 I PhoneLab-: Service Running
07-13 03:27:24.134   463   952 I PhoneLab-LoggerService: app_49    957   463   1480   1112  c00f181c 400107b4 S logcat
07-13 03:27:24.138   463   952 I PhoneLab-LoggerService: Logcat pid from database 957
07-13 03:27:24.138   463   952 I PhoneLab-LoggerService: Logcat process found 957
07-13 03:27:24.138   463   952 I PhoneLab-LoggerService: Checking Threshold
07-13 03:27:37.271   856   858 D dalvikvm: GC_CONCURRENT freed 388K, 7% free 10255K/10951K, paused 12ms+12ms
07-13 03:27:37.302   494   496 D dalvikvm: GC_CONCURRENT freed 389K, 7% free 10166K/10823K, paused 2ms+7ms
07-13 03:29:24.064   463   952 I PhoneLab-: Service Running
07-13 03:29:24.146   463   952 I PhoneLab-LoggerService: app_49    957   463   1480   1112  c00f181c 400107b4 S logcat
07-13 03:29:24.146   463   952 I PhoneLab-LoggerService: Logcat pid from database 957
07-13 03:29:24.146   463   952 I PhoneLab-LoggerService: Logcat process found 957
07-13 03:29:24.146   463   952 I PhoneLab-LoggerService: Checking Threshold
07-13 03:29:55.708   145   147 D dalvikvm: GC_CONCURRENT freed 914K, 11% free 13130K/14727K, paused 14ms+5ms
07-13 03:31:24.064   463   952 I PhoneLab-: Service Running
07-13 03:31:24.150   463   952 I PhoneLab-LoggerService: app_49    957   463   1480   1112  c00f181c 400107b4 S logcat
07-13 03:31:24.150   463   952 I PhoneLab-LoggerService: Logcat pid from database 957
07-13 03:31:24.150   463   952 I PhoneLab-LoggerService: Logcat process found 957
07-13 03:31:24.150   463   952 I PhoneLab-LoggerService: Checking Threshold
07-13 03:31:24.153   463   464 D dalvikvm: GC_CONCURRENT freed 395K, 18% free 9161K/11079K, paused 2ms+3ms
07-13 03:33:24.064   463   952 I PhoneLab-: Service Running
07-13 03:33:24.165   463   952 I PhoneLab-LoggerService: app_49    957   463   1480   1112  c00f181c 400107b4 S logcat
07-13 03:33:24.165   463   952 I PhoneLab-LoggerService: Logcat pid from database 957
07-13 03:33:24.165   463   952 I PhoneLab-LoggerService: Logcat process found 957
07-13 03:33:24.165   463   952 I PhoneLab-LoggerService: Checking Threshold
07-13 03:35:24.064   463   952 I PhoneLab-: Service Running
07-13 03:35:24.142   463   952 I PhoneLab-LoggerService: app_49    957   463   1480   1112  c00f181c 400107b4 S logcat
07-13 03:35:24.142   463   952 I PhoneLab-LoggerService: Logcat pid from database 957
07-13 03:35:24.142   463   952 I PhoneLab-LoggerService: Logcat process found 957
07-13 03:35:24.146   463   952 I PhoneLab-LoggerService: Checking Threshold
07-13 03:37:24.060   463   952 I PhoneLab-: Service Running
07-13 03:37:24.157   463   952 I PhoneLab-LoggerService: app_49    957   463   1480   1112  c00f181c 400107b4 S logcat
07-13 03:37:24.157   463   952 I PhoneLab-LoggerService: Logcat pid from database 957
07-13 03:37:24.157   463   952 I PhoneLab-LoggerService: Logcat process found 957
07-13 03:37:24.157   463   952 I PhoneLab-LoggerService: Checking Threshold
07-13 03:39:24.064   463   952 I PhoneLab-: Service Running
07-13 03:39:24.157   463   952 I PhoneLab-LoggerService: app_49    957   463   1480   1112  c00f181c 400107b4 S logcat
07-13 03:39:24.157   463   952 I PhoneLab-LoggerService: Logcat pid from database 957
07-13 03:39:24.157   463   952 I PhoneLab-LoggerService: Logcat process found 957
07-13 03:39:24.157   463   952 I PhoneLab-LoggerService: Checking Threshold
07-13 03:41:24.064   463   952 I PhoneLab-: Service Running
07-13 03:41:24.134   463   952 I PhoneLab-LoggerService: app_49    957   463   1480   1112  c00f181c 400107b4 S logcat
07-13 03:41:24.138   463   952 I PhoneLab-LoggerService: Logcat pid from database 957
07-13 03:41:24.138   463   952 I PhoneLab-LoggerService: Logcat process found 957
07-13 03:41:24.138   463   952 I PhoneLab-LoggerService: Checking Threshold
07-13 03:42:25.626   145   147 D dalvikvm: GC_CONCURRENT freed 922K, 11% free 13140K/14727K, paused 17ms+6ms
07-13 03:43:24.060   463   952 I PhoneLab-: Service Running
07-13 03:43:24.169   463   952 I PhoneLab-LoggerService: app_49    957   463   1480   1112  c00f181c 400107b4 S logcat
07-13 03:43:24.169   463   952 I PhoneLab-LoggerService: Logcat pid from database 957
07-13 03:43:24.169   463   952 I PhoneLab-LoggerService: Logcat process found 957
07-13 03:43:24.169   463   952 I PhoneLab-LoggerService: Checking Threshold
07-13 03:45:24.064   463   952 I PhoneLab-: Service Running
07-13 03:45:24.146   463   952 I PhoneLab-LoggerService: app_49    957   463   1480   1112  c00f181c 400107b4 S logcat
07-13 03:45:24.146   463   952 I PhoneLab-LoggerService: Logcat pid from database 957
07-13 03:45:24.146   463   952 I PhoneLab-LoggerService: Logcat process found 957
07-13 03:45:24.146   463   952 I PhoneLab-LoggerService: Checking Threshold
07-13 03:46:35.044   856   858 D dalvikvm: GC_CONCURRENT freed 385K, 7% free 10255K/10951K, paused 2ms+3ms
07-13 03:47:24.064   463   952 I PhoneLab-: Service Running
