--------- beginning of /dev/log/system
12-31 19:21:52.332    72    72 I Vold    : Vold 2.1 (the revenge) firing up
12-31 19:21:52.335    72    72 D Vold    : Volume sdcard state changing -1 (Initializing) -> 0 (No-Media)
12-31 19:21:52.359    75    75 I Netd    : Netd 1.0 starting
12-31 19:21:52.371    72    94 D Vold    : Volume sdcard state changing 0 (No-Media) -> 2 (Pending)
12-31 19:21:52.375    72    94 D Vold    : Volume sdcard state changing 2 (Pending) -> 1 (Idle-Unmounted)
12-31 19:21:52.375    72    94 W Vold    : Duplicate state (1)
12-31 19:21:52.375    72    94 W Vold    : Duplicate state (1)
12-31 19:21:52.378    72    94 W Vold    : Duplicate state (1)
12-31 19:21:52.382    72    94 W Vold    : Duplicate state (1)
12-31 19:21:52.792    80    80 I         : ServiceManager: 0x190f910
12-31 19:21:52.980    79    79 D AndroidRuntime: 
12-31 19:21:52.980    79    79 D AndroidRuntime: >>>>>> AndroidRuntime START com.android.internal.os.ZygoteInit <<<<<<
12-31 19:21:52.980    79    79 D AndroidRuntime: CheckJNI is OFF
12-31 19:21:52.984    78    78 I SurfaceFlinger: SurfaceFlinger is starting
12-31 19:21:52.992    78   118 I SurfaceFlinger: SurfaceFlinger's main thread ready to run. Initializing graphics H/W...
12-31 19:21:53.097    78   118 D libEGL  : loaded /system/lib/egl/libGLES_android.so
12-31 19:21:53.136    78   118 D libEGL  : loaded /vendor/lib/egl/libEGL_POWERVR_SGX540_120.so
12-31 19:21:53.242    78   118 D libEGL  : loaded /vendor/lib/egl/libGLESv1_CM_POWERVR_SGX540_120.so
12-31 19:21:53.242    78   118 D libEGL  : loaded /vendor/lib/egl/libGLESv2_POWERVR_SGX540_120.so
12-31 19:21:53.308    78   118 I SurfaceFlinger: EGL informations:
12-31 19:21:53.308    78   118 I SurfaceFlinger: # of configs : 30
12-31 19:21:53.308    78   118 I SurfaceFlinger: vendor    : Android
12-31 19:21:53.308    78   118 I SurfaceFlinger: version   : 1.4 Android META-EGL
12-31 19:21:53.308    78   118 I SurfaceFlinger: extensions: EGL_KHR_image EGL_KHR_image_base EGL_KHR_image_base EGL_KHR_gl_texture_2D_image EGL_KHR_gl_texture_cubemap_image EGL_KHR_gl_renderbuffer_image EGL_KHR_fence_sync EGL_ANDROID_image_native_buffer EGL_ANDROID_image_native_buffer 
12-31 19:21:53.308    78   118 I SurfaceFlinger: Client API: OpenGL ES
12-31 19:21:53.308    78   118 I SurfaceFlinger: EGLSurface: 8-8-8-8, config=0x1
12-31 19:21:53.308    78   118 I SurfaceFlinger: OpenGL informations:
12-31 19:21:53.308    78   118 I SurfaceFlinger: vendor    : Imagination Technologies
12-31 19:21:53.308    78   118 I SurfaceFlinger: renderer  : PowerVR SGX 540
12-31 19:21:53.308    78   118 I SurfaceFlinger: version   : OpenGL ES-CM 1.1
12-31 19:21:53.308    78   118 I SurfaceFlinger: extensions: GL_OES_byte_coordinates GL_OES_fixed_point GL_OES_single_precision GL_OES_matrix_get GL_OES_read_format GL_OES_compressed_paletted_texture GL_OES_point_sprite GL_OES_point_size_array GL_OES_matrix_palette GL_OES_draw_texture GL_OES_query_matrix GL_OES_texture_env_crossbar GL_OES_texture_mirrored_repeat GL_OES_texture_cube_map GL_OES_blend_subtract GL_OES_blend_func_separate GL_OES_blend_equation_separate GL_OES_stencil_wrap GL_OES_extended_matrix_palette GL_OES_framebuffer_object GL_OES_rgb8_rgba8 GL_OES_depth24 GL_OES_stencil8 GL_OES_compressed_ETC1_RGB8_texture GL_OES_mapbuffer GL_OES_EGL_image GL_OES_EGL_image_external GL_EXT_multi_draw_arrays GL_OES_required_internalformat GL_IMG_read_format GL_IMG_texture_compression_pvrtc GL_IMG_texture_format_BGRA8888 GL_EXT_texture_format_BGRA8888 GL_OES_egl_sync GL_IMG_vertex_array_object
12-31 19:21:53.308    78   118 I SurfaceFlinger: GL_MAX_TEXTURE_SIZE = 2048
12-31 19:21:53.308    78   118 I SurfaceFlinger: GL_MAX_VIEWPORT_DIMS = 2048 x 2048
12-31 19:21:53.308    78   118 I SurfaceFlinger: flags = 00010000
12-31 19:21:53.316    81    81 I         : ServiceManager: 0x1bbb958
12-31 19:21:53.324    78   118 I hwcomposer: int hwc_device_open(const hw_module_t*, char const*, hw_device_t**)::win-0 add[0] 4b7af000 
12-31 19:21:53.324    78   118 I hwcomposer: int hwc_device_open(const hw_module_t*, char const*, hw_device_t**)::win-0 add[1] 4b926000 
12-31 19:21:53.324    78   118 I hwcomposer: int hwc_device_open(const hw_module_t*, char const*, hw_device_t**)::win-0 add[2] 4ba9d000 
12-31 19:21:53.324    78   118 D hwcomposer: int hwc_device_open(const hw_module_t*, char const*, hw_device_t**):: success
12-31 19:21:53.339    81    81 I AudioFlinger: Loaded primary audio interface from LEGACY Audio HW HAL (audio)
12-31 19:21:53.339    81    81 I AudioFlinger: Using 'LEGACY Audio HW HAL' (audio.primary) as the primary audio interface
12-31 19:21:53.363    81    81 I AudioFlinger: Loaded a2dp audio interface from A2DP Audio HW HAL (audio)
12-31 19:21:53.363    81    81 D AudioHardwareInterface: setMode(NORMAL)
12-31 19:21:53.371    81    81 I CameraService: CameraService started (pid=81)
12-31 19:21:53.414    81   124 I AudioFlinger: AudioFlinger's thread 0x1bbc9a0 ready to run
12-31 19:21:53.414    81   124 W AudioFlinger: Thread AudioOut_1 cannot connect to the power manager service
12-31 19:21:53.414    81   124 D AudioHardware: AudioStreamOutALSA::setParameters() routing=2
12-31 19:21:53.414    81   123 D AudioHardware: ### setVoiceVolume_l
12-31 19:21:53.414    81    81 I AudioPolicyService: Loaded audio policy from LEGACY Audio Policy HAL (audio_policy)
12-31 19:21:53.417   120   126 D libEGL  : loaded /system/lib/egl/libGLES_android.so
12-31 19:21:53.421   120   126 D libEGL  : loaded /vendor/lib/egl/libEGL_POWERVR_SGX540_120.so
12-31 19:21:53.429   120   126 D libEGL  : loaded /vendor/lib/egl/libGLESv1_CM_POWERVR_SGX540_120.so
12-31 19:21:53.433   120   126 D libEGL  : loaded /vendor/lib/egl/libGLESv2_POWERVR_SGX540_120.so
12-31 19:21:54.421    79    79 I SamplingProfilerIntegration: Profiling disabled.
12-31 19:21:54.484    79    79 I Zygote  : Preloading classes...
12-31 19:21:54.503    79    79 D dalvikvm: GC_EXPLICIT freed 36K, 91% free 409K/4096K, paused 0ms+1ms
12-31 19:21:54.527    79    79 D dalvikvm: GC_EXPLICIT freed 4K, 89% free 473K/4096K, paused 0ms+1ms
12-31 19:21:54.546    79    79 D dalvikvm: GC_EXPLICIT freed 20K, 88% free 509K/4096K, paused 0ms+1ms
12-31 19:21:54.562    79    79 D dalvikvm: GC_EXPLICIT freed 27K, 87% free 536K/4096K, paused 0ms+0ms
12-31 19:21:54.574    79    79 D dalvikvm: GC_EXPLICIT freed 15K, 86% free 576K/4096K, paused 1ms+0ms
12-31 19:21:54.738    79    79 D dalvikvm: GC_EXPLICIT freed 27K, 86% free 603K/4096K, paused 1ms+17ms
12-31 19:21:54.960    79    79 D dalvikvm: GC_EXPLICIT freed 30K, 85% free 635K/4096K, paused 2ms+3ms
12-31 19:21:54.980    79    79 D TextLayoutCache: Using debug level: 0 - Debug Enabled: 0
12-31 19:21:55.003    79    79 W Zygote  : Class not found for preloading: android.media.AudioManager$2
12-31 19:21:55.070    79    79 I dalvikvm: threadid=1: recursive native library load attempt (/system/lib/libmedia_jni.so)
12-31 19:21:55.074    79    79 D MtpDeviceJNI: register_android_mtp_MtpDevice
12-31 19:21:55.074    79    79 I dalvikvm: threadid=1: recursive native library load attempt (/system/lib/libmedia_jni.so)
12-31 19:21:55.074    79    79 I dalvikvm: threadid=1: recursive native library load attempt (/system/lib/libmedia_jni.so)
12-31 19:21:55.078    79    79 W Zygote  : Class not found for preloading: android.media.IRemoteControlClientDispatcher
12-31 19:21:55.078    79    79 W Zygote  : Class not found for preloading: android.media.IRemoteControlClientDispatcher$Stub
12-31 19:21:55.089    79    79 D dalvikvm: GC_EXPLICIT freed 20K, 84% free 672K/4096K, paused 1ms+1ms
12-31 19:21:55.347    79    79 D dalvikvm: GC_FOR_ALLOC freed 217K, 77% free 967K/4096K, paused 7ms
12-31 19:21:55.371    79    79 D dalvikvm: GC_EXPLICIT freed 44K, 76% free 1023K/4096K, paused 1ms+1ms
12-31 19:21:55.480    79    79 D dalvikvm: GC_EXPLICIT freed 27K, 75% free 1052K/4096K, paused 0ms+1ms
12-31 19:21:55.828    79    79 D dalvikvm: GC_EXPLICIT freed 8K, 74% free 1100K/4096K, paused 14ms+1ms
12-31 19:21:55.867    79    79 D dalvikvm: GC_EXPLICIT freed 23K, 72% free 1166K/4096K, paused 1ms+2ms
12-31 19:21:55.968    79    79 D dalvikvm: GC_EXPLICIT freed 48K, 65% free 1445K/4096K, paused 1ms+2ms
12-31 19:21:55.972    79    79 W Zygote  : Class not found for preloading: android.text.TextDirectionHeuristics$CharCount
12-31 19:21:55.984    79    79 W Zygote  : Class not found for preloading: android.text.method.WordIterator$1
12-31 19:21:56.003    79    79 D dalvikvm: GC_EXPLICIT freed 35K, 64% free 1479K/4096K, paused 2ms+2ms
12-31 19:21:56.058    79    79 D dalvikvm: GC_EXPLICIT freed 32K, 64% free 1502K/4096K, paused 1ms+12ms
12-31 19:21:56.347    79    79 I dalvikvm: threadid=1: recursive native library load attempt (/system/lib/libwebcore.so)
12-31 19:21:56.347    79    79 D dalvikvm: No JNI_OnLoad found in /system/lib/libchromium_net.so 0x0, skipping init
12-31 19:21:56.390    79    79 D dalvikvm: GC_EXPLICIT freed 26K, 63% free 1550K/4096K, paused 2ms+1ms
12-31 19:21:56.425    79    79 W Zygote  : Class not found for preloading: android.widget.EdgeGlow
12-31 19:21:56.492    79    79 D dalvikvm: GC_EXPLICIT freed 25K, 62% free 1579K/4096K, paused 2ms+1ms
12-31 19:21:56.597    79    79 D dalvikvm: GC_EXPLICIT freed 71K, 61% free 1625K/4096K, paused 15ms+1ms
12-31 19:21:56.617    79    79 E PhonePolicy: Could not preload class for phone policy: com.android.internal.policy.impl.PhoneWindow$ContextMenuCallback
12-31 19:21:56.640    79    79 D dalvikvm: GC_EXPLICIT freed 33K, 60% free 1646K/4096K, paused 2ms+2ms
12-31 19:21:56.703    79    79 D dalvikvm: GC_EXPLICIT freed 28K, 60% free 1675K/4096K, paused 2ms+4ms
12-31 19:21:56.734    79    79 D dalvikvm: GC_EXPLICIT freed 26K, 59% free 1706K/4096K, paused 1ms+1ms
12-31 19:21:56.765    79    79 D dalvikvm: GC_EXPLICIT freed 32K, 58% free 1731K/4096K, paused 2ms+1ms
12-31 19:21:56.820    79    79 D dalvikvm: GC_EXPLICIT freed 31K, 58% free 1759K/4096K, paused 2ms+6ms
12-31 19:21:56.859    79    79 D dalvikvm: GC_EXPLICIT freed 71K, 56% free 1815K/4096K, paused 2ms+2ms
12-31 19:21:56.890    79    79 D dalvikvm: GC_EXPLICIT freed 39K, 56% free 1831K/4096K, paused 2ms+2ms
12-31 19:21:57.894    79    79 I System  : Loaded time zone names for  in 955ms (950ms in ICU)
12-31 19:21:58.261    79    79 I System  : Loaded time zone names for en_US in 368ms (363ms in ICU)
12-31 19:21:58.300    79    79 D dalvikvm: GC_EXPLICIT freed 327K, 53% free 1944K/4096K, paused 1ms+1ms
12-31 19:21:58.335    79    79 D dalvikvm: GC_EXPLICIT freed 15K, 52% free 2005K/4096K, paused 1ms+1ms
12-31 19:21:58.390    79    79 D dalvikvm: GC_EXPLICIT freed 51K, 51% free 2037K/4096K, paused 2ms+2ms
12-31 19:21:58.449    79    79 D dalvikvm: GC_EXPLICIT freed 28K, 50% free 2068K/4096K, paused 1ms+2ms
12-31 19:21:58.480    79    79 D dalvikvm: GC_EXPLICIT freed 38K, 50% free 2085K/4096K, paused 2ms+1ms
12-31 19:21:58.523    79    79 D dalvikvm: GC_EXPLICIT freed 32K, 49% free 2107K/4096K, paused 2ms+1ms
12-31 19:21:58.550    79    79 I Zygote  : ...preloaded 2297 classes in 4064ms.
12-31 19:21:58.566    79    79 D dalvikvm: GC_EXPLICIT freed 22K, 49% free 2112K/4096K, paused 1ms+2ms
12-31 19:21:58.570    79    79 I Zygote  : Preloading resources...
12-31 19:21:58.597    79    79 D dalvikvm: GC_EXPLICIT freed 1K, 47% free 2196K/4096K, paused 2ms+2ms
12-31 19:21:58.621    79    79 D dalvikvm: GC_EXPLICIT freed 1K, 45% free 2265K/4096K, paused 1ms+2ms
12-31 19:21:58.675    79    79 D dalvikvm: GC_EXPLICIT freed 1K, 44% free 2333K/4096K, paused 5ms+2ms
12-31 19:21:58.707    79    79 D dalvikvm: GC_EXPLICIT freed 1K, 42% free 2385K/4096K, paused 2ms+1ms
12-31 19:21:58.765    79    79 D dalvikvm: GC_EXPLICIT freed 2K, 41% free 2432K/4096K, paused 2ms+2ms
12-31 19:21:58.804    79    79 D dalvikvm: GC_EXPLICIT freed 2K, 40% free 2493K/4096K, paused 2ms+2ms
12-31 19:21:58.843    79    79 D dalvikvm: GC_EXPLICIT freed 2K, 38% free 2545K/4096K, paused 2ms+4ms
12-31 19:21:58.902    79    79 D dalvikvm: GC_EXPLICIT freed 2K, 37% free 2599K/4096K, paused 1ms+8ms
12-31 19:21:58.925    79    79 D dalvikvm: GC_EXPLICIT freed 2K, 36% free 2653K/4096K, paused 1ms+2ms
12-31 19:21:58.957    79    79 D dalvikvm: GC_EXPLICIT freed 3K, 34% free 2710K/4096K, paused 2ms+2ms
12-31 19:21:59.031    79    79 D dalvikvm: GC_EXPLICIT freed 2K, 33% free 2761K/4096K, paused 2ms+5ms
12-31 19:21:59.062    79    79 D dalvikvm: GC_EXPLICIT freed 2K, 32% free 2817K/4096K, paused 2ms+2ms
12-31 19:21:59.085    79    79 D dalvikvm: GC_EXPLICIT freed 2K, 30% free 2869K/4096K, paused 1ms+2ms
12-31 19:21:59.113    79    79 D dalvikvm: GC_EXPLICIT freed 3K, 29% free 2924K/4096K, paused 2ms+1ms
12-31 19:21:59.171    79    79 D dalvikvm: GC_EXPLICIT freed 2K, 28% free 2980K/4096K, paused 1ms+2ms
12-31 19:21:59.199    79    79 D dalvikvm: GC_EXPLICIT freed 2K, 27% free 3029K/4096K, paused 2ms+2ms
12-31 19:21:59.222    79    79 D dalvikvm: GC_EXPLICIT freed 2K, 25% free 3083K/4096K, paused 1ms+1ms
12-31 19:21:59.281    79    79 D dalvikvm: GC_EXPLICIT freed 2K, 24% free 3141K/4096K, paused 1ms+2ms
12-31 19:21:59.308    79    79 D dalvikvm: GC_EXPLICIT freed 2K, 23% free 3189K/4096K, paused 2ms+1ms
12-31 19:21:59.335    79    79 D dalvikvm: GC_EXPLICIT freed 2K, 21% free 3264K/4096K, paused 1ms+1ms
12-31 19:21:59.394    79    79 D dalvikvm: GC_EXPLICIT freed 1K, 19% free 3333K/4096K, paused 1ms+2ms
12-31 19:21:59.425    79    79 D dalvikvm: GC_EXPLICIT freed 1K, 18% free 3387K/4096K, paused 2ms+1ms
12-31 19:21:59.457    79    79 D dalvikvm: GC_EXPLICIT freed 2K, 16% free 3444K/4096K, paused 1ms+2ms
12-31 19:21:59.511    79    79 D dalvikvm: GC_EXPLICIT freed 2K, 15% free 3500K/4096K, paused 1ms+2ms
12-31 19:21:59.539    79    79 D dalvikvm: GC_EXPLICIT freed 2K, 14% free 3556K/4096K, paused 1ms+2ms
12-31 19:21:59.566    79    79 D dalvikvm: GC_EXPLICIT freed 5K, 12% free 3608K/4096K, paused 1ms+1ms
12-31 19:21:59.625    79    79 D dalvikvm: GC_EXPLICIT freed 2K, 11% free 3665K/4096K, paused 2ms+10ms
12-31 19:21:59.656    79    79 D dalvikvm: GC_EXPLICIT freed 4K, 10% free 3718K/4096K, paused 2ms+2ms
12-31 19:21:59.679    79    79 D dalvikvm: GC_EXPLICIT freed 2K, 8% free 3771K/4096K, paused 2ms+1ms
12-31 19:21:59.722    79    79 D dalvikvm: GC_EXPLICIT freed 2K, 7% free 3826K/4096K, paused 2ms+2ms
12-31 19:21:59.781    79    79 D dalvikvm: GC_EXPLICIT freed 10K, 5% free 3928K/4096K, paused 1ms+2ms
12-31 19:21:59.808    79    79 D dalvikvm: GC_EXPLICIT freed 6K, 3% free 4006K/4096K, paused 1ms+1ms
12-31 19:21:59.871    79    79 D dalvikvm: GC_EXPLICIT freed 3K, 3% free 4071K/4163K, paused 15ms+2ms
12-31 19:21:59.898    79    79 D dalvikvm: GC_EXPLICIT freed 2K, 1% free 4122K/4163K, paused 1ms+2ms
12-31 19:21:59.937    79    79 D dalvikvm: GC_EXPLICIT freed 3K, 2% free 4206K/4291K, paused 2ms+2ms
12-31 19:21:59.996    79    79 D dalvikvm: GC_EXPLICIT freed 3K, 2% free 4290K/4355K, paused 2ms+2ms
12-31 19:22:00.023    79    79 D dalvikvm: GC_EXPLICIT freed 4K, 1% free 4340K/4355K, paused 2ms+2ms
12-31 19:22:00.050    79    79 D dalvikvm: GC_EXPLICIT freed 2K, 1% free 4392K/4419K, paused 2ms+2ms
12-31 19:22:00.109    79    79 D dalvikvm: GC_EXPLICIT freed 1K, 1% free 4462K/4483K, paused 9ms+2ms
12-31 19:22:00.132    79    79 D dalvikvm: GC_EXPLICIT freed 1K, 2% free 4554K/4611K, paused 1ms+2ms
12-31 19:22:00.164    79    79 D dalvikvm: GC_EXPLICIT freed <1K, 2% free 5175K/5251K, paused 1ms+2ms
12-31 19:22:00.234    79    79 D dalvikvm: GC_EXPLICIT freed 2K, 1% free 5235K/5251K, paused 2ms+3ms
12-31 19:22:00.265    79    79 D dalvikvm: GC_EXPLICIT freed 4K, 1% free 5287K/5315K, paused 1ms+2ms
12-31 19:22:00.289    79    79 D dalvikvm: GC_EXPLICIT freed 1K, 1% free 5344K/5379K, paused 1ms+1ms
12-31 19:22:00.335    79    79 D dalvikvm: GC_EXPLICIT freed <1K, 1% free 5399K/5443K, paused 2ms+2ms
12-31 19:22:00.371    79    79 D dalvikvm: GC_EXPLICIT freed <1K, 1% free 5455K/5507K, paused 2ms+2ms
12-31 19:22:00.406    79    79 D dalvikvm: GC_EXPLICIT freed 6K, 2% free 5892K/5955K, paused 1ms+2ms
12-31 19:22:00.457    79    79 D dalvikvm: GC_EXPLICIT freed 5K, 1% free 5991K/6019K, paused 2ms+2ms
12-31 19:22:00.492    79    79 D dalvikvm: GC_EXPLICIT freed 3K, 1% free 6042K/6083K, paused 1ms+2ms
12-31 19:22:00.527    79    79 D dalvikvm: GC_EXPLICIT freed 5K, 2% free 7077K/7171K, paused 1ms+2ms
12-31 19:22:00.597    79    79 D dalvikvm: GC_EXPLICIT freed 2K, 2% free 8100K/8259K, paused 8ms+1ms
12-31 19:22:00.628    79    79 D dalvikvm: GC_EXPLICIT freed 3K, 2% free 8163K/8259K, paused 1ms+2ms
12-31 19:22:00.656    79    79 D dalvikvm: GC_EXPLICIT freed 3K, 1% free 8215K/8259K, paused 1ms+2ms
12-31 19:22:00.714    79    79 D dalvikvm: GC_EXPLICIT freed 4K, 1% free 8262K/8323K, paused 4ms+2ms
12-31 19:22:00.746    79    79 D dalvikvm: GC_EXPLICIT freed 4K, 1% free 8312K/8323K, paused 1ms+2ms
12-31 19:22:00.777    79    79 D dalvikvm: GC_EXPLICIT freed 3K, 1% free 8360K/8387K, paused 1ms+2ms
12-31 19:22:00.843    79    79 D dalvikvm: GC_EXPLICIT freed 3K, 1% free 8416K/8451K, paused 4ms+2ms
12-31 19:22:00.882    79    79 D dalvikvm: GC_EXPLICIT freed 2K, 1% free 8482K/8515K, paused 2ms+2ms
12-31 19:22:00.914    79    79 D dalvikvm: GC_EXPLICIT freed 1K, 1% free 8550K/8579K, paused 1ms+2ms
12-31 19:22:00.941    79    79 D dalvikvm: GC_EXPLICIT freed 1K, 1% free 8616K/8643K, paused 2ms+2ms
12-31 19:22:00.976    79    79 D dalvikvm: GC_EXPLICIT freed 3K, 1% free 8668K/8707K, paused 1ms+2ms
12-31 19:22:01.011    79    79 D dalvikvm: GC_EXPLICIT freed 3K, 1% free 8717K/8771K, paused 2ms+2ms
12-31 19:22:01.042    79    79 D dalvikvm: GC_EXPLICIT freed 3K, 1% free 8766K/8835K, paused 1ms+2ms
12-31 19:22:01.070    79    79 D dalvikvm: GC_EXPLICIT freed 2K, 1% free 8815K/8835K, paused 2ms+2ms
12-31 19:22:01.101    79    79 D dalvikvm: GC_EXPLICIT freed 1K, 1% free 8865K/8899K, paused 2ms+2ms
12-31 19:22:01.128    79    79 D dalvikvm: GC_EXPLICIT freed 1K, 1% free 8960K/9027K, paused 2ms+2ms
12-31 19:22:01.167    79    79 D dalvikvm: GC_EXPLICIT freed 6K, 1% free 9023K/9091K, paused 1ms+2ms
12-31 19:22:01.175    79    79 I Zygote  : ...preloaded 379 resources in 2603ms.
12-31 19:22:01.183    79    79 I Zygote  : ...preloaded 31 resources in 10ms.
12-31 19:22:01.207    79    79 D dalvikvm: GC_EXPLICIT freed 25K, 1% free 9024K/9091K, paused 2ms+2ms
12-31 19:22:01.230    79    79 D dalvikvm: GC_EXPLICIT freed 9K, 1% free 9015K/9091K, paused 2ms+2ms
12-31 19:22:01.257    79    79 D dalvikvm: GC_EXPLICIT freed <1K, 1% free 9015K/9091K, paused 2ms+2ms
12-31 19:22:01.273    79    79 I dalvikvm: System server process 141 has been created
12-31 19:22:01.277    79    79 I Zygote  : Accepting command socket connections
12-31 19:22:01.390   141   141 I sysproc : Entered system_init()
12-31 19:22:01.394   141   141 I sysproc : ServiceManager: 0x183d1f8
12-31 19:22:01.394   141   141 D SensorService: nuSensorService starting...
12-31 19:22:01.457   141   154 E AKMD2   : libkam : Unable to load settings file, using defaults.
12-31 19:22:01.515   141   141 I SensorService: KR3DM 3-axis Accelerometer
12-31 19:22:01.515   141   141 I SensorService: AK8973 3-axis Magnetic field sensor
12-31 19:22:01.515   141   141 I SensorService: AK8973 Orientation sensor
12-31 19:22:01.515   141   141 I SensorService: GP2A Light sensor
12-31 19:22:01.515   141   141 I SensorService: GP2A Proximity sensor
12-31 19:22:01.515   141   141 I SensorService: K3G Gyroscope sensor
12-31 19:22:01.515   141   141 I sysproc : System server: starting Android runtime.
12-31 19:22:01.515   141   141 I sysproc : System server: starting Android services.
12-31 19:22:01.519   141   156 D SensorService: nuSensorService thread starting...
12-31 19:22:01.519   141   141 I sysproc : System server: entering thread pool.
12-31 19:22:01.519   141   141 I SystemServer: Entered the Android system server!
12-31 19:22:01.523   141   157 I SystemServer: Entropy Service
12-31 19:22:01.566   141   157 I SystemServer: Power Manager
12-31 19:22:01.566   141   157 I SystemServer: Activity Manager
12-31 19:22:01.617   141   158 I ActivityManager: Memory class: 64
12-31 19:22:01.656   141   158 I UsageStats: Deleting usage file : usage-20120711
12-31 19:22:01.722   141   143 D dalvikvm: GC_CONCURRENT freed 133K, 3% free 9403K/9607K, paused 2ms+2ms
12-31 19:22:01.750   141   157 I SystemServer: Telephony Registry
12-31 19:22:01.753   141   158 I ActivityManager: Enabled StrictMode logging for AThread's Looper
12-31 19:22:01.753   141   157 I SystemServer: Package Manager
12-31 19:22:01.937   141   143 D dalvikvm: GC_CONCURRENT freed 520K, 6% free 9397K/9991K, paused 1ms+2ms
12-31 19:22:01.945   141   162 D StrictMode: No activity manager; failed to Dropbox violation.
12-31 19:22:02.039   141   143 D dalvikvm: GC_CONCURRENT freed 385K, 6% free 9436K/9991K, paused 3ms+3ms
12-31 19:22:02.578   141   143 D dalvikvm: GC_CONCURRENT freed 234K, 4% free 9670K/9991K, paused 7ms+3ms
12-31 19:22:02.593   141   157 W PackageParser: No actions in intent filter at /system/app/Bluetooth.apk Binary XML file line #125
12-31 19:22:03.058   141   157 W PackageParser: No actions in intent filter at /system/app/Contacts.apk Binary XML file line #525
12-31 19:22:03.558   141   143 D dalvikvm: GC_CONCURRENT freed 143K, 3% free 10014K/10247K, paused 7ms+3ms
12-31 19:22:03.914   141   157 W ResourceType: Failure getting entry for 0x7f02004b (t=1 e=75) in package 0 (error -75)
12-31 19:22:04.414   141   143 D dalvikvm: GC_CONCURRENT freed 257K, 4% free 10302K/10631K, paused 12ms+5ms
12-31 19:22:05.046   141   143 D dalvikvm: GC_CONCURRENT freed 226K, 4% free 10541K/10887K, paused 7ms+4ms
12-31 19:22:05.843   141   143 D dalvikvm: GC_CONCURRENT freed 195K, 3% free 10820K/11143K, paused 2ms+4ms
12-31 19:22:06.191   141   157 W PackageParser: Unknown element under <application>: category at /system/app/WiMAXHiddenMenu.apk Binary XML file line #289
12-31 19:22:06.207   141   157 D PackageManager: No files in app dir /vendor/app
12-31 19:22:06.207    83    83 I installd: new connection
12-31 19:22:06.207   141   157 I Installer: connecting...
12-31 19:22:06.285   141   157 W ResourceType: Failure getting entry for 0x7f0d0369 (t=12 e=873) in package 0 (error -75)
12-31 19:22:06.308   141   157 W PackageParser: No actions in intent filter at /data/app/com.kakao.talk-1.apk Binary XML file line #254
12-31 19:22:06.519   141   157 I PackageManager: Time to scan packages: 4.355 seconds
12-31 19:22:06.523   141   157 W PackageManager: Unknown permission android.permission.READ_OWNER_DATA in package com.kakao.talk
12-31 19:22:06.523   141   157 W PackageManager: Unknown permission android.permission.WRITE_INTERNAL_STORAGE in package com.kakao.talk
12-31 19:22:06.523   141   157 W PackageManager: Unknown permission com.android.vending.permission.UPDATE_MARKET_FAILURE in package com.android.vending.updater
12-31 19:22:06.527   141   157 W PackageManager: Unknown permission android.permission.ADD_SYSTEM_SERVICE in package com.android.phone
12-31 19:22:06.527   141   157 W PackageManager: Unknown permission com.google.android.apps.googlevoice.permission.AUTO_SEND in package com.google.android.voicesearch
12-31 19:22:06.527   141   157 W PackageManager: Unknown permission com.android.vending.billing.IBillingAccountService.BIND2 in package com.google.android.gsf.login
12-31 19:22:06.531   141   157 W PackageManager: Not granting permission android.permission.SEND_DOWNLOAD_COMPLETED_INTENTS to package com.android.browser (protectionLevel=2 flags=0x9be45)
12-31 19:22:06.531   141   157 W PackageManager: Unknown permission android.permission.WRITE_CDMA_CARRIER_SETTINGS in package com.android.sprintmenu
12-31 19:22:06.531   141   157 W PackageManager: Unknown permission android.permission.CHANGE_DUN_STATE in package com.android.sprintmenu
12-31 19:22:06.531   141   157 W PackageManager: Unknown permission android.permission.READ_EXTERNAL_STORAGE in package com.android.videoeditor
12-31 19:22:06.535   141   157 W PackageManager: Unknown permission android.permission.READ_EXTERNAL_STORAGE in package com.android.vending
12-31 19:22:06.539   141   157 W PackageManager: Unknown permission com.sprint.internal.permission.CONNECTIONMANAGER in package com.samsung.update
12-31 19:22:06.539   141   157 W PackageManager: Unknown permission com.sprint.internal.permission.SYSTEMPROPERTIES in package com.samsung.update
12-31 19:22:06.539   141   157 W PackageManager: Unknown permission com.sprint.internal.permission.SYSTEMPROPERTIES_WRITE in package com.samsung.update
12-31 19:22:06.539   141   157 W PackageManager: Unknown permission com.android.providers.im.permission.READ_ONLY in package com.google.android.apps.maps
12-31 19:22:06.539   141   157 W PackageManager: Not granting permission android.permission.DEVICE_POWER to package com.android.deskclock (protectionLevel=2 flags=0x8be45)
12-31 19:22:06.558   141   157 W PackageManager: Unknown permission android.permission.FLAG_RECEIVER_REGISTERED_ONLY_BEFORE_BOOT in package com.samsung.wimax
12-31 19:22:06.656   141   143 D dalvikvm: GC_CONCURRENT freed 345K, 4% free 11036K/11463K, paused 3ms+3ms
12-31 19:22:07.066   141   157 D dalvikvm: GC_EXPLICIT freed 214K, 6% free 10885K/11527K, paused 8ms+2ms
12-31 19:22:07.078   141   157 I SystemServer: Account Manager
12-31 19:22:07.089   141   157 D PackageManager: generateServicesMap(android.accounts.AccountAuthenticator): 4 services unchanged
12-31 19:22:07.117   141   157 I SystemServer: Content Manager
12-31 19:22:07.359   141   157 D PackageManager: generateServicesMap(android.content.SyncAdapter): 10 services unchanged
12-31 19:22:07.363   141   157 I ActivityThread: Pub settings: com.android.providers.settings.SettingsProvider
12-31 19:22:07.363   141   157 I SystemServer: System Content Providers
12-31 19:22:07.558   141   167 D SettingsProvider: cache for settings table 'secure' rows=46; fullycached=true
12-31 19:22:07.562   141   167 D SettingsProvider: cache for settings table 'system' rows=55; fullycached=true
12-31 19:22:07.691   141   157 I SystemServer: Lights Service
12-31 19:22:07.695   141   143 D dalvikvm: GC_CONCURRENT freed 267K, 4% free 11122K/11527K, paused 2ms+3ms
12-31 19:22:07.695   141   157 I SystemServer: Battery Service
12-31 19:22:07.703   141   157 I SystemServer: Vibrator Service
12-31 19:22:07.718   141   157 I power   : *** set_screen_state 1
12-31 19:22:07.718   141   157 D AlarmManagerService: Kernel timezone updated to 300 minutes west of GMT
12-31 19:22:07.718   141   157 I SystemServer: Alarm Manager
12-31 19:22:07.726   141   157 I SystemServer: Init Watchdog
12-31 19:22:07.726   141   157 I SystemServer: Window Manager
12-31 19:22:07.734   141   172 I InputManager: Initializing input manager
12-31 19:22:07.746   141   173 W StatusBarManager: warning: no STATUS_BAR_SERVICE
12-31 19:22:07.785   141   172 I InputManager: Starting input manager
12-31 19:22:07.785   141   172 I WindowManager: Enabled StrictMode logging for WMThread's Looper
12-31 19:22:07.785   141   157 I SystemServer: Bluetooth Service
12-31 19:22:07.792   141   173 I WindowManager: Enabled StrictMode for PolicyThread's Looper
12-31 19:22:07.804   141   157 I BluetoothProfileState: Message:Entering Stable State
12-31 19:22:07.828   141   178 D EventHub: No input device configuration file found for device 'compass'.
12-31 19:22:07.835   141   178 D EventHub: No input device configuration file found for device 'cypress-touchkey'.
12-31 19:22:07.839   141   178 I EventHub: New device: id=2, fd=111, path='/dev/input/event5', name='cypress-touchkey', classes=0x1, configuration='', keyLayout='/system/usr/keylayout/cypress-touchkey.kl', keyCharacterMap='/system/usr/keychars/cypress-touchkey.kcm', builtinKeyboard=false
12-31 19:22:07.839   141   178 D EventHub: No input device configuration file found for device 'lightsensor-level'.
12-31 19:22:07.839   141   157 I BluetoothProfileState: Message:Entering Stable State
12-31 19:22:07.839   141   157 I BluetoothProfileState: Message:Entering Stable State
12-31 19:22:07.847   141   178 D EventHub: No input device configuration file found for device 'proximity'.
12-31 19:22:07.847   141   157 I SystemServer: Input Method Service
12-31 19:22:07.851   141   186 D BluetoothAdapterStateMachine: PowerOff process message: 5
12-31 19:22:07.851   141   157 W InputManagerService: Couldn't create dir.: /data/system/inputmethod
12-31 19:22:07.855   141   178 D EventHub: No input device configuration file found for device 'herring-keypad'.
12-31 19:22:07.863   141   178 I EventHub: New device: id=5, fd=124, path='/dev/input/event2', name='herring-keypad', classes=0x1, configuration='', keyLayout='/system/usr/keylayout/herring-keypad.kl', keyCharacterMap='/system/usr/keychars/herring-keypad.kcm', builtinKeyboard=false
12-31 19:22:07.863   141   178 D EventHub: No input device configuration file found for device 'gyro'.
12-31 19:22:07.871   141   178 I EventHub: New device: id=7, fd=125, path='/dev/input/event0', name='mxt224_ts_input', classes=0x14, configuration='/system/usr/idc/mxt224_ts_input.idc', keyLayout='', keyCharacterMap='', builtinKeyboard=false
12-31 19:22:07.871   141   178 I InputReader:   Touch device 'mxt224_ts_input' could not query the properties of its associated display 0.  The device will be inoperable until the display size becomes available.
12-31 19:22:07.871   141   178 I InputReader: Device added: id=7, name='mxt224_ts_input', sources=0x00001002
12-31 19:22:07.871   141   178 I InputReader: Device added: id=5, name='herring-keypad', sources=0x00000101
12-31 19:22:07.871   141   178 I InputReader: Device added: id=2, name='cypress-touchkey', sources=0x00000101
12-31 19:22:07.894   141   157 W ResourceType: Failure getting entry for 0x7f060000 (t=5 e=0) in package 0 (error -75)
12-31 19:22:07.910   141   157 I SystemServer: Accessibility Manager
12-31 19:22:07.917   141   178 I InputReader: Reconfiguring input devices.  changes=0x00000004
12-31 19:22:07.917   141   178 I InputReader: Device reconfigured: id=7, name='mxt224_ts_input', surface size is now 480x800, mode is 1
12-31 19:22:07.921    78   164 D PermissionCache: checking android.permission.ACCESS_SURFACE_FLINGER for uid=1000 => granted (299 us)
12-31 19:22:07.921   141   157 I ActivityManager: Config changed: {1.0 0mcc0mnc en_US layoutdir=0 sw320dp w320dp h508dp nrml long port ?uimode ?night finger -keyb/v/h -nav/h s.2}
12-31 19:22:07.925   141   157 I SystemServer: Device Policy
12-31 19:22:07.925   141   157 I SystemServer: Status Bar
12-31 19:22:07.925   141   157 I SystemServer: Clipboard Service
12-31 19:22:07.925   141   157 I SystemServer: NetworkManagement Service
12-31 19:22:07.929   141   157 I SystemServer: Text Service Manager Service
12-31 19:22:07.933   141   157 I SystemServer: NetworkStats Service
12-31 19:22:07.937   141   157 I SystemServer: NetworkPolicy Service
12-31 19:22:07.937   141   157 I SystemServer: Wi-Fi P2pService
12-31 19:22:07.941   141   157 I SystemServer: Wi-Fi Service
12-31 19:22:07.968    75   116 E CommandListener: Failed to open /proc/sys/net/ipv6/conf/wlan0/disable_ipv6: No such file or directory
12-31 19:22:07.968   141   157 E WifiStateMachine: Failed to disable IPv6: java.lang.IllegalStateException: Unable to communicate to native daemon for disabling ipv6
12-31 19:22:07.976   141   157 I SystemServer: Connectivity Service
12-31 19:22:07.976   141   157 D ConnectivityService: ConnectivityService starting up
12-31 19:22:07.984   141   157 E ConnectivityService: Ignoring protectedNetwork 10
12-31 19:22:07.984   141   157 E ConnectivityService: Ignoring protectedNetwork 11
12-31 19:22:07.984   141   157 E ConnectivityService: Ignoring protectedNetwork 12
12-31 19:22:07.988   141   157 D ConnectivityService: wimaxJarLocation: /vendor/lib/wimax_service.jar
12-31 19:22:08.011   141   186 I bluedroid: Starting hciattach daemon
12-31 19:22:08.011   141   186 I bluedroid: bt_enable: ret: -1, errno: 19
12-31 19:22:08.062   141   157 D dalvikvm: DexOpt: --- BEGIN 'wimax_service.jar' (bootstrap=0) ---
12-31 19:22:08.109   141   143 D dalvikvm: GC_CONCURRENT freed 369K, 5% free 11300K/11783K, paused 2ms+5ms
12-31 19:22:08.113   141   186 I bluedroid: bt_enable: ret: -1, errno: 19
12-31 19:22:08.210   141   186 I bluedroid: bt_enable: ret: -1, errno: 19
12-31 19:22:08.234   200   200 D dalvikvm: DexOpt: load 9ms, verify+opt 90ms
12-31 19:22:08.265   141   157 D dalvikvm: DexOpt: --- END 'wimax_service.jar' (success) ---
12-31 19:22:08.265   141   157 D dalvikvm: DEX prep '/vendor/lib/wimax_service.jar': unzip in 51ms, rewrite 202ms
12-31 19:22:08.265   141   157 D ConnectivityService: Starting Wimax Service... 
12-31 19:22:08.296   141   157 D WimaxStateTracker: e java.lang.NullPointerException: missing IConnectivityManager
12-31 19:22:08.304   141   157 E MobileDataStateTracker: default: Ignoring feature request because could not acquire PhoneService
12-31 19:22:08.304   141   157 E MobileDataStateTracker: default: Could not enable APN type "default"
12-31 19:22:08.312   141   186 I bluedroid: bt_enable: ret: -1, errno: 19
12-31 19:22:08.312   141   157 D NetworkManagementService: Registering observer
12-31 19:22:08.312   141   157 D NetworkManagementService: Registering observer
12-31 19:22:08.312   141   157 I WifiService: WifiService starting up with Wi-Fi enabled
12-31 19:22:08.324   141   157 I SystemServer: Throttle Service
12-31 19:22:08.328   141   157 I SystemServer: Mount Service
12-31 19:22:08.328   141   157 D MountService: got storage path: /mnt/sdcard description: USB storage primary: true removable: false emulated: false mtpReserve: 0 allowMassStorage: true maxFileSize: 4294967296
12-31 19:22:08.332   141   157 I SystemServer: Notification Manager
12-31 19:22:08.332   141   157 I SystemServer: Device Storage Monitor
12-31 19:22:08.335   141   157 I SystemServer: Location Manager
12-31 19:22:08.343   141   157 I SystemServer: Country Detector
12-31 19:22:08.343   141   157 I SystemServer: Search Service
12-31 19:22:08.343   141   157 I SystemServer: DropBox Service
12-31 19:22:08.347   141   157 I SystemServer: Wallpaper Service
12-31 19:22:08.355   141   157 I SystemServer: Audio Service
12-31 19:22:08.363    72    98 D VoldCmdListener: volume list
12-31 19:22:08.367   141   208 I PackageManager: Updating external media status from unmounted to unmounted
12-31 19:22:08.367   141   208 D MountService: volume state changed for /mnt/sdcard (null -> unmounted)
12-31 19:22:08.378   141   157 I AudioService:   Remote Control   registerMediaButtonIntent() for PendingIntent{413113b8: PendingIntentRecord{41524778 android broadcastIntent}}
12-31 19:22:08.378    81   123 D AudioHardware: ### setVoiceVolume_l
12-31 19:22:08.390   141   157 I SystemServer: Dock Observer
12-31 19:22:08.390   141   157 I SystemServer: Wired Accessory Observer
12-31 19:22:08.394   141   157 I SystemServer: USB Service
12-31 19:22:08.398   141   157 I SystemServer: UI Mode Manager Service
12-31 19:22:08.402   141   157 I SystemServer: Backup Service
12-31 19:22:08.406   141   157 V BackupManagerService: Initializing package tracking
12-31 19:22:08.414   141   186 I bluedroid: bt_enable: ret: -1, errno: 19
12-31 19:22:08.511   141   186 I bluedroid: bt_enable: ret: -1, errno: 19
12-31 19:22:08.613   141   186 I bluedroid: bt_enable: ret: -1, errno: 19
12-31 19:22:08.632   141   143 D dalvikvm: GC_CONCURRENT freed 230K, 3% free 11661K/11975K, paused 2ms+4ms
12-31 19:22:08.640   141   157 V BackupManagerService: addPackageParticipantsLocked: all
12-31 19:22:08.644   141   157 V BackupManagerService: Registering transport android/com.android.internal.backup.LocalTransport = com.android.internal.backup.LocalTransport@414f9b90
12-31 19:22:08.644   141   157 V BackupManagerService: Starting with transport android/com.android.internal.backup.LocalTransport
12-31 19:22:08.644   141   157 V BackupManagerService: Binding to Google transport
12-31 19:22:08.648   141   157 I BackupManagerService: Backup enabled => true
12-31 19:22:08.652   141   157 I SystemServer: AppWidget Service
12-31 19:22:08.652   141   157 I SystemServer: Recognition Service
12-31 19:22:08.652   141   157 I SystemServer: DiskStats Service
12-31 19:22:08.652   141   157 I SystemServer: SamplingProfiler Service
12-31 19:22:08.656   141   157 I WindowManager: SAFE MODE not enabled
12-31 19:22:08.656   141   148 D dalvikvm: JIT started for system_server
12-31 19:22:08.656   141   157 I SystemServer: NetworkTimeUpdateService
12-31 19:22:08.683   141   157 D PowerManagerService: system ready!
12-31 19:22:08.695   141   157 I ActivityManager: System now ready
12-31 19:22:08.699   141   157 I Zygote  : Process: zygote socket opened
12-31 19:22:08.699   141   157 I SystemServer: Making services ready
12-31 19:22:08.699   141   157 D SystemServer: Starting service: Intent { cmp=com.android.systemui/.SystemUIService }
12-31 19:22:08.714   141   186 I bluedroid: bt_enable: ret: -1, errno: 19
12-31 19:22:08.746   141   157 I ActivityManager: Start proc com.android.systemui for service com.android.systemui/.SystemUIService: pid=212 uid=1000 gids={1015, 3002, 3001, 3003, 3007}
12-31 19:22:08.746   141   157 D NetworkManagementService: enabling bandwidth control
12-31 19:22:08.812   141   186 I bluedroid: bt_enable: ret: -1, errno: 19
12-31 19:22:08.914   141   186 I bluedroid: bt_enable: ret: -1, errno: 19
12-31 19:22:08.929   141   143 D dalvikvm: GC_CONCURRENT freed 258K, 4% free 12044K/12423K, paused 4ms+5ms
12-31 19:22:08.949   212   212 D SystemUIService: loading: class com.android.systemui.statusbar.phone.PhoneStatusBar
12-31 19:22:08.957   141   173 V TransportControlView: Create TCV com.android.internal.widget.TransportControlView@415b9758
12-31 19:22:08.960   212   212 D SystemUIService: running: com.android.systemui.statusbar.phone.PhoneStatusBar@4132c220
12-31 19:22:09.015   141   186 I bluedroid: bt_enable: ret: -1, errno: 19
12-31 19:22:09.062   141   173 I ActivityManager: Start proc com.google.android.gsf.login for service com.google.android.gsf.login/com.google.android.gsf.loginservice.GoogleLoginService: pid=239 uid=10009 gids={3003, 1015, 1007, 2001, 3006}
12-31 19:22:09.113   141   186 I bluedroid: bt_enable: ret: -1, errno: 19
12-31 19:22:09.214   141   186 I bluedroid: bt_enable: ret: -1, errno: 19
12-31 19:22:09.316   141   186 I bluedroid: bt_enable: ret: -1, errno: 19
12-31 19:22:09.371   141   152 I ActivityManager: Start proc com.google.process.gapps for content provider com.google.android.gsf/.gservices.GservicesProvider: pid=271 uid=10009 gids={3003, 1015, 1007, 2001, 3006}
12-31 19:22:09.414   141   186 I bluedroid: bt_enable: ret: -1, errno: 19
12-31 19:22:09.492    75   116 D SoftapController: Softap fwReload - Ok
12-31 19:22:09.496    75   116 D CommandListener: Setting iface cfg
12-31 19:22:09.496    75   116 D CommandListener: Trying to bring down wlan0
12-31 19:22:09.496    75   116 D CommandListener: broadcast flag ignored
12-31 19:22:09.496    75   116 D CommandListener: multicast flag ignored
12-31 19:22:09.496   141   196 D NetworkManagementService: rsp <213 00:90:4c:11:22:33 0.0.0.0 0 [down broadcast multicast]>
12-31 19:22:09.496   141   196 D NetworkManagementService: flags <[down broadcast multicast]>
12-31 19:22:09.511   141   157 D NetworkManagementService: Registering observer
12-31 19:22:09.515   141   186 I bluedroid: bt_enable: ret: -1, errno: 19
12-31 19:22:09.539   212   215 D dalvikvm: GC_CONCURRENT freed 106K, 3% free 9319K/9543K, paused 5ms+9ms
12-31 19:22:09.582   290   290 I wpa_supplicant: rfkill: Cannot open RFKILL control device
12-31 19:22:09.617   141   186 I bluedroid: bt_enable: ret: -1, errno: 19
12-31 19:22:09.632   141   157 D NetworkManagementService: Registering observer
12-31 19:22:09.636   141   157 I ActivityManager: Config changed: {1.0 0mcc0mnc en_US layoutdir=0 sw320dp w320dp h508dp nrml long port finger -keyb/v/h -nav/h s.3}
12-31 19:22:09.660   141   153 I StatusBarManagerService: registerStatusBar bar=com.android.internal.statusbar.IStatusBar$Stub$Proxy@41377a78
12-31 19:22:09.664   212   212 D PhoneStatusBar: disable: < expand icons alerts ticker system_info BACK* HOME* RECENT* CLOCK* >
12-31 19:22:09.714   141   186 I bluedroid: bt_enable: ret: -1, errno: 19
12-31 19:22:09.769   271   271 I ActivityThread: Pub com.google.settings: com.google.android.gsf.settings.GoogleSettingsProvider
12-31 19:22:09.773   141   158 I ActivityManager: Start proc com.android.settings for broadcast com.android.settings/.widget.SettingsAppWidgetProvider: pid=300 uid=1000 gids={1015, 3002, 3001, 3003, 3007}
12-31 19:22:09.781   212   212 D StorageNotification: Startup with UMS connection false (media state unmounted)
12-31 19:22:09.804   212   212 D SystemUIService: loading: class com.android.systemui.power.PowerUI
12-31 19:22:09.804   212   212 D SystemUIService: running: com.android.systemui.power.PowerUI@413872b0
12-31 19:22:09.808   212   306 I StorageNotification: UMS connection changed to false (media state unmounted)
12-31 19:22:09.851   141   186 I bluedroid: bt_enable: ret: 0, errno: 19
12-31 19:22:09.851   141   186 I bluedroid: Starting bluetoothd deamon
12-31 19:22:09.855   141   186 E BluetoothEventLoop.cpp: get_adapter_path: D-Bus error: org.freedesktop.DBus.Error.ServiceUnknown (The name org.bluez was not provided by any .service files)
12-31 19:22:09.867   141   186 E BluetoothEventLoop.cpp: get_adapter_path: D-Bus error: org.freedesktop.DBus.Error.ServiceUnknown (The name org.bluez was not provided by any .service files)
12-31 19:22:09.867   199   199 E brcm_patchram_plus: Done setting line discpline
12-31 19:22:09.878   141   186 E BluetoothEventLoop.cpp: get_adapter_path: D-Bus error: org.freedesktop.DBus.Error.ServiceUnknown (The name org.bluez was not provided by any .service files)
12-31 19:22:09.894   141   186 E BluetoothEventLoop.cpp: get_adapter_path: D-Bus error: org.freedesktop.DBus.Error.ServiceUnknown (The name org.bluez was not provided by any .service files)
12-31 19:22:09.906   141   186 E BluetoothEventLoop.cpp: get_adapter_path: D-Bus error: org.freedesktop.DBus.Error.ServiceUnknown (The name org.bluez was not provided by any .service files)
12-31 19:22:09.914   271   271 I ActivityThread: Pub subscribedfeeds: com.google.android.gsf.subscribedfeeds.SubscribedFeedsProvider
12-31 19:22:09.917   141   186 E BluetoothEventLoop.cpp: get_adapter_path: D-Bus error: org.freedesktop.DBus.Error.ServiceUnknown (The name org.bluez was not provided by any .service files)
12-31 19:22:09.929   141   186 E BluetoothEventLoop.cpp: get_adapter_path: D-Bus error: org.freedesktop.DBus.Error.ServiceUnknown (The name org.bluez was not provided by any .service files)
12-31 19:22:09.941   141   186 E BluetoothEventLoop.cpp: get_adapter_path: D-Bus error: org.freedesktop.DBus.Error.ServiceUnknown (The name org.bluez was not provided by any .service files)
12-31 19:22:09.953   141   186 E BluetoothEventLoop.cpp: get_adapter_path: D-Bus error: org.freedesktop.DBus.Error.ServiceUnknown (The name org.bluez was not provided by any .service files)
12-31 19:22:09.964   141   186 E BluetoothEventLoop.cpp: get_adapter_path: D-Bus error: org.freedesktop.DBus.Error.ServiceUnknown (The name org.bluez was not provided by any .service files)
12-31 19:22:09.980   141   186 E BluetoothEventLoop.cpp: get_adapter_path: D-Bus error: org.freedesktop.DBus.Error.ServiceUnknown (The name org.bluez was not provided by any .service files)
12-31 19:22:10.000   141   186 E BluetoothEventLoop.cpp: get_adapter_path: D-Bus error: org.freedesktop.DBus.Error.ServiceUnknown (The name org.bluez was not provided by any .service files)
12-31 19:22:10.050   141   186 E BluetoothEventLoop.cpp: get_adapter_path: D-Bus error: org.bluez.Error.NoSuchAdapter (No such adapter)
12-31 19:22:10.050   141   186 E BluetoothEventLoop.cpp: failure setting up Event Loop!
12-31 19:22:10.066   141   157 I ActivityManager: Start proc com.android.wallpaper for service com.android.wallpaper/.nexus.NexusWallpaper: pid=323 uid=10026 gids={1006}
12-31 19:22:10.066   141   157 W InputManagerService: Ignoring setImeWindowStatus of uid 1000 token: null
12-31 19:22:10.070   271   271 I ActivityThread: Pub com.google.contacts.gal.provider: com.google.android.syncadapters.contacts.GalProvider
12-31 19:22:10.136   271   271 I ActivityThread: Pub com.google.android.gsf.gservices: com.google.android.gsf.gservices.GservicesProvider
12-31 19:22:10.140   271   271 I GservicesProvider: Gservices pushing to system: true; secure: true
12-31 19:22:10.140   271   271 I ActivityThread: Pub com.google.android.providers.talk: com.google.android.gsf.talk.TalkProvider
12-31 19:22:10.144   141   157 I ActivityManager: Start proc com.android.inputmethod.latin for service com.android.inputmethod.latin/.LatinIME: pid=334 uid=10024 gids={}
12-31 19:22:10.167   141   157 D NetworkManagementService: Registering observer
12-31 19:22:10.218   271   274 D dalvikvm: GC_CONCURRENT freed 237K, 4% free 9170K/9479K, paused 2ms+1ms
12-31 19:22:10.238   290   290 I wpa_supplicant: wlan0: Trying to associate with d0:c2:82:84:8d:51 (SSID='UB_Secure' freq=2462 MHz)
12-31 19:22:10.281   141   143 D dalvikvm: GC_CONCURRENT freed 323K, 4% free 12515K/12935K, paused 3ms+5ms
12-31 19:22:10.324   141   157 I ActivityManager: Start proc com.android.phone for added application com.android.phone: pid=355 uid=1001 gids={3002, 3001, 3003, 1015}
12-31 19:22:10.386   141   346 W ThrottleService: unable to find stats for iface rmnet0
12-31 19:22:10.453   141   157 I ActivityManager: Start proc com.android.nfc for added application com.android.nfc: pid=372 uid=1027 gids={3002, 3001}
12-31 19:22:10.460   141   157 I ActivityManager: START {act=android.intent.action.MAIN cat=[android.intent.category.HOME] flg=0x10000000 cmp=com.android.launcher/com.android.launcher2.Launcher} from pid 0
12-31 19:22:10.515   141   157 I ActivityManager: Start proc com.android.launcher for activity com.android.launcher/com.android.launcher2.Launcher: pid=388 uid=10025 gids={}
12-31 19:22:10.515   141   157 I SystemServer: Enabled StrictMode for system server main thread.
12-31 19:22:10.632   141   197 D WifiService: New client listening to asynchronous messages
12-31 19:22:10.718   300   300 D LocalBluetoothProfileManager: LocalBluetoothProfileManager construction complete
12-31 19:22:10.789   372   372 I NfcService: Starting NFC service
12-31 19:22:10.835   141   186 E BluetoothService.cpp: setBluetoothTetheringNative true
12-31 19:22:10.851   372   372 D NFC JNI : NFC Service : loading JNI
12-31 19:22:10.886   141   404 D BluetoothEventLoop: Property Changed: UUIDs : 6
12-31 19:22:10.894   355   355 I ActivityThread: Pub telephony: com.android.providers.telephony.TelephonyProvider
12-31 19:22:10.894    79    79 D dalvikvm: GC_EXPLICIT freed 34K, 4% free 9027K/9347K, paused 24ms+31ms
12-31 19:22:10.902   141   404 D BluetoothEventLoop: Property Changed: UUIDs : 7
12-31 19:22:10.902   141   404 D BluetoothEventLoop: Property Changed: UUIDs : 8
12-31 19:22:10.906   141   404 D BluetoothEventLoop: Property Changed: UUIDs : 9
12-31 19:22:10.906   141   404 D BluetoothEventLoop: Property Changed: Pairable : false
12-31 19:22:10.953    79    79 D dalvikvm: GC_EXPLICIT freed <1K, 4% free 9027K/9347K, paused 1ms+2ms
12-31 19:22:10.976   388   388 I ActivityThread: Pub com.android.launcher2.settings: com.android.launcher2.LauncherProvider
12-31 19:22:11.019   355   355 W TelephonyProvider: onCreate: confFile=/system/etc/apns-conf.xml oldCheckSum=-1
12-31 19:22:11.054   372   372 I RegisteredComponentCache: ComponentInfo: ResolveInfo{4133b810 com.android.apps.tag.TagViewer p=0 o=0 m=0x108000}, techs: android.nfc.tech.Ndef, 
12-31 19:22:11.070   355   355 I ActivityThread: Pub icc: com.android.phone.IccProvider
12-31 19:22:11.070   355   355 I ActivityThread: Pub mms: com.android.providers.telephony.MmsProvider
12-31 19:22:11.078   355   355 I ActivityThread: Pub sms: com.android.providers.telephony.SmsProvider
12-31 19:22:11.082   355   355 I ActivityThread: Pub mms-sms: com.android.providers.telephony.MmsSmsProvider
12-31 19:22:11.089    79    79 D dalvikvm: GC_EXPLICIT freed <1K, 4% free 9027K/9347K, paused 6ms+4ms
12-31 19:22:11.113   141   343 D libsecgps: gps_get_gps_interface:
12-31 19:22:11.113   141   343 E libsecgps: gps_get_extension: gps-debug is not implemented
12-31 19:22:11.113   141   404 D BluetoothEventLoop: Property Changed: Powered : false
12-31 19:22:11.113   141   158 I ActivityManager: Start proc android.process.media for broadcast com.android.providers.media/.UsbReceiver: pid=412 uid=10012 gids={1015, 1023, 1024, 2001, 3003, 3007}
12-31 19:22:11.117   141   404 D BluetoothEventLoop: Property Changed: UUIDs : 10
12-31 19:22:11.117   141   186 D BluetoothAdapterStateMachine: WarmUp process message: 54
12-31 19:22:11.117   141   186 D BluetoothAdapterStateMachine: WarmUp process message: 51
12-31 19:22:11.332   334   423 E ActivityThread: Failed to find provider info for com.android.inputmethod.latin.dictionarypack
12-31 19:22:11.351   334   423 E BinaryDictionaryGetter: Could not find a dictionary pack
12-31 19:22:11.460   372   372 I NfceeAccess: read 3 signature(s) for NFCEE access
12-31 19:22:11.464   388   390 D dalvikvm: GC_CONCURRENT freed 264K, 4% free 9185K/9543K, paused 6ms+19ms
12-31 19:22:11.500   334   338 D dalvikvm: GC_CONCURRENT freed 191K, 3% free 9344K/9607K, paused 3ms+3ms
12-31 19:22:11.539   372   375 D dalvikvm: GC_CONCURRENT freed 323K, 5% free 9164K/9607K, paused 2ms+11ms
12-31 19:22:11.546   355   357 D dalvikvm: GC_CONCURRENT freed 285K, 5% free 9193K/9607K, paused 3ms+3ms
12-31 19:22:11.566   412   412 I ActivityThread: Pub media: com.android.providers.media.MediaProvider
12-31 19:22:11.695   141   269 I ActivityManager: Start proc android.process.acore for content provider com.android.providers.userdictionary/.UserDictionaryProvider: pid=433 uid=10000 gids={3003, 1015}
