06-03 05:53:53.031  5579 21418 W System.err: 	at org.apache.http.impl.conn.DefaultClientConnectionOperator.openConnection(DefaultClientConnectionOperator.java:183)
06-03 05:53:53.035  5579 21418 W System.err: 	at org.apache.http.impl.conn.AbstractPoolEntry.open(AbstractPoolEntry.java:164)
06-03 05:53:53.039  5579 21418 W System.err: 	at org.apache.http.impl.conn.AbstractPooledConnAdapter.open(AbstractPooledConnAdapter.java:119)
06-03 05:53:53.039  5579 21418 W System.err: 	at org.apache.http.impl.client.DefaultRequestDirector.execute(DefaultRequestDirector.java:360)
06-03 05:53:53.039  5579 21418 W System.err: 	at org.apache.http.impl.client.AbstractHttpClient.execute(AbstractHttpClient.java:555)
06-03 05:53:53.043  5579 21418 W System.err: 	at org.apache.http.impl.client.AbstractHttpClient.execute(AbstractHttpClient.java:487)
06-03 05:53:53.043  5579 21418 W System.err: 	at com.loopj.android.http.AsyncHttpRequest.makeRequest(Unknown Source)
06-03 05:53:53.047  5579 21418 W System.err: 	at com.loopj.android.http.AsyncHttpRequest.makeRequestWithRetries(Unknown Source)
06-03 05:53:53.047  5579 21418 W System.err: 	at com.loopj.android.http.AsyncHttpRequest.run(Unknown Source)
06-03 05:53:53.047  5579 21418 W System.err: 	at java.util.concurrent.Executors$RunnableAdapter.call(Executors.java:442)
06-03 05:53:53.050  5579 21418 W System.err: 	at java.util.concurrent.FutureTask$Sync.innerRun(FutureTask.java:305)
06-03 05:53:53.050  5579 21418 W System.err: 	at java.util.concurrent.FutureTask.run(FutureTask.java:137)
06-03 05:53:53.054  5579 21418 W System.err: 	at java.util.concurrent.ThreadPoolExecutor.runWorker(ThreadPoolExecutor.java:1076)
06-03 05:53:53.054  5579 21418 W System.err: 	at java.util.concurrent.ThreadPoolExecutor$Worker.run(ThreadPoolExecutor.java:569)
06-03 05:53:53.054  5579 21418 W System.err: 	at java.lang.Thread.run(Thread.java:856)
06-03 05:53:53.058  5579 21418 W System.err: Caused by: java.net.ConnectException: failed to connect to /107.20.190.88 (port 80): connect failed: EHOSTUNREACH (No route to host)
06-03 05:53:53.062  5579 21418 W System.err: 	at libcore.io.IoBridge.connect(IoBridge.java:114)
06-03 05:53:53.062  5579 21418 W System.err: 	at java.net.PlainSocketImpl.connect(PlainSocketImpl.java:192)
06-03 05:53:53.062  5579 21418 W System.err: 	at java.net.PlainSocketImpl.connect(PlainSocketImpl.java:459)
06-03 05:53:53.062  5579 21418 W System.err: 	at java.net.Socket.connect(Socket.java:842)
06-03 05:53:53.062  5579 21418 W System.err: 	at org.apache.http.conn.scheme.PlainSocketFactory.connectSocket(PlainSocketFactory.java:119)
06-03 05:53:53.062  5579 21418 W System.err: 	at org.apache.http.impl.conn.DefaultClientConnectionOperator.openConnection(DefaultClientConnectionOperator.java:144)
06-03 05:53:53.062  5579 21418 W System.err: 	... 14 more
06-03 05:53:53.062  5579 21418 W System.err: Caused by: libcore.io.ErrnoException: connect failed: EHOSTUNREACH (No route to host)
06-03 05:53:53.062  5579 21418 W System.err: 	at libcore.io.Posix.connect(Native Method)
06-03 05:53:53.062  5579 21418 W System.err: 	at libcore.io.BlockGuardOs.connect(BlockGuardOs.java:85)
06-03 05:53:53.062  5579 21418 W System.err: 	at libcore.io.IoBridge.connectErrno(IoBridge.java:127)
06-03 05:53:53.062  5579 21418 W System.err: 	at libcore.io.IoBridge.connect(IoBridge.java:112)
06-03 05:53:53.062  5579 21418 W System.err: 	... 19 more
06-03 05:53:53.062  5579  5579 E PhoneLab-: Transfering 1338122474838.log failed
06-03 05:53:53.062  5579  5579 I PhoneLab-Locks: wake lock released
06-03 05:56:25.043   215   215 I PowerUI : updating low battery warning: level=6 [-1]
06-03 05:56:25.519   277   277 I GTalkService/c: [AndroidEndpoint@1094035040] connect: acct=1000002, state=CONNECTING
06-03 05:56:25.519   277   277 I GTalkService/c: [GTalkConnection@1094113968] connect: acct=1, state=CONNECTING
06-03 05:56:27.523   277   868 E GTalkService: connectionClosed: no XMPPConnection - That's strange!
06-03 05:56:28.535   277   868 E GTalkService: connectionClosed: no XMPPConnection - That's strange!
06-03 05:58:00.015   215   215 I PowerUI : updating low battery warning: level=6 [-1]
06-03 05:58:01.035   277  1058 I EventLogService: Aggregate from 1338715680542 (log), 1338715680542 (data)
06-03 05:58:01.121   144   147 D dalvikvm: GC_CONCURRENT freed 1168K, 13% free 14324K/16455K, paused 2ms+5ms
06-03 06:01:27.047   215   215 I PowerUI : updating low battery warning: level=6 [-1]
06-03 06:01:27.074   144   201 D ConnectivityService: handleInetConditionHoldEnd: net=1, condition=0, published condition=0
06-03 06:01:27.570   277   277 I GTalkService/c: [AndroidEndpoint@1094035040] connect: acct=1000002, state=CONNECTING
06-03 06:01:27.570   277   277 I GTalkService/c: [GTalkConnection@1094113968] connect: acct=1, state=CONNECTING
06-03 06:01:30.613   277   868 E GTalkService: connectionClosed: no XMPPConnection - That's strange!
06-03 06:01:30.804   277   868 E GTalkService: connectionClosed: no XMPPConnection - That's strange!
06-03 06:06:30.046   215   215 I PowerUI : updating low battery warning: level=5 [-1]
06-03 06:06:31.011   277   277 I GTalkService/c: [AndroidEndpoint@1094035040] connect: acct=1000002, state=CONNECTING
06-03 06:06:31.015   277   277 I GTalkService/c: [GTalkConnection@1094113968] connect: acct=1, state=CONNECTING
06-03 06:06:32.531   277   868 E GTalkService: connectionClosed: no XMPPConnection - That's strange!
06-03 06:06:32.535   144   201 D ConnectivityService: handleInetConditionHoldEnd: net=1, condition=0, published condition=0
06-03 06:06:32.691   277   868 E GTalkService: connectionClosed: no XMPPConnection - That's strange!
06-03 06:11:12.027   215   215 I PowerUI : updating low battery warning: level=5 [-1]
06-03 06:11:12.078  5579  5592 I PhoneLab-: Service Running
06-03 06:11:12.140   215   217 D dalvikvm: GC_CONCURRENT freed 384K, 16% free 10398K/12359K, paused 2ms+5ms
06-03 06:11:12.175  5579  5592 I PhoneLab-LoggerService: app_37    967   1     1440   1072  c00f181c 40010988 S logcat
06-03 06:11:12.175  5579  5592 I PhoneLab-LoggerService: Logcat pid from database 967
06-03 06:11:12.175  5579  5592 I PhoneLab-LoggerService: Logcat process found 967
06-03 06:11:12.175  5579  5592 I PhoneLab-LoggerService: Checking Threshold
06-03 06:11:12.175  5579  5592 I PhoneLab-LoggerService: Starting to rename files
06-03 06:11:12.179  5579  5592 I PhoneLab-LoggerService: Files found .. 21
06-03 06:11:12.183  5579  5592 I PhoneLab-: Service Running
06-03 06:11:12.218  5579  5592 I PhoneLab-LoggerService: app_37    967   1     1440   1072  c00f181c 40010988 S logcat
06-03 06:11:12.218  5579  5592 I PhoneLab-LoggerService: Logcat pid from database 967
06-03 06:11:12.218  5579  5592 I PhoneLab-LoggerService: Logcat process found 967
06-03 06:11:12.218  5579  5592 I PhoneLab-LoggerService: Checking Threshold
06-03 06:11:12.218  5579  5592 I PhoneLab-LoggerService: Starting to rename files
06-03 06:11:12.222  5579  5592 I PhoneLab-LoggerService: Files found .. 21
06-03 06:11:12.222  5579  5592 I PhoneLab-: Service Running
06-03 06:11:12.261  5579  5592 I PhoneLab-LoggerService: app_37    967   1     1440   1072  c00f181c 40010988 S logcat
06-03 06:11:12.261  5579  5592 I PhoneLab-LoggerService: Logcat pid from database 967
06-03 06:11:12.261  5579  5592 I PhoneLab-LoggerService: Logcat process found 967
06-03 06:11:12.261  5579  5592 I PhoneLab-LoggerService: Checking Threshold
06-03 06:11:12.261  5579  5592 I PhoneLab-LoggerService: Starting to rename files
06-03 06:11:12.265  5579  5592 I PhoneLab-LoggerService: Files found .. 21
06-03 06:11:12.265  5579  5592 I PhoneLab-: Service Running
06-03 06:11:12.300  5579  5592 I PhoneLab-LoggerService: app_37    967   1     1440   1072  c00f181c 40010988 S logcat
06-03 06:11:12.300  5579  5592 I PhoneLab-LoggerService: Logcat pid from database 967
06-03 06:11:12.300  5579  5592 I PhoneLab-LoggerService: Logcat process found 967
06-03 06:11:12.300  5579  5592 I PhoneLab-LoggerService: Checking Threshold
06-03 06:11:12.300  5579  5592 I PhoneLab-LoggerService: Starting to rename files
06-03 06:11:12.304  5579  5592 I PhoneLab-LoggerService: Files found .. 21
06-03 06:11:12.304  5579  5592 I PhoneLab-: Service Running
06-03 06:11:12.355  5579  5592 I PhoneLab-LoggerService: app_37    967   1     1440   1072  c00f181c 40010988 S logcat
06-03 06:11:12.355  5579  5592 I PhoneLab-LoggerService: Logcat pid from database 967
06-03 06:11:12.355  5579  5592 I PhoneLab-LoggerService: Logcat process found 967
06-03 06:11:12.355  5579  5592 I PhoneLab-LoggerService: Checking Threshold
06-03 06:11:12.355  5579  5592 I PhoneLab-LoggerService: Starting to rename files
06-03 06:11:12.355  5579  5592 I PhoneLab-LoggerService: Files found .. 21
06-03 06:11:12.359  5579  5592 I PhoneLab-: Service Running
06-03 06:11:12.382  5579  5581 D dalvikvm: GC_CONCURRENT freed 910K, 20% free 9295K/11591K, paused 1ms+2ms
06-03 06:11:12.410  5579  5592 I PhoneLab-LoggerService: app_37    967   1     1440   1072  c00f181c 40010988 S logcat
06-03 06:11:12.414  5579  5592 I PhoneLab-LoggerService: Logcat pid from database 967
06-03 06:11:12.414  5579  5592 I PhoneLab-LoggerService: Logcat process found 967
06-03 06:11:12.414  5579  5592 I PhoneLab-LoggerService: Checking Threshold
06-03 06:11:12.414  5579  5592 I PhoneLab-LoggerService: Starting to rename files
06-03 06:11:12.414  5579  5592 I PhoneLab-LoggerService: Files found .. 21
06-03 06:11:12.418  5579  5592 I PhoneLab-: Service Running
06-03 06:11:12.453  5579  5592 I PhoneLab-LoggerService: app_37    967   1     1440   1072  c00f181c 40010988 S logcat
06-03 06:11:12.453  5579  5592 I PhoneLab-LoggerService: Logcat pid from database 967
06-03 06:11:12.453  5579  5592 I PhoneLab-LoggerService: Logcat process found 967
06-03 06:11:12.453  5579  5592 I PhoneLab-LoggerService: Checking Threshold
06-03 06:11:12.453  5579  5592 I PhoneLab-LoggerService: Starting to rename files
06-03 06:11:12.453  5579  5592 I PhoneLab-LoggerService: Files found .. 21
06-03 06:11:12.457  5579  5592 I PhoneLab-: Service Running
06-03 06:11:12.492  5579  5592 I PhoneLab-LoggerService: app_37    967   1     1440   1072  c00f181c 40010988 S logcat
06-03 06:11:12.492  5579  5592 I PhoneLab-LoggerService: Logcat pid from database 967
06-03 06:11:12.492  5579  5592 I PhoneLab-LoggerService: Logcat process found 967
06-03 06:11:12.492  5579  5592 I PhoneLab-LoggerService: Checking Threshold
06-03 06:11:12.492  5579  5592 I PhoneLab-LoggerService: Starting to rename files
06-03 06:11:12.496  5579  5592 I PhoneLab-LoggerService: Files found .. 21
06-03 06:11:12.496  5579  5592 I PhoneLab-: Service Running
06-03 06:11:12.718  5579  5592 I PhoneLab-LoggerService: app_37    967   1     1440   1072  c00f181c 40010988 S logcat
06-03 06:11:12.718  5579  5592 I PhoneLab-LoggerService: Logcat pid from database 967
06-03 06:11:12.718  5579  5592 I PhoneLab-LoggerService: Logcat process found 967
06-03 06:11:12.718  5579  5592 I PhoneLab-LoggerService: Checking Threshold
06-03 06:11:12.718  5579  5592 I PhoneLab-LoggerService: Starting to rename files
06-03 06:11:12.722  5579  5592 I PhoneLab-LoggerService: Files found .. 21
06-03 06:11:12.722  5579  5592 I PhoneLab-: Service Running
06-03 06:11:12.753  5579  5592 I PhoneLab-LoggerService: app_37    967   1     1440   1072  c00f181c 40010988 S logcat
06-03 06:11:12.753  5579  5592 I PhoneLab-LoggerService: Logcat pid from database 967
06-03 06:11:12.753  5579  5592 I PhoneLab-LoggerService: Logcat process found 967
06-03 06:11:12.753  5579  5592 I PhoneLab-LoggerService: Checking Threshold
06-03 06:11:12.753  5579  5592 I PhoneLab-LoggerService: Starting to rename files
06-03 06:11:12.753  5579  5592 I PhoneLab-LoggerService: Files found .. 21
06-03 06:11:12.757  5579  5592 I PhoneLab-: Service Running
06-03 06:11:12.796  5579  5592 I PhoneLab-LoggerService: app_37    967   1     1440   1072  c00f181c 40010988 S logcat
06-03 06:11:12.796  5579  5592 I PhoneLab-LoggerService: Logcat pid from database 967
06-03 06:11:12.796  5579  5592 I PhoneLab-LoggerService: Logcat process found 967
06-03 06:11:12.796  5579  5592 I PhoneLab-LoggerService: Checking Threshold
06-03 06:11:12.796  5579  5592 I PhoneLab-LoggerService: Starting to rename files
06-03 06:11:12.796  5579  5592 I PhoneLab-LoggerService: Files found .. 21
06-03 06:11:12.800  5579  5592 I PhoneLab-: Service Running
06-03 06:11:12.828  5579  5581 D dalvikvm: GC_CONCURRENT freed 431K, 20% free 9294K/11591K, paused 2ms+10ms
06-03 06:11:12.851  5579  5592 I PhoneLab-LoggerService: app_37    967   1     1440   1072  c00f181c 40010988 S logcat
06-03 06:11:12.855  5579  5592 I PhoneLab-LoggerService: Logcat pid from database 967
06-03 06:11:12.855  5579  5592 I PhoneLab-LoggerService: Logcat process found 967
06-03 06:11:12.855  5579  5592 I PhoneLab-LoggerService: Checking Threshold
06-03 06:11:12.855  5579  5592 I PhoneLab-LoggerService: Starting to rename files
06-03 06:11:12.855  5579  5592 I PhoneLab-LoggerService: Files found .. 21
06-03 06:11:12.859  5579  5592 I PhoneLab-: Service Running
06-03 06:11:12.886  5579  5592 I PhoneLab-LoggerService: app_37    967   1     1440   1072  c00f181c 40010988 S logcat
06-03 06:11:12.886  5579  5592 I PhoneLab-LoggerService: Logcat pid from database 967
06-03 06:11:12.886  5579  5592 I PhoneLab-LoggerService: Logcat process found 967
06-03 06:11:12.886  5579  5592 I PhoneLab-LoggerService: Checking Threshold
06-03 06:11:12.886  5579  5592 I PhoneLab-LoggerService: Starting to rename files
06-03 06:11:12.890  5579  5592 I PhoneLab-LoggerService: Files found .. 21
06-03 06:11:12.890  5579  5592 I PhoneLab-: Service Running
06-03 06:11:12.921  5579  5592 I PhoneLab-LoggerService: app_37    967   1     1440   1072  c00f181c 40010988 S logcat
06-03 06:11:12.921  5579  5592 I PhoneLab-LoggerService: Logcat pid from database 967
06-03 06:11:12.921  5579  5592 I PhoneLab-LoggerService: Logcat process found 967
06-03 06:11:12.921  5579  5592 I PhoneLab-LoggerService: Checking Threshold
06-03 06:11:12.921  5579  5592 I PhoneLab-LoggerService: Starting to rename files
06-03 06:11:12.921  5579  5592 I PhoneLab-LoggerService: Files found .. 21
06-03 06:11:12.925  5579  5592 I PhoneLab-: Service Running
06-03 06:11:12.953  5579  5592 I PhoneLab-LoggerService: app_37    967   1     1440   1072  c00f181c 40010988 S logcat
06-03 06:11:12.953  5579  5592 I PhoneLab-LoggerService: Logcat pid from database 967
06-03 06:11:12.953  5579  5592 I PhoneLab-LoggerService: Logcat process found 967
06-03 06:11:12.953  5579  5592 I PhoneLab-LoggerService: Checking Threshold
06-03 06:11:12.953  5579  5592 I PhoneLab-LoggerService: Starting to rename files
06-03 06:11:12.957  5579  5592 I PhoneLab-LoggerService: Files found .. 21
06-03 06:11:12.957  5579  5592 I PhoneLab-: Service Running
06-03 06:11:12.988  5579  5592 I PhoneLab-LoggerService: app_37    967   1     1440   1072  c00f181c 40010988 S logcat
06-03 06:11:12.988  5579  5592 I PhoneLab-LoggerService: Logcat pid from database 967
06-03 06:11:12.988  5579  5592 I PhoneLab-LoggerService: Logcat process found 967
06-03 06:11:12.988  5579  5592 I PhoneLab-LoggerService: Checking Threshold
06-03 06:11:12.988  5579  5592 I PhoneLab-LoggerService: Starting to rename files
06-03 06:11:12.988  5579  5592 I PhoneLab-LoggerService: Files found .. 21
06-03 06:11:12.992  5579  5592 I PhoneLab-: Service Running
06-03 06:11:13.031  5579  5592 I PhoneLab-LoggerService: app_37    967   1     1440   1072  c00f181c 40010988 S logcat
06-03 06:11:13.031  5579  5592 I PhoneLab-LoggerService: Logcat pid from database 967
06-03 06:11:13.031  5579  5592 I PhoneLab-LoggerService: Logcat process found 967
06-03 06:11:13.031  5579  5592 I PhoneLab-LoggerService: Checking Threshold
06-03 06:11:13.031  5579  5592 I PhoneLab-LoggerService: Starting to rename files
06-03 06:11:13.031  5579  5592 I PhoneLab-LoggerService: Files found .. 21
06-03 06:11:13.035  5579  5592 I PhoneLab-: Service Running
06-03 06:11:13.066  5579  5581 D dalvikvm: GC_CONCURRENT freed 429K, 20% free 9294K/11591K, paused 2ms+10ms
06-03 06:11:13.089  5579  5592 I PhoneLab-LoggerService: app_37    967   1     1440   1072  c00f181c 40010988 S logcat
06-03 06:11:13.089  5579  5592 I PhoneLab-LoggerService: Logcat pid from database 967
06-03 06:11:13.089  5579  5592 I PhoneLab-LoggerService: Logcat process found 967
06-03 06:11:13.089  5579  5592 I PhoneLab-LoggerService: Checking Threshold
06-03 06:11:13.089  5579  5592 I PhoneLab-LoggerService: Starting to rename files
06-03 06:11:13.089  5579  5592 I PhoneLab-LoggerService: Files found .. 21
06-03 06:11:13.093  5579  5592 I PhoneLab-: Service Running
06-03 06:11:13.121  5579  5592 I PhoneLab-LoggerService: app_37    967   1     1440   1072  c00f181c 40010988 S logcat
06-03 06:11:13.121  5579  5592 I PhoneLab-LoggerService: Logcat pid from database 967
06-03 06:11:13.121  5579  5592 I PhoneLab-LoggerService: Logcat process found 967
06-03 06:11:13.121  5579  5592 I PhoneLab-LoggerService: Checking Threshold
06-03 06:11:13.125  5579  5592 I PhoneLab-LoggerService: Starting to rename files
06-03 06:11:13.125  5579  5592 I PhoneLab-LoggerService: Files found .. 21
06-03 06:11:13.125  5579  5592 I PhoneLab-: Service Running
06-03 06:11:13.156  5579  5592 I PhoneLab-LoggerService: app_37    967   1     1440   1072  c00f181c 40010988 S logcat
06-03 06:11:13.156  5579  5592 I PhoneLab-LoggerService: Logcat pid from database 967
06-03 06:11:13.156  5579  5592 I PhoneLab-LoggerService: Logcat process found 967
06-03 06:11:13.156  5579  5592 I PhoneLab-LoggerService: Checking Threshold
06-03 06:11:13.156  5579  5592 I PhoneLab-LoggerService: Starting to rename files
06-03 06:11:13.160  5579  5592 I PhoneLab-LoggerService: Files found .. 21
06-03 06:11:13.160  5579  5592 I PhoneLab-: Service Running
06-03 06:11:13.187  5579  5592 I PhoneLab-LoggerService: app_37    967   1     1440   1072  c00f181c 40010988 S logcat
06-03 06:11:13.191  5579  5592 I PhoneLab-LoggerService: Logcat pid from database 967
06-03 06:11:13.191  5579  5592 I PhoneLab-LoggerService: Logcat process found 967
06-03 06:11:13.191  5579  5592 I PhoneLab-LoggerService: Checking Threshold
06-03 06:11:13.191  5579  5592 I PhoneLab-LoggerService: Starting to rename files
06-03 06:11:13.191  5579  5592 I PhoneLab-LoggerService: Files found .. 21
06-03 06:11:13.191  5579  5592 I PhoneLab-: Service Running
06-03 06:11:13.222  5579  5592 I PhoneLab-LoggerService: app_37    967   1     1440   1072  c00f181c 40010988 S logcat
06-03 06:11:13.222  5579  5592 I PhoneLab-LoggerService: Logcat pid from database 967
06-03 06:11:13.222  5579  5592 I PhoneLab-LoggerService: Logcat process found 967
06-03 06:11:13.222  5579  5592 I PhoneLab-LoggerService: Checking Threshold
06-03 06:11:13.222  5579  5592 I PhoneLab-LoggerService: Starting to rename files
06-03 06:11:13.222  5579  5592 I PhoneLab-LoggerService: Files found .. 21
06-03 06:11:31.003   144   201 D ConnectivityService: handleInetConditionHoldEnd: net=1, condition=0, published condition=0
06-03 06:11:32.593   277   277 I GTalkService/c: [AndroidEndpoint@1094035040] connect: acct=1000002, state=CONNECTING
06-03 06:11:32.597   277   277 I GTalkService/c: [GTalkConnection@1094113968] connect: acct=1, state=CONNECTING
06-03 06:11:35.628   277   868 E GTalkService: connectionClosed: no XMPPConnection - That's strange!
06-03 06:11:35.722   277   279 D dalvikvm: GC_CONCURRENT freed 732K, 8% free 11345K/12295K, paused 15ms+3ms
06-03 06:11:35.863   277   868 E GTalkService: connectionClosed: no XMPPConnection - That's strange!
06-03 06:13:38.027   215   215 I PowerUI : updating low battery warning: level=5 [-1]
06-03 06:13:39.007   144   160 V BackupManagerService: Running a backup pass
06-03 06:13:39.011   144   214 V BackupManagerService: Backup requested but nothing pending
06-03 06:16:35.711   277   277 I GTalkService/c: [AndroidEndpoint@1094035040] connect: acct=1000002, state=CONNECTING
06-03 06:16:35.711   277   277 I GTalkService/c: [GTalkConnection@1094113968] connect: acct=1, state=CONNECTING
06-03 06:16:36.066   277   868 E GTalkService: connectionClosed: no XMPPConnection - That's strange!
06-03 06:16:36.109   144   201 D ConnectivityService: handleInetConditionHoldEnd: net=1, condition=0, published condition=0
06-03 06:16:36.250   277   868 E GTalkService: connectionClosed: no XMPPConnection - That's strange!
06-03 06:21:35.047   215   215 I PowerUI : updating low battery warning: level=5 [-1]
06-03 06:21:36.125   277   277 I GTalkService/c: [AndroidEndpoint@1094035040] connect: acct=1000002, state=CONNECTING
06-03 06:21:36.129   277   277 I GTalkService/c: [GTalkConnection@1094113968] connect: acct=1, state=CONNECTING
06-03 06:21:39.168   277   868 E GTalkService: connectionClosed: no XMPPConnection - That's strange!
06-03 06:21:39.340   277   868 E GTalkService: connectionClosed: no XMPPConnection - That's strange!
06-03 06:23:30.047   215   215 I PowerUI : updating low battery warning: level=5 [-1]
06-03 06:23:31.172  5579  5579 I PhoneLab-Locks: wake lock acquired
06-03 06:23:31.183  5579 21444 I PhoneLab-PeriodicCheckService: User info is synched
06-03 06:23:31.183  5579 21444 I PhoneLab-PeriodicCheckService: Logger Service is running
06-03 06:23:31.187  5579  5579 I PhoneLab-Locks: wake lock acquired
06-03 06:23:31.195  5579  5579 I PhoneLab-StatusMonitor: Status Monitoring is started
06-03 06:23:31.195  5579  5579 E PhoneLab-PhoneLabManifest: java.io.FileNotFoundException: /data/data/edu.buffalo.cse.phonelab.phonelabservices/files/manifest.xml: open failed: ENOENT (No such file or directory)
06-03 06:23:31.211  5579  5579 I PhoneLab-Locks: wake lock released
06-03 06:23:31.214  5579 21444 I PhoneLab-Locks: wake lock acquired
06-03 06:23:31.222  5579  5579 I PhoneLab-UploadLogs: Transfering log files now
06-03 06:23:31.222  5579 21444 I PhoneLab-PeriodicCheckService: Rescheduling periodic checking...
06-03 06:23:31.226  5579 21444 I PhoneLab-Locks: wake lock released
06-03 06:23:31.257  5579  5581 D dalvikvm: GC_CONCURRENT freed 501K, 20% free 9305K/11591K, paused 3ms+3ms
06-03 06:23:31.308  5579  5581 D dalvikvm: GC_CONCURRENT freed 286K, 19% free 9500K/11591K, paused 2ms+2ms
06-03 06:23:31.324  5579  5579 D dalvikvm: GC_FOR_ALLOC freed 177K, 18% free 9571K/11591K, paused 13ms
06-03 06:23:31.339  5579  5579 I PhoneLab-UploadLogs: OnStartCommand
06-03 06:23:31.351  5579  5581 D dalvikvm: GC_CONCURRENT freed 299K, 16% free 9784K/11591K, paused 2ms+3ms
06-03 06:23:32.351   144   201 D ConnectivityService: handleInetConditionHoldEnd: net=1, condition=0, published condition=0
06-03 06:24:20.035   215   215 I PowerUI : updating low battery warning: level=5 [-1]
06-03 06:24:20.203  5579  5592 I PhoneLab-: Service Running
06-03 06:24:20.257  5579  5592 I PhoneLab-LoggerService: app_37    967   1     1440   1072  c00f181c 40010988 S logcat
06-03 06:24:20.257  5579  5592 I PhoneLab-LoggerService: Logcat pid from database 967
06-03 06:24:20.257  5579  5592 I PhoneLab-LoggerService: Logcat process found 967
06-03 06:24:20.257  5579  5592 I PhoneLab-LoggerService: Checking Threshold
06-03 06:24:20.257  5579  5592 I PhoneLab-LoggerService: Starting to rename files
06-03 06:24:20.261  5579  5592 I PhoneLab-LoggerService: Files found .. 21
06-03 06:24:20.261  5579  5592 I PhoneLab-: Service Running
06-03 06:24:20.289  5579  5592 I PhoneLab-LoggerService: app_37    967   1     1440   1072  c00f181c 40010988 S logcat
06-03 06:24:20.293  5579  5592 I PhoneLab-LoggerService: Logcat pid from database 967
06-03 06:24:20.293  5579  5592 I PhoneLab-LoggerService: Logcat process found 967
06-03 06:24:20.293  5579  5592 I PhoneLab-LoggerService: Checking Threshold
06-03 06:24:20.293  5579  5592 I PhoneLab-LoggerService: Starting to rename files
06-03 06:24:20.293  5579  5592 I PhoneLab-LoggerService: Files found .. 21
06-03 06:24:20.293  5579  5592 I PhoneLab-: Service Running
06-03 06:24:20.324  5579  5592 I PhoneLab-LoggerService: app_37    967   1     1440   1072  c00f181c 40010988 S logcat
06-03 06:24:20.324  5579  5592 I PhoneLab-LoggerService: Logcat pid from database 967
06-03 06:24:20.324  5579  5592 I PhoneLab-LoggerService: Logcat process found 967
06-03 06:24:20.324  5579  5592 I PhoneLab-LoggerService: Checking Threshold
06-03 06:24:20.324  5579  5592 I PhoneLab-LoggerService: Starting to rename files
06-03 06:24:20.328  5579  5592 I PhoneLab-LoggerService: Files found .. 21
06-03 06:24:20.328  5579  5592 I PhoneLab-: Service Running
06-03 06:24:20.359  5579  5592 I PhoneLab-LoggerService: app_37    967   1     1440   1072  c00f181c 40010988 S logcat
06-03 06:24:20.359  5579  5592 I PhoneLab-LoggerService: Logcat pid from database 967
06-03 06:24:20.359  5579  5592 I PhoneLab-LoggerService: Logcat process found 967
06-03 06:24:20.359  5579  5592 I PhoneLab-LoggerService: Checking Threshold
06-03 06:24:20.359  5579  5592 I PhoneLab-LoggerService: Starting to rename files
06-03 06:24:20.359  5579  5592 I PhoneLab-LoggerService: Files found .. 21
06-03 06:24:20.363  5579  5592 I PhoneLab-: Service Running
06-03 06:24:20.390  5579  5592 I PhoneLab-LoggerService: app_37    967   1     1440   1072  c00f181c 40010988 S logcat
06-03 06:24:20.390  5579  5592 I PhoneLab-LoggerService: Logcat pid from database 967
06-03 06:24:20.390  5579  5592 I PhoneLab-LoggerService: Logcat process found 967
06-03 06:24:20.390  5579  5592 I PhoneLab-LoggerService: Checking Threshold
06-03 06:24:20.394  5579  5592 I PhoneLab-LoggerService: Starting to rename files
06-03 06:24:20.394  5579  5592 I PhoneLab-LoggerService: Files found .. 21
06-03 06:24:20.394  5579  5592 I PhoneLab-: Service Running
06-03 06:24:20.437  5579  5581 D dalvikvm: GC_CONCURRENT freed 383K, 16% free 9818K/11591K, paused 2ms+6ms
06-03 06:24:20.441  5579  5592 I PhoneLab-LoggerService: app_37    967   1     1440   1072  c00f181c 40010988 S logcat
06-03 06:24:20.445  5579  5592 I PhoneLab-LoggerService: Logcat pid from database 967
06-03 06:24:20.445  5579  5592 I PhoneLab-LoggerService: Logcat process found 967
06-03 06:24:20.445  5579  5592 I PhoneLab-LoggerService: Checking Threshold
06-03 06:24:20.445  5579  5592 I PhoneLab-LoggerService: Starting to rename files
06-03 06:24:20.445  5579  5592 I PhoneLab-LoggerService: Files found .. 21
06-03 06:24:20.453  5579  5592 I PhoneLab-: Service Running
06-03 06:24:20.484  5579  5592 I PhoneLab-LoggerService: app_37    967   1     1440   1072  c00f181c 40010988 S logcat
06-03 06:24:20.484  5579  5592 I PhoneLab-LoggerService: Logcat pid from database 967
06-03 06:24:20.484  5579  5592 I PhoneLab-LoggerService: Logcat process found 967
06-03 06:24:20.484  5579  5592 I PhoneLab-LoggerService: Checking Threshold
06-03 06:24:20.484  5579  5592 I PhoneLab-LoggerService: Starting to rename files
06-03 06:24:20.484  5579  5592 I PhoneLab-LoggerService: Files found .. 21
06-03 06:25:10.062   215   215 I PowerUI : updating low battery warning: level=5 [-1]
06-03 06:25:25.187  5579 21446 W System.err: org.apache.http.conn.HttpHostConnectException: Connection to http://107.20.190.88 refused
06-03 06:25:25.191  5579 21446 W System.err: 	at org.apache.http.impl.conn.DefaultClientConnectionOperator.openConnection(DefaultClientConnectionOperator.java:183)
06-03 06:25:25.195  5579 21446 W System.err: 	at org.apache.http.impl.conn.AbstractPoolEntry.open(AbstractPoolEntry.java:164)
06-03 06:25:25.195  5579 21446 W System.err: 	at org.apache.http.impl.conn.AbstractPooledConnAdapter.open(AbstractPooledConnAdapter.java:119)
06-03 06:25:25.195  5579 21446 W System.err: 	at org.apache.http.impl.client.DefaultRequestDirector.execute(DefaultRequestDirector.java:360)
06-03 06:25:25.199  5579 21446 W System.err: 	at org.apache.http.impl.client.AbstractHttpClient.execute(AbstractHttpClient.java:555)
06-03 06:25:25.199  5579 21446 W System.err: 	at org.apache.http.impl.client.AbstractHttpClient.execute(AbstractHttpClient.java:487)
06-03 06:25:25.199  5579 21446 W System.err: 	at com.loopj.android.http.AsyncHttpRequest.makeRequest(Unknown Source)
06-03 06:25:25.203  5579 21446 W System.err: 	at com.loopj.android.http.AsyncHttpRequest.makeRequestWithRetries(Unknown Source)
06-03 06:25:25.203  5579 21446 W System.err: 	at com.loopj.android.http.AsyncHttpRequest.run(Unknown Source)
06-03 06:25:25.203  5579 21446 W System.err: 	at java.util.concurrent.Executors$RunnableAdapter.call(Executors.java:442)
06-03 06:25:25.207  5579 21446 W System.err: 	at java.util.concurrent.FutureTask$Sync.innerRun(FutureTask.java:305)
06-03 06:25:25.207  5579 21446 W System.err: 	at java.util.concurrent.FutureTask.run(FutureTask.java:137)
06-03 06:25:25.207  5579 21446 W System.err: 	at java.util.concurrent.ThreadPoolExecutor.runWorker(ThreadPoolExecutor.java:1076)
06-03 06:25:25.211  5579 21446 W System.err: 	at java.util.concurrent.ThreadPoolExecutor$Worker.run(ThreadPoolExecutor.java:569)
06-03 06:25:25.211  5579 21446 W System.err: 	at java.lang.Thread.run(Thread.java:856)
06-03 06:25:25.211  5579 21446 W System.err: Caused by: java.net.ConnectException: failed to connect to /107.20.190.88 (port 80): connect failed: EHOSTUNREACH (No route to host)
06-03 06:25:25.214  5579 21446 W System.err: 	at libcore.io.IoBridge.connect(IoBridge.java:114)
06-03 06:25:25.214  5579 21446 W System.err: 	at java.net.PlainSocketImpl.connect(PlainSocketImpl.java:192)
06-03 06:25:25.214  5579 21446 W System.err: 	at java.net.PlainSocketImpl.connect(PlainSocketImpl.java:459)
06-03 06:25:25.214  5579 21446 W System.err: 	at java.net.Socket.connect(Socket.java:842)
06-03 06:25:25.214  5579 21446 W System.err: 	at org.apache.http.conn.scheme.PlainSocketFactory.connectSocket(PlainSocketFactory.java:119)
06-03 06:25:25.214  5579 21446 W System.err: 	at org.apache.http.impl.conn.DefaultClientConnectionOperator.openConnection(DefaultClientConnectionOperator.java:144)
06-03 06:25:25.214  5579 21446 W System.err: 	... 14 more
06-03 06:25:25.214  5579 21446 W System.err: Caused by: libcore.io.ErrnoException: connect failed: EHOSTUNREACH (No route to host)
06-03 06:25:25.214  5579 21446 W System.err: 	at libcore.io.Posix.connect(Native Method)
06-03 06:25:25.214  5579 21446 W System.err: 	at libcore.io.BlockGuardOs.connect(BlockGuardOs.java:85)
06-03 06:25:25.214  5579 21446 W System.err: 	at libcore.io.IoBridge.connectErrno(IoBridge.java:127)
06-03 06:25:25.214  5579 21446 W System.err: 	at libcore.io.IoBridge.connect(IoBridge.java:112)
06-03 06:25:25.214  5579 21446 W System.err: 	... 19 more
06-03 06:25:25.214  5579  5579 E PhoneLab-: Transfering 1338122474838.log failed
06-03 06:25:25.214  5579  5579 I PhoneLab-Locks: wake lock released
06-03 06:26:39.047   215   215 I PowerUI : updating low battery warning: level=5 [-1]
06-03 06:26:39.226   277   277 I GTalkService/c: [AndroidEndpoint@1094035040] connect: acct=1000002, state=CONNECTING
06-03 06:26:39.238   277   277 I GTalkService/c: [GTalkConnection@1094113968] connect: acct=1, state=CONNECTING
06-03 06:26:43.519   144   201 D ConnectivityService: handleInetConditionHoldEnd: net=1, condition=100, published condition=0
06-03 06:26:44.453  6185  6188 D dalvikvm: GC_CONCURRENT freed 400K, 6% free 9340K/9927K, paused 2ms+2ms
06-03 06:28:01.175   277  1002 I EventLogService: Aggregate from 1338717481037 (log), 1338717481037 (data)
06-03 06:37:54.015   215   215 I PowerUI : updating low battery warning: level=5 [-1]
06-03 06:41:13.023   215   215 I PowerUI : updating low battery warning: level=5 [-1]
06-03 06:41:13.496   144   147 D dalvikvm: GC_CONCURRENT freed 1271K, 13% free 14332K/16455K, paused 2ms+5ms
06-03 06:42:46.047   215   215 I PowerUI : updating low battery warning: level=5 [-1]
06-03 06:52:39.062   215   215 I PowerUI : updating low battery warning: level=5 [-1]
06-03 06:52:39.125   215   217 D dalvikvm: GC_CONCURRENT freed 386K, 16% free 10406K/12359K, paused 2ms+5ms
06-03 06:53:31.238  5579  5579 I PhoneLab-Locks: wake lock acquired
06-03 06:53:31.324   144   155 D dalvikvm: GC_EXPLICIT freed 241K, 14% free 14270K/16455K, paused 7ms+5ms
06-03 06:53:31.328   215   215 I PowerUI : updating low battery warning: level=5 [-1]
06-03 06:53:31.336  5579 21462 I PhoneLab-PeriodicCheckService: User info is synched
06-03 06:53:31.336  5579 21462 I PhoneLab-PeriodicCheckService: Logger Service is running
06-03 06:53:31.343  5579  5579 I PhoneLab-Locks: wake lock acquired
06-03 06:53:31.347  5579  5579 I PhoneLab-StatusMonitor: Status Monitoring is started
06-03 06:53:31.351  5579  5579 E PhoneLab-PhoneLabManifest: java.io.FileNotFoundException: /data/data/edu.buffalo.cse.phonelab.phonelabservices/files/manifest.xml: open failed: ENOENT (No such file or directory)
06-03 06:53:31.351  5579  5579 I PhoneLab-Locks: wake lock released
06-03 06:53:31.355  5579 21462 I PhoneLab-Locks: wake lock acquired
06-03 06:53:31.359  5579  5579 I PhoneLab-UploadLogs: Transfering log files now
06-03 06:53:31.363  5579 21462 I PhoneLab-PeriodicCheckService: Rescheduling periodic checking...
06-03 06:53:31.363  5579 21462 I PhoneLab-Locks: wake lock released
06-03 06:53:31.406  5579  5581 D dalvikvm: GC_CONCURRENT freed 982K, 20% free 9348K/11591K, paused 2ms+3ms
06-03 06:53:31.429  5579  5579 D dalvikvm: GC_FOR_ALLOC freed 180K, 19% free 9443K/11591K, paused 14ms
06-03 06:53:31.449  5579  5579 D dalvikvm: GC_FOR_ALLOC freed 120K, 18% free 9571K/11591K, paused 13ms
06-03 06:53:31.472  5579  5579 I PhoneLab-UploadLogs: OnStartCommand
06-03 06:53:31.484  5579  5581 D dalvikvm: GC_CONCURRENT freed 46K, 14% free 10037K/11591K, paused 2ms+3ms
06-03 06:53:32.144  5579 21464 D dalvikvm: GC_FOR_ALLOC freed 562K, 16% free 9800K/11591K, paused 24ms
06-03 06:53:32.160  5579 21464 D dalvikvm: GC_FOR_ALLOC freed 301K, 16% free 9801K/11591K, paused 13ms
06-03 06:53:32.175  5579 21464 D dalvikvm: GC_FOR_ALLOC freed 301K, 16% free 9802K/11591K, paused 13ms
06-03 06:53:42.628  5579 21464 W System.err: java.net.SocketTimeoutException
06-03 06:53:42.636  5579 21464 W System.err: 	at java.net.PlainSocketImpl.read(PlainSocketImpl.java:491)
06-03 06:53:42.636  5579 21464 W System.err: 	at java.net.PlainSocketImpl.access$000(PlainSocketImpl.java:46)
06-03 06:53:42.640  5579 21464 W System.err: 	at java.net.PlainSocketImpl$PlainSocketInputStream.read(PlainSocketImpl.java:240)
06-03 06:53:42.640  5579 21464 W System.err: 	at org.apache.http.impl.io.AbstractSessionInputBuffer.fillBuffer(AbstractSessionInputBuffer.java:103)
06-03 06:53:42.644  5579 21464 W System.err: 	at org.apache.http.impl.io.AbstractSessionInputBuffer.readLine(AbstractSessionInputBuffer.java:191)
06-03 06:53:42.644  5579 21464 W System.err: 	at org.apache.http.impl.conn.DefaultResponseParser.parseHead(DefaultResponseParser.java:82)
06-03 06:53:42.644  5579 21464 W System.err: 	at org.apache.http.impl.io.AbstractMessageParser.parse(AbstractMessageParser.java:174)
06-03 06:53:42.648  5579 21464 W System.err: 	at org.apache.http.impl.AbstractHttpClientConnection.receiveResponseHeader(AbstractHttpClientConnection.java:180)
06-03 06:53:42.648  5579 21464 W System.err: 	at org.apache.http.impl.conn.DefaultClientConnection.receiveResponseHeader(DefaultClientConnection.java:235)
06-03 06:53:42.652  5579 21464 W System.err: 	at org.apache.http.impl.conn.AbstractClientConnAdapter.receiveResponseHeader(AbstractClientConnAdapter.java:259)
06-03 06:53:42.652  5579 21464 W System.err: 	at org.apache.http.protocol.HttpRequestExecutor.doReceiveResponse(HttpRequestExecutor.java:279)
06-03 06:53:42.652  5579 21464 W System.err: 	at org.apache.http.protocol.HttpRequestExecutor.execute(HttpRequestExecutor.java:121)
06-03 06:53:42.656  5579 21464 W System.err: 	at org.apache.http.impl.client.DefaultRequestDirector.execute(DefaultRequestDirector.java:428)
06-03 06:53:42.656  5579 21464 W System.err: 	at org.apache.http.impl.client.AbstractHttpClient.execute(AbstractHttpClient.java:555)
06-03 06:53:42.656  5579 21464 W System.err: 	at org.apache.http.impl.client.AbstractHttpClient.execute(AbstractHttpClient.java:487)
06-03 06:53:42.660  5579 21464 W System.err: 	at com.loopj.android.http.AsyncHttpRequest.makeRequest(Unknown Source)
06-03 06:53:42.660  5579 21464 W System.err: 	at com.loopj.android.http.AsyncHttpRequest.makeRequestWithRetries(Unknown Source)
06-03 06:53:42.660  5579 21464 W System.err: 	at com.loopj.android.http.AsyncHttpRequest.run(Unknown Source)
06-03 06:53:42.660  5579 21464 W System.err: 	at java.util.concurrent.Executors$RunnableAdapter.call(Executors.java:442)
06-03 06:53:42.660  5579 21464 W System.err: 	at java.util.concurrent.FutureTask$Sync.innerRun(FutureTask.java:305)
06-03 06:53:42.664  5579 21464 W System.err: 	at java.util.concurrent.FutureTask.run(FutureTask.java:137)
06-03 06:53:42.664  5579 21464 W System.err: 	at java.util.concurrent.ThreadPoolExecutor.runWorker(ThreadPoolExecutor.java:1076)
06-03 06:53:42.664  5579 21464 W System.err: 	at java.util.concurrent.ThreadPoolExecutor$Worker.run(ThreadPoolExecutor.java:569)
06-03 06:53:42.664  5579 21464 W System.err: 	at java.lang.Thread.run(Thread.java:856)
06-03 06:53:42.664  5579 21464 W System.err: java.net.SocketTimeoutException
06-03 06:53:42.664  5579 21464 W System.err: 	at java.net.PlainSocketImpl.read(PlainSocketImpl.java:491)
06-03 06:53:42.664  5579 21464 W System.err: 	at java.net.PlainSocketImpl.access$000(PlainSocketImpl.java:46)
06-03 06:53:42.664  5579 21464 W System.err: 	at java.net.PlainSocketImpl$PlainSocketInputStream.read(PlainSocketImpl.java:240)
06-03 06:53:42.664  5579 21464 W System.err: 	at org.apache.http.impl.io.AbstractSessionInputBuffer.fillBuffer(AbstractSessionInputBuffer.java:103)
06-03 06:53:42.664  5579 21464 W System.err: 	at org.apache.http.impl.io.AbstractSessionInputBuffer.readLine(AbstractSessionInputBuffer.java:191)
06-03 06:53:42.664  5579 21464 W System.err: 	at org.apache.http.impl.conn.DefaultResponseParser.parseHead(DefaultResponseParser.java:82)
06-03 06:53:42.664  5579 21464 W System.err: 	at org.apache.http.impl.io.AbstractMessageParser.parse(AbstractMessageParser.java:174)
06-03 06:53:42.664  5579 21464 W System.err: 	at org.apache.http.impl.AbstractHttpClientConnection.receiveResponseHeader(AbstractHttpClientConnection.java:180)
06-03 06:53:42.664  5579 21464 W System.err: 	at org.apache.http.impl.conn.DefaultClientConnection.receiveResponseHeader(DefaultClientConnection.java:235)
06-03 06:53:42.664  5579 21464 W System.err: 	at org.apache.http.impl.conn.AbstractClientConnAdapter.receiveResponseHeader(AbstractClientConnAdapter.java:259)
06-03 06:53:42.664  5579 21464 W System.err: 	at org.apache.http.protocol.HttpRequestExecutor.doReceiveResponse(HttpRequestExecutor.java:279)
06-03 06:53:42.664  5579 21464 W System.err: 	at org.apache.http.protocol.HttpRequestExecutor.execute(HttpRequestExecutor.java:121)
06-03 06:53:42.664  5579 21464 W System.err: 	at org.apache.http.impl.client.DefaultRequestDirector.execute(DefaultRequestDirector.java:428)
06-03 06:53:42.664  5579 21464 W System.err: 	at org.apache.http.impl.client.AbstractHttpClient.execute(AbstractHttpClient.java:555)
06-03 06:53:42.664  5579 21464 W System.err: 	at org.apache.http.impl.client.AbstractHttpClient.execute(AbstractHttpClient.java:487)
06-03 06:53:42.664  5579 21464 W System.err: 	at com.loopj.android.http.AsyncHttpRequest.makeRequest(Unknown Source)
06-03 06:53:42.664  5579 21464 W System.err: 	at com.loopj.android.http.AsyncHttpRequest.makeRequestWithRetries(Unknown Source)
06-03 06:53:42.664  5579 21464 W System.err: 	at com.loopj.android.http.AsyncHttpRequest.run(Unknown Source)
06-03 06:53:42.664  5579 21464 W System.err: 	at java.util.concurrent.Executors$RunnableAdapter.call(Executors.java:442)
06-03 06:53:42.664  5579 21464 W System.err: 	at java.util.concurrent.FutureTask$Sync.innerRun(FutureTask.java:305)
06-03 06:53:42.664  5579 21464 W System.err: 	at java.util.concurrent.FutureTask.run(FutureTask.java:137)
06-03 06:53:42.668  5579 21464 W System.err: 	at java.util.concurrent.ThreadPoolExecutor.runWorker(ThreadPoolExecutor.java:1076)
06-03 06:53:42.668  5579 21464 W System.err: 	at java.util.concurrent.ThreadPoolExecutor$Worker.run(ThreadPoolExecutor.java:569)
06-03 06:53:42.668  5579 21464 W System.err: 	at java.lang.Thread.run(Thread.java:856)
06-03 06:53:42.668  5579  5579 E PhoneLab-: Transfering 1338122474838.log failed
06-03 06:53:42.668  5579  5579 I PhoneLab-Locks: wake lock released
06-03 06:56:46.046   215   215 I PowerUI : updating low battery warning: level=5 [-1]
06-03 06:56:48.011   277 21457 W Smack/Packet: notify conn break (IOEx), close connection
06-03 06:56:48.168   277 21457 I qtaguid : Failed write_ctrl(u 86) res=-1 errno=22
06-03 06:56:48.168   277 21457 I qtaguid : Untagging socket 86 failed errno=-22
06-03 06:56:48.203   277 21457 W NetworkManagementSocketTagger: untagSocket(86) failed with errno -22
06-03 06:56:48.261   277   279 D dalvikvm: GC_CONCURRENT freed 643K, 8% free 11359K/12295K, paused 15ms+4ms
06-03 06:56:55.851   277   277 I GTalkService/c: [AndroidEndpoint@1094035040] connect: acct=1000002, state=CONNECTING
06-03 06:56:55.855   277   277 I GTalkService/c: [GTalkConnection@1094113968] connect: acct=1, state=CONNECTING
06-03 06:56:56.586   144   201 D ConnectivityService: handleInetConditionHoldEnd: net=1, condition=0, published condition=100
06-03 06:56:58.277   144   201 D ConnectivityService: handleInetConditionHoldEnd: net=1, condition=100, published condition=0
06-03 06:58:01.027   215   215 I PowerUI : updating low battery warning: level=5 [-1]
06-03 06:58:01.265   277   778 I EventLogService: Aggregate from 1338719281178 (log), 1338719281178 (data)
06-03 07:07:54.046   215   215 I PowerUI : updating low battery warning: level=5 [-1]
06-03 07:11:13.043   215   215 I PowerUI : updating low battery warning: level=5 [-1]
06-03 07:11:13.437   909   911 D dalvikvm: GC_CONCURRENT freed 408K, 6% free 10039K/10567K, paused 2ms+3ms
06-03 07:12:59.047   215   215 I PowerUI : updating low battery warning: level=5 [-1]
06-03 07:13:17.070   144   370 W ActivityManager: finishReceiver called but no pending broadcasts
06-03 07:13:17.078   277 21472 W Smack/Packet: notify conn break (IOEx), close connection
06-03 07:13:29.023   277   277 I GTalkService/c: [AndroidEndpoint@1094035040] connect: acct=1000002, state=CONNECTING
06-03 07:13:29.023   277   277 I GTalkService/c: [GTalkConnection@1094113968] connect: acct=1, state=CONNECTING
06-03 07:13:30.058  5579  5592 I PhoneLab-: Service Running
06-03 07:13:30.132  5579  5592 I PhoneLab-LoggerService: app_37    967   1     1440   1072  c00f181c 40010988 S logcat
06-03 07:13:30.132  5579  5592 I PhoneLab-LoggerService: Logcat pid from database 967
06-03 07:13:30.132  5579  5592 I PhoneLab-LoggerService: Logcat process found 967
06-03 07:13:30.132  5579  5592 I PhoneLab-LoggerService: Checking Threshold
06-03 07:13:30.132  5579  5592 I PhoneLab-LoggerService: Starting to rename files
06-03 07:13:30.132  5579  5592 I PhoneLab-LoggerService: Files found .. 21
06-03 07:13:30.136  5579  5592 I PhoneLab-: Service Running
06-03 07:13:30.160  5579  5581 D dalvikvm: GC_CONCURRENT freed 921K, 20% free 9291K/11591K, paused 1ms+6ms
06-03 07:13:30.183  5579  5592 I PhoneLab-LoggerService: app_37    967   1     1440   1072  c00f181c 40010988 S logcat
06-03 07:13:30.183  5579  5592 I PhoneLab-LoggerService: Logcat pid from database 967
06-03 07:13:30.183  5579  5592 I PhoneLab-LoggerService: Logcat process found 967
06-03 07:13:30.183  5579  5592 I PhoneLab-LoggerService: Checking Threshold
06-03 07:13:30.183  5579  5592 I PhoneLab-LoggerService: Starting to rename files
06-03 07:13:30.183  5579  5592 I PhoneLab-LoggerService: Files found .. 21
06-03 07:13:30.187  5579  5592 I PhoneLab-: Service Running
06-03 07:13:30.214  5579  5592 I PhoneLab-LoggerService: app_37    967   1     1440   1072  c00f181c 40010988 S logcat
06-03 07:13:30.214  5579  5592 I PhoneLab-LoggerService: Logcat pid from database 967
06-03 07:13:30.214  5579  5592 I PhoneLab-LoggerService: Logcat process found 967
06-03 07:13:30.214  5579  5592 I PhoneLab-LoggerService: Checking Threshold
06-03 07:13:30.218  5579  5592 I PhoneLab-LoggerService: Starting to rename files
06-03 07:13:30.218  5579  5592 I PhoneLab-LoggerService: Files found .. 21
06-03 07:13:30.218  5579  5592 I PhoneLab-: Service Running
06-03 07:13:30.250  5579  5592 I PhoneLab-LoggerService: app_37    967   1     1440   1072  c00f181c 40010988 S logcat
06-03 07:13:30.250  5579  5592 I PhoneLab-LoggerService: Logcat pid from database 967
06-03 07:13:30.250  5579  5592 I PhoneLab-LoggerService: Logcat process found 967
06-03 07:13:30.250  5579  5592 I PhoneLab-LoggerService: Checking Threshold
06-03 07:13:30.250  5579  5592 I PhoneLab-LoggerService: Starting to rename files
06-03 07:13:30.250  5579  5592 I PhoneLab-LoggerService: Files found .. 21
06-03 07:13:30.253  5579  5592 I PhoneLab-: Service Running
06-03 07:13:30.281  5579  5592 I PhoneLab-LoggerService: app_37    967   1     1440   1072  c00f181c 40010988 S logcat
06-03 07:13:30.281  5579  5592 I PhoneLab-LoggerService: Logcat pid from database 967
06-03 07:13:30.281  5579  5592 I PhoneLab-LoggerService: Logcat process found 967
06-03 07:13:30.281  5579  5592 I PhoneLab-LoggerService: Checking Threshold
06-03 07:13:30.285  5579  5592 I PhoneLab-LoggerService: Starting to rename files
06-03 07:13:30.285  5579  5592 I PhoneLab-LoggerService: Files found .. 21
06-03 07:13:30.285  5579  5592 I PhoneLab-: Service Running
06-03 07:13:30.316  5579  5592 I PhoneLab-LoggerService: app_37    967   1     1440   1072  c00f181c 40010988 S logcat
06-03 07:13:30.316  5579  5592 I PhoneLab-LoggerService: Logcat pid from database 967
06-03 07:13:30.316  5579  5592 I PhoneLab-LoggerService: Logcat process found 967
06-03 07:13:30.316  5579  5592 I PhoneLab-LoggerService: Checking Threshold
06-03 07:13:30.316  5579  5592 I PhoneLab-LoggerService: Starting to rename files
06-03 07:13:30.316  5579  5592 I PhoneLab-LoggerService: Files found .. 21
06-03 07:13:30.320  5579  5592 I PhoneLab-: Service Running
06-03 07:13:30.363  5579  5592 I PhoneLab-LoggerService: app_37    967   1     1440   1072  c00f181c 40010988 S logcat
06-03 07:13:30.363  5579  5592 I PhoneLab-LoggerService: Logcat pid from database 967
06-03 07:13:30.363  5579  5592 I PhoneLab-LoggerService: Logcat process found 967
06-03 07:13:30.363  5579  5592 I PhoneLab-LoggerService: Checking Threshold
06-03 07:13:30.363  5579  5592 I PhoneLab-LoggerService: Starting to rename files
06-03 07:13:30.363  5579  5592 I PhoneLab-LoggerService: Files found .. 21
06-03 07:13:30.367  5579  5592 I PhoneLab-: Service Running
06-03 07:13:30.386  5579  5581 D dalvikvm: GC_CONCURRENT freed 423K, 20% free 9295K/11591K, paused 2ms+2ms
06-03 07:13:30.410  5579  5592 I PhoneLab-LoggerService: app_37    967   1     1440   1072  c00f181c 40010988 S logcat
06-03 07:13:30.410  5579  5592 I PhoneLab-LoggerService: Logcat pid from database 967
06-03 07:13:30.410  5579  5592 I PhoneLab-LoggerService: Logcat process found 967
06-03 07:13:30.410  5579  5592 I PhoneLab-LoggerService: Checking Threshold
06-03 07:13:30.410  5579  5592 I PhoneLab-LoggerService: Starting to rename files
06-03 07:13:30.414  5579  5592 I PhoneLab-LoggerService: Files found .. 21
06-03 07:13:30.414  5579  5592 I PhoneLab-: Service Running
06-03 07:13:30.445  5579  5592 I PhoneLab-LoggerService: app_37    967   1     1440   1072  c00f181c 40010988 S logcat
06-03 07:13:30.445  5579  5592 I PhoneLab-LoggerService: Logcat pid from database 967
06-03 07:13:30.445  5579  5592 I PhoneLab-LoggerService: Logcat process found 967
06-03 07:13:30.445  5579  5592 I PhoneLab-LoggerService: Checking Threshold
06-03 07:13:30.445  5579  5592 I PhoneLab-LoggerService: Starting to rename files
06-03 07:13:30.445  5579  5592 I PhoneLab-LoggerService: Files found .. 21
06-03 07:13:30.449  5579  5592 I PhoneLab-: Service Running
06-03 07:13:30.476  5579  5592 I PhoneLab-LoggerService: app_37    967   1     1440   1072  c00f181c 40010988 S logcat
06-03 07:13:30.476  5579  5592 I PhoneLab-LoggerService: Logcat pid from database 967
06-03 07:13:30.476  5579  5592 I PhoneLab-LoggerService: Logcat process found 967
06-03 07:13:30.476  5579  5592 I PhoneLab-LoggerService: Checking Threshold
06-03 07:13:30.480  5579  5592 I PhoneLab-LoggerService: Starting to rename files
06-03 07:13:30.480  5579  5592 I PhoneLab-LoggerService: Files found .. 21
06-03 07:13:30.480  5579  5592 I PhoneLab-: Service Running
06-03 07:13:30.511  5579  5592 I PhoneLab-LoggerService: app_37    967   1     1440   1072  c00f181c 40010988 S logcat
06-03 07:13:30.511  5579  5592 I PhoneLab-LoggerService: Logcat pid from database 967
06-03 07:13:30.511  5579  5592 I PhoneLab-LoggerService: Logcat process found 967
06-03 07:13:30.511  5579  5592 I PhoneLab-LoggerService: Checking Threshold
06-03 07:13:30.511  5579  5592 I PhoneLab-LoggerService: Starting to rename files
06-03 07:13:30.511  5579  5592 I PhoneLab-LoggerService: Files found .. 21
06-03 07:13:30.515  5579  5592 I PhoneLab-: Service Running
06-03 07:13:30.543  5579  5592 I PhoneLab-LoggerService: app_37    967   1     1440   1072  c00f181c 40010988 S logcat
06-03 07:13:30.543  5579  5592 I PhoneLab-LoggerService: Logcat pid from database 967
06-03 07:13:30.543  5579  5592 I PhoneLab-LoggerService: Logcat process found 967
06-03 07:13:30.543  5579  5592 I PhoneLab-LoggerService: Checking Threshold
06-03 07:13:30.543  5579  5592 I PhoneLab-LoggerService: Starting to rename files
06-03 07:13:30.546  5579  5592 I PhoneLab-LoggerService: Files found .. 21
06-03 07:13:30.546  5579  5592 I PhoneLab-: Service Running
06-03 07:13:30.589  5579  5592 I PhoneLab-LoggerService: app_37    967   1     1440   1072  c00f181c 40010988 S logcat
06-03 07:13:30.589  5579  5592 I PhoneLab-LoggerService: Logcat pid from database 967
06-03 07:13:30.589  5579  5592 I PhoneLab-LoggerService: Logcat process found 967
06-03 07:13:30.589  5579  5592 I PhoneLab-LoggerService: Checking Threshold
