07-10 10:30:17.148   500   500 I PhoneLab-Locks: wake lock released
07-10 10:30:17.152   500   500 I PhoneLab-StatusMonitorLocation: Learning Location
07-10 10:30:17.152   500   500 I PhoneLab-Locks: wake lock acquired
07-10 10:30:17.156   500   500 I PhoneLab-Locks: wake lock acquired
07-10 10:30:17.156   280   640 D androidNetworkLocationListeners: Still have listener com.google.android.location.internal.client.NetworkLocationClient$1@413293c0
07-10 10:30:17.164   500   500 I PhoneLab-StatusMonitorLocation: Learning Signal Strgth
07-10 10:30:17.164   500   500 I PhoneLab-Locks: wake lock acquired
07-10 10:30:17.175   280   640 D androidNetworkLocationListeners: Still have listener com.google.android.location.internal.client.NetworkLocationClient$1@413293c0
07-10 10:30:17.175   500   500 I PhoneLab-StatusMonitorBattery: Battery_level: 78
07-10 10:30:17.179   500   500 I PhoneLab-Locks: wake lock released
07-10 10:30:17.183   500   500 I PhoneLab-StatusMonitorSignal: Signal_Strength: -96 asu: 9
07-10 10:30:17.183   500   500 I PhoneLab-Locks: wake lock released
07-10 10:30:17.257  1209  1225 W PowerComponent: [LCD] Could not find data for requested iteration
07-10 10:30:17.257  1209  1225 W PowerComponent: [CPU] Could not find data for requested iteration
07-10 10:30:17.257  1209  1225 W PowerComponent: [Wifi] Could not find data for requested iteration
07-10 10:30:17.257  1209  1225 W PowerComponent: [3G] Could not find data for requested iteration
07-10 10:30:17.257  1209  1225 W PowerComponent: [GPS] Could not find data for requested iteration
07-10 10:30:17.257  1209  1225 W PowerComponent: [Audio] Could not find data for requested iteration
07-10 10:30:17.265  1209  1230 W PowerComponent: [GPS] Had to skip from iteration 68380 to 68615
07-10 10:30:17.265  1209  1226 W PowerComponent: [LCD] Had to skip from iteration 68380 to 68615
07-10 10:30:17.277  1209  1231 W PowerComponent: [Audio] Had to skip from iteration 68380 to 68615
07-10 10:30:17.289  1209  1229 W PowerComponent: [3G] Had to skip from iteration 68380 to 68615
07-10 10:30:17.312  1209  1228 W PowerComponent: [Wifi] Had to skip from iteration 68380 to 68615
07-10 10:30:17.340  1209  1227 W PowerComponent: [CPU] Had to skip from iteration 68380 to 68615
07-10 10:30:18.281  1209  1225 W PowerComponent: [LCD] Could not find data for requested iteration
07-10 10:30:18.285  1209  1225 W PowerComponent: [CPU] Could not find data for requested iteration
07-10 10:30:18.285  1209  1225 W PowerComponent: [Wifi] Could not find data for requested iteration
07-10 10:30:18.285  1209  1225 W PowerComponent: [3G] Could not find data for requested iteration
07-10 10:30:18.285  1209  1225 W PowerComponent: [GPS] Could not find data for requested iteration
07-10 10:30:18.285  1209  1225 W PowerComponent: [Audio] Could not find data for requested iteration
07-10 10:30:18.422   280   282 D dalvikvm: GC_CONCURRENT freed 530K, 9% free 10529K/11463K, paused 2ms+3ms
07-10 10:30:18.453   280   640 D androidNetworkLocationListeners: Still have listener com.google.android.location.internal.client.NetworkLocationClient$1@413293c0
07-10 10:30:18.453   500   500 I PhoneLab-StatusMonitorLocation: Location_Latitude: 43.0022591 Longitude: -78.7871008 Accuracy: 29.0
07-10 10:30:18.453   500   500 I PhoneLab-Locks: wake lock released
07-10 10:30:23.175  1209  1230 W PowerComponent: [GPS] Had to skip from iteration 68618 to 68620
07-10 10:30:23.183  1209  1226 W PowerComponent: [LCD] Had to skip from iteration 68618 to 68620
07-10 10:30:23.183  1209  1227 W PowerComponent: [CPU] Had to skip from iteration 68618 to 68620
07-10 10:30:23.187  1209  1231 W PowerComponent: [Audio] Had to skip from iteration 68618 to 68620
07-10 10:30:23.187  1209  1229 W PowerComponent: [3G] Had to skip from iteration 68618 to 68620
07-10 10:30:23.187  1209  1228 W PowerComponent: [Wifi] Had to skip from iteration 68618 to 68620
07-10 10:30:23.246  1209  1225 W PowerComponent: [LCD] Could not find data for requested iteration
07-10 10:30:23.246  1209  1225 W PowerComponent: [CPU] Could not find data for requested iteration
07-10 10:30:23.246  1209  1225 W PowerComponent: [Wifi] Could not find data for requested iteration
07-10 10:30:23.246  1209  1225 W PowerComponent: [3G] Could not find data for requested iteration
07-10 10:30:23.246  1209  1225 W PowerComponent: [GPS] Could not find data for requested iteration
07-10 10:30:23.254  1209  1225 W PowerComponent: [Audio] Could not find data for requested iteration
07-10 10:38:05.289  1209  1230 W PowerComponent: [GPS] Had to skip from iteration 68621 to 69083
07-10 10:38:05.296  1209  1226 W PowerComponent: [LCD] Had to skip from iteration 68621 to 69083
07-10 10:38:05.304  1209  1231 W PowerComponent: [Audio] Had to skip from iteration 68621 to 69083
07-10 10:38:05.324  1209  1229 W PowerComponent: [3G] Had to skip from iteration 68621 to 69083
07-10 10:38:05.343  1209  1227 W PowerComponent: [CPU] Had to skip from iteration 68621 to 69083
07-10 10:38:05.343  1209  1228 W PowerComponent: [Wifi] Had to skip from iteration 68621 to 69083
07-10 10:38:49.265  1209  1230 W PowerComponent: [GPS] Had to skip from iteration 69083 to 69127
07-10 10:38:49.265  1209  1225 W PowerComponent: [LCD] Could not find data for requested iteration
07-10 10:38:49.265  1209  1225 W PowerComponent: [CPU] Could not find data for requested iteration
07-10 10:38:49.265  1209  1225 W PowerComponent: [Wifi] Could not find data for requested iteration
07-10 10:38:49.265  1209  1225 W PowerComponent: [3G] Could not find data for requested iteration
07-10 10:38:49.265  1209  1225 W PowerComponent: [GPS] Could not find data for requested iteration
07-10 10:38:49.265  1209  1225 W PowerComponent: [Audio] Could not find data for requested iteration
07-10 10:38:49.265  1209  1226 W PowerComponent: [LCD] Had to skip from iteration 69083 to 69127
07-10 10:38:49.269  1209  1231 W PowerComponent: [Audio] Had to skip from iteration 69083 to 69127
07-10 10:38:49.285  1209  1229 W PowerComponent: [3G] Had to skip from iteration 69083 to 69127
07-10 10:38:49.304  1209  1228 W PowerComponent: [Wifi] Had to skip from iteration 69083 to 69127
07-10 10:38:49.343  1209  1227 W PowerComponent: [CPU] Had to skip from iteration 69083 to 69127
07-10 10:38:50.248  1209  1225 W PowerComponent: [LCD] Could not find data for requested iteration
07-10 10:38:50.248  1209  1225 W PowerComponent: [CPU] Could not find data for requested iteration
07-10 10:38:50.248  1209  1225 W PowerComponent: [Wifi] Could not find data for requested iteration
07-10 10:38:50.248  1209  1225 W PowerComponent: [3G] Could not find data for requested iteration
07-10 10:38:50.248  1209  1225 W PowerComponent: [GPS] Could not find data for requested iteration
07-10 10:38:50.268  1209  1225 W PowerComponent: [Audio] Could not find data for requested iteration
07-10 10:39:49.007  1209  1230 W PowerComponent: [GPS] Had to skip from iteration 69128 to 69186
07-10 10:39:49.011  1209  1226 W PowerComponent: [LCD] Had to skip from iteration 69128 to 69186
07-10 10:39:49.019  1209  1229 W PowerComponent: [3G] Had to skip from iteration 69128 to 69186
07-10 10:39:49.027  1209  1231 W PowerComponent: [Audio] Had to skip from iteration 69128 to 69186
07-10 10:39:49.031  1209  1228 W PowerComponent: [Wifi] Had to skip from iteration 69128 to 69186
07-10 10:39:49.050  1209  1227 W PowerComponent: [CPU] Had to skip from iteration 69128 to 69186
07-10 10:39:49.250  1209  1225 W PowerComponent: [LCD] Could not find data for requested iteration
07-10 10:39:49.250  1209  1225 W PowerComponent: [CPU] Could not find data for requested iteration
07-10 10:39:49.250  1209  1225 W PowerComponent: [Wifi] Could not find data for requested iteration
07-10 10:39:49.250  1209  1225 W PowerComponent: [3G] Could not find data for requested iteration
07-10 10:39:49.253  1209  1225 W PowerComponent: [GPS] Could not find data for requested iteration
07-10 10:39:49.253  1209  1225 W PowerComponent: [Audio] Could not find data for requested iteration
07-10 10:40:17.351  1209  1230 W PowerComponent: [GPS] Had to skip from iteration 69187 to 69215
07-10 10:40:17.351  1209  1226 W PowerComponent: [LCD] Had to skip from iteration 69187 to 69215
07-10 10:40:17.363  1209  1228 W PowerComponent: [Wifi] Had to skip from iteration 69187 to 69215
07-10 10:40:17.363  1209  1227 W PowerComponent: [CPU] Had to skip from iteration 69187 to 69215
07-10 10:40:17.367  1209  1231 W PowerComponent: [Audio] Had to skip from iteration 69187 to 69215
07-10 10:40:17.367   500   500 I PhoneLab-Locks: wake lock acquired
07-10 10:40:17.371  1209  1229 W PowerComponent: [3G] Had to skip from iteration 69187 to 69215
07-10 10:40:17.371   500   500 I PhoneLab-StatusMonitor: Status Monitoring is started
07-10 10:40:17.429   500   502 D dalvikvm: GC_CONCURRENT freed 526K, 14% free 9335K/10823K, paused 2ms+3ms
07-10 10:40:17.433   500   500 I PhoneLab-StatusMonitor: Value: 10 - unit: min
07-10 10:40:17.433   500   500 I PhoneLab-StatusMonitor: Running interval: 600000
07-10 10:40:17.441   500   500 I PhoneLab-StatusMonitor: Rescheduling status monitoring...
07-10 10:40:17.441   500   500 I PhoneLab-Locks: wake lock released
07-10 10:40:17.449   500   500 I PhoneLab-StatusMonitorLocation: Learning Location
07-10 10:40:17.449   500   500 I PhoneLab-Locks: wake lock acquired
07-10 10:40:17.453   500   500 I PhoneLab-Locks: wake lock acquired
07-10 10:40:17.464   500   500 I PhoneLab-StatusMonitorLocation: Learning Signal Strgth
07-10 10:40:17.464   500   500 I PhoneLab-Locks: wake lock acquired
07-10 10:40:17.480   280   640 D androidNetworkLocationListeners: Still have listener com.google.android.location.internal.client.NetworkLocationClient$1@413293c0
07-10 10:40:17.488   280   640 D androidNetworkLocationListeners: Still have listener com.google.android.location.internal.client.NetworkLocationClient$1@413293c0
07-10 10:40:17.492   500   500 I PhoneLab-StatusMonitorBattery: Battery_level: 77
07-10 10:40:17.492   500   500 I PhoneLab-Locks: wake lock released
07-10 10:40:17.496   500   500 I PhoneLab-StatusMonitorSignal: Signal_Strength: -96 asu: 9
07-10 10:40:17.496   500   500 I PhoneLab-Locks: wake lock released
07-10 10:40:18.250  1209  1225 W PowerComponent: [LCD] Could not find data for requested iteration
07-10 10:40:18.250  1209  1225 W PowerComponent: [CPU] Could not find data for requested iteration
07-10 10:40:18.250  1209  1225 W PowerComponent: [Wifi] Could not find data for requested iteration
07-10 10:40:18.250  1209  1225 W PowerComponent: [3G] Could not find data for requested iteration
07-10 10:40:18.250  1209  1225 W PowerComponent: [GPS] Could not find data for requested iteration
07-10 10:40:18.250  1209  1225 W PowerComponent: [Audio] Could not find data for requested iteration
07-10 10:40:18.797   280   282 D dalvikvm: GC_CONCURRENT freed 444K, 8% free 10596K/11463K, paused 1ms+4ms
07-10 10:40:18.824   500   500 I PhoneLab-StatusMonitorLocation: Location_Latitude: 43.0021839 Longitude: -78.7871021 Accuracy: 24.0
07-10 10:40:18.824   280   640 D androidNetworkLocationListeners: Still have listener com.google.android.location.internal.client.NetworkLocationClient$1@413293c0
07-10 10:40:18.824   500   500 I PhoneLab-Locks: wake lock released
07-10 10:40:20.273   144   147 D dalvikvm: GC_CONCURRENT freed 892K, 9% free 13162K/14407K, paused 3ms+6ms
07-10 10:40:23.003  1209  1230 W PowerComponent: [GPS] Had to skip from iteration 69218 to 69220
07-10 10:40:23.007  1209  1226 W PowerComponent: [LCD] Had to skip from iteration 69218 to 69220
07-10 10:40:23.015  1209  1231 W PowerComponent: [Audio] Had to skip from iteration 69218 to 69220
07-10 10:40:23.015  1209  1229 W PowerComponent: [3G] Had to skip from iteration 69218 to 69220
07-10 10:40:23.015  1209  1228 W PowerComponent: [Wifi] Had to skip from iteration 69218 to 69220
07-10 10:40:23.019  1209  1227 W PowerComponent: [CPU] Had to skip from iteration 69218 to 69220
07-10 10:40:23.250  1209  1225 W PowerComponent: [LCD] Could not find data for requested iteration
07-10 10:40:23.250  1209  1225 W PowerComponent: [CPU] Could not find data for requested iteration
07-10 10:40:23.250  1209  1225 W PowerComponent: [Wifi] Could not find data for requested iteration
07-10 10:40:23.250  1209  1225 W PowerComponent: [3G] Could not find data for requested iteration
07-10 10:40:23.250  1209  1225 W PowerComponent: [GPS] Could not find data for requested iteration
07-10 10:40:23.250  1209  1225 W PowerComponent: [Audio] Could not find data for requested iteration
07-10 10:41:09.007  1209  1230 W PowerComponent: [GPS] Had to skip from iteration 69221 to 69266
07-10 10:41:09.007  1209  1226 W PowerComponent: [LCD] Had to skip from iteration 69221 to 69266
07-10 10:41:09.015  1209  1231 W PowerComponent: [Audio] Had to skip from iteration 69221 to 69266
07-10 10:41:09.019  1209  1229 W PowerComponent: [3G] Had to skip from iteration 69221 to 69266
07-10 10:41:09.019  1209  1227 W PowerComponent: [CPU] Had to skip from iteration 69221 to 69266
07-10 10:41:09.023  1209  1228 W PowerComponent: [Wifi] Had to skip from iteration 69221 to 69266
07-10 10:41:09.250  1209  1225 W PowerComponent: [LCD] Could not find data for requested iteration
07-10 10:41:09.250  1209  1225 W PowerComponent: [CPU] Could not find data for requested iteration
07-10 10:41:09.250  1209  1225 W PowerComponent: [Wifi] Could not find data for requested iteration
07-10 10:41:09.250  1209  1225 W PowerComponent: [3G] Could not find data for requested iteration
07-10 10:41:09.250  1209  1225 W PowerComponent: [GPS] Could not find data for requested iteration
07-10 10:41:09.250  1209  1225 W PowerComponent: [Audio] Could not find data for requested iteration
07-10 10:41:09.363   500   500 I PhoneLab-Locks: wake lock acquired
07-10 10:41:09.367   500  3169 I PhoneLab-PeriodicCheckService: User info is synched
07-10 10:41:09.371   500  3169 I PhoneLab-PeriodicCheckService: Logger Service is running
07-10 10:41:09.371   500  3169 I PhoneLab-Locks: wake lock acquired
07-10 10:41:09.375   500   500 I PhoneLab-UploadLogs: Transfering log files now
07-10 10:41:09.375   500  3169 I PhoneLab-PeriodicCheckService: Rescheduling periodic checking...
07-10 10:41:09.375   500  3169 I PhoneLab-Locks: wake lock released
07-10 10:41:09.421   500   502 D dalvikvm: GC_CONCURRENT freed 514K, 14% free 9332K/10823K, paused 2ms+2ms
07-10 10:41:09.437   500   500 D dalvikvm: GC_FOR_ALLOC freed 214K, 13% free 9496K/10823K, paused 13ms
07-10 10:41:09.441   500   500 I dalvikvm-heap: Grow heap (frag case) to 9.835MB for 516692-byte allocation
07-10 10:41:09.457   500   500 D dalvikvm: GC_FOR_ALLOC freed 252K, 15% free 9747K/11335K, paused 12ms
07-10 10:41:09.461   500   500 I PhoneLab-UploadLogs: OnStartCommand
07-10 10:41:09.504   500  3171 D dalvikvm: GC_FOR_ALLOC freed 353K, 15% free 9728K/11335K, paused 15ms
07-10 10:41:09.519   500  3171 D dalvikvm: GC_FOR_ALLOC freed 301K, 15% free 9728K/11335K, paused 15ms
07-10 10:41:09.535   500  3171 D dalvikvm: GC_FOR_ALLOC freed 301K, 15% free 9729K/11335K, paused 15ms
07-10 10:41:09.961   500   500 I PhoneLab-: 1341929896236.log is deleted
07-10 10:41:09.964   500   500 I PhoneLab-: Response: {"data": "done", "err": ""}
07-10 10:41:09.968   500   500 I PhoneLab-UploadLogs: No log files to transfer
07-10 10:41:09.968   500   500 I PhoneLab-Locks: wake lock released
07-10 10:42:15.007  1209  1230 W PowerComponent: [GPS] Had to skip from iteration 69268 to 69332
07-10 10:42:15.011  1209  1226 W PowerComponent: [LCD] Had to skip from iteration 69268 to 69332
07-10 10:42:15.015  1209  1231 W PowerComponent: [Audio] Had to skip from iteration 69268 to 69332
07-10 10:42:15.019  1209  1229 W PowerComponent: [3G] Had to skip from iteration 69268 to 69332
07-10 10:42:15.035  1209  1228 W PowerComponent: [Wifi] Had to skip from iteration 69268 to 69332
07-10 10:42:15.035  1209  1227 W PowerComponent: [CPU] Had to skip from iteration 69268 to 69332
07-10 10:42:15.250  1209  1225 W PowerComponent: [LCD] Could not find data for requested iteration
07-10 10:42:15.250  1209  1225 W PowerComponent: [CPU] Could not find data for requested iteration
07-10 10:42:15.250  1209  1225 W PowerComponent: [Wifi] Could not find data for requested iteration
07-10 10:42:15.250  1209  1225 W PowerComponent: [3G] Could not find data for requested iteration
07-10 10:42:15.250  1209  1225 W PowerComponent: [GPS] Could not find data for requested iteration
07-10 10:42:15.250  1209  1225 W PowerComponent: [Audio] Could not find data for requested iteration
07-10 10:43:22.011  1209  1230 W PowerComponent: [GPS] Had to skip from iteration 69333 to 69399
07-10 10:43:22.011  1209  1226 W PowerComponent: [LCD] Had to skip from iteration 69333 to 69399
07-10 10:43:22.015  1209  1231 W PowerComponent: [Audio] Had to skip from iteration 69333 to 69399
07-10 10:43:22.019  1209  1229 W PowerComponent: [3G] Had to skip from iteration 69333 to 69399
07-10 10:43:22.027  1209  1227 W PowerComponent: [CPU] Had to skip from iteration 69333 to 69399
07-10 10:43:22.031  1209  1228 W PowerComponent: [Wifi] Had to skip from iteration 69333 to 69399
07-10 10:43:22.250  1209  1225 W PowerComponent: [LCD] Could not find data for requested iteration
07-10 10:43:22.250  1209  1225 W PowerComponent: [CPU] Could not find data for requested iteration
07-10 10:43:22.250  1209  1225 W PowerComponent: [Wifi] Could not find data for requested iteration
07-10 10:43:22.250  1209  1225 W PowerComponent: [3G] Could not find data for requested iteration
07-10 10:43:22.250  1209  1225 W PowerComponent: [GPS] Could not find data for requested iteration
07-10 10:43:22.250  1209  1225 W PowerComponent: [Audio] Could not find data for requested iteration
07-10 10:45:29.261  1209  1230 W PowerComponent: [GPS] Had to skip from iteration 69400 to 69527
07-10 10:45:29.261  1209  1226 W PowerComponent: [LCD] Had to skip from iteration 69400 to 69527
07-10 10:45:29.261  1209  1231 W PowerComponent: [Audio] Had to skip from iteration 69400 to 69527
07-10 10:45:29.281  1209  1229 W PowerComponent: [3G] Had to skip from iteration 69400 to 69527
07-10 10:45:29.296  1209  1228 W PowerComponent: [Wifi] Had to skip from iteration 69400 to 69527
07-10 10:45:29.316  1209  1227 W PowerComponent: [CPU] Had to skip from iteration 69400 to 69527
07-10 10:48:55.257  1209  1230 W PowerComponent: [GPS] Had to skip from iteration 69527 to 69733
07-10 10:48:55.257  1209  1225 W PowerComponent: [LCD] Could not find data for requested iteration
07-10 10:48:55.265  1209  1225 W PowerComponent: [CPU] Could not find data for requested iteration
07-10 10:48:55.265  1209  1225 W PowerComponent: [Wifi] Could not find data for requested iteration
07-10 10:48:55.265  1209  1225 W PowerComponent: [3G] Could not find data for requested iteration
07-10 10:48:55.265  1209  1225 W PowerComponent: [GPS] Could not find data for requested iteration
07-10 10:48:55.265  1209  1225 W PowerComponent: [Audio] Could not find data for requested iteration
07-10 10:48:55.269  1209  1226 W PowerComponent: [LCD] Had to skip from iteration 69527 to 69733
07-10 10:48:55.277  1209  1231 W PowerComponent: [Audio] Had to skip from iteration 69527 to 69733
07-10 10:48:55.296  1209  1229 W PowerComponent: [3G] Had to skip from iteration 69527 to 69733
07-10 10:48:55.308  1209  1227 W PowerComponent: [CPU] Had to skip from iteration 69527 to 69733
07-10 10:48:55.308  1209  1228 W PowerComponent: [Wifi] Had to skip from iteration 69527 to 69733
07-10 10:50:17.011  1209  1230 W PowerComponent: [GPS] Had to skip from iteration 69733 to 69814
07-10 10:50:17.011  1209  1226 W PowerComponent: [LCD] Had to skip from iteration 69733 to 69814
07-10 10:50:17.015  1209  1225 W PowerComponent: [LCD] Could not find data for requested iteration
07-10 10:50:17.015  1209  1225 W PowerComponent: [CPU] Could not find data for requested iteration
07-10 10:50:17.015  1209  1225 W PowerComponent: [Wifi] Could not find data for requested iteration
07-10 10:50:17.015  1209  1225 W PowerComponent: [3G] Could not find data for requested iteration
07-10 10:50:17.015  1209  1225 W PowerComponent: [GPS] Could not find data for requested iteration
07-10 10:50:17.015  1209  1225 W PowerComponent: [Audio] Could not find data for requested iteration
07-10 10:50:17.019  1209  1229 W PowerComponent: [3G] Had to skip from iteration 69733 to 69814
07-10 10:50:17.027  1209  1231 W PowerComponent: [Audio] Had to skip from iteration 69733 to 69814
07-10 10:50:17.027  1209  1228 W PowerComponent: [Wifi] Had to skip from iteration 69733 to 69814
07-10 10:50:17.050  1209  1227 W PowerComponent: [CPU] Had to skip from iteration 69733 to 69814
07-10 10:50:17.160   214   216 D dalvikvm: GC_CONCURRENT freed 393K, 19% free 10282K/12679K, paused 2ms+4ms
07-10 10:50:17.250  1209  1225 W PowerComponent: [LCD] Could not find data for requested iteration
07-10 10:50:17.250  1209  1225 W PowerComponent: [CPU] Could not find data for requested iteration
07-10 10:50:17.250  1209  1225 W PowerComponent: [Wifi] Could not find data for requested iteration
07-10 10:50:17.250  1209  1225 W PowerComponent: [3G] Could not find data for requested iteration
07-10 10:50:17.250  1209  1225 W PowerComponent: [GPS] Could not find data for requested iteration
07-10 10:50:17.250  1209  1225 W PowerComponent: [Audio] Could not find data for requested iteration
07-10 10:50:17.464   500   500 I PhoneLab-Locks: wake lock acquired
07-10 10:50:17.492   500   500 I PhoneLab-StatusMonitor: Status Monitoring is started
07-10 10:50:17.523   500   502 D dalvikvm: GC_CONCURRENT freed 979K, 19% free 9261K/11335K, paused 1ms+2ms
07-10 10:50:17.546   500   500 I PhoneLab-StatusMonitor: Value: 10 - unit: min
07-10 10:50:17.546   500   500 I PhoneLab-StatusMonitor: Running interval: 600000
07-10 10:50:17.550   500   500 I PhoneLab-StatusMonitor: Rescheduling status monitoring...
07-10 10:50:17.554   500   500 I PhoneLab-Locks: wake lock released
07-10 10:50:17.558   500   500 I PhoneLab-StatusMonitorLocation: Learning Location
07-10 10:50:17.558   500   500 I PhoneLab-Locks: wake lock acquired
07-10 10:50:17.562   500   500 I PhoneLab-Locks: wake lock acquired
07-10 10:50:17.562   280   640 D androidNetworkLocationListeners: Still have listener com.google.android.location.internal.client.NetworkLocationClient$1@413293c0
07-10 10:50:17.566   500   500 I PhoneLab-StatusMonitorLocation: Learning Signal Strgth
07-10 10:50:17.566   500   500 I PhoneLab-Locks: wake lock acquired
07-10 10:50:17.578   280   640 D androidNetworkLocationListeners: Still have listener com.google.android.location.internal.client.NetworkLocationClient$1@413293c0
07-10 10:50:17.578   500   500 I PhoneLab-StatusMonitorBattery: Battery_level: 76
07-10 10:50:17.578   500   500 I PhoneLab-Locks: wake lock released
07-10 10:50:17.582   500   500 I PhoneLab-StatusMonitorSignal: Signal_Strength: -96 asu: 9
07-10 10:50:17.582   500   500 I PhoneLab-Locks: wake lock released
07-10 10:50:18.906   280   282 D dalvikvm: GC_CONCURRENT freed 600K, 9% free 10521K/11463K, paused 15ms+3ms
07-10 10:50:18.921   500   500 I PhoneLab-StatusMonitorLocation: Location_Latitude: 43.0022214 Longitude: -78.7870916 Accuracy: 40.0
07-10 10:50:18.921   280   640 D androidNetworkLocationListeners: Still have listener com.google.android.location.internal.client.NetworkLocationClient$1@413293c0
07-10 10:50:18.925   500   500 I PhoneLab-Locks: wake lock released
07-10 10:50:23.003  1209  1230 W PowerComponent: [GPS] Had to skip from iteration 69818 to 69820
07-10 10:50:23.007  1209  1226 W PowerComponent: [LCD] Had to skip from iteration 69818 to 69820
07-10 10:50:23.011  1209  1231 W PowerComponent: [Audio] Had to skip from iteration 69818 to 69820
07-10 10:50:23.011  1209  1229 W PowerComponent: [3G] Had to skip from iteration 69818 to 69820
07-10 10:50:23.015  1209  1227 W PowerComponent: [CPU] Had to skip from iteration 69818 to 69820
07-10 10:50:23.019  1209  1228 W PowerComponent: [Wifi] Had to skip from iteration 69818 to 69820
07-10 10:50:23.250  1209  1225 W PowerComponent: [LCD] Could not find data for requested iteration
07-10 10:50:23.250  1209  1225 W PowerComponent: [CPU] Could not find data for requested iteration
07-10 10:50:23.250  1209  1225 W PowerComponent: [Wifi] Could not find data for requested iteration
07-10 10:50:23.250  1209  1225 W PowerComponent: [3G] Could not find data for requested iteration
07-10 10:50:23.250  1209  1225 W PowerComponent: [GPS] Could not find data for requested iteration
07-10 10:50:23.250  1209  1225 W PowerComponent: [Audio] Could not find data for requested iteration
07-10 10:50:23.351  1209  1211 D dalvikvm: GC_CONCURRENT freed 719K, 7% free 11444K/12295K, paused 6ms+2ms
07-10 10:50:56.007  1209  1230 W PowerComponent: [GPS] Had to skip from iteration 69821 to 69853
07-10 10:50:56.007  1209  1226 W PowerComponent: [LCD] Had to skip from iteration 69821 to 69853
07-10 10:50:56.015  1209  1231 W PowerComponent: [Audio] Had to skip from iteration 69821 to 69853
07-10 10:50:56.015  1209  1229 W PowerComponent: [3G] Had to skip from iteration 69821 to 69853
07-10 10:50:56.015  1209  1228 W PowerComponent: [Wifi] Had to skip from iteration 69821 to 69853
07-10 10:50:56.023  1209  1227 W PowerComponent: [CPU] Had to skip from iteration 69821 to 69853
07-10 10:51:37.011  1209  1230 W PowerComponent: [GPS] Had to skip from iteration 69853 to 69894
07-10 10:51:37.011  1209  1226 W PowerComponent: [LCD] Had to skip from iteration 69853 to 69894
07-10 10:51:37.015  1209  1225 W PowerComponent: [LCD] Could not find data for requested iteration
07-10 10:51:37.015  1209  1225 W PowerComponent: [CPU] Could not find data for requested iteration
07-10 10:51:37.015  1209  1225 W PowerComponent: [Wifi] Could not find data for requested iteration
07-10 10:51:37.015  1209  1225 W PowerComponent: [3G] Could not find data for requested iteration
07-10 10:51:37.015  1209  1225 W PowerComponent: [GPS] Could not find data for requested iteration
07-10 10:51:37.015  1209  1225 W PowerComponent: [Audio] Could not find data for requested iteration
07-10 10:51:37.015  1209  1231 W PowerComponent: [Audio] Had to skip from iteration 69853 to 69894
07-10 10:51:37.015  1209  1229 W PowerComponent: [3G] Had to skip from iteration 69853 to 69894
07-10 10:51:37.027  1209  1228 W PowerComponent: [Wifi] Had to skip from iteration 69853 to 69894
07-10 10:51:37.082  1209  1227 W PowerComponent: [CPU] Had to skip from iteration 69853 to 69894
07-10 10:51:37.113   280  1052 I EventLogService: Aggregate from 1341930096510 (log), 1341930096510 (data)
07-10 10:51:37.199   280   282 D dalvikvm: GC_CONCURRENT freed 403K, 9% free 10510K/11463K, paused 2ms+4ms
07-10 10:51:37.250  1209  1225 W PowerComponent: [LCD] Could not find data for requested iteration
07-10 10:51:37.250  1209  1225 W PowerComponent: [CPU] Could not find data for requested iteration
07-10 10:51:37.250  1209  1225 W PowerComponent: [Wifi] Could not find data for requested iteration
07-10 10:51:37.250  1209  1225 W PowerComponent: [3G] Could not find data for requested iteration
07-10 10:51:37.250  1209  1225 W PowerComponent: [GPS] Could not find data for requested iteration
07-10 10:51:37.250  1209  1225 W PowerComponent: [Audio] Could not find data for requested iteration
07-10 10:52:51.019  1209  1226 W PowerComponent: [LCD] Had to skip from iteration 69895 to 69968
07-10 10:52:51.023  1209  1230 W PowerComponent: [GPS] Had to skip from iteration 69895 to 69968
07-10 10:52:51.023  1209  1231 W PowerComponent: [Audio] Had to skip from iteration 69895 to 69968
07-10 10:52:51.027  1209  1229 W PowerComponent: [3G] Had to skip from iteration 69895 to 69968
07-10 10:52:51.027  1209  1228 W PowerComponent: [Wifi] Had to skip from iteration 69895 to 69968
07-10 10:52:51.035  1209  1227 W PowerComponent: [CPU] Had to skip from iteration 69895 to 69968
07-10 10:52:51.246  1209  1225 W PowerComponent: [LCD] Could not find data for requested iteration
07-10 10:52:51.246  1209  1225 W PowerComponent: [CPU] Could not find data for requested iteration
07-10 10:52:51.250  1209  1225 W PowerComponent: [Wifi] Could not find data for requested iteration
07-10 10:52:51.250  1209  1225 W PowerComponent: [3G] Could not find data for requested iteration
07-10 10:52:51.250  1209  1225 W PowerComponent: [GPS] Could not find data for requested iteration
07-10 10:52:51.250  1209  1225 W PowerComponent: [Audio] Could not find data for requested iteration
07-10 10:53:12.007   144   175 I power   : *** set_screen_state 1
07-10 10:53:12.058   144   175 I WindowManager: Lock screen displayed!
07-10 10:53:12.250    78   121 D SurfaceFlinger: Screen about to return, flinger = 0x1fb3918
07-10 10:53:12.257  1209  1230 W PowerComponent: [GPS] Had to skip from iteration 69969 to 69990
07-10 10:53:12.277  1209  1231 W PowerComponent: [Audio] Had to skip from iteration 69969 to 69990
07-10 10:53:12.289  1209  1229 W PowerComponent: [3G] Had to skip from iteration 69969 to 69990
07-10 10:53:12.297  1209  1226 W PowerComponent: [LCD] Had to skip from iteration 69969 to 69990
07-10 10:53:12.300  1209  1228 W PowerComponent: [Wifi] Had to skip from iteration 69969 to 69990
07-10 10:53:12.308  1209  1227 W PowerComponent: [CPU] Had to skip from iteration 69969 to 69990
07-10 10:53:13.129   214   214 D PhoneStatusBar: disable: < expand icons alerts ticker system_info BACK HOME recent* CLOCK >
07-10 10:53:13.132   371   480 D NfcService: NFC-C ON
07-10 10:53:13.148   144   351 W InputManagerService: Window already focused, ignoring focus gain of: com.android.internal.view.IInputMethodClient$Stub$Proxy@415b6b40
07-10 10:53:13.152    81   124 D AudioHardware: AudioHardware pcm playback is exiting standby.
07-10 10:53:13.152    81   124 D AudioHardware: openPcmOut_l() mPcmOpenCnt: 0
07-10 10:53:13.156   214   214 D PhoneStatusBar: disable: < expand icons alerts ticker system_info back* home* recent clock* >
07-10 10:53:13.250  1209  1225 W PowerComponent: [LCD] Could not find data for requested iteration
07-10 10:53:13.250  1209  1225 W PowerComponent: [CPU] Could not find data for requested iteration
07-10 10:53:13.250  1209  1225 W PowerComponent: [Wifi] Could not find data for requested iteration
07-10 10:53:13.250  1209  1225 W PowerComponent: [3G] Could not find data for requested iteration
07-10 10:53:13.250  1209  1225 W PowerComponent: [GPS] Could not find data for requested iteration
07-10 10:53:13.250  1209  1225 W PowerComponent: [Audio] Could not find data for requested iteration
07-10 10:53:17.023   387   392 D dalvikvm: GC_CONCURRENT freed 378K, 6% free 11743K/12423K, paused 2ms+5ms
07-10 10:53:17.105   387  3179 D dalvikvm: GC_FOR_ALLOC freed 455K, 7% free 11832K/12679K, paused 24ms
07-10 10:53:17.109   387  3179 I dalvikvm-heap: Grow heap (frag case) to 12.502MB for 925072-byte allocation
07-10 10:53:17.140   387   387 D dalvikvm: GC_FOR_ALLOC freed 3K, 7% free 12732K/13639K, paused 19ms
07-10 10:53:17.242   387   392 D dalvikvm: GC_CONCURRENT freed 248K, 6% free 12919K/13639K, paused 2ms+3ms
07-10 10:53:17.332   387  3180 D dalvikvm: GC_FOR_ALLOC freed 974K, 12% free 12104K/13639K, paused 25ms
07-10 10:53:17.336   387  3180 I dalvikvm-heap: Grow heap (frag case) to 13.112MB for 1286224-byte allocation
07-10 10:53:17.371   387  3179 D dalvikvm: GC_FOR_ALLOC freed 2K, 11% free 13357K/14919K, paused 19ms
07-10 10:53:17.468   387   392 D dalvikvm: GC_CONCURRENT freed 133K, 11% free 13424K/14919K, paused 5ms+9ms
07-10 10:53:17.586   387  3180 D dalvikvm: GC_FOR_ALLOC freed 1636K, 17% free 12503K/14919K, paused 29ms
07-10 10:53:17.672   387  3181 D dalvikvm: GC_FOR_ALLOC freed 786K, 16% free 12587K/14919K, paused 24ms
07-10 10:53:19.144    81   124 D AudioHardware: AudioHardware pcm playback is going to standby.
07-10 10:53:19.144    81   124 D AudioHardware: closePcmOut_l() mPcmOpenCnt: 1
07-10 10:53:20.000    81   124 D AudioHardware: AudioHardware pcm playback is exiting standby.
07-10 10:53:20.000    81   124 D AudioHardware: openPcmOut_l() mPcmOpenCnt: 0
07-10 10:53:20.113   144   377 I ActivityManager: START {act=android.intent.action.MAIN cat=[android.intent.category.LAUNCHER] flg=0x10200000 cmp=com.android.settings/.Settings} from pid 387
07-10 10:53:20.351   387   387 D OpenGLRenderer: Flushing caches (mode 0)
07-10 10:53:20.390   144   147 D dalvikvm: GC_CONCURRENT freed 1119K, 10% free 13010K/14407K, paused 3ms+26ms
07-10 10:53:20.488   387   387 D OpenGLRenderer: Flushing caches (mode 1)
07-10 10:53:20.488   144   354 W InputManagerService: Starting input on non-focused client com.android.internal.view.IInputMethodClient$Stub$Proxy@4163f4f0 (uid=10025 pid=387)
07-10 10:53:22.199   144  2054 I ActivityManager: START {act=android.intent.action.MAIN cmp=com.android.settings/.SubSettings (has extras)} from pid 415
07-10 10:53:22.226   144  2054 I UsageStats: No package stats for pkg:com.android.settings
07-10 10:53:22.453   415   418 D dalvikvm: GC_CONCURRENT freed 385K, 8% free 10927K/11783K, paused 2ms+7ms
07-10 10:53:22.601   415   418 D dalvikvm: GC_CONCURRENT freed 1444K, 16% free 10006K/11783K, paused 2ms+7ms
07-10 10:53:22.629   415   415 D android.widget.GridLayout: vertical constraints: y3 - y0 > 72, y3 - y2 < 0, y2 - y1 < 24, y1 - y0 < 37 are inconsistent; permanently removing: y3 - y2 < 0. 
07-10 10:53:22.636   415   415 D android.widget.GridLayout: vertical constraints: y3 - y0 > 72, y3 - y2 < 0, y2 - y1 < 24, y1 - y0 < 37 are inconsistent; permanently removing: y3 - y2 < 0. 
07-10 10:53:22.648   415   415 D android.widget.GridLayout: vertical constraints: y3 - y0 > 72, y3 - y2 < 0, y2 - y1 < 24, y1 - y0 < 37 are inconsistent; permanently removing: y3 - y2 < 0. 
07-10 10:53:22.656   415   415 D android.widget.GridLayout: vertical constraints: y3 - y0 > 72, y3 - y2 < 0, y2 - y1 < 24, y1 - y0 < 37 are inconsistent; permanently removing: y3 - y2 < 0. 
07-10 10:53:22.668   415   415 D android.widget.GridLayout: vertical constraints: y3 - y0 > 72, y3 - y2 < 0, y2 - y1 < 24, y1 - y0 < 37 are inconsistent; permanently removing: y3 - y2 < 0. 
07-10 10:53:22.675   415   415 D android.widget.GridLayout: vertical constraints: y3 - y0 > 72, y3 - y2 < 0, y2 - y1 < 24, y1 - y0 < 37 are inconsistent; permanently removing: y3 - y2 < 0. 
07-10 10:53:22.781   144   160 I Process : Sending signal. PID: 415 SIG: 3
07-10 10:53:22.781   415   420 I dalvikvm: threadid=3: reacting to signal 3
07-10 10:53:22.785   415   420 I dalvikvm: Wrote stack traces to '/data/anr/traces.txt'
07-10 10:53:22.793   144   174 I ActivityManager: Displayed com.android.settings/.SubSettings: +516ms
07-10 10:53:22.824   415   415 D android.widget.GridLayout: vertical constraints: y3 - y0 > 72, y3 - y2 < 0, y2 - y1 < 24, y1 - y0 < 37 are inconsistent; permanently removing: y3 - y2 < 0. 
07-10 10:53:22.836   415   415 D android.widget.GridLayout: vertical constraints: y3 - y0 > 72, y3 - y2 < 0, y2 - y1 < 24, y1 - y0 < 37 are inconsistent; permanently removing: y3 - y2 < 0. 
07-10 10:53:22.847   415   415 D android.widget.GridLayout: vertical constraints: y3 - y0 > 72, y3 - y2 < 0, y2 - y1 < 24, y1 - y0 < 37 are inconsistent; permanently removing: y3 - y2 < 0. 
07-10 10:53:22.855   415   415 D android.widget.GridLayout: vertical constraints: y3 - y0 > 72, y3 - y2 < 0, y2 - y1 < 24, y1 - y0 < 37 are inconsistent; permanently removing: y3 - y2 < 0. 
07-10 10:53:22.886   415   415 D android.widget.GridLayout: vertical constraints: y3 - y0 > 72, y3 - y2 < 0, y2 - y1 < 24, y1 - y0 < 37 are inconsistent; permanently removing: y3 - y2 < 0. 
07-10 10:53:22.906   415   415 D android.widget.GridLayout: vertical constraints: y3 - y0 > 72, y3 - y2 < 0, y2 - y1 < 24, y1 - y0 < 37 are inconsistent; permanently removing: y3 - y2 < 0. 
07-10 10:53:22.949   415   418 D dalvikvm: GC_CONCURRENT freed 253K, 14% free 10218K/11783K, paused 3ms+5ms
07-10 10:53:22.988   415   415 D OpenGLRenderer: Flushing caches (mode 0)
07-10 10:53:23.090   415   415 D android.widget.GridLayout: vertical constraints: y3 - y0 > 72, y3 - y2 < 0, y2 - y1 < 24, y1 - y0 < 37 are inconsistent; permanently removing: y3 - y2 < 0. 
07-10 10:53:23.101   415   415 D android.widget.GridLayout: vertical constraints: y3 - y0 > 72, y3 - y2 < 0, y2 - y1 < 24, y1 - y0 < 37 are inconsistent; permanently removing: y3 - y2 < 0. 
07-10 10:53:23.109   415   415 D android.widget.GridLayout: vertical constraints: y3 - y0 > 72, y3 - y2 < 0, y2 - y1 < 24, y1 - y0 < 37 are inconsistent; permanently removing: y3 - y2 < 0. 
07-10 10:53:23.117   415   415 D android.widget.GridLayout: vertical constraints: y3 - y0 > 72, y3 - y2 < 0, y2 - y1 < 24, y1 - y0 < 37 are inconsistent; permanently removing: y3 - y2 < 0. 
07-10 10:53:23.125   415   415 D android.widget.GridLayout: vertical constraints: y3 - y0 > 72, y3 - y2 < 0, y2 - y1 < 24, y1 - y0 < 37 are inconsistent; permanently removing: y3 - y2 < 0. 
07-10 10:53:23.132   415   415 D android.widget.GridLayout: vertical constraints: y3 - y0 > 72, y3 - y2 < 0, y2 - y1 < 24, y1 - y0 < 37 are inconsistent; permanently removing: y3 - y2 < 0. 
07-10 10:53:25.215   415   415 D android.widget.GridLayout: vertical constraints: y3 - y0 > 72, y3 - y2 < 0, y2 - y1 < 24, y1 - y0 < 37 are inconsistent; permanently removing: y3 - y2 < 0. 
07-10 10:53:25.285    81   124 D AudioHardware: AudioHardware pcm playback is going to standby.
07-10 10:53:25.285    81   124 D AudioHardware: closePcmOut_l() mPcmOpenCnt: 1
07-10 10:53:29.519   415   415 D android.widget.GridLayout: vertical constraints: y3 - y0 > 72, y3 - y2 < 0, y2 - y1 < 24, y1 - y0 < 37 are inconsistent; permanently removing: y3 - y2 < 0. 
07-10 10:53:29.566   415   418 D dalvikvm: GC_CONCURRENT freed 304K, 13% free 10319K/11783K, paused 2ms+9ms
07-10 10:53:30.988   144   155 D AlarmManagerService: Kernel timezone updated to 240 minutes west of GMT
07-10 10:53:31.132   144   413 D dalvikvm: GC_EXPLICIT freed 1458K, 16% free 12219K/14407K, paused 4ms+5ms
07-10 10:53:31.132   356   356 D SystemClock: Setting time of day to sec=1341932011
07-10 10:53:31.339   600   626 V AlarmClock: AlarmInitReceiver finished
07-10 10:53:31.379   415   415 D android.widget.GridLayout: vertical constraints: y3 - y0 > 72, y3 - y2 < 0, y2 - y1 < 24, y1 - y0 < 37 are inconsistent; permanently removing: y3 - y2 < 0. 
07-10 10:53:32.668   144   179 I ActivityManager: START {act=android.intent.action.MAIN cat=[android.intent.category.HOME] flg=0x10200000 cmp=com.android.launcher/com.android.launcher2.Launcher} from pid 144
07-10 10:53:32.867   415   415 D OpenGLRenderer: Flushing caches (mode 0)
07-10 10:53:32.906   144   377 W InputManagerService: Starting input on non-focused client com.android.internal.view.IInputMethodClient$Stub$Proxy@414f2c50 (uid=1000 pid=415)
07-10 10:53:32.910   415   415 D OpenGLRenderer: Flushing caches (mode 1)
07-10 10:53:36.371  1209  1211 D dalvikvm: GC_CONCURRENT freed 724K, 7% free 11456K/12295K, paused 2ms+2ms
07-10 10:53:46.375   356   356 D SAN_SERVICE: *******************************************
07-10 10:53:46.375   356   356 D SAN_SERVICE: DM App Phone Service State - 0
07-10 10:53:46.375   356   356 D SAN_SERVICE: *******************************************
07-10 10:53:46.687   356   356 D SAN_SERVICE: *******************************************
07-10 10:53:46.687   356   356 D SAN_SERVICE: DM App Phone Service State - 0
07-10 10:53:46.687   356   356 D SAN_SERVICE: *******************************************
07-10 10:53:47.179   356   356 D SAN_SERVICE: *******************************************
07-10 10:53:47.179   356   356 D SAN_SERVICE: DM App Phone Service State - 0
07-10 10:53:47.183   356   356 D SAN_SERVICE: *******************************************
07-10 10:53:57.058   500  1030 I PhoneLab-: Service Running
07-10 10:53:57.164   500  1030 I PhoneLab-LoggerService: app_36    1034  500   1436   1068  c00f181c 400107b4 S logcat
07-10 10:53:57.164   500  1030 I PhoneLab-LoggerService: Logcat pid from database 1034
07-10 10:53:57.164   500  1030 I PhoneLab-LoggerService: Logcat process found 1034
07-10 10:53:57.164   500  1030 I PhoneLab-LoggerService: Checking Threshold
07-10 10:53:57.164   500  1030 I PhoneLab-: Service Running
07-10 10:53:57.199   500   502 D dalvikvm: GC_CONCURRENT freed 435K, 19% free 9221K/11335K, paused 2ms+6ms
07-10 10:53:57.222   500  1030 I PhoneLab-LoggerService: app_36    1034  500   1436   1068  c00f181c 400107b4 S logcat
07-10 10:53:57.222   500  1030 I PhoneLab-LoggerService: Logcat pid from database 1034
07-10 10:53:57.222   500  1030 I PhoneLab-LoggerService: Logcat process found 1034
07-10 10:53:57.222   500  1030 I PhoneLab-LoggerService: Checking Threshold
07-10 10:53:57.226   500  1030 I PhoneLab-: Service Running
07-10 10:53:57.265   500  1030 I PhoneLab-LoggerService: app_36    1034  500   1436   1068  c00f181c 400107b4 S logcat
07-10 10:53:57.265   500  1030 I PhoneLab-LoggerService: Logcat pid from database 1034
07-10 10:53:57.265   500  1030 I PhoneLab-LoggerService: Logcat process found 1034
07-10 10:53:57.265   500  1030 I PhoneLab-LoggerService: Checking Threshold
07-10 10:53:57.265   500  1030 I PhoneLab-: Service Running
07-10 10:53:57.316   500  1030 I PhoneLab-LoggerService: app_36    1034  500   1436   1068  c00f181c 400107b4 S logcat
07-10 10:53:57.316   500  1030 I PhoneLab-LoggerService: Logcat pid from database 1034
07-10 10:53:57.316   500  1030 I PhoneLab-LoggerService: Logcat process found 1034
07-10 10:53:57.320   500  1030 I PhoneLab-LoggerService: Checking Threshold
07-10 10:53:57.320   500  1030 I PhoneLab-: Service Running
07-10 10:53:57.355   500  1030 I PhoneLab-LoggerService: app_36    1034  500   1436   1068  c00f181c 400107b4 S logcat
07-10 10:53:57.355   500  1030 I PhoneLab-LoggerService: Logcat pid from database 1034
07-10 10:53:57.355   500  1030 I PhoneLab-LoggerService: Logcat process found 1034
07-10 10:53:57.355   500  1030 I PhoneLab-LoggerService: Checking Threshold
07-10 10:53:57.359   500  1030 I PhoneLab-: Service Running
07-10 10:53:57.390   500  1030 I PhoneLab-LoggerService: app_36    1034  500   1436   1068  c00f181c 400107b4 S logcat
07-10 10:53:57.394   500  1030 I PhoneLab-LoggerService: Logcat pid from database 1034
07-10 10:53:57.394   500  1030 I PhoneLab-LoggerService: Logcat process found 1034
07-10 10:53:57.394   500  1030 I PhoneLab-LoggerService: Checking Threshold
07-10 10:53:57.394   500  1030 I PhoneLab-: Service Running
07-10 10:53:57.437   500  1030 I PhoneLab-LoggerService: app_36    1034  500   1436   1068  c00f181c 400107b4 S logcat
07-10 10:53:57.437   500  1030 I PhoneLab-LoggerService: Logcat pid from database 1034
07-10 10:53:57.437   500  1030 I PhoneLab-LoggerService: Logcat process found 1034
07-10 10:53:57.437   500  1030 I PhoneLab-LoggerService: Checking Threshold
07-10 10:53:57.437   500  1030 I PhoneLab-: Service Running
07-10 10:53:57.476   500  1030 I PhoneLab-LoggerService: app_36    1034  500   1436   1068  c00f181c 400107b4 S logcat
07-10 10:53:57.476   500  1030 I PhoneLab-LoggerService: Logcat pid from database 1034
07-10 10:53:57.476   500  1030 I PhoneLab-LoggerService: Logcat process found 1034
07-10 10:53:57.476   500  1030 I PhoneLab-LoggerService: Checking Threshold
07-10 10:53:57.476   500  1030 I PhoneLab-: Service Running
07-10 10:53:57.527   500  1030 I PhoneLab-LoggerService: app_36    1034  500   1436   1068  c00f181c 400107b4 S logcat
07-10 10:53:57.527   500  1030 I PhoneLab-LoggerService: Logcat pid from database 1034
07-10 10:53:57.527   500  1030 I PhoneLab-LoggerService: Logcat process found 1034
07-10 10:53:57.527   500  1030 I PhoneLab-LoggerService: Checking Threshold
07-10 10:53:57.527   500  1030 I PhoneLab-: Service Running
07-10 10:53:57.550   500   502 D dalvikvm: GC_CONCURRENT freed 397K, 19% free 9223K/11335K, paused 2ms+2ms
07-10 10:53:57.586   500  1030 I PhoneLab-LoggerService: app_36    1034  500   1436   1068  c00f181c 400107b4 S logcat
07-10 10:53:57.586   500  1030 I PhoneLab-LoggerService: Logcat pid from database 1034
07-10 10:53:57.586   500  1030 I PhoneLab-LoggerService: Logcat process found 1034
07-10 10:53:57.586   500  1030 I PhoneLab-LoggerService: Checking Threshold
07-10 10:53:57.586   500  1030 I PhoneLab-: Service Running
07-10 10:53:57.625   500  1030 I PhoneLab-LoggerService: app_36    1034  500   1436   1068  c00f181c 400107b4 S logcat
07-10 10:53:57.625   500  1030 I PhoneLab-LoggerService: Logcat pid from database 1034
07-10 10:53:57.625   500  1030 I PhoneLab-LoggerService: Logcat process found 1034
07-10 10:53:57.629   500  1030 I PhoneLab-LoggerService: Checking Threshold
07-10 10:53:57.629   500  1030 I PhoneLab-: Service Running
07-10 10:53:57.660   500  1030 I PhoneLab-LoggerService: app_36    1034  500   1436   1068  c00f181c 400107b4 S logcat
07-10 10:53:57.660   500  1030 I PhoneLab-LoggerService: Logcat pid from database 1034
07-10 10:53:57.660   500  1030 I PhoneLab-LoggerService: Logcat process found 1034
07-10 10:53:57.660   500  1030 I PhoneLab-LoggerService: Checking Threshold
07-10 10:53:57.664   500  1030 I PhoneLab-: Service Running
07-10 10:53:57.703   500  1030 I PhoneLab-LoggerService: app_36    1034  500   1436   1068  c00f181c 400107b4 S logcat
07-10 10:53:57.703   500  1030 I PhoneLab-LoggerService: Logcat pid from database 1034
07-10 10:53:57.703   500  1030 I PhoneLab-LoggerService: Logcat process found 1034
07-10 10:53:57.703   500  1030 I PhoneLab-LoggerService: Checking Threshold
07-10 10:53:57.703   500  1030 I PhoneLab-: Service Running
07-10 10:53:57.742   500  1030 I PhoneLab-LoggerService: app_36    1034  500   1436   1068  c00f181c 400107b4 S logcat
07-10 10:53:57.742   500  1030 I PhoneLab-LoggerService: Logcat pid from database 1034
07-10 10:53:57.742   500  1030 I PhoneLab-LoggerService: Logcat process found 1034
07-10 10:53:57.742   500  1030 I PhoneLab-LoggerService: Checking Threshold
07-10 10:53:57.742   500  1030 I PhoneLab-: Service Running
07-10 10:53:57.781   500  1030 I PhoneLab-LoggerService: app_36    1034  500   1436   1068  c00f181c 400107b4 S logcat
07-10 10:53:57.781   500  1030 I PhoneLab-LoggerService: Logcat pid from database 1034
07-10 10:53:57.781   500  1030 I PhoneLab-LoggerService: Logcat process found 1034
07-10 10:53:57.781   500  1030 I PhoneLab-LoggerService: Checking Threshold
07-10 10:53:57.781   500  1030 I PhoneLab-: Service Running
07-10 10:53:57.816   500  1030 I PhoneLab-LoggerService: app_36    1034  500   1436   1068  c00f181c 400107b4 S logcat
07-10 10:53:57.816   500  1030 I PhoneLab-LoggerService: Logcat pid from database 1034
07-10 10:53:57.816   500  1030 I PhoneLab-LoggerService: Logcat process found 1034
07-10 10:53:57.816   500  1030 I PhoneLab-LoggerService: Checking Threshold
07-10 10:53:57.816   500  1030 I PhoneLab-: Service Running
07-10 10:53:57.871   500  1030 I PhoneLab-LoggerService: app_36    1034  500   1436   1068  c00f181c 400107b4 S logcat
07-10 10:53:57.871   500  1030 I PhoneLab-LoggerService: Logcat pid from database 1034
07-10 10:53:57.871   500  1030 I PhoneLab-LoggerService: Logcat process found 1034
07-10 10:53:57.871   500  1030 I PhoneLab-LoggerService: Checking Threshold
07-10 10:53:57.871   500  1030 I PhoneLab-: Service Running
07-10 10:53:57.898   500   502 D dalvikvm: GC_CONCURRENT freed 402K, 19% free 9224K/11335K, paused 2ms+2ms
07-10 10:53:57.929   500  1030 I PhoneLab-LoggerService: app_36    1034  500   1436   1068  c00f181c 400107b4 S logcat
07-10 10:53:57.929   500  1030 I PhoneLab-LoggerService: Logcat pid from database 1034
07-10 10:53:57.929   500  1030 I PhoneLab-LoggerService: Logcat process found 1034
07-10 10:53:57.929   500  1030 I PhoneLab-LoggerService: Checking Threshold
07-10 10:54:06.375  1209  1211 D dalvikvm: GC_CONCURRENT freed 707K, 7% free 11469K/12295K, paused 6ms+3ms
07-10 10:54:07.355   356   359 D dalvikvm: GC_CONCURRENT freed 453K, 6% free 9466K/10055K, paused 21ms+3ms
07-10 10:54:31.191   144   147 D dalvikvm: GC_CONCURRENT freed 666K, 16% free 12239K/14407K, paused 14ms+5ms
07-10 10:54:33.031   144   171 I power   : *** set_screen_state 0
07-10 10:54:33.082    78   121 D SurfaceFlinger: About to give-up screen, flinger = 0x1fb3918
07-10 10:54:33.136   371   970 D NfcService: NFC-C OFF, disconnect
07-10 10:54:37.004  1209  1230 W PowerComponent: [GPS] Had to skip from iteration 70070 to 70074
07-10 10:54:37.004  1209  1226 W PowerComponent: [LCD] Had to skip from iteration 70070 to 70074
07-10 10:54:37.011  1209  1231 W PowerComponent: [Audio] Had to skip from iteration 70070 to 70074
07-10 10:54:37.011  1209  1228 W PowerComponent: [Wifi] Had to skip from iteration 70070 to 70074
07-10 10:54:37.011  1209  1229 W PowerComponent: [3G] Had to skip from iteration 70070 to 70074
07-10 10:54:37.019  1209  1227 W PowerComponent: [CPU] Had to skip from iteration 70070 to 70074
07-10 10:54:37.285  1209  1225 W PowerComponent: [LCD] Could not find data for requested iteration
07-10 10:54:37.285  1209  1225 W PowerComponent: [CPU] Could not find data for requested iteration
07-10 10:54:37.285  1209  1225 W PowerComponent: [Wifi] Could not find data for requested iteration
07-10 10:54:37.285  1209  1225 W PowerComponent: [3G] Could not find data for requested iteration
07-10 10:54:37.285  1209  1225 W PowerComponent: [GPS] Could not find data for requested iteration
07-10 10:54:37.285  1209  1225 W PowerComponent: [Audio] Could not find data for requested iteration
07-10 10:54:38.168   144   147 D dalvikvm: GC_CONCURRENT freed 94K, 11% free 12906K/14407K, paused 2ms+3ms
07-10 10:54:38.175   144   175 V TransportControlView: Create TCV com.android.internal.widget.TransportControlView@41340640
07-10 10:54:38.218   214   214 D PhoneStatusBar: disable: < expand icons alerts ticker system_info back home RECENT* clock >
07-10 10:55:02.011  1209  1230 W PowerComponent: [GPS] Had to skip from iteration 70075 to 70099
07-10 10:55:02.011  1209  1226 W PowerComponent: [LCD] Had to skip from iteration 70075 to 70099
