07-05 12:43:25.620 31898 32134 D dalvikvm: Trying to load lib /data/data/org.mozilla.firefox_beta/lib/libmozglue.so 0x41341330
07-05 12:43:25.624 31898 32134 D dalvikvm: Added shared lib /data/data/org.mozilla.firefox_beta/lib/libmozglue.so 0x41341330
07-05 12:43:25.624 31898 32134 D dalvikvm: No JNI_OnLoad found in /data/data/org.mozilla.firefox_beta/lib/libmozglue.so 0x41341330, skipping init
07-05 12:43:25.624 31898 32134 E GeckoLibLoad: Load sqlite start
07-05 12:43:25.636 31898 32134 E GeckoLinker: /data/app/org.mozilla.firefox_beta-1.apk!/libmozsqlite3.so: Warning: relocation to NULL @0x00052db4
07-05 12:43:25.639 31898 32134 E GeckoLinker: /data/app/org.mozilla.firefox_beta-1.apk!/libmozsqlite3.so: Warning: relocation to NULL @0x00052cb0 for symbol &quot;__cxa_begin_cleanup&quot;
07-05 12:43:25.639 31898 32134 E GeckoLinker: /data/app/org.mozilla.firefox_beta-1.apk!/libmozsqlite3.so: Warning: relocation to NULL @0x00052d1c for symbol &quot;__cxa_type_match&quot;
07-05 12:43:25.639 31898 32134 E GeckoLibLoad: Load sqlite done
07-05 12:43:25.639 31898 32134 D dalvikvm: Trying to load lib /data/data/org.mozilla.firefox_beta/lib/libmozglue.so 0x41341330
07-05 12:43:25.639 31898 32134 D dalvikvm: Shared lib &#39;/data/data/org.mozilla.firefox_beta/lib/libmozglue.so&#39; already loaded in same CL 0x41341330
07-05 12:43:25.639 31898 32134 E GeckoLibLoad: Load nss start
07-05 12:43:25.667 31898 32134 E GeckoLinker: /data/app/org.mozilla.firefox_beta-1.apk!/libnspr4.so: Warning: relocation to NULL @0x00020de0
07-05 12:43:25.667 31898 32134 E GeckoLinker: /data/app/org.mozilla.firefox_beta-1.apk!/libnspr4.so: Warning: relocation to NULL @0x00020b98 for symbol &quot;__cxa_begin_cleanup&quot;
07-05 12:43:25.667 31898 32134 E GeckoLinker: /data/app/org.mozilla.firefox_beta-1.apk!/libnspr4.so: Warning: relocation to NULL @0x00020cb0 for symbol &quot;__cxa_type_match&quot;
07-05 12:43:25.671 31898 32134 E GeckoLibLoad: Load nss done
07-05 12:43:25.682 31898 32134 I RecordsChannel: onFetchCompleted. Stopping consumer once stores are done.
07-05 12:43:25.682 31898 32134 I RecordsChannel: Fetch timestamp is 1341506605617
07-05 12:43:25.682 31898 31994 I CRecordConsumer: Consumer is done. Processed 0 records.
07-05 12:43:25.686 31898 32136 I RecordsChannel: onStoreCompleted. Notifying delegate of onFlowCompleted. Fetch end is 1341506605617, store end is 0
07-05 12:43:25.686 31898 32136 I SynchronizerSession: Second RecordsChannel onFlowCompleted.
07-05 12:43:25.686 31898 32136 I SynchronizerSession: Fetch end is 1341506605617. Store end is 0. Finishing.
07-05 12:43:25.686 31898 32136 I SynchronizerSession: onFinishSucceeded. Flows? true, true
07-05 12:43:25.686 31898 32136 I SynchronizerSession: onFinishSucceeded: bumping session A&#39;s timestamp to 1341506605720 or 0
07-05 12:43:25.686 31898 32136 D RepositorySessionBundle: Setting timestamp on RepositorySessionBundle to 1341506605720
07-05 12:43:25.686 31898 32136 I SynchronizerSession: Finishing session B.
07-05 12:43:25.686 31898 32134 I SynchronizerSession: onFinishSucceeded. Flows? true, true
07-05 12:43:25.686 31898 32134 I SynchronizerSession: onFinishSucceeded: bumping session B&#39;s timestamp to 1341506605617 or 1341506605609
07-05 12:43:25.686 31898 32134 D RepositorySessionBundle: Setting timestamp on RepositorySessionBundle to 1341506605617
07-05 12:43:25.686 31898 32134 I SynchronizerSession: Notifying delegate.onSynchronized.
07-05 12:43:25.686 31898 32134 D SyncDelSDelegate: Got onSynchronized.
07-05 12:43:25.686 31898 32134 D SyncDelSDelegate: Notifying SynchronizerDelegate.
07-05 12:43:25.690 31898 32136 I RepositorySession: Shutting down work queues.
07-05 12:43:25.690 31898 32136 I RepositorySession: Shutting down work queues.
07-05 12:43:25.702 31898 32134 I ServerSyncStage: Advancing session.
07-05 12:43:25.702 31898 32134 I SyncAdapter: Stage completed: syncFormHistory
07-05 12:43:25.702 31898 32134 I GlobalSession: Running next stage uploadMetaGlobal (org.mozilla.gecko.sync.stage.UploadMetaGlobalStage@41351078)...
07-05 12:43:25.702 31898 32134 I GlobalSession: Not uploading updated meta/global record since there are no engines requesting upload.
07-05 12:43:25.702 31898 32134 I SyncAdapter: Stage completed: uploadMetaGlobal
07-05 12:43:25.702 31898 32134 I GlobalSession: Running next stage completed (org.mozilla.gecko.sync.stage.CompletedStage@41350c78)...
07-05 12:43:25.702 31898 32134 I SyncAdapter: GlobalSession indicated success.
07-05 12:43:25.702 31898 32134 I SyncAdapter: Prefs target: sync.prefs.4z4c2c64wz4yf3ewnl5u6s4kngeylw6g
07-05 12:43:25.702 31898 32134 I SyncAdapter: Notifying sync monitor.
07-05 12:43:25.702 31898 31928 I SyncAdapter: Setting minimum next sync time to 1341506905707
07-05 12:43:25.718 31898 31991 D class ch.boye.httpclientandroidlib.impl.conn.tsccm.ThreadSafeClientConnManager: Closing expired connections
07-05 12:43:25.718 31898 31991 D class ch.boye.httpclientandroidlib.impl.conn.tsccm.ConnPoolByRoute: Closing expired connections
07-05 12:43:25.718 31898 31991 D class ch.boye.httpclientandroidlib.impl.conn.tsccm.ThreadSafeClientConnManager: Shutting down
07-05 12:43:25.846 31898 31991 D class ch.boye.httpclientandroidlib.impl.conn.DefaultClientConnection: Connection closed
07-05 12:43:30.960   345   345 D dalvikvm: GC_EXPLICIT freed 492K, 17% free 12026K/14343K, paused 53ms+3ms
07-05 12:43:35.577 28940 28942 D dalvikvm: GC_CONCURRENT freed 374K, 5% free 10122K/10631K, paused 25ms+16ms
07-05 12:43:35.620 31392 31394 D dalvikvm: GC_CONCURRENT freed 557K, 6% free 10190K/10823K, paused 2ms+3ms
07-05 12:43:35.690 31802 31809 I dalvikvm: Total arena pages for JIT: 11
07-05 12:43:35.690 31802 31809 I dalvikvm: Total arena pages for JIT: 12
07-05 12:43:35.690 31802 31809 I dalvikvm: Total arena pages for JIT: 13
07-05 12:43:35.690 31802 31809 I dalvikvm: Total arena pages for JIT: 14
07-05 12:43:35.690 31802 31809 I dalvikvm: Total arena pages for JIT: 15
07-05 12:43:35.690 31802 31809 I dalvikvm: Total arena pages for JIT: 16
07-05 12:43:35.690 31802 31809 I dalvikvm: Total arena pages for JIT: 17
07-05 12:43:42.882   454   454 D dalvikvm: GC_EXPLICIT freed &lt;1K, 4% free 9037K/9347K, paused 14ms+2ms
07-05 12:43:48.065 28940 28940 D dalvikvm: GC_EXPLICIT freed 70K, 6% free 10058K/10631K, paused 17ms+3ms
07-05 12:43:57.780 17868 17868 D dalvikvm: GC_EXPLICIT freed 1090K, 18% free 10435K/12679K, paused 15ms+3ms
07-05 12:43:58.350   345   345 D SAN_SERVICE: *******************************************
07-05 12:43:58.350   345   345 D SAN_SERVICE: DM App Phone Service State - 0
07-05 12:43:58.350   345   345 D SAN_SERVICE: *******************************************
07-05 12:43:58.624   345   345 D SAN_SERVICE: *******************************************
07-05 12:43:58.624   345   345 D SAN_SERVICE: DM App Phone Service State - 0
07-05 12:43:58.624   345   345 D SAN_SERVICE: *******************************************
07-05 12:43:59.128   345   345 D SAN_SERVICE: *******************************************
07-05 12:43:59.128   345   345 D SAN_SERVICE: DM App Phone Service State - 0
07-05 12:43:59.128   345   345 D SAN_SERVICE: *******************************************
07-05 12:44:06.940 29180 29180 D dalvikvm: GC_EXPLICIT freed 341K, 23% free 11875K/15303K, paused 17ms+5ms
07-05 12:44:11.893 31392 31392 D dalvikvm: GC_EXPLICIT freed 27K, 7% free 10172K/10823K, paused 16ms+3ms
07-05 12:44:33.276   145   175 I ActivityManager: Start proc com.google.android.gm for service com.google.android.gm/.provider.MailIndexerService: pid=32139 uid=10075 gids={3003, 1015}
07-05 12:44:33.753 32139 32139 I ActivityThread: Pub gmail-ls: com.google.android.gm.provider.MailProvider
07-05 12:44:33.819 32139 32139 I ActivityThread: Pub com.google.android.gm: com.google.android.gm.provider.PublicContentProvider
07-05 12:44:33.835 32139 32139 I ActivityThread: Pub com.google.android.gmail.SuggestionProvider: com.google.android.gm.SuggestionsProvider
07-05 12:44:34.147 31556 31557 D dalvikvm: GC_CONCURRENT freed 403K, 5% free 10600K/11079K, paused 33ms+8ms
07-05 12:44:34.151 32139 32141 D dalvikvm: GC_CONCURRENT freed 211K, 3% free 9260K/9543K, paused 18ms+1ms
07-05 12:44:34.573   145   161 V BackupManagerService: Running a backup pass
07-05 12:44:34.573   145   215 V BackupManagerService: clearing pending backups
07-05 12:44:34.573   145   215 V PerformBackupTask: Beginning backup of 1 targets
07-05 12:44:34.796 32139 32156 I Gmail   : calculateUnknownSyncRationalesAndPurgeInBackground: queueing
07-05 12:44:34.803   145   215 D PerformBackupTask: processOneBackup doBackup() on @pm@
07-05 12:44:34.807   145   215 V BackupServiceBinder: doBackup() invoked
07-05 12:44:34.819   145   215 I PerformBackupTask: no backup data written; not calling transport
07-05 12:44:34.823 32139 32156 I Gmail   : calculateUnknownSyncRationalesAndPurgeInBackground: queueing
07-05 12:44:34.823   145   215 D PerformBackupTask: starting agent for backup of BackupRequest{pkg=com.android.providers.settings}
07-05 12:44:34.827   145   161 V ActivityThread: handleCreateBackupAgent: CreateBackupAgentData{appInfo=ApplicationInfo{414c0ca0 com.android.providers.settings} backupAgent=com.android.providers.settings.SettingsBackupAgent mode=0}
07-05 12:44:34.827   145   161 V ActivityThread: Initializing agent class com.android.providers.settings.SettingsBackupAgent
07-05 12:44:34.827   145   215 D BackupManagerService: awaiting agent for ApplicationInfo{414c0ca0 com.android.providers.settings}
07-05 12:44:34.831   145   161 D SettingsBackupAgent: onCreate() invoked
07-05 12:44:34.839   145   161 D BackupManagerService: agentConnected pkg=com.android.providers.settings agent=android.app.backup.BackupAgent$BackupServiceBinder@41604a50
07-05 12:44:34.839   145   215 D PerformBackupTask: processOneBackup doBackup() on com.android.providers.settings
07-05 12:44:34.843   145   215 V BackupServiceBinder: doBackup() invoked
07-05 12:44:34.874 32139 32156 I Gmail   : calculateUnknownSyncRationalesAndPurgeInBackground: running
07-05 12:44:34.901 32139 32156 I Gmail   : calculateUnknownSyncRationalesAndPurgeInBackground: running
07-05 12:44:34.909 32139 32141 D dalvikvm: GC_CONCURRENT freed 252K, 4% free 9413K/9799K, paused 1ms+2ms
07-05 12:44:34.940   145   161 V ActivityThread: handleDestroyBackupAgent: CreateBackupAgentData{appInfo=ApplicationInfo{414c0ca0 com.android.providers.settings} backupAgent=com.android.providers.settings.SettingsBackupAgent mode=0}
07-05 12:44:34.940   145   215 I PerformBackupTask: no backup data written; not calling transport
07-05 12:44:34.944   145   215 I PerformBackupTask: Backup pass finished.
07-05 12:44:35.468 31802 31809 I dalvikvm: Total arena pages for JIT: 18
07-05 12:44:35.565 31802 31805 D dalvikvm: GC_CONCURRENT freed 411K, 6% free 9977K/10503K, paused 10ms+2ms
07-05 12:44:38.471 31831 31844 I PhoneLab-: Service Running
07-05 12:44:38.714 31831 31844 I PhoneLab-LoggerService: app_37    1360  1     1436   988   c00f181c 400107b4 S logcat
07-05 12:44:38.718 31831 31844 I PhoneLab-LoggerService: Logcat pid from database 1360
07-05 12:44:38.718 31831 31844 I PhoneLab-LoggerService: Logcat process found 1360
07-05 12:44:38.718 31831 31844 I PhoneLab-LoggerService: Checking Threshold
07-05 12:44:38.718 31831 31844 I PhoneLab-LoggerService: Starting to rename files
07-05 12:44:38.718 31831 31844 I PhoneLab-LoggerService: Files found .. 2
07-05 12:45:15.065 32163 32163 D dalvikvm: Late-enabling CheckJNI
07-05 12:45:15.065   145   162 I ActivityManager: Start proc com.chess for broadcast com.chess/.backend.AlarmReceiver: pid=32163 uid=10079 gids={3003, 1015}
07-05 12:45:15.069   145   310 I ActivityManager: Process com.android.voicedialer (pid 31995) has died.
07-05 12:45:15.389   145   145 I ActivityManager: Process android.process.media (pid 31616) has died.
07-05 12:45:15.448 32163 32165 D dalvikvm: GC_CONCURRENT freed 169K, 3% free 9366K/9607K, paused 15ms+2ms
07-05 12:45:15.604 32163 32177 D GetStringObjTask: retrieving from url = http://www.chess.com/api/get_move_status?id=y3ICtufzg6w7rQqcD3KFujVaIanpYba4bIpaeKElV1LNz3Sz4Fk9Yh5CeWaj8h4bQ2RY0CxFVgA%2ByBE5DE%2B1cAuw4i%2Bp2GVj5RbuDPEUotReGbS25iAukuBsuUd%2Fl5dp
07-05 12:45:16.050 32163 32177 D GetStringObjTask: WebRequest SERVER RESPONSE: Success+0
07-05 12:45:35.534 31392 31394 D dalvikvm: GC_CONCURRENT freed 484K, 6% free 10186K/10823K, paused 2ms+5ms
07-05 12:45:37.386   345   345 D SAN_SERVICE: *******************************************
07-05 12:45:37.386   345   345 D SAN_SERVICE: DM App Phone Service State - 0
07-05 12:45:37.386   345   345 D SAN_SERVICE: *******************************************
07-05 12:45:37.878   345   345 D SAN_SERVICE: *******************************************
07-05 12:45:37.878   345   345 D SAN_SERVICE: DM App Phone Service State - 0
07-05 12:45:37.878   345   345 D SAN_SERVICE: *******************************************
07-05 12:45:54.417   145   175 I ActivityManager: Start proc com.twitter.android for service com.twitter.android/.client.AppService: pid=32181 uid=10064 gids={3003, 1015}
07-05 12:45:54.428 32181 32181 I dalvikvm: Turning on JNI app bug workarounds for target SDK version 11...
07-05 12:45:54.530 32181 32181 I ActivityThread: Pub com.twitter.android.provider.GlobalDatabaseProvider: com.twitter.android.provider.GlobalDatabaseProvider
07-05 12:45:54.542 32181 32181 I ActivityThread: Pub com.twitter.android.provider.TwitterProvider: com.twitter.android.provider.TwitterProvider
07-05 12:45:54.671 32181 32182 D dalvikvm: GC_CONCURRENT freed 194K, 4% free 9289K/9607K, paused 10ms+2ms
07-05 12:45:54.979 32181 32182 D dalvikvm: GC_CONCURRENT freed 226K, 4% free 9508K/9863K, paused 5ms+2ms
07-05 12:45:55.112 32181 32182 D dalvikvm: GC_CONCURRENT freed 292K, 5% free 9636K/10055K, paused 2ms+2ms
07-05 12:45:55.136   145   157 I ActivityManager: Process com.google.android.googlequicksearchbox (pid 32042) has died.
07-05 12:45:55.272 32181 32182 D dalvikvm: GC_CONCURRENT freed 302K, 5% free 9762K/10183K, paused 1ms+2ms
07-05 12:45:55.386 32181 32182 D dalvikvm: GC_CONCURRENT freed 307K, 5% free 9893K/10311K, paused 1ms+1ms
07-05 12:45:55.503 32181 32182 D dalvikvm: GC_CONCURRENT freed 295K, 4% free 10032K/10439K, paused 2ms+2ms
07-05 12:45:55.624 32181 32182 D dalvikvm: GC_CONCURRENT freed 304K, 4% free 10153K/10567K, paused 1ms+2ms
07-05 12:45:55.745 32181 32182 D dalvikvm: GC_CONCURRENT freed 302K, 4% free 10281K/10695K, paused 2ms+2ms
07-05 12:45:55.909 32181 32182 D dalvikvm: GC_CONCURRENT freed 476K, 6% free 10224K/10823K, paused 2ms+1ms
07-05 12:45:56.022 32181 32182 D dalvikvm: GC_CONCURRENT freed 330K, 5% free 10297K/10823K, paused 2ms+1ms
07-05 12:45:56.159 32181 32182 D dalvikvm: GC_CONCURRENT freed 324K, 5% free 10388K/10823K, paused 3ms+2ms
07-05 12:45:56.296 32181 32182 D dalvikvm: GC_CONCURRENT freed 355K, 5% free 10475K/10951K, paused 2ms+2ms
07-05 12:45:56.409 32181 32182 D dalvikvm: GC_CONCURRENT freed 354K, 5% free 10555K/11015K, paused 2ms+2ms
07-05 12:45:56.526 32181 32182 D dalvikvm: GC_CONCURRENT freed 321K, 4% free 10641K/11079K, paused 2ms+2ms
07-05 12:45:56.659 32181 32182 D dalvikvm: GC_CONCURRENT freed 375K, 5% free 10724K/11207K, paused 1ms+2ms
07-05 12:45:56.784 32181 32182 D dalvikvm: GC_CONCURRENT freed 402K, 5% free 10819K/11335K, paused 2ms+2ms
07-05 12:45:56.807   145   329 I ActivityManager: Process com.android.quicksearchbox (pid 32059) has died.
07-05 12:45:57.249   145 22722 I ActivityManager: Process com.android.defcontainer (pid 31854) has died.
07-05 12:45:57.604 32181 32182 D dalvikvm: GC_CONCURRENT freed 340K, 5% free 11001K/11463K, paused 2ms+2ms
07-05 12:45:59.491   145 22722 I ActivityManager: Process android.process.acore (pid 32081) has died.
07-05 12:45:59.651 32181 32182 D dalvikvm: GC_CONCURRENT freed 457K, 6% free 11194K/11783K, paused 2ms+2ms
07-05 12:46:00.198   145   147 D dalvikvm: GC_CONCURRENT freed 1837K, 27% free 18853K/25543K, paused 8ms+8ms
07-05 12:46:01.268   345   345 D SAN_SERVICE: *******************************************
07-05 12:46:01.272   345   345 D SAN_SERVICE: DM App Phone Service State - 0
07-05 12:46:01.272   345   345 D SAN_SERVICE: *******************************************
07-05 12:46:02.014   345   345 D SAN_SERVICE: *******************************************
07-05 12:46:02.014   345   345 D SAN_SERVICE: DM App Phone Service State - 0
07-05 12:46:02.014   345   345 D SAN_SERVICE: *******************************************
07-05 12:46:08.061   345   345 D SAN_SERVICE: *******************************************
07-05 12:46:08.061   345   345 D SAN_SERVICE: DM App Phone Service State - 0
07-05 12:46:08.061   345   345 D SAN_SERVICE: *******************************************
07-05 12:46:11.003   145   162 I ActivityManager: Start proc com.spotify.mobile.android.service for service com.spotify.mobile.android.ui/com.spotify.mobile.android.service.SpotifyService: pid=32201 uid=10055 gids={3003, 1015}
07-05 12:46:11.089 32201 32201 D dalvikvm: Trying to load lib /data/data/com.spotify.mobile.android.ui/lib/liborbit-jni-spotify.so 0x41342dd0
07-05 12:46:11.155 32201 32201 D dalvikvm: Added shared lib /data/data/com.spotify.mobile.android.ui/lib/liborbit-jni-spotify.so 0x41342dd0
07-05 12:46:16.303   145   156 I ActivityManager: Process org.mozilla.firefox_beta.PasswordsProvider (pid 32101) has died.
07-05 12:46:16.600   345   345 D SAN_SERVICE: *******************************************
07-05 12:46:16.600   345   345 D SAN_SERVICE: DM App Phone Service State - 0
07-05 12:46:16.600   345   345 D SAN_SERVICE: *******************************************
07-05 12:46:35.636 31802 31805 D dalvikvm: GC_CONCURRENT freed 425K, 6% free 9972K/10503K, paused 2ms+2ms
07-05 12:46:38.475 31831 31844 I PhoneLab-: Service Running
07-05 12:46:38.593 31831 31844 I PhoneLab-LoggerService: app_37    1360  1     1436   988   c00f181c 400107b4 S logcat
07-05 12:46:38.596 31831 31844 I PhoneLab-LoggerService: Logcat pid from database 1360
07-05 12:46:38.596 31831 31844 I PhoneLab-LoggerService: Logcat process found 1360
07-05 12:46:38.596 31831 31844 I PhoneLab-LoggerService: Checking Threshold
07-05 12:46:38.596 31831 31844 I PhoneLab-LoggerService: Starting to rename files
07-05 12:46:38.596 31831 31844 I PhoneLab-LoggerService: Files found .. 2
07-05 12:46:49.026   345   345 D SAN_SERVICE: *******************************************
07-05 12:46:49.026   345   345 D SAN_SERVICE: DM App Phone Service State - 0
07-05 12:46:49.026   345   345 D SAN_SERVICE: *******************************************
07-05 12:46:49.764   345   345 D SAN_SERVICE: *******************************************
07-05 12:46:49.764   345   345 D SAN_SERVICE: DM App Phone Service State - 0
07-05 12:46:49.764   345   345 D SAN_SERVICE: *******************************************
07-05 12:46:55.327   145   177 I power   : *** set_screen_state 1
07-05 12:46:55.479   145   177 I WindowManager: Lock screen displayed!
07-05 12:46:55.596    78   121 D SurfaceFlinger: Screen about to return, flinger = 0x457918
07-05 12:46:56.108   216   216 D PhoneStatusBar: disable: &lt; expand icons alerts ticker system_info BACK HOME recent* CLOCK &gt;
07-05 12:46:56.171   216   216 D PhoneStatusBar: disable: &lt; expand icons alerts ticker system_info back* home* recent clock* &gt;
07-05 12:46:56.198   145  4009 W InputManagerService: Window already focused, ignoring focus gain of: com.android.internal.view.IInputMethodClient$Stub$Proxy@415caa58
07-05 12:46:56.546   145 28236 I ActivityManager: Start proc android.process.acore for content provider com.android.providers.contacts/.ContactsProvider2: pid=32227 uid=10000 gids={3003, 1015}
07-05 12:46:56.604    79    79 D dalvikvm: GC_EXPLICIT freed 37K, 4% free 9031K/9347K, paused 2ms+7ms
07-05 12:46:56.655 32227 32227 I ActivityThread: Pub call_log: com.android.providers.contacts.CallLogProvider
07-05 12:46:56.659    79    79 D dalvikvm: GC_EXPLICIT freed &lt;1K, 4% free 9031K/9347K, paused 3ms+2ms
07-05 12:46:56.694    79    79 D dalvikvm: GC_EXPLICIT freed &lt;1K, 4% free 9031K/9347K, paused 2ms+4ms
07-05 12:46:56.702 32227 32227 I ActivityThread: Pub com.android.voicemail: com.android.providers.contacts.VoicemailContentProvider
07-05 12:46:56.706 32227 32227 I ActivityThread: Pub user_dictionary: com.android.providers.userdictionary.UserDictionaryProvider
07-05 12:46:56.737 32227 32227 I ActivityThread: Pub com.android.social: com.android.providers.contacts.SocialProvider
07-05 12:46:56.737 32227 32227 I ActivityThread: Pub applications: com.android.providers.applications.ApplicationsProvider
07-05 12:46:56.878 32227 32227 I ActivityThread: Pub contacts;com.android.contacts: com.android.providers.contacts.ContactsProvider2
07-05 12:46:56.909 32227 32229 D dalvikvm: GC_CONCURRENT freed 352K, 5% free 9184K/9607K, paused 4ms+2ms
07-05 12:46:57.206 32227 32229 D dalvikvm: GC_CONCURRENT freed 228K, 4% free 9376K/9735K, paused 9ms+2ms
07-05 12:46:57.245   145   348 I ActivityManager: START {act=android.intent.action.MAIN cat=[android.intent.category.LAUNCHER] flg=0x10200000 cmp=com.android.contacts/.activities.DialtactsActivity bnds=[0,706][96,802]} from pid 29180
07-05 12:46:57.300   145  1149 I ActivityManager: Start proc com.android.contacts for activity com.android.contacts/.activities.DialtactsActivity: pid=32242 uid=10000 gids={3003, 1015}
07-05 12:46:57.608   145   147 D dalvikvm: GC_CONCURRENT freed 870K, 22% free 19987K/25543K, paused 4ms+10ms
07-05 12:46:57.655 29180 29180 D OpenGLRenderer: Flushing caches (mode 1)
07-05 12:46:57.714 29180 29180 D OpenGLRenderer: Flushing caches (mode 0)
07-05 12:46:57.925   145   161 I Process : Sending signal. PID: 32242 SIG: 3
07-05 12:46:57.925 32242 32246 I dalvikvm: threadid=3: reacting to signal 3
07-05 12:46:57.964 32242 32246 I dalvikvm: Wrote stack traces to &#39;/data/anr/traces.txt&#39;
07-05 12:46:58.018 32242 32257 D AccountTypeManager: Registering external account type=com.whatsapp, packageName=com.whatsapp
07-05 12:46:58.022 32242 32242 I ContactPhotoManager: Cache adj: 0.5
07-05 12:46:58.077 32242 32244 D dalvikvm: GC_CONCURRENT freed 204K, 4% free 9273K/9607K, paused 3ms+17ms
07-05 12:46:58.167 32242 32257 W ResourceType: getEntry failing because entryIndex 606 is beyond type entryCount 189
07-05 12:46:58.167 32242 32257 W ResourceType: Failure getting entry for 0x7f02025e (t=1 e=606) in package 0 (error -2147483647)
07-05 12:46:58.167 32242 32257 D AccountTypeManager: Registering external account type=com.xabber.androiddev, packageName=com.xabber.androiddev
07-05 12:46:58.190 32242 32242 D dalvikvm: GC_FOR_ALLOC freed 20K, 4% free 9314K/9607K, paused 19ms
07-05 12:46:58.194 32242 32242 I dalvikvm-heap: Grow heap (frag case) to 10.165MB for 1048592-byte allocation
07-05 12:46:58.229 32242 32257 D dalvikvm: GC_FOR_ALLOC freed 1K, 4% free 10337K/10695K, paused 18ms
07-05 12:46:58.280 32242 32244 D dalvikvm: GC_CONCURRENT freed 13K, 4% free 10354K/10695K, paused 2ms+3ms
07-05 12:46:58.303 32242 32257 D AccountTypeManager: Registering external account type=com.facebook.auth.login, packageName=com.facebook.katana
07-05 12:46:58.417   145   161 I Process : Sending signal. PID: 32242 SIG: 3
07-05 12:46:58.417 32242 32246 I dalvikvm: threadid=3: reacting to signal 3
07-05 12:46:58.753 32242 32257 W ResourceType: getEntry failing because entryIndex 344 is beyond type entryCount 189
07-05 12:46:58.753 32242 32257 W ResourceType: Failure getting entry for 0x7f020158 (t=1 e=344) in package 0 (error -2147483647)
07-05 12:46:58.753 32242 32257 D AccountTypeManager: Registering 1 extension packages
07-05 12:46:58.764 32242 32246 I dalvikvm: Wrote stack traces to &#39;/data/anr/traces.txt&#39;
07-05 12:46:58.846 32242 32244 D dalvikvm: GC_CONCURRENT freed 49K, 2% free 10795K/10951K, paused 7ms+7ms
07-05 12:46:58.917   145   161 I Process : Sending signal. PID: 32242 SIG: 3
07-05 12:46:58.921 32242 32246 I dalvikvm: threadid=3: reacting to signal 3
07-05 12:46:58.971 32242 32246 I dalvikvm: Wrote stack traces to &#39;/data/anr/traces.txt&#39;
07-05 12:46:58.991 32242 32257 E ExternalAccountType: Unsupported attribute readOnly
07-05 12:46:58.995 32242 32257 W ResourceType: getEntry failing because entryIndex 422 is beyond type entryCount 189
07-05 12:46:58.995 32242 32257 W ResourceType: Failure getting entry for 0x7f0201a6 (t=1 e=422) in package 0 (error -2147483647)
07-05 12:46:59.026 32242 32257 D AccountTypeManager: Registering extension package account type=com.google, dataSet=plus, packageName=com.google.android.apps.plus
07-05 12:46:59.042 32242 32257 I AccountTypeManager: Loaded meta-data for 6 account types, 5 accounts in 1309ms(wall) 87ms(cpu)
07-05 12:46:59.116 32242 32244 D dalvikvm: GC_CONCURRENT freed 68K, 2% free 11212K/11399K, paused 3ms+6ms
07-05 12:46:59.417   145   161 I Process : Sending signal. PID: 32242 SIG: 3
07-05 12:46:59.417 32242 32246 I dalvikvm: threadid=3: reacting to signal 3
07-05 12:46:59.460 32227 32229 D dalvikvm: GC_CONCURRENT freed 197K, 4% free 9595K/9927K, paused 2ms+3ms
07-05 12:46:59.460 32242 32246 I dalvikvm: Wrote stack traces to &#39;/data/anr/traces.txt&#39;
07-05 12:46:59.917   145   161 I Process : Sending signal. PID: 32242 SIG: 3
07-05 12:46:59.917 32242 32246 I dalvikvm: threadid=3: reacting to signal 3
07-05 12:46:59.971 32242 32246 I dalvikvm: Wrote stack traces to &#39;/data/anr/traces.txt&#39;
07-05 12:47:00.050   145   156 D dalvikvm: GC_EXPLICIT freed 1017K, 26% free 19101K/25543K, paused 3ms+10ms
07-05 12:47:00.483   145   161 I Process : Sending signal. PID: 32242 SIG: 3
07-05 12:47:00.483 32242 32246 I dalvikvm: threadid=3: reacting to signal 3
07-05 12:47:00.499 32242 32246 I dalvikvm: Wrote stack traces to &#39;/data/anr/traces.txt&#39;
07-05 12:47:00.655 32242 32242 D libEGL  : loaded /system/lib/egl/libGLES_android.so
07-05 12:47:00.878 32242 32242 D libEGL  : loaded /vendor/lib/egl/libEGL_POWERVR_SGX540_120.so
07-05 12:47:00.979   145   161 I Process : Sending signal. PID: 32242 SIG: 3
07-05 12:47:00.979 32242 32246 I dalvikvm: threadid=3: reacting to signal 3
07-05 12:47:01.011 32242 32242 D libEGL  : loaded /vendor/lib/egl/libGLESv1_CM_POWERVR_SGX540_120.so
07-05 12:47:01.030 32242 32242 D libEGL  : loaded /vendor/lib/egl/libGLESv2_POWERVR_SGX540_120.so
07-05 12:47:01.038 32242 32246 I dalvikvm: Wrote stack traces to &#39;/data/anr/traces.txt&#39;
07-05 12:47:01.112 32242 32269 E DefaultVoicemailNotifier: No voicemails to notify about: clear the notification.
07-05 12:47:01.139 32242 32242 D OpenGLRenderer: Enabling debug mode 0
07-05 12:47:01.214 32242 32260 V ContactPhotoManager: Preloaded 25 photos.  Cached bytes: 127334
07-05 12:47:01.296 32242 32244 D dalvikvm: GC_CONCURRENT freed 277K, 4% free 11650K/12039K, paused 18ms+3ms
07-05 12:47:01.479   145   161 I Process : Sending signal. PID: 32242 SIG: 3
07-05 12:47:01.479 32242 32246 I dalvikvm: threadid=3: reacting to signal 3
07-05 12:47:01.503 32242 32246 I dalvikvm: Wrote stack traces to &#39;/data/anr/traces.txt&#39;
07-05 12:47:01.573   145   176 I ActivityManager: Displayed com.android.contacts/.activities.DialtactsActivity: +4s302ms (total +4m3s146ms)
07-05 12:47:02.643 32242 32260 V ContactPhotoManager: Preloaded 25 photos.  Cached bytes: 258078
07-05 12:47:02.702   345   345 D SAN_SERVICE: *******************************************
07-05 12:47:02.702   345   345 D SAN_SERVICE: DM App Phone Service State - 0
07-05 12:47:02.702   345   345 D SAN_SERVICE: *******************************************
07-05 12:47:03.042   345   345 D SAN_SERVICE: *******************************************
07-05 12:47:03.042   345   345 D SAN_SERVICE: DM App Phone Service State - 0
07-05 12:47:03.042   345   345 D SAN_SERVICE: *******************************************
07-05 12:47:03.362 32227 32229 D dalvikvm: GC_CONCURRENT freed 334K, 5% free 9676K/10119K, paused 27ms+54ms
07-05 12:47:03.440 32242 32275 E DefaultVoicemailNotifier: No voicemails to notify about: clear the notification.
07-05 12:47:03.487   345   345 D SAN_SERVICE: *******************************************
07-05 12:47:03.487   345   345 D SAN_SERVICE: DM App Phone Service State - 0
07-05 12:47:03.487   345   345 D SAN_SERVICE: *******************************************
07-05 12:47:03.620 32242 32244 D dalvikvm: GC_CONCURRENT freed 180K, 3% free 12290K/12551K, paused 6ms+4ms
07-05 12:47:03.678 29180 29180 D OpenGLRenderer: Flushing caches (mode 1)
07-05 12:47:03.741   145   156 D CountryDetector: The first listener is added
07-05 12:47:04.112 32242 32260 D dalvikvm: GC_FOR_ALLOC freed 474K, 5% free 12768K/13319K, paused 23ms
07-05 12:47:04.636 32227 32229 D dalvikvm: GC_CONCURRENT freed 454K, 6% free 9662K/10247K, paused 4ms+3ms
07-05 12:47:05.397   145  1150 I ActivityManager: START {act=android.intent.action.CALL_PRIVILEGED dat=tel:xxxxxxxxxx cmp=com.android.phone/.PrivilegedOutgoingCallBroadcaster} from pid 32242
07-05 12:47:05.612   345   345 D PhoneUtils: checkAndCopyPhoneProviderExtras: some or all extras are missing.
07-05 12:47:05.854   145   156 I ActivityManager: START {flg=0x10000000 cmp=com.google.android.apps.googlevoice/.CallConnectingActivity (has extras)} from pid 31659
07-05 12:47:05.971 32242 32260 V ContactPhotoManager: Preloaded 25 photos.  Cached bytes: 430092
07-05 12:47:06.331 31659 31661 D dalvikvm: GC_CONCURRENT freed 233K, 4% free 9984K/10375K, paused 15ms+57ms
07-05 12:47:06.374   145   161 I Process : Sending signal. PID: 31659 SIG: 3
07-05 12:47:06.374 31659 31664 I dalvikvm: threadid=3: reacting to signal 3
07-05 12:47:06.428 31659 31664 I dalvikvm: Wrote stack traces to &#39;/data/anr/traces.txt&#39;
07-05 12:47:06.526 31659 31659 D dalvikvm: GC_FOR_ALLOC freed 83K, 5% free 10071K/10567K, paused 25ms
07-05 12:47:06.600   145   361 I ActivityManager: Process com.google.android.apps.plus (pid 32009) has died.
07-05 12:47:06.632 31659 31659 I GoogleVoice: CallViaAccessNumberConduit: Redirecting call
07-05 12:47:06.636   145   145 I ActivityManager: START {act=android.intent.action.CALL dat=tel:xxxxxxxxxx flg=0x10000000 cmp=com.android.phone/.OutgoingCallBroadcaster (has extras)} from pid 31659
07-05 12:47:06.792   145   176 I ActivityManager: Displayed com.google.android.apps.googlevoice/.CallConnectingActivity: +920ms (total +1s321ms)
07-05 12:47:06.889   145   156 I ActivityManager: START {act=com.android.phone.SIP_SELECT_PHONE dat=tel:xxxxxxxxxx flg=0x10000000 cmp=com.android.phone/.SipCallOptionHandler (has extras)} from pid 345
07-05 12:47:06.932 32242 32242 D OpenGLRenderer: Flushing caches (mode 1)
07-05 12:47:06.936   345   345 D CallController: placeCall()...  intent = Intent { act=android.intent.action.CALL dat=tel:xxxxxxxxxx (has extras) }
07-05 12:47:06.940   345   345 D OtaUtils: isOtaspCallIntent(Intent { act=android.intent.action.CALL dat=tel:xxxxxxxxxx (has extras) })...
07-05 12:47:07.124 32242 32260 V ContactPhotoManager: Preloaded 25 photos.  Cached bytes: 568050
07-05 12:47:07.132    81   130 D AudioHardwareInterface: setMode(IN_CALL)
07-05 12:47:07.136    81   130 D AudioHardware: openPcmOut_l() mPcmOpenCnt: 0
07-05 12:47:07.229    81   130 D AudioHardware: ### setVoiceVolume_l
07-05 12:47:07.229    81   130 D AudioHardware: ### route(1) call volume(1.000000)
07-05 12:47:07.229    81   130 D AudioHardware: ### earpiece call volume
07-05 12:47:07.237    81   129 D AudioHardware: AudioStreamOutALSA::setParameters() routing=1
07-05 12:47:07.237    81   129 D AudioHardware: ### incall mode route (1)
07-05 12:47:07.237    81   129 D AudioHardware: ### incall mode earpiece route
07-05 12:47:07.319   145   329 I AudioService:  AudioFocus  requestAudioFocus() from AudioFocus_For_Phone_Ring_And_Calls
07-05 12:47:07.335   145   365 I ActivityManager: START {act=android.intent.action.MAIN flg=0x10840000 cmp=com.android.phone/.InCallScreen} from pid 345
07-05 12:47:07.343   345   345 D SAN_SERVICE: *******************************************
07-05 12:47:07.343   345   345 D SAN_SERVICE: DM App Phone Call State - 2
07-05 12:47:07.343   345   345 D SAN_SERVICE: *******************************************
07-05 12:47:07.405   345   345 D Bluetooth HS/HF: CDMA call state: SINGLE_ACTIVE prev state:IDLE
07-05 12:47:07.409   345   345 D AccelerometerListener: enable(true)
07-05 12:47:07.413   216   216 D PhoneStatusBar: disable: &lt; expand icons ALERTS* ticker system_info back home recent clock &gt;
07-05 12:47:07.421   345   345 D Bluetooth HS/HF: CDMA call state: SINGLE_ACTIVE prev state:IDLE
07-05 12:47:07.448   345   345 D InCallScreen: onNewIntent: intent = Intent { act=android.intent.action.MAIN flg=0x10c40000 cmp=com.android.phone/.InCallScreen }, phone state = OFFHOOK
07-05 12:47:07.460   216   216 D PhoneStatusBar: disable: &lt; EXPAND* icons ALERTS ticker system_info back home recent clock &gt;
07-05 12:47:07.538   145   395 I power   : *** set_screen_state 1
07-05 12:47:07.569   345   345 D SAN_SERVICE: *******************************************
07-05 12:47:07.569   345   345 D SAN_SERVICE: DM App Phone Service State - 0
07-05 12:47:07.569   345   345 D SAN_SERVICE: *******************************************
07-05 12:47:07.659   345   345 D Bluetooth HS/HF: CDMA call state: SINGLE_ACTIVE prev state:IDLE
07-05 12:47:07.671   345   345 D Bluetooth HS/HF: CDMA call state: SINGLE_ACTIVE prev state:IDLE
07-05 12:47:07.757 32242 32242 D OpenGLRenderer: Flushing caches (mode 0)
07-05 12:47:07.819   345   345 D dalvikvm: GC_EXPLICIT freed 514K, 16% free 12184K/14343K, paused 6ms+5ms
07-05 12:47:07.827   145   145 W InputManagerService: Starting input on non-focused client com.android.internal.view.IInputMethodClient$Stub$Proxy@41e76e50 (uid=10000 pid=32242)
07-05 12:47:08.089   345   345 D AccelerometerListener: orientation: horizontal
07-05 12:47:08.100   345   345 D SAN_SERVICE: *******************************************
07-05 12:47:08.100   345   345 D SAN_SERVICE: DM App Phone Service State - 0
07-05 12:47:08.100   345   345 D SAN_SERVICE: *******************************************
07-05 12:47:08.124 32242 32282 E DefaultVoicemailNotifier: No voicemails to notify about: clear the notification.
07-05 12:47:08.331   345   345 D SAN_SERVICE: *******************************************
07-05 12:47:08.331   345   345 D SAN_SERVICE: DM App Phone Service State - 0
07-05 12:47:08.331   345   345 D SAN_SERVICE: *******************************************
07-05 12:47:09.550   345   345 D Bluetooth HS/HF: CDMA call state: SINGLE_ACTIVE prev state:IDLE
07-05 12:47:09.565   345 32283 D CallNotifier: SignalInfoTonePlayer.run(toneId = 98)...
07-05 12:47:09.585    81   129 D AudioHardware: AudioHardware pcm playback is exiting standby.
07-05 12:47:09.585    81   129 D AudioHardware: openPcmOut_l() mPcmOpenCnt: 1
07-05 12:47:09.964   345   345 D AccelerometerListener: orientation: vertical
07-05 12:47:09.991   145   173 I power   : *** set_screen_state 0
07-05 12:47:10.030   216   216 D PhoneStatusBar: disable: &lt; expand* icons ALERTS ticker system_info back home recent clock &gt;
07-05 12:47:10.042    78   121 D SurfaceFlinger: About to give-up screen, flinger = 0x457918
07-05 12:47:10.089 32242 32242 D OpenGLRenderer: Flushing caches (mode 1)
07-05 12:47:10.136 29180 29180 D OpenGLRenderer: Flushing caches (mode 1)
07-05 12:47:12.593    81   129 D AudioHardware: AudioHardware pcm playback is going to standby.
07-05 12:47:12.593    81   129 D AudioHardware: closePcmOut_l() mPcmOpenCnt: 2
07-05 12:47:35.593 31392 31394 D dalvikvm: GC_CONCURRENT freed 509K, 6% free 10189K/10823K, paused 2ms+2ms
07-05 12:48:08.507   145   174 I power   : *** set_screen_state 1
07-05 12:48:08.526   145   177 I WindowManager: No lock screen!
07-05 12:48:08.710    78   121 D SurfaceFlinger: Screen about to return, flinger = 0x457918
07-05 12:48:08.745   216   216 D PhoneStatusBar: disable: &lt; EXPAND* icons ALERTS ticker system_info back home recent clock &gt;
07-05 12:48:08.788   145   365 I power   : *** set_screen_state 1
07-05 12:48:08.850   345   345 D Bluetooth HS/HF: CDMA call state: SINGLE_ACTIVE prev state:IDLE
07-05 12:48:08.964   345   345 D SAN_SERVICE: *******************************************
07-05 12:48:08.964   345   345 D SAN_SERVICE: DM App Phone Call State - 0
07-05 12:48:08.964   345   345 D SAN_SERVICE: *******************************************
07-05 12:48:08.999   345   345 D CallNotifier: onDisconnect: cause = NORMAL, incoming = false, date = 1341506826967
07-05 12:48:09.003   145   348 I PowerManagerService: clearUserActivity for 10000ms from now
07-05 12:48:09.007   345 32290 D CallNotifier: SignalInfoTonePlayer.run(toneId = 98)...
07-05 12:48:09.011   345 32291 D CallNotifier: InCallTonePlayer.run(toneId = 5)...
07-05 12:48:09.018    81   129 D AudioHardware: AudioHardware pcm playback is exiting standby.
07-05 12:48:09.018    81   129 D AudioHardware: openPcmOut_l() mPcmOpenCnt: 1
07-05 12:48:09.026   345   345 D Bluetooth HS/HF: CDMA call state: IDLE prev state:IDLE
07-05 12:48:09.026   216   216 D PhoneStatusBar: disable: &lt; EXPAND icons alerts* ticker system_info back home recent clock &gt;
07-05 12:48:09.030   345   345 D AccelerometerListener: enable(false)
07-05 12:48:09.061   145   161 I Process : Sending signal. PID: 345 SIG: 3
07-05 12:48:09.061   345   352 I dalvikvm: threadid=3: reacting to signal 3
07-05 12:48:09.116   345   352 I dalvikvm: Wrote stack traces to &#39;/data/anr/traces.txt&#39;
07-05 12:48:09.194 32227 32229 D dalvikvm: GC_CONCURRENT freed 270K, 5% free 9776K/10247K, paused 12ms+3ms
07-05 12:48:09.253    81    81 D AudioHardwareInterface: setMode(NORMAL)
07-05 12:48:09.272    81    81 D AudioHardware: closePcmOut_l() mPcmOpenCnt: 2
07-05 12:48:09.272    81    81 D AudioHardware: AudioHardware pcm playback is going to standby.
07-05 12:48:09.272    81    81 D AudioHardware: closePcmOut_l() mPcmOpenCnt: 1
07-05 12:48:09.272    81   129 D AudioHardware: AudioHardware pcm playback is exiting standby.
07-05 12:48:09.272    81   129 D AudioHardware: openPcmOut_l() mPcmOpenCnt: 0
07-05 12:48:09.358    81   129 D AudioHardware: AudioStreamOutALSA::setParameters() routing=1
07-05 12:48:09.362   145   396 I AudioService:  AudioFocus  abandonAudioFocus() from AudioFocus_For_Phone_Ring_And_Calls
07-05 12:48:10.319   145   310 D AlarmManagerService: Kernel timezone updated to 240 minutes west of GMT
07-05 12:48:10.323   345   345 D SystemClock: Setting time of day to sec=1341506890
07-05 12:48:10.085   145   162 I ActivityManager: Start proc com.android.calendar for broadcast com.android.calendar/.widget.CalendarAppWidgetService$CalendarFactory: pid=32294 uid=10005 gids={3003}
07-05 12:48:10.233 32294 32294 I ActivityThread: Pub com.android.calendar.CalendarRecentSuggestionsProvider: com.android.calendar.CalendarRecentSuggestionsProvider
07-05 12:48:10.319   145  4009 I ActivityManager: Process com.android.vending (pid 31579) has died.
07-05 12:48:10.323   145  1149 I WindowManager: WIN DEATH: Window{41ae7b98 com.android.vending/com.android.vending.AssetBrowserActivity paused=false}
07-05 12:48:10.714   345   345 D InCallScreen: delayedCleanupAfterDisconnect()...  Phone state = IDLE
07-05 12:48:10.729   145   157 I ActivityManager: START {act=android.intent.action.VIEW typ=vnd.android.cursor.dir/calls flg=0x10000 cmp=com.android.contacts/.activities.DialtactsActivity} from pid 345
07-05 12:48:10.749   345   345 D InCallScreen: endInCallScreenSession(false)...  phone state = IDLE
07-05 12:48:10.749   145   310 I ActivityManager: moveTaskToBack: 18
07-05 12:48:10.749   216   216 D PhoneStatusBar: disable: &lt; expand* icons alerts ticker system_info back home recent clock &gt;
07-05 12:48:10.784   345   345 D Bluetooth HS/HF: CDMA call state: IDLE prev state:IDLE
07-05 12:48:10.819   145 21614 I ActivityManager: Start proc com.android.deskclock for broadcast com.android.deskclock/.AlarmInitReceiver: pid=32310 uid=10011 gids={}
07-05 12:48:10.948 32310 32310 I ActivityThread: Pub com.android.deskclock: com.android.deskclock.AlarmProvider
07-05 12:48:10.979   145  1149 D dalvikvm: GC_EXPLICIT freed 2420K, 30% free 18111K/25543K, paused 9ms+13ms
07-05 12:48:11.018   145   396 I ActivityManager: Start proc com.android.providers.calendar for content provider com.android.providers.calendar/.CalendarProvider2: pid=32324 uid=10006 gids={3003, 1015}
07-05 12:48:11.104 32310 32323 V AlarmClock: AlarmInitReceiver finished
07-05 12:48:11.163 32324 32324 I ActivityThread: Pub com.android.calendar: com.android.providers.calendar.CalendarProvider2
07-05 12:48:11.253   145   161 I Process : Sending signal. PID: 32242 SIG: 3
07-05 12:48:11.253 32242 32246 I dalvikvm: threadid=3: reacting to signal 3
07-05 12:48:11.300 32242 32246 I dalvikvm: Wrote stack traces to &#39;/data/anr/traces.txt&#39;
07-05 12:48:11.323 28940 28942 D dalvikvm: GC_CONCURRENT freed 456K, 6% free 10145K/10695K, paused 2ms+14ms
07-05 12:48:11.511   145   361 I ActivityManager: moveTaskToBack: 18
07-05 12:48:11.636 32242 32340 E DefaultVoicemailNotifier: No voicemails to notify about: clear the notification.
07-05 12:48:11.733 32242 32244 D dalvikvm: GC_CONCURRENT freed 805K, 7% free 13274K/14151K, paused 2ms+6ms
07-05 12:48:11.874 29180 29180 D OpenGLRenderer: Flushing caches (mode 1)
07-05 12:48:11.905    81   129 D AudioHardware: AudioHardware pcm playback is going to standby.
07-05 12:48:11.905    81   129 D AudioHardware: closePcmOut_l() mPcmOpenCnt: 1
07-05 12:48:11.932 32227 32268 D dalvikvm: GC_EXPLICIT freed 335K, 5% free 9815K/10247K, paused 7ms+6ms
07-05 12:48:12.347 32242 32260 D dalvikvm: GC_FOR_ALLOC freed 1434K, 12% free 13098K/14791K, paused 33ms
07-05 12:48:12.557   145   365 I ActivityManager: moveTaskToBack: 61
07-05 12:48:12.651 32324 32324 I CalendarProvider2: Sending notification intent: Intent { act=android.intent.action.PROVIDER_CHANGED dat=content://com.android.calendar }
07-05 12:48:12.651 32324 32324 W ContentResolver: Failed to get type for: content://com.android.calendar (Unknown URL content://com.android.calendar)
07-05 12:48:12.729 32242 32242 D OpenGLRenderer: Flushing caches (mode 1)
07-05 12:48:12.780   145 22722 W InputManagerService: Starting input on non-focused client com.android.internal.view.IInputMethodClient$Stub$Proxy@41e76e50 (uid=10000 pid=32242)
07-05 12:48:12.796 32242 32242 D OpenGLRenderer: Flushing caches (mode 0)
07-05 12:48:13.698   145   173 I power   : *** set_screen_state 0
07-05 12:48:13.749    78   121 D SurfaceFlinger: About to give-up screen, flinger = 0x457918
07-05 12:48:13.850   145   177 V TransportControlView: Create TCV com.android.internal.widget.TransportControlView@41b9d0b8
07-05 12:48:13.901   216   216 D PhoneStatusBar: disable: &lt; expand icons alerts ticker system_info back home RECENT* clock &gt;
07-05 12:48:14.038   216   216 D PhoneStatusBar: disable: &lt; expand icons alerts ticker system_info BACK* HOME* RECENT CLOCK* &gt;
07-05 12:48:14.057   145  1150 D AlarmManagerService: Kernel timezone updated to 240 minutes west of GMT
07-05 12:48:14.077 32242 32349 E DefaultVoicemailNotifier: No voicemails to notify about: clear the notification.
07-05 12:48:15.624   345   345 D SAN_SERVICE: *******************************************
07-05 12:48:15.624   345   345 D SAN_SERVICE: DM App Phone Service State - 0
07-05 12:48:15.624   345   345 D SAN_SERVICE: *******************************************
07-05 12:48:15.667   345   345 D SAN_SERVICE: *******************************************
07-05 12:48:15.667   345   345 D SAN_SERVICE: DM App Phone Service State - 0
07-05 12:48:15.667   345   345 D SAN_SERVICE: *******************************************
07-05 12:48:20.905   345   345 D SAN_SERVICE: *******************************************
07-05 12:48:20.905   345   345 D SAN_SERVICE: DM App Phone Service State - 0
07-05 12:48:20.905   345   345 D SAN_SERVICE: *******************************************
07-05 12:48:21.401   345   345 D SAN_SERVICE: *******************************************
07-05 12:48:21.401   345   345 D SAN_SERVICE: DM App Phone Service State - 0
07-05 12:48:21.401   345   345 D SAN_SERVICE: *******************************************
07-05 12:48:33.647   145   161 I power   : *** set_screen_state 1
07-05 12:48:33.667 31831 31831 I PhoneLab-PowerOnReceiver: Power is plugged off!
07-05 12:48:33.725   145   177 I WindowManager: Lock screen displayed!
07-05 12:48:33.862    78   121 D SurfaceFlinger: Screen about to return, flinger = 0x457918
07-05 12:48:33.925   145   147 D dalvikvm: GC_CONCURRENT freed 1376K, 27% free 18688K/25543K, paused 26ms+35ms
07-05 12:48:33.948 31831 31834 D dalvikvm: GC_CONCURRENT freed 407K, 6% free 9096K/9607K, paused 2ms+9ms
07-05 12:48:34.003   145  1149 I ActivityManager: Start proc com.google.android.apps.plus for broadcast com.google.android.apps.plus/.iu.BatteryReceiver: pid=32351 uid=10060 gids={3003, 3002, 1015, 1006}
07-05 12:48:34.331 32351 32353 D dalvikvm: GC_CONCURRENT freed 159K, 3% free 9377K/9607K, paused 6ms+2ms
07-05 12:48:34.542 32351 32351 I ActivityThread: Pub com.google.android.apps.plus.content.ApiProvider: com.google.android.apps.plus.content.EsApiProvider
07-05 12:48:34.561   145   348 I ActivityManager: Process org.mozilla.firefox_beta (pid 31898) has died.
07-05 12:48:34.569 32351 32351 I ActivityThread: Pub com.google.android.apps.plus.content.EsGooglePhotoProvider: com.google.android.picasasync.PicasaContentProvider
07-05 12:48:34.725 32351 32353 D dalvikvm: GC_CONCURRENT freed 336K, 5% free 9580K/9991K, paused 5ms+3ms
07-05 12:48:34.780 32351 32351 I ActivityThread: Pub com.google.android.apps.plus.content.EsPicasaStoreProvider: com.google.android.picasastore.PicasaPhotoContentProvider
07-05 12:48:34.796 32351 32351 I ActivityThread: Pub com.google.plus.platform: com.google.android.apps.plus.content.AdsProvider
07-05 12:48:34.796 32351 32351 I ActivityThread: Pub com.google.android.apps.plus.iu.EsGoogleIuProvider: com.google.android.apps.plus.iu.InstantUploadProvider
07-05 12:48:34.960   145  1150 I ActivityManager: Start proc android.process.media for content provider com.android.providers.media/.MediaProvider: pid=32366 uid=10012 gids={1015, 1023, 1024, 2001, 3003, 3007}
07-05 12:48:34.972 32351 32353 D dalvikvm: GC_CONCURRENT freed 501K, 6% free 9608K/10183K, paused 3ms+12ms
07-05 12:48:34.979 32351 32351 I ActivityThread: Pub com.google.android.apps.plus.content.EsProvider: com.google.android.apps.plus.content.EsProvider
07-05 12:48:35.073 32366 32366 I ActivityThread: Pub downloads: com.android.providers.downloads.DownloadProvider
07-05 12:48:35.116   145   310 I ActivityManager: Process com.google.android.gm (pid 32139) has died.
07-05 12:48:35.151 32366 32366 I ActivityThread: Pub drm: com.android.providers.drm.DrmProvider
07-05 12:48:35.151 32366 32379 I DownloadManager: in removeSpuriousFiles
07-05 12:48:35.218 32366 32366 I ActivityThread: Pub media: com.android.providers.media.MediaProvider
07-05 12:48:35.265 32366 32379 I DownloadManager: in removeSpuriousFiles, preserving file /data/data/com.android.providers.downloads/cache/metadata.json
07-05 12:48:35.265 32366 32379 I DownloadManager: in removeSpuriousFiles, preserving file /data/data/com.android.providers.downloads/cache/en_general.htm
07-05 12:48:35.265 32366 32379 I DownloadManager: in removeSpuriousFiles, preserving file /mnt/sdcard/Download/img-thing.jpeg
07-05 12:48:35.265 32366 32379 I DownloadManager: in removeSpuriousFiles, preserving file /data/data/com.android.providers.downloads/cache/metadata-1.json
07-05 12:48:35.265 32366 32379 I DownloadManager: in removeSpuriousFiles, preserving file /data/data/com.android.providers.downloads/cache/downloadfile.jpeg
07-05 12:48:35.265 32366 32379 I DownloadManager: in removeSpuriousFiles, preserving file /data/data/com.android.providers.downloads/cache/metadata-2.json
07-05 12:48:35.265 32366 32379 I DownloadManager: in removeSpuriousFiles, preserving file /data/data/com.android.providers.downloads/cache/metadata-3.json
07-05 12:48:35.265 32366 32379 I DownloadManager: in removeSpuriousFiles, preserving file /data/data/com.android.providers.downloads/cache/downloadfile-1.jpeg
07-05 12:48:35.265 32366 32379 I DownloadManager: in removeSpuriousFiles, preserving file /data/data/com.android.providers.downloads/cache/downloadfile-2.jpeg
07-05 12:48:35.265 32366 32379 I DownloadManager: in removeSpuriousFiles, preserving file /data/data/com.android.providers.downloads/cache/metadata-4.json
07-05 12:48:35.265 32366 32379 I DownloadManager: in removeSpuriousFiles, preserving file /data/data/com.android.providers.downloads/cache/downloadfile.apk
07-05 12:48:35.280 32366 32379 I DownloadManager: deleting spurious file /cache/backup
07-05 12:48:35.280 32366 32379 I DownloadManager: deleting spurious file /data/data/com.android.providers.downloads/cache/downloadfile-1.apk
07-05 12:48:35.612 32366 32368 D dalvikvm: GC_CONCURRENT freed 362K, 5% free 9174K/9607K, paused 2ms+3ms
07-05 12:48:35.686 32351 32353 D dalvikvm: GC_CONCURRENT freed 288K, 5% free 9825K/10247K, paused 133ms+2ms
07-05 12:48:35.710 32351 32365 D PicasaPhotoCP: set fsid first time:-1
07-05 12:48:35.886 32351 32353 D dalvikvm: GC_CONCURRENT freed 172K, 3% free 10084K/10375K, paused 3ms+3ms
07-05 12:48:36.003 32351 32353 D dalvikvm: GC_CONCURRENT freed 191K, 4% free 10344K/10695K, paused 2ms+2ms
07-05 12:48:36.065 32351 32380 D dalvikvm: GC_FOR_ALLOC freed 229K, 4% free 10471K/10887K, paused 20ms
07-05 12:48:36.065 32351 32380 I dalvikvm-heap: Grow heap (frag case) to 10.542MB for 260112-byte allocation
07-05 12:48:36.089 32351 32380 D dalvikvm: GC_FOR_ALLOC freed 126K, 5% free 10599K/11143K, paused 20ms
07-05 12:48:36.116 32351 32380 D dalvikvm: GC_FOR_ALLOC freed 311K, 5% free 10592K/11143K, paused 20ms
07-05 12:48:36.140 32351 32380 D dalvikvm: GC_FOR_ALLOC freed 62K, 5% free 10656K/11143K, paused 20ms
07-05 12:48:36.140 32351 32380 I dalvikvm-heap: Grow heap (frag case) to 10.723MB for 260112-byte allocation
