06-15 03:18:39.560   292   292 I wpa_supplicant: wlan0: CTRL-EVENT-DISCONNECTED bssid=d0:c2:82:84:8d:50 reason=0
06-15 03:18:39.571    76   114 D CommandListener: Clearing all IP addresses on wlan0
06-15 03:18:39.642   141   197 D ConnectivityService: ConnectivityChange for WIFI: DISCONNECTED/DISCONNECTED
06-15 03:18:39.642   141   197 D ConnectivityService: Attempting to switch to mobile
06-15 03:18:39.642   141   197 D ConnectivityService: Attempting to switch to WIMAX
06-15 03:18:39.642   141   197 D ConnectivityService: Attempting to switch to BLUETOOTH_TETHER
06-15 03:18:39.646   141   197 E ConnectivityService: Exception trying to remove a route: java.lang.IllegalStateException: Unable to communicate with native dameon to add routes - com.android.server.NativeDaemonConnectorException: Cmd {interface route remove wlan0 default 67.20.215.254 32 0.0.0.0} failed with code 400 : {Failed to remove route from default table (No such process)}
06-15 03:18:39.649   141   197 D NetUtils: android_net_utils_resetConnections in env=0xc02538 clazz=0xed00001 iface=wlan0 mask=0x3
06-15 03:18:39.649   141   197 E ConnectivityService: Exception trying to remove a route: java.lang.IllegalStateException: Unable to communicate with native dameon to add routes - com.android.server.NativeDaemonConnectorException: Cmd {interface route remove wlan0 default 0.0.0.0 0 67.20.215.254} failed with code 400 : {Failed to remove route from default table (No such process)}
06-15 03:18:39.649   141   197 D ConnectivityService: resetConnections(wlan0, 3)
06-15 03:18:39.685  6473  7546 W Smack/Packet: notify conn break (IOEx), close connection
06-15 03:18:39.841  6473  7546 I qtaguid : Failed write_ctrl(u 77) res=-1 errno=22
06-15 03:18:39.841  6473  7546 I qtaguid : Untagging socket 77 failed errno=-22
06-15 03:18:39.845  6473  7546 W NetworkManagementSocketTagger: untagSocket(77) failed with errno -22
06-15 03:18:39.864   141   197 D ConnectivityService: handleInetConditionChange: no active default network - ignore
06-15 03:18:39.989  6473  6503 D dalvikvm: GC_EXPLICIT freed 96K, 7% free 9987K/10631K, paused 4ms+3ms
06-15 03:18:40.161   292   292 I wpa_supplicant: wlan0: Trying to associate with d0:c2:82:2d:e4:b0 (SSID='UB_Secure' freq=2412 MHz)
06-15 03:18:40.368   292   292 I wpa_supplicant: wlan0: Associated with d0:c2:82:2d:e4:b0
06-15 03:18:40.368   292   292 I wpa_supplicant: wlan0: CTRL-EVENT-EAP-STARTED EAP authentication started
06-15 03:18:40.376   292   292 I wpa_supplicant: wlan0: CTRL-EVENT-EAP-PROPOSED-METHOD vendor=0 method=4 -> NAK
06-15 03:18:40.380   292   292 I wpa_supplicant: wlan0: CTRL-EVENT-EAP-PROPOSED-METHOD vendor=0 method=25
06-15 03:18:40.380   292   292 I wpa_supplicant: wlan0: CTRL-EVENT-EAP-METHOD EAP vendor 0 method 25 (PEAP) selected
06-15 03:18:40.435   292   292 I wpa_supplicant: wlan0: CTRL-EVENT-EAP-PEER-CERT depth=2 subject='/C=US/O=Entrust.net/OU=www.entrust.net/CPS incorp. by ref. (limits liab.)/OU=(c) 1999 Entrust.net Limited/CN=Entrust.net Secure Server Certification Authority'
06-15 03:18:40.435   292   292 I wpa_supplicant: wlan0: CTRL-EVENT-EAP-PEER-CERT depth=2 subject='/C=US/O=Entrust.net/OU=www.entrust.net/CPS incorp. by ref. (limits liab.)/OU=(c) 1999 Entrust.net Limited/CN=Entrust.net Secure Server Certification Authority'
06-15 03:18:40.435   292   292 I wpa_supplicant: wlan0: CTRL-EVENT-EAP-PEER-CERT depth=1 subject='/C=US/ST=UT/L=Salt Lake City/O=The USERTRUST Network/CN=USERTrust Legacy Secure Server CA'
06-15 03:18:40.442   292   292 I wpa_supplicant: wlan0: CTRL-EVENT-EAP-PEER-CERT depth=0 subject='/C=US/postalCode=14260/ST=New York/L=Buffalo/street=305 Computing Center/O=SUNY AT BUFFALO/OU=Issued through UNIVERSITY AT BUFFALO E-PKI Manager/OU=Comodo PremiumSSL Legacy/CN=radius1.cit.buffalo.edu'
06-15 03:18:40.610   292   292 I wpa_supplicant: EAP-MSCHAPV2: Authentication succeeded
06-15 03:18:40.618   292   292 I wpa_supplicant: EAP-TLV: TLV Result - Success - EAP-TLV/Phase2 Completed
06-15 03:18:40.622   292   292 I wpa_supplicant: wlan0: CTRL-EVENT-EAP-SUCCESS EAP authentication completed successfully
06-15 03:18:40.696   292   292 I wpa_supplicant: wlan0: WPA: Key negotiation completed with d0:c2:82:2d:e4:b0 [PTK=CCMP GTK=TKIP]
06-15 03:18:40.696   292   292 I wpa_supplicant: wlan0: CTRL-EVENT-CONNECTED - Connection to d0:c2:82:2d:e4:b0 completed (reauth) [id=0 id_str=]
06-15 03:18:40.786   141   143 D dalvikvm: GC_CONCURRENT freed 1250K, 17% free 14602K/17415K, paused 2ms+6ms
06-15 03:18:41.337   141   197 D ConnectivityService: ConnectivityChange for WIFI: CONNECTED/CONNECTED
06-15 03:18:41.376   486   486 I PhoneLab-WiFiReceiver: Wi-Fi is connected!
06-15 03:18:41.376   486   486 I PhoneLab-WiFiReceiver: SSID: UB_Secure BSSID: d0:c2:82:2d:e4:b0 RSSI: -200 LinkSpeed: -1
06-15 03:18:41.376   486   486 I PhoneLab-Locks: wake lock acquired
06-15 03:18:41.376   486   486 I PhoneLab-UploadLogs: OnStartCommand
06-15 03:18:41.388   141   192 W NetworkStats: dropping UID delta from unknown iface: iface=wlan0 uid=0 set=DEFAULT tag=0x0 rxBytes=0 rxPackets=0 txBytes=140 txPackets=2 operations=0
06-15 03:18:42.341   141   197 D ConnectivityService: NetTransition Wakelock for WifiStateMachine released by timeout
06-15 03:18:42.673   141   201 D Tethering: MasterInitialState.processMessage what=3
06-15 03:18:42.728  6473  6473 I GTalkService/c: [AndroidEndpoint@1094388352] connect: acct=1000000, state=CONNECTING
06-15 03:18:42.728  6473  6473 I GTalkService/c: [GTalkConnection@1093796928] connect: acct=1, state=CONNECTING
06-15 03:18:42.755  2897  2897 I MediaUploader: No need to wake up
06-15 03:18:42.763   486   486 I PhoneLab-WiFiReceiver: Wi-Fi is disconnected!
06-15 03:18:42.782  3725  3739 D PicasaSyncManager: active network: NetworkInfo: type: WIFI[], state: CONNECTED/CONNECTED, reason: (unspecified), extra: (none), roaming: false, failover: false, isAvailable: true
06-15 03:18:42.782  3725  3739 D PicasaSyncManager: background data: true
06-15 03:18:42.790  3741  3741 D Bible - W/Misc: no connection 
06-15 03:18:42.837   937   939 D dalvikvm: GC_CONCURRENT freed 444K, 7% free 9614K/10247K, paused 2ms+5ms
06-15 03:18:43.849   141   197 D ConnectivityService: handleInetConditionHoldEnd: net=1, condition=100, published condition=0
06-15 03:18:43.872  6473  6475 D dalvikvm: GC_CONCURRENT freed 315K, 6% free 10060K/10631K, paused 2ms+3ms
06-15 03:18:44.411   141   201 D Tethering: MasterInitialState.processMessage what=3
06-15 03:18:44.493  2897  2897 I MediaUploader: No need to wake up
06-15 03:18:44.524  3725  3739 D PicasaSyncManager: active network: NetworkInfo: type: WIFI[], state: CONNECTED/CONNECTED, reason: (unspecified), extra: (none), roaming: false, failover: false, isAvailable: true
06-15 03:18:44.528  3725  3739 D PicasaSyncManager: background data: true
06-15 03:18:44.571   937   939 D dalvikvm: GC_CONCURRENT freed 430K, 7% free 9614K/10247K, paused 1ms+2ms
06-15 03:18:44.962   141   197 D ConnectivityService: handleInetConditionHoldEnd: net=1, condition=100, published condition=100
06-15 03:19:39.724   486  1148 I PhoneLab-: Service Running
06-15 03:19:39.802   486  1148 I PhoneLab-LoggerService: app_38    1246  486   1432   1064  c00f181c 400107b4 S logcat
06-15 03:19:39.802   486  1148 I PhoneLab-LoggerService: Logcat pid from database 1246
06-15 03:19:39.802   486  1148 I PhoneLab-LoggerService: Logcat process found 1246
06-15 03:19:39.802   486  1148 I PhoneLab-LoggerService: Checking Threshold
06-15 03:19:39.802   486  1148 I PhoneLab-LoggerService: Starting to rename files
06-15 03:19:39.802   486  1148 I PhoneLab-LoggerService: Files found .. 12
06-15 03:19:53.024   486   486 I PhoneLab-Locks: wake lock acquired
06-15 03:19:53.044   486   486 I PhoneLab-StatusMonitor: Status Monitoring is started
06-15 03:19:53.091   486   488 D dalvikvm: GC_CONCURRENT freed 469K, 12% free 9502K/10759K, paused 2ms+3ms
06-15 03:19:53.099   486   486 I PhoneLab-StatusMonitor: Value: 10 - unit: min
06-15 03:19:53.099   486   486 I PhoneLab-StatusMonitor: Running interval: 600000
06-15 03:19:53.118   486   486 I PhoneLab-StatusMonitor: Rescheduling status monitoring...
06-15 03:19:53.122   486   486 I PhoneLab-Locks: wake lock released
06-15 03:19:53.126   486   486 I PhoneLab-StatusMonitorLocation: Learning Location
06-15 03:19:53.126   486   486 I PhoneLab-Locks: wake lock acquired
06-15 03:19:53.126   486   486 I PhoneLab-Locks: wake lock acquired
06-15 03:19:53.130   486   486 I PhoneLab-StatusMonitorLocation: Learning Signal Strgth
06-15 03:19:53.130   486   486 I PhoneLab-Locks: wake lock acquired
06-15 03:19:53.130  6473  6491 D androidNetworkLocationListeners: Still have listener com.google.android.location.internal.client.NetworkLocationClient$1@41335050
06-15 03:19:53.138   486   486 I PhoneLab-StatusMonitorBattery: Battery_level: 55
06-15 03:19:53.138   486   486 I PhoneLab-Locks: wake lock released
06-15 03:19:53.142   486   486 I PhoneLab-StatusMonitorSignal: Signal_Strength: -106 asu: 4
06-15 03:19:53.142   486   486 I PhoneLab-Locks: wake lock released
06-15 03:19:53.149  6473  6491 D androidNetworkLocationListeners: Still have listener com.google.android.location.internal.client.NetworkLocationClient$1@41335050
06-15 03:19:54.435   486   486 I PhoneLab-StatusMonitorLocation: Location_Latitude: 43.0020645 Longitude: -78.7871149 Accuracy: 55.0
06-15 03:19:54.435   486   486 I PhoneLab-Locks: wake lock released
06-15 03:19:54.435  6473  6491 D androidNetworkLocationListeners: Still have listener com.google.android.location.internal.client.NetworkLocationClient$1@41335050
06-15 03:19:55.782  6473  6475 D dalvikvm: GC_CONCURRENT freed 535K, 6% free 10085K/10695K, paused 2ms+2ms
06-15 03:21:39.724   486  1148 I PhoneLab-: Service Running
06-15 03:21:39.821   486  1148 I PhoneLab-LoggerService: app_38    1246  486   1432   1064  c00f181c 400107b4 S logcat
06-15 03:21:39.821   486  1148 I PhoneLab-LoggerService: Logcat pid from database 1246
06-15 03:21:39.821   486  1148 I PhoneLab-LoggerService: Logcat process found 1246
06-15 03:21:39.821   486  1148 I PhoneLab-LoggerService: Checking Threshold
06-15 03:21:39.821   486  1148 I PhoneLab-LoggerService: Starting to rename files
06-15 03:21:39.821   486  1148 I PhoneLab-LoggerService: Files found .. 12
06-15 03:23:39.724   486  1148 I PhoneLab-: Service Running
06-15 03:23:39.810   486  1148 I PhoneLab-LoggerService: app_38    1246  486   1432   1064  c00f181c 400107b4 S logcat
06-15 03:23:39.810   486  1148 I PhoneLab-LoggerService: Logcat pid from database 1246
06-15 03:23:39.810   486  1148 I PhoneLab-LoggerService: Logcat process found 1246
06-15 03:23:39.810   486  1148 I PhoneLab-LoggerService: Checking Threshold
06-15 03:23:39.814   486  1148 I PhoneLab-LoggerService: Starting to rename files
06-15 03:23:39.814   486  1148 I PhoneLab-LoggerService: Files found .. 12
06-15 03:24:30.892   900   902 D dalvikvm: GC_CONCURRENT freed 308K, 7% free 10741K/11527K, paused 14ms+3ms
06-15 03:25:39.724   486  1148 I PhoneLab-: Service Running
06-15 03:25:39.810   486  1148 I PhoneLab-LoggerService: app_38    1246  486   1432   1064  c00f181c 400107b4 S logcat
06-15 03:25:39.810   486  1148 I PhoneLab-LoggerService: Logcat pid from database 1246
06-15 03:25:39.810   486  1148 I PhoneLab-LoggerService: Logcat process found 1246
06-15 03:25:39.810   486  1148 I PhoneLab-LoggerService: Checking Threshold
06-15 03:25:39.814   486  1148 I PhoneLab-LoggerService: Starting to rename files
06-15 03:25:39.814   486  1148 I PhoneLab-LoggerService: Files found .. 12
06-15 03:27:39.724   486  1148 I PhoneLab-: Service Running
06-15 03:27:39.817   486   488 D dalvikvm: GC_CONCURRENT freed 433K, 12% free 9471K/10759K, paused 2ms+6ms
06-15 03:27:39.821   486  1148 I PhoneLab-LoggerService: app_38    1246  486   1432   1064  c00f181c 400107b4 S logcat
06-15 03:27:39.821   486  1148 I PhoneLab-LoggerService: Logcat pid from database 1246
06-15 03:27:39.821   486  1148 I PhoneLab-LoggerService: Logcat process found 1246
06-15 03:27:39.821   486  1148 I PhoneLab-LoggerService: Checking Threshold
06-15 03:27:39.821   486  1148 I PhoneLab-LoggerService: Starting to rename files
06-15 03:27:39.821   486  1148 I PhoneLab-LoggerService: Files found .. 12
06-15 03:29:39.724   486  1148 I PhoneLab-: Service Running
06-15 03:29:39.810   486  1148 I PhoneLab-LoggerService: app_38    1246  486   1432   1064  c00f181c 400107b4 S logcat
06-15 03:29:39.810   486  1148 I PhoneLab-LoggerService: Logcat pid from database 1246
06-15 03:29:39.810   486  1148 I PhoneLab-LoggerService: Logcat process found 1246
06-15 03:29:39.810   486  1148 I PhoneLab-LoggerService: Checking Threshold
06-15 03:29:39.814   486  1148 I PhoneLab-LoggerService: Starting to rename files
06-15 03:29:39.814   486  1148 I PhoneLab-LoggerService: Files found .. 12
06-15 03:29:43.380  6473  6659 I EventLogService: Aggregate from 1339743583251 (log), 1339743583251 (data)
06-15 03:29:53.161   486   486 I PhoneLab-Locks: wake lock acquired
06-15 03:29:53.200   486   486 I PhoneLab-StatusMonitor: Status Monitoring is started
06-15 03:29:53.251   486   488 D dalvikvm: GC_CONCURRENT freed 453K, 12% free 9563K/10759K, paused 2ms+2ms
06-15 03:29:53.255   486   486 I PhoneLab-StatusMonitor: Value: 10 - unit: min
06-15 03:29:53.255   486   486 I PhoneLab-StatusMonitor: Running interval: 600000
06-15 03:29:53.267   486   486 I PhoneLab-StatusMonitor: Rescheduling status monitoring...
06-15 03:29:53.267   486   486 I PhoneLab-Locks: wake lock released
06-15 03:29:53.290   486   486 I PhoneLab-StatusMonitorLocation: Learning Location
06-15 03:29:53.290   486   486 I PhoneLab-Locks: wake lock acquired
06-15 03:29:53.306   486   486 I PhoneLab-Locks: wake lock acquired
06-15 03:29:53.314   486   486 I PhoneLab-StatusMonitorLocation: Learning Signal Strgth
06-15 03:29:53.314   486   486 I PhoneLab-Locks: wake lock acquired
06-15 03:29:53.314  6473  6491 D androidNetworkLocationListeners: Still have listener com.google.android.location.internal.client.NetworkLocationClient$1@41335050
06-15 03:29:53.341  6473  6491 D androidNetworkLocationListeners: Still have listener com.google.android.location.internal.client.NetworkLocationClient$1@41335050
06-15 03:29:53.345   141   143 D dalvikvm: GC_CONCURRENT freed 1284K, 17% free 14597K/17415K, paused 2ms+5ms
06-15 03:29:53.368   486   486 I PhoneLab-StatusMonitorBattery: Battery_level: 54
06-15 03:29:53.368   486   486 I PhoneLab-Locks: wake lock released
06-15 03:29:53.372   486   486 I PhoneLab-StatusMonitorSignal: Signal_Strength: -106 asu: 4
06-15 03:29:53.372   486   486 I PhoneLab-Locks: wake lock released
06-15 03:29:54.673   486   486 I PhoneLab-StatusMonitorLocation: Location_Latitude: 43.0020576 Longitude: -78.7871367 Accuracy: 34.0
06-15 03:29:54.673   486   486 I PhoneLab-Locks: wake lock released
06-15 03:29:54.677  6473  6491 D androidNetworkLocationListeners: Still have listener com.google.android.location.internal.client.NetworkLocationClient$1@41335050
06-15 03:29:54.696  6473  6475 D dalvikvm: GC_CONCURRENT freed 489K, 7% free 10024K/10695K, paused 2ms+3ms
06-15 03:31:39.728   486  1148 I PhoneLab-: Service Running
06-15 03:31:39.817   486  1148 I PhoneLab-LoggerService: app_38    1246  486   1432   1064  c00f181c 400107b4 S logcat
06-15 03:31:39.821   486  1148 I PhoneLab-LoggerService: Logcat pid from database 1246
06-15 03:31:39.821   486  1148 I PhoneLab-LoggerService: Logcat process found 1246
06-15 03:31:39.821   486  1148 I PhoneLab-LoggerService: Checking Threshold
06-15 03:31:39.821   486  1148 I PhoneLab-LoggerService: Starting to rename files
06-15 03:31:39.821   486  1148 I PhoneLab-LoggerService: Files found .. 12
06-15 03:31:59.075   141   157 V BackupManagerService: Running a backup pass
06-15 03:31:59.091   141   210 V BackupManagerService: Backup requested but nothing pending
06-15 03:33:39.724   486  1148 I PhoneLab-: Service Running
06-15 03:33:39.810   486  1148 I PhoneLab-LoggerService: app_38    1246  486   1432   1064  c00f181c 400107b4 S logcat
06-15 03:33:39.810   486  1148 I PhoneLab-LoggerService: Logcat pid from database 1246
06-15 03:33:39.810   486  1148 I PhoneLab-LoggerService: Logcat process found 1246
06-15 03:33:39.810   486  1148 I PhoneLab-LoggerService: Checking Threshold
06-15 03:33:39.814   486  1148 I PhoneLab-LoggerService: Starting to rename files
06-15 03:33:39.814   486  1148 I PhoneLab-LoggerService: Files found .. 12
06-15 03:35:39.724   486  1148 I PhoneLab-: Service Running
06-15 03:35:39.802   486  1148 I PhoneLab-LoggerService: app_38    1246  486   1432   1064  c00f181c 400107b4 S logcat
06-15 03:35:39.802   486  1148 I PhoneLab-LoggerService: Logcat pid from database 1246
06-15 03:35:39.802   486  1148 I PhoneLab-LoggerService: Logcat process found 1246
06-15 03:35:39.802   486  1148 I PhoneLab-LoggerService: Checking Threshold
06-15 03:35:39.802   486  1148 I PhoneLab-LoggerService: Starting to rename files
06-15 03:35:39.802   486  1148 I PhoneLab-LoggerService: Files found .. 12
06-15 03:36:46.560   900   902 D dalvikvm: GC_CONCURRENT freed 605K, 9% free 10580K/11527K, paused 15ms+2ms
06-15 03:37:39.724   486  1148 I PhoneLab-: Service Running
06-15 03:37:39.794   486  1148 I PhoneLab-LoggerService: app_38    1246  486   1432   1064  c00f181c 400107b4 S logcat
06-15 03:37:39.794   486  1148 I PhoneLab-LoggerService: Logcat pid from database 1246
06-15 03:37:39.794   486  1148 I PhoneLab-LoggerService: Logcat process found 1246
06-15 03:37:39.794   486  1148 I PhoneLab-LoggerService: Checking Threshold
06-15 03:37:39.794   486  1148 I PhoneLab-LoggerService: Starting to rename files
06-15 03:37:39.794   486  1148 I PhoneLab-LoggerService: Files found .. 12
06-15 03:39:39.724   486  1148 I PhoneLab-: Service Running
06-15 03:39:39.802   486  1148 I PhoneLab-LoggerService: app_38    1246  486   1432   1064  c00f181c 400107b4 S logcat
06-15 03:39:39.802   486  1148 I PhoneLab-LoggerService: Logcat pid from database 1246
06-15 03:39:39.802   486  1148 I PhoneLab-LoggerService: Logcat process found 1246
06-15 03:39:39.802   486  1148 I PhoneLab-LoggerService: Checking Threshold
06-15 03:39:39.802   486  1148 I PhoneLab-LoggerService: Starting to rename files
06-15 03:39:39.802   486  1148 I PhoneLab-LoggerService: Files found .. 12
06-15 03:39:39.821   486   488 D dalvikvm: GC_CONCURRENT freed 517K, 13% free 9443K/10759K, paused 2ms+2ms
06-15 03:39:53.329   486   486 I PhoneLab-Locks: wake lock acquired
06-15 03:39:53.360   486   486 I PhoneLab-StatusMonitor: Status Monitoring is started
06-15 03:39:53.415   486   488 D dalvikvm: GC_CONCURRENT freed 439K, 12% free 9515K/10759K, paused 2ms+2ms
06-15 03:39:53.415   486   486 I PhoneLab-StatusMonitor: Value: 10 - unit: min
06-15 03:39:53.415   486   486 I PhoneLab-StatusMonitor: Running interval: 600000
06-15 03:39:53.427   486   486 I PhoneLab-StatusMonitor: Rescheduling status monitoring...
06-15 03:39:53.427   486   486 I PhoneLab-Locks: wake lock released
06-15 03:39:53.431   486   486 I PhoneLab-StatusMonitorLocation: Learning Location
06-15 03:39:53.431   486   486 I PhoneLab-Locks: wake lock acquired
06-15 03:39:53.435   486   486 I PhoneLab-Locks: wake lock acquired
06-15 03:39:53.442   486   486 I PhoneLab-StatusMonitorLocation: Learning Signal Strgth
06-15 03:39:53.442   486   486 I PhoneLab-Locks: wake lock acquired
06-15 03:39:53.446  6473  6491 D androidNetworkLocationListeners: Still have listener com.google.android.location.internal.client.NetworkLocationClient$1@41335050
06-15 03:39:53.450  6473  6491 D androidNetworkLocationListeners: Still have listener com.google.android.location.internal.client.NetworkLocationClient$1@41335050
06-15 03:39:53.454   486   486 I PhoneLab-StatusMonitorBattery: Battery_level: 53
06-15 03:39:53.454   486   486 I PhoneLab-Locks: wake lock released
06-15 03:39:53.458   486   486 I PhoneLab-StatusMonitorSignal: Signal_Strength: -106 asu: 4
06-15 03:39:53.458   486   486 I PhoneLab-Locks: wake lock released
06-15 03:39:54.759  6473  6500 D CellLocator: Primary cell miss in cache. Need server request.
06-15 03:39:54.759  6473  6500 D NetworkLocator: New location significantly newer than previous. Reporting it.
06-15 03:39:54.782  6473  6475 D dalvikvm: GC_CONCURRENT freed 506K, 7% free 10030K/10695K, paused 2ms+3ms
06-15 03:39:54.810  6473  6493 I System.out: [INFO:18440532]: LogSource: Running flush
06-15 03:39:54.817   486   486 I PhoneLab-StatusMonitorLocation: Location_Latitude: 43.0020957 Longitude: -78.7871518 Accuracy: 33.0
06-15 03:39:54.817   486   486 I PhoneLab-Locks: wake lock released
06-15 03:39:54.821  6473  6491 D androidNetworkLocationListeners: Still have listener com.google.android.location.internal.client.NetworkLocationClient$1@41335050
06-15 03:39:54.829  6473  6494 I System.out: [INFO:18440553]: LogSource: Sending payload [bytes=543]
06-15 03:39:54.833  6473  6480 I dalvikvm: Jit: resizing JitTable from 4096 to 8192
06-15 03:39:55.399  6473  6494 I System.out: [INFO:18441118]: LogSource: Response [http=200,length=299]
06-15 03:39:55.415  6473  6493 I System.out: [INFO:18441134]: LogSource: Read id 1, status code 200
06-15 03:39:55.466  6473  6500 D WifiLocator: Too many no-location APs. Will not compute a location nor go to the server. hasLocation=0 noLocation=0 cacheMiss=0
06-15 03:39:55.489  6473  6475 D dalvikvm: GC_CONCURRENT freed 279K, 6% free 10149K/10695K, paused 2ms+2ms
06-15 03:41:21.771   486   486 I PhoneLab-Locks: wake lock acquired
06-15 03:41:21.806   486  7702 I PhoneLab-PeriodicCheckService: User info is synched
06-15 03:41:21.810   486  7702 I PhoneLab-PeriodicCheckService: Logger Service is running
06-15 03:41:21.810   486  7702 I PhoneLab-Locks: wake lock acquired
06-15 03:41:21.810   486   486 I PhoneLab-UploadLogs: OnStartCommand
06-15 03:41:21.814   486  7702 I PhoneLab-PeriodicCheckService: Rescheduling periodic checking...
06-15 03:41:21.814   486  7702 I PhoneLab-Locks: wake lock released
06-15 03:41:39.724   486  1148 I PhoneLab-: Service Running
06-15 03:41:39.810   486  1148 I PhoneLab-LoggerService: app_38    1246  486   1432   1064  c00f181c 400107b4 S logcat
06-15 03:41:39.810   486  1148 I PhoneLab-LoggerService: Logcat pid from database 1246
06-15 03:41:39.814   486  1148 I PhoneLab-LoggerService: Logcat process found 1246
06-15 03:41:39.814   486  1148 I PhoneLab-LoggerService: Checking Threshold
06-15 03:41:39.814   486  1148 I PhoneLab-LoggerService: Starting to rename files
06-15 03:41:39.814   486  1148 I PhoneLab-LoggerService: Files found .. 12
06-15 03:42:08.181   141   197 D NetUtils: android_net_utils_resetConnections in env=0xc02538 clazz=0x24700001 iface=rmnet0 mask=0x3
06-15 03:42:08.181   141   197 D ConnectivityService: ConnectivityChange for mobile: DISCONNECTED/DISCONNECTED
06-15 03:42:08.181   141   197 D ConnectivityService: Attempting to switch to WIFI
06-15 03:42:08.181   141   197 D ConnectivityService: Attempting to switch to WIMAX
06-15 03:42:08.181   141   197 D ConnectivityService: Attempting to switch to BLUETOOTH_TETHER
06-15 03:42:08.181   141   197 D ConnectivityService: resetConnections(rmnet0, 3)
06-15 03:42:11.204   141   201 D Tethering: MasterInitialState.processMessage what=3
06-15 03:42:11.251   141   201 D Tethering: MasterInitialState.processMessage what=3
06-15 03:42:11.278  3725  3739 D PicasaSyncManager: active network: NetworkInfo: type: WIFI[], state: CONNECTED/CONNECTED, reason: (unspecified), extra: (none), roaming: false, failover: false, isAvailable: true
06-15 03:42:11.282  3725  3739 D PicasaSyncManager: background data: true
06-15 03:42:11.372  2897  2897 I MediaUploader: No need to wake up
06-15 03:42:11.392   141   143 D dalvikvm: GC_CONCURRENT freed 1260K, 16% free 14645K/17415K, paused 2ms+5ms
06-15 03:42:11.521   141   153 D dalvikvm: GC_EXPLICIT freed 146K, 17% free 14535K/17415K, paused 3ms+4ms
06-15 03:42:11.536  2897  2897 I MediaUploader: No need to wake up
06-15 03:42:11.560  3725  3739 D PicasaSyncManager: active network: NetworkInfo: type: WIFI[], state: CONNECTED/CONNECTED, reason: (unspecified), extra: (none), roaming: false, failover: false, isAvailable: true
06-15 03:42:11.560  3725  3739 D PicasaSyncManager: background data: true
06-15 03:42:11.599   937   939 D dalvikvm: GC_CONCURRENT freed 427K, 7% free 9626K/10247K, paused 1ms+2ms
06-15 03:42:11.763   141   197 D ConnectivityService: handleInetConditionHoldEnd: net=1, condition=100, published condition=100
06-15 03:43:39.724   486  1148 I PhoneLab-: Service Running
06-15 03:43:39.821   486  1148 I PhoneLab-LoggerService: app_38    1246  486   1432   1064  c00f181c 400107b4 S logcat
06-15 03:43:39.821   486  1148 I PhoneLab-LoggerService: Logcat pid from database 1246
06-15 03:43:39.821   486  1148 I PhoneLab-LoggerService: Logcat process found 1246
06-15 03:43:39.821   486  1148 I PhoneLab-LoggerService: Checking Threshold
06-15 03:43:39.821   486  1148 I PhoneLab-LoggerService: Starting to rename files
06-15 03:43:39.821   486  1148 I PhoneLab-LoggerService: Files found .. 12
06-15 03:45:39.724   486  1148 I PhoneLab-: Service Running
06-15 03:45:39.810   486  1148 I PhoneLab-LoggerService: app_38    1246  486   1432   1064  c00f181c 400107b4 S logcat
06-15 03:45:39.810   486  1148 I PhoneLab-LoggerService: Logcat pid from database 1246
06-15 03:45:39.814   486  1148 I PhoneLab-LoggerService: Logcat process found 1246
06-15 03:45:39.814   486  1148 I PhoneLab-LoggerService: Checking Threshold
06-15 03:45:39.814   486  1148 I PhoneLab-LoggerService: Starting to rename files
06-15 03:45:39.814   486  1148 I PhoneLab-LoggerService: Files found .. 12
06-15 03:46:00.118   211   213 D dalvikvm: GC_CONCURRENT freed 386K, 19% free 9664K/11911K, paused 2ms+2ms
06-15 03:47:39.724   486  1148 I PhoneLab-: Service Running
06-15 03:47:39.802   486  1148 I PhoneLab-LoggerService: app_38    1246  486   1432   1064  c00f181c 400107b4 S logcat
06-15 03:47:39.802   486  1148 I PhoneLab-LoggerService: Logcat pid from database 1246
06-15 03:47:39.802   486  1148 I PhoneLab-LoggerService: Logcat process found 1246
06-15 03:47:39.802   486  1148 I PhoneLab-LoggerService: Checking Threshold
06-15 03:47:39.802   486  1148 I PhoneLab-LoggerService: Starting to rename files
06-15 03:47:39.802   486  1148 I PhoneLab-LoggerService: Files found .. 12
06-15 03:49:39.724   486  1148 I PhoneLab-: Service Running
06-15 03:49:39.810   486  1148 I PhoneLab-LoggerService: app_38    1246  486   1432   1064  c00f181c 400107b4 S logcat
06-15 03:49:39.810   486  1148 I PhoneLab-LoggerService: Logcat pid from database 1246
06-15 03:49:39.810   486  1148 I PhoneLab-LoggerService: Logcat process found 1246
06-15 03:49:39.810   486  1148 I PhoneLab-LoggerService: Checking Threshold
06-15 03:49:39.814   486  1148 I PhoneLab-LoggerService: Starting to rename files
06-15 03:49:39.814   486  1148 I PhoneLab-LoggerService: Files found .. 12
06-15 03:49:53.470   486   486 I PhoneLab-Locks: wake lock acquired
06-15 03:49:53.493   486   486 I PhoneLab-StatusMonitor: Status Monitoring is started
06-15 03:49:53.532   486   488 D dalvikvm: GC_CONCURRENT freed 535K, 12% free 9492K/10759K, paused 1ms+2ms
06-15 03:49:53.556   486   486 I PhoneLab-StatusMonitor: Value: 10 - unit: min
06-15 03:49:53.556   486   486 I PhoneLab-StatusMonitor: Running interval: 600000
06-15 03:49:53.567   486   486 I PhoneLab-StatusMonitor: Rescheduling status monitoring...
06-15 03:49:53.571   486   486 I PhoneLab-Locks: wake lock released
06-15 03:49:53.575   486   486 I PhoneLab-StatusMonitorLocation: Learning Location
06-15 03:49:53.575   486   486 I PhoneLab-Locks: wake lock acquired
06-15 03:49:53.575   486   486 I PhoneLab-Locks: wake lock acquired
06-15 03:49:53.579   486   486 I PhoneLab-StatusMonitorLocation: Learning Signal Strgth
06-15 03:49:53.579   486   486 I PhoneLab-Locks: wake lock acquired
06-15 03:49:53.579  6473  6491 D androidNetworkLocationListeners: Still have listener com.google.android.location.internal.client.NetworkLocationClient$1@41335050
06-15 03:49:53.587  6473  6491 D androidNetworkLocationListeners: Still have listener com.google.android.location.internal.client.NetworkLocationClient$1@41335050
06-15 03:49:53.599   486   486 I PhoneLab-StatusMonitorBattery: Battery_level: 53
06-15 03:49:53.599   486   486 I PhoneLab-Locks: wake lock released
06-15 03:49:53.603   486   486 I PhoneLab-StatusMonitorSignal: Signal_Strength: -106 asu: 4
06-15 03:49:53.603   486   486 I PhoneLab-Locks: wake lock released
06-15 03:49:53.622   486   488 D dalvikvm: GC_CONCURRENT freed 447K, 13% free 9432K/10759K, paused 2ms+2ms
06-15 03:49:54.982  7309  7316 I dalvikvm: Total arena pages for JIT: 18
06-15 03:49:54.993  7309  7310 D dalvikvm: GC_CONCURRENT freed 427K, 5% free 10184K/10695K, paused 1ms+9ms
06-15 03:49:55.005   486   486 I PhoneLab-StatusMonitorLocation: Location_Latitude: 43.0020618 Longitude: -78.7871572 Accuracy: 61.0
06-15 03:49:55.005   486   486 I PhoneLab-Locks: wake lock released
06-15 03:49:55.009  6473  6491 D androidNetworkLocationListeners: Still have listener com.google.android.location.internal.client.NetworkLocationClient$1@41335050
06-15 03:49:56.364  6473  6475 D dalvikvm: GC_CONCURRENT freed 467K, 6% free 10210K/10759K, paused 2ms+2ms
06-15 03:51:39.724   486  1148 I PhoneLab-: Service Running
06-15 03:51:39.802   486  1148 I PhoneLab-LoggerService: app_38    1246  486   1432   1064  c00f181c 400107b4 S logcat
06-15 03:51:39.802   486  1148 I PhoneLab-LoggerService: Logcat pid from database 1246
06-15 03:51:39.802   486  1148 I PhoneLab-LoggerService: Logcat process found 1246
06-15 03:51:39.802   486  1148 I PhoneLab-LoggerService: Checking Threshold
06-15 03:51:39.802   486  1148 I PhoneLab-LoggerService: Starting to rename files
06-15 03:51:39.802   486  1148 I PhoneLab-LoggerService: Files found .. 12
06-15 03:52:22.540   292   292 I wpa_supplicant: wlan0: CTRL-EVENT-EAP-STARTED EAP authentication started
06-15 03:52:22.544   292   292 I wpa_supplicant: wlan0: CTRL-EVENT-EAP-PROPOSED-METHOD vendor=0 method=4 -> NAK
06-15 03:52:22.552   292   292 I wpa_supplicant: wlan0: CTRL-EVENT-EAP-PROPOSED-METHOD vendor=0 method=25
06-15 03:52:22.552   292   292 I wpa_supplicant: wlan0: CTRL-EVENT-EAP-METHOD EAP vendor 0 method 25 (PEAP) selected
06-15 03:52:22.571   292   292 I wpa_supplicant: EAP-TLV: TLV Result - Success - EAP-TLV/Phase2 Completed
06-15 03:52:58.782   292   292 I wpa_supplicant: wlan0: CTRL-EVENT-DISCONNECTED bssid=d0:c2:82:2d:e4:b0 reason=0
06-15 03:52:58.794    76   114 D CommandListener: Clearing all IP addresses on wlan0
06-15 03:52:58.841   141   197 D ConnectivityService: ConnectivityChange for WIFI: DISCONNECTED/DISCONNECTED
06-15 03:52:58.841   141   197 D ConnectivityService: Attempting to switch to mobile
06-15 03:52:58.841   141   197 D ConnectivityService: Attempting to switch to WIMAX
06-15 03:52:58.841   141   197 D ConnectivityService: Attempting to switch to BLUETOOTH_TETHER
06-15 03:52:58.849   141   197 D NetUtils: android_net_utils_resetConnections in env=0xc02538 clazz=0x31a00001 iface=wlan0 mask=0x3
06-15 03:52:58.849   141   197 E ConnectivityService: Exception trying to remove a route: java.lang.IllegalStateException: Unable to communicate with native dameon to add routes - com.android.server.NativeDaemonConnectorException: Cmd {interface route remove wlan0 default 67.20.215.254 32 0.0.0.0} failed with code 400 : {Failed to remove route from default table (No such process)}
06-15 03:52:58.849   141   197 E ConnectivityService: Exception trying to remove a route: java.lang.IllegalStateException: Unable to communicate with native dameon to add routes - com.android.server.NativeDaemonConnectorException: Cmd {interface route remove wlan0 default 0.0.0.0 0 67.20.215.254} failed with code 400 : {Failed to remove route from default table (No such process)}
06-15 03:52:58.849   141   197 D ConnectivityService: resetConnections(wlan0, 3)
06-15 03:52:58.884  6473  7623 W Smack/Packet: notify conn break (IOEx), close connection
06-15 03:52:58.939   900   902 D dalvikvm: GC_CONCURRENT freed 345K, 8% free 10630K/11527K, paused 2ms+3ms
06-15 03:52:59.040  6473  7623 I qtaguid : Failed write_ctrl(u 77) res=-1 errno=22
06-15 03:52:59.040  6473  7623 I qtaguid : Untagging socket 77 failed errno=-22
06-15 03:52:59.044  6473  7623 W NetworkManagementSocketTagger: untagSocket(77) failed with errno -22
06-15 03:52:59.067   141   197 D ConnectivityService: handleInetConditionChange: no active default network - ignore
06-15 03:53:00.064   292   292 I wpa_supplicant: wlan0: Trying to associate with d0:c2:82:66:6b:f0 (SSID='UB_Secure' freq=2462 MHz)
06-15 03:53:01.884   141   201 D Tethering: MasterInitialState.processMessage what=3
06-15 03:53:01.974  3725  3739 D PicasaSyncManager: active network: null
06-15 03:53:01.974  3725  3739 D PicasaSyncManager: background data: true
06-15 03:53:01.989  2897  2897 I MediaUploader: No need to wake up
06-15 03:53:01.993   486   486 I PhoneLab-WiFiReceiver: Wi-Fi is disconnected!
06-15 03:53:02.009  3741  3741 D Bible - W/Misc: no connection 
06-15 03:53:04.732   292   292 I wpa_supplicant: wlan0: CTRL-EVENT-DISCONNECTED bssid=d0:c2:82:66:6b:f0 reason=0
06-15 03:53:05.345   292   292 I wpa_supplicant: wlan0: Trying to associate with d0:c2:82:84:8d:50 (SSID='UB_Secure' freq=2462 MHz)
06-15 03:53:05.521   292   292 I wpa_supplicant: wlan0: Associated with d0:c2:82:84:8d:50
06-15 03:53:05.524   292   292 I wpa_supplicant: wlan0: CTRL-EVENT-EAP-STARTED EAP authentication started
06-15 03:53:05.528    76   111 D NetlinkEvent: Unexpected netlink message. type=0x0
06-15 03:53:05.544   292   292 I wpa_supplicant: wlan0: CTRL-EVENT-EAP-PROPOSED-METHOD vendor=0 method=4 -> NAK
06-15 03:53:05.564   292   292 I wpa_supplicant: wlan0: CTRL-EVENT-EAP-PROPOSED-METHOD vendor=0 method=25
06-15 03:53:05.564   292   292 I wpa_supplicant: wlan0: CTRL-EVENT-EAP-METHOD EAP vendor 0 method 25 (PEAP) selected
06-15 03:53:05.571   292   292 I wpa_supplicant: EAP-TLV: TLV Result - Success - EAP-TLV/Phase2 Completed
06-15 03:53:39.724   486  1148 I PhoneLab-: Service Running
06-15 03:53:39.821   486  1148 I PhoneLab-LoggerService: app_38    1246  486   1432   1064  c00f181c 400107b4 S logcat
06-15 03:53:39.821   486  1148 I PhoneLab-LoggerService: Logcat pid from database 1246
06-15 03:53:39.821   486  1148 I PhoneLab-LoggerService: Logcat process found 1246
06-15 03:53:39.821   486  1148 I PhoneLab-LoggerService: Checking Threshold
06-15 03:53:39.821   486  1148 I PhoneLab-LoggerService: Starting to rename files
06-15 03:53:39.821   486  1148 I PhoneLab-LoggerService: Files found .. 12
06-15 03:53:41.571   292   292 I wpa_supplicant: wlan0: CTRL-EVENT-EAP-STARTED EAP authentication started
06-15 03:53:41.579   292   292 I wpa_supplicant: wlan0: CTRL-EVENT-DISCONNECTED bssid=d0:c2:82:84:8d:50 reason=0
06-15 03:53:41.579    76   111 D NetlinkEvent: Unexpected netlink message. type=0x0
06-15 03:53:43.259   292   292 I wpa_supplicant: wlan0: Trying to associate with d0:c2:82:66:6b:f0 (SSID='UB_Secure' freq=2462 MHz)
06-15 03:53:43.349   292   292 I wpa_supplicant: wlan0: Associated with d0:c2:82:66:6b:f0
06-15 03:53:43.349   292   292 I wpa_supplicant: wlan0: CTRL-EVENT-EAP-STARTED EAP authentication started
06-15 03:53:43.357   292   292 I wpa_supplicant: wlan0: CTRL-EVENT-EAP-PROPOSED-METHOD vendor=0 method=4 -> NAK
06-15 03:53:43.360   292   292 I wpa_supplicant: wlan0: CTRL-EVENT-EAP-PROPOSED-METHOD vendor=0 method=25
06-15 03:53:43.360   292   292 I wpa_supplicant: wlan0: CTRL-EVENT-EAP-METHOD EAP vendor 0 method 25 (PEAP) selected
06-15 03:53:43.364   292   292 I wpa_supplicant: EAP-TLV: TLV Result - Success - EAP-TLV/Phase2 Completed
06-15 03:53:43.384    76   111 D NetlinkEvent: Unexpected netlink message. type=0x0
06-15 03:53:58.892   141   197 D ConnectivityService: NetTransition Wakelock for WifiStateMachine released by timeout
06-15 03:54:19.372   292   292 I wpa_supplicant: wlan0: CTRL-EVENT-EAP-STARTED EAP authentication started
06-15 03:54:19.376    76   111 D NetlinkEvent: Unexpected netlink message. type=0x0
06-15 03:54:19.384   292   292 I wpa_supplicant: wlan0: CTRL-EVENT-DISCONNECTED bssid=d0:c2:82:66:6b:f0 reason=0
06-15 03:54:21.075   292   292 I wpa_supplicant: wlan0: Trying to associate with 64:a0:e7:5d:18:30 (SSID='UB_Secure' freq=2412 MHz)
06-15 03:54:21.255   141   143 D dalvikvm: GC_CONCURRENT freed 1169K, 16% free 14635K/17415K, paused 3ms+10ms
06-15 03:54:21.298   211   211 D dalvikvm: GC_FOR_ALLOC freed 286K, 19% free 9760K/11911K, paused 20ms
06-15 03:54:21.446   211   213 D dalvikvm: GC_CONCURRENT freed 376K, 18% free 9816K/11911K, paused 2ms+2ms
06-15 03:54:25.165   292   292 I wpa_supplicant: wlan0: CTRL-EVENT-DISCONNECTED bssid=64:a0:e7:5d:18:30 reason=0
06-15 03:54:25.802   292   292 I wpa_supplicant: wlan0: Trying to associate with 64:a0:e7:5d:18:30 (SSID='UB_Secure' freq=2412 MHz)
06-15 03:54:35.962   292   292 I wpa_supplicant: wlan0: Authentication with 64:a0:e7:5d:18:30 timed out.
06-15 03:54:37.524   292   292 I wpa_supplicant: wlan0: Trying to associate with d0:c2:82:67:23:30 (SSID='UB_Secure' freq=2437 MHz)
06-15 03:54:37.716   292   292 I wpa_supplicant: wlan0: Associated with d0:c2:82:67:23:30
06-15 03:54:37.720   292   292 I wpa_supplicant: wlan0: CTRL-EVENT-EAP-STARTED EAP authentication started
06-15 03:54:37.732   292   292 I wpa_supplicant: wlan0: CTRL-EVENT-EAP-PROPOSED-METHOD vendor=0 method=4 -> NAK
06-15 03:54:37.739   292   292 I wpa_supplicant: wlan0: CTRL-EVENT-EAP-PROPOSED-METHOD vendor=0 method=25
06-15 03:54:37.739   292   292 I wpa_supplicant: wlan0: CTRL-EVENT-EAP-METHOD EAP vendor 0 method 25 (PEAP) selected
06-15 03:54:37.755   292   292 I wpa_supplicant: EAP-TLV: TLV Result - Success - EAP-TLV/Phase2 Completed
06-15 03:54:37.767    76   111 D NetlinkEvent: Unexpected netlink message. type=0x0
06-15 03:55:13.575    76   111 D NetlinkEvent: Unexpected netlink message. type=0x0
06-15 03:55:13.583   292   292 I wpa_supplicant: wlan0: CTRL-EVENT-DISCONNECTED bssid=d0:c2:82:67:23:30 reason=0
06-15 03:55:14.872   292   292 I wpa_supplicant: wlan0: Trying to associate with d0:c2:82:84:8d:50 (SSID='UB_Secure' freq=2462 MHz)
06-15 03:55:15.060    76   111 D NetlinkEvent: Unexpected netlink message. type=0x0
06-15 03:55:15.067   292   292 I wpa_supplicant: wlan0: Associated with d0:c2:82:84:8d:50
06-15 03:55:15.067   292   292 I wpa_supplicant: wlan0: CTRL-EVENT-EAP-STARTED EAP authentication started
06-15 03:55:15.075   292   292 I wpa_supplicant: wlan0: CTRL-EVENT-EAP-PROPOSED-METHOD vendor=0 method=4 -> NAK
06-15 03:55:15.079   292   292 I wpa_supplicant: wlan0: CTRL-EVENT-EAP-PROPOSED-METHOD vendor=0 method=25
06-15 03:55:15.083   292   292 I wpa_supplicant: wlan0: CTRL-EVENT-EAP-METHOD EAP vendor 0 method 25 (PEAP) selected
06-15 03:55:15.110   292   292 I wpa_supplicant: EAP-TLV: TLV Result - Success - EAP-TLV/Phase2 Completed
06-15 03:55:39.724   486  1148 I PhoneLab-: Service Running
06-15 03:55:39.794   486  1148 I PhoneLab-LoggerService: app_38    1246  486   1432   1064  c00f181c 400107b4 S logcat
06-15 03:55:39.794   486  1148 I PhoneLab-LoggerService: Logcat pid from database 1246
06-15 03:55:39.794   486  1148 I PhoneLab-LoggerService: Logcat process found 1246
06-15 03:55:39.794   486  1148 I PhoneLab-LoggerService: Checking Threshold
06-15 03:55:39.794   486  1148 I PhoneLab-LoggerService: Starting to rename files
06-15 03:55:39.794   486  1148 I PhoneLab-LoggerService: Files found .. 12
06-15 03:55:50.974   292   292 I wpa_supplicant: wlan0: CTRL-EVENT-EAP-STARTED EAP authentication started
06-15 03:55:50.982    76   111 D NetlinkEvent: Unexpected netlink message. type=0x0
06-15 03:55:50.985   292   292 I wpa_supplicant: wlan0: CTRL-EVENT-DISCONNECTED bssid=d0:c2:82:84:8d:50 reason=0
06-15 03:55:52.267   292   292 I wpa_supplicant: wlan0: Trying to associate with d0:c2:82:66:6b:f0 (SSID='UB_Secure' freq=2462 MHz)
06-15 03:55:52.333   292   292 I wpa_supplicant: wlan0: Associated with d0:c2:82:66:6b:f0
06-15 03:55:52.333   292   292 I wpa_supplicant: wlan0: CTRL-EVENT-EAP-STARTED EAP authentication started
06-15 03:55:52.341   292   292 I wpa_supplicant: wlan0: CTRL-EVENT-EAP-PROPOSED-METHOD vendor=0 method=4 -> NAK
06-15 03:55:52.345   292   292 I wpa_supplicant: wlan0: CTRL-EVENT-EAP-PROPOSED-METHOD vendor=0 method=25
06-15 03:55:52.345   292   292 I wpa_supplicant: wlan0: CTRL-EVENT-EAP-METHOD EAP vendor 0 method 25 (PEAP) selected
06-15 03:55:52.353   292   292 I wpa_supplicant: EAP-TLV: TLV Result - Success - EAP-TLV/Phase2 Completed
06-15 03:55:52.384    76   111 D NetlinkEvent: Unexpected netlink message. type=0x0
06-15 03:56:28.173   292   292 I wpa_supplicant: wlan0: CTRL-EVENT-EAP-STARTED EAP authentication started
06-15 03:56:28.181    76   111 D NetlinkEvent: Unexpected netlink message. type=0x0
06-15 03:56:28.185   292   292 I wpa_supplicant: wlan0: CTRL-EVENT-DISCONNECTED bssid=d0:c2:82:66:6b:f0 reason=0
06-15 03:56:29.474   292   292 I wpa_supplicant: wlan0: Trying to associate with d0:c2:82:66:6b:f0 (SSID='UB_Secure' freq=2462 MHz)
06-15 03:56:29.524   292   292 I wpa_supplicant: wlan0: Associated with d0:c2:82:66:6b:f0
06-15 03:56:29.524   292   292 I wpa_supplicant: wlan0: CTRL-EVENT-EAP-STARTED EAP authentication started
06-15 03:56:29.532   292   292 I wpa_supplicant: wlan0: CTRL-EVENT-EAP-PROPOSED-METHOD vendor=0 method=4 -> NAK
06-15 03:56:29.532   292   292 I wpa_supplicant: wlan0: CTRL-EVENT-EAP-PROPOSED-METHOD vendor=0 method=25
06-15 03:56:29.532   292   292 I wpa_supplicant: wlan0: CTRL-EVENT-EAP-METHOD EAP vendor 0 method 25 (PEAP) selected
06-15 03:56:29.540   292   292 I wpa_supplicant: EAP-TLV: TLV Result - Success - EAP-TLV/Phase2 Completed
06-15 03:56:29.567    76   111 D NetlinkEvent: Unexpected netlink message. type=0x0
06-15 03:57:05.372   292   292 I wpa_supplicant: wlan0: CTRL-EVENT-EAP-STARTED EAP authentication started
06-15 03:57:05.376   292   292 I wpa_supplicant: wlan0: CTRL-EVENT-DISCONNECTED bssid=d0:c2:82:66:6b:f0 reason=0
06-15 03:57:05.388    76   111 D NetlinkEvent: Unexpected netlink message. type=0x0
06-15 03:57:07.056   292   292 I wpa_supplicant: wlan0: Trying to associate with d0:c2:82:66:69:d0 (SSID='UB_Secure' freq=2462 MHz)
06-15 03:57:11.349   292   292 I wpa_supplicant: wlan0: CTRL-EVENT-DISCONNECTED bssid=d0:c2:82:66:69:d0 reason=0
06-15 03:57:11.974   292   292 I wpa_supplicant: wlan0: Trying to associate with d0:c2:82:2d:e4:b0 (SSID='UB_Secure' freq=2412 MHz)
06-15 03:57:12.235  6473  6475 D dalvikvm: GC_CONCURRENT freed 450K, 6% free 10180K/10759K, paused 2ms+3ms
06-15 03:57:22.110   292   292 I wpa_supplicant: wlan0: Authentication with d0:c2:82:2d:e4:b0 timed out.
06-15 03:57:23.669   292   292 I wpa_supplicant: wlan0: Trying to associate with 64:a0:e7:5d:18:30 (SSID='UB_Secure' freq=2412 MHz)
06-15 03:57:33.712   292   292 I wpa_supplicant: wlan0: Authentication with 64:a0:e7:5d:18:30 timed out.
06-15 03:57:35.267   292   292 I wpa_supplicant: wlan0: Trying to associate with d0:c2:82:67:23:30 (SSID='UB_Secure' freq=2437 MHz)
06-15 03:57:39.724   486  1148 I PhoneLab-: Service Running
06-15 03:57:39.794   486  1148 I PhoneLab-LoggerService: app_38    1246  486   1432   1064  c00f181c 400107b4 S logcat
06-15 03:57:39.794   486  1148 I PhoneLab-LoggerService: Logcat pid from database 1246
06-15 03:57:39.794   486  1148 I PhoneLab-LoggerService: Logcat process found 1246
06-15 03:57:39.794   486  1148 I PhoneLab-LoggerService: Checking Threshold
06-15 03:57:39.794   486  1148 I PhoneLab-LoggerService: Starting to rename files
06-15 03:57:39.794   486  1148 I PhoneLab-LoggerService: Files found .. 12
06-15 03:57:45.435   292   292 I wpa_supplicant: wlan0: Authentication with d0:c2:82:67:23:30 timed out.
06-15 03:57:47.013   292   292 I wpa_supplicant: wlan0: Trying to associate with 64:a0:e7:5d:18:30 (SSID='UB_Secure' freq=2412 MHz)
06-15 03:57:47.181   292   292 I wpa_supplicant: wlan0: Associated with 64:a0:e7:5d:18:30
06-15 03:57:47.181   292   292 I wpa_supplicant: wlan0: CTRL-EVENT-EAP-STARTED EAP authentication started
06-15 03:57:47.192   292   292 I wpa_supplicant: wlan0: CTRL-EVENT-EAP-PROPOSED-METHOD vendor=0 method=4 -> NAK
06-15 03:57:47.200   292   292 I wpa_supplicant: wlan0: CTRL-EVENT-EAP-PROPOSED-METHOD vendor=0 method=25
06-15 03:57:47.200   292   292 I wpa_supplicant: wlan0: CTRL-EVENT-EAP-METHOD EAP vendor 0 method 25 (PEAP) selected
06-15 03:57:47.228   292   292 I wpa_supplicant: EAP-TLV: TLV Result - Success - EAP-TLV/Phase2 Completed
06-15 03:58:23.177   292   292 I wpa_supplicant: wlan0: CTRL-EVENT-EAP-STARTED EAP authentication started
06-15 03:58:23.177   292   292 I wpa_supplicant: wlan0: CTRL-EVENT-DISCONNECTED bssid=64:a0:e7:5d:18:30 reason=0
06-15 03:58:24.857   292   292 I wpa_supplicant: wlan0: Trying to associate with d0:c2:82:84:8d:50 (SSID='UB_Secure' freq=2462 MHz)
06-15 03:58:25.064   292   292 I wpa_supplicant: wlan0: Associated with d0:c2:82:84:8d:50
06-15 03:58:25.064   292   292 I wpa_supplicant: wlan0: CTRL-EVENT-EAP-STARTED EAP authentication started
06-15 03:58:25.075   292   292 I wpa_supplicant: wlan0: CTRL-EVENT-EAP-PROPOSED-METHOD vendor=0 method=4 -> NAK
06-15 03:58:25.079   292   292 I wpa_supplicant: wlan0: CTRL-EVENT-EAP-PROPOSED-METHOD vendor=0 method=25
06-15 03:58:25.083   292   292 I wpa_supplicant: wlan0: CTRL-EVENT-EAP-METHOD EAP vendor 0 method 25 (PEAP) selected
06-15 03:58:25.103   292   292 I wpa_supplicant: EAP-TLV: TLV Result - Success - EAP-TLV/Phase2 Completed
06-15 03:59:00.974   292   292 I wpa_supplicant: wlan0: CTRL-EVENT-EAP-STARTED EAP authentication started
06-15 03:59:00.982   292   292 I wpa_supplicant: wlan0: CTRL-EVENT-DISCONNECTED bssid=d0:c2:82:84:8d:50 reason=0
06-15 03:59:02.267   292   292 I wpa_supplicant: wlan0: Trying to associate with d0:c2:82:66:6b:f0 (SSID='UB_Secure' freq=2462 MHz)
06-15 03:59:02.333   292   292 I wpa_supplicant: wlan0: Associated with d0:c2:82:66:6b:f0
06-15 03:59:02.333   292   292 I wpa_supplicant: wlan0: CTRL-EVENT-EAP-STARTED EAP authentication started
06-15 03:59:02.337   292   292 I wpa_supplicant: wlan0: CTRL-EVENT-EAP-PROPOSED-METHOD vendor=0 method=4 -> NAK
06-15 03:59:02.341   292   292 I wpa_supplicant: wlan0: CTRL-EVENT-EAP-PROPOSED-METHOD vendor=0 method=25
06-15 03:59:02.341   292   292 I wpa_supplicant: wlan0: CTRL-EVENT-EAP-METHOD EAP vendor 0 method 25 (PEAP) selected
06-15 03:59:02.349   292   292 I wpa_supplicant: EAP-TLV: TLV Result - Success - EAP-TLV/Phase2 Completed
06-15 03:59:38.173   292   292 I wpa_supplicant: wlan0: CTRL-EVENT-EAP-STARTED EAP authentication started
06-15 03:59:38.185   292   292 I wpa_supplicant: wlan0: CTRL-EVENT-DISCONNECTED bssid=d0:c2:82:66:6b:f0 reason=0
06-15 03:59:39.466   292   292 I wpa_supplicant: wlan0: Trying to associate with d0:c2:82:66:6b:f0 (SSID='UB_Secure' freq=2462 MHz)
06-15 03:59:39.521   292   292 I wpa_supplicant: wlan0: Associated with d0:c2:82:66:6b:f0
06-15 03:59:39.521   292   292 I wpa_supplicant: wlan0: CTRL-EVENT-EAP-STARTED EAP authentication started
06-15 03:59:39.524   292   292 I wpa_supplicant: wlan0: CTRL-EVENT-EAP-PROPOSED-METHOD vendor=0 method=4 -> NAK
06-15 03:59:39.528   292   292 I wpa_supplicant: wlan0: CTRL-EVENT-EAP-PROPOSED-METHOD vendor=0 method=25
06-15 03:59:39.528   292   292 I wpa_supplicant: wlan0: CTRL-EVENT-EAP-METHOD EAP vendor 0 method 25 (PEAP) selected
06-15 03:59:39.536   292   292 I wpa_supplicant: EAP-TLV: TLV Result - Success - EAP-TLV/Phase2 Completed
06-15 03:59:39.724   486  1148 I PhoneLab-: Service Running
06-15 03:59:39.794   486  1148 I PhoneLab-LoggerService: app_38    1246  486   1432   1064  c00f181c 400107b4 S logcat
06-15 03:59:39.794   486  1148 I PhoneLab-LoggerService: Logcat pid from database 1246
06-15 03:59:39.794   486  1148 I PhoneLab-LoggerService: Logcat process found 1246
06-15 03:59:39.794   486  1148 I PhoneLab-LoggerService: Checking Threshold
06-15 03:59:39.794   486  1148 I PhoneLab-LoggerService: Starting to rename files
06-15 03:59:39.794   486  1148 I PhoneLab-LoggerService: Files found .. 12
06-15 03:59:43.505  6473  6594 I EventLogService: Aggregate from 1339745383384 (log), 1339745383384 (data)
06-15 03:59:53.630   486   486 I PhoneLab-Locks: wake lock acquired
06-15 03:59:53.661   486   486 I PhoneLab-StatusMonitor: Status Monitoring is started
06-15 03:59:53.700   486   488 D dalvikvm: GC_CONCURRENT freed 457K, 12% free 9487K/10759K, paused 2ms+3ms
06-15 03:59:53.724   486   486 I PhoneLab-StatusMonitor: Value: 10 - unit: min
06-15 03:59:53.724   486   486 I PhoneLab-StatusMonitor: Running interval: 600000
06-15 03:59:53.735   486   486 I PhoneLab-StatusMonitor: Rescheduling status monitoring...
06-15 03:59:53.739   486   486 I PhoneLab-Locks: wake lock released
06-15 03:59:53.743   486   486 I PhoneLab-StatusMonitorLocation: Learning Location
06-15 03:59:53.743   486   486 I PhoneLab-Locks: wake lock acquired
06-15 03:59:53.743   486   486 I PhoneLab-Locks: wake lock acquired
06-15 03:59:53.747  6473  6491 D androidNetworkLocationListeners: Still have listener com.google.android.location.internal.client.NetworkLocationClient$1@41335050
06-15 03:59:53.747   486   486 I PhoneLab-StatusMonitorLocation: Learning Signal Strgth
06-15 03:59:53.747   486   486 I PhoneLab-Locks: wake lock acquired
06-15 03:59:53.755  6473  6491 D androidNetworkLocationListeners: Still have listener com.google.android.location.internal.client.NetworkLocationClient$1@41335050
06-15 03:59:53.763   486   486 I PhoneLab-StatusMonitorBattery: Battery_level: 51
06-15 03:59:53.763   486   486 I PhoneLab-Locks: wake lock released
06-15 03:59:53.763   486   486 I PhoneLab-StatusMonitorSignal: Signal_Strength: -106 asu: 4
06-15 03:59:53.763   486   486 I PhoneLab-Locks: wake lock released
06-15 03:59:53.825   486   486 I PhoneLab-StatusMonitorLocation: Location_Latitude: 43.0021397 Longitude: -78.7871441 Accuracy: 48.0
06-15 03:59:53.825   486   486 I PhoneLab-Locks: wake lock released
