06-19 01:58:37.466   434   434 I PhoneLab-StatusMonitorLocation: Location_Latitude: 43.0020393 Longitude: -78.7872152 Accuracy: 42.0
06-19 01:58:37.470   434   434 I PhoneLab-Locks: wake lock released
06-19 01:58:37.478  7422  7439 D androidNetworkLocationListeners: Still have listener com.google.android.location.internal.client.NetworkLocationClient$1@4138d9c8
06-19 01:58:42.501  7422  7448 D WifiLocator: Too many no-location APs. Will not compute a location nor go to the server. hasLocation=0 noLocation=0 cacheMiss=0
06-19 01:59:03.294   292   292 I wpa_supplicant: wlan0: CTRL-EVENT-EAP-STARTED EAP authentication started
06-19 01:59:03.302    75   112 D NetlinkEvent: Unexpected netlink message. type=0x0
06-19 01:59:03.306   292   292 I wpa_supplicant: wlan0: CTRL-EVENT-DISCONNECTED bssid=d0:c2:82:66:69:d0 reason=0
06-19 01:59:04.583   292   292 I wpa_supplicant: wlan0: Trying to associate with d0:c2:82:66:6b:f0 (SSID='UB_Secure' freq=2462 MHz)
06-19 01:59:04.661   292   292 I wpa_supplicant: wlan0: Associated with d0:c2:82:66:6b:f0
06-19 01:59:04.665   292   292 I wpa_supplicant: wlan0: CTRL-EVENT-EAP-STARTED EAP authentication started
06-19 01:59:04.669   292   292 I wpa_supplicant: wlan0: CTRL-EVENT-EAP-PROPOSED-METHOD vendor=0 method=4 -> NAK
06-19 01:59:04.673   292   292 I wpa_supplicant: wlan0: CTRL-EVENT-EAP-PROPOSED-METHOD vendor=0 method=25
06-19 01:59:04.673   292   292 I wpa_supplicant: wlan0: CTRL-EVENT-EAP-METHOD EAP vendor 0 method 25 (PEAP) selected
06-19 01:59:04.681   292   292 I wpa_supplicant: EAP-TLV: TLV Result - Success - EAP-TLV/Phase2 Completed
06-19 01:59:04.790    75   112 D NetlinkEvent: Unexpected netlink message. type=0x0
06-19 01:59:40.493   292   292 I wpa_supplicant: wlan0: CTRL-EVENT-EAP-STARTED EAP authentication started
06-19 01:59:40.501   292   292 I wpa_supplicant: wlan0: CTRL-EVENT-DISCONNECTED bssid=d0:c2:82:66:6b:f0 reason=0
06-19 01:59:40.505    75   112 D NetlinkEvent: Unexpected netlink message. type=0x0
06-19 01:59:41.778   292   292 I wpa_supplicant: wlan0: Trying to associate with d0:c2:82:66:69:d0 (SSID='UB_Secure' freq=2462 MHz)
06-19 01:59:41.872   292   292 I wpa_supplicant: wlan0: Associated with d0:c2:82:66:69:d0
06-19 01:59:41.872   292   292 I wpa_supplicant: wlan0: CTRL-EVENT-EAP-STARTED EAP authentication started
06-19 01:59:41.880   292   292 I wpa_supplicant: wlan0: CTRL-EVENT-EAP-PROPOSED-METHOD vendor=0 method=4 -> NAK
06-19 01:59:41.884   292   292 I wpa_supplicant: wlan0: CTRL-EVENT-EAP-PROPOSED-METHOD vendor=0 method=25
06-19 01:59:41.884   292   292 I wpa_supplicant: wlan0: CTRL-EVENT-EAP-METHOD EAP vendor 0 method 25 (PEAP) selected
06-19 01:59:41.888    75   112 D NetlinkEvent: Unexpected netlink message. type=0x0
06-19 01:59:41.892   292   292 I wpa_supplicant: EAP-TLV: TLV Result - Success - EAP-TLV/Phase2 Completed
06-19 02:00:15.493   434  1180 I PhoneLab-: Service Running
06-19 02:00:15.560   434  1180 I PhoneLab-LoggerService: app_38    1184  434   1428   1048  c00f181c 400107b4 S logcat
06-19 02:00:15.560   434  1180 I PhoneLab-LoggerService: Logcat pid from database 1184
06-19 02:00:15.560   434  1180 I PhoneLab-LoggerService: Logcat process found 1184
06-19 02:00:15.560   434  1180 I PhoneLab-LoggerService: Checking Threshold
06-19 02:00:15.560   434  1180 I PhoneLab-LoggerService: Starting to rename files
06-19 02:00:15.560   434  1180 I PhoneLab-LoggerService: Files found .. 2
06-19 02:00:17.892   292   292 I wpa_supplicant: wlan0: CTRL-EVENT-EAP-STARTED EAP authentication started
06-19 02:00:17.896    75   112 D NetlinkEvent: Unexpected netlink message. type=0x0
06-19 02:00:17.903   292   292 I wpa_supplicant: wlan0: CTRL-EVENT-DISCONNECTED bssid=d0:c2:82:66:69:d0 reason=0
06-19 02:00:19.591   292   292 I wpa_supplicant: wlan0: Trying to associate with d0:c2:82:66:6b:f0 (SSID='UB_Secure' freq=2462 MHz)
06-19 02:00:19.677   292   292 I wpa_supplicant: wlan0: Associated with d0:c2:82:66:6b:f0
06-19 02:00:19.677   292   292 I wpa_supplicant: wlan0: CTRL-EVENT-EAP-STARTED EAP authentication started
06-19 02:00:19.681   292   292 I wpa_supplicant: wlan0: CTRL-EVENT-EAP-PROPOSED-METHOD vendor=0 method=4 -> NAK
06-19 02:00:19.685   292   292 I wpa_supplicant: wlan0: CTRL-EVENT-EAP-PROPOSED-METHOD vendor=0 method=25
06-19 02:00:19.685   292   292 I wpa_supplicant: wlan0: CTRL-EVENT-EAP-METHOD EAP vendor 0 method 25 (PEAP) selected
06-19 02:00:19.693   292   292 I wpa_supplicant: EAP-TLV: TLV Result - Success - EAP-TLV/Phase2 Completed
06-19 02:00:19.763   211   214 D dalvikvm: GC_CONCURRENT freed 531K, 10% free 10301K/11399K, paused 2ms+2ms
06-19 02:00:19.778    75   112 D NetlinkEvent: Unexpected netlink message. type=0x0
06-19 02:00:19.857   211   214 D dalvikvm: GC_CONCURRENT freed 519K, 11% free 10249K/11399K, paused 2ms+3ms
06-19 02:00:34.509   141   418 D AlarmManagerService: Kernel timezone updated to 240 minutes west of GMT
06-19 02:00:34.525   355   355 D SystemClock: Setting time of day to sec=1340085634
06-19 02:00:34.104  7548  7561 V AlarmClock: AlarmInitReceiver finished
06-19 02:00:55.233    75   112 D NetlinkEvent: Unexpected netlink message. type=0x0
06-19 02:00:55.236   292   292 I wpa_supplicant: wlan0: CTRL-EVENT-EAP-STARTED EAP authentication started
06-19 02:00:55.236   292   292 I wpa_supplicant: wlan0: CTRL-EVENT-DISCONNECTED bssid=d0:c2:82:66:6b:f0 reason=0
06-19 02:00:56.928   292   292 I wpa_supplicant: wlan0: Trying to associate with d0:c2:82:67:23:30 (SSID='UB_Secure' freq=2437 MHz)
06-19 02:01:00.994   292   292 I wpa_supplicant: wlan0: CTRL-EVENT-DISCONNECTED bssid=d0:c2:82:67:23:30 reason=0
06-19 02:01:01.604   292   292 I wpa_supplicant: wlan0: Trying to associate with d0:c2:82:2d:e4:b0 (SSID='UB_Secure' freq=2412 MHz)
06-19 02:01:01.795   292   292 I wpa_supplicant: wlan0: Associated with d0:c2:82:2d:e4:b0
06-19 02:01:01.799   292   292 I wpa_supplicant: wlan0: CTRL-EVENT-EAP-STARTED EAP authentication started
06-19 02:01:01.811   292   292 I wpa_supplicant: wlan0: CTRL-EVENT-EAP-PROPOSED-METHOD vendor=0 method=4 -> NAK
06-19 02:01:01.815   292   292 I wpa_supplicant: wlan0: CTRL-EVENT-EAP-PROPOSED-METHOD vendor=0 method=25
06-19 02:01:01.815   292   292 I wpa_supplicant: wlan0: CTRL-EVENT-EAP-METHOD EAP vendor 0 method 25 (PEAP) selected
06-19 02:01:01.830   292   292 I wpa_supplicant: EAP-TLV: TLV Result - Success - EAP-TLV/Phase2 Completed
06-19 02:01:01.830    75   112 D NetlinkEvent: Unexpected netlink message. type=0x0
06-19 02:01:37.830   292   292 I wpa_supplicant: wlan0: CTRL-EVENT-EAP-STARTED EAP authentication started
06-19 02:01:37.834    75   112 D NetlinkEvent: Unexpected netlink message. type=0x0
06-19 02:01:37.838   292   292 I wpa_supplicant: wlan0: CTRL-EVENT-DISCONNECTED bssid=d0:c2:82:2d:e4:b0 reason=0
06-19 02:01:39.127   292   292 I wpa_supplicant: wlan0: Trying to associate with d0:c2:82:2d:e4:b0 (SSID='UB_Secure' freq=2412 MHz)
06-19 02:01:39.174   292   292 I wpa_supplicant: wlan0: Associated with d0:c2:82:2d:e4:b0
06-19 02:01:39.174   292   292 I wpa_supplicant: wlan0: CTRL-EVENT-EAP-STARTED EAP authentication started
06-19 02:01:39.178   292   292 I wpa_supplicant: wlan0: CTRL-EVENT-EAP-PROPOSED-METHOD vendor=0 method=4 -> NAK
06-19 02:01:39.186   292   292 I wpa_supplicant: wlan0: CTRL-EVENT-EAP-PROPOSED-METHOD vendor=0 method=25
06-19 02:01:39.186   292   292 I wpa_supplicant: wlan0: CTRL-EVENT-EAP-METHOD EAP vendor 0 method 25 (PEAP) selected
06-19 02:01:39.197   292   292 I wpa_supplicant: EAP-TLV: TLV Result - Success - EAP-TLV/Phase2 Completed
06-19 02:01:39.225    75   112 D NetlinkEvent: Unexpected netlink message. type=0x0
06-19 02:01:49.615   434  8187 W System.err: java.net.SocketTimeoutException
06-19 02:01:49.623   434  8187 W System.err: 	at java.net.PlainSocketImpl.read(PlainSocketImpl.java:491)
06-19 02:01:49.627   434  8187 W System.err: 	at java.net.PlainSocketImpl.access$000(PlainSocketImpl.java:46)
06-19 02:01:49.627   434  8187 W System.err: 	at java.net.PlainSocketImpl$PlainSocketInputStream.read(PlainSocketImpl.java:240)
06-19 02:01:49.627   434  8187 W System.err: 	at org.apache.http.impl.io.AbstractSessionInputBuffer.fillBuffer(AbstractSessionInputBuffer.java:103)
06-19 02:01:49.631   434  8187 W System.err: 	at org.apache.http.impl.io.AbstractSessionInputBuffer.readLine(AbstractSessionInputBuffer.java:191)
06-19 02:01:49.631   434  8187 W System.err: 	at org.apache.http.impl.conn.DefaultResponseParser.parseHead(DefaultResponseParser.java:82)
06-19 02:01:49.635   434  8187 W System.err: 	at org.apache.http.impl.io.AbstractMessageParser.parse(AbstractMessageParser.java:174)
06-19 02:01:49.635   434  8187 W System.err: 	at org.apache.http.impl.AbstractHttpClientConnection.receiveResponseHeader(AbstractHttpClientConnection.java:180)
06-19 02:01:49.635   434  8187 W System.err: 	at org.apache.http.impl.conn.DefaultClientConnection.receiveResponseHeader(DefaultClientConnection.java:235)
06-19 02:01:49.639   434  8187 W System.err: 	at org.apache.http.impl.conn.AbstractClientConnAdapter.receiveResponseHeader(AbstractClientConnAdapter.java:259)
06-19 02:01:49.639   434  8187 W System.err: 	at org.apache.http.protocol.HttpRequestExecutor.doReceiveResponse(HttpRequestExecutor.java:279)
06-19 02:01:49.643   434  8187 W System.err: 	at org.apache.http.protocol.HttpRequestExecutor.execute(HttpRequestExecutor.java:121)
06-19 02:01:49.643   434  8187 W System.err: 	at org.apache.http.impl.client.DefaultRequestDirector.execute(DefaultRequestDirector.java:428)
06-19 02:01:49.643   434  8187 W System.err: 	at org.apache.http.impl.client.AbstractHttpClient.execute(AbstractHttpClient.java:555)
06-19 02:01:49.647   434  8187 W System.err: 	at org.apache.http.impl.client.AbstractHttpClient.execute(AbstractHttpClient.java:487)
06-19 02:01:49.647   434  8187 W System.err: 	at com.loopj.android.http.AsyncHttpRequest.makeRequest(Unknown Source)
06-19 02:01:49.647   434  8187 W System.err: 	at com.loopj.android.http.AsyncHttpRequest.makeRequestWithRetries(Unknown Source)
06-19 02:01:49.651   434  8187 W System.err: 	at com.loopj.android.http.AsyncHttpRequest.run(Unknown Source)
06-19 02:01:49.654   434  8187 W System.err: 	at java.util.concurrent.Executors$RunnableAdapter.call(Executors.java:442)
06-19 02:01:49.654   434  8187 W System.err: 	at java.util.concurrent.FutureTask$Sync.innerRun(FutureTask.java:305)
06-19 02:01:49.658   434  8187 W System.err: 	at java.util.concurrent.FutureTask.run(FutureTask.java:137)
06-19 02:01:49.658   434  8187 W System.err: 	at java.util.concurrent.ThreadPoolExecutor.runWorker(ThreadPoolExecutor.java:1076)
06-19 02:01:49.658   434  8187 W System.err: 	at java.util.concurrent.ThreadPoolExecutor$Worker.run(ThreadPoolExecutor.java:569)
06-19 02:01:49.662   434  8187 W System.err: 	at java.lang.Thread.run(Thread.java:856)
06-19 02:01:49.662   434  8187 W System.err: java.net.SocketTimeoutException
06-19 02:01:49.666   434  8187 W System.err: 	at java.net.PlainSocketImpl.read(PlainSocketImpl.java:491)
06-19 02:01:49.666   434  8187 W System.err: 	at java.net.PlainSocketImpl.access$000(PlainSocketImpl.java:46)
06-19 02:01:49.670   434  8187 W System.err: 	at java.net.PlainSocketImpl$PlainSocketInputStream.read(PlainSocketImpl.java:240)
06-19 02:01:49.670   434  8187 W System.err: 	at org.apache.http.impl.io.AbstractSessionInputBuffer.fillBuffer(AbstractSessionInputBuffer.java:103)
06-19 02:01:49.670   434  8187 W System.err: 	at org.apache.http.impl.io.AbstractSessionInputBuffer.readLine(AbstractSessionInputBuffer.java:191)
06-19 02:01:49.674   434  8187 W System.err: 	at org.apache.http.impl.conn.DefaultResponseParser.parseHead(DefaultResponseParser.java:82)
06-19 02:01:49.674   434  8187 W System.err: 	at org.apache.http.impl.io.AbstractMessageParser.parse(AbstractMessageParser.java:174)
06-19 02:01:49.678   434  8187 W System.err: 	at org.apache.http.impl.AbstractHttpClientConnection.receiveResponseHeader(AbstractHttpClientConnection.java:180)
06-19 02:01:49.678   434  8187 W System.err: 	at org.apache.http.impl.conn.DefaultClientConnection.receiveResponseHeader(DefaultClientConnection.java:235)
06-19 02:01:49.678   434  8187 W System.err: 	at org.apache.http.impl.conn.AbstractClientConnAdapter.receiveResponseHeader(AbstractClientConnAdapter.java:259)
06-19 02:01:49.682   434  8187 W System.err: 	at org.apache.http.protocol.HttpRequestExecutor.doReceiveResponse(HttpRequestExecutor.java:279)
06-19 02:01:49.682   434  8187 W System.err: 	at org.apache.http.protocol.HttpRequestExecutor.execute(HttpRequestExecutor.java:121)
06-19 02:01:49.686   434  8187 W System.err: 	at org.apache.http.impl.client.DefaultRequestDirector.execute(DefaultRequestDirector.java:428)
06-19 02:01:49.686   434  8187 W System.err: 	at org.apache.http.impl.client.AbstractHttpClient.execute(AbstractHttpClient.java:555)
06-19 02:01:49.686   434  8187 W System.err: 	at org.apache.http.impl.client.AbstractHttpClient.execute(AbstractHttpClient.java:487)
06-19 02:01:49.690   434  8187 W System.err: 	at com.loopj.android.http.AsyncHttpRequest.makeRequest(Unknown Source)
06-19 02:01:49.690   434  8187 W System.err: 	at com.loopj.android.http.AsyncHttpRequest.makeRequestWithRetries(Unknown Source)
06-19 02:01:49.694   434  8187 W System.err: 	at com.loopj.android.http.AsyncHttpRequest.run(Unknown Source)
06-19 02:01:49.694   434  8187 W System.err: 	at java.util.concurrent.Executors$RunnableAdapter.call(Executors.java:442)
06-19 02:01:49.694   434  8187 W System.err: 	at java.util.concurrent.FutureTask$Sync.innerRun(FutureTask.java:305)
06-19 02:01:49.694   434  8187 W System.err: 	at java.util.concurrent.FutureTask.run(FutureTask.java:137)
06-19 02:01:49.694   434  8187 W System.err: 	at java.util.concurrent.ThreadPoolExecutor.runWorker(ThreadPoolExecutor.java:1076)
06-19 02:01:49.697   434  8187 W System.err: 	at java.util.concurrent.ThreadPoolExecutor$Worker.run(ThreadPoolExecutor.java:569)
06-19 02:01:49.697   434  8187 W System.err: 	at java.lang.Thread.run(Thread.java:856)
06-19 02:01:49.697   434   434 E PhoneLab-: Transfering 1340084415584.log failed
06-19 02:01:49.697   434   434 I PhoneLab-Locks: wake lock released
06-19 02:02:07.490   141   141 D AlarmManagerService: Kernel timezone updated to 240 minutes west of GMT
06-19 02:02:15.029   292   292 I wpa_supplicant: wlan0: CTRL-EVENT-EAP-STARTED EAP authentication started
06-19 02:02:15.033    75   112 D NetlinkEvent: Unexpected netlink message. type=0x0
06-19 02:02:15.037   292   292 I wpa_supplicant: wlan0: CTRL-EVENT-DISCONNECTED bssid=d0:c2:82:2d:e4:b0 reason=0
06-19 02:02:15.494   434  1180 I PhoneLab-: Service Running
06-19 02:02:15.592   434  1180 I PhoneLab-LoggerService: app_38    1184  434   1428   1048  c00f181c 400107b4 S logcat
06-19 02:02:15.592   434  1180 I PhoneLab-LoggerService: Logcat pid from database 1184
06-19 02:02:15.592   434  1180 I PhoneLab-LoggerService: Logcat process found 1184
06-19 02:02:15.592   434  1180 I PhoneLab-LoggerService: Checking Threshold
06-19 02:02:15.592   434  1180 I PhoneLab-LoggerService: Starting to rename files
06-19 02:02:15.592   434  1180 I PhoneLab-LoggerService: Files found .. 2
06-19 02:02:16.729   292   292 I wpa_supplicant: wlan0: Trying to associate with d0:c2:82:2d:e4:b0 (SSID='UB_Secure' freq=2412 MHz)
06-19 02:02:21.006   292   292 I wpa_supplicant: wlan0: CTRL-EVENT-DISCONNECTED bssid=d0:c2:82:2d:e4:b0 reason=0
06-19 02:02:21.619   292   292 I wpa_supplicant: wlan0: Trying to associate with d0:c2:82:84:8d:50 (SSID='UB_Secure' freq=2462 MHz)
06-19 02:02:21.779    75   112 D NetlinkEvent: Unexpected netlink message. type=0x0
06-19 02:02:21.791   292   292 I wpa_supplicant: wlan0: Associated with d0:c2:82:84:8d:50
06-19 02:02:21.799   292   292 I wpa_supplicant: wlan0: CTRL-EVENT-EAP-STARTED EAP authentication started
06-19 02:02:21.822   292   292 I wpa_supplicant: wlan0: CTRL-EVENT-EAP-PROPOSED-METHOD vendor=0 method=4 -> NAK
06-19 02:02:21.830   292   292 I wpa_supplicant: wlan0: CTRL-EVENT-EAP-PROPOSED-METHOD vendor=0 method=25
06-19 02:02:21.830   292   292 I wpa_supplicant: wlan0: CTRL-EVENT-EAP-METHOD EAP vendor 0 method 25 (PEAP) selected
06-19 02:02:21.838   292   292 I wpa_supplicant: EAP-TLV: TLV Result - Success - EAP-TLV/Phase2 Completed
06-19 02:02:34.803   141   756 D AlarmManagerService: Kernel timezone updated to 240 minutes west of GMT
06-19 02:02:57.830   292   292 I wpa_supplicant: wlan0: CTRL-EVENT-EAP-STARTED EAP authentication started
06-19 02:02:57.830    75   112 D NetlinkEvent: Unexpected netlink message. type=0x0
06-19 02:02:57.838   292   292 I wpa_supplicant: wlan0: CTRL-EVENT-DISCONNECTED bssid=d0:c2:82:84:8d:50 reason=0
06-19 02:02:59.127   292   292 I wpa_supplicant: wlan0: Trying to associate with d0:c2:82:66:6b:f0 (SSID='UB_Secure' freq=2462 MHz)
06-19 02:02:59.170   292   292 I wpa_supplicant: wlan0: Associated with d0:c2:82:66:6b:f0
06-19 02:02:59.170   292   292 I wpa_supplicant: wlan0: CTRL-EVENT-EAP-STARTED EAP authentication started
06-19 02:02:59.174   292   292 I wpa_supplicant: wlan0: CTRL-EVENT-EAP-PROPOSED-METHOD vendor=0 method=4 -> NAK
06-19 02:02:59.178   292   292 I wpa_supplicant: wlan0: CTRL-EVENT-EAP-PROPOSED-METHOD vendor=0 method=25
06-19 02:02:59.178   292   292 I wpa_supplicant: wlan0: CTRL-EVENT-EAP-METHOD EAP vendor 0 method 25 (PEAP) selected
06-19 02:02:59.186   292   292 I wpa_supplicant: EAP-TLV: TLV Result - Success - EAP-TLV/Phase2 Completed
06-19 02:02:59.236    75   112 D NetlinkEvent: Unexpected netlink message. type=0x0
06-19 02:03:35.033   292   292 I wpa_supplicant: wlan0: CTRL-EVENT-EAP-STARTED EAP authentication started
06-19 02:03:35.041   292   292 I wpa_supplicant: wlan0: CTRL-EVENT-DISCONNECTED bssid=d0:c2:82:66:6b:f0 reason=0
06-19 02:03:35.041    75   112 D NetlinkEvent: Unexpected netlink message. type=0x0
06-19 02:03:36.326   292   292 I wpa_supplicant: wlan0: Trying to associate with d0:c2:82:66:69:d0 (SSID='UB_Secure' freq=2462 MHz)
06-19 02:03:36.436   292   292 I wpa_supplicant: wlan0: Associated with d0:c2:82:66:69:d0
06-19 02:03:36.440   292   292 I wpa_supplicant: wlan0: CTRL-EVENT-EAP-STARTED EAP authentication started
06-19 02:03:36.447   292   292 I wpa_supplicant: wlan0: CTRL-EVENT-EAP-PROPOSED-METHOD vendor=0 method=4 -> NAK
06-19 02:03:36.447   292   292 I wpa_supplicant: wlan0: CTRL-EVENT-EAP-PROPOSED-METHOD vendor=0 method=25
06-19 02:03:36.447   292   292 I wpa_supplicant: wlan0: CTRL-EVENT-EAP-METHOD EAP vendor 0 method 25 (PEAP) selected
06-19 02:03:36.447    75   112 D NetlinkEvent: Unexpected netlink message. type=0x0
06-19 02:03:36.455   292   292 I wpa_supplicant: EAP-TLV: TLV Result - Success - EAP-TLV/Phase2 Completed
06-19 02:03:59.276   141   416 D AlarmManagerService: Kernel timezone updated to 240 minutes west of GMT
06-19 02:04:12.436   292   292 I wpa_supplicant: wlan0: CTRL-EVENT-DISCONNECTED bssid=d0:c2:82:66:69:d0 reason=0
06-19 02:04:12.440    75   112 D NetlinkEvent: Unexpected netlink message. type=0x0
06-19 02:04:13.717   292   292 I wpa_supplicant: wlan0: Trying to associate with d0:c2:82:66:69:d0 (SSID='UB_Secure' freq=2462 MHz)
06-19 02:04:13.815   292   292 I wpa_supplicant: wlan0: Associated with d0:c2:82:66:69:d0
06-19 02:04:13.819   292   292 I wpa_supplicant: wlan0: CTRL-EVENT-EAP-STARTED EAP authentication started
06-19 02:04:13.819   292   292 I wpa_supplicant: wlan0: CTRL-EVENT-EAP-PROPOSED-METHOD vendor=0 method=4 -> NAK
06-19 02:04:13.826   292   292 I wpa_supplicant: wlan0: CTRL-EVENT-EAP-PROPOSED-METHOD vendor=0 method=25
06-19 02:04:13.826   292   292 I wpa_supplicant: wlan0: CTRL-EVENT-EAP-METHOD EAP vendor 0 method 25 (PEAP) selected
06-19 02:04:13.830   292   292 I wpa_supplicant: EAP-TLV: TLV Result - Success - EAP-TLV/Phase2 Completed
06-19 02:04:13.838    75   112 D NetlinkEvent: Unexpected netlink message. type=0x0
06-19 02:04:15.490   434  1180 I PhoneLab-: Service Running
06-19 02:04:15.569   434  1180 I PhoneLab-LoggerService: app_38    1184  434   1428   1048  c00f181c 400107b4 S logcat
06-19 02:04:15.569   434  1180 I PhoneLab-LoggerService: Logcat pid from database 1184
06-19 02:04:15.569   434  1180 I PhoneLab-LoggerService: Logcat process found 1184
06-19 02:04:15.569   434  1180 I PhoneLab-LoggerService: Checking Threshold
06-19 02:04:15.569   434  1180 I PhoneLab-LoggerService: Starting to rename files
06-19 02:04:15.569   434  1180 I PhoneLab-LoggerService: Files found .. 2
06-19 02:04:49.830    75   112 D NetlinkEvent: Unexpected netlink message. type=0x0
06-19 02:04:49.834   292   292 I wpa_supplicant: wlan0: CTRL-EVENT-EAP-STARTED EAP authentication started
06-19 02:04:49.838   292   292 I wpa_supplicant: wlan0: CTRL-EVENT-DISCONNECTED bssid=d0:c2:82:66:69:d0 reason=0
06-19 02:04:51.518   292   292 I wpa_supplicant: wlan0: Trying to associate with d0:c2:82:66:6b:f0 (SSID='UB_Secure' freq=2462 MHz)
06-19 02:04:51.588   292   292 I wpa_supplicant: wlan0: Associated with d0:c2:82:66:6b:f0
06-19 02:04:51.588   292   292 I wpa_supplicant: wlan0: CTRL-EVENT-EAP-STARTED EAP authentication started
06-19 02:04:51.596   292   292 I wpa_supplicant: wlan0: CTRL-EVENT-EAP-PROPOSED-METHOD vendor=0 method=4 -> NAK
06-19 02:04:51.600   292   292 I wpa_supplicant: wlan0: CTRL-EVENT-EAP-PROPOSED-METHOD vendor=0 method=25
06-19 02:04:51.600   292   292 I wpa_supplicant: wlan0: CTRL-EVENT-EAP-METHOD EAP vendor 0 method 25 (PEAP) selected
06-19 02:04:51.611   292   292 I wpa_supplicant: EAP-TLV: TLV Result - Success - EAP-TLV/Phase2 Completed
06-19 02:04:51.623    75   112 D NetlinkEvent: Unexpected netlink message. type=0x0
06-19 02:05:27.428   292   292 I wpa_supplicant: wlan0: CTRL-EVENT-EAP-STARTED EAP authentication started
06-19 02:05:27.428    75   112 D NetlinkEvent: Unexpected netlink message. type=0x0
06-19 02:05:27.436   292   292 I wpa_supplicant: wlan0: CTRL-EVENT-DISCONNECTED bssid=d0:c2:82:66:6b:f0 reason=0
06-19 02:05:28.721   292   292 I wpa_supplicant: wlan0: Trying to associate with d0:c2:82:84:8d:50 (SSID='UB_Secure' freq=2462 MHz)
06-19 02:05:28.811   292   292 I wpa_supplicant: wlan0: Associated with d0:c2:82:84:8d:50
06-19 02:05:28.811   292   292 I wpa_supplicant: wlan0: CTRL-EVENT-EAP-STARTED EAP authentication started
06-19 02:05:28.819   292   292 I wpa_supplicant: wlan0: CTRL-EVENT-EAP-PROPOSED-METHOD vendor=0 method=4 -> NAK
06-19 02:05:28.819   292   292 I wpa_supplicant: wlan0: CTRL-EVENT-EAP-PROPOSED-METHOD vendor=0 method=25
06-19 02:05:28.819   292   292 I wpa_supplicant: wlan0: CTRL-EVENT-EAP-METHOD EAP vendor 0 method 25 (PEAP) selected
06-19 02:05:28.826   292   292 I wpa_supplicant: EAP-TLV: TLV Result - Success - EAP-TLV/Phase2 Completed
06-19 02:05:28.842    75   112 D NetlinkEvent: Unexpected netlink message. type=0x0
06-19 02:06:04.826   292   292 I wpa_supplicant: wlan0: CTRL-EVENT-EAP-STARTED EAP authentication started
06-19 02:06:04.830    75   112 D NetlinkEvent: Unexpected netlink message. type=0x0
06-19 02:06:04.834   292   292 I wpa_supplicant: wlan0: CTRL-EVENT-DISCONNECTED bssid=d0:c2:82:84:8d:50 reason=0
06-19 02:06:06.119   292   292 I wpa_supplicant: wlan0: Trying to associate with d0:c2:82:66:69:d0 (SSID='UB_Secure' freq=2462 MHz)
06-19 02:06:06.236   292   292 I wpa_supplicant: wlan0: Associated with d0:c2:82:66:69:d0
06-19 02:06:06.236   292   292 I wpa_supplicant: wlan0: CTRL-EVENT-EAP-STARTED EAP authentication started
06-19 02:06:06.240   292   292 I wpa_supplicant: wlan0: CTRL-EVENT-EAP-PROPOSED-METHOD vendor=0 method=4 -> NAK
06-19 02:06:06.244   292   292 I wpa_supplicant: wlan0: CTRL-EVENT-EAP-PROPOSED-METHOD vendor=0 method=25
06-19 02:06:06.244   292   292 I wpa_supplicant: wlan0: CTRL-EVENT-EAP-METHOD EAP vendor 0 method 25 (PEAP) selected
06-19 02:06:06.252   292   292 I wpa_supplicant: EAP-TLV: TLV Result - Success - EAP-TLV/Phase2 Completed
06-19 02:06:06.264   141   144 D dalvikvm: GC_CONCURRENT freed 1362K, 15% free 15035K/17671K, paused 2ms+11ms
06-19 02:06:06.338    75   112 D NetlinkEvent: Unexpected netlink message. type=0x0
06-19 02:06:15.490   434  1180 I PhoneLab-: Service Running
06-19 02:06:15.561   434  1180 I PhoneLab-LoggerService: app_38    1184  434   1428   1048  c00f181c 400107b4 S logcat
06-19 02:06:15.561   434  1180 I PhoneLab-LoggerService: Logcat pid from database 1184
06-19 02:06:15.561   434  1180 I PhoneLab-LoggerService: Logcat process found 1184
06-19 02:06:15.561   434  1180 I PhoneLab-LoggerService: Checking Threshold
06-19 02:06:15.561   434  1180 I PhoneLab-LoggerService: Starting to rename files
06-19 02:06:15.561   434  1180 I PhoneLab-LoggerService: Files found .. 2
06-19 02:06:42.229    75   112 D NetlinkEvent: Unexpected netlink message. type=0x0
06-19 02:06:42.233   292   292 I wpa_supplicant: wlan0: CTRL-EVENT-EAP-STARTED EAP authentication started
06-19 02:06:42.233   292   292 I wpa_supplicant: wlan0: CTRL-EVENT-DISCONNECTED bssid=d0:c2:82:66:69:d0 reason=0
06-19 02:06:43.506   292   292 I wpa_supplicant: wlan0: Trying to associate with d0:c2:82:66:69:d0 (SSID='UB_Secure' freq=2462 MHz)
06-19 02:06:43.588   292   292 I wpa_supplicant: wlan0: Associated with d0:c2:82:66:69:d0
06-19 02:06:43.588   292   292 I wpa_supplicant: wlan0: CTRL-EVENT-EAP-STARTED EAP authentication started
06-19 02:06:43.596   292   292 I wpa_supplicant: wlan0: CTRL-EVENT-EAP-PROPOSED-METHOD vendor=0 method=4 -> NAK
06-19 02:06:43.596   292   292 I wpa_supplicant: wlan0: CTRL-EVENT-EAP-PROPOSED-METHOD vendor=0 method=25
06-19 02:06:43.596   292   292 I wpa_supplicant: wlan0: CTRL-EVENT-EAP-METHOD EAP vendor 0 method 25 (PEAP) selected
06-19 02:06:43.608   292   292 I wpa_supplicant: EAP-TLV: TLV Result - Success - EAP-TLV/Phase2 Completed
06-19 02:06:43.627    75   112 D NetlinkEvent: Unexpected netlink message. type=0x0
06-19 02:07:19.424   292   292 I wpa_supplicant: wlan0: CTRL-EVENT-EAP-STARTED EAP authentication started
06-19 02:07:19.428   292   292 I wpa_supplicant: wlan0: CTRL-EVENT-DISCONNECTED bssid=d0:c2:82:66:69:d0 reason=0
06-19 02:07:19.440    75   112 D NetlinkEvent: Unexpected netlink message. type=0x0
06-19 02:07:21.127   292   292 I wpa_supplicant: wlan0: Trying to associate with d0:c2:82:84:8d:50 (SSID='UB_Secure' freq=2462 MHz)
06-19 02:07:21.174   292   292 I wpa_supplicant: wlan0: Associated with d0:c2:82:84:8d:50
06-19 02:07:21.174   292   292 I wpa_supplicant: wlan0: CTRL-EVENT-EAP-STARTED EAP authentication started
06-19 02:07:21.178   292   292 I wpa_supplicant: wlan0: CTRL-EVENT-EAP-PROPOSED-METHOD vendor=0 method=4 -> NAK
06-19 02:07:21.186   292   292 I wpa_supplicant: wlan0: CTRL-EVENT-EAP-PROPOSED-METHOD vendor=0 method=25
06-19 02:07:21.186   292   292 I wpa_supplicant: wlan0: CTRL-EVENT-EAP-METHOD EAP vendor 0 method 25 (PEAP) selected
06-19 02:07:21.190   292   292 I wpa_supplicant: EAP-TLV: TLV Result - Success - EAP-TLV/Phase2 Completed
06-19 02:07:21.236    75   112 D NetlinkEvent: Unexpected netlink message. type=0x0
06-19 02:07:57.026   292   292 I wpa_supplicant: wlan0: CTRL-EVENT-EAP-STARTED EAP authentication started
06-19 02:07:57.026    75   112 D NetlinkEvent: Unexpected netlink message. type=0x0
06-19 02:07:57.033   292   292 I wpa_supplicant: wlan0: CTRL-EVENT-DISCONNECTED bssid=d0:c2:82:84:8d:50 reason=0
06-19 02:07:58.322   292   292 I wpa_supplicant: wlan0: Trying to associate with d0:c2:82:66:69:d0 (SSID='UB_Secure' freq=2462 MHz)
06-19 02:07:58.389   292   292 I wpa_supplicant: wlan0: Associated with d0:c2:82:66:69:d0
06-19 02:07:58.389   292   292 I wpa_supplicant: wlan0: CTRL-EVENT-EAP-STARTED EAP authentication started
06-19 02:07:58.397   292   292 I wpa_supplicant: wlan0: CTRL-EVENT-EAP-PROPOSED-METHOD vendor=0 method=4 -> NAK
06-19 02:07:58.404   292   292 I wpa_supplicant: wlan0: CTRL-EVENT-EAP-PROPOSED-METHOD vendor=0 method=25
06-19 02:07:58.404   292   292 I wpa_supplicant: wlan0: CTRL-EVENT-EAP-METHOD EAP vendor 0 method 25 (PEAP) selected
06-19 02:07:58.408   292   292 I wpa_supplicant: EAP-TLV: TLV Result - Success - EAP-TLV/Phase2 Completed
06-19 02:07:58.412    75   112 D NetlinkEvent: Unexpected netlink message. type=0x0
06-19 02:08:15.490   434  1180 I PhoneLab-: Service Running
06-19 02:08:15.569   434  1180 I PhoneLab-LoggerService: app_38    1184  434   1428   1048  c00f181c 400107b4 S logcat
06-19 02:08:15.569   434  1180 I PhoneLab-LoggerService: Logcat pid from database 1184
06-19 02:08:15.569   434  1180 I PhoneLab-LoggerService: Logcat process found 1184
06-19 02:08:15.569   434  1180 I PhoneLab-LoggerService: Checking Threshold
06-19 02:08:15.569   434  1180 I PhoneLab-LoggerService: Starting to rename files
06-19 02:08:15.569   434  1180 I PhoneLab-LoggerService: Files found .. 2
06-19 02:08:19.381  7422  7652 I EventLogService: Aggregate from 1340084299254 (log), 1340084299254 (data)
06-19 02:08:30.221   141   756 D AlarmManagerService: Kernel timezone updated to 240 minutes west of GMT
06-19 02:08:34.229   292   292 I wpa_supplicant: wlan0: CTRL-EVENT-EAP-STARTED EAP authentication started
06-19 02:08:34.229    75   112 D NetlinkEvent: Unexpected netlink message. type=0x0
06-19 02:08:34.236   292   292 I wpa_supplicant: wlan0: CTRL-EVENT-DISCONNECTED bssid=d0:c2:82:66:69:d0 reason=0
06-19 02:08:35.518   292   292 I wpa_supplicant: wlan0: Trying to associate with d0:c2:82:84:8d:50 (SSID='UB_Secure' freq=2462 MHz)
06-19 02:08:35.584   292   292 I wpa_supplicant: wlan0: Associated with d0:c2:82:84:8d:50
06-19 02:08:35.584   292   292 I wpa_supplicant: wlan0: CTRL-EVENT-EAP-STARTED EAP authentication started
06-19 02:08:35.592   292   292 I wpa_supplicant: wlan0: CTRL-EVENT-EAP-PROPOSED-METHOD vendor=0 method=4 -> NAK
06-19 02:08:35.592   292   292 I wpa_supplicant: wlan0: CTRL-EVENT-EAP-PROPOSED-METHOD vendor=0 method=25
06-19 02:08:35.592   292   292 I wpa_supplicant: wlan0: CTRL-EVENT-EAP-METHOD EAP vendor 0 method 25 (PEAP) selected
06-19 02:08:35.600   292   292 I wpa_supplicant: EAP-TLV: TLV Result - Success - EAP-TLV/Phase2 Completed
06-19 02:08:35.604    75   112 D NetlinkEvent: Unexpected netlink message. type=0x0
06-19 02:08:36.889   434   434 I PhoneLab-Locks: wake lock acquired
06-19 02:08:36.912   434   434 I PhoneLab-StatusMonitor: Status Monitoring is started
06-19 02:08:36.951   434   436 D dalvikvm: GC_CONCURRENT freed 1379K, 20% free 9341K/11591K, paused 1ms+2ms
06-19 02:08:36.975   434   434 I PhoneLab-StatusMonitor: Value: 10 - unit: min
06-19 02:08:36.975   434   434 I PhoneLab-StatusMonitor: Running interval: 600000
06-19 02:08:36.990   434   434 I PhoneLab-StatusMonitor: Rescheduling status monitoring...
06-19 02:08:36.990   434   434 I PhoneLab-Locks: wake lock released
06-19 02:08:36.994   434   434 I PhoneLab-StatusMonitorLocation: Learning Location
06-19 02:08:36.994   434   434 I PhoneLab-Locks: wake lock acquired
06-19 02:08:36.998   434   434 I PhoneLab-Locks: wake lock acquired
06-19 02:08:36.998  7422  7439 D androidNetworkLocationListeners: Still have listener com.google.android.location.internal.client.NetworkLocationClient$1@4138d9c8
06-19 02:08:37.002   434   434 I PhoneLab-StatusMonitorLocation: Learning Signal Strgth
06-19 02:08:37.002   434   434 I PhoneLab-Locks: wake lock acquired
06-19 02:08:37.014  7422  7439 D androidNetworkLocationListeners: Still have listener com.google.android.location.internal.client.NetworkLocationClient$1@4138d9c8
06-19 02:08:37.014   434   434 I PhoneLab-StatusMonitorBattery: Battery_level: 72
06-19 02:08:37.018   434   434 I PhoneLab-Locks: wake lock released
06-19 02:08:37.018   434   434 I PhoneLab-StatusMonitorSignal: Signal_Strength: -96 asu: 9
06-19 02:08:37.018   434   434 I PhoneLab-Locks: wake lock released
06-19 02:08:37.029  7422  7448 I WifiLocationEstimator: Not returning location for the following outliers: [239855706501001]
06-19 02:08:37.100  7422  7425 D dalvikvm: GC_CONCURRENT freed 538K, 6% free 10188K/10823K, paused 2ms+4ms
06-19 02:08:37.139   434   434 I PhoneLab-StatusMonitorLocation: Location_Latitude: 43.0020671 Longitude: -78.7871994 Accuracy: 55.0
06-19 02:08:37.139  7422  7439 D androidNetworkLocationListeners: Still have listener com.google.android.location.internal.client.NetworkLocationClient$1@4138d9c8
06-19 02:08:37.143   434   434 I PhoneLab-Locks: wake lock released
06-19 02:08:42.162  7422  7448 D WifiLocator: Too many no-location APs. Will not compute a location nor go to the server. hasLocation=0 noLocation=0 cacheMiss=0
06-19 02:09:11.424   292   292 I wpa_supplicant: wlan0: CTRL-EVENT-EAP-STARTED EAP authentication started
06-19 02:09:11.424    75   112 D NetlinkEvent: Unexpected netlink message. type=0x0
06-19 02:09:11.432   292   292 I wpa_supplicant: wlan0: CTRL-EVENT-DISCONNECTED bssid=d0:c2:82:84:8d:50 reason=0
06-19 02:09:12.850   211   214 D dalvikvm: GC_CONCURRENT freed 331K, 9% free 10400K/11399K, paused 2ms+2ms
06-19 02:09:12.940   211   214 D dalvikvm: GC_CONCURRENT freed 520K, 10% free 10319K/11399K, paused 2ms+3ms
06-19 02:09:15.908   211   214 D dalvikvm: GC_CONCURRENT freed 329K, 9% free 10381K/11399K, paused 11ms+2ms
06-19 02:09:28.276   292   292 I wpa_supplicant: wlan0: Trying to associate with d0:c2:82:84:8d:50 (SSID='UB_Secure' freq=2462 MHz)
06-19 02:09:28.330   292   292 I wpa_supplicant: wlan0: Associated with d0:c2:82:84:8d:50
06-19 02:09:28.334   292   292 I wpa_supplicant: wlan0: CTRL-EVENT-EAP-STARTED EAP authentication started
06-19 02:09:28.338   292   292 I wpa_supplicant: wlan0: CTRL-EVENT-EAP-PROPOSED-METHOD vendor=0 method=4 -> NAK
06-19 02:09:28.342   292   292 I wpa_supplicant: wlan0: CTRL-EVENT-EAP-PROPOSED-METHOD vendor=0 method=25
06-19 02:09:28.342   292   292 I wpa_supplicant: wlan0: CTRL-EVENT-EAP-METHOD EAP vendor 0 method 25 (PEAP) selected
06-19 02:09:28.350   292   292 I wpa_supplicant: EAP-TLV: TLV Result - Success - EAP-TLV/Phase2 Completed
06-19 02:09:28.350    75   112 D NetlinkEvent: Unexpected netlink message. type=0x0
06-19 02:09:54.057   141   152 D AlarmManagerService: Kernel timezone updated to 240 minutes west of GMT
06-19 02:10:04.225   292   292 I wpa_supplicant: wlan0: CTRL-EVENT-EAP-STARTED EAP authentication started
06-19 02:10:04.229    75   112 D NetlinkEvent: Unexpected netlink message. type=0x0
06-19 02:10:04.233   292   292 I wpa_supplicant: wlan0: CTRL-EVENT-DISCONNECTED bssid=d0:c2:82:84:8d:50 reason=0
06-19 02:10:05.522   292   292 I wpa_supplicant: wlan0: Trying to associate with d0:c2:82:66:6b:f0 (SSID='UB_Secure' freq=2462 MHz)
06-19 02:10:05.588   292   292 I wpa_supplicant: wlan0: Associated with d0:c2:82:66:6b:f0
06-19 02:10:05.588   292   292 I wpa_supplicant: wlan0: CTRL-EVENT-EAP-STARTED EAP authentication started
06-19 02:10:05.592   292   292 I wpa_supplicant: wlan0: CTRL-EVENT-EAP-PROPOSED-METHOD vendor=0 method=4 -> NAK
06-19 02:10:05.596   292   292 I wpa_supplicant: wlan0: CTRL-EVENT-EAP-PROPOSED-METHOD vendor=0 method=25
06-19 02:10:05.596   292   292 I wpa_supplicant: wlan0: CTRL-EVENT-EAP-METHOD EAP vendor 0 method 25 (PEAP) selected
06-19 02:10:05.608   292   292 I wpa_supplicant: EAP-TLV: TLV Result - Success - EAP-TLV/Phase2 Completed
06-19 02:10:05.608    75   112 D NetlinkEvent: Unexpected netlink message. type=0x0
06-19 02:10:15.490   434  1180 I PhoneLab-: Service Running
06-19 02:10:15.580   434  1180 I PhoneLab-LoggerService: app_38    1184  434   1428   1048  c00f181c 400107b4 S logcat
06-19 02:10:15.580   434  1180 I PhoneLab-LoggerService: Logcat pid from database 1184
06-19 02:10:15.580   434  1180 I PhoneLab-LoggerService: Logcat process found 1184
06-19 02:10:15.580   434  1180 I PhoneLab-LoggerService: Checking Threshold
06-19 02:10:15.580   434  1180 I PhoneLab-LoggerService: Starting to rename files
06-19 02:10:15.580   434  1180 I PhoneLab-LoggerService: Files found .. 2
06-19 02:10:15.588   434   436 D dalvikvm: GC_CONCURRENT freed 435K, 20% free 9315K/11591K, paused 2ms+2ms
06-19 02:10:38.221   141   520 D AlarmManagerService: Kernel timezone updated to 240 minutes west of GMT
06-19 02:10:38.221   355   355 D SystemClock: Setting time of day to sec=1340086239
06-19 02:10:39.086  7548  7561 V AlarmClock: AlarmInitReceiver finished
06-19 02:10:42.254    75   112 D NetlinkEvent: Unexpected netlink message. type=0x0
06-19 02:10:42.258   292   292 I wpa_supplicant: wlan0: CTRL-EVENT-EAP-STARTED EAP authentication started
06-19 02:10:42.258   292   292 I wpa_supplicant: wlan0: CTRL-EVENT-DISCONNECTED bssid=d0:c2:82:66:6b:f0 reason=0
06-19 02:10:43.543   292   292 I wpa_supplicant: wlan0: Trying to associate with d0:c2:82:66:69:d0 (SSID='UB_Secure' freq=2462 MHz)
06-19 02:10:43.582   292   292 I wpa_supplicant: wlan0: Associated with d0:c2:82:66:69:d0
06-19 02:10:43.582   292   292 I wpa_supplicant: wlan0: CTRL-EVENT-EAP-STARTED EAP authentication started
06-19 02:10:43.586   292   292 I wpa_supplicant: wlan0: CTRL-EVENT-EAP-PROPOSED-METHOD vendor=0 method=4 -> NAK
06-19 02:10:43.590   292   292 I wpa_supplicant: wlan0: CTRL-EVENT-EAP-PROPOSED-METHOD vendor=0 method=25
06-19 02:10:43.590   292   292 I wpa_supplicant: wlan0: CTRL-EVENT-EAP-METHOD EAP vendor 0 method 25 (PEAP) selected
06-19 02:10:43.601   292   292 I wpa_supplicant: EAP-TLV: TLV Result - Success - EAP-TLV/Phase2 Completed
06-19 02:10:43.656    75   112 D NetlinkEvent: Unexpected netlink message. type=0x0
06-19 02:11:19.453   292   292 I wpa_supplicant: wlan0: CTRL-EVENT-EAP-STARTED EAP authentication started
06-19 02:11:19.465   292   292 I wpa_supplicant: wlan0: CTRL-EVENT-DISCONNECTED bssid=d0:c2:82:66:69:d0 reason=0
06-19 02:11:19.465    75   112 D NetlinkEvent: Unexpected netlink message. type=0x0
06-19 02:11:20.754   292   292 I wpa_supplicant: wlan0: Trying to associate with d0:c2:82:66:69:d0 (SSID='UB_Secure' freq=2462 MHz)
06-19 02:11:20.836   292   292 I wpa_supplicant: wlan0: Associated with d0:c2:82:66:69:d0
06-19 02:11:20.836   292   292 I wpa_supplicant: wlan0: CTRL-EVENT-EAP-STARTED EAP authentication started
06-19 02:11:20.840   292   292 I wpa_supplicant: wlan0: CTRL-EVENT-EAP-PROPOSED-METHOD vendor=0 method=4 -> NAK
06-19 02:11:20.843   292   292 I wpa_supplicant: wlan0: CTRL-EVENT-EAP-PROPOSED-METHOD vendor=0 method=25
06-19 02:11:20.843   292   292 I wpa_supplicant: wlan0: CTRL-EVENT-EAP-METHOD EAP vendor 0 method 25 (PEAP) selected
06-19 02:11:20.851   292   292 I wpa_supplicant: EAP-TLV: TLV Result - Success - EAP-TLV/Phase2 Completed
06-19 02:11:20.867  7876  7878 D dalvikvm: GC_CONCURRENT freed 413K, 6% free 10151K/10695K, paused 2ms+4ms
06-19 02:11:20.933    75   112 D NetlinkEvent: Unexpected netlink message. type=0x0
06-19 02:11:25.133   141   418 D AlarmManagerService: Kernel timezone updated to 240 minutes west of GMT
06-19 02:11:56.851   292   292 I wpa_supplicant: wlan0: CTRL-EVENT-EAP-STARTED EAP authentication started
06-19 02:11:56.851    75   112 D NetlinkEvent: Unexpected netlink message. type=0x0
06-19 02:11:56.863   292   292 I wpa_supplicant: wlan0: CTRL-EVENT-DISCONNECTED bssid=d0:c2:82:66:69:d0 reason=0
06-19 02:11:58.531   292   292 I wpa_supplicant: wlan0: Trying to associate with d0:c2:82:84:8d:50 (SSID='UB_Secure' freq=2462 MHz)
06-19 02:11:58.613   292   292 I wpa_supplicant: wlan0: Associated with d0:c2:82:84:8d:50
06-19 02:11:58.617   292   292 I wpa_supplicant: wlan0: CTRL-EVENT-EAP-STARTED EAP authentication started
06-19 02:11:58.621   292   292 I wpa_supplicant: wlan0: CTRL-EVENT-EAP-PROPOSED-METHOD vendor=0 method=4 -> NAK
06-19 02:11:58.625   292   292 I wpa_supplicant: wlan0: CTRL-EVENT-EAP-PROPOSED-METHOD vendor=0 method=25
06-19 02:11:58.625   292   292 I wpa_supplicant: wlan0: CTRL-EVENT-EAP-METHOD EAP vendor 0 method 25 (PEAP) selected
06-19 02:11:58.633   292   292 I wpa_supplicant: EAP-TLV: TLV Result - Success - EAP-TLV/Phase2 Completed
06-19 02:11:58.648    75   112 D NetlinkEvent: Unexpected netlink message. type=0x0
06-19 02:12:16.316   434  1180 I PhoneLab-: Service Running
06-19 02:12:16.402   434  1180 I PhoneLab-LoggerService: app_38    1184  434   1428   1048  c00f181c 400107b4 S logcat
06-19 02:12:16.406   434  1180 I PhoneLab-LoggerService: Logcat pid from database 1184
06-19 02:12:16.406   434  1180 I PhoneLab-LoggerService: Logcat process found 1184
06-19 02:12:16.406   434  1180 I PhoneLab-LoggerService: Checking Threshold
06-19 02:12:16.406   434  1180 I PhoneLab-LoggerService: Starting to rename files
06-19 02:12:16.406   434  1180 I PhoneLab-LoggerService: Files found .. 2
06-19 02:12:34.449   292   292 I wpa_supplicant: wlan0: CTRL-EVENT-EAP-STARTED EAP authentication started
06-19 02:12:34.453    75   112 D NetlinkEvent: Unexpected netlink message. type=0x0
06-19 02:12:34.457   292   292 I wpa_supplicant: wlan0: CTRL-EVENT-DISCONNECTED bssid=d0:c2:82:84:8d:50 reason=0
06-19 02:12:35.726   292   292 I wpa_supplicant: wlan0: Trying to associate with d0:c2:82:66:69:d0 (SSID='UB_Secure' freq=2462 MHz)
06-19 02:12:35.804   292   292 I wpa_supplicant: wlan0: Associated with d0:c2:82:66:69:d0
06-19 02:12:35.804   292   292 I wpa_supplicant: wlan0: CTRL-EVENT-EAP-STARTED EAP authentication started
06-19 02:12:35.808   292   292 I wpa_supplicant: wlan0: CTRL-EVENT-EAP-PROPOSED-METHOD vendor=0 method=4 -> NAK
06-19 02:12:35.812   292   292 I wpa_supplicant: wlan0: CTRL-EVENT-EAP-PROPOSED-METHOD vendor=0 method=25
06-19 02:12:35.812   292   292 I wpa_supplicant: wlan0: CTRL-EVENT-EAP-METHOD EAP vendor 0 method 25 (PEAP) selected
06-19 02:12:35.820   292   292 I wpa_supplicant: EAP-TLV: TLV Result - Success - EAP-TLV/Phase2 Completed
06-19 02:12:35.824    75   112 D NetlinkEvent: Unexpected netlink message. type=0x0
06-19 02:13:11.648   292   292 I wpa_supplicant: wlan0: CTRL-EVENT-EAP-STARTED EAP authentication started
06-19 02:13:11.652    75   112 D NetlinkEvent: Unexpected netlink message. type=0x0
06-19 02:13:11.660   292   292 I wpa_supplicant: wlan0: CTRL-EVENT-DISCONNECTED bssid=d0:c2:82:66:69:d0 reason=0
06-19 02:13:28.500   292   292 I wpa_supplicant: wlan0: Trying to associate with d0:c2:82:84:8d:50 (SSID='UB_Secure' freq=2462 MHz)
06-19 02:13:28.558   292   292 I wpa_supplicant: wlan0: Associated with d0:c2:82:84:8d:50
06-19 02:13:28.558   292   292 I wpa_supplicant: wlan0: CTRL-EVENT-EAP-STARTED EAP authentication started
06-19 02:13:28.562   292   292 I wpa_supplicant: wlan0: CTRL-EVENT-EAP-PROPOSED-METHOD vendor=0 method=4 -> NAK
06-19 02:13:28.566   292   292 I wpa_supplicant: wlan0: CTRL-EVENT-EAP-PROPOSED-METHOD vendor=0 method=25
06-19 02:13:28.566   292   292 I wpa_supplicant: wlan0: CTRL-EVENT-EAP-METHOD EAP vendor 0 method 25 (PEAP) selected
06-19 02:13:28.582    75   112 D NetlinkEvent: Unexpected netlink message. type=0x0
06-19 02:13:28.597   292   292 I wpa_supplicant: EAP-TLV: TLV Result - Success - EAP-TLV/Phase2 Completed
06-19 02:14:04.449   292   292 I wpa_supplicant: wlan0: CTRL-EVENT-EAP-STARTED EAP authentication started
06-19 02:14:04.453    75   112 D NetlinkEvent: Unexpected netlink message. type=0x0
06-19 02:14:04.461   292   292 I wpa_supplicant: wlan0: CTRL-EVENT-DISCONNECTED bssid=d0:c2:82:84:8d:50 reason=0
06-19 02:14:05.746   292   292 I wpa_supplicant: wlan0: Trying to associate with d0:c2:82:66:6b:f0 (SSID='UB_Secure' freq=2462 MHz)
06-19 02:14:05.836   292   292 I wpa_supplicant: wlan0: Associated with d0:c2:82:66:6b:f0
06-19 02:14:05.836   292   292 I wpa_supplicant: wlan0: CTRL-EVENT-EAP-STARTED EAP authentication started
06-19 02:14:05.843   292   292 I wpa_supplicant: wlan0: CTRL-EVENT-EAP-PROPOSED-METHOD vendor=0 method=4 -> NAK
06-19 02:14:05.843   292   292 I wpa_supplicant: wlan0: CTRL-EVENT-EAP-PROPOSED-METHOD vendor=0 method=25
06-19 02:14:05.843   292   292 I wpa_supplicant: wlan0: CTRL-EVENT-EAP-METHOD EAP vendor 0 method 25 (PEAP) selected
06-19 02:14:05.851   292   292 I wpa_supplicant: EAP-TLV: TLV Result - Success - EAP-TLV/Phase2 Completed
06-19 02:14:06.047    75   112 D NetlinkEvent: Unexpected netlink message. type=0x0
06-19 02:14:15.492   434  1180 I PhoneLab-: Service Running
06-19 02:14:15.574   434  1180 I PhoneLab-LoggerService: app_38    1184  434   1428   1048  c00f181c 400107b4 S logcat
06-19 02:14:15.574   434  1180 I PhoneLab-LoggerService: Logcat pid from database 1184
06-19 02:14:15.574   434  1180 I PhoneLab-LoggerService: Logcat process found 1184
06-19 02:14:15.574   434  1180 I PhoneLab-LoggerService: Checking Threshold
06-19 02:14:15.574   434  1180 I PhoneLab-LoggerService: Starting to rename files
06-19 02:14:15.574   434  1180 I PhoneLab-LoggerService: Files found .. 2
06-19 02:14:41.847   292   292 I wpa_supplicant: wlan0: CTRL-EVENT-EAP-STARTED EAP authentication started
06-19 02:14:41.851    75   112 D NetlinkEvent: Unexpected netlink message. type=0x0
06-19 02:14:41.855   292   292 I wpa_supplicant: wlan0: CTRL-EVENT-DISCONNECTED bssid=d0:c2:82:66:6b:f0 reason=0
06-19 02:14:43.133   292   292 I wpa_supplicant: wlan0: Trying to associate with d0:c2:82:66:69:d0 (SSID='UB_Secure' freq=2462 MHz)
06-19 02:14:43.258   141   144 D dalvikvm: GC_CONCURRENT freed 1419K, 16% free 15009K/17671K, paused 29ms+7ms
06-19 02:14:47.617   292   292 I wpa_supplicant: wlan0: CTRL-EVENT-DISCONNECTED bssid=d0:c2:82:66:69:d0 reason=0
06-19 02:14:48.234   292   292 I wpa_supplicant: wlan0: Trying to associate with d0:c2:82:66:69:d0 (SSID='UB_Secure' freq=2462 MHz)
06-19 02:14:48.336   292   292 I wpa_supplicant: wlan0: Associated with d0:c2:82:66:69:d0
06-19 02:14:48.336   292   292 I wpa_supplicant: wlan0: CTRL-EVENT-EAP-STARTED EAP authentication started
06-19 02:14:48.340   292   292 I wpa_supplicant: wlan0: CTRL-EVENT-EAP-PROPOSED-METHOD vendor=0 method=4 -> NAK
06-19 02:14:48.343   292   292 I wpa_supplicant: wlan0: CTRL-EVENT-EAP-PROPOSED-METHOD vendor=0 method=25
06-19 02:14:48.343   292   292 I wpa_supplicant: wlan0: CTRL-EVENT-EAP-METHOD EAP vendor 0 method 25 (PEAP) selected
06-19 02:14:48.351   292   292 I wpa_supplicant: EAP-TLV: TLV Result - Success - EAP-TLV/Phase2 Completed
06-19 02:14:48.375    75   112 D NetlinkEvent: Unexpected netlink message. type=0x0
06-19 02:15:24.250   292   292 I wpa_supplicant: wlan0: CTRL-EVENT-EAP-STARTED EAP authentication started
06-19 02:15:24.254    75   112 D NetlinkEvent: Unexpected netlink message. type=0x0
06-19 02:15:24.258   292   292 I wpa_supplicant: wlan0: CTRL-EVENT-DISCONNECTED bssid=d0:c2:82:66:69:d0 reason=0
06-19 02:15:25.937   292   292 I wpa_supplicant: wlan0: Trying to associate with d0:c2:82:67:23:30 (SSID='UB_Secure' freq=2437 MHz)
06-19 02:15:30.160   292   292 I wpa_supplicant: wlan0: CTRL-EVENT-DISCONNECTED bssid=d0:c2:82:67:23:30 reason=0
06-19 02:15:30.773   292   292 I wpa_supplicant: wlan0: Trying to associate with d0:c2:82:84:8d:50 (SSID='UB_Secure' freq=2462 MHz)
06-19 02:15:30.855   292   292 I wpa_supplicant: wlan0: Associated with d0:c2:82:84:8d:50
06-19 02:15:30.855   292   292 I wpa_supplicant: wlan0: CTRL-EVENT-EAP-STARTED EAP authentication started
06-19 02:15:30.859   292   292 I wpa_supplicant: wlan0: CTRL-EVENT-EAP-PROPOSED-METHOD vendor=0 method=4 -> NAK
06-19 02:15:30.863   292   292 I wpa_supplicant: wlan0: CTRL-EVENT-EAP-PROPOSED-METHOD vendor=0 method=25
06-19 02:15:30.863   292   292 I wpa_supplicant: wlan0: CTRL-EVENT-EAP-METHOD EAP vendor 0 method 25 (PEAP) selected
06-19 02:15:30.871   292   292 I wpa_supplicant: EAP-TLV: TLV Result - Success - EAP-TLV/Phase2 Completed
06-19 02:15:30.894    75   112 D NetlinkEvent: Unexpected netlink message. type=0x0
06-19 02:16:06.851   292   292 I wpa_supplicant: wlan0: CTRL-EVENT-EAP-STARTED EAP authentication started
06-19 02:16:06.851    75   112 D NetlinkEvent: Unexpected netlink message. type=0x0
06-19 02:16:06.859   292   292 I wpa_supplicant: wlan0: CTRL-EVENT-DISCONNECTED bssid=d0:c2:82:84:8d:50 reason=0
06-19 02:16:08.133   292   292 I wpa_supplicant: wlan0: Trying to associate with d0:c2:82:66:6b:f0 (SSID='UB_Secure' freq=2462 MHz)
06-19 02:16:08.230   292   292 I wpa_supplicant: wlan0: Associated with d0:c2:82:66:6b:f0
06-19 02:16:08.230   292   292 I wpa_supplicant: wlan0: CTRL-EVENT-EAP-STARTED EAP authentication started
06-19 02:16:08.234   292   292 I wpa_supplicant: wlan0: CTRL-EVENT-EAP-PROPOSED-METHOD vendor=0 method=4 -> NAK
06-19 02:16:08.238   292   292 I wpa_supplicant: wlan0: CTRL-EVENT-EAP-PROPOSED-METHOD vendor=0 method=25
06-19 02:16:08.238   292   292 I wpa_supplicant: wlan0: CTRL-EVENT-EAP-METHOD EAP vendor 0 method 25 (PEAP) selected
06-19 02:16:08.246   292   292 I wpa_supplicant: EAP-TLV: TLV Result - Success - EAP-TLV/Phase2 Completed
06-19 02:16:08.254    75   112 D NetlinkEvent: Unexpected netlink message. type=0x0
06-19 02:16:09.886   925   927 D dalvikvm: GC_CONCURRENT freed 348K, 6% free 10731K/11399K, paused 15ms+3ms
06-19 02:16:15.492   434  1180 I PhoneLab-: Service Running
06-19 02:16:15.593   434  1180 I PhoneLab-LoggerService: app_38    1184  434   1428   1048  c00f181c 400107b4 S logcat
06-19 02:16:15.593   434  1180 I PhoneLab-LoggerService: Logcat pid from database 1184
06-19 02:16:15.593   434  1180 I PhoneLab-LoggerService: Logcat process found 1184
06-19 02:16:15.593   434  1180 I PhoneLab-LoggerService: Checking Threshold
06-19 02:16:15.593   434  1180 I PhoneLab-LoggerService: Starting to rename files
06-19 02:16:15.593   434  1180 I PhoneLab-LoggerService: Files found .. 2
06-19 02:16:28.812   141   756 D AlarmManagerService: Kernel timezone updated to 240 minutes west of GMT
06-19 02:16:44.250   292   292 I wpa_supplicant: wlan0: CTRL-EVENT-EAP-STARTED EAP authentication started
06-19 02:16:44.254    75   112 D NetlinkEvent: Unexpected netlink message. type=0x0
06-19 02:16:44.261   292   292 I wpa_supplicant: wlan0: CTRL-EVENT-DISCONNECTED bssid=d0:c2:82:66:6b:f0 reason=0
06-19 02:16:45.535   292   292 I wpa_supplicant: wlan0: Trying to associate with d0:c2:82:66:6b:f0 (SSID='UB_Secure' freq=2462 MHz)
06-19 02:16:45.613   292   292 I wpa_supplicant: wlan0: Associated with d0:c2:82:66:6b:f0
06-19 02:16:45.613   292   292 I wpa_supplicant: wlan0: CTRL-EVENT-EAP-STARTED EAP authentication started
06-19 02:16:45.617   292   292 I wpa_supplicant: wlan0: CTRL-EVENT-EAP-PROPOSED-METHOD vendor=0 method=4 -> NAK
06-19 02:16:45.625   292   292 I wpa_supplicant: wlan0: CTRL-EVENT-EAP-PROPOSED-METHOD vendor=0 method=25
