07-17 15:11:26.578  1252  1285 I PhoneLab-LoggerService: Logcat pid from database 1289
07-17 15:11:26.578  1252  1285 I PhoneLab-LoggerService: Logcat process found 1289
07-17 15:11:26.578  1252  1285 I PhoneLab-LoggerService: Checking Threshold
07-17 15:11:26.578  1252  1285 I PhoneLab-: Service Running
07-17 15:11:26.609  1252  1285 I PhoneLab-LoggerService: app_38    1289  1252  1768   1396  c00f181c 400107b4 S logcat
07-17 15:11:26.609  1252  1285 I PhoneLab-LoggerService: Logcat pid from database 1289
07-17 15:11:26.609  1252  1285 I PhoneLab-LoggerService: Logcat process found 1289
07-17 15:11:26.609  1252  1285 I PhoneLab-LoggerService: Checking Threshold
07-17 15:11:26.609  1252  1285 I PhoneLab-: Service Running
07-17 15:11:26.636  1252  1285 I PhoneLab-LoggerService: app_38    1289  1252  1768   1396  c00f181c 400107b4 S logcat
07-17 15:11:26.636  1252  1285 I PhoneLab-LoggerService: Logcat pid from database 1289
07-17 15:11:26.636  1252  1285 I PhoneLab-LoggerService: Logcat process found 1289
07-17 15:11:26.636  1252  1285 I PhoneLab-LoggerService: Checking Threshold
07-17 15:11:26.636  1252  1285 I PhoneLab-: Service Running
07-17 15:11:26.664  1252  1285 I PhoneLab-LoggerService: app_38    1289  1252  1768   1396  c00f181c 400107b4 S logcat
07-17 15:11:26.668  1252  1285 I PhoneLab-LoggerService: Logcat pid from database 1289
07-17 15:11:26.668  1252  1285 I PhoneLab-LoggerService: Logcat process found 1289
07-17 15:11:26.668  1252  1285 I PhoneLab-LoggerService: Checking Threshold
07-17 15:11:26.668  1252  1285 I PhoneLab-: Service Running
07-17 15:11:26.695  1252  1285 I PhoneLab-LoggerService: app_38    1289  1252  1768   1396  c00f181c 400107b4 S logcat
07-17 15:11:26.695  1252  1285 I PhoneLab-LoggerService: Logcat pid from database 1289
07-17 15:11:26.695  1252  1285 I PhoneLab-LoggerService: Logcat process found 1289
07-17 15:11:26.695  1252  1285 I PhoneLab-LoggerService: Checking Threshold
07-17 15:11:26.695  1252  1285 I PhoneLab-: Service Running
07-17 15:11:26.718  1252  1285 I PhoneLab-LoggerService: app_38    1289  1252  1768   1396  c00f181c 400107b4 S logcat
07-17 15:11:26.718  1252  1285 I PhoneLab-LoggerService: Logcat pid from database 1289
07-17 15:11:26.718  1252  1285 I PhoneLab-LoggerService: Logcat process found 1289
07-17 15:11:26.722  1252  1285 I PhoneLab-LoggerService: Checking Threshold
07-17 15:11:26.722  1252  1285 I PhoneLab-: Service Running
07-17 15:11:26.754  1252  1285 I PhoneLab-LoggerService: app_38    1289  1252  1768   1396  c00f181c 400107b4 S logcat
07-17 15:11:26.754  1252  1285 I PhoneLab-LoggerService: Logcat pid from database 1289
07-17 15:11:26.754  1252  1285 I PhoneLab-LoggerService: Logcat process found 1289
07-17 15:11:26.754  1252  1285 I PhoneLab-LoggerService: Checking Threshold
07-17 15:11:26.754  1252  1285 I PhoneLab-: Service Running
07-17 15:11:26.797  1252  1254 D dalvikvm: GC_CONCURRENT freed 388K, 15% free 9483K/11143K, paused 2ms+2ms
07-17 15:11:26.800  1252  1285 I PhoneLab-LoggerService: app_38    1289  1252  1768   1396  c00f181c 400107b4 S logcat
07-17 15:11:26.800  1252  1285 I PhoneLab-LoggerService: Logcat pid from database 1289
07-17 15:11:26.800  1252  1285 I PhoneLab-LoggerService: Logcat process found 1289
07-17 15:11:26.800  1252  1285 I PhoneLab-LoggerService: Checking Threshold
07-17 15:11:26.800  1252  1285 I PhoneLab-: Service Running
07-17 15:11:26.836  1252  1285 I PhoneLab-LoggerService: app_38    1289  1252  1768   1396  c00f181c 400107b4 S logcat
07-17 15:11:26.836  1252  1285 I PhoneLab-LoggerService: Logcat pid from database 1289
07-17 15:11:26.836  1252  1285 I PhoneLab-LoggerService: Logcat process found 1289
07-17 15:11:26.836  1252  1285 I PhoneLab-LoggerService: Checking Threshold
07-17 15:11:26.836  1252  1285 I PhoneLab-: Service Running
07-17 15:11:26.863  1252  1285 I PhoneLab-LoggerService: app_38    1289  1252  1768   1396  c00f181c 400107b4 S logcat
07-17 15:11:26.863  1252  1285 I PhoneLab-LoggerService: Logcat pid from database 1289
07-17 15:11:26.863  1252  1285 I PhoneLab-LoggerService: Logcat process found 1289
07-17 15:11:26.863  1252  1285 I PhoneLab-LoggerService: Checking Threshold
07-17 15:11:26.867  1252  1285 I PhoneLab-: Service Running
07-17 15:11:26.894  1252  1285 I PhoneLab-LoggerService: app_38    1289  1252  1768   1396  c00f181c 400107b4 S logcat
07-17 15:11:26.894  1252  1285 I PhoneLab-LoggerService: Logcat pid from database 1289
07-17 15:11:26.894  1252  1285 I PhoneLab-LoggerService: Logcat process found 1289
07-17 15:11:26.894  1252  1285 I PhoneLab-LoggerService: Checking Threshold
07-17 15:11:26.894  1252  1285 I PhoneLab-: Service Running
07-17 15:11:26.922  1252  1285 I PhoneLab-LoggerService: app_38    1289  1252  1768   1396  c00f181c 400107b4 S logcat
07-17 15:11:26.922  1252  1285 I PhoneLab-LoggerService: Logcat pid from database 1289
07-17 15:11:26.922  1252  1285 I PhoneLab-LoggerService: Logcat process found 1289
07-17 15:11:26.922  1252  1285 I PhoneLab-LoggerService: Checking Threshold
07-17 15:11:26.922  1252  1285 I PhoneLab-: Service Running
07-17 15:11:26.953  1252  1285 I PhoneLab-LoggerService: app_38    1289  1252  1768   1396  c00f181c 400107b4 S logcat
07-17 15:11:26.953  1252  1285 I PhoneLab-LoggerService: Logcat pid from database 1289
07-17 15:11:26.953  1252  1285 I PhoneLab-LoggerService: Logcat process found 1289
07-17 15:11:26.953  1252  1285 I PhoneLab-LoggerService: Checking Threshold
07-17 15:11:26.953  1252  1285 I PhoneLab-: Service Running
07-17 15:11:26.980  1252  1285 I PhoneLab-LoggerService: app_38    1289  1252  1768   1396  c00f181c 400107b4 S logcat
07-17 15:11:26.980  1252  1285 I PhoneLab-LoggerService: Logcat pid from database 1289
07-17 15:11:26.980  1252  1285 I PhoneLab-LoggerService: Logcat process found 1289
07-17 15:11:26.980  1252  1285 I PhoneLab-LoggerService: Checking Threshold
07-17 15:16:00.472  1252  1252 I PhoneLab-Locks: wake lock acquired
07-17 15:16:00.488  1252 22665 I PhoneLab-PeriodicCheckService: User info is synched
07-17 15:16:00.492  1252 22665 I PhoneLab-PeriodicCheckService: Logger Service is running
07-17 15:16:00.492  1252 22665 I PhoneLab-Locks: wake lock acquired
07-17 15:16:00.496  1252  1252 I PhoneLab-UploadLogs: Transfering log files now
07-17 15:16:00.496  1252  1252 I PhoneLab-UploadLogs: No log files to transfer
07-17 15:16:00.496  1252  1252 I PhoneLab-Locks: wake lock released
07-17 15:16:00.500  1252  1252 I PhoneLab-UploadLogs: OnStartCommand
07-17 15:16:00.500  1252 22665 I PhoneLab-PeriodicCheckService: Rescheduling periodic checking...
07-17 15:16:00.500  1252 22665 I PhoneLab-Locks: wake lock released
07-17 15:28:03.640   700   931 I EventLogService: Aggregate from 1342551483370 (log), 1342551483370 (data)
07-17 15:44:40.199  1252  1285 I PhoneLab-: Service Running
07-17 15:44:40.273  1252  1285 I PhoneLab-LoggerService: app_38    1289  1252  1768   1396  c00f181c 400107b4 S logcat
07-17 15:44:40.277  1252  1285 I PhoneLab-LoggerService: Logcat pid from database 1289
07-17 15:44:40.277  1252  1285 I PhoneLab-LoggerService: Logcat process found 1289
07-17 15:44:40.277  1252  1285 I PhoneLab-LoggerService: Checking Threshold
07-17 15:44:40.277  1252  1285 I PhoneLab-: Service Running
07-17 15:44:40.308  1252  1254 D dalvikvm: GC_CONCURRENT freed 410K, 15% free 9484K/11143K, paused 1ms+12ms
07-17 15:44:40.328  1252  1285 I PhoneLab-LoggerService: app_38    1289  1252  1768   1396  c00f181c 400107b4 S logcat
07-17 15:44:40.328  1252  1285 I PhoneLab-LoggerService: Logcat pid from database 1289
07-17 15:44:40.328  1252  1285 I PhoneLab-LoggerService: Logcat process found 1289
07-17 15:44:40.328  1252  1285 I PhoneLab-LoggerService: Checking Threshold
07-17 15:44:40.328  1252  1285 I PhoneLab-: Service Running
07-17 15:44:40.355  1252  1285 I PhoneLab-LoggerService: app_38    1289  1252  1768   1396  c00f181c 400107b4 S logcat
07-17 15:44:40.355  1252  1285 I PhoneLab-LoggerService: Logcat pid from database 1289
07-17 15:44:40.355  1252  1285 I PhoneLab-LoggerService: Logcat process found 1289
07-17 15:44:40.355  1252  1285 I PhoneLab-LoggerService: Checking Threshold
07-17 15:44:40.359  1252  1285 I PhoneLab-: Service Running
07-17 15:44:40.386  1252  1285 I PhoneLab-LoggerService: app_38    1289  1252  1768   1396  c00f181c 400107b4 S logcat
07-17 15:44:40.386  1252  1285 I PhoneLab-LoggerService: Logcat pid from database 1289
07-17 15:44:40.386  1252  1285 I PhoneLab-LoggerService: Logcat process found 1289
07-17 15:44:40.386  1252  1285 I PhoneLab-LoggerService: Checking Threshold
07-17 15:44:40.386  1252  1285 I PhoneLab-: Service Running
07-17 15:44:40.414  1252  1285 I PhoneLab-LoggerService: app_38    1289  1252  1768   1396  c00f181c 400107b4 S logcat
07-17 15:44:40.414  1252  1285 I PhoneLab-LoggerService: Logcat pid from database 1289
07-17 15:44:40.414  1252  1285 I PhoneLab-LoggerService: Logcat process found 1289
07-17 15:44:40.414  1252  1285 I PhoneLab-LoggerService: Checking Threshold
07-17 15:44:40.418  1252  1285 I PhoneLab-: Service Running
07-17 15:44:40.445  1252  1285 I PhoneLab-LoggerService: app_38    1289  1252  1768   1396  c00f181c 400107b4 S logcat
07-17 15:44:40.445  1252  1285 I PhoneLab-LoggerService: Logcat pid from database 1289
07-17 15:44:40.445  1252  1285 I PhoneLab-LoggerService: Logcat process found 1289
07-17 15:44:40.445  1252  1285 I PhoneLab-LoggerService: Checking Threshold
07-17 15:44:40.445  1252  1285 I PhoneLab-: Service Running
07-17 15:44:40.472  1252  1285 I PhoneLab-LoggerService: app_38    1289  1252  1768   1396  c00f181c 400107b4 S logcat
07-17 15:44:40.472  1252  1285 I PhoneLab-LoggerService: Logcat pid from database 1289
07-17 15:44:40.472  1252  1285 I PhoneLab-LoggerService: Logcat process found 1289
07-17 15:44:40.472  1252  1285 I PhoneLab-LoggerService: Checking Threshold
07-17 15:44:40.476  1252  1285 I PhoneLab-: Service Running
07-17 15:44:40.504  1252  1285 I PhoneLab-LoggerService: app_38    1289  1252  1768   1396  c00f181c 400107b4 S logcat
07-17 15:45:59.050  1252  1285 I PhoneLab-LoggerService: Logcat pid from database 1289
07-17 15:45:59.050  1252  1285 I PhoneLab-LoggerService: Logcat process found 1289
07-17 15:45:59.050  1252  1285 I PhoneLab-LoggerService: Checking Threshold
07-17 15:45:59.054  1252  1285 I PhoneLab-: Service Running
07-17 15:45:59.086  1252  1285 I PhoneLab-LoggerService: app_38    1289  1252  1768   1396  c00f181c 400107b4 S logcat
07-17 15:45:59.086  1252  1285 I PhoneLab-LoggerService: Logcat pid from database 1289
07-17 15:45:59.086  1252  1285 I PhoneLab-LoggerService: Logcat process found 1289
07-17 15:45:59.086  1252  1285 I PhoneLab-LoggerService: Checking Threshold
07-17 15:45:59.086  1252  1285 I PhoneLab-: Service Running
07-17 15:45:59.129  1252  1254 D dalvikvm: GC_CONCURRENT freed 393K, 15% free 9483K/11143K, paused 1ms+2ms
07-17 15:45:59.132  1252  1285 I PhoneLab-LoggerService: app_38    1289  1252  1768   1396  c00f181c 400107b4 S logcat
07-17 15:45:59.132  1252  1285 I PhoneLab-LoggerService: Logcat pid from database 1289
07-17 15:45:59.132  1252  1285 I PhoneLab-LoggerService: Logcat process found 1289
07-17 15:45:59.132  1252  1285 I PhoneLab-LoggerService: Checking Threshold
07-17 15:45:59.132  1252  1285 I PhoneLab-: Service Running
07-17 15:45:59.168  1252  1285 I PhoneLab-LoggerService: app_38    1289  1252  1768   1396  c00f181c 400107b4 S logcat
07-17 15:45:59.168  1252  1285 I PhoneLab-LoggerService: Logcat pid from database 1289
07-17 15:45:59.168  1252  1285 I PhoneLab-LoggerService: Logcat process found 1289
07-17 15:45:59.168  1252  1285 I PhoneLab-LoggerService: Checking Threshold
07-17 15:45:59.168  1252  1285 I PhoneLab-: Service Running
07-17 15:45:59.195  1252  1285 I PhoneLab-LoggerService: app_38    1289  1252  1768   1396  c00f181c 400107b4 S logcat
07-17 15:45:59.195  1252  1285 I PhoneLab-LoggerService: Logcat pid from database 1289
07-17 15:45:59.195  1252  1285 I PhoneLab-LoggerService: Logcat process found 1289
07-17 15:45:59.195  1252  1285 I PhoneLab-LoggerService: Checking Threshold
07-17 15:45:59.195  1252  1285 I PhoneLab-: Service Running
07-17 15:45:59.226  1252  1285 I PhoneLab-LoggerService: app_38    1289  1252  1768   1396  c00f181c 400107b4 S logcat
07-17 15:45:59.226  1252  1285 I PhoneLab-LoggerService: Logcat pid from database 1289
07-17 15:45:59.226  1252  1285 I PhoneLab-LoggerService: Logcat process found 1289
07-17 15:45:59.226  1252  1285 I PhoneLab-LoggerService: Checking Threshold
07-17 15:45:59.226  1252  1285 I PhoneLab-: Service Running
07-17 15:45:59.254  1252  1285 I PhoneLab-LoggerService: app_38    1289  1252  1768   1396  c00f181c 400107b4 S logcat
07-17 15:45:59.254  1252  1285 I PhoneLab-LoggerService: Logcat pid from database 1289
07-17 15:45:59.254  1252  1285 I PhoneLab-LoggerService: Logcat process found 1289
07-17 15:45:59.254  1252  1285 I PhoneLab-LoggerService: Checking Threshold
07-17 15:45:59.254  1252  1285 I PhoneLab-: Service Running
07-17 15:45:59.281  1252  1285 I PhoneLab-LoggerService: app_38    1289  1252  1768   1396  c00f181c 400107b4 S logcat
07-17 15:45:59.285  1252  1285 I PhoneLab-LoggerService: Logcat pid from database 1289
07-17 15:45:59.285  1252  1285 I PhoneLab-LoggerService: Logcat process found 1289
07-17 15:45:59.285  1252  1285 I PhoneLab-LoggerService: Checking Threshold
07-17 15:45:59.285  1252  1285 I PhoneLab-: Service Running
07-17 15:45:59.312  1252  1285 I PhoneLab-LoggerService: app_38    1289  1252  1768   1396  c00f181c 400107b4 S logcat
07-17 15:45:59.312  1252  1285 I PhoneLab-LoggerService: Logcat pid from database 1289
07-17 15:45:59.312  1252  1285 I PhoneLab-LoggerService: Logcat process found 1289
07-17 15:45:59.312  1252  1285 I PhoneLab-LoggerService: Checking Threshold
07-17 15:45:59.312  1252  1285 I PhoneLab-: Service Running
07-17 15:45:59.340  1252  1285 I PhoneLab-LoggerService: app_38    1289  1252  1768   1396  c00f181c 400107b4 S logcat
07-17 15:45:59.343  1252  1285 I PhoneLab-LoggerService: Logcat pid from database 1289
07-17 15:45:59.343  1252  1285 I PhoneLab-LoggerService: Logcat process found 1289
07-17 15:45:59.343  1252  1285 I PhoneLab-LoggerService: Checking Threshold
07-17 15:45:59.343  1252  1285 I PhoneLab-: Service Running
07-17 15:45:59.386  1252  1254 D dalvikvm: GC_CONCURRENT freed 392K, 15% free 9494K/11143K, paused 2ms+3ms
07-17 15:45:59.386  1252  1285 I PhoneLab-LoggerService: app_38    1289  1252  1768   1396  c00f181c 400107b4 S logcat
07-17 15:45:59.390  1252  1285 I PhoneLab-LoggerService: Logcat pid from database 1289
07-17 15:45:59.390  1252  1285 I PhoneLab-LoggerService: Logcat process found 1289
07-17 15:45:59.390  1252  1285 I PhoneLab-LoggerService: Checking Threshold
07-17 15:46:00.531  1252  1252 I PhoneLab-Locks: wake lock acquired
07-17 15:46:00.554  1252 22685 I PhoneLab-PeriodicCheckService: User info is synched
07-17 15:46:00.558  1252 22685 I PhoneLab-PeriodicCheckService: Logger Service is running
07-17 15:46:00.558  1252 22685 I PhoneLab-Locks: wake lock acquired
07-17 15:46:00.562  1252  1252 I PhoneLab-UploadLogs: Transfering log files now
07-17 15:46:00.562  1252  1252 I PhoneLab-UploadLogs: No log files to transfer
07-17 15:46:00.562  1252  1252 I PhoneLab-Locks: wake lock released
07-17 15:46:00.562  1252  1252 I PhoneLab-UploadLogs: OnStartCommand
07-17 15:46:00.566  1252 22685 I PhoneLab-PeriodicCheckService: Rescheduling periodic checking...
07-17 15:46:00.566  1252 22685 I PhoneLab-Locks: wake lock released
07-17 15:58:03.703   700  1668 I EventLogService: Aggregate from 1342553283645 (log), 1342553283645 (data)
07-17 16:07:08.136   151   154 D dalvikvm: GC_CONCURRENT freed 1488K, 18% free 15109K/18375K, paused 2ms+6ms
07-17 16:16:01.023  1252  1252 I PhoneLab-Locks: wake lock acquired
07-17 16:16:01.039  1252 22687 I PhoneLab-PeriodicCheckService: User info is synched
07-17 16:16:01.039  1252 22687 I PhoneLab-PeriodicCheckService: Logger Service is running
07-17 16:16:01.039  1252 22687 I PhoneLab-Locks: wake lock acquired
07-17 16:16:01.046  1252  1252 I PhoneLab-UploadLogs: Transfering log files now
07-17 16:16:01.046  1252  1252 I PhoneLab-UploadLogs: No log files to transfer
07-17 16:16:01.046  1252  1252 I PhoneLab-Locks: wake lock released
07-17 16:16:01.046  1252  1252 I PhoneLab-UploadLogs: OnStartCommand
07-17 16:16:01.050  1252 22687 I PhoneLab-PeriodicCheckService: Rescheduling periodic checking...
07-17 16:16:01.050  1252 22687 I PhoneLab-Locks: wake lock released
07-17 16:28:04.070   700   934 I EventLogService: Aggregate from 1342555083705 (log), 1342555083705 (data)
07-17 16:46:01.086  1252  1252 I PhoneLab-Locks: wake lock acquired
07-17 16:46:01.097  1252 22689 I PhoneLab-PeriodicCheckService: User info is synched
07-17 16:46:01.097  1252 22689 I PhoneLab-PeriodicCheckService: Logger Service is running
07-17 16:46:01.097  1252 22689 I PhoneLab-Locks: wake lock acquired
07-17 16:46:01.105  1252  1252 I PhoneLab-UploadLogs: Transfering log files now
07-17 16:46:01.105  1252  1252 I PhoneLab-UploadLogs: No log files to transfer
07-17 16:46:01.105  1252  1252 I PhoneLab-Locks: wake lock released
07-17 16:46:01.105  1252  1252 I PhoneLab-UploadLogs: OnStartCommand
07-17 16:46:01.109  1252 22689 I PhoneLab-PeriodicCheckService: Rescheduling periodic checking...
07-17 16:46:01.109  1252 22689 I PhoneLab-Locks: wake lock released
07-17 16:58:04.140   700  1178 I EventLogService: Aggregate from 1342556884075 (log), 1342556884075 (data)
07-17 16:58:04.214   700   703 D dalvikvm: GC_CONCURRENT freed 396K, 8% free 10318K/11143K, paused 3ms+6ms
07-17 17:14:25.140   151   154 D dalvikvm: GC_CONCURRENT freed 1413K, 18% free 15106K/18375K, paused 3ms+6ms
07-17 17:16:01.117  1252  1252 I PhoneLab-Locks: wake lock acquired
07-17 17:16:01.136  1252 22691 I PhoneLab-PeriodicCheckService: User info is synched
07-17 17:16:01.140  1252 22691 I PhoneLab-PeriodicCheckService: Logger Service is running
07-17 17:16:01.144  1252 22691 I PhoneLab-Locks: wake lock acquired
07-17 17:16:01.156  1252  1252 I PhoneLab-UploadLogs: Transfering log files now
07-17 17:16:01.156  1252  1252 I PhoneLab-UploadLogs: No log files to transfer
07-17 17:16:01.156  1252  1252 I PhoneLab-Locks: wake lock released
07-17 17:16:01.156  1252  1252 I PhoneLab-UploadLogs: OnStartCommand
07-17 17:16:01.164  1252 22691 I PhoneLab-PeriodicCheckService: Rescheduling periodic checking...
07-17 17:16:01.164  1252 22691 I PhoneLab-Locks: wake lock released
07-17 17:28:04.304   700  1345 I EventLogService: Aggregate from 1342558684143 (log), 1342558684143 (data)
07-17 17:31:28.086   390   392 D dalvikvm: GC_CONCURRENT freed 384K, 11% free 9873K/11079K, paused 2ms+3ms
07-17 17:46:01.195  1252  1252 I PhoneLab-Locks: wake lock acquired
07-17 17:46:01.218  1252 22693 I PhoneLab-PeriodicCheckService: User info is synched
07-17 17:46:01.222  1252 22693 I PhoneLab-PeriodicCheckService: Logger Service is running
07-17 17:46:01.222  1252 22693 I PhoneLab-Locks: wake lock acquired
07-17 17:46:01.226  1252  1252 I PhoneLab-UploadLogs: Transfering log files now
07-17 17:46:01.226  1252  1252 I PhoneLab-UploadLogs: No log files to transfer
07-17 17:46:01.226  1252  1252 I PhoneLab-Locks: wake lock released
07-17 17:46:01.226  1252  1252 I PhoneLab-UploadLogs: OnStartCommand
07-17 17:46:01.230  1252 22693 I PhoneLab-PeriodicCheckService: Rescheduling periodic checking...
07-17 17:46:01.230  1252 22693 I PhoneLab-Locks: wake lock released
07-17 17:58:04.406   700   931 I EventLogService: Aggregate from 1342560484308 (log), 1342560484308 (data)
07-17 18:16:01.136   151   154 D dalvikvm: GC_CONCURRENT freed 1394K, 18% free 15118K/18375K, paused 2ms+5ms
07-17 18:16:01.246  1252  1252 I PhoneLab-Locks: wake lock acquired
07-17 18:16:01.277  1252 22695 I PhoneLab-PeriodicCheckService: User info is synched
07-17 18:16:01.281  1252 22695 I PhoneLab-PeriodicCheckService: Logger Service is running
07-17 18:16:01.281  1252 22695 I PhoneLab-Locks: wake lock acquired
07-17 18:16:01.285  1252  1252 I PhoneLab-UploadLogs: Transfering log files now
07-17 18:16:01.285  1252  1252 I PhoneLab-UploadLogs: No log files to transfer
07-17 18:16:01.285  1252  1252 I PhoneLab-Locks: wake lock released
07-17 18:16:01.289  1252  1252 I PhoneLab-UploadLogs: OnStartCommand
07-17 18:16:01.289  1252 22695 I PhoneLab-PeriodicCheckService: Rescheduling periodic checking...
07-17 18:16:01.289  1252 22695 I PhoneLab-Locks: wake lock released
07-17 18:28:04.500   700  1668 I EventLogService: Aggregate from 1342562284408 (log), 1342562284408 (data)
07-17 18:28:04.601   700   703 D dalvikvm: GC_CONCURRENT freed 372K, 8% free 10339K/11143K, paused 2ms+5ms
07-17 18:46:01.320  1252  1252 I PhoneLab-Locks: wake lock acquired
07-17 18:46:01.343  1252 22697 I PhoneLab-PeriodicCheckService: User info is synched
07-17 18:46:01.343  1252 22697 I PhoneLab-PeriodicCheckService: Logger Service is running
07-17 18:46:01.347  1252 22697 I PhoneLab-Locks: wake lock acquired
07-17 18:46:01.351  1252  1252 I PhoneLab-UploadLogs: Transfering log files now
07-17 18:46:01.351  1252  1252 I PhoneLab-UploadLogs: No log files to transfer
07-17 18:46:01.351  1252  1252 I PhoneLab-Locks: wake lock released
07-17 18:46:01.351  1252  1252 I PhoneLab-UploadLogs: OnStartCommand
07-17 18:46:01.355  1252 22697 I PhoneLab-PeriodicCheckService: Rescheduling periodic checking...
07-17 18:46:01.355  1252 22697 I PhoneLab-Locks: wake lock released
07-17 18:58:05.035   700   934 I EventLogService: Aggregate from 1342564084504 (log), 1342564084504 (data)
07-17 19:16:01.398  1252  1252 I PhoneLab-Locks: wake lock acquired
07-17 19:16:01.410  1252 22699 I PhoneLab-PeriodicCheckService: User info is synched
07-17 19:16:01.414  1252 22699 I PhoneLab-PeriodicCheckService: Logger Service is running
07-17 19:16:01.414  1252 22699 I PhoneLab-Locks: wake lock acquired
07-17 19:16:01.418  1252  1252 I PhoneLab-UploadLogs: Transfering log files now
07-17 19:16:01.418  1252  1252 I PhoneLab-UploadLogs: No log files to transfer
07-17 19:16:01.418  1252  1252 I PhoneLab-Locks: wake lock released
07-17 19:16:01.421  1252  1252 I PhoneLab-UploadLogs: OnStartCommand
07-17 19:16:01.421  1252 22699 I PhoneLab-PeriodicCheckService: Rescheduling periodic checking...
07-17 19:16:01.421  1252 22699 I PhoneLab-Locks: wake lock released
07-17 19:28:05.363   151   154 D dalvikvm: GC_CONCURRENT freed 1432K, 18% free 15125K/18375K, paused 3ms+5ms
07-17 19:28:05.367   700  1178 I EventLogService: Aggregate from 1342565885039 (log), 1342565885039 (data)
07-17 19:37:23.132   151   465 D dalvikvm: GC_EXPLICIT freed 165K, 19% free 15049K/18375K, paused 3ms+6ms
07-17 19:46:01.457  1252  1252 I PhoneLab-Locks: wake lock acquired
07-17 19:46:01.476  1252 22701 I PhoneLab-PeriodicCheckService: User info is synched
07-17 19:46:01.480  1252 22701 I PhoneLab-PeriodicCheckService: Logger Service is running
07-17 19:46:01.480  1252 22701 I PhoneLab-Locks: wake lock acquired
07-17 19:46:01.484  1252  1252 I PhoneLab-UploadLogs: Transfering log files now
07-17 19:46:01.484  1252  1252 I PhoneLab-UploadLogs: No log files to transfer
07-17 19:46:01.484  1252  1252 I PhoneLab-Locks: wake lock released
07-17 19:46:01.488  1252  1252 I PhoneLab-UploadLogs: OnStartCommand
07-17 19:46:01.488  1252 22701 I PhoneLab-PeriodicCheckService: Rescheduling periodic checking...
07-17 19:46:01.488  1252 22701 I PhoneLab-Locks: wake lock released
07-17 19:58:05.496   700  1345 I EventLogService: Aggregate from 1342567685369 (log), 1342567685369 (data)
07-17 20:16:01.519  1252  1252 I PhoneLab-Locks: wake lock acquired
07-17 20:16:01.543  1252 22703 I PhoneLab-PeriodicCheckService: User info is synched
07-17 20:16:01.546  1252 22703 I PhoneLab-PeriodicCheckService: Logger Service is running
07-17 20:16:01.546  1252 22703 I PhoneLab-Locks: wake lock acquired
07-17 20:16:01.550  1252  1252 I PhoneLab-UploadLogs: Transfering log files now
07-17 20:16:01.550  1252  1252 I PhoneLab-UploadLogs: No log files to transfer
07-17 20:16:01.550  1252  1252 I PhoneLab-Locks: wake lock released
07-17 20:16:01.550  1252  1252 I PhoneLab-UploadLogs: OnStartCommand
07-17 20:16:01.554  1252 22703 I PhoneLab-PeriodicCheckService: Rescheduling periodic checking...
07-17 20:16:01.554  1252 22703 I PhoneLab-Locks: wake lock released
07-17 20:19:34.058  1252  1285 I PhoneLab-: Service Running
07-17 20:19:34.086  1252  1285 I PhoneLab-LoggerService: app_38    1289  1252  1768   1396  c00f181c 400107b4 S logcat
07-17 20:19:34.086  1252  1285 I PhoneLab-LoggerService: Logcat pid from database 1289
07-17 20:19:34.086  1252  1285 I PhoneLab-LoggerService: Logcat process found 1289
07-17 20:19:34.089  1252  1285 I PhoneLab-LoggerService: Checking Threshold
07-17 20:19:34.089  1252  1285 I PhoneLab-: Service Running
07-17 20:19:34.117  1252  1285 I PhoneLab-LoggerService: app_38    1289  1252  1768   1396  c00f181c 400107b4 S logcat
07-17 20:19:34.117  1252  1285 I PhoneLab-LoggerService: Logcat pid from database 1289
07-17 20:19:34.117  1252  1285 I PhoneLab-LoggerService: Logcat process found 1289
07-17 20:19:34.117  1252  1285 I PhoneLab-LoggerService: Checking Threshold
07-17 20:19:34.117  1252  1285 I PhoneLab-: Service Running
07-17 20:19:34.144  1252  1285 I PhoneLab-LoggerService: app_38    1289  1252  1768   1396  c00f181c 400107b4 S logcat
07-17 20:19:34.144  1252  1285 I PhoneLab-LoggerService: Logcat pid from database 1289
07-17 20:19:34.144  1252  1285 I PhoneLab-LoggerService: Logcat process found 1289
07-17 20:19:34.144  1252  1285 I PhoneLab-LoggerService: Checking Threshold
07-17 20:19:34.144  1252  1285 I PhoneLab-: Service Running
07-17 20:19:34.187  1252  1285 I PhoneLab-LoggerService: app_38    1289  1252  1768   1396  c00f181c 400107b4 S logcat
07-17 20:19:34.187  1252  1285 I PhoneLab-LoggerService: Logcat pid from database 1289
07-17 20:19:34.187  1252  1285 I PhoneLab-LoggerService: Logcat process found 1289
07-17 20:19:34.187  1252  1285 I PhoneLab-LoggerService: Checking Threshold
07-17 20:19:34.187  1252  1285 I PhoneLab-: Service Running
07-17 20:19:34.207  1252  1254 D dalvikvm: GC_CONCURRENT freed 416K, 15% free 9484K/11143K, paused 1ms+3ms
07-17 20:19:34.234  1252  1285 I PhoneLab-LoggerService: app_38    1289  1252  1768   1396  c00f181c 400107b4 S logcat
07-17 20:19:34.234  1252  1285 I PhoneLab-LoggerService: Logcat pid from database 1289
07-17 20:19:34.234  1252  1285 I PhoneLab-LoggerService: Logcat process found 1289
07-17 20:19:34.234  1252  1285 I PhoneLab-LoggerService: Checking Threshold
07-17 20:19:34.234  1252  1285 I PhoneLab-: Service Running
07-17 20:19:34.261  1252  1285 I PhoneLab-LoggerService: app_38    1289  1252  1768   1396  c00f181c 400107b4 S logcat
07-17 20:19:34.261  1252  1285 I PhoneLab-LoggerService: Logcat pid from database 1289
07-17 20:19:34.261  1252  1285 I PhoneLab-LoggerService: Logcat process found 1289
07-17 20:19:34.261  1252  1285 I PhoneLab-LoggerService: Checking Threshold
07-17 20:19:34.261  1252  1285 I PhoneLab-: Service Running
07-17 20:19:34.293  1252  1285 I PhoneLab-LoggerService: app_38    1289  1252  1768   1396  c00f181c 400107b4 S logcat
07-17 20:19:34.293  1252  1285 I PhoneLab-LoggerService: Logcat pid from database 1289
07-17 20:19:34.293  1252  1285 I PhoneLab-LoggerService: Logcat process found 1289
07-17 20:19:34.293  1252  1285 I PhoneLab-LoggerService: Checking Threshold
07-17 20:19:34.293  1252  1285 I PhoneLab-: Service Running
07-17 20:19:34.320  1252  1285 I PhoneLab-LoggerService: app_38    1289  1252  1768   1396  c00f181c 400107b4 S logcat
07-17 20:19:34.320  1252  1285 I PhoneLab-LoggerService: Logcat pid from database 1289
07-17 20:19:34.320  1252  1285 I PhoneLab-LoggerService: Logcat process found 1289
07-17 20:19:34.320  1252  1285 I PhoneLab-LoggerService: Checking Threshold
07-17 20:19:34.320  1252  1285 I PhoneLab-: Service Running
07-17 20:19:34.347  1252  1285 I PhoneLab-LoggerService: app_38    1289  1252  1768   1396  c00f181c 400107b4 S logcat
07-17 20:19:34.351  1252  1285 I PhoneLab-LoggerService: Logcat pid from database 1289
07-17 20:19:34.351  1252  1285 I PhoneLab-LoggerService: Logcat process found 1289
07-17 20:19:34.351  1252  1285 I PhoneLab-LoggerService: Checking Threshold
07-17 20:19:34.351  1252  1285 I PhoneLab-: Service Running
07-17 20:19:34.379  1252  1285 I PhoneLab-LoggerService: app_38    1289  1252  1768   1396  c00f181c 400107b4 S logcat
07-17 20:19:34.379  1252  1285 I PhoneLab-LoggerService: Logcat pid from database 1289
07-17 20:19:34.379  1252  1285 I PhoneLab-LoggerService: Logcat process found 1289
07-17 20:19:34.379  1252  1285 I PhoneLab-LoggerService: Checking Threshold
07-17 20:19:34.379  1252  1285 I PhoneLab-: Service Running
07-17 20:19:34.406  1252  1285 I PhoneLab-LoggerService: app_38    1289  1252  1768   1396  c00f181c 400107b4 S logcat
07-17 20:19:34.406  1252  1285 I PhoneLab-LoggerService: Logcat pid from database 1289
07-17 20:19:34.406  1252  1285 I PhoneLab-LoggerService: Logcat process found 1289
07-17 20:19:34.406  1252  1285 I PhoneLab-LoggerService: Checking Threshold
07-17 20:19:34.410  1252  1285 I PhoneLab-: Service Running
07-17 20:19:34.445  1252  1285 I PhoneLab-LoggerService: app_38    1289  1252  1768   1396  c00f181c 400107b4 S logcat
07-17 20:19:34.445  1252  1285 I PhoneLab-LoggerService: Logcat pid from database 1289
07-17 20:19:34.445  1252  1285 I PhoneLab-LoggerService: Logcat process found 1289
07-17 20:19:34.445  1252  1285 I PhoneLab-LoggerService: Checking Threshold
07-17 20:19:34.445  1252  1285 I PhoneLab-: Service Running
07-17 20:19:34.472  1252  1254 D dalvikvm: GC_CONCURRENT freed 391K, 15% free 9483K/11143K, paused 2ms+5ms
07-17 20:19:34.488  1252  1285 I PhoneLab-LoggerService: app_38    1289  1252  1768   1396  c00f181c 400107b4 S logcat
07-17 20:19:34.492  1252  1285 I PhoneLab-LoggerService: Logcat pid from database 1289
07-17 20:19:34.492  1252  1285 I PhoneLab-LoggerService: Logcat process found 1289
07-17 20:19:34.492  1252  1285 I PhoneLab-LoggerService: Checking Threshold
07-17 20:19:34.492  1252  1285 I PhoneLab-: Service Running
07-17 20:19:34.519  1252  1285 I PhoneLab-LoggerService: app_38    1289  1252  1768   1396  c00f181c 400107b4 S logcat
07-17 20:19:34.519  1252  1285 I PhoneLab-LoggerService: Logcat pid from database 1289
07-17 20:19:34.519  1252  1285 I PhoneLab-LoggerService: Logcat process found 1289
07-17 20:19:34.519  1252  1285 I PhoneLab-LoggerService: Checking Threshold
07-17 20:19:34.519  1252  1285 I PhoneLab-: Service Running
07-17 20:19:34.546  1252  1285 I PhoneLab-LoggerService: app_38    1289  1252  1768   1396  c00ab7c8 40010474 D logcat
07-17 20:19:34.550  1252  1285 I PhoneLab-LoggerService: Logcat pid from database 1289
07-17 20:19:34.550  1252  1285 I PhoneLab-LoggerService: Logcat process found 1289
07-17 20:19:34.550  1252  1285 I PhoneLab-LoggerService: Checking Threshold
07-17 20:19:34.550  1252  1285 I PhoneLab-: Service Running
07-17 20:19:34.578  1252  1285 I PhoneLab-LoggerService: app_38    1289  1252  1768   1396  c00ab7c8 40010474 D logcat
07-17 20:19:34.578  1252  1285 I PhoneLab-LoggerService: Logcat pid from database 1289
07-17 20:19:34.578  1252  1285 I PhoneLab-LoggerService: Logcat process found 1289
07-17 20:19:34.578  1252  1285 I PhoneLab-LoggerService: Checking Threshold
07-17 20:19:34.578  1252  1285 I PhoneLab-: Service Running
07-17 20:19:34.605  1252  1285 I PhoneLab-LoggerService: app_38    1289  1252  1768   1396  c00ab7c8 40010474 D logcat
07-17 20:19:34.605  1252  1285 I PhoneLab-LoggerService: Logcat pid from database 1289
07-17 20:19:34.605  1252  1285 I PhoneLab-LoggerService: Logcat process found 1289
07-17 20:19:34.605  1252  1285 I PhoneLab-LoggerService: Checking Threshold
07-17 20:19:34.605  1252  1285 I PhoneLab-: Service Running
07-17 20:19:34.648  1252  1285 I PhoneLab-LoggerService: app_38    1289  1252  1768   1396  c00ab7c8 40010474 D logcat
07-17 20:19:34.652  1252  1285 I PhoneLab-LoggerService: Logcat pid from database 1289
07-17 20:19:34.652  1252  1285 I PhoneLab-LoggerService: Logcat process found 1289
07-17 20:19:34.652  1252  1285 I PhoneLab-LoggerService: Checking Threshold
07-17 20:19:34.652  1252  1285 I PhoneLab-: Service Running
07-17 20:19:35.170   390   392 D dalvikvm: GC_CONCURRENT freed 389K, 11% free 9870K/11079K, paused 3ms+3ms
07-17 20:19:35.213  1252  1285 I PhoneLab-LoggerService: app_38    1289  1252  1768   1396  c00f181c 400107b4 S logcat
07-17 20:19:35.213  1252  1285 I PhoneLab-LoggerService: Logcat pid from database 1289
07-17 20:19:35.213  1252  1285 I PhoneLab-LoggerService: Logcat process found 1289
07-17 20:19:35.213  1252  1285 I PhoneLab-LoggerService: Checking Threshold
07-17 20:19:35.213  1252  1285 I PhoneLab-: Service Running
07-17 20:19:35.260  1252  1285 I PhoneLab-LoggerService: app_38    1289  1252  1768   1396  c00f181c 400107b4 S logcat
07-17 20:19:35.260  1252  1285 I PhoneLab-LoggerService: Logcat pid from database 1289
07-17 20:19:35.260  1252  1285 I PhoneLab-LoggerService: Logcat process found 1289
07-17 20:19:35.260  1252  1285 I PhoneLab-LoggerService: Checking Threshold
07-17 20:19:35.260  1252  1285 I PhoneLab-: Service Running
07-17 20:19:35.287  1252  1254 D dalvikvm: GC_CONCURRENT freed 392K, 15% free 9508K/11143K, paused 1ms+2ms
07-17 20:19:35.306  1252  1285 I PhoneLab-LoggerService: app_38    1289  1252  1768   1396  c00f181c 400107b4 S logcat
07-17 20:19:35.306  1252  1285 I PhoneLab-LoggerService: Logcat pid from database 1289
07-17 20:19:35.306  1252  1285 I PhoneLab-LoggerService: Logcat process found 1289
07-17 20:19:35.306  1252  1285 I PhoneLab-LoggerService: Checking Threshold
07-17 20:19:35.306  1252  1285 I PhoneLab-: Service Running
07-17 20:19:35.338  1252  1285 I PhoneLab-LoggerService: app_38    1289  1252  1768   1396  c00f181c 400107b4 S logcat
07-17 20:19:35.338  1252  1285 I PhoneLab-LoggerService: Logcat pid from database 1289
07-17 20:19:35.338  1252  1285 I PhoneLab-LoggerService: Logcat process found 1289
07-17 20:19:35.338  1252  1285 I PhoneLab-LoggerService: Checking Threshold
07-17 20:19:35.338  1252  1285 I PhoneLab-: Service Running
07-17 20:19:35.365  1252  1285 I PhoneLab-LoggerService: app_38    1289  1252  1768   1396  c00f181c 400107b4 S logcat
07-17 20:19:35.365  1252  1285 I PhoneLab-LoggerService: Logcat pid from database 1289
07-17 20:19:35.365  1252  1285 I PhoneLab-LoggerService: Logcat process found 1289
07-17 20:19:35.365  1252  1285 I PhoneLab-LoggerService: Checking Threshold
07-17 20:19:35.365  1252  1285 I PhoneLab-: Service Running
07-17 20:19:35.392  1252  1285 I PhoneLab-LoggerService: app_38    1289  1252  1768   1396  c00f181c 400107b4 S logcat
07-17 20:19:35.396  1252  1285 I PhoneLab-LoggerService: Logcat pid from database 1289
07-17 20:19:35.396  1252  1285 I PhoneLab-LoggerService: Logcat process found 1289
07-17 20:19:35.396  1252  1285 I PhoneLab-LoggerService: Checking Threshold
07-17 20:19:35.396  1252  1285 I PhoneLab-: Service Running
07-17 20:19:35.424  1252  1285 I PhoneLab-LoggerService: app_38    1289  1252  1768   1396  c00f181c 400107b4 S logcat
07-17 20:19:35.424  1252  1285 I PhoneLab-LoggerService: Logcat pid from database 1289
07-17 20:19:35.424  1252  1285 I PhoneLab-LoggerService: Logcat process found 1289
07-17 20:19:35.424  1252  1285 I PhoneLab-LoggerService: Checking Threshold
07-17 20:19:35.424  1252  1285 I PhoneLab-: Service Running
07-17 20:19:35.451  1252  1285 I PhoneLab-LoggerService: app_38    1289  1252  1768   1396  c00f181c 400107b4 S logcat
07-17 20:19:35.451  1252  1285 I PhoneLab-LoggerService: Logcat pid from database 1289
07-17 20:19:35.455  1252  1285 I PhoneLab-LoggerService: Logcat process found 1289
07-17 20:19:35.455  1252  1285 I PhoneLab-LoggerService: Checking Threshold
07-17 20:19:35.455  1252  1285 I PhoneLab-: Service Running
07-17 20:19:35.482  1252  1285 I PhoneLab-LoggerService: app_38    1289  1252  1768   1396  c00f181c 400107b4 S logcat
07-17 20:19:35.482  1252  1285 I PhoneLab-LoggerService: Logcat pid from database 1289
07-17 20:19:35.482  1252  1285 I PhoneLab-LoggerService: Logcat process found 1289
07-17 20:19:35.482  1252  1285 I PhoneLab-LoggerService: Checking Threshold
07-17 20:19:35.482  1252  1285 I PhoneLab-: Service Running
07-17 20:19:35.510  1252  1285 I PhoneLab-LoggerService: app_38    1289  1252  1768   1396  c00f181c 400107b4 S logcat
07-17 20:19:35.510  1252  1285 I PhoneLab-LoggerService: Logcat pid from database 1289
07-17 20:19:35.510  1252  1285 I PhoneLab-LoggerService: Logcat process found 1289
07-17 20:19:35.510  1252  1285 I PhoneLab-LoggerService: Checking Threshold
07-17 20:19:35.514  1252  1285 I PhoneLab-: Service Running
07-17 20:19:35.553  1252  1254 D dalvikvm: GC_CONCURRENT freed 416K, 15% free 9495K/11143K, paused 2ms+5ms
07-17 20:19:35.556  1252  1285 I PhoneLab-LoggerService: app_38    1289  1252  1768   1396  c00f181c 400107b4 S logcat
07-17 20:19:35.556  1252  1285 I PhoneLab-LoggerService: Logcat pid from database 1289
07-17 20:19:35.556  1252  1285 I PhoneLab-LoggerService: Logcat process found 1289
07-17 20:19:35.560  1252  1285 I PhoneLab-LoggerService: Checking Threshold
07-17 20:19:35.560  1252  1285 I PhoneLab-: Service Running
07-17 20:19:35.592  1252  1285 I PhoneLab-LoggerService: app_38    1289  1252  1768   1396  c00f181c 400107b4 S logcat
07-17 20:19:35.592  1252  1285 I PhoneLab-LoggerService: Logcat pid from database 1289
07-17 20:19:35.592  1252  1285 I PhoneLab-LoggerService: Logcat process found 1289
07-17 20:19:35.592  1252  1285 I PhoneLab-LoggerService: Checking Threshold
07-17 20:19:35.592  1252  1285 I PhoneLab-: Service Running
07-17 20:19:35.623  1252  1285 I PhoneLab-LoggerService: app_38    1289  1252  1768   1396  c00f181c 400107b4 S logcat
07-17 20:19:35.623  1252  1285 I PhoneLab-LoggerService: Logcat pid from database 1289
07-17 20:19:35.623  1252  1285 I PhoneLab-LoggerService: Logcat process found 1289
07-17 20:19:35.623  1252  1285 I PhoneLab-LoggerService: Checking Threshold
07-17 20:19:35.623  1252  1285 I PhoneLab-: Service Running
07-17 20:19:35.650  1252  1285 I PhoneLab-LoggerService: app_38    1289  1252  1768   1396  c00f181c 400107b4 S logcat
07-17 20:19:35.650  1252  1285 I PhoneLab-LoggerService: Logcat pid from database 1289
07-17 20:19:35.650  1252  1285 I PhoneLab-LoggerService: Logcat process found 1289
07-17 20:19:35.650  1252  1285 I PhoneLab-LoggerService: Checking Threshold
07-17 20:19:35.650  1252  1285 I PhoneLab-: Service Running
07-17 20:19:35.681  1252  1285 I PhoneLab-LoggerService: app_38    1289  1252  1768   1396  c00f181c 400107b4 S logcat
07-17 20:19:35.681  1252  1285 I PhoneLab-LoggerService: Logcat pid from database 1289
07-17 20:19:35.681  1252  1285 I PhoneLab-LoggerService: Logcat process found 1289
07-17 20:19:35.681  1252  1285 I PhoneLab-LoggerService: Checking Threshold
07-17 20:19:35.681  1252  1285 I PhoneLab-: Service Running
07-17 20:19:35.709  1252  1285 I PhoneLab-LoggerService: app_38    1289  1252  1768   1396  c00f181c 400107b4 S logcat
07-17 20:19:35.709  1252  1285 I PhoneLab-LoggerService: Logcat pid from database 1289
07-17 20:19:35.709  1252  1285 I PhoneLab-LoggerService: Logcat process found 1289
07-17 20:19:35.709  1252  1285 I PhoneLab-LoggerService: Checking Threshold
07-17 20:19:35.709  1252  1285 I PhoneLab-: Service Running
07-17 20:19:35.736  1252  1285 I PhoneLab-LoggerService: app_38    1289  1252  1768   1396  c00f181c 400107b4 S logcat
07-17 20:19:35.740  1252  1285 I PhoneLab-LoggerService: Logcat pid from database 1289
07-17 20:19:35.740  1252  1285 I PhoneLab-LoggerService: Logcat process found 1289
07-17 20:19:35.740  1252  1285 I PhoneLab-LoggerService: Checking Threshold
07-17 20:19:35.740  1252  1285 I PhoneLab-: Service Running
07-17 20:19:35.767  1252  1285 I PhoneLab-LoggerService: app_38    1289  1252  1768   1396  c00f181c 400107b4 S logcat
07-17 20:19:35.767  1252  1285 I PhoneLab-LoggerService: Logcat pid from database 1289
07-17 20:19:35.767  1252  1285 I PhoneLab-LoggerService: Logcat process found 1289
07-17 20:19:35.767  1252  1285 I PhoneLab-LoggerService: Checking Threshold
07-17 20:19:35.767  1252  1285 I PhoneLab-: Service Running
07-17 20:19:35.806  1252  1285 I PhoneLab-LoggerService: app_38    1289  1252  1768   1396  c00f181c 400107b4 S logcat
07-17 20:19:35.806  1252  1285 I PhoneLab-LoggerService: Logcat pid from database 1289
07-17 20:19:35.806  1252  1285 I PhoneLab-LoggerService: Logcat process found 1289
07-17 20:19:35.806  1252  1285 I PhoneLab-LoggerService: Checking Threshold
07-17 20:19:35.806  1252  1285 I PhoneLab-: Service Running
07-17 20:19:35.826  1252  1254 D dalvikvm: GC_CONCURRENT freed 415K, 15% free 9484K/11143K, paused 1ms+2ms
07-17 20:19:35.849  1252  1285 I PhoneLab-LoggerService: app_38    1289  1252  1768   1396  c00f181c 400107b4 S logcat
07-17 20:19:35.853  1252  1285 I PhoneLab-LoggerService: Logcat pid from database 1289
07-17 20:19:35.853  1252  1285 I PhoneLab-LoggerService: Logcat process found 1289
07-17 20:19:35.853  1252  1285 I PhoneLab-LoggerService: Checking Threshold
07-17 20:19:35.853  1252  1285 I PhoneLab-: Service Running
07-17 20:19:35.881  1252  1285 I PhoneLab-LoggerService: app_38    1289  1252  1768   1396  c00f181c 400107b4 S logcat
07-17 20:19:35.881  1252  1285 I PhoneLab-LoggerService: Logcat pid from database 1289
07-17 20:19:35.881  1252  1285 I PhoneLab-LoggerService: Logcat process found 1289
07-17 20:19:35.881  1252  1285 I PhoneLab-LoggerService: Checking Threshold
07-17 20:19:35.881  1252  1285 I PhoneLab-: Service Running
07-17 20:19:35.908  1252  1285 I PhoneLab-LoggerService: app_38    1289  1252  1768   1396  c00f181c 400107b4 S logcat
07-17 20:19:35.912  1252  1285 I PhoneLab-LoggerService: Logcat pid from database 1289
07-17 20:19:35.912  1252  1285 I PhoneLab-LoggerService: Logcat process found 1289
07-17 20:19:35.912  1252  1285 I PhoneLab-LoggerService: Checking Threshold
07-17 20:19:35.912  1252  1285 I PhoneLab-: Service Running
07-17 20:19:35.939  1252  1285 I PhoneLab-LoggerService: app_38    1289  1252  1768   1396  c00f181c 400107b4 S logcat
07-17 20:19:35.939  1252  1285 I PhoneLab-LoggerService: Logcat pid from database 1289
07-17 20:19:35.939  1252  1285 I PhoneLab-LoggerService: Logcat process found 1289
07-17 20:19:35.939  1252  1285 I PhoneLab-LoggerService: Checking Threshold
07-17 20:19:35.939  1252  1285 I PhoneLab-: Service Running
07-17 20:19:35.967  1252  1285 I PhoneLab-LoggerService: app_38    1289  1252  1768   1396  c00f181c 400107b4 S logcat
07-17 20:19:35.971  1252  1285 I PhoneLab-LoggerService: Logcat pid from database 1289
07-17 20:19:35.971  1252  1285 I PhoneLab-LoggerService: Logcat process found 1289
07-17 20:19:35.971  1252  1285 I PhoneLab-LoggerService: Checking Threshold
07-17 20:19:35.971  1252  1285 I PhoneLab-: Service Running
07-17 20:19:35.998  1252  1285 I PhoneLab-LoggerService: app_38    1289  1252  1768   1396  c00f181c 400107b4 S logcat
07-17 20:19:35.998  1252  1285 I PhoneLab-LoggerService: Logcat pid from database 1289
07-17 20:19:35.998  1252  1285 I PhoneLab-LoggerService: Logcat process found 1289
07-17 20:19:35.998  1252  1285 I PhoneLab-LoggerService: Checking Threshold
07-17 20:19:35.998  1252  1285 I PhoneLab-: Service Running
07-17 20:19:36.025  1252  1285 I PhoneLab-LoggerService: app_38    1289  1252  1768   1396  c00f181c 400107b4 S logcat
07-17 20:19:36.025  1252  1285 I PhoneLab-LoggerService: Logcat pid from database 1289
07-17 20:19:36.025  1252  1285 I PhoneLab-LoggerService: Logcat process found 1289
07-17 20:19:36.025  1252  1285 I PhoneLab-LoggerService: Checking Threshold
07-17 20:19:36.029  1252  1285 I PhoneLab-: Service Running
07-17 20:19:36.072  1252  1285 I PhoneLab-LoggerService: app_38    1289  1252  1768   1396  c00f181c 400107b4 S logcat
07-17 20:19:36.072  1252  1285 I PhoneLab-LoggerService: Logcat pid from database 1289
07-17 20:19:36.072  1252  1285 I PhoneLab-LoggerService: Logcat process found 1289
07-17 20:19:36.072  1252  1285 I PhoneLab-LoggerService: Checking Threshold
07-17 20:19:36.072  1252  1285 I PhoneLab-: Service Running
07-17 20:19:36.099  1252  1254 D dalvikvm: GC_CONCURRENT freed 393K, 15% free 9483K/11143K, paused 1ms+2ms
07-17 20:19:36.119  1252  1285 I PhoneLab-LoggerService: app_38    1289  1252  1768   1396  c00f181c 400107b4 S logcat
07-17 20:19:36.119  1252  1285 I PhoneLab-LoggerService: Logcat pid from database 1289
07-17 20:19:36.119  1252  1285 I PhoneLab-LoggerService: Logcat process found 1289
07-17 20:19:36.119  1252  1285 I PhoneLab-LoggerService: Checking Threshold
07-17 20:19:36.119  1252  1285 I PhoneLab-: Service Running
07-17 20:19:36.150  1252  1285 I PhoneLab-LoggerService: app_38    1289  1252  1768   1396  c00f181c 400107b4 S logcat
07-17 20:19:36.150  1252  1285 I PhoneLab-LoggerService: Logcat pid from database 1289
07-17 20:19:36.150  1252  1285 I PhoneLab-LoggerService: Logcat process found 1289
07-17 20:19:36.150  1252  1285 I PhoneLab-LoggerService: Checking Threshold
07-17 20:19:36.150  1252  1285 I PhoneLab-: Service Running
07-17 20:19:36.178  1252  1285 I PhoneLab-LoggerService: app_38    1289  1252  1768   1396  c00f181c 400107b4 S logcat
07-17 20:19:36.178  1252  1285 I PhoneLab-LoggerService: Logcat pid from database 1289
07-17 20:19:36.178  1252  1285 I PhoneLab-LoggerService: Logcat process found 1289
07-17 20:19:36.178  1252  1285 I PhoneLab-LoggerService: Checking Threshold
07-17 20:19:36.178  1252  1285 I PhoneLab-: Service Running
07-17 20:19:36.205  1252  1285 I PhoneLab-LoggerService: app_38    1289  1252  1768   1396  c00f181c 400107b4 S logcat
07-17 20:19:36.209  1252  1285 I PhoneLab-LoggerService: Logcat pid from database 1289
07-17 20:19:36.209  1252  1285 I PhoneLab-LoggerService: Logcat process found 1289
07-17 20:19:36.209  1252  1285 I PhoneLab-LoggerService: Checking Threshold
07-17 20:19:36.209  1252  1285 I PhoneLab-: Service Running
07-17 20:19:36.236  1252  1285 I PhoneLab-LoggerService: app_38    1289  1252  1768   1396  c00f181c 400107b4 S logcat
07-17 20:19:36.236  1252  1285 I PhoneLab-LoggerService: Logcat pid from database 1289
07-17 20:19:36.236  1252  1285 I PhoneLab-LoggerService: Logcat process found 1289
07-17 20:19:36.236  1252  1285 I PhoneLab-LoggerService: Checking Threshold
07-17 20:19:36.236  1252  1285 I PhoneLab-: Service Running
07-17 20:19:36.267  1252  1285 I PhoneLab-LoggerService: app_38    1289  1252  1768   1396  c00f181c 400107b4 S logcat
07-17 20:19:36.267  1252  1285 I PhoneLab-LoggerService: Logcat pid from database 1289
07-17 20:19:36.267  1252  1285 I PhoneLab-LoggerService: Logcat process found 1289
07-17 20:19:36.267  1252  1285 I PhoneLab-LoggerService: Checking Threshold
07-17 20:19:36.267  1252  1285 I PhoneLab-: Service Running
07-17 20:19:36.295  1252  1285 I PhoneLab-LoggerService: app_38    1289  1252  1768   1396  c00f181c 400107b4 S logcat
07-17 20:19:36.295  1252  1285 I PhoneLab-LoggerService: Logcat pid from database 1289
07-17 20:19:36.295  1252  1285 I PhoneLab-LoggerService: Logcat process found 1289
07-17 20:19:36.295  1252  1285 I PhoneLab-LoggerService: Checking Threshold
07-17 20:19:36.295  1252  1285 I PhoneLab-: Service Running
07-17 20:19:36.334  1252  1285 I PhoneLab-LoggerService: app_38    1289  1252  1768   1396  c00f181c 400107b4 S logcat
07-17 20:19:36.334  1252  1285 I PhoneLab-LoggerService: Logcat pid from database 1289
07-17 20:19:36.334  1252  1285 I PhoneLab-LoggerService: Logcat process found 1289
07-17 20:19:36.334  1252  1285 I PhoneLab-LoggerService: Checking Threshold
07-17 20:19:36.334  1252  1285 I PhoneLab-: Service Running
07-17 20:19:36.361  1252  1254 D dalvikvm: GC_CONCURRENT freed 392K, 15% free 9508K/11143K, paused 2ms+5ms
07-17 20:19:36.377  1252  1285 I PhoneLab-LoggerService: app_38    1289  1252  1768   1396  c00f181c 400107b4 S logcat
07-17 20:19:36.381  1252  1285 I PhoneLab-LoggerService: Logcat pid from database 1289
07-17 20:19:36.381  1252  1285 I PhoneLab-LoggerService: Logcat process found 1289
07-17 20:19:36.381  1252  1285 I PhoneLab-LoggerService: Checking Threshold
07-17 20:19:36.381  1252  1285 I PhoneLab-: Service Running
07-17 20:19:36.408  1252  1285 I PhoneLab-LoggerService: app_38    1289  1252  1768   1396  c00f181c 400107b4 S logcat
07-17 20:19:36.408  1252  1285 I PhoneLab-LoggerService: Logcat pid from database 1289
07-17 20:19:36.408  1252  1285 I PhoneLab-LoggerService: Logcat process found 1289
07-17 20:19:36.408  1252  1285 I PhoneLab-LoggerService: Checking Threshold
07-17 20:19:36.408  1252  1285 I PhoneLab-: Service Running
07-17 20:19:36.435  1252  1285 I PhoneLab-LoggerService: app_38    1289  1252  1768   1396  c00f181c 400107b4 S logcat
07-17 20:19:36.439  1252  1285 I PhoneLab-LoggerService: Logcat pid from database 1289
07-17 20:19:36.439  1252  1285 I PhoneLab-LoggerService: Logcat process found 1289
07-17 20:19:36.439  1252  1285 I PhoneLab-LoggerService: Checking Threshold
07-17 20:19:36.439  1252  1285 I PhoneLab-: Service Running
07-17 20:19:36.467  1252  1285 I PhoneLab-LoggerService: app_38    1289  1252  1768   1396  c00f181c 400107b4 S logcat
07-17 20:19:36.467  1252  1285 I PhoneLab-LoggerService: Logcat pid from database 1289
07-17 20:19:36.467  1252  1285 I PhoneLab-LoggerService: Logcat process found 1289
07-17 20:19:36.467  1252  1285 I PhoneLab-LoggerService: Checking Threshold
07-17 20:19:36.467  1252  1285 I PhoneLab-: Service Running
07-17 20:19:36.494  1252  1285 I PhoneLab-LoggerService: app_38    1289  1252  1768   1396  c00f181c 400107b4 S logcat
07-17 20:19:36.498  1252  1285 I PhoneLab-LoggerService: Logcat pid from database 1289
07-17 20:19:36.498  1252  1285 I PhoneLab-LoggerService: Logcat process found 1289
07-17 20:19:36.498  1252  1285 I PhoneLab-LoggerService: Checking Threshold
07-17 20:19:36.498  1252  1285 I PhoneLab-: Service Running
07-17 20:19:36.525  1252  1285 I PhoneLab-LoggerService: app_38    1289  1252  1768   1396  c00f181c 400107b4 S logcat
