07-29 09:01:47.996  1252  1285 I PhoneLab-LoggerService: Logcat pid from database 1289
07-29 09:01:48.000  1252  1285 I PhoneLab-LoggerService: Logcat process found 1289
07-29 09:01:48.000  1252  1285 I PhoneLab-LoggerService: Checking Threshold
07-29 09:01:48.000  1252  1285 I PhoneLab-LoggerService: Starting to rename files
07-29 09:01:48.000  1252  1285 I PhoneLab-LoggerService: Files found .. 8
07-29 09:01:48.000  1252  1285 I PhoneLab-: Service Running
07-29 09:01:48.027  1252  1285 I PhoneLab-LoggerService: app_38    1289  1252  1768   1396  c00f181c 400107b4 S logcat
07-29 09:01:48.031  1252  1285 I PhoneLab-LoggerService: Logcat pid from database 1289
07-29 09:01:48.031  1252  1285 I PhoneLab-LoggerService: Logcat process found 1289
07-29 09:01:48.031  1252  1285 I PhoneLab-LoggerService: Checking Threshold
07-29 09:01:48.031  1252  1285 I PhoneLab-LoggerService: Starting to rename files
07-29 09:01:48.031  1252  1285 I PhoneLab-LoggerService: Files found .. 8
07-29 09:01:48.031  1252  1285 I PhoneLab-: Service Running
07-29 09:01:48.062  1252  1285 I PhoneLab-LoggerService: app_38    1289  1252  1768   1396  c00f181c 400107b4 S logcat
07-29 09:01:48.062  1252  1285 I PhoneLab-LoggerService: Logcat pid from database 1289
07-29 09:01:48.062  1252  1285 I PhoneLab-LoggerService: Logcat process found 1289
07-29 09:01:48.062  1252  1285 I PhoneLab-LoggerService: Checking Threshold
07-29 09:01:48.062  1252  1285 I PhoneLab-LoggerService: Starting to rename files
07-29 09:01:48.062  1252  1285 I PhoneLab-LoggerService: Files found .. 8
07-29 09:01:48.066  1252  1285 I PhoneLab-: Service Running
07-29 09:01:48.093  1252  1285 I PhoneLab-LoggerService: app_38    1289  1252  1768   1396  c00f181c 400107b4 S logcat
07-29 09:01:48.093  1252  1285 I PhoneLab-LoggerService: Logcat pid from database 1289
07-29 09:01:48.093  1252  1285 I PhoneLab-LoggerService: Logcat process found 1289
07-29 09:01:48.093  1252  1285 I PhoneLab-LoggerService: Checking Threshold
07-29 09:01:48.093  1252  1285 I PhoneLab-LoggerService: Starting to rename files
07-29 09:01:48.093  1252  1285 I PhoneLab-LoggerService: Files found .. 8
07-29 09:01:48.097  1252  1285 I PhoneLab-: Service Running
07-29 09:01:48.125  1252  1285 I PhoneLab-LoggerService: app_38    1289  1252  1768   1396  c00f181c 400107b4 S logcat
07-29 09:01:48.125  1252  1285 I PhoneLab-LoggerService: Logcat pid from database 1289
07-29 09:01:48.125  1252  1285 I PhoneLab-LoggerService: Logcat process found 1289
07-29 09:01:48.125  1252  1285 I PhoneLab-LoggerService: Checking Threshold
07-29 09:01:48.125  1252  1285 I PhoneLab-LoggerService: Starting to rename files
07-29 09:01:48.125  1252  1285 I PhoneLab-LoggerService: Files found .. 8
07-29 09:01:48.129  1252  1285 I PhoneLab-: Service Running
07-29 09:01:48.171  1252  1254 D dalvikvm: GC_CONCURRENT freed 411K, 15% free 9553K/11143K, paused 2ms+2ms
07-29 09:01:48.175  1252  1285 I PhoneLab-LoggerService: app_38    1289  1252  1768   1396  c00f181c 400107b4 S logcat
07-29 09:01:48.175  1252  1285 I PhoneLab-LoggerService: Logcat pid from database 1289
07-29 09:01:48.175  1252  1285 I PhoneLab-LoggerService: Logcat process found 1289
07-29 09:01:48.175  1252  1285 I PhoneLab-LoggerService: Checking Threshold
07-29 09:01:48.175  1252  1285 I PhoneLab-LoggerService: Starting to rename files
07-29 09:01:48.175  1252  1285 I PhoneLab-LoggerService: Files found .. 8
07-29 09:01:48.179  1252  1285 I PhoneLab-: Service Running
07-29 09:01:48.214  1252  1285 I PhoneLab-LoggerService: app_38    1289  1252  1768   1396  c00f181c 400107b4 S logcat
07-29 09:01:48.214  1252  1285 I PhoneLab-LoggerService: Logcat pid from database 1289
07-29 09:01:48.214  1252  1285 I PhoneLab-LoggerService: Logcat process found 1289
07-29 09:01:48.214  1252  1285 I PhoneLab-LoggerService: Checking Threshold
07-29 09:01:48.214  1252  1285 I PhoneLab-LoggerService: Starting to rename files
07-29 09:01:48.214  1252  1285 I PhoneLab-LoggerService: Files found .. 8
07-29 09:01:48.218  1252  1285 I PhoneLab-: Service Running
07-29 09:01:48.246  1252  1285 I PhoneLab-LoggerService: app_38    1289  1252  1768   1396  c00f181c 400107b4 S logcat
07-29 09:01:48.246  1252  1285 I PhoneLab-LoggerService: Logcat pid from database 1289
07-29 09:01:48.246  1252  1285 I PhoneLab-LoggerService: Logcat process found 1289
07-29 09:01:48.246  1252  1285 I PhoneLab-LoggerService: Checking Threshold
07-29 09:01:48.246  1252  1285 I PhoneLab-LoggerService: Starting to rename files
07-29 09:01:48.246  1252  1285 I PhoneLab-LoggerService: Files found .. 8
07-29 09:01:48.250  1252  1285 I PhoneLab-: Service Running
07-29 09:01:48.277  1252  1285 I PhoneLab-LoggerService: app_38    1289  1252  1768   1396  c00f181c 400107b4 S logcat
07-29 09:01:48.277  1252  1285 I PhoneLab-LoggerService: Logcat pid from database 1289
07-29 09:01:48.277  1252  1285 I PhoneLab-LoggerService: Logcat process found 1289
07-29 09:01:48.277  1252  1285 I PhoneLab-LoggerService: Checking Threshold
07-29 09:01:48.277  1252  1285 I PhoneLab-LoggerService: Starting to rename files
07-29 09:01:48.277  1252  1285 I PhoneLab-LoggerService: Files found .. 8
07-29 09:01:48.281  1252  1285 I PhoneLab-: Service Running
07-29 09:01:48.308  1252  1285 I PhoneLab-LoggerService: app_38    1289  1252  1768   1396  c00f181c 400107b4 S logcat
07-29 09:01:48.308  1252  1285 I PhoneLab-LoggerService: Logcat pid from database 1289
07-29 09:01:48.308  1252  1285 I PhoneLab-LoggerService: Logcat process found 1289
07-29 09:01:48.308  1252  1285 I PhoneLab-LoggerService: Checking Threshold
07-29 09:01:48.308  1252  1285 I PhoneLab-LoggerService: Starting to rename files
07-29 09:01:48.308  1252  1285 I PhoneLab-LoggerService: Files found .. 8
07-29 09:01:48.312  1252  1285 I PhoneLab-: Service Running
07-29 09:01:48.339  1252  1285 I PhoneLab-LoggerService: app_38    1289  1252  1768   1396  c00f181c 400107b4 S logcat
07-29 09:01:48.339  1252  1285 I PhoneLab-LoggerService: Logcat pid from database 1289
07-29 09:01:48.339  1252  1285 I PhoneLab-LoggerService: Logcat process found 1289
07-29 09:01:48.339  1252  1285 I PhoneLab-LoggerService: Checking Threshold
07-29 09:01:48.339  1252  1285 I PhoneLab-LoggerService: Starting to rename files
07-29 09:01:48.339  1252  1285 I PhoneLab-LoggerService: Files found .. 8
07-29 09:01:48.343  1252  1285 I PhoneLab-: Service Running
07-29 09:01:48.371  1252  1285 I PhoneLab-LoggerService: app_38    1289  1252  1768   1396  c00f181c 400107b4 S logcat
07-29 09:01:48.371  1252  1285 I PhoneLab-LoggerService: Logcat pid from database 1289
07-29 09:01:48.371  1252  1285 I PhoneLab-LoggerService: Logcat process found 1289
07-29 09:01:48.371  1252  1285 I PhoneLab-LoggerService: Checking Threshold
07-29 09:01:48.371  1252  1285 I PhoneLab-LoggerService: Starting to rename files
07-29 09:01:48.375  1252  1285 I PhoneLab-LoggerService: Files found .. 8
07-29 09:01:48.375  1252  1285 I PhoneLab-: Service Running
07-29 09:01:48.418  1252  1254 D dalvikvm: GC_CONCURRENT freed 411K, 15% free 9553K/11143K, paused 2ms+5ms
07-29 09:01:48.421  1252  1285 I PhoneLab-LoggerService: app_38    1289  1252  1768   1396  c00f181c 400107b4 S logcat
07-29 09:01:48.421  1252  1285 I PhoneLab-LoggerService: Logcat pid from database 1289
07-29 09:01:48.421  1252  1285 I PhoneLab-LoggerService: Logcat process found 1289
07-29 09:01:48.421  1252  1285 I PhoneLab-LoggerService: Checking Threshold
07-29 09:01:48.421  1252  1285 I PhoneLab-LoggerService: Starting to rename files
07-29 09:01:48.425  1252  1285 I PhoneLab-LoggerService: Files found .. 8
07-29 09:01:48.425  1252  1285 I PhoneLab-: Service Running
07-29 09:02:45.062  1252  1285 I PhoneLab-LoggerService: app_38    1289  1252  1768   1396  c00f181c 400107b4 S logcat
07-29 09:02:45.062  1252  1285 I PhoneLab-LoggerService: Logcat pid from database 1289
07-29 09:02:45.062  1252  1285 I PhoneLab-LoggerService: Logcat process found 1289
07-29 09:02:45.062  1252  1285 I PhoneLab-LoggerService: Checking Threshold
07-29 09:02:45.062  1252  1285 I PhoneLab-LoggerService: Starting to rename files
07-29 09:02:45.062  1252  1285 I PhoneLab-LoggerService: Files found .. 8
07-29 09:02:45.066  1252  1285 I PhoneLab-: Service Running
07-29 09:02:45.097  1252  1285 I PhoneLab-LoggerService: app_38    1289  1252  1768   1396  c00f181c 400107b4 S logcat
07-29 09:02:45.097  1252  1285 I PhoneLab-LoggerService: Logcat pid from database 1289
07-29 09:02:45.097  1252  1285 I PhoneLab-LoggerService: Logcat process found 1289
07-29 09:02:45.097  1252  1285 I PhoneLab-LoggerService: Checking Threshold
07-29 09:02:45.097  1252  1285 I PhoneLab-LoggerService: Starting to rename files
07-29 09:02:45.097  1252  1285 I PhoneLab-LoggerService: Files found .. 8
07-29 09:02:45.101  1252  1285 I PhoneLab-: Service Running
07-29 09:02:45.129  1252  1285 I PhoneLab-LoggerService: app_38    1289  1252  1768   1396  c00f181c 400107b4 S logcat
07-29 09:02:45.129  1252  1285 I PhoneLab-LoggerService: Logcat pid from database 1289
07-29 09:02:45.129  1252  1285 I PhoneLab-LoggerService: Logcat process found 1289
07-29 09:02:45.129  1252  1285 I PhoneLab-LoggerService: Checking Threshold
07-29 09:02:45.129  1252  1285 I PhoneLab-LoggerService: Starting to rename files
07-29 09:02:45.129  1252  1285 I PhoneLab-LoggerService: Files found .. 8
07-29 09:02:45.132  1252  1285 I PhoneLab-: Service Running
07-29 09:02:45.160  1252  1285 I PhoneLab-LoggerService: app_38    1289  1252  1768   1396  c00f181c 400107b4 S logcat
07-29 09:02:45.160  1252  1285 I PhoneLab-LoggerService: Logcat pid from database 1289
07-29 09:02:45.160  1252  1285 I PhoneLab-LoggerService: Logcat process found 1289
07-29 09:02:45.160  1252  1285 I PhoneLab-LoggerService: Checking Threshold
07-29 09:02:45.164  1252  1285 I PhoneLab-LoggerService: Starting to rename files
07-29 09:02:45.164  1252  1285 I PhoneLab-LoggerService: Files found .. 8
07-29 09:02:45.164  1252  1285 I PhoneLab-: Service Running
07-29 09:02:45.195  1252  1285 I PhoneLab-LoggerService: app_38    1289  1252  1768   1396  c00f181c 400107b4 S logcat
07-29 09:02:45.195  1252  1285 I PhoneLab-LoggerService: Logcat pid from database 1289
07-29 09:02:45.195  1252  1285 I PhoneLab-LoggerService: Logcat process found 1289
07-29 09:02:45.195  1252  1285 I PhoneLab-LoggerService: Checking Threshold
07-29 09:02:45.195  1252  1285 I PhoneLab-LoggerService: Starting to rename files
07-29 09:02:45.195  1252  1285 I PhoneLab-LoggerService: Files found .. 8
07-29 09:02:45.195  1252  1285 I PhoneLab-: Service Running
07-29 09:02:45.226  1252  1285 I PhoneLab-LoggerService: app_38    1289  1252  1768   1396  c00f181c 400107b4 S logcat
07-29 09:02:45.226  1252  1285 I PhoneLab-LoggerService: Logcat pid from database 1289
07-29 09:02:45.226  1252  1285 I PhoneLab-LoggerService: Logcat process found 1289
07-29 09:02:45.226  1252  1285 I PhoneLab-LoggerService: Checking Threshold
07-29 09:02:45.226  1252  1285 I PhoneLab-LoggerService: Starting to rename files
07-29 09:02:45.226  1252  1285 I PhoneLab-LoggerService: Files found .. 8
07-29 09:02:45.230  1252  1285 I PhoneLab-: Service Running
07-29 09:02:45.273  1252  1254 D dalvikvm: GC_CONCURRENT freed 422K, 15% free 9542K/11143K, paused 1ms+2ms
07-29 09:02:45.277  1252  1285 I PhoneLab-LoggerService: app_38    1289  1252  1768   1396  c00f181c 400107b4 S logcat
07-29 09:02:45.277  1252  1285 I PhoneLab-LoggerService: Logcat pid from database 1289
07-29 09:02:45.277  1252  1285 I PhoneLab-LoggerService: Logcat process found 1289
07-29 09:02:45.277  1252  1285 I PhoneLab-LoggerService: Checking Threshold
07-29 09:02:45.277  1252  1285 I PhoneLab-LoggerService: Starting to rename files
07-29 09:02:45.277  1252  1285 I PhoneLab-LoggerService: Files found .. 8
07-29 09:02:45.277  1252  1285 I PhoneLab-: Service Running
07-29 09:02:45.312  1252  1285 I PhoneLab-LoggerService: app_38    1289  1252  1768   1396  c00f181c 400107b4 S logcat
07-29 09:02:45.312  1252  1285 I PhoneLab-LoggerService: Logcat pid from database 1289
07-29 09:02:45.312  1252  1285 I PhoneLab-LoggerService: Logcat process found 1289
07-29 09:02:45.312  1252  1285 I PhoneLab-LoggerService: Checking Threshold
07-29 09:02:45.316  1252  1285 I PhoneLab-LoggerService: Starting to rename files
07-29 09:02:45.316  1252  1285 I PhoneLab-LoggerService: Files found .. 8
07-29 09:02:45.316  1252  1285 I PhoneLab-: Service Running
07-29 09:02:45.343  1252  1285 I PhoneLab-LoggerService: app_38    1289  1252  1768   1396  c00f181c 400107b4 S logcat
07-29 09:02:45.347  1252  1285 I PhoneLab-LoggerService: Logcat pid from database 1289
07-29 09:02:45.347  1252  1285 I PhoneLab-LoggerService: Logcat process found 1289
07-29 09:02:45.347  1252  1285 I PhoneLab-LoggerService: Checking Threshold
07-29 09:02:45.347  1252  1285 I PhoneLab-LoggerService: Starting to rename files
07-29 09:02:45.347  1252  1285 I PhoneLab-LoggerService: Files found .. 8
07-29 09:02:45.347  1252  1285 I PhoneLab-: Service Running
07-29 09:02:45.379  1252  1285 I PhoneLab-LoggerService: app_38    1289  1252  1768   1396  c00f181c 400107b4 S logcat
07-29 09:02:45.379  1252  1285 I PhoneLab-LoggerService: Logcat pid from database 1289
07-29 09:02:45.379  1252  1285 I PhoneLab-LoggerService: Logcat process found 1289
07-29 09:02:45.379  1252  1285 I PhoneLab-LoggerService: Checking Threshold
07-29 09:02:45.379  1252  1285 I PhoneLab-LoggerService: Starting to rename files
07-29 09:02:45.379  1252  1285 I PhoneLab-LoggerService: Files found .. 8
07-29 09:02:45.379  1252  1285 I PhoneLab-: Service Running
07-29 09:02:45.410  1252  1285 I PhoneLab-LoggerService: app_38    1289  1252  1768   1396  c00f181c 400107b4 S logcat
07-29 09:02:45.410  1252  1285 I PhoneLab-LoggerService: Logcat pid from database 1289
07-29 09:02:45.410  1252  1285 I PhoneLab-LoggerService: Logcat process found 1289
07-29 09:02:45.410  1252  1285 I PhoneLab-LoggerService: Checking Threshold
07-29 09:02:45.410  1252  1285 I PhoneLab-LoggerService: Starting to rename files
07-29 09:02:45.410  1252  1285 I PhoneLab-LoggerService: Files found .. 8
07-29 09:02:45.414  1252  1285 I PhoneLab-: Service Running
07-29 09:02:45.441  1252  1285 I PhoneLab-LoggerService: app_38    1289  1252  1768   1396  c00f181c 400107b4 S logcat
07-29 09:02:45.441  1252  1285 I PhoneLab-LoggerService: Logcat pid from database 1289
07-29 09:02:45.441  1252  1285 I PhoneLab-LoggerService: Logcat process found 1289
07-29 09:02:45.441  1252  1285 I PhoneLab-LoggerService: Checking Threshold
07-29 09:02:45.441  1252  1285 I PhoneLab-LoggerService: Starting to rename files
07-29 09:02:45.441  1252  1285 I PhoneLab-LoggerService: Files found .. 8
07-29 09:02:45.445  1252  1285 I PhoneLab-: Service Running
07-29 09:02:45.472  1252  1285 I PhoneLab-LoggerService: app_38    1289  1252  1768   1396  c00f181c 400107b4 S logcat
07-29 09:02:45.472  1252  1285 I PhoneLab-LoggerService: Logcat pid from database 1289
07-29 09:02:45.472  1252  1285 I PhoneLab-LoggerService: Logcat process found 1289
07-29 09:02:45.472  1252  1285 I PhoneLab-LoggerService: Checking Threshold
07-29 09:02:45.472  1252  1285 I PhoneLab-LoggerService: Starting to rename files
07-29 09:02:45.472  1252  1285 I PhoneLab-LoggerService: Files found .. 8
07-29 09:02:45.476  1252  1285 I PhoneLab-: Service Running
07-29 09:02:45.695  1252  1254 D dalvikvm: GC_CONCURRENT freed 400K, 15% free 9553K/11143K, paused 2ms+6ms
07-29 09:02:45.699  1252  1285 I PhoneLab-LoggerService: app_38    1289  1252  1768   1396  c00f181c 400107b4 S logcat
07-29 09:02:45.699  1252  1285 I PhoneLab-LoggerService: Logcat pid from database 1289
07-29 09:02:45.699  1252  1285 I PhoneLab-LoggerService: Logcat process found 1289
07-29 09:02:45.699  1252  1285 I PhoneLab-LoggerService: Checking Threshold
07-29 09:02:45.699  1252  1285 I PhoneLab-LoggerService: Starting to rename files
07-29 09:02:45.699  1252  1285 I PhoneLab-LoggerService: Files found .. 8
07-29 09:02:45.711  1252  1285 I PhoneLab-: Service Running
07-29 09:02:45.738  1252  1285 I PhoneLab-LoggerService: app_38    1289  1252  1768   1396  c00f181c 400107b4 S logcat
07-29 09:02:45.738  1252  1285 I PhoneLab-LoggerService: Logcat pid from database 1289
07-29 09:02:45.738  1252  1285 I PhoneLab-LoggerService: Logcat process found 1289
07-29 09:02:45.738  1252  1285 I PhoneLab-LoggerService: Checking Threshold
07-29 09:02:45.742  1252  1285 I PhoneLab-LoggerService: Starting to rename files
07-29 09:02:45.742  1252  1285 I PhoneLab-LoggerService: Files found .. 8
07-29 09:02:45.742  1252  1285 I PhoneLab-: Service Running
07-29 09:02:45.773  1252  1285 I PhoneLab-LoggerService: app_38    1289  1252  1768   1396  c00f181c 400107b4 S logcat
07-29 09:02:45.773  1252  1285 I PhoneLab-LoggerService: Logcat pid from database 1289
07-29 09:02:45.773  1252  1285 I PhoneLab-LoggerService: Logcat process found 1289
07-29 09:02:45.773  1252  1285 I PhoneLab-LoggerService: Checking Threshold
07-29 09:02:45.773  1252  1285 I PhoneLab-LoggerService: Starting to rename files
07-29 09:02:45.773  1252  1285 I PhoneLab-LoggerService: Files found .. 8
07-29 09:02:45.777  1252  1285 I PhoneLab-: Service Running
07-29 09:02:45.804  1252  1285 I PhoneLab-LoggerService: app_38    1289  1252  1768   1396  c00f181c 400107b4 S logcat
07-29 09:02:45.804  1252  1285 I PhoneLab-LoggerService: Logcat pid from database 1289
07-29 09:02:45.804  1252  1285 I PhoneLab-LoggerService: Logcat process found 1289
07-29 09:02:45.804  1252  1285 I PhoneLab-LoggerService: Checking Threshold
07-29 09:02:45.808  1252  1285 I PhoneLab-LoggerService: Starting to rename files
07-29 09:02:45.808  1252  1285 I PhoneLab-LoggerService: Files found .. 8
07-29 09:02:45.808  1252  1285 I PhoneLab-: Service Running
07-29 09:02:45.836  1252  1285 I PhoneLab-LoggerService: app_38    1289  1252  1768   1396  c00f181c 400107b4 S logcat
07-29 09:02:45.840  1252  1285 I PhoneLab-LoggerService: Logcat pid from database 1289
07-29 09:02:45.840  1252  1285 I PhoneLab-LoggerService: Logcat process found 1289
07-29 09:02:45.840  1252  1285 I PhoneLab-LoggerService: Checking Threshold
07-29 09:02:45.840  1252  1285 I PhoneLab-LoggerService: Starting to rename files
07-29 09:02:45.840  1252  1285 I PhoneLab-LoggerService: Files found .. 8
07-29 09:02:45.840  1252  1285 I PhoneLab-: Service Running
07-29 09:02:45.871  1252  1285 I PhoneLab-LoggerService: app_38    1289  1252  1768   1396  c00f181c 400107b4 S logcat
07-29 09:02:45.871  1252  1285 I PhoneLab-LoggerService: Logcat pid from database 1289
07-29 09:02:45.871  1252  1285 I PhoneLab-LoggerService: Logcat process found 1289
07-29 09:02:45.871  1252  1285 I PhoneLab-LoggerService: Checking Threshold
07-29 09:02:45.871  1252  1285 I PhoneLab-LoggerService: Starting to rename files
07-29 09:02:45.871  1252  1285 I PhoneLab-LoggerService: Files found .. 8
07-29 09:02:45.871  1252  1285 I PhoneLab-: Service Running
07-29 09:02:45.902  1252  1285 I PhoneLab-LoggerService: app_38    1289  1252  1768   1396  c00f181c 400107b4 S logcat
07-29 09:02:45.902  1252  1285 I PhoneLab-LoggerService: Logcat pid from database 1289
07-29 09:02:45.902  1252  1285 I PhoneLab-LoggerService: Logcat process found 1289
07-29 09:02:45.902  1252  1285 I PhoneLab-LoggerService: Checking Threshold
07-29 09:02:45.902  1252  1285 I PhoneLab-LoggerService: Starting to rename files
07-29 09:02:45.902  1252  1285 I PhoneLab-LoggerService: Files found .. 8
07-29 09:02:45.906  1252  1285 I PhoneLab-: Service Running
07-29 09:02:45.949  1252  1254 D dalvikvm: GC_CONCURRENT freed 411K, 15% free 9541K/11143K, paused 1ms+1ms
07-29 09:02:45.953  1252  1285 I PhoneLab-LoggerService: app_38    1289  1252  1768   1396  c00f181c 400107b4 S logcat
07-29 09:02:45.953  1252  1285 I PhoneLab-LoggerService: Logcat pid from database 1289
07-29 09:02:45.953  1252  1285 I PhoneLab-LoggerService: Logcat process found 1289
07-29 09:02:45.953  1252  1285 I PhoneLab-LoggerService: Checking Threshold
07-29 09:02:45.953  1252  1285 I PhoneLab-LoggerService: Starting to rename files
07-29 09:02:45.953  1252  1285 I PhoneLab-LoggerService: Files found .. 8
07-29 09:02:45.953  1252  1285 I PhoneLab-: Service Running
07-29 09:02:45.988  1252  1285 I PhoneLab-LoggerService: app_38    1289  1252  1768   1396  c00f181c 400107b4 S logcat
07-29 09:02:45.988  1252  1285 I PhoneLab-LoggerService: Logcat pid from database 1289
07-29 09:02:45.988  1252  1285 I PhoneLab-LoggerService: Logcat process found 1289
07-29 09:02:45.988  1252  1285 I PhoneLab-LoggerService: Checking Threshold
07-29 09:02:45.988  1252  1285 I PhoneLab-LoggerService: Starting to rename files
07-29 09:02:45.992  1252  1285 I PhoneLab-LoggerService: Files found .. 8
07-29 09:02:45.992  1252  1285 I PhoneLab-: Service Running
07-29 09:02:46.019  1252  1285 I PhoneLab-LoggerService: app_38    1289  1252  1768   1396  c00f181c 400107b4 S logcat
07-29 09:02:46.019  1252  1285 I PhoneLab-LoggerService: Logcat pid from database 1289
07-29 09:02:46.019  1252  1285 I PhoneLab-LoggerService: Logcat process found 1289
07-29 09:02:46.019  1252  1285 I PhoneLab-LoggerService: Checking Threshold
07-29 09:02:46.023  1252  1285 I PhoneLab-LoggerService: Starting to rename files
07-29 09:02:46.023  1252  1285 I PhoneLab-LoggerService: Files found .. 8
07-29 09:02:46.023  1252  1285 I PhoneLab-: Service Running
07-29 09:03:30.007  1252  1285 I PhoneLab-LoggerService: app_38    1289  1252  1768   1396  c00f181c 400107b4 S logcat
07-29 09:03:30.023  1252  1285 I PhoneLab-LoggerService: Logcat pid from database 1289
07-29 09:03:30.023  1252  1285 I PhoneLab-LoggerService: Logcat process found 1289
07-29 09:03:30.023  1252  1285 I PhoneLab-LoggerService: Checking Threshold
07-29 09:03:30.023  1252  1285 I PhoneLab-LoggerService: Starting to rename files
07-29 09:03:30.023  1252  1285 I PhoneLab-LoggerService: Files found .. 8
07-29 09:03:30.050  1252  1285 I PhoneLab-: Service Running
07-29 09:03:30.086  1252  1285 I PhoneLab-LoggerService: app_38    1289  1252  1768   1396  c00f181c 400107b4 S logcat
07-29 09:03:30.086  1252  1285 I PhoneLab-LoggerService: Logcat pid from database 1289
07-29 09:03:30.086  1252  1285 I PhoneLab-LoggerService: Logcat process found 1289
07-29 09:03:30.086  1252  1285 I PhoneLab-LoggerService: Checking Threshold
07-29 09:03:30.086  1252  1285 I PhoneLab-LoggerService: Starting to rename files
07-29 09:03:30.086  1252  1285 I PhoneLab-LoggerService: Files found .. 8
07-29 09:03:30.090  1252  1285 I PhoneLab-: Service Running
07-29 09:03:30.117  1252  1285 I PhoneLab-LoggerService: app_38    1289  1252  1768   1396  c00f181c 400107b4 S logcat
07-29 09:03:30.121  1252  1285 I PhoneLab-LoggerService: Logcat pid from database 1289
07-29 09:03:30.121  1252  1285 I PhoneLab-LoggerService: Logcat process found 1289
07-29 09:03:30.121  1252  1285 I PhoneLab-LoggerService: Checking Threshold
07-29 09:03:30.121  1252  1285 I PhoneLab-LoggerService: Starting to rename files
07-29 09:03:30.121  1252  1285 I PhoneLab-LoggerService: Files found .. 8
07-29 09:03:30.121  1252  1285 I PhoneLab-: Service Running
07-29 09:03:30.152  1252  1285 I PhoneLab-LoggerService: app_38    1289  1252  1768   1396  c00f181c 400107b4 S logcat
07-29 09:03:30.152  1252  1285 I PhoneLab-LoggerService: Logcat pid from database 1289
07-29 09:03:30.152  1252  1285 I PhoneLab-LoggerService: Logcat process found 1289
07-29 09:03:30.152  1252  1285 I PhoneLab-LoggerService: Checking Threshold
07-29 09:03:30.152  1252  1285 I PhoneLab-LoggerService: Starting to rename files
07-29 09:03:30.168  1252  1285 I PhoneLab-LoggerService: Files found .. 8
07-29 09:03:30.168  1252  1285 I PhoneLab-: Service Running
07-29 09:03:30.203  1252  1254 D dalvikvm: GC_CONCURRENT freed 409K, 15% free 9519K/11143K, paused 2ms+2ms
07-29 09:03:30.218  1252  1285 I PhoneLab-LoggerService: app_38    1289  1252  1768   1396  c00f181c 400107b4 S logcat
07-29 09:03:30.218  1252  1285 I PhoneLab-LoggerService: Logcat pid from database 1289
07-29 09:03:30.218  1252  1285 I PhoneLab-LoggerService: Logcat process found 1289
07-29 09:03:30.218  1252  1285 I PhoneLab-LoggerService: Checking Threshold
07-29 09:03:30.218  1252  1285 I PhoneLab-LoggerService: Starting to rename files
07-29 09:03:30.218  1252  1285 I PhoneLab-LoggerService: Files found .. 8
07-29 09:03:30.222  1252  1285 I PhoneLab-: Service Running
07-29 09:03:30.250  1252  1285 I PhoneLab-LoggerService: app_38    1289  1252  1768   1396  c00f181c 400107b4 S logcat
07-29 09:03:30.250  1252  1285 I PhoneLab-LoggerService: Logcat pid from database 1289
07-29 09:03:30.250  1252  1285 I PhoneLab-LoggerService: Logcat process found 1289
07-29 09:03:30.250  1252  1285 I PhoneLab-LoggerService: Checking Threshold
07-29 09:03:30.250  1252  1285 I PhoneLab-LoggerService: Starting to rename files
07-29 09:03:30.254  1252  1285 I PhoneLab-LoggerService: Files found .. 8
07-29 09:03:30.254  1252  1285 I PhoneLab-: Service Running
07-29 09:03:30.281  1252  1285 I PhoneLab-LoggerService: app_38    1289  1252  1768   1396  c00f181c 400107b4 S logcat
07-29 09:03:30.281  1252  1285 I PhoneLab-LoggerService: Logcat pid from database 1289
07-29 09:03:30.281  1252  1285 I PhoneLab-LoggerService: Logcat process found 1289
07-29 09:03:30.281  1252  1285 I PhoneLab-LoggerService: Checking Threshold
07-29 09:03:30.285  1252  1285 I PhoneLab-LoggerService: Starting to rename files
07-29 09:03:30.285  1252  1285 I PhoneLab-LoggerService: Files found .. 8
07-29 09:03:30.285  1252  1285 I PhoneLab-: Service Running
07-29 09:03:30.312  1252  1285 I PhoneLab-LoggerService: app_38    1289  1252  1768   1396  c00f181c 400107b4 S logcat
07-29 09:03:30.316  1252  1285 I PhoneLab-LoggerService: Logcat pid from database 1289
07-29 09:03:30.316  1252  1285 I PhoneLab-LoggerService: Logcat process found 1289
07-29 09:03:30.316  1252  1285 I PhoneLab-LoggerService: Checking Threshold
07-29 09:03:30.316  1252  1285 I PhoneLab-LoggerService: Starting to rename files
07-29 09:03:30.316  1252  1285 I PhoneLab-LoggerService: Files found .. 8
07-29 09:03:30.316  1252  1285 I PhoneLab-: Service Running
07-29 09:03:30.347  1252  1285 I PhoneLab-LoggerService: app_38    1289  1252  1768   1396  c00f181c 400107b4 S logcat
07-29 09:03:30.347  1252  1285 I PhoneLab-LoggerService: Logcat pid from database 1289
07-29 09:03:30.347  1252  1285 I PhoneLab-LoggerService: Logcat process found 1289
07-29 09:03:30.347  1252  1285 I PhoneLab-LoggerService: Checking Threshold
07-29 09:03:30.347  1252  1285 I PhoneLab-LoggerService: Starting to rename files
07-29 09:03:30.347  1252  1285 I PhoneLab-LoggerService: Files found .. 8
07-29 09:03:30.347  1252  1285 I PhoneLab-: Service Running
07-29 09:03:30.379  1252  1285 I PhoneLab-LoggerService: app_38    1289  1252  1768   1396  c00f181c 400107b4 S logcat
07-29 09:03:30.379  1252  1285 I PhoneLab-LoggerService: Logcat pid from database 1289
07-29 09:03:30.379  1252  1285 I PhoneLab-LoggerService: Logcat process found 1289
07-29 09:03:30.379  1252  1285 I PhoneLab-LoggerService: Checking Threshold
07-29 09:03:30.379  1252  1285 I PhoneLab-LoggerService: Starting to rename files
07-29 09:03:30.379  1252  1285 I PhoneLab-LoggerService: Files found .. 8
07-29 09:03:30.382  1252  1285 I PhoneLab-: Service Running
07-29 09:03:30.422  1252  1285 I PhoneLab-LoggerService: app_38    1289  1252  1768   1396  c00f181c 400107b4 S logcat
07-29 09:03:30.422  1252  1285 I PhoneLab-LoggerService: Logcat pid from database 1289
07-29 09:03:30.422  1252  1285 I PhoneLab-LoggerService: Logcat process found 1289
07-29 09:03:30.422  1252  1285 I PhoneLab-LoggerService: Checking Threshold
07-29 09:03:30.422  1252  1285 I PhoneLab-LoggerService: Starting to rename files
07-29 09:03:30.422  1252  1285 I PhoneLab-LoggerService: Files found .. 8
07-29 09:03:30.425  1252  1285 I PhoneLab-: Service Running
07-29 09:03:30.445  1252  1254 D dalvikvm: GC_CONCURRENT freed 389K, 15% free 9541K/11143K, paused 2ms+2ms
07-29 09:03:30.468  1252  1285 I PhoneLab-LoggerService: app_38    1289  1252  1768   1396  c00f181c 400107b4 S logcat
07-29 09:03:30.468  1252  1285 I PhoneLab-LoggerService: Logcat pid from database 1289
07-29 09:03:30.468  1252  1285 I PhoneLab-LoggerService: Logcat process found 1289
07-29 09:03:30.468  1252  1285 I PhoneLab-LoggerService: Checking Threshold
07-29 09:03:30.468  1252  1285 I PhoneLab-LoggerService: Starting to rename files
07-29 09:03:30.468  1252  1285 I PhoneLab-LoggerService: Files found .. 8
07-29 09:03:30.472  1252  1285 I PhoneLab-: Service Running
07-29 09:03:30.500  1252  1285 I PhoneLab-LoggerService: app_38    1289  1252  1768   1396  c00f181c 400107b4 S logcat
07-29 09:03:30.500  1252  1285 I PhoneLab-LoggerService: Logcat pid from database 1289
07-29 09:03:30.500  1252  1285 I PhoneLab-LoggerService: Logcat process found 1289
07-29 09:03:30.500  1252  1285 I PhoneLab-LoggerService: Checking Threshold
07-29 09:03:30.500  1252  1285 I PhoneLab-LoggerService: Starting to rename files
07-29 09:03:30.500  1252  1285 I PhoneLab-LoggerService: Files found .. 8
07-29 09:03:30.504  1252  1285 I PhoneLab-: Service Running
07-29 09:03:30.531  1252  1285 I PhoneLab-LoggerService: app_38    1289  1252  1768   1396  c00f181c 400107b4 S logcat
07-29 09:03:30.531  1252  1285 I PhoneLab-LoggerService: Logcat pid from database 1289
07-29 09:03:30.531  1252  1285 I PhoneLab-LoggerService: Logcat process found 1289
07-29 09:03:30.531  1252  1285 I PhoneLab-LoggerService: Checking Threshold
07-29 09:03:30.531  1252  1285 I PhoneLab-LoggerService: Starting to rename files
07-29 09:03:30.531  1252  1285 I PhoneLab-LoggerService: Files found .. 8
07-29 09:03:30.535  1252  1285 I PhoneLab-: Service Running
07-29 09:03:30.562  1252  1285 I PhoneLab-LoggerService: app_38    1289  1252  1768   1396  c00f181c 400107b4 S logcat
07-29 09:03:30.562  1252  1285 I PhoneLab-LoggerService: Logcat pid from database 1289
07-29 09:03:30.562  1252  1285 I PhoneLab-LoggerService: Logcat process found 1289
07-29 09:03:30.562  1252  1285 I PhoneLab-LoggerService: Checking Threshold
07-29 09:03:30.566  1252  1285 I PhoneLab-LoggerService: Starting to rename files
07-29 09:03:30.566  1252  1285 I PhoneLab-LoggerService: Files found .. 8
07-29 09:03:30.566  1252  1285 I PhoneLab-: Service Running
07-29 09:03:30.593  1252  1285 I PhoneLab-LoggerService: app_38    1289  1252  1768   1396  c00f181c 400107b4 S logcat
07-29 09:03:30.593  1252  1285 I PhoneLab-LoggerService: Logcat pid from database 1289
07-29 09:03:30.597  1252  1285 I PhoneLab-LoggerService: Logcat process found 1289
07-29 09:03:30.597  1252  1285 I PhoneLab-LoggerService: Checking Threshold
07-29 09:03:30.597  1252  1285 I PhoneLab-LoggerService: Starting to rename files
07-29 09:03:30.597  1252  1285 I PhoneLab-LoggerService: Files found .. 8
07-29 09:03:30.597  1252  1285 I PhoneLab-: Service Running
07-29 09:03:30.629  1252  1285 I PhoneLab-LoggerService: app_38    1289  1252  1768   1396  c00f181c 400107b4 S logcat
07-29 09:03:30.629  1252  1285 I PhoneLab-LoggerService: Logcat pid from database 1289
07-29 09:03:30.629  1252  1285 I PhoneLab-LoggerService: Logcat process found 1289
07-29 09:03:30.629  1252  1285 I PhoneLab-LoggerService: Checking Threshold
07-29 09:03:30.629  1252  1285 I PhoneLab-LoggerService: Starting to rename files
07-29 09:03:30.629  1252  1285 I PhoneLab-LoggerService: Files found .. 8
07-29 09:03:30.629  1252  1285 I PhoneLab-: Service Running
07-29 09:03:30.672  1252  1285 I PhoneLab-LoggerService: app_38    1289  1252  1768   1396  c00f181c 400107b4 S logcat
07-29 09:03:30.672  1252  1285 I PhoneLab-LoggerService: Logcat pid from database 1289
07-29 09:03:30.672  1252  1285 I PhoneLab-LoggerService: Logcat process found 1289
07-29 09:03:30.672  1252  1285 I PhoneLab-LoggerService: Checking Threshold
07-29 09:03:30.672  1252  1285 I PhoneLab-LoggerService: Starting to rename files
07-29 09:03:30.672  1252  1285 I PhoneLab-LoggerService: Files found .. 8
07-29 09:03:30.675  1252  1285 I PhoneLab-: Service Running
07-29 09:03:30.695  1252  1254 D dalvikvm: GC_CONCURRENT freed 410K, 15% free 9542K/11143K, paused 2ms+2ms
07-29 09:03:30.718  1252  1285 I PhoneLab-LoggerService: app_38    1289  1252  1768   1396  c00f181c 400107b4 S logcat
07-29 09:03:30.718  1252  1285 I PhoneLab-LoggerService: Logcat pid from database 1289
07-29 09:03:30.718  1252  1285 I PhoneLab-LoggerService: Logcat process found 1289
07-29 09:03:30.718  1252  1285 I PhoneLab-LoggerService: Checking Threshold
07-29 09:03:30.718  1252  1285 I PhoneLab-LoggerService: Starting to rename files
07-29 09:03:30.718  1252  1285 I PhoneLab-LoggerService: Files found .. 8
07-29 09:03:30.722  1252  1285 I PhoneLab-: Service Running
07-29 09:03:30.750  1252  1285 I PhoneLab-LoggerService: app_38    1289  1252  1768   1396  c00f181c 400107b4 S logcat
07-29 09:03:30.750  1252  1285 I PhoneLab-LoggerService: Logcat pid from database 1289
07-29 09:03:30.750  1252  1285 I PhoneLab-LoggerService: Logcat process found 1289
07-29 09:03:30.750  1252  1285 I PhoneLab-LoggerService: Checking Threshold
07-29 09:03:30.750  1252  1285 I PhoneLab-LoggerService: Starting to rename files
07-29 09:03:30.750  1252  1285 I PhoneLab-LoggerService: Files found .. 8
07-29 09:03:30.754  1252  1285 I PhoneLab-: Service Running
07-29 09:03:30.781  1252  1285 I PhoneLab-LoggerService: app_38    1289  1252  1768   1396  c00f181c 400107b4 S logcat
07-29 09:03:30.781  1252  1285 I PhoneLab-LoggerService: Logcat pid from database 1289
07-29 09:03:30.781  1252  1285 I PhoneLab-LoggerService: Logcat process found 1289
07-29 09:03:30.781  1252  1285 I PhoneLab-LoggerService: Checking Threshold
07-29 09:03:30.781  1252  1285 I PhoneLab-LoggerService: Starting to rename files
07-29 09:03:30.781  1252  1285 I PhoneLab-LoggerService: Files found .. 8
07-29 09:22:52.398  1252  1252 I PhoneLab-Locks: wake lock acquired
07-29 09:22:52.421  1252   424 I PhoneLab-PeriodicCheckService: User info is synched
07-29 09:22:52.421  1252   424 I PhoneLab-PeriodicCheckService: Logger Service is running
07-29 09:22:52.425  1252   424 I PhoneLab-PeriodicCheckService: Rescheduling periodic checking...
07-29 09:22:52.425  1252   424 I PhoneLab-Locks: wake lock released
07-29 09:29:46.117   151   154 D dalvikvm: GC_CONCURRENT freed 1449K, 18% free 15165K/18375K, paused 3ms+6ms
07-29 09:30:40.226   700  1345 I EventLogService: Aggregate from 1343566840104 (log), 1343566840104 (data)
07-29 09:52:52.464  1252  1252 I PhoneLab-Locks: wake lock acquired
07-29 09:52:52.488  1252   426 I PhoneLab-PeriodicCheckService: User info is synched
07-29 09:52:52.488  1252   426 I PhoneLab-PeriodicCheckService: Logger Service is running
07-29 09:52:52.492  1252   426 I PhoneLab-PeriodicCheckService: Rescheduling periodic checking...
07-29 09:52:52.492  1252   426 I PhoneLab-Locks: wake lock released
07-29 09:59:40.007  1252  1285 I PhoneLab-: Service Running
07-29 09:59:40.074  1252  1285 I PhoneLab-LoggerService: app_38    1289  1252  1768   1396  c00f181c 400107b4 S logcat
07-29 09:59:40.074  1252  1285 I PhoneLab-LoggerService: Logcat pid from database 1289
07-29 09:59:40.074  1252  1285 I PhoneLab-LoggerService: Logcat process found 1289
07-29 09:59:40.074  1252  1285 I PhoneLab-LoggerService: Checking Threshold
07-29 09:59:40.078  1252  1285 I PhoneLab-LoggerService: Starting to rename files
07-29 09:59:40.078  1252  1285 I PhoneLab-LoggerService: Files found .. 8
07-29 09:59:40.078  1252  1285 I PhoneLab-: Service Running
07-29 09:59:40.109  1252  1285 I PhoneLab-LoggerService: app_38    1289  1252  1768   1396  c00f181c 400107b4 S logcat
07-29 09:59:40.109  1252  1285 I PhoneLab-LoggerService: Logcat pid from database 1289
07-29 09:59:40.109  1252  1285 I PhoneLab-LoggerService: Logcat process found 1289
07-29 09:59:40.109  1252  1285 I PhoneLab-LoggerService: Checking Threshold
07-29 09:59:40.109  1252  1285 I PhoneLab-LoggerService: Starting to rename files
07-29 09:59:40.109  1252  1285 I PhoneLab-LoggerService: Files found .. 8
07-29 09:59:40.113  1252  1285 I PhoneLab-: Service Running
07-29 09:59:40.140  1252  1285 I PhoneLab-LoggerService: app_38    1289  1252  1768   1396  c00f181c 400107b4 S logcat
07-29 09:59:40.140  1252  1285 I PhoneLab-LoggerService: Logcat pid from database 1289
07-29 09:59:40.144  1252  1285 I PhoneLab-LoggerService: Logcat process found 1289
07-29 09:59:40.144  1252  1285 I PhoneLab-LoggerService: Checking Threshold
07-29 09:59:40.144  1252  1285 I PhoneLab-LoggerService: Starting to rename files
07-29 09:59:40.144  1252  1285 I PhoneLab-LoggerService: Files found .. 8
07-29 09:59:40.160  1252  1285 I PhoneLab-: Service Running
07-29 09:59:40.195  1252  1254 D dalvikvm: GC_CONCURRENT freed 408K, 15% free 9518K/11143K, paused 1ms+6ms
07-29 09:59:40.211  1252  1285 I PhoneLab-LoggerService: app_38    1289  1252  1768   1396  c00f181c 400107b4 S logcat
07-29 09:59:40.211  1252  1285 I PhoneLab-LoggerService: Logcat pid from database 1289
07-29 09:59:40.211  1252  1285 I PhoneLab-LoggerService: Logcat process found 1289
07-29 09:59:40.211  1252  1285 I PhoneLab-LoggerService: Checking Threshold
07-29 09:59:40.211  1252  1285 I PhoneLab-LoggerService: Starting to rename files
07-29 09:59:40.211  1252  1285 I PhoneLab-LoggerService: Files found .. 8
07-29 09:59:40.214  1252  1285 I PhoneLab-: Service Running
07-29 09:59:40.242  1252  1285 I PhoneLab-LoggerService: app_38    1289  1252  1768   1396  c00f181c 400107b4 S logcat
07-29 09:59:40.242  1252  1285 I PhoneLab-LoggerService: Logcat pid from database 1289
07-29 09:59:40.242  1252  1285 I PhoneLab-LoggerService: Logcat process found 1289
07-29 09:59:40.242  1252  1285 I PhoneLab-LoggerService: Checking Threshold
07-29 09:59:40.242  1252  1285 I PhoneLab-LoggerService: Starting to rename files
07-29 09:59:40.246  1252  1285 I PhoneLab-LoggerService: Files found .. 8
07-29 09:59:40.246  1252  1285 I PhoneLab-: Service Running
07-29 09:59:40.273  1252  1285 I PhoneLab-LoggerService: app_38    1289  1252  1768   1396  c00f181c 400107b4 S logcat
07-29 09:59:40.273  1252  1285 I PhoneLab-LoggerService: Logcat pid from database 1289
07-29 09:59:40.273  1252  1285 I PhoneLab-LoggerService: Logcat process found 1289
07-29 09:59:40.273  1252  1285 I PhoneLab-LoggerService: Checking Threshold
07-29 09:59:40.277  1252  1285 I PhoneLab-LoggerService: Starting to rename files
07-29 09:59:40.277  1252  1285 I PhoneLab-LoggerService: Files found .. 8
07-29 09:59:40.277  1252  1285 I PhoneLab-: Service Running
07-29 09:59:40.304  1252  1285 I PhoneLab-LoggerService: app_38    1289  1252  1768   1396  c00f181c 400107b4 S logcat
07-29 09:59:40.304  1252  1285 I PhoneLab-LoggerService: Logcat pid from database 1289
07-29 09:59:40.304  1252  1285 I PhoneLab-LoggerService: Logcat process found 1289
07-29 09:59:40.304  1252  1285 I PhoneLab-LoggerService: Checking Threshold
07-29 09:59:40.308  1252  1285 I PhoneLab-LoggerService: Starting to rename files
07-29 09:59:40.308  1252  1285 I PhoneLab-LoggerService: Files found .. 8
07-29 09:59:40.308  1252  1285 I PhoneLab-: Service Running
07-29 09:59:40.336  1252  1285 I PhoneLab-LoggerService: app_38    1289  1252  1768   1396  c00f181c 400107b4 S logcat
07-29 09:59:40.339  1252  1285 I PhoneLab-LoggerService: Logcat pid from database 1289
07-29 09:59:40.339  1252  1285 I PhoneLab-LoggerService: Logcat process found 1289
07-29 09:59:40.339  1252  1285 I PhoneLab-LoggerService: Checking Threshold
07-29 09:59:40.339  1252  1285 I PhoneLab-LoggerService: Starting to rename files
07-29 09:59:40.339  1252  1285 I PhoneLab-LoggerService: Files found .. 8
07-29 09:59:40.339  1252  1285 I PhoneLab-: Service Running
07-29 09:59:40.371  1252  1285 I PhoneLab-LoggerService: app_38    1289  1252  1768   1396  c00f181c 400107b4 S logcat
07-29 09:59:40.371  1252  1285 I PhoneLab-LoggerService: Logcat pid from database 1289
07-29 09:59:40.371  1252  1285 I PhoneLab-LoggerService: Logcat process found 1289
07-29 09:59:40.371  1252  1285 I PhoneLab-LoggerService: Checking Threshold
07-29 09:59:40.371  1252  1285 I PhoneLab-LoggerService: Starting to rename files
07-29 09:59:40.371  1252  1285 I PhoneLab-LoggerService: Files found .. 8
07-29 09:59:40.371  1252  1285 I PhoneLab-: Service Running
07-29 09:59:40.414  1252  1285 I PhoneLab-LoggerService: app_38    1289  1252  1768   1396  c00f181c 400107b4 S logcat
07-29 09:59:40.414  1252  1285 I PhoneLab-LoggerService: Logcat pid from database 1289
07-29 09:59:40.414  1252  1285 I PhoneLab-LoggerService: Logcat process found 1289
07-29 09:59:40.414  1252  1285 I PhoneLab-LoggerService: Checking Threshold
07-29 09:59:40.414  1252  1285 I PhoneLab-LoggerService: Starting to rename files
07-29 09:59:40.414  1252  1285 I PhoneLab-LoggerService: Files found .. 8
07-29 09:59:40.418  1252  1285 I PhoneLab-: Service Running
07-29 09:59:40.437  1252  1254 D dalvikvm: GC_CONCURRENT freed 388K, 15% free 9541K/11143K, paused 2ms+3ms
07-29 09:59:40.461  1252  1285 I PhoneLab-LoggerService: app_38    1289  1252  1768   1396  c00f181c 400107b4 S logcat
07-29 09:59:40.461  1252  1285 I PhoneLab-LoggerService: Logcat pid from database 1289
07-29 09:59:40.461  1252  1285 I PhoneLab-LoggerService: Logcat process found 1289
07-29 09:59:40.461  1252  1285 I PhoneLab-LoggerService: Checking Threshold
07-29 09:59:40.461  1252  1285 I PhoneLab-LoggerService: Starting to rename files
07-29 09:59:40.461  1252  1285 I PhoneLab-LoggerService: Files found .. 8
07-29 09:59:40.464  1252  1285 I PhoneLab-: Service Running
07-29 09:59:40.492  1252  1285 I PhoneLab-LoggerService: app_38    1289  1252  1768   1396  c00f181c 400107b4 S logcat
07-29 09:59:40.492  1252  1285 I PhoneLab-LoggerService: Logcat pid from database 1289
07-29 09:59:40.492  1252  1285 I PhoneLab-LoggerService: Logcat process found 1289
07-29 09:59:40.492  1252  1285 I PhoneLab-LoggerService: Checking Threshold
07-29 09:59:40.492  1252  1285 I PhoneLab-LoggerService: Starting to rename files
07-29 09:59:40.492  1252  1285 I PhoneLab-LoggerService: Files found .. 8
07-29 09:59:40.496  1252  1285 I PhoneLab-: Service Running
07-29 09:59:40.707  1252  1285 I PhoneLab-LoggerService: app_38    1289  1252  1768   1396  c00f181c 400107b4 S logcat
07-29 09:59:40.711  1252  1285 I PhoneLab-LoggerService: Logcat pid from database 1289
07-29 09:59:40.711  1252  1285 I PhoneLab-LoggerService: Logcat process found 1289
07-29 09:59:40.711  1252  1285 I PhoneLab-LoggerService: Checking Threshold
07-29 09:59:40.711  1252  1285 I PhoneLab-LoggerService: Starting to rename files
07-29 09:59:40.711  1252  1285 I PhoneLab-LoggerService: Files found .. 8
07-29 09:59:40.714  1252  1285 I PhoneLab-: Service Running
07-29 09:59:40.742  1252  1285 I PhoneLab-LoggerService: app_38    1289  1252  1768   1396  c00f181c 400107b4 S logcat
07-29 09:59:40.746  1252  1285 I PhoneLab-LoggerService: Logcat pid from database 1289
07-29 09:59:40.746  1252  1285 I PhoneLab-LoggerService: Logcat process found 1289
07-29 09:59:40.746  1252  1285 I PhoneLab-LoggerService: Checking Threshold
07-29 09:59:40.746  1252  1285 I PhoneLab-LoggerService: Starting to rename files
07-29 09:59:40.746  1252  1285 I PhoneLab-LoggerService: Files found .. 8
07-29 09:59:40.746  1252  1285 I PhoneLab-: Service Running
07-29 09:59:40.777  1252  1285 I PhoneLab-LoggerService: app_38    1289  1252  1768   1396  c00f181c 400107b4 S logcat
07-29 09:59:40.777  1252  1285 I PhoneLab-LoggerService: Logcat pid from database 1289
07-29 09:59:40.777  1252  1285 I PhoneLab-LoggerService: Logcat process found 1289
07-29 09:59:40.777  1252  1285 I PhoneLab-LoggerService: Checking Threshold
07-29 09:59:40.777  1252  1285 I PhoneLab-LoggerService: Starting to rename files
07-29 09:59:40.777  1252  1285 I PhoneLab-LoggerService: Files found .. 8
07-29 09:59:40.781  1252  1285 I PhoneLab-: Service Running
07-29 09:59:40.808  1252  1285 I PhoneLab-LoggerService: app_38    1289  1252  1768   1396  c00f181c 400107b4 S logcat
07-29 09:59:40.808  1252  1285 I PhoneLab-LoggerService: Logcat pid from database 1289
07-29 09:59:40.808  1252  1285 I PhoneLab-LoggerService: Logcat process found 1289
07-29 09:59:40.808  1252  1285 I PhoneLab-LoggerService: Checking Threshold
07-29 09:59:40.812  1252  1285 I PhoneLab-LoggerService: Starting to rename files
07-29 09:59:40.812  1252  1285 I PhoneLab-LoggerService: Files found .. 8
07-29 09:59:40.812  1252  1285 I PhoneLab-: Service Running
07-29 09:59:40.851  1252  1285 I PhoneLab-LoggerService: app_38    1289  1252  1768   1396  c00f181c 400107b4 S logcat
07-29 09:59:40.851  1252  1285 I PhoneLab-LoggerService: Logcat pid from database 1289
07-29 09:59:40.851  1252  1285 I PhoneLab-LoggerService: Logcat process found 1289
07-29 09:59:40.851  1252  1285 I PhoneLab-LoggerService: Checking Threshold
07-29 09:59:40.851  1252  1285 I PhoneLab-LoggerService: Starting to rename files
07-29 09:59:40.851  1252  1285 I PhoneLab-LoggerService: Files found .. 8
07-29 09:59:40.855  1252  1285 I PhoneLab-: Service Running
07-29 09:59:40.879  1252  1254 D dalvikvm: GC_CONCURRENT freed 410K, 15% free 9542K/11143K, paused 1ms+2ms
07-29 09:59:40.902  1252  1285 I PhoneLab-LoggerService: app_38    1289  1252  1768   1396  c00f181c 400107b4 S logcat
07-29 09:59:40.902  1252  1285 I PhoneLab-LoggerService: Logcat pid from database 1289
07-29 09:59:40.902  1252  1285 I PhoneLab-LoggerService: Logcat process found 1289
07-29 09:59:40.902  1252  1285 I PhoneLab-LoggerService: Checking Threshold
07-29 09:59:40.902  1252  1285 I PhoneLab-LoggerService: Starting to rename files
07-29 09:59:40.902  1252  1285 I PhoneLab-LoggerService: Files found .. 8
07-29 09:59:40.902  1252  1285 I PhoneLab-: Service Running
07-29 09:59:40.933  1252  1285 I PhoneLab-LoggerService: app_38    1289  1252  1768   1396  c00f181c 400107b4 S logcat
07-29 09:59:40.933  1252  1285 I PhoneLab-LoggerService: Logcat pid from database 1289
07-29 09:59:40.933  1252  1285 I PhoneLab-LoggerService: Logcat process found 1289
07-29 09:59:40.933  1252  1285 I PhoneLab-LoggerService: Checking Threshold
07-29 09:59:40.933  1252  1285 I PhoneLab-LoggerService: Starting to rename files
07-29 09:59:40.933  1252  1285 I PhoneLab-LoggerService: Files found .. 8
07-29 09:59:40.937  1252  1285 I PhoneLab-: Service Running
07-29 09:59:40.964  1252  1285 I PhoneLab-LoggerService: app_38    1289  1252  1768   1396  c00f181c 400107b4 S logcat
07-29 09:59:40.964  1252  1285 I PhoneLab-LoggerService: Logcat pid from database 1289
07-29 09:59:40.964  1252  1285 I PhoneLab-LoggerService: Logcat process found 1289
07-29 09:59:40.964  1252  1285 I PhoneLab-LoggerService: Checking Threshold
07-29 09:59:40.964  1252  1285 I PhoneLab-LoggerService: Starting to rename files
07-29 09:59:40.964  1252  1285 I PhoneLab-LoggerService: Files found .. 8
07-29 09:59:40.968  1252  1285 I PhoneLab-: Service Running
07-29 09:59:40.996  1252  1285 I PhoneLab-LoggerService: app_38    1289  1252  1768   1396  c00f181c 400107b4 S logcat
07-29 09:59:40.996  1252  1285 I PhoneLab-LoggerService: Logcat pid from database 1289
07-29 09:59:40.996  1252  1285 I PhoneLab-LoggerService: Logcat process found 1289
07-29 09:59:40.996  1252  1285 I PhoneLab-LoggerService: Checking Threshold
07-29 09:59:40.996  1252  1285 I PhoneLab-LoggerService: Starting to rename files
07-29 09:59:40.996  1252  1285 I PhoneLab-LoggerService: Files found .. 8
07-29 09:59:41.000  1252  1285 I PhoneLab-: Service Running
07-29 09:59:41.027  1252  1285 I PhoneLab-LoggerService: app_38    1289  1252  1768   1396  c00f181c 400107b4 S logcat
07-29 09:59:41.027  1252  1285 I PhoneLab-LoggerService: Logcat pid from database 1289
07-29 09:59:41.027  1252  1285 I PhoneLab-LoggerService: Logcat process found 1289
07-29 09:59:41.027  1252  1285 I PhoneLab-LoggerService: Checking Threshold
07-29 09:59:41.027  1252  1285 I PhoneLab-LoggerService: Starting to rename files
07-29 09:59:41.027  1252  1285 I PhoneLab-LoggerService: Files found .. 8
07-29 09:59:41.031  1252  1285 I PhoneLab-: Service Running
07-29 09:59:41.058  1252  1285 I PhoneLab-LoggerService: app_38    1289  1252  1768   1396  c00f181c 400107b4 S logcat
07-29 09:59:41.058  1252  1285 I PhoneLab-LoggerService: Logcat pid from database 1289
07-29 09:59:41.058  1252  1285 I PhoneLab-LoggerService: Logcat process found 1289
07-29 09:59:41.058  1252  1285 I PhoneLab-LoggerService: Checking Threshold
07-29 09:59:41.058  1252  1285 I PhoneLab-LoggerService: Starting to rename files
07-29 09:59:41.062  1252  1285 I PhoneLab-LoggerService: Files found .. 8
07-29 09:59:41.062  1252  1285 I PhoneLab-: Service Running
07-29 09:59:41.101  1252  1285 I PhoneLab-LoggerService: app_38    1289  1252  1768   1396  c00f181c 400107b4 S logcat
07-29 09:59:41.101  1252  1285 I PhoneLab-LoggerService: Logcat pid from database 1289
07-29 09:59:41.101  1252  1285 I PhoneLab-LoggerService: Logcat process found 1289
07-29 09:59:41.101  1252  1285 I PhoneLab-LoggerService: Checking Threshold
07-29 09:59:41.101  1252  1285 I PhoneLab-LoggerService: Starting to rename files
07-29 09:59:41.101  1252  1285 I PhoneLab-LoggerService: Files found .. 8
07-29 09:59:41.105  1252  1285 I PhoneLab-: Service Running
07-29 09:59:41.129  1252  1254 D dalvikvm: GC_CONCURRENT freed 411K, 15% free 9542K/11143K, paused 1ms+2ms
07-29 09:59:41.148  1252  1285 I PhoneLab-LoggerService: app_38    1289  1252  1768   1396  c00f181c 400107b4 S logcat
07-29 09:59:41.152  1252  1285 I PhoneLab-LoggerService: Logcat pid from database 1289
07-29 09:59:41.152  1252  1285 I PhoneLab-LoggerService: Logcat process found 1289
07-29 09:59:41.152  1252  1285 I PhoneLab-LoggerService: Checking Threshold
07-29 09:59:41.152  1252  1285 I PhoneLab-LoggerService: Starting to rename files
07-29 09:59:41.152  1252  1285 I PhoneLab-LoggerService: Files found .. 8
07-29 09:59:41.152  1252  1285 I PhoneLab-: Service Running
07-29 09:59:41.179  1252  1285 I PhoneLab-LoggerService: app_38    1289  1252  1768   1396  c00f181c 400107b4 S logcat
