06-22 15:12:49.230   267   267 D wpa_supplicant: EAPOL: Supplicant port status: Unauthorized
06-22 15:12:49.757   496   496 I GTalkService/c: [AndroidEndpoint@1094536424] connect: acct=1000001, state=CONNECTING
06-22 15:12:50.230   267   267 D wpa_supplicant: EAPOL: Supplicant port status: Unauthorized
06-22 15:12:50.789   142   202 D Tethering: MasterInitialState.processMessage what=3
06-22 15:12:50.867   947   947 I MediaUploader: No need to wake up
06-22 15:12:50.898   496   498 D dalvikvm: GC_CONCURRENT freed 404K, 8% free 9702K/10503K, paused 4ms+3ms
06-22 15:12:51.230   267   267 D wpa_supplicant: EAPOL: Supplicant port status: Unauthorized
06-22 15:12:51.839   142   198 D ConnectivityService: handleInetConditionHoldEnd: net=0, condition=100, published condition=0
06-22 15:12:52.230   267   267 D wpa_supplicant: EAPOL: Supplicant port status: Unauthorized
06-22 15:12:53.234   267   267 D wpa_supplicant: EAPOL: Supplicant port status: Unauthorized
06-22 15:13:36.519   846   846 I PhoneLab-Locks: wake lock acquired
06-22 15:13:36.535   846  1795 I PhoneLab-PeriodicCheckService: User info is synched
06-22 15:13:36.535   846  1795 I PhoneLab-PeriodicCheckService: Logger Service is running
06-22 15:13:36.543   846   846 I PhoneLab-Locks: wake lock acquired
06-22 15:13:36.543   846   846 I PhoneLab-StatusMonitor: Status Monitoring is started
06-22 15:13:36.547   846   846 E PhoneLab-PhoneLabManifest: java.io.FileNotFoundException: /data/data/edu.buffalo.cse.phonelab.phonelabservices/files/manifest.xml: open failed: ENOENT (No such file or directory)
06-22 15:13:36.554   846   846 I PhoneLab-Locks: wake lock released
06-22 15:13:36.554   846  1795 I PhoneLab-Locks: wake lock acquired
06-22 15:13:36.558   846   846 I PhoneLab-UploadLogs: Transfering log files now
06-22 15:13:36.558   846   846 I PhoneLab-UploadLogs: No log files to transfer
06-22 15:13:36.558   846   846 I PhoneLab-Locks: wake lock released
06-22 15:13:36.562   846  1795 I PhoneLab-PeriodicCheckService: Rescheduling periodic checking...
06-22 15:13:36.562   846   846 I PhoneLab-UploadLogs: OnStartCommand
06-22 15:13:36.562   846  1795 I PhoneLab-Locks: wake lock released
06-22 15:17:41.066   846   849 D dalvikvm: GC_CONCURRENT freed 459K, 18% free 9125K/11079K, paused 1ms+2ms
06-22 15:17:41.089   267   267 D wpa_supplicant: EAPOL: Supplicant port status: Unauthorized
06-22 15:17:41.089   267   267 D wpa_supplicant: WPS: Building WPS IE for Probe Request
06-22 15:17:41.089   267   267 D wpa_supplicant: WPS:  * Version (hardcoded 0x10)
06-22 15:17:41.089   267   267 D wpa_supplicant: WPS:  * Request Type
06-22 15:17:41.089   267   267 D wpa_supplicant: WPS:  * Config Methods (2388)
06-22 15:17:41.089   267   267 D wpa_supplicant: WPS:  * UUID-E
06-22 15:17:41.089   267   267 D wpa_supplicant: WPS:  * Primary Device Type
06-22 15:17:41.089   267   267 D wpa_supplicant: WPS:  * RF Bands (3)
06-22 15:17:41.089   267   267 D wpa_supplicant: WPS:  * Association State
06-22 15:17:41.089   267   267 D wpa_supplicant: WPS:  * Configuration Error (0)
06-22 15:17:41.089   267   267 D wpa_supplicant: WPS:  * Device Password ID (0)
06-22 15:17:41.089   267   267 D wpa_supplicant: WPS:  * Manufacturer
06-22 15:17:41.089   267   267 D wpa_supplicant: WPS:  * Model Name
06-22 15:17:41.089   267   267 D wpa_supplicant: WPS:  * Model Number
06-22 15:17:41.089   267   267 D wpa_supplicant: WPS:  * Device Name
06-22 15:17:41.089   267   267 D wpa_supplicant: WPS:  * Version2 (0x20)
06-22 15:17:41.089   267   267 D wpa_supplicant: wpa_driver_wext_combo_scan: Start
06-22 15:17:41.089   267   267 D wpa_supplicant: For Scan: (null)
06-22 15:17:41.144   267   267 D wpa_supplicant: Scan requested (ret=0) - scan timeout 30 seconds
06-22 15:17:42.019   267   267 D wpa_supplicant: RTM_NEWLINK: operstate=0 ifi_flags=0x11003 ([UP][LOWER_UP])
06-22 15:17:42.019   267   267 D wpa_supplicant: RTM_NEWLINK, IFLA_IFNAME: Interface 'wlan0' added
06-22 15:17:42.019   267   267 D wpa_supplicant: Wireless event: cmd=0x8b19 len=8
06-22 15:17:42.019   267   267 D wpa_supplicant: Received 924 bytes of scan results (4 BSSes)
06-22 15:17:42.089   267   267 D wpa_supplicant: EAPOL: Supplicant port status: Unauthorized
06-22 15:22:40.062   267   267 D wpa_supplicant: EAPOL: Supplicant port status: Unauthorized
06-22 15:22:40.062   267   267 D wpa_supplicant: WPS: Building WPS IE for Probe Request
06-22 15:22:40.062   267   267 D wpa_supplicant: WPS:  * Version (hardcoded 0x10)
06-22 15:22:40.062   267   267 D wpa_supplicant: WPS:  * Request Type
06-22 15:22:40.062   267   267 D wpa_supplicant: WPS:  * Config Methods (2388)
06-22 15:22:40.062   267   267 D wpa_supplicant: WPS:  * UUID-E
06-22 15:22:40.062   267   267 D wpa_supplicant: WPS:  * Primary Device Type
06-22 15:22:40.062   267   267 D wpa_supplicant: WPS:  * RF Bands (3)
06-22 15:22:40.062   267   267 D wpa_supplicant: WPS:  * Association State
06-22 15:22:40.062   267   267 D wpa_supplicant: WPS:  * Configuration Error (0)
06-22 15:22:40.062   267   267 D wpa_supplicant: WPS:  * Device Password ID (0)
06-22 15:22:40.062   267   267 D wpa_supplicant: WPS:  * Manufacturer
06-22 15:22:40.062   267   267 D wpa_supplicant: WPS:  * Model Name
06-22 15:22:40.062   267   267 D wpa_supplicant: WPS:  * Model Number
06-22 15:22:40.062   267   267 D wpa_supplicant: WPS:  * Device Name
06-22 15:22:40.062   267   267 D wpa_supplicant: WPS:  * Version2 (0x20)
06-22 15:22:40.062   267   267 D wpa_supplicant: wpa_driver_wext_combo_scan: Start
06-22 15:22:40.062   267   267 D wpa_supplicant: For Scan: (null)
06-22 15:22:40.117   267   267 D wpa_supplicant: Scan requested (ret=0) - scan timeout 30 seconds
06-22 15:22:40.687   267   267 D wpa_supplicant: RTM_NEWLINK: operstate=0 ifi_flags=0x11003 ([UP][LOWER_UP])
06-22 15:22:40.687   267   267 D wpa_supplicant: RTM_NEWLINK, IFLA_IFNAME: Interface 'wlan0' added
06-22 15:22:40.687   267   267 D wpa_supplicant: Wireless event: cmd=0x8b19 len=8
06-22 15:22:40.695   267   267 D wpa_supplicant: Received 832 bytes of scan results (4 BSSes)
06-22 15:22:40.695   267   267 D wpa_supplicant: wlan0: Request association: reassociate: 0  selected: d0:c2:82:84:8d:50  bssid: 00:00:00:00:00:00  pending: 00:00:00:00:00:00  wpa_state: SCANNING
06-22 15:22:40.695   267   267 I wpa_supplicant: wlan0: Trying to associate with d0:c2:82:84:8d:50 (SSID='UB_Secure' freq=2462 MHz)
06-22 15:22:40.695   267   267 D wpa_supplicant: RSN: Trying to use cached PMKSA
06-22 15:22:40.695   267   267 D wpa_supplicant: wpa_driver_wext_set_operstate: operstate 0->0 (DORMANT)
06-22 15:22:40.695   267   267 D wpa_supplicant: netlink: Operstate: linkmode=-1, operstate=5
06-22 15:22:40.695   267   267 D wpa_supplicant: wpa_driver_wext_associate
06-22 15:22:40.695   267   267 D wpa_supplicant: wpa_driver_wext_set_drop_unencrypted
06-22 15:22:40.714   267   267 D wpa_supplicant: wpa_driver_wext_set_psk
06-22 15:22:40.718   267   267 D wpa_supplicant: EAPOL: External notification - EAP success=0
06-22 15:22:40.718   267   267 D wpa_supplicant: EAPOL: Supplicant port status: Unauthorized
06-22 15:22:40.718   267   267 D wpa_supplicant: EAPOL: External notification - EAP fail=0
06-22 15:22:40.718   267   267 D wpa_supplicant: EAPOL: Supplicant port status: Unauthorized
06-22 15:22:40.718   267   267 D wpa_supplicant: EAPOL: External notification - portControl=Auto
06-22 15:22:40.718   267   267 D wpa_supplicant: EAPOL: Supplicant port status: Unauthorized
06-22 15:22:40.718   267   267 D wpa_supplicant: RTM_NEWLINK: operstate=0 ifi_flags=0x11003 ([UP][LOWER_UP])
06-22 15:22:40.718   267   267 D wpa_supplicant: RTM_NEWLINK, IFLA_IFNAME: Interface 'wlan0' added
06-22 15:22:40.718   267   267 D wpa_supplicant: Wireless event: cmd=0x8b06 len=8
06-22 15:22:40.718   267   267 D wpa_supplicant: RTM_NEWLINK: operstate=0 ifi_flags=0x11003 ([UP][LOWER_UP])
