07-03 08:52:11.578   846   997 I PhoneLab-LoggerService: app_37    1002  846   1480   1092  c00f181c 400309d8 S logcat
07-03 08:52:11.582   846   997 I PhoneLab-LoggerService: Logcat pid from database 1002
07-03 08:52:11.582   846   997 I PhoneLab-LoggerService: Logcat process found 1002
07-03 08:52:11.582   846   997 I PhoneLab-LoggerService: Checking Threshold
07-03 08:53:25.301   267   267 D wpa_supplicant: RTM_NEWLINK: operstate=1 ifi_flags=0x11043 ([UP][RUNNING][LOWER_UP])
07-03 08:53:25.301   267   267 D wpa_supplicant: RTM_NEWLINK, IFLA_IFNAME: Interface 'wlan0' added
07-03 08:53:25.301   267   267 D wpa_supplicant: Wireless event: cmd=0x8c00 len=20
07-03 08:53:25.312   267   267 D wpa_supplicant: RTM_NEWLINK: operstate=1 ifi_flags=0x11043 ([UP][RUNNING][LOWER_UP])
07-03 08:53:25.312   267   267 D wpa_supplicant: RTM_NEWLINK, IFLA_IFNAME: Interface 'wlan0' added
07-03 08:53:25.320   267   267 D wpa_supplicant: Wireless event: cmd=0x8c00 len=20
07-03 08:53:25.320   267   267 D wpa_supplicant: RTM_NEWLINK: operstate=1 ifi_flags=0x11043 ([UP][RUNNING][LOWER_UP])
07-03 08:53:25.324   267   267 D wpa_supplicant: RTM_NEWLINK, IFLA_IFNAME: Interface 'wlan0' added
07-03 08:53:25.324   267   267 D wpa_supplicant: Wireless event: cmd=0x8c00 len=20
07-03 08:53:25.324   267   267 D wpa_supplicant: RTM_NEWLINK: operstate=1 ifi_flags=0x11043 ([UP][RUNNING][LOWER_UP])
07-03 08:53:25.324   267   267 D wpa_supplicant: RTM_NEWLINK, IFLA_IFNAME: Interface 'wlan0' added
07-03 08:53:25.324   267   267 D wpa_supplicant: Wireless event: cmd=0x8c00 len=20
07-03 08:53:25.324   267   267 D wpa_supplicant: RTM_NEWLINK: operstate=1 ifi_flags=0x11043 ([UP][RUNNING][LOWER_UP])
07-03 08:53:25.324   267   267 D wpa_supplicant: RTM_NEWLINK, IFLA_IFNAME: Interface 'wlan0' added
07-03 08:53:25.324   267   267 D wpa_supplicant: Wireless event: cmd=0x8c00 len=20
07-03 08:53:25.324   267   267 D wpa_supplicant: RTM_NEWLINK: operstate=1 ifi_flags=0x11043 ([UP][RUNNING][LOWER_UP])
07-03 08:53:25.324   267   267 D wpa_supplicant: RTM_NEWLINK, IFLA_IFNAME: Interface 'wlan0' added
07-03 08:53:25.324   267   267 D wpa_supplicant: Wireless event: cmd=0x8c00 len=20
07-03 08:53:25.324   267   267 D wpa_supplicant: RTM_NEWLINK: operstate=1 ifi_flags=0x11043 ([UP][RUNNING][LOWER_UP])
07-03 08:53:25.324   267   267 D wpa_supplicant: RTM_NEWLINK, IFLA_IFNAME: Interface 'wlan0' added
07-03 08:53:25.324   267   267 D wpa_supplicant: Wireless event: cmd=0x8c00 len=20
07-03 08:53:25.340   267   267 D wpa_supplicant: RTM_NEWLINK: operstate=1 ifi_flags=0x11043 ([UP][RUNNING][LOWER_UP])
07-03 08:53:25.340   267   267 D wpa_supplicant: RTM_NEWLINK, IFLA_IFNAME: Interface 'wlan0' added
07-03 08:53:25.340   267   267 D wpa_supplicant: Wireless event: cmd=0x8c00 len=20
07-03 08:53:25.340   267   267 D wpa_supplicant: RTM_NEWLINK: operstate=1 ifi_flags=0x11043 ([UP][RUNNING][LOWER_UP])
07-03 08:53:25.340   267   267 D wpa_supplicant: RTM_NEWLINK, IFLA_IFNAME: Interface 'wlan0' added
07-03 08:53:25.340   267   267 D wpa_supplicant: Wireless event: cmd=0x8c00 len=20
07-03 08:53:25.340   267   267 D wpa_supplicant: RTM_NEWLINK: operstate=1 ifi_flags=0x11043 ([UP][RUNNING][LOWER_UP])
07-03 08:53:25.340   267   267 D wpa_supplicant: RTM_NEWLINK, IFLA_IFNAME: Interface 'wlan0' added
07-03 08:53:25.340   267   267 D wpa_supplicant: Wireless event: cmd=0x8c00 len=20
07-03 08:53:25.340   267   267 D wpa_supplicant: RTM_NEWLINK: operstate=1 ifi_flags=0x11043 ([UP][RUNNING][LOWER_UP])
07-03 08:53:25.340   267   267 D wpa_supplicant: RTM_NEWLINK, IFLA_IFNAME: Interface 'wlan0' added
07-03 08:53:25.340   267   267 D wpa_supplicant: Wireless event: cmd=0x8c00 len=20
07-03 08:53:25.340   267   267 D wpa_supplicant: RTM_NEWLINK: operstate=1 ifi_flags=0x11043 ([UP][RUNNING][LOWER_UP])
07-03 08:53:25.340   267   267 D wpa_supplicant: RTM_NEWLINK, IFLA_IFNAME: Interface 'wlan0' added
07-03 08:53:25.340   267   267 D wpa_supplicant: Wireless event: cmd=0x8c00 len=20
07-03 08:53:25.344   267   267 D wpa_supplicant: RTM_NEWLINK: operstate=1 ifi_flags=0x11043 ([UP][RUNNING][LOWER_UP])
07-03 08:53:25.344   267   267 D wpa_supplicant: RTM_NEWLINK, IFLA_IFNAME: Interface 'wlan0' added
07-03 08:53:25.344   267   267 D wpa_supplicant: Wireless event: cmd=0x8c00 len=20
07-03 08:53:25.344   267   267 D wpa_supplicant: RTM_NEWLINK: operstate=1 ifi_flags=0x11043 ([UP][RUNNING][LOWER_UP])
07-03 08:53:25.344   267   267 D wpa_supplicant: RTM_NEWLINK, IFLA_IFNAME: Interface 'wlan0' added
07-03 08:53:25.344   267   267 D wpa_supplicant: Wireless event: cmd=0x8c00 len=20
07-03 08:53:25.344   267   267 D wpa_supplicant: RTM_NEWLINK: operstate=1 ifi_flags=0x11043 ([UP][RUNNING][LOWER_UP])
07-03 08:53:25.344   267   267 D wpa_supplicant: RTM_NEWLINK, IFLA_IFNAME: Interface 'wlan0' added
07-03 08:53:25.344   267   267 D wpa_supplicant: Wireless event: cmd=0x8c00 len=20
07-03 08:53:25.344   267   267 D wpa_supplicant: RTM_NEWLINK: operstate=1 ifi_flags=0x11043 ([UP][RUNNING][LOWER_UP])
07-03 08:53:25.344   267   267 D wpa_supplicant: RTM_NEWLINK, IFLA_IFNAME: Interface 'wlan0' added
07-03 08:53:25.344   267   267 D wpa_supplicant: Wireless event: cmd=0x8c00 len=20
07-03 08:53:25.344   267   267 D wpa_supplicant: RTM_NEWLINK: operstate=1 ifi_flags=0x11043 ([UP][RUNNING][LOWER_UP])
07-03 08:53:25.344   267   267 D wpa_supplicant: RTM_NEWLINK, IFLA_IFNAME: Interface 'wlan0' added
07-03 08:53:25.344   267   267 D wpa_supplicant: Wireless event: cmd=0x8c00 len=20
07-03 08:53:25.344   267   267 D wpa_supplicant: RTM_NEWLINK: operstate=1 ifi_flags=0x11043 ([UP][RUNNING][LOWER_UP])
07-03 08:53:25.344   267   267 D wpa_supplicant: RTM_NEWLINK, IFLA_IFNAME: Interface 'wlan0' added
07-03 08:53:25.344   267   267 D wpa_supplicant: Wireless event: cmd=0x8c00 len=20
07-03 08:53:25.344   267   267 D wpa_supplicant: RTM_NEWLINK: operstate=1 ifi_flags=0x11043 ([UP][RUNNING][LOWER_UP])
07-03 08:53:25.344   267   267 D wpa_supplicant: RTM_NEWLINK, IFLA_IFNAME: Interface 'wlan0' added
07-03 08:53:25.344   267   267 D wpa_supplicant: Wireless event: cmd=0x8c00 len=20
07-03 08:53:25.344   267   267 D wpa_supplicant: RTM_NEWLINK: operstate=1 ifi_flags=0x11043 ([UP][RUNNING][LOWER_UP])
07-03 08:53:25.344   267   267 D wpa_supplicant: RTM_NEWLINK, IFLA_IFNAME: Interface 'wlan0' added
07-03 08:53:25.344   267   267 D wpa_supplicant: Wireless event: cmd=0x8c00 len=20
07-03 08:54:11.512   846   997 I PhoneLab-: Service Running
07-03 08:54:11.574   846   997 I PhoneLab-LoggerService: app_37    1002  846   1480   1092  c00f181c 400309d8 S logcat
07-03 08:54:11.574   846   997 I PhoneLab-LoggerService: Logcat pid from database 1002
07-03 08:54:11.574   846   997 I PhoneLab-LoggerService: Logcat process found 1002
07-03 08:54:11.574   846   997 I PhoneLab-LoggerService: Checking Threshold
07-03 08:54:30.394   267   267 D wpa_supplicant: RTM_NEWLINK: operstate=1 ifi_flags=0x11043 ([UP][RUNNING][LOWER_UP])
07-03 08:54:30.402   267   267 D wpa_supplicant: RTM_NEWLINK, IFLA_IFNAME: Interface 'wlan0' added
07-03 08:54:30.406   267   267 D wpa_supplicant: Wireless event: cmd=0x8c00 len=20
07-03 08:54:30.406   267   267 D wpa_supplicant: RTM_NEWLINK: operstate=1 ifi_flags=0x11043 ([UP][RUNNING][LOWER_UP])
07-03 08:54:30.410   267   267 D wpa_supplicant: RTM_NEWLINK, IFLA_IFNAME: Interface 'wlan0' added
07-03 08:54:30.410   267   267 D wpa_supplicant: Wireless event: cmd=0x8c00 len=20
07-03 08:54:30.410   267   267 D wpa_supplicant: RTM_NEWLINK: operstate=1 ifi_flags=0x11043 ([UP][RUNNING][LOWER_UP])
07-03 08:54:30.418   267   267 D wpa_supplicant: RTM_NEWLINK, IFLA_IFNAME: Interface 'wlan0' added
07-03 08:54:30.418   267   267 D wpa_supplicant: Wireless event: cmd=0x8c00 len=20
07-03 08:54:30.418   267   267 D wpa_supplicant: RTM_NEWLINK: operstate=1 ifi_flags=0x11043 ([UP][RUNNING][LOWER_UP])
07-03 08:54:30.418   267   267 D wpa_supplicant: RTM_NEWLINK, IFLA_IFNAME: Interface 'wlan0' added
07-03 08:54:30.418   267   267 D wpa_supplicant: Wireless event: cmd=0x8c00 len=20
07-03 08:54:30.418   267   267 D wpa_supplicant: RTM_NEWLINK: operstate=1 ifi_flags=0x11043 ([UP][RUNNING][LOWER_UP])
07-03 08:54:30.418   267   267 D wpa_supplicant: RTM_NEWLINK, IFLA_IFNAME: Interface 'wlan0' added
07-03 08:54:30.418   267   267 D wpa_supplicant: Wireless event: cmd=0x8c00 len=20
07-03 08:54:30.418   267   267 D wpa_supplicant: RTM_NEWLINK: operstate=1 ifi_flags=0x11043 ([UP][RUNNING][LOWER_UP])
07-03 08:54:30.418   267   267 D wpa_supplicant: RTM_NEWLINK, IFLA_IFNAME: Interface 'wlan0' added
07-03 08:54:30.418   267   267 D wpa_supplicant: Wireless event: cmd=0x8c00 len=20
07-03 08:54:30.418   267   267 D wpa_supplicant: RTM_NEWLINK: operstate=1 ifi_flags=0x11043 ([UP][RUNNING][LOWER_UP])
07-03 08:54:30.418   267   267 D wpa_supplicant: RTM_NEWLINK, IFLA_IFNAME: Interface 'wlan0' added
07-03 08:54:30.418   267   267 D wpa_supplicant: Wireless event: cmd=0x8c00 len=20
07-03 08:54:30.418   267   267 D wpa_supplicant: RTM_NEWLINK: operstate=1 ifi_flags=0x11043 ([UP][RUNNING][LOWER_UP])
07-03 08:54:30.418   267   267 D wpa_supplicant: RTM_NEWLINK, IFLA_IFNAME: Interface 'wlan0' added
07-03 08:54:30.418   267   267 D wpa_supplicant: Wireless event: cmd=0x8c00 len=20
07-03 08:54:30.418   267   267 D wpa_supplicant: RTM_NEWLINK: operstate=1 ifi_flags=0x11043 ([UP][RUNNING][LOWER_UP])
07-03 08:54:30.418   267   267 D wpa_supplicant: RTM_NEWLINK, IFLA_IFNAME: Interface 'wlan0' added
07-03 08:54:30.418   267   267 D wpa_supplicant: Wireless event: cmd=0x8c00 len=20
07-03 08:54:30.418   267   267 D wpa_supplicant: RTM_NEWLINK: operstate=1 ifi_flags=0x11043 ([UP][RUNNING][LOWER_UP])
07-03 08:54:30.418   267   267 D wpa_supplicant: RTM_NEWLINK, IFLA_IFNAME: Interface 'wlan0' added
07-03 08:54:30.418   267   267 D wpa_supplicant: Wireless event: cmd=0x8c00 len=20
07-03 08:54:30.418   267   267 D wpa_supplicant: RTM_NEWLINK: operstate=1 ifi_flags=0x11043 ([UP][RUNNING][LOWER_UP])
07-03 08:54:30.418   267   267 D wpa_supplicant: RTM_NEWLINK, IFLA_IFNAME: Interface 'wlan0' added
07-03 08:54:30.418   267   267 D wpa_supplicant: Wireless event: cmd=0x8c00 len=20
07-03 08:54:30.418   267   267 D wpa_supplicant: RTM_NEWLINK: operstate=1 ifi_flags=0x11043 ([UP][RUNNING][LOWER_UP])
07-03 08:54:30.418   267   267 D wpa_supplicant: RTM_NEWLINK, IFLA_IFNAME: Interface 'wlan0' added
07-03 08:54:30.418   267   267 D wpa_supplicant: Wireless event: cmd=0x8c00 len=20
07-03 08:54:30.418   267   267 D wpa_supplicant: RTM_NEWLINK: operstate=1 ifi_flags=0x11043 ([UP][RUNNING][LOWER_UP])
07-03 08:54:30.418   267   267 D wpa_supplicant: RTM_NEWLINK, IFLA_IFNAME: Interface 'wlan0' added
07-03 08:54:30.418   267   267 D wpa_supplicant: Wireless event: cmd=0x8c00 len=20
07-03 08:54:30.418   267   267 D wpa_supplicant: RTM_NEWLINK: operstate=1 ifi_flags=0x11043 ([UP][RUNNING][LOWER_UP])
07-03 08:54:30.418   267   267 D wpa_supplicant: RTM_NEWLINK, IFLA_IFNAME: Interface 'wlan0' added
07-03 08:54:30.418   267   267 D wpa_supplicant: Wireless event: cmd=0x8c00 len=20
07-03 08:54:30.418   267   267 D wpa_supplicant: RTM_NEWLINK: operstate=1 ifi_flags=0x11043 ([UP][RUNNING][LOWER_UP])
07-03 08:54:30.418   267   267 D wpa_supplicant: RTM_NEWLINK, IFLA_IFNAME: Interface 'wlan0' added
07-03 08:54:30.418   267   267 D wpa_supplicant: Wireless event: cmd=0x8c00 len=20
07-03 08:54:30.418   267   267 D wpa_supplicant: RTM_NEWLINK: operstate=1 ifi_flags=0x11043 ([UP][RUNNING][LOWER_UP])
07-03 08:54:30.418   267   267 D wpa_supplicant: RTM_NEWLINK, IFLA_IFNAME: Interface 'wlan0' added
07-03 08:54:30.418   267   267 D wpa_supplicant: Wireless event: cmd=0x8c00 len=20
07-03 08:54:30.418   267   267 D wpa_supplicant: RTM_NEWLINK: operstate=1 ifi_flags=0x11043 ([UP][RUNNING][LOWER_UP])
07-03 08:54:30.418   267   267 D wpa_supplicant: RTM_NEWLINK, IFLA_IFNAME: Interface 'wlan0' added
07-03 08:54:30.418   267   267 D wpa_supplicant: Wireless event: cmd=0x8c00 len=20
07-03 08:54:30.418   267   267 D wpa_supplicant: RTM_NEWLINK: operstate=1 ifi_flags=0x11043 ([UP][RUNNING][LOWER_UP])
07-03 08:54:30.418   267   267 D wpa_supplicant: RTM_NEWLINK, IFLA_IFNAME: Interface 'wlan0' added
07-03 08:54:30.418   267   267 D wpa_supplicant: Wireless event: cmd=0x8c00 len=20
07-03 08:54:30.422   267   267 D wpa_supplicant: RTM_NEWLINK: operstate=1 ifi_flags=0x11043 ([UP][RUNNING][LOWER_UP])
07-03 08:54:30.422   267   267 D wpa_supplicant: RTM_NEWLINK, IFLA_IFNAME: Interface 'wlan0' added
07-03 08:54:30.422   267   267 D wpa_supplicant: Wireless event: cmd=0x8c00 len=20
07-03 08:54:30.426   267   267 D wpa_supplicant: RTM_NEWLINK: operstate=1 ifi_flags=0x11043 ([UP][RUNNING][LOWER_UP])
07-03 08:54:30.426   267   267 D wpa_supplicant: RTM_NEWLINK, IFLA_IFNAME: Interface 'wlan0' added
07-03 08:54:30.426   267   267 D wpa_supplicant: Wireless event: cmd=0x8c00 len=20
07-03 08:54:30.426   267   267 D wpa_supplicant: RTM_NEWLINK: operstate=1 ifi_flags=0x11043 ([UP][RUNNING][LOWER_UP])
07-03 08:54:30.426   267   267 D wpa_supplicant: RTM_NEWLINK, IFLA_IFNAME: Interface 'wlan0' added
07-03 08:54:30.426   267   267 D wpa_supplicant: Wireless event: cmd=0x8c00 len=20
07-03 08:55:00.137   142   144 D dalvikvm: GC_CONCURRENT freed 946K, 13% free 13451K/15303K, paused 3ms+5ms
07-03 08:56:11.512   846   997 I PhoneLab-: Service Running
07-03 08:56:11.578   846   997 I PhoneLab-LoggerService: app_37    1002  846   1480   1092  c00f181c 400309d8 S logcat
07-03 08:56:11.578   846   997 I PhoneLab-LoggerService: Logcat pid from database 1002
07-03 08:56:11.578   846   997 I PhoneLab-LoggerService: Logcat process found 1002
07-03 08:56:11.578   846   997 I PhoneLab-LoggerService: Checking Threshold
07-03 08:57:00.074   212   214 D dalvikvm: GC_CONCURRENT freed 384K, 8% free 9671K/10439K, paused 1ms+2ms
07-03 08:58:11.512   846   997 I PhoneLab-: Service Running
07-03 08:58:11.578   846   997 I PhoneLab-LoggerService: app_37    1002  846   1480   1092  c00f181c 400309d8 S logcat
07-03 08:58:11.578   846   997 I PhoneLab-LoggerService: Logcat pid from database 1002
07-03 08:58:11.578   846   997 I PhoneLab-LoggerService: Logcat process found 1002
07-03 08:58:11.578   846   997 I PhoneLab-LoggerService: Checking Threshold
07-03 09:00:11.512   846   997 I PhoneLab-: Service Running
07-03 09:00:11.547   846   997 I PhoneLab-LoggerService: app_37    1002  846   1480   1092  c00f181c 400309d8 S logcat
07-03 09:00:11.547   846   997 I PhoneLab-LoggerService: Logcat pid from database 1002
07-03 09:00:11.547   846   997 I PhoneLab-LoggerService: Logcat process found 1002
07-03 09:00:11.547   846   997 I PhoneLab-LoggerService: Checking Threshold
07-03 09:00:11.554   846   849 D dalvikvm: GC_CONCURRENT freed 394K, 18% free 9142K/11079K, paused 1ms+2ms
07-03 09:00:36.758   267   267 D wpa_supplicant: wpa_driver_wext_driver_cmd BTCOEXMODE 1 len = 4096
07-03 09:00:36.906   267   267 D wpa_supplicant: wpa_driver_wext_driver_cmd OK len = 0, 2
07-03 09:00:36.906   267   267 D wpa_supplicant: wpa_driver_wext_driver_cmd GETPOWER len = 4096
07-03 09:00:36.910   267   267 D wpa_supplicant: wpa_driver_wext_driver_cmd powermode = 0 len = 13, 13
07-03 09:00:36.910   267   267 D wpa_supplicant: wpa_driver_wext_driver_cmd POWERMODE 1 len = 4096
07-03 09:00:36.922   267   267 D wpa_supplicant: wpa_driver_wext_driver_cmd OK len = 0, 2
07-03 09:00:37.133   267   267 D wpa_supplicant: wpa_driver_wext_driver_cmd POWERMODE 0 len = 4096
07-03 09:00:37.144   267   267 D wpa_supplicant: wpa_driver_wext_driver_cmd OK len = 0, 2
07-03 09:00:37.148   267   267 D wpa_supplicant: wpa_driver_wext_driver_cmd BTCOEXMODE 2 len = 4096
07-03 09:00:37.148   267   267 D wpa_supplicant: wpa_driver_wext_driver_cmd OK len = 0, 2
07-03 09:02:11.512   846   997 I PhoneLab-: Service Running
07-03 09:02:11.574   846   997 I PhoneLab-LoggerService: app_37    1002  846   1480   1092  c00f181c 400309d8 S logcat
07-03 09:02:11.574   846   997 I PhoneLab-LoggerService: Logcat pid from database 1002
07-03 09:02:11.574   846   997 I PhoneLab-LoggerService: Logcat process found 1002
07-03 09:02:11.574   846   997 I PhoneLab-LoggerService: Checking Threshold
07-03 09:04:11.508   846   997 I PhoneLab-: Service Running
07-03 09:04:11.582   846   997 I PhoneLab-LoggerService: app_37    1002  846   1480   1092  c00f181c 400309d8 S logcat
07-03 09:04:11.582   846   997 I PhoneLab-LoggerService: Logcat pid from database 1002
07-03 09:04:11.582   846   997 I PhoneLab-LoggerService: Logcat process found 1002
07-03 09:04:11.582   846   997 I PhoneLab-LoggerService: Checking Threshold
07-03 09:04:56.297   496  1010 I EventLogService: Aggregate from 1341318896169 (log), 1341318896169 (data)
07-03 09:04:56.406   496   498 D dalvikvm: GC_CONCURRENT freed 401K, 8% free 9740K/10567K, paused 3ms+2ms
07-03 09:06:11.512   846   997 I PhoneLab-: Service Running
07-03 09:06:11.574   846   997 I PhoneLab-LoggerService: app_37    1002  846   1480   1092  c00f181c 400309d8 S logcat
07-03 09:06:11.574   846   997 I PhoneLab-LoggerService: Logcat pid from database 1002
07-03 09:06:11.574   846   997 I PhoneLab-LoggerService: Logcat process found 1002
07-03 09:06:11.574   846   997 I PhoneLab-LoggerService: Checking Threshold
07-03 09:08:11.512   846   997 I PhoneLab-: Service Running
07-03 09:08:11.570   846   997 I PhoneLab-LoggerService: app_37    1002  846   1480   1092  c00f181c 400309d8 S logcat
07-03 09:08:11.570   846   997 I PhoneLab-LoggerService: Logcat pid from database 1002
07-03 09:08:11.570   846   997 I PhoneLab-LoggerService: Logcat process found 1002
07-03 09:08:11.570   846   997 I PhoneLab-LoggerService: Checking Threshold
07-03 09:10:11.508   846   997 I PhoneLab-: Service Running
07-03 09:10:11.578   846   997 I PhoneLab-LoggerService: app_37    1002  846   1480   1092  c00f181c 400309d8 S logcat
07-03 09:10:11.582   846   997 I PhoneLab-LoggerService: Logcat pid from database 1002
07-03 09:10:11.582   846   997 I PhoneLab-LoggerService: Logcat process found 1002
07-03 09:10:11.582   846   997 I PhoneLab-LoggerService: Checking Threshold
07-03 09:10:13.148   267   267 D wpa_supplicant: wpa_driver_wext_driver_cmd BTCOEXMODE 1 len = 4096
07-03 09:10:13.293   267   267 D wpa_supplicant: wpa_driver_wext_driver_cmd OK len = 0, 2
07-03 09:10:13.293   267   267 D wpa_supplicant: wpa_driver_wext_driver_cmd GETPOWER len = 4096
07-03 09:10:13.297   267   267 D wpa_supplicant: wpa_driver_wext_driver_cmd powermode = 0 len = 13, 13
07-03 09:10:13.297   267   267 D wpa_supplicant: wpa_driver_wext_driver_cmd POWERMODE 1 len = 4096
07-03 09:10:13.308   267   267 D wpa_supplicant: wpa_driver_wext_driver_cmd OK len = 0, 2
07-03 09:10:13.523   267   267 D wpa_supplicant: wpa_driver_wext_driver_cmd POWERMODE 0 len = 4096
07-03 09:10:13.535   267   267 D wpa_supplicant: wpa_driver_wext_driver_cmd OK len = 0, 2
07-03 09:10:13.535   267   267 D wpa_supplicant: wpa_driver_wext_driver_cmd BTCOEXMODE 2 len = 4096
07-03 09:10:13.539   267   267 D wpa_supplicant: wpa_driver_wext_driver_cmd OK len = 0, 2
07-03 09:12:11.508   846   997 I PhoneLab-: Service Running
07-03 09:12:11.578   846   997 I PhoneLab-LoggerService: app_37    1002  846   1480   1092  c00f181c 400309d8 S logcat
07-03 09:12:11.582   846   997 I PhoneLab-LoggerService: Logcat pid from database 1002
07-03 09:12:11.582   846   997 I PhoneLab-LoggerService: Logcat process found 1002
07-03 09:12:11.582   846   997 I PhoneLab-LoggerService: Checking Threshold
07-03 09:13:55.969   846   846 I PhoneLab-Locks: wake lock acquired
07-03 09:13:55.972   846 15304 I PhoneLab-PeriodicCheckService: User info is synched
07-03 09:13:55.972   846 15304 I PhoneLab-PeriodicCheckService: Logger Service is running
07-03 09:13:55.980   846   846 I PhoneLab-Locks: wake lock acquired
07-03 09:13:55.980   846   846 I PhoneLab-StatusMonitor: Status Monitoring is started
07-03 09:13:55.984   846   846 E PhoneLab-PhoneLabManifest: java.io.FileNotFoundException: /data/data/edu.buffalo.cse.phonelab.phonelabservices/files/manifest.xml: open failed: ENOENT (No such file or directory)
07-03 09:13:55.984   846   846 I PhoneLab-Locks: wake lock released
07-03 09:13:55.988   846 15304 I PhoneLab-Locks: wake lock acquired
07-03 09:13:55.992   846   846 I PhoneLab-UploadLogs: Transfering log files now
07-03 09:13:55.992   846   846 I PhoneLab-UploadLogs: No log files to transfer
07-03 09:13:55.992   846   846 I PhoneLab-Locks: wake lock released
07-03 09:13:55.992   846   846 I PhoneLab-UploadLogs: OnStartCommand
07-03 09:13:55.992   846 15304 I PhoneLab-PeriodicCheckService: Rescheduling periodic checking...
07-03 09:13:55.996   846 15304 I PhoneLab-Locks: wake lock released
07-03 09:14:11.512   846   997 I PhoneLab-: Service Running
07-03 09:14:11.590   846   849 D dalvikvm: GC_CONCURRENT freed 388K, 18% free 9152K/11079K, paused 1ms+2ms
07-03 09:14:11.594   846   997 I PhoneLab-LoggerService: app_37    1002  846   1480   1092  c00f181c 400309d8 S logcat
07-03 09:14:11.594   846   997 I PhoneLab-LoggerService: Logcat pid from database 1002
07-03 09:14:11.594   846   997 I PhoneLab-LoggerService: Logcat process found 1002
07-03 09:14:11.594   846   997 I PhoneLab-LoggerService: Checking Threshold
07-03 09:16:00.137   142   144 D dalvikvm: GC_CONCURRENT freed 1013K, 13% free 13422K/15303K, paused 2ms+5ms
07-03 09:16:11.512   846   997 I PhoneLab-: Service Running
07-03 09:16:11.570   846   997 I PhoneLab-LoggerService: app_37    1002  846   1480   1092  c00f181c 400309d8 S logcat
07-03 09:16:11.570   846   997 I PhoneLab-LoggerService: Logcat pid from database 1002
07-03 09:16:11.570   846   997 I PhoneLab-LoggerService: Logcat process found 1002
07-03 09:16:11.570   846   997 I PhoneLab-LoggerService: Checking Threshold
07-03 09:17:28.887   267   267 D wpa_supplicant: EAPOL: Ignoring WPA EAPOL-Key frame in EAPOL state machines
07-03 09:17:28.887   267   267 D wpa_supplicant: wpa_driver_wext_set_key: alg=2 key_idx=1 set_tx=0 seq_len=6 key_len=32
07-03 09:17:28.898   267   267 I wpa_supplicant: wlan0: WPA: Group rekeying completed with d0:c2:82:66:6b:f1 [GTK=TKIP]
07-03 09:18:11.512   846   997 I PhoneLab-: Service Running
07-03 09:18:11.574   846   997 I PhoneLab-LoggerService: app_37    1002  846   1480   1092  c00f181c 400309d8 S logcat
07-03 09:18:11.574   846   997 I PhoneLab-LoggerService: Logcat pid from database 1002
07-03 09:18:11.574   846   997 I PhoneLab-LoggerService: Logcat process found 1002
07-03 09:18:11.574   846   997 I PhoneLab-LoggerService: Checking Threshold
07-03 09:18:55.039   267   267 D wpa_supplicant: RTM_NEWLINK: operstate=1 ifi_flags=0x11043 ([UP][RUNNING][LOWER_UP])
07-03 09:18:55.039   267   267 D wpa_supplicant: RTM_NEWLINK, IFLA_IFNAME: Interface 'wlan0' added
07-03 09:18:55.039   267   267 D wpa_supplicant: Wireless event: cmd=0x8c00 len=20
07-03 09:19:49.531   267   267 D wpa_supplicant: wpa_driver_wext_driver_cmd BTCOEXMODE 1 len = 4096
07-03 09:19:49.676   267   267 D wpa_supplicant: wpa_driver_wext_driver_cmd OK len = 0, 2
07-03 09:19:49.676   267   267 D wpa_supplicant: wpa_driver_wext_driver_cmd GETPOWER len = 4096
07-03 09:19:49.676   267   267 D wpa_supplicant: wpa_driver_wext_driver_cmd powermode = 0 len = 13, 13
07-03 09:19:49.679   267   267 D wpa_supplicant: wpa_driver_wext_driver_cmd POWERMODE 1 len = 4096
07-03 09:19:49.691   267   267 D wpa_supplicant: wpa_driver_wext_driver_cmd OK len = 0, 2
07-03 09:19:49.902   267   267 D wpa_supplicant: wpa_driver_wext_driver_cmd POWERMODE 0 len = 4096
07-03 09:19:49.914   267   267 D wpa_supplicant: wpa_driver_wext_driver_cmd OK len = 0, 2
07-03 09:19:49.918   267   267 D wpa_supplicant: wpa_driver_wext_driver_cmd BTCOEXMODE 2 len = 4096
07-03 09:19:49.922   267   267 D wpa_supplicant: wpa_driver_wext_driver_cmd OK len = 0, 2
07-03 09:20:11.512   846   997 I PhoneLab-: Service Running
07-03 09:20:11.574   846   997 I PhoneLab-LoggerService: app_37    1002  846   1480   1092  c00f181c 400309d8 S logcat
07-03 09:20:11.574   846   997 I PhoneLab-LoggerService: Logcat pid from database 1002
07-03 09:20:11.574   846   997 I PhoneLab-LoggerService: Logcat process found 1002
07-03 09:20:11.574   846   997 I PhoneLab-LoggerService: Checking Threshold
07-03 09:22:11.512   846   997 I PhoneLab-: Service Running
07-03 09:22:11.566   846   997 I PhoneLab-LoggerService: app_37    1002  846   1480   1092  c00f181c 400309d8 S logcat
07-03 09:22:11.566   846   997 I PhoneLab-LoggerService: Logcat pid from database 1002
07-03 09:22:11.566   846   997 I PhoneLab-LoggerService: Logcat process found 1002
07-03 09:22:11.566   846   997 I PhoneLab-LoggerService: Checking Threshold
07-03 09:24:11.512   846   997 I PhoneLab-: Service Running
07-03 09:24:11.566   846   997 I PhoneLab-LoggerService: app_37    1002  846   1480   1092  c00f181c 400309d8 S logcat
07-03 09:24:11.566   846   997 I PhoneLab-LoggerService: Logcat pid from database 1002
07-03 09:24:11.566   846   997 I PhoneLab-LoggerService: Logcat process found 1002
07-03 09:24:11.566   846   997 I PhoneLab-LoggerService: Checking Threshold
07-03 09:26:11.512   846   997 I PhoneLab-: Service Running
07-03 09:26:11.566   846   997 I PhoneLab-LoggerService: app_37    1002  846   1480   1092  c00f181c 400309d8 S logcat
07-03 09:26:11.566   846   997 I PhoneLab-LoggerService: Logcat pid from database 1002
07-03 09:26:11.566   846   997 I PhoneLab-LoggerService: Logcat process found 1002
07-03 09:26:11.566   846   997 I PhoneLab-LoggerService: Checking Threshold
07-03 09:28:11.508   846   997 I PhoneLab-: Service Running
07-03 09:28:11.578   846   997 I PhoneLab-LoggerService: app_37    1002  846   1480   1092  c00f181c 400309d8 S logcat
07-03 09:28:11.582   846   997 I PhoneLab-LoggerService: Logcat pid from database 1002
07-03 09:28:11.582   846   997 I PhoneLab-LoggerService: Logcat process found 1002
07-03 09:28:11.582   846   997 I PhoneLab-LoggerService: Checking Threshold
07-03 09:29:25.918   267   267 D wpa_supplicant: wpa_driver_wext_driver_cmd BTCOEXMODE 1 len = 4096
07-03 09:29:26.066   267   267 D wpa_supplicant: wpa_driver_wext_driver_cmd OK len = 0, 2
07-03 09:29:26.066   267   267 D wpa_supplicant: wpa_driver_wext_driver_cmd GETPOWER len = 4096
07-03 09:29:26.070   267   267 D wpa_supplicant: wpa_driver_wext_driver_cmd powermode = 0 len = 13, 13
07-03 09:29:26.070   267   267 D wpa_supplicant: wpa_driver_wext_driver_cmd POWERMODE 1 len = 4096
07-03 09:29:26.082   267   267 D wpa_supplicant: wpa_driver_wext_driver_cmd OK len = 0, 2
07-03 09:29:26.297   267   267 D wpa_supplicant: wpa_driver_wext_driver_cmd POWERMODE 0 len = 4096
07-03 09:29:26.308   267   267 D wpa_supplicant: wpa_driver_wext_driver_cmd OK len = 0, 2
07-03 09:29:26.308   267   267 D wpa_supplicant: wpa_driver_wext_driver_cmd BTCOEXMODE 2 len = 4096
07-03 09:29:26.312   267   267 D wpa_supplicant: wpa_driver_wext_driver_cmd OK len = 0, 2
07-03 09:30:11.512   846   997 I PhoneLab-: Service Running
07-03 09:30:11.578   846   849 D dalvikvm: GC_CONCURRENT freed 395K, 18% free 9142K/11079K, paused 2ms+6ms
07-03 09:30:11.582   846   997 I PhoneLab-LoggerService: app_37    1002  846   1480   1092  c00f181c 400309d8 S logcat
07-03 09:30:11.586   846   997 I PhoneLab-LoggerService: Logcat pid from database 1002
07-03 09:30:11.586   846   997 I PhoneLab-LoggerService: Logcat process found 1002
07-03 09:30:11.586   846   997 I PhoneLab-LoggerService: Checking Threshold
07-03 09:32:11.508   846   997 I PhoneLab-: Service Running
07-03 09:32:11.578   846   997 I PhoneLab-LoggerService: app_37    1002  846   1480   1092  c00f181c 400309d8 S logcat
07-03 09:32:11.582   846   997 I PhoneLab-LoggerService: Logcat pid from database 1002
07-03 09:32:11.582   846   997 I PhoneLab-LoggerService: Logcat process found 1002
07-03 09:32:11.582   846   997 I PhoneLab-LoggerService: Checking Threshold
07-03 09:32:46.097   142   144 D dalvikvm: GC_CONCURRENT freed 993K, 13% free 13405K/15303K, paused 16ms+4ms
07-03 09:34:11.512   846   997 I PhoneLab-: Service Running
07-03 09:34:11.570   846   997 I PhoneLab-LoggerService: app_37    1002  846   1480   1092  c00f181c 400309d8 S logcat
07-03 09:34:11.570   846   997 I PhoneLab-LoggerService: Logcat pid from database 1002
07-03 09:34:11.570   846   997 I PhoneLab-LoggerService: Logcat process found 1002
07-03 09:34:11.570   846   997 I PhoneLab-LoggerService: Checking Threshold
07-03 09:34:56.387   496   618 I EventLogService: Aggregate from 1341320696305 (log), 1341320696305 (data)
07-03 09:36:11.508   846   997 I PhoneLab-: Service Running
07-03 09:36:11.582   846   997 I PhoneLab-LoggerService: app_37    1002  846   1480   1092  c00f181c 400309d8 S logcat
07-03 09:36:11.582   846   997 I PhoneLab-LoggerService: Logcat pid from database 1002
07-03 09:36:11.582   846   997 I PhoneLab-LoggerService: Logcat process found 1002
07-03 09:36:11.582   846   997 I PhoneLab-LoggerService: Checking Threshold
07-03 09:38:11.512   846   997 I PhoneLab-: Service Running
07-03 09:38:11.562   846   997 I PhoneLab-LoggerService: app_37    1002  846   1480   1092  c00f181c 400309d8 S logcat
07-03 09:38:11.562   846   997 I PhoneLab-LoggerService: Logcat pid from database 1002
07-03 09:38:11.562   846   997 I PhoneLab-LoggerService: Logcat process found 1002
07-03 09:38:11.562   846   997 I PhoneLab-LoggerService: Checking Threshold
07-03 09:39:02.305   267   267 D wpa_supplicant: wpa_driver_wext_driver_cmd BTCOEXMODE 1 len = 4096
07-03 09:39:02.453   267   267 D wpa_supplicant: wpa_driver_wext_driver_cmd OK len = 0, 2
07-03 09:39:02.453   267   267 D wpa_supplicant: wpa_driver_wext_driver_cmd GETPOWER len = 4096
07-03 09:39:02.457   267   267 D wpa_supplicant: wpa_driver_wext_driver_cmd powermode = 0 len = 13, 13
07-03 09:39:02.457   267   267 D wpa_supplicant: wpa_driver_wext_driver_cmd POWERMODE 1 len = 4096
07-03 09:39:02.469   267   267 D wpa_supplicant: wpa_driver_wext_driver_cmd OK len = 0, 2
07-03 09:39:02.680   267   267 D wpa_supplicant: wpa_driver_wext_driver_cmd POWERMODE 0 len = 4096
07-03 09:39:02.691   267   267 D wpa_supplicant: wpa_driver_wext_driver_cmd OK len = 0, 2
07-03 09:39:02.695   267   267 D wpa_supplicant: wpa_driver_wext_driver_cmd BTCOEXMODE 2 len = 4096
07-03 09:39:02.695   267   267 D wpa_supplicant: wpa_driver_wext_driver_cmd OK len = 0, 2
07-03 09:40:11.508   846   997 I PhoneLab-: Service Running
07-03 09:40:11.578   846   997 I PhoneLab-LoggerService: app_37    1002  846   1480   1092  c00f181c 400309d8 S logcat
07-03 09:40:11.582   846   997 I PhoneLab-LoggerService: Logcat pid from database 1002
07-03 09:40:11.582   846   997 I PhoneLab-LoggerService: Logcat process found 1002
07-03 09:40:11.582   846   997 I PhoneLab-LoggerService: Checking Threshold
07-03 09:42:11.512   846   997 I PhoneLab-: Service Running
07-03 09:42:11.566   846   997 I PhoneLab-LoggerService: app_37    1002  846   1480   1092  c00f181c 400309d8 S logcat
07-03 09:42:11.566   846   997 I PhoneLab-LoggerService: Logcat pid from database 1002
07-03 09:42:11.566   846   997 I PhoneLab-LoggerService: Logcat process found 1002
07-03 09:42:11.566   846   997 I PhoneLab-LoggerService: Checking Threshold
07-03 09:43:56.027   846   846 I PhoneLab-Locks: wake lock acquired
07-03 09:43:56.031   846 15389 I PhoneLab-PeriodicCheckService: User info is synched
07-03 09:43:56.035   846 15389 I PhoneLab-PeriodicCheckService: Logger Service is running
07-03 09:43:56.039   846   846 I PhoneLab-Locks: wake lock acquired
07-03 09:43:56.039   846   846 I PhoneLab-StatusMonitor: Status Monitoring is started
07-03 09:43:56.043   846   846 E PhoneLab-PhoneLabManifest: java.io.FileNotFoundException: /data/data/edu.buffalo.cse.phonelab.phonelabservices/files/manifest.xml: open failed: ENOENT (No such file or directory)
07-03 09:43:56.043   846   846 I PhoneLab-Locks: wake lock released
07-03 09:43:56.047   846 15389 I PhoneLab-Locks: wake lock acquired
07-03 09:43:56.066   846   846 I PhoneLab-UploadLogs: Transfering log files now
07-03 09:43:56.066   846   846 I PhoneLab-UploadLogs: No log files to transfer
07-03 09:43:56.070   846   846 I PhoneLab-Locks: wake lock released
07-03 09:43:56.070   846   846 I PhoneLab-UploadLogs: OnStartCommand
07-03 09:43:56.070   846 15389 I PhoneLab-PeriodicCheckService: Rescheduling periodic checking...
07-03 09:43:56.070   846 15389 I PhoneLab-Locks: wake lock released
07-03 09:43:56.094   846   849 D dalvikvm: GC_CONCURRENT freed 408K, 18% free 9120K/11079K, paused 1ms+4ms
07-03 09:44:11.512   846   997 I PhoneLab-: Service Running
07-03 09:44:11.570   846   997 I PhoneLab-LoggerService: app_37    1002  846   1480   1092  c00f181c 400309d8 S logcat
07-03 09:44:11.570   846   997 I PhoneLab-LoggerService: Logcat pid from database 1002
07-03 09:44:11.570   846   997 I PhoneLab-LoggerService: Logcat process found 1002
07-03 09:44:11.570   846   997 I PhoneLab-LoggerService: Checking Threshold
07-03 09:46:11.508   846   997 I PhoneLab-: Service Running
07-03 09:46:11.582   846   997 I PhoneLab-LoggerService: app_37    1002  846   1480   1092  c00f181c 400309d8 S logcat
07-03 09:46:11.582   846   997 I PhoneLab-LoggerService: Logcat pid from database 1002
07-03 09:46:11.582   846   997 I PhoneLab-LoggerService: Logcat process found 1002
07-03 09:46:11.582   846   997 I PhoneLab-LoggerService: Checking Threshold
07-03 09:48:11.512   846   997 I PhoneLab-: Service Running
07-03 09:48:11.574   846   997 I PhoneLab-LoggerService: app_37    1002  846   1480   1092  c00f181c 400309d8 S logcat
07-03 09:48:11.574   846   997 I PhoneLab-LoggerService: Logcat pid from database 1002
07-03 09:48:11.574   846   997 I PhoneLab-LoggerService: Logcat process found 1002
07-03 09:48:11.574   846   997 I PhoneLab-LoggerService: Checking Threshold
07-03 09:48:38.691   267   267 D wpa_supplicant: wpa_driver_wext_driver_cmd BTCOEXMODE 1 len = 4096
07-03 09:48:38.840   267   267 D wpa_supplicant: wpa_driver_wext_driver_cmd OK len = 0, 2
07-03 09:48:38.840   267   267 D wpa_supplicant: wpa_driver_wext_driver_cmd GETPOWER len = 4096
07-03 09:48:38.844   267   267 D wpa_supplicant: wpa_driver_wext_driver_cmd powermode = 0 len = 13, 13
07-03 09:48:38.844   267   267 D wpa_supplicant: wpa_driver_wext_driver_cmd POWERMODE 1 len = 4096
07-03 09:48:38.855   267   267 D wpa_supplicant: wpa_driver_wext_driver_cmd OK len = 0, 2
07-03 09:48:39.066   267   267 D wpa_supplicant: wpa_driver_wext_driver_cmd POWERMODE 0 len = 4096
07-03 09:48:39.078   267   267 D wpa_supplicant: wpa_driver_wext_driver_cmd OK len = 0, 2
07-03 09:48:39.082   267   267 D wpa_supplicant: wpa_driver_wext_driver_cmd BTCOEXMODE 2 len = 4096
07-03 09:48:39.082   267   267 D wpa_supplicant: wpa_driver_wext_driver_cmd OK len = 0, 2
07-03 09:50:11.512   846   997 I PhoneLab-: Service Running
07-03 09:50:11.566   846   997 I PhoneLab-LoggerService: app_37    1002  846   1480   1092  c00f181c 400309d8 S logcat
07-03 09:50:11.566   846   997 I PhoneLab-LoggerService: Logcat pid from database 1002
07-03 09:50:11.566   846   997 I PhoneLab-LoggerService: Logcat process found 1002
07-03 09:50:11.566   846   997 I PhoneLab-LoggerService: Checking Threshold
07-03 09:50:36.230   212   214 D dalvikvm: GC_CONCURRENT freed 385K, 8% free 9672K/10439K, paused 2ms+2ms
07-03 09:52:11.512   846   997 I PhoneLab-: Service Running
07-03 09:52:11.566   846   997 I PhoneLab-LoggerService: app_37    1002  846   1480   1092  c00f181c 400309d8 S logcat
07-03 09:52:11.566   846   997 I PhoneLab-LoggerService: Logcat pid from database 1002
07-03 09:52:11.566   846   997 I PhoneLab-LoggerService: Logcat process found 1002
07-03 09:52:11.566   846   997 I PhoneLab-LoggerService: Checking Threshold
07-03 09:54:11.512   846   997 I PhoneLab-: Service Running
07-03 09:54:11.574   846   997 I PhoneLab-LoggerService: app_37    1002  846   1480   1092  c00f181c 400309d8 S logcat
07-03 09:54:11.574   846   997 I PhoneLab-LoggerService: Logcat pid from database 1002
07-03 09:54:11.574   846   997 I PhoneLab-LoggerService: Logcat process found 1002
07-03 09:54:11.574   846   997 I PhoneLab-LoggerService: Checking Threshold
07-03 09:54:43.719   142   144 D dalvikvm: GC_CONCURRENT freed 962K, 13% free 13420K/15303K, paused 17ms+4ms
07-03 09:56:11.512   846   997 I PhoneLab-: Service Running
07-03 09:56:11.578   846   997 I PhoneLab-LoggerService: app_37    1002  846   1480   1092  c00f181c 400309d8 S logcat
07-03 09:56:11.578   846   997 I PhoneLab-LoggerService: Logcat pid from database 1002
07-03 09:56:11.578   846   997 I PhoneLab-LoggerService: Logcat process found 1002
07-03 09:56:11.578   846   997 I PhoneLab-LoggerService: Checking Threshold
07-03 09:58:11.512   846   997 I PhoneLab-: Service Running
07-03 09:58:11.574   846   997 I PhoneLab-LoggerService: app_37    1002  846   1480   1092  c00f181c 400309d8 S logcat
07-03 09:58:11.574   846   997 I PhoneLab-LoggerService: Logcat pid from database 1002
07-03 09:58:11.574   846   997 I PhoneLab-LoggerService: Logcat process found 1002
07-03 09:58:11.574   846   997 I PhoneLab-LoggerService: Checking Threshold
07-03 09:58:11.582   846   849 D dalvikvm: GC_CONCURRENT freed 374K, 18% free 9141K/11079K, paused 2ms+2ms
07-03 09:58:15.082   267   267 D wpa_supplicant: wpa_driver_wext_driver_cmd BTCOEXMODE 1 len = 4096
07-03 09:58:15.226   267   267 D wpa_supplicant: wpa_driver_wext_driver_cmd OK len = 0, 2
07-03 09:58:15.226   267   267 D wpa_supplicant: wpa_driver_wext_driver_cmd GETPOWER len = 4096
07-03 09:58:15.230   267   267 D wpa_supplicant: wpa_driver_wext_driver_cmd powermode = 0 len = 13, 13
07-03 09:58:15.230   267   267 D wpa_supplicant: wpa_driver_wext_driver_cmd POWERMODE 1 len = 4096
07-03 09:58:15.242   267   267 D wpa_supplicant: wpa_driver_wext_driver_cmd OK len = 0, 2
07-03 09:58:15.453   267   267 D wpa_supplicant: wpa_driver_wext_driver_cmd POWERMODE 0 len = 4096
07-03 09:58:15.469   267   267 D wpa_supplicant: wpa_driver_wext_driver_cmd OK len = 0, 2
07-03 09:58:15.469   267   267 D wpa_supplicant: wpa_driver_wext_driver_cmd BTCOEXMODE 2 len = 4096
07-03 09:58:15.472   267   267 D wpa_supplicant: wpa_driver_wext_driver_cmd OK len = 0, 2
07-03 10:00:11.512   846   997 I PhoneLab-: Service Running
07-03 10:00:11.566   846   997 I PhoneLab-LoggerService: app_37    1002  846   1480   1092  c00f181c 400309d8 S logcat
07-03 10:00:11.566   846   997 I PhoneLab-LoggerService: Logcat pid from database 1002
07-03 10:00:11.566   846   997 I PhoneLab-LoggerService: Logcat process found 1002
07-03 10:00:11.566   846   997 I PhoneLab-LoggerService: Checking Threshold
07-03 10:02:11.512   846   997 I PhoneLab-: Service Running
07-03 10:02:11.562   846   997 I PhoneLab-LoggerService: app_37    1002  846   1480   1092  c00f181c 400309d8 S logcat
07-03 10:02:11.562   846   997 I PhoneLab-LoggerService: Logcat pid from database 1002
07-03 10:02:11.562   846   997 I PhoneLab-LoggerService: Logcat process found 1002
07-03 10:02:11.562   846   997 I PhoneLab-LoggerService: Checking Threshold
07-03 10:04:11.512   846   997 I PhoneLab-: Service Running
07-03 10:04:11.562   846   997 I PhoneLab-LoggerService: app_37    1002  846   1480   1092  c00f181c 400309d8 S logcat
07-03 10:04:11.562   846   997 I PhoneLab-LoggerService: Logcat pid from database 1002
07-03 10:04:11.562   846   997 I PhoneLab-LoggerService: Logcat process found 1002
07-03 10:04:11.562   846   997 I PhoneLab-LoggerService: Checking Threshold
07-03 10:04:56.488   496   773 I EventLogService: Aggregate from 1341322496392 (log), 1341322496392 (data)
07-03 10:06:11.512   846   997 I PhoneLab-: Service Running
07-03 10:06:11.570   846   997 I PhoneLab-LoggerService: app_37    1002  846   1480   1092  c00f181c 400309d8 S logcat
07-03 10:06:11.570   846   997 I PhoneLab-LoggerService: Logcat pid from database 1002
07-03 10:06:11.570   846   997 I PhoneLab-LoggerService: Logcat process found 1002
07-03 10:06:11.570   846   997 I PhoneLab-LoggerService: Checking Threshold
07-03 10:06:41.476   142   453 D dalvikvm: GC_EXPLICIT freed 650K, 13% free 13398K/15303K, paused 21ms+5ms
07-03 10:07:51.465   267   267 D wpa_supplicant: wpa_driver_wext_driver_cmd BTCOEXMODE 1 len = 4096
07-03 10:07:51.609   267   267 D wpa_supplicant: wpa_driver_wext_driver_cmd OK len = 0, 2
07-03 10:07:51.609   267   267 D wpa_supplicant: wpa_driver_wext_driver_cmd GETPOWER len = 4096
07-03 10:07:51.613   267   267 D wpa_supplicant: wpa_driver_wext_driver_cmd powermode = 0 len = 13, 13
07-03 10:07:51.613   267   267 D wpa_supplicant: wpa_driver_wext_driver_cmd POWERMODE 1 len = 4096
07-03 10:07:51.625   267   267 D wpa_supplicant: wpa_driver_wext_driver_cmd OK len = 0, 2
07-03 10:07:51.836   267   267 D wpa_supplicant: wpa_driver_wext_driver_cmd POWERMODE 0 len = 4096
07-03 10:07:51.847   267   267 D wpa_supplicant: wpa_driver_wext_driver_cmd OK len = 0, 2
07-03 10:07:51.851   267   267 D wpa_supplicant: wpa_driver_wext_driver_cmd BTCOEXMODE 2 len = 4096
07-03 10:07:51.851   267   267 D wpa_supplicant: wpa_driver_wext_driver_cmd OK len = 0, 2
07-03 10:08:11.512   846   997 I PhoneLab-: Service Running
07-03 10:08:11.578   846   997 I PhoneLab-LoggerService: app_37    1002  846   1480   1092  c00f181c 400309d8 S logcat
07-03 10:08:11.578   846   997 I PhoneLab-LoggerService: Logcat pid from database 1002
07-03 10:08:11.578   846   997 I PhoneLab-LoggerService: Logcat process found 1002
07-03 10:08:11.578   846   997 I PhoneLab-LoggerService: Checking Threshold
07-03 10:10:11.512   846   997 I PhoneLab-: Service Running
07-03 10:10:11.539   846   997 I PhoneLab-LoggerService: app_37    1002  846   1480   1092  c00f181c 400309d8 S logcat
07-03 10:10:11.539   846   997 I PhoneLab-LoggerService: Logcat pid from database 1002
07-03 10:10:11.539   846   997 I PhoneLab-LoggerService: Logcat process found 1002
07-03 10:10:11.539   846   997 I PhoneLab-LoggerService: Checking Threshold
07-03 10:10:43.273   267   267 D wpa_supplicant: RTM_NEWLINK: operstate=1 ifi_flags=0x11043 ([UP][RUNNING][LOWER_UP])
07-03 10:10:43.281   267   267 D wpa_supplicant: RTM_NEWLINK, IFLA_IFNAME: Interface 'wlan0' added
07-03 10:10:43.281   267   267 D wpa_supplicant: Wireless event: cmd=0x8c00 len=20
07-03 10:10:43.281   267   267 D wpa_supplicant: RTM_NEWLINK: operstate=1 ifi_flags=0x11043 ([UP][RUNNING][LOWER_UP])
07-03 10:10:43.281   267   267 D wpa_supplicant: RTM_NEWLINK, IFLA_IFNAME: Interface 'wlan0' added
07-03 10:10:43.281   267   267 D wpa_supplicant: Wireless event: cmd=0x8c00 len=20
07-03 10:12:11.508   846   997 I PhoneLab-: Service Running
07-03 10:12:11.578   846   997 I PhoneLab-LoggerService: app_37    1002  846   1480   1092  c00f181c 400309d8 S logcat
07-03 10:12:11.582   846   997 I PhoneLab-LoggerService: Logcat pid from database 1002
07-03 10:12:11.582   846   997 I PhoneLab-LoggerService: Logcat process found 1002
07-03 10:12:11.582   846   997 I PhoneLab-LoggerService: Checking Threshold
07-03 10:13:56.094   846   846 I PhoneLab-Locks: wake lock acquired
07-03 10:13:56.113   846 15474 I PhoneLab-PeriodicCheckService: User info is synched
07-03 10:13:56.113   846 15474 I PhoneLab-PeriodicCheckService: Logger Service is running
07-03 10:13:56.117   846   846 I PhoneLab-Locks: wake lock acquired
07-03 10:13:56.121   846   846 I PhoneLab-StatusMonitor: Status Monitoring is started
07-03 10:13:56.140   846   846 E PhoneLab-PhoneLabManifest: java.io.FileNotFoundException: /data/data/edu.buffalo.cse.phonelab.phonelabservices/files/manifest.xml: open failed: ENOENT (No such file or directory)
07-03 10:13:56.140   846   846 I PhoneLab-Locks: wake lock released
07-03 10:13:56.144   846 15474 I PhoneLab-Locks: wake lock acquired
07-03 10:13:56.144   846   846 I PhoneLab-UploadLogs: Transfering log files now
07-03 10:13:56.144   846   846 I PhoneLab-UploadLogs: No log files to transfer
07-03 10:13:56.144   846   846 I PhoneLab-Locks: wake lock released
07-03 10:13:56.148   846   846 I PhoneLab-UploadLogs: OnStartCommand
07-03 10:13:56.148   846 15474 I PhoneLab-PeriodicCheckService: Rescheduling periodic checking...
07-03 10:13:56.152   846 15474 I PhoneLab-Locks: wake lock released
07-03 10:13:56.176   846   849 D dalvikvm: GC_CONCURRENT freed 419K, 18% free 9134K/11079K, paused 1ms+4ms
07-03 10:14:11.512   846   997 I PhoneLab-: Service Running
07-03 10:14:11.562   846   997 I PhoneLab-LoggerService: app_37    1002  846   1480   1092  c00f181c 400309d8 S logcat
07-03 10:14:11.562   846   997 I PhoneLab-LoggerService: Logcat pid from database 1002
07-03 10:14:11.562   846   997 I PhoneLab-LoggerService: Logcat process found 1002
07-03 10:14:11.562   846   997 I PhoneLab-LoggerService: Checking Threshold
07-03 10:16:11.512   846   997 I PhoneLab-: Service Running
07-03 10:16:11.574   846   997 I PhoneLab-LoggerService: app_37    1002  846   1480   1092  c00f181c 400309d8 S logcat
07-03 10:16:11.574   846   997 I PhoneLab-LoggerService: Logcat pid from database 1002
07-03 10:16:11.574   846   997 I PhoneLab-LoggerService: Logcat process found 1002
07-03 10:16:11.574   846   997 I PhoneLab-LoggerService: Checking Threshold
07-03 10:17:27.847   267   267 D wpa_supplicant: wpa_driver_wext_driver_cmd BTCOEXMODE 1 len = 4096
07-03 10:17:27.992   267   267 D wpa_supplicant: wpa_driver_wext_driver_cmd OK len = 0, 2
07-03 10:17:27.992   267   267 D wpa_supplicant: wpa_driver_wext_driver_cmd GETPOWER len = 4096
07-03 10:17:27.996   267   267 D wpa_supplicant: wpa_driver_wext_driver_cmd powermode = 0 len = 13, 13
07-03 10:17:27.996   267   267 D wpa_supplicant: wpa_driver_wext_driver_cmd POWERMODE 1 len = 4096
07-03 10:17:28.008   267   267 D wpa_supplicant: wpa_driver_wext_driver_cmd OK len = 0, 2
07-03 10:17:28.219   267   267 D wpa_supplicant: wpa_driver_wext_driver_cmd POWERMODE 0 len = 4096
07-03 10:17:28.230   267   267 D wpa_supplicant: wpa_driver_wext_driver_cmd OK len = 0, 2
07-03 10:17:28.234   267   267 D wpa_supplicant: wpa_driver_wext_driver_cmd BTCOEXMODE 2 len = 4096
07-03 10:17:28.234   267   267 D wpa_supplicant: wpa_driver_wext_driver_cmd OK len = 0, 2
07-03 10:17:54.777   267   267 D wpa_supplicant: EAPOL: Ignoring WPA EAPOL-Key frame in EAPOL state machines
07-03 10:17:54.781   267   267 D wpa_supplicant: wpa_driver_wext_set_key: alg=2 key_idx=1 set_tx=0 seq_len=6 key_len=32
07-03 10:17:54.793   267   267 I wpa_supplicant: wlan0: WPA: Group rekeying completed with d0:c2:82:66:6b:f1 [GTK=TKIP]
07-03 10:18:11.512   846   997 I PhoneLab-: Service Running
07-03 10:18:11.578   846   997 I PhoneLab-LoggerService: app_37    1002  846   1480   1092  c00f181c 400309d8 S logcat
07-03 10:18:11.578   846   997 I PhoneLab-LoggerService: Logcat pid from database 1002
07-03 10:18:11.578   846   997 I PhoneLab-LoggerService: Logcat process found 1002
07-03 10:18:11.578   846   997 I PhoneLab-LoggerService: Checking Threshold
07-03 10:19:23.976   267   267 D wpa_supplicant: RTM_NEWLINK: operstate=1 ifi_flags=0x11043 ([UP][RUNNING][LOWER_UP])
07-03 10:19:23.976   267   267 D wpa_supplicant: RTM_NEWLINK, IFLA_IFNAME: Interface 'wlan0' added
07-03 10:19:23.976   267   267 D wpa_supplicant: Wireless event: cmd=0x8c00 len=20
07-03 10:19:23.984   267   267 D wpa_supplicant: RTM_NEWLINK: operstate=1 ifi_flags=0x11043 ([UP][RUNNING][LOWER_UP])
07-03 10:19:23.984   267   267 D wpa_supplicant: RTM_NEWLINK, IFLA_IFNAME: Interface 'wlan0' added
07-03 10:19:23.984   267   267 D wpa_supplicant: Wireless event: cmd=0x8c00 len=20
07-03 10:19:23.984   267   267 D wpa_supplicant: RTM_NEWLINK: operstate=1 ifi_flags=0x11043 ([UP][RUNNING][LOWER_UP])
07-03 10:19:23.984   267   267 D wpa_supplicant: RTM_NEWLINK, IFLA_IFNAME: Interface 'wlan0' added
07-03 10:19:23.992   267   267 D wpa_supplicant: Wireless event: cmd=0x8c00 len=20
07-03 10:19:23.992   267   267 D wpa_supplicant: RTM_NEWLINK: operstate=1 ifi_flags=0x11043 ([UP][RUNNING][LOWER_UP])
07-03 10:19:23.992   267   267 D wpa_supplicant: RTM_NEWLINK, IFLA_IFNAME: Interface 'wlan0' added
07-03 10:19:23.992   267   267 D wpa_supplicant: Wireless event: cmd=0x8c00 len=20
07-03 10:19:23.992   267   267 D wpa_supplicant: RTM_NEWLINK: operstate=1 ifi_flags=0x11043 ([UP][RUNNING][LOWER_UP])
07-03 10:19:23.992   267   267 D wpa_supplicant: RTM_NEWLINK, IFLA_IFNAME: Interface 'wlan0' added
07-03 10:19:23.992   267   267 D wpa_supplicant: Wireless event: cmd=0x8c00 len=20
07-03 10:19:23.992   267   267 D wpa_supplicant: RTM_NEWLINK: operstate=1 ifi_flags=0x11043 ([UP][RUNNING][LOWER_UP])
07-03 10:19:23.992   267   267 D wpa_supplicant: RTM_NEWLINK, IFLA_IFNAME: Interface 'wlan0' added
07-03 10:19:23.992   267   267 D wpa_supplicant: Wireless event: cmd=0x8c00 len=20
07-03 10:19:23.992   267   267 D wpa_supplicant: RTM_NEWLINK: operstate=1 ifi_flags=0x11043 ([UP][RUNNING][LOWER_UP])
07-03 10:19:23.992   267   267 D wpa_supplicant: RTM_NEWLINK, IFLA_IFNAME: Interface 'wlan0' added
07-03 10:19:23.992   267   267 D wpa_supplicant: Wireless event: cmd=0x8c00 len=20
07-03 10:20:11.512   846   997 I PhoneLab-: Service Running
07-03 10:20:11.562   846   997 I PhoneLab-LoggerService: app_37    1002  846   1480   1092  c00f181c 400309d8 S logcat
07-03 10:20:11.562   846   997 I PhoneLab-LoggerService: Logcat pid from database 1002
07-03 10:20:11.562   846   997 I PhoneLab-LoggerService: Logcat process found 1002
07-03 10:20:11.562   846   997 I PhoneLab-LoggerService: Checking Threshold
07-03 10:22:11.512   846   997 I PhoneLab-: Service Running
07-03 10:22:11.574   846   997 I PhoneLab-LoggerService: app_37    1002  846   1480   1092  c00f181c 400309d8 S logcat
07-03 10:22:11.574   846   997 I PhoneLab-LoggerService: Logcat pid from database 1002
07-03 10:22:11.574   846   997 I PhoneLab-LoggerService: Logcat process found 1002
07-03 10:22:11.574   846   997 I PhoneLab-LoggerService: Checking Threshold
07-03 10:24:11.512   846   997 I PhoneLab-: Service Running
07-03 10:24:11.578   846   997 I PhoneLab-LoggerService: app_37    1002  846   1480   1092  c00f181c 400309d8 S logcat
07-03 10:24:11.578   846   997 I PhoneLab-LoggerService: Logcat pid from database 1002
07-03 10:24:11.578   846   997 I PhoneLab-LoggerService: Logcat process found 1002
07-03 10:24:11.578   846   997 I PhoneLab-LoggerService: Checking Threshold
