07-10 03:52:34.724 17367 17367 D wpa_supplicant: wpa_driver_wext_driver_cmd OK len = 0, 2
07-10 03:52:34.724 17367 17367 D wpa_supplicant: wpa_driver_wext_driver_cmd BTCOEXMODE 2 len = 4096
07-10 03:52:34.728 17367 17367 D wpa_supplicant: wpa_driver_wext_driver_cmd OK len = 0, 2
07-10 03:54:11.510   846   997 I PhoneLab-: Service Running
07-10 03:54:11.568   846   997 I PhoneLab-LoggerService: app_37    1002  846   1480   1092  c00f181c 400309d8 S logcat
07-10 03:54:11.568   846   997 I PhoneLab-LoggerService: Logcat pid from database 1002
07-10 03:54:11.568   846   997 I PhoneLab-LoggerService: Logcat process found 1002
07-10 03:54:11.568   846   997 I PhoneLab-LoggerService: Checking Threshold
07-10 03:55:04.521   142   144 D dalvikvm: GC_CONCURRENT freed 960K, 13% free 13378K/15303K, paused 17ms+5ms
07-10 03:56:11.510   846   997 I PhoneLab-: Service Running
07-10 03:56:11.576   846   997 I PhoneLab-LoggerService: app_37    1002  846   1480   1092  c00f181c 400309d8 S logcat
07-10 03:56:11.576   846   997 I PhoneLab-LoggerService: Logcat pid from database 1002
07-10 03:56:11.576   846   997 I PhoneLab-LoggerService: Logcat process found 1002
07-10 03:56:11.576   846   997 I PhoneLab-LoggerService: Checking Threshold
07-10 03:58:11.510   846   997 I PhoneLab-: Service Running
07-10 03:58:11.584   846   997 I PhoneLab-LoggerService: app_37    1002  846   1480   1092  c00f181c 400309d8 S logcat
07-10 03:58:11.584   846   997 I PhoneLab-LoggerService: Logcat pid from database 1002
07-10 03:58:11.584   846   997 I PhoneLab-LoggerService: Logcat process found 1002
07-10 03:58:11.584   846   997 I PhoneLab-LoggerService: Checking Threshold
07-10 03:58:11.595   846   849 D dalvikvm: GC_CONCURRENT freed 387K, 18% free 9143K/11079K, paused 2ms+2ms
07-10 04:00:11.510   846   997 I PhoneLab-: Service Running
07-10 04:00:11.564   846   997 I PhoneLab-LoggerService: app_37    1002  846   1480   1092  c00f181c 400309d8 S logcat
07-10 04:00:11.564   846   997 I PhoneLab-LoggerService: Logcat pid from database 1002
07-10 04:00:11.564   846   997 I PhoneLab-LoggerService: Logcat process found 1002
07-10 04:00:11.564   846   997 I PhoneLab-LoggerService: Checking Threshold
07-10 04:02:10.720 17367 17367 D wpa_supplicant: wpa_driver_wext_driver_cmd BTCOEXMODE 1 len = 4096
07-10 04:02:10.865 17367 17367 D wpa_supplicant: wpa_driver_wext_driver_cmd OK len = 0, 2
07-10 04:02:10.865 17367 17367 D wpa_supplicant: wpa_driver_wext_driver_cmd GETPOWER len = 4096
07-10 04:02:10.869 17367 17367 D wpa_supplicant: wpa_driver_wext_driver_cmd powermode = 0 len = 13, 13
07-10 04:02:10.869 17367 17367 D wpa_supplicant: wpa_driver_wext_driver_cmd POWERMODE 1 len = 4096
07-10 04:02:10.881 17367 17367 D wpa_supplicant: wpa_driver_wext_driver_cmd OK len = 0, 2
07-10 04:02:11.095 17367 17367 D wpa_supplicant: wpa_driver_wext_driver_cmd POWERMODE 0 len = 4096
07-10 04:02:11.107 17367 17367 D wpa_supplicant: wpa_driver_wext_driver_cmd OK len = 0, 2
07-10 04:02:11.107 17367 17367 D wpa_supplicant: wpa_driver_wext_driver_cmd BTCOEXMODE 2 len = 4096
07-10 04:02:11.111 17367 17367 D wpa_supplicant: wpa_driver_wext_driver_cmd OK len = 0, 2
07-10 04:02:11.510   846   997 I PhoneLab-: Service Running
07-10 04:02:11.537   846   997 I PhoneLab-LoggerService: app_37    1002  846   1480   1092  c00f181c 400309d8 S logcat
07-10 04:02:11.537   846   997 I PhoneLab-LoggerService: Logcat pid from database 1002
07-10 04:02:11.537   846   997 I PhoneLab-LoggerService: Logcat process found 1002
07-10 04:02:11.537   846   997 I PhoneLab-LoggerService: Checking Threshold
07-10 04:02:54.127   212   214 D dalvikvm: GC_CONCURRENT freed 411K, 6% free 9958K/10503K, paused 1ms+3ms
07-10 04:04:11.510   846   997 I PhoneLab-: Service Running
07-10 04:04:11.572   846   997 I PhoneLab-LoggerService: app_37    1002  846   1480   1092  c00f181c 400309d8 S logcat
07-10 04:04:11.572   846   997 I PhoneLab-LoggerService: Logcat pid from database 1002
07-10 04:04:11.572   846   997 I PhoneLab-LoggerService: Logcat process found 1002
07-10 04:04:11.572   846   997 I PhoneLab-LoggerService: Checking Threshold
07-10 04:05:30.912   496   773 I EventLogService: Aggregate from 1341905730786 (log), 1341905730786 (data)
07-10 04:06:11.513   846   997 I PhoneLab-: Service Running
07-10 04:06:11.564   846   997 I PhoneLab-LoggerService: app_37    1002  846   1480   1092  c00f181c 400309d8 S logcat
07-10 04:06:11.564   846   997 I PhoneLab-LoggerService: Logcat pid from database 1002
07-10 04:06:11.564   846   997 I PhoneLab-LoggerService: Logcat process found 1002
07-10 04:06:11.564   846   997 I PhoneLab-LoggerService: Checking Threshold
07-10 04:08:11.510   846   997 I PhoneLab-: Service Running
07-10 04:08:11.564   846   997 I PhoneLab-LoggerService: app_37    1002  846   1480   1092  c00f181c 400309d8 S logcat
07-10 04:08:11.564   846   997 I PhoneLab-LoggerService: Logcat pid from database 1002
07-10 04:08:11.564   846   997 I PhoneLab-LoggerService: Logcat process found 1002
07-10 04:08:11.564   846   997 I PhoneLab-LoggerService: Checking Threshold
07-10 04:10:11.510   846   997 I PhoneLab-: Service Running
07-10 04:10:11.572   846   997 I PhoneLab-LoggerService: app_37    1002  846   1480   1092  c00f181c 400309d8 S logcat
07-10 04:10:11.576   846   997 I PhoneLab-LoggerService: Logcat pid from database 1002
07-10 04:10:11.576   846   997 I PhoneLab-LoggerService: Logcat process found 1002
07-10 04:10:11.576   846   997 I PhoneLab-LoggerService: Checking Threshold
07-10 04:11:47.103 17367 17367 D wpa_supplicant: wpa_driver_wext_driver_cmd BTCOEXMODE 1 len = 4096
07-10 04:11:47.252 17367 17367 D wpa_supplicant: wpa_driver_wext_driver_cmd OK len = 0, 2
07-10 04:11:47.252 17367 17367 D wpa_supplicant: wpa_driver_wext_driver_cmd GETPOWER len = 4096
07-10 04:11:47.256 17367 17367 D wpa_supplicant: wpa_driver_wext_driver_cmd powermode = 0 len = 13, 13
07-10 04:11:47.256 17367 17367 D wpa_supplicant: wpa_driver_wext_driver_cmd POWERMODE 1 len = 4096
07-10 04:11:47.267 17367 17367 D wpa_supplicant: wpa_driver_wext_driver_cmd OK len = 0, 2
07-10 04:11:47.482 17367 17367 D wpa_supplicant: wpa_driver_wext_driver_cmd POWERMODE 0 len = 4096
07-10 04:11:47.494 17367 17367 D wpa_supplicant: wpa_driver_wext_driver_cmd OK len = 0, 2
07-10 04:11:47.498 17367 17367 D wpa_supplicant: wpa_driver_wext_driver_cmd BTCOEXMODE 2 len = 4096
07-10 04:11:47.502 17367 17367 D wpa_supplicant: wpa_driver_wext_driver_cmd OK len = 0, 2
07-10 04:12:11.510   846   997 I PhoneLab-: Service Running
07-10 04:12:11.572   846   997 I PhoneLab-LoggerService: app_37    1002  846   1480   1092  c00f181c 400309d8 S logcat
07-10 04:12:11.576   846   997 I PhoneLab-LoggerService: Logcat pid from database 1002
07-10 04:12:11.576   846   997 I PhoneLab-LoggerService: Logcat process found 1002
07-10 04:12:11.576   846   997 I PhoneLab-LoggerService: Checking Threshold
07-10 04:14:04.178   846   846 I PhoneLab-Locks: wake lock acquired
07-10 04:14:04.193   846 11428 I PhoneLab-PeriodicCheckService: User info is synched
07-10 04:14:04.193   846 11428 I PhoneLab-PeriodicCheckService: Logger Service is running
07-10 04:14:04.193   846 11428 I PhoneLab-Locks: wake lock acquired
07-10 04:14:04.197   846   846 I PhoneLab-UploadLogs: Transfering log files now
07-10 04:14:04.197   846   846 I PhoneLab-UploadLogs: No log files to transfer
07-10 04:14:04.197   846   846 I PhoneLab-Locks: wake lock released
07-10 04:14:04.197   846   846 I PhoneLab-UploadLogs: OnStartCommand
07-10 04:14:04.201   846 11428 I PhoneLab-PeriodicCheckService: Rescheduling periodic checking...
07-10 04:14:04.201   846 11428 I PhoneLab-Locks: wake lock released
07-10 04:14:05.728   142   144 D dalvikvm: GC_CONCURRENT freed 965K, 13% free 13377K/15303K, paused 17ms+4ms
07-10 04:14:11.510   846   997 I PhoneLab-: Service Running
07-10 04:14:11.584   846   849 D dalvikvm: GC_CONCURRENT freed 391K, 18% free 9154K/11079K, paused 2ms+2ms
07-10 04:14:11.588   846   997 I PhoneLab-LoggerService: app_37    1002  846   1480   1092  c00f181c 400309d8 S logcat
07-10 04:14:11.588   846   997 I PhoneLab-LoggerService: Logcat pid from database 1002
07-10 04:14:11.588   846   997 I PhoneLab-LoggerService: Logcat process found 1002
07-10 04:14:11.588   846   997 I PhoneLab-LoggerService: Checking Threshold
07-10 04:16:11.510   846   997 I PhoneLab-: Service Running
07-10 04:16:11.572   846   997 I PhoneLab-LoggerService: app_37    1002  846   1480   1092  c00f181c 400309d8 S logcat
07-10 04:16:11.572   846   997 I PhoneLab-LoggerService: Logcat pid from database 1002
07-10 04:16:11.572   846   997 I PhoneLab-LoggerService: Logcat process found 1002
07-10 04:16:11.572   846   997 I PhoneLab-LoggerService: Checking Threshold
07-10 04:18:11.510   846   997 I PhoneLab-: Service Running
07-10 04:18:11.564   846   997 I PhoneLab-LoggerService: app_37    1002  846   1480   1092  c00f181c 400309d8 S logcat
07-10 04:18:11.564   846   997 I PhoneLab-LoggerService: Logcat pid from database 1002
07-10 04:18:11.564   846   997 I PhoneLab-LoggerService: Logcat process found 1002
07-10 04:18:11.564   846   997 I PhoneLab-LoggerService: Checking Threshold
07-10 04:20:11.510   846   997 I PhoneLab-: Service Running
07-10 04:20:11.568   846   997 I PhoneLab-LoggerService: app_37    1002  846   1480   1092  c00f181c 400309d8 S logcat
07-10 04:20:11.568   846   997 I PhoneLab-LoggerService: Logcat pid from database 1002
07-10 04:20:11.568   846   997 I PhoneLab-LoggerService: Logcat process found 1002
07-10 04:20:11.568   846   997 I PhoneLab-LoggerService: Checking Threshold
07-10 04:21:23.494 17367 17367 D wpa_supplicant: wpa_driver_wext_driver_cmd BTCOEXMODE 1 len = 4096
07-10 04:21:23.638 17367 17367 D wpa_supplicant: wpa_driver_wext_driver_cmd OK len = 0, 2
07-10 04:21:23.638 17367 17367 D wpa_supplicant: wpa_driver_wext_driver_cmd GETPOWER len = 4096
07-10 04:21:23.642 17367 17367 D wpa_supplicant: wpa_driver_wext_driver_cmd powermode = 0 len = 13, 13
07-10 04:21:23.642 17367 17367 D wpa_supplicant: wpa_driver_wext_driver_cmd POWERMODE 1 len = 4096
07-10 04:21:23.654 17367 17367 D wpa_supplicant: wpa_driver_wext_driver_cmd OK len = 0, 2
07-10 04:21:23.865 17367 17367 D wpa_supplicant: wpa_driver_wext_driver_cmd POWERMODE 0 len = 4096
07-10 04:21:23.881 17367 17367 D wpa_supplicant: wpa_driver_wext_driver_cmd OK len = 0, 2
07-10 04:21:23.881 17367 17367 D wpa_supplicant: wpa_driver_wext_driver_cmd BTCOEXMODE 2 len = 4096
07-10 04:21:23.881 17367 17367 D wpa_supplicant: wpa_driver_wext_driver_cmd OK len = 0, 2
07-10 04:22:11.510   846   997 I PhoneLab-: Service Running
07-10 04:22:11.580   846   997 I PhoneLab-LoggerService: app_37    1002  846   1480   1092  c00f181c 400309d8 S logcat
07-10 04:22:11.580   846   997 I PhoneLab-LoggerService: Logcat pid from database 1002
07-10 04:22:11.580   846   997 I PhoneLab-LoggerService: Logcat process found 1002
07-10 04:22:11.580   846   997 I PhoneLab-LoggerService: Checking Threshold
07-10 04:24:11.510   846   997 I PhoneLab-: Service Running
07-10 04:24:11.572   846   997 I PhoneLab-LoggerService: app_37    1002  846   1480   1092  c00f181c 400309d8 S logcat
07-10 04:24:11.576   846   997 I PhoneLab-LoggerService: Logcat pid from database 1002
07-10 04:24:11.576   846   997 I PhoneLab-LoggerService: Logcat process found 1002
07-10 04:24:11.576   846   997 I PhoneLab-LoggerService: Checking Threshold
07-10 04:26:11.510   846   997 I PhoneLab-: Service Running
07-10 04:26:11.572   846   997 I PhoneLab-LoggerService: app_37    1002  846   1480   1092  c00f181c 400309d8 S logcat
07-10 04:26:11.576   846   997 I PhoneLab-LoggerService: Logcat pid from database 1002
07-10 04:26:11.576   846   997 I PhoneLab-LoggerService: Logcat process found 1002
07-10 04:26:11.576   846   997 I PhoneLab-LoggerService: Checking Threshold
07-10 04:27:00.115   212   214 D dalvikvm: GC_CONCURRENT freed 390K, 5% free 9980K/10503K, paused 2ms+3ms
07-10 04:28:11.510   846   997 I PhoneLab-: Service Running
07-10 04:28:11.576   846   997 I PhoneLab-LoggerService: app_37    1002  846   1480   1092  c00f181c 400309d8 S logcat
07-10 04:28:11.576   846   997 I PhoneLab-LoggerService: Logcat pid from database 1002
07-10 04:28:11.576   846   997 I PhoneLab-LoggerService: Logcat process found 1002
07-10 04:28:11.580   846   997 I PhoneLab-LoggerService: Checking Threshold
07-10 04:30:11.510   846   997 I PhoneLab-: Service Running
07-10 04:30:11.595   846   849 D dalvikvm: GC_CONCURRENT freed 396K, 18% free 9143K/11079K, paused 2ms+6ms
07-10 04:30:11.599   846   997 I PhoneLab-LoggerService: app_37    1002  846   1480   1092  c00f181c 400309d8 S logcat
07-10 04:30:11.599   846   997 I PhoneLab-LoggerService: Logcat pid from database 1002
07-10 04:30:11.599   846   997 I PhoneLab-LoggerService: Logcat process found 1002
07-10 04:30:11.599   846   997 I PhoneLab-LoggerService: Checking Threshold
07-10 04:30:59.881 17367 17367 D wpa_supplicant: wpa_driver_wext_driver_cmd BTCOEXMODE 1 len = 4096
07-10 04:31:00.037 17367 17367 D wpa_supplicant: wpa_driver_wext_driver_cmd OK len = 0, 2
07-10 04:31:00.037 17367 17367 D wpa_supplicant: wpa_driver_wext_driver_cmd GETPOWER len = 4096
07-10 04:31:00.037 17367 17367 D wpa_supplicant: wpa_driver_wext_driver_cmd powermode = 0 len = 13, 13
07-10 04:31:00.037 17367 17367 D wpa_supplicant: wpa_driver_wext_driver_cmd POWERMODE 1 len = 4096
07-10 04:31:00.049 17367 17367 D wpa_supplicant: wpa_driver_wext_driver_cmd OK len = 0, 2
07-10 04:31:00.256 17367 17367 D wpa_supplicant: wpa_driver_wext_driver_cmd POWERMODE 0 len = 4096
07-10 04:31:00.267 17367 17367 D wpa_supplicant: wpa_driver_wext_driver_cmd OK len = 0, 2
07-10 04:31:00.271 17367 17367 D wpa_supplicant: wpa_driver_wext_driver_cmd BTCOEXMODE 2 len = 4096
07-10 04:31:00.271 17367 17367 D wpa_supplicant: wpa_driver_wext_driver_cmd OK len = 0, 2
07-10 04:31:57.232 17367 17367 D wpa_supplicant: EAPOL: Ignoring WPA EAPOL-Key frame in EAPOL state machines
07-10 04:31:57.232 17367 17367 D wpa_supplicant: wpa_driver_wext_set_key: alg=2 key_idx=1 set_tx=0 seq_len=6 key_len=32
07-10 04:31:57.248 17367 17367 I wpa_supplicant: wlan0: WPA: Group rekeying completed with d0:c2:82:66:6b:f1 [GTK=TKIP]
07-10 04:32:11.510   846   997 I PhoneLab-: Service Running
07-10 04:32:11.576   846   997 I PhoneLab-LoggerService: app_37    1002  846   1480   1092  c00f181c 400309d8 S logcat
07-10 04:32:11.576   846   997 I PhoneLab-LoggerService: Logcat pid from database 1002
07-10 04:32:11.580   846   997 I PhoneLab-LoggerService: Logcat process found 1002
07-10 04:32:11.580   846   997 I PhoneLab-LoggerService: Checking Threshold
07-10 04:34:09.080   142   144 D dalvikvm: GC_CONCURRENT freed 979K, 13% free 13370K/15303K, paused 17ms+4ms
07-10 04:34:11.510   846   997 I PhoneLab-: Service Running
07-10 04:34:11.572   846   997 I PhoneLab-LoggerService: app_37    1002  846   1480   1092  c00f181c 400309d8 S logcat
07-10 04:34:11.572   846   997 I PhoneLab-LoggerService: Logcat pid from database 1002
07-10 04:34:11.572   846   997 I PhoneLab-LoggerService: Logcat process found 1002
07-10 04:34:11.572   846   997 I PhoneLab-LoggerService: Checking Threshold
07-10 04:35:30.998   496   622 I EventLogService: Aggregate from 1341907530919 (log), 1341907530919 (data)
07-10 04:35:31.119   496   498 D dalvikvm: GC_CONCURRENT freed 400K, 8% free 9764K/10567K, paused 13ms+2ms
07-10 04:36:11.510   846   997 I PhoneLab-: Service Running
07-10 04:36:11.572   846   997 I PhoneLab-LoggerService: app_37    1002  846   1480   1092  c00f181c 400309d8 S logcat
07-10 04:36:11.576   846   997 I PhoneLab-LoggerService: Logcat pid from database 1002
07-10 04:36:11.576   846   997 I PhoneLab-LoggerService: Logcat process found 1002
07-10 04:36:11.576   846   997 I PhoneLab-LoggerService: Checking Threshold
07-10 04:37:30.178   330   332 D dalvikvm: GC_CONCURRENT freed 434K, 6% free 9482K/10055K, paused 2ms+2ms
07-10 04:38:11.510   846   997 I PhoneLab-: Service Running
07-10 04:38:11.564   846   997 I PhoneLab-LoggerService: app_37    1002  846   1480   1092  c00f181c 400309d8 S logcat
07-10 04:38:11.564   846   997 I PhoneLab-LoggerService: Logcat pid from database 1002
07-10 04:38:11.564   846   997 I PhoneLab-LoggerService: Logcat process found 1002
07-10 04:38:11.564   846   997 I PhoneLab-LoggerService: Checking Threshold
07-10 04:40:11.513   846   997 I PhoneLab-: Service Running
07-10 04:40:11.572   846   997 I PhoneLab-LoggerService: app_37    1002  846   1480   1092  c00f181c 400309d8 S logcat
07-10 04:40:11.576   846   997 I PhoneLab-LoggerService: Logcat pid from database 1002
07-10 04:40:11.576   846   997 I PhoneLab-LoggerService: Logcat process found 1002
07-10 04:40:11.576   846   997 I PhoneLab-LoggerService: Checking Threshold
07-10 04:40:36.267 17367 17367 D wpa_supplicant: wpa_driver_wext_driver_cmd BTCOEXMODE 1 len = 4096
07-10 04:40:36.416 17367 17367 D wpa_supplicant: wpa_driver_wext_driver_cmd OK len = 0, 2
07-10 04:40:36.416 17367 17367 D wpa_supplicant: wpa_driver_wext_driver_cmd GETPOWER len = 4096
07-10 04:40:36.420 17367 17367 D wpa_supplicant: wpa_driver_wext_driver_cmd powermode = 0 len = 13, 13
07-10 04:40:36.420 17367 17367 D wpa_supplicant: wpa_driver_wext_driver_cmd POWERMODE 1 len = 4096
07-10 04:40:36.431 17367 17367 D wpa_supplicant: wpa_driver_wext_driver_cmd OK len = 0, 2
07-10 04:40:36.642 17367 17367 D wpa_supplicant: wpa_driver_wext_driver_cmd POWERMODE 0 len = 4096
07-10 04:40:36.658 17367 17367 D wpa_supplicant: wpa_driver_wext_driver_cmd OK len = 0, 2
07-10 04:40:36.658 17367 17367 D wpa_supplicant: wpa_driver_wext_driver_cmd BTCOEXMODE 2 len = 4096
07-10 04:40:36.658 17367 17367 D wpa_supplicant: wpa_driver_wext_driver_cmd OK len = 0, 2
07-10 04:42:11.510   846   997 I PhoneLab-: Service Running
07-10 04:42:11.580   846   997 I PhoneLab-LoggerService: app_37    1002  846   1480   1092  c00f181c 400309d8 S logcat
07-10 04:42:11.580   846   997 I PhoneLab-LoggerService: Logcat pid from database 1002
07-10 04:42:11.580   846   997 I PhoneLab-LoggerService: Logcat process found 1002
07-10 04:42:11.580   846   997 I PhoneLab-LoggerService: Checking Threshold
07-10 04:44:04.220   846   846 I PhoneLab-Locks: wake lock acquired
07-10 04:44:04.240   846 11512 I PhoneLab-PeriodicCheckService: User info is synched
07-10 04:44:04.244   846 11512 I PhoneLab-PeriodicCheckService: Logger Service is running
07-10 04:44:04.248   846   846 I PhoneLab-Locks: wake lock acquired
07-10 04:44:04.248   846   846 I PhoneLab-StatusMonitor: Status Monitoring is started
07-10 04:44:04.252   846   846 E PhoneLab-PhoneLabManifest: java.io.FileNotFoundException: /data/data/edu.buffalo.cse.phonelab.phonelabservices/files/manifest.xml: open failed: ENOENT (No such file or directory)
07-10 04:44:04.252   846   846 I PhoneLab-Locks: wake lock released
07-10 04:44:04.256   846 11512 I PhoneLab-Locks: wake lock acquired
07-10 04:44:04.275   846   846 I PhoneLab-UploadLogs: Transfering log files now
07-10 04:44:04.275   846   846 I PhoneLab-UploadLogs: No log files to transfer
07-10 04:44:04.279   846   846 I PhoneLab-Locks: wake lock released
07-10 04:44:04.279   846   846 I PhoneLab-UploadLogs: OnStartCommand
07-10 04:44:04.279   846 11512 I PhoneLab-PeriodicCheckService: Rescheduling periodic checking...
07-10 04:44:04.279   846 11512 I PhoneLab-Locks: wake lock released
07-10 04:44:04.303   846   849 D dalvikvm: GC_CONCURRENT freed 408K, 18% free 9121K/11079K, paused 2ms+4ms
07-10 04:44:11.513   846   997 I PhoneLab-: Service Running
07-10 04:44:11.564   846   997 I PhoneLab-LoggerService: app_37    1002  846   1480   1092  c00f181c 400309d8 S logcat
07-10 04:44:11.564   846   997 I PhoneLab-LoggerService: Logcat pid from database 1002
07-10 04:44:11.564   846   997 I PhoneLab-LoggerService: Logcat process found 1002
07-10 04:44:11.564   846   997 I PhoneLab-LoggerService: Checking Threshold
07-10 04:46:11.510   846   997 I PhoneLab-: Service Running
07-10 04:46:11.576   846   997 I PhoneLab-LoggerService: app_37    1002  846   1480   1092  c00f181c 400309d8 S logcat
07-10 04:46:11.576   846   997 I PhoneLab-LoggerService: Logcat pid from database 1002
07-10 04:46:11.576   846   997 I PhoneLab-LoggerService: Logcat process found 1002
07-10 04:46:11.576   846   997 I PhoneLab-LoggerService: Checking Threshold
07-10 04:48:00.115   212   214 D dalvikvm: GC_CONCURRENT freed 411K, 6% free 9963K/10503K, paused 2ms+4ms
07-10 04:48:11.510   846   997 I PhoneLab-: Service Running
07-10 04:48:11.572   846   997 I PhoneLab-LoggerService: app_37    1002  846   1480   1092  c00f181c 400309d8 S logcat
07-10 04:48:11.572   846   997 I PhoneLab-LoggerService: Logcat pid from database 1002
07-10 04:48:11.572   846   997 I PhoneLab-LoggerService: Logcat process found 1002
07-10 04:48:11.572   846   997 I PhoneLab-LoggerService: Checking Threshold
07-10 04:50:11.510   846   997 I PhoneLab-: Service Running
07-10 04:50:11.580   846   997 I PhoneLab-LoggerService: app_37    1002  846   1480   1092  c00f181c 400309d8 S logcat
07-10 04:50:11.580   846   997 I PhoneLab-LoggerService: Logcat pid from database 1002
07-10 04:50:11.580   846   997 I PhoneLab-LoggerService: Logcat process found 1002
07-10 04:50:11.580   846   997 I PhoneLab-LoggerService: Checking Threshold
07-10 04:50:12.662 17367 17367 D wpa_supplicant: wpa_driver_wext_driver_cmd BTCOEXMODE 1 len = 4096
07-10 04:50:12.810 17367 17367 D wpa_supplicant: wpa_driver_wext_driver_cmd OK len = 0, 2
07-10 04:50:12.810 17367 17367 D wpa_supplicant: wpa_driver_wext_driver_cmd GETPOWER len = 4096
07-10 04:50:12.814 17367 17367 D wpa_supplicant: wpa_driver_wext_driver_cmd powermode = 0 len = 13, 13
07-10 04:50:12.814 17367 17367 D wpa_supplicant: wpa_driver_wext_driver_cmd POWERMODE 1 len = 4096
07-10 04:50:12.826 17367 17367 D wpa_supplicant: wpa_driver_wext_driver_cmd OK len = 0, 2
07-10 04:50:13.041 17367 17367 D wpa_supplicant: wpa_driver_wext_driver_cmd POWERMODE 0 len = 4096
07-10 04:50:13.053 17367 17367 D wpa_supplicant: wpa_driver_wext_driver_cmd OK len = 0, 2
07-10 04:50:13.056 17367 17367 D wpa_supplicant: wpa_driver_wext_driver_cmd BTCOEXMODE 2 len = 4096
07-10 04:50:13.056 17367 17367 D wpa_supplicant: wpa_driver_wext_driver_cmd OK len = 0, 2
07-10 04:52:11.510   846   997 I PhoneLab-: Service Running
07-10 04:52:11.572   846   997 I PhoneLab-LoggerService: app_37    1002  846   1480   1092  c00f181c 400309d8 S logcat
07-10 04:52:11.576   846   997 I PhoneLab-LoggerService: Logcat pid from database 1002
07-10 04:52:11.576   846   997 I PhoneLab-LoggerService: Logcat process found 1002
07-10 04:52:11.576   846   997 I PhoneLab-LoggerService: Checking Threshold
07-10 04:53:00.135   142   144 D dalvikvm: GC_CONCURRENT freed 973K, 13% free 13380K/15303K, paused 17ms+5ms
07-10 04:54:11.510   846   997 I PhoneLab-: Service Running
07-10 04:54:11.576   846   997 I PhoneLab-LoggerService: app_37    1002  846   1480   1092  c00f181c 400309d8 S logcat
07-10 04:54:11.576   846   997 I PhoneLab-LoggerService: Logcat pid from database 1002
07-10 04:54:11.576   846   997 I PhoneLab-LoggerService: Logcat process found 1002
07-10 04:54:11.580   846   997 I PhoneLab-LoggerService: Checking Threshold
07-10 04:56:11.510   846   997 I PhoneLab-: Service Running
07-10 04:56:11.572   846   997 I PhoneLab-LoggerService: app_37    1002  846   1480   1092  c00f181c 400309d8 S logcat
07-10 04:56:11.572   846   997 I PhoneLab-LoggerService: Logcat pid from database 1002
07-10 04:56:11.572   846   997 I PhoneLab-LoggerService: Logcat process found 1002
07-10 04:56:11.572   846   997 I PhoneLab-LoggerService: Checking Threshold
07-10 04:58:11.510   846   997 I PhoneLab-: Service Running
07-10 04:58:11.584   846   997 I PhoneLab-LoggerService: app_37    1002  846   1480   1092  c00f181c 400309d8 S logcat
07-10 04:58:11.584   846   997 I PhoneLab-LoggerService: Logcat pid from database 1002
07-10 04:58:11.584   846   997 I PhoneLab-LoggerService: Logcat process found 1002
07-10 04:58:11.584   846   997 I PhoneLab-LoggerService: Checking Threshold
07-10 04:58:11.596   846   849 D dalvikvm: GC_CONCURRENT freed 374K, 18% free 9143K/11079K, paused 2ms+2ms
07-10 04:59:49.053 17367 17367 D wpa_supplicant: wpa_driver_wext_driver_cmd BTCOEXMODE 1 len = 4096
07-10 04:59:49.201 17367 17367 D wpa_supplicant: wpa_driver_wext_driver_cmd OK len = 0, 2
07-10 04:59:49.201 17367 17367 D wpa_supplicant: wpa_driver_wext_driver_cmd GETPOWER len = 4096
07-10 04:59:49.205 17367 17367 D wpa_supplicant: wpa_driver_wext_driver_cmd powermode = 0 len = 13, 13
07-10 04:59:49.205 17367 17367 D wpa_supplicant: wpa_driver_wext_driver_cmd POWERMODE 1 len = 4096
07-10 04:59:49.217 17367 17367 D wpa_supplicant: wpa_driver_wext_driver_cmd OK len = 0, 2
07-10 04:59:49.431 17367 17367 D wpa_supplicant: wpa_driver_wext_driver_cmd POWERMODE 0 len = 4096
07-10 04:59:49.443 17367 17367 D wpa_supplicant: wpa_driver_wext_driver_cmd OK len = 0, 2
07-10 04:59:49.443 17367 17367 D wpa_supplicant: wpa_driver_wext_driver_cmd BTCOEXMODE 2 len = 4096
07-10 04:59:49.447 17367 17367 D wpa_supplicant: wpa_driver_wext_driver_cmd OK len = 0, 2
07-10 05:00:11.510   846   997 I PhoneLab-: Service Running
07-10 05:00:11.568   846   997 I PhoneLab-LoggerService: app_37    1002  846   1480   1092  c00f181c 400309d8 S logcat
07-10 05:00:11.568   846   997 I PhoneLab-LoggerService: Logcat pid from database 1002
07-10 05:00:11.568   846   997 I PhoneLab-LoggerService: Logcat process found 1002
07-10 05:00:11.568   846   997 I PhoneLab-LoggerService: Checking Threshold
07-10 05:02:11.510   846   997 I PhoneLab-: Service Running
07-10 05:02:11.580   846   997 I PhoneLab-LoggerService: app_37    1002  846   1480   1092  c00f181c 400309d8 S logcat
07-10 05:02:11.580   846   997 I PhoneLab-LoggerService: Logcat pid from database 1002
07-10 05:02:11.580   846   997 I PhoneLab-LoggerService: Logcat process found 1002
07-10 05:02:11.580   846   997 I PhoneLab-LoggerService: Checking Threshold
07-10 05:03:05.810 17367 17367 D wpa_supplicant: RTM_NEWLINK: operstate=1 ifi_flags=0x11043 ([UP][RUNNING][LOWER_UP])
07-10 05:03:05.818 17367 17367 D wpa_supplicant: RTM_NEWLINK, IFLA_IFNAME: Interface 'wlan0' added
07-10 05:03:05.818 17367 17367 D wpa_supplicant: Wireless event: cmd=0x8c00 len=20
07-10 05:03:05.826 17367 17367 D wpa_supplicant: RTM_NEWLINK: operstate=1 ifi_flags=0x11043 ([UP][RUNNING][LOWER_UP])
07-10 05:03:05.826 17367 17367 D wpa_supplicant: RTM_NEWLINK, IFLA_IFNAME: Interface 'wlan0' added
07-10 05:03:05.826 17367 17367 D wpa_supplicant: Wireless event: cmd=0x8c00 len=20
07-10 05:03:05.838 17367 17367 D wpa_supplicant: RTM_NEWLINK: operstate=1 ifi_flags=0x11043 ([UP][RUNNING][LOWER_UP])
07-10 05:03:05.838 17367 17367 D wpa_supplicant: RTM_NEWLINK, IFLA_IFNAME: Interface 'wlan0' added
07-10 05:03:05.838 17367 17367 D wpa_supplicant: Wireless event: cmd=0x8c00 len=20
07-10 05:03:05.838 17367 17367 D wpa_supplicant: RTM_NEWLINK: operstate=1 ifi_flags=0x11043 ([UP][RUNNING][LOWER_UP])
07-10 05:03:05.838 17367 17367 D wpa_supplicant: RTM_NEWLINK, IFLA_IFNAME: Interface 'wlan0' added
07-10 05:03:05.838 17367 17367 D wpa_supplicant: Wireless event: cmd=0x8c00 len=20
07-10 05:03:05.838 17367 17367 D wpa_supplicant: RTM_NEWLINK: operstate=1 ifi_flags=0x11043 ([UP][RUNNING][LOWER_UP])
07-10 05:03:05.838 17367 17367 D wpa_supplicant: RTM_NEWLINK, IFLA_IFNAME: Interface 'wlan0' added
07-10 05:03:05.838 17367 17367 D wpa_supplicant: Wireless event: cmd=0x8c00 len=20
07-10 05:03:05.838 17367 17367 D wpa_supplicant: RTM_NEWLINK: operstate=1 ifi_flags=0x11043 ([UP][RUNNING][LOWER_UP])
07-10 05:03:05.838 17367 17367 D wpa_supplicant: RTM_NEWLINK, IFLA_IFNAME: Interface 'wlan0' added
07-10 05:03:05.838 17367 17367 D wpa_supplicant: Wireless event: cmd=0x8c00 len=20
07-10 05:03:05.838 17367 17367 D wpa_supplicant: RTM_NEWLINK: operstate=1 ifi_flags=0x11043 ([UP][RUNNING][LOWER_UP])
07-10 05:03:05.838 17367 17367 D wpa_supplicant: RTM_NEWLINK, IFLA_IFNAME: Interface 'wlan0' added
07-10 05:03:05.838 17367 17367 D wpa_supplicant: Wireless event: cmd=0x8c00 len=20
07-10 05:03:05.838 17367 17367 D wpa_supplicant: RTM_NEWLINK: operstate=1 ifi_flags=0x11043 ([UP][RUNNING][LOWER_UP])
07-10 05:03:05.838 17367 17367 D wpa_supplicant: RTM_NEWLINK, IFLA_IFNAME: Interface 'wlan0' added
07-10 05:03:05.838 17367 17367 D wpa_supplicant: Wireless event: cmd=0x8c00 len=20
07-10 05:03:05.838 17367 17367 D wpa_supplicant: RTM_NEWLINK: operstate=1 ifi_flags=0x11043 ([UP][RUNNING][LOWER_UP])
07-10 05:03:05.838 17367 17367 D wpa_supplicant: RTM_NEWLINK, IFLA_IFNAME: Interface 'wlan0' added
07-10 05:03:05.838 17367 17367 D wpa_supplicant: Wireless event: cmd=0x8c00 len=20
07-10 05:03:05.838 17367 17367 D wpa_supplicant: RTM_NEWLINK: operstate=1 ifi_flags=0x11043 ([UP][RUNNING][LOWER_UP])
07-10 05:03:05.838 17367 17367 D wpa_supplicant: RTM_NEWLINK, IFLA_IFNAME: Interface 'wlan0' added
07-10 05:03:05.838 17367 17367 D wpa_supplicant: Wireless event: cmd=0x8c00 len=20
07-10 05:03:05.838 17367 17367 D wpa_supplicant: RTM_NEWLINK: operstate=1 ifi_flags=0x11043 ([UP][RUNNING][LOWER_UP])
07-10 05:03:05.838 17367 17367 D wpa_supplicant: RTM_NEWLINK, IFLA_IFNAME: Interface 'wlan0' added
07-10 05:03:05.838 17367 17367 D wpa_supplicant: Wireless event: cmd=0x8c00 len=20
07-10 05:03:05.838 17367 17367 D wpa_supplicant: RTM_NEWLINK: operstate=1 ifi_flags=0x11043 ([UP][RUNNING][LOWER_UP])
07-10 05:03:05.838 17367 17367 D wpa_supplicant: RTM_NEWLINK, IFLA_IFNAME: Interface 'wlan0' added
07-10 05:03:05.838 17367 17367 D wpa_supplicant: Wireless event: cmd=0x8c00 len=20
07-10 05:03:05.838 17367 17367 D wpa_supplicant: RTM_NEWLINK: operstate=1 ifi_flags=0x11043 ([UP][RUNNING][LOWER_UP])
07-10 05:03:05.838 17367 17367 D wpa_supplicant: RTM_NEWLINK, IFLA_IFNAME: Interface 'wlan0' added
07-10 05:03:05.838 17367 17367 D wpa_supplicant: Wireless event: cmd=0x8c00 len=20
07-10 05:03:05.838 17367 17367 D wpa_supplicant: RTM_NEWLINK: operstate=1 ifi_flags=0x11043 ([UP][RUNNING][LOWER_UP])
07-10 05:03:05.838 17367 17367 D wpa_supplicant: RTM_NEWLINK, IFLA_IFNAME: Interface 'wlan0' added
07-10 05:03:05.838 17367 17367 D wpa_supplicant: Wireless event: cmd=0x8c00 len=20
07-10 05:03:05.838 17367 17367 D wpa_supplicant: RTM_NEWLINK: operstate=1 ifi_flags=0x11043 ([UP][RUNNING][LOWER_UP])
07-10 05:03:05.838 17367 17367 D wpa_supplicant: RTM_NEWLINK, IFLA_IFNAME: Interface 'wlan0' added
07-10 05:03:05.838 17367 17367 D wpa_supplicant: Wireless event: cmd=0x8c00 len=20
07-10 05:04:11.510   846   997 I PhoneLab-: Service Running
07-10 05:04:11.576   846   997 I PhoneLab-LoggerService: app_37    1002  846   1480   1092  c00f181c 400309d8 S logcat
07-10 05:04:11.576   846   997 I PhoneLab-LoggerService: Logcat pid from database 1002
07-10 05:04:11.576   846   997 I PhoneLab-LoggerService: Logcat process found 1002
07-10 05:04:11.580   846   997 I PhoneLab-LoggerService: Checking Threshold
07-10 05:05:31.119   496   507 D dalvikvm: GC_EXPLICIT freed 54K, 8% free 9729K/10567K, paused 2ms+2ms
07-10 05:05:31.127   496   992 I EventLogService: Aggregate from 1341909331002 (log), 1341909331002 (data)
07-10 05:06:11.510   846   997 I PhoneLab-: Service Running
07-10 05:06:11.576   846   997 I PhoneLab-LoggerService: app_37    1002  846   1480   1092  c00f181c 400309d8 S logcat
07-10 05:06:11.576   846   997 I PhoneLab-LoggerService: Logcat pid from database 1002
07-10 05:06:11.576   846   997 I PhoneLab-LoggerService: Logcat process found 1002
07-10 05:06:11.576   846   997 I PhoneLab-LoggerService: Checking Threshold
07-10 05:08:11.510   846   997 I PhoneLab-: Service Running
07-10 05:08:11.576   846   997 I PhoneLab-LoggerService: app_37    1002  846   1480   1092  c00f181c 400309d8 S logcat
07-10 05:08:11.576   846   997 I PhoneLab-LoggerService: Logcat pid from database 1002
07-10 05:08:11.576   846   997 I PhoneLab-LoggerService: Logcat process found 1002
07-10 05:08:11.580   846   997 I PhoneLab-LoggerService: Checking Threshold
07-10 05:09:25.443 17367 17367 D wpa_supplicant: wpa_driver_wext_driver_cmd BTCOEXMODE 1 len = 4096
07-10 05:09:25.592 17367 17367 D wpa_supplicant: wpa_driver_wext_driver_cmd OK len = 0, 2
07-10 05:09:25.592 17367 17367 D wpa_supplicant: wpa_driver_wext_driver_cmd GETPOWER len = 4096
07-10 05:09:25.596 17367 17367 D wpa_supplicant: wpa_driver_wext_driver_cmd powermode = 0 len = 13, 13
07-10 05:09:25.596 17367 17367 D wpa_supplicant: wpa_driver_wext_driver_cmd POWERMODE 1 len = 4096
07-10 05:09:25.607 17367 17367 D wpa_supplicant: wpa_driver_wext_driver_cmd OK len = 0, 2
07-10 05:09:25.818 17367 17367 D wpa_supplicant: wpa_driver_wext_driver_cmd POWERMODE 0 len = 4096
07-10 05:09:25.834 17367 17367 D wpa_supplicant: wpa_driver_wext_driver_cmd OK len = 0, 2
07-10 05:09:25.838 17367 17367 D wpa_supplicant: wpa_driver_wext_driver_cmd BTCOEXMODE 2 len = 4096
07-10 05:09:25.838 17367 17367 D wpa_supplicant: wpa_driver_wext_driver_cmd OK len = 0, 2
07-10 05:10:11.510   846   997 I PhoneLab-: Service Running
07-10 05:10:11.580   846   997 I PhoneLab-LoggerService: app_37    1002  846   1480   1092  c00f181c 400309d8 S logcat
07-10 05:10:11.580   846   997 I PhoneLab-LoggerService: Logcat pid from database 1002
07-10 05:10:11.580   846   997 I PhoneLab-LoggerService: Logcat process found 1002
07-10 05:10:11.580   846   997 I PhoneLab-LoggerService: Checking Threshold
07-10 05:12:00.115   212   214 D dalvikvm: GC_CONCURRENT freed 393K, 6% free 9976K/10503K, paused 2ms+3ms
07-10 05:12:11.510   846   997 I PhoneLab-: Service Running
07-10 05:12:11.564   846   997 I PhoneLab-LoggerService: app_37    1002  846   1480   1092  c00f181c 400309d8 S logcat
07-10 05:12:11.564   846   997 I PhoneLab-LoggerService: Logcat pid from database 1002
07-10 05:12:11.564   846   997 I PhoneLab-LoggerService: Logcat process found 1002
07-10 05:12:11.564   846   997 I PhoneLab-LoggerService: Checking Threshold
07-10 05:13:00.142   142   144 D dalvikvm: GC_CONCURRENT freed 976K, 13% free 13381K/15303K, paused 2ms+4ms
07-10 05:14:04.303   846   846 I PhoneLab-Locks: wake lock acquired
07-10 05:14:04.330   846 11595 I PhoneLab-PeriodicCheckService: User info is synched
07-10 05:14:04.334   846 11595 I PhoneLab-PeriodicCheckService: Logger Service is running
07-10 05:14:04.338   846   846 I PhoneLab-Locks: wake lock acquired
07-10 05:14:04.338   846   846 I PhoneLab-StatusMonitor: Status Monitoring is started
07-10 05:14:04.357   846   846 E PhoneLab-PhoneLabManifest: java.io.FileNotFoundException: /data/data/edu.buffalo.cse.phonelab.phonelabservices/files/manifest.xml: open failed: ENOENT (No such file or directory)
07-10 05:14:04.357   846   846 I PhoneLab-Locks: wake lock released
07-10 05:14:04.361   846 11595 I PhoneLab-Locks: wake lock acquired
07-10 05:14:04.365   846   846 I PhoneLab-UploadLogs: Transfering log files now
07-10 05:14:04.365   846   846 I PhoneLab-UploadLogs: No log files to transfer
07-10 05:14:04.365   846   846 I PhoneLab-Locks: wake lock released
07-10 05:14:04.369   846 11595 I PhoneLab-PeriodicCheckService: Rescheduling periodic checking...
07-10 05:14:04.369   846   846 I PhoneLab-UploadLogs: OnStartCommand
07-10 05:14:04.377   846 11595 I PhoneLab-Locks: wake lock released
07-10 05:14:04.396   846   849 D dalvikvm: GC_CONCURRENT freed 416K, 18% free 9138K/11079K, paused 1ms+2ms
07-10 05:14:11.510   846   997 I PhoneLab-: Service Running
07-10 05:14:11.568   846   997 I PhoneLab-LoggerService: app_37    1002  846   1480   1092  c00f181c 400309d8 S logcat
07-10 05:14:11.568   846   997 I PhoneLab-LoggerService: Logcat pid from database 1002
07-10 05:14:11.568   846   997 I PhoneLab-LoggerService: Logcat process found 1002
07-10 05:14:11.568   846   997 I PhoneLab-LoggerService: Checking Threshold
07-10 05:16:11.513   846   997 I PhoneLab-: Service Running
07-10 05:16:11.572   846   997 I PhoneLab-LoggerService: app_37    1002  846   1480   1092  c00f181c 400309d8 S logcat
07-10 05:16:11.572   846   997 I PhoneLab-LoggerService: Logcat pid from database 1002
07-10 05:16:11.572   846   997 I PhoneLab-LoggerService: Logcat process found 1002
07-10 05:16:11.572   846   997 I PhoneLab-LoggerService: Checking Threshold
07-10 05:18:11.513   846   997 I PhoneLab-: Service Running
07-10 05:18:11.572   846   997 I PhoneLab-LoggerService: app_37    1002  846   1480   1092  c00f181c 400309d8 S logcat
07-10 05:18:11.572   846   997 I PhoneLab-LoggerService: Logcat pid from database 1002
07-10 05:18:11.572   846   997 I PhoneLab-LoggerService: Logcat process found 1002
07-10 05:18:11.572   846   997 I PhoneLab-LoggerService: Checking Threshold
07-10 05:19:01.830 17367 17367 D wpa_supplicant: wpa_driver_wext_driver_cmd BTCOEXMODE 1 len = 4096
07-10 05:19:01.978 17367 17367 D wpa_supplicant: wpa_driver_wext_driver_cmd OK len = 0, 2
07-10 05:19:01.978 17367 17367 D wpa_supplicant: wpa_driver_wext_driver_cmd GETPOWER len = 4096
07-10 05:19:01.982 17367 17367 D wpa_supplicant: wpa_driver_wext_driver_cmd powermode = 0 len = 13, 13
07-10 05:19:01.982 17367 17367 D wpa_supplicant: wpa_driver_wext_driver_cmd POWERMODE 1 len = 4096
07-10 05:19:01.994 17367 17367 D wpa_supplicant: wpa_driver_wext_driver_cmd OK len = 0, 2
07-10 05:19:02.209 17367 17367 D wpa_supplicant: wpa_driver_wext_driver_cmd POWERMODE 0 len = 4096
07-10 05:19:02.221 17367 17367 D wpa_supplicant: wpa_driver_wext_driver_cmd OK len = 0, 2
07-10 05:19:02.224 17367 17367 D wpa_supplicant: wpa_driver_wext_driver_cmd BTCOEXMODE 2 len = 4096
07-10 05:19:02.224 17367 17367 D wpa_supplicant: wpa_driver_wext_driver_cmd OK len = 0, 2
07-10 05:20:11.510   846   997 I PhoneLab-: Service Running
07-10 05:20:11.576   846   997 I PhoneLab-LoggerService: app_37    1002  846   1480   1092  c00f181c 400309d8 S logcat
07-10 05:20:11.576   846   997 I PhoneLab-LoggerService: Logcat pid from database 1002
07-10 05:20:11.580   846   997 I PhoneLab-LoggerService: Logcat process found 1002
07-10 05:20:11.580   846   997 I PhoneLab-LoggerService: Checking Threshold
07-10 05:22:11.510   846   997 I PhoneLab-: Service Running
07-10 05:22:11.572   846   997 I PhoneLab-LoggerService: app_37    1002  846   1480   1092  c00f181c 400309d8 S logcat
07-10 05:22:11.572   846   997 I PhoneLab-LoggerService: Logcat pid from database 1002
07-10 05:22:11.572   846   997 I PhoneLab-LoggerService: Logcat process found 1002
07-10 05:22:11.572   846   997 I PhoneLab-LoggerService: Checking Threshold
07-10 05:24:11.510   846   997 I PhoneLab-: Service Running
07-10 05:24:11.568   846   997 I PhoneLab-LoggerService: app_37    1002  846   1480   1092  c00f181c 400309d8 S logcat
07-10 05:24:11.568   846   997 I PhoneLab-LoggerService: Logcat pid from database 1002
07-10 05:24:11.568   846   997 I PhoneLab-LoggerService: Logcat process found 1002
07-10 05:24:11.568   846   997 I PhoneLab-LoggerService: Checking Threshold
07-10 05:26:11.510   846   997 I PhoneLab-: Service Running
07-10 05:26:11.576   846   997 I PhoneLab-LoggerService: app_37    1002  846   1480   1092  c00f181c 400309d8 S logcat
07-10 05:26:11.576   846   997 I PhoneLab-LoggerService: Logcat pid from database 1002
07-10 05:26:11.580   846   997 I PhoneLab-LoggerService: Logcat process found 1002
07-10 05:26:11.580   846   997 I PhoneLab-LoggerService: Checking Threshold
07-10 05:28:11.510   846   997 I PhoneLab-: Service Running
07-10 05:28:11.568   846   997 I PhoneLab-LoggerService: app_37    1002  846   1480   1092  c00f181c 400309d8 S logcat
07-10 05:28:11.568   846   997 I PhoneLab-LoggerService: Logcat pid from database 1002
07-10 05:28:11.568   846   997 I PhoneLab-LoggerService: Logcat process found 1002
07-10 05:28:11.568   846   997 I PhoneLab-LoggerService: Checking Threshold
07-10 05:28:11.576   846   849 D dalvikvm: GC_CONCURRENT freed 391K, 18% free 9143K/11079K, paused 1ms+2ms
07-10 05:28:38.217 17367 17367 D wpa_supplicant: wpa_driver_wext_driver_cmd BTCOEXMODE 1 len = 4096
07-10 05:28:38.361 17367 17367 D wpa_supplicant: wpa_driver_wext_driver_cmd OK len = 0, 2
07-10 05:28:38.361 17367 17367 D wpa_supplicant: wpa_driver_wext_driver_cmd GETPOWER len = 4096
07-10 05:28:38.365 17367 17367 D wpa_supplicant: wpa_driver_wext_driver_cmd powermode = 0 len = 13, 13
07-10 05:28:38.365 17367 17367 D wpa_supplicant: wpa_driver_wext_driver_cmd POWERMODE 1 len = 4096
07-10 05:28:38.377 17367 17367 D wpa_supplicant: wpa_driver_wext_driver_cmd OK len = 0, 2
07-10 05:28:38.592 17367 17367 D wpa_supplicant: wpa_driver_wext_driver_cmd POWERMODE 0 len = 4096
07-10 05:28:38.603 17367 17367 D wpa_supplicant: wpa_driver_wext_driver_cmd OK len = 0, 2
07-10 05:28:38.607 17367 17367 D wpa_supplicant: wpa_driver_wext_driver_cmd BTCOEXMODE 2 len = 4096
07-10 05:28:38.607 17367 17367 D wpa_supplicant: wpa_driver_wext_driver_cmd OK len = 0, 2
07-10 05:30:11.510   846   997 I PhoneLab-: Service Running
07-10 05:30:11.580   846   997 I PhoneLab-LoggerService: app_37    1002  846   1480   1092  c00f181c 400309d8 S logcat
07-10 05:30:11.580   846   997 I PhoneLab-LoggerService: Logcat pid from database 1002
07-10 05:30:11.580   846   997 I PhoneLab-LoggerService: Logcat process found 1002
07-10 05:30:11.580   846   997 I PhoneLab-LoggerService: Checking Threshold
07-10 05:31:39.924   142   144 D dalvikvm: GC_CONCURRENT freed 976K, 13% free 13406K/15303K, paused 3ms+5ms
07-10 05:32:11.510   846   997 I PhoneLab-: Service Running
07-10 05:32:11.576   846   997 I PhoneLab-LoggerService: app_37    1002  846   1480   1092  c00f181c 400309d8 S logcat
07-10 05:32:11.580   846   997 I PhoneLab-LoggerService: Logcat pid from database 1002
07-10 05:32:11.580   846   997 I PhoneLab-LoggerService: Logcat process found 1002
07-10 05:32:11.580   846   997 I PhoneLab-LoggerService: Checking Threshold
07-10 05:32:42.127 17367 17367 D wpa_supplicant: EAPOL: Ignoring WPA EAPOL-Key frame in EAPOL state machines
07-10 05:32:42.127 17367 17367 D wpa_supplicant: wpa_driver_wext_set_key: alg=2 key_idx=1 set_tx=0 seq_len=6 key_len=32
07-10 05:32:42.142 17367 17367 I wpa_supplicant: wlan0: WPA: Group rekeying completed with d0:c2:82:66:6b:f1 [GTK=TKIP]
07-10 05:32:54.096 17367 17367 D wpa_supplicant: wpa_driver_wext_driver_cmd SETSUSPENDOPT 0 len = 4096
07-10 05:32:54.096 17367 17367 D wpa_supplicant: wpa_driver_wext_driver_cmd SETSUSPENDOPT 0 len = 0, 15
07-10 05:32:54.096 17367 17367 D wpa_supplicant: wpa_driver_wext_driver_cmd POWERMODE 0 len = 4096
07-10 05:32:54.099 17367 17367 D wpa_supplicant: wpa_driver_wext_driver_cmd OK len = 0, 2
07-10 05:32:55.138 17367 17367 D wpa_supplicant: wpa_driver_wext_driver_cmd SETSUSPENDOPT 0 len = 4096
07-10 05:32:55.138 17367 17367 D wpa_supplicant: wpa_driver_wext_driver_cmd SETSUSPENDOPT 0 len = 0, 15
07-10 05:32:55.138 17367 17367 D wpa_supplicant: wpa_driver_wext_driver_cmd POWERMODE 0 len = 4096
07-10 05:32:55.142 17367 17367 D wpa_supplicant: wpa_driver_wext_driver_cmd OK len = 0, 2
07-10 05:33:00.111   212   214 D dalvikvm: GC_CONCURRENT freed 410K, 6% free 9963K/10503K, paused 1ms+4ms
07-10 05:34:11.510   846   997 I PhoneLab-: Service Running
07-10 05:34:11.576   846   997 I PhoneLab-LoggerService: app_37    1002  846   1480   1092  c00f181c 400309d8 S logcat
07-10 05:34:11.576   846   997 I PhoneLab-LoggerService: Logcat pid from database 1002
07-10 05:34:11.580   846   997 I PhoneLab-LoggerService: Logcat process found 1002
07-10 05:34:11.580   846   997 I PhoneLab-LoggerService: Checking Threshold
07-10 05:35:31.236   496  1010 I EventLogService: Aggregate from 1341911131132 (log), 1341911131132 (data)
07-10 05:36:11.510   846   997 I PhoneLab-: Service Running
07-10 05:36:11.580   846   997 I PhoneLab-LoggerService: app_37    1002  846   1480   1092  c00f181c 400309d8 S logcat
07-10 05:36:11.580   846   997 I PhoneLab-LoggerService: Logcat pid from database 1002
07-10 05:36:11.580   846   997 I PhoneLab-LoggerService: Logcat process found 1002
07-10 05:36:11.580   846   997 I PhoneLab-LoggerService: Checking Threshold
07-10 05:38:11.510   846   997 I PhoneLab-: Service Running
07-10 05:38:11.576   846   997 I PhoneLab-LoggerService: app_37    1002  846   1480   1092  c00f181c 400309d8 S logcat
07-10 05:38:11.576   846   997 I PhoneLab-LoggerService: Logcat pid from database 1002
07-10 05:38:11.576   846   997 I PhoneLab-LoggerService: Logcat process found 1002
07-10 05:38:11.580   846   997 I PhoneLab-LoggerService: Checking Threshold
07-10 05:38:14.603 17367 17367 D wpa_supplicant: wpa_driver_wext_driver_cmd BTCOEXMODE 1 len = 4096
07-10 05:38:14.748 17367 17367 D wpa_supplicant: wpa_driver_wext_driver_cmd OK len = 0, 2
07-10 05:38:14.748 17367 17367 D wpa_supplicant: wpa_driver_wext_driver_cmd GETPOWER len = 4096
07-10 05:38:14.752 17367 17367 D wpa_supplicant: wpa_driver_wext_driver_cmd powermode = 0 len = 13, 13
07-10 05:38:14.752 17367 17367 D wpa_supplicant: wpa_driver_wext_driver_cmd POWERMODE 1 len = 4096
07-10 05:38:14.763 17367 17367 D wpa_supplicant: wpa_driver_wext_driver_cmd OK len = 0, 2
07-10 05:38:14.974 17367 17367 D wpa_supplicant: wpa_driver_wext_driver_cmd POWERMODE 0 len = 4096
07-10 05:38:14.986 17367 17367 D wpa_supplicant: wpa_driver_wext_driver_cmd OK len = 0, 2
07-10 05:38:14.990 17367 17367 D wpa_supplicant: wpa_driver_wext_driver_cmd BTCOEXMODE 2 len = 4096
07-10 05:38:14.990 17367 17367 D wpa_supplicant: wpa_driver_wext_driver_cmd OK len = 0, 2
07-10 05:39:56.474   142   316 D dalvikvm: GC_EXPLICIT freed 458K, 13% free 13337K/15303K, paused 3ms+4ms
07-10 05:40:11.510   846   997 I PhoneLab-: Service Running
07-10 05:40:11.564   846   997 I PhoneLab-LoggerService: app_37    1002  846   1480   1092  c00f181c 400309d8 S logcat
07-10 05:40:11.564   846   997 I PhoneLab-LoggerService: Logcat pid from database 1002
07-10 05:40:11.564   846   997 I PhoneLab-LoggerService: Logcat process found 1002
07-10 05:40:11.564   846   997 I PhoneLab-LoggerService: Checking Threshold
07-10 05:42:11.510   846   997 I PhoneLab-: Service Running
07-10 05:42:11.576   846   997 I PhoneLab-LoggerService: app_37    1002  846   1480   1092  c00f181c 400309d8 S logcat
07-10 05:42:11.576   846   997 I PhoneLab-LoggerService: Logcat pid from database 1002
07-10 05:42:11.576   846   997 I PhoneLab-LoggerService: Logcat process found 1002
07-10 05:42:11.580   846   997 I PhoneLab-LoggerService: Checking Threshold
07-10 05:44:04.396   846   846 I PhoneLab-Locks: wake lock acquired
07-10 05:44:04.420   846 11678 I PhoneLab-PeriodicCheckService: User info is synched
07-10 05:44:04.424   846 11678 I PhoneLab-PeriodicCheckService: Logger Service is running
07-10 05:44:04.428   846   846 I PhoneLab-Locks: wake lock acquired
07-10 05:44:04.428   846   846 I PhoneLab-StatusMonitor: Status Monitoring is started
07-10 05:44:04.447   846   846 E PhoneLab-PhoneLabManifest: java.io.FileNotFoundException: /data/data/edu.buffalo.cse.phonelab.phonelabservices/files/manifest.xml: open failed: ENOENT (No such file or directory)
07-10 05:44:04.447   846   846 I PhoneLab-Locks: wake lock released
07-10 05:44:04.451   846 11678 I PhoneLab-Locks: wake lock acquired
07-10 05:44:04.455   846   846 I PhoneLab-UploadLogs: Transfering log files now
07-10 05:44:04.455   846   846 I PhoneLab-UploadLogs: No log files to transfer
07-10 05:44:04.455   846   846 I PhoneLab-Locks: wake lock released
07-10 05:44:04.455   846 11678 I PhoneLab-PeriodicCheckService: Rescheduling periodic checking...
07-10 05:44:04.455   846   846 I PhoneLab-UploadLogs: OnStartCommand
07-10 05:44:04.463   846 11678 I PhoneLab-Locks: wake lock released
07-10 05:44:04.486   846   849 D dalvikvm: GC_CONCURRENT freed 417K, 18% free 9137K/11079K, paused 2ms+2ms
07-10 05:44:11.510   846   997 I PhoneLab-: Service Running
07-10 05:44:11.572   846   997 I PhoneLab-LoggerService: app_37    1002  846   1480   1092  c00f181c 400309d8 S logcat
07-10 05:44:11.572   846   997 I PhoneLab-LoggerService: Logcat pid from database 1002
07-10 05:44:11.572   846   997 I PhoneLab-LoggerService: Logcat process found 1002
07-10 05:44:11.572   846   997 I PhoneLab-LoggerService: Checking Threshold
07-10 05:46:11.510   846   997 I PhoneLab-: Service Running
07-10 05:46:11.564   846   997 I PhoneLab-LoggerService: app_37    1002  846   1480   1092  c00f181c 400309d8 S logcat
07-10 05:46:11.564   846   997 I PhoneLab-LoggerService: Logcat pid from database 1002
07-10 05:46:11.564   846   997 I PhoneLab-LoggerService: Logcat process found 1002
07-10 05:46:11.564   846   997 I PhoneLab-LoggerService: Checking Threshold
07-10 05:47:50.982 17367 17367 D wpa_supplicant: wpa_driver_wext_driver_cmd BTCOEXMODE 1 len = 4096
07-10 05:47:51.131 17367 17367 D wpa_supplicant: wpa_driver_wext_driver_cmd OK len = 0, 2
07-10 05:47:51.131 17367 17367 D wpa_supplicant: wpa_driver_wext_driver_cmd GETPOWER len = 4096
07-10 05:47:51.135 17367 17367 D wpa_supplicant: wpa_driver_wext_driver_cmd powermode = 0 len = 13, 13
07-10 05:47:51.135 17367 17367 D wpa_supplicant: wpa_driver_wext_driver_cmd POWERMODE 1 len = 4096
07-10 05:47:51.146 17367 17367 D wpa_supplicant: wpa_driver_wext_driver_cmd OK len = 0, 2
07-10 05:47:51.361 17367 17367 D wpa_supplicant: wpa_driver_wext_driver_cmd POWERMODE 0 len = 4096
07-10 05:47:51.373 17367 17367 D wpa_supplicant: wpa_driver_wext_driver_cmd OK len = 0, 2
07-10 05:47:51.373 17367 17367 D wpa_supplicant: wpa_driver_wext_driver_cmd BTCOEXMODE 2 len = 4096
07-10 05:47:51.377 17367 17367 D wpa_supplicant: wpa_driver_wext_driver_cmd OK len = 0, 2
07-10 05:48:11.510   846   997 I PhoneLab-: Service Running
07-10 05:48:11.576   846   997 I PhoneLab-LoggerService: app_37    1002  846   1480   1092  c00f181c 400309d8 S logcat
07-10 05:48:11.576   846   997 I PhoneLab-LoggerService: Logcat pid from database 1002
07-10 05:48:11.576   846   997 I PhoneLab-LoggerService: Logcat process found 1002
07-10 05:48:11.580   846   997 I PhoneLab-LoggerService: Checking Threshold
07-10 05:50:11.510   846   997 I PhoneLab-: Service Running
07-10 05:50:11.580   846   997 I PhoneLab-LoggerService: app_37    1002  846   1480   1092  c00f181c 400309d8 S logcat
07-10 05:50:11.580   846   997 I PhoneLab-LoggerService: Logcat pid from database 1002
