07-05 12:10:38.521   545 14892 I DownloadManager: Initiating request for download 1724
07-05 12:10:38.541   545   548 D dalvikvm: GC_CONCURRENT freed 411K, 11% free 10461K/11719K, paused 2ms+4ms
07-05 12:10:38.662   545   548 D dalvikvm: GC_CONCURRENT freed 199K, 9% free 10721K/11719K, paused 2ms+3ms
07-05 12:10:38.783   545   548 D dalvikvm: GC_CONCURRENT freed 442K, 9% free 10753K/11719K, paused 1ms+3ms
07-05 12:10:38.943  1370 14894 E DictionaryProvider:UpdateHandler: Can't read a file : android.util.MalformedJsonException: Use JsonReader.setLenient(true) to accept malformed JSON at line 1 column 20
07-05 12:10:39.037   545   548 D dalvikvm: GC_CONCURRENT freed 743K, 11% free 10464K/11719K, paused 2ms+2ms
07-05 12:10:39.209   545   548 D dalvikvm: GC_CONCURRENT freed 414K, 11% free 10437K/11719K, paused 2ms+2ms
07-05 12:10:39.314   545 14897 I DownloadManager: Initiating request for download 1724
07-05 12:10:39.392   545   548 D dalvikvm: GC_CONCURRENT freed 283K, 10% free 10612K/11719K, paused 2ms+3ms
07-05 12:10:39.494   545   548 D dalvikvm: GC_CONCURRENT freed 314K, 8% free 10793K/11719K, paused 2ms+3ms
07-05 12:10:39.650   545   548 D dalvikvm: GC_CONCURRENT freed 773K, 11% free 10499K/11719K, paused 2ms+3ms
07-05 12:10:39.865   545   548 D dalvikvm: GC_CONCURRENT freed 443K, 11% free 10451K/11719K, paused 1ms+2ms
07-05 12:10:40.060   545   548 D dalvikvm: GC_CONCURRENT freed 415K, 11% free 10431K/11719K, paused 1ms+2ms
07-05 12:10:40.131   545 14900 I DownloadManager: Initiating request for download 1725
07-05 12:10:40.240   545   548 D dalvikvm: GC_CONCURRENT freed 210K, 9% free 10681K/11719K, paused 2ms+3ms
07-05 12:10:40.342   545   548 D dalvikvm: GC_CONCURRENT freed 345K, 8% free 10851K/11719K, paused 2ms+4ms
07-05 12:10:40.564   545   548 D dalvikvm: GC_CONCURRENT freed 884K, 11% free 10460K/11719K, paused 2ms+2ms
07-05 12:10:40.642  1370 14902 E DictionaryProvider:UpdateHandler: Can't read a file : android.util.MalformedJsonException: Use JsonReader.setLenient(true) to accept malformed JSON at line 1 column 20
07-05 12:10:40.791   545   548 D dalvikvm: GC_CONCURRENT freed 408K, 11% free 10447K/11719K, paused 1ms+3ms
07-05 12:10:40.916   545 14905 I DownloadManager: Initiating request for download 1725
07-05 12:10:40.967   545   548 D dalvikvm: GC_CONCURRENT freed 324K, 11% free 10544K/11719K, paused 1ms+3ms
07-05 12:10:41.072   545   548 D dalvikvm: GC_CONCURRENT freed 245K, 9% free 10760K/11719K, paused 2ms+6ms
07-05 12:10:41.205   545   548 D dalvikvm: GC_CONCURRENT freed 725K, 11% free 10508K/11719K, paused 2ms+3ms
07-05 12:10:41.431   545   548 D dalvikvm: GC_CONCURRENT freed 443K, 11% free 10460K/11719K, paused 1ms+2ms
07-05 12:10:41.611   545   548 D dalvikvm: GC_CONCURRENT freed 412K, 11% free 10440K/11719K, paused 1ms+3ms
07-05 12:10:41.744   545 14908 I DownloadManager: Initiating request for download 1726
07-05 12:10:41.842   545   548 D dalvikvm: GC_CONCURRENT freed 261K, 10% free 10637K/11719K, paused 1ms+3ms
07-05 12:10:41.943   545   548 D dalvikvm: GC_CONCURRENT freed 326K, 8% free 10810K/11719K, paused 1ms+3ms
07-05 12:10:42.099   545   548 D dalvikvm: GC_CONCURRENT freed 791K, 11% free 10500K/11719K, paused 2ms+2ms
07-05 12:10:42.287   545   548 D dalvikvm: GC_CONCURRENT freed 408K, 11% free 10487K/11719K, paused 2ms+2ms
07-05 12:10:42.470   545   548 D dalvikvm: GC_CONCURRENT freed 402K, 11% free 10474K/11719K, paused 2ms+2ms
07-05 12:10:43.963  1370 14912 E DictionaryProvider:UpdateHandler: Can't read a file : android.util.MalformedJsonException: Use JsonReader.setLenient(true) to accept malformed JSON at line 1 column 20
07-05 12:10:44.103   545   548 D dalvikvm: GC_CONCURRENT freed 393K, 11% free 10476K/11719K, paused 1ms+2ms
07-05 12:10:44.291   545   548 D dalvikvm: GC_CONCURRENT freed 427K, 11% free 10444K/11719K, paused 2ms+3ms
07-05 12:10:44.482   545   548 D dalvikvm: GC_CONCURRENT freed 387K, 11% free 10472K/11719K, paused 2ms+2ms
07-05 12:10:44.482   545 14915 I DownloadManager: Initiating request for download 1726
07-05 12:10:44.486   545 14915 W DownloadManager: Aborting request for download 1726: Trying to resume a download that can't be resumed
07-05 12:10:44.736   545   548 D dalvikvm: GC_CONCURRENT freed 405K, 11% free 10461K/11719K, paused 1ms+3ms
07-05 12:10:44.916   545   548 D dalvikvm: GC_CONCURRENT freed 411K, 11% free 10445K/11719K, paused 1ms+3ms
07-05 12:10:45.064   545 14918 I DownloadManager: Initiating request for download 1727
07-05 12:10:45.127   545   548 D dalvikvm: GC_CONCURRENT freed 313K, 10% free 10592K/11719K, paused 2ms+4ms
07-05 12:10:45.228   545   548 D dalvikvm: GC_CONCURRENT freed 270K, 8% free 10788K/11719K, paused 2ms+3ms
07-05 12:10:45.365   545   548 D dalvikvm: GC_CONCURRENT freed 749K, 11% free 10505K/11719K, paused 2ms+2ms
07-05 12:10:45.463  1370 14920 E DictionaryProvider:UpdateHandler: Can't read a file : android.util.MalformedJsonException: Use JsonReader.setLenient(true) to accept malformed JSON at line 1 column 20
07-05 12:10:45.506  1370  1372 D dalvikvm: GC_CONCURRENT freed 400K, 7% free 9130K/9735K, paused 1ms+1ms
07-05 12:10:45.635   545   548 D dalvikvm: GC_CONCURRENT freed 425K, 11% free 10468K/11719K, paused 3ms+2ms
07-05 12:10:45.814   545   548 D dalvikvm: GC_CONCURRENT freed 419K, 11% free 10444K/11719K, paused 2ms+2ms
07-05 12:10:45.892   545 14923 I DownloadManager: Initiating request for download 1727
07-05 12:10:45.990   545   548 D dalvikvm: GC_CONCURRENT freed 257K, 10% free 10650K/11719K, paused 2ms+3ms
07-05 12:10:46.095   545   548 D dalvikvm: GC_CONCURRENT freed 327K, 8% free 10845K/11719K, paused 2ms+3ms
07-05 12:10:46.291   545   548 D dalvikvm: GC_CONCURRENT freed 870K, 11% free 10470K/11719K, paused 2ms+3ms
07-05 12:10:46.482   545   548 D dalvikvm: GC_CONCURRENT freed 414K, 11% free 10451K/11719K, paused 1ms+2ms
07-05 12:10:46.717   545   548 D dalvikvm: GC_CONCURRENT freed 385K, 11% free 10477K/11719K, paused 2ms+3ms
07-05 12:10:46.717   545 14926 I DownloadManager: Initiating request for download 1728
07-05 12:10:46.845   545   548 D dalvikvm: GC_CONCURRENT freed 201K, 9% free 10735K/11719K, paused 2ms+3ms
07-05 12:10:46.963   545   548 D dalvikvm: GC_CONCURRENT freed 453K, 9% free 10758K/11719K, paused 2ms+4ms
07-05 12:10:47.123  1370 14928 E DictionaryProvider:UpdateHandler: Can't read a file : android.util.MalformedJsonException: Use JsonReader.setLenient(true) to accept malformed JSON at line 1 column 20
07-05 12:10:47.228   545   548 D dalvikvm: GC_CONCURRENT freed 744K, 11% free 10471K/11719K, paused 2ms+3ms
07-05 12:10:47.424   545   548 D dalvikvm: GC_CONCURRENT freed 414K, 11% free 10447K/11719K, paused 2ms+2ms
07-05 12:10:47.525   545 14931 I DownloadManager: Initiating request for download 1728
07-05 12:10:47.595   545   548 D dalvikvm: GC_CONCURRENT freed 276K, 10% free 10618K/11719K, paused 2ms+2ms
07-05 12:10:47.697   545   548 D dalvikvm: GC_CONCURRENT freed 287K, 8% free 10790K/11719K, paused 1ms+3ms
07-05 12:10:47.845   545   548 D dalvikvm: GC_CONCURRENT freed 755K, 11% free 10512K/11719K, paused 2ms+2ms
07-05 12:10:48.049   545   548 D dalvikvm: GC_CONCURRENT freed 443K, 11% free 10465K/11719K, paused 1ms+3ms
07-05 12:10:48.236   545   548 D dalvikvm: GC_CONCURRENT freed 415K, 11% free 10445K/11719K, paused 2ms+2ms
07-05 12:10:48.326   545 14934 I DownloadManager: Initiating request for download 1729
07-05 12:10:48.416   545   548 D dalvikvm: GC_CONCURRENT freed 229K, 9% free 10669K/11719K, paused 2ms+3ms
07-05 12:10:48.513   545   548 D dalvikvm: GC_CONCURRENT freed 325K, 8% free 10850K/11719K, paused 2ms+2ms
07-05 12:10:48.646   156   168 D dalvikvm: GC_EXPLICIT freed 488K, 11% free 14224K/15879K, paused 2ms+5ms
07-05 12:10:48.779   545   548 D dalvikvm: GC_CONCURRENT freed 840K, 11% free 10509K/11719K, paused 1ms+3ms
07-05 12:10:48.845  1370 14936 E DictionaryProvider:UpdateHandler: Can't read a file : android.util.MalformedJsonException: Use JsonReader.setLenient(true) to accept malformed JSON at line 1 column 20
07-05 12:10:49.006   545   548 D dalvikvm: GC_CONCURRENT freed 454K, 11% free 10450K/11719K, paused 1ms+3ms
07-05 12:10:49.158   545 14939 I DownloadManager: Initiating request for download 1729
07-05 12:10:49.193   545   548 D dalvikvm: GC_CONCURRENT freed 402K, 11% free 10459K/11719K, paused 2ms+2ms
07-05 12:10:49.310   545   548 D dalvikvm: GC_CONCURRENT freed 194K, 9% free 10736K/11719K, paused 2ms+2ms
07-05 12:10:49.424   545   548 D dalvikvm: GC_CONCURRENT freed 450K, 9% free 10748K/11719K, paused 2ms+3ms
07-05 12:10:49.654   545   548 D dalvikvm: GC_CONCURRENT freed 751K, 11% free 10455K/11719K, paused 1ms+3ms
07-05 12:10:49.826   545   548 D dalvikvm: GC_CONCURRENT freed 413K, 11% free 10436K/11719K, paused 2ms+2ms
07-05 12:10:49.963   545 14942 I DownloadManager: Initiating request for download 1730
07-05 12:10:50.053   545   548 D dalvikvm: GC_CONCURRENT freed 265K, 9% free 10694K/11719K, paused 2ms+2ms
07-05 12:10:50.162   545   548 D dalvikvm: GC_CONCURRENT freed 382K, 8% free 10832K/11719K, paused 2ms+5ms
07-05 12:10:50.353   545   548 D dalvikvm: GC_CONCURRENT freed 823K, 11% free 10496K/11719K, paused 2ms+2ms
07-05 12:10:50.408  1370 14944 E DictionaryProvider:UpdateHandler: Can't read a file : android.util.MalformedJsonException: Use JsonReader.setLenient(true) to accept malformed JSON at line 1 column 20
07-05 12:10:50.580   545   548 D dalvikvm: GC_CONCURRENT freed 437K, 11% free 10454K/11719K, paused 2ms+3ms
07-05 12:10:50.748   545   548 D dalvikvm: GC_CONCURRENT freed 407K, 11% free 10432K/11719K, paused 2ms+2ms
07-05 12:10:50.775   545 14947 I DownloadManager: Initiating request for download 1730
07-05 12:10:50.877   545   548 D dalvikvm: GC_CONCURRENT freed 179K, 9% free 10712K/11719K, paused 2ms+3ms
07-05 12:10:50.978   545   548 D dalvikvm: GC_CONCURRENT freed 324K, 8% free 10859K/11719K, paused 1ms+2ms
07-05 12:10:51.209   545   548 D dalvikvm: GC_CONCURRENT freed 888K, 11% free 10464K/11719K, paused 2ms+3ms
07-05 12:10:51.408   545   548 D dalvikvm: GC_CONCURRENT freed 421K, 11% free 10438K/11719K, paused 1ms+3ms
07-05 12:10:51.541   545 14950 I DownloadManager: Initiating request for download 1731
07-05 12:10:51.631   545   548 D dalvikvm: GC_CONCURRENT freed 282K, 10% free 10613K/11719K, paused 2ms+3ms
07-05 12:10:51.732   545   548 D dalvikvm: GC_CONCURRENT freed 312K, 8% free 10792K/11719K, paused 2ms+3ms
07-05 12:10:51.885   545   548 D dalvikvm: GC_CONCURRENT freed 765K, 11% free 10512K/11719K, paused 2ms+3ms
07-05 12:10:51.970  1370 14952 E DictionaryProvider:UpdateHandler: Can't read a file : android.util.MalformedJsonException: Use JsonReader.setLenient(true) to accept malformed JSON at line 1 column 20
07-05 12:10:52.006  1370  1372 D dalvikvm: GC_CONCURRENT freed 391K, 7% free 9127K/9735K, paused 1ms+2ms
07-05 12:10:52.135   545   548 D dalvikvm: GC_CONCURRENT freed 443K, 11% free 10462K/11719K, paused 1ms+3ms
07-05 12:10:52.318   545   548 D dalvikvm: GC_CONCURRENT freed 421K, 11% free 10436K/11719K, paused 1ms+2ms
07-05 12:10:52.385   545 14955 I DownloadManager: Initiating request for download 1731
07-05 12:10:52.474   545   548 D dalvikvm: GC_CONCURRENT freed 223K, 9% free 10665K/11719K, paused 2ms+3ms
07-05 12:10:52.576   545   548 D dalvikvm: GC_CONCURRENT freed 322K, 8% free 10848K/11719K, paused 2ms+3ms
07-05 12:10:52.775   545   548 D dalvikvm: GC_CONCURRENT freed 848K, 11% free 10498K/11719K, paused 1ms+3ms
07-05 12:10:52.959   545   548 D dalvikvm: GC_CONCURRENT freed 442K, 11% free 10451K/11719K, paused 2ms+3ms
07-05 12:10:53.158   545 14958 I DownloadManager: Initiating request for download 1732
07-05 12:10:53.185   545   548 D dalvikvm: GC_CONCURRENT freed 369K, 11% free 10479K/11719K, paused 2ms+3ms
07-05 12:10:53.310   545   548 D dalvikvm: GC_CONCURRENT freed 223K, 9% free 10747K/11719K, paused 2ms+3ms
07-05 12:10:53.431   545   548 D dalvikvm: GC_CONCURRENT freed 461K, 9% free 10765K/11719K, paused 2ms+2ms
07-05 12:10:53.642  1370 14960 E DictionaryProvider:UpdateHandler: Can't read a file : android.util.MalformedJsonException: Use JsonReader.setLenient(true) to accept malformed JSON at line 1 column 20
07-05 12:10:53.670   545   548 D dalvikvm: GC_CONCURRENT freed 770K, 11% free 10476K/11719K, paused 1ms+2ms
07-05 12:10:53.869   545   548 D dalvikvm: GC_CONCURRENT freed 428K, 11% free 10443K/11719K, paused 2ms+2ms
07-05 12:10:53.959   545 14963 I DownloadManager: Initiating request for download 1732
07-05 12:10:54.037   545   548 D dalvikvm: GC_CONCURRENT freed 256K, 10% free 10645K/11719K, paused 2ms+2ms
07-05 12:10:54.138   545   548 D dalvikvm: GC_CONCURRENT freed 323K, 8% free 10825K/11719K, paused 2ms+4ms
07-05 12:10:54.322   545   548 D dalvikvm: GC_CONCURRENT freed 809K, 11% free 10508K/11719K, paused 2ms+3ms
07-05 12:10:54.529   545   548 D dalvikvm: GC_CONCURRENT freed 448K, 11% free 10455K/11719K, paused 2ms+2ms
07-05 12:10:54.713   545   548 D dalvikvm: GC_CONCURRENT freed 413K, 11% free 10437K/11719K, paused 2ms+2ms
07-05 12:10:54.763   545 14966 I DownloadManager: Initiating request for download 1733
07-05 12:10:54.869   545   548 D dalvikvm: GC_CONCURRENT freed 180K, 9% free 10716K/11719K, paused 2ms+3ms
07-05 12:10:54.974   545   548 D dalvikvm: GC_CONCURRENT freed 426K, 9% free 10760K/11719K, paused 2ms+3ms
07-05 12:10:55.166  1370 14968 E DictionaryProvider:UpdateHandler: Can't read a file : android.util.MalformedJsonException: Use JsonReader.setLenient(true) to accept malformed JSON at line 1 column 20
07-05 12:10:55.209   545   548 D dalvikvm: GC_CONCURRENT freed 742K, 11% free 10480K/11719K, paused 1ms+2ms
07-05 12:10:55.400   545   548 D dalvikvm: GC_CONCURRENT freed 417K, 11% free 10451K/11719K, paused 1ms+2ms
07-05 12:10:55.537   545 14971 I DownloadManager: Initiating request for download 1733
07-05 12:10:55.595   545   548 D dalvikvm: GC_CONCURRENT freed 356K, 11% free 10514K/11719K, paused 1ms+2ms
07-05 12:10:55.701   545   548 D dalvikvm: GC_CONCURRENT freed 200K, 9% free 10739K/11719K, paused 2ms+3ms
07-05 12:10:55.810   545   548 D dalvikvm: GC_CONCURRENT freed 456K, 9% free 10759K/11719K, paused 1ms+2ms
07-05 12:10:56.029   545   548 D dalvikvm: GC_CONCURRENT freed 755K, 11% free 10467K/11719K, paused 1ms+2ms
07-05 12:10:56.209   545   548 D dalvikvm: GC_CONCURRENT freed 417K, 11% free 10445K/11719K, paused 1ms+2ms
07-05 12:10:56.330   545 14974 I DownloadManager: Initiating request for download 1734
07-05 12:10:56.404   545   548 D dalvikvm: GC_CONCURRENT freed 269K, 10% free 10636K/11719K, paused 2ms+3ms
07-05 12:10:56.510   545   548 D dalvikvm: GC_CONCURRENT freed 320K, 8% free 10816K/11719K, paused 2ms+3ms
07-05 12:10:56.670   545   548 D dalvikvm: GC_CONCURRENT freed 795K, 11% free 10510K/11719K, paused 2ms+2ms
07-05 12:10:56.736  1370 14976 E DictionaryProvider:UpdateHandler: Can't read a file : android.util.MalformedJsonException: Use JsonReader.setLenient(true) to accept malformed JSON at line 1 column 20
07-05 12:10:56.904   545   548 D dalvikvm: GC_CONCURRENT freed 436K, 11% free 10469K/11719K, paused 2ms+2ms
07-05 12:10:57.088   545   548 D dalvikvm: GC_CONCURRENT freed 419K, 11% free 10445K/11719K, paused 2ms+2ms
07-05 12:10:57.150   545 14979 I DownloadManager: Initiating request for download 1734
07-05 12:10:57.252   545   548 D dalvikvm: GC_CONCURRENT freed 210K, 9% free 10692K/11719K, paused 2ms+3ms
07-05 12:10:57.353   545   548 D dalvikvm: GC_CONCURRENT freed 319K, 8% free 10851K/11719K, paused 2ms+4ms
07-05 12:10:57.553   545   548 D dalvikvm: GC_CONCURRENT freed 866K, 11% free 10475K/11719K, paused 1ms+3ms
07-05 12:10:57.740   545   548 D dalvikvm: GC_CONCURRENT freed 408K, 11% free 10455K/11719K, paused 1ms+2ms
07-05 12:10:57.931   545   548 D dalvikvm: GC_CONCURRENT freed 368K, 11% free 10487K/11719K, paused 2ms+3ms
07-05 12:10:57.931   545 14982 I DownloadManager: Initiating request for download 1735
07-05 12:10:58.064   545   548 D dalvikvm: GC_CONCURRENT freed 203K, 9% free 10742K/11719K, paused 2ms+2ms
07-05 12:10:58.166   545   548 D dalvikvm: GC_CONCURRENT freed 443K, 9% free 10766K/11719K, paused 2ms+3ms
07-05 12:10:58.381   545   548 D dalvikvm: GC_CONCURRENT freed 759K, 11% free 10472K/11719K, paused 1ms+2ms
07-05 12:10:58.564   545   548 D dalvikvm: GC_CONCURRENT freed 413K, 11% free 10454K/11719K, paused 2ms+3ms
07-05 12:10:59.599  1370 14984 E DictionaryProvider:UpdateHandler: Can't read a file : android.util.MalformedJsonException: Use JsonReader.setLenient(true) to accept malformed JSON at line 1 column 20
07-05 12:10:59.642  1370  1372 D dalvikvm: GC_CONCURRENT freed 387K, 7% free 9131K/9735K, paused 1ms+2ms
07-05 12:10:59.709   545   548 D dalvikvm: GC_CONCURRENT freed 358K, 11% free 10491K/11719K, paused 1ms+3ms
07-05 12:10:59.900   545   548 D dalvikvm: GC_CONCURRENT freed 416K, 11% free 10470K/11719K, paused 2ms+2ms
07-05 12:11:00.072   545   548 D dalvikvm: GC_CONCURRENT freed 410K, 11% free 10454K/11719K, paused 1ms+3ms
07-05 12:11:00.443   545   548 D dalvikvm: GC_CONCURRENT freed 362K, 11% free 10480K/11719K, paused 1ms+2ms
07-05 12:11:00.631   545   548 D dalvikvm: GC_CONCURRENT freed 415K, 11% free 10461K/11719K, paused 2ms+2ms
07-05 12:11:00.803   545   548 D dalvikvm: GC_CONCURRENT freed 407K, 11% free 10449K/11719K, paused 2ms+2ms
07-05 12:11:00.908   545 14987 I DownloadManager: Initiating request for download 1736
07-05 12:11:01.002   545   548 D dalvikvm: GC_CONCURRENT freed 215K, 9% free 10677K/11719K, paused 2ms+3ms
07-05 12:11:01.107   545   548 D dalvikvm: GC_CONCURRENT freed 326K, 8% free 10861K/11719K, paused 1ms+2ms
07-05 12:11:01.303   545   548 D dalvikvm: GC_CONCURRENT freed 848K, 11% free 10510K/11719K, paused 2ms+2ms
07-05 12:11:01.365  1370 14989 E DictionaryProvider:UpdateHandler: Can't read a file : android.util.MalformedJsonException: Use JsonReader.setLenient(true) to accept malformed JSON at line 1 column 20
07-05 12:11:01.533   545   548 D dalvikvm: GC_CONCURRENT freed 428K, 11% free 10473K/11719K, paused 1ms+3ms
07-05 12:11:01.724   545   548 D dalvikvm: GC_CONCURRENT freed 413K, 11% free 10468K/11719K, paused 2ms+3ms
07-05 12:11:01.724   545 14992 I DownloadManager: Initiating request for download 1736
07-05 12:11:01.818   545 14910 D dalvikvm: GC_EXPLICIT freed 137K, 9% free 10707K/11719K, paused 1ms+6ms
07-05 12:11:01.916   545   548 D dalvikvm: GC_CONCURRENT freed 296K, 8% free 10877K/11719K, paused 2ms+2ms
07-05 12:11:02.158   545   548 D dalvikvm: GC_CONCURRENT freed 902K, 11% free 10477K/11719K, paused 1ms+2ms
07-05 12:11:02.342   545   548 D dalvikvm: GC_CONCURRENT freed 414K, 11% free 10458K/11719K, paused 2ms+2ms
07-05 12:11:02.506   545 14995 I DownloadManager: Initiating request for download 1737
07-05 12:11:02.553   545   548 D dalvikvm: GC_CONCURRENT freed 337K, 11% free 10526K/11719K, paused 2ms+2ms
07-05 12:11:02.658   545   548 D dalvikvm: GC_CONCURRENT freed 230K, 9% free 10766K/11719K, paused 2ms+3ms
07-05 12:11:02.779   545   548 D dalvikvm: GC_CONCURRENT freed 484K, 9% free 10768K/11719K, paused 1ms+2ms
07-05 12:11:02.924  1370 14997 E DictionaryProvider:UpdateHandler: Can't read a file : android.util.MalformedJsonException: Use JsonReader.setLenient(true) to accept malformed JSON at line 1 column 20
07-05 12:11:03.041   545   548 D dalvikvm: GC_CONCURRENT freed 754K, 11% free 10480K/11719K, paused 1ms+3ms
07-05 12:11:03.240   545   548 D dalvikvm: GC_CONCURRENT freed 418K, 11% free 10456K/11719K, paused 2ms+3ms
07-05 12:11:03.322   545 15000 I DownloadManager: Initiating request for download 1737
07-05 12:11:03.404   545   548 D dalvikvm: GC_CONCURRENT freed 246K, 10% free 10656K/11719K, paused 2ms+3ms
07-05 12:11:03.506   545   548 D dalvikvm: GC_CONCURRENT freed 310K, 8% free 10837K/11719K, paused 2ms+3ms
07-05 12:11:03.678   545   548 D dalvikvm: GC_CONCURRENT freed 807K, 11% free 10527K/11719K, paused 2ms+2ms
07-05 12:11:03.779   156   168 D dalvikvm: GC_EXPLICIT freed 507K, 11% free 14224K/15879K, paused 2ms+6ms
07-05 12:11:03.955   545   548 D dalvikvm: GC_CONCURRENT freed 450K, 11% free 10471K/11719K, paused 2ms+3ms
07-05 12:11:04.142   545   548 D dalvikvm: GC_CONCURRENT freed 428K, 11% free 10438K/11719K, paused 2ms+2ms
07-05 12:11:04.205   545 15003 I DownloadManager: Initiating request for download 1738
07-05 12:11:04.314   545   548 D dalvikvm: GC_CONCURRENT freed 194K, 9% free 10703K/11719K, paused 2ms+3ms
07-05 12:11:04.420   545   548 D dalvikvm: GC_CONCURRENT freed 358K, 8% free 10866K/11719K, paused 2ms+3ms
07-05 12:11:04.635  1370 15005 E DictionaryProvider:UpdateHandler: Can't read a file : android.util.MalformedJsonException: Use JsonReader.setLenient(true) to accept malformed JSON at line 1 column 20
07-05 12:11:04.678   545   548 D dalvikvm: GC_CONCURRENT freed 907K, 11% free 10480K/11719K, paused 2ms+2ms
07-05 12:11:04.881   545   548 D dalvikvm: GC_CONCURRENT freed 429K, 11% free 10446K/11719K, paused 1ms+2ms
07-05 12:11:04.982   545 15008 I DownloadManager: Initiating request for download 1738
07-05 12:11:05.053   545   548 D dalvikvm: GC_CONCURRENT freed 281K, 10% free 10620K/11719K, paused 2ms+3ms
07-05 12:11:05.154   545   548 D dalvikvm: GC_CONCURRENT freed 301K, 8% free 10800K/11719K, paused 2ms+3ms
07-05 12:11:05.299   545   548 D dalvikvm: GC_CONCURRENT freed 772K, 11% free 10510K/11719K, paused 2ms+3ms
07-05 12:11:05.498   545   548 D dalvikvm: GC_CONCURRENT freed 439K, 11% free 10462K/11719K, paused 2ms+2ms
07-05 12:11:05.689   545   548 D dalvikvm: GC_CONCURRENT freed 407K, 11% free 10442K/11719K, paused 2ms+3ms
07-05 12:11:05.783   545 15011 I DownloadManager: Initiating request for download 1739
07-05 12:11:05.869   545   548 D dalvikvm: GC_CONCURRENT freed 229K, 9% free 10667K/11719K, paused 1ms+2ms
07-05 12:11:05.967   545   548 D dalvikvm: GC_CONCURRENT freed 348K, 8% free 10867K/11719K, paused 2ms+3ms
07-05 12:11:06.189  1370 15013 E DictionaryProvider:UpdateHandler: Can't read a file : android.util.MalformedJsonException: Use JsonReader.setLenient(true) to accept malformed JSON at line 1 column 20
07-05 12:11:06.201   545   548 D dalvikvm: GC_CONCURRENT freed 892K, 11% free 10481K/11719K, paused 2ms+3ms
07-05 12:11:06.275  1370  1372 D dalvikvm: GC_CONCURRENT freed 414K, 7% free 9126K/9735K, paused 2ms+2ms
07-05 12:11:06.428   545   548 D dalvikvm: GC_CONCURRENT freed 418K, 11% free 10457K/11719K, paused 2ms+2ms
07-05 12:11:06.576   545 15016 I DownloadManager: Initiating request for download 1739
07-05 12:11:06.603   545   548 D dalvikvm: GC_CONCURRENT freed 372K, 11% free 10487K/11719K, paused 1ms+3ms
07-05 12:11:06.720   545   548 D dalvikvm: GC_CONCURRENT freed 204K, 9% free 10743K/11719K, paused 1ms+3ms
07-05 12:11:06.838   545   548 D dalvikvm: GC_CONCURRENT freed 457K, 8% free 10787K/11719K, paused 1ms+2ms
07-05 12:11:07.060   545   548 D dalvikvm: GC_CONCURRENT freed 793K, 11% free 10465K/11719K, paused 2ms+2ms
07-05 12:11:07.252   545   548 D dalvikvm: GC_CONCURRENT freed 414K, 11% free 10446K/11719K, paused 2ms+3ms
07-05 12:11:07.412   545 15019 I DownloadManager: Initiating request for download 1740
07-05 12:11:07.494   545   548 D dalvikvm: GC_CONCURRENT freed 249K, 10% free 10640K/11719K, paused 2ms+2ms
07-05 12:11:07.603   545   548 D dalvikvm: GC_CONCURRENT freed 323K, 8% free 10826K/11719K, paused 2ms+3ms
07-05 12:11:07.771   545   548 D dalvikvm: GC_CONCURRENT freed 800K, 11% free 10519K/11719K, paused 2ms+3ms
07-05 12:11:07.857  1370 15021 E DictionaryProvider:UpdateHandler: Can't read a file : android.util.MalformedJsonException: Use JsonReader.setLenient(true) to accept malformed JSON at line 1 column 20
07-05 12:11:08.013   545   548 D dalvikvm: GC_CONCURRENT freed 444K, 11% free 10470K/11719K, paused 1ms+2ms
07-05 12:11:08.193   545   548 D dalvikvm: GC_CONCURRENT freed 419K, 11% free 10445K/11719K, paused 2ms+2ms
07-05 12:11:08.248   545 15024 I DownloadManager: Initiating request for download 1740
07-05 12:11:08.338   545   548 D dalvikvm: GC_CONCURRENT freed 208K, 9% free 10695K/11719K, paused 1ms+2ms
07-05 12:11:08.439   545   548 D dalvikvm: GC_CONCURRENT freed 336K, 8% free 10874K/11719K, paused 2ms+3ms
07-05 12:11:08.662   545   548 D dalvikvm: GC_CONCURRENT freed 904K, 11% free 10471K/11719K, paused 1ms+2ms
07-05 12:11:08.845   545   548 D dalvikvm: GC_CONCURRENT freed 412K, 11% free 10453K/11719K, paused 2ms+2ms
07-05 12:11:09.002   545 15027 I DownloadManager: Initiating request for download 1741
07-05 12:11:09.060   545   548 D dalvikvm: GC_CONCURRENT freed 330K, 11% free 10525K/11719K, paused 2ms+2ms
07-05 12:11:09.162   545   548 D dalvikvm: GC_CONCURRENT freed 232K, 9% free 10776K/11719K, paused 2ms+3ms
07-05 12:11:09.283   545   548 D dalvikvm: GC_CONCURRENT freed 496K, 8% free 10785K/11719K, paused 1ms+3ms
07-05 12:11:09.428  1370 15029 E DictionaryProvider:UpdateHandler: Can't read a file : android.util.MalformedJsonException: Use JsonReader.setLenient(true) to accept malformed JSON at line 1 column 20
07-05 12:11:09.556   545   548 D dalvikvm: GC_CONCURRENT freed 772K, 11% free 10476K/11719K, paused 1ms+2ms
07-05 12:11:09.736   545   548 D dalvikvm: GC_CONCURRENT freed 412K, 11% free 10451K/11719K, paused 2ms+2ms
07-05 12:11:09.810   545 15032 I DownloadManager: Initiating request for download 1741
07-05 12:11:09.896   545   548 D dalvikvm: GC_CONCURRENT freed 250K, 10% free 10662K/11719K, paused 2ms+3ms
07-05 12:11:10.002   545   548 D dalvikvm: GC_CONCURRENT freed 318K, 8% free 10857K/11719K, paused 1ms+3ms
07-05 12:11:10.178   545   548 D dalvikvm: GC_CONCURRENT freed 841K, 11% free 10513K/11719K, paused 2ms+3ms
07-05 12:11:10.373   545   548 D dalvikvm: GC_CONCURRENT freed 443K, 11% free 10465K/11719K, paused 2ms+2ms
07-05 12:11:10.541   545   548 D dalvikvm: GC_CONCURRENT freed 409K, 11% free 10446K/11719K, paused 2ms+2ms
07-05 12:11:10.599   545 15035 I DownloadManager: Initiating request for download 1742
07-05 12:11:10.709   545   548 D dalvikvm: GC_CONCURRENT freed 179K, 9% free 10727K/11719K, paused 2ms+3ms
07-05 12:11:10.810   545   548 D dalvikvm: GC_CONCURRENT freed 407K, 9% free 10778K/11719K, paused 2ms+3ms
07-05 12:11:11.037  1370 15037 E DictionaryProvider:UpdateHandler: Can't read a file : android.util.MalformedJsonException: Use JsonReader.setLenient(true) to accept malformed JSON at line 1 column 20
07-05 12:11:11.053   545   548 D dalvikvm: GC_CONCURRENT freed 774K, 11% free 10499K/11719K, paused 2ms+2ms
07-05 12:11:11.252   545   548 D dalvikvm: GC_CONCURRENT freed 431K, 11% free 10463K/11719K, paused 1ms+2ms
07-05 12:11:11.392   545 15040 I DownloadManager: Initiating request for download 1742
07-05 12:11:11.435   545   548 D dalvikvm: GC_CONCURRENT freed 352K, 11% free 10500K/11719K, paused 2ms+2ms
07-05 12:11:11.541   545   548 D dalvikvm: GC_CONCURRENT freed 204K, 9% free 10755K/11719K, paused 1ms+2ms
07-05 12:11:11.654   545   548 D dalvikvm: GC_CONCURRENT freed 464K, 9% free 10778K/11719K, paused 2ms+3ms
07-05 12:11:11.885   545   548 D dalvikvm: GC_CONCURRENT freed 778K, 11% free 10476K/11719K, paused 1ms+3ms
07-05 12:11:12.056   545   548 D dalvikvm: GC_CONCURRENT freed 416K, 11% free 10455K/11719K, paused 2ms+2ms
07-05 12:11:12.174   545 15043 I DownloadManager: Initiating request for download 1743
07-05 12:11:12.256   545   548 D dalvikvm: GC_CONCURRENT freed 263K, 10% free 10650K/11719K, paused 1ms+3ms
07-05 12:11:12.369   545   548 D dalvikvm: GC_CONCURRENT freed 323K, 7% free 10910K/11719K, paused 2ms+3ms
07-05 12:11:12.576   545   548 D dalvikvm: GC_CONCURRENT freed 940K, 11% free 10486K/11719K, paused 2ms+2ms
07-05 12:11:12.627  1370 15045 E DictionaryProvider:UpdateHandler: Can't read a file : android.util.MalformedJsonException: Use JsonReader.setLenient(true) to accept malformed JSON at line 1 column 20
07-05 12:11:12.717   465   467 D dalvikvm: GC_CONCURRENT freed 417K, 5% free 10536K/11079K, paused 2ms+2ms
07-05 12:11:12.720  1370  1372 D dalvikvm: GC_CONCURRENT freed 388K, 7% free 9127K/9735K, paused 1ms+11ms
07-05 12:11:12.861   545   548 D dalvikvm: GC_CONCURRENT freed 412K, 11% free 10470K/11719K, paused 2ms+3ms
07-05 12:11:13.037   545 15048 I DownloadManager: Initiating request for download 1743
07-05 12:11:13.060   545   548 D dalvikvm: GC_CONCURRENT freed 415K, 11% free 10493K/11719K, paused 2ms+3ms
07-05 12:11:13.170   545   548 D dalvikvm: GC_CONCURRENT freed 199K, 9% free 10752K/11719K, paused 1ms+3ms
07-05 12:11:13.275   545   548 D dalvikvm: GC_CONCURRENT freed 457K, 9% free 10776K/11719K, paused 1ms+3ms
07-05 12:11:13.502   545   548 D dalvikvm: GC_CONCURRENT freed 762K, 11% free 10477K/11719K, paused 2ms+2ms
07-05 12:11:13.685   545   548 D dalvikvm: GC_CONCURRENT freed 412K, 11% free 10458K/11719K, paused 2ms+3ms
07-05 12:11:13.822   545 15051 I DownloadManager: Initiating request for download 1744
07-05 12:11:13.920   545   548 D dalvikvm: GC_CONCURRENT freed 276K, 10% free 10640K/11719K, paused 2ms+3ms
07-05 12:11:14.021   545   548 D dalvikvm: GC_CONCURRENT freed 322K, 8% free 10820K/11719K, paused 2ms+3ms
07-05 12:11:14.162   545   548 D dalvikvm: GC_CONCURRENT freed 783K, 11% free 10521K/11719K, paused 2ms+2ms
07-05 12:11:14.248  1370 15053 E DictionaryProvider:UpdateHandler: Can't read a file : android.util.MalformedJsonException: Use JsonReader.setLenient(true) to accept malformed JSON at line 1 column 20
07-05 12:11:14.400   545   548 D dalvikvm: GC_CONCURRENT freed 434K, 11% free 10482K/11719K, paused 1ms+3ms
07-05 12:11:14.584   545   548 D dalvikvm: GC_CONCURRENT freed 417K, 11% free 10458K/11719K, paused 2ms+2ms
07-05 12:11:14.650   545 15056 I DownloadManager: Initiating request for download 1744
07-05 12:11:14.740   545   548 D dalvikvm: GC_CONCURRENT freed 208K, 9% free 10674K/11719K, paused 2ms+2ms
07-05 12:11:14.845   545   548 D dalvikvm: GC_CONCURRENT freed 301K, 8% free 10847K/11719K, paused 2ms+3ms
07-05 12:11:15.013   545   548 D dalvikvm: GC_CONCURRENT freed 813K, 11% free 10522K/11719K, paused 2ms+3ms
07-05 12:11:15.213   545   548 D dalvikvm: GC_CONCURRENT freed 444K, 11% free 10473K/11719K, paused 1ms+2ms
07-05 12:11:15.396   545   548 D dalvikvm: GC_CONCURRENT freed 408K, 11% free 10457K/11719K, paused 2ms+2ms
07-05 12:11:15.459   545 15059 I DownloadManager: Initiating request for download 1745
07-05 12:11:15.556   545   548 D dalvikvm: GC_CONCURRENT freed 198K, 9% free 10718K/11719K, paused 2ms+2ms
07-05 12:11:15.662   545   548 D dalvikvm: GC_CONCURRENT freed 307K, 8% free 10889K/11719K, paused 3ms+2ms
07-05 12:11:15.857  1370 15061 E DictionaryProvider:UpdateHandler: Can't read a file : android.util.MalformedJsonException: Use JsonReader.setLenient(true) to accept malformed JSON at line 1 column 20
07-05 12:11:15.916   545   548 D dalvikvm: GC_CONCURRENT freed 908K, 11% free 10519K/11719K, paused 1ms+3ms
07-05 12:11:16.095   545   548 D dalvikvm: GC_CONCURRENT freed 443K, 11% free 10471K/11719K, paused 1ms+2ms
07-05 12:11:16.213   545 15063 I DownloadManager: Initiating request for download 1745
07-05 12:11:16.256   545   548 D dalvikvm: GC_CONCURRENT freed 333K, 11% free 10534K/11719K, paused 2ms+2ms
07-05 12:11:16.338   545   548 D dalvikvm: GC_CONCURRENT freed 219K, 9% free 10772K/11719K, paused 1ms+3ms
07-05 12:11:16.420   545   548 D dalvikvm: GC_CONCURRENT freed 703K, 11% free 10531K/11719K, paused 2ms+2ms
07-05 12:11:17.939   545   548 D dalvikvm: GC_CONCURRENT freed 430K, 11% free 10489K/11719K, paused 2ms+2ms
07-05 12:11:18.123   545   548 D dalvikvm: GC_CONCURRENT freed 416K, 11% free 10468K/11719K, paused 2ms+2ms
07-05 12:11:18.291   545 15067 I DownloadManager: Initiating request for download 1746
07-05 12:11:18.345   545   548 D dalvikvm: GC_CONCURRENT freed 344K, 11% free 10546K/11719K, paused 2ms+3ms
07-05 12:11:18.447   545   548 D dalvikvm: GC_CONCURRENT freed 228K, 9% free 10778K/11719K, paused 1ms+3ms
07-05 12:11:18.568   545   548 D dalvikvm: GC_CONCURRENT freed 484K, 8% free 10806K/11719K, paused 2ms+2ms
07-05 12:11:18.662   156   628 D dalvikvm: GC_EXPLICIT freed 499K, 11% free 14225K/15879K, paused 2ms+9ms
07-05 12:11:18.810  1370 15069 E DictionaryProvider:UpdateHandler: Can't read a file : android.util.MalformedJsonException: Use JsonReader.setLenient(true) to accept malformed JSON at line 1 column 20
07-05 12:11:18.904   545   548 D dalvikvm: GC_CONCURRENT freed 794K, 11% free 10500K/11719K, paused 1ms+3ms
07-05 12:11:19.084   545   548 D dalvikvm: GC_CONCURRENT freed 444K, 11% free 10451K/11719K, paused 1ms+2ms
07-05 12:11:19.170   545 15072 I DownloadManager: Initiating request for download 1746
07-05 12:11:19.252   545   548 D dalvikvm: GC_CONCURRENT freed 241K, 10% free 10663K/11719K, paused 1ms+2ms
07-05 12:11:19.361   545   548 D dalvikvm: GC_CONCURRENT freed 339K, 8% free 10861K/11719K, paused 2ms+3ms
07-05 12:11:19.556   545   548 D dalvikvm: GC_CONCURRENT freed 844K, 11% free 10511K/11719K, paused 2ms+3ms
07-05 12:11:19.760   545   548 D dalvikvm: GC_CONCURRENT freed 442K, 11% free 10464K/11719K, paused 1ms+2ms
07-05 12:11:19.935   545   548 D dalvikvm: GC_CONCURRENT freed 399K, 11% free 10450K/11719K, paused 1ms+3ms
07-05 12:11:19.963   545 15075 I DownloadManager: Initiating request for download 1747
07-05 12:11:20.064   545   548 D dalvikvm: GC_CONCURRENT freed 180K, 9% free 10728K/11719K, paused 2ms+2ms
07-05 12:11:20.178   545   548 D dalvikvm: GC_CONCURRENT freed 428K, 8% free 10803K/11719K, paused 2ms+4ms
07-05 12:11:20.353  1370 15077 E DictionaryProvider:UpdateHandler: Can't read a file : android.util.MalformedJsonException: Use JsonReader.setLenient(true) to accept malformed JSON at line 1 column 20
07-05 12:11:20.431  1370  1372 D dalvikvm: GC_CONCURRENT freed 391K, 7% free 9127K/9735K, paused 2ms+6ms
07-05 12:11:20.451   545   548 D dalvikvm: GC_CONCURRENT freed 795K, 11% free 10488K/11719K, paused 2ms+2ms
07-05 12:11:20.631   545   548 D dalvikvm: GC_CONCURRENT freed 427K, 11% free 10456K/11719K, paused 2ms+2ms
07-05 12:11:20.748   545 15080 I DownloadManager: Initiating request for download 1747
07-05 12:11:20.803   545   548 D dalvikvm: GC_CONCURRENT freed 326K, 11% free 10525K/11719K, paused 2ms+2ms
07-05 12:11:20.904   545   548 D dalvikvm: GC_CONCURRENT freed 221K, 9% free 10763K/11719K, paused 2ms+3ms
07-05 12:11:21.017   545   548 D dalvikvm: GC_CONCURRENT freed 477K, 9% free 10772K/11719K, paused 2ms+2ms
07-05 12:11:21.240   545   548 D dalvikvm: GC_CONCURRENT freed 765K, 11% free 10474K/11719K, paused 2ms+2ms
07-05 12:11:21.424   545   548 D dalvikvm: GC_CONCURRENT freed 411K, 11% free 10453K/11719K, paused 2ms+2ms
07-05 12:11:21.533   545 15083 I DownloadManager: Initiating request for download 1748
07-05 12:11:21.619   545   548 D dalvikvm: GC_CONCURRENT freed 250K, 10% free 10646K/11719K, paused 2ms+2ms
07-05 12:11:21.720   545   548 D dalvikvm: GC_CONCURRENT freed 298K, 8% free 10822K/11719K, paused 2ms+3ms
07-05 12:11:21.869   545   548 D dalvikvm: GC_CONCURRENT freed 780K, 11% free 10519K/11719K, paused 2ms+3ms
07-05 12:11:21.959  1370 15085 E DictionaryProvider:UpdateHandler: Can't read a file : android.util.MalformedJsonException: Use JsonReader.setLenient(true) to accept malformed JSON at line 1 column 20
07-05 12:11:22.099   545   548 D dalvikvm: GC_CONCURRENT freed 433K, 11% free 10480K/11719K, paused 2ms+2ms
07-05 12:11:22.283   545   548 D dalvikvm: GC_CONCURRENT freed 419K, 11% free 10456K/11719K, paused 2ms+2ms
07-05 12:11:22.361   545 15088 I DownloadManager: Initiating request for download 1748
07-05 12:11:22.459   545   548 D dalvikvm: GC_CONCURRENT freed 237K, 9% free 10672K/11719K, paused 2ms+3ms
07-05 12:11:22.560   545   548 D dalvikvm: GC_CONCURRENT freed 336K, 8% free 10846K/11719K, paused 2ms+2ms
07-05 12:11:22.740   545   548 D dalvikvm: GC_CONCURRENT freed 818K, 11% free 10526K/11719K, paused 2ms+2ms
07-05 12:11:22.928   545   548 D dalvikvm: GC_CONCURRENT freed 452K, 11% free 10470K/11719K, paused 2ms+2ms
07-05 12:11:23.111   545   548 D dalvikvm: GC_CONCURRENT freed 412K, 11% free 10452K/11719K, paused 1ms+4ms
07-05 12:11:23.178   545 15091 I DownloadManager: Initiating request for download 1749
07-05 12:11:23.287   545   548 D dalvikvm: GC_CONCURRENT freed 179K, 9% free 10732K/11719K, paused 1ms+3ms
07-05 12:11:23.392   545   548 D dalvikvm: GC_CONCURRENT freed 326K, 8% free 10891K/11719K, paused 2ms+3ms
07-05 12:11:23.572  1370 15093 E DictionaryProvider:UpdateHandler: Can't read a file : android.util.MalformedJsonException: Use JsonReader.setLenient(true) to accept malformed JSON at line 1 column 20
07-05 12:11:23.654   545   548 D dalvikvm: GC_CONCURRENT freed 899K, 11% free 10501K/11719K, paused 1ms+3ms
07-05 12:11:23.834   545   548 D dalvikvm: GC_CONCURRENT freed 435K, 11% free 10462K/11719K, paused 2ms+3ms
07-05 12:11:23.955   545 15096 I DownloadManager: Initiating request for download 1749
07-05 12:11:24.002   545   548 D dalvikvm: GC_CONCURRENT freed 331K, 11% free 10531K/11719K, paused 2ms+2ms
07-05 12:11:24.107   545   548 D dalvikvm: GC_CONCURRENT freed 220K, 9% free 10769K/11719K, paused 2ms+2ms
07-05 12:11:24.228   545   548 D dalvikvm: GC_CONCURRENT freed 475K, 9% free 10781K/11719K, paused 2ms+2ms
07-05 12:11:24.463   545   548 D dalvikvm: GC_CONCURRENT freed 772K, 11% free 10488K/11719K, paused 2ms+3ms
07-05 12:11:24.646   545   548 D dalvikvm: GC_CONCURRENT freed 425K, 11% free 10459K/11719K, paused 1ms+2ms
07-05 12:11:24.760   545 15099 I DownloadManager: Initiating request for download 1750
07-05 12:11:24.849   545   548 D dalvikvm: GC_CONCURRENT freed 255K, 10% free 10662K/11719K, paused 2ms+3ms
07-05 12:11:24.959   545   548 D dalvikvm: GC_CONCURRENT freed 343K, 8% free 10827K/11719K, paused 2ms+3ms
07-05 12:11:25.115   545 15099 D dalvikvm: GC_EXPLICIT freed 772K, 10% free 10551K/11719K, paused 2ms+3ms
07-05 12:11:25.240  1370 15101 E DictionaryProvider:UpdateHandler: Can't read a file : android.util.MalformedJsonException: Use JsonReader.setLenient(true) to accept malformed JSON at line 1 column 20
07-05 12:11:25.349   545   548 D dalvikvm: GC_CONCURRENT freed 462K, 11% free 10485K/11719K, paused 2ms+2ms
07-05 12:11:25.533   545   548 D dalvikvm: GC_CONCURRENT freed 413K, 11% free 10459K/11719K, paused 2ms+3ms
07-05 12:11:25.592   545 15104 I DownloadManager: Initiating request for download 1750
07-05 12:11:25.685   545   548 D dalvikvm: GC_CONCURRENT freed 235K, 9% free 10735K/11719K, paused 2ms+4ms
07-05 12:11:25.783   545   548 D dalvikvm: GC_CONCURRENT freed 323K, 8% free 10894K/11719K, paused 2ms+2ms
07-05 12:11:26.010   545   548 D dalvikvm: GC_CONCURRENT freed 916K, 11% free 10485K/11719K, paused 2ms+2ms
07-05 12:11:26.197   545   548 D dalvikvm: GC_CONCURRENT freed 413K, 11% free 10467K/11719K, paused 2ms+3ms
07-05 12:11:26.353   545 15107 I DownloadManager: Initiating request for download 1751
07-05 12:11:26.400   545   548 D dalvikvm: GC_CONCURRENT freed 338K, 11% free 10537K/11719K, paused 2ms+2ms
07-05 12:11:26.502   545   548 D dalvikvm: GC_CONCURRENT freed 221K, 9% free 10776K/11719K, paused 2ms+3ms
07-05 12:11:26.619   545   548 D dalvikvm: GC_CONCURRENT freed 481K, 8% free 10785K/11719K, paused 2ms+3ms
07-05 12:11:26.783  1370 15109 E DictionaryProvider:UpdateHandler: Can't read a file : android.util.MalformedJsonException: Use JsonReader.setLenient(true) to accept malformed JSON at line 1 column 20
07-05 12:11:26.869  1370  1372 D dalvikvm: GC_CONCURRENT freed 389K, 7% free 9125K/9735K, paused 2ms+6ms
07-05 12:11:26.892   545   548 D dalvikvm: GC_CONCURRENT freed 765K, 11% free 10494K/11719K, paused 1ms+3ms
07-05 12:11:27.064   545   548 D dalvikvm: GC_CONCURRENT freed 423K, 11% free 10465K/11719K, paused 1ms+2ms
07-05 12:11:27.154   545 15112 I DownloadManager: Initiating request for download 1751
07-05 12:11:27.228   545   548 D dalvikvm: GC_CONCURRENT freed 267K, 10% free 10659K/11719K, paused 2ms+3ms
07-05 12:11:27.326   545   548 D dalvikvm: GC_CONCURRENT freed 343K, 8% free 10861K/11719K, paused 2ms+3ms
07-05 12:11:27.498   545   548 D dalvikvm: GC_CONCURRENT freed 830K, 11% free 10525K/11719K, paused 1ms+2ms
07-05 12:11:27.678   545   548 D dalvikvm: GC_CONCURRENT freed 400K, 11% free 10513K/11719K, paused 2ms+2ms
07-05 12:11:27.861   545   548 D dalvikvm: GC_CONCURRENT freed 399K, 11% free 10502K/11719K, paused 2ms+2ms
07-05 12:11:28.103   545 15114 I DownloadManager: Initiating request for download 1752
07-05 12:11:28.213   545   548 D dalvikvm: GC_CONCURRENT freed 233K, 9% free 10729K/11719K, paused 2ms+4ms
07-05 12:11:28.322   545   548 D dalvikvm: GC_CONCURRENT freed 331K, 7% free 10902K/11719K, paused 2ms+3ms
07-05 12:11:28.556  1370 15117 E DictionaryProvider:UpdateHandler: Can't read a file : android.util.MalformedJsonException: Use JsonReader.setLenient(true) to accept malformed JSON at line 1 column 20
07-05 12:11:28.572   545   548 D dalvikvm: GC_CONCURRENT freed 933K, 11% free 10501K/11719K, paused 1ms+3ms
07-05 12:11:28.771   545   548 D dalvikvm: GC_CONCURRENT freed 419K, 11% free 10477K/11719K, paused 2ms+3ms
07-05 12:11:28.892   545 15120 I DownloadManager: Initiating request for download 1752
07-05 12:11:28.943   545   548 D dalvikvm: GC_CONCURRENT freed 344K, 10% free 10558K/11719K, paused 1ms+2ms
07-05 12:11:29.045   545   548 D dalvikvm: GC_CONCURRENT freed 230K, 8% free 10786K/11719K, paused 2ms+3ms
07-05 12:11:29.174   545   548 D dalvikvm: GC_CONCURRENT freed 488K, 8% free 10791K/11719K, paused 2ms+2ms
07-05 12:11:29.404   545   548 D dalvikvm: GC_CONCURRENT freed 770K, 11% free 10487K/11719K, paused 1ms+2ms
07-05 12:11:29.599   545   548 D dalvikvm: GC_CONCURRENT freed 415K, 11% free 10467K/11719K, paused 2ms+2ms
07-05 12:11:29.720   545 15123 I DownloadManager: Initiating request for download 1753
07-05 12:11:29.818   545   548 D dalvikvm: GC_CONCURRENT freed 251K, 9% free 10688K/11719K, paused 2ms+3ms
07-05 12:11:29.924   545   548 D dalvikvm: GC_CONCURRENT freed 341K, 8% free 10878K/11719K, paused 2ms+3ms
07-05 12:11:30.111   545   548 D dalvikvm: GC_CONCURRENT freed 852K, 11% free 10543K/11719K, paused 2ms+2ms
07-05 12:11:30.150  1370 15125 E DictionaryProvider:UpdateHandler: Can't read a file : android.util.MalformedJsonException: Use JsonReader.setLenient(true) to accept malformed JSON at line 1 column 20
07-05 12:11:30.334   545   548 D dalvikvm: GC_CONCURRENT freed 449K, 11% free 10489K/11719K, paused 2ms+3ms
07-05 12:11:30.529   545   548 D dalvikvm: GC_CONCURRENT freed 419K, 11% free 10464K/11719K, paused 2ms+2ms
07-05 12:11:30.556   545 15128 I DownloadManager: Initiating request for download 1753
07-05 12:11:30.650   545   548 D dalvikvm: GC_CONCURRENT freed 167K, 9% free 10729K/11719K, paused 2ms+3ms
07-05 12:11:30.756   545   548 D dalvikvm: GC_CONCURRENT freed 315K, 7% free 10905K/11719K, paused 1ms+3ms
07-05 12:11:30.986   545   548 D dalvikvm: GC_CONCURRENT freed 923K, 11% free 10494K/11719K, paused 1ms+3ms
07-05 12:11:31.158   545   548 D dalvikvm: GC_CONCURRENT freed 415K, 11% free 10475K/11719K, paused 2ms+2ms
07-05 12:11:31.303   545 15131 I DownloadManager: Initiating request for download 1754
07-05 12:11:31.349   545   548 D dalvikvm: GC_CONCURRENT freed 343K, 11% free 10546K/11719K, paused 2ms+2ms
07-05 12:11:31.459   545   548 D dalvikvm: GC_CONCURRENT freed 216K, 9% free 10779K/11719K, paused 2ms+3ms
07-05 12:11:31.560   545   548 D dalvikvm: GC_CONCURRENT freed 462K, 8% free 10802K/11719K, paused 2ms+3ms
07-05 12:11:31.717  1370 15133 E DictionaryProvider:UpdateHandler: Can't read a file : android.util.MalformedJsonException: Use JsonReader.setLenient(true) to accept malformed JSON at line 1 column 20
07-05 12:11:31.814   545   548 D dalvikvm: GC_CONCURRENT freed 770K, 11% free 10501K/11719K, paused 2ms+2ms
07-05 12:11:31.990   545   548 D dalvikvm: GC_CONCURRENT freed 421K, 11% free 10475K/11719K, paused 1ms+3ms
07-05 12:11:32.150   156   514 D dalvikvm: GC_EXPLICIT freed 493K, 11% free 14223K/15879K, paused 2ms+6ms
07-05 12:11:32.158   545 15136 I DownloadManager: Initiating request for download 1754
07-05 12:11:32.228   545   548 D dalvikvm: GC_CONCURRENT freed 282K, 10% free 10650K/11719K, paused 2ms+3ms
07-05 12:11:32.338   545   548 D dalvikvm: GC_CONCURRENT freed 351K, 8% free 10841K/11719K, paused 2ms+3ms
07-05 12:11:32.502   545   548 D dalvikvm: GC_CONCURRENT freed 815K, 11% free 10525K/11719K, paused 2ms+3ms
07-05 12:11:32.717   545   548 D dalvikvm: GC_CONCURRENT freed 447K, 11% free 10473K/11719K, paused 1ms+2ms
07-05 12:11:32.896   545   548 D dalvikvm: GC_CONCURRENT freed 413K, 11% free 10455K/11719K, paused 2ms+2ms
07-05 12:11:32.986   545 15139 I DownloadManager: Initiating request for download 1755
07-05 12:11:33.080   545   548 D dalvikvm: GC_CONCURRENT freed 201K, 9% free 10697K/11719K, paused 3ms+3ms
07-05 12:11:33.185   545   548 D dalvikvm: GC_CONCURRENT freed 333K, 8% free 10885K/11719K, paused 2ms+3ms
07-05 12:11:33.396  1370 15141 E DictionaryProvider:UpdateHandler: Can't read a file : android.util.MalformedJsonException: Use JsonReader.setLenient(true) to accept malformed JSON at line 1 column 20
07-05 12:11:33.424   545   548 D dalvikvm: GC_CONCURRENT freed 913K, 11% free 10499K/11719K, paused 1ms+2ms
07-05 12:11:33.478  1370  1372 D dalvikvm: GC_CONCURRENT freed 388K, 7% free 9126K/9735K, paused 1ms+2ms
07-05 12:11:33.638   545   548 D dalvikvm: GC_CONCURRENT freed 421K, 11% free 10466K/11719K, paused 2ms+2ms
07-05 12:11:33.783   545 15144 I DownloadManager: Initiating request for download 1755
07-05 12:11:33.822   545   548 D dalvikvm: GC_CONCURRENT freed 389K, 11% free 10500K/11719K, paused 1ms+3ms
07-05 12:11:33.931   545   548 D dalvikvm: GC_CONCURRENT freed 187K, 9% free 10749K/11719K, paused 2ms+3ms
07-05 12:11:34.045   545   548 D dalvikvm: GC_CONCURRENT freed 444K, 8% free 10786K/11719K, paused 2ms+3ms
07-05 12:11:34.260   545   548 D dalvikvm: GC_CONCURRENT freed 775K, 11% free 10484K/11719K, paused 1ms+2ms
07-05 12:11:34.443   545   548 D dalvikvm: GC_CONCURRENT freed 417K, 11% free 10462K/11719K, paused 2ms+3ms
07-05 12:11:34.588   545 15147 I DownloadManager: Initiating request for download 1756
07-05 12:11:34.666   545   548 D dalvikvm: GC_CONCURRENT freed 311K, 10% free 10598K/11719K, paused 2ms+2ms
07-05 12:11:34.767   545   548 D dalvikvm: GC_CONCURRENT freed 267K, 8% free 10801K/11719K, paused 2ms+2ms
07-05 12:11:34.896   545   548 D dalvikvm: GC_CONCURRENT freed 510K, 8% free 10786K/11719K, paused 1ms+2ms
07-05 12:11:35.095   545   548 D dalvikvm: GC_CONCURRENT freed 745K, 11% free 10511K/11719K, paused 2ms+2ms
07-05 12:11:35.267   545   548 D dalvikvm: GC_CONCURRENT freed 409K, 11% free 10497K/11719K, paused 2ms+2ms
07-05 12:11:35.822  1370 15149 E DictionaryProvider:UpdateHandler: Can't read a file : android.util.MalformedJsonException: Use JsonReader.setLenient(true) to accept malformed JSON at line 1 column 20
07-05 12:11:35.857  1370  6706 D dalvikvm: GC_EXPLICIT freed 102K, 7% free 9091K/9735K, paused 2ms+2ms
07-05 12:11:35.970   545   548 D dalvikvm: GC_CONCURRENT freed 387K, 11% free 10502K/11719K, paused 2ms+3ms
07-05 12:11:36.158   545   548 D dalvikvm: GC_CONCURRENT freed 423K, 11% free 10474K/11719K, paused 1ms+4ms
07-05 12:11:36.338   545   548 D dalvikvm: GC_CONCURRENT freed 409K, 11% free 10459K/11719K, paused 2ms+2ms
07-05 12:11:36.392   545 15152 I DownloadManager: Initiating request for download 1756
07-05 12:11:36.392   545 15152 W DownloadManager: Aborting request for download 1756: Trying to resume a download that can't be resumed
07-05 12:11:36.588   545   548 D dalvikvm: GC_CONCURRENT freed 362K, 11% free 10493K/11719K, paused 1ms+2ms
07-05 12:11:36.775   545   548 D dalvikvm: GC_CONCURRENT freed 417K, 11% free 10471K/11719K, paused 2ms+3ms
07-05 12:11:36.959   545   548 D dalvikvm: GC_CONCURRENT freed 407K, 11% free 10459K/11719K, paused 2ms+2ms
07-05 12:11:37.029   545 15155 I DownloadManager: Initiating request for download 1757
07-05 12:11:37.142   545   548 D dalvikvm: GC_CONCURRENT freed 198K, 9% free 10720K/11719K, paused 2ms+3ms
07-05 12:11:37.256   545   548 D dalvikvm: GC_CONCURRENT freed 377K, 7% free 10911K/11719K, paused 2ms+2ms
07-05 12:11:37.435  1370 15157 E DictionaryProvider:UpdateHandler: Can't read a file : android.util.MalformedJsonException: Use JsonReader.setLenient(true) to accept malformed JSON at line 1 column 20
07-05 12:11:37.510   545   548 D dalvikvm: GC_CONCURRENT freed 924K, 11% free 10495K/11719K, paused 2ms+3ms
07-05 12:11:37.693   545   548 D dalvikvm: GC_CONCURRENT freed 413K, 11% free 10470K/11719K, paused 1ms+3ms
07-05 12:11:37.806   545 15160 I DownloadManager: Initiating request for download 1757
07-05 12:11:37.877   545   548 D dalvikvm: GC_CONCURRENT freed 315K, 11% free 10539K/11719K, paused 2ms+2ms
07-05 12:11:37.978   545   548 D dalvikvm: GC_CONCURRENT freed 232K, 9% free 10780K/11719K, paused 2ms+3ms
07-05 12:11:38.095   545   548 D dalvikvm: GC_CONCURRENT freed 480K, 8% free 10792K/11719K, paused 1ms+2ms
07-05 12:11:38.318   545   548 D dalvikvm: GC_CONCURRENT freed 779K, 11% free 10486K/11719K, paused 1ms+2ms
07-05 12:11:38.502   545   548 D dalvikvm: GC_CONCURRENT freed 417K, 11% free 10465K/11719K, paused 2ms+2ms
07-05 12:11:38.615   545 15163 I DownloadManager: Initiating request for download 1758
07-05 12:11:38.697   545   548 D dalvikvm: GC_CONCURRENT freed 252K, 9% free 10669K/11719K, paused 2ms+3ms
07-05 12:11:38.818   545   548 D dalvikvm: GC_CONCURRENT freed 349K, 8% free 10881K/11719K, paused 2ms+3ms
07-05 12:11:39.006   545   548 D dalvikvm: GC_CONCURRENT freed 859K, 11% free 10528K/11719K, paused 2ms+3ms
07-05 12:11:39.068  1370 15165 E DictionaryProvider:UpdateHandler: Can't read a file : android.util.MalformedJsonException: Use JsonReader.setLenient(true) to accept malformed JSON at line 1 column 20
07-05 12:11:39.244   545   548 D dalvikvm: GC_CONCURRENT freed 435K, 11% free 10488K/11719K, paused 2ms+2ms
07-05 12:11:39.416   545   548 D dalvikvm: GC_CONCURRENT freed 414K, 11% free 10469K/11719K, paused 2ms+2ms
07-05 12:11:39.447   545 15168 I DownloadManager: Initiating request for download 1758
07-05 12:11:39.549   545   548 D dalvikvm: GC_CONCURRENT freed 187K, 9% free 10742K/11719K, paused 2ms+3ms
07-05 12:11:39.650   545   548 D dalvikvm: GC_CONCURRENT freed 329K, 7% free 10905K/11719K, paused 1ms+2ms
07-05 12:11:39.881   545   548 D dalvikvm: GC_CONCURRENT freed 924K, 11% free 10492K/11719K, paused 1ms+3ms
07-05 12:11:40.060   545   548 D dalvikvm: GC_CONCURRENT freed 415K, 11% free 10472K/11719K, paused 1ms+2ms
07-05 12:11:40.220   545 15171 I DownloadManager: Initiating request for download 1759
07-05 12:11:40.279   545   548 D dalvikvm: GC_CONCURRENT freed 341K, 11% free 10543K/11719K, paused 2ms+3ms
07-05 12:11:40.385   545   548 D dalvikvm: GC_CONCURRENT freed 221K, 9% free 10781K/11719K, paused 2ms+3ms
07-05 12:11:40.498   545   548 D dalvikvm: GC_CONCURRENT freed 478K, 8% free 10794K/11719K, paused 1ms+2ms
07-05 12:11:40.697  1370 15173 E DictionaryProvider:UpdateHandler: Can't read a file : android.util.MalformedJsonException: Use JsonReader.setLenient(true) to accept malformed JSON at line 1 column 20
07-05 12:11:40.732   545   548 D dalvikvm: GC_CONCURRENT freed 769K, 11% free 10503K/11719K, paused 2ms+2ms
07-05 12:11:40.928   545   548 D dalvikvm: GC_CONCURRENT freed 423K, 11% free 10475K/11719K, paused 2ms+2ms
07-05 12:11:41.033   545 15176 I DownloadManager: Initiating request for download 1759
07-05 12:11:41.115   545   548 D dalvikvm: GC_CONCURRENT freed 273K, 10% free 10661K/11719K, paused 2ms+3ms
07-05 12:11:41.217   545   548 D dalvikvm: GC_CONCURRENT freed 324K, 8% free 10846K/11719K, paused 1ms+3ms
07-05 12:11:41.377   545   548 D dalvikvm: GC_CONCURRENT freed 800K, 11% free 10543K/11719K, paused 2ms+3ms
07-05 12:11:41.592   545   548 D dalvikvm: GC_CONCURRENT freed 444K, 11% free 10488K/11719K, paused 2ms+2ms
07-05 12:11:41.775   545   548 D dalvikvm: GC_CONCURRENT freed 406K, 11% free 10472K/11719K, paused 1ms+2ms
07-05 12:11:41.857   545 15179 I DownloadManager: Initiating request for download 1760
07-05 12:11:41.943   545   548 D dalvikvm: GC_CONCURRENT freed 223K, 9% free 10702K/11719K, paused 2ms+3ms
07-05 12:11:42.053   545   548 D dalvikvm: GC_CONCURRENT freed 331K, 8% free 10885K/11719K, paused 2ms+3ms
07-05 12:11:42.240   545   548 D dalvikvm: GC_CONCURRENT freed 861K, 11% free 10535K/11719K, paused 1ms+3ms
07-05 12:11:42.334  1370 15181 E DictionaryProvider:UpdateHandler: Can't read a file : android.util.MalformedJsonException: Use JsonReader.setLenient(true) to accept malformed JSON at line 1 column 20
07-05 12:11:42.361  1370  1372 D dalvikvm: GC_CONCURRENT freed 345K, 7% free 9146K/9735K, paused 1ms+2ms
07-05 12:11:42.502   545   548 D dalvikvm: GC_CONCURRENT freed 440K, 11% free 10491K/11719K, paused 1ms+2ms
07-05 12:11:42.701   545   548 D dalvikvm: GC_CONCURRENT freed 418K, 11% free 10467K/11719K, paused 2ms+2ms
07-05 12:11:42.724   545 15184 I DownloadManager: Initiating request for download 1760
07-05 12:11:42.822   545   548 D dalvikvm: GC_CONCURRENT freed 178K, 9% free 10748K/11719K, paused 2ms+3ms
07-05 12:11:42.916   545   548 D dalvikvm: GC_CONCURRENT freed 429K, 8% free 10802K/11719K, paused 2ms+2ms
07-05 12:11:43.135   545   548 D dalvikvm: GC_CONCURRENT freed 778K, 11% free 10500K/11719K, paused 2ms+2ms
07-05 12:11:43.314   545   548 D dalvikvm: GC_CONCURRENT freed 414K, 11% free 10481K/11719K, paused 2ms+2ms
07-05 12:11:43.478   545 15187 I DownloadManager: Initiating request for download 1761
07-05 12:11:43.513   545   548 D dalvikvm: GC_CONCURRENT freed 371K, 11% free 10522K/11719K, paused 2ms+3ms
07-05 12:11:43.638   545   548 D dalvikvm: GC_CONCURRENT freed 185K, 9% free 10765K/11719K, paused 2ms+2ms
07-05 12:11:43.744   545   548 D dalvikvm: GC_CONCURRENT freed 328K, 7% free 10917K/11719K, paused 1ms+3ms
07-05 12:11:43.908  1370 15189 E DictionaryProvider:UpdateHandler: Can't read a file : android.util.MalformedJsonException: Use JsonReader.setLenient(true) to accept malformed JSON at line 1 column 20
07-05 12:11:44.010   545   548 D dalvikvm: GC_CONCURRENT freed 924K, 11% free 10516K/11719K, paused 2ms+2ms
07-05 12:11:44.197   545   548 D dalvikvm: GC_CONCURRENT freed 432K, 11% free 10480K/11719K, paused 1ms+2ms
07-05 12:11:44.314   545 15192 I DownloadManager: Initiating request for download 1761
07-05 12:11:44.404   545   548 D dalvikvm: GC_CONCURRENT freed 298K, 10% free 10640K/11719K, paused 2ms+3ms
07-05 12:11:44.502   545   548 D dalvikvm: GC_CONCURRENT freed 317K, 8% free 10821K/11719K, paused 1ms+3ms
07-05 12:11:44.635   545   548 D dalvikvm: GC_CONCURRENT freed 532K, 8% free 10803K/11719K, paused 2ms+2ms
07-05 12:11:44.877   545   548 D dalvikvm: GC_CONCURRENT freed 789K, 11% free 10491K/11719K, paused 2ms+3ms
07-05 12:11:45.064   545   548 D dalvikvm: GC_CONCURRENT freed 415K, 11% free 10471K/11719K, paused 1ms+2ms
07-05 12:11:45.138   545 15195 I DownloadManager: Initiating request for download 1762
07-05 12:11:45.236   545   548 D dalvikvm: GC_CONCURRENT freed 197K, 9% free 10732K/11719K, paused 2ms+2ms
07-05 12:11:45.345   545   548 D dalvikvm: GC_CONCURRENT freed 342K, 7% free 10916K/11719K, paused 2ms+3ms
07-05 12:11:45.564  1370 15197 E DictionaryProvider:UpdateHandler: Can't read a file : android.util.MalformedJsonException: Use JsonReader.setLenient(true) to accept malformed JSON at line 1 column 20
07-05 12:11:45.615   545   548 D dalvikvm: GC_CONCURRENT freed 938K, 11% free 10516K/11719K, paused 1ms+3ms
07-05 12:11:45.631   545 15199 I DownloadManager: in removeSpuriousFiles
07-05 12:11:45.728   545   548 D dalvikvm: GC_CONCURRENT freed 279K, 9% free 10748K/11719K, paused 2ms+3ms
07-05 12:11:45.767   545 15199 I DownloadManager: in removeSpuriousFiles, preserving file /data/data/com.android.providers.downloads/cache/metadata-325.htm
07-05 12:11:45.767   545 15199 I DownloadManager: in removeSpuriousFiles, preserving file /data/data/com.android.providers.downloads/cache/metadata-271.htm
07-05 12:11:45.767   545 15199 I DownloadManager: in removeSpuriousFiles, preserving file /data/data/com.android.providers.downloads/cache/metadata-405.htm
07-05 12:11:45.767   545 15199 I DownloadManager: in removeSpuriousFiles, preserving file /data/data/com.android.providers.downloads/cache/metadata-421.htm
07-05 12:11:45.767   545 15199 I DownloadManager: in removeSpuriousFiles, preserving file /data/data/com.android.providers.downloads/cache/metadata-102.htm
07-05 12:11:45.767   545 15199 I DownloadManager: in removeSpuriousFiles, preserving file /data/data/com.android.providers.downloads/cache/metadata-399.htm
07-05 12:11:45.767   545 15199 I DownloadManager: in removeSpuriousFiles, preserving file /data/data/com.android.providers.downloads/cache/metadata-109.htm
07-05 12:11:45.767   545 15199 I DownloadManager: in removeSpuriousFiles, preserving file /data/data/com.android.providers.downloads/cache/metadata-179.htm
07-05 12:11:45.767   545 15199 I DownloadManager: in removeSpuriousFiles, preserving file /data/data/com.android.providers.downloads/cache/metadata-186.htm
07-05 12:11:45.767   545 15199 I DownloadManager: in removeSpuriousFiles, preserving file /data/data/com.android.providers.downloads/cache/metadata-333.htm
07-05 12:11:45.767   545 15199 I DownloadManager: in removeSpuriousFiles, preserving file /data/data/com.android.providers.downloads/cache/metadata-144.htm
07-05 12:11:45.771   545 15199 I DownloadManager: in removeSpuriousFiles, preserving file /data/data/com.android.providers.downloads/cache/metadata-389.htm
07-05 12:11:45.771   545 15199 I DownloadManager: in removeSpuriousFiles, preserving file /data/data/com.android.providers.downloads/cache/metadata-250.htm
07-05 12:11:45.771   545 15199 I DownloadManager: in removeSpuriousFiles, preserving file /data/data/com.android.providers.downloads/cache/metadata-1063.htm
07-05 12:11:45.771   545 15199 I DownloadManager: in removeSpuriousFiles, preserving file /data/data/com.android.providers.downloads/cache/metadata-195.htm
07-05 12:11:45.771   545 15199 I DownloadManager: in removeSpuriousFiles, preserving file /data/data/com.android.providers.downloads/cache/metadata-86.htm
07-05 12:11:45.771   545 15199 I DownloadManager: in removeSpuriousFiles, preserving file /data/data/com.android.providers.downloads/cache/metadata-97.htm
07-05 12:11:45.771   545 15199 I DownloadManager: in removeSpuriousFiles, preserving file /data/data/com.android.providers.downloads/cache/metadata-407.htm
07-05 12:11:45.771   545 15199 I DownloadManager: in removeSpuriousFiles, preserving file /data/data/com.android.providers.downloads/cache/metadata-514.htm
07-05 12:11:45.771   545 15199 I DownloadManager: in removeSpuriousFiles, preserving file /data/data/com.android.providers.downloads/cache/metadata-476.htm
07-05 12:11:45.771   545 15199 I DownloadManager: in removeSpuriousFiles, preserving file /data/data/com.android.providers.downloads/cache/metadata-413.htm
07-05 12:11:45.771   545 15199 I DownloadManager: in removeSpuriousFiles, preserving file /data/data/com.android.providers.downloads/cache/metadata-242.htm
07-05 12:11:45.771   545 15199 I DownloadManager: in removeSpuriousFiles, preserving file /data/data/com.android.providers.downloads/cache/metadata-166.htm
07-05 12:11:45.771   545 15199 I DownloadManager: in removeSpuriousFiles, preserving file /data/data/com.android.providers.downloads/cache/metadata-340.htm
07-05 12:11:45.775   545 15199 I DownloadManager: in removeSpuriousFiles, preserving file /data/data/com.android.providers.downloads/cache/metadata-531.htm
07-05 12:11:45.775   545 15199 I DownloadManager: in removeSpuriousFiles, preserving file /data/data/com.android.providers.downloads/cache/metadata-444.htm
07-05 12:11:45.775   545 15199 I DownloadManager: in removeSpuriousFiles, preserving file /data/data/com.android.providers.downloads/cache/metadata-484.htm
07-05 12:11:45.779   545 15199 I DownloadManager: in removeSpuriousFiles, preserving file /data/data/com.android.providers.downloads/cache/metadata-1030.htm
07-05 12:11:45.779   545 15199 I DownloadManager: in removeSpuriousFiles, preserving file /data/data/com.android.providers.downloads/cache/metadata-782.htm
07-05 12:11:45.779   545 15199 I DownloadManager: in removeSpuriousFiles, preserving file /data/data/com.android.providers.downloads/cache/metadata-281.htm
07-05 12:11:45.779   545 15199 I DownloadManager: in removeSpuriousFiles, preserving file /data/data/com.android.providers.downloads/cache/metadata-173.htm
07-05 12:11:45.779   545 15199 I DownloadManager: in removeSpuriousFiles, preserving file /data/data/com.android.providers.downloads/cache/metadata-526.htm
07-05 12:11:45.779   545 15199 I DownloadManager: in removeSpuriousFiles, preserving file /data/data/com.android.providers.downloads/cache/metadata-537.htm
07-05 12:11:45.779   545 15199 I DownloadManager: in removeSpuriousFiles, preserving file /data/data/com.android.providers.downloads/cache/metadata-330.htm
07-05 12:11:45.779   545 15199 I DownloadManager: in removeSpuriousFiles, preserving file /data/data/com.android.providers.downloads/cache/metadata-495.htm
07-05 12:11:45.779   545 15199 I DownloadManager: in removeSpuriousFiles, preserving file /data/data/com.android.providers.downloads/cache/metadata-501.htm
07-05 12:11:45.779   545 15199 I DownloadManager: in removeSpuriousFiles, preserving file /data/data/com.android.providers.downloads/cache/metadata-391.htm
07-05 12:11:45.779   545 15199 I DownloadManager: in removeSpuriousFiles, preserving file /data/data/com.android.providers.downloads/cache/metadata-411.htm
07-05 12:11:45.779   545 15199 I DownloadManager: in removeSpuriousFiles, preserving file /data/data/com.android.providers.downloads/cache/metadata-1343.htm
07-05 12:11:45.779   545 15199 I DownloadManager: in removeSpuriousFiles, preserving file /data/data/com.android.providers.downloads/cache/metadata-493.htm
07-05 12:11:45.783   545 15199 I DownloadManager: in removeSpuriousFiles, preserving file /data/data/com.android.providers.downloads/cache/metadata-518.htm
07-05 12:11:45.783   545 15199 I DownloadManager: in removeSpuriousFiles, preserving file /data/data/com.android.providers.downloads/cache/metadata-265.htm
07-05 12:11:45.783   545 15199 I DownloadManager: in removeSpuriousFiles, preserving file /data/data/com.android.providers.downloads/cache/metadata-815.htm
07-05 12:11:45.783   545 15199 I DownloadManager: in removeSpuriousFiles, preserving file /data/data/com.android.providers.downloads/cache/metadata-106.htm
07-05 12:11:45.783   545 15199 I DownloadManager: in removeSpuriousFiles, preserving file /data/data/com.android.providers.downloads/cache/metadata-485.htm
07-05 12:11:45.783   545 15199 I DownloadManager: in removeSpuriousFiles, preserving file /data/data/com.android.providers.downloads/cache/metadata-263.htm
07-05 12:11:45.783   545 15199 I DownloadManager: in removeSpuriousFiles, preserving file /data/data/com.android.providers.downloads/cache/metadata-408.htm
07-05 12:11:45.783   545 15199 I DownloadManager: in removeSpuriousFiles, preserving file /data/data/com.android.providers.downloads/cache/metadata-458.htm
07-05 12:11:45.783   545 15199 I DownloadManager: in removeSpuriousFiles, preserving file /data/data/com.android.providers.downloads/cache/metadata-970.htm
07-05 12:11:45.783   545 15199 I DownloadManager: in removeSpuriousFiles, preserving file /data/data/com.android.providers.downloads/cache/metadata-530.htm
07-05 12:11:45.783   545 15199 I DownloadManager: in removeSpuriousFiles, preserving file /data/data/com.android.providers.downloads/cache/metadata-917.htm
07-05 12:11:45.783   545 15199 I DownloadManager: in removeSpuriousFiles, preserving file /data/data/com.android.providers.downloads/cache/metadata-469.htm
07-05 12:11:45.787   545 15199 I DownloadManager: in removeSpuriousFiles, preserving file /data/data/com.android.providers.downloads/cache/metadata-564.htm
07-05 12:11:45.787   545 15199 I DownloadManager: in removeSpuriousFiles, preserving file /data/data/com.android.providers.downloads/cache/metadata-492.htm
07-05 12:11:45.787   545 15199 I DownloadManager: in removeSpuriousFiles, preserving file /data/data/com.android.providers.downloads/cache/metadata-1423.htm
07-05 12:11:45.787   545 15199 I DownloadManager: in removeSpuriousFiles, preserving file /data/data/com.android.providers.downloads/cache/metadata-426.htm
07-05 12:11:45.787   545 15199 I DownloadManager: in removeSpuriousFiles, preserving file /data/data/com.android.providers.downloads/cache/metadata-633.htm
07-05 12:11:45.787   545 15199 I DownloadManager: in removeSpuriousFiles, preserving file /data/data/com.android.providers.downloads/cache/metadata-1020.htm
07-05 12:11:45.787   545 15199 I DownloadManager: in removeSpuriousFiles, preserving file /data/data/com.android.providers.downloads/cache/metadata-568.htm
07-05 12:11:45.787   545 15199 I DownloadManager: in removeSpuriousFiles, preserving file /data/data/com.android.providers.downloads/cache/metadata-204.htm
07-05 12:11:45.787   545 15199 I DownloadManager: in removeSpuriousFiles, preserving file /data/data/com.android.providers.downloads/cache/metadata-494.htm
07-05 12:11:45.787   545 15199 I DownloadManager: in removeSpuriousFiles, preserving file /data/data/com.android.providers.downloads/cache/metadata-521.htm
07-05 12:11:45.787   545 15199 I DownloadManager: in removeSpuriousFiles, preserving file /data/data/com.android.providers.downloads/cache/metadata-748.htm
07-05 12:11:45.791   545 15199 I DownloadManager: in removeSpuriousFiles, preserving file /data/data/com.android.providers.downloads/cache/metadata-554.htm
07-05 12:11:45.791   545 15199 I DownloadManager: in removeSpuriousFiles, preserving file /data/data/com.android.providers.downloads/cache/metadata-288.htm
07-05 12:11:45.791   545 15199 I DownloadManager: in removeSpuriousFiles, preserving file /data/data/com.android.providers.downloads/cache/metadata-930.htm
07-05 12:11:45.791   545 15199 I DownloadManager: in removeSpuriousFiles, preserving file /data/data/com.android.providers.downloads/cache/metadata-363.htm
07-05 12:11:45.791   545 15199 I DownloadManager: in removeSpuriousFiles, preserving file /data/data/com.android.providers.downloads/cache/metadata-545.htm
07-05 12:11:45.791   545 15199 I DownloadManager: in removeSpuriousFiles, preserving file /data/data/com.android.providers.downloads/cache/metadata-87.htm
07-05 12:11:45.791   545 15199 I DownloadManager: in removeSpuriousFiles, preserving file /data/data/com.android.providers.downloads/cache/metadata-452.htm
07-05 12:11:45.791   545 15199 I DownloadManager: in removeSpuriousFiles, preserving file /data/data/com.android.providers.downloads/cache/metadata-359.htm
07-05 12:11:45.791   545 15199 I DownloadManager: in removeSpuriousFiles, preserving file /data/data/com.android.providers.downloads/cache/metadata-668.htm
07-05 12:11:45.791   545 15199 I DownloadManager: in removeSpuriousFiles, preserving file /data/data/com.android.providers.downloads/cache/metadata-463.htm
07-05 12:11:45.791   545 15199 I DownloadManager: in removeSpuriousFiles, preserving file /data/data/com.android.providers.downloads/cache/metadata-582.htm
07-05 12:11:45.791   545 15199 I DownloadManager: in removeSpuriousFiles, preserving file /data/data/com.android.providers.downloads/cache/metadata-483.htm
07-05 12:11:45.795   545 15199 I DownloadManager: in removeSpuriousFiles, preserving file /data/data/com.android.providers.downloads/cache/metadata-478.htm
07-05 12:11:45.795   545 15199 I DownloadManager: in removeSpuriousFiles, preserving file /data/data/com.android.providers.downloads/cache/metadata-603.htm
07-05 12:11:45.795   545 15199 I DownloadManager: in removeSpuriousFiles, preserving file /data/data/com.android.providers.downloads/cache/metadata-541.htm
07-05 12:11:45.795   545 15199 I DownloadManager: in removeSpuriousFiles, preserving file /data/data/com.android.providers.downloads/cache/metadata-520.htm
07-05 12:11:45.795   545 15199 I DownloadManager: in removeSpuriousFiles, preserving file /data/data/com.android.providers.downloads/cache/metadata-522.htm
07-05 12:11:45.795   545 15199 I DownloadManager: in removeSpuriousFiles, preserving file /data/data/com.android.providers.downloads/cache/metadata-416.htm
07-05 12:11:45.795   545 15199 I DownloadManager: in removeSpuriousFiles, preserving file /data/data/com.android.providers.downloads/cache/metadata-553.htm
07-05 12:11:45.795   545 15199 I DownloadManager: in removeSpuriousFiles, preserving file /data/data/com.android.providers.downloads/cache/metadata-1032.htm
07-05 12:11:45.795   545 15199 I DownloadManager: in removeSpuriousFiles, preserving file /data/data/com.android.providers.downloads/cache/metadata-431.htm
07-05 12:11:45.795   545 15199 I DownloadManager: in removeSpuriousFiles, preserving file /data/data/com.android.providers.downloads/cache/metadata-1206.htm
07-05 12:11:45.795   545 15199 I DownloadManager: in removeSpuriousFiles, preserving file /data/data/com.android.providers.downloads/cache/metadata-702.htm
07-05 12:11:45.799   545 15199 I DownloadManager: in removeSpuriousFiles, preserving file /data/data/com.android.providers.downloads/cache/metadata-634.htm
07-05 12:11:45.799   545 15199 I DownloadManager: in removeSpuriousFiles, preserving file /data/data/com.android.providers.downloads/cache/metadata-409.htm
07-05 12:11:45.799   545 15199 I DownloadManager: in removeSpuriousFiles, preserving file /data/data/com.android.providers.downloads/cache/metadata-403.htm
07-05 12:11:45.799   545 15199 I DownloadManager: in removeSpuriousFiles, preserving file /data/data/com.android.providers.downloads/cache/metadata-491.htm
07-05 12:11:45.799   545 15199 I DownloadManager: in removeSpuriousFiles, preserving file /data/data/com.android.providers.downloads/cache/metadata-482.htm
07-05 12:11:45.799   545 15199 I DownloadManager: in removeSpuriousFiles, preserving file /data/data/com.android.providers.downloads/cache/metadata-574.htm
07-05 12:11:45.799   545 15199 I DownloadManager: in removeSpuriousFiles, preserving file /data/data/com.android.providers.downloads/cache/metadata-257.htm
07-05 12:11:45.799   545 15199 I DownloadManager: in removeSpuriousFiles, preserving file /data/data/com.android.providers.downloads/cache/metadata-638.htm
07-05 12:11:45.799   545 15199 I DownloadManager: in removeSpuriousFiles, preserving file /data/data/com.android.providers.downloads/cache/metadata-419.htm
07-05 12:11:45.799   545 15199 I DownloadManager: in removeSpuriousFiles, preserving file /data/data/com.android.providers.downloads/cache/metadata-1268.htm
07-05 12:11:45.799   545 15199 I DownloadManager: in removeSpuriousFiles, preserving file /data/data/com.android.providers.downloads/cache/metadata-472.htm
07-05 12:11:45.803   545 15199 I DownloadManager: in removeSpuriousFiles, preserving file /data/data/com.android.providers.downloads/cache/metadata-1043.htm
07-05 12:11:45.803   545 15199 I DownloadManager: in removeSpuriousFiles, preserving file /data/data/com.android.providers.downloads/cache/metadata-669.htm
07-05 12:11:45.803   545 15199 I DownloadManager: in removeSpuriousFiles, preserving file /data/data/com.android.providers.downloads/cache/metadata-1024.htm
07-05 12:11:45.803   545 15199 I DownloadManager: in removeSpuriousFiles, preserving file /data/data/com.android.providers.downloads/cache/metadata-1399.htm
07-05 12:11:45.803   545 15199 I DownloadManager: in removeSpuriousFiles, preserving file /data/data/com.android.providers.downloads/cache/metadata-114.htm
07-05 12:11:45.803   545 15199 I DownloadManager: in removeSpuriousFiles, preserving file /data/data/com.android.providers.downloads/cache/metadata-936.htm
07-05 12:11:45.803   545 15199 I DownloadManager: in removeSpuriousFiles, preserving file /data/data/com.android.providers.downloads/cache/metadata-1245.htm
07-05 12:11:45.803   545 15199 I DownloadManager: in removeSpuriousFiles, preserving file /data/data/com.android.providers.downloads/cache/metadata-560.htm
07-05 12:11:45.803   545 15199 I DownloadManager: in removeSpuriousFiles, preserving file /data/data/com.android.providers.downloads/cache/metadata-549.htm
07-05 12:11:45.803   545 15199 I DownloadManager: in removeSpuriousFiles, preserving file /data/data/com.android.providers.downloads/cache/metadata-744.htm
07-05 12:11:45.803   545 15199 I DownloadManager: in removeSpuriousFiles, preserving file /data/data/com.android.providers.downloads/cache/metadata-543.htm
07-05 12:11:45.806   545 15199 I DownloadManager: in removeSpuriousFiles, preserving file /data/data/com.android.providers.downloads/cache/metadata-1459.htm
07-05 12:11:45.806   545 15199 I DownloadManager: in removeSpuriousFiles, preserving file /data/data/com.android.providers.downloads/cache/metadata-33.htm
07-05 12:11:45.806   545 15199 I DownloadManager: in removeSpuriousFiles, preserving file /data/data/com.android.providers.downloads/cache/metadata-270.htm
07-05 12:11:45.806   545 15199 I DownloadManager: in removeSpuriousFiles, preserving file /data/data/com.android.providers.downloads/cache/metadata-339.htm
07-05 12:11:45.806   545 15199 I DownloadManager: in removeSpuriousFiles, preserving file /data/data/com.android.providers.downloads/cache/metadata-310.htm
07-05 12:11:45.806   545 15199 I DownloadManager: in removeSpuriousFiles, preserving file /data/data/com.android.providers.downloads/cache/metadata-337.htm
07-05 12:11:45.806   545 15199 I DownloadManager: in removeSpuriousFiles, preserving file /data/data/com.android.providers.downloads/cache/metadata-1481.htm
07-05 12:11:45.806   545 15199 I DownloadManager: in removeSpuriousFiles, preserving file /data/data/com.android.providers.downloads/cache/metadata-821.htm
07-05 12:11:45.806   545 15199 I DownloadManager: in removeSpuriousFiles, preserving file /data/data/com.android.providers.downloads/cache/metadata-356.htm
07-05 12:11:45.806   545 15199 I DownloadManager: in removeSpuriousFiles, preserving file /data/data/com.android.providers.downloads/cache/metadata-305.htm
07-05 12:11:45.806   545 15199 I DownloadManager: in removeSpuriousFiles, preserving file /data/data/com.android.providers.downloads/cache/metadata-528.htm
07-05 12:11:45.822   545 15199 I DownloadManager: in removeSpuriousFiles, preserving file /data/data/com.android.providers.downloads/cache/metadata-987.htm
07-05 12:11:45.822   545 15199 I DownloadManager: in removeSpuriousFiles, preserving file /data/data/com.android.providers.downloads/cache/metadata-678.htm
07-05 12:11:45.826   545 15199 I DownloadManager: in removeSpuriousFiles, preserving file /data/data/com.android.providers.downloads/cache/metadata-465.htm
07-05 12:11:45.826   545 15199 I DownloadManager: in removeSpuriousFiles, preserving file /data/data/com.android.providers.downloads/cache/metadata-640.htm
07-05 12:11:45.826   545 15199 I DownloadManager: in removeSpuriousFiles, preserving file /data/data/com.android.providers.downloads/cache/metadata-307.htm
07-05 12:11:45.826   545 15199 I DownloadManager: in removeSpuriousFiles, preserving file /data/data/com.android.providers.downloads/cache/metadata-432.htm
07-05 12:11:45.826   545 15199 I DownloadManager: in removeSpuriousFiles, preserving file /data/data/com.android.providers.downloads/cache/metadata-443.htm
07-05 12:11:45.826   545 15199 I DownloadManager: in removeSpuriousFiles, preserving file /data/data/com.android.providers.downloads/cache/metadata-555.htm
07-05 12:11:45.826   545 15199 I DownloadManager: in removeSpuriousFiles, preserving file /data/data/com.android.providers.downloads/cache/metadata-826.htm
07-05 12:11:45.830   545 15199 I DownloadManager: in removeSpuriousFiles, preserving file /data/data/com.android.providers.downloads/cache/metadata-454.htm
07-05 12:11:45.834   545 15199 I DownloadManager: in removeSpuriousFiles, preserving file /data/data/com.android.providers.downloads/cache/metadata-361.htm
07-05 12:11:45.834   545 15199 I DownloadManager: in removeSpuriousFiles, preserving file /data/data/com.android.providers.downloads/cache/metadata-1186.htm
07-05 12:11:45.834   545 15199 I DownloadManager: in removeSpuriousFiles, preserving file /data/data/com.android.providers.downloads/cache/metadata-565.htm
07-05 12:11:45.834   545 15199 I DownloadManager: in removeSpuriousFiles, preserving file /data/data/com.android.providers.downloads/cache/metadata-449.htm
07-05 12:11:45.834   545 15199 I DownloadManager: in removeSpuriousFiles, preserving file /data/data/com.android.providers.downloads/cache/metadata-577.htm
07-05 12:11:45.834   545 15199 I DownloadManager: in removeSpuriousFiles, preserving file /data/data/com.android.providers.downloads/cache/metadata-378.htm
07-05 12:11:45.834   545 15199 I DownloadManager: in removeSpuriousFiles, preserving file /data/data/com.android.providers.downloads/cache/metadata-559.htm
07-05 12:11:45.834   545 15199 I DownloadManager: in removeSpuriousFiles, preserving file /data/data/com.android.providers.downloads/cache/metadata-562.htm
07-05 12:11:45.834   545 15199 I DownloadManager: in removeSpuriousFiles, preserving file /data/data/com.android.providers.downloads/cache/metadata-1414.htm
07-05 12:11:45.834   545 15199 I DownloadManager: in removeSpuriousFiles, preserving file /data/data/com.android.providers.downloads/cache/metadata-504.htm
07-05 12:11:45.834   545 15199 I DownloadManager: in removeSpuriousFiles, preserving file /data/data/com.android.providers.downloads/cache/metadata-287.htm
07-05 12:11:45.838   545 15199 I DownloadManager: in removeSpuriousFiles, preserving file /data/data/com.android.providers.downloads/cache/metadata-497.htm
07-05 12:11:45.842   545 15199 I DownloadManager: in removeSpuriousFiles, preserving file /data/data/com.android.providers.downloads/cache/metadata-913.htm
07-05 12:11:45.842   545 15199 I DownloadManager: in removeSpuriousFiles, preserving file /data/data/com.android.providers.downloads/cache/metadata-464.htm
07-05 12:11:45.842   545 15199 I DownloadManager: in removeSpuriousFiles, preserving file /data/data/com.android.providers.downloads/cache/metadata-540.htm
07-05 12:11:45.842   545 15199 I DownloadManager: in removeSpuriousFiles, preserving file /data/data/com.android.providers.downloads/cache/metadata-558.htm
07-05 12:11:45.842   545 15199 I DownloadManager: in removeSpuriousFiles, preserving file /data/data/com.android.providers.downloads/cache/metadata-535.htm
07-05 12:11:45.842   545 15199 I DownloadManager: in removeSpuriousFiles, preserving file /data/data/com.android.providers.downloads/cache/metadata-440.htm
07-05 12:11:45.842   545 15199 I DownloadManager: in removeSpuriousFiles, preserving file /data/data/com.android.providers.downloads/cache/metadata-508.htm
07-05 12:11:45.842   545 15199 I DownloadManager: in removeSpuriousFiles, preserving file /data/data/com.android.providers.downloads/cache/metadata-1255.htm
07-05 12:11:45.842   545 15199 I DownloadManager: in removeSpuriousFiles, preserving file /data/data/com.android.providers.downloads/cache/metadata-533.htm
07-05 12:11:45.842   545 15199 I DownloadManager: in removeSpuriousFiles, preserving file /data/data/com.android.providers.downloads/cache/metadata-98.htm
07-05 12:11:45.842   545 15199 I DownloadManager: in removeSpuriousFiles, preserving file /data/data/com.android.providers.downloads/cache/metadata-505.htm
07-05 12:11:45.845   545 15199 I DownloadManager: in removeSpuriousFiles, preserving file /data/data/com.android.providers.downloads/cache/metadata-502.htm
07-05 12:11:45.845   545 15199 I DownloadManager: in removeSpuriousFiles, preserving file /data/data/com.android.providers.downloads/cache/metadata-1087.htm
07-05 12:11:45.845   545 15199 I DownloadManager: in removeSpuriousFiles, preserving file /data/data/com.android.providers.downloads/cache/metadata-434.htm
07-05 12:11:45.849   545 15199 I DownloadManager: in removeSpuriousFiles, preserving file /data/data/com.android.providers.downloads/cache/metadata-616.htm
07-05 12:11:45.849   545 15199 I DownloadManager: in removeSpuriousFiles, preserving file /data/data/com.android.providers.downloads/cache/metadata-608.htm
07-05 12:11:45.849   545 15199 I DownloadManager: in removeSpuriousFiles, preserving file /data/data/com.android.providers.downloads/cache/metadata-641.htm
07-05 12:11:45.849   545 15199 I DownloadManager: in removeSpuriousFiles, preserving file /data/data/com.android.providers.downloads/cache/metadata-238.htm
07-05 12:11:45.849   545 15199 I DownloadManager: in removeSpuriousFiles, preserving file /data/data/com.android.providers.downloads/cache/metadata-523.htm
07-05 12:11:45.849   545 15199 I DownloadManager: in removeSpuriousFiles, preserving file /data/data/com.android.providers.downloads/cache/metadata-487.htm
07-05 12:11:45.853   545 15199 I DownloadManager: in removeSpuriousFiles, preserving file /data/data/com.android.providers.downloads/cache/metadata-235.htm
07-05 12:11:45.853   545 15199 I DownloadManager: in removeSpuriousFiles, preserving file /data/data/com.android.providers.downloads/cache/metadata-99.htm
07-05 12:11:45.853   545 15199 I DownloadManager: in removeSpuriousFiles, preserving file /data/data/com.android.providers.downloads/cache/metadata-1424.htm
07-05 12:11:45.853   545 15199 I DownloadManager: in removeSpuriousFiles, preserving file /data/data/com.android.providers.downloads/cache/metadata-600.htm
07-05 12:11:45.857   545 15199 I DownloadManager: in removeSpuriousFiles, preserving file /data/data/com.android.providers.downloads/cache/metadata-738.htm
07-05 12:11:45.873   545 15199 I DownloadManager: in removeSpuriousFiles, preserving file /data/data/com.android.providers.downloads/cache/metadata-524.htm
07-05 12:11:45.873   545 15199 I DownloadManager: in removeSpuriousFiles, preserving file /data/data/com.android.providers.downloads/cache/metadata-542.htm
07-05 12:11:45.873   545 15199 I DownloadManager: in removeSpuriousFiles, preserving file /data/data/com.android.providers.downloads/cache/metadata-731.htm
07-05 12:11:45.873   545 15199 I DownloadManager: in removeSpuriousFiles, preserving file /data/data/com.android.providers.downloads/cache/metadata-525.htm
07-05 12:11:45.873   545 15199 I DownloadManager: in removeSpuriousFiles, preserving file /data/data/com.android.providers.downloads/cache/metadata-551.htm
07-05 12:11:45.873   545 15199 I DownloadManager: in removeSpuriousFiles, preserving file /data/data/com.android.providers.downloads/cache/metadata-703.htm
07-05 12:11:45.873   545 15199 I DownloadManager: in removeSpuriousFiles, preserving file /data/data/com.android.providers.downloads/cache/metadata-309.htm
07-05 12:11:45.873   545 15199 I DownloadManager: in removeSpuriousFiles, preserving file /data/data/com.android.providers.downloads/cache/metadata-1305.htm
07-05 12:11:45.873   545 15199 I DownloadManager: in removeSpuriousFiles, preserving file /data/data/com.android.providers.downloads/cache/metadata-1304.htm
07-05 12:11:45.873   545 15199 I DownloadManager: in removeSpuriousFiles, preserving file /data/data/com.android.providers.downloads/cache/metadata-1162.htm
07-05 12:11:45.873   545 15199 I DownloadManager: in removeSpuriousFiles, preserving file /data/data/com.android.providers.downloads/cache/metadata-1196.htm
07-05 12:11:45.877   545   548 D dalvikvm: GC_CONCURRENT freed 471K, 9% free 10780K/11719K, paused 1ms+2ms
07-05 12:11:45.877   545 15199 I DownloadManager: in removeSpuriousFiles, preserving file /data/data/com.android.providers.downloads/cache/metadata-727.htm
07-05 12:11:45.881   545 15199 I DownloadManager: in removeSpuriousFiles, preserving file /data/data/com.android.providers.downloads/cache/metadata-519.htm
07-05 12:11:45.881   545 15199 I DownloadManager: in removeSpuriousFiles, preserving file /data/data/com.android.providers.downloads/cache/metadata-1413.htm
07-05 12:11:45.881   545 15199 I DownloadManager: in removeSpuriousFiles, preserving file /data/data/com.android.providers.downloads/cache/metadata-622.htm
07-05 12:11:45.881   545 15199 I DownloadManager: in removeSpuriousFiles, preserving file /data/data/com.android.providers.downloads/cache/metadata-1402.htm
07-05 12:11:45.881   545 15199 I DownloadManager: in removeSpuriousFiles, preserving file /data/data/com.android.providers.downloads/cache/metadata-1962.htm
07-05 12:11:45.881   545 15199 I DownloadManager: in removeSpuriousFiles, preserving file /data/data/com.android.providers.downloads/cache/metadata-618.htm
07-05 12:11:45.881   545 15199 I DownloadManager: in removeSpuriousFiles, preserving file /data/data/com.android.providers.downloads/cache/metadata-570.htm
07-05 12:11:45.881   545 15199 I DownloadManager: in removeSpuriousFiles, preserving file /data/data/com.android.providers.downloads/cache/metadata-247.htm
07-05 12:11:45.881   545 15199 I DownloadManager: in removeSpuriousFiles, preserving file /data/data/com.android.providers.downloads/cache/metadata-853.htm
07-05 12:11:45.881   545 15199 I DownloadManager: in removeSpuriousFiles, preserving file /data/data/com.android.providers.downloads/cache/metadata-733.htm
07-05 12:11:45.885   545 15199 I DownloadManager: in removeSpuriousFiles, preserving file /data/data/com.android.providers.downloads/cache/metadata-1140.htm
07-05 12:11:45.885   545 15199 I DownloadManager: in removeSpuriousFiles, preserving file /data/data/com.android.providers.downloads/cache/metadata-572.htm
07-05 12:11:45.892   545 15199 I DownloadManager: in removeSpuriousFiles, preserving file /data/data/com.android.providers.downloads/cache/metadata-1120.htm
07-05 12:11:45.892   545 15199 I DownloadManager: in removeSpuriousFiles, preserving file /data/data/com.android.providers.downloads/cache/metadata-1338.htm
07-05 12:11:45.892   545 15199 I DownloadManager: in removeSpuriousFiles, preserving file /data/data/com.android.providers.downloads/cache/metadata-1244.htm
07-05 12:11:45.892   545 15199 I DownloadManager: in removeSpuriousFiles, preserving file /data/data/com.android.providers.downloads/cache/metadata-646.htm
07-05 12:11:45.892   545 15199 I DownloadManager: in removeSpuriousFiles, preserving file /data/data/com.android.providers.downloads/cache/metadata-1080.htm
07-05 12:11:45.892   545 15199 I DownloadManager: in removeSpuriousFiles, preserving file /data/data/com.android.providers.downloads/cache/metadata-1208.htm
07-05 12:11:45.892   545 15199 I DownloadManager: in removeSpuriousFiles, preserving file /data/data/com.android.providers.downloads/cache/metadata-596.htm
07-05 12:11:45.892   545 15199 I DownloadManager: in removeSpuriousFiles, preserving file /data/data/com.android.providers.downloads/cache/metadata-823.htm
07-05 12:11:45.896   545 15199 I DownloadManager: in removeSpuriousFiles, preserving file /data/data/com.android.providers.downloads/cache/metadata-660.htm
07-05 12:11:45.896   545 15199 I DownloadManager: in removeSpuriousFiles, preserving file /data/data/com.android.providers.downloads/cache/metadata-1276.htm
07-05 12:11:45.896   545 15199 I DownloadManager: in removeSpuriousFiles, preserving file /data/data/com.android.providers.downloads/cache/metadata-470.htm
07-05 12:11:45.896   545 15199 I DownloadManager: in removeSpuriousFiles, preserving file /data/data/com.android.providers.downloads/cache/metadata-601.htm
07-05 12:11:45.896   545 15199 I DownloadManager: in removeSpuriousFiles, preserving file /data/data/com.android.providers.downloads/cache/metadata-635.htm
07-05 12:11:45.900   545 15199 I DownloadManager: in removeSpuriousFiles, preserving file /data/data/com.android.providers.downloads/cache/metadata-993.htm
07-05 12:11:45.900   545 15199 I DownloadManager: in removeSpuriousFiles, preserving file /data/data/com.android.providers.downloads/cache/metadata-916.htm
07-05 12:11:45.900   545 15199 I DownloadManager: in removeSpuriousFiles, preserving file /data/data/com.android.providers.downloads/cache/metadata-1433.htm
07-05 12:11:45.900   545 15199 I DownloadManager: in removeSpuriousFiles, preserving file /data/data/com.android.providers.downloads/cache/metadata-1055.htm
07-05 12:11:45.900   545 15199 I DownloadManager: in removeSpuriousFiles, preserving file /data/data/com.android.providers.downloads/cache/metadata-898.htm
07-05 12:11:45.900   545 15199 I DownloadManager: in removeSpuriousFiles, preserving file /data/data/com.android.providers.downloads/cache/metadata-674.htm
07-05 12:11:45.900   545 15199 I DownloadManager: in removeSpuriousFiles, preserving file /data/data/com.android.providers.downloads/cache/metadata-1113.htm
07-05 12:11:45.900   545 15199 I DownloadManager: in removeSpuriousFiles, preserving file /data/data/com.android.providers.downloads/cache/metadata-1168.htm
07-05 12:11:45.900   545 15199 I DownloadManager: in removeSpuriousFiles, preserving file /data/data/com.android.providers.downloads/cache/metadata-1333.htm
07-05 12:11:45.900   545 15199 I DownloadManager: in removeSpuriousFiles, preserving file /data/data/com.android.providers.downloads/cache/metadata-1184.htm
07-05 12:11:45.904   545 15199 I DownloadManager: in removeSpuriousFiles, preserving file /data/data/com.android.providers.downloads/cache/metadata-611.htm
07-05 12:11:45.904   545 15199 I DownloadManager: in removeSpuriousFiles, preserving file /data/data/com.android.providers.downloads/cache/metadata-875.htm
07-05 12:11:45.904   545 15199 I DownloadManager: in removeSpuriousFiles, preserving file /data/data/com.android.providers.downloads/cache/metadata-585.htm
07-05 12:11:45.904   545 15199 I DownloadManager: in removeSpuriousFiles, preserving file /data/data/com.android.providers.downloads/cache/metadata-1334.htm
07-05 12:11:45.904   545 15199 I DownloadManager: in removeSpuriousFiles, preserving file /data/data/com.android.providers.downloads/cache/metadata-455.htm
07-05 12:11:45.904   545 15199 I DownloadManager: in removeSpuriousFiles, preserving file /data/data/com.android.providers.downloads/cache/metadata-592.htm
07-05 12:11:45.904   545 15199 I DownloadManager: in removeSpuriousFiles, preserving file /data/data/com.android.providers.downloads/cache/metadata-1675.htm
07-05 12:11:45.904   545 15199 I DownloadManager: in removeSpuriousFiles, preserving file /data/data/com.android.providers.downloads/cache/metadata-557.htm
07-05 12:11:45.904   545 15199 I DownloadManager: in removeSpuriousFiles, preserving file /data/data/com.android.providers.downloads/cache/metadata-1619.htm
07-05 12:11:45.904   545 15199 I DownloadManager: in removeSpuriousFiles, preserving file /data/data/com.android.providers.downloads/cache/metadata-1590.htm
07-05 12:11:45.908   545 15199 I DownloadManager: in removeSpuriousFiles, preserving file /data/data/com.android.providers.downloads/cache/metadata-838.htm
07-05 12:11:45.908   545 15199 I DownloadManager: in removeSpuriousFiles, preserving file /data/data/com.android.providers.downloads/cache/metadata-429.htm
07-05 12:11:45.908   545 15199 I DownloadManager: in removeSpuriousFiles, preserving file /data/data/com.android.providers.downloads/cache/metadata-1144.htm
07-05 12:11:45.908   545 15199 I DownloadManager: in removeSpuriousFiles, preserving file /data/data/com.android.providers.downloads/cache/metadata-670.htm
07-05 12:11:45.908   545 15199 I DownloadManager: in removeSpuriousFiles, preserving file /data/data/com.android.providers.downloads/cache/metadata-1104.htm
07-05 12:11:45.908   545 15199 I DownloadManager: in removeSpuriousFiles, preserving file /data/data/com.android.providers.downloads/cache/metadata-561.htm
07-05 12:11:45.908   545 15199 I DownloadManager: in removeSpuriousFiles, preserving file /data/data/com.android.providers.downloads/cache/metadata-689.htm
07-05 12:11:45.908   545 15199 I DownloadManager: in removeSpuriousFiles, preserving file /data/data/com.android.providers.downloads/cache/metadata-612.htm
07-05 12:11:45.908   545 15199 I DownloadManager: in removeSpuriousFiles, preserving file /data/data/com.android.providers.downloads/cache/metadata-1093.htm
07-05 12:11:45.908   545 15199 I DownloadManager: in removeSpuriousFiles, preserving file /data/data/com.android.providers.downloads/cache/metadata-1155.htm
07-05 12:11:45.908   545 15199 I DownloadManager: in removeSpuriousFiles, preserving file /data/data/com.android.providers.downloads/cache/metadata-272.htm
07-05 12:11:45.912   545 15199 I DownloadManager: in removeSpuriousFiles, preserving file /data/data/com.android.providers.downloads/cache/metadata-129.htm
07-05 12:11:45.912   545 15199 I DownloadManager: in removeSpuriousFiles, preserving file /data/data/com.android.providers.downloads/cache/metadata-456.htm
07-05 12:11:45.912   545 15199 I DownloadManager: in removeSpuriousFiles, preserving file /data/data/com.android.providers.downloads/cache/metadata-1261.htm
07-05 12:11:45.912   545 15199 I DownloadManager: in removeSpuriousFiles, preserving file /data/data/com.android.providers.downloads/cache/metadata-503.htm
07-05 12:11:45.912   545 15199 I DownloadManager: in removeSpuriousFiles, preserving file /data/data/com.android.providers.downloads/cache/metadata-1058.htm
07-05 12:11:45.912   545 15199 I DownloadManager: in removeSpuriousFiles, preserving file /data/data/com.android.providers.downloads/cache/metadata-590.htm
07-05 12:11:45.912   545 15199 I DownloadManager: in removeSpuriousFiles, preserving file /data/data/com.android.providers.downloads/cache/metadata-451.htm
07-05 12:11:45.912   545 15199 I DownloadManager: in removeSpuriousFiles, preserving file /data/data/com.android.providers.downloads/cache/metadata-576.htm
07-05 12:11:45.912   545 15199 I DownloadManager: in removeSpuriousFiles, preserving file /data/data/com.android.providers.downloads/cache/metadata-1380.htm
07-05 12:11:45.912   545 15199 I DownloadManager: in removeSpuriousFiles, preserving file /data/data/com.android.providers.downloads/cache/metadata-1296.htm
07-05 12:11:45.912   545 15199 I DownloadManager: in removeSpuriousFiles, preserving file /data/data/com.android.providers.downloads/cache/metadata-1071.htm
07-05 12:11:45.912   545 15199 I DownloadManager: in removeSpuriousFiles, preserving file /data/data/com.android.providers.downloads/cache/metadata-475.htm
07-05 12:11:45.912   545 15199 I DownloadManager: in removeSpuriousFiles, preserving file /data/data/com.android.providers.downloads/cache/metadata-710.htm
07-05 12:11:45.912   545 15199 I DownloadManager: in removeSpuriousFiles, preserving file /data/data/com.android.providers.downloads/cache/metadata-548.htm
07-05 12:11:45.916   545 15199 I DownloadManager: in removeSpuriousFiles, preserving file /data/data/com.android.providers.downloads/cache/metadata-676.htm
07-05 12:11:45.916   545 15199 I DownloadManager: in removeSpuriousFiles, preserving file /data/data/com.android.providers.downloads/cache/metadata-546.htm
07-05 12:11:45.916   545 15199 I DownloadManager: in removeSpuriousFiles, preserving file /data/data/com.android.providers.downloads/cache/metadata-940.htm
07-05 12:11:45.916   545 15199 I DownloadManager: in removeSpuriousFiles, preserving file /data/data/com.android.providers.downloads/cache/metadata-810.htm
07-05 12:11:45.916   545 15199 I DownloadManager: in removeSpuriousFiles, preserving file /data/data/com.android.providers.downloads/cache/metadata-871.htm
07-05 12:11:45.916   545 15199 I DownloadManager: in removeSpuriousFiles, preserving file /data/data/com.android.providers.downloads/cache/metadata-423.htm
07-05 12:11:45.916   545 15199 I DownloadManager: in removeSpuriousFiles, preserving file /data/data/com.android.providers.downloads/cache/metadata-496.htm
07-05 12:11:45.916   545 15199 I DownloadManager: in removeSpuriousFiles, preserving file /data/data/com.android.providers.downloads/cache/metadata-453.htm
07-05 12:11:45.916   545 15199 I DownloadManager: in removeSpuriousFiles, preserving file /data/data/com.android.providers.downloads/cache/metadata-318.htm
07-05 12:11:45.916   545 15199 I DownloadManager: in removeSpuriousFiles, preserving file /data/data/com.android.providers.downloads/cache/metadata-377.htm
07-05 12:11:45.916   545 15199 I DownloadManager: in removeSpuriousFiles, preserving file /data/data/com.android.providers.downloads/cache/metadata-1228.htm
07-05 12:11:45.916   545 15199 I DownloadManager: in removeSpuriousFiles, preserving file /data/data/com.android.providers.downloads/cache/metadata-539.htm
07-05 12:11:45.920   545 15199 I DownloadManager: in removeSpuriousFiles, preserving file /data/data/com.android.providers.downloads/cache/metadata-1451.htm
07-05 12:11:45.920   545 15199 I DownloadManager: in removeSpuriousFiles, preserving file /data/data/com.android.providers.downloads/cache/metadata-839.htm
07-05 12:11:45.920   545 15199 I DownloadManager: in removeSpuriousFiles, preserving file /data/data/com.android.providers.downloads/cache/metadata-707.htm
07-05 12:11:45.920   545 15199 I DownloadManager: in removeSpuriousFiles, preserving file /data/data/com.android.providers.downloads/cache/metadata-433.htm
07-05 12:11:45.920   545 15199 I DownloadManager: in removeSpuriousFiles, preserving file /data/data/com.android.providers.downloads/cache/metadata-258.htm
07-05 12:11:45.924   545 15199 I DownloadManager: in removeSpuriousFiles, preserving file /data/data/com.android.providers.downloads/cache/metadata-538.htm
07-05 12:11:45.924   545 15199 I DownloadManager: in removeSpuriousFiles, preserving file /data/data/com.android.providers.downloads/cache/metadata-807.htm
07-05 12:11:45.924   545 15199 I DownloadManager: in removeSpuriousFiles, preserving file /data/data/com.android.providers.downloads/cache/metadata-321.htm
07-05 12:11:45.924   545 15199 I DownloadManager: in removeSpuriousFiles, preserving file /data/data/com.android.providers.downloads/cache/metadata-1188.htm
07-05 12:11:45.924   545 15199 I DownloadManager: in removeSpuriousFiles, preserving file /data/data/com.android.providers.downloads/cache/metadata-1006.htm
07-05 12:11:45.924   545 15199 I DownloadManager: in removeSpuriousFiles, preserving file /data/data/com.android.providers.downloads/cache/metadata-636.htm
07-05 12:11:45.924   545 15199 I DownloadManager: in removeSpuriousFiles, preserving file /data/data/com.android.providers.downloads/cache/metadata-877.htm
07-05 12:11:45.924   545 15199 I DownloadManager: in removeSpuriousFiles, preserving file /data/data/com.android.providers.downloads/cache/metadata-1049.htm
07-05 12:11:45.924   545 15199 I DownloadManager: in removeSpuriousFiles, preserving file /data/data/com.android.providers.downloads/cache/metadata-1258.htm
07-05 12:11:45.924   545 15199 I DownloadManager: in removeSpuriousFiles, preserving file /data/data/com.android.providers.downloads/cache/metadata-2072.htm
07-05 12:11:45.924   545 15199 I DownloadManager: in removeSpuriousFiles, preserving file /data/data/com.android.providers.downloads/cache/metadata-1089.htm
07-05 12:11:45.924   545 15199 I DownloadManager: in removeSpuriousFiles, preserving file /data/data/com.android.providers.downloads/cache/metadata-1470.htm
07-05 12:11:45.928   545 15199 I DownloadManager: in removeSpuriousFiles, preserving file /data/data/com.android.providers.downloads/cache/metadata-786.htm
07-05 12:11:45.928   545 15199 I DownloadManager: in removeSpuriousFiles, preserving file /data/data/com.android.providers.downloads/cache/metadata-662.htm
07-05 12:11:45.928   545 15199 I DownloadManager: in removeSpuriousFiles, preserving file /data/data/com.android.providers.downloads/cache/metadata-1035.htm
07-05 12:11:45.928   545 15199 I DownloadManager: in removeSpuriousFiles, preserving file /data/data/com.android.providers.downloads/cache/metadata-371.htm
07-05 12:11:45.928   545 15199 I DownloadManager: in removeSpuriousFiles, preserving file /data/data/com.android.providers.downloads/cache/metadata-649.htm
07-05 12:11:45.928   545 15199 I DownloadManager: in removeSpuriousFiles, preserving file /data/data/com.android.providers.downloads/cache/metadata-1248.htm
07-05 12:11:45.928   545 15199 I DownloadManager: in removeSpuriousFiles, preserving file /data/data/com.android.providers.downloads/cache/metadata-589.htm
07-05 12:11:45.928   545 15199 I DownloadManager: in removeSpuriousFiles, preserving file /data/data/com.android.providers.downloads/cache/metadata-532.htm
07-05 12:11:45.928   545 15199 I DownloadManager: in removeSpuriousFiles, preserving file /data/data/com.android.providers.downloads/cache/metadata-376.htm
07-05 12:11:45.928   545 15199 I DownloadManager: in removeSpuriousFiles, preserving file /data/data/com.android.providers.downloads/cache/metadata-352.htm
07-05 12:11:45.928   545 15199 I DownloadManager: in removeSpuriousFiles, preserving file /data/data/com.android.providers.downloads/cache/metadata-1235.htm
07-05 12:11:45.928   545 15199 I DownloadManager: in removeSpuriousFiles, preserving file /data/data/com.android.providers.downloads/cache/metadata-490.htm
07-05 12:11:45.931   545 15199 I DownloadManager: in removeSpuriousFiles, preserving file /data/data/com.android.providers.downloads/cache/metadata-1158.htm
07-05 12:11:45.931   545 15199 I DownloadManager: in removeSpuriousFiles, preserving file /data/data/com.android.providers.downloads/cache/metadata-1454.htm
07-05 12:11:45.931   545 15199 I DownloadManager: in removeSpuriousFiles, preserving file /data/data/com.android.providers.downloads/cache/metadata-591.htm
07-05 12:11:45.931   545 15199 I DownloadManager: in removeSpuriousFiles, preserving file /data/data/com.android.providers.downloads/cache/metadata-1047.htm
07-05 12:11:45.931   545 15199 I DownloadManager: in removeSpuriousFiles, preserving file /data/data/com.android.providers.downloads/cache/metadata-1461.htm
07-05 12:11:45.931   545 15199 I DownloadManager: in removeSpuriousFiles, preserving file /data/data/com.android.providers.downloads/cache/metadata-1115.htm
07-05 12:11:45.931   545 15199 I DownloadManager: in removeSpuriousFiles, preserving file /data/data/com.android.providers.downloads/cache/metadata-1537.htm
07-05 12:11:45.931   545 15199 I DownloadManager: in removeSpuriousFiles, preserving file /data/data/com.android.providers.downloads/cache/metadata-985.htm
07-05 12:11:45.931   545 15199 I DownloadManager: in removeSpuriousFiles, preserving file /data/data/com.android.providers.downloads/cache/metadata-621.htm
07-05 12:11:45.931   545 15199 I DownloadManager: in removeSpuriousFiles, preserving file /data/data/com.android.providers.downloads/cache/metadata-290.htm
07-05 12:11:45.931   545 15199 I DownloadManager: in removeSpuriousFiles, preserving file /data/data/com.android.providers.downloads/cache/metadata-1431.htm
07-05 12:11:45.931   545 15199 I DownloadManager: in removeSpuriousFiles, preserving file /data/data/com.android.providers.downloads/cache/metadata-700.htm
07-05 12:11:45.931   545 15199 I DownloadManager: in removeSpuriousFiles, preserving file /data/data/com.android.providers.downloads/cache/metadata-610.htm
07-05 12:11:45.935   545 15199 I DownloadManager: in removeSpuriousFiles, preserving file /data/data/com.android.providers.downloads/cache/metadata-1127.htm
07-05 12:11:45.935   545 15199 I DownloadManager: in removeSpuriousFiles, preserving file /data/data/com.android.providers.downloads/cache/metadata-1673.htm
07-05 12:11:45.935   545 15199 I DownloadManager: in removeSpuriousFiles, preserving file /data/data/com.android.providers.downloads/cache/metadata-1160.htm
07-05 12:11:45.935   545 15199 I DownloadManager: in removeSpuriousFiles, preserving file /data/data/com.android.providers.downloads/cache/metadata-536.htm
07-05 12:11:45.935   545 15199 I DownloadManager: in removeSpuriousFiles, preserving file /data/data/com.android.providers.downloads/cache/metadata-566.htm
07-05 12:11:45.935   545 15199 I DownloadManager: in removeSpuriousFiles, preserving file /data/data/com.android.providers.downloads/cache/metadata-986.htm
07-05 12:11:45.935   545 15199 I DownloadManager: in removeSpuriousFiles, preserving file /data/data/com.android.providers.downloads/cache/metadata-1141.htm
07-05 12:11:45.935   545 15199 I DownloadManager: in removeSpuriousFiles, preserving file /data/data/com.android.providers.downloads/cache/metadata-899.htm
07-05 12:11:45.935   545 15199 I DownloadManager: in removeSpuriousFiles, preserving file /data/data/com.android.providers.downloads/cache/metadata-1301.htm
07-05 12:11:45.935   545 15199 I DownloadManager: in removeSpuriousFiles, preserving file /data/data/com.android.providers.downloads/cache/metadata-1081.htm
07-05 12:11:45.935   545 15199 I DownloadManager: in removeSpuriousFiles, preserving file /data/data/com.android.providers.downloads/cache/metadata-1004.htm
07-05 12:11:45.935   545 15199 I DownloadManager: in removeSpuriousFiles, preserving file /data/data/com.android.providers.downloads/cache/metadata-479.htm
07-05 12:11:45.939   545 15199 I DownloadManager: in removeSpuriousFiles, preserving file /data/data/com.android.providers.downloads/cache/metadata-937.htm
07-05 12:11:45.939   545 15199 I DownloadManager: in removeSpuriousFiles, preserving file /data/data/com.android.providers.downloads/cache/metadata-1347.htm
07-05 12:11:45.939   545 15199 I DownloadManager: in removeSpuriousFiles, preserving file /data/data/com.android.providers.downloads/cache/metadata-829.htm
07-05 12:11:45.939   545 15199 I DownloadManager: in removeSpuriousFiles, preserving file /data/data/com.android.providers.downloads/cache/metadata-529.htm
07-05 12:11:45.939   545 15199 I DownloadManager: in removeSpuriousFiles, preserving file /data/data/com.android.providers.downloads/cache/metadata-512.htm
07-05 12:11:45.939   545 15199 I DownloadManager: in removeSpuriousFiles, preserving file /data/data/com.android.providers.downloads/cache/metadata-1342.htm
07-05 12:11:45.939   545 15199 I DownloadManager: in removeSpuriousFiles, preserving file /data/data/com.android.providers.downloads/cache/metadata-969.htm
07-05 12:11:45.939   545 15199 I DownloadManager: in removeSpuriousFiles, preserving file /data/data/com.android.providers.downloads/cache/metadata-606.htm
07-05 12:11:45.939   545 15199 I DownloadManager: in removeSpuriousFiles, preserving file /data/data/com.android.providers.downloads/cache/metadata-1011.htm
07-05 12:11:45.939   545 15199 I DownloadManager: in removeSpuriousFiles, preserving file /data/data/com.android.providers.downloads/cache/metadata-1143.htm
07-05 12:11:45.939   545 15199 I DownloadManager: in removeSpuriousFiles, preserving file /data/data/com.android.providers.downloads/cache/metadata-1034.htm
07-05 12:11:45.939   545 15199 I DownloadManager: in removeSpuriousFiles, preserving file /data/data/com.android.providers.downloads/cache/metadata-1626.htm
07-05 12:11:45.943   545 15199 I DownloadManager: in removeSpuriousFiles, preserving file /data/data/com.android.providers.downloads/cache/metadata-1015.htm
07-05 12:11:45.943   545 15199 I DownloadManager: in removeSpuriousFiles, preserving file /data/data/com.android.providers.downloads/cache/metadata-597.htm
07-05 12:11:45.943   545 15199 I DownloadManager: in removeSpuriousFiles, preserving file /data/data/com.android.providers.downloads/cache/metadata-766.htm
07-05 12:11:45.943   545 15199 I DownloadManager: in removeSpuriousFiles, preserving file /data/data/com.android.providers.downloads/cache/metadata-625.htm
07-05 12:11:45.943   545 15199 I DownloadManager: in removeSpuriousFiles, preserving file /data/data/com.android.providers.downloads/cache/metadata-755.htm
07-05 12:11:45.943   545 15199 I DownloadManager: in removeSpuriousFiles, preserving file /data/data/com.android.providers.downloads/cache/metadata-756.htm
07-05 12:11:45.943   545 15199 I DownloadManager: in removeSpuriousFiles, preserving file /data/data/com.android.providers.downloads/cache/metadata-1207.htm
07-05 12:11:45.943   545 15199 I DownloadManager: in removeSpuriousFiles, preserving file /data/data/com.android.providers.downloads/cache/metadata-598.htm
07-05 12:11:45.943   545 15199 I DownloadManager: in removeSpuriousFiles, preserving file /data/data/com.android.providers.downloads/cache/metadata-1203.htm
07-05 12:11:45.943   545 15199 I DownloadManager: in removeSpuriousFiles, preserving file /data/data/com.android.providers.downloads/cache/metadata-787.htm
07-05 12:11:45.943   545 15199 I DownloadManager: in removeSpuriousFiles, preserving file /data/data/com.android.providers.downloads/cache/metadata-1425.htm
07-05 12:11:45.943   545 15199 I DownloadManager: in removeSpuriousFiles, preserving file /data/data/com.android.providers.downloads/cache/metadata-1491.htm
07-05 12:11:45.947   545 15199 I DownloadManager: in removeSpuriousFiles, preserving file /data/data/com.android.providers.downloads/cache/metadata-742.htm
07-05 12:11:45.947   545 15199 I DownloadManager: in removeSpuriousFiles, preserving file /data/data/com.android.providers.downloads/cache/metadata-573.htm
07-05 12:11:45.947   545 15199 I DownloadManager: in removeSpuriousFiles, preserving file /data/data/com.android.providers.downloads/cache/metadata-647.htm
07-05 12:11:45.947   545 15199 I DownloadManager: in removeSpuriousFiles, preserving file /data/data/com.android.providers.downloads/cache/metadata-739.htm
07-05 12:11:45.947   545 15199 I DownloadManager: in removeSpuriousFiles, preserving file /data/data/com.android.providers.downloads/cache/metadata-1484.htm
07-05 12:11:45.947   545 15199 I DownloadManager: in removeSpuriousFiles, preserving file /data/data/com.android.providers.downloads/cache/metadata-1124.htm
07-05 12:11:45.947   545 15199 I DownloadManager: in removeSpuriousFiles, preserving file /data/data/com.android.providers.downloads/cache/metadata-1129.htm
07-05 12:11:45.947   545 15199 I DownloadManager: in removeSpuriousFiles, preserving file /data/data/com.android.providers.downloads/cache/metadata-644.htm
07-05 12:11:45.947   545 15199 I DownloadManager: in removeSpuriousFiles, preserving file /data/data/com.android.providers.downloads/cache/metadata-942.htm
07-05 12:11:45.947   545 15199 I DownloadManager: in removeSpuriousFiles, preserving file /data/data/com.android.providers.downloads/cache/metadata-868.htm
07-05 12:11:45.947   545 15199 I DownloadManager: in removeSpuriousFiles, preserving file /data/data/com.android.providers.downloads/cache/metadata-1308.htm
07-05 12:11:45.951   545 15199 I DownloadManager: in removeSpuriousFiles, preserving file /data/data/com.android.providers.downloads/cache/metadata-997.htm
07-05 12:11:45.951   545 15199 I DownloadManager: in removeSpuriousFiles, preserving file /data/data/com.android.providers.downloads/cache/metadata-1027.htm
07-05 12:11:45.951   545 15199 I DownloadManager: in removeSpuriousFiles, preserving file /data/data/com.android.providers.downloads/cache/metadata-1732.htm
07-05 12:11:45.951   545 15199 I DownloadManager: in removeSpuriousFiles, preserving file /data/data/com.android.providers.downloads/cache/metadata-1112.htm
07-05 12:11:45.951   545 15199 I DownloadManager: in removeSpuriousFiles, preserving file /data/data/com.android.providers.downloads/cache/metadata-605.htm
07-05 12:11:45.951   545 15199 I DownloadManager: in removeSpuriousFiles, preserving file /data/data/com.android.providers.downloads/cache/metadata-1128.htm
07-05 12:11:45.951   545 15199 I DownloadManager: in removeSpuriousFiles, preserving file /data/data/com.android.providers.downloads/cache/metadata-1069.htm
07-05 12:11:45.951   545 15199 I DownloadManager: in removeSpuriousFiles, preserving file /data/data/com.android.providers.downloads/cache/metadata-1340.htm
07-05 12:11:45.951   545 15199 I DownloadManager: in removeSpuriousFiles, preserving file /data/data/com.android.providers.downloads/cache/metadata-1988.htm
07-05 12:11:45.951   545 15199 I DownloadManager: in removeSpuriousFiles, preserving file /data/data/com.android.providers.downloads/cache/metadata-1326.htm
07-05 12:11:45.955   545 15199 I DownloadManager: in removeSpuriousFiles, preserving file /data/data/com.android.providers.downloads/cache/metadata-299.htm
07-05 12:11:45.955   545 15199 I DownloadManager: in removeSpuriousFiles, preserving file /data/data/com.android.providers.downloads/cache/metadata-1254.htm
07-05 12:11:45.955   545 15199 I DownloadManager: in removeSpuriousFiles, preserving file /data/data/com.android.providers.downloads/cache/metadata-517.htm
07-05 12:11:45.955   545 15199 I DownloadManager: in removeSpuriousFiles, preserving file /data/data/com.android.providers.downloads/cache/metadata-1384.htm
07-05 12:11:45.955   545 15199 I DownloadManager: in removeSpuriousFiles, preserving file /data/data/com.android.providers.downloads/cache/metadata-1339.htm
07-05 12:11:45.955   545 15199 I DownloadManager: in removeSpuriousFiles, preserving file /data/data/com.android.providers.downloads/cache/metadata-69.htm
07-05 12:11:45.955   545 15199 I DownloadManager: in removeSpuriousFiles, preserving file /data/data/com.android.providers.downloads/cache/metadata-1377.htm
07-05 12:11:45.955   545 15199 I DownloadManager: in removeSpuriousFiles, preserving file /data/data/com.android.providers.downloads/cache/metadata-402.htm
07-05 12:11:45.955   545 15199 I DownloadManager: in removeSpuriousFiles, preserving file /data/data/com.android.providers.downloads/cache/metadata-594.htm
07-05 12:11:45.955   545 15199 I DownloadManager: in removeSpuriousFiles, preserving file /data/data/com.android.providers.downloads/cache/metadata-784.htm
07-05 12:11:45.955   545 15199 I DownloadManager: in removeSpuriousFiles, preserving file /data/data/com.android.providers.downloads/cache/metadata-1070.htm
07-05 12:11:45.955   545 15199 I DownloadManager: in removeSpuriousFiles, preserving file /data/data/com.android.providers.downloads/cache/metadata-1332.htm
07-05 12:11:45.955   545 15199 I DownloadManager: in removeSpuriousFiles, preserving file /data/data/com.android.providers.downloads/cache/metadata-1126.htm
07-05 12:11:45.955   545 15199 I DownloadManager: in removeSpuriousFiles, preserving file /data/data/com.android.providers.downloads/cache/metadata-1243.htm
07-05 12:11:45.959   545 15199 I DownloadManager: in removeSpuriousFiles, preserving file /data/data/com.android.providers.downloads/cache/metadata-1003.htm
07-05 12:11:45.959   545 15199 I DownloadManager: in removeSpuriousFiles, preserving file /data/data/com.android.providers.downloads/cache/metadata-1282.htm
07-05 12:11:45.959   545 15199 I DownloadManager: in removeSpuriousFiles, preserving file /data/data/com.android.providers.downloads/cache/metadata-1325.htm
07-05 12:11:45.959   545 15199 I DownloadManager: in removeSpuriousFiles, preserving file /data/data/com.android.providers.downloads/cache/metadata-1013.htm
07-05 12:11:45.959   545 15199 I DownloadManager: in removeSpuriousFiles, preserving file /data/data/com.android.providers.downloads/cache/metadata-681.htm
07-05 12:11:45.959   545 15199 I DownloadManager: in removeSpuriousFiles, preserving file /data/data/com.android.providers.downloads/cache/metadata-302.htm
07-05 12:11:45.959   545 15199 I DownloadManager: in removeSpuriousFiles, preserving file /data/data/com.android.providers.downloads/cache/metadata-95.htm
07-05 12:11:45.959   545 15199 I DownloadManager: in removeSpuriousFiles, preserving file /data/data/com.android.providers.downloads/cache/metadata-701.htm
07-05 12:11:45.959   545 15199 I DownloadManager: in removeSpuriousFiles, preserving file /data/data/com.android.providers.downloads/cache/metadata-1879.htm
07-05 12:11:45.959   545 15199 I DownloadManager: in removeSpuriousFiles, preserving file /data/data/com.android.providers.downloads/cache/metadata-477.htm
07-05 12:11:45.959   545 15199 I DownloadManager: in removeSpuriousFiles, preserving file /data/data/com.android.providers.downloads/cache/metadata-614.htm
07-05 12:11:45.959   545 15199 I DownloadManager: in removeSpuriousFiles, preserving file /data/data/com.android.providers.downloads/cache/metadata-481.htm
07-05 12:11:45.959   545 15199 I DownloadManager: in removeSpuriousFiles, preserving file /data/data/com.android.providers.downloads/cache/metadata-1564.htm
07-05 12:11:45.963   545 15199 I DownloadManager: in removeSpuriousFiles, preserving file /data/data/com.android.providers.downloads/cache/metadata-527.htm
07-05 12:11:45.963   545 15199 I DownloadManager: in removeSpuriousFiles, preserving file /data/data/com.android.providers.downloads/cache/metadata-547.htm
07-05 12:11:45.963   545 15199 I DownloadManager: in removeSpuriousFiles, preserving file /data/data/com.android.providers.downloads/cache/metadata-816.htm
07-05 12:11:45.963   545 15199 I DownloadManager: in removeSpuriousFiles, preserving file /data/data/com.android.providers.downloads/cache/metadata-897.htm
07-05 12:11:45.963   545 15199 I DownloadManager: in removeSpuriousFiles, preserving file /data/data/com.android.providers.downloads/cache/metadata-1358.htm
07-05 12:11:45.967   545 15199 I DownloadManager: in removeSpuriousFiles, preserving file /data/data/com.android.providers.downloads/cache/metadata-923.htm
07-05 12:11:45.967   545 15199 I DownloadManager: in removeSpuriousFiles, preserving file /data/data/com.android.providers.downloads/cache/metadata-743.htm
07-05 12:11:45.967   545 15199 I DownloadManager: in removeSpuriousFiles, preserving file /data/data/com.android.providers.downloads/cache/metadata-1103.htm
07-05 12:11:45.967   545 15199 I DownloadManager: in removeSpuriousFiles, preserving file /data/data/com.android.providers.downloads/cache/metadata-1195.htm
07-05 12:11:45.967   545 15199 I DownloadManager: in removeSpuriousFiles, preserving file /data/data/com.android.providers.downloads/cache/metadata-1177.htm
07-05 12:11:45.967   545 15199 I DownloadManager: in removeSpuriousFiles, preserving file /data/data/com.android.providers.downloads/cache/metadata-2058.htm
07-05 12:11:45.967   545 15199 I DownloadManager: in removeSpuriousFiles, preserving file /data/data/com.android.providers.downloads/cache/metadata-1150.htm
07-05 12:11:45.967   545 15199 I DownloadManager: in removeSpuriousFiles, preserving file /data/data/com.android.providers.downloads/cache/metadata-687.htm
07-05 12:11:45.967   545 15199 I DownloadManager: in removeSpuriousFiles, preserving file /data/data/com.android.providers.downloads/cache/metadata-651.htm
07-05 12:11:45.967   545 15199 I DownloadManager: in removeSpuriousFiles, preserving file /data/data/com.android.providers.downloads/cache/metadata-1234.htm
07-05 12:11:45.967   545 15199 I DownloadManager: in removeSpuriousFiles, preserving file /data/data/com.android.providers.downloads/cache/metadata-759.htm
07-05 12:11:45.967   545 15199 I DownloadManager: in removeSpuriousFiles, preserving file /data/data/com.android.providers.downloads/cache/metadata-1057.htm
07-05 12:11:45.970   545 15199 I DownloadManager: in removeSpuriousFiles, preserving file /data/data/com.android.providers.downloads/cache/metadata-509.htm
07-05 12:11:45.970   545 15199 I DownloadManager: in removeSpuriousFiles, preserving file /data/data/com.android.providers.downloads/cache/metadata-1360.htm
07-05 12:11:45.970   545 15199 I DownloadManager: in removeSpuriousFiles, preserving file /data/data/com.android.providers.downloads/cache/metadata-584.htm
07-05 12:11:45.970   545 15199 I DownloadManager: in removeSpuriousFiles, preserving file /data/data/com.android.providers.downloads/cache/metadata-906.htm
07-05 12:11:45.970   545 15199 I DownloadManager: in removeSpuriousFiles, preserving file /data/data/com.android.providers.downloads/cache/metadata-1539.htm
07-05 12:11:45.970   545 15199 I DownloadManager: in removeSpuriousFiles, preserving file /data/data/com.android.providers.downloads/cache/metadata-1054.htm
07-05 12:11:45.970   545 15199 I DownloadManager: in removeSpuriousFiles, preserving file /data/data/com.android.providers.downloads/cache/metadata-1142.htm
07-05 12:11:45.970   545 15199 I DownloadManager: in removeSpuriousFiles, preserving file /data/data/com.android.providers.downloads/cache/metadata-1101.htm
07-05 12:11:45.970   545 15199 I DownloadManager: in removeSpuriousFiles, preserving file /data/data/com.android.providers.downloads/cache/metadata-1621.htm
07-05 12:11:45.970   545 15199 I DownloadManager: in removeSpuriousFiles, preserving file /data/data/com.android.providers.downloads/cache/metadata-1010.htm
07-05 12:11:45.970   545 15199 I DownloadManager: in removeSpuriousFiles, preserving file /data/data/com.android.providers.downloads/cache/metadata-372.htm
07-05 12:11:45.970   545 15199 I DownloadManager: in removeSpuriousFiles, preserving file /data/data/com.android.providers.downloads/cache/metadata-895.htm
07-05 12:11:45.970   545 15199 I DownloadManager: in removeSpuriousFiles, preserving file /data/data/com.android.providers.downloads/cache/metadata-1394.htm
07-05 12:11:45.974   545 15199 I DownloadManager: in removeSpuriousFiles, preserving file /data/data/com.android.providers.downloads/cache/metadata-1930.htm
07-05 12:11:45.974   545 15199 I DownloadManager: in removeSpuriousFiles, preserving file /data/data/com.android.providers.downloads/cache/metadata-588.htm
07-05 12:11:45.974   545 15199 I DownloadManager: in removeSpuriousFiles, preserving file /data/data/com.android.providers.downloads/cache/metadata-799.htm
07-05 12:11:45.974   545 15199 I DownloadManager: in removeSpuriousFiles, preserving file /data/data/com.android.providers.downloads/cache/metadata-1666.htm
07-05 12:11:45.974   545 15199 I DownloadManager: in removeSpuriousFiles, preserving file /data/data/com.android.providers.downloads/cache/metadata-848.htm
07-05 12:11:45.974   545 15199 I DownloadManager: in removeSpuriousFiles, preserving file /data/data/com.android.providers.downloads/cache/metadata-1065.htm
07-05 12:11:45.974   545 15199 I DownloadManager: in removeSpuriousFiles, preserving file /data/data/com.android.providers.downloads/cache/metadata-1220.htm
07-05 12:11:45.974   545 15199 I DownloadManager: in removeSpuriousFiles, preserving file /data/data/com.android.providers.downloads/cache/metadata-1522.htm
07-05 12:11:45.974   545 15199 I DownloadManager: in removeSpuriousFiles, preserving file /data/data/com.android.providers.downloads/cache/metadata-1040.htm
07-05 12:11:45.974   545 15199 I DownloadManager: in removeSpuriousFiles, preserving file /data/data/com.android.providers.downloads/cache/metadata-571.htm
07-05 12:11:45.974   545 15199 I DownloadManager: in removeSpuriousFiles, preserving file /data/data/com.android.providers.downloads/cache/metadata-1381.htm
07-05 12:11:45.974   545 15199 I DownloadManager: in removeSpuriousFiles, preserving file /data/data/com.android.providers.downloads/cache/metadata-1415.htm
07-05 12:11:45.974   545 15199 I DownloadManager: in removeSpuriousFiles, preserving file /data/data/com.android.providers.downloads/cache/metadata-711.htm
07-05 12:11:45.978   545 15199 I DownloadManager: in removeSpuriousFiles, preserving file /data/data/com.android.providers.downloads/cache/metadata-1466.htm
07-05 12:11:45.978   545 15199 I DownloadManager: in removeSpuriousFiles, preserving file /data/data/com.android.providers.downloads/cache/metadata-837.htm
07-05 12:11:45.978   545 15199 I DownloadManager: in removeSpuriousFiles, preserving file /data/data/com.android.providers.downloads/cache/metadata-1533.htm
07-05 12:11:45.978   545 15199 I DownloadManager: in removeSpuriousFiles, preserving file /data/data/com.android.providers.downloads/cache/metadata-1264.htm
07-05 12:11:45.978   545 15199 I DownloadManager: in removeSpuriousFiles, preserving file /data/data/com.android.providers.downloads/cache/metadata-655.htm
07-05 12:11:45.978   545 15199 I DownloadManager: in removeSpuriousFiles, preserving file /data/data/com.android.providers.downloads/cache/metadata-550.htm
07-05 12:11:45.978   545 15199 I DownloadManager: in removeSpuriousFiles, preserving file /data/data/com.android.providers.downloads/cache/metadata-910.htm
07-05 12:11:45.978   545 15199 I DownloadManager: in removeSpuriousFiles, preserving file /data/data/com.android.providers.downloads/cache/metadata-1646.htm
07-05 12:11:45.978   545 15199 I DownloadManager: in removeSpuriousFiles, preserving file /data/data/com.android.providers.downloads/cache/metadata-1439.htm
07-05 12:11:45.978   545 15199 I DownloadManager: in removeSpuriousFiles, preserving file /data/data/com.android.providers.downloads/cache/metadata-1649.htm
07-05 12:11:45.978   545 15199 I DownloadManager: in removeSpuriousFiles, preserving file /data/data/com.android.providers.downloads/cache/metadata-1079.htm
07-05 12:11:45.978   545 15199 I DownloadManager: in removeSpuriousFiles, preserving file /data/data/com.android.providers.downloads/cache/metadata-656.htm
07-05 12:11:45.978   545 15199 I DownloadManager: in removeSpuriousFiles, preserving file /data/data/com.android.providers.downloads/cache/metadata-474.htm
07-05 12:11:45.982   545 15199 I DownloadManager: in removeSpuriousFiles, preserving file /data/data/com.android.providers.downloads/cache/metadata-1194.htm
07-05 12:11:45.982   545 15199 I DownloadManager: in removeSpuriousFiles, preserving file /data/data/com.android.providers.downloads/cache/metadata-1157.htm
07-05 12:11:45.982   545 15199 I DownloadManager: in removeSpuriousFiles, preserving file /data/data/com.android.providers.downloads/cache/metadata-697.htm
07-05 12:11:45.982   545 15199 I DownloadManager: in removeSpuriousFiles, preserving file /data/data/com.android.providers.downloads/cache/metadata-977.htm
07-05 12:11:45.982   545 15199 I DownloadManager: in removeSpuriousFiles, preserving file /data/data/com.android.providers.downloads/cache/metadata-393.htm
07-05 12:11:45.982   545 15199 I DownloadManager: in removeSpuriousFiles, preserving file /data/data/com.android.providers.downloads/cache/metadata-1324.htm
07-05 12:11:45.982   545 15199 I DownloadManager: in removeSpuriousFiles, preserving file /data/data/com.android.providers.downloads/cache/metadata-2047.htm
07-05 12:11:45.982   545 15199 I DownloadManager: in removeSpuriousFiles, preserving file /data/data/com.android.providers.downloads/cache/metadata-878.htm
07-05 12:11:45.982   545 15199 I DownloadManager: in removeSpuriousFiles, preserving file /data/data/com.android.providers.downloads/cache/metadata-1078.htm
07-05 12:11:45.982   545 15199 I DownloadManager: in removeSpuriousFiles, preserving file /data/data/com.android.providers.downloads/cache/metadata-850.htm
07-05 12:11:45.982   545 15199 I DownloadManager: in removeSpuriousFiles, preserving file /data/data/com.android.providers.downloads/cache/metadata-1498.htm
07-05 12:11:45.982   545 15199 I DownloadManager: in removeSpuriousFiles, preserving file /data/data/com.android.providers.downloads/cache/metadata-1532.htm
07-05 12:11:45.986   545 15199 I DownloadManager: in removeSpuriousFiles, preserving file /data/data/com.android.providers.downloads/cache/metadata-1170.htm
07-05 12:11:45.986   545 15199 I DownloadManager: in removeSpuriousFiles, preserving file /data/data/com.android.providers.downloads/cache/metadata-1393.htm
07-05 12:11:45.986   545 15199 I DownloadManager: in removeSpuriousFiles, preserving file /data/data/com.android.providers.downloads/cache/metadata-1613.htm
07-05 12:11:45.986   545 15199 I DownloadManager: in removeSpuriousFiles, preserving file /data/data/com.android.providers.downloads/cache/metadata-1479.htm
07-05 12:11:45.986   545 15199 I DownloadManager: in removeSpuriousFiles, preserving file /data/data/com.android.providers.downloads/cache/metadata-1839.htm
07-05 12:11:45.986   545 15199 I DownloadManager: in removeSpuriousFiles, preserving file /data/data/com.android.providers.downloads/cache/metadata-789.htm
07-05 12:11:45.986   545 15199 I DownloadManager: in removeSpuriousFiles, preserving file /data/data/com.android.providers.downloads/cache/metadata-1401.htm
07-05 12:11:45.986   545 15199 I DownloadManager: in removeSpuriousFiles, preserving file /data/data/com.android.providers.downloads/cache/metadata-1426.htm
07-05 12:11:45.986   545 15199 I DownloadManager: in removeSpuriousFiles, preserving file /data/data/com.android.providers.downloads/cache/metadata-1311.htm
07-05 12:11:45.986   545 15199 I DownloadManager: in removeSpuriousFiles, preserving file /data/data/com.android.providers.downloads/cache/metadata-1906.htm
07-05 12:11:45.986   545 15199 I DownloadManager: in removeSpuriousFiles, preserving file /data/data/com.android.providers.downloads/cache/metadata-1511.htm
07-05 12:11:45.986   545 15199 I DownloadManager: in removeSpuriousFiles, preserving file /data/data/com.android.providers.downloads/cache/metadata-800.htm
07-05 12:11:45.986   545 15199 I DownloadManager: in removeSpuriousFiles, preserving file /data/data/com.android.providers.downloads/cache/metadata-637.htm
07-05 12:11:45.990   545 15199 I DownloadManager: in removeSpuriousFiles, preserving file /data/data/com.android.providers.downloads/cache/metadata-988.htm
07-05 12:11:45.990   545 15199 I DownloadManager: in removeSpuriousFiles, preserving file /data/data/com.android.providers.downloads/cache/metadata-851.htm
07-05 12:11:45.990   545 15199 I DownloadManager: in removeSpuriousFiles, preserving file /data/data/com.android.providers.downloads/cache/metadata-1165.htm
07-05 12:11:45.990   545 15199 I DownloadManager: in removeSpuriousFiles, preserving file /data/data/com.android.providers.downloads/cache/metadata-1273.htm
07-05 12:11:45.990   545 15199 I DownloadManager: in removeSpuriousFiles, preserving file /data/data/com.android.providers.downloads/cache/metadata-2084.htm
07-05 12:11:45.990   545 15199 I DownloadManager: in removeSpuriousFiles, preserving file /data/data/com.android.providers.downloads/cache/metadata-1116.htm
07-05 12:11:45.990   545 15199 I DownloadManager: in removeSpuriousFiles, preserving file /data/data/com.android.providers.downloads/cache/metadata-860.htm
07-05 12:11:45.990   545 15199 I DownloadManager: in removeSpuriousFiles, preserving file /data/data/com.android.providers.downloads/cache/metadata-948.htm
07-05 12:11:45.990   545 15199 I DownloadManager: in removeSpuriousFiles, preserving file /data/data/com.android.providers.downloads/cache/metadata-1125.htm
07-05 12:11:45.990   545 15199 I DownloadManager: in removeSpuriousFiles, preserving file /data/data/com.android.providers.downloads/cache/metadata-863.htm
07-05 12:11:45.990   545 15199 I DownloadManager: in removeSpuriousFiles, preserving file /data/data/com.android.providers.downloads/cache/metadata-567.htm
07-05 12:11:45.994   545 15199 I DownloadManager: in removeSpuriousFiles, preserving file /data/data/com.android.providers.downloads/cache/metadata-643.htm
07-05 12:11:45.994   545 15199 I DownloadManager: in removeSpuriousFiles, preserving file /data/data/com.android.providers.downloads/cache/metadata-1449.htm
07-05 12:11:45.994   545 15199 I DownloadManager: in removeSpuriousFiles, preserving file /data/data/com.android.providers.downloads/cache/metadata-1139.htm
07-05 12:11:45.994   545 15199 I DownloadManager: in removeSpuriousFiles, preserving file /data/data/com.android.providers.downloads/cache/metadata-698.htm
07-05 12:11:45.998   545 15199 I DownloadManager: in removeSpuriousFiles, preserving file /data/data/com.android.providers.downloads/cache/metadata-1580.htm
07-05 12:11:45.998   545 15199 I DownloadManager: in removeSpuriousFiles, preserving file /data/data/com.android.providers.downloads/cache/metadata-1033.htm
07-05 12:11:45.998   545 15199 I DownloadManager: in removeSpuriousFiles, preserving file /data/data/com.android.providers.downloads/cache/metadata-604.htm
07-05 12:11:45.998   545 15199 I DownloadManager: in removeSpuriousFiles, preserving file /data/data/com.android.providers.downloads/cache/metadata.htm
07-05 12:11:45.998   545 15199 I DownloadManager: in removeSpuriousFiles, preserving file /data/data/com.android.providers.downloads/cache/metadata-3.htm
07-05 12:11:45.998   545 15199 I DownloadManager: in removeSpuriousFiles, preserving file /data/data/com.android.providers.downloads/cache/metadata-5.htm
07-05 12:11:45.998   545 15199 I DownloadManager: in removeSpuriousFiles, preserving file /data/data/com.android.providers.downloads/cache/metadata-7.htm
07-05 12:11:45.998   545 15199 I DownloadManager: in removeSpuriousFiles, preserving file /data/data/com.android.providers.downloads/cache/metadata-9.htm
07-05 12:11:45.998   545 15199 I DownloadManager: in removeSpuriousFiles, preserving file /data/data/com.android.providers.downloads/cache/metadata-16.htm
07-05 12:11:45.998   545 15199 I DownloadManager: in removeSpuriousFiles, preserving file /data/data/com.android.providers.downloads/cache/metadata-14.htm
07-05 12:11:45.998   545 15199 I DownloadManager: in removeSpuriousFiles, preserving file /data/data/com.android.providers.downloads/cache/metadata-1480.htm
07-05 12:11:45.998   545 15199 I DownloadManager: in removeSpuriousFiles, preserving file /data/data/com.android.providers.downloads/cache/metadata-1303.htm
07-05 12:11:45.998   545 15199 I DownloadManager: in removeSpuriousFiles, preserving file /data/data/com.android.providers.downloads/cache/metadata-1221.htm
07-05 12:11:45.998   545 15199 I DownloadManager: in removeSpuriousFiles, preserving file /data/data/com.android.providers.downloads/cache/metadata-664.htm
07-05 12:11:45.998   545 15199 I DownloadManager: in removeSpuriousFiles, preserving file /data/data/com.android.providers.downloads/cache/metadata-630.htm
07-05 12:11:45.998   545 15199 I DownloadManager: in removeSpuriousFiles, preserving file /data/data/com.android.providers.downloads/cache/metadata-387.htm
07-05 12:11:46.002   545 15199 I DownloadManager: in removeSpuriousFiles, preserving file /data/data/com.android.providers.downloads/cache/metadata-1173.htm
07-05 12:11:46.002   545 15199 I DownloadManager: in removeSpuriousFiles, preserving file /data/data/com.android.providers.downloads/cache/metadata-442.htm
07-05 12:11:46.002   545 15199 I DownloadManager: in removeSpuriousFiles, preserving file /data/data/com.android.providers.downloads/cache/metadata-563.htm
07-05 12:11:46.002   545 15199 I DownloadManager: in removeSpuriousFiles, preserving file /data/data/com.android.providers.downloads/cache/metadata-355.htm
07-05 12:11:46.002   545 15199 I DownloadManager: in removeSpuriousFiles, preserving file /data/data/com.android.providers.downloads/cache/metadata-1785.htm
07-05 12:11:46.002   545 15199 I DownloadManager: in removeSpuriousFiles, preserving file /data/data/com.android.providers.downloads/cache/metadata-489.htm
07-05 12:11:46.002   545 15199 I DownloadManager: in removeSpuriousFiles, preserving file /data/data/com.android.providers.downloads/cache/metadata-395.htm
07-05 12:11:46.002   545 15199 I DownloadManager: in removeSpuriousFiles, preserving file /data/data/com.android.providers.downloads/cache/metadata-569.htm
07-05 12:11:46.002   545 15199 I DownloadManager: in removeSpuriousFiles, preserving file /data/data/com.android.providers.downloads/cache/metadata-1315.htm
07-05 12:11:46.002   545 15199 I DownloadManager: in removeSpuriousFiles, preserving file /data/data/com.android.providers.downloads/cache/metadata-645.htm
07-05 12:11:46.002   545 15199 I DownloadManager: in removeSpuriousFiles, preserving file /data/data/com.android.providers.downloads/cache/metadata-1527.htm
07-05 12:11:46.002   545 15199 I DownloadManager: in removeSpuriousFiles, preserving file /data/data/com.android.providers.downloads/cache/metadata-12.htm
07-05 12:11:46.002   545 15199 I DownloadManager: in removeSpuriousFiles, preserving file /data/data/com.android.providers.downloads/cache/metadata-796.htm
07-05 12:11:46.006   545 15199 I DownloadManager: in removeSpuriousFiles, preserving file /data/data/com.android.providers.downloads/cache/metadata-513.htm
07-05 12:11:46.006   545 15199 I DownloadManager: in removeSpuriousFiles, preserving file /data/data/com.android.providers.downloads/cache/metadata-1050.htm
07-05 12:11:46.006   545 15199 I DownloadManager: in removeSpuriousFiles, preserving file /data/data/com.android.providers.downloads/cache/metadata-534.htm
07-05 12:11:46.006   545 15199 I DownloadManager: in removeSpuriousFiles, preserving file /data/data/com.android.providers.downloads/cache/metadata-1076.htm
07-05 12:11:46.006   545 15199 I DownloadManager: in removeSpuriousFiles, preserving file /data/data/com.android.providers.downloads/cache/metadata-1516.htm
07-05 12:11:46.006   545 15199 I DownloadManager: in removeSpuriousFiles, preserving file /data/data/com.android.providers.downloads/cache/metadata-619.htm
07-05 12:11:46.006   545 15199 I DownloadManager: in removeSpuriousFiles, preserving file /data/data/com.android.providers.downloads/cache/metadata-1300.htm
07-05 12:11:46.006   545 15199 I DownloadManager: in removeSpuriousFiles, preserving file /data/data/com.android.providers.downloads/cache/metadata-607.htm
07-05 12:11:46.006   545 15199 I DownloadManager: in removeSpuriousFiles, preserving file /data/data/com.android.providers.downloads/cache/metadata-1052.htm
07-05 12:11:46.006   545 15199 I DownloadManager: in removeSpuriousFiles, preserving file /data/data/com.android.providers.downloads/cache/metadata-1625.htm
07-05 12:11:46.006   545 15199 I DownloadManager: in removeSpuriousFiles, preserving file /data/data/com.android.providers.downloads/cache/metadata-927.htm
07-05 12:11:46.006   545 15199 I DownloadManager: in removeSpuriousFiles, preserving file /data/data/com.android.providers.downloads/cache/metadata-953.htm
07-05 12:11:46.006   545 15199 I DownloadManager: in removeSpuriousFiles, preserving file /data/data/com.android.providers.downloads/cache/metadata-2217.htm
07-05 12:11:46.006   545 15199 I DownloadManager: in removeSpuriousFiles, preserving file /data/data/com.android.providers.downloads/cache/metadata-919.htm
07-05 12:11:46.010   545 15199 I DownloadManager: in removeSpuriousFiles, preserving file /data/data/com.android.providers.downloads/cache/metadata-1400.htm
07-05 12:11:46.010   545 15199 I DownloadManager: in removeSpuriousFiles, preserving file /data/data/com.android.providers.downloads/cache/metadata-999.htm
07-05 12:11:46.010   545 15199 I DownloadManager: in removeSpuriousFiles, preserving file /data/data/com.android.providers.downloads/cache/metadata-1914.htm
07-05 12:11:46.010   545 15199 I DownloadManager: in removeSpuriousFiles, preserving file /data/data/com.android.providers.downloads/cache/metadata-1335.htm
07-05 12:11:46.010   545 15199 I DownloadManager: in removeSpuriousFiles, preserving file /data/data/com.android.providers.downloads/cache/metadata-982.htm
07-05 12:11:46.010   545 15199 I DownloadManager: in removeSpuriousFiles, preserving file /data/data/com.android.providers.downloads/cache/metadata-1460.htm
07-05 12:11:46.010   545 15199 I DownloadManager: in removeSpuriousFiles, preserving file /data/data/com.android.providers.downloads/cache/metadata-1379.htm
07-05 12:11:46.010   545 15199 I DownloadManager: in removeSpuriousFiles, preserving file /data/data/com.android.providers.downloads/cache/metadata-967.htm
07-05 12:11:46.010   545 15199 I DownloadManager: in removeSpuriousFiles, preserving file /data/data/com.android.providers.downloads/cache/metadata-704.htm
07-05 12:11:46.010   545 15199 I DownloadManager: in removeSpuriousFiles, preserving file /data/data/com.android.providers.downloads/cache/metadata-1406.htm
07-05 12:11:46.010   545 15199 I DownloadManager: in removeSpuriousFiles, preserving file /data/data/com.android.providers.downloads/cache/metadata-780.htm
07-05 12:11:46.010   545 15199 I DownloadManager: in removeSpuriousFiles, preserving file /data/data/com.android.providers.downloads/cache/metadata-1132.htm
07-05 12:11:46.010   545 15199 I DownloadManager: in removeSpuriousFiles, preserving file /data/data/com.android.providers.downloads/cache/metadata-1576.htm
07-05 12:11:46.013   545 15199 I DownloadManager: in removeSpuriousFiles, preserving file /data/data/com.android.providers.downloads/cache/metadata-2261.htm
07-05 12:11:46.013   545 15199 I DownloadManager: in removeSpuriousFiles, preserving file /data/data/com.android.providers.downloads/cache/metadata-775.htm
07-05 12:11:46.013   545 15199 I DownloadManager: in removeSpuriousFiles, preserving file /data/data/com.android.providers.downloads/cache/metadata-1387.htm
07-05 12:11:46.013   545 15199 I DownloadManager: in removeSpuriousFiles, preserving file /data/data/com.android.providers.downloads/cache/metadata-1041.htm
07-05 12:11:46.013   545 15199 I DownloadManager: in removeSpuriousFiles, preserving file /data/data/com.android.providers.downloads/cache/metadata-1525.htm
07-05 12:11:46.013   545 15199 I DownloadManager: in removeSpuriousFiles, preserving file /data/data/com.android.providers.downloads/cache/metadata-857.htm
07-05 12:11:46.013   545 15199 I DownloadManager: in removeSpuriousFiles, preserving file /data/data/com.android.providers.downloads/cache/metadata-1865.htm
07-05 12:11:46.013   545 15199 I DownloadManager: in removeSpuriousFiles, preserving file /data/data/com.android.providers.downloads/cache/metadata-991.htm
07-05 12:11:46.013   545 15199 I DownloadManager: in removeSpuriousFiles, preserving file /data/data/com.android.providers.downloads/cache/metadata-1799.htm
07-05 12:11:46.013   545 15199 I DownloadManager: in removeSpuriousFiles, preserving file /data/data/com.android.providers.downloads/cache/metadata-1742.htm
07-05 12:11:46.013   545 15199 I DownloadManager: in removeSpuriousFiles, preserving file /data/data/com.android.providers.downloads/cache/metadata-957.htm
07-05 12:11:46.013   545 15199 I DownloadManager: in removeSpuriousFiles, preserving file /data/data/com.android.providers.downloads/cache/metadata-2131.htm
07-05 12:11:46.013   545 15199 I DownloadManager: in removeSpuriousFiles, preserving file /data/data/com.android.providers.downloads/cache/metadata-1354.htm
07-05 12:11:46.013   545 15199 I DownloadManager: in removeSpuriousFiles, preserving file /data/data/com.android.providers.downloads/cache/metadata-918.htm
07-05 12:11:46.017   545 15199 I DownloadManager: in removeSpuriousFiles, preserving file /data/data/com.android.providers.downloads/cache/metadata-708.htm
07-05 12:11:46.017   545 15199 I DownloadManager: in removeSpuriousFiles, preserving file /data/data/com.android.providers.downloads/cache/metadata-1289.htm
07-05 12:11:46.017   545 15199 I DownloadManager: in removeSpuriousFiles, preserving file /data/data/com.android.providers.downloads/cache/metadata-827.htm
07-05 12:11:46.017   545 15199 I DownloadManager: in removeSpuriousFiles, preserving file /data/data/com.android.providers.downloads/cache/metadata-1680.htm
07-05 12:11:46.017   545 15199 I DownloadManager: in removeSpuriousFiles, preserving file /data/data/com.android.providers.downloads/cache/metadata-652.htm
07-05 12:11:46.017   545 15199 I DownloadManager: in removeSpuriousFiles, preserving file /data/data/com.android.providers.downloads/cache/metadata-792.htm
07-05 12:11:46.017   545 15199 I DownloadManager: in removeSpuriousFiles, preserving file /data/data/com.android.providers.downloads/cache/metadata-926.htm
07-05 12:11:46.017   545 15199 I DownloadManager: in removeSpuriousFiles, preserving file /data/data/com.android.providers.downloads/cache/metadata-609.htm
07-05 12:11:46.017   545 15199 I DownloadManager: in removeSpuriousFiles, preserving file /data/data/com.android.providers.downloads/cache/metadata-911.htm
07-05 12:11:46.017   545 15199 I DownloadManager: in removeSpuriousFiles, preserving file /data/data/com.android.providers.downloads/cache/metadata-882.htm
07-05 12:11:46.017   545 15199 I DownloadManager: in removeSpuriousFiles, preserving file /data/data/com.android.providers.downloads/cache/metadata-1850.htm
07-05 12:11:46.017   545 15199 I DownloadManager: in removeSpuriousFiles, preserving file /data/data/com.android.providers.downloads/cache/metadata-1210.htm
07-05 12:11:46.021   545 15199 I DownloadManager: in removeSpuriousFiles, preserving file /data/data/com.android.providers.downloads/cache/metadata-1788.htm
07-05 12:11:46.021   545 15199 I DownloadManager: in removeSpuriousFiles, preserving file /data/data/com.android.providers.downloads/cache/metadata-1344.htm
07-05 12:11:46.021   545 15199 I DownloadManager: in removeSpuriousFiles, preserving file /data/data/com.android.providers.downloads/cache/metadata-1811.htm
07-05 12:11:46.021   545 15199 I DownloadManager: in removeSpuriousFiles, preserving file /data/data/com.android.providers.downloads/cache/metadata-1031.htm
07-05 12:11:46.021   545 15199 I DownloadManager: in removeSpuriousFiles, preserving file /data/data/com.android.providers.downloads/cache/metadata-578.htm
07-05 12:11:46.021   545 15199 I DownloadManager: in removeSpuriousFiles, preserving file /data/data/com.android.providers.downloads/cache/metadata-2122.htm
07-05 12:11:46.021   545 15199 I DownloadManager: in removeSpuriousFiles, preserving file /data/data/com.android.providers.downloads/cache/metadata-961.htm
07-05 12:11:46.021   545 15199 I DownloadManager: in removeSpuriousFiles, preserving file /data/data/com.android.providers.downloads/cache/metadata-666.htm
07-05 12:11:46.021   545 15199 I DownloadManager: in removeSpuriousFiles, preserving file /data/data/com.android.providers.downloads/cache/metadata-1859.htm
07-05 12:11:46.021   545 15199 I DownloadManager: in removeSpuriousFiles, preserving file /data/data/com.android.providers.downloads/cache/metadata-1594.htm
07-05 12:11:46.021   545 15199 I DownloadManager: in removeSpuriousFiles, preserving file /data/data/com.android.providers.downloads/cache/metadata-947.htm
07-05 12:11:46.021   545 15199 I DownloadManager: in removeSpuriousFiles, preserving file /data/data/com.android.providers.downloads/cache/metadata-1359.htm
07-05 12:11:46.021   545 15199 I DownloadManager: in removeSpuriousFiles, preserving file /data/data/com.android.providers.downloads/cache/metadata-983.htm
07-05 12:11:46.025   545 15199 I DownloadManager: in removeSpuriousFiles, preserving file /data/data/com.android.providers.downloads/cache/metadata-1361.htm
07-05 12:11:46.025   545 15199 I DownloadManager: in removeSpuriousFiles, preserving file /data/data/com.android.providers.downloads/cache/metadata-661.htm
07-05 12:11:46.025   545 15199 I DownloadManager: in removeSpuriousFiles, preserving file /data/data/com.android.providers.downloads/cache/metadata-1458.htm
07-05 12:11:46.025   545 15199 I DownloadManager: in removeSpuriousFiles, preserving file /data/data/com.android.providers.downloads/cache/metadata-1573.htm
07-05 12:11:46.025   545 15199 I DownloadManager: in removeSpuriousFiles, preserving file /data/data/com.android.providers.downloads/cache/metadata-959.htm
07-05 12:11:46.025   545 15199 I DownloadManager: in removeSpuriousFiles, preserving file /data/data/com.android.providers.downloads/cache/metadata-905.htm
07-05 12:11:46.025   545 15199 I DownloadManager: in removeSpuriousFiles, preserving file /data/data/com.android.providers.downloads/cache/metadata-861.htm
07-05 12:11:46.025   545 15199 I DownloadManager: in removeSpuriousFiles, preserving file /data/data/com.android.providers.downloads/cache/metadata-1855.htm
07-05 12:11:46.025   545 15199 I DownloadManager: in removeSpuriousFiles, preserving file /data/data/com.android.providers.downloads/cache/metadata-1437.htm
07-05 12:11:46.025   545 15199 I DownloadManager: in removeSpuriousFiles, preserving file /data/data/com.android.providers.downloads/cache/metadata-1294.htm
07-05 12:11:46.025   545 15199 I DownloadManager: in removeSpuriousFiles, preserving file /data/data/com.android.providers.downloads/cache/metadata-615.htm
07-05 12:11:46.025   545 15199 I DownloadManager: in removeSpuriousFiles, preserving file /data/data/com.android.providers.downloads/cache/metadata-952.htm
07-05 12:11:46.029   545 15199 I DownloadManager: in removeSpuriousFiles, preserving file /data/data/com.android.providers.downloads/cache/metadata-1328.htm
07-05 12:11:46.029   545 15199 I DownloadManager: in removeSpuriousFiles, preserving file /data/data/com.android.providers.downloads/cache/metadata-2350.htm
07-05 12:11:46.029   545 15199 I DownloadManager: in removeSpuriousFiles, preserving file /data/data/com.android.providers.downloads/cache/metadata-1341.htm
07-05 12:11:46.029   545 15199 I DownloadManager: in removeSpuriousFiles, preserving file /data/data/com.android.providers.downloads/cache/metadata-830.htm
07-05 12:11:46.029   545 15199 I DownloadManager: in removeSpuriousFiles, preserving file /data/data/com.android.providers.downloads/cache/metadata-862.htm
07-05 12:11:46.029   545 15199 I DownloadManager: in removeSpuriousFiles, preserving file /data/data/com.android.providers.downloads/cache/metadata-730.htm
07-05 12:11:46.029   545 15199 I DownloadManager: in removeSpuriousFiles, preserving file /data/data/com.android.providers.downloads/cache/metadata-1900.htm
07-05 12:11:46.029   545 15199 I DownloadManager: in removeSpuriousFiles, preserving file /data/data/com.android.providers.downloads/cache/metadata-1444.htm
07-05 12:11:46.033   545 15199 I DownloadManager: in removeSpuriousFiles, preserving file /data/data/com.android.providers.downloads/cache/metadata-1002.htm
07-05 12:11:46.033   545 15199 I DownloadManager: in removeSpuriousFiles, preserving file /data/data/com.android.providers.downloads/cache/metadata-734.htm
07-05 12:11:46.033   545 15199 I DownloadManager: in removeSpuriousFiles, preserving file /data/data/com.android.providers.downloads/cache/metadata-1075.htm
07-05 12:11:46.033   545 15199 I DownloadManager: in removeSpuriousFiles, preserving file /data/data/com.android.providers.downloads/cache/metadata-1312.htm
07-05 12:11:46.033   545 15199 I DownloadManager: in removeSpuriousFiles, preserving file /data/data/com.android.providers.downloads/cache/metadata-2165.htm
07-05 12:11:46.033   545 15199 I DownloadManager: in removeSpuriousFiles, preserving file /data/data/com.android.providers.downloads/cache/metadata-1123.htm
07-05 12:11:46.033   545 15199 I DownloadManager: in removeSpuriousFiles, preserving file /data/data/com.android.providers.downloads/cache/metadata-693.htm
07-05 12:11:46.033   545 15199 I DownloadManager: in removeSpuriousFiles, preserving file /data/data/com.android.providers.downloads/cache/metadata-1.htm
07-05 12:11:46.033   545 15199 I DownloadManager: in removeSpuriousFiles, preserving file /data/data/com.android.providers.downloads/cache/metadata-4.htm
07-05 12:11:46.033   545 15199 I DownloadManager: in removeSpuriousFiles, preserving file /data/data/com.android.providers.downloads/cache/metadata-6.htm
07-05 12:11:46.033   545 15199 I DownloadManager: in removeSpuriousFiles, preserving file /data/data/com.android.providers.downloads/cache/metadata-10.htm
07-05 12:11:46.033   545 15199 I DownloadManager: in removeSpuriousFiles, preserving file /data/data/com.android.providers.downloads/cache/metadata-21.htm
07-05 12:11:46.033   545 15199 I DownloadManager: in removeSpuriousFiles, preserving file /data/data/com.android.providers.downloads/cache/metadata-11.htm
07-05 12:11:46.033   545 15199 I DownloadManager: in removeSpuriousFiles, preserving file /data/data/com.android.providers.downloads/cache/metadata-15.htm
07-05 12:11:46.033   545 15199 I DownloadManager: in removeSpuriousFiles, preserving file /data/data/com.android.providers.downloads/cache/metadata-31.htm
07-05 12:11:46.033   545 15199 I DownloadManager: in removeSpuriousFiles, preserving file /data/data/com.android.providers.downloads/cache/metadata-13.htm
07-05 12:11:46.033   545 15199 I DownloadManager: in removeSpuriousFiles, preserving file /data/data/com.android.providers.downloads/cache/metadata-22.htm
07-05 12:11:46.037   545 15199 I DownloadManager: in removeSpuriousFiles, preserving file /data/data/com.android.providers.downloads/cache/metadata-29.htm
07-05 12:11:46.037   545 15199 I DownloadManager: in removeSpuriousFiles, preserving file /data/data/com.android.providers.downloads/cache/metadata-37.htm
07-05 12:11:46.037   545 15199 I DownloadManager: in removeSpuriousFiles, preserving file /data/data/com.android.providers.downloads/cache/metadata-34.htm
07-05 12:11:46.037   545 15199 I DownloadManager: in removeSpuriousFiles, preserving file /data/data/com.android.providers.downloads/cache/metadata-28.htm
07-05 12:11:46.037   545 15199 I DownloadManager: in removeSpuriousFiles, preserving file /data/data/com.android.providers.downloads/cache/metadata-23.htm
07-05 12:11:46.037   545 15199 I DownloadManager: in removeSpuriousFiles, preserving file /data/data/com.android.providers.downloads/cache/metadata-1218.htm
07-05 12:11:46.037   545 15199 I DownloadManager: in removeSpuriousFiles, preserving file /data/data/com.android.providers.downloads/cache/metadata-38.htm
07-05 12:11:46.037   545 15199 I DownloadManager: in removeSpuriousFiles, preserving file /data/data/com.android.providers.downloads/cache/metadata-809.htm
07-05 12:11:46.037   545 15199 I DownloadManager: in removeSpuriousFiles, preserving file /data/data/com.android.providers.downloads/cache/metadata-36.htm
07-05 12:11:46.037   545 15199 I DownloadManager: in removeSpuriousFiles, preserving file /data/data/com.android.providers.downloads/cache/metadata-515.htm
07-05 12:11:46.037   545 15199 I DownloadManager: in removeSpuriousFiles, preserving file /data/data/com.android.providers.downloads/cache/metadata-1028.htm
07-05 12:11:46.037   545 15199 I DownloadManager: in removeSpuriousFiles, preserving file /data/data/com.android.providers.downloads/cache/metadata-1295.htm
07-05 12:11:46.037   545 15199 I DownloadManager: in removeSpuriousFiles, preserving file /data/data/com.android.providers.downloads/cache/metadata-1012.htm
07-05 12:11:46.037   545 15199 I DownloadManager: in removeSpuriousFiles, preserving file /data/data/com.android.providers.downloads/cache/metadata-1280.htm
07-05 12:11:46.037   545 15199 I DownloadManager: in removeSpuriousFiles, preserving file /data/data/com.android.providers.downloads/cache/metadata-40.htm
07-05 12:11:46.037   545 15199 I DownloadManager: in removeSpuriousFiles, preserving file /data/data/com.android.providers.downloads/cache/metadata-797.htm
07-05 12:11:46.037   545 15199 I DownloadManager: in removeSpuriousFiles, preserving file /data/data/com.android.providers.downloads/cache/metadata-51.htm
07-05 12:11:46.037   545 15199 I DownloadManager: in removeSpuriousFiles, preserving file /data/data/com.android.providers.downloads/cache/metadata-1159.htm
07-05 12:11:46.037   545 15199 I DownloadManager: in removeSpuriousFiles, preserving file /data/data/com.android.providers.downloads/cache/metadata-1517.htm
07-05 12:11:46.041   545 15199 I DownloadManager: in removeSpuriousFiles, preserving file /data/data/com.android.providers.downloads/cache/metadata-980.htm
07-05 12:11:46.041   545 15199 I DownloadManager: in removeSpuriousFiles, preserving file /data/data/com.android.providers.downloads/cache/metadata-1571.htm
07-05 12:11:46.041   545 15199 I DownloadManager: in removeSpuriousFiles, preserving file /data/data/com.android.providers.downloads/cache/metadata-858.htm
07-05 12:11:46.041   545 15199 I DownloadManager: in removeSpuriousFiles, preserving file /data/data/com.android.providers.downloads/cache/metadata-473.htm
07-05 12:11:46.041   545 15199 I DownloadManager: in removeSpuriousFiles, preserving file /data/data/com.android.providers.downloads/cache/metadata-990.htm
07-05 12:11:46.041   545 15199 I DownloadManager: in removeSpuriousFiles, preserving file /data/data/com.android.providers.downloads/cache/metadata-1366.htm
07-05 12:11:46.041   545 15199 I DownloadManager: in removeSpuriousFiles, preserving file /data/data/com.android.providers.downloads/cache/metadata-1958.htm
07-05 12:11:46.041   545 15199 I DownloadManager: in removeSpuriousFiles, preserving file /data/data/com.android.providers.downloads/cache/metadata-1241.htm
07-05 12:11:46.041   545 15199 I DownloadManager: in removeSpuriousFiles, preserving file /data/data/com.android.providers.downloads/cache/metadata-683.htm
07-05 12:11:46.041   545 15199 I DownloadManager: in removeSpuriousFiles, preserving file /data/data/com.android.providers.downloads/cache/metadata-1736.htm
07-05 12:11:46.041   545 15199 I DownloadManager: in removeSpuriousFiles, preserving file /data/data/com.android.providers.downloads/cache/metadata-511.htm
07-05 12:11:46.041   545 15199 I DownloadManager: in removeSpuriousFiles, preserving file /data/data/com.android.providers.downloads/cache/metadata-870.htm
07-05 12:11:46.041   545 15199 I DownloadManager: in removeSpuriousFiles, preserving file /data/data/com.android.providers.downloads/cache/metadata-832.htm
07-05 12:11:46.045   545 15199 I DownloadManager: in removeSpuriousFiles, preserving file /data/data/com.android.providers.downloads/cache/metadata-1117.htm
07-05 12:11:46.045   545 15199 I DownloadManager: in removeSpuriousFiles, preserving file /data/data/com.android.providers.downloads/cache/metadata-692.htm
07-05 12:11:46.045   545 15199 I DownloadManager: in removeSpuriousFiles, preserving file /data/data/com.android.providers.downloads/cache/metadata-1367.htm
07-05 12:11:46.045   545 15199 I DownloadManager: in removeSpuriousFiles, preserving file /data/data/com.android.providers.downloads/cache/metadata-1368.htm
07-05 12:11:46.045   545 15199 I DownloadManager: in removeSpuriousFiles, preserving file /data/data/com.android.providers.downloads/cache/metadata-654.htm
07-05 12:11:46.045   545 15199 I DownloadManager: in removeSpuriousFiles, preserving file /data/data/com.android.providers.downloads/cache/metadata-1827.htm
07-05 12:11:46.045   545 15199 I DownloadManager: in removeSpuriousFiles, preserving file /data/data/com.android.providers.downloads/cache/metadata-762.htm
07-05 12:11:46.045   545 15199 I DownloadManager: in removeSpuriousFiles, preserving file /data/data/com.android.providers.downloads/cache/metadata-1704.htm
07-05 12:11:46.045   545 15199 I DownloadManager: in removeSpuriousFiles, preserving file /data/data/com.android.providers.downloads/cache/metadata-1161.htm
07-05 12:11:46.045   545 15199 I DownloadManager: in removeSpuriousFiles, preserving file /data/data/com.android.providers.downloads/cache/metadata-658.htm
07-05 12:11:46.045   545 15199 I DownloadManager: in removeSpuriousFiles, preserving file /data/data/com.android.providers.downloads/cache/metadata-631.htm
07-05 12:11:46.045   545 15199 I DownloadManager: in removeSpuriousFiles, preserving file /data/data/com.android.providers.downloads/cache/metadata-729.htm
07-05 12:11:46.045   545 15199 I DownloadManager: in removeSpuriousFiles, preserving file /data/data/com.android.providers.downloads/cache/metadata-869.htm
07-05 12:11:46.045   545 15199 I DownloadManager: in removeSpuriousFiles, preserving file /data/data/com.android.providers.downloads/cache/metadata-1182.htm
07-05 12:11:46.049   545 15199 I DownloadManager: in removeSpuriousFiles, preserving file /data/data/com.android.providers.downloads/cache/metadata-696.htm
07-05 12:11:46.049   545 15199 I DownloadManager: in removeSpuriousFiles, preserving file /data/data/com.android.providers.downloads/cache/metadata-949.htm
07-05 12:11:46.049   545 15199 I DownloadManager: in removeSpuriousFiles, preserving file /data/data/com.android.providers.downloads/cache/metadata-2315.htm
07-05 12:11:46.049   545 15199 I DownloadManager: in removeSpuriousFiles, preserving file /data/data/com.android.providers.downloads/cache/metadata-1595.htm
07-05 12:11:46.049   545 15199 I DownloadManager: in removeSpuriousFiles, preserving file /data/data/com.android.providers.downloads/cache/metadata-765.htm
07-05 12:11:46.049   545 15199 I DownloadManager: in removeSpuriousFiles, preserving file /data/data/com.android.providers.downloads/cache/metadata-1774.htm
07-05 12:11:46.049   545 15199 I DownloadManager: in removeSpuriousFiles, preserving file /data/data/com.android.providers.downloads/cache/metadata-1176.htm
07-05 12:11:46.049   545 15199 I DownloadManager: in removeSpuriousFiles, preserving file /data/data/com.android.providers.downloads/cache/metadata-1219.htm
07-05 12:11:46.049   545 15199 I DownloadManager: in removeSpuriousFiles, preserving file /data/data/com.android.providers.downloads/cache/metadata-1154.htm
07-05 12:11:46.049   545 15199 I DownloadManager: in removeSpuriousFiles, preserving file /data/data/com.android.providers.downloads/cache/metadata-1555.htm
07-05 12:11:46.049   545 15199 I DownloadManager: in removeSpuriousFiles, preserving file /data/data/com.android.providers.downloads/cache/metadata-978.htm
07-05 12:11:46.049   545 15199 I DownloadManager: in removeSpuriousFiles, preserving file /data/data/com.android.providers.downloads/cache/metadata-1684.htm
07-05 12:11:46.049   545 15199 I DownloadManager: in removeSpuriousFiles, preserving file /data/data/com.android.providers.downloads/cache/metadata-1697.htm
07-05 12:11:46.049   545 15199 I DownloadManager: in removeSpuriousFiles, preserving file /data/data/com.android.providers.downloads/cache/metadata-1465.htm
07-05 12:11:46.053   545 15199 I DownloadManager: in removeSpuriousFiles, preserving file /data/data/com.android.providers.downloads/cache/metadata-602.htm
07-05 12:11:46.053   545 15199 I DownloadManager: in removeSpuriousFiles, preserving file /data/data/com.android.providers.downloads/cache/metadata-864.htm
07-05 12:11:46.056   545 15199 I DownloadManager: in removeSpuriousFiles, preserving file /data/data/com.android.providers.downloads/cache/metadata-1510.htm
07-05 12:11:46.056   545 15199 I DownloadManager: in removeSpuriousFiles, preserving file /data/data/com.android.providers.downloads/cache/metadata-1001.htm
07-05 12:11:46.056   545 15199 I DownloadManager: in removeSpuriousFiles, preserving file /data/data/com.android.providers.downloads/cache/metadata-1286.htm
07-05 12:11:46.056   545 15199 I DownloadManager: in removeSpuriousFiles, preserving file /data/data/com.android.providers.downloads/cache/metadata-1320.htm
07-05 12:11:46.056   545 15199 I DownloadManager: in removeSpuriousFiles, preserving file /data/data/com.android.providers.downloads/cache/metadata-2550.htm
07-05 12:11:46.056   545 15199 I DownloadManager: in removeSpuriousFiles, preserving file /data/data/com.android.providers.downloads/cache/metadata-1542.htm
07-05 12:11:46.056   545 15199 I DownloadManager: in removeSpuriousFiles, preserving file /data/data/com.android.providers.downloads/cache/metadata-1060.htm
07-05 12:11:46.056   545 15199 I DownloadManager: in removeSpuriousFiles, preserving file /data/data/com.android.providers.downloads/cache/metadata-1131.htm
07-05 12:11:46.056   545 15199 I DownloadManager: in removeSpuriousFiles, preserving file /data/data/com.android.providers.downloads/cache/metadata-2291.htm
07-05 12:11:46.056   545 15199 I DownloadManager: in removeSpuriousFiles, preserving file /data/data/com.android.providers.downloads/cache/metadata-879.htm
07-05 12:11:46.056   545 15199 I DownloadManager: in removeSpuriousFiles, preserving file /data/data/com.android.providers.downloads/cache/metadata-1171.htm
07-05 12:11:46.056   545 15199 I DownloadManager: in removeSpuriousFiles, preserving file /data/data/com.android.providers.downloads/cache/metadata-1608.htm
07-05 12:11:46.056   545 15199 I DownloadManager: in removeSpuriousFiles, preserving file /data/data/com.android.providers.downloads/cache/metadata-628.htm
07-05 12:11:46.060   545 15199 I DownloadManager: in removeSpuriousFiles, preserving file /data/data/com.android.providers.downloads/cache/metadata-1581.htm
07-05 12:11:46.060   545 15199 I DownloadManager: in removeSpuriousFiles, preserving file /data/data/com.android.providers.downloads/cache/metadata-2337.htm
07-05 12:11:46.060   545 15199 I DownloadManager: in removeSpuriousFiles, preserving file /data/data/com.android.providers.downloads/cache/metadata-889.htm
07-05 12:11:46.060   545 15199 I DownloadManager: in removeSpuriousFiles, preserving file /data/data/com.android.providers.downloads/cache/metadata-620.htm
07-05 12:11:46.060   545 15199 I DownloadManager: in removeSpuriousFiles, preserving file /data/data/com.android.providers.downloads/cache/metadata-1019.htm
07-05 12:11:46.060   545 15199 I DownloadManager: in removeSpuriousFiles, preserving file /data/data/com.android.providers.downloads/cache/metadata-1648.htm
07-05 12:11:46.060   545 15199 I DownloadManager: in removeSpuriousFiles, preserving file /data/data/com.android.providers.downloads/cache/metadata-1048.htm
07-05 12:11:46.060   545 15199 I DownloadManager: in removeSpuriousFiles, preserving file /data/data/com.android.providers.downloads/cache/metadata-1775.htm
07-05 12:11:46.060   545 15199 I DownloadManager: in removeSpuriousFiles, preserving file /data/data/com.android.providers.downloads/cache/metadata-579.htm
07-05 12:11:46.060   545 15199 I DownloadManager: in removeSpuriousFiles, preserving file /data/data/com.android.providers.downloads/cache/metadata-1262.htm
07-05 12:11:46.076   545 15199 I DownloadManager: in removeSpuriousFiles, preserving file /data/data/com.android.providers.downloads/cache/metadata-1506.htm
07-05 12:11:46.076   545 15199 I DownloadManager: in removeSpuriousFiles, preserving file /data/data/com.android.providers.downloads/cache/metadata-1005.htm
07-05 12:11:46.076   545 15199 I DownloadManager: in removeSpuriousFiles, preserving file /data/data/com.android.providers.downloads/cache/metadata-595.htm
07-05 12:11:46.076   545 15199 I DownloadManager: in removeSpuriousFiles, preserving file /data/data/com.android.providers.downloads/cache/metadata-945.htm
07-05 12:11:46.076   545 15199 I DownloadManager: in removeSpuriousFiles, preserving file /data/data/com.android.providers.downloads/cache/metadata-705.htm
07-05 12:11:46.076   545 15199 I DownloadManager: in removeSpuriousFiles, preserving file /data/data/com.android.providers.downloads/cache/metadata-716.htm
07-05 12:11:46.076   545 15199 I DownloadManager: in removeSpuriousFiles, preserving file /data/data/com.android.providers.downloads/cache/metadata-747.htm
07-05 12:11:46.076   545 15199 I DownloadManager: in removeSpuriousFiles, preserving file /data/data/com.android.providers.downloads/cache/metadata-1983.htm
07-05 12:11:46.076   545 15199 I DownloadManager: in removeSpuriousFiles, preserving file /data/data/com.android.providers.downloads/cache/metadata-1601.htm
07-05 12:11:46.076   545 15199 I DownloadManager: in removeSpuriousFiles, preserving file /data/data/com.android.providers.downloads/cache/metadata-1486.htm
07-05 12:11:46.076   545 15199 I DownloadManager: in removeSpuriousFiles, preserving file /data/data/com.android.providers.downloads/cache/metadata-1686.htm
07-05 12:11:46.076   545 15199 I DownloadManager: in removeSpuriousFiles, preserving file /data/data/com.android.providers.downloads/cache/metadata-867.htm
07-05 12:11:46.076   545 15199 I DownloadManager: in removeSpuriousFiles, preserving file /data/data/com.android.providers.downloads/cache/metadata-992.htm
07-05 12:11:46.076   545 15199 I DownloadManager: in removeSpuriousFiles, preserving file /data/data/com.android.providers.downloads/cache/metadata-976.htm
07-05 12:11:46.076   545 15199 I DownloadManager: in removeSpuriousFiles, preserving file /data/data/com.android.providers.downloads/cache/metadata-1567.htm
07-05 12:11:46.076   545 15199 I DownloadManager: in removeSpuriousFiles, preserving file /data/data/com.android.providers.downloads/cache/metadata-1257.htm
07-05 12:11:46.084   545 15199 I DownloadManager: in removeSpuriousFiles, preserving file /data/data/com.android.providers.downloads/cache/metadata-1593.htm
07-05 12:11:46.084   545 15199 I DownloadManager: in removeSpuriousFiles, preserving file /data/data/com.android.providers.downloads/cache/metadata-1552.htm
07-05 12:11:46.084   545 15199 I DownloadManager: in removeSpuriousFiles, preserving file /data/data/com.android.providers.downloads/cache/metadata-1452.htm
07-05 12:11:46.084   545 15199 I DownloadManager: in removeSpuriousFiles, preserving file /data/data/com.android.providers.downloads/cache/metadata-593.htm
07-05 12:11:46.084   545 15199 I DownloadManager: in removeSpuriousFiles, preserving file /data/data/com.android.providers.downloads/cache/metadata-1364.htm
07-05 12:11:46.088   545 15199 I DownloadManager: in removeSpuriousFiles, preserving file /data/data/com.android.providers.downloads/cache/metadata-1365.htm
07-05 12:11:46.088   545 15199 I DownloadManager: in removeSpuriousFiles, preserving file /data/data/com.android.providers.downloads/cache/metadata-745.htm
07-05 12:11:46.088   545 15199 I DownloadManager: in removeSpuriousFiles, preserving file /data/data/com.android.providers.downloads/cache/metadata-586.htm
07-05 12:11:46.092   545 15199 I DownloadManager: in removeSpuriousFiles, preserving file /data/data/com.android.providers.downloads/cache/metadata-1094.htm
07-05 12:11:46.092   545 15199 I DownloadManager: in removeSpuriousFiles, preserving file /data/data/com.android.providers.downloads/cache/metadata-292.htm
07-05 12:11:46.092   545 15199 I DownloadManager: in removeSpuriousFiles, preserving file /data/data/com.android.providers.downloads/cache/metadata-2.htm
07-05 12:11:46.092   545 15199 I DownloadManager: in removeSpuriousFiles, preserving file /data/data/com.android.providers.downloads/cache/metadata-18.htm
07-05 12:11:46.092   545 15199 I DownloadManager: in removeSpuriousFiles, preserving file /data/data/com.android.providers.downloads/cache/metadata-26.htm
07-05 12:11:46.092   545 15199 I DownloadManager: in removeSpuriousFiles, preserving file /data/data/com.android.providers.downloads/cache/metadata-24.htm
07-05 12:11:46.092   545 15199 I DownloadManager: in removeSpuriousFiles, preserving file /data/data/com.android.providers.downloads/cache/metadata-20.htm
07-05 12:11:46.092   545 15199 I DownloadManager: in removeSpuriousFiles, preserving file /data/data/com.android.providers.downloads/cache/metadata-32.htm
07-05 12:11:46.092   545 15199 I DownloadManager: in removeSpuriousFiles, preserving file /data/data/com.android.providers.downloads/cache/metadata-35.htm
07-05 12:11:46.092   545 15199 I DownloadManager: in removeSpuriousFiles, preserving file /data/data/com.android.providers.downloads/cache/metadata-47.htm
07-05 12:11:46.092   545 15199 I DownloadManager: in removeSpuriousFiles, preserving file /data/data/com.android.providers.downloads/cache/metadata-19.htm
07-05 12:11:46.092   545 15199 I DownloadManager: in removeSpuriousFiles, preserving file /data/data/com.android.providers.downloads/cache/metadata-46.htm
07-05 12:11:46.092   545 15199 I DownloadManager: in removeSpuriousFiles, preserving file /data/data/com.android.providers.downloads/cache/metadata-41.htm
07-05 12:11:46.092   545 15199 I DownloadManager: in removeSpuriousFiles, preserving file /data/data/com.android.providers.downloads/cache/metadata-42.htm
07-05 12:11:46.092   545 15199 I DownloadManager: in removeSpuriousFiles, preserving file /data/data/com.android.providers.downloads/cache/metadata-59.htm
07-05 12:11:46.092   545 15199 I DownloadManager: in removeSpuriousFiles, preserving file /data/data/com.android.providers.downloads/cache/metadata-118.htm
07-05 12:11:46.092   545 15199 I DownloadManager: in removeSpuriousFiles, preserving file /data/data/com.android.providers.downloads/cache/metadata-62.htm
07-05 12:11:46.095   545 15199 I DownloadManager: in removeSpuriousFiles, preserving file /data/data/com.android.providers.downloads/cache/metadata-58.htm
07-05 12:11:46.095   545 15199 I DownloadManager: in removeSpuriousFiles, preserving file /data/data/com.android.providers.downloads/cache/metadata-54.htm
07-05 12:11:46.095   545 15199 I DownloadManager: in removeSpuriousFiles, preserving file /data/data/com.android.providers.downloads/cache/metadata-60.htm
07-05 12:11:46.095   545 15199 I DownloadManager: in removeSpuriousFiles, preserving file /data/data/com.android.providers.downloads/cache/metadata-1598.htm
07-05 12:11:46.099   545 15199 I DownloadManager: in removeSpuriousFiles, preserving file /data/data/com.android.providers.downloads/cache/metadata-57.htm
07-05 12:11:46.099   545 15199 I DownloadManager: in removeSpuriousFiles, preserving file /data/data/com.android.providers.downloads/cache/metadata-185.htm
07-05 12:11:46.099   545 15199 I DownloadManager: in removeSpuriousFiles, preserving file /data/data/com.android.providers.downloads/cache/metadata-143.htm
07-05 12:11:46.099   545 15199 I DownloadManager: in removeSpuriousFiles, preserving file /data/data/com.android.providers.downloads/cache/metadata-125.htm
07-05 12:11:46.099   545 15199 I DownloadManager: in removeSpuriousFiles, preserving file /data/data/com.android.providers.downloads/cache/metadata-116.htm
07-05 12:11:46.099   545 15199 I DownloadManager: in removeSpuriousFiles, preserving file /data/data/com.android.providers.downloads/cache/metadata-67.htm
07-05 12:11:46.099   545 15199 I DownloadManager: in removeSpuriousFiles, preserving file /data/data/com.android.providers.downloads/cache/metadata-191.htm
07-05 12:11:46.099   545 15199 I DownloadManager: in removeSpuriousFiles, preserving file /data/data/com.android.providers.downloads/cache/metadata-77.htm
07-05 12:11:46.099   545 15199 I DownloadManager: in removeSpuriousFiles, preserving file /data/data/com.android.providers.downloads/cache/metadata-124.htm
07-05 12:11:46.099   545 15199 I DownloadManager: in removeSpuriousFiles, preserving file /data/data/com.android.providers.downloads/cache/metadata-147.htm
07-05 12:11:46.099   545 15199 I DownloadManager: in removeSpuriousFiles, preserving file /data/data/com.android.providers.downloads/cache/metadata-203.htm
07-05 12:11:46.099   545 15199 I DownloadManager: in removeSpuriousFiles, preserving file /data/data/com.android.providers.downloads/cache/metadata-111.htm
07-05 12:11:46.099   545 15199 I DownloadManager: in removeSpuriousFiles, preserving file /data/data/com.android.providers.downloads/cache/metadata-72.htm
07-05 12:11:46.099   545 15199 I DownloadManager: in removeSpuriousFiles, preserving file /data/data/com.android.providers.downloads/cache/metadata-188.htm
07-05 12:11:46.099   545 15199 I DownloadManager: in removeSpuriousFiles, preserving file /data/data/com.android.providers.downloads/cache/metadata-802.htm
07-05 12:11:46.099   545 15199 I DownloadManager: in removeSpuriousFiles, preserving file /data/data/com.android.providers.downloads/cache/metadata-1066.htm
07-05 12:11:46.099   545 15199 I DownloadManager: in removeSpuriousFiles, preserving file /data/data/com.android.providers.downloads/cache/metadata-205.htm
07-05 12:11:46.099   545 15199 I DownloadManager: in removeSpuriousFiles, preserving file /data/data/com.android.providers.downloads/cache/metadata-151.htm
07-05 12:11:46.099   545 15199 I DownloadManager: in removeSpuriousFiles, preserving file /data/data/com.android.providers.downloads/cache/metadata-1175.htm
07-05 12:11:46.099   545 15199 I DownloadManager: in removeSpuriousFiles, preserving file /data/data/com.android.providers.downloads/cache/metadata-2273.htm
07-05 12:11:46.099   545 15199 I DownloadManager: in removeSpuriousFiles, preserving file /data/data/com.android.providers.downloads/cache/metadata-172.htm
07-05 12:11:46.099   545 15199 I DownloadManager: in removeSpuriousFiles, preserving file /data/data/com.android.providers.downloads/cache/metadata-201.htm
07-05 12:11:46.099   545 15199 I DownloadManager: in removeSpuriousFiles, preserving file /data/data/com.android.providers.downloads/cache/metadata-104.htm
07-05 12:11:46.103   545 15199 I DownloadManager: in removeSpuriousFiles, preserving file /data/data/com.android.providers.downloads/cache/metadata-1077.htm
07-05 12:11:46.103   545 15199 I DownloadManager: in removeSpuriousFiles, preserving file /data/data/com.android.providers.downloads/cache/metadata-183.htm
07-05 12:11:46.103   545 15199 I DownloadManager: in removeSpuriousFiles, preserving file /data/data/com.android.providers.downloads/cache/metadata-445.htm
07-05 12:11:46.103   545 15199 I DownloadManager: in removeSpuriousFiles, preserving file /data/data/com.android.providers.downloads/cache/metadata-142.htm
07-05 12:11:46.103   545 15199 I DownloadManager: in removeSpuriousFiles, preserving file /data/data/com.android.providers.downloads/cache/metadata-174.htm
07-05 12:11:46.103   545 15199 I DownloadManager: in removeSpuriousFiles, preserving file /data/data/com.android.providers.downloads/cache/metadata-245.htm
07-05 12:11:46.107   545 15199 I DownloadManager: in removeSpuriousFiles, preserving file /data/data/com.android.providers.downloads/cache/metadata-150.htm
07-05 12:11:46.107   545 15199 I DownloadManager: in removeSpuriousFiles, preserving file /data/data/com.android.providers.downloads/cache/metadata-89.htm
07-05 12:11:46.107   545 15199 I DownloadManager: in removeSpuriousFiles, preserving file /data/data/com.android.providers.downloads/cache/metadata-888.htm
07-05 12:11:46.107   545 15199 I DownloadManager: in removeSpuriousFiles, preserving file /data/data/com.android.providers.downloads/cache/metadata-626.htm
07-05 12:11:46.107   545 15199 I DownloadManager: in removeSpuriousFiles, preserving file /data/data/com.android.providers.downloads/cache/metadata-581.htm
07-05 12:11:46.107   545 15199 I DownloadManager: in removeSpuriousFiles, preserving file /data/data/com.android.providers.downloads/cache/metadata-781.htm
07-05 12:11:46.107   545 15199 I DownloadManager: in removeSpuriousFiles, preserving file /data/data/com.android.providers.downloads/cache/metadata-127.htm
07-05 12:11:46.107   545 15199 I DownloadManager: in removeSpuriousFiles, preserving file /data/data/com.android.providers.downloads/cache/metadata-865.htm
07-05 12:11:46.107   545 15199 I DownloadManager: in removeSpuriousFiles, preserving file /data/data/com.android.providers.downloads/cache/metadata-1025.htm
07-05 12:11:46.107   545 15199 I DownloadManager: in removeSpuriousFiles, preserving file /data/data/com.android.providers.downloads/cache/metadata-101.htm
07-05 12:11:46.107   545 15199 I DownloadManager: in removeSpuriousFiles, preserving file /data/data/com.android.providers.downloads/cache/metadata-2236.htm
07-05 12:11:46.107   545 15199 I DownloadManager: in removeSpuriousFiles, preserving file /data/data/com.android.providers.downloads/cache/metadata-1085.htm
07-05 12:11:46.107   545 15199 I DownloadManager: in removeSpuriousFiles, preserving file /data/data/com.android.providers.downloads/cache/metadata-1780.htm
07-05 12:11:46.107   545 15199 I DownloadManager: in removeSpuriousFiles, preserving file /data/data/com.android.providers.downloads/cache/metadata-859.htm
07-05 12:11:46.107   545 15199 I DownloadManager: in removeSpuriousFiles, preserving file /data/data/com.android.providers.downloads/cache/metadata-224.htm
07-05 12:11:46.107   545 15199 I DownloadManager: in removeSpuriousFiles, preserving file /data/data/com.android.providers.downloads/cache/metadata-240.htm
07-05 12:11:46.115   545 15199 I DownloadManager: in removeSpuriousFiles, preserving file /data/data/com.android.providers.downloads/cache/metadata-126.htm
07-05 12:11:46.115   545 15199 I DownloadManager: in removeSpuriousFiles, preserving file /data/data/com.android.providers.downloads/cache/metadata-1389.htm
07-05 12:11:46.115   545 15199 I DownloadManager: in removeSpuriousFiles, preserving file /data/data/com.android.providers.downloads/cache/metadata-319.htm
07-05 12:11:46.115   545 15199 I DownloadManager: in removeSpuriousFiles, preserving file /data/data/com.android.providers.downloads/cache/metadata-196.htm
07-05 12:11:46.115   545 15199 I DownloadManager: in removeSpuriousFiles, preserving file /data/data/com.android.providers.downloads/cache/metadata-1429.htm
07-05 12:11:46.115   545 15199 I DownloadManager: in removeSpuriousFiles, preserving file /data/data/com.android.providers.downloads/cache/metadata-715.htm
07-05 12:11:46.115   545 15199 I DownloadManager: in removeSpuriousFiles, preserving file /data/data/com.android.providers.downloads/cache/metadata-176.htm
07-05 12:11:46.115   545 15199 I DownloadManager: in removeSpuriousFiles, preserving file /data/data/com.android.providers.downloads/cache/metadata-153.htm
07-05 12:11:46.115   545 15199 I DownloadManager: in removeSpuriousFiles, preserving file /data/data/com.android.providers.downloads/cache/metadata-82.htm
07-05 12:11:46.115   545 15199 I DownloadManager: in removeSpuriousFiles, preserving file /data/data/com.android.providers.downloads/cache/metadata-587.htm
07-05 12:11:46.115   545 15199 I DownloadManager: in removeSpuriousFiles, preserving file /data/data/com.android.providers.downloads/cache/metadata-466.htm
07-05 12:11:46.115   545 15199 I DownloadManager: in removeSpuriousFiles, preserving file /data/data/com.android.providers.downloads/cache/metadata-1224.htm
07-05 12:11:46.119   545 15199 I DownloadManager: in removeSpuriousFiles, preserving file /data/data/com.android.providers.downloads/cache/metadata-221.htm
07-05 12:11:46.119   545 15199 I DownloadManager: in removeSpuriousFiles, preserving file /data/data/com.android.providers.downloads/cache/metadata-580.htm
07-05 12:11:46.119   545 15199 I DownloadManager: in removeSpuriousFiles, preserving file /data/data/com.android.providers.downloads/cache/metadata-192.htm
07-05 12:11:46.119   545 15199 I DownloadManager: in removeSpuriousFiles, preserving file /data/data/com.android.providers.downloads/cache/metadata-1912.htm
07-05 12:11:46.119   545 15199 I DownloadManager: in removeSpuriousFiles, preserving file /data/data/com.android.providers.downloads/cache/metadata-1721.htm
07-05 12:11:46.119   545 15199 I DownloadManager: in removeSpuriousFiles, preserving file /data/data/com.android.providers.downloads/cache/metadata-556.htm
07-05 12:11:46.135   545 15199 I DownloadManager: in removeSpuriousFiles, preserving file /data/data/com.android.providers.downloads/cache/metadata-650.htm
07-05 12:11:46.135   545 15199 I DownloadManager: in removeSpuriousFiles, preserving file /data/data/com.android.providers.downloads/cache/metadata-1889.htm
07-05 12:11:46.135   545 15199 I DownloadManager: in removeSpuriousFiles, preserving file /data/data/com.android.providers.downloads/cache/metadata-672.htm
07-05 12:11:46.135   545 15199 I DownloadManager: in removeSpuriousFiles, preserving file /data/data/com.android.providers.downloads/cache/metadata-1473.htm
07-05 12:11:46.135   545 15199 I DownloadManager: in removeSpuriousFiles, preserving file /data/data/com.android.providers.downloads/cache/metadata-121.htm
07-05 12:11:46.135   545 15199 I DownloadManager: in removeSpuriousFiles, preserving file /data/data/com.android.providers.downloads/cache/metadata-1823.htm
07-05 12:11:46.135   545 15199 I DownloadManager: in removeSpuriousFiles, preserving file /data/data/com.android.providers.downloads/cache/metadata-1278.htm
07-05 12:11:46.135   545 15199 I DownloadManager: in removeSpuriousFiles, preserving file /data/data/com.android.providers.downloads/cache/metadata-1353.htm
07-05 12:11:46.135   545 15199 I DownloadManager: in removeSpuriousFiles, preserving file /data/data/com.android.providers.downloads/cache/metadata-1705.htm
07-05 12:11:46.138   545 15199 I DownloadManager: in removeSpuriousFiles, preserving file /data/data/com.android.providers.downloads/cache/metadata-814.htm
07-05 12:11:46.138   545 15199 I DownloadManager: in removeSpuriousFiles, preserving file /data/data/com.android.providers.downloads/cache/metadata-1538.htm
07-05 12:11:46.138   545 15199 I DownloadManager: in removeSpuriousFiles, preserving file /data/data/com.android.providers.downloads/cache/metadata-1605.htm
07-05 12:11:46.138   545 15199 I DownloadManager: in removeSpuriousFiles, preserving file /data/data/com.android.providers.downloads/cache/metadata-876.htm
07-05 12:11:46.138   545 15199 I DownloadManager: in removeSpuriousFiles, preserving file /data/data/com.android.providers.downloads/cache/metadata-892.htm
07-05 12:11:46.138   545 15199 I DownloadManager: in removeSpuriousFiles, preserving file /data/data/com.android.providers.downloads/cache/metadata-881.htm
07-05 12:11:46.138   545 15199 I DownloadManager: in removeSpuriousFiles, preserving file /data/data/com.android.providers.downloads/cache/metadata-1253.htm
07-05 12:11:46.138   545 15199 I DownloadManager: in removeSpuriousFiles, preserving file /data/data/com.android.providers.downloads/cache/metadata-216.htm
07-05 12:11:46.138   545 15199 I DownloadManager: in removeSpuriousFiles, preserving file /data/data/com.android.providers.downloads/cache/metadata-219.htm
07-05 12:11:46.138   545 15199 I DownloadManager: in removeSpuriousFiles, preserving file /data/data/com.android.providers.downloads/cache/metadata-217.htm
07-05 12:11:46.138   545 15199 I DownloadManager: in removeSpuriousFiles, preserving file /data/data/com.android.providers.downloads/cache/metadata-1174.htm
07-05 12:11:46.138   545 15199 I DownloadManager: in removeSpuriousFiles, preserving file /data/data/com.android.providers.downloads/cache/metadata-1216.htm
07-05 12:11:46.138   545 15199 I DownloadManager: in removeSpuriousFiles, preserving file /data/data/com.android.providers.downloads/cache/metadata-1749.htm
07-05 12:11:46.138   545 15199 I DownloadManager: in removeSpuriousFiles, preserving file /data/data/com.android.providers.downloads/cache/metadata-230.htm
07-05 12:11:46.138   545 15199 I DownloadManager: in removeSpuriousFiles, preserving file /data/data/com.android.providers.downloads/cache/metadata-1192.htm
07-05 12:11:46.138   545 15199 I DownloadManager: in removeSpuriousFiles, preserving file /data/data/com.android.providers.downloads/cache/metadata-1494.htm
07-05 12:11:46.138   545 15199 I DownloadManager: in removeSpuriousFiles, preserving file /data/data/com.android.providers.downloads/cache/metadata-1744.htm
07-05 12:11:46.138   545 15199 I DownloadManager: in removeSpuriousFiles, preserving file /data/data/com.android.providers.downloads/cache/metadata-1789.htm
07-05 12:11:46.146   545 15199 I DownloadManager: in removeSpuriousFiles, preserving file /data/data/com.android.providers.downloads/cache/metadata-1659.htm
07-05 12:11:46.146   545 15199 I DownloadManager: in removeSpuriousFiles, preserving file /data/data/com.android.providers.downloads/cache/metadata-763.htm
07-05 12:11:46.146   545 15199 I DownloadManager: in removeSpuriousFiles, preserving file /data/data/com.android.providers.downloads/cache/metadata-1514.htm
07-05 12:11:46.146   545 15199 I DownloadManager: in removeSpuriousFiles, preserving file /data/data/com.android.providers.downloads/cache/metadata-1163.htm
07-05 12:11:46.146   545 15199 I DownloadManager: in removeSpuriousFiles, preserving file /data/data/com.android.providers.downloads/cache/metadata-1397.htm
07-05 12:11:46.150   545 15199 I DownloadManager: in removeSpuriousFiles, preserving file /data/data/com.android.providers.downloads/cache/metadata-1102.htm
07-05 12:11:46.150   545 15199 I DownloadManager: in removeSpuriousFiles, preserving file /data/data/com.android.providers.downloads/cache/metadata-2442.htm
07-05 12:11:46.150   545   548 D dalvikvm: GC_CONCURRENT freed 565K, 8% free 10799K/11719K, paused 2ms+3ms
07-05 12:11:46.150   545 15199 I DownloadManager: in removeSpuriousFiles, preserving file /data/data/com.android.providers.downloads/cache/metadata-1575.htm
07-05 12:11:46.150   545 15199 I DownloadManager: in removeSpuriousFiles, preserving file /data/data/com.android.providers.downloads/cache/metadata-1544.htm
07-05 12:11:46.150   545 15199 I DownloadManager: in removeSpuriousFiles, preserving file /data/data/com.android.providers.downloads/cache/metadata-1105.htm
07-05 12:11:46.150   545 15199 I DownloadManager: in removeSpuriousFiles, preserving file /data/data/com.android.providers.downloads/cache/metadata-2113.htm
07-05 12:11:46.150   545 15199 I DownloadManager: in removeSpuriousFiles, preserving file /data/data/com.android.providers.downloads/cache/metadata-653.htm
07-05 12:11:46.150   545 15199 I DownloadManager: in removeSpuriousFiles, preserving file /data/data/com.android.providers.downloads/cache/metadata-161.htm
07-05 12:11:46.150   545 15199 I DownloadManager: in removeSpuriousFiles, preserving file /data/data/com.android.providers.downloads/cache/metadata-2392.htm
07-05 12:11:46.150   545 15199 I DownloadManager: in removeSpuriousFiles, preserving file /data/data/com.android.providers.downloads/cache/metadata-1960.htm
07-05 12:11:46.150   545 15199 I DownloadManager: in removeSpuriousFiles, preserving file /data/data/com.android.providers.downloads/cache/metadata-8.htm
07-05 12:11:46.150   545 15199 I DownloadManager: in removeSpuriousFiles, preserving file /data/data/com.android.providers.downloads/cache/metadata-43.htm
07-05 12:11:46.154   545 15199 I DownloadManager: in removeSpuriousFiles, preserving file /data/data/com.android.providers.downloads/cache/metadata-25.htm
07-05 12:11:46.154   545 15199 I DownloadManager: in removeSpuriousFiles, preserving file /data/data/com.android.providers.downloads/cache/metadata-39.htm
07-05 12:11:46.154   545 15199 I DownloadManager: in removeSpuriousFiles, preserving file /data/data/com.android.providers.downloads/cache/metadata-49.htm
07-05 12:11:46.154   545 15199 I DownloadManager: in removeSpuriousFiles, preserving file /data/data/com.android.providers.downloads/cache/metadata-112.htm
07-05 12:11:46.154   545 15199 I DownloadManager: in removeSpuriousFiles, preserving file /data/data/com.android.providers.downloads/cache/metadata-53.htm
07-05 12:11:46.154   545 15199 I DownloadManager: in removeSpuriousFiles, preserving file /data/data/com.android.providers.downloads/cache/metadata-71.htm
07-05 12:11:46.154   545 15199 I DownloadManager: in removeSpuriousFiles, preserving file /data/data/com.android.providers.downloads/cache/metadata-27.htm
07-05 12:11:46.154   545 15199 I DownloadManager: in removeSpuriousFiles, preserving file /data/data/com.android.providers.downloads/cache/metadata-289.htm
07-05 12:11:46.154   545 15199 I DownloadManager: in removeSpuriousFiles, preserving file /data/data/com.android.providers.downloads/cache/metadata-56.htm
07-05 12:11:46.154   545 15199 I DownloadManager: in removeSpuriousFiles, preserving file /data/data/com.android.providers.downloads/cache/metadata-55.htm
07-05 12:11:46.154   545 15199 I DownloadManager: in removeSpuriousFiles, preserving file /data/data/com.android.providers.downloads/cache/metadata-120.htm
07-05 12:11:46.154   545 15199 I DownloadManager: in removeSpuriousFiles, preserving file /data/data/com.android.providers.downloads/cache/metadata-70.htm
07-05 12:11:46.154   545 15199 I DownloadManager: in removeSpuriousFiles, preserving file /data/data/com.android.providers.downloads/cache/metadata-92.htm
07-05 12:11:46.162   545 15199 I DownloadManager: in removeSpuriousFiles, preserving file /data/data/com.android.providers.downloads/cache/metadata-295.htm
07-05 12:11:46.162   545 15199 I DownloadManager: in removeSpuriousFiles, preserving file /data/data/com.android.providers.downloads/cache/metadata-306.htm
07-05 12:11:46.162   545 15199 I DownloadManager: in removeSpuriousFiles, preserving file /data/data/com.android.providers.downloads/cache/metadata-160.htm
07-05 12:11:46.162   545 15199 I DownloadManager: in removeSpuriousFiles, preserving file /data/data/com.android.providers.downloads/cache/metadata-64.htm
07-05 12:11:46.162   545 15199 I DownloadManager: in removeSpuriousFiles, preserving file /data/data/com.android.providers.downloads/cache/metadata-168.htm
07-05 12:11:46.162   545 15199 I DownloadManager: in removeSpuriousFiles, preserving file /data/data/com.android.providers.downloads/cache/metadata-326.htm
07-05 12:11:46.162   545 15199 I DownloadManager: in removeSpuriousFiles, preserving file /data/data/com.android.providers.downloads/cache/metadata-286.htm
07-05 12:11:46.162   545 15199 I DownloadManager: in removeSpuriousFiles, preserving file /data/data/com.android.providers.downloads/cache/metadata-182.htm
07-05 12:11:46.162   545 15199 I DownloadManager: in removeSpuriousFiles, preserving file /data/data/com.android.providers.downloads/cache/metadata-108.htm
07-05 12:11:46.166   545 15199 I DownloadManager: in removeSpuriousFiles, preserving file /data/data/com.android.providers.downloads/cache/metadata-197.htm
07-05 12:11:46.166   545 15199 I DownloadManager: in removeSpuriousFiles, preserving file /data/data/com.android.providers.downloads/cache/metadata-79.htm
07-05 12:11:46.166   545 15199 I DownloadManager: in removeSpuriousFiles, preserving file /data/data/com.android.providers.downloads/cache/metadata-231.htm
07-05 12:11:46.166   545 15199 I DownloadManager: in removeSpuriousFiles, preserving file /data/data/com.android.providers.downloads/cache/metadata-394.htm
07-05 12:11:46.166   545 15199 I DownloadManager: in removeSpuriousFiles, preserving file /data/data/com.android.providers.downloads/cache/metadata-68.htm
07-05 12:11:46.166   545 15199 I DownloadManager: in removeSpuriousFiles, preserving file /data/data/com.android.providers.downloads/cache/metadata-122.htm
07-05 12:11:46.166   545 15199 I DownloadManager: in removeSpuriousFiles, preserving file /data/data/com.android.providers.downloads/cache/metadata-1191.htm
07-05 12:11:46.166   545 15199 I DownloadManager: in removeSpuriousFiles, preserving file /data/data/com.android.providers.downloads/cache/metadata-228.htm
07-05 12:11:46.166   545 15199 I DownloadManager: in removeSpuriousFiles, preserving file /data/data/com.android.providers.downloads/cache/metadata-284.htm
07-05 12:11:46.166   545 15199 I DownloadManager: in removeSpuriousFiles, preserving file /data/data/com.android.providers.downloads/cache/metadata-76.htm
07-05 12:11:46.166   545 15199 I DownloadManager: in removeSpuriousFiles, preserving file /data/data/com.android.providers.downloads/cache/metadata-169.htm
07-05 12:11:46.166   545 15199 I DownloadManager: in removeSpuriousFiles, preserving file /data/data/com.android.providers.downloads/cache/metadata-85.htm
07-05 12:11:46.166   545 15199 I DownloadManager: in removeSpuriousFiles, preserving file /data/data/com.android.providers.downloads/cache/metadata-202.htm
07-05 12:11:46.166   545 15199 I DownloadManager: in removeSpuriousFiles, preserving file /data/data/com.android.providers.downloads/cache/metadata-139.htm
07-05 12:11:46.166   545 15199 I DownloadManager: in removeSpuriousFiles, preserving file /data/data/com.android.providers.downloads/cache/metadata-123.htm
07-05 12:11:46.166   545 15199 I DownloadManager: in removeSpuriousFiles, preserving file /data/data/com.android.providers.downloads/cache/metadata-181.htm
07-05 12:11:46.166   545 15199 I DownloadManager: in removeSpuriousFiles, preserving file /data/data/com.android.providers.downloads/cache/metadata-91.htm
07-05 12:11:46.166   545 15199 I DownloadManager: in removeSpuriousFiles, preserving file /data/data/com.android.providers.downloads/cache/metadata-222.htm
07-05 12:11:46.166   545 15199 I DownloadManager: in removeSpuriousFiles, preserving file /data/data/com.android.providers.downloads/cache/metadata-254.htm
07-05 12:11:46.166   545 15199 I DownloadManager: in removeSpuriousFiles, preserving file /data/data/com.android.providers.downloads/cache/metadata-135.htm
07-05 12:11:46.166   545 15199 I DownloadManager: in removeSpuriousFiles, preserving file /data/data/com.android.providers.downloads/cache/metadata-164.htm
07-05 12:11:46.166   545 15199 I DownloadManager: in removeSpuriousFiles, preserving file /data/data/com.android.providers.downloads/cache/metadata-146.htm
07-05 12:11:46.166   545 15199 I DownloadManager: in removeSpuriousFiles, preserving file /data/data/com.android.providers.downloads/cache/metadata-383.htm
07-05 12:11:46.166   545 15199 I DownloadManager: in removeSpuriousFiles, preserving file /data/data/com.android.providers.downloads/cache/metadata-163.htm
07-05 12:11:46.166   545 15199 I DownloadManager: in removeSpuriousFiles, preserving file /data/data/com.android.providers.downloads/cache/metadata-1250.htm
07-05 12:11:46.166   545 15199 I DownloadManager: in removeSpuriousFiles, preserving file /data/data/com.android.providers.downloads/cache/metadata-206.htm
07-05 12:11:46.166   545 15199 I DownloadManager: in removeSpuriousFiles, preserving file /data/data/com.android.providers.downloads/cache/metadata-207.htm
07-05 12:11:46.166   545 15199 I DownloadManager: in removeSpuriousFiles, preserving file /data/data/com.android.providers.downloads/cache/metadata-218.htm
07-05 12:11:46.166   545 15199 I DownloadManager: in removeSpuriousFiles, preserving file /data/data/com.android.providers.downloads/cache/metadata-148.htm
07-05 12:11:46.166   545 15199 I DownloadManager: in removeSpuriousFiles, preserving file /data/data/com.android.providers.downloads/cache/metadata-300.htm
07-05 12:11:46.166   545 15199 I DownloadManager: in removeSpuriousFiles, preserving file /data/data/com.android.providers.downloads/cache/metadata-232.htm
07-05 12:11:46.166   545 15199 I DownloadManager: in removeSpuriousFiles, preserving file /data/data/com.android.providers.downloads/cache/metadata-227.htm
07-05 12:11:46.166   545 15199 I DownloadManager: in removeSpuriousFiles, preserving file /data/data/com.android.providers.downloads/cache/metadata-1372.htm
07-05 12:11:46.166   545 15199 I DownloadManager: in removeSpuriousFiles, preserving file /data/data/com.android.providers.downloads/cache/metadata-384.htm
07-05 12:11:46.166   545 15199 I DownloadManager: in removeSpuriousFiles, preserving file /data/data/com.android.providers.downloads/cache/metadata-237.htm
07-05 12:11:46.166   545 15199 I DownloadManager: in removeSpuriousFiles, preserving file /data/data/com.android.providers.downloads/cache/metadata-119.htm
07-05 12:11:46.166   545 15199 I DownloadManager: in removeSpuriousFiles, preserving file /data/data/com.android.providers.downloads/cache/metadata-2052.htm
07-05 12:11:46.166   545 15199 I DownloadManager: in removeSpuriousFiles, preserving file /data/data/com.android.providers.downloads/cache/metadata-1428.htm
07-05 12:11:46.170   545 15199 I DownloadManager: in removeSpuriousFiles, preserving file /data/data/com.android.providers.downloads/cache/metadata-667.htm
07-05 12:11:46.170   545 15199 I DownloadManager: in removeSpuriousFiles, preserving file /data/data/com.android.providers.downloads/cache/metadata-1652.htm
07-05 12:11:46.170   545 15199 I DownloadManager: in removeSpuriousFiles, preserving file /data/data/com.android.providers.downloads/cache/metadata-115.htm
07-05 12:11:46.170   545 15199 I DownloadManager: in removeSpuriousFiles, preserving file /data/data/com.android.providers.downloads/cache/metadata-406.htm
07-05 12:11:46.170   545 15199 I DownloadManager: in removeSpuriousFiles, preserving file /data/data/com.android.providers.downloads/cache/metadata-1500.htm
07-05 12:11:46.170   545 15199 I DownloadManager: in removeSpuriousFiles, preserving file /data/data/com.android.providers.downloads/cache/metadata-1496.htm
07-05 12:11:46.170   545 15199 I DownloadManager: in removeSpuriousFiles, preserving file /data/data/com.android.providers.downloads/cache/metadata-360.htm
07-05 12:11:46.170   545 15199 I DownloadManager: in removeSpuriousFiles, preserving file /data/data/com.android.providers.downloads/cache/metadata-249.htm
07-05 12:11:46.170   545 15199 I DownloadManager: in removeSpuriousFiles, preserving file /data/data/com.android.providers.downloads/cache/metadata-334.htm
07-05 12:11:46.170   545 15199 I DownloadManager: in removeSpuriousFiles, preserving file /data/data/com.android.providers.downloads/cache/metadata-709.htm
07-05 12:11:46.170   545 15199 I DownloadManager: in removeSpuriousFiles, preserving file /data/data/com.android.providers.downloads/cache/metadata-1504.htm
07-05 12:11:46.174   545 15199 I DownloadManager: in removeSpuriousFiles, preserving file /data/data/com.android.providers.downloads/cache/metadata-374.htm
07-05 12:11:46.174   545 15199 I DownloadManager: in removeSpuriousFiles, preserving file /data/data/com.android.providers.downloads/cache/metadata-252.htm
07-05 12:11:46.174   545 15199 I DownloadManager: in removeSpuriousFiles, preserving file /data/data/com.android.providers.downloads/cache/metadata-397.htm
07-05 12:11:46.174   545 15199 I DownloadManager: in removeSpuriousFiles, preserving file /data/data/com.android.providers.downloads/cache/metadata-80.htm
07-05 12:11:46.174   545 15199 I DownloadManager: in removeSpuriousFiles, preserving file /data/data/com.android.providers.downloads/cache/metadata-1222.htm
07-05 12:11:46.174   545 15199 I DownloadManager: in removeSpuriousFiles, preserving file /data/data/com.android.providers.downloads/cache/metadata-1767.htm
07-05 12:11:46.174   545 15199 I DownloadManager: in removeSpuriousFiles, preserving file /data/data/com.android.providers.downloads/cache/metadata-331.htm
07-05 12:11:46.174   545 15199 I DownloadManager: in removeSpuriousFiles, preserving file /data/data/com.android.providers.downloads/cache/metadata-145.htm
07-05 12:11:46.174   545 15199 I DownloadManager: in removeSpuriousFiles, preserving file /data/data/com.android.providers.downloads/cache/metadata-1919.htm
07-05 12:11:46.174   545 15199 I DownloadManager: in removeSpuriousFiles, preserving file /data/data/com.android.providers.downloads/cache/metadata-157.htm
07-05 12:11:46.174   545 15199 I DownloadManager: in removeSpuriousFiles, preserving file /data/data/com.android.providers.downloads/cache/metadata-623.htm
07-05 12:11:46.174   545 15199 I DownloadManager: in removeSpuriousFiles, preserving file /data/data/com.android.providers.downloads/cache/metadata-259.htm
07-05 12:11:46.174   545 15199 I DownloadManager: in removeSpuriousFiles, preserving file /data/data/com.android.providers.downloads/cache/metadata-2185.htm
07-05 12:11:46.174   545 15199 I DownloadManager: in removeSpuriousFiles, preserving file /data/data/com.android.providers.downloads/cache/metadata-78.htm
07-05 12:11:46.174   545 15199 I DownloadManager: in removeSpuriousFiles, preserving file /data/data/com.android.providers.downloads/cache/metadata-233.htm
07-05 12:11:46.174   545 15199 I DownloadManager: in removeSpuriousFiles, preserving file /data/data/com.android.providers.downloads/cache/metadata-824.htm
07-05 12:11:46.174   545 15199 I DownloadManager: in removeSpuriousFiles, preserving file /data/data/com.android.providers.downloads/cache/metadata-447.htm
07-05 12:11:46.174   545 15199 I DownloadManager: in removeSpuriousFiles, preserving file /data/data/com.android.providers.downloads/cache/metadata-345.htm
07-05 12:11:46.178   545 15199 I DownloadManager: in removeSpuriousFiles, preserving file /data/data/com.android.providers.downloads/cache/metadata-1298.htm
07-05 12:11:46.178   545 15199 I DownloadManager: in removeSpuriousFiles, preserving file /data/data/com.android.providers.downloads/cache/metadata-613.htm
07-05 12:11:46.178   545 15199 I DownloadManager: in removeSpuriousFiles, preserving file /data/data/com.android.providers.downloads/cache/metadata-323.htm
07-05 12:11:46.178   545 15199 I DownloadManager: in removeSpuriousFiles, preserving file /data/data/com.android.providers.downloads/cache/metadata-1757.htm
07-05 12:11:46.178   545 15199 I DownloadManager: in removeSpuriousFiles, preserving file /data/data/com.android.providers.downloads/cache/metadata-187.htm
07-05 12:11:46.178   545 15199 I DownloadManager: in removeSpuriousFiles, preserving file /data/data/com.android.providers.downloads/cache/metadata-446.htm
07-05 12:11:46.178   545 15199 I DownloadManager: in removeSpuriousFiles, preserving file /data/data/com.android.providers.downloads/cache/metadata-75.htm
07-05 12:11:46.178   545 15199 I DownloadManager: in removeSpuriousFiles, preserving file /data/data/com.android.providers.downloads/cache/metadata-1279.htm
07-05 12:11:46.178   545 15199 I DownloadManager: in removeSpuriousFiles, preserving file /data/data/com.android.providers.downloads/cache/metadata-381.htm
07-05 12:11:46.178   545 15199 I DownloadManager: in removeSpuriousFiles, preserving file /data/data/com.android.providers.downloads/cache/metadata-1546.htm
07-05 12:11:46.178   545 15199 I DownloadManager: in removeSpuriousFiles, preserving file /data/data/com.android.providers.downloads/cache/metadata-209.htm
07-05 12:11:46.178   545 15199 I DownloadManager: in removeSpuriousFiles, preserving file /data/data/com.android.providers.downloads/cache/metadata-158.htm
07-05 12:11:46.178   545 15199 I DownloadManager: in removeSpuriousFiles, preserving file /data/data/com.android.providers.downloads/cache/metadata-1838.htm
07-05 12:11:46.178   545 15199 I DownloadManager: in removeSpuriousFiles, preserving file /data/data/com.android.providers.downloads/cache/metadata-392.htm
07-05 12:11:46.178   545 15199 I DownloadManager: in removeSpuriousFiles, preserving file /data/data/com.android.providers.downloads/cache/metadata-2132.htm
07-05 12:11:46.178   545 15199 I DownloadManager: in removeSpuriousFiles, preserving file /data/data/com.android.providers.downloads/cache/metadata-273.htm
07-05 12:11:46.178   545 15199 I DownloadManager: in removeSpuriousFiles, preserving file /data/data/com.android.providers.downloads/cache/metadata-1991.htm
07-05 12:11:46.181   545 15199 I DownloadManager: in removeSpuriousFiles, preserving file /data/data/com.android.providers.downloads/cache/metadata-1471.htm
07-05 12:11:46.181   545 15199 I DownloadManager: in removeSpuriousFiles, preserving file /data/data/com.android.providers.downloads/cache/metadata-1148.htm
07-05 12:11:46.181   545 15199 I DownloadManager: in removeSpuriousFiles, preserving file /data/data/com.android.providers.downloads/cache/metadata-1540.htm
07-05 12:11:46.181   545 15199 I DownloadManager: in removeSpuriousFiles, preserving file /data/data/com.android.providers.downloads/cache/metadata-1178.htm
07-05 12:11:46.181   545 15199 I DownloadManager: in removeSpuriousFiles, preserving file /data/data/com.android.providers.downloads/cache/metadata-2544.htm
07-05 12:11:46.181   545 15199 I DownloadManager: in removeSpuriousFiles, preserving file /data/data/com.android.providers.downloads/cache/metadata-1456.htm
07-05 12:11:46.181   545 15199 I DownloadManager: in removeSpuriousFiles, preserving file /data/data/com.android.providers.downloads/cache/metadata-317.htm
07-05 12:11:46.181   545 15199 I DownloadManager: in removeSpuriousFiles, preserving file /data/data/com.android.providers.downloads/cache/metadata-368.htm
07-05 12:11:46.181   545 15199 I DownloadManager: in removeSpuriousFiles, preserving file /data/data/com.android.providers.downloads/cache/metadata-260.htm
07-05 12:11:46.181   545 15199 I DownloadManager: in removeSpuriousFiles, preserving file /data/data/com.android.providers.downloads/cache/metadata-896.htm
07-05 12:11:46.181   545 15199 I DownloadManager: in removeSpuriousFiles, preserving file /data/data/com.android.providers.downloads/cache/metadata-2021.htm
07-05 12:11:46.181   545 15199 I DownloadManager: in removeSpuriousFiles, preserving file /data/data/com.android.providers.downloads/cache/metadata-1247.htm
07-05 12:11:46.181   545 15199 I DownloadManager: in removeSpuriousFiles, preserving file /data/data/com.android.providers.downloads/cache/metadata-73.htm
07-05 12:11:46.181   545 15199 I DownloadManager: in removeSpuriousFiles, preserving file /data/data/com.android.providers.downloads/cache/metadata-17.htm
07-05 12:11:46.181   545 15199 I DownloadManager: in removeSpuriousFiles, preserving file /data/data/com.android.providers.downloads/cache/metadata-44.htm
07-05 12:11:46.181   545 15199 I DownloadManager: in removeSpuriousFiles, preserving file /data/data/com.android.providers.downloads/cache/metadata-312.htm
07-05 12:11:46.181   545 15199 I DownloadManager: in removeSpuriousFiles, preserving file /data/data/com.android.providers.downloads/cache/metadata-48.htm
07-05 12:11:46.181   545 15199 I DownloadManager: in removeSpuriousFiles, preserving file /data/data/com.android.providers.downloads/cache/metadata-96.htm
07-05 12:11:46.181   545 15199 I DownloadManager: in removeSpuriousFiles, preserving file /data/data/com.android.providers.downloads/cache/metadata-291.htm
07-05 12:11:46.181   545 15199 I DownloadManager: in removeSpuriousFiles, preserving file /data/data/com.android.providers.downloads/cache/metadata-159.htm
07-05 12:11:46.185   545 15199 I DownloadManager: in removeSpuriousFiles, preserving file /data/data/com.android.providers.downloads/cache/metadata-362.htm
07-05 12:11:46.185   545 15199 I DownloadManager: in removeSpuriousFiles, preserving file /data/data/com.android.providers.downloads/cache/metadata-141.htm
07-05 12:11:46.185   545 15199 I DownloadManager: in removeSpuriousFiles, preserving file /data/data/com.android.providers.downloads/cache/metadata-215.htm
07-05 12:11:46.185   545 15199 I DownloadManager: in removeSpuriousFiles, preserving file /data/data/com.android.providers.downloads/cache/metadata-90.htm
07-05 12:11:46.185   545 15199 I DownloadManager: in removeSpuriousFiles, preserving file /data/data/com.android.providers.downloads/cache/metadata-149.htm
07-05 12:11:46.185   545 15199 I DownloadManager: in removeSpuriousFiles, preserving file /data/data/com.android.providers.downloads/cache/metadata-267.htm
07-05 12:11:46.185   545 15199 I DownloadManager: in removeSpuriousFiles, preserving file /data/data/com.android.providers.downloads/cache/metadata-193.htm
07-05 12:11:46.185   545 15199 I DownloadManager: in removeSpuriousFiles, preserving file /data/data/com.android.providers.downloads/cache/metadata-351.htm
07-05 12:11:46.185   545 15199 I DownloadManager: in removeSpuriousFiles, preserving file /data/data/com.android.providers.downloads/cache/metadata-255.htm
07-05 12:11:46.185   545 15199 I DownloadManager: in removeSpuriousFiles, preserving file /data/data/com.android.providers.downloads/cache/metadata-107.htm
07-05 12:11:46.185   545 15199 I DownloadManager: in removeSpuriousFiles, preserving file /data/data/com.android.providers.downloads/cache/metadata-180.htm
07-05 12:11:46.185   545 15199 I DownloadManager: in removeSpuriousFiles, preserving file /data/data/com.android.providers.downloads/cache/metadata-154.htm
07-05 12:11:46.185   545 15199 I DownloadManager: in removeSpuriousFiles, preserving file /data/data/com.android.providers.downloads/cache/metadata-134.htm
07-05 12:11:46.185   545 15199 I DownloadManager: in removeSpuriousFiles, preserving file /data/data/com.android.providers.downloads/cache/metadata-280.htm
07-05 12:11:46.185   545 15199 I DownloadManager: in removeSpuriousFiles, preserving file /data/data/com.android.providers.downloads/cache/metadata-194.htm
07-05 12:11:46.185   545 15199 I DownloadManager: in removeSpuriousFiles, preserving file /data/data/com.android.providers.downloads/cache/metadata-170.htm
07-05 12:11:46.185   545 15199 I DownloadManager: in removeSpuriousFiles, preserving file /data/data/com.android.providers.downloads/cache/metadata-353.htm
07-05 12:11:46.185   545 15199 I DownloadManager: in removeSpuriousFiles, preserving file /data/data/com.android.providers.downloads/cache/metadata-459.htm
07-05 12:11:46.185   545 15199 I DownloadManager: in removeSpuriousFiles, preserving file /data/data/com.android.providers.downloads/cache/metadata-140.htm
07-05 12:11:46.185   545 15199 I DownloadManager: in removeSpuriousFiles, preserving file /data/data/com.android.providers.downloads/cache/metadata-303.htm
07-05 12:11:46.185   545 15199 I DownloadManager: in removeSpuriousFiles, preserving file /data/data/com.android.providers.downloads/cache/metadata-327.htm
07-05 12:11:46.185   545 15199 I DownloadManager: in removeSpuriousFiles, preserving file /data/data/com.android.providers.downloads/cache/metadata-243.htm
07-05 12:11:46.185   545 15199 I DownloadManager: in removeSpuriousFiles, preserving file /data/data/com.android.providers.downloads/cache/metadata-212.htm
07-05 12:11:46.185   545 15199 I DownloadManager: in removeSpuriousFiles, preserving file /data/data/com.android.providers.downloads/cache/metadata-190.htm
07-05 12:11:46.185   545 15199 I DownloadManager: in removeSpuriousFiles, preserving file /data/data/com.android.providers.downloads/cache/metadata-414.htm
07-05 12:11:46.189   545 15199 I DownloadManager: in removeSpuriousFiles, preserving file /data/data/com.android.providers.downloads/cache/metadata-274.htm
07-05 12:11:46.189   545 15199 I DownloadManager: in removeSpuriousFiles, preserving file /data/data/com.android.providers.downloads/cache/metadata-132.htm
07-05 12:11:46.189   545 15199 I DownloadManager: in removeSpuriousFiles, preserving file /data/data/com.android.providers.downloads/cache/metadata-229.htm
07-05 12:11:46.189   545 15199 I DownloadManager: in removeSpuriousFiles, preserving file /data/data/com.android.providers.downloads/cache/metadata-83.htm
07-05 12:11:46.189   545 15199 I DownloadManager: in removeSpuriousFiles, preserving file /data/data/com.android.providers.downloads/cache/metadata-450.htm
07-05 12:11:46.189   545 15199 I DownloadManager: in removeSpuriousFiles, preserving file /data/data/com.android.providers.downloads/cache/metadata-241.htm
07-05 12:11:46.189   545 15199 I DownloadManager: in removeSpuriousFiles, preserving file /data/data/com.android.providers.downloads/cache/metadata-336.htm
07-05 12:11:46.189   545 15199 I DownloadManager: in removeSpuriousFiles, preserving file /data/data/com.android.providers.downloads/cache/metadata-198.htm
07-05 12:11:46.189   545 15199 I DownloadManager: in removeSpuriousFiles, preserving file /data/data/com.android.providers.downloads/cache/metadata-262.htm
07-05 12:11:46.189   545 15199 I DownloadManager: in removeSpuriousFiles, preserving file /data/data/com.android.providers.downloads/cache/metadata-320.htm
07-05 12:11:46.189   545 15199 I DownloadManager: in removeSpuriousFiles, preserving file /data/data/com.android.providers.downloads/cache/metadata-128.htm
07-05 12:11:46.189   545 15199 I DownloadManager: in removeSpuriousFiles, preserving file /data/data/com.android.providers.downloads/cache/metadata-239.htm
07-05 12:11:46.189   545 15199 I DownloadManager: in removeSpuriousFiles, preserving file /data/data/com.android.providers.downloads/cache/metadata-358.htm
07-05 12:11:46.189   545 15199 I DownloadManager: in removeSpuriousFiles, preserving file /data/data/com.android.providers.downloads/cache/metadata-648.htm
07-05 12:11:46.189   545 15199 I DownloadManager: in removeSpuriousFiles, preserving file /data/data/com.android.providers.downloads/cache/metadata-314.htm
07-05 12:11:46.189   545 15199 I DownloadManager: in removeSpuriousFiles, preserving file /data/data/com.android.providers.downloads/cache/metadata-105.htm
07-05 12:11:46.189   545 15199 I DownloadManager: in removeSpuriousFiles, preserving file /data/data/com.android.providers.downloads/cache/metadata-1782.htm
07-05 12:11:46.189   545 15199 I DownloadManager: in removeSpuriousFiles, preserving file /data/data/com.android.providers.downloads/cache/metadata-2081.htm
07-05 12:11:46.189   545 15199 I DownloadManager: in removeSpuriousFiles, preserving file /data/data/com.android.providers.downloads/cache/metadata-457.htm
07-05 12:11:46.189   545 15199 I DownloadManager: in removeSpuriousFiles, preserving file /data/data/com.android.providers.downloads/cache/metadata-138.htm
07-05 12:11:46.189   545 15199 I DownloadManager: in removeSpuriousFiles, preserving file /data/data/com.android.providers.downloads/cache/metadata-460.htm
07-05 12:11:46.189   545 15199 I DownloadManager: in removeSpuriousFiles, preserving file /data/data/com.android.providers.downloads/cache/metadata-136.htm
07-05 12:11:46.189   545 15199 I DownloadManager: in removeSpuriousFiles, preserving file /data/data/com.android.providers.downloads/cache/metadata-297.htm
07-05 12:11:46.193   545 15199 I DownloadManager: in removeSpuriousFiles, preserving file /data/data/com.android.providers.downloads/cache/metadata-417.htm
07-05 12:11:46.193   545 15199 I DownloadManager: in removeSpuriousFiles, preserving file /data/data/com.android.providers.downloads/cache/metadata-156.htm
07-05 12:11:46.193   545 15199 I DownloadManager: in removeSpuriousFiles, preserving file /data/data/com.android.providers.downloads/cache/metadata-211.htm
07-05 12:11:46.193   545 15199 I DownloadManager: in removeSpuriousFiles, preserving file /data/data/com.android.providers.downloads/cache/metadata-348.htm
07-05 12:11:46.193   545 15199 I DownloadManager: in removeSpuriousFiles, preserving file /data/data/com.android.providers.downloads/cache/metadata-420.htm
07-05 12:11:46.193   545 15199 I DownloadManager: in removeSpuriousFiles, preserving file /data/data/com.android.providers.downloads/cache/metadata-117.htm
07-05 12:11:46.193   545 15199 I DownloadManager: in removeSpuriousFiles, preserving file /data/data/com.android.providers.downloads/cache/metadata-261.htm
07-05 12:11:46.193   545 15199 I DownloadManager: in removeSpuriousFiles, preserving file /data/data/com.android.providers.downloads/cache/metadata-1288.htm
07-05 12:11:46.193   545 15199 I DownloadManager: in removeSpuriousFiles, preserving file /data/data/com.android.providers.downloads/cache/metadata-412.htm
07-05 12:11:46.193   545 15199 I DownloadManager: in removeSpuriousFiles, preserving file /data/data/com.android.providers.downloads/cache/metadata-1864.htm
07-05 12:11:46.193   545 15199 I DownloadManager: in removeSpuriousFiles, preserving file /data/data/com.android.providers.downloads/cache/metadata-418.htm
07-05 12:11:46.193   545 15199 I DownloadManager: in removeSpuriousFiles, preserving file /data/data/com.android.providers.downloads/cache/metadata-100.htm
07-05 12:11:46.193   545 15199 I DownloadManager: in removeSpuriousFiles, preserving file /data/data/com.android.providers.downloads/cache/metadata-276.htm
07-05 12:11:46.193   545 15199 I DownloadManager: in removeSpuriousFiles, preserving file /data/data/com.android.providers.downloads/cache/metadata-422.htm
07-05 12:11:46.193   545 15199 I DownloadManager: in removeSpuriousFiles, preserving file /data/data/com.android.providers.downloads/cache/metadata-236.htm
07-05 12:11:46.193   545 15199 I DownloadManager: in removeSpuriousFiles, preserving file /data/data/com.android.providers.downloads/cache/metadata-282.htm
07-05 12:11:46.193   545 15199 I DownloadManager: in removeSpuriousFiles, preserving file /data/data/com.android.providers.downloads/cache/metadata-388.htm
07-05 12:11:46.193   545 15199 I DownloadManager: in removeSpuriousFiles, preserving file /data/data/com.android.providers.downloads/cache/metadata-213.htm
07-05 12:11:46.193   545 15199 I DownloadManager: in removeSpuriousFiles, preserving file /data/data/com.android.providers.downloads/cache/metadata-921.htm
07-05 12:11:46.193   545 15199 I DownloadManager: in removeSpuriousFiles, preserving file /data/data/com.android.providers.downloads/cache/metadata-354.htm
07-05 12:11:46.193   545 15199 I DownloadManager: in removeSpuriousFiles, preserving file /data/data/com.android.providers.downloads/cache/metadata-486.htm
07-05 12:11:46.193   545 15199 I DownloadManager: in removeSpuriousFiles, preserving file /data/data/com.android.providers.downloads/cache/metadata-436.htm
07-05 12:11:46.197   545 15199 I DownloadManager: in removeSpuriousFiles, preserving file /data/data/com.android.providers.downloads/cache/metadata-369.htm
07-05 12:11:46.197   545 15199 I DownloadManager: in removeSpuriousFiles, preserving file /data/data/com.android.providers.downloads/cache/metadata-225.htm
07-05 12:11:46.197   545 15199 I DownloadManager: in removeSpuriousFiles, preserving file /data/data/com.android.providers.downloads/cache/metadata-349.htm
07-05 12:11:46.201   545 15199 I DownloadManager: in removeSpuriousFiles, preserving file /data/data/com.android.providers.downloads/cache/metadata-278.htm
07-05 12:11:46.201   545 15199 I DownloadManager: in removeSpuriousFiles, preserving file /data/data/com.android.providers.downloads/cache/metadata-1293.htm
07-05 12:11:46.201   545 15199 I DownloadManager: in removeSpuriousFiles, preserving file /data/data/com.android.providers.downloads/cache/metadata-1172.htm
07-05 12:11:46.201   545 15199 I DownloadManager: in removeSpuriousFiles, preserving file /data/data/com.android.providers.downloads/cache/metadata-427.htm
07-05 12:11:46.201   545 15199 I DownloadManager: in removeSpuriousFiles, preserving file /data/data/com.android.providers.downloads/cache/metadata-1536.htm
07-05 12:11:46.201   545 15199 I DownloadManager: in removeSpuriousFiles, preserving file /data/data/com.android.providers.downloads/cache/metadata-266.htm
07-05 12:11:46.201   545 15199 I DownloadManager: in removeSpuriousFiles, preserving file /data/data/com.android.providers.downloads/cache/metadata-113.htm
07-05 12:11:46.201   545 15199 I DownloadManager: in removeSpuriousFiles, preserving file /data/data/com.android.providers.downloads/cache/metadata-1688.htm
07-05 12:11:46.201   545 15199 I DownloadManager: in removeSpuriousFiles, preserving file /data/data/com.android.providers.downloads/cache/metadata-2314.htm
07-05 12:11:46.201   545 15199 I DownloadManager: in removeSpuriousFiles, preserving file /data/data/com.android.providers.downloads/cache/metadata-94.htm
07-05 12:11:46.201   545 15199 I DownloadManager: in removeSpuriousFiles, preserving file /data/data/com.android.providers.downloads/cache/metadata-1111.htm
07-05 12:11:46.201   545 15199 I DownloadManager: in removeSpuriousFiles, preserving file /data/data/com.android.providers.downloads/cache/metadata-1872.htm
07-05 12:11:46.201   545 15199 I DownloadManager: in removeSpuriousFiles, preserving file /data/data/com.android.providers.downloads/cache/metadata-439.htm
07-05 12:11:46.201   545 15199 I DownloadManager: in removeSpuriousFiles, preserving file /data/data/com.android.providers.downloads/cache/metadata-836.htm
07-05 12:11:46.201   545 15199 I DownloadManager: in removeSpuriousFiles, preserving file /data/data/com.android.providers.downloads/cache/metadata-184.htm
07-05 12:11:46.201   545 15199 I DownloadManager: in removeSpuriousFiles, preserving file /data/data/com.android.providers.downloads/cache/metadata-639.htm
07-05 12:11:46.201   545 15199 I DownloadManager: in removeSpuriousFiles, preserving file /data/data/com.android.providers.downloads/cache/metadata-2175.htm
07-05 12:11:46.201   545 15199 I DownloadManager: in removeSpuriousFiles, preserving file /data/data/com.android.providers.downloads/cache/metadata-2206.htm
07-05 12:11:46.201   545 15199 I DownloadManager: in removeSpuriousFiles, preserving file /data/data/com.android.providers.downloads/cache/metadata-385.htm
07-05 12:11:46.201   545 15199 I DownloadManager: in removeSpuriousFiles, preserving file /data/data/com.android.providers.downloads/cache/metadata-480.htm
07-05 12:11:46.201   545 15199 I DownloadManager: in removeSpuriousFiles, preserving file /data/data/com.android.providers.downloads/cache/metadata-379.htm
07-05 12:11:46.201   545 15199 I DownloadManager: in removeSpuriousFiles, preserving file /data/data/com.android.providers.downloads/cache/metadata-428.htm
07-05 12:11:46.201   545 15199 I DownloadManager: in removeSpuriousFiles, preserving file /data/data/com.android.providers.downloads/cache/metadata-1616.htm
07-05 12:11:46.201   545 15199 I DownloadManager: in removeSpuriousFiles, preserving file /data/data/com.android.providers.downloads/cache/metadata-1059.htm
07-05 12:11:46.201   545 15199 I DownloadManager: in removeSpuriousFiles, preserving file /data/data/com.android.providers.downloads/cache/metadata-2090.htm
07-05 12:11:46.201   545 15199 I DownloadManager: in removeSpuriousFiles, preserving file /data/data/com.android.providers.downloads/cache/metadata-1153.htm
07-05 12:11:46.201   545 15199 I DownloadManager: in removeSpuriousFiles, preserving file /data/data/com.android.providers.downloads/cache/metadata-2435.htm
07-05 12:11:46.201   545 15199 I DownloadManager: in removeSpuriousFiles, preserving file /data/data/com.android.providers.downloads/cache/metadata-1299.htm
07-05 12:11:46.201   545 15199 I DownloadManager: in removeSpuriousFiles, preserving file /data/data/com.android.providers.downloads/cache/metadata-277.htm
07-05 12:11:46.201   545 15199 I DownloadManager: in removeSpuriousFiles, preserving file /data/data/com.android.providers.downloads/cache/metadata-1232.htm
07-05 12:11:46.201   545 15199 I DownloadManager: in removeSpuriousFiles, preserving file /data/data/com.android.providers.downloads/cache/metadata-552.htm
07-05 12:11:46.201   545 15199 I DownloadManager: in removeSpuriousFiles, preserving file /data/data/com.android.providers.downloads/cache/metadata-975.htm
07-05 12:11:46.201   545 15199 I DownloadManager: in removeSpuriousFiles, preserving file /data/data/com.android.providers.downloads/cache/metadata-852.htm
07-05 12:11:46.201   545 15199 I DownloadManager: in removeSpuriousFiles, preserving file /data/data/com.android.providers.downloads/cache/metadata-2164.htm
07-05 12:11:46.201   545 15199 I DownloadManager: in removeSpuriousFiles, preserving file /data/data/com.android.providers.downloads/cache/metadata-500.htm
07-05 12:11:46.201   545 15199 I DownloadManager: in removeSpuriousFiles, preserving file /data/data/com.android.providers.downloads/cache/metadata-404.htm
07-05 12:11:46.205   545 15199 I DownloadManager: in removeSpuriousFiles, preserving file /data/data/com.android.providers.downloads/cache/metadata-1633.htm
07-05 12:11:46.205   545 15199 I DownloadManager: in removeSpuriousFiles, preserving file /data/data/com.android.providers.downloads/cache/metadata-424.htm
07-05 12:11:46.205   545 15199 I DownloadManager: in removeSpuriousFiles, preserving file /data/data/com.android.providers.downloads/cache/metadata-81.htm
07-05 12:11:46.205   545 15199 I DownloadManager: in removeSpuriousFiles, preserving file /data/data/com.android.providers.downloads/cache/metadata-955.htm
07-05 12:11:46.205   545 15199 I DownloadManager: in removeSpuriousFiles, preserving file /data/data/com.android.providers.downloads/cache/metadata-1589.htm
07-05 12:11:46.205   545 15199 I DownloadManager: in removeSpuriousFiles, preserving file /data/data/com.android.providers.downloads/cache/metadata-2051.htm
07-05 12:11:46.205   545 15199 I DownloadManager: in removeSpuriousFiles, preserving file /data/data/com.android.providers.downloads/cache/metadata-386.htm
07-05 12:11:46.205   545 15199 I DownloadManager: in removeSpuriousFiles, preserving file /data/data/com.android.providers.downloads/cache/metadata-1713.htm
07-05 12:11:46.209   545 15199 I DownloadManager: deleting spurious file /cache/dalvik-cache
07-05 12:11:46.209   545 15199 I DownloadManager: deleting spurious file /data/data/com.android.providers.downloads/cache/metadata-131.htm
07-05 12:11:46.209   545 15199 I DownloadManager: deleting spurious file /data/data/com.android.providers.downloads/cache/metadata-52.htm
07-05 12:11:46.209   545 15199 I DownloadManager: deleting spurious file /data/data/com.android.providers.downloads/cache/metadata-30.htm
07-05 12:11:46.209   545 15199 I DownloadManager: deleting spurious file /data/data/com.android.providers.downloads/cache/metadata-61.htm
07-05 12:11:46.209   545 15199 I DownloadManager: deleting spurious file /data/data/com.android.providers.downloads/cache/metadata-50.htm
07-05 12:11:46.209   545 15199 I DownloadManager: deleting spurious file /data/data/com.android.providers.downloads/cache/metadata-45.htm
07-05 12:11:46.209   545 15199 I DownloadManager: deleting spurious file /data/data/com.android.providers.downloads/cache/metadata-63.htm
07-05 12:11:46.209   545 15199 I DownloadManager: deleting spurious file /data/data/com.android.providers.downloads/cache/metadata-296.htm
07-05 12:11:46.209   545 15199 I DownloadManager: deleting spurious file /data/data/com.android.providers.downloads/cache/metadata-93.htm
07-05 12:11:46.209   545 15199 I DownloadManager: deleting spurious file /data/data/com.android.providers.downloads/cache/metadata-65.htm
07-05 12:11:46.209   545 15199 I DownloadManager: deleting spurious file /data/data/com.android.providers.downloads/cache/metadata-268.htm
07-05 12:11:46.209   545 15199 I DownloadManager: deleting spurious file /data/data/com.android.providers.downloads/cache/metadata-264.htm
07-05 12:11:46.213   545 15199 I DownloadManager: deleting spurious file /data/data/com.android.providers.downloads/cache/metadata-283.htm
07-05 12:11:46.213   545 15199 I DownloadManager: deleting spurious file /data/data/com.android.providers.downloads/cache/metadata-167.htm
07-05 12:11:46.213   545 15199 I DownloadManager: deleting spurious file /data/data/com.android.providers.downloads/cache/metadata-208.htm
07-05 12:11:46.213   545 15199 I DownloadManager: deleting spurious file /data/data/com.android.providers.downloads/cache/metadata-155.htm
07-05 12:11:46.213   545 15199 I DownloadManager: deleting spurious file /data/data/com.android.providers.downloads/cache/metadata-178.htm
07-05 12:11:46.213   545 15199 I DownloadManager: deleting spurious file /data/data/com.android.providers.downloads/cache/metadata-66.htm
07-05 12:11:46.213   545 15199 I DownloadManager: deleting spurious file /data/data/com.android.providers.downloads/cache/metadata-137.htm
07-05 12:11:46.213   545 15199 I DownloadManager: deleting spurious file /data/data/com.android.providers.downloads/cache/metadata-627.htm
07-05 12:11:46.213   545 15199 I DownloadManager: deleting spurious file /data/data/com.android.providers.downloads/cache/metadata-226.htm
07-05 12:11:46.213   545 15199 I DownloadManager: deleting spurious file /data/data/com.android.providers.downloads/cache/metadata-84.htm
07-05 12:11:46.213   545 15199 I DownloadManager: deleting spurious file /data/data/com.android.providers.downloads/cache/metadata-165.htm
07-05 12:11:46.213   545 15199 I DownloadManager: deleting spurious file /data/data/com.android.providers.downloads/cache/metadata-285.htm
07-05 12:11:46.213   545 15199 I DownloadManager: deleting spurious file /data/data/com.android.providers.downloads/cache/metadata-189.htm
07-05 12:11:46.213   545 15199 I DownloadManager: deleting spurious file /data/data/com.android.providers.downloads/cache/metadata-246.htm
07-05 12:11:46.213   545 15199 I DownloadManager: deleting spurious file /data/data/com.android.providers.downloads/cache/metadata-341.htm
07-05 12:11:46.213   545 15199 I DownloadManager: deleting spurious file /data/data/com.android.providers.downloads/cache/metadata-322.htm
07-05 12:11:46.213   545 15199 I DownloadManager: deleting spurious file /data/data/com.android.providers.downloads/cache/metadata-133.htm
07-05 12:11:46.217   545 15199 I DownloadManager: deleting spurious file /data/data/com.android.providers.downloads/cache/metadata-130.htm
07-05 12:11:46.220   545 15199 I DownloadManager: deleting spurious file /data/data/com.android.providers.downloads/cache/metadata-682.htm
07-05 12:11:46.220   545 15199 I DownloadManager: deleting spurious file /data/data/com.android.providers.downloads/cache/metadata-152.htm
07-05 12:11:46.220   545 15199 I DownloadManager: deleting spurious file /data/data/com.android.providers.downloads/cache/metadata-200.htm
07-05 12:11:46.220   545 15199 I DownloadManager: deleting spurious file /data/data/com.android.providers.downloads/cache/metadata-162.htm
07-05 12:11:46.220   545 15199 I DownloadManager: deleting spurious file /data/data/com.android.providers.downloads/cache/metadata-110.htm
07-05 12:11:46.220   545 15199 I DownloadManager: deleting spurious file /data/data/com.android.providers.downloads/cache/metadata-223.htm
07-05 12:11:46.220   545 15199 I DownloadManager: deleting spurious file /data/data/com.android.providers.downloads/cache/metadata-301.htm
07-05 12:11:46.220   545 15199 I DownloadManager: deleting spurious file /data/data/com.android.providers.downloads/cache/metadata-335.htm
07-05 12:11:46.220   545 15199 I DownloadManager: deleting spurious file /data/data/com.android.providers.downloads/cache/metadata-199.htm
07-05 12:11:46.220   545 15199 I DownloadManager: deleting spurious file /data/data/com.android.providers.downloads/cache/metadata-294.htm
07-05 12:11:46.220   545 15199 I DownloadManager: deleting spurious file /data/data/com.android.providers.downloads/cache/metadata-338.htm
07-05 12:11:46.220   545 15199 I DownloadManager: deleting spurious file /data/data/com.android.providers.downloads/cache/metadata-365.htm
07-05 12:11:46.220   545 15199 I DownloadManager: deleting spurious file /data/data/com.android.providers.downloads/cache/metadata-468.htm
07-05 12:11:46.220   545 15199 I DownloadManager: deleting spurious file /data/data/com.android.providers.downloads/cache/metadata-214.htm
07-05 12:11:46.220   545 15199 I DownloadManager: deleting spurious file /data/data/com.android.providers.downloads/cache/metadata-103.htm
07-05 12:11:46.220   545 15199 I DownloadManager: deleting spurious file /data/data/com.android.providers.downloads/cache/metadata-380.htm
07-05 12:11:46.220   545 15199 I DownloadManager: deleting spurious file /data/data/com.android.providers.downloads/cache/metadata-308.htm
07-05 12:11:46.220   545 15199 I DownloadManager: deleting spurious file /data/data/com.android.providers.downloads/cache/metadata-175.htm
07-05 12:11:46.220   545 15199 I DownloadManager: deleting spurious file /data/data/com.android.providers.downloads/cache/metadata-1146.htm
07-05 12:11:46.220   545 15199 I DownloadManager: deleting spurious file /data/data/com.android.providers.downloads/cache/metadata-74.htm
07-05 12:11:46.220   545 15199 I DownloadManager: deleting spurious file /data/data/com.android.providers.downloads/cache/metadata-366.htm
07-05 12:11:46.220   545 15199 I DownloadManager: deleting spurious file /data/data/com.android.providers.downloads/cache/metadata-350.htm
07-05 12:11:46.220   545 15199 I DownloadManager: deleting spurious file /data/data/com.android.providers.downloads/cache/metadata-210.htm
07-05 12:11:46.220   545 15199 I DownloadManager: deleting spurious file /data/data/com.android.providers.downloads/cache/metadata-364.htm
07-05 12:11:46.220   545 15199 I DownloadManager: deleting spurious file /data/data/com.android.providers.downloads/cache/metadata-347.htm
07-05 12:11:46.220   545 15199 I DownloadManager: deleting spurious file /data/data/com.android.providers.downloads/cache/metadata-220.htm
07-05 12:11:46.220   545 15199 I DownloadManager: deleting spurious file /data/data/com.android.providers.downloads/cache/metadata-1422.htm
07-05 12:11:46.224   545 15199 I DownloadManager: deleting spurious file /data/data/com.android.providers.downloads/cache/metadata-279.htm
07-05 12:11:46.224   545 15199 I DownloadManager: deleting spurious file /data/data/com.android.providers.downloads/cache/metadata-435.htm
07-05 12:11:46.224   545 15199 I DownloadManager: deleting spurious file /data/data/com.android.providers.downloads/cache/metadata-415.htm
07-05 12:11:46.224   545 15199 I DownloadManager: deleting spurious file /data/data/com.android.providers.downloads/cache/metadata-448.htm
07-05 12:11:46.224   545 15199 I DownloadManager: deleting spurious file /data/data/com.android.providers.downloads/cache/metadata-304.htm
07-05 12:11:46.224   545 15199 I DownloadManager: deleting spurious file /data/data/com.android.providers.downloads/cache/metadata-343.htm
07-05 12:11:46.224   545 15199 I DownloadManager: deleting spurious file /data/data/com.android.providers.downloads/cache/metadata-1440.htm
07-05 12:11:46.228   545 15199 I DownloadManager: deleting spurious file /data/data/com.android.providers.downloads/cache/metadata-248.htm
07-05 12:11:46.228   545 15199 I DownloadManager: deleting spurious file /data/data/com.android.providers.downloads/cache/metadata-328.htm
07-05 12:11:46.228   545 15199 I DownloadManager: deleting spurious file /data/data/com.android.providers.downloads/cache/metadata-324.htm
07-05 12:11:46.228   545 15199 I DownloadManager: deleting spurious file /data/data/com.android.providers.downloads/cache/metadata-471.htm
07-05 12:11:46.228   545 15199 I DownloadManager: deleting spurious file /data/data/com.android.providers.downloads/cache/metadata-342.htm
07-05 12:11:46.228   545 15199 I DownloadManager: deleting spurious file /data/data/com.android.providers.downloads/cache/metadata-346.htm
07-05 12:11:46.228   545 15199 I DownloadManager: deleting spurious file /data/data/com.android.providers.downloads/cache/metadata-1088.htm
07-05 12:11:46.228   545 15199 I DownloadManager: deleting spurious file /data/data/com.android.providers.downloads/cache/metadata-390.htm
07-05 12:11:46.228   545 15199 I DownloadManager: deleting spurious file /data/data/com.android.providers.downloads/cache/metadata-88.htm
07-05 12:11:46.228   545 15199 I DownloadManager: deleting spurious file /data/data/com.android.providers.downloads/cache/metadata-925.htm
07-05 12:11:46.228   545 15199 I DownloadManager: deleting spurious file /data/data/com.android.providers.downloads/cache/metadata-2579.htm
07-05 12:11:46.228   545 15199 I DownloadManager: deleting spurious file /data/data/com.android.providers.downloads/cache/metadata-315.htm
07-05 12:11:46.228   545 15199 I DownloadManager: deleting spurious file /data/data/com.android.providers.downloads/cache/metadata-758.htm
07-05 12:11:46.228   545 15199 I DownloadManager: deleting spurious file /data/data/com.android.providers.downloads/cache/metadata-244.htm
07-05 12:11:46.228   545 15199 I DownloadManager: deleting spurious file /data/data/com.android.providers.downloads/cache/metadata-329.htm
07-05 12:11:46.228   545 15199 I DownloadManager: deleting spurious file /data/data/com.android.providers.downloads/cache/metadata-171.htm
07-05 12:11:46.232   545 15199 I DownloadManager: deleting spurious file /data/data/com.android.providers.downloads/cache/metadata-253.htm
07-05 12:11:46.232   545 15199 I DownloadManager: deleting spurious file /data/data/com.android.providers.downloads/cache/metadata-467.htm
07-05 12:11:46.232   545 15199 I DownloadManager: deleting spurious file /data/data/com.android.providers.downloads/cache/metadata-275.htm
07-05 12:11:46.232   545 15199 I DownloadManager: deleting spurious file /data/data/com.android.providers.downloads/cache/metadata-293.htm
07-05 12:11:46.232   545 15199 I DownloadManager: deleting spurious file /data/data/com.android.providers.downloads/cache/metadata-251.htm
07-05 12:11:46.232   545 15199 I DownloadManager: deleting spurious file /data/data/com.android.providers.downloads/cache/metadata-177.htm
07-05 12:11:46.232   545 15199 I DownloadManager: deleting spurious file /data/data/com.android.providers.downloads/cache/metadata-938.htm
07-05 12:11:46.232   545 15199 I DownloadManager: deleting spurious file /data/data/com.android.providers.downloads/cache/metadata-375.htm
07-05 12:11:46.232   545 15199 I DownloadManager: deleting spurious file /data/data/com.android.providers.downloads/cache/metadata-367.htm
07-05 12:11:46.232   545 15199 I DownloadManager: deleting spurious file /data/data/com.android.providers.downloads/cache/metadata-357.htm
07-05 12:11:46.232   545 15199 I DownloadManager: deleting spurious file /data/data/com.android.providers.downloads/cache/metadata-313.htm
07-05 12:11:46.232   545 15199 I DownloadManager: deleting spurious file /data/data/com.android.providers.downloads/cache/metadata-344.htm
07-05 12:11:46.232   545 15199 I DownloadManager: deleting spurious file /data/data/com.android.providers.downloads/cache/metadata-438.htm
07-05 12:11:46.232   545 15199 I DownloadManager: deleting spurious file /data/data/com.android.providers.downloads/cache/metadata-506.htm
07-05 12:11:46.232   545 15199 I DownloadManager: deleting spurious file /data/data/com.android.providers.downloads/cache/metadata-1541.htm
07-05 12:11:46.232   545 15199 I DownloadManager: deleting spurious file /data/data/com.android.providers.downloads/cache/metadata-1702.htm
07-05 12:11:46.232   545 15199 I DownloadManager: deleting spurious file /data/data/com.android.providers.downloads/cache/metadata-316.htm
07-05 12:11:46.236   545 15199 I DownloadManager: deleting spurious file /data/data/com.android.providers.downloads/cache/metadata-2099.htm
07-05 12:11:46.236   545 15199 I DownloadManager: deleting spurious file /data/data/com.android.providers.downloads/cache/metadata-396.htm
07-05 12:11:46.236   545 15199 I DownloadManager: deleting spurious file /data/data/com.android.providers.downloads/cache/metadata-1462.htm
07-05 12:11:46.236   545 15199 I DownloadManager: deleting spurious file /data/data/com.android.providers.downloads/cache/metadata-1432.htm
07-05 12:11:46.236   545 15199 I DownloadManager: deleting spurious file /data/data/com.android.providers.downloads/cache/metadata-1662.htm
07-05 12:11:46.236   545 15199 I DownloadManager: deleting spurious file /data/data/com.android.providers.downloads/cache/metadata-1531.htm
07-05 12:11:46.236   545 15199 I DownloadManager: deleting spurious file /data/data/com.android.providers.downloads/cache/metadata-1167.htm
07-05 12:11:46.236   545 15199 I DownloadManager: deleting spurious file /data/data/com.android.providers.downloads/cache/metadata-2070.htm
07-05 12:11:46.236   545 15199 I DownloadManager: deleting spurious file /data/data/com.android.providers.downloads/cache/metadata-425.htm
07-05 12:11:46.236   545 15199 I DownloadManager: deleting spurious file /data/data/com.android.providers.downloads/cache/metadata-1665.htm
07-05 12:11:46.236   545 15199 I DownloadManager: deleting spurious file /data/data/com.android.providers.downloads/cache/metadata-1201.htm
07-05 12:11:46.236   545 15199 I DownloadManager: deleting spurious file /data/data/com.android.providers.downloads/cache/metadata-398.htm
07-05 12:11:46.236   545 15199 I DownloadManager: deleting spurious file /data/data/com.android.providers.downloads/cache/metadata-2250.htm
07-05 12:11:46.236   545 15199 I DownloadManager: deleting spurious file /data/data/com.android.providers.downloads/cache/metadata-1223.htm
07-05 12:11:46.236   545 15199 I DownloadManager: deleting spurious file /data/data/com.android.providers.downloads/cache/metadata-1521.htm
07-05 12:11:46.236   545 15199 I DownloadManager: deleting spurious file /data/data/com.android.providers.downloads/cache/metadata-1056.htm
07-05 12:11:46.236   545 15199 I DownloadManager: deleting spurious file /data/data/com.android.providers.downloads/cache/metadata-400.htm
07-05 12:11:46.240   545 15199 I DownloadManager: deleting spurious file /data/data/com.android.providers.downloads/cache/metadata-2344.htm
07-05 12:11:46.240   545 15199 I DownloadManager: deleting spurious file /data/data/com.android.providers.downloads/cache/metadata-2222.htm
07-05 12:11:46.240   545 15199 I DownloadManager: deleting spurious file /data/data/com.android.providers.downloads/cache/metadata-1215.htm
07-05 12:11:46.240   545 15199 I DownloadManager: deleting spurious file /data/data/com.android.providers.downloads/cache/metadata-1740.htm
07-05 12:11:46.240   545 15199 I DownloadManager: deleting spurious file /data/data/com.android.providers.downloads/cache/metadata-1995.htm
07-05 12:11:46.377   545   548 D dalvikvm: GC_CONCURRENT freed 790K, 11% free 10494K/11719K, paused 2ms+3ms
07-05 12:11:46.619   545   548 D dalvikvm: GC_CONCURRENT freed 406K, 11% free 10490K/11719K, paused 2ms+2ms
07-05 12:11:46.654   545 15201 I DownloadManager: Initiating request for download 1762
07-05 12:11:46.775   545   548 D dalvikvm: GC_CONCURRENT freed 212K, 9% free 10736K/11719K, paused 2ms+3ms
07-05 12:11:46.908   545   548 D dalvikvm: GC_CONCURRENT freed 418K, 8% free 10801K/11719K, paused 1ms+3ms
07-05 12:11:47.119   545   548 D dalvikvm: GC_CONCURRENT freed 737K, 11% free 10540K/11719K, paused 1ms+2ms
07-05 12:11:47.322   545   548 D dalvikvm: GC_CONCURRENT freed 411K, 11% free 10526K/11719K, paused 2ms+3ms
07-05 12:11:49.345   156   156 D dalvikvm: GC_EXPLICIT freed 546K, 11% free 14191K/15879K, paused 2ms+6ms
07-05 12:11:49.396   545 15203 I DownloadManager: Initiating request for download 1763
07-05 12:11:49.478   545   548 D dalvikvm: GC_CONCURRENT freed 395K, 10% free 10584K/11719K, paused 2ms+4ms
07-05 12:11:49.619   545   548 D dalvikvm: GC_CONCURRENT freed 294K, 9% free 10771K/11719K, paused 2ms+3ms
07-05 12:11:49.803   545   548 D dalvikvm: GC_CONCURRENT freed 718K, 11% free 10525K/11719K, paused 2ms+3ms
07-05 12:11:50.033   545   548 D dalvikvm: GC_CONCURRENT freed 435K, 11% free 10494K/11719K, paused 2ms+2ms
07-05 12:11:50.162   545  7440 D dalvikvm: GC_EXPLICIT freed 105K, 11% free 10486K/11719K, paused 1ms+3ms
07-05 12:11:50.189  1370 15206 E DictionaryProvider:UpdateHandler: Can't read a file : android.util.MalformedJsonException: Use JsonReader.setLenient(true) to accept malformed JSON at line 1 column 20
07-05 12:11:50.404   545   548 D dalvikvm: GC_CONCURRENT freed 407K, 11% free 10483K/11719K, paused 2ms+3ms
07-05 12:11:50.498   545 15209 I DownloadManager: Initiating request for download 1763
07-05 12:11:50.592   545   548 D dalvikvm: GC_CONCURRENT freed 337K, 10% free 10635K/11719K, paused 2ms+4ms
07-05 12:11:50.681   545   548 D dalvikvm: GC_CONCURRENT freed 298K, 8% free 10808K/11719K, paused 2ms+3ms
07-05 12:11:52.049   545   548 D dalvikvm: GC_CONCURRENT freed 773K, 11% free 10511K/11719K, paused 2ms+2ms
07-05 12:11:52.295   545   548 D dalvikvm: GC_CONCURRENT freed 436K, 11% free 10478K/11719K, paused 1ms+2ms
07-05 12:11:52.533   545   548 D dalvikvm: GC_CONCURRENT freed 423K, 11% free 10458K/11719K, paused 2ms+3ms
07-05 12:11:53.412   545 15212 I DownloadManager: Initiating request for download 1764
07-05 12:11:53.529   545   548 D dalvikvm: GC_CONCURRENT freed 263K, 10% free 10637K/11719K, paused 2ms+3ms
07-05 12:11:53.631   545   548 D dalvikvm: GC_CONCURRENT freed 324K, 8% free 10799K/11719K, paused 4ms+2ms
07-05 12:11:53.873   545   548 D dalvikvm: GC_CONCURRENT freed 789K, 11% free 10497K/11719K, paused 1ms+2ms
07-05 12:11:54.103   545   548 D dalvikvm: GC_CONCURRENT freed 440K, 11% free 10466K/11719K, paused 1ms+3ms
07-05 12:11:54.201  1370 15214 E DictionaryProvider:UpdateHandler: Can't read a file : android.util.MalformedJsonException: Use JsonReader.setLenient(true) to accept malformed JSON at line 1 column 20
07-05 12:11:54.236  1370  1372 D dalvikvm: GC_CONCURRENT freed 403K, 7% free 9128K/9735K, paused 2ms+2ms
07-05 12:11:54.416   545   548 D dalvikvm: GC_CONCURRENT freed 424K, 11% free 10455K/11719K, paused 2ms+12ms
07-05 12:11:54.455   545 15217 I DownloadManager: Initiating request for download 1764
07-05 12:11:54.572   545   548 D dalvikvm: GC_CONCURRENT freed 247K, 10% free 10639K/11719K, paused 2ms+2ms
07-05 12:11:54.678   545   548 D dalvikvm: GC_CONCURRENT freed 292K, 8% free 10788K/11719K, paused 1ms+2ms
07-05 12:11:54.888   545   548 D dalvikvm: GC_CONCURRENT freed 797K, 11% free 10463K/11719K, paused 1ms+2ms
07-05 12:11:55.072   545   548 D dalvikvm: GC_CONCURRENT freed 410K, 11% free 10448K/11719K, paused 2ms+2ms
07-05 12:11:56.314   545 15219 I DownloadManager: Initiating request for download 1765
07-05 12:11:56.607   545   548 D dalvikvm: GC_CONCURRENT freed 347K, 10% free 10568K/11719K, paused 2ms+3ms
07-05 12:11:56.709   545   548 D dalvikvm: GC_CONCURRENT freed 297K, 9% free 10701K/11719K, paused 2ms+3ms
07-05 12:11:56.928   545   548 D dalvikvm: GC_CONCURRENT freed 694K, 11% free 10455K/11719K, paused 1ms+3ms
07-05 12:11:57.154   545   548 D dalvikvm: GC_CONCURRENT freed 442K, 12% free 10416K/11719K, paused 2ms+3ms
07-05 12:11:57.248  1370 15222 E DictionaryProvider:UpdateHandler: Can't read a file : android.util.MalformedJsonException: Use JsonReader.setLenient(true) to accept malformed JSON at line 1 column 20
07-05 12:11:57.353   465   467 D dalvikvm: GC_CONCURRENT freed 440K, 6% free 10514K/11079K, paused 2ms+3ms
07-05 12:11:57.447   545   548 D dalvikvm: GC_CONCURRENT freed 414K, 12% free 10404K/11719K, paused 2ms+2ms
07-05 12:11:57.572   545 15225 I DownloadManager: Initiating request for download 1765
07-05 12:11:57.674   545   548 D dalvikvm: GC_CONCURRENT freed 293K, 10% free 10548K/11719K, paused 2ms+3ms
07-05 12:11:57.767   545   548 D dalvikvm: GC_CONCURRENT freed 274K, 9% free 10695K/11719K, paused 2ms+3ms
07-05 12:11:57.912   545   548 D dalvikvm: GC_CONCURRENT freed 690K, 11% free 10438K/11719K, paused 1ms+2ms
07-05 12:11:58.099   545   548 D dalvikvm: GC_CONCURRENT freed 406K, 12% free 10427K/11719K, paused 2ms+3ms
07-05 12:11:58.279   545   548 D dalvikvm: GC_CONCURRENT freed 409K, 12% free 10413K/11719K, paused 2ms+2ms
07-05 12:11:59.428   545 15227 I DownloadManager: Initiating request for download 1766
07-05 12:11:59.584   545   548 D dalvikvm: GC_CONCURRENT freed 238K, 9% free 10669K/11719K, paused 2ms+3ms
07-05 12:11:59.685   545   548 D dalvikvm: GC_CONCURRENT freed 468K, 10% free 10640K/11719K, paused 2ms+3ms
07-05 12:11:59.978  1370 15230 E DictionaryProvider:UpdateHandler: Can't read a file : android.util.MalformedJsonException: Use JsonReader.setLenient(true) to accept malformed JSON at line 1 column 20
07-05 12:12:00.037   545   548 D dalvikvm: GC_CONCURRENT freed 700K, 12% free 10390K/11719K, paused 2ms+2ms
07-05 12:12:00.232   545   548 D dalvikvm: GC_CONCURRENT freed 434K, 12% free 10351K/11719K, paused 1ms+2ms
07-05 12:12:00.318   545 15233 I DownloadManager: Initiating request for download 1766
07-05 12:12:00.400   545   548 D dalvikvm: GC_CONCURRENT freed 267K, 11% free 10543K/11719K, paused 2ms+2ms
07-05 12:12:00.502   545   548 D dalvikvm: GC_CONCURRENT freed 299K, 9% free 10710K/11719K, paused 1ms+3ms
07-05 12:12:00.724   545   548 D dalvikvm: GC_CONCURRENT freed 787K, 12% free 10369K/11719K, paused 2ms+3ms
07-05 12:12:00.900   545   548 D dalvikvm: GC_CONCURRENT freed 415K, 12% free 10349K/11719K, paused 2ms+2ms
07-05 12:12:01.025   545 15236 I DownloadManager: Initiating request for download 1767
07-05 12:12:01.107   545   548 D dalvikvm: GC_CONCURRENT freed 291K, 11% free 10516K/11719K, paused 2ms+3ms
07-05 12:12:01.205   545   548 D dalvikvm: GC_CONCURRENT freed 304K, 9% free 10687K/11719K, paused 2ms+3ms
07-05 12:12:01.377   545   548 D dalvikvm: GC_CONCURRENT freed 754K, 12% free 10372K/11719K, paused 2ms+2ms
07-05 12:12:01.420  1370 15238 E DictionaryProvider:UpdateHandler: Can't read a file : android.util.MalformedJsonException: Use JsonReader.setLenient(true) to accept malformed JSON at line 1 column 20
07-05 12:12:01.607   545   548 D dalvikvm: GC_CONCURRENT freed 404K, 12% free 10363K/11719K, paused 2ms+3ms
07-05 12:12:01.740   545 15241 I DownloadManager: Initiating request for download 1767
07-05 12:12:01.779   545   548 D dalvikvm: GC_CONCURRENT freed 370K, 12% free 10387K/11719K, paused 2ms+4ms
07-05 12:12:01.885   545   548 D dalvikvm: GC_CONCURRENT freed 202K, 10% free 10621K/11719K, paused 2ms+2ms
07-05 12:12:02.006   545   548 D dalvikvm: GC_CONCURRENT freed 420K, 10% free 10621K/11719K, paused 2ms+3ms
07-05 12:12:02.224   545   548 D dalvikvm: GC_CONCURRENT freed 674K, 12% free 10363K/11719K, paused 2ms+3ms
07-05 12:12:02.392   993  1240 I PhoneLab-: Service Running
07-05 12:12:02.435   545   548 D dalvikvm: GC_CONCURRENT freed 406K, 12% free 10345K/11719K, paused 1ms+2ms
07-05 12:12:02.435   993  1240 I PhoneLab-LoggerService: app_49    1247  993   1956   1584  c00f181c 400107b4 S logcat
07-05 12:12:02.435   993  1240 I PhoneLab-LoggerService: Logcat pid from database 1247
07-05 12:12:02.435   993  1240 I PhoneLab-LoggerService: Logcat process found 1247
07-05 12:12:02.435   993  1240 I PhoneLab-LoggerService: Checking Threshold
07-05 12:12:02.435   993  1240 I PhoneLab-LoggerService: Starting to rename files
07-05 12:12:02.439   993  1240 I PhoneLab-LoggerService: Files found .. 13
07-05 12:12:02.439   993  1240 I PhoneLab-LoggerService: File 1 log.out.1
07-05 12:12:02.443   993  1240 I PhoneLab-LoggerService: Renamed successfully
07-05 12:12:02.533   545 15245 I DownloadManager: Initiating request for download 1768
07-05 12:12:02.635   545   548 D dalvikvm: GC_CONCURRENT freed 215K, 10% free 10555K/11719K, paused 2ms+2ms
07-05 12:12:02.732   545   548 D dalvikvm: GC_CONCURRENT freed 318K, 9% free 10709K/11719K, paused 2ms+3ms
07-05 12:12:02.935   545   548 D dalvikvm: GC_CONCURRENT freed 783K, 12% free 10376K/11719K, paused 2ms+2ms
07-05 12:12:02.939  1370 15247 E DictionaryProvider:UpdateHandler: Can't read a file : android.util.MalformedJsonException: Use JsonReader.setLenient(true) to accept malformed JSON at line 1 column 20
07-05 12:12:02.982  1370  1372 D dalvikvm: GC_CONCURRENT freed 388K, 7% free 9128K/9735K, paused 1ms+4ms
07-05 12:12:03.158   545   548 D dalvikvm: GC_CONCURRENT freed 418K, 12% free 10353K/11719K, paused 2ms+2ms
07-05 12:12:03.256   545 15250 I DownloadManager: Initiating request for download 1768
07-05 12:12:03.334   545   548 D dalvikvm: GC_CONCURRENT freed 286K, 11% free 10525K/11719K, paused 2ms+3ms
07-05 12:12:03.431   545   548 D dalvikvm: GC_CONCURRENT freed 303K, 9% free 10697K/11719K, paused 2ms+4ms
07-05 12:12:03.635   545   548 D dalvikvm: GC_CONCURRENT freed 728K, 12% free 10408K/11719K, paused 2ms+2ms
07-05 12:12:03.834   545   548 D dalvikvm: GC_CONCURRENT freed 435K, 12% free 10372K/11719K, paused 1ms+2ms
07-05 12:12:04.021   545 15253 I DownloadManager: Initiating request for download 1769
07-05 12:12:04.107   545   548 D dalvikvm: GC_CONCURRENT freed 344K, 12% free 10420K/11719K, paused 2ms+3ms
07-05 12:12:04.209   545   548 D dalvikvm: GC_CONCURRENT freed 235K, 10% free 10647K/11719K, paused 2ms+2ms
07-05 12:12:04.338   545   548 D dalvikvm: GC_CONCURRENT freed 652K, 12% free 10413K/11719K, paused 2ms+2ms
07-05 12:12:04.428  1370 15255 E DictionaryProvider:UpdateHandler: Can't read a file : android.util.MalformedJsonException: Use JsonReader.setLenient(true) to accept malformed JSON at line 1 column 20
07-05 12:12:04.572   545   548 D dalvikvm: GC_CONCURRENT freed 436K, 12% free 10373K/11719K, paused 2ms+2ms
07-05 12:12:04.756   545   548 D dalvikvm: GC_CONCURRENT freed 419K, 12% free 10349K/11719K, paused 2ms+3ms
07-05 12:12:04.810   545 15258 I DownloadManager: Initiating request for download 1769
07-05 12:12:04.908   545   548 D dalvikvm: GC_CONCURRENT freed 229K, 10% free 10579K/11719K, paused 2ms+3ms
07-05 12:12:05.006   545   548 D dalvikvm: GC_CONCURRENT freed 303K, 9% free 10715K/11719K, paused 2ms+3ms
07-05 12:12:05.217   545   548 D dalvikvm: GC_CONCURRENT freed 791K, 12% free 10372K/11719K, paused 1ms+2ms
07-05 12:12:05.396   545   548 D dalvikvm: GC_CONCURRENT freed 414K, 12% free 10354K/11719K, paused 2ms+3ms
07-05 12:12:05.513   545 15261 I DownloadManager: Initiating request for download 1770
07-05 12:12:05.599   545   548 D dalvikvm: GC_CONCURRENT freed 246K, 11% free 10530K/11719K, paused 2ms+2ms
07-05 12:12:05.697   545   548 D dalvikvm: GC_CONCURRENT freed 323K, 9% free 10719K/11719K, paused 2ms+4ms
07-05 12:12:05.892  1370 15263 E DictionaryProvider:UpdateHandler: Can't read a file : android.util.MalformedJsonException: Use JsonReader.setLenient(true) to accept malformed JSON at line 1 column 20
07-05 12:12:05.920   545   548 D dalvikvm: GC_CONCURRENT freed 789K, 12% free 10393K/11719K, paused 2ms+2ms
07-05 12:12:06.115   545   548 D dalvikvm: GC_CONCURRENT freed 430K, 12% free 10358K/11719K, paused 2ms+3ms
07-05 12:12:06.224   545 15266 I DownloadManager: Initiating request for download 1770
07-05 12:12:06.299   545   548 D dalvikvm: GC_CONCURRENT freed 302K, 11% free 10515K/11719K, paused 2ms+3ms
07-05 12:12:06.396   545   548 D dalvikvm: GC_CONCURRENT freed 302K, 9% free 10687K/11719K, paused 2ms+4ms
07-05 12:12:06.568   545   548 D dalvikvm: GC_CONCURRENT freed 717K, 12% free 10414K/11719K, paused 2ms+2ms
07-05 12:12:06.767   545   548 D dalvikvm: GC_CONCURRENT freed 442K, 12% free 10367K/11719K, paused 1ms+2ms
07-05 12:12:07.013   545   548 D dalvikvm: GC_CONCURRENT freed 371K, 12% free 10392K/11719K, paused 5ms+3ms
07-05 12:12:07.013   545 15269 I DownloadManager: Initiating request for download 1771
07-05 12:12:07.127   545   548 D dalvikvm: GC_CONCURRENT freed 214K, 10% free 10638K/11719K, paused 2ms+2ms
07-05 12:12:07.248   545   548 D dalvikvm: GC_CONCURRENT freed 447K, 10% free 10633K/11719K, paused 2ms+3ms
07-05 12:12:07.431   545   548 D dalvikvm: GC_CONCURRENT freed 655K, 12% free 10399K/11719K, paused 1ms+2ms
07-05 12:12:07.623   545   548 D dalvikvm: GC_CONCURRENT freed 399K, 12% free 10387K/11719K, paused 2ms+6ms
07-05 12:12:07.744   156   530 D dalvikvm: GC_EXPLICIT freed 725K, 11% free 14188K/15879K, paused 2ms+5ms
07-05 12:12:07.935   545   548 D dalvikvm: GC_CONCURRENT freed 369K, 12% free 10420K/11719K, paused 1ms+2ms
07-05 12:12:08.119   545   548 D dalvikvm: GC_CONCURRENT freed 463K, 12% free 10352K/11719K, paused 2ms+3ms
07-05 12:12:08.549  1370 15272 E DictionaryProvider:UpdateHandler: Can't read a file : android.util.MalformedJsonException: Use JsonReader.setLenient(true) to accept malformed JSON at line 1 column 20
07-05 12:12:08.752   545   548 D dalvikvm: GC_CONCURRENT freed 371K, 12% free 10376K/11719K, paused 2ms+2ms
07-05 12:12:08.935   545   548 D dalvikvm: GC_CONCURRENT freed 418K, 12% free 10354K/11719K, paused 2ms+3ms
07-05 12:12:09.123   545   548 D dalvikvm: GC_CONCURRENT freed 408K, 12% free 10341K/11719K, paused 2ms+3ms
07-05 12:12:09.236   545 15275 I DownloadManager: Initiating request for download 1772
07-05 12:12:09.322   545   548 D dalvikvm: GC_CONCURRENT freed 243K, 10% free 10552K/11719K, paused 1ms+2ms
07-05 12:12:09.412   545   548 D dalvikvm: GC_CONCURRENT freed 304K, 9% free 10709K/11719K, paused 1ms+2ms
07-05 12:12:09.595  1370 15277 E DictionaryProvider:UpdateHandler: Can't read a file : android.util.MalformedJsonException: Use JsonReader.setLenient(true) to accept malformed JSON at line 1 column 20
07-05 12:12:09.635   545   548 D dalvikvm: GC_CONCURRENT freed 788K, 12% free 10377K/11719K, paused 2ms+3ms
07-05 12:12:09.681  1370  1372 D dalvikvm: GC_CONCURRENT freed 413K, 7% free 9123K/9735K, paused 2ms+2ms
07-05 12:12:09.861   545   548 D dalvikvm: GC_CONCURRENT freed 416K, 12% free 10348K/11719K, paused 2ms+2ms
07-05 12:12:09.967   545 15280 I DownloadManager: Initiating request for download 1772
07-05 12:12:10.045   545   548 D dalvikvm: GC_CONCURRENT freed 284K, 11% free 10509K/11719K, paused 2ms+3ms
07-05 12:12:10.142   545   548 D dalvikvm: GC_CONCURRENT freed 303K, 9% free 10681K/11719K, paused 2ms+4ms
07-05 12:12:10.318   545   548 D dalvikvm: GC_CONCURRENT freed 720K, 12% free 10395K/11719K, paused 1ms+2ms
07-05 12:12:10.517   545   548 D dalvikvm: GC_CONCURRENT freed 436K, 12% free 10354K/11719K, paused 2ms+2ms
07-05 12:12:10.713   545 15283 I DownloadManager: Initiating request for download 1773
07-05 12:12:10.724   545   548 D dalvikvm: GC_CONCURRENT freed 374K, 12% free 10379K/11719K, paused 2ms+4ms
07-05 12:12:10.842   545   548 D dalvikvm: GC_CONCURRENT freed 213K, 10% free 10626K/11719K, paused 1ms+2ms
07-05 12:12:10.955   545   548 D dalvikvm: GC_CONCURRENT freed 433K, 10% free 10624K/11719K, paused 1ms+2ms
07-05 12:12:11.088  1370 15285 E DictionaryProvider:UpdateHandler: Can't read a file : android.util.MalformedJsonException: Use JsonReader.setLenient(true) to accept malformed JSON at line 1 column 20
07-05 12:12:11.205   545   548 D dalvikvm: GC_CONCURRENT freed 673K, 12% free 10368K/11719K, paused 2ms+3ms
07-05 12:12:11.385   545   548 D dalvikvm: GC_CONCURRENT freed 420K, 12% free 10344K/11719K, paused 2ms+2ms
07-05 12:12:11.443   545 15288 I DownloadManager: Initiating request for download 1773
07-05 12:12:11.533   545   548 D dalvikvm: GC_CONCURRENT freed 236K, 10% free 10568K/11719K, paused 2ms+2ms
07-05 12:12:11.635   545   548 D dalvikvm: GC_CONCURRENT freed 274K, 9% free 10714K/11719K, paused 2ms+3ms
07-05 12:12:11.849   545   548 D dalvikvm: GC_CONCURRENT freed 790K, 12% free 10374K/11719K, paused 2ms+2ms
07-05 12:12:12.017   545   548 D dalvikvm: GC_CONCURRENT freed 414K, 12% free 10349K/11719K, paused 1ms+3ms
07-05 12:12:12.142   545 15291 I DownloadManager: Initiating request for download 1774
07-05 12:12:12.220   545   548 D dalvikvm: GC_CONCURRENT freed 279K, 11% free 10514K/11719K, paused 2ms+3ms
07-05 12:12:12.322   545   548 D dalvikvm: GC_CONCURRENT freed 307K, 9% free 10700K/11719K, paused 2ms+3ms
07-05 12:12:12.494   545   548 D dalvikvm: GC_CONCURRENT freed 737K, 12% free 10407K/11719K, paused 2ms+2ms
07-05 12:12:12.549  1370 15293 E DictionaryProvider:UpdateHandler: Can't read a file : android.util.MalformedJsonException: Use JsonReader.setLenient(true) to accept malformed JSON at line 1 column 20
07-05 12:12:12.709   545   548 D dalvikvm: GC_CONCURRENT freed 431K, 12% free 10371K/11719K, paused 2ms+2ms
07-05 12:12:12.857   545 15295 I DownloadManager: Initiating request for download 1774
07-05 12:12:12.877   545   548 D dalvikvm: GC_CONCURRENT freed 374K, 12% free 10384K/11719K, paused 1ms+2ms
07-05 12:12:13.006   545   548 D dalvikvm: GC_CONCURRENT freed 215K, 10% free 10628K/11719K, paused 2ms+2ms
07-05 12:12:13.123   545   548 D dalvikvm: GC_CONCURRENT freed 445K, 10% free 10629K/11719K, paused 2ms+2ms
07-05 12:12:13.318   545   548 D dalvikvm: GC_CONCURRENT freed 650K, 12% free 10398K/11719K, paused 1ms+2ms
07-05 12:12:13.502   545   548 D dalvikvm: GC_CONCURRENT freed 408K, 12% free 10384K/11719K, paused 2ms+2ms
07-05 12:12:14.869   545 15298 I DownloadManager: Initiating request for download 1775
07-05 12:12:14.939   545   548 D dalvikvm: GC_CONCURRENT freed 287K, 10% free 10609K/11719K, paused 2ms+4ms
07-05 12:12:15.088   545   548 D dalvikvm: GC_CONCURRENT freed 403K, 10% free 10629K/11719K, paused 1ms+2ms
07-05 12:12:15.220  1370 15301 E DictionaryProvider:UpdateHandler: Can't read a file : android.util.MalformedJsonException: Use JsonReader.setLenient(true) to accept malformed JSON at line 1 column 20
07-05 12:12:15.322   545   548 D dalvikvm: GC_CONCURRENT freed 673K, 12% free 10377K/11719K, paused 2ms+2ms
07-05 12:12:15.502   545   548 D dalvikvm: GC_CONCURRENT freed 419K, 12% free 10352K/11719K, paused 2ms+2ms
07-05 12:12:15.599   545 15304 I DownloadManager: Initiating request for download 1775
07-05 12:12:15.678   545   548 D dalvikvm: GC_CONCURRENT freed 276K, 10% free 10612K/11719K, paused 1ms+3ms
07-05 12:12:15.771   545   548 D dalvikvm: GC_CONCURRENT freed 334K, 9% free 10721K/11719K, paused 2ms+3ms
07-05 12:12:15.986   545   548 D dalvikvm: GC_CONCURRENT freed 785K, 12% free 10388K/11719K, paused 1ms+3ms
07-05 12:12:16.166   545   548 D dalvikvm: GC_CONCURRENT freed 426K, 12% free 10357K/11719K, paused 1ms+3ms
07-05 12:12:16.299   545 15307 I DownloadManager: Initiating request for download 1776
07-05 12:12:16.385   545   548 D dalvikvm: GC_CONCURRENT freed 289K, 10% free 10604K/11719K, paused 3ms+3ms
07-05 12:12:16.482   545   548 D dalvikvm: GC_CONCURRENT freed 356K, 9% free 10725K/11719K, paused 2ms+3ms
07-05 12:12:16.638  1370 15309 E DictionaryProvider:UpdateHandler: Can't read a file : android.util.MalformedJsonException: Use JsonReader.setLenient(true) to accept malformed JSON at line 1 column 20
07-05 12:12:16.720  1370  1372 D dalvikvm: GC_CONCURRENT freed 385K, 7% free 9126K/9735K, paused 1ms+6ms
07-05 12:12:16.740   545   548 D dalvikvm: GC_CONCURRENT freed 789K, 12% free 10389K/11719K, paused 1ms+2ms
07-05 12:12:16.920   545   548 D dalvikvm: GC_CONCURRENT freed 423K, 12% free 10360K/11719K, paused 1ms+2ms
07-05 12:12:17.029   545 15312 I DownloadManager: Initiating request for download 1776
07-05 12:12:17.103   545   548 D dalvikvm: GC_CONCURRENT freed 298K, 11% free 10520K/11719K, paused 1ms+3ms
07-05 12:12:17.201   545   548 D dalvikvm: GC_CONCURRENT freed 305K, 9% free 10706K/11719K, paused 2ms+3ms
07-05 12:12:17.373   545   548 D dalvikvm: GC_CONCURRENT freed 736K, 12% free 10415K/11719K, paused 2ms+3ms
07-05 12:12:17.564   545   548 D dalvikvm: GC_CONCURRENT freed 435K, 12% free 10369K/11719K, paused 2ms+2ms
07-05 12:12:17.724   545 15315 I DownloadManager: Initiating request for download 1777
07-05 12:12:17.779   545   548 D dalvikvm: GC_CONCURRENT freed 380K, 12% free 10396K/11719K, paused 2ms+4ms
07-05 12:12:17.869   545 15271 D dalvikvm: GC_EXPLICIT freed 187K, 9% free 10705K/11719K, paused 2ms+7ms
07-05 12:12:18.064   545   548 D dalvikvm: GC_CONCURRENT freed 723K, 12% free 10420K/11719K, paused 2ms+3ms
07-05 12:12:18.123  1370 15317 E DictionaryProvider:UpdateHandler: Can't read a file : android.util.MalformedJsonException: Use JsonReader.setLenient(true) to accept malformed JSON at line 1 column 20
07-05 12:12:18.299   545   548 D dalvikvm: GC_CONCURRENT freed 435K, 12% free 10380K/11719K, paused 1ms+2ms
07-05 12:12:18.478   545   548 D dalvikvm: GC_CONCURRENT freed 420K, 12% free 10355K/11719K, paused 2ms+2ms
07-05 12:12:18.533   545 15320 I DownloadManager: Initiating request for download 1777
07-05 12:12:18.631   545   548 D dalvikvm: GC_CONCURRENT freed 229K, 10% free 10587K/11719K, paused 2ms+3ms
07-05 12:12:18.732   545   548 D dalvikvm: GC_CONCURRENT freed 317K, 9% free 10726K/11719K, paused 1ms+3ms
07-05 12:12:18.943   545   548 D dalvikvm: GC_CONCURRENT freed 801K, 12% free 10377K/11719K, paused 2ms+2ms
07-05 12:12:19.123   545   548 D dalvikvm: GC_CONCURRENT freed 412K, 12% free 10360K/11719K, paused 2ms+2ms
07-05 12:12:19.232   545 15323 I DownloadManager: Initiating request for download 1778
07-05 12:12:19.318   545   548 D dalvikvm: GC_CONCURRENT freed 268K, 10% free 10552K/11719K, paused 2ms+3ms
07-05 12:12:19.416   545   548 D dalvikvm: GC_CONCURRENT freed 304K, 9% free 10721K/11719K, paused 1ms+3ms
07-05 12:12:19.599   545   548 D dalvikvm: GC_CONCURRENT freed 745K, 12% free 10419K/11719K, paused 1ms+3ms
07-05 12:12:19.783   545   548 D dalvikvm: GC_CONCURRENT freed 417K, 12% free 10396K/11719K, paused 2ms+3ms
07-05 12:12:19.877  1370 15325 E DictionaryProvider:UpdateHandler: Can't read a file : android.util.MalformedJsonException: Use JsonReader.setLenient(true) to accept malformed JSON at line 1 column 20
07-05 12:12:19.959   545 15328 I DownloadManager: Initiating request for download 1778
07-05 12:12:20.025   545   548 D dalvikvm: GC_CONCURRENT freed 359K, 11% free 10444K/11719K, paused 2ms+2ms
07-05 12:12:20.115   545   548 D dalvikvm: GC_CONCURRENT freed 276K, 9% free 10679K/11719K, paused 1ms+4ms
07-05 12:12:20.263   545   548 D dalvikvm: GC_CONCURRENT freed 693K, 12% free 10423K/11719K, paused 2ms+2ms
07-05 12:12:20.467   545   548 D dalvikvm: GC_CONCURRENT freed 443K, 12% free 10374K/11719K, paused 1ms+3ms
07-05 12:12:20.650   545   548 D dalvikvm: GC_CONCURRENT freed 412K, 12% free 10357K/11719K, paused 2ms+3ms
07-05 12:12:20.717   545 15331 I DownloadManager: Initiating request for download 1779
07-05 12:12:20.814   545   548 D dalvikvm: GC_CONCURRENT freed 197K, 10% free 10619K/11719K, paused 1ms+3ms
07-05 12:12:20.928   545   548 D dalvikvm: GC_CONCURRENT freed 414K, 10% free 10653K/11719K, paused 2ms+3ms
07-05 12:12:21.111  1370 15333 E DictionaryProvider:UpdateHandler: Can't read a file : android.util.MalformedJsonException: Use JsonReader.setLenient(true) to accept malformed JSON at line 1 column 20
07-05 12:12:21.189   545   548 D dalvikvm: GC_CONCURRENT freed 677K, 12% free 10398K/11719K, paused 2ms+2ms
07-05 12:12:21.455   545   548 D dalvikvm: GC_CONCURRENT freed 431K, 12% free 10362K/11719K, paused 2ms+2ms
07-05 12:12:21.545   545 15356 I DownloadManager: Initiating request for download 1779
07-05 12:12:21.627   545   548 D dalvikvm: GC_CONCURRENT freed 258K, 10% free 10586K/11719K, paused 1ms+3ms
07-05 12:12:21.732   545   548 D dalvikvm: GC_CONCURRENT freed 323K, 9% free 10744K/11719K, paused 2ms+3ms
07-05 12:12:21.978   156   403 D dalvikvm: GC_EXPLICIT freed 499K, 11% free 14188K/15879K, paused 3ms+5ms
07-05 12:12:21.994   545   548 D dalvikvm: GC_CONCURRENT freed 814K, 12% free 10401K/11719K, paused 2ms+3ms
07-05 12:12:22.174   362   362 I wpa_supplicant: wlan0: CTRL-EVENT-DISCONNECTED bssid=d0:c2:82:84:8d:50 reason=0
07-05 12:12:22.178    77   117 D CommandListener: Clearing all IP addresses on wlan0
07-05 12:12:22.193   156   330 D ConnectivityService: ConnectivityChange for WIFI: DISCONNECTED/DISCONNECTED
07-05 12:12:22.197   156   330 D ConnectivityService: Attempting to switch to mobile
07-05 12:12:22.197   156   330 D ConnectivityService: Attempting to switch to WIMAX
07-05 12:12:22.197   156   330 D ConnectivityService: Attempting to switch to BLUETOOTH_TETHER
07-05 12:12:22.205   156   330 E ConnectivityService: Exception trying to remove a route: java.lang.IllegalStateException: Unable to communicate with native dameon to add routes - com.android.server.NativeDaemonConnectorException: Cmd {interface route remove wlan0 default 128.205.59.254 32 0.0.0.0} failed with code 400 : {Failed to remove route from default table (No such process)}
07-05 12:12:22.209   156   330 D NetUtils: android_net_utils_resetConnections in env=0x6b2b60 clazz=0x55300001 iface=wlan0 mask=0x3
07-05 12:12:22.209   156   330 E ConnectivityService: Exception trying to remove a route: java.lang.IllegalStateException: Unable to communicate with native dameon to add routes - com.android.server.NativeDaemonConnectorException: Cmd {interface route remove wlan0 default 0.0.0.0 0 128.205.59.254} failed with code 400 : {Failed to remove route from default table (No such process)}
07-05 12:12:22.209   156   330 D ConnectivityService: resetConnections(wlan0, 3)
07-05 12:12:22.314   682  1055 E GTalkService: connectionClosed: no XMPPConnection - That's strange!
07-05 12:12:22.314   156   330 D ConnectivityService: handleInetConditionChange: no active default network - ignore
07-05 12:12:22.349   414   416 D dalvikvm: GC_CONCURRENT freed 524K, 37% free 10344K/16263K, paused 2ms+3ms
07-05 12:12:22.385   545   548 D dalvikvm: GC_CONCURRENT freed 424K, 12% free 10372K/11719K, paused 2ms+2ms
07-05 12:12:22.431   414   416 D dalvikvm: GC_CONCURRENT freed 488K, 37% free 10323K/16263K, paused 1ms+3ms
07-05 12:12:22.646   545 15361 I DownloadManager: Initiating request for download 1780
07-05 12:12:22.654   545 15361 W DownloadManager: Aborting request for download 1780: no network connection available
07-05 12:12:22.810   545   548 D dalvikvm: GC_CONCURRENT freed 383K, 12% free 10386K/11719K, paused 2ms+3ms
07-05 12:12:22.986   545   548 D dalvikvm: GC_CONCURRENT freed 420K, 12% free 10362K/11719K, paused 1ms+2ms
07-05 12:12:23.174   545   548 D dalvikvm: GC_CONCURRENT freed 407K, 12% free 10350K/11719K, paused 2ms+2ms
07-05 12:12:23.228   545 15363 I DownloadManager: Initiating request for download 1780
07-05 12:12:23.228   545 15363 W DownloadManager: Aborting request for download 1780: no network connection available
07-05 12:12:23.431   362   362 I wpa_supplicant: wlan0: Trying to associate with d0:c2:82:84:8d:50 (SSID='UB_Wireless' freq=2462 MHz)
07-05 12:12:23.467   362   362 I wpa_supplicant: wlan0: Associated with d0:c2:82:84:8d:50
07-05 12:12:23.467   362   362 I wpa_supplicant: wlan0: CTRL-EVENT-CONNECTED - Connection to d0:c2:82:84:8d:50 completed (reauth) [id=5 id_str=]
07-05 12:12:23.517   545   548 D dalvikvm: GC_CONCURRENT freed 368K, 12% free 10379K/11719K, paused 2ms+2ms
07-05 12:12:23.736   545   548 D dalvikvm: GC_CONCURRENT freed 410K, 12% free 10364K/11719K, paused 2ms+3ms
07-05 12:12:23.967   545   548 D dalvikvm: GC_CONCURRENT freed 376K, 12% free 10384K/11719K, paused 2ms+2ms
07-05 12:12:24.146   545   548 D dalvikvm: GC_CONCURRENT freed 414K, 12% free 10366K/11719K, paused 2ms+2ms
07-05 12:12:24.314   545   548 D dalvikvm: GC_CONCURRENT freed 410K, 12% free 10351K/11719K, paused 2ms+2ms
07-05 12:12:25.275   156   333 D Tethering: MasterInitialState.processMessage what=3
07-05 12:12:25.361  1190  1190 I MediaUploader: No need to wake up
07-05 12:12:25.361   993   993 I PhoneLab-WiFiReceiver: Wi-Fi is disconnected!
07-05 12:12:25.365  1086  1105 D PicasaSyncManager: active network: null
07-05 12:12:25.365  1086  1105 D PicasaSyncManager: background data: true
07-05 12:12:27.904   156   330 D ConnectivityService: ConnectivityChange for WIFI: CONNECTED/CONNECTED
07-05 12:12:27.908   993   993 I PhoneLab-WiFiReceiver: Wi-Fi is connected!
07-05 12:12:27.912   993   993 I PhoneLab-WiFiReceiver: SSID: UB_Wireless BSSID: d0:c2:82:84:8d:50 RSSI: -200 LinkSpeed: -1
07-05 12:12:27.912   993   993 I PhoneLab-Locks: wake lock acquired
07-05 12:12:27.916   993   993 I PhoneLab-UploadLogs: Transfering log files now
07-05 12:12:27.924   156   325 W NetworkStats: dropping UID delta from unknown iface: iface=wlan0 uid=0 set=DEFAULT tag=0x0 rxBytes=0 rxPackets=0 txBytes=244 txPackets=4 operations=0
07-05 12:12:27.978   993   995 D dalvikvm: GC_CONCURRENT freed 459K, 14% free 9199K/10695K, paused 1ms+2ms
07-05 12:12:28.006   993   993 D dalvikvm: GC_FOR_ALLOC freed 235K, 14% free 9296K/10695K, paused 14ms
07-05 12:12:28.021   993   993 D dalvikvm: GC_FOR_ALLOC freed 120K, 12% free 9424K/10695K, paused 12ms
07-05 12:12:28.049   993   993 I PhoneLab-UploadLogs: OnStartCommand
07-05 12:12:28.056   993   995 D dalvikvm: GC_CONCURRENT freed 249K, 10% free 9686K/10695K, paused 2ms+2ms
07-05 12:12:28.068   993 15393 D dalvikvm: GC_FOR_ALLOC freed 357K, 10% free 9655K/10695K, paused 12ms
07-05 12:12:28.088   993 15393 D dalvikvm: GC_FOR_ALLOC freed 301K, 10% free 9655K/10695K, paused 13ms
07-05 12:12:28.103   993 15393 D dalvikvm: GC_FOR_ALLOC freed 301K, 10% free 9656K/10695K, paused 12ms
07-05 12:12:28.650   156   330 D ConnectivityService: ConnectivityChange for mobile: CONNECTED/CONNECTED
07-05 12:12:28.689   156   330 D NetUtils: android_net_utils_resetConnections in env=0x6b2b60 clazz=0x67500001 iface=rmnet0 mask=0x3
07-05 12:12:28.689   156   330 D ConnectivityService: ConnectivityChange for mobile: DISCONNECTED/DISCONNECTED
07-05 12:12:28.689   156   330 D ConnectivityService: Attempting to switch to WIFI
07-05 12:12:28.689   156   330 D ConnectivityService: Attempting to switch to WIMAX
07-05 12:12:28.689   156   330 D ConnectivityService: Attempting to switch to BLUETOOTH_TETHER
07-05 12:12:28.689   156   330 D ConnectivityService: resetConnections(rmnet0, 3)
07-05 12:12:28.736   482   486 D dalvikvm: GC_CONCURRENT freed 471K, 7% free 9511K/10119K, paused 1ms+3ms
07-05 12:12:28.904   156   330 D ConnectivityService: NetTransition Wakelock for WifiStateMachine released by timeout
07-05 12:12:29.627   993 15393 W System.err: org.apache.http.client.ClientProtocolException
07-05 12:12:29.638   993 15393 W System.err: 	at org.apache.http.impl.client.AbstractHttpClient.execute(AbstractHttpClient.java:557)
07-05 12:12:29.646   993 15393 W System.err: 	at org.apache.http.impl.client.AbstractHttpClient.execute(AbstractHttpClient.java:487)
07-05 12:12:29.646   993 15393 W System.err: 	at com.loopj.android.http.AsyncHttpRequest.makeRequest(Unknown Source)
07-05 12:12:29.650   993 15393 W System.err: 	at com.loopj.android.http.AsyncHttpRequest.makeRequestWithRetries(Unknown Source)
07-05 12:12:29.650   993 15393 W System.err: 	at com.loopj.android.http.AsyncHttpRequest.run(Unknown Source)
07-05 12:12:29.654   993 15393 W System.err: 	at java.util.concurrent.Executors$RunnableAdapter.call(Executors.java:442)
07-05 12:12:29.654   993 15393 W System.err: 	at java.util.concurrent.FutureTask$Sync.innerRun(FutureTask.java:305)
07-05 12:12:29.658   993 15393 W System.err: 	at java.util.concurrent.FutureTask.run(FutureTask.java:137)
07-05 12:12:29.662   993 15393 W System.err: 	at java.util.concurrent.ThreadPoolExecutor.runWorker(ThreadPoolExecutor.java:1076)
07-05 12:12:29.662   993 15393 W System.err: 	at java.util.concurrent.ThreadPoolExecutor$Worker.run(ThreadPoolExecutor.java:569)
07-05 12:12:29.666   993 15393 W System.err: 	at java.lang.Thread.run(Thread.java:856)
07-05 12:12:29.666   993 15393 W System.err: Caused by: org.apache.http.client.NonRepeatableRequestException: Cannot retry request with a non-repeatable request entity
07-05 12:12:29.670   993 15393 W System.err: 	at org.apache.http.impl.client.DefaultRequestDirector.execute(DefaultRequestDirector.java:420)
07-05 12:12:29.670   993 15393 W System.err: 	at org.apache.http.impl.client.AbstractHttpClient.execute(AbstractHttpClient.java:555)
07-05 12:12:29.670   993 15393 W System.err: 	... 10 more
07-05 12:12:29.670   993   993 E PhoneLab-: Transfering 1341502082478.log failed
07-05 12:12:29.670   993   993 I PhoneLab-Locks: wake lock released
07-05 12:12:30.947   156   333 D Tethering: MasterInitialState.processMessage what=3
07-05 12:12:30.974   682   682 I GTalkService/c: [AndroidEndpoint@1095403848] connect: acct=1000001, state=CONNECTING
07-05 12:12:31.013  1190  1190 I MediaUploader: No need to wake up
07-05 12:12:31.080  1086  1105 D PicasaSyncManager: active network: NetworkInfo: type: WIFI[], state: CONNECTED/CONNECTED, reason: (unspecified), extra: (none), roaming: false, failover: false, isAvailable: true
07-05 12:12:31.084   414   416 D dalvikvm: GC_CONCURRENT freed 406K, 36% free 10412K/16263K, paused 2ms+2ms
07-05 12:12:31.088  1086  1105 D PicasaSyncManager: background data: true
07-05 12:12:31.189   414   416 D dalvikvm: GC_CONCURRENT freed 513K, 37% free 10340K/16263K, paused 2ms+3ms
07-05 12:12:31.420   545   548 D dalvikvm: GC_CONCURRENT freed 368K, 12% free 10378K/11719K, paused 1ms+2ms
07-05 12:12:31.619   545   548 D dalvikvm: GC_CONCURRENT freed 414K, 12% free 10359K/11719K, paused 2ms+2ms
07-05 12:12:31.720   156   333 D Tethering: MasterInitialState.processMessage what=3
07-05 12:12:31.740   156   333 D Tethering: MasterInitialState.processMessage what=3
07-05 12:12:31.771  1190  1190 I MediaUploader: No need to wake up
07-05 12:12:31.787  1086  1105 D PicasaSyncManager: active network: NetworkInfo: type: WIFI[], state: CONNECTED/CONNECTED, reason: (unspecified), extra: (none), roaming: false, failover: false, isAvailable: true
07-05 12:12:31.791  1086  1105 D PicasaSyncManager: background data: true
07-05 12:12:31.814  1190  1190 I MediaUploader: No need to wake up
07-05 12:12:31.818  1086  1105 D PicasaSyncManager: active network: NetworkInfo: type: WIFI[], state: CONNECTED/CONNECTED, reason: (unspecified), extra: (none), roaming: false, failover: false, isAvailable: true
07-05 12:12:31.818  1086  1105 D PicasaSyncManager: background data: true
07-05 12:12:31.916   545   548 D dalvikvm: GC_CONCURRENT freed 399K, 12% free 10347K/11719K, paused 2ms+2ms
07-05 12:12:31.963   545 15396 I DownloadManager: Initiating request for download 1780
07-05 12:12:32.068   545   548 D dalvikvm: GC_CONCURRENT freed 188K, 10% free 10619K/11719K, paused 3ms+3ms
07-05 12:12:32.178   545   548 D dalvikvm: GC_CONCURRENT freed 425K, 10% free 10633K/11719K, paused 1ms+2ms
07-05 12:12:32.303   156   158 D dalvikvm: GC_CONCURRENT freed 1099K, 11% free 14256K/15879K, paused 2ms+6ms
07-05 12:12:32.392  1370 15398 E DictionaryProvider:UpdateHandler: Can't read a file : android.util.MalformedJsonException: Use JsonReader.setLenient(true) to accept malformed JSON at line 1 column 20
07-05 12:12:32.459  1370  1372 D dalvikvm: GC_CONCURRENT freed 388K, 7% free 9126K/9735K, paused 1ms+6ms
07-05 12:12:32.521   545   548 D dalvikvm: GC_CONCURRENT freed 677K, 12% free 10386K/11719K, paused 2ms+3ms
07-05 12:12:32.709   545   548 D dalvikvm: GC_CONCURRENT freed 431K, 12% free 10349K/11719K, paused 2ms+2ms
07-05 12:12:32.783   545 15401 I DownloadManager: Initiating request for download 1780
07-05 12:12:32.861   545   548 D dalvikvm: GC_CONCURRENT freed 254K, 10% free 10555K/11719K, paused 2ms+3ms
07-05 12:12:32.963   545   548 D dalvikvm: GC_CONCURRENT freed 299K, 9% free 10723K/11719K, paused 1ms+3ms
07-05 12:12:33.170   545   548 D dalvikvm: GC_CONCURRENT freed 799K, 12% free 10374K/11719K, paused 2ms+3ms
07-05 12:12:33.349   545   548 D dalvikvm: GC_CONCURRENT freed 413K, 12% free 10356K/11719K, paused 2ms+2ms
07-05 12:12:33.482   545 15404 I DownloadManager: Initiating request for download 1781
07-05 12:12:33.556   545   548 D dalvikvm: GC_CONCURRENT freed 292K, 11% free 10522K/11719K, paused 2ms+3ms
07-05 12:12:33.650   545   548 D dalvikvm: GC_CONCURRENT freed 306K, 9% free 10693K/11719K, paused 2ms+3ms
07-05 12:12:33.822   545   548 D dalvikvm: GC_CONCURRENT freed 716K, 12% free 10414K/11719K, paused 2ms+2ms
07-05 12:12:33.877  1370 15406 E DictionaryProvider:UpdateHandler: Can't read a file : android.util.MalformedJsonException: Use JsonReader.setLenient(true) to accept malformed JSON at line 1 column 20
07-05 12:12:34.068   414   416 D dalvikvm: GC_CONCURRENT freed 376K, 37% free 10400K/16263K, paused 2ms+3ms
07-05 12:12:34.072   545   548 D dalvikvm: GC_CONCURRENT freed 429K, 12% free 10373K/11719K, paused 2ms+2ms
07-05 12:12:34.322   545   548 D dalvikvm: GC_CONCURRENT freed 408K, 12% free 10349K/11719K, paused 4ms+2ms
07-05 12:12:34.342   545 15409 I DownloadManager: Initiating request for download 1781
07-05 12:12:34.455   545   548 D dalvikvm: GC_CONCURRENT freed 168K, 10% free 10612K/11719K, paused 2ms+5ms
07-05 12:12:34.576   545   548 D dalvikvm: GC_CONCURRENT freed 407K, 10% free 10637K/11719K, paused 1ms+2ms
07-05 12:12:34.787   545   548 D dalvikvm: GC_CONCURRENT freed 684K, 12% free 10375K/11719K, paused 2ms+2ms
07-05 12:12:34.970   545   548 D dalvikvm: GC_CONCURRENT freed 416K, 12% free 10354K/11719K, paused 2ms+3ms
07-05 12:12:35.088   545 15412 I DownloadManager: Initiating request for download 1782
07-05 12:12:35.174   545   548 D dalvikvm: GC_CONCURRENT freed 254K, 10% free 10612K/11719K, paused 2ms+2ms
07-05 12:12:35.279   545   548 D dalvikvm: GC_CONCURRENT freed 350K, 9% free 10729K/11719K, paused 2ms+3ms
07-05 12:12:35.467  1370 15414 E DictionaryProvider:UpdateHandler: Can't read a file : android.util.MalformedJsonException: Use JsonReader.setLenient(true) to accept malformed JSON at line 1 column 20
07-05 12:12:35.529   545   548 D dalvikvm: GC_CONCURRENT freed 801K, 12% free 10393K/11719K, paused 2ms+2ms
07-05 12:12:35.713   545   548 D dalvikvm: GC_CONCURRENT freed 423K, 12% free 10364K/11719K, paused 2ms+3ms
07-05 12:12:35.822   545 15417 I DownloadManager: Initiating request for download 1782
07-05 12:12:35.892   545   548 D dalvikvm: GC_CONCURRENT freed 274K, 10% free 10598K/11719K, paused 2ms+3ms
07-05 12:12:36.002   545   548 D dalvikvm: GC_CONCURRENT freed 354K, 9% free 10731K/11719K, paused 1ms+3ms
07-05 12:12:36.205   545   548 D dalvikvm: GC_CONCURRENT freed 803K, 12% free 10382K/11719K, paused 2ms+2ms
07-05 12:12:36.381   545   548 D dalvikvm: GC_CONCURRENT freed 414K, 12% free 10363K/11719K, paused 1ms+2ms
07-05 12:12:36.525   545 15420 I DownloadManager: Initiating request for download 1783
07-05 12:12:36.588   545   548 D dalvikvm: GC_CONCURRENT freed 308K, 11% free 10499K/11719K, paused 2ms+3ms
07-05 12:12:36.689   545   548 D dalvikvm: GC_CONCURRENT freed 275K, 9% free 10684K/11719K, paused 2ms+3ms
07-05 12:12:36.826   545   548 D dalvikvm: GC_CONCURRENT freed 704K, 12% free 10421K/11719K, paused 1ms+2ms
07-05 12:12:36.908  1370 15422 E DictionaryProvider:UpdateHandler: Can't read a file : android.util.MalformedJsonException: Use JsonReader.setLenient(true) to accept malformed JSON at line 1 column 20
07-05 12:12:37.049   545   548 D dalvikvm: GC_CONCURRENT freed 437K, 12% free 10380K/11719K, paused 2ms+2ms
07-05 12:12:37.232   545   548 D dalvikvm: GC_CONCURRENT freed 419K, 12% free 10356K/11719K, paused 1ms+2ms
07-05 12:12:37.263   545 15425 I DownloadManager: Initiating request for download 1783
07-05 12:12:37.357   545   548 D dalvikvm: GC_CONCURRENT freed 202K, 10% free 10613K/11719K, paused 2ms+3ms
07-05 12:12:37.467   545   548 D dalvikvm: GC_CONCURRENT freed 405K, 10% free 10643K/11719K, paused 1ms+3ms
07-05 12:12:37.685   545   548 D dalvikvm: GC_CONCURRENT freed 688K, 12% free 10380K/11719K, paused 2ms+2ms
07-05 12:12:37.865   545   548 D dalvikvm: GC_CONCURRENT freed 406K, 12% free 10361K/11719K, paused 1ms+2ms
07-05 12:12:37.982   545 15428 I DownloadManager: Initiating request for download 1784
07-05 12:12:38.068   545   548 D dalvikvm: GC_CONCURRENT freed 248K, 11% free 10537K/11719K, paused 2ms+3ms
07-05 12:12:38.170   545   548 D dalvikvm: GC_CONCURRENT freed 296K, 9% free 10707K/11719K, paused 2ms+3ms
07-05 12:12:38.353   545   548 D dalvikvm: GC_CONCURRENT freed 742K, 12% free 10413K/11719K, paused 2ms+2ms
07-05 12:12:38.537   545   548 D dalvikvm: GC_CONCURRENT freed 431K, 12% free 10377K/11719K, paused 1ms+2ms
07-05 12:12:38.701   545   548 D dalvikvm: GC_CONCURRENT freed 370K, 12% free 10392K/11719K, paused 1ms+2ms
07-05 12:12:39.197  1370 15430 E DictionaryProvider:UpdateHandler: Can't read a file : android.util.MalformedJsonException: Use JsonReader.setLenient(true) to accept malformed JSON at line 1 column 20
07-05 12:12:39.369   545   548 D dalvikvm: GC_CONCURRENT freed 398K, 12% free 10388K/11719K, paused 2ms+2ms
07-05 12:12:39.549   545   548 D dalvikvm: GC_CONCURRENT freed 413K, 12% free 10370K/11719K, paused 2ms+2ms
07-05 12:12:39.943  1370  1372 D dalvikvm: GC_CONCURRENT freed 362K, 6% free 9152K/9735K, paused 12ms+1ms
07-05 12:12:40.092   545   548 D dalvikvm: GC_CONCURRENT freed 374K, 12% free 10390K/11719K, paused 2ms+3ms
07-05 12:12:40.279   545   548 D dalvikvm: GC_CONCURRENT freed 405K, 12% free 10372K/11719K, paused 2ms+3ms
07-05 12:12:40.474   545   548 D dalvikvm: GC_CONCURRENT freed 407K, 12% free 10360K/11719K, paused 1ms+2ms
07-05 12:12:40.568   545 15433 I DownloadManager: Initiating request for download 1785
07-05 12:12:40.666   545   548 D dalvikvm: GC_CONCURRENT freed 212K, 10% free 10607K/11719K, paused 2ms+3ms
07-05 12:12:40.771   545   548 D dalvikvm: GC_CONCURRENT freed 394K, 10% free 10647K/11719K, paused 2ms+2ms
07-05 12:12:40.955   545   548 D dalvikvm: GC_CONCURRENT freed 686K, 12% free 10386K/11719K, paused 2ms+3ms
07-05 12:12:41.068   156   167 D dalvikvm: GC_EXPLICIT freed 379K, 11% free 14198K/15879K, paused 3ms+6ms
07-05 12:12:41.076  1370 15435 E DictionaryProvider:UpdateHandler: Can't read a file : android.util.MalformedJsonException: Use JsonReader.setLenient(true) to accept malformed JSON at line 1 column 20
07-05 12:12:41.252   545   548 D dalvikvm: GC_CONCURRENT freed 397K, 12% free 10378K/11719K, paused 1ms+3ms
07-05 12:12:41.357   545 15438 I DownloadManager: Initiating request for download 1785
07-05 12:12:41.439   545   548 D dalvikvm: GC_CONCURRENT freed 303K, 11% free 10512K/11719K, paused 2ms+3ms
07-05 12:12:41.537   545   548 D dalvikvm: GC_CONCURRENT freed 294K, 9% free 10688K/11719K, paused 1ms+4ms
07-05 12:12:41.697   545   548 D dalvikvm: GC_CONCURRENT freed 711K, 12% free 10419K/11719K, paused 2ms+2ms
07-05 12:12:41.892   545   548 D dalvikvm: GC_CONCURRENT freed 443K, 12% free 10371K/11719K, paused 1ms+2ms
07-05 12:12:42.060   545   548 D dalvikvm: GC_CONCURRENT freed 405K, 12% free 10351K/11719K, paused 2ms+2ms
07-05 12:12:42.111   545 15441 I DownloadManager: Initiating request for download 1786
07-05 12:12:42.209   545   548 D dalvikvm: GC_CONCURRENT freed 187K, 10% free 10624K/11719K, paused 2ms+2ms
07-05 12:12:42.318   545   548 D dalvikvm: GC_CONCURRENT freed 423K, 10% free 10641K/11719K, paused 2ms+2ms
07-05 12:12:42.467  1370 15443 E DictionaryProvider:UpdateHandler: Can't read a file : android.util.MalformedJsonException: Use JsonReader.setLenient(true) to accept malformed JSON at line 1 column 20
07-05 12:12:42.513   465 15444 D dalvikvm: GC_EXPLICIT freed 413K, 6% free 10491K/11079K, paused 2ms+3ms
07-05 12:12:42.592   545   548 D dalvikvm: GC_CONCURRENT freed 670K, 12% free 10387K/11719K, paused 2ms+2ms
07-05 12:12:42.775   545   548 D dalvikvm: GC_CONCURRENT freed 424K, 12% free 10358K/11719K, paused 2ms+2ms
07-05 12:12:42.861   545 15446 I DownloadManager: Initiating request for download 1786
07-05 12:12:42.951   545   548 D dalvikvm: GC_CONCURRENT freed 269K, 10% free 10633K/11719K, paused 2ms+3ms
07-05 12:12:43.053   545   548 D dalvikvm: GC_CONCURRENT freed 365K, 9% free 10733K/11719K, paused 2ms+3ms
07-05 12:12:43.271   545   548 D dalvikvm: GC_CONCURRENT freed 805K, 12% free 10382K/11719K, paused 2ms+3ms
07-05 12:12:43.463   545   548 D dalvikvm: GC_CONCURRENT freed 414K, 12% free 10363K/11719K, paused 1ms+2ms
07-05 12:12:43.592   545 15449 I DownloadManager: Initiating request for download 1787
07-05 12:12:43.678   545   548 D dalvikvm: GC_CONCURRENT freed 264K, 11% free 10542K/11719K, paused 2ms+3ms
07-05 12:12:43.783   545   548 D dalvikvm: GC_CONCURRENT freed 292K, 9% free 10737K/11719K, paused 1ms+4ms
07-05 12:12:43.959   545   548 D dalvikvm: GC_CONCURRENT freed 759K, 12% free 10428K/11719K, paused 1ms+3ms
07-05 12:12:44.025  1370 15451 E DictionaryProvider:UpdateHandler: Can't read a file : android.util.MalformedJsonException: Use JsonReader.setLenient(true) to accept malformed JSON at line 1 column 20
07-05 12:12:44.201   545   548 D dalvikvm: GC_CONCURRENT freed 427K, 12% free 10388K/11719K, paused 2ms+2ms
07-05 12:12:44.388   545 15454 I DownloadManager: Initiating request for download 1787
07-05 12:12:44.392   545   548 D dalvikvm: GC_CONCURRENT freed 410K, 12% free 10405K/11719K, paused 1ms+3ms
07-05 12:12:44.517   545   548 D dalvikvm: GC_CONCURRENT freed 212K, 10% free 10652K/11719K, paused 2ms+3ms
07-05 12:12:44.638   545   548 D dalvikvm: GC_CONCURRENT freed 450K, 10% free 10655K/11719K, paused 2ms+2ms
07-05 12:12:44.861   545   548 D dalvikvm: GC_CONCURRENT freed 698K, 12% free 10385K/11719K, paused 2ms+3ms
07-05 12:12:45.045   545   548 D dalvikvm: GC_CONCURRENT freed 413K, 12% free 10367K/11719K, paused 2ms+2ms
07-05 12:12:45.127   545 15457 I DownloadManager: Initiating request for download 1788
07-05 12:12:45.220   545   548 D dalvikvm: GC_CONCURRENT freed 230K, 10% free 10597K/11719K, paused 2ms+3ms
07-05 12:12:45.318   545   548 D dalvikvm: GC_CONCURRENT freed 297K, 9% free 10748K/11719K, paused 2ms+3ms
07-05 12:12:45.521   545   548 D dalvikvm: GC_CONCURRENT freed 814K, 12% free 10396K/11719K, paused 2ms+3ms
07-05 12:12:45.553  1370 15459 E DictionaryProvider:UpdateHandler: Can't read a file : android.util.MalformedJsonException: Use JsonReader.setLenient(true) to accept malformed JSON at line 1 column 20
07-05 12:12:45.740   545   548 D dalvikvm: GC_CONCURRENT freed 401K, 12% free 10382K/11719K, paused 1ms+2ms
07-05 12:12:45.853   545 15462 I DownloadManager: Initiating request for download 1788
07-05 12:12:45.924   545   548 D dalvikvm: GC_CONCURRENT freed 302K, 11% free 10509K/11719K, paused 1ms+3ms
07-05 12:12:46.017   545   548 D dalvikvm: GC_CONCURRENT freed 243K, 9% free 10679K/11719K, paused 1ms+4ms
07-05 12:12:46.154   545   548 D dalvikvm: GC_CONCURRENT freed 670K, 11% free 10436K/11719K, paused 1ms+3ms
07-05 12:12:46.345   545   548 D dalvikvm: GC_CONCURRENT freed 409K, 12% free 10423K/11719K, paused 2ms+2ms
07-05 12:12:46.537   545   548 D dalvikvm: GC_CONCURRENT freed 409K, 12% free 10409K/11719K, paused 2ms+3ms
07-05 12:12:47.670   545 15464 I DownloadManager: Initiating request for download 1789
07-05 12:12:47.791   545   548 D dalvikvm: GC_CONCURRENT freed 252K, 10% free 10601K/11719K, paused 2ms+3ms
07-05 12:12:47.892   545   548 D dalvikvm: GC_CONCURRENT freed 296K, 9% free 10752K/11719K, paused 2ms+3ms
07-05 12:12:48.076  1370 15467 E DictionaryProvider:UpdateHandler: Can't read a file : android.util.MalformedJsonException: Use JsonReader.setLenient(true) to accept malformed JSON at line 1 column 20
07-05 12:12:48.123  1370  1372 D dalvikvm: GC_CONCURRENT freed 465K, 7% free 9136K/9735K, paused 2ms+6ms
07-05 12:12:48.158   545   548 D dalvikvm: GC_CONCURRENT freed 812K, 12% free 10404K/11719K, paused 2ms+2ms
07-05 12:12:48.342   545   548 D dalvikvm: GC_CONCURRENT freed 420K, 12% free 10380K/11719K, paused 1ms+2ms
07-05 12:12:48.447   545 15470 I DownloadManager: Initiating request for download 1789
07-05 12:12:48.506   545   548 D dalvikvm: GC_CONCURRENT freed 300K, 11% free 10537K/11719K, paused 1ms+3ms
07-05 12:12:48.607   545   548 D dalvikvm: GC_CONCURRENT freed 288K, 9% free 10709K/11719K, paused 2ms+3ms
07-05 12:12:48.748   545   548 D dalvikvm: GC_CONCURRENT freed 722K, 11% free 10436K/11719K, paused 2ms+2ms
07-05 12:12:48.951   545   548 D dalvikvm: GC_CONCURRENT freed 442K, 12% free 10389K/11719K, paused 2ms+2ms
07-05 12:12:49.135   545   548 D dalvikvm: GC_CONCURRENT freed 414K, 12% free 10370K/11719K, paused 2ms+2ms
07-05 12:12:49.185   545 15473 I DownloadManager: Initiating request for download 1790
07-05 12:12:49.287   545   548 D dalvikvm: GC_CONCURRENT freed 189K, 10% free 10640K/11719K, paused 2ms+3ms
07-05 12:12:49.396   545   548 D dalvikvm: GC_CONCURRENT freed 422K, 10% free 10663K/11719K, paused 1ms+3ms
07-05 12:12:49.510   545 15473 D dalvikvm: GC_EXPLICIT freed 345K, 11% free 10457K/11719K, paused 2ms+4ms
07-05 12:12:49.631  1370 15475 E DictionaryProvider:UpdateHandler: Can't read a file : android.util.MalformedJsonException: Use JsonReader.setLenient(true) to accept malformed JSON at line 1 column 20
07-05 12:12:49.748   545   548 D dalvikvm: GC_CONCURRENT freed 452K, 12% free 10400K/11719K, paused 1ms+3ms
07-05 12:12:49.939   545   548 D dalvikvm: GC_CONCURRENT freed 413K, 12% free 10379K/11719K, paused 2ms+2ms
07-05 12:12:49.994   545 15478 I DownloadManager: Initiating request for download 1790
07-05 12:12:50.095   545   548 D dalvikvm: GC_CONCURRENT freed 229K, 10% free 10602K/11719K, paused 2ms+3ms
07-05 12:12:50.193   545   548 D dalvikvm: GC_CONCURRENT freed 319K, 9% free 10755K/11719K, paused 1ms+3ms
07-05 12:12:50.408   545   548 D dalvikvm: GC_CONCURRENT freed 819K, 12% free 10398K/11719K, paused 2ms+2ms
07-05 12:12:50.588   545   548 D dalvikvm: GC_CONCURRENT freed 413K, 12% free 10380K/11719K, paused 2ms+2ms
07-05 12:12:50.720   545 15482 I DownloadManager: Initiating request for download 1791
07-05 12:12:50.803   545   548 D dalvikvm: GC_CONCURRENT freed 267K, 10% free 10556K/11719K, paused 2ms+3ms
07-05 12:12:50.900   545   548 D dalvikvm: GC_CONCURRENT freed 304K, 9% free 10725K/11719K, paused 2ms+3ms
07-05 12:12:51.076   545   548 D dalvikvm: GC_CONCURRENT freed 772K, 12% free 10409K/11719K, paused 1ms+2ms
07-05 12:12:51.107  1370 15484 E DictionaryProvider:UpdateHandler: Can't read a file : android.util.MalformedJsonException: Use JsonReader.setLenient(true) to accept malformed JSON at line 1 column 20
07-05 12:12:51.299   545   548 D dalvikvm: GC_CONCURRENT freed 411K, 12% free 10393K/11719K, paused 2ms+2ms
07-05 12:12:51.470   545 15487 I DownloadManager: Initiating request for download 1791
07-05 12:12:51.498   545   548 D dalvikvm: GC_CONCURRENT freed 416K, 12% free 10417K/11719K, paused 2ms+3ms
07-05 12:12:51.607   545   548 D dalvikvm: GC_CONCURRENT freed 212K, 9% free 10666K/11719K, paused 2ms+3ms
07-05 12:12:51.720   545   548 D dalvikvm: GC_CONCURRENT freed 666K, 11% free 10445K/11719K, paused 1ms+2ms
07-05 12:12:51.935   545   548 D dalvikvm: GC_CONCURRENT freed 437K, 12% free 10400K/11719K, paused 2ms+2ms
07-05 12:12:52.103   545   548 D dalvikvm: GC_CONCURRENT freed 406K, 12% free 10381K/11719K, paused 2ms+2ms
07-05 12:12:52.193   545 15490 I DownloadManager: Initiating request for download 1792
07-05 12:12:52.287   545   548 D dalvikvm: GC_CONCURRENT freed 243K, 10% free 10583K/11719K, paused 2ms+2ms
07-05 12:12:52.388   545   548 D dalvikvm: GC_CONCURRENT freed 312K, 9% free 10754K/11719K, paused 2ms+4ms
07-05 12:12:52.553  1370 15492 E DictionaryProvider:UpdateHandler: Can't read a file : android.util.MalformedJsonException: Use JsonReader.setLenient(true) to accept malformed JSON at line 1 column 20
07-05 12:12:52.631   545   548 D dalvikvm: GC_CONCURRENT freed 790K, 12% free 10419K/11719K, paused 2ms+2ms
07-05 12:12:52.822   545   548 D dalvikvm: GC_CONCURRENT freed 427K, 12% free 10387K/11719K, paused 2ms+3ms
07-05 12:12:52.947   545 15495 I DownloadManager: Initiating request for download 1792
07-05 12:12:53.010   545   548 D dalvikvm: GC_CONCURRENT freed 337K, 11% free 10454K/11719K, paused 2ms+3ms
07-05 12:12:53.111   545   548 D dalvikvm: GC_CONCURRENT freed 242K, 9% free 10701K/11719K, paused 2ms+3ms
07-05 12:12:53.240   545   548 D dalvikvm: GC_CONCURRENT freed 700K, 11% free 10448K/11719K, paused 2ms+2ms
07-05 12:12:53.439   545   548 D dalvikvm: GC_CONCURRENT freed 443K, 12% free 10400K/11719K, paused 1ms+2ms
07-05 12:12:53.611   545   548 D dalvikvm: GC_CONCURRENT freed 414K, 12% free 10380K/11719K, paused 2ms+2ms
07-05 12:12:53.681   545 15498 I DownloadManager: Initiating request for download 1793
07-05 12:12:53.783   545   548 D dalvikvm: GC_CONCURRENT freed 209K, 9% free 10694K/11719K, paused 2ms+2ms
07-05 12:12:53.904   545   548 D dalvikvm: GC_CONCURRENT freed 480K, 9% free 10685K/11719K, paused 2ms+3ms
07-05 12:12:54.053  1370 15500 E DictionaryProvider:UpdateHandler: Can't read a file : android.util.MalformedJsonException: Use JsonReader.setLenient(true) to accept malformed JSON at line 1 column 20
07-05 12:12:54.084  1370  1372 D dalvikvm: GC_CONCURRENT freed 397K, 7% free 9126K/9735K, paused 2ms+2ms
07-05 12:12:54.181   545   548 D dalvikvm: GC_CONCURRENT freed 709K, 12% free 10409K/11719K, paused 1ms+3ms
07-05 12:12:54.365   545   548 D dalvikvm: GC_CONCURRENT freed 419K, 12% free 10385K/11719K, paused 2ms+2ms
07-05 12:12:54.455   545 15503 I DownloadManager: Initiating request for download 1793
07-05 12:12:54.533   156   167 D dalvikvm: GC_EXPLICIT freed 479K, 11% free 14200K/15879K, paused 3ms+6ms
07-05 12:12:54.599   545   548 D dalvikvm: GC_CONCURRENT freed 262K, 10% free 10582K/11719K, paused 2ms+3ms
07-05 12:12:54.705   545   548 D dalvikvm: GC_CONCURRENT freed 323K, 9% free 10742K/11719K, paused 2ms+3ms
07-05 12:12:54.908   545   548 D dalvikvm: GC_CONCURRENT freed 803K, 12% free 10397K/11719K, paused 2ms+3ms
07-05 12:12:55.088   545   548 D dalvikvm: GC_CONCURRENT freed 415K, 12% free 10377K/11719K, paused 1ms+2ms
07-05 12:12:55.228   545 15506 I DownloadManager: Initiating request for download 1794
07-05 12:12:55.283   545   548 D dalvikvm: GC_CONCURRENT freed 332K, 11% free 10444K/11719K, paused 2ms+3ms
07-05 12:12:55.385   545   548 D dalvikvm: GC_CONCURRENT freed 230K, 9% free 10673K/11719K, paused 2ms+3ms
07-05 12:12:55.502   545   548 D dalvikvm: GC_CONCURRENT freed 676K, 11% free 10438K/11719K, paused 1ms+2ms
07-05 12:12:55.650  1370 15508 D dalvikvm: GC_EXPLICIT freed 107K, 7% free 9095K/9735K, paused 2ms+2ms
07-05 12:12:55.654  1370 15508 E DictionaryProvider:UpdateHandler: Can't read a file : android.util.MalformedJsonException: Use JsonReader.setLenient(true) to accept malformed JSON at line 1 column 20
07-05 12:12:55.752   545   548 D dalvikvm: GC_CONCURRENT freed 431K, 12% free 10402K/11719K, paused 2ms+3ms
07-05 12:12:55.943   545   548 D dalvikvm: GC_CONCURRENT freed 420K, 12% free 10377K/11719K, paused 1ms+2ms
07-05 12:12:56.010   545 15510 I DownloadManager: Initiating request for download 1794
07-05 12:12:56.088   545   548 D dalvikvm: GC_CONCURRENT freed 231K, 10% free 10641K/11719K, paused 2ms+3ms
07-05 12:12:56.162   545   548 D dalvikvm: GC_CONCURRENT freed 317K, 9% free 10754K/11719K, paused 3ms+3ms
07-05 12:12:56.642   545   548 D dalvikvm: GC_CONCURRENT freed 815K, 12% free 10399K/11719K, paused 2ms+2ms
07-05 12:12:56.822   545   548 D dalvikvm: GC_CONCURRENT freed 414K, 12% free 10379K/11719K, paused 2ms+2ms
07-05 12:12:56.982   545 15514 I DownloadManager: Initiating request for download 1795
07-05 12:12:57.060   545   548 D dalvikvm: GC_CONCURRENT freed 308K, 11% free 10529K/11719K, paused 2ms+3ms
07-05 12:12:57.158   545   548 D dalvikvm: GC_CONCURRENT freed 294K, 9% free 10710K/11719K, paused 2ms+3ms
07-05 12:12:57.314   545   548 D dalvikvm: GC_CONCURRENT freed 723K, 11% free 10442K/11719K, paused 2ms+2ms
07-05 12:12:57.396  1370 15516 E DictionaryProvider:UpdateHandler: Can't read a file : android.util.MalformedJsonException: Use JsonReader.setLenient(true) to accept malformed JSON at line 1 column 20
07-05 12:12:57.549   545   548 D dalvikvm: GC_CONCURRENT freed 436K, 12% free 10397K/11719K, paused 2ms+2ms
07-05 12:12:57.720   545   548 D dalvikvm: GC_CONCURRENT freed 412K, 12% free 10375K/11719K, paused 2ms+3ms
07-05 12:12:57.756   545 15519 I DownloadManager: Initiating request for download 1795
07-05 12:12:57.857   545   548 D dalvikvm: GC_CONCURRENT freed 206K, 9% free 10701K/11719K, paused 2ms+3ms
07-05 12:12:57.990   545   548 D dalvikvm: GC_CONCURRENT freed 509K, 10% free 10663K/11719K, paused 2ms+2ms
07-05 12:12:58.213   545   548 D dalvikvm: GC_CONCURRENT freed 700K, 12% free 10394K/11719K, paused 1ms+3ms
07-05 12:12:58.400   545   548 D dalvikvm: GC_CONCURRENT freed 413K, 12% free 10384K/11719K, paused 1ms+3ms
07-05 12:12:58.494   545 15522 I DownloadManager: Initiating request for download 1796
07-05 12:12:58.580   545   548 D dalvikvm: GC_CONCURRENT freed 240K, 10% free 10603K/11719K, paused 1ms+3ms
07-05 12:12:58.685   545   548 D dalvikvm: GC_CONCURRENT freed 309K, 9% free 10762K/11719K, paused 2ms+3ms
07-05 12:12:58.849  1370 15524 E DictionaryProvider:UpdateHandler: Can't read a file : android.util.MalformedJsonException: Use JsonReader.setLenient(true) to accept malformed JSON at line 1 column 20
07-05 12:12:58.931   545   548 D dalvikvm: GC_CONCURRENT freed 803K, 12% free 10415K/11719K, paused 1ms+3ms
07-05 12:12:59.123   545   548 D dalvikvm: GC_CONCURRENT freed 426K, 12% free 10384K/11719K, paused 2ms+2ms
07-05 12:12:59.232   545 15527 I DownloadManager: Initiating request for download 1796
07-05 12:12:59.322   545   548 D dalvikvm: GC_CONCURRENT freed 308K, 10% free 10614K/11719K, paused 2ms+3ms
07-05 12:12:59.424   545   548 D dalvikvm: GC_CONCURRENT freed 365K, 9% free 10742K/11719K, paused 1ms+3ms
07-05 12:12:59.603   545   548 D dalvikvm: GC_CONCURRENT freed 761K, 11% free 10448K/11719K, paused 2ms+2ms
07-05 12:12:59.795   545   548 D dalvikvm: GC_CONCURRENT freed 452K, 12% free 10391K/11719K, paused 1ms+3ms
07-05 12:12:59.935   545 15530 I DownloadManager: Initiating request for download 1797
07-05 12:12:59.994   545   548 D dalvikvm: GC_CONCURRENT freed 335K, 11% free 10453K/11719K, paused 2ms+3ms
07-05 12:13:00.123   545   548 D dalvikvm: GC_CONCURRENT freed 219K, 9% free 10676K/11719K, paused 1ms+3ms
07-05 12:13:00.240   545   548 D dalvikvm: GC_CONCURRENT freed 458K, 9% free 10670K/11719K, paused 1ms+3ms
07-05 12:13:00.388  1370 15532 E DictionaryProvider:UpdateHandler: Can't read a file : android.util.MalformedJsonException: Use JsonReader.setLenient(true) to accept malformed JSON at line 1 column 20
07-05 12:13:00.506   545   548 D dalvikvm: GC_CONCURRENT freed 697K, 12% free 10405K/11719K, paused 1ms+2ms
07-05 12:13:00.701   545   548 D dalvikvm: GC_CONCURRENT freed 418K, 12% free 10391K/11719K, paused 2ms+2ms
07-05 12:13:00.763   545 15535 I DownloadManager: Initiating request for download 1797
07-05 12:13:00.857   545   548 D dalvikvm: GC_CONCURRENT freed 238K, 10% free 10607K/11719K, paused 1ms+3ms
07-05 12:13:00.963   545   548 D dalvikvm: GC_CONCURRENT freed 316K, 8% free 10787K/11719K, paused 2ms+3ms
07-05 12:13:01.174   545   548 D dalvikvm: GC_CONCURRENT freed 850K, 12% free 10406K/11719K, paused 2ms+2ms
07-05 12:13:01.353   545   548 D dalvikvm: GC_CONCURRENT freed 416K, 12% free 10385K/11719K, paused 2ms+2ms
07-05 12:13:01.506   545 15538 I DownloadManager: Initiating request for download 1798
07-05 12:13:01.611   545   548 D dalvikvm: GC_CONCURRENT freed 272K, 10% free 10571K/11719K, paused 2ms+3ms
07-05 12:13:01.713   545   548 D dalvikvm: GC_CONCURRENT freed 308K, 9% free 10744K/11719K, paused 1ms+3ms
07-05 12:13:01.896   545   548 D dalvikvm: GC_CONCURRENT freed 754K, 11% free 10452K/11719K, paused 2ms+2ms
07-05 12:13:01.963  1370 15540 E DictionaryProvider:UpdateHandler: Can't read a file : android.util.MalformedJsonException: Use JsonReader.setLenient(true) to accept malformed JSON at line 1 column 20
07-05 12:13:01.994  1370  1372 D dalvikvm: GC_CONCURRENT freed 369K, 7% free 9136K/9735K, paused 2ms+2ms
07-05 12:13:02.138   545   548 D dalvikvm: GC_CONCURRENT freed 443K, 12% free 10404K/11719K, paused 2ms+2ms
07-05 12:13:02.287   545 15543 I DownloadManager: Initiating request for download 1798
07-05 12:13:02.330   545   548 D dalvikvm: GC_CONCURRENT freed 401K, 12% free 10427K/11719K, paused 2ms+3ms
07-05 12:13:02.439   545   548 D dalvikvm: GC_CONCURRENT freed 209K, 9% free 10671K/11719K, paused 2ms+3ms
07-05 12:13:02.564   545   548 D dalvikvm: GC_CONCURRENT freed 442K, 9% free 10687K/11719K, paused 2ms+3ms
07-05 12:13:02.791   545   548 D dalvikvm: GC_CONCURRENT freed 723K, 12% free 10402K/11719K, paused 1ms+3ms
07-05 12:13:02.963   545   548 D dalvikvm: GC_CONCURRENT freed 413K, 12% free 10384K/11719K, paused 2ms+2ms
07-05 12:13:03.049   545 15546 I DownloadManager: Initiating request for download 1799
07-05 12:13:03.154   545   548 D dalvikvm: GC_CONCURRENT freed 226K, 10% free 10611K/11719K, paused 2ms+3ms
07-05 12:13:03.256   545   548 D dalvikvm: GC_CONCURRENT freed 328K, 9% free 10770K/11719K, paused 2ms+4ms
07-05 12:13:03.447  1370 15548 E DictionaryProvider:UpdateHandler: Can't read a file : android.util.MalformedJsonException: Use JsonReader.setLenient(true) to accept malformed JSON at line 1 column 20
07-05 12:13:03.513   545   548 D dalvikvm: GC_CONCURRENT freed 824K, 12% free 10429K/11719K, paused 1ms+3ms
07-05 12:13:03.693   545   548 D dalvikvm: GC_CONCURRENT freed 431K, 12% free 10393K/11719K, paused 2ms+2ms
07-05 12:13:03.803   545 15551 I DownloadManager: Initiating request for download 1799
07-05 12:13:03.873   545   548 D dalvikvm: GC_CONCURRENT freed 268K, 11% free 10545K/11719K, paused 2ms+2ms
07-05 12:13:03.974   545   548 D dalvikvm: GC_CONCURRENT freed 274K, 9% free 10768K/11719K, paused 2ms+3ms
07-05 12:13:04.142   545   548 D dalvikvm: GC_CONCURRENT freed 785K, 11% free 10449K/11719K, paused 2ms+3ms
07-05 12:13:04.349   545   548 D dalvikvm: GC_CONCURRENT freed 443K, 12% free 10401K/11719K, paused 2ms+2ms
07-05 12:13:04.572   545 15554 I DownloadManager: Initiating request for download 1800
07-05 12:13:04.595   545   548 D dalvikvm: GC_CONCURRENT freed 416K, 12% free 10399K/11719K, paused 2ms+3ms
07-05 12:13:04.709   545   548 D dalvikvm: GC_CONCURRENT freed 194K, 10% free 10664K/11719K, paused 2ms+2ms
07-05 12:13:04.826   545   548 D dalvikvm: GC_CONCURRENT freed 437K, 9% free 10680K/11719K, paused 2ms+3ms
07-05 12:13:04.967  1370 15556 E DictionaryProvider:UpdateHandler: Can't read a file : android.util.MalformedJsonException: Use JsonReader.setLenient(true) to accept malformed JSON at line 1 column 20
07-05 12:13:05.080   545   548 D dalvikvm: GC_CONCURRENT freed 701K, 12% free 10415K/11719K, paused 1ms+3ms
07-05 12:13:05.260   545   548 D dalvikvm: GC_CONCURRENT freed 419K, 12% free 10391K/11719K, paused 1ms+2ms
07-05 12:13:05.334   545 15559 I DownloadManager: Initiating request for download 1800
07-05 12:13:05.420   545   548 D dalvikvm: GC_CONCURRENT freed 253K, 10% free 10592K/11719K, paused 1ms+3ms
07-05 12:13:05.521   545   548 D dalvikvm: GC_CONCURRENT freed 309K, 9% free 10767K/11719K, paused 2ms+3ms
07-05 12:13:05.701   545   548 D dalvikvm: GC_CONCURRENT freed 816K, 12% free 10417K/11719K, paused 2ms+2ms
07-05 12:13:05.900   545   548 D dalvikvm: GC_CONCURRENT freed 411K, 12% free 10402K/11719K, paused 2ms+2ms
07-05 12:13:06.045   545 15562 I DownloadManager: Initiating request for download 1801
