07-05 13:24:51.652   545  1257 I DownloadManager: Initiating request for download 3972
07-05 13:24:51.707   545   548 D dalvikvm: GC_CONCURRENT freed 348K, 11% free 10514K/11719K, paused 2ms+2ms
07-05 13:24:51.808   545   548 D dalvikvm: GC_CONCURRENT freed 226K, 9% free 10749K/11719K, paused 2ms+3ms
07-05 13:24:51.933   545   548 D dalvikvm: GC_CONCURRENT freed 484K, 9% free 10743K/11719K, paused 2ms+2ms
07-05 13:24:52.164   545   548 D dalvikvm: GC_CONCURRENT freed 733K, 11% free 10463K/11719K, paused 2ms+3ms
07-05 13:24:52.359   545   548 D dalvikvm: GC_CONCURRENT freed 405K, 11% free 10446K/11719K, paused 2ms+2ms
07-05 13:24:53.039   545  1260 I DownloadManager: Initiating request for download 3973
07-05 13:24:53.160   545   548 D dalvikvm: GC_CONCURRENT freed 229K, 9% free 10674K/11719K, paused 2ms+3ms
07-05 13:24:53.269   545   548 D dalvikvm: GC_CONCURRENT freed 318K, 8% free 10853K/11719K, paused 2ms+3ms
07-05 13:24:53.496  1370  1262 E DictionaryProvider:UpdateHandler: Can't read a file : android.util.MalformedJsonException: Use JsonReader.setLenient(true) to accept malformed JSON at line 1 column 20
07-05 13:24:53.504   545   548 D dalvikvm: GC_CONCURRENT freed 881K, 11% free 10483K/11719K, paused 2ms+3ms
07-05 13:24:53.597  1370  1372 D dalvikvm: GC_CONCURRENT freed 387K, 7% free 9126K/9735K, paused 1ms+2ms
07-05 13:24:53.730   545   548 D dalvikvm: GC_CONCURRENT freed 424K, 11% free 10454K/11719K, paused 2ms+2ms
07-05 13:24:53.828   545  1265 I DownloadManager: Initiating request for download 3973
07-05 13:24:53.906   545   548 D dalvikvm: GC_CONCURRENT freed 291K, 10% free 10622K/11719K, paused 1ms+3ms
07-05 13:24:54.019   545   548 D dalvikvm: GC_CONCURRENT freed 327K, 8% free 10823K/11719K, paused 2ms+3ms
07-05 13:24:54.195   545   548 D dalvikvm: GC_CONCURRENT freed 796K, 11% free 10516K/11719K, paused 2ms+3ms
07-05 13:24:54.414   545   548 D dalvikvm: GC_CONCURRENT freed 449K, 11% free 10460K/11719K, paused 2ms+2ms
07-05 13:24:54.629   545   548 D dalvikvm: GC_CONCURRENT freed 395K, 11% free 10475K/11719K, paused 2ms+4ms
07-05 13:24:54.629   545  1268 I DownloadManager: Initiating request for download 3974
07-05 13:24:54.750   545   548 D dalvikvm: GC_CONCURRENT freed 202K, 9% free 10731K/11719K, paused 1ms+3ms
07-05 13:24:54.875   545   548 D dalvikvm: GC_CONCURRENT freed 459K, 9% free 10747K/11719K, paused 2ms+3ms
07-05 13:24:55.027  1370  1270 E DictionaryProvider:UpdateHandler: Can't read a file : android.util.MalformedJsonException: Use JsonReader.setLenient(true) to accept malformed JSON at line 1 column 20
07-05 13:24:55.133   545   548 D dalvikvm: GC_CONCURRENT freed 732K, 11% free 10474K/11719K, paused 2ms+2ms
07-05 13:24:55.320   545   548 D dalvikvm: GC_CONCURRENT freed 419K, 11% free 10449K/11719K, paused 2ms+2ms
07-05 13:24:55.410   545  1273 I DownloadManager: Initiating request for download 3974
07-05 13:24:55.484   545   548 D dalvikvm: GC_CONCURRENT freed 257K, 10% free 10654K/11719K, paused 2ms+3ms
07-05 13:24:55.590   545   548 D dalvikvm: GC_CONCURRENT freed 322K, 8% free 10837K/11719K, paused 2ms+3ms
07-05 13:24:55.797   545   548 D dalvikvm: GC_CONCURRENT freed 850K, 11% free 10476K/11719K, paused 2ms+2ms
07-05 13:24:55.984   545   548 D dalvikvm: GC_CONCURRENT freed 407K, 11% free 10457K/11719K, paused 1ms+2ms
07-05 13:24:56.160   545  1276 I DownloadManager: Initiating request for download 3975
07-05 13:24:56.230   545   548 D dalvikvm: GC_CONCURRENT freed 355K, 11% free 10523K/11719K, paused 2ms+3ms
07-05 13:24:56.336   545   548 D dalvikvm: GC_CONCURRENT freed 227K, 9% free 10755K/11719K, paused 2ms+3ms
07-05 13:24:56.476   545   548 D dalvikvm: GC_CONCURRENT freed 721K, 11% free 10517K/11719K, paused 2ms+3ms
07-05 13:24:56.605  1370  1278 E DictionaryProvider:UpdateHandler: Can't read a file : android.util.MalformedJsonException: Use JsonReader.setLenient(true) to accept malformed JSON at line 1 column 20
07-05 13:24:56.722   545   548 D dalvikvm: GC_CONCURRENT freed 434K, 11% free 10478K/11719K, paused 2ms+3ms
07-05 13:24:56.910   545   548 D dalvikvm: GC_CONCURRENT freed 419K, 11% free 10453K/11719K, paused 2ms+2ms
07-05 13:24:56.988   545  1281 I DownloadManager: Initiating request for download 3975
07-05 13:24:57.074   545   548 D dalvikvm: GC_CONCURRENT freed 258K, 10% free 10654K/11719K, paused 2ms+2ms
07-05 13:24:57.179   545   548 D dalvikvm: GC_CONCURRENT freed 329K, 8% free 10828K/11719K, paused 2ms+3ms
07-05 13:24:57.328   156   514 D dalvikvm: GC_EXPLICIT freed 557K, 12% free 14091K/16007K, paused 2ms+5ms
07-05 13:24:57.453   545   548 D dalvikvm: GC_CONCURRENT freed 836K, 11% free 10484K/11719K, paused 2ms+2ms
07-05 13:24:57.652   545   548 D dalvikvm: GC_CONCURRENT freed 431K, 11% free 10448K/11719K, paused 2ms+3ms
07-05 13:24:57.824   545  1284 I DownloadManager: Initiating request for download 3976
07-05 13:24:57.875   545   548 D dalvikvm: GC_CONCURRENT freed 358K, 11% free 10485K/11719K, paused 2ms+2ms
07-05 13:24:57.988   545   548 D dalvikvm: GC_CONCURRENT freed 209K, 9% free 10733K/11719K, paused 2ms+3ms
07-05 13:24:58.097   545   548 D dalvikvm: GC_CONCURRENT freed 456K, 9% free 10740K/11719K, paused 2ms+2ms
07-05 13:24:58.242  1370  1286 E DictionaryProvider:UpdateHandler: Can't read a file : android.util.MalformedJsonException: Use JsonReader.setLenient(true) to accept malformed JSON at line 1 column 20
07-05 13:24:58.343   545   548 D dalvikvm: GC_CONCURRENT freed 721K, 11% free 10472K/11719K, paused 2ms+3ms
07-05 13:24:58.531   545   548 D dalvikvm: GC_CONCURRENT freed 426K, 11% free 10440K/11719K, paused 1ms+2ms
07-05 13:24:58.617   545  1289 I DownloadManager: Initiating request for download 3976
07-05 13:24:58.699   545   548 D dalvikvm: GC_CONCURRENT freed 255K, 10% free 10645K/11719K, paused 2ms+3ms
07-05 13:24:58.808   545   548 D dalvikvm: GC_CONCURRENT freed 331K, 8% free 10885K/11719K, paused 2ms+3ms
07-05 13:24:59.039   545   548 D dalvikvm: GC_CONCURRENT freed 925K, 11% free 10464K/11719K, paused 2ms+2ms
07-05 13:24:59.218   545   548 D dalvikvm: GC_CONCURRENT freed 416K, 11% free 10443K/11719K, paused 1ms+2ms
07-05 13:24:59.347   545  1292 I DownloadManager: Initiating request for download 3977
07-05 13:24:59.429   545   548 D dalvikvm: GC_CONCURRENT freed 279K, 10% free 10622K/11719K, paused 2ms+3ms
07-05 13:24:59.535   545   548 D dalvikvm: GC_CONCURRENT freed 319K, 8% free 10812K/11719K, paused 2ms+4ms
07-05 13:24:59.691   545   548 D dalvikvm: GC_CONCURRENT freed 792K, 11% free 10503K/11719K, paused 1ms+3ms
07-05 13:24:59.773  1370  1294 E DictionaryProvider:UpdateHandler: Can't read a file : android.util.MalformedJsonException: Use JsonReader.setLenient(true) to accept malformed JSON at line 1 column 20
07-05 13:24:59.847  1370  1372 D dalvikvm: GC_CONCURRENT freed 366K, 7% free 9151K/9735K, paused 1ms+2ms
07-05 13:24:59.949   545   548 D dalvikvm: GC_CONCURRENT freed 431K, 11% free 10461K/11719K, paused 2ms+2ms
07-05 13:25:00.156   545   548 D dalvikvm: GC_CONCURRENT freed 411K, 11% free 10438K/11719K, paused 1ms+2ms
07-05 13:25:00.183   545  1297 I DownloadManager: Initiating request for download 3977
07-05 13:25:00.277   545   548 D dalvikvm: GC_CONCURRENT freed 182K, 9% free 10701K/11719K, paused 1ms+3ms
07-05 13:25:00.383   545   548 D dalvikvm: GC_CONCURRENT freed 415K, 9% free 10746K/11719K, paused 1ms+2ms
07-05 13:25:00.605   545   548 D dalvikvm: GC_CONCURRENT freed 739K, 11% free 10465K/11719K, paused 2ms+3ms
07-05 13:25:00.785   545   548 D dalvikvm: GC_CONCURRENT freed 415K, 11% free 10445K/11719K, paused 2ms+2ms
07-05 13:25:00.933   545  1300 I DownloadManager: Initiating request for download 3978
07-05 13:25:01.008   545   548 D dalvikvm: GC_CONCURRENT freed 288K, 10% free 10613K/11719K, paused 2ms+3ms
07-05 13:25:01.117   545   548 D dalvikvm: GC_CONCURRENT freed 328K, 8% free 10820K/11719K, paused 1ms+4ms
07-05 13:25:01.304   545   548 D dalvikvm: GC_CONCURRENT freed 835K, 11% free 10475K/11719K, paused 2ms+2ms
07-05 13:25:01.367  1370  1302 E DictionaryProvider:UpdateHandler: Can't read a file : android.util.MalformedJsonException: Use JsonReader.setLenient(true) to accept malformed JSON at line 1 column 20
07-05 13:25:01.531   545   548 D dalvikvm: GC_CONCURRENT freed 405K, 11% free 10465K/11719K, paused 2ms+2ms
07-05 13:25:01.722   545   548 D dalvikvm: GC_CONCURRENT freed 419K, 11% free 10440K/11719K, paused 2ms+3ms
07-05 13:25:01.742   545  1305 I DownloadManager: Initiating request for download 3978
07-05 13:25:01.840   545   548 D dalvikvm: GC_CONCURRENT freed 183K, 9% free 10716K/11719K, paused 2ms+2ms
07-05 13:25:01.957   545   548 D dalvikvm: GC_CONCURRENT freed 434K, 9% free 10749K/11719K, paused 2ms+3ms
07-05 13:25:02.183   545   548 D dalvikvm: GC_CONCURRENT freed 735K, 11% free 10466K/11719K, paused 2ms+2ms
07-05 13:25:02.359   545   548 D dalvikvm: GC_CONCURRENT freed 405K, 11% free 10448K/11719K, paused 2ms+3ms
07-05 13:25:02.496   545  1308 I DownloadManager: Initiating request for download 3979
07-05 13:25:02.578   545   548 D dalvikvm: GC_CONCURRENT freed 280K, 10% free 10626K/11719K, paused 3ms+3ms
07-05 13:25:02.675   545   548 D dalvikvm: GC_CONCURRENT freed 318K, 8% free 10806K/11719K, paused 2ms+3ms
07-05 13:25:02.847   545   548 D dalvikvm: GC_CONCURRENT freed 772K, 11% free 10514K/11719K, paused 2ms+2ms
07-05 13:25:03.027   545   548 D dalvikvm: GC_CONCURRENT freed 445K, 11% free 10464K/11719K, paused 1ms+2ms
07-05 13:25:03.207   545   548 D dalvikvm: GC_CONCURRENT freed 413K, 11% free 10446K/11719K, paused 2ms+2ms
07-05 13:25:03.664  1370  1310 D dalvikvm: GC_EXPLICIT freed 186K, 7% free 9102K/9735K, paused 1ms+2ms
07-05 13:25:03.730  1370  1310 E DictionaryProvider:UpdateHandler: Can't read a file : android.util.MalformedJsonException: Use JsonReader.setLenient(true) to accept malformed JSON at line 1 column 20
07-05 13:25:03.886   545   548 D dalvikvm: GC_CONCURRENT freed 357K, 11% free 10484K/11719K, paused 2ms+2ms
07-05 13:25:04.070   545   548 D dalvikvm: GC_CONCURRENT freed 419K, 11% free 10460K/11719K, paused 1ms+2ms
07-05 13:25:04.820   545   548 D dalvikvm: GC_CONCURRENT freed 375K, 11% free 10481K/11719K, paused 1ms+2ms
07-05 13:25:04.996   545   548 D dalvikvm: GC_CONCURRENT freed 413K, 11% free 10464K/11719K, paused 2ms+3ms
07-05 13:25:05.191   545   548 D dalvikvm: GC_CONCURRENT freed 406K, 11% free 10461K/11719K, paused 2ms+4ms
07-05 13:25:05.343   545  1313 I DownloadManager: Initiating request for download 3980
07-05 13:25:05.449   545   548 D dalvikvm: GC_CONCURRENT freed 278K, 10% free 10641K/11719K, paused 2ms+3ms
07-05 13:25:05.550   545   548 D dalvikvm: GC_CONCURRENT freed 321K, 8% free 10822K/11719K, paused 2ms+3ms
07-05 13:25:05.730   545   548 D dalvikvm: GC_CONCURRENT freed 801K, 11% free 10508K/11719K, paused 2ms+2ms
07-05 13:25:05.824  1370  1315 E DictionaryProvider:UpdateHandler: Can't read a file : android.util.MalformedJsonException: Use JsonReader.setLenient(true) to accept malformed JSON at line 1 column 20
07-05 13:25:05.965   545   548 D dalvikvm: GC_CONCURRENT freed 426K, 11% free 10470K/11719K, paused 2ms+4ms
07-05 13:25:06.156   545   548 D dalvikvm: GC_CONCURRENT freed 415K, 11% free 10446K/11719K, paused 1ms+2ms
07-05 13:25:06.179   545  1318 I DownloadManager: Initiating request for download 3980
07-05 13:25:06.285   545   548 D dalvikvm: GC_CONCURRENT freed 176K, 9% free 10732K/11719K, paused 2ms+3ms
07-05 13:25:06.406   545   548 D dalvikvm: GC_CONCURRENT freed 447K, 9% free 10755K/11719K, paused 1ms+2ms
07-05 13:25:06.633   545   548 D dalvikvm: GC_CONCURRENT freed 739K, 11% free 10471K/11719K, paused 1ms+2ms
07-05 13:25:06.808   545   548 D dalvikvm: GC_CONCURRENT freed 415K, 11% free 10451K/11719K, paused 2ms+3ms
07-05 13:25:06.941   545  1321 I DownloadManager: Initiating request for download 3981
07-05 13:25:07.027   545   548 D dalvikvm: GC_CONCURRENT freed 263K, 10% free 10632K/11719K, paused 2ms+3ms
07-05 13:25:07.129   545   548 D dalvikvm: GC_CONCURRENT freed 308K, 8% free 10811K/11719K, paused 2ms+3ms
07-05 13:25:07.293   545   548 D dalvikvm: GC_CONCURRENT freed 777K, 11% free 10514K/11719K, paused 2ms+2ms
07-05 13:25:07.355  1370  1323 E DictionaryProvider:UpdateHandler: Can't read a file : android.util.MalformedJsonException: Use JsonReader.setLenient(true) to accept malformed JSON at line 1 column 20
07-05 13:25:07.527   545   548 D dalvikvm: GC_CONCURRENT freed 434K, 11% free 10475K/11719K, paused 2ms+3ms
07-05 13:25:07.707   545   548 D dalvikvm: GC_CONCURRENT freed 420K, 11% free 10450K/11719K, paused 2ms+2ms
07-05 13:25:07.742   545  1326 I DownloadManager: Initiating request for download 3981
07-05 13:25:07.836   545   548 D dalvikvm: GC_CONCURRENT freed 199K, 9% free 10708K/11719K, paused 2ms+3ms
07-05 13:25:07.949   545   548 D dalvikvm: GC_CONCURRENT freed 417K, 9% free 10758K/11719K, paused 2ms+2ms
07-05 13:25:08.168   545   548 D dalvikvm: GC_CONCURRENT freed 738K, 11% free 10480K/11719K, paused 2ms+2ms
07-05 13:25:08.355   545   548 D dalvikvm: GC_CONCURRENT freed 411K, 11% free 10458K/11719K, paused 2ms+2ms
07-05 13:25:08.500   545  1329 I DownloadManager: Initiating request for download 3982
07-05 13:25:08.554   545   548 D dalvikvm: GC_CONCURRENT freed 313K, 10% free 10606K/11719K, paused 1ms+3ms
07-05 13:25:08.664   545   548 D dalvikvm: GC_CONCURRENT freed 299K, 8% free 10798K/11719K, paused 2ms+3ms
07-05 13:25:08.820   545   548 D dalvikvm: GC_CONCURRENT freed 753K, 11% free 10530K/11719K, paused 2ms+3ms
07-05 13:25:08.875  1370  1334 E DictionaryProvider:UpdateHandler: Can't read a file : android.util.MalformedJsonException: Use JsonReader.setLenient(true) to accept malformed JSON at line 1 column 20
07-05 13:25:09.043   545   548 D dalvikvm: GC_CONCURRENT freed 447K, 11% free 10478K/11719K, paused 2ms+2ms
07-05 13:25:09.222   545   548 D dalvikvm: GC_CONCURRENT freed 419K, 11% free 10454K/11719K, paused 2ms+3ms
07-05 13:25:09.273   545  1337 I DownloadManager: Initiating request for download 3982
07-05 13:25:09.355   545   548 D dalvikvm: GC_CONCURRENT freed 215K, 9% free 10698K/11719K, paused 3ms+3ms
07-05 13:25:09.468   545   548 D dalvikvm: GC_CONCURRENT freed 305K, 8% free 10863K/11719K, paused 2ms+3ms
07-05 13:25:09.691   545   548 D dalvikvm: GC_CONCURRENT freed 881K, 11% free 10479K/11719K, paused 2ms+2ms
07-05 13:25:09.875   545   548 D dalvikvm: GC_CONCURRENT freed 414K, 11% free 10460K/11719K, paused 1ms+2ms
07-05 13:25:10.015   545  1340 I DownloadManager: Initiating request for download 3983
07-05 13:25:10.093   545   548 D dalvikvm: GC_CONCURRENT freed 301K, 10% free 10602K/11719K, paused 2ms+3ms
07-05 13:25:10.195   545   548 D dalvikvm: GC_CONCURRENT freed 302K, 8% free 10806K/11719K, paused 2ms+3ms
07-05 13:25:10.359   545   548 D dalvikvm: GC_CONCURRENT freed 768K, 11% free 10521K/11719K, paused 2ms+2ms
07-05 13:25:10.461  1370  1342 E DictionaryProvider:UpdateHandler: Can't read a file : android.util.MalformedJsonException: Use JsonReader.setLenient(true) to accept malformed JSON at line 1 column 20
07-05 13:25:10.500  1370  1372 D dalvikvm: GC_CONCURRENT freed 369K, 7% free 9133K/9735K, paused 1ms+6ms
07-05 13:25:10.527   465  1343 D dalvikvm: GC_EXPLICIT freed 406K, 6% free 10491K/11079K, paused 2ms+3ms
07-05 13:25:10.652   545   548 D dalvikvm: GC_CONCURRENT freed 435K, 11% free 10481K/11719K, paused 2ms+2ms
07-05 13:25:10.855   545   548 D dalvikvm: GC_CONCURRENT freed 420K, 11% free 10466K/11719K, paused 2ms+3ms
07-05 13:25:10.894   545  1345 I DownloadManager: Initiating request for download 3983
07-05 13:25:11.019   545   548 D dalvikvm: GC_CONCURRENT freed 231K, 9% free 10708K/11719K, paused 2ms+3ms
07-05 13:25:11.125   545   548 D dalvikvm: GC_CONCURRENT freed 352K, 8% free 10861K/11719K, paused 2ms+3ms
07-05 13:25:11.343   545   548 D dalvikvm: GC_CONCURRENT freed 872K, 11% free 10484K/11719K, paused 2ms+2ms
07-05 13:25:11.531   545   548 D dalvikvm: GC_CONCURRENT freed 418K, 11% free 10460K/11719K, paused 1ms+2ms
07-05 13:25:11.664   545  1348 I DownloadManager: Initiating request for download 3984
07-05 13:25:11.758   545   548 D dalvikvm: GC_CONCURRENT freed 265K, 10% free 10656K/11719K, paused 2ms+3ms
07-05 13:25:11.859   545   548 D dalvikvm: GC_CONCURRENT freed 316K, 8% free 10846K/11719K, paused 3ms+3ms
07-05 13:25:12.047   545   548 D dalvikvm: GC_CONCURRENT freed 811K, 11% free 10521K/11719K, paused 2ms+2ms
07-05 13:25:12.179   156   403 D dalvikvm: GC_EXPLICIT freed 562K, 12% free 14092K/16007K, paused 3ms+6ms
07-05 13:25:12.207   545 11113 D dalvikvm: GC_EXPLICIT freed 107K, 11% free 10490K/11719K, paused 2ms+3ms
07-05 13:25:12.215  1370  1350 E DictionaryProvider:UpdateHandler: Can't read a file : android.util.MalformedJsonException: Use JsonReader.setLenient(true) to accept malformed JSON at line 1 column 20
07-05 13:25:12.418   545   548 D dalvikvm: GC_CONCURRENT freed 422K, 11% free 10457K/11719K, paused 2ms+2ms
07-05 13:25:12.543   545  1353 I DownloadManager: Initiating request for download 3984
07-05 13:25:12.590   545   548 D dalvikvm: GC_CONCURRENT freed 357K, 11% free 10517K/11719K, paused 2ms+2ms
07-05 13:25:12.699   545   548 D dalvikvm: GC_CONCURRENT freed 225K, 9% free 10752K/11719K, paused 2ms+3ms
07-05 13:25:12.828   545   548 D dalvikvm: GC_CONCURRENT freed 483K, 9% free 10753K/11719K, paused 1ms+2ms
07-05 13:25:13.062   545   548 D dalvikvm: GC_CONCURRENT freed 750K, 11% free 10463K/11719K, paused 1ms+2ms
07-05 13:25:13.250   545   548 D dalvikvm: GC_CONCURRENT freed 413K, 11% free 10445K/11719K, paused 2ms+2ms
07-05 13:25:13.347   545  1356 I DownloadManager: Initiating request for download 3985
07-05 13:25:13.433   545   548 D dalvikvm: GC_CONCURRENT freed 228K, 9% free 10677K/11719K, paused 2ms+3ms
07-05 13:25:13.535   545   548 D dalvikvm: GC_CONCURRENT freed 324K, 8% free 10853K/11719K, paused 2ms+3ms
07-05 13:25:13.746  1370  1358 E DictionaryProvider:UpdateHandler: Can't read a file : android.util.MalformedJsonException: Use JsonReader.setLenient(true) to accept malformed JSON at line 1 column 20
07-05 13:25:13.773   545   548 D dalvikvm: GC_CONCURRENT freed 883K, 11% free 10486K/11719K, paused 2ms+2ms
07-05 13:25:13.965   545   548 D dalvikvm: GC_CONCURRENT freed 423K, 11% free 10461K/11719K, paused 1ms+3ms
07-05 13:25:14.070   545  1361 I DownloadManager: Initiating request for download 3985
07-05 13:25:14.140   545   548 D dalvikvm: GC_CONCURRENT freed 312K, 10% free 10620K/11719K, paused 2ms+3ms
07-05 13:25:14.242   545   548 D dalvikvm: GC_CONCURRENT freed 317K, 8% free 10810K/11719K, paused 2ms+3ms
07-05 13:25:14.414   545   548 D dalvikvm: GC_CONCURRENT freed 781K, 11% free 10511K/11719K, paused 2ms+3ms
07-05 13:25:14.625   545   548 D dalvikvm: GC_CONCURRENT freed 442K, 11% free 10464K/11719K, paused 1ms+3ms
07-05 13:25:14.820   545   548 D dalvikvm: GC_CONCURRENT freed 415K, 11% free 10444K/11719K, paused 2ms+2ms
07-05 13:25:14.890   545  1365 I DownloadManager: Initiating request for download 3986
07-05 13:25:14.988   545   548 D dalvikvm: GC_CONCURRENT freed 195K, 9% free 10711K/11719K, paused 2ms+3ms
07-05 13:25:15.090   545   548 D dalvikvm: GC_CONCURRENT freed 423K, 9% free 10756K/11719K, paused 2ms+3ms
07-05 13:25:15.297   545   548 D dalvikvm: GC_CONCURRENT freed 710K, 11% free 10518K/11719K, paused 2ms+2ms
07-05 13:25:15.476   545   548 D dalvikvm: GC_CONCURRENT freed 422K, 11% free 10493K/11719K, paused 2ms+3ms
07-05 13:25:15.535  1370  1367 E DictionaryProvider:UpdateHandler: Can't read a file : android.util.MalformedJsonException: Use JsonReader.setLenient(true) to accept malformed JSON at line 1 column 20
07-05 13:25:15.644   545  1371 I DownloadManager: Initiating request for download 3986
07-05 13:25:15.718   545   548 D dalvikvm: GC_CONCURRENT freed 331K, 10% free 10619K/11719K, paused 1ms+3ms
07-05 13:25:15.816   545   548 D dalvikvm: GC_CONCURRENT freed 315K, 8% free 10800K/11719K, paused 1ms+3ms
07-05 13:25:15.968   545   548 D dalvikvm: GC_CONCURRENT freed 758K, 11% free 10520K/11719K, paused 2ms+2ms
07-05 13:25:16.172   545   548 D dalvikvm: GC_CONCURRENT freed 437K, 11% free 10469K/11719K, paused 2ms+2ms
07-05 13:25:16.355   545   548 D dalvikvm: GC_CONCURRENT freed 415K, 11% free 10449K/11719K, paused 1ms+2ms
07-05 13:25:16.433   545  1383 I DownloadManager: Initiating request for download 3987
07-05 13:25:16.535   545   548 D dalvikvm: GC_CONCURRENT freed 210K, 9% free 10698K/11719K, paused 2ms+2ms
07-05 13:25:16.636   545   548 D dalvikvm: GC_CONCURRENT freed 311K, 8% free 10872K/11719K, paused 2ms+3ms
07-05 13:25:16.840  1370  1386 E DictionaryProvider:UpdateHandler: Can't read a file : android.util.MalformedJsonException: Use JsonReader.setLenient(true) to accept malformed JSON at line 1 column 20
07-05 13:25:16.883  1370  1372 D dalvikvm: GC_CONCURRENT freed 383K, 7% free 9148K/9735K, paused 1ms+3ms
07-05 13:25:16.925   545   548 D dalvikvm: GC_CONCURRENT freed 889K, 11% free 10485K/11719K, paused 3ms+2ms
07-05 13:25:17.101   545   548 D dalvikvm: GC_CONCURRENT freed 421K, 11% free 10459K/11719K, paused 2ms+2ms
07-05 13:25:17.218   545  1389 I DownloadManager: Initiating request for download 3987
07-05 13:25:17.293   545   548 D dalvikvm: GC_CONCURRENT freed 311K, 10% free 10632K/11719K, paused 2ms+3ms
07-05 13:25:17.390   545   548 D dalvikvm: GC_CONCURRENT freed 318K, 8% free 10813K/11719K, paused 2ms+3ms
07-05 13:25:17.558   545   548 D dalvikvm: GC_CONCURRENT freed 780K, 11% free 10518K/11719K, paused 2ms+2ms
07-05 13:25:17.761   545   548 D dalvikvm: GC_CONCURRENT freed 444K, 11% free 10470K/11719K, paused 2ms+3ms
07-05 13:25:17.941   545   548 D dalvikvm: GC_CONCURRENT freed 414K, 11% free 10450K/11719K, paused 2ms+2ms
07-05 13:25:18.023   545  1392 I DownloadManager: Initiating request for download 3988
07-05 13:25:18.129   545   548 D dalvikvm: GC_CONCURRENT freed 171K, 9% free 10701K/11719K, paused 2ms+2ms
07-05 13:25:18.230   545   548 D dalvikvm: GC_CONCURRENT freed 301K, 8% free 10874K/11719K, paused 2ms+3ms
07-05 13:25:18.406  1370  1394 E DictionaryProvider:UpdateHandler: Can't read a file : android.util.MalformedJsonException: Use JsonReader.setLenient(true) to accept malformed JSON at line 1 column 20
07-05 13:25:18.488   545   548 D dalvikvm: GC_CONCURRENT freed 878K, 11% free 10489K/11719K, paused 2ms+3ms
07-05 13:25:18.668   545   548 D dalvikvm: GC_CONCURRENT freed 423K, 11% free 10461K/11719K, paused 2ms+2ms
07-05 13:25:18.797   545  1397 I DownloadManager: Initiating request for download 3988
07-05 13:25:18.847   545   548 D dalvikvm: GC_CONCURRENT freed 326K, 11% free 10528K/11719K, paused 2ms+2ms
07-05 13:25:18.953   545   548 D dalvikvm: GC_CONCURRENT freed 224K, 9% free 10763K/11719K, paused 2ms+2ms
07-05 13:25:19.074   545   548 D dalvikvm: GC_CONCURRENT freed 487K, 9% free 10762K/11719K, paused 2ms+3ms
07-05 13:25:19.320   545   548 D dalvikvm: GC_CONCURRENT freed 751K, 11% free 10486K/11719K, paused 2ms+2ms
07-05 13:25:19.488   545   548 D dalvikvm: GC_CONCURRENT freed 427K, 11% free 10455K/11719K, paused 2ms+2ms
07-05 13:25:19.574   545  1400 I DownloadManager: Initiating request for download 3989
07-05 13:25:19.668   545   548 D dalvikvm: GC_CONCURRENT freed 223K, 9% free 10690K/11719K, paused 2ms+3ms
07-05 13:25:19.773   545   548 D dalvikvm: GC_CONCURRENT freed 345K, 8% free 10864K/11719K, paused 2ms+4ms
07-05 13:25:20.000  1370  1402 E DictionaryProvider:UpdateHandler: Can't read a file : android.util.MalformedJsonException: Use JsonReader.setLenient(true) to accept malformed JSON at line 1 column 20
07-05 13:25:20.027   545   548 D dalvikvm: GC_CONCURRENT freed 892K, 11% free 10497K/11719K, paused 2ms+3ms
07-05 13:25:20.226   545   548 D dalvikvm: GC_CONCURRENT freed 425K, 11% free 10464K/11719K, paused 1ms+2ms
07-05 13:25:20.324   545  1406 I DownloadManager: Initiating request for download 3989
07-05 13:25:20.425   545   548 D dalvikvm: GC_CONCURRENT freed 291K, 10% free 10619K/11719K, paused 2ms+3ms
07-05 13:25:20.523   545   548 D dalvikvm: GC_CONCURRENT freed 289K, 8% free 10797K/11719K, paused 2ms+3ms
07-05 13:25:20.660   545   548 D dalvikvm: GC_CONCURRENT freed 747K, 11% free 10525K/11719K, paused 2ms+2ms
07-05 13:25:20.871   545   548 D dalvikvm: GC_CONCURRENT freed 442K, 11% free 10479K/11719K, paused 2ms+3ms
07-05 13:25:21.043   545   548 D dalvikvm: GC_CONCURRENT freed 414K, 11% free 10459K/11719K, paused 2ms+2ms
07-05 13:25:21.140   545  1409 I DownloadManager: Initiating request for download 3990
07-05 13:25:21.242   545   548 D dalvikvm: GC_CONCURRENT freed 223K, 9% free 10695K/11719K, paused 1ms+3ms
07-05 13:25:21.347   545   548 D dalvikvm: GC_CONCURRENT freed 326K, 8% free 10871K/11719K, paused 2ms+2ms
07-05 13:25:21.543  1370  1411 E DictionaryProvider:UpdateHandler: Can't read a file : android.util.MalformedJsonException: Use JsonReader.setLenient(true) to accept malformed JSON at line 1 column 20
07-05 13:25:21.605   545   548 D dalvikvm: GC_CONCURRENT freed 882K, 11% free 10504K/11719K, paused 2ms+3ms
07-05 13:25:21.777   545   548 D dalvikvm: GC_CONCURRENT freed 429K, 11% free 10470K/11719K, paused 2ms+2ms
07-05 13:25:21.906   545  1414 I DownloadManager: Initiating request for download 3990
07-05 13:25:21.984   545   548 D dalvikvm: GC_CONCURRENT freed 317K, 10% free 10646K/11719K, paused 2ms+3ms
07-05 13:25:22.093   545   548 D dalvikvm: GC_CONCURRENT freed 315K, 8% free 10819K/11719K, paused 2ms+3ms
07-05 13:25:22.250   545   548 D dalvikvm: GC_CONCURRENT freed 773K, 11% free 10531K/11719K, paused 2ms+2ms
07-05 13:25:22.453   545   548 D dalvikvm: GC_CONCURRENT freed 439K, 11% free 10479K/11719K, paused 2ms+3ms
07-05 13:25:22.640   545   548 D dalvikvm: GC_CONCURRENT freed 415K, 11% free 10459K/11719K, paused 2ms+2ms
07-05 13:25:22.722   545  1417 I DownloadManager: Initiating request for download 3991
07-05 13:25:22.816   545   548 D dalvikvm: GC_CONCURRENT freed 204K, 9% free 10714K/11719K, paused 2ms+3ms
07-05 13:25:22.914   545   548 D dalvikvm: GC_CONCURRENT freed 323K, 8% free 10875K/11719K, paused 2ms+2ms
07-05 13:25:23.086  1370  1419 E DictionaryProvider:UpdateHandler: Can't read a file : android.util.MalformedJsonException: Use JsonReader.setLenient(true) to accept malformed JSON at line 1 column 20
07-05 13:25:23.117  1370  1372 D dalvikvm: GC_CONCURRENT freed 405K, 7% free 9127K/9735K, paused 2ms+3ms
07-05 13:25:23.195   545   548 D dalvikvm: GC_CONCURRENT freed 882K, 11% free 10495K/11719K, paused 2ms+3ms
07-05 13:25:23.379   545   548 D dalvikvm: GC_CONCURRENT freed 421K, 11% free 10469K/11719K, paused 2ms+3ms
07-05 13:25:23.492   545  1422 I DownloadManager: Initiating request for download 3991
07-05 13:25:23.562   545   548 D dalvikvm: GC_CONCURRENT freed 304K, 10% free 10624K/11719K, paused 2ms+3ms
07-05 13:25:23.660   545   548 D dalvikvm: GC_CONCURRENT freed 326K, 8% free 10832K/11719K, paused 1ms+3ms
07-05 13:25:23.832   545   548 D dalvikvm: GC_CONCURRENT freed 798K, 11% free 10529K/11719K, paused 2ms+3ms
07-05 13:25:24.047   545   548 D dalvikvm: GC_CONCURRENT freed 436K, 11% free 10486K/11719K, paused 2ms+2ms
07-05 13:25:24.199   362   362 I wpa_supplicant: wlan0: CTRL-EVENT-DISCONNECTED bssid=d0:c2:82:66:6b:f0 reason=0
07-05 13:25:24.203    77   117 D CommandListener: Clearing all IP addresses on wlan0
07-05 13:25:24.215   156   330 D ConnectivityService: ConnectivityChange for WIFI: DISCONNECTED/DISCONNECTED
07-05 13:25:24.222   156   330 D ConnectivityService: Attempting to switch to mobile
07-05 13:25:24.222   156   330 D ConnectivityService: Attempting to switch to WIMAX
07-05 13:25:24.222   156   330 D ConnectivityService: Attempting to switch to BLUETOOTH_TETHER
07-05 13:25:24.226   156   330 E ConnectivityService: Exception trying to remove a route: java.lang.IllegalStateException: Unable to communicate with native dameon to add routes - com.android.server.NativeDaemonConnectorException: Cmd {interface route remove wlan0 default 128.205.59.254 32 0.0.0.0} failed with code 400 : {Failed to remove route from default table (No such process)}
07-05 13:25:24.234   156   330 D NetUtils: android_net_utils_resetConnections in env=0x6b2b60 clazz=0x98000001 iface=wlan0 mask=0x3
07-05 13:25:24.234   156   330 E ConnectivityService: Exception trying to remove a route: java.lang.IllegalStateException: Unable to communicate with native dameon to add routes - com.android.server.NativeDaemonConnectorException: Cmd {interface route remove wlan0 default 0.0.0.0 0 128.205.59.254} failed with code 400 : {Failed to remove route from default table (No such process)}
07-05 13:25:24.234   156   330 D ConnectivityService: resetConnections(wlan0, 3)
07-05 13:25:24.343   414   414 D dalvikvm: GC_FOR_ALLOC freed 402K, 38% free 10139K/16263K, paused 34ms
07-05 13:25:24.398   414   416 D dalvikvm: GC_CONCURRENT freed 436K, 38% free 10126K/16263K, paused 1ms+3ms
07-05 13:25:24.433   682  1055 E GTalkService: connectionClosed: no XMPPConnection - That's strange!
07-05 13:25:24.437   156   330 D ConnectivityService: handleInetConditionChange: no active default network - ignore
07-05 13:25:24.484   545   548 D dalvikvm: GC_CONCURRENT freed 419K, 11% free 10461K/11719K, paused 2ms+2ms
07-05 13:25:24.562   545  1425 I DownloadManager: Initiating request for download 3992
07-05 13:25:24.562   545  1425 W DownloadManager: Aborting request for download 3992: no network connection available
07-05 13:25:24.773   545   548 D dalvikvm: GC_CONCURRENT freed 359K, 11% free 10498K/11719K, paused 2ms+3ms
07-05 13:25:24.965   545   548 D dalvikvm: GC_CONCURRENT freed 420K, 11% free 10473K/11719K, paused 1ms+2ms
07-05 13:25:25.109   545  1427 I DownloadManager: Initiating request for download 3992
07-05 13:25:25.117   545  1427 W DownloadManager: Aborting request for download 3992: no network connection available
07-05 13:25:25.136   545   548 D dalvikvm: GC_CONCURRENT freed 376K, 11% free 10502K/11719K, paused 2ms+3ms
07-05 13:25:25.398   545   548 D dalvikvm: GC_CONCURRENT freed 411K, 11% free 10486K/11719K, paused 2ms+2ms
07-05 13:25:25.465   362   362 I wpa_supplicant: wlan0: Trying to associate with d0:c2:82:84:8d:51 (SSID='UB_Secure' freq=2462 MHz)
07-05 13:25:25.476   362   362 I wpa_supplicant: wlan0: CTRL-EVENT-DISCONNECTED bssid=d0:c2:82:84:8d:51 reason=0
07-05 13:25:25.500   362   362 I wpa_supplicant: wlan0: Associated with d0:c2:82:84:8d:51
07-05 13:25:25.500   362   362 I wpa_supplicant: wlan0: CTRL-EVENT-EAP-STARTED EAP authentication started
07-05 13:25:25.500   362   362 W wpa_supplicant: EAP: buildIdentity: identity configuration was not available
07-05 13:25:25.500   362   362 I wpa_supplicant: wlan0: CTRL-REQ-IDENTITY-4:Identity needed for SSID UB_Secure
07-05 13:25:25.636   545   548 D dalvikvm: GC_CONCURRENT freed 400K, 11% free 10474K/11719K, paused 2ms+3ms
07-05 13:25:25.886   545   548 D dalvikvm: GC_CONCURRENT freed 372K, 11% free 10499K/11719K, paused 2ms+2ms
07-05 13:25:26.070   545   548 D dalvikvm: GC_CONCURRENT freed 403K, 11% free 10487K/11719K, paused 2ms+3ms
07-05 13:25:26.254   545   548 D dalvikvm: GC_CONCURRENT freed 404K, 11% free 10470K/11719K, paused 2ms+2ms
07-05 13:25:26.445   156   172 V BackupManagerService: Running a backup pass
07-05 13:25:26.465   156   342 W BackupManagerService: Requested unavailable transport: com.google.android.backup/.BackupTransportService
07-05 13:25:26.465   156   342 V BackupManagerService: Backup requested but no transport available
07-05 13:25:27.308   156   333 D Tethering: MasterInitialState.processMessage what=3
07-05 13:25:27.386  1086  1105 D PicasaSyncManager: active network: null
07-05 13:25:27.386  1086  1105 D PicasaSyncManager: background data: true
07-05 13:25:27.449   156   576 D dalvikvm: GC_EXPLICIT freed 716K, 12% free 14116K/16007K, paused 2ms+5ms
07-05 13:25:27.468  1190  1190 I MediaUploader: No need to wake up
07-05 13:25:27.472   993   993 I PhoneLab-WiFiReceiver: Wi-Fi is disconnected!
07-05 13:25:31.961   156   330 D ConnectivityService: ConnectivityChange for mobile: CONNECTED/CONNECTED
07-05 13:25:32.031   482   486 D dalvikvm: GC_CONCURRENT freed 415K, 7% free 9492K/10119K, paused 2ms+3ms
07-05 13:25:32.035   156   326 D NetworkPolicy: applying policy NetworkPolicy[NetworkTemplate: matchRule=MOBILE_ALL, subscriberId=valid]: cycleDay=5, warningBytes=2147483648, limitBytes=-1, lastSnooze=-1 to ifaces [rmnet0]
07-05 13:25:32.961   156   330 D ConnectivityService: NetTransition Wakelock for WifiStateMachine released by timeout
07-05 13:25:33.711   682  1330 I EventLogService: Aggregate from 1341507333525 (log), 1341507333525 (data)
07-05 13:25:35.015   156   333 D Tethering: MasterInitialState.processMessage what=3
07-05 13:25:35.070   682   682 I GTalkService/c: [AndroidEndpoint@1095403848] connect: acct=1000001, state=CONNECTING
07-05 13:25:35.097  1190  1190 I MediaUploader: No need to wake up
07-05 13:25:35.105  1086  1105 D PicasaSyncManager: active network: NetworkInfo: type: mobile[CDMA - EvDo rev. A], state: CONNECTED/CONNECTED, reason: (unspecified), extra: , roaming: false, failover: true, isAvailable: true
07-05 13:25:35.109  1086  1105 D PicasaSyncManager: background data: true
07-05 13:25:35.324   545   548 D dalvikvm: GC_CONCURRENT freed 362K, 11% free 10499K/11719K, paused 2ms+3ms
07-05 13:25:35.586   545   548 D dalvikvm: GC_CONCURRENT freed 427K, 11% free 10463K/11719K, paused 2ms+2ms
07-05 13:25:35.851   545   548 D dalvikvm: GC_CONCURRENT freed 402K, 11% free 10451K/11719K, paused 1ms+2ms
07-05 13:25:36.222   682   685 D dalvikvm: GC_CONCURRENT freed 365K, 9% free 10163K/11079K, paused 16ms+6ms
07-05 13:25:38.457   156   330 D ConnectivityService: handleInetConditionHoldEnd: net=0, condition=100, published condition=0
07-05 13:25:58.617   156   568 D AlarmManagerService: Kernel timezone updated to 240 minutes west of GMT
07-05 13:26:02.394   993  1240 I PhoneLab-: Service Running
07-05 13:26:02.461   993  1240 I PhoneLab-LoggerService: app_49    1247  993   1956   1584  c00f181c 400107b4 S logcat
07-05 13:26:02.461   993  1240 I PhoneLab-LoggerService: Logcat pid from database 1247
07-05 13:26:02.461   993  1240 I PhoneLab-LoggerService: Logcat process found 1247
07-05 13:26:02.461   993  1240 I PhoneLab-LoggerService: Checking Threshold
07-05 13:26:02.461   993  1240 I PhoneLab-LoggerService: Starting to rename files
07-05 13:26:02.461   993  1240 I PhoneLab-LoggerService: Files found .. 35
07-05 13:26:02.465   993  1240 I PhoneLab-LoggerService: File 1 log.out.1
07-05 13:26:02.468   993  1240 I PhoneLab-LoggerService: Renamed successfully
07-05 13:26:10.191   156   167 D AlarmManagerService: Kernel timezone updated to 240 minutes west of GMT
07-05 13:26:25.402   362   362 I wpa_supplicant: wlan0: CTRL-EVENT-DISCONNECTED bssid=d0:c2:82:84:8d:51 reason=0
07-05 13:26:27.590   362   362 I wpa_supplicant: wlan0: Trying to associate with d0:c2:82:66:6b:f0 (SSID='UB_Wireless' freq=2462 MHz)
07-05 13:26:27.648   362   362 I wpa_supplicant: wlan0: CTRL-EVENT-DISCONNECTED bssid=d0:c2:82:66:6b:f0 reason=0
07-05 13:26:28.718   362   362 I wpa_supplicant: wlan0: Trying to associate with 64:a0:e7:5d:18:30 (SSID='UB_Wireless' freq=2412 MHz)
07-05 13:26:28.929    77   114 D NetlinkEvent: Unexpected netlink message. type=0xf
07-05 13:26:29.019   414   416 D dalvikvm: GC_CONCURRENT freed 300K, 38% free 10220K/16263K, paused 2ms+3ms
07-05 13:26:29.105   414   416 D dalvikvm: GC_CONCURRENT freed 355K, 37% free 10347K/16263K, paused 2ms+3ms
07-05 13:26:29.328   414   416 D dalvikvm: GC_CONCURRENT freed 365K, 37% free 10383K/16263K, paused 3ms+6ms
07-05 13:26:38.867   362   362 I wpa_supplicant: wlan0: Authentication with 64:a0:e7:5d:18:30 timed out.
07-05 13:26:40.461   362   362 I wpa_supplicant: wlan0: Trying to associate with d0:c2:82:66:69:d0 (SSID='UB_Wireless' freq=2462 MHz)
07-05 13:26:40.675    77   114 D NetlinkEvent: Unexpected netlink message. type=0xf
07-05 13:26:50.625   362   362 I wpa_supplicant: wlan0: Authentication with d0:c2:82:66:69:d0 timed out.
07-05 13:26:52.179   362   362 I wpa_supplicant: wlan0: Trying to associate with 64:a0:e7:5d:18:31 (SSID='UB_Secure' freq=2412 MHz)
07-05 13:26:52.406   362   362 I wpa_supplicant: wlan0: Associated with 64:a0:e7:5d:18:31
07-05 13:26:52.406   362   362 I wpa_supplicant: wlan0: CTRL-EVENT-EAP-STARTED EAP authentication started
07-05 13:26:52.406   362   362 W wpa_supplicant: EAP: buildIdentity: identity configuration was not available
07-05 13:26:52.406   362   362 I wpa_supplicant: wlan0: CTRL-REQ-IDENTITY-4:Identity needed for SSID UB_Secure
07-05 13:26:52.492    77   114 D NetlinkEvent: Unexpected netlink message. type=0x30
07-05 13:27:52.195    77   114 D NetlinkEvent: Unexpected netlink message. type=0x30
07-05 13:27:52.203   362   362 I wpa_supplicant: wlan0: CTRL-EVENT-DISCONNECTED bssid=64:a0:e7:5d:18:31 reason=0
07-05 13:27:53.488   362   362 I wpa_supplicant: wlan0: Trying to associate with d0:c2:82:66:6b:f0 (SSID='UB_Wireless' freq=2462 MHz)
07-05 13:27:53.543   362   362 I wpa_supplicant: wlan0: CTRL-EVENT-DISCONNECTED bssid=d0:c2:82:66:6b:f0 reason=0
07-05 13:27:53.656   362   362 E wpa_supplicant: ioctl[SIOCSIWPRIV] (cscan): -1
07-05 13:27:53.656   362   362 W wpa_supplicant: wlan0: Failed to initiate AP scan
07-05 13:27:55.258   362   362 I wpa_supplicant: wlan0: Trying to associate with d0:c2:82:84:8d:50 (SSID='UB_Wireless' freq=2462 MHz)
07-05 13:28:02.394   993  1240 I PhoneLab-: Service Running
07-05 13:28:02.492   993  1240 I PhoneLab-LoggerService: app_49    1247  993   1956   1584  c00f181c 400107b4 S logcat
07-05 13:28:02.492   993  1240 I PhoneLab-LoggerService: Logcat pid from database 1247
07-05 13:28:02.492   993  1240 I PhoneLab-LoggerService: Logcat process found 1247
07-05 13:28:02.492   993  1240 I PhoneLab-LoggerService: Checking Threshold
07-05 13:28:02.492   993  1240 I PhoneLab-LoggerService: Starting to rename files
07-05 13:28:02.492   993  1240 I PhoneLab-LoggerService: Files found .. 35
07-05 13:28:05.324   362   362 I wpa_supplicant: wlan0: Authentication with d0:c2:82:84:8d:50 timed out.
07-05 13:28:06.910   362   362 I wpa_supplicant: wlan0: Trying to associate with d0:c2:82:84:8d:50 (SSID='UB_Wireless' freq=2462 MHz)
07-05 13:28:06.968   362   362 I wpa_supplicant: wlan0: Associated with d0:c2:82:84:8d:50
07-05 13:28:06.968   362   362 I wpa_supplicant: wlan0: CTRL-EVENT-CONNECTED - Connection to d0:c2:82:84:8d:50 completed (reauth) [id=5 id_str=]
07-05 13:28:07.047 10815 10817 D dalvikvm: GC_CONCURRENT freed 449K, 8% free 10122K/10951K, paused 2ms+4ms
07-05 13:28:10.547   156   330 D ConnectivityService: ConnectivityChange for WIFI: CONNECTED/CONNECTED
07-05 13:28:10.547   156   330 D ConnectivityService: Policy requires mobile teardown
07-05 13:28:10.554   993   993 I PhoneLab-WiFiReceiver: Wi-Fi is connected!
07-05 13:28:10.558   993   993 I PhoneLab-WiFiReceiver: SSID: UB_Wireless BSSID: d0:c2:82:84:8d:50 RSSI: -200 LinkSpeed: -1
07-05 13:28:10.558   993   993 I PhoneLab-Locks: wake lock acquired
07-05 13:28:10.562   993   993 I PhoneLab-UploadLogs: Transfering log files now
07-05 13:28:10.613   156   330 D ConnectivityService: ConnectivityChange for mobile: DISCONNECTED/DISCONNECTED
07-05 13:28:10.613   156   330 D ConnectivityService: Attempting to switch to WIFI
07-05 13:28:10.613   156   330 D ConnectivityService: Attempting to switch to WIMAX
07-05 13:28:10.613   156   330 D ConnectivityService: Attempting to switch to BLUETOOTH_TETHER
07-05 13:28:10.617   156   325 W NetworkStats: dropping UID delta from unknown iface: iface=wlan0 uid=0 set=DEFAULT tag=0x0 rxBytes=72 rxPackets=1 txBytes=272 txPackets=4 operations=0
07-05 13:28:10.648   156   330 D NetUtils: android_net_utils_resetConnections in env=0x6b2b60 clazz=0xbac00001 iface=rmnet0 mask=0x3
07-05 13:28:10.648   156   330 D ConnectivityService: resetConnections(rmnet0, 3)
07-05 13:28:10.722   993   995 D dalvikvm: GC_CONCURRENT freed 1015K, 18% free 9203K/11207K, paused 2ms+17ms
07-05 13:28:10.758   993   993 D dalvikvm: GC_FOR_ALLOC freed 203K, 17% free 9305K/11207K, paused 25ms
07-05 13:28:10.836   993   993 D dalvikvm: GC_FOR_ALLOC freed 120K, 16% free 9433K/11207K, paused 70ms
07-05 13:28:10.851   414   416 D dalvikvm: GC_CONCURRENT freed 532K, 38% free 10239K/16263K, paused 1ms+2ms
07-05 13:28:10.871   993   993 I PhoneLab-UploadLogs: OnStartCommand
07-05 13:28:10.883   156   158 D dalvikvm: GC_CONCURRENT freed 1167K, 12% free 14223K/16007K, paused 2ms+18ms
07-05 13:28:10.957   682  1434 W Smack/Packet: notify conn break (IOEx), close connection
07-05 13:28:10.961   993   995 D dalvikvm: GC_CONCURRENT freed 300K, 14% free 9645K/11207K, paused 1ms+2ms
07-05 13:28:10.992   993  1467 D dalvikvm: GC_FOR_ALLOC freed 316K, 14% free 9656K/11207K, paused 12ms
07-05 13:28:11.008   993  1467 D dalvikvm: GC_FOR_ALLOC freed 301K, 14% free 9656K/11207K, paused 12ms
07-05 13:28:11.019   993  1467 D dalvikvm: GC_FOR_ALLOC freed 301K, 14% free 9657K/11207K, paused 12ms
07-05 13:28:11.113   682  1434 I qtaguid : Failed write_ctrl(u 68) res=-1 errno=22
07-05 13:28:11.113   682  1434 I qtaguid : Untagging socket 68 failed errno=-22
07-05 13:28:11.113   682  1434 W NetworkManagementSocketTagger: untagSocket(68) failed with errno -22
07-05 13:28:11.136   156   330 D ConnectivityService: handleInetConditionChange: net=0 != default=1 - ignore
07-05 13:28:12.554   993  1467 W System.err: org.apache.http.client.ClientProtocolException
07-05 13:28:12.558   993  1467 W System.err: 	at org.apache.http.impl.client.AbstractHttpClient.execute(AbstractHttpClient.java:557)
07-05 13:28:12.558   993  1467 W System.err: 	at org.apache.http.impl.client.AbstractHttpClient.execute(AbstractHttpClient.java:487)
07-05 13:28:12.558   993  1467 W System.err: 	at com.loopj.android.http.AsyncHttpRequest.makeRequest(Unknown Source)
07-05 13:28:12.558   993  1467 W System.err: 	at com.loopj.android.http.AsyncHttpRequest.makeRequestWithRetries(Unknown Source)
07-05 13:28:12.558   993  1467 W System.err: 	at com.loopj.android.http.AsyncHttpRequest.run(Unknown Source)
07-05 13:28:12.562   993  1467 W System.err: 	at java.util.concurrent.Executors$RunnableAdapter.call(Executors.java:442)
07-05 13:28:12.562   993  1467 W System.err: 	at java.util.concurrent.FutureTask$Sync.innerRun(FutureTask.java:305)
07-05 13:28:12.570   993  1467 W System.err: 	at java.util.concurrent.FutureTask.run(FutureTask.java:137)
07-05 13:28:12.570   993  1467 W System.err: 	at java.util.concurrent.ThreadPoolExecutor.runWorker(ThreadPoolExecutor.java:1076)
07-05 13:28:12.570   993  1467 W System.err: 	at java.util.concurrent.ThreadPoolExecutor$Worker.run(ThreadPoolExecutor.java:569)
07-05 13:28:12.574   993  1467 W System.err: 	at java.lang.Thread.run(Thread.java:856)
07-05 13:28:12.574   993  1467 W System.err: Caused by: org.apache.http.client.NonRepeatableRequestException: Cannot retry request with a non-repeatable request entity
07-05 13:28:12.574   993  1467 W System.err: 	at org.apache.http.impl.client.DefaultRequestDirector.execute(DefaultRequestDirector.java:420)
07-05 13:28:12.582   993  1467 W System.err: 	at org.apache.http.impl.client.AbstractHttpClient.execute(AbstractHttpClient.java:555)
07-05 13:28:12.582   993  1467 W System.err: 	... 10 more
07-05 13:28:12.586   993   993 E PhoneLab-: Transfering 1341502082478.log failed
07-05 13:28:12.586   993   993 I PhoneLab-Locks: wake lock released
07-05 13:28:13.633   156   333 D Tethering: MasterInitialState.processMessage what=3
07-05 13:28:13.675   682   682 I GTalkService/c: [AndroidEndpoint@1095403848] connect: acct=1000001, state=CONNECTING
07-05 13:28:13.691   156   333 D Tethering: MasterInitialState.processMessage what=3
07-05 13:28:13.699   156   333 D Tethering: MasterInitialState.processMessage what=3
07-05 13:28:13.750   682   685 D dalvikvm: GC_CONCURRENT freed 335K, 8% free 10216K/11079K, paused 2ms+3ms
07-05 13:28:13.785  1190  1190 I MediaUploader: No need to wake up
07-05 13:28:13.820  1086  1105 D PicasaSyncManager: active network: NetworkInfo: type: WIFI[], state: CONNECTED/CONNECTED, reason: (unspecified), extra: (none), roaming: false, failover: false, isAvailable: true
07-05 13:28:13.820  1086  1105 D PicasaSyncManager: background data: true
07-05 13:28:13.851  1190  1190 I MediaUploader: No need to wake up
07-05 13:28:13.918   414   416 D dalvikvm: GC_CONCURRENT freed 352K, 37% free 10379K/16263K, paused 2ms+2ms
07-05 13:28:13.976  1190  1190 I MediaUploader: No need to wake up
07-05 13:28:14.035  1086  1105 D PicasaSyncManager: active network: NetworkInfo: type: WIFI[], state: CONNECTED/CONNECTED, reason: (unspecified), extra: (none), roaming: false, failover: false, isAvailable: true
07-05 13:28:14.035  1086  1105 D PicasaSyncManager: background data: true
07-05 13:28:14.113   414   416 D dalvikvm: GC_CONCURRENT freed 461K, 37% free 10383K/16263K, paused 1ms+2ms
07-05 13:28:14.347   545   548 D dalvikvm: GC_CONCURRENT freed 359K, 11% free 10481K/11719K, paused 1ms+3ms
07-05 13:28:14.613   545   548 D dalvikvm: GC_CONCURRENT freed 409K, 11% free 10463K/11719K, paused 2ms+2ms
07-05 13:28:14.883   545   548 D dalvikvm: GC_CONCURRENT freed 405K, 11% free 10448K/11719K, paused 2ms+2ms
07-05 13:28:14.968   545  1471 I DownloadManager: Initiating request for download 3992
07-05 13:28:15.078   545   548 D dalvikvm: GC_CONCURRENT freed 179K, 9% free 10707K/11719K, paused 1ms+2ms
07-05 13:28:15.199   545   548 D dalvikvm: GC_CONCURRENT freed 305K, 8% free 10868K/11719K, paused 2ms+3ms
07-05 13:28:15.386  1370  1474 E DictionaryProvider:UpdateHandler: Can't read a file : android.util.MalformedJsonException: Use JsonReader.setLenient(true) to accept malformed JSON at line 1 column 20
07-05 13:28:15.531   545   548 D dalvikvm: GC_CONCURRENT freed 879K, 11% free 10483K/11719K, paused 2ms+2ms
07-05 13:28:15.804   545   548 D dalvikvm: GC_CONCURRENT freed 414K, 11% free 10459K/11719K, paused 2ms+2ms
07-05 13:28:15.992   545  1477 I DownloadManager: Initiating request for download 3992
07-05 13:28:16.050   545   548 D dalvikvm: GC_CONCURRENT freed 326K, 11% free 10526K/11719K, paused 2ms+2ms
07-05 13:28:16.168   545   548 D dalvikvm: GC_CONCURRENT freed 203K, 9% free 10748K/11719K, paused 2ms+2ms
07-05 13:28:16.308   545   548 D dalvikvm: GC_CONCURRENT freed 448K, 8% free 10786K/11719K, paused 2ms+2ms
07-05 13:28:16.633   545   548 D dalvikvm: GC_CONCURRENT freed 778K, 11% free 10475K/11719K, paused 2ms+2ms
07-05 13:28:16.933   545   548 D dalvikvm: GC_CONCURRENT freed 407K, 11% free 10454K/11719K, paused 2ms+2ms
07-05 13:28:17.101   545  1480 I DownloadManager: Initiating request for download 3993
07-05 13:28:17.203   545   548 D dalvikvm: GC_CONCURRENT freed 235K, 10% free 10656K/11719K, paused 4ms+3ms
07-05 13:28:17.332   545   548 D dalvikvm: GC_CONCURRENT freed 306K, 8% free 10829K/11719K, paused 2ms+3ms
07-05 13:28:17.523  1370  1482 E DictionaryProvider:UpdateHandler: Can't read a file : android.util.MalformedJsonException: Use JsonReader.setLenient(true) to accept malformed JSON at line 1 column 20
07-05 13:28:17.601   545   548 D dalvikvm: GC_CONCURRENT freed 813K, 11% free 10496K/11719K, paused 1ms+3ms
07-05 13:28:17.859   545   548 D dalvikvm: GC_CONCURRENT freed 416K, 11% free 10470K/11719K, paused 2ms+3ms
07-05 13:28:18.172   545   548 D dalvikvm: GC_CONCURRENT freed 401K, 11% free 10461K/11719K, paused 2ms+2ms
07-05 13:28:18.218   545  1485 I DownloadManager: Initiating request for download 3993
07-05 13:28:18.328   545   548 D dalvikvm: GC_CONCURRENT freed 186K, 9% free 10701K/11719K, paused 1ms+3ms
07-05 13:28:18.449   545   548 D dalvikvm: GC_CONCURRENT freed 315K, 8% free 10867K/11719K, paused 2ms+3ms
07-05 13:28:18.750   545   548 D dalvikvm: GC_CONCURRENT freed 881K, 11% free 10480K/11719K, paused 2ms+3ms
07-05 13:28:19.015   545   548 D dalvikvm: GC_CONCURRENT freed 407K, 11% free 10464K/11719K, paused 2ms+2ms
07-05 13:28:19.230   545  1488 I DownloadManager: Initiating request for download 3994
07-05 13:28:19.308   545   548 D dalvikvm: GC_CONCURRENT freed 324K, 11% free 10533K/11719K, paused 2ms+3ms
07-05 13:28:19.418   545   548 D dalvikvm: GC_CONCURRENT freed 212K, 9% free 10759K/11719K, paused 2ms+3ms
07-05 13:28:19.554   545   548 D dalvikvm: GC_CONCURRENT freed 471K, 9% free 10769K/11719K, paused 2ms+3ms
07-05 13:28:19.699  1370  1490 E DictionaryProvider:UpdateHandler: Can't read a file : android.util.MalformedJsonException: Use JsonReader.setLenient(true) to accept malformed JSON at line 1 column 20
07-05 13:28:19.890   545   548 D dalvikvm: GC_CONCURRENT freed 739K, 11% free 10486K/11719K, paused 2ms+2ms
07-05 13:28:20.164   545   548 D dalvikvm: GC_CONCURRENT freed 412K, 11% free 10462K/11719K, paused 2ms+2ms
07-05 13:28:20.289   545  1493 I DownloadManager: Initiating request for download 3994
07-05 13:28:20.383   545   548 D dalvikvm: GC_CONCURRENT freed 249K, 10% free 10653K/11719K, paused 2ms+3ms
07-05 13:28:20.508   545   548 D dalvikvm: GC_CONCURRENT freed 303K, 8% free 10826K/11719K, paused 1ms+3ms
07-05 13:28:20.711   545   548 D dalvikvm: GC_CONCURRENT freed 783K, 11% free 10524K/11719K, paused 2ms+2ms
07-05 13:28:20.980   545   548 D dalvikvm: GC_CONCURRENT freed 412K, 11% free 10502K/11719K, paused 2ms+2ms
07-05 13:28:21.250   545   548 D dalvikvm: GC_CONCURRENT freed 404K, 11% free 10489K/11719K, paused 2ms+2ms
07-05 13:28:22.218   545  1495 I DownloadManager: Initiating request for download 3995
07-05 13:28:22.336   545   548 D dalvikvm: GC_CONCURRENT freed 204K, 9% free 10707K/11719K, paused 2ms+3ms
07-05 13:28:22.461   545   548 D dalvikvm: GC_CONCURRENT freed 318K, 8% free 10872K/11719K, paused 2ms+2ms
07-05 13:28:22.636  1370  1498 E DictionaryProvider:UpdateHandler: Can't read a file : android.util.MalformedJsonException: Use JsonReader.setLenient(true) to accept malformed JSON at line 1 column 20
07-05 13:28:22.679  1370  1372 D dalvikvm: GC_CONCURRENT freed 387K, 7% free 9131K/9735K, paused 2ms+2ms
07-05 13:28:22.800   545   548 D dalvikvm: GC_CONCURRENT freed 875K, 11% free 10493K/11719K, paused 2ms+3ms
07-05 13:28:23.062   545   548 D dalvikvm: GC_CONCURRENT freed 415K, 11% free 10468K/11719K, paused 2ms+2ms
07-05 13:28:23.254   545  1501 I DownloadManager: Initiating request for download 3995
07-05 13:28:23.320   545   548 D dalvikvm: GC_CONCURRENT freed 356K, 11% free 10525K/11719K, paused 2ms+3ms
07-05 13:28:23.437   545   548 D dalvikvm: GC_CONCURRENT freed 202K, 9% free 10758K/11719K, paused 1ms+3ms
07-05 13:28:23.574   545   548 D dalvikvm: GC_CONCURRENT freed 465K, 9% free 10773K/11719K, paused 1ms+2ms
07-05 13:28:23.890   545   548 D dalvikvm: GC_CONCURRENT freed 752K, 11% free 10483K/11719K, paused 2ms+2ms
07-05 13:28:24.164   545   548 D dalvikvm: GC_CONCURRENT freed 409K, 11% free 10463K/11719K, paused 1ms+2ms
07-05 13:28:24.308   545  1504 I DownloadManager: Initiating request for download 3996
07-05 13:28:24.394   545   548 D dalvikvm: GC_CONCURRENT freed 232K, 10% free 10656K/11719K, paused 2ms+2ms
07-05 13:28:24.515   545   548 D dalvikvm: GC_CONCURRENT freed 320K, 8% free 10839K/11719K, paused 2ms+3ms
07-05 13:28:24.664   156   514 D dalvikvm: GC_EXPLICIT freed 708K, 12% free 14105K/16007K, paused 2ms+6ms
07-05 13:28:24.781  1370  1506 E DictionaryProvider:UpdateHandler: Can't read a file : android.util.MalformedJsonException: Use JsonReader.setLenient(true) to accept malformed JSON at line 1 column 20
07-05 13:28:24.867   545   548 D dalvikvm: GC_CONCURRENT freed 822K, 11% free 10512K/11719K, paused 2ms+3ms
07-05 13:28:25.133   545   548 D dalvikvm: GC_CONCURRENT freed 434K, 11% free 10469K/11719K, paused 2ms+2ms
07-05 13:28:25.398   545   548 D dalvikvm: GC_CONCURRENT freed 405K, 11% free 10455K/11719K, paused 2ms+2ms
07-05 13:28:25.453   545  1509 I DownloadManager: Initiating request for download 3996
07-05 13:28:25.547   545   548 D dalvikvm: GC_CONCURRENT freed 183K, 9% free 10709K/11719K, paused 1ms+3ms
07-05 13:28:25.679   545   548 D dalvikvm: GC_CONCURRENT freed 308K, 8% free 10882K/11719K, paused 1ms+2ms
07-05 13:28:25.988   545   548 D dalvikvm: GC_CONCURRENT freed 900K, 11% free 10485K/11719K, paused 2ms+2ms
07-05 13:28:26.246   545   548 D dalvikvm: GC_CONCURRENT freed 411K, 11% free 10462K/11719K, paused 2ms+2ms
07-05 13:28:26.457   545  1512 I DownloadManager: Initiating request for download 3997
07-05 13:28:26.535   545   548 D dalvikvm: GC_CONCURRENT freed 305K, 10% free 10617K/11719K, paused 2ms+4ms
07-05 13:28:26.668   545   548 D dalvikvm: GC_CONCURRENT freed 276K, 8% free 10797K/11719K, paused 2ms+2ms
07-05 13:28:26.847   545   548 D dalvikvm: GC_CONCURRENT freed 747K, 11% free 10526K/11719K, paused 2ms+2ms
07-05 13:28:26.961   545  3626 D dalvikvm: GC_EXPLICIT freed 104K, 11% free 10492K/11719K, paused 2ms+3ms
07-05 13:28:26.972  1370  1514 E DictionaryProvider:UpdateHandler: Can't read a file : android.util.MalformedJsonException: Use JsonReader.setLenient(true) to accept malformed JSON at line 1 column 20
07-05 13:28:27.246   545   548 D dalvikvm: GC_CONCURRENT freed 400K, 11% free 10481K/11719K, paused 2ms+3ms
07-05 13:28:27.515   545   548 D dalvikvm: GC_CONCURRENT freed 414K, 11% free 10458K/11719K, paused 2ms+2ms
07-05 13:28:27.597   545  1517 I DownloadManager: Initiating request for download 3997
07-05 13:28:27.699   545   548 D dalvikvm: GC_CONCURRENT freed 204K, 9% free 10690K/11719K, paused 2ms+3ms
07-05 13:28:27.828   545   548 D dalvikvm: GC_CONCURRENT freed 323K, 8% free 10856K/11719K, paused 2ms+3ms
07-05 13:28:28.105   545   548 D dalvikvm: GC_CONCURRENT freed 857K, 11% free 10485K/11719K, paused 2ms+3ms
07-05 13:28:28.363   545   548 D dalvikvm: GC_CONCURRENT freed 402K, 11% free 10469K/11719K, paused 2ms+2ms
07-05 13:28:28.609   545  1520 I DownloadManager: Initiating request for download 3998
07-05 13:28:28.675   545   548 D dalvikvm: GC_CONCURRENT freed 373K, 11% free 10526K/11719K, paused 2ms+3ms
07-05 13:28:28.800   545   548 D dalvikvm: GC_CONCURRENT freed 203K, 9% free 10759K/11719K, paused 2ms+2ms
07-05 13:28:28.929   545   548 D dalvikvm: GC_CONCURRENT freed 456K, 9% free 10775K/11719K, paused 2ms+2ms
07-05 13:28:29.105  1370  1522 E DictionaryProvider:UpdateHandler: Can't read a file : android.util.MalformedJsonException: Use JsonReader.setLenient(true) to accept malformed JSON at line 1 column 20
07-05 13:28:29.265   545   548 D dalvikvm: GC_CONCURRENT freed 749K, 11% free 10490K/11719K, paused 2ms+3ms
07-05 13:28:29.535   545   548 D dalvikvm: GC_CONCURRENT freed 414K, 11% free 10466K/11719K, paused 2ms+3ms
07-05 13:28:29.675   545  1525 I DownloadManager: Initiating request for download 3998
07-05 13:28:29.765   545   548 D dalvikvm: GC_CONCURRENT freed 265K, 10% free 10651K/11719K, paused 2ms+3ms
07-05 13:28:29.886   545   548 D dalvikvm: GC_CONCURRENT freed 308K, 8% free 10818K/11719K, paused 2ms+3ms
07-05 13:28:30.082   545   548 D dalvikvm: GC_CONCURRENT freed 772K, 11% free 10529K/11719K, paused 1ms+2ms
07-05 13:28:30.371   545   548 D dalvikvm: GC_CONCURRENT freed 437K, 11% free 10481K/11719K, paused 1ms+3ms
07-05 13:28:30.648   545   548 D dalvikvm: GC_CONCURRENT freed 408K, 11% free 10464K/11719K, paused 2ms+3ms
07-05 13:28:30.758   545  1528 I DownloadManager: Initiating request for download 3999
07-05 13:28:30.875   545   548 D dalvikvm: GC_CONCURRENT freed 198K, 9% free 10703K/11719K, paused 2ms+2ms
07-05 13:28:30.996   545   548 D dalvikvm: GC_CONCURRENT freed 322K, 8% free 10875K/11719K, paused 2ms+3ms
07-05 13:28:31.207  1370  1530 E DictionaryProvider:UpdateHandler: Can't read a file : android.util.MalformedJsonException: Use JsonReader.setLenient(true) to accept malformed JSON at line 1 column 20
07-05 13:28:31.242  1370  1372 D dalvikvm: GC_CONCURRENT freed 394K, 7% free 9128K/9735K, paused 2ms+2ms
07-05 13:28:31.324   545   548 D dalvikvm: GC_CONCURRENT freed 873K, 11% free 10500K/11719K, paused 2ms+2ms
07-05 13:28:31.586   545   548 D dalvikvm: GC_CONCURRENT freed 419K, 11% free 10472K/11719K, paused 2ms+2ms
07-05 13:28:31.781   545  1533 I DownloadManager: Initiating request for download 3999
07-05 13:28:31.843   545   548 D dalvikvm: GC_CONCURRENT freed 357K, 10% free 10599K/11719K, paused 2ms+3ms
07-05 13:28:31.961   545   548 D dalvikvm: GC_CONCURRENT freed 256K, 8% free 10794K/11719K, paused 2ms+2ms
07-05 13:28:32.121   545   548 D dalvikvm: GC_CONCURRENT freed 729K, 11% free 10541K/11719K, paused 2ms+2ms
07-05 13:28:32.406   545   548 D dalvikvm: GC_CONCURRENT freed 438K, 11% free 10488K/11719K, paused 2ms+2ms
07-05 13:28:32.683   545   548 D dalvikvm: GC_CONCURRENT freed 411K, 11% free 10468K/11719K, paused 2ms+2ms
07-05 13:28:32.851   545  1536 I DownloadManager: Initiating request for download 4000
07-05 13:28:32.949   545   548 D dalvikvm: GC_CONCURRENT freed 241K, 10% free 10663K/11719K, paused 3ms+3ms
07-05 13:28:33.066   545   548 D dalvikvm: GC_CONCURRENT freed 307K, 8% free 10836K/11719K, paused 2ms+3ms
07-05 13:28:33.285  1370  1538 E DictionaryProvider:UpdateHandler: Can't read a file : android.util.MalformedJsonException: Use JsonReader.setLenient(true) to accept malformed JSON at line 1 column 20
07-05 13:28:33.324   545   548 D dalvikvm: GC_CONCURRENT freed 832K, 11% free 10510K/11719K, paused 2ms+3ms
07-05 13:28:33.593   545   548 D dalvikvm: GC_CONCURRENT freed 420K, 11% free 10480K/11719K, paused 2ms+2ms
07-05 13:28:33.871   545   548 D dalvikvm: GC_CONCURRENT freed 405K, 11% free 10472K/11719K, paused 1ms+2ms
07-05 13:28:33.922   545  1541 I DownloadManager: Initiating request for download 4000
07-05 13:28:34.027   545   548 D dalvikvm: GC_CONCURRENT freed 190K, 9% free 10719K/11719K, paused 1ms+2ms
07-05 13:28:34.156   545   548 D dalvikvm: GC_CONCURRENT freed 318K, 8% free 10887K/11719K, paused 2ms+2ms
07-05 13:28:34.449   545   548 D dalvikvm: GC_CONCURRENT freed 890K, 11% free 10493K/11719K, paused 2ms+2ms
07-05 13:28:34.718   545   548 D dalvikvm: GC_CONCURRENT freed 408K, 11% free 10475K/11719K, paused 2ms+2ms
07-05 13:28:34.922   545  1544 I DownloadManager: Initiating request for download 4001
07-05 13:28:34.980   545   548 D dalvikvm: GC_CONCURRENT freed 320K, 11% free 10545K/11719K, paused 2ms+2ms
07-05 13:28:35.097   545   548 D dalvikvm: GC_CONCURRENT freed 214K, 9% free 10773K/11719K, paused 2ms+2ms
07-05 13:28:35.230   545   548 D dalvikvm: GC_CONCURRENT freed 474K, 8% free 10783K/11719K, paused 2ms+2ms
07-05 13:28:35.383  1370  1546 E DictionaryProvider:UpdateHandler: Can't read a file : android.util.MalformedJsonException: Use JsonReader.setLenient(true) to accept malformed JSON at line 1 column 20
07-05 13:28:35.574   545   548 D dalvikvm: GC_CONCURRENT freed 752K, 11% free 10497K/11719K, paused 1ms+3ms
07-05 13:28:35.840   545   548 D dalvikvm: GC_CONCURRENT freed 414K, 11% free 10473K/11719K, paused 2ms+2ms
07-05 13:28:35.968   545  1549 I DownloadManager: Initiating request for download 4001
07-05 13:28:36.043   545   548 D dalvikvm: GC_CONCURRENT freed 248K, 9% free 10667K/11719K, paused 2ms+3ms
07-05 13:28:36.168   545   548 D dalvikvm: GC_CONCURRENT freed 301K, 8% free 10844K/11719K, paused 2ms+3ms
07-05 13:28:36.394   545   548 D dalvikvm: GC_CONCURRENT freed 823K, 11% free 10505K/11719K, paused 1ms+3ms
07-05 13:28:36.672   545   548 D dalvikvm: GC_CONCURRENT freed 411K, 11% free 10484K/11719K, paused 2ms+2ms
07-05 13:28:36.949   545   548 D dalvikvm: GC_CONCURRENT freed 405K, 11% free 10470K/11719K, paused 2ms+2ms
07-05 13:28:37.035   545  1552 I DownloadManager: Initiating request for download 4002
07-05 13:28:37.148   545   548 D dalvikvm: GC_CONCURRENT freed 189K, 9% free 10718K/11719K, paused 1ms+3ms
07-05 13:28:37.269   545   548 D dalvikvm: GC_CONCURRENT freed 327K, 8% free 10889K/11719K, paused 2ms+2ms
07-05 13:28:37.472  1370  1554 E DictionaryProvider:UpdateHandler: Can't read a file : android.util.MalformedJsonException: Use JsonReader.setLenient(true) to accept malformed JSON at line 1 column 20
07-05 13:28:37.593   545   548 D dalvikvm: GC_CONCURRENT freed 884K, 11% free 10505K/11719K, paused 2ms+2ms
07-05 13:28:37.855   545   548 D dalvikvm: GC_CONCURRENT freed 416K, 11% free 10480K/11719K, paused 2ms+2ms
07-05 13:28:38.050   545  1557 I DownloadManager: Initiating request for download 4002
07-05 13:28:38.117   545   548 D dalvikvm: GC_CONCURRENT freed 339K, 11% free 10544K/11719K, paused 2ms+2ms
07-05 13:28:38.226   545   548 D dalvikvm: GC_CONCURRENT freed 206K, 9% free 10775K/11719K, paused 2ms+2ms
07-05 13:28:38.371   545   548 D dalvikvm: GC_CONCURRENT freed 468K, 8% free 10790K/11719K, paused 2ms+2ms
07-05 13:28:38.691   545   548 D dalvikvm: GC_CONCURRENT freed 760K, 11% free 10497K/11719K, paused 2ms+3ms
07-05 13:28:38.961   545   548 D dalvikvm: GC_CONCURRENT freed 412K, 11% free 10476K/11719K, paused 1ms+2ms
07-05 13:28:39.121   545  1560 I DownloadManager: Initiating request for download 4003
07-05 13:28:39.215   545   548 D dalvikvm: GC_CONCURRENT freed 253K, 9% free 10681K/11719K, paused 1ms+3ms
07-05 13:28:39.340   545   548 D dalvikvm: GC_CONCURRENT freed 313K, 8% free 10853K/11719K, paused 2ms+4ms
07-05 13:28:39.550  1370  1562 E DictionaryProvider:UpdateHandler: Can't read a file : android.util.MalformedJsonException: Use JsonReader.setLenient(true) to accept malformed JSON at line 1 column 20
07-05 13:28:39.633   465   467 D dalvikvm: GC_CONCURRENT freed 385K, 6% free 10494K/11079K, paused 1ms+2ms
07-05 13:28:39.648  1370  1372 D dalvikvm: GC_CONCURRENT freed 414K, 7% free 9130K/9735K, paused 1ms+10ms
07-05 13:28:39.664   545   548 D dalvikvm: GC_CONCURRENT freed 840K, 11% free 10518K/11719K, paused 1ms+2ms
07-05 13:28:39.925   545   548 D dalvikvm: GC_CONCURRENT freed 411K, 11% free 10493K/11719K, paused 2ms+2ms
07-05 13:28:40.191   545   548 D dalvikvm: GC_CONCURRENT freed 409K, 11% free 10474K/11719K, paused 1ms+2ms
07-05 13:28:40.242   545  1565 I DownloadManager: Initiating request for download 4003
07-05 13:28:40.347   545   548 D dalvikvm: GC_CONCURRENT freed 182K, 9% free 10729K/11719K, paused 2ms+3ms
07-05 13:28:40.472   545   548 D dalvikvm: GC_CONCURRENT freed 337K, 8% free 10895K/11719K, paused 2ms+3ms
07-05 13:28:40.781   545   548 D dalvikvm: GC_CONCURRENT freed 898K, 11% free 10502K/11719K, paused 2ms+2ms
07-05 13:28:41.043   545   548 D dalvikvm: GC_CONCURRENT freed 410K, 11% free 10482K/11719K, paused 2ms+2ms
07-05 13:28:41.234   545  1568 I DownloadManager: Initiating request for download 4004
07-05 13:28:41.324   545   548 D dalvikvm: GC_CONCURRENT freed 301K, 10% free 10626K/11719K, paused 2ms+3ms
07-05 13:28:41.441   545   548 D dalvikvm: GC_CONCURRENT freed 277K, 8% free 10817K/11719K, paused 1ms+3ms
07-05 13:28:41.605   545   548 D dalvikvm: GC_CONCURRENT freed 753K, 10% free 10548K/11719K, paused 2ms+2ms
07-05 13:28:41.871   545   548 D dalvikvm: GC_CONCURRENT freed 406K, 11% free 10533K/11719K, paused 2ms+2ms
07-05 13:28:42.140   545   548 D dalvikvm: GC_CONCURRENT freed 400K, 11% free 10524K/11719K, paused 2ms+3ms
07-05 13:28:43.230  1370  1570 E DictionaryProvider:UpdateHandler: Can't read a file : android.util.MalformedJsonException: Use JsonReader.setLenient(true) to accept malformed JSON at line 1 column 20
07-05 13:28:43.379   545   548 D dalvikvm: GC_CONCURRENT freed 394K, 11% free 10521K/11719K, paused 1ms+2ms
07-05 13:28:43.644   545   548 D dalvikvm: GC_CONCURRENT freed 421K, 11% free 10491K/11719K, paused 2ms+2ms
07-05 13:28:43.929   545   548 D dalvikvm: GC_CONCURRENT freed 403K, 11% free 10478K/11719K, paused 3ms+2ms
07-05 13:28:44.058   156   156 D dalvikvm: GC_EXPLICIT freed 513K, 12% free 14092K/16007K, paused 3ms+6ms
07-05 13:28:44.074   545  1573 I DownloadManager: Initiating request for download 4004
07-05 13:28:44.074   545  1573 W DownloadManager: Aborting request for download 4004: Trying to resume a download that can't be resumed
07-05 13:28:44.379   545   548 D dalvikvm: GC_CONCURRENT freed 352K, 11% free 10512K/11719K, paused 2ms+3ms
07-05 13:28:44.652   545   548 D dalvikvm: GC_CONCURRENT freed 427K, 11% free 10475K/11719K, paused 2ms+2ms
07-05 13:28:44.914   545   548 D dalvikvm: GC_CONCURRENT freed 403K, 11% free 10462K/11719K, paused 2ms+2ms
07-05 13:28:44.992   545  1576 I DownloadManager: Initiating request for download 4005
07-05 13:28:45.105   545   548 D dalvikvm: GC_CONCURRENT freed 178K, 9% free 10705K/11719K, paused 1ms+3ms
07-05 13:28:45.234   545   548 D dalvikvm: GC_CONCURRENT freed 318K, 7% free 10911K/11719K, paused 2ms+3ms
07-05 13:28:45.402  1370  1578 E DictionaryProvider:UpdateHandler: Can't read a file : android.util.MalformedJsonException: Use JsonReader.setLenient(true) to accept malformed JSON at line 1 column 20
07-05 13:28:45.566   545   548 D dalvikvm: GC_CONCURRENT freed 923K, 11% free 10496K/11719K, paused 2ms+2ms
07-05 13:28:45.824   545   548 D dalvikvm: GC_CONCURRENT freed 415K, 11% free 10473K/11719K, paused 1ms+2ms
07-05 13:28:46.004   545  1581 I DownloadManager: Initiating request for download 4005
07-05 13:28:46.078   545   548 D dalvikvm: GC_CONCURRENT freed 328K, 10% free 10616K/11719K, paused 1ms+3ms
07-05 13:28:46.195   545   548 D dalvikvm: GC_CONCURRENT freed 263K, 8% free 10800K/11719K, paused 2ms+3ms
07-05 13:28:46.367   545   548 D dalvikvm: GC_CONCURRENT freed 734K, 11% free 10536K/11719K, paused 2ms+3ms
07-05 13:28:46.652   545   548 D dalvikvm: GC_CONCURRENT freed 438K, 11% free 10489K/11719K, paused 2ms+2ms
07-05 13:28:46.929   545   548 D dalvikvm: GC_CONCURRENT freed 411K, 11% free 10468K/11719K, paused 2ms+3ms
07-05 13:28:47.093   545  1584 I DownloadManager: Initiating request for download 4006
07-05 13:28:47.179   545   548 D dalvikvm: GC_CONCURRENT freed 243K, 9% free 10666K/11719K, paused 1ms+3ms
07-05 13:28:47.300   545   548 D dalvikvm: GC_CONCURRENT freed 308K, 8% free 10841K/11719K, paused 1ms+2ms
07-05 13:28:47.508   545   548 D dalvikvm: GC_CONCURRENT freed 824K, 11% free 10502K/11719K, paused 2ms+2ms
07-05 13:28:47.554  1370  1586 E DictionaryProvider:UpdateHandler: Can't read a file : android.util.MalformedJsonException: Use JsonReader.setLenient(true) to accept malformed JSON at line 1 column 20
07-05 13:28:47.812   545   548 D dalvikvm: GC_CONCURRENT freed 405K, 11% free 10487K/11719K, paused 1ms+2ms
07-05 13:28:48.086   545   548 D dalvikvm: GC_CONCURRENT freed 410K, 11% free 10468K/11719K, paused 2ms+2ms
07-05 13:28:48.148   545  1589 I DownloadManager: Initiating request for download 4006
07-05 13:28:48.238   545   548 D dalvikvm: GC_CONCURRENT freed 202K, 9% free 10709K/11719K, paused 2ms+3ms
07-05 13:28:48.363   545   548 D dalvikvm: GC_CONCURRENT freed 301K, 8% free 10885K/11719K, paused 2ms+2ms
07-05 13:28:48.660   545   548 D dalvikvm: GC_CONCURRENT freed 889K, 11% free 10495K/11719K, paused 2ms+2ms
07-05 13:28:48.929   545   548 D dalvikvm: GC_CONCURRENT freed 407K, 11% free 10478K/11719K, paused 2ms+3ms
07-05 13:28:49.199   545   548 D dalvikvm: GC_CONCURRENT freed 365K, 11% free 10508K/11719K, paused 2ms+3ms
07-05 13:28:49.218   545  1592 I DownloadManager: Initiating request for download 4007
07-05 13:28:49.343   545   548 D dalvikvm: GC_CONCURRENT freed 189K, 9% free 10756K/11719K, paused 2ms+2ms
07-05 13:28:49.468   545   548 D dalvikvm: GC_CONCURRENT freed 447K, 8% free 10788K/11719K, paused 2ms+3ms
07-05 13:28:49.633  1370  1594 E DictionaryProvider:UpdateHandler: Can't read a file : android.util.MalformedJsonException: Use JsonReader.setLenient(true) to accept malformed JSON at line 1 column 20
07-05 13:28:49.707  1370  1372 D dalvikvm: GC_CONCURRENT freed 393K, 7% free 9128K/9735K, paused 2ms+2ms
07-05 13:28:49.804   545   548 D dalvikvm: GC_CONCURRENT freed 755K, 11% free 10501K/11719K, paused 2ms+3ms
07-05 13:28:50.062   545   548 D dalvikvm: GC_CONCURRENT freed 414K, 11% free 10477K/11719K, paused 1ms+2ms
07-05 13:28:50.230   545  1598 I DownloadManager: Initiating request for download 4007
07-05 13:28:50.312   545   548 D dalvikvm: GC_CONCURRENT freed 293K, 10% free 10625K/11719K, paused 2ms+3ms
07-05 13:28:50.422   545   548 D dalvikvm: GC_CONCURRENT freed 256K, 8% free 10802K/11719K, paused 2ms+3ms
07-05 13:28:50.566   545   548 D dalvikvm: GC_CONCURRENT freed 730K, 11% free 10544K/11719K, paused 2ms+3ms
07-05 13:28:50.824   545   548 D dalvikvm: GC_CONCURRENT freed 406K, 11% free 10528K/11719K, paused 1ms+2ms
07-05 13:28:51.093   545   548 D dalvikvm: GC_CONCURRENT freed 405K, 11% free 10513K/11719K, paused 1ms+2ms
07-05 13:28:51.929   545  1600 I DownloadManager: Initiating request for download 4008
07-05 13:28:52.019   545   548 D dalvikvm: GC_CONCURRENT freed 293K, 9% free 10677K/11719K, paused 1ms+4ms
07-05 13:28:52.152   545   548 D dalvikvm: GC_CONCURRENT freed 299K, 8% free 10839K/11719K, paused 2ms+3ms
07-05 13:28:52.375   545   548 D dalvikvm: GC_CONCURRENT freed 818K, 11% free 10506K/11719K, paused 2ms+3ms
07-05 13:28:52.406  1370  1603 E DictionaryProvider:UpdateHandler: Can't read a file : android.util.MalformedJsonException: Use JsonReader.setLenient(true) to accept malformed JSON at line 1 column 20
07-05 13:28:52.679   545   548 D dalvikvm: GC_CONCURRENT freed 402K, 11% free 10495K/11719K, paused 2ms+2ms
07-05 13:28:52.941   545   548 D dalvikvm: GC_CONCURRENT freed 409K, 11% free 10476K/11719K, paused 2ms+2ms
07-05 13:28:53.027   545  1606 I DownloadManager: Initiating request for download 4008
07-05 13:28:53.133   545   548 D dalvikvm: GC_CONCURRENT freed 213K, 9% free 10754K/11719K, paused 2ms+2ms
07-05 13:28:53.254   545   548 D dalvikvm: GC_CONCURRENT freed 363K, 8% free 10898K/11719K, paused 2ms+3ms
07-05 13:28:53.554   545   548 D dalvikvm: GC_CONCURRENT freed 902K, 11% free 10500K/11719K, paused 1ms+2ms
07-05 13:28:53.800   545   548 D dalvikvm: GC_CONCURRENT freed 409K, 11% free 10482K/11719K, paused 2ms+2ms
07-05 13:28:54.015   545  1609 I DownloadManager: Initiating request for download 4009
07-05 13:28:54.093   545   548 D dalvikvm: GC_CONCURRENT freed 328K, 10% free 10615K/11719K, paused 2ms+4ms
07-05 13:28:54.218   545   548 D dalvikvm: GC_CONCURRENT freed 261K, 8% free 10809K/11719K, paused 2ms+3ms
07-05 13:28:54.390   545   548 D dalvikvm: GC_CONCURRENT freed 742K, 10% free 10550K/11719K, paused 2ms+3ms
07-05 13:28:54.457  1370  1611 E DictionaryProvider:UpdateHandler: Can't read a file : android.util.MalformedJsonException: Use JsonReader.setLenient(true) to accept malformed JSON at line 1 column 20
07-05 13:28:54.691   545   548 D dalvikvm: GC_CONCURRENT freed 434K, 11% free 10506K/11719K, paused 2ms+3ms
07-05 13:28:54.953   545   548 D dalvikvm: GC_CONCURRENT freed 416K, 11% free 10481K/11719K, paused 1ms+2ms
07-05 13:28:55.093   545  1614 I DownloadManager: Initiating request for download 4009
07-05 13:28:55.175   545   548 D dalvikvm: GC_CONCURRENT freed 279K, 9% free 10679K/11719K, paused 2ms+4ms
07-05 13:28:55.308   545   548 D dalvikvm: GC_CONCURRENT freed 300K, 8% free 10857K/11719K, paused 2ms+2ms
07-05 13:28:55.550   545   548 D dalvikvm: GC_CONCURRENT freed 838K, 11% free 10508K/11719K, paused 2ms+2ms
07-05 13:28:55.808   545   548 D dalvikvm: GC_CONCURRENT freed 408K, 11% free 10491K/11719K, paused 2ms+2ms
07-05 13:28:56.082   545   548 D dalvikvm: GC_CONCURRENT freed 401K, 11% free 10482K/11719K, paused 2ms+2ms
07-05 13:28:56.168   545  1617 I DownloadManager: Initiating request for download 4010
07-05 13:28:56.277   545   548 D dalvikvm: GC_CONCURRENT freed 180K, 9% free 10775K/11719K, paused 1ms+2ms
07-05 13:28:56.406   545   548 D dalvikvm: GC_CONCURRENT freed 355K, 7% free 10904K/11719K, paused 2ms+3ms
07-05 13:28:56.578  1370  1619 E DictionaryProvider:UpdateHandler: Can't read a file : android.util.MalformedJsonException: Use JsonReader.setLenient(true) to accept malformed JSON at line 1 column 20
07-05 13:28:56.715   545   548 D dalvikvm: GC_CONCURRENT freed 894K, 11% free 10516K/11719K, paused 2ms+2ms
07-05 13:28:56.996   545   548 D dalvikvm: GC_CONCURRENT freed 419K, 11% free 10487K/11719K, paused 1ms+2ms
07-05 13:28:57.191   545  1622 I DownloadManager: Initiating request for download 4010
07-05 13:28:57.250   545   548 D dalvikvm: GC_CONCURRENT freed 331K, 10% free 10555K/11719K, paused 2ms+2ms
07-05 13:28:57.320   545  1469 D dalvikvm: GC_EXPLICIT freed 163K, 9% free 10756K/11719K, paused 2ms+7ms
07-05 13:28:57.457   545   548 D dalvikvm: GC_CONCURRENT freed 432K, 8% free 10798K/11719K, paused 2ms+2ms
07-05 13:28:57.742   545   548 D dalvikvm: GC_CONCURRENT freed 730K, 11% free 10539K/11719K, paused 2ms+3ms
07-05 13:28:58.000   545   548 D dalvikvm: GC_CONCURRENT freed 404K, 11% free 10525K/11719K, paused 2ms+2ms
07-05 13:28:58.929   545  1624 I DownloadManager: Initiating request for download 4011
07-05 13:28:59.035   545   548 D dalvikvm: GC_CONCURRENT freed 344K, 10% free 10651K/11719K, paused 1ms+3ms
07-05 13:28:59.152   545   548 D dalvikvm: GC_CONCURRENT freed 291K, 8% free 10830K/11719K, paused 2ms+2ms
07-05 13:28:59.347   545   548 D dalvikvm: GC_CONCURRENT freed 765K, 10% free 10552K/11719K, paused 1ms+3ms
07-05 13:28:59.414  1370  1627 E DictionaryProvider:UpdateHandler: Can't read a file : android.util.MalformedJsonException: Use JsonReader.setLenient(true) to accept malformed JSON at line 1 column 20
07-05 13:28:59.496  1370  1372 D dalvikvm: GC_CONCURRENT freed 392K, 7% free 9127K/9735K, paused 1ms+2ms
07-05 13:28:59.660   545   548 D dalvikvm: GC_CONCURRENT freed 432K, 11% free 10511K/11719K, paused 1ms+2ms
07-05 13:28:59.929   545   548 D dalvikvm: GC_CONCURRENT freed 414K, 11% free 10487K/11719K, paused 2ms+3ms
07-05 13:29:00.078   545  1630 I DownloadManager: Initiating request for download 4011
07-05 13:29:00.172   545   548 D dalvikvm: GC_CONCURRENT freed 236K, 9% free 10684K/11719K, paused 2ms+3ms
07-05 13:29:00.304   545   548 D dalvikvm: GC_CONCURRENT freed 306K, 8% free 10860K/11719K, paused 1ms+2ms
07-05 13:29:00.527   545   548 D dalvikvm: GC_CONCURRENT freed 837K, 11% free 10518K/11719K, paused 2ms+2ms
07-05 13:29:00.789   545   548 D dalvikvm: GC_CONCURRENT freed 409K, 11% free 10500K/11719K, paused 2ms+2ms
07-05 13:29:01.058   545   548 D dalvikvm: GC_CONCURRENT freed 408K, 11% free 10483K/11719K, paused 2ms+3ms
07-05 13:29:01.148   545  1633 I DownloadManager: Initiating request for download 4012
07-05 13:29:01.250   545   548 D dalvikvm: GC_CONCURRENT freed 189K, 9% free 10731K/11719K, paused 2ms+3ms
07-05 13:29:01.375   545   548 D dalvikvm: GC_CONCURRENT freed 326K, 7% free 10908K/11719K, paused 2ms+3ms
07-05 13:29:01.558  1370  1635 E DictionaryProvider:UpdateHandler: Can't read a file : android.util.MalformedJsonException: Use JsonReader.setLenient(true) to accept malformed JSON at line 1 column 20
07-05 13:29:01.699   545   548 D dalvikvm: GC_CONCURRENT freed 898K, 11% free 10518K/11719K, paused 2ms+2ms
07-05 13:29:01.968   545   548 D dalvikvm: GC_CONCURRENT freed 416K, 11% free 10493K/11719K, paused 2ms+2ms
07-05 13:29:02.172   545  1638 I DownloadManager: Initiating request for download 4012
07-05 13:29:02.238   545   548 D dalvikvm: GC_CONCURRENT freed 357K, 10% free 10614K/11719K, paused 2ms+3ms
07-05 13:29:02.355   545   548 D dalvikvm: GC_CONCURRENT freed 255K, 8% free 10818K/11719K, paused 2ms+3ms
07-05 13:29:02.519   545   548 D dalvikvm: GC_CONCURRENT freed 740K, 10% free 10557K/11719K, paused 2ms+3ms
07-05 13:29:02.808   545   548 D dalvikvm: GC_CONCURRENT freed 438K, 11% free 10510K/11719K, paused 2ms+3ms
07-05 13:29:03.062   545   548 D dalvikvm: GC_CONCURRENT freed 410K, 11% free 10489K/11719K, paused 2ms+2ms
07-05 13:29:03.293   156   628 D dalvikvm: GC_EXPLICIT freed 517K, 12% free 14090K/16007K, paused 3ms+5ms
07-05 13:29:03.300   545  1641 I DownloadManager: Initiating request for download 4013
07-05 13:29:03.383   545   548 D dalvikvm: GC_CONCURRENT freed 258K, 9% free 10680K/11719K, paused 1ms+3ms
07-05 13:29:03.511   545   548 D dalvikvm: GC_CONCURRENT freed 326K, 8% free 10846K/11719K, paused 2ms+3ms
07-05 13:29:03.711   545   548 D dalvikvm: GC_CONCURRENT freed 833K, 11% free 10505K/11719K, paused 1ms+3ms
07-05 13:29:03.773  1370  1643 E DictionaryProvider:UpdateHandler: Can't read a file : android.util.MalformedJsonException: Use JsonReader.setLenient(true) to accept malformed JSON at line 1 column 20
07-05 13:29:04.019   545   548 D dalvikvm: GC_CONCURRENT freed 399K, 11% free 10497K/11719K, paused 2ms+3ms
07-05 13:29:04.289   545   548 D dalvikvm: GC_CONCURRENT freed 411K, 11% free 10473K/11719K, paused 2ms+3ms
07-05 13:29:04.375   545  1646 I DownloadManager: Initiating request for download 4013
07-05 13:29:04.465   545   548 D dalvikvm: GC_CONCURRENT freed 201K, 9% free 10698K/11719K, paused 2ms+3ms
07-05 13:29:04.590   545   548 D dalvikvm: GC_CONCURRENT freed 311K, 8% free 10880K/11719K, paused 2ms+4ms
07-05 13:29:04.871   545   548 D dalvikvm: GC_CONCURRENT freed 878K, 11% free 10501K/11719K, paused 2ms+2ms
07-05 13:29:05.133   545   548 D dalvikvm: GC_CONCURRENT freed 409K, 11% free 10483K/11719K, paused 2ms+3ms
07-05 13:29:05.406   545  1649 I DownloadManager: Initiating request for download 4014
07-05 13:29:05.433   545   548 D dalvikvm: GC_CONCURRENT freed 393K, 11% free 10501K/11719K, paused 2ms+3ms
07-05 13:29:05.562   545   548 D dalvikvm: GC_CONCURRENT freed 181K, 9% free 10756K/11719K, paused 2ms+2ms
07-05 13:29:05.695   545   548 D dalvikvm: GC_CONCURRENT freed 451K, 8% free 10801K/11719K, paused 2ms+2ms
07-05 13:29:05.988   545   548 D dalvikvm: GC_CONCURRENT freed 772K, 11% free 10501K/11719K, paused 2ms+3ms
07-05 13:29:06.035  1370  1651 E DictionaryProvider:UpdateHandler: Can't read a file : android.util.MalformedJsonException: Use JsonReader.setLenient(true) to accept malformed JSON at line 1 column 20
07-05 13:29:06.269   545   548 D dalvikvm: GC_CONCURRENT freed 400K, 11% free 10491K/11719K, paused 2ms+3ms
07-05 13:29:06.449   545  1653 I DownloadManager: Initiating request for download 4014
07-05 13:29:06.523   545   548 D dalvikvm: GC_CONCURRENT freed 317K, 10% free 10573K/11719K, paused 2ms+3ms
07-05 13:29:06.617   545   548 D dalvikvm: GC_CONCURRENT freed 218K, 8% free 10786K/11719K, paused 3ms+4ms
07-05 13:29:07.015   545   548 D dalvikvm: GC_CONCURRENT freed 705K, 11% free 10547K/11719K, paused 1ms+2ms
07-05 13:29:07.308   545   548 D dalvikvm: GC_CONCURRENT freed 435K, 11% free 10502K/11719K, paused 2ms+2ms
07-05 13:29:07.574   545   548 D dalvikvm: GC_CONCURRENT freed 410K, 11% free 10489K/11719K, paused 1ms+2ms
07-05 13:29:07.777   545  1657 I DownloadManager: Initiating request for download 4015
07-05 13:29:07.840   545   548 D dalvikvm: GC_CONCURRENT freed 324K, 10% free 10568K/11719K, paused 2ms+3ms
07-05 13:29:07.965   545   548 D dalvikvm: GC_CONCURRENT freed 220K, 8% free 10788K/11719K, paused 2ms+2ms
07-05 13:29:08.121   545   548 D dalvikvm: GC_CONCURRENT freed 480K, 8% free 10797K/11719K, paused 2ms+2ms
07-05 13:29:08.258  1370  1659 E DictionaryProvider:UpdateHandler: Can't read a file : android.util.MalformedJsonException: Use JsonReader.setLenient(true) to accept malformed JSON at line 1 column 20
07-05 13:29:08.332  1370  1372 D dalvikvm: GC_CONCURRENT freed 390K, 7% free 9127K/9735K, paused 1ms+1ms
07-05 13:29:08.492   545   548 D dalvikvm: GC_CONCURRENT freed 758K, 11% free 10506K/11719K, paused 2ms+2ms
07-05 13:29:08.765   545   548 D dalvikvm: GC_CONCURRENT freed 413K, 11% free 10483K/11719K, paused 2ms+2ms
07-05 13:29:08.910   545  1662 I DownloadManager: Initiating request for download 4015
07-05 13:29:08.992   545   548 D dalvikvm: GC_CONCURRENT freed 256K, 9% free 10672K/11719K, paused 2ms+3ms
07-05 13:29:09.117   545   548 D dalvikvm: GC_CONCURRENT freed 314K, 8% free 10850K/11719K, paused 1ms+2ms
07-05 13:29:09.320   545   548 D dalvikvm: GC_CONCURRENT freed 827K, 11% free 10512K/11719K, paused 2ms+2ms
07-05 13:29:09.597   545   548 D dalvikvm: GC_CONCURRENT freed 406K, 11% free 10496K/11719K, paused 2ms+3ms
07-05 13:29:09.875   545   548 D dalvikvm: GC_CONCURRENT freed 408K, 11% free 10478K/11719K, paused 2ms+3ms
07-05 13:29:09.984   545  1665 I DownloadManager: Initiating request for download 4016
07-05 13:29:10.090   545   548 D dalvikvm: GC_CONCURRENT freed 198K, 9% free 10717K/11719K, paused 2ms+2ms
07-05 13:29:10.218   545   548 D dalvikvm: GC_CONCURRENT freed 313K, 8% free 10890K/11719K, paused 1ms+3ms
07-05 13:29:10.394  1370  1667 E DictionaryProvider:UpdateHandler: Can't read a file : android.util.MalformedJsonException: Use JsonReader.setLenient(true) to accept malformed JSON at line 1 column 20
07-05 13:29:10.429  1370  1382 D dalvikvm: GC_EXPLICIT freed 100K, 7% free 9092K/9735K, paused 2ms+2ms
07-05 13:29:10.535   545   548 D dalvikvm: GC_CONCURRENT freed 873K, 11% free 10517K/11719K, paused 2ms+2ms
07-05 13:29:10.797   545   548 D dalvikvm: GC_CONCURRENT freed 417K, 11% free 10490K/11719K, paused 2ms+2ms
07-05 13:29:11.054   545  1670 I DownloadManager: Initiating request for download 4016
07-05 13:29:11.070   545   548 D dalvikvm: GC_CONCURRENT freed 396K, 11% free 10486K/11719K, paused 2ms+3ms
07-05 13:29:11.183   545   548 D dalvikvm: GC_CONCURRENT freed 167K, 9% free 10756K/11719K, paused 2ms+3ms
07-05 13:29:11.312   545   548 D dalvikvm: GC_CONCURRENT freed 432K, 8% free 10804K/11719K, paused 2ms+2ms
07-05 13:29:11.605   545   548 D dalvikvm: GC_CONCURRENT freed 769K, 11% free 10507K/11719K, paused 1ms+3ms
07-05 13:29:11.879   545   548 D dalvikvm: GC_CONCURRENT freed 409K, 11% free 10488K/11719K, paused 2ms+2ms
07-05 13:29:12.109   545  1673 I DownloadManager: Initiating request for download 4017
07-05 13:29:12.187   545   548 D dalvikvm: GC_CONCURRENT freed 337K, 10% free 10622K/11719K, paused 2ms+4ms
07-05 13:29:12.316   545   548 D dalvikvm: GC_CONCURRENT freed 266K, 8% free 10819K/11719K, paused 2ms+2ms
07-05 13:29:12.484   545   548 D dalvikvm: GC_CONCURRENT freed 747K, 10% free 10553K/11719K, paused 2ms+3ms
07-05 13:29:12.566  1370  1675 E DictionaryProvider:UpdateHandler: Can't read a file : android.util.MalformedJsonException: Use JsonReader.setLenient(true) to accept malformed JSON at line 1 column 20
07-05 13:29:12.800   545   548 D dalvikvm: GC_CONCURRENT freed 429K, 11% free 10515K/11719K, paused 2ms+2ms
07-05 13:29:13.070   545   548 D dalvikvm: GC_CONCURRENT freed 416K, 11% free 10489K/11719K, paused 2ms+2ms
07-05 13:29:13.230   545  1678 I DownloadManager: Initiating request for download 4017
07-05 13:29:13.308   545   548 D dalvikvm: GC_CONCURRENT freed 267K, 9% free 10673K/11719K, paused 1ms+3ms
07-05 13:29:13.429   545   548 D dalvikvm: GC_CONCURRENT freed 309K, 8% free 10847K/11719K, paused 1ms+2ms
07-05 13:29:13.621   545   548 D dalvikvm: GC_CONCURRENT freed 789K, 10% free 10550K/11719K, paused 1ms+3ms
07-05 13:29:13.906   545   548 D dalvikvm: GC_CONCURRENT freed 436K, 11% free 10504K/11719K, paused 2ms+2ms
07-05 13:29:14.172   545   548 D dalvikvm: GC_CONCURRENT freed 407K, 11% free 10487K/11719K, paused 2ms+2ms
07-05 13:29:14.285   545  1681 I DownloadManager: Initiating request for download 4018
07-05 13:29:14.390   545   548 D dalvikvm: GC_CONCURRENT freed 194K, 9% free 10721K/11719K, paused 2ms+2ms
07-05 13:29:14.508   545   548 D dalvikvm: GC_CONCURRENT freed 328K, 8% free 10888K/11719K, paused 2ms+3ms
07-05 13:29:14.703  1370  1683 E DictionaryProvider:UpdateHandler: Can't read a file : android.util.MalformedJsonException: Use JsonReader.setLenient(true) to accept malformed JSON at line 1 column 20
07-05 13:29:14.804   545   548 D dalvikvm: GC_CONCURRENT freed 862K, 11% free 10526K/11719K, paused 2ms+3ms
07-05 13:29:15.082   545   548 D dalvikvm: GC_CONCURRENT freed 419K, 11% free 10498K/11719K, paused 2ms+2ms
07-05 13:29:15.343   545   548 D dalvikvm: GC_CONCURRENT freed 403K, 11% free 10486K/11719K, paused 2ms+2ms
07-05 13:29:15.375   545  1686 I DownloadManager: Initiating request for download 4018
07-05 13:29:15.488   545   548 D dalvikvm: GC_CONCURRENT freed 172K, 9% free 10751K/11719K, paused 2ms+2ms
07-05 13:29:15.613   545   548 D dalvikvm: GC_CONCURRENT freed 328K, 7% free 10919K/11719K, paused 2ms+3ms
07-05 13:29:15.906   545   548 D dalvikvm: GC_CONCURRENT freed 917K, 11% free 10513K/11719K, paused 1ms+2ms
07-05 13:29:16.172   545   548 D dalvikvm: GC_CONCURRENT freed 408K, 11% free 10495K/11719K, paused 2ms+2ms
07-05 13:29:16.379   545  1689 I DownloadManager: Initiating request for download 4019
07-05 13:29:16.429   545   548 D dalvikvm: GC_CONCURRENT freed 321K, 10% free 10566K/11719K, paused 2ms+3ms
07-05 13:29:16.554   545   548 D dalvikvm: GC_CONCURRENT freed 211K, 8% free 10804K/11719K, paused 2ms+3ms
07-05 13:29:16.707   545   548 D dalvikvm: GC_CONCURRENT freed 487K, 8% free 10822K/11719K, paused 2ms+3ms
07-05 13:29:16.840  1370  1691 E DictionaryProvider:UpdateHandler: Can't read a file : android.util.MalformedJsonException: Use JsonReader.setLenient(true) to accept malformed JSON at line 1 column 20
07-05 13:29:17.066   545   548 D dalvikvm: GC_CONCURRENT freed 782K, 11% free 10518K/11719K, paused 2ms+2ms
07-05 13:29:17.328   545   548 D dalvikvm: GC_CONCURRENT freed 411K, 11% free 10493K/11719K, paused 2ms+2ms
07-05 13:29:17.457   545  1694 I DownloadManager: Initiating request for download 4019
07-05 13:29:17.539   545   548 D dalvikvm: GC_CONCURRENT freed 246K, 9% free 10685K/11719K, paused 2ms+3ms
07-05 13:29:17.672   545   548 D dalvikvm: GC_CONCURRENT freed 315K, 8% free 10873K/11719K, paused 2ms+3ms
07-05 13:29:17.898   545   548 D dalvikvm: GC_CONCURRENT freed 848K, 11% free 10525K/11719K, paused 2ms+2ms
07-05 13:29:18.168   545   548 D dalvikvm: GC_CONCURRENT freed 410K, 11% free 10505K/11719K, paused 2ms+2ms
07-05 13:29:18.441   545   548 D dalvikvm: GC_CONCURRENT freed 401K, 11% free 10490K/11719K, paused 1ms+2ms
07-05 13:29:18.527   545  1697 I DownloadManager: Initiating request for download 4020
07-05 13:29:18.621   545   548 D dalvikvm: GC_CONCURRENT freed 181K, 9% free 10724K/11719K, paused 2ms+2ms
07-05 13:29:18.754   545   548 D dalvikvm: GC_CONCURRENT freed 325K, 8% free 10899K/11719K, paused 2ms+3ms
07-05 13:29:18.961  1370  1699 E DictionaryProvider:UpdateHandler: Can't read a file : android.util.MalformedJsonException: Use JsonReader.setLenient(true) to accept malformed JSON at line 1 column 20
07-05 13:29:18.988  1370  1372 D dalvikvm: GC_CONCURRENT freed 346K, 7% free 9146K/9735K, paused 1ms+2ms
07-05 13:29:19.070   545   548 D dalvikvm: GC_CONCURRENT freed 872K, 11% free 10537K/11719K, paused 2ms+3ms
07-05 13:29:19.336   545   548 D dalvikvm: GC_CONCURRENT freed 425K, 11% free 10503K/11719K, paused 2ms+2ms
07-05 13:29:19.558   545  1703 I DownloadManager: Initiating request for download 4020
07-05 13:29:19.617   545   548 D dalvikvm: GC_CONCURRENT freed 397K, 11% free 10533K/11719K, paused 2ms+3ms
07-05 13:29:19.742   545   548 D dalvikvm: GC_CONCURRENT freed 202K, 8% free 10792K/11719K, paused 1ms+3ms
07-05 13:29:19.867   545   548 D dalvikvm: GC_CONCURRENT freed 459K, 8% free 10818K/11719K, paused 2ms+2ms
07-05 13:29:20.152   545   548 D dalvikvm: GC_CONCURRENT freed 746K, 10% free 10549K/11719K, paused 2ms+2ms
07-05 13:29:20.429   545   548 D dalvikvm: GC_CONCURRENT freed 398K, 11% free 10537K/11719K, paused 2ms+2ms
07-05 13:29:21.605   545  1705 I DownloadManager: Initiating request for download 4021
07-05 13:29:21.707   545   548 D dalvikvm: GC_CONCURRENT freed 341K, 9% free 10677K/11719K, paused 2ms+3ms
07-05 13:29:21.824   545   548 D dalvikvm: GC_CONCURRENT freed 292K, 8% free 10861K/11719K, paused 2ms+2ms
07-05 13:29:22.070   545   548 D dalvikvm: GC_CONCURRENT freed 824K, 11% free 10543K/11719K, paused 1ms+2ms
07-05 13:29:22.136   156   593 D dalvikvm: GC_EXPLICIT freed 510K, 12% free 14092K/16007K, paused 2ms+6ms
07-05 13:29:22.140  1370  1708 E DictionaryProvider:UpdateHandler: Can't read a file : android.util.MalformedJsonException: Use JsonReader.setLenient(true) to accept malformed JSON at line 1 column 20
07-05 13:29:22.418   545   548 D dalvikvm: GC_CONCURRENT freed 412K, 11% free 10517K/11719K, paused 2ms+3ms
07-05 13:29:22.691   545   548 D dalvikvm: GC_CONCURRENT freed 423K, 11% free 10485K/11719K, paused 2ms+3ms
07-05 13:29:22.789   545  1711 I DownloadManager: Initiating request for download 4021
07-05 13:29:22.871   545   548 D dalvikvm: GC_CONCURRENT freed 221K, 9% free 10697K/11719K, paused 2ms+3ms
07-05 13:29:23.000   545   548 D dalvikvm: GC_CONCURRENT freed 312K, 8% free 10878K/11719K, paused 2ms+3ms
07-05 13:29:23.254   545   548 D dalvikvm: GC_CONCURRENT freed 867K, 11% free 10509K/11719K, paused 1ms+2ms
07-05 13:29:23.523   545   548 D dalvikvm: GC_CONCURRENT freed 408K, 11% free 10492K/11719K, paused 2ms+2ms
07-05 13:29:23.789   545   548 D dalvikvm: GC_CONCURRENT freed 403K, 11% free 10479K/11719K, paused 2ms+2ms
07-05 13:29:23.851   545  1714 I DownloadManager: Initiating request for download 4022
07-05 13:29:23.961   545   548 D dalvikvm: GC_CONCURRENT freed 175K, 9% free 10741K/11719K, paused 2ms+3ms
07-05 13:29:24.086   545   548 D dalvikvm: GC_CONCURRENT freed 332K, 7% free 10915K/11719K, paused 2ms+2ms
07-05 13:29:24.367   545   548 D dalvikvm: GC_CONCURRENT freed 912K, 11% free 10510K/11719K, paused 1ms+2ms
07-05 13:29:24.527  1370  1716 E DictionaryProvider:UpdateHandler: Can't read a file : android.util.MalformedJsonException: Use JsonReader.setLenient(true) to accept malformed JSON at line 1 column 20
07-05 13:29:24.675   545   548 D dalvikvm: GC_CONCURRENT freed 400K, 11% free 10496K/11719K, paused 2ms+3ms
07-05 13:29:24.883   545  1719 I DownloadManager: Initiating request for download 4022
07-05 13:29:24.937   545   548 D dalvikvm: GC_CONCURRENT freed 363K, 10% free 10557K/11719K, paused 2ms+2ms
07-05 13:29:25.058   545   548 D dalvikvm: GC_CONCURRENT freed 206K, 8% free 10787K/11719K, paused 2ms+3ms
07-05 13:29:25.191   545   548 D dalvikvm: GC_CONCURRENT freed 476K, 8% free 10807K/11719K, paused 2ms+2ms
07-05 13:29:25.519   545   548 D dalvikvm: GC_CONCURRENT freed 774K, 11% free 10506K/11719K, paused 2ms+2ms
07-05 13:29:25.781   545   548 D dalvikvm: GC_CONCURRENT freed 411K, 11% free 10486K/11719K, paused 2ms+2ms
07-05 13:29:25.953   545  1722 I DownloadManager: Initiating request for download 4023
07-05 13:29:26.035   545   548 D dalvikvm: GC_CONCURRENT freed 251K, 9% free 10674K/11719K, paused 2ms+2ms
07-05 13:29:26.168   545   548 D dalvikvm: GC_CONCURRENT freed 309K, 8% free 10870K/11719K, paused 1ms+2ms
07-05 13:29:26.375   545   548 D dalvikvm: GC_CONCURRENT freed 845K, 11% free 10522K/11719K, paused 2ms+2ms
07-05 13:29:26.422  1370  1724 E DictionaryProvider:UpdateHandler: Can't read a file : android.util.MalformedJsonException: Use JsonReader.setLenient(true) to accept malformed JSON at line 1 column 20
07-05 13:29:26.511   465   467 D dalvikvm: GC_CONCURRENT freed 383K, 6% free 10502K/11079K, paused 1ms+2ms
07-05 13:29:26.726   545   548 D dalvikvm: GC_CONCURRENT freed 401K, 11% free 10508K/11719K, paused 2ms+2ms
07-05 13:29:26.988   545   548 D dalvikvm: GC_CONCURRENT freed 412K, 11% free 10486K/11719K, paused 2ms+3ms
07-05 13:29:27.090   545  1727 I DownloadManager: Initiating request for download 4023
07-05 13:29:27.183   545   548 D dalvikvm: GC_CONCURRENT freed 212K, 9% free 10710K/11719K, paused 2ms+2ms
07-05 13:29:27.312   545   548 D dalvikvm: GC_CONCURRENT freed 319K, 8% free 10892K/11719K, paused 2ms+3ms
07-05 13:29:27.554   545   548 D dalvikvm: GC_CONCURRENT freed 847K, 10% free 10548K/11719K, paused 3ms+2ms
07-05 13:29:27.836   545   548 D dalvikvm: GC_CONCURRENT freed 438K, 11% free 10501K/11719K, paused 2ms+2ms
07-05 13:29:28.093   545   548 D dalvikvm: GC_CONCURRENT freed 405K, 11% free 10483K/11719K, paused 1ms+2ms
07-05 13:29:28.148   545  1730 I DownloadManager: Initiating request for download 4024
07-05 13:29:28.261   545   548 D dalvikvm: GC_CONCURRENT freed 147K, 9% free 10746K/11719K, paused 2ms+3ms
07-05 13:29:28.386   545   548 D dalvikvm: GC_CONCURRENT freed 317K, 7% free 10908K/11719K, paused 2ms+2ms
07-05 13:29:28.527   545  1730 D dalvikvm: GC_EXPLICIT freed 615K, 10% free 10573K/11719K, paused 2ms+4ms
07-05 13:29:28.648  1370  1732 E DictionaryProvider:UpdateHandler: Can't read a file : android.util.MalformedJsonException: Use JsonReader.setLenient(true) to accept malformed JSON at line 1 column 20
07-05 13:29:28.683  1370  1372 D dalvikvm: GC_CONCURRENT freed 403K, 7% free 9129K/9735K, paused 2ms+2ms
07-05 13:29:28.867   545   548 D dalvikvm: GC_CONCURRENT freed 452K, 11% free 10516K/11719K, paused 2ms+3ms
07-05 13:29:29.129   545   548 D dalvikvm: GC_CONCURRENT freed 416K, 11% free 10490K/11719K, paused 2ms+2ms
07-05 13:29:29.254   545  1736 I DownloadManager: Initiating request for download 4024
07-05 13:29:29.328   545   548 D dalvikvm: GC_CONCURRENT freed 242K, 9% free 10690K/11719K, paused 1ms+3ms
07-05 13:29:29.453   545   548 D dalvikvm: GC_CONCURRENT freed 303K, 8% free 10868K/11719K, paused 2ms+3ms
07-05 13:29:29.668   545   548 D dalvikvm: GC_CONCURRENT freed 810K, 10% free 10554K/11719K, paused 1ms+2ms
07-05 13:29:29.961   545   548 D dalvikvm: GC_CONCURRENT freed 437K, 11% free 10507K/11719K, paused 2ms+2ms
07-05 13:29:30.234   545   548 D dalvikvm: GC_CONCURRENT freed 404K, 11% free 10490K/11719K, paused 2ms+2ms
07-05 13:29:30.351   545  1739 I DownloadManager: Initiating request for download 4025
07-05 13:29:30.457   545   548 D dalvikvm: GC_CONCURRENT freed 206K, 9% free 10723K/11719K, paused 2ms+3ms
07-05 13:29:30.586   545   548 D dalvikvm: GC_CONCURRENT freed 308K, 7% free 10899K/11719K, paused 2ms+3ms
07-05 13:29:30.781  1370  1741 E DictionaryProvider:UpdateHandler: Can't read a file : android.util.MalformedJsonException: Use JsonReader.setLenient(true) to accept malformed JSON at line 1 column 20
07-05 13:29:30.890   545   548 D dalvikvm: GC_CONCURRENT freed 880K, 11% free 10531K/11719K, paused 2ms+2ms
07-05 13:29:31.156   545   548 D dalvikvm: GC_CONCURRENT freed 420K, 11% free 10501K/11719K, paused 2ms+3ms
07-05 13:29:31.425   545   548 D dalvikvm: GC_CONCURRENT freed 403K, 11% free 10489K/11719K, paused 1ms+3ms
07-05 13:29:31.465   545  1744 I DownloadManager: Initiating request for download 4025
07-05 13:29:31.566   545   548 D dalvikvm: GC_CONCURRENT freed 168K, 9% free 10757K/11719K, paused 1ms+3ms
07-05 13:29:31.699   545   548 D dalvikvm: GC_CONCURRENT freed 322K, 7% free 10928K/11719K, paused 2ms+3ms
07-05 13:29:32.004   545   548 D dalvikvm: GC_CONCURRENT freed 926K, 11% free 10516K/11719K, paused 1ms+3ms
07-05 13:29:32.277   545   548 D dalvikvm: GC_CONCURRENT freed 407K, 11% free 10498K/11719K, paused 2ms+3ms
07-05 13:29:32.484   545  1747 I DownloadManager: Initiating request for download 4026
07-05 13:29:32.543   545   548 D dalvikvm: GC_CONCURRENT freed 327K, 10% free 10569K/11719K, paused 2ms+3ms
07-05 13:29:32.668   545   548 D dalvikvm: GC_CONCURRENT freed 213K, 8% free 10800K/11719K, paused 2ms+3ms
07-05 13:29:32.816   545   548 D dalvikvm: GC_CONCURRENT freed 477K, 8% free 10833K/11719K, paused 2ms+3ms
07-05 13:29:32.965  1370  1749 E DictionaryProvider:UpdateHandler: Can't read a file : android.util.MalformedJsonException: Use JsonReader.setLenient(true) to accept malformed JSON at line 1 column 20
07-05 13:29:33.172   545   548 D dalvikvm: GC_CONCURRENT freed 793K, 11% free 10522K/11719K, paused 2ms+2ms
07-05 13:29:33.433   545   548 D dalvikvm: GC_CONCURRENT freed 416K, 11% free 10496K/11719K, paused 2ms+2ms
07-05 13:29:33.562   545  1752 I DownloadManager: Initiating request for download 4026
07-05 13:29:33.644   545   548 D dalvikvm: GC_CONCURRENT freed 265K, 9% free 10690K/11719K, paused 2ms+3ms
07-05 13:29:33.769   545   548 D dalvikvm: GC_CONCURRENT freed 299K, 8% free 10873K/11719K, paused 2ms+2ms
07-05 13:29:34.004   545   548 D dalvikvm: GC_CONCURRENT freed 840K, 11% free 10528K/11719K, paused 2ms+3ms
07-05 13:29:34.265   545   548 D dalvikvm: GC_CONCURRENT freed 404K, 11% free 10510K/11719K, paused 2ms+3ms
07-05 13:29:34.547   545   548 D dalvikvm: GC_CONCURRENT freed 401K, 11% free 10500K/11719K, paused 2ms+2ms
07-05 13:29:34.652   545  1755 I DownloadManager: Initiating request for download 4027
07-05 13:29:34.754   545   548 D dalvikvm: GC_CONCURRENT freed 209K, 9% free 10728K/11719K, paused 2ms+2ms
07-05 13:29:34.883   545   548 D dalvikvm: GC_CONCURRENT freed 320K, 7% free 10908K/11719K, paused 2ms+3ms
07-05 13:29:35.070  1370  1757 E DictionaryProvider:UpdateHandler: Can't read a file : android.util.MalformedJsonException: Use JsonReader.setLenient(true) to accept malformed JSON at line 1 column 20
07-05 13:29:35.172   545   548 D dalvikvm: GC_CONCURRENT freed 880K, 11% free 10531K/11719K, paused 2ms+2ms
07-05 13:29:35.437   545   548 D dalvikvm: GC_CONCURRENT freed 414K, 11% free 10507K/11719K, paused 1ms+2ms
07-05 13:29:35.707   545   548 D dalvikvm: GC_CONCURRENT freed 403K, 11% free 10494K/11719K, paused 2ms+3ms
07-05 13:29:35.742   545  1760 I DownloadManager: Initiating request for download 4027
07-05 13:29:35.847   545   548 D dalvikvm: GC_CONCURRENT freed 168K, 9% free 10763K/11719K, paused 2ms+2ms
07-05 13:29:35.972   545   548 D dalvikvm: GC_CONCURRENT freed 325K, 7% free 10935K/11719K, paused 2ms+2ms
07-05 13:29:36.273   545   548 D dalvikvm: GC_CONCURRENT freed 926K, 11% free 10523K/11719K, paused 2ms+3ms
07-05 13:29:36.543   545   548 D dalvikvm: GC_CONCURRENT freed 403K, 11% free 10506K/11719K, paused 2ms+2ms
07-05 13:29:36.750   545  1763 I DownloadManager: Initiating request for download 4028
07-05 13:29:36.812   545   548 D dalvikvm: GC_CONCURRENT freed 339K, 10% free 10574K/11719K, paused 2ms+3ms
07-05 13:29:36.937   545   548 D dalvikvm: GC_CONCURRENT freed 210K, 8% free 10804K/11719K, paused 1ms+2ms
07-05 13:29:37.070   545   548 D dalvikvm: GC_CONCURRENT freed 475K, 8% free 10825K/11719K, paused 2ms+2ms
07-05 13:29:37.222  1370  1765 E DictionaryProvider:UpdateHandler: Can't read a file : android.util.MalformedJsonException: Use JsonReader.setLenient(true) to accept malformed JSON at line 1 column 20
07-05 13:29:37.269  1370  1372 D dalvikvm: GC_CONCURRENT freed 390K, 7% free 9127K/9735K, paused 2ms+2ms
07-05 13:29:37.441   545   548 D dalvikvm: GC_CONCURRENT freed 776K, 11% free 10529K/11719K, paused 2ms+3ms
07-05 13:29:37.711   545   548 D dalvikvm: GC_CONCURRENT freed 416K, 11% free 10503K/11719K, paused 2ms+2ms
07-05 13:29:37.863   545  1768 I DownloadManager: Initiating request for download 4028
07-05 13:29:37.949   545   548 D dalvikvm: GC_CONCURRENT freed 272K, 9% free 10686K/11719K, paused 2ms+3ms
07-05 13:29:38.070   545   548 D dalvikvm: GC_CONCURRENT freed 303K, 8% free 10870K/11719K, paused 2ms+3ms
07-05 13:29:38.281   545   548 D dalvikvm: GC_CONCURRENT freed 835K, 11% free 10535K/11719K, paused 2ms+2ms
07-05 13:29:38.558   545   548 D dalvikvm: GC_CONCURRENT freed 400K, 11% free 10528K/11719K, paused 2ms+3ms
07-05 13:29:38.824   545   548 D dalvikvm: GC_CONCURRENT freed 416K, 11% free 10502K/11719K, paused 1ms+2ms
07-05 13:29:38.953   545  1771 I DownloadManager: Initiating request for download 4029
07-05 13:29:39.054   545   548 D dalvikvm: GC_CONCURRENT freed 215K, 9% free 10722K/11719K, paused 3ms+3ms
07-05 13:29:39.187   545   548 D dalvikvm: GC_CONCURRENT freed 311K, 7% free 10953K/11719K, paused 1ms+2ms
07-05 13:29:39.375  1370  1773 E DictionaryProvider:UpdateHandler: Can't read a file : android.util.MalformedJsonException: Use JsonReader.setLenient(true) to accept malformed JSON at line 1 column 20
07-05 13:29:39.496   545   548 D dalvikvm: GC_CONCURRENT freed 940K, 11% free 10535K/11719K, paused 1ms+2ms
07-05 13:29:39.750   545   548 D dalvikvm: GC_CONCURRENT freed 413K, 11% free 10512K/11719K, paused 2ms+2ms
07-05 13:29:40.008   545   548 D dalvikvm: GC_CONCURRENT freed 397K, 11% free 10500K/11719K, paused 1ms+3ms
07-05 13:29:40.027   545  1776 I DownloadManager: Initiating request for download 4029
07-05 13:29:40.136   545   548 D dalvikvm: GC_CONCURRENT freed 163K, 9% free 10775K/11719K, paused 2ms+2ms
07-05 13:29:40.269   545   548 D dalvikvm: GC_CONCURRENT freed 321K, 7% free 10941K/11719K, paused 2ms+3ms
07-05 13:29:40.394   156   593 D dalvikvm: GC_EXPLICIT freed 486K, 12% free 14091K/16007K, paused 3ms+5ms
07-05 13:29:40.652   545   548 D dalvikvm: GC_CONCURRENT freed 931K, 11% free 10529K/11719K, paused 1ms+2ms
07-05 13:29:40.918   545   548 D dalvikvm: GC_CONCURRENT freed 426K, 11% free 10493K/11719K, paused 2ms+3ms
07-05 13:29:41.129   545  1779 I DownloadManager: Initiating request for download 4030
07-05 13:29:41.195   545   548 D dalvikvm: GC_CONCURRENT freed 324K, 10% free 10565K/11719K, paused 2ms+7ms
07-05 13:29:41.308   545   548 D dalvikvm: GC_CONCURRENT freed 209K, 8% free 10795K/11719K, paused 2ms+3ms
07-05 13:29:41.449   545   548 D dalvikvm: GC_CONCURRENT freed 472K, 8% free 10815K/11719K, paused 2ms+2ms
07-05 13:29:41.617  1370  1781 E DictionaryProvider:UpdateHandler: Can't read a file : android.util.MalformedJsonException: Use JsonReader.setLenient(true) to accept malformed JSON at line 1 column 20
07-05 13:29:41.785   545   548 D dalvikvm: GC_CONCURRENT freed 774K, 11% free 10519K/11719K, paused 2ms+3ms
07-05 13:29:42.062   545   548 D dalvikvm: GC_CONCURRENT freed 414K, 11% free 10495K/11719K, paused 2ms+3ms
07-05 13:29:42.222   545  1784 I DownloadManager: Initiating request for download 4030
07-05 13:29:42.300   545   548 D dalvikvm: GC_CONCURRENT freed 277K, 9% free 10681K/11719K, paused 2ms+3ms
07-05 13:29:42.422   545   548 D dalvikvm: GC_CONCURRENT freed 305K, 8% free 10854K/11719K, paused 2ms+3ms
07-05 13:29:42.597   545   548 D dalvikvm: GC_CONCURRENT freed 786K, 10% free 10554K/11719K, paused 1ms+2ms
07-05 13:29:42.871   545   548 D dalvikvm: GC_CONCURRENT freed 402K, 11% free 10543K/11719K, paused 1ms+3ms
07-05 13:29:43.125   545   548 D dalvikvm: GC_CONCURRENT freed 403K, 11% free 10530K/11719K, paused 2ms+2ms
07-05 13:29:44.000   545  1786 I DownloadManager: Initiating request for download 4031
07-05 13:29:44.086   545   548 D dalvikvm: GC_CONCURRENT freed 222K, 9% free 10745K/11719K, paused 2ms+3ms
07-05 13:29:44.215   545   548 D dalvikvm: GC_CONCURRENT freed 328K, 7% free 10933K/11719K, paused 2ms+3ms
07-05 13:29:44.504  1370  1789 E DictionaryProvider:UpdateHandler: Can't read a file : android.util.MalformedJsonException: Use JsonReader.setLenient(true) to accept malformed JSON at line 1 column 20
07-05 13:29:44.527   545   548 D dalvikvm: GC_CONCURRENT freed 930K, 11% free 10543K/11719K, paused 1ms+2ms
07-05 13:29:44.793   545   548 D dalvikvm: GC_CONCURRENT freed 430K, 11% free 10503K/11719K, paused 2ms+2ms
07-05 13:29:45.058   545   548 D dalvikvm: GC_CONCURRENT freed 401K, 11% free 10492K/11719K, paused 2ms+2ms
07-05 13:29:45.097   545  1792 I DownloadManager: Initiating request for download 4031
07-05 13:29:45.199   545   548 D dalvikvm: GC_CONCURRENT freed 177K, 9% free 10752K/11719K, paused 1ms+3ms
07-05 13:29:45.324   545   548 D dalvikvm: GC_CONCURRENT freed 321K, 7% free 10933K/11719K, paused 2ms+3ms
07-05 13:29:45.640   545   548 D dalvikvm: GC_CONCURRENT freed 928K, 11% free 10521K/11719K, paused 2ms+3ms
07-05 13:29:45.906   545   548 D dalvikvm: GC_CONCURRENT freed 410K, 11% free 10501K/11719K, paused 2ms+2ms
07-05 13:29:46.136   545  1795 I DownloadManager: Initiating request for download 4032
07-05 13:29:46.191   545   548 D dalvikvm: GC_CONCURRENT freed 353K, 10% free 10571K/11719K, paused 2ms+3ms
07-05 13:29:46.316   545   548 D dalvikvm: GC_CONCURRENT freed 204K, 8% free 10799K/11719K, paused 2ms+3ms
07-05 13:29:46.457   545   548 D dalvikvm: GC_CONCURRENT freed 465K, 8% free 10826K/11719K, paused 2ms+4ms
07-05 13:29:46.605  1370  1797 E DictionaryProvider:UpdateHandler: Can't read a file : android.util.MalformedJsonException: Use JsonReader.setLenient(true) to accept malformed JSON at line 1 column 20
07-05 13:29:46.636  1370  1372 D dalvikvm: GC_CONCURRENT freed 385K, 7% free 9130K/9735K, paused 1ms+3ms
07-05 13:29:46.820   545   548 D dalvikvm: GC_CONCURRENT freed 780K, 11% free 10526K/11719K, paused 2ms+2ms
07-05 13:29:47.078   545   548 D dalvikvm: GC_CONCURRENT freed 416K, 11% free 10501K/11719K, paused 1ms+2ms
07-05 13:29:47.242   545  1800 I DownloadManager: Initiating request for download 4032
07-05 13:29:47.316   545   548 D dalvikvm: GC_CONCURRENT freed 295K, 9% free 10681K/11719K, paused 2ms+3ms
07-05 13:29:47.441   545   548 D dalvikvm: GC_CONCURRENT freed 299K, 8% free 10860K/11719K, paused 1ms+2ms
07-05 13:29:47.640   545   548 D dalvikvm: GC_CONCURRENT freed 800K, 10% free 10556K/11719K, paused 1ms+2ms
07-05 13:29:47.918   545   548 D dalvikvm: GC_CONCURRENT freed 429K, 11% free 10524K/11719K, paused 2ms+2ms
07-05 13:29:48.187   545   548 D dalvikvm: GC_CONCURRENT freed 416K, 11% free 10498K/11719K, paused 2ms+2ms
07-05 13:29:48.324   545  1803 I DownloadManager: Initiating request for download 4033
07-05 13:29:48.410   545   548 D dalvikvm: GC_CONCURRENT freed 223K, 9% free 10712K/11719K, paused 1ms+2ms
07-05 13:29:48.543   545   548 D dalvikvm: GC_CONCURRENT freed 314K, 8% free 10892K/11719K, paused 2ms+4ms
07-05 13:29:48.793  1370  1805 E DictionaryProvider:UpdateHandler: Can't read a file : android.util.MalformedJsonException: Use JsonReader.setLenient(true) to accept malformed JSON at line 1 column 20
07-05 13:29:48.820   545   548 D dalvikvm: GC_CONCURRENT freed 872K, 10% free 10548K/11719K, paused 1ms+2ms
07-05 13:29:49.109   545   548 D dalvikvm: GC_CONCURRENT freed 423K, 11% free 10522K/11719K, paused 2ms+3ms
07-05 13:29:49.379   545   548 D dalvikvm: GC_CONCURRENT freed 414K, 11% free 10498K/11719K, paused 2ms+2ms
07-05 13:29:49.433   545  1808 I DownloadManager: Initiating request for download 4033
07-05 13:29:49.527   545   548 D dalvikvm: GC_CONCURRENT freed 188K, 9% free 10748K/11719K, paused 2ms+2ms
07-05 13:29:49.664   545   548 D dalvikvm: GC_CONCURRENT freed 325K, 7% free 10939K/11719K, paused 2ms+2ms
07-05 13:29:49.937   545   548 D dalvikvm: GC_CONCURRENT freed 900K, 10% free 10564K/11719K, paused 2ms+2ms
07-05 13:29:50.195   545   548 D dalvikvm: GC_CONCURRENT freed 412K, 11% free 10544K/11719K, paused 2ms+2ms
07-05 13:29:51.238   545  1810 I DownloadManager: Initiating request for download 4034
07-05 13:29:51.304   545   548 D dalvikvm: GC_CONCURRENT freed 392K, 10% free 10664K/11719K, paused 2ms+4ms
07-05 13:29:51.433   545   548 D dalvikvm: GC_CONCURRENT freed 286K, 8% free 10851K/11719K, paused 2ms+3ms
07-05 13:29:51.613   545   548 D dalvikvm: GC_CONCURRENT freed 773K, 10% free 10572K/11719K, paused 2ms+3ms
07-05 13:29:51.691  1370  1813 E DictionaryProvider:UpdateHandler: Can't read a file : android.util.MalformedJsonException: Use JsonReader.setLenient(true) to accept malformed JSON at line 1 column 20
07-05 13:29:51.929   545   548 D dalvikvm: GC_CONCURRENT freed 437K, 11% free 10531K/11719K, paused 3ms+3ms
07-05 13:29:52.203   545   548 D dalvikvm: GC_CONCURRENT freed 417K, 11% free 10504K/11719K, paused 2ms+2ms
07-05 13:29:52.347   545  1817 I DownloadManager: Initiating request for download 4034
07-05 13:29:52.418   545   548 D dalvikvm: GC_CONCURRENT freed 249K, 9% free 10691K/11719K, paused 2ms+4ms
07-05 13:29:52.547   545   548 D dalvikvm: GC_CONCURRENT freed 294K, 8% free 10859K/11719K, paused 2ms+2ms
07-05 13:29:52.722   545   548 D dalvikvm: GC_CONCURRENT freed 789K, 10% free 10569K/11719K, paused 2ms+3ms
07-05 13:29:53.011   545   548 D dalvikvm: GC_CONCURRENT freed 442K, 11% free 10522K/11719K, paused 2ms+3ms
07-05 13:29:53.281   545   548 D dalvikvm: GC_CONCURRENT freed 409K, 11% free 10504K/11719K, paused 1ms+2ms
07-05 13:29:53.715   545  1820 I DownloadManager: Initiating request for download 4035
07-05 13:29:53.804   545   548 D dalvikvm: GC_CONCURRENT freed 234K, 9% free 10709K/11719K, paused 2ms+3ms
07-05 13:29:53.933   545   548 D dalvikvm: GC_CONCURRENT freed 316K, 8% free 10890K/11719K, paused 2ms+3ms
07-05 13:29:54.156   545   548 D dalvikvm: GC_CONCURRENT freed 857K, 11% free 10540K/11719K, paused 2ms+3ms
07-05 13:29:54.195  1370  1822 E DictionaryProvider:UpdateHandler: Can't read a file : android.util.MalformedJsonException: Use JsonReader.setLenient(true) to accept malformed JSON at line 1 column 20
07-05 13:29:54.465   545   548 D dalvikvm: GC_CONCURRENT freed 401K, 11% free 10525K/11719K, paused 1ms+2ms
07-05 13:29:54.734   545   548 D dalvikvm: GC_CONCURRENT freed 406K, 11% free 10505K/11719K, paused 2ms+2ms
07-05 13:29:54.816   545  1825 I DownloadManager: Initiating request for download 4035
07-05 13:29:54.910   545   548 D dalvikvm: GC_CONCURRENT freed 209K, 9% free 10733K/11719K, paused 2ms+3ms
07-05 13:29:55.039   545   548 D dalvikvm: GC_CONCURRENT freed 322K, 7% free 10913K/11719K, paused 2ms+2ms
07-05 13:29:55.297   545   548 D dalvikvm: GC_CONCURRENT freed 889K, 11% free 10533K/11719K, paused 2ms+3ms
07-05 13:29:55.562   545   548 D dalvikvm: GC_CONCURRENT freed 410K, 11% free 10514K/11719K, paused 1ms+2ms
07-05 13:29:55.828   545   548 D dalvikvm: GC_CONCURRENT freed 403K, 11% free 10502K/11719K, paused 2ms+3ms
07-05 13:29:55.890   545  1828 I DownloadManager: Initiating request for download 4036
07-05 13:29:56.008   545   548 D dalvikvm: GC_CONCURRENT freed 168K, 9% free 10770K/11719K, paused 2ms+2ms
07-05 13:29:56.129   545   548 D dalvikvm: GC_CONCURRENT freed 332K, 7% free 10948K/11719K, paused 2ms+3ms
07-05 13:29:56.316  1370  1830 E DictionaryProvider:UpdateHandler: Can't read a file : android.util.MalformedJsonException: Use JsonReader.setLenient(true) to accept malformed JSON at line 1 column 20
07-05 13:29:56.351  1370  1372 D dalvikvm: GC_CONCURRENT freed 390K, 7% free 9127K/9735K, paused 1ms+2ms
07-05 13:29:56.355   545  1832 I DownloadManager: in removeSpuriousFiles
07-05 13:29:56.445   545   548 D dalvikvm: GC_CONCURRENT freed 873K, 9% free 10717K/11719K, paused 1ms+3ms
07-05 13:29:56.558   545  1832 I DownloadManager: in removeSpuriousFiles, preserving file /data/data/com.android.providers.downloads/cache/metadata-154.htm
07-05 13:29:56.558   545  1832 I DownloadManager: in removeSpuriousFiles, preserving file /data/data/com.android.providers.downloads/cache/metadata-97.htm
07-05 13:29:56.558   545  1832 I DownloadManager: in removeSpuriousFiles, preserving file /data/data/com.android.providers.downloads/cache/metadata-105.htm
07-05 13:29:56.558   545  1832 I DownloadManager: in removeSpuriousFiles, preserving file /data/data/com.android.providers.downloads/cache/metadata-66.htm
07-05 13:29:56.558   545  1832 I DownloadManager: in removeSpuriousFiles, preserving file /data/data/com.android.providers.downloads/cache/metadata-117.htm
07-05 13:29:56.558   545  1832 I DownloadManager: in removeSpuriousFiles, preserving file /data/data/com.android.providers.downloads/cache/metadata-273.htm
07-05 13:29:56.558   545  1832 I DownloadManager: in removeSpuriousFiles, preserving file /data/data/com.android.providers.downloads/cache/metadata-237.htm
07-05 13:29:56.558   545  1832 I DownloadManager: in removeSpuriousFiles, preserving file /data/data/com.android.providers.downloads/cache/metadata-160.htm
07-05 13:29:56.558   545  1832 I DownloadManager: in removeSpuriousFiles, preserving file /data/data/com.android.providers.downloads/cache/metadata-269.htm
07-05 13:29:56.562   545  1832 I DownloadManager: in removeSpuriousFiles, preserving file /data/data/com.android.providers.downloads/cache/metadata-659.htm
07-05 13:29:56.562   545  1832 I DownloadManager: in removeSpuriousFiles, preserving file /data/data/com.android.providers.downloads/cache/metadata-239.htm
07-05 13:29:56.562   545  1832 I DownloadManager: in removeSpuriousFiles, preserving file /data/data/com.android.providers.downloads/cache/metadata-127.htm
07-05 13:29:56.566   545  1832 I DownloadManager: in removeSpuriousFiles, preserving file /data/data/com.android.providers.downloads/cache/metadata-93.htm
07-05 13:29:56.566   545  1832 I DownloadManager: in removeSpuriousFiles, preserving file /data/data/com.android.providers.downloads/cache/metadata-1188.htm
07-05 13:29:56.582   545   548 D dalvikvm: GC_CONCURRENT freed 367K, 7% free 10914K/11719K, paused 2ms+3ms
07-05 13:29:56.582   545  1832 I DownloadManager: in removeSpuriousFiles, preserving file /data/data/com.android.providers.downloads/cache/metadata-310.htm
07-05 13:29:56.582   545  1832 I DownloadManager: in removeSpuriousFiles, preserving file /data/data/com.android.providers.downloads/cache/metadata-63.htm
07-05 13:29:56.582   545  1832 I DownloadManager: in removeSpuriousFiles, preserving file /data/data/com.android.providers.downloads/cache/metadata-212.htm
07-05 13:29:56.582   545  1832 I DownloadManager: in removeSpuriousFiles, preserving file /data/data/com.android.providers.downloads/cache/metadata-210.htm
07-05 13:29:56.582   545  1832 I DownloadManager: in removeSpuriousFiles, preserving file /data/data/com.android.providers.downloads/cache/metadata-111.htm
07-05 13:29:56.582   545  1832 I DownloadManager: in removeSpuriousFiles, preserving file /data/data/com.android.providers.downloads/cache/metadata-81.htm
07-05 13:29:56.582   545  1832 I DownloadManager: in removeSpuriousFiles, preserving file /data/data/com.android.providers.downloads/cache/metadata-132.htm
07-05 13:29:56.582   545  1832 I DownloadManager: in removeSpuriousFiles, preserving file /data/data/com.android.providers.downloads/cache/metadata-265.htm
07-05 13:29:56.582   545  1832 I DownloadManager: in removeSpuriousFiles, preserving file /data/data/com.android.providers.downloads/cache/metadata-436.htm
07-05 13:29:56.586   545  1832 I DownloadManager: in removeSpuriousFiles, preserving file /data/data/com.android.providers.downloads/cache/metadata-138.htm
07-05 13:29:56.586   545  1832 I DownloadManager: in removeSpuriousFiles, preserving file /data/data/com.android.providers.downloads/cache/metadata-112.htm
07-05 13:29:56.586   545  1832 I DownloadManager: in removeSpuriousFiles, preserving file /data/data/com.android.providers.downloads/cache/metadata-288.htm
07-05 13:29:56.586   545  1832 I DownloadManager: in removeSpuriousFiles, preserving file /data/data/com.android.providers.downloads/cache/metadata-276.htm
07-05 13:29:56.586   545  1832 I DownloadManager: in removeSpuriousFiles, preserving file /data/data/com.android.providers.downloads/cache/metadata-136.htm
07-05 13:29:56.586   545  1832 I DownloadManager: in removeSpuriousFiles, preserving file /data/data/com.android.providers.downloads/cache/metadata-159.htm
07-05 13:29:56.586   545  1832 I DownloadManager: in removeSpuriousFiles, preserving file /data/data/com.android.providers.downloads/cache/metadata-175.htm
07-05 13:29:56.586   545  1832 I DownloadManager: in removeSpuriousFiles, preserving file /data/data/com.android.providers.downloads/cache/metadata-107.htm
07-05 13:29:56.586   545  1832 I DownloadManager: in removeSpuriousFiles, preserving file /data/data/com.android.providers.downloads/cache/metadata-1294.htm
07-05 13:29:56.590   545  1832 I DownloadManager: in removeSpuriousFiles, preserving file /data/data/com.android.providers.downloads/cache/metadata-421.htm
07-05 13:29:56.590   545  1832 I DownloadManager: in removeSpuriousFiles, preserving file /data/data/com.android.providers.downloads/cache/metadata-375.htm
07-05 13:29:56.590   545  1832 I DownloadManager: in removeSpuriousFiles, preserving file /data/data/com.android.providers.downloads/cache/metadata-992.htm
07-05 13:29:56.590   545  1832 I DownloadManager: in removeSpuriousFiles, preserving file /data/data/com.android.providers.downloads/cache/metadata-418.htm
07-05 13:29:56.590   545  1832 I DownloadManager: in removeSpuriousFiles, preserving file /data/data/com.android.providers.downloads/cache/metadata-322.htm
07-05 13:29:56.593   545  1832 I DownloadManager: in removeSpuriousFiles, preserving file /data/data/com.android.providers.downloads/cache/metadata-426.htm
07-05 13:29:56.593   545  1832 I DownloadManager: in removeSpuriousFiles, preserving file /data/data/com.android.providers.downloads/cache/metadata-360.htm
07-05 13:29:56.601   545  1832 I DownloadManager: in removeSpuriousFiles, preserving file /data/data/com.android.providers.downloads/cache/metadata-283.htm
07-05 13:29:56.601   545  1832 I DownloadManager: in removeSpuriousFiles, preserving file /data/data/com.android.providers.downloads/cache/metadata-305.htm
07-05 13:29:56.605   545  1832 I DownloadManager: in removeSpuriousFiles, preserving file /data/data/com.android.providers.downloads/cache/metadata-424.htm
07-05 13:29:56.605   545  1832 I DownloadManager: in removeSpuriousFiles, preserving file /data/data/com.android.providers.downloads/cache/metadata-469.htm
07-05 13:29:56.605   545  1832 I DownloadManager: in removeSpuriousFiles, preserving file /data/data/com.android.providers.downloads/cache/metadata-211.htm
07-05 13:29:56.605   545  1832 I DownloadManager: in removeSpuriousFiles, preserving file /data/data/com.android.providers.downloads/cache/metadata-467.htm
07-05 13:29:56.605   545  1832 I DownloadManager: in removeSpuriousFiles, preserving file /data/data/com.android.providers.downloads/cache/metadata-411.htm
07-05 13:29:56.605   545  1832 I DownloadManager: in removeSpuriousFiles, preserving file /data/data/com.android.providers.downloads/cache/metadata-118.htm
07-05 13:29:56.605   545  1832 I DownloadManager: in removeSpuriousFiles, preserving file /data/data/com.android.providers.downloads/cache/metadata-246.htm
07-05 13:29:56.605   545  1832 I DownloadManager: in removeSpuriousFiles, preserving file /data/data/com.android.providers.downloads/cache/metadata-170.htm
07-05 13:29:56.605   545  1832 I DownloadManager: in removeSpuriousFiles, preserving file /data/data/com.android.providers.downloads/cache/metadata-92.htm
07-05 13:29:56.609   545  1832 I DownloadManager: in removeSpuriousFiles, preserving file /data/data/com.android.providers.downloads/cache/metadata-847.htm
07-05 13:29:56.609   545  1832 I DownloadManager: in removeSpuriousFiles, preserving file /data/data/com.android.providers.downloads/cache/metadata-1262.htm
07-05 13:29:56.609   545  1832 I DownloadManager: in removeSpuriousFiles, preserving file /data/data/com.android.providers.downloads/cache/metadata-359.htm
07-05 13:29:56.609   545  1832 I DownloadManager: in removeSpuriousFiles, preserving file /data/data/com.android.providers.downloads/cache/metadata-480.htm
07-05 13:29:56.609   545  1832 I DownloadManager: in removeSpuriousFiles, preserving file /data/data/com.android.providers.downloads/cache/metadata-1114.htm
07-05 13:29:56.609   545  1832 I DownloadManager: in removeSpuriousFiles, preserving file /data/data/com.android.providers.downloads/cache/metadata-415.htm
07-05 13:29:56.609   545  1832 I DownloadManager: in removeSpuriousFiles, preserving file /data/data/com.android.providers.downloads/cache/metadata-213.htm
07-05 13:29:56.609   545  1832 I DownloadManager: in removeSpuriousFiles, preserving file /data/data/com.android.providers.downloads/cache/metadata-326.htm
07-05 13:29:56.613   545  1832 I DownloadManager: in removeSpuriousFiles, preserving file /data/data/com.android.providers.downloads/cache/metadata-343.htm
07-05 13:29:56.613   545  1832 I DownloadManager: in removeSpuriousFiles, preserving file /data/data/com.android.providers.downloads/cache/metadata-1172.htm
07-05 13:29:56.613   545  1832 I DownloadManager: in removeSpuriousFiles, preserving file /data/data/com.android.providers.downloads/cache/metadata-1479.htm
07-05 13:29:56.613   545  1832 I DownloadManager: in removeSpuriousFiles, preserving file /data/data/com.android.providers.downloads/cache/metadata-386.htm
07-05 13:29:56.613   545  1832 I DownloadManager: in removeSpuriousFiles, preserving file /data/data/com.android.providers.downloads/cache/metadata-523.htm
07-05 13:29:56.613   545  1832 I DownloadManager: in removeSpuriousFiles, preserving file /data/data/com.android.providers.downloads/cache/metadata-419.htm
07-05 13:29:56.613   545  1832 I DownloadManager: in removeSpuriousFiles, preserving file /data/data/com.android.providers.downloads/cache/metadata-399.htm
07-05 13:29:56.617   545  1832 I DownloadManager: in removeSpuriousFiles, preserving file /data/data/com.android.providers.downloads/cache/metadata-1131.htm
07-05 13:29:56.617   545  1832 I DownloadManager: in removeSpuriousFiles, preserving file /data/data/com.android.providers.downloads/cache/metadata-1694.htm
07-05 13:29:56.617   545  1832 I DownloadManager: in removeSpuriousFiles, preserving file /data/data/com.android.providers.downloads/cache/metadata-2509.htm
07-05 13:29:56.617   545  1832 I DownloadManager: in removeSpuriousFiles, preserving file /data/data/com.android.providers.downloads/cache/metadata-235.htm
07-05 13:29:56.617   545  1832 I DownloadManager: in removeSpuriousFiles, preserving file /data/data/com.android.providers.downloads/cache/metadata-2432.htm
07-05 13:29:56.617   545  1832 I DownloadManager: in removeSpuriousFiles, preserving file /data/data/com.android.providers.downloads/cache/metadata-1566.htm
07-05 13:29:56.617   545  1832 I DownloadManager: in removeSpuriousFiles, preserving file /data/data/com.android.providers.downloads/cache/metadata-335.htm
07-05 13:29:56.617   545  1832 I DownloadManager: in removeSpuriousFiles, preserving file /data/data/com.android.providers.downloads/cache/metadata-243.htm
07-05 13:29:56.621   545  1832 I DownloadManager: in removeSpuriousFiles, preserving file /data/data/com.android.providers.downloads/cache/metadata-394.htm
07-05 13:29:56.621   545  1832 I DownloadManager: in removeSpuriousFiles, preserving file /data/data/com.android.providers.downloads/cache/metadata-521.htm
07-05 13:29:56.621   545  1832 I DownloadManager: in removeSpuriousFiles, preserving file /data/data/com.android.providers.downloads/cache/metadata-1668.htm
07-05 13:29:56.621   545  1832 I DownloadManager: in removeSpuriousFiles, preserving file /data/data/com.android.providers.downloads/cache/metadata-354.htm
07-05 13:29:56.621   545  1832 I DownloadManager: in removeSpuriousFiles, preserving file /data/data/com.android.providers.downloads/cache/metadata-281.htm
07-05 13:29:56.621   545  1832 I DownloadManager: in removeSpuriousFiles, preserving file /data/data/com.android.providers.downloads/cache/metadata-400.htm
07-05 13:29:56.625   545  1832 I DownloadManager: in removeSpuriousFiles, preserving file /data/data/com.android.providers.downloads/cache/metadata-1144.htm
07-05 13:29:56.625   545  1832 I DownloadManager: in removeSpuriousFiles, preserving file /data/data/com.android.providers.downloads/cache/metadata-1366.htm
07-05 13:29:56.625   545  1832 I DownloadManager: in removeSpuriousFiles, preserving file /data/data/com.android.providers.downloads/cache/metadata-1163.htm
07-05 13:29:56.625   545  1832 I DownloadManager: in removeSpuriousFiles, preserving file /data/data/com.android.providers.downloads/cache/metadata-460.htm
07-05 13:29:56.625   545  1832 I DownloadManager: in removeSpuriousFiles, preserving file /data/data/com.android.providers.downloads/cache/metadata-660.htm
07-05 13:29:56.625   545  1832 I DownloadManager: in removeSpuriousFiles, preserving file /data/data/com.android.providers.downloads/cache/metadata-403.htm
07-05 13:29:56.629   545  1832 I DownloadManager: in removeSpuriousFiles, preserving file /data/data/com.android.providers.downloads/cache/metadata-1265.htm
07-05 13:29:56.629   545  1832 I DownloadManager: in removeSpuriousFiles, preserving file /data/data/com.android.providers.downloads/cache/metadata-422.htm
07-05 13:29:56.633   545  1832 I DownloadManager: in removeSpuriousFiles, preserving file /data/data/com.android.providers.downloads/cache/metadata-1213.htm
07-05 13:29:56.633   545  1832 I DownloadManager: in removeSpuriousFiles, preserving file /data/data/com.android.providers.downloads/cache/metadata-500.htm
07-05 13:29:56.633   545  1832 I DownloadManager: in removeSpuriousFiles, preserving file /data/data/com.android.providers.downloads/cache/metadata-589.htm
07-05 13:29:56.633   545  1832 I DownloadManager: in removeSpuriousFiles, preserving file /data/data/com.android.providers.downloads/cache/metadata-2100.htm
07-05 13:29:56.633   545  1832 I DownloadManager: in removeSpuriousFiles, preserving file /data/data/com.android.providers.downloads/cache/metadata-1289.htm
07-05 13:29:56.636   545  1832 I DownloadManager: in removeSpuriousFiles, preserving file /data/data/com.android.providers.downloads/cache/metadata-984.htm
07-05 13:29:56.636   545  1832 I DownloadManager: in removeSpuriousFiles, preserving file /data/data/com.android.providers.downloads/cache/metadata-900.htm
07-05 13:29:56.636   545  1832 I DownloadManager: in removeSpuriousFiles, preserving file /data/data/com.android.providers.downloads/cache/metadata-1124.htm
07-05 13:29:56.640   545  1832 I DownloadManager: in removeSpuriousFiles, preserving file /data/data/com.android.providers.downloads/cache/metadata-936.htm
07-05 13:29:56.640   545  1832 I DownloadManager: in removeSpuriousFiles, preserving file /data/data/com.android.providers.downloads/cache/metadata-388.htm
07-05 13:29:56.640   545  1832 I DownloadManager: in removeSpuriousFiles, preserving file /data/data/com.android.providers.downloads/cache/metadata-745.htm
07-05 13:29:56.640   545  1832 I DownloadManager: in removeSpuriousFiles, preserving file /data/data/com.android.providers.downloads/cache/metadata-1152.htm
07-05 13:29:56.644   545  1832 I DownloadManager: in removeSpuriousFiles, preserving file /data/data/com.android.providers.downloads/cache/metadata-782.htm
07-05 13:29:56.644   545  1832 I DownloadManager: in removeSpuriousFiles, preserving file /data/data/com.android.providers.downloads/cache/metadata-1111.htm
07-05 13:29:56.644   545  1832 I DownloadManager: in removeSpuriousFiles, preserving file /data/data/com.android.providers.downloads/cache/metadata-1849.htm
07-05 13:29:56.648   545  1832 I DownloadManager: in removeSpuriousFiles, preserving file /data/data/com.android.providers.downloads/cache/metadata-1174.htm
07-05 13:29:56.648   545  1832 I DownloadManager: in removeSpuriousFiles, preserving file /data/data/com.android.providers.downloads/cache/metadata-408.htm
07-05 13:29:56.648   545  1832 I DownloadManager: in removeSpuriousFiles, preserving file /data/data/com.android.providers.downloads/cache/metadata-612.htm
07-05 13:29:56.652   545  1832 I DownloadManager: in removeSpuriousFiles, preserving file /data/data/com.android.providers.downloads/cache/metadata-368.htm
07-05 13:29:56.652   545  1832 I DownloadManager: in removeSpuriousFiles, preserving file /data/data/com.android.providers.downloads/cache/metadata-544.htm
07-05 13:29:56.652   545  1832 I DownloadManager: in removeSpuriousFiles, preserving file /data/data/com.android.providers.downloads/cache/metadata-1817.htm
07-05 13:29:56.652   545  1832 I DownloadManager: in removeSpuriousFiles, preserving file /data/data/com.android.providers.downloads/cache/metadata-701.htm
07-05 13:29:56.660   545  1832 I DownloadManager: in removeSpuriousFiles, preserving file /data/data/com.android.providers.downloads/cache/metadata-607.htm
07-05 13:29:56.660   545  1832 I DownloadManager: in removeSpuriousFiles, preserving file /data/data/com.android.providers.downloads/cache/metadata-2090.htm
07-05 13:29:56.664   545  1832 I DownloadManager: in removeSpuriousFiles, preserving file /data/data/com.android.providers.downloads/cache/metadata-1254.htm
07-05 13:29:56.664   545  1832 I DownloadManager: in removeSpuriousFiles, preserving file /data/data/com.android.providers.downloads/cache/metadata-1345.htm
07-05 13:29:56.664   545  1832 I DownloadManager: in removeSpuriousFiles, preserving file /data/data/com.android.providers.downloads/cache/metadata-323.htm
07-05 13:29:56.668   545  1832 I DownloadManager: in removeSpuriousFiles, preserving file /data/data/com.android.providers.downloads/cache/metadata-2112.htm
07-05 13:29:56.668   545  1832 I DownloadManager: in removeSpuriousFiles, preserving file /data/data/com.android.providers.downloads/cache/metadata-100.htm
07-05 13:29:56.668   545  1832 I DownloadManager: in removeSpuriousFiles, preserving file /data/data/com.android.providers.downloads/cache/metadata-203.htm
07-05 13:29:56.668   545  1832 I DownloadManager: in removeSpuriousFiles, preserving file /data/data/com.android.providers.downloads/cache/metadata-176.htm
07-05 13:29:56.668   545  1832 I DownloadManager: in removeSpuriousFiles, preserving file /data/data/com.android.providers.downloads/cache/metadata-186.htm
07-05 13:29:56.668   545  1832 I DownloadManager: in removeSpuriousFiles, preserving file /data/data/com.android.providers.downloads/cache/metadata-33.htm
07-05 13:29:56.668   545  1832 I DownloadManager: in removeSpuriousFiles, preserving file /data/data/com.android.providers.downloads/cache/metadata-234.htm
07-05 13:29:56.672   545  1832 I DownloadManager: in removeSpuriousFiles, preserving file /data/data/com.android.providers.downloads/cache/metadata-43.htm
07-05 13:29:56.672   545  1832 I DownloadManager: in removeSpuriousFiles, preserving file /data/data/com.android.providers.downloads/cache/metadata-247.htm
07-05 13:29:56.672   545  1832 I DownloadManager: in removeSpuriousFiles, preserving file /data/data/com.android.providers.downloads/cache/metadata-169.htm
07-05 13:29:56.672   545  1832 I DownloadManager: in removeSpuriousFiles, preserving file /data/data/com.android.providers.downloads/cache/metadata-144.htm
07-05 13:29:56.672   545  1832 I DownloadManager: in removeSpuriousFiles, preserving file /data/data/com.android.providers.downloads/cache/metadata-61.htm
07-05 13:29:56.672   545  1832 I DownloadManager: in removeSpuriousFiles, preserving file /data/data/com.android.providers.downloads/cache/metadata-152.htm
07-05 13:29:56.672   545  1832 I DownloadManager: in removeSpuriousFiles, preserving file /data/data/com.android.providers.downloads/cache/metadata-278.htm
07-05 13:29:56.672   545  1832 I DownloadManager: in removeSpuriousFiles, preserving file /data/data/com.android.providers.downloads/cache/metadata-250.htm
07-05 13:29:56.675   545  1832 I DownloadManager: in removeSpuriousFiles, preserving file /data/data/com.android.providers.downloads/cache/metadata-307.htm
07-05 13:29:56.675   545  1832 I DownloadManager: in removeSpuriousFiles, preserving file /data/data/com.android.providers.downloads/cache/metadata-103.htm
07-05 13:29:56.675   545  1832 I DownloadManager: in removeSpuriousFiles, preserving file /data/data/com.android.providers.downloads/cache/metadata-119.htm
07-05 13:29:56.675   545  1832 I DownloadManager: in removeSpuriousFiles, preserving file /data/data/com.android.providers.downloads/cache/metadata-271.htm
07-05 13:29:56.675   545  1832 I DownloadManager: in removeSpuriousFiles, preserving file /data/data/com.android.providers.downloads/cache/metadata-272.htm
07-05 13:29:56.675   545  1832 I DownloadManager: in removeSpuriousFiles, preserving file /data/data/com.android.providers.downloads/cache/metadata-162.htm
07-05 13:29:56.675   545  1832 I DownloadManager: in removeSpuriousFiles, preserving file /data/data/com.android.providers.downloads/cache/metadata-463.htm
07-05 13:29:56.675   545  1832 I DownloadManager: in removeSpuriousFiles, preserving file /data/data/com.android.providers.downloads/cache/metadata-340.htm
07-05 13:29:56.675   545  1832 I DownloadManager: in removeSpuriousFiles, preserving file /data/data/com.android.providers.downloads/cache/metadata-328.htm
07-05 13:29:56.675   545  1832 I DownloadManager: in removeSpuriousFiles, preserving file /data/data/com.android.providers.downloads/cache/metadata-74.htm
07-05 13:29:56.675   545  1832 I DownloadManager: in removeSpuriousFiles, preserving file /data/data/com.android.providers.downloads/cache/metadata-238.htm
07-05 13:29:56.679   545  1832 I DownloadManager: in removeSpuriousFiles, preserving file /data/data/com.android.providers.downloads/cache/metadata-96.htm
07-05 13:29:56.679   545  1832 I DownloadManager: in removeSpuriousFiles, preserving file /data/data/com.android.providers.downloads/cache/metadata-2555.htm
07-05 13:29:56.679   545  1832 I DownloadManager: in removeSpuriousFiles, preserving file /data/data/com.android.providers.downloads/cache/metadata-387.htm
07-05 13:29:56.679   545  1832 I DownloadManager: in removeSpuriousFiles, preserving file /data/data/com.android.providers.downloads/cache/metadata-350.htm
07-05 13:29:56.679   545  1832 I DownloadManager: in removeSpuriousFiles, preserving file /data/data/com.android.providers.downloads/cache/metadata-242.htm
07-05 13:29:56.679   545  1832 I DownloadManager: in removeSpuriousFiles, preserving file /data/data/com.android.providers.downloads/cache/metadata-87.htm
07-05 13:29:56.679   545  1832 I DownloadManager: in removeSpuriousFiles, preserving file /data/data/com.android.providers.downloads/cache/metadata-1192.htm
07-05 13:29:56.679   545  1832 I DownloadManager: in removeSpuriousFiles, preserving file /data/data/com.android.providers.downloads/cache/metadata-298.htm
07-05 13:29:56.679   545  1832 I DownloadManager: in removeSpuriousFiles, preserving file /data/data/com.android.providers.downloads/cache/metadata-227.htm
07-05 13:29:56.679   545  1832 I DownloadManager: in removeSpuriousFiles, preserving file /data/data/com.android.providers.downloads/cache/metadata-268.htm
07-05 13:29:56.679   545  1832 I DownloadManager: in removeSpuriousFiles, preserving file /data/data/com.android.providers.downloads/cache/metadata-440.htm
07-05 13:29:56.683   545  1832 I DownloadManager: in removeSpuriousFiles, preserving file /data/data/com.android.providers.downloads/cache/metadata-483.htm
07-05 13:29:56.683   545  1832 I DownloadManager: in removeSpuriousFiles, preserving file /data/data/com.android.providers.downloads/cache/metadata-746.htm
07-05 13:29:56.683   545  1832 I DownloadManager: in removeSpuriousFiles, preserving file /data/data/com.android.providers.downloads/cache/metadata-369.htm
07-05 13:29:56.683   545  1832 I DownloadManager: in removeSpuriousFiles, preserving file /data/data/com.android.providers.downloads/cache/metadata-457.htm
07-05 13:29:56.683   545  1832 I DownloadManager: in removeSpuriousFiles, preserving file /data/data/com.android.providers.downloads/cache/metadata-1392.htm
07-05 13:29:56.683   545  1832 I DownloadManager: in removeSpuriousFiles, preserving file /data/data/com.android.providers.downloads/cache/metadata-171.htm
07-05 13:29:56.683   545  1832 I DownloadManager: in removeSpuriousFiles, preserving file /data/data/com.android.providers.downloads/cache/metadata-220.htm
07-05 13:29:56.683   545  1832 I DownloadManager: in removeSpuriousFiles, preserving file /data/data/com.android.providers.downloads/cache/metadata-270.htm
07-05 13:29:56.683   545  1832 I DownloadManager: in removeSpuriousFiles, preserving file /data/data/com.android.providers.downloads/cache/metadata-236.htm
07-05 13:29:56.687   545  1832 I DownloadManager: in removeSpuriousFiles, preserving file /data/data/com.android.providers.downloads/cache/metadata-261.htm
07-05 13:29:56.687   545  1832 I DownloadManager: in removeSpuriousFiles, preserving file /data/data/com.android.providers.downloads/cache/metadata-228.htm
07-05 13:29:56.687   545  1832 I DownloadManager: in removeSpuriousFiles, preserving file /data/data/com.android.providers.downloads/cache/metadata-568.htm
07-05 13:29:56.687   545  1832 I DownloadManager: in removeSpuriousFiles, preserving file /data/data/com.android.providers.downloads/cache/metadata-357.htm
07-05 13:29:56.687   545  1832 I DownloadManager: in removeSpuriousFiles, preserving file /data/data/com.android.providers.downloads/cache/metadata-1524.htm
07-05 13:29:56.687   545  1832 I DownloadManager: in removeSpuriousFiles, preserving file /data/data/com.android.providers.downloads/cache/metadata-389.htm
07-05 13:29:56.687   545  1832 I DownloadManager: in removeSpuriousFiles, preserving file /data/data/com.android.providers.downloads/cache/metadata-468.htm
07-05 13:29:56.687   545  1832 I DownloadManager: in removeSpuriousFiles, preserving file /data/data/com.android.providers.downloads/cache/metadata-221.htm
07-05 13:29:56.687   545  1832 I DownloadManager: in removeSpuriousFiles, preserving file /data/data/com.android.providers.downloads/cache/metadata-380.htm
07-05 13:29:56.691   545  1832 I DownloadManager: in removeSpuriousFiles, preserving file /data/data/com.android.providers.downloads/cache/metadata-558.htm
07-05 13:29:56.691   545  1832 I DownloadManager: in removeSpuriousFiles, preserving file /data/data/com.android.providers.downloads/cache/metadata-465.htm
07-05 13:29:56.691   545  1832 I DownloadManager: in removeSpuriousFiles, preserving file /data/data/com.android.providers.downloads/cache/metadata-579.htm
07-05 13:29:56.691   545  1832 I DownloadManager: in removeSpuriousFiles, preserving file /data/data/com.android.providers.downloads/cache/metadata-1020.htm
07-05 13:29:56.695   545  1832 I DownloadManager: in removeSpuriousFiles, preserving file /data/data/com.android.providers.downloads/cache/metadata-502.htm
07-05 13:29:56.695   545  1832 I DownloadManager: in removeSpuriousFiles, preserving file /data/data/com.android.providers.downloads/cache/metadata-347.htm
07-05 13:29:56.695   545  1832 I DownloadManager: in removeSpuriousFiles, preserving file /data/data/com.android.providers.downloads/cache/metadata-417.htm
07-05 13:29:56.695   545  1832 I DownloadManager: in removeSpuriousFiles, preserving file /data/data/com.android.providers.downloads/cache/metadata-2360.htm
07-05 13:29:56.695   545  1832 I DownloadManager: in removeSpuriousFiles, preserving file /data/data/com.android.providers.downloads/cache/metadata-452.htm
07-05 13:29:56.695   545  1832 I DownloadManager: in removeSpuriousFiles, preserving file /data/data/com.android.providers.downloads/cache/metadata-401.htm
07-05 13:29:56.695   545  1832 I DownloadManager: in removeSpuriousFiles, preserving file /data/data/com.android.providers.downloads/cache/metadata-329.htm
07-05 13:29:56.695   545  1832 I DownloadManager: in removeSpuriousFiles, preserving file /data/data/com.android.providers.downloads/cache/metadata-578.htm
07-05 13:29:56.699   545  1832 I DownloadManager: in removeSpuriousFiles, preserving file /data/data/com.android.providers.downloads/cache/metadata-263.htm
07-05 13:29:56.699   545  1832 I DownloadManager: in removeSpuriousFiles, preserving file /data/data/com.android.providers.downloads/cache/metadata-332.htm
07-05 13:29:56.699   545  1832 I DownloadManager: in removeSpuriousFiles, preserving file /data/data/com.android.providers.downloads/cache/metadata-1469.htm
07-05 13:29:56.699   545  1832 I DownloadManager: in removeSpuriousFiles, preserving file /data/data/com.android.providers.downloads/cache/metadata-1200.htm
07-05 13:29:56.699   545  1832 I DownloadManager: in removeSpuriousFiles, preserving file /data/data/com.android.providers.downloads/cache/metadata-405.htm
07-05 13:29:56.699   545  1832 I DownloadManager: in removeSpuriousFiles, preserving file /data/data/com.android.providers.downloads/cache/metadata-1428.htm
07-05 13:29:56.699   545  1832 I DownloadManager: in removeSpuriousFiles, preserving file /data/data/com.android.providers.downloads/cache/metadata-493.htm
07-05 13:29:56.703   545  1832 I DownloadManager: in removeSpuriousFiles, preserving file /data/data/com.android.providers.downloads/cache/metadata-1423.htm
07-05 13:29:56.703   545  1832 I DownloadManager: in removeSpuriousFiles, preserving file /data/data/com.android.providers.downloads/cache/metadata-1011.htm
07-05 13:29:56.703   545  1832 I DownloadManager: in removeSpuriousFiles, preserving file /data/data/com.android.providers.downloads/cache/metadata-920.htm
07-05 13:29:56.703   545  1832 I DownloadManager: in removeSpuriousFiles, preserving file /data/data/com.android.providers.downloads/cache/metadata-2018.htm
07-05 13:29:56.703   545  1832 I DownloadManager: in removeSpuriousFiles, preserving file /data/data/com.android.providers.downloads/cache/metadata-2190.htm
07-05 13:29:56.703   545  1832 I DownloadManager: in removeSpuriousFiles, preserving file /data/data/com.android.providers.downloads/cache/metadata-1046.htm
07-05 13:29:56.703   545  1832 I DownloadManager: in removeSpuriousFiles, preserving file /data/data/com.android.providers.downloads/cache/metadata-592.htm
07-05 13:29:56.703   545  1832 I DownloadManager: in removeSpuriousFiles, preserving file /data/data/com.android.providers.downloads/cache/metadata-508.htm
07-05 13:29:56.707   545  1832 I DownloadManager: in removeSpuriousFiles, preserving file /data/data/com.android.providers.downloads/cache/metadata-482.htm
07-05 13:29:56.707   545  1832 I DownloadManager: in removeSpuriousFiles, preserving file /data/data/com.android.providers.downloads/cache/metadata-367.htm
07-05 13:29:56.707   545  1832 I DownloadManager: in removeSpuriousFiles, preserving file /data/data/com.android.providers.downloads/cache/metadata-1943.htm
07-05 13:29:56.707   545  1832 I DownloadManager: in removeSpuriousFiles, preserving file /data/data/com.android.providers.downloads/cache/metadata-1330.htm
07-05 13:29:56.707   545  1832 I DownloadManager: in removeSpuriousFiles, preserving file /data/data/com.android.providers.downloads/cache/metadata-451.htm
07-05 13:29:56.707   545  1832 I DownloadManager: in removeSpuriousFiles, preserving file /data/data/com.android.providers.downloads/cache/metadata-2297.htm
07-05 13:29:56.707   545  1832 I DownloadManager: in removeSpuriousFiles, preserving file /data/data/com.android.providers.downloads/cache/metadata-872.htm
07-05 13:29:56.711   545  1832 I DownloadManager: in removeSpuriousFiles, preserving file /data/data/com.android.providers.downloads/cache/metadata-472.htm
07-05 13:29:56.711   545  1832 I DownloadManager: in removeSpuriousFiles, preserving file /data/data/com.android.providers.downloads/cache/metadata-1907.htm
07-05 13:29:56.711   545  1832 I DownloadManager: in removeSpuriousFiles, preserving file /data/data/com.android.providers.downloads/cache/metadata-1048.htm
07-05 13:29:56.711   545  1832 I DownloadManager: in removeSpuriousFiles, preserving file /data/data/com.android.providers.downloads/cache/metadata-409.htm
07-05 13:29:56.711   545  1832 I DownloadManager: in removeSpuriousFiles, preserving file /data/data/com.android.providers.downloads/cache/metadata-630.htm
07-05 13:29:56.711   545  1832 I DownloadManager: in removeSpuriousFiles, preserving file /data/data/com.android.providers.downloads/cache/metadata-957.htm
07-05 13:29:56.715   545  1832 I DownloadManager: in removeSpuriousFiles, preserving file /data/data/com.android.providers.downloads/cache/metadata-1468.htm
07-05 13:29:56.715   545  1832 I DownloadManager: in removeSpuriousFiles, preserving file /data/data/com.android.providers.downloads/cache/metadata-1464.htm
07-05 13:29:56.715   545  1832 I DownloadManager: in removeSpuriousFiles, preserving file /data/data/com.android.providers.downloads/cache/metadata-1308.htm
07-05 13:29:56.715   545  1832 I DownloadManager: in removeSpuriousFiles, preserving file /data/data/com.android.providers.downloads/cache/metadata-1356.htm
07-05 13:29:56.715   545  1832 I DownloadManager: in removeSpuriousFiles, preserving file /data/data/com.android.providers.downloads/cache/metadata-737.htm
07-05 13:29:56.718   545  1832 I DownloadManager: in removeSpuriousFiles, preserving file /data/data/com.android.providers.downloads/cache/metadata-1738.htm
07-05 13:29:56.718   545  1832 I DownloadManager: in removeSpuriousFiles, preserving file /data/data/com.android.providers.downloads/cache/metadata-902.htm
07-05 13:29:56.718   545  1832 I DownloadManager: in removeSpuriousFiles, preserving file /data/data/com.android.providers.downloads/cache/metadata-1744.htm
07-05 13:29:56.718   545  1832 I DownloadManager: in removeSpuriousFiles, preserving file /data/data/com.android.providers.downloads/cache/metadata-1168.htm
07-05 13:29:56.718   545  1832 I DownloadManager: in removeSpuriousFiles, preserving file /data/data/com.android.providers.downloads/cache/metadata-618.htm
07-05 13:29:56.722   545  1832 I DownloadManager: in removeSpuriousFiles, preserving file /data/data/com.android.providers.downloads/cache/metadata-907.htm
07-05 13:29:56.722   545  1832 I DownloadManager: in removeSpuriousFiles, preserving file /data/data/com.android.providers.downloads/cache/metadata-516.htm
07-05 13:29:56.722   545  1832 I DownloadManager: in removeSpuriousFiles, preserving file /data/data/com.android.providers.downloads/cache/metadata-1844.htm
07-05 13:29:56.722   545  1832 I DownloadManager: in removeSpuriousFiles, preserving file /data/data/com.android.providers.downloads/cache/metadata-1502.htm
07-05 13:29:56.726   545  1832 I DownloadManager: in removeSpuriousFiles, preserving file /data/data/com.android.providers.downloads/cache/metadata-1047.htm
07-05 13:29:56.726   545  1832 I DownloadManager: in removeSpuriousFiles, preserving file /data/data/com.android.providers.downloads/cache/metadata-537.htm
07-05 13:29:56.726   545  1832 I DownloadManager: in removeSpuriousFiles, preserving file /data/data/com.android.providers.downloads/cache/metadata-1536.htm
07-05 13:29:56.730   545  1832 I DownloadManager: in removeSpuriousFiles, preserving file /data/data/com.android.providers.downloads/cache/metadata-552.htm
07-05 13:29:56.730   545  1832 I DownloadManager: in removeSpuriousFiles, preserving file /data/data/com.android.providers.downloads/cache/metadata-1143.htm
07-05 13:29:56.730   545  1832 I DownloadManager: in removeSpuriousFiles, preserving file /data/data/com.android.providers.downloads/cache/metadata-1073.htm
07-05 13:29:56.734   545  1832 I DownloadManager: in removeSpuriousFiles, preserving file /data/data/com.android.providers.downloads/cache/metadata-1785.htm
07-05 13:29:56.734   545  1832 I DownloadManager: in removeSpuriousFiles, preserving file /data/data/com.android.providers.downloads/cache/metadata-650.htm
07-05 13:29:56.738   545  1832 I DownloadManager: in removeSpuriousFiles, preserving file /data/data/com.android.providers.downloads/cache/metadata-535.htm
07-05 13:29:56.738   545  1832 I DownloadManager: in removeSpuriousFiles, preserving file /data/data/com.android.providers.downloads/cache/metadata-1121.htm
07-05 13:29:56.738   545  1832 I DownloadManager: in removeSpuriousFiles, preserving file /data/data/com.android.providers.downloads/cache/metadata-827.htm
07-05 13:29:56.742   545  1832 I DownloadManager: in removeSpuriousFiles, preserving file /data/data/com.android.providers.downloads/cache/metadata-488.htm
07-05 13:29:56.742   545  1832 I DownloadManager: in removeSpuriousFiles, preserving file /data/data/com.android.providers.downloads/cache/metadata-146.htm
07-05 13:29:56.742   545  1832 I DownloadManager: in removeSpuriousFiles, preserving file /data/data/com.android.providers.downloads/cache/metadata-30.htm
07-05 13:29:56.742   545  1832 I DownloadManager: in removeSpuriousFiles, preserving file /data/data/com.android.providers.downloads/cache/metadata-65.htm
07-05 13:29:56.742   545  1832 I DownloadManager: in removeSpuriousFiles, preserving file /data/data/com.android.providers.downloads/cache/metadata-7.htm
07-05 13:29:56.742   545  1832 I DownloadManager: in removeSpuriousFiles, preserving file /data/data/com.android.providers.downloads/cache/metadata-410.htm
07-05 13:29:56.742   545  1832 I DownloadManager: in removeSpuriousFiles, preserving file /data/data/com.android.providers.downloads/cache/metadata-88.htm
07-05 13:29:56.742   545  1832 I DownloadManager: in removeSpuriousFiles, preserving file /data/data/com.android.providers.downloads/cache/metadata-344.htm
07-05 13:29:56.742   545  1832 I DownloadManager: in removeSpuriousFiles, preserving file /data/data/com.android.providers.downloads/cache/metadata-573.htm
07-05 13:29:56.746   545  1832 I DownloadManager: in removeSpuriousFiles, preserving file /data/data/com.android.providers.downloads/cache/metadata-198.htm
07-05 13:29:56.746   545  1832 I DownloadManager: in removeSpuriousFiles, preserving file /data/data/com.android.providers.downloads/cache/metadata-438.htm
07-05 13:29:56.746   545  1832 I DownloadManager: in removeSpuriousFiles, preserving file /data/data/com.android.providers.downloads/cache/metadata-311.htm
07-05 13:29:56.746   545  1832 I DownloadManager: in removeSpuriousFiles, preserving file /data/data/com.android.providers.downloads/cache/metadata-441.htm
07-05 13:29:56.746   545  1832 I DownloadManager: in removeSpuriousFiles, preserving file /data/data/com.android.providers.downloads/cache/metadata-338.htm
07-05 13:29:56.746   545  1832 I DownloadManager: in removeSpuriousFiles, preserving file /data/data/com.android.providers.downloads/cache/metadata-407.htm
07-05 13:29:56.746   545  1832 I DownloadManager: in removeSpuriousFiles, preserving file /data/data/com.android.providers.downloads/cache/metadata-137.htm
07-05 13:29:56.746   545  1832 I DownloadManager: in removeSpuriousFiles, preserving file /data/data/com.android.providers.downloads/cache/metadata-321.htm
07-05 13:29:56.746   545  1832 I DownloadManager: in removeSpuriousFiles, preserving file /data/data/com.android.providers.downloads/cache/metadata-507.htm
07-05 13:29:56.746   545  1832 I DownloadManager: in removeSpuriousFiles, preserving file /data/data/com.android.providers.downloads/cache/metadata-1333.htm
07-05 13:29:56.746   545  1832 I DownloadManager: in removeSpuriousFiles, preserving file /data/data/com.android.providers.downloads/cache/metadata-1708.htm
07-05 13:29:56.746   545  1832 I DownloadManager: in removeSpuriousFiles, preserving file /data/data/com.android.providers.downloads/cache/metadata-275.htm
07-05 13:29:56.750   545  1832 I DownloadManager: in removeSpuriousFiles, preserving file /data/data/com.android.providers.downloads/cache/metadata-356.htm
07-05 13:29:56.750   545  1832 I DownloadManager: in removeSpuriousFiles, preserving file /data/data/com.android.providers.downloads/cache/metadata-110.htm
07-05 13:29:56.750   545  1832 I DownloadManager: in removeSpuriousFiles, preserving file /data/data/com.android.providers.downloads/cache/metadata-131.htm
07-05 13:29:56.750   545  1832 I DownloadManager: in removeSpuriousFiles, preserving file /data/data/com.android.providers.downloads/cache/metadata-662.htm
07-05 13:29:56.750   545  1832 I DownloadManager: in removeSpuriousFiles, preserving file /data/data/com.android.providers.downloads/cache/metadata-429.htm
07-05 13:29:56.750   545  1832 I DownloadManager: in removeSpuriousFiles, preserving file /data/data/com.android.providers.downloads/cache/metadata-576.htm
07-05 13:29:56.750   545  1832 I DownloadManager: in removeSpuriousFiles, preserving file /data/data/com.android.providers.downloads/cache/metadata-260.htm
07-05 13:29:56.750   545  1832 I DownloadManager: in removeSpuriousFiles, preserving file /data/data/com.android.providers.downloads/cache/metadata-915.htm
07-05 13:29:56.750   545  1832 I DownloadManager: in removeSpuriousFiles, preserving file /data/data/com.android.providers.downloads/cache/metadata-296.htm
07-05 13:29:56.750   545  1832 I DownloadManager: in removeSpuriousFiles, preserving file /data/data/com.android.providers.downloads/cache/metadata-214.htm
07-05 13:29:56.754   545  1832 I DownloadManager: in removeSpuriousFiles, preserving file /data/data/com.android.providers.downloads/cache/metadata-318.htm
07-05 13:29:56.754   545  1832 I DownloadManager: in removeSpuriousFiles, preserving file /data/data/com.android.providers.downloads/cache/metadata-155.htm
07-05 13:29:56.754   545  1832 I DownloadManager: in removeSpuriousFiles, preserving file /data/data/com.android.providers.downloads/cache/metadata-437.htm
07-05 13:29:56.754   545  1832 I DownloadManager: in removeSpuriousFiles, preserving file /data/data/com.android.providers.downloads/cache/metadata-333.htm
07-05 13:29:56.754   545  1832 I DownloadManager: in removeSpuriousFiles, preserving file /data/data/com.android.providers.downloads/cache/metadata-455.htm
07-05 13:29:56.754   545  1832 I DownloadManager: in removeSpuriousFiles, preserving file /data/data/com.android.providers.downloads/cache/metadata-444.htm
07-05 13:29:56.754   545  1832 I DownloadManager: in removeSpuriousFiles, preserving file /data/data/com.android.providers.downloads/cache/metadata-462.htm
07-05 13:29:56.754   545  1832 I DownloadManager: in removeSpuriousFiles, preserving file /data/data/com.android.providers.downloads/cache/metadata-504.htm
07-05 13:29:56.754   545  1832 I DownloadManager: in removeSpuriousFiles, preserving file /data/data/com.android.providers.downloads/cache/metadata-2364.htm
07-05 13:29:56.758   545  1832 I DownloadManager: in removeSpuriousFiles, preserving file /data/data/com.android.providers.downloads/cache/metadata-1819.htm
07-05 13:29:56.758   545  1832 I DownloadManager: in removeSpuriousFiles, preserving file /data/data/com.android.providers.downloads/cache/metadata-432.htm
07-05 13:29:56.758   545  1832 I DownloadManager: in removeSpuriousFiles, preserving file /data/data/com.android.providers.downloads/cache/metadata-364.htm
07-05 13:29:56.758   545  1832 I DownloadManager: in removeSpuriousFiles, preserving file /data/data/com.android.providers.downloads/cache/metadata-370.htm
07-05 13:29:56.758   545  1832 I DownloadManager: in removeSpuriousFiles, preserving file /data/data/com.android.providers.downloads/cache/metadata-1928.htm
07-05 13:29:56.758   545  1832 I DownloadManager: in removeSpuriousFiles, preserving file /data/data/com.android.providers.downloads/cache/metadata-1987.htm
07-05 13:29:56.758   545  1832 I DownloadManager: in removeSpuriousFiles, preserving file /data/data/com.android.providers.downloads/cache/metadata-478.htm
07-05 13:29:56.758   545  1832 I DownloadManager: in removeSpuriousFiles, preserving file /data/data/com.android.providers.downloads/cache/metadata-258.htm
07-05 13:29:56.758   545  1832 I DownloadManager: in removeSpuriousFiles, preserving file /data/data/com.android.providers.downloads/cache/metadata-313.htm
07-05 13:29:56.761   545  1832 I DownloadManager: in removeSpuriousFiles, preserving file /data/data/com.android.providers.downloads/cache/metadata-1083.htm
07-05 13:29:56.761   545  1832 I DownloadManager: in removeSpuriousFiles, preserving file /data/data/com.android.providers.downloads/cache/metadata-494.htm
07-05 13:29:56.761   545  1832 I DownloadManager: in removeSpuriousFiles, preserving file /data/data/com.android.providers.downloads/cache/metadata-1425.htm
07-05 13:29:56.761   545  1832 I DownloadManager: in removeSpuriousFiles, preserving file /data/data/com.android.providers.downloads/cache/metadata-222.htm
07-05 13:29:56.765   545  1832 I DownloadManager: in removeSpuriousFiles, preserving file /data/data/com.android.providers.downloads/cache/metadata-461.htm
07-05 13:29:56.765   545  1832 I DownloadManager: in removeSpuriousFiles, preserving file /data/data/com.android.providers.downloads/cache/metadata-373.htm
07-05 13:29:56.765   545  1832 I DownloadManager: in removeSpuriousFiles, preserving file /data/data/com.android.providers.downloads/cache/metadata-596.htm
07-05 13:29:56.765   545  1832 I DownloadManager: in removeSpuriousFiles, preserving file /data/data/com.android.providers.downloads/cache/metadata-1056.htm
07-05 13:29:56.765   545  1832 I DownloadManager: in removeSpuriousFiles, preserving file /data/data/com.android.providers.downloads/cache/metadata-708.htm
07-05 13:29:56.765   545  1832 I DownloadManager: in removeSpuriousFiles, preserving file /data/data/com.android.providers.downloads/cache/metadata-189.htm
07-05 13:29:56.765   545  1832 I DownloadManager: in removeSpuriousFiles, preserving file /data/data/com.android.providers.downloads/cache/metadata-264.htm
07-05 13:29:56.765   545  1832 I DownloadManager: in removeSpuriousFiles, preserving file /data/data/com.android.providers.downloads/cache/metadata-930.htm
07-05 13:29:56.769   545  1832 I DownloadManager: in removeSpuriousFiles, preserving file /data/data/com.android.providers.downloads/cache/metadata-709.htm
07-05 13:29:56.769   545  1832 I DownloadManager: in removeSpuriousFiles, preserving file /data/data/com.android.providers.downloads/cache/metadata-266.htm
07-05 13:29:56.769   545  1832 I DownloadManager: in removeSpuriousFiles, preserving file /data/data/com.android.providers.downloads/cache/metadata-819.htm
07-05 13:29:56.769   545  1832 I DownloadManager: in removeSpuriousFiles, preserving file /data/data/com.android.providers.downloads/cache/metadata-1138.htm
07-05 13:29:56.769   545  1832 I DownloadManager: in removeSpuriousFiles, preserving file /data/data/com.android.providers.downloads/cache/metadata-1742.htm
07-05 13:29:56.769   545  1832 I DownloadManager: in removeSpuriousFiles, preserving file /data/data/com.android.providers.downloads/cache/metadata-453.htm
07-05 13:29:56.769   545  1832 I DownloadManager: in removeSpuriousFiles, preserving file /data/data/com.android.providers.downloads/cache/metadata-450.htm
07-05 13:29:56.769   545  1832 I DownloadManager: in removeSpuriousFiles, preserving file /data/data/com.android.providers.downloads/cache/metadata-2030.htm
07-05 13:29:56.773   545  1832 I DownloadManager: in removeSpuriousFiles, preserving file /data/data/com.android.providers.downloads/cache/metadata-390.htm
07-05 13:29:56.773   545  1832 I DownloadManager: in removeSpuriousFiles, preserving file /data/data/com.android.providers.downloads/cache/metadata-702.htm
07-05 13:29:56.773   545  1832 I DownloadManager: in removeSpuriousFiles, preserving file /data/data/com.android.providers.downloads/cache/metadata-204.htm
07-05 13:29:56.773   545  1832 I DownloadManager: in removeSpuriousFiles, preserving file /data/data/com.android.providers.downloads/cache/metadata-377.htm
07-05 13:29:56.773   545  1832 I DownloadManager: in removeSpuriousFiles, preserving file /data/data/com.android.providers.downloads/cache/metadata-1368.htm
07-05 13:29:56.773   545  1832 I DownloadManager: in removeSpuriousFiles, preserving file /data/data/com.android.providers.downloads/cache/metadata-1364.htm
07-05 13:29:56.773   545  1832 I DownloadManager: in removeSpuriousFiles, preserving file /data/data/com.android.providers.downloads/cache/metadata-435.htm
07-05 13:29:56.773   545  1832 I DownloadManager: in removeSpuriousFiles, preserving file /data/data/com.android.providers.downloads/cache/metadata-707.htm
07-05 13:29:56.777   545  1832 I DownloadManager: in removeSpuriousFiles, preserving file /data/data/com.android.providers.downloads/cache/metadata-1118.htm
07-05 13:29:56.777   545  1832 I DownloadManager: in removeSpuriousFiles, preserving file /data/data/com.android.providers.downloads/cache/metadata-518.htm
07-05 13:29:56.777   545  1832 I DownloadManager: in removeSpuriousFiles, preserving file /data/data/com.android.providers.downloads/cache/metadata-1043.htm
07-05 13:29:56.777   545  1832 I DownloadManager: in removeSpuriousFiles, preserving file /data/data/com.android.providers.downloads/cache/metadata-2584.htm
07-05 13:29:56.777   545  1832 I DownloadManager: in removeSpuriousFiles, preserving file /data/data/com.android.providers.downloads/cache/metadata-571.htm
07-05 13:29:56.777   545  1832 I DownloadManager: in removeSpuriousFiles, preserving file /data/data/com.android.providers.downloads/cache/metadata-520.htm
07-05 13:29:56.777   545  1832 I DownloadManager: in removeSpuriousFiles, preserving file /data/data/com.android.providers.downloads/cache/metadata-1440.htm
07-05 13:29:56.781   545  1832 I DownloadManager: in removeSpuriousFiles, preserving file /data/data/com.android.providers.downloads/cache/metadata-290.htm
07-05 13:29:56.781   545  1832 I DownloadManager: in removeSpuriousFiles, preserving file /data/data/com.android.providers.downloads/cache/metadata-1386.htm
07-05 13:29:56.781   545  1832 I DownloadManager: in removeSpuriousFiles, preserving file /data/data/com.android.providers.downloads/cache/metadata-536.htm
07-05 13:29:56.781   545  1832 I DownloadManager: in removeSpuriousFiles, preserving file /data/data/com.android.providers.downloads/cache/metadata-1450.htm
07-05 13:29:56.781   545  1832 I DownloadManager: in removeSpuriousFiles, preserving file /data/data/com.android.providers.downloads/cache/metadata-978.htm
07-05 13:29:56.781   545  1832 I DownloadManager: in removeSpuriousFiles, preserving file /data/data/com.android.providers.downloads/cache/metadata-1855.htm
07-05 13:29:56.781   545  1832 I DownloadManager: in removeSpuriousFiles, preserving file /data/data/com.android.providers.downloads/cache/metadata-1413.htm
07-05 13:29:56.789   545  1832 I DownloadManager: in removeSpuriousFiles, preserving file /data/data/com.android.providers.downloads/cache/metadata-858.htm
07-05 13:29:56.789   545  1832 I DownloadManager: in removeSpuriousFiles, preserving file /data/data/com.android.providers.downloads/cache/metadata-1128.htm
07-05 13:29:56.789   545  1832 I DownloadManager: in removeSpuriousFiles, preserving file /data/data/com.android.providers.downloads/cache/metadata-2547.htm
07-05 13:29:56.789   545  1832 I DownloadManager: in removeSpuriousFiles, preserving file /data/data/com.android.providers.downloads/cache/metadata-893.htm
07-05 13:29:56.789   545  1832 I DownloadManager: in removeSpuriousFiles, preserving file /data/data/com.android.providers.downloads/cache/metadata-1097.htm
07-05 13:29:56.789   545  1832 I DownloadManager: in removeSpuriousFiles, preserving file /data/data/com.android.providers.downloads/cache/metadata-575.htm
07-05 13:29:56.789   545  1832 I DownloadManager: in removeSpuriousFiles, preserving file /data/data/com.android.providers.downloads/cache/metadata-729.htm
07-05 13:29:56.793   545  1832 I DownloadManager: in removeSpuriousFiles, preserving file /data/data/com.android.providers.downloads/cache/metadata-1389.htm
07-05 13:29:56.793   545  1832 I DownloadManager: in removeSpuriousFiles, preserving file /data/data/com.android.providers.downloads/cache/metadata-304.htm
07-05 13:29:56.793   545  1832 I DownloadManager: in removeSpuriousFiles, preserving file /data/data/com.android.providers.downloads/cache/metadata-644.htm
07-05 13:29:56.793   545  1832 I DownloadManager: in removeSpuriousFiles, preserving file /data/data/com.android.providers.downloads/cache/metadata-1286.htm
07-05 13:29:56.793   545  1832 I DownloadManager: in removeSpuriousFiles, preserving file /data/data/com.android.providers.downloads/cache/metadata-582.htm
07-05 13:29:56.793   545  1832 I DownloadManager: in removeSpuriousFiles, preserving file /data/data/com.android.providers.downloads/cache/metadata-1575.htm
07-05 13:29:56.797   545  1832 I DownloadManager: in removeSpuriousFiles, preserving file /data/data/com.android.providers.downloads/cache/metadata-1695.htm
07-05 13:29:56.797   545  1832 I DownloadManager: in removeSpuriousFiles, preserving file /data/data/com.android.providers.downloads/cache/metadata-529.htm
07-05 13:29:56.797   545  1832 I DownloadManager: in removeSpuriousFiles, preserving file /data/data/com.android.providers.downloads/cache/metadata-1900.htm
07-05 13:29:56.797   545  1832 I DownloadManager: in removeSpuriousFiles, preserving file /data/data/com.android.providers.downloads/cache/metadata-2240.htm
07-05 13:29:56.797   545  1832 I DownloadManager: in removeSpuriousFiles, preserving file /data/data/com.android.providers.downloads/cache/metadata-287.htm
07-05 13:29:56.797   545  1832 I DownloadManager: in removeSpuriousFiles, preserving file /data/data/com.android.providers.downloads/cache/metadata-1227.htm
07-05 13:29:56.800   545  1832 I DownloadManager: in removeSpuriousFiles, preserving file /data/data/com.android.providers.downloads/cache/metadata-777.htm
07-05 13:29:56.800   545  1832 I DownloadManager: in removeSpuriousFiles, preserving file /data/data/com.android.providers.downloads/cache/metadata-1129.htm
07-05 13:29:56.800   545  1832 I DownloadManager: in removeSpuriousFiles, preserving file /data/data/com.android.providers.downloads/cache/metadata-1059.htm
07-05 13:29:56.800   545  1832 I DownloadManager: in removeSpuriousFiles, preserving file /data/data/com.android.providers.downloads/cache/metadata-905.htm
07-05 13:29:56.800   545  1832 I DownloadManager: in removeSpuriousFiles, preserving file /data/data/com.android.providers.downloads/cache/metadata-1516.htm
07-05 13:29:56.804   545  1832 I DownloadManager: in removeSpuriousFiles, preserving file /data/data/com.android.providers.downloads/cache/metadata-1328.htm
07-05 13:29:56.804   545  1832 I DownloadManager: in removeSpuriousFiles, preserving file /data/data/com.android.providers.downloads/cache/metadata-1559.htm
07-05 13:29:56.804   545  1832 I DownloadManager: in removeSpuriousFiles, preserving file /data/data/com.android.providers.downloads/cache/metadata-1153.htm
07-05 13:29:56.804   545  1832 I DownloadManager: in removeSpuriousFiles, preserving file /data/data/com.android.providers.downloads/cache/metadata-1421.htm
07-05 13:29:56.808   545  1832 I DownloadManager: in removeSpuriousFiles, preserving file /data/data/com.android.providers.downloads/cache/metadata-723.htm
07-05 13:29:56.808   545  1832 I DownloadManager: in removeSpuriousFiles, preserving file /data/data/com.android.providers.downloads/cache/metadata-548.htm
07-05 13:29:56.808   545  1832 I DownloadManager: in removeSpuriousFiles, preserving file /data/data/com.android.providers.downloads/cache/metadata-1278.htm
07-05 13:29:56.808   545  1832 I DownloadManager: in removeSpuriousFiles, preserving file /data/data/com.android.providers.downloads/cache/metadata-1106.htm
07-05 13:29:56.812   545  1832 I DownloadManager: in removeSpuriousFiles, preserving file /data/data/com.android.providers.downloads/cache/metadata-1776.htm
07-05 13:29:56.812   545  1832 I DownloadManager: in removeSpuriousFiles, preserving file /data/data/com.android.providers.downloads/cache/metadata-1005.htm
07-05 13:29:56.812   545  1832 I DownloadManager: in removeSpuriousFiles, preserving file /data/data/com.android.providers.downloads/cache/metadata-3.htm
07-05 13:29:56.812   545  1832 I DownloadManager: in removeSpuriousFiles, preserving file /data/data/com.android.providers.downloads/cache/metadata-165.htm
07-05 13:29:56.812   545  1832 I DownloadManager: in removeSpuriousFiles, preserving file /data/data/com.android.providers.downloads/cache/metadata.htm
07-05 13:29:56.812   545  1832 I DownloadManager: in removeSpuriousFiles, preserving file /data/data/com.android.providers.downloads/cache/metadata-9.htm
07-05 13:29:56.812   545  1832 I DownloadManager: in removeSpuriousFiles, preserving file /data/data/com.android.providers.downloads/cache/metadata-404.htm
07-05 13:29:56.812   545  1832 I DownloadManager: in removeSpuriousFiles, preserving file /data/data/com.android.providers.downloads/cache/metadata-341.htm
07-05 13:29:56.816   545  1832 I DownloadManager: in removeSpuriousFiles, preserving file /data/data/com.android.providers.downloads/cache/metadata-14.htm
07-05 13:29:56.816   545  1832 I DownloadManager: in removeSpuriousFiles, preserving file /data/data/com.android.providers.downloads/cache/metadata-361.htm
07-05 13:29:56.816   545  1832 I DownloadManager: in removeSpuriousFiles, preserving file /data/data/com.android.providers.downloads/cache/metadata-1706.htm
07-05 13:29:56.816   545  1832 I DownloadManager: in removeSpuriousFiles, preserving file /data/data/com.android.providers.downloads/cache/metadata-29.htm
07-05 13:29:56.816   545  1832 I DownloadManager: in removeSpuriousFiles, preserving file /data/data/com.android.providers.downloads/cache/metadata-458.htm
07-05 13:29:56.816   545  1832 I DownloadManager: in removeSpuriousFiles, preserving file /data/data/com.android.providers.downloads/cache/metadata-49.htm
07-05 13:29:56.816   545  1832 I DownloadManager: in removeSpuriousFiles, preserving file /data/data/com.android.providers.downloads/cache/metadata-823.htm
07-05 13:29:56.816   545  1832 I DownloadManager: in removeSpuriousFiles, preserving file /data/data/com.android.providers.downloads/cache/metadata-1292.htm
07-05 13:29:56.816   545  1832 I DownloadManager: in removeSpuriousFiles, preserving file /data/data/com.android.providers.downloads/cache/metadata-382.htm
07-05 13:29:56.816   545  1832 I DownloadManager: in removeSpuriousFiles, preserving file /data/data/com.android.providers.downloads/cache/metadata-682.htm
07-05 13:29:56.816   545  1832 I DownloadManager: in removeSpuriousFiles, preserving file /data/data/com.android.providers.downloads/cache/metadata-178.htm
07-05 13:29:56.816   545  1832 I DownloadManager: in removeSpuriousFiles, preserving file /data/data/com.android.providers.downloads/cache/metadata-256.htm
07-05 13:29:56.820   545  1832 I DownloadManager: in removeSpuriousFiles, preserving file /data/data/com.android.providers.downloads/cache/metadata-316.htm
07-05 13:29:56.820   545  1832 I DownloadManager: in removeSpuriousFiles, preserving file /data/data/com.android.providers.downloads/cache/metadata-1032.htm
07-05 13:29:56.820   545  1832 I DownloadManager: in removeSpuriousFiles, preserving file /data/data/com.android.providers.downloads/cache/metadata-1203.htm
07-05 13:29:56.820   545  1832 I DownloadManager: in removeSpuriousFiles, preserving file /data/data/com.android.providers.downloads/cache/metadata-514.htm
07-05 13:29:56.820   545  1832 I DownloadManager: in removeSpuriousFiles, preserving file /data/data/com.android.providers.downloads/cache/metadata-402.htm
07-05 13:29:56.820   545  1832 I DownloadManager: in removeSpuriousFiles, preserving file /data/data/com.android.providers.downloads/cache/metadata-498.htm
07-05 13:29:56.820   545  1832 I DownloadManager: in removeSpuriousFiles, preserving file /data/data/com.android.providers.downloads/cache/metadata-524.htm
07-05 13:29:56.820   545  1832 I DownloadManager: in removeSpuriousFiles, preserving file /data/data/com.android.providers.downloads/cache/metadata-715.htm
07-05 13:29:56.820   545  1832 I DownloadManager: in removeSpuriousFiles, preserving file /data/data/com.android.providers.downloads/cache/metadata-179.htm
07-05 13:29:56.820   545  1832 I DownloadManager: in removeSpuriousFiles, preserving file /data/data/com.android.providers.downloads/cache/metadata-330.htm
07-05 13:29:56.820   545  1832 I DownloadManager: in removeSpuriousFiles, preserving file /data/data/com.android.providers.downloads/cache/metadata-363.htm
07-05 13:29:56.824   545  1832 I DownloadManager: in removeSpuriousFiles, preserving file /data/data/com.android.providers.downloads/cache/metadata-244.htm
07-05 13:29:56.824   545  1832 I DownloadManager: in removeSpuriousFiles, preserving file /data/data/com.android.providers.downloads/cache/metadata-476.htm
07-05 13:29:56.824   545  1832 I DownloadManager: in removeSpuriousFiles, preserving file /data/data/com.android.providers.downloads/cache/metadata-456.htm
07-05 13:29:56.824   545  1832 I DownloadManager: in removeSpuriousFiles, preserving file /data/data/com.android.providers.downloads/cache/metadata-479.htm
07-05 13:29:56.824   545  1832 I DownloadManager: in removeSpuriousFiles, preserving file /data/data/com.android.providers.downloads/cache/metadata-492.htm
07-05 13:29:56.824   545  1832 I DownloadManager: in removeSpuriousFiles, preserving file /data/data/com.android.providers.downloads/cache/metadata-466.htm
07-05 13:29:56.824   545  1832 I DownloadManager: in removeSpuriousFiles, preserving file /data/data/com.android.providers.downloads/cache/metadata-173.htm
07-05 13:29:56.824   545  1832 I DownloadManager: in removeSpuriousFiles, preserving file /data/data/com.android.providers.downloads/cache/metadata-167.htm
07-05 13:29:56.824   545  1832 I DownloadManager: in removeSpuriousFiles, preserving file /data/data/com.android.providers.downloads/cache/metadata-69.htm
07-05 13:29:56.828   545  1832 I DownloadManager: in removeSpuriousFiles, preserving file /data/data/com.android.providers.downloads/cache/metadata-366.htm
07-05 13:29:56.828   545  1832 I DownloadManager: in removeSpuriousFiles, preserving file /data/data/com.android.providers.downloads/cache/metadata-86.htm
07-05 13:29:56.828   545  1832 I DownloadManager: in removeSpuriousFiles, preserving file /data/data/com.android.providers.downloads/cache/metadata-807.htm
07-05 13:29:56.828   545  1832 I DownloadManager: in removeSpuriousFiles, preserving file /data/data/com.android.providers.downloads/cache/metadata-509.htm
07-05 13:29:56.828   545  1832 I DownloadManager: in removeSpuriousFiles, preserving file /data/data/com.android.providers.downloads/cache/metadata-308.htm
07-05 13:29:56.828   545  1832 I DownloadManager: in removeSpuriousFiles, preserving file /data/data/com.android.providers.downloads/cache/metadata-177.htm
07-05 13:29:56.832   545  1832 I DownloadManager: in removeSpuriousFiles, preserving file /data/data/com.android.providers.downloads/cache/metadata-447.htm
07-05 13:29:56.832   545  1832 I DownloadManager: in removeSpuriousFiles, preserving file /data/data/com.android.providers.downloads/cache/metadata-538.htm
07-05 13:29:56.832   545  1832 I DownloadManager: in removeSpuriousFiles, preserving file /data/data/com.android.providers.downloads/cache/metadata-611.htm
07-05 13:29:56.832   545  1832 I DownloadManager: in removeSpuriousFiles, preserving file /data/data/com.android.providers.downloads/cache/metadata-1344.htm
07-05 13:29:56.832   545  1832 I DownloadManager: in removeSpuriousFiles, preserving file /data/data/com.android.providers.downloads/cache/metadata-293.htm
07-05 13:29:56.832   545  1832 I DownloadManager: in removeSpuriousFiles, preserving file /data/data/com.android.providers.downloads/cache/metadata-967.htm
07-05 13:29:56.832   545  1832 I DownloadManager: in removeSpuriousFiles, preserving file /data/data/com.android.providers.downloads/cache/metadata-1057.htm
07-05 13:29:56.832   545  1832 I DownloadManager: in removeSpuriousFiles, preserving file /data/data/com.android.providers.downloads/cache/metadata-499.htm
07-05 13:29:56.836   545  1832 I DownloadManager: in removeSpuriousFiles, preserving file /data/data/com.android.providers.downloads/cache/metadata-822.htm
07-05 13:29:56.836   545  1832 I DownloadManager: in removeSpuriousFiles, preserving file /data/data/com.android.providers.downloads/cache/metadata-1133.htm
07-05 13:29:56.836   545  1832 I DownloadManager: in removeSpuriousFiles, preserving file /data/data/com.android.providers.downloads/cache/metadata-448.htm
07-05 13:29:56.836   545  1832 I DownloadManager: in removeSpuriousFiles, preserving file /data/data/com.android.providers.downloads/cache/metadata-1263.htm
07-05 13:29:56.836   545  1832 I DownloadManager: in removeSpuriousFiles, preserving file /data/data/com.android.providers.downloads/cache/metadata-412.htm
07-05 13:29:56.836   545  1832 I DownloadManager: in removeSpuriousFiles, preserving file /data/data/com.android.providers.downloads/cache/metadata-423.htm
07-05 13:29:56.836   545  1832 I DownloadManager: in removeSpuriousFiles, preserving file /data/data/com.android.providers.downloads/cache/metadata-559.htm
07-05 13:29:56.836   545  1832 I DownloadManager: in removeSpuriousFiles, preserving file /data/data/com.android.providers.downloads/cache/metadata-2375.htm
07-05 13:29:56.836   545  1832 I DownloadManager: in removeSpuriousFiles, preserving file /data/data/com.android.providers.downloads/cache/metadata-1244.htm
07-05 13:29:56.840   545  1832 I DownloadManager: in removeSpuriousFiles, preserving file /data/data/com.android.providers.downloads/cache/metadata-1276.htm
07-05 13:29:56.840   545  1832 I DownloadManager: in removeSpuriousFiles, preserving file /data/data/com.android.providers.downloads/cache/metadata-346.htm
07-05 13:29:56.840   545  1832 I DownloadManager: in removeSpuriousFiles, preserving file /data/data/com.android.providers.downloads/cache/metadata-2386.htm
07-05 13:29:56.840   545  1832 I DownloadManager: in removeSpuriousFiles, preserving file /data/data/com.android.providers.downloads/cache/metadata-1012.htm
07-05 13:29:56.840   545  1832 I DownloadManager: in removeSpuriousFiles, preserving file /data/data/com.android.providers.downloads/cache/metadata-1360.htm
07-05 13:29:56.840   545  1832 I DownloadManager: in removeSpuriousFiles, preserving file /data/data/com.android.providers.downloads/cache/metadata-2108.htm
07-05 13:29:56.840   545  1832 I DownloadManager: in removeSpuriousFiles, preserving file /data/data/com.android.providers.downloads/cache/metadata-1006.htm
07-05 13:29:56.840   545  1832 I DownloadManager: in removeSpuriousFiles, preserving file /data/data/com.android.providers.downloads/cache/metadata-1107.htm
07-05 13:29:56.843   545  1832 I DownloadManager: in removeSpuriousFiles, preserving file /data/data/com.android.providers.downloads/cache/metadata-1108.htm
07-05 13:29:56.843   545  1832 I DownloadManager: in removeSpuriousFiles, preserving file /data/data/com.android.providers.downloads/cache/metadata-420.htm
07-05 13:29:56.843   545  1832 I DownloadManager: in removeSpuriousFiles, preserving file /data/data/com.android.providers.downloads/cache/metadata-1201.htm
07-05 13:29:56.843   545  1832 I DownloadManager: in removeSpuriousFiles, preserving file /data/data/com.android.providers.downloads/cache/metadata-961.htm
07-05 13:29:56.843   545  1832 I DownloadManager: in removeSpuriousFiles, preserving file /data/data/com.android.providers.downloads/cache/metadata-84.htm
07-05 13:29:56.843   545  1832 I DownloadManager: in removeSpuriousFiles, preserving file /data/data/com.android.providers.downloads/cache/metadata-376.htm
07-05 13:29:56.843   545  1832 I DownloadManager: in removeSpuriousFiles, preserving file /data/data/com.android.providers.downloads/cache/metadata-987.htm
07-05 13:29:56.843   545  1832 I DownloadManager: in removeSpuriousFiles, preserving file /data/data/com.android.providers.downloads/cache/metadata-1448.htm
07-05 13:29:56.847   545  1832 I DownloadManager: in removeSpuriousFiles, preserving file /data/data/com.android.providers.downloads/cache/metadata-892.htm
07-05 13:29:56.847   545  1832 I DownloadManager: in removeSpuriousFiles, preserving file /data/data/com.android.providers.downloads/cache/metadata-1173.htm
07-05 13:29:56.847   545  1832 I DownloadManager: in removeSpuriousFiles, preserving file /data/data/com.android.providers.downloads/cache/metadata-692.htm
07-05 13:29:56.847   545  1832 I DownloadManager: in removeSpuriousFiles, preserving file /data/data/com.android.providers.downloads/cache/metadata-2462.htm
07-05 13:29:56.847   545  1832 I DownloadManager: in removeSpuriousFiles, preserving file /data/data/com.android.providers.downloads/cache/metadata-1442.htm
07-05 13:29:56.847   545  1832 I DownloadManager: in removeSpuriousFiles, preserving file /data/data/com.android.providers.downloads/cache/metadata-1306.htm
07-05 13:29:56.847   545  1832 I DownloadManager: in removeSpuriousFiles, preserving file /data/data/com.android.providers.downloads/cache/metadata-1586.htm
07-05 13:29:56.851   545  1832 I DownloadManager: in removeSpuriousFiles, preserving file /data/data/com.android.providers.downloads/cache/metadata-2032.htm
07-05 13:29:56.851   545  1832 I DownloadManager: in removeSpuriousFiles, preserving file /data/data/com.android.providers.downloads/cache/metadata-1778.htm
07-05 13:29:56.851   545  1832 I DownloadManager: in removeSpuriousFiles, preserving file /data/data/com.android.providers.downloads/cache/metadata-2270.htm
07-05 13:29:56.851   545  1832 I DownloadManager: in removeSpuriousFiles, preserving file /data/data/com.android.providers.downloads/cache/metadata-1497.htm
07-05 13:29:56.851   545  1832 I DownloadManager: in removeSpuriousFiles, preserving file /data/data/com.android.providers.downloads/cache/metadata-1610.htm
07-05 13:29:56.851   545  1832 I DownloadManager: in removeSpuriousFiles, preserving file /data/data/com.android.providers.downloads/cache/metadata-1248.htm
07-05 13:29:56.855   545  1832 I DownloadManager: in removeSpuriousFiles, preserving file /data/data/com.android.providers.downloads/cache/metadata-1651.htm
07-05 13:29:56.855   545  1832 I DownloadManager: in removeSpuriousFiles, preserving file /data/data/com.android.providers.downloads/cache/metadata-1322.htm
07-05 13:29:56.855   545  1832 I DownloadManager: in removeSpuriousFiles, preserving file /data/data/com.android.providers.downloads/cache/metadata-541.htm
07-05 13:29:56.855   545  1832 I DownloadManager: in removeSpuriousFiles, preserving file /data/data/com.android.providers.downloads/cache/metadata-667.htm
07-05 13:29:56.855   545  1832 I DownloadManager: in removeSpuriousFiles, preserving file /data/data/com.android.providers.downloads/cache/metadata-1495.htm
07-05 13:29:56.855   545  1832 I DownloadManager: in removeSpuriousFiles, preserving file /data/data/com.android.providers.downloads/cache/metadata-1015.htm
07-05 13:29:56.855   545  1832 I DownloadManager: in removeSpuriousFiles, preserving file /data/data/com.android.providers.downloads/cache/metadata-779.htm
07-05 13:29:56.859   545  1832 I DownloadManager: in removeSpuriousFiles, preserving file /data/data/com.android.providers.downloads/cache/metadata-485.htm
07-05 13:29:56.859   545  1832 I DownloadManager: in removeSpuriousFiles, preserving file /data/data/com.android.providers.downloads/cache/metadata-1094.htm
07-05 13:29:56.859   545  1832 I DownloadManager: in removeSpuriousFiles, preserving file /data/data/com.android.providers.downloads/cache/metadata-396.htm
07-05 13:29:56.859   545  1832 I DownloadManager: in removeSpuriousFiles, preserving file /data/data/com.android.providers.downloads/cache/metadata-1825.htm
07-05 13:29:56.859   545  1832 I DownloadManager: in removeSpuriousFiles, preserving file /data/data/com.android.providers.downloads/cache/metadata-736.htm
07-05 13:29:56.859   545  1832 I DownloadManager: in removeSpuriousFiles, preserving file /data/data/com.android.providers.downloads/cache/metadata-966.htm
07-05 13:29:56.863   545  1832 I DownloadManager: in removeSpuriousFiles, preserving file /data/data/com.android.providers.downloads/cache/metadata-1085.htm
07-05 13:29:56.863   545  1832 I DownloadManager: in removeSpuriousFiles, preserving file /data/data/com.android.providers.downloads/cache/metadata-600.htm
07-05 13:29:56.867   545  1832 I DownloadManager: in removeSpuriousFiles, preserving file /data/data/com.android.providers.downloads/cache/metadata-1416.htm
07-05 13:29:56.867   545  1832 I DownloadManager: in removeSpuriousFiles, preserving file /data/data/com.android.providers.downloads/cache/metadata-2207.htm
07-05 13:29:56.867   545  1832 I DownloadManager: in removeSpuriousFiles, preserving file /data/data/com.android.providers.downloads/cache/metadata-98.htm
07-05 13:29:56.867   545  1832 I DownloadManager: in removeSpuriousFiles, preserving file /data/data/com.android.providers.downloads/cache/metadata-2465.htm
07-05 13:29:56.867   545  1832 I DownloadManager: in removeSpuriousFiles, preserving file /data/data/com.android.providers.downloads/cache/metadata-639.htm
07-05 13:29:56.867   545  1832 I DownloadManager: in removeSpuriousFiles, preserving file /data/data/com.android.providers.downloads/cache/metadata-1463.htm
07-05 13:29:56.871   545  1832 I DownloadManager: in removeSpuriousFiles, preserving file /data/data/com.android.providers.downloads/cache/metadata-554.htm
07-05 13:29:56.871   545  1832 I DownloadManager: in removeSpuriousFiles, preserving file /data/data/com.android.providers.downloads/cache/metadata-821.htm
07-05 13:29:56.871   545  1832 I DownloadManager: in removeSpuriousFiles, preserving file /data/data/com.android.providers.downloads/cache/metadata-2276.htm
07-05 13:29:56.871   545  1832 I DownloadManager: in removeSpuriousFiles, preserving file /data/data/com.android.providers.downloads/cache/metadata-1303.htm
07-05 13:29:56.875   545  1832 I DownloadManager: in removeSpuriousFiles, preserving file /data/data/com.android.providers.downloads/cache/metadata-1493.htm
07-05 13:29:56.875   545  1832 I DownloadManager: in removeSpuriousFiles, preserving file /data/data/com.android.providers.downloads/cache/metadata-1302.htm
07-05 13:29:56.875   545  1832 I DownloadManager: in removeSpuriousFiles, preserving file /data/data/com.android.providers.downloads/cache/metadata-881.htm
07-05 13:29:56.875   545  1832 I DownloadManager: in removeSpuriousFiles, preserving file /data/data/com.android.providers.downloads/cache/metadata-869.htm
07-05 13:29:56.875   545  1832 I DownloadManager: in removeSpuriousFiles, preserving file /data/data/com.android.providers.downloads/cache/metadata-648.htm
07-05 13:29:56.879   545  1832 I DownloadManager: in removeSpuriousFiles, preserving file /data/data/com.android.providers.downloads/cache/metadata-532.htm
07-05 13:29:56.879   545  1832 I DownloadManager: in removeSpuriousFiles, preserving file /data/data/com.android.providers.downloads/cache/metadata-4.htm
07-05 13:29:56.879   545  1832 I DownloadManager: in removeSpuriousFiles, preserving file /data/data/com.android.providers.downloads/cache/metadata-760.htm
07-05 13:29:56.879   545  1832 I DownloadManager: in removeSpuriousFiles, preserving file /data/data/com.android.providers.downloads/cache/metadata-6.htm
07-05 13:29:56.879   545  1832 I DownloadManager: in removeSpuriousFiles, preserving file /data/data/com.android.providers.downloads/cache/metadata-41.htm
07-05 13:29:56.879   545  1832 I DownloadManager: in removeSpuriousFiles, preserving file /data/data/com.android.providers.downloads/cache/metadata-393.htm
07-05 13:29:56.879   545  1832 I DownloadManager: in removeSpuriousFiles, preserving file /data/data/com.android.providers.downloads/cache/metadata-34.htm
07-05 13:29:56.879   545  1832 I DownloadManager: in removeSpuriousFiles, preserving file /data/data/com.android.providers.downloads/cache/metadata-19.htm
07-05 13:29:56.879   545  1832 I DownloadManager: in removeSpuriousFiles, preserving file /data/data/com.android.providers.downloads/cache/metadata-859.htm
07-05 13:29:56.879   545  1832 I DownloadManager: in removeSpuriousFiles, preserving file /data/data/com.android.providers.downloads/cache/metadata-18.htm
07-05 13:29:56.879   545  1832 I DownloadManager: in removeSpuriousFiles, preserving file /data/data/com.android.providers.downloads/cache/metadata-477.htm
07-05 13:29:56.879   545  1832 I DownloadManager: in removeSpuriousFiles, preserving file /data/data/com.android.providers.downloads/cache/metadata-484.htm
07-05 13:29:56.879   545  1832 I DownloadManager: in removeSpuriousFiles, preserving file /data/data/com.android.providers.downloads/cache/metadata-106.htm
07-05 13:29:56.883   545  1832 I DownloadManager: in removeSpuriousFiles, preserving file /data/data/com.android.providers.downloads/cache/metadata-603.htm
07-05 13:29:56.883   545  1832 I DownloadManager: in removeSpuriousFiles, preserving file /data/data/com.android.providers.downloads/cache/metadata-487.htm
07-05 13:29:56.883   545  1832 I DownloadManager: in removeSpuriousFiles, preserving file /data/data/com.android.providers.downloads/cache/metadata-1906.htm
07-05 13:29:56.883   545  1832 I DownloadManager: in removeSpuriousFiles, preserving file /data/data/com.android.providers.downloads/cache/metadata-134.htm
07-05 13:29:56.883   545  1832 I DownloadManager: in removeSpuriousFiles, preserving file /data/data/com.android.providers.downloads/cache/metadata-253.htm
07-05 13:29:56.883   545  1832 I DownloadManager: in removeSpuriousFiles, preserving file /data/data/com.android.providers.downloads/cache/metadata-916.htm
07-05 13:29:56.883   545  1832 I DownloadManager: in removeSpuriousFiles, preserving file /data/data/com.android.providers.downloads/cache/metadata-553.htm
07-05 13:29:56.883   545  1832 I DownloadManager: in removeSpuriousFiles, preserving file /data/data/com.android.providers.downloads/cache/metadata-391.htm
07-05 13:29:56.883   545  1832 I DownloadManager: in removeSpuriousFiles, preserving file /data/data/com.android.providers.downloads/cache/metadata-302.htm
07-05 13:29:56.883   545  1832 I DownloadManager: in removeSpuriousFiles, preserving file /data/data/com.android.providers.downloads/cache/metadata-285.htm
07-05 13:29:56.883   545  1832 I DownloadManager: in removeSpuriousFiles, preserving file /data/data/com.android.providers.downloads/cache/metadata-497.htm
07-05 13:29:56.886   545  1832 I DownloadManager: in removeSpuriousFiles, preserving file /data/data/com.android.providers.downloads/cache/metadata-129.htm
07-05 13:29:56.886   545  1832 I DownloadManager: in removeSpuriousFiles, preserving file /data/data/com.android.providers.downloads/cache/metadata-1001.htm
07-05 13:29:56.886   545  1832 I DownloadManager: in removeSpuriousFiles, preserving file /data/data/com.android.providers.downloads/cache/metadata-425.htm
07-05 13:29:56.886   545  1832 I DownloadManager: in removeSpuriousFiles, preserving file /data/data/com.android.providers.downloads/cache/metadata-449.htm
07-05 13:29:56.886   545  1832 I DownloadManager: in removeSpuriousFiles, preserving file /data/data/com.android.providers.downloads/cache/metadata-683.htm
07-05 13:29:56.886   545  1832 I DownloadManager: in removeSpuriousFiles, preserving file /data/data/com.android.providers.downloads/cache/metadata-339.htm
07-05 13:29:56.886   545  1832 I DownloadManager: in removeSpuriousFiles, preserving file /data/data/com.android.providers.downloads/cache/metadata-470.htm
07-05 13:29:56.886   545  1832 I DownloadManager: in removeSpuriousFiles, preserving file /data/data/com.android.providers.downloads/cache/metadata-1220.htm
07-05 13:29:56.886   545  1832 I DownloadManager: in removeSpuriousFiles, preserving file /data/data/com.android.providers.downloads/cache/metadata-534.htm
07-05 13:29:56.886   545  1832 I DownloadManager: in removeSpuriousFiles, preserving file /data/data/com.android.providers.downloads/cache/metadata-1600.htm
07-05 13:29:56.890   545  1832 I DownloadManager: in removeSpuriousFiles, preserving file /data/data/com.android.providers.downloads/cache/metadata-574.htm
07-05 13:29:56.890   545  1832 I DownloadManager: in removeSpuriousFiles, preserving file /data/data/com.android.providers.downloads/cache/metadata-355.htm
07-05 13:29:56.890   545  1832 I DownloadManager: in removeSpuriousFiles, preserving file /data/data/com.android.providers.downloads/cache/metadata-519.htm
07-05 13:29:56.890   545  1832 I DownloadManager: in removeSpuriousFiles, preserving file /data/data/com.android.providers.downloads/cache/metadata-1544.htm
07-05 13:29:56.890   545  1832 I DownloadManager: in removeSpuriousFiles, preserving file /data/data/com.android.providers.downloads/cache/metadata-279.htm
07-05 13:29:56.890   545  1832 I DownloadManager: in removeSpuriousFiles, preserving file /data/data/com.android.providers.downloads/cache/metadata-99.htm
07-05 13:29:56.890   545  1832 I DownloadManager: in removeSpuriousFiles, preserving file /data/data/com.android.providers.downloads/cache/metadata-431.htm
07-05 13:29:56.890   545  1832 I DownloadManager: in removeSpuriousFiles, preserving file /data/data/com.android.providers.downloads/cache/metadata-1346.htm
07-05 13:29:56.890   545  1832 I DownloadManager: in removeSpuriousFiles, preserving file /data/data/com.android.providers.downloads/cache/metadata-195.htm
07-05 13:29:56.890   545  1832 I DownloadManager: in removeSpuriousFiles, preserving file /data/data/com.android.providers.downloads/cache/metadata-581.htm
07-05 13:29:56.894   545  1832 I DownloadManager: in removeSpuriousFiles, preserving file /data/data/com.android.providers.downloads/cache/metadata-543.htm
07-05 13:29:56.894   545  1832 I DownloadManager: in removeSpuriousFiles, preserving file /data/data/com.android.providers.downloads/cache/metadata-528.htm
07-05 13:29:56.894   545  1832 I DownloadManager: in removeSpuriousFiles, preserving file /data/data/com.android.providers.downloads/cache/metadata-1494.htm
07-05 13:29:56.894   545  1832 I DownloadManager: in removeSpuriousFiles, preserving file /data/data/com.android.providers.downloads/cache/metadata-1065.htm
07-05 13:29:56.894   545  1832 I DownloadManager: in removeSpuriousFiles, preserving file /data/data/com.android.providers.downloads/cache/metadata-371.htm
07-05 13:29:56.894   545  1832 I DownloadManager: in removeSpuriousFiles, preserving file /data/data/com.android.providers.downloads/cache/metadata-1070.htm
07-05 13:29:56.894   545  1832 I DownloadManager: in removeSpuriousFiles, preserving file /data/data/com.android.providers.downloads/cache/metadata-512.htm
07-05 13:29:56.894   545  1832 I DownloadManager: in removeSpuriousFiles, preserving file /data/data/com.android.providers.downloads/cache/metadata-605.htm
07-05 13:29:56.894   545  1832 I DownloadManager: in removeSpuriousFiles, preserving file /data/data/com.android.providers.downloads/cache/metadata-863.htm
07-05 13:29:56.902   545  1832 I DownloadManager: in removeSpuriousFiles, preserving file /data/data/com.android.providers.downloads/cache/metadata-584.htm
07-05 13:29:56.902   545  1832 I DownloadManager: in removeSpuriousFiles, preserving file /data/data/com.android.providers.downloads/cache/metadata-752.htm
07-05 13:29:56.902   545  1832 I DownloadManager: in removeSpuriousFiles, preserving file /data/data/com.android.providers.downloads/cache/metadata-651.htm
07-05 13:29:56.902   545  1832 I DownloadManager: in removeSpuriousFiles, preserving file /data/data/com.android.providers.downloads/cache/metadata-337.htm
07-05 13:29:56.902   545  1832 I DownloadManager: in removeSpuriousFiles, preserving file /data/data/com.android.providers.downloads/cache/metadata-1445.htm
07-05 13:29:56.902   545  1832 I DownloadManager: in removeSpuriousFiles, preserving file /data/data/com.android.providers.downloads/cache/metadata-325.htm
07-05 13:29:56.902   545  1832 I DownloadManager: in removeSpuriousFiles, preserving file /data/data/com.android.providers.downloads/cache/metadata-666.htm
07-05 13:29:56.902   545  1832 I DownloadManager: in removeSpuriousFiles, preserving file /data/data/com.android.providers.downloads/cache/metadata-1483.htm
07-05 13:29:56.902   545  1832 I DownloadManager: in removeSpuriousFiles, preserving file /data/data/com.android.providers.downloads/cache/metadata-2841.htm
07-05 13:29:56.906   545  1832 I DownloadManager: in removeSpuriousFiles, preserving file /data/data/com.android.providers.downloads/cache/metadata-454.htm
07-05 13:29:56.906   545  1832 I DownloadManager: in removeSpuriousFiles, preserving file /data/data/com.android.providers.downloads/cache/metadata-557.htm
07-05 13:29:56.906   545  1832 I DownloadManager: in removeSpuriousFiles, preserving file /data/data/com.android.providers.downloads/cache/metadata-309.htm
07-05 13:29:56.906   545  1832 I DownloadManager: in removeSpuriousFiles, preserving file /data/data/com.android.providers.downloads/cache/metadata-471.htm
07-05 13:29:56.906   545  1832 I DownloadManager: in removeSpuriousFiles, preserving file /data/data/com.android.providers.downloads/cache/metadata-378.htm
07-05 13:29:56.906   545  1832 I DownloadManager: in removeSpuriousFiles, preserving file /data/data/com.android.providers.downloads/cache/metadata-1496.htm
07-05 13:29:56.906   545  1832 I DownloadManager: in removeSpuriousFiles, preserving file /data/data/com.android.providers.downloads/cache/metadata-1324.htm
07-05 13:29:56.906   545  1832 I DownloadManager: in removeSpuriousFiles, preserving file /data/data/com.android.providers.downloads/cache/metadata-730.htm
07-05 13:29:56.910   545  1832 I DownloadManager: in removeSpuriousFiles, preserving file /data/data/com.android.providers.downloads/cache/metadata-1728.htm
07-05 13:29:56.910   545  1832 I DownloadManager: in removeSpuriousFiles, preserving file /data/data/com.android.providers.downloads/cache/metadata-1169.htm
07-05 13:29:56.910   545  1832 I DownloadManager: in removeSpuriousFiles, preserving file /data/data/com.android.providers.downloads/cache/metadata-941.htm
07-05 13:29:56.910   545  1832 I DownloadManager: in removeSpuriousFiles, preserving file /data/data/com.android.providers.downloads/cache/metadata-706.htm
07-05 13:29:56.910   545  1832 I DownloadManager: in removeSpuriousFiles, preserving file /data/data/com.android.providers.downloads/cache/metadata-786.htm
07-05 13:29:56.910   545  1832 I DownloadManager: in removeSpuriousFiles, preserving file /data/data/com.android.providers.downloads/cache/metadata-1891.htm
07-05 13:29:56.910   545  1832 I DownloadManager: in removeSpuriousFiles, preserving file /data/data/com.android.providers.downloads/cache/metadata-546.htm
07-05 13:29:56.910   545  1832 I DownloadManager: in removeSpuriousFiles, preserving file /data/data/com.android.providers.downloads/cache/metadata-1945.htm
07-05 13:29:56.914   545  1832 I DownloadManager: in removeSpuriousFiles, preserving file /data/data/com.android.providers.downloads/cache/metadata-665.htm
07-05 13:29:56.914   545  1832 I DownloadManager: in removeSpuriousFiles, preserving file /data/data/com.android.providers.downloads/cache/metadata-2365.htm
07-05 13:29:56.914   545  1832 I DownloadManager: in removeSpuriousFiles, preserving file /data/data/com.android.providers.downloads/cache/metadata-223.htm
07-05 13:29:56.914   545  1832 I DownloadManager: in removeSpuriousFiles, preserving file /data/data/com.android.providers.downloads/cache/metadata-342.htm
07-05 13:29:56.914   545  1832 I DownloadManager: in removeSpuriousFiles, preserving file /data/data/com.android.providers.downloads/cache/metadata-591.htm
07-05 13:29:56.914   545  1832 I DownloadManager: in removeSpuriousFiles, preserving file /data/data/com.android.providers.downloads/cache/metadata-697.htm
07-05 13:29:56.914   545  1832 I DownloadManager: in removeSpuriousFiles, preserving file /data/data/com.android.providers.downloads/cache/metadata-200.htm
07-05 13:29:56.914   545  1832 I DownloadManager: in removeSpuriousFiles, preserving file /data/data/com.android.providers.downloads/cache/metadata-722.htm
07-05 13:29:56.918   545  1832 I DownloadManager: in removeSpuriousFiles, preserving file /data/data/com.android.providers.downloads/cache/metadata-225.htm
07-05 13:29:56.918   545  1832 I DownloadManager: in removeSpuriousFiles, preserving file /data/data/com.android.providers.downloads/cache/metadata-1674.htm
07-05 13:29:56.918   545  1832 I DownloadManager: in removeSpuriousFiles, preserving file /data/data/com.android.providers.downloads/cache/metadata-1206.htm
07-05 13:29:56.918   545  1832 I DownloadManager: in removeSpuriousFiles, preserving file /data/data/com.android.providers.downloads/cache/metadata-767.htm
07-05 13:29:56.918   545  1832 I DownloadManager: in removeSpuriousFiles, preserving file /data/data/com.android.providers.downloads/cache/metadata-1072.htm
07-05 13:29:56.918   545  1832 I DownloadManager: in removeSpuriousFiles, preserving file /data/data/com.android.providers.downloads/cache/metadata-352.htm
07-05 13:29:56.918   545  1832 I DownloadManager: in removeSpuriousFiles, preserving file /data/data/com.android.providers.downloads/cache/metadata-1466.htm
07-05 13:29:56.922   545  1832 I DownloadManager: in removeSpuriousFiles, preserving file /data/data/com.android.providers.downloads/cache/metadata-954.htm
07-05 13:29:56.922   545  1832 I DownloadManager: in removeSpuriousFiles, preserving file /data/data/com.android.providers.downloads/cache/metadata-379.htm
07-05 13:29:56.922   545  1832 I DownloadManager: in removeSpuriousFiles, preserving file /data/data/com.android.providers.downloads/cache/metadata-962.htm
07-05 13:29:56.922   545  1832 I DownloadManager: in removeSpuriousFiles, preserving file /data/data/com.android.providers.downloads/cache/metadata-785.htm
07-05 13:29:56.922   545  1832 I DownloadManager: in removeSpuriousFiles, preserving file /data/data/com.android.providers.downloads/cache/metadata-1229.htm
07-05 13:29:56.922   545  1832 I DownloadManager: in removeSpuriousFiles, preserving file /data/data/com.android.providers.downloads/cache/metadata-795.htm
07-05 13:29:56.922   545  1832 I DownloadManager: in removeSpuriousFiles, preserving file /data/data/com.android.providers.downloads/cache/metadata-1035.htm
07-05 13:29:56.925   545  1832 I DownloadManager: in removeSpuriousFiles, preserving file /data/data/com.android.providers.downloads/cache/metadata-545.htm
07-05 13:29:56.925   545  1832 I DownloadManager: in removeSpuriousFiles, preserving file /data/data/com.android.providers.downloads/cache/metadata-1155.htm
07-05 13:29:56.925   545  1832 I DownloadManager: in removeSpuriousFiles, preserving file /data/data/com.android.providers.downloads/cache/metadata-670.htm
07-05 13:29:56.925   545  1832 I DownloadManager: in removeSpuriousFiles, preserving file /data/data/com.android.providers.downloads/cache/metadata-1726.htm
07-05 13:29:56.925   545  1832 I DownloadManager: in removeSpuriousFiles, preserving file /data/data/com.android.providers.downloads/cache/metadata-433.htm
07-05 13:29:56.925   545  1832 I DownloadManager: in removeSpuriousFiles, preserving file /data/data/com.android.providers.downloads/cache/metadata-1016.htm
07-05 13:29:56.941   545  1832 I DownloadManager: in removeSpuriousFiles, preserving file /data/data/com.android.providers.downloads/cache/metadata-623.htm
07-05 13:29:56.941   545  1832 I DownloadManager: in removeSpuriousFiles, preserving file /data/data/com.android.providers.downloads/cache/metadata-1523.htm
07-05 13:29:56.941   545  1832 I DownloadManager: in removeSpuriousFiles, preserving file /data/data/com.android.providers.downloads/cache/metadata-679.htm
07-05 13:29:56.941   545  1832 I DownloadManager: in removeSpuriousFiles, preserving file /data/data/com.android.providers.downloads/cache/metadata-542.htm
07-05 13:29:56.941   545  1832 I DownloadManager: in removeSpuriousFiles, preserving file /data/data/com.android.providers.downloads/cache/metadata-816.htm
07-05 13:29:56.941   545  1832 I DownloadManager: in removeSpuriousFiles, preserving file /data/data/com.android.providers.downloads/cache/metadata-1202.htm
07-05 13:29:56.941   545  1832 I DownloadManager: in removeSpuriousFiles, preserving file /data/data/com.android.providers.downloads/cache/metadata-1078.htm
07-05 13:29:56.945   545  1832 I DownloadManager: in removeSpuriousFiles, preserving file /data/data/com.android.providers.downloads/cache/metadata-1171.htm
07-05 13:29:56.945   545  1832 I DownloadManager: in removeSpuriousFiles, preserving file /data/data/com.android.providers.downloads/cache/metadata-990.htm
07-05 13:29:56.945   545  1832 I DownloadManager: in removeSpuriousFiles, preserving file /data/data/com.android.providers.downloads/cache/metadata-614.htm
07-05 13:29:56.953   545  1832 I DownloadManager: in removeSpuriousFiles, preserving file /data/data/com.android.providers.downloads/cache/metadata-628.htm
07-05 13:29:56.953   545  1832 I DownloadManager: in removeSpuriousFiles, preserving file /data/data/com.android.providers.downloads/cache/metadata-1824.htm
07-05 13:29:56.953   545  1832 I DownloadManager: in removeSpuriousFiles, preserving file /data/data/com.android.providers.downloads/cache/metadata-1210.htm
07-05 13:29:56.953   545  1832 I DownloadManager: in removeSpuriousFiles, preserving file /data/data/com.android.providers.downloads/cache/metadata-1148.htm
07-05 13:29:56.953   545  1832 I DownloadManager: in removeSpuriousFiles, preserving file /data/data/com.android.providers.downloads/cache/metadata-1170.htm
07-05 13:29:56.961   545  1832 I DownloadManager: in removeSpuriousFiles, preserving file /data/data/com.android.providers.downloads/cache/metadata-547.htm
07-05 13:29:56.961   545  1832 I DownloadManager: in removeSpuriousFiles, preserving file /data/data/com.android.providers.downloads/cache/metadata-1889.htm
07-05 13:29:56.961   545  1832 I DownloadManager: in removeSpuriousFiles, preserving file /data/data/com.android.providers.downloads/cache/metadata-533.htm
07-05 13:29:56.961   545  1832 I DownloadManager: in removeSpuriousFiles, preserving file /data/data/com.android.providers.downloads/cache/metadata-588.htm
07-05 13:29:56.965   545  1832 I DownloadManager: in removeSpuriousFiles, preserving file /data/data/com.android.providers.downloads/cache/metadata-1.htm
07-05 13:29:56.968   545  1832 I DownloadManager: in removeSpuriousFiles, preserving file /data/data/com.android.providers.downloads/cache/metadata-46.htm
07-05 13:29:56.968   545  1832 I DownloadManager: in removeSpuriousFiles, preserving file /data/data/com.android.providers.downloads/cache/metadata-2.htm
07-05 13:29:56.968   545  1832 I DownloadManager: in removeSpuriousFiles, preserving file /data/data/com.android.providers.downloads/cache/metadata-282.htm
07-05 13:29:56.968   545  1832 I DownloadManager: in removeSpuriousFiles, preserving file /data/data/com.android.providers.downloads/cache/metadata-13.htm
07-05 13:29:56.968   545  1832 I DownloadManager: in removeSpuriousFiles, preserving file /data/data/com.android.providers.downloads/cache/metadata-28.htm
07-05 13:29:56.968   545  1832 I DownloadManager: in removeSpuriousFiles, preserving file /data/data/com.android.providers.downloads/cache/metadata-47.htm
07-05 13:29:56.968   545  1832 I DownloadManager: in removeSpuriousFiles, preserving file /data/data/com.android.providers.downloads/cache/metadata-23.htm
07-05 13:29:56.968   545  1832 I DownloadManager: in removeSpuriousFiles, preserving file /data/data/com.android.providers.downloads/cache/metadata-51.htm
07-05 13:29:56.968   545  1832 I DownloadManager: in removeSpuriousFiles, preserving file /data/data/com.android.providers.downloads/cache/metadata-22.htm
07-05 13:29:56.968   545  1832 I DownloadManager: in removeSpuriousFiles, preserving file /data/data/com.android.providers.downloads/cache/metadata-442.htm
07-05 13:29:56.968   545  1832 I DownloadManager: in removeSpuriousFiles, preserving file /data/data/com.android.providers.downloads/cache/metadata-56.htm
07-05 13:29:56.968   545  1832 I DownloadManager: in removeSpuriousFiles, preserving file /data/data/com.android.providers.downloads/cache/metadata-12.htm
07-05 13:29:56.968   545  1832 I DownloadManager: in removeSpuriousFiles, preserving file /data/data/com.android.providers.downloads/cache/metadata-35.htm
07-05 13:29:56.968   545  1832 I DownloadManager: in removeSpuriousFiles, preserving file /data/data/com.android.providers.downloads/cache/metadata-731.htm
07-05 13:29:56.968   545  1832 I DownloadManager: in removeSpuriousFiles, preserving file /data/data/com.android.providers.downloads/cache/metadata-1936.htm
07-05 13:29:56.968   545  1832 I DownloadManager: in removeSpuriousFiles, preserving file /data/data/com.android.providers.downloads/cache/metadata-564.htm
07-05 13:29:56.972   545  1832 I DownloadManager: in removeSpuriousFiles, preserving file /data/data/com.android.providers.downloads/cache/metadata-549.htm
07-05 13:29:56.976   545  1832 I DownloadManager: in removeSpuriousFiles, preserving file /data/data/com.android.providers.downloads/cache/metadata-945.htm
07-05 13:29:56.976   545  1832 I DownloadManager: in removeSpuriousFiles, preserving file /data/data/com.android.providers.downloads/cache/metadata-932.htm
07-05 13:29:56.976   545  1832 I DownloadManager: in removeSpuriousFiles, preserving file /data/data/com.android.providers.downloads/cache/metadata-931.htm
07-05 13:29:56.976   545  1832 I DownloadManager: in removeSpuriousFiles, preserving file /data/data/com.android.providers.downloads/cache/metadata-820.htm
07-05 13:29:56.976   545  1832 I DownloadManager: in removeSpuriousFiles, preserving file /data/data/com.android.providers.downloads/cache/metadata-2571.htm
07-05 13:29:56.976   545  1832 I DownloadManager: in removeSpuriousFiles, preserving file /data/data/com.android.providers.downloads/cache/metadata-587.htm
07-05 13:29:56.976   545  1832 I DownloadManager: in removeSpuriousFiles, preserving file /data/data/com.android.providers.downloads/cache/metadata-769.htm
07-05 13:29:56.976   545  1832 I DownloadManager: in removeSpuriousFiles, preserving file /data/data/com.android.providers.downloads/cache/metadata-530.htm
07-05 13:29:56.976   545  1832 I DownloadManager: in removeSpuriousFiles, preserving file /data/data/com.android.providers.downloads/cache/metadata-464.htm
07-05 13:29:56.976   545  1832 I DownloadManager: in removeSpuriousFiles, preserving file /data/data/com.android.providers.downloads/cache/metadata-851.htm
07-05 13:29:56.980   545  1832 I DownloadManager: in removeSpuriousFiles, preserving file /data/data/com.android.providers.downloads/cache/metadata-489.htm
07-05 13:29:56.980   545  1832 I DownloadManager: in removeSpuriousFiles, preserving file /data/data/com.android.providers.downloads/cache/metadata-1581.htm
07-05 13:29:56.992   545  1832 I DownloadManager: in removeSpuriousFiles, preserving file /data/data/com.android.providers.downloads/cache/metadata-1387.htm
07-05 13:29:56.996   545  1832 I DownloadManager: in removeSpuriousFiles, preserving file /data/data/com.android.providers.downloads/cache/metadata-496.htm
07-05 13:29:56.996   545  1832 I DownloadManager: in removeSpuriousFiles, preserving file /data/data/com.android.providers.downloads/cache/metadata-1226.htm
07-05 13:29:56.996   545  1832 I DownloadManager: in removeSpuriousFiles, preserving file /data/data/com.android.providers.downloads/cache/metadata-513.htm
07-05 13:29:56.996   545  1832 I DownloadManager: in removeSpuriousFiles, preserving file /data/data/com.android.providers.downloads/cache/metadata-1429.htm
07-05 13:29:56.996   545  1832 I DownloadManager: in removeSpuriousFiles, preserving file /data/data/com.android.providers.downloads/cache/metadata-1260.htm
07-05 13:29:56.996   545  1832 I DownloadManager: in removeSpuriousFiles, preserving file /data/data/com.android.providers.downloads/cache/metadata-871.htm
07-05 13:29:56.996   545  1832 I DownloadManager: in removeSpuriousFiles, preserving file /data/data/com.android.providers.downloads/cache/metadata-875.htm
07-05 13:29:56.996   545  1832 I DownloadManager: in removeSpuriousFiles, preserving file /data/data/com.android.providers.downloads/cache/metadata-1528.htm
07-05 13:29:56.996   545  1832 I DownloadManager: in removeSpuriousFiles, preserving file /data/data/com.android.providers.downloads/cache/metadata-1520.htm
07-05 13:29:57.000   545   548 D dalvikvm: GC_CONCURRENT freed 653K, 8% free 10813K/11719K, paused 1ms+3ms
07-05 13:29:57.000   545  1832 I DownloadManager: in removeSpuriousFiles, preserving file /data/data/com.android.providers.downloads/cache/metadata-1383.htm
07-05 13:29:57.000   545  1832 I DownloadManager: in removeSpuriousFiles, preserving file /data/data/com.android.providers.downloads/cache/metadata-443.htm
07-05 13:29:57.004   545  1832 I DownloadManager: in removeSpuriousFiles, preserving file /data/data/com.android.providers.downloads/cache/metadata-610.htm
07-05 13:29:57.004   545  1832 I DownloadManager: in removeSpuriousFiles, preserving file /data/data/com.android.providers.downloads/cache/metadata-687.htm
07-05 13:29:57.004   545  1832 I DownloadManager: in removeSpuriousFiles, preserving file /data/data/com.android.providers.downloads/cache/metadata-434.htm
07-05 13:29:57.004   545  1832 I DownloadManager: in removeSpuriousFiles, preserving file /data/data/com.android.providers.downloads/cache/metadata-2004.htm
07-05 13:29:57.004   545  1832 I DownloadManager: in removeSpuriousFiles, preserving file /data/data/com.android.providers.downloads/cache/metadata-1242.htm
07-05 13:29:57.004   545  1832 I DownloadManager: in removeSpuriousFiles, preserving file /data/data/com.android.providers.downloads/cache/metadata-775.htm
07-05 13:29:57.004   545  1832 I DownloadManager: in removeSpuriousFiles, preserving file /data/data/com.android.providers.downloads/cache/metadata-503.htm
07-05 13:29:57.004   545  1832 I DownloadManager: in removeSpuriousFiles, preserving file /data/data/com.android.providers.downloads/cache/metadata-935.htm
07-05 13:29:57.004   545  1832 I DownloadManager: in removeSpuriousFiles, preserving file /data/data/com.android.providers.downloads/cache/metadata-491.htm
07-05 13:29:57.008   545  1832 I DownloadManager: in removeSpuriousFiles, preserving file /data/data/com.android.providers.downloads/cache/metadata-964.htm
07-05 13:29:57.008   545  1832 I DownloadManager: in removeSpuriousFiles, preserving file /data/data/com.android.providers.downloads/cache/metadata-1222.htm
07-05 13:29:57.011   545  1832 I DownloadManager: in removeSpuriousFiles, preserving file /data/data/com.android.providers.downloads/cache/metadata-688.htm
07-05 13:29:57.011   545  1832 I DownloadManager: in removeSpuriousFiles, preserving file /data/data/com.android.providers.downloads/cache/metadata-1259.htm
07-05 13:29:57.011   545  1832 I DownloadManager: in removeSpuriousFiles, preserving file /data/data/com.android.providers.downloads/cache/metadata-2261.htm
07-05 13:29:57.011   545  1832 I DownloadManager: in removeSpuriousFiles, preserving file /data/data/com.android.providers.downloads/cache/metadata-2258.htm
07-05 13:29:57.011   545  1832 I DownloadManager: in removeSpuriousFiles, preserving file /data/data/com.android.providers.downloads/cache/metadata-2339.htm
07-05 13:29:57.011   545  1832 I DownloadManager: in removeSpuriousFiles, preserving file /data/data/com.android.providers.downloads/cache/metadata-771.htm
07-05 13:29:57.011   545  1832 I DownloadManager: in removeSpuriousFiles, preserving file /data/data/com.android.providers.downloads/cache/metadata-481.htm
07-05 13:29:57.011   545  1832 I DownloadManager: in removeSpuriousFiles, preserving file /data/data/com.android.providers.downloads/cache/metadata-2140.htm
07-05 13:29:57.011   545  1832 I DownloadManager: in removeSpuriousFiles, preserving file /data/data/com.android.providers.downloads/cache/metadata-495.htm
07-05 13:29:57.011   545  1832 I DownloadManager: in removeSpuriousFiles, preserving file /data/data/com.android.providers.downloads/cache/metadata-1112.htm
07-05 13:29:57.011   545  1832 I DownloadManager: in removeSpuriousFiles, preserving file /data/data/com.android.providers.downloads/cache/metadata-1622.htm
07-05 13:29:57.023   545  1832 I DownloadManager: in removeSpuriousFiles, preserving file /data/data/com.android.providers.downloads/cache/metadata-800.htm
07-05 13:29:57.023   545  1832 I DownloadManager: in removeSpuriousFiles, preserving file /data/data/com.android.providers.downloads/cache/metadata-1444.htm
07-05 13:29:57.023   545  1832 I DownloadManager: in removeSpuriousFiles, preserving file /data/data/com.android.providers.downloads/cache/metadata-1101.htm
07-05 13:29:57.023   545  1832 I DownloadManager: in removeSpuriousFiles, preserving file /data/data/com.android.providers.downloads/cache/metadata-802.htm
07-05 13:29:57.027   545  1832 I DownloadManager: in removeSpuriousFiles, preserving file /data/data/com.android.providers.downloads/cache/metadata-970.htm
07-05 13:29:57.027   545  1832 I DownloadManager: in removeSpuriousFiles, preserving file /data/data/com.android.providers.downloads/cache/metadata-776.htm
07-05 13:29:57.027   545  1832 I DownloadManager: in removeSpuriousFiles, preserving file /data/data/com.android.providers.downloads/cache/metadata-1113.htm
07-05 13:29:57.027   545  1832 I DownloadManager: in removeSpuriousFiles, preserving file /data/data/com.android.providers.downloads/cache/metadata-784.htm
07-05 13:29:57.027   545  1832 I DownloadManager: in removeSpuriousFiles, preserving file /data/data/com.android.providers.downloads/cache/metadata-901.htm
07-05 13:29:57.027   545  1832 I DownloadManager: in removeSpuriousFiles, preserving file /data/data/com.android.providers.downloads/cache/metadata-1326.htm
07-05 13:29:57.027   545  1832 I DownloadManager: in removeSpuriousFiles, preserving file /data/data/com.android.providers.downloads/cache/metadata-1690.htm
07-05 13:29:57.027   545  1832 I DownloadManager: in removeSpuriousFiles, preserving file /data/data/com.android.providers.downloads/cache/metadata-668.htm
07-05 13:29:57.027   545  1832 I DownloadManager: in removeSpuriousFiles, preserving file /data/data/com.android.providers.downloads/cache/metadata-1358.htm
07-05 13:29:57.035   545  1832 I DownloadManager: in removeSpuriousFiles, preserving file /data/data/com.android.providers.downloads/cache/metadata-894.htm
07-05 13:29:57.035   545  1832 I DownloadManager: in removeSpuriousFiles, preserving file /data/data/com.android.providers.downloads/cache/metadata-633.htm
07-05 13:29:57.035   545  1832 I DownloadManager: in removeSpuriousFiles, preserving file /data/data/com.android.providers.downloads/cache/metadata-675.htm
07-05 13:29:57.035   545  1832 I DownloadManager: in removeSpuriousFiles, preserving file /data/data/com.android.providers.downloads/cache/metadata-1067.htm
07-05 13:29:57.035   545  1832 I DownloadManager: in removeSpuriousFiles, preserving file /data/data/com.android.providers.downloads/cache/metadata-1949.htm
07-05 13:29:57.035   545  1832 I DownloadManager: in removeSpuriousFiles, preserving file /data/data/com.android.providers.downloads/cache/metadata-1237.htm
07-05 13:29:57.035   545  1832 I DownloadManager: in removeSpuriousFiles, preserving file /data/data/com.android.providers.downloads/cache/metadata-1427.htm
07-05 13:29:57.035   545  1832 I DownloadManager: in removeSpuriousFiles, preserving file /data/data/com.android.providers.downloads/cache/metadata-2115.htm
07-05 13:29:57.039   545  1832 I DownloadManager: in removeSpuriousFiles, preserving file /data/data/com.android.providers.downloads/cache/metadata-1257.htm
07-05 13:29:57.039   545  1832 I DownloadManager: in removeSpuriousFiles, preserving file /data/data/com.android.providers.downloads/cache/metadata-1527.htm
07-05 13:29:57.039   545  1832 I DownloadManager: in removeSpuriousFiles, preserving file /data/data/com.android.providers.downloads/cache/metadata-1430.htm
07-05 13:29:57.039   545  1832 I DownloadManager: in removeSpuriousFiles, preserving file /data/data/com.android.providers.downloads/cache/metadata-1438.htm
07-05 13:29:57.039   545  1832 I DownloadManager: in removeSpuriousFiles, preserving file /data/data/com.android.providers.downloads/cache/metadata-474.htm
07-05 13:29:57.039   545  1832 I DownloadManager: in removeSpuriousFiles, preserving file /data/data/com.android.providers.downloads/cache/metadata-671.htm
07-05 13:29:57.039   545  1832 I DownloadManager: in removeSpuriousFiles, preserving file /data/data/com.android.providers.downloads/cache/metadata-1349.htm
07-05 13:29:57.039   545  1832 I DownloadManager: in removeSpuriousFiles, preserving file /data/data/com.android.providers.downloads/cache/metadata-631.htm
07-05 13:29:57.043   545  1832 I DownloadManager: in removeSpuriousFiles, preserving file /data/data/com.android.providers.downloads/cache/metadata-2168.htm
07-05 13:29:57.043   545  1832 I DownloadManager: in removeSpuriousFiles, preserving file /data/data/com.android.providers.downloads/cache/metadata-1574.htm
07-05 13:29:57.043   545  1832 I DownloadManager: in removeSpuriousFiles, preserving file /data/data/com.android.providers.downloads/cache/metadata-868.htm
07-05 13:29:57.043   545  1832 I DownloadManager: in removeSpuriousFiles, preserving file /data/data/com.android.providers.downloads/cache/metadata-2214.htm
07-05 13:29:57.043   545  1832 I DownloadManager: in removeSpuriousFiles, preserving file /data/data/com.android.providers.downloads/cache/metadata-1859.htm
07-05 13:29:57.043   545  1832 I DownloadManager: in removeSpuriousFiles, preserving file /data/data/com.android.providers.downloads/cache/metadata-866.htm
07-05 13:29:57.043   545  1832 I DownloadManager: in removeSpuriousFiles, preserving file /data/data/com.android.providers.downloads/cache/metadata-634.htm
07-05 13:29:57.047   545  1832 I DownloadManager: in removeSpuriousFiles, preserving file /data/data/com.android.providers.downloads/cache/metadata-1037.htm
07-05 13:29:57.047   545  1832 I DownloadManager: in removeSpuriousFiles, preserving file /data/data/com.android.providers.downloads/cache/metadata-2044.htm
07-05 13:29:57.047   545  1832 I DownloadManager: in removeSpuriousFiles, preserving file /data/data/com.android.providers.downloads/cache/metadata-1599.htm
07-05 13:29:57.047   545  1832 I DownloadManager: in removeSpuriousFiles, preserving file /data/data/com.android.providers.downloads/cache/metadata-2077.htm
07-05 13:29:57.047   545  1832 I DownloadManager: in removeSpuriousFiles, preserving file /data/data/com.android.providers.downloads/cache/metadata-1363.htm
07-05 13:29:57.047   545  1832 I DownloadManager: in removeSpuriousFiles, preserving file /data/data/com.android.providers.downloads/cache/metadata-166.htm
07-05 13:29:57.047   545  1832 I DownloadManager: in removeSpuriousFiles, preserving file /data/data/com.android.providers.downloads/cache/metadata-1132.htm
07-05 13:29:57.047   545  1832 I DownloadManager: in removeSpuriousFiles, preserving file /data/data/com.android.providers.downloads/cache/metadata-1398.htm
07-05 13:29:57.050   545  1832 I DownloadManager: in removeSpuriousFiles, preserving file /data/data/com.android.providers.downloads/cache/metadata-2727.htm
07-05 13:29:57.050   545  1832 I DownloadManager: in removeSpuriousFiles, preserving file /data/data/com.android.providers.downloads/cache/metadata-1030.htm
07-05 13:29:57.050   545  1832 I DownloadManager: in removeSpuriousFiles, preserving file /data/data/com.android.providers.downloads/cache/metadata-1243.htm
07-05 13:29:57.050   545  1832 I DownloadManager: in removeSpuriousFiles, preserving file /data/data/com.android.providers.downloads/cache/metadata-1547.htm
07-05 13:29:57.050   545  1832 I DownloadManager: in removeSpuriousFiles, preserving file /data/data/com.android.providers.downloads/cache/metadata-1827.htm
07-05 13:29:57.050   545  1832 I DownloadManager: in removeSpuriousFiles, preserving file /data/data/com.android.providers.downloads/cache/metadata-1743.htm
07-05 13:29:57.050   545  1832 I DownloadManager: in removeSpuriousFiles, preserving file /data/data/com.android.providers.downloads/cache/metadata-1449.htm
07-05 13:29:57.054   545  1832 I DownloadManager: in removeSpuriousFiles, preserving file /data/data/com.android.providers.downloads/cache/metadata-831.htm
07-05 13:29:57.054   545  1832 I DownloadManager: in removeSpuriousFiles, preserving file /data/data/com.android.providers.downloads/cache/metadata-1068.htm
07-05 13:29:57.054   545  1832 I DownloadManager: in removeSpuriousFiles, preserving file /data/data/com.android.providers.downloads/cache/metadata-1219.htm
07-05 13:29:57.054   545  1832 I DownloadManager: in removeSpuriousFiles, preserving file /data/data/com.android.providers.downloads/cache/metadata-1571.htm
07-05 13:29:57.054   545  1832 I DownloadManager: in removeSpuriousFiles, preserving file /data/data/com.android.providers.downloads/cache/metadata-1911.htm
07-05 13:29:57.054   545  1832 I DownloadManager: in removeSpuriousFiles, preserving file /data/data/com.android.providers.downloads/cache/metadata-1354.htm
07-05 13:29:57.058   545  1832 I DownloadManager: in removeSpuriousFiles, preserving file /data/data/com.android.providers.downloads/cache/metadata-527.htm
07-05 13:29:57.058   545  1832 I DownloadManager: in removeSpuriousFiles, preserving file /data/data/com.android.providers.downloads/cache/metadata-1062.htm
07-05 13:29:57.058   545  1832 I DownloadManager: in removeSpuriousFiles, preserving file /data/data/com.android.providers.downloads/cache/metadata-1191.htm
07-05 13:29:57.058   545  1832 I DownloadManager: in removeSpuriousFiles, preserving file /data/data/com.android.providers.downloads/cache/metadata-8.htm
07-05 13:29:57.058   545  1832 I DownloadManager: in removeSpuriousFiles, preserving file /data/data/com.android.providers.downloads/cache/metadata-15.htm
07-05 13:29:57.058   545  1832 I DownloadManager: in removeSpuriousFiles, preserving file /data/data/com.android.providers.downloads/cache/metadata-24.htm
07-05 13:29:57.058   545  1832 I DownloadManager: in removeSpuriousFiles, preserving file /data/data/com.android.providers.downloads/cache/metadata-62.htm
07-05 13:29:57.058   545  1832 I DownloadManager: in removeSpuriousFiles, preserving file /data/data/com.android.providers.downloads/cache/metadata-36.htm
07-05 13:29:57.058   545  1832 I DownloadManager: in removeSpuriousFiles, preserving file /data/data/com.android.providers.downloads/cache/metadata-54.htm
07-05 13:29:57.058   545  1832 I DownloadManager: in removeSpuriousFiles, preserving file /data/data/com.android.providers.downloads/cache/metadata-1331.htm
07-05 13:29:57.058   545  1832 I DownloadManager: in removeSpuriousFiles, preserving file /data/data/com.android.providers.downloads/cache/metadata-174.htm
07-05 13:29:57.058   545  1832 I DownloadManager: in removeSpuriousFiles, preserving file /data/data/com.android.providers.downloads/cache/metadata-55.htm
07-05 13:29:57.058   545  1832 I DownloadManager: in removeSpuriousFiles, preserving file /data/data/com.android.providers.downloads/cache/metadata-757.htm
07-05 13:29:57.058   545  1832 I DownloadManager: in removeSpuriousFiles, preserving file /data/data/com.android.providers.downloads/cache/metadata-91.htm
07-05 13:29:57.066   545  1832 I DownloadManager: in removeSpuriousFiles, preserving file /data/data/com.android.providers.downloads/cache/metadata-1319.htm
07-05 13:29:57.066   545  1832 I DownloadManager: in removeSpuriousFiles, preserving file /data/data/com.android.providers.downloads/cache/metadata-58.htm
07-05 13:29:57.066   545  1832 I DownloadManager: in removeSpuriousFiles, preserving file /data/data/com.android.providers.downloads/cache/metadata-67.htm
07-05 13:29:57.066   545  1832 I DownloadManager: in removeSpuriousFiles, preserving file /data/data/com.android.providers.downloads/cache/metadata-501.htm
07-05 13:29:57.066   545  1832 I DownloadManager: in removeSpuriousFiles, preserving file /data/data/com.android.providers.downloads/cache/metadata-11.htm
07-05 13:29:57.066   545  1832 I DownloadManager: in removeSpuriousFiles, preserving file /data/data/com.android.providers.downloads/cache/metadata-561.htm
07-05 13:29:57.066   545  1832 I DownloadManager: in removeSpuriousFiles, preserving file /data/data/com.android.providers.downloads/cache/metadata-556.htm
07-05 13:29:57.066   545  1832 I DownloadManager: in removeSpuriousFiles, preserving file /data/data/com.android.providers.downloads/cache/metadata-475.htm
07-05 13:29:57.066   545  1832 I DownloadManager: in removeSpuriousFiles, preserving file /data/data/com.android.providers.downloads/cache/metadata-60.htm
07-05 13:29:57.066   545  1832 I DownloadManager: in removeSpuriousFiles, preserving file /data/data/com.android.providers.downloads/cache/metadata-539.htm
07-05 13:29:57.066   545  1832 I DownloadManager: in removeSpuriousFiles, preserving file /data/data/com.android.providers.downloads/cache/metadata-153.htm
07-05 13:29:57.066   545  1832 I DownloadManager: in removeSpuriousFiles, preserving file /data/data/com.android.providers.downloads/cache/metadata-1471.htm
07-05 13:29:57.066   545  1832 I DownloadManager: in removeSpuriousFiles, preserving file /data/data/com.android.providers.downloads/cache/metadata-526.htm
07-05 13:29:57.066   545  1832 I DownloadManager: in removeSpuriousFiles, preserving file /data/data/com.android.providers.downloads/cache/metadata-845.htm
07-05 13:29:57.066   545  1832 I DownloadManager: in removeSpuriousFiles, preserving file /data/data/com.android.providers.downloads/cache/metadata-1052.htm
07-05 13:29:57.066   545  1832 I DownloadManager: in removeSpuriousFiles, preserving file /data/data/com.android.providers.downloads/cache/metadata-1794.htm
07-05 13:29:57.066   545  1832 I DownloadManager: in removeSpuriousFiles, preserving file /data/data/com.android.providers.downloads/cache/metadata-511.htm
07-05 13:29:57.066   545  1832 I DownloadManager: in removeSpuriousFiles, preserving file /data/data/com.android.providers.downloads/cache/metadata-230.htm
07-05 13:29:57.066   545  1832 I DownloadManager: in removeSpuriousFiles, preserving file /data/data/com.android.providers.downloads/cache/metadata-245.htm
07-05 13:29:57.066   545  1832 I DownloadManager: in removeSpuriousFiles, preserving file /data/data/com.android.providers.downloads/cache/metadata-1093.htm
07-05 13:29:57.066   545  1832 I DownloadManager: in removeSpuriousFiles, preserving file /data/data/com.android.providers.downloads/cache/metadata-1140.htm
07-05 13:29:57.066   545  1832 I DownloadManager: in removeSpuriousFiles, preserving file /data/data/com.android.providers.downloads/cache/metadata-580.htm
07-05 13:29:57.066   545  1832 I DownloadManager: in removeSpuriousFiles, preserving file /data/data/com.android.providers.downloads/cache/metadata-789.htm
07-05 13:29:57.066   545  1832 I DownloadManager: in removeSpuriousFiles, preserving file /data/data/com.android.providers.downloads/cache/metadata-130.htm
07-05 13:29:57.066   545  1832 I DownloadManager: in removeSpuriousFiles, preserving file /data/data/com.android.providers.downloads/cache/metadata-143.htm
07-05 13:29:57.066   545  1832 I DownloadManager: in removeSpuriousFiles, preserving file /data/data/com.android.providers.downloads/cache/metadata-1406.htm
07-05 13:29:57.066   545  1832 I DownloadManager: in removeSpuriousFiles, preserving file /data/data/com.android.providers.downloads/cache/metadata-1950.htm
07-05 13:29:57.066   545  1832 I DownloadManager: in removeSpuriousFiles, preserving file /data/data/com.android.providers.downloads/cache/metadata-199.htm
07-05 13:29:57.070   545  1832 I DownloadManager: in removeSpuriousFiles, preserving file /data/data/com.android.providers.downloads/cache/metadata-395.htm
07-05 13:29:57.070   545  1832 I DownloadManager: in removeSpuriousFiles, preserving file /data/data/com.android.providers.downloads/cache/metadata-1476.htm
07-05 13:29:57.070   545  1832 I DownloadManager: in removeSpuriousFiles, preserving file /data/data/com.android.providers.downloads/cache/metadata-586.htm
07-05 13:29:57.070   545  1832 I DownloadManager: in removeSpuriousFiles, preserving file /data/data/com.android.providers.downloads/cache/metadata-201.htm
07-05 13:29:57.070   545  1832 I DownloadManager: in removeSpuriousFiles, preserving file /data/data/com.android.providers.downloads/cache/metadata-1066.htm
07-05 13:29:57.070   545  1832 I DownloadManager: in removeSpuriousFiles, preserving file /data/data/com.android.providers.downloads/cache/metadata-413.htm
07-05 13:29:57.070   545  1832 I DownloadManager: in removeSpuriousFiles, preserving file /data/data/com.android.providers.downloads/cache/metadata-505.htm
07-05 13:29:57.070   545  1832 I DownloadManager: in removeSpuriousFiles, preserving file /data/data/com.android.providers.downloads/cache/metadata-652.htm
07-05 13:29:57.070   545  1832 I DownloadManager: in removeSpuriousFiles, preserving file /data/data/com.android.providers.downloads/cache/metadata-641.htm
07-05 13:29:57.070   545  1832 I DownloadManager: in removeSpuriousFiles, preserving file /data/data/com.android.providers.downloads/cache/metadata-690.htm
07-05 13:29:57.078   545  1832 I DownloadManager: in removeSpuriousFiles, preserving file /data/data/com.android.providers.downloads/cache/metadata-2028.htm
07-05 13:29:57.078   545  1832 I DownloadManager: in removeSpuriousFiles, preserving file /data/data/com.android.providers.downloads/cache/metadata-1384.htm
07-05 13:29:57.078   545  1832 I DownloadManager: in removeSpuriousFiles, preserving file /data/data/com.android.providers.downloads/cache/metadata-1348.htm
07-05 13:29:57.082   545  1832 I DownloadManager: in removeSpuriousFiles, preserving file /data/data/com.android.providers.downloads/cache/metadata-365.htm
07-05 13:29:57.082   545  1832 I DownloadManager: in removeSpuriousFiles, preserving file /data/data/com.android.providers.downloads/cache/metadata-416.htm
07-05 13:29:57.082   545  1832 I DownloadManager: in removeSpuriousFiles, preserving file /data/data/com.android.providers.downloads/cache/metadata-594.htm
07-05 13:29:57.082   545  1832 I DownloadManager: in removeSpuriousFiles, preserving file /data/data/com.android.providers.downloads/cache/metadata-608.htm
07-05 13:29:57.082   545  1832 I DownloadManager: in removeSpuriousFiles, preserving file /data/data/com.android.providers.downloads/cache/metadata-1223.htm
07-05 13:29:57.082   545  1832 I DownloadManager: in removeSpuriousFiles, preserving file /data/data/com.android.providers.downloads/cache/metadata-583.htm
07-05 13:29:57.082   545  1832 I DownloadManager: in removeSpuriousFiles, preserving file /data/data/com.android.providers.downloads/cache/metadata-324.htm
07-05 13:29:57.082   545  1832 I DownloadManager: in removeSpuriousFiles, preserving file /data/data/com.android.providers.downloads/cache/metadata-1327.htm
07-05 13:29:57.082   545  1832 I DownloadManager: in removeSpuriousFiles, preserving file /data/data/com.android.providers.downloads/cache/metadata-2522.htm
07-05 13:29:57.082   545  1832 I DownloadManager: in removeSpuriousFiles, preserving file /data/data/com.android.providers.downloads/cache/metadata-918.htm
07-05 13:29:57.086   545  1832 I DownloadManager: in removeSpuriousFiles, preserving file /data/data/com.android.providers.downloads/cache/metadata-797.htm
07-05 13:29:57.086   545  1832 I DownloadManager: in removeSpuriousFiles, preserving file /data/data/com.android.providers.downloads/cache/metadata-2300.htm
07-05 13:29:57.086   545  1832 I DownloadManager: in removeSpuriousFiles, preserving file /data/data/com.android.providers.downloads/cache/metadata-1117.htm
07-05 13:29:57.086   545  1832 I DownloadManager: in removeSpuriousFiles, preserving file /data/data/com.android.providers.downloads/cache/metadata-2798.htm
07-05 13:29:57.086   545  1832 I DownloadManager: in removeSpuriousFiles, preserving file /data/data/com.android.providers.downloads/cache/metadata-1013.htm
07-05 13:29:57.086   545  1832 I DownloadManager: in removeSpuriousFiles, preserving file /data/data/com.android.providers.downloads/cache/metadata-615.htm
07-05 13:29:57.086   545  1832 I DownloadManager: in removeSpuriousFiles, preserving file /data/data/com.android.providers.downloads/cache/metadata-1119.htm
07-05 13:29:57.086   545  1832 I DownloadManager: in removeSpuriousFiles, preserving file /data/data/com.android.providers.downloads/cache/metadata-315.htm
07-05 13:29:57.086   545  1832 I DownloadManager: in removeSpuriousFiles, preserving file /data/data/com.android.providers.downloads/cache/metadata-1443.htm
07-05 13:29:57.086   545  1832 I DownloadManager: in removeSpuriousFiles, preserving file /data/data/com.android.providers.downloads/cache/metadata-89.htm
07-05 13:29:57.090   545  1832 I DownloadManager: in removeSpuriousFiles, preserving file /data/data/com.android.providers.downloads/cache/metadata-196.htm
07-05 13:29:57.090   545  1832 I DownloadManager: in removeSpuriousFiles, preserving file /data/data/com.android.providers.downloads/cache/metadata-522.htm
07-05 13:29:57.090   545  1832 I DownloadManager: in removeSpuriousFiles, preserving file /data/data/com.android.providers.downloads/cache/metadata-540.htm
07-05 13:29:57.090   545  1832 I DownloadManager: in removeSpuriousFiles, preserving file /data/data/com.android.providers.downloads/cache/metadata-947.htm
07-05 13:29:57.090   545  1832 I DownloadManager: in removeSpuriousFiles, preserving file /data/data/com.android.providers.downloads/cache/metadata-299.htm
07-05 13:29:57.090   545  1832 I DownloadManager: in removeSpuriousFiles, preserving file /data/data/com.android.providers.downloads/cache/metadata-986.htm
07-05 13:29:57.090   545  1832 I DownloadManager: in removeSpuriousFiles, preserving file /data/data/com.android.providers.downloads/cache/metadata-525.htm
07-05 13:29:57.090   545  1832 I DownloadManager: in removeSpuriousFiles, preserving file /data/data/com.android.providers.downloads/cache/metadata-1862.htm
07-05 13:29:57.090   545  1832 I DownloadManager: in removeSpuriousFiles, preserving file /data/data/com.android.providers.downloads/cache/metadata-1588.htm
07-05 13:29:57.093   545  1832 I DownloadManager: in removeSpuriousFiles, preserving file /data/data/com.android.providers.downloads/cache/metadata-1607.htm
07-05 13:29:57.093   545  1832 I DownloadManager: in removeSpuriousFiles, preserving file /data/data/com.android.providers.downloads/cache/metadata-959.htm
07-05 13:29:57.093   545  1832 I DownloadManager: in removeSpuriousFiles, preserving file /data/data/com.android.providers.downloads/cache/metadata-1587.htm
07-05 13:29:57.093   545  1832 I DownloadManager: in removeSpuriousFiles, preserving file /data/data/com.android.providers.downloads/cache/metadata-1411.htm
07-05 13:29:57.093   545  1832 I DownloadManager: in removeSpuriousFiles, preserving file /data/data/com.android.providers.downloads/cache/metadata-1456.htm
07-05 13:29:57.093   545  1832 I DownloadManager: in removeSpuriousFiles, preserving file /data/data/com.android.providers.downloads/cache/metadata-1214.htm
07-05 13:29:57.093   545  1832 I DownloadManager: in removeSpuriousFiles, preserving file /data/data/com.android.providers.downloads/cache/metadata-1234.htm
07-05 13:29:57.093   545  1832 I DownloadManager: in removeSpuriousFiles, preserving file /data/data/com.android.providers.downloads/cache/metadata-560.htm
07-05 13:29:57.093   545  1832 I DownloadManager: in removeSpuriousFiles, preserving file /data/data/com.android.providers.downloads/cache/metadata-1894.htm
07-05 13:29:57.093   545  1832 I DownloadManager: in removeSpuriousFiles, preserving file /data/data/com.android.providers.downloads/cache/metadata-2172.htm
07-05 13:29:57.097   545  1832 I DownloadManager: in removeSpuriousFiles, preserving file /data/data/com.android.providers.downloads/cache/metadata-884.htm
07-05 13:29:57.097   545  1832 I DownloadManager: in removeSpuriousFiles, preserving file /data/data/com.android.providers.downloads/cache/metadata-911.htm
07-05 13:29:57.097   545  1832 I DownloadManager: in removeSpuriousFiles, preserving file /data/data/com.android.providers.downloads/cache/metadata-1811.htm
07-05 13:29:57.097   545  1832 I DownloadManager: in removeSpuriousFiles, preserving file /data/data/com.android.providers.downloads/cache/metadata-601.htm
07-05 13:29:57.097   545  1832 I DownloadManager: in removeSpuriousFiles, preserving file /data/data/com.android.providers.downloads/cache/metadata-658.htm
07-05 13:29:57.097   545  1832 I DownloadManager: in removeSpuriousFiles, preserving file /data/data/com.android.providers.downloads/cache/metadata-1034.htm
07-05 13:29:57.097   545  1832 I DownloadManager: in removeSpuriousFiles, preserving file /data/data/com.android.providers.downloads/cache/metadata-828.htm
07-05 13:29:57.097   545  1832 I DownloadManager: in removeSpuriousFiles, preserving file /data/data/com.android.providers.downloads/cache/metadata-569.htm
07-05 13:29:57.097   545  1832 I DownloadManager: in removeSpuriousFiles, preserving file /data/data/com.android.providers.downloads/cache/metadata-2085.htm
07-05 13:29:57.101   545  1832 I DownloadManager: in removeSpuriousFiles, preserving file /data/data/com.android.providers.downloads/cache/metadata-2003.htm
07-05 13:29:57.101   545  1832 I DownloadManager: in removeSpuriousFiles, preserving file /data/data/com.android.providers.downloads/cache/metadata-2442.htm
07-05 13:29:57.101   545  1832 I DownloadManager: in removeSpuriousFiles, preserving file /data/data/com.android.providers.downloads/cache/metadata-1235.htm
07-05 13:29:57.101   545  1832 I DownloadManager: in removeSpuriousFiles, preserving file /data/data/com.android.providers.downloads/cache/metadata-815.htm
07-05 13:29:57.101   545  1832 I DownloadManager: in removeSpuriousFiles, preserving file /data/data/com.android.providers.downloads/cache/metadata-1470.htm
07-05 13:29:57.101   545  1832 I DownloadManager: in removeSpuriousFiles, preserving file /data/data/com.android.providers.downloads/cache/metadata-751.htm
07-05 13:29:57.101   545  1832 I DownloadManager: in removeSpuriousFiles, preserving file /data/data/com.android.providers.downloads/cache/metadata-599.htm
07-05 13:29:57.101   545  1832 I DownloadManager: in removeSpuriousFiles, preserving file /data/data/com.android.providers.downloads/cache/metadata-1538.htm
07-05 13:29:57.105   545  1832 I DownloadManager: in removeSpuriousFiles, preserving file /data/data/com.android.providers.downloads/cache/metadata-1534.htm
07-05 13:29:57.105   545  1832 I DownloadManager: in removeSpuriousFiles, preserving file /data/data/com.android.providers.downloads/cache/metadata-774.htm
07-05 13:29:57.105   545  1832 I DownloadManager: in removeSpuriousFiles, preserving file /data/data/com.android.providers.downloads/cache/metadata-1861.htm
07-05 13:29:57.105   545  1832 I DownloadManager: in removeSpuriousFiles, preserving file /data/data/com.android.providers.downloads/cache/metadata-1592.htm
07-05 13:29:57.105   545  1832 I DownloadManager: in removeSpuriousFiles, preserving file /data/data/com.android.providers.downloads/cache/metadata-1781.htm
07-05 13:29:57.105   545  1832 I DownloadManager: in removeSpuriousFiles, preserving file /data/data/com.android.providers.downloads/cache/metadata-1197.htm
07-05 13:29:57.105   545  1832 I DownloadManager: in removeSpuriousFiles, preserving file /data/data/com.android.providers.downloads/cache/metadata-645.htm
07-05 13:29:57.105   545  1832 I DownloadManager: in removeSpuriousFiles, preserving file /data/data/com.android.providers.downloads/cache/metadata-1215.htm
07-05 13:29:57.109   545  1832 I DownloadManager: in removeSpuriousFiles, preserving file /data/data/com.android.providers.downloads/cache/metadata-735.htm
07-05 13:29:57.109   545  1832 I DownloadManager: in removeSpuriousFiles, preserving file /data/data/com.android.providers.downloads/cache/metadata-1313.htm
07-05 13:29:57.109   545  1832 I DownloadManager: in removeSpuriousFiles, preserving file /data/data/com.android.providers.downloads/cache/metadata-10.htm
07-05 13:29:57.109   545  1832 I DownloadManager: in removeSpuriousFiles, preserving file /data/data/com.android.providers.downloads/cache/metadata-5.htm
07-05 13:29:57.109   545  1832 I DownloadManager: in removeSpuriousFiles, preserving file /data/data/com.android.providers.downloads/cache/metadata-17.htm
07-05 13:29:57.109   545  1832 I DownloadManager: in removeSpuriousFiles, preserving file /data/data/com.android.providers.downloads/cache/metadata-16.htm
07-05 13:29:57.109   545  1832 I DownloadManager: in removeSpuriousFiles, preserving file /data/data/com.android.providers.downloads/cache/metadata-32.htm
07-05 13:29:57.109   545  1832 I DownloadManager: in removeSpuriousFiles, preserving file /data/data/com.android.providers.downloads/cache/metadata-259.htm
07-05 13:29:57.109   545  1832 I DownloadManager: in removeSpuriousFiles, preserving file /data/data/com.android.providers.downloads/cache/metadata-21.htm
07-05 13:29:57.109   545  1832 I DownloadManager: in removeSpuriousFiles, preserving file /data/data/com.android.providers.downloads/cache/metadata-555.htm
07-05 13:29:57.109   545  1832 I DownloadManager: in removeSpuriousFiles, preserving file /data/data/com.android.providers.downloads/cache/metadata-59.htm
07-05 13:29:57.109   545  1832 I DownloadManager: in removeSpuriousFiles, preserving file /data/data/com.android.providers.downloads/cache/metadata-40.htm
07-05 13:29:57.109   545  1832 I DownloadManager: in removeSpuriousFiles, preserving file /data/data/com.android.providers.downloads/cache/metadata-37.htm
07-05 13:29:57.109   545  1832 I DownloadManager: in removeSpuriousFiles, preserving file /data/data/com.android.providers.downloads/cache/metadata-114.htm
07-05 13:29:57.109   545  1832 I DownloadManager: in removeSpuriousFiles, preserving file /data/data/com.android.providers.downloads/cache/metadata-42.htm
07-05 13:29:57.109   545  1832 I DownloadManager: in removeSpuriousFiles, preserving file /data/data/com.android.providers.downloads/cache/metadata-64.htm
07-05 13:29:57.109   545  1832 I DownloadManager: in removeSpuriousFiles, preserving file /data/data/com.android.providers.downloads/cache/metadata-44.htm
07-05 13:29:57.109   545  1832 I DownloadManager: in removeSpuriousFiles, preserving file /data/data/com.android.providers.downloads/cache/metadata-145.htm
07-05 13:29:57.113   545  1832 I DownloadManager: in removeSpuriousFiles, preserving file /data/data/com.android.providers.downloads/cache/metadata-79.htm
07-05 13:29:57.113   545  1832 I DownloadManager: in removeSpuriousFiles, preserving file /data/data/com.android.providers.downloads/cache/metadata-72.htm
07-05 13:29:57.113   545  1832 I DownloadManager: in removeSpuriousFiles, preserving file /data/data/com.android.providers.downloads/cache/metadata-124.htm
07-05 13:29:57.113   545  1832 I DownloadManager: in removeSpuriousFiles, preserving file /data/data/com.android.providers.downloads/cache/metadata-104.htm
07-05 13:29:57.113   545  1832 I DownloadManager: in removeSpuriousFiles, preserving file /data/data/com.android.providers.downloads/cache/metadata-965.htm
07-05 13:29:57.113   545  1832 I DownloadManager: in removeSpuriousFiles, preserving file /data/data/com.android.providers.downloads/cache/metadata-68.htm
07-05 13:29:57.113   545  1832 I DownloadManager: in removeSpuriousFiles, preserving file /data/data/com.android.providers.downloads/cache/metadata-233.htm
07-05 13:29:57.113   545  1832 I DownloadManager: in removeSpuriousFiles, preserving file /data/data/com.android.providers.downloads/cache/metadata-181.htm
07-05 13:29:57.113   545  1832 I DownloadManager: in removeSpuriousFiles, preserving file /data/data/com.android.providers.downloads/cache/metadata-135.htm
07-05 13:29:57.113   545  1832 I DownloadManager: in removeSpuriousFiles, preserving file /data/data/com.android.providers.downloads/cache/metadata-148.htm
07-05 13:29:57.113   545  1832 I DownloadManager: in removeSpuriousFiles, preserving file /data/data/com.android.providers.downloads/cache/metadata-102.htm
07-05 13:29:57.113   545  1832 I DownloadManager: in removeSpuriousFiles, preserving file /data/data/com.android.providers.downloads/cache/metadata-1487.htm
07-05 13:29:57.113   545  1832 I DownloadManager: in removeSpuriousFiles, preserving file /data/data/com.android.providers.downloads/cache/metadata-70.htm
07-05 13:29:57.113   545  1832 I DownloadManager: in removeSpuriousFiles, preserving file /data/data/com.android.providers.downloads/cache/metadata-585.htm
07-05 13:29:57.113   545  1832 I DownloadManager: in removeSpuriousFiles, preserving file /data/data/com.android.providers.downloads/cache/metadata-120.htm
07-05 13:29:57.113   545  1832 I DownloadManager: in removeSpuriousFiles, preserving file /data/data/com.android.providers.downloads/cache/metadata-787.htm
07-05 13:29:57.113   545  1832 I DownloadManager: in removeSpuriousFiles, preserving file /data/data/com.android.providers.downloads/cache/metadata-703.htm
07-05 13:29:57.113   545  1832 I DownloadManager: in removeSpuriousFiles, preserving file /data/data/com.android.providers.downloads/cache/metadata-292.htm
07-05 13:29:57.113   545  1832 I DownloadManager: in removeSpuriousFiles, preserving file /data/data/com.android.providers.downloads/cache/metadata-312.htm
07-05 13:29:57.121   545  1832 I DownloadManager: in removeSpuriousFiles, preserving file /data/data/com.android.providers.downloads/cache/metadata-1539.htm
07-05 13:29:57.121   545  1832 I DownloadManager: in removeSpuriousFiles, preserving file /data/data/com.android.providers.downloads/cache/metadata-151.htm
07-05 13:29:57.121   545  1832 I DownloadManager: in removeSpuriousFiles, preserving file /data/data/com.android.providers.downloads/cache/metadata-1149.htm
07-05 13:29:57.121   545  1832 I DownloadManager: in removeSpuriousFiles, preserving file /data/data/com.android.providers.downloads/cache/metadata-301.htm
07-05 13:29:57.121   545  1832 I DownloadManager: in removeSpuriousFiles, preserving file /data/data/com.android.providers.downloads/cache/metadata-691.htm
07-05 13:29:57.121   545  1832 I DownloadManager: in removeSpuriousFiles, preserving file /data/data/com.android.providers.downloads/cache/metadata-161.htm
07-05 13:29:57.121   545  1832 I DownloadManager: in removeSpuriousFiles, preserving file /data/data/com.android.providers.downloads/cache/metadata-1630.htm
07-05 13:29:57.121   545  1832 I DownloadManager: in removeSpuriousFiles, preserving file /data/data/com.android.providers.downloads/cache/metadata-158.htm
07-05 13:29:57.121   545  1832 I DownloadManager: in removeSpuriousFiles, preserving file /data/data/com.android.providers.downloads/cache/metadata-109.htm
07-05 13:29:57.121   545  1832 I DownloadManager: in removeSpuriousFiles, preserving file /data/data/com.android.providers.downloads/cache/metadata-958.htm
07-05 13:29:57.121   545  1832 I DownloadManager: in removeSpuriousFiles, preserving file /data/data/com.android.providers.downloads/cache/metadata-219.htm
07-05 13:29:57.121   545  1832 I DownloadManager: in removeSpuriousFiles, preserving file /data/data/com.android.providers.downloads/cache/metadata-319.htm
07-05 13:29:57.121   545  1832 I DownloadManager: in removeSpuriousFiles, preserving file /data/data/com.android.providers.downloads/cache/metadata-252.htm
07-05 13:29:57.121   545  1832 I DownloadManager: in removeSpuriousFiles, preserving file /data/data/com.android.providers.downloads/cache/metadata-123.htm
07-05 13:29:57.121   545  1832 I DownloadManager: in removeSpuriousFiles, preserving file /data/data/com.android.providers.downloads/cache/metadata-1320.htm
07-05 13:29:57.125   545  1832 I DownloadManager: in removeSpuriousFiles, preserving file /data/data/com.android.providers.downloads/cache/metadata-657.htm
07-05 13:29:57.125   545  1832 I DownloadManager: in removeSpuriousFiles, preserving file /data/data/com.android.providers.downloads/cache/metadata-1033.htm
07-05 13:29:57.125   545  1832 I DownloadManager: in removeSpuriousFiles, preserving file /data/data/com.android.providers.downloads/cache/metadata-90.htm
07-05 13:29:57.125   545  1832 I DownloadManager: in removeSpuriousFiles, preserving file /data/data/com.android.providers.downloads/cache/metadata-192.htm
07-05 13:29:57.125   545  1832 I DownloadManager: in removeSpuriousFiles, preserving file /data/data/com.android.providers.downloads/cache/metadata-1307.htm
07-05 13:29:57.125   545  1832 I DownloadManager: in removeSpuriousFiles, preserving file /data/data/com.android.providers.downloads/cache/metadata-398.htm
07-05 13:29:57.125   545  1832 I DownloadManager: in removeSpuriousFiles, preserving file /data/data/com.android.providers.downloads/cache/metadata-206.htm
07-05 13:29:57.125   545  1832 I DownloadManager: in removeSpuriousFiles, preserving file /data/data/com.android.providers.downloads/cache/metadata-116.htm
07-05 13:29:57.125   545  1832 I DownloadManager: in removeSpuriousFiles, preserving file /data/data/com.android.providers.downloads/cache/metadata-886.htm
07-05 13:29:57.125   545  1832 I DownloadManager: in removeSpuriousFiles, preserving file /data/data/com.android.providers.downloads/cache/metadata-1252.htm
07-05 13:29:57.125   545  1832 I DownloadManager: in removeSpuriousFiles, preserving file /data/data/com.android.providers.downloads/cache/metadata-739.htm
07-05 13:29:57.125   545  1832 I DownloadManager: in removeSpuriousFiles, preserving file /data/data/com.android.providers.downloads/cache/metadata-1125.htm
07-05 13:29:57.125   545  1832 I DownloadManager: in removeSpuriousFiles, preserving file /data/data/com.android.providers.downloads/cache/metadata-846.htm
07-05 13:29:57.129   545  1832 I DownloadManager: in removeSpuriousFiles, preserving file /data/data/com.android.providers.downloads/cache/metadata-862.htm
07-05 13:29:57.129   545  1832 I DownloadManager: in removeSpuriousFiles, preserving file /data/data/com.android.providers.downloads/cache/metadata-224.htm
07-05 13:29:57.129   545  1832 I DownloadManager: in removeSpuriousFiles, preserving file /data/data/com.android.providers.downloads/cache/metadata-1272.htm
07-05 13:29:57.129   545  1832 I DownloadManager: in removeSpuriousFiles, preserving file /data/data/com.android.providers.downloads/cache/metadata-939.htm
07-05 13:29:57.129   545  1832 I DownloadManager: in removeSpuriousFiles, preserving file /data/data/com.android.providers.downloads/cache/metadata-1376.htm
07-05 13:29:57.129   545  1832 I DownloadManager: in removeSpuriousFiles, preserving file /data/data/com.android.providers.downloads/cache/metadata-598.htm
07-05 13:29:57.129   545  1832 I DownloadManager: in removeSpuriousFiles, preserving file /data/data/com.android.providers.downloads/cache/metadata-1489.htm
07-05 13:29:57.129   545  1832 I DownloadManager: in removeSpuriousFiles, preserving file /data/data/com.android.providers.downloads/cache/metadata-606.htm
07-05 13:29:57.129   545  1832 I DownloadManager: in removeSpuriousFiles, preserving file /data/data/com.android.providers.downloads/cache/metadata-562.htm
07-05 13:29:57.129   545  1832 I DownloadManager: in removeSpuriousFiles, preserving file /data/data/com.android.providers.downloads/cache/metadata-1609.htm
07-05 13:29:57.129   545  1832 I DownloadManager: in removeSpuriousFiles, preserving file /data/data/com.android.providers.downloads/cache/metadata-1504.htm
07-05 13:29:57.129   545  1832 I DownloadManager: in removeSpuriousFiles, preserving file /data/data/com.android.providers.downloads/cache/metadata-1137.htm
07-05 13:29:57.133   545  1832 I DownloadManager: in removeSpuriousFiles, preserving file /data/data/com.android.providers.downloads/cache/metadata-1769.htm
07-05 13:29:57.133   545  1832 I DownloadManager: in removeSpuriousFiles, preserving file /data/data/com.android.providers.downloads/cache/metadata-565.htm
07-05 13:29:57.133   545  1832 I DownloadManager: in removeSpuriousFiles, preserving file /data/data/com.android.providers.downloads/cache/metadata-1178.htm
07-05 13:29:57.133   545  1832 I DownloadManager: in removeSpuriousFiles, preserving file /data/data/com.android.providers.downloads/cache/metadata-1415.htm
07-05 13:29:57.133   545  1832 I DownloadManager: in removeSpuriousFiles, preserving file /data/data/com.android.providers.downloads/cache/metadata-182.htm
07-05 13:29:57.133   545  1832 I DownloadManager: in removeSpuriousFiles, preserving file /data/data/com.android.providers.downloads/cache/metadata-345.htm
07-05 13:29:57.133   545  1832 I DownloadManager: in removeSpuriousFiles, preserving file /data/data/com.android.providers.downloads/cache/metadata-2091.htm
07-05 13:29:57.133   545  1832 I DownloadManager: in removeSpuriousFiles, preserving file /data/data/com.android.providers.downloads/cache/metadata-1815.htm
07-05 13:29:57.133   545  1832 I DownloadManager: in removeSpuriousFiles, preserving file /data/data/com.android.providers.downloads/cache/metadata-940.htm
07-05 13:29:57.133   545  1832 I DownloadManager: in removeSpuriousFiles, preserving file /data/data/com.android.providers.downloads/cache/metadata-609.htm
07-05 13:29:57.133   545  1832 I DownloadManager: in removeSpuriousFiles, preserving file /data/data/com.android.providers.downloads/cache/metadata-1139.htm
07-05 13:29:57.133   545  1832 I DownloadManager: in removeSpuriousFiles, preserving file /data/data/com.android.providers.downloads/cache/metadata-1212.htm
07-05 13:29:57.136   545  1832 I DownloadManager: in removeSpuriousFiles, preserving file /data/data/com.android.providers.downloads/cache/metadata-1458.htm
07-05 13:29:57.136   545  1832 I DownloadManager: in removeSpuriousFiles, preserving file /data/data/com.android.providers.downloads/cache/metadata-77.htm
07-05 13:29:57.136   545  1832 I DownloadManager: in removeSpuriousFiles, preserving file /data/data/com.android.providers.downloads/cache/metadata-1280.htm
07-05 13:29:57.136   545  1832 I DownloadManager: in removeSpuriousFiles, preserving file /data/data/com.android.providers.downloads/cache/metadata-1218.htm
07-05 13:29:57.136   545  1832 I DownloadManager: in removeSpuriousFiles, preserving file /data/data/com.android.providers.downloads/cache/metadata-661.htm
07-05 13:29:57.136   545  1832 I DownloadManager: in removeSpuriousFiles, preserving file /data/data/com.android.providers.downloads/cache/metadata-317.htm
07-05 13:29:57.136   545  1832 I DownloadManager: in removeSpuriousFiles, preserving file /data/data/com.android.providers.downloads/cache/metadata-1039.htm
07-05 13:29:57.136   545  1832 I DownloadManager: in removeSpuriousFiles, preserving file /data/data/com.android.providers.downloads/cache/metadata-1393.htm
07-05 13:29:57.136   545  1832 I DownloadManager: in removeSpuriousFiles, preserving file /data/data/com.android.providers.downloads/cache/metadata-926.htm
07-05 13:29:57.136   545  1832 I DownloadManager: in removeSpuriousFiles, preserving file /data/data/com.android.providers.downloads/cache/metadata-696.htm
07-05 13:29:57.136   545  1832 I DownloadManager: in removeSpuriousFiles, preserving file /data/data/com.android.providers.downloads/cache/metadata-763.htm
07-05 13:29:57.136   545  1832 I DownloadManager: in removeSpuriousFiles, preserving file /data/data/com.android.providers.downloads/cache/metadata-1521.htm
07-05 13:29:57.140   545  1832 I DownloadManager: in removeSpuriousFiles, preserving file /data/data/com.android.providers.downloads/cache/metadata-663.htm
07-05 13:29:57.140   545  1832 I DownloadManager: in removeSpuriousFiles, preserving file /data/data/com.android.providers.downloads/cache/metadata-1126.htm
07-05 13:29:57.140   545  1832 I DownloadManager: in removeSpuriousFiles, preserving file /data/data/com.android.providers.downloads/cache/metadata-567.htm
07-05 13:29:57.140   545  1832 I DownloadManager: in removeSpuriousFiles, preserving file /data/data/com.android.providers.downloads/cache/metadata-1401.htm
07-05 13:29:57.140   545  1832 I DownloadManager: in removeSpuriousFiles, preserving file /data/data/com.android.providers.downloads/cache/metadata-209.htm
07-05 13:29:57.140   545  1832 I DownloadManager: in removeSpuriousFiles, preserving file /data/data/com.android.providers.downloads/cache/metadata-1091.htm
07-05 13:29:57.140   545  1832 I DownloadManager: in removeSpuriousFiles, preserving file /data/data/com.android.providers.downloads/cache/metadata-1890.htm
07-05 13:29:57.140   545  1832 I DownloadManager: in removeSpuriousFiles, preserving file /data/data/com.android.providers.downloads/cache/metadata-1110.htm
07-05 13:29:57.140   545  1832 I DownloadManager: in removeSpuriousFiles, preserving file /data/data/com.android.providers.downloads/cache/metadata-2224.htm
07-05 13:29:57.140   545  1832 I DownloadManager: in removeSpuriousFiles, preserving file /data/data/com.android.providers.downloads/cache/metadata-207.htm
07-05 13:29:57.144   545  1832 I DownloadManager: in removeSpuriousFiles, preserving file /data/data/com.android.providers.downloads/cache/metadata-430.htm
07-05 13:29:57.144   545  1832 I DownloadManager: in removeSpuriousFiles, preserving file /data/data/com.android.providers.downloads/cache/metadata-2026.htm
07-05 13:29:57.144   545  1832 I DownloadManager: in removeSpuriousFiles, preserving file /data/data/com.android.providers.downloads/cache/metadata-1663.htm
07-05 13:29:57.144   545  1832 I DownloadManager: in removeSpuriousFiles, preserving file /data/data/com.android.providers.downloads/cache/metadata-1082.htm
07-05 13:29:57.144   545  1832 I DownloadManager: in removeSpuriousFiles, preserving file /data/data/com.android.providers.downloads/cache/metadata-1692.htm
07-05 13:29:57.144   545  1832 I DownloadManager: in removeSpuriousFiles, preserving file /data/data/com.android.providers.downloads/cache/metadata-1372.htm
07-05 13:29:57.144   545  1832 I DownloadManager: in removeSpuriousFiles, preserving file /data/data/com.android.providers.downloads/cache/metadata-843.htm
07-05 13:29:57.144   545  1832 I DownloadManager: in removeSpuriousFiles, preserving file /data/data/com.android.providers.downloads/cache/metadata-1369.htm
07-05 13:29:57.144   545  1832 I DownloadManager: in removeSpuriousFiles, preserving file /data/data/com.android.providers.downloads/cache/metadata-699.htm
07-05 13:29:57.144   545  1832 I DownloadManager: in removeSpuriousFiles, preserving file /data/data/com.android.providers.downloads/cache/metadata-1096.htm
07-05 13:29:57.144   545  1832 I DownloadManager: in removeSpuriousFiles, preserving file /data/data/com.android.providers.downloads/cache/metadata-1204.htm
07-05 13:29:57.148   545  1832 I DownloadManager: in removeSpuriousFiles, preserving file /data/data/com.android.providers.downloads/cache/metadata-25.htm
07-05 13:29:57.148   545  1832 I DownloadManager: in removeSpuriousFiles, preserving file /data/data/com.android.providers.downloads/cache/metadata-48.htm
07-05 13:29:57.148   545  1832 I DownloadManager: in removeSpuriousFiles, preserving file /data/data/com.android.providers.downloads/cache/metadata-26.htm
07-05 13:29:57.148   545  1832 I DownloadManager: in removeSpuriousFiles, preserving file /data/data/com.android.providers.downloads/cache/metadata-39.htm
07-05 13:29:57.148   545  1832 I DownloadManager: in removeSpuriousFiles, preserving file /data/data/com.android.providers.downloads/cache/metadata-139.htm
07-05 13:29:57.148   545  1832 I DownloadManager: in removeSpuriousFiles, preserving file /data/data/com.android.providers.downloads/cache/metadata-125.htm
07-05 13:29:57.148   545  1832 I DownloadManager: in removeSpuriousFiles, preserving file /data/data/com.android.providers.downloads/cache/metadata-205.htm
07-05 13:29:57.148   545  1832 I DownloadManager: in removeSpuriousFiles, preserving file /data/data/com.android.providers.downloads/cache/metadata-57.htm
07-05 13:29:57.148   545  1832 I DownloadManager: in removeSpuriousFiles, preserving file /data/data/com.android.providers.downloads/cache/metadata-185.htm
07-05 13:29:57.148   545  1832 I DownloadManager: in removeSpuriousFiles, preserving file /data/data/com.android.providers.downloads/cache/metadata-71.htm
07-05 13:29:57.148   545  1832 I DownloadManager: in removeSpuriousFiles, preserving file /data/data/com.android.providers.downloads/cache/metadata-248.htm
07-05 13:29:57.148   545  1832 I DownloadManager: in removeSpuriousFiles, preserving file /data/data/com.android.providers.downloads/cache/metadata-215.htm
07-05 13:29:57.148   545  1832 I DownloadManager: in removeSpuriousFiles, preserving file /data/data/com.android.providers.downloads/cache/metadata-149.htm
07-05 13:29:57.148   545  1832 I DownloadManager: in removeSpuriousFiles, preserving file /data/data/com.android.providers.downloads/cache/metadata-327.htm
07-05 13:29:57.148   545  1832 I DownloadManager: in removeSpuriousFiles, preserving file /data/data/com.android.providers.downloads/cache/metadata-76.htm
07-05 13:29:57.148   545  1832 I DownloadManager: in removeSpuriousFiles, preserving file /data/data/com.android.providers.downloads/cache/metadata-183.htm
07-05 13:29:57.148   545  1832 I DownloadManager: in removeSpuriousFiles, preserving file /data/data/com.android.providers.downloads/cache/metadata-649.htm
07-05 13:29:57.148   545  1832 I DownloadManager: in removeSpuriousFiles, preserving file /data/data/com.android.providers.downloads/cache/metadata-295.htm
07-05 13:29:57.148   545  1832 I DownloadManager: in removeSpuriousFiles, preserving file /data/data/com.android.providers.downloads/cache/metadata-277.htm
07-05 13:29:57.148   545  1832 I DownloadManager: in removeSpuriousFiles, preserving file /data/data/com.android.providers.downloads/cache/metadata-383.htm
07-05 13:29:57.148   545  1832 I DownloadManager: in removeSpuriousFiles, preserving file /data/data/com.android.providers.downloads/cache/metadata-142.htm
07-05 13:29:57.148   545  1832 I DownloadManager: in removeSpuriousFiles, preserving file /data/data/com.android.providers.downloads/cache/metadata-257.htm
07-05 13:29:57.152   545  1832 I DownloadManager: in removeSpuriousFiles, preserving file /data/data/com.android.providers.downloads/cache/metadata-141.htm
07-05 13:29:57.152   545  1832 I DownloadManager: in removeSpuriousFiles, preserving file /data/data/com.android.providers.downloads/cache/metadata-194.htm
07-05 13:29:57.152   545  1832 I DownloadManager: in removeSpuriousFiles, preserving file /data/data/com.android.providers.downloads/cache/metadata-226.htm
07-05 13:29:57.152   545  1832 I DownloadManager: in removeSpuriousFiles, preserving file /data/data/com.android.providers.downloads/cache/metadata-353.htm
07-05 13:29:57.152   545  1832 I DownloadManager: in removeSpuriousFiles, preserving file /data/data/com.android.providers.downloads/cache/metadata-2118.htm
07-05 13:29:57.152   545  1832 I DownloadManager: in removeSpuriousFiles, preserving file /data/data/com.android.providers.downloads/cache/metadata-94.htm
07-05 13:29:57.152   545  1832 I DownloadManager: in removeSpuriousFiles, preserving file /data/data/com.android.providers.downloads/cache/metadata-216.htm
07-05 13:29:57.152   545  1832 I DownloadManager: in removeSpuriousFiles, preserving file /data/data/com.android.providers.downloads/cache/metadata-638.htm
07-05 13:29:57.152   545  1832 I DownloadManager: in removeSpuriousFiles, preserving file /data/data/com.android.providers.downloads/cache/metadata-297.htm
07-05 13:29:57.152   545  1832 I DownloadManager: in removeSpuriousFiles, preserving file /data/data/com.android.providers.downloads/cache/metadata-78.htm
07-05 13:29:57.152   545  1832 I DownloadManager: in removeSpuriousFiles, preserving file /data/data/com.android.providers.downloads/cache/metadata-75.htm
07-05 13:29:57.152   545  1832 I DownloadManager: in removeSpuriousFiles, preserving file /data/data/com.android.providers.downloads/cache/metadata-126.htm
07-05 13:29:57.152   545  1832 I DownloadManager: in removeSpuriousFiles, preserving file /data/data/com.android.providers.downloads/cache/metadata-73.htm
07-05 13:29:57.152   545  1832 I DownloadManager: in removeSpuriousFiles, preserving file /data/data/com.android.providers.downloads/cache/metadata-374.htm
07-05 13:29:57.152   545  1832 I DownloadManager: in removeSpuriousFiles, preserving file /data/data/com.android.providers.downloads/cache/metadata-616.htm
07-05 13:29:57.152   545  1832 I DownloadManager: in removeSpuriousFiles, preserving file /data/data/com.android.providers.downloads/cache/metadata-1397.htm
07-05 13:29:57.152   545  1832 I DownloadManager: in removeSpuriousFiles, preserving file /data/data/com.android.providers.downloads/cache/metadata-255.htm
07-05 13:29:57.152   545  1832 I DownloadManager: in removeSpuriousFiles, preserving file /data/data/com.android.providers.downloads/cache/metadata-348.htm
07-05 13:29:57.152   545  1832 I DownloadManager: in removeSpuriousFiles, preserving file /data/data/com.android.providers.downloads/cache/metadata-251.htm
07-05 13:29:57.152   545  1832 I DownloadManager: in removeSpuriousFiles, preserving file /data/data/com.android.providers.downloads/cache/metadata-1374.htm
07-05 13:29:57.156   545  1832 I DownloadManager: in removeSpuriousFiles, preserving file /data/data/com.android.providers.downloads/cache/metadata-640.htm
07-05 13:29:57.156   545  1832 I DownloadManager: in removeSpuriousFiles, preserving file /data/data/com.android.providers.downloads/cache/metadata-291.htm
07-05 13:29:57.156   545  1832 I DownloadManager: in removeSpuriousFiles, preserving file /data/data/com.android.providers.downloads/cache/metadata-163.htm
07-05 13:29:57.156   545  1832 I DownloadManager: in removeSpuriousFiles, preserving file /data/data/com.android.providers.downloads/cache/metadata-428.htm
07-05 13:29:57.156   545  1832 I DownloadManager: in removeSpuriousFiles, preserving file /data/data/com.android.providers.downloads/cache/metadata-156.htm
07-05 13:29:57.156   545  1832 I DownloadManager: in removeSpuriousFiles, preserving file /data/data/com.android.providers.downloads/cache/metadata-336.htm
07-05 13:29:57.156   545  1832 I DownloadManager: in removeSpuriousFiles, preserving file /data/data/com.android.providers.downloads/cache/metadata-140.htm
07-05 13:29:57.156   545  1832 I DownloadManager: in removeSpuriousFiles, preserving file /data/data/com.android.providers.downloads/cache/metadata-320.htm
07-05 13:29:57.156   545  1832 I DownloadManager: in removeSpuriousFiles, preserving file /data/data/com.android.providers.downloads/cache/metadata-993.htm
07-05 13:29:57.156   545  1832 I DownloadManager: in removeSpuriousFiles, preserving file /data/data/com.android.providers.downloads/cache/metadata-636.htm
07-05 13:29:57.156   545  1832 I DownloadManager: in removeSpuriousFiles, preserving file /data/data/com.android.providers.downloads/cache/metadata-241.htm
07-05 13:29:57.156   545  1832 I DownloadManager: in removeSpuriousFiles, preserving file /data/data/com.android.providers.downloads/cache/metadata-1379.htm
07-05 13:29:57.156   545  1832 I DownloadManager: in removeSpuriousFiles, preserving file /data/data/com.android.providers.downloads/cache/metadata-531.htm
07-05 13:29:57.156   545  1832 I DownloadManager: in removeSpuriousFiles, preserving file /data/data/com.android.providers.downloads/cache/metadata-1038.htm
07-05 13:29:57.156   545  1832 I DownloadManager: in removeSpuriousFiles, preserving file /data/data/com.android.providers.downloads/cache/metadata-184.htm
07-05 13:29:57.156   545  1832 I DownloadManager: in removeSpuriousFiles, preserving file /data/data/com.android.providers.downloads/cache/metadata-550.htm
07-05 13:29:57.156   545  1832 I DownloadManager: in removeSpuriousFiles, preserving file /data/data/com.android.providers.downloads/cache/metadata-385.htm
07-05 13:29:57.156   545  1832 I DownloadManager: in removeSpuriousFiles, preserving file /data/data/com.android.providers.downloads/cache/metadata-1314.htm
07-05 13:29:57.156   545  1832 I DownloadManager: in removeSpuriousFiles, preserving file /data/data/com.android.providers.downloads/cache/metadata-294.htm
07-05 13:29:57.160   545  1832 I DownloadManager: in removeSpuriousFiles, preserving file /data/data/com.android.providers.downloads/cache/metadata-113.htm
07-05 13:29:57.160   545  1832 I DownloadManager: in removeSpuriousFiles, preserving file /data/data/com.android.providers.downloads/cache/metadata-975.htm
07-05 13:29:57.160   545  1832 I DownloadManager: in removeSpuriousFiles, preserving file /data/data/com.android.providers.downloads/cache/metadata-362.htm
07-05 13:29:57.160   545  1832 I DownloadManager: in removeSpuriousFiles, preserving file /data/data/com.android.providers.downloads/cache/metadata-864.htm
07-05 13:29:57.160   545  1832 I DownloadManager: in removeSpuriousFiles, preserving file /data/data/com.android.providers.downloads/cache/metadata-2064.htm
07-05 13:29:57.160   545  1832 I DownloadManager: in removeSpuriousFiles, preserving file /data/data/com.android.providers.downloads/cache/metadata-150.htm
07-05 13:29:57.160   545  1832 I DownloadManager: in removeSpuriousFiles, preserving file /data/data/com.android.providers.downloads/cache/metadata-82.htm
07-05 13:29:57.160   545  1832 I DownloadManager: in removeSpuriousFiles, preserving file /data/data/com.android.providers.downloads/cache/metadata-834.htm
07-05 13:29:57.160   545  1832 I DownloadManager: in removeSpuriousFiles, preserving file /data/data/com.android.providers.downloads/cache/metadata-943.htm
07-05 13:29:57.160   545  1832 I DownloadManager: in removeSpuriousFiles, preserving file /data/data/com.android.providers.downloads/cache/metadata-445.htm
07-05 13:29:57.160   545  1832 I DownloadManager: in removeSpuriousFiles, preserving file /data/data/com.android.providers.downloads/cache/metadata-1490.htm
07-05 13:29:57.160   545  1832 I DownloadManager: in removeSpuriousFiles, preserving file /data/data/com.android.providers.downloads/cache/metadata-1240.htm
07-05 13:29:57.160   545  1832 I DownloadManager: in removeSpuriousFiles, preserving file /data/data/com.android.providers.downloads/cache/metadata-1818.htm
07-05 13:29:57.160   545  1832 I DownloadManager: in removeSpuriousFiles, preserving file /data/data/com.android.providers.downloads/cache/metadata-372.htm
07-05 13:29:57.160   545  1832 I DownloadManager: in removeSpuriousFiles, preserving file /data/data/com.android.providers.downloads/cache/metadata-1419.htm
07-05 13:29:57.160   545  1832 I DownloadManager: in removeSpuriousFiles, preserving file /data/data/com.android.providers.downloads/cache/metadata-874.htm
07-05 13:29:57.160   545  1832 I DownloadManager: in removeSpuriousFiles, preserving file /data/data/com.android.providers.downloads/cache/metadata-2148.htm
07-05 13:29:57.160   545  1832 I DownloadManager: in removeSpuriousFiles, preserving file /data/data/com.android.providers.downloads/cache/metadata-1287.htm
07-05 13:29:57.164   545  1832 I DownloadManager: in removeSpuriousFiles, preserving file /data/data/com.android.providers.downloads/cache/metadata-1031.htm
07-05 13:29:57.164   545  1832 I DownloadManager: in removeSpuriousFiles, preserving file /data/data/com.android.providers.downloads/cache/metadata-2296.htm
07-05 13:29:57.164   545  1832 I DownloadManager: in removeSpuriousFiles, preserving file /data/data/com.android.providers.downloads/cache/metadata-1029.htm
07-05 13:29:57.164   545  1832 I DownloadManager: in removeSpuriousFiles, preserving file /data/data/com.android.providers.downloads/cache/metadata-1853.htm
07-05 13:29:57.164   545  1832 I DownloadManager: in removeSpuriousFiles, preserving file /data/data/com.android.providers.downloads/cache/metadata-1564.htm
07-05 13:29:57.164   545  1832 I DownloadManager: in removeSpuriousFiles, preserving file /data/data/com.android.providers.downloads/cache/metadata-2255.htm
07-05 13:29:57.164   545  1832 I DownloadManager: in removeSpuriousFiles, preserving file /data/data/com.android.providers.downloads/cache/metadata-180.htm
07-05 13:29:57.164   545  1832 I DownloadManager: in removeSpuriousFiles, preserving file /data/data/com.android.providers.downloads/cache/metadata-629.htm
07-05 13:29:57.164   545  1832 I DownloadManager: in removeSpuriousFiles, preserving file /data/data/com.android.providers.downloads/cache/metadata-602.htm
07-05 13:29:57.164   545  1832 I DownloadManager: in removeSpuriousFiles, preserving file /data/data/com.android.providers.downloads/cache/metadata-637.htm
07-05 13:29:57.164   545  1832 I DownloadManager: in removeSpuriousFiles, preserving file /data/data/com.android.providers.downloads/cache/metadata-229.htm
07-05 13:29:57.164   545  1832 I DownloadManager: in removeSpuriousFiles, preserving file /data/data/com.android.providers.downloads/cache/metadata-506.htm
07-05 13:29:57.164   545  1832 I DownloadManager: in removeSpuriousFiles, preserving file /data/data/com.android.providers.downloads/cache/metadata-1305.htm
07-05 13:29:57.164   545  1832 I DownloadManager: in removeSpuriousFiles, preserving file /data/data/com.android.providers.downloads/cache/metadata-756.htm
07-05 13:29:57.164   545  1832 I DownloadManager: in removeSpuriousFiles, preserving file /data/data/com.android.providers.downloads/cache/metadata-2315.htm
07-05 13:29:57.164   545  1832 I DownloadManager: in removeSpuriousFiles, preserving file /data/data/com.android.providers.downloads/cache/metadata-725.htm
07-05 13:29:57.168   545  1832 I DownloadManager: in removeSpuriousFiles, preserving file /data/data/com.android.providers.downloads/cache/metadata-656.htm
07-05 13:29:57.168   545  1832 I DownloadManager: in removeSpuriousFiles, preserving file /data/data/com.android.providers.downloads/cache/metadata-2019.htm
07-05 13:29:57.168   545  1832 I DownloadManager: in removeSpuriousFiles, preserving file /data/data/com.android.providers.downloads/cache/metadata-1701.htm
07-05 13:29:57.168   545  1832 I DownloadManager: in removeSpuriousFiles, preserving file /data/data/com.android.providers.downloads/cache/metadata-1481.htm
07-05 13:29:57.172   545  1832 I DownloadManager: in removeSpuriousFiles, preserving file /data/data/com.android.providers.downloads/cache/metadata-590.htm
07-05 13:29:57.172   545  1832 I DownloadManager: in removeSpuriousFiles, preserving file /data/data/com.android.providers.downloads/cache/metadata-1104.htm
07-05 13:29:57.172   545  1832 I DownloadManager: in removeSpuriousFiles, preserving file /data/data/com.android.providers.downloads/cache/metadata-1127.htm
07-05 13:29:57.172   545  1832 I DownloadManager: in removeSpuriousFiles, preserving file /data/data/com.android.providers.downloads/cache/metadata-1296.htm
07-05 13:29:57.172   545  1832 I DownloadManager: in removeSpuriousFiles, preserving file /data/data/com.android.providers.downloads/cache/metadata-1511.htm
07-05 13:29:57.172   545  1832 I DownloadManager: in removeSpuriousFiles, preserving file /data/data/com.android.providers.downloads/cache/metadata-626.htm
07-05 13:29:57.172   545  1832 I DownloadManager: in removeSpuriousFiles, preserving file /data/data/com.android.providers.downloads/cache/metadata-439.htm
07-05 13:29:57.172   545  1832 I DownloadManager: in removeSpuriousFiles, preserving file /data/data/com.android.providers.downloads/cache/metadata-625.htm
07-05 13:29:57.172   545  1832 I DownloadManager: in removeSpuriousFiles, preserving file /data/data/com.android.providers.downloads/cache/metadata-2219.htm
07-05 13:29:57.172   545  1832 I DownloadManager: in removeSpuriousFiles, preserving file /data/data/com.android.providers.downloads/cache/metadata-1474.htm
07-05 13:29:57.172   545  1832 I DownloadManager: in removeSpuriousFiles, preserving file /data/data/com.android.providers.downloads/cache/metadata-2063.htm
07-05 13:29:57.172   545  1832 I DownloadManager: in removeSpuriousFiles, preserving file /data/data/com.android.providers.downloads/cache/metadata-1492.htm
07-05 13:29:57.172   545  1832 I DownloadManager: in removeSpuriousFiles, preserving file /data/data/com.android.providers.downloads/cache/metadata-2193.htm
07-05 13:29:57.172   545  1832 I DownloadManager: in removeSpuriousFiles, preserving file /data/data/com.android.providers.downloads/cache/metadata-919.htm
07-05 13:29:57.172   545  1832 I DownloadManager: in removeSpuriousFiles, preserving file /data/data/com.android.providers.downloads/cache/metadata-2227.htm
07-05 13:29:57.175   545  1832 I DownloadManager: in removeSpuriousFiles, preserving file /data/data/com.android.providers.downloads/cache/metadata-232.htm
07-05 13:29:57.175   545  1832 I DownloadManager: in removeSpuriousFiles, preserving file /data/data/com.android.providers.downloads/cache/metadata-551.htm
07-05 13:29:57.175   545  1832 I DownloadManager: in removeSpuriousFiles, preserving file /data/data/com.android.providers.downloads/cache/metadata-999.htm
07-05 13:29:57.175   545  1832 I DownloadManager: in removeSpuriousFiles, preserving file /data/data/com.android.providers.downloads/cache/metadata-1336.htm
07-05 13:29:57.175   545  1832 I DownloadManager: in removeSpuriousFiles, preserving file /data/data/com.android.providers.downloads/cache/metadata-1751.htm
07-05 13:29:57.175   545  1832 I DownloadManager: in removeSpuriousFiles, preserving file /data/data/com.android.providers.downloads/cache/metadata-1940.htm
07-05 13:29:57.175   545  1832 I DownloadManager: in removeSpuriousFiles, preserving file /data/data/com.android.providers.downloads/cache/metadata-810.htm
07-05 13:29:57.175   545  1832 I DownloadManager: in removeSpuriousFiles, preserving file /data/data/com.android.providers.downloads/cache/metadata-2781.htm
07-05 13:29:57.175   545  1832 I DownloadManager: in removeSpuriousFiles, preserving file /data/data/com.android.providers.downloads/cache/metadata-1382.htm
07-05 13:29:57.175   545  1832 I DownloadManager: in removeSpuriousFiles, preserving file /data/data/com.android.providers.downloads/cache/metadata-1601.htm
07-05 13:29:57.175   545  1832 I DownloadManager: in removeSpuriousFiles, preserving file /data/data/com.android.providers.downloads/cache/metadata-989.htm
07-05 13:29:57.175   545  1832 I DownloadManager: in removeSpuriousFiles, preserving file /data/data/com.android.providers.downloads/cache/metadata-1063.htm
07-05 13:29:57.179   545  1832 I DownloadManager: deleting spurious file /cache/dalvik-cache
07-05 13:29:57.179   545  1832 I DownloadManager: deleting spurious file /data/data/com.android.providers.downloads/cache/metadata-31.htm
07-05 13:29:57.179   545  1832 I DownloadManager: deleting spurious file /data/data/com.android.providers.downloads/cache/metadata-20.htm
07-05 13:29:57.179   545  1832 I DownloadManager: deleting spurious file /data/data/com.android.providers.downloads/cache/metadata-27.htm
07-05 13:29:57.179   545  1832 I DownloadManager: deleting spurious file /data/data/com.android.providers.downloads/cache/metadata-38.htm
07-05 13:29:57.179   545  1832 I DownloadManager: deleting spurious file /data/data/com.android.providers.downloads/cache/metadata-50.htm
07-05 13:29:57.179   545  1832 I DownloadManager: deleting spurious file /data/data/com.android.providers.downloads/cache/metadata-101.htm
07-05 13:29:57.179   545  1832 I DownloadManager: deleting spurious file /data/data/com.android.providers.downloads/cache/metadata-53.htm
07-05 13:29:57.179   545  1832 I DownloadManager: deleting spurious file /data/data/com.android.providers.downloads/cache/metadata-45.htm
07-05 13:29:57.179   545  1832 I DownloadManager: deleting spurious file /data/data/com.android.providers.downloads/cache/metadata-52.htm
07-05 13:29:57.179   545  1832 I DownloadManager: deleting spurious file /data/data/com.android.providers.downloads/cache/metadata-164.htm
07-05 13:29:57.179   545  1832 I DownloadManager: deleting spurious file /data/data/com.android.providers.downloads/cache/metadata-1160.htm
07-05 13:29:57.179   545  1832 I DownloadManager: deleting spurious file /data/data/com.android.providers.downloads/cache/metadata-202.htm
07-05 13:29:57.179   545  1832 I DownloadManager: deleting spurious file /data/data/com.android.providers.downloads/cache/metadata-351.htm
07-05 13:29:57.179   545  1832 I DownloadManager: deleting spurious file /data/data/com.android.providers.downloads/cache/metadata-128.htm
07-05 13:29:57.183   545  1832 I DownloadManager: deleting spurious file /data/data/com.android.providers.downloads/cache/metadata-172.htm
07-05 13:29:57.183   545  1832 I DownloadManager: deleting spurious file /data/data/com.android.providers.downloads/cache/metadata-157.htm
07-05 13:29:57.183   545  1832 I DownloadManager: deleting spurious file /data/data/com.android.providers.downloads/cache/metadata-108.htm
07-05 13:29:57.183   545  1832 I DownloadManager: deleting spurious file /data/data/com.android.providers.downloads/cache/metadata-217.htm
07-05 13:29:57.183   545  1832 I DownloadManager: deleting spurious file /data/data/com.android.providers.downloads/cache/metadata-240.htm
07-05 13:29:57.183   545  1832 I DownloadManager: deleting spurious file /data/data/com.android.providers.downloads/cache/metadata-331.htm
07-05 13:29:57.183   545  1832 I DownloadManager: deleting spurious file /data/data/com.android.providers.downloads/cache/metadata-133.htm
07-05 13:29:57.183   545  1832 I DownloadManager: deleting spurious file /data/data/com.android.providers.downloads/cache/metadata-190.htm
07-05 13:29:57.183   545  1832 I DownloadManager: deleting spurious file /data/data/com.android.providers.downloads/cache/metadata-95.htm
07-05 13:29:57.183   545  1832 I DownloadManager: deleting spurious file /data/data/com.android.providers.downloads/cache/metadata-231.htm
07-05 13:29:57.183   545  1832 I DownloadManager: deleting spurious file /data/data/com.android.providers.downloads/cache/metadata-267.htm
07-05 13:29:57.183   545  1832 I DownloadManager: deleting spurious file /data/data/com.android.providers.downloads/cache/metadata-83.htm
07-05 13:29:57.183   545  1832 I DownloadManager: deleting spurious file /data/data/com.android.providers.downloads/cache/metadata-985.htm
07-05 13:29:57.183   545  1832 I DownloadManager: deleting spurious file /data/data/com.android.providers.downloads/cache/metadata-2052.htm
07-05 13:29:57.183   545  1832 I DownloadManager: deleting spurious file /data/data/com.android.providers.downloads/cache/metadata-115.htm
07-05 13:29:57.183   545  1832 I DownloadManager: deleting spurious file /data/data/com.android.providers.downloads/cache/metadata-300.htm
07-05 13:29:57.187   545  1832 I DownloadManager: deleting spurious file /data/data/com.android.providers.downloads/cache/metadata-676.htm
07-05 13:29:57.187   545  1832 I DownloadManager: deleting spurious file /data/data/com.android.providers.downloads/cache/metadata-188.htm
07-05 13:29:57.187   545  1832 I DownloadManager: deleting spurious file /data/data/com.android.providers.downloads/cache/metadata-303.htm
07-05 13:29:57.187   545  1832 I DownloadManager: deleting spurious file /data/data/com.android.providers.downloads/cache/metadata-427.htm
07-05 13:29:57.187   545  1832 I DownloadManager: deleting spurious file /data/data/com.android.providers.downloads/cache/metadata-358.htm
07-05 13:29:57.187   545  1832 I DownloadManager: deleting spurious file /data/data/com.android.providers.downloads/cache/metadata-680.htm
07-05 13:29:57.187   545  1832 I DownloadManager: deleting spurious file /data/data/com.android.providers.downloads/cache/metadata-286.htm
07-05 13:29:57.187   545  1832 I DownloadManager: deleting spurious file /data/data/com.android.providers.downloads/cache/metadata-397.htm
07-05 13:29:57.187   545  1832 I DownloadManager: deleting spurious file /data/data/com.android.providers.downloads/cache/metadata-486.htm
07-05 13:29:57.187   545  1832 I DownloadManager: deleting spurious file /data/data/com.android.providers.downloads/cache/metadata-674.htm
07-05 13:29:57.187   545  1832 I DownloadManager: deleting spurious file /data/data/com.android.providers.downloads/cache/metadata-314.htm
07-05 13:29:57.187   545  1832 I DownloadManager: deleting spurious file /data/data/com.android.providers.downloads/cache/metadata-121.htm
07-05 13:29:57.187   545  1832 I DownloadManager: deleting spurious file /data/data/com.android.providers.downloads/cache/metadata-254.htm
07-05 13:29:57.187   545  1832 I DownloadManager: deleting spurious file /data/data/com.android.providers.downloads/cache/metadata-1713.htm
07-05 13:29:57.187   545  1832 I DownloadManager: deleting spurious file /data/data/com.android.providers.downloads/cache/metadata-289.htm
07-05 13:29:57.187   545  1832 I DownloadManager: deleting spurious file /data/data/com.android.providers.downloads/cache/metadata-249.htm
07-05 13:29:57.187   545  1832 I DownloadManager: deleting spurious file /data/data/com.android.providers.downloads/cache/metadata-122.htm
07-05 13:29:57.187   545  1832 I DownloadManager: deleting spurious file /data/data/com.android.providers.downloads/cache/metadata-490.htm
07-05 13:29:57.191   545  1832 I DownloadManager: deleting spurious file /data/data/com.android.providers.downloads/cache/metadata-187.htm
07-05 13:29:57.191   545  1832 I DownloadManager: deleting spurious file /data/data/com.android.providers.downloads/cache/metadata-168.htm
07-05 13:29:57.191   545  1832 I DownloadManager: deleting spurious file /data/data/com.android.providers.downloads/cache/metadata-334.htm
07-05 13:29:57.191   545  1832 I DownloadManager: deleting spurious file /data/data/com.android.providers.downloads/cache/metadata-446.htm
07-05 13:29:57.191   545  1832 I DownloadManager: deleting spurious file /data/data/com.android.providers.downloads/cache/metadata-85.htm
07-05 13:29:57.191   545  1832 I DownloadManager: deleting spurious file /data/data/com.android.providers.downloads/cache/metadata-80.htm
07-05 13:29:57.191   545  1832 I DownloadManager: deleting spurious file /data/data/com.android.providers.downloads/cache/metadata-147.htm
07-05 13:29:57.191   545  1832 I DownloadManager: deleting spurious file /data/data/com.android.providers.downloads/cache/metadata-473.htm
07-05 13:29:57.191   545  1832 I DownloadManager: deleting spurious file /data/data/com.android.providers.downloads/cache/metadata-1396.htm
07-05 13:29:57.191   545  1832 I DownloadManager: deleting spurious file /data/data/com.android.providers.downloads/cache/metadata-193.htm
07-05 13:29:57.191   545  1832 I DownloadManager: deleting spurious file /data/data/com.android.providers.downloads/cache/metadata-604.htm
07-05 13:29:57.191   545  1832 I DownloadManager: deleting spurious file /data/data/com.android.providers.downloads/cache/metadata-577.htm
07-05 13:29:57.191   545  1832 I DownloadManager: deleting spurious file /data/data/com.android.providers.downloads/cache/metadata-384.htm
07-05 13:29:57.191   545  1832 I DownloadManager: deleting spurious file /data/data/com.android.providers.downloads/cache/metadata-280.htm
07-05 13:29:57.191   545  1832 I DownloadManager: deleting spurious file /data/data/com.android.providers.downloads/cache/metadata-621.htm
07-05 13:29:57.191   545  1832 I DownloadManager: deleting spurious file /data/data/com.android.providers.downloads/cache/metadata-349.htm
07-05 13:29:57.195   545  1832 I DownloadManager: deleting spurious file /data/data/com.android.providers.downloads/cache/metadata-218.htm
07-05 13:29:57.195   545  1832 I DownloadManager: deleting spurious file /data/data/com.android.providers.downloads/cache/metadata-1402.htm
07-05 13:29:57.195   545  1832 I DownloadManager: deleting spurious file /data/data/com.android.providers.downloads/cache/metadata-593.htm
07-05 13:29:57.195   545  1832 I DownloadManager: deleting spurious file /data/data/com.android.providers.downloads/cache/metadata-2460.htm
07-05 13:29:57.195   545  1832 I DownloadManager: deleting spurious file /data/data/com.android.providers.downloads/cache/metadata-392.htm
07-05 13:29:57.195   545  1832 I DownloadManager: deleting spurious file /data/data/com.android.providers.downloads/cache/metadata-1409.htm
07-05 13:29:57.195   545  1832 I DownloadManager: deleting spurious file /data/data/com.android.providers.downloads/cache/metadata-459.htm
07-05 13:29:57.195   545  1832 I DownloadManager: deleting spurious file /data/data/com.android.providers.downloads/cache/metadata-877.htm
07-05 13:29:57.195   545  1832 I DownloadManager: deleting spurious file /data/data/com.android.providers.downloads/cache/metadata-1238.htm
07-05 13:29:57.195   545  1832 I DownloadManager: deleting spurious file /data/data/com.android.providers.downloads/cache/metadata-908.htm
07-05 13:29:57.195   545  1832 I DownloadManager: deleting spurious file /data/data/com.android.providers.downloads/cache/metadata-381.htm
07-05 13:29:57.195   545  1832 I DownloadManager: deleting spurious file /data/data/com.android.providers.downloads/cache/metadata-857.htm
07-05 13:29:57.195   545  1832 I DownloadManager: deleting spurious file /data/data/com.android.providers.downloads/cache/metadata-732.htm
07-05 13:29:57.195   545  1832 I DownloadManager: deleting spurious file /data/data/com.android.providers.downloads/cache/metadata-414.htm
07-05 13:29:57.195   545  1832 I DownloadManager: deleting spurious file /data/data/com.android.providers.downloads/cache/metadata-1996.htm
07-05 13:29:57.195   545  1832 I DownloadManager: deleting spurious file /data/data/com.android.providers.downloads/cache/metadata-711.htm
07-05 13:29:57.195   545  1832 I DownloadManager: deleting spurious file /data/data/com.android.providers.downloads/cache/metadata-1995.htm
07-05 13:29:57.199   545  1832 I DownloadManager: deleting spurious file /data/data/com.android.providers.downloads/cache/metadata-1643.htm
07-05 13:29:57.199   545  1832 I DownloadManager: deleting spurious file /data/data/com.android.providers.downloads/cache/metadata-191.htm
07-05 13:29:57.199   545  1832 I DownloadManager: deleting spurious file /data/data/com.android.providers.downloads/cache/metadata-284.htm
07-05 13:29:57.199   545  1832 I DownloadManager: deleting spurious file /data/data/com.android.providers.downloads/cache/metadata-716.htm
07-05 13:29:57.199   545  1832 I DownloadManager: deleting spurious file /data/data/com.android.providers.downloads/cache/metadata-208.htm
07-05 13:29:57.199   545  1832 I DownloadManager: deleting spurious file /data/data/com.android.providers.downloads/cache/metadata-510.htm
07-05 13:29:57.199   545  1832 I DownloadManager: deleting spurious file /data/data/com.android.providers.downloads/cache/metadata-1100.htm
07-05 13:29:57.199   545  1832 I DownloadManager: deleting spurious file /data/data/com.android.providers.downloads/cache/metadata-1025.htm
07-05 13:29:57.199   545  1832 I DownloadManager: deleting spurious file /data/data/com.android.providers.downloads/cache/metadata-979.htm
07-05 13:29:57.199   545  1832 I DownloadManager: deleting spurious file /data/data/com.android.providers.downloads/cache/metadata-1508.htm
07-05 13:29:57.199   545  1832 I DownloadManager: deleting spurious file /data/data/com.android.providers.downloads/cache/metadata-1432.htm
07-05 13:29:57.199   545  1832 I DownloadManager: deleting spurious file /data/data/com.android.providers.downloads/cache/metadata-1040.htm
07-05 13:29:57.199   545  1832 I DownloadManager: deleting spurious file /data/data/com.android.providers.downloads/cache/metadata-1517.htm
07-05 13:29:57.199   545  1832 I DownloadManager: deleting spurious file /data/data/com.android.providers.downloads/cache/metadata-572.htm
07-05 13:29:57.199   545  1832 I DownloadManager: deleting spurious file /data/data/com.android.providers.downloads/cache/metadata-1250.htm
07-05 13:29:57.199   545  1832 I DownloadManager: deleting spurious file /data/data/com.android.providers.downloads/cache/metadata-1712.htm
07-05 13:29:57.199   545  1832 I DownloadManager: deleting spurious file /data/data/com.android.providers.downloads/cache/metadata-1122.htm
07-05 13:29:57.203   545  1832 I DownloadManager: deleting spurious file /data/data/com.android.providers.downloads/cache/metadata-1767.htm
07-05 13:29:57.203   545  1832 I DownloadManager: deleting spurious file /data/data/com.android.providers.downloads/cache/metadata-274.htm
07-05 13:29:57.203   545  1832 I DownloadManager: deleting spurious file /data/data/com.android.providers.downloads/cache/metadata-1680.htm
07-05 13:29:57.203   545  1832 I DownloadManager: deleting spurious file /data/data/com.android.providers.downloads/cache/metadata-1270.htm
07-05 13:29:57.203   545  1832 I DownloadManager: deleting spurious file /data/data/com.android.providers.downloads/cache/metadata-1075.htm
07-05 13:29:57.203   545  1832 I DownloadManager: deleting spurious file /data/data/com.android.providers.downloads/cache/metadata-1246.htm
07-05 13:29:57.203   545  1832 I DownloadManager: deleting spurious file /data/data/com.android.providers.downloads/cache/metadata-2517.htm
07-05 13:29:57.203   545  1832 I DownloadManager: deleting spurious file /data/data/com.android.providers.downloads/cache/metadata-1768.htm
07-05 13:29:57.203   545  1832 I DownloadManager: deleting spurious file /data/data/com.android.providers.downloads/cache/metadata-262.htm
07-05 13:29:57.203   545  1832 I DownloadManager: deleting spurious file /data/data/com.android.providers.downloads/cache/metadata-1518.htm
07-05 13:29:57.203   545  1832 I DownloadManager: deleting spurious file /data/data/com.android.providers.downloads/cache/metadata-1145.htm
07-05 13:29:57.203   545  1832 I DownloadManager: deleting spurious file /data/data/com.android.providers.downloads/cache/metadata-1603.htm
07-05 13:29:57.203   545  1832 I DownloadManager: deleting spurious file /data/data/com.android.providers.downloads/cache/metadata-2312.htm
07-05 13:29:57.203   545  1832 I DownloadManager: deleting spurious file /data/data/com.android.providers.downloads/cache/metadata-1707.htm
07-05 13:29:57.203   545  1832 I DownloadManager: deleting spurious file /data/data/com.android.providers.downloads/cache/metadata-2480.htm
07-05 13:29:57.203   545  1832 I DownloadManager: deleting spurious file /data/data/com.android.providers.downloads/cache/metadata-790.htm
07-05 13:29:57.203   545  1832 I DownloadManager: deleting spurious file /data/data/com.android.providers.downloads/cache/metadata-878.htm
07-05 13:29:57.203   545  1832 I DownloadManager: deleting spurious file /data/data/com.android.providers.downloads/cache/metadata-833.htm
07-05 13:29:57.203   545  1832 I DownloadManager: deleting spurious file /data/data/com.android.providers.downloads/cache/metadata-2341.htm
07-05 13:29:57.203   545  1832 I DownloadManager: deleting spurious file /data/data/com.android.providers.downloads/cache/metadata-2001.htm
07-05 13:29:57.293   545   548 D dalvikvm: GC_CONCURRENT freed 752K, 11% free 10536K/11719K, paused 1ms+3ms
07-05 13:29:57.562   545   548 D dalvikvm: GC_CONCURRENT freed 408K, 11% free 10518K/11719K, paused 2ms+2ms
07-05 13:29:57.777   545  1834 I DownloadManager: Initiating request for download 4036
07-05 13:29:57.840   545   548 D dalvikvm: GC_CONCURRENT freed 380K, 10% free 10575K/11719K, paused 2ms+3ms
07-05 13:29:57.929   545   548 D dalvikvm: GC_CONCURRENT freed 213K, 8% free 10804K/11719K, paused 1ms+3ms
07-05 13:29:58.965   545   548 D dalvikvm: GC_CONCURRENT freed 699K, 10% free 10589K/11719K, paused 2ms+2ms
07-05 13:29:59.308   545   548 D dalvikvm: GC_CONCURRENT freed 451K, 10% free 10559K/11719K, paused 2ms+3ms
07-05 13:29:59.609   545   548 D dalvikvm: GC_CONCURRENT freed 417K, 11% free 10532K/11719K, paused 2ms+3ms
07-05 13:29:59.886   545   548 D dalvikvm: GC_CONCURRENT freed 411K, 11% free 10507K/11719K, paused 2ms+2ms
07-05 13:30:00.734   545  1837 I DownloadManager: Initiating request for download 4037
07-05 13:30:00.847   545   548 D dalvikvm: GC_CONCURRENT freed 182K, 9% free 10764K/11719K, paused 2ms+3ms
07-05 13:30:00.992   545   548 D dalvikvm: GC_CONCURRENT freed 436K, 8% free 10825K/11719K, paused 1ms+3ms
07-05 13:30:01.336   545   548 D dalvikvm: GC_CONCURRENT freed 732K, 10% free 10591K/11719K, paused 2ms+2ms
07-05 13:30:01.523   545   556 D dalvikvm: GC_EXPLICIT freed 261K, 11% free 10541K/11719K, paused 2ms+4ms
07-05 13:30:01.550  1370  1839 E DictionaryProvider:UpdateHandler: Can't read a file : android.util.MalformedJsonException: Use JsonReader.setLenient(true) to accept malformed JSON at line 1 column 20
07-05 13:30:01.855   545   548 D dalvikvm: GC_CONCURRENT freed 401K, 11% free 10540K/11719K, paused 2ms+3ms
07-05 13:30:02.050   545  1842 I DownloadManager: Initiating request for download 4037
07-05 13:30:02.175   545   548 D dalvikvm: GC_CONCURRENT freed 339K, 10% free 10648K/11719K, paused 3ms+4ms
07-05 13:30:02.316   545   548 D dalvikvm: GC_CONCURRENT freed 310K, 8% free 10812K/11719K, paused 2ms+3ms
07-05 13:30:02.394   993  1240 I PhoneLab-: Service Running
07-05 13:30:02.429   993  1240 I PhoneLab-LoggerService: app_49    1247  993   1956   1584  c00f181c 400107b4 S logcat
07-05 13:30:02.429   993  1240 I PhoneLab-LoggerService: Logcat pid from database 1247
07-05 13:30:02.429   993  1240 I PhoneLab-LoggerService: Logcat process found 1247
07-05 13:30:02.429   993  1240 I PhoneLab-LoggerService: Checking Threshold
07-05 13:30:02.433   993  1240 I PhoneLab-LoggerService: Starting to rename files
07-05 13:30:02.437   993  1240 I PhoneLab-LoggerService: Files found .. 35
07-05 13:30:02.453   993   995 D dalvikvm: GC_CONCURRENT freed 951K, 19% free 9146K/11207K, paused 2ms+2ms
07-05 13:30:02.633   545   548 D dalvikvm: GC_CONCURRENT freed 731K, 10% free 10566K/11719K, paused 2ms+3ms
07-05 13:30:02.933   545   548 D dalvikvm: GC_CONCURRENT freed 446K, 11% free 10514K/11719K, paused 2ms+2ms
07-05 13:30:03.238   545   548 D dalvikvm: GC_CONCURRENT freed 422K, 11% free 10496K/11719K, paused 2ms+2ms
07-05 13:30:03.875   156   628 D dalvikvm: GC_EXPLICIT freed 688K, 12% free 14093K/16007K, paused 2ms+7ms
07-05 13:30:03.883   545  1846 I DownloadManager: Initiating request for download 4038
07-05 13:30:03.961   545   548 D dalvikvm: GC_CONCURRENT freed 293K, 10% free 10625K/11719K, paused 2ms+3ms
07-05 13:30:04.086   545   548 D dalvikvm: GC_CONCURRENT freed 336K, 9% free 10761K/11719K, paused 2ms+3ms
07-05 13:30:04.511   545   548 D dalvikvm: GC_CONCURRENT freed 752K, 11% free 10481K/11719K, paused 2ms+3ms
07-05 13:30:04.695  1370  1848 E DictionaryProvider:UpdateHandler: Can't read a file : android.util.MalformedJsonException: Use JsonReader.setLenient(true) to accept malformed JSON at line 1 column 20
07-05 13:30:04.859   545   548 D dalvikvm: GC_CONCURRENT freed 413K, 11% free 10470K/11719K, paused 2ms+3ms
07-05 13:30:05.187   545   548 D dalvikvm: GC_CONCURRENT freed 418K, 11% free 10460K/11719K, paused 2ms+3ms
07-05 13:30:05.336   545  1851 I DownloadManager: Initiating request for download 4038
07-05 13:30:05.590   545  1851 W DownloadManager: Aborting request for download 4038: Trying to resume a download that can't be resumed
07-05 13:30:07.379   545   548 D dalvikvm: GC_CONCURRENT freed 407K, 11% free 10452K/11719K, paused 2ms+3ms
07-05 13:30:07.648   545   548 D dalvikvm: GC_CONCURRENT freed 420K, 12% free 10423K/11719K, paused 2ms+2ms
07-05 13:30:07.918   545   548 D dalvikvm: GC_CONCURRENT freed 407K, 12% free 10406K/11719K, paused 1ms+2ms
07-05 13:30:08.043   545  1854 I DownloadManager: Initiating request for download 4039
07-05 13:30:08.148   545   548 D dalvikvm: GC_CONCURRENT freed 287K, 10% free 10562K/11719K, paused 3ms+4ms
07-05 13:30:08.281   545   548 D dalvikvm: GC_CONCURRENT freed 271K, 9% free 10729K/11719K, paused 2ms+2ms
07-05 13:30:08.453  1370  1856 E DictionaryProvider:UpdateHandler: Can't read a file : android.util.MalformedJsonException: Use JsonReader.setLenient(true) to accept malformed JSON at line 1 column 20
07-05 13:30:08.590   545   548 D dalvikvm: GC_CONCURRENT freed 768K, 12% free 10410K/11719K, paused 2ms+2ms
07-05 13:30:08.855   545   548 D dalvikvm: GC_CONCURRENT freed 418K, 12% free 10385K/11719K, paused 2ms+2ms
07-05 13:30:09.039   545  1859 I DownloadManager: Initiating request for download 4039
07-05 13:30:09.109   545   548 D dalvikvm: GC_CONCURRENT freed 336K, 11% free 10524K/11719K, paused 2ms+4ms
07-05 13:30:09.234   545   548 D dalvikvm: GC_CONCURRENT freed 271K, 9% free 10690K/11719K, paused 1ms+2ms
07-05 13:30:09.461   545   548 D dalvikvm: GC_CONCURRENT freed 728K, 12% free 10397K/11719K, paused 1ms+3ms
07-05 13:30:09.734   545   548 D dalvikvm: GC_CONCURRENT freed 410K, 12% free 10377K/11719K, paused 2ms+2ms
07-05 13:30:10.902   545  1862 I DownloadManager: Initiating request for download 4040
07-05 13:30:10.965   545   548 D dalvikvm: GC_CONCURRENT freed 394K, 12% free 10369K/11719K, paused 13ms+2ms
07-05 13:30:11.090   545   548 D dalvikvm: GC_CONCURRENT freed 176K, 10% free 10630K/11719K, paused 2ms+3ms
07-05 13:30:11.222   545   548 D dalvikvm: GC_CONCURRENT freed 422K, 10% free 10644K/11719K, paused 2ms+2ms
07-05 13:30:11.359  1370  1864 E DictionaryProvider:UpdateHandler: Can't read a file : android.util.MalformedJsonException: Use JsonReader.setLenient(true) to accept malformed JSON at line 1 column 20
07-05 13:30:11.394  1370  1372 D dalvikvm: GC_CONCURRENT freed 384K, 7% free 9131K/9735K, paused 1ms+2ms
07-05 13:30:11.570   545   548 D dalvikvm: GC_CONCURRENT freed 668K, 12% free 10395K/11719K, paused 2ms+2ms
07-05 13:30:11.832   545   548 D dalvikvm: GC_CONCURRENT freed 416K, 12% free 10370K/11719K, paused 2ms+2ms
07-05 13:30:11.937   545  1867 I DownloadManager: Initiating request for download 4040
07-05 13:30:12.027   545   548 D dalvikvm: GC_CONCURRENT freed 237K, 10% free 10571K/11719K, paused 2ms+3ms
07-05 13:30:12.144   545   548 D dalvikvm: GC_CONCURRENT freed 282K, 9% free 10734K/11719K, paused 1ms+3ms
07-05 13:30:12.429   545   548 D dalvikvm: GC_CONCURRENT freed 784K, 12% free 10395K/11719K, paused 2ms+2ms
07-05 13:30:12.691   545   548 D dalvikvm: GC_CONCURRENT freed 409K, 12% free 10376K/11719K, paused 2ms+2ms
07-05 13:30:12.890   545  1870 I DownloadManager: Initiating request for download 4041
07-05 13:30:12.976   545   548 D dalvikvm: GC_CONCURRENT freed 291K, 11% free 10539K/11719K, paused 1ms+2ms
07-05 13:30:13.086   545   548 D dalvikvm: GC_CONCURRENT freed 286K, 9% free 10700K/11719K, paused 2ms+3ms
07-05 13:30:13.269  1370  1872 E DictionaryProvider:UpdateHandler: Can't read a file : android.util.MalformedJsonException: Use JsonReader.setLenient(true) to accept malformed JSON at line 1 column 20
07-05 13:30:13.347   545   548 D dalvikvm: GC_CONCURRENT freed 725K, 12% free 10414K/11719K, paused 1ms+3ms
07-05 13:30:13.609   545   548 D dalvikvm: GC_CONCURRENT freed 422K, 12% free 10383K/11719K, paused 2ms+2ms
07-05 13:30:13.840   545  1875 I DownloadManager: Initiating request for download 4041
07-05 13:30:13.890   545   548 D dalvikvm: GC_CONCURRENT freed 391K, 12% free 10407K/11719K, paused 2ms+3ms
07-05 13:30:14.019   545   548 D dalvikvm: GC_CONCURRENT freed 194K, 10% free 10649K/11719K, paused 2ms+3ms
07-05 13:30:14.144   545   548 D dalvikvm: GC_CONCURRENT freed 447K, 10% free 10649K/11719K, paused 2ms+2ms
07-05 13:30:14.457   545   548 D dalvikvm: GC_CONCURRENT freed 674K, 12% free 10399K/11719K, paused 1ms+3ms
07-05 13:30:14.718   545   548 D dalvikvm: GC_CONCURRENT freed 412K, 12% free 10373K/11719K, paused 2ms+3ms
07-05 13:30:14.820   545  1878 I DownloadManager: Initiating request for download 4042
07-05 13:30:14.922   545   548 D dalvikvm: GC_CONCURRENT freed 215K, 10% free 10595K/11719K, paused 1ms+3ms
07-05 13:30:15.027   545   548 D dalvikvm: GC_CONCURRENT freed 268K, 9% free 10739K/11719K, paused 2ms+3ms
07-05 13:30:15.199  1370  1880 E DictionaryProvider:UpdateHandler: Can't read a file : android.util.MalformedJsonException: Use JsonReader.setLenient(true) to accept malformed JSON at line 1 column 20
07-05 13:30:15.336   545   548 D dalvikvm: GC_CONCURRENT freed 786K, 12% free 10404K/11719K, paused 2ms+2ms
07-05 13:30:15.593   545   548 D dalvikvm: GC_CONCURRENT freed 413K, 12% free 10381K/11719K, paused 2ms+2ms
07-05 13:30:15.765   545  1883 I DownloadManager: Initiating request for download 4042
07-05 13:30:15.836   545   548 D dalvikvm: GC_CONCURRENT freed 301K, 10% free 10548K/11719K, paused 2ms+3ms
07-05 13:30:15.965   545   548 D dalvikvm: GC_CONCURRENT freed 277K, 9% free 10729K/11719K, paused 2ms+3ms
07-05 13:30:16.222   545   548 D dalvikvm: GC_CONCURRENT freed 773K, 12% free 10403K/11719K, paused 2ms+2ms
07-05 13:30:16.488   545   548 D dalvikvm: GC_CONCURRENT freed 409K, 12% free 10383K/11719K, paused 2ms+3ms
07-05 13:30:16.711   545  1886 I DownloadManager: Initiating request for download 4043
07-05 13:30:16.769   545   548 D dalvikvm: GC_CONCURRENT freed 357K, 11% free 10449K/11719K, paused 2ms+3ms
07-05 13:30:16.894   545   548 D dalvikvm: GC_CONCURRENT freed 220K, 9% free 10665K/11719K, paused 2ms+2ms
07-05 13:30:17.050   545   548 D dalvikvm: GC_CONCURRENT freed 653K, 11% free 10443K/11719K, paused 2ms+2ms
07-05 13:30:17.320   545   548 D dalvikvm: GC_CONCURRENT freed 436K, 12% free 10398K/11719K, paused 2ms+3ms
07-05 13:30:17.590   545   548 D dalvikvm: GC_CONCURRENT freed 408K, 12% free 10380K/11719K, paused 2ms+2ms
