07-05 15:08:55.442   545   548 D dalvikvm: GC_CONCURRENT freed 748K, 13% free 10502K/11975K, paused 2ms+2ms
07-05 15:08:55.743   545   548 D dalvikvm: GC_CONCURRENT freed 409K, 13% free 10479K/11975K, paused 2ms+2ms
07-05 15:08:55.911   545 22088 I DownloadManager: Initiating request for download 6396
07-05 15:08:55.985   545   548 D dalvikvm: GC_CONCURRENT freed 278K, 12% free 10608K/11975K, paused 2ms+3ms
07-05 15:08:56.106   545   548 D dalvikvm: GC_CONCURRENT freed 231K, 10% free 10788K/11975K, paused 2ms+3ms
07-05 15:08:56.259   545   548 D dalvikvm: GC_CONCURRENT freed 711K, 12% free 10541K/11975K, paused 3ms+3ms
07-05 15:08:56.559   545   548 D dalvikvm: GC_CONCURRENT freed 427K, 13% free 10499K/11975K, paused 2ms+2ms
07-05 15:08:56.833   545   548 D dalvikvm: GC_CONCURRENT freed 405K, 13% free 10479K/11975K, paused 2ms+3ms
07-05 15:08:57.036   545 22091 I DownloadManager: Initiating request for download 6397
07-05 15:08:57.122   545   548 D dalvikvm: GC_CONCURRENT freed 297K, 12% free 10594K/11975K, paused 2ms+4ms
07-05 15:08:57.247   545   548 D dalvikvm: GC_CONCURRENT freed 226K, 10% free 10786K/11975K, paused 2ms+2ms
07-05 15:08:57.399   545   548 D dalvikvm: GC_CONCURRENT freed 456K, 10% free 10792K/11975K, paused 2ms+3ms
07-05 15:08:57.536  1370 22093 E DictionaryProvider:UpdateHandler: Can't read a file : android.util.MalformedJsonException: Use JsonReader.setLenient(true) to accept malformed JSON at line 1 column 20
07-05 15:08:57.759   545   548 D dalvikvm: GC_CONCURRENT freed 752K, 13% free 10507K/11975K, paused 2ms+3ms
07-05 15:08:58.044   545   548 D dalvikvm: GC_CONCURRENT freed 409K, 13% free 10483K/11975K, paused 2ms+3ms
07-05 15:08:58.188   545 22095 I DownloadManager: Initiating request for download 6397
07-05 15:08:58.262   545   548 D dalvikvm: GC_CONCURRENT freed 241K, 12% free 10635K/11975K, paused 2ms+3ms
07-05 15:08:58.360   545   548 D dalvikvm: GC_CONCURRENT freed 263K, 10% free 10810K/11975K, paused 2ms+3ms
07-05 15:08:58.591   545   548 D dalvikvm: GC_CONCURRENT freed 735K, 12% free 10545K/11975K, paused 2ms+2ms
07-05 15:08:58.895   545   548 D dalvikvm: GC_CONCURRENT freed 431K, 13% free 10502K/11975K, paused 2ms+3ms
07-05 15:08:59.184   545   548 D dalvikvm: GC_CONCURRENT freed 405K, 13% free 10481K/11975K, paused 2ms+2ms
07-05 15:08:59.364   545 22099 I DownloadManager: Initiating request for download 6398
07-05 15:08:59.469   545   548 D dalvikvm: GC_CONCURRENT freed 242K, 12% free 10639K/11975K, paused 2ms+3ms
07-05 15:08:59.598   545   548 D dalvikvm: GC_CONCURRENT freed 266K, 10% free 10813K/11975K, paused 2ms+3ms
07-05 15:08:59.762   545   548 D dalvikvm: GC_CONCURRENT freed 736K, 12% free 10546K/11975K, paused 2ms+3ms
07-05 15:08:59.934   156   514 D dalvikvm: GC_EXPLICIT freed 529K, 16% free 13843K/16391K, paused 3ms+6ms
07-05 15:08:59.946  1370 22101 E DictionaryProvider:UpdateHandler: Can't read a file : android.util.MalformedJsonException: Use JsonReader.setLenient(true) to accept malformed JSON at line 1 column 20
07-05 15:09:00.200   545   548 D dalvikvm: GC_CONCURRENT freed 426K, 13% free 10505K/11975K, paused 2ms+2ms
07-05 15:09:00.489   545   548 D dalvikvm: GC_CONCURRENT freed 422K, 13% free 10467K/11975K, paused 2ms+2ms
07-05 15:09:00.665   545 22104 I DownloadManager: Initiating request for download 6398
07-05 15:09:00.751   545   548 D dalvikvm: GC_CONCURRENT freed 255K, 12% free 10607K/11975K, paused 2ms+3ms
07-05 15:09:00.872   545   548 D dalvikvm: GC_CONCURRENT freed 240K, 10% free 10786K/11975K, paused 2ms+2ms
07-05 15:09:01.028   545   548 D dalvikvm: GC_CONCURRENT freed 466K, 10% free 10785K/11975K, paused 2ms+2ms
07-05 15:09:01.368   545   548 D dalvikvm: GC_CONCURRENT freed 761K, 13% free 10485K/11975K, paused 2ms+3ms
07-05 15:09:01.657   545   548 D dalvikvm: GC_CONCURRENT freed 407K, 13% free 10466K/11975K, paused 2ms+3ms
07-05 15:09:01.817   545 22107 I DownloadManager: Initiating request for download 6399
07-05 15:09:01.911   545   548 D dalvikvm: GC_CONCURRENT freed 204K, 11% free 10673K/11975K, paused 3ms+3ms
07-05 15:09:02.048   545   548 D dalvikvm: GC_CONCURRENT freed 291K, 10% free 10818K/11975K, paused 2ms+2ms
07-05 15:09:02.262   545   548 D dalvikvm: GC_CONCURRENT freed 789K, 13% free 10504K/11975K, paused 2ms+4ms
07-05 15:09:02.325  1370 22109 E DictionaryProvider:UpdateHandler: Can't read a file : android.util.MalformedJsonException: Use JsonReader.setLenient(true) to accept malformed JSON at line 1 column 20
07-05 15:09:02.368  1370  1372 D dalvikvm: GC_CONCURRENT freed 392K, 7% free 9128K/9735K, paused 1ms+2ms
07-05 15:09:02.622   545   548 D dalvikvm: GC_CONCURRENT freed 397K, 13% free 10495K/11975K, paused 2ms+2ms
07-05 15:09:02.907   545   548 D dalvikvm: GC_CONCURRENT freed 411K, 13% free 10469K/11975K, paused 1ms+2ms
07-05 15:09:03.028   545 22112 I DownloadManager: Initiating request for download 6399
07-05 15:09:03.118   545   548 D dalvikvm: GC_CONCURRENT freed 209K, 12% free 10653K/11975K, paused 1ms+3ms
07-05 15:09:03.247   545   548 D dalvikvm: GC_CONCURRENT freed 269K, 10% free 10813K/11975K, paused 2ms+3ms
07-05 15:09:03.419   545   548 D dalvikvm: GC_CONCURRENT freed 746K, 13% free 10535K/11975K, paused 1ms+3ms
07-05 15:09:03.719   545   548 D dalvikvm: GC_CONCURRENT freed 434K, 13% free 10487K/11975K, paused 2ms+2ms
07-05 15:09:04.001   545   548 D dalvikvm: GC_CONCURRENT freed 401K, 13% free 10470K/11975K, paused 2ms+2ms
07-05 15:09:04.161   545 22115 I DownloadManager: Initiating request for download 6400
07-05 15:09:04.259   545   548 D dalvikvm: GC_CONCURRENT freed 218K, 12% free 10641K/11975K, paused 2ms+3ms
07-05 15:09:04.384   545   548 D dalvikvm: GC_CONCURRENT freed 259K, 10% free 10799K/11975K, paused 2ms+4ms
07-05 15:09:04.540   545   548 D dalvikvm: GC_CONCURRENT freed 726K, 13% free 10537K/11975K, paused 2ms+2ms
07-05 15:09:04.653  1370 22117 E DictionaryProvider:UpdateHandler: Can't read a file : android.util.MalformedJsonException: Use JsonReader.setLenient(true) to accept malformed JSON at line 1 column 20
07-05 15:09:04.719  1370  1382 D dalvikvm: GC_EXPLICIT freed 158K, 7% free 9097K/9735K, paused 2ms+2ms
07-05 15:09:04.899   545   548 D dalvikvm: GC_CONCURRENT freed 425K, 13% free 10497K/11975K, paused 2ms+3ms
07-05 15:09:05.192   545   548 D dalvikvm: GC_CONCURRENT freed 410K, 13% free 10472K/11975K, paused 2ms+2ms
07-05 15:09:05.364   545 22120 I DownloadManager: Initiating request for download 6400
07-05 15:09:05.442   545   548 D dalvikvm: GC_CONCURRENT freed 274K, 12% free 10590K/11975K, paused 2ms+2ms
07-05 15:09:05.567   545   548 D dalvikvm: GC_CONCURRENT freed 231K, 10% free 10785K/11975K, paused 2ms+3ms
07-05 15:09:05.712   545   548 D dalvikvm: GC_CONCURRENT freed 469K, 10% free 10788K/11975K, paused 2ms+3ms
07-05 15:09:06.040   545   548 D dalvikvm: GC_CONCURRENT freed 726K, 13% free 10526K/11975K, paused 2ms+3ms
07-05 15:09:06.337   545   548 D dalvikvm: GC_CONCURRENT freed 399K, 13% free 10513K/11975K, paused 2ms+3ms
07-05 15:09:07.380   545 22122 I DownloadManager: Initiating request for download 6401
07-05 15:09:07.466   545   548 D dalvikvm: GC_CONCURRENT freed 251K, 12% free 10650K/11975K, paused 2ms+3ms
07-05 15:09:07.594   545   548 D dalvikvm: GC_CONCURRENT freed 267K, 10% free 10805K/11975K, paused 2ms+3ms
07-05 15:09:07.759   545   548 D dalvikvm: GC_CONCURRENT freed 732K, 12% free 10540K/11975K, paused 2ms+2ms
07-05 15:09:07.860  1370 22125 E DictionaryProvider:UpdateHandler: Can't read a file : android.util.MalformedJsonException: Use JsonReader.setLenient(true) to accept malformed JSON at line 1 column 20
07-05 15:09:08.098   545   548 D dalvikvm: GC_CONCURRENT freed 423K, 13% free 10502K/11975K, paused 2ms+2ms
07-05 15:09:08.384   545   548 D dalvikvm: GC_CONCURRENT freed 409K, 13% free 10477K/11975K, paused 3ms+2ms
07-05 15:09:08.548   545 22128 I DownloadManager: Initiating request for download 6401
07-05 15:09:08.626   545   548 D dalvikvm: GC_CONCURRENT freed 279K, 12% free 10599K/11975K, paused 2ms+4ms
07-05 15:09:08.755   545   548 D dalvikvm: GC_CONCURRENT freed 219K, 10% free 10782K/11975K, paused 2ms+3ms
07-05 15:09:08.899   545   548 D dalvikvm: GC_CONCURRENT freed 449K, 10% free 10794K/11975K, paused 2ms+2ms
07-05 15:09:09.239   545   548 D dalvikvm: GC_CONCURRENT freed 763K, 13% free 10497K/11975K, paused 1ms+2ms
07-05 15:09:09.516   545   548 D dalvikvm: GC_CONCURRENT freed 405K, 13% free 10479K/11975K, paused 2ms+2ms
07-05 15:09:09.684   545 22131 I DownloadManager: Initiating request for download 6402
07-05 15:09:09.770   545   548 D dalvikvm: GC_CONCURRENT freed 246K, 12% free 10651K/11975K, paused 2ms+3ms
07-05 15:09:09.899   545   548 D dalvikvm: GC_CONCURRENT freed 266K, 10% free 10809K/11975K, paused 2ms+3ms
07-05 15:09:10.059   545   548 D dalvikvm: GC_CONCURRENT freed 734K, 12% free 10543K/11975K, paused 2ms+3ms
07-05 15:09:10.243   545  3695 D dalvikvm: GC_EXPLICIT freed 165K, 13% free 10512K/11975K, paused 2ms+3ms
07-05 15:09:10.247  1370 22133 E DictionaryProvider:UpdateHandler: Can't read a file : android.util.MalformedJsonException: Use JsonReader.setLenient(true) to accept malformed JSON at line 1 column 20
07-05 15:09:10.540   545   548 D dalvikvm: GC_CONCURRENT freed 405K, 13% free 10492K/11975K, paused 3ms+3ms
07-05 15:09:10.825   545   548 D dalvikvm: GC_CONCURRENT freed 400K, 13% free 10475K/11975K, paused 2ms+3ms
07-05 15:09:10.911   545 22136 I DownloadManager: Initiating request for download 6402
07-05 15:09:11.009   545   548 D dalvikvm: GC_CONCURRENT freed 177K, 11% free 10686K/11975K, paused 2ms+2ms
07-05 15:09:11.134   545   548 D dalvikvm: GC_CONCURRENT freed 272K, 10% free 10846K/11975K, paused 2ms+2ms
07-05 15:09:11.352   545   548 D dalvikvm: GC_CONCURRENT freed 794K, 13% free 10532K/11975K, paused 2ms+3ms
07-05 15:09:11.653   545   548 D dalvikvm: GC_CONCURRENT freed 423K, 13% free 10493K/11975K, paused 2ms+3ms
07-05 15:09:11.938   545   548 D dalvikvm: GC_CONCURRENT freed 404K, 13% free 10476K/11975K, paused 1ms+2ms
07-05 15:09:12.051   545 22139 I DownloadManager: Initiating request for download 6403
07-05 15:09:12.153   545   548 D dalvikvm: GC_CONCURRENT freed 184K, 11% free 10688K/11975K, paused 2ms+2ms
07-05 15:09:12.278   545   548 D dalvikvm: GC_CONCURRENT freed 274K, 10% free 10846K/11975K, paused 2ms+3ms
07-05 15:09:12.509   545   548 D dalvikvm: GC_CONCURRENT freed 814K, 13% free 10513K/11975K, paused 2ms+2ms
07-05 15:09:12.551  1370 22141 E DictionaryProvider:UpdateHandler: Can't read a file : android.util.MalformedJsonException: Use JsonReader.setLenient(true) to accept malformed JSON at line 1 column 20
07-05 15:09:12.837   545   548 D dalvikvm: GC_CONCURRENT freed 401K, 13% free 10496K/11975K, paused 2ms+2ms
07-05 15:09:13.110   545   548 D dalvikvm: GC_CONCURRENT freed 403K, 13% free 10478K/11975K, paused 2ms+3ms
07-05 15:09:13.212   545 22144 I DownloadManager: Initiating request for download 6403
07-05 15:09:13.305   545   548 D dalvikvm: GC_CONCURRENT freed 200K, 11% free 10682K/11975K, paused 2ms+3ms
07-05 15:09:13.430   545   548 D dalvikvm: GC_CONCURRENT freed 272K, 10% free 10841K/11975K, paused 2ms+2ms
07-05 15:09:13.626   545   548 D dalvikvm: GC_CONCURRENT freed 775K, 12% free 10545K/11975K, paused 2ms+3ms
07-05 15:09:13.926   545   548 D dalvikvm: GC_CONCURRENT freed 431K, 13% free 10498K/11975K, paused 2ms+3ms
07-05 15:09:14.208   545   548 D dalvikvm: GC_CONCURRENT freed 404K, 13% free 10480K/11975K, paused 2ms+3ms
07-05 15:09:14.333   545 22147 I DownloadManager: Initiating request for download 6404
07-05 15:09:14.419   545   548 D dalvikvm: GC_CONCURRENT freed 190K, 11% free 10678K/11975K, paused 2ms+2ms
07-05 15:09:14.551   545   548 D dalvikvm: GC_CONCURRENT freed 289K, 10% free 10844K/11975K, paused 2ms+3ms
07-05 15:09:14.755   545   548 D dalvikvm: GC_CONCURRENT freed 777K, 12% free 10546K/11975K, paused 2ms+2ms
07-05 15:09:14.821  1370 22149 E DictionaryProvider:UpdateHandler: Can't read a file : android.util.MalformedJsonException: Use JsonReader.setLenient(true) to accept malformed JSON at line 1 column 20
07-05 15:09:14.907  1370  1372 D dalvikvm: GC_CONCURRENT freed 360K, 7% free 9127K/9735K, paused 2ms+2ms
07-05 15:09:15.098   545   548 D dalvikvm: GC_CONCURRENT freed 425K, 13% free 10505K/11975K, paused 2ms+2ms
07-05 15:09:15.376   545   548 D dalvikvm: GC_CONCURRENT freed 411K, 13% free 10482K/11975K, paused 2ms+3ms
07-05 15:09:15.485   545 22152 I DownloadManager: Initiating request for download 6404
07-05 15:09:15.591   545   548 D dalvikvm: GC_CONCURRENT freed 200K, 11% free 10677K/11975K, paused 2ms+3ms
07-05 15:09:15.716   545   548 D dalvikvm: GC_CONCURRENT freed 272K, 10% free 10834K/11975K, paused 2ms+3ms
07-05 15:09:15.899   545   548 D dalvikvm: GC_CONCURRENT freed 762K, 12% free 10548K/11975K, paused 1ms+2ms
07-05 15:09:16.204   545   548 D dalvikvm: GC_CONCURRENT freed 434K, 13% free 10501K/11975K, paused 2ms+3ms
07-05 15:09:16.489   545   548 D dalvikvm: GC_CONCURRENT freed 404K, 13% free 10485K/11975K, paused 2ms+2ms
07-05 15:09:16.637   545 22155 I DownloadManager: Initiating request for download 6405
07-05 15:09:16.739   545   548 D dalvikvm: GC_CONCURRENT freed 218K, 11% free 10682K/11975K, paused 2ms+2ms
07-05 15:09:16.868   545   548 D dalvikvm: GC_CONCURRENT freed 295K, 10% free 10850K/11975K, paused 2ms+2ms
07-05 15:09:17.071   545   548 D dalvikvm: GC_CONCURRENT freed 813K, 13% free 10517K/11975K, paused 1ms+3ms
07-05 15:09:17.122  1370 22157 E DictionaryProvider:UpdateHandler: Can't read a file : android.util.MalformedJsonException: Use JsonReader.setLenient(true) to accept malformed JSON at line 1 column 20
07-05 15:09:17.395   545   548 D dalvikvm: GC_CONCURRENT freed 398K, 13% free 10505K/11975K, paused 2ms+2ms
07-05 15:09:17.696   545   548 D dalvikvm: GC_CONCURRENT freed 405K, 13% free 10484K/11975K, paused 2ms+3ms
07-05 15:09:17.805   545 22160 I DownloadManager: Initiating request for download 6405
07-05 15:09:17.899   545   548 D dalvikvm: GC_CONCURRENT freed 194K, 11% free 10679K/11975K, paused 2ms+3ms
07-05 15:09:18.028   545   548 D dalvikvm: GC_CONCURRENT freed 281K, 10% free 10842K/11975K, paused 2ms+3ms
07-05 15:09:18.239   545   548 D dalvikvm: GC_CONCURRENT freed 770K, 12% free 10551K/11975K, paused 2ms+3ms
07-05 15:09:18.548   545   548 D dalvikvm: GC_CONCURRENT freed 432K, 13% free 10504K/11975K, paused 2ms+3ms
07-05 15:09:18.833   545   548 D dalvikvm: GC_CONCURRENT freed 403K, 13% free 10485K/11975K, paused 2ms+3ms
07-05 15:09:18.973   545 22163 I DownloadManager: Initiating request for download 6406
07-05 15:09:19.067   545   548 D dalvikvm: GC_CONCURRENT freed 213K, 11% free 10687K/11975K, paused 2ms+3ms
07-05 15:09:19.192   545   548 D dalvikvm: GC_CONCURRENT freed 276K, 10% free 10844K/11975K, paused 2ms+2ms
07-05 15:09:19.387   545   548 D dalvikvm: GC_CONCURRENT freed 771K, 12% free 10553K/11975K, paused 2ms+2ms
07-05 15:09:19.450  1370 22165 E DictionaryProvider:UpdateHandler: Can't read a file : android.util.MalformedJsonException: Use JsonReader.setLenient(true) to accept malformed JSON at line 1 column 20
07-05 15:09:19.716   545   548 D dalvikvm: GC_CONCURRENT freed 426K, 13% free 10511K/11975K, paused 2ms+3ms
07-05 15:09:20.001   545   548 D dalvikvm: GC_CONCURRENT freed 410K, 13% free 10488K/11975K, paused 2ms+3ms
07-05 15:09:20.130   545 22168 I DownloadManager: Initiating request for download 6406
07-05 15:09:20.235   156   593 D dalvikvm: GC_EXPLICIT freed 544K, 16% free 13845K/16391K, paused 2ms+7ms
07-05 15:09:20.294   545   548 D dalvikvm: GC_CONCURRENT freed 206K, 11% free 10673K/11975K, paused 2ms+3ms
07-05 15:09:20.423   545   548 D dalvikvm: GC_CONCURRENT freed 301K, 10% free 10824K/11975K, paused 2ms+3ms
07-05 15:09:20.614   545   548 D dalvikvm: GC_CONCURRENT freed 759K, 12% free 10539K/11975K, paused 2ms+3ms
07-05 15:09:20.926   545   548 D dalvikvm: GC_CONCURRENT freed 431K, 13% free 10492K/11975K, paused 2ms+3ms
07-05 15:09:21.212   545   548 D dalvikvm: GC_CONCURRENT freed 403K, 13% free 10473K/11975K, paused 2ms+2ms
07-05 15:09:21.360   545 22171 I DownloadManager: Initiating request for download 6407
07-05 15:09:21.442   545   548 D dalvikvm: GC_CONCURRENT freed 217K, 11% free 10658K/11975K, paused 2ms+4ms
07-05 15:09:21.583   545   548 D dalvikvm: GC_CONCURRENT freed 276K, 10% free 10818K/11975K, paused 2ms+2ms
07-05 15:09:21.766   545   548 D dalvikvm: GC_CONCURRENT freed 749K, 12% free 10540K/11975K, paused 2ms+2ms
07-05 15:09:21.864  1370 22173 E DictionaryProvider:UpdateHandler: Can't read a file : android.util.MalformedJsonException: Use JsonReader.setLenient(true) to accept malformed JSON at line 1 column 20
07-05 15:09:22.094   545   548 D dalvikvm: GC_CONCURRENT freed 425K, 13% free 10500K/11975K, paused 2ms+2ms
07-05 15:09:22.384   545   548 D dalvikvm: GC_CONCURRENT freed 407K, 13% free 10479K/11975K, paused 2ms+3ms
07-05 15:09:22.540   545 22176 I DownloadManager: Initiating request for download 6407
07-05 15:09:22.622   545   548 D dalvikvm: GC_CONCURRENT freed 253K, 12% free 10623K/11975K, paused 2ms+3ms
07-05 15:09:22.747   545   548 D dalvikvm: GC_CONCURRENT freed 252K, 10% free 10803K/11975K, paused 2ms+3ms
07-05 15:09:22.907   545   548 D dalvikvm: GC_CONCURRENT freed 735K, 12% free 10541K/11975K, paused 2ms+2ms
07-05 15:09:23.212   545   548 D dalvikvm: GC_CONCURRENT freed 427K, 13% free 10499K/11975K, paused 2ms+2ms
07-05 15:09:23.485   545   548 D dalvikvm: GC_CONCURRENT freed 406K, 13% free 10477K/11975K, paused 2ms+3ms
07-05 15:09:23.684   545 22179 I DownloadManager: Initiating request for download 6408
07-05 15:09:23.759   545   548 D dalvikvm: GC_CONCURRENT freed 278K, 12% free 10595K/11975K, paused 2ms+2ms
07-05 15:09:23.880   545   548 D dalvikvm: GC_CONCURRENT freed 216K, 10% free 10782K/11975K, paused 2ms+2ms
07-05 15:09:24.024   545   548 D dalvikvm: GC_CONCURRENT freed 447K, 10% free 10799K/11975K, paused 2ms+2ms
07-05 15:09:24.180  1370 22181 E DictionaryProvider:UpdateHandler: Can't read a file : android.util.MalformedJsonException: Use JsonReader.setLenient(true) to accept malformed JSON at line 1 column 20
07-05 15:09:24.247  1370  1372 D dalvikvm: GC_CONCURRENT freed 391K, 7% free 9128K/9735K, paused 2ms+2ms
07-05 15:09:24.411   545   548 D dalvikvm: GC_CONCURRENT freed 760K, 13% free 10506K/11975K, paused 2ms+2ms
07-05 15:09:24.696   545   548 D dalvikvm: GC_CONCURRENT freed 412K, 13% free 10480K/11975K, paused 2ms+2ms
07-05 15:09:24.864   545 22184 I DownloadManager: Initiating request for download 6408
07-05 15:09:24.942   545   548 D dalvikvm: GC_CONCURRENT freed 284K, 12% free 10584K/11975K, paused 1ms+3ms
07-05 15:09:25.075   545   548 D dalvikvm: GC_CONCURRENT freed 215K, 10% free 10785K/11975K, paused 2ms+3ms
07-05 15:09:25.219   545   548 D dalvikvm: GC_CONCURRENT freed 444K, 10% free 10801K/11975K, paused 2ms+3ms
07-05 15:09:25.544   545   548 D dalvikvm: GC_CONCURRENT freed 765K, 13% free 10501K/11975K, paused 2ms+2ms
07-05 15:09:25.837   545   548 D dalvikvm: GC_CONCURRENT freed 406K, 13% free 10483K/11975K, paused 2ms+3ms
07-05 15:09:26.028   545 22187 I DownloadManager: Initiating request for download 6409
07-05 15:09:26.102   545   548 D dalvikvm: GC_CONCURRENT freed 275K, 12% free 10594K/11975K, paused 2ms+3ms
07-05 15:09:26.223   545   548 D dalvikvm: GC_CONCURRENT freed 210K, 10% free 10784K/11975K, paused 2ms+2ms
07-05 15:09:26.360   545   548 D dalvikvm: GC_CONCURRENT freed 440K, 10% free 10803K/11975K, paused 2ms+2ms
07-05 15:09:26.516  1370 22189 E DictionaryProvider:UpdateHandler: Can't read a file : android.util.MalformedJsonException: Use JsonReader.setLenient(true) to accept malformed JSON at line 1 column 20
07-05 15:09:26.716   545   548 D dalvikvm: GC_CONCURRENT freed 762K, 13% free 10509K/11975K, paused 2ms+3ms
07-05 15:09:26.989   545   548 D dalvikvm: GC_CONCURRENT freed 409K, 13% free 10484K/11975K, paused 2ms+2ms
07-05 15:09:27.169   545 22192 I DownloadManager: Initiating request for download 6409
07-05 15:09:27.239   545   548 D dalvikvm: GC_CONCURRENT freed 300K, 12% free 10576K/11975K, paused 2ms+3ms
07-05 15:09:27.356   545   548 D dalvikvm: GC_CONCURRENT freed 196K, 11% free 10777K/11975K, paused 2ms+2ms
07-05 15:09:27.501   545   548 D dalvikvm: GC_CONCURRENT freed 433K, 10% free 10803K/11975K, paused 1ms+2ms
07-05 15:09:27.829   545   548 D dalvikvm: GC_CONCURRENT freed 769K, 13% free 10504K/11975K, paused 2ms+2ms
07-05 15:09:28.114   545   548 D dalvikvm: GC_CONCURRENT freed 404K, 13% free 10484K/11975K, paused 2ms+2ms
07-05 15:09:28.321   545 22195 I DownloadManager: Initiating request for download 6410
07-05 15:09:28.399   545   548 D dalvikvm: GC_CONCURRENT freed 299K, 12% free 10602K/11975K, paused 2ms+3ms
07-05 15:09:28.532   545   548 D dalvikvm: GC_CONCURRENT freed 233K, 10% free 10799K/11975K, paused 3ms+3ms
07-05 15:09:28.673   545   548 D dalvikvm: GC_CONCURRENT freed 460K, 10% free 10806K/11975K, paused 2ms+2ms
07-05 15:09:28.817  1370 22197 E DictionaryProvider:UpdateHandler: Can't read a file : android.util.MalformedJsonException: Use JsonReader.setLenient(true) to accept malformed JSON at line 1 column 20
07-05 15:09:29.051   545   548 D dalvikvm: GC_CONCURRENT freed 764K, 13% free 10511K/11975K, paused 2ms+3ms
07-05 15:09:29.333   545   548 D dalvikvm: GC_CONCURRENT freed 410K, 13% free 10485K/11975K, paused 2ms+2ms
07-05 15:09:29.485   545 22200 I DownloadManager: Initiating request for download 6410
07-05 15:09:29.563   545   548 D dalvikvm: GC_CONCURRENT freed 255K, 12% free 10620K/11975K, paused 2ms+2ms
07-05 15:09:29.684   545   548 D dalvikvm: GC_CONCURRENT freed 235K, 10% free 10801K/11975K, paused 2ms+2ms
07-05 15:09:29.841   545   548 D dalvikvm: GC_CONCURRENT freed 729K, 12% free 10549K/11975K, paused 2ms+3ms
07-05 15:09:30.153   545   548 D dalvikvm: GC_CONCURRENT freed 425K, 13% free 10509K/11975K, paused 2ms+3ms
07-05 15:09:30.450   545   548 D dalvikvm: GC_CONCURRENT freed 406K, 13% free 10489K/11975K, paused 2ms+3ms
07-05 15:09:30.563 21284 21287 D dalvikvm: GC_CONCURRENT freed 443K, 6% free 9171K/9735K, paused 1ms+2ms
07-05 15:09:30.688   545 22203 I DownloadManager: Initiating request for download 6411
07-05 15:09:30.770   545   548 D dalvikvm: GC_CONCURRENT freed 308K, 12% free 10588K/11975K, paused 2ms+3ms
07-05 15:09:30.899   545   548 D dalvikvm: GC_CONCURRENT freed 207K, 10% free 10788K/11975K, paused 2ms+3ms
07-05 15:09:31.044   545   548 D dalvikvm: GC_CONCURRENT freed 447K, 10% free 10808K/11975K, paused 2ms+4ms
07-05 15:09:31.368   545   548 D dalvikvm: GC_CONCURRENT freed 771K, 13% free 10508K/11975K, paused 2ms+2ms
07-05 15:09:31.653   545   548 D dalvikvm: GC_CONCURRENT freed 403K, 13% free 10491K/11975K, paused 2ms+3ms
07-05 15:09:32.618  1370 22205 E DictionaryProvider:UpdateHandler: Can't read a file : android.util.MalformedJsonException: Use JsonReader.setLenient(true) to accept malformed JSON at line 1 column 20
07-05 15:09:32.719   545   548 D dalvikvm: GC_CONCURRENT freed 345K, 13% free 10531K/11975K, paused 2ms+3ms
07-05 15:09:32.997   545   548 D dalvikvm: GC_CONCURRENT freed 408K, 13% free 10506K/11975K, paused 1ms+2ms
07-05 15:09:33.294   545   548 D dalvikvm: GC_CONCURRENT freed 402K, 13% free 10488K/11975K, paused 2ms+2ms
07-05 15:09:33.641   545   548 D dalvikvm: GC_CONCURRENT freed 356K, 13% free 10518K/11975K, paused 2ms+3ms
07-05 15:09:33.923   545   548 D dalvikvm: GC_CONCURRENT freed 404K, 13% free 10500K/11975K, paused 2ms+2ms
07-05 15:09:34.200   545   548 D dalvikvm: GC_CONCURRENT freed 397K, 13% free 10487K/11975K, paused 2ms+2ms
07-05 15:09:34.368   545 22208 I DownloadManager: Initiating request for download 6412
07-05 15:09:34.466   545   548 D dalvikvm: GC_CONCURRENT freed 216K, 11% free 10663K/11975K, paused 3ms+3ms
07-05 15:09:34.598   545   548 D dalvikvm: GC_CONCURRENT freed 266K, 10% free 10823K/11975K, paused 2ms+3ms
07-05 15:09:34.751   545   548 D dalvikvm: GC_CONCURRENT freed 742K, 12% free 10554K/11975K, paused 2ms+2ms
07-05 15:09:34.872  1370 22210 E DictionaryProvider:UpdateHandler: Can't read a file : android.util.MalformedJsonException: Use JsonReader.setLenient(true) to accept malformed JSON at line 1 column 20
07-05 15:09:34.942  1370  1372 D dalvikvm: GC_CONCURRENT freed 385K, 7% free 9126K/9735K, paused 2ms+2ms
07-05 15:09:35.110   545   548 D dalvikvm: GC_CONCURRENT freed 424K, 13% free 10517K/11975K, paused 2ms+3ms
07-05 15:09:35.395   545   548 D dalvikvm: GC_CONCURRENT freed 411K, 13% free 10490K/11975K, paused 2ms+2ms
07-05 15:09:35.571   545 22213 I DownloadManager: Initiating request for download 6412
07-05 15:09:35.649   545   548 D dalvikvm: GC_CONCURRENT freed 283K, 12% free 10596K/11975K, paused 2ms+3ms
07-05 15:09:35.766   545   548 D dalvikvm: GC_CONCURRENT freed 208K, 10% free 10790K/11975K, paused 2ms+2ms
07-05 15:09:35.915   545   548 D dalvikvm: GC_CONCURRENT freed 441K, 10% free 10810K/11975K, paused 2ms+2ms
07-05 15:09:36.247   545   548 D dalvikvm: GC_CONCURRENT freed 769K, 13% free 10510K/11975K, paused 2ms+3ms
07-05 15:09:36.536   545   548 D dalvikvm: GC_CONCURRENT freed 406K, 13% free 10490K/11975K, paused 2ms+3ms
07-05 15:09:36.731   545 22216 I DownloadManager: Initiating request for download 6413
07-05 15:09:36.825   545   548 D dalvikvm: GC_CONCURRENT freed 285K, 12% free 10607K/11975K, paused 2ms+2ms
07-05 15:09:36.942   545   548 D dalvikvm: GC_CONCURRENT freed 217K, 10% free 10800K/11975K, paused 2ms+3ms
07-05 15:09:37.083   545   548 D dalvikvm: GC_CONCURRENT freed 453K, 10% free 10814K/11975K, paused 2ms+2ms
07-05 15:09:37.243  1370 22218 E DictionaryProvider:UpdateHandler: Can't read a file : android.util.MalformedJsonException: Use JsonReader.setLenient(true) to accept malformed JSON at line 1 column 20
07-05 15:09:37.438   545   548 D dalvikvm: GC_CONCURRENT freed 767K, 13% free 10518K/11975K, paused 2ms+2ms
07-05 15:09:37.723   545   548 D dalvikvm: GC_CONCURRENT freed 409K, 13% free 10494K/11975K, paused 2ms+2ms
07-05 15:09:37.891   545 22221 I DownloadManager: Initiating request for download 6413
07-05 15:09:37.973   545   548 D dalvikvm: GC_CONCURRENT freed 283K, 12% free 10615K/11975K, paused 2ms+2ms
07-05 15:09:38.094   545   548 D dalvikvm: GC_CONCURRENT freed 221K, 10% free 10803K/11975K, paused 2ms+3ms
07-05 15:09:38.235   545   548 D dalvikvm: GC_CONCURRENT freed 458K, 10% free 10816K/11975K, paused 1ms+2ms
07-05 15:09:38.555   545   548 D dalvikvm: GC_CONCURRENT freed 773K, 13% free 10516K/11975K, paused 2ms+2ms
07-05 15:09:38.844   545   548 D dalvikvm: GC_CONCURRENT freed 404K, 13% free 10499K/11975K, paused 2ms+3ms
07-05 15:09:39.700   545 22224 I DownloadManager: Initiating request for download 6414
07-05 15:09:39.778   545   548 D dalvikvm: GC_CONCURRENT freed 259K, 12% free 10633K/11975K, paused 2ms+3ms
07-05 15:09:39.911   545   548 D dalvikvm: GC_CONCURRENT freed 241K, 10% free 10815K/11975K, paused 1ms+3ms
07-05 15:09:40.063   545   548 D dalvikvm: GC_CONCURRENT freed 469K, 10% free 10817K/11975K, paused 2ms+2ms
07-05 15:09:40.216  1370 22226 E DictionaryProvider:UpdateHandler: Can't read a file : android.util.MalformedJsonException: Use JsonReader.setLenient(true) to accept malformed JSON at line 1 column 20
07-05 15:09:40.442   545   548 D dalvikvm: GC_CONCURRENT freed 769K, 13% free 10519K/11975K, paused 2ms+2ms
07-05 15:09:40.735   545   548 D dalvikvm: GC_CONCURRENT freed 411K, 13% free 10495K/11975K, paused 2ms+3ms
07-05 15:09:40.887   545 22229 I DownloadManager: Initiating request for download 6414
07-05 15:09:40.969   545   548 D dalvikvm: GC_CONCURRENT freed 248K, 12% free 10651K/11975K, paused 3ms+2ms
07-05 15:09:41.094   545   548 D dalvikvm: GC_CONCURRENT freed 252K, 10% free 10823K/11975K, paused 3ms+2ms
07-05 15:09:41.243   545   548 D dalvikvm: GC_CONCURRENT freed 741K, 12% free 10560K/11975K, paused 2ms+3ms
07-05 15:09:41.544   545   548 D dalvikvm: GC_CONCURRENT freed 429K, 13% free 10517K/11975K, paused 2ms+2ms
07-05 15:09:41.829   545   548 D dalvikvm: GC_CONCURRENT freed 404K, 13% free 10497K/11975K, paused 2ms+2ms
07-05 15:09:42.028   545 22232 I DownloadManager: Initiating request for download 6415
07-05 15:09:42.114   545   548 D dalvikvm: GC_CONCURRENT freed 287K, 12% free 10601K/11975K, paused 2ms+3ms
07-05 15:09:42.235   545   548 D dalvikvm: GC_CONCURRENT freed 210K, 10% free 10801K/11975K, paused 2ms+2ms
07-05 15:09:42.360   545   548 D dalvikvm: GC_CONCURRENT freed 450K, 10% free 10820K/11975K, paused 2ms+2ms
07-05 15:09:42.587   156   628 D dalvikvm: GC_EXPLICIT freed 557K, 16% free 13843K/16391K, paused 3ms+6ms
07-05 15:09:42.594  1370 22234 E DictionaryProvider:UpdateHandler: Can't read a file : android.util.MalformedJsonException: Use JsonReader.setLenient(true) to accept malformed JSON at line 1 column 20
07-05 15:09:42.790   545   548 D dalvikvm: GC_CONCURRENT freed 769K, 13% free 10523K/11975K, paused 2ms+3ms
07-05 15:09:43.075   545   548 D dalvikvm: GC_CONCURRENT freed 424K, 13% free 10484K/11975K, paused 2ms+3ms
07-05 15:09:43.251   545 22237 I DownloadManager: Initiating request for download 6415
07-05 15:09:43.325   545   548 D dalvikvm: GC_CONCURRENT freed 295K, 12% free 10579K/11975K, paused 2ms+3ms
07-05 15:09:43.446   545   548 D dalvikvm: GC_CONCURRENT freed 209K, 10% free 10786K/11975K, paused 2ms+3ms
07-05 15:09:43.594   545   548 D dalvikvm: GC_CONCURRENT freed 444K, 10% free 10806K/11975K, paused 2ms+3ms
07-05 15:09:43.926   545   548 D dalvikvm: GC_CONCURRENT freed 769K, 13% free 10504K/11975K, paused 2ms+2ms
07-05 15:09:44.219   545   548 D dalvikvm: GC_CONCURRENT freed 404K, 13% free 10485K/11975K, paused 1ms+2ms
07-05 15:09:44.419   545 22240 I DownloadManager: Initiating request for download 6416
07-05 15:09:44.497   545   548 D dalvikvm: GC_CONCURRENT freed 292K, 12% free 10612K/11975K, paused 2ms+4ms
07-05 15:09:44.626   545   548 D dalvikvm: GC_CONCURRENT freed 234K, 10% free 10801K/11975K, paused 2ms+2ms
07-05 15:09:44.778   545   548 D dalvikvm: GC_CONCURRENT freed 466K, 10% free 10808K/11975K, paused 2ms+2ms
07-05 15:09:44.887   545 22240 D dalvikvm: GC_EXPLICIT freed 329K, 12% free 10567K/11975K, paused 2ms+4ms
07-05 15:09:45.012  1370 22242 E DictionaryProvider:UpdateHandler: Can't read a file : android.util.MalformedJsonException: Use JsonReader.setLenient(true) to accept malformed JSON at line 1 column 20
07-05 15:09:45.079  1370  1372 D dalvikvm: GC_CONCURRENT freed 385K, 7% free 9128K/9735K, paused 1ms+2ms
07-05 15:09:45.247   545   548 D dalvikvm: GC_CONCURRENT freed 445K, 13% free 10512K/11975K, paused 2ms+3ms
07-05 15:09:45.532   545   548 D dalvikvm: GC_CONCURRENT freed 410K, 13% free 10487K/11975K, paused 2ms+2ms
07-05 15:09:45.696   545 22245 I DownloadManager: Initiating request for download 6416
07-05 15:09:45.766   545   548 D dalvikvm: GC_CONCURRENT freed 253K, 12% free 10617K/11975K, paused 1ms+3ms
07-05 15:09:45.884   545   548 D dalvikvm: GC_CONCURRENT freed 227K, 10% free 10800K/11975K, paused 2ms+3ms
07-05 15:09:46.032   545   548 D dalvikvm: GC_CONCURRENT freed 461K, 10% free 10810K/11975K, paused 2ms+3ms
07-05 15:09:46.356   545   548 D dalvikvm: GC_CONCURRENT freed 741K, 13% free 10537K/11975K, paused 1ms+2ms
07-05 15:09:46.641   545   548 D dalvikvm: GC_CONCURRENT freed 397K, 13% free 10525K/11975K, paused 2ms+2ms
07-05 15:09:48.118   545 22247 I DownloadManager: Initiating request for download 6417
07-05 15:09:48.219   545   548 D dalvikvm: GC_CONCURRENT freed 291K, 12% free 10648K/11975K, paused 2ms+3ms
07-05 15:09:48.344   545   548 D dalvikvm: GC_CONCURRENT freed 253K, 10% free 10815K/11975K, paused 2ms+3ms
07-05 15:09:48.493   545   548 D dalvikvm: GC_CONCURRENT freed 474K, 10% free 10813K/11975K, paused 2ms+2ms
07-05 15:09:48.657  1370 22250 E DictionaryProvider:UpdateHandler: Can't read a file : android.util.MalformedJsonException: Use JsonReader.setLenient(true) to accept malformed JSON at line 1 column 20
07-05 15:09:48.872   545   548 D dalvikvm: GC_CONCURRENT freed 769K, 13% free 10514K/11975K, paused 2ms+2ms
07-05 15:09:49.157   545   548 D dalvikvm: GC_CONCURRENT freed 410K, 13% free 10492K/11975K, paused 2ms+3ms
07-05 15:09:49.313   545 22253 I DownloadManager: Initiating request for download 6417
07-05 15:09:49.462   545   548 D dalvikvm: GC_CONCURRENT freed 241K, 12% free 10654K/11975K, paused 2ms+2ms
07-05 15:09:49.579   545   548 D dalvikvm: GC_CONCURRENT freed 279K, 10% free 10801K/11975K, paused 2ms+3ms
07-05 15:09:49.727   545   548 D dalvikvm: GC_CONCURRENT freed 456K, 10% free 10812K/11975K, paused 2ms+3ms
07-05 15:09:50.067   545   548 D dalvikvm: GC_CONCURRENT freed 773K, 13% free 10510K/11975K, paused 2ms+3ms
07-05 15:09:50.360   545   548 D dalvikvm: GC_CONCURRENT freed 405K, 13% free 10491K/11975K, paused 2ms+2ms
07-05 15:09:50.516   545 22256 I DownloadManager: Initiating request for download 6418
07-05 15:09:50.641   545   548 D dalvikvm: GC_CONCURRENT freed 225K, 11% free 10686K/11975K, paused 2ms+3ms
07-05 15:09:50.766   545   548 D dalvikvm: GC_CONCURRENT freed 283K, 10% free 10834K/11975K, paused 2ms+3ms
07-05 15:09:50.934   545   548 D dalvikvm: GC_CONCURRENT freed 755K, 12% free 10557K/11975K, paused 2ms+3ms
07-05 15:09:51.028  1370 22258 E DictionaryProvider:UpdateHandler: Can't read a file : android.util.MalformedJsonException: Use JsonReader.setLenient(true) to accept malformed JSON at line 1 column 20
07-05 15:09:51.262   545   548 D dalvikvm: GC_CONCURRENT freed 425K, 13% free 10517K/11975K, paused 2ms+2ms
07-05 15:09:51.555   545   548 D dalvikvm: GC_CONCURRENT freed 410K, 13% free 10493K/11975K, paused 2ms+2ms
07-05 15:09:51.708   545 22261 I DownloadManager: Initiating request for download 6418
07-05 15:09:51.774   545   548 D dalvikvm: GC_CONCURRENT freed 255K, 12% free 10626K/11975K, paused 2ms+3ms
07-05 15:09:51.899   545   548 D dalvikvm: GC_CONCURRENT freed 240K, 10% free 10814K/11975K, paused 2ms+3ms
07-05 15:09:52.051   545   548 D dalvikvm: GC_CONCURRENT freed 469K, 10% free 10817K/11975K, paused 2ms+2ms
07-05 15:09:52.403   545   548 D dalvikvm: GC_CONCURRENT freed 781K, 13% free 10509K/11975K, paused 2ms+2ms
07-05 15:09:52.688   545   548 D dalvikvm: GC_CONCURRENT freed 402K, 13% free 10491K/11975K, paused 2ms+2ms
07-05 15:09:52.852   545 22264 I DownloadManager: Initiating request for download 6419
07-05 15:09:52.938   545   548 D dalvikvm: GC_CONCURRENT freed 235K, 11% free 10669K/11975K, paused 2ms+3ms
07-05 15:09:53.067   545   548 D dalvikvm: GC_CONCURRENT freed 273K, 10% free 10832K/11975K, paused 2ms+3ms
07-05 15:09:53.223   545   548 D dalvikvm: GC_CONCURRENT freed 750K, 12% free 10559K/11975K, paused 1ms+3ms
07-05 15:09:53.313  1370 22266 E DictionaryProvider:UpdateHandler: Can't read a file : android.util.MalformedJsonException: Use JsonReader.setLenient(true) to accept malformed JSON at line 1 column 20
07-05 15:09:53.403   465   467 D dalvikvm: GC_CONCURRENT freed 609K, 8% free 11257K/12231K, paused 2ms+3ms
07-05 15:09:53.594   545   548 D dalvikvm: GC_CONCURRENT freed 425K, 13% free 10520K/11975K, paused 2ms+3ms
07-05 15:09:53.876   545   548 D dalvikvm: GC_CONCURRENT freed 409K, 13% free 10499K/11975K, paused 2ms+2ms
07-05 15:09:54.044   545 22269 I DownloadManager: Initiating request for download 6419
07-05 15:09:54.122   545   548 D dalvikvm: GC_CONCURRENT freed 286K, 12% free 10603K/11975K, paused 2ms+2ms
07-05 15:09:54.243   545   548 D dalvikvm: GC_CONCURRENT freed 210K, 10% free 10800K/11975K, paused 2ms+2ms
07-05 15:09:54.380   545   548 D dalvikvm: GC_CONCURRENT freed 451K, 10% free 10818K/11975K, paused 2ms+3ms
07-05 15:09:54.708   545   548 D dalvikvm: GC_CONCURRENT freed 775K, 13% free 10516K/11975K, paused 2ms+3ms
07-05 15:09:55.009   545   548 D dalvikvm: GC_CONCURRENT freed 404K, 13% free 10496K/11975K, paused 2ms+3ms
07-05 15:09:55.208   545 22272 I DownloadManager: Initiating request for download 6420
07-05 15:09:55.274   545   548 D dalvikvm: GC_CONCURRENT freed 282K, 12% free 10609K/11975K, paused 2ms+3ms
07-05 15:09:55.395   545   548 D dalvikvm: GC_CONCURRENT freed 221K, 10% free 10806K/11975K, paused 2ms+2ms
07-05 15:09:55.532   545   548 D dalvikvm: GC_CONCURRENT freed 458K, 10% free 10822K/11975K, paused 2ms+3ms
07-05 15:09:55.860   545   548 D dalvikvm: GC_CONCURRENT freed 749K, 12% free 10550K/11975K, paused 2ms+3ms
07-05 15:09:56.141   545   548 D dalvikvm: GC_CONCURRENT freed 397K, 13% free 10537K/11975K, paused 2ms+3ms
07-05 15:09:56.481   545   548 D dalvikvm: GC_CONCURRENT freed 364K, 12% free 10559K/11975K, paused 2ms+3ms
07-05 15:09:56.774   545   548 D dalvikvm: GC_CONCURRENT freed 426K, 13% free 10518K/11975K, paused 2ms+2ms
07-05 15:09:56.848  1370 22274 E DictionaryProvider:UpdateHandler: Can't read a file : android.util.MalformedJsonException: Use JsonReader.setLenient(true) to accept malformed JSON at line 1 column 20
07-05 15:09:56.950  1370  1372 D dalvikvm: GC_CONCURRENT freed 365K, 6% free 9154K/9735K, paused 1ms+2ms
07-05 15:09:57.130   545   548 D dalvikvm: GC_CONCURRENT freed 401K, 13% free 10505K/11975K, paused 2ms+2ms
07-05 15:09:57.278   545 22277 I DownloadManager: Initiating request for download 6420
07-05 15:09:57.282   545 22277 W DownloadManager: Aborting request for download 6420: Trying to resume a download that can't be resumed
07-05 15:09:57.520   545   548 D dalvikvm: GC_CONCURRENT freed 360K, 13% free 10530K/11975K, paused 2ms+3ms
07-05 15:09:57.801   545   548 D dalvikvm: GC_CONCURRENT freed 406K, 13% free 10509K/11975K, paused 2ms+2ms
07-05 15:09:58.083   545   548 D dalvikvm: GC_CONCURRENT freed 397K, 13% free 10497K/11975K, paused 1ms+2ms
07-05 15:09:58.255   545 22280 I DownloadManager: Initiating request for download 6421
07-05 15:09:58.341   545   548 D dalvikvm: GC_CONCURRENT freed 237K, 12% free 10647K/11975K, paused 2ms+3ms
07-05 15:09:58.473   545   548 D dalvikvm: GC_CONCURRENT freed 251K, 10% free 10823K/11975K, paused 2ms+2ms
07-05 15:09:58.618   545   548 D dalvikvm: GC_CONCURRENT freed 740K, 12% free 10562K/11975K, paused 2ms+2ms
07-05 15:09:58.762  1370 22282 E DictionaryProvider:UpdateHandler: Can't read a file : android.util.MalformedJsonException: Use JsonReader.setLenient(true) to accept malformed JSON at line 1 column 20
07-05 15:09:58.841   465 22283 D dalvikvm: GC_EXPLICIT freed 394K, 11% free 10889K/12231K, paused 2ms+3ms
07-05 15:09:58.993   545   548 D dalvikvm: GC_CONCURRENT freed 423K, 13% free 10525K/11975K, paused 2ms+3ms
07-05 15:09:59.286   545   548 D dalvikvm: GC_CONCURRENT freed 409K, 13% free 10501K/11975K, paused 2ms+2ms
07-05 15:09:59.477   545 22285 I DownloadManager: Initiating request for download 6421
07-05 15:09:59.540   545   548 D dalvikvm: GC_CONCURRENT freed 322K, 12% free 10570K/11975K, paused 3ms+4ms
07-05 15:09:59.661   545   548 D dalvikvm: GC_CONCURRENT freed 188K, 10% free 10790K/11975K, paused 2ms+2ms
07-05 15:09:59.798   545   548 D dalvikvm: GC_CONCURRENT freed 431K, 10% free 10824K/11975K, paused 1ms+2ms
07-05 15:10:00.141   545   548 D dalvikvm: GC_CONCURRENT freed 776K, 13% free 10522K/11975K, paused 2ms+3ms
07-05 15:10:00.176 19707 19720 I PhoneLab-: Service Running
07-05 15:10:00.219 19707 19720 I PhoneLab-LoggerService: app_49    1247  1     1956   1584  c00f181c 400107b4 S logcat
07-05 15:10:00.219 19707 19720 I PhoneLab-LoggerService: Logcat pid from database 1247
07-05 15:10:00.219 19707 19720 I PhoneLab-LoggerService: Logcat process found 1247
07-05 15:10:00.219 19707 19720 I PhoneLab-LoggerService: Checking Threshold
07-05 15:10:00.223 19707 19720 I PhoneLab-LoggerService: Starting to rename files
07-05 15:10:00.227 19707 19720 I PhoneLab-LoggerService: Files found .. 59
07-05 15:10:00.227 19707 19720 I PhoneLab-LoggerService: File 1 log.out.1
07-05 15:10:00.235 19707 19720 I PhoneLab-LoggerService: Renamed successfully
07-05 15:10:00.481   545   548 D dalvikvm: GC_CONCURRENT freed 405K, 13% free 10504K/11975K, paused 2ms+2ms
07-05 15:10:00.712   545 22289 I DownloadManager: Initiating request for download 6422
07-05 15:10:00.786   545   548 D dalvikvm: GC_CONCURRENT freed 330K, 12% free 10569K/11975K, paused 3ms+3ms
07-05 15:10:00.923   545   548 D dalvikvm: GC_CONCURRENT freed 176K, 10% free 10786K/11975K, paused 2ms+3ms
07-05 15:10:01.051   545   548 D dalvikvm: GC_CONCURRENT freed 421K, 10% free 10828K/11975K, paused 3ms+2ms
07-05 15:10:01.227  1370 22291 E DictionaryProvider:UpdateHandler: Can't read a file : android.util.MalformedJsonException: Use JsonReader.setLenient(true) to accept malformed JSON at line 1 column 20
07-05 15:10:01.391   545   548 D dalvikvm: GC_CONCURRENT freed 772K, 13% free 10531K/11975K, paused 2ms+2ms
07-05 15:10:01.676   545   548 D dalvikvm: GC_CONCURRENT freed 412K, 13% free 10507K/11975K, paused 2ms+2ms
07-05 15:10:01.895   545 22294 I DownloadManager: Initiating request for download 6422
07-05 15:10:01.962   545   548 D dalvikvm: GC_CONCURRENT freed 372K, 12% free 10545K/11975K, paused 2ms+3ms
07-05 15:10:02.079   545   548 D dalvikvm: GC_CONCURRENT freed 157K, 11% free 10777K/11975K, paused 1ms+3ms
07-05 15:10:02.216   545   548 D dalvikvm: GC_CONCURRENT freed 416K, 10% free 10830K/11975K, paused 2ms+3ms
07-05 15:10:02.532   545   548 D dalvikvm: GC_CONCURRENT freed 779K, 13% free 10528K/11975K, paused 1ms+3ms
07-05 15:10:02.825   545   548 D dalvikvm: GC_CONCURRENT freed 406K, 13% free 10507K/11975K, paused 2ms+2ms
07-05 15:10:03.067   545 22297 I DownloadManager: Initiating request for download 6423
07-05 15:10:03.134   545   548 D dalvikvm: GC_CONCURRENT freed 371K, 12% free 10545K/11975K, paused 3ms+3ms
07-05 15:10:03.262   545   548 D dalvikvm: GC_CONCURRENT freed 174K, 10% free 10786K/11975K, paused 3ms+3ms
07-05 15:10:03.399   545   548 D dalvikvm: GC_CONCURRENT freed 416K, 10% free 10832K/11975K, paused 2ms+3ms
07-05 15:10:03.591  1370 22299 E DictionaryProvider:UpdateHandler: Can't read a file : android.util.MalformedJsonException: Use JsonReader.setLenient(true) to accept malformed JSON at line 1 column 20
07-05 15:10:03.747   545   548 D dalvikvm: GC_CONCURRENT freed 773K, 13% free 10535K/11975K, paused 2ms+2ms
07-05 15:10:04.028   545   548 D dalvikvm: GC_CONCURRENT freed 410K, 13% free 10510K/11975K, paused 2ms+2ms
07-05 15:10:04.255   545 22302 I DownloadManager: Initiating request for download 6423
07-05 15:10:04.313   545   548 D dalvikvm: GC_CONCURRENT freed 384K, 13% free 10535K/11975K, paused 2ms+3ms
07-05 15:10:04.434   545   548 D dalvikvm: GC_CONCURRENT freed 157K, 11% free 10777K/11975K, paused 2ms+3ms
07-05 15:10:04.567   545   548 D dalvikvm: GC_CONCURRENT freed 411K, 10% free 10832K/11975K, paused 2ms+4ms
07-05 15:10:04.712   156   594 D dalvikvm: GC_EXPLICIT freed 544K, 16% free 13847K/16391K, paused 3ms+6ms
07-05 15:10:04.938   545   548 D dalvikvm: GC_CONCURRENT freed 747K, 12% free 10563K/11975K, paused 2ms+3ms
07-05 15:10:05.223   545   548 D dalvikvm: GC_CONCURRENT freed 417K, 13% free 10534K/11975K, paused 2ms+2ms
07-05 15:10:06.001   545 22305 I DownloadManager: Initiating request for download 6424
07-05 15:10:06.067   545   548 D dalvikvm: GC_CONCURRENT freed 396K, 13% free 10530K/11975K, paused 3ms+3ms
07-05 15:10:06.204   545   548 D dalvikvm: GC_CONCURRENT freed 176K, 11% free 10770K/11975K, paused 2ms+3ms
07-05 15:10:06.337   545   548 D dalvikvm: GC_CONCURRENT freed 405K, 10% free 10823K/11975K, paused 2ms+2ms
07-05 15:10:06.536  1370 22308 E DictionaryProvider:UpdateHandler: Can't read a file : android.util.MalformedJsonException: Use JsonReader.setLenient(true) to accept malformed JSON at line 1 column 20
07-05 15:10:06.673   545   548 D dalvikvm: GC_CONCURRENT freed 775K, 13% free 10526K/11975K, paused 2ms+3ms
07-05 15:10:06.950   545   548 D dalvikvm: GC_CONCURRENT freed 410K, 13% free 10500K/11975K, paused 1ms+2ms
07-05 15:10:07.192   545 22311 I DownloadManager: Initiating request for download 6424
07-05 15:10:07.243   545   548 D dalvikvm: GC_CONCURRENT freed 390K, 13% free 10496K/11975K, paused 2ms+3ms
07-05 15:10:07.372   545   548 D dalvikvm: GC_CONCURRENT freed 136K, 11% free 10752K/11975K, paused 2ms+3ms
07-05 15:10:07.497   545   548 D dalvikvm: GC_CONCURRENT freed 291K, 9% free 10914K/11975K, paused 2ms+2ms
07-05 15:10:07.794   545   548 D dalvikvm: GC_CONCURRENT freed 897K, 13% free 10521K/11975K, paused 2ms+3ms
07-05 15:10:08.079   545   548 D dalvikvm: GC_CONCURRENT freed 405K, 13% free 10501K/11975K, paused 2ms+3ms
07-05 15:10:08.356   545   548 D dalvikvm: GC_CONCURRENT freed 397K, 13% free 10490K/11975K, paused 2ms+3ms
07-05 15:10:08.399   545 22314 I DownloadManager: Initiating request for download 6425
07-05 15:10:08.516   545   548 D dalvikvm: GC_CONCURRENT freed 132K, 11% free 10745K/11975K, paused 2ms+2ms
07-05 15:10:08.645   545   548 D dalvikvm: GC_CONCURRENT freed 287K, 9% free 10906K/11975K, paused 2ms+3ms
07-05 15:10:08.880  1370 22316 E DictionaryProvider:UpdateHandler: Can't read a file : android.util.MalformedJsonException: Use JsonReader.setLenient(true) to accept malformed JSON at line 1 column 20
07-05 15:10:08.911  1370  1372 D dalvikvm: GC_CONCURRENT freed 460K, 6% free 9153K/9735K, paused 8ms+2ms
07-05 15:10:08.973   545   548 D dalvikvm: GC_CONCURRENT freed 881K, 13% free 10533K/11975K, paused 2ms+3ms
07-05 15:10:09.255   545   548 D dalvikvm: GC_CONCURRENT freed 414K, 13% free 10505K/11975K, paused 2ms+3ms
07-05 15:10:09.544   545   548 D dalvikvm: GC_CONCURRENT freed 401K, 13% free 10489K/11975K, paused 2ms+2ms
07-05 15:10:09.591   545 22319 I DownloadManager: Initiating request for download 6425
07-05 15:10:09.692   545   548 D dalvikvm: GC_CONCURRENT freed 149K, 11% free 10729K/11975K, paused 2ms+2ms
07-05 15:10:09.825   545   548 D dalvikvm: GC_CONCURRENT freed 280K, 10% free 10894K/11975K, paused 2ms+3ms
07-05 15:10:10.094   545   548 D dalvikvm: GC_CONCURRENT freed 867K, 13% free 10525K/11975K, paused 2ms+3ms
07-05 15:10:10.384   545   548 D dalvikvm: GC_CONCURRENT freed 405K, 13% free 10505K/11975K, paused 2ms+3ms
07-05 15:10:10.684   545   548 D dalvikvm: GC_CONCURRENT freed 399K, 13% free 10492K/11975K, paused 2ms+3ms
07-05 15:10:10.782   545 22322 I DownloadManager: Initiating request for download 6426
07-05 15:10:10.887   545   548 D dalvikvm: GC_CONCURRENT freed 164K, 11% free 10717K/11975K, paused 2ms+3ms
07-05 15:10:11.032   545   548 D dalvikvm: GC_CONCURRENT freed 282K, 9% free 10898K/11975K, paused 2ms+2ms
07-05 15:10:11.227  1370 22324 E DictionaryProvider:UpdateHandler: Can't read a file : android.util.MalformedJsonException: Use JsonReader.setLenient(true) to accept malformed JSON at line 1 column 20
07-05 15:10:11.309   545   548 D dalvikvm: GC_CONCURRENT freed 862K, 13% free 10536K/11975K, paused 2ms+2ms
07-05 15:10:11.591   545   548 D dalvikvm: GC_CONCURRENT freed 415K, 13% free 10507K/11975K, paused 2ms+3ms
07-05 15:10:11.876   545   548 D dalvikvm: GC_CONCURRENT freed 396K, 13% free 10496K/11975K, paused 2ms+2ms
07-05 15:10:11.969   545 22327 I DownloadManager: Initiating request for download 6426
07-05 15:10:12.071   545   548 D dalvikvm: GC_CONCURRENT freed 196K, 11% free 10715K/11975K, paused 3ms+3ms
07-05 15:10:12.200   545   548 D dalvikvm: GC_CONCURRENT freed 277K, 10% free 10876K/11975K, paused 2ms+2ms
07-05 15:10:12.415   545   548 D dalvikvm: GC_CONCURRENT freed 835K, 13% free 10531K/11975K, paused 2ms+3ms
07-05 15:10:12.712   545   548 D dalvikvm: GC_CONCURRENT freed 405K, 13% free 10512K/11975K, paused 2ms+2ms
07-05 15:10:13.001   545   548 D dalvikvm: GC_CONCURRENT freed 403K, 13% free 10496K/11975K, paused 2ms+2ms
07-05 15:10:13.126   545 22330 I DownloadManager: Initiating request for download 6427
07-05 15:10:13.227   545   548 D dalvikvm: GC_CONCURRENT freed 191K, 11% free 10702K/11975K, paused 2ms+2ms
07-05 15:10:13.356   545   548 D dalvikvm: GC_CONCURRENT freed 278K, 10% free 10860K/11975K, paused 2ms+3ms
07-05 15:10:13.544   545   548 D dalvikvm: GC_CONCURRENT freed 779K, 12% free 10570K/11975K, paused 2ms+4ms
07-05 15:10:13.637  1370 22333 E DictionaryProvider:UpdateHandler: Can't read a file : android.util.MalformedJsonException: Use JsonReader.setLenient(true) to accept malformed JSON at line 1 column 20
07-05 15:10:13.880   545   548 D dalvikvm: GC_CONCURRENT freed 435K, 13% free 10525K/11975K, paused 2ms+3ms
07-05 15:10:14.173   545   548 D dalvikvm: GC_CONCURRENT freed 410K, 13% free 10501K/11975K, paused 2ms+2ms
07-05 15:10:14.313   545 22336 I DownloadManager: Initiating request for download 6427
07-05 15:10:14.426   545   548 D dalvikvm: GC_CONCURRENT freed 234K, 11% free 10659K/11975K, paused 2ms+3ms
07-05 15:10:14.544   545   548 D dalvikvm: GC_CONCURRENT freed 257K, 10% free 10821K/11975K, paused 2ms+3ms
07-05 15:10:14.673   545   548 D dalvikvm: GC_CONCURRENT freed 466K, 10% free 10829K/11975K, paused 2ms+3ms
07-05 15:10:15.020   545   548 D dalvikvm: GC_CONCURRENT freed 787K, 13% free 10520K/11975K, paused 2ms+3ms
07-05 15:10:15.309   545   548 D dalvikvm: GC_CONCURRENT freed 403K, 13% free 10504K/11975K, paused 2ms+3ms
07-05 15:10:15.473   545 22339 I DownloadManager: Initiating request for download 6428
07-05 15:10:15.610   545   548 D dalvikvm: GC_CONCURRENT freed 232K, 11% free 10675K/11975K, paused 2ms+2ms
07-05 15:10:15.731   545   548 D dalvikvm: GC_CONCURRENT freed 282K, 10% free 10824K/11975K, paused 2ms+3ms
07-05 15:10:15.884   545   548 D dalvikvm: GC_CONCURRENT freed 469K, 10% free 10830K/11975K, paused 2ms+2ms
07-05 15:10:16.024  1370 22341 E DictionaryProvider:UpdateHandler: Can't read a file : android.util.MalformedJsonException: Use JsonReader.setLenient(true) to accept malformed JSON at line 1 column 20
07-05 15:10:16.262   545   548 D dalvikvm: GC_CONCURRENT freed 779K, 13% free 10529K/11975K, paused 2ms+2ms
07-05 15:10:16.544   545   548 D dalvikvm: GC_CONCURRENT freed 411K, 13% free 10504K/11975K, paused 2ms+2ms
07-05 15:10:16.680   545 22344 I DownloadManager: Initiating request for download 6428
07-05 15:10:16.856   545   548 D dalvikvm: GC_CONCURRENT freed 283K, 12% free 10638K/11975K, paused 2ms+2ms
07-05 15:10:16.981   545   548 D dalvikvm: GC_CONCURRENT freed 263K, 10% free 10814K/11975K, paused 2ms+2ms
07-05 15:10:17.122   545   548 D dalvikvm: GC_CONCURRENT freed 454K, 10% free 10832K/11975K, paused 2ms+4ms
07-05 15:10:17.458   545   548 D dalvikvm: GC_CONCURRENT freed 784K, 13% free 10525K/11975K, paused 2ms+3ms
07-05 15:10:17.743   545   548 D dalvikvm: GC_CONCURRENT freed 405K, 13% free 10510K/11975K, paused 2ms+2ms
07-05 15:10:17.872   545 22347 I DownloadManager: Initiating request for download 6429
07-05 15:10:17.958   545   548 D dalvikvm: GC_CONCURRENT freed 201K, 11% free 10706K/11975K, paused 2ms+2ms
07-05 15:10:18.087   545   548 D dalvikvm: GC_CONCURRENT freed 292K, 10% free 10875K/11975K, paused 2ms+3ms
07-05 15:10:18.290   545   548 D dalvikvm: GC_CONCURRENT freed 796K, 12% free 10572K/11975K, paused 2ms+3ms
07-05 15:10:18.356  1370 22349 E DictionaryProvider:UpdateHandler: Can't read a file : android.util.MalformedJsonException: Use JsonReader.setLenient(true) to accept malformed JSON at line 1 column 20
07-05 15:10:18.622   545   548 D dalvikvm: GC_CONCURRENT freed 429K, 13% free 10532K/11975K, paused 2ms+3ms
07-05 15:10:18.907   545   548 D dalvikvm: GC_CONCURRENT freed 412K, 13% free 10507K/11975K, paused 2ms+2ms
07-05 15:10:19.118   545 22352 D dalvikvm: GC_EXPLICIT freed 192K, 12% free 10558K/11975K, paused 2ms+10ms
07-05 15:10:19.126   545 22352 I DownloadManager: Initiating request for download 6429
07-05 15:10:19.243   545   548 D dalvikvm: GC_CONCURRENT freed 167K, 10% free 10783K/11975K, paused 2ms+2ms
07-05 15:10:19.368   545   548 D dalvikvm: GC_CONCURRENT freed 313K, 9% free 10934K/11975K, paused 2ms+3ms
07-05 15:10:19.673   545   548 D dalvikvm: GC_CONCURRENT freed 914K, 13% free 10531K/11975K, paused 2ms+4ms
07-05 15:10:19.973   545   548 D dalvikvm: GC_CONCURRENT freed 403K, 13% free 10513K/11975K, paused 3ms+3ms
07-05 15:10:20.251   545 22355 I DownloadManager: Initiating request for download 6430
07-05 15:10:20.368   545   548 D dalvikvm: GC_CONCURRENT freed 355K, 12% free 10542K/11975K, paused 2ms+3ms
07-05 15:10:20.395 19404 19435 I System.out: [INFO:940883]: c: Running flush
07-05 15:10:20.399 19404 19438 I System.out: [INFO:940886]: c: Sending payload [bytes=592]
07-05 15:10:20.419 19404 19438 I System.out: [SEVERE:940905]: c: AsyncHttpRequestImpl.run(): exception thrown : No peer certificate: javax.net.ssl.SSLPeerUnverifiedException
07-05 15:10:20.505   545   548 D dalvikvm: GC_CONCURRENT freed 151K, 10% free 10778K/11975K, paused 2ms+2ms
07-05 15:10:20.567 21284 21287 D dalvikvm: GC_CONCURRENT freed 443K, 6% free 9171K/9735K, paused 2ms+1ms
07-05 15:10:20.673   545   548 D dalvikvm: GC_CONCURRENT freed 301K, 9% free 10948K/11975K, paused 2ms+3ms
07-05 15:10:20.887  1370 22358 E DictionaryProvider:UpdateHandler: Can't read a file : android.util.MalformedJsonException: Use JsonReader.setLenient(true) to accept malformed JSON at line 1 column 20
07-05 15:10:20.923  1370  1372 D dalvikvm: GC_CONCURRENT freed 492K, 7% free 9142K/9735K, paused 1ms+3ms
07-05 15:10:21.051   545   548 D dalvikvm: GC_CONCURRENT freed 925K, 12% free 10539K/11975K, paused 2ms+3ms
07-05 15:10:21.341   545   548 D dalvikvm: GC_CONCURRENT freed 408K, 13% free 10516K/11975K, paused 2ms+2ms
07-05 15:10:21.571   545 22361 I DownloadManager: Initiating request for download 6430
07-05 15:10:21.630   545   548 D dalvikvm: GC_CONCURRENT freed 377K, 12% free 10539K/11975K, paused 2ms+2ms
07-05 15:10:21.759   545   548 D dalvikvm: GC_CONCURRENT freed 157K, 10% free 10782K/11975K, paused 2ms+3ms
07-05 15:10:21.887   545   548 D dalvikvm: GC_CONCURRENT freed 292K, 9% free 10953K/11975K, paused 2ms+3ms
07-05 15:10:22.102   545 22364 I DownloadManager: in removeSpuriousFiles
07-05 15:10:22.165   545   548 D dalvikvm: GC_CONCURRENT freed 900K, 11% free 10696K/11975K, paused 2ms+4ms
07-05 15:10:22.270   545   548 D dalvikvm: GC_CONCURRENT freed 354K, 9% free 10900K/11975K, paused 2ms+3ms
07-05 15:10:22.298   545 22364 I DownloadManager: in removeSpuriousFiles, preserving file /data/data/com.android.providers.downloads/cache/metadata-50.htm
07-05 15:10:22.298   545 22364 I DownloadManager: in removeSpuriousFiles, preserving file /data/data/com.android.providers.downloads/cache/metadata-116.htm
07-05 15:10:22.298   545 22364 I DownloadManager: in removeSpuriousFiles, preserving file /data/data/com.android.providers.downloads/cache/metadata-149.htm
07-05 15:10:22.298   545 22364 I DownloadManager: in removeSpuriousFiles, preserving file /data/data/com.android.providers.downloads/cache/metadata-323.htm
07-05 15:10:22.298   545 22364 I DownloadManager: in removeSpuriousFiles, preserving file /data/data/com.android.providers.downloads/cache/metadata-294.htm
07-05 15:10:22.298   545 22364 I DownloadManager: in removeSpuriousFiles, preserving file /data/data/com.android.providers.downloads/cache/metadata-351.htm
07-05 15:10:22.298   545 22364 I DownloadManager: in removeSpuriousFiles, preserving file /data/data/com.android.providers.downloads/cache/metadata-1484.htm
07-05 15:10:22.298   545 22364 I DownloadManager: in removeSpuriousFiles, preserving file /data/data/com.android.providers.downloads/cache/metadata-79.htm
07-05 15:10:22.301   545 22364 I DownloadManager: in removeSpuriousFiles, preserving file /data/data/com.android.providers.downloads/cache/metadata-365.htm
07-05 15:10:22.301   545 22364 I DownloadManager: in removeSpuriousFiles, preserving file /data/data/com.android.providers.downloads/cache/metadata-160.htm
07-05 15:10:22.301   545 22364 I DownloadManager: in removeSpuriousFiles, preserving file /data/data/com.android.providers.downloads/cache/metadata-249.htm
07-05 15:10:22.301   545 22364 I DownloadManager: in removeSpuriousFiles, preserving file /data/data/com.android.providers.downloads/cache/metadata-186.htm
07-05 15:10:22.301   545 22364 I DownloadManager: in removeSpuriousFiles, preserving file /data/data/com.android.providers.downloads/cache/metadata-263.htm
07-05 15:10:22.301   545 22364 I DownloadManager: in removeSpuriousFiles, preserving file /data/data/com.android.providers.downloads/cache/metadata-277.htm
07-05 15:10:22.305   545 22364 I DownloadManager: in removeSpuriousFiles, preserving file /data/data/com.android.providers.downloads/cache/metadata-168.htm
07-05 15:10:22.305   545 22364 I DownloadManager: in removeSpuriousFiles, preserving file /data/data/com.android.providers.downloads/cache/metadata-102.htm
07-05 15:10:22.305   545 22364 I DownloadManager: in removeSpuriousFiles, preserving file /data/data/com.android.providers.downloads/cache/metadata-85.htm
07-05 15:10:22.305   545 22364 I DownloadManager: in removeSpuriousFiles, preserving file /data/data/com.android.providers.downloads/cache/metadata-87.htm
07-05 15:10:22.305   545 22364 I DownloadManager: in removeSpuriousFiles, preserving file /data/data/com.android.providers.downloads/cache/metadata-147.htm
07-05 15:10:22.305   545 22364 I DownloadManager: in removeSpuriousFiles, preserving file /data/data/com.android.providers.downloads/cache/metadata-283.htm
07-05 15:10:22.305   545 22364 I DownloadManager: in removeSpuriousFiles, preserving file /data/data/com.android.providers.downloads/cache/metadata-101.htm
07-05 15:10:22.309   545 22364 I DownloadManager: in removeSpuriousFiles, preserving file /data/data/com.android.providers.downloads/cache/metadata-2346.htm
07-05 15:10:22.309   545 22364 I DownloadManager: in removeSpuriousFiles, preserving file /data/data/com.android.providers.downloads/cache/metadata-1249.htm
07-05 15:10:22.309   545 22364 I DownloadManager: in removeSpuriousFiles, preserving file /data/data/com.android.providers.downloads/cache/metadata-562.htm
07-05 15:10:22.309   545 22364 I DownloadManager: in removeSpuriousFiles, preserving file /data/data/com.android.providers.downloads/cache/metadata-350.htm
07-05 15:10:22.309   545 22364 I DownloadManager: in removeSpuriousFiles, preserving file /data/data/com.android.providers.downloads/cache/metadata-227.htm
07-05 15:10:22.309   545 22364 I DownloadManager: in removeSpuriousFiles, preserving file /data/data/com.android.providers.downloads/cache/metadata-76.htm
07-05 15:10:22.313   545 22364 I DownloadManager: in removeSpuriousFiles, preserving file /data/data/com.android.providers.downloads/cache/metadata-163.htm
07-05 15:10:22.313   545 22364 I DownloadManager: in removeSpuriousFiles, preserving file /data/data/com.android.providers.downloads/cache/metadata-88.htm
07-05 15:10:22.313   545 22364 I DownloadManager: in removeSpuriousFiles, preserving file /data/data/com.android.providers.downloads/cache/metadata-480.htm
07-05 15:10:22.313   545 22364 I DownloadManager: in removeSpuriousFiles, preserving file /data/data/com.android.providers.downloads/cache/metadata-340.htm
07-05 15:10:22.313   545 22364 I DownloadManager: in removeSpuriousFiles, preserving file /data/data/com.android.providers.downloads/cache/metadata-171.htm
07-05 15:10:22.317   545 22364 I DownloadManager: in removeSpuriousFiles, preserving file /data/data/com.android.providers.downloads/cache/metadata-436.htm
07-05 15:10:22.317   545 22364 I DownloadManager: in removeSpuriousFiles, preserving file /data/data/com.android.providers.downloads/cache/metadata-359.htm
07-05 15:10:22.317   545 22364 I DownloadManager: in removeSpuriousFiles, preserving file /data/data/com.android.providers.downloads/cache/metadata-288.htm
07-05 15:10:22.317   545 22364 I DownloadManager: in removeSpuriousFiles, preserving file /data/data/com.android.providers.downloads/cache/metadata-300.htm
07-05 15:10:22.317   545 22364 I DownloadManager: in removeSpuriousFiles, preserving file /data/data/com.android.providers.downloads/cache/metadata-899.htm
07-05 15:10:22.317   545 22364 I DownloadManager: in removeSpuriousFiles, preserving file /data/data/com.android.providers.downloads/cache/metadata-344.htm
07-05 15:10:22.321   545 22364 I DownloadManager: in removeSpuriousFiles, preserving file /data/data/com.android.providers.downloads/cache/metadata-331.htm
07-05 15:10:22.321   545 22364 I DownloadManager: in removeSpuriousFiles, preserving file /data/data/com.android.providers.downloads/cache/metadata-329.htm
07-05 15:10:22.321   545 22364 I DownloadManager: in removeSpuriousFiles, preserving file /data/data/com.android.providers.downloads/cache/metadata-400.htm
07-05 15:10:22.321   545 22364 I DownloadManager: in removeSpuriousFiles, preserving file /data/data/com.android.providers.downloads/cache/metadata-94.htm
07-05 15:10:22.325   545 22364 I DownloadManager: in removeSpuriousFiles, preserving file /data/data/com.android.providers.downloads/cache/metadata-567.htm
07-05 15:10:22.325   545 22364 I DownloadManager: in removeSpuriousFiles, preserving file /data/data/com.android.providers.downloads/cache/metadata-328.htm
07-05 15:10:22.325   545 22364 I DownloadManager: in removeSpuriousFiles, preserving file /data/data/com.android.providers.downloads/cache/metadata-322.htm
07-05 15:10:22.325   545 22364 I DownloadManager: in removeSpuriousFiles, preserving file /data/data/com.android.providers.downloads/cache/metadata-261.htm
07-05 15:10:22.329   545 22364 I DownloadManager: in removeSpuriousFiles, preserving file /data/data/com.android.providers.downloads/cache/metadata-1226.htm
07-05 15:10:22.329   545 22364 I DownloadManager: in removeSpuriousFiles, preserving file /data/data/com.android.providers.downloads/cache/metadata-235.htm
07-05 15:10:22.329   545 22364 I DownloadManager: in removeSpuriousFiles, preserving file /data/data/com.android.providers.downloads/cache/metadata-546.htm
07-05 15:10:22.329   545 22364 I DownloadManager: in removeSpuriousFiles, preserving file /data/data/com.android.providers.downloads/cache/metadata-157.htm
07-05 15:10:22.333   545 22364 I DownloadManager: in removeSpuriousFiles, preserving file /data/data/com.android.providers.downloads/cache/metadata-646.htm
07-05 15:10:22.333   545 22364 I DownloadManager: in removeSpuriousFiles, preserving file /data/data/com.android.providers.downloads/cache/metadata-767.htm
07-05 15:10:22.333   545 22364 I DownloadManager: in removeSpuriousFiles, preserving file /data/data/com.android.providers.downloads/cache/metadata-93.htm
07-05 15:10:22.333   545 22364 I DownloadManager: in removeSpuriousFiles, preserving file /data/data/com.android.providers.downloads/cache/metadata-1346.htm
07-05 15:10:22.333   545 22364 I DownloadManager: in removeSpuriousFiles, preserving file /data/data/com.android.providers.downloads/cache/metadata-374.htm
07-05 15:10:22.337   545 22364 I DownloadManager: in removeSpuriousFiles, preserving file /data/data/com.android.providers.downloads/cache/metadata-1147.htm
07-05 15:10:22.337   545 22364 I DownloadManager: in removeSpuriousFiles, preserving file /data/data/com.android.providers.downloads/cache/metadata-159.htm
07-05 15:10:22.337   545 22364 I DownloadManager: in removeSpuriousFiles, preserving file /data/data/com.android.providers.downloads/cache/metadata-208.htm
07-05 15:10:22.337   545 22364 I DownloadManager: in removeSpuriousFiles, preserving file /data/data/com.android.providers.downloads/cache/metadata-910.htm
07-05 15:10:22.341   545 22364 I DownloadManager: in removeSpuriousFiles, preserving file /data/data/com.android.providers.downloads/cache/metadata-481.htm
07-05 15:10:22.341   545 22364 I DownloadManager: in removeSpuriousFiles, preserving file /data/data/com.android.providers.downloads/cache/metadata-608.htm
07-05 15:10:22.341   545 22364 I DownloadManager: in removeSpuriousFiles, preserving file /data/data/com.android.providers.downloads/cache/metadata-306.htm
07-05 15:10:22.341   545 22364 I DownloadManager: in removeSpuriousFiles, preserving file /data/data/com.android.providers.downloads/cache/metadata-1159.htm
07-05 15:10:22.344   545 22364 I DownloadManager: in removeSpuriousFiles, preserving file /data/data/com.android.providers.downloads/cache/metadata-488.htm
07-05 15:10:22.344   545 22364 I DownloadManager: in removeSpuriousFiles, preserving file /data/data/com.android.providers.downloads/cache/metadata-211.htm
07-05 15:10:22.344   545 22364 I DownloadManager: in removeSpuriousFiles, preserving file /data/data/com.android.providers.downloads/cache/metadata-274.htm
07-05 15:10:22.344   545 22364 I DownloadManager: in removeSpuriousFiles, preserving file /data/data/com.android.providers.downloads/cache/metadata-1683.htm
07-05 15:10:22.348   545 22364 I DownloadManager: in removeSpuriousFiles, preserving file /data/data/com.android.providers.downloads/cache/metadata-132.htm
07-05 15:10:22.348   545 22364 I DownloadManager: in removeSpuriousFiles, preserving file /data/data/com.android.providers.downloads/cache/metadata-397.htm
07-05 15:10:22.348   545 22364 I DownloadManager: in removeSpuriousFiles, preserving file /data/data/com.android.providers.downloads/cache/metadata-224.htm
07-05 15:10:22.348   545 22364 I DownloadManager: in removeSpuriousFiles, preserving file /data/data/com.android.providers.downloads/cache/metadata-894.htm
07-05 15:10:22.352   545 22364 I DownloadManager: in removeSpuriousFiles, preserving file /data/data/com.android.providers.downloads/cache/metadata-921.htm
07-05 15:10:22.352   545 22364 I DownloadManager: in removeSpuriousFiles, preserving file /data/data/com.android.providers.downloads/cache/metadata-882.htm
07-05 15:10:22.352   545 22364 I DownloadManager: in removeSpuriousFiles, preserving file /data/data/com.android.providers.downloads/cache/metadata-387.htm
07-05 15:10:22.352   545 22364 I DownloadManager: in removeSpuriousFiles, preserving file /data/data/com.android.providers.downloads/cache/metadata-155.htm
07-05 15:10:22.356   545 22364 I DownloadManager: in removeSpuriousFiles, preserving file /data/data/com.android.providers.downloads/cache/metadata-1919.htm
07-05 15:10:22.356   545 22364 I DownloadManager: in removeSpuriousFiles, preserving file /data/data/com.android.providers.downloads/cache/metadata-694.htm
07-05 15:10:22.356   545 22364 I DownloadManager: in removeSpuriousFiles, preserving file /data/data/com.android.providers.downloads/cache/metadata-1376.htm
07-05 15:10:22.360   545 22364 I DownloadManager: in removeSpuriousFiles, preserving file /data/data/com.android.providers.downloads/cache/metadata-1014.htm
07-05 15:10:22.360   545 22364 I DownloadManager: in removeSpuriousFiles, preserving file /data/data/com.android.providers.downloads/cache/metadata-1210.htm
07-05 15:10:22.360   545 22364 I DownloadManager: in removeSpuriousFiles, preserving file /data/data/com.android.providers.downloads/cache/metadata-307.htm
07-05 15:10:22.364   545 22364 I DownloadManager: in removeSpuriousFiles, preserving file /data/data/com.android.providers.downloads/cache/metadata-1705.htm
07-05 15:10:22.364   545 22364 I DownloadManager: in removeSpuriousFiles, preserving file /data/data/com.android.providers.downloads/cache/metadata-2209.htm
07-05 15:10:22.364   545 22364 I DownloadManager: in removeSpuriousFiles, preserving file /data/data/com.android.providers.downloads/cache/metadata-544.htm
07-05 15:10:22.368   545 22364 I DownloadManager: in removeSpuriousFiles, preserving file /data/data/com.android.providers.downloads/cache/metadata-593.htm
07-05 15:10:22.368   545 22364 I DownloadManager: in removeSpuriousFiles, preserving file /data/data/com.android.providers.downloads/cache/metadata-2004.htm
07-05 15:10:22.372   545 22364 I DownloadManager: in removeSpuriousFiles, preserving file /data/data/com.android.providers.downloads/cache/metadata-1535.htm
07-05 15:10:22.372   545 22364 I DownloadManager: in removeSpuriousFiles, preserving file /data/data/com.android.providers.downloads/cache/metadata-1520.htm
07-05 15:10:22.372   545 22364 I DownloadManager: in removeSpuriousFiles, preserving file /data/data/com.android.providers.downloads/cache/metadata-298.htm
07-05 15:10:22.376   545 22364 I DownloadManager: in removeSpuriousFiles, preserving file /data/data/com.android.providers.downloads/cache/metadata-1274.htm
07-05 15:10:22.376   545 22364 I DownloadManager: in removeSpuriousFiles, preserving file /data/data/com.android.providers.downloads/cache/metadata-831.htm
07-05 15:10:22.380   545 22364 I DownloadManager: in removeSpuriousFiles, preserving file /data/data/com.android.providers.downloads/cache/metadata-1445.htm
07-05 15:10:22.380   545 22364 I DownloadManager: in removeSpuriousFiles, preserving file /data/data/com.android.providers.downloads/cache/metadata-2148.htm
07-05 15:10:22.380   545 22364 I DownloadManager: in removeSpuriousFiles, preserving file /data/data/com.android.providers.downloads/cache/metadata-284.htm
07-05 15:10:22.384   545 22364 I DownloadManager: in removeSpuriousFiles, preserving file /data/data/com.android.providers.downloads/cache/metadata-268.htm
07-05 15:10:22.384   545 22364 I DownloadManager: in removeSpuriousFiles, preserving file /data/data/com.android.providers.downloads/cache/metadata-1182.htm
07-05 15:10:22.387   545 22364 I DownloadManager: in removeSpuriousFiles, preserving file /data/data/com.android.providers.downloads/cache/metadata-2102.htm
07-05 15:10:22.387   545 22364 I DownloadManager: in removeSpuriousFiles, preserving file /data/data/com.android.providers.downloads/cache/metadata-681.htm
07-05 15:10:22.391   545 22364 I DownloadManager: in removeSpuriousFiles, preserving file /data/data/com.android.providers.downloads/cache/metadata-1699.htm
07-05 15:10:22.391   545 22364 I DownloadManager: in removeSpuriousFiles, preserving file /data/data/com.android.providers.downloads/cache/metadata-2771.htm
07-05 15:10:22.391   545 22364 I DownloadManager: in removeSpuriousFiles, preserving file /data/data/com.android.providers.downloads/cache/metadata-976.htm
07-05 15:10:22.395   545 22364 I DownloadManager: in removeSpuriousFiles, preserving file /data/data/com.android.providers.downloads/cache/metadata-1188.htm
07-05 15:10:22.395   545 22364 I DownloadManager: in removeSpuriousFiles, preserving file /data/data/com.android.providers.downloads/cache/metadata-2244.htm
07-05 15:10:22.399   545 22364 I DownloadManager: in removeSpuriousFiles, preserving file /data/data/com.android.providers.downloads/cache/metadata-636.htm
07-05 15:10:22.399   545 22364 I DownloadManager: in removeSpuriousFiles, preserving file /data/data/com.android.providers.downloads/cache/metadata-1508.htm
07-05 15:10:22.403   545 22364 I DownloadManager: in removeSpuriousFiles, preserving file /data/data/com.android.providers.downloads/cache/metadata-2133.htm
07-05 15:10:22.403   545 22364 I DownloadManager: in removeSpuriousFiles, preserving file /data/data/com.android.providers.downloads/cache/metadata-255.htm
07-05 15:10:22.407   545 22364 I DownloadManager: in removeSpuriousFiles, preserving file /data/data/com.android.providers.downloads/cache/metadata-1311.htm
07-05 15:10:22.407   545 22364 I DownloadManager: in removeSpuriousFiles, preserving file /data/data/com.android.providers.downloads/cache/metadata-587.htm
07-05 15:10:22.411   545 22364 I DownloadManager: in removeSpuriousFiles, preserving file /data/data/com.android.providers.downloads/cache/metadata-2000.htm
07-05 15:10:22.411   545 22364 I DownloadManager: in removeSpuriousFiles, preserving file /data/data/com.android.providers.downloads/cache/metadata-900.htm
07-05 15:10:22.415   545 22364 I DownloadManager: in removeSpuriousFiles, preserving file /data/data/com.android.providers.downloads/cache/metadata-626.htm
07-05 15:10:22.415   545 22364 I DownloadManager: in removeSpuriousFiles, preserving file /data/data/com.android.providers.downloads/cache/metadata-725.htm
07-05 15:10:22.419   545 22364 I DownloadManager: in removeSpuriousFiles, preserving file /data/data/com.android.providers.downloads/cache/metadata-176.htm
07-05 15:10:22.419   545 22364 I DownloadManager: in removeSpuriousFiles, preserving file /data/data/com.android.providers.downloads/cache/metadata-1005.htm
07-05 15:10:22.423   545 22364 I DownloadManager: in removeSpuriousFiles, preserving file /data/data/com.android.providers.downloads/cache/metadata-1411.htm
07-05 15:10:22.423   545 22364 I DownloadManager: in removeSpuriousFiles, preserving file /data/data/com.android.providers.downloads/cache/metadata-1564.htm
07-05 15:10:22.426   545 22364 I DownloadManager: in removeSpuriousFiles, preserving file /data/data/com.android.providers.downloads/cache/metadata-14.htm
07-05 15:10:22.426   545 22364 I DownloadManager: in removeSpuriousFiles, preserving file /data/data/com.android.providers.downloads/cache/metadata-6.htm
07-05 15:10:22.426   545 22364 I DownloadManager: in removeSpuriousFiles, preserving file /data/data/com.android.providers.downloads/cache/metadata-220.htm
07-05 15:10:22.426   545 22364 I DownloadManager: in removeSpuriousFiles, preserving file /data/data/com.android.providers.downloads/cache/metadata-30.htm
07-05 15:10:22.426   545 22364 I DownloadManager: in removeSpuriousFiles, preserving file /data/data/com.android.providers.downloads/cache/metadata-605.htm
07-05 15:10:22.426   545 22364 I DownloadManager: in removeSpuriousFiles, preserving file /data/data/com.android.providers.downloads/cache/metadata-137.htm
07-05 15:10:22.430   545 22364 I DownloadManager: in removeSpuriousFiles, preserving file /data/data/com.android.providers.downloads/cache/metadata-61.htm
07-05 15:10:22.430   545 22364 I DownloadManager: in removeSpuriousFiles, preserving file /data/data/com.android.providers.downloads/cache/metadata-18.htm
07-05 15:10:22.430   545 22364 I DownloadManager: in removeSpuriousFiles, preserving file /data/data/com.android.providers.downloads/cache/metadata-552.htm
07-05 15:10:22.430   545 22364 I DownloadManager: in removeSpuriousFiles, preserving file /data/data/com.android.providers.downloads/cache/metadata-1964.htm
07-05 15:10:22.430   545 22364 I DownloadManager: in removeSpuriousFiles, preserving file /data/data/com.android.providers.downloads/cache/metadata-357.htm
07-05 15:10:22.430   545 22364 I DownloadManager: in removeSpuriousFiles, preserving file /data/data/com.android.providers.downloads/cache/metadata-48.htm
07-05 15:10:22.430   545 22364 I DownloadManager: in removeSpuriousFiles, preserving file /data/data/com.android.providers.downloads/cache/metadata-482.htm
07-05 15:10:22.430   545 22364 I DownloadManager: in removeSpuriousFiles, preserving file /data/data/com.android.providers.downloads/cache/metadata-152.htm
07-05 15:10:22.434   545 22364 I DownloadManager: in removeSpuriousFiles, preserving file /data/data/com.android.providers.downloads/cache/metadata-65.htm
07-05 15:10:22.434   545 22364 I DownloadManager: in removeSpuriousFiles, preserving file /data/data/com.android.providers.downloads/cache/metadata-518.htm
07-05 15:10:22.434   545 22364 I DownloadManager: in removeSpuriousFiles, preserving file /data/data/com.android.providers.downloads/cache/metadata-356.htm
07-05 15:10:22.434   545 22364 I DownloadManager: in removeSpuriousFiles, preserving file /data/data/com.android.providers.downloads/cache/metadata-146.htm
07-05 15:10:22.434   545 22364 I DownloadManager: in removeSpuriousFiles, preserving file /data/data/com.android.providers.downloads/cache/metadata-841.htm
07-05 15:10:22.434   545 22364 I DownloadManager: in removeSpuriousFiles, preserving file /data/data/com.android.providers.downloads/cache/metadata-1358.htm
07-05 15:10:22.434   545 22364 I DownloadManager: in removeSpuriousFiles, preserving file /data/data/com.android.providers.downloads/cache/metadata-427.htm
07-05 15:10:22.438   545 22364 I DownloadManager: in removeSpuriousFiles, preserving file /data/data/com.android.providers.downloads/cache/metadata-119.htm
07-05 15:10:22.438   545 22364 I DownloadManager: in removeSpuriousFiles, preserving file /data/data/com.android.providers.downloads/cache/metadata-243.htm
07-05 15:10:22.438   545 22364 I DownloadManager: in removeSpuriousFiles, preserving file /data/data/com.android.providers.downloads/cache/metadata-167.htm
07-05 15:10:22.438   545 22364 I DownloadManager: in removeSpuriousFiles, preserving file /data/data/com.android.providers.downloads/cache/metadata-411.htm
07-05 15:10:22.438   545 22364 I DownloadManager: in removeSpuriousFiles, preserving file /data/data/com.android.providers.downloads/cache/metadata-80.htm
07-05 15:10:22.442   545 22364 I DownloadManager: in removeSpuriousFiles, preserving file /data/data/com.android.providers.downloads/cache/metadata-311.htm
07-05 15:10:22.442   545 22364 I DownloadManager: in removeSpuriousFiles, preserving file /data/data/com.android.providers.downloads/cache/metadata-353.htm
07-05 15:10:22.442   545 22364 I DownloadManager: in removeSpuriousFiles, preserving file /data/data/com.android.providers.downloads/cache/metadata-242.htm
07-05 15:10:22.442   545 22364 I DownloadManager: in removeSpuriousFiles, preserving file /data/data/com.android.providers.downloads/cache/metadata-432.htm
07-05 15:10:22.442   545 22364 I DownloadManager: in removeSpuriousFiles, preserving file /data/data/com.android.providers.downloads/cache/metadata-169.htm
07-05 15:10:22.442   545 22364 I DownloadManager: in removeSpuriousFiles, preserving file /data/data/com.android.providers.downloads/cache/metadata-203.htm
07-05 15:10:22.446   545 22364 I DownloadManager: in removeSpuriousFiles, preserving file /data/data/com.android.providers.downloads/cache/metadata-709.htm
07-05 15:10:22.446   545 22364 I DownloadManager: in removeSpuriousFiles, preserving file /data/data/com.android.providers.downloads/cache/metadata-250.htm
07-05 15:10:22.446   545 22364 I DownloadManager: in removeSpuriousFiles, preserving file /data/data/com.android.providers.downloads/cache/metadata-404.htm
07-05 15:10:22.446   545 22364 I DownloadManager: in removeSpuriousFiles, preserving file /data/data/com.android.providers.downloads/cache/metadata-303.htm
07-05 15:10:22.446   545 22364 I DownloadManager: in removeSpuriousFiles, preserving file /data/data/com.android.providers.downloads/cache/metadata-686.htm
07-05 15:10:22.450   545 22364 I DownloadManager: in removeSpuriousFiles, preserving file /data/data/com.android.providers.downloads/cache/metadata-1886.htm
07-05 15:10:22.450   545 22364 I DownloadManager: in removeSpuriousFiles, preserving file /data/data/com.android.providers.downloads/cache/metadata-392.htm
07-05 15:10:22.450   545 22364 I DownloadManager: in removeSpuriousFiles, preserving file /data/data/com.android.providers.downloads/cache/metadata-1865.htm
07-05 15:10:22.450   545 22364 I DownloadManager: in removeSpuriousFiles, preserving file /data/data/com.android.providers.downloads/cache/metadata-580.htm
07-05 15:10:22.450   545 22364 I DownloadManager: in removeSpuriousFiles, preserving file /data/data/com.android.providers.downloads/cache/metadata-1420.htm
07-05 15:10:22.454   545 22364 I DownloadManager: in removeSpuriousFiles, preserving file /data/data/com.android.providers.downloads/cache/metadata-757.htm
07-05 15:10:22.454   545 22364 I DownloadManager: in removeSpuriousFiles, preserving file /data/data/com.android.providers.downloads/cache/metadata-333.htm
07-05 15:10:22.454   545 22364 I DownloadManager: in removeSpuriousFiles, preserving file /data/data/com.android.providers.downloads/cache/metadata-1755.htm
07-05 15:10:22.454   545 22364 I DownloadManager: in removeSpuriousFiles, preserving file /data/data/com.android.providers.downloads/cache/metadata-369.htm
07-05 15:10:22.454   545 22364 I DownloadManager: in removeSpuriousFiles, preserving file /data/data/com.android.providers.downloads/cache/metadata-286.htm
07-05 15:10:22.458   545 22364 I DownloadManager: in removeSpuriousFiles, preserving file /data/data/com.android.providers.downloads/cache/metadata-1340.htm
07-05 15:10:22.458   545 22364 I DownloadManager: in removeSpuriousFiles, preserving file /data/data/com.android.providers.downloads/cache/metadata-271.htm
07-05 15:10:22.458   545 22364 I DownloadManager: in removeSpuriousFiles, preserving file /data/data/com.android.providers.downloads/cache/metadata-289.htm
07-05 15:10:22.458   545 22364 I DownloadManager: in removeSpuriousFiles, preserving file /data/data/com.android.providers.downloads/cache/metadata-305.htm
07-05 15:10:22.458   545 22364 I DownloadManager: in removeSpuriousFiles, preserving file /data/data/com.android.providers.downloads/cache/metadata-714.htm
07-05 15:10:22.462   545 22364 I DownloadManager: in removeSpuriousFiles, preserving file /data/data/com.android.providers.downloads/cache/metadata-193.htm
07-05 15:10:22.462   545 22364 I DownloadManager: in removeSpuriousFiles, preserving file /data/data/com.android.providers.downloads/cache/metadata-1256.htm
07-05 15:10:22.462   545 22364 I DownloadManager: in removeSpuriousFiles, preserving file /data/data/com.android.providers.downloads/cache/metadata-1197.htm
07-05 15:10:22.462   545 22364 I DownloadManager: in removeSpuriousFiles, preserving file /data/data/com.android.providers.downloads/cache/metadata-133.htm
07-05 15:10:22.462   545 22364 I DownloadManager: in removeSpuriousFiles, preserving file /data/data/com.android.providers.downloads/cache/metadata-871.htm
07-05 15:10:22.466   545 22364 I DownloadManager: in removeSpuriousFiles, preserving file /data/data/com.android.providers.downloads/cache/metadata-1968.htm
07-05 15:10:22.466   545 22364 I DownloadManager: in removeSpuriousFiles, preserving file /data/data/com.android.providers.downloads/cache/metadata-213.htm
07-05 15:10:22.466   545 22364 I DownloadManager: in removeSpuriousFiles, preserving file /data/data/com.android.providers.downloads/cache/metadata-83.htm
07-05 15:10:22.466   545 22364 I DownloadManager: in removeSpuriousFiles, preserving file /data/data/com.android.providers.downloads/cache/metadata-459.htm
07-05 15:10:22.469   545 22364 I DownloadManager: in removeSpuriousFiles, preserving file /data/data/com.android.providers.downloads/cache/metadata-304.htm
07-05 15:10:22.469   545 22364 I DownloadManager: in removeSpuriousFiles, preserving file /data/data/com.android.providers.downloads/cache/metadata-1453.htm
07-05 15:10:22.469   545 22364 I DownloadManager: in removeSpuriousFiles, preserving file /data/data/com.android.providers.downloads/cache/metadata-453.htm
07-05 15:10:22.469   545 22364 I DownloadManager: in removeSpuriousFiles, preserving file /data/data/com.android.providers.downloads/cache/metadata-2085.htm
07-05 15:10:22.469   545 22364 I DownloadManager: in removeSpuriousFiles, preserving file /data/data/com.android.providers.downloads/cache/metadata-1629.htm
07-05 15:10:22.469   545 22364 I DownloadManager: in removeSpuriousFiles, preserving file /data/data/com.android.providers.downloads/cache/metadata-883.htm
07-05 15:10:22.469   545 22364 I DownloadManager: in removeSpuriousFiles, preserving file /data/data/com.android.providers.downloads/cache/metadata-162.htm
07-05 15:10:22.469   545 22364 I DownloadManager: in removeSpuriousFiles, preserving file /data/data/com.android.providers.downloads/cache/metadata-1131.htm
07-05 15:10:22.473   545 22364 I DownloadManager: in removeSpuriousFiles, preserving file /data/data/com.android.providers.downloads/cache/metadata-537.htm
07-05 15:10:22.473   545 22364 I DownloadManager: in removeSpuriousFiles, preserving file /data/data/com.android.providers.downloads/cache/metadata-640.htm
07-05 15:10:22.473   545 22364 I DownloadManager: in removeSpuriousFiles, preserving file /data/data/com.android.providers.downloads/cache/metadata-1334.htm
07-05 15:10:22.477   545 22364 I DownloadManager: in removeSpuriousFiles, preserving file /data/data/com.android.providers.downloads/cache/metadata-940.htm
07-05 15:10:22.477   545 22364 I DownloadManager: in removeSpuriousFiles, preserving file /data/data/com.android.providers.downloads/cache/metadata-1013.htm
07-05 15:10:22.477   545 22364 I DownloadManager: in removeSpuriousFiles, preserving file /data/data/com.android.providers.downloads/cache/metadata-296.htm
07-05 15:10:22.477   545 22364 I DownloadManager: in removeSpuriousFiles, preserving file /data/data/com.android.providers.downloads/cache/metadata-2099.htm
07-05 15:10:22.481   545 22364 I DownloadManager: in removeSpuriousFiles, preserving file /data/data/com.android.providers.downloads/cache/metadata-440.htm
07-05 15:10:22.481   545 22364 I DownloadManager: in removeSpuriousFiles, preserving file /data/data/com.android.providers.downloads/cache/metadata-1900.htm
07-05 15:10:22.481   545 22364 I DownloadManager: in removeSpuriousFiles, preserving file /data/data/com.android.providers.downloads/cache/metadata-2315.htm
07-05 15:10:22.481   545 22364 I DownloadManager: in removeSpuriousFiles, preserving file /data/data/com.android.providers.downloads/cache/metadata-380.htm
07-05 15:10:22.485   545 22364 I DownloadManager: in removeSpuriousFiles, preserving file /data/data/com.android.providers.downloads/cache/metadata-2029.htm
07-05 15:10:22.485   545 22364 I DownloadManager: in removeSpuriousFiles, preserving file /data/data/com.android.providers.downloads/cache/metadata-104.htm
07-05 15:10:22.485   545 22364 I DownloadManager: in removeSpuriousFiles, preserving file /data/data/com.android.providers.downloads/cache/metadata-451.htm
07-05 15:10:22.485   545 22364 I DownloadManager: in removeSpuriousFiles, preserving file /data/data/com.android.providers.downloads/cache/metadata-644.htm
07-05 15:10:22.489   545 22364 I DownloadManager: in removeSpuriousFiles, preserving file /data/data/com.android.providers.downloads/cache/metadata-1017.htm
07-05 15:10:22.489   545 22364 I DownloadManager: in removeSpuriousFiles, preserving file /data/data/com.android.providers.downloads/cache/metadata-635.htm
07-05 15:10:22.489   545 22364 I DownloadManager: in removeSpuriousFiles, preserving file /data/data/com.android.providers.downloads/cache/metadata-692.htm
07-05 15:10:22.493   545 22364 I DownloadManager: in removeSpuriousFiles, preserving file /data/data/com.android.providers.downloads/cache/metadata-705.htm
07-05 15:10:22.493   545 22364 I DownloadManager: in removeSpuriousFiles, preserving file /data/data/com.android.providers.downloads/cache/metadata-877.htm
07-05 15:10:22.493   545 22364 I DownloadManager: in removeSpuriousFiles, preserving file /data/data/com.android.providers.downloads/cache/metadata-653.htm
07-05 15:10:22.493   545 22364 I DownloadManager: in removeSpuriousFiles, preserving file /data/data/com.android.providers.downloads/cache/metadata-982.htm
07-05 15:10:22.497   545 22364 I DownloadManager: in removeSpuriousFiles, preserving file /data/data/com.android.providers.downloads/cache/metadata-1359.htm
07-05 15:10:22.497   545 22364 I DownloadManager: in removeSpuriousFiles, preserving file /data/data/com.android.providers.downloads/cache/metadata-275.htm
07-05 15:10:22.497   545 22364 I DownloadManager: in removeSpuriousFiles, preserving file /data/data/com.android.providers.downloads/cache/metadata-96.htm
07-05 15:10:22.501   545 22364 I DownloadManager: in removeSpuriousFiles, preserving file /data/data/com.android.providers.downloads/cache/metadata-1157.htm
07-05 15:10:22.501   545 22364 I DownloadManager: in removeSpuriousFiles, preserving file /data/data/com.android.providers.downloads/cache/metadata-872.htm
07-05 15:10:22.501   545 22364 I DownloadManager: in removeSpuriousFiles, preserving file /data/data/com.android.providers.downloads/cache/metadata-698.htm
07-05 15:10:22.505   545 22364 I DownloadManager: in removeSpuriousFiles, preserving file /data/data/com.android.providers.downloads/cache/metadata-1626.htm
07-05 15:10:22.505   545 22364 I DownloadManager: in removeSpuriousFiles, preserving file /data/data/com.android.providers.downloads/cache/metadata-1425.htm
07-05 15:10:22.509   545 22364 I DownloadManager: in removeSpuriousFiles, preserving file /data/data/com.android.providers.downloads/cache/metadata-1356.htm
07-05 15:10:22.509   545 22364 I DownloadManager: in removeSpuriousFiles, preserving file /data/data/com.android.providers.downloads/cache/metadata-2602.htm
07-05 15:10:22.509   545 22364 I DownloadManager: in removeSpuriousFiles, preserving file /data/data/com.android.providers.downloads/cache/metadata-478.htm
07-05 15:10:22.512   545 22364 I DownloadManager: in removeSpuriousFiles, preserving file /data/data/com.android.providers.downloads/cache/metadata-764.htm
07-05 15:10:22.512   545 22364 I DownloadManager: in removeSpuriousFiles, preserving file /data/data/com.android.providers.downloads/cache/metadata-489.htm
07-05 15:10:22.516   545 22364 I DownloadManager: in removeSpuriousFiles, preserving file /data/data/com.android.providers.downloads/cache/metadata-760.htm
07-05 15:10:22.516   545 22364 I DownloadManager: in removeSpuriousFiles, preserving file /data/data/com.android.providers.downloads/cache/metadata-963.htm
07-05 15:10:22.516   545 22364 I DownloadManager: in removeSpuriousFiles, preserving file /data/data/com.android.providers.downloads/cache/metadata-824.htm
07-05 15:10:22.520   545 22364 I DownloadManager: in removeSpuriousFiles, preserving file /data/data/com.android.providers.downloads/cache/metadata-771.htm
07-05 15:10:22.520   545 22364 I DownloadManager: in removeSpuriousFiles, preserving file /data/data/com.android.providers.downloads/cache/metadata-2097.htm
07-05 15:10:22.524   545 22364 I DownloadManager: in removeSpuriousFiles, preserving file /data/data/com.android.providers.downloads/cache/metadata-931.htm
07-05 15:10:22.524   545 22364 I DownloadManager: in removeSpuriousFiles, preserving file /data/data/com.android.providers.downloads/cache/metadata-1513.htm
07-05 15:10:22.528   545 22364 I DownloadManager: in removeSpuriousFiles, preserving file /data/data/com.android.providers.downloads/cache/metadata-613.htm
07-05 15:10:22.528   545 22364 I DownloadManager: in removeSpuriousFiles, preserving file /data/data/com.android.providers.downloads/cache/metadata-1261.htm
07-05 15:10:22.528   545 22364 I DownloadManager: in removeSpuriousFiles, preserving file /data/data/com.android.providers.downloads/cache/metadata-793.htm
07-05 15:10:22.532   545 22364 I DownloadManager: in removeSpuriousFiles, preserving file /data/data/com.android.providers.downloads/cache/metadata-775.htm
07-05 15:10:22.532   545 22364 I DownloadManager: in removeSpuriousFiles, preserving file /data/data/com.android.providers.downloads/cache/metadata-1225.htm
07-05 15:10:22.536   545 22364 I DownloadManager: in removeSpuriousFiles, preserving file /data/data/com.android.providers.downloads/cache/metadata-548.htm
07-05 15:10:22.536   545 22364 I DownloadManager: in removeSpuriousFiles, preserving file /data/data/com.android.providers.downloads/cache/metadata-1215.htm
07-05 15:10:22.540   545 22364 I DownloadManager: in removeSpuriousFiles, preserving file /data/data/com.android.providers.downloads/cache/metadata-1400.htm
07-05 15:10:22.540   545 22364 I DownloadManager: in removeSpuriousFiles, preserving file /data/data/com.android.providers.downloads/cache/metadata-525.htm
07-05 15:10:22.544   545 22364 I DownloadManager: in removeSpuriousFiles, preserving file /data/data/com.android.providers.downloads/cache/metadata-987.htm
07-05 15:10:22.544   545 22364 I DownloadManager: in removeSpuriousFiles, preserving file /data/data/com.android.providers.downloads/cache/metadata-1060.htm
07-05 15:10:22.548   545 22364 I DownloadManager: in removeSpuriousFiles, preserving file /data/data/com.android.providers.downloads/cache/metadata-1087.htm
07-05 15:10:22.548   545 22364 I DownloadManager: in removeSpuriousFiles, preserving file /data/data/com.android.providers.downloads/cache/metadata-612.htm
07-05 15:10:22.548   545 22364 I DownloadManager: in removeSpuriousFiles, preserving file /data/data/com.android.providers.downloads/cache/metadata-526.htm
07-05 15:10:22.555   545 22364 I DownloadManager: in removeSpuriousFiles, preserving file /data/data/com.android.providers.downloads/cache/metadata.htm
07-05 15:10:22.555   545 22364 I DownloadManager: in removeSpuriousFiles, preserving file /data/data/com.android.providers.downloads/cache/metadata-43.htm
07-05 15:10:22.555   545 22364 I DownloadManager: in removeSpuriousFiles, preserving file /data/data/com.android.providers.downloads/cache/metadata-4.htm
07-05 15:10:22.555   545 22364 I DownloadManager: in removeSpuriousFiles, preserving file /data/data/com.android.providers.downloads/cache/metadata-179.htm
07-05 15:10:22.555   545 22364 I DownloadManager: in removeSpuriousFiles, preserving file /data/data/com.android.providers.downloads/cache/metadata-236.htm
07-05 15:10:22.555   545 22364 I DownloadManager: in removeSpuriousFiles, preserving file /data/data/com.android.providers.downloads/cache/metadata-262.htm
07-05 15:10:22.555   545 22364 I DownloadManager: in removeSpuriousFiles, preserving file /data/data/com.android.providers.downloads/cache/metadata-13.htm
07-05 15:10:22.555   545 22364 I DownloadManager: in removeSpuriousFiles, preserving file /data/data/com.android.providers.downloads/cache/metadata-204.htm
07-05 15:10:22.555   545 22364 I DownloadManager: in removeSpuriousFiles, preserving file /data/data/com.android.providers.downloads/cache/metadata-84.htm
07-05 15:10:22.559   545 22364 I DownloadManager: in removeSpuriousFiles, preserving file /data/data/com.android.providers.downloads/cache/metadata-270.htm
07-05 15:10:22.559   545 22364 I DownloadManager: in removeSpuriousFiles, preserving file /data/data/com.android.providers.downloads/cache/metadata-264.htm
07-05 15:10:22.559   545 22364 I DownloadManager: in removeSpuriousFiles, preserving file /data/data/com.android.providers.downloads/cache/metadata-118.htm
07-05 15:10:22.559   545 22364 I DownloadManager: in removeSpuriousFiles, preserving file /data/data/com.android.providers.downloads/cache/metadata-338.htm
07-05 15:10:22.559   545 22364 I DownloadManager: in removeSpuriousFiles, preserving file /data/data/com.android.providers.downloads/cache/metadata-476.htm
07-05 15:10:22.559   545 22364 I DownloadManager: in removeSpuriousFiles, preserving file /data/data/com.android.providers.downloads/cache/metadata-390.htm
07-05 15:10:22.559   545 22364 I DownloadManager: in removeSpuriousFiles, preserving file /data/data/com.android.providers.downloads/cache/metadata-97.htm
07-05 15:10:22.563   545 22364 I DownloadManager: in removeSpuriousFiles, preserving file /data/data/com.android.providers.downloads/cache/metadata-158.htm
07-05 15:10:22.563   545 22364 I DownloadManager: in removeSpuriousFiles, preserving file /data/data/com.android.providers.downloads/cache/metadata-1714.htm
07-05 15:10:22.563   545 22364 I DownloadManager: in removeSpuriousFiles, preserving file /data/data/com.android.providers.downloads/cache/metadata-318.htm
07-05 15:10:22.563   545 22364 I DownloadManager: in removeSpuriousFiles, preserving file /data/data/com.android.providers.downloads/cache/metadata-422.htm
07-05 15:10:22.563   545 22364 I DownloadManager: in removeSpuriousFiles, preserving file /data/data/com.android.providers.downloads/cache/metadata-266.htm
07-05 15:10:22.563   545 22364 I DownloadManager: in removeSpuriousFiles, preserving file /data/data/com.android.providers.downloads/cache/metadata-330.htm
07-05 15:10:22.563   545 22364 I DownloadManager: in removeSpuriousFiles, preserving file /data/data/com.android.providers.downloads/cache/metadata-556.htm
07-05 15:10:22.567   545 22364 I DownloadManager: in removeSpuriousFiles, preserving file /data/data/com.android.providers.downloads/cache/metadata-198.htm
07-05 15:10:22.567   545 22364 I DownloadManager: in removeSpuriousFiles, preserving file /data/data/com.android.providers.downloads/cache/metadata-165.htm
07-05 15:10:22.567   545 22364 I DownloadManager: in removeSpuriousFiles, preserving file /data/data/com.android.providers.downloads/cache/metadata-408.htm
07-05 15:10:22.567   545 22364 I DownloadManager: in removeSpuriousFiles, preserving file /data/data/com.android.providers.downloads/cache/metadata-804.htm
07-05 15:10:22.567   545 22364 I DownloadManager: in removeSpuriousFiles, preserving file /data/data/com.android.providers.downloads/cache/metadata-228.htm
07-05 15:10:22.571   545 22364 I DownloadManager: in removeSpuriousFiles, preserving file /data/data/com.android.providers.downloads/cache/metadata-382.htm
07-05 15:10:22.571   545 22364 I DownloadManager: in removeSpuriousFiles, preserving file /data/data/com.android.providers.downloads/cache/metadata-516.htm
07-05 15:10:22.571   545 22364 I DownloadManager: in removeSpuriousFiles, preserving file /data/data/com.android.providers.downloads/cache/metadata-510.htm
07-05 15:10:22.571   545 22364 I DownloadManager: in removeSpuriousFiles, preserving file /data/data/com.android.providers.downloads/cache/metadata-246.htm
07-05 15:10:22.571   545 22364 I DownloadManager: in removeSpuriousFiles, preserving file /data/data/com.android.providers.downloads/cache/metadata-189.htm
07-05 15:10:22.571   545 22364 I DownloadManager: in removeSpuriousFiles, preserving file /data/data/com.android.providers.downloads/cache/metadata-827.htm
07-05 15:10:22.571   545 22364 I DownloadManager: in removeSpuriousFiles, preserving file /data/data/com.android.providers.downloads/cache/metadata-472.htm
07-05 15:10:22.571   545 22364 I DownloadManager: in removeSpuriousFiles, preserving file /data/data/com.android.providers.downloads/cache/metadata-485.htm
07-05 15:10:22.575   545 22364 I DownloadManager: in removeSpuriousFiles, preserving file /data/data/com.android.providers.downloads/cache/metadata-490.htm
07-05 15:10:22.575   545 22364 I DownloadManager: in removeSpuriousFiles, preserving file /data/data/com.android.providers.downloads/cache/metadata-349.htm
07-05 15:10:22.575   545 22364 I DownloadManager: in removeSpuriousFiles, preserving file /data/data/com.android.providers.downloads/cache/metadata-354.htm
07-05 15:10:22.575   545 22364 I DownloadManager: in removeSpuriousFiles, preserving file /data/data/com.android.providers.downloads/cache/metadata-572.htm
07-05 15:10:22.575   545 22364 I DownloadManager: in removeSpuriousFiles, preserving file /data/data/com.android.providers.downloads/cache/metadata-1466.htm
07-05 15:10:22.579   545 22364 I DownloadManager: in removeSpuriousFiles, preserving file /data/data/com.android.providers.downloads/cache/metadata-2382.htm
07-05 15:10:22.579   545 22364 I DownloadManager: in removeSpuriousFiles, preserving file /data/data/com.android.providers.downloads/cache/metadata-310.htm
07-05 15:10:22.579   545 22364 I DownloadManager: in removeSpuriousFiles, preserving file /data/data/com.android.providers.downloads/cache/metadata-373.htm
07-05 15:10:22.579   545 22364 I DownloadManager: in removeSpuriousFiles, preserving file /data/data/com.android.providers.downloads/cache/metadata-720.htm
07-05 15:10:22.579   545 22364 I DownloadManager: in removeSpuriousFiles, preserving file /data/data/com.android.providers.downloads/cache/metadata-514.htm
07-05 15:10:22.583   545 22364 I DownloadManager: in removeSpuriousFiles, preserving file /data/data/com.android.providers.downloads/cache/metadata-446.htm
07-05 15:10:22.583   545 22364 I DownloadManager: in removeSpuriousFiles, preserving file /data/data/com.android.providers.downloads/cache/metadata-115.htm
07-05 15:10:22.583   545 22364 I DownloadManager: in removeSpuriousFiles, preserving file /data/data/com.android.providers.downloads/cache/metadata-238.htm
07-05 15:10:22.583   545 22364 I DownloadManager: in removeSpuriousFiles, preserving file /data/data/com.android.providers.downloads/cache/metadata-272.htm
07-05 15:10:22.583   545 22364 I DownloadManager: in removeSpuriousFiles, preserving file /data/data/com.android.providers.downloads/cache/metadata-479.htm
07-05 15:10:22.583   545 22364 I DownloadManager: in removeSpuriousFiles, preserving file /data/data/com.android.providers.downloads/cache/metadata-486.htm
07-05 15:10:22.587   545 22364 I DownloadManager: in removeSpuriousFiles, preserving file /data/data/com.android.providers.downloads/cache/metadata-1141.htm
07-05 15:10:22.587   545 22364 I DownloadManager: in removeSpuriousFiles, preserving file /data/data/com.android.providers.downloads/cache/metadata-652.htm
07-05 15:10:22.587   545 22364 I DownloadManager: in removeSpuriousFiles, preserving file /data/data/com.android.providers.downloads/cache/metadata-829.htm
07-05 15:10:22.587   545 22364 I DownloadManager: in removeSpuriousFiles, preserving file /data/data/com.android.providers.downloads/cache/metadata-429.htm
07-05 15:10:22.591   545 22364 I DownloadManager: in removeSpuriousFiles, preserving file /data/data/com.android.providers.downloads/cache/metadata-473.htm
07-05 15:10:22.591   545 22364 I DownloadManager: in removeSpuriousFiles, preserving file /data/data/com.android.providers.downloads/cache/metadata-343.htm
07-05 15:10:22.591   545 22364 I DownloadManager: in removeSpuriousFiles, preserving file /data/data/com.android.providers.downloads/cache/metadata-1306.htm
07-05 15:10:22.591   545 22364 I DownloadManager: in removeSpuriousFiles, preserving file /data/data/com.android.providers.downloads/cache/metadata-457.htm
07-05 15:10:22.591   545 22364 I DownloadManager: in removeSpuriousFiles, preserving file /data/data/com.android.providers.downloads/cache/metadata-2307.htm
07-05 15:10:22.594   545 22364 I DownloadManager: in removeSpuriousFiles, preserving file /data/data/com.android.providers.downloads/cache/metadata-465.htm
07-05 15:10:22.594   545 22364 I DownloadManager: in removeSpuriousFiles, preserving file /data/data/com.android.providers.downloads/cache/metadata-370.htm
07-05 15:10:22.594   545 22364 I DownloadManager: in removeSpuriousFiles, preserving file /data/data/com.android.providers.downloads/cache/metadata-409.htm
07-05 15:10:22.594   545 22364 I DownloadManager: in removeSpuriousFiles, preserving file /data/data/com.android.providers.downloads/cache/metadata-346.htm
07-05 15:10:22.598   545 22364 I DownloadManager: in removeSpuriousFiles, preserving file /data/data/com.android.providers.downloads/cache/metadata-2578.htm
07-05 15:10:22.598   545 22364 I DownloadManager: in removeSpuriousFiles, preserving file /data/data/com.android.providers.downloads/cache/metadata-801.htm
07-05 15:10:22.598   545 22364 I DownloadManager: in removeSpuriousFiles, preserving file /data/data/com.android.providers.downloads/cache/metadata-1081.htm
07-05 15:10:22.598   545 22364 I DownloadManager: in removeSpuriousFiles, preserving file /data/data/com.android.providers.downloads/cache/metadata-880.htm
07-05 15:10:22.598   545 22364 I DownloadManager: in removeSpuriousFiles, preserving file /data/data/com.android.providers.downloads/cache/metadata-535.htm
07-05 15:10:22.602   545 22364 I DownloadManager: in removeSpuriousFiles, preserving file /data/data/com.android.providers.downloads/cache/metadata-918.htm
07-05 15:10:22.602   545 22364 I DownloadManager: in removeSpuriousFiles, preserving file /data/data/com.android.providers.downloads/cache/metadata-173.htm
07-05 15:10:22.602   545 22364 I DownloadManager: in removeSpuriousFiles, preserving file /data/data/com.android.providers.downloads/cache/metadata-1552.htm
07-05 15:10:22.602   545 22364 I DownloadManager: in removeSpuriousFiles, preserving file /data/data/com.android.providers.downloads/cache/metadata-112.htm
07-05 15:10:22.606   545 22364 I DownloadManager: in removeSpuriousFiles, preserving file /data/data/com.android.providers.downloads/cache/metadata-1067.htm
07-05 15:10:22.606   545 22364 I DownloadManager: in removeSpuriousFiles, preserving file /data/data/com.android.providers.downloads/cache/metadata-1910.htm
07-05 15:10:22.606   545 22364 I DownloadManager: in removeSpuriousFiles, preserving file /data/data/com.android.providers.downloads/cache/metadata-183.htm
07-05 15:10:22.606   545 22364 I DownloadManager: in removeSpuriousFiles, preserving file /data/data/com.android.providers.downloads/cache/metadata-619.htm
07-05 15:10:22.610   545 22364 I DownloadManager: in removeSpuriousFiles, preserving file /data/data/com.android.providers.downloads/cache/metadata-308.htm
07-05 15:10:22.610   545 22364 I DownloadManager: in removeSpuriousFiles, preserving file /data/data/com.android.providers.downloads/cache/metadata-1171.htm
07-05 15:10:22.610   545 22364 I DownloadManager: in removeSpuriousFiles, preserving file /data/data/com.android.providers.downloads/cache/metadata-1487.htm
07-05 15:10:22.610   545 22364 I DownloadManager: in removeSpuriousFiles, preserving file /data/data/com.android.providers.downloads/cache/metadata-888.htm
07-05 15:10:22.614   545 22364 I DownloadManager: in removeSpuriousFiles, preserving file /data/data/com.android.providers.downloads/cache/metadata-1164.htm
07-05 15:10:22.614   545 22364 I DownloadManager: in removeSpuriousFiles, preserving file /data/data/com.android.providers.downloads/cache/metadata-1447.htm
07-05 15:10:22.614   545 22364 I DownloadManager: in removeSpuriousFiles, preserving file /data/data/com.android.providers.downloads/cache/metadata-477.htm
07-05 15:10:22.614   545 22364 I DownloadManager: in removeSpuriousFiles, preserving file /data/data/com.android.providers.downloads/cache/metadata-1267.htm
07-05 15:10:22.614   545 22364 I DownloadManager: in removeSpuriousFiles, preserving file /data/data/com.android.providers.downloads/cache/metadata-1717.htm
07-05 15:10:22.618   545 22364 I DownloadManager: in removeSpuriousFiles, preserving file /data/data/com.android.providers.downloads/cache/metadata-386.htm
07-05 15:10:22.618   545 22364 I DownloadManager: in removeSpuriousFiles, preserving file /data/data/com.android.providers.downloads/cache/metadata-1059.htm
07-05 15:10:22.618   545 22364 I DownloadManager: in removeSpuriousFiles, preserving file /data/data/com.android.providers.downloads/cache/metadata-915.htm
07-05 15:10:22.622   545 22364 I DownloadManager: in removeSpuriousFiles, preserving file /data/data/com.android.providers.downloads/cache/metadata-493.htm
07-05 15:10:22.622   545 22364 I DownloadManager: in removeSpuriousFiles, preserving file /data/data/com.android.providers.downloads/cache/metadata-2036.htm
07-05 15:10:22.622   545 22364 I DownloadManager: in removeSpuriousFiles, preserving file /data/data/com.android.providers.downloads/cache/metadata-1655.htm
07-05 15:10:22.622   545 22364 I DownloadManager: in removeSpuriousFiles, preserving file /data/data/com.android.providers.downloads/cache/metadata-1250.htm
07-05 15:10:22.626   545 22364 I DownloadManager: in removeSpuriousFiles, preserving file /data/data/com.android.providers.downloads/cache/metadata-1217.htm
07-05 15:10:22.626   545 22364 I DownloadManager: in removeSpuriousFiles, preserving file /data/data/com.android.providers.downloads/cache/metadata-1542.htm
07-05 15:10:22.626   545 22364 I DownloadManager: in removeSpuriousFiles, preserving file /data/data/com.android.providers.downloads/cache/metadata-492.htm
07-05 15:10:22.626   545 22364 I DownloadManager: in removeSpuriousFiles, preserving file /data/data/com.android.providers.downloads/cache/metadata-1843.htm
07-05 15:10:22.630   545 22364 I DownloadManager: in removeSpuriousFiles, preserving file /data/data/com.android.providers.downloads/cache/metadata-1561.htm
07-05 15:10:22.630   545 22364 I DownloadManager: in removeSpuriousFiles, preserving file /data/data/com.android.providers.downloads/cache/metadata-509.htm
07-05 15:10:22.630   545 22364 I DownloadManager: in removeSpuriousFiles, preserving file /data/data/com.android.providers.downloads/cache/metadata-2167.htm
07-05 15:10:22.630   545 22364 I DownloadManager: in removeSpuriousFiles, preserving file /data/data/com.android.providers.downloads/cache/metadata-864.htm
07-05 15:10:22.630   545 22364 I DownloadManager: in removeSpuriousFiles, preserving file /data/data/com.android.providers.downloads/cache/metadata-1066.htm
07-05 15:10:22.634   545 22364 I DownloadManager: in removeSpuriousFiles, preserving file /data/data/com.android.providers.downloads/cache/metadata-1105.htm
07-05 15:10:22.634   545 22364 I DownloadManager: in removeSpuriousFiles, preserving file /data/data/com.android.providers.downloads/cache/metadata-1127.htm
07-05 15:10:22.634   545 22364 I DownloadManager: in removeSpuriousFiles, preserving file /data/data/com.android.providers.downloads/cache/metadata-1319.htm
07-05 15:10:22.634   545 22364 I DownloadManager: in removeSpuriousFiles, preserving file /data/data/com.android.providers.downloads/cache/metadata-1863.htm
07-05 15:10:22.637   545 22364 I DownloadManager: in removeSpuriousFiles, preserving file /data/data/com.android.providers.downloads/cache/metadata-1591.htm
07-05 15:10:22.637   545 22364 I DownloadManager: in removeSpuriousFiles, preserving file /data/data/com.android.providers.downloads/cache/metadata-1074.htm
07-05 15:10:22.637   545 22364 I DownloadManager: in removeSpuriousFiles, preserving file /data/data/com.android.providers.downloads/cache/metadata-846.htm
07-05 15:10:22.645   545 22364 I DownloadManager: in removeSpuriousFiles, preserving file /data/data/com.android.providers.downloads/cache/metadata-532.htm
07-05 15:10:22.645   545 22364 I DownloadManager: in removeSpuriousFiles, preserving file /data/data/com.android.providers.downloads/cache/metadata-1483.htm
07-05 15:10:22.649   545 22364 I DownloadManager: in removeSpuriousFiles, preserving file /data/data/com.android.providers.downloads/cache/metadata-508.htm
07-05 15:10:22.649   545 22364 I DownloadManager: in removeSpuriousFiles, preserving file /data/data/com.android.providers.downloads/cache/metadata-1091.htm
07-05 15:10:22.653   545 22364 I DownloadManager: in removeSpuriousFiles, preserving file /data/data/com.android.providers.downloads/cache/metadata-993.htm
07-05 15:10:22.653   545 22364 I DownloadManager: in removeSpuriousFiles, preserving file /data/data/com.android.providers.downloads/cache/metadata-719.htm
07-05 15:10:22.657   545 22364 I DownloadManager: in removeSpuriousFiles, preserving file /data/data/com.android.providers.downloads/cache/metadata-1514.htm
07-05 15:10:22.657   545 22364 I DownloadManager: in removeSpuriousFiles, preserving file /data/data/com.android.providers.downloads/cache/metadata-980.htm
07-05 15:10:22.661   545 22364 I DownloadManager: in removeSpuriousFiles, preserving file /data/data/com.android.providers.downloads/cache/metadata-1830.htm
07-05 15:10:22.661   545 22364 I DownloadManager: in removeSpuriousFiles, preserving file /data/data/com.android.providers.downloads/cache/metadata-1697.htm
07-05 15:10:22.661   545 22364 I DownloadManager: in removeSpuriousFiles, preserving file /data/data/com.android.providers.downloads/cache/metadata-1167.htm
07-05 15:10:22.665   545 22364 I DownloadManager: in removeSpuriousFiles, preserving file /data/data/com.android.providers.downloads/cache/metadata-582.htm
07-05 15:10:22.665   545 22364 I DownloadManager: in removeSpuriousFiles, preserving file /data/data/com.android.providers.downloads/cache/metadata-2.htm
07-05 15:10:22.665   545 22364 I DownloadManager: in removeSpuriousFiles, preserving file /data/data/com.android.providers.downloads/cache/metadata-29.htm
07-05 15:10:22.665   545 22364 I DownloadManager: in removeSpuriousFiles, preserving file /data/data/com.android.providers.downloads/cache/metadata-28.htm
07-05 15:10:22.669   545 22364 I DownloadManager: in removeSpuriousFiles, preserving file /data/data/com.android.providers.downloads/cache/metadata-8.htm
07-05 15:10:22.669   545 22364 I DownloadManager: in removeSpuriousFiles, preserving file /data/data/com.android.providers.downloads/cache/metadata-19.htm
07-05 15:10:22.669   545 22364 I DownloadManager: in removeSpuriousFiles, preserving file /data/data/com.android.providers.downloads/cache/metadata-47.htm
07-05 15:10:22.669   545 22364 I DownloadManager: in removeSpuriousFiles, preserving file /data/data/com.android.providers.downloads/cache/metadata-46.htm
07-05 15:10:22.669   545 22364 I DownloadManager: in removeSpuriousFiles, preserving file /data/data/com.android.providers.downloads/cache/metadata-33.htm
07-05 15:10:22.669   545 22364 I DownloadManager: in removeSpuriousFiles, preserving file /data/data/com.android.providers.downloads/cache/metadata-34.htm
07-05 15:10:22.669   545 22364 I DownloadManager: in removeSpuriousFiles, preserving file /data/data/com.android.providers.downloads/cache/metadata-420.htm
07-05 15:10:22.669   545 22364 I DownloadManager: in removeSpuriousFiles, preserving file /data/data/com.android.providers.downloads/cache/metadata-469.htm
07-05 15:10:22.673   545 22364 I DownloadManager: in removeSpuriousFiles, preserving file /data/data/com.android.providers.downloads/cache/metadata-92.htm
07-05 15:10:22.673   545 22364 I DownloadManager: in removeSpuriousFiles, preserving file /data/data/com.android.providers.downloads/cache/metadata-190.htm
07-05 15:10:22.673   545 22364 I DownloadManager: in removeSpuriousFiles, preserving file /data/data/com.android.providers.downloads/cache/metadata-36.htm
07-05 15:10:22.673   545 22364 I DownloadManager: in removeSpuriousFiles, preserving file /data/data/com.android.providers.downloads/cache/metadata-110.htm
07-05 15:10:22.673   545 22364 I DownloadManager: in removeSpuriousFiles, preserving file /data/data/com.android.providers.downloads/cache/metadata-1743.htm
07-05 15:10:22.673   545 22364 I DownloadManager: in removeSpuriousFiles, preserving file /data/data/com.android.providers.downloads/cache/metadata-66.htm
07-05 15:10:22.673   545 22364 I DownloadManager: in removeSpuriousFiles, preserving file /data/data/com.android.providers.downloads/cache/metadata-86.htm
07-05 15:10:22.676   545 22364 I DownloadManager: in removeSpuriousFiles, preserving file /data/data/com.android.providers.downloads/cache/metadata-309.htm
07-05 15:10:22.676   545 22364 I DownloadManager: in removeSpuriousFiles, preserving file /data/data/com.android.providers.downloads/cache/metadata-378.htm
07-05 15:10:22.676   545 22364 I DownloadManager: in removeSpuriousFiles, preserving file /data/data/com.android.providers.downloads/cache/metadata-483.htm
07-05 15:10:22.676   545 22364 I DownloadManager: in removeSpuriousFiles, preserving file /data/data/com.android.providers.downloads/cache/metadata-577.htm
07-05 15:10:22.676   545 22364 I DownloadManager: in removeSpuriousFiles, preserving file /data/data/com.android.providers.downloads/cache/metadata-360.htm
07-05 15:10:22.676   545 22364 I DownloadManager: in removeSpuriousFiles, preserving file /data/data/com.android.providers.downloads/cache/metadata-1213.htm
07-05 15:10:22.676   545 22364 I DownloadManager: in removeSpuriousFiles, preserving file /data/data/com.android.providers.downloads/cache/metadata-282.htm
07-05 15:10:22.680   545 22364 I DownloadManager: in removeSpuriousFiles, preserving file /data/data/com.android.providers.downloads/cache/metadata-256.htm
07-05 15:10:22.680   545 22364 I DownloadManager: in removeSpuriousFiles, preserving file /data/data/com.android.providers.downloads/cache/metadata-95.htm
07-05 15:10:22.680   545 22364 I DownloadManager: in removeSpuriousFiles, preserving file /data/data/com.android.providers.downloads/cache/metadata-267.htm
07-05 15:10:22.680   545 22364 I DownloadManager: in removeSpuriousFiles, preserving file /data/data/com.android.providers.downloads/cache/metadata-1162.htm
07-05 15:10:22.680   545 22364 I DownloadManager: in removeSpuriousFiles, preserving file /data/data/com.android.providers.downloads/cache/metadata-506.htm
07-05 15:10:22.680   545 22364 I DownloadManager: in removeSpuriousFiles, preserving file /data/data/com.android.providers.downloads/cache/metadata-287.htm
07-05 15:10:22.684   545 22364 I DownloadManager: in removeSpuriousFiles, preserving file /data/data/com.android.providers.downloads/cache/metadata-1818.htm
07-05 15:10:22.684   545 22364 I DownloadManager: in removeSpuriousFiles, preserving file /data/data/com.android.providers.downloads/cache/metadata-383.htm
07-05 15:10:22.684   545 22364 I DownloadManager: in removeSpuriousFiles, preserving file /data/data/com.android.providers.downloads/cache/metadata-396.htm
07-05 15:10:22.684   545 22364 I DownloadManager: in removeSpuriousFiles, preserving file /data/data/com.android.providers.downloads/cache/metadata-1956.htm
07-05 15:10:22.684   545 22364 I DownloadManager: in removeSpuriousFiles, preserving file /data/data/com.android.providers.downloads/cache/metadata-154.htm
07-05 15:10:22.684   545 22364 I DownloadManager: in removeSpuriousFiles, preserving file /data/data/com.android.providers.downloads/cache/metadata-339.htm
07-05 15:10:22.688   545 22364 I DownloadManager: in removeSpuriousFiles, preserving file /data/data/com.android.providers.downloads/cache/metadata-591.htm
07-05 15:10:22.688   545 22364 I DownloadManager: in removeSpuriousFiles, preserving file /data/data/com.android.providers.downloads/cache/metadata-253.htm
07-05 15:10:22.688   545 22364 I DownloadManager: in removeSpuriousFiles, preserving file /data/data/com.android.providers.downloads/cache/metadata-388.htm
07-05 15:10:22.688   545 22364 I DownloadManager: in removeSpuriousFiles, preserving file /data/data/com.android.providers.downloads/cache/metadata-364.htm
07-05 15:10:22.688   545 22364 I DownloadManager: in removeSpuriousFiles, preserving file /data/data/com.android.providers.downloads/cache/metadata-2026.htm
07-05 15:10:22.692   545 22364 I DownloadManager: in removeSpuriousFiles, preserving file /data/data/com.android.providers.downloads/cache/metadata-857.htm
07-05 15:10:22.692   545 22364 I DownloadManager: in removeSpuriousFiles, preserving file /data/data/com.android.providers.downloads/cache/metadata-423.htm
07-05 15:10:22.692   545 22364 I DownloadManager: in removeSpuriousFiles, preserving file /data/data/com.android.providers.downloads/cache/metadata-244.htm
07-05 15:10:22.692   545 22364 I DownloadManager: in removeSpuriousFiles, preserving file /data/data/com.android.providers.downloads/cache/metadata-507.htm
07-05 15:10:22.692   545 22364 I DownloadManager: in removeSpuriousFiles, preserving file /data/data/com.android.providers.downloads/cache/metadata-358.htm
07-05 15:10:22.696   545 22364 I DownloadManager: in removeSpuriousFiles, preserving file /data/data/com.android.providers.downloads/cache/metadata-1284.htm
07-05 15:10:22.696   545 22364 I DownloadManager: in removeSpuriousFiles, preserving file /data/data/com.android.providers.downloads/cache/metadata-1235.htm
07-05 15:10:22.696   545 22364 I DownloadManager: in removeSpuriousFiles, preserving file /data/data/com.android.providers.downloads/cache/metadata-1808.htm
07-05 15:10:22.696   545 22364 I DownloadManager: in removeSpuriousFiles, preserving file /data/data/com.android.providers.downloads/cache/metadata-293.htm
07-05 15:10:22.696   545 22364 I DownloadManager: in removeSpuriousFiles, preserving file /data/data/com.android.providers.downloads/cache/metadata-285.htm
07-05 15:10:22.696   545 22364 I DownloadManager: in removeSpuriousFiles, preserving file /data/data/com.android.providers.downloads/cache/metadata-191.htm
07-05 15:10:22.700   545 22364 I DownloadManager: in removeSpuriousFiles, preserving file /data/data/com.android.providers.downloads/cache/metadata-1166.htm
07-05 15:10:22.700   545 22364 I DownloadManager: in removeSpuriousFiles, preserving file /data/data/com.android.providers.downloads/cache/metadata-1032.htm
07-05 15:10:22.700   545 22364 I DownloadManager: in removeSpuriousFiles, preserving file /data/data/com.android.providers.downloads/cache/metadata-494.htm
07-05 15:10:22.700   545 22364 I DownloadManager: in removeSpuriousFiles, preserving file /data/data/com.android.providers.downloads/cache/metadata-571.htm
07-05 15:10:22.700   545 22364 I DownloadManager: in removeSpuriousFiles, preserving file /data/data/com.android.providers.downloads/cache/metadata-229.htm
07-05 15:10:22.704   545 22364 I DownloadManager: in removeSpuriousFiles, preserving file /data/data/com.android.providers.downloads/cache/metadata-578.htm
07-05 15:10:22.704   545 22364 I DownloadManager: in removeSpuriousFiles, preserving file /data/data/com.android.providers.downloads/cache/metadata-363.htm
07-05 15:10:22.704   545 22364 I DownloadManager: in removeSpuriousFiles, preserving file /data/data/com.android.providers.downloads/cache/metadata-316.htm
07-05 15:10:22.704   545 22364 I DownloadManager: in removeSpuriousFiles, preserving file /data/data/com.android.providers.downloads/cache/metadata-384.htm
07-05 15:10:22.704   545 22364 I DownloadManager: in removeSpuriousFiles, preserving file /data/data/com.android.providers.downloads/cache/metadata-258.htm
07-05 15:10:22.708   545 22364 I DownloadManager: in removeSpuriousFiles, preserving file /data/data/com.android.providers.downloads/cache/metadata-1616.htm
07-05 15:10:22.708   545 22364 I DownloadManager: in removeSpuriousFiles, preserving file /data/data/com.android.providers.downloads/cache/metadata-128.htm
07-05 15:10:22.708   545 22364 I DownloadManager: in removeSpuriousFiles, preserving file /data/data/com.android.providers.downloads/cache/metadata-1712.htm
07-05 15:10:22.708   545 22364 I DownloadManager: in removeSpuriousFiles, preserving file /data/data/com.android.providers.downloads/cache/metadata-260.htm
07-05 15:10:22.712   545 22364 I DownloadManager: in removeSpuriousFiles, preserving file /data/data/com.android.providers.downloads/cache/metadata-950.htm
07-05 15:10:22.712   545 22364 I DownloadManager: in removeSpuriousFiles, preserving file /data/data/com.android.providers.downloads/cache/metadata-891.htm
07-05 15:10:22.712   545 22364 I DownloadManager: in removeSpuriousFiles, preserving file /data/data/com.android.providers.downloads/cache/metadata-377.htm
07-05 15:10:22.712   545 22364 I DownloadManager: in removeSpuriousFiles, preserving file /data/data/com.android.providers.downloads/cache/metadata-403.htm
07-05 15:10:22.712   545 22364 I DownloadManager: in removeSpuriousFiles, preserving file /data/data/com.android.providers.downloads/cache/metadata-929.htm
07-05 15:10:22.716   545 22364 I DownloadManager: in removeSpuriousFiles, preserving file /data/data/com.android.providers.downloads/cache/metadata-280.htm
07-05 15:10:22.716   545 22364 I DownloadManager: in removeSpuriousFiles, preserving file /data/data/com.android.providers.downloads/cache/metadata-2063.htm
07-05 15:10:22.716   545 22364 I DownloadManager: in removeSpuriousFiles, preserving file /data/data/com.android.providers.downloads/cache/metadata-2079.htm
07-05 15:10:22.719   545 22364 I DownloadManager: in removeSpuriousFiles, preserving file /data/data/com.android.providers.downloads/cache/metadata-461.htm
07-05 15:10:22.719   545 22364 I DownloadManager: in removeSpuriousFiles, preserving file /data/data/com.android.providers.downloads/cache/metadata-1352.htm
07-05 15:10:22.719   545 22364 I DownloadManager: in removeSpuriousFiles, preserving file /data/data/com.android.providers.downloads/cache/metadata-484.htm
07-05 15:10:22.719   545 22364 I DownloadManager: in removeSpuriousFiles, preserving file /data/data/com.android.providers.downloads/cache/metadata-1088.htm
07-05 15:10:22.719   545 22364 I DownloadManager: in removeSpuriousFiles, preserving file /data/data/com.android.providers.downloads/cache/metadata-426.htm
07-05 15:10:22.723   545 22364 I DownloadManager: in removeSpuriousFiles, preserving file /data/data/com.android.providers.downloads/cache/metadata-1589.htm
07-05 15:10:22.723   545 22364 I DownloadManager: in removeSpuriousFiles, preserving file /data/data/com.android.providers.downloads/cache/metadata-438.htm
07-05 15:10:22.723   545 22364 I DownloadManager: in removeSpuriousFiles, preserving file /data/data/com.android.providers.downloads/cache/metadata-463.htm
07-05 15:10:22.723   545 22364 I DownloadManager: in removeSpuriousFiles, preserving file /data/data/com.android.providers.downloads/cache/metadata-69.htm
07-05 15:10:22.727   545 22364 I DownloadManager: in removeSpuriousFiles, preserving file /data/data/com.android.providers.downloads/cache/metadata-355.htm
07-05 15:10:22.727   545 22364 I DownloadManager: in removeSpuriousFiles, preserving file /data/data/com.android.providers.downloads/cache/metadata-1497.htm
07-05 15:10:22.727   545 22364 I DownloadManager: in removeSpuriousFiles, preserving file /data/data/com.android.providers.downloads/cache/metadata-1031.htm
07-05 15:10:22.727   545 22364 I DownloadManager: in removeSpuriousFiles, preserving file /data/data/com.android.providers.downloads/cache/metadata-1471.htm
07-05 15:10:22.727   545 22364 I DownloadManager: in removeSpuriousFiles, preserving file /data/data/com.android.providers.downloads/cache/metadata-468.htm
07-05 15:10:22.731   545 22364 I DownloadManager: in removeSpuriousFiles, preserving file /data/data/com.android.providers.downloads/cache/metadata-602.htm
07-05 15:10:22.731   545 22364 I DownloadManager: in removeSpuriousFiles, preserving file /data/data/com.android.providers.downloads/cache/metadata-967.htm
07-05 15:10:22.731   545 22364 I DownloadManager: in removeSpuriousFiles, preserving file /data/data/com.android.providers.downloads/cache/metadata-536.htm
07-05 15:10:22.735   545 22364 I DownloadManager: in removeSpuriousFiles, preserving file /data/data/com.android.providers.downloads/cache/metadata-1116.htm
07-05 15:10:22.735   545 22364 I DownloadManager: in removeSpuriousFiles, preserving file /data/data/com.android.providers.downloads/cache/metadata-524.htm
07-05 15:10:22.735   545 22364 I DownloadManager: in removeSpuriousFiles, preserving file /data/data/com.android.providers.downloads/cache/metadata-517.htm
07-05 15:10:22.735   545 22364 I DownloadManager: in removeSpuriousFiles, preserving file /data/data/com.android.providers.downloads/cache/metadata-2118.htm
07-05 15:10:22.739   545 22364 I DownloadManager: in removeSpuriousFiles, preserving file /data/data/com.android.providers.downloads/cache/metadata-1033.htm
07-05 15:10:22.739   545 22364 I DownloadManager: in removeSpuriousFiles, preserving file /data/data/com.android.providers.downloads/cache/metadata-1841.htm
07-05 15:10:22.739   545 22364 I DownloadManager: in removeSpuriousFiles, preserving file /data/data/com.android.providers.downloads/cache/metadata-2012.htm
07-05 15:10:22.739   545 22364 I DownloadManager: in removeSpuriousFiles, preserving file /data/data/com.android.providers.downloads/cache/metadata-1369.htm
07-05 15:10:22.743   545 22364 I DownloadManager: in removeSpuriousFiles, preserving file /data/data/com.android.providers.downloads/cache/metadata-1196.htm
07-05 15:10:22.743   545 22364 I DownloadManager: in removeSpuriousFiles, preserving file /data/data/com.android.providers.downloads/cache/metadata-1633.htm
07-05 15:10:22.743   545 22364 I DownloadManager: in removeSpuriousFiles, preserving file /data/data/com.android.providers.downloads/cache/metadata-1344.htm
07-05 15:10:22.747   545 22364 I DownloadManager: in removeSpuriousFiles, preserving file /data/data/com.android.providers.downloads/cache/metadata-2303.htm
07-05 15:10:22.747   545 22364 I DownloadManager: in removeSpuriousFiles, preserving file /data/data/com.android.providers.downloads/cache/metadata-898.htm
07-05 15:10:22.747   545 22364 I DownloadManager: in removeSpuriousFiles, preserving file /data/data/com.android.providers.downloads/cache/metadata-738.htm
07-05 15:10:22.747   545 22364 I DownloadManager: in removeSpuriousFiles, preserving file /data/data/com.android.providers.downloads/cache/metadata-1102.htm
07-05 15:10:22.751   545 22364 I DownloadManager: in removeSpuriousFiles, preserving file /data/data/com.android.providers.downloads/cache/metadata-669.htm
07-05 15:10:22.751   545 22364 I DownloadManager: in removeSpuriousFiles, preserving file /data/data/com.android.providers.downloads/cache/metadata-553.htm
07-05 15:10:22.751   545 22364 I DownloadManager: in removeSpuriousFiles, preserving file /data/data/com.android.providers.downloads/cache/metadata-620.htm
07-05 15:10:22.755   545 22364 I DownloadManager: in removeSpuriousFiles, preserving file /data/data/com.android.providers.downloads/cache/metadata-874.htm
07-05 15:10:22.755   545 22364 I DownloadManager: in removeSpuriousFiles, preserving file /data/data/com.android.providers.downloads/cache/metadata-1649.htm
07-05 15:10:22.755   545 22364 I DownloadManager: in removeSpuriousFiles, preserving file /data/data/com.android.providers.downloads/cache/metadata-1481.htm
07-05 15:10:22.759   545 22364 I DownloadManager: in removeSpuriousFiles, preserving file /data/data/com.android.providers.downloads/cache/metadata-642.htm
07-05 15:10:22.759   545 22364 I DownloadManager: in removeSpuriousFiles, preserving file /data/data/com.android.providers.downloads/cache/metadata-458.htm
07-05 15:10:22.759   545 22364 I DownloadManager: in removeSpuriousFiles, preserving file /data/data/com.android.providers.downloads/cache/metadata-1269.htm
07-05 15:10:22.762   545 22364 I DownloadManager: in removeSpuriousFiles, preserving file /data/data/com.android.providers.downloads/cache/metadata-1842.htm
07-05 15:10:22.762   545 22364 I DownloadManager: in removeSpuriousFiles, preserving file /data/data/com.android.providers.downloads/cache/metadata-389.htm
07-05 15:10:22.762   545 22364 I DownloadManager: in removeSpuriousFiles, preserving file /data/data/com.android.providers.downloads/cache/metadata-784.htm
07-05 15:10:22.766   545 22364 I DownloadManager: in removeSpuriousFiles, preserving file /data/data/com.android.providers.downloads/cache/metadata-10.htm
07-05 15:10:22.766   545 22364 I DownloadManager: in removeSpuriousFiles, preserving file /data/data/com.android.providers.downloads/cache/metadata-575.htm
07-05 15:10:22.766   545 22364 I DownloadManager: in removeSpuriousFiles, preserving file /data/data/com.android.providers.downloads/cache/metadata-5.htm
07-05 15:10:22.766   545 22364 I DownloadManager: in removeSpuriousFiles, preserving file /data/data/com.android.providers.downloads/cache/metadata-166.htm
07-05 15:10:22.766   545 22364 I DownloadManager: in removeSpuriousFiles, preserving file /data/data/com.android.providers.downloads/cache/metadata-1976.htm
07-05 15:10:22.766   545 22364 I DownloadManager: in removeSpuriousFiles, preserving file /data/data/com.android.providers.downloads/cache/metadata-15.htm
07-05 15:10:22.766   545 22364 I DownloadManager: in removeSpuriousFiles, preserving file /data/data/com.android.providers.downloads/cache/metadata-596.htm
07-05 15:10:22.770   545 22364 I DownloadManager: in removeSpuriousFiles, preserving file /data/data/com.android.providers.downloads/cache/metadata-21.htm
07-05 15:10:22.770   545 22364 I DownloadManager: in removeSpuriousFiles, preserving file /data/data/com.android.providers.downloads/cache/metadata-290.htm
07-05 15:10:22.770   545 22364 I DownloadManager: in removeSpuriousFiles, preserving file /data/data/com.android.providers.downloads/cache/metadata-54.htm
07-05 15:10:22.770   545 22364 I DownloadManager: in removeSpuriousFiles, preserving file /data/data/com.android.providers.downloads/cache/metadata-523.htm
07-05 15:10:22.770   545 22364 I DownloadManager: in removeSpuriousFiles, preserving file /data/data/com.android.providers.downloads/cache/metadata-59.htm
07-05 15:10:22.770   545 22364 I DownloadManager: in removeSpuriousFiles, preserving file /data/data/com.android.providers.downloads/cache/metadata-98.htm
07-05 15:10:22.770   545 22364 I DownloadManager: in removeSpuriousFiles, preserving file /data/data/com.android.providers.downloads/cache/metadata-222.htm
07-05 15:10:22.774   545 22364 I DownloadManager: in removeSpuriousFiles, preserving file /data/data/com.android.providers.downloads/cache/metadata-178.htm
07-05 15:10:22.774   545 22364 I DownloadManager: in removeSpuriousFiles, preserving file /data/data/com.android.providers.downloads/cache/metadata-106.htm
07-05 15:10:22.774   545 22364 I DownloadManager: in removeSpuriousFiles, preserving file /data/data/com.android.providers.downloads/cache/metadata-56.htm
07-05 15:10:22.774   545 22364 I DownloadManager: in removeSpuriousFiles, preserving file /data/data/com.android.providers.downloads/cache/metadata-381.htm
07-05 15:10:22.774   545 22364 I DownloadManager: in removeSpuriousFiles, preserving file /data/data/com.android.providers.downloads/cache/metadata-512.htm
07-05 15:10:22.774   545 22364 I DownloadManager: in removeSpuriousFiles, preserving file /data/data/com.android.providers.downloads/cache/metadata-1431.htm
07-05 15:10:22.778   545 22364 I DownloadManager: in removeSpuriousFiles, preserving file /data/data/com.android.providers.downloads/cache/metadata-1549.htm
07-05 15:10:22.778   545 22364 I DownloadManager: in removeSpuriousFiles, preserving file /data/data/com.android.providers.downloads/cache/metadata-108.htm
07-05 15:10:22.778   545 22364 I DownloadManager: in removeSpuriousFiles, preserving file /data/data/com.android.providers.downloads/cache/metadata-547.htm
07-05 15:10:22.778   545 22364 I DownloadManager: in removeSpuriousFiles, preserving file /data/data/com.android.providers.downloads/cache/metadata-600.htm
07-05 15:10:22.778   545 22364 I DownloadManager: in removeSpuriousFiles, preserving file /data/data/com.android.providers.downloads/cache/metadata-790.htm
07-05 15:10:22.778   545 22364 I DownloadManager: in removeSpuriousFiles, preserving file /data/data/com.android.providers.downloads/cache/metadata-405.htm
07-05 15:10:22.778   545 22364 I DownloadManager: in removeSpuriousFiles, preserving file /data/data/com.android.providers.downloads/cache/metadata-239.htm
07-05 15:10:22.782   545 22364 I DownloadManager: in removeSpuriousFiles, preserving file /data/data/com.android.providers.downloads/cache/metadata-200.htm
07-05 15:10:22.782   545 22364 I DownloadManager: in removeSpuriousFiles, preserving file /data/data/com.android.providers.downloads/cache/metadata-584.htm
07-05 15:10:22.782   545 22364 I DownloadManager: in removeSpuriousFiles, preserving file /data/data/com.android.providers.downloads/cache/metadata-192.htm
07-05 15:10:22.782   545 22364 I DownloadManager: in removeSpuriousFiles, preserving file /data/data/com.android.providers.downloads/cache/metadata-682.htm
07-05 15:10:22.782   545 22364 I DownloadManager: in removeSpuriousFiles, preserving file /data/data/com.android.providers.downloads/cache/metadata-1312.htm
07-05 15:10:22.782   545 22364 I DownloadManager: in removeSpuriousFiles, preserving file /data/data/com.android.providers.downloads/cache/metadata-136.htm
07-05 15:10:22.786   545 22364 I DownloadManager: in removeSpuriousFiles, preserving file /data/data/com.android.providers.downloads/cache/metadata-223.htm
07-05 15:10:22.786   545 22364 I DownloadManager: in removeSpuriousFiles, preserving file /data/data/com.android.providers.downloads/cache/metadata-870.htm
07-05 15:10:22.786   545 22364 I DownloadManager: in removeSpuriousFiles, preserving file /data/data/com.android.providers.downloads/cache/metadata-347.htm
07-05 15:10:22.790   545 22364 I DownloadManager: in removeSpuriousFiles, preserving file /data/data/com.android.providers.downloads/cache/metadata-424.htm
07-05 15:10:22.790   545 22364 I DownloadManager: in removeSpuriousFiles, preserving file /data/data/com.android.providers.downloads/cache/metadata-1786.htm
07-05 15:10:22.790   545 22364 I DownloadManager: in removeSpuriousFiles, preserving file /data/data/com.android.providers.downloads/cache/metadata-1043.htm
07-05 15:10:22.790   545 22364 I DownloadManager: in removeSpuriousFiles, preserving file /data/data/com.android.providers.downloads/cache/metadata-1247.htm
07-05 15:10:22.790   545 22364 I DownloadManager: in removeSpuriousFiles, preserving file /data/data/com.android.providers.downloads/cache/metadata-443.htm
07-05 15:10:22.794   545 22364 I DownloadManager: in removeSpuriousFiles, preserving file /data/data/com.android.providers.downloads/cache/metadata-1187.htm
07-05 15:10:22.794   545 22364 I DownloadManager: in removeSpuriousFiles, preserving file /data/data/com.android.providers.downloads/cache/metadata-1229.htm
07-05 15:10:22.794   545 22364 I DownloadManager: in removeSpuriousFiles, preserving file /data/data/com.android.providers.downloads/cache/metadata-1612.htm
07-05 15:10:22.794   545 22364 I DownloadManager: in removeSpuriousFiles, preserving file /data/data/com.android.providers.downloads/cache/metadata-455.htm
07-05 15:10:22.794   545 22364 I DownloadManager: in removeSpuriousFiles, preserving file /data/data/com.android.providers.downloads/cache/metadata-780.htm
07-05 15:10:22.794   545 22364 I DownloadManager: in removeSpuriousFiles, preserving file /data/data/com.android.providers.downloads/cache/metadata-1515.htm
07-05 15:10:22.798   545 22364 I DownloadManager: in removeSpuriousFiles, preserving file /data/data/com.android.providers.downloads/cache/metadata-934.htm
07-05 15:10:22.798   545 22364 I DownloadManager: in removeSpuriousFiles, preserving file /data/data/com.android.providers.downloads/cache/metadata-417.htm
07-05 15:10:22.798   545 22364 I DownloadManager: in removeSpuriousFiles, preserving file /data/data/com.android.providers.downloads/cache/metadata-279.htm
07-05 15:10:22.798   545 22364 I DownloadManager: in removeSpuriousFiles, preserving file /data/data/com.android.providers.downloads/cache/metadata-1418.htm
07-05 15:10:22.798   545 22364 I DownloadManager: in removeSpuriousFiles, preserving file /data/data/com.android.providers.downloads/cache/metadata-1897.htm
07-05 15:10:22.801   545 22364 I DownloadManager: in removeSpuriousFiles, preserving file /data/data/com.android.providers.downloads/cache/metadata-1095.htm
07-05 15:10:22.801   545 22364 I DownloadManager: in removeSpuriousFiles, preserving file /data/data/com.android.providers.downloads/cache/metadata-487.htm
07-05 15:10:22.801   545 22364 I DownloadManager: in removeSpuriousFiles, preserving file /data/data/com.android.providers.downloads/cache/metadata-1651.htm
07-05 15:10:22.801   545 22364 I DownloadManager: in removeSpuriousFiles, preserving file /data/data/com.android.providers.downloads/cache/metadata-410.htm
07-05 15:10:22.801   545 22364 I DownloadManager: in removeSpuriousFiles, preserving file /data/data/com.android.providers.downloads/cache/metadata-1040.htm
07-05 15:10:22.805   545 22364 I DownloadManager: in removeSpuriousFiles, preserving file /data/data/com.android.providers.downloads/cache/metadata-435.htm
07-05 15:10:22.805   545 22364 I DownloadManager: in removeSpuriousFiles, preserving file /data/data/com.android.providers.downloads/cache/metadata-1016.htm
07-05 15:10:22.805   545 22364 I DownloadManager: in removeSpuriousFiles, preserving file /data/data/com.android.providers.downloads/cache/metadata-452.htm
07-05 15:10:22.805   545 22364 I DownloadManager: in removeSpuriousFiles, preserving file /data/data/com.android.providers.downloads/cache/metadata-221.htm
07-05 15:10:22.805   545 22364 I DownloadManager: in removeSpuriousFiles, preserving file /data/data/com.android.providers.downloads/cache/metadata-815.htm
07-05 15:10:22.809   545 22364 I DownloadManager: in removeSpuriousFiles, preserving file /data/data/com.android.providers.downloads/cache/metadata-332.htm
07-05 15:10:22.809   545 22364 I DownloadManager: in removeSpuriousFiles, preserving file /data/data/com.android.providers.downloads/cache/metadata-341.htm
07-05 15:10:22.809   545 22364 I DownloadManager: in removeSpuriousFiles, preserving file /data/data/com.android.providers.downloads/cache/metadata-604.htm
07-05 15:10:22.809   545 22364 I DownloadManager: in removeSpuriousFiles, preserving file /data/data/com.android.providers.downloads/cache/metadata-570.htm
07-05 15:10:22.809   545 22364 I DownloadManager: in removeSpuriousFiles, preserving file /data/data/com.android.providers.downloads/cache/metadata-433.htm
07-05 15:10:22.813   545 22364 I DownloadManager: in removeSpuriousFiles, preserving file /data/data/com.android.providers.downloads/cache/metadata-1126.htm
07-05 15:10:22.813   545 22364 I DownloadManager: in removeSpuriousFiles, preserving file /data/data/com.android.providers.downloads/cache/metadata-1855.htm
07-05 15:10:22.813   545 22364 I DownloadManager: in removeSpuriousFiles, preserving file /data/data/com.android.providers.downloads/cache/metadata-100.htm
07-05 15:10:22.813   545 22364 I DownloadManager: in removeSpuriousFiles, preserving file /data/data/com.android.providers.downloads/cache/metadata-558.htm
07-05 15:10:22.813   545 22364 I DownloadManager: in removeSpuriousFiles, preserving file /data/data/com.android.providers.downloads/cache/metadata-634.htm
07-05 15:10:22.817   545 22364 I DownloadManager: in removeSpuriousFiles, preserving file /data/data/com.android.providers.downloads/cache/metadata-1959.htm
07-05 15:10:22.817   545 22364 I DownloadManager: in removeSpuriousFiles, preserving file /data/data/com.android.providers.downloads/cache/metadata-1290.htm
07-05 15:10:22.817   545 22364 I DownloadManager: in removeSpuriousFiles, preserving file /data/data/com.android.providers.downloads/cache/metadata-407.htm
07-05 15:10:22.817   545 22364 I DownloadManager: in removeSpuriousFiles, preserving file /data/data/com.android.providers.downloads/cache/metadata-1553.htm
07-05 15:10:22.821   545 22364 I DownloadManager: in removeSpuriousFiles, preserving file /data/data/com.android.providers.downloads/cache/metadata-1776.htm
07-05 15:10:22.821   545 22364 I DownloadManager: in removeSpuriousFiles, preserving file /data/data/com.android.providers.downloads/cache/metadata-1328.htm
07-05 15:10:22.821   545 22364 I DownloadManager: in removeSpuriousFiles, preserving file /data/data/com.android.providers.downloads/cache/metadata-2095.htm
07-05 15:10:22.821   545 22364 I DownloadManager: in removeSpuriousFiles, preserving file /data/data/com.android.providers.downloads/cache/metadata-1734.htm
07-05 15:10:22.821   545 22364 I DownloadManager: in removeSpuriousFiles, preserving file /data/data/com.android.providers.downloads/cache/metadata-1024.htm
07-05 15:10:22.825   545 22364 I DownloadManager: in removeSpuriousFiles, preserving file /data/data/com.android.providers.downloads/cache/metadata-559.htm
07-05 15:10:22.825   545 22364 I DownloadManager: in removeSpuriousFiles, preserving file /data/data/com.android.providers.downloads/cache/metadata-1353.htm
07-05 15:10:22.825   545 22364 I DownloadManager: in removeSpuriousFiles, preserving file /data/data/com.android.providers.downloads/cache/metadata-1327.htm
07-05 15:10:22.825   545 22364 I DownloadManager: in removeSpuriousFiles, preserving file /data/data/com.android.providers.downloads/cache/metadata-691.htm
07-05 15:10:22.825   545 22364 I DownloadManager: in removeSpuriousFiles, preserving file /data/data/com.android.providers.downloads/cache/metadata-2704.htm
07-05 15:10:22.829   545 22364 I DownloadManager: in removeSpuriousFiles, preserving file /data/data/com.android.providers.downloads/cache/metadata-1144.htm
07-05 15:10:22.829   545 22364 I DownloadManager: in removeSpuriousFiles, preserving file /data/data/com.android.providers.downloads/cache/metadata-1681.htm
07-05 15:10:22.829   545 22364 I DownloadManager: in removeSpuriousFiles, preserving file /data/data/com.android.providers.downloads/cache/metadata-595.htm
07-05 15:10:22.829   545 22364 I DownloadManager: in removeSpuriousFiles, preserving file /data/data/com.android.providers.downloads/cache/metadata-648.htm
07-05 15:10:22.833   545 22364 I DownloadManager: in removeSpuriousFiles, preserving file /data/data/com.android.providers.downloads/cache/metadata-1140.htm
07-05 15:10:22.833   545 22364 I DownloadManager: in removeSpuriousFiles, preserving file /data/data/com.android.providers.downloads/cache/metadata-541.htm
07-05 15:10:22.833   545 22364 I DownloadManager: in removeSpuriousFiles, preserving file /data/data/com.android.providers.downloads/cache/metadata-1347.htm
07-05 15:10:22.833   545 22364 I DownloadManager: in removeSpuriousFiles, preserving file /data/data/com.android.providers.downloads/cache/metadata-1135.htm
07-05 15:10:22.837   545 22364 I DownloadManager: in removeSpuriousFiles, preserving file /data/data/com.android.providers.downloads/cache/metadata-502.htm
07-05 15:10:22.837   545 22364 I DownloadManager: in removeSpuriousFiles, preserving file /data/data/com.android.providers.downloads/cache/metadata-1954.htm
07-05 15:10:22.837   545 22364 I DownloadManager: in removeSpuriousFiles, preserving file /data/data/com.android.providers.downloads/cache/metadata-464.htm
07-05 15:10:22.837   545 22364 I DownloadManager: in removeSpuriousFiles, preserving file /data/data/com.android.providers.downloads/cache/metadata-454.htm
07-05 15:10:22.841   545 22364 I DownloadManager: in removeSpuriousFiles, preserving file /data/data/com.android.providers.downloads/cache/metadata-500.htm
07-05 15:10:22.841   545 22364 I DownloadManager: in removeSpuriousFiles, preserving file /data/data/com.android.providers.downloads/cache/metadata-920.htm
07-05 15:10:22.841   545 22364 I DownloadManager: in removeSpuriousFiles, preserving file /data/data/com.android.providers.downloads/cache/metadata-393.htm
07-05 15:10:22.841   545 22364 I DownloadManager: in removeSpuriousFiles, preserving file /data/data/com.android.providers.downloads/cache/metadata-574.htm
07-05 15:10:22.860   545 22364 I DownloadManager: in removeSpuriousFiles, preserving file /data/data/com.android.providers.downloads/cache/metadata-1129.htm
07-05 15:10:22.860   545 22364 I DownloadManager: in removeSpuriousFiles, preserving file /data/data/com.android.providers.downloads/cache/metadata-496.htm
07-05 15:10:22.860   545 22364 I DownloadManager: in removeSpuriousFiles, preserving file /data/data/com.android.providers.downloads/cache/metadata-1593.htm
07-05 15:10:22.860   545 22364 I DownloadManager: in removeSpuriousFiles, preserving file /data/data/com.android.providers.downloads/cache/metadata-1070.htm
07-05 15:10:22.860   545 22364 I DownloadManager: in removeSpuriousFiles, preserving file /data/data/com.android.providers.downloads/cache/metadata-1090.htm
07-05 15:10:22.860   545 22364 I DownloadManager: in removeSpuriousFiles, preserving file /data/data/com.android.providers.downloads/cache/metadata-1366.htm
07-05 15:10:22.860   545 22364 I DownloadManager: in removeSpuriousFiles, preserving file /data/data/com.android.providers.downloads/cache/metadata-2129.htm
07-05 15:10:22.868   545 22364 I DownloadManager: in removeSpuriousFiles, preserving file /data/data/com.android.providers.downloads/cache/metadata-1456.htm
07-05 15:10:22.868   545 22364 I DownloadManager: in removeSpuriousFiles, preserving file /data/data/com.android.providers.downloads/cache/metadata-723.htm
07-05 15:10:22.872   545 22364 I DownloadManager: in removeSpuriousFiles, preserving file /data/data/com.android.providers.downloads/cache/metadata-984.htm
07-05 15:10:22.872   545 22364 I DownloadManager: in removeSpuriousFiles, preserving file /data/data/com.android.providers.downloads/cache/metadata-1076.htm
07-05 15:10:22.876   545 22364 I DownloadManager: in removeSpuriousFiles, preserving file /data/data/com.android.providers.downloads/cache/metadata-1349.htm
07-05 15:10:22.880   545 22364 I DownloadManager: in removeSpuriousFiles, preserving file /data/data/com.android.providers.downloads/cache/metadata-689.htm
07-05 15:10:22.880   545 22364 I DownloadManager: in removeSpuriousFiles, preserving file /data/data/com.android.providers.downloads/cache/metadata-1955.htm
07-05 15:10:22.884   545 22364 I DownloadManager: in removeSpuriousFiles, preserving file /data/data/com.android.providers.downloads/cache/metadata-425.htm
07-05 15:10:22.887   545 22364 I DownloadManager: in removeSpuriousFiles, preserving file /data/data/com.android.providers.downloads/cache/metadata-936.htm
07-05 15:10:22.887   545 22364 I DownloadManager: in removeSpuriousFiles, preserving file /data/data/com.android.providers.downloads/cache/metadata-1595.htm
07-05 15:10:22.891   545 22364 I DownloadManager: in removeSpuriousFiles, preserving file /data/data/com.android.providers.downloads/cache/metadata-1057.htm
07-05 15:10:22.891   545 22364 I DownloadManager: in removeSpuriousFiles, preserving file /data/data/com.android.providers.downloads/cache/metadata-1120.htm
07-05 15:10:22.895   545 22364 I DownloadManager: in removeSpuriousFiles, preserving file /data/data/com.android.providers.downloads/cache/metadata-1931.htm
07-05 15:10:22.899   545 22364 I DownloadManager: in removeSpuriousFiles, preserving file /data/data/com.android.providers.downloads/cache/metadata-1172.htm
07-05 15:10:22.903   545 22364 I DownloadManager: in removeSpuriousFiles, preserving file /data/data/com.android.providers.downloads/cache/metadata-1644.htm
07-05 15:10:22.903   545 22364 I DownloadManager: in removeSpuriousFiles, preserving file /data/data/com.android.providers.downloads/cache/metadata-1293.htm
07-05 15:10:22.903   545 22364 I DownloadManager: in removeSpuriousFiles, preserving file /data/data/com.android.providers.downloads/cache/metadata-9.htm
07-05 15:10:22.907   545 22364 I DownloadManager: in removeSpuriousFiles, preserving file /data/data/com.android.providers.downloads/cache/metadata-24.htm
07-05 15:10:22.907   545 22364 I DownloadManager: in removeSpuriousFiles, preserving file /data/data/com.android.providers.downloads/cache/metadata-22.htm
07-05 15:10:22.907   545 22364 I DownloadManager: in removeSpuriousFiles, preserving file /data/data/com.android.providers.downloads/cache/metadata-1.htm
07-05 15:10:22.907   545 22364 I DownloadManager: in removeSpuriousFiles, preserving file /data/data/com.android.providers.downloads/cache/metadata-57.htm
07-05 15:10:22.907   545 22364 I DownloadManager: in removeSpuriousFiles, preserving file /data/data/com.android.providers.downloads/cache/metadata-37.htm
07-05 15:10:22.907   545 22364 I DownloadManager: in removeSpuriousFiles, preserving file /data/data/com.android.providers.downloads/cache/metadata-40.htm
07-05 15:10:22.907   545 22364 I DownloadManager: in removeSpuriousFiles, preserving file /data/data/com.android.providers.downloads/cache/metadata-44.htm
07-05 15:10:22.911   545 22364 I DownloadManager: in removeSpuriousFiles, preserving file /data/data/com.android.providers.downloads/cache/metadata-55.htm
07-05 15:10:22.911   545 22364 I DownloadManager: in removeSpuriousFiles, preserving file /data/data/com.android.providers.downloads/cache/metadata-917.htm
07-05 15:10:22.911   545 22364 I DownloadManager: in removeSpuriousFiles, preserving file /data/data/com.android.providers.downloads/cache/metadata-62.htm
07-05 15:10:22.911   545 22364 I DownloadManager: in removeSpuriousFiles, preserving file /data/data/com.android.providers.downloads/cache/metadata-460.htm
07-05 15:10:22.911   545 22364 I DownloadManager: in removeSpuriousFiles, preserving file /data/data/com.android.providers.downloads/cache/metadata-444.htm
07-05 15:10:22.915   545 22364 I DownloadManager: in removeSpuriousFiles, preserving file /data/data/com.android.providers.downloads/cache/metadata-302.htm
07-05 15:10:22.915   545 22364 I DownloadManager: in removeSpuriousFiles, preserving file /data/data/com.android.providers.downloads/cache/metadata-1325.htm
07-05 15:10:22.930   545 22364 I DownloadManager: in removeSpuriousFiles, preserving file /data/data/com.android.providers.downloads/cache/metadata-710.htm
07-05 15:10:22.930   545 22364 I DownloadManager: in removeSpuriousFiles, preserving file /data/data/com.android.providers.downloads/cache/metadata-401.htm
07-05 15:10:22.930   545 22364 I DownloadManager: in removeSpuriousFiles, preserving file /data/data/com.android.providers.downloads/cache/metadata-58.htm
07-05 15:10:22.930   545 22364 I DownloadManager: in removeSpuriousFiles, preserving file /data/data/com.android.providers.downloads/cache/metadata-67.htm
07-05 15:10:22.930   545 22364 I DownloadManager: in removeSpuriousFiles, preserving file /data/data/com.android.providers.downloads/cache/metadata-259.htm
07-05 15:10:22.930   545 22364 I DownloadManager: in removeSpuriousFiles, preserving file /data/data/com.android.providers.downloads/cache/metadata-1839.htm
07-05 15:10:22.930   545 22364 I DownloadManager: in removeSpuriousFiles, preserving file /data/data/com.android.providers.downloads/cache/metadata-549.htm
07-05 15:10:22.930   545 22364 I DownloadManager: in removeSpuriousFiles, preserving file /data/data/com.android.providers.downloads/cache/metadata-414.htm
07-05 15:10:22.930   545 22364 I DownloadManager: in removeSpuriousFiles, preserving file /data/data/com.android.providers.downloads/cache/metadata-129.htm
07-05 15:10:22.930   545 22364 I DownloadManager: in removeSpuriousFiles, preserving file /data/data/com.android.providers.downloads/cache/metadata-122.htm
07-05 15:10:22.930   545 22364 I DownloadManager: in removeSpuriousFiles, preserving file /data/data/com.android.providers.downloads/cache/metadata-131.htm
07-05 15:10:22.930   545 22364 I DownloadManager: in removeSpuriousFiles, preserving file /data/data/com.android.providers.downloads/cache/metadata-589.htm
07-05 15:10:22.934   545 22364 I DownloadManager: in removeSpuriousFiles, preserving file /data/data/com.android.providers.downloads/cache/metadata-504.htm
07-05 15:10:22.934   545 22364 I DownloadManager: in removeSpuriousFiles, preserving file /data/data/com.android.providers.downloads/cache/metadata-538.htm
07-05 15:10:22.934   545 22364 I DownloadManager: in removeSpuriousFiles, preserving file /data/data/com.android.providers.downloads/cache/metadata-603.htm
07-05 15:10:22.938   545   548 D dalvikvm: GC_CONCURRENT freed 621K, 10% free 10819K/11975K, paused 2ms+2ms
07-05 15:10:22.942   545 22364 I DownloadManager: in removeSpuriousFiles, preserving file /data/data/com.android.providers.downloads/cache/metadata-1407.htm
07-05 15:10:22.942   545 22364 I DownloadManager: in removeSpuriousFiles, preserving file /data/data/com.android.providers.downloads/cache/metadata-513.htm
07-05 15:10:22.942   545 22364 I DownloadManager: in removeSpuriousFiles, preserving file /data/data/com.android.providers.downloads/cache/metadata-972.htm
07-05 15:10:22.942   545 22364 I DownloadManager: in removeSpuriousFiles, preserving file /data/data/com.android.providers.downloads/cache/metadata-1104.htm
07-05 15:10:22.942   545 22364 I DownloadManager: in removeSpuriousFiles, preserving file /data/data/com.android.providers.downloads/cache/metadata-299.htm
07-05 15:10:22.942   545 22364 I DownloadManager: in removeSpuriousFiles, preserving file /data/data/com.android.providers.downloads/cache/metadata-1097.htm
07-05 15:10:22.946   545 22364 I DownloadManager: in removeSpuriousFiles, preserving file /data/data/com.android.providers.downloads/cache/metadata-325.htm
07-05 15:10:22.946   545 22364 I DownloadManager: in removeSpuriousFiles, preserving file /data/data/com.android.providers.downloads/cache/metadata-1908.htm
07-05 15:10:22.958   545 22364 I DownloadManager: in removeSpuriousFiles, preserving file /data/data/com.android.providers.downloads/cache/metadata-1492.htm
07-05 15:10:22.958   545 22364 I DownloadManager: in removeSpuriousFiles, preserving file /data/data/com.android.providers.downloads/cache/metadata-99.htm
07-05 15:10:22.958   545 22364 I DownloadManager: in removeSpuriousFiles, preserving file /data/data/com.android.providers.downloads/cache/metadata-1314.htm
07-05 15:10:22.958   545 22364 I DownloadManager: in removeSpuriousFiles, preserving file /data/data/com.android.providers.downloads/cache/metadata-1323.htm
07-05 15:10:22.958   545 22364 I DownloadManager: in removeSpuriousFiles, preserving file /data/data/com.android.providers.downloads/cache/metadata-1948.htm
07-05 15:10:22.958   545 22364 I DownloadManager: in removeSpuriousFiles, preserving file /data/data/com.android.providers.downloads/cache/metadata-501.htm
07-05 15:10:22.962   545 22364 I DownloadManager: in removeSpuriousFiles, preserving file /data/data/com.android.providers.downloads/cache/metadata-278.htm
07-05 15:10:22.962   545 22364 I DownloadManager: in removeSpuriousFiles, preserving file /data/data/com.android.providers.downloads/cache/metadata-542.htm
07-05 15:10:22.962   545 22364 I DownloadManager: in removeSpuriousFiles, preserving file /data/data/com.android.providers.downloads/cache/metadata-616.htm
07-05 15:10:22.962   545 22364 I DownloadManager: in removeSpuriousFiles, preserving file /data/data/com.android.providers.downloads/cache/metadata-951.htm
07-05 15:10:22.962   545 22364 I DownloadManager: in removeSpuriousFiles, preserving file /data/data/com.android.providers.downloads/cache/metadata-1965.htm
07-05 15:10:22.962   545 22364 I DownloadManager: in removeSpuriousFiles, preserving file /data/data/com.android.providers.downloads/cache/metadata-134.htm
07-05 15:10:22.966   545 22364 I DownloadManager: in removeSpuriousFiles, preserving file /data/data/com.android.providers.downloads/cache/metadata-583.htm
07-05 15:10:22.966   545 22364 I DownloadManager: in removeSpuriousFiles, preserving file /data/data/com.android.providers.downloads/cache/metadata-1521.htm
07-05 15:10:22.966   545 22364 I DownloadManager: in removeSpuriousFiles, preserving file /data/data/com.android.providers.downloads/cache/metadata-529.htm
07-05 15:10:22.966   545 22364 I DownloadManager: in removeSpuriousFiles, preserving file /data/data/com.android.providers.downloads/cache/metadata-324.htm
07-05 15:10:22.966   545 22364 I DownloadManager: in removeSpuriousFiles, preserving file /data/data/com.android.providers.downloads/cache/metadata-979.htm
07-05 15:10:22.969   545 22364 I DownloadManager: in removeSpuriousFiles, preserving file /data/data/com.android.providers.downloads/cache/metadata-415.htm
07-05 15:10:22.969   545 22364 I DownloadManager: in removeSpuriousFiles, preserving file /data/data/com.android.providers.downloads/cache/metadata-520.htm
07-05 15:10:22.969   545 22364 I DownloadManager: in removeSpuriousFiles, preserving file /data/data/com.android.providers.downloads/cache/metadata-2119.htm
07-05 15:10:22.969   545 22364 I DownloadManager: in removeSpuriousFiles, preserving file /data/data/com.android.providers.downloads/cache/metadata-1777.htm
07-05 15:10:22.969   545 22364 I DownloadManager: in removeSpuriousFiles, preserving file /data/data/com.android.providers.downloads/cache/metadata-1698.htm
07-05 15:10:22.969   545 22364 I DownloadManager: in removeSpuriousFiles, preserving file /data/data/com.android.providers.downloads/cache/metadata-586.htm
07-05 15:10:22.973   545 22364 I DownloadManager: in removeSpuriousFiles, preserving file /data/data/com.android.providers.downloads/cache/metadata-543.htm
07-05 15:10:22.973   545 22364 I DownloadManager: in removeSpuriousFiles, preserving file /data/data/com.android.providers.downloads/cache/metadata-2163.htm
07-05 15:10:22.973   545 22364 I DownloadManager: in removeSpuriousFiles, preserving file /data/data/com.android.providers.downloads/cache/metadata-1118.htm
07-05 15:10:22.973   545 22364 I DownloadManager: in removeSpuriousFiles, preserving file /data/data/com.android.providers.downloads/cache/metadata-533.htm
07-05 15:10:22.973   545 22364 I DownloadManager: in removeSpuriousFiles, preserving file /data/data/com.android.providers.downloads/cache/metadata-818.htm
07-05 15:10:22.977   545 22364 I DownloadManager: in removeSpuriousFiles, preserving file /data/data/com.android.providers.downloads/cache/metadata-91.htm
07-05 15:10:22.977   545 22364 I DownloadManager: in removeSpuriousFiles, preserving file /data/data/com.android.providers.downloads/cache/metadata-498.htm
07-05 15:10:22.977   545 22364 I DownloadManager: in removeSpuriousFiles, preserving file /data/data/com.android.providers.downloads/cache/metadata-1367.htm
07-05 15:10:22.981   545 22364 I DownloadManager: in removeSpuriousFiles, preserving file /data/data/com.android.providers.downloads/cache/metadata-2380.htm
07-05 15:10:22.981   545 22364 I DownloadManager: in removeSpuriousFiles, preserving file /data/data/com.android.providers.downloads/cache/metadata-675.htm
07-05 15:10:22.981   545 22364 I DownloadManager: in removeSpuriousFiles, preserving file /data/data/com.android.providers.downloads/cache/metadata-1130.htm
07-05 15:10:22.981   545 22364 I DownloadManager: in removeSpuriousFiles, preserving file /data/data/com.android.providers.downloads/cache/metadata-563.htm
07-05 15:10:22.981   545 22364 I DownloadManager: in removeSpuriousFiles, preserving file /data/data/com.android.providers.downloads/cache/metadata-539.htm
07-05 15:10:22.985   545 22364 I DownloadManager: in removeSpuriousFiles, preserving file /data/data/com.android.providers.downloads/cache/metadata-441.htm
07-05 15:10:22.985   545 22364 I DownloadManager: in removeSpuriousFiles, preserving file /data/data/com.android.providers.downloads/cache/metadata-1184.htm
07-05 15:10:22.985   545 22364 I DownloadManager: in removeSpuriousFiles, preserving file /data/data/com.android.providers.downloads/cache/metadata-1994.htm
07-05 15:10:22.985   545 22364 I DownloadManager: in removeSpuriousFiles, preserving file /data/data/com.android.providers.downloads/cache/metadata-456.htm
07-05 15:10:22.985   545 22364 I DownloadManager: in removeSpuriousFiles, preserving file /data/data/com.android.providers.downloads/cache/metadata-515.htm
07-05 15:10:22.989   545 22364 I DownloadManager: in removeSpuriousFiles, preserving file /data/data/com.android.providers.downloads/cache/metadata-611.htm
07-05 15:10:22.989   545 22364 I DownloadManager: in removeSpuriousFiles, preserving file /data/data/com.android.providers.downloads/cache/metadata-994.htm
07-05 15:10:22.989   545 22364 I DownloadManager: in removeSpuriousFiles, preserving file /data/data/com.android.providers.downloads/cache/metadata-1790.htm
07-05 15:10:22.989   545 22364 I DownloadManager: in removeSpuriousFiles, preserving file /data/data/com.android.providers.downloads/cache/metadata-1153.htm
07-05 15:10:22.993   545 22364 I DownloadManager: in removeSpuriousFiles, preserving file /data/data/com.android.providers.downloads/cache/metadata-1350.htm
07-05 15:10:22.993   545 22364 I DownloadManager: in removeSpuriousFiles, preserving file /data/data/com.android.providers.downloads/cache/metadata-2070.htm
07-05 15:10:22.993   545 22364 I DownloadManager: in removeSpuriousFiles, preserving file /data/data/com.android.providers.downloads/cache/metadata-1920.htm
07-05 15:10:22.993   545 22364 I DownloadManager: in removeSpuriousFiles, preserving file /data/data/com.android.providers.downloads/cache/metadata-1163.htm
07-05 15:10:22.993   545 22364 I DownloadManager: in removeSpuriousFiles, preserving file /data/data/com.android.providers.downloads/cache/metadata-1278.htm
07-05 15:10:22.997   545 22364 I DownloadManager: in removeSpuriousFiles, preserving file /data/data/com.android.providers.downloads/cache/metadata-641.htm
07-05 15:10:22.997   545 22364 I DownloadManager: in removeSpuriousFiles, preserving file /data/data/com.android.providers.downloads/cache/metadata-840.htm
07-05 15:10:22.997   545 22364 I DownloadManager: in removeSpuriousFiles, preserving file /data/data/com.android.providers.downloads/cache/metadata-1165.htm
07-05 15:10:22.997   545 22364 I DownloadManager: in removeSpuriousFiles, preserving file /data/data/com.android.providers.downloads/cache/metadata-1362.htm
07-05 15:10:22.997   545 22364 I DownloadManager: in removeSpuriousFiles, preserving file /data/data/com.android.providers.downloads/cache/metadata-1547.htm
07-05 15:10:23.001   545 22364 I DownloadManager: in removeSpuriousFiles, preserving file /data/data/com.android.providers.downloads/cache/metadata-833.htm
07-05 15:10:23.001   545 22364 I DownloadManager: in removeSpuriousFiles, preserving file /data/data/com.android.providers.downloads/cache/metadata-766.htm
07-05 15:10:23.001   545 22364 I DownloadManager: in removeSpuriousFiles, preserving file /data/data/com.android.providers.downloads/cache/metadata-1008.htm
07-05 15:10:23.001   545 22364 I DownloadManager: in removeSpuriousFiles, preserving file /data/data/com.android.providers.downloads/cache/metadata-866.htm
07-05 15:10:23.005   545 22364 I DownloadManager: in removeSpuriousFiles, preserving file /data/data/com.android.providers.downloads/cache/metadata-1489.htm
07-05 15:10:23.005   545 22364 I DownloadManager: in removeSpuriousFiles, preserving file /data/data/com.android.providers.downloads/cache/metadata-561.htm
07-05 15:10:23.005   545 22364 I DownloadManager: in removeSpuriousFiles, preserving file /data/data/com.android.providers.downloads/cache/metadata-622.htm
07-05 15:10:23.005   545 22364 I DownloadManager: in removeSpuriousFiles, preserving file /data/data/com.android.providers.downloads/cache/metadata-732.htm
07-05 15:10:23.009   545 22364 I DownloadManager: in removeSpuriousFiles, preserving file /data/data/com.android.providers.downloads/cache/metadata-1573.htm
07-05 15:10:23.009   545 22364 I DownloadManager: in removeSpuriousFiles, preserving file /data/data/com.android.providers.downloads/cache/metadata-1298.htm
07-05 15:10:23.009   545 22364 I DownloadManager: in removeSpuriousFiles, preserving file /data/data/com.android.providers.downloads/cache/metadata-674.htm
07-05 15:10:23.009   545 22364 I DownloadManager: in removeSpuriousFiles, preserving file /data/data/com.android.providers.downloads/cache/metadata-2060.htm
07-05 15:10:23.009   545 22364 I DownloadManager: in removeSpuriousFiles, preserving file /data/data/com.android.providers.downloads/cache/metadata-795.htm
07-05 15:10:23.012   545 22364 I DownloadManager: in removeSpuriousFiles, preserving file /data/data/com.android.providers.downloads/cache/metadata-1052.htm
07-05 15:10:23.012   545 22364 I DownloadManager: in removeSpuriousFiles, preserving file /data/data/com.android.providers.downloads/cache/metadata-1872.htm
07-05 15:10:23.012   545 22364 I DownloadManager: in removeSpuriousFiles, preserving file /data/data/com.android.providers.downloads/cache/metadata-1169.htm
07-05 15:10:23.012   545 22364 I DownloadManager: in removeSpuriousFiles, preserving file /data/data/com.android.providers.downloads/cache/metadata-1501.htm
07-05 15:10:23.016   545 22364 I DownloadManager: in removeSpuriousFiles, preserving file /data/data/com.android.providers.downloads/cache/metadata-966.htm
07-05 15:10:23.016   545 22364 I DownloadManager: in removeSpuriousFiles, preserving file /data/data/com.android.providers.downloads/cache/metadata-1475.htm
07-05 15:10:23.016   545 22364 I DownloadManager: in removeSpuriousFiles, preserving file /data/data/com.android.providers.downloads/cache/metadata-1096.htm
07-05 15:10:23.016   545 22364 I DownloadManager: in removeSpuriousFiles, preserving file /data/data/com.android.providers.downloads/cache/metadata-607.htm
07-05 15:10:23.020   545 22364 I DownloadManager: in removeSpuriousFiles, preserving file /data/data/com.android.providers.downloads/cache/metadata-755.htm
07-05 15:10:23.020   545 22364 I DownloadManager: in removeSpuriousFiles, preserving file /data/data/com.android.providers.downloads/cache/metadata-1230.htm
07-05 15:10:23.020   545 22364 I DownloadManager: in removeSpuriousFiles, preserving file /data/data/com.android.providers.downloads/cache/metadata-2484.htm
07-05 15:10:23.020   545 22364 I DownloadManager: in removeSpuriousFiles, preserving file /data/data/com.android.providers.downloads/cache/metadata-1584.htm
07-05 15:10:23.024   545 22364 I DownloadManager: in removeSpuriousFiles, preserving file /data/data/com.android.providers.downloads/cache/metadata-503.htm
07-05 15:10:23.024   545 22364 I DownloadManager: in removeSpuriousFiles, preserving file /data/data/com.android.providers.downloads/cache/metadata-747.htm
07-05 15:10:23.024   545 22364 I DownloadManager: in removeSpuriousFiles, preserving file /data/data/com.android.providers.downloads/cache/metadata-1296.htm
07-05 15:10:23.024   545 22364 I DownloadManager: in removeSpuriousFiles, preserving file /data/data/com.android.providers.downloads/cache/metadata-1945.htm
07-05 15:10:23.028   545 22364 I DownloadManager: in removeSpuriousFiles, preserving file /data/data/com.android.providers.downloads/cache/metadata-1467.htm
07-05 15:10:23.028   545 22364 I DownloadManager: in removeSpuriousFiles, preserving file /data/data/com.android.providers.downloads/cache/metadata-1708.htm
07-05 15:10:23.028   545 22364 I DownloadManager: in removeSpuriousFiles, preserving file /data/data/com.android.providers.downloads/cache/metadata-579.htm
07-05 15:10:23.032   545 22364 I DownloadManager: in removeSpuriousFiles, preserving file /data/data/com.android.providers.downloads/cache/metadata-2043.htm
07-05 15:10:23.032   545 22364 I DownloadManager: in removeSpuriousFiles, preserving file /data/data/com.android.providers.downloads/cache/metadata-379.htm
07-05 15:10:23.032   545 22364 I DownloadManager: in removeSpuriousFiles, preserving file /data/data/com.android.providers.downloads/cache/metadata-391.htm
07-05 15:10:23.032   545 22364 I DownloadManager: in removeSpuriousFiles, preserving file /data/data/com.android.providers.downloads/cache/metadata-53.htm
07-05 15:10:23.032   545 22364 I DownloadManager: in removeSpuriousFiles, preserving file /data/data/com.android.providers.downloads/cache/metadata-151.htm
07-05 15:10:23.032   545 22364 I DownloadManager: in removeSpuriousFiles, preserving file /data/data/com.android.providers.downloads/cache/metadata-430.htm
07-05 15:10:23.032   545 22364 I DownloadManager: in removeSpuriousFiles, preserving file /data/data/com.android.providers.downloads/cache/metadata-41.htm
07-05 15:10:23.032   545 22364 I DownloadManager: in removeSpuriousFiles, preserving file /data/data/com.android.providers.downloads/cache/metadata-395.htm
07-05 15:10:23.036   545 22364 I DownloadManager: in removeSpuriousFiles, preserving file /data/data/com.android.providers.downloads/cache/metadata-42.htm
07-05 15:10:23.036   545 22364 I DownloadManager: in removeSpuriousFiles, preserving file /data/data/com.android.providers.downloads/cache/metadata-142.htm
07-05 15:10:23.036   545 22364 I DownloadManager: in removeSpuriousFiles, preserving file /data/data/com.android.providers.downloads/cache/metadata-17.htm
07-05 15:10:23.036   545 22364 I DownloadManager: in removeSpuriousFiles, preserving file /data/data/com.android.providers.downloads/cache/metadata-111.htm
07-05 15:10:23.036   545 22364 I DownloadManager: in removeSpuriousFiles, preserving file /data/data/com.android.providers.downloads/cache/metadata-437.htm
07-05 15:10:23.036   545 22364 I DownloadManager: in removeSpuriousFiles, preserving file /data/data/com.android.providers.downloads/cache/metadata-564.htm
07-05 15:10:23.036   545 22364 I DownloadManager: in removeSpuriousFiles, preserving file /data/data/com.android.providers.downloads/cache/metadata-372.htm
07-05 15:10:23.036   545 22364 I DownloadManager: in removeSpuriousFiles, preserving file /data/data/com.android.providers.downloads/cache/metadata-32.htm
07-05 15:10:23.036   545 22364 I DownloadManager: in removeSpuriousFiles, preserving file /data/data/com.android.providers.downloads/cache/metadata-209.htm
07-05 15:10:23.036   545 22364 I DownloadManager: in removeSpuriousFiles, preserving file /data/data/com.android.providers.downloads/cache/metadata-181.htm
07-05 15:10:23.036   545 22364 I DownloadManager: in removeSpuriousFiles, preserving file /data/data/com.android.providers.downloads/cache/metadata-230.htm
07-05 15:10:23.040   545 22364 I DownloadManager: in removeSpuriousFiles, preserving file /data/data/com.android.providers.downloads/cache/metadata-421.htm
07-05 15:10:23.040   545 22364 I DownloadManager: in removeSpuriousFiles, preserving file /data/data/com.android.providers.downloads/cache/metadata-70.htm
07-05 15:10:23.040   545 22364 I DownloadManager: in removeSpuriousFiles, preserving file /data/data/com.android.providers.downloads/cache/metadata-367.htm
07-05 15:10:23.040   545 22364 I DownloadManager: in removeSpuriousFiles, preserving file /data/data/com.android.providers.downloads/cache/metadata-527.htm
07-05 15:10:23.040   545 22364 I DownloadManager: in removeSpuriousFiles, preserving file /data/data/com.android.providers.downloads/cache/metadata-808.htm
07-05 15:10:23.040   545 22364 I DownloadManager: in removeSpuriousFiles, preserving file /data/data/com.android.providers.downloads/cache/metadata-68.htm
07-05 15:10:23.040   545 22364 I DownloadManager: in removeSpuriousFiles, preserving file /data/data/com.android.providers.downloads/cache/metadata-573.htm
07-05 15:10:23.040   545 22364 I DownloadManager: in removeSpuriousFiles, preserving file /data/data/com.android.providers.downloads/cache/metadata-214.htm
07-05 15:10:23.040   545 22364 I DownloadManager: in removeSpuriousFiles, preserving file /data/data/com.android.providers.downloads/cache/metadata-145.htm
07-05 15:10:23.040   545 22364 I DownloadManager: in removeSpuriousFiles, preserving file /data/data/com.android.providers.downloads/cache/metadata-431.htm
07-05 15:10:23.044   545 22364 I DownloadManager: in removeSpuriousFiles, preserving file /data/data/com.android.providers.downloads/cache/metadata-1416.htm
07-05 15:10:23.044   545 22364 I DownloadManager: in removeSpuriousFiles, preserving file /data/data/com.android.providers.downloads/cache/metadata-1331.htm
07-05 15:10:23.044   545 22364 I DownloadManager: in removeSpuriousFiles, preserving file /data/data/com.android.providers.downloads/cache/metadata-74.htm
07-05 15:10:23.044   545 22364 I DownloadManager: in removeSpuriousFiles, preserving file /data/data/com.android.providers.downloads/cache/metadata-609.htm
07-05 15:10:23.044   545 22364 I DownloadManager: in removeSpuriousFiles, preserving file /data/data/com.android.providers.downloads/cache/metadata-594.htm
07-05 15:10:23.044   545 22364 I DownloadManager: in removeSpuriousFiles, preserving file /data/data/com.android.providers.downloads/cache/metadata-196.htm
07-05 15:10:23.044   545 22364 I DownloadManager: in removeSpuriousFiles, preserving file /data/data/com.android.providers.downloads/cache/metadata-1503.htm
07-05 15:10:23.048   545 22364 I DownloadManager: in removeSpuriousFiles, preserving file /data/data/com.android.providers.downloads/cache/metadata-628.htm
07-05 15:10:23.048   545 22364 I DownloadManager: in removeSpuriousFiles, preserving file /data/data/com.android.providers.downloads/cache/metadata-185.htm
07-05 15:10:23.048   545 22364 I DownloadManager: in removeSpuriousFiles, preserving file /data/data/com.android.providers.downloads/cache/metadata-177.htm
07-05 15:10:23.048   545 22364 I DownloadManager: in removeSpuriousFiles, preserving file /data/data/com.android.providers.downloads/cache/metadata-470.htm
07-05 15:10:23.048   545 22364 I DownloadManager: in removeSpuriousFiles, preserving file /data/data/com.android.providers.downloads/cache/metadata-1128.htm
07-05 15:10:23.048   545 22364 I DownloadManager: in removeSpuriousFiles, preserving file /data/data/com.android.providers.downloads/cache/metadata-402.htm
07-05 15:10:23.048   545 22364 I DownloadManager: in removeSpuriousFiles, preserving file /data/data/com.android.providers.downloads/cache/metadata-1396.htm
07-05 15:10:23.051   545 22364 I DownloadManager: in removeSpuriousFiles, preserving file /data/data/com.android.providers.downloads/cache/metadata-1069.htm
07-05 15:10:23.051   545 22364 I DownloadManager: in removeSpuriousFiles, preserving file /data/data/com.android.providers.downloads/cache/metadata-207.htm
07-05 15:10:23.051   545 22364 I DownloadManager: in removeSpuriousFiles, preserving file /data/data/com.android.providers.downloads/cache/metadata-973.htm
07-05 15:10:23.051   545 22364 I DownloadManager: in removeSpuriousFiles, preserving file /data/data/com.android.providers.downloads/cache/metadata-376.htm
07-05 15:10:23.051   545 22364 I DownloadManager: in removeSpuriousFiles, preserving file /data/data/com.android.providers.downloads/cache/metadata-143.htm
07-05 15:10:23.055   545 22364 I DownloadManager: in removeSpuriousFiles, preserving file /data/data/com.android.providers.downloads/cache/metadata-1493.htm
07-05 15:10:23.055   545 22364 I DownloadManager: in removeSpuriousFiles, preserving file /data/data/com.android.providers.downloads/cache/metadata-342.htm
07-05 15:10:23.055   545 22364 I DownloadManager: in removeSpuriousFiles, preserving file /data/data/com.android.providers.downloads/cache/metadata-1423.htm
07-05 15:10:23.055   545 22364 I DownloadManager: in removeSpuriousFiles, preserving file /data/data/com.android.providers.downloads/cache/metadata-699.htm
07-05 15:10:23.055   545 22364 I DownloadManager: in removeSpuriousFiles, preserving file /data/data/com.android.providers.downloads/cache/metadata-317.htm
07-05 15:10:23.055   545 22364 I DownloadManager: in removeSpuriousFiles, preserving file /data/data/com.android.providers.downloads/cache/metadata-1397.htm
07-05 15:10:23.059   545 22364 I DownloadManager: in removeSpuriousFiles, preserving file /data/data/com.android.providers.downloads/cache/metadata-297.htm
07-05 15:10:23.059   545 22364 I DownloadManager: in removeSpuriousFiles, preserving file /data/data/com.android.providers.downloads/cache/metadata-939.htm
07-05 15:10:23.059   545 22364 I DownloadManager: in removeSpuriousFiles, preserving file /data/data/com.android.providers.downloads/cache/metadata-1435.htm
07-05 15:10:23.059   545 22364 I DownloadManager: in removeSpuriousFiles, preserving file /data/data/com.android.providers.downloads/cache/metadata-225.htm
07-05 15:10:23.059   545 22364 I DownloadManager: in removeSpuriousFiles, preserving file /data/data/com.android.providers.downloads/cache/metadata-938.htm
07-05 15:10:23.059   545 22364 I DownloadManager: in removeSpuriousFiles, preserving file /data/data/com.android.providers.downloads/cache/metadata-670.htm
07-05 15:10:23.063   545 22364 I DownloadManager: in removeSpuriousFiles, preserving file /data/data/com.android.providers.downloads/cache/metadata-568.htm
07-05 15:10:23.063   545 22364 I DownloadManager: in removeSpuriousFiles, preserving file /data/data/com.android.providers.downloads/cache/metadata-442.htm
07-05 15:10:23.063   545 22364 I DownloadManager: in removeSpuriousFiles, preserving file /data/data/com.android.providers.downloads/cache/metadata-1262.htm
07-05 15:10:23.063   545 22364 I DownloadManager: in removeSpuriousFiles, preserving file /data/data/com.android.providers.downloads/cache/metadata-928.htm
07-05 15:10:23.063   545 22364 I DownloadManager: in removeSpuriousFiles, preserving file /data/data/com.android.providers.downloads/cache/metadata-2202.htm
07-05 15:10:23.067   545 22364 I DownloadManager: in removeSpuriousFiles, preserving file /data/data/com.android.providers.downloads/cache/metadata-632.htm
07-05 15:10:23.067   545 22364 I DownloadManager: in removeSpuriousFiles, preserving file /data/data/com.android.providers.downloads/cache/metadata-679.htm
07-05 15:10:23.067   545 22364 I DownloadManager: in removeSpuriousFiles, preserving file /data/data/com.android.providers.downloads/cache/metadata-901.htm
07-05 15:10:23.067   545 22364 I DownloadManager: in removeSpuriousFiles, preserving file /data/data/com.android.providers.downloads/cache/metadata-588.htm
07-05 15:10:23.067   545 22364 I DownloadManager: in removeSpuriousFiles, preserving file /data/data/com.android.providers.downloads/cache/metadata-1050.htm
07-05 15:10:23.067   545 22364 I DownloadManager: in removeSpuriousFiles, preserving file /data/data/com.android.providers.downloads/cache/metadata-708.htm
07-05 15:10:23.071   545 22364 I DownloadManager: in removeSpuriousFiles, preserving file /data/data/com.android.providers.downloads/cache/metadata-1775.htm
07-05 15:10:23.071   545 22364 I DownloadManager: in removeSpuriousFiles, preserving file /data/data/com.android.providers.downloads/cache/metadata-1457.htm
07-05 15:10:23.071   545 22364 I DownloadManager: in removeSpuriousFiles, preserving file /data/data/com.android.providers.downloads/cache/metadata-2514.htm
07-05 15:10:23.071   545 22364 I DownloadManager: in removeSpuriousFiles, preserving file /data/data/com.android.providers.downloads/cache/metadata-1149.htm
07-05 15:10:23.071   545 22364 I DownloadManager: in removeSpuriousFiles, preserving file /data/data/com.android.providers.downloads/cache/metadata-555.htm
07-05 15:10:23.075   545 22364 I DownloadManager: in removeSpuriousFiles, preserving file /data/data/com.android.providers.downloads/cache/metadata-1446.htm
07-05 15:10:23.075   545 22364 I DownloadManager: in removeSpuriousFiles, preserving file /data/data/com.android.providers.downloads/cache/metadata-791.htm
07-05 15:10:23.075   545 22364 I DownloadManager: in removeSpuriousFiles, preserving file /data/data/com.android.providers.downloads/cache/metadata-1326.htm
07-05 15:10:23.075   545 22364 I DownloadManager: in removeSpuriousFiles, preserving file /data/data/com.android.providers.downloads/cache/metadata-215.htm
07-05 15:10:23.075   545 22364 I DownloadManager: in removeSpuriousFiles, preserving file /data/data/com.android.providers.downloads/cache/metadata-2794.htm
07-05 15:10:23.075   545 22364 I DownloadManager: in removeSpuriousFiles, preserving file /data/data/com.android.providers.downloads/cache/metadata-1958.htm
07-05 15:10:23.079   545 22364 I DownloadManager: in removeSpuriousFiles, preserving file /data/data/com.android.providers.downloads/cache/metadata-597.htm
07-05 15:10:23.079   545 22364 I DownloadManager: in removeSpuriousFiles, preserving file /data/data/com.android.providers.downloads/cache/metadata-1881.htm
07-05 15:10:23.079   545 22364 I DownloadManager: in removeSpuriousFiles, preserving file /data/data/com.android.providers.downloads/cache/metadata-2454.htm
07-05 15:10:23.083   545 22364 I DownloadManager: in removeSpuriousFiles, preserving file /data/data/com.android.providers.downloads/cache/metadata-2551.htm
07-05 15:10:23.083   545 22364 I DownloadManager: in removeSpuriousFiles, preserving file /data/data/com.android.providers.downloads/cache/metadata-135.htm
07-05 15:10:23.083   545 22364 I DownloadManager: in removeSpuriousFiles, preserving file /data/data/com.android.providers.downloads/cache/metadata-319.htm
07-05 15:10:23.083   545 22364 I DownloadManager: in removeSpuriousFiles, preserving file /data/data/com.android.providers.downloads/cache/metadata-1146.htm
07-05 15:10:23.083   545 22364 I DownloadManager: in removeSpuriousFiles, preserving file /data/data/com.android.providers.downloads/cache/metadata-962.htm
07-05 15:10:23.087   545 22364 I DownloadManager: in removeSpuriousFiles, preserving file /data/data/com.android.providers.downloads/cache/metadata-511.htm
07-05 15:10:23.087   545 22364 I DownloadManager: in removeSpuriousFiles, preserving file /data/data/com.android.providers.downloads/cache/metadata-944.htm
07-05 15:10:23.087   545 22364 I DownloadManager: in removeSpuriousFiles, preserving file /data/data/com.android.providers.downloads/cache/metadata-522.htm
07-05 15:10:23.087   545 22364 I DownloadManager: in removeSpuriousFiles, preserving file /data/data/com.android.providers.downloads/cache/metadata-964.htm
07-05 15:10:23.087   545 22364 I DownloadManager: in removeSpuriousFiles, preserving file /data/data/com.android.providers.downloads/cache/metadata-1834.htm
07-05 15:10:23.091   545 22364 I DownloadManager: in removeSpuriousFiles, preserving file /data/data/com.android.providers.downloads/cache/metadata-1133.htm
07-05 15:10:23.091   545 22364 I DownloadManager: in removeSpuriousFiles, preserving file /data/data/com.android.providers.downloads/cache/metadata-252.htm
07-05 15:10:23.091   545 22364 I DownloadManager: in removeSpuriousFiles, preserving file /data/data/com.android.providers.downloads/cache/metadata-2227.htm
07-05 15:10:23.091   545 22364 I DownloadManager: in removeSpuriousFiles, preserving file /data/data/com.android.providers.downloads/cache/metadata-1620.htm
07-05 15:10:23.091   545 22364 I DownloadManager: in removeSpuriousFiles, preserving file /data/data/com.android.providers.downloads/cache/metadata-1257.htm
07-05 15:10:23.094   545 22364 I DownloadManager: in removeSpuriousFiles, preserving file /data/data/com.android.providers.downloads/cache/metadata-1901.htm
07-05 15:10:23.094   545 22364 I DownloadManager: in removeSpuriousFiles, preserving file /data/data/com.android.providers.downloads/cache/metadata-1248.htm
07-05 15:10:23.094   545 22364 I DownloadManager: in removeSpuriousFiles, preserving file /data/data/com.android.providers.downloads/cache/metadata-1075.htm
07-05 15:10:23.094   545 22364 I DownloadManager: in removeSpuriousFiles, preserving file /data/data/com.android.providers.downloads/cache/metadata-1577.htm
07-05 15:10:23.094   545 22364 I DownloadManager: in removeSpuriousFiles, preserving file /data/data/com.android.providers.downloads/cache/metadata-174.htm
07-05 15:10:23.098   545 22364 I DownloadManager: in removeSpuriousFiles, preserving file /data/data/com.android.providers.downloads/cache/metadata-1191.htm
07-05 15:10:23.098   545 22364 I DownloadManager: in removeSpuriousFiles, preserving file /data/data/com.android.providers.downloads/cache/metadata-1240.htm
07-05 15:10:23.098   545 22364 I DownloadManager: in removeSpuriousFiles, preserving file /data/data/com.android.providers.downloads/cache/metadata-2432.htm
07-05 15:10:23.098   545 22364 I DownloadManager: in removeSpuriousFiles, preserving file /data/data/com.android.providers.downloads/cache/metadata-610.htm
07-05 15:10:23.098   545 22364 I DownloadManager: in removeSpuriousFiles, preserving file /data/data/com.android.providers.downloads/cache/metadata-1264.htm
07-05 15:10:23.102   545 22364 I DownloadManager: in removeSpuriousFiles, preserving file /data/data/com.android.providers.downloads/cache/metadata-521.htm
07-05 15:10:23.102   545 22364 I DownloadManager: in removeSpuriousFiles, preserving file /data/data/com.android.providers.downloads/cache/metadata-1713.htm
07-05 15:10:23.102   545 22364 I DownloadManager: in removeSpuriousFiles, preserving file /data/data/com.android.providers.downloads/cache/metadata-1502.htm
07-05 15:10:23.102   545 22364 I DownloadManager: in removeSpuriousFiles, preserving file /data/data/com.android.providers.downloads/cache/metadata-1410.htm
07-05 15:10:23.102   545 22364 I DownloadManager: in removeSpuriousFiles, preserving file /data/data/com.android.providers.downloads/cache/metadata-1506.htm
07-05 15:10:23.106   545 22364 I DownloadManager: in removeSpuriousFiles, preserving file /data/data/com.android.providers.downloads/cache/metadata-1996.htm
07-05 15:10:23.106   545 22364 I DownloadManager: in removeSpuriousFiles, preserving file /data/data/com.android.providers.downloads/cache/metadata-1254.htm
07-05 15:10:23.106   545 22364 I DownloadManager: in removeSpuriousFiles, preserving file /data/data/com.android.providers.downloads/cache/metadata-1051.htm
07-05 15:10:23.106   545 22364 I DownloadManager: in removeSpuriousFiles, preserving file /data/data/com.android.providers.downloads/cache/metadata-1342.htm
07-05 15:10:23.110   545 22364 I DownloadManager: in removeSpuriousFiles, preserving file /data/data/com.android.providers.downloads/cache/metadata-1848.htm
07-05 15:10:23.110   545 22364 I DownloadManager: in removeSpuriousFiles, preserving file /data/data/com.android.providers.downloads/cache/metadata-2171.htm
07-05 15:10:23.110   545 22364 I DownloadManager: in removeSpuriousFiles, preserving file /data/data/com.android.providers.downloads/cache/metadata-1428.htm
07-05 15:10:23.110   545 22364 I DownloadManager: in removeSpuriousFiles, preserving file /data/data/com.android.providers.downloads/cache/metadata-995.htm
07-05 15:10:23.110   545 22364 I DownloadManager: in removeSpuriousFiles, preserving file /data/data/com.android.providers.downloads/cache/metadata-23.htm
07-05 15:10:23.110   545 22364 I DownloadManager: in removeSpuriousFiles, preserving file /data/data/com.android.providers.downloads/cache/metadata-12.htm
07-05 15:10:23.114   545 22364 I DownloadManager: in removeSpuriousFiles, preserving file /data/data/com.android.providers.downloads/cache/metadata-11.htm
07-05 15:10:23.114   545 22364 I DownloadManager: in removeSpuriousFiles, preserving file /data/data/com.android.providers.downloads/cache/metadata-31.htm
07-05 15:10:23.114   545 22364 I DownloadManager: in removeSpuriousFiles, preserving file /data/data/com.android.providers.downloads/cache/metadata-321.htm
07-05 15:10:23.114   545 22364 I DownloadManager: in removeSpuriousFiles, preserving file /data/data/com.android.providers.downloads/cache/metadata-39.htm
07-05 15:10:23.114   545 22364 I DownloadManager: in removeSpuriousFiles, preserving file /data/data/com.android.providers.downloads/cache/metadata-35.htm
07-05 15:10:23.114   545 22364 I DownloadManager: in removeSpuriousFiles, preserving file /data/data/com.android.providers.downloads/cache/metadata-25.htm
07-05 15:10:23.114   545 22364 I DownloadManager: in removeSpuriousFiles, preserving file /data/data/com.android.providers.downloads/cache/metadata-491.htm
07-05 15:10:23.114   545 22364 I DownloadManager: in removeSpuriousFiles, preserving file /data/data/com.android.providers.downloads/cache/metadata-72.htm
07-05 15:10:23.114   545 22364 I DownloadManager: in removeSpuriousFiles, preserving file /data/data/com.android.providers.downloads/cache/metadata-362.htm
07-05 15:10:23.114   545 22364 I DownloadManager: in removeSpuriousFiles, preserving file /data/data/com.android.providers.downloads/cache/metadata-450.htm
07-05 15:10:23.114   545 22364 I DownloadManager: in removeSpuriousFiles, preserving file /data/data/com.android.providers.downloads/cache/metadata-219.htm
07-05 15:10:23.114   545 22364 I DownloadManager: in removeSpuriousFiles, preserving file /data/data/com.android.providers.downloads/cache/metadata-954.htm
07-05 15:10:23.118   545 22364 I DownloadManager: in removeSpuriousFiles, preserving file /data/data/com.android.providers.downloads/cache/metadata-557.htm
07-05 15:10:23.118   545 22364 I DownloadManager: in removeSpuriousFiles, preserving file /data/data/com.android.providers.downloads/cache/metadata-60.htm
07-05 15:10:23.118   545 22364 I DownloadManager: in removeSpuriousFiles, preserving file /data/data/com.android.providers.downloads/cache/metadata-139.htm
07-05 15:10:23.118   545 22364 I DownloadManager: in removeSpuriousFiles, preserving file /data/data/com.android.providers.downloads/cache/metadata-172.htm
07-05 15:10:23.118   545 22364 I DownloadManager: in removeSpuriousFiles, preserving file /data/data/com.android.providers.downloads/cache/metadata-127.htm
07-05 15:10:23.118   545 22364 I DownloadManager: in removeSpuriousFiles, preserving file /data/data/com.android.providers.downloads/cache/metadata-1338.htm
07-05 15:10:23.118   545 22364 I DownloadManager: in removeSpuriousFiles, preserving file /data/data/com.android.providers.downloads/cache/metadata-313.htm
07-05 15:10:23.118   545 22364 I DownloadManager: in removeSpuriousFiles, preserving file /data/data/com.android.providers.downloads/cache/metadata-449.htm
07-05 15:10:23.122   545 22364 I DownloadManager: in removeSpuriousFiles, preserving file /data/data/com.android.providers.downloads/cache/metadata-195.htm
07-05 15:10:23.122   545 22364 I DownloadManager: in removeSpuriousFiles, preserving file /data/data/com.android.providers.downloads/cache/metadata-345.htm
07-05 15:10:23.122   545 22364 I DownloadManager: in removeSpuriousFiles, preserving file /data/data/com.android.providers.downloads/cache/metadata-248.htm
07-05 15:10:23.122   545 22364 I DownloadManager: in removeSpuriousFiles, preserving file /data/data/com.android.providers.downloads/cache/metadata-932.htm
07-05 15:10:23.122   545 22364 I DownloadManager: in removeSpuriousFiles, preserving file /data/data/com.android.providers.downloads/cache/metadata-385.htm
07-05 15:10:23.122   545 22364 I DownloadManager: in removeSpuriousFiles, preserving file /data/data/com.android.providers.downloads/cache/metadata-2556.htm
07-05 15:10:23.122   545 22364 I DownloadManager: in removeSpuriousFiles, preserving file /data/data/com.android.providers.downloads/cache/metadata-1125.htm
07-05 15:10:23.122   545 22364 I DownloadManager: in removeSpuriousFiles, preserving file /data/data/com.android.providers.downloads/cache/metadata-631.htm
07-05 15:10:23.126   545 22364 I DownloadManager: in removeSpuriousFiles, preserving file /data/data/com.android.providers.downloads/cache/metadata-161.htm
07-05 15:10:23.126   545 22364 I DownloadManager: in removeSpuriousFiles, preserving file /data/data/com.android.providers.downloads/cache/metadata-2139.htm
07-05 15:10:23.126   545 22364 I DownloadManager: in removeSpuriousFiles, preserving file /data/data/com.android.providers.downloads/cache/metadata-337.htm
07-05 15:10:23.126   545 22364 I DownloadManager: in removeSpuriousFiles, preserving file /data/data/com.android.providers.downloads/cache/metadata-1563.htm
07-05 15:10:23.126   545 22364 I DownloadManager: in removeSpuriousFiles, preserving file /data/data/com.android.providers.downloads/cache/metadata-2082.htm
07-05 15:10:23.126   545 22364 I DownloadManager: in removeSpuriousFiles, preserving file /data/data/com.android.providers.downloads/cache/metadata-226.htm
07-05 15:10:23.126   545 22364 I DownloadManager: in removeSpuriousFiles, preserving file /data/data/com.android.providers.downloads/cache/metadata-1379.htm
07-05 15:10:23.130   545 22364 I DownloadManager: in removeSpuriousFiles, preserving file /data/data/com.android.providers.downloads/cache/metadata-474.htm
07-05 15:10:23.130   545 22364 I DownloadManager: in removeSpuriousFiles, preserving file /data/data/com.android.providers.downloads/cache/metadata-956.htm
07-05 15:10:23.130   545 22364 I DownloadManager: in removeSpuriousFiles, preserving file /data/data/com.android.providers.downloads/cache/metadata-164.htm
07-05 15:10:23.130   545 22364 I DownloadManager: in removeSpuriousFiles, preserving file /data/data/com.android.providers.downloads/cache/metadata-82.htm
07-05 15:10:23.130   545 22364 I DownloadManager: in removeSpuriousFiles, preserving file /data/data/com.android.providers.downloads/cache/metadata-576.htm
07-05 15:10:23.130   545 22364 I DownloadManager: in removeSpuriousFiles, preserving file /data/data/com.android.providers.downloads/cache/metadata-1299.htm
07-05 15:10:23.130   545 22364 I DownloadManager: in removeSpuriousFiles, preserving file /data/data/com.android.providers.downloads/cache/metadata-90.htm
07-05 15:10:23.130   545 22364 I DownloadManager: in removeSpuriousFiles, preserving file /data/data/com.android.providers.downloads/cache/metadata-71.htm
07-05 15:10:23.134   545 22364 I DownloadManager: in removeSpuriousFiles, preserving file /data/data/com.android.providers.downloads/cache/metadata-758.htm
07-05 15:10:23.134   545 22364 I DownloadManager: in removeSpuriousFiles, preserving file /data/data/com.android.providers.downloads/cache/metadata-295.htm
07-05 15:10:23.134   545 22364 I DownloadManager: in removeSpuriousFiles, preserving file /data/data/com.android.providers.downloads/cache/metadata-257.htm
07-05 15:10:23.134   545 22364 I DownloadManager: in removeSpuriousFiles, preserving file /data/data/com.android.providers.downloads/cache/metadata-398.htm
07-05 15:10:23.134   545 22364 I DownloadManager: in removeSpuriousFiles, preserving file /data/data/com.android.providers.downloads/cache/metadata-2361.htm
07-05 15:10:23.134   545 22364 I DownloadManager: in removeSpuriousFiles, preserving file /data/data/com.android.providers.downloads/cache/metadata-245.htm
07-05 15:10:23.137   545 22364 I DownloadManager: in removeSpuriousFiles, preserving file /data/data/com.android.providers.downloads/cache/metadata-1488.htm
07-05 15:10:23.137   545 22364 I DownloadManager: in removeSpuriousFiles, preserving file /data/data/com.android.providers.downloads/cache/metadata-2327.htm
07-05 15:10:23.137   545 22364 I DownloadManager: in removeSpuriousFiles, preserving file /data/data/com.android.providers.downloads/cache/metadata-123.htm
07-05 15:10:23.137   545 22364 I DownloadManager: in removeSpuriousFiles, preserving file /data/data/com.android.providers.downloads/cache/metadata-194.htm
07-05 15:10:23.137   545 22364 I DownloadManager: in removeSpuriousFiles, preserving file /data/data/com.android.providers.downloads/cache/metadata-394.htm
07-05 15:10:23.137   545 22364 I DownloadManager: in removeSpuriousFiles, preserving file /data/data/com.android.providers.downloads/cache/metadata-497.htm
07-05 15:10:23.137   545 22364 I DownloadManager: in removeSpuriousFiles, preserving file /data/data/com.android.providers.downloads/cache/metadata-366.htm
07-05 15:10:23.141   545 22364 I DownloadManager: in removeSpuriousFiles, preserving file /data/data/com.android.providers.downloads/cache/metadata-569.htm
07-05 15:10:23.141   545 22364 I DownloadManager: in removeSpuriousFiles, preserving file /data/data/com.android.providers.downloads/cache/metadata-1406.htm
07-05 15:10:23.141   545 22364 I DownloadManager: in removeSpuriousFiles, preserving file /data/data/com.android.providers.downloads/cache/metadata-292.htm
07-05 15:10:23.141   545 22364 I DownloadManager: in removeSpuriousFiles, preserving file /data/data/com.android.providers.downloads/cache/metadata-2540.htm
07-05 15:10:23.141   545 22364 I DownloadManager: in removeSpuriousFiles, preserving file /data/data/com.android.providers.downloads/cache/metadata-471.htm
07-05 15:10:23.141   545 22364 I DownloadManager: in removeSpuriousFiles, preserving file /data/data/com.android.providers.downloads/cache/metadata-1613.htm
07-05 15:10:23.145   545 22364 I DownloadManager: in removeSpuriousFiles, preserving file /data/data/com.android.providers.downloads/cache/metadata-466.htm
07-05 15:10:23.145   545 22364 I DownloadManager: in removeSpuriousFiles, preserving file /data/data/com.android.providers.downloads/cache/metadata-210.htm
07-05 15:10:23.145   545 22364 I DownloadManager: in removeSpuriousFiles, preserving file /data/data/com.android.providers.downloads/cache/metadata-2117.htm
07-05 15:10:23.145   545 22364 I DownloadManager: in removeSpuriousFiles, preserving file /data/data/com.android.providers.downloads/cache/metadata-1297.htm
07-05 15:10:23.145   545 22364 I DownloadManager: in removeSpuriousFiles, preserving file /data/data/com.android.providers.downloads/cache/metadata-991.htm
07-05 15:10:23.145   545 22364 I DownloadManager: in removeSpuriousFiles, preserving file /data/data/com.android.providers.downloads/cache/metadata-856.htm
07-05 15:10:23.145   545 22364 I DownloadManager: in removeSpuriousFiles, preserving file /data/data/com.android.providers.downloads/cache/metadata-935.htm
07-05 15:10:23.149   545 22364 I DownloadManager: in removeSpuriousFiles, preserving file /data/data/com.android.providers.downloads/cache/metadata-1246.htm
07-05 15:10:23.149   545 22364 I DownloadManager: in removeSpuriousFiles, preserving file /data/data/com.android.providers.downloads/cache/metadata-617.htm
07-05 15:10:23.149   545 22364 I DownloadManager: in removeSpuriousFiles, preserving file /data/data/com.android.providers.downloads/cache/metadata-799.htm
07-05 15:10:23.149   545 22364 I DownloadManager: in removeSpuriousFiles, preserving file /data/data/com.android.providers.downloads/cache/metadata-1180.htm
07-05 15:10:23.149   545 22364 I DownloadManager: in removeSpuriousFiles, preserving file /data/data/com.android.providers.downloads/cache/metadata-560.htm
07-05 15:10:23.149   545 22364 I DownloadManager: in removeSpuriousFiles, preserving file /data/data/com.android.providers.downloads/cache/metadata-924.htm
07-05 15:10:23.153   545 22364 I DownloadManager: in removeSpuriousFiles, preserving file /data/data/com.android.providers.downloads/cache/metadata-1079.htm
07-05 15:10:23.153   545 22364 I DownloadManager: in removeSpuriousFiles, preserving file /data/data/com.android.providers.downloads/cache/metadata-1759.htm
07-05 15:10:23.153   545 22364 I DownloadManager: in removeSpuriousFiles, preserving file /data/data/com.android.providers.downloads/cache/metadata-1363.htm
07-05 15:10:23.153   545 22364 I DownloadManager: in removeSpuriousFiles, preserving file /data/data/com.android.providers.downloads/cache/metadata-716.htm
07-05 15:10:23.157   545 22364 I DownloadManager: in removeSpuriousFiles, preserving file /data/data/com.android.providers.downloads/cache/metadata-182.htm
07-05 15:10:23.157   545 22364 I DownloadManager: in removeSpuriousFiles, preserving file /data/data/com.android.providers.downloads/cache/metadata-1434.htm
07-05 15:10:23.157   545 22364 I DownloadManager: in removeSpuriousFiles, preserving file /data/data/com.android.providers.downloads/cache/metadata-756.htm
07-05 15:10:23.157   545 22364 I DownloadManager: in removeSpuriousFiles, preserving file /data/data/com.android.providers.downloads/cache/metadata-637.htm
07-05 15:10:23.157   545 22364 I DownloadManager: in removeSpuriousFiles, preserving file /data/data/com.android.providers.downloads/cache/metadata-922.htm
07-05 15:10:23.157   545 22364 I DownloadManager: in removeSpuriousFiles, preserving file /data/data/com.android.providers.downloads/cache/metadata-961.htm
07-05 15:10:23.161   545 22364 I DownloadManager: in removeSpuriousFiles, preserving file /data/data/com.android.providers.downloads/cache/metadata-1409.htm
07-05 15:10:23.161   545 22364 I DownloadManager: in removeSpuriousFiles, preserving file /data/data/com.android.providers.downloads/cache/metadata-770.htm
07-05 15:10:23.161   545 22364 I DownloadManager: in removeSpuriousFiles, preserving file /data/data/com.android.providers.downloads/cache/metadata-2376.htm
07-05 15:10:23.161   545 22364 I DownloadManager: in removeSpuriousFiles, preserving file /data/data/com.android.providers.downloads/cache/metadata-1568.htm
07-05 15:10:23.161   545 22364 I DownloadManager: in removeSpuriousFiles, preserving file /data/data/com.android.providers.downloads/cache/metadata-1737.htm
07-05 15:10:23.161   545 22364 I DownloadManager: in removeSpuriousFiles, preserving file /data/data/com.android.providers.downloads/cache/metadata-592.htm
07-05 15:10:23.165   545 22364 I DownloadManager: in removeSpuriousFiles, preserving file /data/data/com.android.providers.downloads/cache/metadata-361.htm
07-05 15:10:23.165   545 22364 I DownloadManager: in removeSpuriousFiles, preserving file /data/data/com.android.providers.downloads/cache/metadata-1528.htm
07-05 15:10:23.165   545 22364 I DownloadManager: in removeSpuriousFiles, preserving file /data/data/com.android.providers.downloads/cache/metadata-1263.htm
07-05 15:10:23.165   545 22364 I DownloadManager: in removeSpuriousFiles, preserving file /data/data/com.android.providers.downloads/cache/metadata-1042.htm
07-05 15:10:23.165   545 22364 I DownloadManager: in removeSpuriousFiles, preserving file /data/data/com.android.providers.downloads/cache/metadata-2214.htm
07-05 15:10:23.169   545 22364 I DownloadManager: in removeSpuriousFiles, preserving file /data/data/com.android.providers.downloads/cache/metadata-977.htm
07-05 15:10:23.169   545 22364 I DownloadManager: in removeSpuriousFiles, preserving file /data/data/com.android.providers.downloads/cache/metadata-315.htm
07-05 15:10:23.169   545 22364 I DownloadManager: in removeSpuriousFiles, preserving file /data/data/com.android.providers.downloads/cache/metadata-130.htm
07-05 15:10:23.169   545 22364 I DownloadManager: in removeSpuriousFiles, preserving file /data/data/com.android.providers.downloads/cache/metadata-334.htm
07-05 15:10:23.169   545 22364 I DownloadManager: in removeSpuriousFiles, preserving file /data/data/com.android.providers.downloads/cache/metadata-623.htm
07-05 15:10:23.169   545 22364 I DownloadManager: in removeSpuriousFiles, preserving file /data/data/com.android.providers.downloads/cache/metadata-948.htm
07-05 15:10:23.173   545 22364 I DownloadManager: in removeSpuriousFiles, preserving file /data/data/com.android.providers.downloads/cache/metadata-1122.htm
07-05 15:10:23.173   545 22364 I DownloadManager: in removeSpuriousFiles, preserving file /data/data/com.android.providers.downloads/cache/metadata-1322.htm
07-05 15:10:23.173   545 22364 I DownloadManager: in removeSpuriousFiles, preserving file /data/data/com.android.providers.downloads/cache/metadata-903.htm
07-05 15:10:23.173   545 22364 I DownloadManager: in removeSpuriousFiles, preserving file /data/data/com.android.providers.downloads/cache/metadata-998.htm
07-05 15:10:23.173   545 22364 I DownloadManager: in removeSpuriousFiles, preserving file /data/data/com.android.providers.downloads/cache/metadata-1847.htm
07-05 15:10:23.173   545 22364 I DownloadManager: in removeSpuriousFiles, preserving file /data/data/com.android.providers.downloads/cache/metadata-141.htm
07-05 15:10:23.176   545 22364 I DownloadManager: in removeSpuriousFiles, preserving file /data/data/com.android.providers.downloads/cache/metadata-1203.htm
07-05 15:10:23.176   545 22364 I DownloadManager: in removeSpuriousFiles, preserving file /data/data/com.android.providers.downloads/cache/metadata-683.htm
07-05 15:10:23.176   545 22364 I DownloadManager: in removeSpuriousFiles, preserving file /data/data/com.android.providers.downloads/cache/metadata-565.htm
07-05 15:10:23.176   545 22364 I DownloadManager: in removeSpuriousFiles, preserving file /data/data/com.android.providers.downloads/cache/metadata-1951.htm
07-05 15:10:23.176   545 22364 I DownloadManager: in removeSpuriousFiles, preserving file /data/data/com.android.providers.downloads/cache/metadata-660.htm
07-05 15:10:23.180   545 22364 I DownloadManager: in removeSpuriousFiles, preserving file /data/data/com.android.providers.downloads/cache/metadata-663.htm
07-05 15:10:23.180   545 22364 I DownloadManager: in removeSpuriousFiles, preserving file /data/data/com.android.providers.downloads/cache/metadata-1282.htm
07-05 15:10:23.180   545 22364 I DownloadManager: in removeSpuriousFiles, preserving file /data/data/com.android.providers.downloads/cache/metadata-1205.htm
07-05 15:10:23.180   545 22364 I DownloadManager: in removeSpuriousFiles, preserving file /data/data/com.android.providers.downloads/cache/metadata-2040.htm
07-05 15:10:23.180   545 22364 I DownloadManager: in removeSpuriousFiles, preserving file /data/data/com.android.providers.downloads/cache/metadata-789.htm
07-05 15:10:23.180   545 22364 I DownloadManager: in removeSpuriousFiles, preserving file /data/data/com.android.providers.downloads/cache/metadata-904.htm
07-05 15:10:23.184   545 22364 I DownloadManager: in removeSpuriousFiles, preserving file /data/data/com.android.providers.downloads/cache/metadata-519.htm
07-05 15:10:23.184   545 22364 I DownloadManager: in removeSpuriousFiles, preserving file /data/data/com.android.providers.downloads/cache/metadata-89.htm
07-05 15:10:23.184   545 22364 I DownloadManager: in removeSpuriousFiles, preserving file /data/data/com.android.providers.downloads/cache/metadata-232.htm
07-05 15:10:23.184   545 22364 I DownloadManager: in removeSpuriousFiles, preserving file /data/data/com.android.providers.downloads/cache/metadata-3.htm
07-05 15:10:23.184   545 22364 I DownloadManager: in removeSpuriousFiles, preserving file /data/data/com.android.providers.downloads/cache/metadata-2271.htm
07-05 15:10:23.184   545 22364 I DownloadManager: in removeSpuriousFiles, preserving file /data/data/com.android.providers.downloads/cache/metadata-20.htm
07-05 15:10:23.184   545 22364 I DownloadManager: in removeSpuriousFiles, preserving file /data/data/com.android.providers.downloads/cache/metadata-26.htm
07-05 15:10:23.184   545 22364 I DownloadManager: in removeSpuriousFiles, preserving file /data/data/com.android.providers.downloads/cache/metadata-51.htm
07-05 15:10:23.188   545 22364 I DownloadManager: in removeSpuriousFiles, preserving file /data/data/com.android.providers.downloads/cache/metadata-38.htm
07-05 15:10:23.188   545 22364 I DownloadManager: in removeSpuriousFiles, preserving file /data/data/com.android.providers.downloads/cache/metadata-301.htm
07-05 15:10:23.188   545 22364 I DownloadManager: in removeSpuriousFiles, preserving file /data/data/com.android.providers.downloads/cache/metadata-688.htm
07-05 15:10:23.188   545 22364 I DownloadManager: in removeSpuriousFiles, preserving file /data/data/com.android.providers.downloads/cache/metadata-188.htm
07-05 15:10:23.188   545 22364 I DownloadManager: in removeSpuriousFiles, preserving file /data/data/com.android.providers.downloads/cache/metadata-314.htm
07-05 15:10:23.188   545 22364 I DownloadManager: in removeSpuriousFiles, preserving file /data/data/com.android.providers.downloads/cache/metadata-530.htm
07-05 15:10:23.188   545 22364 I DownloadManager: in removeSpuriousFiles, preserving file /data/data/com.android.providers.downloads/cache/metadata-63.htm
07-05 15:10:23.188   545 22364 I DownloadManager: in removeSpuriousFiles, preserving file /data/data/com.android.providers.downloads/cache/metadata-418.htm
07-05 15:10:23.188   545 22364 I DownloadManager: in removeSpuriousFiles, preserving file /data/data/com.android.providers.downloads/cache/metadata-138.htm
07-05 15:10:23.188   545 22364 I DownloadManager: in removeSpuriousFiles, preserving file /data/data/com.android.providers.downloads/cache/metadata-368.htm
07-05 15:10:23.188   545 22364 I DownloadManager: in removeSpuriousFiles, preserving file /data/data/com.android.providers.downloads/cache/metadata-206.htm
07-05 15:10:23.188   545 22364 I DownloadManager: in removeSpuriousFiles, preserving file /data/data/com.android.providers.downloads/cache/metadata-153.htm
07-05 15:10:23.192   545 22364 I DownloadManager: in removeSpuriousFiles, preserving file /data/data/com.android.providers.downloads/cache/metadata-175.htm
07-05 15:10:23.192   545 22364 I DownloadManager: in removeSpuriousFiles, preserving file /data/data/com.android.providers.downloads/cache/metadata-201.htm
07-05 15:10:23.192   545 22364 I DownloadManager: in removeSpuriousFiles, preserving file /data/data/com.android.providers.downloads/cache/metadata-217.htm
07-05 15:10:23.192   545 22364 I DownloadManager: in removeSpuriousFiles, preserving file /data/data/com.android.providers.downloads/cache/metadata-126.htm
07-05 15:10:23.192   545 22364 I DownloadManager: in removeSpuriousFiles, preserving file /data/data/com.android.providers.downloads/cache/metadata-312.htm
07-05 15:10:23.192   545 22364 I DownloadManager: in removeSpuriousFiles, preserving file /data/data/com.android.providers.downloads/cache/metadata-273.htm
07-05 15:10:23.192   545 22364 I DownloadManager: in removeSpuriousFiles, preserving file /data/data/com.android.providers.downloads/cache/metadata-348.htm
07-05 15:10:23.192   545 22364 I DownloadManager: in removeSpuriousFiles, preserving file /data/data/com.android.providers.downloads/cache/metadata-1285.htm
07-05 15:10:23.192   545 22364 I DownloadManager: in removeSpuriousFiles, preserving file /data/data/com.android.providers.downloads/cache/metadata-140.htm
07-05 15:10:23.192   545 22364 I DownloadManager: in removeSpuriousFiles, preserving file /data/data/com.android.providers.downloads/cache/metadata-156.htm
07-05 15:10:23.192   545 22364 I DownloadManager: in removeSpuriousFiles, preserving file /data/data/com.android.providers.downloads/cache/metadata-1541.htm
07-05 15:10:23.192   545 22364 I DownloadManager: in removeSpuriousFiles, preserving file /data/data/com.android.providers.downloads/cache/metadata-1145.htm
07-05 15:10:23.196   545 22364 I DownloadManager: in removeSpuriousFiles, preserving file /data/data/com.android.providers.downloads/cache/metadata-1472.htm
07-05 15:10:23.196   545 22364 I DownloadManager: in removeSpuriousFiles, preserving file /data/data/com.android.providers.downloads/cache/metadata-1534.htm
07-05 15:10:23.196   545 22364 I DownloadManager: in removeSpuriousFiles, preserving file /data/data/com.android.providers.downloads/cache/metadata-187.htm
07-05 15:10:23.196   545 22364 I DownloadManager: in removeSpuriousFiles, preserving file /data/data/com.android.providers.downloads/cache/metadata-1486.htm
07-05 15:10:23.196   545 22364 I DownloadManager: in removeSpuriousFiles, preserving file /data/data/com.android.providers.downloads/cache/metadata-545.htm
07-05 15:10:23.196   545 22364 I DownloadManager: in removeSpuriousFiles, preserving file /data/data/com.android.providers.downloads/cache/metadata-505.htm
07-05 15:10:23.196   545 22364 I DownloadManager: in removeSpuriousFiles, preserving file /data/data/com.android.providers.downloads/cache/metadata-234.htm
07-05 15:10:23.196   545 22364 I DownloadManager: in removeSpuriousFiles, preserving file /data/data/com.android.providers.downloads/cache/metadata-197.htm
07-05 15:10:23.196   545 22364 I DownloadManager: in removeSpuriousFiles, preserving file /data/data/com.android.providers.downloads/cache/metadata-495.htm
07-05 15:10:23.196   545 22364 I DownloadManager: in removeSpuriousFiles, preserving file /data/data/com.android.providers.downloads/cache/metadata-1192.htm
07-05 15:10:23.196   545 22364 I DownloadManager: in removeSpuriousFiles, preserving file /data/data/com.android.providers.downloads/cache/metadata-462.htm
07-05 15:10:23.196   545 22364 I DownloadManager: in removeSpuriousFiles, preserving file /data/data/com.android.providers.downloads/cache/metadata-859.htm
07-05 15:10:23.200   545 22364 I DownloadManager: in removeSpuriousFiles, preserving file /data/data/com.android.providers.downloads/cache/metadata-247.htm
07-05 15:10:23.200   545 22364 I DownloadManager: in removeSpuriousFiles, preserving file /data/data/com.android.providers.downloads/cache/metadata-1635.htm
07-05 15:10:23.200   545 22364 I DownloadManager: in removeSpuriousFiles, preserving file /data/data/com.android.providers.downloads/cache/metadata-1077.htm
07-05 15:10:23.200   545 22364 I DownloadManager: in removeSpuriousFiles, preserving file /data/data/com.android.providers.downloads/cache/metadata-598.htm
07-05 15:10:23.200   545 22364 I DownloadManager: in removeSpuriousFiles, preserving file /data/data/com.android.providers.downloads/cache/metadata-566.htm
07-05 15:10:23.200   545 22364 I DownloadManager: in removeSpuriousFiles, preserving file /data/data/com.android.providers.downloads/cache/metadata-700.htm
07-05 15:10:23.200   545 22364 I DownloadManager: in removeSpuriousFiles, preserving file /data/data/com.android.providers.downloads/cache/metadata-281.htm
07-05 15:10:23.200   545 22364 I DownloadManager: in removeSpuriousFiles, preserving file /data/data/com.android.providers.downloads/cache/metadata-202.htm
07-05 15:10:23.200   545 22364 I DownloadManager: in removeSpuriousFiles, preserving file /data/data/com.android.providers.downloads/cache/metadata-1355.htm
07-05 15:10:23.200   545 22364 I DownloadManager: in removeSpuriousFiles, preserving file /data/data/com.android.providers.downloads/cache/metadata-406.htm
07-05 15:10:23.204   545 22364 I DownloadManager: in removeSpuriousFiles, preserving file /data/data/com.android.providers.downloads/cache/metadata-751.htm
07-05 15:10:23.204   545 22364 I DownloadManager: in removeSpuriousFiles, preserving file /data/data/com.android.providers.downloads/cache/metadata-1207.htm
07-05 15:10:23.204   545 22364 I DownloadManager: in removeSpuriousFiles, preserving file /data/data/com.android.providers.downloads/cache/metadata-413.htm
07-05 15:10:23.204   545 22364 I DownloadManager: in removeSpuriousFiles, preserving file /data/data/com.android.providers.downloads/cache/metadata-1454.htm
07-05 15:10:23.204   545 22364 I DownloadManager: in removeSpuriousFiles, preserving file /data/data/com.android.providers.downloads/cache/metadata-1202.htm
07-05 15:10:23.204   545 22364 I DownloadManager: in removeSpuriousFiles, preserving file /data/data/com.android.providers.downloads/cache/metadata-990.htm
07-05 15:10:23.204   545 22364 I DownloadManager: in removeSpuriousFiles, preserving file /data/data/com.android.providers.downloads/cache/metadata-1570.htm
07-05 15:10:23.204   545 22364 I DownloadManager: in removeSpuriousFiles, preserving file /data/data/com.android.providers.downloads/cache/metadata-772.htm
07-05 15:10:23.208   545 22364 I DownloadManager: in removeSpuriousFiles, preserving file /data/data/com.android.providers.downloads/cache/metadata-851.htm
07-05 15:10:23.208   545 22364 I DownloadManager: in removeSpuriousFiles, preserving file /data/data/com.android.providers.downloads/cache/metadata-320.htm
07-05 15:10:23.208   545 22364 I DownloadManager: in removeSpuriousFiles, preserving file /data/data/com.android.providers.downloads/cache/metadata-919.htm
07-05 15:10:23.208   545 22364 I DownloadManager: in removeSpuriousFiles, preserving file /data/data/com.android.providers.downloads/cache/metadata-180.htm
07-05 15:10:23.208   545 22364 I DownloadManager: in removeSpuriousFiles, preserving file /data/data/com.android.providers.downloads/cache/metadata-1136.htm
07-05 15:10:23.208   545 22364 I DownloadManager: in removeSpuriousFiles, preserving file /data/data/com.android.providers.downloads/cache/metadata-241.htm
07-05 15:10:23.208   545 22364 I DownloadManager: in removeSpuriousFiles, preserving file /data/data/com.android.providers.downloads/cache/metadata-109.htm
07-05 15:10:23.208   545 22364 I DownloadManager: in removeSpuriousFiles, preserving file /data/data/com.android.providers.downloads/cache/metadata-218.htm
07-05 15:10:23.212   545 22364 I DownloadManager: in removeSpuriousFiles, preserving file /data/data/com.android.providers.downloads/cache/metadata-144.htm
07-05 15:10:23.212   545 22364 I DownloadManager: in removeSpuriousFiles, preserving file /data/data/com.android.providers.downloads/cache/metadata-1030.htm
07-05 15:10:23.212   545 22364 I DownloadManager: in removeSpuriousFiles, preserving file /data/data/com.android.providers.downloads/cache/metadata-727.htm
07-05 15:10:23.212   545 22364 I DownloadManager: in removeSpuriousFiles, preserving file /data/data/com.android.providers.downloads/cache/metadata-1219.htm
07-05 15:10:23.212   545 22364 I DownloadManager: in removeSpuriousFiles, preserving file /data/data/com.android.providers.downloads/cache/metadata-1273.htm
07-05 15:10:23.212   545 22364 I DownloadManager: in removeSpuriousFiles, preserving file /data/data/com.android.providers.downloads/cache/metadata-1480.htm
07-05 15:10:23.212   545 22364 I DownloadManager: in removeSpuriousFiles, preserving file /data/data/com.android.providers.downloads/cache/metadata-1321.htm
07-05 15:10:23.212   545 22364 I DownloadManager: in removeSpuriousFiles, preserving file /data/data/com.android.providers.downloads/cache/metadata-718.htm
07-05 15:10:23.212   545 22364 I DownloadManager: in removeSpuriousFiles, preserving file /data/data/com.android.providers.downloads/cache/metadata-2256.htm
07-05 15:10:23.212   545 22364 I DownloadManager: in removeSpuriousFiles, preserving file /data/data/com.android.providers.downloads/cache/metadata-1450.htm
07-05 15:10:23.212   545 22364 I DownloadManager: in removeSpuriousFiles, preserving file /data/data/com.android.providers.downloads/cache/metadata-1667.htm
07-05 15:10:23.212   545 22364 I DownloadManager: in removeSpuriousFiles, preserving file /data/data/com.android.providers.downloads/cache/metadata-499.htm
07-05 15:10:23.212   545 22364 I DownloadManager: in removeSpuriousFiles, preserving file /data/data/com.android.providers.downloads/cache/metadata-759.htm
07-05 15:10:23.216   545 22364 I DownloadManager: in removeSpuriousFiles, preserving file /data/data/com.android.providers.downloads/cache/metadata-1936.htm
07-05 15:10:23.216   545 22364 I DownloadManager: in removeSpuriousFiles, preserving file /data/data/com.android.providers.downloads/cache/metadata-1232.htm
07-05 15:10:23.216   545 22364 I DownloadManager: in removeSpuriousFiles, preserving file /data/data/com.android.providers.downloads/cache/metadata-1625.htm
07-05 15:10:23.216   545 22364 I DownloadManager: in removeSpuriousFiles, preserving file /data/data/com.android.providers.downloads/cache/metadata-121.htm
07-05 15:10:23.216   545 22364 I DownloadManager: in removeSpuriousFiles, preserving file /data/data/com.android.providers.downloads/cache/metadata-678.htm
07-05 15:10:23.216   545 22364 I DownloadManager: in removeSpuriousFiles, preserving file /data/data/com.android.providers.downloads/cache/metadata-540.htm
07-05 15:10:23.216   545 22364 I DownloadManager: in removeSpuriousFiles, preserving file /data/data/com.android.providers.downloads/cache/metadata-1525.htm
07-05 15:10:23.216   545 22364 I DownloadManager: in removeSpuriousFiles, preserving file /data/data/com.android.providers.downloads/cache/metadata-937.htm
07-05 15:10:23.219   545 22364 I DownloadManager: in removeSpuriousFiles, preserving file /data/data/com.android.providers.downloads/cache/metadata-184.htm
07-05 15:10:23.219   545 22364 I DownloadManager: in removeSpuriousFiles, preserving file /data/data/com.android.providers.downloads/cache/metadata-2663.htm
07-05 15:10:23.219   545 22364 I DownloadManager: in removeSpuriousFiles, preserving file /data/data/com.android.providers.downloads/cache/metadata-475.htm
07-05 15:10:23.219   545 22364 I DownloadManager: in removeSpuriousFiles, preserving file /data/data/com.android.providers.downloads/cache/metadata-1597.htm
07-05 15:10:23.219   545 22364 I DownloadManager: in removeSpuriousFiles, preserving file /data/data/com.android.providers.downloads/cache/metadata-1451.htm
07-05 15:10:23.219   545 22364 I DownloadManager: in removeSpuriousFiles, preserving file /data/data/com.android.providers.downloads/cache/metadata-2205.htm
07-05 15:10:23.219   545 22364 I DownloadManager: in removeSpuriousFiles, preserving file /data/data/com.android.providers.downloads/cache/metadata-1495.htm
07-05 15:10:23.219   545 22364 I DownloadManager: in removeSpuriousFiles, preserving file /data/data/com.android.providers.downloads/cache/metadata-667.htm
07-05 15:10:23.223   545 22364 I DownloadManager: in removeSpuriousFiles, preserving file /data/data/com.android.providers.downloads/cache/metadata-1636.htm
07-05 15:10:23.223   545 22364 I DownloadManager: in removeSpuriousFiles, preserving file /data/data/com.android.providers.downloads/cache/metadata-666.htm
07-05 15:10:23.223   545 22364 I DownloadManager: in removeSpuriousFiles, preserving file /data/data/com.android.providers.downloads/cache/metadata-2249.htm
07-05 15:10:23.223   545 22364 I DownloadManager: in removeSpuriousFiles, preserving file /data/data/com.android.providers.downloads/cache/metadata-1684.htm
07-05 15:10:23.223   545 22364 I DownloadManager: in removeSpuriousFiles, preserving file /data/data/com.android.providers.downloads/cache/metadata-120.htm
07-05 15:10:23.223   545 22364 I DownloadManager: in removeSpuriousFiles, preserving file /data/data/com.android.providers.downloads/cache/metadata-326.htm
07-05 15:10:23.223   545 22364 I DownloadManager: in removeSpuriousFiles, preserving file /data/data/com.android.providers.downloads/cache/metadata-1305.htm
07-05 15:10:23.227   545 22364 I DownloadManager: in removeSpuriousFiles, preserving file /data/data/com.android.providers.downloads/cache/metadata-1929.htm
07-05 15:10:23.227   545 22364 I DownloadManager: in removeSpuriousFiles, preserving file /data/data/com.android.providers.downloads/cache/metadata-2292.htm
07-05 15:10:23.227   545 22364 I DownloadManager: in removeSpuriousFiles, preserving file /data/data/com.android.providers.downloads/cache/metadata-704.htm
07-05 15:10:23.227   545 22364 I DownloadManager: in removeSpuriousFiles, preserving file /data/data/com.android.providers.downloads/cache/metadata-2193.htm
07-05 15:10:23.227   545 22364 I DownloadManager: in removeSpuriousFiles, preserving file /data/data/com.android.providers.downloads/cache/metadata-531.htm
07-05 15:10:23.227   545 22364 I DownloadManager: in removeSpuriousFiles, preserving file /data/data/com.android.providers.downloads/cache/metadata-412.htm
07-05 15:10:23.227   545 22364 I DownloadManager: in removeSpuriousFiles, preserving file /data/data/com.android.providers.downloads/cache/metadata-1984.htm
07-05 15:10:23.231   545 22364 I DownloadManager: in removeSpuriousFiles, preserving file /data/data/com.android.providers.downloads/cache/metadata-722.htm
07-05 15:10:23.231   545 22364 I DownloadManager: in removeSpuriousFiles, preserving file /data/data/com.android.providers.downloads/cache/metadata-1986.htm
07-05 15:10:23.231   545 22364 I DownloadManager: in removeSpuriousFiles, preserving file /data/data/com.android.providers.downloads/cache/metadata-897.htm
07-05 15:10:23.231   545 22364 I DownloadManager: in removeSpuriousFiles, preserving file /data/data/com.android.providers.downloads/cache/metadata-554.htm
07-05 15:10:23.231   545 22364 I DownloadManager: in removeSpuriousFiles, preserving file /data/data/com.android.providers.downloads/cache/metadata-1233.htm
07-05 15:10:23.231   545 22364 I DownloadManager: in removeSpuriousFiles, preserving file /data/data/com.android.providers.downloads/cache/metadata-2453.htm
07-05 15:10:23.231   545 22364 I DownloadManager: in removeSpuriousFiles, preserving file /data/data/com.android.providers.downloads/cache/metadata-2062.htm
07-05 15:10:23.235   545 22364 I DownloadManager: in removeSpuriousFiles, preserving file /data/data/com.android.providers.downloads/cache/metadata-1557.htm
07-05 15:10:23.235   545 22364 I DownloadManager: in removeSpuriousFiles, preserving file /data/data/com.android.providers.downloads/cache/metadata-650.htm
07-05 15:10:23.235   545 22364 I DownloadManager: in removeSpuriousFiles, preserving file /data/data/com.android.providers.downloads/cache/metadata-601.htm
07-05 15:10:23.235   545 22364 I DownloadManager: in removeSpuriousFiles, preserving file /data/data/com.android.providers.downloads/cache/metadata-1221.htm
07-05 15:10:23.235   545 22364 I DownloadManager: deleting spurious file /cache/dalvik-cache
07-05 15:10:23.239   545 22364 I DownloadManager: deleting spurious file /data/data/com.android.providers.downloads/cache/metadata-7.htm
07-05 15:10:23.239   545 22364 I DownloadManager: deleting spurious file /data/data/com.android.providers.downloads/cache/metadata-27.htm
07-05 15:10:23.239   545 22364 I DownloadManager: deleting spurious file /data/data/com.android.providers.downloads/cache/metadata-125.htm
07-05 15:10:23.247   545 22364 I DownloadManager: deleting spurious file /data/data/com.android.providers.downloads/cache/metadata-16.htm
07-05 15:10:23.247   545 22364 I DownloadManager: deleting spurious file /data/data/com.android.providers.downloads/cache/metadata-52.htm
07-05 15:10:23.247   545 22364 I DownloadManager: deleting spurious file /data/data/com.android.providers.downloads/cache/metadata-336.htm
07-05 15:10:23.247   545 22364 I DownloadManager: deleting spurious file /data/data/com.android.providers.downloads/cache/metadata-1479.htm
07-05 15:10:23.247   545 22364 I DownloadManager: deleting spurious file /data/data/com.android.providers.downloads/cache/metadata-45.htm
07-05 15:10:23.247   545 22364 I DownloadManager: deleting spurious file /data/data/com.android.providers.downloads/cache/metadata-78.htm
07-05 15:10:23.247   545 22364 I DownloadManager: deleting spurious file /data/data/com.android.providers.downloads/cache/metadata-103.htm
07-05 15:10:23.247   545 22364 I DownloadManager: deleting spurious file /data/data/com.android.providers.downloads/cache/metadata-49.htm
07-05 15:10:23.247   545 22364 I DownloadManager: deleting spurious file /data/data/com.android.providers.downloads/cache/metadata-447.htm
07-05 15:10:23.247   545 22364 I DownloadManager: deleting spurious file /data/data/com.android.providers.downloads/cache/metadata-237.htm
07-05 15:10:23.251   545 22364 I DownloadManager: deleting spurious file /data/data/com.android.providers.downloads/cache/metadata-428.htm
07-05 15:10:23.251   545 22364 I DownloadManager: deleting spurious file /data/data/com.android.providers.downloads/cache/metadata-114.htm
07-05 15:10:23.251   545 22364 I DownloadManager: deleting spurious file /data/data/com.android.providers.downloads/cache/metadata-291.htm
07-05 15:10:23.251   545 22364 I DownloadManager: deleting spurious file /data/data/com.android.providers.downloads/cache/metadata-276.htm
07-05 15:10:23.251   545 22364 I DownloadManager: deleting spurious file /data/data/com.android.providers.downloads/cache/metadata-550.htm
07-05 15:10:23.251   545 22364 I DownloadManager: deleting spurious file /data/data/com.android.providers.downloads/cache/metadata-117.htm
07-05 15:10:23.251   545 22364 I DownloadManager: deleting spurious file /data/data/com.android.providers.downloads/cache/metadata-64.htm
07-05 15:10:23.251   545 22364 I DownloadManager: deleting spurious file /data/data/com.android.providers.downloads/cache/metadata-1696.htm
07-05 15:10:23.255   545 22364 I DownloadManager: deleting spurious file /data/data/com.android.providers.downloads/cache/metadata-434.htm
07-05 15:10:23.255   545 22364 I DownloadManager: deleting spurious file /data/data/com.android.providers.downloads/cache/metadata-73.htm
07-05 15:10:23.255   545 22364 I DownloadManager: deleting spurious file /data/data/com.android.providers.downloads/cache/metadata-528.htm
07-05 15:10:23.255   545 22364 I DownloadManager: deleting spurious file /data/data/com.android.providers.downloads/cache/metadata-124.htm
07-05 15:10:23.255   545 22364 I DownloadManager: deleting spurious file /data/data/com.android.providers.downloads/cache/metadata-2378.htm
07-05 15:10:23.255   545 22364 I DownloadManager: deleting spurious file /data/data/com.android.providers.downloads/cache/metadata-1654.htm
07-05 15:10:23.255   545 22364 I DownloadManager: deleting spurious file /data/data/com.android.providers.downloads/cache/metadata-375.htm
07-05 15:10:23.255   545 22364 I DownloadManager: deleting spurious file /data/data/com.android.providers.downloads/cache/metadata-706.htm
07-05 15:10:23.255   545 22364 I DownloadManager: deleting spurious file /data/data/com.android.providers.downloads/cache/metadata-1390.htm
07-05 15:10:23.255   545 22364 I DownloadManager: deleting spurious file /data/data/com.android.providers.downloads/cache/metadata-199.htm
07-05 15:10:23.255   545 22364 I DownloadManager: deleting spurious file /data/data/com.android.providers.downloads/cache/metadata-148.htm
07-05 15:10:23.259   545 22364 I DownloadManager: deleting spurious file /data/data/com.android.providers.downloads/cache/metadata-81.htm
07-05 15:10:23.259   545 22364 I DownloadManager: deleting spurious file /data/data/com.android.providers.downloads/cache/metadata-680.htm
07-05 15:10:23.259   545 22364 I DownloadManager: deleting spurious file /data/data/com.android.providers.downloads/cache/metadata-1286.htm
07-05 15:10:23.259   545 22364 I DownloadManager: deleting spurious file /data/data/com.android.providers.downloads/cache/metadata-233.htm
07-05 15:10:23.259   545 22364 I DownloadManager: deleting spurious file /data/data/com.android.providers.downloads/cache/metadata-75.htm
07-05 15:10:23.259   545 22364 I DownloadManager: deleting spurious file /data/data/com.android.providers.downloads/cache/metadata-1657.htm
07-05 15:10:23.259   545 22364 I DownloadManager: deleting spurious file /data/data/com.android.providers.downloads/cache/metadata-721.htm
07-05 15:10:23.262   545 22364 I DownloadManager: deleting spurious file /data/data/com.android.providers.downloads/cache/metadata-107.htm
07-05 15:10:23.262   545 22364 I DownloadManager: deleting spurious file /data/data/com.android.providers.downloads/cache/metadata-265.htm
07-05 15:10:23.262   545 22364 I DownloadManager: deleting spurious file /data/data/com.android.providers.downloads/cache/metadata-1185.htm
07-05 15:10:23.262   545 22364 I DownloadManager: deleting spurious file /data/data/com.android.providers.downloads/cache/metadata-661.htm
07-05 15:10:23.262   545 22364 I DownloadManager: deleting spurious file /data/data/com.android.providers.downloads/cache/metadata-113.htm
07-05 15:10:23.262   545 22364 I DownloadManager: deleting spurious file /data/data/com.android.providers.downloads/cache/metadata-150.htm
07-05 15:10:23.262   545 22364 I DownloadManager: deleting spurious file /data/data/com.android.providers.downloads/cache/metadata-335.htm
07-05 15:10:23.262   545 22364 I DownloadManager: deleting spurious file /data/data/com.android.providers.downloads/cache/metadata-1036.htm
07-05 15:10:23.266   545 22364 I DownloadManager: deleting spurious file /data/data/com.android.providers.downloads/cache/metadata-1361.htm
07-05 15:10:23.266   545 22364 I DownloadManager: deleting spurious file /data/data/com.android.providers.downloads/cache/metadata-1315.htm
07-05 15:10:23.266   545 22364 I DownloadManager: deleting spurious file /data/data/com.android.providers.downloads/cache/metadata-1500.htm
07-05 15:10:23.266   545 22364 I DownloadManager: deleting spurious file /data/data/com.android.providers.downloads/cache/metadata-240.htm
07-05 15:10:23.266   545 22364 I DownloadManager: deleting spurious file /data/data/com.android.providers.downloads/cache/metadata-2216.htm
07-05 15:10:23.266   545 22364 I DownloadManager: deleting spurious file /data/data/com.android.providers.downloads/cache/metadata-1861.htm
07-05 15:10:23.266   545 22364 I DownloadManager: deleting spurious file /data/data/com.android.providers.downloads/cache/metadata-212.htm
07-05 15:10:23.270   545 22364 I DownloadManager: deleting spurious file /data/data/com.android.providers.downloads/cache/metadata-416.htm
07-05 15:10:23.270   545 22364 I DownloadManager: deleting spurious file /data/data/com.android.providers.downloads/cache/metadata-105.htm
07-05 15:10:23.270   545 22364 I DownloadManager: deleting spurious file /data/data/com.android.providers.downloads/cache/metadata-77.htm
07-05 15:10:23.270   545 22364 I DownloadManager: deleting spurious file /data/data/com.android.providers.downloads/cache/metadata-1270.htm
07-05 15:10:23.270   545 22364 I DownloadManager: deleting spurious file /data/data/com.android.providers.downloads/cache/metadata-953.htm
07-05 15:10:23.270   545 22364 I DownloadManager: deleting spurious file /data/data/com.android.providers.downloads/cache/metadata-817.htm
07-05 15:10:23.270   545 22364 I DownloadManager: deleting spurious file /data/data/com.android.providers.downloads/cache/metadata-1757.htm
07-05 15:10:23.274   545 22364 I DownloadManager: deleting spurious file /data/data/com.android.providers.downloads/cache/metadata-399.htm
07-05 15:10:23.274   545 22364 I DownloadManager: deleting spurious file /data/data/com.android.providers.downloads/cache/metadata-352.htm
07-05 15:10:23.274   545 22364 I DownloadManager: deleting spurious file /data/data/com.android.providers.downloads/cache/metadata-251.htm
07-05 15:10:23.274   545 22364 I DownloadManager: deleting spurious file /data/data/com.android.providers.downloads/cache/metadata-1806.htm
07-05 15:10:23.274   545 22364 I DownloadManager: deleting spurious file /data/data/com.android.providers.downloads/cache/metadata-467.htm
07-05 15:10:23.274   545 22364 I DownloadManager: deleting spurious file /data/data/com.android.providers.downloads/cache/metadata-269.htm
07-05 15:10:23.274   545 22364 I DownloadManager: deleting spurious file /data/data/com.android.providers.downloads/cache/metadata-534.htm
07-05 15:10:23.274   545 22364 I DownloadManager: deleting spurious file /data/data/com.android.providers.downloads/cache/metadata-1189.htm
07-05 15:10:23.278   545 22364 I DownloadManager: deleting spurious file /data/data/com.android.providers.downloads/cache/metadata-216.htm
07-05 15:10:23.278   545 22364 I DownloadManager: deleting spurious file /data/data/com.android.providers.downloads/cache/metadata-852.htm
07-05 15:10:23.278   545 22364 I DownloadManager: deleting spurious file /data/data/com.android.providers.downloads/cache/metadata-1324.htm
07-05 15:10:23.278   545 22364 I DownloadManager: deleting spurious file /data/data/com.android.providers.downloads/cache/metadata-231.htm
07-05 15:10:23.278   545 22364 I DownloadManager: deleting spurious file /data/data/com.android.providers.downloads/cache/metadata-1391.htm
07-05 15:10:23.278   545 22364 I DownloadManager: deleting spurious file /data/data/com.android.providers.downloads/cache/metadata-1029.htm
07-05 15:10:23.278   545 22364 I DownloadManager: deleting spurious file /data/data/com.android.providers.downloads/cache/metadata-1268.htm
07-05 15:10:23.278   545 22364 I DownloadManager: deleting spurious file /data/data/com.android.providers.downloads/cache/metadata-1335.htm
07-05 15:10:23.282   545 22364 I DownloadManager: deleting spurious file /data/data/com.android.providers.downloads/cache/metadata-170.htm
07-05 15:10:23.282   545 22364 I DownloadManager: deleting spurious file /data/data/com.android.providers.downloads/cache/metadata-445.htm
07-05 15:10:23.282   545 22364 I DownloadManager: deleting spurious file /data/data/com.android.providers.downloads/cache/metadata-205.htm
07-05 15:10:23.282   545 22364 I DownloadManager: deleting spurious file /data/data/com.android.providers.downloads/cache/metadata-1868.htm
07-05 15:10:23.282   545 22364 I DownloadManager: deleting spurious file /data/data/com.android.providers.downloads/cache/metadata-2048.htm
07-05 15:10:23.282   545 22364 I DownloadManager: deleting spurious file /data/data/com.android.providers.downloads/cache/metadata-1200.htm
07-05 15:10:23.282   545 22364 I DownloadManager: deleting spurious file /data/data/com.android.providers.downloads/cache/metadata-551.htm
07-05 15:10:23.286   545 22364 I DownloadManager: deleting spurious file /data/data/com.android.providers.downloads/cache/metadata-1580.htm
07-05 15:10:23.286   545 22364 I DownloadManager: deleting spurious file /data/data/com.android.providers.downloads/cache/metadata-1307.htm
07-05 15:10:23.286   545 22364 I DownloadManager: deleting spurious file /data/data/com.android.providers.downloads/cache/metadata-649.htm
07-05 15:10:23.286   545 22364 I DownloadManager: deleting spurious file /data/data/com.android.providers.downloads/cache/metadata-1678.htm
07-05 15:10:23.286   545 22364 I DownloadManager: deleting spurious file /data/data/com.android.providers.downloads/cache/metadata-651.htm
07-05 15:10:23.286   545 22364 I DownloadManager: deleting spurious file /data/data/com.android.providers.downloads/cache/metadata-1394.htm
07-05 15:10:23.286   545 22364 I DownloadManager: deleting spurious file /data/data/com.android.providers.downloads/cache/metadata-913.htm
07-05 15:10:23.290   545 22364 I DownloadManager: deleting spurious file /data/data/com.android.providers.downloads/cache/metadata-254.htm
07-05 15:10:23.290   545 22364 I DownloadManager: deleting spurious file /data/data/com.android.providers.downloads/cache/metadata-1092.htm
07-05 15:10:23.290   545 22364 I DownloadManager: deleting spurious file /data/data/com.android.providers.downloads/cache/metadata-943.htm
07-05 15:10:23.290   545 22364 I DownloadManager: deleting spurious file /data/data/com.android.providers.downloads/cache/metadata-878.htm
07-05 15:10:23.290   545 22364 I DownloadManager: deleting spurious file /data/data/com.android.providers.downloads/cache/metadata-1237.htm
07-05 15:10:23.290   545 22364 I DownloadManager: deleting spurious file /data/data/com.android.providers.downloads/cache/metadata-1173.htm
07-05 15:10:23.290   545 22364 I DownloadManager: deleting spurious file /data/data/com.android.providers.downloads/cache/metadata-2276.htm
07-05 15:10:23.290   545 22364 I DownloadManager: deleting spurious file /data/data/com.android.providers.downloads/cache/metadata-1027.htm
07-05 15:10:23.294   545 22364 I DownloadManager: deleting spurious file /data/data/com.android.providers.downloads/cache/metadata-371.htm
07-05 15:10:23.294   545 22364 I DownloadManager: deleting spurious file /data/data/com.android.providers.downloads/cache/metadata-715.htm
07-05 15:10:23.294   545 22364 I DownloadManager: deleting spurious file /data/data/com.android.providers.downloads/cache/metadata-765.htm
07-05 15:10:23.294   545 22364 I DownloadManager: deleting spurious file /data/data/com.android.providers.downloads/cache/metadata-811.htm
07-05 15:10:23.294   545 22364 I DownloadManager: deleting spurious file /data/data/com.android.providers.downloads/cache/metadata-1002.htm
07-05 15:10:23.294   545 22364 I DownloadManager: deleting spurious file /data/data/com.android.providers.downloads/cache/metadata-2920.htm
07-05 15:10:23.294   545 22364 I DownloadManager: deleting spurious file /data/data/com.android.providers.downloads/cache/metadata-1058.htm
07-05 15:10:23.294   545 22364 I DownloadManager: deleting spurious file /data/data/com.android.providers.downloads/cache/metadata-1858.htm
07-05 15:10:23.294   545 22364 I DownloadManager: deleting spurious file /data/data/com.android.providers.downloads/cache/metadata-439.htm
07-05 15:10:23.298   545 22364 I DownloadManager: deleting spurious file /data/data/com.android.providers.downloads/cache/metadata-787.htm
07-05 15:10:23.298   545 22364 I DownloadManager: deleting spurious file /data/data/com.android.providers.downloads/cache/metadata-2045.htm
07-05 15:10:23.298   545 22364 I DownloadManager: deleting spurious file /data/data/com.android.providers.downloads/cache/metadata-1112.htm
07-05 15:10:23.298   545 22364 I DownloadManager: deleting spurious file /data/data/com.android.providers.downloads/cache/metadata-1415.htm
07-05 15:10:23.298   545 22364 I DownloadManager: deleting spurious file /data/data/com.android.providers.downloads/cache/metadata-3307.htm
07-05 15:10:23.298   545 22364 I DownloadManager: deleting spurious file /data/data/com.android.providers.downloads/cache/metadata-599.htm
07-05 15:10:23.298   545 22364 I DownloadManager: deleting spurious file /data/data/com.android.providers.downloads/cache/metadata-974.htm
07-05 15:10:23.301   545 22364 I DownloadManager: deleting spurious file /data/data/com.android.providers.downloads/cache/metadata-614.htm
07-05 15:10:23.301   545 22364 I DownloadManager: deleting spurious file /data/data/com.android.providers.downloads/cache/metadata-783.htm
07-05 15:10:23.301   545 22364 I DownloadManager: deleting spurious file /data/data/com.android.providers.downloads/cache/metadata-1279.htm
07-05 15:10:23.301   545 22364 I DownloadManager: deleting spurious file /data/data/com.android.providers.downloads/cache/metadata-1558.htm
07-05 15:10:23.301   545 22364 I DownloadManager: deleting spurious file /data/data/com.android.providers.downloads/cache/metadata-707.htm
07-05 15:10:23.301   545 22364 I DownloadManager: deleting spurious file /data/data/com.android.providers.downloads/cache/metadata-448.htm
07-05 15:10:23.415   545   548 D dalvikvm: GC_CONCURRENT freed 755K, 13% free 10536K/11975K, paused 2ms+4ms
07-05 15:10:23.766   545   548 D dalvikvm: GC_CONCURRENT freed 397K, 13% free 10537K/11975K, paused 2ms+4ms
07-05 15:10:24.106   545   548 D dalvikvm: GC_CONCURRENT freed 402K, 13% free 10527K/11975K, paused 2ms+3ms
07-05 15:10:26.032   545 22365 I DownloadManager: Initiating request for download 6431
07-05 15:10:26.137   545   548 D dalvikvm: GC_CONCURRENT freed 252K, 11% free 10687K/11975K, paused 2ms+3ms
07-05 15:10:26.262   545   548 D dalvikvm: GC_CONCURRENT freed 290K, 10% free 10843K/11975K, paused 2ms+3ms
07-05 15:10:26.520   545   548 D dalvikvm: GC_CONCURRENT freed 744K, 12% free 10592K/11975K, paused 1ms+3ms
07-05 15:10:26.852   545   548 D dalvikvm: GC_CONCURRENT freed 411K, 12% free 10580K/11975K, paused 2ms+3ms
07-05 15:10:27.141   545   548 D dalvikvm: GC_CONCURRENT freed 422K, 12% free 10551K/11975K, paused 3ms+3ms
07-05 15:10:28.727   545   548 D dalvikvm: GC_CONCURRENT freed 416K, 13% free 10524K/11975K, paused 2ms+3ms
07-05 15:10:28.821  1370 22367 E DictionaryProvider:UpdateHandler: Can't read a file : android.util.MalformedJsonException: Use JsonReader.setLenient(true) to accept malformed JSON at line 1 column 20
07-05 15:10:29.102   545   548 D dalvikvm: GC_CONCURRENT freed 408K, 13% free 10514K/11975K, paused 2ms+3ms
07-05 15:10:29.446   545   548 D dalvikvm: GC_CONCURRENT freed 405K, 13% free 10509K/11975K, paused 2ms+3ms
07-05 15:10:29.688   545 22370 I DownloadManager: Initiating request for download 6431
07-05 15:10:29.692   545 22370 W DownloadManager: Aborting request for download 6431: Trying to resume a download that can't be resumed
07-05 15:10:29.759   545   548 D dalvikvm: GC_CONCURRENT freed 405K, 13% free 10500K/11975K, paused 1ms+3ms
07-05 15:10:31.622   545   548 D dalvikvm: GC_CONCURRENT freed 386K, 13% free 10513K/11975K, paused 3ms+3ms
07-05 15:10:31.919   545   548 D dalvikvm: GC_CONCURRENT freed 428K, 13% free 10477K/11975K, paused 2ms+3ms
07-05 15:10:32.262   545   548 D dalvikvm: GC_CONCURRENT freed 389K, 13% free 10489K/11975K, paused 2ms+4ms
07-05 15:10:32.587   156   594 D dalvikvm: GC_EXPLICIT freed 764K, 16% free 13844K/16391K, paused 17ms+6ms
07-05 15:10:32.606   545 22373 I DownloadManager: Initiating request for download 6432
07-05 15:10:32.704   545   548 D dalvikvm: GC_CONCURRENT freed 225K, 11% free 10659K/11975K, paused 2ms+3ms
07-05 15:10:32.798   545   548 D dalvikvm: GC_CONCURRENT freed 297K, 10% free 10787K/11975K, paused 2ms+3ms
07-05 15:10:33.180   545   548 D dalvikvm: GC_CONCURRENT freed 761K, 13% free 10502K/11975K, paused 2ms+3ms
07-05 15:10:33.380  1370 22375 E DictionaryProvider:UpdateHandler: Can't read a file : android.util.MalformedJsonException: Use JsonReader.setLenient(true) to accept malformed JSON at line 1 column 20
07-05 15:10:33.528   545   548 D dalvikvm: GC_CONCURRENT freed 442K, 13% free 10446K/11975K, paused 2ms+2ms
07-05 15:10:33.798   545 22378 I DownloadManager: Initiating request for download 6432
07-05 15:10:33.809   545   548 D dalvikvm: GC_CONCURRENT freed 413K, 14% free 10417K/11975K, paused 2ms+3ms
07-05 15:10:33.938   545   548 D dalvikvm: GC_CONCURRENT freed 188K, 12% free 10621K/11975K, paused 2ms+3ms
07-05 15:10:34.071   545   548 D dalvikvm: GC_CONCURRENT freed 377K, 11% free 10660K/11975K, paused 2ms+2ms
07-05 15:10:34.376   545   548 D dalvikvm: GC_CONCURRENT freed 678K, 14% free 10402K/11975K, paused 2ms+3ms
07-05 15:10:34.661   545   548 D dalvikvm: GC_CONCURRENT freed 402K, 14% free 10385K/11975K, paused 2ms+2ms
07-05 15:10:34.864   545 22381 I DownloadManager: Initiating request for download 6433
07-05 15:10:34.954   545   548 D dalvikvm: GC_CONCURRENT freed 284K, 13% free 10503K/11975K, paused 2ms+3ms
07-05 15:10:35.075   545   548 D dalvikvm: GC_CONCURRENT freed 226K, 11% free 10666K/11975K, paused 2ms+3ms
07-05 15:10:35.274   545   548 D dalvikvm: GC_CONCURRENT freed 650K, 13% free 10436K/11975K, paused 2ms+3ms
07-05 15:10:35.364  1370 22383 E DictionaryProvider:UpdateHandler: Can't read a file : android.util.MalformedJsonException: Use JsonReader.setLenient(true) to accept malformed JSON at line 1 column 20
07-05 15:10:35.622   545   548 D dalvikvm: GC_CONCURRENT freed 426K, 14% free 10395K/11975K, paused 2ms+2ms
07-05 15:10:35.907   545   548 D dalvikvm: GC_CONCURRENT freed 410K, 14% free 10370K/11975K, paused 2ms+2ms
07-05 15:10:35.997   545 22386 I DownloadManager: Initiating request for download 6433
07-05 15:10:36.091   545   548 D dalvikvm: GC_CONCURRENT freed 197K, 12% free 10576K/11975K, paused 1ms+2ms
07-05 15:10:36.212   545   548 D dalvikvm: GC_CONCURRENT freed 268K, 11% free 10732K/11975K, paused 2ms+3ms
07-05 15:10:36.512   545   548 D dalvikvm: GC_CONCURRENT freed 780K, 14% free 10395K/11975K, paused 2ms+3ms
07-05 15:10:36.794   545   548 D dalvikvm: GC_CONCURRENT freed 401K, 14% free 10378K/11975K, paused 2ms+2ms
07-05 15:10:37.016   545 22389 I DownloadManager: Initiating request for download 6434
07-05 15:10:37.094   545   548 D dalvikvm: GC_CONCURRENT freed 307K, 13% free 10470K/11975K, paused 2ms+3ms
07-05 15:10:37.227   545   548 D dalvikvm: GC_CONCURRENT freed 209K, 12% free 10655K/11975K, paused 2ms+2ms
07-05 15:10:37.384   545   548 D dalvikvm: GC_CONCURRENT freed 636K, 13% free 10440K/11975K, paused 2ms+2ms
07-05 15:10:37.477  1370 22391 E DictionaryProvider:UpdateHandler: Can't read a file : android.util.MalformedJsonException: Use JsonReader.setLenient(true) to accept malformed JSON at line 1 column 20
07-05 15:10:37.512  1370  1372 D dalvikvm: GC_CONCURRENT freed 404K, 7% free 9128K/9735K, paused 1ms+2ms
07-05 15:10:37.739   545   548 D dalvikvm: GC_CONCURRENT freed 424K, 14% free 10401K/11975K, paused 3ms+3ms
07-05 15:10:38.036   545   548 D dalvikvm: GC_CONCURRENT freed 410K, 14% free 10375K/11975K, paused 2ms+4ms
07-05 15:10:38.153   545 22394 I DownloadManager: Initiating request for download 6434
07-05 15:10:38.243   545   548 D dalvikvm: GC_CONCURRENT freed 222K, 12% free 10565K/11975K, paused 2ms+3ms
07-05 15:10:38.364   545   548 D dalvikvm: GC_CONCURRENT freed 247K, 11% free 10710K/11975K, paused 2ms+2ms
07-05 15:10:38.610   545   548 D dalvikvm: GC_CONCURRENT freed 744K, 14% free 10401K/11975K, paused 2ms+2ms
07-05 15:10:38.895   545   548 D dalvikvm: GC_CONCURRENT freed 405K, 14% free 10383K/11975K, paused 2ms+2ms
07-05 15:10:39.157   545 22397 I DownloadManager: Initiating request for download 6435
07-05 15:10:39.223   545   548 D dalvikvm: GC_CONCURRENT freed 385K, 14% free 10416K/11975K, paused 2ms+3ms
07-05 15:10:39.356   545   548 D dalvikvm: GC_CONCURRENT freed 172K, 12% free 10636K/11975K, paused 2ms+2ms
07-05 15:10:39.493   545   548 D dalvikvm: GC_CONCURRENT freed 391K, 12% free 10656K/11975K, paused 2ms+2ms
07-05 15:10:39.641  1370 22399 E DictionaryProvider:UpdateHandler: Can't read a file : android.util.MalformedJsonException: Use JsonReader.setLenient(true) to accept malformed JSON at line 1 column 20
07-05 15:10:39.848   545   548 D dalvikvm: GC_CONCURRENT freed 670K, 14% free 10404K/11975K, paused 2ms+3ms
07-05 15:10:40.137   545   548 D dalvikvm: GC_CONCURRENT freed 410K, 14% free 10378K/11975K, paused 2ms+3ms
07-05 15:10:40.282   545 22402 I DownloadManager: Initiating request for download 6435
07-05 15:10:40.368   545   548 D dalvikvm: GC_CONCURRENT freed 234K, 12% free 10550K/11975K, paused 1ms+3ms
07-05 15:10:40.485   545   548 D dalvikvm: GC_CONCURRENT freed 246K, 11% free 10692K/11975K, paused 2ms+2ms
07-05 15:10:40.708   545   548 D dalvikvm: GC_CONCURRENT freed 713K, 14% free 10410K/11975K, paused 1ms+3ms
07-05 15:10:41.005   545   548 D dalvikvm: GC_CONCURRENT freed 405K, 14% free 10389K/11975K, paused 2ms+2ms
07-05 15:10:41.290   545   548 D dalvikvm: GC_CONCURRENT freed 402K, 14% free 10374K/11975K, paused 2ms+3ms
07-05 15:10:41.364   545 22405 I DownloadManager: Initiating request for download 6436
07-05 15:10:41.481   545   548 D dalvikvm: GC_CONCURRENT freed 169K, 12% free 10614K/11975K, paused 2ms+3ms
07-05 15:10:41.610   545   548 D dalvikvm: GC_CONCURRENT freed 360K, 11% free 10658K/11975K, paused 3ms+3ms
07-05 15:10:41.774  1370 22407 E DictionaryProvider:UpdateHandler: Can't read a file : android.util.MalformedJsonException: Use JsonReader.setLenient(true) to accept malformed JSON at line 1 column 20
07-05 15:10:41.911   545   548 D dalvikvm: GC_CONCURRENT freed 664K, 14% free 10413K/11975K, paused 2ms+2ms
07-05 15:10:42.192   545   548 D dalvikvm: GC_CONCURRENT freed 406K, 14% free 10391K/11975K, paused 2ms+2ms
07-05 15:10:42.376   545 22409 I DownloadManager: Initiating request for download 6436
07-05 15:10:42.469   545   548 D dalvikvm: GC_CONCURRENT freed 307K, 13% free 10506K/11975K, paused 2ms+4ms
07-05 15:10:42.567   545   548 D dalvikvm: GC_CONCURRENT freed 223K, 11% free 10674K/11975K, paused 2ms+3ms
07-05 15:10:43.329   545   548 D dalvikvm: GC_CONCURRENT freed 649K, 13% free 10448K/11975K, paused 2ms+2ms
07-05 15:10:43.626   545   548 D dalvikvm: GC_CONCURRENT freed 432K, 14% free 10399K/11975K, paused 2ms+2ms
07-05 15:10:43.911   545   548 D dalvikvm: GC_CONCURRENT freed 402K, 14% free 10382K/11975K, paused 1ms+2ms
07-05 15:10:44.028   545 22413 I DownloadManager: Initiating request for download 6437
07-05 15:10:44.134   545   548 D dalvikvm: GC_CONCURRENT freed 193K, 12% free 10577K/11975K, paused 2ms+2ms
07-05 15:10:44.255   545   548 D dalvikvm: GC_CONCURRENT freed 253K, 11% free 10751K/11975K, paused 2ms+2ms
07-05 15:10:44.454  1370 22415 E DictionaryProvider:UpdateHandler: Can't read a file : android.util.MalformedJsonException: Use JsonReader.setLenient(true) to accept malformed JSON at line 1 column 20
07-05 15:10:44.563   545   548 D dalvikvm: GC_CONCURRENT freed 788K, 14% free 10415K/11975K, paused 2ms+3ms
07-05 15:10:44.860   545   548 D dalvikvm: GC_CONCURRENT freed 413K, 14% free 10389K/11975K, paused 2ms+3ms
07-05 15:10:45.083   545 22418 I DownloadManager: Initiating request for download 6437
07-05 15:10:45.149   545   548 D dalvikvm: GC_CONCURRENT freed 352K, 13% free 10438K/11975K, paused 1ms+3ms
07-05 15:10:45.274   545   548 D dalvikvm: GC_CONCURRENT freed 193K, 12% free 10656K/11975K, paused 2ms+3ms
07-05 15:10:45.419   545   548 D dalvikvm: GC_CONCURRENT freed 637K, 13% free 10448K/11975K, paused 2ms+3ms
07-05 15:10:45.739   545   548 D dalvikvm: GC_CONCURRENT freed 430K, 14% free 10404K/11975K, paused 2ms+3ms
07-05 15:10:46.016   545   548 D dalvikvm: GC_CONCURRENT freed 405K, 14% free 10385K/11975K, paused 2ms+2ms
07-05 15:10:46.157   545 22421 I DownloadManager: Initiating request for download 6438
07-05 15:10:46.247   545   548 D dalvikvm: GC_CONCURRENT freed 222K, 12% free 10571K/11975K, paused 2ms+2ms
07-05 15:10:46.368   545   548 D dalvikvm: GC_CONCURRENT freed 250K, 11% free 10713K/11975K, paused 2ms+2ms
07-05 15:10:46.575  1370 22423 D dalvikvm: GC_EXPLICIT freed 363K, 7% free 9127K/9735K, paused 3ms+3ms
07-05 15:10:46.602  1370 22423 E DictionaryProvider:UpdateHandler: Can't read a file : android.util.MalformedJsonException: Use JsonReader.setLenient(true) to accept malformed JSON at line 1 column 20
07-05 15:10:46.669   545   548 D dalvikvm: GC_CONCURRENT freed 736K, 13% free 10429K/11975K, paused 2ms+3ms
07-05 15:10:46.950   545   548 D dalvikvm: GC_CONCURRENT freed 414K, 14% free 10400K/11975K, paused 2ms+3ms
07-05 15:10:47.251   545   548 D dalvikvm: GC_CONCURRENT freed 403K, 14% free 10382K/11975K, paused 2ms+3ms
07-05 15:10:47.278   545 22426 I DownloadManager: Initiating request for download 6438
07-05 15:10:47.399   545   548 D dalvikvm: GC_CONCURRENT freed 156K, 12% free 10630K/11975K, paused 2ms+3ms
07-05 15:10:47.528   545   548 D dalvikvm: GC_CONCURRENT freed 382K, 11% free 10666K/11975K, paused 2ms+2ms
07-05 15:10:47.829   545   548 D dalvikvm: GC_CONCURRENT freed 679K, 14% free 10407K/11975K, paused 2ms+2ms
07-05 15:10:48.114   545   548 D dalvikvm: GC_CONCURRENT freed 403K, 14% free 10390K/11975K, paused 2ms+2ms
07-05 15:10:48.301   545 22429 I DownloadManager: Initiating request for download 6439
07-05 15:10:48.387   545   548 D dalvikvm: GC_CONCURRENT freed 254K, 13% free 10527K/11975K, paused 3ms+3ms
07-05 15:10:48.520   545   548 D dalvikvm: GC_CONCURRENT freed 244K, 11% free 10690K/11975K, paused 1ms+3ms
07-05 15:10:48.704   545   548 D dalvikvm: GC_CONCURRENT freed 701K, 13% free 10421K/11975K, paused 2ms+3ms
07-05 15:10:48.770  1370 22431 E DictionaryProvider:UpdateHandler: Can't read a file : android.util.MalformedJsonException: Use JsonReader.setLenient(true) to accept malformed JSON at line 1 column 20
07-05 15:10:49.028   545   548 D dalvikvm: GC_CONCURRENT freed 393K, 14% free 10412K/11975K, paused 2ms+3ms
07-05 15:10:49.329   545   548 D dalvikvm: GC_CONCURRENT freed 408K, 14% free 10390K/11975K, paused 2ms+3ms
07-05 15:10:49.423   545 22434 I DownloadManager: Initiating request for download 6439
07-05 15:10:49.520   545   548 D dalvikvm: GC_CONCURRENT freed 191K, 12% free 10593K/11975K, paused 2ms+2ms
07-05 15:10:49.641   545   548 D dalvikvm: GC_CONCURRENT freed 267K, 11% free 10748K/11975K, paused 2ms+3ms
07-05 15:10:49.661   362   362 I wpa_supplicant: wlan0: CTRL-EVENT-DISCONNECTED bssid=d0:c2:82:84:8d:50 reason=0
07-05 15:10:49.665    77   117 D CommandListener: Clearing all IP addresses on wlan0
07-05 15:10:49.676   156   330 D ConnectivityService: ConnectivityChange for WIFI: DISCONNECTED/DISCONNECTED
07-05 15:10:49.684   156   330 D ConnectivityService: Attempting to switch to mobile
07-05 15:10:49.684   156   330 D ConnectivityService: Attempting to switch to WIMAX
07-05 15:10:49.684   156   330 D ConnectivityService: Attempting to switch to BLUETOOTH_TETHER
07-05 15:10:49.696   156   330 E ConnectivityService: Exception trying to remove a route: java.lang.IllegalStateException: Unable to communicate with native dameon to add routes - com.android.server.NativeDaemonConnectorException: Cmd {interface route remove wlan0 default 128.205.59.254 32 0.0.0.0} failed with code 400 : {Failed to remove route from default table (No such process)}
07-05 15:10:49.708   156   330 D NetUtils: android_net_utils_resetConnections in env=0x6b2b60 clazz=0x74e00001 iface=wlan0 mask=0x3
07-05 15:10:49.708   156   330 E ConnectivityService: Exception trying to remove a route: java.lang.IllegalStateException: Unable to communicate with native dameon to add routes - com.android.server.NativeDaemonConnectorException: Cmd {interface route remove wlan0 default 0.0.0.0 0 128.205.59.254} failed with code 400 : {Failed to remove route from default table (No such process)}
07-05 15:10:49.708   156   330 D ConnectivityService: resetConnections(wlan0, 3)
07-05 15:10:49.833   682  1055 E GTalkService: connectionClosed: no XMPPConnection - That's strange!
07-05 15:10:49.837   156   330 D ConnectivityService: handleInetConditionChange: no active default network - ignore
07-05 15:10:49.876   414   416 D dalvikvm: GC_CONCURRENT freed 610K, 37% free 10294K/16263K, paused 2ms+5ms
07-05 15:10:49.981   414   416 D dalvikvm: GC_CONCURRENT freed 518K, 38% free 10182K/16263K, paused 2ms+3ms
07-05 15:10:50.071   545 22434 W DownloadManager: Aborting request for download 6439: no network connection available
07-05 15:10:50.255   545   548 D dalvikvm: GC_CONCURRENT freed 783K, 14% free 10413K/11975K, paused 2ms+3ms
07-05 15:10:50.536   545   548 D dalvikvm: GC_CONCURRENT freed 403K, 14% free 10394K/11975K, paused 1ms+3ms
07-05 15:10:50.759   545 22436 I DownloadManager: Initiating request for download 6440
07-05 15:10:50.762   545 22436 W DownloadManager: Aborting request for download 6440: no network connection available
07-05 15:10:50.930   545   548 D dalvikvm: GC_CONCURRENT freed 351K, 13% free 10428K/11975K, paused 2ms+3ms
07-05 15:10:50.954   362   362 I wpa_supplicant: wlan0: Trying to associate with d0:c2:82:66:69:d0 (SSID='UB_Wireless' freq=2462 MHz)
07-05 15:10:50.993   362   362 I wpa_supplicant: wlan0: Associated with d0:c2:82:66:69:d0
07-05 15:10:50.993   362   362 I wpa_supplicant: wlan0: CTRL-EVENT-CONNECTED - Connection to d0:c2:82:66:69:d0 completed (reauth) [id=5 id_str=]
07-05 15:10:51.294   545   548 D dalvikvm: GC_CONCURRENT freed 406K, 14% free 10410K/11975K, paused 1ms+3ms
07-05 15:10:51.575   545   548 D dalvikvm: GC_CONCURRENT freed 403K, 14% free 10394K/11975K, paused 2ms+3ms
07-05 15:10:51.786   156   576 D dalvikvm: GC_EXPLICIT freed 763K, 16% free 13870K/16391K, paused 3ms+6ms
07-05 15:10:51.997   545   548 D dalvikvm: GC_CONCURRENT freed 358K, 13% free 10420K/11975K, paused 2ms+2ms
07-05 15:10:52.278   545   548 D dalvikvm: GC_CONCURRENT freed 420K, 14% free 10386K/11975K, paused 2ms+3ms
07-05 15:10:52.559   545   548 D dalvikvm: GC_CONCURRENT freed 397K, 14% free 10372K/11975K, paused 2ms+2ms
07-05 15:10:52.762   156   333 D Tethering: MasterInitialState.processMessage what=3
07-05 15:10:52.833  1086  1105 D PicasaSyncManager: active network: null
07-05 15:10:52.833  1086  1105 D PicasaSyncManager: background data: true
07-05 15:10:52.856 20251 20251 I MediaUploader: No need to wake up
07-05 15:10:52.860 19707 19707 I PhoneLab-WiFiReceiver: Wi-Fi is disconnected!
07-05 15:10:52.903   682   685 D dalvikvm: GC_CONCURRENT freed 470K, 9% free 10137K/11079K, paused 2ms+3ms
07-05 15:10:52.950   362   362 I wpa_supplicant: wlan0: Associated with d0:c2:82:84:8d:50
07-05 15:10:52.954   362   362 I wpa_supplicant: wlan0: CTRL-EVENT-CONNECTED - Connection to d0:c2:82:84:8d:50 completed (reauth) [id=5 id_str=]
07-05 15:10:55.809   156   330 D ConnectivityService: ConnectivityChange for WIFI: CONNECTED/CONNECTED
07-05 15:10:55.825 19707 19707 I PhoneLab-WiFiReceiver: Wi-Fi is connected!
07-05 15:10:55.829 19707 19707 I PhoneLab-WiFiReceiver: SSID: UB_Wireless BSSID: d0:c2:82:66:69:d0 RSSI: -200 LinkSpeed: -1
07-05 15:10:55.829 19707 19707 I PhoneLab-Locks: wake lock acquired
07-05 15:10:55.833 19707 19707 I PhoneLab-UploadLogs: Transfering log files now
07-05 15:10:55.868   156   325 W NetworkStats: dropping UID delta from unknown iface: iface=wlan0 uid=0 set=DEFAULT tag=0x0 rxBytes=0 rxPackets=0 txBytes=192 txPackets=3 operations=0
07-05 15:10:55.919 19707 19710 D dalvikvm: GC_CONCURRENT freed 461K, 18% free 9195K/11143K, paused 2ms+2ms
07-05 15:10:55.946 19707 19707 D dalvikvm: GC_FOR_ALLOC freed 228K, 17% free 9292K/11143K, paused 13ms
07-05 15:10:55.966 19707 19707 D dalvikvm: GC_FOR_ALLOC freed 120K, 16% free 9420K/11143K, paused 13ms
07-05 15:10:55.993 19707 19707 I PhoneLab-UploadLogs: OnStartCommand
07-05 15:10:56.001 19707 19710 D dalvikvm: GC_CONCURRENT freed 294K, 14% free 9637K/11143K, paused 2ms+2ms
07-05 15:10:56.262 19707 22466 D dalvikvm: GC_FOR_ALLOC freed 319K, 14% free 9644K/11143K, paused 64ms
07-05 15:10:56.274 19707 22466 D dalvikvm: GC_FOR_ALLOC freed 301K, 14% free 9645K/11143K, paused 14ms
07-05 15:10:56.294 19707 22466 D dalvikvm: GC_FOR_ALLOC freed 301K, 14% free 9646K/11143K, paused 13ms
07-05 15:10:56.813   156   330 D ConnectivityService: NetTransition Wakelock for WifiStateMachine released by timeout
07-05 15:10:57.926 19707 22466 W System.err: org.apache.http.client.ClientProtocolException
07-05 15:10:57.938 19707 22466 W System.err: 	at org.apache.http.impl.client.AbstractHttpClient.execute(AbstractHttpClient.java:557)
07-05 15:10:57.954 19707 22466 W System.err: 	at org.apache.http.impl.client.AbstractHttpClient.execute(AbstractHttpClient.java:487)
07-05 15:10:57.958 19707 22466 W System.err: 	at com.loopj.android.http.AsyncHttpRequest.makeRequest(Unknown Source)
07-05 15:10:57.969 19707 22466 W System.err: 	at com.loopj.android.http.AsyncHttpRequest.makeRequestWithRetries(Unknown Source)
07-05 15:10:57.973 19707 22466 W System.err: 	at com.loopj.android.http.AsyncHttpRequest.run(Unknown Source)
07-05 15:10:57.973 19707 22466 W System.err: 	at java.util.concurrent.Executors$RunnableAdapter.call(Executors.java:442)
07-05 15:10:57.973 19707 22466 W System.err: 	at java.util.concurrent.FutureTask$Sync.innerRun(FutureTask.java:305)
07-05 15:10:57.973 19707 22466 W System.err: 	at java.util.concurrent.FutureTask.run(FutureTask.java:137)
07-05 15:10:57.973 19707 22466 W System.err: 	at java.util.concurrent.ThreadPoolExecutor.runWorker(ThreadPoolExecutor.java:1076)
07-05 15:10:57.973 19707 22466 W System.err: 	at java.util.concurrent.ThreadPoolExecutor$Worker.run(ThreadPoolExecutor.java:569)
07-05 15:10:57.973 19707 22466 W System.err: 	at java.lang.Thread.run(Thread.java:856)
07-05 15:10:57.977 19707 22466 W System.err: Caused by: org.apache.http.client.NonRepeatableRequestException: Cannot retry request with a non-repeatable request entity
07-05 15:10:57.977 19707 22466 W System.err: 	at org.apache.http.impl.client.DefaultRequestDirector.execute(DefaultRequestDirector.java:420)
07-05 15:10:57.977 19707 22466 W System.err: 	at org.apache.http.impl.client.AbstractHttpClient.execute(AbstractHttpClient.java:555)
07-05 15:10:57.977 19707 22466 W System.err: 	... 10 more
07-05 15:10:57.977 19707 19707 E PhoneLab-: Transfering 1341502082478.log failed
07-05 15:10:57.977 19707 19707 I PhoneLab-Locks: wake lock released
07-05 15:10:58.891   156   333 D Tethering: MasterInitialState.processMessage what=3
07-05 15:10:58.930   682   682 I GTalkService/c: [AndroidEndpoint@1095403848] connect: acct=1000001, state=CONNECTING
07-05 15:10:58.981 20251 20251 I MediaUploader: No need to wake up
07-05 15:10:59.001  1086  1105 D PicasaSyncManager: active network: NetworkInfo: type: WIFI[], state: CONNECTED/CONNECTED, reason: (unspecified), extra: (none), roaming: false, failover: false, isAvailable: true
07-05 15:10:59.001  1086  1105 D PicasaSyncManager: background data: true
07-05 15:10:59.083   414   416 D dalvikvm: GC_CONCURRENT freed 296K, 37% free 10392K/16263K, paused 3ms+3ms
07-05 15:10:59.309   414   414 D dalvikvm: GC_FOR_ALLOC freed 567K, 38% free 10202K/16263K, paused 21ms
07-05 15:10:59.614   545   548 D dalvikvm: GC_CONCURRENT freed 359K, 14% free 10398K/11975K, paused 2ms+2ms
07-05 15:10:59.907   545   548 D dalvikvm: GC_CONCURRENT freed 404K, 14% free 10381K/11975K, paused 2ms+2ms
07-05 15:11:00.157   545 22470 I DownloadManager: Initiating request for download 6439
07-05 15:11:00.161   545 22470 I DownloadManager: Skipping initiating request for download 6439; already completed
07-05 15:11:00.204   545 22472 I DownloadManager: Initiating request for download 6440
07-05 15:11:00.321   545   548 D dalvikvm: GC_CONCURRENT freed 312K, 13% free 10461K/11975K, paused 2ms+3ms
07-05 15:11:00.434   545   548 D dalvikvm: GC_CONCURRENT freed 204K, 12% free 10657K/11975K, paused 2ms+2ms
07-05 15:11:00.594   545   548 D dalvikvm: GC_CONCURRENT freed 630K, 13% free 10444K/11975K, paused 2ms+3ms
07-05 15:11:00.887   545   548 D dalvikvm: GC_CONCURRENT freed 429K, 14% free 10399K/11975K, paused 2ms+3ms
07-05 15:11:01.169   545   548 D dalvikvm: GC_CONCURRENT freed 405K, 14% free 10381K/11975K, paused 2ms+2ms
07-05 15:11:01.270  1370 22475 E DictionaryProvider:UpdateHandler: Can't read a file : android.util.MalformedJsonException: Use JsonReader.setLenient(true) to accept malformed JSON at line 1 column 20
07-05 15:11:01.337   545 22478 I DownloadManager: Initiating request for download 6440
07-05 15:11:01.426   545   548 D dalvikvm: GC_CONCURRENT freed 218K, 12% free 10558K/11975K, paused 2ms+3ms
07-05 15:11:01.548   545   548 D dalvikvm: GC_CONCURRENT freed 251K, 11% free 10696K/11975K, paused 2ms+3ms
07-05 15:11:01.762   545   548 D dalvikvm: GC_CONCURRENT freed 721K, 14% free 10407K/11975K, paused 2ms+2ms
07-05 15:11:02.087   545   548 D dalvikvm: GC_CONCURRENT freed 401K, 14% free 10390K/11975K, paused 4ms+3ms
07-05 15:11:02.446   545   548 D dalvikvm: GC_CONCURRENT freed 399K, 14% free 10376K/11975K, paused 7ms+3ms
07-05 15:11:02.532   545 22481 I DownloadManager: Initiating request for download 6441
07-05 15:11:02.653   545   548 D dalvikvm: GC_CONCURRENT freed 159K, 12% free 10606K/11975K, paused 2ms+2ms
07-05 15:11:02.774   545   548 D dalvikvm: GC_CONCURRENT freed 279K, 11% free 10752K/11975K, paused 2ms+2ms
07-05 15:11:02.954  1370 22483 E DictionaryProvider:UpdateHandler: Can't read a file : android.util.MalformedJsonException: Use JsonReader.setLenient(true) to accept malformed JSON at line 1 column 20
07-05 15:11:03.094   545   548 D dalvikvm: GC_CONCURRENT freed 791K, 14% free 10410K/11975K, paused 2ms+2ms
07-05 15:11:03.372   545   548 D dalvikvm: GC_CONCURRENT freed 408K, 14% free 10389K/11975K, paused 2ms+2ms
07-05 15:11:03.548   545 22486 I DownloadManager: Initiating request for download 6441
07-05 15:11:03.614   545   548 D dalvikvm: GC_CONCURRENT freed 295K, 13% free 10514K/11975K, paused 2ms+3ms
07-05 15:11:03.739   545   548 D dalvikvm: GC_CONCURRENT freed 232K, 11% free 10679K/11975K, paused 2ms+3ms
07-05 15:11:03.903   545   548 D dalvikvm: GC_CONCURRENT freed 657K, 13% free 10446K/11975K, paused 2ms+2ms
07-05 15:11:04.200   545   548 D dalvikvm: GC_CONCURRENT freed 432K, 14% free 10400K/11975K, paused 1ms+3ms
07-05 15:11:04.477   545   548 D dalvikvm: GC_CONCURRENT freed 405K, 14% free 10381K/11975K, paused 2ms+2ms
07-05 15:11:04.591   545 22489 I DownloadManager: Initiating request for download 6442
07-05 15:11:04.704   545   548 D dalvikvm: GC_CONCURRENT freed 202K, 12% free 10592K/11975K, paused 2ms+3ms
07-05 15:11:04.821   545   548 D dalvikvm: GC_CONCURRENT freed 256K, 11% free 10732K/11975K, paused 2ms+2ms
07-05 15:11:05.020  1370  1372 D dalvikvm: GC_CONCURRENT freed 383K, 7% free 9132K/9735K, paused 1ms+8ms
07-05 15:11:05.071   545  9638 D dalvikvm: GC_EXPLICIT freed 683K, 14% free 10418K/11975K, paused 2ms+3ms
07-05 15:11:05.079  1370 22491 E DictionaryProvider:UpdateHandler: Can't read a file : android.util.MalformedJsonException: Use JsonReader.setLenient(true) to accept malformed JSON at line 1 column 20
07-05 15:11:05.364   545   548 D dalvikvm: GC_CONCURRENT freed 404K, 14% free 10399K/11975K, paused 2ms+3ms
07-05 15:11:05.653   545   548 D dalvikvm: GC_CONCURRENT freed 406K, 14% free 10384K/11975K, paused 2ms+3ms
07-05 15:11:05.692   545 22494 I DownloadManager: Initiating request for download 6442
07-05 15:11:05.801   545   548 D dalvikvm: GC_CONCURRENT freed 158K, 12% free 10619K/11975K, paused 2ms+3ms
07-05 15:11:05.926   545   548 D dalvikvm: GC_CONCURRENT freed 369K, 11% free 10666K/11975K, paused 2ms+2ms
07-05 15:11:06.216   545   548 D dalvikvm: GC_CONCURRENT freed 682K, 14% free 10406K/11975K, paused 1ms+3ms
07-05 15:11:06.516   545   548 D dalvikvm: GC_CONCURRENT freed 404K, 14% free 10389K/11975K, paused 3ms+4ms
07-05 15:11:06.739   545 22497 I DownloadManager: Initiating request for download 6443
07-05 15:11:06.829   545   548 D dalvikvm: GC_CONCURRENT freed 291K, 13% free 10484K/11975K, paused 2ms+3ms
07-05 15:11:06.950   545   548 D dalvikvm: GC_CONCURRENT freed 220K, 11% free 10675K/11975K, paused 1ms+2ms
07-05 15:11:07.110   545   548 D dalvikvm: GC_CONCURRENT freed 646K, 13% free 10452K/11975K, paused 2ms+3ms
07-05 15:11:07.212  1370 22499 E DictionaryProvider:UpdateHandler: Can't read a file : android.util.MalformedJsonException: Use JsonReader.setLenient(true) to accept malformed JSON at line 1 column 20
07-05 15:11:07.446   545   548 D dalvikvm: GC_CONCURRENT freed 425K, 14% free 10412K/11975K, paused 2ms+2ms
07-05 15:11:07.723   545   548 D dalvikvm: GC_CONCURRENT freed 411K, 14% free 10387K/11975K, paused 2ms+3ms
07-05 15:11:07.844   545 22502 I DownloadManager: Initiating request for download 6443
07-05 15:11:07.934   545   548 D dalvikvm: GC_CONCURRENT freed 205K, 12% free 10569K/11975K, paused 3ms+2ms
07-05 15:11:08.055   545   548 D dalvikvm: GC_CONCURRENT freed 253K, 11% free 10715K/11975K, paused 2ms+3ms
07-05 15:11:08.270   545   548 D dalvikvm: GC_CONCURRENT freed 735K, 14% free 10417K/11975K, paused 2ms+3ms
07-05 15:11:08.555   545   548 D dalvikvm: GC_CONCURRENT freed 406K, 14% free 10397K/11975K, paused 2ms+2ms
07-05 15:11:08.833   545   548 D dalvikvm: GC_CONCURRENT freed 397K, 14% free 10384K/11975K, paused 2ms+3ms
07-05 15:11:08.884   545 22505 I DownloadManager: Initiating request for download 6444
07-05 15:11:08.997   545   548 D dalvikvm: GC_CONCURRENT freed 154K, 12% free 10628K/11975K, paused 2ms+3ms
07-05 15:11:09.122   545   548 D dalvikvm: GC_CONCURRENT freed 367K, 11% free 10670K/11975K, paused 2ms+3ms
07-05 15:11:09.321  1370 22507 E DictionaryProvider:UpdateHandler: Can't read a file : android.util.MalformedJsonException: Use JsonReader.setLenient(true) to accept malformed JSON at line 1 column 20
07-05 15:11:09.434   545   548 D dalvikvm: GC_CONCURRENT freed 675K, 13% free 10419K/11975K, paused 2ms+2ms
07-05 15:11:09.712   545   548 D dalvikvm: GC_CONCURRENT freed 410K, 14% free 10395K/11975K, paused 2ms+3ms
07-05 15:11:09.911   545 22510 I DownloadManager: Initiating request for download 6444
07-05 15:11:09.981   545   548 D dalvikvm: GC_CONCURRENT freed 314K, 13% free 10474K/11975K, paused 2ms+2ms
07-05 15:11:10.098   545   548 D dalvikvm: GC_CONCURRENT freed 198K, 11% free 10668K/11975K, paused 2ms+2ms
07-05 15:11:10.243   545   548 D dalvikvm: GC_CONCURRENT freed 636K, 13% free 10455K/11975K, paused 2ms+2ms
07-05 15:11:10.559   545   548 D dalvikvm: GC_CONCURRENT freed 427K, 14% free 10412K/11975K, paused 2ms+2ms
07-05 15:11:10.587 21284 21287 D dalvikvm: GC_CONCURRENT freed 441K, 6% free 9171K/9735K, paused 2ms+2ms
07-05 15:11:10.860   545   548 D dalvikvm: GC_CONCURRENT freed 405K, 14% free 10392K/11975K, paused 2ms+3ms
07-05 15:11:10.973   482   486 D dalvikvm: GC_CONCURRENT freed 434K, 7% free 9496K/10119K, paused 8ms+3ms
07-05 15:11:11.126   545 22515 I DownloadManager: Initiating request for download 6445
07-05 15:11:11.239   545   548 D dalvikvm: GC_CONCURRENT freed 225K, 12% free 10574K/11975K, paused 2ms+3ms
07-05 15:11:11.360   545   548 D dalvikvm: GC_CONCURRENT freed 260K, 11% free 10723K/11975K, paused 2ms+3ms
07-05 15:11:11.583   545   548 D dalvikvm: GC_CONCURRENT freed 741K, 13% free 10421K/11975K, paused 3ms+3ms
07-05 15:11:11.618  1370 22517 E DictionaryProvider:UpdateHandler: Can't read a file : android.util.MalformedJsonException: Use JsonReader.setLenient(true) to accept malformed JSON at line 1 column 20
07-05 15:11:11.911   545   548 D dalvikvm: GC_CONCURRENT freed 401K, 14% free 10408K/11975K, paused 2ms+3ms
07-05 15:11:12.196   545   548 D dalvikvm: GC_CONCURRENT freed 405K, 14% free 10390K/11975K, paused 2ms+2ms
07-05 15:11:12.231   545 22520 I DownloadManager: Initiating request for download 6445
07-05 15:11:12.341   545   548 D dalvikvm: GC_CONCURRENT freed 152K, 12% free 10626K/11975K, paused 2ms+2ms
07-05 15:11:12.462   545   548 D dalvikvm: GC_CONCURRENT freed 357K, 11% free 10677K/11975K, paused 2ms+2ms
07-05 15:11:12.747   545   548 D dalvikvm: GC_CONCURRENT freed 686K, 14% free 10419K/11975K, paused 2ms+2ms
07-05 15:11:13.024   545   548 D dalvikvm: GC_CONCURRENT freed 403K, 14% free 10401K/11975K, paused 1ms+2ms
07-05 15:11:13.235   545 22523 I DownloadManager: Initiating request for download 6446
07-05 15:11:13.317   545   548 D dalvikvm: GC_CONCURRENT freed 315K, 13% free 10472K/11975K, paused 2ms+4ms
07-05 15:11:13.442   545   548 D dalvikvm: GC_CONCURRENT freed 190K, 11% free 10670K/11975K, paused 2ms+2ms
07-05 15:11:13.583   545   548 D dalvikvm: GC_CONCURRENT freed 414K, 11% free 10679K/11975K, paused 2ms+3ms
07-05 15:11:13.759  1370  1372 D dalvikvm: GC_CONCURRENT freed 384K, 7% free 9132K/9735K, paused 1ms+4ms
07-05 15:11:13.833   156   594 D dalvikvm: GC_EXPLICIT freed 937K, 16% free 13888K/16391K, paused 4ms+6ms
07-05 15:11:13.844  1370 22525 E DictionaryProvider:UpdateHandler: Can't read a file : android.util.MalformedJsonException: Use JsonReader.setLenient(true) to accept malformed JSON at line 1 column 20
07-05 15:11:14.051   545   548 D dalvikvm: GC_CONCURRENT freed 684K, 13% free 10424K/11975K, paused 2ms+3ms
07-05 15:11:14.329   545   548 D dalvikvm: GC_CONCURRENT freed 424K, 14% free 10384K/11975K, paused 2ms+3ms
07-05 15:11:14.458   545 22528 I DownloadManager: Initiating request for download 6446
07-05 15:11:14.551   545   548 D dalvikvm: GC_CONCURRENT freed 229K, 12% free 10572K/11975K, paused 2ms+3ms
07-05 15:11:14.673   545   548 D dalvikvm: GC_CONCURRENT freed 250K, 11% free 10716K/11975K, paused 2ms+4ms
07-05 15:11:14.899   545   548 D dalvikvm: GC_CONCURRENT freed 738K, 14% free 10415K/11975K, paused 1ms+3ms
07-05 15:11:15.176   545   548 D dalvikvm: GC_CONCURRENT freed 406K, 14% free 10393K/11975K, paused 2ms+2ms
07-05 15:11:15.458   545   548 D dalvikvm: GC_CONCURRENT freed 397K, 14% free 10383K/11975K, paused 2ms+2ms
07-05 15:11:15.516   545 22531 I DownloadManager: Initiating request for download 6447
07-05 15:11:15.641   545   548 D dalvikvm: GC_CONCURRENT freed 150K, 12% free 10621K/11975K, paused 2ms+3ms
07-05 15:11:15.766   545   548 D dalvikvm: GC_CONCURRENT freed 361K, 11% free 10668K/11975K, paused 2ms+3ms
07-05 15:11:15.938  1370 22533 E DictionaryProvider:UpdateHandler: Can't read a file : android.util.MalformedJsonException: Use JsonReader.setLenient(true) to accept malformed JSON at line 1 column 20
07-05 15:11:15.997   465   467 D dalvikvm: GC_CONCURRENT freed 205K, 9% free 11178K/12231K, paused 2ms+4ms
07-05 15:11:16.126   545   548 D dalvikvm: GC_CONCURRENT freed 671K, 14% free 10418K/11975K, paused 2ms+2ms
07-05 15:11:16.403   545   548 D dalvikvm: GC_CONCURRENT freed 409K, 14% free 10393K/11975K, paused 2ms+2ms
07-05 15:11:16.598   545 22536 I DownloadManager: Initiating request for download 6447
07-05 15:11:16.665   545   548 D dalvikvm: GC_CONCURRENT freed 333K, 13% free 10456K/11975K, paused 2ms+3ms
07-05 15:11:16.790   545   548 D dalvikvm: GC_CONCURRENT freed 194K, 11% free 10663K/11975K, paused 2ms+3ms
07-05 15:11:16.934   545   548 D dalvikvm: GC_CONCURRENT freed 415K, 11% free 10671K/11975K, paused 1ms+3ms
07-05 15:11:16.981   156   330 D NetUtils: android_net_utils_resetConnections in env=0x6b2b60 clazz=0x87d00001 iface=rmnet0 mask=0x3
07-05 15:11:16.981   156   330 D ConnectivityService: ConnectivityChange for mobile: DISCONNECTED/DISCONNECTED
07-05 15:11:16.981   156   330 D ConnectivityService: Attempting to switch to WIFI
07-05 15:11:16.981   156   330 D ConnectivityService: Attempting to switch to WIMAX
07-05 15:11:16.981   156   330 D ConnectivityService: Attempting to switch to BLUETOOTH_TETHER
07-05 15:11:16.981   156   330 D ConnectivityService: resetConnections(rmnet0, 3)
07-05 15:11:17.176   482   631 D dalvikvm: GC_EXPLICIT freed 106K, 7% free 9499K/10119K, paused 5ms+4ms
07-05 15:11:17.505   545   548 D dalvikvm: GC_CONCURRENT freed 686K, 14% free 10407K/11975K, paused 2ms+2ms
07-05 15:11:17.798   545   548 D dalvikvm: GC_CONCURRENT freed 405K, 14% free 10390K/11975K, paused 2ms+3ms
07-05 15:11:17.938   545 22539 I DownloadManager: Initiating request for download 6448
07-05 15:11:18.040   545   548 D dalvikvm: GC_CONCURRENT freed 214K, 12% free 10577K/11975K, paused 2ms+2ms
07-05 15:11:18.161   545   548 D dalvikvm: GC_CONCURRENT freed 252K, 11% free 10721K/11975K, paused 1ms+2ms
07-05 15:11:18.395   545   548 D dalvikvm: GC_CONCURRENT freed 741K, 13% free 10419K/11975K, paused 2ms+2ms
07-05 15:11:18.434  1370 22541 E DictionaryProvider:UpdateHandler: Can't read a file : android.util.MalformedJsonException: Use JsonReader.setLenient(true) to accept malformed JSON at line 1 column 20
07-05 15:11:18.716   545   548 D dalvikvm: GC_CONCURRENT freed 399K, 14% free 10405K/11975K, paused 2ms+2ms
07-05 15:11:18.993   545   548 D dalvikvm: GC_CONCURRENT freed 404K, 14% free 10385K/11975K, paused 2ms+2ms
07-05 15:11:19.036   545 22544 I DownloadManager: Initiating request for download 6448
07-05 15:11:19.141   545   548 D dalvikvm: GC_CONCURRENT freed 168K, 12% free 10625K/11975K, paused 2ms+3ms
07-05 15:11:19.259   545   548 D dalvikvm: GC_CONCURRENT freed 363K, 11% free 10672K/11975K, paused 2ms+3ms
07-05 15:11:19.540   545   548 D dalvikvm: GC_CONCURRENT freed 681K, 14% free 10414K/11975K, paused 2ms+3ms
07-05 15:11:19.813   545   548 D dalvikvm: GC_CONCURRENT freed 401K, 14% free 10397K/11975K, paused 2ms+2ms
07-05 15:11:19.989   156   333 D Tethering: MasterInitialState.processMessage what=3
07-05 15:11:20.016   156   333 D Tethering: MasterInitialState.processMessage what=3
07-05 15:11:20.048   414   414 D dalvikvm: GC_EXPLICIT freed 158K, 37% free 10322K/16263K, paused 8ms+4ms
07-05 15:11:20.079  1086  1105 D PicasaSyncManager: active network: NetworkInfo: type: WIFI[], state: CONNECTED/CONNECTED, reason: (unspecified), extra: (none), roaming: false, failover: false, isAvailable: true
07-05 15:11:20.079  1086  1105 D PicasaSyncManager: background data: true
07-05 15:11:20.083 20251 20251 I MediaUploader: No need to wake up
07-05 15:11:20.114  1086  1105 D PicasaSyncManager: active network: NetworkInfo: type: WIFI[], state: CONNECTED/CONNECTED, reason: (unspecified), extra: (none), roaming: false, failover: false, isAvailable: true
07-05 15:11:20.126 20251 20251 I MediaUploader: No need to wake up
07-05 15:11:20.130  1086  1105 D PicasaSyncManager: background data: true
07-05 15:11:20.188   545 22547 I DownloadManager: Initiating request for download 6449
07-05 15:11:20.262   545   548 D dalvikvm: GC_CONCURRENT freed 319K, 13% free 10467K/11975K, paused 1ms+3ms
07-05 15:11:20.380   545   548 D dalvikvm: GC_CONCURRENT freed 200K, 11% free 10672K/11975K, paused 2ms+2ms
07-05 15:11:20.516   545   548 D dalvikvm: GC_CONCURRENT freed 642K, 13% free 10456K/11975K, paused 2ms+3ms
07-05 15:11:20.817   545   548 D dalvikvm: GC_CONCURRENT freed 404K, 13% free 10438K/11975K, paused 2ms+3ms
07-05 15:11:21.098   545   548 D dalvikvm: GC_CONCURRENT freed 400K, 13% free 10424K/11975K, paused 2ms+2ms
07-05 15:11:21.602  1370 22549 E DictionaryProvider:UpdateHandler: Can't read a file : android.util.MalformedJsonException: Use JsonReader.setLenient(true) to accept malformed JSON at line 1 column 20
07-05 15:11:21.759   545   548 D dalvikvm: GC_CONCURRENT freed 377K, 13% free 10431K/11975K, paused 2ms+2ms
07-05 15:11:22.032   545   548 D dalvikvm: GC_CONCURRENT freed 413K, 14% free 10402K/11975K, paused 2ms+2ms
07-05 15:11:22.309   545   548 D dalvikvm: GC_CONCURRENT freed 398K, 14% free 10390K/11975K, paused 2ms+3ms
07-05 15:11:22.657   545   548 D dalvikvm: GC_CONCURRENT freed 357K, 14% free 10416K/11975K, paused 2ms+3ms
07-05 15:11:22.938   545   548 D dalvikvm: GC_CONCURRENT freed 405K, 14% free 10398K/11975K, paused 2ms+3ms
07-05 15:11:23.180   545 22552 I DownloadManager: Initiating request for download 6450
07-05 15:11:23.255   545   548 D dalvikvm: GC_CONCURRENT freed 345K, 13% free 10441K/11975K, paused 2ms+4ms
07-05 15:11:23.380   545   548 D dalvikvm: GC_CONCURRENT freed 179K, 11% free 10659K/11975K, paused 2ms+3ms
07-05 15:11:23.512   545   548 D dalvikvm: GC_CONCURRENT freed 412K, 11% free 10677K/11975K, paused 2ms+2ms
07-05 15:11:23.653  1370 22554 E DictionaryProvider:UpdateHandler: Can't read a file : android.util.MalformedJsonException: Use JsonReader.setLenient(true) to accept malformed JSON at line 1 column 20
07-05 15:11:23.684  1370  1372 D dalvikvm: GC_CONCURRENT freed 403K, 7% free 9138K/9735K, paused 1ms+3ms
07-05 15:11:23.884   545   548 D dalvikvm: GC_CONCURRENT freed 683K, 13% free 10419K/11975K, paused 2ms+2ms
07-05 15:11:24.165   545   548 D dalvikvm: GC_CONCURRENT freed 411K, 14% free 10397K/11975K, paused 2ms+2ms
07-05 15:11:24.290   545 22557 I DownloadManager: Initiating request for download 6450
07-05 15:11:24.376   545   548 D dalvikvm: GC_CONCURRENT freed 221K, 12% free 10565K/11975K, paused 3ms+2ms
07-05 15:11:24.497   545   548 D dalvikvm: GC_CONCURRENT freed 250K, 11% free 10710K/11975K, paused 2ms+3ms
07-05 15:11:24.700   545   548 D dalvikvm: GC_CONCURRENT freed 695K, 13% free 10450K/11975K, paused 2ms+2ms
07-05 15:11:24.989   545   548 D dalvikvm: GC_CONCURRENT freed 423K, 14% free 10411K/11975K, paused 2ms+2ms
07-05 15:11:25.270   545   548 D dalvikvm: GC_CONCURRENT freed 405K, 14% free 10391K/11975K, paused 2ms+2ms
07-05 15:11:25.380   545 22560 I DownloadManager: Initiating request for download 6451
07-05 15:11:25.485   545   548 D dalvikvm: GC_CONCURRENT freed 170K, 12% free 10610K/11975K, paused 2ms+2ms
07-05 15:11:25.618   545   548 D dalvikvm: GC_CONCURRENT freed 262K, 11% free 10762K/11975K, paused 2ms+3ms
07-05 15:11:25.829  1370 22562 E DictionaryProvider:UpdateHandler: Can't read a file : android.util.MalformedJsonException: Use JsonReader.setLenient(true) to accept malformed JSON at line 1 column 20
07-05 15:11:25.930   545   548 D dalvikvm: GC_CONCURRENT freed 785K, 13% free 10430K/11975K, paused 2ms+3ms
07-05 15:11:26.208   545   548 D dalvikvm: GC_CONCURRENT freed 413K, 14% free 10404K/11975K, paused 1ms+2ms
07-05 15:11:26.415   545 22565 I DownloadManager: Initiating request for download 6451
07-05 15:11:26.481   545   548 D dalvikvm: GC_CONCURRENT freed 350K, 13% free 10455K/11975K, paused 2ms+3ms
07-05 15:11:26.610   545   548 D dalvikvm: GC_CONCURRENT freed 180K, 11% free 10664K/11975K, paused 2ms+2ms
07-05 15:11:26.743   545   548 D dalvikvm: GC_CONCURRENT freed 403K, 11% free 10682K/11975K, paused 2ms+3ms
07-05 15:11:27.063   545   548 D dalvikvm: GC_CONCURRENT freed 694K, 14% free 10418K/11975K, paused 2ms+3ms
07-05 15:11:27.337   545   548 D dalvikvm: GC_CONCURRENT freed 403K, 14% free 10399K/11975K, paused 2ms+3ms
07-05 15:11:27.497   545 22568 I DownloadManager: Initiating request for download 6452
07-05 15:11:27.591   545   548 D dalvikvm: GC_CONCURRENT freed 217K, 12% free 10570K/11975K, paused 2ms+2ms
07-05 15:11:27.712   545   548 D dalvikvm: GC_CONCURRENT freed 259K, 11% free 10718K/11975K, paused 2ms+3ms
07-05 15:11:27.911   545   548 D dalvikvm: GC_CONCURRENT freed 723K, 13% free 10432K/11975K, paused 2ms+3ms
07-05 15:11:27.954  1370 22570 E DictionaryProvider:UpdateHandler: Can't read a file : android.util.MalformedJsonException: Use JsonReader.setLenient(true) to accept malformed JSON at line 1 column 20
07-05 15:11:28.251   545   548 D dalvikvm: GC_CONCURRENT freed 397K, 13% free 10419K/11975K, paused 2ms+3ms
07-05 15:11:28.536   545   548 D dalvikvm: GC_CONCURRENT freed 408K, 14% free 10398K/11975K, paused 2ms+2ms
07-05 15:11:28.606   545 22573 I DownloadManager: Initiating request for download 6452
07-05 15:11:28.704   545   548 D dalvikvm: GC_CONCURRENT freed 182K, 12% free 10610K/11975K, paused 1ms+2ms
07-05 15:11:28.825   545   548 D dalvikvm: GC_CONCURRENT freed 256K, 11% free 10757K/11975K, paused 1ms+2ms
07-05 15:11:29.098   545   548 D dalvikvm: GC_CONCURRENT freed 784K, 13% free 10425K/11975K, paused 2ms+2ms
07-05 15:11:29.360   545   548 D dalvikvm: GC_CONCURRENT freed 404K, 14% free 10406K/11975K, paused 2ms+2ms
07-05 15:11:29.594   545 22576 I DownloadManager: Initiating request for download 6453
07-05 15:11:29.665   545   548 D dalvikvm: GC_CONCURRENT freed 357K, 13% free 10459K/11975K, paused 2ms+3ms
07-05 15:11:29.751   156   330 D ConnectivityService: ConnectivityChange for mobile: CONNECTED/CONNECTED
07-05 15:11:29.782   156   330 D NetUtils: android_net_utils_resetConnections in env=0x6b2b60 clazz=0x92000001 iface=rmnet0 mask=0x3
07-05 15:11:29.782   156   330 D ConnectivityService: ConnectivityChange for mobile: DISCONNECTED/DISCONNECTED
07-05 15:11:29.782   156   330 D ConnectivityService: Attempting to switch to WIFI
07-05 15:11:29.782   156   330 D ConnectivityService: Attempting to switch to WIMAX
07-05 15:11:29.782   156   330 D ConnectivityService: Attempting to switch to BLUETOOTH_TETHER
07-05 15:11:29.782   156   330 D ConnectivityService: resetConnections(rmnet0, 3)
07-05 15:11:29.958   156   158 D dalvikvm: GC_CONCURRENT freed 1112K, 16% free 13906K/16391K, paused 5ms+6ms
07-05 15:11:30.048   545   548 D dalvikvm: GC_CONCURRENT freed 190K, 11% free 10673K/11975K, paused 2ms+3ms
07-05 15:11:30.188   545   548 D dalvikvm: GC_CONCURRENT freed 422K, 11% free 10674K/11975K, paused 2ms+2ms
07-05 15:11:30.380  1370 22579 E DictionaryProvider:UpdateHandler: Can't read a file : android.util.MalformedJsonException: Use JsonReader.setLenient(true) to accept malformed JSON at line 1 column 20
07-05 15:11:30.559   545   548 D dalvikvm: GC_CONCURRENT freed 679K, 14% free 10417K/11975K, paused 2ms+3ms
07-05 15:11:30.829   545   548 D dalvikvm: GC_CONCURRENT freed 410K, 14% free 10394K/11975K, paused 2ms+3ms
07-05 15:11:30.969   545 22582 I DownloadManager: Initiating request for download 6453
07-05 15:11:31.051   545   548 D dalvikvm: GC_CONCURRENT freed 226K, 12% free 10558K/11975K, paused 2ms+2ms
07-05 15:11:31.173   545   548 D dalvikvm: GC_CONCURRENT freed 247K, 11% free 10701K/11975K, paused 2ms+3ms
07-05 15:11:31.344   545   548 D dalvikvm: GC_CONCURRENT freed 678K, 13% free 10456K/11975K, paused 3ms+2ms
07-05 15:11:31.641   545   548 D dalvikvm: GC_CONCURRENT freed 430K, 14% free 10410K/11975K, paused 2ms+3ms
07-05 15:11:31.915   545   548 D dalvikvm: GC_CONCURRENT freed 406K, 14% free 10391K/11975K, paused 2ms+2ms
07-05 15:11:32.083   156   514 D dalvikvm: GC_EXPLICIT freed 178K, 16% free 13836K/16391K, paused 3ms+6ms
07-05 15:11:32.087   545 22585 I DownloadManager: Initiating request for download 6454
07-05 15:11:32.196   545   548 D dalvikvm: GC_CONCURRENT freed 183K, 12% free 10596K/11975K, paused 2ms+3ms
07-05 15:11:32.313   545   548 D dalvikvm: GC_CONCURRENT freed 276K, 11% free 10736K/11975K, paused 2ms+3ms
07-05 15:11:32.567   545   548 D dalvikvm: GC_CONCURRENT freed 763K, 14% free 10418K/11975K, paused 2ms+2ms
07-05 15:11:32.606  1370 22587 E DictionaryProvider:UpdateHandler: Can't read a file : android.util.MalformedJsonException: Use JsonReader.setLenient(true) to accept malformed JSON at line 1 column 20
07-05 15:11:32.649  1370  1372 D dalvikvm: GC_CONCURRENT freed 394K, 7% free 9132K/9735K, paused 1ms+3ms
07-05 15:11:32.809   156   333 D Tethering: MasterInitialState.processMessage what=3
07-05 15:11:32.817   156   333 D Tethering: MasterInitialState.processMessage what=3
07-05 15:11:32.856  1086  1105 D PicasaSyncManager: active network: NetworkInfo: type: WIFI[], state: CONNECTED/CONNECTED, reason: (unspecified), extra: (none), roaming: false, failover: false, isAvailable: true
07-05 15:11:32.856  1086  1105 D PicasaSyncManager: background data: true
07-05 15:11:32.872 20251 20251 I MediaUploader: No need to wake up
07-05 15:11:32.895  1086  1105 D PicasaSyncManager: active network: NetworkInfo: type: WIFI[], state: CONNECTED/CONNECTED, reason: (unspecified), extra: (none), roaming: false, failover: false, isAvailable: true
07-05 15:11:32.895  1086  1105 D PicasaSyncManager: background data: true
07-05 15:11:32.915 20251 20251 I MediaUploader: No need to wake up
07-05 15:11:32.981   682   685 D dalvikvm: GC_CONCURRENT freed 386K, 9% free 10148K/11079K, paused 5ms+4ms
07-05 15:11:33.083   545   548 D dalvikvm: GC_CONCURRENT freed 397K, 14% free 10407K/11975K, paused 2ms+2ms
07-05 15:11:33.317   545 22590 I DownloadManager: Initiating request for download 6454
07-05 15:11:33.364   545   548 D dalvikvm: GC_CONCURRENT freed 402K, 14% free 10389K/11975K, paused 2ms+2ms
07-05 15:11:33.489   545   548 D dalvikvm: GC_CONCURRENT freed 155K, 12% free 10645K/11975K, paused 2ms+2ms
07-05 15:11:33.630   545   548 D dalvikvm: GC_CONCURRENT freed 381K, 11% free 10679K/11975K, paused 2ms+3ms
07-05 15:11:33.915   545   548 D dalvikvm: GC_CONCURRENT freed 689K, 14% free 10414K/11975K, paused 1ms+2ms
07-05 15:11:34.188   545   548 D dalvikvm: GC_CONCURRENT freed 405K, 14% free 10395K/11975K, paused 2ms+2ms
07-05 15:11:34.384   545 22593 I DownloadManager: Initiating request for download 6455
07-05 15:11:34.469   545   548 D dalvikvm: GC_CONCURRENT freed 278K, 13% free 10506K/11975K, paused 1ms+2ms
07-05 15:11:34.587   545   548 D dalvikvm: GC_CONCURRENT freed 211K, 11% free 10689K/11975K, paused 1ms+2ms
07-05 15:11:34.735   545   548 D dalvikvm: GC_CONCURRENT freed 651K, 13% free 10466K/11975K, paused 2ms+3ms
07-05 15:11:34.899  1370 22595 E DictionaryProvider:UpdateHandler: Can't read a file : android.util.MalformedJsonException: Use JsonReader.setLenient(true) to accept malformed JSON at line 1 column 20
07-05 15:11:35.059   545   548 D dalvikvm: GC_CONCURRENT freed 419K, 13% free 10436K/11975K, paused 2ms+3ms
07-05 15:11:35.372   545   548 D dalvikvm: GC_CONCURRENT freed 417K, 14% free 10405K/11975K, paused 2ms+2ms
07-05 15:11:35.505   545 22598 I DownloadManager: Initiating request for download 6455
07-05 15:11:35.598   545   548 D dalvikvm: GC_CONCURRENT freed 222K, 12% free 10571K/11975K, paused 3ms+2ms
07-05 15:11:35.719   545   548 D dalvikvm: GC_CONCURRENT freed 256K, 11% free 10722K/11975K, paused 2ms+4ms
07-05 15:11:35.915   545   548 D dalvikvm: GC_CONCURRENT freed 695K, 13% free 10466K/11975K, paused 2ms+2ms
07-05 15:11:36.208   545   548 D dalvikvm: GC_CONCURRENT freed 431K, 13% free 10420K/11975K, paused 2ms+2ms
07-05 15:11:36.485   545   548 D dalvikvm: GC_CONCURRENT freed 402K, 14% free 10403K/11975K, paused 2ms+2ms
07-05 15:11:36.583   545 22601 I DownloadManager: Initiating request for download 6456
07-05 15:11:36.696   545 22468 D dalvikvm: GC_EXPLICIT freed 168K, 12% free 10646K/11975K, paused 2ms+6ms
07-05 15:11:36.809   545   548 D dalvikvm: GC_CONCURRENT freed 289K, 11% free 10776K/11975K, paused 1ms+2ms
07-05 15:11:36.993  1370 22603 E DictionaryProvider:UpdateHandler: Can't read a file : android.util.MalformedJsonException: Use JsonReader.setLenient(true) to accept malformed JSON at line 1 column 20
07-05 15:11:37.130   545   548 D dalvikvm: GC_CONCURRENT freed 799K, 13% free 10435K/11975K, paused 2ms+3ms
07-05 15:11:37.407   545   548 D dalvikvm: GC_CONCURRENT freed 409K, 14% free 10412K/11975K, paused 2ms+3ms
07-05 15:11:37.622   545 22606 I DownloadManager: Initiating request for download 6456
07-05 15:11:37.676   545   548 D dalvikvm: GC_CONCURRENT freed 357K, 13% free 10459K/11975K, paused 2ms+2ms
07-05 15:11:37.798   545   548 D dalvikvm: GC_CONCURRENT freed 185K, 11% free 10677K/11975K, paused 2ms+3ms
07-05 15:11:37.938   545   548 D dalvikvm: GC_CONCURRENT freed 409K, 11% free 10693K/11975K, paused 2ms+2ms
07-05 15:11:38.251   545   548 D dalvikvm: GC_CONCURRENT freed 697K, 13% free 10426K/11975K, paused 2ms+3ms
07-05 15:11:38.528   545   548 D dalvikvm: GC_CONCURRENT freed 407K, 14% free 10407K/11975K, paused 2ms+2ms
07-05 15:11:38.688   545 22609 I DownloadManager: Initiating request for download 6457
07-05 15:11:38.786   545   548 D dalvikvm: GC_CONCURRENT freed 225K, 12% free 10583K/11975K, paused 2ms+2ms
07-05 15:11:38.919   545   548 D dalvikvm: GC_CONCURRENT freed 266K, 11% free 10734K/11975K, paused 2ms+4ms
07-05 15:11:39.137   545   548 D dalvikvm: GC_CONCURRENT freed 738K, 13% free 10440K/11975K, paused 3ms+3ms
07-05 15:11:39.176  1370 22611 E DictionaryProvider:UpdateHandler: Can't read a file : android.util.MalformedJsonException: Use JsonReader.setLenient(true) to accept malformed JSON at line 1 column 20
07-05 15:11:39.458   545   548 D dalvikvm: GC_CONCURRENT freed 402K, 13% free 10426K/11975K, paused 2ms+2ms
07-05 15:11:39.739   545   548 D dalvikvm: GC_CONCURRENT freed 409K, 14% free 10405K/11975K, paused 2ms+2ms
07-05 15:11:39.805   545 22614 I DownloadManager: Initiating request for download 6457
07-05 15:11:39.915   545   548 D dalvikvm: GC_CONCURRENT freed 188K, 12% free 10632K/11975K, paused 3ms+3ms
07-05 15:11:40.036   545   548 D dalvikvm: GC_CONCURRENT freed 265K, 11% free 10776K/11975K, paused 2ms+2ms
07-05 15:11:40.325   545   548 D dalvikvm: GC_CONCURRENT freed 804K, 13% free 10432K/11975K, paused 2ms+2ms
07-05 15:11:40.610   545   548 D dalvikvm: GC_CONCURRENT freed 401K, 14% free 10415K/11975K, paused 2ms+2ms
07-05 15:11:40.841   545 22617 I DownloadManager: Initiating request for download 6458
07-05 15:11:40.915   545   548 D dalvikvm: GC_CONCURRENT freed 336K, 13% free 10468K/11975K, paused 2ms+4ms
07-05 15:11:41.048   545   548 D dalvikvm: GC_CONCURRENT freed 180K, 11% free 10677K/11975K, paused 2ms+2ms
07-05 15:11:41.180   545   548 D dalvikvm: GC_CONCURRENT freed 405K, 11% free 10696K/11975K, paused 2ms+2ms
07-05 15:11:41.333  1370 22619 E DictionaryProvider:UpdateHandler: Can't read a file : android.util.MalformedJsonException: Use JsonReader.setLenient(true) to accept malformed JSON at line 1 column 20
07-05 15:11:41.376  1370  1372 D dalvikvm: GC_CONCURRENT freed 389K, 7% free 9134K/9735K, paused 1ms+4ms
07-05 15:11:41.548   545   548 D dalvikvm: GC_CONCURRENT freed 690K, 13% free 10440K/11975K, paused 2ms+3ms
07-05 15:11:41.645   156   156 D AlarmManagerService: Kernel timezone updated to 240 minutes west of GMT
07-05 15:11:41.649   482   482 D SystemClock: Setting time of day to sec=1341515502
07-05 15:11:42.032   156   173 I ActivityManager: Start proc com.android.calendar for broadcast com.android.calendar/.widget.CalendarAppWidgetService$CalendarFactory: pid=22622 uid=10084 gids={3003}
07-05 15:11:42.048 22622 22628 D dalvikvm: Debugger has detached; object registry had 1 entries
07-05 15:11:42.094 22622 22622 I ActivityThread: Pub com.android.calendar.CalendarRecentSuggestionsProvider: com.android.calendar.CalendarRecentSuggestionsProvider
07-05 15:11:42.149   156   593 I ActivityManager: Start proc com.android.deskclock for broadcast com.android.deskclock/.AlarmInitReceiver: pid=22638 uid=10080 gids={}
07-05 15:11:42.196   156   559 I ActivityManager: Start proc com.android.providers.calendar for content provider com.android.providers.calendar/.CalendarProvider2: pid=22651 uid=10048 gids={3003, 1015}
07-05 15:11:42.212 22638 22638 I ActivityThread: Pub com.android.deskclock: com.android.deskclock.AlarmProvider
07-05 15:11:42.251   156   576 I ActivityManager: No longer want com.svox.pico (pid 19252): hidden #16
07-05 15:11:42.266    81    81 D dalvikvm: GC_EXPLICIT freed 37K, 4% free 9031K/9347K, paused 2ms+5ms
07-05 15:11:42.274 22638 22660 E SQLiteOpenHelper: Couldn't open alarms.db for writing (will try read-only):
07-05 15:11:42.274 22638 22660 E SQLiteOpenHelper: android.database.sqlite.SQLiteException: Can't downgrade database from version 7 to 5
07-05 15:11:42.274 22638 22660 E SQLiteOpenHelper: 	at android.database.sqlite.SQLiteOpenHelper.onDowngrade(SQLiteOpenHelper.java:307)
07-05 15:11:42.274 22638 22660 E SQLiteOpenHelper: 	at android.database.sqlite.SQLiteOpenHelper.getWritableDatabase(SQLiteOpenHelper.java:168)
07-05 15:11:42.274 22638 22660 E SQLiteOpenHelper: 	at android.database.sqlite.SQLiteOpenHelper.getReadableDatabase(SQLiteOpenHelper.java:231)
07-05 15:11:42.274 22638 22660 E SQLiteOpenHelper: 	at com.android.deskclock.AlarmProvider.query(AlarmProvider.java:72)
07-05 15:11:42.274 22638 22660 E SQLiteOpenHelper: 	at android.content.ContentProvider$Transport.query(ContentProvider.java:178)
07-05 15:11:42.274 22638 22660 E SQLiteOpenHelper: 	at android.content.ContentResolver.query(ContentResolver.java:311)
07-05 15:11:42.274 22638 22660 E SQLiteOpenHelper: 	at com.android.deskclock.Alarms.getFilteredAlarmsCursor(Alarms.java:143)
07-05 15:11:42.274 22638 22660 E SQLiteOpenHelper: 	at com.android.deskclock.Alarms.disableExpiredAlarms(Alarms.java:352)
07-05 15:11:42.274 22638 22660 E SQLiteOpenHelper: 	at com.android.deskclock.AlarmInitReceiver$1.run(AlarmInitReceiver.java:45)
07-05 15:11:42.274 22638 22660 E SQLiteOpenHelper: 	at android.os.Handler.handleCallback(Handler.java:605)
07-05 15:11:42.274 22638 22660 E SQLiteOpenHelper: 	at android.os.Handler.dispatchMessage(Handler.java:92)
07-05 15:11:42.274 22638 22660 E SQLiteOpenHelper: 	at android.os.Looper.loop(Looper.java:137)
07-05 15:11:42.274 22638 22660 E SQLiteOpenHelper: 	at android.os.HandlerThread.run(HandlerThread.java:60)
07-05 15:11:42.282 22638 22660 W dalvikvm: threadid=11: thread exiting with uncaught exception (group=0x40a5c1f8)
07-05 15:11:42.290 22638 22660 E AndroidRuntime: FATAL EXCEPTION: AsyncHandler
07-05 15:11:42.290 22638 22660 E AndroidRuntime: android.database.sqlite.SQLiteException: Can't upgrade read-only database from version 7 to 5: /data/data/com.android.deskclock/databases/alarms.db
07-05 15:11:42.290 22638 22660 E AndroidRuntime: 	at android.database.sqlite.SQLiteOpenHelper.getReadableDatabase(SQLiteOpenHelper.java:244)
07-05 15:11:42.290 22638 22660 E AndroidRuntime: 	at com.android.deskclock.AlarmProvider.query(AlarmProvider.java:72)
07-05 15:11:42.290 22638 22660 E AndroidRuntime: 	at android.content.ContentProvider$Transport.query(ContentProvider.java:178)
07-05 15:11:42.290 22638 22660 E AndroidRuntime: 	at android.content.ContentResolver.query(ContentResolver.java:311)
07-05 15:11:42.290 22638 22660 E AndroidRuntime: 	at com.android.deskclock.Alarms.getFilteredAlarmsCursor(Alarms.java:143)
07-05 15:11:42.290 22638 22660 E AndroidRuntime: 	at com.android.deskclock.Alarms.disableExpiredAlarms(Alarms.java:352)
07-05 15:11:42.290 22638 22660 E AndroidRuntime: 	at com.android.deskclock.AlarmInitReceiver$1.run(AlarmInitReceiver.java:45)
07-05 15:11:42.290 22638 22660 E AndroidRuntime: 	at android.os.Handler.handleCallback(Handler.java:605)
07-05 15:11:42.290 22638 22660 E AndroidRuntime: 	at android.os.Handler.dispatchMessage(Handler.java:92)
07-05 15:11:42.290 22638 22660 E AndroidRuntime: 	at android.os.Looper.loop(Looper.java:137)
07-05 15:11:42.290 22638 22660 E AndroidRuntime: 	at android.os.HandlerThread.run(HandlerThread.java:60)
07-05 15:11:42.301 22651 22651 I ActivityThread: Pub com.android.calendar: com.android.providers.calendar.CalendarProvider2
07-05 15:11:42.376   156   530 I ActivityManager: No longer want com.google.android.googlequicksearchbox (pid 19337): hidden #16
07-05 15:11:42.407    81    81 D dalvikvm: GC_EXPLICIT freed <1K, 4% free 9031K/9347K, paused 5ms+14ms
07-05 15:11:42.509    81    81 D dalvikvm: GC_EXPLICIT freed <1K, 4% free 9031K/9347K, paused 2ms+12ms
07-05 15:11:42.782   545   548 D dalvikvm: GC_CONCURRENT freed 412K, 14% free 10414K/11975K, paused 2ms+2ms
07-05 15:11:42.934   545 22669 I DownloadManager: Initiating request for download 6458
07-05 15:11:43.024   156   559 D AlarmManagerService: Kernel timezone updated to 240 minutes west of GMT
07-05 15:11:43.032   545   548 D dalvikvm: GC_CONCURRENT freed 243K, 12% free 10579K/11975K, paused 2ms+3ms
07-05 15:11:43.173   545   548 D dalvikvm: GC_CONCURRENT freed 253K, 11% free 10725K/11975K, paused 2ms+3ms
07-05 15:11:43.368   545   548 D dalvikvm: GC_CONCURRENT freed 692K, 13% free 10475K/11975K, paused 2ms+3ms
07-05 15:11:43.594 22651 22651 I CalendarProvider2: Sending notification intent: Intent { act=android.intent.action.PROVIDER_CHANGED dat=content://com.android.calendar }
07-05 15:11:43.594 22651 22651 W ContentResolver: Failed to get type for: content://com.android.calendar (Unknown URL content://com.android.calendar)
07-05 15:11:43.719   545   548 D dalvikvm: GC_CONCURRENT freed 431K, 13% free 10430K/11975K, paused 3ms+2ms
07-05 15:11:44.036   545   548 D dalvikvm: GC_CONCURRENT freed 404K, 14% free 10411K/11975K, paused 2ms+3ms
07-05 15:11:44.137   545 22674 I DownloadManager: Initiating request for download 6459
07-05 15:11:44.251   545   548 D dalvikvm: GC_CONCURRENT freed 183K, 12% free 10616K/11975K, paused 2ms+3ms
07-05 15:11:44.372   545   548 D dalvikvm: GC_CONCURRENT freed 271K, 11% free 10761K/11975K, paused 2ms+4ms
07-05 15:11:44.579  1370 22676 E DictionaryProvider:UpdateHandler: Can't read a file : android.util.MalformedJsonException: Use JsonReader.setLenient(true) to accept malformed JSON at line 1 column 20
07-05 15:11:44.673   545   548 D dalvikvm: GC_CONCURRENT freed 767K, 13% free 10449K/11975K, paused 2ms+2ms
07-05 15:11:44.950   545   548 D dalvikvm: GC_CONCURRENT freed 416K, 13% free 10421K/11975K, paused 2ms+3ms
07-05 15:11:45.184   545 22679 I DownloadManager: Initiating request for download 6459
07-05 15:11:45.227   545   548 D dalvikvm: GC_CONCURRENT freed 391K, 13% free 10420K/11975K, paused 2ms+2ms
07-05 15:11:45.348   545   548 D dalvikvm: GC_CONCURRENT freed 150K, 11% free 10663K/11975K, paused 2ms+3ms
07-05 15:11:45.477   545   548 D dalvikvm: GC_CONCURRENT freed 379K, 11% free 10703K/11975K, paused 2ms+2ms
07-05 15:11:45.766   545   548 D dalvikvm: GC_CONCURRENT freed 700K, 13% free 10438K/11975K, paused 2ms+3ms
07-05 15:11:46.051   545   548 D dalvikvm: GC_CONCURRENT freed 406K, 13% free 10419K/11975K, paused 2ms+2ms
07-05 15:11:46.251   545 22682 I DownloadManager: Initiating request for download 6460
07-05 15:11:46.329   545   548 D dalvikvm: GC_CONCURRENT freed 300K, 13% free 10511K/11975K, paused 2ms+3ms
07-05 15:11:46.458   545   548 D dalvikvm: GC_CONCURRENT freed 214K, 11% free 10706K/11975K, paused 2ms+2ms
07-05 15:11:46.614   545   548 D dalvikvm: GC_CONCURRENT freed 656K, 13% free 10484K/11975K, paused 2ms+2ms
07-05 15:11:46.911   545   548 D dalvikvm: GC_CONCURRENT freed 405K, 13% free 10466K/11975K, paused 2ms+3ms
07-05 15:11:47.208   545   548 D dalvikvm: GC_CONCURRENT freed 428K, 13% free 10424K/11975K, paused 2ms+3ms
07-05 15:11:47.676   156   568 D dalvikvm: GC_EXPLICIT freed 709K, 16% free 13915K/16391K, paused 3ms+6ms
07-05 15:11:47.688  1370 22684 E DictionaryProvider:UpdateHandler: Can't read a file : android.util.MalformedJsonException: Use JsonReader.setLenient(true) to accept malformed JSON at line 1 column 20
07-05 15:11:47.829   545   548 D dalvikvm: GC_CONCURRENT freed 358K, 13% free 10451K/11975K, paused 2ms+2ms
07-05 15:11:48.106   545   548 D dalvikvm: GC_CONCURRENT freed 421K, 14% free 10415K/11975K, paused 2ms+2ms
07-05 15:11:48.384   545   548 D dalvikvm: GC_CONCURRENT freed 396K, 14% free 10403K/11975K, paused 2ms+2ms
07-05 15:11:48.704   545   548 D dalvikvm: GC_CONCURRENT freed 357K, 13% free 10430K/11975K, paused 2ms+2ms
07-05 15:11:48.981   545   548 D dalvikvm: GC_CONCURRENT freed 402K, 14% free 10412K/11975K, paused 2ms+2ms
07-05 15:11:49.239   545 22687 I DownloadManager: Initiating request for download 6461
07-05 15:11:49.298   545   548 D dalvikvm: GC_CONCURRENT freed 368K, 13% free 10439K/11975K, paused 2ms+3ms
07-05 15:11:49.419   545   548 D dalvikvm: GC_CONCURRENT freed 163K, 11% free 10663K/11975K, paused 2ms+3ms
07-05 15:11:49.551   545   548 D dalvikvm: GC_CONCURRENT freed 388K, 11% free 10697K/11975K, paused 2ms+3ms
07-05 15:11:49.747  1370 22689 E DictionaryProvider:UpdateHandler: Can't read a file : android.util.MalformedJsonException: Use JsonReader.setLenient(true) to accept malformed JSON at line 1 column 20
07-05 15:11:49.884   545   548 D dalvikvm: GC_CONCURRENT freed 692K, 13% free 10436K/11975K, paused 2ms+2ms
07-05 15:11:50.161   545   548 D dalvikvm: GC_CONCURRENT freed 409K, 14% free 10413K/11975K, paused 2ms+3ms
07-05 15:11:50.329   545 22692 I DownloadManager: Initiating request for download 6461
07-05 15:11:50.411   545   548 D dalvikvm: GC_CONCURRENT freed 296K, 13% free 10507K/11975K, paused 2ms+2ms
07-05 15:11:50.528   545   548 D dalvikvm: GC_CONCURRENT freed 204K, 11% free 10692K/11975K, paused 2ms+3ms
07-05 15:11:50.676   545   548 D dalvikvm: GC_CONCURRENT freed 430K, 11% free 10695K/11975K, paused 2ms+2ms
07-05 15:11:50.997   545   548 D dalvikvm: GC_CONCURRENT freed 700K, 13% free 10426K/11975K, paused 2ms+3ms
07-05 15:11:51.278   545   548 D dalvikvm: GC_CONCURRENT freed 404K, 14% free 10411K/11975K, paused 2ms+2ms
07-05 15:11:51.411   545 22695 I DownloadManager: Initiating request for download 6462
07-05 15:11:51.512   545   548 D dalvikvm: GC_CONCURRENT freed 210K, 12% free 10597K/11975K, paused 1ms+3ms
07-05 15:11:51.637   545   548 D dalvikvm: GC_CONCURRENT freed 256K, 11% free 10743K/11975K, paused 2ms+3ms
07-05 15:11:51.852   545   548 D dalvikvm: GC_CONCURRENT freed 717K, 13% free 10472K/11975K, paused 2ms+3ms
07-05 15:11:51.926  1370 22697 E DictionaryProvider:UpdateHandler: Can't read a file : android.util.MalformedJsonException: Use JsonReader.setLenient(true) to accept malformed JSON at line 1 column 20
07-05 15:11:52.012  1370  1372 D dalvikvm: GC_CONCURRENT freed 418K, 7% free 9127K/9735K, paused 1ms+2ms
07-05 15:11:52.192   545   548 D dalvikvm: GC_CONCURRENT freed 425K, 13% free 10436K/11975K, paused 2ms+2ms
07-05 15:11:52.473   545   548 D dalvikvm: GC_CONCURRENT freed 415K, 14% free 10407K/11975K, paused 2ms+2ms
07-05 15:11:52.536   545 22700 I DownloadManager: Initiating request for download 6462
07-05 15:11:52.637   545   548 D dalvikvm: GC_CONCURRENT freed 170K, 12% free 10624K/11975K, paused 2ms+3ms
07-05 15:11:52.759   545   548 D dalvikvm: GC_CONCURRENT freed 266K, 11% free 10775K/11975K, paused 3ms+3ms
