07-05 14:37:16.879   545 15571 I DownloadManager: in removeSpuriousFiles, preserving file /data/data/com.android.providers.downloads/cache/metadata-1843.htm
07-05 14:37:16.883   545 15571 I DownloadManager: in removeSpuriousFiles, preserving file /data/data/com.android.providers.downloads/cache/metadata-1561.htm
07-05 14:37:16.883   545 15571 I DownloadManager: in removeSpuriousFiles, preserving file /data/data/com.android.providers.downloads/cache/metadata-509.htm
07-05 14:37:16.883   545 15571 I DownloadManager: in removeSpuriousFiles, preserving file /data/data/com.android.providers.downloads/cache/metadata-2167.htm
07-05 14:37:16.883   545 15571 I DownloadManager: in removeSpuriousFiles, preserving file /data/data/com.android.providers.downloads/cache/metadata-864.htm
07-05 14:37:16.883   545 15571 I DownloadManager: in removeSpuriousFiles, preserving file /data/data/com.android.providers.downloads/cache/metadata-1066.htm
07-05 14:37:16.883   545 15571 I DownloadManager: in removeSpuriousFiles, preserving file /data/data/com.android.providers.downloads/cache/metadata-1105.htm
07-05 14:37:16.887   545 15571 I DownloadManager: in removeSpuriousFiles, preserving file /data/data/com.android.providers.downloads/cache/metadata-1127.htm
07-05 14:37:16.887   545 15571 I DownloadManager: in removeSpuriousFiles, preserving file /data/data/com.android.providers.downloads/cache/metadata-1319.htm
07-05 14:37:16.887   545 15571 I DownloadManager: in removeSpuriousFiles, preserving file /data/data/com.android.providers.downloads/cache/metadata-1863.htm
07-05 14:37:16.887   545 15571 I DownloadManager: in removeSpuriousFiles, preserving file /data/data/com.android.providers.downloads/cache/metadata-1591.htm
07-05 14:37:16.887   545 15571 I DownloadManager: in removeSpuriousFiles, preserving file /data/data/com.android.providers.downloads/cache/metadata-1074.htm
07-05 14:37:16.887   545 15571 I DownloadManager: in removeSpuriousFiles, preserving file /data/data/com.android.providers.downloads/cache/metadata-846.htm
07-05 14:37:16.887   545 15571 I DownloadManager: in removeSpuriousFiles, preserving file /data/data/com.android.providers.downloads/cache/metadata-532.htm
07-05 14:37:16.887   545 15571 I DownloadManager: in removeSpuriousFiles, preserving file /data/data/com.android.providers.downloads/cache/metadata-1483.htm
07-05 14:37:16.887   545 15571 I DownloadManager: in removeSpuriousFiles, preserving file /data/data/com.android.providers.downloads/cache/metadata-508.htm
07-05 14:37:16.887   545 15571 I DownloadManager: in removeSpuriousFiles, preserving file /data/data/com.android.providers.downloads/cache/metadata-1091.htm
07-05 14:37:16.887   545 15571 I DownloadManager: in removeSpuriousFiles, preserving file /data/data/com.android.providers.downloads/cache/metadata-993.htm
07-05 14:37:16.887   545 15571 I DownloadManager: in removeSpuriousFiles, preserving file /data/data/com.android.providers.downloads/cache/metadata-719.htm
07-05 14:37:16.891   545 15571 I DownloadManager: in removeSpuriousFiles, preserving file /data/data/com.android.providers.downloads/cache/metadata-1514.htm
07-05 14:37:16.891   545 15571 I DownloadManager: in removeSpuriousFiles, preserving file /data/data/com.android.providers.downloads/cache/metadata-980.htm
07-05 14:37:16.891   545 15571 I DownloadManager: in removeSpuriousFiles, preserving file /data/data/com.android.providers.downloads/cache/metadata-1830.htm
07-05 14:37:16.891   545 15571 I DownloadManager: in removeSpuriousFiles, preserving file /data/data/com.android.providers.downloads/cache/metadata-1697.htm
07-05 14:37:16.891   545 15571 I DownloadManager: in removeSpuriousFiles, preserving file /data/data/com.android.providers.downloads/cache/metadata-1167.htm
07-05 14:37:16.891   545 15571 I DownloadManager: in removeSpuriousFiles, preserving file /data/data/com.android.providers.downloads/cache/metadata-582.htm
07-05 14:37:16.891   545 15571 I DownloadManager: in removeSpuriousFiles, preserving file /data/data/com.android.providers.downloads/cache/metadata-2033.htm
07-05 14:37:16.891   545 15571 I DownloadManager: deleting spurious file /cache/dalvik-cache
07-05 14:37:16.895   545 15571 I DownloadManager: deleting spurious file /data/data/com.android.providers.downloads/cache/metadata-2.htm
07-05 14:37:16.895   545 15571 I DownloadManager: deleting spurious file /data/data/com.android.providers.downloads/cache/metadata-10.htm
07-05 14:37:16.895   545 15571 I DownloadManager: deleting spurious file /data/data/com.android.providers.downloads/cache/metadata-33.htm
07-05 14:37:16.895   545 15571 I DownloadManager: deleting spurious file /data/data/com.android.providers.downloads/cache/metadata-1282.htm
07-05 14:37:16.895   545 15571 I DownloadManager: deleting spurious file /data/data/com.android.providers.downloads/cache/metadata-28.htm
07-05 14:37:16.895   545 15571 I DownloadManager: deleting spurious file /data/data/com.android.providers.downloads/cache/metadata-19.htm
07-05 14:37:16.895   545 15571 I DownloadManager: deleting spurious file /data/data/com.android.providers.downloads/cache/metadata-29.htm
07-05 14:37:16.895   545 15571 I DownloadManager: deleting spurious file /data/data/com.android.providers.downloads/cache/metadata-154.htm
07-05 14:37:16.895   545 15571 I DownloadManager: deleting spurious file /data/data/com.android.providers.downloads/cache/metadata-406.htm
07-05 14:37:16.895   545 15571 I DownloadManager: deleting spurious file /data/data/com.android.providers.downloads/cache/metadata-364.htm
07-05 14:37:16.899   545 15571 I DownloadManager: deleting spurious file /data/data/com.android.providers.downloads/cache/metadata-347.htm
07-05 14:37:16.899   545 15571 I DownloadManager: deleting spurious file /data/data/com.android.providers.downloads/cache/metadata-256.htm
07-05 14:37:16.899   545 15571 I DownloadManager: deleting spurious file /data/data/com.android.providers.downloads/cache/metadata-190.htm
07-05 14:37:16.899   545 15571 I DownloadManager: deleting spurious file /data/data/com.android.providers.downloads/cache/metadata-128.htm
07-05 14:37:16.899   545 15571 I DownloadManager: deleting spurious file /data/data/com.android.providers.downloads/cache/metadata-192.htm
07-05 14:37:16.899   545 15571 I DownloadManager: deleting spurious file /data/data/com.android.providers.downloads/cache/metadata-361.htm
07-05 14:37:16.899   545 15571 I DownloadManager: deleting spurious file /data/data/com.android.providers.downloads/cache/metadata-1271.htm
07-05 14:37:16.899   545 15571 I DownloadManager: deleting spurious file /data/data/com.android.providers.downloads/cache/metadata-287.htm
07-05 14:37:16.899   545 15571 I DownloadManager: deleting spurious file /data/data/com.android.providers.downloads/cache/metadata-178.htm
07-05 14:37:16.899   545 15571 I DownloadManager: deleting spurious file /data/data/com.android.providers.downloads/cache/metadata-239.htm
07-05 14:37:16.899   545 15571 I DownloadManager: deleting spurious file /data/data/com.android.providers.downloads/cache/metadata-66.htm
07-05 14:37:16.899   545 15571 I DownloadManager: deleting spurious file /data/data/com.android.providers.downloads/cache/metadata-172.htm
07-05 14:37:16.899   545 15571 I DownloadManager: deleting spurious file /data/data/com.android.providers.downloads/cache/metadata-383.htm
07-05 14:37:16.899   545 15571 I DownloadManager: deleting spurious file /data/data/com.android.providers.downloads/cache/metadata-136.htm
07-05 14:37:16.899   545 15571 I DownloadManager: deleting spurious file /data/data/com.android.providers.downloads/cache/metadata-229.htm
07-05 14:37:16.899   545 15571 I DownloadManager: deleting spurious file /data/data/com.android.providers.downloads/cache/metadata-1781.htm
07-05 14:37:16.903   545 15571 I DownloadManager: deleting spurious file /data/data/com.android.providers.downloads/cache/metadata-332.htm
07-05 14:37:16.903   545 15571 I DownloadManager: deleting spurious file /data/data/com.android.providers.downloads/cache/metadata-358.htm
07-05 14:37:16.903   545 15571 I DownloadManager: deleting spurious file /data/data/com.android.providers.downloads/cache/metadata-484.htm
07-05 14:37:16.903   545 15571 I DownloadManager: deleting spurious file /data/data/com.android.providers.downloads/cache/metadata-410.htm
07-05 14:37:16.903   545 15571 I DownloadManager: deleting spurious file /data/data/com.android.providers.downloads/cache/metadata-932.htm
07-05 14:37:16.903   545 15571 I DownloadManager: deleting spurious file /data/data/com.android.providers.downloads/cache/metadata-463.htm
07-05 14:37:16.903   545 15571 I DownloadManager: deleting spurious file /data/data/com.android.providers.downloads/cache/metadata-321.htm
07-05 14:37:16.903   545 15571 I DownloadManager: deleting spurious file /data/data/com.android.providers.downloads/cache/metadata-469.htm
07-05 14:37:16.903   545 15571 I DownloadManager: deleting spurious file /data/data/com.android.providers.downloads/cache/metadata-1950.htm
07-05 14:37:16.903   545 15571 I DownloadManager: deleting spurious file /data/data/com.android.providers.downloads/cache/metadata-388.htm
07-05 14:37:16.903   545 15571 I DownloadManager: deleting spurious file /data/data/com.android.providers.downloads/cache/metadata-600.htm
07-05 14:37:16.903   545 15571 I DownloadManager: deleting spurious file /data/data/com.android.providers.downloads/cache/metadata-377.htm
07-05 14:37:16.903   545 15571 I DownloadManager: deleting spurious file /data/data/com.android.providers.downloads/cache/metadata-191.htm
07-05 14:37:16.903   545 15571 I DownloadManager: deleting spurious file /data/data/com.android.providers.downloads/cache/metadata-441.htm
07-05 14:37:16.903   545 15571 I DownloadManager: deleting spurious file /data/data/com.android.providers.downloads/cache/metadata-396.htm
07-05 14:37:16.903   545 15571 I DownloadManager: deleting spurious file /data/data/com.android.providers.downloads/cache/metadata-1332.htm
07-05 14:37:16.903   545 15571 I DownloadManager: deleting spurious file /data/data/com.android.providers.downloads/cache/metadata-363.htm
07-05 14:37:16.907   545 15571 I DownloadManager: deleting spurious file /data/data/com.android.providers.downloads/cache/metadata-293.htm
07-05 14:37:16.907   545 15571 I DownloadManager: deleting spurious file /data/data/com.android.providers.downloads/cache/metadata-280.htm
07-05 14:37:16.907   545 15571 I DownloadManager: deleting spurious file /data/data/com.android.providers.downloads/cache/metadata-592.htm
07-05 14:37:16.907   545 15571 I DownloadManager: deleting spurious file /data/data/com.android.providers.downloads/cache/metadata-1481.htm
07-05 14:37:16.907   545 15571 I DownloadManager: deleting spurious file /data/data/com.android.providers.downloads/cache/metadata-313.htm
07-05 14:37:16.907   545 15571 I DownloadManager: deleting spurious file /data/data/com.android.providers.downloads/cache/metadata-127.htm
07-05 14:37:16.907   545 15571 I DownloadManager: deleting spurious file /data/data/com.android.providers.downloads/cache/metadata-424.htm
07-05 14:37:16.907   545 15571 I DownloadManager: deleting spurious file /data/data/com.android.providers.downloads/cache/metadata-367.htm
07-05 14:37:16.907   545 15571 I DownloadManager: deleting spurious file /data/data/com.android.providers.downloads/cache/metadata-2156.htm
07-05 14:37:16.907   545 15571 I DownloadManager: deleting spurious file /data/data/com.android.providers.downloads/cache/metadata-1296.htm
07-05 14:37:16.907   545 15571 I DownloadManager: deleting spurious file /data/data/com.android.providers.downloads/cache/metadata-621.htm
07-05 14:37:16.907   545 15571 I DownloadManager: deleting spurious file /data/data/com.android.providers.downloads/cache/metadata-1532.htm
07-05 14:37:16.907   545 15571 I DownloadManager: deleting spurious file /data/data/com.android.providers.downloads/cache/metadata-618.htm
07-05 14:37:16.907   545 15571 I DownloadManager: deleting spurious file /data/data/com.android.providers.downloads/cache/metadata-1331.htm
07-05 14:37:16.907   545 15571 I DownloadManager: deleting spurious file /data/data/com.android.providers.downloads/cache/metadata-1384.htm
07-05 14:37:16.907   545 15571 I DownloadManager: deleting spurious file /data/data/com.android.providers.downloads/cache/metadata-108.htm
07-05 14:37:16.907   545 15571 I DownloadManager: deleting spurious file /data/data/com.android.providers.downloads/cache/metadata-461.htm
07-05 14:37:16.910   545 15571 I DownloadManager: deleting spurious file /data/data/com.android.providers.downloads/cache/metadata-1353.htm
07-05 14:37:16.910   545 15571 I DownloadManager: deleting spurious file /data/data/com.android.providers.downloads/cache/metadata-578.htm
07-05 14:37:16.910   545 15571 I DownloadManager: deleting spurious file /data/data/com.android.providers.downloads/cache/metadata-438.htm
07-05 14:37:16.910   545 15571 I DownloadManager: deleting spurious file /data/data/com.android.providers.downloads/cache/metadata-426.htm
07-05 14:37:16.910   545 15571 I DownloadManager: deleting spurious file /data/data/com.android.providers.downloads/cache/metadata-1133.htm
07-05 14:37:16.910   545 15571 I DownloadManager: deleting spurious file /data/data/com.android.providers.downloads/cache/metadata-468.htm
07-05 14:37:16.910   545 15571 I DownloadManager: deleting spurious file /data/data/com.android.providers.downloads/cache/metadata-401.htm
07-05 14:37:16.910   545 15571 I DownloadManager: deleting spurious file /data/data/com.android.providers.downloads/cache/metadata-403.htm
07-05 14:37:16.910   545 15571 I DownloadManager: deleting spurious file /data/data/com.android.providers.downloads/cache/metadata-402.htm
07-05 14:37:16.910   545 15571 I DownloadManager: deleting spurious file /data/data/com.android.providers.downloads/cache/metadata-483.htm
07-05 14:37:16.910   545 15571 I DownloadManager: deleting spurious file /data/data/com.android.providers.downloads/cache/metadata-523.htm
07-05 14:37:16.910   545 15571 I DownloadManager: deleting spurious file /data/data/com.android.providers.downloads/cache/metadata-517.htm
07-05 14:37:16.910   545 15571 I DownloadManager: deleting spurious file /data/data/com.android.providers.downloads/cache/metadata-776.htm
07-05 14:37:16.910   545 15571 I DownloadManager: deleting spurious file /data/data/com.android.providers.downloads/cache/metadata-1958.htm
07-05 14:37:16.910   545 15571 I DownloadManager: deleting spurious file /data/data/com.android.providers.downloads/cache/metadata-1156.htm
07-05 14:37:16.910   545 15571 I DownloadManager: deleting spurious file /data/data/com.android.providers.downloads/cache/metadata-2015.htm
07-05 14:37:16.910   545 15571 I DownloadManager: deleting spurious file /data/data/com.android.providers.downloads/cache/metadata-1925.htm
07-05 14:37:16.914   545 15571 I DownloadManager: deleting spurious file /data/data/com.android.providers.downloads/cache/metadata-1399.htm
07-05 14:37:16.914   545 15571 I DownloadManager: deleting spurious file /data/data/com.android.providers.downloads/cache/metadata-893.htm
07-05 14:37:16.914   545 15571 I DownloadManager: deleting spurious file /data/data/com.android.providers.downloads/cache/metadata-360.htm
07-05 14:37:16.914   545 15571 I DownloadManager: deleting spurious file /data/data/com.android.providers.downloads/cache/metadata-502.htm
07-05 14:37:16.914   545 15571 I DownloadManager: deleting spurious file /data/data/com.android.providers.downloads/cache/metadata-1253.htm
07-05 14:37:16.914   545 15571 I DownloadManager: deleting spurious file /data/data/com.android.providers.downloads/cache/metadata-632.htm
07-05 14:37:16.918   545 15571 I DownloadManager: deleting spurious file /data/data/com.android.providers.downloads/cache/metadata-1339.htm
07-05 14:37:16.918   545 15571 I DownloadManager: deleting spurious file /data/data/com.android.providers.downloads/cache/metadata-106.htm
07-05 14:37:16.918   545 15571 I DownloadManager: deleting spurious file /data/data/com.android.providers.downloads/cache/metadata-637.htm
07-05 14:37:16.918   545 15571 I DownloadManager: deleting spurious file /data/data/com.android.providers.downloads/cache/metadata-381.htm
07-05 14:37:16.918   545 15571 I DownloadManager: deleting spurious file /data/data/com.android.providers.downloads/cache/metadata-1595.htm
07-05 14:37:16.918   545 15571 I DownloadManager: deleting spurious file /data/data/com.android.providers.downloads/cache/metadata-1951.htm
07-05 14:37:16.918   545 15571 I DownloadManager: deleting spurious file /data/data/com.android.providers.downloads/cache/metadata-417.htm
07-05 14:37:16.918   545 15571 I DownloadManager: deleting spurious file /data/data/com.android.providers.downloads/cache/metadata-558.htm
07-05 14:37:16.918   545 15571 I DownloadManager: deleting spurious file /data/data/com.android.providers.downloads/cache/metadata-1415.htm
07-05 14:37:16.918   545 15571 I DownloadManager: deleting spurious file /data/data/com.android.providers.downloads/cache/metadata-92.htm
07-05 14:37:16.918   545 15571 I DownloadManager: deleting spurious file /data/data/com.android.providers.downloads/cache/metadata-2488.htm
07-05 14:37:16.918   545 15571 I DownloadManager: deleting spurious file /data/data/com.android.providers.downloads/cache/metadata-995.htm
07-05 14:37:16.918   545 15571 I DownloadManager: deleting spurious file /data/data/com.android.providers.downloads/cache/metadata-867.htm
07-05 14:37:16.918   545 15571 I DownloadManager: deleting spurious file /data/data/com.android.providers.downloads/cache/metadata-2078.htm
07-05 14:37:16.918   545 15571 I DownloadManager: deleting spurious file /data/data/com.android.providers.downloads/cache/metadata-3057.htm
07-05 14:37:16.918   545 15571 I DownloadManager: deleting spurious file /data/data/com.android.providers.downloads/cache/metadata-1471.htm
07-05 14:37:16.918   545 15571 I DownloadManager: deleting spurious file /data/data/com.android.providers.downloads/cache/metadata-405.htm
07-05 14:37:16.918   545 15571 I DownloadManager: deleting spurious file /data/data/com.android.providers.downloads/cache/metadata-1347.htm
07-05 14:37:16.918   545 15571 I DownloadManager: deleting spurious file /data/data/com.android.providers.downloads/cache/metadata-1740.htm
07-05 14:37:16.918   545 15571 I DownloadManager: deleting spurious file /data/data/com.android.providers.downloads/cache/metadata-1448.htm
07-05 14:37:16.918   545 15571 I DownloadManager: deleting spurious file /data/data/com.android.providers.downloads/cache/metadata-792.htm
07-05 14:37:16.918   545 15571 I DownloadManager: deleting spurious file /data/data/com.android.providers.downloads/cache/metadata-1361.htm
07-05 14:37:16.918   545 15571 I DownloadManager: deleting spurious file /data/data/com.android.providers.downloads/cache/metadata-498.htm
07-05 14:37:16.918   545 15571 I DownloadManager: deleting spurious file /data/data/com.android.providers.downloads/cache/metadata-886.htm
07-05 14:37:16.922   545 15571 I DownloadManager: deleting spurious file /data/data/com.android.providers.downloads/cache/metadata-917.htm
07-05 14:37:16.922   545 15571 I DownloadManager: deleting spurious file /data/data/com.android.providers.downloads/cache/metadata-2199.htm
07-05 14:37:16.922   545 15571 I DownloadManager: deleting spurious file /data/data/com.android.providers.downloads/cache/metadata-715.htm
07-05 14:37:16.922   545 15571 I DownloadManager: deleting spurious file /data/data/com.android.providers.downloads/cache/metadata-1030.htm
07-05 14:37:16.922   545 15571 I DownloadManager: deleting spurious file /data/data/com.android.providers.downloads/cache/metadata-1393.htm
07-05 14:37:16.922   545 15571 I DownloadManager: deleting spurious file /data/data/com.android.providers.downloads/cache/metadata-524.htm
07-05 14:37:16.922   545 15571 I DownloadManager: deleting spurious file /data/data/com.android.providers.downloads/cache/metadata-850.htm
07-05 14:37:16.922   545 15571 I DownloadManager: deleting spurious file /data/data/com.android.providers.downloads/cache/metadata-840.htm
07-05 14:37:16.922   545 15571 I DownloadManager: deleting spurious file /data/data/com.android.providers.downloads/cache/metadata-1130.htm
07-05 14:37:16.926   545 15571 I DownloadManager: deleting spurious file /data/data/com.android.providers.downloads/cache/metadata-2522.htm
07-05 14:37:16.926   545 15571 I DownloadManager: deleting spurious file /data/data/com.android.providers.downloads/cache/metadata-2675.htm
07-05 14:37:16.926   545 15571 I DownloadManager: deleting spurious file /data/data/com.android.providers.downloads/cache/metadata-1124.htm
07-05 14:37:17.043   545   548 D dalvikvm: GC_CONCURRENT freed 755K, 10% free 10550K/11719K, paused 1ms+2ms
07-05 14:37:17.360   545   548 D dalvikvm: GC_CONCURRENT freed 404K, 11% free 10547K/11719K, paused 2ms+2ms
07-05 14:37:17.680   545   548 D dalvikvm: GC_CONCURRENT freed 414K, 11% free 10540K/11719K, paused 1ms+3ms
07-05 14:37:17.731   545 15573 I DownloadManager: Initiating request for download 5677
07-05 14:37:17.832   545   548 D dalvikvm: GC_CONCURRENT freed 206K, 9% free 10770K/11719K, paused 2ms+3ms
07-05 14:37:17.914   545   548 D dalvikvm: GC_CONCURRENT freed 423K, 8% free 10825K/11719K, paused 1ms+2ms
07-05 14:37:18.992   545   548 D dalvikvm: GC_CONCURRENT freed 729K, 10% free 10584K/11719K, paused 2ms+2ms
07-05 14:37:19.262   545   548 D dalvikvm: GC_CONCURRENT freed 420K, 10% free 10564K/11719K, paused 2ms+2ms
07-05 14:37:19.907   545 15575 I DownloadManager: Initiating request for download 5678
07-05 14:37:20.090   545   548 D dalvikvm: GC_CONCURRENT freed 372K, 10% free 10626K/11719K, paused 4ms+3ms
07-05 14:37:20.219   545   548 D dalvikvm: GC_CONCURRENT freed 278K, 8% free 10851K/11719K, paused 2ms+3ms
07-05 14:37:20.461   545 15575 D dalvikvm: GC_EXPLICIT freed 673K, 10% free 10610K/11719K, paused 2ms+4ms
07-05 14:37:20.805   545   548 D dalvikvm: GC_CONCURRENT freed 489K, 10% free 10549K/11719K, paused 2ms+3ms
07-05 14:37:20.856  1370 15578 E DictionaryProvider:UpdateHandler: Can't read a file : android.util.MalformedJsonException: Use JsonReader.setLenient(true) to accept malformed JSON at line 1 column 20
07-05 14:37:21.141   545   548 D dalvikvm: GC_CONCURRENT freed 428K, 11% free 10519K/11719K, paused 2ms+2ms
07-05 14:37:21.387   545 15581 I DownloadManager: Initiating request for download 5678
07-05 14:37:21.442   545   548 D dalvikvm: GC_CONCURRENT freed 408K, 11% free 10512K/11719K, paused 2ms+4ms
07-05 14:37:21.590   545   548 D dalvikvm: GC_CONCURRENT freed 188K, 8% free 10793K/11719K, paused 2ms+3ms
07-05 14:37:21.746   545   548 D dalvikvm: GC_CONCURRENT freed 491K, 8% free 10793K/11719K, paused 2ms+3ms
07-05 14:37:22.094   545   548 D dalvikvm: GC_CONCURRENT freed 742K, 11% free 10521K/11719K, paused 2ms+2ms
07-05 14:37:22.364   545   548 D dalvikvm: GC_CONCURRENT freed 413K, 11% free 10499K/11719K, paused 2ms+2ms
07-05 14:37:23.649   156   530 D dalvikvm: GC_EXPLICIT freed 640K, 13% free 14082K/16007K, paused 12ms+5ms
07-05 14:37:23.653   545 15584 I DownloadManager: Initiating request for download 5679
07-05 14:37:23.778   545   548 D dalvikvm: GC_CONCURRENT freed 328K, 9% free 10679K/11719K, paused 2ms+4ms
07-05 14:37:23.910   545   548 D dalvikvm: GC_CONCURRENT freed 367K, 8% free 10795K/11719K, paused 2ms+3ms
07-05 14:37:24.227   545   548 D dalvikvm: GC_CONCURRENT freed 749K, 11% free 10520K/11719K, paused 2ms+2ms
07-05 14:37:24.461  1370 15586 E DictionaryProvider:UpdateHandler: Can't read a file : android.util.MalformedJsonException: Use JsonReader.setLenient(true) to accept malformed JSON at line 1 column 20
07-05 14:37:24.578  1370  1372 D dalvikvm: GC_CONCURRENT freed 392K, 7% free 9127K/9735K, paused 1ms+10ms
07-05 14:37:24.602   545   548 D dalvikvm: GC_CONCURRENT freed 434K, 11% free 10486K/11719K, paused 2ms+4ms
07-05 14:37:24.871   545   548 D dalvikvm: GC_CONCURRENT freed 433K, 11% free 10444K/11719K, paused 2ms+2ms
07-05 14:37:24.965   545 15589 I DownloadManager: Initiating request for download 5679
07-05 14:37:25.071   545   548 D dalvikvm: GC_CONCURRENT freed 251K, 10% free 10619K/11719K, paused 2ms+3ms
07-05 14:37:25.172   545   548 D dalvikvm: GC_CONCURRENT freed 283K, 8% free 10783K/11719K, paused 3ms+3ms
07-05 14:37:25.922   545   548 D dalvikvm: GC_CONCURRENT freed 766K, 11% free 10483K/11719K, paused 1ms+3ms
07-05 14:37:26.254   545   548 D dalvikvm: GC_CONCURRENT freed 434K, 11% free 10450K/11719K, paused 2ms+3ms
07-05 14:37:26.555   545   548 D dalvikvm: GC_CONCURRENT freed 410K, 11% free 10430K/11719K, paused 2ms+2ms
07-05 14:37:26.621   545 15592 I DownloadManager: Initiating request for download 5680
07-05 14:37:26.766   545   548 D dalvikvm: GC_CONCURRENT freed 233K, 10% free 10654K/11719K, paused 2ms+3ms
07-05 14:37:26.887   545   548 D dalvikvm: GC_CONCURRENT freed 424K, 9% free 10684K/11719K, paused 2ms+2ms
07-05 14:37:27.035  1370 15594 E DictionaryProvider:UpdateHandler: Can't read a file : android.util.MalformedJsonException: Use JsonReader.setLenient(true) to accept malformed JSON at line 1 column 20
07-05 14:37:27.211   545   548 D dalvikvm: GC_CONCURRENT freed 693K, 12% free 10424K/11719K, paused 2ms+2ms
07-05 14:37:27.465   545   548 D dalvikvm: GC_CONCURRENT freed 415K, 12% free 10399K/11719K, paused 2ms+2ms
07-05 14:37:27.578   545 15597 I DownloadManager: Initiating request for download 5680
07-05 14:37:27.707   545   548 D dalvikvm: GC_CONCURRENT freed 260K, 10% free 10572K/11719K, paused 2ms+3ms
07-05 14:37:27.828   545   548 D dalvikvm: GC_CONCURRENT freed 307K, 9% free 10768K/11719K, paused 2ms+2ms
07-05 14:37:28.075   545   548 D dalvikvm: GC_CONCURRENT freed 789K, 11% free 10439K/11719K, paused 2ms+2ms
07-05 14:37:28.364   545   548 D dalvikvm: GC_CONCURRENT freed 434K, 12% free 10393K/11719K, paused 2ms+3ms
07-05 14:37:28.543   545 15600 I DownloadManager: Initiating request for download 5681
07-05 14:37:28.629   545   548 D dalvikvm: GC_CONCURRENT freed 263K, 10% free 10548K/11719K, paused 2ms+3ms
07-05 14:37:28.746   545   548 D dalvikvm: GC_CONCURRENT freed 273K, 9% free 10703K/11719K, paused 1ms+3ms
07-05 14:37:28.950   545   548 D dalvikvm: GC_CONCURRENT freed 730K, 12% free 10413K/11719K, paused 2ms+2ms
07-05 14:37:29.000  1370 15602 E DictionaryProvider:UpdateHandler: Can't read a file : android.util.MalformedJsonException: Use JsonReader.setLenient(true) to accept malformed JSON at line 1 column 20
07-05 14:37:29.258   545   548 D dalvikvm: GC_CONCURRENT freed 397K, 12% free 10412K/11719K, paused 2ms+3ms
07-05 14:37:29.520   545   548 D dalvikvm: GC_CONCURRENT freed 422K, 12% free 10381K/11719K, paused 1ms+2ms
07-05 14:37:29.563   545 15605 I DownloadManager: Initiating request for download 5681
07-05 14:37:29.680   545   548 D dalvikvm: GC_CONCURRENT freed 178K, 10% free 10639K/11719K, paused 2ms+3ms
07-05 14:37:29.801   545   548 D dalvikvm: GC_CONCURRENT freed 417K, 10% free 10663K/11719K, paused 2ms+2ms
07-05 14:37:30.090   545   548 D dalvikvm: GC_CONCURRENT freed 686K, 12% free 10403K/11719K, paused 2ms+3ms
07-05 14:37:30.367   545   548 D dalvikvm: GC_CONCURRENT freed 404K, 12% free 10385K/11719K, paused 1ms+2ms
07-05 14:37:30.512   545 15608 I DownloadManager: Initiating request for download 5682
07-05 14:37:30.610   545   548 D dalvikvm: GC_CONCURRENT freed 241K, 10% free 10582K/11719K, paused 2ms+3ms
07-05 14:37:30.723   545   548 D dalvikvm: GC_CONCURRENT freed 278K, 9% free 10736K/11719K, paused 2ms+3ms
07-05 14:37:30.907  1370 15610 E DictionaryProvider:UpdateHandler: Can't read a file : android.util.MalformedJsonException: Use JsonReader.setLenient(true) to accept malformed JSON at line 1 column 20
07-05 14:37:31.004   545   548 D dalvikvm: GC_CONCURRENT freed 770K, 12% free 10418K/11719K, paused 2ms+3ms
07-05 14:37:31.266   545   548 D dalvikvm: GC_CONCURRENT freed 415K, 12% free 10394K/11719K, paused 2ms+2ms
07-05 14:37:31.457   545 15613 I DownloadManager: Initiating request for download 5682
07-05 14:37:31.516   545   548 D dalvikvm: GC_CONCURRENT freed 344K, 11% free 10478K/11719K, paused 1ms+2ms
07-05 14:37:31.633   545   548 D dalvikvm: GC_CONCURRENT freed 231K, 9% free 10684K/11719K, paused 2ms+3ms
07-05 14:37:31.797   545   548 D dalvikvm: GC_CONCURRENT freed 671K, 11% free 10451K/11719K, paused 2ms+2ms
07-05 14:37:32.078   545   548 D dalvikvm: GC_CONCURRENT freed 439K, 12% free 10403K/11719K, paused 2ms+3ms
07-05 14:37:32.356   545   548 D dalvikvm: GC_CONCURRENT freed 404K, 12% free 10388K/11719K, paused 2ms+2ms
07-05 14:37:32.450   545 15616 I DownloadManager: Initiating request for download 5683
07-05 14:37:32.559   545   548 D dalvikvm: GC_CONCURRENT freed 209K, 10% free 10618K/11719K, paused 2ms+3ms
07-05 14:37:32.676   545   548 D dalvikvm: GC_CONCURRENT freed 287K, 9% free 10758K/11719K, paused 2ms+2ms
07-05 14:37:32.836  1370 15618 E DictionaryProvider:UpdateHandler: Can't read a file : android.util.MalformedJsonException: Use JsonReader.setLenient(true) to accept malformed JSON at line 1 column 20
07-05 14:37:32.910  1370  1372 D dalvikvm: GC_CONCURRENT freed 391K, 7% free 9127K/9735K, paused 1ms+2ms
07-05 14:37:33.012   545   548 D dalvikvm: GC_CONCURRENT freed 799K, 12% free 10424K/11719K, paused 2ms+2ms
07-05 14:37:33.274   545   548 D dalvikvm: GC_CONCURRENT freed 419K, 12% free 10397K/11719K, paused 2ms+2ms
07-05 14:37:33.418   545 15621 I DownloadManager: Initiating request for download 5683
07-05 14:37:33.504   545   548 D dalvikvm: GC_CONCURRENT freed 278K, 10% free 10564K/11719K, paused 1ms+2ms
07-05 14:37:33.617   545   548 D dalvikvm: GC_CONCURRENT freed 285K, 9% free 10726K/11719K, paused 2ms+2ms
07-05 14:37:33.852   545   548 D dalvikvm: GC_CONCURRENT freed 755K, 12% free 10417K/11719K, paused 2ms+3ms
07-05 14:37:34.125   545   548 D dalvikvm: GC_CONCURRENT freed 411K, 12% free 10397K/11719K, paused 2ms+2ms
07-05 14:37:34.367   545 15624 I DownloadManager: Initiating request for download 5684
07-05 14:37:34.426   545   548 D dalvikvm: GC_CONCURRENT freed 375K, 12% free 10419K/11719K, paused 3ms+3ms
07-05 14:37:34.555   545   548 D dalvikvm: GC_CONCURRENT freed 188K, 10% free 10659K/11719K, paused 2ms+3ms
07-05 14:37:34.688   545   548 D dalvikvm: GC_CONCURRENT freed 432K, 9% free 10671K/11719K, paused 2ms+3ms
07-05 14:37:34.817  1370 15626 E DictionaryProvider:UpdateHandler: Can't read a file : android.util.MalformedJsonException: Use JsonReader.setLenient(true) to accept malformed JSON at line 1 column 20
07-05 14:37:35.020   545   548 D dalvikvm: GC_CONCURRENT freed 679K, 12% free 10427K/11719K, paused 1ms+2ms
07-05 14:37:35.293   545   548 D dalvikvm: GC_CONCURRENT freed 427K, 12% free 10391K/11719K, paused 2ms+3ms
07-05 14:37:35.391   545 15629 I DownloadManager: Initiating request for download 5684
07-05 14:37:35.481   545   548 D dalvikvm: GC_CONCURRENT freed 215K, 10% free 10592K/11719K, paused 3ms+2ms
07-05 14:37:35.598   545   548 D dalvikvm: GC_CONCURRENT freed 294K, 9% free 10762K/11719K, paused 2ms+2ms
07-05 14:37:35.848   545   548 D dalvikvm: GC_CONCURRENT freed 774K, 11% free 10447K/11719K, paused 2ms+2ms
07-05 14:37:36.110   545   548 D dalvikvm: GC_CONCURRENT freed 403K, 11% free 10435K/11719K, paused 2ms+2ms
07-05 14:37:36.524   545 15631 I DownloadManager: Initiating request for download 5685
07-05 14:37:36.606   545   548 D dalvikvm: GC_CONCURRENT freed 278K, 10% free 10606K/11719K, paused 2ms+4ms
07-05 14:37:36.731   545   548 D dalvikvm: GC_CONCURRENT freed 322K, 9% free 10737K/11719K, paused 2ms+2ms
07-05 14:37:36.934  1370 15634 E DictionaryProvider:UpdateHandler: Can't read a file : android.util.MalformedJsonException: Use JsonReader.setLenient(true) to accept malformed JSON at line 1 column 20
07-05 14:37:37.016   465   467 D dalvikvm: GC_CONCURRENT freed 392K, 6% free 10509K/11143K, paused 2ms+2ms
07-05 14:37:37.047   545   548 D dalvikvm: GC_CONCURRENT freed 769K, 12% free 10429K/11719K, paused 2ms+2ms
07-05 14:37:37.309   545   548 D dalvikvm: GC_CONCURRENT freed 418K, 12% free 10402K/11719K, paused 2ms+2ms
07-05 14:37:37.528   545 15637 I DownloadManager: Initiating request for download 5685
07-05 14:37:37.586   545   548 D dalvikvm: GC_CONCURRENT freed 394K, 11% free 10434K/11719K, paused 2ms+4ms
07-05 14:37:37.707   545   548 D dalvikvm: GC_CONCURRENT freed 198K, 9% free 10672K/11719K, paused 2ms+3ms
07-05 14:37:37.848   545   548 D dalvikvm: GC_CONCURRENT freed 643K, 11% free 10464K/11719K, paused 2ms+3ms
07-05 14:37:38.141   545   548 D dalvikvm: GC_CONCURRENT freed 439K, 12% free 10416K/11719K, paused 2ms+2ms
07-05 14:37:38.414   545   548 D dalvikvm: GC_CONCURRENT freed 408K, 12% free 10400K/11719K, paused 2ms+2ms
07-05 14:37:38.551   545 15640 I DownloadManager: Initiating request for download 5686
07-05 14:37:38.641   545   548 D dalvikvm: GC_CONCURRENT freed 237K, 10% free 10603K/11719K, paused 2ms+3ms
07-05 14:37:38.766   545   548 D dalvikvm: GC_CONCURRENT freed 275K, 8% free 10790K/11719K, paused 2ms+2ms
07-05 14:37:38.950  1370 15642 E DictionaryProvider:UpdateHandler: Can't read a file : android.util.MalformedJsonException: Use JsonReader.setLenient(true) to accept malformed JSON at line 1 column 20
07-05 14:37:39.082   545   548 D dalvikvm: GC_CONCURRENT freed 833K, 12% free 10425K/11719K, paused 1ms+2ms
07-05 14:37:39.348   545   548 D dalvikvm: GC_CONCURRENT freed 414K, 12% free 10402K/11719K, paused 2ms+2ms
07-05 14:37:39.504   545 15645 I DownloadManager: Initiating request for download 5686
07-05 14:37:39.575   545   548 D dalvikvm: GC_CONCURRENT freed 295K, 10% free 10571K/11719K, paused 2ms+3ms
07-05 14:37:39.696   545   548 D dalvikvm: GC_CONCURRENT freed 280K, 9% free 10733K/11719K, paused 2ms+3ms
07-05 14:37:39.930   545   548 D dalvikvm: GC_CONCURRENT freed 756K, 12% free 10428K/11719K, paused 2ms+3ms
07-05 14:37:40.207   545   548 D dalvikvm: GC_CONCURRENT freed 412K, 12% free 10407K/11719K, paused 2ms+2ms
07-05 14:37:40.457   545 15648 I DownloadManager: Initiating request for download 5687
07-05 14:37:40.516   545   548 D dalvikvm: GC_CONCURRENT freed 393K, 12% free 10429K/11719K, paused 2ms+3ms
07-05 14:37:40.645   545   548 D dalvikvm: GC_CONCURRENT freed 181K, 10% free 10664K/11719K, paused 2ms+3ms
07-05 14:37:40.774   545   548 D dalvikvm: GC_CONCURRENT freed 417K, 9% free 10681K/11719K, paused 2ms+2ms
07-05 14:37:40.950   156   628 D dalvikvm: GC_EXPLICIT freed 575K, 13% free 14082K/16007K, paused 3ms+5ms
07-05 14:37:40.989  1370 15650 E DictionaryProvider:UpdateHandler: Can't read a file : android.util.MalformedJsonException: Use JsonReader.setLenient(true) to accept malformed JSON at line 1 column 20
07-05 14:37:41.153   545   548 D dalvikvm: GC_CONCURRENT freed 684K, 11% free 10437K/11719K, paused 1ms+3ms
07-05 14:37:41.418   545   548 D dalvikvm: GC_CONCURRENT freed 436K, 12% free 10391K/11719K, paused 2ms+3ms
07-05 14:37:41.539   545 15652 I DownloadManager: Initiating request for download 5687
07-05 14:37:41.610   545   548 D dalvikvm: GC_CONCURRENT freed 241K, 10% free 10587K/11719K, paused 2ms+3ms
07-05 14:37:41.711   545   548 D dalvikvm: GC_CONCURRENT freed 276K, 9% free 10747K/11719K, paused 2ms+3ms
07-05 14:37:42.114  1370  1372 D dalvikvm: GC_CONCURRENT freed 366K, 6% free 9152K/9735K, paused 13ms+2ms
07-05 14:37:42.418   545   548 D dalvikvm: GC_CONCURRENT freed 785K, 12% free 10411K/11719K, paused 2ms+2ms
07-05 14:37:42.684   545   548 D dalvikvm: GC_CONCURRENT freed 405K, 12% free 10393K/11719K, paused 2ms+9ms
07-05 14:37:42.907   545 15657 I DownloadManager: Initiating request for download 5688
07-05 14:37:42.981   545   548 D dalvikvm: GC_CONCURRENT freed 345K, 11% free 10471K/11719K, paused 2ms+3ms
07-05 14:37:43.098   545   548 D dalvikvm: GC_CONCURRENT freed 225K, 9% free 10682K/11719K, paused 2ms+3ms
07-05 14:37:43.250   545   548 D dalvikvm: GC_CONCURRENT freed 662K, 11% free 10458K/11719K, paused 2ms+2ms
07-05 14:37:43.340  1370 15659 E DictionaryProvider:UpdateHandler: Can't read a file : android.util.MalformedJsonException: Use JsonReader.setLenient(true) to accept malformed JSON at line 1 column 20
07-05 14:37:43.559   545   548 D dalvikvm: GC_CONCURRENT freed 437K, 12% free 10411K/11719K, paused 2ms+3ms
07-05 14:37:43.832   545   548 D dalvikvm: GC_CONCURRENT freed 414K, 12% free 10388K/11719K, paused 2ms+2ms
07-05 14:37:43.942   545 15662 I DownloadManager: Initiating request for download 5688
07-05 14:37:44.035   545   548 D dalvikvm: GC_CONCURRENT freed 224K, 10% free 10601K/11719K, paused 2ms+3ms
07-05 14:37:44.153   545   548 D dalvikvm: GC_CONCURRENT freed 301K, 9% free 10759K/11719K, paused 2ms+2ms
07-05 14:37:44.446   545   548 D dalvikvm: GC_CONCURRENT freed 805K, 12% free 10418K/11719K, paused 1ms+3ms
07-05 14:37:44.700   545   548 D dalvikvm: GC_CONCURRENT freed 411K, 12% free 10393K/11719K, paused 2ms+2ms
07-05 14:37:44.895   545 15665 I DownloadManager: Initiating request for download 5689
07-05 14:37:44.977   545   548 D dalvikvm: GC_CONCURRENT freed 278K, 10% free 10599K/11719K, paused 2ms+4ms
07-05 14:37:45.110   545   548 D dalvikvm: GC_CONCURRENT freed 307K, 9% free 10743K/11719K, paused 2ms+3ms
07-05 14:37:45.305  1370 15667 E DictionaryProvider:UpdateHandler: Can't read a file : android.util.MalformedJsonException: Use JsonReader.setLenient(true) to accept malformed JSON at line 1 column 20
07-05 14:37:45.387   545   548 D dalvikvm: GC_CONCURRENT freed 765K, 11% free 10432K/11719K, paused 2ms+2ms
07-05 14:37:45.649   545   548 D dalvikvm: GC_CONCURRENT freed 423K, 12% free 10400K/11719K, paused 1ms+3ms
07-05 14:37:45.907   545   548 D dalvikvm: GC_CONCURRENT freed 369K, 12% free 10425K/11719K, paused 2ms+3ms
07-05 14:37:45.910   545 15670 I DownloadManager: Initiating request for download 5689
07-05 14:37:46.032   545   548 D dalvikvm: GC_CONCURRENT freed 197K, 9% free 10666K/11719K, paused 2ms+3ms
07-05 14:37:46.153   545   548 D dalvikvm: GC_CONCURRENT freed 430K, 9% free 10680K/11719K, paused 2ms+2ms
07-05 14:37:46.465   545   548 D dalvikvm: GC_CONCURRENT freed 697K, 12% free 10412K/11719K, paused 2ms+2ms
07-05 14:37:46.746   545   548 D dalvikvm: GC_CONCURRENT freed 405K, 12% free 10392K/11719K, paused 2ms+2ms
07-05 14:37:46.867   545 15673 I DownloadManager: Initiating request for download 5690
07-05 14:37:46.961   545   548 D dalvikvm: GC_CONCURRENT freed 222K, 10% free 10605K/11719K, paused 2ms+3ms
07-05 14:37:47.082   545   548 D dalvikvm: GC_CONCURRENT freed 297K, 9% free 10768K/11719K, paused 2ms+3ms
07-05 14:37:47.250  1370 15675 E DictionaryProvider:UpdateHandler: Can't read a file : android.util.MalformedJsonException: Use JsonReader.setLenient(true) to accept malformed JSON at line 1 column 20
07-05 14:37:47.387   545   548 D dalvikvm: GC_CONCURRENT freed 805K, 12% free 10423K/11719K, paused 2ms+3ms
07-05 14:37:47.649   545   548 D dalvikvm: GC_CONCURRENT freed 414K, 12% free 10400K/11719K, paused 2ms+2ms
07-05 14:37:47.817   545 15678 I DownloadManager: Initiating request for download 5690
07-05 14:37:47.899   545   548 D dalvikvm: GC_CONCURRENT freed 296K, 10% free 10560K/11719K, paused 2ms+2ms
07-05 14:37:48.012   545   548 D dalvikvm: GC_CONCURRENT freed 278K, 9% free 10717K/11719K, paused 2ms+3ms
07-05 14:37:48.215   545   548 D dalvikvm: GC_CONCURRENT freed 738K, 12% free 10426K/11719K, paused 1ms+5ms
07-05 14:37:48.492   545   548 D dalvikvm: GC_CONCURRENT freed 402K, 12% free 10410K/11719K, paused 2ms+2ms
07-05 14:37:48.633   682  1055 E GTalkService: connectionClosed: no XMPPConnection - That's strange!
07-05 14:37:48.770   545   548 D dalvikvm: GC_CONCURRENT freed 406K, 12% free 10391K/11719K, paused 2ms+2ms
07-05 14:37:48.832   545 15681 I DownloadManager: Initiating request for download 5691
07-05 14:37:48.950   545   548 D dalvikvm: GC_CONCURRENT freed 178K, 10% free 10650K/11719K, paused 2ms+2ms
07-05 14:37:49.071   545   548 D dalvikvm: GC_CONCURRENT freed 415K, 9% free 10678K/11719K, paused 2ms+2ms
07-05 14:37:49.285   545   557 D dalvikvm: GC_EXPLICIT freed 533K, 11% free 10436K/11719K, paused 2ms+3ms
07-05 14:37:49.293  1370 15683 E DictionaryProvider:UpdateHandler: Can't read a file : android.util.MalformedJsonException: Use JsonReader.setLenient(true) to accept malformed JSON at line 1 column 20
07-05 14:37:49.567   545   548 D dalvikvm: GC_CONCURRENT freed 419K, 12% free 10407K/11719K, paused 2ms+3ms
07-05 14:37:49.782   545 15686 I DownloadManager: Initiating request for download 5691
07-05 14:37:49.844   545   548 D dalvikvm: GC_CONCURRENT freed 378K, 11% free 10468K/11719K, paused 2ms+3ms
07-05 14:37:49.957   545   548 D dalvikvm: GC_CONCURRENT freed 217K, 9% free 10688K/11719K, paused 2ms+3ms
07-05 14:37:50.106   545   548 D dalvikvm: GC_CONCURRENT freed 658K, 11% free 10463K/11719K, paused 2ms+3ms
07-05 14:37:50.399   545   548 D dalvikvm: GC_CONCURRENT freed 433K, 12% free 10421K/11719K, paused 2ms+3ms
07-05 14:37:50.664   545   548 D dalvikvm: GC_CONCURRENT freed 407K, 12% free 10400K/11719K, paused 1ms+2ms
07-05 14:37:50.789   545 15689 I DownloadManager: Initiating request for download 5692
07-05 14:37:50.879   545   548 D dalvikvm: GC_CONCURRENT freed 228K, 10% free 10609K/11719K, paused 2ms+3ms
07-05 14:37:51.008   545   548 D dalvikvm: GC_CONCURRENT freed 289K, 9% free 10778K/11719K, paused 1ms+3ms
07-05 14:37:51.176  1370 15691 E DictionaryProvider:UpdateHandler: Can't read a file : android.util.MalformedJsonException: Use JsonReader.setLenient(true) to accept malformed JSON at line 1 column 20
07-05 14:37:51.211  1370  1372 D dalvikvm: GC_CONCURRENT freed 465K, 7% free 9137K/9735K, paused 2ms+2ms
07-05 14:37:51.235  1370 28657 D dalvikvm: GC_EXPLICIT freed 50K, 7% free 9086K/9735K, paused 2ms+2ms
07-05 14:37:51.360   545   548 D dalvikvm: GC_CONCURRENT freed 814K, 12% free 10429K/11719K, paused 1ms+2ms
07-05 14:37:51.617   545   548 D dalvikvm: GC_CONCURRENT freed 414K, 12% free 10405K/11719K, paused 2ms+2ms
07-05 14:37:51.637   156   330 D ConnectivityService: handleInetConditionHoldEnd: net=1, condition=0, published condition=0
07-05 14:37:51.793   545 15694 I DownloadManager: Initiating request for download 5692
07-05 14:37:51.860   545   548 D dalvikvm: GC_CONCURRENT freed 310K, 10% free 10567K/11719K, paused 2ms+3ms
07-05 14:37:51.992   545   548 D dalvikvm: GC_CONCURRENT freed 276K, 8% free 10785K/11719K, paused 2ms+2ms
07-05 14:37:52.254   545   548 D dalvikvm: GC_CONCURRENT freed 824K, 12% free 10427K/11719K, paused 7ms+2ms
07-05 14:37:52.520   545   548 D dalvikvm: GC_CONCURRENT freed 407K, 12% free 10407K/11719K, paused 1ms+2ms
07-05 14:37:52.742   545 15697 I DownloadManager: Initiating request for download 5693
07-05 14:37:52.817   545   548 D dalvikvm: GC_CONCURRENT freed 363K, 11% free 10473K/11719K, paused 2ms+3ms
07-05 14:37:52.946   545   548 D dalvikvm: GC_CONCURRENT freed 218K, 9% free 10693K/11719K, paused 2ms+2ms
07-05 14:37:53.086   545   548 D dalvikvm: GC_CONCURRENT freed 663K, 11% free 10468K/11719K, paused 2ms+3ms
07-05 14:37:53.196  1370 15699 E DictionaryProvider:UpdateHandler: Can't read a file : android.util.MalformedJsonException: Use JsonReader.setLenient(true) to accept malformed JSON at line 1 column 20
07-05 14:37:53.403   545   548 D dalvikvm: GC_CONCURRENT freed 432K, 12% free 10427K/11719K, paused 2ms+4ms
07-05 14:37:53.672   545   548 D dalvikvm: GC_CONCURRENT freed 414K, 12% free 10403K/11719K, paused 2ms+2ms
07-05 14:37:53.778   545 15702 I DownloadManager: Initiating request for download 5693
07-05 14:37:53.867   545   548 D dalvikvm: GC_CONCURRENT freed 232K, 10% free 10604K/11719K, paused 2ms+3ms
07-05 14:37:53.950   682   682 I GTalkService/c: [AndroidEndpoint@1095403848] connect: acct=1000001, state=CONNECTING
07-05 14:37:53.996   545   548 D dalvikvm: GC_CONCURRENT freed 301K, 9% free 10766K/11719K, paused 2ms+3ms
07-05 14:37:54.266   545   548 D dalvikvm: GC_CONCURRENT freed 798K, 12% free 10428K/11719K, paused 2ms+3ms
07-05 14:37:54.535   545   548 D dalvikvm: GC_CONCURRENT freed 408K, 12% free 10409K/11719K, paused 2ms+2ms
07-05 14:37:54.731   545 15705 I DownloadManager: Initiating request for download 5694
07-05 14:37:54.821   545   548 D dalvikvm: GC_CONCURRENT freed 309K, 10% free 10572K/11719K, paused 2ms+3ms
07-05 14:37:54.934   545   548 D dalvikvm: GC_CONCURRENT freed 281K, 9% free 10732K/11719K, paused 2ms+2ms
07-05 14:37:55.133   545   548 D dalvikvm: GC_CONCURRENT freed 749K, 11% free 10436K/11719K, paused 2ms+2ms
07-05 14:37:55.176  1370 15707 E DictionaryProvider:UpdateHandler: Can't read a file : android.util.MalformedJsonException: Use JsonReader.setLenient(true) to accept malformed JSON at line 1 column 20
07-05 14:37:55.426   545   548 D dalvikvm: GC_CONCURRENT freed 399K, 12% free 10427K/11719K, paused 2ms+4ms
07-05 14:37:55.707   545   548 D dalvikvm: GC_CONCURRENT freed 415K, 12% free 10403K/11719K, paused 2ms+2ms
07-05 14:37:55.750   545 15710 I DownloadManager: Initiating request for download 5694
07-05 14:37:55.852   545   548 D dalvikvm: GC_CONCURRENT freed 186K, 10% free 10653K/11719K, paused 1ms+3ms
07-05 14:37:55.985   545   548 D dalvikvm: GC_CONCURRENT freed 409K, 9% free 10690K/11719K, paused 1ms+2ms
07-05 14:37:56.270   545   548 D dalvikvm: GC_CONCURRENT freed 700K, 12% free 10425K/11719K, paused 2ms+3ms
07-05 14:37:56.535   545   548 D dalvikvm: GC_CONCURRENT freed 405K, 12% free 10408K/11719K, paused 2ms+2ms
07-05 14:37:56.719   545 15713 I DownloadManager: Initiating request for download 5695
07-05 14:37:56.832   545   548 D dalvikvm: GC_CONCURRENT freed 273K, 10% free 10599K/11719K, paused 2ms+3ms
07-05 14:37:56.950   545   548 D dalvikvm: GC_CONCURRENT freed 288K, 9% free 10764K/11719K, paused 2ms+2ms
07-05 14:37:57.227   156   576 D dalvikvm: GC_EXPLICIT freed 501K, 12% free 14088K/16007K, paused 2ms+5ms
07-05 14:37:57.227  1370 15715 E DictionaryProvider:UpdateHandler: Can't read a file : android.util.MalformedJsonException: Use JsonReader.setLenient(true) to accept malformed JSON at line 1 column 20
07-05 14:37:57.309   545   548 D dalvikvm: GC_CONCURRENT freed 779K, 11% free 10447K/11719K, paused 2ms+3ms
07-05 14:37:57.582   545   548 D dalvikvm: GC_CONCURRENT freed 436K, 12% free 10402K/11719K, paused 2ms+2ms
07-05 14:37:57.785   545 15718 I DownloadManager: Initiating request for download 5695
07-05 14:37:57.844   545   548 D dalvikvm: GC_CONCURRENT freed 366K, 11% free 10473K/11719K, paused 2ms+3ms
07-05 14:37:57.961   545   548 D dalvikvm: GC_CONCURRENT freed 221K, 9% free 10688K/11719K, paused 2ms+2ms
07-05 14:37:58.125   545   548 D dalvikvm: GC_CONCURRENT freed 663K, 11% free 10468K/11719K, paused 2ms+3ms
07-05 14:37:58.407   545   548 D dalvikvm: GC_CONCURRENT freed 441K, 12% free 10413K/11719K, paused 1ms+2ms
07-05 14:37:58.680   545   548 D dalvikvm: GC_CONCURRENT freed 404K, 12% free 10395K/11719K, paused 1ms+2ms
07-05 14:37:58.817   545 15721 I DownloadManager: Initiating request for download 5696
07-05 14:37:58.910   545   548 D dalvikvm: GC_CONCURRENT freed 226K, 10% free 10604K/11719K, paused 2ms+3ms
07-05 14:37:59.032   545   548 D dalvikvm: GC_CONCURRENT freed 302K, 9% free 10763K/11719K, paused 2ms+2ms
07-05 14:37:59.215  1370 15723 E DictionaryProvider:UpdateHandler: Can't read a file : android.util.MalformedJsonException: Use JsonReader.setLenient(true) to accept malformed JSON at line 1 column 20
07-05 14:37:59.242  1370  1372 D dalvikvm: GC_CONCURRENT freed 340K, 7% free 9146K/9735K, paused 2ms+2ms
07-05 14:37:59.348   545   548 D dalvikvm: GC_CONCURRENT freed 796K, 12% free 10426K/11719K, paused 2ms+3ms
07-05 14:37:59.610   545   548 D dalvikvm: GC_CONCURRENT freed 416K, 12% free 10401K/11719K, paused 2ms+2ms
07-05 14:37:59.789   545 15726 I DownloadManager: Initiating request for download 5696
07-05 14:37:59.856   545   548 D dalvikvm: GC_CONCURRENT freed 320K, 10% free 10551K/11719K, paused 2ms+3ms
07-05 14:37:59.977   545   548 D dalvikvm: GC_CONCURRENT freed 270K, 9% free 10718K/11719K, paused 1ms+3ms
07-05 14:38:00.196   545   548 D dalvikvm: GC_CONCURRENT freed 705K, 11% free 10462K/11719K, paused 2ms+3ms
07-05 14:38:00.473   545   548 D dalvikvm: GC_CONCURRENT freed 435K, 12% free 10417K/11719K, paused 2ms+2ms
07-05 14:38:00.735   545   548 D dalvikvm: GC_CONCURRENT freed 410K, 12% free 10395K/11719K, paused 2ms+2ms
07-05 14:38:00.832   545 15729 I DownloadManager: Initiating request for download 5697
07-05 14:38:00.950   545   548 D dalvikvm: GC_CONCURRENT freed 191K, 10% free 10641K/11719K, paused 2ms+3ms
07-05 14:38:01.067   545   548 D dalvikvm: GC_CONCURRENT freed 400K, 9% free 10682K/11719K, paused 2ms+2ms
07-05 14:38:01.321   545   548 D dalvikvm: GC_CONCURRENT freed 663K, 11% free 10452K/11719K, paused 1ms+3ms
07-05 14:38:01.586   545   548 D dalvikvm: GC_CONCURRENT freed 403K, 11% free 10439K/11719K, paused 2ms+2ms
07-05 14:38:02.391   993  1240 I PhoneLab-: Service Running
07-05 14:38:02.492   993  1240 I PhoneLab-LoggerService: app_49    1247  993   1956   1584  c00f181c 400107b4 S logcat
07-05 14:38:02.492   993  1240 I PhoneLab-LoggerService: Logcat pid from database 1247
07-05 14:38:02.492   993  1240 I PhoneLab-LoggerService: Logcat process found 1247
07-05 14:38:02.492   993  1240 I PhoneLab-LoggerService: Checking Threshold
07-05 14:38:02.496   993  1240 I PhoneLab-LoggerService: Starting to rename files
07-05 14:38:02.496   993  1240 I PhoneLab-LoggerService: Files found .. 52
07-05 14:38:02.496   993  1240 I PhoneLab-LoggerService: File 1 log.out.1
07-05 14:38:03.129   993  1240 I PhoneLab-LoggerService: Renamed successfully
07-05 14:38:03.305  1370 15733 E DictionaryProvider:UpdateHandler: Can't read a file : android.util.MalformedJsonException: Use JsonReader.setLenient(true) to accept malformed JSON at line 1 column 20
07-05 14:38:03.414   545   548 D dalvikvm: GC_CONCURRENT freed 389K, 11% free 10443K/11719K, paused 1ms+2ms
07-05 14:38:03.672   545   548 D dalvikvm: GC_CONCURRENT freed 421K, 12% free 10413K/11719K, paused 2ms+2ms
07-05 14:38:03.938   545   548 D dalvikvm: GC_CONCURRENT freed 405K, 12% free 10398K/11719K, paused 2ms+2ms
07-05 14:38:04.020   545 15736 I DownloadManager: Initiating request for download 5697
07-05 14:38:04.020   545 15736 W DownloadManager: Aborting request for download 5697: Trying to resume a download that can't be resumed
07-05 14:38:04.321   545   548 D dalvikvm: GC_CONCURRENT freed 363K, 12% free 10426K/11719K, paused 1ms+2ms
07-05 14:38:04.582   545   548 D dalvikvm: GC_CONCURRENT freed 405K, 12% free 10408K/11719K, paused 2ms+2ms
07-05 14:38:04.887   545 15739 I DownloadManager: Initiating request for download 5698
07-05 14:38:04.903   545   548 D dalvikvm: GC_CONCURRENT freed 391K, 11% free 10435K/11719K, paused 2ms+4ms
07-05 14:38:05.047   545   548 D dalvikvm: GC_CONCURRENT freed 197K, 9% free 10675K/11719K, paused 2ms+3ms
07-05 14:38:05.180   545   548 D dalvikvm: GC_CONCURRENT freed 442K, 9% free 10685K/11719K, paused 2ms+2ms
07-05 14:38:05.332  1370 15741 E DictionaryProvider:UpdateHandler: Can't read a file : android.util.MalformedJsonException: Use JsonReader.setLenient(true) to accept malformed JSON at line 1 column 20
07-05 14:38:05.508   545   548 D dalvikvm: GC_CONCURRENT freed 694K, 12% free 10425K/11719K, paused 2ms+2ms
07-05 14:38:05.770   545   548 D dalvikvm: GC_CONCURRENT freed 413K, 12% free 10402K/11719K, paused 2ms+2ms
07-05 14:38:05.871   545 15744 I DownloadManager: Initiating request for download 5698
07-05 14:38:05.961   545   548 D dalvikvm: GC_CONCURRENT freed 230K, 10% free 10605K/11719K, paused 1ms+2ms
07-05 14:38:06.082   545   548 D dalvikvm: GC_CONCURRENT freed 298K, 9% free 10766K/11719K, paused 2ms+3ms
07-05 14:38:06.348   545   548 D dalvikvm: GC_CONCURRENT freed 796K, 12% free 10427K/11719K, paused 2ms+2ms
07-05 14:38:06.610   545   548 D dalvikvm: GC_CONCURRENT freed 410K, 12% free 10409K/11719K, paused 2ms+2ms
07-05 14:38:06.825   545 15747 I DownloadManager: Initiating request for download 5699
07-05 14:38:06.883   545   548 D dalvikvm: GC_CONCURRENT freed 321K, 11% free 10475K/11719K, paused 2ms+2ms
07-05 14:38:07.000   545   548 D dalvikvm: GC_CONCURRENT freed 217K, 9% free 10695K/11719K, paused 2ms+2ms
07-05 14:38:07.145   545   548 D dalvikvm: GC_CONCURRENT freed 679K, 11% free 10468K/11719K, paused 2ms+2ms
07-05 14:38:07.282  1370 15749 E DictionaryProvider:UpdateHandler: Can't read a file : android.util.MalformedJsonException: Use JsonReader.setLenient(true) to accept malformed JSON at line 1 column 20
07-05 14:38:07.457   545   548 D dalvikvm: GC_CONCURRENT freed 429K, 12% free 10430K/11719K, paused 2ms+2ms
07-05 14:38:07.719   545   548 D dalvikvm: GC_CONCURRENT freed 416K, 12% free 10405K/11719K, paused 2ms+3ms
07-05 14:38:07.817   545 15752 I DownloadManager: Initiating request for download 5699
07-05 14:38:07.907   545   548 D dalvikvm: GC_CONCURRENT freed 231K, 10% free 10610K/11719K, paused 1ms+3ms
07-05 14:38:08.028   545   548 D dalvikvm: GC_CONCURRENT freed 295K, 9% free 10777K/11719K, paused 1ms+3ms
07-05 14:38:08.309   545   548 D dalvikvm: GC_CONCURRENT freed 812K, 12% free 10430K/11719K, paused 1ms+3ms
07-05 14:38:08.575   545   548 D dalvikvm: GC_CONCURRENT freed 404K, 12% free 10412K/11719K, paused 2ms+3ms
07-05 14:38:08.774   545 15755 I DownloadManager: Initiating request for download 5700
07-05 14:38:08.860   545   548 D dalvikvm: GC_CONCURRENT freed 316K, 10% free 10555K/11719K, paused 1ms+3ms
07-05 14:38:08.973   545   548 D dalvikvm: GC_CONCURRENT freed 272K, 9% free 10729K/11719K, paused 2ms+3ms
07-05 14:38:09.157   545   548 D dalvikvm: GC_CONCURRENT freed 709K, 11% free 10471K/11719K, paused 2ms+2ms
07-05 14:38:09.219  1370 15757 E DictionaryProvider:UpdateHandler: Can't read a file : android.util.MalformedJsonException: Use JsonReader.setLenient(true) to accept malformed JSON at line 1 column 20
07-05 14:38:09.250  1370  1372 D dalvikvm: GC_CONCURRENT freed 403K, 7% free 9128K/9735K, paused 2ms+2ms
07-05 14:38:09.489   545   548 D dalvikvm: GC_CONCURRENT freed 432K, 12% free 10429K/11719K, paused 2ms+2ms
07-05 14:38:09.742   545   548 D dalvikvm: GC_CONCURRENT freed 416K, 12% free 10404K/11719K, paused 2ms+2ms
07-05 14:38:09.801   545 15760 I DownloadManager: Initiating request for download 5700
07-05 14:38:09.907   545   548 D dalvikvm: GC_CONCURRENT freed 199K, 10% free 10642K/11719K, paused 2ms+3ms
07-05 14:38:10.028   545   548 D dalvikvm: GC_CONCURRENT freed 300K, 8% free 10788K/11719K, paused 2ms+2ms
07-05 14:38:10.278   545   548 D dalvikvm: GC_CONCURRENT freed 794K, 11% free 10461K/11719K, paused 1ms+2ms
07-05 14:38:10.547   545   548 D dalvikvm: GC_CONCURRENT freed 398K, 11% free 10455K/11719K, paused 2ms+2ms
07-05 14:38:10.887   545 15762 I DownloadManager: Initiating request for download 5701
07-05 14:38:10.996   545   548 D dalvikvm: GC_CONCURRENT freed 343K, 10% free 10637K/11719K, paused 2ms+4ms
07-05 14:38:11.129   545   548 D dalvikvm: GC_CONCURRENT freed 308K, 8% free 10792K/11719K, paused 1ms+3ms
07-05 14:38:11.301  1370 15765 E DictionaryProvider:UpdateHandler: Can't read a file : android.util.MalformedJsonException: Use JsonReader.setLenient(true) to accept malformed JSON at line 1 column 20
07-05 14:38:11.453   545   548 D dalvikvm: GC_CONCURRENT freed 821K, 11% free 10440K/11719K, paused 2ms+3ms
07-05 14:38:11.719   545   548 D dalvikvm: GC_CONCURRENT freed 415K, 12% free 10416K/11719K, paused 2ms+2ms
07-05 14:38:11.895   545 15768 I DownloadManager: Initiating request for download 5701
07-05 14:38:11.977   545   548 D dalvikvm: GC_CONCURRENT freed 315K, 10% free 10560K/11719K, paused 2ms+3ms
07-05 14:38:12.094   545   548 D dalvikvm: GC_CONCURRENT freed 273K, 9% free 10734K/11719K, paused 1ms+4ms
07-05 14:38:12.282   545   548 D dalvikvm: GC_CONCURRENT freed 705K, 11% free 10475K/11719K, paused 2ms+3ms
07-05 14:38:12.571   545   548 D dalvikvm: GC_CONCURRENT freed 436K, 11% free 10433K/11719K, paused 2ms+2ms
07-05 14:38:12.844   545   548 D dalvikvm: GC_CONCURRENT freed 410K, 12% free 10417K/11719K, paused 2ms+3ms
07-05 14:38:12.914   545 15771 I DownloadManager: Initiating request for download 5702
07-05 14:38:13.035   545   548 D dalvikvm: GC_CONCURRENT freed 192K, 10% free 10661K/11719K, paused 2ms+2ms
07-05 14:38:13.153   545   548 D dalvikvm: GC_CONCURRENT freed 318K, 8% free 10802K/11719K, paused 2ms+3ms
07-05 14:38:13.321  1370 15773 E DictionaryProvider:UpdateHandler: Can't read a file : android.util.MalformedJsonException: Use JsonReader.setLenient(true) to accept malformed JSON at line 1 column 20
07-05 14:38:13.473   545   548 D dalvikvm: GC_CONCURRENT freed 826K, 11% free 10448K/11719K, paused 2ms+3ms
07-05 14:38:13.742   545   548 D dalvikvm: GC_CONCURRENT freed 415K, 12% free 10424K/11719K, paused 2ms+3ms
07-05 14:38:13.891   545 15776 I DownloadManager: Initiating request for download 5702
07-05 14:38:13.977   545   548 D dalvikvm: GC_CONCURRENT freed 268K, 10% free 10600K/11719K, paused 2ms+3ms
07-05 14:38:14.094   545   548 D dalvikvm: GC_CONCURRENT freed 294K, 9% free 10765K/11719K, paused 2ms+3ms
07-05 14:38:14.325   545   548 D dalvikvm: GC_CONCURRENT freed 776K, 11% free 10449K/11719K, paused 2ms+3ms
07-05 14:38:14.590   545   548 D dalvikvm: GC_CONCURRENT freed 405K, 11% free 10433K/11719K, paused 2ms+2ms
07-05 14:38:14.856   545 15779 I DownloadManager: Initiating request for download 5703
07-05 14:38:14.910   545   548 D dalvikvm: GC_CONCURRENT freed 394K, 11% free 10455K/11719K, paused 2ms+3ms
07-05 14:38:15.047   545   548 D dalvikvm: GC_CONCURRENT freed 195K, 9% free 10697K/11719K, paused 2ms+3ms
07-05 14:38:15.180   545   548 D dalvikvm: GC_CONCURRENT freed 446K, 9% free 10714K/11719K, paused 2ms+3ms
07-05 14:38:15.317  1370 15781 E DictionaryProvider:UpdateHandler: Can't read a file : android.util.MalformedJsonException: Use JsonReader.setLenient(true) to accept malformed JSON at line 1 column 20
07-05 14:38:15.504   545   548 D dalvikvm: GC_CONCURRENT freed 710K, 11% free 10447K/11719K, paused 2ms+3ms
07-05 14:38:15.766   545   548 D dalvikvm: GC_CONCURRENT freed 414K, 12% free 10424K/11719K, paused 2ms+3ms
07-05 14:38:15.887   545 15784 I DownloadManager: Initiating request for download 5703
07-05 14:38:15.973   545   548 D dalvikvm: GC_CONCURRENT freed 237K, 10% free 10623K/11719K, paused 2ms+3ms
07-05 14:38:16.098   545   548 D dalvikvm: GC_CONCURRENT freed 299K, 8% free 10790K/11719K, paused 2ms+3ms
07-05 14:38:16.293   156   568 D dalvikvm: GC_EXPLICIT freed 506K, 13% free 14086K/16007K, paused 2ms+6ms
07-05 14:38:16.434   545   548 D dalvikvm: GC_CONCURRENT freed 809K, 11% free 10449K/11719K, paused 1ms+3ms
07-05 14:38:16.696   545   548 D dalvikvm: GC_CONCURRENT freed 420K, 12% free 10415K/11719K, paused 2ms+2ms
07-05 14:38:16.922   545 15787 I DownloadManager: Initiating request for download 5704
07-05 14:38:16.989   545   548 D dalvikvm: GC_CONCURRENT freed 339K, 11% free 10484K/11719K, paused 2ms+2ms
07-05 14:38:17.106   545   548 D dalvikvm: GC_CONCURRENT freed 220K, 9% free 10706K/11719K, paused 1ms+3ms
07-05 14:38:17.242   545   548 D dalvikvm: GC_CONCURRENT freed 680K, 11% free 10478K/11719K, paused 2ms+2ms
07-05 14:38:17.375  1370 15789 E DictionaryProvider:UpdateHandler: Can't read a file : android.util.MalformedJsonException: Use JsonReader.setLenient(true) to accept malformed JSON at line 1 column 20
07-05 14:38:17.414  1370  1372 D dalvikvm: GC_CONCURRENT freed 387K, 7% free 9132K/9735K, paused 2ms+2ms
07-05 14:38:17.578   545   548 D dalvikvm: GC_CONCURRENT freed 431K, 11% free 10437K/11719K, paused 2ms+2ms
07-05 14:38:17.840   545   548 D dalvikvm: GC_CONCURRENT freed 416K, 12% free 10412K/11719K, paused 2ms+2ms
07-05 14:38:17.953   545 15792 I DownloadManager: Initiating request for download 5704
07-05 14:38:18.043   545   548 D dalvikvm: GC_CONCURRENT freed 235K, 10% free 10609K/11719K, paused 2ms+2ms
07-05 14:38:18.164   545   548 D dalvikvm: GC_CONCURRENT freed 323K, 8% free 10789K/11719K, paused 2ms+3ms
07-05 14:38:18.438   545   548 D dalvikvm: GC_CONCURRENT freed 817K, 11% free 10438K/11719K, paused 2ms+2ms
07-05 14:38:18.700   545   548 D dalvikvm: GC_CONCURRENT freed 412K, 12% free 10417K/11719K, paused 2ms+2ms
07-05 14:38:19.004   545 15795 D dalvikvm: GC_EXPLICIT freed 282K, 11% free 10465K/11719K, paused 2ms+3ms
07-05 14:38:19.008   545 15795 I DownloadManager: Initiating request for download 5705
07-05 14:38:19.125   545   548 D dalvikvm: GC_CONCURRENT freed 213K, 9% free 10695K/11719K, paused 2ms+4ms
07-05 14:38:19.254   545   548 D dalvikvm: GC_CONCURRENT freed 449K, 9% free 10703K/11719K, paused 2ms+2ms
07-05 14:38:19.407  1370 15797 E DictionaryProvider:UpdateHandler: Can't read a file : android.util.MalformedJsonException: Use JsonReader.setLenient(true) to accept malformed JSON at line 1 column 20
07-05 14:38:19.586   545   548 D dalvikvm: GC_CONCURRENT freed 702K, 11% free 10440K/11719K, paused 2ms+2ms
07-05 14:38:19.860   545   548 D dalvikvm: GC_CONCURRENT freed 415K, 12% free 10416K/11719K, paused 2ms+2ms
07-05 14:38:19.965   545 15800 I DownloadManager: Initiating request for download 5705
07-05 14:38:20.047   545   548 D dalvikvm: GC_CONCURRENT freed 232K, 10% free 10615K/11719K, paused 2ms+3ms
07-05 14:38:20.168   545   548 D dalvikvm: GC_CONCURRENT freed 297K, 8% free 10785K/11719K, paused 2ms+3ms
07-05 14:38:20.438   545   548 D dalvikvm: GC_CONCURRENT freed 809K, 11% free 10442K/11719K, paused 2ms+3ms
07-05 14:38:20.700   545   548 D dalvikvm: GC_CONCURRENT freed 404K, 12% free 10426K/11719K, paused 2ms+2ms
07-05 14:38:20.914   545 15803 I DownloadManager: Initiating request for download 5706
07-05 14:38:20.973   545   548 D dalvikvm: GC_CONCURRENT freed 351K, 11% free 10490K/11719K, paused 2ms+3ms
07-05 14:38:21.102   545   548 D dalvikvm: GC_CONCURRENT freed 216K, 9% free 10710K/11719K, paused 1ms+3ms
07-05 14:38:21.242   545   548 D dalvikvm: GC_CONCURRENT freed 683K, 11% free 10483K/11719K, paused 2ms+3ms
07-05 14:38:21.367  1370 15805 E DictionaryProvider:UpdateHandler: Can't read a file : android.util.MalformedJsonException: Use JsonReader.setLenient(true) to accept malformed JSON at line 1 column 20
07-05 14:38:21.453   465   467 D dalvikvm: GC_CONCURRENT freed 392K, 6% free 10513K/11143K, paused 2ms+2ms
07-05 14:38:21.598   545   548 D dalvikvm: GC_CONCURRENT freed 430K, 11% free 10444K/11719K, paused 2ms+2ms
07-05 14:38:21.860   545   548 D dalvikvm: GC_CONCURRENT freed 415K, 12% free 10419K/11719K, paused 2ms+2ms
07-05 14:38:21.969   545 15808 I DownloadManager: Initiating request for download 5706
07-05 14:38:22.059   545   548 D dalvikvm: GC_CONCURRENT freed 242K, 10% free 10614K/11719K, paused 2ms+3ms
07-05 14:38:22.188   545   548 D dalvikvm: GC_CONCURRENT freed 317K, 8% free 10797K/11719K, paused 2ms+3ms
07-05 14:38:22.469   545   548 D dalvikvm: GC_CONCURRENT freed 820K, 11% free 10450K/11719K, paused 2ms+2ms
07-05 14:38:22.727   545   548 D dalvikvm: GC_CONCURRENT freed 412K, 12% free 10425K/11719K, paused 1ms+2ms
07-05 14:38:22.930   545 15811 I DownloadManager: Initiating request for download 5707
07-05 14:38:22.992   545   548 D dalvikvm: GC_CONCURRENT freed 323K, 11% free 10494K/11719K, paused 2ms+3ms
07-05 14:38:23.117   545   548 D dalvikvm: GC_CONCURRENT freed 215K, 9% free 10714K/11719K, paused 2ms+3ms
07-05 14:38:23.258   545   548 D dalvikvm: GC_CONCURRENT freed 674K, 11% free 10487K/11719K, paused 1ms+2ms
07-05 14:38:23.379  1370 15813 E DictionaryProvider:UpdateHandler: Can't read a file : android.util.MalformedJsonException: Use JsonReader.setLenient(true) to accept malformed JSON at line 1 column 20
07-05 14:38:23.575   545   548 D dalvikvm: GC_CONCURRENT freed 431K, 11% free 10447K/11719K, paused 2ms+2ms
07-05 14:38:23.836   545   548 D dalvikvm: GC_CONCURRENT freed 416K, 12% free 10421K/11719K, paused 2ms+2ms
07-05 14:38:23.965   545 15816 I DownloadManager: Initiating request for download 5707
07-05 14:38:24.051   545   548 D dalvikvm: GC_CONCURRENT freed 244K, 10% free 10614K/11719K, paused 2ms+3ms
07-05 14:38:24.168   545   548 D dalvikvm: GC_CONCURRENT freed 301K, 9% free 10777K/11719K, paused 2ms+2ms
07-05 14:38:24.418   545   548 D dalvikvm: GC_CONCURRENT freed 788K, 11% free 10451K/11719K, paused 2ms+3ms
07-05 14:38:24.680   545   548 D dalvikvm: GC_CONCURRENT freed 409K, 12% free 10428K/11719K, paused 2ms+3ms
07-05 14:38:25.282   545 15819 I DownloadManager: Initiating request for download 5708
07-05 14:38:25.364   545   548 D dalvikvm: GC_CONCURRENT freed 364K, 11% free 10457K/11719K, paused 2ms+2ms
07-05 14:38:25.473   545   548 D dalvikvm: GC_CONCURRENT freed 194K, 9% free 10701K/11719K, paused 2ms+3ms
07-05 14:38:25.610   545   548 D dalvikvm: GC_CONCURRENT freed 443K, 9% free 10713K/11719K, paused 2ms+3ms
07-05 14:38:25.789  1370 15821 E DictionaryProvider:UpdateHandler: Can't read a file : android.util.MalformedJsonException: Use JsonReader.setLenient(true) to accept malformed JSON at line 1 column 20
07-05 14:38:25.817  1370  1372 D dalvikvm: GC_CONCURRENT freed 391K, 7% free 9129K/9735K, paused 2ms+2ms
07-05 14:38:25.981   545   548 D dalvikvm: GC_CONCURRENT freed 710K, 11% free 10447K/11719K, paused 2ms+3ms
07-05 14:38:26.242   545   548 D dalvikvm: GC_CONCURRENT freed 415K, 12% free 10423K/11719K, paused 2ms+2ms
07-05 14:38:26.352   545 15824 I DownloadManager: Initiating request for download 5708
07-05 14:38:26.434   545   548 D dalvikvm: GC_CONCURRENT freed 242K, 10% free 10618K/11719K, paused 2ms+3ms
07-05 14:38:26.559   545   548 D dalvikvm: GC_CONCURRENT freed 289K, 8% free 10786K/11719K, paused 2ms+3ms
07-05 14:38:26.817   545   548 D dalvikvm: GC_CONCURRENT freed 798K, 11% free 10457K/11719K, paused 1ms+2ms
07-05 14:38:27.086   545   548 D dalvikvm: GC_CONCURRENT freed 417K, 11% free 10431K/11719K, paused 2ms+3ms
07-05 14:38:27.325   545 15827 I DownloadManager: Initiating request for download 5709
07-05 14:38:27.391   545   548 D dalvikvm: GC_CONCURRENT freed 370K, 11% free 10491K/11719K, paused 2ms+3ms
07-05 14:38:27.512   545   548 D dalvikvm: GC_CONCURRENT freed 212K, 9% free 10716K/11719K, paused 2ms+3ms
07-05 14:38:27.657   545   548 D dalvikvm: GC_CONCURRENT freed 674K, 11% free 10498K/11719K, paused 2ms+3ms
07-05 14:38:27.774  1370 15829 E DictionaryProvider:UpdateHandler: Can't read a file : android.util.MalformedJsonException: Use JsonReader.setLenient(true) to accept malformed JSON at line 1 column 20
07-05 14:38:27.981   545   548 D dalvikvm: GC_CONCURRENT freed 437K, 11% free 10452K/11719K, paused 2ms+2ms
07-05 14:38:28.246   545   548 D dalvikvm: GC_CONCURRENT freed 415K, 12% free 10427K/11719K, paused 1ms+2ms
07-05 14:38:28.371   545 15832 I DownloadManager: Initiating request for download 5709
07-05 14:38:28.453   545   548 D dalvikvm: GC_CONCURRENT freed 247K, 10% free 10618K/11719K, paused 1ms+3ms
07-05 14:38:28.575   545   548 D dalvikvm: GC_CONCURRENT freed 281K, 9% free 10781K/11719K, paused 2ms+2ms
07-05 14:38:28.825   545   548 D dalvikvm: GC_CONCURRENT freed 790K, 11% free 10457K/11719K, paused 2ms+2ms
07-05 14:38:29.098   545   548 D dalvikvm: GC_CONCURRENT freed 414K, 11% free 10433K/11719K, paused 2ms+3ms
07-05 14:38:29.364   545 15835 I DownloadManager: Initiating request for download 5710
07-05 14:38:29.407   545   548 D dalvikvm: GC_CONCURRENT freed 396K, 11% free 10446K/11719K, paused 2ms+4ms
07-05 14:38:29.539   545   548 D dalvikvm: GC_CONCURRENT freed 183K, 9% free 10698K/11719K, paused 2ms+3ms
07-05 14:38:29.668   545   548 D dalvikvm: GC_CONCURRENT freed 439K, 9% free 10720K/11719K, paused 2ms+2ms
07-05 14:38:29.809  1370 15837 E DictionaryProvider:UpdateHandler: Can't read a file : android.util.MalformedJsonException: Use JsonReader.setLenient(true) to accept malformed JSON at line 1 column 20
07-05 14:38:29.852   465 15838 D dalvikvm: GC_EXPLICIT freed 281K, 8% free 10295K/11143K, paused 2ms+3ms
07-05 14:38:30.032   545   548 D dalvikvm: GC_CONCURRENT freed 710K, 11% free 10454K/11719K, paused 2ms+2ms
07-05 14:38:30.297   545   548 D dalvikvm: GC_CONCURRENT freed 415K, 11% free 10430K/11719K, paused 2ms+2ms
07-05 14:38:30.418   545 15840 I DownloadManager: Initiating request for download 5710
07-05 14:38:30.500   545   548 D dalvikvm: GC_CONCURRENT freed 244K, 10% free 10620K/11719K, paused 2ms+3ms
07-05 14:38:30.621   545   548 D dalvikvm: GC_CONCURRENT freed 286K, 8% free 10785K/11719K, paused 2ms+3ms
07-05 14:38:30.871   545   548 D dalvikvm: GC_CONCURRENT freed 791K, 11% free 10464K/11719K, paused 2ms+3ms
07-05 14:38:31.133   545   548 D dalvikvm: GC_CONCURRENT freed 416K, 11% free 10438K/11719K, paused 2ms+2ms
07-05 14:38:31.379   545 15843 I DownloadManager: Initiating request for download 5711
07-05 14:38:31.446   545   548 D dalvikvm: GC_CONCURRENT freed 395K, 11% free 10480K/11719K, paused 2ms+3ms
07-05 14:38:31.559   545   548 D dalvikvm: GC_CONCURRENT freed 202K, 9% free 10715K/11719K, paused 2ms+2ms
07-05 14:38:31.700   545   548 D dalvikvm: GC_CONCURRENT freed 668K, 11% free 10498K/11719K, paused 2ms+2ms
07-05 14:38:31.832  1370 15845 E DictionaryProvider:UpdateHandler: Can't read a file : android.util.MalformedJsonException: Use JsonReader.setLenient(true) to accept malformed JSON at line 1 column 20
07-05 14:38:32.020   545   548 D dalvikvm: GC_CONCURRENT freed 431K, 11% free 10458K/11719K, paused 2ms+3ms
07-05 14:38:32.282   545   548 D dalvikvm: GC_CONCURRENT freed 414K, 11% free 10435K/11719K, paused 2ms+2ms
07-05 14:38:32.418   545 15848 I DownloadManager: Initiating request for download 5711
07-05 14:38:32.492   545   548 D dalvikvm: GC_CONCURRENT freed 257K, 10% free 10611K/11719K, paused 2ms+3ms
07-05 14:38:32.614   545   548 D dalvikvm: GC_CONCURRENT freed 287K, 9% free 10778K/11719K, paused 2ms+2ms
07-05 14:38:32.852   545   548 D dalvikvm: GC_CONCURRENT freed 783K, 11% free 10459K/11719K, paused 2ms+3ms
07-05 14:38:33.121   545   548 D dalvikvm: GC_CONCURRENT freed 410K, 11% free 10447K/11719K, paused 2ms+2ms
07-05 14:38:33.371   545   548 D dalvikvm: GC_CONCURRENT freed 399K, 11% free 10433K/11719K, paused 2ms+2ms
07-05 14:38:33.410   545 15851 I DownloadManager: Initiating request for download 5712
07-05 14:38:33.524   545   548 D dalvikvm: GC_CONCURRENT freed 176K, 9% free 10694K/11719K, paused 1ms+3ms
07-05 14:38:33.649   545   548 D dalvikvm: GC_CONCURRENT freed 425K, 9% free 10727K/11719K, paused 2ms+2ms
07-05 14:38:33.840   156   559 D dalvikvm: GC_EXPLICIT freed 497K, 13% free 14083K/16007K, paused 2ms+6ms
07-05 14:38:33.883  1370 15853 E DictionaryProvider:UpdateHandler: Can't read a file : android.util.MalformedJsonException: Use JsonReader.setLenient(true) to accept malformed JSON at line 1 column 20
07-05 14:38:33.926  1370  1372 D dalvikvm: GC_CONCURRENT freed 390K, 7% free 9127K/9735K, paused 2ms+2ms
07-05 14:38:34.075   545   548 D dalvikvm: GC_CONCURRENT freed 712K, 11% free 10462K/11719K, paused 1ms+2ms
07-05 14:38:34.344   545   548 D dalvikvm: GC_CONCURRENT freed 433K, 12% free 10420K/11719K, paused 2ms+2ms
07-05 14:38:34.500   545 15856 I DownloadManager: Initiating request for download 5712
07-05 14:38:34.582   545   548 D dalvikvm: GC_CONCURRENT freed 268K, 10% free 10612K/11719K, paused 2ms+3ms
07-05 14:38:34.703   545   548 D dalvikvm: GC_CONCURRENT freed 313K, 9% free 10778K/11719K, paused 2ms+3ms
07-05 14:38:34.950   545   548 D dalvikvm: GC_CONCURRENT freed 795K, 11% free 10447K/11719K, paused 2ms+3ms
07-05 14:38:35.200   545   548 D dalvikvm: GC_CONCURRENT freed 409K, 12% free 10428K/11719K, paused 2ms+2ms
07-05 14:38:35.477   545 15859 I DownloadManager: Initiating request for download 5713
07-05 14:38:35.504   545   548 D dalvikvm: GC_CONCURRENT freed 394K, 11% free 10444K/11719K, paused 2ms+3ms
07-05 14:38:35.637   545   548 D dalvikvm: GC_CONCURRENT freed 188K, 9% free 10694K/11719K, paused 2ms+2ms
07-05 14:38:35.770   545   548 D dalvikvm: GC_CONCURRENT freed 440K, 9% free 10713K/11719K, paused 1ms+2ms
07-05 14:38:35.918  1370 15861 E DictionaryProvider:UpdateHandler: Can't read a file : android.util.MalformedJsonException: Use JsonReader.setLenient(true) to accept malformed JSON at line 1 column 20
07-05 14:38:36.090   545   548 D dalvikvm: GC_CONCURRENT freed 705K, 11% free 10451K/11719K, paused 2ms+3ms
07-05 14:38:36.356   545   548 D dalvikvm: GC_CONCURRENT freed 412K, 12% free 10429K/11719K, paused 2ms+2ms
07-05 14:38:36.485   545 15863 I DownloadManager: Initiating request for download 5713
07-05 14:38:36.559   545   548 D dalvikvm: GC_CONCURRENT freed 249K, 10% free 10615K/11719K, paused 2ms+3ms
07-05 14:38:36.649   545   548 D dalvikvm: GC_CONCURRENT freed 288K, 8% free 10783K/11719K, paused 2ms+3ms
07-05 14:38:38.278   545   548 D dalvikvm: GC_CONCURRENT freed 798K, 11% free 10449K/11719K, paused 2ms+2ms
07-05 14:38:38.555   545   548 D dalvikvm: GC_CONCURRENT freed 410K, 11% free 10437K/11719K, paused 2ms+3ms
07-05 14:38:38.805   545 15867 I DownloadManager: Initiating request for download 5714
07-05 14:38:38.875   545   548 D dalvikvm: GC_CONCURRENT freed 402K, 11% free 10516K/11719K, paused 2ms+3ms
07-05 14:38:39.000   545   548 D dalvikvm: GC_CONCURRENT freed 228K, 9% free 10725K/11719K, paused 2ms+2ms
07-05 14:38:39.149   545   548 D dalvikvm: GC_CONCURRENT freed 688K, 11% free 10489K/11719K, paused 2ms+3ms
07-05 14:38:39.270  1370 15869 E DictionaryProvider:UpdateHandler: Can't read a file : android.util.MalformedJsonException: Use JsonReader.setLenient(true) to accept malformed JSON at line 1 column 20
07-05 14:38:39.453   545   548 D dalvikvm: GC_CONCURRENT freed 430K, 11% free 10449K/11719K, paused 2ms+3ms
07-05 14:38:39.727   545   548 D dalvikvm: GC_CONCURRENT freed 414K, 12% free 10426K/11719K, paused 2ms+2ms
07-05 14:38:39.848   545 15872 I DownloadManager: Initiating request for download 5714
07-05 14:38:39.953   545   548 D dalvikvm: GC_CONCURRENT freed 242K, 10% free 10620K/11719K, paused 1ms+3ms
07-05 14:38:40.071   545   548 D dalvikvm: GC_CONCURRENT freed 312K, 9% free 10774K/11719K, paused 2ms+2ms
07-05 14:38:40.289   545   548 D dalvikvm: GC_CONCURRENT freed 787K, 11% free 10453K/11719K, paused 1ms+2ms
07-05 14:38:40.571   545   548 D dalvikvm: GC_CONCURRENT freed 407K, 11% free 10436K/11719K, paused 2ms+2ms
07-05 14:38:40.821   545 15875 I DownloadManager: Initiating request for download 5715
07-05 14:38:40.934   545   548 D dalvikvm: GC_CONCURRENT freed 374K, 11% free 10482K/11719K, paused 3ms+5ms
07-05 14:38:41.067   545   548 D dalvikvm: GC_CONCURRENT freed 205K, 9% free 10713K/11719K, paused 2ms+3ms
07-05 14:38:41.207   545   548 D dalvikvm: GC_CONCURRENT freed 460K, 9% free 10722K/11719K, paused 1ms+2ms
07-05 14:38:41.340  1370 15877 E DictionaryProvider:UpdateHandler: Can't read a file : android.util.MalformedJsonException: Use JsonReader.setLenient(true) to accept malformed JSON at line 1 column 20
07-05 14:38:41.555   545   548 D dalvikvm: GC_CONCURRENT freed 717K, 11% free 10457K/11719K, paused 2ms+3ms
07-05 14:38:41.828   545   548 D dalvikvm: GC_CONCURRENT freed 420K, 12% free 10427K/11719K, paused 2ms+2ms
07-05 14:38:41.938   545 15880 I DownloadManager: Initiating request for download 5715
07-05 14:38:42.020   545   548 D dalvikvm: GC_CONCURRENT freed 229K, 10% free 10630K/11719K, paused 2ms+3ms
07-05 14:38:42.137   545   548 D dalvikvm: GC_CONCURRENT freed 300K, 8% free 10799K/11719K, paused 1ms+2ms
07-05 14:38:42.403   545   548 D dalvikvm: GC_CONCURRENT freed 817K, 11% free 10454K/11719K, paused 2ms+2ms
07-05 14:38:42.676   545   548 D dalvikvm: GC_CONCURRENT freed 404K, 11% free 10435K/11719K, paused 2ms+2ms
07-05 14:38:42.903   545 15883 I DownloadManager: Initiating request for download 5716
07-05 14:38:42.965   545   548 D dalvikvm: GC_CONCURRENT freed 361K, 11% free 10488K/11719K, paused 3ms+3ms
07-05 14:38:43.090   545   548 D dalvikvm: GC_CONCURRENT freed 206K, 9% free 10718K/11719K, paused 2ms+2ms
07-05 14:38:43.231   545   548 D dalvikvm: GC_CONCURRENT freed 458K, 9% free 10726K/11719K, paused 2ms+3ms
07-05 14:38:43.348  1370 15885 E DictionaryProvider:UpdateHandler: Can't read a file : android.util.MalformedJsonException: Use JsonReader.setLenient(true) to accept malformed JSON at line 1 column 20
07-05 14:38:43.387  1370  1372 D dalvikvm: GC_CONCURRENT freed 385K, 7% free 9133K/9735K, paused 1ms+3ms
07-05 14:38:43.606   545   548 D dalvikvm: GC_CONCURRENT freed 719K, 11% free 10454K/11719K, paused 2ms+2ms
07-05 14:38:43.871   545   548 D dalvikvm: GC_CONCURRENT freed 415K, 12% free 10430K/11719K, paused 2ms+3ms
07-05 14:38:43.973   545 15888 I DownloadManager: Initiating request for download 5716
07-05 14:38:44.059   545   548 D dalvikvm: GC_CONCURRENT freed 226K, 10% free 10636K/11719K, paused 2ms+2ms
07-05 14:38:44.176   545   548 D dalvikvm: GC_CONCURRENT freed 302K, 8% free 10806K/11719K, paused 2ms+2ms
07-05 14:38:44.450   545   548 D dalvikvm: GC_CONCURRENT freed 825K, 11% free 10456K/11719K, paused 2ms+3ms
07-05 14:38:44.719   545   548 D dalvikvm: GC_CONCURRENT freed 403K, 11% free 10439K/11719K, paused 2ms+2ms
07-05 14:38:44.942   545 15891 I DownloadManager: Initiating request for download 5717
07-05 14:38:45.012   545   548 D dalvikvm: GC_CONCURRENT freed 348K, 10% free 10555K/11719K, paused 2ms+4ms
07-05 14:38:45.133   545   548 D dalvikvm: GC_CONCURRENT freed 247K, 9% free 10745K/11719K, paused 2ms+3ms
07-05 14:38:45.293   545   548 D dalvikvm: GC_CONCURRENT freed 705K, 11% free 10500K/11719K, paused 2ms+2ms
07-05 14:38:45.371  1370 15893 E DictionaryProvider:UpdateHandler: Can't read a file : android.util.MalformedJsonException: Use JsonReader.setLenient(true) to accept malformed JSON at line 1 column 20
07-05 14:38:45.606   545   548 D dalvikvm: GC_CONCURRENT freed 433K, 11% free 10457K/11719K, paused 2ms+3ms
07-05 14:38:45.844   482   482 D SAN_SERVICE: *******************************************
07-05 14:38:45.844   482   482 D SAN_SERVICE: DM App Phone Service State - 0
07-05 14:38:45.844   482   482 D SAN_SERVICE: *******************************************
07-05 14:38:45.891   545   548 D dalvikvm: GC_CONCURRENT freed 413K, 11% free 10433K/11719K, paused 10ms+2ms
07-05 14:38:45.992   545 15896 I DownloadManager: Initiating request for download 5717
07-05 14:38:46.078   545   548 D dalvikvm: GC_CONCURRENT freed 229K, 10% free 10640K/11719K, paused 2ms+2ms
07-05 14:38:46.200   545   548 D dalvikvm: GC_CONCURRENT freed 301K, 8% free 10812K/11719K, paused 2ms+3ms
07-05 14:38:46.469   545   548 D dalvikvm: GC_CONCURRENT freed 824K, 11% free 10459K/11719K, paused 2ms+2ms
07-05 14:38:46.731   545   548 D dalvikvm: GC_CONCURRENT freed 405K, 11% free 10440K/11719K, paused 2ms+2ms
07-05 14:38:46.977   545 15899 I DownloadManager: Initiating request for download 5718
07-05 14:38:47.043   545   548 D dalvikvm: GC_CONCURRENT freed 351K, 11% free 10505K/11719K, paused 2ms+3ms
07-05 14:38:47.168   545   548 D dalvikvm: GC_CONCURRENT freed 212K, 9% free 10729K/11719K, paused 2ms+2ms
07-05 14:38:47.309   545   548 D dalvikvm: GC_CONCURRENT freed 458K, 9% free 10733K/11719K, paused 1ms+3ms
07-05 14:38:47.492   545 15358 D dalvikvm: GC_EXPLICIT freed 426K, 11% free 10476K/11719K, paused 2ms+3ms
07-05 14:38:47.500  1370 15901 E DictionaryProvider:UpdateHandler: Can't read a file : android.util.MalformedJsonException: Use JsonReader.setLenient(true) to accept malformed JSON at line 1 column 20
07-05 14:38:47.778   545   548 D dalvikvm: GC_CONCURRENT freed 416K, 11% free 10458K/11719K, paused 1ms+2ms
07-05 14:38:48.043   545   548 D dalvikvm: GC_CONCURRENT freed 418K, 11% free 10432K/11719K, paused 2ms+2ms
07-05 14:38:48.078   545 15905 I DownloadManager: Initiating request for download 5718
07-05 14:38:48.184   545   548 D dalvikvm: GC_CONCURRENT freed 175K, 9% free 10694K/11719K, paused 2ms+3ms
07-05 14:38:48.309   545   548 D dalvikvm: GC_CONCURRENT freed 420K, 9% free 10734K/11719K, paused 2ms+2ms
07-05 14:38:48.610   545   548 D dalvikvm: GC_CONCURRENT freed 728K, 11% free 10458K/11719K, paused 2ms+2ms
07-05 14:38:48.875   545   548 D dalvikvm: GC_CONCURRENT freed 406K, 11% free 10442K/11719K, paused 2ms+2ms
07-05 14:38:49.047   545 15908 I DownloadManager: Initiating request for download 5719
07-05 14:38:49.133   545   548 D dalvikvm: GC_CONCURRENT freed 272K, 10% free 10617K/11719K, paused 3ms+3ms
07-05 14:38:49.250   545   548 D dalvikvm: GC_CONCURRENT freed 296K, 8% free 10786K/11719K, paused 2ms+3ms
07-05 14:38:49.485  1370 15910 E DictionaryProvider:UpdateHandler: Can't read a file : android.util.MalformedJsonException: Use JsonReader.setLenient(true) to accept malformed JSON at line 1 column 20
07-05 14:38:49.508   545   548 D dalvikvm: GC_CONCURRENT freed 792K, 11% free 10484K/11719K, paused 2ms+2ms
07-05 14:38:49.782   545   548 D dalvikvm: GC_CONCURRENT freed 421K, 11% free 10453K/11719K, paused 2ms+2ms
07-05 14:38:50.063   545   548 D dalvikvm: GC_CONCURRENT freed 410K, 11% free 10434K/11719K, paused 2ms+2ms
07-05 14:38:50.086   545 15913 I DownloadManager: Initiating request for download 5719
07-05 14:38:50.180   545   548 D dalvikvm: GC_CONCURRENT freed 170K, 9% free 10699K/11719K, paused 2ms+3ms
07-05 14:38:50.317   545   548 D dalvikvm: GC_CONCURRENT freed 424K, 9% free 10735K/11719K, paused 2ms+3ms
07-05 14:38:50.621   545   548 D dalvikvm: GC_CONCURRENT freed 727K, 11% free 10465K/11719K, paused 2ms+2ms
07-05 14:38:50.887   545   548 D dalvikvm: GC_CONCURRENT freed 414K, 11% free 10441K/11719K, paused 2ms+2ms
07-05 14:38:51.055   545 15916 I DownloadManager: Initiating request for download 5720
07-05 14:38:51.137   545   548 D dalvikvm: GC_CONCURRENT freed 259K, 10% free 10619K/11719K, paused 2ms+3ms
07-05 14:38:51.262   545   548 D dalvikvm: GC_CONCURRENT freed 298K, 8% free 10787K/11719K, paused 2ms+2ms
07-05 14:38:51.504   545   548 D dalvikvm: GC_CONCURRENT freed 790K, 11% free 10478K/11719K, paused 2ms+4ms
07-05 14:38:51.535   482   482 D SAN_SERVICE: *******************************************
07-05 14:38:51.535   482   482 D SAN_SERVICE: DM App Phone Service State - 0
07-05 14:38:51.535   482   482 D SAN_SERVICE: *******************************************
07-05 14:38:51.586   156   594 D dalvikvm: GC_EXPLICIT freed 564K, 12% free 14092K/16007K, paused 3ms+5ms
07-05 14:38:51.590  1370 15918 E DictionaryProvider:UpdateHandler: Can't read a file : android.util.MalformedJsonException: Use JsonReader.setLenient(true) to accept malformed JSON at line 1 column 20
07-05 14:38:51.621  1370  1372 D dalvikvm: GC_CONCURRENT freed 393K, 7% free 9131K/9735K, paused 3ms+2ms
07-05 14:38:51.871   545   548 D dalvikvm: GC_CONCURRENT freed 412K, 11% free 10457K/11719K, paused 2ms+3ms
07-05 14:38:52.133   545   548 D dalvikvm: GC_CONCURRENT freed 421K, 12% free 10426K/11719K, paused 1ms+2ms
07-05 14:38:52.168   545 15920 I DownloadManager: Initiating request for download 5720
07-05 14:38:52.250   545   548 D dalvikvm: GC_CONCURRENT freed 181K, 9% free 10680K/11719K, paused 2ms+3ms
07-05 14:38:52.336   545   548 D dalvikvm: GC_CONCURRENT freed 405K, 9% free 10722K/11719K, paused 1ms+2ms
07-05 14:38:52.973   545   548 D dalvikvm: GC_CONCURRENT freed 721K, 11% free 10448K/11719K, paused 1ms+3ms
07-05 14:38:53.239   545   548 D dalvikvm: GC_CONCURRENT freed 410K, 12% free 10429K/11719K, paused 2ms+2ms
07-05 14:38:53.453   545 15924 I DownloadManager: Initiating request for download 5721
07-05 14:38:53.547   545   548 D dalvikvm: GC_CONCURRENT freed 295K, 10% free 10578K/11719K, paused 2ms+3ms
07-05 14:38:53.660   545   548 D dalvikvm: GC_CONCURRENT freed 277K, 9% free 10752K/11719K, paused 2ms+3ms
07-05 14:38:53.836   545   548 D dalvikvm: GC_CONCURRENT freed 721K, 11% free 10493K/11719K, paused 2ms+2ms
07-05 14:38:53.910  1370 15926 E DictionaryProvider:UpdateHandler: Can't read a file : android.util.MalformedJsonException: Use JsonReader.setLenient(true) to accept malformed JSON at line 1 column 20
07-05 14:38:54.149   545   548 D dalvikvm: GC_CONCURRENT freed 431K, 11% free 10452K/11719K, paused 2ms+2ms
07-05 14:38:54.410   545   548 D dalvikvm: GC_CONCURRENT freed 416K, 12% free 10427K/11719K, paused 2ms+2ms
07-05 14:38:54.496   545 15929 I DownloadManager: Initiating request for download 5721
07-05 14:38:54.586   545   548 D dalvikvm: GC_CONCURRENT freed 210K, 10% free 10652K/11719K, paused 2ms+3ms
07-05 14:38:54.707   545   548 D dalvikvm: GC_CONCURRENT freed 284K, 8% free 10817K/11719K, paused 2ms+2ms
07-05 14:38:54.989   545   548 D dalvikvm: GC_CONCURRENT freed 838K, 11% free 10452K/11719K, paused 2ms+3ms
07-05 14:38:55.262   545   548 D dalvikvm: GC_CONCURRENT freed 408K, 11% free 10434K/11719K, paused 1ms+2ms
07-05 14:38:55.477   545 15932 I DownloadManager: Initiating request for download 5722
07-05 14:38:55.535   545   548 D dalvikvm: GC_CONCURRENT freed 335K, 11% free 10503K/11719K, paused 3ms+3ms
07-05 14:38:55.657   545   548 D dalvikvm: GC_CONCURRENT freed 214K, 9% free 10725K/11719K, paused 1ms+3ms
07-05 14:38:55.793   545   548 D dalvikvm: GC_CONCURRENT freed 697K, 11% free 10498K/11719K, paused 1ms+2ms
07-05 14:38:55.926  1370 15934 E DictionaryProvider:UpdateHandler: Can't read a file : android.util.MalformedJsonException: Use JsonReader.setLenient(true) to accept malformed JSON at line 1 column 20
07-05 14:38:56.110   545   548 D dalvikvm: GC_CONCURRENT freed 430K, 11% free 10459K/11719K, paused 1ms+2ms
07-05 14:38:56.364   545   548 D dalvikvm: GC_CONCURRENT freed 418K, 11% free 10434K/11719K, paused 2ms+2ms
07-05 14:38:56.492   545 15937 I DownloadManager: Initiating request for download 5722
07-05 14:38:56.575   545   548 D dalvikvm: GC_CONCURRENT freed 237K, 10% free 10612K/11719K, paused 2ms+2ms
07-05 14:38:56.696   545   548 D dalvikvm: GC_CONCURRENT freed 289K, 9% free 10777K/11719K, paused 2ms+3ms
07-05 14:38:56.903   545   548 D dalvikvm: GC_CONCURRENT freed 779K, 11% free 10462K/11719K, paused 2ms+3ms
07-05 14:38:57.184   545   548 D dalvikvm: GC_CONCURRENT freed 407K, 11% free 10446K/11719K, paused 2ms+2ms
07-05 14:38:57.446   545   548 D dalvikvm: GC_CONCURRENT freed 406K, 11% free 10430K/11719K, paused 2ms+3ms
07-05 14:38:57.532   545 15940 I DownloadManager: Initiating request for download 5723
07-05 14:38:57.645   545   548 D dalvikvm: GC_CONCURRENT freed 182K, 9% free 10685K/11719K, paused 2ms+3ms
07-05 14:38:57.766   545   548 D dalvikvm: GC_CONCURRENT freed 310K, 8% free 10831K/11719K, paused 2ms+2ms
07-05 14:38:57.961  1370 15942 E DictionaryProvider:UpdateHandler: Can't read a file : android.util.MalformedJsonException: Use JsonReader.setLenient(true) to accept malformed JSON at line 1 column 20
07-05 14:38:58.090   545   548 D dalvikvm: GC_CONCURRENT freed 850K, 11% free 10462K/11719K, paused 2ms+2ms
07-05 14:38:58.352   545   548 D dalvikvm: GC_CONCURRENT freed 415K, 11% free 10438K/11719K, paused 2ms+3ms
07-05 14:38:58.512   545 15945 I DownloadManager: Initiating request for download 5723
07-05 14:38:58.582   545   548 D dalvikvm: GC_CONCURRENT freed 277K, 10% free 10598K/11719K, paused 2ms+3ms
07-05 14:38:58.715   545   548 D dalvikvm: GC_CONCURRENT freed 268K, 8% free 10815K/11719K, paused 1ms+2ms
07-05 14:38:58.938   545   548 D dalvikvm: GC_CONCURRENT freed 823K, 11% free 10466K/11719K, paused 2ms+3ms
07-05 14:38:59.227   545   548 D dalvikvm: GC_CONCURRENT freed 412K, 11% free 10445K/11719K, paused 2ms+2ms
07-05 14:38:59.504   545   548 D dalvikvm: GC_CONCURRENT freed 406K, 12% free 10430K/11719K, paused 1ms+2ms
07-05 14:38:59.567   545 15948 I DownloadManager: Initiating request for download 5724
07-05 14:38:59.684   545   548 D dalvikvm: GC_CONCURRENT freed 179K, 9% free 10742K/11719K, paused 2ms+2ms
07-05 14:38:59.817   545   548 D dalvikvm: GC_CONCURRENT freed 477K, 9% free 10733K/11719K, paused 1ms+2ms
07-05 14:38:59.973  1370 15950 E DictionaryProvider:UpdateHandler: Can't read a file : android.util.MalformedJsonException: Use JsonReader.setLenient(true) to accept malformed JSON at line 1 column 20
07-05 14:39:00.063  1370  1372 D dalvikvm: GC_CONCURRENT freed 391K, 6% free 9159K/9735K, paused 2ms+2ms
07-05 14:39:00.192   545   548 D dalvikvm: GC_CONCURRENT freed 719K, 11% free 10462K/11719K, paused 2ms+2ms
07-05 14:39:00.446   545   548 D dalvikvm: GC_CONCURRENT freed 414K, 11% free 10438K/11719K, paused 2ms+2ms
07-05 14:39:00.598   545 15953 I DownloadManager: Initiating request for download 5724
07-05 14:39:00.668   545   548 D dalvikvm: GC_CONCURRENT freed 255K, 10% free 10611K/11719K, paused 2ms+3ms
07-05 14:39:00.793   545   548 D dalvikvm: GC_CONCURRENT freed 282K, 9% free 10776K/11719K, paused 2ms+2ms
07-05 14:39:01.012   545   548 D dalvikvm: GC_CONCURRENT freed 773K, 11% free 10468K/11719K, paused 2ms+3ms
07-05 14:39:01.274   545   548 D dalvikvm: GC_CONCURRENT freed 410K, 11% free 10448K/11719K, paused 2ms+3ms
07-05 14:39:01.539   545   548 D dalvikvm: GC_CONCURRENT freed 404K, 11% free 10435K/11719K, paused 2ms+2ms
07-05 14:39:01.617   545 15956 I DownloadManager: Initiating request for download 5725
07-05 14:39:01.731   545   548 D dalvikvm: GC_CONCURRENT freed 191K, 9% free 10680K/11719K, paused 2ms+3ms
07-05 14:39:01.852   545   548 D dalvikvm: GC_CONCURRENT freed 313K, 8% free 10836K/11719K, paused 2ms+2ms
07-05 14:39:02.012  1370 15958 E DictionaryProvider:UpdateHandler: Can't read a file : android.util.MalformedJsonException: Use JsonReader.setLenient(true) to accept malformed JSON at line 1 column 20
07-05 14:39:02.172   545   548 D dalvikvm: GC_CONCURRENT freed 847K, 11% free 10468K/11719K, paused 2ms+2ms
07-05 14:39:02.438   545   548 D dalvikvm: GC_CONCURRENT freed 410K, 11% free 10444K/11719K, paused 2ms+2ms
07-05 14:39:02.614   545 15961 I DownloadManager: Initiating request for download 5725
07-05 14:39:02.672   545   548 D dalvikvm: GC_CONCURRENT freed 305K, 10% free 10607K/11719K, paused 2ms+3ms
07-05 14:39:02.797   545   548 D dalvikvm: GC_CONCURRENT freed 284K, 9% free 10776K/11719K, paused 2ms+2ms
07-05 14:39:03.000   545   548 D dalvikvm: GC_CONCURRENT freed 740K, 11% free 10511K/11719K, paused 2ms+3ms
07-05 14:39:03.293   545   548 D dalvikvm: GC_CONCURRENT freed 445K, 11% free 10456K/11719K, paused 2ms+3ms
07-05 14:39:03.578   545   548 D dalvikvm: GC_CONCURRENT freed 411K, 11% free 10443K/11719K, paused 1ms+2ms
07-05 14:39:03.660   545 15964 I DownloadManager: Initiating request for download 5726
07-05 14:39:03.774   545   548 D dalvikvm: GC_CONCURRENT freed 197K, 9% free 10683K/11719K, paused 1ms+3ms
07-05 14:39:03.895   545   548 D dalvikvm: GC_CONCURRENT freed 318K, 8% free 10838K/11719K, paused 2ms+3ms
07-05 14:39:04.075  1370 15966 E DictionaryProvider:UpdateHandler: Can't read a file : android.util.MalformedJsonException: Use JsonReader.setLenient(true) to accept malformed JSON at line 1 column 20
07-05 14:39:04.207   545   548 D dalvikvm: GC_CONCURRENT freed 848K, 11% free 10475K/11719K, paused 2ms+2ms
07-05 14:39:04.473   545   548 D dalvikvm: GC_CONCURRENT freed 415K, 11% free 10450K/11719K, paused 2ms+2ms
07-05 14:39:04.633   545 15968 I DownloadManager: Initiating request for download 5726
07-05 14:39:04.692   545   548 D dalvikvm: GC_CONCURRENT freed 286K, 10% free 10565K/11719K, paused 2ms+2ms
07-05 14:39:04.782   545   548 D dalvikvm: GC_CONCURRENT freed 245K, 9% free 10759K/11719K, paused 2ms+3ms
07-05 14:39:05.926   545   548 D dalvikvm: GC_CONCURRENT freed 709K, 11% free 10509K/11719K, paused 2ms+3ms
07-05 14:39:06.211   545   548 D dalvikvm: GC_CONCURRENT freed 437K, 11% free 10462K/11719K, paused 2ms+2ms
07-05 14:39:06.477   545   548 D dalvikvm: GC_CONCURRENT freed 406K, 11% free 10444K/11719K, paused 2ms+2ms
07-05 14:39:06.610   545 15972 I DownloadManager: Initiating request for download 5727
07-05 14:39:06.700   545   548 D dalvikvm: GC_CONCURRENT freed 223K, 10% free 10644K/11719K, paused 2ms+3ms
07-05 14:39:06.821   545   548 D dalvikvm: GC_CONCURRENT freed 295K, 8% free 10814K/11719K, paused 2ms+2ms
07-05 14:39:07.078  1370 15974 E DictionaryProvider:UpdateHandler: Can't read a file : android.util.MalformedJsonException: Use JsonReader.setLenient(true) to accept malformed JSON at line 1 column 20
07-05 14:39:07.094   545   548 D dalvikvm: GC_CONCURRENT freed 825K, 11% free 10482K/11719K, paused 2ms+3ms
07-05 14:39:07.375   545   548 D dalvikvm: GC_CONCURRENT freed 417K, 11% free 10462K/11719K, paused 2ms+3ms
07-05 14:39:07.621   545 15977 I DownloadManager: Initiating request for download 5727
07-05 14:39:07.641   545   548 D dalvikvm: GC_CONCURRENT freed 396K, 11% free 10479K/11719K, paused 2ms+2ms
07-05 14:39:07.766   545   548 D dalvikvm: GC_CONCURRENT freed 191K, 9% free 10725K/11719K, paused 2ms+3ms
07-05 14:39:07.899   545   548 D dalvikvm: GC_CONCURRENT freed 449K, 9% free 10745K/11719K, paused 1ms+2ms
07-05 14:39:08.196   545   548 D dalvikvm: GC_CONCURRENT freed 732K, 11% free 10465K/11719K, paused 2ms+2ms
07-05 14:39:08.457   545   548 D dalvikvm: GC_CONCURRENT freed 408K, 11% free 10448K/11719K, paused 2ms+3ms
07-05 14:39:08.614   545 15980 I DownloadManager: Initiating request for download 5728
07-05 14:39:08.703   545   548 D dalvikvm: GC_CONCURRENT freed 231K, 10% free 10638K/11719K, paused 2ms+3ms
07-05 14:39:08.828   545   548 D dalvikvm: GC_CONCURRENT freed 293K, 8% free 10805K/11719K, paused 1ms+3ms
07-05 14:39:09.043   545   548 D dalvikvm: GC_CONCURRENT freed 804K, 11% free 10479K/11719K, paused 2ms+3ms
07-05 14:39:09.090  1370 15982 E DictionaryProvider:UpdateHandler: Can't read a file : android.util.MalformedJsonException: Use JsonReader.setLenient(true) to accept malformed JSON at line 1 column 20
07-05 14:39:09.348   545   548 D dalvikvm: GC_CONCURRENT freed 405K, 11% free 10465K/11719K, paused 2ms+2ms
07-05 14:39:09.610   545   548 D dalvikvm: GC_CONCURRENT freed 412K, 11% free 10444K/11719K, paused 2ms+2ms
07-05 14:39:09.641   545 15985 I DownloadManager: Initiating request for download 5728
07-05 14:39:09.742   545   548 D dalvikvm: GC_CONCURRENT freed 176K, 9% free 10704K/11719K, paused 2ms+2ms
07-05 14:39:09.871   545   548 D dalvikvm: GC_CONCURRENT freed 418K, 9% free 10748K/11719K, paused 2ms+3ms
07-05 14:39:10.059   156   530 D dalvikvm: GC_EXPLICIT freed 506K, 12% free 14089K/16007K, paused 2ms+6ms
07-05 14:39:10.231   545   548 D dalvikvm: GC_CONCURRENT freed 733K, 11% free 10470K/11719K, paused 2ms+3ms
07-05 14:39:10.492   545   548 D dalvikvm: GC_CONCURRENT freed 424K, 11% free 10436K/11719K, paused 2ms+3ms
07-05 14:39:10.680   545 15988 I DownloadManager: Initiating request for download 5729
07-05 14:39:10.762   545   548 D dalvikvm: GC_CONCURRENT freed 278K, 10% free 10597K/11719K, paused 3ms+4ms
07-05 14:39:10.895   545   548 D dalvikvm: GC_CONCURRENT freed 273K, 9% free 10763K/11719K, paused 2ms+3ms
07-05 14:39:11.094   545   548 D dalvikvm: GC_CONCURRENT freed 722K, 11% free 10500K/11719K, paused 1ms+2ms
07-05 14:39:11.176  1370 15990 E DictionaryProvider:UpdateHandler: Can't read a file : android.util.MalformedJsonException: Use JsonReader.setLenient(true) to accept malformed JSON at line 1 column 20
07-05 14:39:11.200  1370  1372 D dalvikvm: GC_CONCURRENT freed 461K, 6% free 9154K/9735K, paused 1ms+2ms
07-05 14:39:11.250  1370  6706 D dalvikvm: GC_EXPLICIT freed 95K, 7% free 9087K/9735K, paused 2ms+2ms
07-05 14:39:11.450   545   548 D dalvikvm: GC_CONCURRENT freed 429K, 11% free 10461K/11719K, paused 2ms+3ms
07-05 14:39:11.719   545   548 D dalvikvm: GC_CONCURRENT freed 416K, 11% free 10435K/11719K, paused 1ms+2ms
07-05 14:39:11.809   545 15993 I DownloadManager: Initiating request for download 5729
07-05 14:39:11.903   545   548 D dalvikvm: GC_CONCURRENT freed 221K, 10% free 10650K/11719K, paused 3ms+2ms
07-05 14:39:12.028   545   548 D dalvikvm: GC_CONCURRENT freed 305K, 8% free 10823K/11719K, paused 2ms+3ms
07-05 14:39:12.297   545   548 D dalvikvm: GC_CONCURRENT freed 842K, 11% free 10461K/11719K, paused 1ms+2ms
07-05 14:39:12.555   545   548 D dalvikvm: GC_CONCURRENT freed 409K, 11% free 10442K/11719K, paused 2ms+3ms
07-05 14:39:12.782   545 15996 I DownloadManager: Initiating request for download 5730
07-05 14:39:12.844   545   548 D dalvikvm: GC_CONCURRENT freed 347K, 11% free 10511K/11719K, paused 2ms+3ms
07-05 14:39:12.969   545   548 D dalvikvm: GC_CONCURRENT freed 212K, 9% free 10734K/11719K, paused 2ms+2ms
07-05 14:39:13.106   545   548 D dalvikvm: GC_CONCURRENT freed 456K, 9% free 10739K/11719K, paused 2ms+2ms
07-05 14:39:13.258  1370 15998 E DictionaryProvider:UpdateHandler: Can't read a file : android.util.MalformedJsonException: Use JsonReader.setLenient(true) to accept malformed JSON at line 1 column 20
07-05 14:39:13.348   465   467 D dalvikvm: GC_CONCURRENT freed 189K, 6% free 10502K/11143K, paused 1ms+2ms
07-05 14:39:13.461   482   482 D SAN_SERVICE: *******************************************
07-05 14:39:13.461   482   482 D SAN_SERVICE: DM App Phone Service State - 0
07-05 14:39:13.461   482   482 D SAN_SERVICE: *******************************************
07-05 14:39:13.508   545   548 D dalvikvm: GC_CONCURRENT freed 728K, 11% free 10462K/11719K, paused 2ms+2ms
07-05 14:39:13.770   545   548 D dalvikvm: GC_CONCURRENT freed 413K, 11% free 10440K/11719K, paused 2ms+2ms
07-05 14:39:13.887   545 16001 I DownloadManager: Initiating request for download 5730
07-05 14:39:13.969   545   548 D dalvikvm: GC_CONCURRENT freed 234K, 10% free 10638K/11719K, paused 2ms+2ms
07-05 14:39:14.094   545   548 D dalvikvm: GC_CONCURRENT freed 301K, 8% free 10810K/11719K, paused 2ms+3ms
07-05 14:39:14.348   545   548 D dalvikvm: GC_CONCURRENT freed 819K, 11% free 10468K/11719K, paused 2ms+3ms
07-05 14:39:14.629   545   548 D dalvikvm: GC_CONCURRENT freed 408K, 11% free 10447K/11719K, paused 2ms+2ms
07-05 14:39:14.871   545 16004 I DownloadManager: Initiating request for download 5731
07-05 14:39:14.942   545   548 D dalvikvm: GC_CONCURRENT freed 400K, 11% free 10500K/11719K, paused 2ms+3ms
07-05 14:39:15.063   545   548 D dalvikvm: GC_CONCURRENT freed 204K, 9% free 10731K/11719K, paused 2ms+2ms
07-05 14:39:15.203   545   548 D dalvikvm: GC_CONCURRENT freed 458K, 9% free 10745K/11719K, paused 2ms+2ms
07-05 14:39:15.336  1370 16006 E DictionaryProvider:UpdateHandler: Can't read a file : android.util.MalformedJsonException: Use JsonReader.setLenient(true) to accept malformed JSON at line 1 column 20
07-05 14:39:15.551   545   548 D dalvikvm: GC_CONCURRENT freed 732K, 11% free 10466K/11719K, paused 1ms+2ms
07-05 14:39:15.821   545   548 D dalvikvm: GC_CONCURRENT freed 416K, 11% free 10446K/11719K, paused 2ms+3ms
07-05 14:39:15.930   545 16009 I DownloadManager: Initiating request for download 5731
07-05 14:39:16.020   545   548 D dalvikvm: GC_CONCURRENT freed 249K, 10% free 10653K/11719K, paused 3ms+3ms
07-05 14:39:16.145   545   548 D dalvikvm: GC_CONCURRENT freed 308K, 8% free 10827K/11719K, paused 2ms+2ms
07-05 14:39:16.297   545 16009 D dalvikvm: GC_EXPLICIT freed 578K, 11% free 10525K/11719K, paused 2ms+4ms
07-05 14:39:16.578   545   548 D dalvikvm: GC_CONCURRENT freed 452K, 11% free 10464K/11719K, paused 2ms+2ms
07-05 14:39:16.840   545   548 D dalvikvm: GC_CONCURRENT freed 406K, 11% free 10444K/11719K, paused 1ms+2ms
07-05 14:39:16.981   545 16012 I DownloadManager: Initiating request for download 5732
07-05 14:39:17.078   545   548 D dalvikvm: GC_CONCURRENT freed 220K, 9% free 10687K/11719K, paused 2ms+3ms
07-05 14:39:17.203   545   548 D dalvikvm: GC_CONCURRENT freed 338K, 8% free 10837K/11719K, paused 2ms+3ms
07-05 14:39:17.387  1370 16014 E DictionaryProvider:UpdateHandler: Can't read a file : android.util.MalformedJsonException: Use JsonReader.setLenient(true) to accept malformed JSON at line 1 column 20
07-05 14:39:17.504   545   548 D dalvikvm: GC_CONCURRENT freed 845K, 11% free 10475K/11719K, paused 2ms+2ms
07-05 14:39:17.766   545   548 D dalvikvm: GC_CONCURRENT freed 413K, 11% free 10452K/11719K, paused 2ms+3ms
07-05 14:39:17.965   545 16017 I DownloadManager: Initiating request for download 5732
07-05 14:39:18.028   545   548 D dalvikvm: GC_CONCURRENT freed 358K, 11% free 10513K/11719K, paused 1ms+3ms
07-05 14:39:18.149   545   548 D dalvikvm: GC_CONCURRENT freed 208K, 9% free 10739K/11719K, paused 2ms+2ms
07-05 14:39:18.285   545   548 D dalvikvm: GC_CONCURRENT freed 454K, 9% free 10748K/11719K, paused 2ms+3ms
07-05 14:39:18.606   545   548 D dalvikvm: GC_CONCURRENT freed 734K, 11% free 10471K/11719K, paused 1ms+2ms
07-05 14:39:18.871   545   548 D dalvikvm: GC_CONCURRENT freed 417K, 11% free 10445K/11719K, paused 1ms+2ms
07-05 14:39:19.004   545 16021 I DownloadManager: Initiating request for download 5733
07-05 14:39:19.106   545   548 D dalvikvm: GC_CONCURRENT freed 225K, 10% free 10651K/11719K, paused 2ms+3ms
07-05 14:39:19.227   545   548 D dalvikvm: GC_CONCURRENT freed 313K, 8% free 10814K/11719K, paused 2ms+3ms
07-05 14:39:19.410  1370 16023 E DictionaryProvider:UpdateHandler: Can't read a file : android.util.MalformedJsonException: Use JsonReader.setLenient(true) to accept malformed JSON at line 1 column 20
07-05 14:39:19.492  1370  1372 D dalvikvm: GC_CONCURRENT freed 350K, 7% free 9128K/9735K, paused 1ms+2ms
07-05 14:39:19.512   545   548 D dalvikvm: GC_CONCURRENT freed 807K, 11% free 10484K/11719K, paused 2ms+2ms
07-05 14:39:19.778   545   548 D dalvikvm: GC_CONCURRENT freed 418K, 11% free 10457K/11719K, paused 2ms+2ms
07-05 14:39:20.008   545 16026 I DownloadManager: Initiating request for download 5733
07-05 14:39:20.082   545   548 D dalvikvm: GC_CONCURRENT freed 398K, 11% free 10503K/11719K, paused 2ms+23ms
07-05 14:39:20.207   545   548 D dalvikvm: GC_CONCURRENT freed 204K, 9% free 10735K/11719K, paused 2ms+2ms
07-05 14:39:20.344   545   548 D dalvikvm: GC_CONCURRENT freed 458K, 9% free 10749K/11719K, paused 2ms+3ms
07-05 14:39:20.649   545   548 D dalvikvm: GC_CONCURRENT freed 736K, 11% free 10467K/11719K, paused 2ms+2ms
07-05 14:39:20.914   545   548 D dalvikvm: GC_CONCURRENT freed 406K, 11% free 10453K/11719K, paused 2ms+2ms
07-05 14:39:21.059   545 16029 I DownloadManager: Initiating request for download 5734
07-05 14:39:21.153   545   548 D dalvikvm: GC_CONCURRENT freed 236K, 10% free 10644K/11719K, paused 3ms+2ms
07-05 14:39:21.278   545   548 D dalvikvm: GC_CONCURRENT freed 303K, 8% free 10814K/11719K, paused 2ms+3ms
07-05 14:39:21.477  1370 16031 E DictionaryProvider:UpdateHandler: Can't read a file : android.util.MalformedJsonException: Use JsonReader.setLenient(true) to accept malformed JSON at line 1 column 20
07-05 14:39:21.555   545   548 D dalvikvm: GC_CONCURRENT freed 798K, 11% free 10491K/11719K, paused 2ms+2ms
07-05 14:39:21.817   545   548 D dalvikvm: GC_CONCURRENT freed 422K, 11% free 10460K/11719K, paused 1ms+3ms
07-05 14:39:22.094   545   548 D dalvikvm: GC_CONCURRENT freed 404K, 11% free 10446K/11719K, paused 2ms+2ms
07-05 14:39:22.129   545 16034 I DownloadManager: Initiating request for download 5734
07-05 14:39:22.274   545   548 D dalvikvm: GC_CONCURRENT freed 184K, 9% free 10706K/11719K, paused 2ms+2ms
07-05 14:39:22.399   545   548 D dalvikvm: GC_CONCURRENT freed 331K, 8% free 10875K/11719K, paused 2ms+3ms
07-05 14:39:22.707   545   548 D dalvikvm: GC_CONCURRENT freed 896K, 11% free 10472K/11719K, paused 2ms+2ms
07-05 14:39:22.969   545   548 D dalvikvm: GC_CONCURRENT freed 406K, 11% free 10452K/11719K, paused 1ms+2ms
07-05 14:39:23.125   545 16037 I DownloadManager: Initiating request for download 5735
07-05 14:39:23.211   545   548 D dalvikvm: GC_CONCURRENT freed 244K, 10% free 10646K/11719K, paused 2ms+2ms
07-05 14:39:23.332   545   548 D dalvikvm: GC_CONCURRENT freed 307K, 8% free 10813K/11719K, paused 2ms+3ms
07-05 14:39:23.571  1370 16039 E DictionaryProvider:UpdateHandler: Can't read a file : android.util.MalformedJsonException: Use JsonReader.setLenient(true) to accept malformed JSON at line 1 column 20
07-05 14:39:23.586   545   548 D dalvikvm: GC_CONCURRENT freed 814K, 11% free 10491K/11719K, paused 1ms+3ms
07-05 14:39:23.852   545   548 D dalvikvm: GC_CONCURRENT freed 414K, 11% free 10468K/11719K, paused 2ms+2ms
07-05 14:39:24.117   545   548 D dalvikvm: GC_CONCURRENT freed 408K, 11% free 10448K/11719K, paused 2ms+2ms
07-05 14:39:24.145   545 16042 I DownloadManager: Initiating request for download 5735
07-05 14:39:24.289   545   548 D dalvikvm: GC_CONCURRENT freed 185K, 9% free 10728K/11719K, paused 1ms+3ms
07-05 14:39:24.414   545   548 D dalvikvm: GC_CONCURRENT freed 442K, 9% free 10755K/11719K, paused 2ms+2ms
07-05 14:39:24.707   545   548 D dalvikvm: GC_CONCURRENT freed 739K, 11% free 10473K/11719K, paused 2ms+2ms
07-05 14:39:24.969   545   548 D dalvikvm: GC_CONCURRENT freed 404K, 11% free 10455K/11719K, paused 2ms+2ms
07-05 14:39:25.133   545 16045 I DownloadManager: Initiating request for download 5736
07-05 14:39:25.231   545   548 D dalvikvm: GC_CONCURRENT freed 263K, 10% free 10636K/11719K, paused 1ms+3ms
07-05 14:39:25.352   545   548 D dalvikvm: GC_CONCURRENT freed 304K, 8% free 10802K/11719K, paused 2ms+3ms
07-05 14:39:25.559   545   548 D dalvikvm: GC_CONCURRENT freed 790K, 11% free 10492K/11719K, paused 2ms+3ms
07-05 14:39:25.817   545   548 D dalvikvm: GC_CONCURRENT freed 410K, 11% free 10472K/11719K, paused 1ms+2ms
07-05 14:39:26.075   545   548 D dalvikvm: GC_CONCURRENT freed 408K, 11% free 10455K/11719K, paused 2ms+2ms
07-05 14:39:27.235  1370 16047 E DictionaryProvider:UpdateHandler: Can't read a file : android.util.MalformedJsonException: Use JsonReader.setLenient(true) to accept malformed JSON at line 1 column 20
07-05 14:39:27.457   545   548 D dalvikvm: GC_CONCURRENT freed 358K, 11% free 10487K/11719K, paused 2ms+2ms
07-05 14:39:27.719   545   548 D dalvikvm: GC_CONCURRENT freed 413K, 11% free 10464K/11719K, paused 2ms+2ms
07-05 14:39:27.973   545   548 D dalvikvm: GC_CONCURRENT freed 370K, 11% free 10489K/11719K, paused 2ms+3ms
07-05 14:39:28.289   545   548 D dalvikvm: GC_CONCURRENT freed 406K, 11% free 10474K/11719K, paused 2ms+2ms
07-05 14:39:28.551   545   548 D dalvikvm: GC_CONCURRENT freed 404K, 11% free 10461K/11719K, paused 2ms+2ms
07-05 14:39:28.750   545 16050 I DownloadManager: Initiating request for download 5737
07-05 14:39:28.860   545   548 D dalvikvm: GC_CONCURRENT freed 276K, 10% free 10650K/11719K, paused 1ms+2ms
07-05 14:39:28.981   545   548 D dalvikvm: GC_CONCURRENT freed 309K, 8% free 10810K/11719K, paused 2ms+3ms
07-05 14:39:29.192   545   548 D dalvikvm: GC_CONCURRENT freed 800K, 11% free 10487K/11719K, paused 2ms+3ms
07-05 14:39:29.309   156   628 D dalvikvm: GC_EXPLICIT freed 589K, 12% free 14091K/16007K, paused 3ms+6ms
07-05 14:39:29.317  1370 16052 E DictionaryProvider:UpdateHandler: Can't read a file : android.util.MalformedJsonException: Use JsonReader.setLenient(true) to accept malformed JSON at line 1 column 20
07-05 14:39:29.578   545   548 D dalvikvm: GC_CONCURRENT freed 399K, 11% free 10480K/11719K, paused 2ms+3ms
07-05 14:39:29.848   545   548 D dalvikvm: GC_CONCURRENT freed 429K, 11% free 10441K/11719K, paused 2ms+2ms
07-05 14:39:29.903   545 16055 I DownloadManager: Initiating request for download 5737
07-05 14:39:29.996   545   548 D dalvikvm: GC_CONCURRENT freed 193K, 9% free 10684K/11719K, paused 1ms+3ms
07-05 14:39:30.117   545   548 D dalvikvm: GC_CONCURRENT freed 298K, 8% free 10849K/11719K, paused 2ms+3ms
07-05 14:39:30.344  1370  1372 D dalvikvm: GC_CONCURRENT freed 392K, 7% free 9126K/9735K, paused 2ms+2ms
07-05 14:39:30.438   545   548 D dalvikvm: GC_CONCURRENT freed 871K, 11% free 10465K/11719K, paused 2ms+3ms
07-05 14:39:30.711   545   548 D dalvikvm: GC_CONCURRENT freed 405K, 11% free 10447K/11719K, paused 2ms+2ms
07-05 14:39:30.934   545 16058 I DownloadManager: Initiating request for download 5738
07-05 14:39:31.012   545   548 D dalvikvm: GC_CONCURRENT freed 312K, 10% free 10577K/11719K, paused 2ms+3ms
07-05 14:39:31.149   545   548 D dalvikvm: GC_CONCURRENT freed 266K, 9% free 10774K/11719K, paused 2ms+3ms
07-05 14:39:31.325   545   548 D dalvikvm: GC_CONCURRENT freed 731K, 11% free 10511K/11719K, paused 2ms+3ms
07-05 14:39:31.407  1370 16060 E DictionaryProvider:UpdateHandler: Can't read a file : android.util.MalformedJsonException: Use JsonReader.setLenient(true) to accept malformed JSON at line 1 column 20
07-05 14:39:31.633   545   548 D dalvikvm: GC_CONCURRENT freed 432K, 11% free 10470K/11719K, paused 1ms+2ms
07-05 14:39:31.895   545   548 D dalvikvm: GC_CONCURRENT freed 416K, 11% free 10445K/11719K, paused 2ms+2ms
07-05 14:39:32.000   545 16063 I DownloadManager: Initiating request for download 5738
07-05 14:39:32.090   545   548 D dalvikvm: GC_CONCURRENT freed 225K, 10% free 10652K/11719K, paused 1ms+3ms
07-05 14:39:32.219   545   548 D dalvikvm: GC_CONCURRENT freed 309K, 8% free 10820K/11719K, paused 2ms+3ms
07-05 14:39:32.473   545   548 D dalvikvm: GC_CONCURRENT freed 828K, 11% free 10471K/11719K, paused 1ms+2ms
07-05 14:39:32.746   545   548 D dalvikvm: GC_CONCURRENT freed 409K, 11% free 10453K/11719K, paused 2ms+2ms
07-05 14:39:32.996   545 16066 I DownloadManager: Initiating request for download 5739
07-05 14:39:33.039   545   548 D dalvikvm: GC_CONCURRENT freed 388K, 11% free 10475K/11719K, paused 2ms+3ms
07-05 14:39:33.176   545   548 D dalvikvm: GC_CONCURRENT freed 185K, 9% free 10725K/11719K, paused 1ms+3ms
07-05 14:39:33.309   545   548 D dalvikvm: GC_CONCURRENT freed 442K, 9% free 10752K/11719K, paused 2ms+2ms
07-05 14:39:33.450  1370 16068 E DictionaryProvider:UpdateHandler: Can't read a file : android.util.MalformedJsonException: Use JsonReader.setLenient(true) to accept malformed JSON at line 1 column 20
07-05 14:39:33.637   545   548 D dalvikvm: GC_CONCURRENT freed 735K, 11% free 10474K/11719K, paused 2ms+3ms
07-05 14:39:33.907   545   548 D dalvikvm: GC_CONCURRENT freed 414K, 11% free 10451K/11719K, paused 1ms+2ms
07-05 14:39:34.059   545 16071 I DownloadManager: Initiating request for download 5739
07-05 14:39:34.149   545   548 D dalvikvm: GC_CONCURRENT freed 264K, 10% free 10634K/11719K, paused 1ms+2ms
07-05 14:39:34.270   545   548 D dalvikvm: GC_CONCURRENT freed 304K, 8% free 10800K/11719K, paused 2ms+3ms
07-05 14:39:34.477   545   548 D dalvikvm: GC_CONCURRENT freed 794K, 11% free 10481K/11719K, paused 2ms+3ms
07-05 14:39:34.754   545   548 D dalvikvm: GC_CONCURRENT freed 407K, 11% free 10460K/11719K, paused 2ms+2ms
07-05 14:39:35.020   545   548 D dalvikvm: GC_CONCURRENT freed 398K, 11% free 10448K/11719K, paused 2ms+2ms
07-05 14:39:35.106   545 16074 I DownloadManager: Initiating request for download 5740
07-05 14:39:35.219   545   548 D dalvikvm: GC_CONCURRENT freed 187K, 9% free 10697K/11719K, paused 2ms+3ms
07-05 14:39:35.328   545   548 D dalvikvm: GC_CONCURRENT freed 317K, 8% free 10857K/11719K, paused 2ms+2ms
07-05 14:39:35.500  1370 16076 E DictionaryProvider:UpdateHandler: Can't read a file : android.util.MalformedJsonException: Use JsonReader.setLenient(true) to accept malformed JSON at line 1 column 20
07-05 14:39:35.649   545   548 D dalvikvm: GC_CONCURRENT freed 867K, 11% free 10481K/11719K, paused 2ms+2ms
07-05 14:39:35.910   545   548 D dalvikvm: GC_CONCURRENT freed 411K, 11% free 10456K/11719K, paused 2ms+3ms
07-05 14:39:36.082   545 16079 I DownloadManager: Initiating request for download 5740
07-05 14:39:36.157   545   548 D dalvikvm: GC_CONCURRENT freed 312K, 10% free 10612K/11719K, paused 2ms+3ms
07-05 14:39:36.278   545   548 D dalvikvm: GC_CONCURRENT freed 279K, 8% free 10788K/11719K, paused 2ms+3ms
07-05 14:39:36.465   545   548 D dalvikvm: GC_CONCURRENT freed 741K, 11% free 10518K/11719K, paused 2ms+2ms
07-05 14:39:36.750   545   548 D dalvikvm: GC_CONCURRENT freed 436K, 11% free 10471K/11719K, paused 2ms+3ms
07-05 14:39:37.024   545   548 D dalvikvm: GC_CONCURRENT freed 406K, 11% free 10450K/11719K, paused 2ms+3ms
07-05 14:39:37.125   545 16082 I DownloadManager: Initiating request for download 5741
07-05 14:39:37.235   545   548 D dalvikvm: GC_CONCURRENT freed 212K, 9% free 10673K/11719K, paused 2ms+3ms
07-05 14:39:37.360   545   548 D dalvikvm: GC_CONCURRENT freed 316K, 8% free 10842K/11719K, paused 1ms+3ms
07-05 14:39:37.547  1370 16084 E DictionaryProvider:UpdateHandler: Can't read a file : android.util.MalformedJsonException: Use JsonReader.setLenient(true) to accept malformed JSON at line 1 column 20
07-05 14:39:37.668   545   548 D dalvikvm: GC_CONCURRENT freed 843K, 11% free 10484K/11719K, paused 3ms+3ms
07-05 14:39:37.774   482   482 D SAN_SERVICE: *******************************************
07-05 14:39:37.774   482   482 D SAN_SERVICE: DM App Phone Service State - 0
07-05 14:39:37.774   482   482 D SAN_SERVICE: *******************************************
07-05 14:39:37.973   545   548 D dalvikvm: GC_CONCURRENT freed 412K, 11% free 10462K/11719K, paused 1ms+2ms
07-05 14:39:38.184   545 16087 I DownloadManager: Initiating request for download 5741
07-05 14:39:38.246   545   548 D dalvikvm: GC_CONCURRENT freed 376K, 11% free 10519K/11719K, paused 2ms+2ms
07-05 14:39:38.371   545   548 D dalvikvm: GC_CONCURRENT freed 206K, 8% free 10805K/11719K, paused 2ms+3ms
07-05 14:39:38.543   545   548 D dalvikvm: GC_CONCURRENT freed 753K, 11% free 10534K/11719K, paused 2ms+3ms
07-05 14:39:38.633  1370  1372 D dalvikvm: GC_CONCURRENT freed 385K, 7% free 9129K/9735K, paused 2ms+6ms
07-05 14:39:38.883   545   548 D dalvikvm: GC_CONCURRENT freed 447K, 11% free 10474K/11719K, paused 2ms+3ms
07-05 14:39:39.153   545   548 D dalvikvm: GC_CONCURRENT freed 403K, 11% free 10457K/11719K, paused 2ms+2ms
07-05 14:39:39.297   545 16090 I DownloadManager: Initiating request for download 5742
07-05 14:39:39.387   545   548 D dalvikvm: GC_CONCURRENT freed 229K, 10% free 10650K/11719K, paused 2ms+3ms
07-05 14:39:39.508   545   548 D dalvikvm: GC_CONCURRENT freed 304K, 8% free 10820K/11719K, paused 2ms+3ms
07-05 14:39:39.731  1370 16092 E DictionaryProvider:UpdateHandler: Can't read a file : android.util.MalformedJsonException: Use JsonReader.setLenient(true) to accept malformed JSON at line 1 column 20
07-05 14:39:39.770   545   548 D dalvikvm: GC_CONCURRENT freed 823K, 11% free 10497K/11719K, paused 2ms+2ms
07-05 14:39:40.039   545   548 D dalvikvm: GC_CONCURRENT freed 421K, 11% free 10466K/11719K, paused 2ms+2ms
07-05 14:39:40.305   545   548 D dalvikvm: GC_CONCURRENT freed 403K, 11% free 10453K/11719K, paused 2ms+2ms
07-05 14:39:40.340   545 16095 I DownloadManager: Initiating request for download 5742
07-05 14:39:40.446   545   548 D dalvikvm: GC_CONCURRENT freed 176K, 9% free 10714K/11719K, paused 2ms+3ms
07-05 14:39:40.571   545   548 D dalvikvm: GC_CONCURRENT freed 415K, 9% free 10764K/11719K, paused 2ms+3ms
07-05 14:39:40.871   545   548 D dalvikvm: GC_CONCURRENT freed 742K, 11% free 10479K/11719K, paused 2ms+2ms
07-05 14:39:40.910   482   482 D SAN_SERVICE: *******************************************
07-05 14:39:40.910   482   482 D SAN_SERVICE: DM App Phone Service State - 0
07-05 14:39:40.910   482   482 D SAN_SERVICE: *******************************************
07-05 14:39:41.149   545   548 D dalvikvm: GC_CONCURRENT freed 403K, 11% free 10462K/11719K, paused 2ms+3ms
07-05 14:39:41.352   545 16098 I DownloadManager: Initiating request for download 5743
07-05 14:39:41.438   545   548 D dalvikvm: GC_CONCURRENT freed 316K, 10% free 10595K/11719K, paused 2ms+4ms
07-05 14:39:41.551   545   548 D dalvikvm: GC_CONCURRENT freed 260K, 8% free 10785K/11719K, paused 2ms+2ms
07-05 14:39:41.715   545   548 D dalvikvm: GC_CONCURRENT freed 730K, 11% free 10525K/11719K, paused 1ms+3ms
07-05 14:39:41.985   545   548 D dalvikvm: GC_CONCURRENT freed 435K, 11% free 10481K/11719K, paused 1ms+2ms
07-05 14:39:42.254   545   548 D dalvikvm: GC_CONCURRENT freed 412K, 11% free 10460K/11719K, paused 2ms+3ms
07-05 14:39:42.864  1370 16100 E DictionaryProvider:UpdateHandler: Can't read a file : android.util.MalformedJsonException: Use JsonReader.setLenient(true) to accept malformed JSON at line 1 column 20
07-05 14:39:43.012   545   548 D dalvikvm: GC_CONCURRENT freed 353K, 11% free 10498K/11719K, paused 2ms+2ms
07-05 14:39:43.289   545   548 D dalvikvm: GC_CONCURRENT freed 414K, 11% free 10474K/11719K, paused 2ms+2ms
07-05 14:39:43.547   545   548 D dalvikvm: GC_CONCURRENT freed 404K, 11% free 10461K/11719K, paused 2ms+2ms
07-05 14:39:44.075   545   548 D dalvikvm: GC_CONCURRENT freed 368K, 11% free 10483K/11719K, paused 2ms+2ms
07-05 14:39:44.336   545   548 D dalvikvm: GC_CONCURRENT freed 406K, 11% free 10468K/11719K, paused 2ms+2ms
07-05 14:39:44.598   545 16103 I DownloadManager: Initiating request for download 5744
07-05 14:39:44.664   545   548 D dalvikvm: GC_CONCURRENT freed 398K, 11% free 10509K/11719K, paused 2ms+3ms
07-05 14:39:44.793   545   548 D dalvikvm: GC_CONCURRENT freed 197K, 9% free 10749K/11719K, paused 2ms+3ms
07-05 14:39:44.930   545   548 D dalvikvm: GC_CONCURRENT freed 444K, 9% free 10771K/11719K, paused 1ms+2ms
07-05 14:39:45.094  1370 16105 E DictionaryProvider:UpdateHandler: Can't read a file : android.util.MalformedJsonException: Use JsonReader.setLenient(true) to accept malformed JSON at line 1 column 20
07-05 14:39:45.270   545   548 D dalvikvm: GC_CONCURRENT freed 746K, 11% free 10487K/11719K, paused 2ms+2ms
07-05 14:39:45.524   545   548 D dalvikvm: GC_CONCURRENT freed 414K, 11% free 10463K/11719K, paused 2ms+2ms
07-05 14:39:45.660   545 16108 I DownloadManager: Initiating request for download 5744
07-05 14:39:45.750   545   548 D dalvikvm: GC_CONCURRENT freed 256K, 10% free 10650K/11719K, paused 2ms+3ms
07-05 14:39:45.871   545   548 D dalvikvm: GC_CONCURRENT freed 312K, 8% free 10814K/11719K, paused 2ms+3ms
07-05 14:39:46.078   545   548 D dalvikvm: GC_CONCURRENT freed 800K, 11% free 10493K/11719K, paused 2ms+3ms
07-05 14:39:46.364   545   548 D dalvikvm: GC_CONCURRENT freed 407K, 11% free 10480K/11719K, paused 2ms+2ms
07-05 14:39:46.629   545   548 D dalvikvm: GC_CONCURRENT freed 411K, 11% free 10459K/11719K, paused 2ms+2ms
07-05 14:39:46.696   545 16111 I DownloadManager: Initiating request for download 5745
07-05 14:39:46.817   545   548 D dalvikvm: GC_CONCURRENT freed 178K, 9% free 10717K/11719K, paused 2ms+2ms
07-05 14:39:46.950   545   548 D dalvikvm: GC_CONCURRENT freed 319K, 8% free 10893K/11719K, paused 2ms+4ms
07-05 14:39:47.114  1370 16113 E DictionaryProvider:UpdateHandler: Can't read a file : android.util.MalformedJsonException: Use JsonReader.setLenient(true) to accept malformed JSON at line 1 column 20
07-05 14:39:47.285   545   548 D dalvikvm: GC_CONCURRENT freed 903K, 11% free 10492K/11719K, paused 2ms+2ms
07-05 14:39:47.547   545   548 D dalvikvm: GC_CONCURRENT freed 415K, 11% free 10467K/11719K, paused 2ms+3ms
07-05 14:39:47.785   545 16116 D dalvikvm: GC_EXPLICIT freed 258K, 11% free 10500K/11719K, paused 2ms+7ms
07-05 14:39:47.789   545 16116 I DownloadManager: Initiating request for download 5745
07-05 14:39:47.918   545   548 D dalvikvm: GC_CONCURRENT freed 198K, 9% free 10755K/11719K, paused 2ms+3ms
07-05 14:39:48.043   545   548 D dalvikvm: GC_CONCURRENT freed 461K, 9% free 10771K/11719K, paused 1ms+2ms
07-05 14:39:48.145   156   628 D dalvikvm: GC_EXPLICIT freed 555K, 12% free 14092K/16007K, paused 3ms+6ms
07-05 14:39:48.418   545   548 D dalvikvm: GC_CONCURRENT freed 746K, 11% free 10487K/11719K, paused 2ms+3ms
07-05 14:39:48.700   545   548 D dalvikvm: GC_CONCURRENT freed 424K, 11% free 10453K/11719K, paused 2ms+2ms
07-05 14:39:48.836   545 16119 I DownloadManager: Initiating request for download 5746
07-05 14:39:48.930   545   548 D dalvikvm: GC_CONCURRENT freed 239K, 10% free 10648K/11719K, paused 2ms+3ms
07-05 14:39:49.055   545   548 D dalvikvm: GC_CONCURRENT freed 279K, 8% free 10863K/11719K, paused 2ms+2ms
07-05 14:39:49.254  1370 16121 E DictionaryProvider:UpdateHandler: Can't read a file : android.util.MalformedJsonException: Use JsonReader.setLenient(true) to accept malformed JSON at line 1 column 20
07-05 14:39:49.282  1370  1372 D dalvikvm: GC_CONCURRENT freed 433K, 7% free 9136K/9735K, paused 1ms+3ms
07-05 14:39:49.352   545   548 D dalvikvm: GC_CONCURRENT freed 865K, 11% free 10491K/11719K, paused 2ms+3ms
07-05 14:39:49.614   545   548 D dalvikvm: GC_CONCURRENT freed 412K, 11% free 10466K/11719K, paused 2ms+2ms
07-05 14:39:49.887   545   548 D dalvikvm: GC_CONCURRENT freed 407K, 11% free 10450K/11719K, paused 2ms+3ms
07-05 14:39:49.930   545 16124 I DownloadManager: Initiating request for download 5746
07-05 14:39:50.039   545   548 D dalvikvm: GC_CONCURRENT freed 176K, 9% free 10711K/11719K, paused 2ms+2ms
07-05 14:39:50.164   545   548 D dalvikvm: GC_CONCURRENT freed 322K, 8% free 10863K/11719K, paused 1ms+2ms
07-05 14:39:50.446   545   548 D dalvikvm: GC_CONCURRENT freed 848K, 11% free 10509K/11719K, paused 2ms+2ms
07-05 14:39:50.723   545   548 D dalvikvm: GC_CONCURRENT freed 399K, 11% free 10502K/11719K, paused 2ms+2ms
07-05 14:39:51.672   545 16126 I DownloadManager: Initiating request for download 5747
07-05 14:39:51.762   545   548 D dalvikvm: GC_CONCURRENT freed 317K, 10% free 10644K/11719K, paused 1ms+3ms
07-05 14:39:51.887   545   548 D dalvikvm: GC_CONCURRENT freed 302K, 8% free 10807K/11719K, paused 2ms+2ms
07-05 14:39:52.094   545   548 D dalvikvm: GC_CONCURRENT freed 765K, 11% free 10525K/11719K, paused 2ms+3ms
07-05 14:39:52.149  1370 16129 E DictionaryProvider:UpdateHandler: Can't read a file : android.util.MalformedJsonException: Use JsonReader.setLenient(true) to accept malformed JSON at line 1 column 20
07-05 14:39:52.391   545   548 D dalvikvm: GC_CONCURRENT freed 436K, 11% free 10479K/11719K, paused 2ms+3ms
07-05 14:39:52.664   545   548 D dalvikvm: GC_CONCURRENT freed 416K, 11% free 10460K/11719K, paused 2ms+3ms
07-05 14:39:52.731   545 16132 I DownloadManager: Initiating request for download 5747
07-05 14:39:52.832   545   548 D dalvikvm: GC_CONCURRENT freed 200K, 9% free 10680K/11719K, paused 2ms+3ms
07-05 14:39:52.957   545   548 D dalvikvm: GC_CONCURRENT freed 319K, 8% free 10857K/11719K, paused 2ms+3ms
07-05 14:39:53.242   545   548 D dalvikvm: GC_CONCURRENT freed 868K, 11% free 10480K/11719K, paused 2ms+2ms
07-05 14:39:53.516   545   548 D dalvikvm: GC_CONCURRENT freed 409K, 11% free 10461K/11719K, paused 2ms+3ms
07-05 14:39:53.727   545 16135 I DownloadManager: Initiating request for download 5748
07-05 14:39:53.789   545   548 D dalvikvm: GC_CONCURRENT freed 336K, 11% free 10528K/11719K, paused 2ms+3ms
07-05 14:39:53.910   545   548 D dalvikvm: GC_CONCURRENT freed 209K, 9% free 10756K/11719K, paused 2ms+2ms
07-05 14:39:54.055   545   548 D dalvikvm: GC_CONCURRENT freed 468K, 9% free 10768K/11719K, paused 2ms+3ms
07-05 14:39:54.188  1370 16137 E DictionaryProvider:UpdateHandler: Can't read a file : android.util.MalformedJsonException: Use JsonReader.setLenient(true) to accept malformed JSON at line 1 column 20
07-05 14:39:54.399   545   548 D dalvikvm: GC_CONCURRENT freed 741K, 11% free 10495K/11719K, paused 2ms+2ms
07-05 14:39:54.676   545   548 D dalvikvm: GC_CONCURRENT freed 426K, 11% free 10459K/11719K, paused 2ms+2ms
07-05 14:39:54.719   362   362 I wpa_supplicant: wlan0: CTRL-EVENT-DISCONNECTED bssid=d0:c2:82:84:8d:50 reason=0
07-05 14:39:54.719    77   117 D CommandListener: Clearing all IP addresses on wlan0
07-05 14:39:54.731   156   330 D ConnectivityService: ConnectivityChange for WIFI: DISCONNECTED/DISCONNECTED
07-05 14:39:54.742   156   330 D ConnectivityService: Attempting to switch to mobile
07-05 14:39:54.742   156   330 D ConnectivityService: Attempting to switch to WIMAX
07-05 14:39:54.742   156   330 D ConnectivityService: Attempting to switch to BLUETOOTH_TETHER
07-05 14:39:54.746   156   330 E ConnectivityService: Exception trying to remove a route: java.lang.IllegalStateException: Unable to communicate with native dameon to add routes - com.android.server.NativeDaemonConnectorException: Cmd {interface route remove wlan0 default 128.205.59.254 32 0.0.0.0} failed with code 400 : {Failed to remove route from default table (No such process)}
07-05 14:39:54.750   156   330 D NetUtils: android_net_utils_resetConnections in env=0x6b2b60 clazz=0x8f000001 iface=wlan0 mask=0x3
07-05 14:39:54.750   156   330 E ConnectivityService: Exception trying to remove a route: java.lang.IllegalStateException: Unable to communicate with native dameon to add routes - com.android.server.NativeDaemonConnectorException: Cmd {interface route remove wlan0 default 0.0.0.0 0 128.205.59.254} failed with code 400 : {Failed to remove route from default table (No such process)}
07-05 14:39:54.750   156   330 D ConnectivityService: resetConnections(wlan0, 3)
07-05 14:39:54.867   682  1055 E GTalkService: connectionClosed: no XMPPConnection - That's strange!
07-05 14:39:54.867   156   330 D ConnectivityService: handleInetConditionChange: no active default network - ignore
07-05 14:39:54.903   414   416 D dalvikvm: GC_CONCURRENT freed 587K, 37% free 10282K/16263K, paused 1ms+3ms
07-05 14:39:55.024   414   416 D dalvikvm: GC_CONCURRENT freed 546K, 38% free 10140K/16263K, paused 2ms+2ms
07-05 14:39:55.071   545 16140 I DownloadManager: Initiating request for download 5748
07-05 14:39:55.075   545 16140 W DownloadManager: Aborting request for download 5748: no network connection available
07-05 14:39:55.313   545   548 D dalvikvm: GC_CONCURRENT freed 353K, 11% free 10493K/11719K, paused 2ms+2ms
07-05 14:39:55.582   545   548 D dalvikvm: GC_CONCURRENT freed 412K, 11% free 10472K/11719K, paused 2ms+3ms
07-05 14:39:55.852   545   548 D dalvikvm: GC_CONCURRENT freed 404K, 11% free 10458K/11719K, paused 2ms+2ms
07-05 14:39:55.969   545 16142 I DownloadManager: Initiating request for download 5749
07-05 14:39:55.969   545 16142 W DownloadManager: Aborting request for download 5749: no network connection available
07-05 14:39:55.977   362   362 I wpa_supplicant: wlan0: Trying to associate with d0:c2:82:66:69:d0 (SSID='UB_Wireless' freq=2462 MHz)
07-05 14:39:56.035   362   362 I wpa_supplicant: wlan0: Associated with d0:c2:82:66:69:d0
07-05 14:39:56.035   362   362 I wpa_supplicant: wlan0: CTRL-EVENT-CONNECTED - Connection to d0:c2:82:66:69:d0 completed (reauth) [id=5 id_str=]
07-05 14:39:56.297   545   548 D dalvikvm: GC_CONCURRENT freed 358K, 11% free 10491K/11719K, paused 2ms+2ms
07-05 14:39:56.555   545   548 D dalvikvm: GC_CONCURRENT freed 413K, 11% free 10469K/11719K, paused 2ms+2ms
07-05 14:39:56.821   545   548 D dalvikvm: GC_CONCURRENT freed 398K, 11% free 10457K/11719K, paused 2ms+2ms
07-05 14:39:57.141   545   548 D dalvikvm: GC_CONCURRENT freed 363K, 11% free 10485K/11719K, paused 2ms+2ms
07-05 14:39:57.418   545   548 D dalvikvm: GC_CONCURRENT freed 410K, 11% free 10466K/11719K, paused 2ms+3ms
07-05 14:39:57.805   156   333 D Tethering: MasterInitialState.processMessage what=3
07-05 14:39:57.871  1086  1105 D PicasaSyncManager: active network: null
07-05 14:39:57.871  1086  1105 D PicasaSyncManager: background data: true
07-05 14:39:57.883  1190  1190 I MediaUploader: No need to wake up
07-05 14:39:57.887   993   993 I PhoneLab-WiFiReceiver: Wi-Fi is disconnected!
07-05 14:40:00.817   156   330 D ConnectivityService: ConnectivityChange for WIFI: CONNECTED/CONNECTED
07-05 14:40:00.832   993   993 I PhoneLab-WiFiReceiver: Wi-Fi is connected!
07-05 14:40:00.836   993   993 I PhoneLab-WiFiReceiver: SSID: UB_Wireless BSSID: d0:c2:82:66:69:d0 RSSI: -200 LinkSpeed: -1
07-05 14:40:00.836   993   993 I PhoneLab-Locks: wake lock acquired
07-05 14:40:00.871   993   993 I PhoneLab-UploadLogs: Transfering log files now
07-05 14:40:00.875   156   325 W NetworkStats: dropping UID delta from unknown iface: iface=wlan0 uid=0 set=DEFAULT tag=0x0 rxBytes=100 rxPackets=2 txBytes=336 txPackets=5 operations=0
07-05 14:40:00.922   482   486 D dalvikvm: GC_CONCURRENT freed 392K, 7% free 9486K/10119K, paused 9ms+2ms
07-05 14:40:00.953   993   995 D dalvikvm: GC_CONCURRENT freed 402K, 18% free 9210K/11207K, paused 2ms+2ms
07-05 14:40:00.973   993   993 D dalvikvm: GC_FOR_ALLOC freed 272K, 16% free 9431K/11207K, paused 13ms
07-05 14:40:00.989   993   993 I PhoneLab-UploadLogs: OnStartCommand
07-05 14:40:01.000   993   995 D dalvikvm: GC_CONCURRENT freed 298K, 14% free 9644K/11207K, paused 1ms+2ms
07-05 14:40:01.071   993 16172 D dalvikvm: GC_FOR_ALLOC freed 314K, 14% free 9657K/11207K, paused 26ms
07-05 14:40:01.098   993 16172 D dalvikvm: GC_FOR_ALLOC freed 301K, 14% free 9657K/11207K, paused 24ms
07-05 14:40:01.125   993 16172 D dalvikvm: GC_FOR_ALLOC freed 301K, 14% free 9658K/11207K, paused 25ms
07-05 14:40:01.821   156   330 D ConnectivityService: NetTransition Wakelock for WifiStateMachine released by timeout
07-05 14:40:02.395   993  1240 I PhoneLab-: Service Running
07-05 14:40:02.481   993  1240 I PhoneLab-LoggerService: app_49    1247  993   1956   1584  c00f181c 400107b4 S logcat
07-05 14:40:02.481   993  1240 I PhoneLab-LoggerService: Logcat pid from database 1247
07-05 14:40:02.481   993  1240 I PhoneLab-LoggerService: Logcat process found 1247
07-05 14:40:02.481   993  1240 I PhoneLab-LoggerService: Checking Threshold
07-05 14:40:02.485   993  1240 I PhoneLab-LoggerService: Starting to rename files
07-05 14:40:02.504   993  1240 I PhoneLab-LoggerService: Files found .. 52
07-05 14:40:02.512   993   995 D dalvikvm: GC_CONCURRENT freed 388K, 14% free 9672K/11207K, paused 1ms+2ms
07-05 14:40:02.657   993 16172 W System.err: org.apache.http.client.ClientProtocolException
07-05 14:40:02.660   993 16172 W System.err: 	at org.apache.http.impl.client.AbstractHttpClient.execute(AbstractHttpClient.java:557)
07-05 14:40:02.664   993 16172 W System.err: 	at org.apache.http.impl.client.AbstractHttpClient.execute(AbstractHttpClient.java:487)
07-05 14:40:02.664   993 16172 W System.err: 	at com.loopj.android.http.AsyncHttpRequest.makeRequest(Unknown Source)
07-05 14:40:02.668   993 16172 W System.err: 	at com.loopj.android.http.AsyncHttpRequest.makeRequestWithRetries(Unknown Source)
07-05 14:40:02.668   993 16172 W System.err: 	at com.loopj.android.http.AsyncHttpRequest.run(Unknown Source)
07-05 14:40:02.668   993 16172 W System.err: 	at java.util.concurrent.Executors$RunnableAdapter.call(Executors.java:442)
07-05 14:40:02.672   993 16172 W System.err: 	at java.util.concurrent.FutureTask$Sync.innerRun(FutureTask.java:305)
07-05 14:40:02.672   993 16172 W System.err: 	at java.util.concurrent.FutureTask.run(FutureTask.java:137)
07-05 14:40:02.672   993 16172 W System.err: 	at java.util.concurrent.ThreadPoolExecutor.runWorker(ThreadPoolExecutor.java:1076)
07-05 14:40:02.676   993 16172 W System.err: 	at java.util.concurrent.ThreadPoolExecutor$Worker.run(ThreadPoolExecutor.java:569)
07-05 14:40:02.676   993 16172 W System.err: 	at java.lang.Thread.run(Thread.java:856)
07-05 14:40:02.680   993 16172 W System.err: Caused by: org.apache.http.client.NonRepeatableRequestException: Cannot retry request with a non-repeatable request entity
07-05 14:40:02.684   993 16172 W System.err: 	at org.apache.http.impl.client.DefaultRequestDirector.execute(DefaultRequestDirector.java:420)
07-05 14:40:02.684   993 16172 W System.err: 	at org.apache.http.impl.client.AbstractHttpClient.execute(AbstractHttpClient.java:555)
07-05 14:40:02.688   993 16172 W System.err: 	... 10 more
07-05 14:40:02.688   993   993 E PhoneLab-: Transfering 1341502082478.log failed
07-05 14:40:02.688   993   993 I PhoneLab-Locks: wake lock released
07-05 14:40:03.903   156   333 D Tethering: MasterInitialState.processMessage what=3
07-05 14:40:03.953   482   482 D SAN_SERVICE: *******************************************
07-05 14:40:03.953   482   482 D SAN_SERVICE: DM App Phone Service State - 0
07-05 14:40:03.953   482   482 D SAN_SERVICE: *******************************************
07-05 14:40:03.965   682   682 I GTalkService/c: [AndroidEndpoint@1095403848] connect: acct=1000001, state=CONNECTING
07-05 14:40:04.000  1190  1190 I MediaUploader: No need to wake up
07-05 14:40:04.043  1086  1105 D PicasaSyncManager: active network: NetworkInfo: type: WIFI[], state: CONNECTED/CONNECTED, reason: (unspecified), extra: (none), roaming: false, failover: false, isAvailable: true
07-05 14:40:04.043  1086  1105 D PicasaSyncManager: background data: true
07-05 14:40:04.129   414   416 D dalvikvm: GC_CONCURRENT freed 251K, 37% free 10390K/16263K, paused 1ms+3ms
07-05 14:40:04.192   682   685 D dalvikvm: GC_CONCURRENT freed 469K, 9% free 10129K/11079K, paused 2ms+2ms
07-05 14:40:04.258   545   548 D dalvikvm: GC_CONCURRENT freed 362K, 11% free 10493K/11719K, paused 2ms+2ms
07-05 14:40:04.321   414   414 D dalvikvm: GC_FOR_ALLOC freed 547K, 38% free 10201K/16263K, paused 19ms
07-05 14:40:04.645   545   548 D dalvikvm: GC_CONCURRENT freed 403K, 11% free 10477K/11719K, paused 2ms+2ms
07-05 14:40:04.918   545   548 D dalvikvm: GC_CONCURRENT freed 399K, 11% free 10470K/11719K, paused 2ms+2ms
07-05 14:40:05.110   545 16177 I DownloadManager: Initiating request for download 5748
07-05 14:40:05.110   545 16177 I DownloadManager: Skipping initiating request for download 5748; already completed
07-05 14:40:05.160   545 16179 I DownloadManager: Initiating request for download 5749
07-05 14:40:05.285   545   548 D dalvikvm: GC_CONCURRENT freed 308K, 10% free 10604K/11719K, paused 1ms+3ms
07-05 14:40:05.414   545   548 D dalvikvm: GC_CONCURRENT freed 266K, 8% free 10844K/11719K, paused 1ms+3ms
07-05 14:40:05.617   545   548 D dalvikvm: GC_CONCURRENT freed 802K, 11% free 10526K/11719K, paused 2ms+3ms
07-05 14:40:05.672  1370 16182 E DictionaryProvider:UpdateHandler: Can't read a file : android.util.MalformedJsonException: Use JsonReader.setLenient(true) to accept malformed JSON at line 1 column 20
07-05 14:40:05.926   545   548 D dalvikvm: GC_CONCURRENT freed 431K, 11% free 10486K/11719K, paused 2ms+3ms
07-05 14:40:06.192   545   548 D dalvikvm: GC_CONCURRENT freed 414K, 11% free 10462K/11719K, paused 2ms+2ms
07-05 14:40:06.270   545 16185 I DownloadManager: Initiating request for download 5749
07-05 14:40:06.367   545   548 D dalvikvm: GC_CONCURRENT freed 210K, 9% free 10689K/11719K, paused 2ms+3ms
07-05 14:40:06.489   545   548 D dalvikvm: GC_CONCURRENT freed 313K, 8% free 10864K/11719K, paused 2ms+2ms
07-05 14:40:06.774   545   548 D dalvikvm: GC_CONCURRENT freed 871K, 11% free 10487K/11719K, paused 1ms+3ms
07-05 14:40:07.051   545   548 D dalvikvm: GC_CONCURRENT freed 403K, 11% free 10475K/11719K, paused 2ms+6ms
07-05 14:40:07.313   545 16188 I DownloadManager: Initiating request for download 5750
07-05 14:40:07.383   545   548 D dalvikvm: GC_CONCURRENT freed 350K, 11% free 10538K/11719K, paused 2ms+3ms
07-05 14:40:07.524   545   548 D dalvikvm: GC_CONCURRENT freed 212K, 9% free 10764K/11719K, paused 1ms+3ms
07-05 14:40:07.672   545   548 D dalvikvm: GC_CONCURRENT freed 471K, 9% free 10774K/11719K, paused 2ms+2ms
07-05 14:40:07.836  1370 16190 E DictionaryProvider:UpdateHandler: Can't read a file : android.util.MalformedJsonException: Use JsonReader.setLenient(true) to accept malformed JSON at line 1 column 20
07-05 14:40:07.871  1370  1372 D dalvikvm: GC_CONCURRENT freed 399K, 7% free 9128K/9735K, paused 2ms+5ms
07-05 14:40:07.977   482   482 D SAN_SERVICE: *******************************************
07-05 14:40:07.977   482   482 D SAN_SERVICE: DM App Phone Service State - 0
07-05 14:40:07.977   482   482 D SAN_SERVICE: *******************************************
07-05 14:40:08.047   545   548 D dalvikvm: GC_CONCURRENT freed 747K, 11% free 10490K/11719K, paused 1ms+2ms
07-05 14:40:08.313   545   548 D dalvikvm: GC_CONCURRENT freed 414K, 11% free 10467K/11719K, paused 2ms+2ms
07-05 14:40:08.438   545 16193 I DownloadManager: Initiating request for download 5750
07-05 14:40:08.571   545   548 D dalvikvm: GC_CONCURRENT freed 253K, 10% free 10661K/11719K, paused 2ms+2ms
07-05 14:40:08.688   545   548 D dalvikvm: GC_CONCURRENT freed 325K, 8% free 10814K/11719K, paused 2ms+3ms
07-05 14:40:08.887   545   548 D dalvikvm: GC_CONCURRENT freed 761K, 11% free 10530K/11719K, paused 2ms+2ms
07-05 14:40:09.172   545   548 D dalvikvm: GC_CONCURRENT freed 435K, 11% free 10485K/11719K, paused 2ms+3ms
07-05 14:40:09.442   545   548 D dalvikvm: GC_CONCURRENT freed 412K, 11% free 10463K/11719K, paused 1ms+2ms
07-05 14:40:09.508   545 16196 I DownloadManager: Initiating request for download 5751
07-05 14:40:09.778   545   548 D dalvikvm: GC_CONCURRENT freed 348K, 11% free 10505K/11719K, paused 1ms+3ms
07-05 14:40:10.043   545   548 D dalvikvm: GC_CONCURRENT freed 407K, 11% free 10486K/11719K, paused 2ms+2ms
07-05 14:40:10.200   545   548 D dalvikvm: GC_CONCURRENT freed 220K, 9% free 10687K/11719K, paused 2ms+3ms
07-05 14:40:10.317   545   548 D dalvikvm: GC_CONCURRENT freed 306K, 8% free 10843K/11719K, paused 2ms+3ms
07-05 14:40:10.512  1370 16198 E DictionaryProvider:UpdateHandler: Can't read a file : android.util.MalformedJsonException: Use JsonReader.setLenient(true) to accept malformed JSON at line 1 column 20
07-05 14:40:10.567   465   467 D dalvikvm: GC_CONCURRENT freed 395K, 6% free 10493K/11143K, paused 2ms+3ms
07-05 14:40:10.594   545 16200 I DownloadManager: Initiating request for download 5751
07-05 14:40:10.664   545   548 D dalvikvm: GC_CONCURRENT freed 801K, 11% free 10535K/11719K, paused 2ms+3ms
07-05 14:40:10.782   545   548 D dalvikvm: GC_CONCURRENT freed 211K, 9% free 10760K/11719K, paused 2ms+3ms
07-05 14:40:10.910   545   548 D dalvikvm: GC_CONCURRENT freed 447K, 9% free 10779K/11719K, paused 1ms+3ms
07-05 14:40:11.231   545   548 D dalvikvm: GC_CONCURRENT freed 749K, 11% free 10490K/11719K, paused 2ms+3ms
07-05 14:40:11.504   545   548 D dalvikvm: GC_CONCURRENT freed 408K, 11% free 10472K/11719K, paused 2ms+2ms
07-05 14:40:11.684   156   330 D ConnectivityService: ConnectivityChange for mobile: CONNECTED/CONNECTED
07-05 14:40:11.711   156   330 D NetUtils: android_net_utils_resetConnections in env=0x6b2b60 clazz=0xa2d00001 iface=rmnet0 mask=0x3
07-05 14:40:11.711   156   330 D ConnectivityService: ConnectivityChange for mobile: DISCONNECTED/DISCONNECTED
07-05 14:40:11.711   156   330 D ConnectivityService: Attempting to switch to WIFI
07-05 14:40:11.711   156   330 D ConnectivityService: Attempting to switch to WIMAX
07-05 14:40:11.711   156   330 D ConnectivityService: Attempting to switch to BLUETOOTH_TETHER
07-05 14:40:11.711   156   330 D ConnectivityService: resetConnections(rmnet0, 3)
07-05 14:40:11.836   156   158 D dalvikvm: GC_CONCURRENT freed 1163K, 12% free 14167K/16007K, paused 2ms+6ms
07-05 14:40:11.840   545 16204 I DownloadManager: Initiating request for download 5752
07-05 14:40:11.926   156   568 D dalvikvm: GC_EXPLICIT freed 124K, 13% free 14071K/16007K, paused 2ms+7ms
07-05 14:40:12.067   545   548 D dalvikvm: GC_CONCURRENT freed 252K, 9% free 10665K/11719K, paused 1ms+3ms
07-05 14:40:12.180   545   548 D dalvikvm: GC_CONCURRENT freed 330K, 8% free 10815K/11719K, paused 2ms+3ms
07-05 14:40:12.403   545   548 D dalvikvm: GC_CONCURRENT freed 803K, 11% free 10495K/11719K, paused 3ms+2ms
07-05 14:40:12.438  1370 16207 E DictionaryProvider:UpdateHandler: Can't read a file : android.util.MalformedJsonException: Use JsonReader.setLenient(true) to accept malformed JSON at line 1 column 20
07-05 14:40:12.739   545   548 D dalvikvm: GC_CONCURRENT freed 407K, 11% free 10478K/11719K, paused 2ms+3ms
07-05 14:40:13.016   545   548 D dalvikvm: GC_CONCURRENT freed 411K, 11% free 10456K/11719K, paused 2ms+2ms
07-05 14:40:13.075   545 16210 I DownloadManager: Initiating request for download 5752
07-05 14:40:13.180   545   548 D dalvikvm: GC_CONCURRENT freed 178K, 9% free 10690K/11719K, paused 2ms+3ms
07-05 14:40:13.305   545   548 D dalvikvm: GC_CONCURRENT freed 320K, 8% free 10858K/11719K, paused 2ms+3ms
07-05 14:40:13.586   545   548 D dalvikvm: GC_CONCURRENT freed 867K, 11% free 10482K/11719K, paused 2ms+2ms
07-05 14:40:13.758   156   168 D AlarmManagerService: Kernel timezone updated to 240 minutes west of GMT
07-05 14:40:13.762   482   482 D SystemClock: Setting time of day to sec=1341513614
07-05 14:40:14.035   156   576 I ActivityManager: Start proc com.android.deskclock for broadcast com.android.deskclock/.AlarmInitReceiver: pid=16213 uid=10080 gids={}
07-05 14:40:14.070 16213 16213 I ActivityThread: Pub com.android.deskclock: com.android.deskclock.AlarmProvider
07-05 14:40:14.086 16213 16226 E SQLiteOpenHelper: Couldn't open alarms.db for writing (will try read-only):
07-05 14:40:14.086 16213 16226 E SQLiteOpenHelper: android.database.sqlite.SQLiteException: Can't downgrade database from version 7 to 5
07-05 14:40:14.086 16213 16226 E SQLiteOpenHelper: 	at android.database.sqlite.SQLiteOpenHelper.onDowngrade(SQLiteOpenHelper.java:307)
07-05 14:40:14.086 16213 16226 E SQLiteOpenHelper: 	at android.database.sqlite.SQLiteOpenHelper.getWritableDatabase(SQLiteOpenHelper.java:168)
07-05 14:40:14.086 16213 16226 E SQLiteOpenHelper: 	at android.database.sqlite.SQLiteOpenHelper.getReadableDatabase(SQLiteOpenHelper.java:231)
07-05 14:40:14.086 16213 16226 E SQLiteOpenHelper: 	at com.android.deskclock.AlarmProvider.query(AlarmProvider.java:72)
07-05 14:40:14.086 16213 16226 E SQLiteOpenHelper: 	at android.content.ContentProvider$Transport.query(ContentProvider.java:178)
07-05 14:40:14.086 16213 16226 E SQLiteOpenHelper: 	at android.content.ContentResolver.query(ContentResolver.java:311)
07-05 14:40:14.086 16213 16226 E SQLiteOpenHelper: 	at com.android.deskclock.Alarms.getFilteredAlarmsCursor(Alarms.java:143)
07-05 14:40:14.086 16213 16226 E SQLiteOpenHelper: 	at com.android.deskclock.Alarms.disableExpiredAlarms(Alarms.java:352)
07-05 14:40:14.086 16213 16226 E SQLiteOpenHelper: 	at com.android.deskclock.AlarmInitReceiver$1.run(AlarmInitReceiver.java:45)
07-05 14:40:14.086 16213 16226 E SQLiteOpenHelper: 	at android.os.Handler.handleCallback(Handler.java:605)
07-05 14:40:14.086 16213 16226 E SQLiteOpenHelper: 	at android.os.Handler.dispatchMessage(Handler.java:92)
07-05 14:40:14.086 16213 16226 E SQLiteOpenHelper: 	at android.os.Looper.loop(Looper.java:137)
07-05 14:40:14.086 16213 16226 E SQLiteOpenHelper: 	at android.os.HandlerThread.run(HandlerThread.java:60)
07-05 14:40:14.090 16213 16226 W dalvikvm: threadid=11: thread exiting with uncaught exception (group=0x40a5c1f8)
07-05 14:40:14.090 16213 16226 E AndroidRuntime: FATAL EXCEPTION: AsyncHandler
07-05 14:40:14.090 16213 16226 E AndroidRuntime: android.database.sqlite.SQLiteException: Can't upgrade read-only database from version 7 to 5: /data/data/com.android.deskclock/databases/alarms.db
07-05 14:40:14.090 16213 16226 E AndroidRuntime: 	at android.database.sqlite.SQLiteOpenHelper.getReadableDatabase(SQLiteOpenHelper.java:244)
07-05 14:40:14.090 16213 16226 E AndroidRuntime: 	at com.android.deskclock.AlarmProvider.query(AlarmProvider.java:72)
07-05 14:40:14.090 16213 16226 E AndroidRuntime: 	at android.content.ContentProvider$Transport.query(ContentProvider.java:178)
07-05 14:40:14.090 16213 16226 E AndroidRuntime: 	at android.content.ContentResolver.query(ContentResolver.java:311)
07-05 14:40:14.090 16213 16226 E AndroidRuntime: 	at com.android.deskclock.Alarms.getFilteredAlarmsCursor(Alarms.java:143)
07-05 14:40:14.090 16213 16226 E AndroidRuntime: 	at com.android.deskclock.Alarms.disableExpiredAlarms(Alarms.java:352)
07-05 14:40:14.090 16213 16226 E AndroidRuntime: 	at com.android.deskclock.AlarmInitReceiver$1.run(AlarmInitReceiver.java:45)
07-05 14:40:14.090 16213 16226 E AndroidRuntime: 	at android.os.Handler.handleCallback(Handler.java:605)
07-05 14:40:14.090 16213 16226 E AndroidRuntime: 	at android.os.Handler.dispatchMessage(Handler.java:92)
07-05 14:40:14.090 16213 16226 E AndroidRuntime: 	at android.os.Looper.loop(Looper.java:137)
07-05 14:40:14.090 16213 16226 E AndroidRuntime: 	at android.os.HandlerThread.run(HandlerThread.java:60)
07-05 14:40:14.121 16213 16226 I Process : Sending signal. PID: 16213 SIG: 9
07-05 14:40:14.129   156   168 I ActivityManager: Process com.android.deskclock (pid 16213) has died.
07-05 14:40:14.269   545   548 D dalvikvm: GC_CONCURRENT freed 409K, 11% free 10464K/11719K, paused 2ms+2ms
07-05 14:40:14.496   545 16229 I DownloadManager: Initiating request for download 5753
07-05 14:40:14.554   545   548 D dalvikvm: GC_CONCURRENT freed 347K, 11% free 10533K/11719K, paused 2ms+3ms
07-05 14:40:14.672   545   548 D dalvikvm: GC_CONCURRENT freed 197K, 9% free 10750K/11719K, paused 2ms+2ms
07-05 14:40:14.808   545   548 D dalvikvm: GC_CONCURRENT freed 457K, 9% free 10770K/11719K, paused 2ms+2ms
07-05 14:40:14.965  1370 16231 E DictionaryProvider:UpdateHandler: Can't read a file : android.util.MalformedJsonException: Use JsonReader.setLenient(true) to accept malformed JSON at line 1 column 20
07-05 14:40:14.988   156   333 D Tethering: MasterInitialState.processMessage what=3
07-05 14:40:15.008   156   333 D Tethering: MasterInitialState.processMessage what=3
07-05 14:40:15.019  1086  1105 D PicasaSyncManager: active network: NetworkInfo: type: WIFI[], state: CONNECTED/CONNECTED, reason: (unspecified), extra: (none), roaming: false, failover: false, isAvailable: true
07-05 14:40:15.019  1086  1105 D PicasaSyncManager: background data: true
07-05 14:40:15.050  1190  1190 I MediaUploader: No need to wake up
07-05 14:40:15.093  1190  1190 I MediaUploader: No need to wake up
07-05 14:40:15.101  1086  1105 D PicasaSyncManager: active network: NetworkInfo: type: WIFI[], state: CONNECTED/CONNECTED, reason: (unspecified), extra: (none), roaming: false, failover: false, isAvailable: true
07-05 14:40:15.101  1086  1105 D PicasaSyncManager: background data: true
07-05 14:40:15.261   545   548 D dalvikvm: GC_CONCURRENT freed 740K, 11% free 10488K/11719K, paused 2ms+2ms
07-05 14:40:15.531   545   548 D dalvikvm: GC_CONCURRENT freed 409K, 11% free 10464K/11719K, paused 2ms+2ms
07-05 14:40:15.683   545 16234 I DownloadManager: Initiating request for download 5753
07-05 14:40:15.789   545   548 D dalvikvm: GC_CONCURRENT freed 278K, 10% free 10648K/11719K, paused 2ms+3ms
07-05 14:40:15.906   545   548 D dalvikvm: GC_CONCURRENT freed 308K, 8% free 10816K/11719K, paused 2ms+3ms
07-05 14:40:16.101   545   548 D dalvikvm: GC_CONCURRENT freed 765K, 11% free 10526K/11719K, paused 2ms+2ms
07-05 14:40:16.386   545   548 D dalvikvm: GC_CONCURRENT freed 439K, 11% free 10478K/11719K, paused 1ms+2ms
07-05 14:40:16.656   545   548 D dalvikvm: GC_CONCURRENT freed 408K, 11% free 10460K/11719K, paused 2ms+2ms
07-05 14:40:16.761   545 16237 I DownloadManager: Initiating request for download 5754
07-05 14:40:16.867   545   548 D dalvikvm: GC_CONCURRENT freed 193K, 9% free 10703K/11719K, paused 2ms+2ms
07-05 14:40:16.988   545   548 D dalvikvm: GC_CONCURRENT freed 313K, 8% free 10879K/11719K, paused 2ms+3ms
07-05 14:40:17.203  1370 16239 E DictionaryProvider:UpdateHandler: Can't read a file : android.util.MalformedJsonException: Use JsonReader.setLenient(true) to accept malformed JSON at line 1 column 20
07-05 14:40:17.246  1370  1372 D dalvikvm: GC_CONCURRENT freed 390K, 7% free 9129K/9735K, paused 1ms+3ms
07-05 14:40:17.340   545   548 D dalvikvm: GC_CONCURRENT freed 881K, 11% free 10494K/11719K, paused 2ms+2ms
07-05 14:40:17.605   545   548 D dalvikvm: GC_CONCURRENT freed 410K, 11% free 10471K/11719K, paused 2ms+2ms
07-05 14:40:17.808   545 16242 I DownloadManager: Initiating request for download 5754
07-05 14:40:17.894   545   548 D dalvikvm: GC_CONCURRENT freed 350K, 11% free 10536K/11719K, paused 2ms+3ms
07-05 14:40:18.011   545   548 D dalvikvm: GC_CONCURRENT freed 209K, 9% free 10764K/11719K, paused 2ms+3ms
07-05 14:40:18.144   545   548 D dalvikvm: GC_CONCURRENT freed 455K, 9% free 10778K/11719K, paused 2ms+3ms
07-05 14:40:18.461   545   548 D dalvikvm: GC_CONCURRENT freed 753K, 11% free 10491K/11719K, paused 2ms+2ms
07-05 14:40:18.730   545   548 D dalvikvm: GC_CONCURRENT freed 416K, 11% free 10465K/11719K, paused 1ms+3ms
07-05 14:40:18.890   545 16245 I DownloadManager: Initiating request for download 5755
07-05 14:40:18.992   545   548 D dalvikvm: GC_CONCURRENT freed 239K, 9% free 10718K/11719K, paused 3ms+3ms
07-05 14:40:19.140   545   548 D dalvikvm: GC_CONCURRENT freed 353K, 8% free 10861K/11719K, paused 1ms+3ms
07-05 14:40:19.347  1370 16248 E DictionaryProvider:UpdateHandler: Can't read a file : android.util.MalformedJsonException: Use JsonReader.setLenient(true) to accept malformed JSON at line 1 column 20
07-05 14:40:19.363   156   167 D AlarmManagerService: Kernel timezone updated to 240 minutes west of GMT
07-05 14:40:19.449   545   548 D dalvikvm: GC_CONCURRENT freed 845K, 11% free 10507K/11719K, paused 2ms+3ms
07-05 14:40:19.715   545   548 D dalvikvm: GC_CONCURRENT freed 423K, 11% free 10475K/11719K, paused 2ms+2ms
07-05 14:40:19.937   545 16251 I DownloadManager: Initiating request for download 5755
07-05 14:40:20.008   545   548 D dalvikvm: GC_CONCURRENT freed 403K, 9% free 10680K/11719K, paused 1ms+2ms
07-05 14:40:20.136   545   548 D dalvikvm: GC_CONCURRENT freed 322K, 8% free 10835K/11719K, paused 1ms+3ms
07-05 14:40:20.359   545   548 D dalvikvm: GC_CONCURRENT freed 825K, 11% free 10496K/11719K, paused 2ms+2ms
07-05 14:40:20.636   545   548 D dalvikvm: GC_CONCURRENT freed 405K, 11% free 10481K/11719K, paused 2ms+2ms
07-05 14:40:20.918   545   548 D dalvikvm: GC_CONCURRENT freed 408K, 11% free 10463K/11719K, paused 2ms+2ms
07-05 14:40:21.000   545 16254 I DownloadManager: Initiating request for download 5756
07-05 14:40:21.105   545   548 D dalvikvm: GC_CONCURRENT freed 188K, 9% free 10713K/11719K, paused 2ms+3ms
07-05 14:40:21.238   545   548 D dalvikvm: GC_CONCURRENT freed 317K, 8% free 10872K/11719K, paused 2ms+3ms
07-05 14:40:21.379   482   482 D SAN_SERVICE: *******************************************
07-05 14:40:21.379   482   482 D SAN_SERVICE: DM App Phone Service State - 0
07-05 14:40:21.379   482   482 D SAN_SERVICE: *******************************************
07-05 14:40:21.449  1370 16256 E DictionaryProvider:UpdateHandler: Can't read a file : android.util.MalformedJsonException: Use JsonReader.setLenient(true) to accept malformed JSON at line 1 column 20
07-05 14:40:21.566   545   548 D dalvikvm: GC_CONCURRENT freed 870K, 11% free 10498K/11719K, paused 2ms+2ms
07-05 14:40:21.832   545   548 D dalvikvm: GC_CONCURRENT freed 415K, 11% free 10474K/11719K, paused 2ms+2ms
07-05 14:40:22.023   545 16259 I DownloadManager: Initiating request for download 5756
07-05 14:40:22.086   545   548 D dalvikvm: GC_CONCURRENT freed 347K, 11% free 10534K/11719K, paused 2ms+3ms
07-05 14:40:22.195   545   548 D dalvikvm: GC_CONCURRENT freed 204K, 9% free 10766K/11719K, paused 1ms+2ms
07-05 14:40:22.336   545   548 D dalvikvm: GC_CONCURRENT freed 452K, 8% free 10782K/11719K, paused 1ms+2ms
07-05 14:40:22.633   545   548 D dalvikvm: GC_CONCURRENT freed 721K, 11% free 10523K/11719K, paused 1ms+2ms
07-05 14:40:22.898   545   548 D dalvikvm: GC_CONCURRENT freed 405K, 11% free 10508K/11719K, paused 2ms+2ms
07-05 14:40:23.371   545 16261 I DownloadManager: Initiating request for download 5757
07-05 14:40:23.535   545   548 D dalvikvm: GC_CONCURRENT freed 283K, 9% free 10670K/11719K, paused 3ms+3ms
07-05 14:40:23.656   545   548 D dalvikvm: GC_CONCURRENT freed 315K, 8% free 10822K/11719K, paused 2ms+3ms
07-05 14:40:23.855   545   548 D dalvikvm: GC_CONCURRENT freed 767K, 11% free 10542K/11719K, paused 2ms+2ms
07-05 14:40:23.914  1370 16264 E DictionaryProvider:UpdateHandler: Can't read a file : android.util.MalformedJsonException: Use JsonReader.setLenient(true) to accept malformed JSON at line 1 column 20
07-05 14:40:24.168   482   482 D SAN_SERVICE: *******************************************
07-05 14:40:24.168   482   482 D SAN_SERVICE: DM App Phone Service State - 0
07-05 14:40:24.168   482   482 D SAN_SERVICE: *******************************************
07-05 14:40:24.183   545   548 D dalvikvm: GC_CONCURRENT freed 437K, 11% free 10495K/11719K, paused 1ms+2ms
07-05 14:40:24.449   545   548 D dalvikvm: GC_CONCURRENT freed 416K, 11% free 10470K/11719K, paused 2ms+3ms
07-05 14:40:24.523   545 16267 I DownloadManager: Initiating request for download 5757
07-05 14:40:24.636   545   548 D dalvikvm: GC_CONCURRENT freed 197K, 9% free 10709K/11719K, paused 2ms+3ms
07-05 14:40:24.758   545   548 D dalvikvm: GC_CONCURRENT freed 325K, 8% free 10886K/11719K, paused 2ms+3ms
07-05 14:40:25.050   545   548 D dalvikvm: GC_CONCURRENT freed 890K, 11% free 10495K/11719K, paused 2ms+2ms
07-05 14:40:25.343   545   548 D dalvikvm: GC_CONCURRENT freed 405K, 11% free 10478K/11719K, paused 1ms+2ms
07-05 14:40:25.566   545 16270 I DownloadManager: Initiating request for download 5758
07-05 14:40:25.629   545   548 D dalvikvm: GC_CONCURRENT freed 327K, 10% free 10591K/11719K, paused 2ms+3ms
07-05 14:40:25.754   545   548 D dalvikvm: GC_CONCURRENT freed 245K, 8% free 10794K/11719K, paused 2ms+3ms
07-05 14:40:25.902   545   548 D dalvikvm: GC_CONCURRENT freed 724K, 11% free 10543K/11719K, paused 2ms+2ms
07-05 14:40:25.996  1370 16272 E DictionaryProvider:UpdateHandler: Can't read a file : android.util.MalformedJsonException: Use JsonReader.setLenient(true) to accept malformed JSON at line 1 column 20
07-05 14:40:26.035  1370  1372 D dalvikvm: GC_CONCURRENT freed 387K, 7% free 9133K/9735K, paused 1ms+3ms
07-05 14:40:26.242   545   548 D dalvikvm: GC_CONCURRENT freed 429K, 11% free 10504K/11719K, paused 2ms+2ms
07-05 14:40:26.519   545   548 D dalvikvm: GC_CONCURRENT freed 417K, 11% free 10477K/11719K, paused 2ms+3ms
07-05 14:40:26.777   156   628 D dalvikvm: GC_EXPLICIT freed 1000K, 12% free 14120K/16007K, paused 2ms+6ms
07-05 14:40:26.800   545 16275 D dalvikvm: GC_EXPLICIT freed 226K, 11% free 10524K/11719K, paused 2ms+8ms
07-05 14:40:26.804   545 16275 I DownloadManager: Initiating request for download 5758
07-05 14:40:26.945   545   548 D dalvikvm: GC_CONCURRENT freed 234K, 8% free 10783K/11719K, paused 2ms+4ms
07-05 14:40:27.082   545   548 D dalvikvm: GC_CONCURRENT freed 499K, 8% free 10787K/11719K, paused 2ms+2ms
07-05 14:40:27.414   545   548 D dalvikvm: GC_CONCURRENT freed 774K, 11% free 10480K/11719K, paused 2ms+2ms
07-05 14:40:27.687   545   548 D dalvikvm: GC_CONCURRENT freed 409K, 11% free 10462K/11719K, paused 2ms+3ms
07-05 14:40:27.808   545 16278 I DownloadManager: Initiating request for download 5759
07-05 14:40:27.902   545   548 D dalvikvm: GC_CONCURRENT freed 218K, 9% free 10677K/11719K, paused 2ms+3ms
07-05 14:40:28.023   545   548 D dalvikvm: GC_CONCURRENT freed 302K, 8% free 10852K/11719K, paused 1ms+2ms
07-05 14:40:28.215  1370 16280 E DictionaryProvider:UpdateHandler: Can't read a file : android.util.MalformedJsonException: Use JsonReader.setLenient(true) to accept malformed JSON at line 1 column 20
07-05 14:40:28.308   545   548 D dalvikvm: GC_CONCURRENT freed 837K, 11% free 10501K/11719K, paused 2ms+2ms
07-05 14:40:28.574   545   548 D dalvikvm: GC_CONCURRENT freed 416K, 11% free 10476K/11719K, paused 1ms+2ms
07-05 14:40:28.840   545   548 D dalvikvm: GC_CONCURRENT freed 406K, 11% free 10461K/11719K, paused 2ms+2ms
07-05 14:40:28.875   545 16283 I DownloadManager: Initiating request for download 5759
07-05 14:40:28.984   545   548 D dalvikvm: GC_CONCURRENT freed 175K, 9% free 10722K/11719K, paused 2ms+3ms
07-05 14:40:29.101   545   548 D dalvikvm: GC_CONCURRENT freed 314K, 8% free 10885K/11719K, paused 2ms+2ms
07-05 14:40:29.402   545   548 D dalvikvm: GC_CONCURRENT freed 897K, 11% free 10488K/11719K, paused 2ms+2ms
07-05 14:40:29.672   545   548 D dalvikvm: GC_CONCURRENT freed 409K, 11% free 10470K/11719K, paused 2ms+2ms
07-05 14:40:29.871   545 16286 I DownloadManager: Initiating request for download 5760
07-05 14:40:29.965   545   548 D dalvikvm: GC_CONCURRENT freed 305K, 10% free 10608K/11719K, paused 2ms+3ms
07-05 14:40:30.078   545   548 D dalvikvm: GC_CONCURRENT freed 273K, 8% free 10797K/11719K, paused 2ms+3ms
07-05 14:40:30.238   545   548 D dalvikvm: GC_CONCURRENT freed 733K, 11% free 10534K/11719K, paused 2ms+3ms
07-05 14:40:30.332  1370 16288 E DictionaryProvider:UpdateHandler: Can't read a file : android.util.MalformedJsonException: Use JsonReader.setLenient(true) to accept malformed JSON at line 1 column 20
07-05 14:40:30.558   545   548 D dalvikvm: GC_CONCURRENT freed 430K, 11% free 10495K/11719K, paused 2ms+3ms
07-05 14:40:30.824   545   548 D dalvikvm: GC_CONCURRENT freed 416K, 11% free 10469K/11719K, paused 1ms+2ms
07-05 14:40:30.949   545 16291 I DownloadManager: Initiating request for download 5760
07-05 14:40:31.039   545   548 D dalvikvm: GC_CONCURRENT freed 244K, 10% free 10665K/11719K, paused 1ms+3ms
07-05 14:40:31.164   545   548 D dalvikvm: GC_CONCURRENT freed 309K, 8% free 10836K/11719K, paused 2ms+3ms
07-05 14:40:31.398   545   548 D dalvikvm: GC_CONCURRENT freed 818K, 11% free 10502K/11719K, paused 2ms+2ms
07-05 14:40:31.675   545   548 D dalvikvm: GC_CONCURRENT freed 413K, 11% free 10479K/11719K, paused 2ms+2ms
07-05 14:40:31.941   545   548 D dalvikvm: GC_CONCURRENT freed 403K, 11% free 10466K/11719K, paused 2ms+3ms
07-05 14:40:32.015   545 16294 I DownloadManager: Initiating request for download 5761
07-05 14:40:32.277   545   548 D dalvikvm: GC_CONCURRENT freed 347K, 11% free 10510K/11719K, paused 2ms+2ms
07-05 14:40:32.547   545   548 D dalvikvm: GC_CONCURRENT freed 410K, 11% free 10520K/11719K, paused 2ms+2ms
07-05 14:40:32.660   545   548 D dalvikvm: GC_CONCURRENT freed 231K, 9% free 10741K/11719K, paused 1ms+3ms
07-05 14:40:32.781   545   548 D dalvikvm: GC_CONCURRENT freed 456K, 9% free 10759K/11719K, paused 2ms+2ms
07-05 14:40:32.933  1370 16296 E DictionaryProvider:UpdateHandler: Can't read a file : android.util.MalformedJsonException: Use JsonReader.setLenient(true) to accept malformed JSON at line 1 column 20
07-05 14:40:33.039   545 16299 I DownloadManager: Initiating request for download 5761
07-05 14:40:33.109   545   548 D dalvikvm: GC_CONCURRENT freed 696K, 10% free 10631K/11719K, paused 2ms+3ms
07-05 14:40:33.234   545   548 D dalvikvm: GC_CONCURRENT freed 278K, 8% free 10805K/11719K, paused 2ms+2ms
07-05 14:40:33.406   545   548 D dalvikvm: GC_CONCURRENT freed 747K, 11% free 10535K/11719K, paused 2ms+2ms
07-05 14:40:33.691   545   548 D dalvikvm: GC_CONCURRENT freed 433K, 11% free 10489K/11719K, paused 2ms+2ms
07-05 14:40:33.957   545   548 D dalvikvm: GC_CONCURRENT freed 408K, 11% free 10471K/11719K, paused 1ms+2ms
07-05 14:40:34.097   545 16302 I DownloadManager: Initiating request for download 5762
07-05 14:40:34.199   545   548 D dalvikvm: GC_CONCURRENT freed 230K, 9% free 10674K/11719K, paused 2ms+2ms
07-05 14:40:34.320   545   548 D dalvikvm: GC_CONCURRENT freed 322K, 8% free 10836K/11719K, paused 2ms+3ms
07-05 14:40:34.527   545   548 D dalvikvm: GC_CONCURRENT freed 816K, 11% free 10506K/11719K, paused 1ms+2ms
07-05 14:40:34.793   545   548 D dalvikvm: GC_CONCURRENT freed 406K, 11% free 10490K/11719K, paused 1ms+3ms
07-05 14:40:34.836  1370 16304 E DictionaryProvider:UpdateHandler: Can't read a file : android.util.MalformedJsonException: Use JsonReader.setLenient(true) to accept malformed JSON at line 1 column 20
07-05 14:40:34.863  1370  1372 D dalvikvm: GC_CONCURRENT freed 397K, 7% free 9127K/9735K, paused 1ms+2ms
07-05 14:40:35.121   545   548 D dalvikvm: GC_CONCURRENT freed 404K, 11% free 10476K/11719K, paused 2ms+3ms
07-05 14:40:35.179   545 16307 I DownloadManager: Initiating request for download 5762
07-05 14:40:35.293   545   548 D dalvikvm: GC_CONCURRENT freed 196K, 9% free 10717K/11719K, paused 2ms+3ms
07-05 14:40:35.414   545   548 D dalvikvm: GC_CONCURRENT freed 311K, 8% free 10880K/11719K, paused 2ms+3ms
07-05 14:40:35.691   545   548 D dalvikvm: GC_CONCURRENT freed 848K, 11% free 10532K/11719K, paused 2ms+2ms
07-05 14:40:35.953   545   548 D dalvikvm: GC_CONCURRENT freed 405K, 11% free 10518K/11719K, paused 2ms+2ms
07-05 14:40:36.215   545 16310 I DownloadManager: Initiating request for download 5763
07-05 14:40:36.281   545   548 D dalvikvm: GC_CONCURRENT freed 376K, 11% free 10545K/11719K, paused 2ms+3ms
07-05 14:40:36.410   545   548 D dalvikvm: GC_CONCURRENT freed 210K, 9% free 10772K/11719K, paused 2ms+2ms
07-05 14:40:36.554   545   548 D dalvikvm: GC_CONCURRENT freed 465K, 8% free 10813K/11719K, paused 2ms+2ms
07-05 14:40:36.695  1370 16312 E DictionaryProvider:UpdateHandler: Can't read a file : android.util.MalformedJsonException: Use JsonReader.setLenient(true) to accept malformed JSON at line 1 column 20
07-05 14:40:36.906   545   548 D dalvikvm: GC_CONCURRENT freed 787K, 11% free 10502K/11719K, paused 2ms+2ms
07-05 14:40:37.183   545   548 D dalvikvm: GC_CONCURRENT freed 416K, 11% free 10477K/11719K, paused 1ms+2ms
07-05 14:40:37.304   545 16315 I DownloadManager: Initiating request for download 5763
07-05 14:40:37.422   545   548 D dalvikvm: GC_CONCURRENT freed 242K, 9% free 10676K/11719K, paused 1ms+3ms
07-05 14:40:37.539   545   548 D dalvikvm: GC_CONCURRENT freed 310K, 8% free 10829K/11719K, paused 2ms+3ms
07-05 14:40:37.730   545   548 D dalvikvm: GC_CONCURRENT freed 772K, 11% free 10541K/11719K, paused 1ms+2ms
07-05 14:40:38.019   545   548 D dalvikvm: GC_CONCURRENT freed 437K, 11% free 10494K/11719K, paused 2ms+3ms
07-05 14:40:38.273   545   548 D dalvikvm: GC_CONCURRENT freed 408K, 11% free 10474K/11719K, paused 2ms+2ms
07-05 14:40:38.355   545 16318 I DownloadManager: Initiating request for download 5764
07-05 14:40:38.476   545   548 D dalvikvm: GC_CONCURRENT freed 192K, 9% free 10719K/11719K, paused 1ms+3ms
07-05 14:40:38.593   545   548 D dalvikvm: GC_CONCURRENT freed 335K, 8% free 10881K/11719K, paused 2ms+4ms
07-05 14:40:38.785  1370 16320 E DictionaryProvider:UpdateHandler: Can't read a file : android.util.MalformedJsonException: Use JsonReader.setLenient(true) to accept malformed JSON at line 1 column 20
07-05 14:40:38.902   545   548 D dalvikvm: GC_CONCURRENT freed 870K, 11% free 10510K/11719K, paused 2ms+3ms
07-05 14:40:39.175   545   548 D dalvikvm: GC_CONCURRENT freed 414K, 11% free 10486K/11719K, paused 2ms+2ms
07-05 14:40:39.375   545 16323 I DownloadManager: Initiating request for download 5764
07-05 14:40:39.437   545   548 D dalvikvm: GC_CONCURRENT freed 361K, 10% free 10548K/11719K, paused 2ms+3ms
07-05 14:40:39.558   545   548 D dalvikvm: GC_CONCURRENT freed 204K, 9% free 10777K/11719K, paused 2ms+3ms
07-05 14:40:39.699   545   548 D dalvikvm: GC_CONCURRENT freed 476K, 8% free 10796K/11719K, paused 2ms+2ms
07-05 14:40:40.019   545   548 D dalvikvm: GC_CONCURRENT freed 767K, 11% free 10499K/11719K, paused 2ms+2ms
07-05 14:40:40.293   545   548 D dalvikvm: GC_CONCURRENT freed 409K, 11% free 10480K/11719K, paused 2ms+2ms
07-05 14:40:40.445   545 16326 I DownloadManager: Initiating request for download 5765
07-05 14:40:40.550   545   548 D dalvikvm: GC_CONCURRENT freed 240K, 9% free 10679K/11719K, paused 1ms+3ms
07-05 14:40:40.672   545   548 D dalvikvm: GC_CONCURRENT freed 325K, 8% free 10839K/11719K, paused 2ms+3ms
07-05 14:40:40.871   545   548 D dalvikvm: GC_CONCURRENT freed 812K, 11% free 10514K/11719K, paused 2ms+2ms
07-05 14:40:40.918  1370 16328 E DictionaryProvider:UpdateHandler: Can't read a file : android.util.MalformedJsonException: Use JsonReader.setLenient(true) to accept malformed JSON at line 1 column 20
07-05 14:40:41.187   545   548 D dalvikvm: GC_CONCURRENT freed 400K, 11% free 10505K/11719K, paused 2ms+2ms
07-05 14:40:41.457   545   548 D dalvikvm: GC_CONCURRENT freed 409K, 11% free 10481K/11719K, paused 2ms+3ms
07-05 14:40:41.523   545 16331 I DownloadManager: Initiating request for download 5765
07-05 14:40:41.765   545   548 D dalvikvm: GC_CONCURRENT freed 326K, 11% free 10546K/11719K, paused 1ms+3ms
07-05 14:40:42.043   545   548 D dalvikvm: GC_CONCURRENT freed 408K, 11% free 10528K/11719K, paused 1ms+2ms
07-05 14:40:42.312   545   548 D dalvikvm: GC_CONCURRENT freed 403K, 11% free 10516K/11719K, paused 2ms+2ms
07-05 14:40:42.386   545 16333 I DownloadManager: Initiating request for download 5766
07-05 14:40:42.640   545   548 D dalvikvm: GC_CONCURRENT freed 346K, 10% free 10560K/11719K, paused 2ms+2ms
07-05 14:40:42.906   545   548 D dalvikvm: GC_CONCURRENT freed 413K, 11% free 10538K/11719K, paused 2ms+3ms
07-05 14:40:53.410   545   548 D dalvikvm: GC_CONCURRENT freed 412K, 11% free 10536K/11719K, paused 14ms+2ms
07-05 14:40:53.496   545   548 D dalvikvm: GC_CONCURRENT freed 194K, 9% free 10757K/11719K, paused 2ms+2ms
07-05 14:40:53.597   545   548 D dalvikvm: GC_CONCURRENT freed 438K, 9% free 10780K/11719K, paused 2ms+2ms
07-05 14:40:55.207   545   548 D dalvikvm: GC_CONCURRENT freed 700K, 11% free 10545K/11719K, paused 2ms+2ms
07-05 14:40:55.476   545   548 D dalvikvm: GC_CONCURRENT freed 405K, 11% free 10527K/11719K, paused 2ms+2ms
07-05 14:40:55.789   545   548 D dalvikvm: GC_CONCURRENT freed 359K, 10% free 10554K/11719K, paused 1ms+3ms
07-05 14:40:56.062   545   548 D dalvikvm: GC_CONCURRENT freed 406K, 11% free 10538K/11719K, paused 2ms+2ms
07-05 14:40:56.336   545   548 D dalvikvm: GC_CONCURRENT freed 405K, 11% free 10525K/11719K, paused 2ms+2ms
07-05 14:40:56.922   545   548 D dalvikvm: GC_CONCURRENT freed 312K, 10% free 10650K/11719K, paused 2ms+2ms
07-05 14:40:57.011   545   548 D dalvikvm: GC_CONCURRENT freed 296K, 8% free 10823K/11719K, paused 2ms+3ms
07-05 14:40:57.285  1370 16338 E DictionaryProvider:UpdateHandler: Can't read a file : android.util.MalformedJsonException: Use JsonReader.setLenient(true) to accept malformed JSON at line 1 column 20
07-05 14:40:57.320  1370  1372 D dalvikvm: GC_CONCURRENT freed 387K, 7% free 9128K/9735K, paused 2ms+3ms
07-05 14:40:57.457   545   548 D dalvikvm: GC_CONCURRENT freed 778K, 11% free 10520K/11719K, paused 2ms+2ms
07-05 14:40:57.718   545   548 D dalvikvm: GC_CONCURRENT freed 413K, 11% free 10496K/11719K, paused 2ms+2ms
07-05 14:40:57.984   545   548 D dalvikvm: GC_CONCURRENT freed 402K, 11% free 10484K/11719K, paused 2ms+2ms
07-05 14:40:58.070   545 16341 I DownloadManager: Initiating request for download 5766
07-05 14:40:58.070   545 16341 W DownloadManager: Aborting request for download 5766: Trying to resume a download that can't be resumed
07-05 14:40:58.199   156   167 D dalvikvm: GC_EXPLICIT freed 497K, 12% free 14096K/16007K, paused 3ms+7ms
07-05 14:40:58.429   545   548 D dalvikvm: GC_CONCURRENT freed 358K, 11% free 10517K/11719K, paused 2ms+2ms
07-05 14:40:58.695   545   548 D dalvikvm: GC_CONCURRENT freed 428K, 11% free 10480K/11719K, paused 2ms+2ms
07-05 14:40:58.961   545   548 D dalvikvm: GC_CONCURRENT freed 402K, 11% free 10468K/11719K, paused 2ms+2ms
07-05 14:40:59.050   545 16344 I DownloadManager: Initiating request for download 5767
07-05 14:40:59.172   545   548 D dalvikvm: GC_CONCURRENT freed 184K, 9% free 10719K/11719K, paused 2ms+3ms
07-05 14:40:59.297   545   548 D dalvikvm: GC_CONCURRENT freed 334K, 8% free 10884K/11719K, paused 2ms+2ms
07-05 14:40:59.504  1370 16346 D dalvikvm: GC_EXPLICIT freed 100K, 7% free 9098K/9735K, paused 2ms+2ms
07-05 14:40:59.519  1370 16346 E DictionaryProvider:UpdateHandler: Can't read a file : android.util.MalformedJsonException: Use JsonReader.setLenient(true) to accept malformed JSON at line 1 column 20
07-05 14:40:59.636   545   548 D dalvikvm: GC_CONCURRENT freed 878K, 11% free 10504K/11719K, paused 2ms+2ms
07-05 14:40:59.906   545   548 D dalvikvm: GC_CONCURRENT freed 411K, 11% free 10485K/11719K, paused 2ms+2ms
07-05 14:41:00.133   545 16349 I DownloadManager: Initiating request for download 5767
07-05 14:41:00.187   545   548 D dalvikvm: GC_CONCURRENT freed 353K, 11% free 10546K/11719K, paused 2ms+3ms
07-05 14:41:00.304   545   548 D dalvikvm: GC_CONCURRENT freed 208K, 9% free 10775K/11719K, paused 2ms+3ms
07-05 14:41:00.457   545   548 D dalvikvm: GC_CONCURRENT freed 469K, 8% free 10791K/11719K, paused 2ms+2ms
07-05 14:41:00.758   545   548 D dalvikvm: GC_CONCURRENT freed 766K, 11% free 10494K/11719K, paused 2ms+3ms
07-05 14:41:01.023   545   548 D dalvikvm: GC_CONCURRENT freed 411K, 11% free 10473K/11719K, paused 2ms+2ms
07-05 14:41:01.179   545 16352 I DownloadManager: Initiating request for download 5768
07-05 14:41:01.269   545   548 D dalvikvm: GC_CONCURRENT freed 242K, 9% free 10669K/11719K, paused 2ms+3ms
07-05 14:41:01.398   545   548 D dalvikvm: GC_CONCURRENT freed 300K, 8% free 10834K/11719K, paused 2ms+2ms
07-05 14:41:01.597   545   548 D dalvikvm: GC_CONCURRENT freed 812K, 11% free 10508K/11719K, paused 2ms+2ms
07-05 14:41:01.640  1370 16354 E DictionaryProvider:UpdateHandler: Can't read a file : android.util.MalformedJsonException: Use JsonReader.setLenient(true) to accept malformed JSON at line 1 column 20
07-05 14:41:01.906   545   548 D dalvikvm: GC_CONCURRENT freed 399K, 11% free 10499K/11719K, paused 2ms+3ms
07-05 14:41:02.168   545   548 D dalvikvm: GC_CONCURRENT freed 416K, 11% free 10474K/11719K, paused 1ms+2ms
07-05 14:41:02.261   545 16357 I DownloadManager: Initiating request for download 5768
07-05 14:41:02.453   545   548 D dalvikvm: GC_CONCURRENT freed 275K, 10% free 10659K/11719K, paused 2ms+2ms
07-05 14:41:02.566   545   548 D dalvikvm: GC_CONCURRENT freed 321K, 8% free 10816K/11719K, paused 2ms+3ms
07-05 14:41:02.758   545   548 D dalvikvm: GC_CONCURRENT freed 760K, 11% free 10535K/11719K, paused 2ms+2ms
07-05 14:41:03.039   545   548 D dalvikvm: GC_CONCURRENT freed 436K, 11% free 10489K/11719K, paused 2ms+3ms
07-05 14:41:03.324   545 16360 I DownloadManager: Initiating request for download 5769
07-05 14:41:03.343   545   548 D dalvikvm: GC_CONCURRENT freed 405K, 11% free 10495K/11719K, paused 2ms+4ms
07-05 14:41:03.480   545   548 D dalvikvm: GC_CONCURRENT freed 182K, 9% free 10760K/11719K, paused 2ms+2ms
07-05 14:41:03.605   545   548 D dalvikvm: GC_CONCURRENT freed 430K, 8% free 10796K/11719K, paused 2ms+2ms
07-05 14:41:03.777  1370 16362 E DictionaryProvider:UpdateHandler: Can't read a file : android.util.MalformedJsonException: Use JsonReader.setLenient(true) to accept malformed JSON at line 1 column 20
07-05 14:41:03.933   545   548 D dalvikvm: GC_CONCURRENT freed 760K, 11% free 10507K/11719K, paused 2ms+3ms
07-05 14:41:04.195   545   548 D dalvikvm: GC_CONCURRENT freed 414K, 11% free 10483K/11719K, paused 2ms+2ms
07-05 14:41:04.367   545 16365 I DownloadManager: Initiating request for download 5769
07-05 14:41:04.437   545   548 D dalvikvm: GC_CONCURRENT freed 314K, 10% free 10629K/11719K, paused 2ms+3ms
07-05 14:41:04.558   545   548 D dalvikvm: GC_CONCURRENT freed 277K, 8% free 10820K/11719K, paused 2ms+3ms
07-05 14:41:04.730   545   548 D dalvikvm: GC_CONCURRENT freed 757K, 11% free 10547K/11719K, paused 2ms+3ms
07-05 14:41:05.019   545   548 D dalvikvm: GC_CONCURRENT freed 439K, 11% free 10499K/11719K, paused 2ms+2ms
07-05 14:41:05.293   545   548 D dalvikvm: GC_CONCURRENT freed 408K, 11% free 10481K/11719K, paused 2ms+3ms
07-05 14:41:05.441   545 16368 I DownloadManager: Initiating request for download 5770
07-05 14:41:05.535   545   548 D dalvikvm: GC_CONCURRENT freed 240K, 9% free 10694K/11719K, paused 2ms+3ms
07-05 14:41:05.668   545   548 D dalvikvm: GC_CONCURRENT freed 297K, 7% free 10924K/11719K, paused 2ms+2ms
07-05 14:41:05.851  1370 16370 E DictionaryProvider:UpdateHandler: Can't read a file : android.util.MalformedJsonException: Use JsonReader.setLenient(true) to accept malformed JSON at line 1 column 20
07-05 14:41:05.976   545   548 D dalvikvm: GC_CONCURRENT freed 923K, 11% free 10513K/11719K, paused 2ms+3ms
07-05 14:41:06.246   545   548 D dalvikvm: GC_CONCURRENT freed 415K, 11% free 10488K/11719K, paused 1ms+2ms
07-05 14:41:06.468   545 16373 I DownloadManager: Initiating request for download 5770
07-05 14:41:06.531   545   548 D dalvikvm: GC_CONCURRENT freed 401K, 11% free 10538K/11719K, paused 2ms+2ms
07-05 14:41:06.644   545   548 D dalvikvm: GC_CONCURRENT freed 197K, 9% free 10777K/11719K, paused 2ms+3ms
07-05 14:41:06.781   545   548 D dalvikvm: GC_CONCURRENT freed 461K, 8% free 10802K/11719K, paused 2ms+2ms
07-05 14:41:07.101   545   548 D dalvikvm: GC_CONCURRENT freed 770K, 11% free 10511K/11719K, paused 2ms+2ms
07-05 14:41:07.367   545   548 D dalvikvm: GC_CONCURRENT freed 416K, 11% free 10484K/11719K, paused 2ms+3ms
07-05 14:41:07.531   545 16376 I DownloadManager: Initiating request for download 5771
07-05 14:41:07.656   545   548 D dalvikvm: GC_CONCURRENT freed 253K, 9% free 10676K/11719K, paused 2ms+3ms
07-05 14:41:07.769   545   548 D dalvikvm: GC_CONCURRENT freed 326K, 8% free 10836K/11719K, paused 2ms+3ms
07-05 14:41:07.957   545   548 D dalvikvm: GC_CONCURRENT freed 772K, 10% free 10549K/11719K, paused 2ms+2ms
07-05 14:41:08.027  1370 16378 E DictionaryProvider:UpdateHandler: Can't read a file : android.util.MalformedJsonException: Use JsonReader.setLenient(true) to accept malformed JSON at line 1 column 20
07-05 14:41:08.054  1370  1372 D dalvikvm: GC_CONCURRENT freed 376K, 7% free 9139K/9735K, paused 1ms+2ms
07-05 14:41:08.109   465   467 D dalvikvm: GC_CONCURRENT freed 385K, 6% free 10505K/11143K, paused 1ms+2ms
07-05 14:41:08.320   545   548 D dalvikvm: GC_CONCURRENT freed 431K, 11% free 10509K/11719K, paused 2ms+3ms
07-05 14:41:08.582   545   548 D dalvikvm: GC_CONCURRENT freed 416K, 11% free 10484K/11719K, paused 2ms+2ms
07-05 14:41:08.660   545 16381 I DownloadManager: Initiating request for download 5771
07-05 14:41:08.765   545   548 D dalvikvm: GC_CONCURRENT freed 208K, 9% free 10711K/11719K, paused 2ms+2ms
07-05 14:41:08.890   545   548 D dalvikvm: GC_CONCURRENT freed 325K, 8% free 10882K/11719K, paused 1ms+3ms
07-05 14:41:09.152   545   548 D dalvikvm: GC_CONCURRENT freed 871K, 11% free 10510K/11719K, paused 2ms+3ms
07-05 14:41:09.414   545   548 D dalvikvm: GC_CONCURRENT freed 403K, 11% free 10495K/11719K, paused 2ms+2ms
07-05 14:41:09.746   545 16384 D dalvikvm: GC_EXPLICIT freed 376K, 11% free 10539K/11719K, paused 2ms+8ms
07-05 14:41:09.754   545 16384 I DownloadManager: Initiating request for download 5772
07-05 14:41:09.886   545   548 D dalvikvm: GC_CONCURRENT freed 223K, 9% free 10777K/11719K, paused 2ms+3ms
07-05 14:41:10.015   545   548 D dalvikvm: GC_CONCURRENT freed 460K, 8% free 10804K/11719K, paused 2ms+2ms
07-05 14:41:10.293   545   548 D dalvikvm: GC_CONCURRENT freed 736K, 11% free 10541K/11719K, paused 2ms+2ms
07-05 14:41:10.566   545   548 D dalvikvm: GC_CONCURRENT freed 404K, 11% free 10527K/11719K, paused 2ms+3ms
07-05 14:41:11.324   545   548 D dalvikvm: GC_CONCURRENT freed 369K, 10% free 10549K/11719K, paused 1ms+3ms
07-05 14:41:11.586   545   548 D dalvikvm: GC_CONCURRENT freed 404K, 11% free 10532K/11719K, paused 2ms+2ms
07-05 14:41:11.656  1370 16386 E DictionaryProvider:UpdateHandler: Can't read a file : android.util.MalformedJsonException: Use JsonReader.setLenient(true) to accept malformed JSON at line 1 column 20
07-05 14:41:11.906   545   548 D dalvikvm: GC_CONCURRENT freed 421K, 11% free 10503K/11719K, paused 2ms+2ms
07-05 14:41:12.031   545 16389 I DownloadManager: Initiating request for download 5772
07-05 14:41:12.031   545 16389 W DownloadManager: Aborting request for download 5772: Trying to resume a download that can't be resumed
07-05 14:41:12.324   545   548 D dalvikvm: GC_CONCURRENT freed 374K, 11% free 10520K/11719K, paused 2ms+2ms
07-05 14:41:12.586   545   548 D dalvikvm: GC_CONCURRENT freed 410K, 11% free 10501K/11719K, paused 2ms+2ms
07-05 14:41:12.851   545   548 D dalvikvm: GC_CONCURRENT freed 402K, 11% free 10490K/11719K, paused 1ms+2ms
07-05 14:41:12.976   545 16392 I DownloadManager: Initiating request for download 5773
07-05 14:41:13.195   545   548 D dalvikvm: GC_CONCURRENT freed 321K, 10% free 10638K/11719K, paused 2ms+3ms
07-05 14:41:13.304   545   548 D dalvikvm: GC_CONCURRENT freed 295K, 8% free 10813K/11719K, paused 2ms+3ms
07-05 14:41:13.449   545   548 D dalvikvm: GC_CONCURRENT freed 739K, 10% free 10553K/11719K, paused 1ms+3ms
07-05 14:41:13.570  1370 16394 E DictionaryProvider:UpdateHandler: Can't read a file : android.util.MalformedJsonException: Use JsonReader.setLenient(true) to accept malformed JSON at line 1 column 20
07-05 14:41:13.765   545   548 D dalvikvm: GC_CONCURRENT freed 429K, 11% free 10512K/11719K, paused 2ms+3ms
07-05 14:41:14.039   545   548 D dalvikvm: GC_CONCURRENT freed 415K, 11% free 10487K/11719K, paused 2ms+2ms
07-05 14:41:14.078   545 16397 I DownloadManager: Initiating request for download 5773
07-05 14:41:14.351   545   548 D dalvikvm: GC_CONCURRENT freed 350K, 11% free 10527K/11719K, paused 2ms+3ms
07-05 14:41:14.613   545   548 D dalvikvm: GC_CONCURRENT freed 409K, 11% free 10509K/11719K, paused 2ms+2ms
07-05 14:41:14.867   545 16399 I DownloadManager: Initiating request for download 5774
07-05 14:41:14.925   545   548 D dalvikvm: GC_CONCURRENT freed 388K, 11% free 10544K/11719K, paused 3ms+3ms
07-05 14:41:15.242   545   548 D dalvikvm: GC_CONCURRENT freed 395K, 11% free 10539K/11719K, paused 2ms+2ms
07-05 14:41:15.511   545   548 D dalvikvm: GC_CONCURRENT freed 405K, 11% free 10521K/11719K, paused 2ms+2ms
07-05 14:41:16.574   545   548 D dalvikvm: GC_CONCURRENT freed 330K, 10% free 10649K/11719K, paused 2ms+2ms
07-05 14:41:16.679   545   548 D dalvikvm: GC_CONCURRENT freed 293K, 8% free 10824K/11719K, paused 2ms+2ms
07-05 14:41:16.804   545   548 D dalvikvm: GC_CONCURRENT freed 663K, 9% free 10706K/11719K, paused 2ms+4ms
07-05 14:41:16.937   545   548 D dalvikvm: GC_CONCURRENT freed 289K, 7% free 10904K/11719K, paused 2ms+3ms
07-05 14:41:17.187   545   548 D dalvikvm: GC_CONCURRENT freed 881K, 11% free 10531K/11719K, paused 2ms+3ms
07-05 14:41:17.222  1370 16403 E DictionaryProvider:UpdateHandler: Can't read a file : android.util.MalformedJsonException: Use JsonReader.setLenient(true) to accept malformed JSON at line 1 column 20
07-05 14:41:17.492   545   548 D dalvikvm: GC_CONCURRENT freed 406K, 11% free 10513K/11719K, paused 2ms+2ms
07-05 14:41:17.758   545   548 D dalvikvm: GC_CONCURRENT freed 407K, 11% free 10492K/11719K, paused 2ms+2ms
07-05 14:41:17.832   545 16406 I DownloadManager: Initiating request for download 5774
07-05 14:41:17.933   545   548 D dalvikvm: GC_CONCURRENT freed 207K, 9% free 10722K/11719K, paused 1ms+3ms
07-05 14:41:18.062   545   548 D dalvikvm: GC_CONCURRENT freed 323K, 7% free 10904K/11719K, paused 1ms+3ms
07-05 14:41:18.347   545   548 D dalvikvm: GC_CONCURRENT freed 889K, 11% free 10526K/11719K, paused 1ms+3ms
07-05 14:41:18.617   545   548 D dalvikvm: GC_CONCURRENT freed 415K, 11% free 10501K/11719K, paused 2ms+3ms
07-05 14:41:18.847   545 16409 I DownloadManager: Initiating request for download 5775
07-05 14:41:18.914   545   548 D dalvikvm: GC_CONCURRENT freed 374K, 10% free 10566K/11719K, paused 2ms+3ms
07-05 14:41:19.043   545   548 D dalvikvm: GC_CONCURRENT freed 208K, 8% free 10797K/11719K, paused 2ms+3ms
07-05 14:41:19.183   545   548 D dalvikvm: GC_CONCURRENT freed 474K, 8% free 10816K/11719K, paused 2ms+2ms
07-05 14:41:19.359   156   514 D dalvikvm: GC_EXPLICIT freed 517K, 12% free 14096K/16007K, paused 2ms+5ms
07-05 14:41:19.406  1370 16411 E DictionaryProvider:UpdateHandler: Can't read a file : android.util.MalformedJsonException: Use JsonReader.setLenient(true) to accept malformed JSON at line 1 column 20
07-05 14:41:19.437  1370  1372 D dalvikvm: GC_CONCURRENT freed 395K, 7% free 9132K/9735K, paused 1ms+2ms
07-05 14:41:19.625   545   548 D dalvikvm: GC_CONCURRENT freed 766K, 11% free 10522K/11719K, paused 2ms+3ms
07-05 14:41:19.894   545   548 D dalvikvm: GC_CONCURRENT freed 429K, 11% free 10483K/11719K, paused 2ms+2ms
07-05 14:41:20.039   545 16414 I DownloadManager: Initiating request for download 5775
07-05 14:41:20.136   545   548 D dalvikvm: GC_CONCURRENT freed 262K, 9% free 10670K/11719K, paused 1ms+3ms
07-05 14:41:20.254   545   548 D dalvikvm: GC_CONCURRENT freed 313K, 8% free 10839K/11719K, paused 2ms+2ms
07-05 14:41:20.441   545   548 D dalvikvm: GC_CONCURRENT freed 778K, 11% free 10546K/11719K, paused 2ms+2ms
07-05 14:41:20.711   545   548 D dalvikvm: GC_CONCURRENT freed 413K, 11% free 10524K/11719K, paused 2ms+2ms
07-05 14:41:20.996   545   548 D dalvikvm: GC_CONCURRENT freed 429K, 11% free 10485K/11719K, paused 1ms+2ms
07-05 14:41:21.121   545 16417 I DownloadManager: Initiating request for download 5776
07-05 14:41:21.226   545   548 D dalvikvm: GC_CONCURRENT freed 212K, 9% free 10710K/11719K, paused 2ms+3ms
07-05 14:41:21.355   545   548 D dalvikvm: GC_CONCURRENT freed 318K, 8% free 10887K/11719K, paused 2ms+2ms
07-05 14:41:21.558  1370 16419 E DictionaryProvider:UpdateHandler: Can't read a file : android.util.MalformedJsonException: Use JsonReader.setLenient(true) to accept malformed JSON at line 1 column 20
07-05 14:41:21.648   545   548 D dalvikvm: GC_CONCURRENT freed 862K, 11% free 10521K/11719K, paused 2ms+3ms
07-05 14:41:21.914   545   548 D dalvikvm: GC_CONCURRENT freed 419K, 11% free 10492K/11719K, paused 2ms+2ms
07-05 14:41:22.179   545   548 D dalvikvm: GC_CONCURRENT freed 402K, 11% free 10480K/11719K, paused 2ms+3ms
07-05 14:41:22.203   545 16422 I DownloadManager: Initiating request for download 5776
07-05 14:41:22.308   545   548 D dalvikvm: GC_CONCURRENT freed 164K, 9% free 10752K/11719K, paused 2ms+2ms
07-05 14:41:22.437   545   548 D dalvikvm: GC_CONCURRENT freed 319K, 7% free 10914K/11719K, paused 2ms+2ms
07-05 14:41:22.742   545   548 D dalvikvm: GC_CONCURRENT freed 916K, 11% free 10508K/11719K, paused 1ms+2ms
07-05 14:41:23.008   545   548 D dalvikvm: GC_CONCURRENT freed 410K, 11% free 10488K/11719K, paused 2ms+3ms
07-05 14:41:23.215   545 16425 I DownloadManager: Initiating request for download 5777
07-05 14:41:23.308   545   548 D dalvikvm: GC_CONCURRENT freed 308K, 9% free 10693K/11719K, paused 2ms+3ms
07-05 14:41:23.433   545   548 D dalvikvm: GC_CONCURRENT freed 317K, 8% free 10847K/11719K, paused 2ms+2ms
07-05 14:41:23.629   545   548 D dalvikvm: GC_CONCURRENT freed 793K, 11% free 10540K/11719K, paused 2ms+2ms
07-05 14:41:23.683  1370 16427 E DictionaryProvider:UpdateHandler: Can't read a file : android.util.MalformedJsonException: Use JsonReader.setLenient(true) to accept malformed JSON at line 1 column 20
07-05 14:41:23.726   465 16428 D dalvikvm: GC_EXPLICIT freed 283K, 8% free 10319K/11143K, paused 2ms+3ms
07-05 14:41:23.965   545   548 D dalvikvm: GC_CONCURRENT freed 420K, 11% free 10511K/11719K, paused 1ms+3ms
07-05 14:41:24.246   545   548 D dalvikvm: GC_CONCURRENT freed 417K, 11% free 10485K/11719K, paused 2ms+2ms
07-05 14:41:24.340   545 16430 I DownloadManager: Initiating request for download 5777
07-05 14:41:24.433   545   548 D dalvikvm: GC_CONCURRENT freed 216K, 9% free 10700K/11719K, paused 2ms+3ms
07-05 14:41:24.558   545   548 D dalvikvm: GC_CONCURRENT freed 314K, 8% free 10878K/11719K, paused 1ms+3ms
07-05 14:41:24.808   545   548 D dalvikvm: GC_CONCURRENT freed 861K, 11% free 10514K/11719K, paused 2ms+3ms
07-05 14:41:25.070   545   548 D dalvikvm: GC_CONCURRENT freed 409K, 11% free 10496K/11719K, paused 2ms+2ms
07-05 14:41:25.340   545   548 D dalvikvm: GC_CONCURRENT freed 403K, 11% free 10483K/11719K, paused 2ms+3ms
07-05 14:41:25.402   545 16433 I DownloadManager: Initiating request for download 5778
07-05 14:41:25.523   545   548 D dalvikvm: GC_CONCURRENT freed 179K, 9% free 10755K/11719K, paused 1ms+3ms
07-05 14:41:25.652   545   548 D dalvikvm: GC_CONCURRENT freed 328K, 7% free 10918K/11719K, paused 2ms+2ms
07-05 14:41:25.820  1370 16435 E DictionaryProvider:UpdateHandler: Can't read a file : android.util.MalformedJsonException: Use JsonReader.setLenient(true) to accept malformed JSON at line 1 column 20
07-05 14:41:25.988   545   548 D dalvikvm: GC_CONCURRENT freed 911K, 11% free 10519K/11719K, paused 2ms+2ms
07-05 14:41:26.258   545   548 D dalvikvm: GC_CONCURRENT freed 415K, 11% free 10495K/11719K, paused 1ms+2ms
07-05 14:41:26.441   545 16438 I DownloadManager: Initiating request for download 5778
07-05 14:41:26.515   545   548 D dalvikvm: GC_CONCURRENT freed 327K, 10% free 10574K/11719K, paused 2ms+3ms
07-05 14:41:26.629   545   548 D dalvikvm: GC_CONCURRENT freed 218K, 8% free 10798K/11719K, paused 2ms+3ms
07-05 14:41:26.765   545   548 D dalvikvm: GC_CONCURRENT freed 482K, 8% free 10810K/11719K, paused 2ms+2ms
07-05 14:41:27.086   545   548 D dalvikvm: GC_CONCURRENT freed 774K, 11% free 10510K/11719K, paused 1ms+2ms
07-05 14:41:27.359   545   548 D dalvikvm: GC_CONCURRENT freed 410K, 11% free 10490K/11719K, paused 2ms+2ms
07-05 14:41:27.511   545 16441 I DownloadManager: Initiating request for download 5779
07-05 14:41:27.597   545   548 D dalvikvm: GC_CONCURRENT freed 243K, 9% free 10692K/11719K, paused 2ms+3ms
07-05 14:41:27.726   545   548 D dalvikvm: GC_CONCURRENT freed 303K, 8% free 10865K/11719K, paused 2ms+3ms
07-05 14:41:27.945   545   548 D dalvikvm: GC_CONCURRENT freed 837K, 11% free 10524K/11719K, paused 2ms+2ms
07-05 14:41:27.976  1370 16443 E DictionaryProvider:UpdateHandler: Can't read a file : android.util.MalformedJsonException: Use JsonReader.setLenient(true) to accept malformed JSON at line 1 column 20
07-05 14:41:28.019  1370  1372 D dalvikvm: GC_CONCURRENT freed 393K, 7% free 9127K/9735K, paused 2ms+2ms
07-05 14:41:28.265   545   548 D dalvikvm: GC_CONCURRENT freed 402K, 11% free 10512K/11719K, paused 2ms+2ms
07-05 14:41:28.531   545   548 D dalvikvm: GC_CONCURRENT freed 411K, 11% free 10491K/11719K, paused 2ms+2ms
07-05 14:41:28.621   545 16446 I DownloadManager: Initiating request for download 5779
07-05 14:41:28.718   545   548 D dalvikvm: GC_CONCURRENT freed 204K, 9% free 10723K/11719K, paused 2ms+3ms
07-05 14:41:28.847   545   548 D dalvikvm: GC_CONCURRENT freed 328K, 8% free 10895K/11719K, paused 2ms+4ms
07-05 14:41:29.121   545   548 D dalvikvm: GC_CONCURRENT freed 876K, 11% free 10526K/11719K, paused 2ms+2ms
07-05 14:41:29.386   545   548 D dalvikvm: GC_CONCURRENT freed 417K, 11% free 10500K/11719K, paused 2ms+3ms
07-05 14:41:29.640   545 16449 I DownloadManager: Initiating request for download 5780
07-05 14:41:29.707   545   548 D dalvikvm: GC_CONCURRENT freed 397K, 11% free 10540K/11719K, paused 3ms+4ms
07-05 14:41:29.828   545   548 D dalvikvm: GC_CONCURRENT freed 186K, 8% free 10792K/11719K, paused 2ms+2ms
07-05 14:41:29.968   545   548 D dalvikvm: GC_CONCURRENT freed 465K, 8% free 10817K/11719K, paused 2ms+4ms
07-05 14:41:30.140  1370 16451 E DictionaryProvider:UpdateHandler: Can't read a file : android.util.MalformedJsonException: Use JsonReader.setLenient(true) to accept malformed JSON at line 1 column 20
07-05 14:41:30.316   545   548 D dalvikvm: GC_CONCURRENT freed 771K, 11% free 10523K/11719K, paused 2ms+3ms
07-05 14:41:30.586   545   548 D dalvikvm: GC_CONCURRENT freed 416K, 11% free 10499K/11719K, paused 2ms+2ms
07-05 14:41:30.738   545 16454 I DownloadManager: Initiating request for download 5780
07-05 14:41:30.828   545   548 D dalvikvm: GC_CONCURRENT freed 285K, 9% free 10671K/11719K, paused 2ms+3ms
07-05 14:41:30.953   545   548 D dalvikvm: GC_CONCURRENT freed 302K, 8% free 10853K/11719K, paused 2ms+2ms
07-05 14:41:31.136   545   548 D dalvikvm: GC_CONCURRENT freed 785K, 10% free 10563K/11719K, paused 2ms+3ms
07-05 14:41:31.429   545   548 D dalvikvm: GC_CONCURRENT freed 435K, 11% free 10516K/11719K, paused 1ms+2ms
07-05 14:41:31.703   545   548 D dalvikvm: GC_CONCURRENT freed 406K, 11% free 10499K/11719K, paused 2ms+2ms
07-05 14:41:31.828   545 16457 I DownloadManager: Initiating request for download 5781
07-05 14:41:31.953   545   548 D dalvikvm: GC_CONCURRENT freed 219K, 9% free 10712K/11719K, paused 2ms+2ms
07-05 14:41:32.070   545   548 D dalvikvm: GC_CONCURRENT freed 336K, 8% free 10875K/11719K, paused 2ms+3ms
07-05 14:41:32.297  1370 16459 E DictionaryProvider:UpdateHandler: Can't read a file : android.util.MalformedJsonException: Use JsonReader.setLenient(true) to accept malformed JSON at line 1 column 20
07-05 14:41:32.316   545   548 D dalvikvm: GC_CONCURRENT freed 848K, 11% free 10547K/11719K, paused 2ms+3ms
07-05 14:41:32.605   545   548 D dalvikvm: GC_CONCURRENT freed 425K, 11% free 10513K/11719K, paused 1ms+2ms
07-05 14:41:32.871   545   548 D dalvikvm: GC_CONCURRENT freed 407K, 11% free 10496K/11719K, paused 1ms+2ms
07-05 14:41:32.906   545 16462 I DownloadManager: Initiating request for download 5781
07-05 14:41:33.015   545   548 D dalvikvm: GC_CONCURRENT freed 173K, 9% free 10759K/11719K, paused 2ms+3ms
07-05 14:41:33.140   545   548 D dalvikvm: GC_CONCURRENT freed 332K, 7% free 10931K/11719K, paused 2ms+3ms
07-05 14:41:33.453   545   548 D dalvikvm: GC_CONCURRENT freed 925K, 11% free 10523K/11719K, paused 2ms+2ms
07-05 14:41:33.722   545   548 D dalvikvm: GC_CONCURRENT freed 411K, 11% free 10503K/11719K, paused 2ms+2ms
07-05 14:41:33.925   545 16465 I DownloadManager: Initiating request for download 5782
07-05 14:41:33.992   545   548 D dalvikvm: GC_CONCURRENT freed 312K, 10% free 10638K/11719K, paused 2ms+4ms
07-05 14:41:34.121   545   548 D dalvikvm: GC_CONCURRENT freed 264K, 8% free 10837K/11719K, paused 2ms+3ms
07-05 14:41:34.273   545   548 D dalvikvm: GC_CONCURRENT freed 749K, 10% free 10568K/11719K, paused 2ms+3ms
07-05 14:41:34.375  1370 16467 E DictionaryProvider:UpdateHandler: Can't read a file : android.util.MalformedJsonException: Use JsonReader.setLenient(true) to accept malformed JSON at line 1 column 20
07-05 14:41:34.586   545   548 D dalvikvm: GC_CONCURRENT freed 434K, 11% free 10528K/11719K, paused 2ms+3ms
07-05 14:41:34.855   545   548 D dalvikvm: GC_CONCURRENT freed 415K, 11% free 10504K/11719K, paused 2ms+2ms
07-05 14:41:35.000   545 16470 I DownloadManager: Initiating request for download 5782
07-05 14:41:35.090   545   548 D dalvikvm: GC_CONCURRENT freed 267K, 9% free 10690K/11719K, paused 2ms+3ms
07-05 14:41:35.211   545   548 D dalvikvm: GC_CONCURRENT freed 313K, 8% free 10865K/11719K, paused 2ms+2ms
07-05 14:41:35.383   545   548 D dalvikvm: GC_CONCURRENT freed 791K, 10% free 10569K/11719K, paused 2ms+3ms
07-05 14:41:35.672   545   548 D dalvikvm: GC_CONCURRENT freed 440K, 11% free 10519K/11719K, paused 2ms+2ms
07-05 14:41:35.941   545   548 D dalvikvm: GC_CONCURRENT freed 404K, 11% free 10508K/11719K, paused 2ms+2ms
07-05 14:41:36.054   545 16473 I DownloadManager: Initiating request for download 5783
07-05 14:41:36.156   545   548 D dalvikvm: GC_CONCURRENT freed 213K, 9% free 10730K/11719K, paused 2ms+3ms
07-05 14:41:36.289   545   548 D dalvikvm: GC_CONCURRENT freed 327K, 7% free 10962K/11719K, paused 1ms+3ms
07-05 14:41:36.562   545   548 D dalvikvm: GC_CONCURRENT freed 929K, 10% free 10559K/11719K, paused 2ms+2ms
07-05 14:41:36.840   545   548 D dalvikvm: GC_CONCURRENT freed 404K, 10% free 10551K/11719K, paused 2ms+3ms
07-05 14:41:38.683  1370 16476 E DictionaryProvider:UpdateHandler: Can't read a file : android.util.MalformedJsonException: Use JsonReader.setLenient(true) to accept malformed JSON at line 1 column 20
07-05 14:41:38.722   545   548 D dalvikvm: GC_CONCURRENT freed 401K, 10% free 10550K/11719K, paused 2ms+3ms
07-05 14:41:38.746  1370  1372 D dalvikvm: GC_CONCURRENT freed 391K, 7% free 9127K/9735K, paused 1ms+2ms
07-05 14:41:39.011   545   548 D dalvikvm: GC_CONCURRENT freed 418K, 11% free 10522K/11719K, paused 2ms+2ms
07-05 14:41:39.277   545   548 D dalvikvm: GC_CONCURRENT freed 407K, 11% free 10506K/11719K, paused 1ms+2ms
07-05 14:41:39.500   156   167 D dalvikvm: GC_EXPLICIT freed 493K, 12% free 14095K/16007K, paused 2ms+6ms
07-05 14:41:39.508   545 16479 I DownloadManager: Initiating request for download 5783
07-05 14:41:39.511   545 16479 W DownloadManager: Aborting request for download 5783: Trying to resume a download that can't be resumed
07-05 14:41:39.695   545   548 D dalvikvm: GC_CONCURRENT freed 353K, 11% free 10539K/11719K, paused 1ms+3ms
07-05 14:41:39.953   545   548 D dalvikvm: GC_CONCURRENT freed 421K, 11% free 10504K/11719K, paused 2ms+2ms
07-05 14:41:40.218   545   548 D dalvikvm: GC_CONCURRENT freed 403K, 11% free 10492K/11719K, paused 2ms+2ms
07-05 14:41:40.402   545 16482 I DownloadManager: Initiating request for download 5784
07-05 14:41:40.511   545   548 D dalvikvm: GC_CONCURRENT freed 269K, 9% free 10677K/11719K, paused 2ms+3ms
07-05 14:41:40.633   545   548 D dalvikvm: GC_CONCURRENT freed 328K, 8% free 10847K/11719K, paused 1ms+3ms
07-05 14:41:40.808   545   548 D dalvikvm: GC_CONCURRENT freed 786K, 10% free 10555K/11719K, paused 2ms+3ms
07-05 14:41:40.886  1370 16484 E DictionaryProvider:UpdateHandler: Can't read a file : android.util.MalformedJsonException: Use JsonReader.setLenient(true) to accept malformed JSON at line 1 column 20
07-05 14:41:41.121   545   548 D dalvikvm: GC_CONCURRENT freed 432K, 11% free 10514K/11719K, paused 2ms+3ms
07-05 14:41:41.386   545   548 D dalvikvm: GC_CONCURRENT freed 414K, 11% free 10490K/11719K, paused 2ms+2ms
07-05 14:41:41.484   545 16487 I DownloadManager: Initiating request for download 5784
07-05 14:41:41.570   545   548 D dalvikvm: GC_CONCURRENT freed 217K, 9% free 10711K/11719K, paused 2ms+3ms
07-05 14:41:41.699   545   548 D dalvikvm: GC_CONCURRENT freed 312K, 8% free 10892K/11719K, paused 2ms+4ms
07-05 14:41:41.968   545   548 D dalvikvm: GC_CONCURRENT freed 875K, 11% free 10521K/11719K, paused 2ms+3ms
07-05 14:41:42.246   545   548 D dalvikvm: GC_CONCURRENT freed 411K, 11% free 10501K/11719K, paused 2ms+2ms
07-05 14:41:42.511   545   548 D dalvikvm: GC_CONCURRENT freed 404K, 11% free 10486K/11719K, paused 1ms+2ms
07-05 14:41:42.570   545 16490 I DownloadManager: Initiating request for download 5785
07-05 14:41:42.687   545   548 D dalvikvm: GC_CONCURRENT freed 168K, 9% free 10754K/11719K, paused 2ms+3ms
07-05 14:41:42.808   545   548 D dalvikvm: GC_CONCURRENT freed 331K, 7% free 10925K/11719K, paused 2ms+2ms
07-05 14:41:43.035   545  1332 D dalvikvm: GC_EXPLICIT freed 744K, 11% free 10536K/11719K, paused 2ms+2ms
07-05 14:41:43.043  1370 16492 E DictionaryProvider:UpdateHandler: Can't read a file : android.util.MalformedJsonException: Use JsonReader.setLenient(true) to accept malformed JSON at line 1 column 20
07-05 14:41:43.316   545   548 D dalvikvm: GC_CONCURRENT freed 417K, 11% free 10509K/11719K, paused 2ms+3ms
07-05 14:41:43.593   545   548 D dalvikvm: GC_CONCURRENT freed 403K, 11% free 10500K/11719K, paused 2ms+2ms
07-05 14:41:43.664   545 16495 I DownloadManager: Initiating request for download 5785
07-05 14:41:43.769   545   548 D dalvikvm: GC_CONCURRENT freed 207K, 9% free 10740K/11719K, paused 2ms+2ms
07-05 14:41:43.898   545   548 D dalvikvm: GC_CONCURRENT freed 318K, 7% free 10920K/11719K, paused 2ms+3ms
07-05 14:41:44.168   545   548 D dalvikvm: GC_CONCURRENT freed 882K, 10% free 10551K/11719K, paused 2ms+2ms
07-05 14:41:44.437   545   548 D dalvikvm: GC_CONCURRENT freed 404K, 11% free 10537K/11719K, paused 2ms+2ms
07-05 14:41:45.297   545 16497 I DownloadManager: Initiating request for download 5786
07-05 14:41:45.375   545   548 D dalvikvm: GC_CONCURRENT freed 394K, 10% free 10596K/11719K, paused 2ms+3ms
07-05 14:41:45.496   545   548 D dalvikvm: GC_CONCURRENT freed 231K, 8% free 10818K/11719K, paused 2ms+2ms
07-05 14:41:45.652   545   548 D dalvikvm: GC_CONCURRENT freed 480K, 8% free 10822K/11719K, paused 2ms+2ms
07-05 14:41:45.816  1370 16500 E DictionaryProvider:UpdateHandler: Can't read a file : android.util.MalformedJsonException: Use JsonReader.setLenient(true) to accept malformed JSON at line 1 column 20
07-05 14:41:46.008   545   548 D dalvikvm: GC_CONCURRENT freed 775K, 11% free 10527K/11719K, paused 2ms+2ms
07-05 14:41:46.273   545   548 D dalvikvm: GC_CONCURRENT freed 420K, 11% free 10498K/11719K, paused 2ms+2ms
07-05 14:41:46.406   545 16503 I DownloadManager: Initiating request for download 5786
07-05 14:41:46.492   545   548 D dalvikvm: GC_CONCURRENT freed 256K, 9% free 10690K/11719K, paused 2ms+3ms
07-05 14:41:46.617   545   548 D dalvikvm: GC_CONCURRENT freed 311K, 8% free 10870K/11719K, paused 2ms+3ms
07-05 14:41:46.812   545   548 D dalvikvm: GC_CONCURRENT freed 803K, 10% free 10564K/11719K, paused 2ms+2ms
07-05 14:41:47.093   545   548 D dalvikvm: GC_CONCURRENT freed 442K, 11% free 10515K/11719K, paused 2ms+2ms
07-05 14:41:47.359   545   548 D dalvikvm: GC_CONCURRENT freed 410K, 11% free 10495K/11719K, paused 2ms+3ms
07-05 14:41:47.472   545 16506 I DownloadManager: Initiating request for download 5787
07-05 14:41:47.578   545   548 D dalvikvm: GC_CONCURRENT freed 195K, 9% free 10721K/11719K, paused 1ms+3ms
07-05 14:41:47.703   545   548 D dalvikvm: GC_CONCURRENT freed 306K, 8% free 10890K/11719K, paused 2ms+3ms
07-05 14:41:47.937   545   548 D dalvikvm: GC_CONCURRENT freed 866K, 11% free 10528K/11719K, paused 2ms+2ms
07-05 14:41:47.984  1370 16508 E DictionaryProvider:UpdateHandler: Can't read a file : android.util.MalformedJsonException: Use JsonReader.setLenient(true) to accept malformed JSON at line 1 column 20
07-05 14:41:48.015  1370  1372 D dalvikvm: GC_CONCURRENT freed 389K, 7% free 9131K/9735K, paused 1ms+2ms
07-05 14:41:48.269   545   548 D dalvikvm: GC_CONCURRENT freed 401K, 11% free 10518K/11719K, paused 2ms+2ms
07-05 14:41:48.543   545   548 D dalvikvm: GC_CONCURRENT freed 408K, 11% free 10496K/11719K, paused 2ms+3ms
07-05 14:41:48.593   545 16511 I DownloadManager: Initiating request for download 5787
07-05 14:41:48.707   545   548 D dalvikvm: GC_CONCURRENT freed 182K, 9% free 10743K/11719K, paused 2ms+3ms
07-05 14:41:48.832   545   548 D dalvikvm: GC_CONCURRENT freed 320K, 7% free 10913K/11719K, paused 2ms+2ms
07-05 14:41:49.105   545   548 D dalvikvm: GC_CONCURRENT freed 897K, 11% free 10526K/11719K, paused 2ms+2ms
07-05 14:41:49.359   545   548 D dalvikvm: GC_CONCURRENT freed 410K, 11% free 10506K/11719K, paused 2ms+3ms
07-05 14:41:49.601   545 16514 I DownloadManager: Initiating request for download 5788
07-05 14:41:49.660   545   548 D dalvikvm: GC_CONCURRENT freed 387K, 11% free 10530K/11719K, paused 3ms+4ms
07-05 14:41:49.797   545   548 D dalvikvm: GC_CONCURRENT freed 191K, 8% free 10791K/11719K, paused 2ms+3ms
07-05 14:41:49.929   545   548 D dalvikvm: GC_CONCURRENT freed 454K, 8% free 10826K/11719K, paused 2ms+3ms
07-05 14:41:50.097  1370 16516 E DictionaryProvider:UpdateHandler: Can't read a file : android.util.MalformedJsonException: Use JsonReader.setLenient(true) to accept malformed JSON at line 1 column 20
07-05 14:41:50.269   545   548 D dalvikvm: GC_CONCURRENT freed 776K, 11% free 10530K/11719K, paused 2ms+2ms
07-05 14:41:50.543   545   548 D dalvikvm: GC_CONCURRENT freed 415K, 11% free 10506K/11719K, paused 2ms+3ms
07-05 14:41:50.711   545 16519 I DownloadManager: Initiating request for download 5788
07-05 14:41:50.808   545   548 D dalvikvm: GC_CONCURRENT freed 305K, 10% free 10659K/11719K, paused 2ms+3ms
07-05 14:41:50.929   545   548 D dalvikvm: GC_CONCURRENT freed 297K, 8% free 10839K/11719K, paused 2ms+2ms
07-05 14:41:51.078   545   548 D dalvikvm: GC_CONCURRENT freed 757K, 10% free 10568K/11719K, paused 2ms+4ms
07-05 14:41:51.371   545   548 D dalvikvm: GC_CONCURRENT freed 439K, 11% free 10525K/11719K, paused 2ms+2ms
07-05 14:41:51.648   545   548 D dalvikvm: GC_CONCURRENT freed 407K, 11% free 10504K/11719K, paused 1ms+2ms
07-05 14:41:51.797   545 16522 I DownloadManager: Initiating request for download 5789
07-05 14:41:51.883   545   548 D dalvikvm: GC_CONCURRENT freed 237K, 9% free 10699K/11719K, paused 2ms+2ms
07-05 14:41:52.011   545   548 D dalvikvm: GC_CONCURRENT freed 315K, 8% free 10878K/11719K, paused 2ms+2ms
07-05 14:41:52.203   545   548 D dalvikvm: GC_CONCURRENT freed 809K, 10% free 10567K/11719K, paused 2ms+2ms
07-05 14:41:52.472   545   548 D dalvikvm: GC_CONCURRENT freed 409K, 10% free 10554K/11719K, paused 2ms+2ms
07-05 14:41:52.527  1370 16524 E DictionaryProvider:UpdateHandler: Can't read a file : android.util.MalformedJsonException: Use JsonReader.setLenient(true) to accept malformed JSON at line 1 column 20
07-05 14:41:52.777   545   548 D dalvikvm: GC_CONCURRENT freed 429K, 11% free 10515K/11719K, paused 2ms+3ms
07-05 14:41:52.863   545 16527 I DownloadManager: Initiating request for download 5789
07-05 14:41:52.968   545   548 D dalvikvm: GC_CONCURRENT freed 223K, 9% free 10728K/11719K, paused 2ms+3ms
07-05 14:41:53.086   545   548 D dalvikvm: GC_CONCURRENT freed 323K, 7% free 10906K/11719K, paused 2ms+2ms
07-05 14:41:53.343   545   548 D dalvikvm: GC_CONCURRENT freed 880K, 11% free 10534K/11719K, paused 1ms+2ms
07-05 14:41:53.613   545   548 D dalvikvm: GC_CONCURRENT freed 405K, 11% free 10515K/11719K, paused 2ms+3ms
07-05 14:41:53.875   545   548 D dalvikvm: GC_CONCURRENT freed 399K, 11% free 10502K/11719K, paused 2ms+3ms
07-05 14:41:53.933   545 16530 I DownloadManager: Initiating request for download 5790
07-05 14:41:54.086   545   548 D dalvikvm: GC_CONCURRENT freed 177K, 9% free 10770K/11719K, paused 1ms+5ms
07-05 14:41:54.215   545   548 D dalvikvm: GC_CONCURRENT freed 352K, 7% free 10934K/11719K, paused 2ms+3ms
07-05 14:41:54.414  1370 16532 E DictionaryProvider:UpdateHandler: Can't read a file : android.util.MalformedJsonException: Use JsonReader.setLenient(true) to accept malformed JSON at line 1 column 20
07-05 14:41:54.531   545   548 D dalvikvm: GC_CONCURRENT freed 913K, 11% free 10537K/11719K, paused 2ms+2ms
07-05 14:41:54.797   545   548 D dalvikvm: GC_CONCURRENT freed 415K, 11% free 10513K/11719K, paused 2ms+2ms
07-05 14:41:54.980   545 16535 I DownloadManager: Initiating request for download 5790
07-05 14:41:55.109   545   548 D dalvikvm: GC_CONCURRENT freed 349K, 10% free 10555K/11719K, paused 2ms+2ms
07-05 14:41:55.371   545   548 D dalvikvm: GC_CONCURRENT freed 408K, 11% free 10537K/11719K, paused 2ms+2ms
07-05 14:41:55.640   545   548 D dalvikvm: GC_CONCURRENT freed 404K, 11% free 10524K/11719K, paused 2ms+2ms
07-05 14:41:55.855   545 16537 I DownloadManager: Initiating request for download 5791
07-05 14:41:56.008   545   548 D dalvikvm: GC_CONCURRENT freed 348K, 10% free 10567K/11719K, paused 2ms+2ms
07-05 14:41:56.269   545   548 D dalvikvm: GC_CONCURRENT freed 415K, 11% free 10546K/11719K, paused 2ms+2ms
07-05 14:41:56.511   545   548 D dalvikvm: GC_CONCURRENT freed 337K, 9% free 10673K/11719K, paused 2ms+4ms
07-05 14:41:56.640   545   548 D dalvikvm: GC_CONCURRENT freed 293K, 8% free 10851K/11719K, paused 3ms+3ms
07-05 14:41:56.800   545   548 D dalvikvm: GC_CONCURRENT freed 762K, 9% free 10674K/11719K, paused 1ms+3ms
07-05 14:41:56.929   545   548 D dalvikvm: GC_CONCURRENT freed 309K, 8% free 10847K/11719K, paused 2ms+3ms
07-05 14:41:57.078   545   548 D dalvikvm: GC_CONCURRENT freed 514K, 8% free 10844K/11719K, paused 2ms+3ms
07-05 14:41:57.332  1370 16540 E DictionaryProvider:UpdateHandler: Can't read a file : android.util.MalformedJsonException: Use JsonReader.setLenient(true) to accept malformed JSON at line 1 column 20
07-05 14:41:57.367  1370  1372 D dalvikvm: GC_CONCURRENT freed 391K, 7% free 9128K/9735K, paused 1ms+3ms
07-05 14:41:57.597   545   548 D dalvikvm: GC_CONCURRENT freed 779K, 10% free 10551K/11719K, paused 2ms+3ms
07-05 14:41:57.871   545   548 D dalvikvm: GC_CONCURRENT freed 421K, 11% free 10524K/11719K, paused 2ms+2ms
07-05 14:41:58.074   545 16543 I DownloadManager: Initiating request for download 5791
07-05 14:41:58.074   545 16543 W DownloadManager: Aborting request for download 5791: Trying to resume a download that can't be resumed
07-05 14:41:58.148   545   548 D dalvikvm: GC_CONCURRENT freed 385K, 11% free 10545K/11719K, paused 2ms+2ms
07-05 14:41:58.472   545   548 D dalvikvm: GC_CONCURRENT freed 401K, 11% free 10537K/11719K, paused 2ms+2ms
07-05 14:41:58.734   545   548 D dalvikvm: GC_CONCURRENT freed 411K, 11% free 10516K/11719K, paused 1ms+2ms
07-05 14:41:58.949   545 16546 I DownloadManager: Initiating request for download 5792
07-05 14:41:59.027   545   548 D dalvikvm: GC_CONCURRENT freed 329K, 10% free 10585K/11719K, paused 2ms+2ms
07-05 14:41:59.148   545   548 D dalvikvm: GC_CONCURRENT freed 218K, 8% free 10821K/11719K, paused 2ms+3ms
07-05 14:41:59.281   545   548 D dalvikvm: GC_CONCURRENT freed 481K, 8% free 10837K/11719K, paused 2ms+3ms
07-05 14:41:59.386   156   593 D dalvikvm: GC_EXPLICIT freed 484K, 12% free 14094K/16007K, paused 3ms+6ms
07-05 14:41:59.511  1370 16548 E DictionaryProvider:UpdateHandler: Can't read a file : android.util.MalformedJsonException: Use JsonReader.setLenient(true) to accept malformed JSON at line 1 column 20
07-05 14:41:59.695   545   548 D dalvikvm: GC_CONCURRENT freed 779K, 11% free 10538K/11719K, paused 1ms+2ms
07-05 14:41:59.965   545   548 D dalvikvm: GC_CONCURRENT freed 423K, 11% free 10501K/11719K, paused 2ms+3ms
07-05 14:42:00.152   545 16551 I DownloadManager: Initiating request for download 5792
07-05 14:42:00.242   545   548 D dalvikvm: GC_CONCURRENT freed 266K, 9% free 10687K/11719K, paused 2ms+3ms
07-05 14:42:00.363   545   548 D dalvikvm: GC_CONCURRENT freed 312K, 8% free 10862K/11719K, paused 2ms+2ms
07-05 14:42:00.558   545   548 D dalvikvm: GC_CONCURRENT freed 791K, 10% free 10573K/11719K, paused 2ms+2ms
07-05 14:42:00.840   545   548 D dalvikvm: GC_CONCURRENT freed 452K, 11% free 10517K/11719K, paused 1ms+3ms
07-05 14:42:01.113   545   548 D dalvikvm: GC_CONCURRENT freed 410K, 11% free 10497K/11719K, paused 1ms+2ms
07-05 14:42:01.230   545 16554 I DownloadManager: Initiating request for download 5793
07-05 14:42:01.340   545   548 D dalvikvm: GC_CONCURRENT freed 210K, 9% free 10722K/11719K, paused 2ms+3ms
07-05 14:42:01.468   545   548 D dalvikvm: GC_CONCURRENT freed 325K, 8% free 10895K/11719K, paused 2ms+2ms
07-05 14:42:01.660  1370 16556 E DictionaryProvider:UpdateHandler: Can't read a file : android.util.MalformedJsonException: Use JsonReader.setLenient(true) to accept malformed JSON at line 1 column 20
07-05 14:42:01.742   545   548 D dalvikvm: GC_CONCURRENT freed 860K, 11% free 10541K/11719K, paused 1ms+2ms
07-05 14:42:02.004   545   548 D dalvikvm: GC_CONCURRENT freed 415K, 11% free 10512K/11719K, paused 2ms+3ms
07-05 14:42:02.269   545   548 D dalvikvm: GC_CONCURRENT freed 404K, 11% free 10498K/11719K, paused 2ms+3ms
07-05 14:42:02.324   545 16559 I DownloadManager: Initiating request for download 5793
07-05 14:42:02.429   545   548 D dalvikvm: GC_CONCURRENT freed 186K, 9% free 10749K/11719K, paused 2ms+3ms
07-05 14:42:02.558   545   548 D dalvikvm: GC_CONCURRENT freed 330K, 7% free 10926K/11719K, paused 2ms+2ms
07-05 14:42:02.633   993  1240 I PhoneLab-: Service Running
07-05 14:42:02.660   993  1240 I PhoneLab-LoggerService: app_49    1247  993   1956   1584  c00f181c 400107b4 S logcat
07-05 14:42:02.664   993  1240 I PhoneLab-LoggerService: Logcat pid from database 1247
07-05 14:42:02.664   993  1240 I PhoneLab-LoggerService: Logcat process found 1247
07-05 14:42:02.664   993  1240 I PhoneLab-LoggerService: Checking Threshold
07-05 14:42:02.664   993  1240 I PhoneLab-LoggerService: Starting to rename files
07-05 14:42:02.668   993  1240 I PhoneLab-LoggerService: Files found .. 52
07-05 14:42:02.879   545   548 D dalvikvm: GC_CONCURRENT freed 913K, 11% free 10526K/11719K, paused 2ms+3ms
07-05 14:42:03.140   545   548 D dalvikvm: GC_CONCURRENT freed 410K, 11% free 10507K/11719K, paused 2ms+2ms
07-05 14:42:03.375   545 16563 I DownloadManager: Initiating request for download 5794
07-05 14:42:03.449   545   548 D dalvikvm: GC_CONCURRENT freed 371K, 10% free 10588K/11719K, paused 2ms+3ms
07-05 14:42:03.578   545   548 D dalvikvm: GC_CONCURRENT freed 231K, 8% free 10821K/11719K, paused 2ms+2ms
07-05 14:42:03.715   545   548 D dalvikvm: GC_CONCURRENT freed 488K, 8% free 10830K/11719K, paused 2ms+2ms
07-05 14:42:03.843  1370 16565 E DictionaryProvider:UpdateHandler: Can't read a file : android.util.MalformedJsonException: Use JsonReader.setLenient(true) to accept malformed JSON at line 1 column 20
07-05 14:42:04.074   545   548 D dalvikvm: GC_CONCURRENT freed 783K, 11% free 10529K/11719K, paused 2ms+2ms
07-05 14:42:04.340   545   548 D dalvikvm: GC_CONCURRENT freed 415K, 11% free 10504K/11719K, paused 2ms+3ms
07-05 14:42:04.472   545 16568 I DownloadManager: Initiating request for download 5794
07-05 14:42:04.562   545   548 D dalvikvm: GC_CONCURRENT freed 251K, 9% free 10698K/11719K, paused 2ms+3ms
07-05 14:42:04.687   545   548 D dalvikvm: GC_CONCURRENT freed 315K, 8% free 10874K/11719K, paused 1ms+3ms
07-05 14:42:04.886   545   548 D dalvikvm: GC_CONCURRENT freed 805K, 10% free 10568K/11719K, paused 2ms+2ms
07-05 14:42:05.164   545   548 D dalvikvm: GC_CONCURRENT freed 439K, 11% free 10523K/11719K, paused 2ms+2ms
07-05 14:42:05.429   545   548 D dalvikvm: GC_CONCURRENT freed 411K, 11% free 10502K/11719K, paused 2ms+2ms
07-05 14:42:05.539   545 16571 I DownloadManager: Initiating request for download 5795
07-05 14:42:05.648   545   548 D dalvikvm: GC_CONCURRENT freed 196K, 9% free 10725K/11719K, paused 2ms+3ms
07-05 14:42:05.769   545   548 D dalvikvm: GC_CONCURRENT freed 325K, 8% free 10889K/11719K, paused 2ms+3ms
07-05 14:42:05.992   545   548 D dalvikvm: GC_CONCURRENT freed 848K, 11% free 10545K/11719K, paused 2ms+3ms
07-05 14:42:06.136  1370 16573 E DictionaryProvider:UpdateHandler: Can't read a file : android.util.MalformedJsonException: Use JsonReader.setLenient(true) to accept malformed JSON at line 1 column 20
07-05 14:42:06.175  1370  1372 D dalvikvm: GC_CONCURRENT freed 384K, 7% free 9131K/9735K, paused 2ms+2ms
07-05 14:42:06.312   545   548 D dalvikvm: GC_CONCURRENT freed 409K, 11% free 10527K/11719K, paused 2ms+2ms
07-05 14:42:06.570   545   548 D dalvikvm: GC_CONCURRENT freed 409K, 11% free 10509K/11719K, paused 1ms+2ms
07-05 14:42:06.629   545 16575 I DownloadManager: Initiating request for download 5795
07-05 14:42:06.758   545   548 D dalvikvm: GC_CONCURRENT freed 197K, 9% free 10749K/11719K, paused 2ms+2ms
07-05 14:42:06.890   545   548 D dalvikvm: GC_CONCURRENT freed 332K, 7% free 10924K/11719K, paused 2ms+2ms
07-05 14:42:07.164   545   548 D dalvikvm: GC_CONCURRENT freed 903K, 11% free 10533K/11719K, paused 2ms+3ms
07-05 14:42:07.441   545   548 D dalvikvm: GC_CONCURRENT freed 410K, 11% free 10513K/11719K, paused 2ms+2ms
07-05 14:42:07.695   545 16579 I DownloadManager: Initiating request for download 5796
07-05 14:42:07.769   545   548 D dalvikvm: GC_CONCURRENT freed 378K, 10% free 10614K/11719K, paused 2ms+3ms
07-05 14:42:07.890   545   548 D dalvikvm: GC_CONCURRENT freed 233K, 8% free 10827K/11719K, paused 1ms+2ms
07-05 14:42:08.035   545   548 D dalvikvm: GC_CONCURRENT freed 494K, 8% free 10835K/11719K, paused 2ms+2ms
07-05 14:42:08.179  1370 16581 E DictionaryProvider:UpdateHandler: Can't read a file : android.util.MalformedJsonException: Use JsonReader.setLenient(true) to accept malformed JSON at line 1 column 20
07-05 14:42:08.394   545   548 D dalvikvm: GC_CONCURRENT freed 783K, 11% free 10535K/11719K, paused 2ms+2ms
07-05 14:42:08.652   545   548 D dalvikvm: GC_CONCURRENT freed 416K, 11% free 10510K/11719K, paused 1ms+2ms
07-05 14:42:08.789   545 16584 I DownloadManager: Initiating request for download 5796
07-05 14:42:08.883   545   548 D dalvikvm: GC_CONCURRENT freed 258K, 9% free 10702K/11719K, paused 2ms+2ms
07-05 14:42:09.008   545   548 D dalvikvm: GC_CONCURRENT freed 313K, 8% free 10872K/11719K, paused 2ms+3ms
07-05 14:42:09.199   545   548 D dalvikvm: GC_CONCURRENT freed 797K, 10% free 10574K/11719K, paused 1ms+2ms
07-05 14:42:09.488   545   548 D dalvikvm: GC_CONCURRENT freed 441K, 11% free 10529K/11719K, paused 2ms+2ms
07-05 14:42:09.754   545   548 D dalvikvm: GC_CONCURRENT freed 408K, 11% free 10509K/11719K, paused 2ms+4ms
07-05 14:42:09.879   545 16587 I DownloadManager: Initiating request for download 5797
07-05 14:42:09.976   545   548 D dalvikvm: GC_CONCURRENT freed 202K, 9% free 10724K/11719K, paused 2ms+3ms
07-05 14:42:10.101   545   548 D dalvikvm: GC_CONCURRENT freed 319K, 7% free 10906K/11719K, paused 2ms+3ms
07-05 14:42:10.293  1370 16589 E DictionaryProvider:UpdateHandler: Can't read a file : android.util.MalformedJsonException: Use JsonReader.setLenient(true) to accept malformed JSON at line 1 column 20
07-05 14:42:10.371   545   548 D dalvikvm: GC_CONCURRENT freed 863K, 10% free 10554K/11719K, paused 2ms+3ms
07-05 14:42:10.406   465   467 D dalvikvm: GC_CONCURRENT freed 213K, 6% free 10502K/11143K, paused 2ms+2ms
07-05 14:42:10.668   545   548 D dalvikvm: GC_CONCURRENT freed 421K, 11% free 10523K/11719K, paused 2ms+3ms
07-05 14:42:10.937   545   548 D dalvikvm: GC_CONCURRENT freed 403K, 11% free 10511K/11719K, paused 2ms+2ms
07-05 14:42:11.004   545 16592 I DownloadManager: Initiating request for download 5797
07-05 14:42:11.105   545   548 D dalvikvm: GC_CONCURRENT freed 194K, 9% free 10752K/11719K, paused 2ms+2ms
07-05 14:42:11.234   545   548 D dalvikvm: GC_CONCURRENT freed 327K, 7% free 10936K/11719K, paused 2ms+4ms
07-05 14:42:11.527   545   548 D dalvikvm: GC_CONCURRENT freed 915K, 11% free 10538K/11719K, paused 2ms+3ms
07-05 14:42:11.789   545   548 D dalvikvm: GC_CONCURRENT freed 406K, 11% free 10519K/11719K, paused 2ms+3ms
07-05 14:42:12.082   545 16595 I DownloadManager: Initiating request for download 5798
07-05 14:42:12.109   545   548 D dalvikvm: GC_CONCURRENT freed 394K, 11% free 10523K/11719K, paused 3ms+2ms
07-05 14:42:12.406   545   548 D dalvikvm: GC_CONCURRENT freed 341K, 10% free 10572K/11719K, paused 2ms+3ms
07-05 14:42:12.527   545   548 D dalvikvm: GC_CONCURRENT freed 227K, 8% free 10796K/11719K, paused 2ms+3ms
07-05 14:42:12.652   545   548 D dalvikvm: GC_CONCURRENT freed 462K, 8% free 10837K/11719K, paused 2ms+3ms
07-05 14:42:12.808  1370 16597 E DictionaryProvider:UpdateHandler: Can't read a file : android.util.MalformedJsonException: Use JsonReader.setLenient(true) to accept malformed JSON at line 1 column 20
07-05 14:42:12.976   545   548 D dalvikvm: GC_CONCURRENT freed 790K, 11% free 10531K/11719K, paused 2ms+3ms
07-05 14:42:13.160   545 16600 I DownloadManager: Initiating request for download 5798
07-05 14:42:13.218   545   548 D dalvikvm: GC_CONCURRENT freed 342K, 10% free 10587K/11719K, paused 1ms+2ms
07-05 14:42:13.336   545   548 D dalvikvm: GC_CONCURRENT freed 211K, 8% free 10823K/11719K, paused 2ms+3ms
07-05 14:42:13.472   545   548 D dalvikvm: GC_CONCURRENT freed 468K, 8% free 10844K/11719K, paused 2ms+2ms
07-05 14:42:13.769   545   548 D dalvikvm: GC_CONCURRENT freed 761K, 10% free 10568K/11719K, paused 2ms+3ms
07-05 14:42:14.039   545   548 D dalvikvm: GC_CONCURRENT freed 405K, 10% free 10557K/11719K, paused 2ms+2ms
07-05 14:42:15.316   545 16602 D dalvikvm: GC_EXPLICIT freed 268K, 10% free 10575K/11719K, paused 20ms+4ms
07-05 14:42:15.324   545 16602 I DownloadManager: Initiating request for download 5799
07-05 14:42:15.617   545   548 D dalvikvm: GC_CONCURRENT freed 416K, 10% free 10551K/11719K, paused 2ms+2ms
07-05 14:42:15.890   545   548 D dalvikvm: GC_CONCURRENT freed 404K, 11% free 10533K/11719K, paused 2ms+2ms
07-05 14:42:16.226   545   548 D dalvikvm: GC_CONCURRENT freed 362K, 10% free 10563K/11719K, paused 2ms+2ms
07-05 14:42:16.484   545   548 D dalvikvm: GC_CONCURRENT freed 412K, 11% free 10543K/11719K, paused 2ms+3ms
07-05 14:42:16.758   545   548 D dalvikvm: GC_CONCURRENT freed 403K, 11% free 10530K/11719K, paused 2ms+2ms
07-05 14:42:32.261   362   362 I wpa_supplicant: wlan0: CTRL-EVENT-DISCONNECTED bssid=d0:c2:82:66:69:d0 reason=0
07-05 14:42:32.273    77   117 D CommandListener: Clearing all IP addresses on wlan0
07-05 14:42:32.340   156   330 D ConnectivityService: ConnectivityChange for WIFI: DISCONNECTED/DISCONNECTED
07-05 14:42:32.340   156   330 D ConnectivityService: Attempting to switch to mobile
07-05 14:42:32.340   156   330 D ConnectivityService: Attempting to switch to WIMAX
07-05 14:42:32.340   156   330 D ConnectivityService: Attempting to switch to BLUETOOTH_TETHER
07-05 14:42:32.371   156   330 E ConnectivityService: Exception trying to remove a route: java.lang.IllegalStateException: Unable to communicate with native dameon to add routes - com.android.server.NativeDaemonConnectorException: Cmd {interface route remove wlan0 default 128.205.59.254 32 0.0.0.0} failed with code 400 : {Failed to remove route from default table (No such process)}
07-05 14:42:32.379   156   330 D NetUtils: android_net_utils_resetConnections in env=0x6b2b60 clazz=0xaf700001 iface=wlan0 mask=0x3
07-05 14:42:32.379   156   330 E ConnectivityService: Exception trying to remove a route: java.lang.IllegalStateException: Unable to communicate with native dameon to add routes - com.android.server.NativeDaemonConnectorException: Cmd {interface route remove wlan0 default 0.0.0.0 0 128.205.59.254} failed with code 400 : {Failed to remove route from default table (No such process)}
07-05 14:42:32.379   156   330 D ConnectivityService: resetConnections(wlan0, 3)
07-05 14:42:32.457   545 16602 W DownloadManager: Aborting request for download 5799: while trying to execute request: org.apache.http.conn.ConnectTimeoutException: Connect to /74.125.228.79:80 timed out
07-05 14:42:32.461   682  1055 E GTalkService: connectionClosed: no XMPPConnection - That's strange!
07-05 14:42:32.461   156   330 D ConnectivityService: handleInetConditionChange: no active default network - ignore
07-05 14:42:32.492   414   416 D dalvikvm: GC_CONCURRENT freed 377K, 37% free 10315K/16263K, paused 2ms+3ms
07-05 14:42:32.570   414   416 D dalvikvm: GC_CONCURRENT freed 472K, 37% free 10325K/16263K, paused 1ms+3ms
07-05 14:42:32.656   414   422 I dalvikvm: Jit: resizing JitTable from 4096 to 8192
07-05 14:42:32.785   545   548 D dalvikvm: GC_CONCURRENT freed 368K, 10% free 10553K/11719K, paused 2ms+3ms
07-05 14:42:32.843   362   362 I wpa_supplicant: wlan0: Trying to associate with d0:c2:82:66:6b:f0 (SSID='UB_Wireless' freq=2462 MHz)
07-05 14:42:32.898   362   362 I wpa_supplicant: wlan0: Associated with d0:c2:82:66:6b:f0
07-05 14:42:32.898   362   362 I wpa_supplicant: wlan0: CTRL-EVENT-CONNECTED - Connection to d0:c2:82:66:6b:f0 completed (reauth) [id=5 id_str=]
07-05 14:42:33.109   545   548 D dalvikvm: GC_CONCURRENT freed 411K, 11% free 10532K/11719K, paused 2ms+2ms
07-05 14:42:33.429   545   548 D dalvikvm: GC_CONCURRENT freed 404K, 11% free 10518K/11719K, paused 2ms+2ms
07-05 14:42:33.476   156   330 D ConnectivityService: ConnectivityChange for WIFI: CONNECTED/CONNECTED
07-05 14:42:33.480   993   993 I PhoneLab-WiFiReceiver: Wi-Fi is connected!
07-05 14:42:33.484   993   993 I PhoneLab-WiFiReceiver: SSID: UB_Wireless BSSID: d0:c2:82:66:6b:f0 RSSI: -200 LinkSpeed: -1
07-05 14:42:33.484   993   993 I PhoneLab-Locks: wake lock acquired
07-05 14:42:33.488   993   993 I PhoneLab-UploadLogs: Transfering log files now
07-05 14:42:33.504   156   325 W NetworkStats: dropping UID delta from unknown iface: iface=wlan0 uid=0 set=DEFAULT tag=0x0 rxBytes=0 rxPackets=0 txBytes=76 txPackets=1 operations=0
07-05 14:42:33.562   993   995 D dalvikvm: GC_CONCURRENT freed 967K, 18% free 9216K/11207K, paused 2ms+2ms
07-05 14:42:33.586   993   993 D dalvikvm: GC_FOR_ALLOC freed 282K, 16% free 9431K/11207K, paused 17ms
07-05 14:42:33.613   993   993 I PhoneLab-UploadLogs: OnStartCommand
07-05 14:42:33.621   993   995 D dalvikvm: GC_CONCURRENT freed 294K, 14% free 9648K/11207K, paused 2ms+2ms
07-05 14:42:33.679   993 16634 D dalvikvm: GC_FOR_ALLOC freed 318K, 14% free 9656K/11207K, paused 17ms
07-05 14:42:33.695   993 16634 D dalvikvm: GC_FOR_ALLOC freed 301K, 14% free 9657K/11207K, paused 15ms
07-05 14:42:33.711   993 16634 D dalvikvm: GC_FOR_ALLOC freed 301K, 14% free 9658K/11207K, paused 13ms
07-05 14:42:33.797   545 16635 I DownloadManager: Initiating request for download 5799
07-05 14:42:33.929   545   548 D dalvikvm: GC_CONCURRENT freed 275K, 9% free 10696K/11719K, paused 1ms+3ms
07-05 14:42:34.047   545   548 D dalvikvm: GC_CONCURRENT freed 321K, 8% free 10854K/11719K, paused 2ms+3ms
07-05 14:42:34.195   545   548 D dalvikvm: GC_CONCURRENT freed 765K, 10% free 10584K/11719K, paused 2ms+3ms
07-05 14:42:34.336  1370 16637 E DictionaryProvider:UpdateHandler: Can't read a file : android.util.MalformedJsonException: Use JsonReader.setLenient(true) to accept malformed JSON at line 1 column 20
07-05 14:42:34.379  1370  1372 D dalvikvm: GC_CONCURRENT freed 390K, 7% free 9133K/9735K, paused 1ms+2ms
07-05 14:42:34.476   156   330 D ConnectivityService: NetTransition Wakelock for WifiStateMachine released by timeout
07-05 14:42:34.539   545   548 D dalvikvm: GC_CONCURRENT freed 441K, 11% free 10543K/11719K, paused 2ms+3ms
07-05 14:42:34.816   545   548 D dalvikvm: GC_CONCURRENT freed 414K, 11% free 10519K/11719K, paused 2ms+2ms
07-05 14:42:34.941   545 16640 I DownloadManager: Initiating request for download 5799
07-05 14:42:35.023   545   548 D dalvikvm: GC_CONCURRENT freed 239K, 9% free 10720K/11719K, paused 2ms+3ms
07-05 14:42:35.152   545   548 D dalvikvm: GC_CONCURRENT freed 320K, 7% free 10901K/11719K, paused 1ms+3ms
07-05 14:42:35.238   993 16634 W System.err: org.apache.http.client.ClientProtocolException
07-05 14:42:35.238   993 16634 W System.err: 	at org.apache.http.impl.client.AbstractHttpClient.execute(AbstractHttpClient.java:557)
07-05 14:42:35.238   993 16634 W System.err: 	at org.apache.http.impl.client.AbstractHttpClient.execute(AbstractHttpClient.java:487)
07-05 14:42:35.238   993 16634 W System.err: 	at com.loopj.android.http.AsyncHttpRequest.makeRequest(Unknown Source)
07-05 14:42:35.238   993 16634 W System.err: 	at com.loopj.android.http.AsyncHttpRequest.makeRequestWithRetries(Unknown Source)
07-05 14:42:35.242   993 16634 W System.err: 	at com.loopj.android.http.AsyncHttpRequest.run(Unknown Source)
07-05 14:42:35.242   993 16634 W System.err: 	at java.util.concurrent.Executors$RunnableAdapter.call(Executors.java:442)
07-05 14:42:35.242   993 16634 W System.err: 	at java.util.concurrent.FutureTask$Sync.innerRun(FutureTask.java:305)
07-05 14:42:35.242   993 16634 W System.err: 	at java.util.concurrent.FutureTask.run(FutureTask.java:137)
07-05 14:42:35.242   993 16634 W System.err: 	at java.util.concurrent.ThreadPoolExecutor.runWorker(ThreadPoolExecutor.java:1076)
07-05 14:42:35.242   993 16634 W System.err: 	at java.util.concurrent.ThreadPoolExecutor$Worker.run(ThreadPoolExecutor.java:569)
07-05 14:42:35.242   993 16634 W System.err: 	at java.lang.Thread.run(Thread.java:856)
07-05 14:42:35.242   993 16634 W System.err: Caused by: org.apache.http.client.NonRepeatableRequestException: Cannot retry request with a non-repeatable request entity
07-05 14:42:35.242   993 16634 W System.err: 	at org.apache.http.impl.client.DefaultRequestDirector.execute(DefaultRequestDirector.java:420)
07-05 14:42:35.242   993 16634 W System.err: 	at org.apache.http.impl.client.AbstractHttpClient.execute(AbstractHttpClient.java:555)
07-05 14:42:35.242   993 16634 W System.err: 	... 10 more
07-05 14:42:35.242   993   993 E PhoneLab-: Transfering 1341502082478.log failed
07-05 14:42:35.242   993   993 I PhoneLab-Locks: wake lock released
07-05 14:42:35.390   156   628 D dalvikvm: GC_EXPLICIT freed 881K, 12% free 14126K/16007K, paused 3ms+6ms
07-05 14:42:35.398   156   333 D Tethering: MasterInitialState.processMessage what=3
07-05 14:42:35.422   682   682 I GTalkService/c: [AndroidEndpoint@1095403848] connect: acct=1000001, state=CONNECTING
07-05 14:42:35.449  1190  1190 I MediaUploader: No need to wake up
07-05 14:42:35.453   993   993 I PhoneLab-WiFiReceiver: Wi-Fi is disconnected!
07-05 14:42:35.468  1086  1105 D PicasaSyncManager: active network: NetworkInfo: type: WIFI[], state: CONNECTED/CONNECTED, reason: (unspecified), extra: (none), roaming: false, failover: false, isAvailable: true
07-05 14:42:35.468  1086  1105 D PicasaSyncManager: background data: true
07-05 14:42:35.511   545   548 D dalvikvm: GC_CONCURRENT freed 860K, 10% free 10549K/11719K, paused 2ms+6ms
07-05 14:42:35.789   545   548 D dalvikvm: GC_CONCURRENT freed 418K, 11% free 10517K/11719K, paused 2ms+2ms
07-05 14:42:36.058   545   548 D dalvikvm: GC_CONCURRENT freed 401K, 11% free 10508K/11719K, paused 2ms+2ms
07-05 14:42:36.175   545 16643 I DownloadManager: Initiating request for download 5800
07-05 14:42:36.293   545   548 D dalvikvm: GC_CONCURRENT freed 206K, 9% free 10737K/11719K, paused 2ms+2ms
07-05 14:42:36.422   545   548 D dalvikvm: GC_CONCURRENT freed 326K, 7% free 10918K/11719K, paused 2ms+3ms
07-05 14:42:36.511   156   333 D Tethering: MasterInitialState.processMessage what=3
07-05 14:42:36.566  1190  1190 I MediaUploader: No need to wake up
07-05 14:42:36.582  1086  1105 D PicasaSyncManager: active network: NetworkInfo: type: WIFI[], state: CONNECTED/CONNECTED, reason: (unspecified), extra: (none), roaming: false, failover: false, isAvailable: true
07-05 14:42:36.582  1086  1105 D PicasaSyncManager: background data: true
07-05 14:42:36.617   414   414 D dalvikvm: GC_FOR_ALLOC freed 448K, 38% free 10219K/16263K, paused 19ms
07-05 14:42:36.672   682   685 D dalvikvm: GC_CONCURRENT freed 396K, 9% free 10126K/11079K, paused 2ms+23ms
07-05 14:42:36.703   414   416 D dalvikvm: GC_CONCURRENT freed 358K, 37% free 10333K/16263K, paused 2ms+3ms
07-05 14:42:36.902  1370 16645 E DictionaryProvider:UpdateHandler: Can't read a file : android.util.MalformedJsonException: Use JsonReader.setLenient(true) to accept malformed JSON at line 1 column 20
07-05 14:42:37.027   545   548 D dalvikvm: GC_CONCURRENT freed 886K, 11% free 10540K/11719K, paused 2ms+2ms
07-05 14:42:37.304   545   548 D dalvikvm: GC_CONCURRENT freed 416K, 11% free 10514K/11719K, paused 2ms+2ms
07-05 14:42:37.636   545   548 D dalvikvm: GC_CONCURRENT freed 403K, 11% free 10502K/11719K, paused 2ms+2ms
07-05 14:42:37.687   545 16648 I DownloadManager: Initiating request for download 5800
07-05 14:42:37.800   545   548 D dalvikvm: GC_CONCURRENT freed 163K, 9% free 10755K/11719K, paused 2ms+2ms
07-05 14:42:37.925   545   548 D dalvikvm: GC_CONCURRENT freed 326K, 7% free 10933K/11719K, paused 1ms+2ms
07-05 14:42:38.211   545   548 D dalvikvm: GC_CONCURRENT freed 912K, 11% free 10532K/11719K, paused 1ms+3ms
07-05 14:42:38.472   545   548 D dalvikvm: GC_CONCURRENT freed 410K, 11% free 10513K/11719K, paused 1ms+2ms
07-05 14:42:38.715   545 16651 I DownloadManager: Initiating request for download 5801
07-05 14:42:38.773   545   548 D dalvikvm: GC_CONCURRENT freed 388K, 11% free 10532K/11719K, paused 2ms+4ms
07-05 14:42:38.906   545   548 D dalvikvm: GC_CONCURRENT freed 176K, 8% free 10792K/11719K, paused 2ms+3ms
07-05 14:42:39.039   545   548 D dalvikvm: GC_CONCURRENT freed 444K, 8% free 10846K/11719K, paused 2ms+2ms
07-05 14:42:39.215  1370 16653 E DictionaryProvider:UpdateHandler: Can't read a file : android.util.MalformedJsonException: Use JsonReader.setLenient(true) to accept malformed JSON at line 1 column 20
07-05 14:42:39.347   545   548 D dalvikvm: GC_CONCURRENT freed 794K, 11% free 10539K/11719K, paused 1ms+2ms
07-05 14:42:39.547   414   416 D dalvikvm: GC_CONCURRENT freed 397K, 37% free 10387K/16263K, paused 2ms+3ms
07-05 14:42:39.652   545   548 D dalvikvm: GC_CONCURRENT freed 416K, 11% free 10514K/11719K, paused 2ms+2ms
07-05 14:42:39.875   545 16656 I DownloadManager: Initiating request for download 5801
07-05 14:42:39.941   545   548 D dalvikvm: GC_CONCURRENT freed 342K, 10% free 10578K/11719K, paused 2ms+3ms
07-05 14:42:40.109   545   548 D dalvikvm: GC_CONCURRENT freed 214K, 8% free 10869K/11719K, paused 2ms+3ms
07-05 14:42:40.258   545   548 D dalvikvm: GC_CONCURRENT freed 536K, 8% free 10857K/11719K, paused 1ms+3ms
07-05 14:42:40.441   545 16659 I DownloadManager: in removeSpuriousFiles
07-05 14:42:40.504   545 16659 D dalvikvm: GC_FOR_ALLOC freed 736K, 9% free 10733K/11719K, paused 24ms
07-05 14:42:40.562   545 16659 I DownloadManager: in removeSpuriousFiles, preserving file /data/data/com.android.providers.downloads/cache/metadata-55.htm
07-05 14:42:40.562   545 16659 I DownloadManager: in removeSpuriousFiles, preserving file /data/data/com.android.providers.downloads/cache/metadata-431.htm
07-05 14:42:40.562   545 16659 I DownloadManager: in removeSpuriousFiles, preserving file /data/data/com.android.providers.downloads/cache/metadata-496.htm
07-05 14:42:40.562   545 16659 I DownloadManager: in removeSpuriousFiles, preserving file /data/data/com.android.providers.downloads/cache/metadata-41.htm
07-05 14:42:40.562   545 16659 I DownloadManager: in removeSpuriousFiles, preserving file /data/data/com.android.providers.downloads/cache/metadata-559.htm
07-05 14:42:40.566   545 16659 I DownloadManager: in removeSpuriousFiles, preserving file /data/data/com.android.providers.downloads/cache/metadata-624.htm
07-05 14:42:40.566   545 16659 I DownloadManager: in removeSpuriousFiles, preserving file /data/data/com.android.providers.downloads/cache/metadata-58.htm
07-05 14:42:40.566   545 16659 I DownloadManager: in removeSpuriousFiles, preserving file /data/data/com.android.providers.downloads/cache/metadata-1290.htm
07-05 14:42:40.566   545 16659 I DownloadManager: in removeSpuriousFiles, preserving file /data/data/com.android.providers.downloads/cache/metadata-1901.htm
07-05 14:42:40.566   545 16659 I DownloadManager: in removeSpuriousFiles, preserving file /data/data/com.android.providers.downloads/cache/metadata-823.htm
07-05 14:42:40.566   545 16659 I DownloadManager: in removeSpuriousFiles, preserving file /data/data/com.android.providers.downloads/cache/metadata-575.htm
07-05 14:42:40.566   545 16659 I DownloadManager: in removeSpuriousFiles, preserving file /data/data/com.android.providers.downloads/cache/metadata-1177.htm
07-05 14:42:40.566   545 16659 I DownloadManager: in removeSpuriousFiles, preserving file /data/data/com.android.providers.downloads/cache/metadata-341.htm
07-05 14:42:40.566   545 16659 I DownloadManager: in removeSpuriousFiles, preserving file /data/data/com.android.providers.downloads/cache/metadata-564.htm
07-05 14:42:40.566   545 16659 I DownloadManager: in removeSpuriousFiles, preserving file /data/data/com.android.providers.downloads/cache/metadata-581.htm
07-05 14:42:40.570   545 16659 I DownloadManager: in removeSpuriousFiles, preserving file /data/data/com.android.providers.downloads/cache/metadata-549.htm
07-05 14:42:40.570   545 16659 I DownloadManager: in removeSpuriousFiles, preserving file /data/data/com.android.providers.downloads/cache/metadata-1115.htm
07-05 14:42:40.570   545 16659 I DownloadManager: in removeSpuriousFiles, preserving file /data/data/com.android.providers.downloads/cache/metadata-543.htm
07-05 14:42:40.570   545 16659 I DownloadManager: in removeSpuriousFiles, preserving file /data/data/com.android.providers.downloads/cache/metadata-1254.htm
07-05 14:42:40.570   545 16659 I DownloadManager: in removeSpuriousFiles, preserving file /data/data/com.android.providers.downloads/cache/metadata-214.htm
07-05 14:42:40.570   545 16659 I DownloadManager: in removeSpuriousFiles, preserving file /data/data/com.android.providers.downloads/cache/metadata-1248.htm
07-05 14:42:40.570   545 16659 I DownloadManager: in removeSpuriousFiles, preserving file /data/data/com.android.providers.downloads/cache/metadata-816.htm
07-05 14:42:40.570   545 16659 I DownloadManager: in removeSpuriousFiles, preserving file /data/data/com.android.providers.downloads/cache/metadata-464.htm
07-05 14:42:40.574   545 16659 I DownloadManager: in removeSpuriousFiles, preserving file /data/data/com.android.providers.downloads/cache/metadata-425.htm
07-05 14:42:40.574   545 16659 I DownloadManager: in removeSpuriousFiles, preserving file /data/data/com.android.providers.downloads/cache/metadata-376.htm
07-05 14:42:40.574   545 16659 I DownloadManager: in removeSpuriousFiles, preserving file /data/data/com.android.providers.downloads/cache/metadata-414.htm
07-05 14:42:40.574   545 16659 I DownloadManager: in removeSpuriousFiles, preserving file /data/data/com.android.providers.downloads/cache/metadata-1295.htm
07-05 14:42:40.574   545 16659 I DownloadManager: in removeSpuriousFiles, preserving file /data/data/com.android.providers.downloads/cache/metadata-928.htm
07-05 14:42:40.574   545 16659 I DownloadManager: in removeSpuriousFiles, preserving file /data/data/com.android.providers.downloads/cache/metadata-674.htm
07-05 14:42:40.574   545 16659 I DownloadManager: in removeSpuriousFiles, preserving file /data/data/com.android.providers.downloads/cache/metadata-964.htm
07-05 14:42:40.578   545 16659 I DownloadManager: in removeSpuriousFiles, preserving file /data/data/com.android.providers.downloads/cache/metadata-222.htm
07-05 14:42:40.578   545 16659 I DownloadManager: in removeSpuriousFiles, preserving file /data/data/com.android.providers.downloads/cache/metadata-545.htm
07-05 14:42:40.578   545 16659 I DownloadManager: in removeSpuriousFiles, preserving file /data/data/com.android.providers.downloads/cache/metadata-443.htm
07-05 14:42:40.578   545 16659 I DownloadManager: in removeSpuriousFiles, preserving file /data/data/com.android.providers.downloads/cache/metadata-342.htm
07-05 14:42:40.578   545 16659 I DownloadManager: in removeSpuriousFiles, preserving file /data/data/com.android.providers.downloads/cache/metadata-2310.htm
07-05 14:42:40.578   545 16659 I DownloadManager: in removeSpuriousFiles, preserving file /data/data/com.android.providers.downloads/cache/metadata-1199.htm
07-05 14:42:40.578   545 16659 I DownloadManager: in removeSpuriousFiles, preserving file /data/data/com.android.providers.downloads/cache/metadata-2476.htm
07-05 14:42:40.582   545 16659 I DownloadManager: in removeSpuriousFiles, preserving file /data/data/com.android.providers.downloads/cache/metadata-407.htm
07-05 14:42:40.582   545 16659 I DownloadManager: in removeSpuriousFiles, preserving file /data/data/com.android.providers.downloads/cache/metadata-631.htm
07-05 14:42:40.582   545 16659 I DownloadManager: in removeSpuriousFiles, preserving file /data/data/com.android.providers.downloads/cache/metadata-1006.htm
07-05 14:42:40.582   545 16659 I DownloadManager: in removeSpuriousFiles, preserving file /data/data/com.android.providers.downloads/cache/metadata-1349.htm
07-05 14:42:40.582   545 16659 I DownloadManager: in removeSpuriousFiles, preserving file /data/data/com.android.providers.downloads/cache/metadata-1686.htm
07-05 14:42:40.582   545 16659 I DownloadManager: in removeSpuriousFiles, preserving file /data/data/com.android.providers.downloads/cache/metadata-854.htm
07-05 14:42:40.586   545 16659 I DownloadManager: in removeSpuriousFiles, preserving file /data/data/com.android.providers.downloads/cache/metadata-131.htm
07-05 14:42:40.586   545 16659 I DownloadManager: in removeSpuriousFiles, preserving file /data/data/com.android.providers.downloads/cache/metadata-352.htm
07-05 14:42:40.586   545 16659 I DownloadManager: in removeSpuriousFiles, preserving file /data/data/com.android.providers.downloads/cache/metadata-630.htm
07-05 14:42:40.586   545 16659 I DownloadManager: in removeSpuriousFiles, preserving file /data/data/com.android.providers.downloads/cache/metadata-971.htm
07-05 14:42:40.586   545 16659 I DownloadManager: in removeSpuriousFiles, preserving file /data/data/com.android.providers.downloads/cache/metadata-1228.htm
07-05 14:42:40.590   545 16659 I DownloadManager: in removeSpuriousFiles, preserving file /data/data/com.android.providers.downloads/cache/metadata-278.htm
07-05 14:42:40.590   545 16659 I DownloadManager: in removeSpuriousFiles, preserving file /data/data/com.android.providers.downloads/cache/metadata-858.htm
07-05 14:42:40.590   545 16659 I DownloadManager: in removeSpuriousFiles, preserving file /data/data/com.android.providers.downloads/cache/metadata-826.htm
07-05 14:42:40.590   545 16659 I DownloadManager: in removeSpuriousFiles, preserving file /data/data/com.android.providers.downloads/cache/metadata-614.htm
07-05 14:42:40.590   545 16659 I DownloadManager: in removeSpuriousFiles, preserving file /data/data/com.android.providers.downloads/cache/metadata-434.htm
07-05 14:42:40.590   545 16659 I DownloadManager: in removeSpuriousFiles, preserving file /data/data/com.android.providers.downloads/cache/metadata-1022.htm
07-05 14:42:40.593   545 16659 I DownloadManager: in removeSpuriousFiles, preserving file /data/data/com.android.providers.downloads/cache/metadata-597.htm
07-05 14:42:40.593   545 16659 I DownloadManager: in removeSpuriousFiles, preserving file /data/data/com.android.providers.downloads/cache/metadata-166.htm
07-05 14:42:40.593   545 16659 I DownloadManager: in removeSpuriousFiles, preserving file /data/data/com.android.providers.downloads/cache/metadata-450.htm
07-05 14:42:40.593   545 16659 I DownloadManager: in removeSpuriousFiles, preserving file /data/data/com.android.providers.downloads/cache/metadata-1230.htm
07-05 14:42:40.593   545 16659 I DownloadManager: in removeSpuriousFiles, preserving file /data/data/com.android.providers.downloads/cache/metadata-1107.htm
07-05 14:42:40.597   545 16659 I DownloadManager: in removeSpuriousFiles, preserving file /data/data/com.android.providers.downloads/cache/metadata-1303.htm
07-05 14:42:40.597   545 16659 I DownloadManager: in removeSpuriousFiles, preserving file /data/data/com.android.providers.downloads/cache/metadata-393.htm
07-05 14:42:40.597   545 16659 I DownloadManager: in removeSpuriousFiles, preserving file /data/data/com.android.providers.downloads/cache/metadata-1058.htm
07-05 14:42:40.597   545 16659 I DownloadManager: in removeSpuriousFiles, preserving file /data/data/com.android.providers.downloads/cache/metadata-100.htm
07-05 14:42:40.597   545 16659 I DownloadManager: in removeSpuriousFiles, preserving file /data/data/com.android.providers.downloads/cache/metadata-530.htm
07-05 14:42:40.601   545 16659 I DownloadManager: in removeSpuriousFiles, preserving file /data/data/com.android.providers.downloads/cache/metadata-221.htm
07-05 14:42:40.601   545 16659 I DownloadManager: in removeSpuriousFiles, preserving file /data/data/com.android.providers.downloads/cache/metadata-455.htm
07-05 14:42:40.601   545 16659 I DownloadManager: in removeSpuriousFiles, preserving file /data/data/com.android.providers.downloads/cache/metadata-547.htm
07-05 14:42:40.601   545 16659 I DownloadManager: in removeSpuriousFiles, preserving file /data/data/com.android.providers.downloads/cache/metadata-1363.htm
07-05 14:42:40.601   545 16659 I DownloadManager: in removeSpuriousFiles, preserving file /data/data/com.android.providers.downloads/cache/metadata-1719.htm
07-05 14:42:40.605   545 16659 I DownloadManager: in removeSpuriousFiles, preserving file /data/data/com.android.providers.downloads/cache/metadata-1341.htm
07-05 14:42:40.605   545 16659 I DownloadManager: in removeSpuriousFiles, preserving file /data/data/com.android.providers.downloads/cache/metadata-1134.htm
07-05 14:42:40.605   545 16659 I DownloadManager: in removeSpuriousFiles, preserving file /data/data/com.android.providers.downloads/cache/metadata-1681.htm
07-05 14:42:40.605   545 16659 I DownloadManager: in removeSpuriousFiles, preserving file /data/data/com.android.providers.downloads/cache/metadata-542.htm
07-05 14:42:40.609   545 16659 I DownloadManager: in removeSpuriousFiles, preserving file /data/data/com.android.providers.downloads/cache/metadata-1905.htm
07-05 14:42:40.613   545 16659 I DownloadManager: in removeSpuriousFiles, preserving file /data/data/com.android.providers.downloads/cache/metadata-948.htm
07-05 14:42:40.613   545 16659 I DownloadManager: in removeSpuriousFiles, preserving file /data/data/com.android.providers.downloads/cache/metadata-668.htm
07-05 14:42:40.613   545 16659 I DownloadManager: in removeSpuriousFiles, preserving file /data/data/com.android.providers.downloads/cache/metadata-1062.htm
07-05 14:42:40.613   545 16659 I DownloadManager: in removeSpuriousFiles, preserving file /data/data/com.android.providers.downloads/cache/metadata-1546.htm
07-05 14:42:40.613   545 16659 I DownloadManager: in removeSpuriousFiles, preserving file /data/data/com.android.providers.downloads/cache/metadata-129.htm
07-05 14:42:40.617   545 16659 I DownloadManager: in removeSpuriousFiles, preserving file /data/data/com.android.providers.downloads/cache/metadata-981.htm
07-05 14:42:40.617   545 16659 I DownloadManager: in removeSpuriousFiles, preserving file /data/data/com.android.providers.downloads/cache/metadata-912.htm
07-05 14:42:40.617   545 16659 I DownloadManager: in removeSpuriousFiles, preserving file /data/data/com.android.providers.downloads/cache/metadata-1085.htm
07-05 14:42:40.617   545 16659 I DownloadManager: in removeSpuriousFiles, preserving file /data/data/com.android.providers.downloads/cache/metadata-942.htm
07-05 14:42:40.621   545 16659 I DownloadManager: in removeSpuriousFiles, preserving file /data/data/com.android.providers.downloads/cache/metadata-1076.htm
07-05 14:42:40.621   545 16659 I DownloadManager: in removeSpuriousFiles, preserving file /data/data/com.android.providers.downloads/cache/metadata-1237.htm
07-05 14:42:40.621   545 16659 I DownloadManager: in removeSpuriousFiles, preserving file /data/data/com.android.providers.downloads/cache/metadata-1418.htm
07-05 14:42:40.621   545 16659 I DownloadManager: in removeSpuriousFiles, preserving file /data/data/com.android.providers.downloads/cache/metadata-1310.htm
07-05 14:42:40.625   545 16659 I DownloadManager: in removeSpuriousFiles, preserving file /data/data/com.android.providers.downloads/cache/metadata-2162.htm
07-05 14:42:40.625   545 16659 I DownloadManager: in removeSpuriousFiles, preserving file /data/data/com.android.providers.downloads/cache/metadata-1402.htm
07-05 14:42:40.625   545 16659 I DownloadManager: in removeSpuriousFiles, preserving file /data/data/com.android.providers.downloads/cache/metadata-2900.htm
07-05 14:42:40.625   545 16659 I DownloadManager: in removeSpuriousFiles, preserving file /data/data/com.android.providers.downloads/cache/metadata-1108.htm
07-05 14:42:40.625   545 16659 I DownloadManager: in removeSpuriousFiles, preserving file /data/data/com.android.providers.downloads/cache/metadata-2225.htm
07-05 14:42:40.629   545 16659 I DownloadManager: in removeSpuriousFiles, preserving file /data/data/com.android.providers.downloads/cache/metadata-1366.htm
07-05 14:42:40.629   545 16659 I DownloadManager: in removeSpuriousFiles, preserving file /data/data/com.android.providers.downloads/cache/metadata-1264.htm
07-05 14:42:40.629   545 16659 I DownloadManager: in removeSpuriousFiles, preserving file /data/data/com.android.providers.downloads/cache/metadata-519.htm
07-05 14:42:40.629   545 16659 I DownloadManager: in removeSpuriousFiles, preserving file /data/data/com.android.providers.downloads/cache/metadata-596.htm
07-05 14:42:40.633   545 16659 I DownloadManager: in removeSpuriousFiles, preserving file /data/data/com.android.providers.downloads/cache/metadata-1345.htm
07-05 14:42:40.633   545 16659 I DownloadManager: in removeSpuriousFiles, preserving file /data/data/com.android.providers.downloads/cache/metadata-1285.htm
07-05 14:42:40.633   545 16659 I DownloadManager: in removeSpuriousFiles, preserving file /data/data/com.android.providers.downloads/cache/metadata-1624.htm
07-05 14:42:40.633   545 16659 I DownloadManager: in removeSpuriousFiles, preserving file /data/data/com.android.providers.downloads/cache/metadata-1092.htm
07-05 14:42:40.636   545 16659 I DownloadManager: in removeSpuriousFiles, preserving file /data/data/com.android.providers.downloads/cache/metadata-1417.htm
07-05 14:42:40.636   545 16659 I DownloadManager: in removeSpuriousFiles, preserving file /data/data/com.android.providers.downloads/cache/metadata-1257.htm
07-05 14:42:40.636   545 16659 I DownloadManager: in removeSpuriousFiles, preserving file /data/data/com.android.providers.downloads/cache/metadata-2700.htm
07-05 14:42:40.636   545 16659 I DownloadManager: in removeSpuriousFiles, preserving file /data/data/com.android.providers.downloads/cache/metadata-1043.htm
07-05 14:42:40.640   545 16659 I DownloadManager: in removeSpuriousFiles, preserving file /data/data/com.android.providers.downloads/cache/metadata-1576.htm
07-05 14:42:40.640   545 16659 I DownloadManager: in removeSpuriousFiles, preserving file /data/data/com.android.providers.downloads/cache/metadata-2785.htm
07-05 14:42:40.668   545   548 D dalvikvm: GC_CONCURRENT freed 387K, 7% free 10917K/11719K, paused 2ms+7ms
07-05 14:42:40.668   545 16659 I DownloadManager: in removeSpuriousFiles, preserving file /data/data/com.android.providers.downloads/cache/metadata-515.htm
07-05 14:42:40.668   545 16659 I DownloadManager: in removeSpuriousFiles, preserving file /data/data/com.android.providers.downloads/cache/metadata-2164.htm
07-05 14:42:40.672   545 16659 I DownloadManager: in removeSpuriousFiles, preserving file /data/data/com.android.providers.downloads/cache/metadata-584.htm
07-05 14:42:40.672   545 16659 I DownloadManager: in removeSpuriousFiles, preserving file /data/data/com.android.providers.downloads/cache/metadata-541.htm
07-05 14:42:40.672   545 16659 I DownloadManager: in removeSpuriousFiles, preserving file /data/data/com.android.providers.downloads/cache/metadata-1859.htm
07-05 14:42:40.679   545 16659 I DownloadManager: in removeSpuriousFiles, preserving file /data/data/com.android.providers.downloads/cache/metadata-1439.htm
07-05 14:42:40.679   545 16659 I DownloadManager: in removeSpuriousFiles, preserving file /data/data/com.android.providers.downloads/cache/metadata-2326.htm
07-05 14:42:40.679   545 16659 I DownloadManager: in removeSpuriousFiles, preserving file /data/data/com.android.providers.downloads/cache/metadata-778.htm
07-05 14:42:40.683   545 16659 I DownloadManager: in removeSpuriousFiles, preserving file /data/data/com.android.providers.downloads/cache/metadata-1278.htm
07-05 14:42:40.683   545 16659 I DownloadManager: in removeSpuriousFiles, preserving file /data/data/com.android.providers.downloads/cache/metadata-2860.htm
07-05 14:42:40.683   545 16659 I DownloadManager: in removeSpuriousFiles, preserving file /data/data/com.android.providers.downloads/cache/metadata-1389.htm
07-05 14:42:40.683   545 16659 I DownloadManager: in removeSpuriousFiles, preserving file /data/data/com.android.providers.downloads/cache/metadata-24.htm
07-05 14:42:40.683   545 16659 I DownloadManager: in removeSpuriousFiles, preserving file /data/data/com.android.providers.downloads/cache/metadata-54.htm
07-05 14:42:40.683   545 16659 I DownloadManager: in removeSpuriousFiles, preserving file /data/data/com.android.providers.downloads/cache/metadata-5.htm
07-05 14:42:40.687   545 16659 I DownloadManager: in removeSpuriousFiles, preserving file /data/data/com.android.providers.downloads/cache/metadata-16.htm
07-05 14:42:40.687   545 16659 I DownloadManager: in removeSpuriousFiles, preserving file /data/data/com.android.providers.downloads/cache/metadata-59.htm
07-05 14:42:40.687   545 16659 I DownloadManager: in removeSpuriousFiles, preserving file /data/data/com.android.providers.downloads/cache/metadata-21.htm
07-05 14:42:40.687   545 16659 I DownloadManager: in removeSpuriousFiles, preserving file /data/data/com.android.providers.downloads/cache/metadata-12.htm
07-05 14:42:40.687   545 16659 I DownloadManager: in removeSpuriousFiles, preserving file /data/data/com.android.providers.downloads/cache/metadata-1518.htm
07-05 14:42:40.687   545 16659 I DownloadManager: in removeSpuriousFiles, preserving file /data/data/com.android.providers.downloads/cache/metadata-511.htm
07-05 14:42:40.687   545 16659 I DownloadManager: in removeSpuriousFiles, preserving file /data/data/com.android.providers.downloads/cache/metadata-415.htm
07-05 14:42:40.687   545 16659 I DownloadManager: in removeSpuriousFiles, preserving file /data/data/com.android.providers.downloads/cache/metadata-22.htm
07-05 14:42:40.687   545 16659 I DownloadManager: in removeSpuriousFiles, preserving file /data/data/com.android.providers.downloads/cache/metadata-879.htm
07-05 14:42:40.687   545 16659 I DownloadManager: in removeSpuriousFiles, preserving file /data/data/com.android.providers.downloads/cache/metadata-1153.htm
07-05 14:42:40.687   545 16659 I DownloadManager: in removeSpuriousFiles, preserving file /data/data/com.android.providers.downloads/cache/metadata-503.htm
07-05 14:42:40.687   545 16659 I DownloadManager: in removeSpuriousFiles, preserving file /data/data/com.android.providers.downloads/cache/metadata-130.htm
07-05 14:42:40.687   545 16659 I DownloadManager: in removeSpuriousFiles, preserving file /data/data/com.android.providers.downloads/cache/metadata-421.htm
07-05 14:42:40.687   545 16659 I DownloadManager: in removeSpuriousFiles, preserving file /data/data/com.android.providers.downloads/cache/metadata-1239.htm
07-05 14:42:40.687   545 16659 I DownloadManager: in removeSpuriousFiles, preserving file /data/data/com.android.providers.downloads/cache/metadata-1970.htm
07-05 14:42:40.687   545 16659 I DownloadManager: in removeSpuriousFiles, preserving file /data/data/com.android.providers.downloads/cache/metadata-610.htm
07-05 14:42:40.687   545 16659 I DownloadManager: in removeSpuriousFiles, preserving file /data/data/com.android.providers.downloads/cache/metadata-539.htm
07-05 14:42:40.687   545 16659 I DownloadManager: in removeSpuriousFiles, preserving file /data/data/com.android.providers.downloads/cache/metadata-837.htm
07-05 14:42:40.687   545 16659 I DownloadManager: in removeSpuriousFiles, preserving file /data/data/com.android.providers.downloads/cache/metadata-11.htm
07-05 14:42:40.691   545 16659 I DownloadManager: in removeSpuriousFiles, preserving file /data/data/com.android.providers.downloads/cache/metadata-325.htm
07-05 14:42:40.691   545 16659 I DownloadManager: in removeSpuriousFiles, preserving file /data/data/com.android.providers.downloads/cache/metadata-1427.htm
07-05 14:42:40.691   545 16659 I DownloadManager: in removeSpuriousFiles, preserving file /data/data/com.android.providers.downloads/cache/metadata-586.htm
07-05 14:42:40.691   545 16659 I DownloadManager: in removeSpuriousFiles, preserving file /data/data/com.android.providers.downloads/cache/metadata-62.htm
07-05 14:42:40.691   545 16659 I DownloadManager: in removeSpuriousFiles, preserving file /data/data/com.android.providers.downloads/cache/metadata-513.htm
07-05 14:42:40.691   545 16659 I DownloadManager: in removeSpuriousFiles, preserving file /data/data/com.android.providers.downloads/cache/metadata-538.htm
07-05 14:42:40.691   545 16659 I DownloadManager: in removeSpuriousFiles, preserving file /data/data/com.android.providers.downloads/cache/metadata-583.htm
07-05 14:42:40.691   545 16659 I DownloadManager: in removeSpuriousFiles, preserving file /data/data/com.android.providers.downloads/cache/metadata-416.htm
07-05 14:42:40.695   545 16659 I DownloadManager: in removeSpuriousFiles, preserving file /data/data/com.android.providers.downloads/cache/metadata-736.htm
07-05 14:42:40.695   545 16659 I DownloadManager: in removeSpuriousFiles, preserving file /data/data/com.android.providers.downloads/cache/metadata-1243.htm
07-05 14:42:40.695   545 16659 I DownloadManager: in removeSpuriousFiles, preserving file /data/data/com.android.providers.downloads/cache/metadata-499.htm
07-05 14:42:40.695   545 16659 I DownloadManager: in removeSpuriousFiles, preserving file /data/data/com.android.providers.downloads/cache/metadata-639.htm
07-05 14:42:40.695   545 16659 I DownloadManager: in removeSpuriousFiles, preserving file /data/data/com.android.providers.downloads/cache/metadata-529.htm
07-05 14:42:40.695   545 16659 I DownloadManager: in removeSpuriousFiles, preserving file /data/data/com.android.providers.downloads/cache/metadata-1365.htm
07-05 14:42:40.695   545 16659 I DownloadManager: in removeSpuriousFiles, preserving file /data/data/com.android.providers.downloads/cache/metadata-177.htm
07-05 14:42:40.699   545 16659 I DownloadManager: in removeSpuriousFiles, preserving file /data/data/com.android.providers.downloads/cache/metadata-230.htm
07-05 14:42:40.699   545 16659 I DownloadManager: in removeSpuriousFiles, preserving file /data/data/com.android.providers.downloads/cache/metadata-1788.htm
07-05 14:42:40.699   545 16659 I DownloadManager: in removeSpuriousFiles, preserving file /data/data/com.android.providers.downloads/cache/metadata-470.htm
07-05 14:42:40.699   545 16659 I DownloadManager: in removeSpuriousFiles, preserving file /data/data/com.android.providers.downloads/cache/metadata-561.htm
07-05 14:42:40.699   545 16659 I DownloadManager: in removeSpuriousFiles, preserving file /data/data/com.android.providers.downloads/cache/metadata-935.htm
07-05 14:42:40.699   545 16659 I DownloadManager: in removeSpuriousFiles, preserving file /data/data/com.android.providers.downloads/cache/metadata-501.htm
07-05 14:42:40.703   545 16659 I DownloadManager: in removeSpuriousFiles, preserving file /data/data/com.android.providers.downloads/cache/metadata-1443.htm
07-05 14:42:40.703   545 16659 I DownloadManager: in removeSpuriousFiles, preserving file /data/data/com.android.providers.downloads/cache/metadata-259.htm
07-05 14:42:40.703   545 16659 I DownloadManager: in removeSpuriousFiles, preserving file /data/data/com.android.providers.downloads/cache/metadata-1709.htm
07-05 14:42:40.703   545 16659 I DownloadManager: in removeSpuriousFiles, preserving file /data/data/com.android.providers.downloads/cache/metadata-765.htm
07-05 14:42:40.703   545 16659 I DownloadManager: in removeSpuriousFiles, preserving file /data/data/com.android.providers.downloads/cache/metadata-905.htm
07-05 14:42:40.703   545 16659 I DownloadManager: in removeSpuriousFiles, preserving file /data/data/com.android.providers.downloads/cache/metadata-1432.htm
07-05 14:42:40.707   545 16659 I DownloadManager: in removeSpuriousFiles, preserving file /data/data/com.android.providers.downloads/cache/metadata-735.htm
07-05 14:42:40.707   545 16659 I DownloadManager: in removeSpuriousFiles, preserving file /data/data/com.android.providers.downloads/cache/metadata-67.htm
07-05 14:42:40.707   545 16659 I DownloadManager: in removeSpuriousFiles, preserving file /data/data/com.android.providers.downloads/cache/metadata-324.htm
07-05 14:42:40.707   545 16659 I DownloadManager: in removeSpuriousFiles, preserving file /data/data/com.android.providers.downloads/cache/metadata-199.htm
07-05 14:42:40.707   545 16659 I DownloadManager: in removeSpuriousFiles, preserving file /data/data/com.android.providers.downloads/cache/metadata-2159.htm
07-05 14:42:40.707   545 16659 I DownloadManager: in removeSpuriousFiles, preserving file /data/data/com.android.providers.downloads/cache/metadata-1214.htm
07-05 14:42:40.711   545 16659 I DownloadManager: in removeSpuriousFiles, preserving file /data/data/com.android.providers.downloads/cache/metadata-1012.htm
07-05 14:42:40.711   545 16659 I DownloadManager: in removeSpuriousFiles, preserving file /data/data/com.android.providers.downloads/cache/metadata-751.htm
07-05 14:42:40.711   545 16659 I DownloadManager: in removeSpuriousFiles, preserving file /data/data/com.android.providers.downloads/cache/metadata-379.htm
07-05 14:42:40.711   545 16659 I DownloadManager: in removeSpuriousFiles, preserving file /data/data/com.android.providers.downloads/cache/metadata-442.htm
07-05 14:42:40.711   545 16659 I DownloadManager: in removeSpuriousFiles, preserving file /data/data/com.android.providers.downloads/cache/metadata-611.htm
07-05 14:42:40.711   545 16659 I DownloadManager: in removeSpuriousFiles, preserving file /data/data/com.android.providers.downloads/cache/metadata-1770.htm
07-05 14:42:40.715   545 16659 I DownloadManager: in removeSpuriousFiles, preserving file /data/data/com.android.providers.downloads/cache/metadata-91.htm
07-05 14:42:40.715   545 16659 I DownloadManager: in removeSpuriousFiles, preserving file /data/data/com.android.providers.downloads/cache/metadata-569.htm
07-05 14:42:40.715   545 16659 I DownloadManager: in removeSpuriousFiles, preserving file /data/data/com.android.providers.downloads/cache/metadata-99.htm
07-05 14:42:40.715   545 16659 I DownloadManager: in removeSpuriousFiles, preserving file /data/data/com.android.providers.downloads/cache/metadata-623.htm
07-05 14:42:40.715   545 16659 I DownloadManager: in removeSpuriousFiles, preserving file /data/data/com.android.providers.downloads/cache/metadata-1292.htm
07-05 14:42:40.718   545 16659 I DownloadManager: in removeSpuriousFiles, preserving file /data/data/com.android.providers.downloads/cache/metadata-1797.htm
07-05 14:42:40.718   545 16659 I DownloadManager: in removeSpuriousFiles, preserving file /data/data/com.android.providers.downloads/cache/metadata-897.htm
07-05 14:42:40.718   545 16659 I DownloadManager: in removeSpuriousFiles, preserving file /data/data/com.android.providers.downloads/cache/metadata-1804.htm
07-05 14:42:40.718   545 16659 I DownloadManager: in removeSpuriousFiles, preserving file /data/data/com.android.providers.downloads/cache/metadata-299.htm
07-05 14:42:40.718   545 16659 I DownloadManager: in removeSpuriousFiles, preserving file /data/data/com.android.providers.downloads/cache/metadata-922.htm
07-05 14:42:40.722   545 16659 I DownloadManager: in removeSpuriousFiles, preserving file /data/data/com.android.providers.downloads/cache/metadata-1154.htm
07-05 14:42:40.722   545 16659 I DownloadManager: in removeSpuriousFiles, preserving file /data/data/com.android.providers.downloads/cache/metadata-1852.htm
07-05 14:42:40.722   545 16659 I DownloadManager: in removeSpuriousFiles, preserving file /data/data/com.android.providers.downloads/cache/metadata-521.htm
07-05 14:42:40.722   545 16659 I DownloadManager: in removeSpuriousFiles, preserving file /data/data/com.android.providers.downloads/cache/metadata-560.htm
07-05 14:42:40.722   545 16659 I DownloadManager: in removeSpuriousFiles, preserving file /data/data/com.android.providers.downloads/cache/metadata-2176.htm
07-05 14:42:40.726   545 16659 I DownloadManager: in removeSpuriousFiles, preserving file /data/data/com.android.providers.downloads/cache/metadata-1086.htm
07-05 14:42:40.726   545 16659 I DownloadManager: in removeSpuriousFiles, preserving file /data/data/com.android.providers.downloads/cache/metadata-954.htm
07-05 14:42:40.726   545 16659 I DownloadManager: in removeSpuriousFiles, preserving file /data/data/com.android.providers.downloads/cache/metadata-557.htm
07-05 14:42:40.726   545 16659 I DownloadManager: in removeSpuriousFiles, preserving file /data/data/com.android.providers.downloads/cache/metadata-1200.htm
07-05 14:42:40.726   545 16659 I DownloadManager: in removeSpuriousFiles, preserving file /data/data/com.android.providers.downloads/cache/metadata-1138.htm
07-05 14:42:40.730   545 16659 I DownloadManager: in removeSpuriousFiles, preserving file /data/data/com.android.providers.downloads/cache/metadata-1429.htm
07-05 14:42:40.730   545 16659 I DownloadManager: in removeSpuriousFiles, preserving file /data/data/com.android.providers.downloads/cache/metadata-1297.htm
07-05 14:42:40.730   545 16659 I DownloadManager: in removeSpuriousFiles, preserving file /data/data/com.android.providers.downloads/cache/metadata-1534.htm
07-05 14:42:40.730   545 16659 I DownloadManager: in removeSpuriousFiles, preserving file /data/data/com.android.providers.downloads/cache/metadata-836.htm
07-05 14:42:40.730   545 16659 I DownloadManager: in removeSpuriousFiles, preserving file /data/data/com.android.providers.downloads/cache/metadata-1455.htm
07-05 14:42:40.734   545 16659 I DownloadManager: in removeSpuriousFiles, preserving file /data/data/com.android.providers.downloads/cache/metadata-1999.htm
07-05 14:42:40.734   545 16659 I DownloadManager: in removeSpuriousFiles, preserving file /data/data/com.android.providers.downloads/cache/metadata-1075.htm
07-05 14:42:40.734   545 16659 I DownloadManager: in removeSpuriousFiles, preserving file /data/data/com.android.providers.downloads/cache/metadata-884.htm
07-05 14:42:40.734   545 16659 I DownloadManager: in removeSpuriousFiles, preserving file /data/data/com.android.providers.downloads/cache/metadata-1055.htm
07-05 14:42:40.734   545 16659 I DownloadManager: in removeSpuriousFiles, preserving file /data/data/com.android.providers.downloads/cache/metadata-641.htm
07-05 14:42:40.738   545 16659 I DownloadManager: in removeSpuriousFiles, preserving file /data/data/com.android.providers.downloads/cache/metadata-2132.htm
07-05 14:42:40.738   545 16659 I DownloadManager: in removeSpuriousFiles, preserving file /data/data/com.android.providers.downloads/cache/metadata-750.htm
07-05 14:42:40.738   545 16659 I DownloadManager: in removeSpuriousFiles, preserving file /data/data/com.android.providers.downloads/cache/metadata-413.htm
07-05 14:42:40.738   545 16659 I DownloadManager: in removeSpuriousFiles, preserving file /data/data/com.android.providers.downloads/cache/metadata-1275.htm
07-05 14:42:40.742   545 16659 I DownloadManager: in removeSpuriousFiles, preserving file /data/data/com.android.providers.downloads/cache/metadata-676.htm
07-05 14:42:40.742   545 16659 I DownloadManager: in removeSpuriousFiles, preserving file /data/data/com.android.providers.downloads/cache/metadata-724.htm
07-05 14:42:40.742   545 16659 I DownloadManager: in removeSpuriousFiles, preserving file /data/data/com.android.providers.downloads/cache/metadata-1602.htm
07-05 14:42:40.742   545 16659 I DownloadManager: in removeSpuriousFiles, preserving file /data/data/com.android.providers.downloads/cache/metadata-1884.htm
07-05 14:42:40.742   545 16659 I DownloadManager: in removeSpuriousFiles, preserving file /data/data/com.android.providers.downloads/cache/metadata-911.htm
07-05 14:42:40.746   545 16659 I DownloadManager: in removeSpuriousFiles, preserving file /data/data/com.android.providers.downloads/cache/metadata-994.htm
07-05 14:42:40.746   545 16659 I DownloadManager: in removeSpuriousFiles, preserving file /data/data/com.android.providers.downloads/cache/metadata-594.htm
07-05 14:42:40.746   545 16659 I DownloadManager: in removeSpuriousFiles, preserving file /data/data/com.android.providers.downloads/cache/metadata-866.htm
07-05 14:42:40.746   545 16659 I DownloadManager: in removeSpuriousFiles, preserving file /data/data/com.android.providers.downloads/cache/metadata-1422.htm
07-05 14:42:40.750   545 16659 I DownloadManager: in removeSpuriousFiles, preserving file /data/data/com.android.providers.downloads/cache/metadata-1316.htm
07-05 14:42:40.750   545 16659 I DownloadManager: in removeSpuriousFiles, preserving file /data/data/com.android.providers.downloads/cache/metadata-1430.htm
07-05 14:42:40.750   545 16659 I DownloadManager: in removeSpuriousFiles, preserving file /data/data/com.android.providers.downloads/cache/metadata-820.htm
07-05 14:42:40.750   545 16659 I DownloadManager: in removeSpuriousFiles, preserving file /data/data/com.android.providers.downloads/cache/metadata-814.htm
07-05 14:42:40.754   545 16659 I DownloadManager: in removeSpuriousFiles, preserving file /data/data/com.android.providers.downloads/cache/metadata-1047.htm
07-05 14:42:40.754   545 16659 I DownloadManager: in removeSpuriousFiles, preserving file /data/data/com.android.providers.downloads/cache/metadata-1283.htm
07-05 14:42:40.754   545 16659 I DownloadManager: in removeSpuriousFiles, preserving file /data/data/com.android.providers.downloads/cache/metadata-1662.htm
07-05 14:42:40.754   545 16659 I DownloadManager: in removeSpuriousFiles, preserving file /data/data/com.android.providers.downloads/cache/metadata-1462.htm
07-05 14:42:40.758   545 16659 I DownloadManager: in removeSpuriousFiles, preserving file /data/data/com.android.providers.downloads/cache/metadata-1424.htm
07-05 14:42:40.758   545 16659 I DownloadManager: in removeSpuriousFiles, preserving file /data/data/com.android.providers.downloads/cache/metadata-1151.htm
07-05 14:42:40.758   545 16659 I DownloadManager: in removeSpuriousFiles, preserving file /data/data/com.android.providers.downloads/cache/metadata-1475.htm
07-05 14:42:40.758   545 16659 I DownloadManager: in removeSpuriousFiles, preserving file /data/data/com.android.providers.downloads/cache/metadata-670.htm
07-05 14:42:40.761   545 16659 I DownloadManager: in removeSpuriousFiles, preserving file /data/data/com.android.providers.downloads/cache/metadata-2137.htm
07-05 14:42:40.761   545 16659 I DownloadManager: in removeSpuriousFiles, preserving file /data/data/com.android.providers.downloads/cache/metadata-1176.htm
07-05 14:42:40.761   545 16659 I DownloadManager: in removeSpuriousFiles, preserving file /data/data/com.android.providers.downloads/cache/metadata-1460.htm
07-05 14:42:40.769   545 16659 I DownloadManager: in removeSpuriousFiles, preserving file /data/data/com.android.providers.downloads/cache/metadata-1434.htm
07-05 14:42:40.769   545 16659 I DownloadManager: in removeSpuriousFiles, preserving file /data/data/com.android.providers.downloads/cache/metadata-1064.htm
07-05 14:42:40.769   545 16659 I DownloadManager: in removeSpuriousFiles, preserving file /data/data/com.android.providers.downloads/cache/metadata-772.htm
07-05 14:42:40.769   545 16659 I DownloadManager: in removeSpuriousFiles, preserving file /data/data/com.android.providers.downloads/cache/metadata-1011.htm
07-05 14:42:40.773   545 16659 I DownloadManager: in removeSpuriousFiles, preserving file /data/data/com.android.providers.downloads/cache/metadata-1185.htm
07-05 14:42:40.773   545 16659 I DownloadManager: in removeSpuriousFiles, preserving file /data/data/com.android.providers.downloads/cache/metadata-2298.htm
07-05 14:42:40.773   545 16659 I DownloadManager: in removeSpuriousFiles, preserving file /data/data/com.android.providers.downloads/cache/metadata-1.htm
07-05 14:42:40.773   545 16659 I DownloadManager: in removeSpuriousFiles, preserving file /data/data/com.android.providers.downloads/cache/metadata-40.htm
07-05 14:42:40.773   545 16659 I DownloadManager: in removeSpuriousFiles, preserving file /data/data/com.android.providers.downloads/cache/metadata-42.htm
07-05 14:42:40.773   545 16659 I DownloadManager: in removeSpuriousFiles, preserving file /data/data/com.android.providers.downloads/cache/metadata-37.htm
07-05 14:42:40.773   545 16659 I DownloadManager: in removeSpuriousFiles, preserving file /data/data/com.android.providers.downloads/cache/metadata-1191.htm
07-05 14:42:40.773   545 16659 I DownloadManager: in removeSpuriousFiles, preserving file /data/data/com.android.providers.downloads/cache/metadata-44.htm
07-05 14:42:40.773   545 16659 I DownloadManager: in removeSpuriousFiles, preserving file /data/data/com.android.providers.downloads/cache/metadata-57.htm
07-05 14:42:40.773   545 16659 I DownloadManager: in removeSpuriousFiles, preserving file /data/data/com.android.providers.downloads/cache/metadata-71.htm
07-05 14:42:40.773   545 16659 I DownloadManager: in removeSpuriousFiles, preserving file /data/data/com.android.providers.downloads/cache/metadata-437.htm
07-05 14:42:40.773   545 16659 I DownloadManager: in removeSpuriousFiles, preserving file /data/data/com.android.providers.downloads/cache/metadata-53.htm
07-05 14:42:40.773   545 16659 I DownloadManager: in removeSpuriousFiles, preserving file /data/data/com.android.providers.downloads/cache/metadata-739.htm
07-05 14:42:40.773   545 16659 I DownloadManager: in removeSpuriousFiles, preserving file /data/data/com.android.providers.downloads/cache/metadata-205.htm
07-05 14:42:40.777   545 16659 I DownloadManager: in removeSpuriousFiles, preserving file /data/data/com.android.providers.downloads/cache/metadata-114.htm
07-05 14:42:40.777   545 16659 I DownloadManager: in removeSpuriousFiles, preserving file /data/data/com.android.providers.downloads/cache/metadata-151.htm
07-05 14:42:40.777   545 16659 I DownloadManager: in removeSpuriousFiles, preserving file /data/data/com.android.providers.downloads/cache/metadata-120.htm
07-05 14:42:40.777   545 16659 I DownloadManager: in removeSpuriousFiles, preserving file /data/data/com.android.providers.downloads/cache/metadata-319.htm
07-05 14:42:40.777   545 16659 I DownloadManager: in removeSpuriousFiles, preserving file /data/data/com.android.providers.downloads/cache/metadata-1554.htm
07-05 14:42:40.777   545 16659 I DownloadManager: in removeSpuriousFiles, preserving file /data/data/com.android.providers.downloads/cache/metadata-800.htm
07-05 14:42:40.777   545 16659 I DownloadManager: in removeSpuriousFiles, preserving file /data/data/com.android.providers.downloads/cache/metadata-143.htm
07-05 14:42:40.777   545 16659 I DownloadManager: in removeSpuriousFiles, preserving file /data/data/com.android.providers.downloads/cache/metadata-497.htm
07-05 14:42:40.777   545 16659 I DownloadManager: in removeSpuriousFiles, preserving file /data/data/com.android.providers.downloads/cache/metadata-201.htm
07-05 14:42:40.777   545 16659 I DownloadManager: in removeSpuriousFiles, preserving file /data/data/com.android.providers.downloads/cache/metadata-395.htm
07-05 14:42:40.777   545 16659 I DownloadManager: in removeSpuriousFiles, preserving file /data/data/com.android.providers.downloads/cache/metadata-68.htm
07-05 14:42:40.777   545 16659 I DownloadManager: in removeSpuriousFiles, preserving file /data/data/com.android.providers.downloads/cache/metadata-145.htm
07-05 14:42:40.777   545 16659 I DownloadManager: in removeSpuriousFiles, preserving file /data/data/com.android.providers.downloads/cache/metadata-430.htm
07-05 14:42:40.777   545 16659 I DownloadManager: in removeSpuriousFiles, preserving file /data/data/com.android.providers.downloads/cache/metadata-139.htm
07-05 14:42:40.777   545 16659 I DownloadManager: in removeSpuriousFiles, preserving file /data/data/com.android.providers.downloads/cache/metadata-398.htm
07-05 14:42:40.777   545 16659 I DownloadManager: in removeSpuriousFiles, preserving file /data/data/com.android.providers.downloads/cache/metadata-215.htm
07-05 14:42:40.777   545 16659 I DownloadManager: in removeSpuriousFiles, preserving file /data/data/com.android.providers.downloads/cache/metadata-1234.htm
07-05 14:42:40.777   545 16659 I DownloadManager: in removeSpuriousFiles, preserving file /data/data/com.android.providers.downloads/cache/metadata-960.htm
07-05 14:42:40.777   545 16659 I DownloadManager: in removeSpuriousFiles, preserving file /data/data/com.android.providers.downloads/cache/metadata-2120.htm
07-05 14:42:40.781   545 16659 I DownloadManager: in removeSpuriousFiles, preserving file /data/data/com.android.providers.downloads/cache/metadata-161.htm
07-05 14:42:40.781   545 16659 I DownloadManager: in removeSpuriousFiles, preserving file /data/data/com.android.providers.downloads/cache/metadata-225.htm
07-05 14:42:40.781   545 16659 I DownloadManager: in removeSpuriousFiles, preserving file /data/data/com.android.providers.downloads/cache/metadata-703.htm
07-05 14:42:40.781   545 16659 I DownloadManager: in removeSpuriousFiles, preserving file /data/data/com.android.providers.downloads/cache/metadata-1155.htm
07-05 14:42:40.781   545 16659 I DownloadManager: in removeSpuriousFiles, preserving file /data/data/com.android.providers.downloads/cache/metadata-949.htm
07-05 14:42:40.781   545 16659 I DownloadManager: in removeSpuriousFiles, preserving file /data/data/com.android.providers.downloads/cache/metadata-70.htm
07-05 14:42:40.781   545 16659 I DownloadManager: in removeSpuriousFiles, preserving file /data/data/com.android.providers.downloads/cache/metadata-125.htm
07-05 14:42:40.781   545 16659 I DownloadManager: in removeSpuriousFiles, preserving file /data/data/com.android.providers.downloads/cache/metadata-219.htm
07-05 14:42:40.781   545 16659 I DownloadManager: in removeSpuriousFiles, preserving file /data/data/com.android.providers.downloads/cache/metadata-1143.htm
07-05 14:42:40.781   545 16659 I DownloadManager: in removeSpuriousFiles, preserving file /data/data/com.android.providers.downloads/cache/metadata-135.htm
07-05 14:42:40.785   545 16659 I DownloadManager: in removeSpuriousFiles, preserving file /data/data/com.android.providers.downloads/cache/metadata-1077.htm
07-05 14:42:40.785   545 16659 I DownloadManager: in removeSpuriousFiles, preserving file /data/data/com.android.providers.downloads/cache/metadata-1300.htm
07-05 14:42:40.785   545 16659 I DownloadManager: in removeSpuriousFiles, preserving file /data/data/com.android.providers.downloads/cache/metadata-555.htm
07-05 14:42:40.785   545 16659 I DownloadManager: in removeSpuriousFiles, preserving file /data/data/com.android.providers.downloads/cache/metadata-315.htm
07-05 14:42:40.785   545 16659 I DownloadManager: in removeSpuriousFiles, preserving file /data/data/com.android.providers.downloads/cache/metadata-491.htm
07-05 14:42:40.785   545 16659 I DownloadManager: in removeSpuriousFiles, preserving file /data/data/com.android.providers.downloads/cache/metadata-185.htm
07-05 14:42:40.785   545 16659 I DownloadManager: in removeSpuriousFiles, preserving file /data/data/com.android.providers.downloads/cache/metadata-174.htm
07-05 14:42:40.789   545 16659 I DownloadManager: in removeSpuriousFiles, preserving file /data/data/com.android.providers.downloads/cache/metadata-762.htm
07-05 14:42:40.789   545 16659 I DownloadManager: in removeSpuriousFiles, preserving file /data/data/com.android.providers.downloads/cache/metadata-2249.htm
07-05 14:42:40.789   545 16659 I DownloadManager: in removeSpuriousFiles, preserving file /data/data/com.android.providers.downloads/cache/metadata-124.htm
07-05 14:42:40.789   545 16659 I DownloadManager: in removeSpuriousFiles, preserving file /data/data/com.android.providers.downloads/cache/metadata-1280.htm
07-05 14:42:40.789   545 16659 I DownloadManager: in removeSpuriousFiles, preserving file /data/data/com.android.providers.downloads/cache/metadata-1864.htm
07-05 14:42:40.789   545 16659 I DownloadManager: in removeSpuriousFiles, preserving file /data/data/com.android.providers.downloads/cache/metadata-1146.htm
07-05 14:42:40.789   545 16659 I DownloadManager: in removeSpuriousFiles, preserving file /data/data/com.android.providers.downloads/cache/metadata-1048.htm
07-05 14:42:40.793   545 16659 I DownloadManager: in removeSpuriousFiles, preserving file /data/data/com.android.providers.downloads/cache/metadata-761.htm
07-05 14:42:40.793   545 16659 I DownloadManager: in removeSpuriousFiles, preserving file /data/data/com.android.providers.downloads/cache/metadata-89.htm
07-05 14:42:40.793   545 16659 I DownloadManager: in removeSpuriousFiles, preserving file /data/data/com.android.providers.downloads/cache/metadata-1385.htm
07-05 14:42:40.793   545 16659 I DownloadManager: in removeSpuriousFiles, preserving file /data/data/com.android.providers.downloads/cache/metadata-892.htm
07-05 14:42:40.793   545 16659 I DownloadManager: in removeSpuriousFiles, preserving file /data/data/com.android.providers.downloads/cache/metadata-540.htm
07-05 14:42:40.793   545 16659 I DownloadManager: in removeSpuriousFiles, preserving file /data/data/com.android.providers.downloads/cache/metadata-990.htm
07-05 14:42:40.797   545 16659 I DownloadManager: in removeSpuriousFiles, preserving file /data/data/com.android.providers.downloads/cache/metadata-1173.htm
07-05 14:42:40.797   545 16659 I DownloadManager: in removeSpuriousFiles, preserving file /data/data/com.android.providers.downloads/cache/metadata-252.htm
07-05 14:42:40.797   545 16659 I DownloadManager: in removeSpuriousFiles, preserving file /data/data/com.android.providers.downloads/cache/metadata-769.htm
07-05 14:42:40.797   545 16659 I DownloadManager: in removeSpuriousFiles, preserving file /data/data/com.android.providers.downloads/cache/metadata-601.htm
07-05 14:42:40.797   545 16659 I DownloadManager: in removeSpuriousFiles, preserving file /data/data/com.android.providers.downloads/cache/metadata-1451.htm
07-05 14:42:40.800   545 16659 I DownloadManager: in removeSpuriousFiles, preserving file /data/data/com.android.providers.downloads/cache/metadata-1706.htm
07-05 14:42:40.800   545 16659 I DownloadManager: in removeSpuriousFiles, preserving file /data/data/com.android.providers.downloads/cache/metadata-1412.htm
07-05 14:42:40.800   545 16659 I DownloadManager: in removeSpuriousFiles, preserving file /data/data/com.android.providers.downloads/cache/metadata-1978.htm
07-05 14:42:40.800   545 16659 I DownloadManager: in removeSpuriousFiles, preserving file /data/data/com.android.providers.downloads/cache/metadata-466.htm
07-05 14:42:40.800   545 16659 I DownloadManager: in removeSpuriousFiles, preserving file /data/data/com.android.providers.downloads/cache/metadata-196.htm
07-05 14:42:40.800   545 16659 I DownloadManager: in removeSpuriousFiles, preserving file /data/data/com.android.providers.downloads/cache/metadata-1181.htm
07-05 14:42:40.804   545 16659 I DownloadManager: in removeSpuriousFiles, preserving file /data/data/com.android.providers.downloads/cache/metadata-2283.htm
07-05 14:42:40.804   545 16659 I DownloadManager: in removeSpuriousFiles, preserving file /data/data/com.android.providers.downloads/cache/metadata-2201.htm
07-05 14:42:40.804   545 16659 I DownloadManager: in removeSpuriousFiles, preserving file /data/data/com.android.providers.downloads/cache/metadata-522.htm
07-05 14:42:40.804   545 16659 I DownloadManager: in removeSpuriousFiles, preserving file /data/data/com.android.providers.downloads/cache/metadata-1111.htm
07-05 14:42:40.804   545 16659 I DownloadManager: in removeSpuriousFiles, preserving file /data/data/com.android.providers.downloads/cache/metadata-1829.htm
07-05 14:42:40.804   545 16659 I DownloadManager: in removeSpuriousFiles, preserving file /data/data/com.android.providers.downloads/cache/metadata-1101.htm
07-05 14:42:40.808   545 16659 I DownloadManager: in removeSpuriousFiles, preserving file /data/data/com.android.providers.downloads/cache/metadata-77.htm
07-05 14:42:40.808   545 16659 I DownloadManager: in removeSpuriousFiles, preserving file /data/data/com.android.providers.downloads/cache/metadata-687.htm
07-05 14:42:40.808   545 16659 I DownloadManager: in removeSpuriousFiles, preserving file /data/data/com.android.providers.downloads/cache/metadata-2229.htm
07-05 14:42:40.808   545 16659 I DownloadManager: in removeSpuriousFiles, preserving file /data/data/com.android.providers.downloads/cache/metadata-822.htm
07-05 14:42:40.808   545 16659 I DownloadManager: in removeSpuriousFiles, preserving file /data/data/com.android.providers.downloads/cache/metadata-878.htm
07-05 14:42:40.812   545 16659 I DownloadManager: in removeSpuriousFiles, preserving file /data/data/com.android.providers.downloads/cache/metadata-773.htm
07-05 14:42:40.812   545 16659 I DownloadManager: in removeSpuriousFiles, preserving file /data/data/com.android.providers.downloads/cache/metadata-1769.htm
07-05 14:42:40.812   545 16659 I DownloadManager: in removeSpuriousFiles, preserving file /data/data/com.android.providers.downloads/cache/metadata-1380.htm
07-05 14:42:40.812   545 16659 I DownloadManager: in removeSpuriousFiles, preserving file /data/data/com.android.providers.downloads/cache/metadata-1216.htm
07-05 14:42:40.812   545 16659 I DownloadManager: in removeSpuriousFiles, preserving file /data/data/com.android.providers.downloads/cache/metadata-1909.htm
07-05 14:42:40.816   545 16659 I DownloadManager: in removeSpuriousFiles, preserving file /data/data/com.android.providers.downloads/cache/metadata-1221.htm
07-05 14:42:40.816   545 16659 I DownloadManager: in removeSpuriousFiles, preserving file /data/data/com.android.providers.downloads/cache/metadata-527.htm
07-05 14:42:40.816   545 16659 I DownloadManager: in removeSpuriousFiles, preserving file /data/data/com.android.providers.downloads/cache/metadata-1392.htm
07-05 14:42:40.816   545 16659 I DownloadManager: in removeSpuriousFiles, preserving file /data/data/com.android.providers.downloads/cache/metadata-1021.htm
07-05 14:42:40.816   545 16659 I DownloadManager: in removeSpuriousFiles, preserving file /data/data/com.android.providers.downloads/cache/metadata-786.htm
07-05 14:42:40.820   545 16659 I DownloadManager: in removeSpuriousFiles, preserving file /data/data/com.android.providers.downloads/cache/metadata-609.htm
07-05 14:42:40.820   545 16659 I DownloadManager: in removeSpuriousFiles, preserving file /data/data/com.android.providers.downloads/cache/metadata-1779.htm
07-05 14:42:40.820   545 16659 I DownloadManager: in removeSpuriousFiles, preserving file /data/data/com.android.providers.downloads/cache/metadata-666.htm
07-05 14:42:40.820   545 16659 I DownloadManager: in removeSpuriousFiles, preserving file /data/data/com.android.providers.downloads/cache/metadata-933.htm
07-05 14:42:40.820   545 16659 I DownloadManager: in removeSpuriousFiles, preserving file /data/data/com.android.providers.downloads/cache/metadata-1381.htm
07-05 14:42:40.824   545 16659 I DownloadManager: in removeSpuriousFiles, preserving file /data/data/com.android.providers.downloads/cache/metadata-1203.htm
07-05 14:42:40.824   545 16659 I DownloadManager: in removeSpuriousFiles, preserving file /data/data/com.android.providers.downloads/cache/metadata-734.htm
07-05 14:42:40.824   545 16659 I DownloadManager: in removeSpuriousFiles, preserving file /data/data/com.android.providers.downloads/cache/metadata-207.htm
07-05 14:42:40.824   545 16659 I DownloadManager: in removeSpuriousFiles, preserving file /data/data/com.android.providers.downloads/cache/metadata-181.htm
07-05 14:42:40.824   545 16659 I DownloadManager: in removeSpuriousFiles, preserving file /data/data/com.android.providers.downloads/cache/metadata-712.htm
07-05 14:42:40.828   545 16659 I DownloadManager: in removeSpuriousFiles, preserving file /data/data/com.android.providers.downloads/cache/metadata-1796.htm
07-05 14:42:40.828   545 16659 I DownloadManager: in removeSpuriousFiles, preserving file /data/data/com.android.providers.downloads/cache/metadata-1348.htm
07-05 14:42:40.828   545 16659 I DownloadManager: in removeSpuriousFiles, preserving file /data/data/com.android.providers.downloads/cache/metadata-1606.htm
07-05 14:42:40.828   545 16659 I DownloadManager: in removeSpuriousFiles, preserving file /data/data/com.android.providers.downloads/cache/metadata-317.htm
07-05 14:42:40.832   545 16659 I DownloadManager: in removeSpuriousFiles, preserving file /data/data/com.android.providers.downloads/cache/metadata-1036.htm
07-05 14:42:40.832   545 16659 I DownloadManager: in removeSpuriousFiles, preserving file /data/data/com.android.providers.downloads/cache/metadata-643.htm
07-05 14:42:40.832   545 16659 I DownloadManager: in removeSpuriousFiles, preserving file /data/data/com.android.providers.downloads/cache/metadata-1322.htm
07-05 14:42:40.832   545 16659 I DownloadManager: in removeSpuriousFiles, preserving file /data/data/com.android.providers.downloads/cache/metadata-1477.htm
07-05 14:42:40.832   545 16659 I DownloadManager: in removeSpuriousFiles, preserving file /data/data/com.android.providers.downloads/cache/metadata-1317.htm
07-05 14:42:40.836   545 16659 I DownloadManager: in removeSpuriousFiles, preserving file /data/data/com.android.providers.downloads/cache/metadata-876.htm
07-05 14:42:40.836   545 16659 I DownloadManager: in removeSpuriousFiles, preserving file /data/data/com.android.providers.downloads/cache/metadata-2077.htm
07-05 14:42:40.836   545 16659 I DownloadManager: in removeSpuriousFiles, preserving file /data/data/com.android.providers.downloads/cache/metadata-965.htm
07-05 14:42:40.836   545 16659 I DownloadManager: in removeSpuriousFiles, preserving file /data/data/com.android.providers.downloads/cache/metadata-1880.htm
07-05 14:42:40.840   545 16659 I DownloadManager: in removeSpuriousFiles, preserving file /data/data/com.android.providers.downloads/cache/metadata-1145.htm
07-05 14:42:40.840   545 16659 I DownloadManager: in removeSpuriousFiles, preserving file /data/data/com.android.providers.downloads/cache/metadata-727.htm
07-05 14:42:40.840   545 16659 I DownloadManager: in removeSpuriousFiles, preserving file /data/data/com.android.providers.downloads/cache/metadata-209.htm
07-05 14:42:40.840   545 16659 I DownloadManager: in removeSpuriousFiles, preserving file /data/data/com.android.providers.downloads/cache/metadata-667.htm
07-05 14:42:40.843   545 16659 I DownloadManager: in removeSpuriousFiles, preserving file /data/data/com.android.providers.downloads/cache/metadata-1302.htm
07-05 14:42:40.843   545 16659 I DownloadManager: in removeSpuriousFiles, preserving file /data/data/com.android.providers.downloads/cache/metadata-1071.htm
07-05 14:42:40.843   545 16659 I DownloadManager: in removeSpuriousFiles, preserving file /data/data/com.android.providers.downloads/cache/metadata-495.htm
07-05 14:42:40.843   545 16659 I DownloadManager: in removeSpuriousFiles, preserving file /data/data/com.android.providers.downloads/cache/metadata-664.htm
07-05 14:42:40.843   545 16659 I DownloadManager: in removeSpuriousFiles, preserving file /data/data/com.android.providers.downloads/cache/metadata-25.htm
07-05 14:42:40.843   545 16659 I DownloadManager: in removeSpuriousFiles, preserving file /data/data/com.android.providers.downloads/cache/metadata-142.htm
07-05 14:42:40.851   545 16659 I DownloadManager: in removeSpuriousFiles, preserving file /data/data/com.android.providers.downloads/cache/metadata-32.htm
07-05 14:42:40.851   545 16659 I DownloadManager: in removeSpuriousFiles, preserving file /data/data/com.android.providers.downloads/cache/metadata-17.htm
07-05 14:42:40.851   545 16659 I DownloadManager: in removeSpuriousFiles, preserving file /data/data/com.android.providers.downloads/cache/metadata-216.htm
07-05 14:42:40.851   545 16659 I DownloadManager: in removeSpuriousFiles, preserving file /data/data/com.android.providers.downloads/cache/metadata-372.htm
07-05 14:42:40.851   545 16659 I DownloadManager: in removeSpuriousFiles, preserving file /data/data/com.android.providers.downloads/cache/metadata-297.htm
07-05 14:42:40.851   545 16659 I DownloadManager: in removeSpuriousFiles, preserving file /data/data/com.android.providers.downloads/cache/metadata-45.htm
07-05 14:42:40.851   545 16659 I DownloadManager: in removeSpuriousFiles, preserving file /data/data/com.android.providers.downloads/cache/metadata-51.htm
07-05 14:42:40.851   545 16659 I DownloadManager: in removeSpuriousFiles, preserving file /data/data/com.android.providers.downloads/cache/metadata-153.htm
07-05 14:42:40.851   545 16659 I DownloadManager: in removeSpuriousFiles, preserving file /data/data/com.android.providers.downloads/cache/metadata-164.htm
07-05 14:42:40.851   545 16659 I DownloadManager: in removeSpuriousFiles, preserving file /data/data/com.android.providers.downloads/cache/metadata-82.htm
07-05 14:42:40.851   545 16659 I DownloadManager: in removeSpuriousFiles, preserving file /data/data/com.android.providers.downloads/cache/metadata-63.htm
07-05 14:42:40.851   545 16659 I DownloadManager: in removeSpuriousFiles, preserving file /data/data/com.android.providers.downloads/cache/metadata-1540.htm
07-05 14:42:40.851   545 16659 I DownloadManager: in removeSpuriousFiles, preserving file /data/data/com.android.providers.downloads/cache/metadata-182.htm
07-05 14:42:40.851   545 16659 I DownloadManager: in removeSpuriousFiles, preserving file /data/data/com.android.providers.downloads/cache/metadata-72.htm
07-05 14:42:40.851   545 16659 I DownloadManager: in removeSpuriousFiles, preserving file /data/data/com.android.providers.downloads/cache/metadata-1132.htm
07-05 14:42:40.851   545 16659 I DownloadManager: in removeSpuriousFiles, preserving file /data/data/com.android.providers.downloads/cache/metadata-241.htm
07-05 14:42:40.851   545 16659 I DownloadManager: in removeSpuriousFiles, preserving file /data/data/com.android.providers.downloads/cache/metadata-292.htm
07-05 14:42:40.851   545 16659 I DownloadManager: in removeSpuriousFiles, preserving file /data/data/com.android.providers.downloads/cache/metadata-141.htm
07-05 14:42:40.851   545 16659 I DownloadManager: in removeSpuriousFiles, preserving file /data/data/com.android.providers.downloads/cache/metadata-1007.htm
07-05 14:42:40.851   545 16659 I DownloadManager: in removeSpuriousFiles, preserving file /data/data/com.android.providers.downloads/cache/metadata-1227.htm
07-05 14:42:40.851   545 16659 I DownloadManager: in removeSpuriousFiles, preserving file /data/data/com.android.providers.downloads/cache/metadata-565.htm
07-05 14:42:40.851   545 16659 I DownloadManager: in removeSpuriousFiles, preserving file /data/data/com.android.providers.downloads/cache/metadata-2018.htm
07-05 14:42:40.851   545 16659 I DownloadManager: in removeSpuriousFiles, preserving file /data/data/com.android.providers.downloads/cache/metadata-1360.htm
07-05 14:42:40.851   545 16659 I DownloadManager: in removeSpuriousFiles, preserving file /data/data/com.android.providers.downloads/cache/metadata-90.htm
07-05 14:42:40.851   545 16659 I DownloadManager: in removeSpuriousFiles, preserving file /data/data/com.android.providers.downloads/cache/metadata-1307.htm
07-05 14:42:40.851   545 16659 I DownloadManager: in removeSpuriousFiles, preserving file /data/data/com.android.providers.downloads/cache/metadata-345.htm
07-05 14:42:40.851   545 16659 I DownloadManager: in removeSpuriousFiles, preserving file /data/data/com.android.providers.downloads/cache/metadata-447.htm
07-05 14:42:40.855   545 16659 I DownloadManager: in removeSpuriousFiles, preserving file /data/data/com.android.providers.downloads/cache/metadata-348.htm
07-05 14:42:40.855   545 16659 I DownloadManager: in removeSpuriousFiles, preserving file /data/data/com.android.providers.downloads/cache/metadata-362.htm
07-05 14:42:40.855   545 16659 I DownloadManager: in removeSpuriousFiles, preserving file /data/data/com.android.providers.downloads/cache/metadata-412.htm
07-05 14:42:40.855   545 16659 I DownloadManager: in removeSpuriousFiles, preserving file /data/data/com.android.providers.downloads/cache/metadata-123.htm
07-05 14:42:40.855   545 16659 I DownloadManager: in removeSpuriousFiles, preserving file /data/data/com.android.providers.downloads/cache/metadata-1291.htm
07-05 14:42:40.855   545 16659 I DownloadManager: in removeSpuriousFiles, preserving file /data/data/com.android.providers.downloads/cache/metadata-184.htm
07-05 14:42:40.855   545 16659 I DownloadManager: in removeSpuriousFiles, preserving file /data/data/com.android.providers.downloads/cache/metadata-1023.htm
07-05 14:42:40.855   545 16659 I DownloadManager: in removeSpuriousFiles, preserving file /data/data/com.android.providers.downloads/cache/metadata-295.htm
07-05 14:42:40.855   545 16659 I DownloadManager: in removeSpuriousFiles, preserving file /data/data/com.android.providers.downloads/cache/metadata-251.htm
07-05 14:42:40.855   545 16659 I DownloadManager: in removeSpuriousFiles, preserving file /data/data/com.android.providers.downloads/cache/metadata-702.htm
07-05 14:42:40.855   545 16659 I DownloadManager: in removeSpuriousFiles, preserving file /data/data/com.android.providers.downloads/cache/metadata-291.htm
07-05 14:42:40.855   545 16659 I DownloadManager: in removeSpuriousFiles, preserving file /data/data/com.android.providers.downloads/cache/metadata-1800.htm
07-05 14:42:40.855   545 16659 I DownloadManager: in removeSpuriousFiles, preserving file /data/data/com.android.providers.downloads/cache/metadata-226.htm
07-05 14:42:40.855   545 16659 I DownloadManager: in removeSpuriousFiles, preserving file /data/data/com.android.providers.downloads/cache/metadata-1252.htm
07-05 14:42:40.855   545 16659 I DownloadManager: in removeSpuriousFiles, preserving file /data/data/com.android.providers.downloads/cache/metadata-78.htm
07-05 14:42:40.855   545 16659 I DownloadManager: in removeSpuriousFiles, preserving file /data/data/com.android.providers.downloads/cache/metadata-245.htm
07-05 14:42:40.859   545 16659 I DownloadManager: in removeSpuriousFiles, preserving file /data/data/com.android.providers.downloads/cache/metadata-672.htm
07-05 14:42:40.859   545 16659 I DownloadManager: in removeSpuriousFiles, preserving file /data/data/com.android.providers.downloads/cache/metadata-150.htm
07-05 14:42:40.859   545 16659 I DownloadManager: in removeSpuriousFiles, preserving file /data/data/com.android.providers.downloads/cache/metadata-194.htm
07-05 14:42:40.859   545 16659 I DownloadManager: in removeSpuriousFiles, preserving file /data/data/com.android.providers.downloads/cache/metadata-1231.htm
07-05 14:42:40.859   545 16659 I DownloadManager: in removeSpuriousFiles, preserving file /data/data/com.android.providers.downloads/cache/metadata-248.htm
07-05 14:42:40.859   545 16659 I DownloadManager: in removeSpuriousFiles, preserving file /data/data/com.android.providers.downloads/cache/metadata-445.htm
07-05 14:42:40.859   545 16659 I DownloadManager: in removeSpuriousFiles, preserving file /data/data/com.android.providers.downloads/cache/metadata-531.htm
07-05 14:42:40.859   545 16659 I DownloadManager: in removeSpuriousFiles, preserving file /data/data/com.android.providers.downloads/cache/metadata-598.htm
07-05 14:42:40.859   545 16659 I DownloadManager: in removeSpuriousFiles, preserving file /data/data/com.android.providers.downloads/cache/metadata-366.htm
07-05 14:42:40.863   545 16659 I DownloadManager: in removeSpuriousFiles, preserving file /data/data/com.android.providers.downloads/cache/metadata-1568.htm
07-05 14:42:40.863   545 16659 I DownloadManager: in removeSpuriousFiles, preserving file /data/data/com.android.providers.downloads/cache/metadata-645.htm
07-05 14:42:40.863   545 16659 I DownloadManager: in removeSpuriousFiles, preserving file /data/data/com.android.providers.downloads/cache/metadata-312.htm
07-05 14:42:40.863   545 16659 I DownloadManager: in removeSpuriousFiles, preserving file /data/data/com.android.providers.downloads/cache/metadata-1479.htm
07-05 14:42:40.863   545 16659 I DownloadManager: in removeSpuriousFiles, preserving file /data/data/com.android.providers.downloads/cache/metadata-257.htm
07-05 14:42:40.863   545 16659 I DownloadManager: in removeSpuriousFiles, preserving file /data/data/com.android.providers.downloads/cache/metadata-371.htm
07-05 14:42:40.863   545 16659 I DownloadManager: in removeSpuriousFiles, preserving file /data/data/com.android.providers.downloads/cache/metadata-718.htm
07-05 14:42:40.863   545 16659 I DownloadManager: in removeSpuriousFiles, preserving file /data/data/com.android.providers.downloads/cache/metadata-334.htm
07-05 14:42:40.867   545 16659 I DownloadManager: in removeSpuriousFiles, preserving file /data/data/com.android.providers.downloads/cache/metadata-320.htm
07-05 14:42:40.867   545 16659 I DownloadManager: in removeSpuriousFiles, preserving file /data/data/com.android.providers.downloads/cache/metadata-978.htm
07-05 14:42:40.867   545 16659 I DownloadManager: in removeSpuriousFiles, preserving file /data/data/com.android.providers.downloads/cache/metadata-890.htm
07-05 14:42:40.867   545 16659 I DownloadManager: in removeSpuriousFiles, preserving file /data/data/com.android.providers.downloads/cache/metadata-1882.htm
07-05 14:42:40.867   545 16659 I DownloadManager: in removeSpuriousFiles, preserving file /data/data/com.android.providers.downloads/cache/metadata-1764.htm
07-05 14:42:40.867   545 16659 I DownloadManager: in removeSpuriousFiles, preserving file /data/data/com.android.providers.downloads/cache/metadata-1211.htm
07-05 14:42:40.871   545 16659 I DownloadManager: in removeSpuriousFiles, preserving file /data/data/com.android.providers.downloads/cache/metadata-926.htm
07-05 14:42:40.871   545 16659 I DownloadManager: in removeSpuriousFiles, preserving file /data/data/com.android.providers.downloads/cache/metadata-327.htm
07-05 14:42:40.871   545 16659 I DownloadManager: in removeSpuriousFiles, preserving file /data/data/com.android.providers.downloads/cache/metadata-394.htm
07-05 14:42:40.871   545 16659 I DownloadManager: in removeSpuriousFiles, preserving file /data/data/com.android.providers.downloads/cache/metadata-2253.htm
07-05 14:42:40.871   545 16659 I DownloadManager: in removeSpuriousFiles, preserving file /data/data/com.android.providers.downloads/cache/metadata-1482.htm
07-05 14:42:40.871   545 16659 I DownloadManager: in removeSpuriousFiles, preserving file /data/data/com.android.providers.downloads/cache/metadata-749.htm
07-05 14:42:40.871   545 16659 I DownloadManager: in removeSpuriousFiles, preserving file /data/data/com.android.providers.downloads/cache/metadata-2203.htm
07-05 14:42:40.875   545 16659 I DownloadManager: in removeSpuriousFiles, preserving file /data/data/com.android.providers.downloads/cache/metadata-2312.htm
07-05 14:42:40.875   545 16659 I DownloadManager: in removeSpuriousFiles, preserving file /data/data/com.android.providers.downloads/cache/metadata-576.htm
07-05 14:42:40.875   545 16659 I DownloadManager: in removeSpuriousFiles, preserving file /data/data/com.android.providers.downloads/cache/metadata-2216.htm
07-05 14:42:40.875   545 16659 I DownloadManager: in removeSpuriousFiles, preserving file /data/data/com.android.providers.downloads/cache/metadata-1814.htm
07-05 14:42:40.875   545 16659 I DownloadManager: in removeSpuriousFiles, preserving file /data/data/com.android.providers.downloads/cache/metadata-1121.htm
07-05 14:42:40.875   545 16659 I DownloadManager: in removeSpuriousFiles, preserving file /data/data/com.android.providers.downloads/cache/metadata-148.htm
07-05 14:42:40.879   545 16659 I DownloadManager: in removeSpuriousFiles, preserving file /data/data/com.android.providers.downloads/cache/metadata-1223.htm
07-05 14:42:40.879   545 16659 I DownloadManager: in removeSpuriousFiles, preserving file /data/data/com.android.providers.downloads/cache/metadata-1046.htm
07-05 14:42:40.879   545 16659 I DownloadManager: in removeSpuriousFiles, preserving file /data/data/com.android.providers.downloads/cache/metadata-1113.htm
07-05 14:42:40.879   545 16659 I DownloadManager: in removeSpuriousFiles, preserving file /data/data/com.android.providers.downloads/cache/metadata-109.htm
07-05 14:42:40.879   545 16659 I DownloadManager: in removeSpuriousFiles, preserving file /data/data/com.android.providers.downloads/cache/metadata-650.htm
07-05 14:42:40.879   545 16659 I DownloadManager: in removeSpuriousFiles, preserving file /data/data/com.android.providers.downloads/cache/metadata-1496.htm
07-05 14:42:40.883   545 16659 I DownloadManager: in removeSpuriousFiles, preserving file /data/data/com.android.providers.downloads/cache/metadata-625.htm
07-05 14:42:40.883   545 16659 I DownloadManager: in removeSpuriousFiles, preserving file /data/data/com.android.providers.downloads/cache/metadata-1936.htm
07-05 14:42:40.883   545 16659 I DownloadManager: in removeSpuriousFiles, preserving file /data/data/com.android.providers.downloads/cache/metadata-713.htm
07-05 14:42:40.883   545 16659 I DownloadManager: in removeSpuriousFiles, preserving file /data/data/com.android.providers.downloads/cache/metadata-1735.htm
07-05 14:42:40.883   545 16659 I DownloadManager: in removeSpuriousFiles, preserving file /data/data/com.android.providers.downloads/cache/metadata-1078.htm
07-05 14:42:40.886   545 16659 I DownloadManager: in removeSpuriousFiles, preserving file /data/data/com.android.providers.downloads/cache/metadata-991.htm
07-05 14:42:40.886   545 16659 I DownloadManager: in removeSpuriousFiles, preserving file /data/data/com.android.providers.downloads/cache/metadata-1608.htm
07-05 14:42:40.886   545 16659 I DownloadManager: in removeSpuriousFiles, preserving file /data/data/com.android.providers.downloads/cache/metadata-385.htm
07-05 14:42:40.886   545 16659 I DownloadManager: in removeSpuriousFiles, preserving file /data/data/com.android.providers.downloads/cache/metadata-1304.htm
07-05 14:42:40.886   545 16659 I DownloadManager: in removeSpuriousFiles, preserving file /data/data/com.android.providers.downloads/cache/metadata-758.htm
07-05 14:42:40.886   545 16659 I DownloadManager: in removeSpuriousFiles, preserving file /data/data/com.android.providers.downloads/cache/metadata-1757.htm
07-05 14:42:40.890   545 16659 I DownloadManager: in removeSpuriousFiles, preserving file /data/data/com.android.providers.downloads/cache/metadata-678.htm
07-05 14:42:40.890   545 16659 I DownloadManager: in removeSpuriousFiles, preserving file /data/data/com.android.providers.downloads/cache/metadata-997.htm
07-05 14:42:40.890   545 16659 I DownloadManager: in removeSpuriousFiles, preserving file /data/data/com.android.providers.downloads/cache/metadata-1598.htm
07-05 14:42:40.890   545 16659 I DownloadManager: in removeSpuriousFiles, preserving file /data/data/com.android.providers.downloads/cache/metadata-1218.htm
07-05 14:42:40.890   545 16659 I DownloadManager: in removeSpuriousFiles, preserving file /data/data/com.android.providers.downloads/cache/metadata-1222.htm
07-05 14:42:40.894   545 16659 I DownloadManager: in removeSpuriousFiles, preserving file /data/data/com.android.providers.downloads/cache/metadata-590.htm
07-05 14:42:40.894   545 16659 I DownloadManager: in removeSpuriousFiles, preserving file /data/data/com.android.providers.downloads/cache/metadata-2040.htm
07-05 14:42:40.894   545 16659 I DownloadManager: in removeSpuriousFiles, preserving file /data/data/com.android.providers.downloads/cache/metadata-1094.htm
07-05 14:42:40.894   545 16659 I DownloadManager: in removeSpuriousFiles, preserving file /data/data/com.android.providers.downloads/cache/metadata-1324.htm
07-05 14:42:40.894   545 16659 I DownloadManager: in removeSpuriousFiles, preserving file /data/data/com.android.providers.downloads/cache/metadata-852.htm
07-05 14:42:40.894   545 16659 I DownloadManager: in removeSpuriousFiles, preserving file /data/data/com.android.providers.downloads/cache/metadata-1406.htm
07-05 14:42:40.898   545 16659 I DownloadManager: in removeSpuriousFiles, preserving file /data/data/com.android.providers.downloads/cache/metadata-1289.htm
07-05 14:42:40.898   545 16659 I DownloadManager: in removeSpuriousFiles, preserving file /data/data/com.android.providers.downloads/cache/metadata-656.htm
07-05 14:42:40.898   545 16659 I DownloadManager: in removeSpuriousFiles, preserving file /data/data/com.android.providers.downloads/cache/metadata-1026.htm
07-05 14:42:40.898   545 16659 I DownloadManager: in removeSpuriousFiles, preserving file /data/data/com.android.providers.downloads/cache/metadata-1419.htm
07-05 14:42:40.898   545 16659 I DownloadManager: in removeSpuriousFiles, preserving file /data/data/com.android.providers.downloads/cache/metadata-1906.htm
07-05 14:42:40.902   545 16659 I DownloadManager: in removeSpuriousFiles, preserving file /data/data/com.android.providers.downloads/cache/metadata-439.htm
07-05 14:42:40.902   545 16659 I DownloadManager: in removeSpuriousFiles, preserving file /data/data/com.android.providers.downloads/cache/metadata-1160.htm
07-05 14:42:40.902   545 16659 I DownloadManager: in removeSpuriousFiles, preserving file /data/data/com.android.providers.downloads/cache/metadata-1233.htm
07-05 14:42:40.902   545 16659 I DownloadManager: in removeSpuriousFiles, preserving file /data/data/com.android.providers.downloads/cache/metadata-1212.htm
07-05 14:42:40.902   545 16659 I DownloadManager: in removeSpuriousFiles, preserving file /data/data/com.android.providers.downloads/cache/metadata-1004.htm
07-05 14:42:40.906   545 16659 I DownloadManager: in removeSpuriousFiles, preserving file /data/data/com.android.providers.downloads/cache/metadata-706.htm
07-05 14:42:40.906   545 16659 I DownloadManager: in removeSpuriousFiles, preserving file /data/data/com.android.providers.downloads/cache/metadata-683.htm
07-05 14:42:40.906   545 16659 I DownloadManager: in removeSpuriousFiles, preserving file /data/data/com.android.providers.downloads/cache/metadata-1009.htm
07-05 14:42:40.906   545 16659 I DownloadManager: in removeSpuriousFiles, preserving file /data/data/com.android.providers.downloads/cache/metadata-1613.htm
07-05 14:42:40.906   545 16659 I DownloadManager: in removeSpuriousFiles, preserving file /data/data/com.android.providers.downloads/cache/metadata-1260.htm
07-05 14:42:40.910   545 16659 I DownloadManager: in removeSpuriousFiles, preserving file /data/data/com.android.providers.downloads/cache/metadata-1816.htm
07-05 14:42:40.910   545 16659 I DownloadManager: in removeSpuriousFiles, preserving file /data/data/com.android.providers.downloads/cache/metadata-474.htm
07-05 14:42:40.910   545 16659 I DownloadManager: in removeSpuriousFiles, preserving file /data/data/com.android.providers.downloads/cache/metadata-73.htm
07-05 14:42:40.910   545 16659 I DownloadManager: in removeSpuriousFiles, preserving file /data/data/com.android.providers.downloads/cache/metadata-60.htm
07-05 14:42:40.910   545 16659 I DownloadManager: in removeSpuriousFiles, preserving file /data/data/com.android.providers.downloads/cache/metadata-31.htm
07-05 14:42:40.910   545 16659 I DownloadManager: in removeSpuriousFiles, preserving file /data/data/com.android.providers.downloads/cache/metadata-210.htm
07-05 14:42:40.910   545 16659 I DownloadManager: in removeSpuriousFiles, preserving file /data/data/com.android.providers.downloads/cache/metadata-38.htm
07-05 14:42:40.910   545 16659 I DownloadManager: in removeSpuriousFiles, preserving file /data/data/com.android.providers.downloads/cache/metadata-39.htm
07-05 14:42:40.910   545 16659 I DownloadManager: in removeSpuriousFiles, preserving file /data/data/com.android.providers.downloads/cache/metadata-20.htm
07-05 14:42:40.910   545 16659 I DownloadManager: in removeSpuriousFiles, preserving file /data/data/com.android.providers.downloads/cache/metadata-121.htm
07-05 14:42:40.910   545 16659 I DownloadManager: in removeSpuriousFiles, preserving file /data/data/com.android.providers.downloads/cache/metadata-26.htm
07-05 14:42:40.910   545 16659 I DownloadManager: in removeSpuriousFiles, preserving file /data/data/com.android.providers.downloads/cache/metadata-105.htm
07-05 14:42:40.910   545 16659 I DownloadManager: in removeSpuriousFiles, preserving file /data/data/com.android.providers.downloads/cache/metadata-269.htm
07-05 14:42:40.910   545 16659 I DownloadManager: in removeSpuriousFiles, preserving file /data/data/com.android.providers.downloads/cache/metadata-138.htm
07-05 14:42:40.910   545 16659 I DownloadManager: in removeSpuriousFiles, preserving file /data/data/com.android.providers.downloads/cache/metadata-170.htm
07-05 14:42:40.910   545 16659 I DownloadManager: in removeSpuriousFiles, preserving file /data/data/com.android.providers.downloads/cache/metadata-232.htm
07-05 14:42:40.910   545 16659 I DownloadManager: in removeSpuriousFiles, preserving file /data/data/com.android.providers.downloads/cache/metadata-265.htm
07-05 14:42:40.910   545 16659 I DownloadManager: in removeSpuriousFiles, preserving file /data/data/com.android.providers.downloads/cache/metadata-64.htm
07-05 14:42:40.914   545 16659 I DownloadManager: in removeSpuriousFiles, preserving file /data/data/com.android.providers.downloads/cache/metadata-1623.htm
07-05 14:42:40.914   545 16659 I DownloadManager: in removeSpuriousFiles, preserving file /data/data/com.android.providers.downloads/cache/metadata-187.htm
07-05 14:42:40.914   545 16659 I DownloadManager: in removeSpuriousFiles, preserving file /data/data/com.android.providers.downloads/cache/metadata-180.htm
07-05 14:42:40.914   545 16659 I DownloadManager: in removeSpuriousFiles, preserving file /data/data/com.android.providers.downloads/cache/metadata-399.htm
07-05 14:42:40.914   545 16659 I DownloadManager: in removeSpuriousFiles, preserving file /data/data/com.android.providers.downloads/cache/metadata-202.htm
07-05 14:42:40.914   545 16659 I DownloadManager: in removeSpuriousFiles, preserving file /data/data/com.android.providers.downloads/cache/metadata-156.htm
07-05 14:42:40.914   545 16659 I DownloadManager: in removeSpuriousFiles, preserving file /data/data/com.android.providers.downloads/cache/metadata-81.htm
