07-05 11:52:40.872   545   548 D dalvikvm: GC_CONCURRENT freed 255K, 9% free 10699K/11719K, paused 1ms+2ms
07-05 11:52:41.048   545   548 D dalvikvm: GC_CONCURRENT freed 688K, 11% free 10450K/11719K, paused 2ms+2ms
07-05 11:52:41.142  1370 10455 E DictionaryProvider:UpdateHandler: Can't read a file : android.util.MalformedJsonException: Use JsonReader.setLenient(true) to accept malformed JSON at line 1 column 20
07-05 11:52:41.298   545   548 D dalvikvm: GC_CONCURRENT freed 427K, 12% free 10413K/11719K, paused 2ms+2ms
07-05 11:52:41.497   545   548 D dalvikvm: GC_CONCURRENT freed 411K, 12% free 10388K/11719K, paused 1ms+3ms
07-05 11:52:41.579   545 10458 I DownloadManager: Initiating request for download 1192
07-05 11:52:41.665   545   548 D dalvikvm: GC_CONCURRENT freed 230K, 10% free 10590K/11719K, paused 1ms+2ms
07-05 11:52:41.774   545   548 D dalvikvm: GC_CONCURRENT freed 280K, 9% free 10769K/11719K, paused 2ms+3ms
07-05 11:52:42.013   545   548 D dalvikvm: GC_CONCURRENT freed 815K, 12% free 10411K/11719K, paused 1ms+2ms
07-05 11:52:42.216   545   548 D dalvikvm: GC_CONCURRENT freed 406K, 12% free 10393K/11719K, paused 3ms+2ms
07-05 11:52:42.360   545 10461 I DownloadManager: Initiating request for download 1193
07-05 11:52:42.438   545   548 D dalvikvm: GC_CONCURRENT freed 309K, 11% free 10532K/11719K, paused 2ms+3ms
07-05 11:52:42.544   545   548 D dalvikvm: GC_CONCURRENT freed 253K, 9% free 10700K/11719K, paused 2ms+2ms
07-05 11:52:42.712   545   548 D dalvikvm: GC_CONCURRENT freed 682K, 11% free 10455K/11719K, paused 2ms+2ms
07-05 11:52:42.767  1370 10463 E DictionaryProvider:UpdateHandler: Can't read a file : android.util.MalformedJsonException: Use JsonReader.setLenient(true) to accept malformed JSON at line 1 column 20
07-05 11:52:42.950   545   548 D dalvikvm: GC_CONCURRENT freed 430K, 12% free 10420K/11719K, paused 2ms+2ms
07-05 11:52:43.142   545   548 D dalvikvm: GC_CONCURRENT freed 419K, 12% free 10395K/11719K, paused 2ms+3ms
07-05 11:52:43.188   545 10466 I DownloadManager: Initiating request for download 1193
07-05 11:52:43.282   545   548 D dalvikvm: GC_CONCURRENT freed 203K, 10% free 10608K/11719K, paused 2ms+3ms
07-05 11:52:43.388   545   548 D dalvikvm: GC_CONCURRENT freed 354K, 9% free 10669K/11719K, paused 2ms+2ms
07-05 11:52:43.618   545   548 D dalvikvm: GC_CONCURRENT freed 677K, 12% free 10416K/11719K, paused 2ms+2ms
07-05 11:52:43.806   545   548 D dalvikvm: GC_CONCURRENT freed 403K, 12% free 10400K/11719K, paused 2ms+3ms
07-05 11:52:43.958   545 10469 I DownloadManager: Initiating request for download 1194
07-05 11:52:44.020   545   548 D dalvikvm: GC_CONCURRENT freed 351K, 11% free 10466K/11719K, paused 3ms+4ms
07-05 11:52:44.130   545   548 D dalvikvm: GC_CONCURRENT freed 212K, 9% free 10678K/11719K, paused 2ms+3ms
07-05 11:52:44.286   545   548 D dalvikvm: GC_CONCURRENT freed 650K, 11% free 10464K/11719K, paused 2ms+3ms
07-05 11:52:44.372  1370 10471 E DictionaryProvider:UpdateHandler: Can't read a file : android.util.MalformedJsonException: Use JsonReader.setLenient(true) to accept malformed JSON at line 1 column 20
07-05 11:52:44.450  1370  1372 D dalvikvm: GC_CONCURRENT freed 392K, 7% free 9126K/9735K, paused 1ms+3ms
07-05 11:52:44.567   545   548 D dalvikvm: GC_CONCURRENT freed 432K, 12% free 10424K/11719K, paused 2ms+2ms
07-05 11:52:44.759   545   548 D dalvikvm: GC_CONCURRENT freed 416K, 12% free 10396K/11719K, paused 2ms+2ms
07-05 11:52:44.845   545 10474 I DownloadManager: Initiating request for download 1194
07-05 11:52:44.931   545   548 D dalvikvm: GC_CONCURRENT freed 234K, 10% free 10629K/11719K, paused 2ms+2ms
07-05 11:52:45.036   545   548 D dalvikvm: GC_CONCURRENT freed 311K, 9% free 10760K/11719K, paused 2ms+3ms
07-05 11:52:45.267   545   548 D dalvikvm: GC_CONCURRENT freed 795K, 12% free 10419K/11719K, paused 2ms+3ms
07-05 11:52:45.466   545   548 D dalvikvm: GC_CONCURRENT freed 407K, 12% free 10405K/11719K, paused 2ms+3ms
07-05 11:52:45.716   156   559 D dalvikvm: GC_EXPLICIT freed 607K, 17% free 13327K/15879K, paused 2ms+6ms
07-05 11:52:45.724   545 10477 I DownloadManager: Initiating request for download 1195
07-05 11:52:45.786   545   548 D dalvikvm: GC_CONCURRENT freed 325K, 11% free 10468K/11719K, paused 2ms+3ms
07-05 11:52:45.892   545   548 D dalvikvm: GC_CONCURRENT freed 231K, 9% free 10669K/11719K, paused 1ms+2ms
07-05 11:52:46.020   545   548 D dalvikvm: GC_CONCURRENT freed 649K, 11% free 10446K/11719K, paused 2ms+2ms
07-05 11:52:46.216   545   548 D dalvikvm: GC_CONCURRENT freed 399K, 11% free 10434K/11719K, paused 2ms+2ms
07-05 11:52:46.415   545   548 D dalvikvm: GC_CONCURRENT freed 401K, 12% free 10421K/11719K, paused 2ms+2ms
07-05 11:52:47.411   545   548 D dalvikvm: GC_CONCURRENT freed 368K, 11% free 10441K/11719K, paused 3ms+3ms
07-05 11:52:47.559  1370 10479 E DictionaryProvider:UpdateHandler: Can't read a file : android.util.MalformedJsonException: Use JsonReader.setLenient(true) to accept malformed JSON at line 1 column 20
07-05 11:52:47.677  1370  1381 D dalvikvm: GC_EXPLICIT freed 133K, 7% free 9095K/9735K, paused 2ms+3ms
07-05 11:52:47.688   545   548 D dalvikvm: GC_CONCURRENT freed 423K, 12% free 10405K/11719K, paused 1ms+2ms
07-05 11:52:47.884   545   548 D dalvikvm: GC_CONCURRENT freed 417K, 12% free 10377K/11719K, paused 2ms+3ms
07-05 11:52:47.934   545 10482 I DownloadManager: Initiating request for download 1195
07-05 11:52:47.934   545 10482 W DownloadManager: Aborting request for download 1195: Trying to resume a download that can't be resumed
07-05 11:52:48.212   545   548 D dalvikvm: GC_CONCURRENT freed 356K, 12% free 10409K/11719K, paused 2ms+2ms
07-05 11:52:48.407   545   548 D dalvikvm: GC_CONCURRENT freed 409K, 12% free 10389K/11719K, paused 2ms+3ms
07-05 11:52:48.618   545 10485 I DownloadManager: Initiating request for download 1196
07-05 11:52:48.681   545   548 D dalvikvm: GC_CONCURRENT freed 385K, 12% free 10415K/11719K, paused 4ms+3ms
07-05 11:52:48.798   545   548 D dalvikvm: GC_CONCURRENT freed 204K, 10% free 10658K/11719K, paused 2ms+2ms
07-05 11:52:48.934   545   548 D dalvikvm: GC_CONCURRENT freed 632K, 11% free 10448K/11719K, paused 3ms+2ms
07-05 11:52:49.122   545   548 D dalvikvm: GC_CONCURRENT freed 407K, 12% free 10429K/11719K, paused 1ms+2ms
07-05 11:52:49.306  1370 10487 E DictionaryProvider:UpdateHandler: Can't read a file : android.util.MalformedJsonException: Use JsonReader.setLenient(true) to accept malformed JSON at line 1 column 20
07-05 11:52:49.349   545   548 D dalvikvm: GC_CONCURRENT freed 422K, 12% free 10401K/11719K, paused 2ms+3ms
07-05 11:52:49.450   545 10490 I DownloadManager: Initiating request for download 1196
07-05 11:52:49.528   545   548 D dalvikvm: GC_CONCURRENT freed 260K, 10% free 10559K/11719K, paused 1ms+3ms
07-05 11:52:49.634   545   548 D dalvikvm: GC_CONCURRENT freed 286K, 9% free 10723K/11719K, paused 2ms+3ms
07-05 11:52:49.825   545   548 D dalvikvm: GC_CONCURRENT freed 757K, 12% free 10418K/11719K, paused 2ms+2ms
07-05 11:52:50.024   545   548 D dalvikvm: GC_CONCURRENT freed 409K, 12% free 10404K/11719K, paused 2ms+3ms
07-05 11:52:50.227   545 10493 I DownloadManager: Initiating request for download 1197
07-05 11:52:50.274   545   548 D dalvikvm: GC_CONCURRENT freed 405K, 12% free 10416K/11719K, paused 3ms+3ms
07-05 11:52:50.395   545   548 D dalvikvm: GC_CONCURRENT freed 186K, 10% free 10651K/11719K, paused 2ms+2ms
07-05 11:52:50.528   545   548 D dalvikvm: GC_CONCURRENT freed 427K, 9% free 10669K/11719K, paused 2ms+2ms
07-05 11:52:50.657  1370 10495 E DictionaryProvider:UpdateHandler: Can't read a file : android.util.MalformedJsonException: Use JsonReader.setLenient(true) to accept malformed JSON at line 1 column 20
07-05 11:52:50.802   545   548 D dalvikvm: GC_CONCURRENT freed 684K, 12% free 10414K/11719K, paused 2ms+2ms
07-05 11:52:50.993   545   548 D dalvikvm: GC_CONCURRENT freed 413K, 12% free 10388K/11719K, paused 2ms+2ms
07-05 11:52:51.153   545 10498 D dalvikvm: GC_EXPLICIT freed 178K, 11% free 10436K/11719K, paused 2ms+8ms
07-05 11:52:51.161   545 10498 I DownloadManager: Initiating request for download 1197
07-05 11:52:51.274   545   548 D dalvikvm: GC_CONCURRENT freed 208K, 10% free 10656K/11719K, paused 2ms+2ms
07-05 11:52:51.395   545   548 D dalvikvm: GC_CONCURRENT freed 426K, 10% free 10662K/11719K, paused 2ms+3ms
07-05 11:52:51.622   545   548 D dalvikvm: GC_CONCURRENT freed 679K, 12% free 10411K/11719K, paused 2ms+2ms
07-05 11:52:51.802   545   548 D dalvikvm: GC_CONCURRENT freed 412K, 12% free 10387K/11719K, paused 1ms+2ms
07-05 11:52:51.903   545 10501 I DownloadManager: Initiating request for download 1198
07-05 11:52:52.001   545   548 D dalvikvm: GC_CONCURRENT freed 228K, 10% free 10577K/11719K, paused 2ms+2ms
07-05 11:52:52.102   545   548 D dalvikvm: GC_CONCURRENT freed 296K, 9% free 10749K/11719K, paused 1ms+3ms
07-05 11:52:52.325  1370 10503 E DictionaryProvider:UpdateHandler: Can't read a file : android.util.MalformedJsonException: Use JsonReader.setLenient(true) to accept malformed JSON at line 1 column 20
07-05 11:52:52.333   545   548 D dalvikvm: GC_CONCURRENT freed 782K, 12% free 10426K/11719K, paused 2ms+3ms
07-05 11:52:52.548   545   548 D dalvikvm: GC_CONCURRENT freed 409K, 12% free 10405K/11719K, paused 2ms+2ms
07-05 11:52:52.712   545 10506 I DownloadManager: Initiating request for download 1198
07-05 11:52:52.759   545   548 D dalvikvm: GC_CONCURRENT freed 375K, 11% free 10433K/11719K, paused 2ms+3ms
07-05 11:52:52.876   545   548 D dalvikvm: GC_CONCURRENT freed 189K, 9% free 10707K/11719K, paused 2ms+3ms
07-05 11:52:53.020   545   548 D dalvikvm: GC_CONCURRENT freed 694K, 11% free 10457K/11719K, paused 2ms+3ms
07-05 11:52:53.239   545   548 D dalvikvm: GC_CONCURRENT freed 438K, 12% free 10413K/11719K, paused 2ms+3ms
07-05 11:52:53.442   545   548 D dalvikvm: GC_CONCURRENT freed 411K, 12% free 10395K/11719K, paused 2ms+2ms
07-05 11:52:53.559   545 10509 I DownloadManager: Initiating request for download 1199
07-05 11:52:53.661   545   548 D dalvikvm: GC_CONCURRENT freed 226K, 10% free 10593K/11719K, paused 2ms+2ms
07-05 11:52:53.767   545   548 D dalvikvm: GC_CONCURRENT freed 275K, 9% free 10776K/11719K, paused 2ms+3ms
07-05 11:52:53.981   545   548 D dalvikvm: GC_CONCURRENT freed 826K, 12% free 10416K/11719K, paused 2ms+2ms
07-05 11:52:54.032  1370 10511 E DictionaryProvider:UpdateHandler: Can't read a file : android.util.MalformedJsonException: Use JsonReader.setLenient(true) to accept malformed JSON at line 1 column 20
07-05 11:52:54.118  1370  1372 D dalvikvm: GC_CONCURRENT freed 359K, 7% free 9127K/9735K, paused 1ms+1ms
07-05 11:52:54.235   545   548 D dalvikvm: GC_CONCURRENT freed 398K, 12% free 10407K/11719K, paused 2ms+2ms
07-05 11:52:54.364   545 10514 I DownloadManager: Initiating request for download 1199
07-05 11:52:54.427   545   548 D dalvikvm: GC_CONCURRENT freed 345K, 11% free 10464K/11719K, paused 2ms+2ms
07-05 11:52:54.532   545   548 D dalvikvm: GC_CONCURRENT freed 211K, 9% free 10697K/11719K, paused 2ms+3ms
07-05 11:52:54.681   545   548 D dalvikvm: GC_CONCURRENT freed 674K, 11% free 10457K/11719K, paused 1ms+3ms
07-05 11:52:54.899   545   548 D dalvikvm: GC_CONCURRENT freed 434K, 12% free 10414K/11719K, paused 3ms+2ms
07-05 11:52:55.091   545   548 D dalvikvm: GC_CONCURRENT freed 413K, 12% free 10392K/11719K, paused 2ms+3ms
07-05 11:52:55.192   545 10517 I DownloadManager: Initiating request for download 1200
07-05 11:52:55.286   545   548 D dalvikvm: GC_CONCURRENT freed 223K, 10% free 10594K/11719K, paused 2ms+3ms
07-05 11:52:55.395   545   548 D dalvikvm: GC_CONCURRENT freed 286K, 9% free 10779K/11719K, paused 2ms+3ms
07-05 11:52:55.567  1370 10519 E DictionaryProvider:UpdateHandler: Can't read a file : android.util.MalformedJsonException: Use JsonReader.setLenient(true) to accept malformed JSON at line 1 column 20
07-05 11:52:55.665   545   548 D dalvikvm: GC_CONCURRENT freed 813K, 11% free 10432K/11719K, paused 2ms+3ms
07-05 11:52:55.852   545   548 D dalvikvm: GC_CONCURRENT freed 419K, 12% free 10400K/11719K, paused 1ms+2ms
07-05 11:52:55.977   545 10522 I DownloadManager: Initiating request for download 1200
07-05 11:52:56.028   545   548 D dalvikvm: GC_CONCURRENT freed 333K, 11% free 10467K/11719K, paused 2ms+3ms
07-05 11:52:56.134   545   548 D dalvikvm: GC_CONCURRENT freed 211K, 9% free 10683K/11719K, paused 2ms+3ms
07-05 11:52:56.286   545   548 D dalvikvm: GC_CONCURRENT freed 653K, 11% free 10466K/11719K, paused 2ms+2ms
07-05 11:52:56.505   545   548 D dalvikvm: GC_CONCURRENT freed 439K, 12% free 10416K/11719K, paused 2ms+2ms
07-05 11:52:56.704   545   548 D dalvikvm: GC_CONCURRENT freed 407K, 12% free 10396K/11719K, paused 3ms+2ms
07-05 11:52:56.813   545 10525 I DownloadManager: Initiating request for download 1201
07-05 11:52:56.903   545   548 D dalvikvm: GC_CONCURRENT freed 230K, 10% free 10633K/11719K, paused 2ms+2ms
07-05 11:52:57.013   545   548 D dalvikvm: GC_CONCURRENT freed 315K, 8% free 10783K/11719K, paused 2ms+3ms
07-05 11:52:57.184  1370 10527 E DictionaryProvider:UpdateHandler: Can't read a file : android.util.MalformedJsonException: Use JsonReader.setLenient(true) to accept malformed JSON at line 1 column 20
07-05 11:52:57.286   545   548 D dalvikvm: GC_CONCURRENT freed 820K, 12% free 10427K/11719K, paused 2ms+3ms
07-05 11:52:57.477   545   548 D dalvikvm: GC_CONCURRENT freed 412K, 12% free 10403K/11719K, paused 2ms+2ms
07-05 11:52:57.599   545 10530 I DownloadManager: Initiating request for download 1201
07-05 11:52:57.653   545   548 D dalvikvm: GC_CONCURRENT freed 327K, 11% free 10470K/11719K, paused 2ms+2ms
07-05 11:52:57.759   545   548 D dalvikvm: GC_CONCURRENT freed 214K, 9% free 10688K/11719K, paused 2ms+3ms
07-05 11:52:57.923   545   548 D dalvikvm: GC_CONCURRENT freed 660K, 11% free 10473K/11719K, paused 1ms+2ms
07-05 11:52:58.130   545   548 D dalvikvm: GC_CONCURRENT freed 442K, 12% free 10417K/11719K, paused 2ms+2ms
07-05 11:52:58.321   545   548 D dalvikvm: GC_CONCURRENT freed 404K, 12% free 10401K/11719K, paused 2ms+3ms
07-05 11:52:58.431   545 10533 I DownloadManager: Initiating request for download 1202
07-05 11:52:58.517   545   548 D dalvikvm: GC_CONCURRENT freed 229K, 10% free 10642K/11719K, paused 2ms+3ms
07-05 11:52:58.630   545   548 D dalvikvm: GC_CONCURRENT freed 313K, 9% free 10780K/11719K, paused 2ms+3ms
07-05 11:52:58.860  1370 10535 E DictionaryProvider:UpdateHandler: Can't read a file : android.util.MalformedJsonException: Use JsonReader.setLenient(true) to accept malformed JSON at line 1 column 20
07-05 11:52:58.899   545   548 D dalvikvm: GC_CONCURRENT freed 826K, 11% free 10434K/11719K, paused 2ms+3ms
07-05 11:52:59.102   545   548 D dalvikvm: GC_CONCURRENT freed 415K, 12% free 10408K/11719K, paused 1ms+2ms
07-05 11:52:59.216   545 10538 I DownloadManager: Initiating request for download 1202
07-05 11:52:59.286   545   548 D dalvikvm: GC_CONCURRENT freed 313K, 11% free 10526K/11719K, paused 2ms+3ms
07-05 11:52:59.388   545   548 D dalvikvm: GC_CONCURRENT freed 237K, 9% free 10727K/11719K, paused 2ms+2ms
07-05 11:52:59.548   545   548 D dalvikvm: GC_CONCURRENT freed 712K, 11% free 10469K/11719K, paused 2ms+3ms
07-05 11:52:59.778   545   548 D dalvikvm: GC_CONCURRENT freed 442K, 12% free 10416K/11719K, paused 2ms+2ms
07-05 11:52:59.970   545   548 D dalvikvm: GC_CONCURRENT freed 409K, 12% free 10398K/11719K, paused 2ms+2ms
07-05 11:53:00.071   545 10541 I DownloadManager: Initiating request for download 1203
07-05 11:53:00.169   545   548 D dalvikvm: GC_CONCURRENT freed 200K, 10% free 10627K/11719K, paused 2ms+3ms
07-05 11:53:00.278   545   548 D dalvikvm: GC_CONCURRENT freed 368K, 9% free 10686K/11719K, paused 2ms+3ms
07-05 11:53:00.528   545   548 D dalvikvm: GC_CONCURRENT freed 695K, 11% free 10434K/11719K, paused 2ms+6ms
07-05 11:53:00.599   156   156 D dalvikvm: GC_EXPLICIT freed 529K, 17% free 13325K/15879K, paused 3ms+8ms
07-05 11:53:00.602  1370 10543 E DictionaryProvider:UpdateHandler: Can't read a file : android.util.MalformedJsonException: Use JsonReader.setLenient(true) to accept malformed JSON at line 1 column 20
07-05 11:53:00.692  1370  1372 D dalvikvm: GC_CONCURRENT freed 367K, 7% free 9151K/9735K, paused 1ms+2ms
07-05 11:53:00.833   545   548 D dalvikvm: GC_CONCURRENT freed 409K, 12% free 10413K/11719K, paused 2ms+2ms
07-05 11:53:00.962   545 10546 I DownloadManager: Initiating request for download 1203
07-05 11:53:01.024   545   548 D dalvikvm: GC_CONCURRENT freed 365K, 11% free 10460K/11719K, paused 1ms+2ms
07-05 11:53:01.134   545   548 D dalvikvm: GC_CONCURRENT freed 213K, 9% free 10677K/11719K, paused 2ms+3ms
07-05 11:53:01.255   545   548 D dalvikvm: GC_CONCURRENT freed 654K, 11% free 10456K/11719K, paused 2ms+3ms
07-05 11:53:01.474   545   548 D dalvikvm: GC_CONCURRENT freed 435K, 12% free 10409K/11719K, paused 2ms+2ms
07-05 11:53:01.657   545   548 D dalvikvm: GC_CONCURRENT freed 411K, 12% free 10389K/11719K, paused 2ms+3ms
07-05 11:53:01.763   545 10549 I DownloadManager: Initiating request for download 1204
07-05 11:53:01.849   545   548 D dalvikvm: GC_CONCURRENT freed 232K, 10% free 10579K/11719K, paused 2ms+2ms
07-05 11:53:01.950   545   548 D dalvikvm: GC_CONCURRENT freed 286K, 9% free 10743K/11719K, paused 3ms+3ms
07-05 11:53:02.157   545   548 D dalvikvm: GC_CONCURRENT freed 776K, 12% free 10422K/11719K, paused 2ms+3ms
07-05 11:53:02.204  1370 10551 E DictionaryProvider:UpdateHandler: Can't read a file : android.util.MalformedJsonException: Use JsonReader.setLenient(true) to accept malformed JSON at line 1 column 20
07-05 11:53:02.403   545   548 D dalvikvm: GC_CONCURRENT freed 402K, 12% free 10412K/11719K, paused 2ms+3ms
07-05 11:53:02.583   545 10554 I DownloadManager: Initiating request for download 1204
07-05 11:53:02.618   545   548 D dalvikvm: GC_CONCURRENT freed 417K, 12% free 10425K/11719K, paused 1ms+3ms
07-05 11:53:02.731   545   548 D dalvikvm: GC_CONCURRENT freed 192K, 10% free 10664K/11719K, paused 3ms+2ms
07-05 11:53:02.852   545   548 D dalvikvm: GC_CONCURRENT freed 632K, 11% free 10462K/11719K, paused 2ms+3ms
07-05 11:53:03.087   545   548 D dalvikvm: GC_CONCURRENT freed 436K, 12% free 10419K/11719K, paused 2ms+3ms
07-05 11:53:03.286   545   548 D dalvikvm: GC_CONCURRENT freed 411K, 12% free 10396K/11719K, paused 2ms+2ms
07-05 11:53:03.403   545 10557 I DownloadManager: Initiating request for download 1205
07-05 11:53:03.481   545   548 D dalvikvm: GC_CONCURRENT freed 258K, 10% free 10569K/11719K, paused 2ms+3ms
07-05 11:53:03.583   545   548 D dalvikvm: GC_CONCURRENT freed 280K, 9% free 10731K/11719K, paused 2ms+3ms
07-05 11:53:03.770   545   548 D dalvikvm: GC_CONCURRENT freed 728K, 11% free 10463K/11719K, paused 1ms+3ms
07-05 11:53:03.829  1370 10559 E DictionaryProvider:UpdateHandler: Can't read a file : android.util.MalformedJsonException: Use JsonReader.setLenient(true) to accept malformed JSON at line 1 column 20
07-05 11:53:04.009   545   548 D dalvikvm: GC_CONCURRENT freed 438K, 12% free 10412K/11719K, paused 1ms+3ms
07-05 11:53:04.188   545   548 D dalvikvm: GC_CONCURRENT freed 409K, 12% free 10396K/11719K, paused 1ms+2ms
07-05 11:53:04.216   545 10562 I DownloadManager: Initiating request for download 1205
07-05 11:53:04.313   545   548 D dalvikvm: GC_CONCURRENT freed 184K, 9% free 10680K/11719K, paused 2ms+3ms
07-05 11:53:04.442   545   548 D dalvikvm: GC_CONCURRENT freed 447K, 9% free 10679K/11719K, paused 2ms+3ms
07-05 11:53:04.669   545   548 D dalvikvm: GC_CONCURRENT freed 693K, 12% free 10414K/11719K, paused 2ms+2ms
07-05 11:53:04.852   545   548 D dalvikvm: GC_CONCURRENT freed 406K, 12% free 10395K/11719K, paused 2ms+2ms
07-05 11:53:04.981   545 10565 I DownloadManager: Initiating request for download 1206
07-05 11:53:05.087   545   548 D dalvikvm: GC_CONCURRENT freed 257K, 10% free 10611K/11719K, paused 1ms+2ms
07-05 11:53:05.196   545   548 D dalvikvm: GC_CONCURRENT freed 312K, 9% free 10758K/11719K, paused 3ms+2ms
07-05 11:53:05.407  1370 10567 E DictionaryProvider:UpdateHandler: Can't read a file : android.util.MalformedJsonException: Use JsonReader.setLenient(true) to accept malformed JSON at line 1 column 20
07-05 11:53:05.438   545   548 D dalvikvm: GC_CONCURRENT freed 796K, 11% free 10438K/11719K, paused 1ms+2ms
07-05 11:53:05.645   545   548 D dalvikvm: GC_CONCURRENT freed 420K, 12% free 10408K/11719K, paused 2ms+3ms
07-05 11:53:05.782   545 10570 I DownloadManager: Initiating request for download 1206
07-05 11:53:05.833   545   548 D dalvikvm: GC_CONCURRENT freed 371K, 11% free 10466K/11719K, paused 2ms+3ms
07-05 11:53:05.946   545   548 D dalvikvm: GC_CONCURRENT freed 211K, 9% free 10698K/11719K, paused 2ms+3ms
07-05 11:53:06.102   545   548 D dalvikvm: GC_CONCURRENT freed 676K, 11% free 10471K/11719K, paused 2ms+3ms
07-05 11:53:06.317   545   548 D dalvikvm: GC_CONCURRENT freed 442K, 12% free 10423K/11719K, paused 2ms+2ms
07-05 11:53:06.501   545   548 D dalvikvm: GC_CONCURRENT freed 411K, 12% free 10403K/11719K, paused 2ms+2ms
07-05 11:53:06.602   545 10573 I DownloadManager: Initiating request for download 1207
07-05 11:53:06.700   545   548 D dalvikvm: GC_CONCURRENT freed 225K, 10% free 10596K/11719K, paused 3ms+3ms
07-05 11:53:06.802   545   548 D dalvikvm: GC_CONCURRENT freed 277K, 9% free 10756K/11719K, paused 2ms+3ms
07-05 11:53:07.013  1370 10575 E DictionaryProvider:UpdateHandler: Can't read a file : android.util.MalformedJsonException: Use JsonReader.setLenient(true) to accept malformed JSON at line 1 column 20
07-05 11:53:07.044   545   548 D dalvikvm: GC_CONCURRENT freed 794K, 11% free 10441K/11719K, paused 2ms+2ms
07-05 11:53:07.099  1370  1372 D dalvikvm: GC_CONCURRENT freed 390K, 6% free 9152K/9735K, paused 2ms+2ms
07-05 11:53:07.274   545   548 D dalvikvm: GC_CONCURRENT freed 421K, 12% free 10410K/11719K, paused 2ms+3ms
07-05 11:53:07.427   545 10578 I DownloadManager: Initiating request for download 1207
07-05 11:53:07.481   545   548 D dalvikvm: GC_CONCURRENT freed 383K, 11% free 10440K/11719K, paused 2ms+4ms
07-05 11:53:07.595   545   548 D dalvikvm: GC_CONCURRENT freed 190K, 9% free 10673K/11719K, paused 2ms+3ms
07-05 11:53:07.727   545   548 D dalvikvm: GC_CONCURRENT freed 646K, 11% free 10466K/11719K, paused 2ms+3ms
07-05 11:53:07.954   545   548 D dalvikvm: GC_CONCURRENT freed 432K, 12% free 10425K/11719K, paused 2ms+3ms
07-05 11:53:08.134   545   548 D dalvikvm: GC_CONCURRENT freed 413K, 12% free 10401K/11719K, paused 1ms+2ms
07-05 11:53:08.247   545 10581 I DownloadManager: Initiating request for download 1208
07-05 11:53:08.333   545   548 D dalvikvm: GC_CONCURRENT freed 258K, 10% free 10578K/11719K, paused 2ms+2ms
07-05 11:53:08.450   545   548 D dalvikvm: GC_CONCURRENT freed 279K, 9% free 10751K/11719K, paused 2ms+3ms
07-05 11:53:08.634   545   548 D dalvikvm: GC_CONCURRENT freed 774K, 11% free 10431K/11719K, paused 2ms+3ms
07-05 11:53:08.681  1370 10583 E DictionaryProvider:UpdateHandler: Can't read a file : android.util.MalformedJsonException: Use JsonReader.setLenient(true) to accept malformed JSON at line 1 column 20
07-05 11:53:08.872   545   548 D dalvikvm: GC_CONCURRENT freed 400K, 12% free 10420K/11719K, paused 4ms+3ms
07-05 11:53:09.067   545   548 D dalvikvm: GC_CONCURRENT freed 414K, 12% free 10398K/11719K, paused 2ms+2ms
07-05 11:53:09.095   545 10586 I DownloadManager: Initiating request for download 1208
07-05 11:53:09.192   545   548 D dalvikvm: GC_CONCURRENT freed 173K, 10% free 10647K/11719K, paused 2ms+3ms
07-05 11:53:09.309   545   548 D dalvikvm: GC_CONCURRENT freed 397K, 9% free 10686K/11719K, paused 2ms+2ms
07-05 11:53:09.544   545   548 D dalvikvm: GC_CONCURRENT freed 694K, 12% free 10424K/11719K, paused 1ms+3ms
07-05 11:53:09.735   545   548 D dalvikvm: GC_CONCURRENT freed 409K, 12% free 10405K/11719K, paused 2ms+3ms
07-05 11:53:09.903   545 10589 I DownloadManager: Initiating request for download 1209
07-05 11:53:10.005   545   548 D dalvikvm: GC_CONCURRENT freed 289K, 10% free 10606K/11719K, paused 2ms+2ms
07-05 11:53:10.110   545   548 D dalvikvm: GC_CONCURRENT freed 300K, 9% free 10744K/11719K, paused 2ms+3ms
07-05 11:53:10.298   545   548 D dalvikvm: GC_CONCURRENT freed 727K, 11% free 10469K/11719K, paused 2ms+3ms
07-05 11:53:10.368  1370 10591 E DictionaryProvider:UpdateHandler: Can't read a file : android.util.MalformedJsonException: Use JsonReader.setLenient(true) to accept malformed JSON at line 1 column 20
07-05 11:53:10.552   545   548 D dalvikvm: GC_CONCURRENT freed 429K, 11% free 10435K/11719K, paused 2ms+3ms
07-05 11:53:10.747   545   548 D dalvikvm: GC_CONCURRENT freed 423K, 12% free 10401K/11719K, paused 2ms+2ms
07-05 11:53:10.774   545 10594 I DownloadManager: Initiating request for download 1209
07-05 11:53:10.880   545   548 D dalvikvm: GC_CONCURRENT freed 178K, 9% free 10673K/11719K, paused 2ms+3ms
07-05 11:53:11.001   545   548 D dalvikvm: GC_CONCURRENT freed 419K, 9% free 10688K/11719K, paused 2ms+2ms
07-05 11:53:11.231   545   548 D dalvikvm: GC_CONCURRENT freed 692K, 12% free 10428K/11719K, paused 2ms+2ms
07-05 11:53:11.423   545   548 D dalvikvm: GC_CONCURRENT freed 408K, 12% free 10407K/11719K, paused 2ms+3ms
07-05 11:53:11.556   545 10597 I DownloadManager: Initiating request for download 1210
07-05 11:53:11.638   545   548 D dalvikvm: GC_CONCURRENT freed 276K, 10% free 10573K/11719K, paused 2ms+3ms
07-05 11:53:11.735   545   548 D dalvikvm: GC_CONCURRENT freed 288K, 9% free 10739K/11719K, paused 2ms+3ms
07-05 11:53:11.919   545   548 D dalvikvm: GC_CONCURRENT freed 717K, 11% free 10478K/11719K, paused 2ms+3ms
07-05 11:53:11.970  1370 10599 E DictionaryProvider:UpdateHandler: Can't read a file : android.util.MalformedJsonException: Use JsonReader.setLenient(true) to accept malformed JSON at line 1 column 20
07-05 11:53:12.067   465   467 D dalvikvm: GC_CONCURRENT freed 418K, 5% free 10536K/11079K, paused 2ms+3ms
07-05 11:53:12.184   545   548 D dalvikvm: GC_CONCURRENT freed 435K, 12% free 10429K/11719K, paused 1ms+2ms
07-05 11:53:12.376   545   548 D dalvikvm: GC_CONCURRENT freed 412K, 12% free 10404K/11719K, paused 1ms+2ms
07-05 11:53:12.415   545 10602 I DownloadManager: Initiating request for download 1210
07-05 11:53:12.520   545   548 D dalvikvm: GC_CONCURRENT freed 197K, 10% free 10663K/11719K, paused 2ms+3ms
07-05 11:53:12.638   545   548 D dalvikvm: GC_CONCURRENT freed 403K, 9% free 10692K/11719K, paused 2ms+2ms
07-05 11:53:12.872   545   548 D dalvikvm: GC_CONCURRENT freed 695K, 12% free 10429K/11719K, paused 2ms+2ms
07-05 11:53:13.059   545   548 D dalvikvm: GC_CONCURRENT freed 407K, 12% free 10411K/11719K, paused 2ms+3ms
07-05 11:53:13.294   545 10605 D dalvikvm: GC_EXPLICIT freed 275K, 11% free 10461K/11719K, paused 2ms+10ms
07-05 11:53:13.302   545 10605 I DownloadManager: Initiating request for download 1211
07-05 11:53:13.411   545   548 D dalvikvm: GC_CONCURRENT freed 204K, 9% free 10694K/11719K, paused 2ms+4ms
07-05 11:53:13.544   545   548 D dalvikvm: GC_CONCURRENT freed 461K, 9% free 10690K/11719K, paused 2ms+3ms
07-05 11:53:13.770   545   548 D dalvikvm: GC_CONCURRENT freed 694K, 11% free 10433K/11719K, paused 2ms+3ms
07-05 11:53:13.974   545   548 D dalvikvm: GC_CONCURRENT freed 406K, 12% free 10424K/11719K, paused 2ms+2ms
07-05 11:53:13.981  1370 10607 E DictionaryProvider:UpdateHandler: Can't read a file : android.util.MalformedJsonException: Use JsonReader.setLenient(true) to accept malformed JSON at line 1 column 20
07-05 11:53:14.083   545 10610 I DownloadManager: Initiating request for download 1211
07-05 11:53:14.177   545   548 D dalvikvm: GC_CONCURRENT freed 237K, 10% free 10609K/11719K, paused 2ms+2ms
07-05 11:53:14.282   545   548 D dalvikvm: GC_CONCURRENT freed 285K, 8% free 10799K/11719K, paused 2ms+3ms
07-05 11:53:14.509   156   568 D dalvikvm: GC_EXPLICIT freed 512K, 17% free 13324K/15879K, paused 2ms+6ms
07-05 11:53:14.606   545   548 D dalvikvm: GC_CONCURRENT freed 835K, 11% free 10438K/11719K, paused 2ms+2ms
07-05 11:53:14.802   545   548 D dalvikvm: GC_CONCURRENT freed 422K, 12% free 10407K/11719K, paused 2ms+3ms
07-05 11:53:14.966   545 10613 I DownloadManager: Initiating request for download 1212
07-05 11:53:15.036   545   548 D dalvikvm: GC_CONCURRENT freed 356K, 11% free 10470K/11719K, paused 2ms+3ms
07-05 11:53:15.145   545   548 D dalvikvm: GC_CONCURRENT freed 215K, 9% free 10688K/11719K, paused 1ms+3ms
07-05 11:53:15.282   545   548 D dalvikvm: GC_CONCURRENT freed 657K, 11% free 10464K/11719K, paused 2ms+2ms
07-05 11:53:15.403  1370 10615 E DictionaryProvider:UpdateHandler: Can't read a file : android.util.MalformedJsonException: Use JsonReader.setLenient(true) to accept malformed JSON at line 1 column 20
07-05 11:53:15.438  1370  1372 D dalvikvm: GC_CONCURRENT freed 468K, 7% free 9142K/9735K, paused 2ms+3ms
07-05 11:53:15.567   545   548 D dalvikvm: GC_CONCURRENT freed 425K, 12% free 10429K/11719K, paused 2ms+3ms
07-05 11:53:15.755   545   548 D dalvikvm: GC_CONCURRENT freed 416K, 12% free 10400K/11719K, paused 2ms+3ms
07-05 11:53:15.852   545 10618 I DownloadManager: Initiating request for download 1212
07-05 11:53:15.974   545   548 D dalvikvm: GC_CONCURRENT freed 250K, 10% free 10572K/11719K, paused 2ms+2ms
07-05 11:53:16.071   545   548 D dalvikvm: GC_CONCURRENT freed 290K, 9% free 10714K/11719K, paused 2ms+3ms
07-05 11:53:16.235   545   548 D dalvikvm: GC_CONCURRENT freed 697K, 11% free 10468K/11719K, paused 2ms+2ms
07-05 11:53:16.446   545   548 D dalvikvm: GC_CONCURRENT freed 442K, 12% free 10413K/11719K, paused 2ms+2ms
07-05 11:53:16.642   545   548 D dalvikvm: GC_CONCURRENT freed 405K, 12% free 10399K/11719K, paused 2ms+2ms
07-05 11:53:16.712   545 10621 I DownloadManager: Initiating request for download 1213
07-05 11:53:16.817   545   548 D dalvikvm: GC_CONCURRENT freed 200K, 10% free 10646K/11719K, paused 2ms+3ms
07-05 11:53:16.934   545   548 D dalvikvm: GC_CONCURRENT freed 387K, 9% free 10686K/11719K, paused 2ms+2ms
07-05 11:53:17.106  1370 10623 E DictionaryProvider:UpdateHandler: Can't read a file : android.util.MalformedJsonException: Use JsonReader.setLenient(true) to accept malformed JSON at line 1 column 20
07-05 11:53:17.208   545   548 D dalvikvm: GC_CONCURRENT freed 687K, 12% free 10428K/11719K, paused 2ms+2ms
07-05 11:53:17.388   545   548 D dalvikvm: GC_CONCURRENT freed 411K, 12% free 10405K/11719K, paused 2ms+3ms
07-05 11:53:17.513   545 10626 I DownloadManager: Initiating request for download 1213
07-05 11:53:17.567   545   548 D dalvikvm: GC_CONCURRENT freed 336K, 11% free 10472K/11719K, paused 2ms+2ms
07-05 11:53:17.673   545   548 D dalvikvm: GC_CONCURRENT freed 212K, 9% free 10707K/11719K, paused 2ms+3ms
07-05 11:53:17.829   545   548 D dalvikvm: GC_CONCURRENT freed 685K, 11% free 10469K/11719K, paused 1ms+2ms
07-05 11:53:18.048   545   548 D dalvikvm: GC_CONCURRENT freed 434K, 12% free 10427K/11719K, paused 2ms+2ms
07-05 11:53:18.235   545   548 D dalvikvm: GC_CONCURRENT freed 415K, 12% free 10400K/11719K, paused 2ms+3ms
07-05 11:53:18.345   545 10629 I DownloadManager: Initiating request for download 1214
07-05 11:53:18.438   545   548 D dalvikvm: GC_CONCURRENT freed 227K, 10% free 10596K/11719K, paused 2ms+3ms
07-05 11:53:18.548   545   548 D dalvikvm: GC_CONCURRENT freed 281K, 9% free 10772K/11719K, paused 2ms+3ms
07-05 11:53:18.755   545   548 D dalvikvm: GC_CONCURRENT freed 802K, 11% free 10434K/11719K, paused 2ms+2ms
07-05 11:53:18.903  1370 10631 E DictionaryProvider:UpdateHandler: Can't read a file : android.util.MalformedJsonException: Use JsonReader.setLenient(true) to accept malformed JSON at line 1 column 20
07-05 11:53:18.970   545   548 D dalvikvm: GC_CONCURRENT freed 400K, 12% free 10421K/11719K, paused 2ms+2ms
07-05 11:53:19.177   545   548 D dalvikvm: GC_CONCURRENT freed 402K, 12% free 10425K/11719K, paused 1ms+4ms
07-05 11:53:19.177   545 10633 I DownloadManager: Initiating request for download 1214
07-05 11:53:19.286   545   548 D dalvikvm: GC_CONCURRENT freed 163K, 9% free 10667K/11719K, paused 2ms+3ms
07-05 11:53:19.380   545   548 D dalvikvm: GC_CONCURRENT freed 420K, 9% free 10690K/11719K, paused 2ms+2ms
07-05 11:53:19.712   545   548 D dalvikvm: GC_CONCURRENT freed 665K, 11% free 10458K/11719K, paused 2ms+2ms
07-05 11:53:19.903   545   548 D dalvikvm: GC_CONCURRENT freed 400K, 11% free 10446K/11719K, paused 1ms+2ms
07-05 11:53:20.298   545 10636 I DownloadManager: Initiating request for download 1215
07-05 11:53:20.399   545   548 D dalvikvm: GC_CONCURRENT freed 294K, 10% free 10579K/11719K, paused 3ms+3ms
07-05 11:53:20.505   545   548 D dalvikvm: GC_CONCURRENT freed 281K, 9% free 10744K/11719K, paused 2ms+3ms
07-05 11:53:20.677   545   548 D dalvikvm: GC_CONCURRENT freed 725K, 11% free 10473K/11719K, paused 2ms+3ms
07-05 11:53:20.743  1370 10639 E DictionaryProvider:UpdateHandler: Can't read a file : android.util.MalformedJsonException: Use JsonReader.setLenient(true) to accept malformed JSON at line 1 column 20
07-05 11:53:20.919   545   548 D dalvikvm: GC_CONCURRENT freed 430K, 11% free 10433K/11719K, paused 2ms+3ms
07-05 11:53:21.110   545   548 D dalvikvm: GC_CONCURRENT freed 415K, 12% free 10406K/11719K, paused 2ms+2ms
07-05 11:53:21.153   545 10642 I DownloadManager: Initiating request for download 1215
07-05 11:53:21.243   545   548 D dalvikvm: GC_CONCURRENT freed 198K, 10% free 10633K/11719K, paused 2ms+2ms
07-05 11:53:21.349   545   548 D dalvikvm: GC_CONCURRENT freed 279K, 8% free 10788K/11719K, paused 2ms+3ms
07-05 11:53:21.587   545   548 D dalvikvm: GC_CONCURRENT freed 823K, 11% free 10431K/11719K, paused 2ms+2ms
07-05 11:53:21.774   545   548 D dalvikvm: GC_CONCURRENT freed 405K, 12% free 10416K/11719K, paused 2ms+2ms
07-05 11:53:21.919   545 10645 I DownloadManager: Initiating request for download 1216
07-05 11:53:21.993   545   548 D dalvikvm: GC_CONCURRENT freed 331K, 11% free 10484K/11719K, paused 2ms+3ms
07-05 11:53:22.106   545   548 D dalvikvm: GC_CONCURRENT freed 214K, 9% free 10700K/11719K, paused 2ms+3ms
07-05 11:53:22.255   545   548 D dalvikvm: GC_CONCURRENT freed 658K, 11% free 10482K/11719K, paused 2ms+2ms
07-05 11:53:22.341  1370 10647 E DictionaryProvider:UpdateHandler: Can't read a file : android.util.MalformedJsonException: Use JsonReader.setLenient(true) to accept malformed JSON at line 1 column 20
07-05 11:53:22.376  1370  1372 D dalvikvm: GC_CONCURRENT freed 403K, 7% free 9126K/9735K, paused 1ms+1ms
07-05 11:53:22.532   545   548 D dalvikvm: GC_CONCURRENT freed 435K, 11% free 10440K/11719K, paused 2ms+2ms
07-05 11:53:22.724   545   548 D dalvikvm: GC_CONCURRENT freed 416K, 12% free 10413K/11719K, paused 2ms+2ms
07-05 11:53:22.813   545 10650 I DownloadManager: Initiating request for download 1216
07-05 11:53:22.895   545   548 D dalvikvm: GC_CONCURRENT freed 248K, 10% free 10582K/11719K, paused 2ms+3ms
07-05 11:53:23.001   545   548 D dalvikvm: GC_CONCURRENT freed 274K, 9% free 10782K/11719K, paused 2ms+3ms
07-05 11:53:23.200   545   548 D dalvikvm: GC_CONCURRENT freed 805K, 11% free 10440K/11719K, paused 2ms+3ms
07-05 11:53:23.388   545   548 D dalvikvm: GC_CONCURRENT freed 408K, 12% free 10421K/11719K, paused 2ms+2ms
07-05 11:53:23.571   545   548 D dalvikvm: GC_CONCURRENT freed 404K, 12% free 10408K/11719K, paused 2ms+2ms
07-05 11:53:23.618   545 10653 I DownloadManager: Initiating request for download 1217
07-05 11:53:23.724   545   548 D dalvikvm: GC_CONCURRENT freed 166K, 10% free 10665K/11719K, paused 2ms+3ms
07-05 11:53:23.849   545   548 D dalvikvm: GC_CONCURRENT freed 404K, 9% free 10699K/11719K, paused 2ms+3ms
07-05 11:53:24.013  1370 10655 E DictionaryProvider:UpdateHandler: Can't read a file : android.util.MalformedJsonException: Use JsonReader.setLenient(true) to accept malformed JSON at line 1 column 20
07-05 11:53:24.114   545   548 D dalvikvm: GC_CONCURRENT freed 685K, 11% free 10445K/11719K, paused 2ms+3ms
07-05 11:53:24.333   545   548 D dalvikvm: GC_CONCURRENT freed 417K, 12% free 10418K/11719K, paused 2ms+3ms
07-05 11:53:24.466   545 10658 I DownloadManager: Initiating request for download 1217
07-05 11:53:24.540   545   548 D dalvikvm: GC_CONCURRENT freed 317K, 11% free 10532K/11719K, paused 1ms+3ms
07-05 11:53:24.642   545   548 D dalvikvm: GC_CONCURRENT freed 242K, 9% free 10721K/11719K, paused 2ms+3ms
07-05 11:53:24.774   545   548 D dalvikvm: GC_CONCURRENT freed 682K, 11% free 10479K/11719K, paused 2ms+3ms
07-05 11:53:24.958   545   548 D dalvikvm: GC_CONCURRENT freed 399K, 11% free 10468K/11719K, paused 2ms+2ms
07-05 11:53:25.153   545   548 D dalvikvm: GC_CONCURRENT freed 405K, 11% free 10453K/11719K, paused 2ms+3ms
07-05 11:53:25.427   545 10660 I DownloadManager: Initiating request for download 1218
07-05 11:53:25.552   545   548 D dalvikvm: GC_CONCURRENT freed 258K, 10% free 10663K/11719K, paused 2ms+3ms
07-05 11:53:25.665   545   548 D dalvikvm: GC_CONCURRENT freed 324K, 8% free 10795K/11719K, paused 2ms+2ms
07-05 11:53:25.892  1370 10663 E DictionaryProvider:UpdateHandler: Can't read a file : android.util.MalformedJsonException: Use JsonReader.setLenient(true) to accept malformed JSON at line 1 column 20
07-05 11:53:25.919   545   548 D dalvikvm: GC_CONCURRENT freed 834K, 11% free 10451K/11719K, paused 2ms+3ms
07-05 11:53:26.122   545   548 D dalvikvm: GC_CONCURRENT freed 415K, 12% free 10423K/11719K, paused 2ms+3ms
07-05 11:53:26.259   545 10666 I DownloadManager: Initiating request for download 1218
07-05 11:53:26.321   545   548 D dalvikvm: GC_CONCURRENT freed 335K, 11% free 10487K/11719K, paused 2ms+2ms
07-05 11:53:26.431   545   548 D dalvikvm: GC_CONCURRENT freed 208K, 9% free 10737K/11719K, paused 2ms+3ms
07-05 11:53:26.567   545   548 D dalvikvm: GC_CONCURRENT freed 704K, 11% free 10482K/11719K, paused 2ms+3ms
07-05 11:53:26.786   545   548 D dalvikvm: GC_CONCURRENT freed 435K, 11% free 10439K/11719K, paused 2ms+3ms
07-05 11:53:26.970   545   548 D dalvikvm: GC_CONCURRENT freed 411K, 12% free 10423K/11719K, paused 2ms+2ms
07-05 11:53:27.079   545 10669 I DownloadManager: Initiating request for download 1219
07-05 11:53:27.181   545   548 D dalvikvm: GC_CONCURRENT freed 231K, 10% free 10654K/11719K, paused 3ms+3ms
07-05 11:53:27.290   545   548 D dalvikvm: GC_CONCURRENT freed 318K, 8% free 10798K/11719K, paused 2ms+3ms
07-05 11:53:27.513   545   548 D dalvikvm: GC_CONCURRENT freed 824K, 11% free 10443K/11719K, paused 1ms+2ms
07-05 11:53:27.544  1370 10671 E DictionaryProvider:UpdateHandler: Can't read a file : android.util.MalformedJsonException: Use JsonReader.setLenient(true) to accept malformed JSON at line 1 column 20
07-05 11:53:27.747   545   548 D dalvikvm: GC_CONCURRENT freed 400K, 11% free 10431K/11719K, paused 2ms+2ms
07-05 11:53:27.888   545 10674 I DownloadManager: Initiating request for download 1219
07-05 11:53:27.946   545   548 D dalvikvm: GC_CONCURRENT freed 367K, 11% free 10490K/11719K, paused 1ms+3ms
07-05 11:53:28.059   545   548 D dalvikvm: GC_CONCURRENT freed 209K, 9% free 10707K/11719K, paused 1ms+3ms
07-05 11:53:28.200   545   548 D dalvikvm: GC_CONCURRENT freed 659K, 11% free 10491K/11719K, paused 1ms+3ms
07-05 11:53:28.431   545   548 D dalvikvm: GC_CONCURRENT freed 439K, 11% free 10440K/11719K, paused 2ms+2ms
07-05 11:53:28.634   545   548 D dalvikvm: GC_CONCURRENT freed 407K, 12% free 10420K/11719K, paused 1ms+3ms
07-05 11:53:28.751   545 10677 I DownloadManager: Initiating request for download 1220
07-05 11:53:28.849   545   548 D dalvikvm: GC_CONCURRENT freed 247K, 10% free 10605K/11719K, paused 1ms+3ms
07-05 11:53:28.962   545   548 D dalvikvm: GC_CONCURRENT freed 310K, 8% free 10797K/11719K, paused 2ms+5ms
07-05 11:53:29.110   156   594 D dalvikvm: GC_EXPLICIT freed 505K, 17% free 13323K/15879K, paused 3ms+7ms
07-05 11:53:29.255  1370 10679 E DictionaryProvider:UpdateHandler: Can't read a file : android.util.MalformedJsonException: Use JsonReader.setLenient(true) to accept malformed JSON at line 1 column 20
07-05 11:53:29.282  1370  1372 D dalvikvm: GC_CONCURRENT freed 387K, 7% free 9130K/9735K, paused 2ms+2ms
07-05 11:53:29.309   545   548 D dalvikvm: GC_CONCURRENT freed 826K, 11% free 10462K/11719K, paused 2ms+3ms
07-05 11:53:29.524   545   548 D dalvikvm: GC_CONCURRENT freed 437K, 12% free 10414K/11719K, paused 2ms+3ms
07-05 11:53:29.684   545 10682 I DownloadManager: Initiating request for download 1220
07-05 11:53:29.727   545   548 D dalvikvm: GC_CONCURRENT freed 386K, 11% free 10436K/11719K, paused 2ms+3ms
07-05 11:53:29.841   545   548 D dalvikvm: GC_CONCURRENT freed 207K, 9% free 10691K/11719K, paused 2ms+2ms
07-05 11:53:29.974   545   548 D dalvikvm: GC_CONCURRENT freed 653K, 11% free 10472K/11719K, paused 1ms+3ms
07-05 11:53:30.184   545   548 D dalvikvm: GC_CONCURRENT freed 433K, 12% free 10428K/11719K, paused 1ms+2ms
07-05 11:53:30.376   545   548 D dalvikvm: GC_CONCURRENT freed 410K, 12% free 10407K/11719K, paused 2ms+2ms
07-05 11:53:30.501   545 10685 I DownloadManager: Initiating request for download 1221
07-05 11:53:30.583   545   548 D dalvikvm: GC_CONCURRENT freed 257K, 10% free 10590K/11719K, paused 2ms+3ms
07-05 11:53:30.696   545   548 D dalvikvm: GC_CONCURRENT freed 289K, 9% free 10766K/11719K, paused 2ms+3ms
07-05 11:53:30.892   545   548 D dalvikvm: GC_CONCURRENT freed 792K, 11% free 10436K/11719K, paused 2ms+2ms
07-05 11:53:30.946  1370 10687 E DictionaryProvider:UpdateHandler: Can't read a file : android.util.MalformedJsonException: Use JsonReader.setLenient(true) to accept malformed JSON at line 1 column 20
07-05 11:53:31.138   545   548 D dalvikvm: GC_CONCURRENT freed 394K, 11% free 10431K/11719K, paused 1ms+3ms
07-05 11:53:31.329   545   548 D dalvikvm: GC_CONCURRENT freed 415K, 12% free 10406K/11719K, paused 2ms+3ms
07-05 11:53:31.368   545 10690 I DownloadManager: Initiating request for download 1221
07-05 11:53:31.466   545   548 D dalvikvm: GC_CONCURRENT freed 182K, 10% free 10650K/11719K, paused 2ms+3ms
07-05 11:53:31.575   545   548 D dalvikvm: GC_CONCURRENT freed 383K, 9% free 10697K/11719K, paused 2ms+3ms
07-05 11:53:31.806   545   548 D dalvikvm: GC_CONCURRENT freed 700K, 11% free 10432K/11719K, paused 3ms+2ms
07-05 11:53:31.993   545   548 D dalvikvm: GC_CONCURRENT freed 406K, 12% free 10419K/11719K, paused 2ms+2ms
07-05 11:53:32.149   545 10693 I DownloadManager: Initiating request for download 1222
07-05 11:53:32.220   545   548 D dalvikvm: GC_CONCURRENT freed 337K, 11% free 10483K/11719K, paused 2ms+3ms
07-05 11:53:32.341   545   548 D dalvikvm: GC_CONCURRENT freed 206K, 9% free 10740K/11719K, paused 2ms+2ms
07-05 11:53:32.497   545   548 D dalvikvm: GC_CONCURRENT freed 714K, 11% free 10475K/11719K, paused 2ms+2ms
07-05 11:53:32.595  1370 10695 E DictionaryProvider:UpdateHandler: Can't read a file : android.util.MalformedJsonException: Use JsonReader.setLenient(true) to accept malformed JSON at line 1 column 20
07-05 11:53:32.743   545   548 D dalvikvm: GC_CONCURRENT freed 426K, 11% free 10439K/11719K, paused 2ms+3ms
07-05 11:53:32.938   545   548 D dalvikvm: GC_CONCURRENT freed 417K, 12% free 10416K/11719K, paused 2ms+2ms
07-05 11:53:33.020   545 10698 I DownloadManager: Initiating request for download 1222
07-05 11:53:33.114   545   548 D dalvikvm: GC_CONCURRENT freed 240K, 10% free 10598K/11719K, paused 2ms+3ms
07-05 11:53:33.220   545   548 D dalvikvm: GC_CONCURRENT freed 288K, 9% free 10762K/11719K, paused 2ms+2ms
07-05 11:53:33.419   545   548 D dalvikvm: GC_CONCURRENT freed 782K, 11% free 10440K/11719K, paused 2ms+3ms
07-05 11:53:33.626   545   548 D dalvikvm: GC_CONCURRENT freed 402K, 12% free 10425K/11719K, paused 1ms+2ms
07-05 11:53:33.817   545   548 D dalvikvm: GC_CONCURRENT freed 403K, 12% free 10408K/11719K, paused 2ms+3ms
07-05 11:53:33.864   545 10701 I DownloadManager: Initiating request for download 1223
07-05 11:53:33.981   545   548 D dalvikvm: GC_CONCURRENT freed 169K, 10% free 10664K/11719K, paused 2ms+3ms
07-05 11:53:34.102   545   548 D dalvikvm: GC_CONCURRENT freed 399K, 9% free 10706K/11719K, paused 2ms+2ms
07-05 11:53:34.274  1370 10703 E DictionaryProvider:UpdateHandler: Can't read a file : android.util.MalformedJsonException: Use JsonReader.setLenient(true) to accept malformed JSON at line 1 column 20
07-05 11:53:34.352   545   548 D dalvikvm: GC_CONCURRENT freed 696K, 11% free 10449K/11719K, paused 2ms+2ms
07-05 11:53:34.540   545   548 D dalvikvm: GC_CONCURRENT freed 418K, 12% free 10418K/11719K, paused 2ms+2ms
07-05 11:53:34.665   545 10706 I DownloadManager: Initiating request for download 1223
07-05 11:53:34.743   545   548 D dalvikvm: GC_CONCURRENT freed 330K, 11% free 10485K/11719K, paused 2ms+2ms
07-05 11:53:34.856   545   548 D dalvikvm: GC_CONCURRENT freed 223K, 9% free 10712K/11719K, paused 2ms+4ms
07-05 11:53:34.989   545   548 D dalvikvm: GC_CONCURRENT freed 679K, 11% free 10483K/11719K, paused 2ms+3ms
07-05 11:53:35.220   545   548 D dalvikvm: GC_CONCURRENT freed 436K, 11% free 10436K/11719K, paused 2ms+3ms
07-05 11:53:35.411   545   548 D dalvikvm: GC_CONCURRENT freed 411K, 12% free 10414K/11719K, paused 2ms+2ms
07-05 11:53:35.517   545 10709 I DownloadManager: Initiating request for download 1224
07-05 11:53:35.606   545   548 D dalvikvm: GC_CONCURRENT freed 239K, 10% free 10654K/11719K, paused 2ms+2ms
07-05 11:53:35.720   545   548 D dalvikvm: GC_CONCURRENT freed 326K, 8% free 10793K/11719K, paused 3ms+3ms
07-05 11:53:35.938   545  7440 D dalvikvm: GC_EXPLICIT freed 780K, 11% free 10449K/11719K, paused 2ms+3ms
07-05 11:53:35.946  1370 10711 E DictionaryProvider:UpdateHandler: Can't read a file : android.util.MalformedJsonException: Use JsonReader.setLenient(true) to accept malformed JSON at line 1 column 20
07-05 11:53:35.981  1370  1372 D dalvikvm: GC_CONCURRENT freed 391K, 7% free 9130K/9735K, paused 1ms+5ms
07-05 11:53:36.145   545   548 D dalvikvm: GC_CONCURRENT freed 396K, 11% free 10437K/11719K, paused 2ms+3ms
07-05 11:53:36.341   545   548 D dalvikvm: GC_CONCURRENT freed 402K, 12% free 10420K/11719K, paused 2ms+3ms
07-05 11:53:36.345   545 10713 I DownloadManager: Initiating request for download 1224
07-05 11:53:36.446   545   548 D dalvikvm: GC_CONCURRENT freed 146K, 10% free 10664K/11719K, paused 3ms+3ms
07-05 11:53:36.528   545   548 D dalvikvm: GC_CONCURRENT freed 375K, 9% free 10709K/11719K, paused 2ms+2ms
07-05 11:53:37.138   545   548 D dalvikvm: GC_CONCURRENT freed 705K, 11% free 10445K/11719K, paused 2ms+3ms
07-05 11:53:37.329   545   548 D dalvikvm: GC_CONCURRENT freed 411K, 12% free 10424K/11719K, paused 2ms+2ms
07-05 11:53:37.505   545 10717 I DownloadManager: Initiating request for download 1225
07-05 11:53:37.559   545   548 D dalvikvm: GC_CONCURRENT freed 353K, 11% free 10490K/11719K, paused 2ms+3ms
07-05 11:53:37.681   545   548 D dalvikvm: GC_CONCURRENT freed 227K, 9% free 10738K/11719K, paused 1ms+3ms
07-05 11:53:37.845   545   548 D dalvikvm: GC_CONCURRENT freed 704K, 11% free 10488K/11719K, paused 2ms+3ms
07-05 11:53:38.040   545   548 D dalvikvm: GC_CONCURRENT freed 412K, 11% free 10469K/11719K, paused 2ms+2ms
07-05 11:53:38.227   545   548 D dalvikvm: GC_CONCURRENT freed 405K, 11% free 10449K/11719K, paused 2ms+2ms
07-05 11:53:38.485   545   548 D dalvikvm: GC_CONCURRENT freed 382K, 11% free 10461K/11719K, paused 2ms+2ms
07-05 11:53:38.544  1370 10719 E DictionaryProvider:UpdateHandler: Can't read a file : android.util.MalformedJsonException: Use JsonReader.setLenient(true) to accept malformed JSON at line 1 column 20
07-05 11:53:38.731   545   548 D dalvikvm: GC_CONCURRENT freed 412K, 11% free 10436K/11719K, paused 1ms+2ms
07-05 11:53:38.923   545   548 D dalvikvm: GC_CONCURRENT freed 405K, 12% free 10419K/11719K, paused 2ms+2ms
07-05 11:53:38.981   545 10722 I DownloadManager: Initiating request for download 1225
07-05 11:53:38.985   545 10722 W DownloadManager: Aborting request for download 1225: Trying to resume a download that can't be resumed
07-05 11:53:39.282   545   548 D dalvikvm: GC_CONCURRENT freed 359K, 11% free 10449K/11719K, paused 2ms+3ms
07-05 11:53:39.481   545   548 D dalvikvm: GC_CONCURRENT freed 408K, 12% free 10428K/11719K, paused 1ms+3ms
07-05 11:53:39.677   545   548 D dalvikvm: GC_CONCURRENT freed 399K, 12% free 10420K/11719K, paused 2ms+3ms
07-05 11:53:39.747   545 10725 I DownloadManager: Initiating request for download 1226
07-05 11:53:39.864   545   548 D dalvikvm: GC_CONCURRENT freed 179K, 9% free 10682K/11719K, paused 2ms+3ms
07-05 11:53:39.985   545   548 D dalvikvm: GC_CONCURRENT freed 418K, 9% free 10717K/11719K, paused 2ms+2ms
07-05 11:53:40.177  1370 10727 E DictionaryProvider:UpdateHandler: Can't read a file : android.util.MalformedJsonException: Use JsonReader.setLenient(true) to accept malformed JSON at line 1 column 20
07-05 11:53:40.259   545   548 D dalvikvm: GC_CONCURRENT freed 703K, 11% free 10457K/11719K, paused 2ms+3ms
07-05 11:53:40.450   545   548 D dalvikvm: GC_CONCURRENT freed 418K, 12% free 10427K/11719K, paused 2ms+2ms
07-05 11:53:40.571   545 10730 I DownloadManager: Initiating request for download 1226
07-05 11:53:40.681   545   548 D dalvikvm: GC_CONCURRENT freed 310K, 10% free 10559K/11719K, paused 1ms+3ms
07-05 11:53:40.786   545   548 D dalvikvm: GC_CONCURRENT freed 260K, 9% free 10726K/11719K, paused 2ms+3ms
07-05 11:53:40.919   545   548 D dalvikvm: GC_CONCURRENT freed 683K, 11% free 10489K/11719K, paused 1ms+2ms
07-05 11:53:41.145   545   548 D dalvikvm: GC_CONCURRENT freed 438K, 11% free 10444K/11719K, paused 2ms+3ms
07-05 11:53:41.341   545   548 D dalvikvm: GC_CONCURRENT freed 409K, 12% free 10422K/11719K, paused 1ms+3ms
07-05 11:53:41.434   545 10733 I DownloadManager: Initiating request for download 1227
07-05 11:53:41.532   545   548 D dalvikvm: GC_CONCURRENT freed 224K, 10% free 10635K/11719K, paused 2ms+3ms
07-05 11:53:41.638   545   548 D dalvikvm: GC_CONCURRENT freed 288K, 8% free 10792K/11719K, paused 2ms+2ms
07-05 11:53:41.864  1370 10735 E DictionaryProvider:UpdateHandler: Can't read a file : android.util.MalformedJsonException: Use JsonReader.setLenient(true) to accept malformed JSON at line 1 column 20
07-05 11:53:41.880   545   548 D dalvikvm: GC_CONCURRENT freed 806K, 11% free 10468K/11719K, paused 2ms+2ms
07-05 11:53:42.083   545   548 D dalvikvm: GC_CONCURRENT freed 420K, 11% free 10438K/11719K, paused 2ms+2ms
07-05 11:53:42.251   545 10738 I DownloadManager: Initiating request for download 1227
07-05 11:53:42.282   545   548 D dalvikvm: GC_CONCURRENT freed 403K, 11% free 10447K/11719K, paused 2ms+2ms
07-05 11:53:42.403   545   548 D dalvikvm: GC_CONCURRENT freed 181K, 9% free 10736K/11719K, paused 2ms+3ms
07-05 11:53:42.540   545   548 D dalvikvm: GC_CONCURRENT freed 691K, 11% free 10494K/11719K, paused 2ms+2ms
07-05 11:53:42.755   545   548 D dalvikvm: GC_CONCURRENT freed 434K, 11% free 10450K/11719K, paused 2ms+2ms
07-05 11:53:42.938   545   548 D dalvikvm: GC_CONCURRENT freed 412K, 12% free 10428K/11719K, paused 2ms+3ms
07-05 11:53:43.056   545 10741 I DownloadManager: Initiating request for download 1228
07-05 11:53:43.134   545   548 D dalvikvm: GC_CONCURRENT freed 252K, 10% free 10596K/11719K, paused 1ms+3ms
07-05 11:53:43.239   545   548 D dalvikvm: GC_CONCURRENT freed 275K, 9% free 10753K/11719K, paused 2ms+3ms
07-05 11:53:43.403   545   548 D dalvikvm: GC_CONCURRENT freed 721K, 11% free 10490K/11719K, paused 2ms+3ms
07-05 11:53:43.505  1370 10743 E DictionaryProvider:UpdateHandler: Can't read a file : android.util.MalformedJsonException: Use JsonReader.setLenient(true) to accept malformed JSON at line 1 column 20
07-05 11:53:43.548  1370  1372 D dalvikvm: GC_CONCURRENT freed 390K, 7% free 9131K/9735K, paused 1ms+2ms
07-05 11:53:43.677   545   548 D dalvikvm: GC_CONCURRENT freed 426K, 11% free 10450K/11719K, paused 2ms+3ms
07-05 11:53:43.868   545   548 D dalvikvm: GC_CONCURRENT freed 409K, 12% free 10428K/11719K, paused 2ms+3ms
07-05 11:53:43.938   545 10746 I DownloadManager: Initiating request for download 1228
07-05 11:53:44.020   156   593 D dalvikvm: GC_EXPLICIT freed 528K, 17% free 13324K/15879K, paused 2ms+6ms
07-05 11:53:44.099   545   548 D dalvikvm: GC_CONCURRENT freed 222K, 10% free 10642K/11719K, paused 2ms+3ms
07-05 11:53:44.208   545   548 D dalvikvm: GC_CONCURRENT freed 317K, 8% free 10804K/11719K, paused 2ms+3ms
07-05 11:53:44.442   545   548 D dalvikvm: GC_CONCURRENT freed 837K, 11% free 10438K/11719K, paused 2ms+3ms
07-05 11:53:44.634   545   548 D dalvikvm: GC_CONCURRENT freed 405K, 12% free 10427K/11719K, paused 2ms+2ms
07-05 11:53:44.794   545 10749 I DownloadManager: Initiating request for download 1229
07-05 11:53:44.868   545   548 D dalvikvm: GC_CONCURRENT freed 346K, 11% free 10490K/11719K, paused 2ms+3ms
07-05 11:53:44.977   545   548 D dalvikvm: GC_CONCURRENT freed 218K, 9% free 10712K/11719K, paused 2ms+3ms
07-05 11:53:45.114   545   548 D dalvikvm: GC_CONCURRENT freed 675K, 11% free 10483K/11719K, paused 2ms+3ms
07-05 11:53:45.278  1370 10751 E DictionaryProvider:UpdateHandler: Can't read a file : android.util.MalformedJsonException: Use JsonReader.setLenient(true) to accept malformed JSON at line 1 column 20
07-05 11:53:45.392   545   548 D dalvikvm: GC_CONCURRENT freed 424K, 11% free 10447K/11719K, paused 2ms+2ms
07-05 11:53:45.579   545   548 D dalvikvm: GC_CONCURRENT freed 420K, 12% free 10417K/11719K, paused 2ms+3ms
07-05 11:53:45.684   545 10754 I DownloadManager: Initiating request for download 1229
07-05 11:53:45.767   545   548 D dalvikvm: GC_CONCURRENT freed 259K, 10% free 10588K/11719K, paused 2ms+3ms
07-05 11:53:45.868   545   548 D dalvikvm: GC_CONCURRENT freed 274K, 9% free 10748K/11719K, paused 2ms+2ms
07-05 11:53:46.032   545   548 D dalvikvm: GC_CONCURRENT freed 725K, 11% free 10478K/11719K, paused 2ms+2ms
07-05 11:53:46.251   545   548 D dalvikvm: GC_CONCURRENT freed 433K, 11% free 10437K/11719K, paused 2ms+3ms
07-05 11:53:46.438   545   548 D dalvikvm: GC_CONCURRENT freed 409K, 12% free 10415K/11719K, paused 2ms+2ms
07-05 11:53:46.509   545 10757 I DownloadManager: Initiating request for download 1230
07-05 11:53:46.599   545   548 D dalvikvm: GC_CONCURRENT freed 200K, 10% free 10640K/11719K, paused 2ms+3ms
07-05 11:53:46.712   545   548 D dalvikvm: GC_CONCURRENT freed 292K, 8% free 10805K/11719K, paused 2ms+3ms
07-05 11:53:46.892  1370 10759 E DictionaryProvider:UpdateHandler: Can't read a file : android.util.MalformedJsonException: Use JsonReader.setLenient(true) to accept malformed JSON at line 1 column 20
07-05 11:53:46.985   545   548 D dalvikvm: GC_CONCURRENT freed 823K, 11% free 10453K/11719K, paused 2ms+3ms
07-05 11:53:47.177   545   548 D dalvikvm: GC_CONCURRENT freed 415K, 11% free 10431K/11719K, paused 2ms+2ms
07-05 11:53:47.309   545 10762 I DownloadManager: Initiating request for download 1230
07-05 11:53:47.360   545   548 D dalvikvm: GC_CONCURRENT freed 365K, 11% free 10489K/11719K, paused 1ms+3ms
07-05 11:53:47.466   545   548 D dalvikvm: GC_CONCURRENT freed 224K, 9% free 10717K/11719K, paused 2ms+3ms
07-05 11:53:47.626   545   548 D dalvikvm: GC_CONCURRENT freed 678K, 11% free 10488K/11719K, paused 2ms+3ms
07-05 11:53:47.856   545   548 D dalvikvm: GC_CONCURRENT freed 435K, 11% free 10440K/11719K, paused 2ms+3ms
07-05 11:53:48.048   545   548 D dalvikvm: GC_CONCURRENT freed 407K, 12% free 10423K/11719K, paused 2ms+3ms
07-05 11:53:48.181   545 10765 I DownloadManager: Initiating request for download 1231
07-05 11:53:48.267   545   548 D dalvikvm: GC_CONCURRENT freed 248K, 10% free 10650K/11719K, paused 2ms+3ms
07-05 11:53:48.376   545   548 D dalvikvm: GC_CONCURRENT freed 319K, 8% free 10838K/11719K, paused 2ms+2ms
07-05 11:53:48.556  1370 10767 E DictionaryProvider:UpdateHandler: Can't read a file : android.util.MalformedJsonException: Use JsonReader.setLenient(true) to accept malformed JSON at line 1 column 20
07-05 11:53:48.649   545   548 D dalvikvm: GC_CONCURRENT freed 867K, 11% free 10461K/11719K, paused 3ms+3ms
07-05 11:53:48.841   545   548 D dalvikvm: GC_CONCURRENT freed 421K, 12% free 10428K/11719K, paused 2ms+2ms
07-05 11:53:48.974   545 10770 I DownloadManager: Initiating request for download 1231
07-05 11:53:49.024   545   548 D dalvikvm: GC_CONCURRENT freed 359K, 11% free 10491K/11719K, paused 2ms+4ms
07-05 11:53:49.134   545   548 D dalvikvm: GC_CONCURRENT freed 218K, 9% free 10719K/11719K, paused 2ms+2ms
07-05 11:53:49.278   545   548 D dalvikvm: GC_CONCURRENT freed 672K, 11% free 10488K/11719K, paused 2ms+2ms
07-05 11:53:49.497   545   548 D dalvikvm: GC_CONCURRENT freed 435K, 11% free 10442K/11719K, paused 2ms+2ms
07-05 11:53:49.688   545   548 D dalvikvm: GC_CONCURRENT freed 406K, 12% free 10427K/11719K, paused 2ms+2ms
07-05 11:53:49.833   545 10773 I DownloadManager: Initiating request for download 1232
07-05 11:53:49.911   545   548 D dalvikvm: GC_CONCURRENT freed 252K, 10% free 10596K/11719K, paused 2ms+2ms
07-05 11:53:50.017   545   548 D dalvikvm: GC_CONCURRENT freed 277K, 9% free 10760K/11719K, paused 2ms+3ms
07-05 11:53:50.188   545   548 D dalvikvm: GC_CONCURRENT freed 734K, 11% free 10493K/11719K, paused 2ms+2ms
07-05 11:53:50.274  1370 10775 E DictionaryProvider:UpdateHandler: Can't read a file : android.util.MalformedJsonException: Use JsonReader.setLenient(true) to accept malformed JSON at line 1 column 20
07-05 11:53:50.321  1370  1372 D dalvikvm: GC_CONCURRENT freed 391K, 7% free 9128K/9735K, paused 1ms+3ms
07-05 11:53:50.372  1370  1404 D dalvikvm: GC_EXPLICIT freed 67K, 7% free 9089K/9735K, paused 1ms+2ms
07-05 11:53:50.403   465   467 D dalvikvm: GC_CONCURRENT freed 443K, 6% free 10514K/11079K, paused 1ms+3ms
07-05 11:53:50.532   545   548 D dalvikvm: GC_CONCURRENT freed 437K, 11% free 10444K/11719K, paused 2ms+2ms
07-05 11:53:50.727   545   548 D dalvikvm: GC_CONCURRENT freed 409K, 12% free 10426K/11719K, paused 2ms+3ms
07-05 11:53:50.786   545 10778 I DownloadManager: Initiating request for download 1232
07-05 11:53:50.884   545   548 D dalvikvm: GC_CONCURRENT freed 212K, 10% free 10645K/11719K, paused 2ms+3ms
07-05 11:53:50.993   545   548 D dalvikvm: GC_CONCURRENT freed 298K, 8% free 10816K/11719K, paused 2ms+3ms
07-05 11:53:51.231   545   548 D dalvikvm: GC_CONCURRENT freed 842K, 11% free 10449K/11719K, paused 2ms+2ms
07-05 11:53:51.419   545   548 D dalvikvm: GC_CONCURRENT freed 407K, 11% free 10430K/11719K, paused 2ms+3ms
07-05 11:53:51.579   545 10781 I DownloadManager: Initiating request for download 1233
07-05 11:53:51.645   545   548 D dalvikvm: GC_CONCURRENT freed 339K, 11% free 10499K/11719K, paused 2ms+2ms
07-05 11:53:51.751   545   548 D dalvikvm: GC_CONCURRENT freed 202K, 9% free 10711K/11719K, paused 2ms+2ms
07-05 11:53:51.876   545   548 D dalvikvm: GC_CONCURRENT freed 445K, 9% free 10718K/11719K, paused 2ms+2ms
07-05 11:53:52.020  1370 10783 E DictionaryProvider:UpdateHandler: Can't read a file : android.util.MalformedJsonException: Use JsonReader.setLenient(true) to accept malformed JSON at line 1 column 20
07-05 11:53:52.157   545   548 D dalvikvm: GC_CONCURRENT freed 705K, 11% free 10454K/11719K, paused 2ms+2ms
07-05 11:53:52.341   545   548 D dalvikvm: GC_CONCURRENT freed 415K, 11% free 10432K/11719K, paused 2ms+2ms
07-05 11:53:52.427   545 10786 I DownloadManager: Initiating request for download 1233
07-05 11:53:52.513   545   548 D dalvikvm: GC_CONCURRENT freed 252K, 10% free 10610K/11719K, paused 2ms+2ms
07-05 11:53:52.618   545   548 D dalvikvm: GC_CONCURRENT freed 290K, 9% free 10781K/11719K, paused 2ms+3ms
07-05 11:53:52.821   545   548 D dalvikvm: GC_CONCURRENT freed 787K, 11% free 10459K/11719K, paused 2ms+3ms
07-05 11:53:53.017   545   548 D dalvikvm: GC_CONCURRENT freed 408K, 11% free 10438K/11719K, paused 2ms+3ms
07-05 11:53:53.208   545   548 D dalvikvm: GC_CONCURRENT freed 401K, 12% free 10424K/11719K, paused 2ms+2ms
07-05 11:53:53.263   545 10789 I DownloadManager: Initiating request for download 1234
07-05 11:53:53.376   545   548 D dalvikvm: GC_CONCURRENT freed 175K, 9% free 10687K/11719K, paused 2ms+2ms
07-05 11:53:53.493   545   548 D dalvikvm: GC_CONCURRENT freed 417K, 9% free 10725K/11719K, paused 2ms+2ms
07-05 11:53:53.661  1370 10791 E DictionaryProvider:UpdateHandler: Can't read a file : android.util.MalformedJsonException: Use JsonReader.setLenient(true) to accept malformed JSON at line 1 column 20
07-05 11:53:53.770   545   548 D dalvikvm: GC_CONCURRENT freed 708K, 11% free 10463K/11719K, paused 2ms+3ms
07-05 11:53:53.954   545   548 D dalvikvm: GC_CONCURRENT freed 418K, 11% free 10439K/11719K, paused 2ms+3ms
07-05 11:53:54.083   545 10794 I DownloadManager: Initiating request for download 1234
07-05 11:53:54.138   545   548 D dalvikvm: GC_CONCURRENT freed 339K, 11% free 10501K/11719K, paused 1ms+2ms
07-05 11:53:54.243   545   548 D dalvikvm: GC_CONCURRENT freed 209K, 9% free 10721K/11719K, paused 2ms+2ms
07-05 11:53:54.376   545   548 D dalvikvm: GC_CONCURRENT freed 462K, 9% free 10723K/11719K, paused 2ms+3ms
07-05 11:53:54.532   156   568 I ActivityManager: No longer want com.google.android.apps.maps:NetworkLocationService (pid 1057): hidden #16
07-05 11:53:54.544   156   512 W ActivityManager: Scheduling restart of crashed service com.google.android.apps.maps/com.google.android.location.internal.server.NetworkLocationService in 5000ms
07-05 11:53:54.645   545   548 D dalvikvm: GC_CONCURRENT freed 716K, 11% free 10456K/11719K, paused 2ms+3ms
07-05 11:53:54.849   545   548 D dalvikvm: GC_CONCURRENT freed 415K, 11% free 10432K/11719K, paused 2ms+2ms
07-05 11:53:54.958   545 10797 I DownloadManager: Initiating request for download 1235
07-05 11:53:55.052   545   548 D dalvikvm: GC_CONCURRENT freed 225K, 10% free 10629K/11719K, paused 2ms+3ms
07-05 11:53:55.165   545   548 D dalvikvm: GC_CONCURRENT freed 319K, 8% free 10820K/11719K, paused 2ms+4ms
07-05 11:53:55.388   545   548 D dalvikvm: GC_CONCURRENT freed 808K, 11% free 10489K/11719K, paused 2ms+2ms
07-05 11:53:55.450  1370 10799 E DictionaryProvider:UpdateHandler: Can't read a file : android.util.MalformedJsonException: Use JsonReader.setLenient(true) to accept malformed JSON at line 1 column 20
07-05 11:53:55.626   545   548 D dalvikvm: GC_CONCURRENT freed 428K, 11% free 10449K/11719K, paused 1ms+2ms
07-05 11:53:55.767   545 10802 I DownloadManager: Initiating request for download 1235
07-05 11:53:55.833   545   548 D dalvikvm: GC_CONCURRENT freed 392K, 11% free 10476K/11719K, paused 2ms+2ms
07-05 11:53:55.946   545   548 D dalvikvm: GC_CONCURRENT freed 193K, 9% free 10758K/11719K, paused 2ms+3ms
07-05 11:53:56.095   545   548 D dalvikvm: GC_CONCURRENT freed 714K, 11% free 10500K/11719K, paused 2ms+2ms
07-05 11:53:56.317   545   548 D dalvikvm: GC_CONCURRENT freed 435K, 11% free 10454K/11719K, paused 2ms+2ms
07-05 11:53:56.509   545   548 D dalvikvm: GC_CONCURRENT freed 406K, 11% free 10438K/11719K, paused 1ms+2ms
07-05 11:53:56.653   545 10805 I DownloadManager: Initiating request for download 1236
07-05 11:53:56.755   545   548 D dalvikvm: GC_CONCURRENT freed 249K, 10% free 10633K/11719K, paused 2ms+2ms
07-05 11:53:56.856   545   548 D dalvikvm: GC_CONCURRENT freed 304K, 8% free 10787K/11719K, paused 2ms+2ms
07-05 11:53:57.036   545   548 D dalvikvm: GC_CONCURRENT freed 755K, 11% free 10495K/11719K, paused 2ms+2ms
07-05 11:53:57.227   545   548 D dalvikvm: GC_CONCURRENT freed 399K, 11% free 10485K/11719K, paused 2ms+2ms
07-05 11:53:57.419   545   548 D dalvikvm: GC_CONCURRENT freed 401K, 11% free 10474K/11719K, paused 2ms+3ms
07-05 11:53:58.071  1370 10807 E DictionaryProvider:UpdateHandler: Can't read a file : android.util.MalformedJsonException: Use JsonReader.setLenient(true) to accept malformed JSON at line 1 column 20
07-05 11:53:58.153  1370  1372 D dalvikvm: GC_CONCURRENT freed 352K, 7% free 9127K/9735K, paused 1ms+3ms
07-05 11:53:58.259   545   548 D dalvikvm: GC_CONCURRENT freed 389K, 11% free 10472K/11719K, paused 2ms+2ms
07-05 11:53:58.458   545   548 D dalvikvm: GC_CONCURRENT freed 418K, 11% free 10444K/11719K, paused 2ms+3ms
07-05 11:53:58.626   545 10810 I DownloadManager: Initiating request for download 1236
07-05 11:53:58.630   545 10810 W DownloadManager: Aborting request for download 1236: Trying to resume a download that can't be resumed
07-05 11:53:58.661   545   548 D dalvikvm: GC_CONCURRENT freed 417K, 11% free 10448K/11719K, paused 2ms+3ms
07-05 11:53:58.977   545   548 D dalvikvm: GC_CONCURRENT freed 378K, 11% free 10457K/11719K, paused 2ms+2ms
07-05 11:53:59.169   545   548 D dalvikvm: GC_CONCURRENT freed 405K, 11% free 10441K/11719K, paused 2ms+2ms
07-05 11:53:59.321   545 10813 I DownloadManager: Initiating request for download 1237
07-05 11:53:59.415   156   568 D dalvikvm: GC_EXPLICIT freed 507K, 17% free 13321K/15879K, paused 2ms+6ms
07-05 11:53:59.446   545   548 D dalvikvm: GC_CONCURRENT freed 329K, 11% free 10505K/11719K, paused 14ms+2ms
07-05 11:53:59.552   156   173 I ActivityManager: Start proc com.google.android.apps.maps:NetworkLocationService for service com.google.android.apps.maps/com.google.android.location.internal.server.NetworkLocationService: pid=10815 uid=10027 gids={3003, 1015}
07-05 11:53:59.634   545   548 D dalvikvm: GC_CONCURRENT freed 209K, 9% free 10725K/11719K, paused 2ms+30ms
07-05 11:53:59.673 10815 10817 D dalvikvm: GC_CONCURRENT freed 168K, 3% free 9368K/9607K, paused 2ms+2ms
07-05 11:53:59.802   156   173 I ActivityManager: Start proc com.google.android.apps.maps:FriendService for broadcast com.google.android.apps.maps/com.google.googlenav.friend.android.ServiceReceiver: pid=10829 uid=10027 gids={3003, 1015}
07-05 11:53:59.876 10815 10817 D dalvikvm: GC_CONCURRENT freed 190K, 4% free 9676K/9991K, paused 2ms+3ms
07-05 11:53:59.927 10829 10831 D dalvikvm: GC_CONCURRENT freed 170K, 3% free 9366K/9607K, paused 3ms+3ms
07-05 11:54:00.048 10829 10831 D dalvikvm: GC_CONCURRENT freed 174K, 3% free 9746K/9991K, paused 2ms+3ms
07-05 11:54:00.083   156   568 I ActivityManager: No longer want com.google.android.voicesearch (pid 1312): hidden #16
07-05 11:54:00.325 10815 10817 D dalvikvm: GC_CONCURRENT freed 204K, 3% free 10034K/10311K, paused 2ms+2ms
07-05 11:54:00.532 10815 10817 D dalvikvm: GC_CONCURRENT freed 135K, 3% free 10394K/10631K, paused 2ms+2ms
07-05 11:54:00.649   545   548 D dalvikvm: GC_CONCURRENT freed 684K, 11% free 10488K/11719K, paused 2ms+3ms
07-05 11:54:00.770  1370 10850 E DictionaryProvider:UpdateHandler: Can't read a file : android.util.MalformedJsonException: Use JsonReader.setLenient(true) to accept malformed JSON at line 1 column 20
07-05 11:54:00.911   545   548 D dalvikvm: GC_CONCURRENT freed 427K, 11% free 10449K/11719K, paused 2ms+2ms
07-05 11:54:01.102   545   548 D dalvikvm: GC_CONCURRENT freed 411K, 12% free 10425K/11719K, paused 2ms+3ms
07-05 11:54:01.235   545 10853 I DownloadManager: Initiating request for download 1237
07-05 11:54:01.380   545   548 D dalvikvm: GC_CONCURRENT freed 340K, 11% free 10500K/11719K, paused 2ms+2ms
07-05 11:54:01.474   545   548 D dalvikvm: GC_CONCURRENT freed 237K, 9% free 10700K/11719K, paused 1ms+3ms
07-05 11:54:01.591   545   548 D dalvikvm: GC_CONCURRENT freed 442K, 9% free 10711K/11719K, paused 2ms+2ms
07-05 11:54:01.786 10815 10845 I System.out: [INFO:1669]: c: Running flush
07-05 11:54:01.802 10815 10848 I System.out: [INFO:1685]: c: Sending payload [bytes=428]
07-05 11:54:01.903 10815 10848 I System.out: [SEVERE:1786]: c: AsyncHttpRequestImpl.run(): exception thrown : No peer certificate: javax.net.ssl.SSLPeerUnverifiedException
07-05 11:54:01.923 10815 10817 D dalvikvm: GC_CONCURRENT freed 842K, 9% free 10024K/10951K, paused 2ms+2ms
07-05 11:54:01.993   545   548 D dalvikvm: GC_CONCURRENT freed 710K, 11% free 10440K/11719K, paused 2ms+3ms
07-05 11:54:02.188   545   548 D dalvikvm: GC_CONCURRENT freed 406K, 12% free 10426K/11719K, paused 3ms+3ms
07-05 11:54:02.356   545 10858 D dalvikvm: GC_EXPLICIT freed 115K, 11% free 10475K/11719K, paused 3ms+11ms
07-05 11:54:02.364   545 10858 I DownloadManager: Initiating request for download 1238
07-05 11:54:02.395   993  1240 I PhoneLab-: Service Running
07-05 11:54:02.431   993  1240 I PhoneLab-LoggerService: app_49    1247  993   1956   1584  c00f181c 400107b4 S logcat
07-05 11:54:02.431   993  1240 I PhoneLab-LoggerService: Logcat pid from database 1247
07-05 11:54:02.431   993  1240 I PhoneLab-LoggerService: Logcat process found 1247
07-05 11:54:02.431   993  1240 I PhoneLab-LoggerService: Checking Threshold
07-05 11:54:02.431   993  1240 I PhoneLab-LoggerService: Starting to rename files
07-05 11:54:02.431   993  1240 I PhoneLab-LoggerService: Files found .. 8
07-05 11:54:02.434   993  1240 I PhoneLab-LoggerService: File 1 log.out.1
07-05 11:54:02.438   993  1240 I PhoneLab-LoggerService: Renamed successfully
07-05 11:54:02.513   545   548 D dalvikvm: GC_CONCURRENT freed 209K, 9% free 10707K/11719K, paused 2ms+3ms
07-05 11:54:02.630   545   548 D dalvikvm: GC_CONCURRENT freed 445K, 9% free 10716K/11719K, paused 2ms+2ms
07-05 11:54:02.798  1370 10861 E DictionaryProvider:UpdateHandler: Can't read a file : android.util.MalformedJsonException: Use JsonReader.setLenient(true) to accept malformed JSON at line 1 column 20
07-05 11:54:02.860   156   530 I ActivityManager: No longer want com.android.calendar (pid 1173): hidden #16
07-05 11:54:02.880   993   993 I PhoneLab-Locks: wake lock acquired
07-05 11:54:02.892   993 10864 W PhoneLab-PeriodicCheckService: User info is not synched yet
07-05 11:54:02.903   993 10864 I PhoneLab-PeriodicCheckService: Logger Service is running
07-05 11:54:02.919   993   993 I PhoneLab-Locks: wake lock acquired
07-05 11:54:02.923   993   993 I PhoneLab-StatusMonitor: Status Monitoring is started
07-05 11:54:02.927   993 10864 I PhoneLab-Locks: wake lock acquired
07-05 11:54:02.931   993 10864 I PhoneLab-PeriodicCheckService: Rescheduling periodic checking...
07-05 11:54:02.934   993   993 E PhoneLab-PhoneLabManifest: java.io.FileNotFoundException: /data/data/edu.buffalo.cse.phonelab.phonelabservices/files/manifest.xml: open failed: ENOENT (No such file or directory)
07-05 11:54:02.934   993 10864 I PhoneLab-Locks: wake lock released
07-05 11:54:02.950   682 10865 E C2DMRegistrar: [C2DMReg] handleRequest caught javax.net.ssl.SSLException: Connection closed by peer
07-05 11:54:02.950   993   993 I PhoneLab-Locks: wake lock released
07-05 11:54:02.954   993   993 I PhoneLab-UploadLogs: Transfering log files now
07-05 11:54:03.013   993   995 D dalvikvm: GC_CONCURRENT freed 408K, 14% free 9247K/10695K, paused 2ms+2ms
07-05 11:54:03.028   993   993 D dalvikvm: GC_FOR_ALLOC freed 214K, 12% free 9426K/10695K, paused 13ms
07-05 11:54:03.044   993   993 I PhoneLab-UploadLogs: OnStartCommand
07-05 11:54:03.052   993   993 I PhoneLab-RegistrationReceiver: C2DM Registration Receiver is fired
07-05 11:54:03.059   993   995 D dalvikvm: GC_CONCURRENT freed 298K, 10% free 9640K/10695K, paused 1ms+2ms
07-05 11:54:03.071   545   548 D dalvikvm: GC_CONCURRENT freed 704K, 11% free 10453K/11719K, paused 2ms+2ms
07-05 11:54:03.095   993 10870 D dalvikvm: GC_FOR_ALLOC freed 408K, 10% free 9670K/10695K, paused 14ms
07-05 11:54:03.118   993 10870 D dalvikvm: GC_FOR_ALLOC freed 334K, 10% free 9674K/10695K, paused 15ms
07-05 11:54:03.134   993 10870 D dalvikvm: GC_FOR_ALLOC freed 301K, 10% free 9675K/10695K, paused 13ms
07-05 11:54:03.138   993   993 I PhoneLab-RegistrationReceiver: Shared Preferences Settings updated successfully
07-05 11:54:03.329   545   548 D dalvikvm: GC_CONCURRENT freed 413K, 12% free 10426K/11719K, paused 2ms+2ms
07-05 11:54:03.431   545 10871 I DownloadManager: Initiating request for download 1238
07-05 11:54:03.513   545   548 D dalvikvm: GC_CONCURRENT freed 258K, 10% free 10601K/11719K, paused 2ms+3ms
07-05 11:54:03.614   545   548 D dalvikvm: GC_CONCURRENT freed 285K, 9% free 10761K/11719K, paused 2ms+3ms
07-05 11:54:03.786   545   548 D dalvikvm: GC_CONCURRENT freed 733K, 11% free 10491K/11719K, paused 2ms+4ms
07-05 11:54:04.013   545   548 D dalvikvm: GC_CONCURRENT freed 438K, 11% free 10442K/11719K, paused 2ms+2ms
07-05 11:54:04.204   545   548 D dalvikvm: GC_CONCURRENT freed 406K, 12% free 10430K/11719K, paused 2ms+2ms
07-05 11:54:04.298   545 10874 I DownloadManager: Initiating request for download 1239
07-05 11:54:04.399   545   548 D dalvikvm: GC_CONCURRENT freed 208K, 10% free 10649K/11719K, paused 2ms+2ms
07-05 11:54:04.509   545   548 D dalvikvm: GC_CONCURRENT freed 301K, 8% free 10825K/11719K, paused 1ms+3ms
07-05 11:54:04.653   993 10870 W System.err: org.apache.http.client.ClientProtocolException
07-05 11:54:04.653   993 10870 W System.err: 	at org.apache.http.impl.client.AbstractHttpClient.execute(AbstractHttpClient.java:557)
07-05 11:54:04.653   993 10870 W System.err: 	at org.apache.http.impl.client.AbstractHttpClient.execute(AbstractHttpClient.java:487)
07-05 11:54:04.653   993 10870 W System.err: 	at com.loopj.android.http.AsyncHttpRequest.makeRequest(Unknown Source)
07-05 11:54:04.653   993 10870 W System.err: 	at com.loopj.android.http.AsyncHttpRequest.makeRequestWithRetries(Unknown Source)
07-05 11:54:04.653   993 10870 W System.err: 	at com.loopj.android.http.AsyncHttpRequest.run(Unknown Source)
07-05 11:54:04.653   993 10870 W System.err: 	at java.util.concurrent.Executors$RunnableAdapter.call(Executors.java:442)
07-05 11:54:04.653   993 10870 W System.err: 	at java.util.concurrent.FutureTask$Sync.innerRun(FutureTask.java:305)
07-05 11:54:04.653   993 10870 W System.err: 	at java.util.concurrent.FutureTask.run(FutureTask.java:137)
07-05 11:54:04.653   993 10870 W System.err: 	at java.util.concurrent.ThreadPoolExecutor.runWorker(ThreadPoolExecutor.java:1076)
07-05 11:54:04.653   993 10870 W System.err: 	at java.util.concurrent.ThreadPoolExecutor$Worker.run(ThreadPoolExecutor.java:569)
07-05 11:54:04.653   993 10870 W System.err: 	at java.lang.Thread.run(Thread.java:856)
07-05 11:54:04.657   993 10870 W System.err: Caused by: org.apache.http.client.NonRepeatableRequestException: Cannot retry request with a non-repeatable request entity
07-05 11:54:04.657   993 10870 W System.err: 	at org.apache.http.impl.client.DefaultRequestDirector.execute(DefaultRequestDirector.java:420)
07-05 11:54:04.657   993 10870 W System.err: 	at org.apache.http.impl.client.AbstractHttpClient.execute(AbstractHttpClient.java:555)
07-05 11:54:04.657   993 10870 W System.err: 	... 10 more
07-05 11:54:04.661   993   993 E PhoneLab-: Transfering 1341502082478.log failed
07-05 11:54:04.661   993   993 I PhoneLab-Locks: wake lock released
07-05 11:54:04.708  1370 10876 E DictionaryProvider:UpdateHandler: Can't read a file : android.util.MalformedJsonException: Use JsonReader.setLenient(true) to accept malformed JSON at line 1 column 20
07-05 11:54:04.798   545   548 D dalvikvm: GC_CONCURRENT freed 838K, 11% free 10462K/11719K, paused 2ms+2ms
07-05 11:54:04.989   545   548 D dalvikvm: GC_CONCURRENT freed 419K, 11% free 10433K/11719K, paused 2ms+3ms
07-05 11:54:05.134   545 10879 I DownloadManager: Initiating request for download 1239
07-05 11:54:05.192   545   548 D dalvikvm: GC_CONCURRENT freed 360K, 11% free 10472K/11719K, paused 3ms+3ms
07-05 11:54:05.309   545   548 D dalvikvm: GC_CONCURRENT freed 192K, 9% free 10756K/11719K, paused 2ms+2ms
07-05 11:54:05.442   682  1055 E GTalkService: connectionClosed: no XMPPConnection - That's strange!
07-05 11:54:05.466   545   548 D dalvikvm: GC_CONCURRENT freed 717K, 11% free 10500K/11719K, paused 2ms+3ms
07-05 11:54:05.657   545   548 D dalvikvm: GC_CONCURRENT freed 407K, 11% free 10481K/11719K, paused 2ms+2ms
07-05 11:54:05.876   545   548 D dalvikvm: GC_CONCURRENT freed 435K, 11% free 10439K/11719K, paused 1ms+2ms
07-05 11:54:05.989   545 10882 I DownloadManager: Initiating request for download 1240
07-05 11:54:06.083   545   548 D dalvikvm: GC_CONCURRENT freed 272K, 10% free 10617K/11719K, paused 3ms+3ms
07-05 11:54:06.188   545   548 D dalvikvm: GC_CONCURRENT freed 298K, 8% free 10789K/11719K, paused 1ms+2ms
07-05 11:54:06.395   545   548 D dalvikvm: GC_CONCURRENT freed 799K, 11% free 10459K/11719K, paused 2ms+3ms
07-05 11:54:06.446  1370 10884 E DictionaryProvider:UpdateHandler: Can't read a file : android.util.MalformedJsonException: Use JsonReader.setLenient(true) to accept malformed JSON at line 1 column 20
07-05 11:54:06.513  1370  1372 D dalvikvm: GC_CONCURRENT freed 390K, 7% free 9125K/9735K, paused 2ms+2ms
07-05 11:54:06.657   545   548 D dalvikvm: GC_CONCURRENT freed 398K, 11% free 10449K/11719K, paused 2ms+3ms
07-05 11:54:06.856   545   548 D dalvikvm: GC_CONCURRENT freed 409K, 12% free 10428K/11719K, paused 2ms+2ms
07-05 11:54:06.892   545 10887 I DownloadManager: Initiating request for download 1240
07-05 11:54:06.993   545   548 D dalvikvm: GC_CONCURRENT freed 193K, 9% free 10721K/11719K, paused 1ms+3ms
07-05 11:54:07.122   545   548 D dalvikvm: GC_CONCURRENT freed 449K, 9% free 10727K/11719K, paused 2ms+2ms
07-05 11:54:07.360   545   548 D dalvikvm: GC_CONCURRENT freed 717K, 11% free 10453K/11719K, paused 2ms+2ms
07-05 11:54:07.559   545   548 D dalvikvm: GC_CONCURRENT freed 408K, 11% free 10433K/11719K, paused 2ms+2ms
07-05 11:54:07.696   545 10890 I DownloadManager: Initiating request for download 1241
07-05 11:54:07.786   545   548 D dalvikvm: GC_CONCURRENT freed 303K, 10% free 10586K/11719K, paused 2ms+3ms
07-05 11:54:07.892   545   548 D dalvikvm: GC_CONCURRENT freed 266K, 9% free 10757K/11719K, paused 2ms+3ms
07-05 11:54:08.040   545   548 D dalvikvm: GC_CONCURRENT freed 719K, 11% free 10501K/11719K, paused 2ms+2ms
07-05 11:54:08.122  1370 10892 E DictionaryProvider:UpdateHandler: Can't read a file : android.util.MalformedJsonException: Use JsonReader.setLenient(true) to accept malformed JSON at line 1 column 20
07-05 11:54:08.290   545   548 D dalvikvm: GC_CONCURRENT freed 431K, 11% free 10458K/11719K, paused 2ms+2ms
07-05 11:54:08.446   156   330 D ConnectivityService: handleInetConditionHoldEnd: net=1, condition=0, published condition=0
07-05 11:54:08.481   545   548 D dalvikvm: GC_CONCURRENT freed 413K, 11% free 10432K/11719K, paused 2ms+3ms
07-05 11:54:08.571   545 10895 I DownloadManager: Initiating request for download 1241
07-05 11:54:08.669   545   548 D dalvikvm: GC_CONCURRENT freed 228K, 9% free 10679K/11719K, paused 2ms+3ms
07-05 11:54:08.782   545   548 D dalvikvm: GC_CONCURRENT freed 337K, 8% free 10830K/11719K, paused 2ms+4ms
07-05 11:54:09.032   545   548 D dalvikvm: GC_CONCURRENT freed 854K, 11% free 10457K/11719K, paused 2ms+2ms
07-05 11:54:09.220   545   548 D dalvikvm: GC_CONCURRENT freed 404K, 11% free 10442K/11719K, paused 2ms+2ms
07-05 11:54:09.368   545 10898 I DownloadManager: Initiating request for download 1242
07-05 11:54:09.427   545   548 D dalvikvm: GC_CONCURRENT freed 350K, 11% free 10509K/11719K, paused 2ms+4ms
07-05 11:54:09.548   545   548 D dalvikvm: GC_CONCURRENT freed 226K, 9% free 10776K/11719K, paused 2ms+3ms
07-05 11:54:09.716   545   548 D dalvikvm: GC_CONCURRENT freed 744K, 11% free 10503K/11719K, paused 2ms+2ms
07-05 11:54:09.798  1370 10900 E DictionaryProvider:UpdateHandler: Can't read a file : android.util.MalformedJsonException: Use JsonReader.setLenient(true) to accept malformed JSON at line 1 column 20
07-05 11:54:09.966   545   548 D dalvikvm: GC_CONCURRENT freed 431K, 11% free 10467K/11719K, paused 2ms+2ms
07-05 11:54:10.157   545   548 D dalvikvm: GC_CONCURRENT freed 416K, 11% free 10442K/11719K, paused 2ms+3ms
07-05 11:54:10.239   545 10903 I DownloadManager: Initiating request for download 1242
07-05 11:54:10.329   545   548 D dalvikvm: GC_CONCURRENT freed 242K, 10% free 10632K/11719K, paused 2ms+3ms
07-05 11:54:10.438   545   548 D dalvikvm: GC_CONCURRENT freed 312K, 8% free 10815K/11719K, paused 2ms+3ms
07-05 11:54:10.649   545   548 D dalvikvm: GC_CONCURRENT freed 824K, 11% free 10464K/11719K, paused 2ms+3ms
07-05 11:54:10.833   545   548 D dalvikvm: GC_CONCURRENT freed 410K, 11% free 10444K/11719K, paused 3ms+2ms
07-05 11:54:11.032   545 10906 I DownloadManager: Initiating request for download 1243
07-05 11:54:11.075   545   548 D dalvikvm: GC_CONCURRENT freed 406K, 11% free 10464K/11719K, paused 2ms+4ms
07-05 11:54:11.200   545   548 D dalvikvm: GC_CONCURRENT freed 197K, 9% free 10721K/11719K, paused 2ms+3ms
07-05 11:54:11.337   545   548 D dalvikvm: GC_CONCURRENT freed 451K, 9% free 10742K/11719K, paused 2ms+2ms
07-05 11:54:11.474  1370 10908 E DictionaryProvider:UpdateHandler: Can't read a file : android.util.MalformedJsonException: Use JsonReader.setLenient(true) to accept malformed JSON at line 1 column 20
07-05 11:54:11.630   545   548 D dalvikvm: GC_CONCURRENT freed 727K, 11% free 10467K/11719K, paused 2ms+2ms
07-05 11:54:11.821   545   548 D dalvikvm: GC_CONCURRENT freed 414K, 11% free 10440K/11719K, paused 1ms+3ms
07-05 11:54:11.915   545 10911 I DownloadManager: Initiating request for download 1243
07-05 11:54:12.009   545   548 D dalvikvm: GC_CONCURRENT freed 247K, 10% free 10645K/11719K, paused 2ms+3ms
07-05 11:54:12.114   545   548 D dalvikvm: GC_CONCURRENT freed 314K, 8% free 10811K/11719K, paused 2ms+3ms
07-05 11:54:12.306   545   548 D dalvikvm: GC_CONCURRENT freed 783K, 11% free 10507K/11719K, paused 2ms+3ms
07-05 11:54:12.501   545   548 D dalvikvm: GC_CONCURRENT freed 407K, 11% free 10491K/11719K, paused 2ms+2ms
07-05 11:54:12.681   545   548 D dalvikvm: GC_CONCURRENT freed 402K, 11% free 10473K/11719K, paused 1ms+2ms
07-05 11:54:12.876   682   682 I GTalkService/c: [AndroidEndpoint@1095403848] connect: acct=1000001, state=CONNECTING
07-05 11:54:12.946   156   568 D dalvikvm: GC_EXPLICIT freed 641K, 17% free 13331K/15879K, paused 3ms+6ms
07-05 11:54:13.649   545 10913 I DownloadManager: Initiating request for download 1244
07-05 11:54:13.767   545   548 D dalvikvm: GC_CONCURRENT freed 215K, 9% free 10707K/11719K, paused 1ms+3ms
07-05 11:54:13.899   545   548 D dalvikvm: GC_CONCURRENT freed 435K, 9% free 10733K/11719K, paused 2ms+3ms
07-05 11:54:14.052  1370 10916 E DictionaryProvider:UpdateHandler: Can't read a file : android.util.MalformedJsonException: Use JsonReader.setLenient(true) to accept malformed JSON at line 1 column 20
07-05 11:54:14.157  1370  1372 D dalvikvm: GC_CONCURRENT freed 363K, 7% free 9150K/9735K, paused 2ms+8ms
07-05 11:54:14.181   545   548 D dalvikvm: GC_CONCURRENT freed 723K, 11% free 10458K/11719K, paused 1ms+3ms
07-05 11:54:14.372   545   548 D dalvikvm: GC_CONCURRENT freed 412K, 11% free 10438K/11719K, paused 2ms+2ms
07-05 11:54:14.489   545 10919 I DownloadManager: Initiating request for download 1244
07-05 11:54:14.548   545   548 D dalvikvm: GC_CONCURRENT freed 330K, 11% free 10501K/11719K, paused 1ms+2ms
07-05 11:54:14.653   545   548 D dalvikvm: GC_CONCURRENT freed 221K, 9% free 10729K/11719K, paused 2ms+3ms
07-05 11:54:14.786   545   548 D dalvikvm: GC_CONCURRENT freed 699K, 11% free 10496K/11719K, paused 1ms+2ms
07-05 11:54:15.013   545   548 D dalvikvm: GC_CONCURRENT freed 431K, 11% free 10453K/11719K, paused 1ms+2ms
07-05 11:54:15.208   545   548 D dalvikvm: GC_CONCURRENT freed 408K, 11% free 10434K/11719K, paused 2ms+2ms
07-05 11:54:15.337   545 10922 I DownloadManager: Initiating request for download 1245
07-05 11:54:15.423   545   548 D dalvikvm: GC_CONCURRENT freed 254K, 10% free 10609K/11719K, paused 2ms+3ms
07-05 11:54:15.528   545   548 D dalvikvm: GC_CONCURRENT freed 284K, 9% free 10780K/11719K, paused 2ms+2ms
07-05 11:54:15.708   545   548 D dalvikvm: GC_CONCURRENT freed 751K, 11% free 10498K/11719K, paused 2ms+2ms
07-05 11:54:15.778  1370 10924 E DictionaryProvider:UpdateHandler: Can't read a file : android.util.MalformedJsonException: Use JsonReader.setLenient(true) to accept malformed JSON at line 1 column 20
07-05 11:54:15.954   545   548 D dalvikvm: GC_CONCURRENT freed 431K, 11% free 10457K/11719K, paused 2ms+3ms
07-05 11:54:16.145   545   548 D dalvikvm: GC_CONCURRENT freed 412K, 11% free 10432K/11719K, paused 2ms+3ms
07-05 11:54:16.212   545 10927 I DownloadManager: Initiating request for download 1245
07-05 11:54:16.309   545   548 D dalvikvm: GC_CONCURRENT freed 211K, 10% free 10653K/11719K, paused 2ms+3ms
07-05 11:54:16.423   545   548 D dalvikvm: GC_CONCURRENT freed 305K, 8% free 10844K/11719K, paused 2ms+4ms
07-05 11:54:16.684   545   548 D dalvikvm: GC_CONCURRENT freed 874K, 11% free 10456K/11719K, paused 2ms+2ms
07-05 11:54:16.876   545   548 D dalvikvm: GC_CONCURRENT freed 404K, 11% free 10439K/11719K, paused 1ms+3ms
07-05 11:54:17.028   545 10930 I DownloadManager: Initiating request for download 1246
07-05 11:54:17.091   545   548 D dalvikvm: GC_CONCURRENT freed 342K, 11% free 10509K/11719K, paused 2ms+5ms
07-05 11:54:17.196   545   548 D dalvikvm: GC_CONCURRENT freed 209K, 9% free 10727K/11719K, paused 2ms+3ms
07-05 11:54:17.333   545   548 D dalvikvm: GC_CONCURRENT freed 678K, 11% free 10505K/11719K, paused 2ms+2ms
07-05 11:54:17.466  1370 10932 E DictionaryProvider:UpdateHandler: Can't read a file : android.util.MalformedJsonException: Use JsonReader.setLenient(true) to accept malformed JSON at line 1 column 20
07-05 11:54:17.591   545   548 D dalvikvm: GC_CONCURRENT freed 430K, 11% free 10464K/11719K, paused 2ms+2ms
07-05 11:54:17.782   545   548 D dalvikvm: GC_CONCURRENT freed 415K, 11% free 10440K/11719K, paused 2ms+2ms
07-05 11:54:17.892   545 10935 I DownloadManager: Initiating request for download 1246
07-05 11:54:17.970   545   548 D dalvikvm: GC_CONCURRENT freed 296K, 10% free 10623K/11719K, paused 2ms+2ms
07-05 11:54:18.075   545   548 D dalvikvm: GC_CONCURRENT freed 295K, 9% free 10780K/11719K, paused 2ms+3ms
07-05 11:54:18.255   545   548 D dalvikvm: GC_CONCURRENT freed 746K, 11% free 10501K/11719K, paused 2ms+2ms
07-05 11:54:18.466   545   548 D dalvikvm: GC_CONCURRENT freed 438K, 11% free 10457K/11719K, paused 2ms+3ms
07-05 11:54:18.665   545   548 D dalvikvm: GC_CONCURRENT freed 409K, 11% free 10434K/11719K, paused 2ms+3ms
07-05 11:54:18.751   545 10938 I DownloadManager: Initiating request for download 1247
07-05 11:54:18.852   545   548 D dalvikvm: GC_CONCURRENT freed 197K, 10% free 10660K/11719K, paused 2ms+3ms
07-05 11:54:18.962   545   548 D dalvikvm: GC_CONCURRENT freed 302K, 8% free 10835K/11719K, paused 2ms+3ms
07-05 11:54:19.184   545   548 D dalvikvm: GC_CONCURRENT freed 829K, 11% free 10490K/11719K, paused 2ms+2ms
07-05 11:54:19.380   545   548 D dalvikvm: GC_CONCURRENT freed 430K, 11% free 10454K/11719K, paused 2ms+3ms
07-05 11:54:20.427   545   548 D dalvikvm: GC_CONCURRENT freed 360K, 11% free 10478K/11719K, paused 2ms+3ms
07-05 11:54:20.493  1370 10940 E DictionaryProvider:UpdateHandler: Can't read a file : android.util.MalformedJsonException: Use JsonReader.setLenient(true) to accept malformed JSON at line 1 column 20
07-05 11:54:20.704   545   548 D dalvikvm: GC_CONCURRENT freed 406K, 11% free 10459K/11719K, paused 2ms+2ms
07-05 11:54:20.892   545   548 D dalvikvm: GC_CONCURRENT freed 404K, 11% free 10444K/11719K, paused 2ms+3ms
07-05 11:54:21.138   545   548 D dalvikvm: GC_CONCURRENT freed 361K, 11% free 10470K/11719K, paused 1ms+2ms
07-05 11:54:21.329   545   548 D dalvikvm: GC_CONCURRENT freed 404K, 11% free 10457K/11719K, paused 1ms+3ms
07-05 11:54:21.513   545   548 D dalvikvm: GC_CONCURRENT freed 403K, 11% free 10443K/11719K, paused 2ms+3ms
07-05 11:54:21.653   545 10943 I DownloadManager: Initiating request for download 1248
07-05 11:54:21.739   545   548 D dalvikvm: GC_CONCURRENT freed 266K, 10% free 10617K/11719K, paused 2ms+2ms
07-05 11:54:21.845   545   548 D dalvikvm: GC_CONCURRENT freed 286K, 8% free 10782K/11719K, paused 2ms+3ms
07-05 11:54:22.013   545   548 D dalvikvm: GC_CONCURRENT freed 747K, 11% free 10501K/11719K, paused 2ms+2ms
07-05 11:54:22.102  1370 10945 E DictionaryProvider:UpdateHandler: Can't read a file : android.util.MalformedJsonException: Use JsonReader.setLenient(true) to accept malformed JSON at line 1 column 20
07-05 11:54:22.188  1370  1372 D dalvikvm: GC_CONCURRENT freed 410K, 7% free 9125K/9735K, paused 2ms+2ms
07-05 11:54:22.286   545   548 D dalvikvm: GC_CONCURRENT freed 426K, 11% free 10463K/11719K, paused 2ms+3ms
07-05 11:54:22.485   545   548 D dalvikvm: GC_CONCURRENT freed 411K, 11% free 10439K/11719K, paused 2ms+3ms
07-05 11:54:22.548   545 10948 I DownloadManager: Initiating request for download 1248
07-05 11:54:22.642   545   548 D dalvikvm: GC_CONCURRENT freed 217K, 9% free 10697K/11719K, paused 2ms+2ms
07-05 11:54:22.751   545   548 D dalvikvm: GC_CONCURRENT freed 321K, 8% free 10841K/11719K, paused 2ms+3ms
07-05 11:54:23.001   545   548 D dalvikvm: GC_CONCURRENT freed 859K, 11% free 10465K/11719K, paused 2ms+3ms
07-05 11:54:23.192   545   548 D dalvikvm: GC_CONCURRENT freed 406K, 11% free 10447K/11719K, paused 1ms+2ms
07-05 11:54:23.368   545 10951 I DownloadManager: Initiating request for download 1249
07-05 11:54:23.423   545   548 D dalvikvm: GC_CONCURRENT freed 354K, 11% free 10489K/11719K, paused 2ms+4ms
07-05 11:54:23.536   545   548 D dalvikvm: GC_CONCURRENT freed 192K, 9% free 10723K/11719K, paused 2ms+3ms
07-05 11:54:23.665   545   548 D dalvikvm: GC_CONCURRENT freed 438K, 9% free 10742K/11719K, paused 2ms+2ms
07-05 11:54:23.809  1370 10953 E DictionaryProvider:UpdateHandler: Can't read a file : android.util.MalformedJsonException: Use JsonReader.setLenient(true) to accept malformed JSON at line 1 column 20
07-05 11:54:23.942   545   548 D dalvikvm: GC_CONCURRENT freed 719K, 11% free 10477K/11719K, paused 1ms+3ms
07-05 11:54:24.157   545   548 D dalvikvm: GC_CONCURRENT freed 420K, 11% free 10445K/11719K, paused 2ms+2ms
07-05 11:54:24.267   545 10956 I DownloadManager: Initiating request for download 1249
07-05 11:54:24.345   545   548 D dalvikvm: GC_CONCURRENT freed 269K, 10% free 10628K/11719K, paused 2ms+2ms
07-05 11:54:24.454   545   548 D dalvikvm: GC_CONCURRENT freed 299K, 8% free 10790K/11719K, paused 2ms+3ms
07-05 11:54:24.634   545   548 D dalvikvm: GC_CONCURRENT freed 750K, 11% free 10506K/11719K, paused 1ms+2ms
07-05 11:54:24.841   545   548 D dalvikvm: GC_CONCURRENT freed 433K, 11% free 10463K/11719K, paused 2ms+2ms
07-05 11:54:25.036   545   548 D dalvikvm: GC_CONCURRENT freed 406K, 11% free 10443K/11719K, paused 2ms+2ms
07-05 11:54:25.110   545 10959 I DownloadManager: Initiating request for download 1250
07-05 11:54:25.216   545   548 D dalvikvm: GC_CONCURRENT freed 200K, 9% free 10674K/11719K, paused 1ms+2ms
07-05 11:54:25.325   545   548 D dalvikvm: GC_CONCURRENT freed 309K, 8% free 10850K/11719K, paused 2ms+5ms
07-05 11:54:25.509  1370 10961 E DictionaryProvider:UpdateHandler: Can't read a file : android.util.MalformedJsonException: Use JsonReader.setLenient(true) to accept malformed JSON at line 1 column 20
07-05 11:54:25.610   545   548 D dalvikvm: GC_CONCURRENT freed 859K, 11% free 10480K/11719K, paused 1ms+2ms
07-05 11:54:25.806   545   548 D dalvikvm: GC_CONCURRENT freed 417K, 11% free 10451K/11719K, paused 2ms+3ms
07-05 11:54:25.962   545 10964 I DownloadManager: Initiating request for download 1250
07-05 11:54:26.020   545   548 D dalvikvm: GC_CONCURRENT freed 368K, 11% free 10511K/11719K, paused 2ms+3ms
07-05 11:54:26.149   545   548 D dalvikvm: GC_CONCURRENT freed 202K, 9% free 10766K/11719K, paused 3ms+3ms
07-05 11:54:26.294   545   548 D dalvikvm: GC_CONCURRENT freed 710K, 11% free 10515K/11719K, paused 2ms+2ms
07-05 11:54:26.493   545   548 D dalvikvm: GC_CONCURRENT freed 403K, 11% free 10501K/11719K, paused 1ms+3ms
07-05 11:54:26.696   545   548 D dalvikvm: GC_CONCURRENT freed 402K, 11% free 10486K/11719K, paused 2ms+2ms
07-05 11:54:27.372   545 10966 I DownloadManager: Initiating request for download 1251
07-05 11:54:27.450   545   548 D dalvikvm: GC_CONCURRENT freed 299K, 10% free 10617K/11719K, paused 1ms+3ms
07-05 11:54:27.559   545   548 D dalvikvm: GC_CONCURRENT freed 304K, 8% free 10794K/11719K, paused 2ms+3ms
07-05 11:54:27.759   545   548 D dalvikvm: GC_CONCURRENT freed 751K, 11% free 10518K/11719K, paused 2ms+2ms
07-05 11:54:27.868   545   633 D dalvikvm: GC_EXPLICIT freed 89K, 11% free 10482K/11719K, paused 2ms+3ms
07-05 11:54:27.876  1370 10969 E DictionaryProvider:UpdateHandler: Can't read a file : android.util.MalformedJsonException: Use JsonReader.setLenient(true) to accept malformed JSON at line 1 column 20
07-05 11:54:28.071   545   548 D dalvikvm: GC_CONCURRENT freed 408K, 11% free 10461K/11719K, paused 2ms+2ms
07-05 11:54:28.267   545   548 D dalvikvm: GC_CONCURRENT freed 400K, 11% free 10446K/11719K, paused 2ms+3ms
07-05 11:54:28.306   545 10972 I DownloadManager: Initiating request for download 1251
07-05 11:54:28.403   545   548 D dalvikvm: GC_CONCURRENT freed 186K, 9% free 10690K/11719K, paused 2ms+3ms
07-05 11:54:28.509   545   548 D dalvikvm: GC_CONCURRENT freed 298K, 8% free 10849K/11719K, paused 1ms+2ms
07-05 11:54:28.751   545   548 D dalvikvm: GC_CONCURRENT freed 862K, 11% free 10473K/11719K, paused 2ms+2ms
07-05 11:54:28.946   545   548 D dalvikvm: GC_CONCURRENT freed 407K, 11% free 10456K/11719K, paused 2ms+2ms
07-05 11:54:29.099   545 10975 I DownloadManager: Initiating request for download 1252
07-05 11:54:29.157   545   548 D dalvikvm: GC_CONCURRENT freed 352K, 11% free 10525K/11719K, paused 2ms+4ms
07-05 11:54:29.270   545   548 D dalvikvm: GC_CONCURRENT freed 205K, 9% free 10781K/11719K, paused 2ms+2ms
07-05 11:54:29.431   545   548 D dalvikvm: GC_CONCURRENT freed 728K, 11% free 10519K/11719K, paused 2ms+3ms
07-05 11:54:29.583   156   576 D dalvikvm: GC_EXPLICIT freed 512K, 17% free 13327K/15879K, paused 3ms+5ms
07-05 11:54:29.591  1370 10977 E DictionaryProvider:UpdateHandler: Can't read a file : android.util.MalformedJsonException: Use JsonReader.setLenient(true) to accept malformed JSON at line 1 column 20
07-05 11:54:29.665  1370  1372 D dalvikvm: GC_CONCURRENT freed 387K, 7% free 9127K/9735K, paused 2ms+2ms
07-05 11:54:29.778   545   548 D dalvikvm: GC_CONCURRENT freed 429K, 11% free 10478K/11719K, paused 2ms+3ms
07-05 11:54:29.958   545   548 D dalvikvm: GC_CONCURRENT freed 429K, 11% free 10444K/11719K, paused 2ms+2ms
07-05 11:54:30.059   545 10980 I DownloadManager: Initiating request for download 1252
07-05 11:54:30.142   545   548 D dalvikvm: GC_CONCURRENT freed 268K, 10% free 10602K/11719K, paused 1ms+3ms
07-05 11:54:30.247   545   548 D dalvikvm: GC_CONCURRENT freed 292K, 9% free 10778K/11719K, paused 2ms+3ms
07-05 11:54:30.411   545   548 D dalvikvm: GC_CONCURRENT freed 742K, 11% free 10501K/11719K, paused 2ms+2ms
07-05 11:54:30.614   545   548 D dalvikvm: GC_CONCURRENT freed 434K, 11% free 10459K/11719K, paused 1ms+3ms
07-05 11:54:30.798   545   548 D dalvikvm: GC_CONCURRENT freed 409K, 11% free 10438K/11719K, paused 2ms+2ms
07-05 11:54:30.876   545 10983 I DownloadManager: Initiating request for download 1253
07-05 11:54:30.970   545   548 D dalvikvm: GC_CONCURRENT freed 213K, 9% free 10704K/11719K, paused 2ms+2ms
07-05 11:54:31.087   545   548 D dalvikvm: GC_CONCURRENT freed 326K, 8% free 10846K/11719K, paused 2ms+2ms
07-05 11:54:31.274  1370 10985 E DictionaryProvider:UpdateHandler: Can't read a file : android.util.MalformedJsonException: Use JsonReader.setLenient(true) to accept malformed JSON at line 1 column 20
07-05 11:54:31.356   545   548 D dalvikvm: GC_CONCURRENT freed 861K, 11% free 10472K/11719K, paused 1ms+3ms
07-05 11:54:31.532   545   548 D dalvikvm: GC_CONCURRENT freed 413K, 11% free 10452K/11719K, paused 2ms+3ms
07-05 11:54:31.665   545 10988 I DownloadManager: Initiating request for download 1253
07-05 11:54:31.724   545   548 D dalvikvm: GC_CONCURRENT freed 366K, 11% free 10507K/11719K, paused 2ms+3ms
07-05 11:54:31.833   545   548 D dalvikvm: GC_CONCURRENT freed 219K, 9% free 10740K/11719K, paused 2ms+3ms
07-05 11:54:31.970   545   548 D dalvikvm: GC_CONCURRENT freed 685K, 11% free 10511K/11719K, paused 1ms+2ms
07-05 11:54:32.192   545   548 D dalvikvm: GC_CONCURRENT freed 439K, 11% free 10462K/11719K, paused 2ms+2ms
07-05 11:54:32.392   545   548 D dalvikvm: GC_CONCURRENT freed 407K, 11% free 10445K/11719K, paused 1ms+3ms
07-05 11:54:32.520   545 10991 I DownloadManager: Initiating request for download 1254
07-05 11:54:32.602   545   548 D dalvikvm: GC_CONCURRENT freed 282K, 10% free 10595K/11719K, paused 2ms+3ms
07-05 11:54:32.712   545   548 D dalvikvm: GC_CONCURRENT freed 296K, 8% free 10791K/11719K, paused 2ms+3ms
07-05 11:54:32.880   545   548 D dalvikvm: GC_CONCURRENT freed 760K, 11% free 10506K/11719K, paused 2ms+2ms
07-05 11:54:32.962  1370 10993 E DictionaryProvider:UpdateHandler: Can't read a file : android.util.MalformedJsonException: Use JsonReader.setLenient(true) to accept malformed JSON at line 1 column 20
07-05 11:54:33.005   465 10994 D dalvikvm: GC_EXPLICIT freed 411K, 6% free 10503K/11079K, paused 2ms+3ms
07-05 11:54:33.169   545   548 D dalvikvm: GC_CONCURRENT freed 430K, 11% free 10463K/11719K, paused 2ms+3ms
07-05 11:54:33.349   545   548 D dalvikvm: GC_CONCURRENT freed 408K, 11% free 10441K/11719K, paused 2ms+2ms
07-05 11:54:33.407   545 10996 I DownloadManager: Initiating request for download 1254
07-05 11:54:33.501   545   548 D dalvikvm: GC_CONCURRENT freed 215K, 10% free 10657K/11719K, paused 2ms+3ms
07-05 11:54:33.610   545   548 D dalvikvm: GC_CONCURRENT freed 299K, 8% free 10830K/11719K, paused 2ms+2ms
07-05 11:54:33.813   545   548 D dalvikvm: GC_CONCURRENT freed 844K, 11% free 10475K/11719K, paused 2ms+3ms
07-05 11:54:34.017   545   548 D dalvikvm: GC_CONCURRENT freed 411K, 11% free 10452K/11719K, paused 2ms+2ms
07-05 11:54:34.227   545 10999 I DownloadManager: Initiating request for download 1255
07-05 11:54:34.270   545   548 D dalvikvm: GC_CONCURRENT freed 397K, 11% free 10477K/11719K, paused 2ms+3ms
07-05 11:54:34.392   545   548 D dalvikvm: GC_CONCURRENT freed 194K, 9% free 10725K/11719K, paused 1ms+3ms
07-05 11:54:34.528   545   548 D dalvikvm: GC_CONCURRENT freed 437K, 9% free 10754K/11719K, paused 2ms+3ms
07-05 11:54:34.708  1370 11001 E DictionaryProvider:UpdateHandler: Can't read a file : android.util.MalformedJsonException: Use JsonReader.setLenient(true) to accept malformed JSON at line 1 column 20
07-05 11:54:34.802   545   548 D dalvikvm: GC_CONCURRENT freed 735K, 11% free 10474K/11719K, paused 1ms+2ms
07-05 11:54:34.997   545   548 D dalvikvm: GC_CONCURRENT freed 414K, 11% free 10448K/11719K, paused 2ms+2ms
07-05 11:54:35.102   545 11004 I DownloadManager: Initiating request for download 1255
07-05 11:54:35.184   545   548 D dalvikvm: GC_CONCURRENT freed 276K, 10% free 10639K/11719K, paused 2ms+3ms
07-05 11:54:35.294   545   548 D dalvikvm: GC_CONCURRENT freed 301K, 8% free 10833K/11719K, paused 2ms+3ms
07-05 11:54:35.489   545   548 D dalvikvm: GC_CONCURRENT freed 806K, 11% free 10516K/11719K, paused 2ms+2ms
07-05 11:54:35.700   545   548 D dalvikvm: GC_CONCURRENT freed 446K, 11% free 10459K/11719K, paused 2ms+3ms
07-05 11:54:35.888   545   548 D dalvikvm: GC_CONCURRENT freed 404K, 11% free 10442K/11719K, paused 2ms+2ms
07-05 11:54:35.942   545 11007 I DownloadManager: Initiating request for download 1256
07-05 11:54:36.044   545   548 D dalvikvm: GC_CONCURRENT freed 179K, 9% free 10690K/11719K, paused 2ms+3ms
07-05 11:54:36.153   545   548 D dalvikvm: GC_CONCURRENT freed 291K, 8% free 10851K/11719K, paused 2ms+2ms
07-05 11:54:36.337  1370 11009 E DictionaryProvider:UpdateHandler: Can't read a file : android.util.MalformedJsonException: Use JsonReader.setLenient(true) to accept malformed JSON at line 1 column 20
07-05 11:54:36.360   545 11011 I DownloadManager: in removeSpuriousFiles
07-05 11:54:36.411   545   548 D dalvikvm: GC_CONCURRENT freed 861K, 10% free 10599K/11719K, paused 2ms+3ms
07-05 11:54:36.462  1370  1372 D dalvikvm: GC_CONCURRENT freed 391K, 7% free 9127K/9735K, paused 2ms+10ms
07-05 11:54:36.528   545   548 D dalvikvm: GC_CONCURRENT freed 345K, 9% free 10780K/11719K, paused 1ms+3ms
07-05 11:54:36.552   545 11011 I DownloadManager: in removeSpuriousFiles, preserving file /data/data/com.android.providers.downloads/cache/metadata-18.htm
07-05 11:54:36.552   545 11011 I DownloadManager: in removeSpuriousFiles, preserving file /data/data/com.android.providers.downloads/cache/metadata-24.htm
07-05 11:54:36.552   545 11011 I DownloadManager: in removeSpuriousFiles, preserving file /data/data/com.android.providers.downloads/cache/metadata-17.htm
07-05 11:54:36.552   545 11011 I DownloadManager: in removeSpuriousFiles, preserving file /data/data/com.android.providers.downloads/cache/metadata-20.htm
07-05 11:54:36.552   545 11011 I DownloadManager: in removeSpuriousFiles, preserving file /data/data/com.android.providers.downloads/cache/metadata-26.htm
07-05 11:54:36.552   545 11011 I DownloadManager: in removeSpuriousFiles, preserving file /data/data/com.android.providers.downloads/cache/metadata-11.htm
07-05 11:54:36.556   545 11011 I DownloadManager: in removeSpuriousFiles, preserving file /data/data/com.android.providers.downloads/cache/metadata-15.htm
07-05 11:54:36.556   545 11011 I DownloadManager: in removeSpuriousFiles, preserving file /data/data/com.android.providers.downloads/cache/metadata-21.htm
07-05 11:54:36.556   545 11011 I DownloadManager: in removeSpuriousFiles, preserving file /data/data/com.android.providers.downloads/cache/metadata-25.htm
07-05 11:54:36.556   545 11011 I DownloadManager: in removeSpuriousFiles, preserving file /data/data/com.android.providers.downloads/cache/metadata-23.htm
07-05 11:54:36.556   545 11011 I DownloadManager: in removeSpuriousFiles, preserving file /data/data/com.android.providers.downloads/cache/metadata-29.htm
07-05 11:54:36.556   545 11011 I DownloadManager: in removeSpuriousFiles, preserving file /data/data/com.android.providers.downloads/cache/metadata-34.htm
07-05 11:54:36.556   545 11011 I DownloadManager: in removeSpuriousFiles, preserving file /data/data/com.android.providers.downloads/cache/metadata-22.htm
07-05 11:54:36.556   545 11011 I DownloadManager: in removeSpuriousFiles, preserving file /data/data/com.android.providers.downloads/cache/metadata-32.htm
07-05 11:54:36.556   545 11011 I DownloadManager: in removeSpuriousFiles, preserving file /data/data/com.android.providers.downloads/cache/metadata-28.htm
07-05 11:54:36.556   545 11011 I DownloadManager: in removeSpuriousFiles, preserving file /data/data/com.android.providers.downloads/cache/metadata-30.htm
07-05 11:54:36.556   545 11011 I DownloadManager: in removeSpuriousFiles, preserving file /data/data/com.android.providers.downloads/cache/metadata-36.htm
07-05 11:54:36.556   545 11011 I DownloadManager: in removeSpuriousFiles, preserving file /data/data/com.android.providers.downloads/cache/metadata-46.htm
07-05 11:54:36.556   545 11011 I DownloadManager: in removeSpuriousFiles, preserving file /data/data/com.android.providers.downloads/cache/metadata-38.htm
07-05 11:54:36.556   545 11011 I DownloadManager: in removeSpuriousFiles, preserving file /data/data/com.android.providers.downloads/cache/metadata-31.htm
07-05 11:54:36.556   545 11011 I DownloadManager: in removeSpuriousFiles, preserving file /data/data/com.android.providers.downloads/cache/metadata-27.htm
07-05 11:54:36.556   545 11011 I DownloadManager: in removeSpuriousFiles, preserving file /data/data/com.android.providers.downloads/cache/metadata-41.htm
07-05 11:54:36.556   545 11011 I DownloadManager: in removeSpuriousFiles, preserving file /data/data/com.android.providers.downloads/cache/metadata-47.htm
07-05 11:54:36.556   545 11011 I DownloadManager: in removeSpuriousFiles, preserving file /data/data/com.android.providers.downloads/cache/metadata-51.htm
07-05 11:54:36.556   545 11011 I DownloadManager: in removeSpuriousFiles, preserving file /data/data/com.android.providers.downloads/cache/metadata-48.htm
07-05 11:54:36.559   545 11011 I DownloadManager: in removeSpuriousFiles, preserving file /data/data/com.android.providers.downloads/cache/metadata-40.htm
07-05 11:54:36.559   545 11011 I DownloadManager: in removeSpuriousFiles, preserving file /data/data/com.android.providers.downloads/cache/metadata-37.htm
07-05 11:54:36.559   545 11011 I DownloadManager: in removeSpuriousFiles, preserving file /data/data/com.android.providers.downloads/cache/metadata-42.htm
07-05 11:54:36.559   545 11011 I DownloadManager: in removeSpuriousFiles, preserving file /data/data/com.android.providers.downloads/cache/metadata-45.htm
07-05 11:54:36.559   545 11011 I DownloadManager: in removeSpuriousFiles, preserving file /data/data/com.android.providers.downloads/cache/metadata-59.htm
07-05 11:54:36.559   545 11011 I DownloadManager: in removeSpuriousFiles, preserving file /data/data/com.android.providers.downloads/cache/metadata-90.htm
07-05 11:54:36.559   545 11011 I DownloadManager: in removeSpuriousFiles, preserving file /data/data/com.android.providers.downloads/cache/metadata-43.htm
07-05 11:54:36.559   545 11011 I DownloadManager: in removeSpuriousFiles, preserving file /data/data/com.android.providers.downloads/cache/metadata-138.htm
07-05 11:54:36.559   545 11011 I DownloadManager: in removeSpuriousFiles, preserving file /data/data/com.android.providers.downloads/cache/metadata-52.htm
07-05 11:54:36.559   545 11011 I DownloadManager: in removeSpuriousFiles, preserving file /data/data/com.android.providers.downloads/cache/metadata-116.htm
07-05 11:54:36.559   545 11011 I DownloadManager: in removeSpuriousFiles, preserving file /data/data/com.android.providers.downloads/cache/metadata-55.htm
07-05 11:54:36.559   545 11011 I DownloadManager: in removeSpuriousFiles, preserving file /data/data/com.android.providers.downloads/cache/metadata-53.htm
07-05 11:54:36.559   545 11011 I DownloadManager: in removeSpuriousFiles, preserving file /data/data/com.android.providers.downloads/cache/metadata-64.htm
07-05 11:54:36.559   545 11011 I DownloadManager: in removeSpuriousFiles, preserving file /data/data/com.android.providers.downloads/cache/metadata-54.htm
07-05 11:54:36.559   545 11011 I DownloadManager: in removeSpuriousFiles, preserving file /data/data/com.android.providers.downloads/cache/metadata-63.htm
07-05 11:54:36.559   545 11011 I DownloadManager: in removeSpuriousFiles, preserving file /data/data/com.android.providers.downloads/cache/metadata-76.htm
07-05 11:54:36.559   545 11011 I DownloadManager: in removeSpuriousFiles, preserving file /data/data/com.android.providers.downloads/cache/metadata-124.htm
07-05 11:54:36.559   545 11011 I DownloadManager: in removeSpuriousFiles, preserving file /data/data/com.android.providers.downloads/cache/metadata-57.htm
07-05 11:54:36.559   545 11011 I DownloadManager: in removeSpuriousFiles, preserving file /data/data/com.android.providers.downloads/cache/metadata-58.htm
07-05 11:54:36.559   545 11011 I DownloadManager: in removeSpuriousFiles, preserving file /data/data/com.android.providers.downloads/cache/metadata-56.htm
07-05 11:54:36.563   545 11011 I DownloadManager: in removeSpuriousFiles, preserving file /data/data/com.android.providers.downloads/cache/metadata-113.htm
07-05 11:54:36.563   545 11011 I DownloadManager: in removeSpuriousFiles, preserving file /data/data/com.android.providers.downloads/cache/metadata-60.htm
07-05 11:54:36.563   545 11011 I DownloadManager: in removeSpuriousFiles, preserving file /data/data/com.android.providers.downloads/cache/metadata-68.htm
07-05 11:54:36.563   545 11011 I DownloadManager: in removeSpuriousFiles, preserving file /data/data/com.android.providers.downloads/cache/metadata-92.htm
07-05 11:54:36.563   545 11011 I DownloadManager: in removeSpuriousFiles, preserving file /data/data/com.android.providers.downloads/cache/metadata-126.htm
07-05 11:54:36.563   545 11011 I DownloadManager: in removeSpuriousFiles, preserving file /data/data/com.android.providers.downloads/cache/metadata-147.htm
07-05 11:54:36.563   545 11011 I DownloadManager: in removeSpuriousFiles, preserving file /data/data/com.android.providers.downloads/cache/metadata-118.htm
07-05 11:54:36.563   545 11011 I DownloadManager: in removeSpuriousFiles, preserving file /data/data/com.android.providers.downloads/cache/metadata-137.htm
07-05 11:54:36.563   545 11011 I DownloadManager: in removeSpuriousFiles, preserving file /data/data/com.android.providers.downloads/cache/metadata-72.htm
07-05 11:54:36.563   545 11011 I DownloadManager: in removeSpuriousFiles, preserving file /data/data/com.android.providers.downloads/cache/metadata-93.htm
07-05 11:54:36.563   545 11011 I DownloadManager: in removeSpuriousFiles, preserving file /data/data/com.android.providers.downloads/cache/metadata-61.htm
07-05 11:54:36.563   545 11011 I DownloadManager: in removeSpuriousFiles, preserving file /data/data/com.android.providers.downloads/cache/metadata-82.htm
07-05 11:54:36.563   545 11011 I DownloadManager: in removeSpuriousFiles, preserving file /data/data/com.android.providers.downloads/cache/metadata-119.htm
07-05 11:54:36.563   545 11011 I DownloadManager: in removeSpuriousFiles, preserving file /data/data/com.android.providers.downloads/cache/metadata-79.htm
07-05 11:54:36.563   545 11011 I DownloadManager: in removeSpuriousFiles, preserving file /data/data/com.android.providers.downloads/cache/metadata-128.htm
07-05 11:54:36.563   545 11011 I DownloadManager: in removeSpuriousFiles, preserving file /data/data/com.android.providers.downloads/cache/metadata-134.htm
07-05 11:54:36.563   545 11011 I DownloadManager: in removeSpuriousFiles, preserving file /data/data/com.android.providers.downloads/cache/metadata-230.htm
07-05 11:54:36.563   545 11011 I DownloadManager: in removeSpuriousFiles, preserving file /data/data/com.android.providers.downloads/cache/metadata-154.htm
07-05 11:54:36.563   545 11011 I DownloadManager: in removeSpuriousFiles, preserving file /data/data/com.android.providers.downloads/cache/metadata-121.htm
07-05 11:54:36.563   545 11011 I DownloadManager: in removeSpuriousFiles, preserving file /data/data/com.android.providers.downloads/cache/metadata-75.htm
07-05 11:54:36.563   545 11011 I DownloadManager: in removeSpuriousFiles, preserving file /data/data/com.android.providers.downloads/cache/metadata-111.htm
07-05 11:54:36.563   545 11011 I DownloadManager: in removeSpuriousFiles, preserving file /data/data/com.android.providers.downloads/cache/metadata-140.htm
07-05 11:54:36.563   545 11011 I DownloadManager: in removeSpuriousFiles, preserving file /data/data/com.android.providers.downloads/cache/metadata-143.htm
07-05 11:54:36.567   545 11011 I DownloadManager: in removeSpuriousFiles, preserving file /data/data/com.android.providers.downloads/cache/metadata-125.htm
07-05 11:54:36.567   545 11011 I DownloadManager: in removeSpuriousFiles, preserving file /data/data/com.android.providers.downloads/cache/metadata-107.htm
07-05 11:54:36.567   545 11011 I DownloadManager: in removeSpuriousFiles, preserving file /data/data/com.android.providers.downloads/cache/metadata-203.htm
07-05 11:54:36.567   545 11011 I DownloadManager: in removeSpuriousFiles, preserving file /data/data/com.android.providers.downloads/cache/metadata-130.htm
07-05 11:54:36.567   545 11011 I DownloadManager: in removeSpuriousFiles, preserving file /data/data/com.android.providers.downloads/cache/metadata-89.htm
07-05 11:54:36.567   545 11011 I DownloadManager: in removeSpuriousFiles, preserving file /data/data/com.android.providers.downloads/cache/metadata-151.htm
07-05 11:54:36.567   545 11011 I DownloadManager: in removeSpuriousFiles, preserving file /data/data/com.android.providers.downloads/cache/metadata-202.htm
07-05 11:54:36.567   545 11011 I DownloadManager: in removeSpuriousFiles, preserving file /data/data/com.android.providers.downloads/cache/metadata-127.htm
07-05 11:54:36.567   545 11011 I DownloadManager: in removeSpuriousFiles, preserving file /data/data/com.android.providers.downloads/cache/metadata-78.htm
07-05 11:54:36.567   545 11011 I DownloadManager: in removeSpuriousFiles, preserving file /data/data/com.android.providers.downloads/cache/metadata-135.htm
07-05 11:54:36.567   545 11011 I DownloadManager: in removeSpuriousFiles, preserving file /data/data/com.android.providers.downloads/cache/metadata-157.htm
07-05 11:54:36.567   545 11011 I DownloadManager: in removeSpuriousFiles, preserving file /data/data/com.android.providers.downloads/cache/metadata-136.htm
07-05 11:54:36.567   545 11011 I DownloadManager: in removeSpuriousFiles, preserving file /data/data/com.android.providers.downloads/cache/metadata-88.htm
07-05 11:54:36.571   545 11011 I DownloadManager: in removeSpuriousFiles, preserving file /data/data/com.android.providers.downloads/cache/metadata-161.htm
07-05 11:54:36.571   545 11011 I DownloadManager: in removeSpuriousFiles, preserving file /data/data/com.android.providers.downloads/cache/metadata-81.htm
07-05 11:54:36.571   545 11011 I DownloadManager: in removeSpuriousFiles, preserving file /data/data/com.android.providers.downloads/cache/metadata-153.htm
07-05 11:54:36.571   545 11011 I DownloadManager: in removeSpuriousFiles, preserving file /data/data/com.android.providers.downloads/cache/metadata-192.htm
07-05 11:54:36.571   545 11011 I DownloadManager: in removeSpuriousFiles, preserving file /data/data/com.android.providers.downloads/cache/metadata-101.htm
07-05 11:54:36.571   545 11011 I DownloadManager: in removeSpuriousFiles, preserving file /data/data/com.android.providers.downloads/cache/metadata-197.htm
07-05 11:54:36.571   545 11011 I DownloadManager: in removeSpuriousFiles, preserving file /data/data/com.android.providers.downloads/cache/metadata-220.htm
07-05 11:54:36.571   545 11011 I DownloadManager: in removeSpuriousFiles, preserving file /data/data/com.android.providers.downloads/cache/metadata-168.htm
07-05 11:54:36.571   545 11011 I DownloadManager: in removeSpuriousFiles, preserving file /data/data/com.android.providers.downloads/cache/metadata-177.htm
07-05 11:54:36.571   545 11011 I DownloadManager: in removeSpuriousFiles, preserving file /data/data/com.android.providers.downloads/cache/metadata-201.htm
07-05 11:54:36.571   545 11011 I DownloadManager: in removeSpuriousFiles, preserving file /data/data/com.android.providers.downloads/cache/metadata-216.htm
07-05 11:54:36.571   545 11011 I DownloadManager: in removeSpuriousFiles, preserving file /data/data/com.android.providers.downloads/cache/metadata-200.htm
07-05 11:54:36.571   545 11011 I DownloadManager: in removeSpuriousFiles, preserving file /data/data/com.android.providers.downloads/cache/metadata-172.htm
07-05 11:54:36.571   545 11011 I DownloadManager: in removeSpuriousFiles, preserving file /data/data/com.android.providers.downloads/cache/metadata-183.htm
07-05 11:54:36.571   545 11011 I DownloadManager: in removeSpuriousFiles, preserving file /data/data/com.android.providers.downloads/cache/metadata-224.htm
07-05 11:54:36.571   545 11011 I DownloadManager: in removeSpuriousFiles, preserving file /data/data/com.android.providers.downloads/cache/metadata-245.htm
07-05 11:54:36.571   545 11011 I DownloadManager: in removeSpuriousFiles, preserving file /data/data/com.android.providers.downloads/cache/metadata-150.htm
07-05 11:54:36.571   545 11011 I DownloadManager: in removeSpuriousFiles, preserving file /data/data/com.android.providers.downloads/cache/metadata-240.htm
07-05 11:54:36.571   545 11011 I DownloadManager: in removeSpuriousFiles, preserving file /data/data/com.android.providers.downloads/cache/metadata-185.htm
07-05 11:54:36.571   545 11011 I DownloadManager: in removeSpuriousFiles, preserving file /data/data/com.android.providers.downloads/cache/metadata-189.htm
07-05 11:54:36.575   545 11011 I DownloadManager: in removeSpuriousFiles, preserving file /data/data/com.android.providers.downloads/cache/metadata-280.htm
07-05 11:54:36.575   545 11011 I DownloadManager: in removeSpuriousFiles, preserving file /data/data/com.android.providers.downloads/cache/metadata-176.htm
07-05 11:54:36.575   545 11011 I DownloadManager: in removeSpuriousFiles, preserving file /data/data/com.android.providers.downloads/cache/metadata-191.htm
07-05 11:54:36.575   545 11011 I DownloadManager: in removeSpuriousFiles, preserving file /data/data/com.android.providers.downloads/cache/metadata-73.htm
07-05 11:54:36.575   545 11011 I DownloadManager: in removeSpuriousFiles, preserving file /data/data/com.android.providers.downloads/cache/metadata-122.htm
07-05 11:54:36.575   545 11011 I DownloadManager: in removeSpuriousFiles, preserving file /data/data/com.android.providers.downloads/cache/metadata-80.htm
07-05 11:54:36.575   545 11011 I DownloadManager: in removeSpuriousFiles, preserving file /data/data/com.android.providers.downloads/cache/metadata-217.htm
07-05 11:54:36.575   545 11011 I DownloadManager: in removeSpuriousFiles, preserving file /data/data/com.android.providers.downloads/cache/metadata-188.htm
07-05 11:54:36.575   545 11011 I DownloadManager: in removeSpuriousFiles, preserving file /data/data/com.android.providers.downloads/cache/metadata-253.htm
07-05 11:54:36.575   545 11011 I DownloadManager: in removeSpuriousFiles, preserving file /data/data/com.android.providers.downloads/cache/metadata-205.htm
07-05 11:54:36.575   545 11011 I DownloadManager: in removeSpuriousFiles, preserving file /data/data/com.android.providers.downloads/cache/metadata-234.htm
07-05 11:54:36.575   545 11011 I DownloadManager: in removeSpuriousFiles, preserving file /data/data/com.android.providers.downloads/cache/metadata-215.htm
07-05 11:54:36.575   545 11011 I DownloadManager: in removeSpuriousFiles, preserving file /data/data/com.android.providers.downloads/cache/metadata-319.htm
07-05 11:54:36.575   545 11011 I DownloadManager: in removeSpuriousFiles, preserving file /data/data/com.android.providers.downloads/cache/metadata-35.htm
07-05 11:54:36.575   545 11011 I DownloadManager: in removeSpuriousFiles, preserving file /data/data/com.android.providers.downloads/cache/metadata-164.htm
07-05 11:54:36.575   545 11011 I DownloadManager: in removeSpuriousFiles, preserving file /data/data/com.android.providers.downloads/cache/metadata-142.htm
07-05 11:54:36.575   545 11011 I DownloadManager: in removeSpuriousFiles, preserving file /data/data/com.android.providers.downloads/cache/metadata-39.htm
07-05 11:54:36.575   545 11011 I DownloadManager: in removeSpuriousFiles, preserving file /data/data/com.android.providers.downloads/cache/metadata-219.htm
07-05 11:54:36.575   545 11011 I DownloadManager: in removeSpuriousFiles, preserving file /data/data/com.android.providers.downloads/cache/metadata-62.htm
07-05 11:54:36.575   545 11011 I DownloadManager: in removeSpuriousFiles, preserving file /data/data/com.android.providers.downloads/cache/metadata-105.htm
07-05 11:54:36.575   545 11011 I DownloadManager: in removeSpuriousFiles, preserving file /data/data/com.android.providers.downloads/cache/metadata-221.htm
07-05 11:54:36.579   545 11011 I DownloadManager: in removeSpuriousFiles, preserving file /data/data/com.android.providers.downloads/cache/metadata-77.htm
07-05 11:54:36.579   545 11011 I DownloadManager: in removeSpuriousFiles, preserving file /data/data/com.android.providers.downloads/cache/metadata-50.htm
07-05 11:54:36.579   545 11011 I DownloadManager: in removeSpuriousFiles, preserving file /data/data/com.android.providers.downloads/cache/metadata-181.htm
07-05 11:54:36.579   545 11011 I DownloadManager: in removeSpuriousFiles, preserving file /data/data/com.android.providers.downloads/cache/metadata-152.htm
07-05 11:54:36.579   545 11011 I DownloadManager: in removeSpuriousFiles, preserving file /data/data/com.android.providers.downloads/cache/metadata-104.htm
07-05 11:54:36.579   545 11011 I DownloadManager: in removeSpuriousFiles, preserving file /data/data/com.android.providers.downloads/cache/metadata-214.htm
07-05 11:54:36.579   545 11011 I DownloadManager: in removeSpuriousFiles, preserving file /data/data/com.android.providers.downloads/cache/metadata-196.htm
07-05 11:54:36.579   545 11011 I DownloadManager: in removeSpuriousFiles, preserving file /data/data/com.android.providers.downloads/cache/metadata-174.htm
07-05 11:54:36.579   545 11011 I DownloadManager: in removeSpuriousFiles, preserving file /data/data/com.android.providers.downloads/cache/metadata-67.htm
07-05 11:54:36.579   545 11011 I DownloadManager: in removeSpuriousFiles, preserving file /data/data/com.android.providers.downloads/cache/metadata-199.htm
07-05 11:54:36.579   545 11011 I DownloadManager: in removeSpuriousFiles, preserving file /data/data/com.android.providers.downloads/cache/metadata-162.htm
07-05 11:54:36.579   545 11011 I DownloadManager: in removeSpuriousFiles, preserving file /data/data/com.android.providers.downloads/cache/metadata-133.htm
07-05 11:54:36.579   545 11011 I DownloadManager: in removeSpuriousFiles, preserving file /data/data/com.android.providers.downloads/cache/metadata-300.htm
07-05 11:54:36.579   545 11011 I DownloadManager: in removeSpuriousFiles, preserving file /data/data/com.android.providers.downloads/cache/metadata-158.htm
07-05 11:54:36.579   545 11011 I DownloadManager: in removeSpuriousFiles, preserving file /data/data/com.android.providers.downloads/cache/metadata-207.htm
07-05 11:54:36.579   545 11011 I DownloadManager: in removeSpuriousFiles, preserving file /data/data/com.android.providers.downloads/cache/metadata-148.htm
07-05 11:54:36.579   545 11011 I DownloadManager: in removeSpuriousFiles, preserving file /data/data/com.android.providers.downloads/cache/metadata-320.htm
07-05 11:54:36.579   545 11011 I DownloadManager: in removeSpuriousFiles, preserving file /data/data/com.android.providers.downloads/cache/metadata-139.htm
07-05 11:54:36.579   545 11011 I DownloadManager: in removeSpuriousFiles, preserving file /data/data/com.android.providers.downloads/cache/metadata-74.htm
07-05 11:54:36.579   545 11011 I DownloadManager: in removeSpuriousFiles, preserving file /data/data/com.android.providers.downloads/cache/metadata-291.htm
07-05 11:54:36.579   545 11011 I DownloadManager: in removeSpuriousFiles, preserving file /data/data/com.android.providers.downloads/cache/metadata-70.htm
07-05 11:54:36.579   545 11011 I DownloadManager: in removeSpuriousFiles, preserving file /data/data/com.android.providers.downloads/cache/metadata-226.htm
07-05 11:54:36.579   545 11011 I DownloadManager: in removeSpuriousFiles, preserving file /data/data/com.android.providers.downloads/cache/metadata-178.htm
07-05 11:54:36.583   545 11011 I DownloadManager: in removeSpuriousFiles, preserving file /data/data/com.android.providers.downloads/cache/metadata-284.htm
07-05 11:54:36.583   545 11011 I DownloadManager: in removeSpuriousFiles, preserving file /data/data/com.android.providers.downloads/cache/metadata-84.htm
07-05 11:54:36.583   545 11011 I DownloadManager: in removeSpuriousFiles, preserving file /data/data/com.android.providers.downloads/cache/metadata-268.htm
07-05 11:54:36.583   545 11011 I DownloadManager: in removeSpuriousFiles, preserving file /data/data/com.android.providers.downloads/cache/metadata-254.htm
07-05 11:54:36.583   545 11011 I DownloadManager: in removeSpuriousFiles, preserving file /data/data/com.android.providers.downloads/cache/metadata-115.htm
07-05 11:54:36.583   545 11011 I DownloadManager: in removeSpuriousFiles, preserving file /data/data/com.android.providers.downloads/cache/metadata-210.htm
07-05 11:54:36.583   545 11011 I DownloadManager: in removeSpuriousFiles, preserving file /data/data/com.android.providers.downloads/cache/metadata-149.htm
07-05 11:54:36.583   545 11011 I DownloadManager: in removeSpuriousFiles, preserving file /data/data/com.android.providers.downloads/cache/metadata-218.htm
07-05 11:54:36.583   545 11011 I DownloadManager: in removeSpuriousFiles, preserving file /data/data/com.android.providers.downloads/cache/metadata-295.htm
07-05 11:54:36.583   545 11011 I DownloadManager: in removeSpuriousFiles, preserving file /data/data/com.android.providers.downloads/cache/metadata-110.htm
07-05 11:54:36.583   545 11011 I DownloadManager: in removeSpuriousFiles, preserving file /data/data/com.android.providers.downloads/cache/metadata-91.htm
07-05 11:54:36.583   545 11011 I DownloadManager: in removeSpuriousFiles, preserving file /data/data/com.android.providers.downloads/cache/metadata-146.htm
07-05 11:54:36.583   545 11011 I DownloadManager: in removeSpuriousFiles, preserving file /data/data/com.android.providers.downloads/cache/metadata-160.htm
07-05 11:54:36.583   545 11011 I DownloadManager: in removeSpuriousFiles, preserving file /data/data/com.android.providers.downloads/cache/metadata-120.htm
07-05 11:54:36.583   545 11011 I DownloadManager: in removeSpuriousFiles, preserving file /data/data/com.android.providers.downloads/cache/metadata-368.htm
07-05 11:54:36.583   545 11011 I DownloadManager: in removeSpuriousFiles, preserving file /data/data/com.android.providers.downloads/cache/metadata-239.htm
07-05 11:54:36.583   545 11011 I DownloadManager: in removeSpuriousFiles, preserving file /data/data/com.android.providers.downloads/cache/metadata-243.htm
07-05 11:54:36.583   545 11011 I DownloadManager: in removeSpuriousFiles, preserving file /data/data/com.android.providers.downloads/cache/metadata-375.htm
07-05 11:54:36.583   545 11011 I DownloadManager: in removeSpuriousFiles, preserving file /data/data/com.android.providers.downloads/cache/metadata-262.htm
07-05 11:54:36.583   545 11011 I DownloadManager: in removeSpuriousFiles, preserving file /data/data/com.android.providers.downloads/cache/metadata-277.htm
07-05 11:54:36.583   545 11011 I DownloadManager: in removeSpuriousFiles, preserving file /data/data/com.android.providers.downloads/cache/metadata-209.htm
07-05 11:54:36.583   545 11011 I DownloadManager: in removeSpuriousFiles, preserving file /data/data/com.android.providers.downloads/cache/metadata-314.htm
07-05 11:54:36.587   545 11011 I DownloadManager: in removeSpuriousFiles, preserving file /data/data/com.android.providers.downloads/cache/metadata-249.htm
07-05 11:54:36.587   545 11011 I DownloadManager: in removeSpuriousFiles, preserving file /data/data/com.android.providers.downloads/cache/metadata-267.htm
07-05 11:54:36.587   545 11011 I DownloadManager: in removeSpuriousFiles, preserving file /data/data/com.android.providers.downloads/cache/metadata-231.htm
07-05 11:54:36.587   545 11011 I DownloadManager: in removeSpuriousFiles, preserving file /data/data/com.android.providers.downloads/cache/metadata-198.htm
07-05 11:54:36.587   545 11011 I DownloadManager: in removeSpuriousFiles, preserving file /data/data/com.android.providers.downloads/cache/metadata-108.htm
07-05 11:54:36.587   545 11011 I DownloadManager: in removeSpuriousFiles, preserving file /data/data/com.android.providers.downloads/cache/metadata-364.htm
07-05 11:54:36.587   545 11011 I DownloadManager: in removeSpuriousFiles, preserving file /data/data/com.android.providers.downloads/cache/metadata-232.htm
07-05 11:54:36.587   545 11011 I DownloadManager: in removeSpuriousFiles, preserving file /data/data/com.android.providers.downloads/cache/metadata-334.htm
07-05 11:54:36.587   545 11011 I DownloadManager: in removeSpuriousFiles, preserving file /data/data/com.android.providers.downloads/cache/metadata-286.htm
07-05 11:54:36.587   545 11011 I DownloadManager: in removeSpuriousFiles, preserving file /data/data/com.android.providers.downloads/cache/metadata-384.htm
07-05 11:54:36.587   545 11011 I DownloadManager: in removeSpuriousFiles, preserving file /data/data/com.android.providers.downloads/cache/metadata-306.htm
07-05 11:54:36.587   545 11011 I DownloadManager: in removeSpuriousFiles, preserving file /data/data/com.android.providers.downloads/cache/metadata-266.htm
07-05 11:54:36.587   545 11011 I DownloadManager: in removeSpuriousFiles, preserving file /data/data/com.android.providers.downloads/cache/metadata-132.htm
07-05 11:54:36.587   545 11011 I DownloadManager: in removeSpuriousFiles, preserving file /data/data/com.android.providers.downloads/cache/metadata-326.htm
07-05 11:54:36.587   545 11011 I DownloadManager: in removeSpuriousFiles, preserving file /data/data/com.android.providers.downloads/cache/metadata-227.htm
07-05 11:54:36.587   545 11011 I DownloadManager: in removeSpuriousFiles, preserving file /data/data/com.android.providers.downloads/cache/metadata-194.htm
07-05 11:54:36.587   545 11011 I DownloadManager: in removeSpuriousFiles, preserving file /data/data/com.android.providers.downloads/cache/metadata-228.htm
07-05 11:54:36.587   545 11011 I DownloadManager: in removeSpuriousFiles, preserving file /data/data/com.android.providers.downloads/cache/metadata-360.htm
07-05 11:54:36.587   545 11011 I DownloadManager: in removeSpuriousFiles, preserving file /data/data/com.android.providers.downloads/cache/metadata-260.htm
07-05 11:54:36.587   545 11011 I DownloadManager: in removeSpuriousFiles, preserving file /data/data/com.android.providers.downloads/cache/metadata-131.htm
07-05 11:54:36.591   545 11011 I DownloadManager: in removeSpuriousFiles, preserving file /data/data/com.android.providers.downloads/cache/metadata-233.htm
07-05 11:54:36.591   545 11011 I DownloadManager: in removeSpuriousFiles, preserving file /data/data/com.android.providers.downloads/cache/metadata-123.htm
07-05 11:54:36.591   545 11011 I DownloadManager: in removeSpuriousFiles, preserving file /data/data/com.android.providers.downloads/cache/metadata-229.htm
07-05 11:54:36.591   545 11011 I DownloadManager: in removeSpuriousFiles, preserving file /data/data/com.android.providers.downloads/cache/metadata-264.htm
07-05 11:54:36.591   545 11011 I DownloadManager: in removeSpuriousFiles, preserving file /data/data/com.android.providers.downloads/cache/metadata-187.htm
07-05 11:54:36.591   545 11011 I DownloadManager: in removeSpuriousFiles, preserving file /data/data/com.android.providers.downloads/cache/metadata-383.htm
07-05 11:54:36.591   545 11011 I DownloadManager: in removeSpuriousFiles, preserving file /data/data/com.android.providers.downloads/cache/metadata-394.htm
07-05 11:54:36.591   545 11011 I DownloadManager: in removeSpuriousFiles, preserving file /data/data/com.android.providers.downloads/cache/metadata-85.htm
07-05 11:54:36.591   545 11011 I DownloadManager: in removeSpuriousFiles, preserving file /data/data/com.android.providers.downloads/cache/metadata-211.htm
07-05 11:54:36.591   545 11011 I DownloadManager: in removeSpuriousFiles, preserving file /data/data/com.android.providers.downloads/cache/metadata-406.htm
07-05 11:54:36.591   545 11011 I DownloadManager: in removeSpuriousFiles, preserving file /data/data/com.android.providers.downloads/cache/metadata-331.htm
07-05 11:54:36.591   545 11011 I DownloadManager: in removeSpuriousFiles, preserving file /data/data/com.android.providers.downloads/cache/metadata-163.htm
07-05 11:54:36.591   545 11011 I DownloadManager: in removeSpuriousFiles, preserving file /data/data/com.android.providers.downloads/cache/metadata-112.htm
07-05 11:54:36.591   545 11011 I DownloadManager: in removeSpuriousFiles, preserving file /data/data/com.android.providers.downloads/cache/metadata-145.htm
07-05 11:54:36.591   545 11011 I DownloadManager: in removeSpuriousFiles, preserving file /data/data/com.android.providers.downloads/cache/metadata-278.htm
07-05 11:54:36.591   545 11011 I DownloadManager: in removeSpuriousFiles, preserving file /data/data/com.android.providers.downloads/cache/metadata-244.htm
07-05 11:54:36.591   545 11011 I DownloadManager: in removeSpuriousFiles, preserving file /data/data/com.android.providers.downloads/cache/metadata-370.htm
07-05 11:54:36.591   545 11011 I DownloadManager: in removeSpuriousFiles, preserving file /data/data/com.android.providers.downloads/cache/metadata-328.htm
07-05 11:54:36.595   545 11011 I DownloadManager: in removeSpuriousFiles, preserving file /data/data/com.android.providers.downloads/cache/metadata-322.htm
07-05 11:54:36.595   545 11011 I DownloadManager: in removeSpuriousFiles, preserving file /data/data/com.android.providers.downloads/cache/metadata-397.htm
07-05 11:54:36.595   545 11011 I DownloadManager: in removeSpuriousFiles, preserving file /data/data/com.android.providers.downloads/cache/metadata-206.htm
07-05 11:54:36.595   545 11011 I DownloadManager: in removeSpuriousFiles, preserving file /data/data/com.android.providers.downloads/cache/metadata-236.htm
07-05 11:54:36.595   545 11011 I DownloadManager: in removeSpuriousFiles, preserving file /data/data/com.android.providers.downloads/cache/metadata-165.htm
07-05 11:54:36.595   545 11011 I DownloadManager: in removeSpuriousFiles, preserving file /data/data/com.android.providers.downloads/cache/metadata-304.htm
07-05 11:54:36.595   545 11011 I DownloadManager: in removeSpuriousFiles, preserving file /data/data/com.android.providers.downloads/cache/metadata-289.htm
07-05 11:54:36.595   545 11011 I DownloadManager: in removeSpuriousFiles, preserving file /data/data/com.android.providers.downloads/cache/metadata-261.htm
07-05 11:54:36.595   545 11011 I DownloadManager: in removeSpuriousFiles, preserving file /data/data/com.android.providers.downloads/cache/metadata-282.htm
07-05 11:54:36.595   545 11011 I DownloadManager: in removeSpuriousFiles, preserving file /data/data/com.android.providers.downloads/cache/metadata-182.htm
07-05 11:54:36.595   545 11011 I DownloadManager: in removeSpuriousFiles, preserving file /data/data/com.android.providers.downloads/cache/metadata-446.htm
07-05 11:54:36.595   545 11011 I DownloadManager: in removeSpuriousFiles, preserving file /data/data/com.android.providers.downloads/cache/metadata-323.htm
07-05 11:54:36.595   545 11011 I DownloadManager: in removeSpuriousFiles, preserving file /data/data/com.android.providers.downloads/cache/metadata-212.htm
07-05 11:54:36.595   545 11011 I DownloadManager: in removeSpuriousFiles, preserving file /data/data/com.android.providers.downloads/cache/metadata-248.htm
07-05 11:54:36.595   545 11011 I DownloadManager: in removeSpuriousFiles, preserving file /data/data/com.android.providers.downloads/cache/metadata-259.htm
07-05 11:54:36.595   545 11011 I DownloadManager: in removeSpuriousFiles, preserving file /data/data/com.android.providers.downloads/cache/metadata-418.htm
07-05 11:54:36.599   545 11011 I DownloadManager: in removeSpuriousFiles, preserving file /data/data/com.android.providers.downloads/cache/metadata-367.htm
07-05 11:54:36.599   545 11011 I DownloadManager: in removeSpuriousFiles, preserving file /data/data/com.android.providers.downloads/cache/metadata-329.htm
07-05 11:54:36.599   545 11011 I DownloadManager: in removeSpuriousFiles, preserving file /data/data/com.android.providers.downloads/cache/metadata-344.htm
07-05 11:54:36.599   545 11011 I DownloadManager: in removeSpuriousFiles, preserving file /data/data/com.android.providers.downloads/cache/metadata-353.htm
07-05 11:54:36.599   545 11011 I DownloadManager: in removeSpuriousFiles, preserving file /data/data/com.android.providers.downloads/cache/metadata-273.htm
07-05 11:54:36.599   545 11011 I DownloadManager: in removeSpuriousFiles, preserving file /data/data/com.android.providers.downloads/cache/metadata-252.htm
07-05 11:54:36.599   545 11011 I DownloadManager: in removeSpuriousFiles, preserving file /data/data/com.android.providers.downloads/cache/metadata-374.htm
07-05 11:54:36.599   545 11011 I DownloadManager: in removeSpuriousFiles, preserving file /data/data/com.android.providers.downloads/cache/metadata-447.htm
07-05 11:54:36.599   545 11011 I DownloadManager: in removeSpuriousFiles, preserving file /data/data/com.android.providers.downloads/cache/metadata-381.htm
07-05 11:54:36.599   545 11011 I DownloadManager: in removeSpuriousFiles, preserving file /data/data/com.android.providers.downloads/cache/metadata-436.htm
07-05 11:54:36.599   545 11011 I DownloadManager: in removeSpuriousFiles, preserving file /data/data/com.android.providers.downloads/cache/metadata-412.htm
07-05 11:54:36.599   545 11011 I DownloadManager: in removeSpuriousFiles, preserving file /data/data/com.android.providers.downloads/cache/metadata-349.htm
07-05 11:54:36.599   545 11011 I DownloadManager: in removeSpuriousFiles, preserving file /data/data/com.android.providers.downloads/cache/metadata-435.htm
07-05 11:54:36.599   545 11011 I DownloadManager: in removeSpuriousFiles, preserving file /data/data/com.android.providers.downloads/cache/metadata-44.htm
07-05 11:54:36.599   545 11011 I DownloadManager: in removeSpuriousFiles, preserving file /data/data/com.android.providers.downloads/cache/metadata-312.htm
07-05 11:54:36.599   545 11011 I DownloadManager: in removeSpuriousFiles, preserving file /data/data/com.android.providers.downloads/cache/metadata-65.htm
07-05 11:54:36.599   545 11011 I DownloadManager: in removeSpuriousFiles, preserving file /data/data/com.android.providers.downloads/cache/metadata-392.htm
07-05 11:54:36.599   545 11011 I DownloadManager: in removeSpuriousFiles, preserving file /data/data/com.android.providers.downloads/cache/metadata-71.htm
07-05 11:54:36.599   545 11011 I DownloadManager: in removeSpuriousFiles, preserving file /data/data/com.android.providers.downloads/cache/metadata-49.htm
07-05 11:54:36.602   545 11011 I DownloadManager: in removeSpuriousFiles, preserving file /data/data/com.android.providers.downloads/cache/metadata-222.htm
07-05 11:54:36.602   545 11011 I DownloadManager: in removeSpuriousFiles, preserving file /data/data/com.android.providers.downloads/cache/metadata-317.htm
07-05 11:54:36.602   545 11011 I DownloadManager: in removeSpuriousFiles, preserving file /data/data/com.android.providers.downloads/cache/metadata-345.htm
07-05 11:54:36.602   545 11011 I DownloadManager: in removeSpuriousFiles, preserving file /data/data/com.android.providers.downloads/cache/metadata-256.htm
07-05 11:54:36.602   545 11011 I DownloadManager: in removeSpuriousFiles, preserving file /data/data/com.android.providers.downloads/cache/metadata-237.htm
07-05 11:54:36.602   545 11011 I DownloadManager: in removeSpuriousFiles, preserving file /data/data/com.android.providers.downloads/cache/metadata-327.htm
07-05 11:54:36.602   545 11011 I DownloadManager: in removeSpuriousFiles, preserving file /data/data/com.android.providers.downloads/cache/metadata-169.htm
07-05 11:54:36.602   545 11011 I DownloadManager: in removeSpuriousFiles, preserving file /data/data/com.android.providers.downloads/cache/metadata-208.htm
07-05 11:54:36.602   545 11011 I DownloadManager: in removeSpuriousFiles, preserving file /data/data/com.android.providers.downloads/cache/metadata-279.htm
07-05 11:54:36.602   545 11011 I DownloadManager: in removeSpuriousFiles, preserving file /data/data/com.android.providers.downloads/cache/metadata-100.htm
07-05 11:54:36.606   545 11011 I DownloadManager: in removeSpuriousFiles, preserving file /data/data/com.android.providers.downloads/cache/metadata-193.htm
07-05 11:54:36.606   545 11011 I DownloadManager: in removeSpuriousFiles, preserving file /data/data/com.android.providers.downloads/cache/metadata-83.htm
07-05 11:54:36.606   545 11011 I DownloadManager: in removeSpuriousFiles, preserving file /data/data/com.android.providers.downloads/cache/metadata-156.htm
07-05 11:54:36.606   545 11011 I DownloadManager: in removeSpuriousFiles, preserving file /data/data/com.android.providers.downloads/cache/metadata-251.htm
07-05 11:54:36.606   545 11011 I DownloadManager: in removeSpuriousFiles, preserving file /data/data/com.android.providers.downloads/cache/metadata-354.htm
07-05 11:54:36.606   545 11011 I DownloadManager: in removeSpuriousFiles, preserving file /data/data/com.android.providers.downloads/cache/metadata-141.htm
07-05 11:54:36.606   545 11011 I DownloadManager: in removeSpuriousFiles, preserving file /data/data/com.android.providers.downloads/cache/metadata-170.htm
07-05 11:54:36.606   545 11011 I DownloadManager: in removeSpuriousFiles, preserving file /data/data/com.android.providers.downloads/cache/metadata-324.htm
07-05 11:54:36.606   545 11011 I DownloadManager: in removeSpuriousFiles, preserving file /data/data/com.android.providers.downloads/cache/metadata-190.htm
07-05 11:54:36.606   545 11011 I DownloadManager: in removeSpuriousFiles, preserving file /data/data/com.android.providers.downloads/cache/metadata-362.htm
07-05 11:54:36.606   545 11011 I DownloadManager: in removeSpuriousFiles, preserving file /data/data/com.android.providers.downloads/cache/metadata-180.htm
07-05 11:54:36.606   545 11011 I DownloadManager: in removeSpuriousFiles, preserving file /data/data/com.android.providers.downloads/cache/metadata-246.htm
07-05 11:54:36.606   545 11011 I DownloadManager: in removeSpuriousFiles, preserving file /data/data/com.android.providers.downloads/cache/metadata-294.htm
07-05 11:54:36.606   545 11011 I DownloadManager: in removeSpuriousFiles, preserving file /data/data/com.android.providers.downloads/cache/metadata-303.htm
07-05 11:54:36.606   545 11011 I DownloadManager: in removeSpuriousFiles, preserving file /data/data/com.android.providers.downloads/cache/metadata-155.htm
07-05 11:54:36.606   545 11011 I DownloadManager: in removeSpuriousFiles, preserving file /data/data/com.android.providers.downloads/cache/metadata-365.htm
07-05 11:54:36.606   545 11011 I DownloadManager: in removeSpuriousFiles, preserving file /data/data/com.android.providers.downloads/cache/metadata-373.htm
07-05 11:54:36.606   545 11011 I DownloadManager: in removeSpuriousFiles, preserving file /data/data/com.android.providers.downloads/cache/metadata-159.htm
07-05 11:54:36.606   545 11011 I DownloadManager: in removeSpuriousFiles, preserving file /data/data/com.android.providers.downloads/cache/metadata-388.htm
07-05 11:54:36.606   545 11011 I DownloadManager: in removeSpuriousFiles, preserving file /data/data/com.android.providers.downloads/cache/metadata-404.htm
07-05 11:54:36.606   545 11011 I DownloadManager: in removeSpuriousFiles, preserving file /data/data/com.android.providers.downloads/cache/metadata-315.htm
07-05 11:54:36.606   545 11011 I DownloadManager: in removeSpuriousFiles, preserving file /data/data/com.android.providers.downloads/cache/metadata-103.htm
07-05 11:54:36.606   545 11011 I DownloadManager: in removeSpuriousFiles, preserving file /data/data/com.android.providers.downloads/cache/metadata-311.htm
07-05 11:54:36.610   545 11011 I DownloadManager: in removeSpuriousFiles, preserving file /data/data/com.android.providers.downloads/cache/metadata-396.htm
07-05 11:54:36.610   545 11011 I DownloadManager: in removeSpuriousFiles, preserving file /data/data/com.android.providers.downloads/cache/metadata-390.htm
07-05 11:54:36.610   545 11011 I DownloadManager: in removeSpuriousFiles, preserving file /data/data/com.android.providers.downloads/cache/metadata-94.htm
07-05 11:54:36.610   545 11011 I DownloadManager: in removeSpuriousFiles, preserving file /data/data/com.android.providers.downloads/cache/metadata-213.htm
07-05 11:54:36.610   545 11011 I DownloadManager: in removeSpuriousFiles, preserving file /data/data/com.android.providers.downloads/cache/metadata-725.htm
07-05 11:54:36.610   545 11011 I DownloadManager: in removeSpuriousFiles, preserving file /data/data/com.android.providers.downloads/cache/metadata-274.htm
07-05 11:54:36.610   545 11011 I DownloadManager: in removeSpuriousFiles, preserving file /data/data/com.android.providers.downloads/cache/metadata-336.htm
07-05 11:54:36.610   545 11011 I DownloadManager: in removeSpuriousFiles, preserving file /data/data/com.android.providers.downloads/cache/metadata-175.htm
07-05 11:54:36.610   545 11011 I DownloadManager: in removeSpuriousFiles, preserving file /data/data/com.android.providers.downloads/cache/metadata-308.htm
07-05 11:54:36.610   545 11011 I DownloadManager: in removeSpuriousFiles, preserving file /data/data/com.android.providers.downloads/cache/metadata-341.htm
07-05 11:54:36.610   545 11011 I DownloadManager: in removeSpuriousFiles, preserving file /data/data/com.android.providers.downloads/cache/metadata-366.htm
07-05 11:54:36.610   545 11011 I DownloadManager: in removeSpuriousFiles, preserving file /data/data/com.android.providers.downloads/cache/metadata-427.htm
07-05 11:54:36.610   545 11011 I DownloadManager: in removeSpuriousFiles, preserving file /data/data/com.android.providers.downloads/cache/metadata-117.htm
07-05 11:54:36.610   545 11011 I DownloadManager: in removeSpuriousFiles, preserving file /data/data/com.android.providers.downloads/cache/metadata-379.htm
07-05 11:54:36.610   545 11011 I DownloadManager: in removeSpuriousFiles, preserving file /data/data/com.android.providers.downloads/cache/metadata-425.htm
07-05 11:54:36.610   545 11011 I DownloadManager: in removeSpuriousFiles, preserving file /data/data/com.android.providers.downloads/cache/metadata-241.htm
07-05 11:54:36.610   545 11011 I DownloadManager: in removeSpuriousFiles, preserving file /data/data/com.android.providers.downloads/cache/metadata-459.htm
07-05 11:54:36.610   545 11011 I DownloadManager: in removeSpuriousFiles, preserving file /data/data/com.android.providers.downloads/cache/metadata-171.htm
07-05 11:54:36.610   545 11011 I DownloadManager: in removeSpuriousFiles, preserving file /data/data/com.android.providers.downloads/cache/metadata-386.htm
07-05 11:54:36.610   545 11011 I DownloadManager: in removeSpuriousFiles, preserving file /data/data/com.android.providers.downloads/cache/metadata-285.htm
07-05 11:54:36.610   545 11011 I DownloadManager: in removeSpuriousFiles, preserving file /data/data/com.android.providers.downloads/cache/metadata-422.htm
07-05 11:54:36.614   545 11011 I DownloadManager: in removeSpuriousFiles, preserving file /data/data/com.android.providers.downloads/cache/metadata-398.htm
07-05 11:54:36.614   545 11011 I DownloadManager: in removeSpuriousFiles, preserving file /data/data/com.android.providers.downloads/cache/metadata-415.htm
07-05 11:54:36.614   545 11011 I DownloadManager: in removeSpuriousFiles, preserving file /data/data/com.android.providers.downloads/cache/metadata-448.htm
07-05 11:54:36.614   545 11011 I DownloadManager: in removeSpuriousFiles, preserving file /data/data/com.android.providers.downloads/cache/metadata-468.htm
07-05 11:54:36.614   545 11011 I DownloadManager: in removeSpuriousFiles, preserving file /data/data/com.android.providers.downloads/cache/metadata-335.htm
07-05 11:54:36.614   545 11011 I DownloadManager: in removeSpuriousFiles, preserving file /data/data/com.android.providers.downloads/cache/metadata-269.htm
07-05 11:54:36.614   545 11011 I DownloadManager: in removeSpuriousFiles, preserving file /data/data/com.android.providers.downloads/cache/metadata-1044.htm
07-05 11:54:36.614   545 11011 I DownloadManager: in removeSpuriousFiles, preserving file /data/data/com.android.providers.downloads/cache/metadata-313.htm
07-05 11:54:36.614   545 11011 I DownloadManager: in removeSpuriousFiles, preserving file /data/data/com.android.providers.downloads/cache/metadata-316.htm
07-05 11:54:36.614   545 11011 I DownloadManager: in removeSpuriousFiles, preserving file /data/data/com.android.providers.downloads/cache/metadata-338.htm
07-05 11:54:36.614   545 11011 I DownloadManager: in removeSpuriousFiles, preserving file /data/data/com.android.providers.downloads/cache/metadata-358.htm
07-05 11:54:36.614   545 11011 I DownloadManager: in removeSpuriousFiles, preserving file /data/data/com.android.providers.downloads/cache/metadata-439.htm
07-05 11:54:36.614   545 11011 I DownloadManager: in removeSpuriousFiles, preserving file /data/data/com.android.providers.downloads/cache/metadata-1291.htm
07-05 11:54:36.614   545 11011 I DownloadManager: in removeSpuriousFiles, preserving file /data/data/com.android.providers.downloads/cache/metadata-342.htm
07-05 11:54:36.614   545 11011 I DownloadManager: in removeSpuriousFiles, preserving file /data/data/com.android.providers.downloads/cache/metadata-296.htm
07-05 11:54:36.614   545 11011 I DownloadManager: in removeSpuriousFiles, preserving file /data/data/com.android.providers.downloads/cache/metadata-297.htm
07-05 11:54:36.614   545 11011 I DownloadManager: in removeSpuriousFiles, preserving file /data/data/com.android.providers.downloads/cache/metadata-223.htm
07-05 11:54:36.614   545 11011 I DownloadManager: in removeSpuriousFiles, preserving file /data/data/com.android.providers.downloads/cache/metadata-348.htm
07-05 11:54:36.618   545 11011 I DownloadManager: in removeSpuriousFiles, preserving file /data/data/com.android.providers.downloads/cache/metadata-184.htm
07-05 11:54:36.618   545 11011 I DownloadManager: in removeSpuriousFiles, preserving file /data/data/com.android.providers.downloads/cache/metadata-346.htm
07-05 11:54:36.618   545 11011 I DownloadManager: in removeSpuriousFiles, preserving file /data/data/com.android.providers.downloads/cache/metadata-462.htm
07-05 11:54:36.618   545 11011 I DownloadManager: in removeSpuriousFiles, preserving file /data/data/com.android.providers.downloads/cache/metadata-255.htm
07-05 11:54:36.618   545 11011 I DownloadManager: in removeSpuriousFiles, preserving file /data/data/com.android.providers.downloads/cache/metadata-283.htm
07-05 11:54:36.618   545 11011 I DownloadManager: in removeSpuriousFiles, preserving file /data/data/com.android.providers.downloads/cache/metadata-417.htm
07-05 11:54:36.618   545 11011 I DownloadManager: in removeSpuriousFiles, preserving file /data/data/com.android.providers.downloads/cache/metadata-461.htm
07-05 11:54:36.618   545 11011 I DownloadManager: in removeSpuriousFiles, preserving file /data/data/com.android.providers.downloads/cache/metadata-467.htm
07-05 11:54:36.618   545 11011 I DownloadManager: in removeSpuriousFiles, preserving file /data/data/com.android.providers.downloads/cache/metadata-430.htm
07-05 11:54:36.618   545 11011 I DownloadManager: in removeSpuriousFiles, preserving file /data/data/com.android.providers.downloads/cache/metadata-424.htm
07-05 11:54:36.618   545 11011 I DownloadManager: in removeSpuriousFiles, preserving file /data/data/com.android.providers.downloads/cache/metadata-350.htm
07-05 11:54:36.618   545 11011 I DownloadManager: in removeSpuriousFiles, preserving file /data/data/com.android.providers.downloads/cache/metadata-369.htm
07-05 11:54:36.618   545 11011 I DownloadManager: in removeSpuriousFiles, preserving file /data/data/com.android.providers.downloads/cache/metadata-410.htm
07-05 11:54:36.618   545 11011 I DownloadManager: in removeSpuriousFiles, preserving file /data/data/com.android.providers.downloads/cache/metadata-486.htm
07-05 11:54:36.618   545 11011 I DownloadManager: in removeSpuriousFiles, preserving file /data/data/com.android.providers.downloads/cache/metadata-347.htm
07-05 11:54:36.618   545 11011 I DownloadManager: in removeSpuriousFiles, preserving file /data/data/com.android.providers.downloads/cache/metadata-831.htm
07-05 11:54:36.618   545 11011 I DownloadManager: in removeSpuriousFiles, preserving file /data/data/com.android.providers.downloads/cache/metadata-400.htm
07-05 11:54:36.618   545 11011 I DownloadManager: in removeSpuriousFiles, preserving file /data/data/com.android.providers.downloads/cache/metadata-457.htm
07-05 11:54:36.618   545 11011 I DownloadManager: in removeSpuriousFiles, preserving file /data/data/com.android.providers.downloads/cache/metadata-544.htm
07-05 11:54:36.622   545 11011 I DownloadManager: in removeSpuriousFiles, preserving file /data/data/com.android.providers.downloads/cache/metadata-380.htm
07-05 11:54:36.622   545 11011 I DownloadManager: in removeSpuriousFiles, preserving file /data/data/com.android.providers.downloads/cache/metadata-471.htm
07-05 11:54:36.622   545 11011 I DownloadManager: in removeSpuriousFiles, preserving file /data/data/com.android.providers.downloads/cache/metadata-428.htm
07-05 11:54:36.622   545 11011 I DownloadManager: in removeSpuriousFiles, preserving file /data/data/com.android.providers.downloads/cache/metadata-583.htm
07-05 11:54:36.622   545 11011 I DownloadManager: in removeSpuriousFiles, preserving file /data/data/com.android.providers.downloads/cache/metadata-460.htm
07-05 11:54:36.622   545 11011 I DownloadManager: in removeSpuriousFiles, preserving file /data/data/com.android.providers.downloads/cache/metadata-500.htm
07-05 11:54:36.622   545 11011 I DownloadManager: in removeSpuriousFiles, preserving file /data/data/com.android.providers.downloads/cache/metadata-507.htm
07-05 11:54:36.622   545 11011 I DownloadManager: in removeSpuriousFiles, preserving file /data/data/com.android.providers.downloads/cache/metadata-480.htm
07-05 11:54:36.622   545 11011 I DownloadManager: in removeSpuriousFiles, preserving file /data/data/com.android.providers.downloads/cache/metadata-298.htm
07-05 11:54:36.622   545 11011 I DownloadManager: in removeSpuriousFiles, preserving file /data/data/com.android.providers.downloads/cache/metadata-1147.htm
07-05 11:54:36.622   545 11011 I DownloadManager: in removeSpuriousFiles, preserving file /data/data/com.android.providers.downloads/cache/metadata-438.htm
07-05 11:54:36.622   545 11011 I DownloadManager: in removeSpuriousFiles, preserving file /data/data/com.android.providers.downloads/cache/metadata-499.htm
07-05 11:54:36.622   545 11011 I DownloadManager: in removeSpuriousFiles, preserving file /data/data/com.android.providers.downloads/cache/metadata-332.htm
07-05 11:54:36.622   545 11011 I DownloadManager: in removeSpuriousFiles, preserving file /data/data/com.android.providers.downloads/cache/metadata-516.htm
07-05 11:54:36.622   545 11011 I DownloadManager: in removeSpuriousFiles, preserving file /data/data/com.android.providers.downloads/cache/metadata-401.htm
07-05 11:54:36.622   545 11011 I DownloadManager: in removeSpuriousFiles, preserving file /data/data/com.android.providers.downloads/cache/metadata-510.htm
07-05 11:54:36.622   545 11011 I DownloadManager: in removeSpuriousFiles, preserving file /data/data/com.android.providers.downloads/cache/metadata-167.htm
07-05 11:54:36.622   545 11011 I DownloadManager: in removeSpuriousFiles, preserving file /data/data/com.android.providers.downloads/cache/metadata-552.htm
07-05 11:54:36.626   545 11011 I DownloadManager: in removeSpuriousFiles, preserving file /data/data/com.android.providers.downloads/cache/metadata-420.htm
07-05 11:54:36.626   545 11011 I DownloadManager: in removeSpuriousFiles, preserving file /data/data/com.android.providers.downloads/cache/metadata-357.htm
07-05 11:54:36.626   545 11011 I DownloadManager: in removeSpuriousFiles, preserving file /data/data/com.android.providers.downloads/cache/metadata-960.htm
07-05 11:54:36.626   545 11011 I DownloadManager: in removeSpuriousFiles, preserving file /data/data/com.android.providers.downloads/cache/metadata-441.htm
07-05 11:54:36.626   545 11011 I DownloadManager: in removeSpuriousFiles, preserving file /data/data/com.android.providers.downloads/cache/metadata-382.htm
07-05 11:54:36.626   545 11011 I DownloadManager: in removeSpuriousFiles, preserving file /data/data/com.android.providers.downloads/cache/metadata-437.htm
07-05 11:54:36.626   545 11011 I DownloadManager: in removeSpuriousFiles, preserving file /data/data/com.android.providers.downloads/cache/metadata-506.htm
07-05 11:54:36.626   545 11011 I DownloadManager: in removeSpuriousFiles, preserving file /data/data/com.android.providers.downloads/cache/metadata-498.htm
07-05 11:54:36.626   545 11011 I DownloadManager: in removeSpuriousFiles, preserving file /data/data/com.android.providers.downloads/cache/metadata-1197.htm
07-05 11:54:36.626   545 11011 I DownloadManager: in removeSpuriousFiles, preserving file /data/data/com.android.providers.downloads/cache/metadata-488.htm
07-05 11:54:36.626   545 11011 I DownloadManager: in removeSpuriousFiles, preserving file /data/data/com.android.providers.downloads/cache/metadata-1306.htm
07-05 11:54:36.626   545 11011 I DownloadManager: in removeSpuriousFiles, preserving file /data/data/com.android.providers.downloads/cache/metadata-414.htm
07-05 11:54:36.626   545 11011 I DownloadManager: in removeSpuriousFiles, preserving file /data/data/com.android.providers.downloads/cache/metadata-343.htm
07-05 11:54:36.626   545 11011 I DownloadManager: in removeSpuriousFiles, preserving file /data/data/com.android.providers.downloads/cache/metadata-351.htm
07-05 11:54:36.626   545 11011 I DownloadManager: in removeSpuriousFiles, preserving file /data/data/com.android.providers.downloads/cache/metadata-301.htm
07-05 11:54:36.626   545 11011 I DownloadManager: in removeSpuriousFiles, preserving file /data/data/com.android.providers.downloads/cache/metadata-275.htm
07-05 11:54:36.626   545 11011 I DownloadManager: in removeSpuriousFiles, preserving file /data/data/com.android.providers.downloads/cache/metadata-293.htm
07-05 11:54:36.626   545 11011 I DownloadManager: in removeSpuriousFiles, preserving file /data/data/com.android.providers.downloads/cache/metadata-450.htm
07-05 11:54:36.626   545 11011 I DownloadManager: in removeSpuriousFiles, preserving file /data/data/com.android.providers.downloads/cache/metadata-96.htm
07-05 11:54:36.626   545 11011 I DownloadManager: in removeSpuriousFiles, preserving file /data/data/com.android.providers.downloads/cache/metadata-385.htm
07-05 11:54:36.630   545 11011 I DownloadManager: in removeSpuriousFiles, preserving file /data/data/com.android.providers.downloads/cache/metadata-225.htm
07-05 11:54:36.630   545 11011 I DownloadManager: in removeSpuriousFiles, preserving file /data/data/com.android.providers.downloads/cache/metadata-66.htm
07-05 11:54:36.630   545 11011 I DownloadManager: in removeSpuriousFiles, preserving file /data/data/com.android.providers.downloads/cache/metadata-276.htm
07-05 11:54:36.630   545 11011 I DownloadManager: in removeSpuriousFiles, preserving file /data/data/com.android.providers.downloads/cache/metadata-325.htm
07-05 11:54:36.630   545 11011 I DownloadManager: in removeSpuriousFiles, preserving file /data/data/com.android.providers.downloads/cache/metadata-271.htm
07-05 11:54:36.630   545 11011 I DownloadManager: in removeSpuriousFiles, preserving file /data/data/com.android.providers.downloads/cache/metadata-405.htm
07-05 11:54:36.630   545 11011 I DownloadManager: in removeSpuriousFiles, preserving file /data/data/com.android.providers.downloads/cache/metadata-421.htm
07-05 11:54:36.630   545 11011 I DownloadManager: in removeSpuriousFiles, preserving file /data/data/com.android.providers.downloads/cache/metadata-102.htm
07-05 11:54:36.630   545 11011 I DownloadManager: in removeSpuriousFiles, preserving file /data/data/com.android.providers.downloads/cache/metadata-399.htm
07-05 11:54:36.630   545 11011 I DownloadManager: in removeSpuriousFiles, preserving file /data/data/com.android.providers.downloads/cache/metadata-109.htm
07-05 11:54:36.630   545 11011 I DownloadManager: in removeSpuriousFiles, preserving file /data/data/com.android.providers.downloads/cache/metadata-179.htm
07-05 11:54:36.630   545 11011 I DownloadManager: in removeSpuriousFiles, preserving file /data/data/com.android.providers.downloads/cache/metadata-186.htm
07-05 11:54:36.630   545 11011 I DownloadManager: in removeSpuriousFiles, preserving file /data/data/com.android.providers.downloads/cache/metadata-333.htm
07-05 11:54:36.630   545 11011 I DownloadManager: in removeSpuriousFiles, preserving file /data/data/com.android.providers.downloads/cache/metadata-144.htm
07-05 11:54:36.630   545 11011 I DownloadManager: in removeSpuriousFiles, preserving file /data/data/com.android.providers.downloads/cache/metadata-389.htm
07-05 11:54:36.630   545 11011 I DownloadManager: in removeSpuriousFiles, preserving file /data/data/com.android.providers.downloads/cache/metadata-250.htm
07-05 11:54:36.630   545 11011 I DownloadManager: in removeSpuriousFiles, preserving file /data/data/com.android.providers.downloads/cache/metadata-1063.htm
07-05 11:54:36.630   545 11011 I DownloadManager: in removeSpuriousFiles, preserving file /data/data/com.android.providers.downloads/cache/metadata-195.htm
07-05 11:54:36.630   545 11011 I DownloadManager: in removeSpuriousFiles, preserving file /data/data/com.android.providers.downloads/cache/metadata-86.htm
07-05 11:54:36.630   545 11011 I DownloadManager: in removeSpuriousFiles, preserving file /data/data/com.android.providers.downloads/cache/metadata-97.htm
07-05 11:54:36.630   545 11011 I DownloadManager: in removeSpuriousFiles, preserving file /data/data/com.android.providers.downloads/cache/metadata-407.htm
07-05 11:54:36.630   545 11011 I DownloadManager: in removeSpuriousFiles, preserving file /data/data/com.android.providers.downloads/cache/metadata-514.htm
07-05 11:54:36.630   545 11011 I DownloadManager: in removeSpuriousFiles, preserving file /data/data/com.android.providers.downloads/cache/metadata-476.htm
07-05 11:54:36.630   545 11011 I DownloadManager: in removeSpuriousFiles, preserving file /data/data/com.android.providers.downloads/cache/metadata-413.htm
07-05 11:54:36.634   545 11011 I DownloadManager: in removeSpuriousFiles, preserving file /data/data/com.android.providers.downloads/cache/metadata-242.htm
07-05 11:54:36.634   545 11011 I DownloadManager: in removeSpuriousFiles, preserving file /data/data/com.android.providers.downloads/cache/metadata-166.htm
07-05 11:54:36.634   545 11011 I DownloadManager: in removeSpuriousFiles, preserving file /data/data/com.android.providers.downloads/cache/metadata-340.htm
07-05 11:54:36.634   545 11011 I DownloadManager: in removeSpuriousFiles, preserving file /data/data/com.android.providers.downloads/cache/metadata-531.htm
07-05 11:54:36.634   545 11011 I DownloadManager: in removeSpuriousFiles, preserving file /data/data/com.android.providers.downloads/cache/metadata-444.htm
07-05 11:54:36.634   545 11011 I DownloadManager: in removeSpuriousFiles, preserving file /data/data/com.android.providers.downloads/cache/metadata-484.htm
07-05 11:54:36.634   545 11011 I DownloadManager: in removeSpuriousFiles, preserving file /data/data/com.android.providers.downloads/cache/metadata-1030.htm
07-05 11:54:36.634   545 11011 I DownloadManager: in removeSpuriousFiles, preserving file /data/data/com.android.providers.downloads/cache/metadata-782.htm
07-05 11:54:36.634   545 11011 I DownloadManager: in removeSpuriousFiles, preserving file /data/data/com.android.providers.downloads/cache/metadata-281.htm
07-05 11:54:36.634   545 11011 I DownloadManager: in removeSpuriousFiles, preserving file /data/data/com.android.providers.downloads/cache/metadata-173.htm
07-05 11:54:36.634   545 11011 I DownloadManager: in removeSpuriousFiles, preserving file /data/data/com.android.providers.downloads/cache/metadata-526.htm
07-05 11:54:36.634   545 11011 I DownloadManager: in removeSpuriousFiles, preserving file /data/data/com.android.providers.downloads/cache/metadata-537.htm
07-05 11:54:36.634   545 11011 I DownloadManager: in removeSpuriousFiles, preserving file /data/data/com.android.providers.downloads/cache/metadata-330.htm
07-05 11:54:36.634   545 11011 I DownloadManager: in removeSpuriousFiles, preserving file /data/data/com.android.providers.downloads/cache/metadata-495.htm
07-05 11:54:36.634   545 11011 I DownloadManager: in removeSpuriousFiles, preserving file /data/data/com.android.providers.downloads/cache/metadata-501.htm
07-05 11:54:36.634   545 11011 I DownloadManager: in removeSpuriousFiles, preserving file /data/data/com.android.providers.downloads/cache/metadata-391.htm
07-05 11:54:36.638   545 11011 I DownloadManager: in removeSpuriousFiles, preserving file /data/data/com.android.providers.downloads/cache/metadata-411.htm
07-05 11:54:36.638   545 11011 I DownloadManager: in removeSpuriousFiles, preserving file /data/data/com.android.providers.downloads/cache/metadata-1343.htm
07-05 11:54:36.638   545 11011 I DownloadManager: in removeSpuriousFiles, preserving file /data/data/com.android.providers.downloads/cache/metadata-493.htm
07-05 11:54:36.638   545 11011 I DownloadManager: in removeSpuriousFiles, preserving file /data/data/com.android.providers.downloads/cache/metadata-518.htm
07-05 11:54:36.638   545 11011 I DownloadManager: in removeSpuriousFiles, preserving file /data/data/com.android.providers.downloads/cache/metadata-265.htm
07-05 11:54:36.638   545 11011 I DownloadManager: in removeSpuriousFiles, preserving file /data/data/com.android.providers.downloads/cache/metadata-815.htm
07-05 11:54:36.638   545 11011 I DownloadManager: in removeSpuriousFiles, preserving file /data/data/com.android.providers.downloads/cache/metadata-106.htm
07-05 11:54:36.638   545 11011 I DownloadManager: in removeSpuriousFiles, preserving file /data/data/com.android.providers.downloads/cache/metadata-485.htm
07-05 11:54:36.638   545 11011 I DownloadManager: in removeSpuriousFiles, preserving file /data/data/com.android.providers.downloads/cache/metadata-263.htm
07-05 11:54:36.638   545 11011 I DownloadManager: in removeSpuriousFiles, preserving file /data/data/com.android.providers.downloads/cache/metadata-408.htm
07-05 11:54:36.638   545 11011 I DownloadManager: in removeSpuriousFiles, preserving file /data/data/com.android.providers.downloads/cache/metadata-458.htm
07-05 11:54:36.638   545 11011 I DownloadManager: in removeSpuriousFiles, preserving file /data/data/com.android.providers.downloads/cache/metadata-970.htm
07-05 11:54:36.638   545 11011 I DownloadManager: in removeSpuriousFiles, preserving file /data/data/com.android.providers.downloads/cache/metadata-530.htm
07-05 11:54:36.638   545 11011 I DownloadManager: in removeSpuriousFiles, preserving file /data/data/com.android.providers.downloads/cache/metadata-917.htm
07-05 11:54:36.638   545 11011 I DownloadManager: in removeSpuriousFiles, preserving file /data/data/com.android.providers.downloads/cache/metadata-469.htm
07-05 11:54:36.638   545 11011 I DownloadManager: in removeSpuriousFiles, preserving file /data/data/com.android.providers.downloads/cache/metadata-564.htm
07-05 11:54:36.638   545 11011 I DownloadManager: in removeSpuriousFiles, preserving file /data/data/com.android.providers.downloads/cache/metadata-492.htm
07-05 11:54:36.638   545 11011 I DownloadManager: in removeSpuriousFiles, preserving file /data/data/com.android.providers.downloads/cache/metadata-1423.htm
07-05 11:54:36.638   545 11011 I DownloadManager: in removeSpuriousFiles, preserving file /data/data/com.android.providers.downloads/cache/metadata-426.htm
07-05 11:54:36.638   545 11011 I DownloadManager: in removeSpuriousFiles, preserving file /data/data/com.android.providers.downloads/cache/metadata-633.htm
07-05 11:54:36.642   545 11011 I DownloadManager: in removeSpuriousFiles, preserving file /data/data/com.android.providers.downloads/cache/metadata-1020.htm
07-05 11:54:36.642   545 11011 I DownloadManager: in removeSpuriousFiles, preserving file /data/data/com.android.providers.downloads/cache/metadata-568.htm
07-05 11:54:36.642   545 11011 I DownloadManager: in removeSpuriousFiles, preserving file /data/data/com.android.providers.downloads/cache/metadata-204.htm
07-05 11:54:36.642   545 11011 I DownloadManager: in removeSpuriousFiles, preserving file /data/data/com.android.providers.downloads/cache/metadata-494.htm
07-05 11:54:36.642   545 11011 I DownloadManager: in removeSpuriousFiles, preserving file /data/data/com.android.providers.downloads/cache/metadata-521.htm
07-05 11:54:36.642   545 11011 I DownloadManager: in removeSpuriousFiles, preserving file /data/data/com.android.providers.downloads/cache/metadata-748.htm
07-05 11:54:36.642   545 11011 I DownloadManager: in removeSpuriousFiles, preserving file /data/data/com.android.providers.downloads/cache/metadata-554.htm
07-05 11:54:36.642   545 11011 I DownloadManager: in removeSpuriousFiles, preserving file /data/data/com.android.providers.downloads/cache/metadata-288.htm
07-05 11:54:36.642   545 11011 I DownloadManager: in removeSpuriousFiles, preserving file /data/data/com.android.providers.downloads/cache/metadata-930.htm
07-05 11:54:36.642   545 11011 I DownloadManager: in removeSpuriousFiles, preserving file /data/data/com.android.providers.downloads/cache/metadata-363.htm
07-05 11:54:36.642   545 11011 I DownloadManager: in removeSpuriousFiles, preserving file /data/data/com.android.providers.downloads/cache/metadata-545.htm
07-05 11:54:36.642   545 11011 I DownloadManager: in removeSpuriousFiles, preserving file /data/data/com.android.providers.downloads/cache/metadata-87.htm
07-05 11:54:36.642   545 11011 I DownloadManager: in removeSpuriousFiles, preserving file /data/data/com.android.providers.downloads/cache/metadata-452.htm
07-05 11:54:36.642   545 11011 I DownloadManager: in removeSpuriousFiles, preserving file /data/data/com.android.providers.downloads/cache/metadata-359.htm
07-05 11:54:36.642   545 11011 I DownloadManager: in removeSpuriousFiles, preserving file /data/data/com.android.providers.downloads/cache/metadata-668.htm
07-05 11:54:36.642   545 11011 I DownloadManager: in removeSpuriousFiles, preserving file /data/data/com.android.providers.downloads/cache/metadata-463.htm
07-05 11:54:36.642   545 11011 I DownloadManager: in removeSpuriousFiles, preserving file /data/data/com.android.providers.downloads/cache/metadata-582.htm
07-05 11:54:36.642   545 11011 I DownloadManager: in removeSpuriousFiles, preserving file /data/data/com.android.providers.downloads/cache/metadata-483.htm
07-05 11:54:36.642   545 11011 I DownloadManager: in removeSpuriousFiles, preserving file /data/data/com.android.providers.downloads/cache/metadata-478.htm
07-05 11:54:36.645   545 11011 I DownloadManager: in removeSpuriousFiles, preserving file /data/data/com.android.providers.downloads/cache/metadata-603.htm
07-05 11:54:36.645   545 11011 I DownloadManager: in removeSpuriousFiles, preserving file /data/data/com.android.providers.downloads/cache/metadata-541.htm
07-05 11:54:36.645   545 11011 I DownloadManager: in removeSpuriousFiles, preserving file /data/data/com.android.providers.downloads/cache/metadata-520.htm
07-05 11:54:36.645   545 11011 I DownloadManager: in removeSpuriousFiles, preserving file /data/data/com.android.providers.downloads/cache/metadata-522.htm
07-05 11:54:36.645   545 11011 I DownloadManager: in removeSpuriousFiles, preserving file /data/data/com.android.providers.downloads/cache/metadata-416.htm
07-05 11:54:36.645   545 11011 I DownloadManager: in removeSpuriousFiles, preserving file /data/data/com.android.providers.downloads/cache/metadata-553.htm
07-05 11:54:36.645   545 11011 I DownloadManager: in removeSpuriousFiles, preserving file /data/data/com.android.providers.downloads/cache/metadata-1032.htm
07-05 11:54:36.645   545 11011 I DownloadManager: in removeSpuriousFiles, preserving file /data/data/com.android.providers.downloads/cache/metadata-431.htm
07-05 11:54:36.645   545 11011 I DownloadManager: in removeSpuriousFiles, preserving file /data/data/com.android.providers.downloads/cache/metadata-1206.htm
07-05 11:54:36.645   545 11011 I DownloadManager: in removeSpuriousFiles, preserving file /data/data/com.android.providers.downloads/cache/metadata-702.htm
07-05 11:54:36.645   545 11011 I DownloadManager: in removeSpuriousFiles, preserving file /data/data/com.android.providers.downloads/cache/metadata-634.htm
07-05 11:54:36.645   545 11011 I DownloadManager: in removeSpuriousFiles, preserving file /data/data/com.android.providers.downloads/cache/metadata-409.htm
07-05 11:54:36.645   545 11011 I DownloadManager: in removeSpuriousFiles, preserving file /data/data/com.android.providers.downloads/cache/metadata-403.htm
07-05 11:54:36.645   545 11011 I DownloadManager: in removeSpuriousFiles, preserving file /data/data/com.android.providers.downloads/cache/metadata-491.htm
07-05 11:54:36.645   545 11011 I DownloadManager: in removeSpuriousFiles, preserving file /data/data/com.android.providers.downloads/cache/metadata-482.htm
07-05 11:54:36.645   545 11011 I DownloadManager: in removeSpuriousFiles, preserving file /data/data/com.android.providers.downloads/cache/metadata-574.htm
07-05 11:54:36.661   545 11011 I DownloadManager: in removeSpuriousFiles, preserving file /data/data/com.android.providers.downloads/cache/metadata-257.htm
07-05 11:54:36.665   545 11011 I DownloadManager: in removeSpuriousFiles, preserving file /data/data/com.android.providers.downloads/cache/metadata-638.htm
07-05 11:54:36.665   545 11011 I DownloadManager: in removeSpuriousFiles, preserving file /data/data/com.android.providers.downloads/cache/metadata-419.htm
07-05 11:54:36.665   545 11011 I DownloadManager: in removeSpuriousFiles, preserving file /data/data/com.android.providers.downloads/cache/metadata-1268.htm
07-05 11:54:36.665   545 11011 I DownloadManager: in removeSpuriousFiles, preserving file /data/data/com.android.providers.downloads/cache/metadata-472.htm
07-05 11:54:36.669   545 11011 I DownloadManager: in removeSpuriousFiles, preserving file /data/data/com.android.providers.downloads/cache/metadata-1043.htm
07-05 11:54:36.669   545 11011 I DownloadManager: in removeSpuriousFiles, preserving file /data/data/com.android.providers.downloads/cache/metadata-669.htm
07-05 11:54:36.669   545 11011 I DownloadManager: in removeSpuriousFiles, preserving file /data/data/com.android.providers.downloads/cache/metadata-1024.htm
07-05 11:54:36.669   545 11011 I DownloadManager: in removeSpuriousFiles, preserving file /data/data/com.android.providers.downloads/cache/metadata-1399.htm
07-05 11:54:36.669   545 11011 I DownloadManager: in removeSpuriousFiles, preserving file /data/data/com.android.providers.downloads/cache/metadata-114.htm
07-05 11:54:36.673   545 11011 I DownloadManager: in removeSpuriousFiles, preserving file /data/data/com.android.providers.downloads/cache/metadata-936.htm
07-05 11:54:36.673   545 11011 I DownloadManager: in removeSpuriousFiles, preserving file /data/data/com.android.providers.downloads/cache/metadata-1245.htm
07-05 11:54:36.673   545 11011 I DownloadManager: in removeSpuriousFiles, preserving file /data/data/com.android.providers.downloads/cache/metadata-560.htm
07-05 11:54:36.673   545 11011 I DownloadManager: in removeSpuriousFiles, preserving file /data/data/com.android.providers.downloads/cache/metadata-549.htm
07-05 11:54:36.673   545 11011 I DownloadManager: in removeSpuriousFiles, preserving file /data/data/com.android.providers.downloads/cache/metadata-744.htm
07-05 11:54:36.673   545 11011 I DownloadManager: in removeSpuriousFiles, preserving file /data/data/com.android.providers.downloads/cache/metadata-543.htm
07-05 11:54:36.673   545 11011 I DownloadManager: in removeSpuriousFiles, preserving file /data/data/com.android.providers.downloads/cache/metadata-1459.htm
07-05 11:54:36.673   545 11011 I DownloadManager: in removeSpuriousFiles, preserving file /data/data/com.android.providers.downloads/cache/metadata-33.htm
07-05 11:54:36.673   545 11011 I DownloadManager: in removeSpuriousFiles, preserving file /data/data/com.android.providers.downloads/cache/metadata-270.htm
07-05 11:54:36.673   545 11011 I DownloadManager: in removeSpuriousFiles, preserving file /data/data/com.android.providers.downloads/cache/metadata-339.htm
07-05 11:54:36.673   545 11011 I DownloadManager: in removeSpuriousFiles, preserving file /data/data/com.android.providers.downloads/cache/metadata-310.htm
07-05 11:54:36.673   545 11011 I DownloadManager: in removeSpuriousFiles, preserving file /data/data/com.android.providers.downloads/cache/metadata-337.htm
07-05 11:54:36.673   545 11011 I DownloadManager: in removeSpuriousFiles, preserving file /data/data/com.android.providers.downloads/cache/metadata-1481.htm
07-05 11:54:36.673   545 11011 I DownloadManager: in removeSpuriousFiles, preserving file /data/data/com.android.providers.downloads/cache/metadata-821.htm
07-05 11:54:36.673   545 11011 I DownloadManager: in removeSpuriousFiles, preserving file /data/data/com.android.providers.downloads/cache/metadata-356.htm
07-05 11:54:36.673   545 11011 I DownloadManager: in removeSpuriousFiles, preserving file /data/data/com.android.providers.downloads/cache/metadata-305.htm
07-05 11:54:36.673   545 11011 I DownloadManager: in removeSpuriousFiles, preserving file /data/data/com.android.providers.downloads/cache/metadata-528.htm
07-05 11:54:36.673   545 11011 I DownloadManager: in removeSpuriousFiles, preserving file /data/data/com.android.providers.downloads/cache/metadata-987.htm
07-05 11:54:36.677   545 11011 I DownloadManager: in removeSpuriousFiles, preserving file /data/data/com.android.providers.downloads/cache/metadata-678.htm
07-05 11:54:36.677   545 11011 I DownloadManager: in removeSpuriousFiles, preserving file /data/data/com.android.providers.downloads/cache/metadata-465.htm
07-05 11:54:36.677   545 11011 I DownloadManager: in removeSpuriousFiles, preserving file /data/data/com.android.providers.downloads/cache/metadata-640.htm
07-05 11:54:36.677   545 11011 I DownloadManager: in removeSpuriousFiles, preserving file /data/data/com.android.providers.downloads/cache/metadata-307.htm
07-05 11:54:36.677   545 11011 I DownloadManager: in removeSpuriousFiles, preserving file /data/data/com.android.providers.downloads/cache/metadata-432.htm
07-05 11:54:36.677   545 11011 I DownloadManager: in removeSpuriousFiles, preserving file /data/data/com.android.providers.downloads/cache/metadata-443.htm
07-05 11:54:36.677   545 11011 I DownloadManager: in removeSpuriousFiles, preserving file /data/data/com.android.providers.downloads/cache/metadata-555.htm
07-05 11:54:36.677   545 11011 I DownloadManager: in removeSpuriousFiles, preserving file /data/data/com.android.providers.downloads/cache/metadata-826.htm
07-05 11:54:36.677   545 11011 I DownloadManager: in removeSpuriousFiles, preserving file /data/data/com.android.providers.downloads/cache/metadata-454.htm
07-05 11:54:36.677   545 11011 I DownloadManager: in removeSpuriousFiles, preserving file /data/data/com.android.providers.downloads/cache/metadata-361.htm
07-05 11:54:36.681   545 11011 I DownloadManager: in removeSpuriousFiles, preserving file /data/data/com.android.providers.downloads/cache/metadata-1186.htm
07-05 11:54:36.681   545 11011 I DownloadManager: in removeSpuriousFiles, preserving file /data/data/com.android.providers.downloads/cache/metadata-565.htm
07-05 11:54:36.681   545 11011 I DownloadManager: in removeSpuriousFiles, preserving file /data/data/com.android.providers.downloads/cache/metadata-449.htm
07-05 11:54:36.681   545 11011 I DownloadManager: in removeSpuriousFiles, preserving file /data/data/com.android.providers.downloads/cache/metadata-577.htm
07-05 11:54:36.681   545 11011 I DownloadManager: in removeSpuriousFiles, preserving file /data/data/com.android.providers.downloads/cache/metadata-378.htm
07-05 11:54:36.681   545 11011 I DownloadManager: in removeSpuriousFiles, preserving file /data/data/com.android.providers.downloads/cache/metadata-559.htm
07-05 11:54:36.681   545 11011 I DownloadManager: in removeSpuriousFiles, preserving file /data/data/com.android.providers.downloads/cache/metadata-562.htm
07-05 11:54:36.681   545 11011 I DownloadManager: in removeSpuriousFiles, preserving file /data/data/com.android.providers.downloads/cache/metadata-1414.htm
07-05 11:54:36.681   545 11011 I DownloadManager: in removeSpuriousFiles, preserving file /data/data/com.android.providers.downloads/cache/metadata-504.htm
07-05 11:54:36.681   545 11011 I DownloadManager: in removeSpuriousFiles, preserving file /data/data/com.android.providers.downloads/cache/metadata-287.htm
07-05 11:54:36.681   545 11011 I DownloadManager: in removeSpuriousFiles, preserving file /data/data/com.android.providers.downloads/cache/metadata-497.htm
07-05 11:54:36.681   545 11011 I DownloadManager: in removeSpuriousFiles, preserving file /data/data/com.android.providers.downloads/cache/metadata-913.htm
07-05 11:54:36.681   545 11011 I DownloadManager: in removeSpuriousFiles, preserving file /data/data/com.android.providers.downloads/cache/metadata-464.htm
07-05 11:54:36.684   545 11011 I DownloadManager: in removeSpuriousFiles, preserving file /data/data/com.android.providers.downloads/cache/metadata-540.htm
07-05 11:54:36.684   545 11011 I DownloadManager: in removeSpuriousFiles, preserving file /data/data/com.android.providers.downloads/cache/metadata-558.htm
07-05 11:54:36.684   545 11011 I DownloadManager: in removeSpuriousFiles, preserving file /data/data/com.android.providers.downloads/cache/metadata-535.htm
07-05 11:54:36.684   545 11011 I DownloadManager: in removeSpuriousFiles, preserving file /data/data/com.android.providers.downloads/cache/metadata-440.htm
07-05 11:54:36.684   545 11011 I DownloadManager: in removeSpuriousFiles, preserving file /data/data/com.android.providers.downloads/cache/metadata-508.htm
07-05 11:54:36.684   545 11011 I DownloadManager: in removeSpuriousFiles, preserving file /data/data/com.android.providers.downloads/cache/metadata-1255.htm
07-05 11:54:36.684   545 11011 I DownloadManager: in removeSpuriousFiles, preserving file /data/data/com.android.providers.downloads/cache/metadata-533.htm
07-05 11:54:36.684   545 11011 I DownloadManager: in removeSpuriousFiles, preserving file /data/data/com.android.providers.downloads/cache/metadata-98.htm
07-05 11:54:36.684   545 11011 I DownloadManager: in removeSpuriousFiles, preserving file /data/data/com.android.providers.downloads/cache/metadata-505.htm
07-05 11:54:36.688   545 11011 I DownloadManager: in removeSpuriousFiles, preserving file /data/data/com.android.providers.downloads/cache/metadata-502.htm
07-05 11:54:36.688   545 11011 I DownloadManager: in removeSpuriousFiles, preserving file /data/data/com.android.providers.downloads/cache/metadata-1087.htm
07-05 11:54:36.688   545 11011 I DownloadManager: in removeSpuriousFiles, preserving file /data/data/com.android.providers.downloads/cache/metadata-434.htm
07-05 11:54:36.688   545 11011 I DownloadManager: in removeSpuriousFiles, preserving file /data/data/com.android.providers.downloads/cache/metadata-616.htm
07-05 11:54:36.688   545 11011 I DownloadManager: in removeSpuriousFiles, preserving file /data/data/com.android.providers.downloads/cache/metadata-608.htm
07-05 11:54:36.688   545 11011 I DownloadManager: in removeSpuriousFiles, preserving file /data/data/com.android.providers.downloads/cache/metadata-641.htm
07-05 11:54:36.688   545 11011 I DownloadManager: in removeSpuriousFiles, preserving file /data/data/com.android.providers.downloads/cache/metadata-238.htm
07-05 11:54:36.688   545 11011 I DownloadManager: in removeSpuriousFiles, preserving file /data/data/com.android.providers.downloads/cache/metadata-523.htm
07-05 11:54:36.688   545 11011 I DownloadManager: in removeSpuriousFiles, preserving file /data/data/com.android.providers.downloads/cache/metadata-487.htm
07-05 11:54:36.688   545 11011 I DownloadManager: in removeSpuriousFiles, preserving file /data/data/com.android.providers.downloads/cache/metadata-235.htm
07-05 11:54:36.688   545 11011 I DownloadManager: in removeSpuriousFiles, preserving file /data/data/com.android.providers.downloads/cache/metadata-99.htm
07-05 11:54:36.688   545 11011 I DownloadManager: in removeSpuriousFiles, preserving file /data/data/com.android.providers.downloads/cache/metadata-1424.htm
07-05 11:54:36.688   545 11011 I DownloadManager: in removeSpuriousFiles, preserving file /data/data/com.android.providers.downloads/cache/metadata-600.htm
07-05 11:54:36.692   545 11011 I DownloadManager: in removeSpuriousFiles, preserving file /data/data/com.android.providers.downloads/cache/metadata-738.htm
07-05 11:54:36.692   545 11011 I DownloadManager: in removeSpuriousFiles, preserving file /data/data/com.android.providers.downloads/cache/metadata-524.htm
07-05 11:54:36.692   545 11011 I DownloadManager: in removeSpuriousFiles, preserving file /data/data/com.android.providers.downloads/cache/metadata-542.htm
07-05 11:54:36.692   545 11011 I DownloadManager: in removeSpuriousFiles, preserving file /data/data/com.android.providers.downloads/cache/metadata-731.htm
07-05 11:54:36.692   545 11011 I DownloadManager: in removeSpuriousFiles, preserving file /data/data/com.android.providers.downloads/cache/metadata-525.htm
07-05 11:54:36.692   545 11011 I DownloadManager: in removeSpuriousFiles, preserving file /data/data/com.android.providers.downloads/cache/metadata-551.htm
07-05 11:54:36.692   545 11011 I DownloadManager: in removeSpuriousFiles, preserving file /data/data/com.android.providers.downloads/cache/metadata-703.htm
07-05 11:54:36.692   545 11011 I DownloadManager: in removeSpuriousFiles, preserving file /data/data/com.android.providers.downloads/cache/metadata-309.htm
07-05 11:54:36.692   545 11011 I DownloadManager: in removeSpuriousFiles, preserving file /data/data/com.android.providers.downloads/cache/metadata-1305.htm
07-05 11:54:36.692   545 11011 I DownloadManager: in removeSpuriousFiles, preserving file /data/data/com.android.providers.downloads/cache/metadata-1304.htm
07-05 11:54:36.692   545 11011 I DownloadManager: in removeSpuriousFiles, preserving file /data/data/com.android.providers.downloads/cache/metadata-1162.htm
07-05 11:54:36.692   545 11011 I DownloadManager: in removeSpuriousFiles, preserving file /data/data/com.android.providers.downloads/cache/metadata-1196.htm
07-05 11:54:36.692   545 11011 I DownloadManager: in removeSpuriousFiles, preserving file /data/data/com.android.providers.downloads/cache/metadata-727.htm
07-05 11:54:36.692   545 11011 I DownloadManager: in removeSpuriousFiles, preserving file /data/data/com.android.providers.downloads/cache/metadata-519.htm
07-05 11:54:36.692   545 11011 I DownloadManager: in removeSpuriousFiles, preserving file /data/data/com.android.providers.downloads/cache/metadata-1413.htm
07-05 11:54:36.692   545 11011 I DownloadManager: in removeSpuriousFiles, preserving file /data/data/com.android.providers.downloads/cache/metadata-622.htm
07-05 11:54:36.696   545 11011 I DownloadManager: in removeSpuriousFiles, preserving file /data/data/com.android.providers.downloads/cache/metadata-1402.htm
07-05 11:54:36.696   545 11011 I DownloadManager: in removeSpuriousFiles, preserving file /data/data/com.android.providers.downloads/cache/metadata-1962.htm
07-05 11:54:36.696   545 11011 I DownloadManager: in removeSpuriousFiles, preserving file /data/data/com.android.providers.downloads/cache/metadata-618.htm
07-05 11:54:36.696   545 11011 I DownloadManager: in removeSpuriousFiles, preserving file /data/data/com.android.providers.downloads/cache/metadata-570.htm
07-05 11:54:36.696   545 11011 I DownloadManager: in removeSpuriousFiles, preserving file /data/data/com.android.providers.downloads/cache/metadata-247.htm
07-05 11:54:36.696   545 11011 I DownloadManager: in removeSpuriousFiles, preserving file /data/data/com.android.providers.downloads/cache/metadata-853.htm
07-05 11:54:36.696   545 11011 I DownloadManager: in removeSpuriousFiles, preserving file /data/data/com.android.providers.downloads/cache/metadata-733.htm
07-05 11:54:36.696   545 11011 I DownloadManager: in removeSpuriousFiles, preserving file /data/data/com.android.providers.downloads/cache/metadata-1140.htm
07-05 11:54:36.696   545 11011 I DownloadManager: in removeSpuriousFiles, preserving file /data/data/com.android.providers.downloads/cache/metadata-572.htm
07-05 11:54:36.700   545 11011 I DownloadManager: in removeSpuriousFiles, preserving file /data/data/com.android.providers.downloads/cache/metadata-1120.htm
07-05 11:54:36.700   545 11011 I DownloadManager: in removeSpuriousFiles, preserving file /data/data/com.android.providers.downloads/cache/metadata-1338.htm
07-05 11:54:36.700   545 11011 I DownloadManager: in removeSpuriousFiles, preserving file /data/data/com.android.providers.downloads/cache/metadata-1244.htm
07-05 11:54:36.700   545 11011 I DownloadManager: in removeSpuriousFiles, preserving file /data/data/com.android.providers.downloads/cache/metadata-646.htm
07-05 11:54:36.700   545 11011 I DownloadManager: in removeSpuriousFiles, preserving file /data/data/com.android.providers.downloads/cache/metadata-1080.htm
07-05 11:54:36.700   545 11011 I DownloadManager: in removeSpuriousFiles, preserving file /data/data/com.android.providers.downloads/cache/metadata-1208.htm
07-05 11:54:36.704   545 11011 I DownloadManager: in removeSpuriousFiles, preserving file /data/data/com.android.providers.downloads/cache/metadata-596.htm
07-05 11:54:36.704   545 11011 I DownloadManager: in removeSpuriousFiles, preserving file /data/data/com.android.providers.downloads/cache/metadata-823.htm
07-05 11:54:36.704   545 11011 I DownloadManager: in removeSpuriousFiles, preserving file /data/data/com.android.providers.downloads/cache/metadata-660.htm
07-05 11:54:36.704   545 11011 I DownloadManager: in removeSpuriousFiles, preserving file /data/data/com.android.providers.downloads/cache/metadata-1276.htm
07-05 11:54:36.704   545 11011 I DownloadManager: in removeSpuriousFiles, preserving file /data/data/com.android.providers.downloads/cache/metadata-470.htm
07-05 11:54:36.704   545 11011 I DownloadManager: in removeSpuriousFiles, preserving file /data/data/com.android.providers.downloads/cache/metadata-601.htm
07-05 11:54:36.704   545 11011 I DownloadManager: in removeSpuriousFiles, preserving file /data/data/com.android.providers.downloads/cache/metadata-635.htm
07-05 11:54:36.704   545 11011 I DownloadManager: in removeSpuriousFiles, preserving file /data/data/com.android.providers.downloads/cache/metadata-993.htm
07-05 11:54:36.704   545 11011 I DownloadManager: in removeSpuriousFiles, preserving file /data/data/com.android.providers.downloads/cache/metadata-916.htm
07-05 11:54:36.704   545 11011 I DownloadManager: in removeSpuriousFiles, preserving file /data/data/com.android.providers.downloads/cache/metadata-1433.htm
07-05 11:54:36.704   545 11011 I DownloadManager: in removeSpuriousFiles, preserving file /data/data/com.android.providers.downloads/cache/metadata-1055.htm
07-05 11:54:36.704   545 11011 I DownloadManager: in removeSpuriousFiles, preserving file /data/data/com.android.providers.downloads/cache/metadata-898.htm
07-05 11:54:36.704   545 11011 I DownloadManager: in removeSpuriousFiles, preserving file /data/data/com.android.providers.downloads/cache/metadata-674.htm
07-05 11:54:36.708   545 11011 I DownloadManager: in removeSpuriousFiles, preserving file /data/data/com.android.providers.downloads/cache/metadata-1113.htm
07-05 11:54:36.708   545 11011 I DownloadManager: in removeSpuriousFiles, preserving file /data/data/com.android.providers.downloads/cache/metadata-1168.htm
07-05 11:54:36.708   545 11011 I DownloadManager: in removeSpuriousFiles, preserving file /data/data/com.android.providers.downloads/cache/metadata-1333.htm
07-05 11:54:36.708   545 11011 I DownloadManager: in removeSpuriousFiles, preserving file /data/data/com.android.providers.downloads/cache/metadata-1184.htm
07-05 11:54:36.708   545 11011 I DownloadManager: in removeSpuriousFiles, preserving file /data/data/com.android.providers.downloads/cache/metadata-611.htm
07-05 11:54:36.708   545 11011 I DownloadManager: in removeSpuriousFiles, preserving file /data/data/com.android.providers.downloads/cache/metadata-875.htm
07-05 11:54:36.712   545 11011 I DownloadManager: in removeSpuriousFiles, preserving file /data/data/com.android.providers.downloads/cache/metadata-585.htm
07-05 11:54:36.712   545 11011 I DownloadManager: in removeSpuriousFiles, preserving file /data/data/com.android.providers.downloads/cache/metadata-1334.htm
07-05 11:54:36.712   545 11011 I DownloadManager: in removeSpuriousFiles, preserving file /data/data/com.android.providers.downloads/cache/metadata-455.htm
07-05 11:54:36.712   545 11011 I DownloadManager: in removeSpuriousFiles, preserving file /data/data/com.android.providers.downloads/cache/metadata-592.htm
07-05 11:54:36.712   545 11011 I DownloadManager: in removeSpuriousFiles, preserving file /data/data/com.android.providers.downloads/cache/metadata-1675.htm
07-05 11:54:36.712   545 11011 I DownloadManager: in removeSpuriousFiles, preserving file /data/data/com.android.providers.downloads/cache/metadata-557.htm
07-05 11:54:36.712   545 11011 I DownloadManager: in removeSpuriousFiles, preserving file /data/data/com.android.providers.downloads/cache/metadata-1619.htm
07-05 11:54:36.712   545 11011 I DownloadManager: in removeSpuriousFiles, preserving file /data/data/com.android.providers.downloads/cache/metadata-1590.htm
07-05 11:54:36.712   545 11011 I DownloadManager: in removeSpuriousFiles, preserving file /data/data/com.android.providers.downloads/cache/metadata-838.htm
07-05 11:54:36.712   545 11011 I DownloadManager: in removeSpuriousFiles, preserving file /data/data/com.android.providers.downloads/cache/metadata-429.htm
07-05 11:54:36.712   545 11011 I DownloadManager: in removeSpuriousFiles, preserving file /data/data/com.android.providers.downloads/cache/metadata-1144.htm
07-05 11:54:36.712   545 11011 I DownloadManager: in removeSpuriousFiles, preserving file /data/data/com.android.providers.downloads/cache/metadata-670.htm
07-05 11:54:36.712   545 11011 I DownloadManager: in removeSpuriousFiles, preserving file /data/data/com.android.providers.downloads/cache/metadata-1104.htm
07-05 11:54:36.712   545 11011 I DownloadManager: in removeSpuriousFiles, preserving file /data/data/com.android.providers.downloads/cache/metadata-561.htm
07-05 11:54:36.712   545 11011 I DownloadManager: in removeSpuriousFiles, preserving file /data/data/com.android.providers.downloads/cache/metadata-689.htm
07-05 11:54:36.712   545 11011 I DownloadManager: in removeSpuriousFiles, preserving file /data/data/com.android.providers.downloads/cache/metadata-612.htm
07-05 11:54:36.712   545 11011 I DownloadManager: in removeSpuriousFiles, preserving file /data/data/com.android.providers.downloads/cache/metadata-1093.htm
07-05 11:54:36.716   545 11011 I DownloadManager: in removeSpuriousFiles, preserving file /data/data/com.android.providers.downloads/cache/metadata-1155.htm
07-05 11:54:36.716   545 11011 I DownloadManager: in removeSpuriousFiles, preserving file /data/data/com.android.providers.downloads/cache/metadata-272.htm
07-05 11:54:36.716   545 11011 I DownloadManager: in removeSpuriousFiles, preserving file /data/data/com.android.providers.downloads/cache/metadata-129.htm
07-05 11:54:36.716   545 11011 I DownloadManager: in removeSpuriousFiles, preserving file /data/data/com.android.providers.downloads/cache/metadata-456.htm
07-05 11:54:36.716   545 11011 I DownloadManager: in removeSpuriousFiles, preserving file /data/data/com.android.providers.downloads/cache/metadata-1261.htm
07-05 11:54:36.720   545 11011 I DownloadManager: in removeSpuriousFiles, preserving file /data/data/com.android.providers.downloads/cache/metadata-503.htm
07-05 11:54:36.720   545 11011 I DownloadManager: in removeSpuriousFiles, preserving file /data/data/com.android.providers.downloads/cache/metadata-1058.htm
07-05 11:54:36.720   545 11011 I DownloadManager: in removeSpuriousFiles, preserving file /data/data/com.android.providers.downloads/cache/metadata-590.htm
07-05 11:54:36.720   545 11011 I DownloadManager: in removeSpuriousFiles, preserving file /data/data/com.android.providers.downloads/cache/metadata-451.htm
07-05 11:54:36.720   545 11011 I DownloadManager: in removeSpuriousFiles, preserving file /data/data/com.android.providers.downloads/cache/metadata-576.htm
07-05 11:54:36.720   545 11011 I DownloadManager: in removeSpuriousFiles, preserving file /data/data/com.android.providers.downloads/cache/metadata-1380.htm
07-05 11:54:36.720   545 11011 I DownloadManager: in removeSpuriousFiles, preserving file /data/data/com.android.providers.downloads/cache/metadata-1296.htm
07-05 11:54:36.720   545 11011 I DownloadManager: in removeSpuriousFiles, preserving file /data/data/com.android.providers.downloads/cache/metadata-1071.htm
07-05 11:54:36.720   545 11011 I DownloadManager: in removeSpuriousFiles, preserving file /data/data/com.android.providers.downloads/cache/metadata-475.htm
07-05 11:54:36.720   545 11011 I DownloadManager: in removeSpuriousFiles, preserving file /data/data/com.android.providers.downloads/cache/metadata-710.htm
07-05 11:54:36.720   545 11011 I DownloadManager: in removeSpuriousFiles, preserving file /data/data/com.android.providers.downloads/cache/metadata-548.htm
07-05 11:54:36.720   545 11011 I DownloadManager: in removeSpuriousFiles, preserving file /data/data/com.android.providers.downloads/cache/metadata-676.htm
07-05 11:54:36.720   545 11011 I DownloadManager: in removeSpuriousFiles, preserving file /data/data/com.android.providers.downloads/cache/metadata-546.htm
07-05 11:54:36.720   545 11011 I DownloadManager: in removeSpuriousFiles, preserving file /data/data/com.android.providers.downloads/cache/metadata-940.htm
07-05 11:54:36.720   545 11011 I DownloadManager: in removeSpuriousFiles, preserving file /data/data/com.android.providers.downloads/cache/metadata-810.htm
07-05 11:54:36.720   545 11011 I DownloadManager: in removeSpuriousFiles, preserving file /data/data/com.android.providers.downloads/cache/metadata-871.htm
07-05 11:54:36.720   545 11011 I DownloadManager: in removeSpuriousFiles, preserving file /data/data/com.android.providers.downloads/cache/metadata-423.htm
07-05 11:54:36.720   545 11011 I DownloadManager: in removeSpuriousFiles, preserving file /data/data/com.android.providers.downloads/cache/metadata-496.htm
07-05 11:54:36.720   545 11011 I DownloadManager: in removeSpuriousFiles, preserving file /data/data/com.android.providers.downloads/cache/metadata-453.htm
07-05 11:54:36.724   545   548 D dalvikvm: GC_CONCURRENT freed 624K, 9% free 10749K/11719K, paused 2ms+3ms
07-05 11:54:36.724   545 11011 I DownloadManager: in removeSpuriousFiles, preserving file /data/data/com.android.providers.downloads/cache/metadata-318.htm
07-05 11:54:36.724   545 11011 I DownloadManager: in removeSpuriousFiles, preserving file /data/data/com.android.providers.downloads/cache/metadata-377.htm
07-05 11:54:36.724   545 11011 I DownloadManager: in removeSpuriousFiles, preserving file /data/data/com.android.providers.downloads/cache/metadata-1228.htm
07-05 11:54:36.724   545 11011 I DownloadManager: in removeSpuriousFiles, preserving file /data/data/com.android.providers.downloads/cache/metadata-539.htm
07-05 11:54:36.724   545 11011 I DownloadManager: in removeSpuriousFiles, preserving file /data/data/com.android.providers.downloads/cache/metadata-1451.htm
07-05 11:54:36.724   545 11011 I DownloadManager: in removeSpuriousFiles, preserving file /data/data/com.android.providers.downloads/cache/metadata-839.htm
07-05 11:54:36.724   545 11011 I DownloadManager: in removeSpuriousFiles, preserving file /data/data/com.android.providers.downloads/cache/metadata-707.htm
07-05 11:54:36.724   545 11011 I DownloadManager: in removeSpuriousFiles, preserving file /data/data/com.android.providers.downloads/cache/metadata-433.htm
07-05 11:54:36.724   545 11011 I DownloadManager: in removeSpuriousFiles, preserving file /data/data/com.android.providers.downloads/cache/metadata-258.htm
07-05 11:54:36.724   545 11011 I DownloadManager: in removeSpuriousFiles, preserving file /data/data/com.android.providers.downloads/cache/metadata-538.htm
07-05 11:54:36.724   545 11011 I DownloadManager: in removeSpuriousFiles, preserving file /data/data/com.android.providers.downloads/cache/metadata-807.htm
07-05 11:54:36.724   545 11011 I DownloadManager: in removeSpuriousFiles, preserving file /data/data/com.android.providers.downloads/cache/metadata-321.htm
07-05 11:54:36.724   545 11011 I DownloadManager: in removeSpuriousFiles, preserving file /data/data/com.android.providers.downloads/cache/metadata-1188.htm
07-05 11:54:36.724   545 11011 I DownloadManager: in removeSpuriousFiles, preserving file /data/data/com.android.providers.downloads/cache/metadata-1006.htm
07-05 11:54:36.724   545 11011 I DownloadManager: in removeSpuriousFiles, preserving file /data/data/com.android.providers.downloads/cache/metadata-636.htm
07-05 11:54:36.724   545 11011 I DownloadManager: in removeSpuriousFiles, preserving file /data/data/com.android.providers.downloads/cache/metadata-877.htm
07-05 11:54:36.727   545 11011 I DownloadManager: in removeSpuriousFiles, preserving file /data/data/com.android.providers.downloads/cache/metadata-1049.htm
07-05 11:54:36.727   545 11011 I DownloadManager: in removeSpuriousFiles, preserving file /data/data/com.android.providers.downloads/cache/metadata-1258.htm
07-05 11:54:36.727   545 11011 I DownloadManager: in removeSpuriousFiles, preserving file /data/data/com.android.providers.downloads/cache/metadata-2072.htm
07-05 11:54:36.727   545 11011 I DownloadManager: in removeSpuriousFiles, preserving file /data/data/com.android.providers.downloads/cache/metadata-1089.htm
07-05 11:54:36.727   545 11011 I DownloadManager: in removeSpuriousFiles, preserving file /data/data/com.android.providers.downloads/cache/metadata-1470.htm
07-05 11:54:36.727   545 11011 I DownloadManager: in removeSpuriousFiles, preserving file /data/data/com.android.providers.downloads/cache/metadata-786.htm
07-05 11:54:36.727   545 11011 I DownloadManager: in removeSpuriousFiles, preserving file /data/data/com.android.providers.downloads/cache/metadata-662.htm
07-05 11:54:36.727   545 11011 I DownloadManager: in removeSpuriousFiles, preserving file /data/data/com.android.providers.downloads/cache/metadata-1035.htm
07-05 11:54:36.735   545 11011 I DownloadManager: in removeSpuriousFiles, preserving file /data/data/com.android.providers.downloads/cache/metadata-371.htm
07-05 11:54:36.735   545 11011 I DownloadManager: in removeSpuriousFiles, preserving file /data/data/com.android.providers.downloads/cache/metadata-649.htm
07-05 11:54:36.735   545 11011 I DownloadManager: in removeSpuriousFiles, preserving file /data/data/com.android.providers.downloads/cache/metadata-1248.htm
07-05 11:54:36.735   545 11011 I DownloadManager: in removeSpuriousFiles, preserving file /data/data/com.android.providers.downloads/cache/metadata-589.htm
07-05 11:54:36.735   545 11011 I DownloadManager: in removeSpuriousFiles, preserving file /data/data/com.android.providers.downloads/cache/metadata-532.htm
07-05 11:54:36.735   545 11011 I DownloadManager: in removeSpuriousFiles, preserving file /data/data/com.android.providers.downloads/cache/metadata-376.htm
07-05 11:54:36.735   545 11011 I DownloadManager: in removeSpuriousFiles, preserving file /data/data/com.android.providers.downloads/cache/metadata-352.htm
07-05 11:54:36.735   545 11011 I DownloadManager: in removeSpuriousFiles, preserving file /data/data/com.android.providers.downloads/cache/metadata-1235.htm
07-05 11:54:36.735   545 11011 I DownloadManager: in removeSpuriousFiles, preserving file /data/data/com.android.providers.downloads/cache/metadata-490.htm
07-05 11:54:36.735   545 11011 I DownloadManager: in removeSpuriousFiles, preserving file /data/data/com.android.providers.downloads/cache/metadata-1158.htm
07-05 11:54:36.735   545 11011 I DownloadManager: in removeSpuriousFiles, preserving file /data/data/com.android.providers.downloads/cache/metadata-1454.htm
07-05 11:54:36.739   545 11011 I DownloadManager: in removeSpuriousFiles, preserving file /data/data/com.android.providers.downloads/cache/metadata-591.htm
07-05 11:54:36.739   545 11011 I DownloadManager: in removeSpuriousFiles, preserving file /data/data/com.android.providers.downloads/cache/metadata-1047.htm
07-05 11:54:36.739   545 11011 I DownloadManager: in removeSpuriousFiles, preserving file /data/data/com.android.providers.downloads/cache/metadata-1461.htm
07-05 11:54:36.739   545 11011 I DownloadManager: in removeSpuriousFiles, preserving file /data/data/com.android.providers.downloads/cache/metadata-1115.htm
07-05 11:54:36.739   545 11011 I DownloadManager: in removeSpuriousFiles, preserving file /data/data/com.android.providers.downloads/cache/metadata-1537.htm
07-05 11:54:36.739   545 11011 I DownloadManager: in removeSpuriousFiles, preserving file /data/data/com.android.providers.downloads/cache/metadata-985.htm
07-05 11:54:36.739   545 11011 I DownloadManager: in removeSpuriousFiles, preserving file /data/data/com.android.providers.downloads/cache/metadata-621.htm
07-05 11:54:36.739   545 11011 I DownloadManager: in removeSpuriousFiles, preserving file /data/data/com.android.providers.downloads/cache/metadata-290.htm
07-05 11:54:36.739   545 11011 I DownloadManager: in removeSpuriousFiles, preserving file /data/data/com.android.providers.downloads/cache/metadata-1431.htm
07-05 11:54:36.739   545 11011 I DownloadManager: in removeSpuriousFiles, preserving file /data/data/com.android.providers.downloads/cache/metadata-700.htm
07-05 11:54:36.739   545 11011 I DownloadManager: in removeSpuriousFiles, preserving file /data/data/com.android.providers.downloads/cache/metadata-610.htm
07-05 11:54:36.739   545 11011 I DownloadManager: in removeSpuriousFiles, preserving file /data/data/com.android.providers.downloads/cache/metadata-1127.htm
07-05 11:54:36.739   545 11011 I DownloadManager: in removeSpuriousFiles, preserving file /data/data/com.android.providers.downloads/cache/metadata-1673.htm
07-05 11:54:36.739   545 11011 I DownloadManager: in removeSpuriousFiles, preserving file /data/data/com.android.providers.downloads/cache/metadata-1160.htm
07-05 11:54:36.739   545 11011 I DownloadManager: in removeSpuriousFiles, preserving file /data/data/com.android.providers.downloads/cache/metadata-536.htm
07-05 11:54:36.739   545 11011 I DownloadManager: in removeSpuriousFiles, preserving file /data/data/com.android.providers.downloads/cache/metadata-566.htm
07-05 11:54:36.739   545 11011 I DownloadManager: in removeSpuriousFiles, preserving file /data/data/com.android.providers.downloads/cache/metadata-986.htm
07-05 11:54:36.739   545 11011 I DownloadManager: in removeSpuriousFiles, preserving file /data/data/com.android.providers.downloads/cache/metadata-1141.htm
07-05 11:54:36.739   545 11011 I DownloadManager: in removeSpuriousFiles, preserving file /data/data/com.android.providers.downloads/cache/metadata-899.htm
07-05 11:54:36.739   545 11011 I DownloadManager: in removeSpuriousFiles, preserving file /data/data/com.android.providers.downloads/cache/metadata-1301.htm
07-05 11:54:36.743   545 11011 I DownloadManager: in removeSpuriousFiles, preserving file /data/data/com.android.providers.downloads/cache/metadata-1081.htm
07-05 11:54:36.743   545 11011 I DownloadManager: in removeSpuriousFiles, preserving file /data/data/com.android.providers.downloads/cache/metadata-1004.htm
07-05 11:54:36.743   545 11011 I DownloadManager: in removeSpuriousFiles, preserving file /data/data/com.android.providers.downloads/cache/metadata-479.htm
07-05 11:54:36.743   545 11011 I DownloadManager: in removeSpuriousFiles, preserving file /data/data/com.android.providers.downloads/cache/metadata-937.htm
07-05 11:54:36.743   545 11011 I DownloadManager: in removeSpuriousFiles, preserving file /data/data/com.android.providers.downloads/cache/metadata-1347.htm
07-05 11:54:36.743   545 11011 I DownloadManager: in removeSpuriousFiles, preserving file /data/data/com.android.providers.downloads/cache/metadata-829.htm
07-05 11:54:36.743   545 11011 I DownloadManager: in removeSpuriousFiles, preserving file /data/data/com.android.providers.downloads/cache/metadata-529.htm
07-05 11:54:36.743   545 11011 I DownloadManager: in removeSpuriousFiles, preserving file /data/data/com.android.providers.downloads/cache/metadata-512.htm
07-05 11:54:36.747   545 11011 I DownloadManager: in removeSpuriousFiles, preserving file /data/data/com.android.providers.downloads/cache/metadata-1342.htm
07-05 11:54:36.747   545 11011 I DownloadManager: in removeSpuriousFiles, preserving file /data/data/com.android.providers.downloads/cache/metadata-969.htm
07-05 11:54:36.747   545 11011 I DownloadManager: in removeSpuriousFiles, preserving file /data/data/com.android.providers.downloads/cache/metadata-606.htm
07-05 11:54:36.747   545 11011 I DownloadManager: in removeSpuriousFiles, preserving file /data/data/com.android.providers.downloads/cache/metadata-1011.htm
07-05 11:54:36.747   545 11011 I DownloadManager: in removeSpuriousFiles, preserving file /data/data/com.android.providers.downloads/cache/metadata-1143.htm
07-05 11:54:36.747   545 11011 I DownloadManager: in removeSpuriousFiles, preserving file /data/data/com.android.providers.downloads/cache/metadata-1034.htm
07-05 11:54:36.747   545 11011 I DownloadManager: in removeSpuriousFiles, preserving file /data/data/com.android.providers.downloads/cache/metadata-1626.htm
07-05 11:54:36.747   545 11011 I DownloadManager: in removeSpuriousFiles, preserving file /data/data/com.android.providers.downloads/cache/metadata-1015.htm
07-05 11:54:36.747   545 11011 I DownloadManager: in removeSpuriousFiles, preserving file /data/data/com.android.providers.downloads/cache/metadata-597.htm
07-05 11:54:36.747   545 11011 I DownloadManager: in removeSpuriousFiles, preserving file /data/data/com.android.providers.downloads/cache/metadata-766.htm
07-05 11:54:36.747   545 11011 I DownloadManager: in removeSpuriousFiles, preserving file /data/data/com.android.providers.downloads/cache/metadata-625.htm
07-05 11:54:36.747   545 11011 I DownloadManager: in removeSpuriousFiles, preserving file /data/data/com.android.providers.downloads/cache/metadata-755.htm
07-05 11:54:36.747   545 11011 I DownloadManager: in removeSpuriousFiles, preserving file /data/data/com.android.providers.downloads/cache/metadata-756.htm
07-05 11:54:36.747   545 11011 I DownloadManager: in removeSpuriousFiles, preserving file /data/data/com.android.providers.downloads/cache/metadata-1207.htm
07-05 11:54:36.747   545 11011 I DownloadManager: in removeSpuriousFiles, preserving file /data/data/com.android.providers.downloads/cache/metadata-598.htm
07-05 11:54:36.747   545 11011 I DownloadManager: in removeSpuriousFiles, preserving file /data/data/com.android.providers.downloads/cache/metadata-1203.htm
07-05 11:54:36.747   545 11011 I DownloadManager: in removeSpuriousFiles, preserving file /data/data/com.android.providers.downloads/cache/metadata-787.htm
07-05 11:54:36.747   545 11011 I DownloadManager: in removeSpuriousFiles, preserving file /data/data/com.android.providers.downloads/cache/metadata-1425.htm
07-05 11:54:36.747   545 11011 I DownloadManager: in removeSpuriousFiles, preserving file /data/data/com.android.providers.downloads/cache/metadata-1491.htm
07-05 11:54:36.751   545 11011 I DownloadManager: in removeSpuriousFiles, preserving file /data/data/com.android.providers.downloads/cache/metadata-742.htm
07-05 11:54:36.751   545 11011 I DownloadManager: in removeSpuriousFiles, preserving file /data/data/com.android.providers.downloads/cache/metadata-573.htm
07-05 11:54:36.751   545 11011 I DownloadManager: in removeSpuriousFiles, preserving file /data/data/com.android.providers.downloads/cache/metadata-647.htm
07-05 11:54:36.751   545 11011 I DownloadManager: in removeSpuriousFiles, preserving file /data/data/com.android.providers.downloads/cache/metadata-739.htm
07-05 11:54:36.751   545 11011 I DownloadManager: in removeSpuriousFiles, preserving file /data/data/com.android.providers.downloads/cache/metadata-1484.htm
07-05 11:54:36.751   545 11011 I DownloadManager: in removeSpuriousFiles, preserving file /data/data/com.android.providers.downloads/cache/metadata-1124.htm
07-05 11:54:36.751   545 11011 I DownloadManager: in removeSpuriousFiles, preserving file /data/data/com.android.providers.downloads/cache/metadata-1129.htm
07-05 11:54:36.751   545 11011 I DownloadManager: in removeSpuriousFiles, preserving file /data/data/com.android.providers.downloads/cache/metadata-644.htm
07-05 11:54:36.751   545 11011 I DownloadManager: in removeSpuriousFiles, preserving file /data/data/com.android.providers.downloads/cache/metadata-942.htm
07-05 11:54:36.751   545 11011 I DownloadManager: in removeSpuriousFiles, preserving file /data/data/com.android.providers.downloads/cache/metadata-868.htm
07-05 11:54:36.751   545 11011 I DownloadManager: in removeSpuriousFiles, preserving file /data/data/com.android.providers.downloads/cache/metadata-1308.htm
07-05 11:54:36.751   545 11011 I DownloadManager: in removeSpuriousFiles, preserving file /data/data/com.android.providers.downloads/cache/metadata-997.htm
07-05 11:54:36.751   545 11011 I DownloadManager: in removeSpuriousFiles, preserving file /data/data/com.android.providers.downloads/cache/metadata-1027.htm
07-05 11:54:36.751   545 11011 I DownloadManager: in removeSpuriousFiles, preserving file /data/data/com.android.providers.downloads/cache/metadata-1732.htm
07-05 11:54:36.751   545 11011 I DownloadManager: in removeSpuriousFiles, preserving file /data/data/com.android.providers.downloads/cache/metadata-1112.htm
07-05 11:54:36.751   545 11011 I DownloadManager: in removeSpuriousFiles, preserving file /data/data/com.android.providers.downloads/cache/metadata-605.htm
07-05 11:54:36.751   545 11011 I DownloadManager: in removeSpuriousFiles, preserving file /data/data/com.android.providers.downloads/cache/metadata-1128.htm
07-05 11:54:36.751   545 11011 I DownloadManager: in removeSpuriousFiles, preserving file /data/data/com.android.providers.downloads/cache/metadata-1069.htm
07-05 11:54:36.755   545 11011 I DownloadManager: in removeSpuriousFiles, preserving file /data/data/com.android.providers.downloads/cache/metadata-1340.htm
07-05 11:54:36.755   545 11011 I DownloadManager: in removeSpuriousFiles, preserving file /data/data/com.android.providers.downloads/cache/metadata-1988.htm
07-05 11:54:36.755   545 11011 I DownloadManager: in removeSpuriousFiles, preserving file /data/data/com.android.providers.downloads/cache/metadata-1326.htm
07-05 11:54:36.755   545 11011 I DownloadManager: in removeSpuriousFiles, preserving file /data/data/com.android.providers.downloads/cache/metadata-299.htm
07-05 11:54:36.755   545 11011 I DownloadManager: in removeSpuriousFiles, preserving file /data/data/com.android.providers.downloads/cache/metadata-1254.htm
07-05 11:54:36.755   545 11011 I DownloadManager: in removeSpuriousFiles, preserving file /data/data/com.android.providers.downloads/cache/metadata-517.htm
07-05 11:54:36.755   545 11011 I DownloadManager: in removeSpuriousFiles, preserving file /data/data/com.android.providers.downloads/cache/metadata-1384.htm
07-05 11:54:36.755   545 11011 I DownloadManager: in removeSpuriousFiles, preserving file /data/data/com.android.providers.downloads/cache/metadata-1339.htm
07-05 11:54:36.755   545 11011 I DownloadManager: in removeSpuriousFiles, preserving file /data/data/com.android.providers.downloads/cache/metadata-69.htm
07-05 11:54:36.755   545 11011 I DownloadManager: in removeSpuriousFiles, preserving file /data/data/com.android.providers.downloads/cache/metadata-1377.htm
07-05 11:54:36.755   545 11011 I DownloadManager: in removeSpuriousFiles, preserving file /data/data/com.android.providers.downloads/cache/metadata-402.htm
07-05 11:54:36.755   545 11011 I DownloadManager: in removeSpuriousFiles, preserving file /data/data/com.android.providers.downloads/cache/metadata-594.htm
07-05 11:54:36.755   545 11011 I DownloadManager: in removeSpuriousFiles, preserving file /data/data/com.android.providers.downloads/cache/metadata-784.htm
07-05 11:54:36.755   545 11011 I DownloadManager: in removeSpuriousFiles, preserving file /data/data/com.android.providers.downloads/cache/metadata-1070.htm
07-05 11:54:36.755   545 11011 I DownloadManager: in removeSpuriousFiles, preserving file /data/data/com.android.providers.downloads/cache/metadata-1332.htm
07-05 11:54:36.755   545 11011 I DownloadManager: in removeSpuriousFiles, preserving file /data/data/com.android.providers.downloads/cache/metadata-1126.htm
07-05 11:54:36.755   545 11011 I DownloadManager: in removeSpuriousFiles, preserving file /data/data/com.android.providers.downloads/cache/metadata-1243.htm
07-05 11:54:36.755   545 11011 I DownloadManager: in removeSpuriousFiles, preserving file /data/data/com.android.providers.downloads/cache/metadata-1003.htm
07-05 11:54:36.755   545 11011 I DownloadManager: in removeSpuriousFiles, preserving file /data/data/com.android.providers.downloads/cache/metadata-1282.htm
07-05 11:54:36.755   545 11011 I DownloadManager: in removeSpuriousFiles, preserving file /data/data/com.android.providers.downloads/cache/metadata-1325.htm
07-05 11:54:36.755   545 11011 I DownloadManager: in removeSpuriousFiles, preserving file /data/data/com.android.providers.downloads/cache/metadata-1013.htm
07-05 11:54:36.755   545 11011 I DownloadManager: in removeSpuriousFiles, preserving file /data/data/com.android.providers.downloads/cache/metadata-681.htm
07-05 11:54:36.755   545 11011 I DownloadManager: in removeSpuriousFiles, preserving file /data/data/com.android.providers.downloads/cache/metadata-302.htm
07-05 11:54:36.755   545 11011 I DownloadManager: in removeSpuriousFiles, preserving file /data/data/com.android.providers.downloads/cache/metadata-95.htm
07-05 11:54:36.759   545 11011 I DownloadManager: in removeSpuriousFiles, preserving file /data/data/com.android.providers.downloads/cache/metadata-701.htm
07-05 11:54:36.759   545 11011 I DownloadManager: in removeSpuriousFiles, preserving file /data/data/com.android.providers.downloads/cache/metadata-1879.htm
07-05 11:54:36.759   545 11011 I DownloadManager: in removeSpuriousFiles, preserving file /data/data/com.android.providers.downloads/cache/metadata-477.htm
07-05 11:54:36.759   545 11011 I DownloadManager: in removeSpuriousFiles, preserving file /data/data/com.android.providers.downloads/cache/metadata-614.htm
07-05 11:54:36.759   545 11011 I DownloadManager: in removeSpuriousFiles, preserving file /data/data/com.android.providers.downloads/cache/metadata-481.htm
07-05 11:54:36.759   545 11011 I DownloadManager: in removeSpuriousFiles, preserving file /data/data/com.android.providers.downloads/cache/metadata-1564.htm
07-05 11:54:36.759   545 11011 I DownloadManager: in removeSpuriousFiles, preserving file /data/data/com.android.providers.downloads/cache/metadata-527.htm
07-05 11:54:36.759   545 11011 I DownloadManager: in removeSpuriousFiles, preserving file /data/data/com.android.providers.downloads/cache/metadata-547.htm
07-05 11:54:36.759   545 11011 I DownloadManager: in removeSpuriousFiles, preserving file /data/data/com.android.providers.downloads/cache/metadata-816.htm
07-05 11:54:36.759   545 11011 I DownloadManager: in removeSpuriousFiles, preserving file /data/data/com.android.providers.downloads/cache/metadata-897.htm
07-05 11:54:36.759   545 11011 I DownloadManager: in removeSpuriousFiles, preserving file /data/data/com.android.providers.downloads/cache/metadata-1358.htm
07-05 11:54:36.759   545 11011 I DownloadManager: in removeSpuriousFiles, preserving file /data/data/com.android.providers.downloads/cache/metadata-923.htm
07-05 11:54:36.759   545 11011 I DownloadManager: in removeSpuriousFiles, preserving file /data/data/com.android.providers.downloads/cache/metadata-743.htm
07-05 11:54:36.759   545 11011 I DownloadManager: in removeSpuriousFiles, preserving file /data/data/com.android.providers.downloads/cache/metadata-1103.htm
07-05 11:54:36.759   545 11011 I DownloadManager: in removeSpuriousFiles, preserving file /data/data/com.android.providers.downloads/cache/metadata-1195.htm
07-05 11:54:36.759   545 11011 I DownloadManager: in removeSpuriousFiles, preserving file /data/data/com.android.providers.downloads/cache/metadata-1177.htm
07-05 11:54:36.759   545 11011 I DownloadManager: in removeSpuriousFiles, preserving file /data/data/com.android.providers.downloads/cache/metadata-2058.htm
07-05 11:54:36.759   545 11011 I DownloadManager: in removeSpuriousFiles, preserving file /data/data/com.android.providers.downloads/cache/metadata-1150.htm
07-05 11:54:36.759   545 11011 I DownloadManager: in removeSpuriousFiles, preserving file /data/data/com.android.providers.downloads/cache/metadata-687.htm
07-05 11:54:36.759   545 11011 I DownloadManager: in removeSpuriousFiles, preserving file /data/data/com.android.providers.downloads/cache/metadata-651.htm
07-05 11:54:36.763   545 11011 I DownloadManager: in removeSpuriousFiles, preserving file /data/data/com.android.providers.downloads/cache/metadata-1234.htm
07-05 11:54:36.763   545 11011 I DownloadManager: in removeSpuriousFiles, preserving file /data/data/com.android.providers.downloads/cache/metadata-759.htm
07-05 11:54:36.763   545 11011 I DownloadManager: in removeSpuriousFiles, preserving file /data/data/com.android.providers.downloads/cache/metadata-1057.htm
07-05 11:54:36.763   545 11011 I DownloadManager: in removeSpuriousFiles, preserving file /data/data/com.android.providers.downloads/cache/metadata-509.htm
07-05 11:54:36.763   545 11011 I DownloadManager: in removeSpuriousFiles, preserving file /data/data/com.android.providers.downloads/cache/metadata-1360.htm
07-05 11:54:36.763   545 11011 I DownloadManager: in removeSpuriousFiles, preserving file /data/data/com.android.providers.downloads/cache/metadata-584.htm
07-05 11:54:36.763   545 11011 I DownloadManager: in removeSpuriousFiles, preserving file /data/data/com.android.providers.downloads/cache/metadata-906.htm
07-05 11:54:36.763   545 11011 I DownloadManager: in removeSpuriousFiles, preserving file /data/data/com.android.providers.downloads/cache/metadata-1539.htm
07-05 11:54:36.763   545 11011 I DownloadManager: in removeSpuriousFiles, preserving file /data/data/com.android.providers.downloads/cache/metadata-1054.htm
07-05 11:54:36.763   545 11011 I DownloadManager: in removeSpuriousFiles, preserving file /data/data/com.android.providers.downloads/cache/metadata-1142.htm
07-05 11:54:36.763   545 11011 I DownloadManager: in removeSpuriousFiles, preserving file /data/data/com.android.providers.downloads/cache/metadata-1101.htm
07-05 11:54:36.763   545 11011 I DownloadManager: in removeSpuriousFiles, preserving file /data/data/com.android.providers.downloads/cache/metadata-1621.htm
07-05 11:54:36.763   545 11011 I DownloadManager: in removeSpuriousFiles, preserving file /data/data/com.android.providers.downloads/cache/metadata-1010.htm
07-05 11:54:36.763   545 11011 I DownloadManager: in removeSpuriousFiles, preserving file /data/data/com.android.providers.downloads/cache/metadata-372.htm
07-05 11:54:36.763   545 11011 I DownloadManager: in removeSpuriousFiles, preserving file /data/data/com.android.providers.downloads/cache/metadata-895.htm
07-05 11:54:36.763   545 11011 I DownloadManager: in removeSpuriousFiles, preserving file /data/data/com.android.providers.downloads/cache/metadata-1394.htm
07-05 11:54:36.763   545 11011 I DownloadManager: in removeSpuriousFiles, preserving file /data/data/com.android.providers.downloads/cache/metadata-1930.htm
07-05 11:54:36.763   545 11011 I DownloadManager: in removeSpuriousFiles, preserving file /data/data/com.android.providers.downloads/cache/metadata-588.htm
07-05 11:54:36.763   545 11011 I DownloadManager: in removeSpuriousFiles, preserving file /data/data/com.android.providers.downloads/cache/metadata-799.htm
07-05 11:54:36.763   545 11011 I DownloadManager: in removeSpuriousFiles, preserving file /data/data/com.android.providers.downloads/cache/metadata-1666.htm
07-05 11:54:36.763   545 11011 I DownloadManager: in removeSpuriousFiles, preserving file /data/data/com.android.providers.downloads/cache/metadata-848.htm
07-05 11:54:36.763   545 11011 I DownloadManager: in removeSpuriousFiles, preserving file /data/data/com.android.providers.downloads/cache/metadata-1065.htm
07-05 11:54:36.767   545 11011 I DownloadManager: in removeSpuriousFiles, preserving file /data/data/com.android.providers.downloads/cache/metadata-1220.htm
07-05 11:54:36.767   545 11011 I DownloadManager: in removeSpuriousFiles, preserving file /data/data/com.android.providers.downloads/cache/metadata-1522.htm
07-05 11:54:36.767   545 11011 I DownloadManager: in removeSpuriousFiles, preserving file /data/data/com.android.providers.downloads/cache/metadata-1040.htm
07-05 11:54:36.767   545 11011 I DownloadManager: in removeSpuriousFiles, preserving file /data/data/com.android.providers.downloads/cache/metadata-571.htm
07-05 11:54:36.767   545 11011 I DownloadManager: in removeSpuriousFiles, preserving file /data/data/com.android.providers.downloads/cache/metadata-1381.htm
07-05 11:54:36.767   545 11011 I DownloadManager: in removeSpuriousFiles, preserving file /data/data/com.android.providers.downloads/cache/metadata-1415.htm
07-05 11:54:36.767   545 11011 I DownloadManager: in removeSpuriousFiles, preserving file /data/data/com.android.providers.downloads/cache/metadata-711.htm
07-05 11:54:36.767   545 11011 I DownloadManager: in removeSpuriousFiles, preserving file /data/data/com.android.providers.downloads/cache/metadata-1466.htm
07-05 11:54:36.767   545 11011 I DownloadManager: in removeSpuriousFiles, preserving file /data/data/com.android.providers.downloads/cache/metadata-837.htm
07-05 11:54:36.767   545 11011 I DownloadManager: in removeSpuriousFiles, preserving file /data/data/com.android.providers.downloads/cache/metadata-1533.htm
07-05 11:54:36.767   545 11011 I DownloadManager: in removeSpuriousFiles, preserving file /data/data/com.android.providers.downloads/cache/metadata-1264.htm
07-05 11:54:36.767   545 11011 I DownloadManager: in removeSpuriousFiles, preserving file /data/data/com.android.providers.downloads/cache/metadata-655.htm
07-05 11:54:36.767   545 11011 I DownloadManager: in removeSpuriousFiles, preserving file /data/data/com.android.providers.downloads/cache/metadata-550.htm
07-05 11:54:36.767   545 11011 I DownloadManager: in removeSpuriousFiles, preserving file /data/data/com.android.providers.downloads/cache/metadata-910.htm
07-05 11:54:36.767   545 11011 I DownloadManager: in removeSpuriousFiles, preserving file /data/data/com.android.providers.downloads/cache/metadata-1646.htm
07-05 11:54:36.767   545 11011 I DownloadManager: in removeSpuriousFiles, preserving file /data/data/com.android.providers.downloads/cache/metadata-1439.htm
07-05 11:54:36.767   545 11011 I DownloadManager: in removeSpuriousFiles, preserving file /data/data/com.android.providers.downloads/cache/metadata-1649.htm
07-05 11:54:36.767   545 11011 I DownloadManager: in removeSpuriousFiles, preserving file /data/data/com.android.providers.downloads/cache/metadata-1079.htm
07-05 11:54:36.767   545 11011 I DownloadManager: in removeSpuriousFiles, preserving file /data/data/com.android.providers.downloads/cache/metadata-656.htm
07-05 11:54:36.767   545 11011 I DownloadManager: in removeSpuriousFiles, preserving file /data/data/com.android.providers.downloads/cache/metadata-474.htm
07-05 11:54:36.770   545 11011 I DownloadManager: in removeSpuriousFiles, preserving file /data/data/com.android.providers.downloads/cache/metadata-1194.htm
07-05 11:54:36.770   545 11011 I DownloadManager: in removeSpuriousFiles, preserving file /data/data/com.android.providers.downloads/cache/metadata-1157.htm
07-05 11:54:36.770   545 11011 I DownloadManager: in removeSpuriousFiles, preserving file /data/data/com.android.providers.downloads/cache/metadata-697.htm
07-05 11:54:36.770   545 11011 I DownloadManager: in removeSpuriousFiles, preserving file /data/data/com.android.providers.downloads/cache/metadata-977.htm
07-05 11:54:36.770   545 11011 I DownloadManager: in removeSpuriousFiles, preserving file /data/data/com.android.providers.downloads/cache/metadata-393.htm
07-05 11:54:36.770   545 11011 I DownloadManager: in removeSpuriousFiles, preserving file /data/data/com.android.providers.downloads/cache/metadata-1324.htm
07-05 11:54:36.770   545 11011 I DownloadManager: in removeSpuriousFiles, preserving file /data/data/com.android.providers.downloads/cache/metadata-2047.htm
07-05 11:54:36.770   545 11011 I DownloadManager: in removeSpuriousFiles, preserving file /data/data/com.android.providers.downloads/cache/metadata-878.htm
07-05 11:54:36.770   545 11011 I DownloadManager: in removeSpuriousFiles, preserving file /data/data/com.android.providers.downloads/cache/metadata-1078.htm
07-05 11:54:36.770   545 11011 I DownloadManager: in removeSpuriousFiles, preserving file /data/data/com.android.providers.downloads/cache/metadata-850.htm
07-05 11:54:36.770   545 11011 I DownloadManager: in removeSpuriousFiles, preserving file /data/data/com.android.providers.downloads/cache/metadata-1498.htm
07-05 11:54:36.770   545 11011 I DownloadManager: in removeSpuriousFiles, preserving file /data/data/com.android.providers.downloads/cache/metadata-1532.htm
07-05 11:54:36.770   545 11011 I DownloadManager: in removeSpuriousFiles, preserving file /data/data/com.android.providers.downloads/cache/metadata-1170.htm
07-05 11:54:36.770   545 11011 I DownloadManager: in removeSpuriousFiles, preserving file /data/data/com.android.providers.downloads/cache/metadata-1393.htm
07-05 11:54:36.770   545 11011 I DownloadManager: in removeSpuriousFiles, preserving file /data/data/com.android.providers.downloads/cache/metadata-1613.htm
07-05 11:54:36.770   545 11011 I DownloadManager: in removeSpuriousFiles, preserving file /data/data/com.android.providers.downloads/cache/metadata-1479.htm
07-05 11:54:36.770   545 11011 I DownloadManager: in removeSpuriousFiles, preserving file /data/data/com.android.providers.downloads/cache/metadata-1839.htm
07-05 11:54:36.770   545 11011 I DownloadManager: in removeSpuriousFiles, preserving file /data/data/com.android.providers.downloads/cache/metadata-789.htm
07-05 11:54:36.770   545 11011 I DownloadManager: in removeSpuriousFiles, preserving file /data/data/com.android.providers.downloads/cache/metadata-1401.htm
07-05 11:54:36.770   545 11011 I DownloadManager: in removeSpuriousFiles, preserving file /data/data/com.android.providers.downloads/cache/metadata-1426.htm
07-05 11:54:36.774   545 11011 I DownloadManager: in removeSpuriousFiles, preserving file /data/data/com.android.providers.downloads/cache/metadata-1311.htm
07-05 11:54:36.774   545 11011 I DownloadManager: in removeSpuriousFiles, preserving file /data/data/com.android.providers.downloads/cache/metadata-1906.htm
07-05 11:54:36.774   545 11011 I DownloadManager: in removeSpuriousFiles, preserving file /data/data/com.android.providers.downloads/cache/metadata-1511.htm
07-05 11:54:36.774   545 11011 I DownloadManager: in removeSpuriousFiles, preserving file /data/data/com.android.providers.downloads/cache/metadata-800.htm
07-05 11:54:36.774   545 11011 I DownloadManager: in removeSpuriousFiles, preserving file /data/data/com.android.providers.downloads/cache/metadata-637.htm
07-05 11:54:36.774   545 11011 I DownloadManager: in removeSpuriousFiles, preserving file /data/data/com.android.providers.downloads/cache/metadata-988.htm
07-05 11:54:36.774   545 11011 I DownloadManager: in removeSpuriousFiles, preserving file /data/data/com.android.providers.downloads/cache/metadata-851.htm
07-05 11:54:36.774   545 11011 I DownloadManager: in removeSpuriousFiles, preserving file /data/data/com.android.providers.downloads/cache/metadata-1165.htm
07-05 11:54:36.774   545 11011 I DownloadManager: in removeSpuriousFiles, preserving file /data/data/com.android.providers.downloads/cache/metadata-1273.htm
07-05 11:54:36.774   545 11011 I DownloadManager: in removeSpuriousFiles, preserving file /data/data/com.android.providers.downloads/cache/metadata-2084.htm
07-05 11:54:36.774   545 11011 I DownloadManager: in removeSpuriousFiles, preserving file /data/data/com.android.providers.downloads/cache/metadata-1116.htm
07-05 11:54:36.774   545 11011 I DownloadManager: in removeSpuriousFiles, preserving file /data/data/com.android.providers.downloads/cache/metadata-860.htm
07-05 11:54:36.774   545 11011 I DownloadManager: in removeSpuriousFiles, preserving file /data/data/com.android.providers.downloads/cache/metadata-948.htm
07-05 11:54:36.774   545 11011 I DownloadManager: in removeSpuriousFiles, preserving file /data/data/com.android.providers.downloads/cache/metadata-1125.htm
07-05 11:54:36.774   545 11011 I DownloadManager: in removeSpuriousFiles, preserving file /data/data/com.android.providers.downloads/cache/metadata-863.htm
07-05 11:54:36.774   545 11011 I DownloadManager: in removeSpuriousFiles, preserving file /data/data/com.android.providers.downloads/cache/metadata-567.htm
07-05 11:54:36.774   545 11011 I DownloadManager: in removeSpuriousFiles, preserving file /data/data/com.android.providers.downloads/cache/metadata-643.htm
07-05 11:54:36.774   545 11011 I DownloadManager: in removeSpuriousFiles, preserving file /data/data/com.android.providers.downloads/cache/metadata-1449.htm
07-05 11:54:36.774   545 11011 I DownloadManager: in removeSpuriousFiles, preserving file /data/data/com.android.providers.downloads/cache/metadata-1139.htm
07-05 11:54:36.778   545 11011 I DownloadManager: in removeSpuriousFiles, preserving file /data/data/com.android.providers.downloads/cache/metadata-698.htm
07-05 11:54:36.778   545 11011 I DownloadManager: in removeSpuriousFiles, preserving file /data/data/com.android.providers.downloads/cache/metadata-1580.htm
07-05 11:54:36.778   545 11011 I DownloadManager: in removeSpuriousFiles, preserving file /data/data/com.android.providers.downloads/cache/metadata-1033.htm
07-05 11:54:36.778   545 11011 I DownloadManager: in removeSpuriousFiles, preserving file /data/data/com.android.providers.downloads/cache/metadata-604.htm
07-05 11:54:36.778   545 11011 I DownloadManager: in removeSpuriousFiles, preserving file /data/data/com.android.providers.downloads/cache/metadata.htm
07-05 11:54:36.778   545 11011 I DownloadManager: in removeSpuriousFiles, preserving file /data/data/com.android.providers.downloads/cache/metadata-3.htm
07-05 11:54:36.778   545 11011 I DownloadManager: in removeSpuriousFiles, preserving file /data/data/com.android.providers.downloads/cache/metadata-5.htm
07-05 11:54:36.778   545 11011 I DownloadManager: in removeSpuriousFiles, preserving file /data/data/com.android.providers.downloads/cache/metadata-7.htm
07-05 11:54:36.778   545 11011 I DownloadManager: in removeSpuriousFiles, preserving file /data/data/com.android.providers.downloads/cache/metadata-9.htm
07-05 11:54:36.778   545 11011 I DownloadManager: in removeSpuriousFiles, preserving file /data/data/com.android.providers.downloads/cache/metadata-16.htm
07-05 11:54:36.778   545 11011 I DownloadManager: in removeSpuriousFiles, preserving file /data/data/com.android.providers.downloads/cache/metadata-14.htm
07-05 11:54:36.778   545 11011 I DownloadManager: in removeSpuriousFiles, preserving file /data/data/com.android.providers.downloads/cache/metadata-1480.htm
07-05 11:54:36.778   545 11011 I DownloadManager: in removeSpuriousFiles, preserving file /data/data/com.android.providers.downloads/cache/metadata-1303.htm
07-05 11:54:36.782   545 11011 I DownloadManager: in removeSpuriousFiles, preserving file /data/data/com.android.providers.downloads/cache/metadata-1221.htm
07-05 11:54:36.782   545 11011 I DownloadManager: in removeSpuriousFiles, preserving file /data/data/com.android.providers.downloads/cache/metadata-664.htm
07-05 11:54:36.782   545 11011 I DownloadManager: in removeSpuriousFiles, preserving file /data/data/com.android.providers.downloads/cache/metadata-630.htm
07-05 11:54:36.782   545 11011 I DownloadManager: in removeSpuriousFiles, preserving file /data/data/com.android.providers.downloads/cache/metadata-387.htm
07-05 11:54:36.782   545 11011 I DownloadManager: in removeSpuriousFiles, preserving file /data/data/com.android.providers.downloads/cache/metadata-1173.htm
07-05 11:54:36.782   545 11011 I DownloadManager: in removeSpuriousFiles, preserving file /data/data/com.android.providers.downloads/cache/metadata-442.htm
07-05 11:54:36.782   545 11011 I DownloadManager: in removeSpuriousFiles, preserving file /data/data/com.android.providers.downloads/cache/metadata-563.htm
07-05 11:54:36.782   545 11011 I DownloadManager: in removeSpuriousFiles, preserving file /data/data/com.android.providers.downloads/cache/metadata-355.htm
07-05 11:54:36.782   545 11011 I DownloadManager: in removeSpuriousFiles, preserving file /data/data/com.android.providers.downloads/cache/metadata-1785.htm
07-05 11:54:36.782   545 11011 I DownloadManager: in removeSpuriousFiles, preserving file /data/data/com.android.providers.downloads/cache/metadata-489.htm
07-05 11:54:36.782   545 11011 I DownloadManager: in removeSpuriousFiles, preserving file /data/data/com.android.providers.downloads/cache/metadata-395.htm
07-05 11:54:36.782   545 11011 I DownloadManager: in removeSpuriousFiles, preserving file /data/data/com.android.providers.downloads/cache/metadata-569.htm
07-05 11:54:36.782   545 11011 I DownloadManager: in removeSpuriousFiles, preserving file /data/data/com.android.providers.downloads/cache/metadata-1315.htm
07-05 11:54:36.782   545 11011 I DownloadManager: in removeSpuriousFiles, preserving file /data/data/com.android.providers.downloads/cache/metadata-645.htm
07-05 11:54:36.782   545 11011 I DownloadManager: in removeSpuriousFiles, preserving file /data/data/com.android.providers.downloads/cache/metadata-1527.htm
07-05 11:54:36.782   545 11011 I DownloadManager: in removeSpuriousFiles, preserving file /data/data/com.android.providers.downloads/cache/metadata-12.htm
07-05 11:54:36.782   545 11011 I DownloadManager: in removeSpuriousFiles, preserving file /data/data/com.android.providers.downloads/cache/metadata-796.htm
07-05 11:54:36.782   545 11011 I DownloadManager: in removeSpuriousFiles, preserving file /data/data/com.android.providers.downloads/cache/metadata-513.htm
07-05 11:54:36.782   545 11011 I DownloadManager: in removeSpuriousFiles, preserving file /data/data/com.android.providers.downloads/cache/metadata-1050.htm
07-05 11:54:36.782   545 11011 I DownloadManager: in removeSpuriousFiles, preserving file /data/data/com.android.providers.downloads/cache/metadata-534.htm
07-05 11:54:36.782   545 11011 I DownloadManager: in removeSpuriousFiles, preserving file /data/data/com.android.providers.downloads/cache/metadata-1076.htm
07-05 11:54:36.782   545 11011 I DownloadManager: in removeSpuriousFiles, preserving file /data/data/com.android.providers.downloads/cache/metadata-1516.htm
07-05 11:54:36.782   545 11011 I DownloadManager: in removeSpuriousFiles, preserving file /data/data/com.android.providers.downloads/cache/metadata-619.htm
07-05 11:54:36.786   545 11011 I DownloadManager: in removeSpuriousFiles, preserving file /data/data/com.android.providers.downloads/cache/metadata-1300.htm
07-05 11:54:36.786   545 11011 I DownloadManager: in removeSpuriousFiles, preserving file /data/data/com.android.providers.downloads/cache/metadata-607.htm
07-05 11:54:36.786   545 11011 I DownloadManager: in removeSpuriousFiles, preserving file /data/data/com.android.providers.downloads/cache/metadata-1052.htm
07-05 11:54:36.786   545 11011 I DownloadManager: in removeSpuriousFiles, preserving file /data/data/com.android.providers.downloads/cache/metadata-1625.htm
07-05 11:54:36.786   545 11011 I DownloadManager: in removeSpuriousFiles, preserving file /data/data/com.android.providers.downloads/cache/metadata-927.htm
07-05 11:54:36.786   545 11011 I DownloadManager: in removeSpuriousFiles, preserving file /data/data/com.android.providers.downloads/cache/metadata-953.htm
07-05 11:54:36.786   545 11011 I DownloadManager: in removeSpuriousFiles, preserving file /data/data/com.android.providers.downloads/cache/metadata-2217.htm
07-05 11:54:36.786   545 11011 I DownloadManager: in removeSpuriousFiles, preserving file /data/data/com.android.providers.downloads/cache/metadata-919.htm
07-05 11:54:36.786   545 11011 I DownloadManager: in removeSpuriousFiles, preserving file /data/data/com.android.providers.downloads/cache/metadata-1400.htm
07-05 11:54:36.786   545 11011 I DownloadManager: in removeSpuriousFiles, preserving file /data/data/com.android.providers.downloads/cache/metadata-999.htm
07-05 11:54:36.786   545 11011 I DownloadManager: in removeSpuriousFiles, preserving file /data/data/com.android.providers.downloads/cache/metadata-1914.htm
07-05 11:54:36.786   545 11011 I DownloadManager: in removeSpuriousFiles, preserving file /data/data/com.android.providers.downloads/cache/metadata-1335.htm
07-05 11:54:36.786   545 11011 I DownloadManager: in removeSpuriousFiles, preserving file /data/data/com.android.providers.downloads/cache/metadata-982.htm
07-05 11:54:36.786   545 11011 I DownloadManager: in removeSpuriousFiles, preserving file /data/data/com.android.providers.downloads/cache/metadata-1460.htm
07-05 11:54:36.786   545 11011 I DownloadManager: in removeSpuriousFiles, preserving file /data/data/com.android.providers.downloads/cache/metadata-1379.htm
07-05 11:54:36.786   545 11011 I DownloadManager: in removeSpuriousFiles, preserving file /data/data/com.android.providers.downloads/cache/metadata-967.htm
07-05 11:54:36.786   545 11011 I DownloadManager: in removeSpuriousFiles, preserving file /data/data/com.android.providers.downloads/cache/metadata-704.htm
07-05 11:54:36.786   545 11011 I DownloadManager: in removeSpuriousFiles, preserving file /data/data/com.android.providers.downloads/cache/metadata-1406.htm
07-05 11:54:36.786   545 11011 I DownloadManager: in removeSpuriousFiles, preserving file /data/data/com.android.providers.downloads/cache/metadata-780.htm
07-05 11:54:36.786   545 11011 I DownloadManager: in removeSpuriousFiles, preserving file /data/data/com.android.providers.downloads/cache/metadata-1132.htm
07-05 11:54:36.786   545 11011 I DownloadManager: in removeSpuriousFiles, preserving file /data/data/com.android.providers.downloads/cache/metadata-1576.htm
07-05 11:54:36.786   545 11011 I DownloadManager: in removeSpuriousFiles, preserving file /data/data/com.android.providers.downloads/cache/metadata-2261.htm
07-05 11:54:36.786   545 11011 I DownloadManager: in removeSpuriousFiles, preserving file /data/data/com.android.providers.downloads/cache/metadata-775.htm
07-05 11:54:36.790   545 11011 I DownloadManager: in removeSpuriousFiles, preserving file /data/data/com.android.providers.downloads/cache/metadata-1387.htm
07-05 11:54:36.790   545 11011 I DownloadManager: in removeSpuriousFiles, preserving file /data/data/com.android.providers.downloads/cache/metadata-1041.htm
07-05 11:54:36.790   545 11011 I DownloadManager: in removeSpuriousFiles, preserving file /data/data/com.android.providers.downloads/cache/metadata-1525.htm
07-05 11:54:36.790   545 11011 I DownloadManager: in removeSpuriousFiles, preserving file /data/data/com.android.providers.downloads/cache/metadata-857.htm
07-05 11:54:36.790   545 11011 I DownloadManager: in removeSpuriousFiles, preserving file /data/data/com.android.providers.downloads/cache/metadata-1865.htm
07-05 11:54:36.790   545 11011 I DownloadManager: in removeSpuriousFiles, preserving file /data/data/com.android.providers.downloads/cache/metadata-991.htm
07-05 11:54:36.790   545 11011 I DownloadManager: in removeSpuriousFiles, preserving file /data/data/com.android.providers.downloads/cache/metadata-1799.htm
07-05 11:54:36.790   545 11011 I DownloadManager: in removeSpuriousFiles, preserving file /data/data/com.android.providers.downloads/cache/metadata-1742.htm
07-05 11:54:36.790   545 11011 I DownloadManager: in removeSpuriousFiles, preserving file /data/data/com.android.providers.downloads/cache/metadata-957.htm
07-05 11:54:36.790   545 11011 I DownloadManager: in removeSpuriousFiles, preserving file /data/data/com.android.providers.downloads/cache/metadata-2131.htm
07-05 11:54:36.790   545 11011 I DownloadManager: in removeSpuriousFiles, preserving file /data/data/com.android.providers.downloads/cache/metadata-1354.htm
07-05 11:54:36.790   545 11011 I DownloadManager: in removeSpuriousFiles, preserving file /data/data/com.android.providers.downloads/cache/metadata-918.htm
07-05 11:54:36.790   545 11011 I DownloadManager: in removeSpuriousFiles, preserving file /data/data/com.android.providers.downloads/cache/metadata-708.htm
07-05 11:54:36.790   545 11011 I DownloadManager: in removeSpuriousFiles, preserving file /data/data/com.android.providers.downloads/cache/metadata-1289.htm
07-05 11:54:36.790   545 11011 I DownloadManager: in removeSpuriousFiles, preserving file /data/data/com.android.providers.downloads/cache/metadata-827.htm
07-05 11:54:36.790   545 11011 I DownloadManager: in removeSpuriousFiles, preserving file /data/data/com.android.providers.downloads/cache/metadata-1680.htm
07-05 11:54:36.790   545 11011 I DownloadManager: in removeSpuriousFiles, preserving file /data/data/com.android.providers.downloads/cache/metadata-652.htm
07-05 11:54:36.790   545 11011 I DownloadManager: in removeSpuriousFiles, preserving file /data/data/com.android.providers.downloads/cache/metadata-792.htm
07-05 11:54:36.790   545 11011 I DownloadManager: in removeSpuriousFiles, preserving file /data/data/com.android.providers.downloads/cache/metadata-926.htm
07-05 11:54:36.790   545 11011 I DownloadManager: in removeSpuriousFiles, preserving file /data/data/com.android.providers.downloads/cache/metadata-609.htm
07-05 11:54:36.790   545 11011 I DownloadManager: in removeSpuriousFiles, preserving file /data/data/com.android.providers.downloads/cache/metadata-911.htm
07-05 11:54:36.790   545 11011 I DownloadManager: in removeSpuriousFiles, preserving file /data/data/com.android.providers.downloads/cache/metadata-882.htm
07-05 11:54:36.794   545 11011 I DownloadManager: in removeSpuriousFiles, preserving file /data/data/com.android.providers.downloads/cache/metadata-1850.htm
07-05 11:54:36.794   545 11011 I DownloadManager: in removeSpuriousFiles, preserving file /data/data/com.android.providers.downloads/cache/metadata-1210.htm
07-05 11:54:36.794   545 11011 I DownloadManager: in removeSpuriousFiles, preserving file /data/data/com.android.providers.downloads/cache/metadata-1788.htm
07-05 11:54:36.794   545 11011 I DownloadManager: in removeSpuriousFiles, preserving file /data/data/com.android.providers.downloads/cache/metadata-1344.htm
07-05 11:54:36.794   545 11011 I DownloadManager: in removeSpuriousFiles, preserving file /data/data/com.android.providers.downloads/cache/metadata-1811.htm
07-05 11:54:36.794   545 11011 I DownloadManager: in removeSpuriousFiles, preserving file /data/data/com.android.providers.downloads/cache/metadata-1031.htm
07-05 11:54:36.794   545 11011 I DownloadManager: in removeSpuriousFiles, preserving file /data/data/com.android.providers.downloads/cache/metadata-578.htm
07-05 11:54:36.794   545 11011 I DownloadManager: in removeSpuriousFiles, preserving file /data/data/com.android.providers.downloads/cache/metadata-2122.htm
07-05 11:54:36.794   545 11011 I DownloadManager: in removeSpuriousFiles, preserving file /data/data/com.android.providers.downloads/cache/metadata-961.htm
07-05 11:54:36.794   545 11011 I DownloadManager: in removeSpuriousFiles, preserving file /data/data/com.android.providers.downloads/cache/metadata-666.htm
07-05 11:54:36.794   545 11011 I DownloadManager: in removeSpuriousFiles, preserving file /data/data/com.android.providers.downloads/cache/metadata-1859.htm
07-05 11:54:36.798   545 11011 I DownloadManager: in removeSpuriousFiles, preserving file /data/data/com.android.providers.downloads/cache/metadata-1594.htm
07-05 11:54:36.798   545 11011 I DownloadManager: in removeSpuriousFiles, preserving file /data/data/com.android.providers.downloads/cache/metadata-947.htm
07-05 11:54:36.798   545 11011 I DownloadManager: in removeSpuriousFiles, preserving file /data/data/com.android.providers.downloads/cache/metadata-1359.htm
07-05 11:54:36.798   545 11011 I DownloadManager: in removeSpuriousFiles, preserving file /data/data/com.android.providers.downloads/cache/metadata-983.htm
07-05 11:54:36.798   545 11011 I DownloadManager: in removeSpuriousFiles, preserving file /data/data/com.android.providers.downloads/cache/metadata-1361.htm
07-05 11:54:36.798   545 11011 I DownloadManager: in removeSpuriousFiles, preserving file /data/data/com.android.providers.downloads/cache/metadata-661.htm
07-05 11:54:36.798   545 11011 I DownloadManager: in removeSpuriousFiles, preserving file /data/data/com.android.providers.downloads/cache/metadata-1458.htm
07-05 11:54:36.798   545 11011 I DownloadManager: in removeSpuriousFiles, preserving file /data/data/com.android.providers.downloads/cache/metadata-1573.htm
07-05 11:54:36.798   545 11011 I DownloadManager: in removeSpuriousFiles, preserving file /data/data/com.android.providers.downloads/cache/metadata-959.htm
07-05 11:54:36.798   545 11011 I DownloadManager: in removeSpuriousFiles, preserving file /data/data/com.android.providers.downloads/cache/metadata-905.htm
07-05 11:54:36.798   545 11011 I DownloadManager: in removeSpuriousFiles, preserving file /data/data/com.android.providers.downloads/cache/metadata-861.htm
07-05 11:54:36.798   545 11011 I DownloadManager: in removeSpuriousFiles, preserving file /data/data/com.android.providers.downloads/cache/metadata-1855.htm
07-05 11:54:36.798   545 11011 I DownloadManager: in removeSpuriousFiles, preserving file /data/data/com.android.providers.downloads/cache/metadata-1437.htm
07-05 11:54:36.798   545 11011 I DownloadManager: in removeSpuriousFiles, preserving file /data/data/com.android.providers.downloads/cache/metadata-1294.htm
07-05 11:54:36.798   545 11011 I DownloadManager: in removeSpuriousFiles, preserving file /data/data/com.android.providers.downloads/cache/metadata-615.htm
07-05 11:54:36.798   545 11011 I DownloadManager: in removeSpuriousFiles, preserving file /data/data/com.android.providers.downloads/cache/metadata-952.htm
07-05 11:54:36.798   545 11011 I DownloadManager: in removeSpuriousFiles, preserving file /data/data/com.android.providers.downloads/cache/metadata-1328.htm
07-05 11:54:36.798   545 11011 I DownloadManager: in removeSpuriousFiles, preserving file /data/data/com.android.providers.downloads/cache/metadata-2350.htm
07-05 11:54:36.802   545 11011 I DownloadManager: in removeSpuriousFiles, preserving file /data/data/com.android.providers.downloads/cache/metadata-1341.htm
07-05 11:54:36.802   545 11011 I DownloadManager: in removeSpuriousFiles, preserving file /data/data/com.android.providers.downloads/cache/metadata-830.htm
07-05 11:54:36.802   545 11011 I DownloadManager: in removeSpuriousFiles, preserving file /data/data/com.android.providers.downloads/cache/metadata-862.htm
07-05 11:54:36.802   545 11011 I DownloadManager: in removeSpuriousFiles, preserving file /data/data/com.android.providers.downloads/cache/metadata-730.htm
07-05 11:54:36.802   545 11011 I DownloadManager: in removeSpuriousFiles, preserving file /data/data/com.android.providers.downloads/cache/metadata-1900.htm
07-05 11:54:36.802   545 11011 I DownloadManager: in removeSpuriousFiles, preserving file /data/data/com.android.providers.downloads/cache/metadata-1444.htm
07-05 11:54:36.802   545 11011 I DownloadManager: in removeSpuriousFiles, preserving file /data/data/com.android.providers.downloads/cache/metadata-1002.htm
07-05 11:54:36.802   545 11011 I DownloadManager: in removeSpuriousFiles, preserving file /data/data/com.android.providers.downloads/cache/metadata-734.htm
07-05 11:54:36.802   545 11011 I DownloadManager: in removeSpuriousFiles, preserving file /data/data/com.android.providers.downloads/cache/metadata-1075.htm
07-05 11:54:36.802   545 11011 I DownloadManager: in removeSpuriousFiles, preserving file /data/data/com.android.providers.downloads/cache/metadata-1312.htm
07-05 11:54:36.802   545 11011 I DownloadManager: in removeSpuriousFiles, preserving file /data/data/com.android.providers.downloads/cache/metadata-2165.htm
07-05 11:54:36.802   545 11011 I DownloadManager: in removeSpuriousFiles, preserving file /data/data/com.android.providers.downloads/cache/metadata-1123.htm
07-05 11:54:36.802   545 11011 I DownloadManager: in removeSpuriousFiles, preserving file /data/data/com.android.providers.downloads/cache/metadata-693.htm
07-05 11:54:36.802   545 11011 I DownloadManager: in removeSpuriousFiles, preserving file /data/data/com.android.providers.downloads/cache/metadata-1417.htm
07-05 11:54:36.806   545 11011 I DownloadManager: deleting spurious file /cache/dalvik-cache
07-05 11:54:36.806   545 11011 I DownloadManager: deleting spurious file /data/data/com.android.providers.downloads/cache/metadata-1.htm
07-05 11:54:36.806   545 11011 I DownloadManager: deleting spurious file /data/data/com.android.providers.downloads/cache/metadata-2.htm
07-05 11:54:36.806   545 11011 I DownloadManager: deleting spurious file /data/data/com.android.providers.downloads/cache/metadata-4.htm
07-05 11:54:36.806   545 11011 I DownloadManager: deleting spurious file /data/data/com.android.providers.downloads/cache/metadata-6.htm
07-05 11:54:36.806   545 11011 I DownloadManager: deleting spurious file /data/data/com.android.providers.downloads/cache/metadata-8.htm
07-05 11:54:36.806   545 11011 I DownloadManager: deleting spurious file /data/data/com.android.providers.downloads/cache/metadata-10.htm
07-05 11:54:36.806   545 11011 I DownloadManager: deleting spurious file /data/data/com.android.providers.downloads/cache/metadata-13.htm
07-05 11:54:36.806   545 11011 I DownloadManager: deleting spurious file /data/data/com.android.providers.downloads/cache/metadata-1163.htm
07-05 11:54:36.806   545 11011 I DownloadManager: deleting spurious file /data/data/com.android.providers.downloads/cache/metadata-924.htm
07-05 11:54:36.806   545 11011 I DownloadManager: deleting spurious file /data/data/com.android.providers.downloads/cache/metadata-794.htm
07-05 11:54:36.806   545 11011 I DownloadManager: deleting spurious file /data/data/com.android.providers.downloads/cache/metadata-19.htm
07-05 11:54:36.806   545 11011 I DownloadManager: deleting spurious file /data/data/com.android.providers.downloads/cache/metadata-849.htm
07-05 11:54:36.806   545 11011 I DownloadManager: deleting spurious file /data/data/com.android.providers.downloads/cache/metadata-852.htm
07-05 11:54:36.809   545 11011 I DownloadManager: deleting spurious file /data/data/com.android.providers.downloads/cache/metadata-979.htm
07-05 11:54:36.809   545 11011 I DownloadManager: deleting spurious file /data/data/com.android.providers.downloads/cache/metadata-834.htm
07-05 11:54:36.809   545 11011 I DownloadManager: deleting spurious file /data/data/com.android.providers.downloads/cache/metadata-973.htm
07-05 11:54:36.809   545 11011 I DownloadManager: deleting spurious file /data/data/com.android.providers.downloads/cache/metadata-694.htm
07-05 11:54:36.809   545 11011 I DownloadManager: deleting spurious file /data/data/com.android.providers.downloads/cache/metadata-473.htm
07-05 11:54:36.809   545 11011 I DownloadManager: deleting spurious file /data/data/com.android.providers.downloads/cache/metadata-1094.htm
07-05 11:54:36.809   545 11011 I DownloadManager: deleting spurious file /data/data/com.android.providers.downloads/cache/metadata-842.htm
07-05 11:54:36.809   545 11011 I DownloadManager: deleting spurious file /data/data/com.android.providers.downloads/cache/metadata-1277.htm
07-05 11:54:36.809   545 11011 I DownloadManager: deleting spurious file /data/data/com.android.providers.downloads/cache/metadata-1084.htm
07-05 11:54:36.809   545 11011 I DownloadManager: deleting spurious file /data/data/com.android.providers.downloads/cache/metadata-671.htm
07-05 11:54:36.809   545 11011 I DownloadManager: deleting spurious file /data/data/com.android.providers.downloads/cache/metadata-873.htm
07-05 11:54:36.809   545 11011 I DownloadManager: deleting spurious file /data/data/com.android.providers.downloads/cache/metadata-466.htm
07-05 11:54:36.809   545 11011 I DownloadManager: deleting spurious file /data/data/com.android.providers.downloads/cache/metadata-1156.htm
07-05 11:54:36.809   545 11011 I DownloadManager: deleting spurious file /data/data/com.android.providers.downloads/cache/metadata-720.htm
07-05 11:54:36.809   545 11011 I DownloadManager: deleting spurious file /data/data/com.android.providers.downloads/cache/metadata-580.htm
07-05 11:54:36.813   545 11011 I DownloadManager: deleting spurious file /data/data/com.android.providers.downloads/cache/metadata-511.htm
07-05 11:54:36.813   545 11011 I DownloadManager: deleting spurious file /data/data/com.android.providers.downloads/cache/metadata-1267.htm
07-05 11:54:36.813   545 11011 I DownloadManager: deleting spurious file /data/data/com.android.providers.downloads/cache/metadata-1469.htm
07-05 11:54:36.813   545 11011 I DownloadManager: deleting spurious file /data/data/com.android.providers.downloads/cache/metadata-935.htm
07-05 11:54:36.813   545 11011 I DownloadManager: deleting spurious file /data/data/com.android.providers.downloads/cache/metadata-1018.htm
07-05 11:54:36.813   545 11011 I DownloadManager: deleting spurious file /data/data/com.android.providers.downloads/cache/metadata-1366.htm
07-05 11:54:36.813   545 11011 I DownloadManager: deleting spurious file /data/data/com.android.providers.downloads/cache/metadata-1734.htm
07-05 11:54:36.813   545 11011 I DownloadManager: deleting spurious file /data/data/com.android.providers.downloads/cache/metadata-579.htm
07-05 11:54:36.813   545 11011 I DownloadManager: deleting spurious file /data/data/com.android.providers.downloads/cache/metadata-1365.htm
07-05 11:54:36.813   545 11011 I DownloadManager: deleting spurious file /data/data/com.android.providers.downloads/cache/metadata-650.htm
07-05 11:54:36.813   545 11011 I DownloadManager: deleting spurious file /data/data/com.android.providers.downloads/cache/metadata-1222.htm
07-05 11:54:36.813   545 11011 I DownloadManager: deleting spurious file /data/data/com.android.providers.downloads/cache/metadata-1239.htm
07-05 11:54:36.813   545 11011 I DownloadManager: deleting spurious file /data/data/com.android.providers.downloads/cache/metadata-1067.htm
07-05 11:54:36.817   545 11011 I DownloadManager: deleting spurious file /data/data/com.android.providers.downloads/cache/metadata-1427.htm
07-05 11:54:36.817   545 11011 I DownloadManager: deleting spurious file /data/data/com.android.providers.downloads/cache/metadata-2158.htm
07-05 11:54:36.817   545 11011 I DownloadManager: deleting spurious file /data/data/com.android.providers.downloads/cache/metadata-515.htm
07-05 11:54:36.817   545 11011 I DownloadManager: deleting spurious file /data/data/com.android.providers.downloads/cache/metadata-1689.htm
07-05 11:54:36.817   545 11011 I DownloadManager: deleting spurious file /data/data/com.android.providers.downloads/cache/metadata-1153.htm
07-05 11:54:36.817   545 11011 I DownloadManager: deleting spurious file /data/data/com.android.providers.downloads/cache/metadata-667.htm
07-05 11:54:36.817   545 11011 I DownloadManager: deleting spurious file /data/data/com.android.providers.downloads/cache/metadata-914.htm
07-05 11:54:36.817   545 11011 I DownloadManager: deleting spurious file /data/data/com.android.providers.downloads/cache/metadata-1179.htm
07-05 11:54:36.817   545 11011 I DownloadManager: deleting spurious file /data/data/com.android.providers.downloads/cache/metadata-642.htm
07-05 11:54:36.817   545 11011 I DownloadManager: deleting spurious file /data/data/com.android.providers.downloads/cache/metadata-1299.htm
07-05 11:54:36.817   545 11011 I DownloadManager: deleting spurious file /data/data/com.android.providers.downloads/cache/metadata-632.htm
07-05 11:54:36.817   545 11011 I DownloadManager: deleting spurious file /data/data/com.android.providers.downloads/cache/metadata-1385.htm
07-05 11:54:36.817   545 11011 I DownloadManager: deleting spurious file /data/data/com.android.providers.downloads/cache/metadata-1145.htm
07-05 11:54:36.817   545 11011 I DownloadManager: deleting spurious file /data/data/com.android.providers.downloads/cache/metadata-292.htm
07-05 11:54:36.817   545 11011 I DownloadManager: deleting spurious file /data/data/com.android.providers.downloads/cache/metadata-1419.htm
07-05 11:54:36.817   545 11011 I DownloadManager: deleting spurious file /data/data/com.android.providers.downloads/cache/metadata-445.htm
07-05 11:54:36.817   545 11011 I DownloadManager: deleting spurious file /data/data/com.android.providers.downloads/cache/metadata-1693.htm
07-05 11:54:36.821   545 11011 I DownloadManager: deleting spurious file /data/data/com.android.providers.downloads/cache/metadata-1389.htm
07-05 11:54:36.821   545 11011 I DownloadManager: deleting spurious file /data/data/com.android.providers.downloads/cache/metadata-729.htm
07-05 11:54:36.821   545 11011 I DownloadManager: deleting spurious file /data/data/com.android.providers.downloads/cache/metadata-1832.htm
07-05 11:54:36.821   545 11011 I DownloadManager: deleting spurious file /data/data/com.android.providers.downloads/cache/metadata-1546.htm
07-05 11:54:36.821   545 11011 I DownloadManager: deleting spurious file /data/data/com.android.providers.downloads/cache/metadata-617.htm
07-05 11:54:36.821   545 11011 I DownloadManager: deleting spurious file /data/data/com.android.providers.downloads/cache/metadata-613.htm
07-05 11:54:36.821   545 11011 I DownloadManager: deleting spurious file /data/data/com.android.providers.downloads/cache/metadata-963.htm
07-05 11:54:36.821   545 11011 I DownloadManager: deleting spurious file /data/data/com.android.providers.downloads/cache/metadata-1019.htm
07-05 11:54:36.821   545 11011 I DownloadManager: deleting spurious file /data/data/com.android.providers.downloads/cache/metadata-781.htm
07-05 11:54:36.821   545 11011 I DownloadManager: deleting spurious file /data/data/com.android.providers.downloads/cache/metadata-1225.htm
07-05 11:54:36.821   545 11011 I DownloadManager: deleting spurious file /data/data/com.android.providers.downloads/cache/metadata-1530.htm
07-05 11:54:36.821   545 11011 I DownloadManager: deleting spurious file /data/data/com.android.providers.downloads/cache/metadata-1819.htm
07-05 11:54:36.821   545 11011 I DownloadManager: deleting spurious file /data/data/com.android.providers.downloads/cache/metadata-1723.htm
07-05 11:54:36.821   545 11011 I DownloadManager: deleting spurious file /data/data/com.android.providers.downloads/cache/metadata-1610.htm
07-05 11:54:36.821   545 11011 I DownloadManager: deleting spurious file /data/data/com.android.providers.downloads/cache/metadata-1517.htm
07-05 11:54:36.825   545 11011 I DownloadManager: deleting spurious file /data/data/com.android.providers.downloads/cache/metadata-818.htm
07-05 11:54:36.825   545 11011 I DownloadManager: deleting spurious file /data/data/com.android.providers.downloads/cache/metadata-1166.htm
07-05 11:54:36.825   545 11011 I DownloadManager: deleting spurious file /data/data/com.android.providers.downloads/cache/metadata-1538.htm
07-05 11:54:36.825   545 11011 I DownloadManager: deleting spurious file /data/data/com.android.providers.downloads/cache/metadata-1436.htm
07-05 11:54:36.825   545 11011 I DownloadManager: deleting spurious file /data/data/com.android.providers.downloads/cache/metadata-1191.htm
07-05 11:54:36.825   545 11011 I DownloadManager: deleting spurious file /data/data/com.android.providers.downloads/cache/metadata-575.htm
07-05 11:54:36.825   545 11011 I DownloadManager: deleting spurious file /data/data/com.android.providers.downloads/cache/metadata-1362.htm
07-05 11:54:36.825   545 11011 I DownloadManager: deleting spurious file /data/data/com.android.providers.downloads/cache/metadata-1529.htm
07-05 11:54:36.825   545 11011 I DownloadManager: deleting spurious file /data/data/com.android.providers.downloads/cache/metadata-1477.htm
07-05 11:54:36.825   545 11011 I DownloadManager: deleting spurious file /data/data/com.android.providers.downloads/cache/metadata-836.htm
07-05 11:54:36.825   545 11011 I DownloadManager: deleting spurious file /data/data/com.android.providers.downloads/cache/metadata-1283.htm
07-05 11:54:36.825   545 11011 I DownloadManager: deleting spurious file /data/data/com.android.providers.downloads/cache/metadata-995.htm
07-05 11:54:36.825   545 11011 I DownloadManager: deleting spurious file /data/data/com.android.providers.downloads/cache/metadata-1278.htm
07-05 11:54:36.825   545 11011 I DownloadManager: deleting spurious file /data/data/com.android.providers.downloads/cache/metadata-696.htm
07-05 11:54:36.825   545 11011 I DownloadManager: deleting spurious file /data/data/com.android.providers.downloads/cache/metadata-690.htm
07-05 11:54:36.829   545 11011 I DownloadManager: deleting spurious file /data/data/com.android.providers.downloads/cache/metadata-1429.htm
07-05 11:54:36.829   545 11011 I DownloadManager: deleting spurious file /data/data/com.android.providers.downloads/cache/metadata-2208.htm
07-05 11:54:36.829   545 11011 I DownloadManager: deleting spurious file /data/data/com.android.providers.downloads/cache/metadata-1765.htm
07-05 11:54:36.829   545 11011 I DownloadManager: deleting spurious file /data/data/com.android.providers.downloads/cache/metadata-1298.htm
07-05 11:54:36.829   545 11011 I DownloadManager: deleting spurious file /data/data/com.android.providers.downloads/cache/metadata-1317.htm
07-05 11:54:36.829   545 11011 I DownloadManager: deleting spurious file /data/data/com.android.providers.downloads/cache/metadata-556.htm
07-05 11:54:36.829   545 11011 I DownloadManager: deleting spurious file /data/data/com.android.providers.downloads/cache/metadata-654.htm
07-05 11:54:36.829   545 11011 I DownloadManager: deleting spurious file /data/data/com.android.providers.downloads/cache/metadata-1624.htm
07-05 11:54:36.829   545 11011 I DownloadManager: deleting spurious file /data/data/com.android.providers.downloads/cache/metadata-1490.htm
07-05 11:54:36.829   545 11011 I DownloadManager: deleting spurious file /data/data/com.android.providers.downloads/cache/metadata-587.htm
07-05 11:54:36.829   545 11011 I DownloadManager: deleting spurious file /data/data/com.android.providers.downloads/cache/metadata-2196.htm
07-05 11:54:36.829   545 11011 I DownloadManager: deleting spurious file /data/data/com.android.providers.downloads/cache/metadata-736.htm
07-05 11:54:36.829   545 11011 I DownloadManager: deleting spurious file /data/data/com.android.providers.downloads/cache/metadata-2108.htm
07-05 11:54:36.829   545 11011 I DownloadManager: deleting spurious file /data/data/com.android.providers.downloads/cache/metadata-1591.htm
07-05 11:54:36.829   545 11011 I DownloadManager: deleting spurious file /data/data/com.android.providers.downloads/cache/metadata-1122.htm
07-05 11:54:36.829   545 11011 I DownloadManager: deleting spurious file /data/data/com.android.providers.downloads/cache/metadata-2016.htm
07-05 11:54:36.829   545 11011 I DownloadManager: deleting spurious file /data/data/com.android.providers.downloads/cache/metadata-2351.htm
07-05 11:54:36.833   545 11011 I DownloadManager: deleting spurious file /data/data/com.android.providers.downloads/cache/metadata-1989.htm
07-05 11:54:36.833   545 11011 I DownloadManager: deleting spurious file /data/data/com.android.providers.downloads/cache/metadata-1405.htm
07-05 11:54:36.833   545 11011 I DownloadManager: deleting spurious file /data/data/com.android.providers.downloads/cache/metadata-1322.htm
07-05 11:54:36.833   545 11011 I DownloadManager: deleting spurious file /data/data/com.android.providers.downloads/cache/metadata-1099.htm
07-05 11:54:36.833   545 11011 I DownloadManager: deleting spurious file /data/data/com.android.providers.downloads/cache/metadata-1854.htm
07-05 11:54:36.833   545 11011 I DownloadManager: deleting spurious file /data/data/com.android.providers.downloads/cache/metadata-665.htm
07-05 11:54:36.833   545 11011 I DownloadManager: deleting spurious file /data/data/com.android.providers.downloads/cache/metadata-1948.htm
07-05 11:54:36.833   545 11011 I DownloadManager: deleting spurious file /data/data/com.android.providers.downloads/cache/metadata-2012.htm
07-05 11:54:36.833   545 11011 I DownloadManager: deleting spurious file /data/data/com.android.providers.downloads/cache/metadata-1323.htm
07-05 11:54:36.833   545 11011 I DownloadManager: deleting spurious file /data/data/com.android.providers.downloads/cache/metadata-682.htm
07-05 11:54:36.833   545 11011 I DownloadManager: deleting spurious file /data/data/com.android.providers.downloads/cache/metadata-1349.htm
07-05 11:54:36.833   545 11011 I DownloadManager: deleting spurious file /data/data/com.android.providers.downloads/cache/metadata-2378.htm
07-05 11:54:36.942   545   548 D dalvikvm: GC_CONCURRENT freed 733K, 11% free 10469K/11719K, paused 4ms+2ms
07-05 11:54:37.192   545   548 D dalvikvm: GC_CONCURRENT freed 406K, 11% free 10468K/11719K, paused 2ms+2ms
07-05 11:54:37.352   545 11013 I DownloadManager: Initiating request for download 1256
07-05 11:54:37.427   545   548 D dalvikvm: GC_CONCURRENT freed 337K, 11% free 10531K/11719K, paused 2ms+2ms
07-05 11:54:37.548   545   548 D dalvikvm: GC_CONCURRENT freed 221K, 9% free 10732K/11719K, paused 3ms+3ms
07-05 11:54:37.735   545   548 D dalvikvm: GC_CONCURRENT freed 661K, 11% free 10526K/11719K, paused 2ms+4ms
07-05 11:54:38.013   545   548 D dalvikvm: GC_CONCURRENT freed 440K, 11% free 10488K/11719K, paused 2ms+3ms
07-05 11:54:38.200   545   548 D dalvikvm: GC_CONCURRENT freed 425K, 11% free 10452K/11719K, paused 2ms+3ms
07-05 11:54:40.106   545 11016 I DownloadManager: Initiating request for download 1257
07-05 11:54:40.204   545   548 D dalvikvm: GC_CONCURRENT freed 308K, 10% free 10605K/11719K, paused 2ms+3ms
07-05 11:54:40.313   545   548 D dalvikvm: GC_CONCURRENT freed 312K, 8% free 10818K/11719K, paused 2ms+3ms
07-05 11:54:40.556   545   548 D dalvikvm: GC_CONCURRENT freed 796K, 11% free 10498K/11719K, paused 2ms+2ms
07-05 11:54:40.755   545   548 D dalvikvm: GC_CONCURRENT freed 401K, 11% free 10483K/11719K, paused 2ms+3ms
07-05 11:54:41.880   545   548 D dalvikvm: GC_CONCURRENT freed 379K, 11% free 10501K/11719K, paused 24ms+4ms
07-05 11:54:42.184   545   548 D dalvikvm: GC_CONCURRENT freed 438K, 11% free 10464K/11719K, paused 2ms+4ms
07-05 11:54:42.263  1370 11018 E DictionaryProvider:UpdateHandler: Can't read a file : android.util.MalformedJsonException: Use JsonReader.setLenient(true) to accept malformed JSON at line 1 column 20
07-05 11:54:42.489   545   548 D dalvikvm: GC_CONCURRENT freed 409K, 11% free 10457K/11719K, paused 2ms+3ms
07-05 11:54:42.731   545   548 D dalvikvm: GC_CONCURRENT freed 422K, 11% free 10433K/11719K, paused 2ms+2ms
07-05 11:54:42.751   545 11021 I DownloadManager: Initiating request for download 1257
07-05 11:54:42.829   545 11021 W DownloadManager: Aborting request for download 1257: Trying to resume a download that can't be resumed
07-05 11:54:44.583   545   548 D dalvikvm: GC_CONCURRENT freed 368K, 11% free 10465K/11719K, paused 2ms+2ms
07-05 11:54:44.829   545   548 D dalvikvm: GC_CONCURRENT freed 419K, 11% free 10440K/11719K, paused 2ms+2ms
07-05 11:54:45.020   545   548 D dalvikvm: GC_CONCURRENT freed 411K, 12% free 10416K/11719K, paused 2ms+3ms
07-05 11:54:45.216   545 11025 I DownloadManager: Initiating request for download 1258
07-05 11:54:45.345   545   548 D dalvikvm: GC_CONCURRENT freed 210K, 9% free 10684K/11719K, paused 2ms+3ms
07-05 11:54:45.505   545   548 D dalvikvm: GC_CONCURRENT freed 646K, 11% free 10476K/11719K, paused 2ms+2ms
07-05 11:54:45.751   545   548 D dalvikvm: GC_CONCURRENT freed 413K, 11% free 10471K/11719K, paused 2ms+3ms
07-05 11:54:45.970   545   548 D dalvikvm: GC_CONCURRENT freed 441K, 12% free 10419K/11719K, paused 2ms+3ms
07-05 11:54:46.114   545 11028 I DownloadManager: Initiating request for download 1258
07-05 11:54:46.177   545   548 D dalvikvm: GC_CONCURRENT freed 334K, 11% free 10495K/11719K, paused 2ms+2ms
07-05 11:54:46.267   545   548 D dalvikvm: GC_CONCURRENT freed 221K, 9% free 10675K/11719K, paused 2ms+3ms
07-05 11:54:47.013  1370 11027 E DictionaryProvider:UpdateHandler: Can't read a file : android.util.MalformedJsonException: Use JsonReader.setLenient(true) to accept malformed JSON at line 1 column 20
07-05 11:54:47.270   545   548 D dalvikvm: GC_CONCURRENT freed 641K, 11% free 10467K/11719K, paused 2ms+3ms
07-05 11:54:47.544   545   548 D dalvikvm: GC_CONCURRENT freed 441K, 12% free 10428K/11719K, paused 2ms+3ms
07-05 11:54:47.782   545   548 D dalvikvm: GC_CONCURRENT freed 415K, 12% free 10417K/11719K, paused 2ms+3ms
07-05 11:54:48.794   545 11033 I DownloadManager: Initiating request for download 1259
07-05 11:54:48.849   545   548 D dalvikvm: GC_CONCURRENT freed 344K, 11% free 10462K/11719K, paused 2ms+3ms
07-05 11:54:48.927   545   548 D dalvikvm: GC_CONCURRENT freed 221K, 10% free 10658K/11719K, paused 2ms+3ms
07-05 11:54:49.372   545   548 D dalvikvm: GC_CONCURRENT freed 633K, 11% free 10452K/11719K, paused 2ms+2ms
07-05 11:54:49.614   545   548 D dalvikvm: GC_CONCURRENT freed 426K, 12% free 10418K/11719K, paused 2ms+4ms
07-05 11:54:49.798   545   548 D dalvikvm: GC_CONCURRENT freed 419K, 12% free 10388K/11719K, paused 2ms+2ms
07-05 11:54:51.192  1370 11035 E DictionaryProvider:UpdateHandler: Can't read a file : android.util.MalformedJsonException: Use JsonReader.setLenient(true) to accept malformed JSON at line 1 column 20
07-05 11:54:51.317   545   548 D dalvikvm: GC_CONCURRENT freed 387K, 12% free 10396K/11719K, paused 2ms+3ms
07-05 11:54:51.509   545   548 D dalvikvm: GC_CONCURRENT freed 425K, 12% free 10360K/11719K, paused 2ms+3ms
07-05 11:54:51.700   545   548 D dalvikvm: GC_CONCURRENT freed 402K, 12% free 10347K/11719K, paused 2ms+2ms
07-05 11:54:51.958   545   548 D dalvikvm: GC_CONCURRENT freed 370K, 12% free 10366K/11719K, paused 2ms+3ms
07-05 11:54:52.153   545   548 D dalvikvm: GC_CONCURRENT freed 406K, 12% free 10348K/11719K, paused 2ms+2ms
07-05 11:54:52.309   545 11038 I DownloadManager: Initiating request for download 1260
07-05 11:54:52.403   545   548 D dalvikvm: GC_CONCURRENT freed 302K, 11% free 10471K/11719K, paused 2ms+2ms
07-05 11:54:52.505   545   548 D dalvikvm: GC_CONCURRENT freed 247K, 10% free 10643K/11719K, paused 2ms+2ms
07-05 11:54:52.657   545   548 D dalvikvm: GC_CONCURRENT freed 663K, 12% free 10405K/11719K, paused 1ms+2ms
07-05 11:54:52.743  1370 11040 E DictionaryProvider:UpdateHandler: Can't read a file : android.util.MalformedJsonException: Use JsonReader.setLenient(true) to accept malformed JSON at line 1 column 20
07-05 11:54:52.919   545   548 D dalvikvm: GC_CONCURRENT freed 431K, 12% free 10363K/11719K, paused 2ms+2ms
07-05 11:54:53.114   545   548 D dalvikvm: GC_CONCURRENT freed 410K, 12% free 10341K/11719K, paused 2ms+2ms
07-05 11:54:53.153   545 11043 I DownloadManager: Initiating request for download 1260
07-05 11:54:53.251   545   548 D dalvikvm: GC_CONCURRENT freed 188K, 10% free 10626K/11719K, paused 2ms+2ms
07-05 11:54:53.376   545   548 D dalvikvm: GC_CONCURRENT freed 440K, 10% free 10613K/11719K, paused 2ms+3ms
07-05 11:54:53.528  1370  1372 D dalvikvm: GC_CONCURRENT freed 391K, 7% free 9126K/9735K, paused 1ms+2ms
07-05 11:54:53.630   545   548 D dalvikvm: GC_CONCURRENT freed 658K, 12% free 10364K/11719K, paused 2ms+2ms
07-05 11:54:53.821   545   548 D dalvikvm: GC_CONCURRENT freed 410K, 12% free 10347K/11719K, paused 1ms+2ms
07-05 11:54:54.009   156   530 D dalvikvm: GC_EXPLICIT freed 727K, 17% free 13325K/15879K, paused 3ms+6ms
07-05 11:54:54.017   545 11046 I DownloadManager: Initiating request for download 1261
07-05 11:54:54.102   545   548 D dalvikvm: GC_CONCURRENT freed 236K, 11% free 10541K/11719K, paused 1ms+3ms
07-05 11:54:54.204   545   548 D dalvikvm: GC_CONCURRENT freed 280K, 9% free 10677K/11719K, paused 2ms+2ms
07-05 11:54:54.388  1370 11048 E DictionaryProvider:UpdateHandler: Can't read a file : android.util.MalformedJsonException: Use JsonReader.setLenient(true) to accept malformed JSON at line 1 column 20
07-05 11:54:54.458   545   548 D dalvikvm: GC_CONCURRENT freed 754K, 12% free 10377K/11719K, paused 2ms+3ms
07-05 11:54:54.645   545   548 D dalvikvm: GC_CONCURRENT freed 428K, 12% free 10341K/11719K, paused 1ms+3ms
07-05 11:54:54.774   545 11051 I DownloadManager: Initiating request for download 1261
07-05 11:54:54.852   545   548 D dalvikvm: GC_CONCURRENT freed 316K, 11% free 10448K/11719K, paused 2ms+3ms
07-05 11:54:54.954   545   548 D dalvikvm: GC_CONCURRENT freed 264K, 10% free 10643K/11719K, paused 2ms+3ms
07-05 11:54:55.118   545   548 D dalvikvm: GC_CONCURRENT freed 672K, 12% free 10395K/11719K, paused 2ms+6ms
07-05 11:54:55.329   545   548 D dalvikvm: GC_CONCURRENT freed 440K, 12% free 10344K/11719K, paused 2ms+3ms
07-05 11:54:55.517   545   548 D dalvikvm: GC_CONCURRENT freed 405K, 12% free 10327K/11719K, paused 2ms+2ms
07-05 11:54:55.559   545 11054 I DownloadManager: Initiating request for download 1262
07-05 11:54:55.665   545   548 D dalvikvm: GC_CONCURRENT freed 173K, 10% free 10584K/11719K, paused 1ms+2ms
07-05 11:54:55.782   545   548 D dalvikvm: GC_CONCURRENT freed 387K, 10% free 10604K/11719K, paused 2ms+3ms
07-05 11:54:55.931  1370 11056 E DictionaryProvider:UpdateHandler: Can't read a file : android.util.MalformedJsonException: Use JsonReader.setLenient(true) to accept malformed JSON at line 1 column 20
07-05 11:54:56.032   545   548 D dalvikvm: GC_CONCURRENT freed 640K, 12% free 10364K/11719K, paused 2ms+3ms
07-05 11:54:56.235   545   548 D dalvikvm: GC_CONCURRENT freed 410K, 12% free 10339K/11719K, paused 2ms+2ms
07-05 11:54:56.337   545 11058 I DownloadManager: Initiating request for download 1262
07-05 11:54:56.403   545   548 D dalvikvm: GC_CONCURRENT freed 242K, 11% free 10493K/11719K, paused 2ms+2ms
07-05 11:54:56.481   545   548 D dalvikvm: GC_CONCURRENT freed 251K, 10% free 10639K/11719K, paused 2ms+2ms
07-05 11:54:57.462   545   548 D dalvikvm: GC_CONCURRENT freed 660K, 12% free 10398K/11719K, paused 3ms+2ms
07-05 11:54:57.669   545   548 D dalvikvm: GC_CONCURRENT freed 434K, 12% free 10351K/11719K, paused 2ms+2ms
07-05 11:54:57.868   545   548 D dalvikvm: GC_CONCURRENT freed 410K, 12% free 10330K/11719K, paused 2ms+2ms
07-05 11:54:57.923   545 11062 I DownloadManager: Initiating request for download 1263
07-05 11:54:58.040   545   548 D dalvikvm: GC_CONCURRENT freed 183K, 10% free 10589K/11719K, paused 2ms+3ms
07-05 11:54:58.153   545   548 D dalvikvm: GC_CONCURRENT freed 392K, 10% free 10612K/11719K, paused 2ms+2ms
07-05 11:54:58.309  1370 11064 E DictionaryProvider:UpdateHandler: Can't read a file : android.util.MalformedJsonException: Use JsonReader.setLenient(true) to accept malformed JSON at line 1 column 20
07-05 11:54:58.434   545   548 D dalvikvm: GC_CONCURRENT freed 654K, 12% free 10362K/11719K, paused 2ms+3ms
07-05 11:54:58.630   545   548 D dalvikvm: GC_CONCURRENT freed 413K, 12% free 10338K/11719K, paused 2ms+3ms
07-05 11:54:58.739   545 11067 I DownloadManager: Initiating request for download 1263
07-05 11:54:58.817   545   548 D dalvikvm: GC_CONCURRENT freed 261K, 10% free 10553K/11719K, paused 1ms+3ms
07-05 11:54:58.923   545   548 D dalvikvm: GC_CONCURRENT freed 305K, 9% free 10684K/11719K, paused 2ms+4ms
07-05 11:54:59.145   545   548 D dalvikvm: GC_CONCURRENT freed 754K, 12% free 10364K/11719K, paused 2ms+3ms
07-05 11:54:59.333   545   548 D dalvikvm: GC_CONCURRENT freed 407K, 12% free 10344K/11719K, paused 2ms+2ms
07-05 11:54:59.481   545 11070 I DownloadManager: Initiating request for download 1264
07-05 11:54:59.540   545   548 D dalvikvm: GC_CONCURRENT freed 324K, 12% free 10410K/11719K, paused 3ms+2ms
07-05 11:54:59.649   545   548 D dalvikvm: GC_CONCURRENT freed 209K, 10% free 10626K/11719K, paused 1ms+2ms
07-05 11:54:59.774   545   548 D dalvikvm: GC_CONCURRENT freed 640K, 12% free 10405K/11719K, paused 2ms+2ms
07-05 11:54:59.899  1370 11072 E DictionaryProvider:UpdateHandler: Can't read a file : android.util.MalformedJsonException: Use JsonReader.setLenient(true) to accept malformed JSON at line 1 column 20
07-05 11:55:00.048   545   548 D dalvikvm: GC_CONCURRENT freed 428K, 12% free 10367K/11719K, paused 2ms+2ms
07-05 11:55:00.227   545   548 D dalvikvm: GC_CONCURRENT freed 414K, 12% free 10342K/11719K, paused 2ms+2ms
07-05 11:55:00.286   545 11075 I DownloadManager: Initiating request for download 1264
07-05 11:55:00.376   545   548 D dalvikvm: GC_CONCURRENT freed 221K, 10% free 10555K/11719K, paused 1ms+2ms
07-05 11:55:00.481   545   548 D dalvikvm: GC_CONCURRENT freed 271K, 9% free 10718K/11719K, paused 2ms+3ms
07-05 11:55:00.681  1370  1372 D dalvikvm: GC_CONCURRENT freed 385K, 7% free 9128K/9735K, paused 2ms+4ms
07-05 11:55:00.731   545   548 D dalvikvm: GC_CONCURRENT freed 796K, 12% free 10363K/11719K, paused 2ms+3ms
07-05 11:55:00.934   545   548 D dalvikvm: GC_CONCURRENT freed 407K, 12% free 10343K/11719K, paused 2ms+3ms
07-05 11:55:01.059   545 11078 I DownloadManager: Initiating request for download 1265
07-05 11:55:01.138   545 10089 D dalvikvm: GC_EXPLICIT freed 317K, 11% free 10538K/11719K, paused 3ms+5ms
07-05 11:55:01.239   545   548 D dalvikvm: GC_CONCURRENT freed 275K, 9% free 10694K/11719K, paused 1ms+3ms
07-05 11:55:01.458   545   548 D dalvikvm: GC_CONCURRENT freed 734K, 12% free 10394K/11719K, paused 2ms+2ms
07-05 11:55:01.653   545   548 D dalvikvm: GC_CONCURRENT freed 426K, 12% free 10355K/11719K, paused 2ms+2ms
07-05 11:55:02.579  1370 11080 E DictionaryProvider:UpdateHandler: Can't read a file : android.util.MalformedJsonException: Use JsonReader.setLenient(true) to accept malformed JSON at line 1 column 20
07-05 11:55:02.669   545   548 D dalvikvm: GC_CONCURRENT freed 361K, 12% free 10387K/11719K, paused 2ms+2ms
07-05 11:55:02.860   545   548 D dalvikvm: GC_CONCURRENT freed 419K, 12% free 10355K/11719K, paused 7ms+2ms
07-05 11:55:03.036   545   548 D dalvikvm: GC_CONCURRENT freed 399K, 12% free 10345K/11719K, paused 1ms+2ms
07-05 11:55:03.282   545   548 D dalvikvm: GC_CONCURRENT freed 363K, 12% free 10369K/11719K, paused 1ms+2ms
07-05 11:55:03.474   545   548 D dalvikvm: GC_CONCURRENT freed 410K, 12% free 10349K/11719K, paused 2ms+2ms
07-05 11:55:03.688   545 11083 I DownloadManager: Initiating request for download 1266
07-05 11:55:03.809   545   548 D dalvikvm: GC_CONCURRENT freed 392K, 12% free 10348K/11719K, paused 7ms+3ms
07-05 11:55:03.931   545   548 D dalvikvm: GC_CONCURRENT freed 192K, 10% free 10648K/11719K, paused 2ms+3ms
07-05 11:55:04.075   545   548 D dalvikvm: GC_CONCURRENT freed 660K, 12% free 10409K/11719K, paused 2ms+3ms
07-05 11:55:04.169  1370 11085 E DictionaryProvider:UpdateHandler: Can't read a file : android.util.MalformedJsonException: Use JsonReader.setLenient(true) to accept malformed JSON at line 1 column 20
07-05 11:55:04.321   545   548 D dalvikvm: GC_CONCURRENT freed 427K, 12% free 10368K/11719K, paused 2ms+2ms
07-05 11:55:04.513   545   548 D dalvikvm: GC_CONCURRENT freed 415K, 12% free 10341K/11719K, paused 1ms+2ms
07-05 11:55:04.591   545 11088 I DownloadManager: Initiating request for download 1266
07-05 11:55:04.681   545   548 D dalvikvm: GC_CONCURRENT freed 224K, 10% free 10586K/11719K, paused 3ms+3ms
07-05 11:55:04.790   545   548 D dalvikvm: GC_CONCURRENT freed 381K, 10% free 10625K/11719K, paused 2ms+3ms
07-05 11:55:04.997   545   548 D dalvikvm: GC_CONCURRENT freed 671K, 12% free 10375K/11719K, paused 3ms+3ms
07-05 11:55:05.200   545   548 D dalvikvm: GC_CONCURRENT freed 409K, 12% free 10355K/11719K, paused 2ms+2ms
07-05 11:55:05.341   545 11091 I DownloadManager: Initiating request for download 1267
07-05 11:55:05.419   545   548 D dalvikvm: GC_CONCURRENT freed 289K, 11% free 10507K/11719K, paused 2ms+2ms
07-05 11:55:05.520   545   548 D dalvikvm: GC_CONCURRENT freed 271K, 10% free 10662K/11719K, paused 1ms+3ms
07-05 11:55:05.692   545   548 D dalvikvm: GC_CONCURRENT freed 679K, 12% free 10414K/11719K, paused 2ms+3ms
07-05 11:55:05.759  1370 11093 E DictionaryProvider:UpdateHandler: Can't read a file : android.util.MalformedJsonException: Use JsonReader.setLenient(true) to accept malformed JSON at line 1 column 20
07-05 11:55:05.938   545   548 D dalvikvm: GC_CONCURRENT freed 435K, 12% free 10367K/11719K, paused 2ms+2ms
07-05 11:55:06.134   545   548 D dalvikvm: GC_CONCURRENT freed 413K, 12% free 10344K/11719K, paused 2ms+2ms
07-05 11:55:06.161   545 11096 I DownloadManager: Initiating request for download 1267
07-05 11:55:06.263   545   548 D dalvikvm: GC_CONCURRENT freed 180K, 10% free 10594K/11719K, paused 2ms+3ms
07-05 11:55:06.368   545   548 D dalvikvm: GC_CONCURRENT freed 392K, 10% free 10621K/11719K, paused 1ms+3ms
07-05 11:55:06.595   545   548 D dalvikvm: GC_CONCURRENT freed 662K, 12% free 10368K/11719K, paused 2ms+3ms
07-05 11:55:06.802   545   548 D dalvikvm: GC_CONCURRENT freed 407K, 12% free 10351K/11719K, paused 2ms+2ms
07-05 11:55:06.911   545 11099 I DownloadManager: Initiating request for download 1268
07-05 11:55:07.001   545   548 D dalvikvm: GC_CONCURRENT freed 240K, 10% free 10564K/11719K, paused 2ms+2ms
07-05 11:55:07.102   545   548 D dalvikvm: GC_CONCURRENT freed 309K, 9% free 10697K/11719K, paused 2ms+3ms
07-05 11:55:07.325  1370 11101 E DictionaryProvider:UpdateHandler: Can't read a file : android.util.MalformedJsonException: Use JsonReader.setLenient(true) to accept malformed JSON at line 1 column 20
07-05 11:55:07.345   545   548 D dalvikvm: GC_CONCURRENT freed 760K, 12% free 10394K/11719K, paused 2ms+3ms
07-05 11:55:07.559   545   548 D dalvikvm: GC_CONCURRENT freed 421K, 12% free 10363K/11719K, paused 2ms+2ms
07-05 11:55:07.688   545 11104 I DownloadManager: Initiating request for download 1268
07-05 11:55:07.747   545   548 D dalvikvm: GC_CONCURRENT freed 332K, 12% free 10420K/11719K, paused 2ms+3ms
07-05 11:55:07.856   545   548 D dalvikvm: GC_CONCURRENT freed 215K, 10% free 10661K/11719K, paused 2ms+2ms
07-05 11:55:08.001   545   548 D dalvikvm: GC_CONCURRENT freed 679K, 12% free 10418K/11719K, paused 3ms+2ms
07-05 11:55:08.216   545   548 D dalvikvm: GC_CONCURRENT freed 440K, 12% free 10371K/11719K, paused 2ms+2ms
07-05 11:55:08.407   545   548 D dalvikvm: GC_CONCURRENT freed 409K, 12% free 10350K/11719K, paused 2ms+2ms
07-05 11:55:08.477   545 11107 I DownloadManager: Initiating request for download 1269
07-05 11:55:08.591   545   548 D dalvikvm: GC_CONCURRENT freed 197K, 10% free 10583K/11719K, paused 2ms+2ms
07-05 11:55:08.700   545   548 D dalvikvm: GC_CONCURRENT freed 371K, 10% free 10634K/11719K, paused 2ms+2ms
07-05 11:55:08.876  1370 11109 E DictionaryProvider:UpdateHandler: Can't read a file : android.util.MalformedJsonException: Use JsonReader.setLenient(true) to accept malformed JSON at line 1 column 20
07-05 11:55:08.903  1370  1372 D dalvikvm: GC_CONCURRENT freed 433K, 7% free 9136K/9735K, paused 2ms+3ms
07-05 11:55:08.962   545   548 D dalvikvm: GC_CONCURRENT freed 662K, 12% free 10387K/11719K, paused 2ms+3ms
07-05 11:55:09.149   545   548 D dalvikvm: GC_CONCURRENT freed 420K, 12% free 10360K/11719K, paused 2ms+3ms
07-05 11:55:09.329   156   514 D dalvikvm: GC_EXPLICIT freed 557K, 17% free 13326K/15879K, paused 2ms+6ms
07-05 11:55:09.337   545 11112 I DownloadManager: Initiating request for download 1269
07-05 11:55:09.415   545   548 D dalvikvm: GC_CONCURRENT freed 280K, 11% free 10542K/11719K, paused 2ms+4ms
07-05 11:55:09.520   545   548 D dalvikvm: GC_CONCURRENT freed 310K, 9% free 10667K/11719K, paused 2ms+3ms
07-05 11:55:09.704   545   548 D dalvikvm: GC_CONCURRENT freed 694K, 12% free 10401K/11719K, paused 2ms+2ms
07-05 11:55:09.919   545   548 D dalvikvm: GC_CONCURRENT freed 438K, 12% free 10359K/11719K, paused 2ms+3ms
07-05 11:55:10.130   545 11116 I DownloadManager: Initiating request for download 1270
07-05 11:55:10.204   545   548 D dalvikvm: GC_CONCURRENT freed 395K, 12% free 10376K/11719K, paused 5ms+7ms
07-05 11:55:10.333   545   548 D dalvikvm: GC_CONCURRENT freed 189K, 10% free 10606K/11719K, paused 2ms+3ms
07-05 11:55:10.458   545   548 D dalvikvm: GC_CONCURRENT freed 413K, 10% free 10616K/11719K, paused 2ms+3ms
07-05 11:55:10.638  1370 11118 D dalvikvm: GC_EXPLICIT freed 117K, 7% free 9095K/9735K, paused 1ms+2ms
07-05 11:55:10.642  1370 11118 E DictionaryProvider:UpdateHandler: Can't read a file : android.util.MalformedJsonException: Use JsonReader.setLenient(true) to accept malformed JSON at line 1 column 20
07-05 11:55:10.755   545   548 D dalvikvm: GC_CONCURRENT freed 659K, 12% free 10365K/11719K, paused 2ms+2ms
07-05 11:55:10.946   545   548 D dalvikvm: GC_CONCURRENT freed 414K, 12% free 10342K/11719K, paused 2ms+2ms
07-05 11:55:11.036   545 11121 I DownloadManager: Initiating request for download 1270
07-05 11:55:11.122   545   548 D dalvikvm: GC_CONCURRENT freed 233K, 11% free 10534K/11719K, paused 2ms+2ms
07-05 11:55:11.243   545   548 D dalvikvm: GC_CONCURRENT freed 276K, 9% free 10704K/11719K, paused 2ms+4ms
07-05 11:55:11.462   545   548 D dalvikvm: GC_CONCURRENT freed 776K, 12% free 10370K/11719K, paused 1ms+2ms
07-05 11:55:11.649   545   548 D dalvikvm: GC_CONCURRENT freed 412K, 12% free 10347K/11719K, paused 1ms+3ms
07-05 11:55:11.802   545 11124 I DownloadManager: Initiating request for download 1271
07-05 11:55:11.872   545   548 D dalvikvm: GC_CONCURRENT freed 310K, 11% free 10455K/11719K, paused 3ms+2ms
07-05 11:55:11.977   545   548 D dalvikvm: GC_CONCURRENT freed 242K, 10% free 10645K/11719K, paused 2ms+3ms
07-05 11:55:12.118   545   548 D dalvikvm: GC_CONCURRENT freed 660K, 12% free 10407K/11719K, paused 3ms+2ms
07-05 11:55:12.204  1370 11126 E DictionaryProvider:UpdateHandler: Can't read a file : android.util.MalformedJsonException: Use JsonReader.setLenient(true) to accept malformed JSON at line 1 column 20
07-05 11:55:12.368   545   548 D dalvikvm: GC_CONCURRENT freed 431K, 12% free 10366K/11719K, paused 2ms+3ms
07-05 11:55:12.571   545   548 D dalvikvm: GC_CONCURRENT freed 413K, 12% free 10342K/11719K, paused 2ms+2ms
07-05 11:55:12.618   545 11129 I DownloadManager: Initiating request for download 1271
07-05 11:55:12.716   545   548 D dalvikvm: GC_CONCURRENT freed 231K, 10% free 10580K/11719K, paused 2ms+3ms
07-05 11:55:12.825   545   548 D dalvikvm: GC_CONCURRENT freed 374K, 10% free 10619K/11719K, paused 2ms+2ms
07-05 11:55:13.032   545   548 D dalvikvm: GC_CONCURRENT freed 659K, 12% free 10367K/11719K, paused 2ms+3ms
07-05 11:55:13.224   545   548 D dalvikvm: GC_CONCURRENT freed 411K, 12% free 10347K/11719K, paused 2ms+3ms
07-05 11:55:13.360   545 11132 I DownloadManager: Initiating request for download 1272
07-05 11:55:13.446   545   548 D dalvikvm: GC_CONCURRENT freed 261K, 11% free 10504K/11719K, paused 1ms+3ms
07-05 11:55:13.548   545   548 D dalvikvm: GC_CONCURRENT freed 271K, 9% free 10698K/11719K, paused 2ms+3ms
07-05 11:55:13.731   545   548 D dalvikvm: GC_CONCURRENT freed 729K, 12% free 10407K/11719K, paused 2ms+3ms
07-05 11:55:13.794  1370 11134 E DictionaryProvider:UpdateHandler: Can't read a file : android.util.MalformedJsonException: Use JsonReader.setLenient(true) to accept malformed JSON at line 1 column 20
07-05 11:55:13.970   545   548 D dalvikvm: GC_CONCURRENT freed 430K, 12% free 10365K/11719K, paused 2ms+3ms
07-05 11:55:14.157   545 11137 I DownloadManager: Initiating request for download 1272
07-05 11:55:14.196   545   548 D dalvikvm: GC_CONCURRENT freed 417K, 12% free 10383K/11719K, paused 2ms+3ms
07-05 11:55:14.321   545   548 D dalvikvm: GC_CONCURRENT freed 208K, 10% free 10624K/11719K, paused 2ms+3ms
07-05 11:55:14.446   545   548 D dalvikvm: GC_CONCURRENT freed 429K, 10% free 10628K/11719K, paused 2ms+4ms
07-05 11:55:14.688   545   548 D dalvikvm: GC_CONCURRENT freed 679K, 12% free 10364K/11719K, paused 1ms+3ms
07-05 11:55:14.880   545   548 D dalvikvm: GC_CONCURRENT freed 403K, 12% free 10348K/11719K, paused 2ms+3ms
07-05 11:55:14.970   545 11140 I DownloadManager: Initiating request for download 1273
07-05 11:55:15.071   545   548 D dalvikvm: GC_CONCURRENT freed 215K, 10% free 10565K/11719K, paused 2ms+3ms
07-05 11:55:15.165   545   548 D dalvikvm: GC_CONCURRENT freed 267K, 9% free 10718K/11719K, paused 2ms+3ms
07-05 11:55:15.337  1370 11142 E DictionaryProvider:UpdateHandler: Can't read a file : android.util.MalformedJsonException: Use JsonReader.setLenient(true) to accept malformed JSON at line 1 column 20
07-05 11:55:15.431   545   548 D dalvikvm: GC_CONCURRENT freed 775K, 12% free 10390K/11719K, paused 2ms+2ms
07-05 11:55:15.618   545   548 D dalvikvm: GC_CONCURRENT freed 421K, 12% free 10359K/11719K, paused 1ms+3ms
07-05 11:55:15.739   545 11145 I DownloadManager: Initiating request for download 1273
07-05 11:55:15.802   545   548 D dalvikvm: GC_CONCURRENT freed 305K, 11% free 10490K/11719K, paused 2ms+3ms
07-05 11:55:15.907   545   548 D dalvikvm: GC_CONCURRENT freed 255K, 10% free 10661K/11719K, paused 2ms+2ms
07-05 11:55:16.067   545   548 D dalvikvm: GC_CONCURRENT freed 675K, 12% free 10420K/11719K, paused 2ms+2ms
07-05 11:55:16.282   545   548 D dalvikvm: GC_CONCURRENT freed 442K, 12% free 10365K/11719K, paused 2ms+2ms
07-05 11:55:16.481   545   548 D dalvikvm: GC_CONCURRENT freed 408K, 12% free 10346K/11719K, paused 2ms+3ms
07-05 11:55:16.556   545 11148 I DownloadManager: Initiating request for download 1274
07-05 11:55:16.665   545   548 D dalvikvm: GC_CONCURRENT freed 197K, 10% free 10600K/11719K, paused 2ms+2ms
07-05 11:55:16.782   545   548 D dalvikvm: GC_CONCURRENT freed 386K, 10% free 10627K/11719K, paused 2ms+4ms
07-05 11:55:16.954  1370 11150 E DictionaryProvider:UpdateHandler: Can't read a file : android.util.MalformedJsonException: Use JsonReader.setLenient(true) to accept malformed JSON at line 1 column 20
07-05 11:55:16.981  1370  1372 D dalvikvm: GC_CONCURRENT freed 369K, 7% free 9136K/9735K, paused 1ms+3ms
07-05 11:55:17.071   545   548 D dalvikvm: GC_CONCURRENT freed 659K, 12% free 10379K/11719K, paused 2ms+2ms
07-05 11:55:17.263   545   548 D dalvikvm: GC_CONCURRENT freed 415K, 12% free 10359K/11719K, paused 2ms+3ms
07-05 11:55:17.376   545 11153 I DownloadManager: Initiating request for download 1274
07-05 11:55:17.450   545   548 D dalvikvm: GC_CONCURRENT freed 261K, 11% free 10524K/11719K, paused 2ms+2ms
07-05 11:55:17.556   545   548 D dalvikvm: GC_CONCURRENT freed 280K, 9% free 10678K/11719K, paused 1ms+3ms
07-05 11:55:17.735   545   548 D dalvikvm: GC_CONCURRENT freed 695K, 12% free 10417K/11719K, paused 2ms+4ms
07-05 11:55:17.950   545   548 D dalvikvm: GC_CONCURRENT freed 435K, 12% free 10373K/11719K, paused 2ms+3ms
07-05 11:55:18.142   545   548 D dalvikvm: GC_CONCURRENT freed 411K, 12% free 10351K/11719K, paused 2ms+2ms
07-05 11:55:18.181   545 11156 I DownloadManager: Initiating request for download 1275
07-05 11:55:18.282   545   548 D dalvikvm: GC_CONCURRENT freed 169K, 10% free 10609K/11719K, paused 2ms+2ms
07-05 11:55:18.399   545   548 D dalvikvm: GC_CONCURRENT freed 396K, 10% free 10633K/11719K, paused 2ms+2ms
07-05 11:55:18.618   545   548 D dalvikvm: GC_CONCURRENT freed 671K, 12% free 10377K/11719K, paused 2ms+2ms
07-05 11:55:18.724  1370 11158 E DictionaryProvider:UpdateHandler: Can't read a file : android.util.MalformedJsonException: Use JsonReader.setLenient(true) to accept malformed JSON at line 1 column 20
07-05 11:55:18.837   545   548 D dalvikvm: GC_CONCURRENT freed 397K, 12% free 10372K/11719K, paused 2ms+2ms
07-05 11:55:18.934   545 11160 I DownloadManager: Initiating request for download 1275
07-05 11:55:19.001   545   548 D dalvikvm: GC_CONCURRENT freed 265K, 11% free 10528K/11719K, paused 2ms+2ms
07-05 11:55:19.079   545   548 D dalvikvm: GC_CONCURRENT freed 273K, 9% free 10688K/11719K, paused 2ms+3ms
07-05 11:55:19.403   545   548 D dalvikvm: GC_CONCURRENT freed 734K, 12% free 10391K/11719K, paused 2ms+3ms
07-05 11:55:19.591   545   548 D dalvikvm: GC_CONCURRENT freed 414K, 12% free 10365K/11719K, paused 1ms+2ms
07-05 11:55:19.806   545 11164 I DownloadManager: Initiating request for download 1276
07-05 11:55:19.825   545   548 D dalvikvm: GC_CONCURRENT freed 397K, 12% free 10374K/11719K, paused 2ms+3ms
07-05 11:55:19.954   545   548 D dalvikvm: GC_CONCURRENT freed 173K, 10% free 10655K/11719K, paused 2ms+2ms
07-05 11:55:20.083   545   548 D dalvikvm: GC_CONCURRENT freed 461K, 10% free 10637K/11719K, paused 2ms+2ms
07-05 11:55:20.220  1370 11166 E DictionaryProvider:UpdateHandler: Can't read a file : android.util.MalformedJsonException: Use JsonReader.setLenient(true) to accept malformed JSON at line 1 column 20
07-05 11:55:20.349   545   548 D dalvikvm: GC_CONCURRENT freed 671K, 12% free 10387K/11719K, paused 2ms+2ms
07-05 11:55:20.536   545   548 D dalvikvm: GC_CONCURRENT freed 415K, 12% free 10358K/11719K, paused 2ms+2ms
07-05 11:55:20.618   545 11169 I DownloadManager: Initiating request for download 1276
07-05 11:55:20.700   545   548 D dalvikvm: GC_CONCURRENT freed 226K, 10% free 10562K/11719K, paused 2ms+3ms
07-05 11:55:20.806   545   548 D dalvikvm: GC_CONCURRENT freed 270K, 9% free 10748K/11719K, paused 2ms+2ms
07-05 11:55:21.024   545   548 D dalvikvm: GC_CONCURRENT freed 813K, 12% free 10387K/11719K, paused 2ms+3ms
07-05 11:55:21.212   545   548 D dalvikvm: GC_CONCURRENT freed 414K, 12% free 10363K/11719K, paused 2ms+2ms
07-05 11:55:21.352   545 11172 I DownloadManager: Initiating request for download 1277
07-05 11:55:21.431   545   548 D dalvikvm: GC_CONCURRENT freed 288K, 11% free 10526K/11719K, paused 2ms+3ms
07-05 11:55:21.536   545   548 D dalvikvm: GC_CONCURRENT freed 275K, 9% free 10728K/11719K, paused 2ms+3ms
07-05 11:55:21.735   545   548 D dalvikvm: GC_CONCURRENT freed 754K, 12% free 10428K/11719K, paused 2ms+2ms
07-05 11:55:21.790  1370 11174 E DictionaryProvider:UpdateHandler: Can't read a file : android.util.MalformedJsonException: Use JsonReader.setLenient(true) to accept malformed JSON at line 1 column 20
07-05 11:55:21.895   465   467 D dalvikvm: GC_CONCURRENT freed 417K, 5% free 10537K/11079K, paused 1ms+3ms
07-05 11:55:22.020   545   548 D dalvikvm: GC_CONCURRENT freed 437K, 12% free 10379K/11719K, paused 2ms+2ms
07-05 11:55:22.184   545 11177 I DownloadManager: Initiating request for download 1277
07-05 11:55:22.224   545   548 D dalvikvm: GC_CONCURRENT freed 400K, 12% free 10399K/11719K, paused 2ms+3ms
07-05 11:55:22.341   545   548 D dalvikvm: GC_CONCURRENT freed 217K, 9% free 10692K/11719K, paused 2ms+3ms
07-05 11:55:22.501   545   548 D dalvikvm: GC_CONCURRENT freed 705K, 12% free 10425K/11719K, paused 3ms+3ms
07-05 11:55:22.614   156   167 D dalvikvm: GC_EXPLICIT freed 494K, 17% free 13325K/15879K, paused 3ms+9ms
07-05 11:55:22.790   545   548 D dalvikvm: GC_CONCURRENT freed 433K, 12% free 10382K/11719K, paused 2ms+3ms
07-05 11:55:22.981   545   548 D dalvikvm: GC_CONCURRENT freed 422K, 12% free 10348K/11719K, paused 2ms+2ms
07-05 11:55:23.052   545 11180 I DownloadManager: Initiating request for download 1278
07-05 11:55:23.142   545   548 D dalvikvm: GC_CONCURRENT freed 190K, 10% free 10569K/11719K, paused 1ms+3ms
07-05 11:55:23.247   545   548 D dalvikvm: GC_CONCURRENT freed 270K, 9% free 10719K/11719K, paused 2ms+2ms
07-05 11:55:23.446   545   548 D dalvikvm: GC_CONCURRENT freed 759K, 12% free 10405K/11719K, paused 2ms+3ms
07-05 11:55:23.642   545   548 D dalvikvm: GC_CONCURRENT freed 401K, 12% free 10393K/11719K, paused 2ms+3ms
07-05 11:55:23.696  1370 11182 E DictionaryProvider:UpdateHandler: Can't read a file : android.util.MalformedJsonException: Use JsonReader.setLenient(true) to accept malformed JSON at line 1 column 20
07-05 11:55:23.739  1370  1372 D dalvikvm: GC_CONCURRENT freed 394K, 7% free 9133K/9735K, paused 2ms+2ms
07-05 11:55:23.915   545 11185 D dalvikvm: GC_EXPLICIT freed 328K, 12% free 10400K/11719K, paused 1ms+7ms
07-05 11:55:23.923   545 11185 I DownloadManager: Initiating request for download 1278
07-05 11:55:24.032   545   548 D dalvikvm: GC_CONCURRENT freed 210K, 10% free 10624K/11719K, paused 2ms+2ms
07-05 11:55:24.153   545   548 D dalvikvm: GC_CONCURRENT freed 430K, 10% free 10636K/11719K, paused 2ms+3ms
07-05 11:55:24.345   545   548 D dalvikvm: GC_CONCURRENT freed 648K, 12% free 10405K/11719K, paused 2ms+2ms
07-05 11:55:24.536   545   548 D dalvikvm: GC_CONCURRENT freed 405K, 12% free 10387K/11719K, paused 2ms+3ms
07-05 11:55:26.013   545 11187 I DownloadManager: Initiating request for download 1279
07-05 11:55:26.102   545   548 D dalvikvm: GC_CONCURRENT freed 251K, 10% free 10610K/11719K, paused 2ms+3ms
07-05 11:55:26.212   545   548 D dalvikvm: GC_CONCURRENT freed 400K, 10% free 10638K/11719K, paused 2ms+2ms
07-05 11:55:26.423  1370 11190 E DictionaryProvider:UpdateHandler: Can't read a file : android.util.MalformedJsonException: Use JsonReader.setLenient(true) to accept malformed JSON at line 1 column 20
07-05 11:55:26.466   545   548 D dalvikvm: GC_CONCURRENT freed 674K, 12% free 10392K/11719K, paused 2ms+3ms
07-05 11:55:26.665   545   548 D dalvikvm: GC_CONCURRENT freed 416K, 12% free 10363K/11719K, paused 2ms+2ms
07-05 11:55:26.798   545 11193 I DownloadManager: Initiating request for download 1279
07-05 11:55:26.852   545   548 D dalvikvm: GC_CONCURRENT freed 332K, 12% free 10423K/11719K, paused 2ms+2ms
07-05 11:55:26.958   545   548 D dalvikvm: GC_CONCURRENT freed 204K, 10% free 10641K/11719K, paused 2ms+2ms
07-05 11:55:27.087   545   548 D dalvikvm: GC_CONCURRENT freed 641K, 12% free 10418K/11719K, paused 2ms+4ms
07-05 11:55:27.325   545   548 D dalvikvm: GC_CONCURRENT freed 432K, 12% free 10375K/11719K, paused 2ms+2ms
07-05 11:55:27.517   545   548 D dalvikvm: GC_CONCURRENT freed 410K, 12% free 10354K/11719K, paused 2ms+2ms
07-05 11:55:27.614   545 11196 I DownloadManager: Initiating request for download 1280
07-05 11:55:27.700   545   548 D dalvikvm: GC_CONCURRENT freed 230K, 10% free 10551K/11719K, paused 2ms+3ms
07-05 11:55:27.806   545   548 D dalvikvm: GC_CONCURRENT freed 289K, 9% free 10717K/11719K, paused 2ms+3ms
07-05 11:55:28.013  1370 11198 E DictionaryProvider:UpdateHandler: Can't read a file : android.util.MalformedJsonException: Use JsonReader.setLenient(true) to accept malformed JSON at line 1 column 20
07-05 11:55:28.048   545   548 D dalvikvm: GC_CONCURRENT freed 784K, 12% free 10393K/11719K, paused 2ms+3ms
07-05 11:55:28.251   545   548 D dalvikvm: GC_CONCURRENT freed 419K, 12% free 10361K/11719K, paused 2ms+2ms
07-05 11:55:28.380   545 11201 I DownloadManager: Initiating request for download 1280
07-05 11:55:28.431   545   548 D dalvikvm: GC_CONCURRENT freed 327K, 12% free 10426K/11719K, paused 1ms+4ms
07-05 11:55:28.536   545   548 D dalvikvm: GC_CONCURRENT freed 208K, 9% free 10684K/11719K, paused 2ms+3ms
07-05 11:55:28.688   545   548 D dalvikvm: GC_CONCURRENT freed 697K, 12% free 10419K/11719K, paused 2ms+3ms
07-05 11:55:28.907   545   548 D dalvikvm: GC_CONCURRENT freed 437K, 12% free 10372K/11719K, paused 2ms+3ms
07-05 11:55:29.095   545   548 D dalvikvm: GC_CONCURRENT freed 408K, 12% free 10353K/11719K, paused 1ms+2ms
07-05 11:55:29.173   545 11204 I DownloadManager: Initiating request for download 1281
07-05 11:55:29.274   545   548 D dalvikvm: GC_CONCURRENT freed 197K, 10% free 10602K/11719K, paused 2ms+2ms
07-05 11:55:29.380   545   548 D dalvikvm: GC_CONCURRENT freed 303K, 9% free 10734K/11719K, paused 2ms+2ms
07-05 11:55:29.587   545   548 D dalvikvm: GC_CONCURRENT freed 789K, 12% free 10392K/11719K, paused 2ms+2ms
07-05 11:55:29.591  1370 11206 E DictionaryProvider:UpdateHandler: Can't read a file : android.util.MalformedJsonException: Use JsonReader.setLenient(true) to accept malformed JSON at line 1 column 20
07-05 11:55:29.809   545   548 D dalvikvm: GC_CONCURRENT freed 408K, 12% free 10374K/11719K, paused 2ms+3ms
07-05 11:55:29.934   545 11209 I DownloadManager: Initiating request for download 1281
07-05 11:55:30.005   545   548 D dalvikvm: GC_CONCURRENT freed 309K, 11% free 10506K/11719K, paused 2ms+3ms
07-05 11:55:30.110   545   548 D dalvikvm: GC_CONCURRENT freed 252K, 9% free 10677K/11719K, paused 1ms+3ms
07-05 11:55:30.267   545   548 D dalvikvm: GC_CONCURRENT freed 684K, 11% free 10433K/11719K, paused 2ms+2ms
07-05 11:55:30.477   545   548 D dalvikvm: GC_CONCURRENT freed 439K, 12% free 10389K/11719K, paused 2ms+3ms
07-05 11:55:30.669   545   548 D dalvikvm: GC_CONCURRENT freed 413K, 12% free 10364K/11719K, paused 2ms+3ms
07-05 11:55:30.739   545 11212 I DownloadManager: Initiating request for download 1282
07-05 11:55:30.845   545   548 D dalvikvm: GC_CONCURRENT freed 191K, 10% free 10600K/11719K, paused 2ms+3ms
07-05 11:55:30.946   545   548 D dalvikvm: GC_CONCURRENT freed 366K, 10% free 10648K/11719K, paused 1ms+3ms
07-05 11:55:31.114  1370 11214 E DictionaryProvider:UpdateHandler: Can't read a file : android.util.MalformedJsonException: Use JsonReader.setLenient(true) to accept malformed JSON at line 1 column 20
07-05 11:55:31.161  1370  1372 D dalvikvm: GC_CONCURRENT freed 395K, 7% free 9129K/9735K, paused 1ms+13ms
07-05 11:55:31.216   545   548 D dalvikvm: GC_CONCURRENT freed 669K, 12% free 10409K/11719K, paused 1ms+3ms
07-05 11:55:31.399   545   548 D dalvikvm: GC_CONCURRENT freed 422K, 12% free 10378K/11719K, paused 1ms+2ms
07-05 11:55:31.520   545 11217 I DownloadManager: Initiating request for download 1282
07-05 11:55:31.610   545   548 D dalvikvm: GC_CONCURRENT freed 326K, 11% free 10444K/11719K, paused 2ms+2ms
07-05 11:55:31.712   545   548 D dalvikvm: GC_CONCURRENT freed 236K, 10% free 10661K/11719K, paused 1ms+2ms
07-05 11:55:31.845   545   548 D dalvikvm: GC_CONCURRENT freed 663K, 11% free 10435K/11719K, paused 3ms+2ms
07-05 11:55:32.067   545   548 D dalvikvm: GC_CONCURRENT freed 434K, 12% free 10390K/11719K, paused 2ms+2ms
07-05 11:55:32.259   545   548 D dalvikvm: GC_CONCURRENT freed 408K, 12% free 10374K/11719K, paused 2ms+3ms
07-05 11:55:32.364   545 11221 I DownloadManager: Initiating request for download 1283
07-05 11:55:32.466   545   548 D dalvikvm: GC_CONCURRENT freed 209K, 10% free 10579K/11719K, paused 2ms+3ms
07-05 11:55:32.567   545   548 D dalvikvm: GC_CONCURRENT freed 275K, 9% free 10737K/11719K, paused 2ms+2ms
07-05 11:55:32.770  1370 11223 E DictionaryProvider:UpdateHandler: Can't read a file : android.util.MalformedJsonException: Use JsonReader.setLenient(true) to accept malformed JSON at line 1 column 20
07-05 11:55:32.813   545   548 D dalvikvm: GC_CONCURRENT freed 801K, 12% free 10405K/11719K, paused 2ms+3ms
07-05 11:55:33.020   545   548 D dalvikvm: GC_CONCURRENT freed 414K, 12% free 10384K/11719K, paused 1ms+2ms
07-05 11:55:33.138   545 11226 I DownloadManager: Initiating request for download 1283
07-05 11:55:33.192   545   548 D dalvikvm: GC_CONCURRENT freed 329K, 11% free 10443K/11719K, paused 2ms+3ms
07-05 11:55:33.235   682  1364 I EventLogService: Aggregate from 1341501933174 (log), 1341501933174 (data)
07-05 11:55:33.345   545   548 D dalvikvm: GC_CONCURRENT freed 232K, 9% free 10678K/11719K, paused 3ms+5ms
07-05 11:55:33.520   545   548 D dalvikvm: GC_CONCURRENT freed 671K, 11% free 10438K/11719K, paused 2ms+3ms
07-05 11:55:33.735   545   548 D dalvikvm: GC_CONCURRENT freed 435K, 12% free 10391K/11719K, paused 2ms+2ms
07-05 11:55:33.931   545   548 D dalvikvm: GC_CONCURRENT freed 407K, 12% free 10373K/11719K, paused 2ms+2ms
07-05 11:55:34.017   545 11229 I DownloadManager: Initiating request for download 1284
07-05 11:55:34.126   545   548 D dalvikvm: GC_CONCURRENT freed 212K, 10% free 10588K/11719K, paused 2ms+3ms
07-05 11:55:34.227   545   548 D dalvikvm: GC_CONCURRENT freed 292K, 9% free 10743K/11719K, paused 2ms+3ms
07-05 11:55:34.454  1370 11231 E DictionaryProvider:UpdateHandler: Can't read a file : android.util.MalformedJsonException: Use JsonReader.setLenient(true) to accept malformed JSON at line 1 column 20
