07-05 11:36:00.381   545   548 D dalvikvm: GC_CONCURRENT freed 506K, 15% free 10056K/11719K, paused 2ms+2ms
07-05 11:36:00.459  1370  6082 E DictionaryProvider:UpdateHandler: Can't read a file : android.util.MalformedJsonException: Use JsonReader.setLenient(true) to accept malformed JSON at line 1 column 20
07-05 11:36:00.627   545   548 D dalvikvm: GC_CONCURRENT freed 433K, 15% free 10011K/11719K, paused 2ms+2ms
07-05 11:36:00.690   545  6085 I DownloadManager: Initiating request for download 678
07-05 11:36:00.783   545   548 D dalvikvm: GC_CONCURRENT freed 254K, 14% free 10171K/11719K, paused 1ms+2ms
07-05 11:36:00.928   545   548 D dalvikvm: GC_CONCURRENT freed 509K, 15% free 10048K/11719K, paused 1ms+2ms
07-05 11:36:01.104   545   548 D dalvikvm: GC_CONCURRENT freed 397K, 15% free 10035K/11719K, paused 2ms+2ms
07-05 11:36:02.178   545  6087 I DownloadManager: Initiating request for download 679
07-05 11:36:02.268   545   548 D dalvikvm: GC_CONCURRENT freed 234K, 13% free 10226K/11719K, paused 1ms+3ms
07-05 11:36:02.393   993  1240 I PhoneLab-: Service Running
07-05 11:36:02.428   993  1240 I PhoneLab-LoggerService: app_49    1247  993   1956   1584  c00f181c 400107b4 S logcat
07-05 11:36:02.428   993  1240 I PhoneLab-LoggerService: Logcat pid from database 1247
07-05 11:36:02.428   993  1240 I PhoneLab-LoggerService: Logcat process found 1247
07-05 11:36:02.428   993  1240 I PhoneLab-LoggerService: Checking Threshold
07-05 11:36:02.428   993  1240 I PhoneLab-LoggerService: Starting to rename files
07-05 11:36:02.428   993  1240 I PhoneLab-LoggerService: Files found .. 4
07-05 11:36:02.432   993  1240 I PhoneLab-LoggerService: File 1 log.out.1
07-05 11:36:02.444   993  1240 I PhoneLab-LoggerService: Renamed successfully
07-05 11:36:02.498  1370  6091 E DictionaryProvider:UpdateHandler: Can't read a file : android.util.MalformedJsonException: Use JsonReader.setLenient(true) to accept malformed JSON at line 1 column 20
07-05 11:36:02.526  1370  1372 D dalvikvm: GC_CONCURRENT freed 345K, 7% free 9146K/9735K, paused 1ms+2ms
07-05 11:36:02.588   545   548 D dalvikvm: GC_CONCURRENT freed 595K, 15% free 10030K/11719K, paused 2ms+3ms
07-05 11:36:02.717   545  6094 I DownloadManager: Initiating request for download 679
07-05 11:36:02.764   545   548 D dalvikvm: GC_CONCURRENT freed 363K, 15% free 10058K/11719K, paused 2ms+4ms
07-05 11:36:02.873   545   548 D dalvikvm: GC_CONCURRENT freed 301K, 14% free 10159K/11719K, paused 2ms+3ms
07-05 11:36:03.080   545   548 D dalvikvm: GC_CONCURRENT freed 538K, 15% free 10011K/11719K, paused 1ms+2ms
07-05 11:36:03.213   545  6097 I DownloadManager: Initiating request for download 680
07-05 11:36:03.299   545   548 D dalvikvm: GC_CONCURRENT freed 311K, 14% free 10183K/11719K, paused 2ms+3ms
07-05 11:36:03.444   545   548 D dalvikvm: GC_CONCURRENT freed 520K, 15% free 10056K/11719K, paused 1ms+2ms
07-05 11:36:03.545  1370  6099 E DictionaryProvider:UpdateHandler: Can't read a file : android.util.MalformedJsonException: Use JsonReader.setLenient(true) to accept malformed JSON at line 1 column 20
07-05 11:36:03.686   545   548 D dalvikvm: GC_CONCURRENT freed 428K, 15% free 10014K/11719K, paused 1ms+2ms
07-05 11:36:03.737   545  6102 I DownloadManager: Initiating request for download 680
07-05 11:36:03.826   545   548 D dalvikvm: GC_CONCURRENT freed 257K, 14% free 10189K/11719K, paused 2ms+2ms
07-05 11:36:04.006   545   548 D dalvikvm: GC_CONCURRENT freed 557K, 15% free 10020K/11719K, paused 3ms+2ms
07-05 11:36:04.190   545  6105 I DownloadManager: Initiating request for download 681
07-05 11:36:04.229   545   548 D dalvikvm: GC_CONCURRENT freed 404K, 15% free 10026K/11719K, paused 2ms+3ms
07-05 11:36:04.346   545   548 D dalvikvm: GC_CONCURRENT freed 260K, 14% free 10163K/11719K, paused 2ms+2ms
07-05 11:36:04.483  1370  6107 E DictionaryProvider:UpdateHandler: Can't read a file : android.util.MalformedJsonException: Use JsonReader.setLenient(true) to accept malformed JSON at line 1 column 20
07-05 11:36:04.588   545   548 D dalvikvm: GC_CONCURRENT freed 525K, 15% free 10027K/11719K, paused 1ms+2ms
07-05 11:36:04.709   545  6110 I DownloadManager: Initiating request for download 681
07-05 11:36:04.776   545   548 D dalvikvm: GC_CONCURRENT freed 347K, 14% free 10110K/11719K, paused 2ms+2ms
07-05 11:36:04.877   545   548 D dalvikvm: GC_CONCURRENT freed 342K, 14% free 10180K/11719K, paused 2ms+2ms
07-05 11:36:05.112   545   548 D dalvikvm: GC_CONCURRENT freed 551K, 15% free 10017K/11719K, paused 1ms+2ms
07-05 11:36:05.225   545  6113 I DownloadManager: Initiating request for download 682
07-05 11:36:05.311   545   548 D dalvikvm: GC_CONCURRENT freed 299K, 14% free 10168K/11719K, paused 1ms+2ms
07-05 11:36:05.444   545   548 D dalvikvm: GC_CONCURRENT freed 496K, 15% free 10060K/11719K, paused 2ms+2ms
07-05 11:36:05.510  1370  6115 E DictionaryProvider:UpdateHandler: Can't read a file : android.util.MalformedJsonException: Use JsonReader.setLenient(true) to accept malformed JSON at line 1 column 20
07-05 11:36:05.682   545   548 D dalvikvm: GC_CONCURRENT freed 428K, 15% free 10019K/11719K, paused 1ms+2ms
07-05 11:36:05.737   545  6118 I DownloadManager: Initiating request for download 682
07-05 11:36:05.826   545   548 D dalvikvm: GC_CONCURRENT freed 257K, 13% free 10201K/11719K, paused 2ms+3ms
07-05 11:36:05.994   545   548 D dalvikvm: GC_CONCURRENT freed 565K, 15% free 10025K/11719K, paused 2ms+3ms
07-05 11:36:06.201   545  6121 I DownloadManager: Initiating request for download 683
07-05 11:36:06.237   545   548 D dalvikvm: GC_CONCURRENT freed 390K, 15% free 10043K/11719K, paused 2ms+3ms
07-05 11:36:06.362   545   548 D dalvikvm: GC_CONCURRENT freed 269K, 14% free 10180K/11719K, paused 2ms+2ms
07-05 11:36:06.553   545   548 D dalvikvm: GC_CONCURRENT freed 516K, 15% free 10055K/11719K, paused 2ms+3ms
07-05 11:36:06.819  1370  6123 E DictionaryProvider:UpdateHandler: Can't read a file : android.util.MalformedJsonException: Use JsonReader.setLenient(true) to accept malformed JSON at line 1 column 20
07-05 11:36:06.869  1370  1372 D dalvikvm: GC_CONCURRENT freed 403K, 7% free 9128K/9735K, paused 1ms+5ms
07-05 11:36:06.877   545   548 D dalvikvm: GC_CONCURRENT freed 400K, 15% free 10048K/11719K, paused 1ms+8ms
07-05 11:36:07.088   545   548 D dalvikvm: GC_CONCURRENT freed 420K, 15% free 10014K/11719K, paused 2ms+2ms
07-05 11:36:07.158   545  6126 I DownloadManager: Initiating request for download 683
07-05 11:36:07.158   545  6126 W DownloadManager: Aborting request for download 683: Trying to resume a download that can't be resumed
07-05 11:36:07.346   545   548 D dalvikvm: GC_CONCURRENT freed 369K, 15% free 10031K/11719K, paused 2ms+2ms
07-05 11:36:07.529   545   548 D dalvikvm: GC_CONCURRENT freed 408K, 15% free 10010K/11719K, paused 2ms+2ms
07-05 11:36:07.600   545  6129 I DownloadManager: Initiating request for download 684
07-05 11:36:07.701   545   548 D dalvikvm: GC_CONCURRENT freed 221K, 13% free 10227K/11719K, paused 2ms+3ms
07-05 11:36:07.862  1370  6131 E DictionaryProvider:UpdateHandler: Can't read a file : android.util.MalformedJsonException: Use JsonReader.setLenient(true) to accept malformed JSON at line 1 column 20
07-05 11:36:07.936   545   548 D dalvikvm: GC_CONCURRENT freed 573K, 15% free 10041K/11719K, paused 2ms+2ms
07-05 11:36:07.967   465   467 D dalvikvm: GC_CONCURRENT freed 188K, 6% free 10037K/10631K, paused 2ms+3ms
07-05 11:36:08.108   545  6134 I DownloadManager: Initiating request for download 684
07-05 11:36:08.151   545   548 D dalvikvm: GC_CONCURRENT freed 393K, 15% free 10046K/11719K, paused 2ms+2ms
07-05 11:36:08.260   545   548 D dalvikvm: GC_CONCURRENT freed 277K, 14% free 10175K/11719K, paused 2ms+2ms
07-05 11:36:08.463   545   548 D dalvikvm: GC_CONCURRENT freed 535K, 15% free 10026K/11719K, paused 2ms+2ms
07-05 11:36:08.596   545  6137 I DownloadManager: Initiating request for download 685
07-05 11:36:08.666   545   548 D dalvikvm: GC_CONCURRENT freed 329K, 14% free 10135K/11719K, paused 2ms+3ms
07-05 11:36:08.772   545   548 D dalvikvm: GC_CONCURRENT freed 462K, 15% free 10072K/11719K, paused 2ms+3ms
07-05 11:36:08.912  1370  6139 E DictionaryProvider:UpdateHandler: Can't read a file : android.util.MalformedJsonException: Use JsonReader.setLenient(true) to accept malformed JSON at line 1 column 20
07-05 11:36:09.037   545   548 D dalvikvm: GC_CONCURRENT freed 426K, 15% free 10038K/11719K, paused 2ms+2ms
07-05 11:36:09.186   545  6142 D dalvikvm: GC_EXPLICIT freed 202K, 15% free 10047K/11719K, paused 2ms+7ms
07-05 11:36:09.194   545  6142 I DownloadManager: Initiating request for download 685
07-05 11:36:09.291   545   548 D dalvikvm: GC_CONCURRENT freed 237K, 13% free 10240K/11719K, paused 2ms+3ms
07-05 11:36:09.455   545   548 D dalvikvm: GC_CONCURRENT freed 567K, 15% free 10061K/11719K, paused 2ms+2ms
07-05 11:36:10.057   545  6144 I DownloadManager: Initiating request for download 686
07-05 11:36:10.178   156   628 D dalvikvm: GC_EXPLICIT freed 513K, 11% free 13171K/14791K, paused 3ms+6ms
07-05 11:36:10.217   545   548 D dalvikvm: GC_CONCURRENT freed 342K, 14% free 10168K/11719K, paused 2ms+3ms
07-05 11:36:10.358   545   548 D dalvikvm: GC_CONCURRENT freed 481K, 15% free 10075K/11719K, paused 1ms+3ms
07-05 11:36:10.440  1370  6147 E DictionaryProvider:UpdateHandler: Can't read a file : android.util.MalformedJsonException: Use JsonReader.setLenient(true) to accept malformed JSON at line 1 column 20
07-05 11:36:10.608   545   548 D dalvikvm: GC_CONCURRENT freed 444K, 15% free 10021K/11719K, paused 2ms+2ms
07-05 11:36:10.686   545  6150 I DownloadManager: Initiating request for download 686
07-05 11:36:10.772   545   548 D dalvikvm: GC_CONCURRENT freed 275K, 14% free 10153K/11719K, paused 1ms+2ms
07-05 11:36:10.904   545   548 D dalvikvm: GC_CONCURRENT freed 486K, 15% free 10059K/11719K, paused 2ms+2ms
07-05 11:36:11.119   545   548 D dalvikvm: GC_CONCURRENT freed 438K, 15% free 10012K/11719K, paused 2ms+2ms
07-05 11:36:11.197   545  6153 I DownloadManager: Initiating request for download 687
07-05 11:36:11.287   545   548 D dalvikvm: GC_CONCURRENT freed 245K, 13% free 10225K/11719K, paused 3ms+2ms
07-05 11:36:11.471   545   548 D dalvikvm: GC_CONCURRENT freed 588K, 15% free 10036K/11719K, paused 1ms+4ms
07-05 11:36:11.475  1370  6155 E DictionaryProvider:UpdateHandler: Can't read a file : android.util.MalformedJsonException: Use JsonReader.setLenient(true) to accept malformed JSON at line 1 column 20
07-05 11:36:11.518  1370  1372 D dalvikvm: GC_CONCURRENT freed 385K, 7% free 9130K/9735K, paused 1ms+3ms
07-05 11:36:11.697   545  6158 I DownloadManager: Initiating request for download 687
07-05 11:36:11.717   545   548 D dalvikvm: GC_CONCURRENT freed 411K, 15% free 10017K/11719K, paused 2ms+2ms
07-05 11:36:11.822   545   548 D dalvikvm: GC_CONCURRENT freed 200K, 13% free 10221K/11719K, paused 2ms+2ms
07-05 11:36:12.026   545   548 D dalvikvm: GC_CONCURRENT freed 588K, 15% free 10022K/11719K, paused 2ms+2ms
07-05 11:36:12.182   545  6161 I DownloadManager: Initiating request for download 688
07-05 11:36:12.244   545   548 D dalvikvm: GC_CONCURRENT freed 354K, 15% free 10069K/11719K, paused 2ms+2ms
07-05 11:36:12.346   545   548 D dalvikvm: GC_CONCURRENT freed 297K, 14% free 10171K/11719K, paused 2ms+2ms
07-05 11:36:12.490  1370  6163 E DictionaryProvider:UpdateHandler: Can't read a file : android.util.MalformedJsonException: Use JsonReader.setLenient(true) to accept malformed JSON at line 1 column 20
07-05 11:36:12.580   545   548 D dalvikvm: GC_CONCURRENT freed 522K, 15% free 10034K/11719K, paused 2ms+3ms
07-05 11:36:12.705   545  6165 I DownloadManager: Initiating request for download 688
07-05 11:36:12.772   545   548 D dalvikvm: GC_CONCURRENT freed 324K, 14% free 10121K/11719K, paused 2ms+3ms
07-05 11:36:14.119   545   548 D dalvikvm: GC_CONCURRENT freed 444K, 15% free 10068K/11719K, paused 1ms+2ms
07-05 11:36:14.342   545   548 D dalvikvm: GC_CONCURRENT freed 434K, 15% free 10020K/11719K, paused 2ms+2ms
07-05 11:36:14.471   545  6169 I DownloadManager: Initiating request for download 689
07-05 11:36:14.557   545   548 D dalvikvm: GC_CONCURRENT freed 294K, 14% free 10184K/11719K, paused 2ms+3ms
07-05 11:36:14.701   545   548 D dalvikvm: GC_CONCURRENT freed 506K, 15% free 10067K/11719K, paused 2ms+3ms
07-05 11:36:14.760  1370  6171 E DictionaryProvider:UpdateHandler: Can't read a file : android.util.MalformedJsonException: Use JsonReader.setLenient(true) to accept malformed JSON at line 1 column 20
07-05 11:36:14.951   545   548 D dalvikvm: GC_CONCURRENT freed 429K, 15% free 10025K/11719K, paused 2ms+3ms
07-05 11:36:15.010   545  6174 I DownloadManager: Initiating request for download 689
07-05 11:36:15.092   545   548 D dalvikvm: GC_CONCURRENT freed 264K, 14% free 10187K/11719K, paused 3ms+3ms
07-05 11:36:15.252   545   548 D dalvikvm: GC_CONCURRENT freed 543K, 15% free 10038K/11719K, paused 2ms+2ms
07-05 11:36:15.455   545   548 D dalvikvm: GC_CONCURRENT freed 410K, 15% free 10014K/11719K, paused 2ms+2ms
07-05 11:36:15.506   545  6177 I DownloadManager: Initiating request for download 690
07-05 11:36:15.608   545   548 D dalvikvm: GC_CONCURRENT freed 223K, 13% free 10222K/11719K, paused 1ms+2ms
07-05 11:36:15.760  1370  6179 E DictionaryProvider:UpdateHandler: Can't read a file : android.util.MalformedJsonException: Use JsonReader.setLenient(true) to accept malformed JSON at line 1 column 20
07-05 11:36:15.838   545   548 D dalvikvm: GC_CONCURRENT freed 572K, 15% free 10039K/11719K, paused 2ms+2ms
07-05 11:36:16.006   545  6182 I DownloadManager: Initiating request for download 690
07-05 11:36:16.029   545   548 D dalvikvm: GC_CONCURRENT freed 403K, 15% free 10045K/11719K, paused 2ms+2ms
07-05 11:36:16.147   545   548 D dalvikvm: GC_CONCURRENT freed 261K, 14% free 10184K/11719K, paused 2ms+2ms
07-05 11:36:16.346   545   548 D dalvikvm: GC_CONCURRENT freed 541K, 15% free 10029K/11719K, paused 1ms+2ms
07-05 11:36:16.494   545  6185 I DownloadManager: Initiating request for download 691
07-05 11:36:16.549   545   548 D dalvikvm: GC_CONCURRENT freed 335K, 14% free 10123K/11719K, paused 2ms+3ms
07-05 11:36:16.662   545   548 D dalvikvm: GC_CONCURRENT freed 442K, 14% free 10083K/11719K, paused 2ms+2ms
07-05 11:36:16.787  1370  6187 E DictionaryProvider:UpdateHandler: Can't read a file : android.util.MalformedJsonException: Use JsonReader.setLenient(true) to accept malformed JSON at line 1 column 20
07-05 11:36:16.819  1370  1372 D dalvikvm: GC_CONCURRENT freed 392K, 7% free 9129K/9735K, paused 1ms+2ms
07-05 11:36:16.940   545   548 D dalvikvm: GC_CONCURRENT freed 434K, 15% free 10036K/11719K, paused 2ms+3ms
07-05 11:36:17.045   545  6190 I DownloadManager: Initiating request for download 691
07-05 11:36:17.119   545   548 D dalvikvm: GC_CONCURRENT freed 306K, 14% free 10164K/11719K, paused 2ms+3ms
07-05 11:36:17.237   545   548 D dalvikvm: GC_CONCURRENT freed 476K, 15% free 10074K/11719K, paused 1ms+3ms
07-05 11:36:17.455   545   548 D dalvikvm: GC_CONCURRENT freed 433K, 15% free 10033K/11719K, paused 2ms+3ms
07-05 11:36:17.549   545  6193 I DownloadManager: Initiating request for download 692
07-05 11:36:17.643   545   548 D dalvikvm: GC_CONCURRENT freed 279K, 14% free 10187K/11719K, paused 3ms+3ms
07-05 11:36:17.779   545   548 D dalvikvm: GC_CONCURRENT freed 504K, 15% free 10072K/11719K, paused 1ms+2ms
07-05 11:36:17.889  1370  6195 E DictionaryProvider:UpdateHandler: Can't read a file : android.util.MalformedJsonException: Use JsonReader.setLenient(true) to accept malformed JSON at line 1 column 20
07-05 11:36:18.037   545   548 D dalvikvm: GC_CONCURRENT freed 425K, 15% free 10035K/11719K, paused 1ms+3ms
07-05 11:36:18.092   545  6198 I DownloadManager: Initiating request for download 692
07-05 11:36:18.178   545   548 D dalvikvm: GC_CONCURRENT freed 256K, 13% free 10210K/11719K, paused 1ms+3ms
07-05 11:36:18.338   545   548 D dalvikvm: GC_CONCURRENT freed 525K, 15% free 10078K/11719K, paused 3ms+3ms
07-05 11:36:18.537   545   548 D dalvikvm: GC_CONCURRENT freed 440K, 15% free 10027K/11719K, paused 1ms+3ms
07-05 11:36:18.588   545  6201 I DownloadManager: Initiating request for download 693
07-05 11:36:18.694   545   548 D dalvikvm: GC_CONCURRENT freed 214K, 13% free 10241K/11719K, paused 2ms+3ms
07-05 11:36:18.881   545   548 D dalvikvm: GC_CONCURRENT freed 593K, 15% free 10038K/11719K, paused 1ms+2ms
07-05 11:36:18.932  1370  6203 E DictionaryProvider:UpdateHandler: Can't read a file : android.util.MalformedJsonException: Use JsonReader.setLenient(true) to accept malformed JSON at line 1 column 20
07-05 11:36:19.069   545  6206 I DownloadManager: Initiating request for download 693
07-05 11:36:19.112   545   548 D dalvikvm: GC_CONCURRENT freed 366K, 15% free 10066K/11719K, paused 2ms+5ms
07-05 11:36:19.221   545   548 D dalvikvm: GC_CONCURRENT freed 279K, 14% free 10190K/11719K, paused 2ms+3ms
07-05 11:36:19.432   545   548 D dalvikvm: GC_CONCURRENT freed 536K, 15% free 10041K/11719K, paused 2ms+4ms
07-05 11:36:19.576   545  6209 I DownloadManager: Initiating request for download 694
07-05 11:36:19.651   545   548 D dalvikvm: GC_CONCURRENT freed 336K, 14% free 10172K/11719K, paused 2ms+3ms
07-05 11:36:19.760   545   548 D dalvikvm: GC_CONCURRENT freed 483K, 14% free 10084K/11719K, paused 2ms+3ms
07-05 11:36:19.893  1370  6211 E DictionaryProvider:UpdateHandler: Can't read a file : android.util.MalformedJsonException: Use JsonReader.setLenient(true) to accept malformed JSON at line 1 column 20
07-05 11:36:20.018   545   548 D dalvikvm: GC_CONCURRENT freed 430K, 15% free 10043K/11719K, paused 2ms+3ms
07-05 11:36:20.166   156   514 D dalvikvm: GC_EXPLICIT freed 527K, 11% free 13171K/14791K, paused 3ms+6ms
07-05 11:36:20.174   545  6214 I DownloadManager: Initiating request for download 694
07-05 11:36:20.256   545   548 D dalvikvm: GC_CONCURRENT freed 297K, 13% free 10219K/11719K, paused 2ms+3ms
07-05 11:36:20.397   545   548 D dalvikvm: GC_CONCURRENT freed 545K, 15% free 10064K/11719K, paused 2ms+2ms
07-05 11:36:20.608   545   548 D dalvikvm: GC_CONCURRENT freed 432K, 15% free 10017K/11719K, paused 2ms+2ms
07-05 11:36:20.682   545  6217 I DownloadManager: Initiating request for download 695
07-05 11:36:20.779   545   548 D dalvikvm: GC_CONCURRENT freed 247K, 13% free 10202K/11719K, paused 2ms+2ms
07-05 11:36:20.951   545   548 D dalvikvm: GC_CONCURRENT freed 558K, 15% free 10033K/11719K, paused 2ms+2ms
07-05 11:36:20.983  1370  6219 E DictionaryProvider:UpdateHandler: Can't read a file : android.util.MalformedJsonException: Use JsonReader.setLenient(true) to accept malformed JSON at line 1 column 20
07-05 11:36:21.029  1370  1372 D dalvikvm: GC_CONCURRENT freed 390K, 7% free 9130K/9735K, paused 3ms+2ms
07-05 11:36:21.217   545   548 D dalvikvm: GC_CONCURRENT freed 403K, 15% free 10019K/11719K, paused 2ms+2ms
07-05 11:36:21.248   545  6222 I DownloadManager: Initiating request for download 695
07-05 11:36:21.342   545   548 D dalvikvm: GC_CONCURRENT freed 223K, 13% free 10238K/11719K, paused 2ms+3ms
07-05 11:36:21.526   545   548 D dalvikvm: GC_CONCURRENT freed 598K, 15% free 10029K/11719K, paused 2ms+2ms
07-05 11:36:21.701   545  6225 I DownloadManager: Initiating request for download 696
07-05 11:36:21.748   545   548 D dalvikvm: GC_CONCURRENT freed 369K, 15% free 10054K/11719K, paused 2ms+3ms
07-05 11:36:21.865   545   548 D dalvikvm: GC_CONCURRENT freed 280K, 14% free 10182K/11719K, paused 2ms+3ms
07-05 11:36:22.018  1370  6227 E DictionaryProvider:UpdateHandler: Can't read a file : android.util.MalformedJsonException: Use JsonReader.setLenient(true) to accept malformed JSON at line 1 column 20
07-05 11:36:22.096   545   548 D dalvikvm: GC_CONCURRENT freed 528K, 15% free 10039K/11719K, paused 2ms+3ms
07-05 11:36:22.229   545  6229 I DownloadManager: Initiating request for download 696
07-05 11:36:22.279   545   548 D dalvikvm: GC_CONCURRENT freed 351K, 15% free 10075K/11719K, paused 2ms+2ms
07-05 11:36:22.369   545   548 D dalvikvm: GC_CONCURRENT freed 287K, 14% free 10186K/11719K, paused 2ms+4ms
07-05 11:36:22.612   545   548 D dalvikvm: GC_CONCURRENT freed 545K, 15% free 10031K/11719K, paused 2ms+2ms
07-05 11:36:22.752   545  6233 I DownloadManager: Initiating request for download 697
07-05 11:36:22.819   545   548 D dalvikvm: GC_CONCURRENT freed 322K, 14% free 10151K/11719K, paused 2ms+4ms
07-05 11:36:22.936   545   548 D dalvikvm: GC_CONCURRENT freed 475K, 15% free 10076K/11719K, paused 2ms+3ms
07-05 11:36:23.033  1370  6235 E DictionaryProvider:UpdateHandler: Can't read a file : android.util.MalformedJsonException: Use JsonReader.setLenient(true) to accept malformed JSON at line 1 column 20
07-05 11:36:23.186   545   548 D dalvikvm: GC_CONCURRENT freed 427K, 15% free 10037K/11719K, paused 2ms+3ms
07-05 11:36:23.279   545  6238 I DownloadManager: Initiating request for download 697
07-05 11:36:23.354   545   548 D dalvikvm: GC_CONCURRENT freed 312K, 14% free 10159K/11719K, paused 2ms+3ms
07-05 11:36:23.475   545   548 D dalvikvm: GC_CONCURRENT freed 468K, 14% free 10079K/11719K, paused 2ms+3ms
07-05 11:36:23.697   545   548 D dalvikvm: GC_CONCURRENT freed 440K, 15% free 10029K/11719K, paused 1ms+2ms
07-05 11:36:23.807   545  6241 I DownloadManager: Initiating request for download 698
07-05 11:36:23.893   545   548 D dalvikvm: GC_CONCURRENT freed 269K, 14% free 10183K/11719K, paused 1ms+3ms
07-05 11:36:24.033   545   548 D dalvikvm: GC_CONCURRENT freed 500K, 15% free 10078K/11719K, paused 1ms+3ms
07-05 11:36:24.119  1370  6243 E DictionaryProvider:UpdateHandler: Can't read a file : android.util.MalformedJsonException: Use JsonReader.setLenient(true) to accept malformed JSON at line 1 column 20
07-05 11:36:24.287   545   548 D dalvikvm: GC_CONCURRENT freed 425K, 15% free 10042K/11719K, paused 2ms+2ms
07-05 11:36:24.350   545  6246 I DownloadManager: Initiating request for download 698
07-05 11:36:24.436   545   548 D dalvikvm: GC_CONCURRENT freed 273K, 13% free 10202K/11719K, paused 2ms+2ms
07-05 11:36:24.576   545   548 D dalvikvm: GC_CONCURRENT freed 519K, 15% free 10074K/11719K, paused 2ms+2ms
07-05 11:36:24.768   545   548 D dalvikvm: GC_CONCURRENT freed 410K, 15% free 10053K/11719K, paused 2ms+3ms
07-05 11:36:26.483   545  6248 I DownloadManager: Initiating request for download 699
07-05 11:36:26.576   545   548 D dalvikvm: GC_CONCURRENT freed 236K, 13% free 10231K/11719K, paused 2ms+3ms
07-05 11:36:26.733   545  5807 D dalvikvm: GC_EXPLICIT freed 291K, 14% free 10083K/11719K, paused 11ms+3ms
07-05 11:36:26.885  1370  6251 E DictionaryProvider:UpdateHandler: Can't read a file : android.util.MalformedJsonException: Use JsonReader.setLenient(true) to accept malformed JSON at line 1 column 20
07-05 11:36:26.928  1370  1372 D dalvikvm: GC_CONCURRENT freed 391K, 7% free 9130K/9735K, paused 2ms+2ms
07-05 11:36:27.049   545   548 D dalvikvm: GC_CONCURRENT freed 427K, 15% free 10041K/11719K, paused 2ms+3ms
07-05 11:36:27.166   545  6254 I DownloadManager: Initiating request for download 699
07-05 11:36:27.166   545  6254 W DownloadManager: Aborting request for download 699: Trying to resume a download that can't be resumed
07-05 11:36:27.307   545   548 D dalvikvm: GC_CONCURRENT freed 379K, 15% free 10050K/11719K, paused 2ms+2ms
07-05 11:36:27.494   545   548 D dalvikvm: GC_CONCURRENT freed 411K, 15% free 10030K/11719K, paused 1ms+2ms
07-05 11:36:27.600   545  6257 I DownloadManager: Initiating request for download 700
07-05 11:36:27.713   545   548 D dalvikvm: GC_CONCURRENT freed 284K, 13% free 10225K/11719K, paused 2ms+3ms
07-05 11:36:27.854   545   548 D dalvikvm: GC_CONCURRENT freed 536K, 14% free 10081K/11719K, paused 2ms+3ms
07-05 11:36:27.944  1370  6259 E DictionaryProvider:UpdateHandler: Can't read a file : android.util.MalformedJsonException: Use JsonReader.setLenient(true) to accept malformed JSON at line 1 column 20
07-05 11:36:28.112   545   548 D dalvikvm: GC_CONCURRENT freed 428K, 15% free 10039K/11719K, paused 1ms+3ms
07-05 11:36:28.174   545  6262 I DownloadManager: Initiating request for download 700
07-05 11:36:28.264   545   548 D dalvikvm: GC_CONCURRENT freed 252K, 13% free 10241K/11719K, paused 2ms+3ms
07-05 11:36:28.447   545   548 D dalvikvm: GC_CONCURRENT freed 583K, 15% free 10051K/11719K, paused 2ms+2ms
07-05 11:36:28.666   545   548 D dalvikvm: GC_CONCURRENT freed 413K, 15% free 10027K/11719K, paused 2ms+2ms
07-05 11:36:28.713   545  6265 I DownloadManager: Initiating request for download 701
07-05 11:36:28.819   545   548 D dalvikvm: GC_CONCURRENT freed 203K, 13% free 10256K/11719K, paused 2ms+3ms
07-05 11:36:28.975  1370  6267 E DictionaryProvider:UpdateHandler: Can't read a file : android.util.MalformedJsonException: Use JsonReader.setLenient(true) to accept malformed JSON at line 1 column 20
07-05 11:36:29.057   545   548 D dalvikvm: GC_CONCURRENT freed 584K, 15% free 10059K/11719K, paused 1ms+2ms
07-05 11:36:29.213   545  6270 I DownloadManager: Initiating request for download 701
07-05 11:36:29.244   545   548 D dalvikvm: GC_CONCURRENT freed 405K, 15% free 10060K/11719K, paused 2ms+2ms
07-05 11:36:29.354   545   548 D dalvikvm: GC_CONCURRENT freed 259K, 13% free 10199K/11719K, paused 2ms+2ms
07-05 11:36:29.561   545   548 D dalvikvm: GC_CONCURRENT freed 539K, 15% free 10046K/11719K, paused 2ms+2ms
07-05 11:36:29.729   545  6273 I DownloadManager: Initiating request for download 702
07-05 11:36:29.783   545   548 D dalvikvm: GC_CONCURRENT freed 358K, 14% free 10095K/11719K, paused 3ms+3ms
07-05 11:36:29.893   545   548 D dalvikvm: GC_CONCURRENT freed 290K, 13% free 10203K/11719K, paused 1ms+2ms
07-05 11:36:30.033  1370  6275 E DictionaryProvider:UpdateHandler: Can't read a file : android.util.MalformedJsonException: Use JsonReader.setLenient(true) to accept malformed JSON at line 1 column 20
07-05 11:36:30.139   545   548 D dalvikvm: GC_CONCURRENT freed 536K, 15% free 10055K/11719K, paused 2ms+3ms
07-05 11:36:30.268   545  6278 I DownloadManager: Initiating request for download 702
07-05 11:36:30.338   545   548 D dalvikvm: GC_CONCURRENT freed 346K, 14% free 10166K/11719K, paused 2ms+2ms
07-05 11:36:30.440   545   548 D dalvikvm: GC_CONCURRENT freed 361K, 13% free 10203K/11719K, paused 2ms+2ms
07-05 11:36:30.670   545   548 D dalvikvm: GC_CONCURRENT freed 544K, 15% free 10049K/11719K, paused 2ms+3ms
07-05 11:36:30.865   156   594 D dalvikvm: GC_EXPLICIT freed 587K, 11% free 13172K/14791K, paused 3ms+7ms
07-05 11:36:30.873   545  6281 I DownloadManager: Initiating request for download 703
07-05 11:36:30.951   545   548 D dalvikvm: GC_CONCURRENT freed 300K, 14% free 10176K/11719K, paused 1ms+3ms
07-05 11:36:31.049   545   548 D dalvikvm: GC_CONCURRENT freed 489K, 15% free 10078K/11719K, paused 3ms+2ms
07-05 11:36:31.170  1370  6283 E DictionaryProvider:UpdateHandler: Can't read a file : android.util.MalformedJsonException: Use JsonReader.setLenient(true) to accept malformed JSON at line 1 column 20
07-05 11:36:31.205  1370  1372 D dalvikvm: GC_CONCURRENT freed 391K, 7% free 9127K/9735K, paused 1ms+2ms
07-05 11:36:31.326   545   548 D dalvikvm: GC_CONCURRENT freed 426K, 15% free 10042K/11719K, paused 2ms+2ms
07-05 11:36:31.412   545  6286 I DownloadManager: Initiating request for download 703
07-05 11:36:31.498   545   548 D dalvikvm: GC_CONCURRENT freed 293K, 14% free 10177K/11719K, paused 2ms+4ms
07-05 11:36:31.612   545   548 D dalvikvm: GC_CONCURRENT freed 487K, 15% free 10078K/11719K, paused 2ms+3ms
07-05 11:36:31.826   545   548 D dalvikvm: GC_CONCURRENT freed 433K, 15% free 10031K/11719K, paused 2ms+4ms
07-05 11:36:31.936   545  6289 I DownloadManager: Initiating request for download 704
07-05 11:36:32.026   545   548 D dalvikvm: GC_CONCURRENT freed 255K, 13% free 10234K/11719K, paused 2ms+2ms
07-05 11:36:32.186   545   548 D dalvikvm: GC_CONCURRENT freed 547K, 14% free 10081K/11719K, paused 2ms+2ms
07-05 11:36:32.248  1370  6291 E DictionaryProvider:UpdateHandler: Can't read a file : android.util.MalformedJsonException: Use JsonReader.setLenient(true) to accept malformed JSON at line 1 column 20
07-05 11:36:32.432   545   548 D dalvikvm: GC_CONCURRENT freed 433K, 15% free 10034K/11719K, paused 2ms+3ms
07-05 11:36:32.487   545  6294 I DownloadManager: Initiating request for download 704
07-05 11:36:32.592   545   548 D dalvikvm: GC_CONCURRENT freed 258K, 13% free 10218K/11719K, paused 1ms+3ms
07-05 11:36:32.733   545   548 D dalvikvm: GC_CONCURRENT freed 530K, 15% free 10075K/11719K, paused 2ms+2ms
07-05 11:36:32.916   545   548 D dalvikvm: GC_CONCURRENT freed 401K, 15% free 10062K/11719K, paused 2ms+3ms
07-05 11:36:33.662   545  6296 I DownloadManager: Initiating request for download 705
07-05 11:36:33.776   545   548 D dalvikvm: GC_CONCURRENT freed 239K, 13% free 10280K/11719K, paused 2ms+3ms
07-05 11:36:34.014  1370  6299 E DictionaryProvider:UpdateHandler: Can't read a file : android.util.MalformedJsonException: Use JsonReader.setLenient(true) to accept malformed JSON at line 1 column 20
07-05 11:36:34.022   545   548 D dalvikvm: GC_CONCURRENT freed 632K, 15% free 10052K/11719K, paused 2ms+3ms
07-05 11:36:34.072   465   467 D dalvikvm: GC_CONCURRENT freed 394K, 6% free 10028K/10631K, paused 2ms+3ms
07-05 11:36:34.229   545  6302 I DownloadManager: Initiating request for download 705
07-05 11:36:34.260   545   548 D dalvikvm: GC_CONCURRENT freed 389K, 15% free 10061K/11719K, paused 1ms+4ms
07-05 11:36:34.354   545   548 D dalvikvm: GC_CONCURRENT freed 262K, 14% free 10196K/11719K, paused 2ms+2ms
07-05 11:36:34.565   545   548 D dalvikvm: GC_CONCURRENT freed 540K, 15% free 10045K/11719K, paused 2ms+3ms
07-05 11:36:34.729   545  6305 I DownloadManager: Initiating request for download 706
07-05 11:36:34.807   545   548 D dalvikvm: GC_CONCURRENT freed 360K, 14% free 10089K/11719K, paused 4ms+2ms
07-05 11:36:34.912   545   548 D dalvikvm: GC_CONCURRENT freed 286K, 13% free 10209K/11719K, paused 2ms+3ms
07-05 11:36:35.069  1370  6307 E DictionaryProvider:UpdateHandler: Can't read a file : android.util.MalformedJsonException: Use JsonReader.setLenient(true) to accept malformed JSON at line 1 column 20
07-05 11:36:35.170   545   548 D dalvikvm: GC_CONCURRENT freed 548K, 15% free 10055K/11719K, paused 2ms+3ms
07-05 11:36:35.299   545  6310 I DownloadManager: Initiating request for download 706
07-05 11:36:35.362   545   548 D dalvikvm: GC_CONCURRENT freed 355K, 14% free 10090K/11719K, paused 2ms+2ms
07-05 11:36:35.459   545   548 D dalvikvm: GC_CONCURRENT freed 290K, 13% free 10208K/11719K, paused 2ms+3ms
07-05 11:36:35.686   545   548 D dalvikvm: GC_CONCURRENT freed 551K, 15% free 10048K/11719K, paused 2ms+4ms
07-05 11:36:35.830   545  6313 I DownloadManager: Initiating request for download 707
07-05 11:36:35.897   545   548 D dalvikvm: GC_CONCURRENT freed 334K, 14% free 10145K/11719K, paused 2ms+2ms
07-05 11:36:35.994   545   548 D dalvikvm: GC_CONCURRENT freed 340K, 13% free 10204K/11719K, paused 2ms+3ms
07-05 11:36:36.123  1370  6315 E DictionaryProvider:UpdateHandler: Can't read a file : android.util.MalformedJsonException: Use JsonReader.setLenient(true) to accept malformed JSON at line 1 column 20
07-05 11:36:36.166  1370  1372 D dalvikvm: GC_CONCURRENT freed 387K, 7% free 9131K/9735K, paused 1ms+2ms
07-05 11:36:36.272   545   548 D dalvikvm: GC_CONCURRENT freed 541K, 15% free 10057K/11719K, paused 2ms+2ms
07-05 11:36:36.377   545  6318 I DownloadManager: Initiating request for download 707
07-05 11:36:36.447   545   548 D dalvikvm: GC_CONCURRENT freed 329K, 14% free 10159K/11719K, paused 1ms+2ms
07-05 11:36:36.553   545   548 D dalvikvm: GC_CONCURRENT freed 478K, 14% free 10088K/11719K, paused 2ms+3ms
07-05 11:36:36.791   545   548 D dalvikvm: GC_CONCURRENT freed 434K, 15% free 10045K/11719K, paused 3ms+2ms
07-05 11:36:36.897   545  6321 I DownloadManager: Initiating request for download 708
07-05 11:36:36.987   545   548 D dalvikvm: GC_CONCURRENT freed 291K, 13% free 10234K/11719K, paused 2ms+3ms
07-05 11:36:37.127   545   548 D dalvikvm: GC_CONCURRENT freed 535K, 14% free 10091K/11719K, paused 1ms+2ms
07-05 11:36:37.201  1370  6324 E DictionaryProvider:UpdateHandler: Can't read a file : android.util.MalformedJsonException: Use JsonReader.setLenient(true) to accept malformed JSON at line 1 column 20
07-05 11:36:37.377   545   548 D dalvikvm: GC_CONCURRENT freed 434K, 15% free 10047K/11719K, paused 2ms+3ms
07-05 11:36:37.440   545  6327 I DownloadManager: Initiating request for download 708
07-05 11:36:37.529   545   548 D dalvikvm: GC_CONCURRENT freed 258K, 13% free 10258K/11719K, paused 1ms+2ms
07-05 11:36:37.694   545   548 D dalvikvm: GC_CONCURRENT freed 564K, 14% free 10088K/11719K, paused 2ms+3ms
07-05 11:36:37.904   545   548 D dalvikvm: GC_CONCURRENT freed 434K, 15% free 10047K/11719K, paused 2ms+2ms
07-05 11:36:37.967   545  6330 I DownloadManager: Initiating request for download 709
07-05 11:36:38.069   545   548 D dalvikvm: GC_CONCURRENT freed 231K, 13% free 10248K/11719K, paused 2ms+3ms
07-05 11:36:38.240   545   548 D dalvikvm: GC_CONCURRENT freed 551K, 14% free 10088K/11719K, paused 2ms+3ms
07-05 11:36:38.291  1370  6332 E DictionaryProvider:UpdateHandler: Can't read a file : android.util.MalformedJsonException: Use JsonReader.setLenient(true) to accept malformed JSON at line 1 column 20
07-05 11:36:38.467   545   548 D dalvikvm: GC_CONCURRENT freed 430K, 15% free 10046K/11719K, paused 2ms+2ms
07-05 11:36:38.494   545  6335 I DownloadManager: Initiating request for download 709
07-05 11:36:38.588   545   548 D dalvikvm: GC_CONCURRENT freed 220K, 13% free 10253K/11719K, paused 1ms+2ms
07-05 11:36:38.779   545   548 D dalvikvm: GC_CONCURRENT freed 586K, 15% free 10056K/11719K, paused 2ms+2ms
07-05 11:36:38.975   545  6338 I DownloadManager: Initiating request for download 710
07-05 11:36:38.998   545   548 D dalvikvm: GC_CONCURRENT freed 408K, 15% free 10057K/11719K, paused 2ms+3ms
07-05 11:36:39.104   545   548 D dalvikvm: GC_CONCURRENT freed 206K, 13% free 10262K/11719K, paused 1ms+3ms
07-05 11:36:39.252  1370  6340 E DictionaryProvider:UpdateHandler: Can't read a file : android.util.MalformedJsonException: Use JsonReader.setLenient(true) to accept malformed JSON at line 1 column 20
07-05 11:36:39.346   545   548 D dalvikvm: GC_CONCURRENT freed 584K, 15% free 10068K/11719K, paused 2ms+3ms
07-05 11:36:39.510   545  6343 I DownloadManager: Initiating request for download 710
07-05 11:36:39.545   545   548 D dalvikvm: GC_CONCURRENT freed 408K, 15% free 10069K/11719K, paused 2ms+3ms
07-05 11:36:39.647   545   548 D dalvikvm: GC_CONCURRENT freed 210K, 13% free 10264K/11719K, paused 2ms+3ms
07-05 11:36:39.854   545   548 D dalvikvm: GC_CONCURRENT freed 596K, 15% free 10057K/11719K, paused 1ms+2ms
07-05 11:36:40.018   545  6346 I DownloadManager: Initiating request for download 711
07-05 11:36:40.065   545   548 D dalvikvm: GC_CONCURRENT freed 372K, 15% free 10076K/11719K, paused 1ms+3ms
07-05 11:36:40.190   545   548 D dalvikvm: GC_CONCURRENT freed 214K, 13% free 10266K/11719K, paused 2ms+4ms
07-05 11:36:40.412   156   514 D dalvikvm: GC_EXPLICIT freed 519K, 11% free 13172K/14791K, paused 2ms+6ms
07-05 11:36:40.420  1370  6348 E DictionaryProvider:UpdateHandler: Can't read a file : android.util.MalformedJsonException: Use JsonReader.setLenient(true) to accept malformed JSON at line 1 column 20
07-05 11:36:40.455  1370  1372 D dalvikvm: GC_CONCURRENT freed 393K, 7% free 9126K/9735K, paused 1ms+3ms
07-05 11:36:40.526   545   548 D dalvikvm: GC_CONCURRENT freed 585K, 15% free 10076K/11719K, paused 2ms+3ms
07-05 11:36:40.658   545  6351 I DownloadManager: Initiating request for download 711
07-05 11:36:40.697   545   548 D dalvikvm: GC_CONCURRENT freed 410K, 15% free 10058K/11719K, paused 2ms+2ms
07-05 11:36:40.799   545   548 D dalvikvm: GC_CONCURRENT freed 211K, 13% free 10253K/11719K, paused 2ms+2ms
07-05 11:36:41.006   545   548 D dalvikvm: GC_CONCURRENT freed 594K, 15% free 10054K/11719K, paused 2ms+2ms
07-05 11:36:41.166   545  6354 I DownloadManager: Initiating request for download 712
07-05 11:36:41.213   545   548 D dalvikvm: GC_CONCURRENT freed 377K, 15% free 10065K/11719K, paused 2ms+5ms
07-05 11:36:41.322   545   548 D dalvikvm: GC_CONCURRENT freed 216K, 13% free 10257K/11719K, paused 1ms+2ms
07-05 11:36:41.529  1370  6356 E DictionaryProvider:UpdateHandler: Can't read a file : android.util.MalformedJsonException: Use JsonReader.setLenient(true) to accept malformed JSON at line 1 column 20
07-05 11:36:41.569   545   548 D dalvikvm: GC_CONCURRENT freed 598K, 15% free 10054K/11719K, paused 3ms+3ms
07-05 11:36:41.572  1370  1382 D dalvikvm: GC_EXPLICIT freed 128K, 7% free 9094K/9735K, paused 2ms+9ms
07-05 11:36:41.807   545  6359 D dalvikvm: GC_EXPLICIT freed 372K, 15% free 10063K/11719K, paused 2ms+9ms
07-05 11:36:41.811   545  6359 I DownloadManager: Initiating request for download 712
07-05 11:36:41.904   545   548 D dalvikvm: GC_CONCURRENT freed 239K, 13% free 10246K/11719K, paused 2ms+3ms
07-05 11:36:42.108   545   548 D dalvikvm: GC_CONCURRENT freed 584K, 15% free 10050K/11719K, paused 2ms+3ms
07-05 11:36:42.264   545  6362 I DownloadManager: Initiating request for download 713
07-05 11:36:42.315   545   548 D dalvikvm: GC_CONCURRENT freed 373K, 15% free 10068K/11719K, paused 2ms+3ms
07-05 11:36:42.420   545   548 D dalvikvm: GC_CONCURRENT freed 217K, 13% free 10261K/11719K, paused 1ms+2ms
07-05 11:36:42.615  1370  6364 E DictionaryProvider:UpdateHandler: Can't read a file : android.util.MalformedJsonException: Use JsonReader.setLenient(true) to accept malformed JSON at line 1 column 20
07-05 11:36:42.658   545   548 D dalvikvm: GC_CONCURRENT freed 613K, 15% free 10059K/11719K, paused 2ms+2ms
07-05 11:36:42.803   545  6367 I DownloadManager: Initiating request for download 713
07-05 11:36:42.862   545   548 D dalvikvm: GC_CONCURRENT freed 376K, 14% free 10094K/11719K, paused 2ms+3ms
07-05 11:36:42.963   545   548 D dalvikvm: GC_CONCURRENT freed 250K, 13% free 10266K/11719K, paused 2ms+3ms
07-05 11:36:43.194   545   548 D dalvikvm: GC_CONCURRENT freed 605K, 15% free 10049K/11719K, paused 2ms+3ms
07-05 11:36:43.334   545  6370 I DownloadManager: Initiating request for download 714
07-05 11:36:43.408   545   548 D dalvikvm: GC_CONCURRENT freed 333K, 14% free 10190K/11719K, paused 2ms+3ms
07-05 11:36:43.522   545   548 D dalvikvm: GC_CONCURRENT freed 395K, 13% free 10211K/11719K, paused 2ms+4ms
07-05 11:36:43.748   545   548 D dalvikvm: GC_CONCURRENT freed 549K, 15% free 10050K/11719K, paused 2ms+3ms
07-05 11:36:43.834  1370  6372 E DictionaryProvider:UpdateHandler: Can't read a file : android.util.MalformedJsonException: Use JsonReader.setLenient(true) to accept malformed JSON at line 1 column 20
07-05 11:36:43.869   545  6374 I DownloadManager: Initiating request for download 714
07-05 11:36:43.936   545   548 D dalvikvm: GC_CONCURRENT freed 276K, 14% free 10173K/11719K, paused 2ms+3ms
07-05 11:36:44.502   545   548 D dalvikvm: GC_CONCURRENT freed 467K, 14% free 10095K/11719K, paused 1ms+3ms
07-05 11:36:44.721   545   548 D dalvikvm: GC_CONCURRENT freed 432K, 15% free 10050K/11719K, paused 2ms+3ms
07-05 11:36:44.858   545  6378 I DownloadManager: Initiating request for download 715
07-05 11:36:44.940   545   548 D dalvikvm: GC_CONCURRENT freed 300K, 14% free 10169K/11719K, paused 2ms+2ms
07-05 11:36:45.049   545   548 D dalvikvm: GC_CONCURRENT freed 478K, 14% free 10097K/11719K, paused 2ms+2ms
07-05 11:36:45.233   545   548 D dalvikvm: GC_CONCURRENT freed 398K, 14% free 10085K/11719K, paused 2ms+2ms
07-05 11:36:47.049  1370  6381 E DictionaryProvider:UpdateHandler: Can't read a file : android.util.MalformedJsonException: Use JsonReader.setLenient(true) to accept malformed JSON at line 1 column 20
07-05 11:36:47.151   545   548 D dalvikvm: GC_CONCURRENT freed 399K, 15% free 10077K/11719K, paused 2ms+2ms
07-05 11:36:47.326   545   548 D dalvikvm: GC_CONCURRENT freed 423K, 15% free 10042K/11719K, paused 2ms+2ms
07-05 11:36:47.393   545  6384 I DownloadManager: Initiating request for download 715
07-05 11:36:47.393   545  6384 W DownloadManager: Aborting request for download 715: Trying to resume a download that can't be resumed
07-05 11:36:47.654   545   548 D dalvikvm: GC_CONCURRENT freed 371K, 15% free 10061K/11719K, paused 2ms+3ms
07-05 11:36:47.846   545   548 D dalvikvm: GC_CONCURRENT freed 408K, 15% free 10041K/11719K, paused 2ms+2ms
07-05 11:36:47.916   545  6387 I DownloadManager: Initiating request for download 716
07-05 11:36:48.018   545   548 D dalvikvm: GC_CONCURRENT freed 212K, 13% free 10285K/11719K, paused 2ms+3ms
07-05 11:36:48.197   545   548 D dalvikvm: GC_CONCURRENT freed 610K, 15% free 10069K/11719K, paused 2ms+2ms
07-05 11:36:48.248  1370  6389 E DictionaryProvider:UpdateHandler: Can't read a file : android.util.MalformedJsonException: Use JsonReader.setLenient(true) to accept malformed JSON at line 1 column 20
07-05 11:36:48.279  1370  1372 D dalvikvm: GC_CONCURRENT freed 346K, 7% free 9145K/9735K, paused 2ms+3ms
07-05 11:36:48.455   545   548 D dalvikvm: GC_CONCURRENT freed 409K, 15% free 10048K/11719K, paused 2ms+2ms
07-05 11:36:48.483   545  6392 I DownloadManager: Initiating request for download 716
07-05 11:36:48.580   545   548 D dalvikvm: GC_CONCURRENT freed 217K, 13% free 10259K/11719K, paused 2ms+2ms
07-05 11:36:48.772   545   548 D dalvikvm: GC_CONCURRENT freed 582K, 15% free 10067K/11719K, paused 2ms+3ms
07-05 11:36:48.947   545   548 D dalvikvm: GC_CONCURRENT freed 413K, 15% free 10042K/11719K, paused 2ms+2ms
07-05 11:36:48.990   545  6395 I DownloadManager: Initiating request for download 717
07-05 11:36:49.100   545   548 D dalvikvm: GC_CONCURRENT freed 199K, 13% free 10300K/11719K, paused 2ms+3ms
07-05 11:36:49.287   545   548 D dalvikvm: GC_CONCURRENT freed 626K, 15% free 10064K/11719K, paused 2ms+3ms
07-05 11:36:49.338  1370  6397 E DictionaryProvider:UpdateHandler: Can't read a file : android.util.MalformedJsonException: Use JsonReader.setLenient(true) to accept malformed JSON at line 1 column 20
07-05 11:36:49.506   545  6400 I DownloadManager: Initiating request for download 717
07-05 11:36:49.529   545   548 D dalvikvm: GC_CONCURRENT freed 395K, 15% free 10072K/11719K, paused 2ms+3ms
07-05 11:36:49.643   545   548 D dalvikvm: GC_CONCURRENT freed 213K, 13% free 10270K/11719K, paused 2ms+2ms
07-05 11:36:49.846   545   548 D dalvikvm: GC_CONCURRENT freed 596K, 15% free 10064K/11719K, paused 2ms+4ms
07-05 11:36:50.033   545  6403 I DownloadManager: Initiating request for download 718
07-05 11:36:50.076   545   548 D dalvikvm: GC_CONCURRENT freed 394K, 14% free 10085K/11719K, paused 3ms+4ms
07-05 11:36:50.182   545   548 D dalvikvm: GC_CONCURRENT freed 216K, 13% free 10276K/11719K, paused 2ms+4ms
07-05 11:36:50.381   545   548 D dalvikvm: GC_CONCURRENT freed 598K, 15% free 10067K/11719K, paused 2ms+3ms
07-05 11:36:50.416  1370  6405 E DictionaryProvider:UpdateHandler: Can't read a file : android.util.MalformedJsonException: Use JsonReader.setLenient(true) to accept malformed JSON at line 1 column 20
07-05 11:36:50.592   545  6408 I DownloadManager: Initiating request for download 718
07-05 11:36:50.627   545   548 D dalvikvm: GC_CONCURRENT freed 395K, 14% free 10088K/11719K, paused 2ms+3ms
07-05 11:36:50.725   545   548 D dalvikvm: GC_CONCURRENT freed 216K, 13% free 10277K/11719K, paused 2ms+3ms
07-05 11:36:50.936   545   548 D dalvikvm: GC_CONCURRENT freed 602K, 15% free 10068K/11719K, paused 1ms+3ms
07-05 11:36:51.100   545  6411 I DownloadManager: Initiating request for download 719
07-05 11:36:51.154   545   548 D dalvikvm: GC_CONCURRENT freed 379K, 14% free 10086K/11719K, paused 2ms+3ms
07-05 11:36:51.264   545   548 D dalvikvm: GC_CONCURRENT freed 223K, 13% free 10285K/11719K, paused 2ms+3ms
07-05 11:36:51.416  1370  6413 E DictionaryProvider:UpdateHandler: Can't read a file : android.util.MalformedJsonException: Use JsonReader.setLenient(true) to accept malformed JSON at line 1 column 20
07-05 11:36:51.502   545   548 D dalvikvm: GC_CONCURRENT freed 599K, 15% free 10077K/11719K, paused 2ms+2ms
07-05 11:36:51.658   545  6416 I DownloadManager: Initiating request for download 719
07-05 11:36:51.686   545   548 D dalvikvm: GC_CONCURRENT freed 393K, 14% free 10086K/11719K, paused 2ms+2ms
07-05 11:36:51.795   545   548 D dalvikvm: GC_CONCURRENT freed 218K, 13% free 10281K/11719K, paused 3ms+2ms
07-05 11:36:51.983   156   168 D dalvikvm: GC_EXPLICIT freed 495K, 11% free 13171K/14791K, paused 2ms+5ms
07-05 11:36:52.072   545   548 D dalvikvm: GC_CONCURRENT freed 602K, 15% free 10068K/11719K, paused 2ms+2ms
07-05 11:36:52.256   545  6419 I DownloadManager: Initiating request for download 720
07-05 11:36:52.283   545   548 D dalvikvm: GC_CONCURRENT freed 395K, 15% free 10073K/11719K, paused 2ms+3ms
07-05 11:36:52.389   545   548 D dalvikvm: GC_CONCURRENT freed 211K, 13% free 10280K/11719K, paused 2ms+2ms
07-05 11:36:52.557  1370  6421 E DictionaryProvider:UpdateHandler: Can't read a file : android.util.MalformedJsonException: Use JsonReader.setLenient(true) to accept malformed JSON at line 1 column 20
07-05 11:36:52.592  1370  1372 D dalvikvm: GC_CONCURRENT freed 403K, 7% free 9127K/9735K, paused 2ms+3ms
07-05 11:36:52.670   545   548 D dalvikvm: GC_CONCURRENT freed 604K, 15% free 10061K/11719K, paused 2ms+3ms
07-05 11:36:52.846   545  6424 I DownloadManager: Initiating request for download 720
07-05 11:36:52.877   545   548 D dalvikvm: GC_CONCURRENT freed 404K, 15% free 10068K/11719K, paused 2ms+3ms
07-05 11:36:52.990   545   548 D dalvikvm: GC_CONCURRENT freed 212K, 13% free 10269K/11719K, paused 2ms+3ms
07-05 11:36:53.194   545   548 D dalvikvm: GC_CONCURRENT freed 598K, 15% free 10059K/11719K, paused 1ms+2ms
07-05 11:36:53.401   545  6427 I DownloadManager: Initiating request for download 721
07-05 11:36:53.412   545   548 D dalvikvm: GC_CONCURRENT freed 390K, 15% free 10073K/11719K, paused 2ms+3ms
07-05 11:36:53.533   545   548 D dalvikvm: GC_CONCURRENT freed 219K, 13% free 10284K/11719K, paused 2ms+2ms
07-05 11:36:53.717   545   548 D dalvikvm: GC_CONCURRENT freed 581K, 14% free 10090K/11719K, paused 1ms+2ms
07-05 11:36:54.475   545   548 D dalvikvm: GC_CONCURRENT freed 404K, 15% free 10078K/11719K, paused 2ms+3ms
07-05 11:36:54.494  1370  6429 E DictionaryProvider:UpdateHandler: Can't read a file : android.util.MalformedJsonException: Use JsonReader.setLenient(true) to accept malformed JSON at line 1 column 20
07-05 11:36:54.686   545   548 D dalvikvm: GC_CONCURRENT freed 409K, 15% free 10055K/11719K, paused 2ms+2ms
07-05 11:36:54.795   545  6432 I DownloadManager: Initiating request for download 721
07-05 11:36:54.795   545  6432 W DownloadManager: Aborting request for download 721: Trying to resume a download that can't be resumed
07-05 11:36:54.916   545   548 D dalvikvm: GC_CONCURRENT freed 375K, 15% free 10072K/11719K, paused 2ms+2ms
07-05 11:36:55.115   545   548 D dalvikvm: GC_CONCURRENT freed 411K, 15% free 10048K/11719K, paused 2ms+3ms
07-05 11:36:55.225   545  6435 I DownloadManager: Initiating request for download 722
07-05 11:36:55.311   545   548 D dalvikvm: GC_CONCURRENT freed 271K, 13% free 10199K/11719K, paused 3ms+2ms
07-05 11:36:55.420   545   548 D dalvikvm: GC_CONCURRENT freed 483K, 14% free 10104K/11719K, paused 1ms+3ms
07-05 11:36:55.518  1370  6437 E DictionaryProvider:UpdateHandler: Can't read a file : android.util.MalformedJsonException: Use JsonReader.setLenient(true) to accept malformed JSON at line 1 column 20
07-05 11:36:55.662   545   548 D dalvikvm: GC_CONCURRENT freed 429K, 15% free 10061K/11719K, paused 2ms+3ms
07-05 11:36:55.752   545  6440 I DownloadManager: Initiating request for download 722
07-05 11:36:55.834   545   548 D dalvikvm: GC_CONCURRENT freed 285K, 13% free 10227K/11719K, paused 2ms+3ms
07-05 11:36:55.955   545   548 D dalvikvm: GC_CONCURRENT freed 512K, 14% free 10104K/11719K, paused 2ms+3ms
07-05 11:36:56.174   545   548 D dalvikvm: GC_CONCURRENT freed 433K, 15% free 10058K/11719K, paused 2ms+2ms
07-05 11:36:56.276   545  6443 I DownloadManager: Initiating request for download 723
07-05 11:36:56.362   545   548 D dalvikvm: GC_CONCURRENT freed 283K, 13% free 10233K/11719K, paused 1ms+3ms
07-05 11:36:56.498   545   548 D dalvikvm: GC_CONCURRENT freed 518K, 14% free 10105K/11719K, paused 1ms+2ms
07-05 11:36:56.584  1370  6445 E DictionaryProvider:UpdateHandler: Can't read a file : android.util.MalformedJsonException: Use JsonReader.setLenient(true) to accept malformed JSON at line 1 column 20
07-05 11:36:56.752   545   548 D dalvikvm: GC_CONCURRENT freed 428K, 15% free 10066K/11719K, paused 2ms+4ms
07-05 11:36:56.842   545  6448 I DownloadManager: Initiating request for download 723
07-05 11:36:56.924   545   548 D dalvikvm: GC_CONCURRENT freed 278K, 13% free 10205K/11719K, paused 2ms+2ms
07-05 11:36:57.037   545   548 D dalvikvm: GC_CONCURRENT freed 485K, 14% free 10108K/11719K, paused 2ms+4ms
07-05 11:36:57.256   545   548 D dalvikvm: GC_CONCURRENT freed 436K, 15% free 10059K/11719K, paused 2ms+2ms
07-05 11:36:57.365   545  6451 I DownloadManager: Initiating request for download 724
07-05 11:36:57.447   545   548 D dalvikvm: GC_CONCURRENT freed 278K, 13% free 10205K/11719K, paused 2ms+3ms
07-05 11:36:57.580   545   548 D dalvikvm: GC_CONCURRENT freed 483K, 14% free 10112K/11719K, paused 2ms+14ms
07-05 11:36:57.666  1370  6453 E DictionaryProvider:UpdateHandler: Can't read a file : android.util.MalformedJsonException: Use JsonReader.setLenient(true) to accept malformed JSON at line 1 column 20
07-05 11:36:57.713  1370  1372 D dalvikvm: GC_CONCURRENT freed 385K, 7% free 9130K/9735K, paused 2ms+2ms
07-05 11:36:57.846   545   548 D dalvikvm: GC_CONCURRENT freed 428K, 15% free 10071K/11719K, paused 1ms+2ms
07-05 11:36:57.936   545  6455 I DownloadManager: Initiating request for download 724
07-05 11:36:57.998   545   548 D dalvikvm: GC_CONCURRENT freed 276K, 14% free 10187K/11719K, paused 2ms+3ms
07-05 11:36:58.244   545   548 D dalvikvm: GC_CONCURRENT freed 463K, 14% free 10115K/11719K, paused 1ms+3ms
07-05 11:36:58.451   545   548 D dalvikvm: GC_CONCURRENT freed 437K, 15% free 10066K/11719K, paused 1ms+2ms
07-05 11:36:58.592   545  6459 I DownloadManager: Initiating request for download 725
07-05 11:36:58.674   545   548 D dalvikvm: GC_CONCURRENT freed 320K, 13% free 10236K/11719K, paused 2ms+2ms
07-05 11:36:58.795   545   548 D dalvikvm: GC_CONCURRENT freed 510K, 14% free 10116K/11719K, paused 2ms+3ms
07-05 11:36:58.908  1370  6461 E DictionaryProvider:UpdateHandler: Can't read a file : android.util.MalformedJsonException: Use JsonReader.setLenient(true) to accept malformed JSON at line 1 column 20
07-05 11:36:58.998   465   467 D dalvikvm: GC_CONCURRENT freed 384K, 6% free 10041K/10631K, paused 4ms+2ms
07-05 11:36:59.084   545   548 D dalvikvm: GC_CONCURRENT freed 430K, 15% free 10072K/11719K, paused 2ms+3ms
07-05 11:36:59.182   545  6464 I DownloadManager: Initiating request for download 725
07-05 11:36:59.260   545   548 D dalvikvm: GC_CONCURRENT freed 302K, 13% free 10200K/11719K, paused 2ms+3ms
07-05 11:36:59.369   545   548 D dalvikvm: GC_CONCURRENT freed 485K, 14% free 10117K/11719K, paused 2ms+2ms
07-05 11:36:59.596   545   548 D dalvikvm: GC_CONCURRENT freed 438K, 15% free 10071K/11719K, paused 2ms+2ms
07-05 11:36:59.729   545  6467 I DownloadManager: Initiating request for download 726
07-05 11:36:59.815   545   548 D dalvikvm: GC_CONCURRENT freed 302K, 13% free 10214K/11719K, paused 2ms+3ms
07-05 11:36:59.959   545  6467 D dalvikvm: GC_EXPLICIT freed 505K, 14% free 10147K/11719K, paused 2ms+3ms
07-05 11:37:00.147  1370  6469 E DictionaryProvider:UpdateHandler: Can't read a file : android.util.MalformedJsonException: Use JsonReader.setLenient(true) to accept malformed JSON at line 1 column 20
07-05 11:37:00.240   545   548 D dalvikvm: GC_CONCURRENT freed 462K, 15% free 10076K/11719K, paused 2ms+2ms
07-05 11:37:00.311   545  6472 I DownloadManager: Initiating request for download 726
07-05 11:37:00.393   545   548 D dalvikvm: GC_CONCURRENT freed 274K, 13% free 10225K/11719K, paused 2ms+3ms
07-05 11:37:00.510   545   548 D dalvikvm: GC_CONCURRENT freed 498K, 14% free 10117K/11719K, paused 2ms+3ms
07-05 11:37:00.717   545   548 D dalvikvm: GC_CONCURRENT freed 437K, 15% free 10071K/11719K, paused 2ms+2ms
07-05 11:37:00.819   545  6475 I DownloadManager: Initiating request for download 727
07-05 11:37:00.904   545   548 D dalvikvm: GC_CONCURRENT freed 279K, 13% free 10224K/11719K, paused 2ms+2ms
07-05 11:37:01.033   545   548 D dalvikvm: GC_CONCURRENT freed 500K, 14% free 10117K/11719K, paused 2ms+2ms
07-05 11:37:01.119  1370  6477 E DictionaryProvider:UpdateHandler: Can't read a file : android.util.MalformedJsonException: Use JsonReader.setLenient(true) to accept malformed JSON at line 1 column 20
07-05 11:37:01.283   545   548 D dalvikvm: GC_CONCURRENT freed 430K, 15% free 10075K/11719K, paused 2ms+4ms
07-05 11:37:01.373   545  6480 I DownloadManager: Initiating request for download 727
07-05 11:37:01.455   545   548 D dalvikvm: GC_CONCURRENT freed 287K, 13% free 10214K/11719K, paused 2ms+2ms
07-05 11:37:01.569   545   548 D dalvikvm: GC_CONCURRENT freed 486K, 14% free 10119K/11719K, paused 2ms+2ms
07-05 11:37:01.791   545   548 D dalvikvm: GC_CONCURRENT freed 433K, 15% free 10072K/11719K, paused 2ms+3ms
07-05 11:37:01.908   545  6483 I DownloadManager: Initiating request for download 728
07-05 11:37:01.990   545   548 D dalvikvm: GC_CONCURRENT freed 285K, 13% free 10211K/11719K, paused 2ms+3ms
07-05 11:37:02.104   545   548 D dalvikvm: GC_CONCURRENT freed 482K, 14% free 10124K/11719K, paused 2ms+4ms
07-05 11:37:02.268   156   593 D dalvikvm: GC_EXPLICIT freed 524K, 11% free 13172K/14791K, paused 3ms+6ms
07-05 11:37:02.315  1370  6485 E DictionaryProvider:UpdateHandler: Can't read a file : android.util.MalformedJsonException: Use JsonReader.setLenient(true) to accept malformed JSON at line 1 column 20
07-05 11:37:02.358  1370  1372 D dalvikvm: GC_CONCURRENT freed 390K, 7% free 9131K/9735K, paused 2ms+2ms
07-05 11:37:02.467   545   548 D dalvikvm: GC_CONCURRENT freed 429K, 14% free 10087K/11719K, paused 1ms+2ms
07-05 11:37:02.565   545  6488 I DownloadManager: Initiating request for download 728
07-05 11:37:02.639   545   548 D dalvikvm: GC_CONCURRENT freed 325K, 14% free 10184K/11719K, paused 2ms+2ms
07-05 11:37:02.756   545   548 D dalvikvm: GC_CONCURRENT freed 493K, 14% free 10104K/11719K, paused 2ms+3ms
07-05 11:37:02.998   545   548 D dalvikvm: GC_CONCURRENT freed 430K, 15% free 10060K/11719K, paused 1ms+2ms
07-05 11:37:03.115   545  6491 I DownloadManager: Initiating request for download 729
07-05 11:37:03.197   545   548 D dalvikvm: GC_CONCURRENT freed 293K, 13% free 10237K/11719K, paused 2ms+3ms
07-05 11:37:03.319   545   548 D dalvikvm: GC_CONCURRENT freed 518K, 14% free 10107K/11719K, paused 1ms+3ms
07-05 11:37:03.420  1370  6493 E DictionaryProvider:UpdateHandler: Can't read a file : android.util.MalformedJsonException: Use JsonReader.setLenient(true) to accept malformed JSON at line 1 column 20
07-05 11:37:03.576   545   548 D dalvikvm: GC_CONCURRENT freed 429K, 15% free 10066K/11719K, paused 2ms+4ms
07-05 11:37:03.686   545  6496 I DownloadManager: Initiating request for download 729
07-05 11:37:03.764   545   548 D dalvikvm: GC_CONCURRENT freed 304K, 13% free 10240K/11719K, paused 2ms+2ms
07-05 11:37:03.889   545   548 D dalvikvm: GC_CONCURRENT freed 521K, 14% free 10112K/11719K, paused 2ms+3ms
07-05 11:37:04.096   545   548 D dalvikvm: GC_CONCURRENT freed 438K, 15% free 10060K/11719K, paused 2ms+2ms
07-05 11:37:04.209   545  6499 I DownloadManager: Initiating request for download 730
07-05 11:37:04.299   545   548 D dalvikvm: GC_CONCURRENT freed 278K, 13% free 10230K/11719K, paused 2ms+3ms
07-05 11:37:04.420   545   548 D dalvikvm: GC_CONCURRENT freed 508K, 14% free 10109K/11719K, paused 2ms+3ms
07-05 11:37:04.514  1370  6501 E DictionaryProvider:UpdateHandler: Can't read a file : android.util.MalformedJsonException: Use JsonReader.setLenient(true) to accept malformed JSON at line 1 column 20
07-05 11:37:04.670   545   548 D dalvikvm: GC_CONCURRENT freed 428K, 15% free 10068K/11719K, paused 1ms+2ms
07-05 11:37:04.760   545  6504 I DownloadManager: Initiating request for download 730
07-05 11:37:04.842   545   548 D dalvikvm: GC_CONCURRENT freed 309K, 13% free 10208K/11719K, paused 2ms+2ms
07-05 11:37:04.955   545   548 D dalvikvm: GC_CONCURRENT freed 485K, 14% free 10112K/11719K, paused 1ms+3ms
07-05 11:37:05.186   545   548 D dalvikvm: GC_CONCURRENT freed 438K, 15% free 10065K/11719K, paused 2ms+2ms
07-05 11:37:05.295   545  6507 I DownloadManager: Initiating request for download 731
07-05 11:37:05.377   545   548 D dalvikvm: GC_CONCURRENT freed 286K, 13% free 10214K/11719K, paused 3ms+3ms
07-05 11:37:05.483   545   548 D dalvikvm: GC_CONCURRENT freed 485K, 14% free 10115K/11719K, paused 1ms+3ms
07-05 11:37:05.690   545   548 D dalvikvm: GC_CONCURRENT freed 436K, 15% free 10068K/11719K, paused 2ms+3ms
07-05 11:37:06.619  1370  6509 E DictionaryProvider:UpdateHandler: Can't read a file : android.util.MalformedJsonException: Use JsonReader.setLenient(true) to accept malformed JSON at line 1 column 20
07-05 11:37:06.658   465  6510 D dalvikvm: GC_EXPLICIT freed 285K, 8% free 9854K/10631K, paused 1ms+3ms
07-05 11:37:06.811   545   548 D dalvikvm: GC_CONCURRENT freed 371K, 14% free 10087K/11719K, paused 2ms+2ms
07-05 11:37:06.998   545   548 D dalvikvm: GC_CONCURRENT freed 416K, 15% free 10058K/11719K, paused 2ms+2ms
07-05 11:37:07.221   545   548 D dalvikvm: GC_CONCURRENT freed 371K, 15% free 10074K/11719K, paused 2ms+3ms
07-05 11:37:07.397   545   548 D dalvikvm: GC_CONCURRENT freed 406K, 15% free 10058K/11719K, paused 2ms+2ms
07-05 11:37:07.483   545  6512 I DownloadManager: Initiating request for download 732
07-05 11:37:07.584   545   548 D dalvikvm: GC_CONCURRENT freed 224K, 13% free 10296K/11719K, paused 2ms+3ms
07-05 11:37:07.740   545   548 D dalvikvm: GC_CONCURRENT freed 573K, 14% free 10109K/11719K, paused 2ms+3ms
07-05 11:37:07.815  1370  6514 E DictionaryProvider:UpdateHandler: Can't read a file : android.util.MalformedJsonException: Use JsonReader.setLenient(true) to accept malformed JSON at line 1 column 20
07-05 11:37:07.904  1370  1372 D dalvikvm: GC_CONCURRENT freed 415K, 7% free 9127K/9735K, paused 1ms+2ms
07-05 11:37:08.010   545   548 D dalvikvm: GC_CONCURRENT freed 430K, 15% free 10068K/11719K, paused 2ms+2ms
07-05 11:37:08.053   545  6517 I DownloadManager: Initiating request for download 732
07-05 11:37:08.147   545   548 D dalvikvm: GC_CONCURRENT freed 237K, 13% free 10304K/11719K, paused 2ms+3ms
07-05 11:37:08.315   545   548 D dalvikvm: GC_CONCURRENT freed 582K, 14% free 10111K/11719K, paused 2ms+2ms
07-05 11:37:08.518   545   548 D dalvikvm: GC_CONCURRENT freed 434K, 15% free 10063K/11719K, paused 2ms+2ms
07-05 11:37:08.592   545  6520 I DownloadManager: Initiating request for download 733
07-05 11:37:08.694   545   548 D dalvikvm: GC_CONCURRENT freed 215K, 13% free 10265K/11719K, paused 2ms+2ms
07-05 11:37:08.854   545   548 D dalvikvm: GC_CONCURRENT freed 540K, 14% free 10119K/11719K, paused 2ms+3ms
07-05 11:37:08.924  1370  6522 E DictionaryProvider:UpdateHandler: Can't read a file : android.util.MalformedJsonException: Use JsonReader.setLenient(true) to accept malformed JSON at line 1 column 20
07-05 11:37:09.104   545   548 D dalvikvm: GC_CONCURRENT freed 435K, 15% free 10072K/11719K, paused 2ms+2ms
07-05 11:37:09.162   545  6525 I DownloadManager: Initiating request for download 733
07-05 11:37:09.252   545   548 D dalvikvm: GC_CONCURRENT freed 251K, 13% free 10252K/11719K, paused 2ms+3ms
07-05 11:37:09.397   545   548 D dalvikvm: GC_CONCURRENT freed 528K, 14% free 10116K/11719K, paused 2ms+2ms
07-05 11:37:09.608   545   548 D dalvikvm: GC_CONCURRENT freed 434K, 15% free 10068K/11719K, paused 2ms+2ms
07-05 11:37:09.697   545  6528 I DownloadManager: Initiating request for download 734
07-05 11:37:09.791   545   548 D dalvikvm: GC_CONCURRENT freed 254K, 13% free 10247K/11719K, paused 2ms+2ms
07-05 11:37:09.881   362   362 I wpa_supplicant: wlan0: CTRL-EVENT-DISCONNECTED bssid=d0:c2:82:84:8d:50 reason=0
07-05 11:37:09.885    77   117 D CommandListener: Clearing all IP addresses on wlan0
07-05 11:37:09.897   156   330 D ConnectivityService: ConnectivityChange for WIFI: DISCONNECTED/DISCONNECTED
07-05 11:37:09.901   156   330 D ConnectivityService: Attempting to switch to mobile
07-05 11:37:09.901   156   330 D ConnectivityService: Attempting to switch to WIMAX
07-05 11:37:09.901   156   330 D ConnectivityService: Attempting to switch to BLUETOOTH_TETHER
07-05 11:37:09.916   156   330 D NetUtils: android_net_utils_resetConnections in env=0x6b2b60 clazz=0x71500001 iface=wlan0 mask=0x3
07-05 11:37:09.916   156   330 E ConnectivityService: Exception trying to remove a route: java.lang.IllegalStateException: Unable to communicate with native dameon to add routes - com.android.server.NativeDaemonConnectorException: Cmd {interface route remove wlan0 default 128.205.59.254 32 0.0.0.0} failed with code 400 : {Failed to remove route from default table (No such process)}
07-05 11:37:09.916   156   330 E ConnectivityService: Exception trying to remove a route: java.lang.IllegalStateException: Unable to communicate with native dameon to add routes - com.android.server.NativeDaemonConnectorException: Cmd {interface route remove wlan0 default 0.0.0.0 0 128.205.59.254} failed with code 400 : {Failed to remove route from default table (No such process)}
07-05 11:37:09.916   156   330 D ConnectivityService: resetConnections(wlan0, 3)
07-05 11:37:10.061   414   416 D dalvikvm: GC_CONCURRENT freed 416K, 26% free 10313K/13767K, paused 3ms+8ms
07-05 11:37:10.092   682  1055 E GTalkService: connectionClosed: no XMPPConnection - That's strange!
07-05 11:37:10.096   156   330 D ConnectivityService: handleInetConditionChange: no active default network - ignore
07-05 11:37:10.131   414   416 D dalvikvm: GC_CONCURRENT freed 525K, 26% free 10255K/13767K, paused 2ms+5ms
07-05 11:37:10.205   545  6528 W DownloadManager: Aborting request for download 734: no network connection available
07-05 11:37:10.252   414   416 D dalvikvm: GC_CONCURRENT freed 514K, 27% free 10150K/13767K, paused 2ms+3ms
07-05 11:37:10.291   545   548 D dalvikvm: GC_CONCURRENT freed 527K, 14% free 10114K/11719K, paused 10ms+3ms
07-05 11:37:10.479   545   548 D dalvikvm: GC_CONCURRENT freed 428K, 15% free 10073K/11719K, paused 2ms+2ms
07-05 11:37:10.537   545  6530 I DownloadManager: Initiating request for download 734
07-05 11:37:10.541   545  6530 W DownloadManager: Aborting request for download 734: no network connection available
07-05 11:37:10.752   545   548 D dalvikvm: GC_CONCURRENT freed 375K, 14% free 10084K/11719K, paused 2ms+3ms
07-05 11:37:10.940   545   548 D dalvikvm: GC_CONCURRENT freed 410K, 15% free 10063K/11719K, paused 2ms+3ms
07-05 11:37:11.158   545   548 D dalvikvm: GC_CONCURRENT freed 369K, 14% free 10081K/11719K, paused 2ms+2ms
07-05 11:37:11.170   362   362 I wpa_supplicant: wlan0: Trying to associate with d0:c2:82:2d:e4:b0 (SSID='UB_Wireless' freq=2412 MHz)
07-05 11:37:11.334   362   362 I wpa_supplicant: wlan0: Associated with d0:c2:82:2d:e4:b0
07-05 11:37:11.334   362   362 I wpa_supplicant: wlan0: CTRL-EVENT-CONNECTED - Connection to d0:c2:82:2d:e4:b0 completed (reauth) [id=5 id_str=]
07-05 11:37:12.983   156   333 D Tethering: MasterInitialState.processMessage what=3
07-05 11:37:13.069  1086  1105 D PicasaSyncManager: active network: null
07-05 11:37:13.084  1190  1190 I MediaUploader: No need to wake up
07-05 11:37:13.084   993   993 I PhoneLab-WiFiReceiver: Wi-Fi is disconnected!
07-05 11:37:13.088  1086  1105 D PicasaSyncManager: background data: true
07-05 11:37:13.424   362   362 I wpa_supplicant: wlan0: Associated with d0:c2:82:84:8d:50
07-05 11:37:13.424   362   362 I wpa_supplicant: wlan0: CTRL-EVENT-CONNECTED - Connection to d0:c2:82:84:8d:50 completed (reauth) [id=5 id_str=]
07-05 11:37:15.205   482   486 D dalvikvm: GC_CONCURRENT freed 443K, 6% free 9496K/10055K, paused 2ms+2ms
07-05 11:37:16.783   156   330 D ConnectivityService: ConnectivityChange for WIFI: CONNECTED/CONNECTED
07-05 11:37:16.822   993   993 I PhoneLab-WiFiReceiver: Wi-Fi is connected!
07-05 11:37:16.822   993   993 I PhoneLab-WiFiReceiver: SSID: UB_Wireless BSSID: d0:c2:82:2d:e4:b0 RSSI: -200 LinkSpeed: -1
07-05 11:37:16.822   993   993 I PhoneLab-Locks: wake lock acquired
07-05 11:37:16.826   993   993 I PhoneLab-UploadLogs: Transfering log files now
07-05 11:37:16.862   156   325 W NetworkStats: dropping UID delta from unknown iface: iface=wlan0 uid=0 set=DEFAULT tag=0x0 rxBytes=432 rxPackets=6 txBytes=420 txPackets=7 operations=0
07-05 11:37:16.924   993   995 D dalvikvm: GC_CONCURRENT freed 421K, 14% free 9200K/10695K, paused 5ms+1ms
07-05 11:37:16.979   993   995 D dalvikvm: GC_CONCURRENT freed 272K, 12% free 9422K/10695K, paused 1ms+2ms
07-05 11:37:16.983   993   993 I PhoneLab-UploadLogs: OnStartCommand
07-05 11:37:17.018   156   158 D dalvikvm: GC_CONCURRENT freed 871K, 11% free 13227K/14791K, paused 2ms+18ms
07-05 11:37:17.037   993   995 D dalvikvm: GC_CONCURRENT freed 261K, 10% free 9672K/10695K, paused 2ms+3ms
07-05 11:37:17.053   993  6560 D dalvikvm: GC_FOR_ALLOC freed 344K, 10% free 9655K/10695K, paused 14ms
07-05 11:37:17.072   993  6560 D dalvikvm: GC_FOR_ALLOC freed 301K, 10% free 9655K/10695K, paused 13ms
07-05 11:37:17.092   993  6560 D dalvikvm: GC_FOR_ALLOC freed 301K, 10% free 9656K/10695K, paused 13ms
07-05 11:37:17.490   156   330 D ConnectivityService: ConnectivityChange for mobile: CONNECTED/CONNECTED
07-05 11:37:17.522   156   330 D NetUtils: android_net_utils_resetConnections in env=0x6b2b60 clazz=0x83600001 iface=rmnet0 mask=0x3
07-05 11:37:17.522   156   330 D ConnectivityService: ConnectivityChange for mobile: DISCONNECTED/DISCONNECTED
07-05 11:37:17.522   156   330 D ConnectivityService: Attempting to switch to WIFI
07-05 11:37:17.522   156   330 D ConnectivityService: Attempting to switch to WIMAX
07-05 11:37:17.522   156   330 D ConnectivityService: Attempting to switch to BLUETOOTH_TETHER
07-05 11:37:17.522   156   330 D ConnectivityService: resetConnections(rmnet0, 3)
07-05 11:37:17.787   156   330 D ConnectivityService: NetTransition Wakelock for WifiStateMachine released by timeout
07-05 11:37:18.627   993  6560 W System.err: org.apache.http.client.ClientProtocolException
07-05 11:37:18.635   993  6560 W System.err: 	at org.apache.http.impl.client.AbstractHttpClient.execute(AbstractHttpClient.java:557)
07-05 11:37:18.635   993  6560 W System.err: 	at org.apache.http.impl.client.AbstractHttpClient.execute(AbstractHttpClient.java:487)
07-05 11:37:18.639   993  6560 W System.err: 	at com.loopj.android.http.AsyncHttpRequest.makeRequest(Unknown Source)
07-05 11:37:18.643   993  6560 W System.err: 	at com.loopj.android.http.AsyncHttpRequest.makeRequestWithRetries(Unknown Source)
07-05 11:37:18.643   993  6560 W System.err: 	at com.loopj.android.http.AsyncHttpRequest.run(Unknown Source)
07-05 11:37:18.647   993  6560 W System.err: 	at java.util.concurrent.Executors$RunnableAdapter.call(Executors.java:442)
07-05 11:37:18.647   993  6560 W System.err: 	at java.util.concurrent.FutureTask$Sync.innerRun(FutureTask.java:305)
07-05 11:37:18.651   993  6560 W System.err: 	at java.util.concurrent.FutureTask.run(FutureTask.java:137)
07-05 11:37:18.658   993  6560 W System.err: 	at java.util.concurrent.ThreadPoolExecutor.runWorker(ThreadPoolExecutor.java:1076)
07-05 11:37:18.658   993  6560 W System.err: 	at java.util.concurrent.ThreadPoolExecutor$Worker.run(ThreadPoolExecutor.java:569)
07-05 11:37:18.662   993  6560 W System.err: 	at java.lang.Thread.run(Thread.java:856)
07-05 11:37:18.666   993  6560 W System.err: Caused by: org.apache.http.client.NonRepeatableRequestException: Cannot retry request with a non-repeatable request entity
07-05 11:37:18.682   993  6560 W System.err: 	at org.apache.http.impl.client.DefaultRequestDirector.execute(DefaultRequestDirector.java:420)
07-05 11:37:18.682   993  6560 W System.err: 	at org.apache.http.impl.client.AbstractHttpClient.execute(AbstractHttpClient.java:555)
07-05 11:37:18.682   993  6560 W System.err: 	... 10 more
07-05 11:37:18.682   993   993 E PhoneLab-: Transfering 1341502082478.log failed
07-05 11:37:18.682   993   993 I PhoneLab-Locks: wake lock released
07-05 11:37:19.889   156   333 D Tethering: MasterInitialState.processMessage what=3
07-05 11:37:19.951   682   682 I GTalkService/c: [AndroidEndpoint@1095403848] connect: acct=1000001, state=CONNECTING
07-05 11:37:19.987  1190  1190 I MediaUploader: No need to wake up
07-05 11:37:20.065   414   414 D dalvikvm: GC_FOR_ALLOC freed 277K, 26% free 10211K/13767K, paused 19ms
07-05 11:37:20.069  1086  1105 D PicasaSyncManager: active network: NetworkInfo: type: WIFI[], state: CONNECTED/CONNECTED, reason: (unspecified), extra: (none), roaming: false, failover: false, isAvailable: true
07-05 11:37:20.100  1086  1105 D PicasaSyncManager: background data: true
07-05 11:37:20.162   414   416 D dalvikvm: GC_CONCURRENT freed 341K, 26% free 10322K/13767K, paused 2ms+3ms
07-05 11:37:20.311   545   548 D dalvikvm: GC_CONCURRENT freed 402K, 14% free 10087K/11719K, paused 2ms+15ms
07-05 11:37:20.561   156   333 D Tethering: MasterInitialState.processMessage what=3
07-05 11:37:20.588   156   333 D Tethering: MasterInitialState.processMessage what=3
07-05 11:37:20.623  1190  1190 I MediaUploader: No need to wake up
07-05 11:37:20.639  1086  1105 D PicasaSyncManager: active network: NetworkInfo: type: WIFI[], state: CONNECTED/CONNECTED, reason: (unspecified), extra: (none), roaming: false, failover: false, isAvailable: true
07-05 11:37:20.654   545   548 D dalvikvm: GC_CONCURRENT freed 415K, 15% free 10059K/11719K, paused 2ms+2ms
07-05 11:37:20.654  1086  1105 D PicasaSyncManager: background data: true
07-05 11:37:20.709  1086  1105 D PicasaSyncManager: active network: NetworkInfo: type: WIFI[], state: CONNECTED/CONNECTED, reason: (unspecified), extra: (none), roaming: false, failover: false, isAvailable: true
07-05 11:37:20.744  1086  1105 D PicasaSyncManager: background data: true
07-05 11:37:20.756   156   512 D dalvikvm: GC_EXPLICIT freed 533K, 11% free 13189K/14791K, paused 3ms+6ms
07-05 11:37:20.772  1190  1190 I MediaUploader: No need to wake up
07-05 11:37:20.838   682   685 D dalvikvm: GC_CONCURRENT freed 381K, 10% free 9981K/11079K, paused 2ms+5ms
07-05 11:37:20.967   545  6565 I DownloadManager: Initiating request for download 734
07-05 11:37:21.045   545   548 D dalvikvm: GC_CONCURRENT freed 312K, 13% free 10211K/11719K, paused 2ms+3ms
07-05 11:37:21.151   545   548 D dalvikvm: GC_CONCURRENT freed 379K, 13% free 10248K/11719K, paused 2ms+3ms
07-05 11:37:21.283  1370  6567 E DictionaryProvider:UpdateHandler: Can't read a file : android.util.MalformedJsonException: Use JsonReader.setLenient(true) to accept malformed JSON at line 1 column 20
07-05 11:37:21.404   545   548 D dalvikvm: GC_CONCURRENT freed 566K, 15% free 10071K/11719K, paused 2ms+2ms
07-05 11:37:21.514   545  6570 I DownloadManager: Initiating request for download 734
07-05 11:37:21.588   545   548 D dalvikvm: GC_CONCURRENT freed 332K, 13% free 10210K/11719K, paused 2ms+3ms
07-05 11:37:21.690   545   548 D dalvikvm: GC_CONCURRENT freed 369K, 13% free 10237K/11719K, paused 2ms+2ms
07-05 11:37:21.904   545   548 D dalvikvm: GC_CONCURRENT freed 556K, 15% free 10068K/11719K, paused 2ms+2ms
07-05 11:37:22.057   545  6573 I DownloadManager: Initiating request for download 735
07-05 11:37:22.158   545   548 D dalvikvm: GC_CONCURRENT freed 309K, 13% free 10227K/11719K, paused 1ms+3ms
07-05 11:37:22.268   545   548 D dalvikvm: GC_CONCURRENT freed 397K, 13% free 10242K/11719K, paused 1ms+2ms
07-05 11:37:22.424  1370  6575 E DictionaryProvider:UpdateHandler: Can't read a file : android.util.MalformedJsonException: Use JsonReader.setLenient(true) to accept malformed JSON at line 1 column 20
07-05 11:37:22.529   545   548 D dalvikvm: GC_CONCURRENT freed 551K, 14% free 10080K/11719K, paused 1ms+3ms
07-05 11:37:22.627   545  6578 I DownloadManager: Initiating request for download 735
07-05 11:37:22.705   545   548 D dalvikvm: GC_CONCURRENT freed 328K, 13% free 10204K/11719K, paused 2ms+2ms
07-05 11:37:22.815   545   548 D dalvikvm: GC_CONCURRENT freed 370K, 13% free 10246K/11719K, paused 2ms+2ms
07-05 11:37:23.033   414   416 D dalvikvm: GC_CONCURRENT freed 360K, 25% free 10378K/13767K, paused 2ms+3ms
07-05 11:37:23.100   545   548 D dalvikvm: GC_CONCURRENT freed 563K, 15% free 10072K/11719K, paused 2ms+3ms
07-05 11:37:23.299   545  6581 I DownloadManager: Initiating request for download 736
07-05 11:37:23.401   545   548 D dalvikvm: GC_CONCURRENT freed 288K, 13% free 10200K/11719K, paused 2ms+6ms
07-05 11:37:23.549   545   548 D dalvikvm: GC_CONCURRENT freed 366K, 13% free 10248K/11719K, paused 7ms+3ms
07-05 11:37:23.709  1370  6583 E DictionaryProvider:UpdateHandler: Can't read a file : android.util.MalformedJsonException: Use JsonReader.setLenient(true) to accept malformed JSON at line 1 column 20
07-05 11:37:23.795  1370  1372 D dalvikvm: GC_CONCURRENT freed 369K, 7% free 9149K/9735K, paused 1ms+2ms
07-05 11:37:23.854   545   548 D dalvikvm: GC_CONCURRENT freed 559K, 15% free 10077K/11719K, paused 1ms+3ms
07-05 11:37:23.959   545  6586 I DownloadManager: Initiating request for download 736
07-05 11:37:24.029   545   548 D dalvikvm: GC_CONCURRENT freed 312K, 14% free 10187K/11719K, paused 2ms+2ms
07-05 11:37:24.135   545   548 D dalvikvm: GC_CONCURRENT freed 341K, 13% free 10256K/11719K, paused 2ms+3ms
07-05 11:37:24.365   545   548 D dalvikvm: GC_CONCURRENT freed 570K, 15% free 10074K/11719K, paused 2ms+2ms
07-05 11:37:24.498   545  6589 I DownloadManager: Initiating request for download 737
07-05 11:37:24.565   545   548 D dalvikvm: GC_CONCURRENT freed 312K, 14% free 10172K/11719K, paused 2ms+3ms
07-05 11:37:24.705   545   548 D dalvikvm: GC_CONCURRENT freed 321K, 13% free 10247K/11719K, paused 2ms+3ms
07-05 11:37:24.869  1370  6591 E DictionaryProvider:UpdateHandler: Can't read a file : android.util.MalformedJsonException: Use JsonReader.setLenient(true) to accept malformed JSON at line 1 column 20
07-05 11:37:24.955   545   548 D dalvikvm: GC_CONCURRENT freed 553K, 14% free 10086K/11719K, paused 2ms+2ms
07-05 11:37:25.092   545  6594 I DownloadManager: Initiating request for download 737
07-05 11:37:25.135   545   548 D dalvikvm: GC_CONCURRENT freed 381K, 14% free 10096K/11719K, paused 2ms+2ms
07-05 11:37:25.240   545   548 D dalvikvm: GC_CONCURRENT freed 217K, 13% free 10302K/11719K, paused 2ms+3ms
07-05 11:37:25.428   545   548 D dalvikvm: GC_CONCURRENT freed 616K, 14% free 10080K/11719K, paused 2ms+2ms
07-05 11:37:25.654   545  6597 I DownloadManager: Initiating request for download 738
07-05 11:37:25.725   545   548 D dalvikvm: GC_CONCURRENT freed 404K, 14% free 10091K/11719K, paused 4ms+6ms
07-05 11:37:25.846   545   548 D dalvikvm: GC_CONCURRENT freed 216K, 13% free 10297K/11719K, paused 2ms+3ms
07-05 11:37:26.053  1370  6599 E DictionaryProvider:UpdateHandler: Can't read a file : android.util.MalformedJsonException: Use JsonReader.setLenient(true) to accept malformed JSON at line 1 column 20
07-05 11:37:26.061   545   548 D dalvikvm: GC_CONCURRENT freed 604K, 14% free 10096K/11719K, paused 2ms+3ms
07-05 11:37:26.264   545   548 D dalvikvm: GC_CONCURRENT freed 412K, 15% free 10076K/11719K, paused 2ms+3ms
07-05 11:37:26.287   545  6602 I DownloadManager: Initiating request for download 738
07-05 11:37:26.385   545   548 D dalvikvm: GC_CONCURRENT freed 220K, 13% free 10297K/11719K, paused 2ms+3ms
07-05 11:37:26.549   545   548 D dalvikvm: GC_CONCURRENT freed 566K, 14% free 10124K/11719K, paused 2ms+2ms
07-05 11:37:26.737   545   548 D dalvikvm: GC_CONCURRENT freed 417K, 14% free 10094K/11719K, paused 1ms+2ms
07-05 11:37:28.549   545  6604 I DownloadManager: Initiating request for download 739
07-05 11:37:28.635   545   548 D dalvikvm: GC_CONCURRENT freed 228K, 13% free 10288K/11719K, paused 2ms+3ms
07-05 11:37:28.694   545  6563 D dalvikvm: GC_EXPLICIT freed 147K, 13% free 10312K/11719K, paused 2ms+5ms
07-05 11:37:28.858  1370  6607 E DictionaryProvider:UpdateHandler: Can't read a file : android.util.MalformedJsonException: Use JsonReader.setLenient(true) to accept malformed JSON at line 1 column 20
07-05 11:37:29.006   545   548 D dalvikvm: GC_CONCURRENT freed 612K, 14% free 10086K/11719K, paused 1ms+2ms
07-05 11:37:29.135   545  6610 I DownloadManager: Initiating request for download 739
07-05 11:37:29.135   545  6610 W DownloadManager: Aborting request for download 739: Trying to resume a download that can't be resumed
07-05 11:37:29.244   545   548 D dalvikvm: GC_CONCURRENT freed 382K, 14% free 10096K/11719K, paused 2ms+3ms
07-05 11:37:29.428   545   548 D dalvikvm: GC_CONCURRENT freed 408K, 15% free 10077K/11719K, paused 2ms+2ms
07-05 11:37:29.565   545  6613 I DownloadManager: Initiating request for download 740
07-05 11:37:29.639   545   548 D dalvikvm: GC_CONCURRENT freed 303K, 13% free 10197K/11719K, paused 2ms+3ms
07-05 11:37:29.744   545   548 D dalvikvm: GC_CONCURRENT freed 348K, 13% free 10256K/11719K, paused 2ms+2ms
07-05 11:37:29.885  1370  6615 E DictionaryProvider:UpdateHandler: Can't read a file : android.util.MalformedJsonException: Use JsonReader.setLenient(true) to accept malformed JSON at line 1 column 20
07-05 11:37:29.967  1370  1372 D dalvikvm: GC_CONCURRENT freed 413K, 7% free 9126K/9735K, paused 2ms+2ms
07-05 11:37:30.022   545   548 D dalvikvm: GC_CONCURRENT freed 555K, 14% free 10092K/11719K, paused 1ms+3ms
07-05 11:37:30.158   545  6618 I DownloadManager: Initiating request for download 740
07-05 11:37:30.225   545   548 D dalvikvm: GC_CONCURRENT freed 344K, 14% free 10177K/11719K, paused 2ms+3ms
07-05 11:37:30.326   545   548 D dalvikvm: GC_CONCURRENT freed 323K, 13% free 10265K/11719K, paused 2ms+3ms
07-05 11:37:30.545   545   548 D dalvikvm: GC_CONCURRENT freed 566K, 14% free 10089K/11719K, paused 2ms+2ms
07-05 11:37:30.713   545  6621 I DownloadManager: Initiating request for download 741
07-05 11:37:30.776   545   548 D dalvikvm: GC_CONCURRENT freed 356K, 14% free 10134K/11719K, paused 2ms+2ms
07-05 11:37:30.881   545   548 D dalvikvm: GC_CONCURRENT freed 238K, 12% free 10333K/11719K, paused 2ms+3ms
07-05 11:37:31.049  1370  6623 E DictionaryProvider:UpdateHandler: Can't read a file : android.util.MalformedJsonException: Use JsonReader.setLenient(true) to accept malformed JSON at line 1 column 20
07-05 11:37:31.112   545   548 D dalvikvm: GC_CONCURRENT freed 622K, 14% free 10099K/11719K, paused 1ms+3ms
07-05 11:37:31.283   545  6626 I DownloadManager: Initiating request for download 741
07-05 11:37:31.319   545   548 D dalvikvm: GC_CONCURRENT freed 404K, 14% free 10107K/11719K, paused 1ms+4ms
07-05 11:37:31.432   545   548 D dalvikvm: GC_CONCURRENT freed 220K, 12% free 10315K/11719K, paused 2ms+2ms
07-05 11:37:31.631   545   548 D dalvikvm: GC_CONCURRENT freed 613K, 14% free 10091K/11719K, paused 2ms+3ms
07-05 11:37:31.858   545  6629 I DownloadManager: Initiating request for download 742
07-05 11:37:31.889   545   548 D dalvikvm: GC_CONCURRENT freed 409K, 14% free 10103K/11719K, paused 2ms+2ms
07-05 11:37:32.002   545   548 D dalvikvm: GC_CONCURRENT freed 228K, 12% free 10317K/11719K, paused 2ms+3ms
07-05 11:37:32.115   156   568 D dalvikvm: GC_EXPLICIT freed 571K, 11% free 13192K/14791K, paused 2ms+6ms
07-05 11:37:32.233  1370  6631 E DictionaryProvider:UpdateHandler: Can't read a file : android.util.MalformedJsonException: Use JsonReader.setLenient(true) to accept malformed JSON at line 1 column 20
07-05 11:37:32.326   545   548 D dalvikvm: GC_CONCURRENT freed 608K, 14% free 10101K/11719K, paused 2ms+4ms
07-05 11:37:32.510   545   548 D dalvikvm: GC_CONCURRENT freed 428K, 15% free 10060K/11719K, paused 2ms+2ms
07-05 11:37:32.529   545  6634 I DownloadManager: Initiating request for download 742
07-05 11:37:32.631   545   548 D dalvikvm: GC_CONCURRENT freed 204K, 13% free 10287K/11719K, paused 2ms+3ms
07-05 11:37:32.803   545   548 D dalvikvm: GC_CONCURRENT freed 592K, 14% free 10084K/11719K, paused 2ms+2ms
07-05 11:37:33.006   545   548 D dalvikvm: GC_CONCURRENT freed 411K, 15% free 10070K/11719K, paused 2ms+2ms
07-05 11:37:33.072   545  6637 I DownloadManager: Initiating request for download 743
07-05 11:37:33.178   545   548 D dalvikvm: GC_CONCURRENT freed 224K, 13% free 10283K/11719K, paused 2ms+2ms
07-05 11:37:33.334   545   548 D dalvikvm: GC_CONCURRENT freed 556K, 14% free 10116K/11719K, paused 2ms+2ms
07-05 11:37:33.401  1370  6639 E DictionaryProvider:UpdateHandler: Can't read a file : android.util.MalformedJsonException: Use JsonReader.setLenient(true) to accept malformed JSON at line 1 column 20
07-05 11:37:33.572   545   548 D dalvikvm: GC_CONCURRENT freed 429K, 15% free 10074K/11719K, paused 1ms+2ms
07-05 11:37:33.627   545  6642 I DownloadManager: Initiating request for download 743
07-05 11:37:33.713   545   548 D dalvikvm: GC_CONCURRENT freed 249K, 13% free 10249K/11719K, paused 3ms+3ms
07-05 11:37:33.850   545   548 D dalvikvm: GC_CONCURRENT freed 523K, 14% free 10121K/11719K, paused 2ms+2ms
07-05 11:37:34.065   545   548 D dalvikvm: GC_CONCURRENT freed 438K, 15% free 10073K/11719K, paused 1ms+2ms
07-05 11:37:34.174   545  6645 I DownloadManager: Initiating request for download 744
07-05 11:37:34.264   545   548 D dalvikvm: GC_CONCURRENT freed 267K, 13% free 10288K/11719K, paused 2ms+2ms
07-05 11:37:34.401   545   548 D dalvikvm: GC_CONCURRENT freed 555K, 14% free 10123K/11719K, paused 1ms+2ms
07-05 11:37:34.487  1370  6647 E DictionaryProvider:UpdateHandler: Can't read a file : android.util.MalformedJsonException: Use JsonReader.setLenient(true) to accept malformed JSON at line 1 column 20
07-05 11:37:34.557  1370  1372 D dalvikvm: GC_CONCURRENT freed 391K, 7% free 9126K/9735K, paused 2ms+2ms
07-05 11:37:34.662   545   548 D dalvikvm: GC_CONCURRENT freed 428K, 14% free 10081K/11719K, paused 2ms+2ms
07-05 11:37:34.740   545  6650 I DownloadManager: Initiating request for download 744
07-05 11:37:34.826   545   548 D dalvikvm: GC_CONCURRENT freed 278K, 13% free 10276K/11719K, paused 3ms+2ms
07-05 11:37:34.951   545   548 D dalvikvm: GC_CONCURRENT freed 539K, 14% free 10125K/11719K, paused 2ms+3ms
07-05 11:37:35.170   545   548 D dalvikvm: GC_CONCURRENT freed 435K, 15% free 10077K/11719K, paused 2ms+2ms
07-05 11:37:35.307   545  6653 I DownloadManager: Initiating request for download 745
07-05 11:37:35.416   545   548 D dalvikvm: GC_CONCURRENT freed 279K, 13% free 10230K/11719K, paused 2ms+2ms
07-05 11:37:35.526   545   548 D dalvikvm: GC_CONCURRENT freed 493K, 14% free 10128K/11719K, paused 2ms+2ms
07-05 11:37:35.674  1370  6655 E DictionaryProvider:UpdateHandler: Can't read a file : android.util.MalformedJsonException: Use JsonReader.setLenient(true) to accept malformed JSON at line 1 column 20
07-05 11:37:35.779   545   548 D dalvikvm: GC_CONCURRENT freed 432K, 14% free 10086K/11719K, paused 2ms+3ms
07-05 11:37:35.889   545  6658 I DownloadManager: Initiating request for download 745
07-05 11:37:35.963   545   548 D dalvikvm: GC_CONCURRENT freed 309K, 13% free 10219K/11719K, paused 2ms+2ms
07-05 11:37:36.065   545   548 D dalvikvm: GC_CONCURRENT freed 370K, 13% free 10257K/11719K, paused 2ms+4ms
07-05 11:37:36.295   545   548 D dalvikvm: GC_CONCURRENT freed 560K, 14% free 10085K/11719K, paused 2ms+3ms
07-05 11:37:36.428   545  6661 I DownloadManager: Initiating request for download 746
07-05 11:37:36.498   545   548 D dalvikvm: GC_CONCURRENT freed 310K, 14% free 10194K/11719K, paused 2ms+3ms
07-05 11:37:36.600   545   548 D dalvikvm: GC_CONCURRENT freed 345K, 13% free 10260K/11719K, paused 1ms+3ms
07-05 11:37:36.760  1370  6663 E DictionaryProvider:UpdateHandler: Can't read a file : android.util.MalformedJsonException: Use JsonReader.setLenient(true) to accept malformed JSON at line 1 column 20
07-05 11:37:36.846   545   548 D dalvikvm: GC_CONCURRENT freed 553K, 14% free 10097K/11719K, paused 2ms+2ms
07-05 11:37:36.979   545  6666 I DownloadManager: Initiating request for download 746
07-05 11:37:37.029   545   548 D dalvikvm: GC_CONCURRENT freed 376K, 14% free 10135K/11719K, paused 2ms+4ms
07-05 11:37:37.131   545   548 D dalvikvm: GC_CONCURRENT freed 228K, 12% free 10322K/11719K, paused 2ms+3ms
07-05 11:37:37.326   545   548 D dalvikvm: GC_CONCURRENT freed 619K, 14% free 10089K/11719K, paused 2ms+2ms
07-05 11:37:37.541   545   548 D dalvikvm: GC_CONCURRENT freed 399K, 15% free 10073K/11719K, paused 2ms+2ms
07-05 11:37:37.557   545  6669 I DownloadManager: Initiating request for download 747
07-05 11:37:37.670   545   548 D dalvikvm: GC_CONCURRENT freed 199K, 12% free 10341K/11719K, paused 2ms+3ms
07-05 11:37:37.873  1370  6671 E DictionaryProvider:UpdateHandler: Can't read a file : android.util.MalformedJsonException: Use JsonReader.setLenient(true) to accept malformed JSON at line 1 column 20
07-05 11:37:37.897   545   548 D dalvikvm: GC_CONCURRENT freed 640K, 14% free 10112K/11719K, paused 2ms+2ms
07-05 11:37:38.088   545   548 D dalvikvm: GC_CONCURRENT freed 422K, 15% free 10078K/11719K, paused 2ms+2ms
07-05 11:37:38.112   545  6674 I DownloadManager: Initiating request for download 747
07-05 11:37:38.209   545   548 D dalvikvm: GC_CONCURRENT freed 200K, 13% free 10299K/11719K, paused 2ms+3ms
07-05 11:37:38.365   545   548 D dalvikvm: GC_CONCURRENT freed 561K, 14% free 10131K/11719K, paused 2ms+3ms
07-05 11:37:38.580   545   548 D dalvikvm: GC_CONCURRENT freed 435K, 14% free 10086K/11719K, paused 1ms+2ms
07-05 11:37:38.662   545  6677 I DownloadManager: Initiating request for download 748
07-05 11:37:38.768   545   548 D dalvikvm: GC_CONCURRENT freed 245K, 13% free 10309K/11719K, paused 3ms+3ms
07-05 11:37:38.932   545   548 D dalvikvm: GC_CONCURRENT freed 606K, 14% free 10098K/11719K, paused 2ms+2ms
07-05 11:37:38.990  1370  6679 E DictionaryProvider:UpdateHandler: Can't read a file : android.util.MalformedJsonException: Use JsonReader.setLenient(true) to accept malformed JSON at line 1 column 20
07-05 11:37:39.069  1370  1372 D dalvikvm: GC_CONCURRENT freed 366K, 7% free 9150K/9735K, paused 1ms+2ms
07-05 11:37:39.205   545   548 D dalvikvm: GC_CONCURRENT freed 396K, 14% free 10088K/11719K, paused 2ms+3ms
07-05 11:37:39.272   545  6682 I DownloadManager: Initiating request for download 748
07-05 11:37:39.362   545   548 D dalvikvm: GC_CONCURRENT freed 273K, 13% free 10276K/11719K, paused 2ms+3ms
07-05 11:37:39.506   545   548 D dalvikvm: GC_CONCURRENT freed 538K, 14% free 10137K/11719K, paused 2ms+2ms
07-05 11:37:39.592   545  6685 I DownloadManager: in removeSpuriousFiles
07-05 11:37:39.647   545  6685 D dalvikvm: GC_FOR_ALLOC freed 370K, 13% free 10279K/11719K, paused 22ms
07-05 11:37:39.654   545  6685 I DownloadManager: in removeSpuriousFiles, preserving file /mnt/sdcard/download/ASTRO_File_Manager_Pro_v2.5.2.apk
07-05 11:37:39.658   545  6685 I DownloadManager: in removeSpuriousFiles, preserving file /mnt/sdcard/download/Patterson88.pdf
07-05 11:37:39.658   545  6685 I DownloadManager: in removeSpuriousFiles, preserving file /mnt/sdcard/download/Patterson88-1.pdf
07-05 11:37:39.658   545  6685 I DownloadManager: in removeSpuriousFiles, preserving file /mnt/sdcard/download/SAURAV_CANADA.pdf
07-05 11:37:39.658   545  6685 I DownloadManager: in removeSpuriousFiles, preserving file /mnt/sdcard/download/sp09.pdf
07-05 11:37:39.658   545  6685 I DownloadManager: in removeSpuriousFiles, preserving file /mnt/sdcard/download/sp09-1.pdf
07-05 11:37:39.658   545  6685 I DownloadManager: in removeSpuriousFiles, preserving file /mnt/sdcard/download/IEEE-android-security_stanford_only_.pdf
07-05 11:37:39.658   545  6685 I DownloadManager: in removeSpuriousFiles, preserving file /mnt/sdcard/download/Applying_Behavioral_Detection_on_Android-based_Devices.Mobilware2010.pdf
07-05 11:37:39.658   545  6685 I DownloadManager: in removeSpuriousFiles, preserving file /mnt/sdcard/download/mapreduce-osdi04.pdf
07-05 11:37:39.658   545  6685 I DownloadManager: in removeSpuriousFiles, preserving file /mnt/sdcard/download/EECS-2011-48.pdf
07-05 11:37:39.658   545  6685 I DownloadManager: in removeSpuriousFiles, preserving file /mnt/sdcard/download/permissionredelegation.pdf
07-05 11:37:39.658   545  6685 I DownloadManager: in removeSpuriousFiles, preserving file /mnt/sdcard/download/permissionredelegation-1.pdf
07-05 11:37:39.658   545  6685 I DownloadManager: in removeSpuriousFiles, preserving file /mnt/sdcard/download/80211n_power.pdf
07-05 11:37:39.662   545  6685 I DownloadManager: in removeSpuriousFiles, preserving file /mnt/sdcard/download/.pdf
07-05 11:37:39.662   545  6685 I DownloadManager: in removeSpuriousFiles, preserving file /mnt/sdcard/download/set.htm
07-05 11:37:39.662   545  6685 I DownloadManager: in removeSpuriousFiles, preserving file /mnt/sdcard/download/26.pdf
07-05 11:37:39.662   545  6685 I DownloadManager: in removeSpuriousFiles, preserving file /mnt/sdcard/download/25.pdf
07-05 11:37:39.662   545  6685 I DownloadManager: in removeSpuriousFiles, preserving file /mnt/sdcard/download/26-1.pdf
07-05 11:37:39.662   545  6685 I DownloadManager: in removeSpuriousFiles, preserving file /mnt/sdcard/download/dinner.pdf
07-05 11:37:39.662   545  6685 I DownloadManager: in removeSpuriousFiles, preserving file /mnt/sdcard/download/dinner-1.pdf
07-05 11:37:39.662   545  6685 I DownloadManager: in removeSpuriousFiles, preserving file /mnt/sdcard/download/11fallintstampp.pdf
07-05 11:37:39.662   545  6685 I DownloadManager: in removeSpuriousFiles, preserving file /mnt/sdcard/download/11fallintstampendp.pdf
07-05 11:37:39.662   545  6685 I DownloadManager: in removeSpuriousFiles, preserving file /mnt/sdcard/download/11fallintstampendp-1.pdf
07-05 11:37:39.662   545  6685 I DownloadManager: in removeSpuriousFiles, preserving file /mnt/sdcard/download/-1.pdf
07-05 11:37:39.662   545  6685 I DownloadManager: in removeSpuriousFiles, preserving file /mnt/sdcard/download/CSE_Brochure.pdf
07-05 11:37:39.662   545  6685 I DownloadManager: in removeSpuriousFiles, preserving file /mnt/sdcard/download/NorthCampus_bw.pdf
07-05 11:37:39.662   545  6685 I DownloadManager: in removeSpuriousFiles, preserving file /mnt/sdcard/download/MZBJS06.pdf
07-05 11:37:39.662   545  6685 I DownloadManager: in removeSpuriousFiles, preserving file /mnt/sdcard/download/MZBJS06-1.pdf
07-05 11:37:39.662   545  6685 I DownloadManager: in removeSpuriousFiles, preserving file /mnt/sdcard/download/Fac Candidate of 2-20-12.pdf
07-05 11:37:39.662   545  6685 I DownloadManager: in removeSpuriousFiles, preserving file /mnt/sdcard/download/Fac Candidate of 2-14-12.pdf
07-05 11:37:39.666   545  6685 I DownloadManager: in removeSpuriousFiles, preserving file /mnt/sdcard/download/395479_10150681887442559_647547558_11453806_840641572_n.jpg
07-05 11:37:39.666   545  6685 I DownloadManager: in removeSpuriousFiles, preserving file /mnt/sdcard/download/12scmallp.pdf
07-05 11:37:39.666   545  6685 I DownloadManager: in removeSpuriousFiles, preserving file /mnt/sdcard/download/12scmallx.xls
07-05 11:37:39.666   545  6685 I DownloadManager: in removeSpuriousFiles, preserving file /data/data/com.android.providers.downloads/cache/metadata.htm
07-05 11:37:39.666   545  6685 I DownloadManager: in removeSpuriousFiles, preserving file /data/data/com.android.providers.downloads/cache/metadata-1.htm
07-05 11:37:39.666   545  6685 I DownloadManager: in removeSpuriousFiles, preserving file /data/data/com.android.providers.downloads/cache/metadata-2.htm
07-05 11:37:39.666   545  6685 I DownloadManager: in removeSpuriousFiles, preserving file /data/data/com.android.providers.downloads/cache/metadata-3.htm
07-05 11:37:39.666   545  6685 I DownloadManager: in removeSpuriousFiles, preserving file /data/data/com.android.providers.downloads/cache/metadata-4.htm
07-05 11:37:39.666   545  6685 I DownloadManager: in removeSpuriousFiles, preserving file /data/data/com.android.providers.downloads/cache/metadata-5.htm
07-05 11:37:39.666   545  6685 I DownloadManager: in removeSpuriousFiles, preserving file /data/data/com.android.providers.downloads/cache/metadata-6.htm
07-05 11:37:39.666   545  6685 I DownloadManager: in removeSpuriousFiles, preserving file /data/data/com.android.providers.downloads/cache/metadata-7.htm
07-05 11:37:39.666   545  6685 I DownloadManager: in removeSpuriousFiles, preserving file /data/data/com.android.providers.downloads/cache/metadata-8.htm
07-05 11:37:39.666   545  6685 I DownloadManager: in removeSpuriousFiles, preserving file /data/data/com.android.providers.downloads/cache/metadata-9.htm
07-05 11:37:39.666   545  6685 I DownloadManager: in removeSpuriousFiles, preserving file /data/data/com.android.providers.downloads/cache/metadata-10.htm
07-05 11:37:39.666   545  6685 I DownloadManager: in removeSpuriousFiles, preserving file /data/data/com.android.providers.downloads/cache/metadata-12.htm
07-05 11:37:39.666   545  6685 I DownloadManager: in removeSpuriousFiles, preserving file /data/data/com.android.providers.downloads/cache/metadata-14.htm
07-05 11:37:39.666   545  6685 I DownloadManager: in removeSpuriousFiles, preserving file /data/data/com.android.providers.downloads/cache/metadata-19.htm
07-05 11:37:39.666   545  6685 I DownloadManager: in removeSpuriousFiles, preserving file /data/data/com.android.providers.downloads/cache/metadata-13.htm
07-05 11:37:39.666   545  6685 I DownloadManager: in removeSpuriousFiles, preserving file /data/data/com.android.providers.downloads/cache/metadata-16.htm
07-05 11:37:39.666   545  6685 I DownloadManager: in removeSpuriousFiles, preserving file /data/data/com.android.providers.downloads/cache/metadata-18.htm
07-05 11:37:39.666   545  6685 I DownloadManager: in removeSpuriousFiles, preserving file /data/data/com.android.providers.downloads/cache/metadata-24.htm
07-05 11:37:39.666   545  6685 I DownloadManager: in removeSpuriousFiles, preserving file /data/data/com.android.providers.downloads/cache/metadata-17.htm
07-05 11:37:39.666   545  6685 I DownloadManager: in removeSpuriousFiles, preserving file /data/data/com.android.providers.downloads/cache/metadata-20.htm
07-05 11:37:39.666   545  6685 I DownloadManager: in removeSpuriousFiles, preserving file /data/data/com.android.providers.downloads/cache/metadata-26.htm
07-05 11:37:39.666   545  6685 I DownloadManager: in removeSpuriousFiles, preserving file /data/data/com.android.providers.downloads/cache/metadata-11.htm
07-05 11:37:39.666   545  6685 I DownloadManager: in removeSpuriousFiles, preserving file /data/data/com.android.providers.downloads/cache/metadata-15.htm
07-05 11:37:39.666   545  6685 I DownloadManager: in removeSpuriousFiles, preserving file /data/data/com.android.providers.downloads/cache/metadata-21.htm
07-05 11:37:39.666   545  6685 I DownloadManager: in removeSpuriousFiles, preserving file /data/data/com.android.providers.downloads/cache/metadata-25.htm
07-05 11:37:39.666   545  6685 I DownloadManager: in removeSpuriousFiles, preserving file /data/data/com.android.providers.downloads/cache/metadata-23.htm
07-05 11:37:39.666   545  6685 I DownloadManager: in removeSpuriousFiles, preserving file /data/data/com.android.providers.downloads/cache/metadata-29.htm
07-05 11:37:39.666   545  6685 I DownloadManager: in removeSpuriousFiles, preserving file /data/data/com.android.providers.downloads/cache/metadata-34.htm
07-05 11:37:39.666   545  6685 I DownloadManager: in removeSpuriousFiles, preserving file /data/data/com.android.providers.downloads/cache/metadata-22.htm
07-05 11:37:39.666   545  6685 I DownloadManager: in removeSpuriousFiles, preserving file /data/data/com.android.providers.downloads/cache/metadata-32.htm
07-05 11:37:39.666   545  6685 I DownloadManager: in removeSpuriousFiles, preserving file /data/data/com.android.providers.downloads/cache/metadata-28.htm
07-05 11:37:39.670   545  6685 I DownloadManager: in removeSpuriousFiles, preserving file /data/data/com.android.providers.downloads/cache/metadata-30.htm
07-05 11:37:39.670   545  6685 I DownloadManager: in removeSpuriousFiles, preserving file /data/data/com.android.providers.downloads/cache/metadata-36.htm
07-05 11:37:39.670   545  6685 I DownloadManager: in removeSpuriousFiles, preserving file /data/data/com.android.providers.downloads/cache/metadata-46.htm
07-05 11:37:39.670   545  6685 I DownloadManager: in removeSpuriousFiles, preserving file /data/data/com.android.providers.downloads/cache/metadata-38.htm
07-05 11:37:39.670   545  6685 I DownloadManager: in removeSpuriousFiles, preserving file /data/data/com.android.providers.downloads/cache/metadata-31.htm
07-05 11:37:39.670   545  6685 I DownloadManager: in removeSpuriousFiles, preserving file /data/data/com.android.providers.downloads/cache/metadata-27.htm
07-05 11:37:39.670   545  6685 I DownloadManager: in removeSpuriousFiles, preserving file /data/data/com.android.providers.downloads/cache/metadata-41.htm
07-05 11:37:39.670   545  6685 I DownloadManager: in removeSpuriousFiles, preserving file /data/data/com.android.providers.downloads/cache/metadata-47.htm
07-05 11:37:39.670   545  6685 I DownloadManager: in removeSpuriousFiles, preserving file /data/data/com.android.providers.downloads/cache/metadata-51.htm
07-05 11:37:39.670   545  6685 I DownloadManager: in removeSpuriousFiles, preserving file /data/data/com.android.providers.downloads/cache/metadata-48.htm
07-05 11:37:39.670   545  6685 I DownloadManager: in removeSpuriousFiles, preserving file /data/data/com.android.providers.downloads/cache/metadata-40.htm
07-05 11:37:39.670   545  6685 I DownloadManager: in removeSpuriousFiles, preserving file /data/data/com.android.providers.downloads/cache/metadata-37.htm
07-05 11:37:39.670   545  6685 I DownloadManager: in removeSpuriousFiles, preserving file /data/data/com.android.providers.downloads/cache/metadata-42.htm
07-05 11:37:39.670   545  6685 I DownloadManager: in removeSpuriousFiles, preserving file /data/data/com.android.providers.downloads/cache/metadata-45.htm
07-05 11:37:39.670   545  6685 I DownloadManager: in removeSpuriousFiles, preserving file /data/data/com.android.providers.downloads/cache/metadata-59.htm
07-05 11:37:39.670   545  6685 I DownloadManager: in removeSpuriousFiles, preserving file /data/data/com.android.providers.downloads/cache/metadata-90.htm
07-05 11:37:39.670   545  6685 I DownloadManager: in removeSpuriousFiles, preserving file /data/data/com.android.providers.downloads/cache/metadata-43.htm
07-05 11:37:39.670   545  6685 I DownloadManager: in removeSpuriousFiles, preserving file /data/data/com.android.providers.downloads/cache/metadata-138.htm
07-05 11:37:39.670   545  6685 I DownloadManager: in removeSpuriousFiles, preserving file /data/data/com.android.providers.downloads/cache/metadata-52.htm
07-05 11:37:39.670   545  6685 I DownloadManager: in removeSpuriousFiles, preserving file /data/data/com.android.providers.downloads/cache/metadata-116.htm
07-05 11:37:39.670   545  6685 I DownloadManager: in removeSpuriousFiles, preserving file /data/data/com.android.providers.downloads/cache/metadata-55.htm
07-05 11:37:39.670   545  6685 I DownloadManager: in removeSpuriousFiles, preserving file /data/data/com.android.providers.downloads/cache/metadata-53.htm
07-05 11:37:39.670   545  6685 I DownloadManager: in removeSpuriousFiles, preserving file /data/data/com.android.providers.downloads/cache/metadata-64.htm
07-05 11:37:39.670   545  6685 I DownloadManager: in removeSpuriousFiles, preserving file /data/data/com.android.providers.downloads/cache/metadata-54.htm
07-05 11:37:39.670   545  6685 I DownloadManager: in removeSpuriousFiles, preserving file /data/data/com.android.providers.downloads/cache/metadata-63.htm
07-05 11:37:39.670   545  6685 I DownloadManager: in removeSpuriousFiles, preserving file /data/data/com.android.providers.downloads/cache/metadata-76.htm
07-05 11:37:39.670   545  6685 I DownloadManager: in removeSpuriousFiles, preserving file /data/data/com.android.providers.downloads/cache/metadata-124.htm
07-05 11:37:39.670   545  6685 I DownloadManager: in removeSpuriousFiles, preserving file /data/data/com.android.providers.downloads/cache/metadata-57.htm
07-05 11:37:39.670   545  6685 I DownloadManager: in removeSpuriousFiles, preserving file /data/data/com.android.providers.downloads/cache/metadata-58.htm
07-05 11:37:39.670   545  6685 I DownloadManager: in removeSpuriousFiles, preserving file /data/data/com.android.providers.downloads/cache/metadata-56.htm
07-05 11:37:39.670   545  6685 I DownloadManager: in removeSpuriousFiles, preserving file /data/data/com.android.providers.downloads/cache/metadata-113.htm
07-05 11:37:39.670   545  6685 I DownloadManager: in removeSpuriousFiles, preserving file /data/data/com.android.providers.downloads/cache/metadata-60.htm
07-05 11:37:39.670   545  6685 I DownloadManager: in removeSpuriousFiles, preserving file /data/data/com.android.providers.downloads/cache/metadata-68.htm
07-05 11:37:39.670   545  6685 I DownloadManager: in removeSpuriousFiles, preserving file /data/data/com.android.providers.downloads/cache/metadata-92.htm
07-05 11:37:39.670   545  6685 I DownloadManager: in removeSpuriousFiles, preserving file /data/data/com.android.providers.downloads/cache/metadata-126.htm
07-05 11:37:39.670   545  6685 I DownloadManager: in removeSpuriousFiles, preserving file /data/data/com.android.providers.downloads/cache/metadata-147.htm
07-05 11:37:39.670   545  6685 I DownloadManager: in removeSpuriousFiles, preserving file /data/data/com.android.providers.downloads/cache/metadata-118.htm
07-05 11:37:39.670   545  6685 I DownloadManager: in removeSpuriousFiles, preserving file /data/data/com.android.providers.downloads/cache/metadata-137.htm
07-05 11:37:39.670   545  6685 I DownloadManager: in removeSpuriousFiles, preserving file /data/data/com.android.providers.downloads/cache/metadata-72.htm
07-05 11:37:39.670   545  6685 I DownloadManager: in removeSpuriousFiles, preserving file /data/data/com.android.providers.downloads/cache/metadata-93.htm
07-05 11:37:39.670   545  6685 I DownloadManager: in removeSpuriousFiles, preserving file /data/data/com.android.providers.downloads/cache/metadata-61.htm
07-05 11:37:39.670   545  6685 I DownloadManager: in removeSpuriousFiles, preserving file /data/data/com.android.providers.downloads/cache/metadata-82.htm
07-05 11:37:39.670   545  6685 I DownloadManager: in removeSpuriousFiles, preserving file /data/data/com.android.providers.downloads/cache/metadata-119.htm
07-05 11:37:39.670   545  6685 I DownloadManager: in removeSpuriousFiles, preserving file /data/data/com.android.providers.downloads/cache/metadata-79.htm
07-05 11:37:39.670   545  6685 I DownloadManager: in removeSpuriousFiles, preserving file /data/data/com.android.providers.downloads/cache/metadata-128.htm
07-05 11:37:39.670   545  6685 I DownloadManager: in removeSpuriousFiles, preserving file /data/data/com.android.providers.downloads/cache/metadata-134.htm
07-05 11:37:39.670   545  6685 I DownloadManager: in removeSpuriousFiles, preserving file /data/data/com.android.providers.downloads/cache/metadata-230.htm
07-05 11:37:39.670   545  6685 I DownloadManager: in removeSpuriousFiles, preserving file /data/data/com.android.providers.downloads/cache/metadata-154.htm
07-05 11:37:39.670   545  6685 I DownloadManager: in removeSpuriousFiles, preserving file /data/data/com.android.providers.downloads/cache/metadata-121.htm
07-05 11:37:39.670   545  6685 I DownloadManager: in removeSpuriousFiles, preserving file /data/data/com.android.providers.downloads/cache/metadata-75.htm
07-05 11:37:39.670   545  6685 I DownloadManager: in removeSpuriousFiles, preserving file /data/data/com.android.providers.downloads/cache/metadata-111.htm
07-05 11:37:39.674   545  6685 I DownloadManager: in removeSpuriousFiles, preserving file /data/data/com.android.providers.downloads/cache/metadata-140.htm
07-05 11:37:39.674   545  6685 I DownloadManager: in removeSpuriousFiles, preserving file /data/data/com.android.providers.downloads/cache/metadata-143.htm
07-05 11:37:39.674   545  6685 I DownloadManager: in removeSpuriousFiles, preserving file /data/data/com.android.providers.downloads/cache/metadata-125.htm
07-05 11:37:39.674   545  6685 I DownloadManager: in removeSpuriousFiles, preserving file /data/data/com.android.providers.downloads/cache/metadata-107.htm
07-05 11:37:39.674   545  6685 I DownloadManager: in removeSpuriousFiles, preserving file /data/data/com.android.providers.downloads/cache/metadata-203.htm
07-05 11:37:39.674   545  6685 I DownloadManager: in removeSpuriousFiles, preserving file /data/data/com.android.providers.downloads/cache/metadata-130.htm
07-05 11:37:39.674   545  6685 I DownloadManager: in removeSpuriousFiles, preserving file /data/data/com.android.providers.downloads/cache/metadata-89.htm
07-05 11:37:39.674   545  6685 I DownloadManager: in removeSpuriousFiles, preserving file /data/data/com.android.providers.downloads/cache/metadata-151.htm
07-05 11:37:39.674   545  6685 I DownloadManager: in removeSpuriousFiles, preserving file /data/data/com.android.providers.downloads/cache/metadata-202.htm
07-05 11:37:39.674   545  6685 I DownloadManager: in removeSpuriousFiles, preserving file /data/data/com.android.providers.downloads/cache/metadata-127.htm
07-05 11:37:39.674   545  6685 I DownloadManager: in removeSpuriousFiles, preserving file /data/data/com.android.providers.downloads/cache/metadata-78.htm
07-05 11:37:39.674   545  6685 I DownloadManager: in removeSpuriousFiles, preserving file /data/data/com.android.providers.downloads/cache/metadata-135.htm
07-05 11:37:39.674   545  6685 I DownloadManager: in removeSpuriousFiles, preserving file /data/data/com.android.providers.downloads/cache/metadata-157.htm
07-05 11:37:39.674   545  6685 I DownloadManager: in removeSpuriousFiles, preserving file /data/data/com.android.providers.downloads/cache/metadata-136.htm
07-05 11:37:39.674   545  6685 I DownloadManager: in removeSpuriousFiles, preserving file /data/data/com.android.providers.downloads/cache/metadata-88.htm
07-05 11:37:39.674   545  6685 I DownloadManager: in removeSpuriousFiles, preserving file /data/data/com.android.providers.downloads/cache/metadata-161.htm
07-05 11:37:39.674   545  6685 I DownloadManager: in removeSpuriousFiles, preserving file /data/data/com.android.providers.downloads/cache/metadata-81.htm
07-05 11:37:39.674   545  6685 I DownloadManager: in removeSpuriousFiles, preserving file /data/data/com.android.providers.downloads/cache/metadata-153.htm
07-05 11:37:39.674   545  6685 I DownloadManager: in removeSpuriousFiles, preserving file /data/data/com.android.providers.downloads/cache/metadata-192.htm
07-05 11:37:39.674   545  6685 I DownloadManager: in removeSpuriousFiles, preserving file /data/data/com.android.providers.downloads/cache/metadata-101.htm
07-05 11:37:39.674   545  6685 I DownloadManager: in removeSpuriousFiles, preserving file /data/data/com.android.providers.downloads/cache/metadata-197.htm
07-05 11:37:39.674   545  6685 I DownloadManager: in removeSpuriousFiles, preserving file /data/data/com.android.providers.downloads/cache/metadata-220.htm
07-05 11:37:39.674   545  6685 I DownloadManager: in removeSpuriousFiles, preserving file /data/data/com.android.providers.downloads/cache/metadata-168.htm
07-05 11:37:39.674   545  6685 I DownloadManager: in removeSpuriousFiles, preserving file /data/data/com.android.providers.downloads/cache/metadata-177.htm
07-05 11:37:39.674   545  6685 I DownloadManager: in removeSpuriousFiles, preserving file /data/data/com.android.providers.downloads/cache/metadata-201.htm
07-05 11:37:39.674   545  6685 I DownloadManager: in removeSpuriousFiles, preserving file /data/data/com.android.providers.downloads/cache/metadata-216.htm
07-05 11:37:39.674   545  6685 I DownloadManager: in removeSpuriousFiles, preserving file /data/data/com.android.providers.downloads/cache/metadata-200.htm
07-05 11:37:39.674   545  6685 I DownloadManager: in removeSpuriousFiles, preserving file /data/data/com.android.providers.downloads/cache/metadata-172.htm
07-05 11:37:39.674   545  6685 I DownloadManager: in removeSpuriousFiles, preserving file /data/data/com.android.providers.downloads/cache/metadata-183.htm
07-05 11:37:39.674   545  6685 I DownloadManager: in removeSpuriousFiles, preserving file /data/data/com.android.providers.downloads/cache/metadata-224.htm
07-05 11:37:39.674   545  6685 I DownloadManager: in removeSpuriousFiles, preserving file /data/data/com.android.providers.downloads/cache/metadata-245.htm
07-05 11:37:39.674   545  6685 I DownloadManager: in removeSpuriousFiles, preserving file /data/data/com.android.providers.downloads/cache/metadata-150.htm
07-05 11:37:39.674   545  6685 I DownloadManager: in removeSpuriousFiles, preserving file /data/data/com.android.providers.downloads/cache/metadata-240.htm
07-05 11:37:39.678   545  6685 I DownloadManager: in removeSpuriousFiles, preserving file /data/data/com.android.providers.downloads/cache/metadata-185.htm
07-05 11:37:39.678   545  6685 I DownloadManager: in removeSpuriousFiles, preserving file /data/data/com.android.providers.downloads/cache/metadata-189.htm
07-05 11:37:39.678   545  6685 I DownloadManager: in removeSpuriousFiles, preserving file /data/data/com.android.providers.downloads/cache/metadata-280.htm
07-05 11:37:39.678   545  6685 I DownloadManager: in removeSpuriousFiles, preserving file /data/data/com.android.providers.downloads/cache/metadata-176.htm
07-05 11:37:39.678   545  6685 I DownloadManager: in removeSpuriousFiles, preserving file /data/data/com.android.providers.downloads/cache/metadata-191.htm
07-05 11:37:39.678   545  6685 I DownloadManager: in removeSpuriousFiles, preserving file /data/data/com.android.providers.downloads/cache/metadata-73.htm
07-05 11:37:39.678   545  6685 I DownloadManager: in removeSpuriousFiles, preserving file /data/data/com.android.providers.downloads/cache/metadata-122.htm
07-05 11:37:39.678   545  6685 I DownloadManager: in removeSpuriousFiles, preserving file /data/data/com.android.providers.downloads/cache/metadata-80.htm
07-05 11:37:39.678   545  6685 I DownloadManager: in removeSpuriousFiles, preserving file /data/data/com.android.providers.downloads/cache/metadata-217.htm
07-05 11:37:39.678   545  6685 I DownloadManager: in removeSpuriousFiles, preserving file /data/data/com.android.providers.downloads/cache/metadata-188.htm
07-05 11:37:39.678   545  6685 I DownloadManager: in removeSpuriousFiles, preserving file /data/data/com.android.providers.downloads/cache/metadata-253.htm
07-05 11:37:39.678   545  6685 I DownloadManager: in removeSpuriousFiles, preserving file /data/data/com.android.providers.downloads/cache/metadata-205.htm
07-05 11:37:39.678   545  6685 I DownloadManager: in removeSpuriousFiles, preserving file /data/data/com.android.providers.downloads/cache/metadata-234.htm
07-05 11:37:39.678   545  6685 I DownloadManager: in removeSpuriousFiles, preserving file /data/data/com.android.providers.downloads/cache/metadata-215.htm
07-05 11:37:39.678   545  6685 I DownloadManager: in removeSpuriousFiles, preserving file /data/data/com.android.providers.downloads/cache/metadata-319.htm
07-05 11:37:39.678   545  6685 I DownloadManager: in removeSpuriousFiles, preserving file /data/data/com.android.providers.downloads/cache/metadata-35.htm
07-05 11:37:39.678   545  6685 I DownloadManager: in removeSpuriousFiles, preserving file /data/data/com.android.providers.downloads/cache/metadata-164.htm
07-05 11:37:39.678   545  6685 I DownloadManager: in removeSpuriousFiles, preserving file /data/data/com.android.providers.downloads/cache/metadata-142.htm
07-05 11:37:39.678   545  6685 I DownloadManager: in removeSpuriousFiles, preserving file /data/data/com.android.providers.downloads/cache/metadata-39.htm
07-05 11:37:39.678   545  6685 I DownloadManager: in removeSpuriousFiles, preserving file /data/data/com.android.providers.downloads/cache/metadata-219.htm
07-05 11:37:39.678   545  6685 I DownloadManager: in removeSpuriousFiles, preserving file /data/data/com.android.providers.downloads/cache/metadata-62.htm
07-05 11:37:39.678   545  6685 I DownloadManager: in removeSpuriousFiles, preserving file /data/data/com.android.providers.downloads/cache/metadata-105.htm
07-05 11:37:39.678   545  6685 I DownloadManager: in removeSpuriousFiles, preserving file /data/data/com.android.providers.downloads/cache/metadata-221.htm
07-05 11:37:39.678   545  6685 I DownloadManager: in removeSpuriousFiles, preserving file /data/data/com.android.providers.downloads/cache/metadata-77.htm
07-05 11:37:39.678   545  6685 I DownloadManager: in removeSpuriousFiles, preserving file /data/data/com.android.providers.downloads/cache/metadata-50.htm
07-05 11:37:39.678   545  6685 I DownloadManager: in removeSpuriousFiles, preserving file /data/data/com.android.providers.downloads/cache/metadata-181.htm
07-05 11:37:39.678   545  6685 I DownloadManager: in removeSpuriousFiles, preserving file /data/data/com.android.providers.downloads/cache/metadata-152.htm
07-05 11:37:39.678   545  6685 I DownloadManager: in removeSpuriousFiles, preserving file /data/data/com.android.providers.downloads/cache/metadata-104.htm
07-05 11:37:39.678   545  6685 I DownloadManager: in removeSpuriousFiles, preserving file /data/data/com.android.providers.downloads/cache/metadata-214.htm
07-05 11:37:39.678   545  6685 I DownloadManager: in removeSpuriousFiles, preserving file /data/data/com.android.providers.downloads/cache/metadata-196.htm
07-05 11:37:39.678   545  6685 I DownloadManager: in removeSpuriousFiles, preserving file /data/data/com.android.providers.downloads/cache/metadata-174.htm
07-05 11:37:39.678   545  6685 I DownloadManager: in removeSpuriousFiles, preserving file /data/data/com.android.providers.downloads/cache/metadata-67.htm
07-05 11:37:39.678   545  6685 I DownloadManager: in removeSpuriousFiles, preserving file /data/data/com.android.providers.downloads/cache/metadata-199.htm
07-05 11:37:39.678   545  6685 I DownloadManager: in removeSpuriousFiles, preserving file /data/data/com.android.providers.downloads/cache/metadata-162.htm
07-05 11:37:39.678   545  6685 I DownloadManager: in removeSpuriousFiles, preserving file /data/data/com.android.providers.downloads/cache/metadata-133.htm
07-05 11:37:39.678   545  6685 I DownloadManager: in removeSpuriousFiles, preserving file /data/data/com.android.providers.downloads/cache/metadata-300.htm
07-05 11:37:39.678   545  6685 I DownloadManager: in removeSpuriousFiles, preserving file /data/data/com.android.providers.downloads/cache/metadata-158.htm
07-05 11:37:39.678   545  6685 I DownloadManager: in removeSpuriousFiles, preserving file /data/data/com.android.providers.downloads/cache/metadata-207.htm
07-05 11:37:39.678   545  6685 I DownloadManager: in removeSpuriousFiles, preserving file /data/data/com.android.providers.downloads/cache/metadata-148.htm
07-05 11:37:39.678   545  6685 I DownloadManager: in removeSpuriousFiles, preserving file /data/data/com.android.providers.downloads/cache/metadata-320.htm
07-05 11:37:39.678   545  6685 I DownloadManager: in removeSpuriousFiles, preserving file /data/data/com.android.providers.downloads/cache/metadata-139.htm
07-05 11:37:39.678   545  6685 I DownloadManager: in removeSpuriousFiles, preserving file /data/data/com.android.providers.downloads/cache/metadata-74.htm
07-05 11:37:39.678   545  6685 I DownloadManager: in removeSpuriousFiles, preserving file /data/data/com.android.providers.downloads/cache/metadata-291.htm
07-05 11:37:39.678   545  6685 I DownloadManager: in removeSpuriousFiles, preserving file /data/data/com.android.providers.downloads/cache/metadata-70.htm
07-05 11:37:39.682   545  6685 I DownloadManager: in removeSpuriousFiles, preserving file /data/data/com.android.providers.downloads/cache/metadata-226.htm
07-05 11:37:39.682   545  6685 I DownloadManager: in removeSpuriousFiles, preserving file /data/data/com.android.providers.downloads/cache/metadata-178.htm
07-05 11:37:39.682   545  6685 I DownloadManager: in removeSpuriousFiles, preserving file /data/data/com.android.providers.downloads/cache/metadata-284.htm
07-05 11:37:39.682   545  6685 I DownloadManager: in removeSpuriousFiles, preserving file /data/data/com.android.providers.downloads/cache/metadata-84.htm
07-05 11:37:39.682   545  6685 I DownloadManager: in removeSpuriousFiles, preserving file /data/data/com.android.providers.downloads/cache/metadata-268.htm
07-05 11:37:39.682   545  6685 I DownloadManager: in removeSpuriousFiles, preserving file /data/data/com.android.providers.downloads/cache/metadata-254.htm
07-05 11:37:39.682   545  6685 I DownloadManager: in removeSpuriousFiles, preserving file /data/data/com.android.providers.downloads/cache/metadata-115.htm
07-05 11:37:39.682   545  6685 I DownloadManager: in removeSpuriousFiles, preserving file /data/data/com.android.providers.downloads/cache/metadata-210.htm
07-05 11:37:39.682   545  6685 I DownloadManager: in removeSpuriousFiles, preserving file /data/data/com.android.providers.downloads/cache/metadata-149.htm
07-05 11:37:39.682   545  6685 I DownloadManager: in removeSpuriousFiles, preserving file /data/data/com.android.providers.downloads/cache/metadata-218.htm
07-05 11:37:39.682   545  6685 I DownloadManager: in removeSpuriousFiles, preserving file /data/data/com.android.providers.downloads/cache/metadata-295.htm
07-05 11:37:39.682   545  6685 I DownloadManager: in removeSpuriousFiles, preserving file /data/data/com.android.providers.downloads/cache/metadata-110.htm
07-05 11:37:39.682   545  6685 I DownloadManager: in removeSpuriousFiles, preserving file /data/data/com.android.providers.downloads/cache/metadata-91.htm
07-05 11:37:39.682   545  6685 I DownloadManager: in removeSpuriousFiles, preserving file /data/data/com.android.providers.downloads/cache/metadata-146.htm
07-05 11:37:39.682   545  6685 I DownloadManager: in removeSpuriousFiles, preserving file /data/data/com.android.providers.downloads/cache/metadata-160.htm
07-05 11:37:39.682   545  6685 I DownloadManager: in removeSpuriousFiles, preserving file /data/data/com.android.providers.downloads/cache/metadata-120.htm
07-05 11:37:39.682   545  6685 I DownloadManager: in removeSpuriousFiles, preserving file /data/data/com.android.providers.downloads/cache/metadata-368.htm
07-05 11:37:39.682   545  6685 I DownloadManager: in removeSpuriousFiles, preserving file /data/data/com.android.providers.downloads/cache/metadata-239.htm
07-05 11:37:39.682   545  6685 I DownloadManager: in removeSpuriousFiles, preserving file /data/data/com.android.providers.downloads/cache/metadata-243.htm
07-05 11:37:39.682   545  6685 I DownloadManager: in removeSpuriousFiles, preserving file /data/data/com.android.providers.downloads/cache/metadata-375.htm
07-05 11:37:39.682   545  6685 I DownloadManager: in removeSpuriousFiles, preserving file /data/data/com.android.providers.downloads/cache/metadata-262.htm
07-05 11:37:39.682   545  6685 I DownloadManager: in removeSpuriousFiles, preserving file /data/data/com.android.providers.downloads/cache/metadata-277.htm
07-05 11:37:39.682   545  6685 I DownloadManager: in removeSpuriousFiles, preserving file /data/data/com.android.providers.downloads/cache/metadata-209.htm
07-05 11:37:39.682   545  6685 I DownloadManager: in removeSpuriousFiles, preserving file /data/data/com.android.providers.downloads/cache/metadata-314.htm
07-05 11:37:39.682   545  6685 I DownloadManager: in removeSpuriousFiles, preserving file /data/data/com.android.providers.downloads/cache/metadata-249.htm
07-05 11:37:39.682   545  6685 I DownloadManager: in removeSpuriousFiles, preserving file /data/data/com.android.providers.downloads/cache/metadata-267.htm
07-05 11:37:39.682   545  6685 I DownloadManager: in removeSpuriousFiles, preserving file /data/data/com.android.providers.downloads/cache/metadata-231.htm
07-05 11:37:39.682   545  6685 I DownloadManager: in removeSpuriousFiles, preserving file /data/data/com.android.providers.downloads/cache/metadata-198.htm
07-05 11:37:39.682   545  6685 I DownloadManager: in removeSpuriousFiles, preserving file /data/data/com.android.providers.downloads/cache/metadata-108.htm
07-05 11:37:39.682   545  6685 I DownloadManager: in removeSpuriousFiles, preserving file /data/data/com.android.providers.downloads/cache/metadata-364.htm
07-05 11:37:39.682   545  6685 I DownloadManager: in removeSpuriousFiles, preserving file /data/data/com.android.providers.downloads/cache/metadata-232.htm
07-05 11:37:39.682   545  6685 I DownloadManager: in removeSpuriousFiles, preserving file /data/data/com.android.providers.downloads/cache/metadata-334.htm
07-05 11:37:39.682   545  6685 I DownloadManager: in removeSpuriousFiles, preserving file /data/data/com.android.providers.downloads/cache/metadata-286.htm
07-05 11:37:39.682   545  6685 I DownloadManager: in removeSpuriousFiles, preserving file /data/data/com.android.providers.downloads/cache/metadata-384.htm
07-05 11:37:39.682   545  6685 I DownloadManager: in removeSpuriousFiles, preserving file /data/data/com.android.providers.downloads/cache/metadata-306.htm
07-05 11:37:39.682   545  6685 I DownloadManager: in removeSpuriousFiles, preserving file /data/data/com.android.providers.downloads/cache/metadata-266.htm
07-05 11:37:39.682   545  6685 I DownloadManager: in removeSpuriousFiles, preserving file /data/data/com.android.providers.downloads/cache/metadata-132.htm
07-05 11:37:39.682   545  6685 I DownloadManager: in removeSpuriousFiles, preserving file /data/data/com.android.providers.downloads/cache/metadata-326.htm
07-05 11:37:39.682   545  6685 I DownloadManager: in removeSpuriousFiles, preserving file /data/data/com.android.providers.downloads/cache/metadata-227.htm
07-05 11:37:39.682   545  6685 I DownloadManager: in removeSpuriousFiles, preserving file /data/data/com.android.providers.downloads/cache/metadata-194.htm
07-05 11:37:39.682   545  6685 I DownloadManager: in removeSpuriousFiles, preserving file /data/data/com.android.providers.downloads/cache/metadata-228.htm
07-05 11:37:39.682   545  6685 I DownloadManager: in removeSpuriousFiles, preserving file /data/data/com.android.providers.downloads/cache/metadata-360.htm
07-05 11:37:39.686   545  6685 I DownloadManager: in removeSpuriousFiles, preserving file /data/data/com.android.providers.downloads/cache/metadata-260.htm
07-05 11:37:39.686   545  6685 I DownloadManager: in removeSpuriousFiles, preserving file /data/data/com.android.providers.downloads/cache/metadata-131.htm
07-05 11:37:39.686   545  6685 I DownloadManager: in removeSpuriousFiles, preserving file /data/data/com.android.providers.downloads/cache/metadata-233.htm
07-05 11:37:39.686   545  6685 I DownloadManager: in removeSpuriousFiles, preserving file /data/data/com.android.providers.downloads/cache/metadata-123.htm
07-05 11:37:39.686   545  6685 I DownloadManager: in removeSpuriousFiles, preserving file /data/data/com.android.providers.downloads/cache/metadata-229.htm
07-05 11:37:39.686   545  6685 I DownloadManager: in removeSpuriousFiles, preserving file /data/data/com.android.providers.downloads/cache/metadata-264.htm
07-05 11:37:39.686   545  6685 I DownloadManager: in removeSpuriousFiles, preserving file /data/data/com.android.providers.downloads/cache/metadata-187.htm
07-05 11:37:39.686   545  6685 I DownloadManager: in removeSpuriousFiles, preserving file /data/data/com.android.providers.downloads/cache/metadata-383.htm
07-05 11:37:39.686   545  6685 I DownloadManager: in removeSpuriousFiles, preserving file /data/data/com.android.providers.downloads/cache/metadata-394.htm
07-05 11:37:39.686   545  6685 I DownloadManager: in removeSpuriousFiles, preserving file /data/data/com.android.providers.downloads/cache/metadata-85.htm
07-05 11:37:39.686   545  6685 I DownloadManager: in removeSpuriousFiles, preserving file /data/data/com.android.providers.downloads/cache/metadata-211.htm
07-05 11:37:39.686   545  6685 I DownloadManager: in removeSpuriousFiles, preserving file /data/data/com.android.providers.downloads/cache/metadata-406.htm
07-05 11:37:39.686   545  6685 I DownloadManager: in removeSpuriousFiles, preserving file /data/data/com.android.providers.downloads/cache/metadata-331.htm
07-05 11:37:39.686   545  6685 I DownloadManager: in removeSpuriousFiles, preserving file /data/data/com.android.providers.downloads/cache/metadata-163.htm
07-05 11:37:39.686   545  6685 I DownloadManager: in removeSpuriousFiles, preserving file /data/data/com.android.providers.downloads/cache/metadata-112.htm
07-05 11:37:39.686   545  6685 I DownloadManager: in removeSpuriousFiles, preserving file /data/data/com.android.providers.downloads/cache/metadata-145.htm
07-05 11:37:39.686   545  6685 I DownloadManager: in removeSpuriousFiles, preserving file /data/data/com.android.providers.downloads/cache/metadata-278.htm
07-05 11:37:39.686   545  6685 I DownloadManager: in removeSpuriousFiles, preserving file /data/data/com.android.providers.downloads/cache/metadata-244.htm
07-05 11:37:39.686   545  6685 I DownloadManager: in removeSpuriousFiles, preserving file /data/data/com.android.providers.downloads/cache/metadata-370.htm
07-05 11:37:39.686   545  6685 I DownloadManager: in removeSpuriousFiles, preserving file /data/data/com.android.providers.downloads/cache/metadata-328.htm
07-05 11:37:39.686   545  6685 I DownloadManager: in removeSpuriousFiles, preserving file /data/data/com.android.providers.downloads/cache/metadata-322.htm
07-05 11:37:39.686   545  6685 I DownloadManager: in removeSpuriousFiles, preserving file /data/data/com.android.providers.downloads/cache/metadata-397.htm
07-05 11:37:39.686   545  6685 I DownloadManager: in removeSpuriousFiles, preserving file /data/data/com.android.providers.downloads/cache/metadata-206.htm
07-05 11:37:39.686   545  6685 I DownloadManager: in removeSpuriousFiles, preserving file /data/data/com.android.providers.downloads/cache/metadata-236.htm
07-05 11:37:39.686   545  6685 I DownloadManager: in removeSpuriousFiles, preserving file /data/data/com.android.providers.downloads/cache/metadata-165.htm
07-05 11:37:39.686   545  6685 I DownloadManager: in removeSpuriousFiles, preserving file /data/data/com.android.providers.downloads/cache/metadata-304.htm
07-05 11:37:39.686   545  6685 I DownloadManager: in removeSpuriousFiles, preserving file /data/data/com.android.providers.downloads/cache/metadata-289.htm
07-05 11:37:39.686   545  6685 I DownloadManager: in removeSpuriousFiles, preserving file /data/data/com.android.providers.downloads/cache/metadata-261.htm
07-05 11:37:39.686   545  6685 I DownloadManager: in removeSpuriousFiles, preserving file /data/data/com.android.providers.downloads/cache/metadata-282.htm
07-05 11:37:39.686   545  6685 I DownloadManager: in removeSpuriousFiles, preserving file /data/data/com.android.providers.downloads/cache/metadata-182.htm
07-05 11:37:39.686   545  6685 I DownloadManager: in removeSpuriousFiles, preserving file /data/data/com.android.providers.downloads/cache/metadata-446.htm
07-05 11:37:39.686   545  6685 I DownloadManager: in removeSpuriousFiles, preserving file /data/data/com.android.providers.downloads/cache/metadata-323.htm
07-05 11:37:39.686   545  6685 I DownloadManager: in removeSpuriousFiles, preserving file /data/data/com.android.providers.downloads/cache/metadata-212.htm
07-05 11:37:39.686   545  6685 I DownloadManager: in removeSpuriousFiles, preserving file /data/data/com.android.providers.downloads/cache/metadata-248.htm
07-05 11:37:39.686   545  6685 I DownloadManager: in removeSpuriousFiles, preserving file /data/data/com.android.providers.downloads/cache/metadata-259.htm
07-05 11:37:39.686   545  6685 I DownloadManager: in removeSpuriousFiles, preserving file /data/data/com.android.providers.downloads/cache/metadata-418.htm
07-05 11:37:39.690   545  6685 I DownloadManager: in removeSpuriousFiles, preserving file /data/data/com.android.providers.downloads/cache/metadata-367.htm
07-05 11:37:39.690   545  6685 I DownloadManager: in removeSpuriousFiles, preserving file /data/data/com.android.providers.downloads/cache/metadata-329.htm
07-05 11:37:39.690   545  6685 I DownloadManager: in removeSpuriousFiles, preserving file /data/data/com.android.providers.downloads/cache/metadata-344.htm
07-05 11:37:39.690   545  6685 I DownloadManager: in removeSpuriousFiles, preserving file /data/data/com.android.providers.downloads/cache/metadata-353.htm
07-05 11:37:39.690   545  6685 I DownloadManager: in removeSpuriousFiles, preserving file /data/data/com.android.providers.downloads/cache/metadata-273.htm
07-05 11:37:39.690   545  6685 I DownloadManager: in removeSpuriousFiles, preserving file /data/data/com.android.providers.downloads/cache/metadata-252.htm
07-05 11:37:39.690   545  6685 I DownloadManager: in removeSpuriousFiles, preserving file /data/data/com.android.providers.downloads/cache/metadata-374.htm
07-05 11:37:39.690   545  6685 I DownloadManager: in removeSpuriousFiles, preserving file /data/data/com.android.providers.downloads/cache/metadata-447.htm
07-05 11:37:39.690   545  6685 I DownloadManager: in removeSpuriousFiles, preserving file /data/data/com.android.providers.downloads/cache/metadata-381.htm
07-05 11:37:39.690   545  6685 I DownloadManager: in removeSpuriousFiles, preserving file /data/data/com.android.providers.downloads/cache/metadata-436.htm
07-05 11:37:39.690   545  6685 I DownloadManager: in removeSpuriousFiles, preserving file /data/data/com.android.providers.downloads/cache/metadata-412.htm
07-05 11:37:39.690   545  6685 I DownloadManager: in removeSpuriousFiles, preserving file /data/data/com.android.providers.downloads/cache/metadata-349.htm
07-05 11:37:39.690   545  6685 I DownloadManager: in removeSpuriousFiles, preserving file /data/data/com.android.providers.downloads/cache/metadata-435.htm
07-05 11:37:39.690   545  6685 I DownloadManager: in removeSpuriousFiles, preserving file /data/data/com.android.providers.downloads/cache/metadata-44.htm
07-05 11:37:39.690   545  6685 I DownloadManager: in removeSpuriousFiles, preserving file /data/data/com.android.providers.downloads/cache/metadata-312.htm
07-05 11:37:39.690   545  6685 I DownloadManager: in removeSpuriousFiles, preserving file /data/data/com.android.providers.downloads/cache/metadata-65.htm
07-05 11:37:39.690   545  6685 I DownloadManager: in removeSpuriousFiles, preserving file /data/data/com.android.providers.downloads/cache/metadata-392.htm
07-05 11:37:39.690   545  6685 I DownloadManager: in removeSpuriousFiles, preserving file /data/data/com.android.providers.downloads/cache/metadata-71.htm
07-05 11:37:39.690   545  6685 I DownloadManager: in removeSpuriousFiles, preserving file /data/data/com.android.providers.downloads/cache/metadata-49.htm
07-05 11:37:39.690   545  6685 I DownloadManager: in removeSpuriousFiles, preserving file /data/data/com.android.providers.downloads/cache/metadata-222.htm
07-05 11:37:39.690   545  6685 I DownloadManager: in removeSpuriousFiles, preserving file /data/data/com.android.providers.downloads/cache/metadata-317.htm
07-05 11:37:39.690   545  6685 I DownloadManager: in removeSpuriousFiles, preserving file /data/data/com.android.providers.downloads/cache/metadata-345.htm
07-05 11:37:39.690   545  6685 I DownloadManager: in removeSpuriousFiles, preserving file /data/data/com.android.providers.downloads/cache/metadata-256.htm
07-05 11:37:39.690   545  6685 I DownloadManager: in removeSpuriousFiles, preserving file /data/data/com.android.providers.downloads/cache/metadata-237.htm
07-05 11:37:39.690   545  6685 I DownloadManager: in removeSpuriousFiles, preserving file /data/data/com.android.providers.downloads/cache/metadata-327.htm
07-05 11:37:39.690   545  6685 I DownloadManager: in removeSpuriousFiles, preserving file /data/data/com.android.providers.downloads/cache/metadata-169.htm
07-05 11:37:39.690   545  6685 I DownloadManager: in removeSpuriousFiles, preserving file /data/data/com.android.providers.downloads/cache/metadata-208.htm
07-05 11:37:39.690   545  6685 I DownloadManager: in removeSpuriousFiles, preserving file /data/data/com.android.providers.downloads/cache/metadata-279.htm
07-05 11:37:39.690   545  6685 I DownloadManager: in removeSpuriousFiles, preserving file /data/data/com.android.providers.downloads/cache/metadata-100.htm
07-05 11:37:39.690   545  6685 I DownloadManager: in removeSpuriousFiles, preserving file /data/data/com.android.providers.downloads/cache/metadata-193.htm
07-05 11:37:39.690   545  6685 I DownloadManager: in removeSpuriousFiles, preserving file /data/data/com.android.providers.downloads/cache/metadata-83.htm
07-05 11:37:39.690   545  6685 I DownloadManager: in removeSpuriousFiles, preserving file /data/data/com.android.providers.downloads/cache/metadata-156.htm
07-05 11:37:39.690   545  6685 I DownloadManager: in removeSpuriousFiles, preserving file /data/data/com.android.providers.downloads/cache/metadata-251.htm
07-05 11:37:39.690   545  6685 I DownloadManager: in removeSpuriousFiles, preserving file /data/data/com.android.providers.downloads/cache/metadata-354.htm
07-05 11:37:39.690   545  6685 I DownloadManager: in removeSpuriousFiles, preserving file /data/data/com.android.providers.downloads/cache/metadata-141.htm
07-05 11:37:39.690   545  6685 I DownloadManager: in removeSpuriousFiles, preserving file /data/data/com.android.providers.downloads/cache/metadata-170.htm
07-05 11:37:39.690   545  6685 I DownloadManager: in removeSpuriousFiles, preserving file /data/data/com.android.providers.downloads/cache/metadata-324.htm
07-05 11:37:39.690   545  6685 I DownloadManager: in removeSpuriousFiles, preserving file /data/data/com.android.providers.downloads/cache/metadata-190.htm
07-05 11:37:39.690   545  6685 I DownloadManager: in removeSpuriousFiles, preserving file /data/data/com.android.providers.downloads/cache/metadata-362.htm
07-05 11:37:39.690   545  6685 I DownloadManager: in removeSpuriousFiles, preserving file /data/data/com.android.providers.downloads/cache/metadata-180.htm
07-05 11:37:39.694   545  6685 I DownloadManager: in removeSpuriousFiles, preserving file /data/data/com.android.providers.downloads/cache/metadata-246.htm
07-05 11:37:39.694   545  6685 I DownloadManager: in removeSpuriousFiles, preserving file /data/data/com.android.providers.downloads/cache/metadata-294.htm
07-05 11:37:39.694   545  6685 I DownloadManager: in removeSpuriousFiles, preserving file /data/data/com.android.providers.downloads/cache/metadata-303.htm
07-05 11:37:39.694   545  6685 I DownloadManager: in removeSpuriousFiles, preserving file /data/data/com.android.providers.downloads/cache/metadata-155.htm
07-05 11:37:39.694   545  6685 I DownloadManager: in removeSpuriousFiles, preserving file /data/data/com.android.providers.downloads/cache/metadata-365.htm
07-05 11:37:39.694   545  6685 I DownloadManager: in removeSpuriousFiles, preserving file /data/data/com.android.providers.downloads/cache/metadata-373.htm
07-05 11:37:39.694   545  6685 I DownloadManager: in removeSpuriousFiles, preserving file /data/data/com.android.providers.downloads/cache/metadata-159.htm
07-05 11:37:39.694   545  6685 I DownloadManager: in removeSpuriousFiles, preserving file /data/data/com.android.providers.downloads/cache/metadata-388.htm
07-05 11:37:39.694   545  6685 I DownloadManager: in removeSpuriousFiles, preserving file /data/data/com.android.providers.downloads/cache/metadata-404.htm
07-05 11:37:39.694   545  6685 I DownloadManager: in removeSpuriousFiles, preserving file /data/data/com.android.providers.downloads/cache/metadata-315.htm
07-05 11:37:39.694   545  6685 I DownloadManager: in removeSpuriousFiles, preserving file /data/data/com.android.providers.downloads/cache/metadata-103.htm
07-05 11:37:39.694   545  6685 I DownloadManager: in removeSpuriousFiles, preserving file /data/data/com.android.providers.downloads/cache/metadata-311.htm
07-05 11:37:39.694   545  6685 I DownloadManager: in removeSpuriousFiles, preserving file /data/data/com.android.providers.downloads/cache/metadata-396.htm
07-05 11:37:39.694   545  6685 I DownloadManager: in removeSpuriousFiles, preserving file /data/data/com.android.providers.downloads/cache/metadata-390.htm
07-05 11:37:39.694   545  6685 I DownloadManager: in removeSpuriousFiles, preserving file /data/data/com.android.providers.downloads/cache/metadata-94.htm
07-05 11:37:39.694   545  6685 I DownloadManager: in removeSpuriousFiles, preserving file /data/data/com.android.providers.downloads/cache/metadata-213.htm
07-05 11:37:39.694   545  6685 I DownloadManager: in removeSpuriousFiles, preserving file /data/data/com.android.providers.downloads/cache/metadata-725.htm
07-05 11:37:39.694   545  6685 I DownloadManager: in removeSpuriousFiles, preserving file /data/data/com.android.providers.downloads/cache/metadata-274.htm
07-05 11:37:39.694   545  6685 I DownloadManager: in removeSpuriousFiles, preserving file /data/data/com.android.providers.downloads/cache/metadata-336.htm
07-05 11:37:39.694   545  6685 I DownloadManager: in removeSpuriousFiles, preserving file /data/data/com.android.providers.downloads/cache/metadata-175.htm
07-05 11:37:39.694   545  6685 I DownloadManager: in removeSpuriousFiles, preserving file /data/data/com.android.providers.downloads/cache/metadata-308.htm
07-05 11:37:39.694   545  6685 I DownloadManager: in removeSpuriousFiles, preserving file /data/data/com.android.providers.downloads/cache/metadata-341.htm
07-05 11:37:39.694   545  6685 I DownloadManager: in removeSpuriousFiles, preserving file /data/data/com.android.providers.downloads/cache/metadata-366.htm
07-05 11:37:39.694   545  6685 I DownloadManager: in removeSpuriousFiles, preserving file /data/data/com.android.providers.downloads/cache/metadata-427.htm
07-05 11:37:39.694   545  6685 I DownloadManager: in removeSpuriousFiles, preserving file /data/data/com.android.providers.downloads/cache/metadata-117.htm
07-05 11:37:39.694   545  6685 I DownloadManager: in removeSpuriousFiles, preserving file /data/data/com.android.providers.downloads/cache/metadata-379.htm
07-05 11:37:39.694   545  6685 I DownloadManager: in removeSpuriousFiles, preserving file /data/data/com.android.providers.downloads/cache/metadata-425.htm
07-05 11:37:39.694   545  6685 I DownloadManager: in removeSpuriousFiles, preserving file /data/data/com.android.providers.downloads/cache/metadata-241.htm
07-05 11:37:39.694   545  6685 I DownloadManager: in removeSpuriousFiles, preserving file /data/data/com.android.providers.downloads/cache/metadata-459.htm
07-05 11:37:39.694   545  6685 I DownloadManager: in removeSpuriousFiles, preserving file /data/data/com.android.providers.downloads/cache/metadata-171.htm
07-05 11:37:39.694   545  6685 I DownloadManager: in removeSpuriousFiles, preserving file /data/data/com.android.providers.downloads/cache/metadata-386.htm
07-05 11:37:39.694   545  6685 I DownloadManager: in removeSpuriousFiles, preserving file /data/data/com.android.providers.downloads/cache/metadata-285.htm
07-05 11:37:39.694   545  6685 I DownloadManager: in removeSpuriousFiles, preserving file /data/data/com.android.providers.downloads/cache/metadata-422.htm
07-05 11:37:39.694   545  6685 I DownloadManager: in removeSpuriousFiles, preserving file /data/data/com.android.providers.downloads/cache/metadata-398.htm
07-05 11:37:39.694   545  6685 I DownloadManager: in removeSpuriousFiles, preserving file /data/data/com.android.providers.downloads/cache/metadata-415.htm
07-05 11:37:39.694   545  6685 I DownloadManager: in removeSpuriousFiles, preserving file /data/data/com.android.providers.downloads/cache/metadata-448.htm
07-05 11:37:39.694   545  6685 I DownloadManager: in removeSpuriousFiles, preserving file /data/data/com.android.providers.downloads/cache/metadata-468.htm
07-05 11:37:39.694   545  6685 I DownloadManager: in removeSpuriousFiles, preserving file /data/data/com.android.providers.downloads/cache/metadata-335.htm
07-05 11:37:39.694   545  6685 I DownloadManager: in removeSpuriousFiles, preserving file /data/data/com.android.providers.downloads/cache/metadata-269.htm
07-05 11:37:39.694   545  6685 I DownloadManager: in removeSpuriousFiles, preserving file /data/data/com.android.providers.downloads/cache/metadata-1044.htm
07-05 11:37:39.694   545  6685 I DownloadManager: in removeSpuriousFiles, preserving file /data/data/com.android.providers.downloads/cache/metadata-313.htm
07-05 11:37:39.694   545  6685 I DownloadManager: in removeSpuriousFiles, preserving file /data/data/com.android.providers.downloads/cache/metadata-316.htm
07-05 11:37:39.694   545  6685 I DownloadManager: in removeSpuriousFiles, preserving file /data/data/com.android.providers.downloads/cache/metadata-338.htm
07-05 11:37:39.697   545  6685 I DownloadManager: in removeSpuriousFiles, preserving file /data/data/com.android.providers.downloads/cache/metadata-358.htm
07-05 11:37:39.697   545  6685 I DownloadManager: in removeSpuriousFiles, preserving file /data/data/com.android.providers.downloads/cache/metadata-439.htm
07-05 11:37:39.697   545  6685 I DownloadManager: in removeSpuriousFiles, preserving file /data/data/com.android.providers.downloads/cache/metadata-1291.htm
07-05 11:37:39.697   545  6685 I DownloadManager: in removeSpuriousFiles, preserving file /data/data/com.android.providers.downloads/cache/metadata-342.htm
07-05 11:37:39.697   545  6685 I DownloadManager: in removeSpuriousFiles, preserving file /data/data/com.android.providers.downloads/cache/metadata-296.htm
07-05 11:37:39.697   545  6685 I DownloadManager: in removeSpuriousFiles, preserving file /data/data/com.android.providers.downloads/cache/metadata-297.htm
07-05 11:37:39.697   545  6685 I DownloadManager: in removeSpuriousFiles, preserving file /data/data/com.android.providers.downloads/cache/metadata-223.htm
07-05 11:37:39.697   545  6685 I DownloadManager: in removeSpuriousFiles, preserving file /data/data/com.android.providers.downloads/cache/metadata-348.htm
07-05 11:37:39.697   545  6685 I DownloadManager: in removeSpuriousFiles, preserving file /data/data/com.android.providers.downloads/cache/metadata-184.htm
07-05 11:37:39.697   545  6685 I DownloadManager: in removeSpuriousFiles, preserving file /data/data/com.android.providers.downloads/cache/metadata-346.htm
07-05 11:37:39.697   545  6685 I DownloadManager: in removeSpuriousFiles, preserving file /data/data/com.android.providers.downloads/cache/metadata-462.htm
07-05 11:37:39.697   545  6685 I DownloadManager: in removeSpuriousFiles, preserving file /data/data/com.android.providers.downloads/cache/metadata-255.htm
07-05 11:37:39.697   545  6685 I DownloadManager: in removeSpuriousFiles, preserving file /data/data/com.android.providers.downloads/cache/metadata-283.htm
07-05 11:37:39.697   545  6685 I DownloadManager: in removeSpuriousFiles, preserving file /data/data/com.android.providers.downloads/cache/metadata-417.htm
07-05 11:37:39.697   545  6685 I DownloadManager: in removeSpuriousFiles, preserving file /data/data/com.android.providers.downloads/cache/metadata-461.htm
07-05 11:37:39.697   545  6685 I DownloadManager: in removeSpuriousFiles, preserving file /data/data/com.android.providers.downloads/cache/metadata-467.htm
07-05 11:37:39.697   545  6685 I DownloadManager: in removeSpuriousFiles, preserving file /data/data/com.android.providers.downloads/cache/metadata-430.htm
07-05 11:37:39.697   545  6685 I DownloadManager: in removeSpuriousFiles, preserving file /data/data/com.android.providers.downloads/cache/metadata-424.htm
07-05 11:37:39.697   545  6685 I DownloadManager: in removeSpuriousFiles, preserving file /data/data/com.android.providers.downloads/cache/metadata-350.htm
07-05 11:37:39.697   545  6685 I DownloadManager: in removeSpuriousFiles, preserving file /data/data/com.android.providers.downloads/cache/metadata-369.htm
07-05 11:37:39.697   545  6685 I DownloadManager: in removeSpuriousFiles, preserving file /data/data/com.android.providers.downloads/cache/metadata-410.htm
07-05 11:37:39.697   545  6685 I DownloadManager: in removeSpuriousFiles, preserving file /data/data/com.android.providers.downloads/cache/metadata-486.htm
07-05 11:37:39.697   545  6685 I DownloadManager: in removeSpuriousFiles, preserving file /data/data/com.android.providers.downloads/cache/metadata-347.htm
07-05 11:37:39.697   545  6685 I DownloadManager: in removeSpuriousFiles, preserving file /data/data/com.android.providers.downloads/cache/metadata-831.htm
07-05 11:37:39.697   545  6685 I DownloadManager: in removeSpuriousFiles, preserving file /data/data/com.android.providers.downloads/cache/metadata-400.htm
07-05 11:37:39.697   545  6685 I DownloadManager: in removeSpuriousFiles, preserving file /data/data/com.android.providers.downloads/cache/metadata-457.htm
07-05 11:37:39.697   545  6685 I DownloadManager: in removeSpuriousFiles, preserving file /data/data/com.android.providers.downloads/cache/metadata-544.htm
07-05 11:37:39.697   545  6685 I DownloadManager: in removeSpuriousFiles, preserving file /data/data/com.android.providers.downloads/cache/metadata-380.htm
07-05 11:37:39.697   545  6685 I DownloadManager: in removeSpuriousFiles, preserving file /data/data/com.android.providers.downloads/cache/metadata-471.htm
07-05 11:37:39.697   545  6685 I DownloadManager: in removeSpuriousFiles, preserving file /data/data/com.android.providers.downloads/cache/metadata-428.htm
07-05 11:37:39.697   545  6685 I DownloadManager: in removeSpuriousFiles, preserving file /data/data/com.android.providers.downloads/cache/metadata-583.htm
07-05 11:37:39.697   545  6685 I DownloadManager: in removeSpuriousFiles, preserving file /data/data/com.android.providers.downloads/cache/metadata-460.htm
07-05 11:37:39.701   545  6685 I DownloadManager: in removeSpuriousFiles, preserving file /data/data/com.android.providers.downloads/cache/metadata-500.htm
07-05 11:37:39.701   545  6685 I DownloadManager: in removeSpuriousFiles, preserving file /data/data/com.android.providers.downloads/cache/metadata-507.htm
07-05 11:37:39.701   545  6685 I DownloadManager: in removeSpuriousFiles, preserving file /data/data/com.android.providers.downloads/cache/metadata-480.htm
07-05 11:37:39.701   545  6685 I DownloadManager: in removeSpuriousFiles, preserving file /data/data/com.android.providers.downloads/cache/metadata-298.htm
07-05 11:37:39.701   545  6685 I DownloadManager: in removeSpuriousFiles, preserving file /data/data/com.android.providers.downloads/cache/metadata-1147.htm
07-05 11:37:39.701   545  6685 I DownloadManager: in removeSpuriousFiles, preserving file /data/data/com.android.providers.downloads/cache/metadata-438.htm
07-05 11:37:39.701   545  6685 I DownloadManager: in removeSpuriousFiles, preserving file /data/data/com.android.providers.downloads/cache/metadata-499.htm
07-05 11:37:39.701   545  6685 I DownloadManager: in removeSpuriousFiles, preserving file /data/data/com.android.providers.downloads/cache/metadata-332.htm
07-05 11:37:39.701   545  6685 I DownloadManager: in removeSpuriousFiles, preserving file /data/data/com.android.providers.downloads/cache/metadata-516.htm
07-05 11:37:39.701   545  6685 I DownloadManager: in removeSpuriousFiles, preserving file /data/data/com.android.providers.downloads/cache/metadata-401.htm
07-05 11:37:39.701   545  6685 I DownloadManager: in removeSpuriousFiles, preserving file /data/data/com.android.providers.downloads/cache/metadata-510.htm
07-05 11:37:39.701   545  6685 I DownloadManager: in removeSpuriousFiles, preserving file /data/data/com.android.providers.downloads/cache/metadata-167.htm
07-05 11:37:39.701   545  6685 I DownloadManager: in removeSpuriousFiles, preserving file /data/data/com.android.providers.downloads/cache/metadata-552.htm
07-05 11:37:39.701   545  6685 I DownloadManager: in removeSpuriousFiles, preserving file /data/data/com.android.providers.downloads/cache/metadata-420.htm
07-05 11:37:39.701   545  6685 I DownloadManager: in removeSpuriousFiles, preserving file /data/data/com.android.providers.downloads/cache/metadata-357.htm
07-05 11:37:39.701   545  6685 I DownloadManager: in removeSpuriousFiles, preserving file /data/data/com.android.providers.downloads/cache/metadata-960.htm
07-05 11:37:39.701   545  6685 I DownloadManager: in removeSpuriousFiles, preserving file /data/data/com.android.providers.downloads/cache/metadata-441.htm
07-05 11:37:39.701   545  6685 I DownloadManager: in removeSpuriousFiles, preserving file /data/data/com.android.providers.downloads/cache/metadata-382.htm
07-05 11:37:39.701   545  6685 I DownloadManager: in removeSpuriousFiles, preserving file /data/data/com.android.providers.downloads/cache/metadata-437.htm
07-05 11:37:39.701   545  6685 I DownloadManager: in removeSpuriousFiles, preserving file /data/data/com.android.providers.downloads/cache/metadata-506.htm
07-05 11:37:39.701   545  6685 I DownloadManager: in removeSpuriousFiles, preserving file /data/data/com.android.providers.downloads/cache/metadata-498.htm
07-05 11:37:39.701   545  6685 I DownloadManager: in removeSpuriousFiles, preserving file /data/data/com.android.providers.downloads/cache/metadata-1197.htm
07-05 11:37:39.701   545  6685 I DownloadManager: in removeSpuriousFiles, preserving file /data/data/com.android.providers.downloads/cache/metadata-488.htm
07-05 11:37:39.701   545  6685 I DownloadManager: in removeSpuriousFiles, preserving file /data/data/com.android.providers.downloads/cache/metadata-1306.htm
07-05 11:37:39.701   545  6685 I DownloadManager: in removeSpuriousFiles, preserving file /data/data/com.android.providers.downloads/cache/metadata-414.htm
07-05 11:37:39.701   545  6685 I DownloadManager: in removeSpuriousFiles, preserving file /data/data/com.android.providers.downloads/cache/metadata-343.htm
07-05 11:37:39.701   545  6685 I DownloadManager: in removeSpuriousFiles, preserving file /data/data/com.android.providers.downloads/cache/metadata-351.htm
07-05 11:37:39.701   545  6685 I DownloadManager: in removeSpuriousFiles, preserving file /data/data/com.android.providers.downloads/cache/metadata-301.htm
07-05 11:37:39.701   545  6685 I DownloadManager: in removeSpuriousFiles, preserving file /data/data/com.android.providers.downloads/cache/metadata-275.htm
07-05 11:37:39.701   545  6685 I DownloadManager: in removeSpuriousFiles, preserving file /data/data/com.android.providers.downloads/cache/metadata-293.htm
07-05 11:37:39.701   545  6685 I DownloadManager: in removeSpuriousFiles, preserving file /data/data/com.android.providers.downloads/cache/metadata-450.htm
07-05 11:37:39.701   545  6685 I DownloadManager: in removeSpuriousFiles, preserving file /data/data/com.android.providers.downloads/cache/metadata-96.htm
07-05 11:37:39.701   545  6685 I DownloadManager: in removeSpuriousFiles, preserving file /data/data/com.android.providers.downloads/cache/metadata-385.htm
07-05 11:37:39.701   545  6685 I DownloadManager: in removeSpuriousFiles, preserving file /data/data/com.android.providers.downloads/cache/metadata-225.htm
07-05 11:37:39.701   545  6685 I DownloadManager: in removeSpuriousFiles, preserving file /data/data/com.android.providers.downloads/cache/metadata-66.htm
07-05 11:37:39.701   545  6685 I DownloadManager: in removeSpuriousFiles, preserving file /data/data/com.android.providers.downloads/cache/metadata-276.htm
07-05 11:37:39.705   545  6685 I DownloadManager: in removeSpuriousFiles, preserving file /data/data/com.android.providers.downloads/cache/metadata-325.htm
07-05 11:37:39.705   545  6685 I DownloadManager: in removeSpuriousFiles, preserving file /data/data/com.android.providers.downloads/cache/metadata-271.htm
07-05 11:37:39.705   545  6685 I DownloadManager: in removeSpuriousFiles, preserving file /data/data/com.android.providers.downloads/cache/metadata-405.htm
07-05 11:37:39.705   545  6685 I DownloadManager: in removeSpuriousFiles, preserving file /data/data/com.android.providers.downloads/cache/metadata-421.htm
07-05 11:37:39.705   545  6685 I DownloadManager: in removeSpuriousFiles, preserving file /data/data/com.android.providers.downloads/cache/metadata-102.htm
07-05 11:37:39.705   545  6685 I DownloadManager: in removeSpuriousFiles, preserving file /data/data/com.android.providers.downloads/cache/metadata-399.htm
07-05 11:37:39.705   545  6685 I DownloadManager: in removeSpuriousFiles, preserving file /data/data/com.android.providers.downloads/cache/metadata-109.htm
07-05 11:37:39.705   545  6685 I DownloadManager: in removeSpuriousFiles, preserving file /data/data/com.android.providers.downloads/cache/metadata-179.htm
07-05 11:37:39.705   545  6685 I DownloadManager: in removeSpuriousFiles, preserving file /data/data/com.android.providers.downloads/cache/metadata-186.htm
07-05 11:37:39.705   545  6685 I DownloadManager: in removeSpuriousFiles, preserving file /data/data/com.android.providers.downloads/cache/metadata-333.htm
07-05 11:37:39.705   545  6685 I DownloadManager: in removeSpuriousFiles, preserving file /data/data/com.android.providers.downloads/cache/metadata-144.htm
07-05 11:37:39.709   545  6685 I DownloadManager: in removeSpuriousFiles, preserving file /data/data/com.android.providers.downloads/cache/metadata-389.htm
07-05 11:37:39.709   545  6685 I DownloadManager: in removeSpuriousFiles, preserving file /data/data/com.android.providers.downloads/cache/metadata-250.htm
07-05 11:37:39.709   545  6685 I DownloadManager: in removeSpuriousFiles, preserving file /data/data/com.android.providers.downloads/cache/metadata-1063.htm
07-05 11:37:39.709   545  6685 I DownloadManager: in removeSpuriousFiles, preserving file /data/data/com.android.providers.downloads/cache/metadata-195.htm
07-05 11:37:39.709   545  6685 I DownloadManager: in removeSpuriousFiles, preserving file /data/data/com.android.providers.downloads/cache/metadata-86.htm
07-05 11:37:39.709   545  6685 I DownloadManager: in removeSpuriousFiles, preserving file /data/data/com.android.providers.downloads/cache/metadata-97.htm
07-05 11:37:39.709   545  6685 I DownloadManager: in removeSpuriousFiles, preserving file /data/data/com.android.providers.downloads/cache/metadata-407.htm
07-05 11:37:39.709   545  6685 I DownloadManager: in removeSpuriousFiles, preserving file /data/data/com.android.providers.downloads/cache/metadata-514.htm
07-05 11:37:39.709   545  6685 I DownloadManager: in removeSpuriousFiles, preserving file /data/data/com.android.providers.downloads/cache/metadata-476.htm
07-05 11:37:39.709   545  6685 I DownloadManager: in removeSpuriousFiles, preserving file /data/data/com.android.providers.downloads/cache/metadata-413.htm
07-05 11:37:39.709   545  6685 I DownloadManager: in removeSpuriousFiles, preserving file /data/data/com.android.providers.downloads/cache/metadata-242.htm
07-05 11:37:39.709   545  6685 I DownloadManager: in removeSpuriousFiles, preserving file /data/data/com.android.providers.downloads/cache/metadata-166.htm
07-05 11:37:39.709   545  6685 I DownloadManager: in removeSpuriousFiles, preserving file /data/data/com.android.providers.downloads/cache/metadata-340.htm
07-05 11:37:39.709   545  6685 I DownloadManager: in removeSpuriousFiles, preserving file /data/data/com.android.providers.downloads/cache/metadata-531.htm
07-05 11:37:39.709   545  6685 I DownloadManager: in removeSpuriousFiles, preserving file /data/data/com.android.providers.downloads/cache/metadata-444.htm
07-05 11:37:39.709   545  6685 I DownloadManager: in removeSpuriousFiles, preserving file /data/data/com.android.providers.downloads/cache/metadata-484.htm
07-05 11:37:39.709   545  6685 I DownloadManager: in removeSpuriousFiles, preserving file /data/data/com.android.providers.downloads/cache/metadata-1030.htm
07-05 11:37:39.709   545  6685 I DownloadManager: in removeSpuriousFiles, preserving file /data/data/com.android.providers.downloads/cache/metadata-782.htm
07-05 11:37:39.709   545  6685 I DownloadManager: in removeSpuriousFiles, preserving file /data/data/com.android.providers.downloads/cache/metadata-281.htm
07-05 11:37:39.709   545  6685 I DownloadManager: in removeSpuriousFiles, preserving file /data/data/com.android.providers.downloads/cache/metadata-173.htm
07-05 11:37:39.709   545  6685 I DownloadManager: in removeSpuriousFiles, preserving file /data/data/com.android.providers.downloads/cache/metadata-526.htm
07-05 11:37:39.709   545  6685 I DownloadManager: in removeSpuriousFiles, preserving file /data/data/com.android.providers.downloads/cache/metadata-537.htm
07-05 11:37:39.709   545  6685 I DownloadManager: in removeSpuriousFiles, preserving file /data/data/com.android.providers.downloads/cache/metadata-330.htm
07-05 11:37:39.709   545  6685 I DownloadManager: in removeSpuriousFiles, preserving file /data/data/com.android.providers.downloads/cache/metadata-495.htm
07-05 11:37:39.709   545  6685 I DownloadManager: in removeSpuriousFiles, preserving file /data/data/com.android.providers.downloads/cache/metadata-501.htm
07-05 11:37:39.709   545  6685 I DownloadManager: in removeSpuriousFiles, preserving file /data/data/com.android.providers.downloads/cache/metadata-391.htm
07-05 11:37:39.709   545  6685 I DownloadManager: in removeSpuriousFiles, preserving file /data/data/com.android.providers.downloads/cache/metadata-411.htm
07-05 11:37:39.709   545  6685 I DownloadManager: in removeSpuriousFiles, preserving file /data/data/com.android.providers.downloads/cache/metadata-1343.htm
07-05 11:37:39.709   545  6685 I DownloadManager: in removeSpuriousFiles, preserving file /data/data/com.android.providers.downloads/cache/metadata-493.htm
07-05 11:37:39.709   545  6685 I DownloadManager: in removeSpuriousFiles, preserving file /data/data/com.android.providers.downloads/cache/metadata-518.htm
07-05 11:37:39.709   545  6685 I DownloadManager: in removeSpuriousFiles, preserving file /data/data/com.android.providers.downloads/cache/metadata-265.htm
07-05 11:37:39.709   545  6685 I DownloadManager: in removeSpuriousFiles, preserving file /data/data/com.android.providers.downloads/cache/metadata-815.htm
07-05 11:37:39.709   545  6685 I DownloadManager: in removeSpuriousFiles, preserving file /data/data/com.android.providers.downloads/cache/metadata-106.htm
07-05 11:37:39.709   545  6685 I DownloadManager: in removeSpuriousFiles, preserving file /data/data/com.android.providers.downloads/cache/metadata-485.htm
07-05 11:37:39.709   545  6685 I DownloadManager: in removeSpuriousFiles, preserving file /data/data/com.android.providers.downloads/cache/metadata-263.htm
07-05 11:37:39.709   545  6685 I DownloadManager: in removeSpuriousFiles, preserving file /data/data/com.android.providers.downloads/cache/metadata-408.htm
07-05 11:37:39.709   545  6685 I DownloadManager: in removeSpuriousFiles, preserving file /data/data/com.android.providers.downloads/cache/metadata-458.htm
07-05 11:37:39.709   545  6685 I DownloadManager: in removeSpuriousFiles, preserving file /data/data/com.android.providers.downloads/cache/metadata-970.htm
07-05 11:37:39.709   545  6685 I DownloadManager: in removeSpuriousFiles, preserving file /data/data/com.android.providers.downloads/cache/metadata-530.htm
07-05 11:37:39.709   545  6685 I DownloadManager: in removeSpuriousFiles, preserving file /data/data/com.android.providers.downloads/cache/metadata-917.htm
07-05 11:37:39.709   545  6685 I DownloadManager: in removeSpuriousFiles, preserving file /data/data/com.android.providers.downloads/cache/metadata-469.htm
07-05 11:37:39.709   545  6685 I DownloadManager: in removeSpuriousFiles, preserving file /data/data/com.android.providers.downloads/cache/metadata-564.htm
07-05 11:37:39.709   545  6685 I DownloadManager: in removeSpuriousFiles, preserving file /data/data/com.android.providers.downloads/cache/metadata-492.htm
07-05 11:37:39.713   545  6685 I DownloadManager: in removeSpuriousFiles, preserving file /data/data/com.android.providers.downloads/cache/metadata-1423.htm
07-05 11:37:39.713   545  6685 I DownloadManager: in removeSpuriousFiles, preserving file /data/data/com.android.providers.downloads/cache/metadata-426.htm
07-05 11:37:39.713   545  6685 I DownloadManager: in removeSpuriousFiles, preserving file /data/data/com.android.providers.downloads/cache/metadata-633.htm
07-05 11:37:39.713   545  6685 I DownloadManager: in removeSpuriousFiles, preserving file /data/data/com.android.providers.downloads/cache/metadata-1020.htm
07-05 11:37:39.713   545  6685 I DownloadManager: in removeSpuriousFiles, preserving file /data/data/com.android.providers.downloads/cache/metadata-568.htm
07-05 11:37:39.713   545  6685 I DownloadManager: in removeSpuriousFiles, preserving file /data/data/com.android.providers.downloads/cache/metadata-204.htm
07-05 11:37:39.713   545  6685 I DownloadManager: in removeSpuriousFiles, preserving file /data/data/com.android.providers.downloads/cache/metadata-494.htm
07-05 11:37:39.713   545  6685 I DownloadManager: in removeSpuriousFiles, preserving file /data/data/com.android.providers.downloads/cache/metadata-521.htm
07-05 11:37:39.713   545  6685 I DownloadManager: in removeSpuriousFiles, preserving file /data/data/com.android.providers.downloads/cache/metadata-748.htm
07-05 11:37:39.713   545  6685 I DownloadManager: in removeSpuriousFiles, preserving file /data/data/com.android.providers.downloads/cache/metadata-554.htm
07-05 11:37:39.713   545  6685 I DownloadManager: in removeSpuriousFiles, preserving file /data/data/com.android.providers.downloads/cache/metadata-288.htm
07-05 11:37:39.713   545  6685 I DownloadManager: in removeSpuriousFiles, preserving file /data/data/com.android.providers.downloads/cache/metadata-930.htm
07-05 11:37:39.713   545  6685 I DownloadManager: in removeSpuriousFiles, preserving file /data/data/com.android.providers.downloads/cache/metadata-363.htm
07-05 11:37:39.713   545  6685 I DownloadManager: in removeSpuriousFiles, preserving file /data/data/com.android.providers.downloads/cache/metadata-545.htm
07-05 11:37:39.713   545  6685 I DownloadManager: in removeSpuriousFiles, preserving file /data/data/com.android.providers.downloads/cache/metadata-87.htm
07-05 11:37:39.713   545  6685 I DownloadManager: in removeSpuriousFiles, preserving file /data/data/com.android.providers.downloads/cache/metadata-452.htm
07-05 11:37:39.713   545  6685 I DownloadManager: in removeSpuriousFiles, preserving file /data/data/com.android.providers.downloads/cache/metadata-359.htm
07-05 11:37:39.713   545  6685 I DownloadManager: in removeSpuriousFiles, preserving file /data/data/com.android.providers.downloads/cache/metadata-668.htm
07-05 11:37:39.713   545  6685 I DownloadManager: in removeSpuriousFiles, preserving file /data/data/com.android.providers.downloads/cache/metadata-463.htm
07-05 11:37:39.713   545  6685 I DownloadManager: in removeSpuriousFiles, preserving file /data/data/com.android.providers.downloads/cache/metadata-582.htm
07-05 11:37:39.713   545  6685 I DownloadManager: in removeSpuriousFiles, preserving file /data/data/com.android.providers.downloads/cache/metadata-483.htm
07-05 11:37:39.713   545  6685 I DownloadManager: in removeSpuriousFiles, preserving file /data/data/com.android.providers.downloads/cache/metadata-478.htm
07-05 11:37:39.713   545  6685 I DownloadManager: in removeSpuriousFiles, preserving file /data/data/com.android.providers.downloads/cache/metadata-603.htm
07-05 11:37:39.713   545  6685 I DownloadManager: in removeSpuriousFiles, preserving file /data/data/com.android.providers.downloads/cache/metadata-541.htm
07-05 11:37:39.713   545  6685 I DownloadManager: in removeSpuriousFiles, preserving file /data/data/com.android.providers.downloads/cache/metadata-520.htm
07-05 11:37:39.713   545  6685 I DownloadManager: in removeSpuriousFiles, preserving file /data/data/com.android.providers.downloads/cache/metadata-522.htm
07-05 11:37:39.713   545  6685 I DownloadManager: in removeSpuriousFiles, preserving file /data/data/com.android.providers.downloads/cache/metadata-416.htm
07-05 11:37:39.713   545  6685 I DownloadManager: in removeSpuriousFiles, preserving file /data/data/com.android.providers.downloads/cache/metadata-553.htm
07-05 11:37:39.713   545  6685 I DownloadManager: in removeSpuriousFiles, preserving file /data/data/com.android.providers.downloads/cache/metadata-1032.htm
07-05 11:37:39.713   545  6685 I DownloadManager: in removeSpuriousFiles, preserving file /data/data/com.android.providers.downloads/cache/metadata-431.htm
07-05 11:37:39.713   545  6685 I DownloadManager: in removeSpuriousFiles, preserving file /data/data/com.android.providers.downloads/cache/metadata-1206.htm
07-05 11:37:39.713   545  6685 I DownloadManager: in removeSpuriousFiles, preserving file /data/data/com.android.providers.downloads/cache/metadata-702.htm
07-05 11:37:39.713   545  6685 I DownloadManager: in removeSpuriousFiles, preserving file /data/data/com.android.providers.downloads/cache/metadata-634.htm
07-05 11:37:39.713   545  6685 I DownloadManager: in removeSpuriousFiles, preserving file /data/data/com.android.providers.downloads/cache/metadata-409.htm
07-05 11:37:39.713   545  6685 I DownloadManager: in removeSpuriousFiles, preserving file /data/data/com.android.providers.downloads/cache/metadata-403.htm
07-05 11:37:39.713   545  6685 I DownloadManager: in removeSpuriousFiles, preserving file /data/data/com.android.providers.downloads/cache/metadata-491.htm
07-05 11:37:39.713   545  6685 I DownloadManager: in removeSpuriousFiles, preserving file /data/data/com.android.providers.downloads/cache/metadata-482.htm
07-05 11:37:39.717   545  6685 I DownloadManager: in removeSpuriousFiles, preserving file /data/data/com.android.providers.downloads/cache/metadata-574.htm
07-05 11:37:39.717   545  6685 I DownloadManager: in removeSpuriousFiles, preserving file /data/data/com.android.providers.downloads/cache/metadata-257.htm
07-05 11:37:39.717   545  6685 I DownloadManager: in removeSpuriousFiles, preserving file /data/data/com.android.providers.downloads/cache/metadata-638.htm
07-05 11:37:39.717   545  6685 I DownloadManager: in removeSpuriousFiles, preserving file /data/data/com.android.providers.downloads/cache/metadata-419.htm
07-05 11:37:39.717   545  6685 I DownloadManager: in removeSpuriousFiles, preserving file /data/data/com.android.providers.downloads/cache/metadata-1268.htm
07-05 11:37:39.717   545  6685 I DownloadManager: in removeSpuriousFiles, preserving file /data/data/com.android.providers.downloads/cache/metadata-472.htm
07-05 11:37:39.717   545  6685 I DownloadManager: in removeSpuriousFiles, preserving file /data/data/com.android.providers.downloads/cache/metadata-1043.htm
07-05 11:37:39.717   545  6685 I DownloadManager: in removeSpuriousFiles, preserving file /data/data/com.android.providers.downloads/cache/metadata-669.htm
07-05 11:37:39.717   545  6685 I DownloadManager: in removeSpuriousFiles, preserving file /data/data/com.android.providers.downloads/cache/metadata-1024.htm
07-05 11:37:39.717   545  6685 I DownloadManager: in removeSpuriousFiles, preserving file /data/data/com.android.providers.downloads/cache/metadata-1399.htm
07-05 11:37:39.717   545  6685 I DownloadManager: in removeSpuriousFiles, preserving file /data/data/com.android.providers.downloads/cache/metadata-114.htm
07-05 11:37:39.717   545  6685 I DownloadManager: in removeSpuriousFiles, preserving file /data/data/com.android.providers.downloads/cache/metadata-936.htm
07-05 11:37:39.717   545  6685 I DownloadManager: in removeSpuriousFiles, preserving file /data/data/com.android.providers.downloads/cache/metadata-1245.htm
07-05 11:37:39.717   545  6685 I DownloadManager: in removeSpuriousFiles, preserving file /data/data/com.android.providers.downloads/cache/metadata-560.htm
07-05 11:37:39.717   545  6685 I DownloadManager: in removeSpuriousFiles, preserving file /data/data/com.android.providers.downloads/cache/metadata-549.htm
07-05 11:37:39.717   545  6685 I DownloadManager: in removeSpuriousFiles, preserving file /data/data/com.android.providers.downloads/cache/metadata-744.htm
07-05 11:37:39.717   545  6685 I DownloadManager: in removeSpuriousFiles, preserving file /data/data/com.android.providers.downloads/cache/metadata-543.htm
07-05 11:37:39.717   545  6685 I DownloadManager: in removeSpuriousFiles, preserving file /data/data/com.android.providers.downloads/cache/metadata-1459.htm
07-05 11:37:39.721   545  6685 I DownloadManager: deleting spurious file /cache/dalvik-cache
07-05 11:37:39.721   545  6685 I DownloadManager: deleting spurious file /data/data/com.android.providers.downloads/cache/metadata-33.htm
07-05 11:37:39.721   545  6685 I DownloadManager: deleting spurious file /data/data/com.android.providers.downloads/cache/metadata-69.htm
07-05 11:37:39.721   545  6685 I DownloadManager: deleting spurious file /data/data/com.android.providers.downloads/cache/metadata-272.htm
07-05 11:37:39.721   545  6685 I DownloadManager: deleting spurious file /data/data/com.android.providers.downloads/cache/metadata-129.htm
07-05 11:37:39.721   545  6685 I DownloadManager: deleting spurious file /data/data/com.android.providers.downloads/cache/metadata-235.htm
07-05 11:37:39.721   545  6685 I DownloadManager: deleting spurious file /data/data/com.android.providers.downloads/cache/metadata-393.htm
07-05 11:37:39.721   545  6685 I DownloadManager: deleting spurious file /data/data/com.android.providers.downloads/cache/metadata-292.htm
07-05 11:37:39.721   545  6685 I DownloadManager: deleting spurious file /data/data/com.android.providers.downloads/cache/metadata-433.htm
07-05 11:37:39.721   545  6685 I DownloadManager: deleting spurious file /data/data/com.android.providers.downloads/cache/metadata-473.htm
07-05 11:37:39.721   545  6685 I DownloadManager: deleting spurious file /data/data/com.android.providers.downloads/cache/metadata-99.htm
07-05 11:37:39.721   545  6685 I DownloadManager: deleting spurious file /data/data/com.android.providers.downloads/cache/metadata-377.htm
07-05 11:37:39.721   545  6685 I DownloadManager: deleting spurious file /data/data/com.android.providers.downloads/cache/metadata-361.htm
07-05 11:37:39.721   545  6685 I DownloadManager: deleting spurious file /data/data/com.android.providers.downloads/cache/metadata-372.htm
07-05 11:37:39.721   545  6685 I DownloadManager: deleting spurious file /data/data/com.android.providers.downloads/cache/metadata-423.htm
07-05 11:37:39.721   545  6685 I DownloadManager: deleting spurious file /data/data/com.android.providers.downloads/cache/metadata-95.htm
07-05 11:37:39.725   545  6685 I DownloadManager: deleting spurious file /data/data/com.android.providers.downloads/cache/metadata-387.htm
07-05 11:37:39.725   545  6685 I DownloadManager: deleting spurious file /data/data/com.android.providers.downloads/cache/metadata-309.htm
07-05 11:37:39.725   545  6685 I DownloadManager: deleting spurious file /data/data/com.android.providers.downloads/cache/metadata-600.htm
07-05 11:37:39.725   545  6685 I DownloadManager: deleting spurious file /data/data/com.android.providers.downloads/cache/metadata-504.htm
07-05 11:37:39.725   545  6685 I DownloadManager: deleting spurious file /data/data/com.android.providers.downloads/cache/metadata-238.htm
07-05 11:37:39.725   545  6685 I DownloadManager: deleting spurious file /data/data/com.android.providers.downloads/cache/metadata-371.htm
07-05 11:37:39.725   545  6685 I DownloadManager: deleting spurious file /data/data/com.android.providers.downloads/cache/metadata-258.htm
07-05 11:37:39.725   545  6685 I DownloadManager: deleting spurious file /data/data/com.android.providers.downloads/cache/metadata-442.htm
07-05 11:37:39.725   545  6685 I DownloadManager: deleting spurious file /data/data/com.android.providers.downloads/cache/metadata-456.htm
07-05 11:37:39.725   545  6685 I DownloadManager: deleting spurious file /data/data/com.android.providers.downloads/cache/metadata-378.htm
07-05 11:37:39.725   545  6685 I DownloadManager: deleting spurious file /data/data/com.android.providers.downloads/cache/metadata-305.htm
07-05 11:37:39.725   545  6685 I DownloadManager: deleting spurious file /data/data/com.android.providers.downloads/cache/metadata-247.htm
07-05 11:37:39.725   545  6685 I DownloadManager: deleting spurious file /data/data/com.android.providers.downloads/cache/metadata-310.htm
07-05 11:37:39.725   545  6685 I DownloadManager: deleting spurious file /data/data/com.android.providers.downloads/cache/metadata-339.htm
07-05 11:37:39.725   545  6685 I DownloadManager: deleting spurious file /data/data/com.android.providers.downloads/cache/metadata-535.htm
07-05 11:37:39.725   545  6685 I DownloadManager: deleting spurious file /data/data/com.android.providers.downloads/cache/metadata-525.htm
07-05 11:37:39.725   545  6685 I DownloadManager: deleting spurious file /data/data/com.android.providers.downloads/cache/metadata-474.htm
07-05 11:37:39.725   545  6685 I DownloadManager: deleting spurious file /data/data/com.android.providers.downloads/cache/metadata-877.htm
07-05 11:37:39.725   545  6685 I DownloadManager: deleting spurious file /data/data/com.android.providers.downloads/cache/metadata-318.htm
07-05 11:37:39.725   545  6685 I DownloadManager: deleting spurious file /data/data/com.android.providers.downloads/cache/metadata-479.htm
07-05 11:37:39.725   545  6685 I DownloadManager: deleting spurious file /data/data/com.android.providers.downloads/cache/metadata-593.htm
07-05 11:37:39.725   545  6685 I DownloadManager: deleting spurious file /data/data/com.android.providers.downloads/cache/metadata-455.htm
07-05 11:37:39.725   545  6685 I DownloadManager: deleting spurious file /data/data/com.android.providers.downloads/cache/metadata-440.htm
07-05 11:37:39.725   545  6685 I DownloadManager: deleting spurious file /data/data/com.android.providers.downloads/cache/metadata-487.htm
07-05 11:37:39.725   545  6685 I DownloadManager: deleting spurious file /data/data/com.android.providers.downloads/cache/metadata-678.htm
07-05 11:37:39.729   545  6685 I DownloadManager: deleting spurious file /data/data/com.android.providers.downloads/cache/metadata-698.htm
07-05 11:37:39.729   545  6685 I DownloadManager: deleting spurious file /data/data/com.android.providers.downloads/cache/metadata-465.htm
07-05 11:37:39.729   545  6685 I DownloadManager: deleting spurious file /data/data/com.android.providers.downloads/cache/metadata-402.htm
07-05 11:37:39.729   545  6685 I DownloadManager: deleting spurious file /data/data/com.android.providers.downloads/cache/metadata-542.htm
07-05 11:37:39.729   545  6685 I DownloadManager: deleting spurious file /data/data/com.android.providers.downloads/cache/metadata-432.htm
07-05 11:37:39.729   545  6685 I DownloadManager: deleting spurious file /data/data/com.android.providers.downloads/cache/metadata-451.htm
07-05 11:37:39.729   545  6685 I DownloadManager: deleting spurious file /data/data/com.android.providers.downloads/cache/metadata-429.htm
07-05 11:37:39.729   545  6685 I DownloadManager: deleting spurious file /data/data/com.android.providers.downloads/cache/metadata-356.htm
07-05 11:37:39.729   545  6685 I DownloadManager: deleting spurious file /data/data/com.android.providers.downloads/cache/metadata-449.htm
07-05 11:37:39.729   545  6685 I DownloadManager: deleting spurious file /data/data/com.android.providers.downloads/cache/metadata-503.htm
07-05 11:37:39.729   545  6685 I DownloadManager: deleting spurious file /data/data/com.android.providers.downloads/cache/metadata-833.htm
07-05 11:37:39.729   545  6685 I DownloadManager: deleting spurious file /data/data/com.android.providers.downloads/cache/metadata-299.htm
07-05 11:37:39.729   545  6685 I DownloadManager: deleting spurious file /data/data/com.android.providers.downloads/cache/metadata-490.htm
07-05 11:37:39.729   545  6685 I DownloadManager: deleting spurious file /data/data/com.android.providers.downloads/cache/metadata-1155.htm
07-05 11:37:39.729   545  6685 I DownloadManager: deleting spurious file /data/data/com.android.providers.downloads/cache/metadata-352.htm
07-05 11:37:39.729   545  6685 I DownloadManager: deleting spurious file /data/data/com.android.providers.downloads/cache/metadata-466.htm
07-05 11:37:39.729   545  6685 I DownloadManager: deleting spurious file /data/data/com.android.providers.downloads/cache/metadata-513.htm
07-05 11:37:39.729   545  6685 I DownloadManager: deleting spurious file /data/data/com.android.providers.downloads/cache/metadata-1278.htm
07-05 11:37:39.729   545  6685 I DownloadManager: deleting spurious file /data/data/com.android.providers.downloads/cache/metadata-1140.htm
07-05 11:37:39.729   545  6685 I DownloadManager: deleting spurious file /data/data/com.android.providers.downloads/cache/metadata-1216.htm
07-05 11:37:39.729   545  6685 I DownloadManager: deleting spurious file /data/data/com.android.providers.downloads/cache/metadata-1280.htm
07-05 11:37:39.729   545  6685 I DownloadManager: deleting spurious file /data/data/com.android.providers.downloads/cache/metadata-1108.htm
07-05 11:37:39.729   545  6685 I DownloadManager: deleting spurious file /data/data/com.android.providers.downloads/cache/metadata-505.htm
07-05 11:37:39.729   545  6685 I DownloadManager: deleting spurious file /data/data/com.android.providers.downloads/cache/metadata-517.htm
07-05 11:37:39.729   545  6685 I DownloadManager: deleting spurious file /data/data/com.android.providers.downloads/cache/metadata-445.htm
07-05 11:37:39.733   545  6685 I DownloadManager: deleting spurious file /data/data/com.android.providers.downloads/cache/metadata-464.htm
07-05 11:37:39.733   545  6685 I DownloadManager: deleting spurious file /data/data/com.android.providers.downloads/cache/metadata-1000.htm
07-05 11:37:39.733   545  6685 I DownloadManager: deleting spurious file /data/data/com.android.providers.downloads/cache/metadata-270.htm
07-05 11:37:39.733   545  6685 I DownloadManager: deleting spurious file /data/data/com.android.providers.downloads/cache/metadata-376.htm
07-05 11:37:39.733   545  6685 I DownloadManager: deleting spurious file /data/data/com.android.providers.downloads/cache/metadata-563.htm
07-05 11:37:39.733   545  6685 I DownloadManager: deleting spurious file /data/data/com.android.providers.downloads/cache/metadata-1094.htm
07-05 11:37:39.733   545  6685 I DownloadManager: deleting spurious file /data/data/com.android.providers.downloads/cache/metadata-1463.htm
07-05 11:37:39.733   545  6685 I DownloadManager: deleting spurious file /data/data/com.android.providers.downloads/cache/metadata-1158.htm
07-05 11:37:39.733   545  6685 I DownloadManager: deleting spurious file /data/data/com.android.providers.downloads/cache/metadata-475.htm
07-05 11:37:39.733   545  6685 I DownloadManager: deleting spurious file /data/data/com.android.providers.downloads/cache/metadata-307.htm
07-05 11:37:39.733   545  6685 I DownloadManager: deleting spurious file /data/data/com.android.providers.downloads/cache/metadata-1376.htm
07-05 11:37:39.733   545  6685 I DownloadManager: deleting spurious file /data/data/com.android.providers.downloads/cache/metadata-395.htm
07-05 11:37:39.733   545  6685 I DownloadManager: deleting spurious file /data/data/com.android.providers.downloads/cache/metadata-562.htm
07-05 11:37:39.733   545  6685 I DownloadManager: deleting spurious file /data/data/com.android.providers.downloads/cache/metadata-1349.htm
07-05 11:37:39.733   545  6685 I DownloadManager: deleting spurious file /data/data/com.android.providers.downloads/cache/metadata-861.htm
07-05 11:37:39.733   545  6685 I DownloadManager: deleting spurious file /data/data/com.android.providers.downloads/cache/metadata-1439.htm
07-05 11:37:39.733   545  6685 I DownloadManager: deleting spurious file /data/data/com.android.providers.downloads/cache/metadata-453.htm
07-05 11:37:39.733   545  6685 I DownloadManager: deleting spurious file /data/data/com.android.providers.downloads/cache/metadata-1192.htm
07-05 11:37:39.733   545  6685 I DownloadManager: deleting spurious file /data/data/com.android.providers.downloads/cache/metadata-631.htm
07-05 11:37:39.733   545  6685 I DownloadManager: deleting spurious file /data/data/com.android.providers.downloads/cache/metadata-434.htm
07-05 11:37:39.733   545  6685 I DownloadManager: deleting spurious file /data/data/com.android.providers.downloads/cache/metadata-1308.htm
07-05 11:37:39.733   545  6685 I DownloadManager: deleting spurious file /data/data/com.android.providers.downloads/cache/metadata-616.htm
07-05 11:37:39.733   545  6685 I DownloadManager: deleting spurious file /data/data/com.android.providers.downloads/cache/metadata-949.htm
07-05 11:37:39.733   545  6685 I DownloadManager: deleting spurious file /data/data/com.android.providers.downloads/cache/metadata-822.htm
07-05 11:37:39.733   545  6685 I DownloadManager: deleting spurious file /data/data/com.android.providers.downloads/cache/metadata-547.htm
07-05 11:37:39.733   545  6685 I DownloadManager: deleting spurious file /data/data/com.android.providers.downloads/cache/metadata-290.htm
07-05 11:37:39.733   545  6685 I DownloadManager: deleting spurious file /data/data/com.android.providers.downloads/cache/metadata-1055.htm
07-05 11:37:39.733   545  6685 I DownloadManager: deleting spurious file /data/data/com.android.providers.downloads/cache/metadata-551.htm
07-05 11:37:39.737   545  6685 I DownloadManager: deleting spurious file /data/data/com.android.providers.downloads/cache/metadata-954.htm
07-05 11:37:39.737   545  6685 I DownloadManager: deleting spurious file /data/data/com.android.providers.downloads/cache/metadata-509.htm
07-05 11:37:39.737   545  6685 I DownloadManager: deleting spurious file /data/data/com.android.providers.downloads/cache/metadata-523.htm
07-05 11:37:39.737   545  6685 I DownloadManager: deleting spurious file /data/data/com.android.providers.downloads/cache/metadata-569.htm
07-05 11:37:39.737   545  6685 I DownloadManager: deleting spurious file /data/data/com.android.providers.downloads/cache/metadata-502.htm
07-05 11:37:39.737   545  6685 I DownloadManager: deleting spurious file /data/data/com.android.providers.downloads/cache/metadata-573.htm
07-05 11:37:39.737   545  6685 I DownloadManager: deleting spurious file /data/data/com.android.providers.downloads/cache/metadata-496.htm
07-05 11:37:39.737   545  6685 I DownloadManager: deleting spurious file /data/data/com.android.providers.downloads/cache/metadata-910.htm
07-05 11:37:39.737   545  6685 I DownloadManager: deleting spurious file /data/data/com.android.providers.downloads/cache/metadata-287.htm
07-05 11:37:39.737   545  6685 I DownloadManager: deleting spurious file /data/data/com.android.providers.downloads/cache/metadata-907.htm
07-05 11:37:39.737   545  6685 I DownloadManager: deleting spurious file /data/data/com.android.providers.downloads/cache/metadata-637.htm
07-05 11:37:39.737   545  6685 I DownloadManager: deleting spurious file /data/data/com.android.providers.downloads/cache/metadata-1104.htm
07-05 11:37:39.737   545  6685 I DownloadManager: deleting spurious file /data/data/com.android.providers.downloads/cache/metadata-540.htm
07-05 11:37:39.737   545  6685 I DownloadManager: deleting spurious file /data/data/com.android.providers.downloads/cache/metadata-687.htm
07-05 11:37:39.737   545  6685 I DownloadManager: deleting spurious file /data/data/com.android.providers.downloads/cache/metadata-942.htm
07-05 11:37:39.737   545  6685 I DownloadManager: deleting spurious file /data/data/com.android.providers.downloads/cache/metadata-321.htm
07-05 11:37:39.737   545  6685 I DownloadManager: deleting spurious file /data/data/com.android.providers.downloads/cache/metadata-673.htm
07-05 11:37:39.737   545  6685 I DownloadManager: deleting spurious file /data/data/com.android.providers.downloads/cache/metadata-681.htm
07-05 11:37:39.737   545  6685 I DownloadManager: deleting spurious file /data/data/com.android.providers.downloads/cache/metadata-741.htm
07-05 11:37:39.737   545  6685 I DownloadManager: deleting spurious file /data/data/com.android.providers.downloads/cache/metadata-559.htm
07-05 11:37:39.737   545  6685 I DownloadManager: deleting spurious file /data/data/com.android.providers.downloads/cache/metadata-613.htm
07-05 11:37:39.737   545  6685 I DownloadManager: deleting spurious file /data/data/com.android.providers.downloads/cache/metadata-519.htm
07-05 11:37:39.737   545  6685 I DownloadManager: deleting spurious file /data/data/com.android.providers.downloads/cache/metadata-1540.htm
07-05 11:37:39.737   545  6685 I DownloadManager: deleting spurious file /data/data/com.android.providers.downloads/cache/metadata-1350.htm
07-05 11:37:39.737   545  6685 I DownloadManager: deleting spurious file /data/data/com.android.providers.downloads/cache/metadata-355.htm
07-05 11:37:39.830   545   548 D dalvikvm: GC_CONCURRENT freed 551K, 13% free 10232K/11719K, paused 3ms+6ms
07-05 11:37:40.018   545   548 D dalvikvm: GC_CONCURRENT freed 536K, 14% free 10082K/11719K, paused 1ms+2ms
07-05 11:37:40.065   545  6686 I DownloadManager: Initiating request for download 749
07-05 11:37:40.174   545   548 D dalvikvm: GC_CONCURRENT freed 201K, 13% free 10297K/11719K, paused 2ms+3ms
07-05 11:37:40.334  1370  6688 E DictionaryProvider:UpdateHandler: Can't read a file : android.util.MalformedJsonException: Use JsonReader.setLenient(true) to accept malformed JSON at line 1 column 20
07-05 11:37:40.369  1370  1381 D dalvikvm: GC_EXPLICIT freed 124K, 7% free 9091K/9735K, paused 2ms+3ms
07-05 11:37:40.444   545   548 D dalvikvm: GC_CONCURRENT freed 574K, 14% free 10110K/11719K, paused 2ms+3ms
07-05 11:37:40.619   545   548 D dalvikvm: GC_CONCURRENT freed 421K, 15% free 10078K/11719K, paused 2ms+2ms
07-05 11:37:40.639   545  6691 I DownloadManager: Initiating request for download 749
07-05 11:37:40.740   545   548 D dalvikvm: GC_CONCURRENT freed 200K, 13% free 10296K/11719K, paused 2ms+3ms
07-05 11:37:40.951   545   548 D dalvikvm: GC_CONCURRENT freed 584K, 14% free 10100K/11719K, paused 2ms+2ms
07-05 11:37:41.143   545  6694 I DownloadManager: Initiating request for download 750
07-05 11:37:41.174   545   548 D dalvikvm: GC_CONCURRENT freed 404K, 14% free 10115K/11719K, paused 2ms+3ms
07-05 11:37:41.283   545   548 D dalvikvm: GC_CONCURRENT freed 266K, 13% free 10245K/11719K, paused 2ms+5ms
07-05 11:37:41.510   156   594 D dalvikvm: GC_EXPLICIT freed 520K, 11% free 13175K/14791K, paused 3ms+6ms
07-05 11:37:41.518  1370  6696 E DictionaryProvider:UpdateHandler: Can't read a file : android.util.MalformedJsonException: Use JsonReader.setLenient(true) to accept malformed JSON at line 1 column 20
07-05 11:37:41.604   545   548 D dalvikvm: GC_CONCURRENT freed 526K, 14% free 10108K/11719K, paused 2ms+2ms
07-05 11:37:41.768   545  6699 I DownloadManager: Initiating request for download 750
07-05 11:37:41.787   545   548 D dalvikvm: GC_CONCURRENT freed 424K, 14% free 10099K/11719K, paused 2ms+3ms
07-05 11:37:41.893   545   548 D dalvikvm: GC_CONCURRENT freed 262K, 13% free 10232K/11719K, paused 1ms+2ms
07-05 11:37:42.100   545   548 D dalvikvm: GC_CONCURRENT freed 535K, 14% free 10085K/11719K, paused 2ms+3ms
07-05 11:37:42.260   545  6702 I DownloadManager: Initiating request for download 751
07-05 11:37:42.307   545   548 D dalvikvm: GC_CONCURRENT freed 384K, 14% free 10101K/11719K, paused 2ms+3ms
07-05 11:37:42.424   545   548 D dalvikvm: GC_CONCURRENT freed 265K, 13% free 10235K/11719K, paused 2ms+2ms
07-05 11:37:42.572  1370  6704 E DictionaryProvider:UpdateHandler: Can't read a file : android.util.MalformedJsonException: Use JsonReader.setLenient(true) to accept malformed JSON at line 1 column 20
07-05 11:37:42.631   465   467 D dalvikvm: GC_CONCURRENT freed 211K, 6% free 10027K/10631K, paused 1ms+2ms
07-05 11:37:42.701   545   548 D dalvikvm: GC_CONCURRENT freed 533K, 14% free 10093K/11719K, paused 1ms+2ms
07-05 11:37:42.862   545  6708 I DownloadManager: Initiating request for download 751
07-05 11:37:42.897   545   548 D dalvikvm: GC_CONCURRENT freed 409K, 14% free 10099K/11719K, paused 2ms+2ms
07-05 11:37:42.998   545   548 D dalvikvm: GC_CONCURRENT freed 259K, 13% free 10235K/11719K, paused 2ms+2ms
07-05 11:37:43.170   545   548 D dalvikvm: GC_CONCURRENT freed 505K, 14% free 10118K/11719K, paused 2ms+2ms
07-05 11:37:43.377   545  6710 I DownloadManager: Initiating request for download 752
07-05 11:37:43.475   545   548 D dalvikvm: GC_CONCURRENT freed 375K, 14% free 10146K/11719K, paused 4ms+2ms
07-05 11:37:43.584   545   548 D dalvikvm: GC_CONCURRENT freed 297K, 13% free 10243K/11719K, paused 2ms+2ms
07-05 11:37:43.795   545   633 D dalvikvm: GC_EXPLICIT freed 478K, 14% free 10101K/11719K, paused 1ms+3ms
07-05 11:37:43.799  1370  6713 E DictionaryProvider:UpdateHandler: Can't read a file : android.util.MalformedJsonException: Use JsonReader.setLenient(true) to accept malformed JSON at line 1 column 20
07-05 11:37:43.998   545   548 D dalvikvm: GC_CONCURRENT freed 409K, 14% free 10080K/11719K, paused 2ms+2ms
07-05 11:37:44.041   545  6716 I DownloadManager: Initiating request for download 752
07-05 11:37:44.139   545   548 D dalvikvm: GC_CONCURRENT freed 224K, 12% free 10318K/11719K, paused 3ms+2ms
07-05 11:37:44.346   545   548 D dalvikvm: GC_CONCURRENT freed 617K, 14% free 10091K/11719K, paused 2ms+2ms
07-05 11:37:44.557   545  6719 I DownloadManager: Initiating request for download 753
07-05 11:37:44.600   545   548 D dalvikvm: GC_CONCURRENT freed 403K, 14% free 10094K/11719K, paused 3ms+2ms
07-05 11:37:44.705   545   548 D dalvikvm: GC_CONCURRENT freed 205K, 13% free 10293K/11719K, paused 2ms+2ms
07-05 11:37:44.873  1370  6721 E DictionaryProvider:UpdateHandler: Can't read a file : android.util.MalformedJsonException: Use JsonReader.setLenient(true) to accept malformed JSON at line 1 column 20
07-05 11:37:44.901  1370  1372 D dalvikvm: GC_CONCURRENT freed 343K, 7% free 9146K/9735K, paused 1ms+2ms
07-05 11:37:44.967   545   548 D dalvikvm: GC_CONCURRENT freed 580K, 14% free 10103K/11719K, paused 3ms+3ms
07-05 11:37:45.154   545   548 D dalvikvm: GC_CONCURRENT freed 408K, 14% free 10079K/11719K, paused 1ms+3ms
07-05 11:37:45.170   545  6723 I DownloadManager: Initiating request for download 753
07-05 11:37:45.244   545   548 D dalvikvm: GC_CONCURRENT freed 182K, 13% free 10287K/11719K, paused 2ms+2ms
07-05 11:37:46.205   545   548 D dalvikvm: GC_CONCURRENT freed 581K, 14% free 10097K/11719K, paused 2ms+3ms
07-05 11:37:46.408   545   548 D dalvikvm: GC_CONCURRENT freed 408K, 14% free 10079K/11719K, paused 2ms+2ms
07-05 11:37:46.459   545  6727 I DownloadManager: Initiating request for download 754
07-05 11:37:46.565   545   548 D dalvikvm: GC_CONCURRENT freed 221K, 13% free 10297K/11719K, paused 1ms+2ms
07-05 11:37:46.721  1370  6729 E DictionaryProvider:UpdateHandler: Can't read a file : android.util.MalformedJsonException: Use JsonReader.setLenient(true) to accept malformed JSON at line 1 column 20
07-05 11:37:46.807   545   548 D dalvikvm: GC_CONCURRENT freed 579K, 14% free 10106K/11719K, paused 2ms+3ms
07-05 11:37:46.998   545   548 D dalvikvm: GC_CONCURRENT freed 416K, 15% free 10076K/11719K, paused 2ms+2ms
07-05 11:37:47.022   545  6732 I DownloadManager: Initiating request for download 754
07-05 11:37:47.123   545   548 D dalvikvm: GC_CONCURRENT freed 211K, 13% free 10296K/11719K, paused 2ms+2ms
07-05 11:37:47.330   545   548 D dalvikvm: GC_CONCURRENT freed 587K, 14% free 10102K/11719K, paused 2ms+2ms
07-05 11:37:47.522   545   548 D dalvikvm: GC_CONCURRENT freed 408K, 14% free 10081K/11719K, paused 2ms+3ms
07-05 11:37:47.561   545  6735 I DownloadManager: Initiating request for download 755
07-05 11:37:47.666   545   548 D dalvikvm: GC_CONCURRENT freed 203K, 13% free 10307K/11719K, paused 1ms+3ms
07-05 11:37:47.822  1370  6737 E DictionaryProvider:UpdateHandler: Can't read a file : android.util.MalformedJsonException: Use JsonReader.setLenient(true) to accept malformed JSON at line 1 column 20
07-05 11:37:47.908   545   548 D dalvikvm: GC_CONCURRENT freed 588K, 14% free 10109K/11719K, paused 2ms+3ms
07-05 11:37:48.096   545   548 D dalvikvm: GC_CONCURRENT freed 417K, 15% free 10078K/11719K, paused 2ms+2ms
07-05 11:37:48.119   545  6740 I DownloadManager: Initiating request for download 755
07-05 11:37:48.205   545   548 D dalvikvm: GC_CONCURRENT freed 204K, 13% free 10301K/11719K, paused 2ms+3ms
07-05 11:37:48.420   545   548 D dalvikvm: GC_CONCURRENT freed 587K, 14% free 10100K/11719K, paused 2ms+2ms
07-05 11:37:48.604   545   548 D dalvikvm: GC_CONCURRENT freed 406K, 14% free 10082K/11719K, paused 2ms+2ms
07-05 11:37:48.651   545  6743 I DownloadManager: Initiating request for download 756
07-05 11:37:48.752   545   548 D dalvikvm: GC_CONCURRENT freed 208K, 13% free 10305K/11719K, paused 2ms+3ms
07-05 11:37:48.908  1370  6745 E DictionaryProvider:UpdateHandler: Can't read a file : android.util.MalformedJsonException: Use JsonReader.setLenient(true) to accept malformed JSON at line 1 column 20
07-05 11:37:49.002   545   548 D dalvikvm: GC_CONCURRENT freed 585K, 14% free 10111K/11719K, paused 2ms+2ms
07-05 11:37:49.201   545   548 D dalvikvm: GC_CONCURRENT freed 415K, 14% free 10084K/11719K, paused 1ms+3ms
07-05 11:37:49.225   545  6748 I DownloadManager: Initiating request for download 756
07-05 11:37:49.334   545   548 D dalvikvm: GC_CONCURRENT freed 208K, 13% free 10310K/11719K, paused 2ms+2ms
07-05 11:37:49.510   545   548 D dalvikvm: GC_CONCURRENT freed 561K, 14% free 10137K/11719K, paused 2ms+3ms
07-05 11:37:51.143   545  6750 I DownloadManager: Initiating request for download 757
07-05 11:37:51.166   545   548 D dalvikvm: GC_CONCURRENT freed 430K, 14% free 10101K/11719K, paused 10ms+2ms
07-05 11:37:51.287   545   548 D dalvikvm: GC_CONCURRENT freed 209K, 13% free 10308K/11719K, paused 2ms+2ms
07-05 11:37:51.526  1370  6753 E DictionaryProvider:UpdateHandler: Can't read a file : android.util.MalformedJsonException: Use JsonReader.setLenient(true) to accept malformed JSON at line 1 column 20
07-05 11:37:51.541   545   548 D dalvikvm: GC_CONCURRENT freed 590K, 14% free 10121K/11719K, paused 2ms+3ms
07-05 11:37:51.580  1370  1372 D dalvikvm: GC_CONCURRENT freed 405K, 7% free 9127K/9735K, paused 1ms+2ms
07-05 11:37:51.772   545   548 D dalvikvm: GC_CONCURRENT freed 417K, 14% free 10091K/11719K, paused 2ms+2ms
07-05 11:37:51.787   545  6756 I DownloadManager: Initiating request for download 757
07-05 11:37:51.897   545   548 D dalvikvm: GC_CONCURRENT freed 207K, 13% free 10308K/11719K, paused 3ms+3ms
07-05 11:37:52.108   545   548 D dalvikvm: GC_CONCURRENT freed 589K, 14% free 10110K/11719K, paused 2ms+2ms
07-05 11:37:52.389   545   548 D dalvikvm: GC_CONCURRENT freed 407K, 14% free 10089K/11719K, paused 3ms+5ms
07-05 11:37:52.412   545  6759 I DownloadManager: Initiating request for download 758
07-05 11:37:52.529   545   548 D dalvikvm: GC_CONCURRENT freed 207K, 13% free 10310K/11719K, paused 2ms+3ms
07-05 11:37:52.744  1370  6761 E DictionaryProvider:UpdateHandler: Can't read a file : android.util.MalformedJsonException: Use JsonReader.setLenient(true) to accept malformed JSON at line 1 column 20
07-05 11:37:52.764   545   548 D dalvikvm: GC_CONCURRENT freed 592K, 14% free 10130K/11719K, paused 2ms+3ms
07-05 11:37:52.951   545  6764 I DownloadManager: Initiating request for download 758
07-05 11:37:52.990   545   548 D dalvikvm: GC_CONCURRENT freed 430K, 14% free 10130K/11719K, paused 2ms+3ms
07-05 11:37:53.104   545   548 D dalvikvm: GC_CONCURRENT freed 268K, 13% free 10261K/11719K, paused 1ms+3ms
07-05 11:37:53.205   156   628 D dalvikvm: GC_EXPLICIT freed 496K, 11% free 13174K/14791K, paused 3ms+5ms
07-05 11:37:53.397   545   548 D dalvikvm: GC_CONCURRENT freed 541K, 14% free 10110K/11719K, paused 2ms+3ms
07-05 11:37:53.604   545  6767 I DownloadManager: Initiating request for download 759
07-05 11:37:53.635   545   548 D dalvikvm: GC_CONCURRENT freed 413K, 14% free 10116K/11719K, paused 2ms+3ms
07-05 11:37:53.760   545   548 D dalvikvm: GC_CONCURRENT freed 265K, 13% free 10251K/11719K, paused 1ms+3ms
07-05 11:37:53.920  1370  6769 E DictionaryProvider:UpdateHandler: Can't read a file : android.util.MalformedJsonException: Use JsonReader.setLenient(true) to accept malformed JSON at line 1 column 20
07-05 11:37:54.018   545   548 D dalvikvm: GC_CONCURRENT freed 538K, 14% free 10104K/11719K, paused 3ms+5ms
07-05 11:37:54.186   545  6772 I DownloadManager: Initiating request for download 759
07-05 11:37:54.233   545   548 D dalvikvm: GC_CONCURRENT freed 422K, 14% free 10111K/11719K, paused 2ms+3ms
07-05 11:37:54.346   545   548 D dalvikvm: GC_CONCURRENT freed 258K, 13% free 10247K/11719K, paused 2ms+2ms
07-05 11:37:54.565   545   548 D dalvikvm: GC_CONCURRENT freed 540K, 14% free 10100K/11719K, paused 2ms+2ms
07-05 11:37:54.787   545  6775 I DownloadManager: Initiating request for download 760
07-05 11:37:54.791   545   548 D dalvikvm: GC_CONCURRENT freed 407K, 14% free 10104K/11719K, paused 2ms+3ms
07-05 11:37:54.916   545   548 D dalvikvm: GC_CONCURRENT freed 208K, 13% free 10297K/11719K, paused 2ms+3ms
07-05 11:37:55.084  1370  6777 E DictionaryProvider:UpdateHandler: Can't read a file : android.util.MalformedJsonException: Use JsonReader.setLenient(true) to accept malformed JSON at line 1 column 20
07-05 11:37:55.174   545   548 D dalvikvm: GC_CONCURRENT freed 575K, 14% free 10111K/11719K, paused 2ms+3ms
07-05 11:37:55.377   545   548 D dalvikvm: GC_CONCURRENT freed 418K, 14% free 10084K/11719K, paused 3ms+2ms
07-05 11:37:55.404   545  6780 I DownloadManager: Initiating request for download 760
07-05 11:37:55.510   545   548 D dalvikvm: GC_CONCURRENT freed 212K, 13% free 10302K/11719K, paused 1ms+2ms
07-05 11:37:55.705   545   548 D dalvikvm: GC_CONCURRENT freed 592K, 14% free 10102K/11719K, paused 2ms+2ms
07-05 11:37:55.920   545   548 D dalvikvm: GC_CONCURRENT freed 407K, 14% free 10085K/11719K, paused 1ms+3ms
07-05 11:37:55.967   545  6783 I DownloadManager: Initiating request for download 761
07-05 11:37:56.080   545   548 D dalvikvm: GC_CONCURRENT freed 206K, 13% free 10301K/11719K, paused 2ms+3ms
07-05 11:37:56.264  1370  6785 E DictionaryProvider:UpdateHandler: Can't read a file : android.util.MalformedJsonException: Use JsonReader.setLenient(true) to accept malformed JSON at line 1 column 20
07-05 11:37:56.330   545   548 D dalvikvm: GC_CONCURRENT freed 581K, 14% free 10112K/11719K, paused 2ms+7ms
07-05 11:37:56.346  1370  1372 D dalvikvm: GC_CONCURRENT freed 388K, 6% free 9155K/9735K, paused 2ms+5ms
07-05 11:37:56.541   545   548 D dalvikvm: GC_CONCURRENT freed 416K, 14% free 10083K/11719K, paused 2ms+2ms
07-05 11:37:56.572   545  6788 I DownloadManager: Initiating request for download 761
07-05 11:37:56.670   545   548 D dalvikvm: GC_CONCURRENT freed 209K, 13% free 10291K/11719K, paused 3ms+3ms
07-05 11:37:56.873   545   548 D dalvikvm: GC_CONCURRENT freed 575K, 14% free 10109K/11719K, paused 2ms+3ms
07-05 11:37:57.069   545   548 D dalvikvm: GC_CONCURRENT freed 414K, 14% free 10084K/11719K, paused 2ms+3ms
07-05 11:37:57.131   545  6791 I DownloadManager: Initiating request for download 762
07-05 11:37:57.237   545   548 D dalvikvm: GC_CONCURRENT freed 220K, 12% free 10328K/11719K, paused 2ms+3ms
07-05 11:37:57.412  1370  6793 E DictionaryProvider:UpdateHandler: Can't read a file : android.util.MalformedJsonException: Use JsonReader.setLenient(true) to accept malformed JSON at line 1 column 20
07-05 11:37:57.502   545   548 D dalvikvm: GC_CONCURRENT freed 605K, 14% free 10112K/11719K, paused 2ms+3ms
07-05 11:37:57.701   545   548 D dalvikvm: GC_CONCURRENT freed 420K, 14% free 10084K/11719K, paused 2ms+2ms
07-05 11:37:57.733   545  6796 I DownloadManager: Initiating request for download 762
07-05 11:37:57.830   545   548 D dalvikvm: GC_CONCURRENT freed 218K, 13% free 10303K/11719K, paused 2ms+3ms
07-05 11:37:58.045   545   548 D dalvikvm: GC_CONCURRENT freed 584K, 14% free 10106K/11719K, paused 2ms+2ms
07-05 11:37:58.229   545   548 D dalvikvm: GC_CONCURRENT freed 407K, 14% free 10087K/11719K, paused 1ms+2ms
07-05 11:37:58.291   545  6799 I DownloadManager: Initiating request for download 763
07-05 11:37:58.397   545   548 D dalvikvm: GC_CONCURRENT freed 214K, 12% free 10335K/11719K, paused 2ms+3ms
07-05 11:37:58.572  1370  6801 E DictionaryProvider:UpdateHandler: Can't read a file : android.util.MalformedJsonException: Use JsonReader.setLenient(true) to accept malformed JSON at line 1 column 20
07-05 11:37:58.658   545   548 D dalvikvm: GC_CONCURRENT freed 606K, 14% free 10124K/11719K, paused 2ms+3ms
07-05 11:37:58.854   545   548 D dalvikvm: GC_CONCURRENT freed 423K, 14% free 10089K/11719K, paused 2ms+2ms
07-05 11:37:58.881   545  6804 I DownloadManager: Initiating request for download 763
07-05 11:37:58.987   545   548 D dalvikvm: GC_CONCURRENT freed 212K, 13% free 10311K/11719K, paused 2ms+3ms
07-05 11:37:59.201   545   548 D dalvikvm: GC_CONCURRENT freed 589K, 14% free 10116K/11719K, paused 2ms+2ms
07-05 11:37:59.393   545   548 D dalvikvm: GC_CONCURRENT freed 414K, 14% free 10092K/11719K, paused 2ms+2ms
07-05 11:37:59.463   545  6807 I DownloadManager: Initiating request for download 764
07-05 11:37:59.592   545   548 D dalvikvm: GC_CONCURRENT freed 213K, 12% free 10316K/11719K, paused 2ms+4ms
07-05 11:37:59.803  1370  6809 E DictionaryProvider:UpdateHandler: Can't read a file : android.util.MalformedJsonException: Use JsonReader.setLenient(true) to accept malformed JSON at line 1 column 20
07-05 11:37:59.826   545   548 D dalvikvm: GC_CONCURRENT freed 595K, 14% free 10133K/11719K, paused 2ms+6ms
07-05 11:38:00.076   545   548 D dalvikvm: GC_CONCURRENT freed 428K, 14% free 10095K/11719K, paused 11ms+2ms
07-05 11:38:00.096   545  6812 I DownloadManager: Initiating request for download 764
07-05 11:38:00.201   545   548 D dalvikvm: GC_CONCURRENT freed 197K, 13% free 10310K/11719K, paused 2ms+3ms
07-05 11:38:00.412   545   548 D dalvikvm: GC_CONCURRENT freed 585K, 14% free 10112K/11719K, paused 2ms+2ms
07-05 11:38:00.615   545   548 D dalvikvm: GC_CONCURRENT freed 406K, 14% free 10092K/11719K, paused 2ms+2ms
07-05 11:38:00.686   545  6815 I DownloadManager: Initiating request for download 765
07-05 11:38:00.799   545   548 D dalvikvm: GC_CONCURRENT freed 221K, 12% free 10339K/11719K, paused 2ms+2ms
07-05 11:38:00.963  1370  6817 E DictionaryProvider:UpdateHandler: Can't read a file : android.util.MalformedJsonException: Use JsonReader.setLenient(true) to accept malformed JSON at line 1 column 20
07-05 11:38:01.053   545   548 D dalvikvm: GC_CONCURRENT freed 607K, 14% free 10121K/11719K, paused 1ms+2ms
07-05 11:38:01.244   545   548 D dalvikvm: GC_CONCURRENT freed 418K, 14% free 10092K/11719K, paused 2ms+3ms
07-05 11:38:01.272   545  6820 I DownloadManager: Initiating request for download 765
07-05 11:38:01.369   545   548 D dalvikvm: GC_CONCURRENT freed 203K, 12% free 10321K/11719K, paused 2ms+2ms
07-05 11:38:01.565   545   548 D dalvikvm: GC_CONCURRENT freed 561K, 14% free 10147K/11719K, paused 1ms+2ms
07-05 11:38:01.772   545   548 D dalvikvm: GC_CONCURRENT freed 410K, 14% free 10124K/11719K, paused 2ms+3ms
07-05 11:38:01.842   545  6820 D dalvikvm: GC_EXPLICIT freed 50K, 14% free 10103K/11719K, paused 2ms+6ms
07-05 11:38:01.873   545  6822 I DownloadManager: Initiating request for download 766
07-05 11:38:01.994   545   548 D dalvikvm: GC_CONCURRENT freed 206K, 12% free 10326K/11719K, paused 2ms+3ms
07-05 11:38:02.205   545   548 D dalvikvm: GC_CONCURRENT freed 593K, 14% free 10118K/11719K, paused 2ms+2ms
07-05 11:38:02.248  1370  6825 E DictionaryProvider:UpdateHandler: Can't read a file : android.util.MalformedJsonException: Use JsonReader.setLenient(true) to accept malformed JSON at line 1 column 20
07-05 11:38:02.279  1370  1372 D dalvikvm: GC_CONCURRENT freed 457K, 6% free 9156K/9735K, paused 1ms+3ms
07-05 11:38:02.393   993  1240 I PhoneLab-: Service Running
07-05 11:38:02.447   993  1240 I PhoneLab-LoggerService: app_49    1247  993   1956   1584  c00f181c 400107b4 S logcat
07-05 11:38:02.447   993  1240 I PhoneLab-LoggerService: Logcat pid from database 1247
07-05 11:38:02.451   993  1240 I PhoneLab-LoggerService: Logcat process found 1247
07-05 11:38:02.451   993  1240 I PhoneLab-LoggerService: Checking Threshold
07-05 11:38:02.451   993  1240 I PhoneLab-LoggerService: Starting to rename files
07-05 11:38:02.451   993  1240 I PhoneLab-LoggerService: Files found .. 4
07-05 11:38:02.455   993   995 D dalvikvm: GC_CONCURRENT freed 912K, 15% free 9153K/10695K, paused 1ms+2ms
07-05 11:38:02.533   545   548 D dalvikvm: GC_CONCURRENT freed 401K, 14% free 10106K/11719K, paused 2ms+3ms
07-05 11:38:02.569   545  6829 I DownloadManager: Initiating request for download 766
07-05 11:38:02.670   545   548 D dalvikvm: GC_CONCURRENT freed 229K, 12% free 10353K/11719K, paused 2ms+3ms
07-05 11:38:02.869   545   548 D dalvikvm: GC_CONCURRENT freed 624K, 14% free 10117K/11719K, paused 1ms+2ms
07-05 11:38:03.080   545   548 D dalvikvm: GC_CONCURRENT freed 408K, 14% free 10095K/11719K, paused 2ms+3ms
07-05 11:38:03.135   545  6832 I DownloadManager: Initiating request for download 767
07-05 11:38:03.217   156   403 D dalvikvm: GC_EXPLICIT freed 536K, 11% free 13176K/14791K, paused 4ms+6ms
07-05 11:38:03.315   545   548 D dalvikvm: GC_CONCURRENT freed 192K, 13% free 10311K/11719K, paused 2ms+3ms
07-05 11:38:03.483   545   548 D dalvikvm: GC_CONCURRENT freed 561K, 14% free 10135K/11719K, paused 2ms+3ms
07-05 11:38:03.670   545   548 D dalvikvm: GC_CONCURRENT freed 403K, 14% free 10121K/11719K, paused 2ms+2ms
07-05 11:38:04.506  1370  6835 E DictionaryProvider:UpdateHandler: Can't read a file : android.util.MalformedJsonException: Use JsonReader.setLenient(true) to accept malformed JSON at line 1 column 20
07-05 11:38:04.654   545   548 D dalvikvm: GC_CONCURRENT freed 394K, 14% free 10113K/11719K, paused 1ms+2ms
07-05 11:38:04.854   545   548 D dalvikvm: GC_CONCURRENT freed 417K, 14% free 10090K/11719K, paused 2ms+2ms
07-05 11:38:04.881   545  6838 I DownloadManager: Initiating request for download 767
07-05 11:38:04.881   545  6838 W DownloadManager: Aborting request for download 767: Trying to resume a download that can't be resumed
07-05 11:38:05.178   545   548 D dalvikvm: GC_CONCURRENT freed 372K, 14% free 10111K/11719K, paused 1ms+2ms
07-05 11:38:05.404   545  6841 I DownloadManager: Initiating request for download 768
07-05 11:38:05.408   545   548 D dalvikvm: GC_CONCURRENT freed 414K, 14% free 10113K/11719K, paused 2ms+3ms
07-05 11:38:05.514   545   548 D dalvikvm: GC_CONCURRENT freed 210K, 13% free 10307K/11719K, paused 2ms+3ms
07-05 11:38:05.666  1370  6843 E DictionaryProvider:UpdateHandler: Can't read a file : android.util.MalformedJsonException: Use JsonReader.setLenient(true) to accept malformed JSON at line 1 column 20
07-05 11:38:05.764   545   548 D dalvikvm: GC_CONCURRENT freed 583K, 14% free 10118K/11719K, paused 2ms+2ms
07-05 11:38:05.940   545   548 D dalvikvm: GC_CONCURRENT freed 420K, 14% free 10086K/11719K, paused 2ms+3ms
07-05 11:38:05.963   545  6846 I DownloadManager: Initiating request for download 768
07-05 11:38:06.069   545   548 D dalvikvm: GC_CONCURRENT freed 215K, 12% free 10313K/11719K, paused 2ms+3ms
07-05 11:38:06.252   545   548 D dalvikvm: GC_CONCURRENT freed 560K, 14% free 10146K/11719K, paused 2ms+2ms
07-05 11:38:06.436   545   548 D dalvikvm: GC_CONCURRENT freed 405K, 14% free 10126K/11719K, paused 1ms+3ms
07-05 11:38:07.463   545  6848 I DownloadManager: Initiating request for download 769
07-05 11:38:07.545   545   548 D dalvikvm: GC_CONCURRENT freed 231K, 13% free 10309K/11719K, paused 1ms+2ms
07-05 11:38:07.756   545   548 D dalvikvm: GC_CONCURRENT freed 558K, 14% free 10144K/11719K, paused 2ms+2ms
07-05 11:38:07.811  1370  6851 E DictionaryProvider:UpdateHandler: Can't read a file : android.util.MalformedJsonException: Use JsonReader.setLenient(true) to accept malformed JSON at line 1 column 20
07-05 11:38:07.998   545   548 D dalvikvm: GC_CONCURRENT freed 433K, 14% free 10100K/11719K, paused 2ms+2ms
07-05 11:38:08.045   545  6854 I DownloadManager: Initiating request for download 769
07-05 11:38:08.139   545   548 D dalvikvm: GC_CONCURRENT freed 260K, 13% free 10299K/11719K, paused 2ms+2ms
07-05 11:38:08.330   545   548 D dalvikvm: GC_CONCURRENT freed 576K, 14% free 10113K/11719K, paused 1ms+3ms
07-05 11:38:08.518   545   548 D dalvikvm: GC_CONCURRENT freed 409K, 14% free 10095K/11719K, paused 1ms+2ms
07-05 11:38:08.584   545  6857 I DownloadManager: Initiating request for download 770
07-05 11:38:08.686   545   548 D dalvikvm: GC_CONCURRENT freed 223K, 12% free 10341K/11719K, paused 2ms+2ms
07-05 11:38:08.865   545   548 D dalvikvm: GC_CONCURRENT freed 619K, 14% free 10114K/11719K, paused 1ms+2ms
07-05 11:38:08.932  1370  6859 E DictionaryProvider:UpdateHandler: Can't read a file : android.util.MalformedJsonException: Use JsonReader.setLenient(true) to accept malformed JSON at line 1 column 20
07-05 11:38:09.108   545   548 D dalvikvm: GC_CONCURRENT freed 404K, 14% free 10099K/11719K, paused 2ms+2ms
07-05 11:38:09.143   545  6862 I DownloadManager: Initiating request for download 770
07-05 11:38:09.237   545   548 D dalvikvm: GC_CONCURRENT freed 231K, 13% free 10298K/11719K, paused 2ms+3ms
07-05 11:38:09.408   545   548 D dalvikvm: GC_CONCURRENT freed 538K, 14% free 10150K/11719K, paused 2ms+2ms
07-05 11:38:09.615   545   548 D dalvikvm: GC_CONCURRENT freed 436K, 14% free 10103K/11719K, paused 2ms+3ms
07-05 11:38:09.725   545  6865 I DownloadManager: Initiating request for download 771
07-05 11:38:09.846   545   548 D dalvikvm: GC_CONCURRENT freed 241K, 12% free 10328K/11719K, paused 2ms+3ms
07-05 11:38:10.065  1370  6867 E DictionaryProvider:UpdateHandler: Can't read a file : android.util.MalformedJsonException: Use JsonReader.setLenient(true) to accept malformed JSON at line 1 column 20
07-05 11:38:10.072   545   548 D dalvikvm: GC_CONCURRENT freed 604K, 14% free 10130K/11719K, paused 2ms+3ms
07-05 11:38:10.096  1370  1372 D dalvikvm: GC_CONCURRENT freed 492K, 7% free 9137K/9735K, paused 1ms+10ms
07-05 11:38:10.178   465   467 D dalvikvm: GC_CONCURRENT freed 384K, 6% free 10038K/10631K, paused 2ms+3ms
07-05 11:38:10.338   545   548 D dalvikvm: GC_CONCURRENT freed 414K, 14% free 10109K/11719K, paused 2ms+3ms
07-05 11:38:10.385   545  6870 I DownloadManager: Initiating request for download 771
07-05 11:38:10.479   545   548 D dalvikvm: GC_CONCURRENT freed 241K, 13% free 10299K/11719K, paused 2ms+3ms
07-05 11:38:10.654   545   548 D dalvikvm: GC_CONCURRENT freed 572K, 14% free 10122K/11719K, paused 2ms+3ms
07-05 11:38:10.881   545   548 D dalvikvm: GC_CONCURRENT freed 406K, 14% free 10104K/11719K, paused 2ms+2ms
07-05 11:38:10.955   545  6873 I DownloadManager: Initiating request for download 772
07-05 11:38:11.049   545   548 D dalvikvm: GC_CONCURRENT freed 241K, 13% free 10295K/11719K, paused 2ms+3ms
07-05 11:38:11.213   545   548 D dalvikvm: GC_CONCURRENT freed 541K, 14% free 10145K/11719K, paused 2ms+2ms
07-05 11:38:11.272  1370  6875 E DictionaryProvider:UpdateHandler: Can't read a file : android.util.MalformedJsonException: Use JsonReader.setLenient(true) to accept malformed JSON at line 1 column 20
07-05 11:38:11.459   545   548 D dalvikvm: GC_CONCURRENT freed 420K, 14% free 10116K/11719K, paused 1ms+2ms
07-05 11:38:11.529   545  6878 I DownloadManager: Initiating request for download 772
07-05 11:38:11.612   545   548 D dalvikvm: GC_CONCURRENT freed 268K, 13% free 10281K/11719K, paused 1ms+2ms
07-05 11:38:11.764   545   548 D dalvikvm: GC_CONCURRENT freed 512K, 14% free 10157K/11719K, paused 2ms+3ms
07-05 11:38:11.983   545   548 D dalvikvm: GC_CONCURRENT freed 439K, 14% free 10109K/11719K, paused 2ms+3ms
07-05 11:38:12.104   545  6881 I DownloadManager: Initiating request for download 773
07-05 11:38:12.201   545   548 D dalvikvm: GC_CONCURRENT freed 266K, 13% free 10310K/11719K, paused 2ms+3ms
07-05 11:38:12.358   545   548 D dalvikvm: GC_CONCURRENT freed 543K, 14% free 10162K/11719K, paused 2ms+2ms
07-05 11:38:12.412  1370  6883 E DictionaryProvider:UpdateHandler: Can't read a file : android.util.MalformedJsonException: Use JsonReader.setLenient(true) to accept malformed JSON at line 1 column 20
07-05 11:38:12.596   545   548 D dalvikvm: GC_CONCURRENT freed 433K, 14% free 10119K/11719K, paused 2ms+3ms
07-05 11:38:12.670   545  6886 I DownloadManager: Initiating request for download 773
07-05 11:38:12.752   545   548 D dalvikvm: GC_CONCURRENT freed 274K, 13% free 10267K/11719K, paused 2ms+2ms
07-05 11:38:12.889   545   548 D dalvikvm: GC_CONCURRENT freed 502K, 14% free 10159K/11719K, paused 2ms+3ms
07-05 11:38:13.119   545   548 D dalvikvm: GC_CONCURRENT freed 434K, 14% free 10114K/11719K, paused 1ms+2ms
07-05 11:38:13.240   545  6889 I DownloadManager: Initiating request for download 774
07-05 11:38:13.322   545   548 D dalvikvm: GC_CONCURRENT freed 294K, 13% free 10265K/11719K, paused 2ms+2ms
07-05 11:38:13.455   545   548 D dalvikvm: GC_CONCURRENT freed 491K, 14% free 10163K/11719K, paused 2ms+4ms
07-05 11:38:13.545  1370  6891 E DictionaryProvider:UpdateHandler: Can't read a file : android.util.MalformedJsonException: Use JsonReader.setLenient(true) to accept malformed JSON at line 1 column 20
07-05 11:38:13.717   545   548 D dalvikvm: GC_CONCURRENT freed 431K, 14% free 10124K/11719K, paused 1ms+2ms
07-05 11:38:13.815   545  6894 I DownloadManager: Initiating request for download 774
07-05 11:38:13.889   545   548 D dalvikvm: GC_CONCURRENT freed 305K, 13% free 10245K/11719K, paused 2ms+3ms
07-05 11:38:14.006   545   548 D dalvikvm: GC_CONCURRENT freed 474K, 14% free 10166K/11719K, paused 2ms+2ms
07-05 11:38:14.237   545   548 D dalvikvm: GC_CONCURRENT freed 433K, 14% free 10119K/11719K, paused 2ms+2ms
07-05 11:38:14.381   545  6897 I DownloadManager: Initiating request for download 775
07-05 11:38:14.459   545   548 D dalvikvm: GC_CONCURRENT freed 308K, 13% free 10234K/11719K, paused 2ms+3ms
07-05 11:38:14.565   545   548 D dalvikvm: GC_CONCURRENT freed 355K, 13% free 10282K/11719K, paused 2ms+3ms
07-05 11:38:14.717  1370  6899 E DictionaryProvider:UpdateHandler: Can't read a file : android.util.MalformedJsonException: Use JsonReader.setLenient(true) to accept malformed JSON at line 1 column 20
07-05 11:38:14.748  1370  1372 D dalvikvm: GC_CONCURRENT freed 397K, 7% free 9136K/9735K, paused 2ms+2ms
07-05 11:38:14.846   545   548 D dalvikvm: GC_CONCURRENT freed 544K, 14% free 10127K/11719K, paused 2ms+2ms
07-05 11:38:15.033   156   593 D dalvikvm: GC_EXPLICIT freed 514K, 11% free 13174K/14791K, paused 3ms+6ms
07-05 11:38:15.041   545  6902 I DownloadManager: Initiating request for download 775
07-05 11:38:15.112   545   548 D dalvikvm: GC_CONCURRENT freed 339K, 13% free 10257K/11719K, paused 2ms+3ms
07-05 11:38:15.225   545   548 D dalvikvm: GC_CONCURRENT freed 387K, 13% free 10271K/11719K, paused 2ms+3ms
07-05 11:38:15.451   545   548 D dalvikvm: GC_CONCURRENT freed 551K, 14% free 10106K/11719K, paused 2ms+2ms
07-05 11:38:15.592   545  6905 I DownloadManager: Initiating request for download 776
07-05 11:38:15.654   545   548 D dalvikvm: GC_CONCURRENT freed 320K, 13% free 10202K/11719K, paused 2ms+2ms
07-05 11:38:15.768   545   548 D dalvikvm: GC_CONCURRENT freed 452K, 14% free 10153K/11719K, paused 2ms+3ms
07-05 11:38:15.920  1370  6907 E DictionaryProvider:UpdateHandler: Can't read a file : android.util.MalformedJsonException: Use JsonReader.setLenient(true) to accept malformed JSON at line 1 column 20
07-05 11:38:16.026   545   548 D dalvikvm: GC_CONCURRENT freed 424K, 14% free 10121K/11719K, paused 1ms+2ms
07-05 11:38:16.158   545  6910 I DownloadManager: Initiating request for download 776
07-05 11:38:16.201   545   548 D dalvikvm: GC_CONCURRENT freed 383K, 14% free 10130K/11719K, paused 2ms+3ms
07-05 11:38:16.307   545   548 D dalvikvm: GC_CONCURRENT freed 213K, 12% free 10322K/11719K, paused 2ms+2ms
07-05 11:38:16.506   545   548 D dalvikvm: GC_CONCURRENT freed 598K, 14% free 10113K/11719K, paused 2ms+3ms
07-05 11:38:16.694   545   548 D dalvikvm: GC_CONCURRENT freed 405K, 14% free 10093K/11719K, paused 2ms+2ms
07-05 11:38:16.772   545  6913 I DownloadManager: Initiating request for download 777
07-05 11:38:16.889   545   548 D dalvikvm: GC_CONCURRENT freed 204K, 12% free 10316K/11719K, paused 1ms+3ms
07-05 11:38:17.072   545   548 D dalvikvm: GC_CONCURRENT freed 589K, 14% free 10121K/11719K, paused 2ms+3ms
07-05 11:38:17.123  1370  6915 E DictionaryProvider:UpdateHandler: Can't read a file : android.util.MalformedJsonException: Use JsonReader.setLenient(true) to accept malformed JSON at line 1 column 20
07-05 11:38:17.315   545   548 D dalvikvm: GC_CONCURRENT freed 405K, 14% free 10107K/11719K, paused 2ms+3ms
07-05 11:38:17.358   545  6918 I DownloadManager: Initiating request for download 777
07-05 11:38:17.447   545   548 D dalvikvm: GC_CONCURRENT freed 233K, 13% free 10292K/11719K, paused 2ms+3ms
07-05 11:38:17.608   545   548 D dalvikvm: GC_CONCURRENT freed 528K, 14% free 10157K/11719K, paused 2ms+3ms
07-05 11:38:17.819   545   548 D dalvikvm: GC_CONCURRENT freed 444K, 14% free 10103K/11719K, paused 2ms+2ms
07-05 11:38:17.904   545  6921 I DownloadManager: Initiating request for download 778
07-05 11:38:17.998   545   548 D dalvikvm: GC_CONCURRENT freed 255K, 13% free 10282K/11719K, paused 2ms+2ms
07-05 11:38:18.143   545   548 D dalvikvm: GC_CONCURRENT freed 516K, 14% free 10157K/11719K, paused 2ms+3ms
07-05 11:38:18.237  1370  6923 E DictionaryProvider:UpdateHandler: Can't read a file : android.util.MalformedJsonException: Use JsonReader.setLenient(true) to accept malformed JSON at line 1 column 20
07-05 11:38:18.389   545   548 D dalvikvm: GC_CONCURRENT freed 433K, 14% free 10114K/11719K, paused 2ms+2ms
07-05 11:38:18.471   545  6926 I DownloadManager: Initiating request for download 778
07-05 11:38:18.557   545   548 D dalvikvm: GC_CONCURRENT freed 294K, 13% free 10268K/11719K, paused 2ms+3ms
07-05 11:38:18.690   545   548 D dalvikvm: GC_CONCURRENT freed 501K, 14% free 10158K/11719K, paused 2ms+3ms
07-05 11:38:18.904   545   548 D dalvikvm: GC_CONCURRENT freed 433K, 14% free 10116K/11719K, paused 2ms+2ms
07-05 11:38:19.010   545  6929 I DownloadManager: Initiating request for download 779
07-05 11:38:19.092   545   548 D dalvikvm: GC_CONCURRENT freed 283K, 13% free 10252K/11719K, paused 2ms+3ms
07-05 11:38:19.213   545   548 D dalvikvm: GC_CONCURRENT freed 477K, 14% free 10163K/11719K, paused 3ms+2ms
07-05 11:38:19.354   545   557 D dalvikvm: GC_EXPLICIT freed 165K, 14% free 10136K/11719K, paused 2ms+3ms
07-05 11:38:19.362  1370  6931 E DictionaryProvider:UpdateHandler: Can't read a file : android.util.MalformedJsonException: Use JsonReader.setLenient(true) to accept malformed JSON at line 1 column 20
07-05 11:38:19.397  1370  1372 D dalvikvm: GC_CONCURRENT freed 398K, 7% free 9130K/9735K, paused 2ms+3ms
07-05 11:38:19.592   545   548 D dalvikvm: GC_CONCURRENT freed 412K, 14% free 10111K/11719K, paused 2ms+3ms
07-05 11:38:19.654   545  6934 I DownloadManager: Initiating request for download 779
07-05 11:38:19.737   545   548 D dalvikvm: GC_CONCURRENT freed 262K, 13% free 10277K/11719K, paused 2ms+2ms
07-05 11:38:19.881   545   548 D dalvikvm: GC_CONCURRENT freed 504K, 14% free 10161K/11719K, paused 2ms+3ms
07-05 11:38:20.076   545   548 D dalvikvm: GC_CONCURRENT freed 405K, 14% free 10145K/11719K, paused 2ms+2ms
07-05 11:38:20.244   545  6937 I DownloadManager: Initiating request for download 780
07-05 11:38:20.369   545   548 D dalvikvm: GC_CONCURRENT freed 309K, 13% free 10278K/11719K, paused 2ms+11ms
07-05 11:38:20.502   545   548 D dalvikvm: GC_CONCURRENT freed 504K, 14% free 10163K/11719K, paused 2ms+2ms
07-05 11:38:20.596  1370  6939 E DictionaryProvider:UpdateHandler: Can't read a file : android.util.MalformedJsonException: Use JsonReader.setLenient(true) to accept malformed JSON at line 1 column 20
07-05 11:38:20.752   545   548 D dalvikvm: GC_CONCURRENT freed 427K, 14% free 10122K/11719K, paused 2ms+2ms
07-05 11:38:20.854   545  6942 I DownloadManager: Initiating request for download 780
07-05 11:38:20.928   545   548 D dalvikvm: GC_CONCURRENT freed 305K, 13% free 10259K/11719K, paused 2ms+3ms
07-05 11:38:21.041   545   548 D dalvikvm: GC_CONCURRENT freed 489K, 14% free 10166K/11719K, paused 1ms+2ms
07-05 11:38:21.248   545   548 D dalvikvm: GC_CONCURRENT freed 400K, 14% free 10158K/11719K, paused 2ms+3ms
07-05 11:38:22.674   545  6944 I DownloadManager: Initiating request for download 781
07-05 11:38:22.756   545   548 D dalvikvm: GC_CONCURRENT freed 334K, 13% free 10233K/11719K, paused 2ms+3ms
07-05 11:38:22.869   545   548 D dalvikvm: GC_CONCURRENT freed 458K, 14% free 10177K/11719K, paused 2ms+2ms
07-05 11:38:22.998  1370  6947 E DictionaryProvider:UpdateHandler: Can't read a file : android.util.MalformedJsonException: Use JsonReader.setLenient(true) to accept malformed JSON at line 1 column 20
07-05 11:38:23.123   545   548 D dalvikvm: GC_CONCURRENT freed 436K, 14% free 10127K/11719K, paused 2ms+3ms
07-05 11:38:23.264   545  6950 I DownloadManager: Initiating request for download 781
07-05 11:38:23.303   545   548 D dalvikvm: GC_CONCURRENT freed 379K, 14% free 10143K/11719K, paused 2ms+3ms
07-05 11:38:23.404   545   548 D dalvikvm: GC_CONCURRENT freed 209K, 12% free 10338K/11719K, paused 2ms+3ms
07-05 11:38:23.612   545   548 D dalvikvm: GC_CONCURRENT freed 600K, 14% free 10125K/11719K, paused 1ms+4ms
07-05 11:38:23.807   545   548 D dalvikvm: GC_CONCURRENT freed 408K, 14% free 10107K/11719K, paused 1ms+2ms
07-05 11:38:23.854   545  6953 I DownloadManager: Initiating request for download 782
07-05 11:38:23.963   545   548 D dalvikvm: GC_CONCURRENT freed 212K, 12% free 10331K/11719K, paused 2ms+2ms
07-05 11:38:24.131   545   548 D dalvikvm: GC_CONCURRENT freed 585K, 14% free 10133K/11719K, paused 2ms+2ms
07-05 11:38:24.334  1370  6955 E DictionaryProvider:UpdateHandler: Can't read a file : android.util.MalformedJsonException: Use JsonReader.setLenient(true) to accept malformed JSON at line 1 column 20
07-05 11:38:24.338   545   548 D dalvikvm: GC_CONCURRENT freed 409K, 14% free 10126K/11719K, paused 2ms+2ms
07-05 11:38:24.393   545  6957 I DownloadManager: Initiating request for download 782
07-05 11:38:24.467   545   548 D dalvikvm: GC_CONCURRENT freed 233K, 13% free 10312K/11719K, paused 1ms+2ms
07-05 11:38:24.678   545   548 D dalvikvm: GC_CONCURRENT freed 534K, 14% free 10169K/11719K, paused 1ms+3ms
07-05 11:38:24.885   545   548 D dalvikvm: GC_CONCURRENT freed 436K, 14% free 10119K/11719K, paused 2ms+2ms
07-05 11:38:24.994   545  6961 I DownloadManager: Initiating request for download 783
07-05 11:38:25.084   545   548 D dalvikvm: GC_CONCURRENT freed 262K, 13% free 10300K/11719K, paused 2ms+3ms
07-05 11:38:25.217   545   548 D dalvikvm: GC_CONCURRENT freed 520K, 14% free 10171K/11719K, paused 2ms+3ms
07-05 11:38:25.326  1370  6963 E DictionaryProvider:UpdateHandler: Can't read a file : android.util.MalformedJsonException: Use JsonReader.setLenient(true) to accept malformed JSON at line 1 column 20
07-05 11:38:25.362  1370  1372 D dalvikvm: GC_CONCURRENT freed 390K, 7% free 9129K/9735K, paused 2ms+2ms
07-05 11:38:25.487   545   548 D dalvikvm: GC_CONCURRENT freed 427K, 14% free 10130K/11719K, paused 2ms+2ms
07-05 11:38:25.580   545  6966 I DownloadManager: Initiating request for download 783
07-05 11:38:25.670   545   548 D dalvikvm: GC_CONCURRENT freed 306K, 13% free 10266K/11719K, paused 2ms+3ms
07-05 11:38:25.783   545   548 D dalvikvm: GC_CONCURRENT freed 481K, 14% free 10175K/11719K, paused 2ms+3ms
07-05 11:38:26.006   545   548 D dalvikvm: GC_CONCURRENT freed 436K, 14% free 10128K/11719K, paused 2ms+2ms
07-05 11:38:26.240   156   628 D dalvikvm: GC_EXPLICIT freed 521K, 11% free 13173K/14791K, paused 5ms+5ms
07-05 11:38:26.244   545  6969 I DownloadManager: Initiating request for download 784
07-05 11:38:26.322   545   548 D dalvikvm: GC_CONCURRENT freed 311K, 13% free 10282K/11719K, paused 2ms+2ms
07-05 11:38:26.432   545   548 D dalvikvm: GC_CONCURRENT freed 525K, 14% free 10161K/11719K, paused 2ms+3ms
07-05 11:38:26.584  1370  6971 E DictionaryProvider:UpdateHandler: Can't read a file : android.util.MalformedJsonException: Use JsonReader.setLenient(true) to accept malformed JSON at line 1 column 20
07-05 11:38:26.686   545   548 D dalvikvm: GC_CONCURRENT freed 425K, 14% free 10125K/11719K, paused 2ms+2ms
07-05 11:38:26.807   545  6974 I DownloadManager: Initiating request for download 784
07-05 11:38:26.877   545   548 D dalvikvm: GC_CONCURRENT freed 332K, 13% free 10222K/11719K, paused 2ms+3ms
07-05 11:38:26.963   545   548 D dalvikvm: GC_CONCURRENT freed 340K, 13% free 10281K/11719K, paused 2ms+2ms
07-05 11:38:27.186   545   548 D dalvikvm: GC_CONCURRENT freed 550K, 14% free 10116K/11719K, paused 2ms+3ms
07-05 11:38:27.350   545  6977 I DownloadManager: Initiating request for download 785
07-05 11:38:27.397   545   548 D dalvikvm: GC_CONCURRENT freed 363K, 14% free 10140K/11719K, paused 2ms+3ms
07-05 11:38:27.502   545   548 D dalvikvm: GC_CONCURRENT freed 221K, 12% free 10337K/11719K, paused 2ms+3ms
07-05 11:38:27.682  1370  6979 E DictionaryProvider:UpdateHandler: Can't read a file : android.util.MalformedJsonException: Use JsonReader.setLenient(true) to accept malformed JSON at line 1 column 20
07-05 11:38:27.740   545   548 D dalvikvm: GC_CONCURRENT freed 602K, 14% free 10134K/11719K, paused 2ms+3ms
07-05 11:38:27.928   545   548 D dalvikvm: GC_CONCURRENT freed 423K, 14% free 10102K/11719K, paused 2ms+2ms
07-05 11:38:27.955   545  6982 I DownloadManager: Initiating request for download 785
07-05 11:38:28.053   545   548 D dalvikvm: GC_CONCURRENT freed 209K, 12% free 10321K/11719K, paused 2ms+2ms
07-05 11:38:28.229   545   548 D dalvikvm: GC_CONCURRENT freed 582K, 14% free 10127K/11719K, paused 1ms+3ms
07-05 11:38:28.428   545   548 D dalvikvm: GC_CONCURRENT freed 409K, 14% free 10105K/11719K, paused 2ms+2ms
07-05 11:38:28.510   545  6985 I DownloadManager: Initiating request for download 786
07-05 11:38:28.612   545   548 D dalvikvm: GC_CONCURRENT freed 238K, 13% free 10298K/11719K, paused 2ms+3ms
07-05 11:38:28.764   545   548 D dalvikvm: GC_CONCURRENT freed 525K, 14% free 10162K/11719K, paused 2ms+3ms
07-05 11:38:28.819  1370  6987 E DictionaryProvider:UpdateHandler: Can't read a file : android.util.MalformedJsonException: Use JsonReader.setLenient(true) to accept malformed JSON at line 1 column 20
07-05 11:38:28.994   545   548 D dalvikvm: GC_CONCURRENT freed 429K, 14% free 10122K/11719K, paused 2ms+2ms
07-05 11:38:29.072   545  6990 I DownloadManager: Initiating request for download 786
07-05 11:38:29.158   545   548 D dalvikvm: GC_CONCURRENT freed 279K, 12% free 10314K/11719K, paused 2ms+2ms
07-05 11:38:29.295   545   548 D dalvikvm: GC_CONCURRENT freed 539K, 14% free 10165K/11719K, paused 2ms+2ms
07-05 11:38:29.510   545   548 D dalvikvm: GC_CONCURRENT freed 434K, 14% free 10119K/11719K, paused 1ms+2ms
07-05 11:38:29.619   545  6993 I DownloadManager: Initiating request for download 787
07-05 11:38:29.705   545   548 D dalvikvm: GC_CONCURRENT freed 282K, 13% free 10262K/11719K, paused 3ms+3ms
07-05 11:38:29.815   545   548 D dalvikvm: GC_CONCURRENT freed 486K, 14% free 10170K/11719K, paused 2ms+3ms
07-05 11:38:29.944  1370  6995 E DictionaryProvider:UpdateHandler: Can't read a file : android.util.MalformedJsonException: Use JsonReader.setLenient(true) to accept malformed JSON at line 1 column 20
07-05 11:38:29.979  1370  1372 D dalvikvm: GC_CONCURRENT freed 384K, 7% free 9133K/9735K, paused 3ms+3ms
07-05 11:38:30.026  1370  1382 D dalvikvm: GC_EXPLICIT freed 75K, 7% free 9085K/9735K, paused 1ms+3ms
07-05 11:38:30.123   545   548 D dalvikvm: GC_CONCURRENT freed 429K, 14% free 10129K/11719K, paused 2ms+2ms
07-05 11:38:30.244   545  6998 I DownloadManager: Initiating request for download 787
07-05 11:38:30.315   545   548 D dalvikvm: GC_CONCURRENT freed 329K, 13% free 10231K/11719K, paused 1ms+3ms
07-05 11:38:30.420   545   548 D dalvikvm: GC_CONCURRENT freed 352K, 13% free 10291K/11719K, paused 2ms+2ms
07-05 11:38:30.639   545   548 D dalvikvm: GC_CONCURRENT freed 555K, 14% free 10124K/11719K, paused 2ms+2ms
07-05 11:38:30.803   545  7001 I DownloadManager: Initiating request for download 788
07-05 11:38:30.862   545   548 D dalvikvm: GC_CONCURRENT freed 356K, 14% free 10176K/11719K, paused 2ms+3ms
07-05 11:38:30.967   545   548 D dalvikvm: GC_CONCURRENT freed 285K, 13% free 10304K/11719K, paused 2ms+3ms
07-05 11:38:31.123  1370  7003 E DictionaryProvider:UpdateHandler: Can't read a file : android.util.MalformedJsonException: Use JsonReader.setLenient(true) to accept malformed JSON at line 1 column 20
07-05 11:38:31.217   545   548 D dalvikvm: GC_CONCURRENT freed 554K, 14% free 10141K/11719K, paused 2ms+2ms
07-05 11:38:31.404   545   548 D dalvikvm: GC_CONCURRENT freed 421K, 14% free 10110K/11719K, paused 2ms+2ms
07-05 11:38:31.424   545  7006 I DownloadManager: Initiating request for download 788
07-05 11:38:31.522   545   548 D dalvikvm: GC_CONCURRENT freed 205K, 12% free 10335K/11719K, paused 1ms+3ms
07-05 11:38:31.709   545   548 D dalvikvm: GC_CONCURRENT freed 590K, 14% free 10136K/11719K, paused 2ms+10ms
07-05 11:38:31.893   545   548 D dalvikvm: GC_CONCURRENT freed 414K, 14% free 10112K/11719K, paused 2ms+2ms
07-05 11:38:31.963   545  7009 I DownloadManager: Initiating request for download 789
07-05 11:38:32.053   545   548 D dalvikvm: GC_CONCURRENT freed 223K, 13% free 10307K/11719K, paused 1ms+4ms
07-05 11:38:32.209   545   548 D dalvikvm: GC_CONCURRENT freed 527K, 14% free 10170K/11719K, paused 3ms+3ms
07-05 11:38:32.420   545   548 D dalvikvm: GC_CONCURRENT freed 432K, 14% free 10129K/11719K, paused 2ms+3ms
07-05 11:38:33.029  1370  7011 E DictionaryProvider:UpdateHandler: Can't read a file : android.util.MalformedJsonException: Use JsonReader.setLenient(true) to accept malformed JSON at line 1 column 20
07-05 11:38:33.131   545   548 D dalvikvm: GC_CONCURRENT freed 365K, 14% free 10147K/11719K, paused 2ms+2ms
07-05 11:38:33.319   545   548 D dalvikvm: GC_CONCURRENT freed 416K, 14% free 10121K/11719K, paused 2ms+3ms
07-05 11:38:33.576   545   548 D dalvikvm: GC_CONCURRENT freed 372K, 14% free 10135K/11719K, paused 2ms+3ms
07-05 11:38:33.768   545   548 D dalvikvm: GC_CONCURRENT freed 405K, 14% free 10117K/11719K, paused 2ms+2ms
07-05 11:38:33.877   545  7014 I DownloadManager: Initiating request for download 790
07-05 11:38:33.987   545   548 D dalvikvm: GC_CONCURRENT freed 256K, 13% free 10295K/11719K, paused 2ms+3ms
07-05 11:38:34.123   545   548 D dalvikvm: GC_CONCURRENT freed 510K, 14% free 10175K/11719K, paused 2ms+2ms
07-05 11:38:34.213  1370  7016 E DictionaryProvider:UpdateHandler: Can't read a file : android.util.MalformedJsonException: Use JsonReader.setLenient(true) to accept malformed JSON at line 1 column 20
07-05 11:38:34.373   545   548 D dalvikvm: GC_CONCURRENT freed 429K, 14% free 10133K/11719K, paused 2ms+3ms
07-05 11:38:34.467   545  7019 I DownloadManager: Initiating request for download 790
07-05 11:38:34.545   545   548 D dalvikvm: GC_CONCURRENT freed 299K, 13% free 10305K/11719K, paused 2ms+3ms
07-05 11:38:34.670   545   548 D dalvikvm: GC_CONCURRENT freed 513K, 14% free 10179K/11719K, paused 2ms+3ms
07-05 11:38:34.885   545   548 D dalvikvm: GC_CONCURRENT freed 435K, 14% free 10132K/11719K, paused 2ms+2ms
07-05 11:38:35.018   545  7022 I DownloadManager: Initiating request for download 791
07-05 11:38:35.096   545   548 D dalvikvm: GC_CONCURRENT freed 324K, 13% free 10259K/11719K, paused 2ms+3ms
07-05 11:38:35.201   545   548 D dalvikvm: GC_CONCURRENT freed 356K, 13% free 10303K/11719K, paused 2ms+2ms
07-05 11:38:35.350  1370  7024 E DictionaryProvider:UpdateHandler: Can't read a file : android.util.MalformedJsonException: Use JsonReader.setLenient(true) to accept malformed JSON at line 1 column 20
07-05 11:38:35.420  1370  1372 D dalvikvm: GC_CONCURRENT freed 346K, 7% free 9125K/9735K, paused 5ms+2ms
07-05 11:38:35.494   545   548 D dalvikvm: GC_CONCURRENT freed 549K, 14% free 10141K/11719K, paused 2ms+2ms
07-05 11:38:35.619   545  7027 I DownloadManager: Initiating request for download 791
07-05 11:38:35.674   545   548 D dalvikvm: GC_CONCURRENT freed 360K, 14% free 10185K/11719K, paused 2ms+2ms
07-05 11:38:35.776   545   548 D dalvikvm: GC_CONCURRENT freed 279K, 13% free 10307K/11719K, paused 2ms+3ms
07-05 11:38:35.975   545   548 D dalvikvm: GC_CONCURRENT freed 557K, 14% free 10140K/11719K, paused 2ms+2ms
07-05 11:38:36.158   545   548 D dalvikvm: GC_CONCURRENT freed 408K, 14% free 10119K/11719K, paused 1ms+2ms
07-05 11:38:36.209   545  7030 I DownloadManager: Initiating request for download 792
07-05 11:38:36.319   545   548 D dalvikvm: GC_CONCURRENT freed 209K, 12% free 10393K/11719K, paused 2ms+3ms
07-05 11:38:36.479  1370  7032 E DictionaryProvider:UpdateHandler: Can't read a file : android.util.MalformedJsonException: Use JsonReader.setLenient(true) to accept malformed JSON at line 1 column 20
07-05 11:38:36.584   465   467 D dalvikvm: GC_CONCURRENT freed 394K, 6% free 10040K/10631K, paused 2ms+3ms
07-05 11:38:36.600   545   548 D dalvikvm: GC_CONCURRENT freed 623K, 14% free 10156K/11719K, paused 1ms+2ms
07-05 11:38:36.787   545   548 D dalvikvm: GC_CONCURRENT freed 419K, 14% free 10125K/11719K, paused 1ms+3ms
07-05 11:38:36.893   156   156 D dalvikvm: GC_EXPLICIT freed 495K, 11% free 13171K/14791K, paused 3ms+6ms
07-05 11:38:36.901   545  7035 I DownloadManager: Initiating request for download 792
07-05 11:38:36.994   545   548 D dalvikvm: GC_CONCURRENT freed 226K, 12% free 10324K/11719K, paused 2ms+2ms
07-05 11:38:37.147   545   548 D dalvikvm: GC_CONCURRENT freed 547K, 14% free 10169K/11719K, paused 2ms+2ms
07-05 11:38:37.342   545   548 D dalvikvm: GC_CONCURRENT freed 438K, 14% free 10117K/11719K, paused 1ms+3ms
07-05 11:38:38.299   545  7038 D dalvikvm: GC_EXPLICIT freed 173K, 14% free 10138K/11719K, paused 2ms+8ms
07-05 11:38:38.303   545  7038 I DownloadManager: Initiating request for download 793
07-05 11:38:38.404   545   548 D dalvikvm: GC_CONCURRENT freed 254K, 12% free 10338K/11719K, paused 2ms+3ms
07-05 11:38:38.600   545   548 D dalvikvm: GC_CONCURRENT freed 596K, 14% free 10129K/11719K, paused 1ms+2ms
07-05 11:38:38.635  1370  7040 E DictionaryProvider:UpdateHandler: Can't read a file : android.util.MalformedJsonException: Use JsonReader.setLenient(true) to accept malformed JSON at line 1 column 20
07-05 11:38:38.838   545   548 D dalvikvm: GC_CONCURRENT freed 401K, 14% free 10118K/11719K, paused 2ms+2ms
07-05 11:38:38.865   545  7043 I DownloadManager: Initiating request for download 793
07-05 11:38:38.963   545   548 D dalvikvm: GC_CONCURRENT freed 223K, 12% free 10327K/11719K, paused 2ms+2ms
07-05 11:38:39.135   545   548 D dalvikvm: GC_CONCURRENT freed 555K, 14% free 10164K/11719K, paused 2ms+3ms
07-05 11:38:39.342   545   548 D dalvikvm: GC_CONCURRENT freed 433K, 14% free 10118K/11719K, paused 2ms+3ms
07-05 11:38:39.440   545  7046 I DownloadManager: Initiating request for download 794
07-05 11:38:39.537   545   548 D dalvikvm: GC_CONCURRENT freed 244K, 13% free 10298K/11719K, paused 2ms+3ms
07-05 11:38:39.682   545   548 D dalvikvm: GC_CONCURRENT freed 522K, 14% free 10169K/11719K, paused 2ms+2ms
07-05 11:38:39.776  1370  7048 E DictionaryProvider:UpdateHandler: Can't read a file : android.util.MalformedJsonException: Use JsonReader.setLenient(true) to accept malformed JSON at line 1 column 20
07-05 11:38:39.936   545   548 D dalvikvm: GC_CONCURRENT freed 428K, 14% free 10129K/11719K, paused 2ms+2ms
07-05 11:38:40.026   545  7051 I DownloadManager: Initiating request for download 794
07-05 11:38:40.100   545   548 D dalvikvm: GC_CONCURRENT freed 300K, 13% free 10262K/11719K, paused 2ms+3ms
07-05 11:38:40.209   545   548 D dalvikvm: GC_CONCURRENT freed 485K, 14% free 10174K/11719K, paused 1ms+2ms
07-05 11:38:40.436   545   548 D dalvikvm: GC_CONCURRENT freed 433K, 14% free 10128K/11719K, paused 2ms+2ms
07-05 11:38:40.580   545  7054 I DownloadManager: Initiating request for download 795
07-05 11:38:40.647   545   548 D dalvikvm: GC_CONCURRENT freed 319K, 13% free 10231K/11719K, paused 2ms+3ms
07-05 11:38:40.740   545   548 D dalvikvm: GC_CONCURRENT freed 328K, 13% free 10301K/11719K, paused 2ms+2ms
07-05 11:38:40.959  1370  7056 E DictionaryProvider:UpdateHandler: Can't read a file : android.util.MalformedJsonException: Use JsonReader.setLenient(true) to accept malformed JSON at line 1 column 20
07-05 11:38:40.983   545   548 D dalvikvm: GC_CONCURRENT freed 560K, 14% free 10150K/11719K, paused 2ms+2ms
07-05 11:38:41.041  1370  1372 D dalvikvm: GC_CONCURRENT freed 389K, 7% free 9127K/9735K, paused 2ms+2ms
07-05 11:38:41.182   545  7059 I DownloadManager: Initiating request for download 795
07-05 11:38:41.221   545   548 D dalvikvm: GC_CONCURRENT freed 411K, 14% free 10151K/11719K, paused 2ms+3ms
07-05 11:38:41.330   545   548 D dalvikvm: GC_CONCURRENT freed 220K, 12% free 10367K/11719K, paused 2ms+3ms
07-05 11:38:41.533   545   548 D dalvikvm: GC_CONCURRENT freed 623K, 14% free 10134K/11719K, paused 1ms+2ms
07-05 11:38:41.725   545   548 D dalvikvm: GC_CONCURRENT freed 406K, 14% free 10116K/11719K, paused 1ms+2ms
07-05 11:38:41.803   545  7062 I DownloadManager: Initiating request for download 796
07-05 11:38:41.932   545   548 D dalvikvm: GC_CONCURRENT freed 198K, 12% free 10330K/11719K, paused 2ms+3ms
07-05 11:38:42.096   545   548 D dalvikvm: GC_CONCURRENT freed 543K, 14% free 10178K/11719K, paused 2ms+2ms
07-05 11:38:42.166  1370  7064 E DictionaryProvider:UpdateHandler: Can't read a file : android.util.MalformedJsonException: Use JsonReader.setLenient(true) to accept malformed JSON at line 1 column 20
07-05 11:38:42.346   545   548 D dalvikvm: GC_CONCURRENT freed 432K, 14% free 10135K/11719K, paused 2ms+2ms
07-05 11:38:42.424   545  7067 I DownloadManager: Initiating request for download 796
07-05 11:38:42.506   545   548 D dalvikvm: GC_CONCURRENT freed 276K, 13% free 10291K/11719K, paused 1ms+3ms
07-05 11:38:42.635   545   548 D dalvikvm: GC_CONCURRENT freed 501K, 14% free 10179K/11719K, paused 1ms+2ms
07-05 11:38:42.854   545   548 D dalvikvm: GC_CONCURRENT freed 439K, 14% free 10130K/11719K, paused 1ms+2ms
07-05 11:38:42.979   545  7070 I DownloadManager: Initiating request for download 797
07-05 11:38:43.061   545   548 D dalvikvm: GC_CONCURRENT freed 320K, 13% free 10281K/11719K, paused 2ms+2ms
07-05 11:38:43.178   545   548 D dalvikvm: GC_CONCURRENT freed 492K, 14% free 10188K/11719K, paused 2ms+3ms
07-05 11:38:43.283  1370  7072 E DictionaryProvider:UpdateHandler: Can't read a file : android.util.MalformedJsonException: Use JsonReader.setLenient(true) to accept malformed JSON at line 1 column 20
07-05 11:38:43.373   465  7073 D dalvikvm: GC_EXPLICIT freed 277K, 8% free 9842K/10631K, paused 2ms+2ms
07-05 11:38:43.483   545   548 D dalvikvm: GC_CONCURRENT freed 434K, 14% free 10145K/11719K, paused 2ms+3ms
07-05 11:38:43.600   545  7075 I DownloadManager: Initiating request for download 797
07-05 11:38:43.670   545   548 D dalvikvm: GC_CONCURRENT freed 336K, 13% free 10241K/11719K, paused 2ms+2ms
07-05 11:38:43.772   545   548 D dalvikvm: GC_CONCURRENT freed 330K, 12% free 10318K/11719K, paused 2ms+2ms
07-05 11:38:43.994   545   548 D dalvikvm: GC_CONCURRENT freed 565K, 14% free 10140K/11719K, paused 2ms+3ms
07-05 11:38:44.209   545  7078 I DownloadManager: Initiating request for download 798
07-05 11:38:44.268   545   548 D dalvikvm: GC_CONCURRENT freed 398K, 14% free 10158K/11719K, paused 1ms+3ms
07-05 11:38:44.365   545   548 D dalvikvm: GC_CONCURRENT freed 218K, 12% free 10364K/11719K, paused 2ms+3ms
07-05 11:38:44.529  1370  7080 E DictionaryProvider:UpdateHandler: Can't read a file : android.util.MalformedJsonException: Use JsonReader.setLenient(true) to accept malformed JSON at line 1 column 20
07-05 11:38:44.604   545   548 D dalvikvm: GC_CONCURRENT freed 605K, 14% free 10151K/11719K, paused 2ms+3ms
07-05 11:38:44.795   545   548 D dalvikvm: GC_CONCURRENT freed 416K, 14% free 10124K/11719K, paused 2ms+2ms
07-05 11:38:44.834   545  7083 I DownloadManager: Initiating request for download 798
07-05 11:38:44.928   545   548 D dalvikvm: GC_CONCURRENT freed 225K, 12% free 10331K/11719K, paused 2ms+3ms
07-05 11:38:45.088   545   548 D dalvikvm: GC_CONCURRENT freed 539K, 14% free 10181K/11719K, paused 2ms+2ms
07-05 11:38:45.299   545   548 D dalvikvm: GC_CONCURRENT freed 440K, 14% free 10132K/11719K, paused 1ms+2ms
07-05 11:38:45.397   545  7086 I DownloadManager: Initiating request for download 799
07-05 11:38:45.487   545   548 D dalvikvm: GC_CONCURRENT freed 255K, 13% free 10294K/11719K, paused 2ms+2ms
07-05 11:38:45.592   545   548 D dalvikvm: GC_CONCURRENT freed 493K, 14% free 10187K/11719K, paused 2ms+3ms
07-05 11:38:45.678  1370  7088 E DictionaryProvider:UpdateHandler: Can't read a file : android.util.MalformedJsonException: Use JsonReader.setLenient(true) to accept malformed JSON at line 1 column 20
07-05 11:38:45.826   545   548 D dalvikvm: GC_CONCURRENT freed 422K, 14% free 10150K/11719K, paused 2ms+3ms
07-05 11:38:45.944   545  7090 I DownloadManager: Initiating request for download 799
07-05 11:38:46.002   545   548 D dalvikvm: GC_CONCURRENT freed 320K, 13% free 10232K/11719K, paused 2ms+3ms
07-05 11:38:46.080   545   548 D dalvikvm: GC_CONCURRENT freed 301K, 12% free 10316K/11719K, paused 2ms+2ms
07-05 11:38:47.279  1370  1372 D dalvikvm: GC_CONCURRENT freed 392K, 7% free 9126K/9735K, paused 1ms+2ms
07-05 11:38:47.514   545   548 D dalvikvm: GC_CONCURRENT freed 558K, 14% free 10145K/11719K, paused 2ms+2ms
07-05 11:38:47.701   545   548 D dalvikvm: GC_CONCURRENT freed 405K, 14% free 10126K/11719K, paused 2ms+2ms
07-05 11:38:47.752   545  7094 I DownloadManager: Initiating request for download 800
07-05 11:38:47.858   545   548 D dalvikvm: GC_CONCURRENT freed 201K, 12% free 10347K/11719K, paused 2ms+2ms
07-05 11:38:48.026   545   548 D dalvikvm: GC_CONCURRENT freed 552K, 14% free 10190K/11719K, paused 2ms+3ms
07-05 11:38:48.084  1370  7096 E DictionaryProvider:UpdateHandler: Can't read a file : android.util.MalformedJsonException: Use JsonReader.setLenient(true) to accept malformed JSON at line 1 column 20
07-05 11:38:48.276   545   548 D dalvikvm: GC_CONCURRENT freed 436K, 14% free 10141K/11719K, paused 2ms+3ms
07-05 11:38:48.346   545  7099 I DownloadManager: Initiating request for download 800
07-05 11:38:48.428   545   548 D dalvikvm: GC_CONCURRENT freed 258K, 13% free 10297K/11719K, paused 2ms+3ms
07-05 11:38:48.553   545   548 D dalvikvm: GC_CONCURRENT freed 494K, 14% free 10194K/11719K, paused 2ms+3ms
07-05 11:38:48.776   545   548 D dalvikvm: GC_CONCURRENT freed 437K, 14% free 10145K/11719K, paused 2ms+3ms
07-05 11:38:48.990   156   576 D dalvikvm: GC_EXPLICIT freed 508K, 11% free 13171K/14791K, paused 2ms+7ms
07-05 11:38:48.998   545  7102 I DownloadManager: Initiating request for download 801
07-05 11:38:49.069   545   548 D dalvikvm: GC_CONCURRENT freed 307K, 13% free 10260K/11719K, paused 2ms+3ms
07-05 11:38:49.154   545   548 D dalvikvm: GC_CONCURRENT freed 355K, 13% free 10305K/11719K, paused 2ms+2ms
07-05 11:38:49.307  1370  7104 E DictionaryProvider:UpdateHandler: Can't read a file : android.util.MalformedJsonException: Use JsonReader.setLenient(true) to accept malformed JSON at line 1 column 20
07-05 11:38:49.404   545   548 D dalvikvm: GC_CONCURRENT freed 552K, 14% free 10139K/11719K, paused 2ms+3ms
07-05 11:38:49.576   545  7107 I DownloadManager: Initiating request for download 801
07-05 11:38:49.608   545   548 D dalvikvm: GC_CONCURRENT freed 411K, 14% free 10143K/11719K, paused 2ms+3ms
07-05 11:38:49.721   545   548 D dalvikvm: GC_CONCURRENT freed 210K, 12% free 10371K/11719K, paused 2ms+2ms
07-05 11:38:49.928   545   548 D dalvikvm: GC_CONCURRENT freed 626K, 14% free 10136K/11719K, paused 2ms+2ms
07-05 11:38:50.123   545   548 D dalvikvm: GC_CONCURRENT freed 404K, 14% free 10119K/11719K, paused 2ms+2ms
07-05 11:38:50.182   545  7110 I DownloadManager: Initiating request for download 802
07-05 11:38:50.287   545   548 D dalvikvm: GC_CONCURRENT freed 218K, 12% free 10379K/11719K, paused 2ms+3ms
07-05 11:38:50.475   545   548 D dalvikvm: GC_CONCURRENT freed 624K, 14% free 10142K/11719K, paused 2ms+3ms
07-05 11:38:50.627  1370  7112 E DictionaryProvider:UpdateHandler: Can't read a file : android.util.MalformedJsonException: Use JsonReader.setLenient(true) to accept malformed JSON at line 1 column 20
07-05 11:38:50.690   545   548 D dalvikvm: GC_CONCURRENT freed 401K, 14% free 10131K/11719K, paused 1ms+2ms
07-05 11:38:50.748   545  7114 I DownloadManager: Initiating request for download 802
07-05 11:38:50.822   545   548 D dalvikvm: GC_CONCURRENT freed 230K, 13% free 10291K/11719K, paused 2ms+3ms
07-05 11:38:51.315   545   548 D dalvikvm: GC_CONCURRENT freed 499K, 14% free 10183K/11719K, paused 2ms+3ms
07-05 11:38:51.541   545   548 D dalvikvm: GC_CONCURRENT freed 442K, 14% free 10132K/11719K, paused 1ms+2ms
07-05 11:38:51.682   545  7118 I DownloadManager: Initiating request for download 803
07-05 11:38:51.760   545   548 D dalvikvm: GC_CONCURRENT freed 301K, 13% free 10247K/11719K, paused 2ms+3ms
07-05 11:38:51.865   545   548 D dalvikvm: GC_CONCURRENT freed 336K, 13% free 10312K/11719K, paused 2ms+2ms
07-05 11:38:52.014  1370  7120 E DictionaryProvider:UpdateHandler: Can't read a file : android.util.MalformedJsonException: Use JsonReader.setLenient(true) to accept malformed JSON at line 1 column 20
07-05 11:38:52.115  1370  1372 D dalvikvm: GC_CONCURRENT freed 391K, 7% free 9125K/9735K, paused 2ms+5ms
07-05 11:38:52.139   545   548 D dalvikvm: GC_CONCURRENT freed 553K, 14% free 10149K/11719K, paused 2ms+3ms
07-05 11:38:52.315   545   548 D dalvikvm: GC_CONCURRENT freed 412K, 14% free 10122K/11719K, paused 2ms+2ms
07-05 11:38:52.330   545  7123 I DownloadManager: Initiating request for download 803
07-05 11:38:52.436   545   548 D dalvikvm: GC_CONCURRENT freed 199K, 12% free 10393K/11719K, paused 2ms+2ms
07-05 11:38:52.651   545   548 D dalvikvm: GC_CONCURRENT freed 639K, 14% free 10143K/11719K, paused 2ms+2ms
07-05 11:38:52.826   545   548 D dalvikvm: GC_CONCURRENT freed 410K, 14% free 10122K/11719K, paused 2ms+2ms
07-05 11:38:52.897   545  7126 I DownloadManager: Initiating request for download 804
07-05 11:38:52.998   545   548 D dalvikvm: GC_CONCURRENT freed 219K, 12% free 10379K/11719K, paused 2ms+3ms
07-05 11:38:53.178   545   548 D dalvikvm: GC_CONCURRENT freed 626K, 14% free 10147K/11719K, paused 1ms+4ms
07-05 11:38:53.237  1370  7128 E DictionaryProvider:UpdateHandler: Can't read a file : android.util.MalformedJsonException: Use JsonReader.setLenient(true) to accept malformed JSON at line 1 column 20
07-05 11:38:53.428   545   548 D dalvikvm: GC_CONCURRENT freed 399K, 14% free 10136K/11719K, paused 2ms+2ms
07-05 11:38:53.502   545  7131 I DownloadManager: Initiating request for download 804
07-05 11:38:53.588   545   548 D dalvikvm: GC_CONCURRENT freed 249K, 12% free 10348K/11719K, paused 2ms+2ms
07-05 11:38:53.721   545   548 D dalvikvm: GC_CONCURRENT freed 555K, 14% free 10189K/11719K, paused 2ms+2ms
07-05 11:38:53.940   545   548 D dalvikvm: GC_CONCURRENT freed 442K, 14% free 10138K/11719K, paused 2ms+3ms
07-05 11:38:54.049   545  7134 I DownloadManager: Initiating request for download 805
07-05 11:38:54.127   545   548 D dalvikvm: GC_CONCURRENT freed 288K, 13% free 10285K/11719K, paused 2ms+3ms
07-05 11:38:54.237   545   548 D dalvikvm: GC_CONCURRENT freed 500K, 14% free 10190K/11719K, paused 2ms+2ms
07-05 11:38:54.447   545   548 D dalvikvm: GC_CONCURRENT freed 433K, 14% free 10144K/11719K, paused 2ms+2ms
07-05 11:38:54.541  1370  7136 E DictionaryProvider:UpdateHandler: Can't read a file : android.util.MalformedJsonException: Use JsonReader.setLenient(true) to accept malformed JSON at line 1 column 20
07-05 11:38:54.600   545  7138 I DownloadManager: Initiating request for download 805
07-05 11:38:54.651   545   548 D dalvikvm: GC_CONCURRENT freed 332K, 13% free 10197K/11719K, paused 2ms+3ms
07-05 11:38:54.760   545   548 D dalvikvm: GC_CONCURRENT freed 236K, 12% free 10374K/11719K, paused 2ms+2ms
07-05 11:38:54.994   545   548 D dalvikvm: GC_CONCURRENT freed 616K, 14% free 10151K/11719K, paused 1ms+2ms
07-05 11:38:55.182   545   548 D dalvikvm: GC_CONCURRENT freed 413K, 14% free 10129K/11719K, paused 2ms+3ms
07-05 11:38:55.244   545  7142 I DownloadManager: Initiating request for download 806
07-05 11:38:55.342   545   548 D dalvikvm: GC_CONCURRENT freed 205K, 12% free 10338K/11719K, paused 2ms+3ms
07-05 11:38:55.498   545   548 D dalvikvm: GC_CONCURRENT freed 543K, 14% free 10187K/11719K, paused 1ms+3ms
07-05 11:38:55.600   545   633 D dalvikvm: GC_EXPLICIT freed 83K, 14% free 10157K/11719K, paused 2ms+4ms
07-05 11:38:55.612  1370  7144 E DictionaryProvider:UpdateHandler: Can't read a file : android.util.MalformedJsonException: Use JsonReader.setLenient(true) to accept malformed JSON at line 1 column 20
07-05 11:38:55.819   545   548 D dalvikvm: GC_CONCURRENT freed 407K, 14% free 10144K/11719K, paused 2ms+2ms
07-05 11:38:55.885   545  7147 I DownloadManager: Initiating request for download 806
07-05 11:38:55.971   545   548 D dalvikvm: GC_CONCURRENT freed 266K, 12% free 10314K/11719K, paused 2ms+3ms
07-05 11:38:56.096   545   548 D dalvikvm: GC_CONCURRENT freed 509K, 14% free 10192K/11719K, paused 2ms+2ms
07-05 11:38:56.299   545   548 D dalvikvm: GC_CONCURRENT freed 436K, 14% free 10146K/11719K, paused 2ms+3ms
07-05 11:38:56.549   545  7150 I DownloadManager: Initiating request for download 807
07-05 11:38:56.651   545   548 D dalvikvm: GC_CONCURRENT freed 296K, 13% free 10270K/11719K, paused 2ms+3ms
07-05 11:38:56.764   545   548 D dalvikvm: GC_CONCURRENT freed 348K, 12% free 10335K/11719K, paused 2ms+2ms
07-05 11:38:56.936  1370  7152 E DictionaryProvider:UpdateHandler: Can't read a file : android.util.MalformedJsonException: Use JsonReader.setLenient(true) to accept malformed JSON at line 1 column 20
07-05 11:38:57.029   545   548 D dalvikvm: GC_CONCURRENT freed 560K, 14% free 10165K/11719K, paused 3ms+3ms
07-05 11:38:57.049  1370  1372 D dalvikvm: GC_CONCURRENT freed 391K, 7% free 9125K/9735K, paused 1ms+4ms
07-05 11:38:57.205   545  7155 I DownloadManager: Initiating request for download 807
07-05 11:38:57.240   545   548 D dalvikvm: GC_CONCURRENT freed 405K, 14% free 10169K/11719K, paused 2ms+4ms
07-05 11:38:57.354   545   548 D dalvikvm: GC_CONCURRENT freed 217K, 12% free 10378K/11719K, paused 2ms+2ms
07-05 11:38:57.557   545   548 D dalvikvm: GC_CONCURRENT freed 613K, 14% free 10154K/11719K, paused 1ms+3ms
07-05 11:38:57.744   545   548 D dalvikvm: GC_CONCURRENT freed 405K, 14% free 10136K/11719K, paused 2ms+2ms
07-05 11:38:57.811   545  7158 I DownloadManager: Initiating request for download 808
07-05 11:38:57.916   545   548 D dalvikvm: GC_CONCURRENT freed 214K, 12% free 10349K/11719K, paused 2ms+3ms
07-05 11:38:58.069   545   548 D dalvikvm: GC_CONCURRENT freed 548K, 13% free 10197K/11719K, paused 2ms+3ms
07-05 11:38:58.154  1370  7160 E DictionaryProvider:UpdateHandler: Can't read a file : android.util.MalformedJsonException: Use JsonReader.setLenient(true) to accept malformed JSON at line 1 column 20
07-05 11:38:58.326   545   548 D dalvikvm: GC_CONCURRENT freed 432K, 14% free 10153K/11719K, paused 1ms+2ms
07-05 11:38:58.416   545  7163 I DownloadManager: Initiating request for download 808
07-05 11:38:58.498   545   548 D dalvikvm: GC_CONCURRENT freed 290K, 12% free 10336K/11719K, paused 2ms+3ms
07-05 11:38:58.615   545   548 D dalvikvm: GC_CONCURRENT freed 527K, 13% free 10200K/11719K, paused 2ms+2ms
07-05 11:38:58.846   545   548 D dalvikvm: GC_CONCURRENT freed 436K, 14% free 10157K/11719K, paused 2ms+2ms
07-05 11:38:58.979   545  7166 I DownloadManager: Initiating request for download 809
07-05 11:38:59.053   545   548 D dalvikvm: GC_CONCURRENT freed 320K, 13% free 10312K/11719K, paused 2ms+3ms
07-05 11:38:59.158   545   548 D dalvikvm: GC_CONCURRENT freed 385K, 12% free 10330K/11719K, paused 2ms+3ms
07-05 11:38:59.365   156   594 D dalvikvm: GC_EXPLICIT freed 500K, 11% free 13171K/14791K, paused 3ms+6ms
07-05 11:38:59.373  1370  7168 E DictionaryProvider:UpdateHandler: Can't read a file : android.util.MalformedJsonException: Use JsonReader.setLenient(true) to accept malformed JSON at line 1 column 20
07-05 11:38:59.487   545   548 D dalvikvm: GC_CONCURRENT freed 552K, 14% free 10165K/11719K, paused 2ms+2ms
07-05 11:38:59.643   545  7171 I DownloadManager: Initiating request for download 809
07-05 11:38:59.678   545   548 D dalvikvm: GC_CONCURRENT freed 406K, 14% free 10163K/11719K, paused 2ms+3ms
07-05 11:38:59.787   545   548 D dalvikvm: GC_CONCURRENT freed 230K, 12% free 10373K/11719K, paused 1ms+2ms
07-05 11:38:59.967   545   548 D dalvikvm: GC_CONCURRENT freed 618K, 14% free 10144K/11719K, paused 2ms+2ms
07-05 11:39:00.190   545   548 D dalvikvm: GC_CONCURRENT freed 405K, 14% free 10126K/11719K, paused 2ms+2ms
07-05 11:39:01.393   545  7174 I DownloadManager: Initiating request for download 810
07-05 11:39:01.498   545   548 D dalvikvm: GC_CONCURRENT freed 213K, 12% free 10369K/11719K, paused 2ms+3ms
07-05 11:39:01.658   545   548 D dalvikvm: GC_CONCURRENT freed 582K, 14% free 10181K/11719K, paused 2ms+3ms
07-05 11:39:01.748  1370  7176 E DictionaryProvider:UpdateHandler: Can't read a file : android.util.MalformedJsonException: Use JsonReader.setLenient(true) to accept malformed JSON at line 1 column 20
07-05 11:39:01.897   545   548 D dalvikvm: GC_CONCURRENT freed 429K, 14% free 10146K/11719K, paused 2ms+2ms
07-05 11:39:01.971   545  7179 I DownloadManager: Initiating request for download 810
07-05 11:39:02.057   545   548 D dalvikvm: GC_CONCURRENT freed 280K, 13% free 10304K/11719K, paused 1ms+4ms
07-05 11:39:02.174   545   548 D dalvikvm: GC_CONCURRENT freed 507K, 14% free 10188K/11719K, paused 2ms+2ms
07-05 11:39:02.397   545   548 D dalvikvm: GC_CONCURRENT freed 434K, 14% free 10142K/11719K, paused 2ms+2ms
07-05 11:39:02.565   545  7182 I DownloadManager: Initiating request for download 811
07-05 11:39:02.639   545   548 D dalvikvm: GC_CONCURRENT freed 313K, 13% free 10251K/11719K, paused 2ms+3ms
07-05 11:39:02.729   545   548 D dalvikvm: GC_CONCURRENT freed 334K, 12% free 10321K/11719K, paused 2ms+2ms
07-05 11:39:02.951   545   548 D dalvikvm: GC_CONCURRENT freed 563K, 14% free 10159K/11719K, paused 2ms+2ms
07-05 11:39:02.959  1370  7184 E DictionaryProvider:UpdateHandler: Can't read a file : android.util.MalformedJsonException: Use JsonReader.setLenient(true) to accept malformed JSON at line 1 column 20
07-05 11:39:03.049  1370  1372 D dalvikvm: GC_CONCURRENT freed 388K, 7% free 9127K/9735K, paused 2ms+2ms
07-05 11:39:03.186   545   548 D dalvikvm: GC_CONCURRENT freed 410K, 14% free 10136K/11719K, paused 2ms+3ms
07-05 11:39:03.209   545  7187 I DownloadManager: Initiating request for download 811
07-05 11:39:03.307   545   548 D dalvikvm: GC_CONCURRENT freed 196K, 12% free 10391K/11719K, paused 2ms+2ms
07-05 11:39:03.487   545   548 D dalvikvm: GC_CONCURRENT freed 630K, 14% free 10154K/11719K, paused 2ms+3ms
07-05 11:39:03.701   545   548 D dalvikvm: GC_CONCURRENT freed 405K, 14% free 10136K/11719K, paused 1ms+3ms
07-05 11:39:03.799   545  7190 I DownloadManager: Initiating request for download 812
07-05 11:39:03.897   545   548 D dalvikvm: GC_CONCURRENT freed 237K, 13% free 10312K/11719K, paused 2ms+2ms
07-05 11:39:04.029   545   548 D dalvikvm: GC_CONCURRENT freed 514K, 14% free 10192K/11719K, paused 2ms+2ms
07-05 11:39:04.108  1370  7192 E DictionaryProvider:UpdateHandler: Can't read a file : android.util.MalformedJsonException: Use JsonReader.setLenient(true) to accept malformed JSON at line 1 column 20
07-05 11:39:04.279   545   548 D dalvikvm: GC_CONCURRENT freed 427K, 14% free 10151K/11719K, paused 2ms+2ms
07-05 11:39:04.393   545  7195 I DownloadManager: Initiating request for download 812
07-05 11:39:04.467   545   548 D dalvikvm: GC_CONCURRENT freed 319K, 13% free 10259K/11719K, paused 2ms+3ms
07-05 11:39:04.565   545   548 D dalvikvm: GC_CONCURRENT freed 331K, 12% free 10341K/11719K, paused 2ms+3ms
07-05 11:39:04.791   545   548 D dalvikvm: GC_CONCURRENT freed 578K, 14% free 10149K/11719K, paused 2ms+2ms
07-05 11:39:04.971   545   548 D dalvikvm: GC_CONCURRENT freed 394K, 14% free 10144K/11719K, paused 2ms+2ms
07-05 11:39:05.018   545  7198 I DownloadManager: Initiating request for download 813
07-05 11:39:05.131   545   548 D dalvikvm: GC_CONCURRENT freed 197K, 12% free 10409K/11719K, paused 3ms+3ms
07-05 11:39:05.299   545   548 D dalvikvm: GC_CONCURRENT freed 613K, 14% free 10187K/11719K, paused 1ms+2ms
07-05 11:39:05.350  1370  7200 E DictionaryProvider:UpdateHandler: Can't read a file : android.util.MalformedJsonException: Use JsonReader.setLenient(true) to accept malformed JSON at line 1 column 20
07-05 11:39:05.541   545   548 D dalvikvm: GC_CONCURRENT freed 423K, 14% free 10151K/11719K, paused 2ms+2ms
07-05 11:39:05.608   545  7203 I DownloadManager: Initiating request for download 813
07-05 11:39:05.697   545   548 D dalvikvm: GC_CONCURRENT freed 256K, 12% free 10340K/11719K, paused 2ms+3ms
07-05 11:39:05.826   545   548 D dalvikvm: GC_CONCURRENT freed 535K, 13% free 10197K/11719K, paused 2ms+2ms
07-05 11:39:06.041   545   548 D dalvikvm: GC_CONCURRENT freed 434K, 14% free 10151K/11719K, paused 2ms+2ms
07-05 11:39:06.170   545  7206 I DownloadManager: Initiating request for download 814
07-05 11:39:06.252   545   548 D dalvikvm: GC_CONCURRENT freed 289K, 13% free 10285K/11719K, paused 2ms+2ms
07-05 11:39:06.362   545   548 D dalvikvm: GC_CONCURRENT freed 353K, 12% free 10335K/11719K, paused 2ms+2ms
07-05 11:39:06.506  1370  7209 E DictionaryProvider:UpdateHandler: Can't read a file : android.util.MalformedJsonException: Use JsonReader.setLenient(true) to accept malformed JSON at line 1 column 20
07-05 11:39:06.623   545   548 D dalvikvm: GC_CONCURRENT freed 557K, 14% free 10167K/11719K, paused 2ms+2ms
07-05 11:39:06.807   545  7212 I DownloadManager: Initiating request for download 814
07-05 11:39:06.826   545   548 D dalvikvm: GC_CONCURRENT freed 406K, 14% free 10171K/11719K, paused 1ms+3ms
07-05 11:39:06.940   545   548 D dalvikvm: GC_CONCURRENT freed 221K, 12% free 10388K/11719K, paused 2ms+3ms
07-05 11:39:07.143   545   548 D dalvikvm: GC_CONCURRENT freed 614K, 14% free 10162K/11719K, paused 2ms+4ms
07-05 11:39:07.338   545   548 D dalvikvm: GC_CONCURRENT freed 407K, 14% free 10143K/11719K, paused 2ms+3ms
07-05 11:39:07.420   545  7215 I DownloadManager: Initiating request for download 815
07-05 11:39:07.522   545   548 D dalvikvm: GC_CONCURRENT freed 229K, 12% free 10353K/11719K, paused 3ms+2ms
07-05 11:39:07.674   545   548 D dalvikvm: GC_CONCURRENT freed 541K, 13% free 10201K/11719K, paused 2ms+2ms
07-05 11:39:07.740  1370  7217 E DictionaryProvider:UpdateHandler: Can't read a file : android.util.MalformedJsonException: Use JsonReader.setLenient(true) to accept malformed JSON at line 1 column 20
07-05 11:39:07.811  1370  1372 D dalvikvm: GC_CONCURRENT freed 391K, 7% free 9127K/9735K, paused 1ms+3ms
07-05 11:39:07.967   545   548 D dalvikvm: GC_CONCURRENT freed 426K, 14% free 10167K/11719K, paused 2ms+2ms
07-05 11:39:08.080   545  7220 I DownloadManager: Initiating request for download 815
07-05 11:39:08.158   545   548 D dalvikvm: GC_CONCURRENT freed 303K, 12% free 10318K/11719K, paused 2ms+3ms
07-05 11:39:08.264   545   548 D dalvikvm: GC_CONCURRENT freed 378K, 12% free 10339K/11719K, paused 2ms+2ms
07-05 11:39:08.494   545   548 D dalvikvm: GC_CONCURRENT freed 565K, 14% free 10160K/11719K, paused 2ms+3ms
07-05 11:39:08.654   545  7223 I DownloadManager: Initiating request for download 816
07-05 11:39:08.709   545   548 D dalvikvm: GC_CONCURRENT freed 364K, 14% free 10186K/11719K, paused 2ms+2ms
07-05 11:39:08.815   545   548 D dalvikvm: GC_CONCURRENT freed 216K, 12% free 10389K/11719K, paused 2ms+3ms
07-05 11:39:09.022  1370  7225 E DictionaryProvider:UpdateHandler: Can't read a file : android.util.MalformedJsonException: Use JsonReader.setLenient(true) to accept malformed JSON at line 1 column 20
07-05 11:39:09.045   545   548 D dalvikvm: GC_CONCURRENT freed 610K, 14% free 10191K/11719K, paused 2ms+2ms
07-05 11:39:09.244   545   548 D dalvikvm: GC_CONCURRENT freed 424K, 14% free 10154K/11719K, paused 2ms+2ms
07-05 11:39:09.295   545  7228 I DownloadManager: Initiating request for download 816
07-05 11:39:09.385   545   548 D dalvikvm: GC_CONCURRENT freed 235K, 12% free 10343K/11719K, paused 2ms+2ms
07-05 11:39:09.522   545   548 D dalvikvm: GC_CONCURRENT freed 525K, 13% free 10211K/11719K, paused 2ms+4ms
07-05 11:39:09.737   545   548 D dalvikvm: GC_CONCURRENT freed 440K, 14% free 10163K/11719K, paused 1ms+2ms
07-05 11:39:09.862   545  7231 I DownloadManager: Initiating request for download 817
07-05 11:39:09.947   545   548 D dalvikvm: GC_CONCURRENT freed 298K, 12% free 10344K/11719K, paused 2ms+3ms
07-05 11:39:10.061   545   548 D dalvikvm: GC_CONCURRENT freed 536K, 13% free 10216K/11719K, paused 2ms+3ms
07-05 11:39:10.197  1370  7234 E DictionaryProvider:UpdateHandler: Can't read a file : android.util.MalformedJsonException: Use JsonReader.setLenient(true) to accept malformed JSON at line 1 column 20
07-05 11:39:10.279   465   467 D dalvikvm: GC_CONCURRENT freed 198K, 6% free 10041K/10631K, paused 4ms+2ms
07-05 11:39:10.365   545   548 D dalvikvm: GC_CONCURRENT freed 431K, 14% free 10172K/11719K, paused 1ms+3ms
07-05 11:39:10.506   545  7237 I DownloadManager: Initiating request for download 817
07-05 11:39:10.580   156   167 D dalvikvm: GC_EXPLICIT freed 535K, 11% free 13174K/14791K, paused 2ms+6ms
07-05 11:39:10.631   545   548 D dalvikvm: GC_CONCURRENT freed 359K, 13% free 10265K/11719K, paused 24ms+3ms
07-05 11:39:10.737   545   548 D dalvikvm: GC_CONCURRENT freed 316K, 12% free 10349K/11719K, paused 2ms+3ms
07-05 11:39:10.944   545   548 D dalvikvm: GC_CONCURRENT freed 582K, 14% free 10157K/11719K, paused 2ms+2ms
07-05 11:39:11.147   545   548 D dalvikvm: GC_CONCURRENT freed 409K, 14% free 10135K/11719K, paused 2ms+2ms
07-05 11:39:11.201   545  7241 I DownloadManager: Initiating request for download 818
07-05 11:39:11.303   545   548 D dalvikvm: GC_CONCURRENT freed 207K, 12% free 10354K/11719K, paused 2ms+3ms
07-05 11:39:11.455   545   548 D dalvikvm: GC_CONCURRENT freed 550K, 13% free 10198K/11719K, paused 2ms+2ms
07-05 11:39:11.533  1370  7243 E DictionaryProvider:UpdateHandler: Can't read a file : android.util.MalformedJsonException: Use JsonReader.setLenient(true) to accept malformed JSON at line 1 column 20
07-05 11:39:11.705   545   548 D dalvikvm: GC_CONCURRENT freed 431K, 14% free 10155K/11719K, paused 2ms+3ms
07-05 11:39:11.791   545  7246 I DownloadManager: Initiating request for download 818
07-05 11:39:11.873   545   548 D dalvikvm: GC_CONCURRENT freed 291K, 12% free 10324K/11719K, paused 2ms+3ms
07-05 11:39:11.987   545   548 D dalvikvm: GC_CONCURRENT freed 525K, 13% free 10200K/11719K, paused 2ms+2ms
07-05 11:39:12.197   545   548 D dalvikvm: GC_CONCURRENT freed 401K, 14% free 10186K/11719K, paused 1ms+4ms
07-05 11:39:12.651   545  7248 I DownloadManager: Initiating request for download 819
07-05 11:39:12.729   545   548 D dalvikvm: GC_CONCURRENT freed 323K, 13% free 10286K/11719K, paused 2ms+2ms
07-05 11:39:12.830   545   548 D dalvikvm: GC_CONCURRENT freed 338K, 12% free 10342K/11719K, paused 3ms+2ms
07-05 11:39:13.037  1370  7251 E DictionaryProvider:UpdateHandler: Can't read a file : android.util.MalformedJsonException: Use JsonReader.setLenient(true) to accept malformed JSON at line 1 column 20
07-05 11:39:13.092   545   548 D dalvikvm: GC_CONCURRENT freed 569K, 14% free 10173K/11719K, paused 3ms+12ms
07-05 11:39:13.135  1370  1372 D dalvikvm: GC_CONCURRENT freed 391K, 7% free 9127K/9735K, paused 2ms+4ms
07-05 11:39:13.319   545   548 D dalvikvm: GC_CONCURRENT freed 415K, 14% free 10145K/11719K, paused 2ms+2ms
07-05 11:39:13.365   545  7254 I DownloadManager: Initiating request for download 819
07-05 11:39:13.440   545  6834 D dalvikvm: GC_EXPLICIT freed 252K, 12% free 10409K/11719K, paused 2ms+7ms
07-05 11:39:13.662   545   548 D dalvikvm: GC_CONCURRENT freed 634K, 14% free 10163K/11719K, paused 2ms+2ms
07-05 11:39:13.850   545   548 D dalvikvm: GC_CONCURRENT freed 409K, 14% free 10142K/11719K, paused 2ms+3ms
07-05 11:39:13.951   545  7257 I DownloadManager: Initiating request for download 820
07-05 11:39:14.049   545   548 D dalvikvm: GC_CONCURRENT freed 239K, 12% free 10321K/11719K, paused 2ms+3ms
07-05 11:39:14.174   545   548 D dalvikvm: GC_CONCURRENT freed 506K, 13% free 10205K/11719K, paused 2ms+2ms
07-05 11:39:14.264  1370  7259 E DictionaryProvider:UpdateHandler: Can't read a file : android.util.MalformedJsonException: Use JsonReader.setLenient(true) to accept malformed JSON at line 1 column 20
07-05 11:39:14.424   545   548 D dalvikvm: GC_CONCURRENT freed 428K, 14% free 10164K/11719K, paused 2ms+2ms
07-05 11:39:14.549   545  7262 I DownloadManager: Initiating request for download 820
07-05 11:39:14.600   545   548 D dalvikvm: GC_CONCURRENT freed 348K, 13% free 10210K/11719K, paused 2ms+2ms
07-05 11:39:14.701   545   548 D dalvikvm: GC_CONCURRENT freed 230K, 12% free 10401K/11719K, paused 3ms+3ms
07-05 11:39:14.904   545   548 D dalvikvm: GC_CONCURRENT freed 624K, 14% free 10165K/11719K, paused 2ms+2ms
07-05 11:39:15.092   545   548 D dalvikvm: GC_CONCURRENT freed 405K, 14% free 10146K/11719K, paused 2ms+2ms
07-05 11:39:15.170   545  7265 I DownloadManager: Initiating request for download 821
07-05 11:39:15.268   545   548 D dalvikvm: GC_CONCURRENT freed 216K, 12% free 10395K/11719K, paused 2ms+2ms
07-05 11:39:15.428   545   548 D dalvikvm: GC_CONCURRENT freed 585K, 13% free 10207K/11719K, paused 3ms+3ms
07-05 11:39:15.514  1370  7267 E DictionaryProvider:UpdateHandler: Can't read a file : android.util.MalformedJsonException: Use JsonReader.setLenient(true) to accept malformed JSON at line 1 column 20
07-05 11:39:15.670   545   548 D dalvikvm: GC_CONCURRENT freed 433K, 14% free 10160K/11719K, paused 2ms+2ms
07-05 11:39:15.760   545  7270 I DownloadManager: Initiating request for download 821
07-05 11:39:15.842   545   548 D dalvikvm: GC_CONCURRENT freed 289K, 12% free 10336K/11719K, paused 2ms+3ms
07-05 11:39:15.955   545   548 D dalvikvm: GC_CONCURRENT freed 530K, 13% free 10214K/11719K, paused 2ms+3ms
07-05 11:39:16.194   545   548 D dalvikvm: GC_CONCURRENT freed 440K, 14% free 10165K/11719K, paused 2ms+2ms
07-05 11:39:16.334   545  7273 I DownloadManager: Initiating request for download 822
07-05 11:39:16.412   545   548 D dalvikvm: GC_CONCURRENT freed 333K, 13% free 10278K/11719K, paused 2ms+2ms
07-05 11:39:16.510   545   548 D dalvikvm: GC_CONCURRENT freed 327K, 12% free 10347K/11719K, paused 2ms+3ms
07-05 11:39:16.729  1370  7275 E DictionaryProvider:UpdateHandler: Can't read a file : android.util.MalformedJsonException: Use JsonReader.setLenient(true) to accept malformed JSON at line 1 column 20
07-05 11:39:16.740   545   548 D dalvikvm: GC_CONCURRENT freed 565K, 14% free 10184K/11719K, paused 2ms+2ms
07-05 11:39:16.928   545   548 D dalvikvm: GC_CONCURRENT freed 408K, 14% free 10160K/11719K, paused 2ms+2ms
07-05 11:39:16.963   545  7277 I DownloadManager: Initiating request for download 822
07-05 11:39:17.037   545   548 D dalvikvm: GC_CONCURRENT freed 195K, 12% free 10356K/11719K, paused 2ms+3ms
07-05 11:39:18.795   545   548 D dalvikvm: GC_CONCURRENT freed 536K, 13% free 10208K/11719K, paused 1ms+2ms
07-05 11:39:19.010   545   548 D dalvikvm: GC_CONCURRENT freed 436K, 14% free 10160K/11719K, paused 1ms+2ms
07-05 11:39:19.139   545  7281 I DownloadManager: Initiating request for download 823
07-05 11:39:19.221   545   548 D dalvikvm: GC_CONCURRENT freed 295K, 13% free 10291K/11719K, paused 2ms+3ms
07-05 11:39:19.319   545   548 D dalvikvm: GC_CONCURRENT freed 341K, 12% free 10350K/11719K, paused 2ms+2ms
07-05 11:39:19.467  1370  7283 E DictionaryProvider:UpdateHandler: Can't read a file : android.util.MalformedJsonException: Use JsonReader.setLenient(true) to accept malformed JSON at line 1 column 20
07-05 11:39:19.565  1370  1372 D dalvikvm: GC_CONCURRENT freed 389K, 7% free 9126K/9735K, paused 2ms+6ms
07-05 11:39:19.588   545   548 D dalvikvm: GC_CONCURRENT freed 560K, 14% free 10185K/11719K, paused 2ms+3ms
07-05 11:39:19.776   545   548 D dalvikvm: GC_CONCURRENT freed 420K, 14% free 10152K/11719K, paused 2ms+3ms
07-05 11:39:19.799   545  7286 I DownloadManager: Initiating request for download 823
07-05 11:39:19.901   545   548 D dalvikvm: GC_CONCURRENT freed 195K, 12% free 10379K/11719K, paused 2ms+2ms
07-05 11:39:20.072   545   548 D dalvikvm: GC_CONCURRENT freed 596K, 14% free 10178K/11719K, paused 1ms+2ms
07-05 11:39:20.279   545   548 D dalvikvm: GC_CONCURRENT freed 405K, 14% free 10165K/11719K, paused 1ms+3ms
07-05 11:39:20.385   545  7289 I DownloadManager: Initiating request for download 824
07-05 11:39:20.471   545   548 D dalvikvm: GC_CONCURRENT freed 272K, 12% free 10325K/11719K, paused 2ms+4ms
07-05 11:39:20.584   545   548 D dalvikvm: GC_CONCURRENT freed 509K, 13% free 10223K/11719K, paused 2ms+2ms
07-05 11:39:20.709  1370  7291 E DictionaryProvider:UpdateHandler: Can't read a file : android.util.MalformedJsonException: Use JsonReader.setLenient(true) to accept malformed JSON at line 1 column 20
07-05 11:39:20.740  1370  1404 D dalvikvm: GC_EXPLICIT freed 102K, 7% free 9091K/9735K, paused 2ms+2ms
07-05 11:39:20.889   545   548 D dalvikvm: GC_CONCURRENT freed 437K, 14% free 10175K/11719K, paused 2ms+3ms
07-05 11:39:21.029   545  7294 I DownloadManager: Initiating request for download 824
07-05 11:39:21.088   545   548 D dalvikvm: GC_CONCURRENT freed 362K, 13% free 10219K/11719K, paused 2ms+2ms
07-05 11:39:21.186   545   548 D dalvikvm: GC_CONCURRENT freed 220K, 12% free 10408K/11719K, paused 2ms+2ms
07-05 11:39:21.385   545   548 D dalvikvm: GC_CONCURRENT freed 621K, 14% free 10176K/11719K, paused 2ms+2ms
07-05 11:39:21.569   545   548 D dalvikvm: GC_CONCURRENT freed 406K, 14% free 10158K/11719K, paused 1ms+2ms
07-05 11:39:21.643   545  7297 I DownloadManager: Initiating request for download 825
07-05 11:39:21.733   545   548 D dalvikvm: GC_CONCURRENT freed 233K, 12% free 10355K/11719K, paused 2ms+2ms
07-05 11:39:21.869   545   548 D dalvikvm: GC_CONCURRENT freed 534K, 13% free 10217K/11719K, paused 2ms+2ms
07-05 11:39:22.072   545   548 D dalvikvm: GC_CONCURRENT freed 435K, 14% free 10170K/11719K, paused 2ms+2ms
07-05 11:39:23.076  1370  7299 E DictionaryProvider:UpdateHandler: Can't read a file : android.util.MalformedJsonException: Use JsonReader.setLenient(true) to accept malformed JSON at line 1 column 20
07-05 11:39:23.174   545   548 D dalvikvm: GC_CONCURRENT freed 366K, 14% free 10193K/11719K, paused 3ms+2ms
07-05 11:39:23.365   545   548 D dalvikvm: GC_CONCURRENT freed 419K, 14% free 10164K/11719K, paused 2ms+2ms
07-05 11:39:23.584   545   548 D dalvikvm: GC_CONCURRENT freed 368K, 14% free 10184K/11719K, paused 2ms+2ms
07-05 11:39:23.772   545   548 D dalvikvm: GC_CONCURRENT freed 406K, 14% free 10165K/11719K, paused 1ms+2ms
07-05 11:39:23.947   545  7302 I DownloadManager: Initiating request for download 826
07-05 11:39:24.022   545   548 D dalvikvm: GC_CONCURRENT freed 324K, 13% free 10291K/11719K, paused 2ms+2ms
07-05 11:39:24.127   545   548 D dalvikvm: GC_CONCURRENT freed 334K, 12% free 10370K/11719K, paused 2ms+3ms
07-05 11:39:24.354   545   548 D dalvikvm: GC_CONCURRENT freed 584K, 14% free 10186K/11719K, paused 2ms+2ms
07-05 11:39:24.428   156   512 D dalvikvm: GC_EXPLICIT freed 512K, 11% free 13173K/14791K, paused 3ms+6ms
07-05 11:39:24.436  1370  7304 E DictionaryProvider:UpdateHandler: Can't read a file : android.util.MalformedJsonException: Use JsonReader.setLenient(true) to accept malformed JSON at line 1 column 20
07-05 11:39:24.627   545   548 D dalvikvm: GC_CONCURRENT freed 410K, 14% free 10165K/11719K, paused 2ms+2ms
07-05 11:39:24.651   545  7307 I DownloadManager: Initiating request for download 826
07-05 11:39:24.748   545   548 D dalvikvm: GC_CONCURRENT freed 218K, 12% free 10369K/11719K, paused 2ms+3ms
07-05 11:39:24.901   545   548 D dalvikvm: GC_CONCURRENT freed 556K, 13% free 10204K/11719K, paused 2ms+2ms
07-05 11:39:25.115   545   548 D dalvikvm: GC_CONCURRENT freed 437K, 14% free 10162K/11719K, paused 2ms+2ms
07-05 11:39:25.237   545  7310 I DownloadManager: Initiating request for download 827
07-05 11:39:25.326   545   548 D dalvikvm: GC_CONCURRENT freed 274K, 12% free 10359K/11719K, paused 2ms+3ms
07-05 11:39:25.447   545   548 D dalvikvm: GC_CONCURRENT freed 539K, 13% free 10208K/11719K, paused 2ms+3ms
07-05 11:39:25.537  1370  7312 E DictionaryProvider:UpdateHandler: Can't read a file : android.util.MalformedJsonException: Use JsonReader.setLenient(true) to accept malformed JSON at line 1 column 20
07-05 11:39:25.705   545   548 D dalvikvm: GC_CONCURRENT freed 426K, 14% free 10175K/11719K, paused 2ms+2ms
07-05 11:39:25.830   545  7315 I DownloadManager: Initiating request for download 827
07-05 11:39:25.893   545   548 D dalvikvm: GC_CONCURRENT freed 366K, 13% free 10212K/11719K, paused 2ms+2ms
07-05 11:39:25.994   545   548 D dalvikvm: GC_CONCURRENT freed 239K, 12% free 10409K/11719K, paused 2ms+4ms
07-05 11:39:26.217   545   548 D dalvikvm: GC_CONCURRENT freed 628K, 14% free 10172K/11719K, paused 2ms+3ms
07-05 11:39:26.408   545   548 D dalvikvm: GC_CONCURRENT freed 411K, 14% free 10149K/11719K, paused 2ms+3ms
07-05 11:39:26.487   545  7318 I DownloadManager: Initiating request for download 828
07-05 11:39:26.588   545   548 D dalvikvm: GC_CONCURRENT freed 221K, 12% free 10355K/11719K, paused 2ms+3ms
07-05 11:39:26.729   545   548 D dalvikvm: GC_CONCURRENT freed 540K, 13% free 10210K/11719K, paused 2ms+3ms
07-05 11:39:26.815  1370  7320 E DictionaryProvider:UpdateHandler: Can't read a file : android.util.MalformedJsonException: Use JsonReader.setLenient(true) to accept malformed JSON at line 1 column 20
07-05 11:39:26.858  1370  1372 D dalvikvm: GC_CONCURRENT freed 351K, 7% free 9132K/9735K, paused 2ms+2ms
07-05 11:39:27.010   545   548 D dalvikvm: GC_CONCURRENT freed 430K, 14% free 10170K/11719K, paused 2ms+2ms
07-05 11:39:27.119   545  7323 I DownloadManager: Initiating request for download 828
07-05 11:39:27.194   545   548 D dalvikvm: GC_CONCURRENT freed 304K, 12% free 10318K/11719K, paused 1ms+3ms
07-05 11:39:27.295   545   548 D dalvikvm: GC_CONCURRENT freed 359K, 12% free 10357K/11719K, paused 2ms+3ms
07-05 11:39:27.526   545   548 D dalvikvm: GC_CONCURRENT freed 579K, 14% free 10167K/11719K, paused 1ms+3ms
07-05 11:39:27.709   545   548 D dalvikvm: GC_CONCURRENT freed 402K, 14% free 10152K/11719K, paused 2ms+2ms
07-05 11:39:27.760   545  7326 I DownloadManager: Initiating request for download 829
07-05 11:39:27.869   545   548 D dalvikvm: GC_CONCURRENT freed 187K, 12% free 10381K/11719K, paused 2ms+3ms
07-05 11:39:28.029   545   548 D dalvikvm: GC_CONCURRENT freed 557K, 13% free 10217K/11719K, paused 2ms+3ms
07-05 11:39:28.108  1370  7328 E DictionaryProvider:UpdateHandler: Can't read a file : android.util.MalformedJsonException: Use JsonReader.setLenient(true) to accept malformed JSON at line 1 column 20
07-05 11:39:28.279   545   548 D dalvikvm: GC_CONCURRENT freed 434K, 14% free 10176K/11719K, paused 2ms+3ms
07-05 11:39:28.365   545  7331 I DownloadManager: Initiating request for download 829
07-05 11:39:28.447   545   548 D dalvikvm: GC_CONCURRENT freed 296K, 12% free 10322K/11719K, paused 2ms+2ms
07-05 11:39:28.553   545   548 D dalvikvm: GC_CONCURRENT freed 373K, 12% free 10356K/11719K, paused 2ms+2ms
07-05 11:39:28.776   545   548 D dalvikvm: GC_CONCURRENT freed 574K, 14% free 10169K/11719K, paused 2ms+3ms
07-05 11:39:28.936   545  7334 I DownloadManager: Initiating request for download 830
07-05 11:39:28.998   545   548 D dalvikvm: GC_CONCURRENT freed 371K, 14% free 10194K/11719K, paused 2ms+2ms
07-05 11:39:29.108   545   548 D dalvikvm: GC_CONCURRENT freed 218K, 12% free 10402K/11719K, paused 2ms+3ms
07-05 11:39:29.303  1370  7336 E DictionaryProvider:UpdateHandler: Can't read a file : android.util.MalformedJsonException: Use JsonReader.setLenient(true) to accept malformed JSON at line 1 column 20
07-05 11:39:29.319   545   548 D dalvikvm: GC_CONCURRENT freed 612K, 14% free 10196K/11719K, paused 2ms+3ms
07-05 11:39:29.514   545   548 D dalvikvm: GC_CONCURRENT freed 421K, 14% free 10163K/11719K, paused 2ms+3ms
07-05 11:39:29.576   545  7339 I DownloadManager: Initiating request for download 830
07-05 11:39:29.662   545   548 D dalvikvm: GC_CONCURRENT freed 248K, 12% free 10377K/11719K, paused 2ms+2ms
07-05 11:39:29.799   545   548 D dalvikvm: GC_CONCURRENT freed 554K, 13% free 10217K/11719K, paused 2ms+3ms
07-05 11:39:30.014   545   548 D dalvikvm: GC_CONCURRENT freed 435K, 14% free 10168K/11719K, paused 2ms+2ms
07-05 11:39:30.158   545  7342 I DownloadManager: Initiating request for download 831
07-05 11:39:30.237   545   548 D dalvikvm: GC_CONCURRENT freed 295K, 13% free 10284K/11719K, paused 2ms+2ms
07-05 11:39:30.334   545   548 D dalvikvm: GC_CONCURRENT freed 323K, 12% free 10367K/11719K, paused 1ms+2ms
07-05 11:39:30.487  1370  7344 E DictionaryProvider:UpdateHandler: Can't read a file : android.util.MalformedJsonException: Use JsonReader.setLenient(true) to accept malformed JSON at line 1 column 20
07-05 11:39:30.576   545   548 D dalvikvm: GC_CONCURRENT freed 571K, 14% free 10186K/11719K, paused 2ms+2ms
07-05 11:39:30.752   545   548 D dalvikvm: GC_CONCURRENT freed 413K, 14% free 10160K/11719K, paused 2ms+3ms
07-05 11:39:30.795   545  7347 I DownloadManager: Initiating request for download 831
07-05 11:39:30.885   545   548 D dalvikvm: GC_CONCURRENT freed 221K, 12% free 10367K/11719K, paused 2ms+3ms
07-05 11:39:31.022   545   548 D dalvikvm: GC_CONCURRENT freed 536K, 13% free 10218K/11719K, paused 1ms+2ms
07-05 11:39:31.225   545   548 D dalvikvm: GC_CONCURRENT freed 401K, 13% free 10203K/11719K, paused 1ms+3ms
07-05 11:39:32.104   545  7349 I DownloadManager: Initiating request for download 832
07-05 11:39:32.197   545   548 D dalvikvm: GC_CONCURRENT freed 310K, 13% free 10296K/11719K, paused 2ms+3ms
07-05 11:39:32.307   545   548 D dalvikvm: GC_CONCURRENT freed 333K, 12% free 10376K/11719K, paused 2ms+2ms
07-05 11:39:32.471  1370  7352 E DictionaryProvider:UpdateHandler: Can't read a file : android.util.MalformedJsonException: Use JsonReader.setLenient(true) to accept malformed JSON at line 1 column 20
07-05 11:39:32.533  1370  1372 D dalvikvm: GC_CONCURRENT freed 393K, 7% free 9129K/9735K, paused 1ms+4ms
07-05 11:39:32.565   545   548 D dalvikvm: GC_CONCURRENT freed 580K, 14% free 10192K/11719K, paused 2ms+3ms
07-05 11:39:32.752   545   548 D dalvikvm: GC_CONCURRENT freed 416K, 14% free 10165K/11719K, paused 2ms+2ms
07-05 11:39:32.791   545  7355 I DownloadManager: Initiating request for download 832
07-05 11:39:32.881   545   548 D dalvikvm: GC_CONCURRENT freed 210K, 12% free 10370K/11719K, paused 2ms+3ms
07-05 11:39:33.022   545   548 D dalvikvm: GC_CONCURRENT freed 541K, 13% free 10220K/11719K, paused 2ms+3ms
07-05 11:39:33.237   545   548 D dalvikvm: GC_CONCURRENT freed 435K, 14% free 10172K/11719K, paused 2ms+2ms
07-05 11:39:33.385   545  7358 I DownloadManager: Initiating request for download 833
07-05 11:39:33.475   545   548 D dalvikvm: GC_CONCURRENT freed 289K, 13% free 10300K/11719K, paused 2ms+2ms
07-05 11:39:33.569   545   548 D dalvikvm: GC_CONCURRENT freed 329K, 12% free 10381K/11719K, paused 2ms+2ms
07-05 11:39:33.787   545   557 D dalvikvm: GC_EXPLICIT freed 568K, 14% free 10191K/11719K, paused 2ms+3ms
07-05 11:39:33.795  1370  7360 E DictionaryProvider:UpdateHandler: Can't read a file : android.util.MalformedJsonException: Use JsonReader.setLenient(true) to accept malformed JSON at line 1 column 20
07-05 11:39:34.002   545   548 D dalvikvm: GC_CONCURRENT freed 408K, 14% free 10177K/11719K, paused 1ms+2ms
07-05 11:39:34.037   545  7363 I DownloadManager: Initiating request for download 833
07-05 11:39:34.135   545   548 D dalvikvm: GC_CONCURRENT freed 239K, 12% free 10388K/11719K, paused 2ms+3ms
07-05 11:39:34.291   545   548 D dalvikvm: GC_CONCURRENT freed 553K, 13% free 10230K/11719K, paused 3ms+3ms
07-05 11:39:34.522   545   548 D dalvikvm: GC_CONCURRENT freed 442K, 14% free 10176K/11719K, paused 1ms+2ms
07-05 11:39:34.643   545  7366 I DownloadManager: Initiating request for download 834
07-05 11:39:34.729   545   548 D dalvikvm: GC_CONCURRENT freed 267K, 12% free 10313K/11719K, paused 3ms+2ms
07-05 11:39:34.834   545   548 D dalvikvm: GC_CONCURRENT freed 359K, 12% free 10370K/11719K, paused 2ms+2ms
07-05 11:39:34.979  1370  7368 E DictionaryProvider:UpdateHandler: Can't read a file : android.util.MalformedJsonException: Use JsonReader.setLenient(true) to accept malformed JSON at line 1 column 20
07-05 11:39:35.088   545   548 D dalvikvm: GC_CONCURRENT freed 564K, 14% free 10191K/11719K, paused 2ms+2ms
07-05 11:39:35.279   545   548 D dalvikvm: GC_CONCURRENT freed 413K, 14% free 10171K/11719K, paused 1ms+3ms
07-05 11:39:35.303   545  7371 I DownloadManager: Initiating request for download 834
07-05 11:39:35.385   156   628 D dalvikvm: GC_EXPLICIT freed 498K, 11% free 13172K/14791K, paused 3ms+6ms
07-05 11:39:35.475   545   548 D dalvikvm: GC_CONCURRENT freed 205K, 12% free 10425K/11719K, paused 2ms+3ms
07-05 11:39:35.651   545   548 D dalvikvm: GC_CONCURRENT freed 634K, 14% free 10178K/11719K, paused 2ms+3ms
07-05 11:39:35.854   545   548 D dalvikvm: GC_CONCURRENT freed 407K, 14% free 10159K/11719K, paused 1ms+2ms
07-05 11:39:35.955   545  7374 I DownloadManager: Initiating request for download 835
07-05 11:39:36.041   545   548 D dalvikvm: GC_CONCURRENT freed 260K, 12% free 10321K/11719K, paused 2ms+2ms
07-05 11:39:36.147   545   548 D dalvikvm: GC_CONCURRENT freed 361K, 12% free 10357K/11719K, paused 2ms+2ms
07-05 11:39:36.283  1370  7376 E DictionaryProvider:UpdateHandler: Can't read a file : android.util.MalformedJsonException: Use JsonReader.setLenient(true) to accept malformed JSON at line 1 column 20
07-05 11:39:36.404   545   548 D dalvikvm: GC_CONCURRENT freed 569K, 14% free 10177K/11719K, paused 2ms+3ms
07-05 11:39:36.580   545  7379 I DownloadManager: Initiating request for download 835
07-05 11:39:36.619   545   548 D dalvikvm: GC_CONCURRENT freed 410K, 13% free 10218K/11719K, paused 2ms+4ms
07-05 11:39:36.733   545   548 D dalvikvm: GC_CONCURRENT freed 226K, 12% free 10409K/11719K, paused 2ms+2ms
07-05 11:39:36.912   545   548 D dalvikvm: GC_CONCURRENT freed 590K, 13% free 10210K/11719K, paused 2ms+2ms
07-05 11:39:37.131   545   548 D dalvikvm: GC_CONCURRENT freed 435K, 14% free 10163K/11719K, paused 2ms+3ms
07-05 11:39:37.225   545  7382 I DownloadManager: Initiating request for download 836
07-05 11:39:37.315   545   548 D dalvikvm: GC_CONCURRENT freed 241K, 12% free 10346K/11719K, paused 1ms+3ms
07-05 11:39:37.436   545   548 D dalvikvm: GC_CONCURRENT freed 512K, 13% free 10219K/11719K, paused 2ms+3ms
07-05 11:39:37.537  1370  7384 E DictionaryProvider:UpdateHandler: Can't read a file : android.util.MalformedJsonException: Use JsonReader.setLenient(true) to accept malformed JSON at line 1 column 20
07-05 11:39:37.584  1370  1372 D dalvikvm: GC_CONCURRENT freed 388K, 7% free 9130K/9735K, paused 1ms+3ms
07-05 11:39:37.737   545   548 D dalvikvm: GC_CONCURRENT freed 431K, 14% free 10178K/11719K, paused 1ms+3ms
07-05 11:39:37.881   545  7387 I DownloadManager: Initiating request for download 836
07-05 11:39:37.944   545   548 D dalvikvm: GC_CONCURRENT freed 369K, 13% free 10221K/11719K, paused 2ms+2ms
07-05 11:39:38.045   545   548 D dalvikvm: GC_CONCURRENT freed 240K, 11% free 10436K/11719K, paused 2ms+2ms
07-05 11:39:38.252   545   548 D dalvikvm: GC_CONCURRENT freed 650K, 14% free 10177K/11719K, paused 2ms+2ms
07-05 11:39:38.428   545   548 D dalvikvm: GC_CONCURRENT freed 405K, 14% free 10159K/11719K, paused 1ms+2ms
07-05 11:39:38.506   545  7390 I DownloadManager: Initiating request for download 837
07-05 11:39:38.604   545   548 D dalvikvm: GC_CONCURRENT freed 220K, 12% free 10364K/11719K, paused 2ms+3ms
07-05 11:39:38.733   545   548 D dalvikvm: GC_CONCURRENT freed 534K, 13% free 10221K/11719K, paused 2ms+3ms
07-05 11:39:38.822  1370  7392 E DictionaryProvider:UpdateHandler: Can't read a file : android.util.MalformedJsonException: Use JsonReader.setLenient(true) to accept malformed JSON at line 1 column 20
07-05 11:39:38.983   545   548 D dalvikvm: GC_CONCURRENT freed 429K, 14% free 10180K/11719K, paused 2ms+2ms
07-05 11:39:39.100   545  7395 I DownloadManager: Initiating request for download 837
07-05 11:39:39.170   545   548 D dalvikvm: GC_CONCURRENT freed 338K, 13% free 10293K/11719K, paused 2ms+3ms
07-05 11:39:39.272   545   548 D dalvikvm: GC_CONCURRENT freed 326K, 12% free 10368K/11719K, paused 1ms+2ms
07-05 11:39:39.490   545   548 D dalvikvm: GC_CONCURRENT freed 580K, 14% free 10179K/11719K, paused 2ms+2ms
07-05 11:39:39.686   545   548 D dalvikvm: GC_CONCURRENT freed 405K, 14% free 10161K/11719K, paused 2ms+2ms
07-05 11:39:39.744   545  7398 I DownloadManager: Initiating request for download 838
07-05 11:39:39.846   545   548 D dalvikvm: GC_CONCURRENT freed 209K, 12% free 10376K/11719K, paused 2ms+3ms
07-05 11:39:39.983   545   548 D dalvikvm: GC_CONCURRENT freed 544K, 13% free 10221K/11719K, paused 1ms+2ms
07-05 11:39:40.065  1370  7400 E DictionaryProvider:UpdateHandler: Can't read a file : android.util.MalformedJsonException: Use JsonReader.setLenient(true) to accept malformed JSON at line 1 column 20
07-05 11:39:40.162   465   467 D dalvikvm: GC_CONCURRENT freed 397K, 6% free 10037K/10631K, paused 2ms+2ms
07-05 11:39:40.264   545   548 D dalvikvm: GC_CONCURRENT freed 429K, 14% free 10179K/11719K, paused 2ms+3ms
07-05 11:39:40.385   545  7403 I DownloadManager: Initiating request for download 838
07-05 11:39:40.455   545   548 D dalvikvm: GC_CONCURRENT freed 316K, 13% free 10293K/11719K, paused 1ms+3ms
07-05 11:39:40.553   545   548 D dalvikvm: GC_CONCURRENT freed 329K, 12% free 10382K/11719K, paused 2ms+3ms
07-05 11:39:40.760   545   548 D dalvikvm: GC_CONCURRENT freed 587K, 14% free 10184K/11719K, paused 1ms+2ms
07-05 11:39:40.947   545   548 D dalvikvm: GC_CONCURRENT freed 406K, 14% free 10167K/11719K, paused 2ms+2ms
07-05 11:39:41.033   545  7406 I DownloadManager: Initiating request for download 839
07-05 11:39:41.143   545   548 D dalvikvm: GC_CONCURRENT freed 213K, 12% free 10385K/11719K, paused 2ms+3ms
07-05 11:39:41.287   545   548 D dalvikvm: GC_CONCURRENT freed 552K, 13% free 10224K/11719K, paused 3ms+2ms
07-05 11:39:41.397  1370  7408 E DictionaryProvider:UpdateHandler: Can't read a file : android.util.MalformedJsonException: Use JsonReader.setLenient(true) to accept malformed JSON at line 1 column 20
07-05 11:39:41.533   545   548 D dalvikvm: GC_CONCURRENT freed 428K, 14% free 10182K/11719K, paused 2ms+2ms
07-05 11:39:41.643   545  7411 I DownloadManager: Initiating request for download 839
07-05 11:39:41.721   545   548 D dalvikvm: GC_CONCURRENT freed 310K, 12% free 10329K/11719K, paused 2ms+3ms
07-05 11:39:41.819   545   548 D dalvikvm: GC_CONCURRENT freed 353K, 12% free 10372K/11719K, paused 2ms+2ms
07-05 11:39:42.033   545   548 D dalvikvm: GC_CONCURRENT freed 574K, 14% free 10185K/11719K, paused 2ms+3ms
07-05 11:39:42.209   545   548 D dalvikvm: GC_CONCURRENT freed 405K, 14% free 10167K/11719K, paused 2ms+3ms
07-05 11:39:42.264   545  7414 I DownloadManager: Initiating request for download 840
07-05 11:39:42.365   545   548 D dalvikvm: GC_CONCURRENT freed 199K, 12% free 10392K/11719K, paused 2ms+3ms
07-05 11:39:42.510   545   548 D dalvikvm: GC_CONCURRENT freed 556K, 13% free 10226K/11719K, paused 1ms+2ms
07-05 11:39:42.588  1370  7416 E DictionaryProvider:UpdateHandler: Can't read a file : android.util.MalformedJsonException: Use JsonReader.setLenient(true) to accept malformed JSON at line 1 column 20
07-05 11:39:42.631  1370  1372 D dalvikvm: GC_CONCURRENT freed 393K, 7% free 9128K/9735K, paused 1ms+2ms
07-05 11:39:42.783   545   548 D dalvikvm: GC_CONCURRENT freed 428K, 14% free 10185K/11719K, paused 2ms+3ms
07-05 11:39:42.889   545  7419 I DownloadManager: Initiating request for download 840
07-05 11:39:42.967   545   548 D dalvikvm: GC_CONCURRENT freed 305K, 12% free 10338K/11719K, paused 1ms+3ms
07-05 11:39:43.072   545   548 D dalvikvm: GC_CONCURRENT freed 369K, 12% free 10378K/11719K, paused 1ms+3ms
07-05 11:39:43.287   545   548 D dalvikvm: GC_CONCURRENT freed 579K, 14% free 10187K/11719K, paused 2ms+2ms
07-05 11:39:43.483   545   548 D dalvikvm: GC_CONCURRENT freed 405K, 14% free 10171K/11719K, paused 2ms+3ms
07-05 11:39:43.537   545  7422 I DownloadManager: Initiating request for download 841
07-05 11:39:43.647   545   548 D dalvikvm: GC_CONCURRENT freed 199K, 12% free 10404K/11719K, paused 2ms+3ms
07-05 11:39:43.803   545   548 D dalvikvm: GC_CONCURRENT freed 564K, 13% free 10231K/11719K, paused 1ms+2ms
07-05 11:39:43.865  1370  7424 E DictionaryProvider:UpdateHandler: Can't read a file : android.util.MalformedJsonException: Use JsonReader.setLenient(true) to accept malformed JSON at line 1 column 20
07-05 11:39:44.049   545   548 D dalvikvm: GC_CONCURRENT freed 430K, 14% free 10188K/11719K, paused 2ms+3ms
07-05 11:39:44.147   545  7427 I DownloadManager: Initiating request for download 841
07-05 11:39:44.229   545   548 D dalvikvm: GC_CONCURRENT freed 299K, 12% free 10369K/11719K, paused 1ms+3ms
07-05 11:39:44.338   545   548 D dalvikvm: GC_CONCURRENT freed 406K, 12% free 10379K/11719K, paused 2ms+2ms
07-05 11:39:44.572   545   548 D dalvikvm: GC_CONCURRENT freed 578K, 14% free 10189K/11719K, paused 2ms+2ms
07-05 11:39:44.744   545  7430 I DownloadManager: Initiating request for download 842
07-05 11:39:44.791   545   548 D dalvikvm: GC_CONCURRENT freed 381K, 13% free 10212K/11719K, paused 2ms+3ms
07-05 11:39:44.908   545   548 D dalvikvm: GC_CONCURRENT freed 219K, 12% free 10424K/11719K, paused 3ms+3ms
07-05 11:39:45.084   545   548 D dalvikvm: GC_CONCURRENT freed 617K, 13% free 10198K/11719K, paused 2ms+2ms
07-05 11:39:45.139  1370  7432 E DictionaryProvider:UpdateHandler: Can't read a file : android.util.MalformedJsonException: Use JsonReader.setLenient(true) to accept malformed JSON at line 1 column 20
07-05 11:39:45.322   545   548 D dalvikvm: GC_CONCURRENT freed 399K, 14% free 10189K/11719K, paused 2ms+2ms
07-05 11:39:45.397   545  7435 I DownloadManager: Initiating request for download 842
07-05 11:39:45.479   545   548 D dalvikvm: GC_CONCURRENT freed 283K, 12% free 10356K/11719K, paused 2ms+3ms
07-05 11:39:45.592   545   548 D dalvikvm: GC_CONCURRENT freed 526K, 13% free 10240K/11719K, paused 2ms+3ms
07-05 11:39:45.822   545   548 D dalvikvm: GC_CONCURRENT freed 440K, 14% free 10192K/11719K, paused 1ms+3ms
07-05 11:39:45.975   545  7438 I DownloadManager: Initiating request for download 843
07-05 11:39:46.065   156   628 D dalvikvm: GC_EXPLICIT freed 505K, 11% free 13172K/14791K, paused 3ms+6ms
07-05 11:39:46.096   545   548 D dalvikvm: GC_CONCURRENT freed 355K, 13% free 10241K/11719K, paused 32ms+4ms
07-05 11:39:46.205   545   548 D dalvikvm: GC_CONCURRENT freed 246K, 11% free 10458K/11719K, paused 2ms+3ms
07-05 11:39:46.381  1370  7441 E DictionaryProvider:UpdateHandler: Can't read a file : android.util.MalformedJsonException: Use JsonReader.setLenient(true) to accept malformed JSON at line 1 column 20
07-05 11:39:46.447   545   548 D dalvikvm: GC_CONCURRENT freed 663K, 14% free 10194K/11719K, paused 2ms+2ms
07-05 11:39:46.631   545   548 D dalvikvm: GC_CONCURRENT freed 415K, 14% free 10166K/11719K, paused 1ms+3ms
07-05 11:39:46.686   545  7444 I DownloadManager: Initiating request for download 843
07-05 11:39:46.779   545   548 D dalvikvm: GC_CONCURRENT freed 246K, 12% free 10367K/11719K, paused 2ms+3ms
07-05 11:39:46.901   545   548 D dalvikvm: GC_CONCURRENT freed 530K, 13% free 10224K/11719K, paused 2ms+2ms
07-05 11:39:47.104   545   548 D dalvikvm: GC_CONCURRENT freed 401K, 13% free 10211K/11719K, paused 2ms+3ms
07-05 11:39:48.115   545  7446 I DownloadManager: Initiating request for download 844
07-05 11:39:48.205   545   548 D dalvikvm: GC_CONCURRENT freed 351K, 13% free 10278K/11719K, paused 2ms+4ms
07-05 11:39:48.311   545   548 D dalvikvm: GC_CONCURRENT freed 256K, 11% free 10447K/11719K, paused 2ms+2ms
07-05 11:39:48.471  1370  7449 E DictionaryProvider:UpdateHandler: Can't read a file : android.util.MalformedJsonException: Use JsonReader.setLenient(true) to accept malformed JSON at line 1 column 20
07-05 11:39:48.514  1370  1372 D dalvikvm: GC_CONCURRENT freed 388K, 7% free 9132K/9735K, paused 2ms+2ms
07-05 11:39:48.565   545   548 D dalvikvm: GC_CONCURRENT freed 643K, 14% free 10194K/11719K, paused 2ms+3ms
07-05 11:39:48.752   545   548 D dalvikvm: GC_CONCURRENT freed 413K, 14% free 10170K/11719K, paused 2ms+2ms
07-05 11:39:48.807   545  7452 I DownloadManager: Initiating request for download 844
07-05 11:39:48.897   545   548 D dalvikvm: GC_CONCURRENT freed 239K, 12% free 10387K/11719K, paused 3ms+2ms
07-05 11:39:49.022   545   548 D dalvikvm: GC_CONCURRENT freed 548K, 13% free 10226K/11719K, paused 1ms+3ms
07-05 11:39:49.213   545   548 D dalvikvm: GC_CONCURRENT freed 404K, 13% free 10211K/11719K, paused 1ms+2ms
07-05 11:39:50.006   545  7454 I DownloadManager: Initiating request for download 845
07-05 11:39:50.115   545   548 D dalvikvm: GC_CONCURRENT freed 345K, 13% free 10307K/11719K, paused 2ms+3ms
07-05 11:39:50.217   545   548 D dalvikvm: GC_CONCURRENT freed 334K, 12% free 10378K/11719K, paused 2ms+2ms
07-05 11:39:50.432  1370  7457 E DictionaryProvider:UpdateHandler: Can't read a file : android.util.MalformedJsonException: Use JsonReader.setLenient(true) to accept malformed JSON at line 1 column 20
07-05 11:39:50.447   545   548 D dalvikvm: GC_CONCURRENT freed 585K, 13% free 10199K/11719K, paused 2ms+2ms
07-05 11:39:50.654   545   548 D dalvikvm: GC_CONCURRENT freed 418K, 14% free 10172K/11719K, paused 1ms+2ms
07-05 11:39:50.709   545  7460 I DownloadManager: Initiating request for download 845
07-05 11:39:50.795   545   548 D dalvikvm: GC_CONCURRENT freed 220K, 12% free 10371K/11719K, paused 2ms+2ms
07-05 11:39:50.924   545   548 D dalvikvm: GC_CONCURRENT freed 528K, 13% free 10230K/11719K, paused 2ms+4ms
07-05 11:39:51.147   545   548 D dalvikvm: GC_CONCURRENT freed 436K, 14% free 10181K/11719K, paused 2ms+3ms
07-05 11:39:51.295   545  7463 I DownloadManager: Initiating request for download 846
07-05 11:39:51.354   545   548 D dalvikvm: GC_CONCURRENT freed 334K, 13% free 10236K/11719K, paused 2ms+5ms
07-05 11:39:51.455   545   548 D dalvikvm: GC_CONCURRENT freed 230K, 11% free 10431K/11719K, paused 2ms+2ms
07-05 11:39:51.647  1370  7465 E DictionaryProvider:UpdateHandler: Can't read a file : android.util.MalformedJsonException: Use JsonReader.setLenient(true) to accept malformed JSON at line 1 column 20
07-05 11:39:51.666   545   548 D dalvikvm: GC_CONCURRENT freed 627K, 13% free 10215K/11719K, paused 1ms+5ms
07-05 11:39:51.873   545   548 D dalvikvm: GC_CONCURRENT freed 423K, 14% free 10183K/11719K, paused 2ms+3ms
07-05 11:39:51.940   545  7468 I DownloadManager: Initiating request for download 846
07-05 11:39:52.014   545  6834 D dalvikvm: GC_EXPLICIT freed 302K, 12% free 10393K/11719K, paused 2ms+6ms
07-05 11:39:52.194   545   548 D dalvikvm: GC_CONCURRENT freed 551K, 13% free 10235K/11719K, paused 2ms+2ms
07-05 11:39:52.401   545   548 D dalvikvm: GC_CONCURRENT freed 439K, 14% free 10182K/11719K, paused 2ms+2ms
07-05 11:39:52.658   545  7471 I DownloadManager: Initiating request for download 847
07-05 11:39:52.764   545   548 D dalvikvm: GC_CONCURRENT freed 306K, 13% free 10312K/11719K, paused 2ms+3ms
07-05 11:39:52.854   545   548 D dalvikvm: GC_CONCURRENT freed 295K, 11% free 10435K/11719K, paused 1ms+2ms
07-05 11:39:53.029   545   548 D dalvikvm: GC_CONCURRENT freed 599K, 13% free 10225K/11719K, paused 2ms+2ms
07-05 11:39:53.240  1370  7473 E DictionaryProvider:UpdateHandler: Can't read a file : android.util.MalformedJsonException: Use JsonReader.setLenient(true) to accept malformed JSON at line 1 column 20
07-05 11:39:53.248   545   548 D dalvikvm: GC_CONCURRENT freed 431K, 13% free 10196K/11719K, paused 3ms+5ms
07-05 11:39:53.295   545  7475 I DownloadManager: Initiating request for download 847
07-05 11:39:53.404   545   548 D dalvikvm: GC_CONCURRENT freed 226K, 12% free 10401K/11719K, paused 2ms+3ms
07-05 11:39:53.549   545   548 D dalvikvm: GC_CONCURRENT freed 557K, 13% free 10237K/11719K, paused 2ms+2ms
07-05 11:39:53.764   545   548 D dalvikvm: GC_CONCURRENT freed 440K, 14% free 10184K/11719K, paused 2ms+3ms
07-05 11:39:53.940   545  7479 I DownloadManager: Initiating request for download 848
07-05 11:39:54.037   545   548 D dalvikvm: GC_CONCURRENT freed 299K, 13% free 10312K/11719K, paused 1ms+2ms
07-05 11:39:54.127   545   548 D dalvikvm: GC_CONCURRENT freed 322K, 12% free 10389K/11719K, paused 1ms+3ms
07-05 11:39:54.299  1370  7481 E DictionaryProvider:UpdateHandler: Can't read a file : android.util.MalformedJsonException: Use JsonReader.setLenient(true) to accept malformed JSON at line 1 column 20
07-05 11:39:54.342  1370  1372 D dalvikvm: GC_CONCURRENT freed 397K, 7% free 9127K/9735K, paused 1ms+14ms
07-05 11:39:54.393   545   548 D dalvikvm: GC_CONCURRENT freed 579K, 13% free 10207K/11719K, paused 2ms+4ms
07-05 11:39:54.580   545   548 D dalvikvm: GC_CONCURRENT freed 416K, 14% free 10183K/11719K, paused 1ms+3ms
07-05 11:39:54.627   545  7484 I DownloadManager: Initiating request for download 848
07-05 11:39:54.717   545   548 D dalvikvm: GC_CONCURRENT freed 230K, 12% free 10380K/11719K, paused 2ms+2ms
07-05 11:39:54.838   545   548 D dalvikvm: GC_CONCURRENT freed 528K, 13% free 10238K/11719K, paused 2ms+2ms
07-05 11:39:55.072   545   548 D dalvikvm: GC_CONCURRENT freed 435K, 14% free 10192K/11719K, paused 1ms+3ms
07-05 11:39:55.240   545  7487 I DownloadManager: Initiating request for download 849
07-05 11:39:55.311   545   548 D dalvikvm: GC_CONCURRENT freed 341K, 13% free 10245K/11719K, paused 4ms+2ms
07-05 11:39:55.412   545   548 D dalvikvm: GC_CONCURRENT freed 227K, 11% free 10438K/11719K, paused 1ms+3ms
07-05 11:39:55.588   545   548 D dalvikvm: GC_CONCURRENT freed 595K, 13% free 10232K/11719K, paused 2ms+2ms
07-05 11:39:55.654  1370  7489 E DictionaryProvider:UpdateHandler: Can't read a file : android.util.MalformedJsonException: Use JsonReader.setLenient(true) to accept malformed JSON at line 1 column 20
07-05 11:39:55.838   545   548 D dalvikvm: GC_CONCURRENT freed 424K, 14% free 10193K/11719K, paused 1ms+3ms
07-05 11:39:55.920   545  7492 I DownloadManager: Initiating request for download 849
07-05 11:39:56.002   545   548 D dalvikvm: GC_CONCURRENT freed 267K, 12% free 10398K/11719K, paused 1ms+3ms
07-05 11:39:56.108   545   548 D dalvikvm: GC_CONCURRENT freed 558K, 13% free 10241K/11719K, paused 2ms+2ms
07-05 11:39:56.338   545   548 D dalvikvm: GC_CONCURRENT freed 433K, 14% free 10194K/11719K, paused 1ms+2ms
07-05 11:39:56.494   545  7495 I DownloadManager: Initiating request for download 850
07-05 11:39:56.553   545   548 D dalvikvm: GC_CONCURRENT freed 361K, 13% free 10220K/11719K, paused 2ms+3ms
07-05 11:39:56.666   545   548 D dalvikvm: GC_CONCURRENT freed 217K, 11% free 10432K/11719K, paused 2ms+2ms
07-05 11:39:56.838   545   548 D dalvikvm: GC_CONCURRENT freed 616K, 13% free 10205K/11719K, paused 1ms+2ms
07-05 11:39:56.885  1370  7497 E DictionaryProvider:UpdateHandler: Can't read a file : android.util.MalformedJsonException: Use JsonReader.setLenient(true) to accept malformed JSON at line 1 column 20
07-05 11:39:57.084   545   548 D dalvikvm: GC_CONCURRENT freed 398K, 14% free 10193K/11719K, paused 1ms+2ms
07-05 11:39:57.166   545  7500 I DownloadManager: Initiating request for download 850
07-05 11:39:57.248   545   548 D dalvikvm: GC_CONCURRENT freed 274K, 12% free 10347K/11719K, paused 2ms+2ms
07-05 11:39:57.346   545   548 D dalvikvm: GC_CONCURRENT freed 349K, 12% free 10393K/11719K, paused 1ms+2ms
07-05 11:39:57.576   545   548 D dalvikvm: GC_CONCURRENT freed 582K, 13% free 10200K/11719K, paused 2ms+3ms
07-05 11:39:57.756   545   548 D dalvikvm: GC_CONCURRENT freed 405K, 14% free 10183K/11719K, paused 2ms+3ms
07-05 11:39:57.807   545  7503 I DownloadManager: Initiating request for download 851
07-05 11:39:57.904   545   548 D dalvikvm: GC_CONCURRENT freed 190K, 12% free 10424K/11719K, paused 2ms+2ms
07-05 11:39:58.049   545   548 D dalvikvm: GC_CONCURRENT freed 568K, 13% free 10245K/11719K, paused 2ms+3ms
07-05 11:39:58.201   156   628 D dalvikvm: GC_EXPLICIT freed 506K, 11% free 13173K/14791K, paused 3ms+7ms
07-05 11:39:58.201  1370  7505 E DictionaryProvider:UpdateHandler: Can't read a file : android.util.MalformedJsonException: Use JsonReader.setLenient(true) to accept malformed JSON at line 1 column 20
07-05 11:39:58.385   545   548 D dalvikvm: GC_CONCURRENT freed 430K, 13% free 10203K/11719K, paused 2ms+3ms
07-05 11:39:58.502   545  7508 I DownloadManager: Initiating request for download 851
07-05 11:39:58.580   545   548 D dalvikvm: GC_CONCURRENT freed 321K, 12% free 10337K/11719K, paused 2ms+3ms
07-05 11:39:58.678   545   548 D dalvikvm: GC_CONCURRENT freed 354K, 12% free 10394K/11719K, paused 1ms+3ms
07-05 11:39:58.893   545   548 D dalvikvm: GC_CONCURRENT freed 591K, 14% free 10191K/11719K, paused 2ms+3ms
07-05 11:39:59.080   545   548 D dalvikvm: GC_CONCURRENT freed 408K, 14% free 10174K/11719K, paused 2ms+4ms
07-05 11:39:59.147   545  7511 I DownloadManager: Initiating request for download 852
07-05 11:39:59.248   545   548 D dalvikvm: GC_CONCURRENT freed 211K, 12% free 10394K/11719K, paused 2ms+2ms
07-05 11:39:59.385   545   548 D dalvikvm: GC_CONCURRENT freed 551K, 13% free 10232K/11719K, paused 2ms+2ms
07-05 11:39:59.487  1370  7513 E DictionaryProvider:UpdateHandler: Can't read a file : android.util.MalformedJsonException: Use JsonReader.setLenient(true) to accept malformed JSON at line 1 column 20
07-05 11:39:59.529  1370  1372 D dalvikvm: GC_CONCURRENT freed 384K, 7% free 9133K/9735K, paused 1ms+3ms
07-05 11:39:59.670   545   548 D dalvikvm: GC_CONCURRENT freed 433K, 14% free 10190K/11719K, paused 2ms+3ms
07-05 11:39:59.787   545  7516 I DownloadManager: Initiating request for download 852
07-05 11:39:59.858   545   548 D dalvikvm: GC_CONCURRENT freed 326K, 13% free 10288K/11719K, paused 2ms+2ms
07-05 11:39:59.955   545   548 D dalvikvm: GC_CONCURRENT freed 261K, 11% free 10455K/11719K, paused 2ms+3ms
07-05 11:40:00.209  1057  1120 I System.out: [INFO:964936]: c: Running flush
07-05 11:40:00.213  1057  1122 I System.out: [INFO:964939]: c: Sending payload [bytes=597]
07-05 11:40:00.252   545   548 D dalvikvm: GC_CONCURRENT freed 652K, 14% free 10194K/11719K, paused 2ms+3ms
07-05 11:40:00.362  1057  1122 I System.out: [SEVERE:965087]: c: AsyncHttpRequestImpl.run(): exception thrown : No peer certificate: javax.net.ssl.SSLPeerUnverifiedException
07-05 11:40:00.381  1057  1060 D dalvikvm: GC_CONCURRENT freed 381K, 8% free 10178K/10951K, paused 2ms+3ms
07-05 11:40:00.533   545   548 D dalvikvm: GC_CONCURRENT freed 406K, 14% free 10181K/11719K, paused 2ms+2ms
07-05 11:40:00.608   545  7520 I DownloadManager: Initiating request for download 853
07-05 11:40:00.709   545   548 D dalvikvm: GC_CONCURRENT freed 228K, 12% free 10405K/11719K, paused 2ms+3ms
07-05 11:40:00.846   545   548 D dalvikvm: GC_CONCURRENT freed 560K, 13% free 10237K/11719K, paused 2ms+2ms
07-05 11:40:00.920  1370  7522 E DictionaryProvider:UpdateHandler: Can't read a file : android.util.MalformedJsonException: Use JsonReader.setLenient(true) to accept malformed JSON at line 1 column 20
07-05 11:40:01.100   545   548 D dalvikvm: GC_CONCURRENT freed 436K, 14% free 10193K/11719K, paused 2ms+2ms
07-05 11:40:01.229   545  7525 I DownloadManager: Initiating request for download 853
07-05 11:40:01.276   545   548 D dalvikvm: GC_CONCURRENT freed 341K, 13% free 10240K/11719K, paused 2ms+2ms
07-05 11:40:01.377   545   548 D dalvikvm: GC_CONCURRENT freed 230K, 11% free 10439K/11719K, paused 2ms+3ms
07-05 11:40:01.561   545   548 D dalvikvm: GC_CONCURRENT freed 629K, 13% free 10202K/11719K, paused 2ms+2ms
07-05 11:40:01.760   545   548 D dalvikvm: GC_CONCURRENT freed 409K, 14% free 10180K/11719K, paused 2ms+3ms
07-05 11:40:01.862   545  7528 I DownloadManager: Initiating request for download 854
07-05 11:40:01.955   545   548 D dalvikvm: GC_CONCURRENT freed 262K, 12% free 10366K/11719K, paused 2ms+2ms
07-05 11:40:02.065   545   548 D dalvikvm: GC_CONCURRENT freed 385K, 12% free 10389K/11719K, paused 2ms+2ms
07-05 11:40:02.194  1370  7530 E DictionaryProvider:UpdateHandler: Can't read a file : android.util.MalformedJsonException: Use JsonReader.setLenient(true) to accept malformed JSON at line 1 column 20
07-05 11:40:02.307   545   548 D dalvikvm: GC_CONCURRENT freed 571K, 13% free 10204K/11719K, paused 2ms+3ms
07-05 11:40:02.393   993  1240 I PhoneLab-: Service Running
07-05 11:40:02.424   993  1240 I PhoneLab-LoggerService: app_49    1247  993   1956   1584  c00f181c 400107b4 S logcat
07-05 11:40:02.424   993  1240 I PhoneLab-LoggerService: Logcat pid from database 1247
07-05 11:40:02.424   993  1240 I PhoneLab-LoggerService: Logcat process found 1247
07-05 11:40:02.424   993  1240 I PhoneLab-LoggerService: Checking Threshold
07-05 11:40:02.428   993  1240 I PhoneLab-LoggerService: Starting to rename files
07-05 11:40:02.428   993  1240 I PhoneLab-LoggerService: Files found .. 4
07-05 11:40:02.506   545  7533 I DownloadManager: Initiating request for download 854
07-05 11:40:02.533   545   548 D dalvikvm: GC_CONCURRENT freed 390K, 13% free 10198K/11719K, paused 2ms+3ms
07-05 11:40:02.623   545   548 D dalvikvm: GC_CONCURRENT freed 182K, 12% free 10427K/11719K, paused 2ms+2ms
07-05 11:40:03.549   545   548 D dalvikvm: GC_CONCURRENT freed 580K, 13% free 10238K/11719K, paused 1ms+2ms
07-05 11:40:03.760   545   548 D dalvikvm: GC_CONCURRENT freed 437K, 14% free 10189K/11719K, paused 2ms+2ms
07-05 11:40:03.901   545  7537 I DownloadManager: Initiating request for download 855
07-05 11:40:03.979   545   548 D dalvikvm: GC_CONCURRENT freed 284K, 12% free 10339K/11719K, paused 2ms+3ms
07-05 11:40:04.080   545   548 D dalvikvm: GC_CONCURRENT freed 344K, 12% free 10393K/11719K, paused 2ms+2ms
07-05 11:40:04.237  1370  7539 E DictionaryProvider:UpdateHandler: Can't read a file : android.util.MalformedJsonException: Use JsonReader.setLenient(true) to accept malformed JSON at line 1 column 20
07-05 11:40:04.326   545   548 D dalvikvm: GC_CONCURRENT freed 571K, 13% free 10210K/11719K, paused 2ms+3ms
07-05 11:40:04.518   545   548 D dalvikvm: GC_CONCURRENT freed 414K, 14% free 10182K/11719K, paused 2ms+3ms
07-05 11:40:04.565   545  7542 I DownloadManager: Initiating request for download 855
