07-05 11:55:34.470   545   548 D dalvikvm: GC_CONCURRENT freed 796K, 12% free 10408K/11719K, paused 1ms+3ms
07-05 11:55:34.681   545   548 D dalvikvm: GC_CONCURRENT freed 411K, 12% free 10384K/11719K, paused 3ms+3ms
07-05 11:55:34.802   545 11234 I DownloadManager: Initiating request for download 1284
07-05 11:55:34.880   545   548 D dalvikvm: GC_CONCURRENT freed 313K, 11% free 10506K/11719K, paused 2ms+3ms
07-05 11:55:34.981   545   548 D dalvikvm: GC_CONCURRENT freed 252K, 9% free 10685K/11719K, paused 2ms+2ms
07-05 11:55:35.130   545   548 D dalvikvm: GC_CONCURRENT freed 682K, 11% free 10441K/11719K, paused 2ms+2ms
07-05 11:55:35.345   545   548 D dalvikvm: GC_CONCURRENT freed 439K, 12% free 10391K/11719K, paused 1ms+2ms
07-05 11:55:35.536   545   548 D dalvikvm: GC_CONCURRENT freed 406K, 12% free 10376K/11719K, paused 2ms+2ms
07-05 11:55:35.610   545 11237 I DownloadManager: Initiating request for download 1285
07-05 11:55:35.712   545   548 D dalvikvm: GC_CONCURRENT freed 203K, 10% free 10604K/11719K, paused 2ms+3ms
07-05 11:55:35.817   545   548 D dalvikvm: GC_CONCURRENT freed 362K, 10% free 10663K/11719K, paused 2ms+3ms
07-05 11:55:36.040  1370 11239 E DictionaryProvider:UpdateHandler: Can't read a file : android.util.MalformedJsonException: Use JsonReader.setLenient(true) to accept malformed JSON at line 1 column 20
07-05 11:55:36.059   545   548 D dalvikvm: GC_CONCURRENT freed 685K, 12% free 10425K/11719K, paused 2ms+2ms
07-05 11:55:36.263   545   548 D dalvikvm: GC_CONCURRENT freed 423K, 12% free 10391K/11719K, paused 2ms+3ms
07-05 11:55:36.388   545 11242 I DownloadManager: Initiating request for download 1285
07-05 11:55:36.446   545   548 D dalvikvm: GC_CONCURRENT freed 330K, 11% free 10449K/11719K, paused 2ms+4ms
07-05 11:55:36.552   545   548 D dalvikvm: GC_CONCURRENT freed 216K, 9% free 10668K/11719K, paused 2ms+3ms
07-05 11:55:36.681   545   548 D dalvikvm: GC_CONCURRENT freed 453K, 10% free 10658K/11719K, paused 2ms+3ms
07-05 11:55:36.915   545   548 D dalvikvm: GC_CONCURRENT freed 684K, 12% free 10398K/11719K, paused 2ms+2ms
07-05 11:55:37.114   545   548 D dalvikvm: GC_CONCURRENT freed 409K, 12% free 10381K/11719K, paused 2ms+2ms
07-05 11:55:37.274   156   512 D dalvikvm: GC_EXPLICIT freed 538K, 17% free 13328K/15879K, paused 3ms+5ms
07-05 11:55:37.282   545 11245 I DownloadManager: Initiating request for download 1286
07-05 11:55:37.384   545   548 D dalvikvm: GC_CONCURRENT freed 210K, 10% free 10597K/11719K, paused 2ms+3ms
07-05 11:55:37.493   545   548 D dalvikvm: GC_CONCURRENT freed 308K, 9% free 10739K/11719K, paused 2ms+3ms
07-05 11:55:37.669  1370 11247 E DictionaryProvider:UpdateHandler: Can't read a file : android.util.MalformedJsonException: Use JsonReader.setLenient(true) to accept malformed JSON at line 1 column 20
07-05 11:55:37.727  1370  1372 D dalvikvm: GC_CONCURRENT freed 387K, 7% free 9130K/9735K, paused 1ms+4ms
07-05 11:55:37.770   545   548 D dalvikvm: GC_CONCURRENT freed 799K, 12% free 10394K/11719K, paused 2ms+2ms
07-05 11:55:37.950   545   548 D dalvikvm: GC_CONCURRENT freed 411K, 12% free 10371K/11719K, paused 1ms+2ms
07-05 11:55:38.071   545 11250 I DownloadManager: Initiating request for download 1286
07-05 11:55:38.161   545   548 D dalvikvm: GC_CONCURRENT freed 316K, 11% free 10498K/11719K, paused 2ms+3ms
07-05 11:55:38.267   545   548 D dalvikvm: GC_CONCURRENT freed 261K, 9% free 10713K/11719K, paused 1ms+3ms
07-05 11:55:38.427   545   548 D dalvikvm: GC_CONCURRENT freed 730K, 12% free 10428K/11719K, paused 1ms+3ms
07-05 11:55:38.645   545   548 D dalvikvm: GC_CONCURRENT freed 437K, 12% free 10382K/11719K, paused 2ms+3ms
07-05 11:55:38.852   545   548 D dalvikvm: GC_CONCURRENT freed 407K, 12% free 10361K/11719K, paused 2ms+2ms
07-05 11:55:38.919   545 11253 I DownloadManager: Initiating request for download 1287
07-05 11:55:39.028   545   548 D dalvikvm: GC_CONCURRENT freed 178K, 10% free 10610K/11719K, paused 1ms+3ms
07-05 11:55:39.134   545   548 D dalvikvm: GC_CONCURRENT freed 379K, 10% free 10649K/11719K, paused 2ms+3ms
07-05 11:55:39.313  1370 11255 E DictionaryProvider:UpdateHandler: Can't read a file : android.util.MalformedJsonException: Use JsonReader.setLenient(true) to accept malformed JSON at line 1 column 20
07-05 11:55:39.395   545   548 D dalvikvm: GC_CONCURRENT freed 671K, 12% free 10404K/11719K, paused 2ms+2ms
07-05 11:55:39.587   545   548 D dalvikvm: GC_CONCURRENT freed 424K, 12% free 10371K/11719K, paused 1ms+3ms
07-05 11:55:39.700   545 11258 I DownloadManager: Initiating request for download 1287
07-05 11:55:39.778   545   548 D dalvikvm: GC_CONCURRENT freed 309K, 11% free 10494K/11719K, paused 2ms+2ms
07-05 11:55:39.884   545   548 D dalvikvm: GC_CONCURRENT freed 255K, 9% free 10724K/11719K, paused 2ms+3ms
07-05 11:55:40.056   545   548 D dalvikvm: GC_CONCURRENT freed 742K, 11% free 10431K/11719K, paused 2ms+2ms
07-05 11:55:40.263   545   548 D dalvikvm: GC_CONCURRENT freed 438K, 12% free 10387K/11719K, paused 2ms+3ms
07-05 11:55:40.450   545   548 D dalvikvm: GC_CONCURRENT freed 409K, 12% free 10366K/11719K, paused 2ms+2ms
07-05 11:55:40.497   545 11261 I DownloadManager: Initiating request for download 1288
07-05 11:55:40.614   545   548 D dalvikvm: GC_CONCURRENT freed 174K, 10% free 10616K/11719K, paused 2ms+3ms
07-05 11:55:40.720   545   548 D dalvikvm: GC_CONCURRENT freed 385K, 10% free 10653K/11719K, paused 2ms+2ms
07-05 11:55:40.915   545   548 D dalvikvm: GC_CONCURRENT freed 649K, 12% free 10428K/11719K, paused 2ms+2ms
07-05 11:55:41.102   545   548 D dalvikvm: GC_CONCURRENT freed 402K, 12% free 10411K/11719K, paused 1ms+2ms
07-05 11:55:41.688  1370 11264 E DictionaryProvider:UpdateHandler: Can't read a file : android.util.MalformedJsonException: Use JsonReader.setLenient(true) to accept malformed JSON at line 1 column 20
07-05 11:55:41.759   545   548 D dalvikvm: GC_CONCURRENT freed 381K, 12% free 10417K/11719K, paused 2ms+3ms
07-05 11:55:41.938   545   548 D dalvikvm: GC_CONCURRENT freed 420K, 12% free 10387K/11719K, paused 2ms+2ms
07-05 11:55:42.130   545   548 D dalvikvm: GC_CONCURRENT freed 403K, 12% free 10374K/11719K, paused 2ms+2ms
07-05 11:55:42.224   545 11267 I DownloadManager: Initiating request for download 1288
07-05 11:55:42.224   545 11267 W DownloadManager: Aborting request for download 1288: Trying to resume a download that can't be resumed
07-05 11:55:42.462   545   548 D dalvikvm: GC_CONCURRENT freed 362K, 12% free 10401K/11719K, paused 2ms+3ms
07-05 11:55:42.661   545   548 D dalvikvm: GC_CONCURRENT freed 408K, 12% free 10385K/11719K, paused 2ms+2ms
07-05 11:55:42.849   545   548 D dalvikvm: GC_CONCURRENT freed 404K, 12% free 10370K/11719K, paused 2ms+2ms
07-05 11:55:42.927   545 11270 I DownloadManager: Initiating request for download 1289
07-05 11:55:43.036   545   548 D dalvikvm: GC_CONCURRENT freed 185K, 10% free 10627K/11719K, paused 2ms+3ms
07-05 11:55:43.142   545   548 D dalvikvm: GC_CONCURRENT freed 394K, 10% free 10662K/11719K, paused 2ms+3ms
07-05 11:55:43.349  1370 11272 E DictionaryProvider:UpdateHandler: Can't read a file : android.util.MalformedJsonException: Use JsonReader.setLenient(true) to accept malformed JSON at line 1 column 20
07-05 11:55:43.384   545   548 D dalvikvm: GC_CONCURRENT freed 700K, 12% free 10409K/11719K, paused 2ms+2ms
07-05 11:55:43.575   545   548 D dalvikvm: GC_CONCURRENT freed 416K, 12% free 10380K/11719K, paused 2ms+2ms
07-05 11:55:43.677   545 11274 I DownloadManager: Initiating request for download 1289
07-05 11:55:43.739   545   548 D dalvikvm: GC_CONCURRENT freed 272K, 11% free 10498K/11719K, paused 2ms+2ms
07-05 11:55:43.817   545   548 D dalvikvm: GC_CONCURRENT freed 222K, 9% free 10667K/11719K, paused 1ms+3ms
07-05 11:55:44.505   545   548 D dalvikvm: GC_CONCURRENT freed 658K, 11% free 10445K/11719K, paused 2ms+3ms
07-05 11:55:44.720   545   548 D dalvikvm: GC_CONCURRENT freed 441K, 12% free 10393K/11719K, paused 2ms+2ms
07-05 11:55:44.907   545   548 D dalvikvm: GC_CONCURRENT freed 407K, 12% free 10373K/11719K, paused 1ms+2ms
07-05 11:55:45.009   545 11278 I DownloadManager: Initiating request for download 1290
07-05 11:55:45.102   545   548 D dalvikvm: GC_CONCURRENT freed 228K, 10% free 10595K/11719K, paused 2ms+2ms
07-05 11:55:45.208   545   548 D dalvikvm: GC_CONCURRENT freed 296K, 9% free 10747K/11719K, paused 2ms+3ms
07-05 11:55:45.415   545   548 D dalvikvm: GC_CONCURRENT freed 800K, 12% free 10403K/11719K, paused 2ms+3ms
07-05 11:55:45.454  1370 11280 E DictionaryProvider:UpdateHandler: Can't read a file : android.util.MalformedJsonException: Use JsonReader.setLenient(true) to accept malformed JSON at line 1 column 20
07-05 11:55:45.489  1370  1372 D dalvikvm: GC_CONCURRENT freed 391K, 7% free 9127K/9735K, paused 1ms+2ms
07-05 11:55:45.677   545   548 D dalvikvm: GC_CONCURRENT freed 396K, 12% free 10394K/11719K, paused 2ms+2ms
07-05 11:55:45.806   545 11283 I DownloadManager: Initiating request for download 1290
07-05 11:55:45.856   545   548 D dalvikvm: GC_CONCURRENT freed 361K, 11% free 10447K/11719K, paused 2ms+4ms
07-05 11:55:45.970   545   548 D dalvikvm: GC_CONCURRENT freed 206K, 9% free 10674K/11719K, paused 3ms+3ms
07-05 11:55:46.106   545   548 D dalvikvm: GC_CONCURRENT freed 660K, 11% free 10443K/11719K, paused 2ms+3ms
07-05 11:55:46.317   545   548 D dalvikvm: GC_CONCURRENT freed 435K, 12% free 10397K/11719K, paused 2ms+2ms
07-05 11:55:46.497   545   548 D dalvikvm: GC_CONCURRENT freed 406K, 12% free 10378K/11719K, paused 1ms+2ms
07-05 11:55:46.610   545 11286 I DownloadManager: Initiating request for download 1291
07-05 11:55:46.704   545   548 D dalvikvm: GC_CONCURRENT freed 231K, 10% free 10568K/11719K, paused 3ms+3ms
07-05 11:55:46.806   545   548 D dalvikvm: GC_CONCURRENT freed 277K, 9% free 10775K/11719K, paused 2ms+3ms
07-05 11:55:47.013   545   548 D dalvikvm: GC_CONCURRENT freed 802K, 11% free 10436K/11719K, paused 2ms+2ms
07-05 11:55:47.071  1370 11288 E DictionaryProvider:UpdateHandler: Can't read a file : android.util.MalformedJsonException: Use JsonReader.setLenient(true) to accept malformed JSON at line 1 column 20
07-05 11:55:47.259   545   548 D dalvikvm: GC_CONCURRENT freed 430K, 12% free 10397K/11719K, paused 2ms+2ms
07-05 11:55:47.392   545 11291 I DownloadManager: Initiating request for download 1291
07-05 11:55:47.454   545   548 D dalvikvm: GC_CONCURRENT freed 363K, 11% free 10450K/11719K, paused 2ms+2ms
07-05 11:55:47.559   545   548 D dalvikvm: GC_CONCURRENT freed 209K, 10% free 10664K/11719K, paused 2ms+3ms
07-05 11:55:47.688   545   548 D dalvikvm: GC_CONCURRENT freed 445K, 9% free 10667K/11719K, paused 2ms+2ms
07-05 11:55:47.923   545   548 D dalvikvm: GC_CONCURRENT freed 694K, 12% free 10399K/11719K, paused 2ms+3ms
07-05 11:55:48.102   545   548 D dalvikvm: GC_CONCURRENT freed 413K, 12% free 10378K/11719K, paused 2ms+2ms
07-05 11:55:48.184   545 11294 I DownloadManager: Initiating request for download 1292
07-05 11:55:48.282   545   548 D dalvikvm: GC_CONCURRENT freed 217K, 10% free 10594K/11719K, paused 1ms+3ms
07-05 11:55:48.388   545   548 D dalvikvm: GC_CONCURRENT freed 288K, 9% free 10756K/11719K, paused 2ms+3ms
07-05 11:55:48.520   545 11294 D dalvikvm: GC_EXPLICIT freed 561K, 11% free 10474K/11719K, paused 2ms+4ms
07-05 11:55:48.677  1370 11296 E DictionaryProvider:UpdateHandler: Can't read a file : android.util.MalformedJsonException: Use JsonReader.setLenient(true) to accept malformed JSON at line 1 column 20
07-05 11:55:48.755   545   548 D dalvikvm: GC_CONCURRENT freed 452K, 12% free 10412K/11719K, paused 1ms+3ms
07-05 11:55:48.942   545   548 D dalvikvm: GC_CONCURRENT freed 418K, 12% free 10386K/11719K, paused 2ms+2ms
07-05 11:55:48.993   545 11299 I DownloadManager: Initiating request for download 1292
07-05 11:55:49.083   545   548 D dalvikvm: GC_CONCURRENT freed 205K, 10% free 10601K/11719K, paused 2ms+3ms
07-05 11:55:49.188   545   548 D dalvikvm: GC_CONCURRENT freed 277K, 9% free 10768K/11719K, paused 2ms+2ms
07-05 11:55:49.395   545   548 D dalvikvm: GC_CONCURRENT freed 824K, 12% free 10405K/11719K, paused 2ms+3ms
07-05 11:55:49.595   545   548 D dalvikvm: GC_CONCURRENT freed 400K, 12% free 10392K/11719K, paused 3ms+3ms
07-05 11:55:49.735   545 11302 I DownloadManager: Initiating request for download 1293
07-05 11:55:49.813   545   548 D dalvikvm: GC_CONCURRENT freed 318K, 11% free 10538K/11719K, paused 2ms+3ms
07-05 11:55:49.923   545   548 D dalvikvm: GC_CONCURRENT freed 266K, 9% free 10743K/11719K, paused 2ms+2ms
07-05 11:55:50.095   545   548 D dalvikvm: GC_CONCURRENT freed 757K, 11% free 10447K/11719K, paused 2ms+2ms
07-05 11:55:50.177  1370 11304 E DictionaryProvider:UpdateHandler: Can't read a file : android.util.MalformedJsonException: Use JsonReader.setLenient(true) to accept malformed JSON at line 1 column 20
07-05 11:55:50.333   545   548 D dalvikvm: GC_CONCURRENT freed 430K, 12% free 10405K/11719K, paused 2ms+2ms
07-05 11:55:50.524   545   548 D dalvikvm: GC_CONCURRENT freed 411K, 12% free 10380K/11719K, paused 2ms+2ms
07-05 11:55:50.552   545 11307 I DownloadManager: Initiating request for download 1293
07-05 11:55:50.653   545   548 D dalvikvm: GC_CONCURRENT freed 194K, 10% free 10635K/11719K, paused 2ms+2ms
07-05 11:55:50.767   545   548 D dalvikvm: GC_CONCURRENT freed 390K, 9% free 10669K/11719K, paused 2ms+3ms
07-05 11:55:50.997   545   548 D dalvikvm: GC_CONCURRENT freed 686K, 12% free 10407K/11719K, paused 2ms+2ms
07-05 11:55:51.173   545   548 D dalvikvm: GC_CONCURRENT freed 406K, 12% free 10388K/11719K, paused 2ms+2ms
07-05 11:55:51.302   545 11310 I DownloadManager: Initiating request for download 1294
07-05 11:55:51.388   545   548 D dalvikvm: GC_CONCURRENT freed 284K, 11% free 10526K/11719K, paused 2ms+2ms
07-05 11:55:51.493   545   548 D dalvikvm: GC_CONCURRENT freed 257K, 9% free 10712K/11719K, paused 2ms+2ms
07-05 11:55:51.638   545   548 D dalvikvm: GC_CONCURRENT freed 708K, 11% free 10452K/11719K, paused 2ms+2ms
07-05 11:55:51.790   156   168 D dalvikvm: GC_EXPLICIT freed 484K, 17% free 13326K/15879K, paused 3ms+6ms
07-05 11:55:51.794  1370 11312 E DictionaryProvider:UpdateHandler: Can't read a file : android.util.MalformedJsonException: Use JsonReader.setLenient(true) to accept malformed JSON at line 1 column 20
07-05 11:55:51.829  1370  1372 D dalvikvm: GC_CONCURRENT freed 388K, 7% free 9130K/9735K, paused 2ms+2ms
07-05 11:55:51.985   545   548 D dalvikvm: GC_CONCURRENT freed 428K, 12% free 10410K/11719K, paused 1ms+2ms
07-05 11:55:52.165   545   548 D dalvikvm: GC_CONCURRENT freed 428K, 12% free 10370K/11719K, paused 2ms+3ms
07-05 11:55:52.216   545 11315 I DownloadManager: Initiating request for download 1294
07-05 11:55:52.306   545   548 D dalvikvm: GC_CONCURRENT freed 218K, 10% free 10602K/11719K, paused 2ms+3ms
07-05 11:55:52.427   545   548 D dalvikvm: GC_CONCURRENT freed 270K, 9% free 10770K/11719K, paused 2ms+2ms
07-05 11:55:52.665   545   548 D dalvikvm: GC_CONCURRENT freed 834K, 12% free 10399K/11719K, paused 2ms+2ms
07-05 11:55:52.849   545   548 D dalvikvm: GC_CONCURRENT freed 410K, 12% free 10379K/11719K, paused 2ms+2ms
07-05 11:55:52.985   545 11318 I DownloadManager: Initiating request for download 1295
07-05 11:55:53.071   545   548 D dalvikvm: GC_CONCURRENT freed 287K, 10% free 10566K/11719K, paused 3ms+3ms
07-05 11:55:53.177   545   548 D dalvikvm: GC_CONCURRENT freed 285K, 9% free 10729K/11719K, paused 2ms+3ms
07-05 11:55:53.356   545   548 D dalvikvm: GC_CONCURRENT freed 741K, 11% free 10444K/11719K, paused 1ms+2ms
07-05 11:55:53.431  1370 11320 E DictionaryProvider:UpdateHandler: Can't read a file : android.util.MalformedJsonException: Use JsonReader.setLenient(true) to accept malformed JSON at line 1 column 20
07-05 11:55:53.610   545   548 D dalvikvm: GC_CONCURRENT freed 436K, 12% free 10393K/11719K, paused 2ms+3ms
07-05 11:55:53.809   545   548 D dalvikvm: GC_CONCURRENT freed 414K, 12% free 10369K/11719K, paused 2ms+2ms
07-05 11:55:53.833   545 11323 I DownloadManager: Initiating request for download 1295
07-05 11:55:53.938   545   548 D dalvikvm: GC_CONCURRENT freed 183K, 10% free 10622K/11719K, paused 2ms+3ms
07-05 11:55:54.052   545   548 D dalvikvm: GC_CONCURRENT freed 387K, 10% free 10665K/11719K, paused 2ms+3ms
07-05 11:55:54.263   545   548 D dalvikvm: GC_CONCURRENT freed 689K, 12% free 10399K/11719K, paused 2ms+3ms
07-05 11:55:54.477   545   548 D dalvikvm: GC_CONCURRENT freed 407K, 12% free 10379K/11719K, paused 2ms+2ms
07-05 11:55:54.638   545 11326 I DownloadManager: Initiating request for download 1296
07-05 11:55:54.720   545   548 D dalvikvm: GC_CONCURRENT freed 289K, 11% free 10510K/11719K, paused 2ms+2ms
07-05 11:55:54.821   545   548 D dalvikvm: GC_CONCURRENT freed 244K, 9% free 10684K/11719K, paused 1ms+3ms
07-05 11:55:54.958   545   548 D dalvikvm: GC_CONCURRENT freed 672K, 11% free 10441K/11719K, paused 2ms+2ms
07-05 11:55:55.075  1370 11328 E DictionaryProvider:UpdateHandler: Can't read a file : android.util.MalformedJsonException: Use JsonReader.setLenient(true) to accept malformed JSON at line 1 column 20
07-05 11:55:55.220   545   548 D dalvikvm: GC_CONCURRENT freed 425K, 12% free 10408K/11719K, paused 2ms+3ms
07-05 11:55:55.434   545   548 D dalvikvm: GC_CONCURRENT freed 418K, 12% free 10380K/11719K, paused 2ms+3ms
07-05 11:55:55.505   545 11331 I DownloadManager: Initiating request for download 1296
07-05 11:55:55.602   545   548 D dalvikvm: GC_CONCURRENT freed 229K, 10% free 10582K/11719K, paused 2ms+3ms
07-05 11:55:55.704   545   548 D dalvikvm: GC_CONCURRENT freed 286K, 9% free 10742K/11719K, paused 2ms+2ms
07-05 11:55:55.899   545   548 D dalvikvm: GC_CONCURRENT freed 788K, 12% free 10405K/11719K, paused 2ms+2ms
07-05 11:55:56.110   545   548 D dalvikvm: GC_CONCURRENT freed 401K, 12% free 10392K/11719K, paused 2ms+2ms
07-05 11:55:56.263   545 11334 I DownloadManager: Initiating request for download 1297
07-05 11:55:56.325   545   548 D dalvikvm: GC_CONCURRENT freed 368K, 11% free 10453K/11719K, paused 2ms+3ms
07-05 11:55:56.442   545   548 D dalvikvm: GC_CONCURRENT freed 211K, 9% free 10667K/11719K, paused 2ms+2ms
07-05 11:55:56.575   545   548 D dalvikvm: GC_CONCURRENT freed 655K, 11% free 10447K/11719K, paused 2ms+3ms
07-05 11:55:56.688   482   482 D SAN_SERVICE: *******************************************
07-05 11:55:56.688   482   482 D SAN_SERVICE: DM App Phone Service State - 0
07-05 11:55:56.688   482   482 D SAN_SERVICE: *******************************************
07-05 11:55:56.735  1370 11336 E DictionaryProvider:UpdateHandler: Can't read a file : android.util.MalformedJsonException: Use JsonReader.setLenient(true) to accept malformed JSON at line 1 column 20
07-05 11:55:56.860   545   548 D dalvikvm: GC_CONCURRENT freed 426K, 12% free 10410K/11719K, paused 2ms+3ms
07-05 11:55:57.052   545   548 D dalvikvm: GC_CONCURRENT freed 415K, 12% free 10383K/11719K, paused 2ms+3ms
07-05 11:55:57.138   545 11339 I DownloadManager: Initiating request for download 1297
07-05 11:55:57.227   545   548 D dalvikvm: GC_CONCURRENT freed 260K, 10% free 10564K/11719K, paused 2ms+3ms
07-05 11:55:57.333   545   548 D dalvikvm: GC_CONCURRENT freed 279K, 9% free 10726K/11719K, paused 2ms+4ms
07-05 11:55:57.528   545   548 D dalvikvm: GC_CONCURRENT freed 730K, 11% free 10445K/11719K, paused 2ms+2ms
07-05 11:55:57.763   545   548 D dalvikvm: GC_CONCURRENT freed 440K, 12% free 10393K/11719K, paused 2ms+3ms
07-05 11:55:57.954   545   548 D dalvikvm: GC_CONCURRENT freed 400K, 12% free 10381K/11719K, paused 2ms+2ms
07-05 11:55:57.989   545 11342 I DownloadManager: Initiating request for download 1298
07-05 11:55:58.095   545   548 D dalvikvm: GC_CONCURRENT freed 174K, 10% free 10640K/11719K, paused 2ms+2ms
07-05 11:55:58.212   545   548 D dalvikvm: GC_CONCURRENT freed 403K, 9% free 10678K/11719K, paused 2ms+2ms
07-05 11:55:58.364  1370 11344 E DictionaryProvider:UpdateHandler: Can't read a file : android.util.MalformedJsonException: Use JsonReader.setLenient(true) to accept malformed JSON at line 1 column 20
07-05 11:55:58.407  1370  1372 D dalvikvm: GC_CONCURRENT freed 393K, 7% free 9128K/9735K, paused 1ms+3ms
07-05 11:55:58.493   545   548 D dalvikvm: GC_CONCURRENT freed 696K, 12% free 10414K/11719K, paused 2ms+3ms
07-05 11:55:58.681   545   548 D dalvikvm: GC_CONCURRENT freed 418K, 12% free 10384K/11719K, paused 2ms+2ms
07-05 11:55:58.786   545 11347 I DownloadManager: Initiating request for download 1298
07-05 11:55:58.868   545   548 D dalvikvm: GC_CONCURRENT freed 275K, 11% free 10528K/11719K, paused 2ms+3ms
07-05 11:55:58.974   545   548 D dalvikvm: GC_CONCURRENT freed 264K, 9% free 10715K/11719K, paused 2ms+3ms
07-05 11:55:59.138   545   548 D dalvikvm: GC_CONCURRENT freed 711K, 11% free 10455K/11719K, paused 2ms+3ms
07-05 11:55:59.349   545   548 D dalvikvm: GC_CONCURRENT freed 443K, 12% free 10400K/11719K, paused 2ms+2ms
07-05 11:55:59.544   545   548 D dalvikvm: GC_CONCURRENT freed 407K, 12% free 10381K/11719K, paused 2ms+2ms
07-05 11:55:59.606   545 11350 I DownloadManager: Initiating request for download 1299
07-05 11:55:59.712   545   548 D dalvikvm: GC_CONCURRENT freed 193K, 10% free 10664K/11719K, paused 2ms+3ms
07-05 11:55:59.833   545   548 D dalvikvm: GC_CONCURRENT freed 427K, 9% free 10673K/11719K, paused 2ms+3ms
07-05 11:56:00.017  1370 11352 E DictionaryProvider:UpdateHandler: Can't read a file : android.util.MalformedJsonException: Use JsonReader.setLenient(true) to accept malformed JSON at line 1 column 20
07-05 11:56:00.126   465   467 D dalvikvm: GC_CONCURRENT freed 439K, 6% free 10514K/11079K, paused 2ms+3ms
07-05 11:56:00.161   545   548 D dalvikvm: GC_CONCURRENT freed 689K, 12% free 10419K/11719K, paused 1ms+3ms
07-05 11:56:00.337   545   548 D dalvikvm: GC_CONCURRENT freed 417K, 12% free 10393K/11719K, paused 1ms+2ms
07-05 11:56:00.446   545 11355 I DownloadManager: Initiating request for download 1299
07-05 11:56:00.528   545   548 D dalvikvm: GC_CONCURRENT freed 298K, 10% free 10558K/11719K, paused 2ms+3ms
07-05 11:56:00.634   545   548 D dalvikvm: GC_CONCURRENT freed 282K, 9% free 10719K/11719K, paused 2ms+2ms
07-05 11:56:00.794   545   548 D dalvikvm: GC_CONCURRENT freed 713K, 11% free 10455K/11719K, paused 2ms+3ms
07-05 11:56:01.005   545   548 D dalvikvm: GC_CONCURRENT freed 441K, 12% free 10401K/11719K, paused 2ms+2ms
07-05 11:56:01.192   545   548 D dalvikvm: GC_CONCURRENT freed 404K, 12% free 10384K/11719K, paused 2ms+2ms
07-05 11:56:01.255   545 11358 I DownloadManager: Initiating request for download 1300
07-05 11:56:01.356   545   548 D dalvikvm: GC_CONCURRENT freed 189K, 10% free 10656K/11719K, paused 2ms+3ms
07-05 11:56:01.481   545   548 D dalvikvm: GC_CONCURRENT freed 411K, 9% free 10677K/11719K, paused 2ms+3ms
07-05 11:56:01.638  1370 11360 E DictionaryProvider:UpdateHandler: Can't read a file : android.util.MalformedJsonException: Use JsonReader.setLenient(true) to accept malformed JSON at line 1 column 20
07-05 11:56:01.743   545   548 D dalvikvm: GC_CONCURRENT freed 686K, 12% free 10421K/11719K, paused 3ms+3ms
07-05 11:56:01.934   545   548 D dalvikvm: GC_CONCURRENT freed 417K, 12% free 10393K/11719K, paused 2ms+2ms
07-05 11:56:02.052   545 11363 I DownloadManager: Initiating request for download 1300
07-05 11:56:02.126   545   548 D dalvikvm: GC_CONCURRENT freed 314K, 11% free 10510K/11719K, paused 2ms+3ms
07-05 11:56:02.231   545   548 D dalvikvm: GC_CONCURRENT freed 235K, 9% free 10743K/11719K, paused 2ms+3ms
07-05 11:56:02.392   545   548 D dalvikvm: GC_CONCURRENT freed 745K, 11% free 10460K/11719K, paused 2ms+2ms
07-05 11:56:02.395   993  1240 I PhoneLab-: Service Running
07-05 11:56:02.450   993   995 D dalvikvm: GC_CONCURRENT freed 936K, 15% free 9156K/10695K, paused 2ms+7ms
07-05 11:56:02.466   993  1240 I PhoneLab-LoggerService: app_49    1247  993   1956   1584  c00f181c 400107b4 S logcat
07-05 11:56:02.470   993  1240 I PhoneLab-LoggerService: Logcat pid from database 1247
07-05 11:56:02.470   993  1240 I PhoneLab-LoggerService: Logcat process found 1247
07-05 11:56:02.470   993  1240 I PhoneLab-LoggerService: Checking Threshold
07-05 11:56:02.470   993  1240 I PhoneLab-LoggerService: Starting to rename files
07-05 11:56:02.470   993  1240 I PhoneLab-LoggerService: Files found .. 9
07-05 11:56:02.470   993  1240 I PhoneLab-LoggerService: File 1 log.out.1
07-05 11:56:02.528   993  1240 I PhoneLab-LoggerService: Renamed successfully
07-05 11:56:02.684   545   548 D dalvikvm: GC_CONCURRENT freed 441K, 12% free 10405K/11719K, paused 2ms+3ms
07-05 11:56:02.880   545   548 D dalvikvm: GC_CONCURRENT freed 408K, 12% free 10385K/11719K, paused 2ms+2ms
07-05 11:56:02.942   545 11367 I DownloadManager: Initiating request for download 1301
07-05 11:56:03.052   545   548 D dalvikvm: GC_CONCURRENT freed 199K, 10% free 10636K/11719K, paused 2ms+2ms
07-05 11:56:03.161   545   548 D dalvikvm: GC_CONCURRENT freed 387K, 9% free 10679K/11719K, paused 2ms+2ms
07-05 11:56:03.364   482   482 D SAN_SERVICE: *******************************************
07-05 11:56:03.364   482   482 D SAN_SERVICE: DM App Phone Service State - 0
07-05 11:56:03.364   482   482 D SAN_SERVICE: *******************************************
07-05 11:56:03.384   545   548 D dalvikvm: GC_CONCURRENT freed 692K, 12% free 10417K/11719K, paused 3ms+2ms
07-05 11:56:03.509  1370 11369 E DictionaryProvider:UpdateHandler: Can't read a file : android.util.MalformedJsonException: Use JsonReader.setLenient(true) to accept malformed JSON at line 1 column 20
07-05 11:56:03.606   545   548 D dalvikvm: GC_CONCURRENT freed 394K, 12% free 10408K/11719K, paused 2ms+2ms
07-05 11:56:03.731   545 11371 I DownloadManager: Initiating request for download 1301
07-05 11:56:03.786   545   548 D dalvikvm: GC_CONCURRENT freed 347K, 11% free 10461K/11719K, paused 2ms+2ms
07-05 11:56:03.884   545   548 D dalvikvm: GC_CONCURRENT freed 202K, 9% free 10675K/11719K, paused 2ms+3ms
07-05 11:56:04.235   545   548 D dalvikvm: GC_CONCURRENT freed 644K, 11% free 10460K/11719K, paused 2ms+3ms
07-05 11:56:04.450   545   548 D dalvikvm: GC_CONCURRENT freed 434K, 12% free 10414K/11719K, paused 1ms+2ms
07-05 11:56:04.645   545   548 D dalvikvm: GC_CONCURRENT freed 405K, 12% free 10400K/11719K, paused 2ms+3ms
07-05 11:56:04.802   545 11376 I DownloadManager: Initiating request for download 1302
07-05 11:56:04.903   545   548 D dalvikvm: GC_CONCURRENT freed 255K, 10% free 10565K/11719K, paused 2ms+2ms
07-05 11:56:05.009   545   548 D dalvikvm: GC_CONCURRENT freed 276K, 9% free 10724K/11719K, paused 2ms+3ms
07-05 11:56:05.169   545   548 D dalvikvm: GC_CONCURRENT freed 717K, 11% free 10458K/11719K, paused 2ms+2ms
07-05 11:56:05.255  1370 11378 E DictionaryProvider:UpdateHandler: Can't read a file : android.util.MalformedJsonException: Use JsonReader.setLenient(true) to accept malformed JSON at line 1 column 20
07-05 11:56:05.302  1370  1372 D dalvikvm: GC_CONCURRENT freed 384K, 7% free 9134K/9735K, paused 2ms+2ms
07-05 11:56:05.446   545   548 D dalvikvm: GC_CONCURRENT freed 431K, 12% free 10416K/11719K, paused 2ms+2ms
07-05 11:56:05.638   545   548 D dalvikvm: GC_CONCURRENT freed 410K, 12% free 10396K/11719K, paused 2ms+3ms
07-05 11:56:05.681   545 11381 I DownloadManager: Initiating request for download 1302
07-05 11:56:05.763   156   168 D dalvikvm: GC_EXPLICIT freed 610K, 17% free 13331K/15879K, paused 3ms+7ms
07-05 11:56:05.852   545   548 D dalvikvm: GC_CONCURRENT freed 201K, 10% free 10647K/11719K, paused 2ms+3ms
07-05 11:56:05.966   545   548 D dalvikvm: GC_CONCURRENT freed 409K, 9% free 10672K/11719K, paused 2ms+4ms
07-05 11:56:06.192   545   548 D dalvikvm: GC_CONCURRENT freed 697K, 12% free 10403K/11719K, paused 2ms+2ms
07-05 11:56:06.380   545   548 D dalvikvm: GC_CONCURRENT freed 405K, 12% free 10386K/11719K, paused 2ms+2ms
07-05 11:56:06.524   545 11384 I DownloadManager: Initiating request for download 1303
07-05 11:56:06.583   545   548 D dalvikvm: GC_CONCURRENT freed 326K, 11% free 10454K/11719K, paused 2ms+3ms
07-05 11:56:06.696   545   548 D dalvikvm: GC_CONCURRENT freed 208K, 9% free 10668K/11719K, paused 2ms+2ms
07-05 11:56:06.825   545   548 D dalvikvm: GC_CONCURRENT freed 445K, 9% free 10669K/11719K, paused 2ms+2ms
07-05 11:56:07.044   545   548 D dalvikvm: GC_CONCURRENT freed 669K, 11% free 10431K/11719K, paused 2ms+3ms
07-05 11:56:07.235   545   548 D dalvikvm: GC_CONCURRENT freed 409K, 12% free 10414K/11719K, paused 1ms+2ms
07-05 11:56:08.438  1370 11386 E DictionaryProvider:UpdateHandler: Can't read a file : android.util.MalformedJsonException: Use JsonReader.setLenient(true) to accept malformed JSON at line 1 column 20
07-05 11:56:08.579   545   548 D dalvikvm: GC_CONCURRENT freed 384K, 12% free 10421K/11719K, paused 2ms+3ms
07-05 11:56:08.774   545   548 D dalvikvm: GC_CONCURRENT freed 417K, 12% free 10392K/11719K, paused 2ms+2ms
07-05 11:56:08.966   545   548 D dalvikvm: GC_CONCURRENT freed 405K, 12% free 10378K/11719K, paused 2ms+2ms
07-05 11:56:09.208   545   548 D dalvikvm: GC_CONCURRENT freed 361K, 12% free 10407K/11719K, paused 2ms+3ms
07-05 11:56:09.399   545   548 D dalvikvm: GC_CONCURRENT freed 408K, 12% free 10390K/11719K, paused 2ms+2ms
07-05 11:56:09.579   545 11389 I DownloadManager: Initiating request for download 1304
07-05 11:56:09.645   545   548 D dalvikvm: GC_CONCURRENT freed 344K, 11% free 10456K/11719K, paused 3ms+3ms
07-05 11:56:09.755   545   548 D dalvikvm: GC_CONCURRENT freed 207K, 9% free 10675K/11719K, paused 2ms+3ms
07-05 11:56:09.880   545   548 D dalvikvm: GC_CONCURRENT freed 456K, 9% free 10670K/11719K, paused 2ms+2ms
07-05 11:56:10.020  1370 11391 E DictionaryProvider:UpdateHandler: Can't read a file : android.util.MalformedJsonException: Use JsonReader.setLenient(true) to accept malformed JSON at line 1 column 20
07-05 11:56:10.145   545   548 D dalvikvm: GC_CONCURRENT freed 689K, 12% free 10409K/11719K, paused 2ms+4ms
07-05 11:56:10.352   545   548 D dalvikvm: GC_CONCURRENT freed 412K, 12% free 10387K/11719K, paused 2ms+3ms
07-05 11:56:10.423   545 11394 I DownloadManager: Initiating request for download 1304
07-05 11:56:10.513   545   548 D dalvikvm: GC_CONCURRENT freed 222K, 10% free 10622K/11719K, paused 2ms+2ms
07-05 11:56:10.626   545   548 D dalvikvm: GC_CONCURRENT freed 321K, 8% free 10783K/11719K, paused 2ms+3ms
07-05 11:56:10.868   545   548 D dalvikvm: GC_CONCURRENT freed 834K, 12% free 10410K/11719K, paused 2ms+3ms
07-05 11:56:11.048   545   548 D dalvikvm: GC_CONCURRENT freed 407K, 12% free 10391K/11719K, paused 1ms+2ms
07-05 11:56:11.188   545 11397 I DownloadManager: Initiating request for download 1305
07-05 11:56:11.247   545   548 D dalvikvm: GC_CONCURRENT freed 326K, 11% free 10458K/11719K, paused 3ms+3ms
07-05 11:56:11.356   545   548 D dalvikvm: GC_CONCURRENT freed 211K, 9% free 10676K/11719K, paused 2ms+3ms
07-05 11:56:11.489   545   548 D dalvikvm: GC_CONCURRENT freed 662K, 11% free 10455K/11719K, paused 1ms+2ms
07-05 11:56:11.630  1370 11399 E DictionaryProvider:UpdateHandler: Can't read a file : android.util.MalformedJsonException: Use JsonReader.setLenient(true) to accept malformed JSON at line 1 column 20
07-05 11:56:11.747   545   548 D dalvikvm: GC_CONCURRENT freed 428K, 12% free 10414K/11719K, paused 2ms+3ms
07-05 11:56:11.923   362   362 I wpa_supplicant: wlan0: CTRL-EVENT-DISCONNECTED bssid=d0:c2:82:84:8d:50 reason=0
07-05 11:56:11.927    77   117 D CommandListener: Clearing all IP addresses on wlan0
07-05 11:56:11.942   156   330 D ConnectivityService: ConnectivityChange for WIFI: DISCONNECTED/DISCONNECTED
07-05 11:56:11.942   156   330 D ConnectivityService: Attempting to switch to mobile
07-05 11:56:11.946   156   330 D ConnectivityService: Attempting to switch to WIMAX
07-05 11:56:11.946   156   330 D ConnectivityService: Attempting to switch to BLUETOOTH_TETHER
07-05 11:56:11.958   156   330 E ConnectivityService: Exception trying to remove a route: java.lang.IllegalStateException: Unable to communicate with native dameon to add routes - com.android.server.NativeDaemonConnectorException: Cmd {interface route remove wlan0 default 128.205.59.254 32 0.0.0.0} failed with code 400 : {Failed to remove route from default table (No such process)}
07-05 11:56:11.966   156   330 D NetUtils: android_net_utils_resetConnections in env=0x6b2b60 clazz=0xfe500001 iface=wlan0 mask=0x3
07-05 11:56:11.966   156   330 E ConnectivityService: Exception trying to remove a route: java.lang.IllegalStateException: Unable to communicate with native dameon to add routes - com.android.server.NativeDaemonConnectorException: Cmd {interface route remove wlan0 default 0.0.0.0 0 128.205.59.254} failed with code 400 : {Failed to remove route from default table (No such process)}
07-05 11:56:11.966   156   330 D ConnectivityService: resetConnections(wlan0, 3)
07-05 11:56:12.095   682  1055 E GTalkService: connectionClosed: no XMPPConnection - That's strange!
07-05 11:56:12.099   156   330 D ConnectivityService: handleInetConditionChange: no active default network - ignore
07-05 11:56:12.142   414   416 D dalvikvm: GC_CONCURRENT freed 547K, 37% free 10312K/16263K, paused 2ms+5ms
07-05 11:56:12.181   545   548 D dalvikvm: GC_CONCURRENT freed 411K, 12% free 10392K/11719K, paused 1ms+58ms
07-05 11:56:12.231   414   416 D dalvikvm: GC_CONCURRENT freed 499K, 37% free 10290K/16263K, paused 2ms+4ms
07-05 11:56:12.364   545 11402 I DownloadManager: Initiating request for download 1305
07-05 11:56:12.368   545 11402 W DownloadManager: Aborting request for download 1305: no network connection available
07-05 11:56:12.489   545 11263 D dalvikvm: GC_EXPLICIT freed 241K, 12% free 10423K/11719K, paused 3ms+3ms
07-05 11:56:12.731   545   548 D dalvikvm: GC_CONCURRENT freed 411K, 12% free 10402K/11719K, paused 2ms+3ms
07-05 11:56:12.934   545   548 D dalvikvm: GC_CONCURRENT freed 401K, 12% free 10389K/11719K, paused 2ms+2ms
07-05 11:56:13.063   545 11404 I DownloadManager: Initiating request for download 1306
07-05 11:56:13.063   545 11404 W DownloadManager: Aborting request for download 1306: no network connection available
07-05 11:56:13.216   362   362 I wpa_supplicant: wlan0: Trying to associate with d0:c2:82:84:8d:50 (SSID='UB_Wireless' freq=2462 MHz)
07-05 11:56:13.251   362   362 I wpa_supplicant: wlan0: Associated with d0:c2:82:84:8d:50
07-05 11:56:13.251   362   362 I wpa_supplicant: wlan0: CTRL-EVENT-CONNECTED - Connection to d0:c2:82:84:8d:50 completed (reauth) [id=5 id_str=]
07-05 11:56:13.298   545   548 D dalvikvm: GC_CONCURRENT freed 353K, 12% free 10423K/11719K, paused 10ms+2ms
07-05 11:56:13.520   545   548 D dalvikvm: GC_CONCURRENT freed 412K, 12% free 10401K/11719K, paused 2ms+2ms
07-05 11:56:13.716   545   548 D dalvikvm: GC_CONCURRENT freed 401K, 12% free 10391K/11719K, paused 2ms+3ms
07-05 11:56:13.970   545   548 D dalvikvm: GC_CONCURRENT freed 362K, 12% free 10416K/11719K, paused 2ms+2ms
07-05 11:56:14.145   545   548 D dalvikvm: GC_CONCURRENT freed 405K, 12% free 10401K/11719K, paused 1ms+2ms
07-05 11:56:14.337   545   548 D dalvikvm: GC_CONCURRENT freed 406K, 12% free 10384K/11719K, paused 2ms+2ms
07-05 11:56:15.036   156   333 D Tethering: MasterInitialState.processMessage what=3
07-05 11:56:15.122  1190  1190 I MediaUploader: No need to wake up
07-05 11:56:15.126   993   993 I PhoneLab-WiFiReceiver: Wi-Fi is disconnected!
07-05 11:56:15.126  1086  1105 D PicasaSyncManager: active network: null
07-05 11:56:15.126  1086  1105 D PicasaSyncManager: background data: true
07-05 11:56:15.165   682   685 D dalvikvm: GC_CONCURRENT freed 429K, 9% free 10109K/11079K, paused 2ms+4ms
07-05 11:56:17.267   156   330 D ConnectivityService: ConnectivityChange for WIFI: CONNECTED/CONNECTED
07-05 11:56:17.298   993   993 I PhoneLab-WiFiReceiver: Wi-Fi is connected!
07-05 11:56:17.298   993   993 I PhoneLab-WiFiReceiver: SSID: UB_Wireless BSSID: d0:c2:82:84:8d:50 RSSI: -200 LinkSpeed: -1
07-05 11:56:17.298   993   993 I PhoneLab-Locks: wake lock acquired
07-05 11:56:17.302   993   993 I PhoneLab-UploadLogs: Transfering log files now
07-05 11:56:17.325   156   325 W NetworkStats: dropping UID delta from unknown iface: iface=wlan0 uid=0 set=DEFAULT tag=0x0 rxBytes=0 rxPackets=0 txBytes=296 txPackets=5 operations=0
07-05 11:56:17.388   993   995 D dalvikvm: GC_CONCURRENT freed 412K, 14% free 9232K/10695K, paused 2ms+2ms
07-05 11:56:17.403   993   993 D dalvikvm: GC_FOR_ALLOC freed 177K, 12% free 9424K/10695K, paused 13ms
07-05 11:56:17.427   993   993 I PhoneLab-UploadLogs: OnStartCommand
07-05 11:56:17.442   993   995 D dalvikvm: GC_CONCURRENT freed 300K, 10% free 9636K/10695K, paused 2ms+2ms
07-05 11:56:17.462   993 11434 D dalvikvm: GC_FOR_ALLOC freed 307K, 10% free 9655K/10695K, paused 13ms
07-05 11:56:17.481   993 11434 D dalvikvm: GC_FOR_ALLOC freed 301K, 10% free 9655K/10695K, paused 12ms
07-05 11:56:17.497   993 11434 D dalvikvm: GC_FOR_ALLOC freed 301K, 10% free 9656K/10695K, paused 14ms
07-05 11:56:18.267   156   330 D ConnectivityService: NetTransition Wakelock for WifiStateMachine released by timeout
07-05 11:56:19.024   993 11434 W System.err: org.apache.http.client.ClientProtocolException
07-05 11:56:19.028   993 11434 W System.err: 	at org.apache.http.impl.client.AbstractHttpClient.execute(AbstractHttpClient.java:557)
07-05 11:56:19.032   993 11434 W System.err: 	at org.apache.http.impl.client.AbstractHttpClient.execute(AbstractHttpClient.java:487)
07-05 11:56:19.036   993 11434 W System.err: 	at com.loopj.android.http.AsyncHttpRequest.makeRequest(Unknown Source)
07-05 11:56:19.040   993 11434 W System.err: 	at com.loopj.android.http.AsyncHttpRequest.makeRequestWithRetries(Unknown Source)
07-05 11:56:19.040   993 11434 W System.err: 	at com.loopj.android.http.AsyncHttpRequest.run(Unknown Source)
07-05 11:56:19.040   993 11434 W System.err: 	at java.util.concurrent.Executors$RunnableAdapter.call(Executors.java:442)
07-05 11:56:19.044   993 11434 W System.err: 	at java.util.concurrent.FutureTask$Sync.innerRun(FutureTask.java:305)
07-05 11:56:19.048   993 11434 W System.err: 	at java.util.concurrent.FutureTask.run(FutureTask.java:137)
07-05 11:56:19.052   993 11434 W System.err: 	at java.util.concurrent.ThreadPoolExecutor.runWorker(ThreadPoolExecutor.java:1076)
07-05 11:56:19.052   993 11434 W System.err: 	at java.util.concurrent.ThreadPoolExecutor$Worker.run(ThreadPoolExecutor.java:569)
07-05 11:56:19.056   993 11434 W System.err: 	at java.lang.Thread.run(Thread.java:856)
07-05 11:56:19.059   993 11434 W System.err: Caused by: org.apache.http.client.NonRepeatableRequestException: Cannot retry request with a non-repeatable request entity
07-05 11:56:19.067   993 11434 W System.err: 	at org.apache.http.impl.client.DefaultRequestDirector.execute(DefaultRequestDirector.java:420)
07-05 11:56:19.067   993 11434 W System.err: 	at org.apache.http.impl.client.AbstractHttpClient.execute(AbstractHttpClient.java:555)
07-05 11:56:19.075   993 11434 W System.err: 	... 10 more
07-05 11:56:19.075   993   993 E PhoneLab-: Transfering 1341502082478.log failed
07-05 11:56:19.075   993   993 I PhoneLab-Locks: wake lock released
07-05 11:56:20.356   156   333 D Tethering: MasterInitialState.processMessage what=3
07-05 11:56:20.380   682   682 I GTalkService/c: [AndroidEndpoint@1095403848] connect: acct=1000001, state=CONNECTING
07-05 11:56:20.423  1086  1105 D PicasaSyncManager: active network: NetworkInfo: type: WIFI[], state: CONNECTED/CONNECTED, reason: (unspecified), extra: (none), roaming: false, failover: false, isAvailable: true
07-05 11:56:20.438  1086  1105 D PicasaSyncManager: background data: true
07-05 11:56:20.513   414   414 D dalvikvm: GC_FOR_ALLOC freed 424K, 38% free 10235K/16263K, paused 20ms
07-05 11:56:20.575  1190  1190 I MediaUploader: No need to wake up
07-05 11:56:20.602   414   416 D dalvikvm: GC_CONCURRENT freed 328K, 37% free 10337K/16263K, paused 1ms+2ms
07-05 11:56:20.622   482   482 D SAN_SERVICE: *******************************************
07-05 11:56:20.622   482   482 D SAN_SERVICE: DM App Phone Service State - 0
07-05 11:56:20.622   482   482 D SAN_SERVICE: *******************************************
07-05 11:56:20.989   545   548 D dalvikvm: GC_CONCURRENT freed 363K, 12% free 10412K/11719K, paused 2ms+5ms
07-05 11:56:21.184   545   548 D dalvikvm: GC_CONCURRENT freed 405K, 12% free 10396K/11719K, paused 2ms+2ms
07-05 11:56:21.333   545 11438 I DownloadManager: Initiating request for download 1305
07-05 11:56:21.333   545 11438 I DownloadManager: Skipping initiating request for download 1305; already completed
07-05 11:56:21.380   545 11440 I DownloadManager: Initiating request for download 1306
07-05 11:56:21.458   545   548 D dalvikvm: GC_CONCURRENT freed 344K, 11% free 10461K/11719K, paused 2ms+7ms
07-05 11:56:21.567   545   548 D dalvikvm: GC_CONCURRENT freed 208K, 9% free 10677K/11719K, paused 2ms+2ms
07-05 11:56:21.700   545   548 D dalvikvm: GC_CONCURRENT freed 442K, 9% free 10680K/11719K, paused 2ms+2ms
07-05 11:56:21.837  1370 11443 E DictionaryProvider:UpdateHandler: Can't read a file : android.util.MalformedJsonException: Use JsonReader.setLenient(true) to accept malformed JSON at line 1 column 20
07-05 11:56:21.919  1370  1372 D dalvikvm: GC_CONCURRENT freed 416K, 7% free 9127K/9735K, paused 2ms+3ms
07-05 11:56:21.997   545   548 D dalvikvm: GC_CONCURRENT freed 698K, 12% free 10416K/11719K, paused 2ms+2ms
07-05 11:56:22.188   545   548 D dalvikvm: GC_CONCURRENT freed 411K, 12% free 10393K/11719K, paused 2ms+2ms
07-05 11:56:22.263   545 11446 I DownloadManager: Initiating request for download 1306
07-05 11:56:22.349   545   548 D dalvikvm: GC_CONCURRENT freed 240K, 10% free 10583K/11719K, paused 2ms+2ms
07-05 11:56:22.454   545   548 D dalvikvm: GC_CONCURRENT freed 280K, 9% free 10749K/11719K, paused 2ms+4ms
07-05 11:56:22.649   545   548 D dalvikvm: GC_CONCURRENT freed 783K, 12% free 10420K/11719K, paused 2ms+2ms
07-05 11:56:22.852   545   548 D dalvikvm: GC_CONCURRENT freed 406K, 12% free 10403K/11719K, paused 2ms+3ms
07-05 11:56:23.059   545 11449 I DownloadManager: Initiating request for download 1307
07-05 11:56:23.087   545   548 D dalvikvm: GC_CONCURRENT freed 397K, 12% free 10417K/11719K, paused 2ms+3ms
07-05 11:56:23.212   545   548 D dalvikvm: GC_CONCURRENT freed 202K, 9% free 10673K/11719K, paused 2ms+3ms
07-05 11:56:23.337   545   548 D dalvikvm: GC_CONCURRENT freed 417K, 9% free 10686K/11719K, paused 2ms+2ms
07-05 11:56:23.513  1370 11451 E DictionaryProvider:UpdateHandler: Can't read a file : android.util.MalformedJsonException: Use JsonReader.setLenient(true) to accept malformed JSON at line 1 column 20
07-05 11:56:23.599  1370  1404 D dalvikvm: GC_EXPLICIT freed 104K, 7% free 9091K/9735K, paused 1ms+11ms
07-05 11:56:23.688   156   158 D dalvikvm: GC_CONCURRENT freed 920K, 16% free 13371K/15879K, paused 4ms+9ms
07-05 11:56:23.829   545   548 D dalvikvm: GC_CONCURRENT freed 696K, 12% free 10421K/11719K, paused 2ms+3ms
07-05 11:56:24.036   482   482 D SAN_SERVICE: *******************************************
07-05 11:56:24.036   482   482 D SAN_SERVICE: DM App Phone Service State - 0
07-05 11:56:24.036   482   482 D SAN_SERVICE: *******************************************
07-05 11:56:24.075   545   548 D dalvikvm: GC_CONCURRENT freed 422K, 12% free 10386K/11719K, paused 11ms+2ms
07-05 11:56:24.169   545 11454 I DownloadManager: Initiating request for download 1307
07-05 11:56:24.247   545   548 D dalvikvm: GC_CONCURRENT freed 255K, 10% free 10553K/11719K, paused 2ms+3ms
07-05 11:56:24.352   545   548 D dalvikvm: GC_CONCURRENT freed 278K, 9% free 10716K/11719K, paused 2ms+2ms
07-05 11:56:24.513   545   548 D dalvikvm: GC_CONCURRENT freed 714K, 11% free 10447K/11719K, paused 2ms+3ms
07-05 11:56:24.724   545   548 D dalvikvm: GC_CONCURRENT freed 433K, 12% free 10403K/11719K, paused 2ms+4ms
07-05 11:56:24.927   545   548 D dalvikvm: GC_CONCURRENT freed 407K, 12% free 10387K/11719K, paused 1ms+2ms
07-05 11:56:26.009   545 11457 I DownloadManager: Initiating request for download 1308
07-05 11:56:26.106   545   548 D dalvikvm: GC_CONCURRENT freed 218K, 10% free 10630K/11719K, paused 1ms+4ms
07-05 11:56:26.216   545   548 D dalvikvm: GC_CONCURRENT freed 375K, 9% free 10693K/11719K, paused 2ms+2ms
07-05 11:56:26.419   545   548 D dalvikvm: GC_CONCURRENT freed 680K, 11% free 10451K/11719K, paused 2ms+3ms
07-05 11:56:26.606   545   548 D dalvikvm: GC_CONCURRENT freed 407K, 11% free 10434K/11719K, paused 2ms+2ms
07-05 11:56:26.919  1370 11460 E DictionaryProvider:UpdateHandler: Can't read a file : android.util.MalformedJsonException: Use JsonReader.setLenient(true) to accept malformed JSON at line 1 column 20
07-05 11:56:26.954   545   548 D dalvikvm: GC_CONCURRENT freed 410K, 11% free 10437K/11719K, paused 1ms+3ms
07-05 11:56:27.157   545   548 D dalvikvm: GC_CONCURRENT freed 425K, 12% free 10407K/11719K, paused 2ms+3ms
07-05 11:56:27.349   545   548 D dalvikvm: GC_CONCURRENT freed 409K, 12% free 10388K/11719K, paused 1ms+3ms
07-05 11:56:27.438   545 11463 I DownloadManager: Initiating request for download 1308
07-05 11:56:27.438   545 11463 W DownloadManager: Aborting request for download 1308: Trying to resume a download that can't be resumed
07-05 11:56:27.684   545   548 D dalvikvm: GC_CONCURRENT freed 356K, 12% free 10422K/11719K, paused 2ms+2ms
07-05 11:56:27.884   545   548 D dalvikvm: GC_CONCURRENT freed 409K, 12% free 10399K/11719K, paused 2ms+2ms
07-05 11:56:28.079   545   548 D dalvikvm: GC_CONCURRENT freed 401K, 12% free 10390K/11719K, paused 2ms+3ms
07-05 11:56:28.153   545 11466 I DownloadManager: Initiating request for download 1309
07-05 11:56:28.267   545   548 D dalvikvm: GC_CONCURRENT freed 206K, 10% free 10644K/11719K, paused 2ms+3ms
07-05 11:56:28.364   545   548 D dalvikvm: GC_CONCURRENT freed 392K, 9% free 10681K/11719K, paused 2ms+2ms
07-05 11:56:28.559   156   514 D dalvikvm: GC_EXPLICIT freed 157K, 17% free 13306K/15879K, paused 2ms+6ms
07-05 11:56:28.614  1370 11468 E DictionaryProvider:UpdateHandler: Can't read a file : android.util.MalformedJsonException: Use JsonReader.setLenient(true) to accept malformed JSON at line 1 column 20
07-05 11:56:28.657   545   548 D dalvikvm: GC_CONCURRENT freed 690K, 12% free 10429K/11719K, paused 2ms+2ms
07-05 11:56:28.798   156   330 D ConnectivityService: ConnectivityChange for mobile: CONNECTED/CONNECTED
07-05 11:56:28.825   156   330 D NetUtils: android_net_utils_resetConnections in env=0x6b2b60 clazz=0x12300001 iface=rmnet0 mask=0x3
07-05 11:56:28.825   156   330 D ConnectivityService: ConnectivityChange for mobile: DISCONNECTED/DISCONNECTED
07-05 11:56:28.825   156   330 D ConnectivityService: Attempting to switch to WIFI
07-05 11:56:28.825   156   330 D ConnectivityService: Attempting to switch to WIMAX
07-05 11:56:28.825   156   330 D ConnectivityService: Attempting to switch to BLUETOOTH_TETHER
07-05 11:56:28.825   156   330 D ConnectivityService: resetConnections(rmnet0, 3)
07-05 11:56:29.017   545   548 D dalvikvm: GC_CONCURRENT freed 424K, 12% free 10394K/11719K, paused 2ms+2ms
07-05 11:56:29.142   545 11472 I DownloadManager: Initiating request for download 1309
07-05 11:56:29.196   545   548 D dalvikvm: GC_CONCURRENT freed 344K, 11% free 10459K/11719K, paused 1ms+3ms
07-05 11:56:29.302   545   548 D dalvikvm: GC_CONCURRENT freed 220K, 9% free 10684K/11719K, paused 2ms+3ms
07-05 11:56:29.438   545   548 D dalvikvm: GC_CONCURRENT freed 660K, 11% free 10455K/11719K, paused 2ms+3ms
07-05 11:56:29.700   482   486 D dalvikvm: GC_CONCURRENT freed 392K, 6% free 9479K/10055K, paused 2ms+3ms
07-05 11:56:29.712   545   548 D dalvikvm: GC_CONCURRENT freed 432K, 12% free 10413K/11719K, paused 2ms+2ms
07-05 11:56:29.907   545   548 D dalvikvm: GC_CONCURRENT freed 411K, 12% free 10390K/11719K, paused 2ms+2ms
07-05 11:56:30.017   545 11475 I DownloadManager: Initiating request for download 1310
07-05 11:56:30.102   545   548 D dalvikvm: GC_CONCURRENT freed 242K, 10% free 10573K/11719K, paused 2ms+3ms
07-05 11:56:30.204   545   548 D dalvikvm: GC_CONCURRENT freed 271K, 9% free 10728K/11719K, paused 1ms+3ms
07-05 11:56:30.372   545   548 D dalvikvm: GC_CONCURRENT freed 721K, 11% free 10453K/11719K, paused 2ms+2ms
07-05 11:56:30.446  1370 11477 E DictionaryProvider:UpdateHandler: Can't read a file : android.util.MalformedJsonException: Use JsonReader.setLenient(true) to accept malformed JSON at line 1 column 20
07-05 11:56:30.614   545   548 D dalvikvm: GC_CONCURRENT freed 428K, 12% free 10416K/11719K, paused 2ms+3ms
07-05 11:56:30.806   545   548 D dalvikvm: GC_CONCURRENT freed 414K, 12% free 10390K/11719K, paused 1ms+2ms
07-05 11:56:30.833   156   593 D AlarmManagerService: Kernel timezone updated to 240 minutes west of GMT
07-05 11:56:30.837   482   482 D SystemClock: Setting time of day to sec=1341503791
07-05 11:56:31.037   156   173 I ActivityManager: Start proc com.android.calendar for broadcast com.android.calendar/.widget.CalendarAppWidgetService$CalendarFactory: pid=11480 uid=10084 gids={3003}
07-05 11:56:31.095 11480 11480 I ActivityThread: Pub com.android.calendar.CalendarRecentSuggestionsProvider: com.android.calendar.CalendarRecentSuggestionsProvider
07-05 11:56:31.115   545 11493 I DownloadManager: Initiating request for download 1310
07-05 11:56:31.154  8446 11499 E SQLiteOpenHelper: Couldn't open alarms.db for writing (will try read-only):
07-05 11:56:31.154  8446 11499 E SQLiteOpenHelper: android.database.sqlite.SQLiteException: Can't downgrade database from version 7 to 5
07-05 11:56:31.154  8446 11499 E SQLiteOpenHelper: 	at android.database.sqlite.SQLiteOpenHelper.onDowngrade(SQLiteOpenHelper.java:307)
07-05 11:56:31.154  8446 11499 E SQLiteOpenHelper: 	at android.database.sqlite.SQLiteOpenHelper.getWritableDatabase(SQLiteOpenHelper.java:168)
07-05 11:56:31.154  8446 11499 E SQLiteOpenHelper: 	at android.database.sqlite.SQLiteOpenHelper.getReadableDatabase(SQLiteOpenHelper.java:231)
07-05 11:56:31.154  8446 11499 E SQLiteOpenHelper: 	at com.android.deskclock.AlarmProvider.query(AlarmProvider.java:72)
07-05 11:56:31.154  8446 11499 E SQLiteOpenHelper: 	at android.content.ContentProvider$Transport.query(ContentProvider.java:178)
07-05 11:56:31.154  8446 11499 E SQLiteOpenHelper: 	at android.content.ContentResolver.query(ContentResolver.java:311)
07-05 11:56:31.154  8446 11499 E SQLiteOpenHelper: 	at com.android.deskclock.Alarms.getFilteredAlarmsCursor(Alarms.java:143)
07-05 11:56:31.154  8446 11499 E SQLiteOpenHelper: 	at com.android.deskclock.Alarms.disableExpiredAlarms(Alarms.java:352)
07-05 11:56:31.154  8446 11499 E SQLiteOpenHelper: 	at com.android.deskclock.AlarmInitReceiver$1.run(AlarmInitReceiver.java:45)
07-05 11:56:31.154  8446 11499 E SQLiteOpenHelper: 	at android.os.Handler.handleCallback(Handler.java:605)
07-05 11:56:31.154  8446 11499 E SQLiteOpenHelper: 	at android.os.Handler.dispatchMessage(Handler.java:92)
07-05 11:56:31.154  8446 11499 E SQLiteOpenHelper: 	at android.os.Looper.loop(Looper.java:137)
07-05 11:56:31.154  8446 11499 E SQLiteOpenHelper: 	at android.os.HandlerThread.run(HandlerThread.java:60)
07-05 11:56:31.158  8446 11499 W dalvikvm: threadid=11: thread exiting with uncaught exception (group=0x40a5c1f8)
07-05 11:56:31.162  8446 11499 E AndroidRuntime: FATAL EXCEPTION: AsyncHandler
07-05 11:56:31.162  8446 11499 E AndroidRuntime: android.database.sqlite.SQLiteException: Can't upgrade read-only database from version 7 to 5: /data/data/com.android.deskclock/databases/alarms.db
07-05 11:56:31.162  8446 11499 E AndroidRuntime: 	at android.database.sqlite.SQLiteOpenHelper.getReadableDatabase(SQLiteOpenHelper.java:244)
07-05 11:56:31.162  8446 11499 E AndroidRuntime: 	at com.android.deskclock.AlarmProvider.query(AlarmProvider.java:72)
07-05 11:56:31.162  8446 11499 E AndroidRuntime: 	at android.content.ContentProvider$Transport.query(ContentProvider.java:178)
07-05 11:56:31.162  8446 11499 E AndroidRuntime: 	at android.content.ContentResolver.query(ContentResolver.java:311)
07-05 11:56:31.162  8446 11499 E AndroidRuntime: 	at com.android.deskclock.Alarms.getFilteredAlarmsCursor(Alarms.java:143)
07-05 11:56:31.162  8446 11499 E AndroidRuntime: 	at com.android.deskclock.Alarms.disableExpiredAlarms(Alarms.java:352)
07-05 11:56:31.162  8446 11499 E AndroidRuntime: 	at com.android.deskclock.AlarmInitReceiver$1.run(AlarmInitReceiver.java:45)
07-05 11:56:31.162  8446 11499 E AndroidRuntime: 	at android.os.Handler.handleCallback(Handler.java:605)
07-05 11:56:31.162  8446 11499 E AndroidRuntime: 	at android.os.Handler.dispatchMessage(Handler.java:92)
07-05 11:56:31.162  8446 11499 E AndroidRuntime: 	at android.os.Looper.loop(Looper.java:137)
07-05 11:56:31.162  8446 11499 E AndroidRuntime: 	at android.os.HandlerThread.run(HandlerThread.java:60)
07-05 11:56:31.236   156   514 I ActivityManager: No longer want com.android.providers.calendar (pid 1206): hidden #16
07-05 11:56:31.244   156   576 I ActivityManager: Kill com.android.calendar (pid 11480): provider com.android.providers.calendar.CalendarProvider2 in dying process com.android.providers.calendar
07-05 11:56:31.302   156   403 I ActivityManager: Process com.android.calendar (pid 11480) has died.
07-05 11:56:31.400   545   548 D dalvikvm: GC_CONCURRENT freed 194K, 10% free 10625K/11719K, paused 3ms+3ms
07-05 11:56:31.533   545   548 D dalvikvm: GC_CONCURRENT freed 286K, 9% free 10779K/11719K, paused 2ms+3ms
07-05 11:56:31.763   545   548 D dalvikvm: GC_CONCURRENT freed 826K, 12% free 10415K/11719K, paused 2ms+2ms
07-05 11:56:31.955   545   548 D dalvikvm: GC_CONCURRENT freed 403K, 12% free 10401K/11719K, paused 2ms+2ms
07-05 11:56:32.017   156   333 D Tethering: MasterInitialState.processMessage what=3
07-05 11:56:32.041   156   333 D Tethering: MasterInitialState.processMessage what=3
07-05 11:56:32.076  1086  1105 D PicasaSyncManager: active network: NetworkInfo: type: WIFI[], state: CONNECTED/CONNECTED, reason: (unspecified), extra: (none), roaming: false, failover: false, isAvailable: true
07-05 11:56:32.080  1190  1190 I MediaUploader: No need to wake up
07-05 11:56:32.115  1190  1190 I MediaUploader: No need to wake up
07-05 11:56:32.123  1086  1105 D PicasaSyncManager: background data: true
07-05 11:56:32.123  1086  1105 D PicasaSyncManager: active network: NetworkInfo: type: WIFI[], state: CONNECTED/CONNECTED, reason: (unspecified), extra: (none), roaming: false, failover: false, isAvailable: true
07-05 11:56:32.127  1086  1105 D PicasaSyncManager: background data: true
07-05 11:56:32.260   545 11502 I DownloadManager: Initiating request for download 1311
07-05 11:56:32.334   545   548 D dalvikvm: GC_CONCURRENT freed 341K, 11% free 10466K/11719K, paused 2ms+3ms
07-05 11:56:32.459   545   548 D dalvikvm: GC_CONCURRENT freed 213K, 9% free 10685K/11719K, paused 2ms+3ms
07-05 11:56:32.615   545   548 D dalvikvm: GC_CONCURRENT freed 442K, 9% free 10693K/11719K, paused 3ms+4ms
07-05 11:56:32.771  1370 11504 E DictionaryProvider:UpdateHandler: Can't read a file : android.util.MalformedJsonException: Use JsonReader.setLenient(true) to accept malformed JSON at line 1 column 20
07-05 11:56:32.818  1370  1372 D dalvikvm: GC_CONCURRENT freed 355K, 7% free 9134K/9735K, paused 2ms+2ms
07-05 11:56:32.927   545   548 D dalvikvm: GC_CONCURRENT freed 709K, 12% free 10418K/11719K, paused 2ms+3ms
07-05 11:56:33.119   545   548 D dalvikvm: GC_CONCURRENT freed 413K, 12% free 10394K/11719K, paused 2ms+4ms
07-05 11:56:33.201   545 11507 I DownloadManager: Initiating request for download 1311
07-05 11:56:33.283   545   548 D dalvikvm: GC_CONCURRENT freed 233K, 10% free 10590K/11719K, paused 2ms+3ms
07-05 11:56:33.388   545   548 D dalvikvm: GC_CONCURRENT freed 284K, 9% free 10754K/11719K, paused 2ms+3ms
07-05 11:56:33.572   545   548 D dalvikvm: GC_CONCURRENT freed 753K, 11% free 10457K/11719K, paused 2ms+2ms
07-05 11:56:33.783   545   548 D dalvikvm: GC_CONCURRENT freed 440K, 12% free 10407K/11719K, paused 2ms+2ms
07-05 11:56:33.998   545 11510 I DownloadManager: Initiating request for download 1312
07-05 11:56:34.025   545   548 D dalvikvm: GC_CONCURRENT freed 415K, 11% free 10435K/11719K, paused 2ms+3ms
07-05 11:56:34.150   545   548 D dalvikvm: GC_CONCURRENT freed 194K, 9% free 10695K/11719K, paused 2ms+2ms
07-05 11:56:34.271   545   548 D dalvikvm: GC_CONCURRENT freed 452K, 9% free 10690K/11719K, paused 1ms+2ms
07-05 11:56:34.412  1370 11512 E DictionaryProvider:UpdateHandler: Can't read a file : android.util.MalformedJsonException: Use JsonReader.setLenient(true) to accept malformed JSON at line 1 column 20
07-05 11:56:34.545   545   548 D dalvikvm: GC_CONCURRENT freed 700K, 12% free 10423K/11719K, paused 2ms+3ms
07-05 11:56:34.740   545   548 D dalvikvm: GC_CONCURRENT freed 414K, 12% free 10396K/11719K, paused 2ms+2ms
07-05 11:56:34.822   545 11515 I DownloadManager: Initiating request for download 1312
07-05 11:56:34.939   545   548 D dalvikvm: GC_CONCURRENT freed 242K, 10% free 10617K/11719K, paused 2ms+3ms
07-05 11:56:35.045   545   548 D dalvikvm: GC_CONCURRENT freed 306K, 9% free 10765K/11719K, paused 2ms+3ms
07-05 11:56:35.248   545   548 D dalvikvm: GC_CONCURRENT freed 800K, 12% free 10426K/11719K, paused 2ms+7ms
07-05 11:56:35.431   545   548 D dalvikvm: GC_CONCURRENT freed 411K, 12% free 10404K/11719K, paused 2ms+2ms
07-05 11:56:35.619   545 11518 I DownloadManager: Initiating request for download 1313
07-05 11:56:35.658   545   548 D dalvikvm: GC_CONCURRENT freed 391K, 12% free 10425K/11719K, paused 2ms+4ms
07-05 11:56:35.783   545   548 D dalvikvm: GC_CONCURRENT freed 204K, 9% free 10705K/11719K, paused 2ms+3ms
07-05 11:56:35.920   545   548 D dalvikvm: GC_CONCURRENT freed 697K, 11% free 10467K/11719K, paused 2ms+3ms
07-05 11:56:36.056  1370 11520 E DictionaryProvider:UpdateHandler: Can't read a file : android.util.MalformedJsonException: Use JsonReader.setLenient(true) to accept malformed JSON at line 1 column 20
07-05 11:56:36.072   156   568 I ActivityManager: Start proc com.android.providers.calendar for broadcast com.android.providers.calendar/.CalendarProviderBroadcastReceiver: pid=11522 uid=10048 gids={3003, 1015}
07-05 11:56:36.119 11522 11522 I ActivityThread: Pub com.android.calendar: com.android.providers.calendar.CalendarProvider2
07-05 11:56:36.256   156   158 D dalvikvm: GC_CONCURRENT freed 857K, 16% free 13408K/15879K, paused 2ms+6ms
07-05 11:56:36.412   545   548 D dalvikvm: GC_CONCURRENT freed 429K, 12% free 10427K/11719K, paused 2ms+2ms
07-05 11:56:36.592   545   548 D dalvikvm: GC_CONCURRENT freed 422K, 12% free 10393K/11719K, paused 2ms+2ms
07-05 11:56:36.681   545 11538 I DownloadManager: Initiating request for download 1313
07-05 11:56:36.763   545   548 D dalvikvm: GC_CONCURRENT freed 251K, 10% free 10587K/11719K, paused 2ms+2ms
07-05 11:56:36.873   545   548 D dalvikvm: GC_CONCURRENT freed 293K, 8% free 10789K/11719K, paused 2ms+3ms
07-05 11:56:37.068   545   548 D dalvikvm: GC_CONCURRENT freed 837K, 12% free 10419K/11719K, paused 2ms+3ms
07-05 11:56:37.103   482   482 D SAN_SERVICE: *******************************************
07-05 11:56:37.103   482   482 D SAN_SERVICE: DM App Phone Service State - 0
07-05 11:56:37.103   482   482 D SAN_SERVICE: *******************************************
07-05 11:56:37.291   156   403 D AlarmManagerService: Kernel timezone updated to 240 minutes west of GMT
07-05 11:56:37.322 11522 11522 I CalendarProvider2: Sending notification intent: Intent { act=android.intent.action.PROVIDER_CHANGED dat=content://com.android.calendar }
07-05 11:56:37.322 11522 11522 W ContentResolver: Failed to get type for: content://com.android.calendar (Unknown URL content://com.android.calendar)
07-05 11:56:37.338   156   173 I ActivityManager: Start proc com.android.calendar for broadcast com.android.calendar/.widget.CalendarAppWidgetService$CalendarFactory: pid=11541 uid=10084 gids={3003}
07-05 11:56:37.377    81    81 D dalvikvm: GC_EXPLICIT freed 36K, 4% free 9031K/9347K, paused 5ms+2ms
07-05 11:56:37.420 11541 11541 I ActivityThread: Pub com.android.calendar.CalendarRecentSuggestionsProvider: com.android.calendar.CalendarRecentSuggestionsProvider
07-05 11:56:37.427    81    81 D dalvikvm: GC_EXPLICIT freed <1K, 4% free 9031K/9347K, paused 5ms+3ms
07-05 11:56:37.459   156   594 I ActivityManager: No longer want com.android.voicedialer (pid 1025): hidden #16
07-05 11:56:37.470    81    81 D dalvikvm: GC_EXPLICIT freed <1K, 4% free 9031K/9347K, paused 2ms+2ms
07-05 11:56:37.478   545   548 D dalvikvm: GC_CONCURRENT freed 410K, 12% free 10400K/11719K, paused 2ms+14ms
07-05 11:56:37.564 11522 11524 D dalvikvm: GC_CONCURRENT freed 328K, 5% free 9148K/9543K, paused 2ms+2ms
07-05 11:56:37.728   545 11559 I DownloadManager: Initiating request for download 1314
07-05 11:56:37.763   545   548 D dalvikvm: GC_CONCURRENT freed 382K, 11% free 10433K/11719K, paused 2ms+4ms
07-05 11:56:37.881   545   548 D dalvikvm: GC_CONCURRENT freed 190K, 9% free 10669K/11719K, paused 2ms+2ms
07-05 11:56:38.013   545   548 D dalvikvm: GC_CONCURRENT freed 416K, 9% free 10697K/11719K, paused 2ms+2ms
07-05 11:56:38.185  1370 11562 E DictionaryProvider:UpdateHandler: Can't read a file : android.util.MalformedJsonException: Use JsonReader.setLenient(true) to accept malformed JSON at line 1 column 20
07-05 11:56:38.314   545   548 D dalvikvm: GC_CONCURRENT freed 712K, 12% free 10422K/11719K, paused 2ms+2ms
07-05 11:56:38.510   545   548 D dalvikvm: GC_CONCURRENT freed 415K, 12% free 10400K/11719K, paused 3ms+2ms
07-05 11:56:38.611   545 11565 I DownloadManager: Initiating request for download 1314
07-05 11:56:38.693   545   548 D dalvikvm: GC_CONCURRENT freed 253K, 10% free 10568K/11719K, paused 1ms+2ms
07-05 11:56:38.799   545   548 D dalvikvm: GC_CONCURRENT freed 278K, 9% free 10734K/11719K, paused 1ms+3ms
07-05 11:56:38.959   545   548 D dalvikvm: GC_CONCURRENT freed 729K, 11% free 10460K/11719K, paused 2ms+3ms
07-05 11:56:39.174   545   548 D dalvikvm: GC_CONCURRENT freed 435K, 12% free 10413K/11719K, paused 2ms+2ms
07-05 11:56:39.361   545   548 D dalvikvm: GC_CONCURRENT freed 407K, 12% free 10397K/11719K, paused 2ms+2ms
07-05 11:56:39.439   545 11568 I DownloadManager: Initiating request for download 1315
07-05 11:56:39.533   156   530 D dalvikvm: GC_EXPLICIT freed 288K, 16% free 13355K/15879K, paused 3ms+5ms
07-05 11:56:39.611   545   548 D dalvikvm: GC_CONCURRENT freed 197K, 10% free 10631K/11719K, paused 2ms+2ms
07-05 11:56:39.720   545   548 D dalvikvm: GC_CONCURRENT freed 287K, 8% free 10791K/11719K, paused 2ms+3ms
07-05 11:56:39.908  1370 11570 E DictionaryProvider:UpdateHandler: Can't read a file : android.util.MalformedJsonException: Use JsonReader.setLenient(true) to accept malformed JSON at line 1 column 20
07-05 11:56:39.986  1370  1372 D dalvikvm: GC_CONCURRENT freed 392K, 6% free 9157K/9735K, paused 2ms+10ms
07-05 11:56:40.013   545   548 D dalvikvm: GC_CONCURRENT freed 844K, 12% free 10427K/11719K, paused 2ms+2ms
07-05 11:56:40.205   545   548 D dalvikvm: GC_CONCURRENT freed 413K, 12% free 10402K/11719K, paused 2ms+3ms
07-05 11:56:40.338   545 11573 I DownloadManager: Initiating request for download 1315
07-05 11:56:40.400   545   548 D dalvikvm: GC_CONCURRENT freed 326K, 11% free 10466K/11719K, paused 2ms+4ms
07-05 11:56:40.510   545   548 D dalvikvm: GC_CONCURRENT freed 216K, 9% free 10690K/11719K, paused 2ms+3ms
07-05 11:56:40.635   545   548 D dalvikvm: GC_CONCURRENT freed 450K, 9% free 10687K/11719K, paused 2ms+4ms
07-05 11:56:40.877   545   548 D dalvikvm: GC_CONCURRENT freed 706K, 12% free 10412K/11719K, paused 2ms+3ms
07-05 11:56:41.072   545   548 D dalvikvm: GC_CONCURRENT freed 406K, 12% free 10397K/11719K, paused 2ms+2ms
07-05 11:56:41.170   545 11576 I DownloadManager: Initiating request for download 1316
07-05 11:56:41.275   545   548 D dalvikvm: GC_CONCURRENT freed 225K, 10% free 10596K/11719K, paused 1ms+2ms
07-05 11:56:41.392   545   548 D dalvikvm: GC_CONCURRENT freed 294K, 9% free 10764K/11719K, paused 1ms+3ms
07-05 11:56:41.588   545   548 D dalvikvm: GC_CONCURRENT freed 802K, 12% free 10425K/11719K, paused 2ms+2ms
07-05 11:56:41.638  1370 11578 E DictionaryProvider:UpdateHandler: Can't read a file : android.util.MalformedJsonException: Use JsonReader.setLenient(true) to accept malformed JSON at line 1 column 20
07-05 11:56:41.826   545   548 D dalvikvm: GC_CONCURRENT freed 396K, 12% free 10421K/11719K, paused 2ms+2ms
07-05 11:56:41.994   545 11581 I DownloadManager: Initiating request for download 1316
07-05 11:56:42.033   545   548 D dalvikvm: GC_CONCURRENT freed 430K, 12% free 10422K/11719K, paused 3ms+3ms
07-05 11:56:42.146   545   548 D dalvikvm: GC_CONCURRENT freed 181K, 9% free 10667K/11719K, paused 2ms+2ms
07-05 11:56:42.267   545   548 D dalvikvm: GC_CONCURRENT freed 409K, 9% free 10691K/11719K, paused 2ms+2ms
07-05 11:56:42.502   545   548 D dalvikvm: GC_CONCURRENT freed 707K, 12% free 10418K/11719K, paused 2ms+2ms
07-05 11:56:42.693   545   548 D dalvikvm: GC_CONCURRENT freed 404K, 12% free 10400K/11719K, paused 2ms+3ms
07-05 11:56:42.826   545 11584 I DownloadManager: Initiating request for download 1317
07-05 11:56:42.908   545   548 D dalvikvm: GC_CONCURRENT freed 263K, 10% free 10565K/11719K, paused 2ms+4ms
07-05 11:56:43.017   545   548 D dalvikvm: GC_CONCURRENT freed 269K, 9% free 10771K/11719K, paused 2ms+2ms
07-05 11:56:43.193   545   548 D dalvikvm: GC_CONCURRENT freed 770K, 11% free 10468K/11719K, paused 2ms+3ms
07-05 11:56:43.263  1370 11586 E DictionaryProvider:UpdateHandler: Can't read a file : android.util.MalformedJsonException: Use JsonReader.setLenient(true) to accept malformed JSON at line 1 column 20
07-05 11:56:43.447   545   548 D dalvikvm: GC_CONCURRENT freed 436K, 12% free 10424K/11719K, paused 2ms+3ms
07-05 11:56:43.654   545   548 D dalvikvm: GC_CONCURRENT freed 414K, 12% free 10400K/11719K, paused 2ms+2ms
07-05 11:56:43.701   545 11589 I DownloadManager: Initiating request for download 1317
07-05 11:56:43.814   545   548 D dalvikvm: GC_CONCURRENT freed 193K, 10% free 10637K/11719K, paused 2ms+3ms
07-05 11:56:43.920   545   548 D dalvikvm: GC_CONCURRENT freed 308K, 8% free 10804K/11719K, paused 1ms+4ms
07-05 11:56:44.154   545   548 D dalvikvm: GC_CONCURRENT freed 854K, 12% free 10423K/11719K, paused 2ms+2ms
07-05 11:56:44.345   545   548 D dalvikvm: GC_CONCURRENT freed 409K, 12% free 10403K/11719K, paused 2ms+3ms
07-05 11:56:44.502   545 11592 I DownloadManager: Initiating request for download 1318
07-05 11:56:44.588   545   548 D dalvikvm: GC_CONCURRENT freed 282K, 10% free 10568K/11719K, paused 2ms+3ms
07-05 11:56:44.689   545   548 D dalvikvm: GC_CONCURRENT freed 269K, 9% free 10727K/11719K, paused 2ms+3ms
07-05 11:56:44.842   545   548 D dalvikvm: GC_CONCURRENT freed 707K, 11% free 10466K/11719K, paused 2ms+2ms
07-05 11:56:44.935  1370 11594 E DictionaryProvider:UpdateHandler: Can't read a file : android.util.MalformedJsonException: Use JsonReader.setLenient(true) to accept malformed JSON at line 1 column 20
07-05 11:56:45.088   545   548 D dalvikvm: GC_CONCURRENT freed 427K, 12% free 10429K/11719K, paused 2ms+4ms
07-05 11:56:45.287   545   548 D dalvikvm: GC_CONCURRENT freed 415K, 12% free 10408K/11719K, paused 2ms+2ms
07-05 11:56:45.353   545 11597 I DownloadManager: Initiating request for download 1318
07-05 11:56:45.443   545   548 D dalvikvm: GC_CONCURRENT freed 226K, 10% free 10611K/11719K, paused 2ms+3ms
07-05 11:56:45.545   545   548 D dalvikvm: GC_CONCURRENT freed 278K, 9% free 10774K/11719K, paused 2ms+3ms
07-05 11:56:45.767   545 11597 D dalvikvm: GC_EXPLICIT freed 844K, 11% free 10461K/11719K, paused 2ms+3ms
07-05 11:56:45.967   545   548 D dalvikvm: GC_CONCURRENT freed 438K, 12% free 10414K/11719K, paused 2ms+2ms
07-05 11:56:46.115   545 11600 I DownloadManager: Initiating request for download 1319
07-05 11:56:46.177   545   548 D dalvikvm: GC_CONCURRENT freed 333K, 11% free 10476K/11719K, paused 2ms+2ms
07-05 11:56:46.283   545   548 D dalvikvm: GC_CONCURRENT freed 210K, 9% free 10697K/11719K, paused 2ms+3ms
07-05 11:56:46.408   545   548 D dalvikvm: GC_CONCURRENT freed 448K, 9% free 10698K/11719K, paused 1ms+3ms
07-05 11:56:46.560  1370 11602 E DictionaryProvider:UpdateHandler: Can't read a file : android.util.MalformedJsonException: Use JsonReader.setLenient(true) to accept malformed JSON at line 1 column 20
07-05 11:56:46.685   545   548 D dalvikvm: GC_CONCURRENT freed 700K, 11% free 10436K/11719K, paused 2ms+3ms
07-05 11:56:46.877   545   548 D dalvikvm: GC_CONCURRENT freed 416K, 12% free 10410K/11719K, paused 2ms+3ms
07-05 11:56:46.955   545 11605 I DownloadManager: Initiating request for download 1319
07-05 11:56:47.037   545   548 D dalvikvm: GC_CONCURRENT freed 245K, 10% free 10599K/11719K, paused 2ms+2ms
07-05 11:56:47.146   545   548 D dalvikvm: GC_CONCURRENT freed 286K, 9% free 10765K/11719K, paused 2ms+3ms
07-05 11:56:47.330   545   548 D dalvikvm: GC_CONCURRENT freed 757K, 11% free 10468K/11719K, paused 1ms+3ms
07-05 11:56:47.549   545   548 D dalvikvm: GC_CONCURRENT freed 434K, 12% free 10423K/11719K, paused 1ms+3ms
07-05 11:56:47.752   545   548 D dalvikvm: GC_CONCURRENT freed 408K, 12% free 10402K/11719K, paused 2ms+2ms
07-05 11:56:47.799   545 11608 I DownloadManager: Initiating request for download 1320
07-05 11:56:47.912   545   548 D dalvikvm: GC_CONCURRENT freed 167K, 10% free 10659K/11719K, paused 2ms+3ms
07-05 11:56:48.021   545   548 D dalvikvm: GC_CONCURRENT freed 388K, 9% free 10710K/11719K, paused 2ms+2ms
07-05 11:56:48.236   545   548 D dalvikvm: GC_CONCURRENT freed 721K, 11% free 10434K/11719K, paused 2ms+2ms
07-05 11:56:48.435   545   548 D dalvikvm: GC_CONCURRENT freed 405K, 12% free 10417K/11719K, paused 2ms+2ms
07-05 11:56:48.470  1370 11610 E DictionaryProvider:UpdateHandler: Can't read a file : android.util.MalformedJsonException: Use JsonReader.setLenient(true) to accept malformed JSON at line 1 column 20
07-05 11:56:48.506  1370  1372 D dalvikvm: GC_CONCURRENT freed 471K, 7% free 9142K/9735K, paused 1ms+2ms
07-05 11:56:48.576   465 11611 D dalvikvm: GC_EXPLICIT freed 412K, 6% free 10491K/11079K, paused 4ms+3ms
07-05 11:56:48.677   545 11613 I DownloadManager: Initiating request for download 1320
07-05 11:56:48.728   545   548 D dalvikvm: GC_CONCURRENT freed 341K, 11% free 10486K/11719K, paused 2ms+3ms
07-05 11:56:48.838   545   548 D dalvikvm: GC_CONCURRENT freed 223K, 9% free 10705K/11719K, paused 2ms+4ms
07-05 11:56:48.974   545   548 D dalvikvm: GC_CONCURRENT freed 679K, 11% free 10481K/11719K, paused 2ms+3ms
07-05 11:56:49.170   545   548 D dalvikvm: GC_CONCURRENT freed 409K, 11% free 10458K/11719K, paused 2ms+3ms
07-05 11:56:49.365   545   548 D dalvikvm: GC_CONCURRENT freed 434K, 12% free 10415K/11719K, paused 2ms+3ms
07-05 11:56:50.326   545 11616 I DownloadManager: Initiating request for download 1321
07-05 11:56:50.427   545   548 D dalvikvm: GC_CONCURRENT freed 236K, 10% free 10603K/11719K, paused 1ms+3ms
07-05 11:56:50.533   545   548 D dalvikvm: GC_CONCURRENT freed 290K, 9% free 10764K/11719K, paused 2ms+4ms
07-05 11:56:50.709   545   548 D dalvikvm: GC_CONCURRENT freed 756K, 11% free 10476K/11719K, paused 2ms+3ms
07-05 11:56:50.822  1370 11618 E DictionaryProvider:UpdateHandler: Can't read a file : android.util.MalformedJsonException: Use JsonReader.setLenient(true) to accept malformed JSON at line 1 column 20
07-05 11:56:50.959   545   548 D dalvikvm: GC_CONCURRENT freed 431K, 11% free 10438K/11719K, paused 2ms+2ms
07-05 11:56:51.154   545   548 D dalvikvm: GC_CONCURRENT freed 419K, 12% free 10414K/11719K, paused 2ms+2ms
07-05 11:56:51.189   545 11621 I DownloadManager: Initiating request for download 1321
07-05 11:56:51.287   545   548 D dalvikvm: GC_CONCURRENT freed 184K, 10% free 10644K/11719K, paused 1ms+3ms
07-05 11:56:51.381   545   548 D dalvikvm: GC_CONCURRENT freed 286K, 8% free 10807K/11719K, paused 2ms+3ms
07-05 11:56:51.615   545   548 D dalvikvm: GC_CONCURRENT freed 842K, 11% free 10436K/11719K, paused 2ms+2ms
07-05 11:56:51.802   545   548 D dalvikvm: GC_CONCURRENT freed 405K, 12% free 10420K/11719K, paused 1ms+3ms
07-05 11:56:51.994   545 11624 I DownloadManager: Initiating request for download 1322
07-05 11:56:52.099   545   548 D dalvikvm: GC_CONCURRENT freed 335K, 11% free 10482K/11719K, paused 7ms+3ms
07-05 11:56:52.205   545   548 D dalvikvm: GC_CONCURRENT freed 212K, 9% free 10705K/11719K, paused 2ms+2ms
07-05 11:56:52.342   545   548 D dalvikvm: GC_CONCURRENT freed 668K, 11% free 10487K/11719K, paused 2ms+2ms
07-05 11:56:52.478  1370 11626 E DictionaryProvider:UpdateHandler: Can't read a file : android.util.MalformedJsonException: Use JsonReader.setLenient(true) to accept malformed JSON at line 1 column 20
07-05 11:56:52.599   545   548 D dalvikvm: GC_CONCURRENT freed 431K, 11% free 10449K/11719K, paused 2ms+3ms
07-05 11:56:52.783   545   548 D dalvikvm: GC_CONCURRENT freed 421K, 12% free 10415K/11719K, paused 2ms+2ms
07-05 11:56:52.881   545 11629 I DownloadManager: Initiating request for download 1322
07-05 11:56:52.978   545   548 D dalvikvm: GC_CONCURRENT freed 263K, 10% free 10585K/11719K, paused 2ms+2ms
07-05 11:56:53.080   545   548 D dalvikvm: GC_CONCURRENT freed 277K, 9% free 10744K/11719K, paused 2ms+2ms
07-05 11:56:53.228   545   548 D dalvikvm: GC_CONCURRENT freed 721K, 11% free 10477K/11719K, paused 2ms+2ms
07-05 11:56:53.443   545   548 D dalvikvm: GC_CONCURRENT freed 434K, 11% free 10434K/11719K, paused 2ms+3ms
07-05 11:56:53.654   545   548 D dalvikvm: GC_CONCURRENT freed 406K, 12% free 10419K/11719K, paused 2ms+3ms
07-05 11:56:53.748   545 11632 I DownloadManager: Initiating request for download 1323
07-05 11:56:53.842   545   548 D dalvikvm: GC_CONCURRENT freed 209K, 10% free 10638K/11719K, paused 2ms+3ms
07-05 11:56:53.947   545   548 D dalvikvm: GC_CONCURRENT freed 288K, 8% free 10801K/11719K, paused 2ms+3ms
07-05 11:56:54.181  1370 11634 E DictionaryProvider:UpdateHandler: Can't read a file : android.util.MalformedJsonException: Use JsonReader.setLenient(true) to accept malformed JSON at line 1 column 20
07-05 11:56:54.205   545   548 D dalvikvm: GC_CONCURRENT freed 833K, 11% free 10460K/11719K, paused 2ms+2ms
07-05 11:56:54.420   545   548 D dalvikvm: GC_CONCURRENT freed 417K, 12% free 10429K/11719K, paused 2ms+2ms
07-05 11:56:54.627   156   512 D dalvikvm: GC_EXPLICIT freed 516K, 16% free 13369K/15879K, paused 2ms+6ms
07-05 11:56:54.646   545 11637 I DownloadManager: Initiating request for download 1323
07-05 11:56:54.689   545   548 D dalvikvm: GC_CONCURRENT freed 369K, 11% free 10462K/11719K, paused 2ms+3ms
07-05 11:56:54.799   545   548 D dalvikvm: GC_CONCURRENT freed 200K, 9% free 10677K/11719K, paused 2ms+3ms
07-05 11:56:54.916   545   548 D dalvikvm: GC_CONCURRENT freed 417K, 9% free 10709K/11719K, paused 2ms+3ms
07-05 11:56:55.166   545   548 D dalvikvm: GC_CONCURRENT freed 723K, 11% free 10431K/11719K, paused 2ms+2ms
07-05 11:56:55.365   545   548 D dalvikvm: GC_CONCURRENT freed 412K, 12% free 10406K/11719K, paused 2ms+2ms
07-05 11:56:55.498   545 11640 I DownloadManager: Initiating request for download 1324
07-05 11:56:55.611   545   548 D dalvikvm: GC_CONCURRENT freed 255K, 10% free 10581K/11719K, paused 2ms+2ms
07-05 11:56:55.713   545   548 D dalvikvm: GC_CONCURRENT freed 293K, 9% free 10735K/11719K, paused 2ms+3ms
07-05 11:56:55.869   545   548 D dalvikvm: GC_CONCURRENT freed 715K, 11% free 10473K/11719K, paused 2ms+3ms
07-05 11:56:55.959  1370 11642 E DictionaryProvider:UpdateHandler: Can't read a file : android.util.MalformedJsonException: Use JsonReader.setLenient(true) to accept malformed JSON at line 1 column 20
07-05 11:56:55.994  1370  1372 D dalvikvm: GC_CONCURRENT freed 402K, 7% free 9130K/9735K, paused 1ms+3ms
07-05 11:56:56.142   545   548 D dalvikvm: GC_CONCURRENT freed 432K, 12% free 10428K/11719K, paused 2ms+2ms
07-05 11:56:56.334   545   548 D dalvikvm: GC_CONCURRENT freed 410K, 12% free 10411K/11719K, paused 2ms+2ms
07-05 11:56:56.385   545 11645 I DownloadManager: Initiating request for download 1324
07-05 11:56:56.482   545   548 D dalvikvm: GC_CONCURRENT freed 211K, 10% free 10621K/11719K, paused 2ms+2ms
07-05 11:56:56.588   545   548 D dalvikvm: GC_CONCURRENT freed 280K, 8% free 10784K/11719K, paused 2ms+3ms
07-05 11:56:56.775   545   548 D dalvikvm: GC_CONCURRENT freed 784K, 11% free 10463K/11719K, paused 1ms+3ms
07-05 11:56:56.970   545   548 D dalvikvm: GC_CONCURRENT freed 399K, 11% free 10449K/11719K, paused 2ms+2ms
07-05 11:56:57.845   545 11647 I DownloadManager: Initiating request for download 1325
07-05 11:56:57.963   545   548 D dalvikvm: GC_CONCURRENT freed 390K, 11% free 10494K/11719K, paused 4ms+7ms
07-05 11:56:58.088   545   548 D dalvikvm: GC_CONCURRENT freed 227K, 9% free 10710K/11719K, paused 2ms+2ms
07-05 11:56:58.232   545   548 D dalvikvm: GC_CONCURRENT freed 679K, 11% free 10478K/11719K, paused 2ms+2ms
07-05 11:56:58.365  1370 11650 E DictionaryProvider:UpdateHandler: Can't read a file : android.util.MalformedJsonException: Use JsonReader.setLenient(true) to accept malformed JSON at line 1 column 20
07-05 11:56:58.482   545   548 D dalvikvm: GC_CONCURRENT freed 428K, 11% free 10437K/11719K, paused 2ms+3ms
07-05 11:56:58.666   545   548 D dalvikvm: GC_CONCURRENT freed 419K, 12% free 10409K/11719K, paused 1ms+3ms
07-05 11:56:58.775   545 11653 I DownloadManager: Initiating request for download 1325
07-05 11:56:58.845   545   548 D dalvikvm: GC_CONCURRENT freed 295K, 11% free 10527K/11719K, paused 2ms+2ms
07-05 11:56:58.951   545   548 D dalvikvm: GC_CONCURRENT freed 242K, 9% free 10718K/11719K, paused 3ms+2ms
07-05 11:56:59.084   545   548 D dalvikvm: GC_CONCURRENT freed 708K, 11% free 10472K/11719K, paused 2ms+3ms
07-05 11:56:59.306   545   548 D dalvikvm: GC_CONCURRENT freed 434K, 12% free 10429K/11719K, paused 2ms+2ms
07-05 11:56:59.494   545   548 D dalvikvm: GC_CONCURRENT freed 409K, 12% free 10408K/11719K, paused 2ms+2ms
07-05 11:56:59.607   545 11656 I DownloadManager: Initiating request for download 1326
07-05 11:56:59.689   545   548 D dalvikvm: GC_CONCURRENT freed 227K, 10% free 10606K/11719K, paused 2ms+3ms
07-05 11:56:59.795   545   548 D dalvikvm: GC_CONCURRENT freed 279K, 9% free 10766K/11719K, paused 2ms+3ms
07-05 11:56:59.974   545   548 D dalvikvm: GC_CONCURRENT freed 754K, 11% free 10477K/11719K, paused 2ms+3ms
07-05 11:57:00.049  1370 11658 E DictionaryProvider:UpdateHandler: Can't read a file : android.util.MalformedJsonException: Use JsonReader.setLenient(true) to accept malformed JSON at line 1 column 20
07-05 11:57:00.244   545   548 D dalvikvm: GC_CONCURRENT freed 435K, 11% free 10432K/11719K, paused 2ms+3ms
07-05 11:57:00.439   545   548 D dalvikvm: GC_CONCURRENT freed 411K, 12% free 10408K/11719K, paused 2ms+2ms
07-05 11:57:00.478   545 11661 I DownloadManager: Initiating request for download 1326
07-05 11:57:00.576   545   548 D dalvikvm: GC_CONCURRENT freed 179K, 10% free 10644K/11719K, paused 2ms+2ms
07-05 11:57:00.681   545   548 D dalvikvm: GC_CONCURRENT freed 292K, 8% free 10809K/11719K, paused 2ms+3ms
07-05 11:57:00.916   545   548 D dalvikvm: GC_CONCURRENT freed 850K, 11% free 10434K/11719K, paused 2ms+2ms
07-05 11:57:01.092   545   548 D dalvikvm: GC_CONCURRENT freed 404K, 12% free 10420K/11719K, paused 2ms+2ms
07-05 11:57:01.240   545 11664 I DownloadManager: Initiating request for download 1327
07-05 11:57:01.299   545   548 D dalvikvm: GC_CONCURRENT freed 335K, 11% free 10484K/11719K, paused 2ms+3ms
07-05 11:57:01.408   545   548 D dalvikvm: GC_CONCURRENT freed 214K, 9% free 10706K/11719K, paused 2ms+3ms
07-05 11:57:01.541   545   548 D dalvikvm: GC_CONCURRENT freed 451K, 9% free 10717K/11719K, paused 2ms+2ms
07-05 11:57:01.670  1370 11666 E DictionaryProvider:UpdateHandler: Can't read a file : android.util.MalformedJsonException: Use JsonReader.setLenient(true) to accept malformed JSON at line 1 column 20
07-05 11:57:01.795   545   548 D dalvikvm: GC_CONCURRENT freed 714K, 11% free 10441K/11719K, paused 1ms+2ms
07-05 11:57:01.990   545   548 D dalvikvm: GC_CONCURRENT freed 413K, 12% free 10416K/11719K, paused 2ms+2ms
07-05 11:57:02.076   545 11668 I DownloadManager: Initiating request for download 1327
07-05 11:57:02.142   545   548 D dalvikvm: GC_CONCURRENT freed 215K, 10% free 10591K/11719K, paused 2ms+3ms
07-05 11:57:02.224   545   548 D dalvikvm: GC_CONCURRENT freed 265K, 9% free 10745K/11719K, paused 2ms+3ms
07-05 11:57:03.049   545   548 D dalvikvm: GC_CONCURRENT freed 722K, 11% free 10486K/11719K, paused 2ms+2ms
07-05 11:57:03.252   545   548 D dalvikvm: GC_CONCURRENT freed 442K, 11% free 10438K/11719K, paused 2ms+2ms
07-05 11:57:03.443   545   548 D dalvikvm: GC_CONCURRENT freed 415K, 12% free 10411K/11719K, paused 1ms+2ms
07-05 11:57:03.537   545 11672 I DownloadManager: Initiating request for download 1328
07-05 11:57:03.635   545   548 D dalvikvm: GC_CONCURRENT freed 200K, 10% free 10665K/11719K, paused 2ms+2ms
07-05 11:57:03.740   545   548 D dalvikvm: GC_CONCURRENT freed 318K, 8% free 10812K/11719K, paused 2ms+3ms
07-05 11:57:03.924  1370 11674 E DictionaryProvider:UpdateHandler: Can't read a file : android.util.MalformedJsonException: Use JsonReader.setLenient(true) to accept malformed JSON at line 1 column 20
07-05 11:57:03.990  1370  1372 D dalvikvm: GC_CONCURRENT freed 391K, 7% free 9130K/9735K, paused 2ms+4ms
07-05 11:57:04.029   545   548 D dalvikvm: GC_CONCURRENT freed 848K, 11% free 10446K/11719K, paused 5ms+2ms
07-05 11:57:04.209   545   548 D dalvikvm: GC_CONCURRENT freed 409K, 12% free 10424K/11719K, paused 2ms+2ms
07-05 11:57:04.342   545 11677 I DownloadManager: Initiating request for download 1328
07-05 11:57:04.396   545   548 D dalvikvm: GC_CONCURRENT freed 361K, 11% free 10488K/11719K, paused 2ms+3ms
07-05 11:57:04.502   545   548 D dalvikvm: GC_CONCURRENT freed 210K, 9% free 10711K/11719K, paused 2ms+2ms
07-05 11:57:04.627   545   548 D dalvikvm: GC_CONCURRENT freed 689K, 11% free 10483K/11719K, paused 2ms+2ms
07-05 11:57:04.849   545   548 D dalvikvm: GC_CONCURRENT freed 436K, 11% free 10437K/11719K, paused 1ms+3ms
07-05 11:57:05.049   545   548 D dalvikvm: GC_CONCURRENT freed 407K, 12% free 10420K/11719K, paused 2ms+2ms
07-05 11:57:05.162   545 11680 I DownloadManager: Initiating request for download 1329
07-05 11:57:05.252   545   548 D dalvikvm: GC_CONCURRENT freed 257K, 10% free 10641K/11719K, paused 2ms+3ms
07-05 11:57:05.361   545   548 D dalvikvm: GC_CONCURRENT freed 328K, 8% free 10834K/11719K, paused 2ms+3ms
07-05 11:57:05.576  1370 11682 E DictionaryProvider:UpdateHandler: Can't read a file : android.util.MalformedJsonException: Use JsonReader.setLenient(true) to accept malformed JSON at line 1 column 20
07-05 11:57:05.631   545   548 D dalvikvm: GC_CONCURRENT freed 879K, 11% free 10458K/11719K, paused 3ms+2ms
07-05 11:57:05.838   545   548 D dalvikvm: GC_CONCURRENT freed 420K, 12% free 10425K/11719K, paused 1ms+2ms
07-05 11:57:05.982   545 11685 I DownloadManager: Initiating request for download 1329
07-05 11:57:06.037   545   548 D dalvikvm: GC_CONCURRENT freed 366K, 11% free 10486K/11719K, paused 2ms+3ms
07-05 11:57:06.154   545   548 D dalvikvm: GC_CONCURRENT freed 216K, 9% free 10715K/11719K, paused 2ms+3ms
07-05 11:57:06.287   545   548 D dalvikvm: GC_CONCURRENT freed 688K, 11% free 10483K/11719K, paused 2ms+2ms
07-05 11:57:06.513   545   548 D dalvikvm: GC_CONCURRENT freed 431K, 11% free 10442K/11719K, paused 1ms+2ms
07-05 11:57:06.705   545   548 D dalvikvm: GC_CONCURRENT freed 410K, 12% free 10420K/11719K, paused 2ms+3ms
07-05 11:57:06.842   545 11688 I DownloadManager: Initiating request for download 1330
07-05 11:57:06.939   545   548 D dalvikvm: GC_CONCURRENT freed 268K, 10% free 10606K/11719K, paused 3ms+3ms
07-05 11:57:07.041   545   548 D dalvikvm: GC_CONCURRENT freed 282K, 9% free 10765K/11719K, paused 1ms+3ms
07-05 11:57:07.205   545   548 D dalvikvm: GC_CONCURRENT freed 746K, 11% free 10482K/11719K, paused 2ms+3ms
07-05 11:57:07.291  1370 11690 E DictionaryProvider:UpdateHandler: Can't read a file : android.util.MalformedJsonException: Use JsonReader.setLenient(true) to accept malformed JSON at line 1 column 20
07-05 11:57:07.451   545   548 D dalvikvm: GC_CONCURRENT freed 427K, 11% free 10442K/11719K, paused 2ms+3ms
07-05 11:57:07.642   545   548 D dalvikvm: GC_CONCURRENT freed 411K, 12% free 10424K/11719K, paused 2ms+2ms
07-05 11:57:07.701   545 11693 I DownloadManager: Initiating request for download 1330
07-05 11:57:07.795   545   548 D dalvikvm: GC_CONCURRENT freed 221K, 10% free 10654K/11719K, paused 2ms+3ms
07-05 11:57:07.904   545   548 D dalvikvm: GC_CONCURRENT freed 291K, 8% free 10823K/11719K, paused 2ms+4ms
07-05 11:57:08.111   545   548 D dalvikvm: GC_CONCURRENT freed 829K, 11% free 10476K/11719K, paused 2ms+2ms
07-05 11:57:08.299   545   548 D dalvikvm: GC_CONCURRENT freed 402K, 11% free 10464K/11719K, paused 2ms+2ms
07-05 11:57:09.412   545 11695 I DownloadManager: Initiating request for download 1331
07-05 11:57:09.498   545   548 D dalvikvm: GC_CONCURRENT freed 322K, 10% free 10561K/11719K, paused 2ms+2ms
07-05 11:57:09.607   545   548 D dalvikvm: GC_CONCURRENT freed 272K, 9% free 10739K/11719K, paused 2ms+4ms
07-05 11:57:09.763   545   548 D dalvikvm: GC_CONCURRENT freed 717K, 11% free 10499K/11719K, paused 2ms+2ms
07-05 11:57:09.896  1370 11698 E DictionaryProvider:UpdateHandler: Can't read a file : android.util.MalformedJsonException: Use JsonReader.setLenient(true) to accept malformed JSON at line 1 column 20
07-05 11:57:10.021   545   548 D dalvikvm: GC_CONCURRENT freed 435K, 11% free 10453K/11719K, paused 2ms+3ms
07-05 11:57:10.209   545   548 D dalvikvm: GC_CONCURRENT freed 418K, 12% free 10424K/11719K, paused 2ms+2ms
07-05 11:57:10.291   545 11701 I DownloadManager: Initiating request for download 1331
07-05 11:57:10.373   545   548 D dalvikvm: GC_CONCURRENT freed 243K, 10% free 10637K/11719K, paused 2ms+2ms
07-05 11:57:10.478   545   548 D dalvikvm: GC_CONCURRENT freed 302K, 8% free 10787K/11719K, paused 2ms+3ms
07-05 11:57:10.670   545   548 D dalvikvm: GC_CONCURRENT freed 779K, 11% free 10475K/11719K, paused 1ms+2ms
07-05 11:57:10.748   156   167 D dalvikvm: GC_EXPLICIT freed 514K, 16% free 13368K/15879K, paused 3ms+6ms
07-05 11:57:10.951   545   548 D dalvikvm: GC_CONCURRENT freed 426K, 11% free 10438K/11719K, paused 2ms+3ms
07-05 11:57:11.142   545   548 D dalvikvm: GC_CONCURRENT freed 418K, 12% free 10406K/11719K, paused 2ms+3ms
07-05 11:57:11.201   545 11704 I DownloadManager: Initiating request for download 1332
07-05 11:57:11.306   545   548 D dalvikvm: GC_CONCURRENT freed 172K, 9% free 10667K/11719K, paused 2ms+2ms
07-05 11:57:11.420   545   548 D dalvikvm: GC_CONCURRENT freed 402K, 9% free 10722K/11719K, paused 2ms+3ms
07-05 11:57:11.646   545  3626 D dalvikvm: GC_EXPLICIT freed 695K, 11% free 10441K/11719K, paused 2ms+3ms
07-05 11:57:11.658  1370 11706 E DictionaryProvider:UpdateHandler: Can't read a file : android.util.MalformedJsonException: Use JsonReader.setLenient(true) to accept malformed JSON at line 1 column 20
07-05 11:57:11.705  1370  1372 D dalvikvm: GC_CONCURRENT freed 391K, 7% free 9130K/9735K, paused 2ms+2ms
07-05 11:57:11.888   545   548 D dalvikvm: GC_CONCURRENT freed 404K, 12% free 10424K/11719K, paused 2ms+4ms
07-05 11:57:12.052   545 11709 I DownloadManager: Initiating request for download 1332
07-05 11:57:12.095   545   548 D dalvikvm: GC_CONCURRENT freed 394K, 11% free 10444K/11719K, paused 2ms+3ms
07-05 11:57:12.213   545   548 D dalvikvm: GC_CONCURRENT freed 183K, 9% free 10687K/11719K, paused 2ms+2ms
07-05 11:57:12.334   545   548 D dalvikvm: GC_CONCURRENT freed 424K, 9% free 10713K/11719K, paused 2ms+2ms
07-05 11:57:12.568   545   548 D dalvikvm: GC_CONCURRENT freed 718K, 11% free 10434K/11719K, paused 2ms+3ms
07-05 11:57:12.763   545   548 D dalvikvm: GC_CONCURRENT freed 408K, 12% free 10414K/11719K, paused 2ms+2ms
07-05 11:57:12.896   545 11712 I DownloadManager: Initiating request for download 1333
07-05 11:57:12.967   545   548 D dalvikvm: GC_CONCURRENT freed 275K, 10% free 10577K/11719K, paused 2ms+3ms
07-05 11:57:13.072   545   548 D dalvikvm: GC_CONCURRENT freed 294K, 9% free 10756K/11719K, paused 2ms+3ms
07-05 11:57:13.232   545   548 D dalvikvm: GC_CONCURRENT freed 736K, 11% free 10478K/11719K, paused 2ms+3ms
07-05 11:57:13.338  1370 11714 E DictionaryProvider:UpdateHandler: Can't read a file : android.util.MalformedJsonException: Use JsonReader.setLenient(true) to accept malformed JSON at line 1 column 20
07-05 11:57:13.490   545   548 D dalvikvm: GC_CONCURRENT freed 429K, 11% free 10438K/11719K, paused 2ms+2ms
07-05 11:57:13.677   545   548 D dalvikvm: GC_CONCURRENT freed 409K, 12% free 10414K/11719K, paused 2ms+2ms
07-05 11:57:13.740   545 11717 I DownloadManager: Initiating request for download 1333
07-05 11:57:13.826   545   548 D dalvikvm: GC_CONCURRENT freed 211K, 10% free 10626K/11719K, paused 2ms+3ms
07-05 11:57:13.935   545   548 D dalvikvm: GC_CONCURRENT freed 288K, 8% free 10831K/11719K, paused 2ms+3ms
07-05 11:57:14.138   545   548 D dalvikvm: GC_CONCURRENT freed 836K, 11% free 10473K/11719K, paused 1ms+3ms
07-05 11:57:14.338   545   548 D dalvikvm: GC_CONCURRENT freed 400K, 11% free 10466K/11719K, paused 2ms+2ms
07-05 11:57:14.814   545 11719 I DownloadManager: Initiating request for download 1334
07-05 11:57:14.908   545   548 D dalvikvm: GC_CONCURRENT freed 406K, 11% free 10495K/11719K, paused 2ms+3ms
07-05 11:57:15.013   545   548 D dalvikvm: GC_CONCURRENT freed 225K, 9% free 10749K/11719K, paused 1ms+3ms
07-05 11:57:15.162   545   548 D dalvikvm: GC_CONCURRENT freed 718K, 11% free 10483K/11719K, paused 2ms+2ms
07-05 11:57:15.271  1370 11722 E DictionaryProvider:UpdateHandler: Can't read a file : android.util.MalformedJsonException: Use JsonReader.setLenient(true) to accept malformed JSON at line 1 column 20
07-05 11:57:15.404   545   548 D dalvikvm: GC_CONCURRENT freed 426K, 11% free 10451K/11719K, paused 1ms+2ms
07-05 11:57:15.599   545   548 D dalvikvm: GC_CONCURRENT freed 420K, 12% free 10422K/11719K, paused 2ms+2ms
07-05 11:57:15.693   545 11725 I DownloadManager: Initiating request for download 1334
07-05 11:57:15.775   545   548 D dalvikvm: GC_CONCURRENT freed 254K, 10% free 10644K/11719K, paused 2ms+3ms
07-05 11:57:15.885   545   548 D dalvikvm: GC_CONCURRENT freed 327K, 8% free 10791K/11719K, paused 2ms+2ms
07-05 11:57:16.072   545   548 D dalvikvm: GC_CONCURRENT freed 782K, 11% free 10479K/11719K, paused 2ms+2ms
07-05 11:57:16.283   545   548 D dalvikvm: GC_CONCURRENT freed 437K, 11% free 10431K/11719K, paused 2ms+2ms
07-05 11:57:16.478   545   548 D dalvikvm: GC_CONCURRENT freed 403K, 12% free 10415K/11719K, paused 2ms+2ms
07-05 11:57:16.529   545 11728 I DownloadManager: Initiating request for download 1335
07-05 11:57:16.635   545   548 D dalvikvm: GC_CONCURRENT freed 171K, 9% free 10679K/11719K, paused 2ms+3ms
07-05 11:57:16.744   545   548 D dalvikvm: GC_CONCURRENT freed 392K, 9% free 10724K/11719K, paused 1ms+2ms
07-05 11:57:16.904  1370 11730 E DictionaryProvider:UpdateHandler: Can't read a file : android.util.MalformedJsonException: Use JsonReader.setLenient(true) to accept malformed JSON at line 1 column 20
07-05 11:57:16.990   545   548 D dalvikvm: GC_CONCURRENT freed 714K, 11% free 10455K/11719K, paused 2ms+2ms
07-05 11:57:17.170   545   548 D dalvikvm: GC_CONCURRENT freed 415K, 12% free 10427K/11719K, paused 1ms+2ms
07-05 11:57:17.302   545 11733 I DownloadManager: Initiating request for download 1335
07-05 11:57:17.349   545   548 D dalvikvm: GC_CONCURRENT freed 366K, 11% free 10489K/11719K, paused 1ms+3ms
07-05 11:57:17.459   545   548 D dalvikvm: GC_CONCURRENT freed 205K, 9% free 10711K/11719K, paused 2ms+3ms
07-05 11:57:17.592   545   548 D dalvikvm: GC_CONCURRENT freed 441K, 9% free 10723K/11719K, paused 2ms+2ms
07-05 11:57:17.830   545   548 D dalvikvm: GC_CONCURRENT freed 721K, 11% free 10444K/11719K, paused 2ms+3ms
07-05 11:57:18.021   545   548 D dalvikvm: GC_CONCURRENT freed 408K, 12% free 10423K/11719K, paused 2ms+2ms
07-05 11:57:18.146   545 11736 I DownloadManager: Initiating request for download 1336
07-05 11:57:18.240   545   548 D dalvikvm: GC_CONCURRENT freed 245K, 10% free 10601K/11719K, paused 2ms+3ms
07-05 11:57:18.345   545   548 D dalvikvm: GC_CONCURRENT freed 287K, 9% free 10771K/11719K, paused 2ms+3ms
07-05 11:57:18.510   545   548 D dalvikvm: GC_CONCURRENT freed 749K, 11% free 10492K/11719K, paused 1ms+3ms
07-05 11:57:18.603  1370 11738 E DictionaryProvider:UpdateHandler: Can't read a file : android.util.MalformedJsonException: Use JsonReader.setLenient(true) to accept malformed JSON at line 1 column 20
07-05 11:57:18.650  1370  1372 D dalvikvm: GC_CONCURRENT freed 390K, 7% free 9131K/9735K, paused 1ms+2ms
07-05 11:57:18.799   545   548 D dalvikvm: GC_CONCURRENT freed 433K, 11% free 10447K/11719K, paused 2ms+2ms
07-05 11:57:18.998   545   548 D dalvikvm: GC_CONCURRENT freed 411K, 12% free 10428K/11719K, paused 2ms+2ms
07-05 11:57:19.049   545 11741 I DownloadManager: Initiating request for download 1336
07-05 11:57:19.142   545   548 D dalvikvm: GC_CONCURRENT freed 213K, 10% free 10646K/11719K, paused 2ms+3ms
07-05 11:57:19.252   545   548 D dalvikvm: GC_CONCURRENT freed 298K, 8% free 10819K/11719K, paused 1ms+3ms
07-05 11:57:19.478   545   548 D dalvikvm: GC_CONCURRENT freed 849K, 11% free 10446K/11719K, paused 2ms+2ms
07-05 11:57:19.670   545   548 D dalvikvm: GC_CONCURRENT freed 404K, 12% free 10430K/11719K, paused 2ms+3ms
07-05 11:57:19.857   545 11744 I DownloadManager: Initiating request for download 1337
07-05 11:57:19.916   545   548 D dalvikvm: GC_CONCURRENT freed 369K, 11% free 10465K/11719K, paused 2ms+3ms
07-05 11:57:20.037   545   548 D dalvikvm: GC_CONCURRENT freed 187K, 9% free 10751K/11719K, paused 2ms+3ms
07-05 11:57:20.177   545   548 D dalvikvm: GC_CONCURRENT freed 485K, 9% free 10736K/11719K, paused 2ms+2ms
07-05 11:57:20.322  1370 11746 E DictionaryProvider:UpdateHandler: Can't read a file : android.util.MalformedJsonException: Use JsonReader.setLenient(true) to accept malformed JSON at line 1 column 20
07-05 11:57:20.455   545   548 D dalvikvm: GC_CONCURRENT freed 732K, 11% free 10451K/11719K, paused 2ms+2ms
07-05 11:57:20.638   545   548 D dalvikvm: GC_CONCURRENT freed 410K, 12% free 10427K/11719K, paused 2ms+2ms
07-05 11:57:20.724   545 11749 I DownloadManager: Initiating request for download 1337
07-05 11:57:20.810   545   548 D dalvikvm: GC_CONCURRENT freed 243K, 10% free 10625K/11719K, paused 2ms+3ms
07-05 11:57:20.916   545   548 D dalvikvm: GC_CONCURRENT freed 296K, 8% free 10786K/11719K, paused 2ms+2ms
07-05 11:57:21.095   545   548 D dalvikvm: GC_CONCURRENT freed 760K, 11% free 10494K/11719K, paused 2ms+3ms
07-05 11:57:21.314   545   548 D dalvikvm: GC_CONCURRENT freed 439K, 11% free 10445K/11719K, paused 2ms+2ms
07-05 11:57:21.506   545   548 D dalvikvm: GC_CONCURRENT freed 408K, 12% free 10425K/11719K, paused 2ms+3ms
07-05 11:57:21.572   545 11752 I DownloadManager: Initiating request for download 1338
07-05 11:57:21.674   545   548 D dalvikvm: GC_CONCURRENT freed 191K, 9% free 10669K/11719K, paused 2ms+3ms
07-05 11:57:21.783   545   548 D dalvikvm: GC_CONCURRENT freed 296K, 8% free 10833K/11719K, paused 2ms+3ms
07-05 11:57:21.963  1370 11754 E DictionaryProvider:UpdateHandler: Can't read a file : android.util.MalformedJsonException: Use JsonReader.setLenient(true) to accept malformed JSON at line 1 column 20
07-05 11:57:22.056   545   548 D dalvikvm: GC_CONCURRENT freed 853K, 11% free 10461K/11719K, paused 3ms+2ms
07-05 11:57:22.248   545   548 D dalvikvm: GC_CONCURRENT freed 415K, 11% free 10437K/11719K, paused 1ms+3ms
07-05 11:57:22.377   545 11757 I DownloadManager: Initiating request for download 1338
07-05 11:57:22.427   545   548 D dalvikvm: GC_CONCURRENT freed 355K, 11% free 10502K/11719K, paused 1ms+3ms
07-05 11:57:22.541   545   548 D dalvikvm: GC_CONCURRENT freed 200K, 9% free 10730K/11719K, paused 2ms+2ms
07-05 11:57:22.674   545   548 D dalvikvm: GC_CONCURRENT freed 456K, 9% free 10734K/11719K, paused 2ms+3ms
07-05 11:57:22.912   545   548 D dalvikvm: GC_CONCURRENT freed 730K, 11% free 10457K/11719K, paused 2ms+3ms
07-05 11:57:23.115   545   548 D dalvikvm: GC_CONCURRENT freed 413K, 12% free 10430K/11719K, paused 2ms+3ms
07-05 11:57:23.236   545 11760 I DownloadManager: Initiating request for download 1339
07-05 11:57:23.326   545   548 D dalvikvm: GC_CONCURRENT freed 240K, 10% free 10620K/11719K, paused 3ms+3ms
07-05 11:57:23.439   545   548 D dalvikvm: GC_CONCURRENT freed 295K, 8% free 10828K/11719K, paused 2ms+3ms
07-05 11:57:23.635   545   548 D dalvikvm: GC_CONCURRENT freed 847K, 11% free 10465K/11719K, paused 2ms+2ms
07-05 11:57:23.677  1370 11762 E DictionaryProvider:UpdateHandler: Can't read a file : android.util.MalformedJsonException: Use JsonReader.setLenient(true) to accept malformed JSON at line 1 column 20
07-05 11:57:23.877   545   548 D dalvikvm: GC_CONCURRENT freed 400K, 11% free 10453K/11719K, paused 1ms+2ms
07-05 11:57:24.068   545   548 D dalvikvm: GC_CONCURRENT freed 412K, 12% free 10429K/11719K, paused 1ms+2ms
07-05 11:57:24.095   545 11765 I DownloadManager: Initiating request for download 1339
07-05 11:57:24.201   545   548 D dalvikvm: GC_CONCURRENT freed 178K, 9% free 10682K/11719K, paused 2ms+3ms
07-05 11:57:24.314   545   548 D dalvikvm: GC_CONCURRENT freed 388K, 9% free 10750K/11719K, paused 2ms+3ms
07-05 11:57:24.545   545   548 D dalvikvm: GC_CONCURRENT freed 746K, 11% free 10461K/11719K, paused 2ms+2ms
07-05 11:57:24.736   545   548 D dalvikvm: GC_CONCURRENT freed 409K, 11% free 10440K/11719K, paused 2ms+3ms
07-05 11:57:24.892   545 11768 I DownloadManager: Initiating request for download 1340
07-05 11:57:24.955   545   548 D dalvikvm: GC_CONCURRENT freed 348K, 11% free 10508K/11719K, paused 3ms+3ms
07-05 11:57:25.068   545   548 D dalvikvm: GC_CONCURRENT freed 215K, 9% free 10764K/11719K, paused 2ms+3ms
07-05 11:57:25.213   545   548 D dalvikvm: GC_CONCURRENT freed 726K, 11% free 10502K/11719K, paused 2ms+2ms
07-05 11:57:25.361   156   167 D dalvikvm: GC_EXPLICIT freed 510K, 16% free 13367K/15879K, paused 3ms+6ms
07-05 11:57:25.494   545   548 D dalvikvm: GC_CONCURRENT freed 437K, 11% free 10456K/11719K, paused 2ms+3ms
07-05 11:57:25.580  1370 11770 E DictionaryProvider:UpdateHandler: Can't read a file : android.util.MalformedJsonException: Use JsonReader.setLenient(true) to accept malformed JSON at line 1 column 20
07-05 11:57:25.619  1370  1372 D dalvikvm: GC_CONCURRENT freed 391K, 7% free 9131K/9735K, paused 1ms+2ms
07-05 11:57:25.724   545   548 D dalvikvm: GC_CONCURRENT freed 410K, 11% free 10431K/11719K, paused 2ms+3ms
07-05 11:57:25.822   545 11772 I DownloadManager: Initiating request for download 1340
07-05 11:57:25.877   545   548 D dalvikvm: GC_CONCURRENT freed 260K, 10% free 10564K/11719K, paused 2ms+2ms
07-05 11:57:25.955   545   548 D dalvikvm: GC_CONCURRENT freed 242K, 9% free 10735K/11719K, paused 2ms+2ms
07-05 11:57:26.088   465   467 D dalvikvm: GC_CONCURRENT freed 383K, 6% free 10502K/11079K, paused 2ms+3ms
07-05 11:57:26.240   545   548 D dalvikvm: GC_CONCURRENT freed 700K, 11% free 10488K/11719K, paused 2ms+3ms
07-05 11:57:26.463   545   548 D dalvikvm: GC_CONCURRENT freed 434K, 11% free 10445K/11719K, paused 2ms+3ms
07-05 11:57:26.666   545   548 D dalvikvm: GC_CONCURRENT freed 412K, 12% free 10422K/11719K, paused 2ms+2ms
07-05 11:57:26.787   545 11776 I DownloadManager: Initiating request for download 1341
07-05 11:57:26.873   545   548 D dalvikvm: GC_CONCURRENT freed 255K, 10% free 10606K/11719K, paused 2ms+3ms
07-05 11:57:26.978   545   548 D dalvikvm: GC_CONCURRENT freed 285K, 9% free 10770K/11719K, paused 1ms+3ms
07-05 11:57:27.138   545   548 D dalvikvm: GC_CONCURRENT freed 751K, 11% free 10483K/11719K, paused 2ms+2ms
07-05 11:57:27.232  1370 11778 E DictionaryProvider:UpdateHandler: Can't read a file : android.util.MalformedJsonException: Use JsonReader.setLenient(true) to accept malformed JSON at line 1 column 20
07-05 11:57:27.392   545   548 D dalvikvm: GC_CONCURRENT freed 426K, 11% free 10443K/11719K, paused 2ms+2ms
07-05 11:57:27.584   545   548 D dalvikvm: GC_CONCURRENT freed 411K, 12% free 10421K/11719K, paused 2ms+3ms
07-05 11:57:27.654   545 11781 I DownloadManager: Initiating request for download 1341
07-05 11:57:27.740   545   548 D dalvikvm: GC_CONCURRENT freed 212K, 10% free 10637K/11719K, paused 2ms+3ms
07-05 11:57:27.849   545   548 D dalvikvm: GC_CONCURRENT freed 298K, 8% free 10818K/11719K, paused 2ms+3ms
07-05 11:57:28.072   545   548 D dalvikvm: GC_CONCURRENT freed 845K, 11% free 10453K/11719K, paused 2ms+2ms
07-05 11:57:28.263   545   548 D dalvikvm: GC_CONCURRENT freed 412K, 11% free 10430K/11719K, paused 2ms+2ms
07-05 11:57:28.455   545 11784 I DownloadManager: Initiating request for download 1342
07-05 11:57:28.498   545   548 D dalvikvm: GC_CONCURRENT freed 392K, 11% free 10455K/11719K, paused 2ms+3ms
07-05 11:57:28.623   545   548 D dalvikvm: GC_CONCURRENT freed 187K, 9% free 10703K/11719K, paused 1ms+2ms
07-05 11:57:28.748   545   548 D dalvikvm: GC_CONCURRENT freed 427K, 9% free 10728K/11719K, paused 2ms+2ms
07-05 11:57:28.904  1370 11786 E DictionaryProvider:UpdateHandler: Can't read a file : android.util.MalformedJsonException: Use JsonReader.setLenient(true) to accept malformed JSON at line 1 column 20
07-05 11:57:29.017   545   548 D dalvikvm: GC_CONCURRENT freed 722K, 11% free 10453K/11719K, paused 2ms+3ms
07-05 11:57:29.209   545   548 D dalvikvm: GC_CONCURRENT freed 415K, 12% free 10427K/11719K, paused 2ms+2ms
07-05 11:57:29.318   545 11789 I DownloadManager: Initiating request for download 1342
07-05 11:57:29.408   545   548 D dalvikvm: GC_CONCURRENT freed 296K, 10% free 10564K/11719K, paused 2ms+3ms
07-05 11:57:29.510   545   548 D dalvikvm: GC_CONCURRENT freed 250K, 9% free 10748K/11719K, paused 2ms+3ms
07-05 11:57:29.631   545   548 D dalvikvm: GC_CONCURRENT freed 724K, 11% free 10492K/11719K, paused 2ms+2ms
07-05 11:57:29.853   545   548 D dalvikvm: GC_CONCURRENT freed 434K, 11% free 10446K/11719K, paused 2ms+2ms
07-05 11:57:30.052   545   548 D dalvikvm: GC_CONCURRENT freed 410K, 12% free 10425K/11719K, paused 2ms+2ms
07-05 11:57:30.162   545 11792 I DownloadManager: Initiating request for download 1343
07-05 11:57:30.256   545   548 D dalvikvm: GC_CONCURRENT freed 227K, 10% free 10616K/11719K, paused 2ms+2ms
07-05 11:57:30.361   545   548 D dalvikvm: GC_CONCURRENT freed 288K, 8% free 10782K/11719K, paused 2ms+3ms
07-05 11:57:30.525   545   548 D dalvikvm: GC_CONCURRENT freed 757K, 11% free 10493K/11719K, paused 2ms+3ms
07-05 11:57:30.709   545   548 D dalvikvm: GC_CONCURRENT freed 439K, 11% free 10444K/11719K, paused 2ms+2ms
07-05 11:57:30.767  1370 11794 E DictionaryProvider:UpdateHandler: Can't read a file : android.util.MalformedJsonException: Use JsonReader.setLenient(true) to accept malformed JSON at line 1 column 20
07-05 11:57:30.927   545   548 D dalvikvm: GC_CONCURRENT freed 396K, 11% free 10436K/11719K, paused 2ms+3ms
07-05 11:57:30.982   545 11796 I DownloadManager: Initiating request for download 1343
07-05 11:57:31.060   545   548 D dalvikvm: GC_CONCURRENT freed 193K, 10% free 10641K/11719K, paused 2ms+3ms
07-05 11:57:31.154   545   548 D dalvikvm: GC_CONCURRENT freed 264K, 8% free 10827K/11719K, paused 3ms+3ms
07-05 11:57:32.170   545   548 D dalvikvm: GC_CONCURRENT freed 853K, 11% free 10458K/11719K, paused 2ms+2ms
07-05 11:57:32.381   545   548 D dalvikvm: GC_CONCURRENT freed 404K, 11% free 10441K/11719K, paused 1ms+3ms
07-05 11:57:32.584   545   548 D dalvikvm: GC_CONCURRENT freed 405K, 12% free 10426K/11719K, paused 3ms+2ms
07-05 11:57:32.693   545 11800 I DownloadManager: Initiating request for download 1344
07-05 11:57:32.822   545   548 D dalvikvm: GC_CONCURRENT freed 179K, 9% free 10687K/11719K, paused 2ms+3ms
07-05 11:57:32.939   545   548 D dalvikvm: GC_CONCURRENT freed 399K, 9% free 10739K/11719K, paused 2ms+3ms
07-05 11:57:33.158  1370 11802 E DictionaryProvider:UpdateHandler: Can't read a file : android.util.MalformedJsonException: Use JsonReader.setLenient(true) to accept malformed JSON at line 1 column 20
07-05 11:57:33.193   545   548 D dalvikvm: GC_CONCURRENT freed 742K, 11% free 10461K/11719K, paused 1ms+10ms
07-05 11:57:33.213  1370  1372 D dalvikvm: GC_CONCURRENT freed 387K, 7% free 9129K/9735K, paused 1ms+10ms
07-05 11:57:33.240  1370  1381 D dalvikvm: GC_EXPLICIT freed 43K, 7% free 9086K/9735K, paused 2ms+3ms
07-05 11:57:33.455   545   548 D dalvikvm: GC_CONCURRENT freed 410K, 11% free 10442K/11719K, paused 2ms+2ms
07-05 11:57:33.595   545 11805 I DownloadManager: Initiating request for download 1344
07-05 11:57:33.646   545   548 D dalvikvm: GC_CONCURRENT freed 359K, 11% free 10502K/11719K, paused 2ms+3ms
07-05 11:57:33.752   545   548 D dalvikvm: GC_CONCURRENT freed 206K, 9% free 10725K/11719K, paused 2ms+3ms
07-05 11:57:33.885   545   548 D dalvikvm: GC_CONCURRENT freed 444K, 9% free 10737K/11719K, paused 1ms+2ms
07-05 11:57:34.119   545   548 D dalvikvm: GC_CONCURRENT freed 735K, 11% free 10454K/11719K, paused 2ms+2ms
07-05 11:57:34.314   545   548 D dalvikvm: GC_CONCURRENT freed 409K, 11% free 10435K/11719K, paused 2ms+2ms
07-05 11:57:34.447   545 11808 I DownloadManager: Initiating request for download 1345
07-05 11:57:34.533   545   548 D dalvikvm: GC_CONCURRENT freed 253K, 10% free 10618K/11719K, paused 2ms+3ms
07-05 11:57:34.642   545   548 D dalvikvm: GC_CONCURRENT freed 287K, 8% free 10783K/11719K, paused 1ms+3ms
07-05 11:57:34.810   545   548 D dalvikvm: GC_CONCURRENT freed 760K, 11% free 10495K/11719K, paused 2ms+2ms
07-05 11:57:34.896  1370 11810 E DictionaryProvider:UpdateHandler: Can't read a file : android.util.MalformedJsonException: Use JsonReader.setLenient(true) to accept malformed JSON at line 1 column 20
07-05 11:57:35.049   545   548 D dalvikvm: GC_CONCURRENT freed 425K, 11% free 10463K/11719K, paused 2ms+2ms
07-05 11:57:35.244   545   548 D dalvikvm: GC_CONCURRENT freed 417K, 11% free 10439K/11719K, paused 2ms+2ms
07-05 11:57:35.377   545 11813 D dalvikvm: GC_EXPLICIT freed 115K, 11% free 10482K/11719K, paused 2ms+12ms
07-05 11:57:35.381   545 11813 I DownloadManager: Initiating request for download 1345
07-05 11:57:35.490   545   548 D dalvikvm: GC_CONCURRENT freed 212K, 9% free 10732K/11719K, paused 2ms+3ms
07-05 11:57:35.607   545   548 D dalvikvm: GC_CONCURRENT freed 454K, 9% free 10742K/11719K, paused 2ms+2ms
07-05 11:57:35.822   545   548 D dalvikvm: GC_CONCURRENT freed 711K, 11% free 10480K/11719K, paused 2ms+2ms
07-05 11:57:36.010   545   548 D dalvikvm: GC_CONCURRENT freed 403K, 11% free 10465K/11719K, paused 2ms+3ms
07-05 11:57:36.955   545 11816 I DownloadManager: Initiating request for download 1346
07-05 11:57:37.045   545   548 D dalvikvm: GC_CONCURRENT freed 271K, 10% free 10628K/11719K, paused 2ms+3ms
07-05 11:57:37.154   545   548 D dalvikvm: GC_CONCURRENT freed 299K, 9% free 10780K/11719K, paused 2ms+2ms
07-05 11:57:37.306   545   548 D dalvikvm: GC_CONCURRENT freed 744K, 11% free 10497K/11719K, paused 2ms+3ms
07-05 11:57:37.494   545   548 D dalvikvm: GC_CONCURRENT freed 399K, 11% free 10486K/11719K, paused 2ms+2ms
07-05 11:57:37.619  1370 11818 E DictionaryProvider:UpdateHandler: Can't read a file : android.util.MalformedJsonException: Use JsonReader.setLenient(true) to accept malformed JSON at line 1 column 20
07-05 11:57:37.756   545   548 D dalvikvm: GC_CONCURRENT freed 427K, 11% free 10446K/11719K, paused 2ms+3ms
07-05 11:57:37.838   545 11821 I DownloadManager: Initiating request for download 1346
07-05 11:57:37.920   545   548 D dalvikvm: GC_CONCURRENT freed 238K, 10% free 10643K/11719K, paused 1ms+2ms
07-05 11:57:38.029   545   548 D dalvikvm: GC_CONCURRENT freed 294K, 8% free 10817K/11719K, paused 2ms+3ms
07-05 11:57:38.213   545   548 D dalvikvm: GC_CONCURRENT freed 797K, 11% free 10498K/11719K, paused 2ms+3ms
07-05 11:57:38.424   545   548 D dalvikvm: GC_CONCURRENT freed 436K, 11% free 10448K/11719K, paused 2ms+3ms
07-05 11:57:38.615   545   548 D dalvikvm: GC_CONCURRENT freed 405K, 11% free 10432K/11719K, paused 2ms+2ms
07-05 11:57:38.677   545 11824 I DownloadManager: Initiating request for download 1347
07-05 11:57:38.791   545   548 D dalvikvm: GC_CONCURRENT freed 172K, 9% free 10740K/11719K, paused 2ms+3ms
07-05 11:57:38.912   545   548 D dalvikvm: GC_CONCURRENT freed 453K, 9% free 10749K/11719K, paused 1ms+2ms
07-05 11:57:39.115  1370 11826 E DictionaryProvider:UpdateHandler: Can't read a file : android.util.MalformedJsonException: Use JsonReader.setLenient(true) to accept malformed JSON at line 1 column 20
07-05 11:57:39.162   545   548 D dalvikvm: GC_CONCURRENT freed 742K, 11% free 10474K/11719K, paused 2ms+3ms
07-05 11:57:39.365   545   548 D dalvikvm: GC_CONCURRENT freed 421K, 11% free 10441K/11719K, paused 2ms+3ms
07-05 11:57:39.494   545 11829 I DownloadManager: Initiating request for download 1347
07-05 11:57:39.572   545   548 D dalvikvm: GC_CONCURRENT freed 310K, 10% free 10600K/11719K, paused 2ms+3ms
07-05 11:57:39.677   545   548 D dalvikvm: GC_CONCURRENT freed 274K, 8% free 10821K/11719K, paused 2ms+3ms
07-05 11:57:39.845   545   548 D dalvikvm: GC_CONCURRENT freed 800K, 11% free 10503K/11719K, paused 2ms+2ms
07-05 11:57:40.060   545   548 D dalvikvm: GC_CONCURRENT freed 432K, 11% free 10458K/11719K, paused 2ms+3ms
07-05 11:57:40.252   545   548 D dalvikvm: GC_CONCURRENT freed 409K, 11% free 10436K/11719K, paused 2ms+2ms
07-05 11:57:40.338   545 11832 I DownloadManager: Initiating request for download 1348
07-05 11:57:40.439   545   548 D dalvikvm: GC_CONCURRENT freed 192K, 9% free 10712K/11719K, paused 2ms+3ms
07-05 11:57:40.549   545   548 D dalvikvm: GC_CONCURRENT freed 332K, 8% free 10852K/11719K, paused 2ms+2ms
07-05 11:57:40.732  1370 11834 E DictionaryProvider:UpdateHandler: Can't read a file : android.util.MalformedJsonException: Use JsonReader.setLenient(true) to accept malformed JSON at line 1 column 20
07-05 11:57:40.767  1370  1372 D dalvikvm: GC_CONCURRENT freed 350K, 7% free 9133K/9735K, paused 2ms+3ms
07-05 11:57:40.845   545   548 D dalvikvm: GC_CONCURRENT freed 867K, 11% free 10473K/11719K, paused 2ms+2ms
07-05 11:57:41.033   545   548 D dalvikvm: GC_CONCURRENT freed 415K, 11% free 10448K/11719K, paused 2ms+2ms
07-05 11:57:41.236   156   403 D dalvikvm: GC_EXPLICIT freed 510K, 16% free 13367K/15879K, paused 2ms+6ms
07-05 11:57:41.244   545 11837 I DownloadManager: Initiating request for download 1348
07-05 11:57:41.302   545   548 D dalvikvm: GC_CONCURRENT freed 361K, 11% free 10486K/11719K, paused 2ms+3ms
07-05 11:57:41.416   545   548 D dalvikvm: GC_CONCURRENT freed 206K, 9% free 10711K/11719K, paused 2ms+3ms
07-05 11:57:41.529   545   548 D dalvikvm: GC_CONCURRENT freed 426K, 9% free 10742K/11719K, paused 2ms+2ms
07-05 11:57:41.752   545   548 D dalvikvm: GC_CONCURRENT freed 744K, 11% free 10450K/11719K, paused 2ms+2ms
07-05 11:57:41.939   545   548 D dalvikvm: GC_CONCURRENT freed 407K, 11% free 10432K/11719K, paused 2ms+2ms
07-05 11:57:42.076   545 11840 I DownloadManager: Initiating request for download 1349
07-05 11:57:42.158   545   548 D dalvikvm: GC_CONCURRENT freed 283K, 10% free 10616K/11719K, paused 3ms+3ms
07-05 11:57:42.263   545   548 D dalvikvm: GC_CONCURRENT freed 292K, 9% free 10775K/11719K, paused 2ms+3ms
07-05 11:57:42.424   545   548 D dalvikvm: GC_CONCURRENT freed 748K, 11% free 10492K/11719K, paused 2ms+2ms
07-05 11:57:42.529  1370 11842 E DictionaryProvider:UpdateHandler: Can't read a file : android.util.MalformedJsonException: Use JsonReader.setLenient(true) to accept malformed JSON at line 1 column 20
07-05 11:57:42.677   545   548 D dalvikvm: GC_CONCURRENT freed 427K, 11% free 10456K/11719K, paused 3ms+2ms
07-05 11:57:42.869   545   548 D dalvikvm: GC_CONCURRENT freed 418K, 12% free 10428K/11719K, paused 2ms+2ms
07-05 11:57:42.939   545 11845 I DownloadManager: Initiating request for download 1349
07-05 11:57:43.037   545   548 D dalvikvm: GC_CONCURRENT freed 241K, 9% free 10700K/11719K, paused 1ms+3ms
07-05 11:57:43.150   545   548 D dalvikvm: GC_CONCURRENT freed 330K, 8% free 10855K/11719K, paused 2ms+3ms
07-05 11:57:43.388   545   548 D dalvikvm: GC_CONCURRENT freed 887K, 11% free 10454K/11719K, paused 2ms+2ms
07-05 11:57:43.564   545   548 D dalvikvm: GC_CONCURRENT freed 408K, 11% free 10434K/11719K, paused 2ms+2ms
07-05 11:57:43.752   545 11848 I DownloadManager: Initiating request for download 1350
07-05 11:57:43.861   545   548 D dalvikvm: GC_CONCURRENT freed 337K, 11% free 10503K/11719K, paused 4ms+6ms
07-05 11:57:43.982   545   548 D dalvikvm: GC_CONCURRENT freed 203K, 9% free 10725K/11719K, paused 2ms+3ms
07-05 11:57:44.111   545   548 D dalvikvm: GC_CONCURRENT freed 432K, 9% free 10744K/11719K, paused 2ms+3ms
07-05 11:57:44.263   414   416 D dalvikvm: GC_CONCURRENT freed 389K, 37% free 10332K/16263K, paused 1ms+4ms
07-05 11:57:44.322  1370 11850 E DictionaryProvider:UpdateHandler: Can't read a file : android.util.MalformedJsonException: Use JsonReader.setLenient(true) to accept malformed JSON at line 1 column 20
07-05 11:57:44.431   545   548 D dalvikvm: GC_CONCURRENT freed 733K, 11% free 10464K/11719K, paused 2ms+2ms
07-05 11:57:44.623   545   548 D dalvikvm: GC_CONCURRENT freed 415K, 11% free 10436K/11719K, paused 2ms+2ms
07-05 11:57:44.740   545 11853 I DownloadManager: Initiating request for download 1350
07-05 11:57:44.814   545   548 D dalvikvm: GC_CONCURRENT freed 285K, 10% free 10579K/11719K, paused 2ms+2ms
07-05 11:57:44.916   545   548 D dalvikvm: GC_CONCURRENT freed 261K, 9% free 10761K/11719K, paused 1ms+3ms
07-05 11:57:45.052   545   548 D dalvikvm: GC_CONCURRENT freed 723K, 11% free 10497K/11719K, paused 2ms+3ms
07-05 11:57:45.279   545   548 D dalvikvm: GC_CONCURRENT freed 433K, 11% free 10454K/11719K, paused 2ms+2ms
07-05 11:57:45.482   545   548 D dalvikvm: GC_CONCURRENT freed 405K, 11% free 10435K/11719K, paused 2ms+3ms
07-05 11:57:45.595   545 11856 I DownloadManager: Initiating request for download 1351
07-05 11:57:45.685   545   548 D dalvikvm: GC_CONCURRENT freed 238K, 10% free 10621K/11719K, paused 2ms+3ms
07-05 11:57:45.791   545   548 D dalvikvm: GC_CONCURRENT freed 289K, 8% free 10787K/11719K, paused 2ms+2ms
07-05 11:57:45.951   545   548 D dalvikvm: GC_CONCURRENT freed 761K, 11% free 10496K/11719K, paused 3ms+3ms
07-05 11:57:46.037  1370 11858 E DictionaryProvider:UpdateHandler: Can't read a file : android.util.MalformedJsonException: Use JsonReader.setLenient(true) to accept malformed JSON at line 1 column 20
07-05 11:57:46.201   545   548 D dalvikvm: GC_CONCURRENT freed 430K, 11% free 10460K/11719K, paused 2ms+3ms
07-05 11:57:46.396   545   548 D dalvikvm: GC_CONCURRENT freed 413K, 11% free 10434K/11719K, paused 2ms+3ms
07-05 11:57:46.474   545 11861 I DownloadManager: Initiating request for download 1351
07-05 11:57:46.564   545   548 D dalvikvm: GC_CONCURRENT freed 215K, 10% free 10649K/11719K, paused 2ms+3ms
07-05 11:57:46.670   545   548 D dalvikvm: GC_CONCURRENT freed 288K, 8% free 10819K/11719K, paused 2ms+3ms
07-05 11:57:46.865   545   548 D dalvikvm: GC_CONCURRENT freed 801K, 11% free 10496K/11719K, paused 2ms+3ms
07-05 11:57:47.080   545   548 D dalvikvm: GC_CONCURRENT freed 435K, 11% free 10449K/11719K, paused 2ms+4ms
07-05 11:57:47.279   545   548 D dalvikvm: GC_CONCURRENT freed 405K, 11% free 10434K/11719K, paused 2ms+3ms
07-05 11:57:47.338   545 11864 I DownloadManager: Initiating request for download 1352
07-05 11:57:47.443   545   548 D dalvikvm: GC_CONCURRENT freed 177K, 9% free 10693K/11719K, paused 2ms+3ms
07-05 11:57:47.552   545   548 D dalvikvm: GC_CONCURRENT freed 397K, 9% free 10748K/11719K, paused 2ms+3ms
07-05 11:57:47.736  1370 11866 E DictionaryProvider:UpdateHandler: Can't read a file : android.util.MalformedJsonException: Use JsonReader.setLenient(true) to accept malformed JSON at line 1 column 20
07-05 11:57:47.791  1370  1372 D dalvikvm: GC_CONCURRENT freed 392K, 7% free 9132K/9735K, paused 1ms+6ms
07-05 11:57:47.834   545   548 D dalvikvm: GC_CONCURRENT freed 734K, 11% free 10471K/11719K, paused 2ms+3ms
07-05 11:57:48.021   545   548 D dalvikvm: GC_CONCURRENT freed 410K, 11% free 10447K/11719K, paused 2ms+2ms
07-05 11:57:48.181   545 11869 I DownloadManager: Initiating request for download 1352
07-05 11:57:48.217   545   548 D dalvikvm: GC_CONCURRENT freed 393K, 11% free 10468K/11719K, paused 2ms+3ms
07-05 11:57:48.334   545   548 D dalvikvm: GC_CONCURRENT freed 171K, 9% free 10755K/11719K, paused 2ms+2ms
07-05 11:57:48.467   545   548 D dalvikvm: GC_CONCURRENT freed 470K, 9% free 10749K/11719K, paused 2ms+3ms
07-05 11:57:48.689   545   548 D dalvikvm: GC_CONCURRENT freed 741K, 11% free 10464K/11719K, paused 2ms+3ms
07-05 11:57:48.877   545   548 D dalvikvm: GC_CONCURRENT freed 410K, 11% free 10448K/11719K, paused 2ms+3ms
07-05 11:57:50.603   545 11872 I DownloadManager: Initiating request for download 1353
07-05 11:57:50.685   545   548 D dalvikvm: GC_CONCURRENT freed 272K, 10% free 10636K/11719K, paused 2ms+4ms
07-05 11:57:50.791   545   548 D dalvikvm: GC_CONCURRENT freed 291K, 8% free 10787K/11719K, paused 2ms+2ms
07-05 11:57:50.955   545   548 D dalvikvm: GC_CONCURRENT freed 751K, 11% free 10503K/11719K, paused 2ms+3ms
07-05 11:57:51.056  1370 11874 E DictionaryProvider:UpdateHandler: Can't read a file : android.util.MalformedJsonException: Use JsonReader.setLenient(true) to accept malformed JSON at line 1 column 20
07-05 11:57:51.209   545   548 D dalvikvm: GC_CONCURRENT freed 424K, 11% free 10466K/11719K, paused 1ms+3ms
07-05 11:57:51.400   545   548 D dalvikvm: GC_CONCURRENT freed 410K, 11% free 10442K/11719K, paused 2ms+2ms
07-05 11:57:51.482   545 11877 I DownloadManager: Initiating request for download 1353
07-05 11:57:51.584   545   548 D dalvikvm: GC_CONCURRENT freed 229K, 9% free 10672K/11719K, paused 2ms+3ms
07-05 11:57:51.693   545   548 D dalvikvm: GC_CONCURRENT freed 325K, 8% free 10830K/11719K, paused 2ms+3ms
07-05 11:57:51.892   545   548 D dalvikvm: GC_CONCURRENT freed 812K, 11% free 10502K/11719K, paused 2ms+2ms
07-05 11:57:52.092   545   548 D dalvikvm: GC_CONCURRENT freed 433K, 11% free 10457K/11719K, paused 1ms+2ms
07-05 11:57:52.283   545   548 D dalvikvm: GC_CONCURRENT freed 405K, 11% free 10439K/11719K, paused 2ms+2ms
07-05 11:57:52.349   545 11880 I DownloadManager: Initiating request for download 1354
07-05 11:57:52.463   545   548 D dalvikvm: GC_CONCURRENT freed 164K, 9% free 10727K/11719K, paused 2ms+3ms
07-05 11:57:52.580   545   548 D dalvikvm: GC_CONCURRENT freed 429K, 9% free 10755K/11719K, paused 2ms+3ms
07-05 11:57:52.818  1370 11882 E DictionaryProvider:UpdateHandler: Can't read a file : android.util.MalformedJsonException: Use JsonReader.setLenient(true) to accept malformed JSON at line 1 column 20
07-05 11:57:52.834   545   548 D dalvikvm: GC_CONCURRENT freed 750K, 11% free 10480K/11719K, paused 2ms+3ms
07-05 11:57:53.049   545   548 D dalvikvm: GC_CONCURRENT freed 415K, 11% free 10457K/11719K, paused 2ms+3ms
07-05 11:57:53.177   545 11885 I DownloadManager: Initiating request for download 1354
07-05 11:57:53.236   545   548 D dalvikvm: GC_CONCURRENT freed 342K, 11% free 10513K/11719K, paused 1ms+3ms
07-05 11:57:53.345   545   548 D dalvikvm: GC_CONCURRENT freed 208K, 9% free 10740K/11719K, paused 2ms+3ms
07-05 11:57:53.478   545   548 D dalvikvm: GC_CONCURRENT freed 451K, 9% free 10755K/11719K, paused 2ms+3ms
07-05 11:57:53.724   545   548 D dalvikvm: GC_CONCURRENT freed 745K, 11% free 10464K/11719K, paused 2ms+2ms
07-05 11:57:53.916   545   548 D dalvikvm: GC_CONCURRENT freed 408K, 11% free 10444K/11719K, paused 2ms+3ms
07-05 11:57:54.064   545 11888 I DownloadManager: Initiating request for download 1355
07-05 11:57:54.185   545   548 D dalvikvm: GC_CONCURRENT freed 253K, 9% free 10674K/11719K, paused 2ms+4ms
07-05 11:57:54.295   545   548 D dalvikvm: GC_CONCURRENT freed 337K, 8% free 10824K/11719K, paused 2ms+3ms
07-05 11:57:54.494   545   548 D dalvikvm: GC_CONCURRENT freed 829K, 11% free 10475K/11719K, paused 2ms+3ms
07-05 11:57:54.537  1370 11890 E DictionaryProvider:UpdateHandler: Can't read a file : android.util.MalformedJsonException: Use JsonReader.setLenient(true) to accept malformed JSON at line 1 column 20
07-05 11:57:54.736   545   548 D dalvikvm: GC_CONCURRENT freed 396K, 11% free 10470K/11719K, paused 2ms+3ms
07-05 11:57:54.939   545   548 D dalvikvm: GC_CONCURRENT freed 418K, 11% free 10442K/11719K, paused 2ms+2ms
07-05 11:57:54.974   545 11893 I DownloadManager: Initiating request for download 1355
07-05 11:57:55.072   545   548 D dalvikvm: GC_CONCURRENT freed 195K, 9% free 10697K/11719K, paused 2ms+2ms
07-05 11:57:55.181   545   548 D dalvikvm: GC_CONCURRENT freed 297K, 8% free 10864K/11719K, paused 2ms+2ms
07-05 11:57:55.424   545   548 D dalvikvm: GC_CONCURRENT freed 890K, 11% free 10469K/11719K, paused 2ms+2ms
07-05 11:57:55.619   545   548 D dalvikvm: GC_CONCURRENT freed 404K, 11% free 10452K/11719K, paused 2ms+2ms
07-05 11:57:55.767   545 11896 I DownloadManager: Initiating request for download 1356
07-05 11:57:55.826   545   548 D dalvikvm: GC_CONCURRENT freed 346K, 11% free 10522K/11719K, paused 2ms+3ms
07-05 11:57:55.939   545   548 D dalvikvm: GC_CONCURRENT freed 204K, 9% free 10743K/11719K, paused 2ms+2ms
07-05 11:57:56.080   545   548 D dalvikvm: GC_CONCURRENT freed 444K, 9% free 10760K/11719K, paused 1ms+14ms
07-05 11:57:56.232  1370 11898 E DictionaryProvider:UpdateHandler: Can't read a file : android.util.MalformedJsonException: Use JsonReader.setLenient(true) to accept malformed JSON at line 1 column 20
07-05 11:57:56.275  1370  1372 D dalvikvm: GC_CONCURRENT freed 389K, 7% free 9131K/9735K, paused 2ms+2ms
07-05 11:57:56.385   545   548 D dalvikvm: GC_CONCURRENT freed 742K, 11% free 10476K/11719K, paused 2ms+2ms
07-05 11:57:56.576   545   548 D dalvikvm: GC_CONCURRENT freed 413K, 11% free 10452K/11719K, paused 2ms+2ms
07-05 11:57:56.677   545 11901 I DownloadManager: Initiating request for download 1356
07-05 11:57:56.760   545   548 D dalvikvm: GC_CONCURRENT freed 276K, 10% free 10613K/11719K, paused 2ms+3ms
07-05 11:57:56.869   545   548 D dalvikvm: GC_CONCURRENT freed 275K, 8% free 10833K/11719K, paused 2ms+2ms
07-05 11:57:57.029   545   548 D dalvikvm: GC_CONCURRENT freed 802K, 11% free 10512K/11719K, paused 2ms+3ms
07-05 11:57:57.244   545   548 D dalvikvm: GC_CONCURRENT freed 433K, 11% free 10466K/11719K, paused 2ms+2ms
07-05 11:57:57.435   545   548 D dalvikvm: GC_CONCURRENT freed 406K, 11% free 10447K/11719K, paused 3ms+2ms
07-05 11:57:57.631   156   576 D dalvikvm: GC_EXPLICIT freed 519K, 16% free 13367K/15879K, paused 6ms+6ms
07-05 11:57:57.638   545 11904 I DownloadManager: Initiating request for download 1357
07-05 11:57:57.732   545   548 D dalvikvm: GC_CONCURRENT freed 208K, 9% free 10713K/11719K, paused 2ms+3ms
07-05 11:57:57.842   545   548 D dalvikvm: GC_CONCURRENT freed 354K, 8% free 10851K/11719K, paused 2ms+4ms
07-05 11:57:58.041  1370 11906 E DictionaryProvider:UpdateHandler: Can't read a file : android.util.MalformedJsonException: Use JsonReader.setLenient(true) to accept malformed JSON at line 1 column 20
07-05 11:57:58.127   545   548 D dalvikvm: GC_CONCURRENT freed 870K, 11% free 10470K/11719K, paused 2ms+2ms
07-05 11:57:58.318   545   548 D dalvikvm: GC_CONCURRENT freed 413K, 11% free 10448K/11719K, paused 2ms+2ms
07-05 11:57:58.470   545 11909 I DownloadManager: Initiating request for download 1357
07-05 11:57:58.517   545   548 D dalvikvm: GC_CONCURRENT freed 384K, 11% free 10480K/11719K, paused 2ms+4ms
07-05 11:57:58.631   545   548 D dalvikvm: GC_CONCURRENT freed 189K, 9% free 10724K/11719K, paused 2ms+3ms
07-05 11:57:58.744   545   548 D dalvikvm: GC_CONCURRENT freed 427K, 9% free 10755K/11719K, paused 2ms+3ms
07-05 11:57:58.978   545   548 D dalvikvm: GC_CONCURRENT freed 748K, 11% free 10467K/11719K, paused 2ms+3ms
07-05 11:57:59.170   545   548 D dalvikvm: GC_CONCURRENT freed 414K, 11% free 10440K/11719K, paused 2ms+3ms
07-05 11:57:59.302   545 11912 I DownloadManager: Initiating request for download 1358
07-05 11:57:59.388   545   548 D dalvikvm: GC_CONCURRENT freed 292K, 10% free 10621K/11719K, paused 2ms+3ms
07-05 11:57:59.498   545   548 D dalvikvm: GC_CONCURRENT freed 292K, 8% free 10832K/11719K, paused 2ms+2ms
07-05 11:57:59.677   545   548 D dalvikvm: GC_CONCURRENT freed 818K, 11% free 10503K/11719K, paused 2ms+3ms
07-05 11:57:59.740  1370 11914 E DictionaryProvider:UpdateHandler: Can't read a file : android.util.MalformedJsonException: Use JsonReader.setLenient(true) to accept malformed JSON at line 1 column 20
07-05 11:57:59.924   545   548 D dalvikvm: GC_CONCURRENT freed 436K, 11% free 10460K/11719K, paused 1ms+3ms
07-05 11:58:00.138   545   548 D dalvikvm: GC_CONCURRENT freed 409K, 11% free 10439K/11719K, paused 2ms+3ms
07-05 11:58:00.193   545 11917 I DownloadManager: Initiating request for download 1358
07-05 11:58:00.283   545   548 D dalvikvm: GC_CONCURRENT freed 205K, 10% free 10664K/11719K, paused 2ms+3ms
07-05 11:58:00.396   545   548 D dalvikvm: GC_CONCURRENT freed 305K, 8% free 10843K/11719K, paused 4ms+3ms
07-05 11:58:00.627   545   548 D dalvikvm: GC_CONCURRENT freed 861K, 11% free 10466K/11719K, paused 2ms+3ms
07-05 11:58:00.818   545   548 D dalvikvm: GC_CONCURRENT freed 405K, 11% free 10451K/11719K, paused 1ms+4ms
07-05 11:58:01.025   545 11920 I DownloadManager: Initiating request for download 1359
07-05 11:58:01.068   545   548 D dalvikvm: GC_CONCURRENT freed 407K, 11% free 10468K/11719K, paused 2ms+3ms
07-05 11:58:01.162   545 11459 D dalvikvm: GC_EXPLICIT freed 168K, 9% free 10715K/11719K, paused 3ms+7ms
07-05 11:58:01.279   545   548 D dalvikvm: GC_CONCURRENT freed 409K, 9% free 10754K/11719K, paused 2ms+2ms
07-05 11:58:01.447  1370 11922 E DictionaryProvider:UpdateHandler: Can't read a file : android.util.MalformedJsonException: Use JsonReader.setLenient(true) to accept malformed JSON at line 1 column 20
07-05 11:58:01.564   545   548 D dalvikvm: GC_CONCURRENT freed 734K, 11% free 10473K/11719K, paused 2ms+3ms
07-05 11:58:01.767   545   548 D dalvikvm: GC_CONCURRENT freed 415K, 11% free 10448K/11719K, paused 2ms+4ms
07-05 11:58:01.908   545 11925 I DownloadManager: Initiating request for download 1359
07-05 11:58:01.959   545   548 D dalvikvm: GC_CONCURRENT freed 360K, 11% free 10515K/11719K, paused 2ms+3ms
07-05 11:58:02.068   545   548 D dalvikvm: GC_CONCURRENT freed 204K, 9% free 10738K/11719K, paused 1ms+2ms
07-05 11:58:02.197   545   548 D dalvikvm: GC_CONCURRENT freed 441K, 9% free 10757K/11719K, paused 2ms+3ms
07-05 11:58:02.431   545   548 D dalvikvm: GC_CONCURRENT freed 746K, 11% free 10466K/11719K, paused 2ms+2ms
07-05 11:58:02.564   993  1240 I PhoneLab-: Service Running
07-05 11:58:02.627   993  1240 I PhoneLab-LoggerService: app_49    1247  993   1956   1584  c00f181c 400107b4 S logcat
07-05 11:58:02.627   993  1240 I PhoneLab-LoggerService: Logcat pid from database 1247
07-05 11:58:02.627   993  1240 I PhoneLab-LoggerService: Logcat process found 1247
07-05 11:58:02.627   993  1240 I PhoneLab-LoggerService: Checking Threshold
07-05 11:58:02.631   993  1240 I PhoneLab-LoggerService: Starting to rename files
07-05 11:58:02.631   993  1240 I PhoneLab-LoggerService: Files found .. 9
07-05 11:58:02.638   993   995 D dalvikvm: GC_CONCURRENT freed 926K, 15% free 9144K/10695K, paused 1ms+3ms
07-05 11:58:02.697   545   548 D dalvikvm: GC_CONCURRENT freed 409K, 11% free 10446K/11719K, paused 1ms+2ms
07-05 11:58:02.842   545 11929 I DownloadManager: Initiating request for download 1360
07-05 11:58:02.935   545   548 D dalvikvm: GC_CONCURRENT freed 274K, 10% free 10632K/11719K, paused 2ms+2ms
07-05 11:58:03.041   545   548 D dalvikvm: GC_CONCURRENT freed 292K, 8% free 10837K/11719K, paused 2ms+2ms
07-05 11:58:03.213   545   548 D dalvikvm: GC_CONCURRENT freed 815K, 11% free 10506K/11719K, paused 2ms+3ms
07-05 11:58:03.322  1370 11931 E DictionaryProvider:UpdateHandler: Can't read a file : android.util.MalformedJsonException: Use JsonReader.setLenient(true) to accept malformed JSON at line 1 column 20
07-05 11:58:03.365  1370  1372 D dalvikvm: GC_CONCURRENT freed 393K, 7% free 9128K/9735K, paused 2ms+3ms
07-05 11:58:03.478   545   548 D dalvikvm: GC_CONCURRENT freed 428K, 11% free 10466K/11719K, paused 2ms+2ms
07-05 11:58:03.674   545   548 D dalvikvm: GC_CONCURRENT freed 413K, 11% free 10443K/11719K, paused 1ms+2ms
07-05 11:58:03.732   545 11934 I DownloadManager: Initiating request for download 1360
07-05 11:58:03.826   545   548 D dalvikvm: GC_CONCURRENT freed 205K, 9% free 10687K/11719K, paused 2ms+3ms
07-05 11:58:03.935   545   548 D dalvikvm: GC_CONCURRENT freed 328K, 8% free 10857K/11719K, paused 2ms+2ms
07-05 11:58:04.166   545   548 D dalvikvm: GC_CONCURRENT freed 876K, 11% free 10471K/11719K, paused 2ms+2ms
07-05 11:58:04.353   545   548 D dalvikvm: GC_CONCURRENT freed 409K, 11% free 10453K/11719K, paused 2ms+2ms
07-05 11:58:04.517   545 11937 I DownloadManager: Initiating request for download 1361
07-05 11:58:04.580   545   548 D dalvikvm: GC_CONCURRENT freed 376K, 11% free 10480K/11719K, paused 2ms+3ms
07-05 11:58:04.705   545   548 D dalvikvm: GC_CONCURRENT freed 172K, 9% free 10767K/11719K, paused 2ms+3ms
07-05 11:58:04.838   545   548 D dalvikvm: GC_CONCURRENT freed 480K, 9% free 10760K/11719K, paused 2ms+2ms
07-05 11:58:05.002  1370 11939 E DictionaryProvider:UpdateHandler: Can't read a file : android.util.MalformedJsonException: Use JsonReader.setLenient(true) to accept malformed JSON at line 1 column 20
07-05 11:58:05.115   545   548 D dalvikvm: GC_CONCURRENT freed 741K, 11% free 10478K/11719K, paused 2ms+2ms
07-05 11:58:05.306   545   548 D dalvikvm: GC_CONCURRENT freed 419K, 11% free 10449K/11719K, paused 2ms+3ms
07-05 11:58:05.424   545 11942 I DownloadManager: Initiating request for download 1361
07-05 11:58:05.494   545   548 D dalvikvm: GC_CONCURRENT freed 283K, 10% free 10602K/11719K, paused 2ms+3ms
07-05 11:58:05.599   545   548 D dalvikvm: GC_CONCURRENT freed 263K, 9% free 10780K/11719K, paused 2ms+3ms
07-05 11:58:05.736   545   548 D dalvikvm: GC_CONCURRENT freed 738K, 11% free 10512K/11719K, paused 2ms+2ms
07-05 11:58:05.955   545   548 D dalvikvm: GC_CONCURRENT freed 427K, 11% free 10473K/11719K, paused 2ms+2ms
07-05 11:58:06.142   545   548 D dalvikvm: GC_CONCURRENT freed 411K, 11% free 10450K/11719K, paused 2ms+2ms
07-05 11:58:06.256   545 11945 I DownloadManager: Initiating request for download 1362
07-05 11:58:06.349   545   548 D dalvikvm: GC_CONCURRENT freed 240K, 10% free 10641K/11719K, paused 2ms+2ms
07-05 11:58:06.470   545   548 D dalvikvm: GC_CONCURRENT freed 295K, 8% free 10804K/11719K, paused 2ms+3ms
07-05 11:58:06.631   545   548 D dalvikvm: GC_CONCURRENT freed 765K, 11% free 10516K/11719K, paused 2ms+3ms
07-05 11:58:06.713  1370 11947 E DictionaryProvider:UpdateHandler: Can't read a file : android.util.MalformedJsonException: Use JsonReader.setLenient(true) to accept malformed JSON at line 1 column 20
07-05 11:58:06.869   545   548 D dalvikvm: GC_CONCURRENT freed 431K, 11% free 10472K/11719K, paused 2ms+3ms
07-05 11:58:07.060   545   548 D dalvikvm: GC_CONCURRENT freed 408K, 11% free 10457K/11719K, paused 2ms+2ms
07-05 11:58:07.127   545 11950 I DownloadManager: Initiating request for download 1362
07-05 11:58:07.224   545   548 D dalvikvm: GC_CONCURRENT freed 231K, 10% free 10659K/11719K, paused 2ms+3ms
07-05 11:58:07.330   545   548 D dalvikvm: GC_CONCURRENT freed 295K, 8% free 10832K/11719K, paused 1ms+3ms
07-05 11:58:07.529   545   548 D dalvikvm: GC_CONCURRENT freed 798K, 11% free 10519K/11719K, paused 2ms+2ms
07-05 11:58:07.736   545   548 D dalvikvm: GC_CONCURRENT freed 442K, 11% free 10465K/11719K, paused 2ms+2ms
07-05 11:58:07.924   545   548 D dalvikvm: GC_CONCURRENT freed 404K, 11% free 10449K/11719K, paused 2ms+2ms
07-05 11:58:07.986   545 11953 I DownloadManager: Initiating request for download 1363
07-05 11:58:08.088   545   548 D dalvikvm: GC_CONCURRENT freed 189K, 9% free 10700K/11719K, paused 2ms+3ms
07-05 11:58:08.201   545   548 D dalvikvm: GC_CONCURRENT freed 307K, 8% free 10878K/11719K, paused 3ms+3ms
07-05 11:58:08.420  1370 11955 E DictionaryProvider:UpdateHandler: Can't read a file : android.util.MalformedJsonException: Use JsonReader.setLenient(true) to accept malformed JSON at line 1 column 20
07-05 11:58:08.486   545   548 D dalvikvm: GC_CONCURRENT freed 896K, 11% free 10495K/11719K, paused 2ms+3ms
07-05 11:58:08.681   545   548 D dalvikvm: GC_CONCURRENT freed 422K, 11% free 10463K/11719K, paused 2ms+3ms
07-05 11:58:08.822   545 11958 I DownloadManager: Initiating request for download 1363
07-05 11:58:08.885   545   548 D dalvikvm: GC_CONCURRENT freed 358K, 11% free 10527K/11719K, paused 2ms+2ms
07-05 11:58:08.994   545   548 D dalvikvm: GC_CONCURRENT freed 203K, 9% free 10749K/11719K, paused 1ms+2ms
07-05 11:58:09.119   545   548 D dalvikvm: GC_CONCURRENT freed 441K, 9% free 10769K/11719K, paused 2ms+3ms
07-05 11:58:09.349   545   548 D dalvikvm: GC_CONCURRENT freed 753K, 11% free 10477K/11719K, paused 2ms+3ms
07-05 11:58:09.541   545   548 D dalvikvm: GC_CONCURRENT freed 409K, 11% free 10456K/11719K, paused 2ms+2ms
07-05 11:58:09.693   545 11961 I DownloadManager: Initiating request for download 1364
07-05 11:58:09.779   545   548 D dalvikvm: GC_CONCURRENT freed 276K, 10% free 10612K/11719K, paused 2ms+2ms
07-05 11:58:09.888   545   548 D dalvikvm: GC_CONCURRENT freed 281K, 8% free 10798K/11719K, paused 2ms+3ms
07-05 11:58:10.021   545   548 D dalvikvm: GC_CONCURRENT freed 744K, 11% free 10521K/11719K, paused 2ms+2ms
07-05 11:58:10.131  1370 11963 E DictionaryProvider:UpdateHandler: Can't read a file : android.util.MalformedJsonException: Use JsonReader.setLenient(true) to accept malformed JSON at line 1 column 20
07-05 11:58:10.166  1370  1372 D dalvikvm: GC_CONCURRENT freed 387K, 7% free 9131K/9735K, paused 2ms+7ms
07-05 11:58:10.240   465   467 D dalvikvm: GC_CONCURRENT freed 417K, 5% free 10540K/11079K, paused 2ms+3ms
07-05 11:58:10.330   545   548 D dalvikvm: GC_CONCURRENT freed 424K, 11% free 10484K/11719K, paused 2ms+3ms
07-05 11:58:10.545   545   548 D dalvikvm: GC_CONCURRENT freed 413K, 11% free 10458K/11719K, paused 2ms+4ms
07-05 11:58:10.646   545 11966 I DownloadManager: Initiating request for download 1364
07-05 11:58:10.728   545   548 D dalvikvm: GC_CONCURRENT freed 242K, 10% free 10661K/11719K, paused 1ms+3ms
07-05 11:58:10.838   545   548 D dalvikvm: GC_CONCURRENT freed 311K, 8% free 10823K/11719K, paused 2ms+3ms
07-05 11:58:11.010   545   548 D dalvikvm: GC_CONCURRENT freed 787K, 11% free 10517K/11719K, paused 2ms+3ms
07-05 11:58:11.220   545   548 D dalvikvm: GC_CONCURRENT freed 431K, 11% free 10472K/11719K, paused 2ms+2ms
07-05 11:58:11.412   545   548 D dalvikvm: GC_CONCURRENT freed 402K, 11% free 10456K/11719K, paused 2ms+3ms
07-05 11:58:11.502   545 11969 I DownloadManager: Initiating request for download 1365
07-05 11:58:11.595   545   548 D dalvikvm: GC_CONCURRENT freed 197K, 9% free 10685K/11719K, paused 2ms+3ms
07-05 11:58:11.705   545   548 D dalvikvm: GC_CONCURRENT freed 308K, 8% free 10853K/11719K, paused 1ms+3ms
07-05 11:58:11.920   545   548 D dalvikvm: GC_CONCURRENT freed 859K, 11% free 10487K/11719K, paused 2ms+2ms
07-05 11:58:12.021   156   559 D dalvikvm: GC_EXPLICIT freed 525K, 16% free 13368K/15879K, paused 3ms+7ms
07-05 11:58:12.029  1370 11971 E DictionaryProvider:UpdateHandler: Can't read a file : android.util.MalformedJsonException: Use JsonReader.setLenient(true) to accept malformed JSON at line 1 column 20
07-05 11:58:12.232   545   548 D dalvikvm: GC_CONCURRENT freed 405K, 11% free 10471K/11719K, paused 2ms+3ms
07-05 11:58:12.431   545   548 D dalvikvm: GC_CONCURRENT freed 418K, 11% free 10440K/11719K, paused 2ms+2ms
07-05 11:58:12.463   545 11974 I DownloadManager: Initiating request for download 1365
07-05 11:58:12.564   545   548 D dalvikvm: GC_CONCURRENT freed 175K, 9% free 10696K/11719K, paused 2ms+2ms
07-05 11:58:12.677   545   548 D dalvikvm: GC_CONCURRENT freed 297K, 8% free 10880K/11719K, paused 2ms+3ms
07-05 11:58:12.924   545   548 D dalvikvm: GC_CONCURRENT freed 907K, 11% free 10473K/11719K, paused 2ms+3ms
07-05 11:58:13.119   545   548 D dalvikvm: GC_CONCURRENT freed 412K, 11% free 10451K/11719K, paused 1ms+2ms
07-05 11:58:13.279   545 11977 I DownloadManager: Initiating request for download 1366
07-05 11:58:13.345   545   548 D dalvikvm: GC_CONCURRENT freed 348K, 11% free 10517K/11719K, paused 2ms+4ms
07-05 11:58:13.463   545   548 D dalvikvm: GC_CONCURRENT freed 199K, 9% free 10739K/11719K, paused 2ms+3ms
07-05 11:58:13.580   545   548 D dalvikvm: GC_CONCURRENT freed 433K, 9% free 10762K/11719K, paused 2ms+2ms
07-05 11:58:13.732  1370 11979 E DictionaryProvider:UpdateHandler: Can't read a file : android.util.MalformedJsonException: Use JsonReader.setLenient(true) to accept malformed JSON at line 1 column 20
07-05 11:58:13.845   545   548 D dalvikvm: GC_CONCURRENT freed 744K, 11% free 10474K/11719K, paused 2ms+2ms
07-05 11:58:14.037   545   548 D dalvikvm: GC_CONCURRENT freed 415K, 11% free 10449K/11719K, paused 2ms+2ms
07-05 11:58:14.154   545 11982 I DownloadManager: Initiating request for download 1366
07-05 11:58:14.217   545   548 D dalvikvm: GC_CONCURRENT freed 312K, 10% free 10595K/11719K, paused 2ms+4ms
07-05 11:58:14.322   545   548 D dalvikvm: GC_CONCURRENT freed 253K, 8% free 10818K/11719K, paused 2ms+2ms
07-05 11:58:14.478   545   548 D dalvikvm: GC_CONCURRENT freed 783K, 11% free 10511K/11719K, paused 3ms+2ms
07-05 11:58:14.701   545   548 D dalvikvm: GC_CONCURRENT freed 433K, 11% free 10466K/11719K, paused 3ms+2ms
07-05 11:58:14.896   545   548 D dalvikvm: GC_CONCURRENT freed 404K, 11% free 10450K/11719K, paused 3ms+3ms
07-05 11:58:15.017   545 11985 I DownloadManager: Initiating request for download 1367
07-05 11:58:15.115   545   548 D dalvikvm: GC_CONCURRENT freed 238K, 9% free 10695K/11719K, paused 3ms+3ms
07-05 11:58:15.224   545   548 D dalvikvm: GC_CONCURRENT freed 334K, 8% free 10853K/11719K, paused 1ms+3ms
07-05 11:58:15.404   545   548 D dalvikvm: GC_CONCURRENT freed 833K, 11% free 10507K/11719K, paused 2ms+3ms
07-05 11:58:15.592   545   548 D dalvikvm: GC_CONCURRENT freed 401K, 11% free 10494K/11719K, paused 2ms+2ms
07-05 11:58:15.787   545   548 D dalvikvm: GC_CONCURRENT freed 402K, 11% free 10484K/11719K, paused 2ms+2ms
07-05 11:58:16.717  1370 11987 E DictionaryProvider:UpdateHandler: Can't read a file : android.util.MalformedJsonException: Use JsonReader.setLenient(true) to accept malformed JSON at line 1 column 20
07-05 11:58:16.881   545   548 D dalvikvm: GC_CONCURRENT freed 386K, 11% free 10486K/11719K, paused 2ms+2ms
07-05 11:58:17.080   545   548 D dalvikvm: GC_CONCURRENT freed 419K, 11% free 10454K/11719K, paused 2ms+2ms
07-05 11:58:17.244   545 11990 I DownloadManager: Initiating request for download 1367
07-05 11:58:17.248   545 11990 W DownloadManager: Aborting request for download 1367: Trying to resume a download that can't be resumed
07-05 11:58:17.283   545   548 D dalvikvm: GC_CONCURRENT freed 410K, 11% free 10468K/11719K, paused 1ms+2ms
07-05 11:58:17.580   545   548 D dalvikvm: GC_CONCURRENT freed 388K, 11% free 10470K/11719K, paused 2ms+2ms
07-05 11:58:17.775   545   548 D dalvikvm: GC_CONCURRENT freed 403K, 11% free 10455K/11719K, paused 2ms+3ms
07-05 11:58:17.939   545 11993 I DownloadManager: Initiating request for download 1368
07-05 11:58:17.998   545   548 D dalvikvm: GC_CONCURRENT freed 343K, 11% free 10520K/11719K, paused 2ms+5ms
07-05 11:58:18.111   545   548 D dalvikvm: GC_CONCURRENT freed 206K, 9% free 10747K/11719K, paused 2ms+2ms
07-05 11:58:18.240   545   548 D dalvikvm: GC_CONCURRENT freed 441K, 9% free 10770K/11719K, paused 2ms+3ms
07-05 11:58:18.400  1370 11995 E DictionaryProvider:UpdateHandler: Can't read a file : android.util.MalformedJsonException: Use JsonReader.setLenient(true) to accept malformed JSON at line 1 column 20
07-05 11:58:18.435  1370  1372 D dalvikvm: GC_CONCURRENT freed 389K, 7% free 9132K/9735K, paused 2ms+2ms
07-05 11:58:18.541   545   548 D dalvikvm: GC_CONCURRENT freed 752K, 11% free 10483K/11719K, paused 2ms+2ms
07-05 11:58:18.732   545   548 D dalvikvm: GC_CONCURRENT freed 417K, 11% free 10453K/11719K, paused 2ms+2ms
07-05 11:58:18.849   545 11998 I DownloadManager: Initiating request for download 1368
07-05 11:58:18.924   545   548 D dalvikvm: GC_CONCURRENT freed 291K, 10% free 10588K/11719K, paused 2ms+2ms
07-05 11:58:19.029   545   548 D dalvikvm: GC_CONCURRENT freed 269K, 8% free 10787K/11719K, paused 1ms+3ms
07-05 11:58:19.166   545   548 D dalvikvm: GC_CONCURRENT freed 743K, 11% free 10517K/11719K, paused 2ms+4ms
07-05 11:58:19.392   545   548 D dalvikvm: GC_CONCURRENT freed 432K, 11% free 10472K/11719K, paused 2ms+2ms
07-05 11:58:19.584   545   548 D dalvikvm: GC_CONCURRENT freed 407K, 11% free 10456K/11719K, paused 2ms+2ms
07-05 11:58:19.693   545 12001 I DownloadManager: Initiating request for download 1369
07-05 11:58:19.775   545   548 D dalvikvm: GC_CONCURRENT freed 248K, 10% free 10645K/11719K, paused 2ms+3ms
07-05 11:58:19.885   545   548 D dalvikvm: GC_CONCURRENT freed 305K, 8% free 10821K/11719K, paused 2ms+3ms
07-05 11:58:20.052   545   548 D dalvikvm: GC_CONCURRENT freed 781K, 11% free 10516K/11719K, paused 2ms+3ms
07-05 11:58:20.135  1370 12003 E DictionaryProvider:UpdateHandler: Can't read a file : android.util.MalformedJsonException: Use JsonReader.setLenient(true) to accept malformed JSON at line 1 column 20
07-05 11:58:20.291   545   548 D dalvikvm: GC_CONCURRENT freed 421K, 11% free 10481K/11719K, paused 2ms+3ms
07-05 11:58:20.502   545   548 D dalvikvm: GC_CONCURRENT freed 409K, 11% free 10457K/11719K, paused 2ms+3ms
07-05 11:58:20.576   545 12005 I DownloadManager: Initiating request for download 1369
07-05 11:58:20.662   545   548 D dalvikvm: GC_CONCURRENT freed 199K, 10% free 10654K/11719K, paused 2ms+3ms
07-05 11:58:20.752   545   548 D dalvikvm: GC_CONCURRENT freed 271K, 8% free 10811K/11719K, paused 2ms+3ms
07-05 11:58:21.201   545   548 D dalvikvm: GC_CONCURRENT freed 771K, 11% free 10518K/11719K, paused 2ms+3ms
07-05 11:58:21.427   545   548 D dalvikvm: GC_CONCURRENT freed 436K, 11% free 10471K/11719K, paused 2ms+2ms
07-05 11:58:21.619   545   548 D dalvikvm: GC_CONCURRENT freed 404K, 11% free 10457K/11719K, paused 2ms+2ms
07-05 11:58:21.724   545 12009 I DownloadManager: Initiating request for download 1370
07-05 11:58:21.830   545   548 D dalvikvm: GC_CONCURRENT freed 220K, 10% free 10659K/11719K, paused 2ms+2ms
07-05 11:58:21.939   545   548 D dalvikvm: GC_CONCURRENT freed 299K, 8% free 10834K/11719K, paused 2ms+3ms
07-05 11:58:22.123   545   548 D dalvikvm: GC_CONCURRENT freed 796K, 11% free 10527K/11719K, paused 2ms+2ms
07-05 11:58:22.177  1370 12011 E DictionaryProvider:UpdateHandler: Can't read a file : android.util.MalformedJsonException: Use JsonReader.setLenient(true) to accept malformed JSON at line 1 column 20
07-05 11:58:22.373   545   548 D dalvikvm: GC_CONCURRENT freed 437K, 11% free 10480K/11719K, paused 2ms+2ms
07-05 11:58:22.568   545   548 D dalvikvm: GC_CONCURRENT freed 412K, 11% free 10456K/11719K, paused 2ms+2ms
07-05 11:58:22.631   545 12014 I DownloadManager: Initiating request for download 1370
07-05 11:58:22.728   545   548 D dalvikvm: GC_CONCURRENT freed 203K, 9% free 10686K/11719K, paused 2ms+3ms
07-05 11:58:22.838   545   548 D dalvikvm: GC_CONCURRENT freed 304K, 8% free 10863K/11719K, paused 2ms+3ms
07-05 11:58:23.052   545   548 D dalvikvm: GC_CONCURRENT freed 869K, 11% free 10488K/11719K, paused 2ms+2ms
07-05 11:58:23.244   545   548 D dalvikvm: GC_CONCURRENT freed 411K, 11% free 10470K/11719K, paused 1ms+2ms
07-05 11:58:23.424   545   548 D dalvikvm: GC_CONCURRENT freed 399K, 11% free 10456K/11719K, paused 2ms+3ms
07-05 11:58:23.459   545 12017 I DownloadManager: Initiating request for download 1371
07-05 11:58:23.568   545   548 D dalvikvm: GC_CONCURRENT freed 163K, 9% free 10766K/11719K, paused 2ms+3ms
07-05 11:58:23.689   545   548 D dalvikvm: GC_CONCURRENT freed 455K, 9% free 10778K/11719K, paused 2ms+2ms
07-05 11:58:23.877  1370 12019 E DictionaryProvider:UpdateHandler: Can't read a file : android.util.MalformedJsonException: Use JsonReader.setLenient(true) to accept malformed JSON at line 1 column 20
07-05 11:58:23.963   545   548 D dalvikvm: GC_CONCURRENT freed 751K, 11% free 10493K/11719K, paused 2ms+3ms
07-05 11:58:24.150   545   548 D dalvikvm: GC_CONCURRENT freed 417K, 11% free 10465K/11719K, paused 2ms+2ms
07-05 11:58:24.283   545 12022 I DownloadManager: Initiating request for download 1371
07-05 11:58:24.334   545   548 D dalvikvm: GC_CONCURRENT freed 353K, 11% free 10532K/11719K, paused 2ms+3ms
07-05 11:58:24.447   545   548 D dalvikvm: GC_CONCURRENT freed 198K, 9% free 10777K/11719K, paused 1ms+3ms
07-05 11:58:24.584   545   548 D dalvikvm: GC_CONCURRENT freed 475K, 9% free 10778K/11719K, paused 2ms+2ms
07-05 11:58:24.826   545   548 D dalvikvm: GC_CONCURRENT freed 758K, 11% free 10486K/11719K, paused 2ms+2ms
07-05 11:58:25.017   545   548 D dalvikvm: GC_CONCURRENT freed 411K, 11% free 10465K/11719K, paused 2ms+2ms
07-05 11:58:25.135   545 12025 I DownloadManager: Initiating request for download 1372
07-05 11:58:25.224   545   548 D dalvikvm: GC_CONCURRENT freed 261K, 9% free 10695K/11719K, paused 2ms+3ms
07-05 11:58:25.334   545   548 D dalvikvm: GC_CONCURRENT freed 332K, 8% free 10847K/11719K, paused 2ms+2ms
07-05 11:58:25.521   545   548 D dalvikvm: GC_CONCURRENT freed 809K, 11% free 10524K/11719K, paused 2ms+2ms
07-05 11:58:25.631   545  7440 D dalvikvm: GC_EXPLICIT freed 95K, 11% free 10498K/11719K, paused 2ms+4ms
07-05 11:58:25.635  1370 12027 E DictionaryProvider:UpdateHandler: Can't read a file : android.util.MalformedJsonException: Use JsonReader.setLenient(true) to accept malformed JSON at line 1 column 20
07-05 11:58:25.674  1370  1372 D dalvikvm: GC_CONCURRENT freed 393K, 7% free 9130K/9735K, paused 1ms+3ms
07-05 11:58:25.873   545   548 D dalvikvm: GC_CONCURRENT freed 416K, 11% free 10473K/11719K, paused 2ms+3ms
07-05 11:58:26.056   545   548 D dalvikvm: GC_CONCURRENT freed 407K, 11% free 10457K/11719K, paused 2ms+3ms
07-05 11:58:26.084   545 12030 I DownloadManager: Initiating request for download 1372
07-05 11:58:26.181   545   548 D dalvikvm: GC_CONCURRENT freed 181K, 9% free 10727K/11719K, paused 2ms+3ms
07-05 11:58:26.299   545   548 D dalvikvm: GC_CONCURRENT freed 400K, 8% free 10796K/11719K, paused 2ms+3ms
07-05 11:58:26.506   545   548 D dalvikvm: GC_CONCURRENT freed 741K, 11% free 10523K/11719K, paused 3ms+3ms
07-05 11:58:26.693   545   548 D dalvikvm: GC_CONCURRENT freed 400K, 11% free 10510K/11719K, paused 2ms+2ms
07-05 11:58:27.767   545 12032 I DownloadManager: Initiating request for download 1373
07-05 11:58:27.838   545   548 D dalvikvm: GC_CONCURRENT freed 372K, 10% free 10561K/11719K, paused 3ms+3ms
07-05 11:58:27.959   545   548 D dalvikvm: GC_CONCURRENT freed 255K, 8% free 10825K/11719K, paused 2ms+3ms
07-05 11:58:28.127   545   548 D dalvikvm: GC_CONCURRENT freed 767K, 11% free 10535K/11719K, paused 2ms+2ms
07-05 11:58:28.326   545   548 D dalvikvm: GC_CONCURRENT freed 409K, 11% free 10514K/11719K, paused 2ms+2ms
07-05 11:58:28.525   545   548 D dalvikvm: GC_CONCURRENT freed 424K, 11% free 10479K/11719K, paused 2ms+3ms
07-05 11:58:28.564  1370 12035 E DictionaryProvider:UpdateHandler: Can't read a file : android.util.MalformedJsonException: Use JsonReader.setLenient(true) to accept malformed JSON at line 1 column 20
07-05 11:58:28.693   545 12038 I DownloadManager: Initiating request for download 1373
07-05 11:58:28.771   545   548 D dalvikvm: GC_CONCURRENT freed 309K, 10% free 10643K/11719K, paused 1ms+3ms
07-05 11:58:28.877   545   548 D dalvikvm: GC_CONCURRENT freed 290K, 8% free 10814K/11719K, paused 2ms+2ms
07-05 11:58:29.021   545   548 D dalvikvm: GC_CONCURRENT freed 755K, 11% free 10532K/11719K, paused 2ms+3ms
07-05 11:58:29.154   156   512 D dalvikvm: GC_EXPLICIT freed 497K, 16% free 13366K/15879K, paused 3ms+6ms
07-05 11:58:29.314   545   548 D dalvikvm: GC_CONCURRENT freed 437K, 11% free 10486K/11719K, paused 2ms+3ms
07-05 11:58:29.506   545   548 D dalvikvm: GC_CONCURRENT freed 420K, 11% free 10454K/11719K, paused 2ms+2ms
07-05 11:58:29.631   545 12041 I DownloadManager: Initiating request for download 1374
07-05 11:58:29.720   545   548 D dalvikvm: GC_CONCURRENT freed 236K, 10% free 10646K/11719K, paused 2ms+3ms
07-05 11:58:29.830   545   548 D dalvikvm: GC_CONCURRENT freed 293K, 8% free 10817K/11719K, paused 2ms+2ms
07-05 11:58:29.990   545   548 D dalvikvm: GC_CONCURRENT freed 780K, 11% free 10519K/11719K, paused 2ms+2ms
07-05 11:58:30.099  1370 12043 E DictionaryProvider:UpdateHandler: Can't read a file : android.util.MalformedJsonException: Use JsonReader.setLenient(true) to accept malformed JSON at line 1 column 20
07-05 11:58:30.236   545   548 D dalvikvm: GC_CONCURRENT freed 431K, 11% free 10475K/11719K, paused 2ms+2ms
07-05 11:58:30.427   545   548 D dalvikvm: GC_CONCURRENT freed 409K, 11% free 10453K/11719K, paused 1ms+3ms
07-05 11:58:30.517   545 12046 I DownloadManager: Initiating request for download 1374
07-05 11:58:30.603   545   548 D dalvikvm: GC_CONCURRENT freed 225K, 10% free 10659K/11719K, paused 2ms+3ms
07-05 11:58:30.709   545   548 D dalvikvm: GC_CONCURRENT freed 297K, 8% free 10834K/11719K, paused 2ms+2ms
07-05 11:58:30.885   545   548 D dalvikvm: GC_CONCURRENT freed 802K, 11% free 10521K/11719K, paused 2ms+2ms
07-05 11:58:31.103   545   548 D dalvikvm: GC_CONCURRENT freed 439K, 11% free 10472K/11719K, paused 2ms+2ms
07-05 11:58:31.295   545   548 D dalvikvm: GC_CONCURRENT freed 407K, 11% free 10454K/11719K, paused 3ms+3ms
07-05 11:58:31.377   545 12049 I DownloadManager: Initiating request for download 1375
07-05 11:58:31.482   545   548 D dalvikvm: GC_CONCURRENT freed 199K, 9% free 10729K/11719K, paused 2ms+3ms
07-05 11:58:31.599   545   548 D dalvikvm: GC_CONCURRENT freed 336K, 7% free 10902K/11719K, paused 2ms+3ms
07-05 11:58:31.830  1370 12051 E DictionaryProvider:UpdateHandler: Can't read a file : android.util.MalformedJsonException: Use JsonReader.setLenient(true) to accept malformed JSON at line 1 column 20
07-05 11:58:31.881   545   548 D dalvikvm: GC_CONCURRENT freed 933K, 11% free 10496K/11719K, paused 2ms+3ms
07-05 11:58:32.084   545   548 D dalvikvm: GC_CONCURRENT freed 421K, 11% free 10462K/11719K, paused 2ms+3ms
07-05 11:58:32.213   545 12054 I DownloadManager: Initiating request for download 1375
07-05 11:58:32.271   545   548 D dalvikvm: GC_CONCURRENT freed 348K, 11% free 10526K/11719K, paused 2ms+3ms
07-05 11:58:32.385   545   548 D dalvikvm: GC_CONCURRENT freed 201K, 9% free 10753K/11719K, paused 2ms+2ms
07-05 11:58:32.510   545   548 D dalvikvm: GC_CONCURRENT freed 441K, 8% free 10785K/11719K, paused 2ms+3ms
07-05 11:58:32.760   545   548 D dalvikvm: GC_CONCURRENT freed 770K, 11% free 10478K/11719K, paused 2ms+3ms
07-05 11:58:32.959   545   548 D dalvikvm: GC_CONCURRENT freed 409K, 11% free 10459K/11719K, paused 2ms+3ms
07-05 11:58:33.092   545 12057 I DownloadManager: Initiating request for download 1376
07-05 11:58:33.177   545   548 D dalvikvm: GC_CONCURRENT freed 286K, 10% free 10631K/11719K, paused 2ms+3ms
07-05 11:58:33.283   545   548 D dalvikvm: GC_CONCURRENT freed 281K, 8% free 10803K/11719K, paused 2ms+3ms
07-05 11:58:33.412   545   548 D dalvikvm: GC_CONCURRENT freed 753K, 11% free 10524K/11719K, paused 1ms+3ms
07-05 11:58:33.541  1370 12059 E DictionaryProvider:UpdateHandler: Can't read a file : android.util.MalformedJsonException: Use JsonReader.setLenient(true) to accept malformed JSON at line 1 column 20
07-05 11:58:33.572  1370  1372 D dalvikvm: GC_CONCURRENT freed 391K, 7% free 9127K/9735K, paused 1ms+2ms
07-05 11:58:33.697   545   548 D dalvikvm: GC_CONCURRENT freed 425K, 11% free 10494K/11719K, paused 2ms+2ms
07-05 11:58:33.885   545   548 D dalvikvm: GC_CONCURRENT freed 421K, 11% free 10459K/11719K, paused 2ms+2ms
07-05 11:58:33.986   545 12062 I DownloadManager: Initiating request for download 1376
07-05 11:58:34.072   545   548 D dalvikvm: GC_CONCURRENT freed 244K, 10% free 10640K/11719K, paused 2ms+2ms
07-05 11:58:34.181   545   548 D dalvikvm: GC_CONCURRENT freed 288K, 8% free 10841K/11719K, paused 2ms+3ms
07-05 11:58:34.357   545   548 D dalvikvm: GC_CONCURRENT freed 812K, 11% free 10522K/11719K, paused 2ms+2ms
07-05 11:58:34.576   545   548 D dalvikvm: GC_CONCURRENT freed 437K, 11% free 10475K/11719K, paused 2ms+3ms
07-05 11:58:34.775   545   548 D dalvikvm: GC_CONCURRENT freed 405K, 11% free 10458K/11719K, paused 1ms+3ms
07-05 11:58:34.888   545 12065 I DownloadManager: Initiating request for download 1377
07-05 11:58:34.990   545   548 D dalvikvm: GC_CONCURRENT freed 212K, 9% free 10674K/11719K, paused 2ms+3ms
07-05 11:58:35.099   545   548 D dalvikvm: GC_CONCURRENT freed 299K, 8% free 10848K/11719K, paused 2ms+2ms
07-05 11:58:35.279   545   548 D dalvikvm: GC_CONCURRENT freed 815K, 11% free 10523K/11719K, paused 2ms+3ms
07-05 11:58:35.381  1370 12067 E DictionaryProvider:UpdateHandler: Can't read a file : android.util.MalformedJsonException: Use JsonReader.setLenient(true) to accept malformed JSON at line 1 column 20
07-05 11:58:35.533   545   548 D dalvikvm: GC_CONCURRENT freed 430K, 11% free 10485K/11719K, paused 2ms+3ms
07-05 11:58:35.732   545   548 D dalvikvm: GC_CONCURRENT freed 412K, 11% free 10465K/11719K, paused 2ms+2ms
07-05 11:58:35.779   545 12070 I DownloadManager: Initiating request for download 1377
07-05 11:58:35.873   545   548 D dalvikvm: GC_CONCURRENT freed 194K, 9% free 10693K/11719K, paused 2ms+3ms
07-05 11:58:35.982   545   548 D dalvikvm: GC_CONCURRENT freed 309K, 8% free 10876K/11719K, paused 2ms+2ms
07-05 11:58:36.201   545   548 D dalvikvm: GC_CONCURRENT freed 882K, 11% free 10492K/11719K, paused 2ms+2ms
07-05 11:58:36.392   545   548 D dalvikvm: GC_CONCURRENT freed 408K, 11% free 10471K/11719K, paused 2ms+2ms
07-05 11:58:36.599   545   548 D dalvikvm: GC_CONCURRENT freed 399K, 11% free 10460K/11719K, paused 1ms+2ms
07-05 11:58:36.638   545 12073 I DownloadManager: Initiating request for download 1378
07-05 11:58:36.756   545   548 D dalvikvm: GC_CONCURRENT freed 160K, 9% free 10726K/11719K, paused 2ms+3ms
07-05 11:58:36.865   545   548 D dalvikvm: GC_CONCURRENT freed 304K, 8% free 10894K/11719K, paused 2ms+2ms
07-05 11:58:37.056  1370 12075 E DictionaryProvider:UpdateHandler: Can't read a file : android.util.MalformedJsonException: Use JsonReader.setLenient(true) to accept malformed JSON at line 1 column 20
07-05 11:58:37.135   545   548 D dalvikvm: GC_CONCURRENT freed 895K, 11% free 10505K/11719K, paused 2ms+3ms
07-05 11:58:37.326   545   548 D dalvikvm: GC_CONCURRENT freed 424K, 11% free 10471K/11719K, paused 2ms+2ms
07-05 11:58:37.463   545 12078 I DownloadManager: Initiating request for download 1378
07-05 11:58:37.517   545   548 D dalvikvm: GC_CONCURRENT freed 370K, 11% free 10502K/11719K, paused 1ms+3ms
07-05 11:58:37.638   545   548 D dalvikvm: GC_CONCURRENT freed 183K, 9% free 10749K/11719K, paused 2ms+3ms
07-05 11:58:37.760   545   548 D dalvikvm: GC_CONCURRENT freed 428K, 8% free 10787K/11719K, paused 2ms+3ms
07-05 11:58:37.998   545   548 D dalvikvm: GC_CONCURRENT freed 764K, 11% free 10491K/11719K, paused 2ms+3ms
07-05 11:58:38.201   545   548 D dalvikvm: GC_CONCURRENT freed 409K, 11% free 10470K/11719K, paused 2ms+2ms
07-05 11:58:38.353   545 12081 I DownloadManager: Initiating request for download 1379
07-05 11:58:38.424   545   548 D dalvikvm: GC_CONCURRENT freed 334K, 11% free 10537K/11719K, paused 3ms+4ms
07-05 11:58:38.533   545   548 D dalvikvm: GC_CONCURRENT freed 198K, 9% free 10762K/11719K, paused 2ms+2ms
07-05 11:58:38.658   545   548 D dalvikvm: GC_CONCURRENT freed 440K, 8% free 10802K/11719K, paused 2ms+2ms
07-05 11:58:38.814  1370 12083 E DictionaryProvider:UpdateHandler: Can't read a file : android.util.MalformedJsonException: Use JsonReader.setLenient(true) to accept malformed JSON at line 1 column 20
07-05 11:58:38.935   545   548 D dalvikvm: GC_CONCURRENT freed 777K, 11% free 10495K/11719K, paused 1ms+3ms
07-05 11:58:39.131   545   548 D dalvikvm: GC_CONCURRENT freed 413K, 11% free 10469K/11719K, paused 2ms+2ms
07-05 11:58:39.248   545 12086 I DownloadManager: Initiating request for download 1379
07-05 11:58:39.322   545   548 D dalvikvm: GC_CONCURRENT freed 306K, 10% free 10594K/11719K, paused 2ms+3ms
07-05 11:58:39.427   545   548 D dalvikvm: GC_CONCURRENT freed 237K, 8% free 10838K/11719K, paused 2ms+2ms
07-05 11:58:39.572   545   548 D dalvikvm: GC_CONCURRENT freed 794K, 10% free 10551K/11719K, paused 2ms+2ms
07-05 11:58:39.795   545   548 D dalvikvm: GC_CONCURRENT freed 452K, 11% free 10489K/11719K, paused 2ms+2ms
07-05 11:58:39.986   545   548 D dalvikvm: GC_CONCURRENT freed 410K, 11% free 10468K/11719K, paused 2ms+2ms
07-05 11:58:40.095   545 12089 I DownloadManager: Initiating request for download 1380
07-05 11:58:40.189   545   548 D dalvikvm: GC_CONCURRENT freed 236K, 9% free 10711K/11719K, paused 2ms+3ms
07-05 11:58:40.299   545   548 D dalvikvm: GC_CONCURRENT freed 344K, 8% free 10862K/11719K, paused 2ms+3ms
07-05 11:58:40.494   545   548 D dalvikvm: GC_CONCURRENT freed 821K, 11% free 10540K/11719K, paused 2ms+2ms
07-05 11:58:40.552  1370 12091 E DictionaryProvider:UpdateHandler: Can't read a file : android.util.MalformedJsonException: Use JsonReader.setLenient(true) to accept malformed JSON at line 1 column 20
07-05 11:58:40.599  1370  1372 D dalvikvm: GC_CONCURRENT freed 384K, 7% free 9130K/9735K, paused 2ms+2ms
07-05 11:58:40.767   545   548 D dalvikvm: GC_CONCURRENT freed 440K, 11% free 10496K/11719K, paused 2ms+2ms
07-05 11:58:40.963   545   548 D dalvikvm: GC_CONCURRENT freed 417K, 11% free 10469K/11719K, paused 2ms+2ms
07-05 11:58:41.013   545 12094 I DownloadManager: Initiating request for download 1380
07-05 11:58:41.111   545   548 D dalvikvm: GC_CONCURRENT freed 186K, 9% free 10709K/11719K, paused 2ms+3ms
07-05 11:58:41.220   545   548 D dalvikvm: GC_CONCURRENT freed 311K, 8% free 10891K/11719K, paused 2ms+3ms
07-05 11:58:41.451   545   548 D dalvikvm: GC_CONCURRENT freed 894K, 11% free 10494K/11719K, paused 2ms+2ms
07-05 11:58:41.638   545   548 D dalvikvm: GC_CONCURRENT freed 403K, 11% free 10478K/11719K, paused 2ms+3ms
07-05 11:58:41.842   545 12097 I DownloadManager: Initiating request for download 1381
07-05 11:58:41.881   545   548 D dalvikvm: GC_CONCURRENT freed 410K, 11% free 10502K/11719K, paused 2ms+3ms
07-05 11:58:42.006   545   548 D dalvikvm: GC_CONCURRENT freed 174K, 9% free 10751K/11719K, paused 2ms+3ms
07-05 11:58:42.127   545   548 D dalvikvm: GC_CONCURRENT freed 426K, 8% free 10813K/11719K, paused 2ms+3ms
07-05 11:58:42.310  1370 12099 E DictionaryProvider:UpdateHandler: Can't read a file : android.util.MalformedJsonException: Use JsonReader.setLenient(true) to accept malformed JSON at line 1 column 20
07-05 11:58:42.345  1370  6706 D dalvikvm: GC_EXPLICIT freed 127K, 7% free 9098K/9735K, paused 2ms+2ms
07-05 11:58:42.431   545   548 D dalvikvm: GC_CONCURRENT freed 782K, 11% free 10505K/11719K, paused 2ms+3ms
07-05 11:58:42.623   545   548 D dalvikvm: GC_CONCURRENT freed 416K, 11% free 10477K/11719K, paused 2ms+3ms
07-05 11:58:42.760   545 12102 I DownloadManager: Initiating request for download 1381
07-05 11:58:42.810   545   548 D dalvikvm: GC_CONCURRENT freed 343K, 11% free 10544K/11719K, paused 3ms+3ms
07-05 11:58:42.927   545   548 D dalvikvm: GC_CONCURRENT freed 201K, 8% free 10816K/11719K, paused 2ms+3ms
07-05 11:58:43.064   545   548 D dalvikvm: GC_CONCURRENT freed 507K, 8% free 10796K/11719K, paused 3ms+2ms
07-05 11:58:43.209   545 12105 I DownloadManager: in removeSpuriousFiles
07-05 11:58:43.267   545   548 D dalvikvm: GC_CONCURRENT freed 705K, 9% free 10682K/11719K, paused 2ms+3ms
07-05 11:58:43.306   545 12105 I DownloadManager: in removeSpuriousFiles, preserving file /data/data/com.android.providers.downloads/cache/metadata-45.htm
07-05 11:58:43.306   545 12105 I DownloadManager: in removeSpuriousFiles, preserving file /data/data/com.android.providers.downloads/cache/metadata-59.htm
07-05 11:58:43.306   545 12105 I DownloadManager: in removeSpuriousFiles, preserving file /data/data/com.android.providers.downloads/cache/metadata-90.htm
07-05 11:58:43.306   545 12105 I DownloadManager: in removeSpuriousFiles, preserving file /data/data/com.android.providers.downloads/cache/metadata-43.htm
07-05 11:58:43.306   545 12105 I DownloadManager: in removeSpuriousFiles, preserving file /data/data/com.android.providers.downloads/cache/metadata-138.htm
07-05 11:58:43.306   545 12105 I DownloadManager: in removeSpuriousFiles, preserving file /data/data/com.android.providers.downloads/cache/metadata-52.htm
07-05 11:58:43.306   545 12105 I DownloadManager: in removeSpuriousFiles, preserving file /data/data/com.android.providers.downloads/cache/metadata-116.htm
07-05 11:58:43.306   545 12105 I DownloadManager: in removeSpuriousFiles, preserving file /data/data/com.android.providers.downloads/cache/metadata-55.htm
07-05 11:58:43.306   545 12105 I DownloadManager: in removeSpuriousFiles, preserving file /data/data/com.android.providers.downloads/cache/metadata-53.htm
07-05 11:58:43.306   545 12105 I DownloadManager: in removeSpuriousFiles, preserving file /data/data/com.android.providers.downloads/cache/metadata-64.htm
07-05 11:58:43.306   545 12105 I DownloadManager: in removeSpuriousFiles, preserving file /data/data/com.android.providers.downloads/cache/metadata-54.htm
07-05 11:58:43.306   545 12105 I DownloadManager: in removeSpuriousFiles, preserving file /data/data/com.android.providers.downloads/cache/metadata-63.htm
07-05 11:58:43.306   545 12105 I DownloadManager: in removeSpuriousFiles, preserving file /data/data/com.android.providers.downloads/cache/metadata-76.htm
07-05 11:58:43.306   545 12105 I DownloadManager: in removeSpuriousFiles, preserving file /data/data/com.android.providers.downloads/cache/metadata-124.htm
07-05 11:58:43.306   545 12105 I DownloadManager: in removeSpuriousFiles, preserving file /data/data/com.android.providers.downloads/cache/metadata-57.htm
07-05 11:58:43.306   545 12105 I DownloadManager: in removeSpuriousFiles, preserving file /data/data/com.android.providers.downloads/cache/metadata-58.htm
07-05 11:58:43.306   545 12105 I DownloadManager: in removeSpuriousFiles, preserving file /data/data/com.android.providers.downloads/cache/metadata-56.htm
07-05 11:58:43.306   545 12105 I DownloadManager: in removeSpuriousFiles, preserving file /data/data/com.android.providers.downloads/cache/metadata-113.htm
07-05 11:58:43.306   545 12105 I DownloadManager: in removeSpuriousFiles, preserving file /data/data/com.android.providers.downloads/cache/metadata-60.htm
07-05 11:58:43.306   545 12105 I DownloadManager: in removeSpuriousFiles, preserving file /data/data/com.android.providers.downloads/cache/metadata-68.htm
07-05 11:58:43.306   545 12105 I DownloadManager: in removeSpuriousFiles, preserving file /data/data/com.android.providers.downloads/cache/metadata-92.htm
07-05 11:58:43.306   545 12105 I DownloadManager: in removeSpuriousFiles, preserving file /data/data/com.android.providers.downloads/cache/metadata-126.htm
07-05 11:58:43.306   545 12105 I DownloadManager: in removeSpuriousFiles, preserving file /data/data/com.android.providers.downloads/cache/metadata-147.htm
07-05 11:58:43.306   545 12105 I DownloadManager: in removeSpuriousFiles, preserving file /data/data/com.android.providers.downloads/cache/metadata-118.htm
07-05 11:58:43.306   545 12105 I DownloadManager: in removeSpuriousFiles, preserving file /data/data/com.android.providers.downloads/cache/metadata-137.htm
07-05 11:58:43.310   545 12105 I DownloadManager: in removeSpuriousFiles, preserving file /data/data/com.android.providers.downloads/cache/metadata-72.htm
07-05 11:58:43.310   545 12105 I DownloadManager: in removeSpuriousFiles, preserving file /data/data/com.android.providers.downloads/cache/metadata-93.htm
07-05 11:58:43.310   545 12105 I DownloadManager: in removeSpuriousFiles, preserving file /data/data/com.android.providers.downloads/cache/metadata-61.htm
07-05 11:58:43.310   545 12105 I DownloadManager: in removeSpuriousFiles, preserving file /data/data/com.android.providers.downloads/cache/metadata-82.htm
07-05 11:58:43.310   545 12105 I DownloadManager: in removeSpuriousFiles, preserving file /data/data/com.android.providers.downloads/cache/metadata-119.htm
07-05 11:58:43.310   545 12105 I DownloadManager: in removeSpuriousFiles, preserving file /data/data/com.android.providers.downloads/cache/metadata-79.htm
07-05 11:58:43.310   545 12105 I DownloadManager: in removeSpuriousFiles, preserving file /data/data/com.android.providers.downloads/cache/metadata-128.htm
07-05 11:58:43.310   545 12105 I DownloadManager: in removeSpuriousFiles, preserving file /data/data/com.android.providers.downloads/cache/metadata-134.htm
07-05 11:58:43.310   545 12105 I DownloadManager: in removeSpuriousFiles, preserving file /data/data/com.android.providers.downloads/cache/metadata-230.htm
07-05 11:58:43.310   545 12105 I DownloadManager: in removeSpuriousFiles, preserving file /data/data/com.android.providers.downloads/cache/metadata-154.htm
07-05 11:58:43.310   545 12105 I DownloadManager: in removeSpuriousFiles, preserving file /data/data/com.android.providers.downloads/cache/metadata-121.htm
07-05 11:58:43.310   545 12105 I DownloadManager: in removeSpuriousFiles, preserving file /data/data/com.android.providers.downloads/cache/metadata-75.htm
07-05 11:58:43.310   545 12105 I DownloadManager: in removeSpuriousFiles, preserving file /data/data/com.android.providers.downloads/cache/metadata-111.htm
07-05 11:58:43.310   545 12105 I DownloadManager: in removeSpuriousFiles, preserving file /data/data/com.android.providers.downloads/cache/metadata-140.htm
07-05 11:58:43.310   545 12105 I DownloadManager: in removeSpuriousFiles, preserving file /data/data/com.android.providers.downloads/cache/metadata-143.htm
07-05 11:58:43.310   545 12105 I DownloadManager: in removeSpuriousFiles, preserving file /data/data/com.android.providers.downloads/cache/metadata-125.htm
07-05 11:58:43.310   545 12105 I DownloadManager: in removeSpuriousFiles, preserving file /data/data/com.android.providers.downloads/cache/metadata-107.htm
07-05 11:58:43.310   545 12105 I DownloadManager: in removeSpuriousFiles, preserving file /data/data/com.android.providers.downloads/cache/metadata-203.htm
07-05 11:58:43.310   545 12105 I DownloadManager: in removeSpuriousFiles, preserving file /data/data/com.android.providers.downloads/cache/metadata-130.htm
07-05 11:58:43.310   545 12105 I DownloadManager: in removeSpuriousFiles, preserving file /data/data/com.android.providers.downloads/cache/metadata-89.htm
07-05 11:58:43.310   545 12105 I DownloadManager: in removeSpuriousFiles, preserving file /data/data/com.android.providers.downloads/cache/metadata-151.htm
07-05 11:58:43.310   545 12105 I DownloadManager: in removeSpuriousFiles, preserving file /data/data/com.android.providers.downloads/cache/metadata-202.htm
07-05 11:58:43.310   545 12105 I DownloadManager: in removeSpuriousFiles, preserving file /data/data/com.android.providers.downloads/cache/metadata-127.htm
07-05 11:58:43.310   545 12105 I DownloadManager: in removeSpuriousFiles, preserving file /data/data/com.android.providers.downloads/cache/metadata-78.htm
07-05 11:58:43.310   545 12105 I DownloadManager: in removeSpuriousFiles, preserving file /data/data/com.android.providers.downloads/cache/metadata-135.htm
07-05 11:58:43.310   545 12105 I DownloadManager: in removeSpuriousFiles, preserving file /data/data/com.android.providers.downloads/cache/metadata-157.htm
07-05 11:58:43.310   545 12105 I DownloadManager: in removeSpuriousFiles, preserving file /data/data/com.android.providers.downloads/cache/metadata-136.htm
07-05 11:58:43.310   545 12105 I DownloadManager: in removeSpuriousFiles, preserving file /data/data/com.android.providers.downloads/cache/metadata-88.htm
07-05 11:58:43.310   545 12105 I DownloadManager: in removeSpuriousFiles, preserving file /data/data/com.android.providers.downloads/cache/metadata-161.htm
07-05 11:58:43.310   545 12105 I DownloadManager: in removeSpuriousFiles, preserving file /data/data/com.android.providers.downloads/cache/metadata-81.htm
07-05 11:58:43.310   545 12105 I DownloadManager: in removeSpuriousFiles, preserving file /data/data/com.android.providers.downloads/cache/metadata-153.htm
07-05 11:58:43.310   545 12105 I DownloadManager: in removeSpuriousFiles, preserving file /data/data/com.android.providers.downloads/cache/metadata-192.htm
07-05 11:58:43.314   545 12105 I DownloadManager: in removeSpuriousFiles, preserving file /data/data/com.android.providers.downloads/cache/metadata-101.htm
07-05 11:58:43.314   545 12105 I DownloadManager: in removeSpuriousFiles, preserving file /data/data/com.android.providers.downloads/cache/metadata-197.htm
07-05 11:58:43.314   545 12105 I DownloadManager: in removeSpuriousFiles, preserving file /data/data/com.android.providers.downloads/cache/metadata-220.htm
07-05 11:58:43.314   545 12105 I DownloadManager: in removeSpuriousFiles, preserving file /data/data/com.android.providers.downloads/cache/metadata-168.htm
07-05 11:58:43.314   545 12105 I DownloadManager: in removeSpuriousFiles, preserving file /data/data/com.android.providers.downloads/cache/metadata-177.htm
07-05 11:58:43.314   545 12105 I DownloadManager: in removeSpuriousFiles, preserving file /data/data/com.android.providers.downloads/cache/metadata-201.htm
07-05 11:58:43.314   545 12105 I DownloadManager: in removeSpuriousFiles, preserving file /data/data/com.android.providers.downloads/cache/metadata-216.htm
07-05 11:58:43.314   545 12105 I DownloadManager: in removeSpuriousFiles, preserving file /data/data/com.android.providers.downloads/cache/metadata-200.htm
07-05 11:58:43.314   545 12105 I DownloadManager: in removeSpuriousFiles, preserving file /data/data/com.android.providers.downloads/cache/metadata-172.htm
07-05 11:58:43.314   545 12105 I DownloadManager: in removeSpuriousFiles, preserving file /data/data/com.android.providers.downloads/cache/metadata-183.htm
07-05 11:58:43.357   545 12105 D dalvikvm: GC_FOR_ALLOC freed 475K, 9% free 10760K/11719K, paused 35ms
07-05 11:58:43.357   545 12105 I DownloadManager: in removeSpuriousFiles, preserving file /data/data/com.android.providers.downloads/cache/metadata-224.htm
07-05 11:58:43.357   545 12105 I DownloadManager: in removeSpuriousFiles, preserving file /data/data/com.android.providers.downloads/cache/metadata-245.htm
07-05 11:58:43.369   545 12105 I DownloadManager: in removeSpuriousFiles, preserving file /data/data/com.android.providers.downloads/cache/metadata-150.htm
07-05 11:58:43.369   545 12105 I DownloadManager: in removeSpuriousFiles, preserving file /data/data/com.android.providers.downloads/cache/metadata-240.htm
07-05 11:58:43.369   545 12105 I DownloadManager: in removeSpuriousFiles, preserving file /data/data/com.android.providers.downloads/cache/metadata-185.htm
07-05 11:58:43.369   545 12105 I DownloadManager: in removeSpuriousFiles, preserving file /data/data/com.android.providers.downloads/cache/metadata-189.htm
07-05 11:58:43.369   545 12105 I DownloadManager: in removeSpuriousFiles, preserving file /data/data/com.android.providers.downloads/cache/metadata-280.htm
07-05 11:58:43.369   545 12105 I DownloadManager: in removeSpuriousFiles, preserving file /data/data/com.android.providers.downloads/cache/metadata-176.htm
07-05 11:58:43.369   545 12105 I DownloadManager: in removeSpuriousFiles, preserving file /data/data/com.android.providers.downloads/cache/metadata-191.htm
07-05 11:58:43.369   545 12105 I DownloadManager: in removeSpuriousFiles, preserving file /data/data/com.android.providers.downloads/cache/metadata-73.htm
07-05 11:58:43.369   545 12105 I DownloadManager: in removeSpuriousFiles, preserving file /data/data/com.android.providers.downloads/cache/metadata-122.htm
07-05 11:58:43.373   545 12105 I DownloadManager: in removeSpuriousFiles, preserving file /data/data/com.android.providers.downloads/cache/metadata-80.htm
07-05 11:58:43.373   545 12105 I DownloadManager: in removeSpuriousFiles, preserving file /data/data/com.android.providers.downloads/cache/metadata-217.htm
07-05 11:58:43.373   545 12105 I DownloadManager: in removeSpuriousFiles, preserving file /data/data/com.android.providers.downloads/cache/metadata-188.htm
07-05 11:58:43.373   545 12105 I DownloadManager: in removeSpuriousFiles, preserving file /data/data/com.android.providers.downloads/cache/metadata-253.htm
07-05 11:58:43.373   545 12105 I DownloadManager: in removeSpuriousFiles, preserving file /data/data/com.android.providers.downloads/cache/metadata-205.htm
07-05 11:58:43.373   545 12105 I DownloadManager: in removeSpuriousFiles, preserving file /data/data/com.android.providers.downloads/cache/metadata-234.htm
07-05 11:58:43.373   545 12105 I DownloadManager: in removeSpuriousFiles, preserving file /data/data/com.android.providers.downloads/cache/metadata-215.htm
07-05 11:58:43.373   545 12105 I DownloadManager: in removeSpuriousFiles, preserving file /data/data/com.android.providers.downloads/cache/metadata-319.htm
07-05 11:58:43.373   545 12105 I DownloadManager: in removeSpuriousFiles, preserving file /data/data/com.android.providers.downloads/cache/metadata-35.htm
07-05 11:58:43.373   545 12105 I DownloadManager: in removeSpuriousFiles, preserving file /data/data/com.android.providers.downloads/cache/metadata-164.htm
07-05 11:58:43.373   545 12105 I DownloadManager: in removeSpuriousFiles, preserving file /data/data/com.android.providers.downloads/cache/metadata-142.htm
07-05 11:58:43.373   545 12105 I DownloadManager: in removeSpuriousFiles, preserving file /data/data/com.android.providers.downloads/cache/metadata-39.htm
07-05 11:58:43.373   545 12105 I DownloadManager: in removeSpuriousFiles, preserving file /data/data/com.android.providers.downloads/cache/metadata-219.htm
07-05 11:58:43.373   545 12105 I DownloadManager: in removeSpuriousFiles, preserving file /data/data/com.android.providers.downloads/cache/metadata-62.htm
07-05 11:58:43.373   545 12105 I DownloadManager: in removeSpuriousFiles, preserving file /data/data/com.android.providers.downloads/cache/metadata-105.htm
07-05 11:58:43.373   545 12105 I DownloadManager: in removeSpuriousFiles, preserving file /data/data/com.android.providers.downloads/cache/metadata-221.htm
07-05 11:58:43.373   545 12105 I DownloadManager: in removeSpuriousFiles, preserving file /data/data/com.android.providers.downloads/cache/metadata-77.htm
07-05 11:58:43.373   545 12105 I DownloadManager: in removeSpuriousFiles, preserving file /data/data/com.android.providers.downloads/cache/metadata-50.htm
07-05 11:58:43.373   545 12105 I DownloadManager: in removeSpuriousFiles, preserving file /data/data/com.android.providers.downloads/cache/metadata-181.htm
07-05 11:58:43.373   545 12105 I DownloadManager: in removeSpuriousFiles, preserving file /data/data/com.android.providers.downloads/cache/metadata-152.htm
07-05 11:58:43.373   545 12105 I DownloadManager: in removeSpuriousFiles, preserving file /data/data/com.android.providers.downloads/cache/metadata-104.htm
07-05 11:58:43.373   545 12105 I DownloadManager: in removeSpuriousFiles, preserving file /data/data/com.android.providers.downloads/cache/metadata-214.htm
07-05 11:58:43.373   545 12105 I DownloadManager: in removeSpuriousFiles, preserving file /data/data/com.android.providers.downloads/cache/metadata-196.htm
07-05 11:58:43.373   545 12105 I DownloadManager: in removeSpuriousFiles, preserving file /data/data/com.android.providers.downloads/cache/metadata-174.htm
07-05 11:58:43.373   545 12105 I DownloadManager: in removeSpuriousFiles, preserving file /data/data/com.android.providers.downloads/cache/metadata-67.htm
07-05 11:58:43.373   545 12105 I DownloadManager: in removeSpuriousFiles, preserving file /data/data/com.android.providers.downloads/cache/metadata-199.htm
07-05 11:58:43.373   545 12105 I DownloadManager: in removeSpuriousFiles, preserving file /data/data/com.android.providers.downloads/cache/metadata-162.htm
07-05 11:58:43.373   545 12105 I DownloadManager: in removeSpuriousFiles, preserving file /data/data/com.android.providers.downloads/cache/metadata-133.htm
07-05 11:58:43.373   545 12105 I DownloadManager: in removeSpuriousFiles, preserving file /data/data/com.android.providers.downloads/cache/metadata-300.htm
07-05 11:58:43.373   545 12105 I DownloadManager: in removeSpuriousFiles, preserving file /data/data/com.android.providers.downloads/cache/metadata-158.htm
07-05 11:58:43.373   545 12105 I DownloadManager: in removeSpuriousFiles, preserving file /data/data/com.android.providers.downloads/cache/metadata-207.htm
07-05 11:58:43.373   545 12105 I DownloadManager: in removeSpuriousFiles, preserving file /data/data/com.android.providers.downloads/cache/metadata-148.htm
07-05 11:58:43.373   545 12105 I DownloadManager: in removeSpuriousFiles, preserving file /data/data/com.android.providers.downloads/cache/metadata-320.htm
07-05 11:58:43.373   545 12105 I DownloadManager: in removeSpuriousFiles, preserving file /data/data/com.android.providers.downloads/cache/metadata-139.htm
07-05 11:58:43.373   545 12105 I DownloadManager: in removeSpuriousFiles, preserving file /data/data/com.android.providers.downloads/cache/metadata-74.htm
07-05 11:58:43.377   545 12105 I DownloadManager: in removeSpuriousFiles, preserving file /data/data/com.android.providers.downloads/cache/metadata-291.htm
07-05 11:58:43.377   545 12105 I DownloadManager: in removeSpuriousFiles, preserving file /data/data/com.android.providers.downloads/cache/metadata-70.htm
07-05 11:58:43.377   545 12105 I DownloadManager: in removeSpuriousFiles, preserving file /data/data/com.android.providers.downloads/cache/metadata-226.htm
07-05 11:58:43.377   545 12105 I DownloadManager: in removeSpuriousFiles, preserving file /data/data/com.android.providers.downloads/cache/metadata-178.htm
07-05 11:58:43.377   545 12105 I DownloadManager: in removeSpuriousFiles, preserving file /data/data/com.android.providers.downloads/cache/metadata-284.htm
07-05 11:58:43.377   545 12105 I DownloadManager: in removeSpuriousFiles, preserving file /data/data/com.android.providers.downloads/cache/metadata-84.htm
07-05 11:58:43.377   545 12105 I DownloadManager: in removeSpuriousFiles, preserving file /data/data/com.android.providers.downloads/cache/metadata-268.htm
07-05 11:58:43.377   545 12105 I DownloadManager: in removeSpuriousFiles, preserving file /data/data/com.android.providers.downloads/cache/metadata-254.htm
07-05 11:58:43.377   545 12105 I DownloadManager: in removeSpuriousFiles, preserving file /data/data/com.android.providers.downloads/cache/metadata-115.htm
07-05 11:58:43.377   545 12105 I DownloadManager: in removeSpuriousFiles, preserving file /data/data/com.android.providers.downloads/cache/metadata-210.htm
07-05 11:58:43.377   545 12105 I DownloadManager: in removeSpuriousFiles, preserving file /data/data/com.android.providers.downloads/cache/metadata-149.htm
07-05 11:58:43.377   545 12105 I DownloadManager: in removeSpuriousFiles, preserving file /data/data/com.android.providers.downloads/cache/metadata-218.htm
07-05 11:58:43.377   545 12105 I DownloadManager: in removeSpuriousFiles, preserving file /data/data/com.android.providers.downloads/cache/metadata-295.htm
07-05 11:58:43.377   545 12105 I DownloadManager: in removeSpuriousFiles, preserving file /data/data/com.android.providers.downloads/cache/metadata-110.htm
07-05 11:58:43.377   545 12105 I DownloadManager: in removeSpuriousFiles, preserving file /data/data/com.android.providers.downloads/cache/metadata-91.htm
07-05 11:58:43.377   545 12105 I DownloadManager: in removeSpuriousFiles, preserving file /data/data/com.android.providers.downloads/cache/metadata-146.htm
07-05 11:58:43.377   545 12105 I DownloadManager: in removeSpuriousFiles, preserving file /data/data/com.android.providers.downloads/cache/metadata-160.htm
07-05 11:58:43.377   545 12105 I DownloadManager: in removeSpuriousFiles, preserving file /data/data/com.android.providers.downloads/cache/metadata-120.htm
07-05 11:58:43.377   545 12105 I DownloadManager: in removeSpuriousFiles, preserving file /data/data/com.android.providers.downloads/cache/metadata-368.htm
07-05 11:58:43.377   545 12105 I DownloadManager: in removeSpuriousFiles, preserving file /data/data/com.android.providers.downloads/cache/metadata-239.htm
07-05 11:58:43.377   545 12105 I DownloadManager: in removeSpuriousFiles, preserving file /data/data/com.android.providers.downloads/cache/metadata-243.htm
07-05 11:58:43.377   545 12105 I DownloadManager: in removeSpuriousFiles, preserving file /data/data/com.android.providers.downloads/cache/metadata-375.htm
07-05 11:58:43.377   545 12105 I DownloadManager: in removeSpuriousFiles, preserving file /data/data/com.android.providers.downloads/cache/metadata-262.htm
07-05 11:58:43.377   545 12105 I DownloadManager: in removeSpuriousFiles, preserving file /data/data/com.android.providers.downloads/cache/metadata-277.htm
07-05 11:58:43.377   545 12105 I DownloadManager: in removeSpuriousFiles, preserving file /data/data/com.android.providers.downloads/cache/metadata-209.htm
07-05 11:58:43.377   545 12105 I DownloadManager: in removeSpuriousFiles, preserving file /data/data/com.android.providers.downloads/cache/metadata-314.htm
07-05 11:58:43.377   545 12105 I DownloadManager: in removeSpuriousFiles, preserving file /data/data/com.android.providers.downloads/cache/metadata-249.htm
07-05 11:58:43.377   545 12105 I DownloadManager: in removeSpuriousFiles, preserving file /data/data/com.android.providers.downloads/cache/metadata-267.htm
07-05 11:58:43.377   545 12105 I DownloadManager: in removeSpuriousFiles, preserving file /data/data/com.android.providers.downloads/cache/metadata-231.htm
07-05 11:58:43.377   545 12105 I DownloadManager: in removeSpuriousFiles, preserving file /data/data/com.android.providers.downloads/cache/metadata-198.htm
07-05 11:58:43.377   545 12105 I DownloadManager: in removeSpuriousFiles, preserving file /data/data/com.android.providers.downloads/cache/metadata-108.htm
07-05 11:58:43.377   545 12105 I DownloadManager: in removeSpuriousFiles, preserving file /data/data/com.android.providers.downloads/cache/metadata-364.htm
07-05 11:58:43.377   545 12105 I DownloadManager: in removeSpuriousFiles, preserving file /data/data/com.android.providers.downloads/cache/metadata-232.htm
07-05 11:58:43.377   545 12105 I DownloadManager: in removeSpuriousFiles, preserving file /data/data/com.android.providers.downloads/cache/metadata-334.htm
07-05 11:58:43.377   545 12105 I DownloadManager: in removeSpuriousFiles, preserving file /data/data/com.android.providers.downloads/cache/metadata-286.htm
07-05 11:58:43.381   545 12105 I DownloadManager: in removeSpuriousFiles, preserving file /data/data/com.android.providers.downloads/cache/metadata-384.htm
07-05 11:58:43.381   545 12105 I DownloadManager: in removeSpuriousFiles, preserving file /data/data/com.android.providers.downloads/cache/metadata-306.htm
07-05 11:58:43.381   545 12105 I DownloadManager: in removeSpuriousFiles, preserving file /data/data/com.android.providers.downloads/cache/metadata-266.htm
07-05 11:58:43.381   545 12105 I DownloadManager: in removeSpuriousFiles, preserving file /data/data/com.android.providers.downloads/cache/metadata-132.htm
07-05 11:58:43.381   545 12105 I DownloadManager: in removeSpuriousFiles, preserving file /data/data/com.android.providers.downloads/cache/metadata-326.htm
07-05 11:58:43.381   545 12105 I DownloadManager: in removeSpuriousFiles, preserving file /data/data/com.android.providers.downloads/cache/metadata-227.htm
07-05 11:58:43.381   545 12105 I DownloadManager: in removeSpuriousFiles, preserving file /data/data/com.android.providers.downloads/cache/metadata-194.htm
07-05 11:58:43.381   545 12105 I DownloadManager: in removeSpuriousFiles, preserving file /data/data/com.android.providers.downloads/cache/metadata-228.htm
07-05 11:58:43.381   545 12105 I DownloadManager: in removeSpuriousFiles, preserving file /data/data/com.android.providers.downloads/cache/metadata-360.htm
07-05 11:58:43.381   545 12105 I DownloadManager: in removeSpuriousFiles, preserving file /data/data/com.android.providers.downloads/cache/metadata-260.htm
07-05 11:58:43.381   545 12105 I DownloadManager: in removeSpuriousFiles, preserving file /data/data/com.android.providers.downloads/cache/metadata-131.htm
07-05 11:58:43.381   545 12105 I DownloadManager: in removeSpuriousFiles, preserving file /data/data/com.android.providers.downloads/cache/metadata-233.htm
07-05 11:58:43.381   545 12105 I DownloadManager: in removeSpuriousFiles, preserving file /data/data/com.android.providers.downloads/cache/metadata-123.htm
07-05 11:58:43.381   545 12105 I DownloadManager: in removeSpuriousFiles, preserving file /data/data/com.android.providers.downloads/cache/metadata-229.htm
07-05 11:58:43.381   545 12105 I DownloadManager: in removeSpuriousFiles, preserving file /data/data/com.android.providers.downloads/cache/metadata-264.htm
07-05 11:58:43.381   545 12105 I DownloadManager: in removeSpuriousFiles, preserving file /data/data/com.android.providers.downloads/cache/metadata-187.htm
07-05 11:58:43.381   545 12105 I DownloadManager: in removeSpuriousFiles, preserving file /data/data/com.android.providers.downloads/cache/metadata-383.htm
07-05 11:58:43.381   545 12105 I DownloadManager: in removeSpuriousFiles, preserving file /data/data/com.android.providers.downloads/cache/metadata-394.htm
07-05 11:58:43.381   545 12105 I DownloadManager: in removeSpuriousFiles, preserving file /data/data/com.android.providers.downloads/cache/metadata-85.htm
07-05 11:58:43.381   545 12105 I DownloadManager: in removeSpuriousFiles, preserving file /data/data/com.android.providers.downloads/cache/metadata-211.htm
07-05 11:58:43.381   545 12105 I DownloadManager: in removeSpuriousFiles, preserving file /data/data/com.android.providers.downloads/cache/metadata-406.htm
07-05 11:58:43.381   545 12105 I DownloadManager: in removeSpuriousFiles, preserving file /data/data/com.android.providers.downloads/cache/metadata-331.htm
07-05 11:58:43.381   545 12105 I DownloadManager: in removeSpuriousFiles, preserving file /data/data/com.android.providers.downloads/cache/metadata-163.htm
07-05 11:58:43.381   545 12105 I DownloadManager: in removeSpuriousFiles, preserving file /data/data/com.android.providers.downloads/cache/metadata-112.htm
07-05 11:58:43.381   545 12105 I DownloadManager: in removeSpuriousFiles, preserving file /data/data/com.android.providers.downloads/cache/metadata-145.htm
07-05 11:58:43.381   545 12105 I DownloadManager: in removeSpuriousFiles, preserving file /data/data/com.android.providers.downloads/cache/metadata-278.htm
07-05 11:58:43.381   545 12105 I DownloadManager: in removeSpuriousFiles, preserving file /data/data/com.android.providers.downloads/cache/metadata-244.htm
07-05 11:58:43.381   545 12105 I DownloadManager: in removeSpuriousFiles, preserving file /data/data/com.android.providers.downloads/cache/metadata-370.htm
07-05 11:58:43.381   545 12105 I DownloadManager: in removeSpuriousFiles, preserving file /data/data/com.android.providers.downloads/cache/metadata-328.htm
07-05 11:58:43.381   545 12105 I DownloadManager: in removeSpuriousFiles, preserving file /data/data/com.android.providers.downloads/cache/metadata-322.htm
07-05 11:58:43.381   545 12105 I DownloadManager: in removeSpuriousFiles, preserving file /data/data/com.android.providers.downloads/cache/metadata-397.htm
07-05 11:58:43.381   545 12105 I DownloadManager: in removeSpuriousFiles, preserving file /data/data/com.android.providers.downloads/cache/metadata-206.htm
07-05 11:58:43.381   545 12105 I DownloadManager: in removeSpuriousFiles, preserving file /data/data/com.android.providers.downloads/cache/metadata-236.htm
07-05 11:58:43.385   545 12105 I DownloadManager: in removeSpuriousFiles, preserving file /data/data/com.android.providers.downloads/cache/metadata-165.htm
07-05 11:58:43.385   545 12105 I DownloadManager: in removeSpuriousFiles, preserving file /data/data/com.android.providers.downloads/cache/metadata-304.htm
07-05 11:58:43.385   545 12105 I DownloadManager: in removeSpuriousFiles, preserving file /data/data/com.android.providers.downloads/cache/metadata-289.htm
07-05 11:58:43.385   545 12105 I DownloadManager: in removeSpuriousFiles, preserving file /data/data/com.android.providers.downloads/cache/metadata-261.htm
07-05 11:58:43.385   545 12105 I DownloadManager: in removeSpuriousFiles, preserving file /data/data/com.android.providers.downloads/cache/metadata-282.htm
07-05 11:58:43.385   545 12105 I DownloadManager: in removeSpuriousFiles, preserving file /data/data/com.android.providers.downloads/cache/metadata-182.htm
07-05 11:58:43.385   545 12105 I DownloadManager: in removeSpuriousFiles, preserving file /data/data/com.android.providers.downloads/cache/metadata-446.htm
07-05 11:58:43.385   545 12105 I DownloadManager: in removeSpuriousFiles, preserving file /data/data/com.android.providers.downloads/cache/metadata-323.htm
07-05 11:58:43.385   545 12105 I DownloadManager: in removeSpuriousFiles, preserving file /data/data/com.android.providers.downloads/cache/metadata-212.htm
07-05 11:58:43.385   545 12105 I DownloadManager: in removeSpuriousFiles, preserving file /data/data/com.android.providers.downloads/cache/metadata-248.htm
07-05 11:58:43.385   545 12105 I DownloadManager: in removeSpuriousFiles, preserving file /data/data/com.android.providers.downloads/cache/metadata-259.htm
07-05 11:58:43.385   545 12105 I DownloadManager: in removeSpuriousFiles, preserving file /data/data/com.android.providers.downloads/cache/metadata-418.htm
07-05 11:58:43.385   545 12105 I DownloadManager: in removeSpuriousFiles, preserving file /data/data/com.android.providers.downloads/cache/metadata-367.htm
07-05 11:58:43.385   545 12105 I DownloadManager: in removeSpuriousFiles, preserving file /data/data/com.android.providers.downloads/cache/metadata-329.htm
07-05 11:58:43.385   545 12105 I DownloadManager: in removeSpuriousFiles, preserving file /data/data/com.android.providers.downloads/cache/metadata-344.htm
07-05 11:58:43.385   545 12105 I DownloadManager: in removeSpuriousFiles, preserving file /data/data/com.android.providers.downloads/cache/metadata-353.htm
07-05 11:58:43.385   545 12105 I DownloadManager: in removeSpuriousFiles, preserving file /data/data/com.android.providers.downloads/cache/metadata-273.htm
07-05 11:58:43.385   545 12105 I DownloadManager: in removeSpuriousFiles, preserving file /data/data/com.android.providers.downloads/cache/metadata-252.htm
07-05 11:58:43.385   545 12105 I DownloadManager: in removeSpuriousFiles, preserving file /data/data/com.android.providers.downloads/cache/metadata-374.htm
07-05 11:58:43.385   545 12105 I DownloadManager: in removeSpuriousFiles, preserving file /data/data/com.android.providers.downloads/cache/metadata-447.htm
07-05 11:58:43.385   545 12105 I DownloadManager: in removeSpuriousFiles, preserving file /data/data/com.android.providers.downloads/cache/metadata-381.htm
07-05 11:58:43.385   545 12105 I DownloadManager: in removeSpuriousFiles, preserving file /data/data/com.android.providers.downloads/cache/metadata-436.htm
07-05 11:58:43.385   545 12105 I DownloadManager: in removeSpuriousFiles, preserving file /data/data/com.android.providers.downloads/cache/metadata-412.htm
07-05 11:58:43.385   545 12105 I DownloadManager: in removeSpuriousFiles, preserving file /data/data/com.android.providers.downloads/cache/metadata-349.htm
07-05 11:58:43.385   545 12105 I DownloadManager: in removeSpuriousFiles, preserving file /data/data/com.android.providers.downloads/cache/metadata-435.htm
07-05 11:58:43.385   545 12105 I DownloadManager: in removeSpuriousFiles, preserving file /data/data/com.android.providers.downloads/cache/metadata-44.htm
07-05 11:58:43.385   545 12105 I DownloadManager: in removeSpuriousFiles, preserving file /data/data/com.android.providers.downloads/cache/metadata-312.htm
07-05 11:58:43.385   545 12105 I DownloadManager: in removeSpuriousFiles, preserving file /data/data/com.android.providers.downloads/cache/metadata-65.htm
07-05 11:58:43.385   545 12105 I DownloadManager: in removeSpuriousFiles, preserving file /data/data/com.android.providers.downloads/cache/metadata-392.htm
07-05 11:58:43.388   545 12105 I DownloadManager: in removeSpuriousFiles, preserving file /data/data/com.android.providers.downloads/cache/metadata-71.htm
07-05 11:58:43.388   545 12105 I DownloadManager: in removeSpuriousFiles, preserving file /data/data/com.android.providers.downloads/cache/metadata-49.htm
07-05 11:58:43.388   545 12105 I DownloadManager: in removeSpuriousFiles, preserving file /data/data/com.android.providers.downloads/cache/metadata-222.htm
07-05 11:58:43.388   545 12105 I DownloadManager: in removeSpuriousFiles, preserving file /data/data/com.android.providers.downloads/cache/metadata-317.htm
07-05 11:58:43.388   545 12105 I DownloadManager: in removeSpuriousFiles, preserving file /data/data/com.android.providers.downloads/cache/metadata-345.htm
07-05 11:58:43.388   545 12105 I DownloadManager: in removeSpuriousFiles, preserving file /data/data/com.android.providers.downloads/cache/metadata-256.htm
07-05 11:58:43.388   545 12105 I DownloadManager: in removeSpuriousFiles, preserving file /data/data/com.android.providers.downloads/cache/metadata-237.htm
07-05 11:58:43.388   545 12105 I DownloadManager: in removeSpuriousFiles, preserving file /data/data/com.android.providers.downloads/cache/metadata-327.htm
07-05 11:58:43.388   545 12105 I DownloadManager: in removeSpuriousFiles, preserving file /data/data/com.android.providers.downloads/cache/metadata-169.htm
07-05 11:58:43.388   545 12105 I DownloadManager: in removeSpuriousFiles, preserving file /data/data/com.android.providers.downloads/cache/metadata-208.htm
07-05 11:58:43.388   545 12105 I DownloadManager: in removeSpuriousFiles, preserving file /data/data/com.android.providers.downloads/cache/metadata-279.htm
07-05 11:58:43.388   545 12105 I DownloadManager: in removeSpuriousFiles, preserving file /data/data/com.android.providers.downloads/cache/metadata-100.htm
07-05 11:58:43.388   545 12105 I DownloadManager: in removeSpuriousFiles, preserving file /data/data/com.android.providers.downloads/cache/metadata-193.htm
07-05 11:58:43.388   545 12105 I DownloadManager: in removeSpuriousFiles, preserving file /data/data/com.android.providers.downloads/cache/metadata-83.htm
07-05 11:58:43.388   545 12105 I DownloadManager: in removeSpuriousFiles, preserving file /data/data/com.android.providers.downloads/cache/metadata-156.htm
07-05 11:58:43.388   545 12105 I DownloadManager: in removeSpuriousFiles, preserving file /data/data/com.android.providers.downloads/cache/metadata-251.htm
07-05 11:58:43.388   545 12105 I DownloadManager: in removeSpuriousFiles, preserving file /data/data/com.android.providers.downloads/cache/metadata-354.htm
07-05 11:58:43.388   545 12105 I DownloadManager: in removeSpuriousFiles, preserving file /data/data/com.android.providers.downloads/cache/metadata-141.htm
07-05 11:58:43.388   545 12105 I DownloadManager: in removeSpuriousFiles, preserving file /data/data/com.android.providers.downloads/cache/metadata-170.htm
07-05 11:58:43.388   545 12105 I DownloadManager: in removeSpuriousFiles, preserving file /data/data/com.android.providers.downloads/cache/metadata-324.htm
07-05 11:58:43.388   545 12105 I DownloadManager: in removeSpuriousFiles, preserving file /data/data/com.android.providers.downloads/cache/metadata-190.htm
07-05 11:58:43.388   545 12105 I DownloadManager: in removeSpuriousFiles, preserving file /data/data/com.android.providers.downloads/cache/metadata-362.htm
07-05 11:58:43.388   545 12105 I DownloadManager: in removeSpuriousFiles, preserving file /data/data/com.android.providers.downloads/cache/metadata-180.htm
07-05 11:58:43.388   545 12105 I DownloadManager: in removeSpuriousFiles, preserving file /data/data/com.android.providers.downloads/cache/metadata-246.htm
07-05 11:58:43.388   545 12105 I DownloadManager: in removeSpuriousFiles, preserving file /data/data/com.android.providers.downloads/cache/metadata-294.htm
07-05 11:58:43.388   545 12105 I DownloadManager: in removeSpuriousFiles, preserving file /data/data/com.android.providers.downloads/cache/metadata-303.htm
07-05 11:58:43.388   545 12105 I DownloadManager: in removeSpuriousFiles, preserving file /data/data/com.android.providers.downloads/cache/metadata-155.htm
07-05 11:58:43.388   545 12105 I DownloadManager: in removeSpuriousFiles, preserving file /data/data/com.android.providers.downloads/cache/metadata-365.htm
07-05 11:58:43.388   545 12105 I DownloadManager: in removeSpuriousFiles, preserving file /data/data/com.android.providers.downloads/cache/metadata-373.htm
07-05 11:58:43.388   545 12105 I DownloadManager: in removeSpuriousFiles, preserving file /data/data/com.android.providers.downloads/cache/metadata-159.htm
07-05 11:58:43.388   545 12105 I DownloadManager: in removeSpuriousFiles, preserving file /data/data/com.android.providers.downloads/cache/metadata-388.htm
07-05 11:58:43.388   545 12105 I DownloadManager: in removeSpuriousFiles, preserving file /data/data/com.android.providers.downloads/cache/metadata-404.htm
07-05 11:58:43.388   545 12105 I DownloadManager: in removeSpuriousFiles, preserving file /data/data/com.android.providers.downloads/cache/metadata-315.htm
07-05 11:58:43.388   545 12105 I DownloadManager: in removeSpuriousFiles, preserving file /data/data/com.android.providers.downloads/cache/metadata-103.htm
07-05 11:58:43.388   545 12105 I DownloadManager: in removeSpuriousFiles, preserving file /data/data/com.android.providers.downloads/cache/metadata-311.htm
07-05 11:58:43.388   545 12105 I DownloadManager: in removeSpuriousFiles, preserving file /data/data/com.android.providers.downloads/cache/metadata-396.htm
07-05 11:58:43.388   545 12105 I DownloadManager: in removeSpuriousFiles, preserving file /data/data/com.android.providers.downloads/cache/metadata-390.htm
07-05 11:58:43.388   545 12105 I DownloadManager: in removeSpuriousFiles, preserving file /data/data/com.android.providers.downloads/cache/metadata-94.htm
07-05 11:58:43.388   545 12105 I DownloadManager: in removeSpuriousFiles, preserving file /data/data/com.android.providers.downloads/cache/metadata-213.htm
07-05 11:58:43.388   545 12105 I DownloadManager: in removeSpuriousFiles, preserving file /data/data/com.android.providers.downloads/cache/metadata-725.htm
07-05 11:58:43.392   545 12105 I DownloadManager: in removeSpuriousFiles, preserving file /data/data/com.android.providers.downloads/cache/metadata-274.htm
07-05 11:58:43.392   545 12105 I DownloadManager: in removeSpuriousFiles, preserving file /data/data/com.android.providers.downloads/cache/metadata-336.htm
07-05 11:58:43.392   545 12105 I DownloadManager: in removeSpuriousFiles, preserving file /data/data/com.android.providers.downloads/cache/metadata-175.htm
07-05 11:58:43.392   545 12105 I DownloadManager: in removeSpuriousFiles, preserving file /data/data/com.android.providers.downloads/cache/metadata-308.htm
07-05 11:58:43.392   545 12105 I DownloadManager: in removeSpuriousFiles, preserving file /data/data/com.android.providers.downloads/cache/metadata-341.htm
07-05 11:58:43.392   545 12105 I DownloadManager: in removeSpuriousFiles, preserving file /data/data/com.android.providers.downloads/cache/metadata-366.htm
07-05 11:58:43.392   545 12105 I DownloadManager: in removeSpuriousFiles, preserving file /data/data/com.android.providers.downloads/cache/metadata-427.htm
07-05 11:58:43.392   545 12105 I DownloadManager: in removeSpuriousFiles, preserving file /data/data/com.android.providers.downloads/cache/metadata-117.htm
07-05 11:58:43.392   545 12105 I DownloadManager: in removeSpuriousFiles, preserving file /data/data/com.android.providers.downloads/cache/metadata-379.htm
07-05 11:58:43.392   545 12105 I DownloadManager: in removeSpuriousFiles, preserving file /data/data/com.android.providers.downloads/cache/metadata-425.htm
07-05 11:58:43.392   545 12105 I DownloadManager: in removeSpuriousFiles, preserving file /data/data/com.android.providers.downloads/cache/metadata-241.htm
07-05 11:58:43.392   545 12105 I DownloadManager: in removeSpuriousFiles, preserving file /data/data/com.android.providers.downloads/cache/metadata-459.htm
07-05 11:58:43.392   545 12105 I DownloadManager: in removeSpuriousFiles, preserving file /data/data/com.android.providers.downloads/cache/metadata-171.htm
07-05 11:58:43.392   545 12105 I DownloadManager: in removeSpuriousFiles, preserving file /data/data/com.android.providers.downloads/cache/metadata-386.htm
07-05 11:58:43.392   545 12105 I DownloadManager: in removeSpuriousFiles, preserving file /data/data/com.android.providers.downloads/cache/metadata-285.htm
07-05 11:58:43.392   545 12105 I DownloadManager: in removeSpuriousFiles, preserving file /data/data/com.android.providers.downloads/cache/metadata-422.htm
07-05 11:58:43.392   545 12105 I DownloadManager: in removeSpuriousFiles, preserving file /data/data/com.android.providers.downloads/cache/metadata-398.htm
07-05 11:58:43.392   545 12105 I DownloadManager: in removeSpuriousFiles, preserving file /data/data/com.android.providers.downloads/cache/metadata-415.htm
07-05 11:58:43.392   545 12105 I DownloadManager: in removeSpuriousFiles, preserving file /data/data/com.android.providers.downloads/cache/metadata-448.htm
07-05 11:58:43.392   545 12105 I DownloadManager: in removeSpuriousFiles, preserving file /data/data/com.android.providers.downloads/cache/metadata-468.htm
07-05 11:58:43.396   545 12105 I DownloadManager: in removeSpuriousFiles, preserving file /data/data/com.android.providers.downloads/cache/metadata-335.htm
07-05 11:58:43.396   545 12105 I DownloadManager: in removeSpuriousFiles, preserving file /data/data/com.android.providers.downloads/cache/metadata-269.htm
07-05 11:58:43.396   545 12105 I DownloadManager: in removeSpuriousFiles, preserving file /data/data/com.android.providers.downloads/cache/metadata-1044.htm
07-05 11:58:43.396   545 12105 I DownloadManager: in removeSpuriousFiles, preserving file /data/data/com.android.providers.downloads/cache/metadata-313.htm
07-05 11:58:43.396   545 12105 I DownloadManager: in removeSpuriousFiles, preserving file /data/data/com.android.providers.downloads/cache/metadata-316.htm
07-05 11:58:43.396   545 12105 I DownloadManager: in removeSpuriousFiles, preserving file /data/data/com.android.providers.downloads/cache/metadata-338.htm
07-05 11:58:43.396   545 12105 I DownloadManager: in removeSpuriousFiles, preserving file /data/data/com.android.providers.downloads/cache/metadata-358.htm
07-05 11:58:43.396   545 12105 I DownloadManager: in removeSpuriousFiles, preserving file /data/data/com.android.providers.downloads/cache/metadata-439.htm
07-05 11:58:43.396   545 12105 I DownloadManager: in removeSpuriousFiles, preserving file /data/data/com.android.providers.downloads/cache/metadata-1291.htm
07-05 11:58:43.396   545 12105 I DownloadManager: in removeSpuriousFiles, preserving file /data/data/com.android.providers.downloads/cache/metadata-342.htm
07-05 11:58:43.396   545 12105 I DownloadManager: in removeSpuriousFiles, preserving file /data/data/com.android.providers.downloads/cache/metadata-296.htm
07-05 11:58:43.396   545 12105 I DownloadManager: in removeSpuriousFiles, preserving file /data/data/com.android.providers.downloads/cache/metadata-297.htm
07-05 11:58:43.396   545 12105 I DownloadManager: in removeSpuriousFiles, preserving file /data/data/com.android.providers.downloads/cache/metadata-223.htm
07-05 11:58:43.396   545 12105 I DownloadManager: in removeSpuriousFiles, preserving file /data/data/com.android.providers.downloads/cache/metadata-348.htm
07-05 11:58:43.396   545 12105 I DownloadManager: in removeSpuriousFiles, preserving file /data/data/com.android.providers.downloads/cache/metadata-184.htm
07-05 11:58:43.396   545 12105 I DownloadManager: in removeSpuriousFiles, preserving file /data/data/com.android.providers.downloads/cache/metadata-346.htm
07-05 11:58:43.396   545 12105 I DownloadManager: in removeSpuriousFiles, preserving file /data/data/com.android.providers.downloads/cache/metadata-462.htm
07-05 11:58:43.396   545 12105 I DownloadManager: in removeSpuriousFiles, preserving file /data/data/com.android.providers.downloads/cache/metadata-255.htm
07-05 11:58:43.396   545 12105 I DownloadManager: in removeSpuriousFiles, preserving file /data/data/com.android.providers.downloads/cache/metadata-283.htm
07-05 11:58:43.396   545 12105 I DownloadManager: in removeSpuriousFiles, preserving file /data/data/com.android.providers.downloads/cache/metadata-417.htm
07-05 11:58:43.396   545 12105 I DownloadManager: in removeSpuriousFiles, preserving file /data/data/com.android.providers.downloads/cache/metadata-461.htm
07-05 11:58:43.396   545 12105 I DownloadManager: in removeSpuriousFiles, preserving file /data/data/com.android.providers.downloads/cache/metadata-467.htm
07-05 11:58:43.396   545 12105 I DownloadManager: in removeSpuriousFiles, preserving file /data/data/com.android.providers.downloads/cache/metadata-430.htm
07-05 11:58:43.396   545 12105 I DownloadManager: in removeSpuriousFiles, preserving file /data/data/com.android.providers.downloads/cache/metadata-424.htm
07-05 11:58:43.396   545 12105 I DownloadManager: in removeSpuriousFiles, preserving file /data/data/com.android.providers.downloads/cache/metadata-350.htm
07-05 11:58:43.396   545 12105 I DownloadManager: in removeSpuriousFiles, preserving file /data/data/com.android.providers.downloads/cache/metadata-369.htm
07-05 11:58:43.396   545 12105 I DownloadManager: in removeSpuriousFiles, preserving file /data/data/com.android.providers.downloads/cache/metadata-410.htm
07-05 11:58:43.396   545 12105 I DownloadManager: in removeSpuriousFiles, preserving file /data/data/com.android.providers.downloads/cache/metadata-486.htm
07-05 11:58:43.396   545 12105 I DownloadManager: in removeSpuriousFiles, preserving file /data/data/com.android.providers.downloads/cache/metadata-347.htm
07-05 11:58:43.396   545 12105 I DownloadManager: in removeSpuriousFiles, preserving file /data/data/com.android.providers.downloads/cache/metadata-831.htm
07-05 11:58:43.396   545 12105 I DownloadManager: in removeSpuriousFiles, preserving file /data/data/com.android.providers.downloads/cache/metadata-400.htm
07-05 11:58:43.396   545 12105 I DownloadManager: in removeSpuriousFiles, preserving file /data/data/com.android.providers.downloads/cache/metadata-457.htm
07-05 11:58:43.400   545 12105 I DownloadManager: in removeSpuriousFiles, preserving file /data/data/com.android.providers.downloads/cache/metadata-544.htm
07-05 11:58:43.400   545 12105 I DownloadManager: in removeSpuriousFiles, preserving file /data/data/com.android.providers.downloads/cache/metadata-380.htm
07-05 11:58:43.400   545 12105 I DownloadManager: in removeSpuriousFiles, preserving file /data/data/com.android.providers.downloads/cache/metadata-471.htm
07-05 11:58:43.400   545 12105 I DownloadManager: in removeSpuriousFiles, preserving file /data/data/com.android.providers.downloads/cache/metadata-428.htm
07-05 11:58:43.400   545 12105 I DownloadManager: in removeSpuriousFiles, preserving file /data/data/com.android.providers.downloads/cache/metadata-583.htm
07-05 11:58:43.400   545 12105 I DownloadManager: in removeSpuriousFiles, preserving file /data/data/com.android.providers.downloads/cache/metadata-460.htm
07-05 11:58:43.400   545 12105 I DownloadManager: in removeSpuriousFiles, preserving file /data/data/com.android.providers.downloads/cache/metadata-500.htm
07-05 11:58:43.400   545 12105 I DownloadManager: in removeSpuriousFiles, preserving file /data/data/com.android.providers.downloads/cache/metadata-507.htm
07-05 11:58:43.400   545 12105 I DownloadManager: in removeSpuriousFiles, preserving file /data/data/com.android.providers.downloads/cache/metadata-480.htm
07-05 11:58:43.400   545 12105 I DownloadManager: in removeSpuriousFiles, preserving file /data/data/com.android.providers.downloads/cache/metadata-298.htm
07-05 11:58:43.400   545 12105 I DownloadManager: in removeSpuriousFiles, preserving file /data/data/com.android.providers.downloads/cache/metadata-1147.htm
07-05 11:58:43.400   545 12105 I DownloadManager: in removeSpuriousFiles, preserving file /data/data/com.android.providers.downloads/cache/metadata-438.htm
07-05 11:58:43.400   545 12105 I DownloadManager: in removeSpuriousFiles, preserving file /data/data/com.android.providers.downloads/cache/metadata-499.htm
07-05 11:58:43.400   545 12105 I DownloadManager: in removeSpuriousFiles, preserving file /data/data/com.android.providers.downloads/cache/metadata-332.htm
07-05 11:58:43.400   545 12105 I DownloadManager: in removeSpuriousFiles, preserving file /data/data/com.android.providers.downloads/cache/metadata-516.htm
07-05 11:58:43.400   545 12105 I DownloadManager: in removeSpuriousFiles, preserving file /data/data/com.android.providers.downloads/cache/metadata-401.htm
07-05 11:58:43.400   545 12105 I DownloadManager: in removeSpuriousFiles, preserving file /data/data/com.android.providers.downloads/cache/metadata-510.htm
07-05 11:58:43.400   545 12105 I DownloadManager: in removeSpuriousFiles, preserving file /data/data/com.android.providers.downloads/cache/metadata-167.htm
07-05 11:58:43.400   545 12105 I DownloadManager: in removeSpuriousFiles, preserving file /data/data/com.android.providers.downloads/cache/metadata-552.htm
07-05 11:58:43.400   545 12105 I DownloadManager: in removeSpuriousFiles, preserving file /data/data/com.android.providers.downloads/cache/metadata-420.htm
07-05 11:58:43.400   545 12105 I DownloadManager: in removeSpuriousFiles, preserving file /data/data/com.android.providers.downloads/cache/metadata-357.htm
07-05 11:58:43.400   545 12105 I DownloadManager: in removeSpuriousFiles, preserving file /data/data/com.android.providers.downloads/cache/metadata-960.htm
07-05 11:58:43.400   545 12105 I DownloadManager: in removeSpuriousFiles, preserving file /data/data/com.android.providers.downloads/cache/metadata-441.htm
07-05 11:58:43.400   545 12105 I DownloadManager: in removeSpuriousFiles, preserving file /data/data/com.android.providers.downloads/cache/metadata-382.htm
07-05 11:58:43.400   545 12105 I DownloadManager: in removeSpuriousFiles, preserving file /data/data/com.android.providers.downloads/cache/metadata-437.htm
07-05 11:58:43.400   545 12105 I DownloadManager: in removeSpuriousFiles, preserving file /data/data/com.android.providers.downloads/cache/metadata-506.htm
07-05 11:58:43.400   545 12105 I DownloadManager: in removeSpuriousFiles, preserving file /data/data/com.android.providers.downloads/cache/metadata-498.htm
07-05 11:58:43.400   545 12105 I DownloadManager: in removeSpuriousFiles, preserving file /data/data/com.android.providers.downloads/cache/metadata-1197.htm
07-05 11:58:43.400   545 12105 I DownloadManager: in removeSpuriousFiles, preserving file /data/data/com.android.providers.downloads/cache/metadata-488.htm
07-05 11:58:43.404   545 12105 I DownloadManager: in removeSpuriousFiles, preserving file /data/data/com.android.providers.downloads/cache/metadata-1306.htm
07-05 11:58:43.404   545 12105 I DownloadManager: in removeSpuriousFiles, preserving file /data/data/com.android.providers.downloads/cache/metadata-414.htm
07-05 11:58:43.404   545 12105 I DownloadManager: in removeSpuriousFiles, preserving file /data/data/com.android.providers.downloads/cache/metadata-343.htm
07-05 11:58:43.404   545 12105 I DownloadManager: in removeSpuriousFiles, preserving file /data/data/com.android.providers.downloads/cache/metadata-351.htm
07-05 11:58:43.404   545 12105 I DownloadManager: in removeSpuriousFiles, preserving file /data/data/com.android.providers.downloads/cache/metadata-301.htm
07-05 11:58:43.404   545 12105 I DownloadManager: in removeSpuriousFiles, preserving file /data/data/com.android.providers.downloads/cache/metadata-275.htm
07-05 11:58:43.404   545 12105 I DownloadManager: in removeSpuriousFiles, preserving file /data/data/com.android.providers.downloads/cache/metadata-293.htm
07-05 11:58:43.404   545 12105 I DownloadManager: in removeSpuriousFiles, preserving file /data/data/com.android.providers.downloads/cache/metadata-450.htm
07-05 11:58:43.404   545 12105 I DownloadManager: in removeSpuriousFiles, preserving file /data/data/com.android.providers.downloads/cache/metadata-96.htm
07-05 11:58:43.404   545 12105 I DownloadManager: in removeSpuriousFiles, preserving file /data/data/com.android.providers.downloads/cache/metadata-385.htm
07-05 11:58:43.404   545 12105 I DownloadManager: in removeSpuriousFiles, preserving file /data/data/com.android.providers.downloads/cache/metadata-225.htm
07-05 11:58:43.404   545 12105 I DownloadManager: in removeSpuriousFiles, preserving file /data/data/com.android.providers.downloads/cache/metadata-66.htm
07-05 11:58:43.404   545 12105 I DownloadManager: in removeSpuriousFiles, preserving file /data/data/com.android.providers.downloads/cache/metadata-276.htm
07-05 11:58:43.404   545 12105 I DownloadManager: in removeSpuriousFiles, preserving file /data/data/com.android.providers.downloads/cache/metadata-325.htm
07-05 11:58:43.404   545 12105 I DownloadManager: in removeSpuriousFiles, preserving file /data/data/com.android.providers.downloads/cache/metadata-271.htm
07-05 11:58:43.404   545 12105 I DownloadManager: in removeSpuriousFiles, preserving file /data/data/com.android.providers.downloads/cache/metadata-405.htm
07-05 11:58:43.404   545 12105 I DownloadManager: in removeSpuriousFiles, preserving file /data/data/com.android.providers.downloads/cache/metadata-421.htm
07-05 11:58:43.404   545 12105 I DownloadManager: in removeSpuriousFiles, preserving file /data/data/com.android.providers.downloads/cache/metadata-102.htm
07-05 11:58:43.404   545 12105 I DownloadManager: in removeSpuriousFiles, preserving file /data/data/com.android.providers.downloads/cache/metadata-399.htm
07-05 11:58:43.404   545 12105 I DownloadManager: in removeSpuriousFiles, preserving file /data/data/com.android.providers.downloads/cache/metadata-109.htm
07-05 11:58:43.404   545 12105 I DownloadManager: in removeSpuriousFiles, preserving file /data/data/com.android.providers.downloads/cache/metadata-179.htm
07-05 11:58:43.404   545 12105 I DownloadManager: in removeSpuriousFiles, preserving file /data/data/com.android.providers.downloads/cache/metadata-186.htm
07-05 11:58:43.404   545 12105 I DownloadManager: in removeSpuriousFiles, preserving file /data/data/com.android.providers.downloads/cache/metadata-333.htm
07-05 11:58:43.404   545 12105 I DownloadManager: in removeSpuriousFiles, preserving file /data/data/com.android.providers.downloads/cache/metadata-144.htm
07-05 11:58:43.404   545 12105 I DownloadManager: in removeSpuriousFiles, preserving file /data/data/com.android.providers.downloads/cache/metadata-389.htm
07-05 11:58:43.404   545 12105 I DownloadManager: in removeSpuriousFiles, preserving file /data/data/com.android.providers.downloads/cache/metadata-250.htm
07-05 11:58:43.404   545 12105 I DownloadManager: in removeSpuriousFiles, preserving file /data/data/com.android.providers.downloads/cache/metadata-1063.htm
07-05 11:58:43.404   545 12105 I DownloadManager: in removeSpuriousFiles, preserving file /data/data/com.android.providers.downloads/cache/metadata-195.htm
07-05 11:58:43.404   545 12105 I DownloadManager: in removeSpuriousFiles, preserving file /data/data/com.android.providers.downloads/cache/metadata-86.htm
07-05 11:58:43.404   545 12105 I DownloadManager: in removeSpuriousFiles, preserving file /data/data/com.android.providers.downloads/cache/metadata-97.htm
07-05 11:58:43.404   545 12105 I DownloadManager: in removeSpuriousFiles, preserving file /data/data/com.android.providers.downloads/cache/metadata-407.htm
07-05 11:58:43.404   545 12105 I DownloadManager: in removeSpuriousFiles, preserving file /data/data/com.android.providers.downloads/cache/metadata-514.htm
07-05 11:58:43.404   545 12105 I DownloadManager: in removeSpuriousFiles, preserving file /data/data/com.android.providers.downloads/cache/metadata-476.htm
07-05 11:58:43.404   545 12105 I DownloadManager: in removeSpuriousFiles, preserving file /data/data/com.android.providers.downloads/cache/metadata-413.htm
07-05 11:58:43.404   545 12105 I DownloadManager: in removeSpuriousFiles, preserving file /data/data/com.android.providers.downloads/cache/metadata-242.htm
07-05 11:58:43.404   545 12105 I DownloadManager: in removeSpuriousFiles, preserving file /data/data/com.android.providers.downloads/cache/metadata-166.htm
07-05 11:58:43.404   545 12105 I DownloadManager: in removeSpuriousFiles, preserving file /data/data/com.android.providers.downloads/cache/metadata-340.htm
07-05 11:58:43.404   545 12105 I DownloadManager: in removeSpuriousFiles, preserving file /data/data/com.android.providers.downloads/cache/metadata-531.htm
07-05 11:58:43.404   545 12105 I DownloadManager: in removeSpuriousFiles, preserving file /data/data/com.android.providers.downloads/cache/metadata-444.htm
07-05 11:58:43.404   545 12105 I DownloadManager: in removeSpuriousFiles, preserving file /data/data/com.android.providers.downloads/cache/metadata-484.htm
07-05 11:58:43.404   545 12105 I DownloadManager: in removeSpuriousFiles, preserving file /data/data/com.android.providers.downloads/cache/metadata-1030.htm
07-05 11:58:43.408   545 12105 I DownloadManager: in removeSpuriousFiles, preserving file /data/data/com.android.providers.downloads/cache/metadata-782.htm
07-05 11:58:43.408   545 12105 I DownloadManager: in removeSpuriousFiles, preserving file /data/data/com.android.providers.downloads/cache/metadata-281.htm
07-05 11:58:43.408   545 12105 I DownloadManager: in removeSpuriousFiles, preserving file /data/data/com.android.providers.downloads/cache/metadata-173.htm
07-05 11:58:43.408   545 12105 I DownloadManager: in removeSpuriousFiles, preserving file /data/data/com.android.providers.downloads/cache/metadata-526.htm
07-05 11:58:43.408   545 12105 I DownloadManager: in removeSpuriousFiles, preserving file /data/data/com.android.providers.downloads/cache/metadata-537.htm
07-05 11:58:43.408   545 12105 I DownloadManager: in removeSpuriousFiles, preserving file /data/data/com.android.providers.downloads/cache/metadata-330.htm
07-05 11:58:43.408   545 12105 I DownloadManager: in removeSpuriousFiles, preserving file /data/data/com.android.providers.downloads/cache/metadata-495.htm
07-05 11:58:43.408   545 12105 I DownloadManager: in removeSpuriousFiles, preserving file /data/data/com.android.providers.downloads/cache/metadata-501.htm
07-05 11:58:43.408   545 12105 I DownloadManager: in removeSpuriousFiles, preserving file /data/data/com.android.providers.downloads/cache/metadata-391.htm
07-05 11:58:43.408   545 12105 I DownloadManager: in removeSpuriousFiles, preserving file /data/data/com.android.providers.downloads/cache/metadata-411.htm
07-05 11:58:43.408   545 12105 I DownloadManager: in removeSpuriousFiles, preserving file /data/data/com.android.providers.downloads/cache/metadata-1343.htm
07-05 11:58:43.408   545 12105 I DownloadManager: in removeSpuriousFiles, preserving file /data/data/com.android.providers.downloads/cache/metadata-493.htm
07-05 11:58:43.408   545 12105 I DownloadManager: in removeSpuriousFiles, preserving file /data/data/com.android.providers.downloads/cache/metadata-518.htm
07-05 11:58:43.408   545 12105 I DownloadManager: in removeSpuriousFiles, preserving file /data/data/com.android.providers.downloads/cache/metadata-265.htm
07-05 11:58:43.408   545 12105 I DownloadManager: in removeSpuriousFiles, preserving file /data/data/com.android.providers.downloads/cache/metadata-815.htm
07-05 11:58:43.408   545 12105 I DownloadManager: in removeSpuriousFiles, preserving file /data/data/com.android.providers.downloads/cache/metadata-106.htm
07-05 11:58:43.408   545 12105 I DownloadManager: in removeSpuriousFiles, preserving file /data/data/com.android.providers.downloads/cache/metadata-485.htm
07-05 11:58:43.408   545 12105 I DownloadManager: in removeSpuriousFiles, preserving file /data/data/com.android.providers.downloads/cache/metadata-263.htm
07-05 11:58:43.408   545 12105 I DownloadManager: in removeSpuriousFiles, preserving file /data/data/com.android.providers.downloads/cache/metadata-408.htm
07-05 11:58:43.408   545 12105 I DownloadManager: in removeSpuriousFiles, preserving file /data/data/com.android.providers.downloads/cache/metadata-458.htm
07-05 11:58:43.408   545 12105 I DownloadManager: in removeSpuriousFiles, preserving file /data/data/com.android.providers.downloads/cache/metadata-970.htm
07-05 11:58:43.408   545 12105 I DownloadManager: in removeSpuriousFiles, preserving file /data/data/com.android.providers.downloads/cache/metadata-530.htm
07-05 11:58:43.408   545 12105 I DownloadManager: in removeSpuriousFiles, preserving file /data/data/com.android.providers.downloads/cache/metadata-917.htm
07-05 11:58:43.408   545 12105 I DownloadManager: in removeSpuriousFiles, preserving file /data/data/com.android.providers.downloads/cache/metadata-469.htm
07-05 11:58:43.408   545 12105 I DownloadManager: in removeSpuriousFiles, preserving file /data/data/com.android.providers.downloads/cache/metadata-564.htm
07-05 11:58:43.408   545 12105 I DownloadManager: in removeSpuriousFiles, preserving file /data/data/com.android.providers.downloads/cache/metadata-492.htm
07-05 11:58:43.408   545 12105 I DownloadManager: in removeSpuriousFiles, preserving file /data/data/com.android.providers.downloads/cache/metadata-1423.htm
07-05 11:58:43.408   545 12105 I DownloadManager: in removeSpuriousFiles, preserving file /data/data/com.android.providers.downloads/cache/metadata-426.htm
07-05 11:58:43.408   545 12105 I DownloadManager: in removeSpuriousFiles, preserving file /data/data/com.android.providers.downloads/cache/metadata-633.htm
07-05 11:58:43.408   545 12105 I DownloadManager: in removeSpuriousFiles, preserving file /data/data/com.android.providers.downloads/cache/metadata-1020.htm
07-05 11:58:43.408   545 12105 I DownloadManager: in removeSpuriousFiles, preserving file /data/data/com.android.providers.downloads/cache/metadata-568.htm
07-05 11:58:43.408   545 12105 I DownloadManager: in removeSpuriousFiles, preserving file /data/data/com.android.providers.downloads/cache/metadata-204.htm
07-05 11:58:43.408   545 12105 I DownloadManager: in removeSpuriousFiles, preserving file /data/data/com.android.providers.downloads/cache/metadata-494.htm
07-05 11:58:43.408   545 12105 I DownloadManager: in removeSpuriousFiles, preserving file /data/data/com.android.providers.downloads/cache/metadata-521.htm
07-05 11:58:43.408   545 12105 I DownloadManager: in removeSpuriousFiles, preserving file /data/data/com.android.providers.downloads/cache/metadata-748.htm
07-05 11:58:43.408   545 12105 I DownloadManager: in removeSpuriousFiles, preserving file /data/data/com.android.providers.downloads/cache/metadata-554.htm
07-05 11:58:43.412   545 12105 I DownloadManager: in removeSpuriousFiles, preserving file /data/data/com.android.providers.downloads/cache/metadata-288.htm
07-05 11:58:43.412   545 12105 I DownloadManager: in removeSpuriousFiles, preserving file /data/data/com.android.providers.downloads/cache/metadata-930.htm
07-05 11:58:43.412   545 12105 I DownloadManager: in removeSpuriousFiles, preserving file /data/data/com.android.providers.downloads/cache/metadata-363.htm
07-05 11:58:43.412   545 12105 I DownloadManager: in removeSpuriousFiles, preserving file /data/data/com.android.providers.downloads/cache/metadata-545.htm
07-05 11:58:43.412   545 12105 I DownloadManager: in removeSpuriousFiles, preserving file /data/data/com.android.providers.downloads/cache/metadata-87.htm
07-05 11:58:43.412   545 12105 I DownloadManager: in removeSpuriousFiles, preserving file /data/data/com.android.providers.downloads/cache/metadata-452.htm
07-05 11:58:43.412   545 12105 I DownloadManager: in removeSpuriousFiles, preserving file /data/data/com.android.providers.downloads/cache/metadata-359.htm
07-05 11:58:43.412   545 12105 I DownloadManager: in removeSpuriousFiles, preserving file /data/data/com.android.providers.downloads/cache/metadata-668.htm
07-05 11:58:43.412   545 12105 I DownloadManager: in removeSpuriousFiles, preserving file /data/data/com.android.providers.downloads/cache/metadata-463.htm
07-05 11:58:43.412   545 12105 I DownloadManager: in removeSpuriousFiles, preserving file /data/data/com.android.providers.downloads/cache/metadata-582.htm
07-05 11:58:43.412   545 12105 I DownloadManager: in removeSpuriousFiles, preserving file /data/data/com.android.providers.downloads/cache/metadata-483.htm
07-05 11:58:43.412   545 12105 I DownloadManager: in removeSpuriousFiles, preserving file /data/data/com.android.providers.downloads/cache/metadata-478.htm
07-05 11:58:43.412   545 12105 I DownloadManager: in removeSpuriousFiles, preserving file /data/data/com.android.providers.downloads/cache/metadata-603.htm
07-05 11:58:43.412   545 12105 I DownloadManager: in removeSpuriousFiles, preserving file /data/data/com.android.providers.downloads/cache/metadata-541.htm
07-05 11:58:43.412   545 12105 I DownloadManager: in removeSpuriousFiles, preserving file /data/data/com.android.providers.downloads/cache/metadata-520.htm
07-05 11:58:43.412   545 12105 I DownloadManager: in removeSpuriousFiles, preserving file /data/data/com.android.providers.downloads/cache/metadata-522.htm
07-05 11:58:43.412   545 12105 I DownloadManager: in removeSpuriousFiles, preserving file /data/data/com.android.providers.downloads/cache/metadata-416.htm
07-05 11:58:43.412   545 12105 I DownloadManager: in removeSpuriousFiles, preserving file /data/data/com.android.providers.downloads/cache/metadata-553.htm
07-05 11:58:43.412   545 12105 I DownloadManager: in removeSpuriousFiles, preserving file /data/data/com.android.providers.downloads/cache/metadata-1032.htm
07-05 11:58:43.412   545 12105 I DownloadManager: in removeSpuriousFiles, preserving file /data/data/com.android.providers.downloads/cache/metadata-431.htm
07-05 11:58:43.412   545 12105 I DownloadManager: in removeSpuriousFiles, preserving file /data/data/com.android.providers.downloads/cache/metadata-1206.htm
07-05 11:58:43.412   545 12105 I DownloadManager: in removeSpuriousFiles, preserving file /data/data/com.android.providers.downloads/cache/metadata-702.htm
07-05 11:58:43.412   545 12105 I DownloadManager: in removeSpuriousFiles, preserving file /data/data/com.android.providers.downloads/cache/metadata-634.htm
07-05 11:58:43.412   545 12105 I DownloadManager: in removeSpuriousFiles, preserving file /data/data/com.android.providers.downloads/cache/metadata-409.htm
07-05 11:58:43.412   545 12105 I DownloadManager: in removeSpuriousFiles, preserving file /data/data/com.android.providers.downloads/cache/metadata-403.htm
07-05 11:58:43.412   545 12105 I DownloadManager: in removeSpuriousFiles, preserving file /data/data/com.android.providers.downloads/cache/metadata-491.htm
07-05 11:58:43.412   545 12105 I DownloadManager: in removeSpuriousFiles, preserving file /data/data/com.android.providers.downloads/cache/metadata-482.htm
07-05 11:58:43.412   545 12105 I DownloadManager: in removeSpuriousFiles, preserving file /data/data/com.android.providers.downloads/cache/metadata-574.htm
07-05 11:58:43.412   545 12105 I DownloadManager: in removeSpuriousFiles, preserving file /data/data/com.android.providers.downloads/cache/metadata-257.htm
07-05 11:58:43.412   545 12105 I DownloadManager: in removeSpuriousFiles, preserving file /data/data/com.android.providers.downloads/cache/metadata-638.htm
07-05 11:58:43.416   545 12105 I DownloadManager: in removeSpuriousFiles, preserving file /data/data/com.android.providers.downloads/cache/metadata-419.htm
07-05 11:58:43.416   545 12105 I DownloadManager: in removeSpuriousFiles, preserving file /data/data/com.android.providers.downloads/cache/metadata-1268.htm
07-05 11:58:43.416   545 12105 I DownloadManager: in removeSpuriousFiles, preserving file /data/data/com.android.providers.downloads/cache/metadata-472.htm
07-05 11:58:43.416   545 12105 I DownloadManager: in removeSpuriousFiles, preserving file /data/data/com.android.providers.downloads/cache/metadata-1043.htm
07-05 11:58:43.416   545 12105 I DownloadManager: in removeSpuriousFiles, preserving file /data/data/com.android.providers.downloads/cache/metadata-669.htm
07-05 11:58:43.416   545 12105 I DownloadManager: in removeSpuriousFiles, preserving file /data/data/com.android.providers.downloads/cache/metadata-1024.htm
07-05 11:58:43.416   545 12105 I DownloadManager: in removeSpuriousFiles, preserving file /data/data/com.android.providers.downloads/cache/metadata-1399.htm
07-05 11:58:43.416   545 12105 I DownloadManager: in removeSpuriousFiles, preserving file /data/data/com.android.providers.downloads/cache/metadata-114.htm
07-05 11:58:43.416   545 12105 I DownloadManager: in removeSpuriousFiles, preserving file /data/data/com.android.providers.downloads/cache/metadata-936.htm
07-05 11:58:43.416   545 12105 I DownloadManager: in removeSpuriousFiles, preserving file /data/data/com.android.providers.downloads/cache/metadata-1245.htm
07-05 11:58:43.416   545 12105 I DownloadManager: in removeSpuriousFiles, preserving file /data/data/com.android.providers.downloads/cache/metadata-560.htm
07-05 11:58:43.416   545 12105 I DownloadManager: in removeSpuriousFiles, preserving file /data/data/com.android.providers.downloads/cache/metadata-549.htm
07-05 11:58:43.416   545 12105 I DownloadManager: in removeSpuriousFiles, preserving file /data/data/com.android.providers.downloads/cache/metadata-744.htm
07-05 11:58:43.416   545 12105 I DownloadManager: in removeSpuriousFiles, preserving file /data/data/com.android.providers.downloads/cache/metadata-543.htm
07-05 11:58:43.416   545 12105 I DownloadManager: in removeSpuriousFiles, preserving file /data/data/com.android.providers.downloads/cache/metadata-1459.htm
07-05 11:58:43.416   545 12105 I DownloadManager: in removeSpuriousFiles, preserving file /data/data/com.android.providers.downloads/cache/metadata-33.htm
07-05 11:58:43.416   545 12105 I DownloadManager: in removeSpuriousFiles, preserving file /data/data/com.android.providers.downloads/cache/metadata-270.htm
07-05 11:58:43.416   545 12105 I DownloadManager: in removeSpuriousFiles, preserving file /data/data/com.android.providers.downloads/cache/metadata-339.htm
07-05 11:58:43.416   545 12105 I DownloadManager: in removeSpuriousFiles, preserving file /data/data/com.android.providers.downloads/cache/metadata-310.htm
07-05 11:58:43.416   545 12105 I DownloadManager: in removeSpuriousFiles, preserving file /data/data/com.android.providers.downloads/cache/metadata-337.htm
07-05 11:58:43.416   545 12105 I DownloadManager: in removeSpuriousFiles, preserving file /data/data/com.android.providers.downloads/cache/metadata-1481.htm
07-05 11:58:43.416   545 12105 I DownloadManager: in removeSpuriousFiles, preserving file /data/data/com.android.providers.downloads/cache/metadata-821.htm
07-05 11:58:43.416   545 12105 I DownloadManager: in removeSpuriousFiles, preserving file /data/data/com.android.providers.downloads/cache/metadata-356.htm
07-05 11:58:43.416   545 12105 I DownloadManager: in removeSpuriousFiles, preserving file /data/data/com.android.providers.downloads/cache/metadata-305.htm
07-05 11:58:43.416   545 12105 I DownloadManager: in removeSpuriousFiles, preserving file /data/data/com.android.providers.downloads/cache/metadata-528.htm
07-05 11:58:43.416   545 12105 I DownloadManager: in removeSpuriousFiles, preserving file /data/data/com.android.providers.downloads/cache/metadata-987.htm
07-05 11:58:43.416   545 12105 I DownloadManager: in removeSpuriousFiles, preserving file /data/data/com.android.providers.downloads/cache/metadata-678.htm
07-05 11:58:43.416   545 12105 I DownloadManager: in removeSpuriousFiles, preserving file /data/data/com.android.providers.downloads/cache/metadata-465.htm
07-05 11:58:43.416   545 12105 I DownloadManager: in removeSpuriousFiles, preserving file /data/data/com.android.providers.downloads/cache/metadata-640.htm
07-05 11:58:43.416   545 12105 I DownloadManager: in removeSpuriousFiles, preserving file /data/data/com.android.providers.downloads/cache/metadata-307.htm
07-05 11:58:43.416   545 12105 I DownloadManager: in removeSpuriousFiles, preserving file /data/data/com.android.providers.downloads/cache/metadata-432.htm
07-05 11:58:43.416   545 12105 I DownloadManager: in removeSpuriousFiles, preserving file /data/data/com.android.providers.downloads/cache/metadata-443.htm
07-05 11:58:43.416   545 12105 I DownloadManager: in removeSpuriousFiles, preserving file /data/data/com.android.providers.downloads/cache/metadata-555.htm
07-05 11:58:43.416   545 12105 I DownloadManager: in removeSpuriousFiles, preserving file /data/data/com.android.providers.downloads/cache/metadata-826.htm
07-05 11:58:43.420   545 12105 I DownloadManager: in removeSpuriousFiles, preserving file /data/data/com.android.providers.downloads/cache/metadata-454.htm
07-05 11:58:43.420   545 12105 I DownloadManager: in removeSpuriousFiles, preserving file /data/data/com.android.providers.downloads/cache/metadata-361.htm
07-05 11:58:43.420   545 12105 I DownloadManager: in removeSpuriousFiles, preserving file /data/data/com.android.providers.downloads/cache/metadata-1186.htm
07-05 11:58:43.420   545 12105 I DownloadManager: in removeSpuriousFiles, preserving file /data/data/com.android.providers.downloads/cache/metadata-565.htm
07-05 11:58:43.420   545 12105 I DownloadManager: in removeSpuriousFiles, preserving file /data/data/com.android.providers.downloads/cache/metadata-449.htm
07-05 11:58:43.420   545 12105 I DownloadManager: in removeSpuriousFiles, preserving file /data/data/com.android.providers.downloads/cache/metadata-577.htm
07-05 11:58:43.420   545 12105 I DownloadManager: in removeSpuriousFiles, preserving file /data/data/com.android.providers.downloads/cache/metadata-378.htm
07-05 11:58:43.420   545 12105 I DownloadManager: in removeSpuriousFiles, preserving file /data/data/com.android.providers.downloads/cache/metadata-559.htm
07-05 11:58:43.420   545 12105 I DownloadManager: in removeSpuriousFiles, preserving file /data/data/com.android.providers.downloads/cache/metadata-562.htm
07-05 11:58:43.420   545 12105 I DownloadManager: in removeSpuriousFiles, preserving file /data/data/com.android.providers.downloads/cache/metadata-1414.htm
07-05 11:58:43.420   545 12105 I DownloadManager: in removeSpuriousFiles, preserving file /data/data/com.android.providers.downloads/cache/metadata-504.htm
07-05 11:58:43.420   545 12105 I DownloadManager: in removeSpuriousFiles, preserving file /data/data/com.android.providers.downloads/cache/metadata-287.htm
07-05 11:58:43.420   545 12105 I DownloadManager: in removeSpuriousFiles, preserving file /data/data/com.android.providers.downloads/cache/metadata-497.htm
07-05 11:58:43.420   545 12105 I DownloadManager: in removeSpuriousFiles, preserving file /data/data/com.android.providers.downloads/cache/metadata-913.htm
07-05 11:58:43.420   545 12105 I DownloadManager: in removeSpuriousFiles, preserving file /data/data/com.android.providers.downloads/cache/metadata-464.htm
07-05 11:58:43.420   545 12105 I DownloadManager: in removeSpuriousFiles, preserving file /data/data/com.android.providers.downloads/cache/metadata-540.htm
07-05 11:58:43.420   545 12105 I DownloadManager: in removeSpuriousFiles, preserving file /data/data/com.android.providers.downloads/cache/metadata-558.htm
07-05 11:58:43.420   545 12105 I DownloadManager: in removeSpuriousFiles, preserving file /data/data/com.android.providers.downloads/cache/metadata-535.htm
07-05 11:58:43.420   545 12105 I DownloadManager: in removeSpuriousFiles, preserving file /data/data/com.android.providers.downloads/cache/metadata-440.htm
07-05 11:58:43.420   545 12105 I DownloadManager: in removeSpuriousFiles, preserving file /data/data/com.android.providers.downloads/cache/metadata-508.htm
07-05 11:58:43.420   545 12105 I DownloadManager: in removeSpuriousFiles, preserving file /data/data/com.android.providers.downloads/cache/metadata-1255.htm
07-05 11:58:43.420   545 12105 I DownloadManager: in removeSpuriousFiles, preserving file /data/data/com.android.providers.downloads/cache/metadata-533.htm
07-05 11:58:43.420   545 12105 I DownloadManager: in removeSpuriousFiles, preserving file /data/data/com.android.providers.downloads/cache/metadata-98.htm
07-05 11:58:43.420   545 12105 I DownloadManager: in removeSpuriousFiles, preserving file /data/data/com.android.providers.downloads/cache/metadata-505.htm
07-05 11:58:43.420   545 12105 I DownloadManager: in removeSpuriousFiles, preserving file /data/data/com.android.providers.downloads/cache/metadata-502.htm
07-05 11:58:43.420   545 12105 I DownloadManager: in removeSpuriousFiles, preserving file /data/data/com.android.providers.downloads/cache/metadata-1087.htm
07-05 11:58:43.420   545 12105 I DownloadManager: in removeSpuriousFiles, preserving file /data/data/com.android.providers.downloads/cache/metadata-434.htm
07-05 11:58:43.420   545 12105 I DownloadManager: in removeSpuriousFiles, preserving file /data/data/com.android.providers.downloads/cache/metadata-616.htm
07-05 11:58:43.420   545 12105 I DownloadManager: in removeSpuriousFiles, preserving file /data/data/com.android.providers.downloads/cache/metadata-608.htm
07-05 11:58:43.420   545 12105 I DownloadManager: in removeSpuriousFiles, preserving file /data/data/com.android.providers.downloads/cache/metadata-641.htm
07-05 11:58:43.420   545 12105 I DownloadManager: in removeSpuriousFiles, preserving file /data/data/com.android.providers.downloads/cache/metadata-238.htm
07-05 11:58:43.420   545 12105 I DownloadManager: in removeSpuriousFiles, preserving file /data/data/com.android.providers.downloads/cache/metadata-523.htm
07-05 11:58:43.420   545 12105 I DownloadManager: in removeSpuriousFiles, preserving file /data/data/com.android.providers.downloads/cache/metadata-487.htm
07-05 11:58:43.420   545 12105 I DownloadManager: in removeSpuriousFiles, preserving file /data/data/com.android.providers.downloads/cache/metadata-235.htm
07-05 11:58:43.420   545 12105 I DownloadManager: in removeSpuriousFiles, preserving file /data/data/com.android.providers.downloads/cache/metadata-99.htm
07-05 11:58:43.420   545 12105 I DownloadManager: in removeSpuriousFiles, preserving file /data/data/com.android.providers.downloads/cache/metadata-1424.htm
07-05 11:58:43.420   545 12105 I DownloadManager: in removeSpuriousFiles, preserving file /data/data/com.android.providers.downloads/cache/metadata-600.htm
07-05 11:58:43.420   545 12105 I DownloadManager: in removeSpuriousFiles, preserving file /data/data/com.android.providers.downloads/cache/metadata-738.htm
07-05 11:58:43.424   545 12105 I DownloadManager: in removeSpuriousFiles, preserving file /data/data/com.android.providers.downloads/cache/metadata-524.htm
07-05 11:58:43.424   545 12105 I DownloadManager: in removeSpuriousFiles, preserving file /data/data/com.android.providers.downloads/cache/metadata-542.htm
07-05 11:58:43.424   545 12105 I DownloadManager: in removeSpuriousFiles, preserving file /data/data/com.android.providers.downloads/cache/metadata-731.htm
07-05 11:58:43.424   545 12105 I DownloadManager: in removeSpuriousFiles, preserving file /data/data/com.android.providers.downloads/cache/metadata-525.htm
07-05 11:58:43.424   545 12105 I DownloadManager: in removeSpuriousFiles, preserving file /data/data/com.android.providers.downloads/cache/metadata-551.htm
07-05 11:58:43.424   545 12105 I DownloadManager: in removeSpuriousFiles, preserving file /data/data/com.android.providers.downloads/cache/metadata-703.htm
07-05 11:58:43.424   545 12105 I DownloadManager: in removeSpuriousFiles, preserving file /data/data/com.android.providers.downloads/cache/metadata-309.htm
07-05 11:58:43.424   545 12105 I DownloadManager: in removeSpuriousFiles, preserving file /data/data/com.android.providers.downloads/cache/metadata-1305.htm
07-05 11:58:43.424   545 12105 I DownloadManager: in removeSpuriousFiles, preserving file /data/data/com.android.providers.downloads/cache/metadata-1304.htm
07-05 11:58:43.424   545 12105 I DownloadManager: in removeSpuriousFiles, preserving file /data/data/com.android.providers.downloads/cache/metadata-1162.htm
07-05 11:58:43.424   545 12105 I DownloadManager: in removeSpuriousFiles, preserving file /data/data/com.android.providers.downloads/cache/metadata-1196.htm
07-05 11:58:43.424   545 12105 I DownloadManager: in removeSpuriousFiles, preserving file /data/data/com.android.providers.downloads/cache/metadata-727.htm
07-05 11:58:43.424   545 12105 I DownloadManager: in removeSpuriousFiles, preserving file /data/data/com.android.providers.downloads/cache/metadata-519.htm
07-05 11:58:43.424   545 12105 I DownloadManager: in removeSpuriousFiles, preserving file /data/data/com.android.providers.downloads/cache/metadata-1413.htm
07-05 11:58:43.424   545 12105 I DownloadManager: in removeSpuriousFiles, preserving file /data/data/com.android.providers.downloads/cache/metadata-622.htm
07-05 11:58:43.424   545 12105 I DownloadManager: in removeSpuriousFiles, preserving file /data/data/com.android.providers.downloads/cache/metadata-1402.htm
07-05 11:58:43.424   545 12105 I DownloadManager: in removeSpuriousFiles, preserving file /data/data/com.android.providers.downloads/cache/metadata-1962.htm
07-05 11:58:43.424   545 12105 I DownloadManager: in removeSpuriousFiles, preserving file /data/data/com.android.providers.downloads/cache/metadata-618.htm
07-05 11:58:43.424   545 12105 I DownloadManager: in removeSpuriousFiles, preserving file /data/data/com.android.providers.downloads/cache/metadata-570.htm
07-05 11:58:43.424   545 12105 I DownloadManager: in removeSpuriousFiles, preserving file /data/data/com.android.providers.downloads/cache/metadata-247.htm
07-05 11:58:43.424   545 12105 I DownloadManager: in removeSpuriousFiles, preserving file /data/data/com.android.providers.downloads/cache/metadata-853.htm
07-05 11:58:43.424   545 12105 I DownloadManager: in removeSpuriousFiles, preserving file /data/data/com.android.providers.downloads/cache/metadata-733.htm
07-05 11:58:43.424   545 12105 I DownloadManager: in removeSpuriousFiles, preserving file /data/data/com.android.providers.downloads/cache/metadata-1140.htm
07-05 11:58:43.424   545 12105 I DownloadManager: in removeSpuriousFiles, preserving file /data/data/com.android.providers.downloads/cache/metadata-572.htm
07-05 11:58:43.424   545 12105 I DownloadManager: in removeSpuriousFiles, preserving file /data/data/com.android.providers.downloads/cache/metadata-1120.htm
07-05 11:58:43.424   545 12105 I DownloadManager: in removeSpuriousFiles, preserving file /data/data/com.android.providers.downloads/cache/metadata-1338.htm
07-05 11:58:43.424   545 12105 I DownloadManager: in removeSpuriousFiles, preserving file /data/data/com.android.providers.downloads/cache/metadata-1244.htm
07-05 11:58:43.424   545 12105 I DownloadManager: in removeSpuriousFiles, preserving file /data/data/com.android.providers.downloads/cache/metadata-646.htm
07-05 11:58:43.424   545 12105 I DownloadManager: in removeSpuriousFiles, preserving file /data/data/com.android.providers.downloads/cache/metadata-1080.htm
07-05 11:58:43.424   545 12105 I DownloadManager: in removeSpuriousFiles, preserving file /data/data/com.android.providers.downloads/cache/metadata-1208.htm
07-05 11:58:43.424   545 12105 I DownloadManager: in removeSpuriousFiles, preserving file /data/data/com.android.providers.downloads/cache/metadata-596.htm
07-05 11:58:43.424   545 12105 I DownloadManager: in removeSpuriousFiles, preserving file /data/data/com.android.providers.downloads/cache/metadata-823.htm
07-05 11:58:43.424   545 12105 I DownloadManager: in removeSpuriousFiles, preserving file /data/data/com.android.providers.downloads/cache/metadata-660.htm
07-05 11:58:43.427   545 12105 I DownloadManager: in removeSpuriousFiles, preserving file /data/data/com.android.providers.downloads/cache/metadata-1276.htm
07-05 11:58:43.427   545 12105 I DownloadManager: in removeSpuriousFiles, preserving file /data/data/com.android.providers.downloads/cache/metadata-470.htm
07-05 11:58:43.427   545 12105 I DownloadManager: in removeSpuriousFiles, preserving file /data/data/com.android.providers.downloads/cache/metadata-601.htm
07-05 11:58:43.427   545 12105 I DownloadManager: in removeSpuriousFiles, preserving file /data/data/com.android.providers.downloads/cache/metadata-635.htm
07-05 11:58:43.427   545 12105 I DownloadManager: in removeSpuriousFiles, preserving file /data/data/com.android.providers.downloads/cache/metadata-993.htm
07-05 11:58:43.427   545 12105 I DownloadManager: in removeSpuriousFiles, preserving file /data/data/com.android.providers.downloads/cache/metadata-916.htm
07-05 11:58:43.427   545 12105 I DownloadManager: in removeSpuriousFiles, preserving file /data/data/com.android.providers.downloads/cache/metadata-1433.htm
07-05 11:58:43.427   545 12105 I DownloadManager: in removeSpuriousFiles, preserving file /data/data/com.android.providers.downloads/cache/metadata-1055.htm
07-05 11:58:43.427   545 12105 I DownloadManager: in removeSpuriousFiles, preserving file /data/data/com.android.providers.downloads/cache/metadata-898.htm
07-05 11:58:43.427   545 12105 I DownloadManager: in removeSpuriousFiles, preserving file /data/data/com.android.providers.downloads/cache/metadata-674.htm
07-05 11:58:43.427   545 12105 I DownloadManager: in removeSpuriousFiles, preserving file /data/data/com.android.providers.downloads/cache/metadata-1113.htm
07-05 11:58:43.427   545 12105 I DownloadManager: in removeSpuriousFiles, preserving file /data/data/com.android.providers.downloads/cache/metadata-1168.htm
07-05 11:58:43.427   545 12105 I DownloadManager: in removeSpuriousFiles, preserving file /data/data/com.android.providers.downloads/cache/metadata-1333.htm
07-05 11:58:43.427   545 12105 I DownloadManager: in removeSpuriousFiles, preserving file /data/data/com.android.providers.downloads/cache/metadata-1184.htm
07-05 11:58:43.427   545 12105 I DownloadManager: in removeSpuriousFiles, preserving file /data/data/com.android.providers.downloads/cache/metadata-611.htm
07-05 11:58:43.427   545 12105 I DownloadManager: in removeSpuriousFiles, preserving file /data/data/com.android.providers.downloads/cache/metadata-875.htm
07-05 11:58:43.427   545 12105 I DownloadManager: in removeSpuriousFiles, preserving file /data/data/com.android.providers.downloads/cache/metadata-585.htm
07-05 11:58:43.427   545 12105 I DownloadManager: in removeSpuriousFiles, preserving file /data/data/com.android.providers.downloads/cache/metadata-1334.htm
07-05 11:58:43.427   545 12105 I DownloadManager: in removeSpuriousFiles, preserving file /data/data/com.android.providers.downloads/cache/metadata-455.htm
07-05 11:58:43.427   545 12105 I DownloadManager: in removeSpuriousFiles, preserving file /data/data/com.android.providers.downloads/cache/metadata-592.htm
07-05 11:58:43.427   545 12105 I DownloadManager: in removeSpuriousFiles, preserving file /data/data/com.android.providers.downloads/cache/metadata-1675.htm
07-05 11:58:43.427   545 12105 I DownloadManager: in removeSpuriousFiles, preserving file /data/data/com.android.providers.downloads/cache/metadata-557.htm
07-05 11:58:43.431   545 12105 I DownloadManager: in removeSpuriousFiles, preserving file /data/data/com.android.providers.downloads/cache/metadata-1619.htm
07-05 11:58:43.431   545 12105 I DownloadManager: in removeSpuriousFiles, preserving file /data/data/com.android.providers.downloads/cache/metadata-1590.htm
07-05 11:58:43.431   545 12105 I DownloadManager: in removeSpuriousFiles, preserving file /data/data/com.android.providers.downloads/cache/metadata-838.htm
07-05 11:58:43.431   545 12105 I DownloadManager: in removeSpuriousFiles, preserving file /data/data/com.android.providers.downloads/cache/metadata-429.htm
07-05 11:58:43.431   545 12105 I DownloadManager: in removeSpuriousFiles, preserving file /data/data/com.android.providers.downloads/cache/metadata-1144.htm
07-05 11:58:43.431   545 12105 I DownloadManager: in removeSpuriousFiles, preserving file /data/data/com.android.providers.downloads/cache/metadata-670.htm
07-05 11:58:43.431   545 12105 I DownloadManager: in removeSpuriousFiles, preserving file /data/data/com.android.providers.downloads/cache/metadata-1104.htm
07-05 11:58:43.431   545 12105 I DownloadManager: in removeSpuriousFiles, preserving file /data/data/com.android.providers.downloads/cache/metadata-561.htm
07-05 11:58:43.431   545 12105 I DownloadManager: in removeSpuriousFiles, preserving file /data/data/com.android.providers.downloads/cache/metadata-689.htm
07-05 11:58:43.431   545 12105 I DownloadManager: in removeSpuriousFiles, preserving file /data/data/com.android.providers.downloads/cache/metadata-612.htm
07-05 11:58:43.431   545 12105 I DownloadManager: in removeSpuriousFiles, preserving file /data/data/com.android.providers.downloads/cache/metadata-1093.htm
07-05 11:58:43.431   545 12105 I DownloadManager: in removeSpuriousFiles, preserving file /data/data/com.android.providers.downloads/cache/metadata-1155.htm
07-05 11:58:43.431   545 12105 I DownloadManager: in removeSpuriousFiles, preserving file /data/data/com.android.providers.downloads/cache/metadata-272.htm
07-05 11:58:43.431   545 12105 I DownloadManager: in removeSpuriousFiles, preserving file /data/data/com.android.providers.downloads/cache/metadata-129.htm
07-05 11:58:43.431   545 12105 I DownloadManager: in removeSpuriousFiles, preserving file /data/data/com.android.providers.downloads/cache/metadata-456.htm
07-05 11:58:43.431   545 12105 I DownloadManager: in removeSpuriousFiles, preserving file /data/data/com.android.providers.downloads/cache/metadata-1261.htm
07-05 11:58:43.431   545 12105 I DownloadManager: in removeSpuriousFiles, preserving file /data/data/com.android.providers.downloads/cache/metadata-503.htm
07-05 11:58:43.431   545 12105 I DownloadManager: in removeSpuriousFiles, preserving file /data/data/com.android.providers.downloads/cache/metadata-1058.htm
07-05 11:58:43.431   545 12105 I DownloadManager: in removeSpuriousFiles, preserving file /data/data/com.android.providers.downloads/cache/metadata-590.htm
07-05 11:58:43.431   545 12105 I DownloadManager: in removeSpuriousFiles, preserving file /data/data/com.android.providers.downloads/cache/metadata-451.htm
07-05 11:58:43.431   545 12105 I DownloadManager: in removeSpuriousFiles, preserving file /data/data/com.android.providers.downloads/cache/metadata-576.htm
07-05 11:58:43.431   545 12105 I DownloadManager: in removeSpuriousFiles, preserving file /data/data/com.android.providers.downloads/cache/metadata-1380.htm
07-05 11:58:43.431   545 12105 I DownloadManager: in removeSpuriousFiles, preserving file /data/data/com.android.providers.downloads/cache/metadata-1296.htm
07-05 11:58:43.431   545 12105 I DownloadManager: in removeSpuriousFiles, preserving file /data/data/com.android.providers.downloads/cache/metadata-1071.htm
07-05 11:58:43.431   545 12105 I DownloadManager: in removeSpuriousFiles, preserving file /data/data/com.android.providers.downloads/cache/metadata-475.htm
07-05 11:58:43.431   545 12105 I DownloadManager: in removeSpuriousFiles, preserving file /data/data/com.android.providers.downloads/cache/metadata-710.htm
07-05 11:58:43.431   545 12105 I DownloadManager: in removeSpuriousFiles, preserving file /data/data/com.android.providers.downloads/cache/metadata-548.htm
07-05 11:58:43.431   545 12105 I DownloadManager: in removeSpuriousFiles, preserving file /data/data/com.android.providers.downloads/cache/metadata-676.htm
07-05 11:58:43.431   545 12105 I DownloadManager: in removeSpuriousFiles, preserving file /data/data/com.android.providers.downloads/cache/metadata-546.htm
07-05 11:58:43.431   545 12105 I DownloadManager: in removeSpuriousFiles, preserving file /data/data/com.android.providers.downloads/cache/metadata-940.htm
07-05 11:58:43.431   545 12105 I DownloadManager: in removeSpuriousFiles, preserving file /data/data/com.android.providers.downloads/cache/metadata-810.htm
07-05 11:58:43.431   545 12105 I DownloadManager: in removeSpuriousFiles, preserving file /data/data/com.android.providers.downloads/cache/metadata-871.htm
07-05 11:58:43.431   545 12105 I DownloadManager: in removeSpuriousFiles, preserving file /data/data/com.android.providers.downloads/cache/metadata-423.htm
07-05 11:58:43.431   545 12105 I DownloadManager: in removeSpuriousFiles, preserving file /data/data/com.android.providers.downloads/cache/metadata-496.htm
07-05 11:58:43.431   545 12105 I DownloadManager: in removeSpuriousFiles, preserving file /data/data/com.android.providers.downloads/cache/metadata-453.htm
07-05 11:58:43.431   545 12105 I DownloadManager: in removeSpuriousFiles, preserving file /data/data/com.android.providers.downloads/cache/metadata-318.htm
07-05 11:58:43.431   545 12105 I DownloadManager: in removeSpuriousFiles, preserving file /data/data/com.android.providers.downloads/cache/metadata-377.htm
07-05 11:58:43.431   545 12105 I DownloadManager: in removeSpuriousFiles, preserving file /data/data/com.android.providers.downloads/cache/metadata-1228.htm
07-05 11:58:43.431   545 12105 I DownloadManager: in removeSpuriousFiles, preserving file /data/data/com.android.providers.downloads/cache/metadata-539.htm
07-05 11:58:43.435   545 12105 I DownloadManager: in removeSpuriousFiles, preserving file /data/data/com.android.providers.downloads/cache/metadata-1451.htm
07-05 11:58:43.435   545 12105 I DownloadManager: in removeSpuriousFiles, preserving file /data/data/com.android.providers.downloads/cache/metadata-839.htm
07-05 11:58:43.435   545 12105 I DownloadManager: in removeSpuriousFiles, preserving file /data/data/com.android.providers.downloads/cache/metadata-707.htm
07-05 11:58:43.435   545 12105 I DownloadManager: in removeSpuriousFiles, preserving file /data/data/com.android.providers.downloads/cache/metadata-433.htm
07-05 11:58:43.435   545 12105 I DownloadManager: in removeSpuriousFiles, preserving file /data/data/com.android.providers.downloads/cache/metadata-258.htm
07-05 11:58:43.435   545 12105 I DownloadManager: in removeSpuriousFiles, preserving file /data/data/com.android.providers.downloads/cache/metadata-538.htm
07-05 11:58:43.435   545 12105 I DownloadManager: in removeSpuriousFiles, preserving file /data/data/com.android.providers.downloads/cache/metadata-807.htm
07-05 11:58:43.435   545 12105 I DownloadManager: in removeSpuriousFiles, preserving file /data/data/com.android.providers.downloads/cache/metadata-321.htm
07-05 11:58:43.435   545 12105 I DownloadManager: in removeSpuriousFiles, preserving file /data/data/com.android.providers.downloads/cache/metadata-1188.htm
07-05 11:58:43.435   545 12105 I DownloadManager: in removeSpuriousFiles, preserving file /data/data/com.android.providers.downloads/cache/metadata-1006.htm
07-05 11:58:43.435   545 12105 I DownloadManager: in removeSpuriousFiles, preserving file /data/data/com.android.providers.downloads/cache/metadata-636.htm
07-05 11:58:43.435   545 12105 I DownloadManager: in removeSpuriousFiles, preserving file /data/data/com.android.providers.downloads/cache/metadata-877.htm
07-05 11:58:43.435   545 12105 I DownloadManager: in removeSpuriousFiles, preserving file /data/data/com.android.providers.downloads/cache/metadata-1049.htm
07-05 11:58:43.435   545 12105 I DownloadManager: in removeSpuriousFiles, preserving file /data/data/com.android.providers.downloads/cache/metadata-1258.htm
07-05 11:58:43.435   545 12105 I DownloadManager: in removeSpuriousFiles, preserving file /data/data/com.android.providers.downloads/cache/metadata-2072.htm
07-05 11:58:43.435   545 12105 I DownloadManager: in removeSpuriousFiles, preserving file /data/data/com.android.providers.downloads/cache/metadata-1089.htm
07-05 11:58:43.435   545 12105 I DownloadManager: in removeSpuriousFiles, preserving file /data/data/com.android.providers.downloads/cache/metadata-1470.htm
07-05 11:58:43.435   545 12105 I DownloadManager: in removeSpuriousFiles, preserving file /data/data/com.android.providers.downloads/cache/metadata-786.htm
07-05 11:58:43.435   545 12105 I DownloadManager: in removeSpuriousFiles, preserving file /data/data/com.android.providers.downloads/cache/metadata-662.htm
07-05 11:58:43.435   545 12105 I DownloadManager: in removeSpuriousFiles, preserving file /data/data/com.android.providers.downloads/cache/metadata-1035.htm
07-05 11:58:43.435   545 12105 I DownloadManager: in removeSpuriousFiles, preserving file /data/data/com.android.providers.downloads/cache/metadata-371.htm
07-05 11:58:43.435   545 12105 I DownloadManager: in removeSpuriousFiles, preserving file /data/data/com.android.providers.downloads/cache/metadata-649.htm
07-05 11:58:43.435   545 12105 I DownloadManager: in removeSpuriousFiles, preserving file /data/data/com.android.providers.downloads/cache/metadata-1248.htm
07-05 11:58:43.435   545 12105 I DownloadManager: in removeSpuriousFiles, preserving file /data/data/com.android.providers.downloads/cache/metadata-589.htm
07-05 11:58:43.435   545 12105 I DownloadManager: in removeSpuriousFiles, preserving file /data/data/com.android.providers.downloads/cache/metadata-532.htm
07-05 11:58:43.435   545 12105 I DownloadManager: in removeSpuriousFiles, preserving file /data/data/com.android.providers.downloads/cache/metadata-376.htm
07-05 11:58:43.435   545 12105 I DownloadManager: in removeSpuriousFiles, preserving file /data/data/com.android.providers.downloads/cache/metadata-352.htm
07-05 11:58:43.435   545 12105 I DownloadManager: in removeSpuriousFiles, preserving file /data/data/com.android.providers.downloads/cache/metadata-1235.htm
07-05 11:58:43.435   545 12105 I DownloadManager: in removeSpuriousFiles, preserving file /data/data/com.android.providers.downloads/cache/metadata-490.htm
07-05 11:58:43.435   545 12105 I DownloadManager: in removeSpuriousFiles, preserving file /data/data/com.android.providers.downloads/cache/metadata-1158.htm
07-05 11:58:43.435   545 12105 I DownloadManager: in removeSpuriousFiles, preserving file /data/data/com.android.providers.downloads/cache/metadata-1454.htm
07-05 11:58:43.435   545 12105 I DownloadManager: in removeSpuriousFiles, preserving file /data/data/com.android.providers.downloads/cache/metadata-591.htm
07-05 11:58:43.435   545 12105 I DownloadManager: in removeSpuriousFiles, preserving file /data/data/com.android.providers.downloads/cache/metadata-1047.htm
07-05 11:58:43.435   545 12105 I DownloadManager: in removeSpuriousFiles, preserving file /data/data/com.android.providers.downloads/cache/metadata-1461.htm
07-05 11:58:43.435   545 12105 I DownloadManager: in removeSpuriousFiles, preserving file /data/data/com.android.providers.downloads/cache/metadata-1115.htm
07-05 11:58:43.439   545 12105 I DownloadManager: in removeSpuriousFiles, preserving file /data/data/com.android.providers.downloads/cache/metadata-1537.htm
07-05 11:58:43.439   545 12105 I DownloadManager: in removeSpuriousFiles, preserving file /data/data/com.android.providers.downloads/cache/metadata-985.htm
07-05 11:58:43.439   545 12105 I DownloadManager: in removeSpuriousFiles, preserving file /data/data/com.android.providers.downloads/cache/metadata-621.htm
07-05 11:58:43.439   545 12105 I DownloadManager: in removeSpuriousFiles, preserving file /data/data/com.android.providers.downloads/cache/metadata-290.htm
07-05 11:58:43.439   545 12105 I DownloadManager: in removeSpuriousFiles, preserving file /data/data/com.android.providers.downloads/cache/metadata-1431.htm
07-05 11:58:43.439   545 12105 I DownloadManager: in removeSpuriousFiles, preserving file /data/data/com.android.providers.downloads/cache/metadata-700.htm
07-05 11:58:43.439   545 12105 I DownloadManager: in removeSpuriousFiles, preserving file /data/data/com.android.providers.downloads/cache/metadata-610.htm
07-05 11:58:43.439   545 12105 I DownloadManager: in removeSpuriousFiles, preserving file /data/data/com.android.providers.downloads/cache/metadata-1127.htm
07-05 11:58:43.439   545 12105 I DownloadManager: in removeSpuriousFiles, preserving file /data/data/com.android.providers.downloads/cache/metadata-1673.htm
07-05 11:58:43.439   545 12105 I DownloadManager: in removeSpuriousFiles, preserving file /data/data/com.android.providers.downloads/cache/metadata-1160.htm
07-05 11:58:43.439   545 12105 I DownloadManager: in removeSpuriousFiles, preserving file /data/data/com.android.providers.downloads/cache/metadata-536.htm
07-05 11:58:43.439   545 12105 I DownloadManager: in removeSpuriousFiles, preserving file /data/data/com.android.providers.downloads/cache/metadata-566.htm
07-05 11:58:43.439   545 12105 I DownloadManager: in removeSpuriousFiles, preserving file /data/data/com.android.providers.downloads/cache/metadata-986.htm
07-05 11:58:43.439   545 12105 I DownloadManager: in removeSpuriousFiles, preserving file /data/data/com.android.providers.downloads/cache/metadata-1141.htm
07-05 11:58:43.439   545 12105 I DownloadManager: in removeSpuriousFiles, preserving file /data/data/com.android.providers.downloads/cache/metadata-899.htm
07-05 11:58:43.439   545 12105 I DownloadManager: in removeSpuriousFiles, preserving file /data/data/com.android.providers.downloads/cache/metadata-1301.htm
07-05 11:58:43.439   545 12105 I DownloadManager: in removeSpuriousFiles, preserving file /data/data/com.android.providers.downloads/cache/metadata-1081.htm
07-05 11:58:43.439   545 12105 I DownloadManager: in removeSpuriousFiles, preserving file /data/data/com.android.providers.downloads/cache/metadata-1004.htm
07-05 11:58:43.439   545 12105 I DownloadManager: in removeSpuriousFiles, preserving file /data/data/com.android.providers.downloads/cache/metadata-479.htm
07-05 11:58:43.439   545 12105 I DownloadManager: in removeSpuriousFiles, preserving file /data/data/com.android.providers.downloads/cache/metadata-937.htm
07-05 11:58:43.439   545 12105 I DownloadManager: in removeSpuriousFiles, preserving file /data/data/com.android.providers.downloads/cache/metadata-1347.htm
07-05 11:58:43.439   545 12105 I DownloadManager: in removeSpuriousFiles, preserving file /data/data/com.android.providers.downloads/cache/metadata-829.htm
07-05 11:58:43.439   545 12105 I DownloadManager: in removeSpuriousFiles, preserving file /data/data/com.android.providers.downloads/cache/metadata-529.htm
07-05 11:58:43.439   545 12105 I DownloadManager: in removeSpuriousFiles, preserving file /data/data/com.android.providers.downloads/cache/metadata-512.htm
07-05 11:58:43.439   545 12105 I DownloadManager: in removeSpuriousFiles, preserving file /data/data/com.android.providers.downloads/cache/metadata-1342.htm
07-05 11:58:43.439   545 12105 I DownloadManager: in removeSpuriousFiles, preserving file /data/data/com.android.providers.downloads/cache/metadata-969.htm
07-05 11:58:43.439   545 12105 I DownloadManager: in removeSpuriousFiles, preserving file /data/data/com.android.providers.downloads/cache/metadata-606.htm
07-05 11:58:43.439   545 12105 I DownloadManager: in removeSpuriousFiles, preserving file /data/data/com.android.providers.downloads/cache/metadata-1011.htm
07-05 11:58:43.439   545 12105 I DownloadManager: in removeSpuriousFiles, preserving file /data/data/com.android.providers.downloads/cache/metadata-1143.htm
07-05 11:58:43.439   545 12105 I DownloadManager: in removeSpuriousFiles, preserving file /data/data/com.android.providers.downloads/cache/metadata-1034.htm
07-05 11:58:43.439   545 12105 I DownloadManager: in removeSpuriousFiles, preserving file /data/data/com.android.providers.downloads/cache/metadata-1626.htm
07-05 11:58:43.439   545 12105 I DownloadManager: in removeSpuriousFiles, preserving file /data/data/com.android.providers.downloads/cache/metadata-1015.htm
07-05 11:58:43.443   545 12105 I DownloadManager: in removeSpuriousFiles, preserving file /data/data/com.android.providers.downloads/cache/metadata-597.htm
07-05 11:58:43.443   545 12105 I DownloadManager: in removeSpuriousFiles, preserving file /data/data/com.android.providers.downloads/cache/metadata-766.htm
07-05 11:58:43.443   545 12105 I DownloadManager: in removeSpuriousFiles, preserving file /data/data/com.android.providers.downloads/cache/metadata-625.htm
07-05 11:58:43.443   545 12105 I DownloadManager: in removeSpuriousFiles, preserving file /data/data/com.android.providers.downloads/cache/metadata-755.htm
07-05 11:58:43.443   545 12105 I DownloadManager: in removeSpuriousFiles, preserving file /data/data/com.android.providers.downloads/cache/metadata-756.htm
07-05 11:58:43.443   545 12105 I DownloadManager: in removeSpuriousFiles, preserving file /data/data/com.android.providers.downloads/cache/metadata-1207.htm
07-05 11:58:43.443   545 12105 I DownloadManager: in removeSpuriousFiles, preserving file /data/data/com.android.providers.downloads/cache/metadata-598.htm
07-05 11:58:43.443   545 12105 I DownloadManager: in removeSpuriousFiles, preserving file /data/data/com.android.providers.downloads/cache/metadata-1203.htm
07-05 11:58:43.443   545 12105 I DownloadManager: in removeSpuriousFiles, preserving file /data/data/com.android.providers.downloads/cache/metadata-787.htm
07-05 11:58:43.443   545 12105 I DownloadManager: in removeSpuriousFiles, preserving file /data/data/com.android.providers.downloads/cache/metadata-1425.htm
07-05 11:58:43.443   545 12105 I DownloadManager: in removeSpuriousFiles, preserving file /data/data/com.android.providers.downloads/cache/metadata-1491.htm
07-05 11:58:43.443   545 12105 I DownloadManager: in removeSpuriousFiles, preserving file /data/data/com.android.providers.downloads/cache/metadata-742.htm
07-05 11:58:43.443   545 12105 I DownloadManager: in removeSpuriousFiles, preserving file /data/data/com.android.providers.downloads/cache/metadata-573.htm
07-05 11:58:43.443   545 12105 I DownloadManager: in removeSpuriousFiles, preserving file /data/data/com.android.providers.downloads/cache/metadata-647.htm
07-05 11:58:43.443   545 12105 I DownloadManager: in removeSpuriousFiles, preserving file /data/data/com.android.providers.downloads/cache/metadata-739.htm
07-05 11:58:43.443   545 12105 I DownloadManager: in removeSpuriousFiles, preserving file /data/data/com.android.providers.downloads/cache/metadata-1484.htm
07-05 11:58:43.443   545 12105 I DownloadManager: in removeSpuriousFiles, preserving file /data/data/com.android.providers.downloads/cache/metadata-1124.htm
07-05 11:58:43.443   545 12105 I DownloadManager: in removeSpuriousFiles, preserving file /data/data/com.android.providers.downloads/cache/metadata-1129.htm
07-05 11:58:43.443   545 12105 I DownloadManager: in removeSpuriousFiles, preserving file /data/data/com.android.providers.downloads/cache/metadata-644.htm
07-05 11:58:43.443   545 12105 I DownloadManager: in removeSpuriousFiles, preserving file /data/data/com.android.providers.downloads/cache/metadata-942.htm
07-05 11:58:43.443   545 12105 I DownloadManager: in removeSpuriousFiles, preserving file /data/data/com.android.providers.downloads/cache/metadata-868.htm
07-05 11:58:43.443   545 12105 I DownloadManager: in removeSpuriousFiles, preserving file /data/data/com.android.providers.downloads/cache/metadata-1308.htm
07-05 11:58:43.443   545 12105 I DownloadManager: in removeSpuriousFiles, preserving file /data/data/com.android.providers.downloads/cache/metadata-997.htm
07-05 11:58:43.443   545 12105 I DownloadManager: in removeSpuriousFiles, preserving file /data/data/com.android.providers.downloads/cache/metadata-1027.htm
07-05 11:58:43.443   545 12105 I DownloadManager: in removeSpuriousFiles, preserving file /data/data/com.android.providers.downloads/cache/metadata-1732.htm
07-05 11:58:43.443   545 12105 I DownloadManager: in removeSpuriousFiles, preserving file /data/data/com.android.providers.downloads/cache/metadata-1112.htm
07-05 11:58:43.443   545 12105 I DownloadManager: in removeSpuriousFiles, preserving file /data/data/com.android.providers.downloads/cache/metadata-605.htm
07-05 11:58:43.443   545 12105 I DownloadManager: in removeSpuriousFiles, preserving file /data/data/com.android.providers.downloads/cache/metadata-1128.htm
07-05 11:58:43.447   545 12105 I DownloadManager: in removeSpuriousFiles, preserving file /data/data/com.android.providers.downloads/cache/metadata-1069.htm
07-05 11:58:43.447   545 12105 I DownloadManager: in removeSpuriousFiles, preserving file /data/data/com.android.providers.downloads/cache/metadata-1340.htm
07-05 11:58:43.447   545 12105 I DownloadManager: in removeSpuriousFiles, preserving file /data/data/com.android.providers.downloads/cache/metadata-1988.htm
07-05 11:58:43.447   545 12105 I DownloadManager: in removeSpuriousFiles, preserving file /data/data/com.android.providers.downloads/cache/metadata-1326.htm
07-05 11:58:43.447   545 12105 I DownloadManager: in removeSpuriousFiles, preserving file /data/data/com.android.providers.downloads/cache/metadata-299.htm
07-05 11:58:43.447   545 12105 I DownloadManager: in removeSpuriousFiles, preserving file /data/data/com.android.providers.downloads/cache/metadata-1254.htm
07-05 11:58:43.447   545 12105 I DownloadManager: in removeSpuriousFiles, preserving file /data/data/com.android.providers.downloads/cache/metadata-517.htm
07-05 11:58:43.447   545 12105 I DownloadManager: in removeSpuriousFiles, preserving file /data/data/com.android.providers.downloads/cache/metadata-1384.htm
07-05 11:58:43.447   545 12105 I DownloadManager: in removeSpuriousFiles, preserving file /data/data/com.android.providers.downloads/cache/metadata-1339.htm
07-05 11:58:43.447   545 12105 I DownloadManager: in removeSpuriousFiles, preserving file /data/data/com.android.providers.downloads/cache/metadata-69.htm
07-05 11:58:43.447   545 12105 I DownloadManager: in removeSpuriousFiles, preserving file /data/data/com.android.providers.downloads/cache/metadata-1377.htm
07-05 11:58:43.447   545 12105 I DownloadManager: in removeSpuriousFiles, preserving file /data/data/com.android.providers.downloads/cache/metadata-402.htm
07-05 11:58:43.447   545 12105 I DownloadManager: in removeSpuriousFiles, preserving file /data/data/com.android.providers.downloads/cache/metadata-594.htm
07-05 11:58:43.447   545 12105 I DownloadManager: in removeSpuriousFiles, preserving file /data/data/com.android.providers.downloads/cache/metadata-784.htm
07-05 11:58:43.447   545 12105 I DownloadManager: in removeSpuriousFiles, preserving file /data/data/com.android.providers.downloads/cache/metadata-1070.htm
07-05 11:58:43.447   545 12105 I DownloadManager: in removeSpuriousFiles, preserving file /data/data/com.android.providers.downloads/cache/metadata-1332.htm
07-05 11:58:43.447   545 12105 I DownloadManager: in removeSpuriousFiles, preserving file /data/data/com.android.providers.downloads/cache/metadata-1126.htm
07-05 11:58:43.447   545 12105 I DownloadManager: in removeSpuriousFiles, preserving file /data/data/com.android.providers.downloads/cache/metadata-1243.htm
07-05 11:58:43.447   545 12105 I DownloadManager: in removeSpuriousFiles, preserving file /data/data/com.android.providers.downloads/cache/metadata-1003.htm
07-05 11:58:43.447   545 12105 I DownloadManager: in removeSpuriousFiles, preserving file /data/data/com.android.providers.downloads/cache/metadata-1282.htm
07-05 11:58:43.447   545 12105 I DownloadManager: in removeSpuriousFiles, preserving file /data/data/com.android.providers.downloads/cache/metadata-1325.htm
07-05 11:58:43.447   545 12105 I DownloadManager: in removeSpuriousFiles, preserving file /data/data/com.android.providers.downloads/cache/metadata-1013.htm
07-05 11:58:43.447   545 12105 I DownloadManager: in removeSpuriousFiles, preserving file /data/data/com.android.providers.downloads/cache/metadata-681.htm
07-05 11:58:43.447   545 12105 I DownloadManager: in removeSpuriousFiles, preserving file /data/data/com.android.providers.downloads/cache/metadata-302.htm
07-05 11:58:43.447   545 12105 I DownloadManager: in removeSpuriousFiles, preserving file /data/data/com.android.providers.downloads/cache/metadata-95.htm
07-05 11:58:43.447   545 12105 I DownloadManager: in removeSpuriousFiles, preserving file /data/data/com.android.providers.downloads/cache/metadata-701.htm
07-05 11:58:43.447   545 12105 I DownloadManager: in removeSpuriousFiles, preserving file /data/data/com.android.providers.downloads/cache/metadata-1879.htm
07-05 11:58:43.447   545 12105 I DownloadManager: in removeSpuriousFiles, preserving file /data/data/com.android.providers.downloads/cache/metadata-477.htm
07-05 11:58:43.447   545 12105 I DownloadManager: in removeSpuriousFiles, preserving file /data/data/com.android.providers.downloads/cache/metadata-614.htm
07-05 11:58:43.447   545 12105 I DownloadManager: in removeSpuriousFiles, preserving file /data/data/com.android.providers.downloads/cache/metadata-481.htm
07-05 11:58:43.447   545 12105 I DownloadManager: in removeSpuriousFiles, preserving file /data/data/com.android.providers.downloads/cache/metadata-1564.htm
07-05 11:58:43.447   545 12105 I DownloadManager: in removeSpuriousFiles, preserving file /data/data/com.android.providers.downloads/cache/metadata-527.htm
07-05 11:58:43.447   545 12105 I DownloadManager: in removeSpuriousFiles, preserving file /data/data/com.android.providers.downloads/cache/metadata-547.htm
07-05 11:58:43.447   545 12105 I DownloadManager: in removeSpuriousFiles, preserving file /data/data/com.android.providers.downloads/cache/metadata-816.htm
07-05 11:58:43.447   545 12105 I DownloadManager: in removeSpuriousFiles, preserving file /data/data/com.android.providers.downloads/cache/metadata-897.htm
07-05 11:58:43.447   545 12105 I DownloadManager: in removeSpuriousFiles, preserving file /data/data/com.android.providers.downloads/cache/metadata-1358.htm
07-05 11:58:43.447   545 12105 I DownloadManager: in removeSpuriousFiles, preserving file /data/data/com.android.providers.downloads/cache/metadata-923.htm
07-05 11:58:43.447   545 12105 I DownloadManager: in removeSpuriousFiles, preserving file /data/data/com.android.providers.downloads/cache/metadata-743.htm
07-05 11:58:43.451   545 12105 I DownloadManager: in removeSpuriousFiles, preserving file /data/data/com.android.providers.downloads/cache/metadata-1103.htm
07-05 11:58:43.451   545 12105 I DownloadManager: in removeSpuriousFiles, preserving file /data/data/com.android.providers.downloads/cache/metadata-1195.htm
07-05 11:58:43.451   545 12105 I DownloadManager: in removeSpuriousFiles, preserving file /data/data/com.android.providers.downloads/cache/metadata-1177.htm
07-05 11:58:43.451   545 12105 I DownloadManager: in removeSpuriousFiles, preserving file /data/data/com.android.providers.downloads/cache/metadata-2058.htm
07-05 11:58:43.451   545 12105 I DownloadManager: in removeSpuriousFiles, preserving file /data/data/com.android.providers.downloads/cache/metadata-1150.htm
07-05 11:58:43.451   545 12105 I DownloadManager: in removeSpuriousFiles, preserving file /data/data/com.android.providers.downloads/cache/metadata-687.htm
07-05 11:58:43.451   545 12105 I DownloadManager: in removeSpuriousFiles, preserving file /data/data/com.android.providers.downloads/cache/metadata-651.htm
07-05 11:58:43.451   545 12105 I DownloadManager: in removeSpuriousFiles, preserving file /data/data/com.android.providers.downloads/cache/metadata-1234.htm
07-05 11:58:43.451   545 12105 I DownloadManager: in removeSpuriousFiles, preserving file /data/data/com.android.providers.downloads/cache/metadata-759.htm
07-05 11:58:43.451   545 12105 I DownloadManager: in removeSpuriousFiles, preserving file /data/data/com.android.providers.downloads/cache/metadata-1057.htm
07-05 11:58:43.451   545 12105 I DownloadManager: in removeSpuriousFiles, preserving file /data/data/com.android.providers.downloads/cache/metadata-509.htm
07-05 11:58:43.451   545 12105 I DownloadManager: in removeSpuriousFiles, preserving file /data/data/com.android.providers.downloads/cache/metadata-1360.htm
07-05 11:58:43.451   545 12105 I DownloadManager: in removeSpuriousFiles, preserving file /data/data/com.android.providers.downloads/cache/metadata-584.htm
07-05 11:58:43.451   545 12105 I DownloadManager: in removeSpuriousFiles, preserving file /data/data/com.android.providers.downloads/cache/metadata-906.htm
07-05 11:58:43.451   545 12105 I DownloadManager: in removeSpuriousFiles, preserving file /data/data/com.android.providers.downloads/cache/metadata-1539.htm
07-05 11:58:43.451   545 12105 I DownloadManager: in removeSpuriousFiles, preserving file /data/data/com.android.providers.downloads/cache/metadata-1054.htm
07-05 11:58:43.451   545 12105 I DownloadManager: in removeSpuriousFiles, preserving file /data/data/com.android.providers.downloads/cache/metadata-1142.htm
07-05 11:58:43.451   545 12105 I DownloadManager: in removeSpuriousFiles, preserving file /data/data/com.android.providers.downloads/cache/metadata-1101.htm
07-05 11:58:43.451   545 12105 I DownloadManager: in removeSpuriousFiles, preserving file /data/data/com.android.providers.downloads/cache/metadata-1621.htm
07-05 11:58:43.451   545 12105 I DownloadManager: in removeSpuriousFiles, preserving file /data/data/com.android.providers.downloads/cache/metadata-1010.htm
07-05 11:58:43.451   545 12105 I DownloadManager: in removeSpuriousFiles, preserving file /data/data/com.android.providers.downloads/cache/metadata-372.htm
07-05 11:58:43.451   545 12105 I DownloadManager: in removeSpuriousFiles, preserving file /data/data/com.android.providers.downloads/cache/metadata-895.htm
07-05 11:58:43.451   545 12105 I DownloadManager: in removeSpuriousFiles, preserving file /data/data/com.android.providers.downloads/cache/metadata-1394.htm
07-05 11:58:43.451   545 12105 I DownloadManager: in removeSpuriousFiles, preserving file /data/data/com.android.providers.downloads/cache/metadata-1930.htm
07-05 11:58:43.451   545 12105 I DownloadManager: in removeSpuriousFiles, preserving file /data/data/com.android.providers.downloads/cache/metadata-588.htm
07-05 11:58:43.451   545 12105 I DownloadManager: in removeSpuriousFiles, preserving file /data/data/com.android.providers.downloads/cache/metadata-799.htm
07-05 11:58:43.451   545 12105 I DownloadManager: in removeSpuriousFiles, preserving file /data/data/com.android.providers.downloads/cache/metadata-1666.htm
07-05 11:58:43.451   545 12105 I DownloadManager: in removeSpuriousFiles, preserving file /data/data/com.android.providers.downloads/cache/metadata-848.htm
07-05 11:58:43.451   545 12105 I DownloadManager: in removeSpuriousFiles, preserving file /data/data/com.android.providers.downloads/cache/metadata-1065.htm
07-05 11:58:43.451   545 12105 I DownloadManager: in removeSpuriousFiles, preserving file /data/data/com.android.providers.downloads/cache/metadata-1220.htm
07-05 11:58:43.451   545 12105 I DownloadManager: in removeSpuriousFiles, preserving file /data/data/com.android.providers.downloads/cache/metadata-1522.htm
07-05 11:58:43.451   545 12105 I DownloadManager: in removeSpuriousFiles, preserving file /data/data/com.android.providers.downloads/cache/metadata-1040.htm
07-05 11:58:43.451   545 12105 I DownloadManager: in removeSpuriousFiles, preserving file /data/data/com.android.providers.downloads/cache/metadata-571.htm
07-05 11:58:43.455   545 12105 I DownloadManager: in removeSpuriousFiles, preserving file /data/data/com.android.providers.downloads/cache/metadata-1381.htm
07-05 11:58:43.455   545 12105 I DownloadManager: in removeSpuriousFiles, preserving file /data/data/com.android.providers.downloads/cache/metadata-1415.htm
07-05 11:58:43.455   545 12105 I DownloadManager: in removeSpuriousFiles, preserving file /data/data/com.android.providers.downloads/cache/metadata-711.htm
07-05 11:58:43.455   545 12105 I DownloadManager: in removeSpuriousFiles, preserving file /data/data/com.android.providers.downloads/cache/metadata-1466.htm
07-05 11:58:43.455   545 12105 I DownloadManager: in removeSpuriousFiles, preserving file /data/data/com.android.providers.downloads/cache/metadata-837.htm
07-05 11:58:43.455   545 12105 I DownloadManager: in removeSpuriousFiles, preserving file /data/data/com.android.providers.downloads/cache/metadata-1533.htm
07-05 11:58:43.455   545 12105 I DownloadManager: in removeSpuriousFiles, preserving file /data/data/com.android.providers.downloads/cache/metadata-1264.htm
07-05 11:58:43.455   545 12105 I DownloadManager: in removeSpuriousFiles, preserving file /data/data/com.android.providers.downloads/cache/metadata-655.htm
07-05 11:58:43.455   545 12105 I DownloadManager: in removeSpuriousFiles, preserving file /data/data/com.android.providers.downloads/cache/metadata-550.htm
07-05 11:58:43.455   545 12105 I DownloadManager: in removeSpuriousFiles, preserving file /data/data/com.android.providers.downloads/cache/metadata-910.htm
07-05 11:58:43.455   545 12105 I DownloadManager: in removeSpuriousFiles, preserving file /data/data/com.android.providers.downloads/cache/metadata-1646.htm
07-05 11:58:43.455   545 12105 I DownloadManager: in removeSpuriousFiles, preserving file /data/data/com.android.providers.downloads/cache/metadata-1439.htm
07-05 11:58:43.455   545 12105 I DownloadManager: in removeSpuriousFiles, preserving file /data/data/com.android.providers.downloads/cache/metadata-1649.htm
07-05 11:58:43.455   545 12105 I DownloadManager: in removeSpuriousFiles, preserving file /data/data/com.android.providers.downloads/cache/metadata-1079.htm
07-05 11:58:43.455   545 12105 I DownloadManager: in removeSpuriousFiles, preserving file /data/data/com.android.providers.downloads/cache/metadata-656.htm
07-05 11:58:43.455   545 12105 I DownloadManager: in removeSpuriousFiles, preserving file /data/data/com.android.providers.downloads/cache/metadata-474.htm
07-05 11:58:43.455   545 12105 I DownloadManager: in removeSpuriousFiles, preserving file /data/data/com.android.providers.downloads/cache/metadata-1194.htm
07-05 11:58:43.455   545 12105 I DownloadManager: in removeSpuriousFiles, preserving file /data/data/com.android.providers.downloads/cache/metadata-1157.htm
07-05 11:58:43.455   545 12105 I DownloadManager: in removeSpuriousFiles, preserving file /data/data/com.android.providers.downloads/cache/metadata-697.htm
07-05 11:58:43.455   545 12105 I DownloadManager: in removeSpuriousFiles, preserving file /data/data/com.android.providers.downloads/cache/metadata-977.htm
07-05 11:58:43.455   545 12105 I DownloadManager: in removeSpuriousFiles, preserving file /data/data/com.android.providers.downloads/cache/metadata-393.htm
07-05 11:58:43.455   545 12105 I DownloadManager: in removeSpuriousFiles, preserving file /data/data/com.android.providers.downloads/cache/metadata-1324.htm
07-05 11:58:43.455   545 12105 I DownloadManager: in removeSpuriousFiles, preserving file /data/data/com.android.providers.downloads/cache/metadata-2047.htm
07-05 11:58:43.455   545 12105 I DownloadManager: in removeSpuriousFiles, preserving file /data/data/com.android.providers.downloads/cache/metadata-878.htm
07-05 11:58:43.455   545 12105 I DownloadManager: in removeSpuriousFiles, preserving file /data/data/com.android.providers.downloads/cache/metadata-1078.htm
07-05 11:58:43.455   545 12105 I DownloadManager: in removeSpuriousFiles, preserving file /data/data/com.android.providers.downloads/cache/metadata-850.htm
07-05 11:58:43.455   545 12105 I DownloadManager: in removeSpuriousFiles, preserving file /data/data/com.android.providers.downloads/cache/metadata-1498.htm
07-05 11:58:43.459   545 12105 I DownloadManager: in removeSpuriousFiles, preserving file /data/data/com.android.providers.downloads/cache/metadata-1532.htm
07-05 11:58:43.459   545 12105 I DownloadManager: in removeSpuriousFiles, preserving file /data/data/com.android.providers.downloads/cache/metadata-1170.htm
07-05 11:58:43.459   545 12105 I DownloadManager: in removeSpuriousFiles, preserving file /data/data/com.android.providers.downloads/cache/metadata-1393.htm
07-05 11:58:43.459   545 12105 I DownloadManager: in removeSpuriousFiles, preserving file /data/data/com.android.providers.downloads/cache/metadata-1613.htm
07-05 11:58:43.494   545 12105 D dalvikvm: GC_FOR_ALLOC freed 580K, 9% free 10759K/11719K, paused 28ms
07-05 11:58:43.494   545 12105 I DownloadManager: in removeSpuriousFiles, preserving file /data/data/com.android.providers.downloads/cache/metadata-1479.htm
07-05 11:58:43.494   545 12105 I DownloadManager: in removeSpuriousFiles, preserving file /data/data/com.android.providers.downloads/cache/metadata-1839.htm
07-05 11:58:43.494   545 12105 I DownloadManager: in removeSpuriousFiles, preserving file /data/data/com.android.providers.downloads/cache/metadata-789.htm
07-05 11:58:43.494   545 12105 I DownloadManager: in removeSpuriousFiles, preserving file /data/data/com.android.providers.downloads/cache/metadata-1401.htm
07-05 11:58:43.494   545 12105 I DownloadManager: in removeSpuriousFiles, preserving file /data/data/com.android.providers.downloads/cache/metadata-1426.htm
07-05 11:58:43.494   545 12105 I DownloadManager: in removeSpuriousFiles, preserving file /data/data/com.android.providers.downloads/cache/metadata-1311.htm
07-05 11:58:43.498   545 12105 I DownloadManager: in removeSpuriousFiles, preserving file /data/data/com.android.providers.downloads/cache/metadata-1906.htm
07-05 11:58:43.498   545 12105 I DownloadManager: in removeSpuriousFiles, preserving file /data/data/com.android.providers.downloads/cache/metadata-1511.htm
07-05 11:58:43.498   545 12105 I DownloadManager: in removeSpuriousFiles, preserving file /data/data/com.android.providers.downloads/cache/metadata-800.htm
07-05 11:58:43.498   545 12105 I DownloadManager: in removeSpuriousFiles, preserving file /data/data/com.android.providers.downloads/cache/metadata-637.htm
07-05 11:58:43.498   545 12105 I DownloadManager: in removeSpuriousFiles, preserving file /data/data/com.android.providers.downloads/cache/metadata-988.htm
07-05 11:58:43.498   545 12105 I DownloadManager: in removeSpuriousFiles, preserving file /data/data/com.android.providers.downloads/cache/metadata-851.htm
07-05 11:58:43.498   545 12105 I DownloadManager: in removeSpuriousFiles, preserving file /data/data/com.android.providers.downloads/cache/metadata-1165.htm
07-05 11:58:43.498   545 12105 I DownloadManager: in removeSpuriousFiles, preserving file /data/data/com.android.providers.downloads/cache/metadata-1273.htm
07-05 11:58:43.498   545 12105 I DownloadManager: in removeSpuriousFiles, preserving file /data/data/com.android.providers.downloads/cache/metadata-2084.htm
07-05 11:58:43.498   545 12105 I DownloadManager: in removeSpuriousFiles, preserving file /data/data/com.android.providers.downloads/cache/metadata-1116.htm
07-05 11:58:43.498   545 12105 I DownloadManager: in removeSpuriousFiles, preserving file /data/data/com.android.providers.downloads/cache/metadata-860.htm
07-05 11:58:43.498   545 12105 I DownloadManager: in removeSpuriousFiles, preserving file /data/data/com.android.providers.downloads/cache/metadata-948.htm
07-05 11:58:43.498   545 12105 I DownloadManager: in removeSpuriousFiles, preserving file /data/data/com.android.providers.downloads/cache/metadata-1125.htm
07-05 11:58:43.498   545 12105 I DownloadManager: in removeSpuriousFiles, preserving file /data/data/com.android.providers.downloads/cache/metadata-863.htm
07-05 11:58:43.498   545 12105 I DownloadManager: in removeSpuriousFiles, preserving file /data/data/com.android.providers.downloads/cache/metadata-567.htm
07-05 11:58:43.498   545 12105 I DownloadManager: in removeSpuriousFiles, preserving file /data/data/com.android.providers.downloads/cache/metadata-643.htm
07-05 11:58:43.498   545 12105 I DownloadManager: in removeSpuriousFiles, preserving file /data/data/com.android.providers.downloads/cache/metadata-1449.htm
07-05 11:58:43.498   545 12105 I DownloadManager: in removeSpuriousFiles, preserving file /data/data/com.android.providers.downloads/cache/metadata-1139.htm
07-05 11:58:43.498   545 12105 I DownloadManager: in removeSpuriousFiles, preserving file /data/data/com.android.providers.downloads/cache/metadata-698.htm
07-05 11:58:43.498   545 12105 I DownloadManager: in removeSpuriousFiles, preserving file /data/data/com.android.providers.downloads/cache/metadata-1580.htm
07-05 11:58:43.498   545 12105 I DownloadManager: in removeSpuriousFiles, preserving file /data/data/com.android.providers.downloads/cache/metadata-1033.htm
07-05 11:58:43.498   545 12105 I DownloadManager: in removeSpuriousFiles, preserving file /data/data/com.android.providers.downloads/cache/metadata-604.htm
07-05 11:58:43.498   545 12105 I DownloadManager: in removeSpuriousFiles, preserving file /data/data/com.android.providers.downloads/cache/metadata.htm
07-05 11:58:43.498   545 12105 I DownloadManager: in removeSpuriousFiles, preserving file /data/data/com.android.providers.downloads/cache/metadata-3.htm
07-05 11:58:43.498   545 12105 I DownloadManager: in removeSpuriousFiles, preserving file /data/data/com.android.providers.downloads/cache/metadata-5.htm
07-05 11:58:43.498   545 12105 I DownloadManager: in removeSpuriousFiles, preserving file /data/data/com.android.providers.downloads/cache/metadata-7.htm
07-05 11:58:43.498   545 12105 I DownloadManager: in removeSpuriousFiles, preserving file /data/data/com.android.providers.downloads/cache/metadata-9.htm
07-05 11:58:43.498   545 12105 I DownloadManager: in removeSpuriousFiles, preserving file /data/data/com.android.providers.downloads/cache/metadata-16.htm
07-05 11:58:43.498   545 12105 I DownloadManager: in removeSpuriousFiles, preserving file /data/data/com.android.providers.downloads/cache/metadata-14.htm
07-05 11:58:43.498   545 12105 I DownloadManager: in removeSpuriousFiles, preserving file /data/data/com.android.providers.downloads/cache/metadata-1480.htm
07-05 11:58:43.502   545 12105 I DownloadManager: in removeSpuriousFiles, preserving file /data/data/com.android.providers.downloads/cache/metadata-1303.htm
07-05 11:58:43.502   545 12105 I DownloadManager: in removeSpuriousFiles, preserving file /data/data/com.android.providers.downloads/cache/metadata-1221.htm
07-05 11:58:43.502   545 12105 I DownloadManager: in removeSpuriousFiles, preserving file /data/data/com.android.providers.downloads/cache/metadata-664.htm
07-05 11:58:43.502   545 12105 I DownloadManager: in removeSpuriousFiles, preserving file /data/data/com.android.providers.downloads/cache/metadata-630.htm
07-05 11:58:43.502   545 12105 I DownloadManager: in removeSpuriousFiles, preserving file /data/data/com.android.providers.downloads/cache/metadata-387.htm
07-05 11:58:43.502   545 12105 I DownloadManager: in removeSpuriousFiles, preserving file /data/data/com.android.providers.downloads/cache/metadata-1173.htm
07-05 11:58:43.502   545 12105 I DownloadManager: in removeSpuriousFiles, preserving file /data/data/com.android.providers.downloads/cache/metadata-442.htm
07-05 11:58:43.502   545 12105 I DownloadManager: in removeSpuriousFiles, preserving file /data/data/com.android.providers.downloads/cache/metadata-563.htm
07-05 11:58:43.502   545 12105 I DownloadManager: in removeSpuriousFiles, preserving file /data/data/com.android.providers.downloads/cache/metadata-355.htm
07-05 11:58:43.502   545 12105 I DownloadManager: in removeSpuriousFiles, preserving file /data/data/com.android.providers.downloads/cache/metadata-1785.htm
07-05 11:58:43.502   545 12105 I DownloadManager: in removeSpuriousFiles, preserving file /data/data/com.android.providers.downloads/cache/metadata-489.htm
07-05 11:58:43.502   545 12105 I DownloadManager: in removeSpuriousFiles, preserving file /data/data/com.android.providers.downloads/cache/metadata-395.htm
07-05 11:58:43.502   545 12105 I DownloadManager: in removeSpuriousFiles, preserving file /data/data/com.android.providers.downloads/cache/metadata-569.htm
07-05 11:58:43.502   545 12105 I DownloadManager: in removeSpuriousFiles, preserving file /data/data/com.android.providers.downloads/cache/metadata-1315.htm
07-05 11:58:43.502   545 12105 I DownloadManager: in removeSpuriousFiles, preserving file /data/data/com.android.providers.downloads/cache/metadata-645.htm
07-05 11:58:43.502   545 12105 I DownloadManager: in removeSpuriousFiles, preserving file /data/data/com.android.providers.downloads/cache/metadata-1527.htm
07-05 11:58:43.502   545 12105 I DownloadManager: in removeSpuriousFiles, preserving file /data/data/com.android.providers.downloads/cache/metadata-12.htm
07-05 11:58:43.502   545 12105 I DownloadManager: in removeSpuriousFiles, preserving file /data/data/com.android.providers.downloads/cache/metadata-796.htm
07-05 11:58:43.502   545 12105 I DownloadManager: in removeSpuriousFiles, preserving file /data/data/com.android.providers.downloads/cache/metadata-513.htm
07-05 11:58:43.502   545 12105 I DownloadManager: in removeSpuriousFiles, preserving file /data/data/com.android.providers.downloads/cache/metadata-1050.htm
07-05 11:58:43.502   545 12105 I DownloadManager: in removeSpuriousFiles, preserving file /data/data/com.android.providers.downloads/cache/metadata-534.htm
07-05 11:58:43.502   545 12105 I DownloadManager: in removeSpuriousFiles, preserving file /data/data/com.android.providers.downloads/cache/metadata-1076.htm
07-05 11:58:43.502   545 12105 I DownloadManager: in removeSpuriousFiles, preserving file /data/data/com.android.providers.downloads/cache/metadata-1516.htm
07-05 11:58:43.502   545 12105 I DownloadManager: in removeSpuriousFiles, preserving file /data/data/com.android.providers.downloads/cache/metadata-619.htm
07-05 11:58:43.502   545 12105 I DownloadManager: in removeSpuriousFiles, preserving file /data/data/com.android.providers.downloads/cache/metadata-1300.htm
07-05 11:58:43.502   545 12105 I DownloadManager: in removeSpuriousFiles, preserving file /data/data/com.android.providers.downloads/cache/metadata-607.htm
07-05 11:58:43.502   545 12105 I DownloadManager: in removeSpuriousFiles, preserving file /data/data/com.android.providers.downloads/cache/metadata-1052.htm
07-05 11:58:43.502   545 12105 I DownloadManager: in removeSpuriousFiles, preserving file /data/data/com.android.providers.downloads/cache/metadata-1625.htm
07-05 11:58:43.502   545 12105 I DownloadManager: in removeSpuriousFiles, preserving file /data/data/com.android.providers.downloads/cache/metadata-927.htm
07-05 11:58:43.502   545 12105 I DownloadManager: in removeSpuriousFiles, preserving file /data/data/com.android.providers.downloads/cache/metadata-953.htm
07-05 11:58:43.502   545 12105 I DownloadManager: in removeSpuriousFiles, preserving file /data/data/com.android.providers.downloads/cache/metadata-2217.htm
07-05 11:58:43.502   545 12105 I DownloadManager: in removeSpuriousFiles, preserving file /data/data/com.android.providers.downloads/cache/metadata-919.htm
07-05 11:58:43.502   545 12105 I DownloadManager: in removeSpuriousFiles, preserving file /data/data/com.android.providers.downloads/cache/metadata-1400.htm
07-05 11:58:43.502   545 12105 I DownloadManager: in removeSpuriousFiles, preserving file /data/data/com.android.providers.downloads/cache/metadata-999.htm
07-05 11:58:43.502   545 12105 I DownloadManager: in removeSpuriousFiles, preserving file /data/data/com.android.providers.downloads/cache/metadata-1914.htm
07-05 11:58:43.502   545 12105 I DownloadManager: in removeSpuriousFiles, preserving file /data/data/com.android.providers.downloads/cache/metadata-1335.htm
07-05 11:58:43.502   545 12105 I DownloadManager: in removeSpuriousFiles, preserving file /data/data/com.android.providers.downloads/cache/metadata-982.htm
07-05 11:58:43.502   545 12105 I DownloadManager: in removeSpuriousFiles, preserving file /data/data/com.android.providers.downloads/cache/metadata-1460.htm
07-05 11:58:43.502   545 12105 I DownloadManager: in removeSpuriousFiles, preserving file /data/data/com.android.providers.downloads/cache/metadata-1379.htm
07-05 11:58:43.502   545 12105 I DownloadManager: in removeSpuriousFiles, preserving file /data/data/com.android.providers.downloads/cache/metadata-967.htm
07-05 11:58:43.502   545 12105 I DownloadManager: in removeSpuriousFiles, preserving file /data/data/com.android.providers.downloads/cache/metadata-704.htm
07-05 11:58:43.502   545 12105 I DownloadManager: in removeSpuriousFiles, preserving file /data/data/com.android.providers.downloads/cache/metadata-1406.htm
07-05 11:58:43.502   545 12105 I DownloadManager: in removeSpuriousFiles, preserving file /data/data/com.android.providers.downloads/cache/metadata-780.htm
07-05 11:58:43.506   545 12105 I DownloadManager: in removeSpuriousFiles, preserving file /data/data/com.android.providers.downloads/cache/metadata-1132.htm
07-05 11:58:43.506   545 12105 I DownloadManager: in removeSpuriousFiles, preserving file /data/data/com.android.providers.downloads/cache/metadata-1576.htm
07-05 11:58:43.506   545 12105 I DownloadManager: in removeSpuriousFiles, preserving file /data/data/com.android.providers.downloads/cache/metadata-2261.htm
07-05 11:58:43.506   545 12105 I DownloadManager: in removeSpuriousFiles, preserving file /data/data/com.android.providers.downloads/cache/metadata-775.htm
07-05 11:58:43.506   545 12105 I DownloadManager: in removeSpuriousFiles, preserving file /data/data/com.android.providers.downloads/cache/metadata-1387.htm
07-05 11:58:43.506   545 12105 I DownloadManager: in removeSpuriousFiles, preserving file /data/data/com.android.providers.downloads/cache/metadata-1041.htm
07-05 11:58:43.506   545 12105 I DownloadManager: in removeSpuriousFiles, preserving file /data/data/com.android.providers.downloads/cache/metadata-1525.htm
07-05 11:58:43.506   545 12105 I DownloadManager: in removeSpuriousFiles, preserving file /data/data/com.android.providers.downloads/cache/metadata-857.htm
07-05 11:58:43.506   545 12105 I DownloadManager: in removeSpuriousFiles, preserving file /data/data/com.android.providers.downloads/cache/metadata-1865.htm
07-05 11:58:43.506   545 12105 I DownloadManager: in removeSpuriousFiles, preserving file /data/data/com.android.providers.downloads/cache/metadata-991.htm
07-05 11:58:43.506   545 12105 I DownloadManager: in removeSpuriousFiles, preserving file /data/data/com.android.providers.downloads/cache/metadata-1799.htm
07-05 11:58:43.506   545 12105 I DownloadManager: in removeSpuriousFiles, preserving file /data/data/com.android.providers.downloads/cache/metadata-1742.htm
07-05 11:58:43.506   545 12105 I DownloadManager: in removeSpuriousFiles, preserving file /data/data/com.android.providers.downloads/cache/metadata-957.htm
07-05 11:58:43.506   545 12105 I DownloadManager: in removeSpuriousFiles, preserving file /data/data/com.android.providers.downloads/cache/metadata-2131.htm
07-05 11:58:43.506   545 12105 I DownloadManager: in removeSpuriousFiles, preserving file /data/data/com.android.providers.downloads/cache/metadata-1354.htm
07-05 11:58:43.506   545 12105 I DownloadManager: in removeSpuriousFiles, preserving file /data/data/com.android.providers.downloads/cache/metadata-918.htm
07-05 11:58:43.506   545 12105 I DownloadManager: in removeSpuriousFiles, preserving file /data/data/com.android.providers.downloads/cache/metadata-708.htm
07-05 11:58:43.506   545 12105 I DownloadManager: in removeSpuriousFiles, preserving file /data/data/com.android.providers.downloads/cache/metadata-1289.htm
07-05 11:58:43.506   545 12105 I DownloadManager: in removeSpuriousFiles, preserving file /data/data/com.android.providers.downloads/cache/metadata-827.htm
07-05 11:58:43.506   545 12105 I DownloadManager: in removeSpuriousFiles, preserving file /data/data/com.android.providers.downloads/cache/metadata-1680.htm
07-05 11:58:43.506   545 12105 I DownloadManager: in removeSpuriousFiles, preserving file /data/data/com.android.providers.downloads/cache/metadata-652.htm
07-05 11:58:43.506   545 12105 I DownloadManager: in removeSpuriousFiles, preserving file /data/data/com.android.providers.downloads/cache/metadata-792.htm
07-05 11:58:43.506   545 12105 I DownloadManager: in removeSpuriousFiles, preserving file /data/data/com.android.providers.downloads/cache/metadata-926.htm
07-05 11:58:43.506   545 12105 I DownloadManager: in removeSpuriousFiles, preserving file /data/data/com.android.providers.downloads/cache/metadata-609.htm
07-05 11:58:43.506   545 12105 I DownloadManager: in removeSpuriousFiles, preserving file /data/data/com.android.providers.downloads/cache/metadata-911.htm
07-05 11:58:43.506   545 12105 I DownloadManager: in removeSpuriousFiles, preserving file /data/data/com.android.providers.downloads/cache/metadata-882.htm
07-05 11:58:43.506   545 12105 I DownloadManager: in removeSpuriousFiles, preserving file /data/data/com.android.providers.downloads/cache/metadata-1850.htm
07-05 11:58:43.506   545 12105 I DownloadManager: in removeSpuriousFiles, preserving file /data/data/com.android.providers.downloads/cache/metadata-1210.htm
07-05 11:58:43.506   545 12105 I DownloadManager: in removeSpuriousFiles, preserving file /data/data/com.android.providers.downloads/cache/metadata-1788.htm
07-05 11:58:43.506   545 12105 I DownloadManager: in removeSpuriousFiles, preserving file /data/data/com.android.providers.downloads/cache/metadata-1344.htm
07-05 11:58:43.506   545 12105 I DownloadManager: in removeSpuriousFiles, preserving file /data/data/com.android.providers.downloads/cache/metadata-1811.htm
07-05 11:58:43.506   545 12105 I DownloadManager: in removeSpuriousFiles, preserving file /data/data/com.android.providers.downloads/cache/metadata-1031.htm
07-05 11:58:43.506   545 12105 I DownloadManager: in removeSpuriousFiles, preserving file /data/data/com.android.providers.downloads/cache/metadata-578.htm
07-05 11:58:43.506   545 12105 I DownloadManager: in removeSpuriousFiles, preserving file /data/data/com.android.providers.downloads/cache/metadata-2122.htm
07-05 11:58:43.506   545 12105 I DownloadManager: in removeSpuriousFiles, preserving file /data/data/com.android.providers.downloads/cache/metadata-961.htm
07-05 11:58:43.506   545 12105 I DownloadManager: in removeSpuriousFiles, preserving file /data/data/com.android.providers.downloads/cache/metadata-666.htm
07-05 11:58:43.506   545 12105 I DownloadManager: in removeSpuriousFiles, preserving file /data/data/com.android.providers.downloads/cache/metadata-1859.htm
07-05 11:58:43.506   545 12105 I DownloadManager: in removeSpuriousFiles, preserving file /data/data/com.android.providers.downloads/cache/metadata-1594.htm
07-05 11:58:43.510   545 12105 I DownloadManager: in removeSpuriousFiles, preserving file /data/data/com.android.providers.downloads/cache/metadata-947.htm
07-05 11:58:43.510   545 12105 I DownloadManager: in removeSpuriousFiles, preserving file /data/data/com.android.providers.downloads/cache/metadata-1359.htm
07-05 11:58:43.510   545 12105 I DownloadManager: in removeSpuriousFiles, preserving file /data/data/com.android.providers.downloads/cache/metadata-983.htm
07-05 11:58:43.510   545 12105 I DownloadManager: in removeSpuriousFiles, preserving file /data/data/com.android.providers.downloads/cache/metadata-1361.htm
07-05 11:58:43.510   545 12105 I DownloadManager: in removeSpuriousFiles, preserving file /data/data/com.android.providers.downloads/cache/metadata-661.htm
07-05 11:58:43.510   545 12105 I DownloadManager: in removeSpuriousFiles, preserving file /data/data/com.android.providers.downloads/cache/metadata-1458.htm
07-05 11:58:43.510   545 12105 I DownloadManager: in removeSpuriousFiles, preserving file /data/data/com.android.providers.downloads/cache/metadata-1573.htm
07-05 11:58:43.510   545 12105 I DownloadManager: in removeSpuriousFiles, preserving file /data/data/com.android.providers.downloads/cache/metadata-959.htm
07-05 11:58:43.510   545 12105 I DownloadManager: in removeSpuriousFiles, preserving file /data/data/com.android.providers.downloads/cache/metadata-905.htm
07-05 11:58:43.510   545 12105 I DownloadManager: in removeSpuriousFiles, preserving file /data/data/com.android.providers.downloads/cache/metadata-861.htm
07-05 11:58:43.510   545 12105 I DownloadManager: in removeSpuriousFiles, preserving file /data/data/com.android.providers.downloads/cache/metadata-1855.htm
07-05 11:58:43.510   545 12105 I DownloadManager: in removeSpuriousFiles, preserving file /data/data/com.android.providers.downloads/cache/metadata-1437.htm
07-05 11:58:43.510   545 12105 I DownloadManager: in removeSpuriousFiles, preserving file /data/data/com.android.providers.downloads/cache/metadata-1294.htm
07-05 11:58:43.510   545 12105 I DownloadManager: in removeSpuriousFiles, preserving file /data/data/com.android.providers.downloads/cache/metadata-615.htm
07-05 11:58:43.510   545 12105 I DownloadManager: in removeSpuriousFiles, preserving file /data/data/com.android.providers.downloads/cache/metadata-952.htm
07-05 11:58:43.510   545 12105 I DownloadManager: in removeSpuriousFiles, preserving file /data/data/com.android.providers.downloads/cache/metadata-1328.htm
07-05 11:58:43.510   545 12105 I DownloadManager: in removeSpuriousFiles, preserving file /data/data/com.android.providers.downloads/cache/metadata-2350.htm
07-05 11:58:43.510   545 12105 I DownloadManager: in removeSpuriousFiles, preserving file /data/data/com.android.providers.downloads/cache/metadata-1341.htm
07-05 11:58:43.510   545 12105 I DownloadManager: in removeSpuriousFiles, preserving file /data/data/com.android.providers.downloads/cache/metadata-830.htm
07-05 11:58:43.510   545 12105 I DownloadManager: in removeSpuriousFiles, preserving file /data/data/com.android.providers.downloads/cache/metadata-862.htm
07-05 11:58:43.510   545 12105 I DownloadManager: in removeSpuriousFiles, preserving file /data/data/com.android.providers.downloads/cache/metadata-730.htm
07-05 11:58:43.510   545 12105 I DownloadManager: in removeSpuriousFiles, preserving file /data/data/com.android.providers.downloads/cache/metadata-1900.htm
07-05 11:58:43.510   545 12105 I DownloadManager: in removeSpuriousFiles, preserving file /data/data/com.android.providers.downloads/cache/metadata-1444.htm
07-05 11:58:43.510   545 12105 I DownloadManager: in removeSpuriousFiles, preserving file /data/data/com.android.providers.downloads/cache/metadata-1002.htm
07-05 11:58:43.510   545 12105 I DownloadManager: in removeSpuriousFiles, preserving file /data/data/com.android.providers.downloads/cache/metadata-734.htm
07-05 11:58:43.510   545 12105 I DownloadManager: in removeSpuriousFiles, preserving file /data/data/com.android.providers.downloads/cache/metadata-1075.htm
07-05 11:58:43.510   545 12105 I DownloadManager: in removeSpuriousFiles, preserving file /data/data/com.android.providers.downloads/cache/metadata-1312.htm
