07-05 11:49:31.993   545   548 D dalvikvm: GC_CONCURRENT freed 358K, 11% free 10482K/11719K, paused 2ms+2ms
07-05 11:49:32.184   545   548 D dalvikvm: GC_CONCURRENT freed 406K, 11% free 10462K/11719K, paused 2ms+2ms
07-05 11:49:33.048  1370  9615 E DictionaryProvider:UpdateHandler: Can't read a file : android.util.MalformedJsonException: Use JsonReader.setLenient(true) to accept malformed JSON at line 1 column 20
07-05 11:49:33.091   545   548 D dalvikvm: GC_CONCURRENT freed 426K, 11% free 10442K/11719K, paused 1ms+3ms
07-05 11:49:33.352   545   548 D dalvikvm: GC_CONCURRENT freed 386K, 11% free 10450K/11719K, paused 2ms+3ms
07-05 11:49:33.552   545   548 D dalvikvm: GC_CONCURRENT freed 406K, 12% free 10430K/11719K, paused 1ms+3ms
07-05 11:49:33.747   545  9619 I DownloadManager: Initiating request for download 1096
07-05 11:49:33.907   545   548 D dalvikvm: GC_CONCURRENT freed 324K, 11% free 10497K/11719K, paused 2ms+2ms
07-05 11:49:34.099   545   548 D dalvikvm: GC_CONCURRENT freed 407K, 11% free 10479K/11719K, paused 2ms+2ms
07-05 11:49:34.294   545   548 D dalvikvm: GC_CONCURRENT freed 401K, 11% free 10466K/11719K, paused 2ms+3ms
07-05 11:49:35.618   545   548 D dalvikvm: GC_CONCURRENT freed 312K, 10% free 10584K/11719K, paused 2ms+3ms
07-05 11:49:35.696   545   548 D dalvikvm: GC_CONCURRENT freed 346K, 10% free 10636K/11719K, paused 2ms+2ms
07-05 11:49:35.934  1370  9622 E DictionaryProvider:UpdateHandler: Can't read a file : android.util.MalformedJsonException: Use JsonReader.setLenient(true) to accept malformed JSON at line 1 column 20
07-05 11:49:36.020  1370  1372 D dalvikvm: GC_CONCURRENT freed 408K, 7% free 9125K/9735K, paused 2ms+2ms
07-05 11:49:36.102   545   548 D dalvikvm: GC_CONCURRENT freed 594K, 11% free 10458K/11719K, paused 2ms+2ms
07-05 11:49:36.290   545   548 D dalvikvm: GC_CONCURRENT freed 414K, 11% free 10434K/11719K, paused 2ms+2ms
07-05 11:49:36.489   545   548 D dalvikvm: GC_CONCURRENT freed 398K, 12% free 10425K/11719K, paused 1ms+2ms
07-05 11:49:36.509   545  9625 I DownloadManager: Initiating request for download 1096
07-05 11:49:36.513   545  9625 W DownloadManager: Aborting request for download 1096: Trying to resume a download that can't be resumed
07-05 11:49:36.794   545   548 D dalvikvm: GC_CONCURRENT freed 356K, 11% free 10455K/11719K, paused 2ms+2ms
07-05 11:49:36.981   545   548 D dalvikvm: GC_CONCURRENT freed 411K, 11% free 10431K/11719K, paused 2ms+3ms
07-05 11:49:37.173   545  9628 I DownloadManager: Initiating request for download 1097
07-05 11:49:37.286   545   548 D dalvikvm: GC_CONCURRENT freed 342K, 11% free 10494K/11719K, paused 4ms+6ms
07-05 11:49:37.407   545   548 D dalvikvm: GC_CONCURRENT freed 217K, 9% free 10708K/11719K, paused 2ms+3ms
07-05 11:49:37.571   545   548 D dalvikvm: GC_CONCURRENT freed 658K, 11% free 10493K/11719K, paused 1ms+2ms
07-05 11:49:37.661  1370  9630 E DictionaryProvider:UpdateHandler: Can't read a file : android.util.MalformedJsonException: Use JsonReader.setLenient(true) to accept malformed JSON at line 1 column 20
07-05 11:49:37.821   545   548 D dalvikvm: GC_CONCURRENT freed 426K, 11% free 10453K/11719K, paused 1ms+2ms
07-05 11:49:38.009   545   548 D dalvikvm: GC_CONCURRENT freed 413K, 12% free 10429K/11719K, paused 2ms+2ms
07-05 11:49:38.095   545  9633 I DownloadManager: Initiating request for download 1097
07-05 11:49:38.196   545   548 D dalvikvm: GC_CONCURRENT freed 245K, 10% free 10637K/11719K, paused 1ms+3ms
07-05 11:49:38.298   545   548 D dalvikvm: GC_CONCURRENT freed 292K, 9% free 10778K/11719K, paused 2ms+2ms
07-05 11:49:38.536   545   548 D dalvikvm: GC_CONCURRENT freed 789K, 11% free 10456K/11719K, paused 1ms+3ms
07-05 11:49:38.731   545   548 D dalvikvm: GC_CONCURRENT freed 413K, 11% free 10433K/11719K, paused 2ms+2ms
07-05 11:49:38.868   545  9636 I DownloadManager: Initiating request for download 1098
07-05 11:49:38.958   545   548 D dalvikvm: GC_CONCURRENT freed 274K, 10% free 10575K/11719K, paused 3ms+2ms
07-05 11:49:39.067   545   548 D dalvikvm: GC_CONCURRENT freed 280K, 9% free 10748K/11719K, paused 2ms+3ms
07-05 11:49:39.306   156   530 D dalvikvm: GC_EXPLICIT freed 676K, 17% free 13317K/15879K, paused 3ms+6ms
07-05 11:49:39.321   545   548 D dalvikvm: GC_CONCURRENT freed 740K, 11% free 10464K/11719K, paused 2ms+2ms
07-05 11:49:39.368  1370  9640 E DictionaryProvider:UpdateHandler: Can't read a file : android.util.MalformedJsonException: Use JsonReader.setLenient(true) to accept malformed JSON at line 1 column 20
07-05 11:49:39.563   545   548 D dalvikvm: GC_CONCURRENT freed 400K, 11% free 10452K/11719K, paused 2ms+3ms
07-05 11:49:39.743   545   548 D dalvikvm: GC_CONCURRENT freed 425K, 12% free 10413K/11719K, paused 2ms+2ms
07-05 11:49:39.767   545  9643 I DownloadManager: Initiating request for download 1098
07-05 11:49:39.868   545   548 D dalvikvm: GC_CONCURRENT freed 182K, 9% free 10709K/11719K, paused 2ms+3ms
07-05 11:49:40.001   545   548 D dalvikvm: GC_CONCURRENT freed 664K, 11% free 10490K/11719K, paused 2ms+3ms
07-05 11:49:40.239   545   548 D dalvikvm: GC_CONCURRENT freed 436K, 11% free 10440K/11719K, paused 1ms+2ms
07-05 11:49:40.431   545   548 D dalvikvm: GC_CONCURRENT freed 407K, 12% free 10420K/11719K, paused 2ms+3ms
07-05 11:49:40.548   545  9646 I DownloadManager: Initiating request for download 1099
07-05 11:49:40.638   545   548 D dalvikvm: GC_CONCURRENT freed 274K, 10% free 10619K/11719K, paused 2ms+3ms
07-05 11:49:40.743   545   548 D dalvikvm: GC_CONCURRENT freed 278K, 9% free 10771K/11719K, paused 2ms+2ms
07-05 11:49:40.923  1370  9648 E DictionaryProvider:UpdateHandler: Can't read a file : android.util.MalformedJsonException: Use JsonReader.setLenient(true) to accept malformed JSON at line 1 column 20
07-05 11:49:41.013   465   467 D dalvikvm: GC_CONCURRENT freed 437K, 6% free 10514K/11079K, paused 2ms+3ms
07-05 11:49:41.032   545   548 D dalvikvm: GC_CONCURRENT freed 778K, 11% free 10454K/11719K, paused 2ms+3ms
07-05 11:49:41.224   545   548 D dalvikvm: GC_CONCURRENT freed 414K, 12% free 10428K/11719K, paused 2ms+2ms
07-05 11:49:41.349   545  9651 I DownloadManager: Initiating request for download 1099
07-05 11:49:41.403   545   548 D dalvikvm: GC_CONCURRENT freed 340K, 11% free 10492K/11719K, paused 1ms+2ms
07-05 11:49:41.509   545   548 D dalvikvm: GC_CONCURRENT freed 213K, 9% free 10713K/11719K, paused 2ms+2ms
07-05 11:49:41.669   545   548 D dalvikvm: GC_CONCURRENT freed 674K, 11% free 10486K/11719K, paused 1ms+2ms
07-05 11:49:41.884   545   548 D dalvikvm: GC_CONCURRENT freed 433K, 11% free 10439K/11719K, paused 2ms+2ms
07-05 11:49:42.075   545   548 D dalvikvm: GC_CONCURRENT freed 408K, 12% free 10420K/11719K, paused 2ms+2ms
07-05 11:49:42.153   545  9654 I DownloadManager: Initiating request for download 1100
07-05 11:49:42.259   545   548 D dalvikvm: GC_CONCURRENT freed 222K, 10% free 10634K/11719K, paused 2ms+3ms
07-05 11:49:42.368   545   548 D dalvikvm: GC_CONCURRENT freed 373K, 9% free 10689K/11719K, paused 1ms+3ms
07-05 11:49:42.544  1370  9656 E DictionaryProvider:UpdateHandler: Can't read a file : android.util.MalformedJsonException: Use JsonReader.setLenient(true) to accept malformed JSON at line 1 column 20
07-05 11:49:42.634  1370  1372 D dalvikvm: GC_CONCURRENT freed 386K, 7% free 9127K/9735K, paused 2ms+7ms
07-05 11:49:42.657   545   548 D dalvikvm: GC_CONCURRENT freed 667K, 11% free 10459K/11719K, paused 2ms+2ms
07-05 11:49:42.845   545   548 D dalvikvm: GC_CONCURRENT freed 416K, 12% free 10430K/11719K, paused 2ms+2ms
07-05 11:49:42.974   545  9659 I DownloadManager: Initiating request for download 1100
07-05 11:49:43.032   545   548 D dalvikvm: GC_CONCURRENT freed 329K, 11% free 10495K/11719K, paused 2ms+4ms
07-05 11:49:43.161   545   548 D dalvikvm: GC_CONCURRENT freed 229K, 9% free 10716K/11719K, paused 2ms+3ms
07-05 11:49:43.309   545   548 D dalvikvm: GC_CONCURRENT freed 672K, 11% free 10492K/11719K, paused 2ms+3ms
07-05 11:49:43.528   545   548 D dalvikvm: GC_CONCURRENT freed 438K, 11% free 10442K/11719K, paused 2ms+2ms
07-05 11:49:43.720   545   548 D dalvikvm: GC_CONCURRENT freed 407K, 12% free 10421K/11719K, paused 2ms+2ms
07-05 11:49:43.802   545  9662 I DownloadManager: Initiating request for download 1101
07-05 11:49:43.911   545   548 D dalvikvm: GC_CONCURRENT freed 211K, 10% free 10641K/11719K, paused 2ms+3ms
07-05 11:49:44.017   545   548 D dalvikvm: GC_CONCURRENT freed 377K, 9% free 10695K/11719K, paused 1ms+4ms
07-05 11:49:44.192  1370  9664 E DictionaryProvider:UpdateHandler: Can't read a file : android.util.MalformedJsonException: Use JsonReader.setLenient(true) to accept malformed JSON at line 1 column 20
07-05 11:49:44.290   545   548 D dalvikvm: GC_CONCURRENT freed 671K, 11% free 10460K/11719K, paused 2ms+3ms
07-05 11:49:44.481   545   548 D dalvikvm: GC_CONCURRENT freed 414K, 11% free 10435K/11719K, paused 2ms+2ms
07-05 11:49:44.602   545  9667 I DownloadManager: Initiating request for download 1101
07-05 11:49:44.669   545   548 D dalvikvm: GC_CONCURRENT freed 327K, 11% free 10499K/11719K, paused 2ms+2ms
07-05 11:49:44.774   545   548 D dalvikvm: GC_CONCURRENT freed 221K, 9% free 10715K/11719K, paused 2ms+2ms
07-05 11:49:44.915   545   548 D dalvikvm: GC_CONCURRENT freed 665K, 11% free 10491K/11719K, paused 2ms+3ms
07-05 11:49:45.102   545   548 D dalvikvm: GC_CONCURRENT freed 400K, 11% free 10486K/11719K, paused 1ms+2ms
07-05 11:49:45.294   545   548 D dalvikvm: GC_CONCURRENT freed 408K, 11% free 10467K/11719K, paused 2ms+2ms
07-05 11:49:46.544   545  9669 I DownloadManager: Initiating request for download 1102
07-05 11:49:46.653   545   548 D dalvikvm: GC_CONCURRENT freed 249K, 10% free 10644K/11719K, paused 2ms+3ms
07-05 11:49:46.763   545   548 D dalvikvm: GC_CONCURRENT freed 380K, 9% free 10697K/11719K, paused 2ms+3ms
07-05 11:49:46.970   545   548 D dalvikvm: GC_CONCURRENT freed 653K, 11% free 10483K/11719K, paused 2ms+2ms
07-05 11:49:47.169   545   548 D dalvikvm: GC_CONCURRENT freed 432K, 11% free 10442K/11719K, paused 2ms+2ms
07-05 11:49:47.243  1370  9672 E DictionaryProvider:UpdateHandler: Can't read a file : android.util.MalformedJsonException: Use JsonReader.setLenient(true) to accept malformed JSON at line 1 column 20
07-05 11:49:47.345   545  9675 I DownloadManager: Initiating request for download 1102
07-05 11:49:47.403   545   548 D dalvikvm: GC_CONCURRENT freed 333K, 11% free 10509K/11719K, paused 2ms+3ms
07-05 11:49:47.513   545   548 D dalvikvm: GC_CONCURRENT freed 217K, 9% free 10710K/11719K, paused 2ms+2ms
07-05 11:49:47.645   545   548 D dalvikvm: GC_CONCURRENT freed 658K, 11% free 10496K/11719K, paused 1ms+2ms
07-05 11:49:47.864   545   548 D dalvikvm: GC_CONCURRENT freed 434K, 11% free 10449K/11719K, paused 2ms+2ms
07-05 11:49:48.056   545   548 D dalvikvm: GC_CONCURRENT freed 407K, 12% free 10430K/11719K, paused 2ms+4ms
07-05 11:49:48.161   545  9678 I DownloadManager: Initiating request for download 1103
07-05 11:49:48.263   545   548 D dalvikvm: GC_CONCURRENT freed 227K, 9% free 10671K/11719K, paused 2ms+2ms
07-05 11:49:48.380   545   548 D dalvikvm: GC_CONCURRENT freed 410K, 9% free 10708K/11719K, paused 1ms+3ms
07-05 11:49:48.591   545   633 D dalvikvm: GC_EXPLICIT freed 586K, 11% free 10465K/11719K, paused 2ms+4ms
07-05 11:49:48.599  1370  9680 E DictionaryProvider:UpdateHandler: Can't read a file : android.util.MalformedJsonException: Use JsonReader.setLenient(true) to accept malformed JSON at line 1 column 20
07-05 11:49:48.813   545   548 D dalvikvm: GC_CONCURRENT freed 406K, 11% free 10448K/11719K, paused 1ms+2ms
07-05 11:49:48.985   545  9683 I DownloadManager: Initiating request for download 1103
07-05 11:49:49.024   545   548 D dalvikvm: GC_CONCURRENT freed 411K, 11% free 10455K/11719K, paused 2ms+4ms
07-05 11:49:49.157   545   548 D dalvikvm: GC_CONCURRENT freed 179K, 9% free 10692K/11719K, paused 2ms+4ms
07-05 11:49:49.282   545   548 D dalvikvm: GC_CONCURRENT freed 649K, 11% free 10498K/11719K, paused 2ms+2ms
07-05 11:49:49.520   545   548 D dalvikvm: GC_CONCURRENT freed 432K, 11% free 10457K/11719K, paused 2ms+3ms
07-05 11:49:49.716   545   548 D dalvikvm: GC_CONCURRENT freed 410K, 11% free 10435K/11719K, paused 1ms+2ms
07-05 11:49:49.821   545  9686 I DownloadManager: Initiating request for download 1104
07-05 11:49:49.907   545   548 D dalvikvm: GC_CONCURRENT freed 247K, 10% free 10619K/11719K, paused 2ms+2ms
07-05 11:49:50.013   545   548 D dalvikvm: GC_CONCURRENT freed 304K, 8% free 10789K/11719K, paused 2ms+3ms
07-05 11:49:50.188  1370  9688 E DictionaryProvider:UpdateHandler: Can't read a file : android.util.MalformedJsonException: Use JsonReader.setLenient(true) to accept malformed JSON at line 1 column 20
07-05 11:49:50.278  1370  1372 D dalvikvm: GC_CONCURRENT freed 393K, 7% free 9125K/9735K, paused 2ms+3ms
07-05 11:49:50.298   545   548 D dalvikvm: GC_CONCURRENT freed 790K, 11% free 10468K/11719K, paused 2ms+3ms
07-05 11:49:50.477   545   548 D dalvikvm: GC_CONCURRENT freed 413K, 11% free 10447K/11719K, paused 2ms+3ms
07-05 11:49:50.602   545  9691 I DownloadManager: Initiating request for download 1104
07-05 11:49:50.665   545   548 D dalvikvm: GC_CONCURRENT freed 340K, 11% free 10506K/11719K, paused 2ms+3ms
07-05 11:49:50.778   545   548 D dalvikvm: GC_CONCURRENT freed 224K, 9% free 10771K/11719K, paused 2ms+2ms
07-05 11:49:50.942   545   548 D dalvikvm: GC_CONCURRENT freed 732K, 11% free 10497K/11719K, paused 2ms+4ms
07-05 11:49:51.173   545   548 D dalvikvm: GC_CONCURRENT freed 434K, 11% free 10453K/11719K, paused 2ms+2ms
07-05 11:49:51.356   545   548 D dalvikvm: GC_CONCURRENT freed 408K, 11% free 10432K/11719K, paused 2ms+2ms
07-05 11:49:51.423   545  9694 I DownloadManager: Initiating request for download 1105
07-05 11:49:51.536   545   548 D dalvikvm: GC_CONCURRENT freed 195K, 9% free 10672K/11719K, paused 2ms+3ms
07-05 11:49:51.645   545   548 D dalvikvm: GC_CONCURRENT freed 412K, 9% free 10707K/11719K, paused 2ms+2ms
07-05 11:49:51.798  1370  9696 E DictionaryProvider:UpdateHandler: Can't read a file : android.util.MalformedJsonException: Use JsonReader.setLenient(true) to accept malformed JSON at line 1 column 20
07-05 11:49:51.907   545   548 D dalvikvm: GC_CONCURRENT freed 683K, 11% free 10464K/11719K, paused 2ms+3ms
07-05 11:49:52.095   545   548 D dalvikvm: GC_CONCURRENT freed 411K, 11% free 10441K/11719K, paused 2ms+2ms
07-05 11:49:52.208   545  9699 I DownloadManager: Initiating request for download 1105
07-05 11:49:52.298   545   548 D dalvikvm: GC_CONCURRENT freed 268K, 10% free 10632K/11719K, paused 2ms+2ms
07-05 11:49:52.407   545   548 D dalvikvm: GC_CONCURRENT freed 329K, 9% free 10779K/11719K, paused 2ms+4ms
07-05 11:49:52.622   545   548 D dalvikvm: GC_CONCURRENT freed 779K, 11% free 10471K/11719K, paused 2ms+3ms
07-05 11:49:52.829   545   548 D dalvikvm: GC_CONCURRENT freed 408K, 11% free 10454K/11719K, paused 2ms+2ms
07-05 11:49:53.001   545  9702 I DownloadManager: Initiating request for download 1106
07-05 11:49:53.063   545   548 D dalvikvm: GC_CONCURRENT freed 355K, 11% free 10512K/11719K, paused 2ms+2ms
07-05 11:49:53.173   545   548 D dalvikvm: GC_CONCURRENT freed 225K, 9% free 10738K/11719K, paused 2ms+3ms
07-05 11:49:53.333   545   548 D dalvikvm: GC_CONCURRENT freed 687K, 11% free 10504K/11719K, paused 2ms+2ms
07-05 11:49:53.419  1370  9704 E DictionaryProvider:UpdateHandler: Can't read a file : android.util.MalformedJsonException: Use JsonReader.setLenient(true) to accept malformed JSON at line 1 column 20
07-05 11:49:53.595   545   548 D dalvikvm: GC_CONCURRENT freed 428K, 11% free 10465K/11719K, paused 2ms+3ms
07-05 11:49:53.786   545   548 D dalvikvm: GC_CONCURRENT freed 411K, 11% free 10441K/11719K, paused 2ms+2ms
07-05 11:49:53.852   545  9707 I DownloadManager: Initiating request for download 1106
07-05 11:49:53.938   156   559 D dalvikvm: GC_EXPLICIT freed 525K, 17% free 13311K/15879K, paused 3ms+5ms
07-05 11:49:54.017   545   548 D dalvikvm: GC_CONCURRENT freed 224K, 9% free 10693K/11719K, paused 2ms+4ms
07-05 11:49:54.145   545   548 D dalvikvm: GC_CONCURRENT freed 445K, 9% free 10709K/11719K, paused 2ms+2ms
07-05 11:49:54.384   545   548 D dalvikvm: GC_CONCURRENT freed 698K, 11% free 10451K/11719K, paused 2ms+2ms
07-05 11:49:54.559   545   548 D dalvikvm: GC_CONCURRENT freed 409K, 11% free 10430K/11719K, paused 2ms+3ms
07-05 11:49:54.696   545  9710 I DownloadManager: Initiating request for download 1107
07-05 11:49:54.786   545   548 D dalvikvm: GC_CONCURRENT freed 276K, 10% free 10595K/11719K, paused 2ms+2ms
07-05 11:49:54.892   545   548 D dalvikvm: GC_CONCURRENT freed 312K, 9% free 10774K/11719K, paused 1ms+3ms
07-05 11:49:55.118  1370  9712 E DictionaryProvider:UpdateHandler: Can't read a file : android.util.MalformedJsonException: Use JsonReader.setLenient(true) to accept malformed JSON at line 1 column 20
07-05 11:49:55.138   545   548 D dalvikvm: GC_CONCURRENT freed 779K, 11% free 10477K/11719K, paused 2ms+2ms
07-05 11:49:55.349   545   548 D dalvikvm: GC_CONCURRENT freed 421K, 11% free 10445K/11719K, paused 2ms+3ms
07-05 11:49:55.493   545  9715 I DownloadManager: Initiating request for download 1107
07-05 11:49:55.544   545   548 D dalvikvm: GC_CONCURRENT freed 368K, 11% free 10500K/11719K, paused 2ms+2ms
07-05 11:49:55.657   545   548 D dalvikvm: GC_CONCURRENT freed 217K, 9% free 10743K/11719K, paused 2ms+2ms
07-05 11:49:55.825   545   548 D dalvikvm: GC_CONCURRENT freed 705K, 11% free 10493K/11719K, paused 2ms+3ms
07-05 11:49:56.056   545   548 D dalvikvm: GC_CONCURRENT freed 437K, 11% free 10445K/11719K, paused 2ms+2ms
07-05 11:49:56.243   545   548 D dalvikvm: GC_CONCURRENT freed 406K, 12% free 10427K/11719K, paused 2ms+2ms
07-05 11:49:56.345   545  9718 I DownloadManager: Initiating request for download 1108
07-05 11:49:56.454   545   548 D dalvikvm: GC_CONCURRENT freed 209K, 10% free 10646K/11719K, paused 3ms+3ms
07-05 11:49:56.567   545   548 D dalvikvm: GC_CONCURRENT freed 382K, 9% free 10704K/11719K, paused 2ms+2ms
07-05 11:49:56.794  1370  9720 E DictionaryProvider:UpdateHandler: Can't read a file : android.util.MalformedJsonException: Use JsonReader.setLenient(true) to accept malformed JSON at line 1 column 20
07-05 11:49:56.806   545   548 D dalvikvm: GC_CONCURRENT freed 685K, 11% free 10469K/11719K, paused 2ms+2ms
07-05 11:49:56.884  1370  1372 D dalvikvm: GC_CONCURRENT freed 390K, 7% free 9125K/9735K, paused 1ms+2ms
07-05 11:49:57.036   545   548 D dalvikvm: GC_CONCURRENT freed 416K, 11% free 10442K/11719K, paused 2ms+2ms
07-05 11:49:57.161   545  9723 I DownloadManager: Initiating request for download 1108
07-05 11:49:57.224   545   548 D dalvikvm: GC_CONCURRENT freed 327K, 11% free 10504K/11719K, paused 2ms+3ms
07-05 11:49:57.325   545   548 D dalvikvm: GC_CONCURRENT freed 208K, 9% free 10745K/11719K, paused 2ms+3ms
07-05 11:49:57.474   545   548 D dalvikvm: GC_CONCURRENT freed 701K, 11% free 10496K/11719K, paused 2ms+2ms
07-05 11:49:57.688   545   548 D dalvikvm: GC_CONCURRENT freed 434K, 11% free 10450K/11719K, paused 1ms+2ms
07-05 11:49:57.880   545   548 D dalvikvm: GC_CONCURRENT freed 407K, 11% free 10435K/11719K, paused 2ms+3ms
07-05 11:49:57.958   545  9726 I DownloadManager: Initiating request for download 1109
07-05 11:49:58.059   545   548 D dalvikvm: GC_CONCURRENT freed 229K, 10% free 10650K/11719K, paused 1ms+2ms
07-05 11:49:58.181   545   548 D dalvikvm: GC_CONCURRENT freed 384K, 9% free 10722K/11719K, paused 2ms+2ms
07-05 11:49:58.352  1370  9728 E DictionaryProvider:UpdateHandler: Can't read a file : android.util.MalformedJsonException: Use JsonReader.setLenient(true) to accept malformed JSON at line 1 column 20
07-05 11:49:58.450   545   548 D dalvikvm: GC_CONCURRENT freed 702K, 11% free 10467K/11719K, paused 2ms+2ms
07-05 11:49:58.626   545   548 D dalvikvm: GC_CONCURRENT freed 415K, 11% free 10439K/11719K, paused 2ms+3ms
07-05 11:49:58.735   545  9731 I DownloadManager: Initiating request for download 1109
07-05 11:49:58.817   545   548 D dalvikvm: GC_CONCURRENT freed 304K, 10% free 10603K/11719K, paused 1ms+2ms
07-05 11:49:58.934   545   548 D dalvikvm: GC_CONCURRENT freed 297K, 9% free 10765K/11719K, paused 1ms+2ms
07-05 11:49:59.134   545   548 D dalvikvm: GC_CONCURRENT freed 768K, 11% free 10467K/11719K, paused 2ms+2ms
07-05 11:49:59.341   545   548 D dalvikvm: GC_CONCURRENT freed 407K, 11% free 10446K/11719K, paused 2ms+2ms
07-05 11:49:59.532   545  9734 I DownloadManager: Initiating request for download 1110
07-05 11:49:59.567   545   548 D dalvikvm: GC_CONCURRENT freed 407K, 11% free 10461K/11719K, paused 2ms+4ms
07-05 11:49:59.696   545   548 D dalvikvm: GC_CONCURRENT freed 211K, 9% free 10757K/11719K, paused 2ms+3ms
07-05 11:49:59.860   545   548 D dalvikvm: GC_CONCURRENT freed 720K, 11% free 10498K/11719K, paused 2ms+2ms
07-05 11:49:59.938  1370  9736 E DictionaryProvider:UpdateHandler: Can't read a file : android.util.MalformedJsonException: Use JsonReader.setLenient(true) to accept malformed JSON at line 1 column 20
07-05 11:50:00.138   545   548 D dalvikvm: GC_CONCURRENT freed 426K, 11% free 10460K/11719K, paused 2ms+2ms
07-05 11:50:00.317   545   548 D dalvikvm: GC_CONCURRENT freed 411K, 11% free 10436K/11719K, paused 2ms+3ms
07-05 11:50:00.380   545  9739 I DownloadManager: Initiating request for download 1110
07-05 11:50:00.470   545   548 D dalvikvm: GC_CONCURRENT freed 225K, 10% free 10646K/11719K, paused 1ms+2ms
07-05 11:50:00.579   545   548 D dalvikvm: GC_CONCURRENT freed 370K, 9% free 10711K/11719K, paused 2ms+2ms
07-05 11:50:00.809   545   548 D dalvikvm: GC_CONCURRENT freed 689K, 11% free 10460K/11719K, paused 2ms+3ms
07-05 11:50:00.997   545   548 D dalvikvm: GC_CONCURRENT freed 404K, 11% free 10444K/11719K, paused 2ms+3ms
07-05 11:50:01.161   545  9742 I DownloadManager: Initiating request for download 1111
07-05 11:50:01.224   545   548 D dalvikvm: GC_CONCURRENT freed 338K, 11% free 10512K/11719K, paused 2ms+3ms
07-05 11:50:01.329   545   548 D dalvikvm: GC_CONCURRENT freed 219K, 9% free 10726K/11719K, paused 2ms+3ms
07-05 11:50:01.477   545   548 D dalvikvm: GC_CONCURRENT freed 675K, 11% free 10507K/11719K, paused 2ms+3ms
07-05 11:50:01.567  1370  9744 E DictionaryProvider:UpdateHandler: Can't read a file : android.util.MalformedJsonException: Use JsonReader.setLenient(true) to accept malformed JSON at line 1 column 20
07-05 11:50:01.727   545   548 D dalvikvm: GC_CONCURRENT freed 428K, 11% free 10467K/11719K, paused 2ms+3ms
07-05 11:50:01.923   545   548 D dalvikvm: GC_CONCURRENT freed 408K, 11% free 10442K/11719K, paused 2ms+3ms
07-05 11:50:01.993   545  9746 I DownloadManager: Initiating request for download 1111
07-05 11:50:02.063   545   548 D dalvikvm: GC_CONCURRENT freed 210K, 10% free 10622K/11719K, paused 2ms+2ms
07-05 11:50:02.142   545   548 D dalvikvm: GC_CONCURRENT freed 258K, 9% free 10772K/11719K, paused 2ms+2ms
07-05 11:50:02.395   993  1240 I PhoneLab-: Service Running
07-05 11:50:02.450   993  1240 I PhoneLab-LoggerService: app_49    1247  993   1956   1584  c00f181c 400107b4 S logcat
07-05 11:50:02.450   993  1240 I PhoneLab-LoggerService: Logcat pid from database 1247
07-05 11:50:02.450   993  1240 I PhoneLab-LoggerService: Logcat process found 1247
07-05 11:50:02.450   993  1240 I PhoneLab-LoggerService: Checking Threshold
07-05 11:50:02.450   993  1240 I PhoneLab-LoggerService: Starting to rename files
07-05 11:50:02.450   993  1240 I PhoneLab-LoggerService: Files found .. 7
07-05 11:50:02.450   993  1240 I PhoneLab-LoggerService: File 1 log.out.1
07-05 11:50:02.458   993  1240 I PhoneLab-LoggerService: Renamed successfully
07-05 11:50:02.477   545   548 D dalvikvm: GC_CONCURRENT freed 769K, 11% free 10468K/11719K, paused 2ms+2ms
07-05 11:50:02.684   545   548 D dalvikvm: GC_CONCURRENT freed 402K, 11% free 10454K/11719K, paused 2ms+2ms
07-05 11:50:02.911   545  9751 I DownloadManager: Initiating request for download 1112
07-05 11:50:02.915   545   548 D dalvikvm: GC_CONCURRENT freed 400K, 11% free 10464K/11719K, paused 2ms+2ms
07-05 11:50:03.040   545   548 D dalvikvm: GC_CONCURRENT freed 191K, 9% free 10705K/11719K, paused 2ms+3ms
07-05 11:50:03.173   545   548 D dalvikvm: GC_CONCURRENT freed 438K, 9% free 10725K/11719K, paused 1ms+2ms
07-05 11:50:03.399   545   548 D dalvikvm: GC_CONCURRENT freed 675K, 11% free 10494K/11719K, paused 2ms+2ms
07-05 11:50:03.591   545   548 D dalvikvm: GC_CONCURRENT freed 401K, 11% free 10482K/11719K, paused 2ms+3ms
07-05 11:50:04.946  1370  9754 E DictionaryProvider:UpdateHandler: Can't read a file : android.util.MalformedJsonException: Use JsonReader.setLenient(true) to accept malformed JSON at line 1 column 20
07-05 11:50:05.056  1370  1372 D dalvikvm: GC_CONCURRENT freed 391K, 7% free 9126K/9735K, paused 1ms+3ms
07-05 11:50:05.075   545   548 D dalvikvm: GC_CONCURRENT freed 383K, 11% free 10487K/11719K, paused 2ms+2ms
07-05 11:50:05.274   545   548 D dalvikvm: GC_CONCURRENT freed 421K, 11% free 10455K/11719K, paused 2ms+2ms
07-05 11:50:05.466   545   548 D dalvikvm: GC_CONCURRENT freed 402K, 11% free 10440K/11719K, paused 2ms+3ms
07-05 11:50:05.517   545  9757 I DownloadManager: Initiating request for download 1112
07-05 11:50:05.520   545  9757 W DownloadManager: Aborting request for download 1112: Trying to resume a download that can't be resumed
07-05 11:50:05.786   545   548 D dalvikvm: GC_CONCURRENT freed 358K, 11% free 10470K/11719K, paused 2ms+2ms
07-05 11:50:05.977   545   548 D dalvikvm: GC_CONCURRENT freed 406K, 11% free 10451K/11719K, paused 2ms+2ms
07-05 11:50:06.157   545   548 D dalvikvm: GC_CONCURRENT freed 396K, 11% free 10442K/11719K, paused 2ms+3ms
07-05 11:50:06.196   545  9760 I DownloadManager: Initiating request for download 1113
07-05 11:50:06.313   545   548 D dalvikvm: GC_CONCURRENT freed 190K, 9% free 10752K/11719K, paused 2ms+2ms
07-05 11:50:06.462   545   548 D dalvikvm: GC_CONCURRENT freed 693K, 11% free 10511K/11719K, paused 2ms+2ms
07-05 11:50:06.559  1370  9762 E DictionaryProvider:UpdateHandler: Can't read a file : android.util.MalformedJsonException: Use JsonReader.setLenient(true) to accept malformed JSON at line 1 column 20
07-05 11:50:06.720   545   548 D dalvikvm: GC_CONCURRENT freed 436K, 11% free 10467K/11719K, paused 2ms+2ms
07-05 11:50:06.911   545   548 D dalvikvm: GC_CONCURRENT freed 412K, 11% free 10445K/11719K, paused 2ms+2ms
07-05 11:50:06.997   545  9765 I DownloadManager: Initiating request for download 1113
07-05 11:50:07.083   545   548 D dalvikvm: GC_CONCURRENT freed 246K, 10% free 10628K/11719K, paused 2ms+2ms
07-05 11:50:07.184   545   548 D dalvikvm: GC_CONCURRENT freed 294K, 8% free 10798K/11719K, paused 2ms+3ms
07-05 11:50:07.423   545   548 D dalvikvm: GC_CONCURRENT freed 799K, 11% free 10472K/11719K, paused 1ms+3ms
07-05 11:50:07.610   545   548 D dalvikvm: GC_CONCURRENT freed 407K, 11% free 10453K/11719K, paused 2ms+3ms
07-05 11:50:07.763   545  9768 I DownloadManager: Initiating request for download 1114
07-05 11:50:07.829   545   548 D dalvikvm: GC_CONCURRENT freed 350K, 11% free 10517K/11719K, paused 2ms+3ms
07-05 11:50:07.942   545   548 D dalvikvm: GC_CONCURRENT freed 217K, 9% free 10732K/11719K, paused 2ms+3ms
07-05 11:50:08.087   545   548 D dalvikvm: GC_CONCURRENT freed 671K, 11% free 10513K/11719K, paused 2ms+2ms
07-05 11:50:08.161  1370  9770 E DictionaryProvider:UpdateHandler: Can't read a file : android.util.MalformedJsonException: Use JsonReader.setLenient(true) to accept malformed JSON at line 1 column 20
07-05 11:50:08.337   545   548 D dalvikvm: GC_CONCURRENT freed 429K, 11% free 10473K/11719K, paused 1ms+3ms
07-05 11:50:08.524   545   548 D dalvikvm: GC_CONCURRENT freed 411K, 11% free 10449K/11719K, paused 2ms+2ms
07-05 11:50:08.599   545  9773 I DownloadManager: Initiating request for download 1114
07-05 11:50:08.681   545   548 D dalvikvm: GC_CONCURRENT freed 248K, 10% free 10643K/11719K, paused 2ms+2ms
07-05 11:50:08.790   545   548 D dalvikvm: GC_CONCURRENT freed 293K, 8% free 10821K/11719K, paused 2ms+2ms
07-05 11:50:09.032   545   548 D dalvikvm: GC_CONCURRENT freed 825K, 11% free 10473K/11719K, paused 2ms+2ms
07-05 11:50:09.216   545   548 D dalvikvm: GC_CONCURRENT freed 409K, 11% free 10452K/11719K, paused 2ms+2ms
07-05 11:50:09.352   545  9776 I DownloadManager: Initiating request for download 1115
07-05 11:50:09.446   156   568 D dalvikvm: GC_EXPLICIT freed 539K, 17% free 13311K/15879K, paused 4ms+6ms
07-05 11:50:09.505   545   548 D dalvikvm: GC_CONCURRENT freed 309K, 10% free 10573K/11719K, paused 2ms+3ms
07-05 11:50:09.606   545   548 D dalvikvm: GC_CONCURRENT freed 266K, 9% free 10741K/11719K, paused 2ms+3ms
07-05 11:50:09.770   545   548 D dalvikvm: GC_CONCURRENT freed 697K, 11% free 10504K/11719K, paused 1ms+2ms
07-05 11:50:09.856  1370  9778 E DictionaryProvider:UpdateHandler: Can't read a file : android.util.MalformedJsonException: Use JsonReader.setLenient(true) to accept malformed JSON at line 1 column 20
07-05 11:50:10.032   545   548 D dalvikvm: GC_CONCURRENT freed 434K, 11% free 10464K/11719K, paused 2ms+2ms
07-05 11:50:10.259   545   548 D dalvikvm: GC_CONCURRENT freed 418K, 11% free 10437K/11719K, paused 2ms+3ms
07-05 11:50:10.309   545  9781 I DownloadManager: Initiating request for download 1115
07-05 11:50:10.407   545   548 D dalvikvm: GC_CONCURRENT freed 212K, 10% free 10653K/11719K, paused 2ms+3ms
07-05 11:50:10.528   545   548 D dalvikvm: GC_CONCURRENT freed 386K, 9% free 10708K/11719K, paused 2ms+4ms
07-05 11:50:10.747   545   548 D dalvikvm: GC_CONCURRENT freed 652K, 11% free 10491K/11719K, paused 3ms+2ms
07-05 11:50:10.962   545   548 D dalvikvm: GC_CONCURRENT freed 406K, 11% free 10479K/11719K, paused 2ms+4ms
07-05 11:50:11.153   545  9784 I DownloadManager: Initiating request for download 1116
07-05 11:50:11.224   545   548 D dalvikvm: GC_CONCURRENT freed 350K, 11% free 10516K/11719K, paused 2ms+7ms
07-05 11:50:11.333   545   548 D dalvikvm: GC_CONCURRENT freed 223K, 9% free 10725K/11719K, paused 1ms+3ms
07-05 11:50:11.477   545   548 D dalvikvm: GC_CONCURRENT freed 670K, 11% free 10504K/11719K, paused 2ms+3ms
07-05 11:50:11.563  1370  9786 E DictionaryProvider:UpdateHandler: Can't read a file : android.util.MalformedJsonException: Use JsonReader.setLenient(true) to accept malformed JSON at line 1 column 20
07-05 11:50:11.630  1370  1372 D dalvikvm: GC_CONCURRENT freed 390K, 7% free 9126K/9735K, paused 1ms+2ms
07-05 11:50:11.755   545   548 D dalvikvm: GC_CONCURRENT freed 426K, 11% free 10464K/11719K, paused 2ms+3ms
07-05 11:50:11.934   545   548 D dalvikvm: GC_CONCURRENT freed 413K, 11% free 10441K/11719K, paused 1ms+2ms
07-05 11:50:12.009   545  9789 I DownloadManager: Initiating request for download 1116
07-05 11:50:12.099   545   548 D dalvikvm: GC_CONCURRENT freed 238K, 10% free 10641K/11719K, paused 2ms+3ms
07-05 11:50:12.200   545   548 D dalvikvm: GC_CONCURRENT freed 295K, 8% free 10799K/11719K, paused 2ms+3ms
07-05 11:50:12.431   545   548 D dalvikvm: GC_CONCURRENT freed 807K, 11% free 10465K/11719K, paused 2ms+2ms
07-05 11:50:12.618   545   548 D dalvikvm: GC_CONCURRENT freed 410K, 11% free 10446K/11719K, paused 1ms+3ms
07-05 11:50:12.849   545  9792 D dalvikvm: GC_EXPLICIT freed 316K, 11% free 10491K/11719K, paused 2ms+11ms
07-05 11:50:12.856   545  9792 I DownloadManager: Initiating request for download 1117
07-05 11:50:12.962   545   548 D dalvikvm: GC_CONCURRENT freed 237K, 9% free 10730K/11719K, paused 2ms+3ms
07-05 11:50:13.091   545   548 D dalvikvm: GC_CONCURRENT freed 673K, 11% free 10506K/11719K, paused 2ms+2ms
07-05 11:50:13.216  1370  9794 E DictionaryProvider:UpdateHandler: Can't read a file : android.util.MalformedJsonException: Use JsonReader.setLenient(true) to accept malformed JSON at line 1 column 20
07-05 11:50:13.356   545   548 D dalvikvm: GC_CONCURRENT freed 427K, 11% free 10469K/11719K, paused 2ms+3ms
07-05 11:50:13.536   545   548 D dalvikvm: GC_CONCURRENT freed 412K, 11% free 10443K/11719K, paused 2ms+3ms
07-05 11:50:13.614   545  9797 I DownloadManager: Initiating request for download 1117
07-05 11:50:13.700   156   210 I ActivityManager: START {act=android.intent.action.MAIN cat=[android.intent.category.HOME] flg=0x10200000 cmp=com.android.launcher/com.android.launcher2.Launcher} from pid 156
07-05 11:50:13.735   545   548 D dalvikvm: GC_CONCURRENT freed 239K, 10% free 10628K/11719K, paused 2ms+12ms
07-05 11:50:13.884   545   548 D dalvikvm: GC_CONCURRENT freed 298K, 8% free 10802K/11719K, paused 2ms+4ms
07-05 11:50:14.247   545   548 D dalvikvm: GC_CONCURRENT freed 805K, 11% free 10467K/11719K, paused 2ms+3ms
07-05 11:50:14.509   545   548 D dalvikvm: GC_CONCURRENT freed 406K, 11% free 10448K/11719K, paused 2ms+3ms
07-05 11:50:14.716   545  9801 I DownloadManager: Initiating request for download 1118
07-05 11:50:14.798   545   548 D dalvikvm: GC_CONCURRENT freed 350K, 11% free 10514K/11719K, paused 4ms+8ms
07-05 11:50:14.958   545   548 D dalvikvm: GC_CONCURRENT freed 223K, 9% free 10734K/11719K, paused 7ms+4ms
07-05 11:50:15.145   545   548 D dalvikvm: GC_CONCURRENT freed 675K, 11% free 10510K/11719K, paused 2ms+3ms
07-05 11:50:15.220  1370  9803 E DictionaryProvider:UpdateHandler: Can't read a file : android.util.MalformedJsonException: Use JsonReader.setLenient(true) to accept malformed JSON at line 1 column 20
07-05 11:50:15.395   545   548 D dalvikvm: GC_CONCURRENT freed 422K, 11% free 10478K/11719K, paused 2ms+2ms
07-05 11:50:15.599   545   548 D dalvikvm: GC_CONCURRENT freed 421K, 11% free 10446K/11719K, paused 2ms+2ms
07-05 11:50:15.673   545  9806 I DownloadManager: Initiating request for download 1118
07-05 11:50:15.770   545   548 D dalvikvm: GC_CONCURRENT freed 239K, 9% free 10676K/11719K, paused 2ms+3ms
07-05 11:50:15.876   545   548 D dalvikvm: GC_CONCURRENT freed 399K, 9% free 10719K/11719K, paused 2ms+2ms
07-05 11:50:16.071   545   548 D dalvikvm: GC_CONCURRENT freed 654K, 11% free 10506K/11719K, paused 2ms+2ms
07-05 11:50:16.259   545   548 D dalvikvm: GC_CONCURRENT freed 403K, 11% free 10492K/11719K, paused 2ms+2ms
07-05 11:50:17.013   545  9808 I DownloadManager: Initiating request for download 1119
07-05 11:50:17.087   545   548 D dalvikvm: GC_CONCURRENT freed 386K, 11% free 10526K/11719K, paused 2ms+3ms
07-05 11:50:17.192   545   548 D dalvikvm: GC_CONCURRENT freed 208K, 9% free 10764K/11719K, paused 2ms+2ms
07-05 11:50:17.380   545   548 D dalvikvm: GC_CONCURRENT freed 714K, 11% free 10511K/11719K, paused 2ms+2ms
07-05 11:50:17.466  1370  9811 E DictionaryProvider:UpdateHandler: Can't read a file : android.util.MalformedJsonException: Use JsonReader.setLenient(true) to accept malformed JSON at line 1 column 20
07-05 11:50:17.634   545   548 D dalvikvm: GC_CONCURRENT freed 428K, 11% free 10472K/11719K, paused 1ms+3ms
07-05 11:50:17.825   545   548 D dalvikvm: GC_CONCURRENT freed 413K, 11% free 10450K/11719K, paused 2ms+3ms
07-05 11:50:17.911   545  9814 I DownloadManager: Initiating request for download 1119
07-05 11:50:18.001   545   548 D dalvikvm: GC_CONCURRENT freed 232K, 10% free 10642K/11719K, paused 2ms+2ms
07-05 11:50:18.106   545   548 D dalvikvm: GC_CONCURRENT freed 293K, 8% free 10810K/11719K, paused 2ms+3ms
07-05 11:50:18.341   545   548 D dalvikvm: GC_CONCURRENT freed 811K, 11% free 10473K/11719K, paused 2ms+3ms
07-05 11:50:18.540   545   548 D dalvikvm: GC_CONCURRENT freed 407K, 11% free 10453K/11719K, paused 2ms+3ms
07-05 11:50:18.684   545  9817 I DownloadManager: Initiating request for download 1120
07-05 11:50:18.755   545   548 D dalvikvm: GC_CONCURRENT freed 342K, 11% free 10521K/11719K, paused 2ms+3ms
07-05 11:50:18.864   545   548 D dalvikvm: GC_CONCURRENT freed 223K, 8% free 10786K/11719K, paused 2ms+3ms
07-05 11:50:19.032   545   548 D dalvikvm: GC_CONCURRENT freed 742K, 11% free 10514K/11719K, paused 2ms+3ms
07-05 11:50:19.114  1370  9819 E DictionaryProvider:UpdateHandler: Can't read a file : android.util.MalformedJsonException: Use JsonReader.setLenient(true) to accept malformed JSON at line 1 column 20
07-05 11:50:19.184  1370  1372 D dalvikvm: GC_CONCURRENT freed 388K, 7% free 9127K/9735K, paused 2ms+2ms
07-05 11:50:19.313   545   548 D dalvikvm: GC_CONCURRENT freed 431K, 11% free 10471K/11719K, paused 2ms+2ms
07-05 11:50:19.497   545   548 D dalvikvm: GC_CONCURRENT freed 414K, 11% free 10445K/11719K, paused 2ms+2ms
07-05 11:50:19.548   545  9822 I DownloadManager: Initiating request for download 1120
07-05 11:50:19.657   545   548 D dalvikvm: GC_CONCURRENT freed 202K, 10% free 10660K/11719K, paused 2ms+3ms
07-05 11:50:19.759   545   548 D dalvikvm: GC_CONCURRENT freed 317K, 8% free 10811K/11719K, paused 1ms+3ms
07-05 11:50:20.005   545   548 D dalvikvm: GC_CONCURRENT freed 811K, 11% free 10476K/11719K, paused 2ms+2ms
07-05 11:50:20.192   545   548 D dalvikvm: GC_CONCURRENT freed 409K, 11% free 10453K/11719K, paused 2ms+3ms
07-05 11:50:20.341   545  9825 I DownloadManager: Initiating request for download 1121
07-05 11:50:20.419   545   548 D dalvikvm: GC_CONCURRENT freed 291K, 10% free 10592K/11719K, paused 2ms+2ms
07-05 11:50:20.524   545   548 D dalvikvm: GC_CONCURRENT freed 273K, 9% free 10772K/11719K, paused 2ms+2ms
07-05 11:50:20.712   545   548 D dalvikvm: GC_CONCURRENT freed 724K, 11% free 10515K/11719K, paused 2ms+3ms
07-05 11:50:20.790  1370  9827 D dalvikvm: GC_EXPLICIT freed 80K, 7% free 9095K/9735K, paused 1ms+3ms
07-05 11:50:20.798  1370  9827 E DictionaryProvider:UpdateHandler: Can't read a file : android.util.MalformedJsonException: Use JsonReader.setLenient(true) to accept malformed JSON at line 1 column 20
07-05 11:50:20.845   465  9828 D dalvikvm: GC_EXPLICIT freed 409K, 6% free 10504K/11079K, paused 2ms+3ms
07-05 11:50:21.013   545   548 D dalvikvm: GC_CONCURRENT freed 434K, 11% free 10471K/11719K, paused 1ms+3ms
07-05 11:50:21.216   545   548 D dalvikvm: GC_CONCURRENT freed 409K, 11% free 10454K/11719K, paused 2ms+3ms
07-05 11:50:21.255   545  9830 I DownloadManager: Initiating request for download 1121
07-05 11:50:21.356   545   548 D dalvikvm: GC_CONCURRENT freed 203K, 9% free 10684K/11719K, paused 1ms+3ms
07-05 11:50:21.462   545   548 D dalvikvm: GC_CONCURRENT freed 400K, 9% free 10727K/11719K, paused 2ms+3ms
07-05 11:50:21.700   545   548 D dalvikvm: GC_CONCURRENT freed 696K, 11% free 10473K/11719K, paused 2ms+2ms
07-05 11:50:21.892   545   548 D dalvikvm: GC_CONCURRENT freed 405K, 11% free 10455K/11719K, paused 2ms+2ms
07-05 11:50:22.024   545  9833 I DownloadManager: Initiating request for download 1122
07-05 11:50:22.114   545   548 D dalvikvm: GC_CONCURRENT freed 296K, 10% free 10605K/11719K, paused 2ms+3ms
07-05 11:50:22.220   545   548 D dalvikvm: GC_CONCURRENT freed 279K, 9% free 10778K/11719K, paused 2ms+3ms
07-05 11:50:22.395   545   548 D dalvikvm: GC_CONCURRENT freed 730K, 11% free 10515K/11719K, paused 2ms+3ms
07-05 11:50:22.458  1370  9835 E DictionaryProvider:UpdateHandler: Can't read a file : android.util.MalformedJsonException: Use JsonReader.setLenient(true) to accept malformed JSON at line 1 column 20
07-05 11:50:22.634   545   548 D dalvikvm: GC_CONCURRENT freed 433K, 11% free 10474K/11719K, paused 2ms+3ms
07-05 11:50:22.837   545   548 D dalvikvm: GC_CONCURRENT freed 411K, 11% free 10457K/11719K, paused 2ms+2ms
07-05 11:50:22.868   545  9838 I DownloadManager: Initiating request for download 1122
07-05 11:50:22.981   545   548 D dalvikvm: GC_CONCURRENT freed 189K, 9% free 10685K/11719K, paused 3ms+2ms
07-05 11:50:23.087   545   548 D dalvikvm: GC_CONCURRENT freed 398K, 9% free 10738K/11719K, paused 2ms+2ms
07-05 11:50:23.325   545   548 D dalvikvm: GC_CONCURRENT freed 707K, 11% free 10478K/11719K, paused 2ms+3ms
07-05 11:50:23.513   545   548 D dalvikvm: GC_CONCURRENT freed 407K, 11% free 10459K/11719K, paused 2ms+3ms
07-05 11:50:23.645   545  9841 I DownloadManager: Initiating request for download 1123
07-05 11:50:23.739   545   548 D dalvikvm: GC_CONCURRENT freed 290K, 10% free 10601K/11719K, paused 2ms+4ms
07-05 11:50:23.845   545   548 D dalvikvm: GC_CONCURRENT freed 284K, 8% free 10790K/11719K, paused 2ms+3ms
07-05 11:50:24.028   545   548 D dalvikvm: GC_CONCURRENT freed 739K, 11% free 10522K/11719K, paused 2ms+3ms
07-05 11:50:24.087  1370  9843 E DictionaryProvider:UpdateHandler: Can't read a file : android.util.MalformedJsonException: Use JsonReader.setLenient(true) to accept malformed JSON at line 1 column 20
07-05 11:50:24.274   545   548 D dalvikvm: GC_CONCURRENT freed 431K, 11% free 10478K/11719K, paused 2ms+3ms
07-05 11:50:24.466   545   548 D dalvikvm: GC_CONCURRENT freed 413K, 11% free 10455K/11719K, paused 1ms+2ms
07-05 11:50:24.563   156   593 D dalvikvm: GC_EXPLICIT freed 526K, 17% free 13310K/15879K, paused 3ms+6ms
07-05 11:50:24.571   545  9846 I DownloadManager: Initiating request for download 1123
07-05 11:50:24.681   545   548 D dalvikvm: GC_CONCURRENT freed 188K, 9% free 10711K/11719K, paused 2ms+3ms
07-05 11:50:24.794   545   548 D dalvikvm: GC_CONCURRENT freed 452K, 9% free 10719K/11719K, paused 2ms+2ms
07-05 11:50:25.024   545   548 D dalvikvm: GC_CONCURRENT freed 696K, 11% free 10470K/11719K, paused 2ms+2ms
07-05 11:50:25.204   545   548 D dalvikvm: GC_CONCURRENT freed 412K, 11% free 10447K/11719K, paused 2ms+2ms
07-05 11:50:25.337   545  9849 I DownloadManager: Initiating request for download 1124
07-05 11:50:25.431   545   548 D dalvikvm: GC_CONCURRENT freed 262K, 10% free 10615K/11719K, paused 2ms+3ms
07-05 11:50:25.532   545   548 D dalvikvm: GC_CONCURRENT freed 286K, 9% free 10780K/11719K, paused 2ms+3ms
07-05 11:50:25.727   545   548 D dalvikvm: GC_CONCURRENT freed 770K, 11% free 10480K/11719K, paused 2ms+2ms
07-05 11:50:25.770  1370  9851 E DictionaryProvider:UpdateHandler: Can't read a file : android.util.MalformedJsonException: Use JsonReader.setLenient(true) to accept malformed JSON at line 1 column 20
07-05 11:50:25.977   545   548 D dalvikvm: GC_CONCURRENT freed 407K, 11% free 10467K/11719K, paused 2ms+3ms
07-05 11:50:26.169   545   548 D dalvikvm: GC_CONCURRENT freed 416K, 11% free 10440K/11719K, paused 2ms+3ms
07-05 11:50:26.196   545  9854 I DownloadManager: Initiating request for download 1124
07-05 11:50:26.302   545   548 D dalvikvm: GC_CONCURRENT freed 173K, 9% free 10717K/11719K, paused 2ms+3ms
07-05 11:50:26.423   545   548 D dalvikvm: GC_CONCURRENT freed 448K, 9% free 10722K/11719K, paused 2ms+2ms
07-05 11:50:26.630   545   548 D dalvikvm: GC_CONCURRENT freed 667K, 11% free 10502K/11719K, paused 2ms+3ms
07-05 11:50:26.817   545   548 D dalvikvm: GC_CONCURRENT freed 406K, 11% free 10483K/11719K, paused 2ms+2ms
07-05 11:50:27.833   545  9856 I DownloadManager: Initiating request for download 1125
07-05 11:50:27.938   545   548 D dalvikvm: GC_CONCURRENT freed 288K, 10% free 10633K/11719K, paused 2ms+3ms
07-05 11:50:28.044   545   548 D dalvikvm: GC_CONCURRENT freed 295K, 8% free 10796K/11719K, paused 2ms+3ms
07-05 11:50:28.263   545   548 D dalvikvm: GC_CONCURRENT freed 794K, 11% free 10475K/11719K, paused 2ms+2ms
07-05 11:50:28.337  1370  9859 E DictionaryProvider:UpdateHandler: Can't read a file : android.util.MalformedJsonException: Use JsonReader.setLenient(true) to accept malformed JSON at line 1 column 20
07-05 11:50:28.368  1370  1372 D dalvikvm: GC_CONCURRENT freed 368K, 7% free 9137K/9735K, paused 2ms+3ms
07-05 11:50:28.528   545   548 D dalvikvm: GC_CONCURRENT freed 395K, 11% free 10469K/11719K, paused 2ms+2ms
07-05 11:50:28.704   545  9862 I DownloadManager: Initiating request for download 1125
07-05 11:50:28.731   545   548 D dalvikvm: GC_CONCURRENT freed 415K, 11% free 10448K/11719K, paused 2ms+2ms
07-05 11:50:28.864   545   548 D dalvikvm: GC_CONCURRENT freed 172K, 9% free 10704K/11719K, paused 2ms+2ms
07-05 11:50:28.974   545   548 D dalvikvm: GC_CONCURRENT freed 423K, 9% free 10726K/11719K, paused 2ms+2ms
07-05 11:50:29.216   545   548 D dalvikvm: GC_CONCURRENT freed 705K, 11% free 10468K/11719K, paused 2ms+2ms
07-05 11:50:29.407   545   548 D dalvikvm: GC_CONCURRENT freed 406K, 11% free 10448K/11719K, paused 2ms+2ms
07-05 11:50:29.544   545  9865 I DownloadManager: Initiating request for download 1126
07-05 11:50:29.634   545   548 D dalvikvm: GC_CONCURRENT freed 259K, 9% free 10674K/11719K, paused 2ms+3ms
07-05 11:50:29.735   545   548 D dalvikvm: GC_CONCURRENT freed 334K, 8% free 10823K/11719K, paused 2ms+3ms
07-05 11:50:29.954   545   548 D dalvikvm: GC_CONCURRENT freed 828K, 11% free 10476K/11719K, paused 2ms+2ms
07-05 11:50:29.993  1370  9867 E DictionaryProvider:UpdateHandler: Can't read a file : android.util.MalformedJsonException: Use JsonReader.setLenient(true) to accept malformed JSON at line 1 column 20
07-05 11:50:30.192   545   548 D dalvikvm: GC_CONCURRENT freed 400K, 11% free 10465K/11719K, paused 2ms+2ms
07-05 11:50:30.325   545  9870 I DownloadManager: Initiating request for download 1126
07-05 11:50:30.388   545   548 D dalvikvm: GC_CONCURRENT freed 357K, 11% free 10522K/11719K, paused 2ms+3ms
07-05 11:50:30.493   545   548 D dalvikvm: GC_CONCURRENT freed 216K, 9% free 10740K/11719K, paused 1ms+3ms
07-05 11:50:30.634   545   548 D dalvikvm: GC_CONCURRENT freed 672K, 11% free 10520K/11719K, paused 1ms+3ms
07-05 11:50:30.864   545   548 D dalvikvm: GC_CONCURRENT freed 438K, 11% free 10470K/11719K, paused 2ms+3ms
07-05 11:50:31.056   545   548 D dalvikvm: GC_CONCURRENT freed 406K, 11% free 10457K/11719K, paused 2ms+3ms
07-05 11:50:31.169   545  9873 I DownloadManager: Initiating request for download 1127
07-05 11:50:31.270   545   548 D dalvikvm: GC_CONCURRENT freed 256K, 10% free 10652K/11719K, paused 1ms+2ms
07-05 11:50:31.388   545   548 D dalvikvm: GC_CONCURRENT freed 301K, 8% free 10829K/11719K, paused 2ms+3ms
07-05 11:50:31.614   545   548 D dalvikvm: GC_CONCURRENT freed 832K, 11% free 10485K/11719K, paused 2ms+2ms
07-05 11:50:31.642  1370  9875 E DictionaryProvider:UpdateHandler: Can't read a file : android.util.MalformedJsonException: Use JsonReader.setLenient(true) to accept malformed JSON at line 1 column 20
07-05 11:50:31.849   545   548 D dalvikvm: GC_CONCURRENT freed 408K, 11% free 10464K/11719K, paused 2ms+2ms
07-05 11:50:31.970   545  9878 I DownloadManager: Initiating request for download 1127
07-05 11:50:32.024   545   548 D dalvikvm: GC_CONCURRENT freed 342K, 11% free 10526K/11719K, paused 2ms+4ms
07-05 11:50:32.130   545   548 D dalvikvm: GC_CONCURRENT freed 225K, 9% free 10749K/11719K, paused 2ms+3ms
07-05 11:50:32.290   545   548 D dalvikvm: GC_CONCURRENT freed 684K, 11% free 10520K/11719K, paused 2ms+3ms
07-05 11:50:32.509   545   548 D dalvikvm: GC_CONCURRENT freed 435K, 11% free 10472K/11719K, paused 2ms+3ms
07-05 11:50:32.696   545   548 D dalvikvm: GC_CONCURRENT freed 406K, 11% free 10453K/11719K, paused 2ms+3ms
07-05 11:50:32.806   545  9881 I DownloadManager: Initiating request for download 1128
07-05 11:50:32.899   545   548 D dalvikvm: GC_CONCURRENT freed 227K, 10% free 10650K/11719K, paused 2ms+3ms
07-05 11:50:33.009   545   548 D dalvikvm: GC_CONCURRENT freed 303K, 8% free 10820K/11719K, paused 2ms+3ms
07-05 11:50:33.184  1370  9883 E DictionaryProvider:UpdateHandler: Can't read a file : android.util.MalformedJsonException: Use JsonReader.setLenient(true) to accept malformed JSON at line 1 column 20
07-05 11:50:33.274   545   548 D dalvikvm: GC_CONCURRENT freed 805K, 11% free 10496K/11719K, paused 1ms+2ms
07-05 11:50:33.470   545   548 D dalvikvm: GC_CONCURRENT freed 422K, 11% free 10465K/11719K, paused 2ms+3ms
07-05 11:50:33.610   545  9886 I DownloadManager: Initiating request for download 1128
07-05 11:50:33.669   545   548 D dalvikvm: GC_CONCURRENT freed 362K, 11% free 10524K/11719K, paused 2ms+3ms
07-05 11:50:33.774   545   548 D dalvikvm: GC_CONCURRENT freed 204K, 9% free 10737K/11719K, paused 2ms+3ms
07-05 11:50:33.915   545   548 D dalvikvm: GC_CONCURRENT freed 661K, 11% free 10523K/11719K, paused 2ms+2ms
07-05 11:50:34.126   545   548 D dalvikvm: GC_CONCURRENT freed 433K, 11% free 10480K/11719K, paused 2ms+3ms
07-05 11:50:34.329   545   548 D dalvikvm: GC_CONCURRENT freed 408K, 11% free 10459K/11719K, paused 2ms+3ms
07-05 11:50:34.454   545  9889 I DownloadManager: Initiating request for download 1129
07-05 11:50:34.540   545   548 D dalvikvm: GC_CONCURRENT freed 246K, 9% free 10669K/11719K, paused 2ms+3ms
07-05 11:50:34.645   545   548 D dalvikvm: GC_CONCURRENT freed 319K, 8% free 10817K/11719K, paused 2ms+3ms
07-05 11:50:34.860   545   548 D dalvikvm: GC_CONCURRENT freed 812K, 11% free 10491K/11719K, paused 2ms+3ms
07-05 11:50:34.903  1370  9891 E DictionaryProvider:UpdateHandler: Can't read a file : android.util.MalformedJsonException: Use JsonReader.setLenient(true) to accept malformed JSON at line 1 column 20
07-05 11:50:34.946  1370  1372 D dalvikvm: GC_CONCURRENT freed 396K, 7% free 9129K/9735K, paused 2ms+3ms
07-05 11:50:35.114   545   548 D dalvikvm: GC_CONCURRENT freed 404K, 11% free 10476K/11719K, paused 2ms+3ms
07-05 11:50:35.255   545  9894 I DownloadManager: Initiating request for download 1129
07-05 11:50:35.309   545   548 D dalvikvm: GC_CONCURRENT freed 390K, 11% free 10491K/11719K, paused 2ms+3ms
07-05 11:50:35.423   545   548 D dalvikvm: GC_CONCURRENT freed 179K, 9% free 10724K/11719K, paused 2ms+3ms
07-05 11:50:35.552   545   548 D dalvikvm: GC_CONCURRENT freed 439K, 9% free 10740K/11719K, paused 2ms+2ms
07-05 11:50:35.802   545   548 D dalvikvm: GC_CONCURRENT freed 710K, 11% free 10480K/11719K, paused 3ms+3ms
07-05 11:50:36.005   545   548 D dalvikvm: GC_CONCURRENT freed 407K, 11% free 10460K/11719K, paused 2ms+2ms
07-05 11:50:36.118   545  9897 I DownloadManager: Initiating request for download 1130
07-05 11:50:36.216   545   548 D dalvikvm: GC_CONCURRENT freed 241K, 9% free 10679K/11719K, paused 3ms+3ms
07-05 11:50:36.329   545   548 D dalvikvm: GC_CONCURRENT freed 323K, 8% free 10836K/11719K, paused 2ms+2ms
07-05 11:50:36.548   545  9900 I DownloadManager: in removeSpuriousFiles
07-05 11:50:36.552   545  7440 D dalvikvm: GC_EXPLICIT freed 759K, 11% free 10495K/11719K, paused 2ms+3ms
07-05 11:50:36.567  1370  9899 E DictionaryProvider:UpdateHandler: Can't read a file : android.util.MalformedJsonException: Use JsonReader.setLenient(true) to accept malformed JSON at line 1 column 20
07-05 11:50:36.661   545   548 D dalvikvm: GC_CONCURRENT freed 271K, 9% free 10736K/11719K, paused 1ms+3ms
07-05 11:50:36.688   545  9900 I DownloadManager: in removeSpuriousFiles, preserving file /mnt/sdcard/download/ASTRO_File_Manager_Pro_v2.5.2.apk
07-05 11:50:36.692   545  9900 I DownloadManager: in removeSpuriousFiles, preserving file /mnt/sdcard/download/Patterson88.pdf
07-05 11:50:36.692   545  9900 I DownloadManager: in removeSpuriousFiles, preserving file /mnt/sdcard/download/Patterson88-1.pdf
07-05 11:50:36.692   545  9900 I DownloadManager: in removeSpuriousFiles, preserving file /mnt/sdcard/download/SAURAV_CANADA.pdf
07-05 11:50:36.692   545  9900 I DownloadManager: in removeSpuriousFiles, preserving file /mnt/sdcard/download/sp09.pdf
07-05 11:50:36.696   545  9900 I DownloadManager: in removeSpuriousFiles, preserving file /mnt/sdcard/download/sp09-1.pdf
07-05 11:50:36.696   545  9900 I DownloadManager: in removeSpuriousFiles, preserving file /mnt/sdcard/download/IEEE-android-security_stanford_only_.pdf
07-05 11:50:36.696   545  9900 I DownloadManager: in removeSpuriousFiles, preserving file /mnt/sdcard/download/Applying_Behavioral_Detection_on_Android-based_Devices.Mobilware2010.pdf
07-05 11:50:36.696   545  9900 I DownloadManager: in removeSpuriousFiles, preserving file /mnt/sdcard/download/mapreduce-osdi04.pdf
07-05 11:50:36.696   545  9900 I DownloadManager: in removeSpuriousFiles, preserving file /mnt/sdcard/download/EECS-2011-48.pdf
07-05 11:50:36.696   545  9900 I DownloadManager: in removeSpuriousFiles, preserving file /mnt/sdcard/download/permissionredelegation.pdf
07-05 11:50:36.696   545  9900 I DownloadManager: in removeSpuriousFiles, preserving file /mnt/sdcard/download/permissionredelegation-1.pdf
07-05 11:50:36.696   545  9900 I DownloadManager: in removeSpuriousFiles, preserving file /mnt/sdcard/download/80211n_power.pdf
07-05 11:50:36.696   545  9900 I DownloadManager: in removeSpuriousFiles, preserving file /mnt/sdcard/download/.pdf
07-05 11:50:36.700   545  9900 I DownloadManager: in removeSpuriousFiles, preserving file /mnt/sdcard/download/set.htm
07-05 11:50:36.700   545  9900 I DownloadManager: in removeSpuriousFiles, preserving file /mnt/sdcard/download/26.pdf
07-05 11:50:36.700   545  9900 I DownloadManager: in removeSpuriousFiles, preserving file /mnt/sdcard/download/25.pdf
07-05 11:50:36.700   545  9900 I DownloadManager: in removeSpuriousFiles, preserving file /mnt/sdcard/download/26-1.pdf
07-05 11:50:36.700   545  9900 I DownloadManager: in removeSpuriousFiles, preserving file /mnt/sdcard/download/dinner.pdf
07-05 11:50:36.700   545  9900 I DownloadManager: in removeSpuriousFiles, preserving file /mnt/sdcard/download/dinner-1.pdf
07-05 11:50:36.700   545  9900 I DownloadManager: in removeSpuriousFiles, preserving file /mnt/sdcard/download/11fallintstampp.pdf
07-05 11:50:36.700   545  9900 I DownloadManager: in removeSpuriousFiles, preserving file /mnt/sdcard/download/11fallintstampendp.pdf
07-05 11:50:36.700   545  9900 I DownloadManager: in removeSpuriousFiles, preserving file /mnt/sdcard/download/11fallintstampendp-1.pdf
07-05 11:50:36.704   545  9900 I DownloadManager: in removeSpuriousFiles, preserving file /mnt/sdcard/download/-1.pdf
07-05 11:50:36.704   545  9900 I DownloadManager: in removeSpuriousFiles, preserving file /mnt/sdcard/download/CSE_Brochure.pdf
07-05 11:50:36.704   545  9900 I DownloadManager: in removeSpuriousFiles, preserving file /mnt/sdcard/download/NorthCampus_bw.pdf
07-05 11:50:36.704   545  9900 I DownloadManager: in removeSpuriousFiles, preserving file /mnt/sdcard/download/MZBJS06.pdf
07-05 11:50:36.708   545  9900 I DownloadManager: in removeSpuriousFiles, preserving file /mnt/sdcard/download/MZBJS06-1.pdf
07-05 11:50:36.708   545  9900 I DownloadManager: in removeSpuriousFiles, preserving file /mnt/sdcard/download/Fac Candidate of 2-20-12.pdf
07-05 11:50:36.708   545  9900 I DownloadManager: in removeSpuriousFiles, preserving file /mnt/sdcard/download/Fac Candidate of 2-14-12.pdf
07-05 11:50:36.708   545  9900 I DownloadManager: in removeSpuriousFiles, preserving file /mnt/sdcard/download/395479_10150681887442559_647547558_11453806_840641572_n.jpg
07-05 11:50:36.708   545  9900 I DownloadManager: in removeSpuriousFiles, preserving file /mnt/sdcard/download/12scmallp.pdf
07-05 11:50:36.708   545  9900 I DownloadManager: in removeSpuriousFiles, preserving file /mnt/sdcard/download/12scmallx.xls
07-05 11:50:36.708   545  9900 I DownloadManager: in removeSpuriousFiles, preserving file /data/data/com.android.providers.downloads/cache/metadata.htm
07-05 11:50:36.708   545  9900 I DownloadManager: in removeSpuriousFiles, preserving file /data/data/com.android.providers.downloads/cache/metadata-1.htm
07-05 11:50:36.708   545  9900 I DownloadManager: in removeSpuriousFiles, preserving file /data/data/com.android.providers.downloads/cache/metadata-2.htm
07-05 11:50:36.708   545  9900 I DownloadManager: in removeSpuriousFiles, preserving file /data/data/com.android.providers.downloads/cache/metadata-3.htm
07-05 11:50:36.708   545  9900 I DownloadManager: in removeSpuriousFiles, preserving file /data/data/com.android.providers.downloads/cache/metadata-4.htm
07-05 11:50:36.708   545  9900 I DownloadManager: in removeSpuriousFiles, preserving file /data/data/com.android.providers.downloads/cache/metadata-5.htm
07-05 11:50:36.708   545  9900 I DownloadManager: in removeSpuriousFiles, preserving file /data/data/com.android.providers.downloads/cache/metadata-6.htm
07-05 11:50:36.712   545  9900 I DownloadManager: in removeSpuriousFiles, preserving file /data/data/com.android.providers.downloads/cache/metadata-7.htm
07-05 11:50:36.712   545  9900 I DownloadManager: in removeSpuriousFiles, preserving file /data/data/com.android.providers.downloads/cache/metadata-8.htm
07-05 11:50:36.712   545  9900 I DownloadManager: in removeSpuriousFiles, preserving file /data/data/com.android.providers.downloads/cache/metadata-9.htm
07-05 11:50:36.712   545  9900 I DownloadManager: in removeSpuriousFiles, preserving file /data/data/com.android.providers.downloads/cache/metadata-10.htm
07-05 11:50:36.712   545  9900 I DownloadManager: in removeSpuriousFiles, preserving file /data/data/com.android.providers.downloads/cache/metadata-12.htm
07-05 11:50:36.712   545  9900 I DownloadManager: in removeSpuriousFiles, preserving file /data/data/com.android.providers.downloads/cache/metadata-14.htm
07-05 11:50:36.712   545  9900 I DownloadManager: in removeSpuriousFiles, preserving file /data/data/com.android.providers.downloads/cache/metadata-19.htm
07-05 11:50:36.712   545  9900 I DownloadManager: in removeSpuriousFiles, preserving file /data/data/com.android.providers.downloads/cache/metadata-13.htm
07-05 11:50:36.712   545  9900 I DownloadManager: in removeSpuriousFiles, preserving file /data/data/com.android.providers.downloads/cache/metadata-16.htm
07-05 11:50:36.712   545  9900 I DownloadManager: in removeSpuriousFiles, preserving file /data/data/com.android.providers.downloads/cache/metadata-18.htm
07-05 11:50:36.712   545  9900 I DownloadManager: in removeSpuriousFiles, preserving file /data/data/com.android.providers.downloads/cache/metadata-24.htm
07-05 11:50:36.712   545  9900 I DownloadManager: in removeSpuriousFiles, preserving file /data/data/com.android.providers.downloads/cache/metadata-17.htm
07-05 11:50:36.712   545  9900 I DownloadManager: in removeSpuriousFiles, preserving file /data/data/com.android.providers.downloads/cache/metadata-20.htm
07-05 11:50:36.712   545  9900 I DownloadManager: in removeSpuriousFiles, preserving file /data/data/com.android.providers.downloads/cache/metadata-26.htm
07-05 11:50:36.712   545  9900 I DownloadManager: in removeSpuriousFiles, preserving file /data/data/com.android.providers.downloads/cache/metadata-11.htm
07-05 11:50:36.712   545  9900 I DownloadManager: in removeSpuriousFiles, preserving file /data/data/com.android.providers.downloads/cache/metadata-15.htm
07-05 11:50:36.712   545  9900 I DownloadManager: in removeSpuriousFiles, preserving file /data/data/com.android.providers.downloads/cache/metadata-21.htm
07-05 11:50:36.712   545  9900 I DownloadManager: in removeSpuriousFiles, preserving file /data/data/com.android.providers.downloads/cache/metadata-25.htm
07-05 11:50:36.712   545  9900 I DownloadManager: in removeSpuriousFiles, preserving file /data/data/com.android.providers.downloads/cache/metadata-23.htm
07-05 11:50:36.716   545  9900 I DownloadManager: in removeSpuriousFiles, preserving file /data/data/com.android.providers.downloads/cache/metadata-29.htm
07-05 11:50:36.716   545  9900 I DownloadManager: in removeSpuriousFiles, preserving file /data/data/com.android.providers.downloads/cache/metadata-34.htm
07-05 11:50:36.716   545  9900 I DownloadManager: in removeSpuriousFiles, preserving file /data/data/com.android.providers.downloads/cache/metadata-22.htm
07-05 11:50:36.716   545  9900 I DownloadManager: in removeSpuriousFiles, preserving file /data/data/com.android.providers.downloads/cache/metadata-32.htm
07-05 11:50:36.716   545  9900 I DownloadManager: in removeSpuriousFiles, preserving file /data/data/com.android.providers.downloads/cache/metadata-28.htm
07-05 11:50:36.716   545  9900 I DownloadManager: in removeSpuriousFiles, preserving file /data/data/com.android.providers.downloads/cache/metadata-30.htm
07-05 11:50:36.716   545  9900 I DownloadManager: in removeSpuriousFiles, preserving file /data/data/com.android.providers.downloads/cache/metadata-36.htm
07-05 11:50:36.716   545  9900 I DownloadManager: in removeSpuriousFiles, preserving file /data/data/com.android.providers.downloads/cache/metadata-46.htm
07-05 11:50:36.716   545  9900 I DownloadManager: in removeSpuriousFiles, preserving file /data/data/com.android.providers.downloads/cache/metadata-38.htm
07-05 11:50:36.716   545  9900 I DownloadManager: in removeSpuriousFiles, preserving file /data/data/com.android.providers.downloads/cache/metadata-31.htm
07-05 11:50:36.716   545  9900 I DownloadManager: in removeSpuriousFiles, preserving file /data/data/com.android.providers.downloads/cache/metadata-27.htm
07-05 11:50:36.716   545  9900 I DownloadManager: in removeSpuriousFiles, preserving file /data/data/com.android.providers.downloads/cache/metadata-41.htm
07-05 11:50:36.716   545  9900 I DownloadManager: in removeSpuriousFiles, preserving file /data/data/com.android.providers.downloads/cache/metadata-47.htm
07-05 11:50:36.716   545  9900 I DownloadManager: in removeSpuriousFiles, preserving file /data/data/com.android.providers.downloads/cache/metadata-51.htm
07-05 11:50:36.716   545  9900 I DownloadManager: in removeSpuriousFiles, preserving file /data/data/com.android.providers.downloads/cache/metadata-48.htm
07-05 11:50:36.716   545  9900 I DownloadManager: in removeSpuriousFiles, preserving file /data/data/com.android.providers.downloads/cache/metadata-40.htm
07-05 11:50:36.716   545  9900 I DownloadManager: in removeSpuriousFiles, preserving file /data/data/com.android.providers.downloads/cache/metadata-37.htm
07-05 11:50:36.716   545  9900 I DownloadManager: in removeSpuriousFiles, preserving file /data/data/com.android.providers.downloads/cache/metadata-42.htm
07-05 11:50:36.716   545  9900 I DownloadManager: in removeSpuriousFiles, preserving file /data/data/com.android.providers.downloads/cache/metadata-45.htm
07-05 11:50:36.716   545  9900 I DownloadManager: in removeSpuriousFiles, preserving file /data/data/com.android.providers.downloads/cache/metadata-59.htm
07-05 11:50:36.716   545  9900 I DownloadManager: in removeSpuriousFiles, preserving file /data/data/com.android.providers.downloads/cache/metadata-90.htm
07-05 11:50:36.716   545  9900 I DownloadManager: in removeSpuriousFiles, preserving file /data/data/com.android.providers.downloads/cache/metadata-43.htm
07-05 11:50:36.716   545  9900 I DownloadManager: in removeSpuriousFiles, preserving file /data/data/com.android.providers.downloads/cache/metadata-138.htm
07-05 11:50:36.716   545  9900 I DownloadManager: in removeSpuriousFiles, preserving file /data/data/com.android.providers.downloads/cache/metadata-52.htm
07-05 11:50:36.720   545  9900 I DownloadManager: in removeSpuriousFiles, preserving file /data/data/com.android.providers.downloads/cache/metadata-116.htm
07-05 11:50:36.720   545  9900 I DownloadManager: in removeSpuriousFiles, preserving file /data/data/com.android.providers.downloads/cache/metadata-55.htm
07-05 11:50:36.720   545  9900 I DownloadManager: in removeSpuriousFiles, preserving file /data/data/com.android.providers.downloads/cache/metadata-53.htm
07-05 11:50:36.720   545  9900 I DownloadManager: in removeSpuriousFiles, preserving file /data/data/com.android.providers.downloads/cache/metadata-64.htm
07-05 11:50:36.720   545  9900 I DownloadManager: in removeSpuriousFiles, preserving file /data/data/com.android.providers.downloads/cache/metadata-54.htm
07-05 11:50:36.720   545  9900 I DownloadManager: in removeSpuriousFiles, preserving file /data/data/com.android.providers.downloads/cache/metadata-63.htm
07-05 11:50:36.720   545  9900 I DownloadManager: in removeSpuriousFiles, preserving file /data/data/com.android.providers.downloads/cache/metadata-76.htm
07-05 11:50:36.720   545  9900 I DownloadManager: in removeSpuriousFiles, preserving file /data/data/com.android.providers.downloads/cache/metadata-124.htm
07-05 11:50:36.720   545  9900 I DownloadManager: in removeSpuriousFiles, preserving file /data/data/com.android.providers.downloads/cache/metadata-57.htm
07-05 11:50:36.720   545  9900 I DownloadManager: in removeSpuriousFiles, preserving file /data/data/com.android.providers.downloads/cache/metadata-58.htm
07-05 11:50:36.720   545  9900 I DownloadManager: in removeSpuriousFiles, preserving file /data/data/com.android.providers.downloads/cache/metadata-56.htm
07-05 11:50:36.720   545  9900 I DownloadManager: in removeSpuriousFiles, preserving file /data/data/com.android.providers.downloads/cache/metadata-113.htm
07-05 11:50:36.720   545  9900 I DownloadManager: in removeSpuriousFiles, preserving file /data/data/com.android.providers.downloads/cache/metadata-60.htm
07-05 11:50:36.720   545  9900 I DownloadManager: in removeSpuriousFiles, preserving file /data/data/com.android.providers.downloads/cache/metadata-68.htm
07-05 11:50:36.720   545  9900 I DownloadManager: in removeSpuriousFiles, preserving file /data/data/com.android.providers.downloads/cache/metadata-92.htm
07-05 11:50:36.720   545  9900 I DownloadManager: in removeSpuriousFiles, preserving file /data/data/com.android.providers.downloads/cache/metadata-126.htm
07-05 11:50:36.720   545  9900 I DownloadManager: in removeSpuriousFiles, preserving file /data/data/com.android.providers.downloads/cache/metadata-147.htm
07-05 11:50:36.720   545  9900 I DownloadManager: in removeSpuriousFiles, preserving file /data/data/com.android.providers.downloads/cache/metadata-118.htm
07-05 11:50:36.720   545  9900 I DownloadManager: in removeSpuriousFiles, preserving file /data/data/com.android.providers.downloads/cache/metadata-137.htm
07-05 11:50:36.720   545  9900 I DownloadManager: in removeSpuriousFiles, preserving file /data/data/com.android.providers.downloads/cache/metadata-72.htm
07-05 11:50:36.720   545  9900 I DownloadManager: in removeSpuriousFiles, preserving file /data/data/com.android.providers.downloads/cache/metadata-93.htm
07-05 11:50:36.720   545  9900 I DownloadManager: in removeSpuriousFiles, preserving file /data/data/com.android.providers.downloads/cache/metadata-61.htm
07-05 11:50:36.720   545  9900 I DownloadManager: in removeSpuriousFiles, preserving file /data/data/com.android.providers.downloads/cache/metadata-82.htm
07-05 11:50:36.720   545  9900 I DownloadManager: in removeSpuriousFiles, preserving file /data/data/com.android.providers.downloads/cache/metadata-119.htm
07-05 11:50:36.724   545  9900 I DownloadManager: in removeSpuriousFiles, preserving file /data/data/com.android.providers.downloads/cache/metadata-79.htm
07-05 11:50:36.724   545  9900 I DownloadManager: in removeSpuriousFiles, preserving file /data/data/com.android.providers.downloads/cache/metadata-128.htm
07-05 11:50:36.724   545  9900 I DownloadManager: in removeSpuriousFiles, preserving file /data/data/com.android.providers.downloads/cache/metadata-134.htm
07-05 11:50:36.724   545  9900 I DownloadManager: in removeSpuriousFiles, preserving file /data/data/com.android.providers.downloads/cache/metadata-230.htm
07-05 11:50:36.724   545  9900 I DownloadManager: in removeSpuriousFiles, preserving file /data/data/com.android.providers.downloads/cache/metadata-154.htm
07-05 11:50:36.724   545  9900 I DownloadManager: in removeSpuriousFiles, preserving file /data/data/com.android.providers.downloads/cache/metadata-121.htm
07-05 11:50:36.724   545  9900 I DownloadManager: in removeSpuriousFiles, preserving file /data/data/com.android.providers.downloads/cache/metadata-75.htm
07-05 11:50:36.724   545  9900 I DownloadManager: in removeSpuriousFiles, preserving file /data/data/com.android.providers.downloads/cache/metadata-111.htm
07-05 11:50:36.724   545  9900 I DownloadManager: in removeSpuriousFiles, preserving file /data/data/com.android.providers.downloads/cache/metadata-140.htm
07-05 11:50:36.724   545  9900 I DownloadManager: in removeSpuriousFiles, preserving file /data/data/com.android.providers.downloads/cache/metadata-143.htm
07-05 11:50:36.724   545  9900 I DownloadManager: in removeSpuriousFiles, preserving file /data/data/com.android.providers.downloads/cache/metadata-125.htm
07-05 11:50:36.724   545  9900 I DownloadManager: in removeSpuriousFiles, preserving file /data/data/com.android.providers.downloads/cache/metadata-107.htm
07-05 11:50:36.724   545  9900 I DownloadManager: in removeSpuriousFiles, preserving file /data/data/com.android.providers.downloads/cache/metadata-203.htm
07-05 11:50:36.724   545  9900 I DownloadManager: in removeSpuriousFiles, preserving file /data/data/com.android.providers.downloads/cache/metadata-130.htm
07-05 11:50:36.724   545  9900 I DownloadManager: in removeSpuriousFiles, preserving file /data/data/com.android.providers.downloads/cache/metadata-89.htm
07-05 11:50:36.724   545  9900 I DownloadManager: in removeSpuriousFiles, preserving file /data/data/com.android.providers.downloads/cache/metadata-151.htm
07-05 11:50:36.724   545  9900 I DownloadManager: in removeSpuriousFiles, preserving file /data/data/com.android.providers.downloads/cache/metadata-202.htm
07-05 11:50:36.724   545  9900 I DownloadManager: in removeSpuriousFiles, preserving file /data/data/com.android.providers.downloads/cache/metadata-127.htm
07-05 11:50:36.724   545  9900 I DownloadManager: in removeSpuriousFiles, preserving file /data/data/com.android.providers.downloads/cache/metadata-78.htm
07-05 11:50:36.724   545  9900 I DownloadManager: in removeSpuriousFiles, preserving file /data/data/com.android.providers.downloads/cache/metadata-135.htm
07-05 11:50:36.724   545  9900 I DownloadManager: in removeSpuriousFiles, preserving file /data/data/com.android.providers.downloads/cache/metadata-157.htm
07-05 11:50:36.724   545  9900 I DownloadManager: in removeSpuriousFiles, preserving file /data/data/com.android.providers.downloads/cache/metadata-136.htm
07-05 11:50:36.724   545  9900 I DownloadManager: in removeSpuriousFiles, preserving file /data/data/com.android.providers.downloads/cache/metadata-88.htm
07-05 11:50:36.724   545  9900 I DownloadManager: in removeSpuriousFiles, preserving file /data/data/com.android.providers.downloads/cache/metadata-161.htm
07-05 11:50:36.727   545  9900 I DownloadManager: in removeSpuriousFiles, preserving file /data/data/com.android.providers.downloads/cache/metadata-81.htm
07-05 11:50:36.727   545  9900 I DownloadManager: in removeSpuriousFiles, preserving file /data/data/com.android.providers.downloads/cache/metadata-153.htm
07-05 11:50:36.727   545  9900 I DownloadManager: in removeSpuriousFiles, preserving file /data/data/com.android.providers.downloads/cache/metadata-192.htm
07-05 11:50:36.727   545  9900 I DownloadManager: in removeSpuriousFiles, preserving file /data/data/com.android.providers.downloads/cache/metadata-101.htm
07-05 11:50:36.727   545  9900 I DownloadManager: in removeSpuriousFiles, preserving file /data/data/com.android.providers.downloads/cache/metadata-197.htm
07-05 11:50:36.727   545  9900 I DownloadManager: in removeSpuriousFiles, preserving file /data/data/com.android.providers.downloads/cache/metadata-220.htm
07-05 11:50:36.727   545  9900 I DownloadManager: in removeSpuriousFiles, preserving file /data/data/com.android.providers.downloads/cache/metadata-168.htm
07-05 11:50:36.727   545  9900 I DownloadManager: in removeSpuriousFiles, preserving file /data/data/com.android.providers.downloads/cache/metadata-177.htm
07-05 11:50:36.727   545  9900 I DownloadManager: in removeSpuriousFiles, preserving file /data/data/com.android.providers.downloads/cache/metadata-201.htm
07-05 11:50:36.727   545  9900 I DownloadManager: in removeSpuriousFiles, preserving file /data/data/com.android.providers.downloads/cache/metadata-216.htm
07-05 11:50:36.727   545  9900 I DownloadManager: in removeSpuriousFiles, preserving file /data/data/com.android.providers.downloads/cache/metadata-200.htm
07-05 11:50:36.727   545  9900 I DownloadManager: in removeSpuriousFiles, preserving file /data/data/com.android.providers.downloads/cache/metadata-172.htm
07-05 11:50:36.727   545  9900 I DownloadManager: in removeSpuriousFiles, preserving file /data/data/com.android.providers.downloads/cache/metadata-183.htm
07-05 11:50:36.727   545  9900 I DownloadManager: in removeSpuriousFiles, preserving file /data/data/com.android.providers.downloads/cache/metadata-224.htm
07-05 11:50:36.727   545  9900 I DownloadManager: in removeSpuriousFiles, preserving file /data/data/com.android.providers.downloads/cache/metadata-245.htm
07-05 11:50:36.727   545  9900 I DownloadManager: in removeSpuriousFiles, preserving file /data/data/com.android.providers.downloads/cache/metadata-150.htm
07-05 11:50:36.727   545  9900 I DownloadManager: in removeSpuriousFiles, preserving file /data/data/com.android.providers.downloads/cache/metadata-240.htm
07-05 11:50:36.727   545  9900 I DownloadManager: in removeSpuriousFiles, preserving file /data/data/com.android.providers.downloads/cache/metadata-185.htm
07-05 11:50:36.727   545  9900 I DownloadManager: in removeSpuriousFiles, preserving file /data/data/com.android.providers.downloads/cache/metadata-189.htm
07-05 11:50:36.727   545  9900 I DownloadManager: in removeSpuriousFiles, preserving file /data/data/com.android.providers.downloads/cache/metadata-280.htm
07-05 11:50:36.727   545  9900 I DownloadManager: in removeSpuriousFiles, preserving file /data/data/com.android.providers.downloads/cache/metadata-176.htm
07-05 11:50:36.727   545  9900 I DownloadManager: in removeSpuriousFiles, preserving file /data/data/com.android.providers.downloads/cache/metadata-191.htm
07-05 11:50:36.731   545  9900 I DownloadManager: in removeSpuriousFiles, preserving file /data/data/com.android.providers.downloads/cache/metadata-73.htm
07-05 11:50:36.731   545  9900 I DownloadManager: in removeSpuriousFiles, preserving file /data/data/com.android.providers.downloads/cache/metadata-122.htm
07-05 11:50:36.731   545  9900 I DownloadManager: in removeSpuriousFiles, preserving file /data/data/com.android.providers.downloads/cache/metadata-80.htm
07-05 11:50:36.731   545  9900 I DownloadManager: in removeSpuriousFiles, preserving file /data/data/com.android.providers.downloads/cache/metadata-217.htm
07-05 11:50:36.731   545  9900 I DownloadManager: in removeSpuriousFiles, preserving file /data/data/com.android.providers.downloads/cache/metadata-188.htm
07-05 11:50:36.731   545  9900 I DownloadManager: in removeSpuriousFiles, preserving file /data/data/com.android.providers.downloads/cache/metadata-253.htm
07-05 11:50:36.731   545  9900 I DownloadManager: in removeSpuriousFiles, preserving file /data/data/com.android.providers.downloads/cache/metadata-205.htm
07-05 11:50:36.731   545  9900 I DownloadManager: in removeSpuriousFiles, preserving file /data/data/com.android.providers.downloads/cache/metadata-234.htm
07-05 11:50:36.731   545  9900 I DownloadManager: in removeSpuriousFiles, preserving file /data/data/com.android.providers.downloads/cache/metadata-215.htm
07-05 11:50:36.731   545  9900 I DownloadManager: in removeSpuriousFiles, preserving file /data/data/com.android.providers.downloads/cache/metadata-319.htm
07-05 11:50:36.731   545  9900 I DownloadManager: in removeSpuriousFiles, preserving file /data/data/com.android.providers.downloads/cache/metadata-35.htm
07-05 11:50:36.731   545  9900 I DownloadManager: in removeSpuriousFiles, preserving file /data/data/com.android.providers.downloads/cache/metadata-164.htm
07-05 11:50:36.731   545  9900 I DownloadManager: in removeSpuriousFiles, preserving file /data/data/com.android.providers.downloads/cache/metadata-142.htm
07-05 11:50:36.731   545  9900 I DownloadManager: in removeSpuriousFiles, preserving file /data/data/com.android.providers.downloads/cache/metadata-39.htm
07-05 11:50:36.731   545  9900 I DownloadManager: in removeSpuriousFiles, preserving file /data/data/com.android.providers.downloads/cache/metadata-219.htm
07-05 11:50:36.731   545  9900 I DownloadManager: in removeSpuriousFiles, preserving file /data/data/com.android.providers.downloads/cache/metadata-62.htm
07-05 11:50:36.731   545  9900 I DownloadManager: in removeSpuriousFiles, preserving file /data/data/com.android.providers.downloads/cache/metadata-105.htm
07-05 11:50:36.731   545  9900 I DownloadManager: in removeSpuriousFiles, preserving file /data/data/com.android.providers.downloads/cache/metadata-221.htm
07-05 11:50:36.731   545  9900 I DownloadManager: in removeSpuriousFiles, preserving file /data/data/com.android.providers.downloads/cache/metadata-77.htm
07-05 11:50:36.731   545  9900 I DownloadManager: in removeSpuriousFiles, preserving file /data/data/com.android.providers.downloads/cache/metadata-50.htm
07-05 11:50:36.731   545  9900 I DownloadManager: in removeSpuriousFiles, preserving file /data/data/com.android.providers.downloads/cache/metadata-181.htm
07-05 11:50:36.735   545  9900 I DownloadManager: in removeSpuriousFiles, preserving file /data/data/com.android.providers.downloads/cache/metadata-152.htm
07-05 11:50:36.735   545  9900 I DownloadManager: in removeSpuriousFiles, preserving file /data/data/com.android.providers.downloads/cache/metadata-104.htm
07-05 11:50:36.735   545  9900 I DownloadManager: in removeSpuriousFiles, preserving file /data/data/com.android.providers.downloads/cache/metadata-214.htm
07-05 11:50:36.735   545  9900 I DownloadManager: in removeSpuriousFiles, preserving file /data/data/com.android.providers.downloads/cache/metadata-196.htm
07-05 11:50:36.735   545  9900 I DownloadManager: in removeSpuriousFiles, preserving file /data/data/com.android.providers.downloads/cache/metadata-174.htm
07-05 11:50:36.735   545  9900 I DownloadManager: in removeSpuriousFiles, preserving file /data/data/com.android.providers.downloads/cache/metadata-67.htm
07-05 11:50:36.735   545  9900 I DownloadManager: in removeSpuriousFiles, preserving file /data/data/com.android.providers.downloads/cache/metadata-199.htm
07-05 11:50:36.735   545  9900 I DownloadManager: in removeSpuriousFiles, preserving file /data/data/com.android.providers.downloads/cache/metadata-162.htm
07-05 11:50:36.735   545  9900 I DownloadManager: in removeSpuriousFiles, preserving file /data/data/com.android.providers.downloads/cache/metadata-133.htm
07-05 11:50:36.735   545  9900 I DownloadManager: in removeSpuriousFiles, preserving file /data/data/com.android.providers.downloads/cache/metadata-300.htm
07-05 11:50:36.735   545  9900 I DownloadManager: in removeSpuriousFiles, preserving file /data/data/com.android.providers.downloads/cache/metadata-158.htm
07-05 11:50:36.735   545  9900 I DownloadManager: in removeSpuriousFiles, preserving file /data/data/com.android.providers.downloads/cache/metadata-207.htm
07-05 11:50:36.735   545  9900 I DownloadManager: in removeSpuriousFiles, preserving file /data/data/com.android.providers.downloads/cache/metadata-148.htm
07-05 11:50:36.735   545  9900 I DownloadManager: in removeSpuriousFiles, preserving file /data/data/com.android.providers.downloads/cache/metadata-320.htm
07-05 11:50:36.735   545  9900 I DownloadManager: in removeSpuriousFiles, preserving file /data/data/com.android.providers.downloads/cache/metadata-139.htm
07-05 11:50:36.739   545  9900 I DownloadManager: in removeSpuriousFiles, preserving file /data/data/com.android.providers.downloads/cache/metadata-74.htm
07-05 11:50:36.739   545  9900 I DownloadManager: in removeSpuriousFiles, preserving file /data/data/com.android.providers.downloads/cache/metadata-291.htm
07-05 11:50:36.739   545  9900 I DownloadManager: in removeSpuriousFiles, preserving file /data/data/com.android.providers.downloads/cache/metadata-70.htm
07-05 11:50:36.739   545  9900 I DownloadManager: in removeSpuriousFiles, preserving file /data/data/com.android.providers.downloads/cache/metadata-226.htm
07-05 11:50:36.739   545  9900 I DownloadManager: in removeSpuriousFiles, preserving file /data/data/com.android.providers.downloads/cache/metadata-178.htm
07-05 11:50:36.739   545  9900 I DownloadManager: in removeSpuriousFiles, preserving file /data/data/com.android.providers.downloads/cache/metadata-284.htm
07-05 11:50:36.739   545  9900 I DownloadManager: in removeSpuriousFiles, preserving file /data/data/com.android.providers.downloads/cache/metadata-84.htm
07-05 11:50:36.739   545  9900 I DownloadManager: in removeSpuriousFiles, preserving file /data/data/com.android.providers.downloads/cache/metadata-268.htm
07-05 11:50:36.739   545  9900 I DownloadManager: in removeSpuriousFiles, preserving file /data/data/com.android.providers.downloads/cache/metadata-254.htm
07-05 11:50:36.739   545  9900 I DownloadManager: in removeSpuriousFiles, preserving file /data/data/com.android.providers.downloads/cache/metadata-115.htm
07-05 11:50:36.739   545  9900 I DownloadManager: in removeSpuriousFiles, preserving file /data/data/com.android.providers.downloads/cache/metadata-210.htm
07-05 11:50:36.739   545  9900 I DownloadManager: in removeSpuriousFiles, preserving file /data/data/com.android.providers.downloads/cache/metadata-149.htm
07-05 11:50:36.739   545  9900 I DownloadManager: in removeSpuriousFiles, preserving file /data/data/com.android.providers.downloads/cache/metadata-218.htm
07-05 11:50:36.739   545  9900 I DownloadManager: in removeSpuriousFiles, preserving file /data/data/com.android.providers.downloads/cache/metadata-295.htm
07-05 11:50:36.739   545  9900 I DownloadManager: in removeSpuriousFiles, preserving file /data/data/com.android.providers.downloads/cache/metadata-110.htm
07-05 11:50:36.739   545  9900 I DownloadManager: in removeSpuriousFiles, preserving file /data/data/com.android.providers.downloads/cache/metadata-91.htm
07-05 11:50:36.739   545  9900 I DownloadManager: in removeSpuriousFiles, preserving file /data/data/com.android.providers.downloads/cache/metadata-146.htm
07-05 11:50:36.739   545  9900 I DownloadManager: in removeSpuriousFiles, preserving file /data/data/com.android.providers.downloads/cache/metadata-160.htm
07-05 11:50:36.739   545  9900 I DownloadManager: in removeSpuriousFiles, preserving file /data/data/com.android.providers.downloads/cache/metadata-120.htm
07-05 11:50:36.739   545  9900 I DownloadManager: in removeSpuriousFiles, preserving file /data/data/com.android.providers.downloads/cache/metadata-368.htm
07-05 11:50:36.739   545  9900 I DownloadManager: in removeSpuriousFiles, preserving file /data/data/com.android.providers.downloads/cache/metadata-239.htm
07-05 11:50:36.739   545  9900 I DownloadManager: in removeSpuriousFiles, preserving file /data/data/com.android.providers.downloads/cache/metadata-243.htm
07-05 11:50:36.739   545  9900 I DownloadManager: in removeSpuriousFiles, preserving file /data/data/com.android.providers.downloads/cache/metadata-375.htm
07-05 11:50:36.743   545  9900 I DownloadManager: in removeSpuriousFiles, preserving file /data/data/com.android.providers.downloads/cache/metadata-262.htm
07-05 11:50:36.743   545  9900 I DownloadManager: in removeSpuriousFiles, preserving file /data/data/com.android.providers.downloads/cache/metadata-277.htm
07-05 11:50:36.743   545  9900 I DownloadManager: in removeSpuriousFiles, preserving file /data/data/com.android.providers.downloads/cache/metadata-209.htm
07-05 11:50:36.743   545  9900 I DownloadManager: in removeSpuriousFiles, preserving file /data/data/com.android.providers.downloads/cache/metadata-314.htm
07-05 11:50:36.743   545  9900 I DownloadManager: in removeSpuriousFiles, preserving file /data/data/com.android.providers.downloads/cache/metadata-249.htm
07-05 11:50:36.743   545  9900 I DownloadManager: in removeSpuriousFiles, preserving file /data/data/com.android.providers.downloads/cache/metadata-267.htm
07-05 11:50:36.743   545  9900 I DownloadManager: in removeSpuriousFiles, preserving file /data/data/com.android.providers.downloads/cache/metadata-231.htm
07-05 11:50:36.743   545  9900 I DownloadManager: in removeSpuriousFiles, preserving file /data/data/com.android.providers.downloads/cache/metadata-198.htm
07-05 11:50:36.743   545  9900 I DownloadManager: in removeSpuriousFiles, preserving file /data/data/com.android.providers.downloads/cache/metadata-108.htm
07-05 11:50:36.743   545  9900 I DownloadManager: in removeSpuriousFiles, preserving file /data/data/com.android.providers.downloads/cache/metadata-364.htm
07-05 11:50:36.743   545  9900 I DownloadManager: in removeSpuriousFiles, preserving file /data/data/com.android.providers.downloads/cache/metadata-232.htm
07-05 11:50:36.743   545  9900 I DownloadManager: in removeSpuriousFiles, preserving file /data/data/com.android.providers.downloads/cache/metadata-334.htm
07-05 11:50:36.743   545  9900 I DownloadManager: in removeSpuriousFiles, preserving file /data/data/com.android.providers.downloads/cache/metadata-286.htm
07-05 11:50:36.743   545  9900 I DownloadManager: in removeSpuriousFiles, preserving file /data/data/com.android.providers.downloads/cache/metadata-384.htm
07-05 11:50:36.743   545  9900 I DownloadManager: in removeSpuriousFiles, preserving file /data/data/com.android.providers.downloads/cache/metadata-306.htm
07-05 11:50:36.743   545  9900 I DownloadManager: in removeSpuriousFiles, preserving file /data/data/com.android.providers.downloads/cache/metadata-266.htm
07-05 11:50:36.743   545  9900 I DownloadManager: in removeSpuriousFiles, preserving file /data/data/com.android.providers.downloads/cache/metadata-132.htm
07-05 11:50:36.743   545  9900 I DownloadManager: in removeSpuriousFiles, preserving file /data/data/com.android.providers.downloads/cache/metadata-326.htm
07-05 11:50:36.743   545  9900 I DownloadManager: in removeSpuriousFiles, preserving file /data/data/com.android.providers.downloads/cache/metadata-227.htm
07-05 11:50:36.743   545  9900 I DownloadManager: in removeSpuriousFiles, preserving file /data/data/com.android.providers.downloads/cache/metadata-194.htm
07-05 11:50:36.743   545  9900 I DownloadManager: in removeSpuriousFiles, preserving file /data/data/com.android.providers.downloads/cache/metadata-228.htm
07-05 11:50:36.743   545  9900 I DownloadManager: in removeSpuriousFiles, preserving file /data/data/com.android.providers.downloads/cache/metadata-360.htm
07-05 11:50:36.747   545  9900 I DownloadManager: in removeSpuriousFiles, preserving file /data/data/com.android.providers.downloads/cache/metadata-260.htm
07-05 11:50:36.747   545  9900 I DownloadManager: in removeSpuriousFiles, preserving file /data/data/com.android.providers.downloads/cache/metadata-131.htm
07-05 11:50:36.747   545  9900 I DownloadManager: in removeSpuriousFiles, preserving file /data/data/com.android.providers.downloads/cache/metadata-233.htm
07-05 11:50:36.747   545  9900 I DownloadManager: in removeSpuriousFiles, preserving file /data/data/com.android.providers.downloads/cache/metadata-123.htm
07-05 11:50:36.747   545  9900 I DownloadManager: in removeSpuriousFiles, preserving file /data/data/com.android.providers.downloads/cache/metadata-229.htm
07-05 11:50:36.747   545  9900 I DownloadManager: in removeSpuriousFiles, preserving file /data/data/com.android.providers.downloads/cache/metadata-264.htm
07-05 11:50:36.747   545  9900 I DownloadManager: in removeSpuriousFiles, preserving file /data/data/com.android.providers.downloads/cache/metadata-187.htm
07-05 11:50:36.747   545  9900 I DownloadManager: in removeSpuriousFiles, preserving file /data/data/com.android.providers.downloads/cache/metadata-383.htm
07-05 11:50:36.747   545  9900 I DownloadManager: in removeSpuriousFiles, preserving file /data/data/com.android.providers.downloads/cache/metadata-394.htm
07-05 11:50:36.747   545  9900 I DownloadManager: in removeSpuriousFiles, preserving file /data/data/com.android.providers.downloads/cache/metadata-85.htm
07-05 11:50:36.747   545  9900 I DownloadManager: in removeSpuriousFiles, preserving file /data/data/com.android.providers.downloads/cache/metadata-211.htm
07-05 11:50:36.747   545  9900 I DownloadManager: in removeSpuriousFiles, preserving file /data/data/com.android.providers.downloads/cache/metadata-406.htm
07-05 11:50:36.747   545  9900 I DownloadManager: in removeSpuriousFiles, preserving file /data/data/com.android.providers.downloads/cache/metadata-331.htm
07-05 11:50:36.747   545  9900 I DownloadManager: in removeSpuriousFiles, preserving file /data/data/com.android.providers.downloads/cache/metadata-163.htm
07-05 11:50:36.747   545  9900 I DownloadManager: in removeSpuriousFiles, preserving file /data/data/com.android.providers.downloads/cache/metadata-112.htm
07-05 11:50:36.747   545  9900 I DownloadManager: in removeSpuriousFiles, preserving file /data/data/com.android.providers.downloads/cache/metadata-145.htm
07-05 11:50:36.747   545  9900 I DownloadManager: in removeSpuriousFiles, preserving file /data/data/com.android.providers.downloads/cache/metadata-278.htm
07-05 11:50:36.751   545  9900 I DownloadManager: in removeSpuriousFiles, preserving file /data/data/com.android.providers.downloads/cache/metadata-244.htm
07-05 11:50:36.751   545  9900 I DownloadManager: in removeSpuriousFiles, preserving file /data/data/com.android.providers.downloads/cache/metadata-370.htm
07-05 11:50:36.751   545  9900 I DownloadManager: in removeSpuriousFiles, preserving file /data/data/com.android.providers.downloads/cache/metadata-328.htm
07-05 11:50:36.751   545  9900 I DownloadManager: in removeSpuriousFiles, preserving file /data/data/com.android.providers.downloads/cache/metadata-322.htm
07-05 11:50:36.751   545  9900 I DownloadManager: in removeSpuriousFiles, preserving file /data/data/com.android.providers.downloads/cache/metadata-397.htm
07-05 11:50:36.751   545  9900 I DownloadManager: in removeSpuriousFiles, preserving file /data/data/com.android.providers.downloads/cache/metadata-206.htm
07-05 11:50:36.751   545  9900 I DownloadManager: in removeSpuriousFiles, preserving file /data/data/com.android.providers.downloads/cache/metadata-236.htm
07-05 11:50:36.751   545  9900 I DownloadManager: in removeSpuriousFiles, preserving file /data/data/com.android.providers.downloads/cache/metadata-165.htm
07-05 11:50:36.751   545  9900 I DownloadManager: in removeSpuriousFiles, preserving file /data/data/com.android.providers.downloads/cache/metadata-304.htm
07-05 11:50:36.751   545  9900 I DownloadManager: in removeSpuriousFiles, preserving file /data/data/com.android.providers.downloads/cache/metadata-289.htm
07-05 11:50:36.751   545  9900 I DownloadManager: in removeSpuriousFiles, preserving file /data/data/com.android.providers.downloads/cache/metadata-261.htm
07-05 11:50:36.751   545  9900 I DownloadManager: in removeSpuriousFiles, preserving file /data/data/com.android.providers.downloads/cache/metadata-282.htm
07-05 11:50:36.751   545  9900 I DownloadManager: in removeSpuriousFiles, preserving file /data/data/com.android.providers.downloads/cache/metadata-182.htm
07-05 11:50:36.751   545  9900 I DownloadManager: in removeSpuriousFiles, preserving file /data/data/com.android.providers.downloads/cache/metadata-446.htm
07-05 11:50:36.751   545  9900 I DownloadManager: in removeSpuriousFiles, preserving file /data/data/com.android.providers.downloads/cache/metadata-323.htm
07-05 11:50:36.751   545  9900 I DownloadManager: in removeSpuriousFiles, preserving file /data/data/com.android.providers.downloads/cache/metadata-212.htm
07-05 11:50:36.751   545  9900 I DownloadManager: in removeSpuriousFiles, preserving file /data/data/com.android.providers.downloads/cache/metadata-248.htm
07-05 11:50:36.751   545  9900 I DownloadManager: in removeSpuriousFiles, preserving file /data/data/com.android.providers.downloads/cache/metadata-259.htm
07-05 11:50:36.755   545  9900 I DownloadManager: in removeSpuriousFiles, preserving file /data/data/com.android.providers.downloads/cache/metadata-418.htm
07-05 11:50:36.755   545  9900 I DownloadManager: in removeSpuriousFiles, preserving file /data/data/com.android.providers.downloads/cache/metadata-367.htm
07-05 11:50:36.755   545  9900 I DownloadManager: in removeSpuriousFiles, preserving file /data/data/com.android.providers.downloads/cache/metadata-329.htm
07-05 11:50:36.755   545  9900 I DownloadManager: in removeSpuriousFiles, preserving file /data/data/com.android.providers.downloads/cache/metadata-344.htm
07-05 11:50:36.755   545  9900 I DownloadManager: in removeSpuriousFiles, preserving file /data/data/com.android.providers.downloads/cache/metadata-353.htm
07-05 11:50:36.755   545  9900 I DownloadManager: in removeSpuriousFiles, preserving file /data/data/com.android.providers.downloads/cache/metadata-273.htm
07-05 11:50:36.755   545  9900 I DownloadManager: in removeSpuriousFiles, preserving file /data/data/com.android.providers.downloads/cache/metadata-252.htm
07-05 11:50:36.755   545  9900 I DownloadManager: in removeSpuriousFiles, preserving file /data/data/com.android.providers.downloads/cache/metadata-374.htm
07-05 11:50:36.755   545  9900 I DownloadManager: in removeSpuriousFiles, preserving file /data/data/com.android.providers.downloads/cache/metadata-447.htm
07-05 11:50:36.755   545  9900 I DownloadManager: in removeSpuriousFiles, preserving file /data/data/com.android.providers.downloads/cache/metadata-381.htm
07-05 11:50:36.755   545  9900 I DownloadManager: in removeSpuriousFiles, preserving file /data/data/com.android.providers.downloads/cache/metadata-436.htm
07-05 11:50:36.755   545  9900 I DownloadManager: in removeSpuriousFiles, preserving file /data/data/com.android.providers.downloads/cache/metadata-412.htm
07-05 11:50:36.755   545  9900 I DownloadManager: in removeSpuriousFiles, preserving file /data/data/com.android.providers.downloads/cache/metadata-349.htm
07-05 11:50:36.755   545  9900 I DownloadManager: in removeSpuriousFiles, preserving file /data/data/com.android.providers.downloads/cache/metadata-435.htm
07-05 11:50:36.755   545  9900 I DownloadManager: in removeSpuriousFiles, preserving file /data/data/com.android.providers.downloads/cache/metadata-44.htm
07-05 11:50:36.755   545  9900 I DownloadManager: in removeSpuriousFiles, preserving file /data/data/com.android.providers.downloads/cache/metadata-312.htm
07-05 11:50:36.755   545  9900 I DownloadManager: in removeSpuriousFiles, preserving file /data/data/com.android.providers.downloads/cache/metadata-65.htm
07-05 11:50:36.759   545  9900 I DownloadManager: in removeSpuriousFiles, preserving file /data/data/com.android.providers.downloads/cache/metadata-392.htm
07-05 11:50:36.759   545  9900 I DownloadManager: in removeSpuriousFiles, preserving file /data/data/com.android.providers.downloads/cache/metadata-71.htm
07-05 11:50:36.759   545  9900 I DownloadManager: in removeSpuriousFiles, preserving file /data/data/com.android.providers.downloads/cache/metadata-49.htm
07-05 11:50:36.759   545  9900 I DownloadManager: in removeSpuriousFiles, preserving file /data/data/com.android.providers.downloads/cache/metadata-222.htm
07-05 11:50:36.759   545  9900 I DownloadManager: in removeSpuriousFiles, preserving file /data/data/com.android.providers.downloads/cache/metadata-317.htm
07-05 11:50:36.759   545  9900 I DownloadManager: in removeSpuriousFiles, preserving file /data/data/com.android.providers.downloads/cache/metadata-345.htm
07-05 11:50:36.759   545  9900 I DownloadManager: in removeSpuriousFiles, preserving file /data/data/com.android.providers.downloads/cache/metadata-256.htm
07-05 11:50:36.759   545  9900 I DownloadManager: in removeSpuriousFiles, preserving file /data/data/com.android.providers.downloads/cache/metadata-237.htm
07-05 11:50:36.759   545  9900 I DownloadManager: in removeSpuriousFiles, preserving file /data/data/com.android.providers.downloads/cache/metadata-327.htm
07-05 11:50:36.759   545  9900 I DownloadManager: in removeSpuriousFiles, preserving file /data/data/com.android.providers.downloads/cache/metadata-169.htm
07-05 11:50:36.759   545  9900 I DownloadManager: in removeSpuriousFiles, preserving file /data/data/com.android.providers.downloads/cache/metadata-208.htm
07-05 11:50:36.759   545  9900 I DownloadManager: in removeSpuriousFiles, preserving file /data/data/com.android.providers.downloads/cache/metadata-279.htm
07-05 11:50:36.759   545  9900 I DownloadManager: in removeSpuriousFiles, preserving file /data/data/com.android.providers.downloads/cache/metadata-100.htm
07-05 11:50:36.759   545  9900 I DownloadManager: in removeSpuriousFiles, preserving file /data/data/com.android.providers.downloads/cache/metadata-193.htm
07-05 11:50:36.759   545  9900 I DownloadManager: in removeSpuriousFiles, preserving file /data/data/com.android.providers.downloads/cache/metadata-83.htm
07-05 11:50:36.759   545  9900 I DownloadManager: in removeSpuriousFiles, preserving file /data/data/com.android.providers.downloads/cache/metadata-156.htm
07-05 11:50:36.759   545  9900 I DownloadManager: in removeSpuriousFiles, preserving file /data/data/com.android.providers.downloads/cache/metadata-251.htm
07-05 11:50:36.759   545  9900 I DownloadManager: in removeSpuriousFiles, preserving file /data/data/com.android.providers.downloads/cache/metadata-354.htm
07-05 11:50:36.759   545  9900 I DownloadManager: in removeSpuriousFiles, preserving file /data/data/com.android.providers.downloads/cache/metadata-141.htm
07-05 11:50:36.759   545  9900 I DownloadManager: in removeSpuriousFiles, preserving file /data/data/com.android.providers.downloads/cache/metadata-170.htm
07-05 11:50:36.759   545  9900 I DownloadManager: in removeSpuriousFiles, preserving file /data/data/com.android.providers.downloads/cache/metadata-324.htm
07-05 11:50:36.759   545  9900 I DownloadManager: in removeSpuriousFiles, preserving file /data/data/com.android.providers.downloads/cache/metadata-190.htm
07-05 11:50:36.759   545  9900 I DownloadManager: in removeSpuriousFiles, preserving file /data/data/com.android.providers.downloads/cache/metadata-362.htm
07-05 11:50:36.759   545  9900 I DownloadManager: in removeSpuriousFiles, preserving file /data/data/com.android.providers.downloads/cache/metadata-180.htm
07-05 11:50:36.763   545  9900 I DownloadManager: in removeSpuriousFiles, preserving file /data/data/com.android.providers.downloads/cache/metadata-246.htm
07-05 11:50:36.763   545  9900 I DownloadManager: in removeSpuriousFiles, preserving file /data/data/com.android.providers.downloads/cache/metadata-294.htm
07-05 11:50:36.763   545  9900 I DownloadManager: in removeSpuriousFiles, preserving file /data/data/com.android.providers.downloads/cache/metadata-303.htm
07-05 11:50:36.763   545  9900 I DownloadManager: in removeSpuriousFiles, preserving file /data/data/com.android.providers.downloads/cache/metadata-155.htm
07-05 11:50:36.763   545  9900 I DownloadManager: in removeSpuriousFiles, preserving file /data/data/com.android.providers.downloads/cache/metadata-365.htm
07-05 11:50:36.763   545  9900 I DownloadManager: in removeSpuriousFiles, preserving file /data/data/com.android.providers.downloads/cache/metadata-373.htm
07-05 11:50:36.763   545  9900 I DownloadManager: in removeSpuriousFiles, preserving file /data/data/com.android.providers.downloads/cache/metadata-159.htm
07-05 11:50:36.763   545  9900 I DownloadManager: in removeSpuriousFiles, preserving file /data/data/com.android.providers.downloads/cache/metadata-388.htm
07-05 11:50:36.763   545  9900 I DownloadManager: in removeSpuriousFiles, preserving file /data/data/com.android.providers.downloads/cache/metadata-404.htm
07-05 11:50:36.763   545  9900 I DownloadManager: in removeSpuriousFiles, preserving file /data/data/com.android.providers.downloads/cache/metadata-315.htm
07-05 11:50:36.763   545  9900 I DownloadManager: in removeSpuriousFiles, preserving file /data/data/com.android.providers.downloads/cache/metadata-103.htm
07-05 11:50:36.778   545  9900 I DownloadManager: in removeSpuriousFiles, preserving file /data/data/com.android.providers.downloads/cache/metadata-311.htm
07-05 11:50:36.778   545  9900 I DownloadManager: in removeSpuriousFiles, preserving file /data/data/com.android.providers.downloads/cache/metadata-396.htm
07-05 11:50:36.778   545  9900 I DownloadManager: in removeSpuriousFiles, preserving file /data/data/com.android.providers.downloads/cache/metadata-390.htm
07-05 11:50:36.778   545  9900 I DownloadManager: in removeSpuriousFiles, preserving file /data/data/com.android.providers.downloads/cache/metadata-94.htm
07-05 11:50:36.778   545  9900 I DownloadManager: in removeSpuriousFiles, preserving file /data/data/com.android.providers.downloads/cache/metadata-213.htm
07-05 11:50:36.778   545  9900 I DownloadManager: in removeSpuriousFiles, preserving file /data/data/com.android.providers.downloads/cache/metadata-725.htm
07-05 11:50:36.778   545  9900 I DownloadManager: in removeSpuriousFiles, preserving file /data/data/com.android.providers.downloads/cache/metadata-274.htm
07-05 11:50:36.778   545  9900 I DownloadManager: in removeSpuriousFiles, preserving file /data/data/com.android.providers.downloads/cache/metadata-336.htm
07-05 11:50:36.782   545  9900 I DownloadManager: in removeSpuriousFiles, preserving file /data/data/com.android.providers.downloads/cache/metadata-175.htm
07-05 11:50:36.782   545  9900 I DownloadManager: in removeSpuriousFiles, preserving file /data/data/com.android.providers.downloads/cache/metadata-308.htm
07-05 11:50:36.782   545  9900 I DownloadManager: in removeSpuriousFiles, preserving file /data/data/com.android.providers.downloads/cache/metadata-341.htm
07-05 11:50:36.782   545  9900 I DownloadManager: in removeSpuriousFiles, preserving file /data/data/com.android.providers.downloads/cache/metadata-366.htm
07-05 11:50:36.782   545  9900 I DownloadManager: in removeSpuriousFiles, preserving file /data/data/com.android.providers.downloads/cache/metadata-427.htm
07-05 11:50:36.782   545  9900 I DownloadManager: in removeSpuriousFiles, preserving file /data/data/com.android.providers.downloads/cache/metadata-117.htm
07-05 11:50:36.782   545  9900 I DownloadManager: in removeSpuriousFiles, preserving file /data/data/com.android.providers.downloads/cache/metadata-379.htm
07-05 11:50:36.782   545  9900 I DownloadManager: in removeSpuriousFiles, preserving file /data/data/com.android.providers.downloads/cache/metadata-425.htm
07-05 11:50:36.782   545  9900 I DownloadManager: in removeSpuriousFiles, preserving file /data/data/com.android.providers.downloads/cache/metadata-241.htm
07-05 11:50:36.782   545  9900 I DownloadManager: in removeSpuriousFiles, preserving file /data/data/com.android.providers.downloads/cache/metadata-459.htm
07-05 11:50:36.782   545  9900 I DownloadManager: in removeSpuriousFiles, preserving file /data/data/com.android.providers.downloads/cache/metadata-171.htm
07-05 11:50:36.786   545  9900 I DownloadManager: in removeSpuriousFiles, preserving file /data/data/com.android.providers.downloads/cache/metadata-386.htm
07-05 11:50:36.786   545  9900 I DownloadManager: in removeSpuriousFiles, preserving file /data/data/com.android.providers.downloads/cache/metadata-285.htm
07-05 11:50:36.786   545  9900 I DownloadManager: in removeSpuriousFiles, preserving file /data/data/com.android.providers.downloads/cache/metadata-422.htm
07-05 11:50:36.786   545  9900 I DownloadManager: in removeSpuriousFiles, preserving file /data/data/com.android.providers.downloads/cache/metadata-398.htm
07-05 11:50:36.786   545  9900 I DownloadManager: in removeSpuriousFiles, preserving file /data/data/com.android.providers.downloads/cache/metadata-415.htm
07-05 11:50:36.786   545  9900 I DownloadManager: in removeSpuriousFiles, preserving file /data/data/com.android.providers.downloads/cache/metadata-448.htm
07-05 11:50:36.786   545  9900 I DownloadManager: in removeSpuriousFiles, preserving file /data/data/com.android.providers.downloads/cache/metadata-468.htm
07-05 11:50:36.786   545  9900 I DownloadManager: in removeSpuriousFiles, preserving file /data/data/com.android.providers.downloads/cache/metadata-335.htm
07-05 11:50:36.786   545  9900 I DownloadManager: in removeSpuriousFiles, preserving file /data/data/com.android.providers.downloads/cache/metadata-269.htm
07-05 11:50:36.790   545  9900 I DownloadManager: in removeSpuriousFiles, preserving file /data/data/com.android.providers.downloads/cache/metadata-1044.htm
07-05 11:50:36.790   545  9900 I DownloadManager: in removeSpuriousFiles, preserving file /data/data/com.android.providers.downloads/cache/metadata-313.htm
07-05 11:50:36.790   545  9900 I DownloadManager: in removeSpuriousFiles, preserving file /data/data/com.android.providers.downloads/cache/metadata-316.htm
07-05 11:50:36.790   545  9900 I DownloadManager: in removeSpuriousFiles, preserving file /data/data/com.android.providers.downloads/cache/metadata-338.htm
07-05 11:50:36.790   545  9900 I DownloadManager: in removeSpuriousFiles, preserving file /data/data/com.android.providers.downloads/cache/metadata-358.htm
07-05 11:50:36.790   545  9900 I DownloadManager: in removeSpuriousFiles, preserving file /data/data/com.android.providers.downloads/cache/metadata-439.htm
07-05 11:50:36.790   545  9900 I DownloadManager: in removeSpuriousFiles, preserving file /data/data/com.android.providers.downloads/cache/metadata-1291.htm
07-05 11:50:36.790   545  9900 I DownloadManager: in removeSpuriousFiles, preserving file /data/data/com.android.providers.downloads/cache/metadata-342.htm
07-05 11:50:36.790   545  9900 I DownloadManager: in removeSpuriousFiles, preserving file /data/data/com.android.providers.downloads/cache/metadata-296.htm
07-05 11:50:36.790   545  9900 I DownloadManager: in removeSpuriousFiles, preserving file /data/data/com.android.providers.downloads/cache/metadata-297.htm
07-05 11:50:36.790   545  9900 I DownloadManager: in removeSpuriousFiles, preserving file /data/data/com.android.providers.downloads/cache/metadata-223.htm
07-05 11:50:36.790   545  9900 I DownloadManager: in removeSpuriousFiles, preserving file /data/data/com.android.providers.downloads/cache/metadata-348.htm
07-05 11:50:36.790   545  9900 I DownloadManager: in removeSpuriousFiles, preserving file /data/data/com.android.providers.downloads/cache/metadata-184.htm
07-05 11:50:36.790   545  9900 I DownloadManager: in removeSpuriousFiles, preserving file /data/data/com.android.providers.downloads/cache/metadata-346.htm
07-05 11:50:36.794   545  9900 I DownloadManager: in removeSpuriousFiles, preserving file /data/data/com.android.providers.downloads/cache/metadata-462.htm
07-05 11:50:36.794   545  9900 I DownloadManager: in removeSpuriousFiles, preserving file /data/data/com.android.providers.downloads/cache/metadata-255.htm
07-05 11:50:36.794   545  9900 I DownloadManager: in removeSpuriousFiles, preserving file /data/data/com.android.providers.downloads/cache/metadata-283.htm
07-05 11:50:36.794   545  9900 I DownloadManager: in removeSpuriousFiles, preserving file /data/data/com.android.providers.downloads/cache/metadata-417.htm
07-05 11:50:36.794   545  9900 I DownloadManager: in removeSpuriousFiles, preserving file /data/data/com.android.providers.downloads/cache/metadata-461.htm
07-05 11:50:36.794   545  9900 I DownloadManager: in removeSpuriousFiles, preserving file /data/data/com.android.providers.downloads/cache/metadata-467.htm
07-05 11:50:36.794   545  9900 I DownloadManager: in removeSpuriousFiles, preserving file /data/data/com.android.providers.downloads/cache/metadata-430.htm
07-05 11:50:36.794   545  9900 I DownloadManager: in removeSpuriousFiles, preserving file /data/data/com.android.providers.downloads/cache/metadata-424.htm
07-05 11:50:36.794   545  9900 I DownloadManager: in removeSpuriousFiles, preserving file /data/data/com.android.providers.downloads/cache/metadata-350.htm
07-05 11:50:36.798   545  9900 I DownloadManager: in removeSpuriousFiles, preserving file /data/data/com.android.providers.downloads/cache/metadata-369.htm
07-05 11:50:36.798   545  9900 I DownloadManager: in removeSpuriousFiles, preserving file /data/data/com.android.providers.downloads/cache/metadata-410.htm
07-05 11:50:36.798   545  9900 I DownloadManager: in removeSpuriousFiles, preserving file /data/data/com.android.providers.downloads/cache/metadata-486.htm
07-05 11:50:36.798   545  9900 I DownloadManager: in removeSpuriousFiles, preserving file /data/data/com.android.providers.downloads/cache/metadata-347.htm
07-05 11:50:36.798   545  9900 I DownloadManager: in removeSpuriousFiles, preserving file /data/data/com.android.providers.downloads/cache/metadata-831.htm
07-05 11:50:36.798   545  9900 I DownloadManager: in removeSpuriousFiles, preserving file /data/data/com.android.providers.downloads/cache/metadata-400.htm
07-05 11:50:36.798   545  9900 I DownloadManager: in removeSpuriousFiles, preserving file /data/data/com.android.providers.downloads/cache/metadata-457.htm
07-05 11:50:36.798   545  9900 I DownloadManager: in removeSpuriousFiles, preserving file /data/data/com.android.providers.downloads/cache/metadata-544.htm
07-05 11:50:36.798   545  9900 I DownloadManager: in removeSpuriousFiles, preserving file /data/data/com.android.providers.downloads/cache/metadata-380.htm
07-05 11:50:36.802   545  9900 I DownloadManager: in removeSpuriousFiles, preserving file /data/data/com.android.providers.downloads/cache/metadata-471.htm
07-05 11:50:36.802   545  9900 I DownloadManager: in removeSpuriousFiles, preserving file /data/data/com.android.providers.downloads/cache/metadata-428.htm
07-05 11:50:36.802   545  9900 I DownloadManager: in removeSpuriousFiles, preserving file /data/data/com.android.providers.downloads/cache/metadata-583.htm
07-05 11:50:36.802   545  9900 I DownloadManager: in removeSpuriousFiles, preserving file /data/data/com.android.providers.downloads/cache/metadata-460.htm
07-05 11:50:36.802   545  9900 I DownloadManager: in removeSpuriousFiles, preserving file /data/data/com.android.providers.downloads/cache/metadata-500.htm
07-05 11:50:36.802   545  9900 I DownloadManager: in removeSpuriousFiles, preserving file /data/data/com.android.providers.downloads/cache/metadata-507.htm
07-05 11:50:36.802   545  9900 I DownloadManager: in removeSpuriousFiles, preserving file /data/data/com.android.providers.downloads/cache/metadata-480.htm
07-05 11:50:36.806   545  9900 I DownloadManager: in removeSpuriousFiles, preserving file /data/data/com.android.providers.downloads/cache/metadata-298.htm
07-05 11:50:36.806   545  9900 I DownloadManager: in removeSpuriousFiles, preserving file /data/data/com.android.providers.downloads/cache/metadata-1147.htm
07-05 11:50:36.806   545  9900 I DownloadManager: in removeSpuriousFiles, preserving file /data/data/com.android.providers.downloads/cache/metadata-438.htm
07-05 11:50:36.806   545  9900 I DownloadManager: in removeSpuriousFiles, preserving file /data/data/com.android.providers.downloads/cache/metadata-499.htm
07-05 11:50:36.806   545  9900 I DownloadManager: in removeSpuriousFiles, preserving file /data/data/com.android.providers.downloads/cache/metadata-332.htm
07-05 11:50:36.806   545  9900 I DownloadManager: in removeSpuriousFiles, preserving file /data/data/com.android.providers.downloads/cache/metadata-516.htm
07-05 11:50:36.806   545  9900 I DownloadManager: in removeSpuriousFiles, preserving file /data/data/com.android.providers.downloads/cache/metadata-401.htm
07-05 11:50:36.806   545  9900 I DownloadManager: in removeSpuriousFiles, preserving file /data/data/com.android.providers.downloads/cache/metadata-510.htm
07-05 11:50:36.806   545  9900 I DownloadManager: in removeSpuriousFiles, preserving file /data/data/com.android.providers.downloads/cache/metadata-167.htm
07-05 11:50:36.806   545  9900 I DownloadManager: in removeSpuriousFiles, preserving file /data/data/com.android.providers.downloads/cache/metadata-552.htm
07-05 11:50:36.806   545  9900 I DownloadManager: in removeSpuriousFiles, preserving file /data/data/com.android.providers.downloads/cache/metadata-420.htm
07-05 11:50:36.806   545  9900 I DownloadManager: in removeSpuriousFiles, preserving file /data/data/com.android.providers.downloads/cache/metadata-357.htm
07-05 11:50:36.806   545  9900 I DownloadManager: in removeSpuriousFiles, preserving file /data/data/com.android.providers.downloads/cache/metadata-960.htm
07-05 11:50:36.809   545  9900 I DownloadManager: in removeSpuriousFiles, preserving file /data/data/com.android.providers.downloads/cache/metadata-441.htm
07-05 11:50:36.809   545  9900 I DownloadManager: in removeSpuriousFiles, preserving file /data/data/com.android.providers.downloads/cache/metadata-382.htm
07-05 11:50:36.809   545  9900 I DownloadManager: in removeSpuriousFiles, preserving file /data/data/com.android.providers.downloads/cache/metadata-437.htm
07-05 11:50:36.809   545  9900 I DownloadManager: in removeSpuriousFiles, preserving file /data/data/com.android.providers.downloads/cache/metadata-506.htm
07-05 11:50:36.809   545  9900 I DownloadManager: in removeSpuriousFiles, preserving file /data/data/com.android.providers.downloads/cache/metadata-498.htm
07-05 11:50:36.809   545  9900 I DownloadManager: in removeSpuriousFiles, preserving file /data/data/com.android.providers.downloads/cache/metadata-1197.htm
07-05 11:50:36.809   545  9900 I DownloadManager: in removeSpuriousFiles, preserving file /data/data/com.android.providers.downloads/cache/metadata-488.htm
07-05 11:50:36.809   545  9900 I DownloadManager: in removeSpuriousFiles, preserving file /data/data/com.android.providers.downloads/cache/metadata-1306.htm
07-05 11:50:36.813   545  9900 I DownloadManager: in removeSpuriousFiles, preserving file /data/data/com.android.providers.downloads/cache/metadata-414.htm
07-05 11:50:36.813   545  9900 I DownloadManager: in removeSpuriousFiles, preserving file /data/data/com.android.providers.downloads/cache/metadata-343.htm
07-05 11:50:36.813   545  9900 I DownloadManager: in removeSpuriousFiles, preserving file /data/data/com.android.providers.downloads/cache/metadata-351.htm
07-05 11:50:36.813   545  9900 I DownloadManager: in removeSpuriousFiles, preserving file /data/data/com.android.providers.downloads/cache/metadata-301.htm
07-05 11:50:36.813   545  9900 I DownloadManager: in removeSpuriousFiles, preserving file /data/data/com.android.providers.downloads/cache/metadata-275.htm
07-05 11:50:36.813   545  9900 I DownloadManager: in removeSpuriousFiles, preserving file /data/data/com.android.providers.downloads/cache/metadata-293.htm
07-05 11:50:36.813   545  9900 I DownloadManager: in removeSpuriousFiles, preserving file /data/data/com.android.providers.downloads/cache/metadata-450.htm
07-05 11:50:36.813   545  9900 I DownloadManager: in removeSpuriousFiles, preserving file /data/data/com.android.providers.downloads/cache/metadata-96.htm
07-05 11:50:36.813   545  9900 I DownloadManager: in removeSpuriousFiles, preserving file /data/data/com.android.providers.downloads/cache/metadata-385.htm
07-05 11:50:36.813   545  9900 I DownloadManager: in removeSpuriousFiles, preserving file /data/data/com.android.providers.downloads/cache/metadata-225.htm
07-05 11:50:36.813   545  9900 I DownloadManager: in removeSpuriousFiles, preserving file /data/data/com.android.providers.downloads/cache/metadata-66.htm
07-05 11:50:36.813   545  9900 I DownloadManager: in removeSpuriousFiles, preserving file /data/data/com.android.providers.downloads/cache/metadata-276.htm
07-05 11:50:36.813   545  9900 I DownloadManager: in removeSpuriousFiles, preserving file /data/data/com.android.providers.downloads/cache/metadata-325.htm
07-05 11:50:36.813   545  9900 I DownloadManager: in removeSpuriousFiles, preserving file /data/data/com.android.providers.downloads/cache/metadata-271.htm
07-05 11:50:36.813   545  9900 I DownloadManager: in removeSpuriousFiles, preserving file /data/data/com.android.providers.downloads/cache/metadata-405.htm
07-05 11:50:36.817   545  9900 I DownloadManager: in removeSpuriousFiles, preserving file /data/data/com.android.providers.downloads/cache/metadata-421.htm
07-05 11:50:36.817   545  9900 I DownloadManager: in removeSpuriousFiles, preserving file /data/data/com.android.providers.downloads/cache/metadata-102.htm
07-05 11:50:36.817   545  9900 I DownloadManager: in removeSpuriousFiles, preserving file /data/data/com.android.providers.downloads/cache/metadata-399.htm
07-05 11:50:36.817   545  9900 I DownloadManager: in removeSpuriousFiles, preserving file /data/data/com.android.providers.downloads/cache/metadata-109.htm
07-05 11:50:36.817   545  9900 I DownloadManager: in removeSpuriousFiles, preserving file /data/data/com.android.providers.downloads/cache/metadata-179.htm
07-05 11:50:36.817   545  9900 I DownloadManager: in removeSpuriousFiles, preserving file /data/data/com.android.providers.downloads/cache/metadata-186.htm
07-05 11:50:36.817   545  9900 I DownloadManager: in removeSpuriousFiles, preserving file /data/data/com.android.providers.downloads/cache/metadata-333.htm
07-05 11:50:36.817   545  9900 I DownloadManager: in removeSpuriousFiles, preserving file /data/data/com.android.providers.downloads/cache/metadata-144.htm
07-05 11:50:36.817   545  9900 I DownloadManager: in removeSpuriousFiles, preserving file /data/data/com.android.providers.downloads/cache/metadata-389.htm
07-05 11:50:36.817   545  9900 I DownloadManager: in removeSpuriousFiles, preserving file /data/data/com.android.providers.downloads/cache/metadata-250.htm
07-05 11:50:36.817   545  9900 I DownloadManager: in removeSpuriousFiles, preserving file /data/data/com.android.providers.downloads/cache/metadata-1063.htm
07-05 11:50:36.817   545  9900 I DownloadManager: in removeSpuriousFiles, preserving file /data/data/com.android.providers.downloads/cache/metadata-195.htm
07-05 11:50:36.817   545  9900 I DownloadManager: in removeSpuriousFiles, preserving file /data/data/com.android.providers.downloads/cache/metadata-86.htm
07-05 11:50:36.817   545  9900 I DownloadManager: in removeSpuriousFiles, preserving file /data/data/com.android.providers.downloads/cache/metadata-97.htm
07-05 11:50:36.817   545  9900 I DownloadManager: in removeSpuriousFiles, preserving file /data/data/com.android.providers.downloads/cache/metadata-407.htm
07-05 11:50:36.817   545  9900 I DownloadManager: in removeSpuriousFiles, preserving file /data/data/com.android.providers.downloads/cache/metadata-514.htm
07-05 11:50:36.817   545  9900 I DownloadManager: in removeSpuriousFiles, preserving file /data/data/com.android.providers.downloads/cache/metadata-476.htm
07-05 11:50:36.821   545  9900 I DownloadManager: in removeSpuriousFiles, preserving file /data/data/com.android.providers.downloads/cache/metadata-413.htm
07-05 11:50:36.821   545  9900 I DownloadManager: in removeSpuriousFiles, preserving file /data/data/com.android.providers.downloads/cache/metadata-242.htm
07-05 11:50:36.821   545  9900 I DownloadManager: in removeSpuriousFiles, preserving file /data/data/com.android.providers.downloads/cache/metadata-166.htm
07-05 11:50:36.821   545  9900 I DownloadManager: in removeSpuriousFiles, preserving file /data/data/com.android.providers.downloads/cache/metadata-340.htm
07-05 11:50:36.821   545  9900 I DownloadManager: in removeSpuriousFiles, preserving file /data/data/com.android.providers.downloads/cache/metadata-531.htm
07-05 11:50:36.821   545  9900 I DownloadManager: in removeSpuriousFiles, preserving file /data/data/com.android.providers.downloads/cache/metadata-444.htm
07-05 11:50:36.825   545  9900 I DownloadManager: in removeSpuriousFiles, preserving file /data/data/com.android.providers.downloads/cache/metadata-484.htm
07-05 11:50:36.825   545  9900 I DownloadManager: in removeSpuriousFiles, preserving file /data/data/com.android.providers.downloads/cache/metadata-1030.htm
07-05 11:50:36.825   545  9900 I DownloadManager: in removeSpuriousFiles, preserving file /data/data/com.android.providers.downloads/cache/metadata-782.htm
07-05 11:50:36.825   545  9900 I DownloadManager: in removeSpuriousFiles, preserving file /data/data/com.android.providers.downloads/cache/metadata-281.htm
07-05 11:50:36.829   545  9900 I DownloadManager: in removeSpuriousFiles, preserving file /data/data/com.android.providers.downloads/cache/metadata-173.htm
07-05 11:50:36.829   545  9900 I DownloadManager: in removeSpuriousFiles, preserving file /data/data/com.android.providers.downloads/cache/metadata-526.htm
07-05 11:50:36.829   545  9900 I DownloadManager: in removeSpuriousFiles, preserving file /data/data/com.android.providers.downloads/cache/metadata-537.htm
07-05 11:50:36.829   545  9900 I DownloadManager: in removeSpuriousFiles, preserving file /data/data/com.android.providers.downloads/cache/metadata-330.htm
07-05 11:50:36.829   545  9900 I DownloadManager: in removeSpuriousFiles, preserving file /data/data/com.android.providers.downloads/cache/metadata-495.htm
07-05 11:50:36.829   545  9900 I DownloadManager: in removeSpuriousFiles, preserving file /data/data/com.android.providers.downloads/cache/metadata-501.htm
07-05 11:50:36.829   545  9900 I DownloadManager: in removeSpuriousFiles, preserving file /data/data/com.android.providers.downloads/cache/metadata-391.htm
07-05 11:50:36.829   545  9900 I DownloadManager: in removeSpuriousFiles, preserving file /data/data/com.android.providers.downloads/cache/metadata-411.htm
07-05 11:50:36.829   545  9900 I DownloadManager: in removeSpuriousFiles, preserving file /data/data/com.android.providers.downloads/cache/metadata-1343.htm
07-05 11:50:36.841   545  9900 I DownloadManager: in removeSpuriousFiles, preserving file /data/data/com.android.providers.downloads/cache/metadata-493.htm
07-05 11:50:36.841   545  9900 I DownloadManager: in removeSpuriousFiles, preserving file /data/data/com.android.providers.downloads/cache/metadata-518.htm
07-05 11:50:36.841   545  9900 I DownloadManager: in removeSpuriousFiles, preserving file /data/data/com.android.providers.downloads/cache/metadata-265.htm
07-05 11:50:36.841   545  9900 I DownloadManager: in removeSpuriousFiles, preserving file /data/data/com.android.providers.downloads/cache/metadata-815.htm
07-05 11:50:36.841   545  9900 I DownloadManager: in removeSpuriousFiles, preserving file /data/data/com.android.providers.downloads/cache/metadata-106.htm
07-05 11:50:36.841   545  9900 I DownloadManager: in removeSpuriousFiles, preserving file /data/data/com.android.providers.downloads/cache/metadata-485.htm
07-05 11:50:36.845   545  9900 I DownloadManager: in removeSpuriousFiles, preserving file /data/data/com.android.providers.downloads/cache/metadata-263.htm
07-05 11:50:36.845   545  9900 I DownloadManager: in removeSpuriousFiles, preserving file /data/data/com.android.providers.downloads/cache/metadata-408.htm
07-05 11:50:36.845   545  9900 I DownloadManager: in removeSpuriousFiles, preserving file /data/data/com.android.providers.downloads/cache/metadata-458.htm
07-05 11:50:36.845   545  9900 I DownloadManager: in removeSpuriousFiles, preserving file /data/data/com.android.providers.downloads/cache/metadata-970.htm
07-05 11:50:36.845   545  9900 I DownloadManager: in removeSpuriousFiles, preserving file /data/data/com.android.providers.downloads/cache/metadata-530.htm
07-05 11:50:36.845   545  9900 I DownloadManager: in removeSpuriousFiles, preserving file /data/data/com.android.providers.downloads/cache/metadata-917.htm
07-05 11:50:36.849   545   548 D dalvikvm: GC_CONCURRENT freed 588K, 9% free 10719K/11719K, paused 1ms+2ms
07-05 11:50:36.849   545  9900 I DownloadManager: in removeSpuriousFiles, preserving file /data/data/com.android.providers.downloads/cache/metadata-469.htm
07-05 11:50:36.849   545  9900 I DownloadManager: in removeSpuriousFiles, preserving file /data/data/com.android.providers.downloads/cache/metadata-564.htm
07-05 11:50:36.849   545  9900 I DownloadManager: in removeSpuriousFiles, preserving file /data/data/com.android.providers.downloads/cache/metadata-492.htm
07-05 11:50:36.849   545  9900 I DownloadManager: in removeSpuriousFiles, preserving file /data/data/com.android.providers.downloads/cache/metadata-1423.htm
07-05 11:50:36.849   545  9900 I DownloadManager: in removeSpuriousFiles, preserving file /data/data/com.android.providers.downloads/cache/metadata-426.htm
07-05 11:50:36.849   545  9900 I DownloadManager: in removeSpuriousFiles, preserving file /data/data/com.android.providers.downloads/cache/metadata-633.htm
07-05 11:50:36.849   545  9900 I DownloadManager: in removeSpuriousFiles, preserving file /data/data/com.android.providers.downloads/cache/metadata-1020.htm
07-05 11:50:36.849   545  9900 I DownloadManager: in removeSpuriousFiles, preserving file /data/data/com.android.providers.downloads/cache/metadata-568.htm
07-05 11:50:36.849   545  9900 I DownloadManager: in removeSpuriousFiles, preserving file /data/data/com.android.providers.downloads/cache/metadata-204.htm
07-05 11:50:36.849   545  9900 I DownloadManager: in removeSpuriousFiles, preserving file /data/data/com.android.providers.downloads/cache/metadata-494.htm
07-05 11:50:36.849   545  9900 I DownloadManager: in removeSpuriousFiles, preserving file /data/data/com.android.providers.downloads/cache/metadata-521.htm
07-05 11:50:36.849   545  9900 I DownloadManager: in removeSpuriousFiles, preserving file /data/data/com.android.providers.downloads/cache/metadata-748.htm
07-05 11:50:36.849   545  9900 I DownloadManager: in removeSpuriousFiles, preserving file /data/data/com.android.providers.downloads/cache/metadata-554.htm
07-05 11:50:36.849   545  9900 I DownloadManager: in removeSpuriousFiles, preserving file /data/data/com.android.providers.downloads/cache/metadata-288.htm
07-05 11:50:36.849   545  9900 I DownloadManager: in removeSpuriousFiles, preserving file /data/data/com.android.providers.downloads/cache/metadata-930.htm
07-05 11:50:36.849   545  9900 I DownloadManager: in removeSpuriousFiles, preserving file /data/data/com.android.providers.downloads/cache/metadata-363.htm
07-05 11:50:36.849   545  9900 I DownloadManager: in removeSpuriousFiles, preserving file /data/data/com.android.providers.downloads/cache/metadata-545.htm
07-05 11:50:36.849   545  9900 I DownloadManager: in removeSpuriousFiles, preserving file /data/data/com.android.providers.downloads/cache/metadata-87.htm
07-05 11:50:36.849   545  9900 I DownloadManager: in removeSpuriousFiles, preserving file /data/data/com.android.providers.downloads/cache/metadata-452.htm
07-05 11:50:36.852   545  9900 I DownloadManager: in removeSpuriousFiles, preserving file /data/data/com.android.providers.downloads/cache/metadata-359.htm
07-05 11:50:36.852   545  9900 I DownloadManager: in removeSpuriousFiles, preserving file /data/data/com.android.providers.downloads/cache/metadata-668.htm
07-05 11:50:36.852   545  9900 I DownloadManager: in removeSpuriousFiles, preserving file /data/data/com.android.providers.downloads/cache/metadata-463.htm
07-05 11:50:36.852   545  9900 I DownloadManager: in removeSpuriousFiles, preserving file /data/data/com.android.providers.downloads/cache/metadata-582.htm
07-05 11:50:36.852   545  9900 I DownloadManager: in removeSpuriousFiles, preserving file /data/data/com.android.providers.downloads/cache/metadata-483.htm
07-05 11:50:36.852   545  9900 I DownloadManager: in removeSpuriousFiles, preserving file /data/data/com.android.providers.downloads/cache/metadata-478.htm
07-05 11:50:36.852   545  9900 I DownloadManager: in removeSpuriousFiles, preserving file /data/data/com.android.providers.downloads/cache/metadata-603.htm
07-05 11:50:36.852   545  9900 I DownloadManager: in removeSpuriousFiles, preserving file /data/data/com.android.providers.downloads/cache/metadata-541.htm
07-05 11:50:36.852   545  9900 I DownloadManager: in removeSpuriousFiles, preserving file /data/data/com.android.providers.downloads/cache/metadata-520.htm
07-05 11:50:36.852   545  9900 I DownloadManager: in removeSpuriousFiles, preserving file /data/data/com.android.providers.downloads/cache/metadata-522.htm
07-05 11:50:36.852   545  9900 I DownloadManager: in removeSpuriousFiles, preserving file /data/data/com.android.providers.downloads/cache/metadata-416.htm
07-05 11:50:36.852   545  9900 I DownloadManager: in removeSpuriousFiles, preserving file /data/data/com.android.providers.downloads/cache/metadata-553.htm
07-05 11:50:36.852   545  9900 I DownloadManager: in removeSpuriousFiles, preserving file /data/data/com.android.providers.downloads/cache/metadata-1032.htm
07-05 11:50:36.852   545  9900 I DownloadManager: in removeSpuriousFiles, preserving file /data/data/com.android.providers.downloads/cache/metadata-431.htm
07-05 11:50:36.852   545  9900 I DownloadManager: in removeSpuriousFiles, preserving file /data/data/com.android.providers.downloads/cache/metadata-1206.htm
07-05 11:50:36.852   545  9900 I DownloadManager: in removeSpuriousFiles, preserving file /data/data/com.android.providers.downloads/cache/metadata-702.htm
07-05 11:50:36.852   545  9900 I DownloadManager: in removeSpuriousFiles, preserving file /data/data/com.android.providers.downloads/cache/metadata-634.htm
07-05 11:50:36.852   545  9900 I DownloadManager: in removeSpuriousFiles, preserving file /data/data/com.android.providers.downloads/cache/metadata-409.htm
07-05 11:50:36.852   545  9900 I DownloadManager: in removeSpuriousFiles, preserving file /data/data/com.android.providers.downloads/cache/metadata-403.htm
07-05 11:50:36.852   545  9900 I DownloadManager: in removeSpuriousFiles, preserving file /data/data/com.android.providers.downloads/cache/metadata-491.htm
07-05 11:50:36.852   545  9900 I DownloadManager: in removeSpuriousFiles, preserving file /data/data/com.android.providers.downloads/cache/metadata-482.htm
07-05 11:50:36.852   545  9900 I DownloadManager: in removeSpuriousFiles, preserving file /data/data/com.android.providers.downloads/cache/metadata-574.htm
07-05 11:50:36.852   545  9900 I DownloadManager: in removeSpuriousFiles, preserving file /data/data/com.android.providers.downloads/cache/metadata-257.htm
07-05 11:50:36.852   545  9900 I DownloadManager: in removeSpuriousFiles, preserving file /data/data/com.android.providers.downloads/cache/metadata-638.htm
07-05 11:50:36.852   545  9900 I DownloadManager: in removeSpuriousFiles, preserving file /data/data/com.android.providers.downloads/cache/metadata-419.htm
07-05 11:50:36.852   545  9900 I DownloadManager: in removeSpuriousFiles, preserving file /data/data/com.android.providers.downloads/cache/metadata-1268.htm
07-05 11:50:36.852   545  9900 I DownloadManager: in removeSpuriousFiles, preserving file /data/data/com.android.providers.downloads/cache/metadata-472.htm
07-05 11:50:36.852   545  9900 I DownloadManager: in removeSpuriousFiles, preserving file /data/data/com.android.providers.downloads/cache/metadata-1043.htm
07-05 11:50:36.852   545  9900 I DownloadManager: in removeSpuriousFiles, preserving file /data/data/com.android.providers.downloads/cache/metadata-669.htm
07-05 11:50:36.856   545  9900 I DownloadManager: in removeSpuriousFiles, preserving file /data/data/com.android.providers.downloads/cache/metadata-1024.htm
07-05 11:50:36.856   545  9900 I DownloadManager: in removeSpuriousFiles, preserving file /data/data/com.android.providers.downloads/cache/metadata-1399.htm
07-05 11:50:36.856   545  9900 I DownloadManager: in removeSpuriousFiles, preserving file /data/data/com.android.providers.downloads/cache/metadata-114.htm
07-05 11:50:36.856   545  9900 I DownloadManager: in removeSpuriousFiles, preserving file /data/data/com.android.providers.downloads/cache/metadata-936.htm
07-05 11:50:36.856   545  9900 I DownloadManager: in removeSpuriousFiles, preserving file /data/data/com.android.providers.downloads/cache/metadata-1245.htm
07-05 11:50:36.856   545  9900 I DownloadManager: in removeSpuriousFiles, preserving file /data/data/com.android.providers.downloads/cache/metadata-560.htm
07-05 11:50:36.856   545  9900 I DownloadManager: in removeSpuriousFiles, preserving file /data/data/com.android.providers.downloads/cache/metadata-549.htm
07-05 11:50:36.856   545  9900 I DownloadManager: in removeSpuriousFiles, preserving file /data/data/com.android.providers.downloads/cache/metadata-744.htm
07-05 11:50:36.860   545  9900 I DownloadManager: in removeSpuriousFiles, preserving file /data/data/com.android.providers.downloads/cache/metadata-543.htm
07-05 11:50:36.860   545  9900 I DownloadManager: in removeSpuriousFiles, preserving file /data/data/com.android.providers.downloads/cache/metadata-1459.htm
07-05 11:50:36.864   545  9900 I DownloadManager: in removeSpuriousFiles, preserving file /data/data/com.android.providers.downloads/cache/metadata-33.htm
07-05 11:50:36.868   545  9900 I DownloadManager: in removeSpuriousFiles, preserving file /data/data/com.android.providers.downloads/cache/metadata-270.htm
07-05 11:50:36.868   545  9900 I DownloadManager: in removeSpuriousFiles, preserving file /data/data/com.android.providers.downloads/cache/metadata-339.htm
07-05 11:50:36.868   545  9900 I DownloadManager: in removeSpuriousFiles, preserving file /data/data/com.android.providers.downloads/cache/metadata-310.htm
07-05 11:50:36.868   545  9900 I DownloadManager: in removeSpuriousFiles, preserving file /data/data/com.android.providers.downloads/cache/metadata-337.htm
07-05 11:50:36.868   545  9900 I DownloadManager: in removeSpuriousFiles, preserving file /data/data/com.android.providers.downloads/cache/metadata-1481.htm
07-05 11:50:36.868   545  9900 I DownloadManager: in removeSpuriousFiles, preserving file /data/data/com.android.providers.downloads/cache/metadata-821.htm
07-05 11:50:36.868   545  9900 I DownloadManager: in removeSpuriousFiles, preserving file /data/data/com.android.providers.downloads/cache/metadata-356.htm
07-05 11:50:36.868   545  9900 I DownloadManager: in removeSpuriousFiles, preserving file /data/data/com.android.providers.downloads/cache/metadata-305.htm
07-05 11:50:36.868   545  9900 I DownloadManager: in removeSpuriousFiles, preserving file /data/data/com.android.providers.downloads/cache/metadata-528.htm
07-05 11:50:36.868   545  9900 I DownloadManager: in removeSpuriousFiles, preserving file /data/data/com.android.providers.downloads/cache/metadata-987.htm
07-05 11:50:36.868   545  9900 I DownloadManager: in removeSpuriousFiles, preserving file /data/data/com.android.providers.downloads/cache/metadata-678.htm
07-05 11:50:36.868   545  9900 I DownloadManager: in removeSpuriousFiles, preserving file /data/data/com.android.providers.downloads/cache/metadata-465.htm
07-05 11:50:36.868   545  9900 I DownloadManager: in removeSpuriousFiles, preserving file /data/data/com.android.providers.downloads/cache/metadata-640.htm
07-05 11:50:36.868   545  9900 I DownloadManager: in removeSpuriousFiles, preserving file /data/data/com.android.providers.downloads/cache/metadata-307.htm
07-05 11:50:36.868   545  9900 I DownloadManager: in removeSpuriousFiles, preserving file /data/data/com.android.providers.downloads/cache/metadata-432.htm
07-05 11:50:36.868   545  9900 I DownloadManager: in removeSpuriousFiles, preserving file /data/data/com.android.providers.downloads/cache/metadata-443.htm
07-05 11:50:36.868   545  9900 I DownloadManager: in removeSpuriousFiles, preserving file /data/data/com.android.providers.downloads/cache/metadata-555.htm
07-05 11:50:36.868   545  9900 I DownloadManager: in removeSpuriousFiles, preserving file /data/data/com.android.providers.downloads/cache/metadata-826.htm
07-05 11:50:36.868   545  9900 I DownloadManager: in removeSpuriousFiles, preserving file /data/data/com.android.providers.downloads/cache/metadata-454.htm
07-05 11:50:36.868   545  9900 I DownloadManager: in removeSpuriousFiles, preserving file /data/data/com.android.providers.downloads/cache/metadata-361.htm
07-05 11:50:36.868   545  9900 I DownloadManager: in removeSpuriousFiles, preserving file /data/data/com.android.providers.downloads/cache/metadata-1186.htm
07-05 11:50:36.868   545  9900 I DownloadManager: in removeSpuriousFiles, preserving file /data/data/com.android.providers.downloads/cache/metadata-565.htm
07-05 11:50:36.868   545  9900 I DownloadManager: in removeSpuriousFiles, preserving file /data/data/com.android.providers.downloads/cache/metadata-449.htm
07-05 11:50:36.868   545  9900 I DownloadManager: in removeSpuriousFiles, preserving file /data/data/com.android.providers.downloads/cache/metadata-577.htm
07-05 11:50:36.872   545  9900 I DownloadManager: in removeSpuriousFiles, preserving file /data/data/com.android.providers.downloads/cache/metadata-378.htm
07-05 11:50:36.872   545  9900 I DownloadManager: in removeSpuriousFiles, preserving file /data/data/com.android.providers.downloads/cache/metadata-559.htm
07-05 11:50:36.872   545  9900 I DownloadManager: in removeSpuriousFiles, preserving file /data/data/com.android.providers.downloads/cache/metadata-562.htm
07-05 11:50:36.872   545  9900 I DownloadManager: in removeSpuriousFiles, preserving file /data/data/com.android.providers.downloads/cache/metadata-1414.htm
07-05 11:50:36.872   545  9900 I DownloadManager: in removeSpuriousFiles, preserving file /data/data/com.android.providers.downloads/cache/metadata-504.htm
07-05 11:50:36.872   545  9900 I DownloadManager: in removeSpuriousFiles, preserving file /data/data/com.android.providers.downloads/cache/metadata-287.htm
07-05 11:50:36.872   545  9900 I DownloadManager: in removeSpuriousFiles, preserving file /data/data/com.android.providers.downloads/cache/metadata-497.htm
07-05 11:50:36.872   545  9900 I DownloadManager: in removeSpuriousFiles, preserving file /data/data/com.android.providers.downloads/cache/metadata-913.htm
07-05 11:50:36.872   545  9900 I DownloadManager: in removeSpuriousFiles, preserving file /data/data/com.android.providers.downloads/cache/metadata-464.htm
07-05 11:50:36.872   545  9900 I DownloadManager: in removeSpuriousFiles, preserving file /data/data/com.android.providers.downloads/cache/metadata-540.htm
07-05 11:50:36.872   545  9900 I DownloadManager: in removeSpuriousFiles, preserving file /data/data/com.android.providers.downloads/cache/metadata-558.htm
07-05 11:50:36.872   545  9900 I DownloadManager: in removeSpuriousFiles, preserving file /data/data/com.android.providers.downloads/cache/metadata-535.htm
07-05 11:50:36.876   545  9900 I DownloadManager: in removeSpuriousFiles, preserving file /data/data/com.android.providers.downloads/cache/metadata-440.htm
07-05 11:50:36.876   545  9900 I DownloadManager: in removeSpuriousFiles, preserving file /data/data/com.android.providers.downloads/cache/metadata-508.htm
07-05 11:50:36.876   545  9900 I DownloadManager: in removeSpuriousFiles, preserving file /data/data/com.android.providers.downloads/cache/metadata-1255.htm
07-05 11:50:36.876   545  9900 I DownloadManager: in removeSpuriousFiles, preserving file /data/data/com.android.providers.downloads/cache/metadata-533.htm
07-05 11:50:36.876   545  9900 I DownloadManager: in removeSpuriousFiles, preserving file /data/data/com.android.providers.downloads/cache/metadata-98.htm
07-05 11:50:36.876   545  9900 I DownloadManager: in removeSpuriousFiles, preserving file /data/data/com.android.providers.downloads/cache/metadata-505.htm
07-05 11:50:36.876   545  9900 I DownloadManager: in removeSpuriousFiles, preserving file /data/data/com.android.providers.downloads/cache/metadata-502.htm
07-05 11:50:36.876   545  9900 I DownloadManager: in removeSpuriousFiles, preserving file /data/data/com.android.providers.downloads/cache/metadata-1087.htm
07-05 11:50:36.876   545  9900 I DownloadManager: in removeSpuriousFiles, preserving file /data/data/com.android.providers.downloads/cache/metadata-434.htm
07-05 11:50:36.876   545  9900 I DownloadManager: in removeSpuriousFiles, preserving file /data/data/com.android.providers.downloads/cache/metadata-616.htm
07-05 11:50:36.876   545  9900 I DownloadManager: in removeSpuriousFiles, preserving file /data/data/com.android.providers.downloads/cache/metadata-608.htm
07-05 11:50:36.876   545  9900 I DownloadManager: in removeSpuriousFiles, preserving file /data/data/com.android.providers.downloads/cache/metadata-641.htm
07-05 11:50:36.876   545  9900 I DownloadManager: in removeSpuriousFiles, preserving file /data/data/com.android.providers.downloads/cache/metadata-238.htm
07-05 11:50:36.876   545  9900 I DownloadManager: in removeSpuriousFiles, preserving file /data/data/com.android.providers.downloads/cache/metadata-523.htm
07-05 11:50:36.876   545  9900 I DownloadManager: in removeSpuriousFiles, preserving file /data/data/com.android.providers.downloads/cache/metadata-487.htm
07-05 11:50:36.876   545  9900 I DownloadManager: in removeSpuriousFiles, preserving file /data/data/com.android.providers.downloads/cache/metadata-235.htm
07-05 11:50:36.876   545  9900 I DownloadManager: in removeSpuriousFiles, preserving file /data/data/com.android.providers.downloads/cache/metadata-99.htm
07-05 11:50:36.876   545  9900 I DownloadManager: in removeSpuriousFiles, preserving file /data/data/com.android.providers.downloads/cache/metadata-1424.htm
07-05 11:50:36.876   545  9900 I DownloadManager: in removeSpuriousFiles, preserving file /data/data/com.android.providers.downloads/cache/metadata-600.htm
07-05 11:50:36.876   545  9900 I DownloadManager: in removeSpuriousFiles, preserving file /data/data/com.android.providers.downloads/cache/metadata-738.htm
07-05 11:50:36.876   545  9900 I DownloadManager: in removeSpuriousFiles, preserving file /data/data/com.android.providers.downloads/cache/metadata-524.htm
07-05 11:50:36.876   545  9900 I DownloadManager: in removeSpuriousFiles, preserving file /data/data/com.android.providers.downloads/cache/metadata-542.htm
07-05 11:50:36.876   545  9900 I DownloadManager: in removeSpuriousFiles, preserving file /data/data/com.android.providers.downloads/cache/metadata-731.htm
07-05 11:50:36.876   545  9900 I DownloadManager: in removeSpuriousFiles, preserving file /data/data/com.android.providers.downloads/cache/metadata-525.htm
07-05 11:50:36.876   545  9900 I DownloadManager: in removeSpuriousFiles, preserving file /data/data/com.android.providers.downloads/cache/metadata-551.htm
07-05 11:50:36.876   545  9900 I DownloadManager: in removeSpuriousFiles, preserving file /data/data/com.android.providers.downloads/cache/metadata-703.htm
07-05 11:50:36.876   545  9900 I DownloadManager: in removeSpuriousFiles, preserving file /data/data/com.android.providers.downloads/cache/metadata-309.htm
07-05 11:50:36.876   545  9900 I DownloadManager: in removeSpuriousFiles, preserving file /data/data/com.android.providers.downloads/cache/metadata-1305.htm
07-05 11:50:36.876   545  9900 I DownloadManager: in removeSpuriousFiles, preserving file /data/data/com.android.providers.downloads/cache/metadata-1304.htm
07-05 11:50:36.880   545  9900 I DownloadManager: in removeSpuriousFiles, preserving file /data/data/com.android.providers.downloads/cache/metadata-1162.htm
07-05 11:50:36.880   545  9900 I DownloadManager: in removeSpuriousFiles, preserving file /data/data/com.android.providers.downloads/cache/metadata-1196.htm
07-05 11:50:36.880   545  9900 I DownloadManager: in removeSpuriousFiles, preserving file /data/data/com.android.providers.downloads/cache/metadata-727.htm
07-05 11:50:36.880   545  9900 I DownloadManager: in removeSpuriousFiles, preserving file /data/data/com.android.providers.downloads/cache/metadata-519.htm
07-05 11:50:36.880   545  9900 I DownloadManager: in removeSpuriousFiles, preserving file /data/data/com.android.providers.downloads/cache/metadata-1413.htm
07-05 11:50:36.880   545  9900 I DownloadManager: in removeSpuriousFiles, preserving file /data/data/com.android.providers.downloads/cache/metadata-622.htm
07-05 11:50:36.880   545  9900 I DownloadManager: in removeSpuriousFiles, preserving file /data/data/com.android.providers.downloads/cache/metadata-1402.htm
07-05 11:50:36.880   545  9900 I DownloadManager: in removeSpuriousFiles, preserving file /data/data/com.android.providers.downloads/cache/metadata-1962.htm
07-05 11:50:36.880   545  9900 I DownloadManager: in removeSpuriousFiles, preserving file /data/data/com.android.providers.downloads/cache/metadata-618.htm
07-05 11:50:36.880   545  9900 I DownloadManager: in removeSpuriousFiles, preserving file /data/data/com.android.providers.downloads/cache/metadata-570.htm
07-05 11:50:36.880   545  9900 I DownloadManager: in removeSpuriousFiles, preserving file /data/data/com.android.providers.downloads/cache/metadata-247.htm
07-05 11:50:36.880   545  9900 I DownloadManager: in removeSpuriousFiles, preserving file /data/data/com.android.providers.downloads/cache/metadata-853.htm
07-05 11:50:36.880   545  9900 I DownloadManager: in removeSpuriousFiles, preserving file /data/data/com.android.providers.downloads/cache/metadata-733.htm
07-05 11:50:36.880   545  9900 I DownloadManager: in removeSpuriousFiles, preserving file /data/data/com.android.providers.downloads/cache/metadata-1140.htm
07-05 11:50:36.880   545  9900 I DownloadManager: in removeSpuriousFiles, preserving file /data/data/com.android.providers.downloads/cache/metadata-572.htm
07-05 11:50:36.880   545  9900 I DownloadManager: in removeSpuriousFiles, preserving file /data/data/com.android.providers.downloads/cache/metadata-1120.htm
07-05 11:50:36.880   545  9900 I DownloadManager: in removeSpuriousFiles, preserving file /data/data/com.android.providers.downloads/cache/metadata-1338.htm
07-05 11:50:36.884   545  9900 I DownloadManager: in removeSpuriousFiles, preserving file /data/data/com.android.providers.downloads/cache/metadata-1244.htm
07-05 11:50:36.884   545  9900 I DownloadManager: in removeSpuriousFiles, preserving file /data/data/com.android.providers.downloads/cache/metadata-646.htm
07-05 11:50:36.884   545  9900 I DownloadManager: in removeSpuriousFiles, preserving file /data/data/com.android.providers.downloads/cache/metadata-1080.htm
07-05 11:50:36.884   545  9900 I DownloadManager: in removeSpuriousFiles, preserving file /data/data/com.android.providers.downloads/cache/metadata-1208.htm
07-05 11:50:36.884   545  9900 I DownloadManager: in removeSpuriousFiles, preserving file /data/data/com.android.providers.downloads/cache/metadata-596.htm
07-05 11:50:36.884   545  9900 I DownloadManager: in removeSpuriousFiles, preserving file /data/data/com.android.providers.downloads/cache/metadata-823.htm
07-05 11:50:36.884   545  9900 I DownloadManager: in removeSpuriousFiles, preserving file /data/data/com.android.providers.downloads/cache/metadata-660.htm
07-05 11:50:36.884   545  9900 I DownloadManager: in removeSpuriousFiles, preserving file /data/data/com.android.providers.downloads/cache/metadata-1276.htm
07-05 11:50:36.884   545  9900 I DownloadManager: in removeSpuriousFiles, preserving file /data/data/com.android.providers.downloads/cache/metadata-470.htm
07-05 11:50:36.884   545  9900 I DownloadManager: in removeSpuriousFiles, preserving file /data/data/com.android.providers.downloads/cache/metadata-601.htm
07-05 11:50:36.884   545  9900 I DownloadManager: in removeSpuriousFiles, preserving file /data/data/com.android.providers.downloads/cache/metadata-635.htm
07-05 11:50:36.884   545  9900 I DownloadManager: in removeSpuriousFiles, preserving file /data/data/com.android.providers.downloads/cache/metadata-993.htm
07-05 11:50:36.884   545  9900 I DownloadManager: in removeSpuriousFiles, preserving file /data/data/com.android.providers.downloads/cache/metadata-916.htm
07-05 11:50:36.884   545  9900 I DownloadManager: in removeSpuriousFiles, preserving file /data/data/com.android.providers.downloads/cache/metadata-1433.htm
07-05 11:50:36.884   545  9900 I DownloadManager: in removeSpuriousFiles, preserving file /data/data/com.android.providers.downloads/cache/metadata-1055.htm
07-05 11:50:36.884   545  9900 I DownloadManager: in removeSpuriousFiles, preserving file /data/data/com.android.providers.downloads/cache/metadata-898.htm
07-05 11:50:36.884   545  9900 I DownloadManager: in removeSpuriousFiles, preserving file /data/data/com.android.providers.downloads/cache/metadata-674.htm
07-05 11:50:36.884   545  9900 I DownloadManager: in removeSpuriousFiles, preserving file /data/data/com.android.providers.downloads/cache/metadata-1113.htm
07-05 11:50:36.884   545  9900 I DownloadManager: in removeSpuriousFiles, preserving file /data/data/com.android.providers.downloads/cache/metadata-1168.htm
07-05 11:50:36.884   545  9900 I DownloadManager: in removeSpuriousFiles, preserving file /data/data/com.android.providers.downloads/cache/metadata-1333.htm
07-05 11:50:36.884   545  9900 I DownloadManager: in removeSpuriousFiles, preserving file /data/data/com.android.providers.downloads/cache/metadata-1184.htm
07-05 11:50:36.888   545  9900 I DownloadManager: in removeSpuriousFiles, preserving file /data/data/com.android.providers.downloads/cache/metadata-611.htm
07-05 11:50:36.888   545  9900 I DownloadManager: in removeSpuriousFiles, preserving file /data/data/com.android.providers.downloads/cache/metadata-875.htm
07-05 11:50:36.888   545  9900 I DownloadManager: in removeSpuriousFiles, preserving file /data/data/com.android.providers.downloads/cache/metadata-585.htm
07-05 11:50:36.888   545  9900 I DownloadManager: in removeSpuriousFiles, preserving file /data/data/com.android.providers.downloads/cache/metadata-1334.htm
07-05 11:50:36.888   545  9900 I DownloadManager: in removeSpuriousFiles, preserving file /data/data/com.android.providers.downloads/cache/metadata-455.htm
07-05 11:50:36.888   545  9900 I DownloadManager: in removeSpuriousFiles, preserving file /data/data/com.android.providers.downloads/cache/metadata-592.htm
07-05 11:50:36.888   545  9900 I DownloadManager: in removeSpuriousFiles, preserving file /data/data/com.android.providers.downloads/cache/metadata-1675.htm
07-05 11:50:36.888   545  9900 I DownloadManager: in removeSpuriousFiles, preserving file /data/data/com.android.providers.downloads/cache/metadata-557.htm
07-05 11:50:36.888   545  9900 I DownloadManager: in removeSpuriousFiles, preserving file /data/data/com.android.providers.downloads/cache/metadata-1619.htm
07-05 11:50:36.888   545  9900 I DownloadManager: in removeSpuriousFiles, preserving file /data/data/com.android.providers.downloads/cache/metadata-1590.htm
07-05 11:50:36.888   545  9900 I DownloadManager: in removeSpuriousFiles, preserving file /data/data/com.android.providers.downloads/cache/metadata-838.htm
07-05 11:50:36.888   545  9900 I DownloadManager: in removeSpuriousFiles, preserving file /data/data/com.android.providers.downloads/cache/metadata-429.htm
07-05 11:50:36.888   545  9900 I DownloadManager: in removeSpuriousFiles, preserving file /data/data/com.android.providers.downloads/cache/metadata-1144.htm
07-05 11:50:36.888   545  9900 I DownloadManager: in removeSpuriousFiles, preserving file /data/data/com.android.providers.downloads/cache/metadata-670.htm
07-05 11:50:36.888   545  9900 I DownloadManager: in removeSpuriousFiles, preserving file /data/data/com.android.providers.downloads/cache/metadata-1104.htm
07-05 11:50:36.888   545  9900 I DownloadManager: in removeSpuriousFiles, preserving file /data/data/com.android.providers.downloads/cache/metadata-561.htm
07-05 11:50:36.888   545  9900 I DownloadManager: in removeSpuriousFiles, preserving file /data/data/com.android.providers.downloads/cache/metadata-689.htm
07-05 11:50:36.892   545  9900 I DownloadManager: in removeSpuriousFiles, preserving file /data/data/com.android.providers.downloads/cache/metadata-612.htm
07-05 11:50:36.892   545  9900 I DownloadManager: in removeSpuriousFiles, preserving file /data/data/com.android.providers.downloads/cache/metadata-1093.htm
07-05 11:50:36.892   545  9900 I DownloadManager: in removeSpuriousFiles, preserving file /data/data/com.android.providers.downloads/cache/metadata-1155.htm
07-05 11:50:36.892   545  9900 I DownloadManager: in removeSpuriousFiles, preserving file /data/data/com.android.providers.downloads/cache/metadata-272.htm
07-05 11:50:36.892   545  9900 I DownloadManager: in removeSpuriousFiles, preserving file /data/data/com.android.providers.downloads/cache/metadata-129.htm
07-05 11:50:36.892   545  9900 I DownloadManager: in removeSpuriousFiles, preserving file /data/data/com.android.providers.downloads/cache/metadata-456.htm
07-05 11:50:36.892   545  9900 I DownloadManager: in removeSpuriousFiles, preserving file /data/data/com.android.providers.downloads/cache/metadata-1261.htm
07-05 11:50:36.892   545  9900 I DownloadManager: in removeSpuriousFiles, preserving file /data/data/com.android.providers.downloads/cache/metadata-503.htm
07-05 11:50:36.892   545  9900 I DownloadManager: in removeSpuriousFiles, preserving file /data/data/com.android.providers.downloads/cache/metadata-1058.htm
07-05 11:50:36.892   545  9900 I DownloadManager: in removeSpuriousFiles, preserving file /data/data/com.android.providers.downloads/cache/metadata-590.htm
07-05 11:50:36.892   545  9900 I DownloadManager: in removeSpuriousFiles, preserving file /data/data/com.android.providers.downloads/cache/metadata-451.htm
07-05 11:50:36.892   545  9900 I DownloadManager: in removeSpuriousFiles, preserving file /data/data/com.android.providers.downloads/cache/metadata-576.htm
07-05 11:50:36.892   545  9900 I DownloadManager: in removeSpuriousFiles, preserving file /data/data/com.android.providers.downloads/cache/metadata-1380.htm
07-05 11:50:36.892   545  9900 I DownloadManager: in removeSpuriousFiles, preserving file /data/data/com.android.providers.downloads/cache/metadata-1296.htm
07-05 11:50:36.892   545  9900 I DownloadManager: in removeSpuriousFiles, preserving file /data/data/com.android.providers.downloads/cache/metadata-1071.htm
07-05 11:50:36.892   545  9900 I DownloadManager: in removeSpuriousFiles, preserving file /data/data/com.android.providers.downloads/cache/metadata-475.htm
07-05 11:50:36.892   545  9900 I DownloadManager: in removeSpuriousFiles, preserving file /data/data/com.android.providers.downloads/cache/metadata-710.htm
07-05 11:50:36.892   545  9900 I DownloadManager: in removeSpuriousFiles, preserving file /data/data/com.android.providers.downloads/cache/metadata-548.htm
07-05 11:50:36.892   545  9900 I DownloadManager: in removeSpuriousFiles, preserving file /data/data/com.android.providers.downloads/cache/metadata-676.htm
07-05 11:50:36.892   545  9900 I DownloadManager: in removeSpuriousFiles, preserving file /data/data/com.android.providers.downloads/cache/metadata-546.htm
07-05 11:50:36.892   545  9900 I DownloadManager: in removeSpuriousFiles, preserving file /data/data/com.android.providers.downloads/cache/metadata-940.htm
07-05 11:50:36.892   545  9900 I DownloadManager: in removeSpuriousFiles, preserving file /data/data/com.android.providers.downloads/cache/metadata-810.htm
07-05 11:50:36.892   545  9900 I DownloadManager: in removeSpuriousFiles, preserving file /data/data/com.android.providers.downloads/cache/metadata-871.htm
07-05 11:50:36.895   545  9900 I DownloadManager: in removeSpuriousFiles, preserving file /data/data/com.android.providers.downloads/cache/metadata-423.htm
07-05 11:50:36.895   545  9900 I DownloadManager: in removeSpuriousFiles, preserving file /data/data/com.android.providers.downloads/cache/metadata-496.htm
07-05 11:50:36.895   545  9900 I DownloadManager: in removeSpuriousFiles, preserving file /data/data/com.android.providers.downloads/cache/metadata-453.htm
07-05 11:50:36.895   545  9900 I DownloadManager: in removeSpuriousFiles, preserving file /data/data/com.android.providers.downloads/cache/metadata-318.htm
07-05 11:50:36.895   545  9900 I DownloadManager: in removeSpuriousFiles, preserving file /data/data/com.android.providers.downloads/cache/metadata-377.htm
07-05 11:50:36.895   545  9900 I DownloadManager: in removeSpuriousFiles, preserving file /data/data/com.android.providers.downloads/cache/metadata-1228.htm
07-05 11:50:36.895   545  9900 I DownloadManager: in removeSpuriousFiles, preserving file /data/data/com.android.providers.downloads/cache/metadata-539.htm
07-05 11:50:36.895   545  9900 I DownloadManager: in removeSpuriousFiles, preserving file /data/data/com.android.providers.downloads/cache/metadata-1451.htm
07-05 11:50:36.895   545  9900 I DownloadManager: in removeSpuriousFiles, preserving file /data/data/com.android.providers.downloads/cache/metadata-839.htm
07-05 11:50:36.895   545  9900 I DownloadManager: in removeSpuriousFiles, preserving file /data/data/com.android.providers.downloads/cache/metadata-707.htm
07-05 11:50:36.895   545  9900 I DownloadManager: in removeSpuriousFiles, preserving file /data/data/com.android.providers.downloads/cache/metadata-433.htm
07-05 11:50:36.895   545  9900 I DownloadManager: in removeSpuriousFiles, preserving file /data/data/com.android.providers.downloads/cache/metadata-258.htm
07-05 11:50:36.895   545  9900 I DownloadManager: in removeSpuriousFiles, preserving file /data/data/com.android.providers.downloads/cache/metadata-538.htm
07-05 11:50:36.895   545  9900 I DownloadManager: in removeSpuriousFiles, preserving file /data/data/com.android.providers.downloads/cache/metadata-807.htm
07-05 11:50:36.895   545  9900 I DownloadManager: in removeSpuriousFiles, preserving file /data/data/com.android.providers.downloads/cache/metadata-321.htm
07-05 11:50:36.895   545  9900 I DownloadManager: in removeSpuriousFiles, preserving file /data/data/com.android.providers.downloads/cache/metadata-1188.htm
07-05 11:50:36.895   545  9900 I DownloadManager: in removeSpuriousFiles, preserving file /data/data/com.android.providers.downloads/cache/metadata-1006.htm
07-05 11:50:36.895   545  9900 I DownloadManager: in removeSpuriousFiles, preserving file /data/data/com.android.providers.downloads/cache/metadata-636.htm
07-05 11:50:36.895   545  9900 I DownloadManager: in removeSpuriousFiles, preserving file /data/data/com.android.providers.downloads/cache/metadata-877.htm
07-05 11:50:36.895   545  9900 I DownloadManager: in removeSpuriousFiles, preserving file /data/data/com.android.providers.downloads/cache/metadata-1049.htm
07-05 11:50:36.895   545  9900 I DownloadManager: in removeSpuriousFiles, preserving file /data/data/com.android.providers.downloads/cache/metadata-1258.htm
07-05 11:50:36.899   545  9900 I DownloadManager: in removeSpuriousFiles, preserving file /data/data/com.android.providers.downloads/cache/metadata-2072.htm
07-05 11:50:36.899   545  9900 I DownloadManager: in removeSpuriousFiles, preserving file /data/data/com.android.providers.downloads/cache/metadata-1089.htm
07-05 11:50:36.899   545  9900 I DownloadManager: in removeSpuriousFiles, preserving file /data/data/com.android.providers.downloads/cache/metadata-1470.htm
07-05 11:50:36.899   545  9900 I DownloadManager: in removeSpuriousFiles, preserving file /data/data/com.android.providers.downloads/cache/metadata-786.htm
07-05 11:50:36.899   545  9900 I DownloadManager: in removeSpuriousFiles, preserving file /data/data/com.android.providers.downloads/cache/metadata-662.htm
07-05 11:50:36.899   545  9900 I DownloadManager: in removeSpuriousFiles, preserving file /data/data/com.android.providers.downloads/cache/metadata-1035.htm
07-05 11:50:36.899   545  9900 I DownloadManager: in removeSpuriousFiles, preserving file /data/data/com.android.providers.downloads/cache/metadata-371.htm
07-05 11:50:36.899   545  9900 I DownloadManager: in removeSpuriousFiles, preserving file /data/data/com.android.providers.downloads/cache/metadata-649.htm
07-05 11:50:36.899   545  9900 I DownloadManager: in removeSpuriousFiles, preserving file /data/data/com.android.providers.downloads/cache/metadata-1248.htm
07-05 11:50:36.899   545  9900 I DownloadManager: in removeSpuriousFiles, preserving file /data/data/com.android.providers.downloads/cache/metadata-589.htm
07-05 11:50:36.899   545  9900 I DownloadManager: in removeSpuriousFiles, preserving file /data/data/com.android.providers.downloads/cache/metadata-532.htm
07-05 11:50:36.899   545  9900 I DownloadManager: in removeSpuriousFiles, preserving file /data/data/com.android.providers.downloads/cache/metadata-376.htm
07-05 11:50:36.899   545  9900 I DownloadManager: in removeSpuriousFiles, preserving file /data/data/com.android.providers.downloads/cache/metadata-352.htm
07-05 11:50:36.899   545  9900 I DownloadManager: in removeSpuriousFiles, preserving file /data/data/com.android.providers.downloads/cache/metadata-1235.htm
07-05 11:50:36.899   545  9900 I DownloadManager: in removeSpuriousFiles, preserving file /data/data/com.android.providers.downloads/cache/metadata-490.htm
07-05 11:50:36.899   545  9900 I DownloadManager: in removeSpuriousFiles, preserving file /data/data/com.android.providers.downloads/cache/metadata-1158.htm
07-05 11:50:36.899   545  9900 I DownloadManager: in removeSpuriousFiles, preserving file /data/data/com.android.providers.downloads/cache/metadata-1454.htm
07-05 11:50:36.899   545  9900 I DownloadManager: in removeSpuriousFiles, preserving file /data/data/com.android.providers.downloads/cache/metadata-591.htm
07-05 11:50:36.899   545  9900 I DownloadManager: in removeSpuriousFiles, preserving file /data/data/com.android.providers.downloads/cache/metadata-1047.htm
07-05 11:50:36.903   545  9900 I DownloadManager: in removeSpuriousFiles, preserving file /data/data/com.android.providers.downloads/cache/metadata-1461.htm
07-05 11:50:36.903   545  9900 I DownloadManager: in removeSpuriousFiles, preserving file /data/data/com.android.providers.downloads/cache/metadata-1115.htm
07-05 11:50:36.903   545  9900 I DownloadManager: in removeSpuriousFiles, preserving file /data/data/com.android.providers.downloads/cache/metadata-1537.htm
07-05 11:50:36.903   545  9900 I DownloadManager: in removeSpuriousFiles, preserving file /data/data/com.android.providers.downloads/cache/metadata-985.htm
07-05 11:50:36.903   545  9900 I DownloadManager: in removeSpuriousFiles, preserving file /data/data/com.android.providers.downloads/cache/metadata-621.htm
07-05 11:50:36.903   545  9900 I DownloadManager: in removeSpuriousFiles, preserving file /data/data/com.android.providers.downloads/cache/metadata-290.htm
07-05 11:50:36.903   545  9900 I DownloadManager: in removeSpuriousFiles, preserving file /data/data/com.android.providers.downloads/cache/metadata-1431.htm
07-05 11:50:36.903   545  9900 I DownloadManager: in removeSpuriousFiles, preserving file /data/data/com.android.providers.downloads/cache/metadata-700.htm
07-05 11:50:36.903   545  9900 I DownloadManager: in removeSpuriousFiles, preserving file /data/data/com.android.providers.downloads/cache/metadata-610.htm
07-05 11:50:36.903   545  9900 I DownloadManager: in removeSpuriousFiles, preserving file /data/data/com.android.providers.downloads/cache/metadata-1127.htm
07-05 11:50:36.903   545  9900 I DownloadManager: in removeSpuriousFiles, preserving file /data/data/com.android.providers.downloads/cache/metadata-1673.htm
07-05 11:50:36.903   545  9900 I DownloadManager: in removeSpuriousFiles, preserving file /data/data/com.android.providers.downloads/cache/metadata-1160.htm
07-05 11:50:36.903   545  9900 I DownloadManager: in removeSpuriousFiles, preserving file /data/data/com.android.providers.downloads/cache/metadata-536.htm
07-05 11:50:36.903   545  9900 I DownloadManager: in removeSpuriousFiles, preserving file /data/data/com.android.providers.downloads/cache/metadata-566.htm
07-05 11:50:36.903   545  9900 I DownloadManager: in removeSpuriousFiles, preserving file /data/data/com.android.providers.downloads/cache/metadata-986.htm
07-05 11:50:36.903   545  9900 I DownloadManager: in removeSpuriousFiles, preserving file /data/data/com.android.providers.downloads/cache/metadata-1141.htm
07-05 11:50:36.903   545  9900 I DownloadManager: in removeSpuriousFiles, preserving file /data/data/com.android.providers.downloads/cache/metadata-899.htm
07-05 11:50:36.903   545  9900 I DownloadManager: in removeSpuriousFiles, preserving file /data/data/com.android.providers.downloads/cache/metadata-1301.htm
07-05 11:50:36.903   545  9900 I DownloadManager: in removeSpuriousFiles, preserving file /data/data/com.android.providers.downloads/cache/metadata-1081.htm
07-05 11:50:36.903   545  9900 I DownloadManager: in removeSpuriousFiles, preserving file /data/data/com.android.providers.downloads/cache/metadata-1004.htm
07-05 11:50:36.903   545  9900 I DownloadManager: in removeSpuriousFiles, preserving file /data/data/com.android.providers.downloads/cache/metadata-479.htm
07-05 11:50:36.903   545  9900 I DownloadManager: in removeSpuriousFiles, preserving file /data/data/com.android.providers.downloads/cache/metadata-937.htm
07-05 11:50:36.907   545  9900 I DownloadManager: in removeSpuriousFiles, preserving file /data/data/com.android.providers.downloads/cache/metadata-1347.htm
07-05 11:50:36.907   545  9900 I DownloadManager: in removeSpuriousFiles, preserving file /data/data/com.android.providers.downloads/cache/metadata-829.htm
07-05 11:50:36.907   545  9900 I DownloadManager: in removeSpuriousFiles, preserving file /data/data/com.android.providers.downloads/cache/metadata-529.htm
07-05 11:50:36.907   545  9900 I DownloadManager: in removeSpuriousFiles, preserving file /data/data/com.android.providers.downloads/cache/metadata-512.htm
07-05 11:50:36.907   545  9900 I DownloadManager: in removeSpuriousFiles, preserving file /data/data/com.android.providers.downloads/cache/metadata-1342.htm
07-05 11:50:36.907   545  9900 I DownloadManager: in removeSpuriousFiles, preserving file /data/data/com.android.providers.downloads/cache/metadata-969.htm
07-05 11:50:36.907   545  9900 I DownloadManager: in removeSpuriousFiles, preserving file /data/data/com.android.providers.downloads/cache/metadata-606.htm
07-05 11:50:36.907   545  9900 I DownloadManager: in removeSpuriousFiles, preserving file /data/data/com.android.providers.downloads/cache/metadata-1011.htm
07-05 11:50:36.907   545  9900 I DownloadManager: in removeSpuriousFiles, preserving file /data/data/com.android.providers.downloads/cache/metadata-1143.htm
07-05 11:50:36.907   545  9900 I DownloadManager: in removeSpuriousFiles, preserving file /data/data/com.android.providers.downloads/cache/metadata-1034.htm
07-05 11:50:36.907   545  9900 I DownloadManager: in removeSpuriousFiles, preserving file /data/data/com.android.providers.downloads/cache/metadata-1626.htm
07-05 11:50:36.907   545  9900 I DownloadManager: in removeSpuriousFiles, preserving file /data/data/com.android.providers.downloads/cache/metadata-1015.htm
07-05 11:50:36.907   545  9900 I DownloadManager: in removeSpuriousFiles, preserving file /data/data/com.android.providers.downloads/cache/metadata-597.htm
07-05 11:50:36.907   545  9900 I DownloadManager: in removeSpuriousFiles, preserving file /data/data/com.android.providers.downloads/cache/metadata-766.htm
07-05 11:50:36.907   545  9900 I DownloadManager: in removeSpuriousFiles, preserving file /data/data/com.android.providers.downloads/cache/metadata-625.htm
07-05 11:50:36.907   545  9900 I DownloadManager: in removeSpuriousFiles, preserving file /data/data/com.android.providers.downloads/cache/metadata-755.htm
07-05 11:50:36.911   545  9900 I DownloadManager: in removeSpuriousFiles, preserving file /data/data/com.android.providers.downloads/cache/metadata-756.htm
07-05 11:50:36.911   545  9900 I DownloadManager: in removeSpuriousFiles, preserving file /data/data/com.android.providers.downloads/cache/metadata-1207.htm
07-05 11:50:36.911   545  9900 I DownloadManager: in removeSpuriousFiles, preserving file /data/data/com.android.providers.downloads/cache/metadata-598.htm
07-05 11:50:36.911   545  9900 I DownloadManager: in removeSpuriousFiles, preserving file /data/data/com.android.providers.downloads/cache/metadata-1203.htm
07-05 11:50:36.911   545  9900 I DownloadManager: in removeSpuriousFiles, preserving file /data/data/com.android.providers.downloads/cache/metadata-787.htm
07-05 11:50:36.911   545  9900 I DownloadManager: in removeSpuriousFiles, preserving file /data/data/com.android.providers.downloads/cache/metadata-1425.htm
07-05 11:50:36.911   545  9900 I DownloadManager: in removeSpuriousFiles, preserving file /data/data/com.android.providers.downloads/cache/metadata-1491.htm
07-05 11:50:36.911   545  9900 I DownloadManager: in removeSpuriousFiles, preserving file /data/data/com.android.providers.downloads/cache/metadata-742.htm
07-05 11:50:36.911   545  9900 I DownloadManager: in removeSpuriousFiles, preserving file /data/data/com.android.providers.downloads/cache/metadata-573.htm
07-05 11:50:36.911   545  9900 I DownloadManager: in removeSpuriousFiles, preserving file /data/data/com.android.providers.downloads/cache/metadata-647.htm
07-05 11:50:36.911   545  9900 I DownloadManager: in removeSpuriousFiles, preserving file /data/data/com.android.providers.downloads/cache/metadata-739.htm
07-05 11:50:36.911   545  9900 I DownloadManager: in removeSpuriousFiles, preserving file /data/data/com.android.providers.downloads/cache/metadata-1484.htm
07-05 11:50:36.911   545  9900 I DownloadManager: in removeSpuriousFiles, preserving file /data/data/com.android.providers.downloads/cache/metadata-1124.htm
07-05 11:50:36.911   545  9900 I DownloadManager: in removeSpuriousFiles, preserving file /data/data/com.android.providers.downloads/cache/metadata-1129.htm
07-05 11:50:36.911   545  9900 I DownloadManager: in removeSpuriousFiles, preserving file /data/data/com.android.providers.downloads/cache/metadata-644.htm
07-05 11:50:36.911   545  9900 I DownloadManager: in removeSpuriousFiles, preserving file /data/data/com.android.providers.downloads/cache/metadata-942.htm
07-05 11:50:36.911   545  9900 I DownloadManager: in removeSpuriousFiles, preserving file /data/data/com.android.providers.downloads/cache/metadata-868.htm
07-05 11:50:36.911   545  9900 I DownloadManager: in removeSpuriousFiles, preserving file /data/data/com.android.providers.downloads/cache/metadata-1308.htm
07-05 11:50:36.911   545  9900 I DownloadManager: in removeSpuriousFiles, preserving file /data/data/com.android.providers.downloads/cache/metadata-997.htm
07-05 11:50:36.911   545  9900 I DownloadManager: in removeSpuriousFiles, preserving file /data/data/com.android.providers.downloads/cache/metadata-1027.htm
07-05 11:50:36.915   545  9900 I DownloadManager: in removeSpuriousFiles, preserving file /data/data/com.android.providers.downloads/cache/metadata-1732.htm
07-05 11:50:36.915   545  9900 I DownloadManager: in removeSpuriousFiles, preserving file /data/data/com.android.providers.downloads/cache/metadata-1112.htm
07-05 11:50:36.915   545  9900 I DownloadManager: in removeSpuriousFiles, preserving file /data/data/com.android.providers.downloads/cache/metadata-605.htm
07-05 11:50:36.915   545  9900 I DownloadManager: in removeSpuriousFiles, preserving file /data/data/com.android.providers.downloads/cache/metadata-1128.htm
07-05 11:50:36.915   545  9900 I DownloadManager: in removeSpuriousFiles, preserving file /data/data/com.android.providers.downloads/cache/metadata-1069.htm
07-05 11:50:36.915   545  9900 I DownloadManager: in removeSpuriousFiles, preserving file /data/data/com.android.providers.downloads/cache/metadata-1340.htm
07-05 11:50:36.915   545  9900 I DownloadManager: in removeSpuriousFiles, preserving file /data/data/com.android.providers.downloads/cache/metadata-1988.htm
07-05 11:50:36.915   545  9900 I DownloadManager: in removeSpuriousFiles, preserving file /data/data/com.android.providers.downloads/cache/metadata-1326.htm
07-05 11:50:36.915   545  9900 I DownloadManager: in removeSpuriousFiles, preserving file /data/data/com.android.providers.downloads/cache/metadata-299.htm
07-05 11:50:36.915   545  9900 I DownloadManager: in removeSpuriousFiles, preserving file /data/data/com.android.providers.downloads/cache/metadata-1254.htm
07-05 11:50:36.915   545  9900 I DownloadManager: in removeSpuriousFiles, preserving file /data/data/com.android.providers.downloads/cache/metadata-517.htm
07-05 11:50:36.915   545  9900 I DownloadManager: in removeSpuriousFiles, preserving file /data/data/com.android.providers.downloads/cache/metadata-1384.htm
07-05 11:50:36.915   545  9900 I DownloadManager: in removeSpuriousFiles, preserving file /data/data/com.android.providers.downloads/cache/metadata-1339.htm
07-05 11:50:36.915   545  9900 I DownloadManager: in removeSpuriousFiles, preserving file /data/data/com.android.providers.downloads/cache/metadata-69.htm
07-05 11:50:36.915   545  9900 I DownloadManager: in removeSpuriousFiles, preserving file /data/data/com.android.providers.downloads/cache/metadata-1377.htm
07-05 11:50:36.915   545  9900 I DownloadManager: in removeSpuriousFiles, preserving file /data/data/com.android.providers.downloads/cache/metadata-402.htm
07-05 11:50:36.915   545  9900 I DownloadManager: in removeSpuriousFiles, preserving file /data/data/com.android.providers.downloads/cache/metadata-594.htm
07-05 11:50:36.915   545  9900 I DownloadManager: in removeSpuriousFiles, preserving file /data/data/com.android.providers.downloads/cache/metadata-784.htm
07-05 11:50:36.915   545  9900 I DownloadManager: in removeSpuriousFiles, preserving file /data/data/com.android.providers.downloads/cache/metadata-1070.htm
07-05 11:50:36.915   545  9900 I DownloadManager: in removeSpuriousFiles, preserving file /data/data/com.android.providers.downloads/cache/metadata-1332.htm
07-05 11:50:36.919   545  9900 I DownloadManager: in removeSpuriousFiles, preserving file /data/data/com.android.providers.downloads/cache/metadata-1126.htm
07-05 11:50:36.919   545  9900 I DownloadManager: in removeSpuriousFiles, preserving file /data/data/com.android.providers.downloads/cache/metadata-1243.htm
07-05 11:50:36.919   545  9900 I DownloadManager: in removeSpuriousFiles, preserving file /data/data/com.android.providers.downloads/cache/metadata-1003.htm
07-05 11:50:36.919   545  9900 I DownloadManager: in removeSpuriousFiles, preserving file /data/data/com.android.providers.downloads/cache/metadata-1282.htm
07-05 11:50:36.919   545  9900 I DownloadManager: in removeSpuriousFiles, preserving file /data/data/com.android.providers.downloads/cache/metadata-1325.htm
07-05 11:50:36.919   545  9900 I DownloadManager: in removeSpuriousFiles, preserving file /data/data/com.android.providers.downloads/cache/metadata-1013.htm
07-05 11:50:36.919   545  9900 I DownloadManager: in removeSpuriousFiles, preserving file /data/data/com.android.providers.downloads/cache/metadata-681.htm
07-05 11:50:36.919   545  9900 I DownloadManager: in removeSpuriousFiles, preserving file /data/data/com.android.providers.downloads/cache/metadata-302.htm
07-05 11:50:36.919   545  9900 I DownloadManager: in removeSpuriousFiles, preserving file /data/data/com.android.providers.downloads/cache/metadata-95.htm
07-05 11:50:36.919   545  9900 I DownloadManager: in removeSpuriousFiles, preserving file /data/data/com.android.providers.downloads/cache/metadata-701.htm
07-05 11:50:36.919   545  9900 I DownloadManager: in removeSpuriousFiles, preserving file /data/data/com.android.providers.downloads/cache/metadata-1879.htm
07-05 11:50:36.919   545  9900 I DownloadManager: in removeSpuriousFiles, preserving file /data/data/com.android.providers.downloads/cache/metadata-477.htm
07-05 11:50:36.919   545  9900 I DownloadManager: in removeSpuriousFiles, preserving file /data/data/com.android.providers.downloads/cache/metadata-614.htm
07-05 11:50:36.919   545  9900 I DownloadManager: in removeSpuriousFiles, preserving file /data/data/com.android.providers.downloads/cache/metadata-481.htm
07-05 11:50:36.919   545  9900 I DownloadManager: in removeSpuriousFiles, preserving file /data/data/com.android.providers.downloads/cache/metadata-1564.htm
07-05 11:50:36.919   545  9900 I DownloadManager: in removeSpuriousFiles, preserving file /data/data/com.android.providers.downloads/cache/metadata-527.htm
07-05 11:50:36.919   545  9900 I DownloadManager: in removeSpuriousFiles, preserving file /data/data/com.android.providers.downloads/cache/metadata-547.htm
07-05 11:50:36.919   545  9900 I DownloadManager: in removeSpuriousFiles, preserving file /data/data/com.android.providers.downloads/cache/metadata-816.htm
07-05 11:50:36.919   545  9900 I DownloadManager: in removeSpuriousFiles, preserving file /data/data/com.android.providers.downloads/cache/metadata-897.htm
07-05 11:50:36.923   545  9900 I DownloadManager: in removeSpuriousFiles, preserving file /data/data/com.android.providers.downloads/cache/metadata-1358.htm
07-05 11:50:36.923   545  9900 I DownloadManager: in removeSpuriousFiles, preserving file /data/data/com.android.providers.downloads/cache/metadata-923.htm
07-05 11:50:36.923   545  9900 I DownloadManager: in removeSpuriousFiles, preserving file /data/data/com.android.providers.downloads/cache/metadata-743.htm
07-05 11:50:36.923   545  9900 I DownloadManager: in removeSpuriousFiles, preserving file /data/data/com.android.providers.downloads/cache/metadata-1103.htm
07-05 11:50:36.923   545  9900 I DownloadManager: in removeSpuriousFiles, preserving file /data/data/com.android.providers.downloads/cache/metadata-1195.htm
07-05 11:50:36.923   545  9900 I DownloadManager: in removeSpuriousFiles, preserving file /data/data/com.android.providers.downloads/cache/metadata-1177.htm
07-05 11:50:36.923   545  9900 I DownloadManager: in removeSpuriousFiles, preserving file /data/data/com.android.providers.downloads/cache/metadata-2058.htm
07-05 11:50:36.923   545  9900 I DownloadManager: in removeSpuriousFiles, preserving file /data/data/com.android.providers.downloads/cache/metadata-1150.htm
07-05 11:50:36.923   545  9900 I DownloadManager: in removeSpuriousFiles, preserving file /data/data/com.android.providers.downloads/cache/metadata-687.htm
07-05 11:50:36.923   545  9900 I DownloadManager: in removeSpuriousFiles, preserving file /data/data/com.android.providers.downloads/cache/metadata-651.htm
07-05 11:50:36.923   545  9900 I DownloadManager: in removeSpuriousFiles, preserving file /data/data/com.android.providers.downloads/cache/metadata-1234.htm
07-05 11:50:36.923   545  9900 I DownloadManager: in removeSpuriousFiles, preserving file /data/data/com.android.providers.downloads/cache/metadata-759.htm
07-05 11:50:36.923   545  9900 I DownloadManager: in removeSpuriousFiles, preserving file /data/data/com.android.providers.downloads/cache/metadata-1057.htm
07-05 11:50:36.923   545  9900 I DownloadManager: in removeSpuriousFiles, preserving file /data/data/com.android.providers.downloads/cache/metadata-509.htm
07-05 11:50:36.923   545  9900 I DownloadManager: in removeSpuriousFiles, preserving file /data/data/com.android.providers.downloads/cache/metadata-1360.htm
07-05 11:50:36.923   545  9900 I DownloadManager: in removeSpuriousFiles, preserving file /data/data/com.android.providers.downloads/cache/metadata-584.htm
07-05 11:50:36.923   545  9900 I DownloadManager: in removeSpuriousFiles, preserving file /data/data/com.android.providers.downloads/cache/metadata-906.htm
07-05 11:50:36.923   545  9900 I DownloadManager: in removeSpuriousFiles, preserving file /data/data/com.android.providers.downloads/cache/metadata-1539.htm
07-05 11:50:36.923   545  9900 I DownloadManager: in removeSpuriousFiles, preserving file /data/data/com.android.providers.downloads/cache/metadata-1054.htm
07-05 11:50:36.923   545  9900 I DownloadManager: in removeSpuriousFiles, preserving file /data/data/com.android.providers.downloads/cache/metadata-1142.htm
07-05 11:50:36.923   545  9900 I DownloadManager: in removeSpuriousFiles, preserving file /data/data/com.android.providers.downloads/cache/metadata-1101.htm
07-05 11:50:36.923   545  9900 I DownloadManager: in removeSpuriousFiles, preserving file /data/data/com.android.providers.downloads/cache/metadata-1621.htm
07-05 11:50:36.927   545  9900 I DownloadManager: in removeSpuriousFiles, preserving file /data/data/com.android.providers.downloads/cache/metadata-1010.htm
07-05 11:50:36.927   545  9900 I DownloadManager: in removeSpuriousFiles, preserving file /data/data/com.android.providers.downloads/cache/metadata-372.htm
07-05 11:50:36.927   545  9900 I DownloadManager: in removeSpuriousFiles, preserving file /data/data/com.android.providers.downloads/cache/metadata-895.htm
07-05 11:50:36.927   545  9900 I DownloadManager: in removeSpuriousFiles, preserving file /data/data/com.android.providers.downloads/cache/metadata-1394.htm
07-05 11:50:36.927   545  9900 I DownloadManager: in removeSpuriousFiles, preserving file /data/data/com.android.providers.downloads/cache/metadata-1930.htm
07-05 11:50:36.927   545  9900 I DownloadManager: in removeSpuriousFiles, preserving file /data/data/com.android.providers.downloads/cache/metadata-588.htm
07-05 11:50:36.927   545  9900 I DownloadManager: in removeSpuriousFiles, preserving file /data/data/com.android.providers.downloads/cache/metadata-799.htm
07-05 11:50:36.927   545  9900 I DownloadManager: in removeSpuriousFiles, preserving file /data/data/com.android.providers.downloads/cache/metadata-1666.htm
07-05 11:50:36.927   545  9900 I DownloadManager: in removeSpuriousFiles, preserving file /data/data/com.android.providers.downloads/cache/metadata-848.htm
07-05 11:50:36.927   545  9900 I DownloadManager: in removeSpuriousFiles, preserving file /data/data/com.android.providers.downloads/cache/metadata-1065.htm
07-05 11:50:36.927   545  9900 I DownloadManager: in removeSpuriousFiles, preserving file /data/data/com.android.providers.downloads/cache/metadata-1220.htm
07-05 11:50:36.927   545  9900 I DownloadManager: in removeSpuriousFiles, preserving file /data/data/com.android.providers.downloads/cache/metadata-1522.htm
07-05 11:50:36.927   545  9900 I DownloadManager: in removeSpuriousFiles, preserving file /data/data/com.android.providers.downloads/cache/metadata-1040.htm
07-05 11:50:36.927   545  9900 I DownloadManager: in removeSpuriousFiles, preserving file /data/data/com.android.providers.downloads/cache/metadata-571.htm
07-05 11:50:36.927   545  9900 I DownloadManager: in removeSpuriousFiles, preserving file /data/data/com.android.providers.downloads/cache/metadata-1381.htm
07-05 11:50:36.927   545  9900 I DownloadManager: in removeSpuriousFiles, preserving file /data/data/com.android.providers.downloads/cache/metadata-1415.htm
07-05 11:50:36.927   545  9900 I DownloadManager: in removeSpuriousFiles, preserving file /data/data/com.android.providers.downloads/cache/metadata-711.htm
07-05 11:50:36.927   545  9900 I DownloadManager: in removeSpuriousFiles, preserving file /data/data/com.android.providers.downloads/cache/metadata-1466.htm
07-05 11:50:36.927   545  9900 I DownloadManager: in removeSpuriousFiles, preserving file /data/data/com.android.providers.downloads/cache/metadata-837.htm
07-05 11:50:36.927   545  9900 I DownloadManager: in removeSpuriousFiles, preserving file /data/data/com.android.providers.downloads/cache/metadata-1533.htm
07-05 11:50:36.927   545  9900 I DownloadManager: in removeSpuriousFiles, preserving file /data/data/com.android.providers.downloads/cache/metadata-1264.htm
07-05 11:50:36.927   545  9900 I DownloadManager: in removeSpuriousFiles, preserving file /data/data/com.android.providers.downloads/cache/metadata-655.htm
07-05 11:50:36.931   545  9900 I DownloadManager: in removeSpuriousFiles, preserving file /data/data/com.android.providers.downloads/cache/metadata-550.htm
07-05 11:50:36.931   545  9900 I DownloadManager: in removeSpuriousFiles, preserving file /data/data/com.android.providers.downloads/cache/metadata-910.htm
07-05 11:50:36.931   545  9900 I DownloadManager: in removeSpuriousFiles, preserving file /data/data/com.android.providers.downloads/cache/metadata-1646.htm
07-05 11:50:36.931   545  9900 I DownloadManager: in removeSpuriousFiles, preserving file /data/data/com.android.providers.downloads/cache/metadata-1439.htm
07-05 11:50:36.931   545  9900 I DownloadManager: in removeSpuriousFiles, preserving file /data/data/com.android.providers.downloads/cache/metadata-1649.htm
07-05 11:50:36.931   545  9900 I DownloadManager: in removeSpuriousFiles, preserving file /data/data/com.android.providers.downloads/cache/metadata-1079.htm
07-05 11:50:36.931   545  9900 I DownloadManager: in removeSpuriousFiles, preserving file /data/data/com.android.providers.downloads/cache/metadata-656.htm
07-05 11:50:36.931   545  9900 I DownloadManager: in removeSpuriousFiles, preserving file /data/data/com.android.providers.downloads/cache/metadata-474.htm
07-05 11:50:36.931   545  9900 I DownloadManager: in removeSpuriousFiles, preserving file /data/data/com.android.providers.downloads/cache/metadata-1194.htm
07-05 11:50:36.931   545  9900 I DownloadManager: in removeSpuriousFiles, preserving file /data/data/com.android.providers.downloads/cache/metadata-1157.htm
07-05 11:50:36.931   545  9900 I DownloadManager: in removeSpuriousFiles, preserving file /data/data/com.android.providers.downloads/cache/metadata-697.htm
07-05 11:50:36.931   545  9900 I DownloadManager: in removeSpuriousFiles, preserving file /data/data/com.android.providers.downloads/cache/metadata-977.htm
07-05 11:50:36.931   545  9900 I DownloadManager: in removeSpuriousFiles, preserving file /data/data/com.android.providers.downloads/cache/metadata-393.htm
07-05 11:50:36.931   545  9900 I DownloadManager: in removeSpuriousFiles, preserving file /data/data/com.android.providers.downloads/cache/metadata-1324.htm
07-05 11:50:36.931   545  9900 I DownloadManager: in removeSpuriousFiles, preserving file /data/data/com.android.providers.downloads/cache/metadata-2047.htm
07-05 11:50:36.931   545  9900 I DownloadManager: in removeSpuriousFiles, preserving file /data/data/com.android.providers.downloads/cache/metadata-878.htm
07-05 11:50:36.931   545  9900 I DownloadManager: in removeSpuriousFiles, preserving file /data/data/com.android.providers.downloads/cache/metadata-1078.htm
07-05 11:50:36.931   545  9900 I DownloadManager: in removeSpuriousFiles, preserving file /data/data/com.android.providers.downloads/cache/metadata-850.htm
07-05 11:50:36.931   545  9900 I DownloadManager: in removeSpuriousFiles, preserving file /data/data/com.android.providers.downloads/cache/metadata-1498.htm
07-05 11:50:36.931   545  9900 I DownloadManager: in removeSpuriousFiles, preserving file /data/data/com.android.providers.downloads/cache/metadata-1532.htm
07-05 11:50:36.934   545  9900 I DownloadManager: in removeSpuriousFiles, preserving file /data/data/com.android.providers.downloads/cache/metadata-1170.htm
07-05 11:50:36.934   545  9900 I DownloadManager: in removeSpuriousFiles, preserving file /data/data/com.android.providers.downloads/cache/metadata-1393.htm
07-05 11:50:36.934   545  9900 I DownloadManager: in removeSpuriousFiles, preserving file /data/data/com.android.providers.downloads/cache/metadata-1613.htm
07-05 11:50:36.934   545  9900 I DownloadManager: in removeSpuriousFiles, preserving file /data/data/com.android.providers.downloads/cache/metadata-1479.htm
07-05 11:50:36.934   545  9900 I DownloadManager: in removeSpuriousFiles, preserving file /data/data/com.android.providers.downloads/cache/metadata-1839.htm
07-05 11:50:36.934   545  9900 I DownloadManager: in removeSpuriousFiles, preserving file /data/data/com.android.providers.downloads/cache/metadata-789.htm
07-05 11:50:36.934   545  9900 I DownloadManager: in removeSpuriousFiles, preserving file /data/data/com.android.providers.downloads/cache/metadata-1401.htm
07-05 11:50:36.934   545  9900 I DownloadManager: in removeSpuriousFiles, preserving file /data/data/com.android.providers.downloads/cache/metadata-1426.htm
07-05 11:50:36.934   545  9900 I DownloadManager: in removeSpuriousFiles, preserving file /data/data/com.android.providers.downloads/cache/metadata-1311.htm
07-05 11:50:36.934   545  9900 I DownloadManager: in removeSpuriousFiles, preserving file /data/data/com.android.providers.downloads/cache/metadata-1906.htm
07-05 11:50:36.934   545  9900 I DownloadManager: in removeSpuriousFiles, preserving file /data/data/com.android.providers.downloads/cache/metadata-1511.htm
07-05 11:50:36.934   545  9900 I DownloadManager: in removeSpuriousFiles, preserving file /data/data/com.android.providers.downloads/cache/metadata-800.htm
07-05 11:50:36.934   545  9900 I DownloadManager: in removeSpuriousFiles, preserving file /data/data/com.android.providers.downloads/cache/metadata-637.htm
07-05 11:50:36.938   545  9900 I DownloadManager: in removeSpuriousFiles, preserving file /data/data/com.android.providers.downloads/cache/metadata-988.htm
07-05 11:50:36.938   545  9900 I DownloadManager: in removeSpuriousFiles, preserving file /data/data/com.android.providers.downloads/cache/metadata-851.htm
07-05 11:50:36.938   545  9900 I DownloadManager: in removeSpuriousFiles, preserving file /data/data/com.android.providers.downloads/cache/metadata-1165.htm
07-05 11:50:36.938   545  9900 I DownloadManager: in removeSpuriousFiles, preserving file /data/data/com.android.providers.downloads/cache/metadata-1273.htm
07-05 11:50:36.938   545  9900 I DownloadManager: in removeSpuriousFiles, preserving file /data/data/com.android.providers.downloads/cache/metadata-2084.htm
07-05 11:50:36.938   545  9900 I DownloadManager: in removeSpuriousFiles, preserving file /data/data/com.android.providers.downloads/cache/metadata-1116.htm
07-05 11:50:36.938   545  9900 I DownloadManager: in removeSpuriousFiles, preserving file /data/data/com.android.providers.downloads/cache/metadata-860.htm
07-05 11:50:36.938   545  9900 I DownloadManager: in removeSpuriousFiles, preserving file /data/data/com.android.providers.downloads/cache/metadata-948.htm
07-05 11:50:36.938   545  9900 I DownloadManager: in removeSpuriousFiles, preserving file /data/data/com.android.providers.downloads/cache/metadata-1125.htm
07-05 11:50:36.938   545  9900 I DownloadManager: in removeSpuriousFiles, preserving file /data/data/com.android.providers.downloads/cache/metadata-863.htm
07-05 11:50:36.938   545  9900 I DownloadManager: in removeSpuriousFiles, preserving file /data/data/com.android.providers.downloads/cache/metadata-567.htm
07-05 11:50:36.938   545  9900 I DownloadManager: in removeSpuriousFiles, preserving file /data/data/com.android.providers.downloads/cache/metadata-643.htm
07-05 11:50:36.938   545  9900 I DownloadManager: in removeSpuriousFiles, preserving file /data/data/com.android.providers.downloads/cache/metadata-1449.htm
07-05 11:50:36.938   545  9900 I DownloadManager: in removeSpuriousFiles, preserving file /data/data/com.android.providers.downloads/cache/metadata-1139.htm
07-05 11:50:36.938   545  9900 I DownloadManager: in removeSpuriousFiles, preserving file /data/data/com.android.providers.downloads/cache/metadata-698.htm
07-05 11:50:36.938   545  9900 I DownloadManager: in removeSpuriousFiles, preserving file /data/data/com.android.providers.downloads/cache/metadata-1580.htm
07-05 11:50:36.938   545  9900 I DownloadManager: in removeSpuriousFiles, preserving file /data/data/com.android.providers.downloads/cache/metadata-1033.htm
07-05 11:50:36.938   545  9900 I DownloadManager: in removeSpuriousFiles, preserving file /data/data/com.android.providers.downloads/cache/metadata-1225.htm
07-05 11:50:36.942   545  9900 I DownloadManager: deleting spurious file /cache/dalvik-cache
07-05 11:50:36.942   545  9900 I DownloadManager: deleting spurious file /data/data/com.android.providers.downloads/cache/metadata-688.htm
07-05 11:50:36.942   545  9900 I DownloadManager: deleting spurious file /data/data/com.android.providers.downloads/cache/metadata-692.htm
07-05 11:50:36.942   545  9900 I DownloadManager: deleting spurious file /data/data/com.android.providers.downloads/cache/metadata-387.htm
07-05 11:50:36.942   545  9900 I DownloadManager: deleting spurious file /data/data/com.android.providers.downloads/cache/metadata-489.htm
07-05 11:50:36.942   545  9900 I DownloadManager: deleting spurious file /data/data/com.android.providers.downloads/cache/metadata-466.htm
07-05 11:50:36.942   545  9900 I DownloadManager: deleting spurious file /data/data/com.android.providers.downloads/cache/metadata-833.htm
07-05 11:50:36.942   545  9900 I DownloadManager: deleting spurious file /data/data/com.android.providers.downloads/cache/metadata-355.htm
07-05 11:50:36.942   545  9900 I DownloadManager: deleting spurious file /data/data/com.android.providers.downloads/cache/metadata-292.htm
07-05 11:50:36.942   545  9900 I DownloadManager: deleting spurious file /data/data/com.android.providers.downloads/cache/metadata-593.htm
07-05 11:50:36.946   545  9900 I DownloadManager: deleting spurious file /data/data/com.android.providers.downloads/cache/metadata-889.htm
07-05 11:50:36.946   545  9900 I DownloadManager: deleting spurious file /data/data/com.android.providers.downloads/cache/metadata-513.htm
07-05 11:50:36.946   545  9900 I DownloadManager: deleting spurious file /data/data/com.android.providers.downloads/cache/metadata-763.htm
07-05 11:50:36.946   545  9900 I DownloadManager: deleting spurious file /data/data/com.android.providers.downloads/cache/metadata-442.htm
07-05 11:50:36.946   545  9900 I DownloadManager: deleting spurious file /data/data/com.android.providers.downloads/cache/metadata-595.htm
07-05 11:50:36.946   545  9900 I DownloadManager: deleting spurious file /data/data/com.android.providers.downloads/cache/metadata-1067.htm
07-05 11:50:36.946   545  9900 I DownloadManager: deleting spurious file /data/data/com.android.providers.downloads/cache/metadata-958.htm
07-05 11:50:36.946   545  9900 I DownloadManager: deleting spurious file /data/data/com.android.providers.downloads/cache/metadata-719.htm
07-05 11:50:36.946   545  9900 I DownloadManager: deleting spurious file /data/data/com.android.providers.downloads/cache/metadata-445.htm
07-05 11:50:36.946   545  9900 I DownloadManager: deleting spurious file /data/data/com.android.providers.downloads/cache/metadata-599.htm
07-05 11:50:36.946   545  9900 I DownloadManager: deleting spurious file /data/data/com.android.providers.downloads/cache/metadata-1056.htm
07-05 11:50:36.946   545  9900 I DownloadManager: deleting spurious file /data/data/com.android.providers.downloads/cache/metadata-1329.htm
07-05 11:50:36.946   545  9900 I DownloadManager: deleting spurious file /data/data/com.android.providers.downloads/cache/metadata-767.htm
07-05 11:50:36.946   545  9900 I DownloadManager: deleting spurious file /data/data/com.android.providers.downloads/cache/metadata-951.htm
07-05 11:50:36.946   545  9900 I DownloadManager: deleting spurious file /data/data/com.android.providers.downloads/cache/metadata-962.htm
07-05 11:50:36.946   545  9900 I DownloadManager: deleting spurious file /data/data/com.android.providers.downloads/cache/metadata-515.htm
07-05 11:50:36.950   545  9900 I DownloadManager: deleting spurious file /data/data/com.android.providers.downloads/cache/metadata-575.htm
07-05 11:50:36.950   545  9900 I DownloadManager: deleting spurious file /data/data/com.android.providers.downloads/cache/metadata-1418.htm
07-05 11:50:36.950   545  9900 I DownloadManager: deleting spurious file /data/data/com.android.providers.downloads/cache/metadata-881.htm
07-05 11:50:36.950   545  9900 I DownloadManager: deleting spurious file /data/data/com.android.providers.downloads/cache/metadata-1607.htm
07-05 11:50:36.950   545  9900 I DownloadManager: deleting spurious file /data/data/com.android.providers.downloads/cache/metadata-613.htm
07-05 11:50:36.950   545  9900 I DownloadManager: deleting spurious file /data/data/com.android.providers.downloads/cache/metadata-2354.htm
07-05 11:50:36.950   545  9900 I DownloadManager: deleting spurious file /data/data/com.android.providers.downloads/cache/metadata-1467.htm
07-05 11:50:36.950   545  9900 I DownloadManager: deleting spurious file /data/data/com.android.providers.downloads/cache/metadata-1281.htm
07-05 11:50:36.950   545  9900 I DownloadManager: deleting spurious file /data/data/com.android.providers.downloads/cache/metadata-534.htm
07-05 11:50:36.950   545  9900 I DownloadManager: deleting spurious file /data/data/com.android.providers.downloads/cache/metadata-587.htm
07-05 11:50:36.950   545  9900 I DownloadManager: deleting spurious file /data/data/com.android.providers.downloads/cache/metadata-929.htm
07-05 11:50:36.950   545  9900 I DownloadManager: deleting spurious file /data/data/com.android.providers.downloads/cache/metadata-737.htm
07-05 11:50:36.950   545  9900 I DownloadManager: deleting spurious file /data/data/com.android.providers.downloads/cache/metadata-1521.htm
07-05 11:50:36.950   545  9900 I DownloadManager: deleting spurious file /data/data/com.android.providers.downloads/cache/metadata-1655.htm
07-05 11:50:36.950   545  9900 I DownloadManager: deleting spurious file /data/data/com.android.providers.downloads/cache/metadata-974.htm
07-05 11:50:36.950   545  9900 I DownloadManager: deleting spurious file /data/data/com.android.providers.downloads/cache/metadata-908.htm
07-05 11:50:36.950   545  9900 I DownloadManager: deleting spurious file /data/data/com.android.providers.downloads/cache/metadata-511.htm
07-05 11:50:36.950   545  9900 I DownloadManager: deleting spurious file /data/data/com.android.providers.downloads/cache/metadata-840.htm
07-05 11:50:36.954   545  9900 I DownloadManager: deleting spurious file /data/data/com.android.providers.downloads/cache/metadata-967.htm
07-05 11:50:36.954   545  9900 I DownloadManager: deleting spurious file /data/data/com.android.providers.downloads/cache/metadata-753.htm
07-05 11:50:36.954   545  9900 I DownloadManager: deleting spurious file /data/data/com.android.providers.downloads/cache/metadata-818.htm
07-05 11:50:36.954   545  9900 I DownloadManager: deleting spurious file /data/data/com.android.providers.downloads/cache/metadata-1353.htm
07-05 11:50:36.954   545  9900 I DownloadManager: deleting spurious file /data/data/com.android.providers.downloads/cache/metadata-1369.htm
07-05 11:50:36.954   545  9900 I DownloadManager: deleting spurious file /data/data/com.android.providers.downloads/cache/metadata-803.htm
07-05 11:50:36.954   545  9900 I DownloadManager: deleting spurious file /data/data/com.android.providers.downloads/cache/metadata-979.htm
07-05 11:50:36.954   545  9900 I DownloadManager: deleting spurious file /data/data/com.android.providers.downloads/cache/metadata-1406.htm
07-05 11:50:36.954   545  9900 I DownloadManager: deleting spurious file /data/data/com.android.providers.downloads/cache/metadata-1438.htm
07-05 11:50:36.954   545  9900 I DownloadManager: deleting spurious file /data/data/com.android.providers.downloads/cache/metadata-563.htm
07-05 11:50:36.954   545  9900 I DownloadManager: deleting spurious file /data/data/com.android.providers.downloads/cache/metadata-1029.htm
07-05 11:50:36.954   545  9900 I DownloadManager: deleting spurious file /data/data/com.android.providers.downloads/cache/metadata-1167.htm
07-05 11:50:36.958   545  9900 I DownloadManager: deleting spurious file /data/data/com.android.providers.downloads/cache/metadata-2269.htm
07-05 11:50:36.958   545  9900 I DownloadManager: deleting spurious file /data/data/com.android.providers.downloads/cache/metadata-1185.htm
07-05 11:50:36.958   545  9900 I DownloadManager: deleting spurious file /data/data/com.android.providers.downloads/cache/metadata-952.htm
07-05 11:50:36.958   545  9900 I DownloadManager: deleting spurious file /data/data/com.android.providers.downloads/cache/metadata-938.htm
07-05 11:50:36.958   545  9900 I DownloadManager: deleting spurious file /data/data/com.android.providers.downloads/cache/metadata-1473.htm
07-05 11:50:36.958   545  9900 I DownloadManager: deleting spurious file /data/data/com.android.providers.downloads/cache/metadata-1099.htm
07-05 11:50:36.958   545  9900 I DownloadManager: deleting spurious file /data/data/com.android.providers.downloads/cache/metadata-1174.htm
07-05 11:50:36.958   545  9900 I DownloadManager: deleting spurious file /data/data/com.android.providers.downloads/cache/metadata-1222.htm
07-05 11:50:36.958   545  9900 I DownloadManager: deleting spurious file /data/data/com.android.providers.downloads/cache/metadata-659.htm
07-05 11:50:36.958   545  9900 I DownloadManager: deleting spurious file /data/data/com.android.providers.downloads/cache/metadata-716.htm
07-05 11:50:36.958   545  9900 I DownloadManager: deleting spurious file /data/data/com.android.providers.downloads/cache/metadata-1091.htm
07-05 11:50:36.958   545  9900 I DownloadManager: deleting spurious file /data/data/com.android.providers.downloads/cache/metadata-1181.htm
07-05 11:50:36.958   545  9900 I DownloadManager: deleting spurious file /data/data/com.android.providers.downloads/cache/metadata-580.htm
07-05 11:50:36.958   545  9900 I DownloadManager: deleting spurious file /data/data/com.android.providers.downloads/cache/metadata-1001.htm
07-05 11:50:36.958   545  9900 I DownloadManager: deleting spurious file /data/data/com.android.providers.downloads/cache/metadata-1944.htm
07-05 11:50:36.958   545  9900 I DownloadManager: deleting spurious file /data/data/com.android.providers.downloads/cache/metadata-1448.htm
07-05 11:50:36.958   545  9900 I DownloadManager: deleting spurious file /data/data/com.android.providers.downloads/cache/metadata-1351.htm
07-05 11:50:36.958   545  9900 I DownloadManager: deleting spurious file /data/data/com.android.providers.downloads/cache/metadata-1137.htm
07-05 11:50:36.958   545  9900 I DownloadManager: deleting spurious file /data/data/com.android.providers.downloads/cache/metadata-1117.htm
07-05 11:50:36.958   545  9900 I DownloadManager: deleting spurious file /data/data/com.android.providers.downloads/cache/metadata-1252.htm
07-05 11:50:36.962   545  9900 I DownloadManager: deleting spurious file /data/data/com.android.providers.downloads/cache/metadata-861.htm
07-05 11:50:36.962   545  9900 I DownloadManager: deleting spurious file /data/data/com.android.providers.downloads/cache/metadata-1472.htm
07-05 11:50:36.962   545  9900 I DownloadManager: deleting spurious file /data/data/com.android.providers.downloads/cache/metadata-1555.htm
07-05 11:50:36.962   545  9900 I DownloadManager: deleting spurious file /data/data/com.android.providers.downloads/cache/metadata-1240.htm
07-05 11:50:36.962   545  9900 I DownloadManager: deleting spurious file /data/data/com.android.providers.downloads/cache/metadata-1398.htm
07-05 11:50:36.962   545  9900 I DownloadManager: deleting spurious file /data/data/com.android.providers.downloads/cache/metadata-732.htm
07-05 11:50:36.962   545  9900 I DownloadManager: deleting spurious file /data/data/com.android.providers.downloads/cache/metadata-757.htm
07-05 11:50:36.962   545  9900 I DownloadManager: deleting spurious file /data/data/com.android.providers.downloads/cache/metadata-854.htm
07-05 11:50:36.962   545  9900 I DownloadManager: deleting spurious file /data/data/com.android.providers.downloads/cache/metadata-569.htm
07-05 11:50:36.962   545  9900 I DownloadManager: deleting spurious file /data/data/com.android.providers.downloads/cache/metadata-1323.htm
07-05 11:50:36.962   545  9900 I DownloadManager: deleting spurious file /data/data/com.android.providers.downloads/cache/metadata-1173.htm
07-05 11:50:36.962   545  9900 I DownloadManager: deleting spurious file /data/data/com.android.providers.downloads/cache/metadata-765.htm
07-05 11:50:36.962   545  9900 I DownloadManager: deleting spurious file /data/data/com.android.providers.downloads/cache/metadata-957.htm
07-05 11:50:36.962   545  9900 I DownloadManager: deleting spurious file /data/data/com.android.providers.downloads/cache/metadata-1530.htm
07-05 11:50:36.966   545  9900 I DownloadManager: deleting spurious file /data/data/com.android.providers.downloads/cache/metadata-395.htm
07-05 11:50:36.966   545  9900 I DownloadManager: deleting spurious file /data/data/com.android.providers.downloads/cache/metadata-1777.htm
07-05 11:50:36.966   545  9900 I DownloadManager: deleting spurious file /data/data/com.android.providers.downloads/cache/metadata-1524.htm
07-05 11:50:36.966   545  9900 I DownloadManager: deleting spurious file /data/data/com.android.providers.downloads/cache/metadata-1573.htm
07-05 11:50:36.966   545  9900 I DownloadManager: deleting spurious file /data/data/com.android.providers.downloads/cache/metadata-893.htm
07-05 11:50:36.966   545  9900 I DownloadManager: deleting spurious file /data/data/com.android.providers.downloads/cache/metadata-1615.htm
07-05 11:50:36.966   545  9900 I DownloadManager: deleting spurious file /data/data/com.android.providers.downloads/cache/metadata-1085.htm
07-05 11:50:36.966   545  9900 I DownloadManager: deleting spurious file /data/data/com.android.providers.downloads/cache/metadata-894.htm
07-05 11:50:36.966   545  9900 I DownloadManager: deleting spurious file /data/data/com.android.providers.downloads/cache/metadata-1572.htm
07-05 11:50:36.966   545  9900 I DownloadManager: deleting spurious file /data/data/com.android.providers.downloads/cache/metadata-1237.htm
07-05 11:50:36.966   545  9900 I DownloadManager: deleting spurious file /data/data/com.android.providers.downloads/cache/metadata-666.htm
07-05 11:50:36.966   545  9900 I DownloadManager: deleting spurious file /data/data/com.android.providers.downloads/cache/metadata-1501.htm
07-05 11:50:36.966   545  9900 I DownloadManager: deleting spurious file /data/data/com.android.providers.downloads/cache/metadata-989.htm
07-05 11:50:36.970   545  9900 I DownloadManager: deleting spurious file /data/data/com.android.providers.downloads/cache/metadata-1726.htm
07-05 11:50:36.970   545  9900 I DownloadManager: deleting spurious file /data/data/com.android.providers.downloads/cache/metadata-1629.htm
07-05 11:50:36.970   545  9900 I DownloadManager: deleting spurious file /data/data/com.android.providers.downloads/cache/metadata-1098.htm
07-05 11:50:36.970   545  9900 I DownloadManager: deleting spurious file /data/data/com.android.providers.downloads/cache/metadata-1335.htm
07-05 11:50:36.970   545  9900 I DownloadManager: deleting spurious file /data/data/com.android.providers.downloads/cache/metadata-682.htm
07-05 11:50:36.970   545  9900 I DownloadManager: deleting spurious file /data/data/com.android.providers.downloads/cache/metadata-1644.htm
07-05 11:50:36.970   545  9900 I DownloadManager: deleting spurious file /data/data/com.android.providers.downloads/cache/metadata-2049.htm
07-05 11:50:36.970   545  9900 I DownloadManager: deleting spurious file /data/data/com.android.providers.downloads/cache/metadata-1475.htm
07-05 11:50:36.970   545  9900 I DownloadManager: deleting spurious file /data/data/com.android.providers.downloads/cache/metadata-642.htm
07-05 11:50:36.970   545  9900 I DownloadManager: deleting spurious file /data/data/com.android.providers.downloads/cache/metadata-686.htm
07-05 11:50:36.970   545  9900 I DownloadManager: deleting spurious file /data/data/com.android.providers.downloads/cache/metadata-652.htm
07-05 11:50:36.970   545  9900 I DownloadManager: deleting spurious file /data/data/com.android.providers.downloads/cache/metadata-1441.htm
07-05 11:50:36.970   545  9900 I DownloadManager: deleting spurious file /data/data/com.android.providers.downloads/cache/metadata-654.htm
07-05 11:50:36.970   545  9900 I DownloadManager: deleting spurious file /data/data/com.android.providers.downloads/cache/metadata-790.htm
07-05 11:50:36.970   545  9900 I DownloadManager: deleting spurious file /data/data/com.android.providers.downloads/cache/metadata-1474.htm
07-05 11:50:36.970   545  9900 I DownloadManager: deleting spurious file /data/data/com.android.providers.downloads/cache/metadata-604.htm
07-05 11:50:37.056   545   548 D dalvikvm: GC_CONCURRENT freed 676K, 11% free 10487K/11719K, paused 2ms+3ms
07-05 11:50:37.313   545   548 D dalvikvm: GC_CONCURRENT freed 400K, 11% free 10486K/11719K, paused 2ms+4ms
07-05 11:50:37.536   545  9903 I DownloadManager: Initiating request for download 1130
07-05 11:50:37.583   545   548 D dalvikvm: GC_CONCURRENT freed 419K, 11% free 10507K/11719K, paused 2ms+3ms
07-05 11:50:37.692   545   548 D dalvikvm: GC_CONCURRENT freed 212K, 9% free 10726K/11719K, paused 2ms+3ms
07-05 11:50:37.899   545   548 D dalvikvm: GC_CONCURRENT freed 643K, 11% free 10533K/11719K, paused 2ms+3ms
07-05 11:50:38.149   545   548 D dalvikvm: GC_CONCURRENT freed 438K, 11% free 10496K/11719K, paused 2ms+3ms
07-05 11:50:38.411   545   548 D dalvikvm: GC_CONCURRENT freed 414K, 11% free 10483K/11719K, paused 2ms+3ms
07-05 11:50:38.731   545  9906 I DownloadManager: Initiating request for download 1131
07-05 11:50:38.825   545   548 D dalvikvm: GC_CONCURRENT freed 334K, 10% free 10617K/11719K, paused 2ms+3ms
07-05 11:50:38.931   545   548 D dalvikvm: GC_CONCURRENT freed 319K, 9% free 10750K/11719K, paused 2ms+3ms
07-05 11:50:39.188   545   548 D dalvikvm: GC_CONCURRENT freed 718K, 11% free 10498K/11719K, paused 3ms+2ms
07-05 11:50:39.442   545   548 D dalvikvm: GC_CONCURRENT freed 443K, 11% free 10454K/11719K, paused 2ms+2ms
07-05 11:50:39.497  1370  9908 E DictionaryProvider:UpdateHandler: Can't read a file : android.util.MalformedJsonException: Use JsonReader.setLenient(true) to accept malformed JSON at line 1 column 20
07-05 11:50:39.677   545  9911 I DownloadManager: Initiating request for download 1131
07-05 11:50:39.727   545   548 D dalvikvm: GC_CONCURRENT freed 451K, 12% free 10390K/11719K, paused 2ms+3ms
07-05 11:50:39.817   545   548 D dalvikvm: GC_CONCURRENT freed 190K, 10% free 10619K/11719K, paused 2ms+3ms
07-05 11:50:41.040   156   568 D dalvikvm: GC_EXPLICIT freed 593K, 17% free 13309K/15879K, paused 3ms+6ms
07-05 11:50:41.720   545   548 D dalvikvm: GC_CONCURRENT freed 584K, 11% free 10449K/11719K, paused 2ms+2ms
07-05 11:50:42.001   414   416 D dalvikvm: GC_CONCURRENT freed 261K, 25% free 10425K/13767K, paused 2ms+4ms
07-05 11:50:42.134   414   414 D dalvikvm: GC_FOR_ALLOC freed 40K, 22% free 10764K/13767K, paused 23ms
07-05 11:50:42.153   414   414 D dalvikvm: GC_FOR_ALLOC freed 8K, 19% free 11188K/13767K, paused 18ms
07-05 11:50:42.177   414   414 D dalvikvm: GC_FOR_ALLOC freed 0K, 16% free 11620K/13767K, paused 19ms
07-05 11:50:42.224   414   416 D dalvikvm: GC_CONCURRENT freed 0K, 10% free 12483K/13767K, paused 2ms+3ms
07-05 11:50:42.243   545   548 D dalvikvm: GC_CONCURRENT freed 454K, 12% free 10398K/11719K, paused 2ms+102ms
07-05 11:50:42.290   414   414 D dalvikvm: GC_FOR_ALLOC freed <1K, 5% free 13124K/13767K, paused 19ms
07-05 11:50:42.313   414   414 D dalvikvm: GC_FOR_ALLOC freed <1K, 5% free 13556K/14215K, paused 19ms
07-05 11:50:42.349   414   414 D dalvikvm: GC_FOR_ALLOC freed 0K, 5% free 14418K/15111K, paused 19ms
07-05 11:50:42.360   156   576 W ResourceType: Invalid package identifier when getting bag for resource number 0x7f0c0008
07-05 11:50:42.981   545   548 D dalvikvm: GC_CONCURRENT freed 420K, 12% free 10379K/11719K, paused 2ms+3ms
07-05 11:50:43.290   545  9917 I DownloadManager: Initiating request for download 1132
07-05 11:50:43.356   545   548 D dalvikvm: GC_CONCURRENT freed 344K, 12% free 10422K/11719K, paused 2ms+3ms
07-05 11:50:43.442   545   548 D dalvikvm: GC_CONCURRENT freed 238K, 10% free 10619K/11719K, paused 2ms+3ms
07-05 11:50:44.095   545   548 D dalvikvm: GC_CONCURRENT freed 620K, 12% free 10407K/11719K, paused 2ms+3ms
07-05 11:50:44.298   545   548 D dalvikvm: GC_CONCURRENT freed 402K, 12% free 10391K/11719K, paused 1ms+2ms
07-05 11:50:44.481   545   548 D dalvikvm: GC_CONCURRENT freed 399K, 12% free 10376K/11719K, paused 2ms+3ms
07-05 11:50:45.212  1370  9919 E DictionaryProvider:UpdateHandler: Can't read a file : android.util.MalformedJsonException: Use JsonReader.setLenient(true) to accept malformed JSON at line 1 column 20
07-05 11:50:45.337   545   548 D dalvikvm: GC_CONCURRENT freed 410K, 12% free 10351K/11719K, paused 2ms+2ms
07-05 11:50:45.360   156   210 I ActivityManager: START {act=android.intent.action.MAIN cat=[android.intent.category.HOME] flg=0x10200000 cmp=com.android.launcher/com.android.launcher2.Launcher} from pid 156
07-05 11:50:45.704    80  8398 E SurfaceTexture: [RecentsPanel] drainQueueLocked: SurfaceTexture has been abandoned!
07-05 11:50:45.720   156   168 W InputManagerService: Window already focused, ignoring focus gain of: com.android.internal.view.IInputMethodClient$Stub$Proxy@414f3640
07-05 11:50:45.931   545   548 D dalvikvm: GC_CONCURRENT freed 422K, 12% free 10318K/11719K, paused 2ms+3ms
07-05 11:50:46.087   545  9924 I DownloadManager: Initiating request for download 1132
07-05 11:50:46.087   545  9924 W DownloadManager: Aborting request for download 1132: Trying to resume a download that can't be resumed
07-05 11:50:46.337   545   548 D dalvikvm: GC_CONCURRENT freed 362K, 12% free 10344K/11719K, paused 1ms+7ms
07-05 11:50:46.591   545   548 D dalvikvm: GC_CONCURRENT freed 407K, 12% free 10330K/11719K, paused 2ms+6ms
07-05 11:50:46.817   545   548 D dalvikvm: GC_CONCURRENT freed 406K, 13% free 10313K/11719K, paused 1ms+2ms
07-05 11:50:46.892   545  9927 I DownloadManager: Initiating request for download 1133
07-05 11:50:47.005   545   548 D dalvikvm: GC_CONCURRENT freed 216K, 10% free 10575K/11719K, paused 2ms+2ms
07-05 11:50:47.130   545   548 D dalvikvm: GC_CONCURRENT freed 411K, 10% free 10566K/11719K, paused 1ms+2ms
07-05 11:50:47.274  1370  9929 E DictionaryProvider:UpdateHandler: Can't read a file : android.util.MalformedJsonException: Use JsonReader.setLenient(true) to accept malformed JSON at line 1 column 20
07-05 11:50:47.309  1370  1372 D dalvikvm: GC_CONCURRENT freed 388K, 7% free 9130K/9735K, paused 1ms+2ms
07-05 11:50:47.431   545   548 D dalvikvm: GC_CONCURRENT freed 617K, 12% free 10341K/11719K, paused 2ms+2ms
07-05 11:50:47.626   545   548 D dalvikvm: GC_CONCURRENT freed 412K, 12% free 10323K/11719K, paused 2ms+2ms
07-05 11:50:47.700   545  9932 I DownloadManager: Initiating request for download 1133
07-05 11:50:47.743   362   362 I wpa_supplicant: wlan0: CTRL-EVENT-DISCONNECTED bssid=d0:c2:82:84:8d:50 reason=0
07-05 11:50:47.747    77   117 D CommandListener: Clearing all IP addresses on wlan0
07-05 11:50:47.763   156   330 D ConnectivityService: ConnectivityChange for WIFI: DISCONNECTED/DISCONNECTED
07-05 11:50:47.767   156   330 D ConnectivityService: Attempting to switch to mobile
07-05 11:50:47.770   156   330 D ConnectivityService: Attempting to switch to WIMAX
07-05 11:50:47.770   156   330 D ConnectivityService: Attempting to switch to BLUETOOTH_TETHER
07-05 11:50:47.774   156   330 E ConnectivityService: Exception trying to remove a route: java.lang.IllegalStateException: Unable to communicate with native dameon to add routes - com.android.server.NativeDaemonConnectorException: Cmd {interface route remove wlan0 default 128.205.59.254 32 0.0.0.0} failed with code 400 : {Failed to remove route from default table (No such process)}
07-05 11:50:47.778   156   330 D NetUtils: android_net_utils_resetConnections in env=0x6b2b60 clazz=0xd9400001 iface=wlan0 mask=0x3
07-05 11:50:47.778   156   330 E ConnectivityService: Exception trying to remove a route: java.lang.IllegalStateException: Unable to communicate with native dameon to add routes - com.android.server.NativeDaemonConnectorException: Cmd {interface route remove wlan0 default 0.0.0.0 0 128.205.59.254} failed with code 400 : {Failed to remove route from default table (No such process)}
07-05 11:50:47.778   156   330 D ConnectivityService: resetConnections(wlan0, 3)
07-05 11:50:47.931   414   414 D dalvikvm: GC_FOR_ALLOC freed 5704K, 38% free 10161K/16263K, paused 17ms
07-05 11:50:47.993   414   416 D dalvikvm: GC_CONCURRENT freed 308K, 37% free 10259K/16263K, paused 1ms+3ms
07-05 11:50:48.032   682  1055 E GTalkService: connectionClosed: no XMPPConnection - That's strange!
07-05 11:50:48.056   156   330 D ConnectivityService: handleInetConditionChange: no active default network - ignore
07-05 11:50:48.095   545   548 D dalvikvm: GC_CONCURRENT freed 246K, 11% free 10504K/11719K, paused 2ms+10ms
07-05 11:50:48.212   545   548 D dalvikvm: GC_CONCURRENT freed 335K, 10% free 10564K/11719K, paused 2ms+2ms
07-05 11:50:48.294   545  9932 W DownloadManager: Aborting request for download 1133: no network connection available
07-05 11:50:48.411   545   548 D dalvikvm: GC_CONCURRENT freed 617K, 12% free 10339K/11719K, paused 2ms+2ms
07-05 11:50:48.602   545   548 D dalvikvm: GC_CONCURRENT freed 410K, 12% free 10318K/11719K, paused 2ms+2ms
07-05 11:50:48.747   545  9934 I DownloadManager: Initiating request for download 1134
07-05 11:50:48.755   545  9934 W DownloadManager: Aborting request for download 1134: no network connection available
07-05 11:50:48.970   545   548 D dalvikvm: GC_CONCURRENT freed 355K, 12% free 10354K/11719K, paused 2ms+3ms
07-05 11:50:49.032   362   362 I wpa_supplicant: wlan0: Trying to associate with d0:c2:82:84:8d:50 (SSID='UB_Wireless' freq=2462 MHz)
07-05 11:50:49.071   362   362 I wpa_supplicant: wlan0: Associated with d0:c2:82:84:8d:50
07-05 11:50:49.071   362   362 I wpa_supplicant: wlan0: CTRL-EVENT-CONNECTED - Connection to d0:c2:82:84:8d:50 completed (reauth) [id=5 id_str=]
07-05 11:50:49.216   545   548 D dalvikvm: GC_CONCURRENT freed 413K, 12% free 10333K/11719K, paused 2ms+2ms
07-05 11:50:49.446   545   548 D dalvikvm: GC_CONCURRENT freed 407K, 12% free 10314K/11719K, paused 2ms+2ms
07-05 11:50:49.696   545   548 D dalvikvm: GC_CONCURRENT freed 361K, 12% free 10340K/11719K, paused 2ms+2ms
07-05 11:50:49.899   545   548 D dalvikvm: GC_CONCURRENT freed 404K, 12% free 10322K/11719K, paused 2ms+2ms
07-05 11:50:50.849   156   333 D Tethering: MasterInitialState.processMessage what=3
07-05 11:50:50.950  1086  1105 D PicasaSyncManager: active network: null
07-05 11:50:50.950  1086  1105 D PicasaSyncManager: background data: true
07-05 11:50:50.962  1190  1190 I MediaUploader: No need to wake up
07-05 11:50:50.966   993   993 I PhoneLab-WiFiReceiver: Wi-Fi is disconnected!
07-05 11:50:52.446   156   330 D ConnectivityService: ConnectivityChange for WIFI: CONNECTED/CONNECTED
07-05 11:50:52.454   993   993 I PhoneLab-WiFiReceiver: Wi-Fi is connected!
07-05 11:50:52.454   993   993 I PhoneLab-WiFiReceiver: SSID: UB_Wireless BSSID: d0:c2:82:84:8d:50 RSSI: -200 LinkSpeed: -1
07-05 11:50:52.454   993   993 I PhoneLab-Locks: wake lock acquired
07-05 11:50:52.458   993   993 I PhoneLab-UploadLogs: Transfering log files now
07-05 11:50:52.485   156   325 W NetworkStats: dropping UID delta from unknown iface: iface=wlan0 uid=0 set=DEFAULT tag=0x0 rxBytes=0 rxPackets=0 txBytes=264 txPackets=4 operations=0
07-05 11:50:52.559   993   995 D dalvikvm: GC_CONCURRENT freed 400K, 14% free 9203K/10695K, paused 1ms+2ms
07-05 11:50:52.583   993   993 D dalvikvm: GC_FOR_ALLOC freed 274K, 12% free 9422K/10695K, paused 12ms
07-05 11:50:52.610   993   993 I PhoneLab-UploadLogs: OnStartCommand
07-05 11:50:52.622   993   995 D dalvikvm: GC_CONCURRENT freed 298K, 10% free 9636K/10695K, paused 2ms+2ms
07-05 11:50:52.665   993  9964 D dalvikvm: GC_FOR_ALLOC freed 307K, 10% free 9655K/10695K, paused 14ms
07-05 11:50:52.681   993  9964 D dalvikvm: GC_FOR_ALLOC freed 301K, 10% free 9655K/10695K, paused 16ms
07-05 11:50:52.700   993  9964 D dalvikvm: GC_FOR_ALLOC freed 301K, 10% free 9656K/10695K, paused 15ms
07-05 11:50:53.450   156   330 D ConnectivityService: NetTransition Wakelock for WifiStateMachine released by timeout
07-05 11:50:54.251   993  9964 W System.err: org.apache.http.client.ClientProtocolException
07-05 11:50:54.259   993  9964 W System.err: 	at org.apache.http.impl.client.AbstractHttpClient.execute(AbstractHttpClient.java:557)
07-05 11:50:54.263   993  9964 W System.err: 	at org.apache.http.impl.client.AbstractHttpClient.execute(AbstractHttpClient.java:487)
07-05 11:50:54.263   993  9964 W System.err: 	at com.loopj.android.http.AsyncHttpRequest.makeRequest(Unknown Source)
07-05 11:50:54.267   993  9964 W System.err: 	at com.loopj.android.http.AsyncHttpRequest.makeRequestWithRetries(Unknown Source)
07-05 11:50:54.267   993  9964 W System.err: 	at com.loopj.android.http.AsyncHttpRequest.run(Unknown Source)
07-05 11:50:54.270   993  9964 W System.err: 	at java.util.concurrent.Executors$RunnableAdapter.call(Executors.java:442)
07-05 11:50:54.278   993  9964 W System.err: 	at java.util.concurrent.FutureTask$Sync.innerRun(FutureTask.java:305)
07-05 11:50:54.278   993  9964 W System.err: 	at java.util.concurrent.FutureTask.run(FutureTask.java:137)
07-05 11:50:54.278   993  9964 W System.err: 	at java.util.concurrent.ThreadPoolExecutor.runWorker(ThreadPoolExecutor.java:1076)
07-05 11:50:54.278   993  9964 W System.err: 	at java.util.concurrent.ThreadPoolExecutor$Worker.run(ThreadPoolExecutor.java:569)
07-05 11:50:54.278   993  9964 W System.err: 	at java.lang.Thread.run(Thread.java:856)
07-05 11:50:54.278   993  9964 W System.err: Caused by: org.apache.http.client.NonRepeatableRequestException: Cannot retry request with a non-repeatable request entity
07-05 11:50:54.282   993  9964 W System.err: 	at org.apache.http.impl.client.DefaultRequestDirector.execute(DefaultRequestDirector.java:420)
07-05 11:50:54.282   993  9964 W System.err: 	at org.apache.http.impl.client.AbstractHttpClient.execute(AbstractHttpClient.java:555)
07-05 11:50:54.282   993  9964 W System.err: 	... 10 more
07-05 11:50:54.282   993   993 E PhoneLab-: Transfering 1341502082478.log failed
07-05 11:50:54.282   993   993 I PhoneLab-Locks: wake lock released
07-05 11:50:55.517   156   333 D Tethering: MasterInitialState.processMessage what=3
07-05 11:50:55.602   682   682 I GTalkService/c: [AndroidEndpoint@1095403848] connect: acct=1000001, state=CONNECTING
07-05 11:50:55.657  1190  1190 I MediaUploader: No need to wake up
07-05 11:50:55.673  1086  1105 D PicasaSyncManager: active network: NetworkInfo: type: WIFI[], state: CONNECTED/CONNECTED, reason: (unspecified), extra: (none), roaming: false, failover: false, isAvailable: true
07-05 11:50:55.673  1086  1105 D PicasaSyncManager: background data: true
07-05 11:50:55.724   414   414 D dalvikvm: GC_FOR_ALLOC freed 401K, 38% free 10235K/16263K, paused 19ms
07-05 11:50:55.821   414   416 D dalvikvm: GC_CONCURRENT freed 353K, 37% free 10353K/16263K, paused 2ms+3ms
07-05 11:50:56.087   545   548 D dalvikvm: GC_CONCURRENT freed 363K, 12% free 10347K/11719K, paused 8ms+7ms
07-05 11:50:56.306   545   548 D dalvikvm: GC_CONCURRENT freed 406K, 12% free 10328K/11719K, paused 2ms+2ms
07-05 11:50:56.493   545   548 D dalvikvm: GC_CONCURRENT freed 398K, 12% free 10318K/11719K, paused 2ms+2ms
07-05 11:50:56.579   545  9966 I DownloadManager: Initiating request for download 1133
07-05 11:50:56.583   545  9966 I DownloadManager: Skipping initiating request for download 1133; already completed
07-05 11:50:56.638   545  9968 I DownloadManager: Initiating request for download 1134
07-05 11:50:56.774   545   548 D dalvikvm: GC_CONCURRENT freed 247K, 11% free 10522K/11719K, paused 2ms+3ms
07-05 11:50:56.884   545   548 D dalvikvm: GC_CONCURRENT freed 356K, 10% free 10568K/11719K, paused 2ms+2ms
07-05 11:50:57.036  1370  9971 E DictionaryProvider:UpdateHandler: Can't read a file : android.util.MalformedJsonException: Use JsonReader.setLenient(true) to accept malformed JSON at line 1 column 20
07-05 11:50:57.138   545   548 D dalvikvm: GC_CONCURRENT freed 612K, 12% free 10349K/11719K, paused 2ms+3ms
07-05 11:50:57.325   545   548 D dalvikvm: GC_CONCURRENT freed 414K, 12% free 10321K/11719K, paused 2ms+2ms
07-05 11:50:57.423   545  9974 I DownloadManager: Initiating request for download 1134
07-05 11:50:57.501   156   158 D dalvikvm: GC_CONCURRENT freed 903K, 16% free 13354K/15879K, paused 2ms+5ms
07-05 11:50:57.591   545   548 D dalvikvm: GC_CONCURRENT freed 271K, 11% free 10477K/11719K, paused 2ms+2ms
07-05 11:50:57.696   545   548 D dalvikvm: GC_CONCURRENT freed 290K, 10% free 10639K/11719K, paused 2ms+3ms
07-05 11:50:57.919   545   548 D dalvikvm: GC_CONCURRENT freed 718K, 12% free 10337K/11719K, paused 1ms+3ms
07-05 11:50:58.102   545   548 D dalvikvm: GC_CONCURRENT freed 406K, 12% free 10321K/11719K, paused 2ms+3ms
07-05 11:50:58.243   156   330 D ConnectivityService: ConnectivityChange for mobile: CONNECTED/CONNECTED
07-05 11:50:58.278   156   330 D ConnectivityService: ConnectivityChange for mobile: DISCONNECTED/DISCONNECTED
07-05 11:50:58.278   156   330 D ConnectivityService: Attempting to switch to WIFI
07-05 11:50:58.282   156   330 D NetUtils: android_net_utils_resetConnections in env=0x6b2b60 clazz=0xecf00001 iface=rmnet0 mask=0x3
07-05 11:50:58.282   156   330 D ConnectivityService: Attempting to switch to WIMAX
07-05 11:50:58.282   156   330 D ConnectivityService: Attempting to switch to BLUETOOTH_TETHER
07-05 11:50:58.282   156   330 D ConnectivityService: resetConnections(rmnet0, 3)
07-05 11:50:58.415   545  9978 I DownloadManager: Initiating request for download 1135
07-05 11:50:58.497   545   548 D dalvikvm: GC_CONCURRENT freed 294K, 11% free 10474K/11719K, paused 2ms+3ms
07-05 11:50:58.599   545   548 D dalvikvm: GC_CONCURRENT freed 280K, 10% free 10624K/11719K, paused 2ms+3ms
07-05 11:50:58.692   414   416 D dalvikvm: GC_CONCURRENT freed 393K, 37% free 10402K/16263K, paused 2ms+3ms
07-05 11:50:58.860  1370  9980 E DictionaryProvider:UpdateHandler: Can't read a file : android.util.MalformedJsonException: Use JsonReader.setLenient(true) to accept malformed JSON at line 1 column 20
07-05 11:50:59.009   482   486 D dalvikvm: GC_CONCURRENT freed 437K, 6% free 9504K/10055K, paused 9ms+28ms
07-05 11:50:59.044   545   548 D dalvikvm: GC_CONCURRENT freed 689K, 12% free 10358K/11719K, paused 2ms+13ms
07-05 11:50:59.263   545   548 D dalvikvm: GC_CONCURRENT freed 420K, 12% free 10326K/11719K, paused 2ms+2ms
07-05 11:50:59.388   545  9983 I DownloadManager: Initiating request for download 1135
07-05 11:50:59.450   545   548 D dalvikvm: GC_CONCURRENT freed 345K, 12% free 10385K/11719K, paused 2ms+2ms
07-05 11:50:59.556   545   548 D dalvikvm: GC_CONCURRENT freed 212K, 10% free 10595K/11719K, paused 2ms+2ms
07-05 11:50:59.712   545   548 D dalvikvm: GC_CONCURRENT freed 618K, 12% free 10380K/11719K, paused 2ms+3ms
07-05 11:50:59.915   545   548 D dalvikvm: GC_CONCURRENT freed 437K, 12% free 10332K/11719K, paused 2ms+2ms
07-05 11:51:00.142   545   548 D dalvikvm: GC_CONCURRENT freed 405K, 12% free 10314K/11719K, paused 2ms+3ms
07-05 11:51:01.329   156   333 D Tethering: MasterInitialState.processMessage what=3
07-05 11:51:01.380   156   333 D Tethering: MasterInitialState.processMessage what=3
07-05 11:51:01.415  1086  1105 D PicasaSyncManager: active network: NetworkInfo: type: WIFI[], state: CONNECTED/CONNECTED, reason: (unspecified), extra: (none), roaming: false, failover: false, isAvailable: true
07-05 11:51:01.415  1086  1105 D PicasaSyncManager: background data: true
07-05 11:51:01.438  1190  1190 I MediaUploader: No need to wake up
07-05 11:51:01.489  1086  1105 D PicasaSyncManager: active network: NetworkInfo: type: WIFI[], state: CONNECTED/CONNECTED, reason: (unspecified), extra: (none), roaming: false, failover: false, isAvailable: true
07-05 11:51:01.493  1086  1105 D PicasaSyncManager: background data: true
07-05 11:51:01.513  1086  1088 D dalvikvm: GC_CONCURRENT freed 359K, 6% free 9292K/9863K, paused 2ms+2ms
07-05 11:51:01.548   482   970 D dalvikvm: GC_EXPLICIT freed 47K, 6% free 9464K/10055K, paused 20ms+3ms
07-05 11:51:01.767   682   685 D dalvikvm: GC_CONCURRENT freed 414K, 10% free 10079K/11079K, paused 2ms+235ms
07-05 11:51:01.794  1190  1190 I MediaUploader: No need to wake up
07-05 11:51:01.829   545  9986 I DownloadManager: Initiating request for download 1136
07-05 11:51:01.931   545   548 D dalvikvm: GC_CONCURRENT freed 191K, 10% free 10550K/11719K, paused 1ms+3ms
07-05 11:51:02.056   545   548 D dalvikvm: GC_CONCURRENT freed 380K, 10% free 10575K/11719K, paused 2ms+3ms
07-05 11:51:02.208  1370  9988 E DictionaryProvider:UpdateHandler: Can't read a file : android.util.MalformedJsonException: Use JsonReader.setLenient(true) to accept malformed JSON at line 1 column 20
07-05 11:51:02.313   545   548 D dalvikvm: GC_CONCURRENT freed 623K, 12% free 10345K/11719K, paused 2ms+2ms
07-05 11:51:02.505   545   548 D dalvikvm: GC_CONCURRENT freed 415K, 12% free 10319K/11719K, paused 2ms+3ms
07-05 11:51:02.599   545  9991 I DownloadManager: Initiating request for download 1136
07-05 11:51:02.684   545   548 D dalvikvm: GC_CONCURRENT freed 246K, 11% free 10504K/11719K, paused 1ms+3ms
07-05 11:51:02.786   545   548 D dalvikvm: GC_CONCURRENT freed 261K, 10% free 10660K/11719K, paused 2ms+3ms
07-05 11:51:03.001   156   168 D dalvikvm: GC_EXPLICIT freed 628K, 17% free 13331K/15879K, paused 2ms+6ms
07-05 11:51:03.083   545   548 D dalvikvm: GC_CONCURRENT freed 742K, 12% free 10341K/11719K, paused 2ms+2ms
07-05 11:51:03.270   545   548 D dalvikvm: GC_CONCURRENT freed 413K, 12% free 10318K/11719K, paused 2ms+2ms
07-05 11:51:03.395   545  9994 I DownloadManager: Initiating request for download 1137
07-05 11:51:03.489   545   548 D dalvikvm: GC_CONCURRENT freed 272K, 11% free 10482K/11719K, paused 2ms+3ms
07-05 11:51:03.587   545   548 D dalvikvm: GC_CONCURRENT freed 283K, 10% free 10645K/11719K, paused 2ms+4ms
07-05 11:51:03.786  1370  9996 E DictionaryProvider:UpdateHandler: Can't read a file : android.util.MalformedJsonException: Use JsonReader.setLenient(true) to accept malformed JSON at line 1 column 20
07-05 11:51:03.841  1370  1372 D dalvikvm: GC_CONCURRENT freed 390K, 7% free 9131K/9735K, paused 2ms+5ms
07-05 11:51:03.872   545   548 D dalvikvm: GC_CONCURRENT freed 715K, 12% free 10355K/11719K, paused 2ms+6ms
07-05 11:51:04.114   545   548 D dalvikvm: GC_CONCURRENT freed 419K, 12% free 10325K/11719K, paused 2ms+3ms
07-05 11:51:04.247   545  9999 I DownloadManager: Initiating request for download 1137
07-05 11:51:04.321   545   548 D dalvikvm: GC_CONCURRENT freed 303K, 11% free 10442K/11719K, paused 1ms+3ms
07-05 11:51:04.423   545   548 D dalvikvm: GC_CONCURRENT freed 255K, 10% free 10615K/11719K, paused 2ms+2ms
07-05 11:51:04.599   545   548 D dalvikvm: GC_CONCURRENT freed 645K, 12% free 10377K/11719K, paused 2ms+2ms
07-05 11:51:04.806   545   548 D dalvikvm: GC_CONCURRENT freed 435K, 12% free 10330K/11719K, paused 1ms+2ms
07-05 11:51:04.997   545 10002 I DownloadManager: Initiating request for download 1138
07-05 11:51:05.040   545   548 D dalvikvm: GC_CONCURRENT freed 387K, 12% free 10360K/11719K, paused 2ms+4ms
07-05 11:51:05.165   545   548 D dalvikvm: GC_CONCURRENT freed 205K, 10% free 10584K/11719K, paused 2ms+3ms
07-05 11:51:05.317   545   548 D dalvikvm: GC_CONCURRENT freed 607K, 12% free 10382K/11719K, paused 3ms+3ms
07-05 11:51:05.399  1370 10004 E DictionaryProvider:UpdateHandler: Can't read a file : android.util.MalformedJsonException: Use JsonReader.setLenient(true) to accept malformed JSON at line 1 column 20
07-05 11:51:05.567   545   548 D dalvikvm: GC_CONCURRENT freed 429K, 12% free 10341K/11719K, paused 2ms+2ms
07-05 11:51:05.755   545   548 D dalvikvm: GC_CONCURRENT freed 410K, 12% free 10317K/11719K, paused 2ms+3ms
07-05 11:51:05.809   545 10007 I DownloadManager: Initiating request for download 1138
07-05 11:51:05.911   545   548 D dalvikvm: GC_CONCURRENT freed 207K, 11% free 10536K/11719K, paused 1ms+3ms
07-05 11:51:06.020   545   548 D dalvikvm: GC_CONCURRENT freed 368K, 10% free 10572K/11719K, paused 2ms+2ms
07-05 11:51:06.251   545   548 D dalvikvm: GC_CONCURRENT freed 624K, 12% free 10340K/11719K, paused 2ms+2ms
07-05 11:51:06.442   545   548 D dalvikvm: GC_CONCURRENT freed 405K, 12% free 10323K/11719K, paused 2ms+2ms
07-05 11:51:06.563   545 10010 I DownloadManager: Initiating request for download 1139
07-05 11:51:06.657   545   548 D dalvikvm: GC_CONCURRENT freed 263K, 11% free 10506K/11719K, paused 3ms+3ms
07-05 11:51:06.759   545   548 D dalvikvm: GC_CONCURRENT freed 280K, 10% free 10653K/11719K, paused 2ms+3ms
07-05 11:51:06.927  1370 10012 E DictionaryProvider:UpdateHandler: Can't read a file : android.util.MalformedJsonException: Use JsonReader.setLenient(true) to accept malformed JSON at line 1 column 20
07-05 11:51:07.017   545   548 D dalvikvm: GC_CONCURRENT freed 714K, 12% free 10360K/11719K, paused 2ms+2ms
07-05 11:51:07.212   545   548 D dalvikvm: GC_CONCURRENT freed 421K, 12% free 10328K/11719K, paused 2ms+2ms
07-05 11:51:07.321   545 10015 I DownloadManager: Initiating request for download 1139
07-05 11:51:07.403   545   548 D dalvikvm: GC_CONCURRENT freed 295K, 11% free 10474K/11719K, paused 2ms+2ms
07-05 11:51:07.509   545   548 D dalvikvm: GC_CONCURRENT freed 273K, 9% free 10682K/11719K, paused 2ms+3ms
07-05 11:51:07.716   545   548 D dalvikvm: GC_CONCURRENT freed 763K, 12% free 10350K/11719K, paused 1ms+3ms
07-05 11:51:07.919   545   548 D dalvikvm: GC_CONCURRENT freed 409K, 12% free 10330K/11719K, paused 2ms+2ms
07-05 11:51:08.075   545 10018 I DownloadManager: Initiating request for download 1140
07-05 11:51:08.165   545   548 D dalvikvm: GC_CONCURRENT freed 285K, 11% free 10477K/11719K, paused 2ms+4ms
07-05 11:51:08.267   545   548 D dalvikvm: GC_CONCURRENT freed 276K, 10% free 10665K/11719K, paused 1ms+2ms
07-05 11:51:08.485  1370 10020 E DictionaryProvider:UpdateHandler: Can't read a file : android.util.MalformedJsonException: Use JsonReader.setLenient(true) to accept malformed JSON at line 1 column 20
07-05 11:51:08.509   545   548 D dalvikvm: GC_CONCURRENT freed 743K, 12% free 10369K/11719K, paused 2ms+3ms
07-05 11:51:08.712   545   548 D dalvikvm: GC_CONCURRENT freed 417K, 12% free 10339K/11719K, paused 2ms+3ms
07-05 11:51:08.837   545 10023 I DownloadManager: Initiating request for download 1140
07-05 11:51:08.903   545   548 D dalvikvm: GC_CONCURRENT freed 325K, 11% free 10487K/11719K, paused 2ms+3ms
07-05 11:51:09.001   545   548 D dalvikvm: GC_CONCURRENT freed 274K, 10% free 10637K/11719K, paused 1ms+2ms
07-05 11:51:09.196   545   548 D dalvikvm: GC_CONCURRENT freed 699K, 12% free 10355K/11719K, paused 2ms+3ms
07-05 11:51:09.399   545   548 D dalvikvm: GC_CONCURRENT freed 407K, 12% free 10335K/11719K, paused 2ms+3ms
07-05 11:51:09.556   545 10026 I DownloadManager: Initiating request for download 1141
07-05 11:51:09.610   545   548 D dalvikvm: GC_CONCURRENT freed 360K, 12% free 10399K/11719K, paused 1ms+4ms
07-05 11:51:09.724   545   548 D dalvikvm: GC_CONCURRENT freed 240K, 10% free 10616K/11719K, paused 2ms+3ms
07-05 11:51:09.895   545   548 D dalvikvm: GC_CONCURRENT freed 634K, 12% free 10391K/11719K, paused 2ms+2ms
07-05 11:51:09.954  1370 10028 E DictionaryProvider:UpdateHandler: Can't read a file : android.util.MalformedJsonException: Use JsonReader.setLenient(true) to accept malformed JSON at line 1 column 20
07-05 11:51:09.989  1370  1372 D dalvikvm: GC_CONCURRENT freed 391K, 7% free 9128K/9735K, paused 2ms+6ms
07-05 11:51:10.169   545   548 D dalvikvm: GC_CONCURRENT freed 433K, 12% free 10349K/11719K, paused 2ms+3ms
07-05 11:51:10.360   545   548 D dalvikvm: GC_CONCURRENT freed 410K, 12% free 10326K/11719K, paused 2ms+2ms
07-05 11:51:10.399   545 10031 I DownloadManager: Initiating request for download 1141
07-05 11:51:10.517   545   548 D dalvikvm: GC_CONCURRENT freed 199K, 10% free 10571K/11719K, paused 2ms+3ms
07-05 11:51:10.634   545   548 D dalvikvm: GC_CONCURRENT freed 390K, 10% free 10591K/11719K, paused 2ms+2ms
07-05 11:51:10.845   545   548 D dalvikvm: GC_CONCURRENT freed 644K, 12% free 10347K/11719K, paused 2ms+3ms
07-05 11:51:11.032   545   548 D dalvikvm: GC_CONCURRENT freed 405K, 12% free 10327K/11719K, paused 2ms+2ms
07-05 11:51:11.122   545 10034 I DownloadManager: Initiating request for download 1142
07-05 11:51:11.227   545   548 D dalvikvm: GC_CONCURRENT freed 229K, 11% free 10523K/11719K, paused 2ms+2ms
07-05 11:51:11.329   545   548 D dalvikvm: GC_CONCURRENT freed 265K, 9% free 10666K/11719K, paused 2ms+2ms
07-05 11:51:11.505  1370 10036 E DictionaryProvider:UpdateHandler: Can't read a file : android.util.MalformedJsonException: Use JsonReader.setLenient(true) to accept malformed JSON at line 1 column 20
07-05 11:51:11.575   545   548 D dalvikvm: GC_CONCURRENT freed 723K, 12% free 10363K/11719K, paused 2ms+3ms
07-05 11:51:11.770   545   548 D dalvikvm: GC_CONCURRENT freed 412K, 12% free 10340K/11719K, paused 2ms+3ms
07-05 11:51:11.880   545 10038 I DownloadManager: Initiating request for download 1142
07-05 11:51:11.958   545   548 D dalvikvm: GC_CONCURRENT freed 279K, 11% free 10479K/11719K, paused 2ms+3ms
07-05 11:51:12.044   545   548 D dalvikvm: GC_CONCURRENT freed 246K, 10% free 10624K/11719K, paused 3ms+3ms
07-05 11:51:13.567   545   548 D dalvikvm: GC_CONCURRENT freed 644K, 12% free 10398K/11719K, paused 2ms+2ms
07-05 11:51:13.778   545   548 D dalvikvm: GC_CONCURRENT freed 440K, 12% free 10352K/11719K, paused 2ms+3ms
07-05 11:51:14.052   545 10042 I DownloadManager: Initiating request for download 1143
07-05 11:51:14.056   545   548 D dalvikvm: GC_CONCURRENT freed 407K, 12% free 10334K/11719K, paused 4ms+7ms
07-05 11:51:14.188   545   548 D dalvikvm: GC_CONCURRENT freed 185K, 10% free 10639K/11719K, paused 2ms+3ms
07-05 11:51:14.352   545   548 D dalvikvm: GC_CONCURRENT freed 660K, 12% free 10397K/11719K, paused 2ms+3ms
07-05 11:51:14.548   545   548 D dalvikvm: GC_CONCURRENT freed 404K, 12% free 10383K/11719K, paused 2ms+2ms
07-05 11:51:14.763   545 10042 D dalvikvm: GC_EXPLICIT freed 402K, 12% free 10371K/11719K, paused 2ms+3ms
07-05 11:51:14.821  1370 10044 E DictionaryProvider:UpdateHandler: Can't read a file : android.util.MalformedJsonException: Use JsonReader.setLenient(true) to accept malformed JSON at line 1 column 20
07-05 11:51:14.923   465   467 D dalvikvm: GC_CONCURRENT freed 419K, 6% free 10525K/11079K, paused 1ms+3ms
07-05 11:51:15.122   545   548 D dalvikvm: GC_CONCURRENT freed 391K, 12% free 10369K/11719K, paused 2ms+2ms
07-05 11:51:15.306   545   548 D dalvikvm: GC_CONCURRENT freed 416K, 12% free 10343K/11719K, paused 2ms+2ms
07-05 11:51:15.474   545 10047 I DownloadManager: Initiating request for download 1144
07-05 11:51:15.532   545   548 D dalvikvm: GC_CONCURRENT freed 328K, 12% free 10405K/11719K, paused 2ms+5ms
07-05 11:51:15.634   545   548 D dalvikvm: GC_CONCURRENT freed 222K, 10% free 10614K/11719K, paused 2ms+3ms
07-05 11:51:15.790   545   548 D dalvikvm: GC_CONCURRENT freed 630K, 12% free 10403K/11719K, paused 2ms+2ms
07-05 11:51:15.888  1370 10049 E DictionaryProvider:UpdateHandler: Can't read a file : android.util.MalformedJsonException: Use JsonReader.setLenient(true) to accept malformed JSON at line 1 column 20
07-05 11:51:16.044   545   548 D dalvikvm: GC_CONCURRENT freed 434K, 12% free 10356K/11719K, paused 1ms+2ms
07-05 11:51:16.239   545   548 D dalvikvm: GC_CONCURRENT freed 409K, 12% free 10335K/11719K, paused 2ms+2ms
07-05 11:51:16.278   545 10052 I DownloadManager: Initiating request for download 1144
07-05 11:51:16.392   545   548 D dalvikvm: GC_CONCURRENT freed 193K, 10% free 10561K/11719K, paused 2ms+3ms
07-05 11:51:16.501   545   548 D dalvikvm: GC_CONCURRENT freed 371K, 10% free 10601K/11719K, paused 2ms+2ms
07-05 11:51:16.712   545   548 D dalvikvm: GC_CONCURRENT freed 644K, 12% free 10356K/11719K, paused 2ms+2ms
07-05 11:51:16.888   545   548 D dalvikvm: GC_CONCURRENT freed 408K, 12% free 10337K/11719K, paused 1ms+2ms
07-05 11:51:17.009   545 10055 I DownloadManager: Initiating request for download 1145
07-05 11:51:17.130   545   548 D dalvikvm: GC_CONCURRENT freed 248K, 11% free 10516K/11719K, paused 2ms+3ms
07-05 11:51:17.227   545   548 D dalvikvm: GC_CONCURRENT freed 304K, 9% free 10665K/11719K, paused 2ms+2ms
07-05 11:51:17.407  1370 10057 E DictionaryProvider:UpdateHandler: Can't read a file : android.util.MalformedJsonException: Use JsonReader.setLenient(true) to accept malformed JSON at line 1 column 20
07-05 11:51:17.454   545   548 D dalvikvm: GC_CONCURRENT freed 726K, 12% free 10375K/11719K, paused 2ms+3ms
07-05 11:51:17.517  1370  1372 D dalvikvm: GC_CONCURRENT freed 408K, 7% free 9128K/9735K, paused 2ms+4ms
07-05 11:51:17.688   545   548 D dalvikvm: GC_CONCURRENT freed 415K, 12% free 10352K/11719K, paused 2ms+3ms
07-05 11:51:17.864   156   576 D dalvikvm: GC_EXPLICIT freed 566K, 17% free 13327K/15879K, paused 3ms+6ms
07-05 11:51:17.872   545 10060 I DownloadManager: Initiating request for download 1145
07-05 11:51:17.962   545   548 D dalvikvm: GC_CONCURRENT freed 288K, 11% free 10493K/11719K, paused 2ms+3ms
07-05 11:51:18.063   545   548 D dalvikvm: GC_CONCURRENT freed 291K, 10% free 10634K/11719K, paused 2ms+3ms
07-05 11:51:18.251   545   548 D dalvikvm: GC_CONCURRENT freed 698K, 12% free 10357K/11719K, paused 1ms+2ms
07-05 11:51:18.470   545   548 D dalvikvm: GC_CONCURRENT freed 405K, 12% free 10338K/11719K, paused 2ms+3ms
07-05 11:51:18.649   545 10063 I DownloadManager: Initiating request for download 1146
07-05 11:51:18.700   545   548 D dalvikvm: GC_CONCURRENT freed 370K, 12% free 10370K/11719K, paused 2ms+4ms
07-05 11:51:18.813   545   548 D dalvikvm: GC_CONCURRENT freed 198K, 10% free 10590K/11719K, paused 2ms+3ms
07-05 11:51:18.958   545   548 D dalvikvm: GC_CONCURRENT freed 605K, 12% free 10390K/11719K, paused 2ms+3ms
07-05 11:51:19.052  1370 10065 E DictionaryProvider:UpdateHandler: Can't read a file : android.util.MalformedJsonException: Use JsonReader.setLenient(true) to accept malformed JSON at line 1 column 20
07-05 11:51:19.204   545   548 D dalvikvm: GC_CONCURRENT freed 427K, 12% free 10350K/11719K, paused 2ms+2ms
07-05 11:51:19.392   545   548 D dalvikvm: GC_CONCURRENT freed 410K, 12% free 10326K/11719K, paused 2ms+2ms
07-05 11:51:19.454   545 10068 I DownloadManager: Initiating request for download 1146
07-05 11:51:19.559   545   548 D dalvikvm: GC_CONCURRENT freed 238K, 11% free 10535K/11719K, paused 2ms+3ms
07-05 11:51:19.657   545   548 D dalvikvm: GC_CONCURRENT freed 353K, 10% free 10582K/11719K, paused 2ms+2ms
07-05 11:51:19.864   545   548 D dalvikvm: GC_CONCURRENT freed 629K, 12% free 10351K/11719K, paused 2ms+2ms
07-05 11:51:20.056   545   548 D dalvikvm: GC_CONCURRENT freed 407K, 12% free 10331K/11719K, paused 2ms+3ms
07-05 11:51:20.200   545 10071 I DownloadManager: Initiating request for download 1147
07-05 11:51:20.282   545   548 D dalvikvm: GC_CONCURRENT freed 276K, 11% free 10478K/11719K, paused 2ms+5ms
07-05 11:51:20.384   545   548 D dalvikvm: GC_CONCURRENT freed 272K, 10% free 10638K/11719K, paused 1ms+3ms
07-05 11:51:20.571   545   548 D dalvikvm: GC_CONCURRENT freed 699K, 12% free 10360K/11719K, paused 2ms+3ms
07-05 11:51:20.626  1370 10073 E DictionaryProvider:UpdateHandler: Can't read a file : android.util.MalformedJsonException: Use JsonReader.setLenient(true) to accept malformed JSON at line 1 column 20
07-05 11:51:20.817   545   548 D dalvikvm: GC_CONCURRENT freed 397K, 12% free 10351K/11719K, paused 2ms+2ms
07-05 11:51:20.974   545 10076 I DownloadManager: Initiating request for download 1147
07-05 11:51:21.017   545   548 D dalvikvm: GC_CONCURRENT freed 403K, 12% free 10372K/11719K, paused 2ms+3ms
07-05 11:51:21.138   545   548 D dalvikvm: GC_CONCURRENT freed 205K, 10% free 10597K/11719K, paused 2ms+3ms
07-05 11:51:21.278   545   548 D dalvikvm: GC_CONCURRENT freed 607K, 12% free 10396K/11719K, paused 2ms+3ms
07-05 11:51:21.493   545   548 D dalvikvm: GC_CONCURRENT freed 437K, 12% free 10346K/11719K, paused 1ms+2ms
07-05 11:51:21.681   545   548 D dalvikvm: GC_CONCURRENT freed 405K, 12% free 10329K/11719K, paused 2ms+2ms
07-05 11:51:21.755   545 10079 I DownloadManager: Initiating request for download 1148
07-05 11:51:21.856   545   548 D dalvikvm: GC_CONCURRENT freed 213K, 10% free 10563K/11719K, paused 2ms+2ms
07-05 11:51:21.970   545   548 D dalvikvm: GC_CONCURRENT freed 381K, 10% free 10588K/11719K, paused 1ms+2ms
07-05 11:51:22.118  1370 10081 E DictionaryProvider:UpdateHandler: Can't read a file : android.util.MalformedJsonException: Use JsonReader.setLenient(true) to accept malformed JSON at line 1 column 20
07-05 11:51:22.216   545   548 D dalvikvm: GC_CONCURRENT freed 628K, 12% free 10361K/11719K, paused 2ms+2ms
07-05 11:51:22.407   545   548 D dalvikvm: GC_CONCURRENT freed 415K, 12% free 10339K/11719K, paused 2ms+2ms
07-05 11:51:22.509   545 10084 I DownloadManager: Initiating request for download 1148
07-05 11:51:22.599   545   548 D dalvikvm: GC_CONCURRENT freed 291K, 11% free 10534K/11719K, paused 2ms+3ms
07-05 11:51:22.700   545   548 D dalvikvm: GC_CONCURRENT freed 287K, 9% free 10671K/11719K, paused 2ms+3ms
07-05 11:51:22.923   545   548 D dalvikvm: GC_CONCURRENT freed 738K, 12% free 10365K/11719K, paused 2ms+2ms
07-05 11:51:23.110   545   548 D dalvikvm: GC_CONCURRENT freed 413K, 12% free 10338K/11719K, paused 2ms+2ms
07-05 11:51:23.243   545 10087 I DownloadManager: Initiating request for download 1149
07-05 11:51:23.329   545   548 D dalvikvm: GC_CONCURRENT freed 304K, 11% free 10495K/11719K, paused 2ms+3ms
07-05 11:51:23.434   545   548 D dalvikvm: GC_CONCURRENT freed 290K, 9% free 10666K/11719K, paused 2ms+3ms
07-05 11:51:23.618   545   548 D dalvikvm: GC_CONCURRENT freed 697K, 12% free 10396K/11719K, paused 2ms+2ms
07-05 11:51:23.806   545   548 D dalvikvm: GC_CONCURRENT freed 410K, 12% free 10375K/11719K, paused 2ms+2ms
07-05 11:51:24.075   545   548 D dalvikvm: GC_CONCURRENT freed 365K, 12% free 10397K/11719K, paused 2ms+2ms
07-05 11:51:24.274   545   548 D dalvikvm: GC_CONCURRENT freed 431K, 12% free 10353K/11719K, paused 2ms+3ms
07-05 11:51:24.466   545   548 D dalvikvm: GC_CONCURRENT freed 405K, 12% free 10339K/11719K, paused 2ms+3ms
07-05 11:51:25.431  1370 10090 E DictionaryProvider:UpdateHandler: Can't read a file : android.util.MalformedJsonException: Use JsonReader.setLenient(true) to accept malformed JSON at line 1 column 20
07-05 11:51:25.583  1370  1372 D dalvikvm: GC_CONCURRENT freed 391K, 7% free 9125K/9735K, paused 7ms+4ms
07-05 11:51:25.770   545   548 D dalvikvm: GC_CONCURRENT freed 360K, 12% free 10369K/11719K, paused 2ms+3ms
07-05 11:51:25.966   545   548 D dalvikvm: GC_CONCURRENT freed 415K, 12% free 10346K/11719K, paused 1ms+2ms
07-05 11:51:26.181   545 10093 I DownloadManager: Initiating request for download 1150
07-05 11:51:26.239   545   548 D dalvikvm: GC_CONCURRENT freed 392K, 12% free 10361K/11719K, paused 2ms+3ms
07-05 11:51:26.356   545   548 D dalvikvm: GC_CONCURRENT freed 197K, 10% free 10598K/11719K, paused 2ms+2ms
07-05 11:51:26.485   545   548 D dalvikvm: GC_CONCURRENT freed 598K, 12% free 10400K/11719K, paused 2ms+2ms
07-05 11:51:26.602  1370 10095 E DictionaryProvider:UpdateHandler: Can't read a file : android.util.MalformedJsonException: Use JsonReader.setLenient(true) to accept malformed JSON at line 1 column 20
07-05 11:51:26.739   545   548 D dalvikvm: GC_CONCURRENT freed 427K, 12% free 10361K/11719K, paused 2ms+3ms
07-05 11:51:26.934   545   548 D dalvikvm: GC_CONCURRENT freed 414K, 12% free 10335K/11719K, paused 2ms+2ms
07-05 11:51:27.001   545 10098 I DownloadManager: Initiating request for download 1150
07-05 11:51:27.099   545   548 D dalvikvm: GC_CONCURRENT freed 227K, 11% free 10533K/11719K, paused 2ms+2ms
07-05 11:51:27.200   545   548 D dalvikvm: GC_CONCURRENT freed 263K, 9% free 10677K/11719K, paused 2ms+2ms
07-05 11:51:27.403   545   548 D dalvikvm: GC_CONCURRENT freed 751K, 12% free 10360K/11719K, paused 1ms+2ms
07-05 11:51:27.614   545   548 D dalvikvm: GC_CONCURRENT freed 400K, 12% free 10349K/11719K, paused 1ms+2ms
07-05 11:51:27.767   545 10101 I DownloadManager: Initiating request for download 1151
07-05 11:51:27.837   545   548 D dalvikvm: GC_CONCURRENT freed 279K, 11% free 10486K/11719K, paused 2ms+2ms
07-05 11:51:27.938   545   548 D dalvikvm: GC_CONCURRENT freed 263K, 10% free 10643K/11719K, paused 2ms+2ms
07-05 11:51:28.122   545   548 D dalvikvm: GC_CONCURRENT freed 663K, 12% free 10404K/11719K, paused 2ms+3ms
07-05 11:51:28.184  1370 10103 E DictionaryProvider:UpdateHandler: Can't read a file : android.util.MalformedJsonException: Use JsonReader.setLenient(true) to accept malformed JSON at line 1 column 20
07-05 11:51:28.368   545   548 D dalvikvm: GC_CONCURRENT freed 434K, 12% free 10358K/11719K, paused 2ms+2ms
07-05 11:51:28.552   545   548 D dalvikvm: GC_CONCURRENT freed 408K, 12% free 10335K/11719K, paused 2ms+3ms
07-05 11:51:28.571   545 10106 I DownloadManager: Initiating request for download 1151
07-05 11:51:28.669   545   548 D dalvikvm: GC_CONCURRENT freed 172K, 10% free 10590K/11719K, paused 2ms+3ms
07-05 11:51:28.794   545   548 D dalvikvm: GC_CONCURRENT freed 586K, 12% free 10406K/11719K, paused 2ms+2ms
07-05 11:51:28.958   156   204 I ActivityManager: Start proc com.google.android.apps.maps for service com.google.android.apps.maps/com.google.googlenav.prefetch.android.PrefetcherService: pid=10110 uid=10027 gids={3003, 1015}
07-05 11:51:29.079 10110 10112 D dalvikvm: GC_CONCURRENT freed 161K, 3% free 9375K/9607K, paused 2ms+2ms
07-05 11:51:29.188 10110 10110 I ActivityThread: Pub com.google.android.maps.LayerInfoProvider: com.google.googlenav.layer.LayerInfoProvider
07-05 11:51:29.239 10110 10110 I ActivityThread: Pub com.google.android.maps.TrafficAppWidgetProvider: com.google.googlenav.appwidget.traffic.TrafficAppWidgetProvider
07-05 11:51:29.239 10110 10110 I ActivityThread: Pub com.google.android.maps.SuggestionProvider: com.google.googlenav.suggest.android.SuggestProvider
07-05 11:51:29.263   545   548 D dalvikvm: GC_CONCURRENT freed 433K, 12% free 10362K/11719K, paused 3ms+14ms
07-05 11:51:29.270 10110 10110 I ActivityThread: Pub com.google.android.maps.LocalActivePlacesProvider: com.google.googlenav.provider.LocalActivePlacesProvider
07-05 11:51:29.274 10110 10112 D dalvikvm: GC_CONCURRENT freed 206K, 3% free 9641K/9927K, paused 1ms+2ms
07-05 11:51:29.274 10110 10110 I ActivityThread: Pub com.google.android.maps.StarredItemProvider: com.google.googlenav.provider.StarredItemProvider
07-05 11:51:29.403 10110 10112 D dalvikvm: GC_CONCURRENT freed 286K, 4% free 9890K/10247K, paused 2ms+3ms
07-05 11:51:29.450 10110 10110 I ActivityThread: Pub com.google.android.maps.LocalSuggestionProvider: com.google.googlenav.provider.LocalSuggestionProvider
07-05 11:51:29.450 10110 10110 I ActivityThread: Pub com.google.android.maps.SearchHistoryProvider: com.google.googlenav.provider.SearchHistoryProvider
07-05 11:51:29.450 10110 10110 I ActivityThread: Pub com.google.android.maps.NavigationAvailabilityProvider: com.google.googlenav.provider.NavigationAvailabilityProvider
07-05 11:51:29.575 10110 10112 D dalvikvm: GC_CONCURRENT freed 327K, 4% free 10104K/10503K, paused 2ms+2ms
07-05 11:51:29.739   545   548 D dalvikvm: GC_CONCURRENT freed 410K, 12% free 10340K/11719K, paused 2ms+3ms
07-05 11:51:29.845   545 10134 I DownloadManager: Initiating request for download 1152
07-05 11:51:29.938   545   548 D dalvikvm: GC_CONCURRENT freed 260K, 10% free 10548K/11719K, paused 2ms+3ms
07-05 11:51:30.048   545   548 D dalvikvm: GC_CONCURRENT freed 348K, 10% free 10603K/11719K, paused 2ms+2ms
07-05 11:51:30.212  1370 10136 E DictionaryProvider:UpdateHandler: Can't read a file : android.util.MalformedJsonException: Use JsonReader.setLenient(true) to accept malformed JSON at line 1 column 20
07-05 11:51:30.298   545   548 D dalvikvm: GC_CONCURRENT freed 630K, 12% free 10377K/11719K, paused 2ms+2ms
07-05 11:51:30.489   545   548 D dalvikvm: GC_CONCURRENT freed 415K, 12% free 10352K/11719K, paused 2ms+2ms
07-05 11:51:30.622   545 10139 I DownloadManager: Initiating request for download 1152
07-05 11:51:30.700   545   548 D dalvikvm: GC_CONCURRENT freed 324K, 11% free 10506K/11719K, paused 1ms+3ms
07-05 11:51:30.802   545   548 D dalvikvm: GC_CONCURRENT freed 275K, 10% free 10658K/11719K, paused 1ms+3ms
07-05 11:51:30.989   545   548 D dalvikvm: GC_CONCURRENT freed 709K, 12% free 10375K/11719K, paused 2ms+3ms
07-05 11:51:31.196   545   548 D dalvikvm: GC_CONCURRENT freed 407K, 12% free 10355K/11719K, paused 2ms+2ms
07-05 11:51:31.388   545 10142 I DownloadManager: Initiating request for download 1153
07-05 11:51:31.446   545   548 D dalvikvm: GC_CONCURRENT freed 375K, 12% free 10382K/11719K, paused 2ms+4ms
07-05 11:51:31.575   545   548 D dalvikvm: GC_CONCURRENT freed 201K, 10% free 10611K/11719K, paused 3ms+2ms
07-05 11:51:31.724   156   576 D dalvikvm: GC_EXPLICIT freed 698K, 16% free 13379K/15879K, paused 2ms+6ms
07-05 11:51:31.778   545   548 D dalvikvm: GC_CONCURRENT freed 608K, 12% free 10414K/11719K, paused 1ms+3ms
07-05 11:51:31.876  1370 10144 E DictionaryProvider:UpdateHandler: Can't read a file : android.util.MalformedJsonException: Use JsonReader.setLenient(true) to accept malformed JSON at line 1 column 20
07-05 11:51:32.028   545   548 D dalvikvm: GC_CONCURRENT freed 446K, 12% free 10355K/11719K, paused 1ms+2ms
07-05 11:51:32.212   545   548 D dalvikvm: GC_CONCURRENT freed 411K, 12% free 10334K/11719K, paused 2ms+2ms
07-05 11:51:32.286   545 10147 I DownloadManager: Initiating request for download 1153
07-05 11:51:32.384   545   548 D dalvikvm: GC_CONCURRENT freed 230K, 11% free 10538K/11719K, paused 2ms+3ms
07-05 11:51:32.489   545   548 D dalvikvm: GC_CONCURRENT freed 344K, 10% free 10592K/11719K, paused 1ms+4ms
07-05 11:51:32.665  1370  1372 D dalvikvm: GC_CONCURRENT freed 390K, 7% free 9126K/9735K, paused 1ms+2ms
07-05 11:51:32.735   545   548 D dalvikvm: GC_CONCURRENT freed 634K, 12% free 10359K/11719K, paused 2ms+2ms
07-05 11:51:32.927   545   548 D dalvikvm: GC_CONCURRENT freed 409K, 12% free 10339K/11719K, paused 2ms+4ms
07-05 11:51:33.067   545 10150 I DownloadManager: Initiating request for download 1154
07-05 11:51:33.138   545   548 D dalvikvm: GC_CONCURRENT freed 303K, 11% free 10466K/11719K, paused 2ms+4ms
07-05 11:51:33.239   545   548 D dalvikvm: GC_CONCURRENT freed 258K, 10% free 10637K/11719K, paused 2ms+3ms
07-05 11:51:33.415   545   548 D dalvikvm: GC_CONCURRENT freed 670K, 12% free 10387K/11719K, paused 2ms+3ms
07-05 11:51:33.474  1370 10152 E DictionaryProvider:UpdateHandler: Can't read a file : android.util.MalformedJsonException: Use JsonReader.setLenient(true) to accept malformed JSON at line 1 column 20
07-05 11:51:33.669   545   548 D dalvikvm: GC_CONCURRENT freed 418K, 12% free 10355K/11719K, paused 2ms+3ms
07-05 11:51:33.856   545   548 D dalvikvm: GC_CONCURRENT freed 411K, 12% free 10331K/11719K, paused 2ms+2ms
07-05 11:51:33.884   545 10155 I DownloadManager: Initiating request for download 1154
07-05 11:51:33.981   545   548 D dalvikvm: GC_CONCURRENT freed 178K, 10% free 10576K/11719K, paused 2ms+3ms
07-05 11:51:34.110   545   548 D dalvikvm: GC_CONCURRENT freed 387K, 10% free 10595K/11719K, paused 1ms+2ms
07-05 11:51:34.341   545   548 D dalvikvm: GC_CONCURRENT freed 642K, 12% free 10355K/11719K, paused 2ms+2ms
07-05 11:51:34.540   545   548 D dalvikvm: GC_CONCURRENT freed 405K, 12% free 10338K/11719K, paused 2ms+2ms
07-05 11:51:34.657   545 10158 I DownloadManager: Initiating request for download 1155
07-05 11:51:34.763   545   548 D dalvikvm: GC_CONCURRENT freed 247K, 10% free 10574K/11719K, paused 3ms+2ms
07-05 11:51:34.872   545   548 D dalvikvm: GC_CONCURRENT freed 377K, 10% free 10614K/11719K, paused 2ms+2ms
07-05 11:51:35.036  1370 10160 E DictionaryProvider:UpdateHandler: Can't read a file : android.util.MalformedJsonException: Use JsonReader.setLenient(true) to accept malformed JSON at line 1 column 20
07-05 11:51:35.126   545   548 D dalvikvm: GC_CONCURRENT freed 645K, 12% free 10379K/11719K, paused 2ms+2ms
07-05 11:51:35.313   545   548 D dalvikvm: GC_CONCURRENT freed 417K, 12% free 10351K/11719K, paused 2ms+2ms
07-05 11:51:35.431   545 10163 I DownloadManager: Initiating request for download 1155
07-05 11:51:35.489   545   548 D dalvikvm: GC_CONCURRENT freed 320K, 12% free 10416K/11719K, paused 2ms+4ms
07-05 11:51:35.595   545   548 D dalvikvm: GC_CONCURRENT freed 230K, 9% free 10674K/11719K, paused 2ms+3ms
07-05 11:51:35.774   545   548 D dalvikvm: GC_CONCURRENT freed 691K, 12% free 10411K/11719K, paused 2ms+3ms
07-05 11:51:35.970   545   548 D dalvikvm: GC_CONCURRENT freed 406K, 12% free 10393K/11719K, paused 2ms+2ms
07-05 11:51:37.657   545   548 D dalvikvm: GC_CONCURRENT freed 428K, 12% free 10355K/11719K, paused 2ms+2ms
07-05 11:51:37.657   545 10165 I DownloadManager: Initiating request for download 1156
07-05 11:51:37.802   545   548 D dalvikvm: GC_CONCURRENT freed 186K, 10% free 10600K/11719K, paused 1ms+3ms
07-05 11:51:37.931   545   548 D dalvikvm: GC_CONCURRENT freed 601K, 12% free 10416K/11719K, paused 2ms+3ms
07-05 11:51:38.138   545   548 D dalvikvm: GC_CONCURRENT freed 401K, 12% free 10403K/11719K, paused 2ms+3ms
07-05 11:51:38.337   545   548 D dalvikvm: GC_CONCURRENT freed 402K, 12% free 10386K/11719K, paused 2ms+2ms
07-05 11:51:38.399  1370 10168 E DictionaryProvider:UpdateHandler: Can't read a file : android.util.MalformedJsonException: Use JsonReader.setLenient(true) to accept malformed JSON at line 1 column 20
07-05 11:51:38.477   545 10170 I DownloadManager: Initiating request for download 1156
07-05 11:51:38.567   545   548 D dalvikvm: GC_CONCURRENT freed 279K, 10% free 10562K/11719K, paused 2ms+3ms
07-05 11:51:38.673   545   548 D dalvikvm: GC_CONCURRENT freed 300K, 9% free 10703K/11719K, paused 2ms+3ms
07-05 11:51:38.899   545   548 D dalvikvm: GC_CONCURRENT freed 767K, 12% free 10377K/11719K, paused 2ms+3ms
07-05 11:51:39.091   545   548 D dalvikvm: GC_CONCURRENT freed 411K, 12% free 10359K/11719K, paused 2ms+3ms
07-05 11:51:39.231   545 10174 I DownloadManager: Initiating request for download 1157
07-05 11:51:39.290   545 10089 D dalvikvm: GC_EXPLICIT freed 331K, 11% free 10539K/11719K, paused 2ms+5ms
07-05 11:51:39.376   545   548 D dalvikvm: GC_CONCURRENT freed 270K, 9% free 10701K/11719K, paused 2ms+2ms
07-05 11:51:39.556  1370 10176 E DictionaryProvider:UpdateHandler: Can't read a file : android.util.MalformedJsonException: Use JsonReader.setLenient(true) to accept malformed JSON at line 1 column 20
07-05 11:51:39.657  1370  1372 D dalvikvm: GC_CONCURRENT freed 386K, 7% free 9123K/9735K, paused 1ms+4ms
07-05 11:51:39.673   156   512 I ActivityManager: No longer want com.google.android.partnersetup (pid 1292): hidden #16
07-05 11:51:39.692   545   548 D dalvikvm: GC_CONCURRENT freed 754K, 12% free 10385K/11719K, paused 2ms+7ms
07-05 11:51:39.876   545   548 D dalvikvm: GC_CONCURRENT freed 415K, 12% free 10357K/11719K, paused 2ms+2ms
07-05 11:51:39.997   545 10180 I DownloadManager: Initiating request for download 1157
07-05 11:51:40.059   545   548 D dalvikvm: GC_CONCURRENT freed 325K, 12% free 10422K/11719K, paused 2ms+3ms
07-05 11:51:40.165   545   548 D dalvikvm: GC_CONCURRENT freed 218K, 10% free 10633K/11719K, paused 2ms+2ms
07-05 11:51:40.321   545   548 D dalvikvm: GC_CONCURRENT freed 635K, 12% free 10415K/11719K, paused 2ms+2ms
07-05 11:51:40.532   545   548 D dalvikvm: GC_CONCURRENT freed 437K, 12% free 10367K/11719K, paused 2ms+3ms
07-05 11:51:40.724   545   548 D dalvikvm: GC_CONCURRENT freed 404K, 12% free 10350K/11719K, paused 2ms+2ms
07-05 11:51:40.806   545 10183 I DownloadManager: Initiating request for download 1158
07-05 11:51:40.907   545   548 D dalvikvm: GC_CONCURRENT freed 200K, 10% free 10577K/11719K, paused 2ms+2ms
07-05 11:51:41.020   545   548 D dalvikvm: GC_CONCURRENT freed 379K, 10% free 10614K/11719K, paused 2ms+2ms
07-05 11:51:41.173  1370 10185 E DictionaryProvider:UpdateHandler: Can't read a file : android.util.MalformedJsonException: Use JsonReader.setLenient(true) to accept malformed JSON at line 1 column 20
07-05 11:51:41.243  1370  6706 D dalvikvm: GC_EXPLICIT freed 130K, 7% free 9095K/9735K, paused 2ms+2ms
07-05 11:51:41.306   545   548 D dalvikvm: GC_CONCURRENT freed 639K, 12% free 10381K/11719K, paused 2ms+2ms
07-05 11:51:41.493   545   548 D dalvikvm: GC_CONCURRENT freed 412K, 12% free 10358K/11719K, paused 2ms+2ms
07-05 11:51:41.599   545 10188 I DownloadManager: Initiating request for download 1158
07-05 11:51:41.688   545   548 D dalvikvm: GC_CONCURRENT freed 277K, 10% free 10565K/11719K, paused 2ms+3ms
07-05 11:51:41.790   545   548 D dalvikvm: GC_CONCURRENT freed 305K, 9% free 10679K/11719K, paused 2ms+3ms
07-05 11:51:41.997   545   548 D dalvikvm: GC_CONCURRENT freed 727K, 12% free 10384K/11719K, paused 2ms+2ms
07-05 11:51:42.188   545   548 D dalvikvm: GC_CONCURRENT freed 409K, 12% free 10362K/11719K, paused 2ms+2ms
07-05 11:51:42.341   545 10191 I DownloadManager: Initiating request for download 1159
07-05 11:51:42.403   545   548 D dalvikvm: GC_CONCURRENT freed 347K, 12% free 10428K/11719K, paused 2ms+4ms
07-05 11:51:42.517   545   548 D dalvikvm: GC_CONCURRENT freed 215K, 9% free 10684K/11719K, paused 2ms+2ms
07-05 11:51:42.684   545   548 D dalvikvm: GC_CONCURRENT freed 695K, 12% free 10418K/11719K, paused 2ms+2ms
07-05 11:51:42.767  1370 10193 E DictionaryProvider:UpdateHandler: Can't read a file : android.util.MalformedJsonException: Use JsonReader.setLenient(true) to accept malformed JSON at line 1 column 20
07-05 11:51:42.938   545   548 D dalvikvm: GC_CONCURRENT freed 429K, 12% free 10377K/11719K, paused 2ms+3ms
07-05 11:51:43.142   545   548 D dalvikvm: GC_CONCURRENT freed 411K, 12% free 10353K/11719K, paused 2ms+2ms
07-05 11:51:43.181   545 10196 I DownloadManager: Initiating request for download 1159
07-05 11:51:43.294   545   548 D dalvikvm: GC_CONCURRENT freed 191K, 10% free 10588K/11719K, paused 2ms+3ms
07-05 11:51:43.399   545   548 D dalvikvm: GC_CONCURRENT freed 379K, 10% free 10618K/11719K, paused 2ms+2ms
07-05 11:51:43.622   545   548 D dalvikvm: GC_CONCURRENT freed 649K, 12% free 10378K/11719K, paused 3ms+2ms
07-05 11:51:43.802   545   548 D dalvikvm: GC_CONCURRENT freed 409K, 12% free 10358K/11719K, paused 1ms+2ms
07-05 11:51:43.931   545 10199 I DownloadManager: Initiating request for download 1160
07-05 11:51:44.024   545   548 D dalvikvm: GC_CONCURRENT freed 268K, 10% free 10559K/11719K, paused 2ms+3ms
07-05 11:51:44.126   545   548 D dalvikvm: GC_CONCURRENT freed 292K, 9% free 10703K/11719K, paused 2ms+2ms
07-05 11:51:44.333   545   548 D dalvikvm: GC_CONCURRENT freed 756K, 12% free 10386K/11719K, paused 1ms+3ms
07-05 11:51:44.395  1370 10201 E DictionaryProvider:UpdateHandler: Can't read a file : android.util.MalformedJsonException: Use JsonReader.setLenient(true) to accept malformed JSON at line 1 column 20
07-05 11:51:44.575   545   548 D dalvikvm: GC_CONCURRENT freed 399K, 12% free 10376K/11719K, paused 2ms+3ms
07-05 11:51:44.708   545 10204 I DownloadManager: Initiating request for download 1160
07-05 11:51:44.778   545   548 D dalvikvm: GC_CONCURRENT freed 340K, 12% free 10430K/11719K, paused 2ms+2ms
07-05 11:51:44.880   545   548 D dalvikvm: GC_CONCURRENT freed 211K, 10% free 10638K/11719K, paused 2ms+2ms
07-05 11:51:45.024   545   548 D dalvikvm: GC_CONCURRENT freed 629K, 12% free 10428K/11719K, paused 2ms+2ms
07-05 11:51:45.239   545   548 D dalvikvm: GC_CONCURRENT freed 438K, 12% free 10383K/11719K, paused 2ms+2ms
07-05 11:51:45.419   545   548 D dalvikvm: GC_CONCURRENT freed 410K, 12% free 10362K/11719K, paused 1ms+2ms
07-05 11:51:45.497   545 10207 I DownloadManager: Initiating request for download 1161
07-05 11:51:45.610   545   548 D dalvikvm: GC_CONCURRENT freed 219K, 10% free 10584K/11719K, paused 2ms+3ms
07-05 11:51:45.720   545   548 D dalvikvm: GC_CONCURRENT freed 373K, 10% free 10628K/11719K, paused 2ms+2ms
07-05 11:51:45.880  1370 10209 E DictionaryProvider:UpdateHandler: Can't read a file : android.util.MalformedJsonException: Use JsonReader.setLenient(true) to accept malformed JSON at line 1 column 20
07-05 11:51:45.974   545   548 D dalvikvm: GC_CONCURRENT freed 645K, 12% free 10396K/11719K, paused 2ms+3ms
07-05 11:51:46.169   545   548 D dalvikvm: GC_CONCURRENT freed 416K, 12% free 10366K/11719K, paused 2ms+3ms
07-05 11:51:46.352   156   530 D dalvikvm: GC_EXPLICIT freed 659K, 17% free 13329K/15879K, paused 3ms+6ms
07-05 11:51:46.360   545 10212 I DownloadManager: Initiating request for download 1161
07-05 11:51:46.446   545   548 D dalvikvm: GC_CONCURRENT freed 286K, 11% free 10522K/11719K, paused 2ms+3ms
07-05 11:51:46.548   545   548 D dalvikvm: GC_CONCURRENT freed 286K, 9% free 10667K/11719K, paused 2ms+2ms
07-05 11:51:46.739   545   548 D dalvikvm: GC_CONCURRENT freed 713K, 12% free 10378K/11719K, paused 2ms+3ms
07-05 11:51:46.931   545   548 D dalvikvm: GC_CONCURRENT freed 409K, 12% free 10356K/11719K, paused 2ms+2ms
07-05 11:51:47.130   545 10215 I DownloadManager: Initiating request for download 1162
07-05 11:51:47.153   545   548 D dalvikvm: GC_CONCURRENT freed 395K, 12% free 10362K/11719K, paused 2ms+4ms
07-05 11:51:47.274   545   548 D dalvikvm: GC_CONCURRENT freed 176K, 10% free 10600K/11719K, paused 2ms+2ms
07-05 11:51:47.384   545   548 D dalvikvm: GC_CONCURRENT freed 597K, 12% free 10416K/11719K, paused 1ms+2ms
07-05 11:51:47.532  1370 10217 E DictionaryProvider:UpdateHandler: Can't read a file : android.util.MalformedJsonException: Use JsonReader.setLenient(true) to accept malformed JSON at line 1 column 20
07-05 11:51:47.630  1370  1372 D dalvikvm: GC_CONCURRENT freed 335K, 7% free 9151K/9735K, paused 1ms+2ms
07-05 11:51:47.653   545   548 D dalvikvm: GC_CONCURRENT freed 430K, 12% free 10377K/11719K, paused 2ms+2ms
07-05 11:51:47.852   545   548 D dalvikvm: GC_CONCURRENT freed 411K, 12% free 10352K/11719K, paused 2ms+4ms
07-05 11:51:47.942   545 10220 I DownloadManager: Initiating request for download 1162
07-05 11:51:48.036   545   548 D dalvikvm: GC_CONCURRENT freed 256K, 10% free 10552K/11719K, paused 2ms+2ms
07-05 11:51:48.142   545   548 D dalvikvm: GC_CONCURRENT freed 291K, 9% free 10711K/11719K, paused 2ms+3ms
07-05 11:51:48.372   545   548 D dalvikvm: GC_CONCURRENT freed 780K, 12% free 10375K/11719K, paused 1ms+3ms
07-05 11:51:48.563   545   548 D dalvikvm: GC_CONCURRENT freed 408K, 12% free 10362K/11719K, paused 2ms+2ms
07-05 11:51:48.696   545 10223 I DownloadManager: Initiating request for download 1163
07-05 11:51:48.778   545   548 D dalvikvm: GC_CONCURRENT freed 287K, 11% free 10505K/11719K, paused 2ms+3ms
07-05 11:51:48.880   545   548 D dalvikvm: GC_CONCURRENT freed 269K, 10% free 10662K/11719K, paused 2ms+3ms
07-05 11:51:49.063   545   548 D dalvikvm: GC_CONCURRENT freed 708K, 12% free 10384K/11719K, paused 2ms+3ms
07-05 11:51:49.126  1370 10225 E DictionaryProvider:UpdateHandler: Can't read a file : android.util.MalformedJsonException: Use JsonReader.setLenient(true) to accept malformed JSON at line 1 column 20
07-05 11:51:49.309   545   548 D dalvikvm: GC_CONCURRENT freed 399K, 12% free 10372K/11719K, paused 1ms+3ms
07-05 11:51:49.501   545   548 D dalvikvm: GC_CONCURRENT freed 411K, 12% free 10353K/11719K, paused 2ms+2ms
07-05 11:51:49.524   545 10228 I DownloadManager: Initiating request for download 1163
07-05 11:51:49.638   545   548 D dalvikvm: GC_CONCURRENT freed 182K, 10% free 10598K/11719K, paused 2ms+3ms
07-05 11:51:49.763   545   548 D dalvikvm: GC_CONCURRENT freed 395K, 10% free 10617K/11719K, paused 2ms+2ms
07-05 11:51:49.989   545   548 D dalvikvm: GC_CONCURRENT freed 655K, 12% free 10372K/11719K, paused 2ms+2ms
07-05 11:51:50.184   545   548 D dalvikvm: GC_CONCURRENT freed 409K, 12% free 10352K/11719K, paused 1ms+3ms
07-05 11:51:50.298   545 10231 I DownloadManager: Initiating request for download 1164
07-05 11:51:50.384   545   548 D dalvikvm: GC_CONCURRENT freed 239K, 11% free 10532K/11719K, paused 2ms+2ms
07-05 11:51:50.485   545   548 D dalvikvm: GC_CONCURRENT freed 265K, 9% free 10686K/11719K, paused 2ms+3ms
07-05 11:51:50.700  1370 10233 E DictionaryProvider:UpdateHandler: Can't read a file : android.util.MalformedJsonException: Use JsonReader.setLenient(true) to accept malformed JSON at line 1 column 20
07-05 11:51:50.720   545   548 D dalvikvm: GC_CONCURRENT freed 737K, 12% free 10403K/11719K, paused 2ms+2ms
07-05 11:51:50.927   545   548 D dalvikvm: GC_CONCURRENT freed 423K, 12% free 10373K/11719K, paused 2ms+4ms
07-05 11:51:51.067   545 10236 I DownloadManager: Initiating request for download 1164
07-05 11:51:51.130   545   548 D dalvikvm: GC_CONCURRENT freed 364K, 12% free 10424K/11719K, paused 1ms+3ms
07-05 11:51:51.235   545   548 D dalvikvm: GC_CONCURRENT freed 227K, 10% free 10643K/11719K, paused 2ms+2ms
07-05 11:51:51.392   545   548 D dalvikvm: GC_CONCURRENT freed 645K, 12% free 10422K/11719K, paused 2ms+2ms
07-05 11:51:51.618   545   548 D dalvikvm: GC_CONCURRENT freed 436K, 12% free 10374K/11719K, paused 1ms+3ms
07-05 11:51:51.821   545   548 D dalvikvm: GC_CONCURRENT freed 407K, 12% free 10355K/11719K, paused 1ms+3ms
07-05 11:51:51.895   545 10239 I DownloadManager: Initiating request for download 1165
07-05 11:51:51.997   545   548 D dalvikvm: GC_CONCURRENT freed 203K, 10% free 10582K/11719K, paused 2ms+2ms
07-05 11:51:52.114   545   548 D dalvikvm: GC_CONCURRENT freed 365K, 10% free 10623K/11719K, paused 1ms+2ms
07-05 11:51:52.270  1370 10241 E DictionaryProvider:UpdateHandler: Can't read a file : android.util.MalformedJsonException: Use JsonReader.setLenient(true) to accept malformed JSON at line 1 column 20
07-05 11:51:52.364   545   548 D dalvikvm: GC_CONCURRENT freed 642K, 12% free 10392K/11719K, paused 2ms+2ms
07-05 11:51:52.552   545   548 D dalvikvm: GC_CONCURRENT freed 410K, 12% free 10366K/11719K, paused 2ms+2ms
07-05 11:51:52.665   545 10243 I DownloadManager: Initiating request for download 1165
07-05 11:51:52.727   545   548 D dalvikvm: GC_CONCURRENT freed 301K, 11% free 10468K/11719K, paused 1ms+3ms
07-05 11:51:52.817   545   548 D dalvikvm: GC_CONCURRENT freed 217K, 10% free 10641K/11719K, paused 2ms+3ms
07-05 11:51:53.446   545   548 D dalvikvm: GC_CONCURRENT freed 641K, 12% free 10424K/11719K, paused 2ms+3ms
07-05 11:51:53.669   545   548 D dalvikvm: GC_CONCURRENT freed 436K, 12% free 10377K/11719K, paused 1ms+2ms
07-05 11:51:53.864   545   548 D dalvikvm: GC_CONCURRENT freed 407K, 12% free 10357K/11719K, paused 2ms+2ms
07-05 11:51:53.985   545 10247 I DownloadManager: Initiating request for download 1166
07-05 11:51:54.102   545   548 D dalvikvm: GC_CONCURRENT freed 210K, 10% free 10573K/11719K, paused 3ms+3ms
07-05 11:51:54.212   545   548 D dalvikvm: GC_CONCURRENT freed 357K, 10% free 10623K/11719K, paused 1ms+2ms
07-05 11:51:54.399  1370 10249 E DictionaryProvider:UpdateHandler: Can't read a file : android.util.MalformedJsonException: Use JsonReader.setLenient(true) to accept malformed JSON at line 1 column 20
07-05 11:51:54.489   465   467 D dalvikvm: GC_CONCURRENT freed 432K, 5% free 10528K/11079K, paused 1ms+2ms
07-05 11:51:54.493   545   548 D dalvikvm: GC_CONCURRENT freed 648K, 12% free 10396K/11719K, paused 2ms+5ms
07-05 11:51:54.520  1370  1372 D dalvikvm: GC_CONCURRENT freed 387K, 7% free 9151K/9735K, paused 1ms+2ms
07-05 11:51:54.712   545   548 D dalvikvm: GC_CONCURRENT freed 414K, 12% free 10372K/11719K, paused 1ms+2ms
07-05 11:51:54.825   545 10252 I DownloadManager: Initiating request for download 1166
07-05 11:51:54.903   545   548 D dalvikvm: GC_CONCURRENT freed 317K, 11% free 10477K/11719K, paused 1ms+3ms
07-05 11:51:55.005   545   548 D dalvikvm: GC_CONCURRENT freed 253K, 9% free 10666K/11719K, paused 2ms+3ms
07-05 11:51:55.161   545   548 D dalvikvm: GC_CONCURRENT freed 676K, 12% free 10424K/11719K, paused 2ms+2ms
07-05 11:51:55.372   545   548 D dalvikvm: GC_CONCURRENT freed 434K, 12% free 10375K/11719K, paused 2ms+2ms
07-05 11:51:55.552   545   548 D dalvikvm: GC_CONCURRENT freed 403K, 12% free 10362K/11719K, paused 2ms+2ms
07-05 11:51:55.602   545 10255 I DownloadManager: Initiating request for download 1167
07-05 11:51:55.712   545   548 D dalvikvm: GC_CONCURRENT freed 187K, 10% free 10616K/11719K, paused 2ms+3ms
07-05 11:51:55.833   545   548 D dalvikvm: GC_CONCURRENT freed 406K, 10% free 10631K/11719K, paused 2ms+2ms
07-05 11:51:55.974  1370 10257 E DictionaryProvider:UpdateHandler: Can't read a file : android.util.MalformedJsonException: Use JsonReader.setLenient(true) to accept malformed JSON at line 1 column 20
07-05 11:51:56.099   545   548 D dalvikvm: GC_CONCURRENT freed 655K, 12% free 10393K/11719K, paused 1ms+2ms
07-05 11:51:56.290   545   548 D dalvikvm: GC_CONCURRENT freed 416K, 12% free 10364K/11719K, paused 2ms+3ms
07-05 11:51:56.380   545 10260 I DownloadManager: Initiating request for download 1167
07-05 11:51:56.462   545   548 D dalvikvm: GC_CONCURRENT freed 247K, 11% free 10537K/11719K, paused 2ms+3ms
07-05 11:51:56.563   545   548 D dalvikvm: GC_CONCURRENT freed 272K, 9% free 10696K/11719K, paused 2ms+2ms
07-05 11:51:56.763   545   548 D dalvikvm: GC_CONCURRENT freed 743K, 12% free 10391K/11719K, paused 2ms+7ms
07-05 11:51:56.938   545   548 D dalvikvm: GC_CONCURRENT freed 407K, 12% free 10372K/11719K, paused 2ms+2ms
07-05 11:51:57.095   545 10263 I DownloadManager: Initiating request for download 1168
07-05 11:51:57.153   545   548 D dalvikvm: GC_CONCURRENT freed 363K, 12% free 10410K/11719K, paused 2ms+3ms
07-05 11:51:57.274   545   548 D dalvikvm: GC_CONCURRENT freed 198K, 10% free 10659K/11719K, paused 1ms+2ms
07-05 11:51:57.419   545   548 D dalvikvm: GC_CONCURRENT freed 651K, 11% free 10431K/11719K, paused 2ms+2ms
07-05 11:51:57.517  1370 10265 E DictionaryProvider:UpdateHandler: Can't read a file : android.util.MalformedJsonException: Use JsonReader.setLenient(true) to accept malformed JSON at line 1 column 20
07-05 11:51:57.669   545   548 D dalvikvm: GC_CONCURRENT freed 429K, 12% free 10389K/11719K, paused 1ms+3ms
07-05 11:51:57.864   545   548 D dalvikvm: GC_CONCURRENT freed 409K, 12% free 10367K/11719K, paused 2ms+2ms
07-05 11:51:57.931   545 10268 I DownloadManager: Initiating request for download 1168
07-05 11:51:58.017   545   548 D dalvikvm: GC_CONCURRENT freed 225K, 10% free 10591K/11719K, paused 2ms+3ms
07-05 11:51:58.134   545   548 D dalvikvm: GC_CONCURRENT freed 373K, 10% free 10641K/11719K, paused 1ms+2ms
07-05 11:51:58.356   545   548 D dalvikvm: GC_CONCURRENT freed 669K, 12% free 10391K/11719K, paused 2ms+2ms
07-05 11:51:58.563   545   548 D dalvikvm: GC_CONCURRENT freed 407K, 12% free 10374K/11719K, paused 2ms+4ms
07-05 11:51:58.696   545 10271 I DownloadManager: Initiating request for download 1169
07-05 11:51:58.778   545   548 D dalvikvm: GC_CONCURRENT freed 300K, 10% free 10552K/11719K, paused 2ms+3ms
07-05 11:51:58.880   545   548 D dalvikvm: GC_CONCURRENT freed 288K, 9% free 10694K/11719K, paused 2ms+2ms
07-05 11:51:59.063   545   548 D dalvikvm: GC_CONCURRENT freed 702K, 12% free 10429K/11719K, paused 2ms+2ms
07-05 11:51:59.130  1370 10273 E DictionaryProvider:UpdateHandler: Can't read a file : android.util.MalformedJsonException: Use JsonReader.setLenient(true) to accept malformed JSON at line 1 column 20
07-05 11:51:59.294   545   548 D dalvikvm: GC_CONCURRENT freed 427K, 12% free 10390K/11719K, paused 2ms+3ms
07-05 11:51:59.462   545 10276 I DownloadManager: Initiating request for download 1169
07-05 11:51:59.497   545   548 D dalvikvm: GC_CONCURRENT freed 421K, 12% free 10397K/11719K, paused 2ms+3ms
07-05 11:51:59.618   545   548 D dalvikvm: GC_CONCURRENT freed 194K, 10% free 10640K/11719K, paused 2ms+2ms
07-05 11:51:59.751   545   548 D dalvikvm: GC_CONCURRENT freed 619K, 11% free 10434K/11719K, paused 2ms+2ms
07-05 11:51:59.970   545   548 D dalvikvm: GC_CONCURRENT freed 434K, 12% free 10388K/11719K, paused 1ms+3ms
07-05 11:52:00.192   545   548 D dalvikvm: GC_CONCURRENT freed 404K, 12% free 10373K/11719K, paused 2ms+3ms
07-05 11:52:00.360   156   403 D dalvikvm: GC_EXPLICIT freed 552K, 17% free 13327K/15879K, paused 2ms+6ms
07-05 11:52:00.364   545 10279 I DownloadManager: Initiating request for download 1170
07-05 11:52:00.481   545   548 D dalvikvm: GC_CONCURRENT freed 234K, 10% free 10565K/11719K, paused 2ms+3ms
07-05 11:52:00.575   545   548 D dalvikvm: GC_CONCURRENT freed 310K, 9% free 10692K/11719K, paused 2ms+3ms
07-05 11:52:00.790   545   548 D dalvikvm: GC_CONCURRENT freed 745K, 12% free 10387K/11719K, paused 2ms+3ms
07-05 11:52:00.852   545  9639 D dalvikvm: GC_EXPLICIT freed 9K, 12% free 10381K/11719K, paused 2ms+4ms
07-05 11:52:00.868  1370 10281 E DictionaryProvider:UpdateHandler: Can't read a file : android.util.MalformedJsonException: Use JsonReader.setLenient(true) to accept malformed JSON at line 1 column 20
07-05 11:52:00.950  1370  1372 D dalvikvm: GC_CONCURRENT freed 412K, 7% free 9127K/9735K, paused 2ms+3ms
07-05 11:52:01.095   545   548 D dalvikvm: GC_CONCURRENT freed 401K, 12% free 10367K/11719K, paused 2ms+2ms
07-05 11:52:01.216   545 10284 I DownloadManager: Initiating request for download 1170
07-05 11:52:01.282   545   548 D dalvikvm: GC_CONCURRENT freed 331K, 12% free 10428K/11719K, paused 2ms+2ms
07-05 11:52:01.388   545   548 D dalvikvm: GC_CONCURRENT freed 232K, 10% free 10651K/11719K, paused 2ms+3ms
07-05 11:52:01.536   545   548 D dalvikvm: GC_CONCURRENT freed 653K, 12% free 10423K/11719K, paused 2ms+2ms
07-05 11:52:01.751   545   548 D dalvikvm: GC_CONCURRENT freed 440K, 12% free 10374K/11719K, paused 2ms+2ms
07-05 11:52:01.950   545   548 D dalvikvm: GC_CONCURRENT freed 406K, 12% free 10354K/11719K, paused 2ms+2ms
07-05 11:52:02.028   545 10287 I DownloadManager: Initiating request for download 1171
07-05 11:52:02.142   545   548 D dalvikvm: GC_CONCURRENT freed 203K, 10% free 10583K/11719K, paused 2ms+3ms
07-05 11:52:02.247   545   548 D dalvikvm: GC_CONCURRENT freed 366K, 10% free 10625K/11719K, paused 2ms+2ms
07-05 11:52:02.395   993  1240 I PhoneLab-: Service Running
07-05 11:52:02.438   993  1240 I PhoneLab-LoggerService: app_49    1247  993   1956   1584  c00f181c 400107b4 S logcat
07-05 11:52:02.438   993  1240 I PhoneLab-LoggerService: Logcat pid from database 1247
07-05 11:52:02.438   993  1240 I PhoneLab-LoggerService: Logcat process found 1247
07-05 11:52:02.438   993  1240 I PhoneLab-LoggerService: Checking Threshold
07-05 11:52:02.438   993  1240 I PhoneLab-LoggerService: Starting to rename files
07-05 11:52:02.442   993  1240 I PhoneLab-LoggerService: Files found .. 7
07-05 11:52:02.470   993   995 D dalvikvm: GC_CONCURRENT freed 924K, 15% free 9144K/10695K, paused 4ms+5ms
07-05 11:52:02.489   545   548 D dalvikvm: GC_CONCURRENT freed 630K, 12% free 10407K/11719K, paused 2ms+3ms
07-05 11:52:02.681   545   548 D dalvikvm: GC_CONCURRENT freed 429K, 12% free 10369K/11719K, paused 2ms+2ms
07-05 11:52:03.083  1370 10290 E DictionaryProvider:UpdateHandler: Can't read a file : android.util.MalformedJsonException: Use JsonReader.setLenient(true) to accept malformed JSON at line 1 column 20
07-05 11:52:03.235   545   548 D dalvikvm: GC_CONCURRENT freed 350K, 12% free 10407K/11719K, paused 2ms+3ms
07-05 11:52:03.431   545   548 D dalvikvm: GC_CONCURRENT freed 414K, 12% free 10379K/11719K, paused 2ms+2ms
07-05 11:52:03.626   545   548 D dalvikvm: GC_CONCURRENT freed 400K, 12% free 10367K/11719K, paused 2ms+4ms
07-05 11:52:04.263   545   548 D dalvikvm: GC_CONCURRENT freed 369K, 12% free 10388K/11719K, paused 2ms+2ms
07-05 11:52:04.442   545   548 D dalvikvm: GC_CONCURRENT freed 408K, 12% free 10369K/11719K, paused 2ms+2ms
07-05 11:52:04.642   545   548 D dalvikvm: GC_CONCURRENT freed 400K, 12% free 10359K/11719K, paused 1ms+3ms
07-05 11:52:04.708   545 10293 I DownloadManager: Initiating request for download 1172
07-05 11:52:04.833   545   548 D dalvikvm: GC_CONCURRENT freed 175K, 10% free 10656K/11719K, paused 2ms+2ms
07-05 11:52:04.962   545   548 D dalvikvm: GC_CONCURRENT freed 670K, 12% free 10424K/11719K, paused 2ms+2ms
07-05 11:52:05.142  1370 10295 E DictionaryProvider:UpdateHandler: Can't read a file : android.util.MalformedJsonException: Use JsonReader.setLenient(true) to accept malformed JSON at line 1 column 20
07-05 11:52:05.204   545   548 D dalvikvm: GC_CONCURRENT freed 423K, 12% free 10390K/11719K, paused 2ms+3ms
07-05 11:52:05.423   545   548 D dalvikvm: GC_CONCURRENT freed 416K, 12% free 10363K/11719K, paused 2ms+2ms
07-05 11:52:05.501   545 10298 I DownloadManager: Initiating request for download 1172
07-05 11:52:05.583   545   548 D dalvikvm: GC_CONCURRENT freed 241K, 10% free 10588K/11719K, paused 2ms+3ms
07-05 11:52:05.688   545   548 D dalvikvm: GC_CONCURRENT freed 295K, 9% free 10713K/11719K, paused 2ms+2ms
07-05 11:52:05.919   545   548 D dalvikvm: GC_CONCURRENT freed 768K, 12% free 10386K/11719K, paused 2ms+2ms
07-05 11:52:06.114   545   548 D dalvikvm: GC_CONCURRENT freed 406K, 12% free 10367K/11719K, paused 2ms+2ms
07-05 11:52:06.259   545 10301 I DownloadManager: Initiating request for download 1173
07-05 11:52:06.333   545   548 D dalvikvm: GC_CONCURRENT freed 310K, 11% free 10478K/11719K, paused 2ms+2ms
07-05 11:52:06.438   545   548 D dalvikvm: GC_CONCURRENT freed 246K, 9% free 10666K/11719K, paused 2ms+3ms
07-05 11:52:06.595   545   548 D dalvikvm: GC_CONCURRENT freed 670K, 12% free 10426K/11719K, paused 2ms+2ms
07-05 11:52:06.677  1370 10303 E DictionaryProvider:UpdateHandler: Can't read a file : android.util.MalformedJsonException: Use JsonReader.setLenient(true) to accept malformed JSON at line 1 column 20
07-05 11:52:06.845   545   548 D dalvikvm: GC_CONCURRENT freed 429K, 12% free 10390K/11719K, paused 2ms+2ms
07-05 11:52:07.032   545   548 D dalvikvm: GC_CONCURRENT freed 417K, 12% free 10364K/11719K, paused 1ms+3ms
07-05 11:52:07.067   545 10306 I DownloadManager: Initiating request for download 1173
07-05 11:52:07.173   545   548 D dalvikvm: GC_CONCURRENT freed 227K, 10% free 10608K/11719K, paused 2ms+3ms
07-05 11:52:07.294   545   548 D dalvikvm: GC_CONCURRENT freed 394K, 10% free 10631K/11719K, paused 1ms+2ms
07-05 11:52:07.513   545   548 D dalvikvm: GC_CONCURRENT freed 660K, 12% free 10384K/11719K, paused 1ms+2ms
07-05 11:52:07.704   545   548 D dalvikvm: GC_CONCURRENT freed 405K, 12% free 10371K/11719K, paused 2ms+2ms
07-05 11:52:07.813   545 10309 I DownloadManager: Initiating request for download 1174
07-05 11:52:07.892   545   548 D dalvikvm: GC_CONCURRENT freed 262K, 11% free 10542K/11719K, paused 2ms+2ms
07-05 11:52:07.993   545   548 D dalvikvm: GC_CONCURRENT freed 286K, 9% free 10707K/11719K, paused 2ms+3ms
07-05 11:52:08.169  1370 10311 E DictionaryProvider:UpdateHandler: Can't read a file : android.util.MalformedJsonException: Use JsonReader.setLenient(true) to accept malformed JSON at line 1 column 20
07-05 11:52:08.251   545   548 D dalvikvm: GC_CONCURRENT freed 748K, 12% free 10403K/11719K, paused 2ms+3ms
07-05 11:52:08.282  1370  1372 D dalvikvm: GC_CONCURRENT freed 388K, 7% free 9123K/9735K, paused 5ms+2ms
07-05 11:52:08.466   545   548 D dalvikvm: GC_CONCURRENT freed 416K, 12% free 10375K/11719K, paused 2ms+2ms
07-05 11:52:08.602   545 10314 I DownloadManager: Initiating request for download 1174
07-05 11:52:08.649   545   548 D dalvikvm: GC_CONCURRENT freed 366K, 12% free 10410K/11719K, paused 2ms+3ms
07-05 11:52:08.774   545   548 D dalvikvm: GC_CONCURRENT freed 200K, 10% free 10639K/11719K, paused 2ms+3ms
07-05 11:52:08.899   545   548 D dalvikvm: GC_CONCURRENT freed 625K, 11% free 10434K/11719K, paused 2ms+2ms
07-05 11:52:09.118   545   548 D dalvikvm: GC_CONCURRENT freed 434K, 12% free 10387K/11719K, paused 2ms+3ms
07-05 11:52:09.302   545   548 D dalvikvm: GC_CONCURRENT freed 407K, 12% free 10371K/11719K, paused 2ms+2ms
07-05 11:52:09.399   545 10317 I DownloadManager: Initiating request for download 1175
07-05 11:52:09.501   545   548 D dalvikvm: GC_CONCURRENT freed 229K, 10% free 10562K/11719K, paused 2ms+3ms
07-05 11:52:09.599   545   548 D dalvikvm: GC_CONCURRENT freed 274K, 9% free 10720K/11719K, paused 1ms+2ms
07-05 11:52:09.794  1370 10319 E DictionaryProvider:UpdateHandler: Can't read a file : android.util.MalformedJsonException: Use JsonReader.setLenient(true) to accept malformed JSON at line 1 column 20
07-05 11:52:09.856   545   548 D dalvikvm: GC_CONCURRENT freed 761K, 12% free 10406K/11719K, paused 2ms+2ms
07-05 11:52:10.040   545   548 D dalvikvm: GC_CONCURRENT freed 416K, 12% free 10378K/11719K, paused 2ms+2ms
07-05 11:52:10.173   545 10321 I DownloadManager: Initiating request for download 1175
07-05 11:52:10.231   545   548 D dalvikvm: GC_CONCURRENT freed 340K, 11% free 10439K/11719K, paused 2ms+3ms
07-05 11:52:10.313   545   548 D dalvikvm: GC_CONCURRENT freed 196K, 10% free 10642K/11719K, paused 2ms+3ms
07-05 11:52:11.431   545   548 D dalvikvm: GC_CONCURRENT freed 628K, 11% free 10436K/11719K, paused 2ms+2ms
07-05 11:52:11.649   545   548 D dalvikvm: GC_CONCURRENT freed 434K, 12% free 10392K/11719K, paused 2ms+2ms
07-05 11:52:11.841   545   548 D dalvikvm: GC_CONCURRENT freed 410K, 12% free 10376K/11719K, paused 2ms+2ms
07-05 11:52:11.934   545 10325 I DownloadManager: Initiating request for download 1176
07-05 11:52:12.036   545   548 D dalvikvm: GC_CONCURRENT freed 236K, 10% free 10566K/11719K, paused 1ms+3ms
07-05 11:52:12.138   545   548 D dalvikvm: GC_CONCURRENT freed 280K, 9% free 10724K/11719K, paused 2ms+3ms
07-05 11:52:12.309  1370 10327 E DictionaryProvider:UpdateHandler: Can't read a file : android.util.MalformedJsonException: Use JsonReader.setLenient(true) to accept malformed JSON at line 1 column 20
07-05 11:52:12.403   482   482 D SAN_SERVICE: *******************************************
07-05 11:52:12.403   482   482 D SAN_SERVICE: DM App Phone Service State - 0
07-05 11:52:12.403   482   482 D SAN_SERVICE: *******************************************
07-05 11:52:12.423   545   548 D dalvikvm: GC_CONCURRENT freed 763K, 12% free 10406K/11719K, paused 2ms+12ms
07-05 11:52:12.626   545   548 D dalvikvm: GC_CONCURRENT freed 413K, 12% free 10382K/11719K, paused 2ms+3ms
07-05 11:52:12.755   545 10330 I DownloadManager: Initiating request for download 1176
07-05 11:52:12.809   545   548 D dalvikvm: GC_CONCURRENT freed 339K, 11% free 10444K/11719K, paused 2ms+3ms
07-05 11:52:12.915   545   548 D dalvikvm: GC_CONCURRENT freed 215K, 9% free 10704K/11719K, paused 2ms+3ms
07-05 11:52:13.075   545   548 D dalvikvm: GC_CONCURRENT freed 708K, 11% free 10440K/11719K, paused 2ms+2ms
07-05 11:52:13.274   545   548 D dalvikvm: GC_CONCURRENT freed 441K, 12% free 10388K/11719K, paused 2ms+2ms
07-05 11:52:13.477   545   548 D dalvikvm: GC_CONCURRENT freed 404K, 12% free 10376K/11719K, paused 2ms+2ms
07-05 11:52:13.544   545 10333 I DownloadManager: Initiating request for download 1177
07-05 11:52:13.653   545   548 D dalvikvm: GC_CONCURRENT freed 197K, 10% free 10643K/11719K, paused 2ms+3ms
07-05 11:52:13.782   545   548 D dalvikvm: GC_CONCURRENT freed 425K, 10% free 10645K/11719K, paused 2ms+2ms
07-05 11:52:13.919  1370 10335 E DictionaryProvider:UpdateHandler: Can't read a file : android.util.MalformedJsonException: Use JsonReader.setLenient(true) to accept malformed JSON at line 1 column 20
07-05 11:52:14.056   545   548 D dalvikvm: GC_CONCURRENT freed 659K, 12% free 10402K/11719K, paused 2ms+2ms
07-05 11:52:14.247   545   548 D dalvikvm: GC_CONCURRENT freed 413K, 12% free 10376K/11719K, paused 2ms+3ms
07-05 11:52:14.341   545 10338 I DownloadManager: Initiating request for download 1177
07-05 11:52:14.423   545   548 D dalvikvm: GC_CONCURRENT freed 254K, 11% free 10544K/11719K, paused 2ms+3ms
07-05 11:52:14.524   545   548 D dalvikvm: GC_CONCURRENT freed 280K, 9% free 10705K/11719K, paused 1ms+3ms
07-05 11:52:14.712   545   548 D dalvikvm: GC_CONCURRENT freed 712K, 11% free 10435K/11719K, paused 2ms+3ms
07-05 11:52:14.931   545   548 D dalvikvm: GC_CONCURRENT freed 433K, 12% free 10390K/11719K, paused 1ms+2ms
07-05 11:52:15.122   545 10341 I DownloadManager: Initiating request for download 1178
07-05 11:52:15.212   545   548 D dalvikvm: GC_CONCURRENT freed 393K, 12% free 10399K/11719K, paused 4ms+6ms
07-05 11:52:15.337   545   548 D dalvikvm: GC_CONCURRENT freed 185K, 10% free 10639K/11719K, paused 2ms+2ms
07-05 11:52:15.434   482   482 D SAN_SERVICE: *******************************************
07-05 11:52:15.434   482   482 D SAN_SERVICE: DM App Phone Service State - 0
07-05 11:52:15.434   482   482 D SAN_SERVICE: *******************************************
07-05 11:52:15.470   545   548 D dalvikvm: GC_CONCURRENT freed 613K, 11% free 10446K/11719K, paused 2ms+3ms
07-05 11:52:15.669   156   576 D dalvikvm: GC_EXPLICIT freed 581K, 17% free 13327K/15879K, paused 4ms+6ms
07-05 11:52:15.677  1370 10343 E DictionaryProvider:UpdateHandler: Can't read a file : android.util.MalformedJsonException: Use JsonReader.setLenient(true) to accept malformed JSON at line 1 column 20
07-05 11:52:15.751  1370  1372 D dalvikvm: GC_CONCURRENT freed 364K, 7% free 9150K/9735K, paused 1ms+2ms
07-05 11:52:15.813   545   548 D dalvikvm: GC_CONCURRENT freed 427K, 12% free 10408K/11719K, paused 2ms+2ms
07-05 11:52:15.993   545   548 D dalvikvm: GC_CONCURRENT freed 433K, 12% free 10365K/11719K, paused 2ms+2ms
07-05 11:52:16.083   545 10346 I DownloadManager: Initiating request for download 1178
07-05 11:52:16.165   545   548 D dalvikvm: GC_CONCURRENT freed 264K, 11% free 10545K/11719K, paused 2ms+3ms
07-05 11:52:16.267   545   548 D dalvikvm: GC_CONCURRENT freed 269K, 9% free 10701K/11719K, paused 2ms+3ms
07-05 11:52:16.470   545   548 D dalvikvm: GC_CONCURRENT freed 751K, 12% free 10392K/11719K, paused 2ms+2ms
07-05 11:52:16.677   545   548 D dalvikvm: GC_CONCURRENT freed 408K, 12% free 10372K/11719K, paused 2ms+2ms
07-05 11:52:16.837   545 10349 I DownloadManager: Initiating request for download 1179
07-05 11:52:16.892   545   548 D dalvikvm: GC_CONCURRENT freed 371K, 12% free 10404K/11719K, paused 2ms+4ms
07-05 11:52:17.017   545   548 D dalvikvm: GC_CONCURRENT freed 198K, 10% free 10636K/11719K, paused 2ms+3ms
07-05 11:52:17.157   545   548 D dalvikvm: GC_CONCURRENT freed 618K, 11% free 10434K/11719K, paused 3ms+2ms
07-05 11:52:17.247  1370 10351 E DictionaryProvider:UpdateHandler: Can't read a file : android.util.MalformedJsonException: Use JsonReader.setLenient(true) to accept malformed JSON at line 1 column 20
07-05 11:52:17.411   545   548 D dalvikvm: GC_CONCURRENT freed 430K, 12% free 10391K/11719K, paused 2ms+2ms
07-05 11:52:17.602   545   548 D dalvikvm: GC_CONCURRENT freed 411K, 12% free 10371K/11719K, paused 2ms+2ms
07-05 11:52:17.688   545 10354 I DownloadManager: Initiating request for download 1179
07-05 11:52:17.767   545   548 D dalvikvm: GC_CONCURRENT freed 249K, 10% free 10584K/11719K, paused 2ms+2ms
07-05 11:52:17.872   545   548 D dalvikvm: GC_CONCURRENT freed 302K, 9% free 10722K/11719K, paused 2ms+3ms
07-05 11:52:18.099   545   548 D dalvikvm: GC_CONCURRENT freed 771K, 12% free 10394K/11719K, paused 1ms+2ms
07-05 11:52:18.306   545   548 D dalvikvm: GC_CONCURRENT freed 409K, 12% free 10375K/11719K, paused 2ms+4ms
07-05 11:52:18.454   545 10357 I DownloadManager: Initiating request for download 1180
07-05 11:52:18.517   545   548 D dalvikvm: GC_CONCURRENT freed 324K, 11% free 10440K/11719K, paused 3ms+3ms
07-05 11:52:18.622   545   548 D dalvikvm: GC_CONCURRENT freed 214K, 10% free 10663K/11719K, paused 2ms+3ms
07-05 11:52:18.770   545   548 D dalvikvm: GC_CONCURRENT freed 658K, 11% free 10435K/11719K, paused 1ms+3ms
07-05 11:52:18.852  1370 10359 E DictionaryProvider:UpdateHandler: Can't read a file : android.util.MalformedJsonException: Use JsonReader.setLenient(true) to accept malformed JSON at line 1 column 20
07-05 11:52:19.020   545   548 D dalvikvm: GC_CONCURRENT freed 432K, 12% free 10392K/11719K, paused 2ms+2ms
07-05 11:52:19.212   545   548 D dalvikvm: GC_CONCURRENT freed 413K, 12% free 10368K/11719K, paused 2ms+4ms
07-05 11:52:19.282   545 10362 I DownloadManager: Initiating request for download 1180
07-05 11:52:19.427   545   548 D dalvikvm: GC_CONCURRENT freed 235K, 10% free 10554K/11719K, paused 2ms+3ms
07-05 11:52:19.536   545   548 D dalvikvm: GC_CONCURRENT freed 301K, 9% free 10692K/11719K, paused 2ms+3ms
07-05 11:52:19.720   545   548 D dalvikvm: GC_CONCURRENT freed 701K, 12% free 10427K/11719K, paused 2ms+2ms
07-05 11:52:19.927   545   548 D dalvikvm: GC_CONCURRENT freed 437K, 12% free 10380K/11719K, paused 2ms+3ms
07-05 11:52:20.067   545 10365 I DownloadManager: Initiating request for download 1181
07-05 11:52:20.138   545   548 D dalvikvm: GC_CONCURRENT freed 322K, 11% free 10444K/11719K, paused 2ms+2ms
07-05 11:52:20.243   545   548 D dalvikvm: GC_CONCURRENT freed 220K, 10% free 10660K/11719K, paused 2ms+3ms
07-05 11:52:20.395   545   548 D dalvikvm: GC_CONCURRENT freed 650K, 11% free 10438K/11719K, paused 2ms+2ms
07-05 11:52:20.462  1370 10367 E DictionaryProvider:UpdateHandler: Can't read a file : android.util.MalformedJsonException: Use JsonReader.setLenient(true) to accept malformed JSON at line 1 column 20
07-05 11:52:20.626   545   548 D dalvikvm: GC_CONCURRENT freed 423K, 12% free 10399K/11719K, paused 2ms+3ms
07-05 11:52:20.825   545   548 D dalvikvm: GC_CONCURRENT freed 411K, 12% free 10376K/11719K, paused 2ms+2ms
07-05 11:52:20.892   545 10369 I DownloadManager: Initiating request for download 1181
07-05 11:52:20.974   545   548 D dalvikvm: GC_CONCURRENT freed 221K, 10% free 10570K/11719K, paused 3ms+3ms
07-05 11:52:21.063   545   548 D dalvikvm: GC_CONCURRENT freed 252K, 9% free 10752K/11719K, paused 2ms+3ms
07-05 11:52:21.942   545   548 D dalvikvm: GC_CONCURRENT freed 775K, 12% free 10430K/11719K, paused 1ms+2ms
07-05 11:52:22.134   545   548 D dalvikvm: GC_CONCURRENT freed 401K, 12% free 10421K/11719K, paused 2ms+2ms
07-05 11:52:22.587   545 10372 I DownloadManager: Initiating request for download 1182
07-05 11:52:22.669   545   548 D dalvikvm: GC_CONCURRENT freed 323K, 11% free 10528K/11719K, paused 2ms+4ms
07-05 11:52:22.774   545   548 D dalvikvm: GC_CONCURRENT freed 276K, 9% free 10680K/11719K, paused 1ms+3ms
07-05 11:52:22.970   545   548 D dalvikvm: GC_CONCURRENT freed 670K, 11% free 10441K/11719K, paused 2ms+2ms
07-05 11:52:23.024  1370 10375 E DictionaryProvider:UpdateHandler: Can't read a file : android.util.MalformedJsonException: Use JsonReader.setLenient(true) to accept malformed JSON at line 1 column 20
07-05 11:52:23.106  1370  1372 D dalvikvm: GC_CONCURRENT freed 415K, 7% free 9127K/9735K, paused 2ms+2ms
07-05 11:52:23.231   545   548 D dalvikvm: GC_CONCURRENT freed 431K, 12% free 10398K/11719K, paused 2ms+3ms
07-05 11:52:23.431   545   548 D dalvikvm: GC_CONCURRENT freed 412K, 12% free 10378K/11719K, paused 2ms+2ms
07-05 11:52:23.485   545 10378 I DownloadManager: Initiating request for download 1182
07-05 11:52:23.575   545   548 D dalvikvm: GC_CONCURRENT freed 219K, 10% free 10630K/11719K, paused 2ms+3ms
07-05 11:52:23.692   545   548 D dalvikvm: GC_CONCURRENT freed 403K, 10% free 10646K/11719K, paused 2ms+2ms
07-05 11:52:23.919   545   548 D dalvikvm: GC_CONCURRENT freed 667K, 12% free 10397K/11719K, paused 1ms+2ms
07-05 11:52:24.106   545   548 D dalvikvm: GC_CONCURRENT freed 405K, 12% free 10379K/11719K, paused 2ms+3ms
07-05 11:52:24.239   545 10381 I DownloadManager: Initiating request for download 1183
07-05 11:52:24.333   545   548 D dalvikvm: GC_CONCURRENT freed 285K, 11% free 10518K/11719K, paused 2ms+2ms
07-05 11:52:24.438   545   548 D dalvikvm: GC_CONCURRENT freed 261K, 9% free 10704K/11719K, paused 2ms+3ms
07-05 11:52:24.606   545   548 D dalvikvm: GC_CONCURRENT freed 703K, 11% free 10442K/11719K, paused 2ms+2ms
07-05 11:52:24.802   545   548 D dalvikvm: GC_CONCURRENT freed 406K, 12% free 10423K/11719K, paused 2ms+2ms
07-05 11:52:24.938  1370 10383 E DictionaryProvider:UpdateHandler: Can't read a file : android.util.MalformedJsonException: Use JsonReader.setLenient(true) to accept malformed JSON at line 1 column 20
07-05 11:52:25.063   545   548 D dalvikvm: GC_CONCURRENT freed 427K, 12% free 10384K/11719K, paused 2ms+2ms
07-05 11:52:25.095   545 10386 I DownloadManager: Initiating request for download 1183
07-05 11:52:25.192   545   548 D dalvikvm: GC_CONCURRENT freed 202K, 10% free 10661K/11719K, paused 2ms+2ms
07-05 11:52:25.329   545   548 D dalvikvm: GC_CONCURRENT freed 664K, 11% free 10444K/11719K, paused 2ms+2ms
07-05 11:52:25.563   545   548 D dalvikvm: GC_CONCURRENT freed 433K, 12% free 10399K/11719K, paused 2ms+3ms
07-05 11:52:25.763   545   548 D dalvikvm: GC_CONCURRENT freed 409K, 12% free 10382K/11719K, paused 2ms+2ms
07-05 11:52:25.884   545 10389 I DownloadManager: Initiating request for download 1184
07-05 11:52:25.962   545 10089 D dalvikvm: GC_EXPLICIT freed 304K, 10% free 10590K/11719K, paused 3ms+6ms
07-05 11:52:26.056   545   548 D dalvikvm: GC_CONCURRENT freed 267K, 9% free 10737K/11719K, paused 2ms+2ms
07-05 11:52:26.227  1370 10391 E DictionaryProvider:UpdateHandler: Can't read a file : android.util.MalformedJsonException: Use JsonReader.setLenient(true) to accept malformed JSON at line 1 column 20
07-05 11:52:26.349   545   548 D dalvikvm: GC_CONCURRENT freed 773K, 12% free 10414K/11719K, paused 2ms+3ms
07-05 11:52:26.532   545   548 D dalvikvm: GC_CONCURRENT freed 413K, 12% free 10386K/11719K, paused 2ms+2ms
07-05 11:52:26.661   545 10394 I DownloadManager: Initiating request for download 1184
07-05 11:52:26.716   545   548 D dalvikvm: GC_CONCURRENT freed 343K, 11% free 10451K/11719K, paused 2ms+2ms
07-05 11:52:26.825   545   548 D dalvikvm: GC_CONCURRENT freed 212K, 9% free 10705K/11719K, paused 2ms+2ms
07-05 11:52:26.985   545   548 D dalvikvm: GC_CONCURRENT freed 698K, 11% free 10444K/11719K, paused 2ms+3ms
07-05 11:52:27.192   545   548 D dalvikvm: GC_CONCURRENT freed 435K, 12% free 10397K/11719K, paused 2ms+2ms
07-05 11:52:27.372   545   548 D dalvikvm: GC_CONCURRENT freed 403K, 12% free 10380K/11719K, paused 1ms+3ms
07-05 11:52:27.446   545 10397 I DownloadManager: Initiating request for download 1185
07-05 11:52:27.552   545   548 D dalvikvm: GC_CONCURRENT freed 196K, 10% free 10597K/11719K, paused 2ms+3ms
07-05 11:52:27.645   545   548 D dalvikvm: GC_CONCURRENT freed 269K, 9% free 10745K/11719K, paused 2ms+3ms
07-05 11:52:27.817  1370 10399 E DictionaryProvider:UpdateHandler: Can't read a file : android.util.MalformedJsonException: Use JsonReader.setLenient(true) to accept malformed JSON at line 1 column 20
07-05 11:52:27.911   545   548 D dalvikvm: GC_CONCURRENT freed 782K, 12% free 10415K/11719K, paused 2ms+3ms
07-05 11:52:28.102   545   548 D dalvikvm: GC_CONCURRENT freed 414K, 12% free 10391K/11719K, paused 2ms+2ms
07-05 11:52:28.220   545 10402 I DownloadManager: Initiating request for download 1185
07-05 11:52:28.278   545   548 D dalvikvm: GC_CONCURRENT freed 326K, 11% free 10455K/11719K, paused 2ms+3ms
07-05 11:52:28.380   545   548 D dalvikvm: GC_CONCURRENT freed 214K, 9% free 10669K/11719K, paused 2ms+3ms
07-05 11:52:28.540   545   548 D dalvikvm: GC_CONCURRENT freed 644K, 11% free 10449K/11719K, paused 2ms+2ms
07-05 11:52:28.770   545   548 D dalvikvm: GC_CONCURRENT freed 435K, 12% free 10408K/11719K, paused 2ms+4ms
07-05 11:52:28.974   545   548 D dalvikvm: GC_CONCURRENT freed 411K, 12% free 10385K/11719K, paused 1ms+2ms
07-05 11:52:29.079   545 10405 I DownloadManager: Initiating request for download 1186
07-05 11:52:29.177   545   548 D dalvikvm: GC_CONCURRENT freed 241K, 10% free 10598K/11719K, paused 2ms+3ms
07-05 11:52:29.282   545   548 D dalvikvm: GC_CONCURRENT freed 279K, 9% free 10746K/11719K, paused 2ms+3ms
07-05 11:52:29.450  1370 10407 E DictionaryProvider:UpdateHandler: Can't read a file : android.util.MalformedJsonException: Use JsonReader.setLenient(true) to accept malformed JSON at line 1 column 20
07-05 11:52:29.513  1370  1372 D dalvikvm: GC_CONCURRENT freed 391K, 7% free 9127K/9735K, paused 2ms+2ms
07-05 11:52:29.552   545   548 D dalvikvm: GC_CONCURRENT freed 784K, 12% free 10416K/11719K, paused 2ms+3ms
07-05 11:52:29.739   545   548 D dalvikvm: GC_CONCURRENT freed 413K, 12% free 10392K/11719K, paused 2ms+3ms
07-05 11:52:29.860   545 10410 I DownloadManager: Initiating request for download 1186
07-05 11:52:29.946   156   576 D dalvikvm: GC_EXPLICIT freed 580K, 17% free 13324K/15879K, paused 3ms+6ms
07-05 11:52:29.989   545   548 D dalvikvm: GC_CONCURRENT freed 320K, 11% free 10481K/11719K, paused 28ms+3ms
07-05 11:52:30.091   545   548 D dalvikvm: GC_CONCURRENT freed 227K, 9% free 10680K/11719K, paused 2ms+3ms
07-05 11:52:30.243   545   548 D dalvikvm: GC_CONCURRENT freed 681K, 11% free 10436K/11719K, paused 2ms+2ms
07-05 11:52:30.450   545   548 D dalvikvm: GC_CONCURRENT freed 434K, 12% free 10389K/11719K, paused 2ms+2ms
07-05 11:52:30.630   545   548 D dalvikvm: GC_CONCURRENT freed 406K, 12% free 10371K/11719K, paused 2ms+2ms
07-05 11:52:30.712   545 10413 I DownloadManager: Initiating request for download 1187
07-05 11:52:30.806   545   548 D dalvikvm: GC_CONCURRENT freed 219K, 10% free 10586K/11719K, paused 2ms+3ms
07-05 11:52:30.919   545   548 D dalvikvm: GC_CONCURRENT freed 270K, 9% free 10739K/11719K, paused 2ms+2ms
07-05 11:52:31.091  1370 10415 E DictionaryProvider:UpdateHandler: Can't read a file : android.util.MalformedJsonException: Use JsonReader.setLenient(true) to accept malformed JSON at line 1 column 20
07-05 11:52:31.192   545   548 D dalvikvm: GC_CONCURRENT freed 778K, 12% free 10406K/11719K, paused 2ms+3ms
07-05 11:52:31.216   465 10416 D dalvikvm: GC_EXPLICIT freed 409K, 6% free 10503K/11079K, paused 1ms+11ms
07-05 11:52:31.388   545   548 D dalvikvm: GC_CONCURRENT freed 413K, 12% free 10381K/11719K, paused 2ms+2ms
07-05 11:52:31.509   545 10418 I DownloadManager: Initiating request for download 1187
07-05 11:52:31.579   545   548 D dalvikvm: GC_CONCURRENT freed 336K, 11% free 10446K/11719K, paused 2ms+2ms
07-05 11:52:31.684   545   548 D dalvikvm: GC_CONCURRENT freed 210K, 9% free 10670K/11719K, paused 2ms+2ms
07-05 11:52:31.825   545   548 D dalvikvm: GC_CONCURRENT freed 661K, 11% free 10440K/11719K, paused 2ms+3ms
07-05 11:52:32.056   545   548 D dalvikvm: GC_CONCURRENT freed 440K, 12% free 10392K/11719K, paused 2ms+2ms
07-05 11:52:32.247   545   548 D dalvikvm: GC_CONCURRENT freed 407K, 12% free 10373K/11719K, paused 1ms+2ms
07-05 11:52:32.356   545 10421 I DownloadManager: Initiating request for download 1188
07-05 11:52:32.454   545   548 D dalvikvm: GC_CONCURRENT freed 215K, 10% free 10577K/11719K, paused 3ms+3ms
07-05 11:52:32.559   545   548 D dalvikvm: GC_CONCURRENT freed 284K, 9% free 10737K/11719K, paused 2ms+3ms
07-05 11:52:32.767   545   548 D dalvikvm: GC_CONCURRENT freed 750K, 11% free 10435K/11719K, paused 2ms+2ms
07-05 11:52:32.942   545   548 D dalvikvm: GC_CONCURRENT freed 401K, 12% free 10420K/11719K, paused 2ms+2ms
07-05 11:52:33.184  1370 10423 E DictionaryProvider:UpdateHandler: Can't read a file : android.util.MalformedJsonException: Use JsonReader.setLenient(true) to accept malformed JSON at line 1 column 20
07-05 11:52:33.235   545   548 D dalvikvm: GC_CONCURRENT freed 398K, 12% free 10427K/11719K, paused 2ms+3ms
07-05 11:52:33.438   545   548 D dalvikvm: GC_CONCURRENT freed 427K, 12% free 10390K/11719K, paused 2ms+2ms
07-05 11:52:33.630   545   548 D dalvikvm: GC_CONCURRENT freed 398K, 12% free 10380K/11719K, paused 2ms+3ms
07-05 11:52:33.708   545 10426 I DownloadManager: Initiating request for download 1188
07-05 11:52:33.712   545 10426 W DownloadManager: Aborting request for download 1188: Trying to resume a download that can't be resumed
07-05 11:52:33.970   545   548 D dalvikvm: GC_CONCURRENT freed 359K, 12% free 10409K/11719K, paused 2ms+2ms
07-05 11:52:34.145   545   548 D dalvikvm: GC_CONCURRENT freed 408K, 12% free 10393K/11719K, paused 2ms+2ms
07-05 11:52:34.341   545   548 D dalvikvm: GC_CONCURRENT freed 408K, 12% free 10374K/11719K, paused 2ms+2ms
07-05 11:52:34.407   545 10429 I DownloadManager: Initiating request for download 1189
07-05 11:52:34.509   545   548 D dalvikvm: GC_CONCURRENT freed 195K, 10% free 10646K/11719K, paused 2ms+3ms
07-05 11:52:34.634   545   548 D dalvikvm: GC_CONCURRENT freed 420K, 10% free 10653K/11719K, paused 1ms+3ms
07-05 11:52:34.798  1370 10431 E DictionaryProvider:UpdateHandler: Can't read a file : android.util.MalformedJsonException: Use JsonReader.setLenient(true) to accept malformed JSON at line 1 column 20
07-05 11:52:34.903   545   548 D dalvikvm: GC_CONCURRENT freed 669K, 12% free 10409K/11719K, paused 2ms+3ms
07-05 11:52:35.091   545   548 D dalvikvm: GC_CONCURRENT freed 417K, 12% free 10381K/11719K, paused 2ms+3ms
07-05 11:52:35.196   545 10434 I DownloadManager: Initiating request for download 1189
07-05 11:52:35.274   545   548 D dalvikvm: GC_CONCURRENT freed 281K, 11% free 10540K/11719K, paused 2ms+2ms
07-05 11:52:35.376   545   548 D dalvikvm: GC_CONCURRENT freed 264K, 9% free 10717K/11719K, paused 1ms+3ms
07-05 11:52:35.552   545   548 D dalvikvm: GC_CONCURRENT freed 721K, 11% free 10441K/11719K, paused 2ms+2ms
07-05 11:52:35.759   545   548 D dalvikvm: GC_CONCURRENT freed 437K, 12% free 10395K/11719K, paused 1ms+2ms
07-05 11:52:35.950   545   548 D dalvikvm: GC_CONCURRENT freed 407K, 12% free 10378K/11719K, paused 2ms+3ms
07-05 11:52:35.997   545 10437 I DownloadManager: Initiating request for download 1190
07-05 11:52:36.110   545   548 D dalvikvm: GC_CONCURRENT freed 168K, 10% free 10622K/11719K, paused 2ms+11ms
07-05 11:52:36.231   545   548 D dalvikvm: GC_CONCURRENT freed 389K, 10% free 10661K/11719K, paused 2ms+2ms
07-05 11:52:36.376  1370 10439 E DictionaryProvider:UpdateHandler: Can't read a file : android.util.MalformedJsonException: Use JsonReader.setLenient(true) to accept malformed JSON at line 1 column 20
07-05 11:52:36.450  1370  1372 D dalvikvm: GC_CONCURRENT freed 388K, 7% free 9127K/9735K, paused 2ms+2ms
07-05 11:52:36.517   545   548 D dalvikvm: GC_CONCURRENT freed 674K, 12% free 10414K/11719K, paused 1ms+2ms
07-05 11:52:36.712   545   548 D dalvikvm: GC_CONCURRENT freed 417K, 12% free 10388K/11719K, paused 2ms+2ms
07-05 11:52:36.821   545 10442 I DownloadManager: Initiating request for download 1190
07-05 11:52:36.895   545   548 D dalvikvm: GC_CONCURRENT freed 283K, 11% free 10532K/11719K, paused 1ms+3ms
07-05 11:52:36.993   545   548 D dalvikvm: GC_CONCURRENT freed 267K, 9% free 10700K/11719K, paused 2ms+2ms
07-05 11:52:37.169   545   548 D dalvikvm: GC_CONCURRENT freed 696K, 11% free 10447K/11719K, paused 1ms+3ms
07-05 11:52:37.372   545   548 D dalvikvm: GC_CONCURRENT freed 438K, 12% free 10398K/11719K, paused 2ms+3ms
07-05 11:52:37.552   482   482 D SAN_SERVICE: *******************************************
07-05 11:52:37.552   482   482 D SAN_SERVICE: DM App Phone Service State - 0
07-05 11:52:37.552   482   482 D SAN_SERVICE: *******************************************
07-05 11:52:37.595   545   548 D dalvikvm: GC_CONCURRENT freed 407K, 12% free 10381K/11719K, paused 1ms+2ms
07-05 11:52:37.657   545 10445 I DownloadManager: Initiating request for download 1191
07-05 11:52:37.767   545   548 D dalvikvm: GC_CONCURRENT freed 185K, 10% free 10647K/11719K, paused 2ms+3ms
07-05 11:52:37.892   545   548 D dalvikvm: GC_CONCURRENT freed 414K, 10% free 10660K/11719K, paused 1ms+2ms
07-05 11:52:38.044  1370 10447 E DictionaryProvider:UpdateHandler: Can't read a file : android.util.MalformedJsonException: Use JsonReader.setLenient(true) to accept malformed JSON at line 1 column 20
07-05 11:52:38.169   545   548 D dalvikvm: GC_CONCURRENT freed 676K, 12% free 10411K/11719K, paused 2ms+3ms
07-05 11:52:38.380   545   548 D dalvikvm: GC_CONCURRENT freed 414K, 12% free 10386K/11719K, paused 2ms+3ms
07-05 11:52:38.489   545 10450 I DownloadManager: Initiating request for download 1191
07-05 11:52:38.587   545   548 D dalvikvm: GC_CONCURRENT freed 272K, 10% free 10548K/11719K, paused 1ms+3ms
07-05 11:52:38.692   545   548 D dalvikvm: GC_CONCURRENT freed 277K, 9% free 10753K/11719K, paused 2ms+2ms
07-05 11:52:38.876   545   548 D dalvikvm: GC_CONCURRENT freed 762K, 11% free 10444K/11719K, paused 2ms+2ms
07-05 11:52:39.075   545   548 D dalvikvm: GC_CONCURRENT freed 399K, 11% free 10434K/11719K, paused 2ms+3ms
07-05 11:52:40.677   545 10452 I DownloadManager: Initiating request for download 1192
07-05 11:52:40.743   545   548 D dalvikvm: GC_CONCURRENT freed 381K, 11% free 10495K/11719K, paused 2ms+3ms
