07-05 12:54:09.027   545 25697 I DownloadManager: in removeSpuriousFiles, preserving file /data/data/com.android.providers.downloads/cache/metadata-197.htm
07-05 12:54:09.031   545 25697 I DownloadManager: in removeSpuriousFiles, preserving file /data/data/com.android.providers.downloads/cache/metadata-291.htm
07-05 12:54:09.031   545 25697 I DownloadManager: in removeSpuriousFiles, preserving file /data/data/com.android.providers.downloads/cache/metadata-1457.htm
07-05 12:54:09.031   545 25697 I DownloadManager: in removeSpuriousFiles, preserving file /data/data/com.android.providers.downloads/cache/metadata-241.htm
07-05 12:54:09.031   545 25697 I DownloadManager: in removeSpuriousFiles, preserving file /data/data/com.android.providers.downloads/cache/metadata-327.htm
07-05 12:54:09.031   545 25697 I DownloadManager: in removeSpuriousFiles, preserving file /data/data/com.android.providers.downloads/cache/metadata-168.htm
07-05 12:54:09.031   545 25697 I DownloadManager: in removeSpuriousFiles, preserving file /data/data/com.android.providers.downloads/cache/metadata-125.htm
07-05 12:54:09.031   545 25697 I DownloadManager: in removeSpuriousFiles, preserving file /data/data/com.android.providers.downloads/cache/metadata-184.htm
07-05 12:54:09.031   545 25697 I DownloadManager: in removeSpuriousFiles, preserving file /data/data/com.android.providers.downloads/cache/metadata-205.htm
07-05 12:54:09.031   545 25697 I DownloadManager: in removeSpuriousFiles, preserving file /data/data/com.android.providers.downloads/cache/metadata-320.htm
07-05 12:54:09.031   545 25697 I DownloadManager: in removeSpuriousFiles, preserving file /data/data/com.android.providers.downloads/cache/metadata-248.htm
07-05 12:54:09.031   545 25697 I DownloadManager: in removeSpuriousFiles, preserving file /data/data/com.android.providers.downloads/cache/metadata-349.htm
07-05 12:54:09.031   545 25697 I DownloadManager: in removeSpuriousFiles, preserving file /data/data/com.android.providers.downloads/cache/metadata-397.htm
07-05 12:54:09.031   545 25697 I DownloadManager: in removeSpuriousFiles, preserving file /data/data/com.android.providers.downloads/cache/metadata-602.htm
07-05 12:54:09.031   545 25697 I DownloadManager: in removeSpuriousFiles, preserving file /data/data/com.android.providers.downloads/cache/metadata-895.htm
07-05 12:54:09.031   545 25697 I DownloadManager: in removeSpuriousFiles, preserving file /data/data/com.android.providers.downloads/cache/metadata-306.htm
07-05 12:54:09.031   545 25697 I DownloadManager: in removeSpuriousFiles, preserving file /data/data/com.android.providers.downloads/cache/metadata-314.htm
07-05 12:54:09.031   545 25697 I DownloadManager: in removeSpuriousFiles, preserving file /data/data/com.android.providers.downloads/cache/metadata-385.htm
07-05 12:54:09.031   545 25697 I DownloadManager: in removeSpuriousFiles, preserving file /data/data/com.android.providers.downloads/cache/metadata-94.htm
07-05 12:54:09.031   545 25697 I DownloadManager: in removeSpuriousFiles, preserving file /data/data/com.android.providers.downloads/cache/metadata-226.htm
07-05 12:54:09.031   545 25697 I DownloadManager: in removeSpuriousFiles, preserving file /data/data/com.android.providers.downloads/cache/metadata-75.htm
07-05 12:54:09.031   545 25697 I DownloadManager: in removeSpuriousFiles, preserving file /data/data/com.android.providers.downloads/cache/metadata-1160.htm
07-05 12:54:09.031   545 25697 I DownloadManager: in removeSpuriousFiles, preserving file /data/data/com.android.providers.downloads/cache/metadata-353.htm
07-05 12:54:09.031   545 25697 I DownloadManager: in removeSpuriousFiles, preserving file /data/data/com.android.providers.downloads/cache/metadata-262.htm
07-05 12:54:09.031   545 25697 I DownloadManager: in removeSpuriousFiles, preserving file /data/data/com.android.providers.downloads/cache/metadata-427.htm
07-05 12:54:09.031   545 25697 I DownloadManager: in removeSpuriousFiles, preserving file /data/data/com.android.providers.downloads/cache/metadata-381.htm
07-05 12:54:09.031   545 25697 I DownloadManager: in removeSpuriousFiles, preserving file /data/data/com.android.providers.downloads/cache/metadata-289.htm
07-05 12:54:09.035   545 25697 I DownloadManager: in removeSpuriousFiles, preserving file /data/data/com.android.providers.downloads/cache/metadata-280.htm
07-05 12:54:09.035   545 25697 I DownloadManager: in removeSpuriousFiles, preserving file /data/data/com.android.providers.downloads/cache/metadata-249.htm
07-05 12:54:09.035   545 25697 I DownloadManager: in removeSpuriousFiles, preserving file /data/data/com.android.providers.downloads/cache/metadata-351.htm
07-05 12:54:09.035   545 25697 I DownloadManager: in removeSpuriousFiles, preserving file /data/data/com.android.providers.downloads/cache/metadata-1836.htm
07-05 12:54:09.035   545 25697 I DownloadManager: in removeSpuriousFiles, preserving file /data/data/com.android.providers.downloads/cache/metadata-128.htm
07-05 12:54:09.035   545 25697 I DownloadManager: in removeSpuriousFiles, preserving file /data/data/com.android.providers.downloads/cache/metadata-486.htm
07-05 12:54:09.035   545 25697 I DownloadManager: in removeSpuriousFiles, preserving file /data/data/com.android.providers.downloads/cache/metadata-217.htm
07-05 12:54:09.035   545 25697 I DownloadManager: in removeSpuriousFiles, preserving file /data/data/com.android.providers.downloads/cache/metadata-277.htm
07-05 12:54:09.035   545 25697 I DownloadManager: in removeSpuriousFiles, preserving file /data/data/com.android.providers.downloads/cache/metadata-78.htm
07-05 12:54:09.035   545 25697 I DownloadManager: in removeSpuriousFiles, preserving file /data/data/com.android.providers.downloads/cache/metadata-1453.htm
07-05 12:54:09.035   545 25697 I DownloadManager: in removeSpuriousFiles, preserving file /data/data/com.android.providers.downloads/cache/metadata-768.htm
07-05 12:54:09.035   545 25697 I DownloadManager: in removeSpuriousFiles, preserving file /data/data/com.android.providers.downloads/cache/metadata-1054.htm
07-05 12:54:09.035   545 25697 I DownloadManager: in removeSpuriousFiles, preserving file /data/data/com.android.providers.downloads/cache/metadata-1637.htm
07-05 12:54:09.035   545 25697 I DownloadManager: in removeSpuriousFiles, preserving file /data/data/com.android.providers.downloads/cache/metadata-1000.htm
07-05 12:54:09.035   545 25697 I DownloadManager: in removeSpuriousFiles, preserving file /data/data/com.android.providers.downloads/cache/metadata-1734.htm
07-05 12:54:09.035   545 25697 I DownloadManager: in removeSpuriousFiles, preserving file /data/data/com.android.providers.downloads/cache/metadata-622.htm
07-05 12:54:09.035   545 25697 I DownloadManager: in removeSpuriousFiles, preserving file /data/data/com.android.providers.downloads/cache/metadata-383.htm
07-05 12:54:09.035   545 25697 I DownloadManager: in removeSpuriousFiles, preserving file /data/data/com.android.providers.downloads/cache/metadata-274.htm
07-05 12:54:09.035   545 25697 I DownloadManager: in removeSpuriousFiles, preserving file /data/data/com.android.providers.downloads/cache/metadata-1115.htm
07-05 12:54:09.035   545 25697 I DownloadManager: in removeSpuriousFiles, preserving file /data/data/com.android.providers.downloads/cache/metadata-303.htm
07-05 12:54:09.035   545 25697 I DownloadManager: in removeSpuriousFiles, preserving file /data/data/com.android.providers.downloads/cache/metadata-812.htm
07-05 12:54:09.035   545 25697 I DownloadManager: in removeSpuriousFiles, preserving file /data/data/com.android.providers.downloads/cache/metadata-684.htm
07-05 12:54:09.035   545 25697 I DownloadManager: in removeSpuriousFiles, preserving file /data/data/com.android.providers.downloads/cache/metadata-640.htm
07-05 12:54:09.035   545 25697 I DownloadManager: in removeSpuriousFiles, preserving file /data/data/com.android.providers.downloads/cache/metadata-459.htm
07-05 12:54:09.035   545 25697 I DownloadManager: in removeSpuriousFiles, preserving file /data/data/com.android.providers.downloads/cache/metadata-879.htm
07-05 12:54:09.035   545 25697 I DownloadManager: in removeSpuriousFiles, preserving file /data/data/com.android.providers.downloads/cache/metadata-1719.htm
07-05 12:54:09.035   545 25697 I DownloadManager: in removeSpuriousFiles, preserving file /data/data/com.android.providers.downloads/cache/metadata-705.htm
07-05 12:54:09.035   545 25697 I DownloadManager: in removeSpuriousFiles, preserving file /data/data/com.android.providers.downloads/cache/metadata-1365.htm
07-05 12:54:09.039   545 25697 I DownloadManager: in removeSpuriousFiles, preserving file /data/data/com.android.providers.downloads/cache/metadata-1848.htm
07-05 12:54:09.043   545 25697 I DownloadManager: in removeSpuriousFiles, preserving file /data/data/com.android.providers.downloads/cache/metadata-257.htm
07-05 12:54:09.043   545 25697 I DownloadManager: in removeSpuriousFiles, preserving file /data/data/com.android.providers.downloads/cache/metadata-1558.htm
07-05 12:54:09.043   545 25697 I DownloadManager: in removeSpuriousFiles, preserving file /data/data/com.android.providers.downloads/cache/metadata-889.htm
07-05 12:54:09.043   545 25697 I DownloadManager: in removeSpuriousFiles, preserving file /data/data/com.android.providers.downloads/cache/metadata-331.htm
07-05 12:54:09.043   545 25697 I DownloadManager: in removeSpuriousFiles, preserving file /data/data/com.android.providers.downloads/cache/metadata-613.htm
07-05 12:54:09.043   545 25697 I DownloadManager: in removeSpuriousFiles, preserving file /data/data/com.android.providers.downloads/cache/metadata-2521.htm
07-05 12:54:09.043   545 25697 I DownloadManager: in removeSpuriousFiles, preserving file /data/data/com.android.providers.downloads/cache/metadata-617.htm
07-05 12:54:09.043   545 25697 I DownloadManager: in removeSpuriousFiles, preserving file /data/data/com.android.providers.downloads/cache/metadata-1507.htm
07-05 12:54:09.043   545 25697 I DownloadManager: in removeSpuriousFiles, preserving file /data/data/com.android.providers.downloads/cache/metadata-1084.htm
07-05 12:54:09.043   545 25697 I DownloadManager: in removeSpuriousFiles, preserving file /data/data/com.android.providers.downloads/cache/metadata-1029.htm
07-05 12:54:09.043   545 25697 I DownloadManager: in removeSpuriousFiles, preserving file /data/data/com.android.providers.downloads/cache/metadata-664.htm
07-05 12:54:09.043   545 25697 I DownloadManager: in removeSpuriousFiles, preserving file /data/data/com.android.providers.downloads/cache/metadata-297.htm
07-05 12:54:09.043   545 25697 I DownloadManager: in removeSpuriousFiles, preserving file /data/data/com.android.providers.downloads/cache/metadata-1245.htm
07-05 12:54:09.043   545 25697 I DownloadManager: in removeSpuriousFiles, preserving file /data/data/com.android.providers.downloads/cache/metadata-1282.htm
07-05 12:54:09.043   545 25697 I DownloadManager: in removeSpuriousFiles, preserving file /data/data/com.android.providers.downloads/cache/metadata-1177.htm
07-05 12:54:09.043   545 25697 I DownloadManager: in removeSpuriousFiles, preserving file /data/data/com.android.providers.downloads/cache/metadata-1089.htm
07-05 12:54:09.043   545 25697 I DownloadManager: in removeSpuriousFiles, preserving file /data/data/com.android.providers.downloads/cache/metadata-1256.htm
07-05 12:54:09.043   545 25697 I DownloadManager: in removeSpuriousFiles, preserving file /data/data/com.android.providers.downloads/cache/metadata-793.htm
07-05 12:54:09.047   545 25697 I DownloadManager: in removeSpuriousFiles, preserving file /data/data/com.android.providers.downloads/cache/metadata-446.htm
07-05 12:54:09.047   545 25697 I DownloadManager: in removeSpuriousFiles, preserving file /data/data/com.android.providers.downloads/cache/metadata-414.htm
07-05 12:54:09.047   545 25697 I DownloadManager: in removeSpuriousFiles, preserving file /data/data/com.android.providers.downloads/cache/metadata-1405.htm
07-05 12:54:09.047   545 25697 I DownloadManager: in removeSpuriousFiles, preserving file /data/data/com.android.providers.downloads/cache/metadata-358.htm
07-05 12:54:09.047   545 25697 I DownloadManager: in removeSpuriousFiles, preserving file /data/data/com.android.providers.downloads/cache/metadata-1594.htm
07-05 12:54:09.047   545 25697 I DownloadManager: in removeSpuriousFiles, preserving file /data/data/com.android.providers.downloads/cache/metadata-1477.htm
07-05 12:54:09.047   545 25697 I DownloadManager: in removeSpuriousFiles, preserving file /data/data/com.android.providers.downloads/cache/metadata-1176.htm
07-05 12:54:09.050   545 25697 I DownloadManager: in removeSpuriousFiles, preserving file /data/data/com.android.providers.downloads/cache/metadata-1627.htm
07-05 12:54:09.050   545 25697 I DownloadManager: in removeSpuriousFiles, preserving file /data/data/com.android.providers.downloads/cache/metadata-428.htm
07-05 12:54:09.050   545 25697 I DownloadManager: in removeSpuriousFiles, preserving file /data/data/com.android.providers.downloads/cache/metadata-1486.htm
07-05 12:54:09.050   545 25697 I DownloadManager: in removeSpuriousFiles, preserving file /data/data/com.android.providers.downloads/cache/metadata-20.htm
07-05 12:54:09.050   545 25697 I DownloadManager: in removeSpuriousFiles, preserving file /data/data/com.android.providers.downloads/cache/metadata-251.htm
07-05 12:54:09.050   545 25697 I DownloadManager: in removeSpuriousFiles, preserving file /data/data/com.android.providers.downloads/cache/metadata-45.htm
07-05 12:54:09.050   545 25697 I DownloadManager: in removeSpuriousFiles, preserving file /data/data/com.android.providers.downloads/cache/metadata-50.htm
07-05 12:54:09.050   545 25697 I DownloadManager: in removeSpuriousFiles, preserving file /data/data/com.android.providers.downloads/cache/metadata-374.htm
07-05 12:54:09.050   545 25697 I DownloadManager: in removeSpuriousFiles, preserving file /data/data/com.android.providers.downloads/cache/metadata-113.htm
07-05 12:54:09.050   545 25697 I DownloadManager: in removeSpuriousFiles, preserving file /data/data/com.android.providers.downloads/cache/metadata-53.htm
07-05 12:54:09.050   545 25697 I DownloadManager: in removeSpuriousFiles, preserving file /data/data/com.android.providers.downloads/cache/metadata-154.htm
07-05 12:54:09.050   545 25697 I DownloadManager: in removeSpuriousFiles, preserving file /data/data/com.android.providers.downloads/cache/metadata-97.htm
07-05 12:54:09.050   545 25697 I DownloadManager: in removeSpuriousFiles, preserving file /data/data/com.android.providers.downloads/cache/metadata-105.htm
07-05 12:54:09.050   545 25697 I DownloadManager: in removeSpuriousFiles, preserving file /data/data/com.android.providers.downloads/cache/metadata-66.htm
07-05 12:54:09.050   545 25697 I DownloadManager: in removeSpuriousFiles, preserving file /data/data/com.android.providers.downloads/cache/metadata-117.htm
07-05 12:54:09.050   545 25697 I DownloadManager: in removeSpuriousFiles, preserving file /data/data/com.android.providers.downloads/cache/metadata-273.htm
07-05 12:54:09.050   545 25697 I DownloadManager: in removeSpuriousFiles, preserving file /data/data/com.android.providers.downloads/cache/metadata-237.htm
07-05 12:54:09.050   545 25697 I DownloadManager: in removeSpuriousFiles, preserving file /data/data/com.android.providers.downloads/cache/metadata-160.htm
07-05 12:54:09.050   545 25697 I DownloadManager: in removeSpuriousFiles, preserving file /data/data/com.android.providers.downloads/cache/metadata-269.htm
07-05 12:54:09.050   545 25697 I DownloadManager: in removeSpuriousFiles, preserving file /data/data/com.android.providers.downloads/cache/metadata-659.htm
07-05 12:54:09.050   545 25697 I DownloadManager: in removeSpuriousFiles, preserving file /data/data/com.android.providers.downloads/cache/metadata-239.htm
07-05 12:54:09.054   545 25697 I DownloadManager: in removeSpuriousFiles, preserving file /data/data/com.android.providers.downloads/cache/metadata-127.htm
07-05 12:54:09.054   545 25697 I DownloadManager: in removeSpuriousFiles, preserving file /data/data/com.android.providers.downloads/cache/metadata-93.htm
07-05 12:54:09.054   545 25697 I DownloadManager: in removeSpuriousFiles, preserving file /data/data/com.android.providers.downloads/cache/metadata-1188.htm
07-05 12:54:09.054   545 25697 I DownloadManager: in removeSpuriousFiles, preserving file /data/data/com.android.providers.downloads/cache/metadata-310.htm
07-05 12:54:09.054   545 25697 I DownloadManager: in removeSpuriousFiles, preserving file /data/data/com.android.providers.downloads/cache/metadata-63.htm
07-05 12:54:09.054   545 25697 I DownloadManager: in removeSpuriousFiles, preserving file /data/data/com.android.providers.downloads/cache/metadata-212.htm
07-05 12:54:09.054   545 25697 I DownloadManager: in removeSpuriousFiles, preserving file /data/data/com.android.providers.downloads/cache/metadata-210.htm
07-05 12:54:09.054   545 25697 I DownloadManager: in removeSpuriousFiles, preserving file /data/data/com.android.providers.downloads/cache/metadata-111.htm
07-05 12:54:09.054   545 25697 I DownloadManager: in removeSpuriousFiles, preserving file /data/data/com.android.providers.downloads/cache/metadata-81.htm
07-05 12:54:09.054   545 25697 I DownloadManager: in removeSpuriousFiles, preserving file /data/data/com.android.providers.downloads/cache/metadata-132.htm
07-05 12:54:09.054   545 25697 I DownloadManager: in removeSpuriousFiles, preserving file /data/data/com.android.providers.downloads/cache/metadata-265.htm
07-05 12:54:09.054   545 25697 I DownloadManager: in removeSpuriousFiles, preserving file /data/data/com.android.providers.downloads/cache/metadata-436.htm
07-05 12:54:09.054   545 25697 I DownloadManager: in removeSpuriousFiles, preserving file /data/data/com.android.providers.downloads/cache/metadata-138.htm
07-05 12:54:09.054   545 25697 I DownloadManager: in removeSpuriousFiles, preserving file /data/data/com.android.providers.downloads/cache/metadata-112.htm
07-05 12:54:09.054   545 25697 I DownloadManager: in removeSpuriousFiles, preserving file /data/data/com.android.providers.downloads/cache/metadata-288.htm
07-05 12:54:09.054   545 25697 I DownloadManager: in removeSpuriousFiles, preserving file /data/data/com.android.providers.downloads/cache/metadata-276.htm
07-05 12:54:09.054   545 25697 I DownloadManager: in removeSpuriousFiles, preserving file /data/data/com.android.providers.downloads/cache/metadata-136.htm
07-05 12:54:09.054   545 25697 I DownloadManager: in removeSpuriousFiles, preserving file /data/data/com.android.providers.downloads/cache/metadata-159.htm
07-05 12:54:09.054   545 25697 I DownloadManager: in removeSpuriousFiles, preserving file /data/data/com.android.providers.downloads/cache/metadata-175.htm
07-05 12:54:09.054   545 25697 I DownloadManager: in removeSpuriousFiles, preserving file /data/data/com.android.providers.downloads/cache/metadata-107.htm
07-05 12:54:09.054   545 25697 I DownloadManager: in removeSpuriousFiles, preserving file /data/data/com.android.providers.downloads/cache/metadata-1294.htm
07-05 12:54:09.054   545 25697 I DownloadManager: in removeSpuriousFiles, preserving file /data/data/com.android.providers.downloads/cache/metadata-421.htm
07-05 12:54:09.054   545 25697 I DownloadManager: in removeSpuriousFiles, preserving file /data/data/com.android.providers.downloads/cache/metadata-375.htm
07-05 12:54:09.054   545 25697 I DownloadManager: in removeSpuriousFiles, preserving file /data/data/com.android.providers.downloads/cache/metadata-992.htm
07-05 12:54:09.054   545 25697 I DownloadManager: in removeSpuriousFiles, preserving file /data/data/com.android.providers.downloads/cache/metadata-418.htm
07-05 12:54:09.058   545 25697 I DownloadManager: in removeSpuriousFiles, preserving file /data/data/com.android.providers.downloads/cache/metadata-322.htm
07-05 12:54:09.058   545 25697 I DownloadManager: in removeSpuriousFiles, preserving file /data/data/com.android.providers.downloads/cache/metadata-426.htm
07-05 12:54:09.058   545 25697 I DownloadManager: in removeSpuriousFiles, preserving file /data/data/com.android.providers.downloads/cache/metadata-360.htm
07-05 12:54:09.058   545 25697 I DownloadManager: in removeSpuriousFiles, preserving file /data/data/com.android.providers.downloads/cache/metadata-283.htm
07-05 12:54:09.058   545 25697 I DownloadManager: in removeSpuriousFiles, preserving file /data/data/com.android.providers.downloads/cache/metadata-305.htm
07-05 12:54:09.058   545 25697 I DownloadManager: in removeSpuriousFiles, preserving file /data/data/com.android.providers.downloads/cache/metadata-424.htm
07-05 12:54:09.058   545 25697 I DownloadManager: in removeSpuriousFiles, preserving file /data/data/com.android.providers.downloads/cache/metadata-469.htm
07-05 12:54:09.058   545 25697 I DownloadManager: in removeSpuriousFiles, preserving file /data/data/com.android.providers.downloads/cache/metadata-211.htm
07-05 12:54:09.058   545 25697 I DownloadManager: in removeSpuriousFiles, preserving file /data/data/com.android.providers.downloads/cache/metadata-467.htm
07-05 12:54:09.058   545 25697 I DownloadManager: in removeSpuriousFiles, preserving file /data/data/com.android.providers.downloads/cache/metadata-411.htm
07-05 12:54:09.058   545 25697 I DownloadManager: in removeSpuriousFiles, preserving file /data/data/com.android.providers.downloads/cache/metadata-118.htm
07-05 12:54:09.058   545 25697 I DownloadManager: in removeSpuriousFiles, preserving file /data/data/com.android.providers.downloads/cache/metadata-246.htm
07-05 12:54:09.058   545 25697 I DownloadManager: in removeSpuriousFiles, preserving file /data/data/com.android.providers.downloads/cache/metadata-170.htm
07-05 12:54:09.058   545 25697 I DownloadManager: in removeSpuriousFiles, preserving file /data/data/com.android.providers.downloads/cache/metadata-92.htm
07-05 12:54:09.058   545 25697 I DownloadManager: in removeSpuriousFiles, preserving file /data/data/com.android.providers.downloads/cache/metadata-847.htm
07-05 12:54:09.058   545 25697 I DownloadManager: in removeSpuriousFiles, preserving file /data/data/com.android.providers.downloads/cache/metadata-1262.htm
07-05 12:54:09.058   545 25697 I DownloadManager: in removeSpuriousFiles, preserving file /data/data/com.android.providers.downloads/cache/metadata-359.htm
07-05 12:54:09.058   545 25697 I DownloadManager: in removeSpuriousFiles, preserving file /data/data/com.android.providers.downloads/cache/metadata-480.htm
07-05 12:54:09.058   545 25697 I DownloadManager: in removeSpuriousFiles, preserving file /data/data/com.android.providers.downloads/cache/metadata-1114.htm
07-05 12:54:09.058   545 25697 I DownloadManager: in removeSpuriousFiles, preserving file /data/data/com.android.providers.downloads/cache/metadata-415.htm
07-05 12:54:09.058   545 25697 I DownloadManager: in removeSpuriousFiles, preserving file /data/data/com.android.providers.downloads/cache/metadata-213.htm
07-05 12:54:09.058   545 25697 I DownloadManager: in removeSpuriousFiles, preserving file /data/data/com.android.providers.downloads/cache/metadata-326.htm
07-05 12:54:09.062   545 25697 I DownloadManager: in removeSpuriousFiles, preserving file /data/data/com.android.providers.downloads/cache/metadata-343.htm
07-05 12:54:09.062   545 25697 I DownloadManager: in removeSpuriousFiles, preserving file /data/data/com.android.providers.downloads/cache/metadata-1172.htm
07-05 12:54:09.062   545 25697 I DownloadManager: in removeSpuriousFiles, preserving file /data/data/com.android.providers.downloads/cache/metadata-1479.htm
07-05 12:54:09.062   545 25697 I DownloadManager: in removeSpuriousFiles, preserving file /data/data/com.android.providers.downloads/cache/metadata-386.htm
07-05 12:54:09.062   545 25697 I DownloadManager: in removeSpuriousFiles, preserving file /data/data/com.android.providers.downloads/cache/metadata-523.htm
07-05 12:54:09.062   545 25697 I DownloadManager: in removeSpuriousFiles, preserving file /data/data/com.android.providers.downloads/cache/metadata-419.htm
07-05 12:54:09.062   545 25697 I DownloadManager: in removeSpuriousFiles, preserving file /data/data/com.android.providers.downloads/cache/metadata-399.htm
07-05 12:54:09.062   545 25697 I DownloadManager: in removeSpuriousFiles, preserving file /data/data/com.android.providers.downloads/cache/metadata-1131.htm
07-05 12:54:09.062   545 25697 I DownloadManager: in removeSpuriousFiles, preserving file /data/data/com.android.providers.downloads/cache/metadata-1694.htm
07-05 12:54:09.062   545 25697 I DownloadManager: in removeSpuriousFiles, preserving file /data/data/com.android.providers.downloads/cache/metadata-2509.htm
07-05 12:54:09.062   545 25697 I DownloadManager: in removeSpuriousFiles, preserving file /data/data/com.android.providers.downloads/cache/metadata-235.htm
07-05 12:54:09.062   545 25697 I DownloadManager: in removeSpuriousFiles, preserving file /data/data/com.android.providers.downloads/cache/metadata-2432.htm
07-05 12:54:09.062   545 25697 I DownloadManager: in removeSpuriousFiles, preserving file /data/data/com.android.providers.downloads/cache/metadata-1566.htm
07-05 12:54:09.062   545 25697 I DownloadManager: in removeSpuriousFiles, preserving file /data/data/com.android.providers.downloads/cache/metadata-335.htm
07-05 12:54:09.062   545 25697 I DownloadManager: in removeSpuriousFiles, preserving file /data/data/com.android.providers.downloads/cache/metadata-243.htm
07-05 12:54:09.062   545 25697 I DownloadManager: in removeSpuriousFiles, preserving file /data/data/com.android.providers.downloads/cache/metadata-394.htm
07-05 12:54:09.062   545 25697 I DownloadManager: in removeSpuriousFiles, preserving file /data/data/com.android.providers.downloads/cache/metadata-521.htm
07-05 12:54:09.062   545 25697 I DownloadManager: in removeSpuriousFiles, preserving file /data/data/com.android.providers.downloads/cache/metadata-1668.htm
07-05 12:54:09.062   545 25697 I DownloadManager: in removeSpuriousFiles, preserving file /data/data/com.android.providers.downloads/cache/metadata-354.htm
07-05 12:54:09.062   545 25697 I DownloadManager: in removeSpuriousFiles, preserving file /data/data/com.android.providers.downloads/cache/metadata-281.htm
07-05 12:54:09.066   545 25697 I DownloadManager: in removeSpuriousFiles, preserving file /data/data/com.android.providers.downloads/cache/metadata-400.htm
07-05 12:54:09.066   545 25697 I DownloadManager: in removeSpuriousFiles, preserving file /data/data/com.android.providers.downloads/cache/metadata-1144.htm
07-05 12:54:09.066   545 25697 I DownloadManager: in removeSpuriousFiles, preserving file /data/data/com.android.providers.downloads/cache/metadata-1366.htm
07-05 12:54:09.066   545 25697 I DownloadManager: in removeSpuriousFiles, preserving file /data/data/com.android.providers.downloads/cache/metadata-1163.htm
07-05 12:54:09.066   545 25697 I DownloadManager: in removeSpuriousFiles, preserving file /data/data/com.android.providers.downloads/cache/metadata-460.htm
07-05 12:54:09.066   545 25697 I DownloadManager: in removeSpuriousFiles, preserving file /data/data/com.android.providers.downloads/cache/metadata-660.htm
07-05 12:54:09.066   545 25697 I DownloadManager: in removeSpuriousFiles, preserving file /data/data/com.android.providers.downloads/cache/metadata-403.htm
07-05 12:54:09.066   545 25697 I DownloadManager: in removeSpuriousFiles, preserving file /data/data/com.android.providers.downloads/cache/metadata-1265.htm
07-05 12:54:09.066   545 25697 I DownloadManager: in removeSpuriousFiles, preserving file /data/data/com.android.providers.downloads/cache/metadata-422.htm
07-05 12:54:09.066   545 25697 I DownloadManager: in removeSpuriousFiles, preserving file /data/data/com.android.providers.downloads/cache/metadata-1213.htm
07-05 12:54:09.066   545 25697 I DownloadManager: in removeSpuriousFiles, preserving file /data/data/com.android.providers.downloads/cache/metadata-500.htm
07-05 12:54:09.066   545 25697 I DownloadManager: in removeSpuriousFiles, preserving file /data/data/com.android.providers.downloads/cache/metadata-589.htm
07-05 12:54:09.066   545 25697 I DownloadManager: in removeSpuriousFiles, preserving file /data/data/com.android.providers.downloads/cache/metadata-2100.htm
07-05 12:54:09.066   545 25697 I DownloadManager: in removeSpuriousFiles, preserving file /data/data/com.android.providers.downloads/cache/metadata-1289.htm
07-05 12:54:09.066   545 25697 I DownloadManager: in removeSpuriousFiles, preserving file /data/data/com.android.providers.downloads/cache/metadata-984.htm
07-05 12:54:09.066   545 25697 I DownloadManager: in removeSpuriousFiles, preserving file /data/data/com.android.providers.downloads/cache/metadata-900.htm
07-05 12:54:09.066   545 25697 I DownloadManager: in removeSpuriousFiles, preserving file /data/data/com.android.providers.downloads/cache/metadata-1124.htm
07-05 12:54:09.066   545 25697 I DownloadManager: in removeSpuriousFiles, preserving file /data/data/com.android.providers.downloads/cache/metadata-936.htm
07-05 12:54:09.066   545 25697 I DownloadManager: in removeSpuriousFiles, preserving file /data/data/com.android.providers.downloads/cache/metadata-388.htm
07-05 12:54:09.066   545 25697 I DownloadManager: in removeSpuriousFiles, preserving file /data/data/com.android.providers.downloads/cache/metadata-745.htm
07-05 12:54:09.066   545 25697 I DownloadManager: in removeSpuriousFiles, preserving file /data/data/com.android.providers.downloads/cache/metadata-1152.htm
07-05 12:54:09.070   545 25697 I DownloadManager: in removeSpuriousFiles, preserving file /data/data/com.android.providers.downloads/cache/metadata-782.htm
07-05 12:54:09.070   545 25697 I DownloadManager: in removeSpuriousFiles, preserving file /data/data/com.android.providers.downloads/cache/metadata-1111.htm
07-05 12:54:09.070   545 25697 I DownloadManager: in removeSpuriousFiles, preserving file /data/data/com.android.providers.downloads/cache/metadata-1849.htm
07-05 12:54:09.070   545 25697 I DownloadManager: in removeSpuriousFiles, preserving file /data/data/com.android.providers.downloads/cache/metadata-1174.htm
07-05 12:54:09.070   545 25697 I DownloadManager: in removeSpuriousFiles, preserving file /data/data/com.android.providers.downloads/cache/metadata-408.htm
07-05 12:54:09.070   545 25697 I DownloadManager: in removeSpuriousFiles, preserving file /data/data/com.android.providers.downloads/cache/metadata-612.htm
07-05 12:54:09.070   545 25697 I DownloadManager: in removeSpuriousFiles, preserving file /data/data/com.android.providers.downloads/cache/metadata-368.htm
07-05 12:54:09.070   545 25697 I DownloadManager: in removeSpuriousFiles, preserving file /data/data/com.android.providers.downloads/cache/metadata-544.htm
07-05 12:54:09.070   545 25697 I DownloadManager: in removeSpuriousFiles, preserving file /data/data/com.android.providers.downloads/cache/metadata-1817.htm
07-05 12:54:09.070   545 25697 I DownloadManager: in removeSpuriousFiles, preserving file /data/data/com.android.providers.downloads/cache/metadata-701.htm
07-05 12:54:09.070   545 25697 I DownloadManager: in removeSpuriousFiles, preserving file /data/data/com.android.providers.downloads/cache/metadata-607.htm
07-05 12:54:09.070   545 25697 I DownloadManager: in removeSpuriousFiles, preserving file /data/data/com.android.providers.downloads/cache/metadata-2090.htm
07-05 12:54:09.070   545 25697 I DownloadManager: in removeSpuriousFiles, preserving file /data/data/com.android.providers.downloads/cache/metadata-1254.htm
07-05 12:54:09.070   545 25697 I DownloadManager: in removeSpuriousFiles, preserving file /data/data/com.android.providers.downloads/cache/metadata-1345.htm
07-05 12:54:09.070   545 25697 I DownloadManager: in removeSpuriousFiles, preserving file /data/data/com.android.providers.downloads/cache/metadata-323.htm
07-05 12:54:09.070   545 25697 I DownloadManager: in removeSpuriousFiles, preserving file /data/data/com.android.providers.downloads/cache/metadata-2112.htm
07-05 12:54:09.070   545 25697 I DownloadManager: in removeSpuriousFiles, preserving file /data/data/com.android.providers.downloads/cache/metadata-1198.htm
07-05 12:54:09.074   545 25697 I DownloadManager: deleting spurious file /cache/dalvik-cache
07-05 12:54:09.074   545 25697 I DownloadManager: deleting spurious file /data/data/com.android.providers.downloads/cache/metadata-261.htm
07-05 12:54:09.074   545 25697 I DownloadManager: deleting spurious file /data/data/com.android.providers.downloads/cache/metadata-43.htm
07-05 12:54:09.074   545 25697 I DownloadManager: deleting spurious file /data/data/com.android.providers.downloads/cache/metadata-49.htm
07-05 12:54:09.074   545 25697 I DownloadManager: deleting spurious file /data/data/com.android.providers.downloads/cache/metadata-30.htm
07-05 12:54:09.074   545 25697 I DownloadManager: deleting spurious file /data/data/com.android.providers.downloads/cache/metadata-103.htm
07-05 12:54:09.074   545 25697 I DownloadManager: deleting spurious file /data/data/com.android.providers.downloads/cache/metadata-91.htm
07-05 12:54:09.074   545 25697 I DownloadManager: deleting spurious file /data/data/com.android.providers.downloads/cache/metadata-96.htm
07-05 12:54:09.074   545 25697 I DownloadManager: deleting spurious file /data/data/com.android.providers.downloads/cache/metadata-518.htm
07-05 12:54:09.074   545 25697 I DownloadManager: deleting spurious file /data/data/com.android.providers.downloads/cache/metadata-227.htm
07-05 12:54:09.074   545 25697 I DownloadManager: deleting spurious file /data/data/com.android.providers.downloads/cache/metadata-236.htm
07-05 12:54:09.078   545 25697 I DownloadManager: deleting spurious file /data/data/com.android.providers.downloads/cache/metadata-203.htm
07-05 12:54:09.078   545 25697 I DownloadManager: deleting spurious file /data/data/com.android.providers.downloads/cache/metadata-380.htm
07-05 12:54:09.078   545 25697 I DownloadManager: deleting spurious file /data/data/com.android.providers.downloads/cache/metadata-1236.htm
07-05 12:54:09.078   545 25697 I DownloadManager: deleting spurious file /data/data/com.android.providers.downloads/cache/metadata-270.htm
07-05 12:54:09.078   545 25697 I DownloadManager: deleting spurious file /data/data/com.android.providers.downloads/cache/metadata-242.htm
07-05 12:54:09.078   545 25697 I DownloadManager: deleting spurious file /data/data/com.android.providers.downloads/cache/metadata-214.htm
07-05 12:54:09.078   545 25697 I DownloadManager: deleting spurious file /data/data/com.android.providers.downloads/cache/metadata-166.htm
07-05 12:54:09.078   545 25697 I DownloadManager: deleting spurious file /data/data/com.android.providers.downloads/cache/metadata-367.htm
07-05 12:54:09.078   545 25697 I DownloadManager: deleting spurious file /data/data/com.android.providers.downloads/cache/metadata-65.htm
07-05 12:54:09.078   545 25697 I DownloadManager: deleting spurious file /data/data/com.android.providers.downloads/cache/metadata-234.htm
07-05 12:54:09.078   545 25697 I DownloadManager: deleting spurious file /data/data/com.android.providers.downloads/cache/metadata-171.htm
07-05 12:54:09.078   545 25697 I DownloadManager: deleting spurious file /data/data/com.android.providers.downloads/cache/metadata-420.htm
07-05 12:54:09.078   545 25697 I DownloadManager: deleting spurious file /data/data/com.android.providers.downloads/cache/metadata-316.htm
07-05 12:54:09.078   545 25697 I DownloadManager: deleting spurious file /data/data/com.android.providers.downloads/cache/metadata-155.htm
07-05 12:54:09.078   545 25697 I DownloadManager: deleting spurious file /data/data/com.android.providers.downloads/cache/metadata-176.htm
07-05 12:54:09.078   545 25697 I DownloadManager: deleting spurious file /data/data/com.android.providers.downloads/cache/metadata-144.htm
07-05 12:54:09.078   545 25697 I DownloadManager: deleting spurious file /data/data/com.android.providers.downloads/cache/metadata-457.htm
07-05 12:54:09.078   545 25697 I DownloadManager: deleting spurious file /data/data/com.android.providers.downloads/cache/metadata-667.htm
07-05 12:54:09.082   545 25697 I DownloadManager: deleting spurious file /data/data/com.android.providers.downloads/cache/metadata-204.htm
07-05 12:54:09.082   545 25697 I DownloadManager: deleting spurious file /data/data/com.android.providers.downloads/cache/metadata-2079.htm
07-05 12:54:09.082   545 25697 I DownloadManager: deleting spurious file /data/data/com.android.providers.downloads/cache/metadata-228.htm
07-05 12:54:09.082   545 25697 I DownloadManager: deleting spurious file /data/data/com.android.providers.downloads/cache/metadata-119.htm
07-05 12:54:09.082   545 25697 I DownloadManager: deleting spurious file /data/data/com.android.providers.downloads/cache/metadata-450.htm
07-05 12:54:09.082   545 25697 I DownloadManager: deleting spurious file /data/data/com.android.providers.downloads/cache/metadata-417.htm
07-05 12:54:09.082   545 25697 I DownloadManager: deleting spurious file /data/data/com.android.providers.downloads/cache/metadata-146.htm
07-05 12:54:09.082   545 25697 I DownloadManager: deleting spurious file /data/data/com.android.providers.downloads/cache/metadata-338.htm
07-05 12:54:09.082   545 25697 I DownloadManager: deleting spurious file /data/data/com.android.providers.downloads/cache/metadata-221.htm
07-05 12:54:09.082   545 25697 I DownloadManager: deleting spurious file /data/data/com.android.providers.downloads/cache/metadata-250.htm
07-05 12:54:09.082   545 25697 I DownloadManager: deleting spurious file /data/data/com.android.providers.downloads/cache/metadata-165.htm
07-05 12:54:09.082   545 25697 I DownloadManager: deleting spurious file /data/data/com.android.providers.downloads/cache/metadata-253.htm
07-05 12:54:09.082   545 25697 I DownloadManager: deleting spurious file /data/data/com.android.providers.downloads/cache/metadata-278.htm
07-05 12:54:09.082   545 25697 I DownloadManager: deleting spurious file /data/data/com.android.providers.downloads/cache/metadata-74.htm
07-05 12:54:09.082   545 25697 I DownloadManager: deleting spurious file /data/data/com.android.providers.downloads/cache/metadata-1408.htm
07-05 12:54:09.082   545 25697 I DownloadManager: deleting spurious file /data/data/com.android.providers.downloads/cache/metadata-130.htm
07-05 12:54:09.082   545 25697 I DownloadManager: deleting spurious file /data/data/com.android.providers.downloads/cache/metadata-405.htm
07-05 12:54:09.086   545 25697 I DownloadManager: deleting spurious file /data/data/com.android.providers.downloads/cache/metadata-431.htm
07-05 12:54:09.086   545 25697 I DownloadManager: deleting spurious file /data/data/com.android.providers.downloads/cache/metadata-329.htm
07-05 12:54:09.086   545 25697 I DownloadManager: deleting spurious file /data/data/com.android.providers.downloads/cache/metadata-225.htm
07-05 12:54:09.086   545 25697 I DownloadManager: deleting spurious file /data/data/com.android.providers.downloads/cache/metadata-1182.htm
07-05 12:54:09.086   545 25697 I DownloadManager: deleting spurious file /data/data/com.android.providers.downloads/cache/metadata-357.htm
07-05 12:54:09.086   545 25697 I DownloadManager: deleting spurious file /data/data/com.android.providers.downloads/cache/metadata-549.htm
07-05 12:54:09.086   545 25697 I DownloadManager: deleting spurious file /data/data/com.android.providers.downloads/cache/metadata-100.htm
07-05 12:54:09.086   545 25697 I DownloadManager: deleting spurious file /data/data/com.android.providers.downloads/cache/metadata-337.htm
07-05 12:54:09.086   545 25697 I DownloadManager: deleting spurious file /data/data/com.android.providers.downloads/cache/metadata-222.htm
07-05 12:54:09.086   545 25697 I DownloadManager: deleting spurious file /data/data/com.android.providers.downloads/cache/metadata-260.htm
07-05 12:54:09.086   545 25697 I DownloadManager: deleting spurious file /data/data/com.android.providers.downloads/cache/metadata-472.htm
07-05 12:54:09.086   545 25697 I DownloadManager: deleting spurious file /data/data/com.android.providers.downloads/cache/metadata-1186.htm
07-05 12:54:09.086   545 25697 I DownloadManager: deleting spurious file /data/data/com.android.providers.downloads/cache/metadata-404.htm
07-05 12:54:09.086   545 25697 I DownloadManager: deleting spurious file /data/data/com.android.providers.downloads/cache/metadata-266.htm
07-05 12:54:09.086   545 25697 I DownloadManager: deleting spurious file /data/data/com.android.providers.downloads/cache/metadata-256.htm
07-05 12:54:09.086   545 25697 I DownloadManager: deleting spurious file /data/data/com.android.providers.downloads/cache/metadata-328.htm
07-05 12:54:09.086   545 25697 I DownloadManager: deleting spurious file /data/data/com.android.providers.downloads/cache/metadata-186.htm
07-05 12:54:09.086   545 25697 I DownloadManager: deleting spurious file /data/data/com.android.providers.downloads/cache/metadata-379.htm
07-05 12:54:09.090   545 25697 I DownloadManager: deleting spurious file /data/data/com.android.providers.downloads/cache/metadata-387.htm
07-05 12:54:09.090   545 25697 I DownloadManager: deleting spurious file /data/data/com.android.providers.downloads/cache/metadata-777.htm
07-05 12:54:09.090   545 25697 I DownloadManager: deleting spurious file /data/data/com.android.providers.downloads/cache/metadata-389.htm
07-05 12:54:09.090   545 25697 I DownloadManager: deleting spurious file /data/data/com.android.providers.downloads/cache/metadata-285.htm
07-05 12:54:09.090   545 25697 I DownloadManager: deleting spurious file /data/data/com.android.providers.downloads/cache/metadata-275.htm
07-05 12:54:09.090   545 25697 I DownloadManager: deleting spurious file /data/data/com.android.providers.downloads/cache/metadata-1019.htm
07-05 12:54:09.090   545 25697 I DownloadManager: deleting spurious file /data/data/com.android.providers.downloads/cache/metadata-199.htm
07-05 12:54:09.090   545 25697 I DownloadManager: deleting spurious file /data/data/com.android.providers.downloads/cache/metadata-412.htm
07-05 12:54:09.090   545 25697 I DownloadManager: deleting spurious file /data/data/com.android.providers.downloads/cache/metadata-463.htm
07-05 12:54:09.090   545 25697 I DownloadManager: deleting spurious file /data/data/com.android.providers.downloads/cache/metadata-407.htm
07-05 12:54:09.090   545 25697 I DownloadManager: deleting spurious file /data/data/com.android.providers.downloads/cache/metadata-1440.htm
07-05 12:54:09.090   545 25697 I DownloadManager: deleting spurious file /data/data/com.android.providers.downloads/cache/metadata-462.htm
07-05 12:54:09.090   545 25697 I DownloadManager: deleting spurious file /data/data/com.android.providers.downloads/cache/metadata-1209.htm
07-05 12:54:09.090   545 25697 I DownloadManager: deleting spurious file /data/data/com.android.providers.downloads/cache/metadata-341.htm
07-05 12:54:09.090   545 25697 I DownloadManager: deleting spurious file /data/data/com.android.providers.downloads/cache/metadata-1222.htm
07-05 12:54:09.090   545 25697 I DownloadManager: deleting spurious file /data/data/com.android.providers.downloads/cache/metadata-507.htm
07-05 12:54:09.090   545 25697 I DownloadManager: deleting spurious file /data/data/com.android.providers.downloads/cache/metadata-110.htm
07-05 12:54:09.093   545 25697 I DownloadManager: deleting spurious file /data/data/com.android.providers.downloads/cache/metadata-922.htm
07-05 12:54:09.093   545 25697 I DownloadManager: deleting spurious file /data/data/com.android.providers.downloads/cache/metadata-1401.htm
07-05 12:54:09.093   545 25697 I DownloadManager: deleting spurious file /data/data/com.android.providers.downloads/cache/metadata-298.htm
07-05 12:54:09.093   545 25697 I DownloadManager: deleting spurious file /data/data/com.android.providers.downloads/cache/metadata-198.htm
07-05 12:54:09.093   545 25697 I DownloadManager: deleting spurious file /data/data/com.android.providers.downloads/cache/metadata-282.htm
07-05 12:54:09.093   545 25697 I DownloadManager: deleting spurious file /data/data/com.android.providers.downloads/cache/metadata-587.htm
07-05 12:54:09.093   545 25697 I DownloadManager: deleting spurious file /data/data/com.android.providers.downloads/cache/metadata-396.htm
07-05 12:54:09.093   545 25697 I DownloadManager: deleting spurious file /data/data/com.android.providers.downloads/cache/metadata-1293.htm
07-05 12:54:09.093   545 25697 I DownloadManager: deleting spurious file /data/data/com.android.providers.downloads/cache/metadata-1411.htm
07-05 12:54:09.093   545 25697 I DownloadManager: deleting spurious file /data/data/com.android.providers.downloads/cache/metadata-789.htm
07-05 12:54:09.097   545 25697 I DownloadManager: deleting spurious file /data/data/com.android.providers.downloads/cache/metadata-1275.htm
07-05 12:54:09.097   545 25697 I DownloadManager: deleting spurious file /data/data/com.android.providers.downloads/cache/metadata-390.htm
07-05 12:54:09.097   545 25697 I DownloadManager: deleting spurious file /data/data/com.android.providers.downloads/cache/metadata-84.htm
07-05 12:54:09.097   545 25697 I DownloadManager: deleting spurious file /data/data/com.android.providers.downloads/cache/metadata-798.htm
07-05 12:54:09.097   545 25697 I DownloadManager: deleting spurious file /data/data/com.android.providers.downloads/cache/metadata-898.htm
07-05 12:54:09.097   545 25697 I DownloadManager: deleting spurious file /data/data/com.android.providers.downloads/cache/metadata-1381.htm
07-05 12:54:09.097   545 25697 I DownloadManager: deleting spurious file /data/data/com.android.providers.downloads/cache/metadata-554.htm
07-05 12:54:09.097   545 25697 I DownloadManager: deleting spurious file /data/data/com.android.providers.downloads/cache/metadata-1050.htm
07-05 12:54:09.097   545 25697 I DownloadManager: deleting spurious file /data/data/com.android.providers.downloads/cache/metadata-409.htm
07-05 12:54:09.097   545 25697 I DownloadManager: deleting spurious file /data/data/com.android.providers.downloads/cache/metadata-2219.htm
07-05 12:54:09.097   545 25697 I DownloadManager: deleting spurious file /data/data/com.android.providers.downloads/cache/metadata-918.htm
07-05 12:54:09.097   545 25697 I DownloadManager: deleting spurious file /data/data/com.android.providers.downloads/cache/metadata-279.htm
07-05 12:54:09.097   545 25697 I DownloadManager: deleting spurious file /data/data/com.android.providers.downloads/cache/metadata-169.htm
07-05 12:54:09.097   545 25697 I DownloadManager: deleting spurious file /data/data/com.android.providers.downloads/cache/metadata-1170.htm
07-05 12:54:09.097   545 25697 I DownloadManager: deleting spurious file /data/data/com.android.providers.downloads/cache/metadata-816.htm
07-05 12:54:09.097   545 25697 I DownloadManager: deleting spurious file /data/data/com.android.providers.downloads/cache/metadata-671.htm
07-05 12:54:09.101   545 25697 I DownloadManager: deleting spurious file /data/data/com.android.providers.downloads/cache/metadata-485.htm
07-05 12:54:09.101   545 25697 I DownloadManager: deleting spurious file /data/data/com.android.providers.downloads/cache/metadata-1533.htm
07-05 12:54:09.101   545 25697 I DownloadManager: deleting spurious file /data/data/com.android.providers.downloads/cache/metadata-618.htm
07-05 12:54:09.101   545 25697 I DownloadManager: deleting spurious file /data/data/com.android.providers.downloads/cache/metadata-650.htm
07-05 12:54:09.101   545 25697 I DownloadManager: deleting spurious file /data/data/com.android.providers.downloads/cache/metadata-2213.htm
07-05 12:54:09.101   545 25697 I DownloadManager: deleting spurious file /data/data/com.android.providers.downloads/cache/metadata-1918.htm
07-05 12:54:09.101   545 25697 I DownloadManager: deleting spurious file /data/data/com.android.providers.downloads/cache/metadata-452.htm
07-05 12:54:09.101   545 25697 I DownloadManager: deleting spurious file /data/data/com.android.providers.downloads/cache/metadata-476.htm
07-05 12:54:09.101   545 25697 I DownloadManager: deleting spurious file /data/data/com.android.providers.downloads/cache/metadata-1810.htm
07-05 12:54:09.101   545 25697 I DownloadManager: deleting spurious file /data/data/com.android.providers.downloads/cache/metadata-520.htm
07-05 12:54:09.101   545 25697 I DownloadManager: deleting spurious file /data/data/com.android.providers.downloads/cache/metadata-1489.htm
07-05 12:54:09.101   545 25697 I DownloadManager: deleting spurious file /data/data/com.android.providers.downloads/cache/metadata-2218.htm
07-05 12:54:09.101   545 25697 I DownloadManager: deleting spurious file /data/data/com.android.providers.downloads/cache/metadata-2214.htm
07-05 12:54:09.101   545 25697 I DownloadManager: deleting spurious file /data/data/com.android.providers.downloads/cache/metadata-755.htm
07-05 12:54:09.179   545   548 D dalvikvm: GC_CONCURRENT freed 743K, 11% free 10506K/11719K, paused 2ms+2ms
07-05 12:54:09.414   545   548 D dalvikvm: GC_CONCURRENT freed 403K, 11% free 10506K/11719K, paused 2ms+2ms
07-05 12:54:09.574   545 25699 I DownloadManager: Initiating request for download 3026
07-05 12:54:09.660   545   548 D dalvikvm: GC_CONCURRENT freed 366K, 10% free 10599K/11719K, paused 2ms+3ms
07-05 12:54:09.765   545   548 D dalvikvm: GC_CONCURRENT freed 267K, 8% free 10806K/11719K, paused 2ms+2ms
07-05 12:54:09.937   545   548 D dalvikvm: GC_CONCURRENT freed 733K, 10% free 10554K/11719K, paused 2ms+2ms
07-05 12:54:10.133   545   548 D dalvikvm: GC_CONCURRENT freed 412K, 11% free 10537K/11719K, paused 2ms+2ms
07-05 12:54:10.320   545   548 D dalvikvm: GC_CONCURRENT freed 411K, 11% free 10528K/11719K, paused 2ms+3ms
07-05 12:54:11.722   545 25701 I DownloadManager: Initiating request for download 3027
07-05 12:54:11.859   545   548 D dalvikvm: GC_CONCURRENT freed 324K, 10% free 10655K/11719K, paused 2ms+4ms
07-05 12:54:11.984   545   548 D dalvikvm: GC_CONCURRENT freed 294K, 8% free 10830K/11719K, paused 2ms+4ms
07-05 12:54:12.226   545   548 D dalvikvm: GC_CONCURRENT freed 785K, 11% free 10533K/11719K, paused 2ms+3ms
07-05 12:54:12.457   545   548 D dalvikvm: GC_CONCURRENT freed 441K, 11% free 10493K/11719K, paused 2ms+3ms
07-05 12:54:12.515  1370 25704 E DictionaryProvider:UpdateHandler: Can't read a file : android.util.MalformedJsonException: Use JsonReader.setLenient(true) to accept malformed JSON at line 1 column 20
07-05 12:54:12.609  1370  1372 D dalvikvm: GC_CONCURRENT freed 387K, 7% free 9126K/9735K, paused 2ms+2ms
07-05 12:54:12.761   545   548 D dalvikvm: GC_CONCURRENT freed 409K, 11% free 10485K/11719K, paused 2ms+2ms
07-05 12:54:12.859   545 25707 I DownloadManager: Initiating request for download 3027
07-05 12:54:12.949   545   548 D dalvikvm: GC_CONCURRENT freed 292K, 9% free 10724K/11719K, paused 2ms+4ms
07-05 12:54:13.054   545 25429 D dalvikvm: GC_EXPLICIT freed 333K, 8% free 10850K/11719K, paused 2ms+7ms
07-05 12:54:13.675   545   548 D dalvikvm: GC_CONCURRENT freed 820K, 11% free 10530K/11719K, paused 2ms+3ms
07-05 12:54:13.933   545   548 D dalvikvm: GC_CONCURRENT freed 456K, 11% free 10485K/11719K, paused 2ms+3ms
07-05 12:54:14.160   545   548 D dalvikvm: GC_CONCURRENT freed 411K, 11% free 10468K/11719K, paused 2ms+2ms
07-05 12:54:14.480   545 25710 I DownloadManager: Initiating request for download 3028
07-05 12:54:14.574   545   548 D dalvikvm: GC_CONCURRENT freed 233K, 9% free 10695K/11719K, paused 2ms+3ms
07-05 12:54:14.648   545   548 D dalvikvm: GC_CONCURRENT freed 416K, 9% free 10730K/11719K, paused 2ms+2ms
07-05 12:54:16.679   545   548 D dalvikvm: GC_CONCURRENT freed 680K, 11% free 10505K/11719K, paused 1ms+3ms
07-05 12:54:16.933   545   548 D dalvikvm: GC_CONCURRENT freed 446K, 11% free 10470K/11719K, paused 2ms+3ms
07-05 12:54:16.988  1370 25712 E DictionaryProvider:UpdateHandler: Can't read a file : android.util.MalformedJsonException: Use JsonReader.setLenient(true) to accept malformed JSON at line 1 column 20
07-05 12:54:17.140   545 25715 I DownloadManager: Initiating request for download 3028
07-05 12:54:17.199   545   548 D dalvikvm: GC_CONCURRENT freed 404K, 11% free 10457K/11719K, paused 2ms+4ms
07-05 12:54:17.320   545   548 D dalvikvm: GC_CONCURRENT freed 219K, 9% free 10688K/11719K, paused 2ms+3ms
07-05 12:54:17.449   545   548 D dalvikvm: GC_CONCURRENT freed 430K, 9% free 10707K/11719K, paused 1ms+3ms
07-05 12:54:17.679   545   548 D dalvikvm: GC_CONCURRENT freed 672K, 11% free 10481K/11719K, paused 2ms+2ms
07-05 12:54:17.871   545   548 D dalvikvm: GC_CONCURRENT freed 416K, 11% free 10460K/11719K, paused 2ms+2ms
07-05 12:54:18.793   545 25717 I DownloadManager: Initiating request for download 3029
07-05 12:54:18.929   545   548 D dalvikvm: GC_CONCURRENT freed 358K, 10% free 10602K/11719K, paused 3ms+5ms
07-05 12:54:19.054   545   548 D dalvikvm: GC_CONCURRENT freed 314K, 9% free 10777K/11719K, paused 2ms+3ms
07-05 12:54:19.316   545   548 D dalvikvm: GC_CONCURRENT freed 784K, 11% free 10468K/11719K, paused 1ms+2ms
07-05 12:54:19.562   545   548 D dalvikvm: GC_CONCURRENT freed 433K, 11% free 10437K/11719K, paused 1ms+3ms
07-05 12:54:19.601  1370 25720 E DictionaryProvider:UpdateHandler: Can't read a file : android.util.MalformedJsonException: Use JsonReader.setLenient(true) to accept malformed JSON at line 1 column 20
07-05 12:54:19.664   465   467 D dalvikvm: GC_CONCURRENT freed 430K, 6% free 10516K/11079K, paused 2ms+3ms
07-05 12:54:19.843   545   548 D dalvikvm: GC_CONCURRENT freed 421K, 12% free 10411K/11719K, paused 2ms+2ms
07-05 12:54:19.871   545 25723 I DownloadManager: Initiating request for download 3029
07-05 12:54:19.968   545   548 D dalvikvm: GC_CONCURRENT freed 203K, 10% free 10648K/11719K, paused 2ms+4ms
07-05 12:54:20.058   545   548 D dalvikvm: GC_CONCURRENT freed 402K, 9% free 10673K/11719K, paused 2ms+2ms
07-05 12:54:21.703   545   548 D dalvikvm: GC_CONCURRENT freed 660K, 11% free 10461K/11719K, paused 3ms+2ms
07-05 12:54:21.910   545   548 D dalvikvm: GC_CONCURRENT freed 448K, 12% free 10408K/11719K, paused 2ms+2ms
07-05 12:54:23.468   545 25726 I DownloadManager: Initiating request for download 3030
07-05 12:54:23.535   545   548 D dalvikvm: GC_CONCURRENT freed 307K, 11% free 10532K/11719K, paused 2ms+3ms
07-05 12:54:23.633   545   548 D dalvikvm: GC_CONCURRENT freed 265K, 9% free 10682K/11719K, paused 2ms+3ms
07-05 12:54:23.789   545   548 D dalvikvm: GC_CONCURRENT freed 687K, 11% free 10434K/11719K, paused 2ms+2ms
07-05 12:54:23.902  1370 25728 E DictionaryProvider:UpdateHandler: Can't read a file : android.util.MalformedJsonException: Use JsonReader.setLenient(true) to accept malformed JSON at line 1 column 20
07-05 12:54:24.035   545   548 D dalvikvm: GC_CONCURRENT freed 436K, 12% free 10393K/11719K, paused 2ms+2ms
07-05 12:54:24.207   545   548 D dalvikvm: GC_CONCURRENT freed 418K, 12% free 10369K/11719K, paused 2ms+2ms
07-05 12:54:24.238   545 25731 I DownloadManager: Initiating request for download 3030
07-05 12:54:24.336   545   548 D dalvikvm: GC_CONCURRENT freed 214K, 10% free 10615K/11719K, paused 2ms+3ms
07-05 12:54:24.449   545   548 D dalvikvm: GC_CONCURRENT freed 412K, 10% free 10639K/11719K, paused 1ms+3ms
07-05 12:54:24.668   545   548 D dalvikvm: GC_CONCURRENT freed 681K, 12% free 10393K/11719K, paused 1ms+3ms
07-05 12:54:24.847   545   548 D dalvikvm: GC_CONCURRENT freed 427K, 12% free 10361K/11719K, paused 1ms+3ms
07-05 12:54:24.961   545 25734 I DownloadManager: Initiating request for download 3031
07-05 12:54:25.070   545   548 D dalvikvm: GC_CONCURRENT freed 244K, 10% free 10577K/11719K, paused 2ms+3ms
07-05 12:54:25.164   545   548 D dalvikvm: GC_CONCURRENT freed 310K, 9% free 10730K/11719K, paused 2ms+3ms
07-05 12:54:25.383  1370 25736 E DictionaryProvider:UpdateHandler: Can't read a file : android.util.MalformedJsonException: Use JsonReader.setLenient(true) to accept malformed JSON at line 1 column 20
07-05 12:54:25.398   545   548 D dalvikvm: GC_CONCURRENT freed 787K, 12% free 10403K/11719K, paused 1ms+2ms
07-05 12:54:25.457  1370  1372 D dalvikvm: GC_CONCURRENT freed 388K, 7% free 9127K/9735K, paused 1ms+2ms
07-05 12:54:25.625   545   548 D dalvikvm: GC_CONCURRENT freed 418K, 12% free 10383K/11719K, paused 2ms+2ms
07-05 12:54:25.722   545 25739 I DownloadManager: Initiating request for download 3031
07-05 12:54:25.816   545   548 D dalvikvm: GC_CONCURRENT freed 294K, 10% free 10548K/11719K, paused 2ms+3ms
07-05 12:54:25.918   545   548 D dalvikvm: GC_CONCURRENT freed 312K, 9% free 10706K/11719K, paused 2ms+2ms
07-05 12:54:26.093   545   548 D dalvikvm: GC_CONCURRENT freed 729K, 12% free 10425K/11719K, paused 2ms+2ms
07-05 12:54:26.289   545   548 D dalvikvm: GC_CONCURRENT freed 443K, 12% free 10377K/11719K, paused 2ms+2ms
07-05 12:54:26.441   545 25742 I DownloadManager: Initiating request for download 3032
07-05 12:54:26.547   545   548 D dalvikvm: GC_CONCURRENT freed 318K, 11% free 10517K/11719K, paused 2ms+3ms
07-05 12:54:26.644   545   548 D dalvikvm: GC_CONCURRENT freed 320K, 9% free 10671K/11719K, paused 2ms+3ms
07-05 12:54:26.789   545   548 D dalvikvm: GC_CONCURRENT freed 681K, 11% free 10432K/11719K, paused 1ms+3ms
07-05 12:54:26.863  1370 25744 E DictionaryProvider:UpdateHandler: Can't read a file : android.util.MalformedJsonException: Use JsonReader.setLenient(true) to accept malformed JSON at line 1 column 20
07-05 12:54:27.019   545   548 D dalvikvm: GC_CONCURRENT freed 439K, 12% free 10389K/11719K, paused 1ms+3ms
07-05 12:54:27.187   545 25747 I DownloadManager: Initiating request for download 3032
07-05 12:54:27.218   545   548 D dalvikvm: GC_CONCURRENT freed 414K, 12% free 10407K/11719K, paused 2ms+3ms
07-05 12:54:27.347   545   548 D dalvikvm: GC_CONCURRENT freed 212K, 10% free 10652K/11719K, paused 2ms+2ms
07-05 12:54:27.468   545   548 D dalvikvm: GC_CONCURRENT freed 642K, 11% free 10434K/11719K, paused 1ms+2ms
07-05 12:54:27.675   545   548 D dalvikvm: GC_CONCURRENT freed 441K, 12% free 10388K/11719K, paused 1ms+3ms
07-05 12:54:27.863   545   548 D dalvikvm: GC_CONCURRENT freed 415K, 12% free 10368K/11719K, paused 1ms+3ms
07-05 12:54:27.957   545 25750 I DownloadManager: Initiating request for download 3033
07-05 12:54:28.039   156   568 D dalvikvm: GC_EXPLICIT freed 728K, 12% free 14087K/16007K, paused 3ms+9ms
07-05 12:54:28.117   545   548 D dalvikvm: GC_CONCURRENT freed 233K, 10% free 10594K/11719K, paused 1ms+3ms
07-05 12:54:28.218   545   548 D dalvikvm: GC_CONCURRENT freed 393K, 10% free 10632K/11719K, paused 2ms+2ms
07-05 12:54:28.410  1370 25752 E DictionaryProvider:UpdateHandler: Can't read a file : android.util.MalformedJsonException: Use JsonReader.setLenient(true) to accept malformed JSON at line 1 column 20
07-05 12:54:28.449   545   548 D dalvikvm: GC_CONCURRENT freed 696K, 12% free 10390K/11719K, paused 1ms+3ms
07-05 12:54:28.648   545   548 D dalvikvm: GC_CONCURRENT freed 427K, 12% free 10368K/11719K, paused 1ms+3ms
07-05 12:54:28.746   545 25755 I DownloadManager: Initiating request for download 3033
07-05 12:54:28.828   545   548 D dalvikvm: GC_CONCURRENT freed 288K, 11% free 10537K/11719K, paused 1ms+3ms
07-05 12:54:28.925   545   548 D dalvikvm: GC_CONCURRENT freed 304K, 9% free 10709K/11719K, paused 2ms+3ms
07-05 12:54:29.125   545   548 D dalvikvm: GC_CONCURRENT freed 763K, 12% free 10384K/11719K, paused 4ms+2ms
07-05 12:54:29.300   545   548 D dalvikvm: GC_CONCURRENT freed 407K, 12% free 10364K/11719K, paused 1ms+2ms
07-05 12:54:29.453   545 25758 I DownloadManager: Initiating request for download 3034
07-05 12:54:29.515   545   548 D dalvikvm: GC_CONCURRENT freed 333K, 12% free 10428K/11719K, paused 2ms+2ms
07-05 12:54:29.636   545   548 D dalvikvm: GC_CONCURRENT freed 248K, 10% free 10651K/11719K, paused 2ms+3ms
07-05 12:54:29.758   545   548 D dalvikvm: GC_CONCURRENT freed 666K, 12% free 10423K/11719K, paused 2ms+2ms
07-05 12:54:29.898  1370 25760 E DictionaryProvider:UpdateHandler: Can't read a file : android.util.MalformedJsonException: Use JsonReader.setLenient(true) to accept malformed JSON at line 1 column 20
07-05 12:54:30.011   545   548 D dalvikvm: GC_CONCURRENT freed 428K, 12% free 10382K/11719K, paused 2ms+3ms
07-05 12:54:30.199   545   548 D dalvikvm: GC_CONCURRENT freed 420K, 12% free 10357K/11719K, paused 2ms+2ms
07-05 12:54:30.258   545 25763 I DownloadManager: Initiating request for download 3034
07-05 12:54:30.425   545   548 D dalvikvm: GC_CONCURRENT freed 332K, 12% free 10420K/11719K, paused 2ms+2ms
07-05 12:54:30.535   545   548 D dalvikvm: GC_CONCURRENT freed 281K, 10% free 10612K/11719K, paused 2ms+3ms
07-05 12:54:30.644   545   548 D dalvikvm: GC_CONCURRENT freed 416K, 10% free 10623K/11719K, paused 1ms+2ms
07-05 12:54:30.863   545   548 D dalvikvm: GC_CONCURRENT freed 674K, 12% free 10366K/11719K, paused 2ms+3ms
07-05 12:54:31.000   545 25766 I DownloadManager: Initiating request for download 3035
07-05 12:54:31.090   545   548 D dalvikvm: GC_CONCURRENT freed 274K, 10% free 10613K/11719K, paused 2ms+3ms
07-05 12:54:31.195   545   548 D dalvikvm: GC_CONCURRENT freed 353K, 9% free 10729K/11719K, paused 2ms+3ms
07-05 12:54:31.375  1370 25768 E DictionaryProvider:UpdateHandler: Can't read a file : android.util.MalformedJsonException: Use JsonReader.setLenient(true) to accept malformed JSON at line 1 column 20
07-05 12:54:31.453  1370  1372 D dalvikvm: GC_CONCURRENT freed 390K, 7% free 9125K/9735K, paused 2ms+4ms
07-05 12:54:31.472   545   548 D dalvikvm: GC_CONCURRENT freed 788K, 12% free 10394K/11719K, paused 2ms+3ms
07-05 12:54:31.652   545   548 D dalvikvm: GC_CONCURRENT freed 422K, 12% free 10367K/11719K, paused 1ms+2ms
07-05 12:54:31.758   545 25771 I DownloadManager: Initiating request for download 3035
07-05 12:54:31.855   545   548 D dalvikvm: GC_CONCURRENT freed 292K, 11% free 10532K/11719K, paused 1ms+9ms
07-05 12:54:31.949   545   548 D dalvikvm: GC_CONCURRENT freed 320K, 9% free 10685K/11719K, paused 1ms+3ms
07-05 12:54:32.101   545   548 D dalvikvm: GC_CONCURRENT freed 704K, 12% free 10423K/11719K, paused 2ms+2ms
07-05 12:54:32.285   545   548 D dalvikvm: GC_CONCURRENT freed 411K, 12% free 10407K/11719K, paused 2ms+2ms
07-05 12:54:33.886   545 25773 I DownloadManager: Initiating request for download 3036
07-05 12:54:33.937   545   548 D dalvikvm: GC_CONCURRENT freed 384K, 12% free 10415K/11719K, paused 2ms+3ms
07-05 12:54:34.058   545   548 D dalvikvm: GC_CONCURRENT freed 218K, 10% free 10656K/11719K, paused 1ms+2ms
07-05 12:54:34.195   545   548 D dalvikvm: GC_CONCURRENT freed 676K, 12% free 10428K/11719K, paused 1ms+3ms
07-05 12:54:34.343  1370 25776 E DictionaryProvider:UpdateHandler: Can't read a file : android.util.MalformedJsonException: Use JsonReader.setLenient(true) to accept malformed JSON at line 1 column 20
07-05 12:54:34.433   545   548 D dalvikvm: GC_CONCURRENT freed 432K, 12% free 10393K/11719K, paused 1ms+3ms
07-05 12:54:34.625   545   548 D dalvikvm: GC_CONCURRENT freed 426K, 12% free 10363K/11719K, paused 2ms+3ms
07-05 12:54:34.691   545 25779 I DownloadManager: Initiating request for download 3036
07-05 12:54:34.800   545   548 D dalvikvm: GC_CONCURRENT freed 231K, 9% free 10665K/11719K, paused 2ms+2ms
07-05 12:54:34.906   545   548 D dalvikvm: GC_CONCURRENT freed 479K, 10% free 10640K/11719K, paused 2ms+2ms
07-05 12:54:35.109   545   548 D dalvikvm: GC_CONCURRENT freed 679K, 12% free 10383K/11719K, paused 1ms+2ms
07-05 12:54:35.293   545   548 D dalvikvm: GC_CONCURRENT freed 407K, 12% free 10365K/11719K, paused 1ms+2ms
07-05 12:54:35.406   545 25782 I DownloadManager: Initiating request for download 3037
07-05 12:54:35.500   545   548 D dalvikvm: GC_CONCURRENT freed 254K, 10% free 10573K/11719K, paused 2ms+2ms
07-05 12:54:35.601   545   548 D dalvikvm: GC_CONCURRENT freed 304K, 9% free 10761K/11719K, paused 2ms+2ms
07-05 12:54:35.789  1370 25784 E DictionaryProvider:UpdateHandler: Can't read a file : android.util.MalformedJsonException: Use JsonReader.setLenient(true) to accept malformed JSON at line 1 column 20
07-05 12:54:35.824   545   548 D dalvikvm: GC_CONCURRENT freed 822K, 12% free 10401K/11719K, paused 2ms+3ms
07-05 12:54:36.023   545   548 D dalvikvm: GC_CONCURRENT freed 424K, 12% free 10372K/11719K, paused 1ms+2ms
07-05 12:54:36.117   545 25787 I DownloadManager: Initiating request for download 3037
07-05 12:54:36.203   545   548 D dalvikvm: GC_CONCURRENT freed 280K, 10% free 10549K/11719K, paused 1ms+3ms
07-05 12:54:36.300   545   548 D dalvikvm: GC_CONCURRENT freed 304K, 9% free 10718K/11719K, paused 1ms+3ms
07-05 12:54:36.496   545   548 D dalvikvm: GC_CONCURRENT freed 773K, 12% free 10395K/11719K, paused 2ms+2ms
07-05 12:54:36.691   545   548 D dalvikvm: GC_CONCURRENT freed 412K, 12% free 10378K/11719K, paused 1ms+3ms
07-05 12:54:36.840   545 25790 I DownloadManager: Initiating request for download 3038
07-05 12:54:36.894   545   548 D dalvikvm: GC_CONCURRENT freed 328K, 11% free 10441K/11719K, paused 2ms+2ms
07-05 12:54:37.000   545   548 D dalvikvm: GC_CONCURRENT freed 232K, 9% free 10667K/11719K, paused 2ms+3ms
07-05 12:54:37.129   545   548 D dalvikvm: GC_CONCURRENT freed 664K, 11% free 10434K/11719K, paused 2ms+3ms
07-05 12:54:37.238  1370 25792 D dalvikvm: GC_EXPLICIT freed 248K, 7% free 9112K/9735K, paused 2ms+2ms
07-05 12:54:37.250  1370 25792 E DictionaryProvider:UpdateHandler: Can't read a file : android.util.MalformedJsonException: Use JsonReader.setLenient(true) to accept malformed JSON at line 1 column 20
07-05 12:54:37.386   545   548 D dalvikvm: GC_CONCURRENT freed 429K, 12% free 10393K/11719K, paused 2ms+2ms
07-05 12:54:37.574   545   548 D dalvikvm: GC_CONCURRENT freed 415K, 12% free 10377K/11719K, paused 1ms+2ms
07-05 12:54:37.629   545 25795 I DownloadManager: Initiating request for download 3038
07-05 12:54:37.758   545   548 D dalvikvm: GC_CONCURRENT freed 263K, 10% free 10616K/11719K, paused 2ms+3ms
07-05 12:54:37.859   545   548 D dalvikvm: GC_CONCURRENT freed 329K, 9% free 10736K/11719K, paused 2ms+3ms
07-05 12:54:38.086   545   548 D dalvikvm: GC_CONCURRENT freed 802K, 12% free 10389K/11719K, paused 1ms+2ms
07-05 12:54:38.265   545   548 D dalvikvm: GC_CONCURRENT freed 414K, 12% free 10370K/11719K, paused 2ms+2ms
07-05 12:54:38.375   545 25798 I DownloadManager: Initiating request for download 3039
07-05 12:54:38.465   545   548 D dalvikvm: GC_CONCURRENT freed 247K, 10% free 10576K/11719K, paused 2ms+2ms
07-05 12:54:38.566   545   548 D dalvikvm: GC_CONCURRENT freed 314K, 9% free 10742K/11719K, paused 2ms+3ms
07-05 12:54:38.761   545   548 D dalvikvm: GC_CONCURRENT freed 771K, 12% free 10428K/11719K, paused 2ms+2ms
07-05 12:54:38.953   545   548 D dalvikvm: GC_CONCURRENT freed 409K, 12% free 10415K/11719K, paused 2ms+2ms
07-05 12:54:39.859  1370 25800 E DictionaryProvider:UpdateHandler: Can't read a file : android.util.MalformedJsonException: Use JsonReader.setLenient(true) to accept malformed JSON at line 1 column 20
07-05 12:54:39.879   545   548 D dalvikvm: GC_CONCURRENT freed 403K, 12% free 10422K/11719K, paused 2ms+3ms
07-05 12:54:40.062   545   548 D dalvikvm: GC_CONCURRENT freed 434K, 12% free 10383K/11719K, paused 1ms+2ms
07-05 12:54:40.246   545   548 D dalvikvm: GC_CONCURRENT freed 408K, 12% free 10369K/11719K, paused 1ms+3ms
07-05 12:54:40.281   545 25803 I DownloadManager: Initiating request for download 3039
07-05 12:54:40.285   545 25803 W DownloadManager: Aborting request for download 3039: Trying to resume a download that can't be resumed
07-05 12:54:40.535   545   548 D dalvikvm: GC_CONCURRENT freed 366K, 12% free 10399K/11719K, paused 2ms+3ms
07-05 12:54:40.715   545   548 D dalvikvm: GC_CONCURRENT freed 416K, 12% free 10378K/11719K, paused 2ms+2ms
07-05 12:54:40.863   545 25806 I DownloadManager: Initiating request for download 3040
07-05 12:54:40.980   545   548 D dalvikvm: GC_CONCURRENT freed 355K, 11% free 10445K/11719K, paused 2ms+2ms
07-05 12:54:41.125   545   548 D dalvikvm: GC_CONCURRENT freed 325K, 10% free 10593K/11719K, paused 2ms+2ms
07-05 12:54:41.222   545   548 D dalvikvm: GC_CONCURRENT freed 334K, 9% free 10735K/11719K, paused 2ms+4ms
07-05 12:54:41.433  1370 25808 E DictionaryProvider:UpdateHandler: Can't read a file : android.util.MalformedJsonException: Use JsonReader.setLenient(true) to accept malformed JSON at line 1 column 20
07-05 12:54:41.461   545   548 D dalvikvm: GC_CONCURRENT freed 811K, 12% free 10407K/11719K, paused 2ms+2ms
07-05 12:54:41.601   545 25811 I DownloadManager: Initiating request for download 3040
07-05 12:54:41.648   545   548 D dalvikvm: GC_CONCURRENT freed 380K, 11% free 10445K/11719K, paused 1ms+2ms
07-05 12:54:41.758   545   548 D dalvikvm: GC_CONCURRENT freed 231K, 9% free 10673K/11719K, paused 2ms+3ms
07-05 12:54:41.894   545   548 D dalvikvm: GC_CONCURRENT freed 664K, 11% free 10448K/11719K, paused 2ms+3ms
07-05 12:54:42.097   545   548 D dalvikvm: GC_CONCURRENT freed 451K, 12% free 10393K/11719K, paused 1ms+2ms
07-05 12:54:42.277   545   548 D dalvikvm: GC_CONCURRENT freed 413K, 12% free 10375K/11719K, paused 2ms+2ms
07-05 12:54:42.355   545 25814 I DownloadManager: Initiating request for download 3041
07-05 12:54:42.441   682  1055 E GTalkService: connectionClosed: no XMPPConnection - That's strange!
07-05 12:54:42.461   545   548 D dalvikvm: GC_CONCURRENT freed 221K, 9% free 10691K/11719K, paused 2ms+3ms
07-05 12:54:42.582   545   548 D dalvikvm: GC_CONCURRENT freed 495K, 10% free 10657K/11719K, paused 2ms+3ms
07-05 12:54:42.746   545 25814 D dalvikvm: GC_EXPLICIT freed 542K, 12% free 10429K/11719K, paused 2ms+4ms
07-05 12:54:42.859   156   530 D dalvikvm: GC_EXPLICIT freed 487K, 13% free 14086K/16007K, paused 2ms+6ms
07-05 12:54:42.863  1370 25816 E DictionaryProvider:UpdateHandler: Can't read a file : android.util.MalformedJsonException: Use JsonReader.setLenient(true) to accept malformed JSON at line 1 column 20
07-05 12:54:43.039   545   548 D dalvikvm: GC_CONCURRENT freed 436K, 12% free 10389K/11719K, paused 2ms+3ms
07-05 12:54:43.156   545 25819 I DownloadManager: Initiating request for download 3041
07-05 12:54:43.242   545   548 D dalvikvm: GC_CONCURRENT freed 327K, 11% free 10540K/11719K, paused 2ms+3ms
07-05 12:54:43.340   545   548 D dalvikvm: GC_CONCURRENT freed 290K, 9% free 10706K/11719K, paused 2ms+3ms
07-05 12:54:43.508   545   548 D dalvikvm: GC_CONCURRENT freed 724K, 12% free 10424K/11719K, paused 1ms+2ms
07-05 12:54:43.707   545   548 D dalvikvm: GC_CONCURRENT freed 442K, 12% free 10377K/11719K, paused 2ms+2ms
07-05 12:54:43.902   545   548 D dalvikvm: GC_CONCURRENT freed 371K, 12% free 10403K/11719K, paused 2ms+4ms
07-05 12:54:43.902   545 25822 I DownloadManager: Initiating request for download 3042
07-05 12:54:44.019   545   548 D dalvikvm: GC_CONCURRENT freed 214K, 10% free 10648K/11719K, paused 2ms+3ms
07-05 12:54:44.140   545   548 D dalvikvm: GC_CONCURRENT freed 449K, 10% free 10648K/11719K, paused 2ms+2ms
07-05 12:54:44.285  1370 25824 E DictionaryProvider:UpdateHandler: Can't read a file : android.util.MalformedJsonException: Use JsonReader.setLenient(true) to accept malformed JSON at line 1 column 20
07-05 12:54:44.316  1370  1372 D dalvikvm: GC_CONCURRENT freed 389K, 7% free 9138K/9735K, paused 2ms+2ms
07-05 12:54:44.414   545   548 D dalvikvm: GC_CONCURRENT freed 684K, 12% free 10390K/11719K, paused 2ms+3ms
07-05 12:54:44.605   545   548 D dalvikvm: GC_CONCURRENT freed 420K, 12% free 10365K/11719K, paused 2ms+2ms
07-05 12:54:44.660   545 25827 I DownloadManager: Initiating request for download 3042
07-05 12:54:44.832   545   548 D dalvikvm: GC_CONCURRENT freed 333K, 11% free 10431K/11719K, paused 2ms+2ms
07-05 12:54:44.929   545   548 D dalvikvm: GC_CONCURRENT freed 257K, 10% free 10645K/11719K, paused 10ms+3ms
07-05 12:54:45.050   545   548 D dalvikvm: GC_CONCURRENT freed 454K, 10% free 10639K/11719K, paused 2ms+2ms
07-05 12:54:45.246   545   548 D dalvikvm: GC_CONCURRENT freed 649K, 12% free 10407K/11719K, paused 2ms+3ms
07-05 12:54:45.445   156   330 D ConnectivityService: handleInetConditionHoldEnd: net=1, condition=0, published condition=0
07-05 12:54:45.675   545 25829 I DownloadManager: Initiating request for download 3043
07-05 12:54:45.843   545   548 D dalvikvm: GC_CONCURRENT freed 388K, 11% free 10442K/11719K, paused 2ms+3ms
07-05 12:54:45.972   545   548 D dalvikvm: GC_CONCURRENT freed 324K, 10% free 10596K/11719K, paused 2ms+3ms
07-05 12:54:46.070   545   548 D dalvikvm: GC_CONCURRENT freed 311K, 9% free 10729K/11719K, paused 1ms+2ms
07-05 12:54:46.269   545   548 D dalvikvm: GC_CONCURRENT freed 801K, 12% free 10383K/11719K, paused 1ms+2ms
07-05 12:54:46.285  1370 25832 E DictionaryProvider:UpdateHandler: Can't read a file : android.util.MalformedJsonException: Use JsonReader.setLenient(true) to accept malformed JSON at line 1 column 20
07-05 12:54:46.433   545 25835 I DownloadManager: Initiating request for download 3043
07-05 12:54:46.484   545   548 D dalvikvm: GC_CONCURRENT freed 347K, 11% free 10445K/11719K, paused 1ms+2ms
07-05 12:54:46.590   545   548 D dalvikvm: GC_CONCURRENT freed 236K, 9% free 10668K/11719K, paused 2ms+3ms
07-05 12:54:46.715   545   548 D dalvikvm: GC_CONCURRENT freed 674K, 11% free 10435K/11719K, paused 2ms+3ms
07-05 12:54:46.937   545   548 D dalvikvm: GC_CONCURRENT freed 442K, 12% free 10399K/11719K, paused 1ms+3ms
07-05 12:54:47.121   545   548 D dalvikvm: GC_CONCURRENT freed 427K, 12% free 10367K/11719K, paused 1ms+3ms
07-05 12:54:47.203   545 25838 I DownloadManager: Initiating request for download 3044
07-05 12:54:47.300   545   548 D dalvikvm: GC_CONCURRENT freed 192K, 10% free 10598K/11719K, paused 2ms+2ms
07-05 12:54:47.398   545   548 D dalvikvm: GC_CONCURRENT freed 286K, 9% free 10745K/11719K, paused 2ms+2ms
07-05 12:54:47.566  1370 25840 E DictionaryProvider:UpdateHandler: Can't read a file : android.util.MalformedJsonException: Use JsonReader.setLenient(true) to accept malformed JSON at line 1 column 20
07-05 12:54:47.644   545   548 D dalvikvm: GC_CONCURRENT freed 795K, 12% free 10407K/11719K, paused 2ms+2ms
07-05 12:54:47.824   545   548 D dalvikvm: GC_CONCURRENT freed 426K, 12% free 10376K/11719K, paused 2ms+3ms
07-05 12:54:47.925   545 25843 I DownloadManager: Initiating request for download 3044
07-05 12:54:48.008   545   548 D dalvikvm: GC_CONCURRENT freed 291K, 11% free 10540K/11719K, paused 2ms+3ms
07-05 12:54:48.101   545   548 D dalvikvm: GC_CONCURRENT freed 298K, 9% free 10715K/11719K, paused 2ms+3ms
07-05 12:54:48.281   545   548 D dalvikvm: GC_CONCURRENT freed 743K, 11% free 10435K/11719K, paused 1ms+2ms
07-05 12:54:48.476   545   548 D dalvikvm: GC_CONCURRENT freed 445K, 12% free 10385K/11719K, paused 2ms+2ms
07-05 12:54:48.664   545 25846 I DownloadManager: Initiating request for download 3045
07-05 12:54:48.675   545   548 D dalvikvm: GC_CONCURRENT freed 367K, 12% free 10414K/11719K, paused 2ms+4ms
07-05 12:54:48.797   545   548 D dalvikvm: GC_CONCURRENT freed 215K, 10% free 10659K/11719K, paused 1ms+2ms
07-05 12:54:48.918   545   548 D dalvikvm: GC_CONCURRENT freed 455K, 10% free 10654K/11719K, paused 1ms+3ms
07-05 12:54:49.054  1370 25848 E DictionaryProvider:UpdateHandler: Can't read a file : android.util.MalformedJsonException: Use JsonReader.setLenient(true) to accept malformed JSON at line 1 column 20
07-05 12:54:49.168   545   548 D dalvikvm: GC_CONCURRENT freed 677K, 12% free 10400K/11719K, paused 1ms+3ms
07-05 12:54:49.351   545   548 D dalvikvm: GC_CONCURRENT freed 419K, 12% free 10374K/11719K, paused 2ms+2ms
07-05 12:54:49.418   545 25851 I DownloadManager: Initiating request for download 3045
07-05 12:54:49.508   545   548 D dalvikvm: GC_CONCURRENT freed 211K, 10% free 10624K/11719K, paused 1ms+2ms
07-05 12:54:49.609   545   548 D dalvikvm: GC_CONCURRENT freed 323K, 9% free 10749K/11719K, paused 2ms+2ms
07-05 12:54:49.804   545   548 D dalvikvm: GC_CONCURRENT freed 778K, 12% free 10430K/11719K, paused 1ms+2ms
07-05 12:54:49.984   545   548 D dalvikvm: GC_CONCURRENT freed 408K, 12% free 10416K/11719K, paused 2ms+2ms
07-05 12:54:51.609   545 25853 I DownloadManager: Initiating request for download 3046
07-05 12:54:51.707   545   548 D dalvikvm: GC_CONCURRENT freed 310K, 10% free 10570K/11719K, paused 2ms+3ms
07-05 12:54:51.804   545   548 D dalvikvm: GC_CONCURRENT freed 307K, 9% free 10737K/11719K, paused 2ms+3ms
07-05 12:54:51.980   545   548 D dalvikvm: GC_CONCURRENT freed 759K, 11% free 10436K/11719K, paused 2ms+2ms
07-05 12:54:52.043  1370 25856 E DictionaryProvider:UpdateHandler: Can't read a file : android.util.MalformedJsonException: Use JsonReader.setLenient(true) to accept malformed JSON at line 1 column 20
07-05 12:54:52.078  1370  1372 D dalvikvm: GC_CONCURRENT freed 398K, 7% free 9128K/9735K, paused 1ms+2ms
07-05 12:54:52.230   545   548 D dalvikvm: GC_CONCURRENT freed 436K, 12% free 10394K/11719K, paused 1ms+3ms
07-05 12:54:52.359   545 25859 I DownloadManager: Initiating request for download 3046
07-05 12:54:52.410   545   548 D dalvikvm: GC_CONCURRENT freed 359K, 11% free 10446K/11719K, paused 2ms+2ms
07-05 12:54:52.511   545   548 D dalvikvm: GC_CONCURRENT freed 231K, 9% free 10676K/11719K, paused 1ms+2ms
07-05 12:54:52.636   545   548 D dalvikvm: GC_CONCURRENT freed 673K, 11% free 10441K/11719K, paused 2ms+4ms
07-05 12:54:52.840   545   548 D dalvikvm: GC_CONCURRENT freed 441K, 12% free 10395K/11719K, paused 2ms+2ms
07-05 12:54:53.019   545   548 D dalvikvm: GC_CONCURRENT freed 415K, 12% free 10375K/11719K, paused 1ms+2ms
07-05 12:54:53.101   545 25862 I DownloadManager: Initiating request for download 3047
07-05 12:54:53.191   545   548 D dalvikvm: GC_CONCURRENT freed 223K, 10% free 10613K/11719K, paused 2ms+3ms
07-05 12:54:53.277   545   548 D dalvikvm: GC_CONCURRENT freed 284K, 9% free 10756K/11719K, paused 2ms+3ms
07-05 12:54:53.468  1370 25864 E DictionaryProvider:UpdateHandler: Can't read a file : android.util.MalformedJsonException: Use JsonReader.setLenient(true) to accept malformed JSON at line 1 column 20
07-05 12:54:53.504   545   548 D dalvikvm: GC_CONCURRENT freed 812K, 12% free 10417K/11719K, paused 2ms+4ms
07-05 12:54:53.695   545   548 D dalvikvm: GC_CONCURRENT freed 427K, 12% free 10385K/11719K, paused 1ms+2ms
07-05 12:54:53.793   545 25867 I DownloadManager: Initiating request for download 3047
07-05 12:54:53.879   545   548 D dalvikvm: GC_CONCURRENT freed 284K, 10% free 10560K/11719K, paused 2ms+3ms
07-05 12:54:53.976   545   548 D dalvikvm: GC_CONCURRENT freed 306K, 9% free 10726K/11719K, paused 2ms+3ms
07-05 12:54:54.148   545   548 D dalvikvm: GC_CONCURRENT freed 739K, 11% free 10440K/11719K, paused 2ms+2ms
07-05 12:54:54.343   545   548 D dalvikvm: GC_CONCURRENT freed 435K, 12% free 10393K/11719K, paused 1ms+2ms
07-05 12:54:54.531   545 25870 I DownloadManager: Initiating request for download 3048
07-05 12:54:54.558   545   548 D dalvikvm: GC_CONCURRENT freed 369K, 12% free 10425K/11719K, paused 2ms+3ms
07-05 12:54:54.675   545   548 D dalvikvm: GC_CONCURRENT freed 208K, 10% free 10663K/11719K, paused 2ms+3ms
07-05 12:54:54.789   545   548 D dalvikvm: GC_CONCURRENT freed 451K, 10% free 10663K/11719K, paused 2ms+3ms
07-05 12:54:54.929  1370 25872 E DictionaryProvider:UpdateHandler: Can't read a file : android.util.MalformedJsonException: Use JsonReader.setLenient(true) to accept malformed JSON at line 1 column 20
07-05 12:54:55.039   545   548 D dalvikvm: GC_CONCURRENT freed 689K, 12% free 10405K/11719K, paused 2ms+2ms
07-05 12:54:55.222   545   548 D dalvikvm: GC_CONCURRENT freed 413K, 12% free 10382K/11719K, paused 2ms+2ms
07-05 12:54:55.281   545 25875 I DownloadManager: Initiating request for download 3048
07-05 12:54:55.386   545   548 D dalvikvm: GC_CONCURRENT freed 214K, 10% free 10602K/11719K, paused 2ms+2ms
07-05 12:54:55.480   545   548 D dalvikvm: GC_CONCURRENT freed 310K, 9% free 10748K/11719K, paused 2ms+3ms
07-05 12:54:55.687   545   548 D dalvikvm: GC_CONCURRENT freed 796K, 12% free 10407K/11719K, paused 1ms+2ms
07-05 12:54:55.867   545   548 D dalvikvm: GC_CONCURRENT freed 414K, 12% free 10387K/11719K, paused 1ms+3ms
07-05 12:54:56.011   545 25878 I DownloadManager: Initiating request for download 3049
07-05 12:54:56.129   545   548 D dalvikvm: GC_CONCURRENT freed 304K, 10% free 10555K/11719K, paused 1ms+3ms
07-05 12:54:56.215   545   548 D dalvikvm: GC_CONCURRENT freed 315K, 9% free 10713K/11719K, paused 2ms+3ms
07-05 12:54:56.363   545   548 D dalvikvm: GC_CONCURRENT freed 720K, 11% free 10446K/11719K, paused 2ms+2ms
07-05 12:54:56.441  1370 25880 E DictionaryProvider:UpdateHandler: Can't read a file : android.util.MalformedJsonException: Use JsonReader.setLenient(true) to accept malformed JSON at line 1 column 20
07-05 12:54:56.593   545   548 D dalvikvm: GC_CONCURRENT freed 437K, 12% free 10404K/11719K, paused 2ms+2ms
07-05 12:54:56.761   545 25883 I DownloadManager: Initiating request for download 3049
07-05 12:54:56.785   545   548 D dalvikvm: GC_CONCURRENT freed 406K, 12% free 10425K/11719K, paused 1ms+3ms
07-05 12:54:56.906   545   548 D dalvikvm: GC_CONCURRENT freed 212K, 9% free 10672K/11719K, paused 2ms+3ms
07-05 12:54:57.027   545   548 D dalvikvm: GC_CONCURRENT freed 465K, 9% free 10670K/11719K, paused 2ms+3ms
07-05 12:54:57.203   156   530 D dalvikvm: GC_EXPLICIT freed 489K, 13% free 14086K/16007K, paused 3ms+6ms
07-05 12:54:57.312   682   682 I GTalkService/c: [AndroidEndpoint@1095403848] connect: acct=1000001, state=CONNECTING
07-05 12:54:57.343   545   548 D dalvikvm: GC_CONCURRENT freed 692K, 12% free 10403K/11719K, paused 2ms+3ms
07-05 12:54:57.515   545   548 D dalvikvm: GC_CONCURRENT freed 421K, 12% free 10371K/11719K, paused 2ms+3ms
07-05 12:54:57.605   545 25886 I DownloadManager: Initiating request for download 3050
07-05 12:54:57.746   545   548 D dalvikvm: GC_CONCURRENT freed 236K, 10% free 10616K/11719K, paused 1ms+3ms
07-05 12:54:57.843   545   548 D dalvikvm: GC_CONCURRENT freed 325K, 9% free 10748K/11719K, paused 2ms+3ms
07-05 12:54:58.054   545   548 D dalvikvm: GC_CONCURRENT freed 817K, 12% free 10395K/11719K, paused 2ms+2ms
07-05 12:54:58.117  1370 25888 E DictionaryProvider:UpdateHandler: Can't read a file : android.util.MalformedJsonException: Use JsonReader.setLenient(true) to accept malformed JSON at line 1 column 20
07-05 12:54:58.140  1370  1372 D dalvikvm: GC_CONCURRENT freed 385K, 7% free 9126K/9735K, paused 1ms+2ms
07-05 12:54:58.308   545   548 D dalvikvm: GC_CONCURRENT freed 405K, 12% free 10385K/11719K, paused 2ms+2ms
07-05 12:54:58.394   545 25891 I DownloadManager: Initiating request for download 3050
07-05 12:54:58.488   545   548 D dalvikvm: GC_CONCURRENT freed 277K, 10% free 10567K/11719K, paused 2ms+3ms
07-05 12:54:58.582   545   548 D dalvikvm: GC_CONCURRENT freed 315K, 9% free 10728K/11719K, paused 2ms+3ms
07-05 12:54:58.765   545   548 D dalvikvm: GC_CONCURRENT freed 751K, 11% free 10432K/11719K, paused 2ms+2ms
07-05 12:54:58.957   545   548 D dalvikvm: GC_CONCURRENT freed 442K, 12% free 10385K/11719K, paused 2ms+2ms
07-05 12:54:59.121   545 25894 I DownloadManager: Initiating request for download 3051
07-05 12:54:59.187   545   548 D dalvikvm: GC_CONCURRENT freed 322K, 11% free 10453K/11719K, paused 1ms+3ms
07-05 12:54:59.297   545   548 D dalvikvm: GC_CONCURRENT freed 232K, 9% free 10684K/11719K, paused 2ms+3ms
07-05 12:54:59.418   545   548 D dalvikvm: GC_CONCURRENT freed 677K, 11% free 10449K/11719K, paused 1ms+3ms
07-05 12:54:59.574  1370 25896 E DictionaryProvider:UpdateHandler: Can't read a file : android.util.MalformedJsonException: Use JsonReader.setLenient(true) to accept malformed JSON at line 1 column 20
07-05 12:54:59.617   465 25897 D dalvikvm: GC_EXPLICIT freed 418K, 6% free 10514K/11079K, paused 4ms+2ms
07-05 12:54:59.707   545   548 D dalvikvm: GC_CONCURRENT freed 431K, 12% free 10412K/11719K, paused 2ms+2ms
07-05 12:54:59.886   545   548 D dalvikvm: GC_CONCURRENT freed 418K, 12% free 10384K/11719K, paused 2ms+2ms
07-05 12:54:59.961   545 25899 I DownloadManager: Initiating request for download 3051
07-05 12:55:00.086   545   548 D dalvikvm: GC_CONCURRENT freed 229K, 10% free 10593K/11719K, paused 2ms+3ms
07-05 12:55:00.179   545   548 D dalvikvm: GC_CONCURRENT freed 325K, 9% free 10754K/11719K, paused 1ms+3ms
07-05 12:55:00.379   545   548 D dalvikvm: GC_CONCURRENT freed 769K, 11% free 10453K/11719K, paused 2ms+2ms
07-05 12:55:00.574   545   548 D dalvikvm: GC_CONCURRENT freed 455K, 12% free 10393K/11719K, paused 1ms+3ms
07-05 12:55:00.718   545 25902 I DownloadManager: Initiating request for download 3052
07-05 12:55:00.812   545   548 D dalvikvm: GC_CONCURRENT freed 288K, 10% free 10564K/11719K, paused 2ms+3ms
07-05 12:55:00.898   545   548 D dalvikvm: GC_CONCURRENT freed 336K, 9% free 10741K/11719K, paused 2ms+3ms
07-05 12:55:01.078   545   548 D dalvikvm: GC_CONCURRENT freed 785K, 12% free 10415K/11719K, paused 2ms+3ms
07-05 12:55:01.121  1370 25904 E DictionaryProvider:UpdateHandler: Can't read a file : android.util.MalformedJsonException: Use JsonReader.setLenient(true) to accept malformed JSON at line 1 column 20
07-05 12:55:01.308   545   548 D dalvikvm: GC_CONCURRENT freed 399K, 12% free 10405K/11719K, paused 1ms+2ms
07-05 12:55:01.457   545 25907 I DownloadManager: Initiating request for download 3052
07-05 12:55:01.492   545   548 D dalvikvm: GC_CONCURRENT freed 374K, 11% free 10430K/11719K, paused 2ms+2ms
07-05 12:55:01.617   545   548 D dalvikvm: GC_CONCURRENT freed 217K, 9% free 10692K/11719K, paused 2ms+3ms
07-05 12:55:01.730   545   548 D dalvikvm: GC_CONCURRENT freed 684K, 11% free 10453K/11719K, paused 2ms+2ms
07-05 12:55:01.949   545   548 D dalvikvm: GC_CONCURRENT freed 441K, 12% free 10407K/11719K, paused 2ms+2ms
07-05 12:55:02.129   545   548 D dalvikvm: GC_CONCURRENT freed 415K, 12% free 10387K/11719K, paused 2ms+2ms
07-05 12:55:02.222   545 25910 I DownloadManager: Initiating request for download 3053
07-05 12:55:02.324   545   548 D dalvikvm: GC_CONCURRENT freed 234K, 10% free 10612K/11719K, paused 1ms+2ms
07-05 12:55:02.422   545   548 D dalvikvm: GC_CONCURRENT freed 318K, 9% free 10767K/11719K, paused 2ms+3ms
07-05 12:55:02.621   545   548 D dalvikvm: GC_CONCURRENT freed 791K, 11% free 10438K/11719K, paused 1ms+3ms
07-05 12:55:02.683  1370 25912 E DictionaryProvider:UpdateHandler: Can't read a file : android.util.MalformedJsonException: Use JsonReader.setLenient(true) to accept malformed JSON at line 1 column 20
07-05 12:55:02.875   545   548 D dalvikvm: GC_CONCURRENT freed 430K, 12% free 10403K/11719K, paused 1ms+3ms
07-05 12:55:02.988   545 25915 I DownloadManager: Initiating request for download 3053
07-05 12:55:03.066   545   548 D dalvikvm: GC_CONCURRENT freed 297K, 10% free 10564K/11719K, paused 2ms+3ms
07-05 12:55:03.164   545   548 D dalvikvm: GC_CONCURRENT freed 305K, 9% free 10736K/11719K, paused 2ms+3ms
07-05 12:55:03.336   545   548 D dalvikvm: GC_CONCURRENT freed 743K, 11% free 10453K/11719K, paused 2ms+2ms
07-05 12:55:03.539   545   548 D dalvikvm: GC_CONCURRENT freed 435K, 12% free 10405K/11719K, paused 1ms+2ms
07-05 12:55:03.730   545 25918 I DownloadManager: Initiating request for download 3054
07-05 12:55:03.754   545   548 D dalvikvm: GC_CONCURRENT freed 402K, 12% free 10429K/11719K, paused 2ms+4ms
07-05 12:55:03.879   545   548 D dalvikvm: GC_CONCURRENT freed 214K, 9% free 10675K/11719K, paused 2ms+3ms
07-05 12:55:04.000   545   548 D dalvikvm: GC_CONCURRENT freed 444K, 9% free 10676K/11719K, paused 2ms+2ms
07-05 12:55:04.207   545   548 D dalvikvm: GC_CONCURRENT freed 700K, 12% free 10411K/11719K, paused 1ms+2ms
07-05 12:55:04.398   545   548 D dalvikvm: GC_CONCURRENT freed 413K, 12% free 10395K/11719K, paused 1ms+2ms
07-05 12:55:04.898   545   556 D dalvikvm: GC_EXPLICIT freed 142K, 11% free 10432K/11719K, paused 1ms+3ms
07-05 12:55:04.898  1370 25920 E DictionaryProvider:UpdateHandler: Can't read a file : android.util.MalformedJsonException: Use JsonReader.setLenient(true) to accept malformed JSON at line 1 column 20
07-05 12:55:04.941  1370  1372 D dalvikvm: GC_CONCURRENT freed 391K, 7% free 9135K/9735K, paused 1ms+2ms
07-05 12:55:05.121   545   548 D dalvikvm: GC_CONCURRENT freed 419K, 12% free 10408K/11719K, paused 1ms+3ms
07-05 12:55:05.304   545   548 D dalvikvm: GC_CONCURRENT freed 409K, 12% free 10393K/11719K, paused 2ms+3ms
07-05 12:55:05.547   545   548 D dalvikvm: GC_CONCURRENT freed 359K, 12% free 10421K/11719K, paused 2ms+2ms
07-05 12:55:05.726   545   548 D dalvikvm: GC_CONCURRENT freed 407K, 12% free 10406K/11719K, paused 1ms+2ms
07-05 12:55:05.910   545   548 D dalvikvm: GC_CONCURRENT freed 412K, 12% free 10389K/11719K, paused 1ms+2ms
07-05 12:55:05.984   545 25923 I DownloadManager: Initiating request for download 3055
07-05 12:55:06.090   545   548 D dalvikvm: GC_CONCURRENT freed 210K, 10% free 10640K/11719K, paused 1ms+3ms
07-05 12:55:06.195   545   548 D dalvikvm: GC_CONCURRENT freed 413K, 9% free 10679K/11719K, paused 2ms+2ms
07-05 12:55:06.355  1370 25925 E DictionaryProvider:UpdateHandler: Can't read a file : android.util.MalformedJsonException: Use JsonReader.setLenient(true) to accept malformed JSON at line 1 column 20
07-05 12:55:06.445   545   548 D dalvikvm: GC_CONCURRENT freed 685K, 11% free 10436K/11719K, paused 2ms+2ms
07-05 12:55:06.625   545   548 D dalvikvm: GC_CONCURRENT freed 436K, 12% free 10396K/11719K, paused 2ms+3ms
07-05 12:55:06.722   545 25928 I DownloadManager: Initiating request for download 3055
07-05 12:55:06.804   545   548 D dalvikvm: GC_CONCURRENT freed 280K, 10% free 10573K/11719K, paused 2ms+3ms
07-05 12:55:06.906   545   548 D dalvikvm: GC_CONCURRENT freed 308K, 9% free 10745K/11719K, paused 2ms+3ms
07-05 12:55:07.082   545   548 D dalvikvm: GC_CONCURRENT freed 750K, 11% free 10454K/11719K, paused 2ms+3ms
07-05 12:55:07.281   545   548 D dalvikvm: GC_CONCURRENT freed 435K, 12% free 10409K/11719K, paused 2ms+2ms
07-05 12:55:07.453   545 25931 I DownloadManager: Initiating request for download 3056
07-05 12:55:07.492   545   548 D dalvikvm: GC_CONCURRENT freed 386K, 11% free 10440K/11719K, paused 2ms+4ms
07-05 12:55:07.609   545   548 D dalvikvm: GC_CONCURRENT freed 209K, 9% free 10681K/11719K, paused 2ms+2ms
07-05 12:55:07.722   545   548 D dalvikvm: GC_CONCURRENT freed 437K, 9% free 10706K/11719K, paused 2ms+2ms
07-05 12:55:07.875  1370 25933 E DictionaryProvider:UpdateHandler: Can't read a file : android.util.MalformedJsonException: Use JsonReader.setLenient(true) to accept malformed JSON at line 1 column 20
07-05 12:55:07.976   545   548 D dalvikvm: GC_CONCURRENT freed 725K, 12% free 10423K/11719K, paused 2ms+3ms
07-05 12:55:08.156   545   548 D dalvikvm: GC_CONCURRENT freed 421K, 12% free 10396K/11719K, paused 2ms+2ms
07-05 12:55:08.215   545 25936 I DownloadManager: Initiating request for download 3056
07-05 12:55:08.379   545   548 D dalvikvm: GC_CONCURRENT freed 300K, 10% free 10567K/11719K, paused 2ms+3ms
07-05 12:55:08.468   545   548 D dalvikvm: GC_CONCURRENT freed 312K, 9% free 10726K/11719K, paused 2ms+3ms
07-05 12:55:08.629   545   548 D dalvikvm: GC_CONCURRENT freed 728K, 11% free 10460K/11719K, paused 2ms+2ms
07-05 12:55:08.832   545   548 D dalvikvm: GC_CONCURRENT freed 448K, 12% free 10407K/11719K, paused 2ms+3ms
07-05 12:55:08.965   545 25939 I DownloadManager: Initiating request for download 3057
07-05 12:55:09.109   545   548 D dalvikvm: GC_CONCURRENT freed 360K, 11% free 10472K/11719K, paused 2ms+2ms
07-05 12:55:09.203   545   548 D dalvikvm: GC_CONCURRENT freed 267K, 9% free 10678K/11719K, paused 2ms+4ms
07-05 12:55:09.328   545   548 D dalvikvm: GC_CONCURRENT freed 436K, 9% free 10683K/11719K, paused 2ms+2ms
07-05 12:55:09.476  1370 25941 E DictionaryProvider:UpdateHandler: Can't read a file : android.util.MalformedJsonException: Use JsonReader.setLenient(true) to accept malformed JSON at line 1 column 20
07-05 12:55:09.574   545   548 D dalvikvm: GC_CONCURRENT freed 694K, 12% free 10419K/11719K, paused 1ms+3ms
07-05 12:55:09.734   545 25944 I DownloadManager: Initiating request for download 3057
07-05 12:55:09.758   545   548 D dalvikvm: GC_CONCURRENT freed 425K, 11% free 10442K/11719K, paused 2ms+3ms
07-05 12:55:09.902   545   548 D dalvikvm: GC_CONCURRENT freed 225K, 9% free 10689K/11719K, paused 2ms+3ms
07-05 12:55:10.027   545   548 D dalvikvm: GC_CONCURRENT freed 461K, 9% free 10685K/11719K, paused 1ms+2ms
07-05 12:55:10.250   545   548 D dalvikvm: GC_CONCURRENT freed 706K, 12% free 10417K/11719K, paused 2ms+2ms
07-05 12:55:10.433   545   548 D dalvikvm: GC_CONCURRENT freed 414K, 12% free 10397K/11719K, paused 2ms+2ms
07-05 12:55:10.527   545 25947 I DownloadManager: Initiating request for download 3058
07-05 12:55:10.629   545   548 D dalvikvm: GC_CONCURRENT freed 216K, 10% free 10638K/11719K, paused 2ms+3ms
07-05 12:55:10.726   545   548 D dalvikvm: GC_CONCURRENT freed 316K, 8% free 10783K/11719K, paused 2ms+2ms
07-05 12:55:10.933   156   403 D dalvikvm: GC_EXPLICIT freed 559K, 12% free 14089K/16007K, paused 2ms+6ms
07-05 12:55:11.015  1370 25949 E DictionaryProvider:UpdateHandler: Can't read a file : android.util.MalformedJsonException: Use JsonReader.setLenient(true) to accept malformed JSON at line 1 column 20
07-05 12:55:11.039   545   548 D dalvikvm: GC_CONCURRENT freed 822K, 11% free 10453K/11719K, paused 2ms+3ms
07-05 12:55:11.101  1370  1372 D dalvikvm: GC_CONCURRENT freed 420K, 7% free 9124K/9735K, paused 1ms+2ms
07-05 12:55:11.265   545   548 D dalvikvm: GC_CONCURRENT freed 453K, 12% free 10401K/11719K, paused 2ms+3ms
07-05 12:55:11.355   545 25952 I DownloadManager: Initiating request for download 3058
07-05 12:55:11.445   545   548 D dalvikvm: GC_CONCURRENT freed 281K, 10% free 10578K/11719K, paused 2ms+3ms
07-05 12:55:11.539   545   548 D dalvikvm: GC_CONCURRENT freed 300K, 9% free 10756K/11719K, paused 2ms+3ms
07-05 12:55:11.715   545   548 D dalvikvm: GC_CONCURRENT freed 765K, 11% free 10447K/11719K, paused 2ms+3ms
07-05 12:55:11.910   545   548 D dalvikvm: GC_CONCURRENT freed 443K, 12% free 10400K/11719K, paused 2ms+2ms
07-05 12:55:12.082   545 25955 I DownloadManager: Initiating request for download 3059
07-05 12:55:12.140   545   548 D dalvikvm: GC_CONCURRENT freed 363K, 11% free 10434K/11719K, paused 2ms+3ms
07-05 12:55:12.273   545   548 D dalvikvm: GC_CONCURRENT freed 225K, 9% free 10681K/11719K, paused 2ms+3ms
07-05 12:55:12.390   545   548 D dalvikvm: GC_CONCURRENT freed 461K, 9% free 10677K/11719K, paused 2ms+2ms
07-05 12:55:12.535  1370 25957 E DictionaryProvider:UpdateHandler: Can't read a file : android.util.MalformedJsonException: Use JsonReader.setLenient(true) to accept malformed JSON at line 1 column 20
07-05 12:55:12.640   545   548 D dalvikvm: GC_CONCURRENT freed 693K, 12% free 10417K/11719K, paused 1ms+3ms
07-05 12:55:12.828   545   548 D dalvikvm: GC_CONCURRENT freed 423K, 12% free 10389K/11719K, paused 2ms+2ms
07-05 12:55:12.886   545 25960 I DownloadManager: Initiating request for download 3059
07-05 12:55:12.988   545   548 D dalvikvm: GC_CONCURRENT freed 228K, 10% free 10615K/11719K, paused 2ms+3ms
07-05 12:55:13.086   545   548 D dalvikvm: GC_CONCURRENT freed 333K, 9% free 10772K/11719K, paused 2ms+3ms
07-05 12:55:13.293   545   548 D dalvikvm: GC_CONCURRENT freed 797K, 11% free 10448K/11719K, paused 2ms+4ms
07-05 12:55:13.496   545   548 D dalvikvm: GC_CONCURRENT freed 443K, 12% free 10399K/11719K, paused 2ms+2ms
07-05 12:55:13.629   545 25963 I DownloadManager: Initiating request for download 3060
07-05 12:55:13.707   545   548 D dalvikvm: GC_CONCURRENT freed 268K, 10% free 10575K/11719K, paused 2ms+2ms
07-05 12:55:13.824   545   548 D dalvikvm: GC_CONCURRENT freed 309K, 8% free 10821K/11719K, paused 2ms+5ms
07-05 12:55:14.031   545   548 D dalvikvm: GC_CONCURRENT freed 887K, 12% free 10419K/11719K, paused 2ms+3ms
07-05 12:55:14.070  1370 25965 E DictionaryProvider:UpdateHandler: Can't read a file : android.util.MalformedJsonException: Use JsonReader.setLenient(true) to accept malformed JSON at line 1 column 20
07-05 12:55:14.254   545   548 D dalvikvm: GC_CONCURRENT freed 406K, 12% free 10408K/11719K, paused 2ms+3ms
07-05 12:55:14.379   545 25968 I DownloadManager: Initiating request for download 3060
07-05 12:55:14.441   545   548 D dalvikvm: GC_CONCURRENT freed 310K, 10% free 10556K/11719K, paused 2ms+3ms
07-05 12:55:14.543   545   548 D dalvikvm: GC_CONCURRENT freed 291K, 9% free 10730K/11719K, paused 2ms+3ms
07-05 12:55:14.703   545   548 D dalvikvm: GC_CONCURRENT freed 731K, 11% free 10460K/11719K, paused 2ms+2ms
07-05 12:55:14.906   545   548 D dalvikvm: GC_CONCURRENT freed 447K, 12% free 10409K/11719K, paused 2ms+2ms
07-05 12:55:15.090   545   548 D dalvikvm: GC_CONCURRENT freed 412K, 12% free 10392K/11719K, paused 2ms+2ms
07-05 12:55:15.140   545 25971 I DownloadManager: Initiating request for download 3061
07-05 12:55:15.250   545   548 D dalvikvm: GC_CONCURRENT freed 188K, 10% free 10663K/11719K, paused 2ms+6ms
07-05 12:55:15.359   545   548 D dalvikvm: GC_CONCURRENT freed 427K, 9% free 10686K/11719K, paused 1ms+2ms
07-05 12:55:15.515  1370 25973 E DictionaryProvider:UpdateHandler: Can't read a file : android.util.MalformedJsonException: Use JsonReader.setLenient(true) to accept malformed JSON at line 1 column 20
07-05 12:55:15.605   545   548 D dalvikvm: GC_CONCURRENT freed 692K, 12% free 10428K/11719K, paused 2ms+2ms
07-05 12:55:15.785   545   548 D dalvikvm: GC_CONCURRENT freed 420K, 12% free 10397K/11719K, paused 2ms+2ms
07-05 12:55:15.879   545 25976 I DownloadManager: Initiating request for download 3061
07-05 12:55:15.957   545   548 D dalvikvm: GC_CONCURRENT freed 276K, 10% free 10580K/11719K, paused 2ms+3ms
07-05 12:55:16.058   545   548 D dalvikvm: GC_CONCURRENT freed 307K, 9% free 10754K/11719K, paused 2ms+4ms
07-05 12:55:16.246   545   548 D dalvikvm: GC_CONCURRENT freed 761K, 11% free 10456K/11719K, paused 2ms+3ms
07-05 12:55:16.461   545   548 D dalvikvm: GC_CONCURRENT freed 441K, 12% free 10419K/11719K, paused 2ms+3ms
07-05 12:55:16.660   545 25979 I DownloadManager: Initiating request for download 3062
07-05 12:55:16.675   545   548 D dalvikvm: GC_CONCURRENT freed 373K, 11% free 10440K/11719K, paused 2ms+4ms
07-05 12:55:16.793   545   548 D dalvikvm: GC_CONCURRENT freed 213K, 9% free 10687K/11719K, paused 2ms+3ms
07-05 12:55:16.914   545   548 D dalvikvm: GC_CONCURRENT freed 459K, 9% free 10691K/11719K, paused 1ms+3ms
07-05 12:55:17.039  1370 25981 E DictionaryProvider:UpdateHandler: Can't read a file : android.util.MalformedJsonException: Use JsonReader.setLenient(true) to accept malformed JSON at line 1 column 20
07-05 12:55:17.113  1370  1372 D dalvikvm: GC_CONCURRENT freed 386K, 7% free 9126K/9735K, paused 1ms+2ms
07-05 12:55:17.195   545   548 D dalvikvm: GC_CONCURRENT freed 707K, 12% free 10423K/11719K, paused 2ms+3ms
07-05 12:55:17.383   545   548 D dalvikvm: GC_CONCURRENT freed 413K, 12% free 10400K/11719K, paused 2ms+2ms
07-05 12:55:17.441   545 25984 I DownloadManager: Initiating request for download 3062
07-05 12:55:17.547   545   548 D dalvikvm: GC_CONCURRENT freed 241K, 10% free 10623K/11719K, paused 1ms+3ms
07-05 12:55:17.648   545   548 D dalvikvm: GC_CONCURRENT freed 310K, 8% free 10784K/11719K, paused 2ms+3ms
07-05 12:55:17.859   545   548 D dalvikvm: GC_CONCURRENT freed 834K, 12% free 10425K/11719K, paused 1ms+2ms
07-05 12:55:18.050   545   548 D dalvikvm: GC_CONCURRENT freed 417K, 12% free 10403K/11719K, paused 2ms+2ms
07-05 12:55:18.187   545 25987 I DownloadManager: Initiating request for download 3063
07-05 12:55:18.273   545   548 D dalvikvm: GC_CONCURRENT freed 282K, 10% free 10579K/11719K, paused 1ms+3ms
07-05 12:55:18.379   545   548 D dalvikvm: GC_CONCURRENT freed 306K, 8% free 10836K/11719K, paused 2ms+3ms
07-05 12:55:18.582  1370 25989 E DictionaryProvider:UpdateHandler: Can't read a file : android.util.MalformedJsonException: Use JsonReader.setLenient(true) to accept malformed JSON at line 1 column 20
07-05 12:55:18.609   545   548 D dalvikvm: GC_CONCURRENT freed 903K, 11% free 10442K/11719K, paused 1ms+2ms
07-05 12:55:18.797   545   548 D dalvikvm: GC_CONCURRENT freed 432K, 12% free 10406K/11719K, paused 2ms+2ms
07-05 12:55:18.906   545 25992 I DownloadManager: Initiating request for download 3063
07-05 12:55:18.984   545   548 D dalvikvm: GC_CONCURRENT freed 293K, 10% free 10570K/11719K, paused 2ms+3ms
07-05 12:55:19.078   545   548 D dalvikvm: GC_CONCURRENT freed 307K, 9% free 10744K/11719K, paused 2ms+3ms
07-05 12:55:19.242   545   548 D dalvikvm: GC_CONCURRENT freed 743K, 11% free 10465K/11719K, paused 1ms+2ms
07-05 12:55:19.445   545   548 D dalvikvm: GC_CONCURRENT freed 434K, 12% free 10420K/11719K, paused 2ms+2ms
07-05 12:55:19.613   545   548 D dalvikvm: GC_CONCURRENT freed 405K, 12% free 10402K/11719K, paused 2ms+3ms
07-05 12:55:19.660   545 25995 I DownloadManager: Initiating request for download 3064
07-05 12:55:19.777   545   548 D dalvikvm: GC_CONCURRENT freed 166K, 10% free 10658K/11719K, paused 2ms+2ms
07-05 12:55:19.879   545   548 D dalvikvm: GC_CONCURRENT freed 414K, 9% free 10695K/11719K, paused 1ms+2ms
07-05 12:55:20.058  1370 25997 E DictionaryProvider:UpdateHandler: Can't read a file : android.util.MalformedJsonException: Use JsonReader.setLenient(true) to accept malformed JSON at line 1 column 20
07-05 12:55:20.125   545   548 D dalvikvm: GC_CONCURRENT freed 700K, 11% free 10448K/11719K, paused 1ms+2ms
07-05 12:55:20.312   545   548 D dalvikvm: GC_CONCURRENT freed 432K, 12% free 10422K/11719K, paused 2ms+3ms
07-05 12:55:20.410   545 26000 I DownloadManager: Initiating request for download 3064
07-05 12:55:20.500   545   548 D dalvikvm: GC_CONCURRENT freed 293K, 10% free 10589K/11719K, paused 2ms+3ms
07-05 12:55:20.597   545   548 D dalvikvm: GC_CONCURRENT freed 339K, 9% free 10771K/11719K, paused 2ms+3ms
07-05 12:55:20.777   545   548 D dalvikvm: GC_CONCURRENT freed 773K, 11% free 10464K/11719K, paused 2ms+2ms
07-05 12:55:20.972   545   548 D dalvikvm: GC_CONCURRENT freed 441K, 12% free 10418K/11719K, paused 2ms+2ms
07-05 12:55:21.136   545 26003 I DownloadManager: Initiating request for download 3065
07-05 12:55:21.187   545   548 D dalvikvm: GC_CONCURRENT freed 346K, 11% free 10480K/11719K, paused 2ms+2ms
07-05 12:55:21.293   545   548 D dalvikvm: GC_CONCURRENT freed 226K, 9% free 10707K/11719K, paused 2ms+3ms
07-05 12:55:21.418   545   548 D dalvikvm: GC_CONCURRENT freed 474K, 9% free 10700K/11719K, paused 2ms+3ms
07-05 12:55:21.629   545   548 D dalvikvm: GC_CONCURRENT freed 719K, 12% free 10425K/11719K, paused 2ms+2ms
07-05 12:55:21.730  1370 26005 E DictionaryProvider:UpdateHandler: Can't read a file : android.util.MalformedJsonException: Use JsonReader.setLenient(true) to accept malformed JSON at line 1 column 20
07-05 12:55:21.836   545   548 D dalvikvm: GC_CONCURRENT freed 403K, 12% free 10418K/11719K, paused 2ms+2ms
07-05 12:55:21.886   545 26007 I DownloadManager: Initiating request for download 3065
07-05 12:55:23.636   545   548 D dalvikvm: GC_CONCURRENT freed 342K, 11% free 10472K/11719K, paused 1ms+2ms
07-05 12:55:23.824   545   548 D dalvikvm: GC_CONCURRENT freed 413K, 11% free 10454K/11719K, paused 3ms+2ms
07-05 12:55:23.996   545   548 D dalvikvm: GC_CONCURRENT freed 400K, 11% free 10444K/11719K, paused 2ms+3ms
07-05 12:55:24.043   545 26010 I DownloadManager: Initiating request for download 3066
07-05 12:55:24.164   545   548 D dalvikvm: GC_CONCURRENT freed 191K, 9% free 10715K/11719K, paused 1ms+3ms
07-05 12:55:24.273   545   548 D dalvikvm: GC_CONCURRENT freed 447K, 9% free 10737K/11719K, paused 2ms+2ms
07-05 12:55:24.480  1370 26012 E DictionaryProvider:UpdateHandler: Can't read a file : android.util.MalformedJsonException: Use JsonReader.setLenient(true) to accept malformed JSON at line 1 column 20
07-05 12:55:24.515   545   548 D dalvikvm: GC_CONCURRENT freed 744K, 11% free 10482K/11719K, paused 1ms+2ms
07-05 12:55:24.590  1370  1372 D dalvikvm: GC_CONCURRENT freed 386K, 7% free 9124K/9735K, paused 1ms+2ms
07-05 12:55:24.734   545   548 D dalvikvm: GC_CONCURRENT freed 432K, 11% free 10445K/11719K, paused 2ms+2ms
07-05 12:55:24.800   545 26015 I DownloadManager: Initiating request for download 3066
07-05 12:55:24.894   545   548 D dalvikvm: GC_CONCURRENT freed 240K, 10% free 10659K/11719K, paused 2ms+3ms
07-05 12:55:24.992   545   548 D dalvikvm: GC_CONCURRENT freed 326K, 8% free 10834K/11719K, paused 2ms+3ms
07-05 12:55:25.117   156   568 D dalvikvm: GC_EXPLICIT freed 477K, 13% free 14085K/16007K, paused 3ms+6ms
07-05 12:55:25.289   545   548 D dalvikvm: GC_CONCURRENT freed 851K, 11% free 10471K/11719K, paused 2ms+3ms
07-05 12:55:25.468   545   548 D dalvikvm: GC_CONCURRENT freed 422K, 11% free 10437K/11719K, paused 1ms+2ms
07-05 12:55:25.597   545 26018 I DownloadManager: Initiating request for download 3067
07-05 12:55:25.675   545   548 D dalvikvm: GC_CONCURRENT freed 302K, 10% free 10596K/11719K, paused 2ms+3ms
07-05 12:55:25.781   545   548 D dalvikvm: GC_CONCURRENT freed 290K, 9% free 10771K/11719K, paused 2ms+3ms
07-05 12:55:25.922   545   548 D dalvikvm: GC_CONCURRENT freed 692K, 10% free 10619K/11719K, paused 2ms+4ms
07-05 12:55:26.027   545   548 D dalvikvm: GC_CONCURRENT freed 334K, 9% free 10778K/11719K, paused 2ms+3ms
07-05 12:55:26.203   545   548 D dalvikvm: GC_CONCURRENT freed 788K, 11% free 10464K/11719K, paused 2ms+2ms
07-05 12:55:26.269  1370 26020 E DictionaryProvider:UpdateHandler: Can't read a file : android.util.MalformedJsonException: Use JsonReader.setLenient(true) to accept malformed JSON at line 1 column 20
07-05 12:55:26.457   545   548 D dalvikvm: GC_CONCURRENT freed 444K, 12% free 10415K/11719K, paused 1ms+3ms
07-05 12:55:26.554   545 26024 I DownloadManager: Initiating request for download 3067
07-05 12:55:26.633   545   548 D dalvikvm: GC_CONCURRENT freed 295K, 10% free 10580K/11719K, paused 1ms+3ms
07-05 12:55:26.746   545   548 D dalvikvm: GC_CONCURRENT freed 308K, 8% free 10844K/11719K, paused 2ms+4ms
07-05 12:55:26.972   545   548 D dalvikvm: GC_CONCURRENT freed 908K, 12% free 10424K/11719K, paused 2ms+2ms
07-05 12:55:27.152   545   548 D dalvikvm: GC_CONCURRENT freed 414K, 12% free 10405K/11719K, paused 2ms+2ms
07-05 12:55:27.277   545 26027 I DownloadManager: Initiating request for download 3068
07-05 12:55:27.386   545   548 D dalvikvm: GC_CONCURRENT freed 303K, 10% free 10580K/11719K, paused 2ms+3ms
07-05 12:55:27.476   545   548 D dalvikvm: GC_CONCURRENT freed 309K, 9% free 10753K/11719K, paused 2ms+3ms
07-05 12:55:27.644   545   548 D dalvikvm: GC_CONCURRENT freed 754K, 11% free 10462K/11719K, paused 1ms+3ms
07-05 12:55:27.730   545 26027 D dalvikvm: GC_EXPLICIT freed 84K, 11% free 10456K/11719K, paused 2ms+6ms
07-05 12:55:27.797  1370 26029 E DictionaryProvider:UpdateHandler: Can't read a file : android.util.MalformedJsonException: Use JsonReader.setLenient(true) to accept malformed JSON at line 1 column 20
07-05 12:55:27.972   545   548 D dalvikvm: GC_CONCURRENT freed 433K, 12% free 10415K/11719K, paused 2ms+2ms
07-05 12:55:28.097   545 26032 I DownloadManager: Initiating request for download 3068
07-05 12:55:28.140   545   548 D dalvikvm: GC_CONCURRENT freed 358K, 11% free 10446K/11719K, paused 2ms+3ms
07-05 12:55:28.254   545   548 D dalvikvm: GC_CONCURRENT freed 213K, 9% free 10694K/11719K, paused 2ms+3ms
07-05 12:55:28.367   545   548 D dalvikvm: GC_CONCURRENT freed 463K, 9% free 10694K/11719K, paused 1ms+3ms
07-05 12:55:28.590   545   548 D dalvikvm: GC_CONCURRENT freed 716K, 12% free 10419K/11719K, paused 2ms+2ms
07-05 12:55:28.777   545   548 D dalvikvm: GC_CONCURRENT freed 413K, 12% free 10401K/11719K, paused 2ms+2ms
07-05 12:55:28.883   545 26035 I DownloadManager: Initiating request for download 3069
07-05 12:55:29.066   545   548 D dalvikvm: GC_CONCURRENT freed 328K, 11% free 10469K/11719K, paused 2ms+2ms
07-05 12:55:29.172   545   548 D dalvikvm: GC_CONCURRENT freed 274K, 9% free 10667K/11719K, paused 2ms+3ms
07-05 12:55:29.269   545   548 D dalvikvm: GC_CONCURRENT freed 435K, 9% free 10685K/11719K, paused 2ms+2ms
07-05 12:55:29.437  1370 26037 E DictionaryProvider:UpdateHandler: Can't read a file : android.util.MalformedJsonException: Use JsonReader.setLenient(true) to accept malformed JSON at line 1 column 20
07-05 12:55:29.515   545   548 D dalvikvm: GC_CONCURRENT freed 689K, 12% free 10425K/11719K, paused 2ms+2ms
07-05 12:55:29.640   545 26040 I DownloadManager: Initiating request for download 3069
07-05 12:55:29.683   545   548 D dalvikvm: GC_CONCURRENT freed 363K, 11% free 10475K/11719K, paused 2ms+2ms
07-05 12:55:29.789   545   548 D dalvikvm: GC_CONCURRENT freed 219K, 9% free 10702K/11719K, paused 1ms+2ms
07-05 12:55:29.914   545   548 D dalvikvm: GC_CONCURRENT freed 466K, 9% free 10699K/11719K, paused 2ms+2ms
07-05 12:55:30.144   545   548 D dalvikvm: GC_CONCURRENT freed 720K, 11% free 10434K/11719K, paused 2ms+2ms
07-05 12:55:30.328   545   548 D dalvikvm: GC_CONCURRENT freed 419K, 12% free 10408K/11719K, paused 2ms+3ms
07-05 12:55:30.410   545 26043 I DownloadManager: Initiating request for download 3070
07-05 12:55:30.515   545   548 D dalvikvm: GC_CONCURRENT freed 221K, 9% free 10724K/11719K, paused 1ms+3ms
07-05 12:55:30.629   545   548 D dalvikvm: GC_CONCURRENT freed 498K, 9% free 10699K/11719K, paused 2ms+3ms
07-05 12:55:30.793  1370 26045 E DictionaryProvider:UpdateHandler: Can't read a file : android.util.MalformedJsonException: Use JsonReader.setLenient(true) to accept malformed JSON at line 1 column 20
07-05 12:55:30.879  1370  1372 D dalvikvm: GC_CONCURRENT freed 391K, 7% free 9128K/9735K, paused 1ms+6ms
07-05 12:55:30.894   545   548 D dalvikvm: GC_CONCURRENT freed 705K, 11% free 10437K/11719K, paused 2ms+7ms
07-05 12:55:31.082   545   548 D dalvikvm: GC_CONCURRENT freed 424K, 12% free 10419K/11719K, paused 2ms+2ms
07-05 12:55:31.164   545 26048 I DownloadManager: Initiating request for download 3070
07-05 12:55:31.250   545   548 D dalvikvm: GC_CONCURRENT freed 277K, 9% free 10684K/11719K, paused 1ms+2ms
07-05 12:55:31.355   545   548 D dalvikvm: GC_CONCURRENT freed 349K, 8% free 10798K/11719K, paused 2ms+2ms
07-05 12:55:31.574   545   548 D dalvikvm: GC_CONCURRENT freed 833K, 11% free 10444K/11719K, paused 2ms+2ms
07-05 12:55:31.750   545   548 D dalvikvm: GC_CONCURRENT freed 417K, 12% free 10418K/11719K, paused 2ms+2ms
07-05 12:55:31.894   545 26051 I DownloadManager: Initiating request for download 3071
07-05 12:55:31.992   545   548 D dalvikvm: GC_CONCURRENT freed 296K, 10% free 10566K/11719K, paused 2ms+3ms
07-05 12:55:32.090   545   548 D dalvikvm: GC_CONCURRENT freed 299K, 9% free 10742K/11719K, paused 1ms+3ms
07-05 12:55:32.238   545   548 D dalvikvm: GC_CONCURRENT freed 727K, 11% free 10474K/11719K, paused 2ms+3ms
07-05 12:55:32.340  1370 26053 E DictionaryProvider:UpdateHandler: Can't read a file : android.util.MalformedJsonException: Use JsonReader.setLenient(true) to accept malformed JSON at line 1 column 20
07-05 12:55:32.480   545   548 D dalvikvm: GC_CONCURRENT freed 437K, 11% free 10432K/11719K, paused 1ms+4ms
07-05 12:55:32.668   545   548 D dalvikvm: GC_CONCURRENT freed 418K, 12% free 10408K/11719K, paused 2ms+2ms
07-05 12:55:32.707   545 26056 I DownloadManager: Initiating request for download 3071
07-05 12:55:32.804   545   548 D dalvikvm: GC_CONCURRENT freed 207K, 10% free 10658K/11719K, paused 2ms+3ms
07-05 12:55:32.898   545   548 D dalvikvm: GC_CONCURRENT freed 404K, 9% free 10704K/11719K, paused 2ms+3ms
07-05 12:55:33.086   545   548 D dalvikvm: GC_CONCURRENT freed 683K, 11% free 10465K/11719K, paused 2ms+3ms
07-05 12:55:33.273   545   548 D dalvikvm: GC_CONCURRENT freed 410K, 11% free 10451K/11719K, paused 2ms+2ms
07-05 12:55:33.523   682  1333 I EventLogService: Aggregate from 1341505533345 (log), 1341505533345 (data)
07-05 12:55:33.734   545 26058 I DownloadManager: Initiating request for download 3072
07-05 12:55:33.828   545   548 D dalvikvm: GC_CONCURRENT freed 316K, 10% free 10594K/11719K, paused 2ms+4ms
07-05 12:55:33.925   545   548 D dalvikvm: GC_CONCURRENT freed 302K, 9% free 10755K/11719K, paused 2ms+3ms
07-05 12:55:34.097   545   548 D dalvikvm: GC_CONCURRENT freed 738K, 11% free 10475K/11719K, paused 2ms+2ms
07-05 12:55:34.175  1370 26061 E DictionaryProvider:UpdateHandler: Can't read a file : android.util.MalformedJsonException: Use JsonReader.setLenient(true) to accept malformed JSON at line 1 column 20
07-05 12:55:34.328   545   548 D dalvikvm: GC_CONCURRENT freed 435K, 11% free 10435K/11719K, paused 1ms+3ms
07-05 12:55:34.519   545   548 D dalvikvm: GC_CONCURRENT freed 420K, 12% free 10409K/11719K, paused 2ms+2ms
07-05 12:55:34.562   545 26064 I DownloadManager: Initiating request for download 3072
07-05 12:55:34.656   545   548 D dalvikvm: GC_CONCURRENT freed 203K, 10% free 10664K/11719K, paused 2ms+3ms
07-05 12:55:34.761   545   548 D dalvikvm: GC_CONCURRENT freed 409K, 9% free 10708K/11719K, paused 2ms+2ms
07-05 12:55:34.949   545   548 D dalvikvm: GC_CONCURRENT freed 686K, 11% free 10467K/11719K, paused 2ms+3ms
07-05 12:55:35.133   545   548 D dalvikvm: GC_CONCURRENT freed 408K, 11% free 10454K/11719K, paused 2ms+2ms
07-05 12:55:35.859   545 26066 I DownloadManager: Initiating request for download 3073
07-05 12:55:35.968   545   548 D dalvikvm: GC_CONCURRENT freed 330K, 10% free 10609K/11719K, paused 2ms+3ms
07-05 12:55:36.070   545   548 D dalvikvm: GC_CONCURRENT freed 317K, 8% free 10788K/11719K, paused 2ms+3ms
07-05 12:55:36.269   545   548 D dalvikvm: GC_CONCURRENT freed 816K, 11% free 10446K/11719K, paused 2ms+3ms
07-05 12:55:36.308  1370 26069 E DictionaryProvider:UpdateHandler: Can't read a file : android.util.MalformedJsonException: Use JsonReader.setLenient(true) to accept malformed JSON at line 1 column 20
07-05 12:55:36.406   465   467 D dalvikvm: GC_CONCURRENT freed 422K, 6% free 10525K/11079K, paused 2ms+2ms
07-05 12:55:36.527   545   548 D dalvikvm: GC_CONCURRENT freed 407K, 11% free 10434K/11719K, paused 2ms+2ms
07-05 12:55:36.672   545 26072 I DownloadManager: Initiating request for download 3073
07-05 12:55:36.715   545   548 D dalvikvm: GC_CONCURRENT freed 404K, 11% free 10457K/11719K, paused 2ms+2ms
07-05 12:55:36.851   545   548 D dalvikvm: GC_CONCURRENT freed 220K, 9% free 10721K/11719K, paused 2ms+3ms
07-05 12:55:36.972   545   548 D dalvikvm: GC_CONCURRENT freed 483K, 9% free 10716K/11719K, paused 2ms+2ms
07-05 12:55:37.199   545   548 D dalvikvm: GC_CONCURRENT freed 732K, 11% free 10432K/11719K, paused 2ms+2ms
07-05 12:55:37.386   545   548 D dalvikvm: GC_CONCURRENT freed 404K, 12% free 10416K/11719K, paused 2ms+2ms
07-05 12:55:37.465   545 26075 I DownloadManager: Initiating request for download 3074
07-05 12:55:37.570   545   548 D dalvikvm: GC_CONCURRENT freed 202K, 9% free 10676K/11719K, paused 2ms+2ms
07-05 12:55:37.672   545   548 D dalvikvm: GC_CONCURRENT freed 346K, 8% free 10810K/11719K, paused 1ms+2ms
07-05 12:55:37.840  1370 26077 E DictionaryProvider:UpdateHandler: Can't read a file : android.util.MalformedJsonException: Use JsonReader.setLenient(true) to accept malformed JSON at line 1 column 20
07-05 12:55:37.925  1370  1372 D dalvikvm: GC_CONCURRENT freed 392K, 7% free 9127K/9735K, paused 1ms+6ms
07-05 12:55:37.945   545   548 D dalvikvm: GC_CONCURRENT freed 841K, 11% free 10450K/11719K, paused 1ms+2ms
07-05 12:55:38.129   545   548 D dalvikvm: GC_CONCURRENT freed 424K, 12% free 10421K/11719K, paused 1ms+3ms
07-05 12:55:38.234   545 26080 I DownloadManager: Initiating request for download 3074
07-05 12:55:38.324   545   548 D dalvikvm: GC_CONCURRENT freed 285K, 10% free 10594K/11719K, paused 2ms+3ms
07-05 12:55:38.418   545   548 D dalvikvm: GC_CONCURRENT freed 310K, 9% free 10768K/11719K, paused 2ms+3ms
07-05 12:55:38.566   156   593 D dalvikvm: GC_EXPLICIT freed 531K, 12% free 14088K/16007K, paused 2ms+6ms
07-05 12:55:38.660   545   548 D dalvikvm: GC_CONCURRENT freed 755K, 11% free 10481K/11719K, paused 2ms+3ms
07-05 12:55:38.859   545   548 D dalvikvm: GC_CONCURRENT freed 458K, 12% free 10418K/11719K, paused 2ms+2ms
07-05 12:55:39.031   545   548 D dalvikvm: GC_CONCURRENT freed 404K, 12% free 10403K/11719K, paused 1ms+3ms
07-05 12:55:39.070   545 26083 I DownloadManager: Initiating request for download 3075
07-05 12:55:39.172   545   548 D dalvikvm: GC_CONCURRENT freed 188K, 9% free 10674K/11719K, paused 2ms+3ms
07-05 12:55:39.281   545   548 D dalvikvm: GC_CONCURRENT freed 429K, 9% free 10701K/11719K, paused 2ms+3ms
07-05 12:55:39.441  1370 26085 E DictionaryProvider:UpdateHandler: Can't read a file : android.util.MalformedJsonException: Use JsonReader.setLenient(true) to accept malformed JSON at line 1 column 20
07-05 12:55:39.535  1370  1404 D dalvikvm: GC_EXPLICIT freed 132K, 7% free 9094K/9735K, paused 2ms+2ms
07-05 12:55:39.570   545   548 D dalvikvm: GC_CONCURRENT freed 701K, 11% free 10436K/11719K, paused 1ms+3ms
07-05 12:55:39.758   545   548 D dalvikvm: GC_CONCURRENT freed 415K, 12% free 10409K/11719K, paused 2ms+4ms
07-05 12:55:39.867   545 26088 I DownloadManager: Initiating request for download 3075
07-05 12:55:39.953   545   548 D dalvikvm: GC_CONCURRENT freed 288K, 10% free 10584K/11719K, paused 2ms+2ms
07-05 12:55:40.050   545   548 D dalvikvm: GC_CONCURRENT freed 308K, 9% free 10759K/11719K, paused 2ms+3ms
07-05 12:55:40.215   545   548 D dalvikvm: GC_CONCURRENT freed 759K, 11% free 10473K/11719K, paused 2ms+2ms
07-05 12:55:40.410   545   548 D dalvikvm: GC_CONCURRENT freed 448K, 12% free 10420K/11719K, paused 2ms+2ms
07-05 12:55:40.640   545   548 D dalvikvm: GC_CONCURRENT freed 413K, 11% free 10444K/11719K, paused 2ms+4ms
07-05 12:55:40.648   545 26091 I DownloadManager: Initiating request for download 3076
07-05 12:55:40.769   545   548 D dalvikvm: GC_CONCURRENT freed 211K, 9% free 10695K/11719K, paused 2ms+3ms
07-05 12:55:40.886   545   548 D dalvikvm: GC_CONCURRENT freed 451K, 9% free 10702K/11719K, paused 2ms+2ms
07-05 12:55:41.054  1370 26093 E DictionaryProvider:UpdateHandler: Can't read a file : android.util.MalformedJsonException: Use JsonReader.setLenient(true) to accept malformed JSON at line 1 column 20
07-05 12:55:41.144   545   548 D dalvikvm: GC_CONCURRENT freed 710K, 11% free 10436K/11719K, paused 2ms+2ms
07-05 12:55:41.328   545   548 D dalvikvm: GC_CONCURRENT freed 422K, 12% free 10409K/11719K, paused 2ms+2ms
07-05 12:55:41.402   545 26096 I DownloadManager: Initiating request for download 3076
07-05 12:55:41.492   545   548 D dalvikvm: GC_CONCURRENT freed 232K, 10% free 10642K/11719K, paused 2ms+3ms
07-05 12:55:41.593   545   548 D dalvikvm: GC_CONCURRENT freed 351K, 8% free 10803K/11719K, paused 2ms+2ms
07-05 12:55:41.812   545   548 D dalvikvm: GC_CONCURRENT freed 841K, 11% free 10434K/11719K, paused 1ms+2ms
07-05 12:55:42.004   545   548 D dalvikvm: GC_CONCURRENT freed 415K, 12% free 10414K/11719K, paused 2ms+2ms
07-05 12:55:42.144   545 26099 I DownloadManager: Initiating request for download 3077
07-05 12:55:42.222   545   548 D dalvikvm: GC_CONCURRENT freed 309K, 10% free 10549K/11719K, paused 2ms+3ms
07-05 12:55:42.320   545   548 D dalvikvm: GC_CONCURRENT freed 284K, 9% free 10741K/11719K, paused 2ms+4ms
07-05 12:55:42.468   545   548 D dalvikvm: GC_CONCURRENT freed 728K, 11% free 10475K/11719K, paused 2ms+3ms
07-05 12:55:42.539  1370 26101 E DictionaryProvider:UpdateHandler: Can't read a file : android.util.MalformedJsonException: Use JsonReader.setLenient(true) to accept malformed JSON at line 1 column 20
07-05 12:55:42.699   545   548 D dalvikvm: GC_CONCURRENT freed 437K, 11% free 10433K/11719K, paused 2ms+2ms
07-05 12:55:42.883   545   548 D dalvikvm: GC_CONCURRENT freed 419K, 12% free 10409K/11719K, paused 1ms+2ms
07-05 12:55:42.929   545 26104 I DownloadManager: Initiating request for download 3077
07-05 12:55:43.019   545   548 D dalvikvm: GC_CONCURRENT freed 218K, 10% free 10649K/11719K, paused 2ms+2ms
07-05 12:55:43.121   545   548 D dalvikvm: GC_CONCURRENT freed 302K, 8% free 10806K/11719K, paused 2ms+3ms
07-05 12:55:43.340   545   548 D dalvikvm: GC_CONCURRENT freed 852K, 11% free 10434K/11719K, paused 2ms+2ms
07-05 12:55:43.527   545   548 D dalvikvm: GC_CONCURRENT freed 405K, 12% free 10428K/11719K, paused 1ms+3ms
07-05 12:55:43.652   545 26107 I DownloadManager: Initiating request for download 3078
07-05 12:55:43.738   545   548 D dalvikvm: GC_CONCURRENT freed 290K, 10% free 10569K/11719K, paused 2ms+3ms
07-05 12:55:43.836   545   548 D dalvikvm: GC_CONCURRENT freed 292K, 9% free 10753K/11719K, paused 2ms+3ms
07-05 12:55:43.988   545   548 D dalvikvm: GC_CONCURRENT freed 739K, 11% free 10479K/11719K, paused 2ms+2ms
07-05 12:55:44.070  1370 26109 E DictionaryProvider:UpdateHandler: Can't read a file : android.util.MalformedJsonException: Use JsonReader.setLenient(true) to accept malformed JSON at line 1 column 20
07-05 12:55:44.207   545   548 D dalvikvm: GC_CONCURRENT freed 434K, 11% free 10440K/11719K, paused 2ms+2ms
07-05 12:55:44.386   545   548 D dalvikvm: GC_CONCURRENT freed 410K, 12% free 10415K/11719K, paused 2ms+2ms
07-05 12:55:44.429   545 26111 I DownloadManager: Initiating request for download 3078
07-05 12:55:44.504   545   548 D dalvikvm: GC_CONCURRENT freed 215K, 10% free 10659K/11719K, paused 2ms+3ms
07-05 12:55:44.574   545   548 D dalvikvm: GC_CONCURRENT freed 387K, 9% free 10710K/11719K, paused 2ms+2ms
07-05 12:55:45.883   545   548 D dalvikvm: GC_CONCURRENT freed 715K, 11% free 10439K/11719K, paused 1ms+2ms
07-05 12:55:46.066   545   548 D dalvikvm: GC_CONCURRENT freed 414K, 12% free 10420K/11719K, paused 2ms+2ms
07-05 12:55:46.250   545 26115 I DownloadManager: Initiating request for download 3079
07-05 12:55:46.304   545   548 D dalvikvm: GC_CONCURRENT freed 329K, 11% free 10488K/11719K, paused 2ms+2ms
07-05 12:55:46.406   545   548 D dalvikvm: GC_CONCURRENT freed 228K, 9% free 10719K/11719K, paused 2ms+2ms
07-05 12:55:46.527   545   548 D dalvikvm: GC_CONCURRENT freed 473K, 9% free 10713K/11719K, paused 2ms+3ms
07-05 12:55:46.679  1370 26117 E DictionaryProvider:UpdateHandler: Can't read a file : android.util.MalformedJsonException: Use JsonReader.setLenient(true) to accept malformed JSON at line 1 column 20
07-05 12:55:46.777  1370  1372 D dalvikvm: GC_CONCURRENT freed 359K, 7% free 9125K/9735K, paused 2ms+6ms
07-05 12:55:46.800   545   548 D dalvikvm: GC_CONCURRENT freed 718K, 11% free 10444K/11719K, paused 2ms+2ms
07-05 12:55:46.984   545   548 D dalvikvm: GC_CONCURRENT freed 424K, 12% free 10416K/11719K, paused 2ms+2ms
07-05 12:55:47.062   545 26120 I DownloadManager: Initiating request for download 3079
07-05 12:55:47.207   545   548 D dalvikvm: GC_CONCURRENT freed 272K, 10% free 10613K/11719K, paused 2ms+3ms
07-05 12:55:47.300   545   548 D dalvikvm: GC_CONCURRENT freed 310K, 9% free 10756K/11719K, paused 1ms+3ms
07-05 12:55:47.468   545   548 D dalvikvm: GC_CONCURRENT freed 742K, 11% free 10478K/11719K, paused 2ms+2ms
07-05 12:55:47.675   545   548 D dalvikvm: GC_CONCURRENT freed 438K, 11% free 10434K/11719K, paused 1ms+2ms
07-05 12:55:47.828   545 26123 I DownloadManager: Initiating request for download 3080
07-05 12:55:47.883   545   548 D dalvikvm: GC_CONCURRENT freed 338K, 11% free 10493K/11719K, paused 3ms+3ms
07-05 12:55:47.988   545   548 D dalvikvm: GC_CONCURRENT freed 229K, 9% free 10726K/11719K, paused 2ms+3ms
07-05 12:55:48.109   545   548 D dalvikvm: GC_CONCURRENT freed 473K, 9% free 10717K/11719K, paused 2ms+2ms
07-05 12:55:48.242  1370 26125 E DictionaryProvider:UpdateHandler: Can't read a file : android.util.MalformedJsonException: Use JsonReader.setLenient(true) to accept malformed JSON at line 1 column 20
07-05 12:55:48.367   545   548 D dalvikvm: GC_CONCURRENT freed 724K, 11% free 10442K/11719K, paused 2ms+3ms
07-05 12:55:48.554   545   548 D dalvikvm: GC_CONCURRENT freed 417K, 12% free 10419K/11719K, paused 2ms+2ms
07-05 12:55:48.613   545 26128 I DownloadManager: Initiating request for download 3080
07-05 12:55:48.699   545   548 D dalvikvm: GC_CONCURRENT freed 228K, 10% free 10646K/11719K, paused 2ms+3ms
07-05 12:55:48.800   545   548 D dalvikvm: GC_CONCURRENT freed 299K, 8% free 10815K/11719K, paused 2ms+3ms
07-05 12:55:49.035   545   548 D dalvikvm: GC_CONCURRENT freed 846K, 11% free 10454K/11719K, paused 2ms+2ms
07-05 12:55:49.215   545   548 D dalvikvm: GC_CONCURRENT freed 425K, 12% free 10424K/11719K, paused 2ms+2ms
07-05 12:55:49.359   545 26131 I DownloadManager: Initiating request for download 3081
07-05 12:55:49.441   545   548 D dalvikvm: GC_CONCURRENT freed 310K, 10% free 10551K/11719K, paused 2ms+3ms
07-05 12:55:49.543   545   548 D dalvikvm: GC_CONCURRENT freed 263K, 9% free 10744K/11719K, paused 2ms+3ms
07-05 12:55:49.668   545   548 D dalvikvm: GC_CONCURRENT freed 710K, 11% free 10487K/11719K, paused 1ms+2ms
07-05 12:55:49.781  1370 26133 E DictionaryProvider:UpdateHandler: Can't read a file : android.util.MalformedJsonException: Use JsonReader.setLenient(true) to accept malformed JSON at line 1 column 20
07-05 12:55:49.906   545   548 D dalvikvm: GC_CONCURRENT freed 425K, 11% free 10451K/11719K, paused 2ms+2ms
07-05 12:55:50.078   545   548 D dalvikvm: GC_CONCURRENT freed 423K, 12% free 10423K/11719K, paused 2ms+2ms
07-05 12:55:50.152   545 26136 I DownloadManager: Initiating request for download 3081
07-05 12:55:50.207   545 25429 D dalvikvm: GC_EXPLICIT freed 275K, 10% free 10659K/11719K, paused 1ms+6ms
07-05 12:55:50.297   545   548 D dalvikvm: GC_CONCURRENT freed 290K, 8% free 10818K/11719K, paused 2ms+3ms
07-05 12:55:50.539   545   548 D dalvikvm: GC_CONCURRENT freed 853K, 11% free 10447K/11719K, paused 2ms+3ms
07-05 12:55:50.707   545   548 D dalvikvm: GC_CONCURRENT freed 414K, 12% free 10428K/11719K, paused 2ms+2ms
07-05 12:55:50.840   545 26139 I DownloadManager: Initiating request for download 3082
07-05 12:55:50.925   545   548 D dalvikvm: GC_CONCURRENT freed 308K, 10% free 10579K/11719K, paused 2ms+3ms
07-05 12:55:51.023   545   548 D dalvikvm: GC_CONCURRENT freed 295K, 9% free 10765K/11719K, paused 2ms+3ms
07-05 12:55:51.172   545   548 D dalvikvm: GC_CONCURRENT freed 734K, 11% free 10487K/11719K, paused 2ms+3ms
07-05 12:55:51.265  1370 26141 E DictionaryProvider:UpdateHandler: Can't read a file : android.util.MalformedJsonException: Use JsonReader.setLenient(true) to accept malformed JSON at line 1 column 20
07-05 12:55:51.422   545   548 D dalvikvm: GC_CONCURRENT freed 435K, 11% free 10448K/11719K, paused 1ms+3ms
07-05 12:55:51.601   545   548 D dalvikvm: GC_CONCURRENT freed 413K, 12% free 10423K/11719K, paused 2ms+2ms
07-05 12:55:51.660   545 26144 I DownloadManager: Initiating request for download 3082
07-05 12:55:51.754   545   548 D dalvikvm: GC_CONCURRENT freed 216K, 10% free 10660K/11719K, paused 2ms+3ms
07-05 12:55:51.855   545   548 D dalvikvm: GC_CONCURRENT freed 313K, 8% free 10821K/11719K, paused 2ms+3ms
07-05 12:55:52.082   545   548 D dalvikvm: GC_CONCURRENT freed 859K, 11% free 10446K/11719K, paused 2ms+3ms
07-05 12:55:52.265   545   548 D dalvikvm: GC_CONCURRENT freed 412K, 12% free 10429K/11719K, paused 2ms+2ms
07-05 12:55:52.472   156   594 D dalvikvm: GC_EXPLICIT freed 501K, 12% free 14087K/16007K, paused 3ms+6ms
07-05 12:55:52.480   545 26147 I DownloadManager: Initiating request for download 3083
07-05 12:55:52.562   545   548 D dalvikvm: GC_CONCURRENT freed 285K, 10% free 10603K/11719K, paused 2ms+3ms
07-05 12:55:52.660   545   548 D dalvikvm: GC_CONCURRENT freed 333K, 9% free 10757K/11719K, paused 2ms+3ms
07-05 12:55:52.812   545   548 D dalvikvm: GC_CONCURRENT freed 748K, 11% free 10474K/11719K, paused 1ms+3ms
07-05 12:55:52.902  1370 26149 E DictionaryProvider:UpdateHandler: Can't read a file : android.util.MalformedJsonException: Use JsonReader.setLenient(true) to accept malformed JSON at line 1 column 20
07-05 12:55:52.976  1370  1372 D dalvikvm: GC_CONCURRENT freed 388K, 7% free 9125K/9735K, paused 2ms+2ms
07-05 12:55:53.078   545   548 D dalvikvm: GC_CONCURRENT freed 436K, 11% free 10433K/11719K, paused 2ms+2ms
07-05 12:55:53.258   545   548 D dalvikvm: GC_CONCURRENT freed 419K, 12% free 10408K/11719K, paused 2ms+2ms
07-05 12:55:53.300   545 26152 I DownloadManager: Initiating request for download 3083
07-05 12:55:53.402   545   548 D dalvikvm: GC_CONCURRENT freed 201K, 9% free 10666K/11719K, paused 2ms+3ms
07-05 12:55:53.504   545   548 D dalvikvm: GC_CONCURRENT freed 322K, 8% free 10809K/11719K, paused 2ms+3ms
07-05 12:55:53.722   545   548 D dalvikvm: GC_CONCURRENT freed 847K, 11% free 10436K/11719K, paused 2ms+2ms
07-05 12:55:53.898   545   548 D dalvikvm: GC_CONCURRENT freed 415K, 12% free 10415K/11719K, paused 2ms+2ms
07-05 12:55:54.019   545 26155 I DownloadManager: Initiating request for download 3084
07-05 12:55:54.101   545   548 D dalvikvm: GC_CONCURRENT freed 275K, 10% free 10599K/11719K, paused 2ms+3ms
07-05 12:55:54.203   545   548 D dalvikvm: GC_CONCURRENT freed 312K, 9% free 10775K/11719K, paused 1ms+3ms
07-05 12:55:54.367   545   548 D dalvikvm: GC_CONCURRENT freed 769K, 11% free 10482K/11719K, paused 2ms+2ms
07-05 12:55:54.465  1370 26157 E DictionaryProvider:UpdateHandler: Can't read a file : android.util.MalformedJsonException: Use JsonReader.setLenient(true) to accept malformed JSON at line 1 column 20
07-05 12:55:54.605   545   548 D dalvikvm: GC_CONCURRENT freed 442K, 11% free 10436K/11719K, paused 1ms+3ms
07-05 12:55:54.785   545   548 D dalvikvm: GC_CONCURRENT freed 420K, 12% free 10410K/11719K, paused 2ms+2ms
07-05 12:55:54.812   545 26160 I DownloadManager: Initiating request for download 3084
07-05 12:55:54.914   545   548 D dalvikvm: GC_CONCURRENT freed 187K, 9% free 10683K/11719K, paused 2ms+3ms
07-05 12:55:55.023   545   548 D dalvikvm: GC_CONCURRENT freed 425K, 9% free 10716K/11719K, paused 2ms+2ms
07-05 12:55:55.242   545   548 D dalvikvm: GC_CONCURRENT freed 728K, 11% free 10436K/11719K, paused 1ms+3ms
07-05 12:55:55.414   545   548 D dalvikvm: GC_CONCURRENT freed 413K, 12% free 10418K/11719K, paused 1ms+2ms
07-05 12:55:55.554   545 26163 I DownloadManager: Initiating request for download 3085
07-05 12:55:55.633   545   548 D dalvikvm: GC_CONCURRENT freed 263K, 10% free 10592K/11719K, paused 2ms+2ms
07-05 12:55:55.738   545   548 D dalvikvm: GC_CONCURRENT freed 300K, 9% free 10762K/11719K, paused 1ms+3ms
07-05 12:55:55.898   545   548 D dalvikvm: GC_CONCURRENT freed 739K, 11% free 10484K/11719K, paused 2ms+3ms
07-05 12:55:55.984  1370 26165 E DictionaryProvider:UpdateHandler: Can't read a file : android.util.MalformedJsonException: Use JsonReader.setLenient(true) to accept malformed JSON at line 1 column 20
07-05 12:55:56.144   545   548 D dalvikvm: GC_CONCURRENT freed 438K, 11% free 10440K/11719K, paused 1ms+3ms
07-05 12:55:56.320   545   548 D dalvikvm: GC_CONCURRENT freed 419K, 12% free 10416K/11719K, paused 3ms+2ms
07-05 12:55:56.363   545 26168 I DownloadManager: Initiating request for download 3085
07-05 12:55:56.461   545   548 D dalvikvm: GC_CONCURRENT freed 198K, 10% free 10656K/11719K, paused 2ms+2ms
07-05 12:55:56.566   545   548 D dalvikvm: GC_CONCURRENT freed 330K, 8% free 10818K/11719K, paused 2ms+4ms
07-05 12:55:56.793   545   548 D dalvikvm: GC_CONCURRENT freed 859K, 11% free 10442K/11719K, paused 2ms+2ms
07-05 12:55:56.972   545   548 D dalvikvm: GC_CONCURRENT freed 415K, 12% free 10422K/11719K, paused 1ms+2ms
07-05 12:55:57.113   545 26171 I DownloadManager: Initiating request for download 3086
07-05 12:55:57.191   545   548 D dalvikvm: GC_CONCURRENT freed 271K, 10% free 10591K/11719K, paused 2ms+3ms
07-05 12:55:57.297   545   548 D dalvikvm: GC_CONCURRENT freed 302K, 9% free 10779K/11719K, paused 2ms+4ms
07-05 12:55:57.461   545   548 D dalvikvm: GC_CONCURRENT freed 766K, 11% free 10484K/11719K, paused 2ms+3ms
07-05 12:55:57.531  1370 26173 E DictionaryProvider:UpdateHandler: Can't read a file : android.util.MalformedJsonException: Use JsonReader.setLenient(true) to accept malformed JSON at line 1 column 20
07-05 12:55:57.699   545   548 D dalvikvm: GC_CONCURRENT freed 428K, 11% free 10453K/11719K, paused 2ms+2ms
07-05 12:55:57.875   545   548 D dalvikvm: GC_CONCURRENT freed 429K, 12% free 10418K/11719K, paused 1ms+2ms
07-05 12:55:57.914   545 26176 I DownloadManager: Initiating request for download 3086
07-05 12:55:58.011   545   548 D dalvikvm: GC_CONCURRENT freed 203K, 9% free 10673K/11719K, paused 1ms+3ms
07-05 12:55:58.113   545   548 D dalvikvm: GC_CONCURRENT freed 405K, 9% free 10722K/11719K, paused 2ms+3ms
07-05 12:55:58.332   545   548 D dalvikvm: GC_CONCURRENT freed 726K, 11% free 10446K/11719K, paused 2ms+3ms
07-05 12:55:58.515   545   548 D dalvikvm: GC_CONCURRENT freed 413K, 12% free 10427K/11719K, paused 2ms+3ms
07-05 12:55:58.668   545 26179 I DownloadManager: Initiating request for download 3087
07-05 12:55:58.750   545   548 D dalvikvm: GC_CONCURRENT freed 309K, 10% free 10577K/11719K, paused 1ms+3ms
07-05 12:55:58.843   545   548 D dalvikvm: GC_CONCURRENT freed 293K, 9% free 10757K/11719K, paused 1ms+3ms
07-05 12:55:58.976   545   548 D dalvikvm: GC_CONCURRENT freed 725K, 11% free 10490K/11719K, paused 1ms+3ms
07-05 12:55:59.074  1370 26181 E DictionaryProvider:UpdateHandler: Can't read a file : android.util.MalformedJsonException: Use JsonReader.setLenient(true) to accept malformed JSON at line 1 column 20
07-05 12:55:59.140  1370  1372 D dalvikvm: GC_CONCURRENT freed 387K, 7% free 9126K/9735K, paused 2ms+2ms
07-05 12:55:59.242   545   548 D dalvikvm: GC_CONCURRENT freed 437K, 11% free 10448K/11719K, paused 2ms+3ms
07-05 12:55:59.437   545   548 D dalvikvm: GC_CONCURRENT freed 421K, 12% free 10422K/11719K, paused 2ms+2ms
07-05 12:55:59.488   545 26184 I DownloadManager: Initiating request for download 3087
07-05 12:55:59.582   545   548 D dalvikvm: GC_CONCURRENT freed 215K, 10% free 10650K/11719K, paused 2ms+3ms
07-05 12:55:59.683   545   548 D dalvikvm: GC_CONCURRENT freed 303K, 8% free 10826K/11719K, paused 2ms+3ms
07-05 12:55:59.894   545   548 D dalvikvm: GC_CONCURRENT freed 855K, 11% free 10453K/11719K, paused 1ms+2ms
07-05 12:56:00.109   545   548 D dalvikvm: GC_CONCURRENT freed 416K, 11% free 10432K/11719K, paused 2ms+3ms
07-05 12:56:02.027   545 26187 I DownloadManager: Initiating request for download 3088
07-05 12:56:02.117   545   548 D dalvikvm: GC_CONCURRENT freed 321K, 11% free 10500K/11719K, paused 4ms+8ms
07-05 12:56:02.226   545   548 D dalvikvm: GC_CONCURRENT freed 227K, 9% free 10733K/11719K, paused 1ms+3ms
07-05 12:56:02.351   545   548 D dalvikvm: GC_CONCURRENT freed 696K, 11% free 10491K/11719K, paused 1ms+2ms
07-05 12:56:02.394   993  1240 I PhoneLab-: Service Running
07-05 12:56:02.441   993  1240 I PhoneLab-LoggerService: app_49    1247  993   1956   1584  c00f181c 400107b4 S logcat
07-05 12:56:02.441   993  1240 I PhoneLab-LoggerService: Logcat pid from database 1247
07-05 12:56:02.441   993  1240 I PhoneLab-LoggerService: Logcat process found 1247
07-05 12:56:02.441   993  1240 I PhoneLab-LoggerService: Checking Threshold
07-05 12:56:02.441   993  1240 I PhoneLab-LoggerService: Starting to rename files
07-05 12:56:02.445   993  1240 I PhoneLab-LoggerService: Files found .. 26
07-05 12:56:02.449   993  1240 I PhoneLab-LoggerService: File 1 log.out.1
07-05 12:56:02.461   993  1240 I PhoneLab-LoggerService: Renamed successfully
07-05 12:56:02.468   993   995 D dalvikvm: GC_CONCURRENT freed 927K, 15% free 9149K/10695K, paused 2ms+2ms
07-05 12:56:02.547  1370 26190 E DictionaryProvider:UpdateHandler: Can't read a file : android.util.MalformedJsonException: Use JsonReader.setLenient(true) to accept malformed JSON at line 1 column 20
07-05 12:56:02.660   545   548 D dalvikvm: GC_CONCURRENT freed 431K, 11% free 10456K/11719K, paused 2ms+3ms
07-05 12:56:02.847   545   548 D dalvikvm: GC_CONCURRENT freed 421K, 12% free 10430K/11719K, paused 1ms+2ms
07-05 12:56:02.937   545 26193 I DownloadManager: Initiating request for download 3088
07-05 12:56:03.023   545   548 D dalvikvm: GC_CONCURRENT freed 269K, 10% free 10620K/11719K, paused 2ms+3ms
07-05 12:56:03.129   545   548 D dalvikvm: GC_CONCURRENT freed 325K, 8% free 10789K/11719K, paused 2ms+3ms
07-05 12:56:03.297   545   548 D dalvikvm: GC_CONCURRENT freed 776K, 11% free 10490K/11719K, paused 2ms+2ms
07-05 12:56:03.496   545   548 D dalvikvm: GC_CONCURRENT freed 439K, 11% free 10440K/11719K, paused 1ms+2ms
07-05 12:56:03.730   545   548 D dalvikvm: GC_CONCURRENT freed 408K, 11% free 10452K/11719K, paused 2ms+4ms
07-05 12:56:03.734   545 26196 I DownloadManager: Initiating request for download 3089
07-05 12:56:03.859   545   548 D dalvikvm: GC_CONCURRENT freed 180K, 9% free 10701K/11719K, paused 2ms+3ms
07-05 12:56:03.968   545   548 D dalvikvm: GC_CONCURRENT freed 422K, 9% free 10748K/11719K, paused 2ms+3ms
07-05 12:56:04.148  1370 26198 E DictionaryProvider:UpdateHandler: Can't read a file : android.util.MalformedJsonException: Use JsonReader.setLenient(true) to accept malformed JSON at line 1 column 20
07-05 12:56:04.234   545   548 D dalvikvm: GC_CONCURRENT freed 743K, 11% free 10462K/11719K, paused 2ms+2ms
07-05 12:56:04.414   545   548 D dalvikvm: GC_CONCURRENT freed 426K, 11% free 10432K/11719K, paused 2ms+2ms
07-05 12:56:04.504   545 26201 I DownloadManager: Initiating request for download 3089
07-05 12:56:04.590   545   548 D dalvikvm: GC_CONCURRENT freed 272K, 10% free 10619K/11719K, paused 2ms+2ms
07-05 12:56:04.687   545   548 D dalvikvm: GC_CONCURRENT freed 304K, 8% free 10797K/11719K, paused 2ms+2ms
07-05 12:56:04.871   545   548 D dalvikvm: GC_CONCURRENT freed 782K, 11% free 10493K/11719K, paused 2ms+3ms
07-05 12:56:05.078   545   548 D dalvikvm: GC_CONCURRENT freed 442K, 11% free 10445K/11719K, paused 2ms+2ms
07-05 12:56:05.250   545   548 D dalvikvm: GC_CONCURRENT freed 404K, 12% free 10430K/11719K, paused 2ms+3ms
07-05 12:56:05.289   545 26204 I DownloadManager: Initiating request for download 3090
07-05 12:56:05.402   545   548 D dalvikvm: GC_CONCURRENT freed 186K, 9% free 10703K/11719K, paused 1ms+3ms
07-05 12:56:05.515   545   548 D dalvikvm: GC_CONCURRENT freed 421K, 9% free 10737K/11719K, paused 1ms+2ms
07-05 12:56:05.672  1370 26206 E DictionaryProvider:UpdateHandler: Can't read a file : android.util.MalformedJsonException: Use JsonReader.setLenient(true) to accept malformed JSON at line 1 column 20
07-05 12:56:05.754   545   548 D dalvikvm: GC_CONCURRENT freed 721K, 11% free 10464K/11719K, paused 2ms+2ms
07-05 12:56:05.925   545   548 D dalvikvm: GC_CONCURRENT freed 415K, 11% free 10437K/11719K, paused 1ms+2ms
07-05 12:56:06.039   545 26209 I DownloadManager: Initiating request for download 3090
07-05 12:56:06.121   545   548 D dalvikvm: GC_CONCURRENT freed 299K, 9% free 10678K/11719K, paused 2ms+3ms
07-05 12:56:06.215   545   548 D dalvikvm: GC_CONCURRENT freed 396K, 8% free 10834K/11719K, paused 2ms+3ms
07-05 12:56:06.433   545   548 D dalvikvm: GC_CONCURRENT freed 860K, 11% free 10461K/11719K, paused 2ms+2ms
07-05 12:56:06.613   545   548 D dalvikvm: GC_CONCURRENT freed 415K, 11% free 10441K/11719K, paused 2ms+3ms
07-05 12:56:06.765   545 26212 I DownloadManager: Initiating request for download 3091
07-05 12:56:06.816   545   548 D dalvikvm: GC_CONCURRENT freed 318K, 11% free 10509K/11719K, paused 2ms+3ms
07-05 12:56:06.918   545   548 D dalvikvm: GC_CONCURRENT freed 227K, 9% free 10743K/11719K, paused 2ms+3ms
07-05 12:56:07.054   545   548 D dalvikvm: GC_CONCURRENT freed 483K, 9% free 10739K/11719K, paused 2ms+3ms
07-05 12:56:07.183  1370 26214 E DictionaryProvider:UpdateHandler: Can't read a file : android.util.MalformedJsonException: Use JsonReader.setLenient(true) to accept malformed JSON at line 1 column 20
07-05 12:56:07.273  1370  1372 D dalvikvm: GC_CONCURRENT freed 366K, 7% free 9151K/9735K, paused 2ms+1ms
07-05 12:56:07.328   545   548 D dalvikvm: GC_CONCURRENT freed 730K, 11% free 10459K/11719K, paused 2ms+3ms
07-05 12:56:07.515   545   548 D dalvikvm: GC_CONCURRENT freed 414K, 11% free 10437K/11719K, paused 2ms+3ms
07-05 12:56:07.648   156   512 D dalvikvm: GC_EXPLICIT freed 528K, 12% free 14087K/16007K, paused 2ms+6ms
07-05 12:56:07.652   545 26217 I DownloadManager: Initiating request for download 3091
07-05 12:56:07.746   545   548 D dalvikvm: GC_CONCURRENT freed 221K, 10% free 10646K/11719K, paused 1ms+3ms
07-05 12:56:07.847   545   548 D dalvikvm: GC_CONCURRENT freed 305K, 8% free 10793K/11719K, paused 2ms+2ms
07-05 12:56:08.019   545   548 D dalvikvm: GC_CONCURRENT freed 779K, 11% free 10484K/11719K, paused 2ms+2ms
07-05 12:56:08.218   545   548 D dalvikvm: GC_CONCURRENT freed 445K, 11% free 10434K/11719K, paused 2ms+3ms
07-05 12:56:08.437   545   548 D dalvikvm: GC_CONCURRENT freed 415K, 11% free 10444K/11719K, paused 1ms+3ms
07-05 12:56:08.437   545 26220 I DownloadManager: Initiating request for download 3092
07-05 12:56:08.578   545   548 D dalvikvm: GC_CONCURRENT freed 199K, 9% free 10706K/11719K, paused 1ms+3ms
07-05 12:56:08.695   545   548 D dalvikvm: GC_CONCURRENT freed 447K, 9% free 10724K/11719K, paused 2ms+3ms
07-05 12:56:08.840  1370 26222 E DictionaryProvider:UpdateHandler: Can't read a file : android.util.MalformedJsonException: Use JsonReader.setLenient(true) to accept malformed JSON at line 1 column 20
07-05 12:56:08.949   545   548 D dalvikvm: GC_CONCURRENT freed 727K, 11% free 10448K/11719K, paused 2ms+3ms
07-05 12:56:09.129   545   548 D dalvikvm: GC_CONCURRENT freed 419K, 12% free 10424K/11719K, paused 2ms+2ms
07-05 12:56:09.218   545 26225 I DownloadManager: Initiating request for download 3092
07-05 12:56:09.293   545   548 D dalvikvm: GC_CONCURRENT freed 266K, 10% free 10616K/11719K, paused 2ms+3ms
07-05 12:56:09.398   545   548 D dalvikvm: GC_CONCURRENT freed 316K, 8% free 10795K/11719K, paused 2ms+3ms
07-05 12:56:09.582   545   548 D dalvikvm: GC_CONCURRENT freed 782K, 11% free 10486K/11719K, paused 2ms+2ms
07-05 12:56:09.773   545   548 D dalvikvm: GC_CONCURRENT freed 435K, 11% free 10438K/11719K, paused 2ms+3ms
07-05 12:56:09.945   545   548 D dalvikvm: GC_CONCURRENT freed 401K, 12% free 10422K/11719K, paused 1ms+2ms
07-05 12:56:09.976   545 26228 I DownloadManager: Initiating request for download 3093
07-05 12:56:10.082   545   548 D dalvikvm: GC_CONCURRENT freed 186K, 9% free 10696K/11719K, paused 2ms+2ms
07-05 12:56:10.191   545   548 D dalvikvm: GC_CONCURRENT freed 430K, 9% free 10746K/11719K, paused 2ms+3ms
07-05 12:56:10.371  1370 26230 E DictionaryProvider:UpdateHandler: Can't read a file : android.util.MalformedJsonException: Use JsonReader.setLenient(true) to accept malformed JSON at line 1 column 20
07-05 12:56:10.457   545   548 D dalvikvm: GC_CONCURRENT freed 744K, 11% free 10456K/11719K, paused 2ms+2ms
07-05 12:56:10.636   545   548 D dalvikvm: GC_CONCURRENT freed 423K, 12% free 10428K/11719K, paused 2ms+2ms
07-05 12:56:10.742   545 26233 I DownloadManager: Initiating request for download 3093
07-05 12:56:10.820   545   548 D dalvikvm: GC_CONCURRENT freed 278K, 10% free 10607K/11719K, paused 2ms+3ms
07-05 12:56:10.922   545   548 D dalvikvm: GC_CONCURRENT freed 313K, 8% free 10785K/11719K, paused 2ms+4ms
07-05 12:56:11.093   545   548 D dalvikvm: GC_CONCURRENT freed 761K, 11% free 10489K/11719K, paused 2ms+3ms
07-05 12:56:11.297   545   548 D dalvikvm: GC_CONCURRENT freed 442K, 11% free 10443K/11719K, paused 1ms+2ms
07-05 12:56:11.484   545   548 D dalvikvm: GC_CONCURRENT freed 415K, 12% free 10423K/11719K, paused 2ms+3ms
07-05 12:56:11.550   545 26236 I DownloadManager: Initiating request for download 3094
07-05 12:56:11.656   545   548 D dalvikvm: GC_CONCURRENT freed 192K, 9% free 10689K/11719K, paused 1ms+3ms
07-05 12:56:11.761   545   548 D dalvikvm: GC_CONCURRENT freed 399K, 9% free 10737K/11719K, paused 2ms+2ms
07-05 12:56:11.929  1370 26238 E DictionaryProvider:UpdateHandler: Can't read a file : android.util.MalformedJsonException: Use JsonReader.setLenient(true) to accept malformed JSON at line 1 column 20
07-05 12:56:11.984   545   548 D dalvikvm: GC_CONCURRENT freed 725K, 11% free 10464K/11719K, paused 2ms+3ms
07-05 12:56:12.183   545   548 D dalvikvm: GC_CONCURRENT freed 418K, 11% free 10440K/11719K, paused 2ms+3ms
07-05 12:56:12.316   545 26240 I DownloadManager: Initiating request for download 3094
07-05 12:56:12.363   545   548 D dalvikvm: GC_CONCURRENT freed 332K, 11% free 10500K/11719K, paused 2ms+3ms
07-05 12:56:12.445   545   548 D dalvikvm: GC_CONCURRENT freed 225K, 9% free 10735K/11719K, paused 2ms+3ms
07-05 12:56:13.164   545   548 D dalvikvm: GC_CONCURRENT freed 691K, 11% free 10498K/11719K, paused 1ms+2ms
07-05 12:56:13.375   545   548 D dalvikvm: GC_CONCURRENT freed 442K, 11% free 10451K/11719K, paused 2ms+3ms
07-05 12:56:13.554   545   548 D dalvikvm: GC_CONCURRENT freed 414K, 11% free 10432K/11719K, paused 1ms+2ms
07-05 12:56:13.730   545 26244 D dalvikvm: GC_EXPLICIT freed 231K, 11% free 10465K/11719K, paused 2ms+3ms
07-05 12:56:13.734   545 26244 I DownloadManager: Initiating request for download 3095
07-05 12:56:13.847   545   548 D dalvikvm: GC_CONCURRENT freed 228K, 9% free 10712K/11719K, paused 2ms+3ms
07-05 12:56:13.945   545   548 D dalvikvm: GC_CONCURRENT freed 440K, 9% free 10732K/11719K, paused 1ms+3ms
07-05 12:56:14.101  1370 26246 E DictionaryProvider:UpdateHandler: Can't read a file : android.util.MalformedJsonException: Use JsonReader.setLenient(true) to accept malformed JSON at line 1 column 20
07-05 12:56:14.191  1370  1372 D dalvikvm: GC_CONCURRENT freed 411K, 7% free 9128K/9735K, paused 2ms+1ms
07-05 12:56:14.211   545   548 D dalvikvm: GC_CONCURRENT freed 726K, 11% free 10461K/11719K, paused 2ms+2ms
07-05 12:56:14.394   545   548 D dalvikvm: GC_CONCURRENT freed 422K, 11% free 10434K/11719K, paused 2ms+3ms
07-05 12:56:14.496   545 26249 I DownloadManager: Initiating request for download 3095
07-05 12:56:14.582   545   548 D dalvikvm: GC_CONCURRENT freed 255K, 10% free 10630K/11719K, paused 2ms+3ms
07-05 12:56:14.683   545   548 D dalvikvm: GC_CONCURRENT freed 326K, 8% free 10812K/11719K, paused 2ms+3ms
07-05 12:56:14.867   545   548 D dalvikvm: GC_CONCURRENT freed 805K, 11% free 10491K/11719K, paused 2ms+2ms
07-05 12:56:15.066   545   548 D dalvikvm: GC_CONCURRENT freed 442K, 11% free 10444K/11719K, paused 2ms+3ms
07-05 12:56:15.289   545 26252 I DownloadManager: Initiating request for download 3096
07-05 12:56:15.316   545   548 D dalvikvm: GC_CONCURRENT freed 385K, 11% free 10458K/11719K, paused 2ms+2ms
07-05 12:56:15.437   545   548 D dalvikvm: GC_CONCURRENT freed 199K, 9% free 10719K/11719K, paused 2ms+2ms
07-05 12:56:15.554   545   548 D dalvikvm: GC_CONCURRENT freed 453K, 9% free 10756K/11719K, paused 1ms+2ms
07-05 12:56:15.703  1370 26254 E DictionaryProvider:UpdateHandler: Can't read a file : android.util.MalformedJsonException: Use JsonReader.setLenient(true) to accept malformed JSON at line 1 column 20
07-05 12:56:15.758   465   467 D dalvikvm: GC_CONCURRENT freed 430K, 6% free 10516K/11079K, paused 1ms+3ms
07-05 12:56:15.847   545   548 D dalvikvm: GC_CONCURRENT freed 755K, 11% free 10463K/11719K, paused 1ms+2ms
07-05 12:56:16.031   545   548 D dalvikvm: GC_CONCURRENT freed 421K, 11% free 10434K/11719K, paused 2ms+3ms
07-05 12:56:16.121   545 26257 I DownloadManager: Initiating request for download 3096
07-05 12:56:16.199   545   548 D dalvikvm: GC_CONCURRENT freed 256K, 10% free 10639K/11719K, paused 1ms+3ms
07-05 12:56:16.304   545   548 D dalvikvm: GC_CONCURRENT freed 321K, 8% free 10820K/11719K, paused 2ms+3ms
07-05 12:56:16.496   545   548 D dalvikvm: GC_CONCURRENT freed 841K, 11% free 10462K/11719K, paused 2ms+2ms
07-05 12:56:16.691   545   548 D dalvikvm: GC_CONCURRENT freed 414K, 11% free 10444K/11719K, paused 2ms+3ms
07-05 12:56:16.894   545   548 D dalvikvm: GC_CONCURRENT freed 372K, 11% free 10473K/11719K, paused 2ms+3ms
07-05 12:56:16.898   545 26260 I DownloadManager: Initiating request for download 3097
07-05 12:56:17.019   545   548 D dalvikvm: GC_CONCURRENT freed 207K, 9% free 10726K/11719K, paused 2ms+3ms
07-05 12:56:17.140   545   548 D dalvikvm: GC_CONCURRENT freed 460K, 9% free 10740K/11719K, paused 1ms+2ms
07-05 12:56:17.355   545   548 D dalvikvm: GC_CONCURRENT freed 739K, 11% free 10457K/11719K, paused 2ms+3ms
07-05 12:56:17.472  1370 26262 E DictionaryProvider:UpdateHandler: Can't read a file : android.util.MalformedJsonException: Use JsonReader.setLenient(true) to accept malformed JSON at line 1 column 20
07-05 12:56:17.562   545   548 D dalvikvm: GC_CONCURRENT freed 404K, 11% free 10448K/11719K, paused 2ms+3ms
07-05 12:56:17.652   545 26264 I DownloadManager: Initiating request for download 3097
07-05 12:56:17.718   545   548 D dalvikvm: GC_CONCURRENT freed 264K, 10% free 10636K/11719K, paused 2ms+3ms
07-05 12:56:17.797   545   548 D dalvikvm: GC_CONCURRENT freed 307K, 8% free 10816K/11719K, paused 2ms+3ms
07-05 12:56:18.855   545   548 D dalvikvm: GC_CONCURRENT freed 825K, 11% free 10466K/11719K, paused 1ms+3ms
07-05 12:56:19.035   545   548 D dalvikvm: GC_CONCURRENT freed 406K, 11% free 10448K/11719K, paused 1ms+2ms
07-05 12:56:19.207   545   548 D dalvikvm: GC_CONCURRENT freed 402K, 11% free 10433K/11719K, paused 1ms+2ms
07-05 12:56:19.261   545 26268 I DownloadManager: Initiating request for download 3098
07-05 12:56:19.371   545   548 D dalvikvm: GC_CONCURRENT freed 183K, 9% free 10710K/11719K, paused 2ms+3ms
07-05 12:56:19.480   545   548 D dalvikvm: GC_CONCURRENT freed 432K, 9% free 10745K/11719K, paused 2ms+3ms
07-05 12:56:19.652  1370 26270 E DictionaryProvider:UpdateHandler: Can't read a file : android.util.MalformedJsonException: Use JsonReader.setLenient(true) to accept malformed JSON at line 1 column 20
07-05 12:56:19.734   545   548 D dalvikvm: GC_CONCURRENT freed 730K, 11% free 10475K/11719K, paused 2ms+3ms
07-05 12:56:19.906   545   548 D dalvikvm: GC_CONCURRENT freed 424K, 11% free 10442K/11719K, paused 1ms+2ms
07-05 12:56:20.015   545 26273 I DownloadManager: Initiating request for download 3098
07-05 12:56:20.097   545   548 D dalvikvm: GC_CONCURRENT freed 298K, 10% free 10591K/11719K, paused 2ms+3ms
07-05 12:56:20.203   545   548 D dalvikvm: GC_CONCURRENT freed 295K, 8% free 10862K/11719K, paused 2ms+3ms
07-05 12:56:20.386   545   548 D dalvikvm: GC_CONCURRENT freed 862K, 11% free 10503K/11719K, paused 2ms+2ms
07-05 12:56:20.582   545   548 D dalvikvm: GC_CONCURRENT freed 440K, 11% free 10454K/11719K, paused 1ms+3ms
07-05 12:56:20.800   545 26276 I DownloadManager: Initiating request for download 3099
07-05 12:56:20.804   545   548 D dalvikvm: GC_CONCURRENT freed 408K, 11% free 10480K/11719K, paused 2ms+3ms
07-05 12:56:20.933   545   548 D dalvikvm: GC_CONCURRENT freed 208K, 8% free 10811K/11719K, paused 1ms+3ms
07-05 12:56:21.070   545   548 D dalvikvm: GC_CONCURRENT freed 782K, 11% free 10512K/11719K, paused 2ms+3ms
07-05 12:56:21.172  1370 26278 E DictionaryProvider:UpdateHandler: Can't read a file : android.util.MalformedJsonException: Use JsonReader.setLenient(true) to accept malformed JSON at line 1 column 20
07-05 12:56:21.258  1370  1372 D dalvikvm: GC_CONCURRENT freed 364K, 6% free 9152K/9735K, paused 2ms+2ms
07-05 12:56:21.332   545   548 D dalvikvm: GC_CONCURRENT freed 439K, 11% free 10469K/11719K, paused 2ms+3ms
07-05 12:56:21.523   545   548 D dalvikvm: GC_CONCURRENT freed 420K, 11% free 10443K/11719K, paused 2ms+2ms
07-05 12:56:21.601   545 26281 I DownloadManager: Initiating request for download 3099
07-05 12:56:21.683   545   548 D dalvikvm: GC_CONCURRENT freed 230K, 10% free 10640K/11719K, paused 1ms+2ms
07-05 12:56:21.785   545   548 D dalvikvm: GC_CONCURRENT freed 317K, 8% free 10825K/11719K, paused 2ms+3ms
07-05 12:56:21.918   156   568 D dalvikvm: GC_EXPLICIT freed 547K, 13% free 14084K/16007K, paused 2ms+6ms
07-05 12:56:22.031   545   548 D dalvikvm: GC_CONCURRENT freed 841K, 11% free 10471K/11719K, paused 1ms+3ms
07-05 12:56:22.226   545   548 D dalvikvm: GC_CONCURRENT freed 427K, 11% free 10439K/11719K, paused 1ms+3ms
07-05 12:56:22.433   545   548 D dalvikvm: GC_CONCURRENT freed 397K, 11% free 10461K/11719K, paused 1ms+3ms
07-05 12:56:22.453   545 26284 I DownloadManager: Initiating request for download 3100
07-05 12:56:22.574   545   548 D dalvikvm: GC_CONCURRENT freed 204K, 8% free 10795K/11719K, paused 2ms+3ms
07-05 12:56:22.707   545   548 D dalvikvm: GC_CONCURRENT freed 785K, 11% free 10495K/11719K, paused 2ms+2ms
07-05 12:56:22.843  1370 26286 E DictionaryProvider:UpdateHandler: Can't read a file : android.util.MalformedJsonException: Use JsonReader.setLenient(true) to accept malformed JSON at line 1 column 20
07-05 12:56:22.961   545   548 D dalvikvm: GC_CONCURRENT freed 435K, 11% free 10455K/11719K, paused 1ms+2ms
07-05 12:56:23.148   545   548 D dalvikvm: GC_CONCURRENT freed 421K, 11% free 10441K/11719K, paused 1ms+3ms
07-05 12:56:23.226   545 26289 I DownloadManager: Initiating request for download 3100
07-05 12:56:23.308   545   548 D dalvikvm: GC_CONCURRENT freed 260K, 10% free 10641K/11719K, paused 2ms+3ms
07-05 12:56:23.406   545   548 D dalvikvm: GC_CONCURRENT freed 349K, 8% free 10832K/11719K, paused 2ms+3ms
07-05 12:56:23.601   545   548 D dalvikvm: GC_CONCURRENT freed 830K, 11% free 10488K/11719K, paused 1ms+2ms
07-05 12:56:23.781   545   548 D dalvikvm: GC_CONCURRENT freed 401K, 11% free 10475K/11719K, paused 2ms+2ms
07-05 12:56:24.484   545 26291 I DownloadManager: Initiating request for download 3101
07-05 12:56:24.562   545   548 D dalvikvm: GC_CONCURRENT freed 370K, 11% free 10528K/11719K, paused 2ms+3ms
07-05 12:56:24.664   545   548 D dalvikvm: GC_CONCURRENT freed 241K, 9% free 10746K/11719K, paused 1ms+3ms
07-05 12:56:24.789   545   548 D dalvikvm: GC_CONCURRENT freed 477K, 9% free 10742K/11719K, paused 2ms+3ms
07-05 12:56:24.949  1370 26294 E DictionaryProvider:UpdateHandler: Can't read a file : android.util.MalformedJsonException: Use JsonReader.setLenient(true) to accept malformed JSON at line 1 column 20
07-05 12:56:25.058   545   548 D dalvikvm: GC_CONCURRENT freed 734K, 11% free 10461K/11719K, paused 1ms+3ms
07-05 12:56:25.242   545   548 D dalvikvm: GC_CONCURRENT freed 423K, 11% free 10433K/11719K, paused 2ms+2ms
07-05 12:56:25.308   545 26297 I DownloadManager: Initiating request for download 3101
07-05 12:56:25.394   545   548 D dalvikvm: GC_CONCURRENT freed 239K, 10% free 10654K/11719K, paused 2ms+2ms
07-05 12:56:25.496   545   548 D dalvikvm: GC_CONCURRENT freed 313K, 8% free 10837K/11719K, paused 1ms+2ms
07-05 12:56:25.707   545   548 D dalvikvm: GC_CONCURRENT freed 865K, 11% free 10461K/11719K, paused 2ms+7ms
07-05 12:56:25.890   545   548 D dalvikvm: GC_CONCURRENT freed 414K, 11% free 10441K/11719K, paused 1ms+2ms
07-05 12:56:26.043   545 26300 I DownloadManager: Initiating request for download 3102
07-05 12:56:26.093   545   548 D dalvikvm: GC_CONCURRENT freed 353K, 11% free 10481K/11719K, paused 2ms+2ms
07-05 12:56:26.203   545   548 D dalvikvm: GC_CONCURRENT freed 210K, 9% free 10731K/11719K, paused 1ms+3ms
07-05 12:56:26.324   545   548 D dalvikvm: GC_CONCURRENT freed 464K, 9% free 10743K/11719K, paused 2ms+2ms
07-05 12:56:26.480  1370 26302 E DictionaryProvider:UpdateHandler: Can't read a file : android.util.MalformedJsonException: Use JsonReader.setLenient(true) to accept malformed JSON at line 1 column 20
07-05 12:56:26.578   545   548 D dalvikvm: GC_CONCURRENT freed 738K, 11% free 10462K/11719K, paused 2ms+3ms
07-05 12:56:26.758   545   548 D dalvikvm: GC_CONCURRENT freed 416K, 11% free 10441K/11719K, paused 2ms+3ms
07-05 12:56:26.847   545 26305 I DownloadManager: Initiating request for download 3102
07-05 12:56:26.933   545   548 D dalvikvm: GC_CONCURRENT freed 262K, 10% free 10639K/11719K, paused 2ms+3ms
07-05 12:56:27.039   545   548 D dalvikvm: GC_CONCURRENT freed 333K, 8% free 10838K/11719K, paused 2ms+3ms
07-05 12:56:27.238   545   548 D dalvikvm: GC_CONCURRENT freed 854K, 11% free 10467K/11719K, paused 1ms+3ms
07-05 12:56:27.422   545   548 D dalvikvm: GC_CONCURRENT freed 418K, 11% free 10444K/11719K, paused 2ms+3ms
07-05 12:56:27.601   545 26308 I DownloadManager: Initiating request for download 3103
07-05 12:56:27.633   545   548 D dalvikvm: GC_CONCURRENT freed 366K, 11% free 10487K/11719K, paused 2ms+4ms
07-05 12:56:27.750   545   548 D dalvikvm: GC_CONCURRENT freed 214K, 9% free 10736K/11719K, paused 1ms+3ms
07-05 12:56:27.883   545   548 D dalvikvm: GC_CONCURRENT freed 457K, 9% free 10746K/11719K, paused 3ms+2ms
07-05 12:56:28.027  1370 26310 E DictionaryProvider:UpdateHandler: Can't read a file : android.util.MalformedJsonException: Use JsonReader.setLenient(true) to accept malformed JSON at line 1 column 20
07-05 12:56:28.101  1370  1372 D dalvikvm: GC_CONCURRENT freed 417K, 7% free 9125K/9735K, paused 1ms+2ms
07-05 12:56:28.156   545   548 D dalvikvm: GC_CONCURRENT freed 735K, 11% free 10465K/11719K, paused 2ms+2ms
07-05 12:56:28.340   545   548 D dalvikvm: GC_CONCURRENT freed 421K, 11% free 10440K/11719K, paused 1ms+2ms
07-05 12:56:28.429   545 26313 I DownloadManager: Initiating request for download 3103
07-05 12:56:28.508   545   548 D dalvikvm: GC_CONCURRENT freed 262K, 10% free 10636K/11719K, paused 2ms+3ms
07-05 12:56:28.613   545   548 D dalvikvm: GC_CONCURRENT freed 320K, 8% free 10817K/11719K, paused 1ms+4ms
07-05 12:56:28.800   545   548 D dalvikvm: GC_CONCURRENT freed 801K, 11% free 10503K/11719K, paused 1ms+2ms
07-05 12:56:28.996   545   548 D dalvikvm: GC_CONCURRENT freed 445K, 11% free 10453K/11719K, paused 1ms+2ms
07-05 12:56:29.195   545 26316 I DownloadManager: Initiating request for download 3104
07-05 12:56:29.215   545   548 D dalvikvm: GC_CONCURRENT freed 419K, 11% free 10465K/11719K, paused 2ms+3ms
07-05 12:56:29.340   545   548 D dalvikvm: GC_CONCURRENT freed 174K, 9% free 10711K/11719K, paused 2ms+3ms
07-05 12:56:29.449   545   548 D dalvikvm: GC_CONCURRENT freed 432K, 9% free 10748K/11719K, paused 2ms+2ms
07-05 12:56:29.629  1370 26318 E DictionaryProvider:UpdateHandler: Can't read a file : android.util.MalformedJsonException: Use JsonReader.setLenient(true) to accept malformed JSON at line 1 column 20
07-05 12:56:29.695   545   548 D dalvikvm: GC_CONCURRENT freed 733K, 11% free 10482K/11719K, paused 2ms+3ms
07-05 12:56:29.879   545   548 D dalvikvm: GC_CONCURRENT freed 430K, 11% free 10447K/11719K, paused 2ms+3ms
07-05 12:56:29.996   545 26321 I DownloadManager: Initiating request for download 3104
07-05 12:56:30.066   545   548 D dalvikvm: GC_CONCURRENT freed 288K, 10% free 10613K/11719K, paused 1ms+3ms
07-05 12:56:30.175   545   548 D dalvikvm: GC_CONCURRENT freed 306K, 8% free 10806K/11719K, paused 2ms+3ms
07-05 12:56:30.328   545   548 D dalvikvm: GC_CONCURRENT freed 772K, 11% free 10507K/11719K, paused 2ms+2ms
07-05 12:56:30.519   545   548 D dalvikvm: GC_CONCURRENT freed 433K, 11% free 10470K/11719K, paused 1ms+2ms
07-05 12:56:30.726   545   548 D dalvikvm: GC_CONCURRENT freed 424K, 11% free 10441K/11719K, paused 2ms+2ms
07-05 12:56:30.816   545 26324 I DownloadManager: Initiating request for download 3105
07-05 12:56:30.914   545   548 D dalvikvm: GC_CONCURRENT freed 208K, 9% free 10693K/11719K, paused 1ms+3ms
07-05 12:56:31.015   545   548 D dalvikvm: GC_CONCURRENT freed 320K, 8% free 10856K/11719K, paused 2ms+3ms
07-05 12:56:31.222   545   548 D dalvikvm: GC_CONCURRENT freed 853K, 11% free 10499K/11719K, paused 2ms+2ms
07-05 12:56:31.273  1370 26326 E DictionaryProvider:UpdateHandler: Can't read a file : android.util.MalformedJsonException: Use JsonReader.setLenient(true) to accept malformed JSON at line 1 column 20
07-05 12:56:31.449   545   548 D dalvikvm: GC_CONCURRENT freed 435K, 11% free 10459K/11719K, paused 2ms+2ms
07-05 12:56:31.562   545 26329 I DownloadManager: Initiating request for download 3105
07-05 12:56:31.629   545   548 D dalvikvm: GC_CONCURRENT freed 325K, 10% free 10592K/11719K, paused 2ms+3ms
07-05 12:56:31.730   545   548 D dalvikvm: GC_CONCURRENT freed 266K, 9% free 10777K/11719K, paused 2ms+3ms
07-05 12:56:31.867   545   548 D dalvikvm: GC_CONCURRENT freed 733K, 11% free 10511K/11719K, paused 2ms+2ms
07-05 12:56:32.082   545   548 D dalvikvm: GC_CONCURRENT freed 440K, 11% free 10465K/11719K, paused 2ms+2ms
07-05 12:56:32.273   545   548 D dalvikvm: GC_CONCURRENT freed 414K, 11% free 10446K/11719K, paused 2ms+3ms
07-05 12:56:32.367   545 26332 I DownloadManager: Initiating request for download 3106
07-05 12:56:32.468   545   548 D dalvikvm: GC_CONCURRENT freed 238K, 10% free 10661K/11719K, paused 2ms+3ms
07-05 12:56:32.570   545   548 D dalvikvm: GC_CONCURRENT freed 337K, 8% free 10832K/11719K, paused 1ms+3ms
07-05 12:56:32.758   545   548 D dalvikvm: GC_CONCURRENT freed 815K, 11% free 10505K/11719K, paused 2ms+3ms
07-05 12:56:32.816  1370 26334 E DictionaryProvider:UpdateHandler: Can't read a file : android.util.MalformedJsonException: Use JsonReader.setLenient(true) to accept malformed JSON at line 1 column 20
07-05 12:56:32.988   545   548 D dalvikvm: GC_CONCURRENT freed 437K, 11% free 10464K/11719K, paused 2ms+3ms
07-05 12:56:33.168   545   548 D dalvikvm: GC_CONCURRENT freed 393K, 11% free 10481K/11719K, paused 2ms+2ms
07-05 12:56:33.183   545 26337 I DownloadManager: Initiating request for download 3106
07-05 12:56:33.293   545   548 D dalvikvm: GC_CONCURRENT freed 203K, 9% free 10737K/11719K, paused 1ms+3ms
07-05 12:56:33.406   545   548 D dalvikvm: GC_CONCURRENT freed 459K, 9% free 10756K/11719K, paused 2ms+2ms
07-05 12:56:33.640   545   548 D dalvikvm: GC_CONCURRENT freed 740K, 11% free 10479K/11719K, paused 1ms+3ms
07-05 12:56:33.824   545   548 D dalvikvm: GC_CONCURRENT freed 421K, 11% free 10449K/11719K, paused 2ms+2ms
07-05 12:56:33.945   545 26340 I DownloadManager: Initiating request for download 3107
07-05 12:56:34.027   545   548 D dalvikvm: GC_CONCURRENT freed 259K, 10% free 10650K/11719K, paused 2ms+3ms
07-05 12:56:34.136   545   548 D dalvikvm: GC_CONCURRENT freed 346K, 8% free 10846K/11719K, paused 2ms+3ms
07-05 12:56:34.336   545   548 D dalvikvm: GC_CONCURRENT freed 863K, 11% free 10478K/11719K, paused 2ms+2ms
07-05 12:56:34.367  1370 26342 E DictionaryProvider:UpdateHandler: Can't read a file : android.util.MalformedJsonException: Use JsonReader.setLenient(true) to accept malformed JSON at line 1 column 20
07-05 12:56:34.441  1370  1372 D dalvikvm: GC_CONCURRENT freed 388K, 7% free 9126K/9735K, paused 2ms+1ms
07-05 12:56:34.582   545   548 D dalvikvm: GC_CONCURRENT freed 409K, 11% free 10465K/11719K, paused 2ms+3ms
07-05 12:56:34.750   545   548 D dalvikvm: GC_CONCURRENT freed 389K, 11% free 10483K/11719K, paused 2ms+3ms
07-05 12:56:34.769   545 26345 I DownloadManager: Initiating request for download 3107
07-05 12:56:34.875   545   548 D dalvikvm: GC_CONCURRENT freed 203K, 9% free 10741K/11719K, paused 2ms+3ms
07-05 12:56:34.988   545   548 D dalvikvm: GC_CONCURRENT freed 459K, 9% free 10759K/11719K, paused 2ms+3ms
07-05 12:56:35.211   545   548 D dalvikvm: GC_CONCURRENT freed 751K, 11% free 10472K/11719K, paused 2ms+2ms
07-05 12:56:35.394   545   548 D dalvikvm: GC_CONCURRENT freed 414K, 11% free 10452K/11719K, paused 2ms+2ms
07-05 12:56:35.519   545 26348 I DownloadManager: Initiating request for download 3108
07-05 12:56:35.629   545   548 D dalvikvm: GC_CONCURRENT freed 258K, 9% free 10725K/11719K, paused 1ms+3ms
07-05 12:56:35.734   545   548 D dalvikvm: GC_CONCURRENT freed 387K, 8% free 10841K/11719K, paused 2ms+3ms
07-05 12:56:35.871   156   593 D dalvikvm: GC_EXPLICIT freed 488K, 13% free 14084K/16007K, paused 2ms+6ms
07-05 12:56:35.996   545   548 D dalvikvm: GC_CONCURRENT freed 853K, 11% free 10479K/11719K, paused 2ms+3ms
07-05 12:56:36.090   545  9638 D dalvikvm: GC_EXPLICIT freed 88K, 11% free 10473K/11719K, paused 2ms+3ms
07-05 12:56:36.097  1370 26350 E DictionaryProvider:UpdateHandler: Can't read a file : android.util.MalformedJsonException: Use JsonReader.setLenient(true) to accept malformed JSON at line 1 column 20
07-05 12:56:36.285   545   548 D dalvikvm: GC_CONCURRENT freed 421K, 11% free 10447K/11719K, paused 2ms+2ms
07-05 12:56:36.386   545 26353 I DownloadManager: Initiating request for download 3108
07-05 12:56:36.461   545   548 D dalvikvm: GC_CONCURRENT freed 287K, 10% free 10618K/11719K, paused 1ms+3ms
07-05 12:56:36.562   545   548 D dalvikvm: GC_CONCURRENT freed 316K, 8% free 10798K/11719K, paused 2ms+4ms
07-05 12:56:36.726   545   548 D dalvikvm: GC_CONCURRENT freed 777K, 11% free 10507K/11719K, paused 1ms+2ms
07-05 12:56:36.925   545   548 D dalvikvm: GC_CONCURRENT freed 449K, 11% free 10453K/11719K, paused 1ms+2ms
07-05 12:56:37.109   545   548 D dalvikvm: GC_CONCURRENT freed 413K, 11% free 10435K/11719K, paused 1ms+3ms
07-05 12:56:37.175   545 26356 I DownloadManager: Initiating request for download 3109
07-05 12:56:37.273   545   548 D dalvikvm: GC_CONCURRENT freed 200K, 9% free 10695K/11719K, paused 2ms+3ms
07-05 12:56:37.386   545   548 D dalvikvm: GC_CONCURRENT freed 317K, 8% free 10853K/11719K, paused 2ms+3ms
07-05 12:56:37.566  1370 26358 E DictionaryProvider:UpdateHandler: Can't read a file : android.util.MalformedJsonException: Use JsonReader.setLenient(true) to accept malformed JSON at line 1 column 20
07-05 12:56:37.636   545   548 D dalvikvm: GC_CONCURRENT freed 872K, 11% free 10479K/11719K, paused 2ms+2ms
07-05 12:56:37.820   545   548 D dalvikvm: GC_CONCURRENT freed 427K, 11% free 10446K/11719K, paused 2ms+3ms
07-05 12:56:37.945   545 26361 I DownloadManager: Initiating request for download 3109
07-05 12:56:38.027   545   548 D dalvikvm: GC_CONCURRENT freed 313K, 10% free 10568K/11719K, paused 2ms+2ms
07-05 12:56:38.129   545   548 D dalvikvm: GC_CONCURRENT freed 259K, 9% free 10767K/11719K, paused 2ms+3ms
07-05 12:56:38.261   545   548 D dalvikvm: GC_CONCURRENT freed 487K, 9% free 10750K/11719K, paused 1ms+2ms
07-05 12:56:38.492   545   548 D dalvikvm: GC_CONCURRENT freed 750K, 11% free 10459K/11719K, paused 2ms+2ms
07-05 12:56:38.672   545   548 D dalvikvm: GC_CONCURRENT freed 416K, 11% free 10438K/11719K, paused 2ms+2ms
07-05 12:56:38.773   545 26364 I DownloadManager: Initiating request for download 3110
07-05 12:56:38.863   545   548 D dalvikvm: GC_CONCURRENT freed 220K, 9% free 10678K/11719K, paused 2ms+3ms
07-05 12:56:38.965   545   548 D dalvikvm: GC_CONCURRENT freed 324K, 8% free 10857K/11719K, paused 2ms+2ms
07-05 12:56:39.164  1370 26366 E DictionaryProvider:UpdateHandler: Can't read a file : android.util.MalformedJsonException: Use JsonReader.setLenient(true) to accept malformed JSON at line 1 column 20
07-05 12:56:39.222   545   548 D dalvikvm: GC_CONCURRENT freed 884K, 11% free 10480K/11719K, paused 1ms+2ms
07-05 12:56:39.402   545   548 D dalvikvm: GC_CONCURRENT freed 425K, 11% free 10450K/11719K, paused 2ms+3ms
07-05 12:56:39.531   545 26369 I DownloadManager: Initiating request for download 3110
07-05 12:56:39.582   545   548 D dalvikvm: GC_CONCURRENT freed 329K, 11% free 10516K/11719K, paused 1ms+2ms
07-05 12:56:39.687   545   548 D dalvikvm: GC_CONCURRENT freed 214K, 8% free 10823K/11719K, paused 2ms+2ms
07-05 12:56:39.824   545   548 D dalvikvm: GC_CONCURRENT freed 815K, 11% free 10508K/11719K, paused 2ms+3ms
07-05 12:56:40.035   545   548 D dalvikvm: GC_CONCURRENT freed 433K, 11% free 10463K/11719K, paused 2ms+2ms
07-05 12:56:40.218   545   548 D dalvikvm: GC_CONCURRENT freed 415K, 11% free 10443K/11719K, paused 2ms+2ms
07-05 12:56:40.340   545 26372 I DownloadManager: Initiating request for download 3111
07-05 12:56:40.433   545   548 D dalvikvm: GC_CONCURRENT freed 234K, 10% free 10664K/11719K, paused 2ms+3ms
07-05 12:56:40.543   545   548 D dalvikvm: GC_CONCURRENT freed 327K, 8% free 10847K/11719K, paused 1ms+2ms
07-05 12:56:40.726   545   548 D dalvikvm: GC_CONCURRENT freed 837K, 11% free 10500K/11719K, paused 2ms+2ms
07-05 12:56:40.793  1370 26374 E DictionaryProvider:UpdateHandler: Can't read a file : android.util.MalformedJsonException: Use JsonReader.setLenient(true) to accept malformed JSON at line 1 column 20
07-05 12:56:40.875  1370  1372 D dalvikvm: GC_CONCURRENT freed 387K, 7% free 9126K/9735K, paused 2ms+2ms
07-05 12:56:40.976   545   548 D dalvikvm: GC_CONCURRENT freed 434K, 11% free 10462K/11719K, paused 2ms+3ms
07-05 12:56:41.121   545 26377 I DownloadManager: Initiating request for download 3111
07-05 12:56:41.148   545   548 D dalvikvm: GC_CONCURRENT freed 392K, 11% free 10487K/11719K, paused 2ms+3ms
07-05 12:56:41.269   545   548 D dalvikvm: GC_CONCURRENT freed 205K, 9% free 10741K/11719K, paused 2ms+3ms
07-05 12:56:41.390   545   548 D dalvikvm: GC_CONCURRENT freed 461K, 9% free 10780K/11719K, paused 2ms+3ms
07-05 12:56:41.617   545   548 D dalvikvm: GC_CONCURRENT freed 784K, 11% free 10466K/11719K, paused 2ms+3ms
07-05 12:56:41.804   545   548 D dalvikvm: GC_CONCURRENT freed 407K, 11% free 10446K/11719K, paused 1ms+2ms
07-05 12:56:41.906   545 26380 I DownloadManager: Initiating request for download 3112
07-05 12:56:41.992   545   548 D dalvikvm: GC_CONCURRENT freed 234K, 10% free 10649K/11719K, paused 2ms+3ms
07-05 12:56:42.097   545   548 D dalvikvm: GC_CONCURRENT freed 304K, 8% free 10819K/11719K, paused 2ms+3ms
07-05 12:56:42.265   545   548 D dalvikvm: GC_CONCURRENT freed 791K, 11% free 10511K/11719K, paused 1ms+2ms
07-05 12:56:42.332  1370 26382 E DictionaryProvider:UpdateHandler: Can't read a file : android.util.MalformedJsonException: Use JsonReader.setLenient(true) to accept malformed JSON at line 1 column 20
07-05 12:56:42.500   545   548 D dalvikvm: GC_CONCURRENT freed 435K, 11% free 10470K/11719K, paused 2ms+3ms
07-05 12:56:42.672   545   548 D dalvikvm: GC_CONCURRENT freed 419K, 11% free 10445K/11719K, paused 1ms+2ms
07-05 12:56:42.711   545 26385 I DownloadManager: Initiating request for download 3112
07-05 12:56:42.804   545   548 D dalvikvm: GC_CONCURRENT freed 201K, 9% free 10700K/11719K, paused 2ms+3ms
07-05 12:56:42.914   545   548 D dalvikvm: GC_CONCURRENT freed 328K, 8% free 10875K/11719K, paused 2ms+2ms
07-05 12:56:43.133   545   548 D dalvikvm: GC_CONCURRENT freed 906K, 11% free 10471K/11719K, paused 2ms+2ms
07-05 12:56:43.304   545   548 D dalvikvm: GC_CONCURRENT freed 414K, 11% free 10452K/11719K, paused 1ms+3ms
07-05 12:56:43.441   545 26388 I DownloadManager: Initiating request for download 3113
07-05 12:56:43.535   545   548 D dalvikvm: GC_CONCURRENT freed 278K, 10% free 10617K/11719K, paused 2ms+2ms
07-05 12:56:43.636   545   548 D dalvikvm: GC_CONCURRENT freed 301K, 8% free 10813K/11719K, paused 2ms+4ms
07-05 12:56:43.793   545   548 D dalvikvm: GC_CONCURRENT freed 778K, 11% free 10514K/11719K, paused 2ms+2ms
07-05 12:56:43.898  1370 26390 D dalvikvm: GC_EXPLICIT freed 163K, 7% free 9102K/9735K, paused 2ms+2ms
07-05 12:56:43.906  1370 26390 E DictionaryProvider:UpdateHandler: Can't read a file : android.util.MalformedJsonException: Use JsonReader.setLenient(true) to accept malformed JSON at line 1 column 20
07-05 12:56:44.058   545   548 D dalvikvm: GC_CONCURRENT freed 432K, 11% free 10476K/11719K, paused 2ms+2ms
07-05 12:56:44.242   545   548 D dalvikvm: GC_CONCURRENT freed 415K, 11% free 10458K/11719K, paused 2ms+2ms
07-05 12:56:44.316   545 26393 I DownloadManager: Initiating request for download 3113
07-05 12:56:44.406   545   548 D dalvikvm: GC_CONCURRENT freed 232K, 9% free 10685K/11719K, paused 2ms+3ms
07-05 12:56:44.508   545   548 D dalvikvm: GC_CONCURRENT freed 335K, 8% free 10867K/11719K, paused 2ms+4ms
07-05 12:56:44.738   545   548 D dalvikvm: GC_CONCURRENT freed 891K, 11% free 10476K/11719K, paused 2ms+3ms
07-05 12:56:44.918   545   548 D dalvikvm: GC_CONCURRENT freed 413K, 11% free 10458K/11719K, paused 2ms+2ms
07-05 12:56:45.062   545 26396 I DownloadManager: Initiating request for download 3114
07-05 12:56:45.121   545   548 D dalvikvm: GC_CONCURRENT freed 318K, 11% free 10528K/11719K, paused 3ms+2ms
07-05 12:56:45.222   545   548 D dalvikvm: GC_CONCURRENT freed 224K, 9% free 10764K/11719K, paused 2ms+2ms
07-05 12:56:45.340   545   548 D dalvikvm: GC_CONCURRENT freed 478K, 9% free 10767K/11719K, paused 1ms+2ms
07-05 12:56:45.492  1370 26398 E DictionaryProvider:UpdateHandler: Can't read a file : android.util.MalformedJsonException: Use JsonReader.setLenient(true) to accept malformed JSON at line 1 column 20
07-05 12:56:45.593   545   548 D dalvikvm: GC_CONCURRENT freed 748K, 11% free 10482K/11719K, paused 1ms+3ms
07-05 12:56:45.777   545   548 D dalvikvm: GC_CONCURRENT freed 413K, 11% free 10457K/11719K, paused 2ms+2ms
07-05 12:56:45.855   545 26401 I DownloadManager: Initiating request for download 3114
07-05 12:56:45.945   545   548 D dalvikvm: GC_CONCURRENT freed 257K, 9% free 10702K/11719K, paused 2ms+3ms
07-05 12:56:46.050   545   548 D dalvikvm: GC_CONCURRENT freed 334K, 8% free 10860K/11719K, paused 2ms+2ms
07-05 12:56:46.242   545   548 D dalvikvm: GC_CONCURRENT freed 841K, 11% free 10516K/11719K, paused 2ms+2ms
07-05 12:56:46.429   545   548 D dalvikvm: GC_CONCURRENT freed 444K, 11% free 10467K/11719K, paused 2ms+2ms
07-05 12:56:46.656   545 26404 I DownloadManager: Initiating request for download 3115
07-05 12:56:46.679   545   548 D dalvikvm: GC_CONCURRENT freed 384K, 11% free 10484K/11719K, paused 3ms+2ms
07-05 12:56:46.800   545   548 D dalvikvm: GC_CONCURRENT freed 197K, 9% free 10746K/11719K, paused 2ms+3ms
07-05 12:56:46.902   545   548 D dalvikvm: GC_CONCURRENT freed 456K, 9% free 10769K/11719K, paused 2ms+3ms
07-05 12:56:47.101   545   548 D dalvikvm: GC_CONCURRENT freed 724K, 11% free 10511K/11719K, paused 2ms+3ms
07-05 12:56:47.304   545   548 D dalvikvm: GC_CONCURRENT freed 405K, 11% free 10507K/11719K, paused 1ms+2ms
07-05 12:56:48.629   545   548 D dalvikvm: GC_CONCURRENT freed 383K, 11% free 10519K/11719K, paused 2ms+2ms
07-05 12:56:48.781  1370 26406 E DictionaryProvider:UpdateHandler: Can't read a file : android.util.MalformedJsonException: Use JsonReader.setLenient(true) to accept malformed JSON at line 1 column 20
07-05 12:56:48.840   545   548 D dalvikvm: GC_CONCURRENT freed 428K, 11% free 10486K/11719K, paused 2ms+4ms
07-05 12:56:49.035   545   548 D dalvikvm: GC_CONCURRENT freed 423K, 11% free 10457K/11719K, paused 2ms+2ms
07-05 12:56:49.113   545 26409 I DownloadManager: Initiating request for download 3115
07-05 12:56:49.113   545 26409 W DownloadManager: Aborting request for download 3115: Trying to resume a download that can't be resumed
07-05 12:56:49.406   545   548 D dalvikvm: GC_CONCURRENT freed 363K, 11% free 10490K/11719K, paused 2ms+3ms
07-05 12:56:49.582   545   548 D dalvikvm: GC_CONCURRENT freed 415K, 11% free 10470K/11719K, paused 2ms+2ms
07-05 12:56:49.777   545   548 D dalvikvm: GC_CONCURRENT freed 400K, 11% free 10458K/11719K, paused 2ms+2ms
07-05 12:56:49.859   545 26412 I DownloadManager: Initiating request for download 3116
07-05 12:56:49.961   545   548 D dalvikvm: GC_CONCURRENT freed 208K, 9% free 10709K/11719K, paused 1ms+2ms
07-05 12:56:50.062   545   548 D dalvikvm: GC_CONCURRENT freed 318K, 8% free 10882K/11719K, paused 1ms+2ms
07-05 12:56:50.277   545   548 D dalvikvm: GC_CONCURRENT freed 902K, 11% free 10490K/11719K, paused 2ms+2ms
07-05 12:56:50.316   362   362 I wpa_supplicant: wlan0: CTRL-EVENT-DISCONNECTED bssid=d0:c2:82:66:6b:f0 reason=0
07-05 12:56:50.316    77   117 D CommandListener: Clearing all IP addresses on wlan0
07-05 12:56:50.336   156   330 D ConnectivityService: ConnectivityChange for WIFI: DISCONNECTED/DISCONNECTED
07-05 12:56:50.340   156   330 D ConnectivityService: Attempting to switch to mobile
07-05 12:56:50.340   156   330 D ConnectivityService: Attempting to switch to WIMAX
07-05 12:56:50.340   156   330 D ConnectivityService: Attempting to switch to BLUETOOTH_TETHER
07-05 12:56:50.343   156   330 E ConnectivityService: Exception trying to remove a route: java.lang.IllegalStateException: Unable to communicate with native dameon to add routes - com.android.server.NativeDaemonConnectorException: Cmd {interface route remove wlan0 default 128.205.59.254 32 0.0.0.0} failed with code 400 : {Failed to remove route from default table (No such process)}
07-05 12:56:50.347   156   330 E ConnectivityService: Exception trying to remove a route: java.lang.IllegalStateException: Unable to communicate with native dameon to add routes - com.android.server.NativeDaemonConnectorException: Cmd {interface route remove wlan0 default 0.0.0.0 0 128.205.59.254} failed with code 400 : {Failed to remove route from default table (No such process)}
07-05 12:56:50.351   156   330 D NetUtils: android_net_utils_resetConnections in env=0x6b2b60 clazz=0xd1f00001 iface=wlan0 mask=0x3
07-05 12:56:50.351   156   330 D ConnectivityService: resetConnections(wlan0, 3)
07-05 12:56:50.468   682  1055 E GTalkService: connectionClosed: no XMPPConnection - That's strange!
07-05 12:56:50.492  1370 26414 E DictionaryProvider:UpdateHandler: Can't read a file : android.util.MalformedJsonException: Use JsonReader.setLenient(true) to accept malformed JSON at line 1 column 20
07-05 12:56:50.531   414   416 D dalvikvm: GC_CONCURRENT freed 574K, 37% free 10302K/16263K, paused 2ms+3ms
07-05 12:56:50.586   156   330 D ConnectivityService: handleInetConditionChange: no active default network - ignore
07-05 12:56:50.664   414   416 D dalvikvm: GC_CONCURRENT freed 564K, 38% free 10128K/16263K, paused 2ms+3ms
07-05 12:56:50.781   545   548 D dalvikvm: GC_CONCURRENT freed 408K, 11% free 10477K/11719K, paused 2ms+2ms
07-05 12:56:50.965   156   514 D dalvikvm: GC_EXPLICIT freed 699K, 12% free 14100K/16007K, paused 3ms+5ms
07-05 12:56:50.976   545 26417 I DownloadManager: Initiating request for download 3116
07-05 12:56:50.976   545 26417 W DownloadManager: Aborting request for download 3116: no network connection available
07-05 12:56:51.093   545   548 D dalvikvm: GC_CONCURRENT freed 372K, 11% free 10501K/11719K, paused 1ms+3ms
07-05 12:56:51.273   545   548 D dalvikvm: GC_CONCURRENT freed 432K, 11% free 10464K/11719K, paused 2ms+2ms
07-05 12:56:51.461   545   548 D dalvikvm: GC_CONCURRENT freed 409K, 11% free 10450K/11719K, paused 1ms+2ms
07-05 12:56:51.574   362   362 I wpa_supplicant: wlan0: Trying to associate with d0:c2:82:66:6b:f1 (SSID='UB_Secure' freq=2462 MHz)
07-05 12:56:51.590   362   362 I wpa_supplicant: wlan0: CTRL-EVENT-DISCONNECTED bssid=d0:c2:82:66:6b:f1 reason=0
07-05 12:56:51.613   362   362 I wpa_supplicant: wlan0: Associated with d0:c2:82:66:6b:f1
07-05 12:56:51.617   362   362 I wpa_supplicant: wlan0: CTRL-EVENT-EAP-STARTED EAP authentication started
07-05 12:56:51.617   362   362 W wpa_supplicant: EAP: buildIdentity: identity configuration was not available
07-05 12:56:51.617   362   362 I wpa_supplicant: wlan0: CTRL-REQ-IDENTITY-4:Identity needed for SSID UB_Secure
07-05 12:56:51.629   545 26419 I DownloadManager: Initiating request for download 3117
07-05 12:56:51.629   545 26419 W DownloadManager: Aborting request for download 3117: no network connection available
07-05 12:56:51.800   545   548 D dalvikvm: GC_CONCURRENT freed 357K, 11% free 10484K/11719K, paused 2ms+2ms
07-05 12:56:51.976   545   548 D dalvikvm: GC_CONCURRENT freed 409K, 11% free 10462K/11719K, paused 2ms+3ms
07-05 12:56:52.156   545   548 D dalvikvm: GC_CONCURRENT freed 399K, 11% free 10451K/11719K, paused 2ms+3ms
07-05 12:56:52.390   545   548 D dalvikvm: GC_CONCURRENT freed 367K, 11% free 10479K/11719K, paused 1ms+2ms
07-05 12:56:52.566   545   548 D dalvikvm: GC_CONCURRENT freed 416K, 11% free 10458K/11719K, paused 2ms+2ms
07-05 12:56:52.738   545   548 D dalvikvm: GC_CONCURRENT freed 408K, 11% free 10445K/11719K, paused 2ms+2ms
07-05 12:56:53.406   156   333 D Tethering: MasterInitialState.processMessage what=3
07-05 12:56:53.468  1086  1105 D PicasaSyncManager: active network: null
07-05 12:56:53.468  1086  1105 D PicasaSyncManager: background data: true
07-05 12:56:53.496  1190  1190 I MediaUploader: No need to wake up
07-05 12:56:53.500   993   993 I PhoneLab-WiFiReceiver: Wi-Fi is disconnected!
07-05 12:56:53.531   682   685 D dalvikvm: GC_CONCURRENT freed 447K, 9% free 10151K/11079K, paused 2ms+3ms
07-05 12:56:57.617   156   330 D ConnectivityService: ConnectivityChange for mobile: CONNECTED/CONNECTED
07-05 12:56:57.675   156   326 D NetworkPolicy: applying policy NetworkPolicy[NetworkTemplate: matchRule=MOBILE_ALL, subscriberId=valid]: cycleDay=5, warningBytes=2147483648, limitBytes=-1, lastSnooze=-1 to ifaces [rmnet0]
07-05 12:56:58.621   156   330 D ConnectivityService: NetTransition Wakelock for WifiStateMachine released by timeout
07-05 12:57:00.679   156   333 D Tethering: MasterInitialState.processMessage what=3
07-05 12:57:00.734   682   682 I GTalkService/c: [AndroidEndpoint@1095403848] connect: acct=1000001, state=CONNECTING
07-05 12:57:00.765  1190  1190 I MediaUploader: No need to wake up
07-05 12:57:00.769  1086  1105 D PicasaSyncManager: active network: NetworkInfo: type: mobile[CDMA - EvDo rev. A], state: CONNECTED/CONNECTED, reason: (unspecified), extra: , roaming: false, failover: true, isAvailable: true
07-05 12:57:00.769  1086  1105 D PicasaSyncManager: background data: true
07-05 12:57:00.980   545   548 D dalvikvm: GC_CONCURRENT freed 365K, 11% free 10475K/11719K, paused 2ms+3ms
07-05 12:57:01.172   545   548 D dalvikvm: GC_CONCURRENT freed 414K, 11% free 10456K/11719K, paused 1ms+2ms
07-05 12:57:01.343   545   548 D dalvikvm: GC_CONCURRENT freed 408K, 11% free 10440K/11719K, paused 2ms+2ms
07-05 12:57:03.285   156   330 D ConnectivityService: handleInetConditionHoldEnd: net=0, condition=100, published condition=0
07-05 12:57:28.304   156   167 D AlarmManagerService: Kernel timezone updated to 240 minutes west of GMT
07-05 12:57:28.328   482   482 D SystemClock: Setting time of day to sec=1341507449
07-05 12:57:29.102   156   514 I ActivityManager: Start proc com.android.deskclock for broadcast com.android.deskclock/.AlarmInitReceiver: pid=26428 uid=10080 gids={}
07-05 12:57:29.137 26428 26428 I ActivityThread: Pub com.android.deskclock: com.android.deskclock.AlarmProvider
07-05 12:57:29.153 26428 26441 E SQLiteOpenHelper: Couldn't open alarms.db for writing (will try read-only):
07-05 12:57:29.153 26428 26441 E SQLiteOpenHelper: android.database.sqlite.SQLiteException: Can't downgrade database from version 7 to 5
07-05 12:57:29.153 26428 26441 E SQLiteOpenHelper: 	at android.database.sqlite.SQLiteOpenHelper.onDowngrade(SQLiteOpenHelper.java:307)
07-05 12:57:29.153 26428 26441 E SQLiteOpenHelper: 	at android.database.sqlite.SQLiteOpenHelper.getWritableDatabase(SQLiteOpenHelper.java:168)
07-05 12:57:29.153 26428 26441 E SQLiteOpenHelper: 	at android.database.sqlite.SQLiteOpenHelper.getReadableDatabase(SQLiteOpenHelper.java:231)
07-05 12:57:29.153 26428 26441 E SQLiteOpenHelper: 	at com.android.deskclock.AlarmProvider.query(AlarmProvider.java:72)
07-05 12:57:29.153 26428 26441 E SQLiteOpenHelper: 	at android.content.ContentProvider$Transport.query(ContentProvider.java:178)
07-05 12:57:29.153 26428 26441 E SQLiteOpenHelper: 	at android.content.ContentResolver.query(ContentResolver.java:311)
07-05 12:57:29.153 26428 26441 E SQLiteOpenHelper: 	at com.android.deskclock.Alarms.getFilteredAlarmsCursor(Alarms.java:143)
07-05 12:57:29.153 26428 26441 E SQLiteOpenHelper: 	at com.android.deskclock.Alarms.disableExpiredAlarms(Alarms.java:352)
07-05 12:57:29.153 26428 26441 E SQLiteOpenHelper: 	at com.android.deskclock.AlarmInitReceiver$1.run(AlarmInitReceiver.java:45)
07-05 12:57:29.153 26428 26441 E SQLiteOpenHelper: 	at android.os.Handler.handleCallback(Handler.java:605)
07-05 12:57:29.153 26428 26441 E SQLiteOpenHelper: 	at android.os.Handler.dispatchMessage(Handler.java:92)
07-05 12:57:29.153 26428 26441 E SQLiteOpenHelper: 	at android.os.Looper.loop(Looper.java:137)
07-05 12:57:29.153 26428 26441 E SQLiteOpenHelper: 	at android.os.HandlerThread.run(HandlerThread.java:60)
07-05 12:57:29.156 26428 26441 W dalvikvm: threadid=11: thread exiting with uncaught exception (group=0x40a5c1f8)
07-05 12:57:29.156 26428 26441 E AndroidRuntime: FATAL EXCEPTION: AsyncHandler
07-05 12:57:29.156 26428 26441 E AndroidRuntime: android.database.sqlite.SQLiteException: Can't upgrade read-only database from version 7 to 5: /data/data/com.android.deskclock/databases/alarms.db
07-05 12:57:29.156 26428 26441 E AndroidRuntime: 	at android.database.sqlite.SQLiteOpenHelper.getReadableDatabase(SQLiteOpenHelper.java:244)
07-05 12:57:29.156 26428 26441 E AndroidRuntime: 	at com.android.deskclock.AlarmProvider.query(AlarmProvider.java:72)
07-05 12:57:29.156 26428 26441 E AndroidRuntime: 	at android.content.ContentProvider$Transport.query(ContentProvider.java:178)
07-05 12:57:29.156 26428 26441 E AndroidRuntime: 	at android.content.ContentResolver.query(ContentResolver.java:311)
07-05 12:57:29.156 26428 26441 E AndroidRuntime: 	at com.android.deskclock.Alarms.getFilteredAlarmsCursor(Alarms.java:143)
07-05 12:57:29.156 26428 26441 E AndroidRuntime: 	at com.android.deskclock.Alarms.disableExpiredAlarms(Alarms.java:352)
07-05 12:57:29.156 26428 26441 E AndroidRuntime: 	at com.android.deskclock.AlarmInitReceiver$1.run(AlarmInitReceiver.java:45)
07-05 12:57:29.156 26428 26441 E AndroidRuntime: 	at android.os.Handler.handleCallback(Handler.java:605)
07-05 12:57:29.156 26428 26441 E AndroidRuntime: 	at android.os.Handler.dispatchMessage(Handler.java:92)
07-05 12:57:29.156 26428 26441 E AndroidRuntime: 	at android.os.Looper.loop(Looper.java:137)
07-05 12:57:29.156 26428 26441 E AndroidRuntime: 	at android.os.HandlerThread.run(HandlerThread.java:60)
07-05 12:57:29.176 26428 26441 I Process : Sending signal. PID: 26428 SIG: 9
07-05 12:57:29.184   156   559 I ActivityManager: Process com.android.deskclock (pid 26428) has died.
07-05 12:57:29.254   682   685 D dalvikvm: GC_CONCURRENT freed 356K, 8% free 10208K/11079K, paused 2ms+3ms
07-05 12:57:40.613   156   156 D AlarmManagerService: Kernel timezone updated to 240 minutes west of GMT
07-05 12:57:52.258   362   362 I wpa_supplicant: wlan0: CTRL-EVENT-DISCONNECTED bssid=d0:c2:82:66:6b:f1 reason=0
07-05 12:57:54.453   362   362 I wpa_supplicant: wlan0: Trying to associate with d0:c2:82:66:6b:f0 (SSID='UB_Wireless' freq=2462 MHz)
07-05 12:57:54.481   362   362 I wpa_supplicant: wlan0: CTRL-EVENT-DISCONNECTED bssid=d0:c2:82:66:6b:f0 reason=0
07-05 12:57:55.520   362   362 I wpa_supplicant: wlan0: Trying to associate with d0:c2:82:2d:e4:b0 (SSID='UB_Wireless' freq=2412 MHz)
07-05 12:57:55.879   414   414 D dalvikvm: GC_FOR_ALLOC freed 256K, 38% free 10220K/16263K, paused 15ms
07-05 12:57:55.949   414   416 D dalvikvm: GC_CONCURRENT freed 344K, 37% free 10340K/16263K, paused 2ms+3ms
07-05 12:57:56.145   414   416 D dalvikvm: GC_CONCURRENT freed 343K, 37% free 10383K/16263K, paused 4ms+3ms
07-05 12:58:03.133   993  1240 I PhoneLab-: Service Running
07-05 12:58:03.203   993  1240 I PhoneLab-LoggerService: app_49    1247  993   1956   1584  c00f181c 400107b4 S logcat
07-05 12:58:03.203   993  1240 I PhoneLab-LoggerService: Logcat pid from database 1247
07-05 12:58:03.203   993  1240 I PhoneLab-LoggerService: Logcat process found 1247
07-05 12:58:03.203   993  1240 I PhoneLab-LoggerService: Checking Threshold
07-05 12:58:03.203   993  1240 I PhoneLab-LoggerService: Starting to rename files
07-05 12:58:03.203   993  1240 I PhoneLab-LoggerService: Files found .. 26
07-05 12:58:05.731   362   362 I wpa_supplicant: wlan0: Authentication with d0:c2:82:2d:e4:b0 timed out.
07-05 12:58:07.324   362   362 I wpa_supplicant: wlan0: Trying to associate with 64:a0:e7:5d:18:30 (SSID='UB_Wireless' freq=2412 MHz)
07-05 12:58:17.379   362   362 I wpa_supplicant: wlan0: Authentication with 64:a0:e7:5d:18:30 timed out.
07-05 12:58:18.926   362   362 I wpa_supplicant: wlan0: Trying to associate with d0:c2:82:84:8d:50 (SSID='UB_Wireless' freq=2462 MHz)
07-05 12:58:19.102   362   362 I wpa_supplicant: wlan0: Associated with d0:c2:82:84:8d:50
07-05 12:58:19.102   362   362 I wpa_supplicant: wlan0: CTRL-EVENT-CONNECTED - Connection to d0:c2:82:84:8d:50 completed (reauth) [id=5 id_str=]
07-05 12:58:24.582   156   330 D ConnectivityService: ConnectivityChange for WIFI: CONNECTED/CONNECTED
07-05 12:58:24.582   156   330 D ConnectivityService: Policy requires mobile teardown
07-05 12:58:24.610   993   993 I PhoneLab-WiFiReceiver: Wi-Fi is connected!
07-05 12:58:24.610   993   993 I PhoneLab-WiFiReceiver: SSID: UB_Wireless BSSID: d0:c2:82:84:8d:50 RSSI: -200 LinkSpeed: -1
07-05 12:58:24.610   993   993 I PhoneLab-Locks: wake lock acquired
07-05 12:58:24.617   993   993 I PhoneLab-UploadLogs: Transfering log files now
07-05 12:58:24.676   156   330 D ConnectivityService: ConnectivityChange for mobile: DISCONNECTED/DISCONNECTED
07-05 12:58:24.676   156   330 D ConnectivityService: Attempting to switch to WIFI
07-05 12:58:24.676   156   330 D ConnectivityService: Attempting to switch to WIMAX
07-05 12:58:24.676   156   330 D ConnectivityService: Attempting to switch to BLUETOOTH_TETHER
07-05 12:58:24.696   156   330 D NetUtils: android_net_utils_resetConnections in env=0x6b2b60 clazz=0xf4900001 iface=rmnet0 mask=0x3
07-05 12:58:24.696   156   330 D ConnectivityService: resetConnections(rmnet0, 3)
07-05 12:58:24.715   156   325 W NetworkStats: dropping UID delta from unknown iface: iface=wlan0 uid=0 set=DEFAULT tag=0x0 rxBytes=0 rxPackets=0 txBytes=272 txPackets=4 operations=0
07-05 12:58:24.746   993   995 D dalvikvm: GC_CONCURRENT freed 416K, 14% free 9245K/10695K, paused 4ms+2ms
07-05 12:58:24.781   993   993 D dalvikvm: GC_FOR_ALLOC freed 231K, 12% free 9426K/10695K, paused 28ms
07-05 12:58:24.840   993   993 I PhoneLab-UploadLogs: OnStartCommand
07-05 12:58:24.860   993   995 D dalvikvm: GC_CONCURRENT freed 255K, 10% free 9682K/10695K, paused 2ms+8ms
07-05 12:58:24.891   993 26475 D dalvikvm: GC_FOR_ALLOC freed 310K, 10% free 9698K/10695K, paused 27ms
07-05 12:58:24.910   156   158 D dalvikvm: GC_CONCURRENT freed 1187K, 12% free 14184K/16007K, paused 2ms+29ms
07-05 12:58:24.977   682 26425 W Smack/Packet: notify conn break (IOEx), close connection
07-05 12:58:24.992   993 26475 D dalvikvm: GC_FOR_ALLOC freed 301K, 10% free 9698K/10695K, paused 95ms
07-05 12:58:25.008   993 26475 D dalvikvm: GC_FOR_ALLOC freed 344K, 10% free 9657K/10695K, paused 12ms
07-05 12:58:25.133   682 26425 I qtaguid : Failed write_ctrl(u 68) res=-1 errno=22
07-05 12:58:25.133   682 26425 I qtaguid : Untagging socket 68 failed errno=-22
07-05 12:58:25.133   682 26425 W NetworkManagementSocketTagger: untagSocket(68) failed with errno -22
07-05 12:58:25.164   156   330 D ConnectivityService: handleInetConditionChange: net=0 != default=1 - ignore
07-05 12:58:26.535   993 26475 W System.err: org.apache.http.client.ClientProtocolException
07-05 12:58:26.539   993 26475 W System.err: 	at org.apache.http.impl.client.AbstractHttpClient.execute(AbstractHttpClient.java:557)
07-05 12:58:26.543   993 26475 W System.err: 	at org.apache.http.impl.client.AbstractHttpClient.execute(AbstractHttpClient.java:487)
07-05 12:58:26.547   993 26475 W System.err: 	at com.loopj.android.http.AsyncHttpRequest.makeRequest(Unknown Source)
07-05 12:58:26.547   993 26475 W System.err: 	at com.loopj.android.http.AsyncHttpRequest.makeRequestWithRetries(Unknown Source)
07-05 12:58:26.547   993 26475 W System.err: 	at com.loopj.android.http.AsyncHttpRequest.run(Unknown Source)
07-05 12:58:26.551   993 26475 W System.err: 	at java.util.concurrent.Executors$RunnableAdapter.call(Executors.java:442)
07-05 12:58:26.551   993 26475 W System.err: 	at java.util.concurrent.FutureTask$Sync.innerRun(FutureTask.java:305)
07-05 12:58:26.555   993 26475 W System.err: 	at java.util.concurrent.FutureTask.run(FutureTask.java:137)
07-05 12:58:26.555   993 26475 W System.err: 	at java.util.concurrent.ThreadPoolExecutor.runWorker(ThreadPoolExecutor.java:1076)
07-05 12:58:26.555   993 26475 W System.err: 	at java.util.concurrent.ThreadPoolExecutor$Worker.run(ThreadPoolExecutor.java:569)
07-05 12:58:26.559   993 26475 W System.err: 	at java.lang.Thread.run(Thread.java:856)
07-05 12:58:26.559   993 26475 W System.err: Caused by: org.apache.http.client.NonRepeatableRequestException: Cannot retry request with a non-repeatable request entity
07-05 12:58:26.563   993 26475 W System.err: 	at org.apache.http.impl.client.DefaultRequestDirector.execute(DefaultRequestDirector.java:420)
07-05 12:58:26.563   993 26475 W System.err: 	at org.apache.http.impl.client.AbstractHttpClient.execute(AbstractHttpClient.java:555)
07-05 12:58:26.563   993 26475 W System.err: 	... 10 more
07-05 12:58:26.563   993   993 E PhoneLab-: Transfering 1341502082478.log failed
07-05 12:58:26.563   993   993 I PhoneLab-Locks: wake lock released
07-05 12:58:27.692   156   333 D Tethering: MasterInitialState.processMessage what=3
07-05 12:58:27.742   156   333 D Tethering: MasterInitialState.processMessage what=3
07-05 12:58:27.750   682   682 I GTalkService/c: [AndroidEndpoint@1095403848] connect: acct=1000001, state=CONNECTING
07-05 12:58:27.762   156   333 D Tethering: MasterInitialState.processMessage what=3
07-05 12:58:27.797  1190  1190 I MediaUploader: No need to wake up
07-05 12:58:27.844  1086  1105 D PicasaSyncManager: active network: NetworkInfo: type: WIFI[], state: CONNECTED/CONNECTED, reason: (unspecified), extra: (none), roaming: false, failover: false, isAvailable: true
07-05 12:58:27.844  1086  1105 D PicasaSyncManager: background data: true
07-05 12:58:27.891   414   416 D dalvikvm: GC_CONCURRENT freed 607K, 38% free 10228K/16263K, paused 1ms+3ms
07-05 12:58:27.946  1190  1190 I MediaUploader: No need to wake up
07-05 12:58:28.004   414   416 D dalvikvm: GC_CONCURRENT freed 361K, 37% free 10346K/16263K, paused 1ms+9ms
07-05 12:58:28.024  1190  1190 I MediaUploader: No need to wake up
07-05 12:58:28.094  1086  1105 D PicasaSyncManager: active network: NetworkInfo: type: WIFI[], state: CONNECTED/CONNECTED, reason: (unspecified), extra: (none), roaming: false, failover: false, isAvailable: true
07-05 12:58:28.094  1086  1105 D PicasaSyncManager: background data: true
07-05 12:58:28.340   545   548 D dalvikvm: GC_CONCURRENT freed 360K, 11% free 10472K/11719K, paused 1ms+3ms
07-05 12:58:28.528   545   548 D dalvikvm: GC_CONCURRENT freed 416K, 11% free 10451K/11719K, paused 1ms+2ms
07-05 12:58:28.692   545 26479 I DownloadManager: Initiating request for download 3116
07-05 12:58:28.692   545 26479 I DownloadManager: Skipping initiating request for download 3116; already completed
07-05 12:58:28.746   545 26481 I DownloadManager: Initiating request for download 3117
07-05 12:58:28.844   545   548 D dalvikvm: GC_CONCURRENT freed 377K, 11% free 10493K/11719K, paused 4ms+5ms
07-05 12:58:28.961   545   548 D dalvikvm: GC_CONCURRENT freed 210K, 9% free 10743K/11719K, paused 2ms+3ms
07-05 12:58:29.086   545   548 D dalvikvm: GC_CONCURRENT freed 451K, 9% free 10769K/11719K, paused 2ms+2ms
07-05 12:58:29.270  1370 26485 E DictionaryProvider:UpdateHandler: Can't read a file : android.util.MalformedJsonException: Use JsonReader.setLenient(true) to accept malformed JSON at line 1 column 20
07-05 12:58:29.293  1370  1372 D dalvikvm: GC_CONCURRENT freed 381K, 7% free 9139K/9735K, paused 1ms+3ms
07-05 12:58:29.348   545   548 D dalvikvm: GC_CONCURRENT freed 760K, 11% free 10479K/11719K, paused 2ms+2ms
07-05 12:58:29.574   545   548 D dalvikvm: GC_CONCURRENT freed 418K, 11% free 10449K/11719K, paused 2ms+3ms
07-05 12:58:29.688   545 26488 I DownloadManager: Initiating request for download 3117
07-05 12:58:29.770   545   548 D dalvikvm: GC_CONCURRENT freed 267K, 10% free 10641K/11719K, paused 2ms+2ms
07-05 12:58:29.871   545   548 D dalvikvm: GC_CONCURRENT freed 328K, 8% free 10827K/11719K, paused 2ms+3ms
07-05 12:58:30.043   545   548 D dalvikvm: GC_CONCURRENT freed 803K, 11% free 10516K/11719K, paused 2ms+2ms
07-05 12:58:30.246   545   548 D dalvikvm: GC_CONCURRENT freed 448K, 11% free 10463K/11719K, paused 2ms+2ms
07-05 12:58:30.418   545   548 D dalvikvm: GC_CONCURRENT freed 415K, 11% free 10442K/11719K, paused 2ms+2ms
07-05 12:58:30.473   545 26491 I DownloadManager: Initiating request for download 3118
07-05 12:58:30.578   545   548 D dalvikvm: GC_CONCURRENT freed 181K, 9% free 10721K/11719K, paused 2ms+3ms
07-05 12:58:30.676   545   548 D dalvikvm: GC_CONCURRENT freed 428K, 9% free 10765K/11719K, paused 2ms+2ms
07-05 12:58:30.848   414   416 D dalvikvm: GC_CONCURRENT freed 359K, 37% free 10387K/16263K, paused 2ms+3ms
07-05 12:58:30.899   545   548 D dalvikvm: GC_CONCURRENT freed 725K, 11% free 10504K/11719K, paused 2ms+2ms
07-05 12:58:31.125   545   548 D dalvikvm: GC_CONCURRENT freed 403K, 11% free 10503K/11719K, paused 2ms+2ms
07-05 12:58:31.192  1370 26493 E DictionaryProvider:UpdateHandler: Can't read a file : android.util.MalformedJsonException: Use JsonReader.setLenient(true) to accept malformed JSON at line 1 column 20
07-05 12:58:31.246   465 26494 D dalvikvm: GC_EXPLICIT freed 425K, 6% free 10515K/11079K, paused 2ms+3ms
07-05 12:58:31.363   545 26496 I DownloadManager: Initiating request for download 3118
07-05 12:58:31.430   545   548 D dalvikvm: GC_CONCURRENT freed 365K, 11% free 10532K/11719K, paused 1ms+2ms
07-05 12:58:31.531   545   548 D dalvikvm: GC_CONCURRENT freed 232K, 9% free 10759K/11719K, paused 2ms+2ms
07-05 12:58:31.653   545   548 D dalvikvm: GC_CONCURRENT freed 480K, 9% free 10762K/11719K, paused 2ms+4ms
07-05 12:58:31.883   545   548 D dalvikvm: GC_CONCURRENT freed 755K, 11% free 10471K/11719K, paused 2ms+3ms
07-05 12:58:32.067   545   548 D dalvikvm: GC_CONCURRENT freed 416K, 11% free 10451K/11719K, paused 2ms+2ms
07-05 12:58:32.160   545 26499 I DownloadManager: Initiating request for download 3119
07-05 12:58:32.250   545   548 D dalvikvm: GC_CONCURRENT freed 241K, 10% free 10662K/11719K, paused 2ms+3ms
07-05 12:58:32.360   545   548 D dalvikvm: GC_CONCURRENT freed 326K, 8% free 10846K/11719K, paused 2ms+3ms
07-05 12:58:32.551   545   548 D dalvikvm: GC_CONCURRENT freed 859K, 11% free 10482K/11719K, paused 2ms+2ms
07-05 12:58:32.586  1370 26501 E DictionaryProvider:UpdateHandler: Can't read a file : android.util.MalformedJsonException: Use JsonReader.setLenient(true) to accept malformed JSON at line 1 column 20
07-05 12:58:32.781   545   548 D dalvikvm: GC_CONCURRENT freed 408K, 11% free 10478K/11719K, paused 2ms+3ms
07-05 12:58:32.957   545 26504 I DownloadManager: Initiating request for download 3119
07-05 12:58:32.977   545   548 D dalvikvm: GC_CONCURRENT freed 413K, 11% free 10488K/11719K, paused 2ms+3ms
07-05 12:58:33.113   545   548 D dalvikvm: GC_CONCURRENT freed 203K, 9% free 10746K/11719K, paused 2ms+2ms
07-05 12:58:33.227   545   548 D dalvikvm: GC_CONCURRENT freed 452K, 8% free 10792K/11719K, paused 2ms+3ms
07-05 12:58:33.453   545   548 D dalvikvm: GC_CONCURRENT freed 784K, 11% free 10478K/11719K, paused 2ms+2ms
07-05 12:58:33.637   545   548 D dalvikvm: GC_CONCURRENT freed 417K, 11% free 10456K/11719K, paused 2ms+2ms
07-05 12:58:33.828   156   559 D dalvikvm: GC_EXPLICIT freed 716K, 12% free 14088K/16007K, paused 2ms+5ms
07-05 12:58:33.832   545 26507 I DownloadManager: Initiating request for download 3120
07-05 12:58:33.926   545   548 D dalvikvm: GC_CONCURRENT freed 262K, 10% free 10652K/11719K, paused 2ms+3ms
07-05 12:58:34.024   545   548 D dalvikvm: GC_CONCURRENT freed 338K, 8% free 10819K/11719K, paused 2ms+3ms
07-05 12:58:34.188   545   548 D dalvikvm: GC_CONCURRENT freed 796K, 11% free 10515K/11719K, paused 2ms+3ms
07-05 12:58:34.250  1370 26509 E DictionaryProvider:UpdateHandler: Can't read a file : android.util.MalformedJsonException: Use JsonReader.setLenient(true) to accept malformed JSON at line 1 column 20
07-05 12:58:34.418   545   548 D dalvikvm: GC_CONCURRENT freed 440K, 11% free 10470K/11719K, paused 2ms+2ms
07-05 12:58:34.641   545   548 D dalvikvm: GC_CONCURRENT freed 417K, 11% free 10447K/11719K, paused 2ms+3ms
07-05 12:58:34.692   545 26512 I DownloadManager: Initiating request for download 3120
07-05 12:58:34.801   545   548 D dalvikvm: GC_CONCURRENT freed 196K, 9% free 10708K/11719K, paused 2ms+3ms
07-05 12:58:34.899   545   548 D dalvikvm: GC_CONCURRENT freed 342K, 8% free 10871K/11719K, paused 2ms+3ms
07-05 12:58:35.133   545   548 D dalvikvm: GC_CONCURRENT freed 892K, 11% free 10481K/11719K, paused 2ms+3ms
07-05 12:58:35.313   545   548 D dalvikvm: GC_CONCURRENT freed 417K, 11% free 10454K/11719K, paused 2ms+2ms
07-05 12:58:35.453   545 26515 I DownloadManager: Initiating request for download 3121
07-05 12:58:35.528   545   548 D dalvikvm: GC_CONCURRENT freed 288K, 10% free 10588K/11719K, paused 2ms+3ms
07-05 12:58:35.629   545   548 D dalvikvm: GC_CONCURRENT freed 268K, 8% free 10789K/11719K, paused 2ms+2ms
07-05 12:58:35.758   545   548 D dalvikvm: GC_CONCURRENT freed 759K, 11% free 10520K/11719K, paused 2ms+3ms
07-05 12:58:35.930   545 11113 D dalvikvm: GC_EXPLICIT freed 316K, 11% free 10485K/11719K, paused 3ms+2ms
07-05 12:58:35.938  1370 26517 E DictionaryProvider:UpdateHandler: Can't read a file : android.util.MalformedJsonException: Use JsonReader.setLenient(true) to accept malformed JSON at line 1 column 20
07-05 12:58:35.981  1370  1372 D dalvikvm: GC_CONCURRENT freed 397K, 7% free 9132K/9735K, paused 1ms+2ms
07-05 12:58:36.160   545   548 D dalvikvm: GC_CONCURRENT freed 417K, 11% free 10463K/11719K, paused 2ms+3ms
07-05 12:58:36.281   545 26520 I DownloadManager: Initiating request for download 3121
07-05 12:58:36.348   545   548 D dalvikvm: GC_CONCURRENT freed 327K, 11% free 10524K/11719K, paused 1ms+2ms
07-05 12:58:36.449   545   548 D dalvikvm: GC_CONCURRENT freed 233K, 9% free 10764K/11719K, paused 2ms+3ms
07-05 12:58:36.574   545   548 D dalvikvm: GC_CONCURRENT freed 491K, 9% free 10777K/11719K, paused 2ms+2ms
07-05 12:58:36.797   545   548 D dalvikvm: GC_CONCURRENT freed 777K, 11% free 10469K/11719K, paused 2ms+2ms
07-05 12:58:36.988   545   548 D dalvikvm: GC_CONCURRENT freed 411K, 11% free 10453K/11719K, paused 2ms+2ms
07-05 12:58:37.082   545 26523 I DownloadManager: Initiating request for download 3122
07-05 12:58:37.199   545   548 D dalvikvm: GC_CONCURRENT freed 227K, 9% free 10678K/11719K, paused 2ms+3ms
07-05 12:58:37.293   545   548 D dalvikvm: GC_CONCURRENT freed 317K, 8% free 10828K/11719K, paused 2ms+3ms
07-05 12:58:37.465   545   548 D dalvikvm: GC_CONCURRENT freed 799K, 11% free 10517K/11719K, paused 2ms+3ms
07-05 12:58:37.543  1370 26525 E DictionaryProvider:UpdateHandler: Can't read a file : android.util.MalformedJsonException: Use JsonReader.setLenient(true) to accept malformed JSON at line 1 column 20
07-05 12:58:37.692   545   548 D dalvikvm: GC_CONCURRENT freed 438K, 11% free 10474K/11719K, paused 2ms+3ms
07-05 12:58:37.875   545   548 D dalvikvm: GC_CONCURRENT freed 418K, 11% free 10451K/11719K, paused 2ms+2ms
07-05 12:58:37.910   545 26528 I DownloadManager: Initiating request for download 3122
07-05 12:58:38.008   545   548 D dalvikvm: GC_CONCURRENT freed 185K, 9% free 10724K/11719K, paused 2ms+3ms
07-05 12:58:38.113   545   548 D dalvikvm: GC_CONCURRENT freed 426K, 9% free 10772K/11719K, paused 2ms+2ms
07-05 12:58:38.309   545   548 D dalvikvm: GC_CONCURRENT freed 728K, 11% free 10523K/11719K, paused 2ms+2ms
07-05 12:58:38.488   545   548 D dalvikvm: GC_CONCURRENT freed 421K, 11% free 10497K/11719K, paused 2ms+3ms
07-05 12:58:40.164   545 26530 I DownloadManager: Initiating request for download 3123
07-05 12:58:40.274   545   548 D dalvikvm: GC_CONCURRENT freed 349K, 10% free 10616K/11719K, paused 2ms+3ms
07-05 12:58:40.379   545   548 D dalvikvm: GC_CONCURRENT freed 291K, 8% free 10804K/11719K, paused 2ms+3ms
07-05 12:58:40.516   545   548 D dalvikvm: GC_CONCURRENT freed 761K, 11% free 10522K/11719K, paused 2ms+2ms
07-05 12:58:40.629  1370 26533 E DictionaryProvider:UpdateHandler: Can't read a file : android.util.MalformedJsonException: Use JsonReader.setLenient(true) to accept malformed JSON at line 1 column 20
07-05 12:58:40.754   545   548 D dalvikvm: GC_CONCURRENT freed 433K, 11% free 10484K/11719K, paused 1ms+2ms
07-05 12:58:40.949   545   548 D dalvikvm: GC_CONCURRENT freed 421K, 11% free 10459K/11719K, paused 2ms+2ms
07-05 12:58:41.024   545 26536 I DownloadManager: Initiating request for download 3123
07-05 12:58:41.184   545   548 D dalvikvm: GC_CONCURRENT freed 325K, 11% free 10529K/11719K, paused 2ms+2ms
07-05 12:58:41.278   545   548 D dalvikvm: GC_CONCURRENT freed 220K, 9% free 10778K/11719K, paused 2ms+3ms
07-05 12:58:41.387   545   548 D dalvikvm: GC_CONCURRENT freed 495K, 9% free 10770K/11719K, paused 1ms+2ms
07-05 12:58:41.613   545   548 D dalvikvm: GC_CONCURRENT freed 763K, 11% free 10473K/11719K, paused 2ms+3ms
07-05 12:58:41.805   545   548 D dalvikvm: GC_CONCURRENT freed 415K, 11% free 10453K/11719K, paused 2ms+2ms
07-05 12:58:41.860   545 26539 I DownloadManager: Initiating request for download 3124
07-05 12:58:42.067   545   548 D dalvikvm: GC_CONCURRENT freed 323K, 11% free 10525K/11719K, paused 2ms+2ms
07-05 12:58:42.203   545   548 D dalvikvm: GC_CONCURRENT freed 310K, 9% free 10697K/11719K, paused 2ms+2ms
07-05 12:58:42.301   545   548 D dalvikvm: GC_CONCURRENT freed 359K, 8% free 10860K/11719K, paused 2ms+3ms
07-05 12:58:42.543  1370 26541 E DictionaryProvider:UpdateHandler: Can't read a file : android.util.MalformedJsonException: Use JsonReader.setLenient(true) to accept malformed JSON at line 1 column 20
07-05 12:58:42.559   545   548 D dalvikvm: GC_CONCURRENT freed 893K, 11% free 10493K/11719K, paused 2ms+3ms
07-05 12:58:42.660   545 26544 I DownloadManager: Initiating request for download 3124
07-05 12:58:42.750   545   548 D dalvikvm: GC_CONCURRENT freed 285K, 9% free 10746K/11719K, paused 1ms+3ms
07-05 12:58:42.856   545   548 D dalvikvm: GC_CONCURRENT freed 393K, 8% free 10887K/11719K, paused 2ms+3ms
07-05 12:58:43.082   545   548 D dalvikvm: GC_CONCURRENT freed 902K, 11% free 10491K/11719K, paused 1ms+2ms
07-05 12:58:43.266   545   548 D dalvikvm: GC_CONCURRENT freed 410K, 11% free 10479K/11719K, paused 1ms+2ms
07-05 12:58:43.406   545 26547 I DownloadManager: Initiating request for download 3125
07-05 12:58:43.465   545   548 D dalvikvm: GC_CONCURRENT freed 340K, 11% free 10537K/11719K, paused 2ms+3ms
07-05 12:58:43.571   545   548 D dalvikvm: GC_CONCURRENT freed 199K, 9% free 10760K/11719K, paused 2ms+3ms
07-05 12:58:43.668   545   548 D dalvikvm: GC_CONCURRENT freed 464K, 9% free 10781K/11719K, paused 2ms+2ms
07-05 12:58:43.832  1370 26549 E DictionaryProvider:UpdateHandler: Can't read a file : android.util.MalformedJsonException: Use JsonReader.setLenient(true) to accept malformed JSON at line 1 column 20
07-05 12:58:43.875  1370  1372 D dalvikvm: GC_CONCURRENT freed 394K, 7% free 9126K/9735K, paused 1ms+2ms
07-05 12:58:43.938   545   548 D dalvikvm: GC_CONCURRENT freed 749K, 11% free 10497K/11719K, paused 2ms+2ms
07-05 12:58:44.121   545   548 D dalvikvm: GC_CONCURRENT freed 423K, 11% free 10468K/11719K, paused 2ms+3ms
07-05 12:58:44.227   545 26552 I DownloadManager: Initiating request for download 3125
07-05 12:58:44.321   545   548 D dalvikvm: GC_CONCURRENT freed 275K, 10% free 10651K/11719K, paused 2ms+3ms
07-05 12:58:44.418   545   548 D dalvikvm: GC_CONCURRENT freed 328K, 8% free 10827K/11719K, paused 2ms+4ms
07-05 12:58:44.586   545   548 D dalvikvm: GC_CONCURRENT freed 783K, 11% free 10541K/11719K, paused 2ms+3ms
07-05 12:58:44.781   545   548 D dalvikvm: GC_CONCURRENT freed 455K, 11% free 10481K/11719K, paused 2ms+2ms
07-05 12:58:44.965   545   548 D dalvikvm: GC_CONCURRENT freed 414K, 11% free 10462K/11719K, paused 2ms+2ms
07-05 12:58:45.035   545 26555 I DownloadManager: Initiating request for download 3126
07-05 12:58:45.153   545   548 D dalvikvm: GC_CONCURRENT freed 201K, 9% free 10717K/11719K, paused 2ms+3ms
07-05 12:58:45.266   545   548 D dalvikvm: GC_CONCURRENT freed 330K, 7% free 10925K/11719K, paused 1ms+3ms
07-05 12:58:45.485   545   548 D dalvikvm: GC_CONCURRENT freed 948K, 11% free 10490K/11719K, paused 2ms+2ms
07-05 12:58:45.668   545   548 D dalvikvm: GC_CONCURRENT freed 414K, 11% free 10471K/11719K, paused 2ms+3ms
07-05 12:58:46.149  1370 26557 E DictionaryProvider:UpdateHandler: Can't read a file : android.util.MalformedJsonException: Use JsonReader.setLenient(true) to accept malformed JSON at line 1 column 20
07-05 12:58:46.953   545   548 D dalvikvm: GC_CONCURRENT freed 361K, 11% free 10505K/11719K, paused 2ms+3ms
07-05 12:58:47.137   545   548 D dalvikvm: GC_CONCURRENT freed 412K, 11% free 10483K/11719K, paused 2ms+2ms
07-05 12:58:47.309   545   548 D dalvikvm: GC_CONCURRENT freed 408K, 11% free 10468K/11719K, paused 2ms+2ms
07-05 12:58:47.446   545 26560 I DownloadManager: Initiating request for download 3127
07-05 12:58:47.574   545   548 D dalvikvm: GC_CONCURRENT freed 278K, 9% free 10762K/11719K, paused 1ms+3ms
07-05 12:58:47.672   545   548 D dalvikvm: GC_CONCURRENT freed 368K, 8% free 10891K/11719K, paused 2ms+2ms
07-05 12:58:47.883   545   548 D dalvikvm: GC_CONCURRENT freed 905K, 11% free 10494K/11719K, paused 1ms+2ms
07-05 12:58:47.934  1370 26562 E DictionaryProvider:UpdateHandler: Can't read a file : android.util.MalformedJsonException: Use JsonReader.setLenient(true) to accept malformed JSON at line 1 column 20
07-05 12:58:48.110   545   548 D dalvikvm: GC_CONCURRENT freed 404K, 11% free 10484K/11719K, paused 2ms+2ms
07-05 12:58:48.238   545 26565 I DownloadManager: Initiating request for download 3127
07-05 12:58:48.281   545   548 D dalvikvm: GC_CONCURRENT freed 362K, 11% free 10514K/11719K, paused 1ms+3ms
07-05 12:58:48.395   545   548 D dalvikvm: GC_CONCURRENT freed 204K, 9% free 10769K/11719K, paused 2ms+3ms
07-05 12:58:48.512   545   548 D dalvikvm: GC_CONCURRENT freed 468K, 8% free 10787K/11719K, paused 2ms+2ms
07-05 12:58:48.738   545   548 D dalvikvm: GC_CONCURRENT freed 771K, 11% free 10491K/11719K, paused 1ms+2ms
07-05 12:58:48.906   545   548 D dalvikvm: GC_CONCURRENT freed 415K, 11% free 10471K/11719K, paused 2ms+2ms
07-05 12:58:49.024   545 26568 I DownloadManager: Initiating request for download 3128
07-05 12:58:49.125   545   548 D dalvikvm: GC_CONCURRENT freed 259K, 9% free 10670K/11719K, paused 2ms+3ms
07-05 12:58:49.219   545   548 D dalvikvm: GC_CONCURRENT freed 304K, 8% free 10830K/11719K, paused 1ms+2ms
07-05 12:58:49.375   545   548 D dalvikvm: GC_CONCURRENT freed 786K, 11% free 10537K/11719K, paused 2ms+2ms
07-05 12:58:49.457  1370 26570 E DictionaryProvider:UpdateHandler: Can't read a file : android.util.MalformedJsonException: Use JsonReader.setLenient(true) to accept malformed JSON at line 1 column 20
07-05 12:58:49.610   545   548 D dalvikvm: GC_CONCURRENT freed 428K, 11% free 10497K/11719K, paused 2ms+2ms
07-05 12:58:49.793   545   548 D dalvikvm: GC_CONCURRENT freed 422K, 11% free 10470K/11719K, paused 2ms+2ms
07-05 12:58:49.910   156   167 D dalvikvm: GC_EXPLICIT freed 509K, 12% free 14092K/16007K, paused 3ms+5ms
07-05 12:58:49.918   545 26573 I DownloadManager: Initiating request for download 3128
07-05 12:58:50.012   545   548 D dalvikvm: GC_CONCURRENT freed 218K, 9% free 10706K/11719K, paused 2ms+3ms
07-05 12:58:50.121   545   548 D dalvikvm: GC_CONCURRENT freed 364K, 8% free 10864K/11719K, paused 2ms+3ms
07-05 12:58:50.309   545   548 D dalvikvm: GC_CONCURRENT freed 879K, 11% free 10485K/11719K, paused 2ms+3ms
07-05 12:58:50.504   545   548 D dalvikvm: GC_CONCURRENT freed 414K, 11% free 10466K/11719K, paused 2ms+3ms
07-05 12:58:50.676   545 26576 I DownloadManager: Initiating request for download 3129
07-05 12:58:50.719   545   548 D dalvikvm: GC_CONCURRENT freed 354K, 11% free 10506K/11719K, paused 2ms+2ms
07-05 12:58:50.844   545   548 D dalvikvm: GC_CONCURRENT freed 218K, 9% free 10761K/11719K, paused 2ms+3ms
07-05 12:58:50.953   545   548 D dalvikvm: GC_CONCURRENT freed 469K, 9% free 10777K/11719K, paused 1ms+2ms
07-05 12:58:51.117  1370 26578 E DictionaryProvider:UpdateHandler: Can't read a file : android.util.MalformedJsonException: Use JsonReader.setLenient(true) to accept malformed JSON at line 1 column 20
07-05 12:58:51.160  1370  1372 D dalvikvm: GC_CONCURRENT freed 385K, 7% free 9125K/9735K, paused 2ms+1ms
07-05 12:58:51.242   545   548 D dalvikvm: GC_CONCURRENT freed 752K, 11% free 10488K/11719K, paused 1ms+3ms
07-05 12:58:51.422   545   548 D dalvikvm: GC_CONCURRENT freed 412K, 11% free 10465K/11719K, paused 2ms+2ms
07-05 12:58:51.516   545 26581 I DownloadManager: Initiating request for download 3129
07-05 12:58:51.602   545   548 D dalvikvm: GC_CONCURRENT freed 275K, 10% free 10648K/11719K, paused 2ms+3ms
07-05 12:58:51.703   545   548 D dalvikvm: GC_CONCURRENT freed 322K, 8% free 10831K/11719K, paused 2ms+4ms
07-05 12:58:51.875   545   548 D dalvikvm: GC_CONCURRENT freed 794K, 11% free 10524K/11719K, paused 2ms+3ms
07-05 12:58:52.067   545   548 D dalvikvm: GC_CONCURRENT freed 442K, 11% free 10477K/11719K, paused 2ms+2ms
07-05 12:58:52.250   545   548 D dalvikvm: GC_CONCURRENT freed 408K, 11% free 10467K/11719K, paused 2ms+2ms
07-05 12:58:52.328   545 26584 I DownloadManager: Initiating request for download 3130
07-05 12:58:52.446   545   548 D dalvikvm: GC_CONCURRENT freed 240K, 9% free 10727K/11719K, paused 2ms+3ms
07-05 12:58:52.539   545   548 D dalvikvm: GC_CONCURRENT freed 342K, 8% free 10888K/11719K, paused 2ms+3ms
07-05 12:58:52.754  1370 26586 E DictionaryProvider:UpdateHandler: Can't read a file : android.util.MalformedJsonException: Use JsonReader.setLenient(true) to accept malformed JSON at line 1 column 20
07-05 12:58:52.793   545   548 D dalvikvm: GC_CONCURRENT freed 920K, 11% free 10496K/11719K, paused 2ms+2ms
07-05 12:58:52.992   545   548 D dalvikvm: GC_CONCURRENT freed 424K, 11% free 10478K/11719K, paused 1ms+2ms
07-05 12:58:53.102   545 26589 I DownloadManager: Initiating request for download 3130
07-05 12:58:53.172   545   548 D dalvikvm: GC_CONCURRENT freed 289K, 10% free 10627K/11719K, paused 2ms+3ms
07-05 12:58:53.274   545   548 D dalvikvm: GC_CONCURRENT freed 302K, 8% free 10821K/11719K, paused 2ms+3ms
07-05 12:58:53.422   545   548 D dalvikvm: GC_CONCURRENT freed 769K, 11% free 10531K/11719K, paused 2ms+2ms
07-05 12:58:53.625   545   548 D dalvikvm: GC_CONCURRENT freed 441K, 11% free 10482K/11719K, paused 2ms+2ms
07-05 12:58:53.809   545   548 D dalvikvm: GC_CONCURRENT freed 414K, 11% free 10462K/11719K, paused 2ms+2ms
07-05 12:58:53.918   545 26592 I DownloadManager: Initiating request for download 3131
07-05 12:58:54.063   545   548 D dalvikvm: GC_CONCURRENT freed 242K, 9% free 10688K/11719K, paused 1ms+3ms
07-05 12:58:54.160   545   548 D dalvikvm: GC_CONCURRENT freed 357K, 8% free 10850K/11719K, paused 1ms+2ms
07-05 12:58:54.324   545   548 D dalvikvm: GC_CONCURRENT freed 822K, 11% free 10524K/11719K, paused 2ms+2ms
07-05 12:58:54.406  1370 26594 E DictionaryProvider:UpdateHandler: Can't read a file : android.util.MalformedJsonException: Use JsonReader.setLenient(true) to accept malformed JSON at line 1 column 20
07-05 12:58:54.543   545   548 D dalvikvm: GC_CONCURRENT freed 426K, 11% free 10488K/11719K, paused 1ms+2ms
07-05 12:58:54.742   545   548 D dalvikvm: GC_CONCURRENT freed 414K, 11% free 10472K/11719K, paused 1ms+3ms
07-05 12:58:54.746   545 26596 I DownloadManager: Initiating request for download 3131
07-05 12:58:54.875   545   548 D dalvikvm: GC_CONCURRENT freed 184K, 9% free 10748K/11719K, paused 2ms+3ms
07-05 12:58:54.977   545   548 D dalvikvm: GC_CONCURRENT freed 336K, 8% free 10896K/11719K, paused 2ms+3ms
07-05 12:58:55.215   545   548 D dalvikvm: GC_CONCURRENT freed 907K, 11% free 10489K/11719K, paused 1ms+3ms
07-05 12:58:55.410   545   548 D dalvikvm: GC_CONCURRENT freed 408K, 11% free 10469K/11719K, paused 1ms+2ms
07-05 12:58:55.543   545 26600 I DownloadManager: Initiating request for download 3132
07-05 12:58:55.653   545   548 D dalvikvm: GC_CONCURRENT freed 280K, 10% free 10653K/11719K, paused 1ms+3ms
07-05 12:58:55.750   545   548 D dalvikvm: GC_CONCURRENT freed 340K, 8% free 10818K/11719K, paused 2ms+3ms
07-05 12:58:55.891   545   548 D dalvikvm: GC_CONCURRENT freed 767K, 11% free 10530K/11719K, paused 2ms+2ms
07-05 12:58:55.992  1370 26602 E DictionaryProvider:UpdateHandler: Can't read a file : android.util.MalformedJsonException: Use JsonReader.setLenient(true) to accept malformed JSON at line 1 column 20
07-05 12:58:56.137   545   548 D dalvikvm: GC_CONCURRENT freed 433K, 11% free 10492K/11719K, paused 2ms+3ms
07-05 12:58:56.321   545   548 D dalvikvm: GC_CONCURRENT freed 420K, 11% free 10467K/11719K, paused 2ms+2ms
07-05 12:58:56.379   545 26605 I DownloadManager: Initiating request for download 3132
07-05 12:58:56.555   545   548 D dalvikvm: GC_CONCURRENT freed 329K, 11% free 10534K/11719K, paused 2ms+2ms
07-05 12:58:56.696   545   548 D dalvikvm: GC_CONCURRENT freed 339K, 9% free 10702K/11719K, paused 1ms+2ms
07-05 12:58:56.797   545   548 D dalvikvm: GC_CONCURRENT freed 353K, 8% free 10870K/11719K, paused 2ms+3ms
07-05 12:58:57.020   545   548 D dalvikvm: GC_CONCURRENT freed 889K, 11% free 10482K/11719K, paused 2ms+3ms
07-05 12:58:57.172   545 26608 I DownloadManager: Initiating request for download 3133
07-05 12:58:57.227   545   548 D dalvikvm: GC_CONCURRENT freed 327K, 11% free 10546K/11719K, paused 2ms+3ms
07-05 12:58:57.336   545   548 D dalvikvm: GC_CONCURRENT freed 212K, 9% free 10777K/11719K, paused 1ms+2ms
07-05 12:58:57.446   545   548 D dalvikvm: GC_CONCURRENT freed 458K, 8% free 10792K/11719K, paused 2ms+3ms
07-05 12:58:57.610  1370 26610 E DictionaryProvider:UpdateHandler: Can't read a file : android.util.MalformedJsonException: Use JsonReader.setLenient(true) to accept malformed JSON at line 1 column 20
07-05 12:58:57.641  1370  1372 D dalvikvm: GC_CONCURRENT freed 387K, 7% free 9127K/9735K, paused 2ms+3ms
07-05 12:58:57.735   545   548 D dalvikvm: GC_CONCURRENT freed 768K, 11% free 10498K/11719K, paused 1ms+3ms
07-05 12:58:57.914   545   548 D dalvikvm: GC_CONCURRENT freed 418K, 11% free 10475K/11719K, paused 2ms+2ms
07-05 12:58:58.012   545 26613 I DownloadManager: Initiating request for download 3133
07-05 12:58:58.102   545   548 D dalvikvm: GC_CONCURRENT freed 275K, 10% free 10659K/11719K, paused 2ms+3ms
07-05 12:58:58.203   545   548 D dalvikvm: GC_CONCURRENT freed 328K, 8% free 10840K/11719K, paused 1ms+3ms
07-05 12:58:58.356   545   548 D dalvikvm: GC_CONCURRENT freed 795K, 11% free 10536K/11719K, paused 2ms+3ms
07-05 12:58:58.559   545   548 D dalvikvm: GC_CONCURRENT freed 443K, 11% free 10488K/11719K, paused 2ms+2ms
07-05 12:58:58.742   545   548 D dalvikvm: GC_CONCURRENT freed 413K, 11% free 10470K/11719K, paused 2ms+2ms
07-05 12:58:58.821   545 26616 I DownloadManager: Initiating request for download 3134
07-05 12:58:58.922   545   548 D dalvikvm: GC_CONCURRENT freed 210K, 9% free 10719K/11719K, paused 2ms+3ms
07-05 12:58:59.028   545   548 D dalvikvm: GC_CONCURRENT freed 333K, 7% free 10902K/11719K, paused 2ms+3ms
07-05 12:58:59.211  1370 26618 E DictionaryProvider:UpdateHandler: Can't read a file : android.util.MalformedJsonException: Use JsonReader.setLenient(true) to accept malformed JSON at line 1 column 20
07-05 12:58:59.289   545   548 D dalvikvm: GC_CONCURRENT freed 903K, 11% free 10509K/11719K, paused 1ms+3ms
07-05 12:58:59.469   545   548 D dalvikvm: GC_CONCURRENT freed 419K, 11% free 10480K/11719K, paused 2ms+2ms
07-05 12:58:59.594   545 26621 I DownloadManager: Initiating request for download 3134
07-05 12:58:59.629   545   548 D dalvikvm: GC_CONCURRENT freed 357K, 11% free 10519K/11719K, paused 2ms+4ms
07-05 12:58:59.738   545   548 D dalvikvm: GC_CONCURRENT freed 204K, 9% free 10774K/11719K, paused 2ms+3ms
07-05 12:58:59.860   545   548 D dalvikvm: GC_CONCURRENT freed 468K, 8% free 10796K/11719K, paused 2ms+2ms
07-05 12:59:00.106   545   548 D dalvikvm: GC_CONCURRENT freed 775K, 11% free 10496K/11719K, paused 2ms+3ms
07-05 12:59:00.285   545   548 D dalvikvm: GC_CONCURRENT freed 415K, 11% free 10475K/11719K, paused 2ms+3ms
07-05 12:59:00.403   545 26624 I DownloadManager: Initiating request for download 3135
07-05 12:59:00.488   545   548 D dalvikvm: GC_CONCURRENT freed 254K, 9% free 10665K/11719K, paused 2ms+3ms
07-05 12:59:00.594   545   548 D dalvikvm: GC_CONCURRENT freed 326K, 8% free 10848K/11719K, paused 2ms+3ms
07-05 12:59:00.746   545 26624 D dalvikvm: GC_EXPLICIT freed 742K, 10% free 10571K/11719K, paused 2ms+4ms
07-05 12:59:00.867  1370 26626 E DictionaryProvider:UpdateHandler: Can't read a file : android.util.MalformedJsonException: Use JsonReader.setLenient(true) to accept malformed JSON at line 1 column 20
07-05 12:59:00.969   545   548 D dalvikvm: GC_CONCURRENT freed 466K, 11% free 10506K/11719K, paused 2ms+2ms
07-05 12:59:01.149   545   548 D dalvikvm: GC_CONCURRENT freed 419K, 11% free 10476K/11719K, paused 2ms+2ms
07-05 12:59:01.207   545 26629 I DownloadManager: Initiating request for download 3135
07-05 12:59:01.301   545   548 D dalvikvm: GC_CONCURRENT freed 213K, 9% free 10695K/11719K, paused 1ms+3ms
07-05 12:59:01.406   545   548 D dalvikvm: GC_CONCURRENT freed 323K, 8% free 10882K/11719K, paused 2ms+3ms
07-05 12:59:01.602   545   548 D dalvikvm: GC_CONCURRENT freed 846K, 11% free 10546K/11719K, paused 3ms+3ms
07-05 12:59:01.789   545   548 D dalvikvm: GC_CONCURRENT freed 451K, 11% free 10490K/11719K, paused 2ms+3ms
07-05 12:59:02.012   545 26632 I DownloadManager: Initiating request for download 3136
07-05 12:59:02.016   545   548 D dalvikvm: GC_CONCURRENT freed 416K, 11% free 10508K/11719K, paused 2ms+3ms
07-05 12:59:02.149   545   548 D dalvikvm: GC_CONCURRENT freed 197K, 9% free 10770K/11719K, paused 1ms+2ms
07-05 12:59:02.258   545   548 D dalvikvm: GC_CONCURRENT freed 460K, 8% free 10799K/11719K, paused 2ms+2ms
07-05 12:59:02.442   545   548 D dalvikvm: GC_CONCURRENT freed 740K, 11% free 10535K/11719K, paused 2ms+2ms
07-05 12:59:02.625   545   548 D dalvikvm: GC_CONCURRENT freed 407K, 11% free 10522K/11719K, paused 2ms+2ms
07-05 12:59:04.211  1370 26635 E DictionaryProvider:UpdateHandler: Can't read a file : android.util.MalformedJsonException: Use JsonReader.setLenient(true) to accept malformed JSON at line 1 column 20
07-05 12:59:04.289   545   548 D dalvikvm: GC_CONCURRENT freed 378K, 11% free 10531K/11719K, paused 2ms+3ms
07-05 12:59:04.473   545   548 D dalvikvm: GC_CONCURRENT freed 430K, 11% free 10495K/11719K, paused 1ms+2ms
07-05 12:59:04.645   545   548 D dalvikvm: GC_CONCURRENT freed 409K, 11% free 10482K/11719K, paused 2ms+2ms
07-05 12:59:04.731   545 26638 I DownloadManager: Initiating request for download 3136
07-05 12:59:04.731   545 26638 W DownloadManager: Aborting request for download 3136: Trying to resume a download that can't be resumed
07-05 12:59:04.942   545   548 D dalvikvm: GC_CONCURRENT freed 362K, 11% free 10515K/11719K, paused 2ms+2ms
07-05 12:59:05.121   545   548 D dalvikvm: GC_CONCURRENT freed 416K, 11% free 10495K/11719K, paused 1ms+2ms
07-05 12:59:05.305   545   548 D dalvikvm: GC_CONCURRENT freed 399K, 11% free 10483K/11719K, paused 2ms+2ms
07-05 12:59:05.418   545 26641 I DownloadManager: Initiating request for download 3137
07-05 12:59:05.508   156   628 D dalvikvm: GC_EXPLICIT freed 519K, 12% free 14087K/16007K, paused 3ms+6ms
07-05 12:59:05.578   545   548 D dalvikvm: GC_CONCURRENT freed 246K, 9% free 10701K/11719K, paused 2ms+3ms
07-05 12:59:05.688   545   548 D dalvikvm: GC_CONCURRENT freed 334K, 8% free 10866K/11719K, paused 1ms+3ms
07-05 12:59:05.871   545   548 D dalvikvm: GC_CONCURRENT freed 839K, 11% free 10539K/11719K, paused 2ms+2ms
07-05 12:59:05.938  1370 26643 E DictionaryProvider:UpdateHandler: Can't read a file : android.util.MalformedJsonException: Use JsonReader.setLenient(true) to accept malformed JSON at line 1 column 20
07-05 12:59:05.973  1370  1372 D dalvikvm: GC_CONCURRENT freed 388K, 7% free 9128K/9735K, paused 1ms+2ms
07-05 12:59:06.125   545   548 D dalvikvm: GC_CONCURRENT freed 448K, 11% free 10486K/11719K, paused 1ms+2ms
07-05 12:59:06.309   545   548 D dalvikvm: GC_CONCURRENT freed 418K, 11% free 10463K/11719K, paused 2ms+2ms
07-05 12:59:06.344   545 26646 I DownloadManager: Initiating request for download 3137
07-05 12:59:06.449   545   548 D dalvikvm: GC_CONCURRENT freed 185K, 9% free 10737K/11719K, paused 2ms+3ms
07-05 12:59:06.551   545   548 D dalvikvm: GC_CONCURRENT freed 333K, 8% free 10898K/11719K, paused 1ms+2ms
07-05 12:59:06.781   545   548 D dalvikvm: GC_CONCURRENT freed 918K, 11% free 10490K/11719K, paused 2ms+3ms
07-05 12:59:06.961   545   548 D dalvikvm: GC_CONCURRENT freed 415K, 11% free 10471K/11719K, paused 2ms+2ms
07-05 12:59:07.106   545 26649 I DownloadManager: Initiating request for download 3138
07-05 12:59:07.180   545   548 D dalvikvm: GC_CONCURRENT freed 301K, 10% free 10625K/11719K, paused 2ms+3ms
07-05 12:59:07.285   545   548 D dalvikvm: GC_CONCURRENT freed 274K, 8% free 10812K/11719K, paused 2ms+3ms
07-05 12:59:07.414   545   548 D dalvikvm: GC_CONCURRENT freed 759K, 11% free 10538K/11719K, paused 2ms+2ms
07-05 12:59:07.531  1370 26651 E DictionaryProvider:UpdateHandler: Can't read a file : android.util.MalformedJsonException: Use JsonReader.setLenient(true) to accept malformed JSON at line 1 column 20
07-05 12:59:07.660   545   548 D dalvikvm: GC_CONCURRENT freed 434K, 11% free 10500K/11719K, paused 2ms+3ms
07-05 12:59:07.848   545   548 D dalvikvm: GC_CONCURRENT freed 422K, 11% free 10473K/11719K, paused 1ms+2ms
07-05 12:59:07.938   545 26654 I DownloadManager: Initiating request for download 3138
07-05 12:59:08.035   545   548 D dalvikvm: GC_CONCURRENT freed 261K, 9% free 10751K/11719K, paused 2ms+2ms
07-05 12:59:08.153   545   548 D dalvikvm: GC_CONCURRENT freed 399K, 8% free 10887K/11719K, paused 2ms+3ms
07-05 12:59:08.192 10815 10817 D dalvikvm: GC_CONCURRENT freed 371K, 8% free 10107K/10951K, paused 2ms+3ms
07-05 12:59:08.406   545   548 D dalvikvm: GC_CONCURRENT freed 896K, 11% free 10498K/11719K, paused 2ms+2ms
07-05 12:59:08.574   545   548 D dalvikvm: GC_CONCURRENT freed 414K, 11% free 10479K/11719K, paused 1ms+2ms
07-05 12:59:08.770   545 26657 I DownloadManager: Initiating request for download 3139
07-05 12:59:08.781   545   548 D dalvikvm: GC_CONCURRENT freed 363K, 11% free 10517K/11719K, paused 2ms+3ms
07-05 12:59:08.906   545   548 D dalvikvm: GC_CONCURRENT freed 204K, 9% free 10773K/11719K, paused 2ms+3ms
07-05 12:59:09.020   545   548 D dalvikvm: GC_CONCURRENT freed 464K, 8% free 10799K/11719K, paused 1ms+2ms
07-05 12:59:09.184  1370 26659 E DictionaryProvider:UpdateHandler: Can't read a file : android.util.MalformedJsonException: Use JsonReader.setLenient(true) to accept malformed JSON at line 1 column 20
07-05 12:59:09.289   545   548 D dalvikvm: GC_CONCURRENT freed 769K, 11% free 10505K/11719K, paused 2ms+2ms
07-05 12:59:09.473   545   548 D dalvikvm: GC_CONCURRENT freed 418K, 11% free 10477K/11719K, paused 2ms+3ms
07-05 12:59:09.578   545 26662 I DownloadManager: Initiating request for download 3139
07-05 12:59:09.660   545   548 D dalvikvm: GC_CONCURRENT freed 287K, 10% free 10611K/11719K, paused 2ms+3ms
07-05 12:59:09.762   545   548 D dalvikvm: GC_CONCURRENT freed 284K, 8% free 10819K/11719K, paused 2ms+3ms
07-05 12:59:09.891   545   548 D dalvikvm: GC_CONCURRENT freed 768K, 11% free 10541K/11719K, paused 2ms+3ms
07-05 12:59:10.074   545   548 D dalvikvm: GC_CONCURRENT freed 408K, 11% free 10528K/11719K, paused 2ms+2ms
07-05 12:59:10.262   545   548 D dalvikvm: GC_CONCURRENT freed 410K, 11% free 10513K/11719K, paused 2ms+2ms
07-05 12:59:11.313   545 26664 I DownloadManager: Initiating request for download 3140
07-05 12:59:11.496   545   548 D dalvikvm: GC_CONCURRENT freed 350K, 10% free 10551K/11719K, paused 1ms+2ms
07-05 12:59:11.602   545   548 D dalvikvm: GC_CONCURRENT freed 241K, 9% free 10734K/11719K, paused 2ms+3ms
07-05 12:59:11.703   545   548 D dalvikvm: GC_CONCURRENT freed 335K, 7% free 10904K/11719K, paused 2ms+3ms
07-05 12:59:11.914   545   548 D dalvikvm: GC_CONCURRENT freed 922K, 11% free 10494K/11719K, paused 1ms+3ms
07-05 12:59:11.957  1370 26667 E DictionaryProvider:UpdateHandler: Can't read a file : android.util.MalformedJsonException: Use JsonReader.setLenient(true) to accept malformed JSON at line 1 column 20
07-05 12:59:12.051   465   467 D dalvikvm: GC_CONCURRENT freed 422K, 6% free 10525K/11079K, paused 2ms+3ms
07-05 12:59:12.184   545   548 D dalvikvm: GC_CONCURRENT freed 404K, 11% free 10485K/11719K, paused 2ms+2ms
07-05 12:59:12.231   545 26670 I DownloadManager: Initiating request for download 3140
07-05 12:59:12.328   545   548 D dalvikvm: GC_CONCURRENT freed 218K, 9% free 10724K/11719K, paused 2ms+2ms
07-05 12:59:12.449   545   548 D dalvikvm: GC_CONCURRENT freed 357K, 7% free 10937K/11719K, paused 2ms+4ms
07-05 12:59:12.684   545   548 D dalvikvm: GC_CONCURRENT freed 961K, 11% free 10498K/11719K, paused 2ms+2ms
07-05 12:59:12.867   545   548 D dalvikvm: GC_CONCURRENT freed 411K, 11% free 10481K/11719K, paused 1ms+3ms
07-05 12:59:13.008   545 26673 I DownloadManager: Initiating request for download 3141
07-05 12:59:13.094   545   548 D dalvikvm: GC_CONCURRENT freed 281K, 10% free 10659K/11719K, paused 2ms+2ms
07-05 12:59:13.192   545   548 D dalvikvm: GC_CONCURRENT freed 342K, 8% free 10862K/11719K, paused 2ms+3ms
07-05 12:59:13.363   545   548 D dalvikvm: GC_CONCURRENT freed 811K, 10% free 10559K/11719K, paused 2ms+4ms
07-05 12:59:13.406  1370 26675 E DictionaryProvider:UpdateHandler: Can't read a file : android.util.MalformedJsonException: Use JsonReader.setLenient(true) to accept malformed JSON at line 1 column 20
07-05 12:59:13.449  1370  1372 D dalvikvm: GC_CONCURRENT freed 388K, 7% free 9128K/9735K, paused 1ms+2ms
07-05 12:59:13.613   545   548 D dalvikvm: GC_CONCURRENT freed 446K, 11% free 10501K/11719K, paused 1ms+2ms
07-05 12:59:13.801   545   548 D dalvikvm: GC_CONCURRENT freed 420K, 11% free 10477K/11719K, paused 2ms+2ms
07-05 12:59:13.856   545 26678 I DownloadManager: Initiating request for download 3141
07-05 12:59:13.953   545   548 D dalvikvm: GC_CONCURRENT freed 209K, 9% free 10720K/11719K, paused 2ms+2ms
07-05 12:59:14.055   545   548 D dalvikvm: GC_CONCURRENT freed 350K, 7% free 10907K/11719K, paused 2ms+3ms
07-05 12:59:14.266   545   548 D dalvikvm: GC_CONCURRENT freed 915K, 11% free 10505K/11719K, paused 2ms+3ms
07-05 12:59:14.446   545   548 D dalvikvm: GC_CONCURRENT freed 416K, 11% free 10484K/11719K, paused 2ms+2ms
07-05 12:59:14.606   545 26681 I DownloadManager: Initiating request for download 3142
07-05 12:59:14.660   545   548 D dalvikvm: GC_CONCURRENT freed 335K, 10% free 10556K/11719K, paused 2ms+3ms
07-05 12:59:14.766   545   548 D dalvikvm: GC_CONCURRENT freed 221K, 8% free 10795K/11719K, paused 2ms+3ms
07-05 12:59:14.887   545   548 D dalvikvm: GC_CONCURRENT freed 484K, 8% free 10806K/11719K, paused 2ms+2ms
07-05 12:59:15.043  1370 26683 E DictionaryProvider:UpdateHandler: Can't read a file : android.util.MalformedJsonException: Use JsonReader.setLenient(true) to accept malformed JSON at line 1 column 20
07-05 12:59:15.156   545   548 D dalvikvm: GC_CONCURRENT freed 776K, 11% free 10508K/11719K, paused 2ms+3ms
07-05 12:59:15.348   545   548 D dalvikvm: GC_CONCURRENT freed 411K, 11% free 10485K/11719K, paused 2ms+2ms
07-05 12:59:15.442   545 26686 I DownloadManager: Initiating request for download 3142
07-05 12:59:15.528   545   548 D dalvikvm: GC_CONCURRENT freed 259K, 9% free 10673K/11719K, paused 2ms+2ms
07-05 12:59:15.633   545   548 D dalvikvm: GC_CONCURRENT freed 312K, 8% free 10853K/11719K, paused 2ms+4ms
07-05 12:59:15.797   545   548 D dalvikvm: GC_CONCURRENT freed 803K, 10% free 10548K/11719K, paused 2ms+2ms
07-05 12:59:15.977   545   548 D dalvikvm: GC_CONCURRENT freed 410K, 11% free 10533K/11719K, paused 2ms+3ms
07-05 12:59:16.168   545   548 D dalvikvm: GC_CONCURRENT freed 409K, 11% free 10519K/11719K, paused 2ms+2ms
07-05 12:59:16.746   545 26688 I DownloadManager: Initiating request for download 3143
07-05 12:59:16.836   545   548 D dalvikvm: GC_CONCURRENT freed 219K, 9% free 10709K/11719K, paused 2ms+3ms
07-05 12:59:16.942   545   548 D dalvikvm: GC_CONCURRENT freed 310K, 8% free 10879K/11719K, paused 1ms+3ms
07-05 12:59:17.117   545   548 D dalvikvm: GC_CONCURRENT freed 830K, 10% free 10551K/11719K, paused 2ms+2ms
07-05 12:59:17.176  1370 26691 E DictionaryProvider:UpdateHandler: Can't read a file : android.util.MalformedJsonException: Use JsonReader.setLenient(true) to accept malformed JSON at line 1 column 20
07-05 12:59:17.344   545   548 D dalvikvm: GC_CONCURRENT freed 443K, 11% free 10505K/11719K, paused 2ms+2ms
07-05 12:59:17.528   545   548 D dalvikvm: GC_CONCURRENT freed 418K, 11% free 10482K/11719K, paused 2ms+3ms
07-05 12:59:17.571   545 26694 I DownloadManager: Initiating request for download 3143
07-05 12:59:17.676   545   548 D dalvikvm: GC_CONCURRENT freed 198K, 9% free 10737K/11719K, paused 2ms+3ms
07-05 12:59:17.781   545   548 D dalvikvm: GC_CONCURRENT freed 357K, 7% free 10913K/11719K, paused 2ms+3ms
07-05 12:59:18.008   545   548 D dalvikvm: GC_CONCURRENT freed 917K, 11% free 10515K/11719K, paused 2ms+2ms
07-05 12:59:18.203   545   548 D dalvikvm: GC_CONCURRENT freed 420K, 11% free 10490K/11719K, paused 1ms+2ms
07-05 12:59:18.660   545 26697 I DownloadManager: Initiating request for download 3144
07-05 12:59:18.719   545   548 D dalvikvm: GC_CONCURRENT freed 318K, 10% free 10561K/11719K, paused 2ms+2ms
07-05 12:59:18.821   545   548 D dalvikvm: GC_CONCURRENT freed 223K, 8% free 10801K/11719K, paused 2ms+3ms
07-05 12:59:18.946   545   548 D dalvikvm: GC_CONCURRENT freed 488K, 8% free 10811K/11719K, paused 2ms+2ms
07-05 12:59:19.098  1370 26699 E DictionaryProvider:UpdateHandler: Can't read a file : android.util.MalformedJsonException: Use JsonReader.setLenient(true) to accept malformed JSON at line 1 column 20
07-05 12:59:19.211   545   548 D dalvikvm: GC_CONCURRENT freed 777K, 11% free 10514K/11719K, paused 1ms+3ms
07-05 12:59:19.399   545   548 D dalvikvm: GC_CONCURRENT freed 411K, 11% free 10493K/11719K, paused 2ms+3ms
07-05 12:59:19.496   545 26702 I DownloadManager: Initiating request for download 3144
07-05 12:59:19.578   545   548 D dalvikvm: GC_CONCURRENT freed 251K, 9% free 10676K/11719K, paused 2ms+3ms
07-05 12:59:19.696   545   548 D dalvikvm: GC_CONCURRENT freed 338K, 8% free 10873K/11719K, paused 1ms+5ms
07-05 12:59:19.875   545   548 D dalvikvm: GC_CONCURRENT freed 827K, 10% free 10553K/11719K, paused 2ms+3ms
07-05 12:59:20.082   545   548 D dalvikvm: GC_CONCURRENT freed 443K, 11% free 10505K/11719K, paused 2ms+3ms
07-05 12:59:20.274   545   548 D dalvikvm: GC_CONCURRENT freed 415K, 11% free 10486K/11719K, paused 2ms+2ms
07-05 12:59:20.348   545 26705 I DownloadManager: Initiating request for download 3145
07-05 12:59:20.446   545   548 D dalvikvm: GC_CONCURRENT freed 201K, 9% free 10743K/11719K, paused 2ms+3ms
07-05 12:59:20.551   545   548 D dalvikvm: GC_CONCURRENT freed 342K, 7% free 10926K/11719K, paused 2ms+3ms
07-05 12:59:20.797   156   514 D dalvikvm: GC_EXPLICIT freed 504K, 13% free 14084K/16007K, paused 2ms+6ms
07-05 12:59:20.801  1370 26707 E DictionaryProvider:UpdateHandler: Can't read a file : android.util.MalformedJsonException: Use JsonReader.setLenient(true) to accept malformed JSON at line 1 column 20
07-05 12:59:20.832  1370  1372 D dalvikvm: GC_CONCURRENT freed 387K, 7% free 9132K/9735K, paused 3ms+2ms
07-05 12:59:20.899   545   548 D dalvikvm: GC_CONCURRENT freed 916K, 11% free 10529K/11719K, paused 2ms+3ms
07-05 12:59:21.082   545   548 D dalvikvm: GC_CONCURRENT freed 444K, 11% free 10481K/11719K, paused 2ms+3ms
07-05 12:59:21.231   545 26710 I DownloadManager: Initiating request for download 3145
07-05 12:59:21.274   545   548 D dalvikvm: GC_CONCURRENT freed 345K, 11% free 10547K/11719K, paused 2ms+3ms
07-05 12:59:21.383   545   548 D dalvikvm: GC_CONCURRENT freed 206K, 9% free 10780K/11719K, paused 2ms+3ms
07-05 12:59:21.500   545   548 D dalvikvm: GC_CONCURRENT freed 458K, 8% free 10824K/11719K, paused 1ms+3ms
07-05 12:59:21.731   545   548 D dalvikvm: GC_CONCURRENT freed 803K, 11% free 10497K/11719K, paused 1ms+3ms
07-05 12:59:21.918   545   548 D dalvikvm: GC_CONCURRENT freed 416K, 11% free 10476K/11719K, paused 2ms+2ms
07-05 12:59:22.043   545 26713 I DownloadManager: Initiating request for download 3146
07-05 12:59:22.129   545   548 D dalvikvm: GC_CONCURRENT freed 255K, 9% free 10666K/11719K, paused 2ms+3ms
07-05 12:59:22.235   545   548 D dalvikvm: GC_CONCURRENT freed 324K, 8% free 10849K/11719K, paused 1ms+3ms
07-05 12:59:22.395   545   548 D dalvikvm: GC_CONCURRENT freed 805K, 11% free 10542K/11719K, paused 2ms+3ms
07-05 12:59:22.574   545   548 D dalvikvm: GC_CONCURRENT freed 409K, 11% free 10529K/11719K, paused 1ms+2ms
07-05 12:59:22.758   545   548 D dalvikvm: GC_CONCURRENT freed 409K, 11% free 10514K/11719K, paused 2ms+2ms
07-05 12:59:23.981  1370 26715 E DictionaryProvider:UpdateHandler: Can't read a file : android.util.MalformedJsonException: Use JsonReader.setLenient(true) to accept malformed JSON at line 1 column 20
07-05 12:59:24.094   545   548 D dalvikvm: GC_CONCURRENT freed 393K, 11% free 10517K/11719K, paused 1ms+3ms
07-05 12:59:24.274   545   548 D dalvikvm: GC_CONCURRENT freed 425K, 11% free 10487K/11719K, paused 2ms+2ms
07-05 12:59:24.457   545   548 D dalvikvm: GC_CONCURRENT freed 407K, 11% free 10475K/11719K, paused 1ms+2ms
07-05 12:59:24.500   545 26718 I DownloadManager: Initiating request for download 3146
07-05 12:59:24.500   545 26718 W DownloadManager: Aborting request for download 3146: Trying to resume a download that can't be resumed
07-05 12:59:24.699   545   548 D dalvikvm: GC_CONCURRENT freed 362K, 11% free 10509K/11719K, paused 1ms+3ms
07-05 12:59:24.879   545   548 D dalvikvm: GC_CONCURRENT freed 418K, 11% free 10486K/11719K, paused 1ms+2ms
07-05 12:59:25.071   545   548 D dalvikvm: GC_CONCURRENT freed 408K, 11% free 10473K/11719K, paused 2ms+2ms
07-05 12:59:25.156   545 26721 I DownloadManager: Initiating request for download 3147
07-05 12:59:25.297   545   548 D dalvikvm: GC_CONCURRENT freed 184K, 9% free 10748K/11719K, paused 2ms+3ms
07-05 12:59:25.399   545   548 D dalvikvm: GC_CONCURRENT freed 327K, 7% free 10915K/11719K, paused 2ms+3ms
07-05 12:59:25.617  1370 26723 E DictionaryProvider:UpdateHandler: Can't read a file : android.util.MalformedJsonException: Use JsonReader.setLenient(true) to accept malformed JSON at line 1 column 20
07-05 12:59:25.645   545   548 D dalvikvm: GC_CONCURRENT freed 931K, 11% free 10516K/11719K, paused 1ms+3ms
07-05 12:59:25.840   545   548 D dalvikvm: GC_CONCURRENT freed 427K, 11% free 10484K/11719K, paused 2ms+2ms
07-05 12:59:25.965   545 26726 I DownloadManager: Initiating request for download 3147
07-05 12:59:26.016   545   548 D dalvikvm: GC_CONCURRENT freed 326K, 10% free 10554K/11719K, paused 2ms+3ms
07-05 12:59:26.117   545   548 D dalvikvm: GC_CONCURRENT freed 215K, 8% free 10791K/11719K, paused 2ms+3ms
07-05 12:59:26.231   545   548 D dalvikvm: GC_CONCURRENT freed 480K, 8% free 10806K/11719K, paused 1ms+2ms
07-05 12:59:26.461   545   548 D dalvikvm: GC_CONCURRENT freed 781K, 11% free 10503K/11719K, paused 2ms+2ms
07-05 12:59:26.649   545   548 D dalvikvm: GC_CONCURRENT freed 415K, 11% free 10482K/11719K, paused 2ms+2ms
07-05 12:59:26.770   545 26729 I DownloadManager: Initiating request for download 3148
07-05 12:59:26.852   545   548 D dalvikvm: GC_CONCURRENT freed 260K, 9% free 10680K/11719K, paused 2ms+3ms
07-05 12:59:26.942   545   548 D dalvikvm: GC_CONCURRENT freed 349K, 8% free 10883K/11719K, paused 2ms+3ms
07-05 12:59:27.125   545   548 D dalvikvm: GC_CONCURRENT freed 845K, 11% free 10545K/11719K, paused 2ms+2ms
07-05 12:59:27.180  1370 26731 E DictionaryProvider:UpdateHandler: Can't read a file : android.util.MalformedJsonException: Use JsonReader.setLenient(true) to accept malformed JSON at line 1 column 20
07-05 12:59:27.356   545   548 D dalvikvm: GC_CONCURRENT freed 427K, 11% free 10505K/11719K, paused 2ms+2ms
07-05 12:59:27.543   545   548 D dalvikvm: GC_CONCURRENT freed 419K, 11% free 10480K/11719K, paused 2ms+2ms
07-05 12:59:27.668   545 26734 D dalvikvm: GC_EXPLICIT freed 80K, 11% free 10518K/11719K, paused 1ms+7ms
07-05 12:59:27.672   545 26734 I DownloadManager: Initiating request for download 3148
07-05 12:59:27.770   545   548 D dalvikvm: GC_CONCURRENT freed 232K, 8% free 10798K/11719K, paused 2ms+3ms
07-05 12:59:27.883   545   548 D dalvikvm: GC_CONCURRENT freed 488K, 8% free 10808K/11719K, paused 2ms+2ms
07-05 12:59:28.113   545   548 D dalvikvm: GC_CONCURRENT freed 785K, 11% free 10502K/11719K, paused 1ms+3ms
07-05 12:59:28.305   545   548 D dalvikvm: GC_CONCURRENT freed 412K, 11% free 10485K/11719K, paused 1ms+2ms
07-05 12:59:28.414   545 26737 I DownloadManager: Initiating request for download 3149
07-05 12:59:28.496   545   548 D dalvikvm: GC_CONCURRENT freed 253K, 9% free 10689K/11719K, paused 2ms+3ms
07-05 12:59:28.594   545   548 D dalvikvm: GC_CONCURRENT freed 352K, 8% free 10893K/11719K, paused 2ms+3ms
07-05 12:59:28.781   545   548 D dalvikvm: GC_CONCURRENT freed 858K, 11% free 10546K/11719K, paused 2ms+3ms
07-05 12:59:28.840  1370 26739 E DictionaryProvider:UpdateHandler: Can't read a file : android.util.MalformedJsonException: Use JsonReader.setLenient(true) to accept malformed JSON at line 1 column 20
07-05 12:59:28.871  1370  1372 D dalvikvm: GC_CONCURRENT freed 394K, 7% free 9126K/9735K, paused 1ms+2ms
07-05 12:59:29.039   545   548 D dalvikvm: GC_CONCURRENT freed 435K, 11% free 10518K/11719K, paused 2ms+2ms
07-05 12:59:29.223   545   548 D dalvikvm: GC_CONCURRENT freed 431K, 11% free 10481K/11719K, paused 2ms+2ms
07-05 12:59:29.254   545 26742 I DownloadManager: Initiating request for download 3149
07-05 12:59:29.363   545   548 D dalvikvm: GC_CONCURRENT freed 188K, 8% free 10837K/11719K, paused 2ms+3ms
07-05 12:59:29.481   545   548 D dalvikvm: GC_CONCURRENT freed 526K, 8% free 10813K/11719K, paused 2ms+2ms
07-05 12:59:29.707   545   548 D dalvikvm: GC_CONCURRENT freed 779K, 11% free 10507K/11719K, paused 2ms+3ms
07-05 12:59:29.899   545   548 D dalvikvm: GC_CONCURRENT freed 415K, 11% free 10487K/11719K, paused 1ms+2ms
07-05 12:59:30.055   545 26745 I DownloadManager: Initiating request for download 3150
07-05 12:59:30.129   545   548 D dalvikvm: GC_CONCURRENT freed 274K, 9% free 10669K/11719K, paused 2ms+3ms
07-05 12:59:30.242   545   548 D dalvikvm: GC_CONCURRENT freed 324K, 8% free 10856K/11719K, paused 2ms+3ms
07-05 12:59:30.399   545   548 D dalvikvm: GC_CONCURRENT freed 793K, 10% free 10568K/11719K, paused 2ms+2ms
07-05 12:59:30.485  1370 26747 E DictionaryProvider:UpdateHandler: Can't read a file : android.util.MalformedJsonException: Use JsonReader.setLenient(true) to accept malformed JSON at line 1 column 20
07-05 12:59:30.551  1370  1404 D dalvikvm: GC_EXPLICIT freed 161K, 7% free 9095K/9735K, paused 2ms+2ms
07-05 12:59:30.664   545   548 D dalvikvm: GC_CONCURRENT freed 449K, 11% free 10513K/11719K, paused 2ms+3ms
07-05 12:59:30.848   545   548 D dalvikvm: GC_CONCURRENT freed 421K, 11% free 10487K/11719K, paused 2ms+2ms
07-05 12:59:30.930   545 26750 I DownloadManager: Initiating request for download 3150
07-05 12:59:31.020   545   548 D dalvikvm: GC_CONCURRENT freed 229K, 8% free 10790K/11719K, paused 1ms+3ms
07-05 12:59:31.125   545   548 D dalvikvm: GC_CONCURRENT freed 413K, 7% free 10926K/11719K, paused 2ms+3ms
07-05 12:59:31.363   545   548 D dalvikvm: GC_CONCURRENT freed 924K, 11% free 10523K/11719K, paused 2ms+3ms
07-05 12:59:31.543   545   548 D dalvikvm: GC_CONCURRENT freed 422K, 11% free 10495K/11719K, paused 2ms+2ms
07-05 12:59:31.680   545 26753 I DownloadManager: Initiating request for download 3151
07-05 12:59:31.758   545   548 D dalvikvm: GC_CONCURRENT freed 312K, 10% free 10609K/11719K, paused 2ms+3ms
07-05 12:59:31.863   545   548 D dalvikvm: GC_CONCURRENT freed 265K, 8% free 10831K/11719K, paused 2ms+3ms
07-05 12:59:31.988   545   548 D dalvikvm: GC_CONCURRENT freed 520K, 8% free 10820K/11719K, paused 2ms+3ms
07-05 12:59:32.137  1370 26755 E DictionaryProvider:UpdateHandler: Can't read a file : android.util.MalformedJsonException: Use JsonReader.setLenient(true) to accept malformed JSON at line 1 column 20
07-05 12:59:32.153   545 26756 I DownloadManager: in removeSpuriousFiles
07-05 12:59:32.219   545   548 D dalvikvm: GC_CONCURRENT freed 722K, 9% free 10696K/11719K, paused 1ms+3ms
07-05 12:59:32.309   545   548 D dalvikvm: GC_CONCURRENT freed 363K, 8% free 10892K/11719K, paused 1ms+3ms
07-05 12:59:32.309   545 26756 I DownloadManager: in removeSpuriousFiles, preserving file /data/data/com.android.providers.downloads/cache/metadata-1420.htm
07-05 12:59:32.309   545 26756 I DownloadManager: in removeSpuriousFiles, preserving file /data/data/com.android.providers.downloads/cache/metadata-88.htm
07-05 12:59:32.309   545 26756 I DownloadManager: in removeSpuriousFiles, preserving file /data/data/com.android.providers.downloads/cache/metadata-441.htm
07-05 12:59:32.309   545 26756 I DownloadManager: in removeSpuriousFiles, preserving file /data/data/com.android.providers.downloads/cache/metadata-69.htm
07-05 12:59:32.309   545 26756 I DownloadManager: in removeSpuriousFiles, preserving file /data/data/com.android.providers.downloads/cache/metadata-308.htm
07-05 12:59:32.309   545 26756 I DownloadManager: in removeSpuriousFiles, preserving file /data/data/com.android.providers.downloads/cache/metadata-342.htm
07-05 12:59:32.309   545 26756 I DownloadManager: in removeSpuriousFiles, preserving file /data/data/com.android.providers.downloads/cache/metadata-514.htm
07-05 12:59:32.317   545 26756 I DownloadManager: in removeSpuriousFiles, preserving file /data/data/com.android.providers.downloads/cache/metadata-287.htm
07-05 12:59:32.317   545 26756 I DownloadManager: in removeSpuriousFiles, preserving file /data/data/com.android.providers.downloads/cache/metadata-131.htm
07-05 12:59:32.317   545 26756 I DownloadManager: in removeSpuriousFiles, preserving file /data/data/com.android.providers.downloads/cache/metadata-877.htm
07-05 12:59:32.317   545 26756 I DownloadManager: in removeSpuriousFiles, preserving file /data/data/com.android.providers.downloads/cache/metadata-109.htm
07-05 12:59:32.317   545 26756 I DownloadManager: in removeSpuriousFiles, preserving file /data/data/com.android.providers.downloads/cache/metadata-258.htm
07-05 12:59:32.317   545 26756 I DownloadManager: in removeSpuriousFiles, preserving file /data/data/com.android.providers.downloads/cache/metadata-321.htm
07-05 12:59:32.317   545 26756 I DownloadManager: in removeSpuriousFiles, preserving file /data/data/com.android.providers.downloads/cache/metadata-2151.htm
07-05 12:59:32.317   545 26756 I DownloadManager: in removeSpuriousFiles, preserving file /data/data/com.android.providers.downloads/cache/metadata-290.htm
07-05 12:59:32.317   545 26756 I DownloadManager: in removeSpuriousFiles, preserving file /data/data/com.android.providers.downloads/cache/metadata-223.htm
07-05 12:59:32.317   545 26756 I DownloadManager: in removeSpuriousFiles, preserving file /data/data/com.android.providers.downloads/cache/metadata-364.htm
07-05 12:59:32.317   545 26756 I DownloadManager: in removeSpuriousFiles, preserving file /data/data/com.android.providers.downloads/cache/metadata-1201.htm
07-05 12:59:32.317   545 26756 I DownloadManager: in removeSpuriousFiles, preserving file /data/data/com.android.providers.downloads/cache/metadata-178.htm
07-05 12:59:32.317   545 26756 I DownloadManager: in removeSpuriousFiles, preserving file /data/data/com.android.providers.downloads/cache/metadata-1317.htm
07-05 12:59:32.317   545 26756 I DownloadManager: in removeSpuriousFiles, preserving file /data/data/com.android.providers.downloads/cache/metadata-943.htm
07-05 12:59:32.317   545 26756 I DownloadManager: in removeSpuriousFiles, preserving file /data/data/com.android.providers.downloads/cache/metadata-575.htm
07-05 12:59:32.321   545 26756 I DownloadManager: in removeSpuriousFiles, preserving file /data/data/com.android.providers.downloads/cache/metadata-377.htm
07-05 12:59:32.321   545 26756 I DownloadManager: in removeSpuriousFiles, preserving file /data/data/com.android.providers.downloads/cache/metadata-453.htm
07-05 12:59:32.321   545 26756 I DownloadManager: in removeSpuriousFiles, preserving file /data/data/com.android.providers.downloads/cache/metadata-657.htm
07-05 12:59:32.321   545 26756 I DownloadManager: in removeSpuriousFiles, preserving file /data/data/com.android.providers.downloads/cache/metadata-296.htm
07-05 12:59:32.321   545 26756 I DownloadManager: in removeSpuriousFiles, preserving file /data/data/com.android.providers.downloads/cache/metadata-1097.htm
07-05 12:59:32.321   545 26756 I DownloadManager: in removeSpuriousFiles, preserving file /data/data/com.android.providers.downloads/cache/metadata-1259.htm
07-05 12:59:32.321   545 26756 I DownloadManager: in removeSpuriousFiles, preserving file /data/data/com.android.providers.downloads/cache/metadata-2173.htm
07-05 12:59:32.321   545 26756 I DownloadManager: in removeSpuriousFiles, preserving file /data/data/com.android.providers.downloads/cache/metadata-1167.htm
07-05 12:59:32.321   545 26756 I DownloadManager: in removeSpuriousFiles, preserving file /data/data/com.android.providers.downloads/cache/metadata-98.htm
07-05 12:59:32.321   545 26756 I DownloadManager: in removeSpuriousFiles, preserving file /data/data/com.android.providers.downloads/cache/metadata-376.htm
07-05 12:59:32.324   545 26756 I DownloadManager: in removeSpuriousFiles, preserving file /data/data/com.android.providers.downloads/cache/metadata-1508.htm
07-05 12:59:32.324   545 26756 I DownloadManager: in removeSpuriousFiles, preserving file /data/data/com.android.providers.downloads/cache/metadata-1024.htm
07-05 12:59:32.324   545 26756 I DownloadManager: in removeSpuriousFiles, preserving file /data/data/com.android.providers.downloads/cache/metadata-1185.htm
07-05 12:59:32.324   545 26756 I DownloadManager: in removeSpuriousFiles, preserving file /data/data/com.android.providers.downloads/cache/metadata-733.htm
07-05 12:59:32.324   545 26756 I DownloadManager: in removeSpuriousFiles, preserving file /data/data/com.android.providers.downloads/cache/metadata-529.htm
07-05 12:59:32.332   545 26756 I DownloadManager: in removeSpuriousFiles, preserving file /data/data/com.android.providers.downloads/cache/metadata-435.htm
07-05 12:59:32.332   545 26756 I DownloadManager: in removeSpuriousFiles, preserving file /data/data/com.android.providers.downloads/cache/metadata-371.htm
07-05 12:59:32.336   545 26756 I DownloadManager: in removeSpuriousFiles, preserving file /data/data/com.android.providers.downloads/cache/metadata-766.htm
07-05 12:59:32.336   545 26756 I DownloadManager: in removeSpuriousFiles, preserving file /data/data/com.android.providers.downloads/cache/metadata-536.htm
07-05 12:59:32.336   545 26756 I DownloadManager: in removeSpuriousFiles, preserving file /data/data/com.android.providers.downloads/cache/metadata-344.htm
07-05 12:59:32.336   545 26756 I DownloadManager: in removeSpuriousFiles, preserving file /data/data/com.android.providers.downloads/cache/metadata-890.htm
07-05 12:59:32.336   545 26756 I DownloadManager: in removeSpuriousFiles, preserving file /data/data/com.android.providers.downloads/cache/metadata-528.htm
07-05 12:59:32.336   545 26756 I DownloadManager: in removeSpuriousFiles, preserving file /data/data/com.android.providers.downloads/cache/metadata-99.htm
07-05 12:59:32.336   545 26756 I DownloadManager: in removeSpuriousFiles, preserving file /data/data/com.android.providers.downloads/cache/metadata-429.htm
07-05 12:59:32.336   545 26756 I DownloadManager: in removeSpuriousFiles, preserving file /data/data/com.android.providers.downloads/cache/metadata-679.htm
07-05 12:59:32.336   545 26756 I DownloadManager: in removeSpuriousFiles, preserving file /data/data/com.android.providers.downloads/cache/metadata-887.htm
07-05 12:59:32.336   545 26756 I DownloadManager: in removeSpuriousFiles, preserving file /data/data/com.android.providers.downloads/cache/metadata-506.htm
07-05 12:59:32.336   545 26756 I DownloadManager: in removeSpuriousFiles, preserving file /data/data/com.android.providers.downloads/cache/metadata-778.htm
07-05 12:59:32.336   545 26756 I DownloadManager: in removeSpuriousFiles, preserving file /data/data/com.android.providers.downloads/cache/metadata-2512.htm
07-05 12:59:32.340   545 26756 I DownloadManager: in removeSpuriousFiles, preserving file /data/data/com.android.providers.downloads/cache/metadata-731.htm
07-05 12:59:32.340   545 26756 I DownloadManager: in removeSpuriousFiles, preserving file /data/data/com.android.providers.downloads/cache/metadata-333.htm
07-05 12:59:32.340   545 26756 I DownloadManager: in removeSpuriousFiles, preserving file /data/data/com.android.providers.downloads/cache/metadata-437.htm
07-05 12:59:32.340   545 26756 I DownloadManager: in removeSpuriousFiles, preserving file /data/data/com.android.providers.downloads/cache/metadata-786.htm
07-05 12:59:32.340   545 26756 I DownloadManager: in removeSpuriousFiles, preserving file /data/data/com.android.providers.downloads/cache/metadata-574.htm
07-05 12:59:32.340   545 26756 I DownloadManager: in removeSpuriousFiles, preserving file /data/data/com.android.providers.downloads/cache/metadata-1383.htm
07-05 12:59:32.340   545 26756 I DownloadManager: in removeSpuriousFiles, preserving file /data/data/com.android.providers.downloads/cache/metadata-548.htm
07-05 12:59:32.340   545 26756 I DownloadManager: in removeSpuriousFiles, preserving file /data/data/com.android.providers.downloads/cache/metadata-1832.htm
07-05 12:59:32.340   545 26756 I DownloadManager: in removeSpuriousFiles, preserving file /data/data/com.android.providers.downloads/cache/metadata-634.htm
07-05 12:59:32.344   545 26756 I DownloadManager: in removeSpuriousFiles, preserving file /data/data/com.android.providers.downloads/cache/metadata-1492.htm
07-05 12:59:32.344   545 26756 I DownloadManager: in removeSpuriousFiles, preserving file /data/data/com.android.providers.downloads/cache/metadata-1476.htm
07-05 12:59:32.344   545 26756 I DownloadManager: in removeSpuriousFiles, preserving file /data/data/com.android.providers.downloads/cache/metadata-531.htm
07-05 12:59:32.344   545 26756 I DownloadManager: in removeSpuriousFiles, preserving file /data/data/com.android.providers.downloads/cache/metadata-1058.htm
07-05 12:59:32.344   545 26756 I DownloadManager: in removeSpuriousFiles, preserving file /data/data/com.android.providers.downloads/cache/metadata-736.htm
07-05 12:59:32.344   545 26756 I DownloadManager: in removeSpuriousFiles, preserving file /data/data/com.android.providers.downloads/cache/metadata-573.htm
07-05 12:59:32.344   545 26756 I DownloadManager: in removeSpuriousFiles, preserving file /data/data/com.android.providers.downloads/cache/metadata-1022.htm
07-05 12:59:32.344   545 26756 I DownloadManager: in removeSpuriousFiles, preserving file /data/data/com.android.providers.downloads/cache/metadata-475.htm
07-05 12:59:32.344   545 26756 I DownloadManager: in removeSpuriousFiles, preserving file /data/data/com.android.providers.downloads/cache/metadata-1313.htm
07-05 12:59:32.344   545 26756 I DownloadManager: in removeSpuriousFiles, preserving file /data/data/com.android.providers.downloads/cache/metadata-638.htm
07-05 12:59:32.348   545 26756 I DownloadManager: in removeSpuriousFiles, preserving file /data/data/com.android.providers.downloads/cache/metadata-490.htm
07-05 12:59:32.348   545 26756 I DownloadManager: in removeSpuriousFiles, preserving file /data/data/com.android.providers.downloads/cache/metadata-1319.htm
07-05 12:59:32.348   545 26756 I DownloadManager: in removeSpuriousFiles, preserving file /data/data/com.android.providers.downloads/cache/metadata-591.htm
07-05 12:59:32.348   545 26756 I DownloadManager: in removeSpuriousFiles, preserving file /data/data/com.android.providers.downloads/cache/metadata-1862.htm
07-05 12:59:32.348   545 26756 I DownloadManager: in removeSpuriousFiles, preserving file /data/data/com.android.providers.downloads/cache/metadata-1371.htm
07-05 12:59:32.348   545 26756 I DownloadManager: in removeSpuriousFiles, preserving file /data/data/com.android.providers.downloads/cache/metadata-378.htm
07-05 12:59:32.348   545 26756 I DownloadManager: in removeSpuriousFiles, preserving file /data/data/com.android.providers.downloads/cache/metadata-1940.htm
07-05 12:59:32.348   545 26756 I DownloadManager: in removeSpuriousFiles, preserving file /data/data/com.android.providers.downloads/cache/metadata-1784.htm
07-05 12:59:32.348   545 26756 I DownloadManager: in removeSpuriousFiles, preserving file /data/data/com.android.providers.downloads/cache/metadata-1954.htm
07-05 12:59:32.348   545 26756 I DownloadManager: in removeSpuriousFiles, preserving file /data/data/com.android.providers.downloads/cache/metadata-2003.htm
07-05 12:59:32.352   545 26756 I DownloadManager: in removeSpuriousFiles, preserving file /data/data/com.android.providers.downloads/cache/metadata-553.htm
07-05 12:59:32.352   545 26756 I DownloadManager: in removeSpuriousFiles, preserving file /data/data/com.android.providers.downloads/cache/metadata-542.htm
07-05 12:59:32.352   545 26756 I DownloadManager: in removeSpuriousFiles, preserving file /data/data/com.android.providers.downloads/cache/metadata-611.htm
07-05 12:59:32.352   545 26756 I DownloadManager: in removeSpuriousFiles, preserving file /data/data/com.android.providers.downloads/cache/metadata-561.htm
07-05 12:59:32.352   545 26756 I DownloadManager: in removeSpuriousFiles, preserving file /data/data/com.android.providers.downloads/cache/metadata-1120.htm
07-05 12:59:32.352   545 26756 I DownloadManager: in removeSpuriousFiles, preserving file /data/data/com.android.providers.downloads/cache/metadata-1662.htm
07-05 12:59:32.352   545 26756 I DownloadManager: in removeSpuriousFiles, preserving file /data/data/com.android.providers.downloads/cache/metadata-532.htm
07-05 12:59:32.352   545 26756 I DownloadManager: in removeSpuriousFiles, preserving file /data/data/com.android.providers.downloads/cache/metadata-596.htm
07-05 12:59:32.352   545 26756 I DownloadManager: in removeSpuriousFiles, preserving file /data/data/com.android.providers.downloads/cache/metadata-2174.htm
07-05 12:59:32.352   545 26756 I DownloadManager: in removeSpuriousFiles, preserving file /data/data/com.android.providers.downloads/cache/metadata-1512.htm
07-05 12:59:32.356   545 26756 I DownloadManager: in removeSpuriousFiles, preserving file /data/data/com.android.providers.downloads/cache/metadata-720.htm
07-05 12:59:32.356   545 26756 I DownloadManager: in removeSpuriousFiles, preserving file /data/data/com.android.providers.downloads/cache/metadata-582.htm
07-05 12:59:32.356   545 26756 I DownloadManager: in removeSpuriousFiles, preserving file /data/data/com.android.providers.downloads/cache/metadata-1229.htm
07-05 12:59:32.356   545 26756 I DownloadManager: in removeSpuriousFiles, preserving file /data/data/com.android.providers.downloads/cache/metadata-913.htm
07-05 12:59:32.356   545 26756 I DownloadManager: in removeSpuriousFiles, preserving file /data/data/com.android.providers.downloads/cache/metadata-1531.htm
07-05 12:59:32.356   545 26756 I DownloadManager: in removeSpuriousFiles, preserving file /data/data/com.android.providers.downloads/cache/metadata-1693.htm
07-05 12:59:32.356   545 26756 I DownloadManager: in removeSpuriousFiles, preserving file /data/data/com.android.providers.downloads/cache/metadata-541.htm
07-05 12:59:32.356   545 26756 I DownloadManager: in removeSpuriousFiles, preserving file /data/data/com.android.providers.downloads/cache/metadata-699.htm
07-05 12:59:32.356   545 26756 I DownloadManager: in removeSpuriousFiles, preserving file /data/data/com.android.providers.downloads/cache/metadata-1391.htm
07-05 12:59:32.360   545 26756 I DownloadManager: in removeSpuriousFiles, preserving file /data/data/com.android.providers.downloads/cache/metadata-703.htm
07-05 12:59:32.360   545 26756 I DownloadManager: in removeSpuriousFiles, preserving file /data/data/com.android.providers.downloads/cache/metadata-545.htm
07-05 12:59:32.360   545 26756 I DownloadManager: in removeSpuriousFiles, preserving file /data/data/com.android.providers.downloads/cache/metadata-616.htm
07-05 12:59:32.360   545 26756 I DownloadManager: in removeSpuriousFiles, preserving file /data/data/com.android.providers.downloads/cache/metadata-1718.htm
07-05 12:59:32.360   545 26756 I DownloadManager: in removeSpuriousFiles, preserving file /data/data/com.android.providers.downloads/cache/metadata-2029.htm
07-05 12:59:32.360   545 26756 I DownloadManager: in removeSpuriousFiles, preserving file /data/data/com.android.providers.downloads/cache/metadata-1549.htm
07-05 12:59:32.360   545 26756 I DownloadManager: in removeSpuriousFiles, preserving file /data/data/com.android.providers.downloads/cache/metadata-1938.htm
07-05 12:59:32.360   545 26756 I DownloadManager: in removeSpuriousFiles, preserving file /data/data/com.android.providers.downloads/cache/metadata-1204.htm
07-05 12:59:32.363   545 26756 I DownloadManager: in removeSpuriousFiles, preserving file /data/data/com.android.providers.downloads/cache/metadata-1302.htm
07-05 12:59:32.363   545 26756 I DownloadManager: in removeSpuriousFiles, preserving file /data/data/com.android.providers.downloads/cache/metadata-2168.htm
07-05 12:59:32.363   545 26756 I DownloadManager: in removeSpuriousFiles, preserving file /data/data/com.android.providers.downloads/cache/metadata-791.htm
07-05 12:59:32.363   545 26756 I DownloadManager: in removeSpuriousFiles, preserving file /data/data/com.android.providers.downloads/cache/metadata-1404.htm
07-05 12:59:32.363   545 26756 I DownloadManager: in removeSpuriousFiles, preserving file /data/data/com.android.providers.downloads/cache/metadata-1128.htm
07-05 12:59:32.363   545 26756 I DownloadManager: in removeSpuriousFiles, preserving file /data/data/com.android.providers.downloads/cache/metadata-410.htm
07-05 12:59:32.363   545 26756 I DownloadManager: in removeSpuriousFiles, preserving file /data/data/com.android.providers.downloads/cache/metadata-479.htm
07-05 12:59:32.363   545 26756 I DownloadManager: in removeSpuriousFiles, preserving file /data/data/com.android.providers.downloads/cache/metadata-3.htm
07-05 12:59:32.363   545 26756 I DownloadManager: in removeSpuriousFiles, preserving file /data/data/com.android.providers.downloads/cache/metadata-7.htm
07-05 12:59:32.363   545 26756 I DownloadManager: in removeSpuriousFiles, preserving file /data/data/com.android.providers.downloads/cache/metadata-95.htm
07-05 12:59:32.367   545 26756 I DownloadManager: in removeSpuriousFiles, preserving file /data/data/com.android.providers.downloads/cache/metadata-444.htm
07-05 12:59:32.367   545 26756 I DownloadManager: in removeSpuriousFiles, preserving file /data/data/com.android.providers.downloads/cache/metadata-137.htm
07-05 12:59:32.367   545 26756 I DownloadManager: in removeSpuriousFiles, preserving file /data/data/com.android.providers.downloads/cache/metadata-86.htm
07-05 12:59:32.367   545 26756 I DownloadManager: in removeSpuriousFiles, preserving file /data/data/com.android.providers.downloads/cache/metadata-1101.htm
07-05 12:59:32.367   545 26756 I DownloadManager: in removeSpuriousFiles, preserving file /data/data/com.android.providers.downloads/cache/metadata-167.htm
07-05 12:59:32.367   545 26756 I DownloadManager: in removeSpuriousFiles, preserving file /data/data/com.android.providers.downloads/cache/metadata-393.htm
07-05 12:59:32.371   545 26756 I DownloadManager: in removeSpuriousFiles, preserving file /data/data/com.android.providers.downloads/cache/metadata-517.htm
07-05 12:59:32.371   545 26756 I DownloadManager: in removeSpuriousFiles, preserving file /data/data/com.android.providers.downloads/cache/metadata-1358.htm
07-05 12:59:32.371   545 26756 I DownloadManager: in removeSpuriousFiles, preserving file /data/data/com.android.providers.downloads/cache/metadata-1067.htm
07-05 12:59:32.371   545 26756 I DownloadManager: in removeSpuriousFiles, preserving file /data/data/com.android.providers.downloads/cache/metadata-339.htm
07-05 12:59:32.371   545 26756 I DownloadManager: in removeSpuriousFiles, preserving file /data/data/com.android.providers.downloads/cache/metadata-1786.htm
07-05 12:59:32.371   545 26756 I DownloadManager: in removeSpuriousFiles, preserving file /data/data/com.android.providers.downloads/cache/metadata-309.htm
07-05 12:59:32.371   545 26756 I DownloadManager: in removeSpuriousFiles, preserving file /data/data/com.android.providers.downloads/cache/metadata-2229.htm
07-05 12:59:32.371   545 26756 I DownloadManager: in removeSpuriousFiles, preserving file /data/data/com.android.providers.downloads/cache/metadata-1021.htm
07-05 12:59:32.371   545 26756 I DownloadManager: in removeSpuriousFiles, preserving file /data/data/com.android.providers.downloads/cache/metadata-512.htm
07-05 12:59:32.371   545 26756 I DownloadManager: in removeSpuriousFiles, preserving file /data/data/com.android.providers.downloads/cache/metadata-610.htm
07-05 12:59:32.371   545 26756 I DownloadManager: in removeSpuriousFiles, preserving file /data/data/com.android.providers.downloads/cache/metadata-1284.htm
07-05 12:59:32.371   545 26756 I DownloadManager: in removeSpuriousFiles, preserving file /data/data/com.android.providers.downloads/cache/metadata-352.htm
07-05 12:59:32.375   545 26756 I DownloadManager: in removeSpuriousFiles, preserving file /data/data/com.android.providers.downloads/cache/metadata-499.htm
07-05 12:59:32.375   545 26756 I DownloadManager: in removeSpuriousFiles, preserving file /data/data/com.android.providers.downloads/cache/metadata-443.htm
07-05 12:59:32.375   545 26756 I DownloadManager: in removeSpuriousFiles, preserving file /data/data/com.android.providers.downloads/cache/metadata-402.htm
07-05 12:59:32.375   545 26756 I DownloadManager: in removeSpuriousFiles, preserving file /data/data/com.android.providers.downloads/cache/metadata-629.htm
07-05 12:59:32.375   545 26756 I DownloadManager: in removeSpuriousFiles, preserving file /data/data/com.android.providers.downloads/cache/metadata-1261.htm
07-05 12:59:32.375   545 26756 I DownloadManager: in removeSpuriousFiles, preserving file /data/data/com.android.providers.downloads/cache/metadata-177.htm
07-05 12:59:32.375   545 26756 I DownloadManager: in removeSpuriousFiles, preserving file /data/data/com.android.providers.downloads/cache/metadata-1290.htm
07-05 12:59:32.375   545 26756 I DownloadManager: in removeSpuriousFiles, preserving file /data/data/com.android.providers.downloads/cache/metadata-527.htm
07-05 12:59:32.375   545 26756 I DownloadManager: in removeSpuriousFiles, preserving file /data/data/com.android.providers.downloads/cache/metadata-547.htm
07-05 12:59:32.375   545 26756 I DownloadManager: in removeSpuriousFiles, preserving file /data/data/com.android.providers.downloads/cache/metadata-728.htm
07-05 12:59:32.375   545 26756 I DownloadManager: in removeSpuriousFiles, preserving file /data/data/com.android.providers.downloads/cache/metadata-477.htm
07-05 12:59:32.375   545 26756 I DownloadManager: in removeSpuriousFiles, preserving file /data/data/com.android.providers.downloads/cache/metadata-293.htm
07-05 12:59:32.379   545 26756 I DownloadManager: in removeSpuriousFiles, preserving file /data/data/com.android.providers.downloads/cache/metadata-941.htm
07-05 12:59:32.379   545 26756 I DownloadManager: in removeSpuriousFiles, preserving file /data/data/com.android.providers.downloads/cache/metadata-1316.htm
07-05 12:59:32.379   545 26756 I DownloadManager: in removeSpuriousFiles, preserving file /data/data/com.android.providers.downloads/cache/metadata-557.htm
07-05 12:59:32.379   545 26756 I DownloadManager: in removeSpuriousFiles, preserving file /data/data/com.android.providers.downloads/cache/metadata-567.htm
07-05 12:59:32.379   545 26756 I DownloadManager: in removeSpuriousFiles, preserving file /data/data/com.android.providers.downloads/cache/metadata-1451.htm
07-05 12:59:32.379   545 26756 I DownloadManager: in removeSpuriousFiles, preserving file /data/data/com.android.providers.downloads/cache/metadata-783.htm
07-05 12:59:32.379   545 26756 I DownloadManager: in removeSpuriousFiles, preserving file /data/data/com.android.providers.downloads/cache/metadata-937.htm
07-05 12:59:32.379   545 26756 I DownloadManager: in removeSpuriousFiles, preserving file /data/data/com.android.providers.downloads/cache/metadata-433.htm
07-05 12:59:32.379   545 26756 I DownloadManager: in removeSpuriousFiles, preserving file /data/data/com.android.providers.downloads/cache/metadata-1418.htm
07-05 12:59:32.379   545 26756 I DownloadManager: in removeSpuriousFiles, preserving file /data/data/com.android.providers.downloads/cache/metadata-2526.htm
07-05 12:59:32.379   545 26756 I DownloadManager: in removeSpuriousFiles, preserving file /data/data/com.android.providers.downloads/cache/metadata-179.htm
07-05 12:59:32.383   545 26756 I DownloadManager: in removeSpuriousFiles, preserving file /data/data/com.android.providers.downloads/cache/metadata-1150.htm
07-05 12:59:32.383   545 26756 I DownloadManager: in removeSpuriousFiles, preserving file /data/data/com.android.providers.downloads/cache/metadata-448.htm
07-05 12:59:32.383   545 26756 I DownloadManager: in removeSpuriousFiles, preserving file /data/data/com.android.providers.downloads/cache/metadata-1035.htm
07-05 12:59:32.383   545 26756 I DownloadManager: in removeSpuriousFiles, preserving file /data/data/com.android.providers.downloads/cache/metadata-821.htm
07-05 12:59:32.383   545 26756 I DownloadManager: in removeSpuriousFiles, preserving file /data/data/com.android.providers.downloads/cache/metadata-1443.htm
07-05 12:59:32.383   545 26756 I DownloadManager: in removeSpuriousFiles, preserving file /data/data/com.android.providers.downloads/cache/metadata-828.htm
07-05 12:59:32.383   545 26756 I DownloadManager: in removeSpuriousFiles, preserving file /data/data/com.android.providers.downloads/cache/metadata-1645.htm
07-05 12:59:32.383   545 26756 I DownloadManager: in removeSpuriousFiles, preserving file /data/data/com.android.providers.downloads/cache/metadata-572.htm
07-05 12:59:32.383   545 26756 I DownloadManager: in removeSpuriousFiles, preserving file /data/data/com.android.providers.downloads/cache/metadata-423.htm
07-05 12:59:32.383   545 26756 I DownloadManager: in removeSpuriousFiles, preserving file /data/data/com.android.providers.downloads/cache/metadata-454.htm
07-05 12:59:32.387   545 26756 I DownloadManager: in removeSpuriousFiles, preserving file /data/data/com.android.providers.downloads/cache/metadata-2083.htm
07-05 12:59:32.387   545 26756 I DownloadManager: in removeSpuriousFiles, preserving file /data/data/com.android.providers.downloads/cache/metadata-1482.htm
07-05 12:59:32.387   545 26756 I DownloadManager: in removeSpuriousFiles, preserving file /data/data/com.android.providers.downloads/cache/metadata-588.htm
07-05 12:59:32.387   545 26756 I DownloadManager: in removeSpuriousFiles, preserving file /data/data/com.android.providers.downloads/cache/metadata-1122.htm
07-05 12:59:32.387   545 26756 I DownloadManager: in removeSpuriousFiles, preserving file /data/data/com.android.providers.downloads/cache/metadata-562.htm
07-05 12:59:32.387   545 26756 I DownloadManager: in removeSpuriousFiles, preserving file /data/data/com.android.providers.downloads/cache/metadata-979.htm
07-05 12:59:32.387   545 26756 I DownloadManager: in removeSpuriousFiles, preserving file /data/data/com.android.providers.downloads/cache/metadata-1883.htm
07-05 12:59:32.387   545 26756 I DownloadManager: in removeSpuriousFiles, preserving file /data/data/com.android.providers.downloads/cache/metadata-1347.htm
07-05 12:59:32.387   545 26756 I DownloadManager: in removeSpuriousFiles, preserving file /data/data/com.android.providers.downloads/cache/metadata-1203.htm
07-05 12:59:32.387   545 26756 I DownloadManager: in removeSpuriousFiles, preserving file /data/data/com.android.providers.downloads/cache/metadata-1233.htm
07-05 12:59:32.387   545 26756 I DownloadManager: in removeSpuriousFiles, preserving file /data/data/com.android.providers.downloads/cache/metadata-1327.htm
07-05 12:59:32.391   545 26756 I DownloadManager: in removeSpuriousFiles, preserving file /data/data/com.android.providers.downloads/cache/metadata-1091.htm
07-05 12:59:32.391   545 26756 I DownloadManager: in removeSpuriousFiles, preserving file /data/data/com.android.providers.downloads/cache/metadata-1442.htm
07-05 12:59:32.391   545 26756 I DownloadManager: in removeSpuriousFiles, preserving file /data/data/com.android.providers.downloads/cache/metadata-969.htm
07-05 12:59:32.391   545 26756 I DownloadManager: in removeSpuriousFiles, preserving file /data/data/com.android.providers.downloads/cache/metadata-689.htm
07-05 12:59:32.391   545 26756 I DownloadManager: in removeSpuriousFiles, preserving file /data/data/com.android.providers.downloads/cache/metadata-1038.htm
07-05 12:59:32.391   545 26756 I DownloadManager: in removeSpuriousFiles, preserving file /data/data/com.android.providers.downloads/cache/metadata-1447.htm
07-05 12:59:32.391   545 26756 I DownloadManager: in removeSpuriousFiles, preserving file /data/data/com.android.providers.downloads/cache/metadata-1459.htm
07-05 12:59:32.391   545 26756 I DownloadManager: in removeSpuriousFiles, preserving file /data/data/com.android.providers.downloads/cache/metadata-649.htm
07-05 12:59:32.391   545 26756 I DownloadManager: in removeSpuriousFiles, preserving file /data/data/com.android.providers.downloads/cache/metadata-1622.htm
07-05 12:59:32.391   545 26756 I DownloadManager: in removeSpuriousFiles, preserving file /data/data/com.android.providers.downloads/cache/metadata-1579.htm
07-05 12:59:32.391   545 26756 I DownloadManager: in removeSpuriousFiles, preserving file /data/data/com.android.providers.downloads/cache/metadata-2446.htm
07-05 12:59:32.395   545 26756 I DownloadManager: in removeSpuriousFiles, preserving file /data/data/com.android.providers.downloads/cache/metadata-1433.htm
07-05 12:59:32.395   545 26756 I DownloadManager: in removeSpuriousFiles, preserving file /data/data/com.android.providers.downloads/cache/metadata-533.htm
07-05 12:59:32.395   545 26756 I DownloadManager: in removeSpuriousFiles, preserving file /data/data/com.android.providers.downloads/cache/metadata-559.htm
07-05 12:59:32.395   545 26756 I DownloadManager: in removeSpuriousFiles, preserving file /data/data/com.android.providers.downloads/cache/metadata-2553.htm
07-05 12:59:32.395   545 26756 I DownloadManager: in removeSpuriousFiles, preserving file /data/data/com.android.providers.downloads/cache/metadata-366.htm
07-05 12:59:32.395   545 26756 I DownloadManager: in removeSpuriousFiles, preserving file /data/data/com.android.providers.downloads/cache/metadata-1966.htm
07-05 12:59:32.395   545 26756 I DownloadManager: in removeSpuriousFiles, preserving file /data/data/com.android.providers.downloads/cache/metadata-1193.htm
07-05 12:59:32.395   545 26756 I DownloadManager: in removeSpuriousFiles, preserving file /data/data/com.android.providers.downloads/cache/metadata-471.htm
07-05 12:59:32.395   545 26756 I DownloadManager: in removeSpuriousFiles, preserving file /data/data/com.android.providers.downloads/cache/metadata-837.htm
07-05 12:59:32.399   545 26756 I DownloadManager: in removeSpuriousFiles, preserving file /data/data/com.android.providers.downloads/cache/metadata-1053.htm
07-05 12:59:32.399   545 26756 I DownloadManager: in removeSpuriousFiles, preserving file /data/data/com.android.providers.downloads/cache/metadata-614.htm
07-05 12:59:32.399   545 26756 I DownloadManager: in removeSpuriousFiles, preserving file /data/data/com.android.providers.downloads/cache/metadata-597.htm
07-05 12:59:32.399   545 26756 I DownloadManager: in removeSpuriousFiles, preserving file /data/data/com.android.providers.downloads/cache/metadata-525.htm
07-05 12:59:32.399   545 26756 I DownloadManager: in removeSpuriousFiles, preserving file /data/data/com.android.providers.downloads/cache/metadata-1390.htm
07-05 12:59:32.399   545 26756 I DownloadManager: in removeSpuriousFiles, preserving file /data/data/com.android.providers.downloads/cache/metadata-987.htm
07-05 12:59:32.399   545 26756 I DownloadManager: in removeSpuriousFiles, preserving file /data/data/com.android.providers.downloads/cache/metadata-1273.htm
07-05 12:59:32.399   545 26756 I DownloadManager: in removeSpuriousFiles, preserving file /data/data/com.android.providers.downloads/cache/metadata-965.htm
07-05 12:59:32.399   545 26756 I DownloadManager: in removeSpuriousFiles, preserving file /data/data/com.android.providers.downloads/cache/metadata-1647.htm
07-05 12:59:32.403   545 26756 I DownloadManager: in removeSpuriousFiles, preserving file /data/data/com.android.providers.downloads/cache/metadata-458.htm
07-05 12:59:32.403   545 26756 I DownloadManager: in removeSpuriousFiles, preserving file /data/data/com.android.providers.downloads/cache/metadata-1090.htm
07-05 12:59:32.403   545 26756 I DownloadManager: in removeSpuriousFiles, preserving file /data/data/com.android.providers.downloads/cache/metadata-1646.htm
07-05 12:59:32.403   545 26756 I DownloadManager: in removeSpuriousFiles, preserving file /data/data/com.android.providers.downloads/cache/metadata-509.htm
07-05 12:59:32.403   545 26756 I DownloadManager: in removeSpuriousFiles, preserving file /data/data/com.android.providers.downloads/cache/metadata-1435.htm
07-05 12:59:32.403   545 26756 I DownloadManager: in removeSpuriousFiles, preserving file /data/data/com.android.providers.downloads/cache/metadata-524.htm
07-05 12:59:32.403   545 26756 I DownloadManager: in removeSpuriousFiles, preserving file /data/data/com.android.providers.downloads/cache/metadata-577.htm
07-05 12:59:32.403   545 26756 I DownloadManager: in removeSpuriousFiles, preserving file /data/data/com.android.providers.downloads/cache/metadata-2042.htm
07-05 12:59:32.403   545 26756 I DownloadManager: in removeSpuriousFiles, preserving file /data/data/com.android.providers.downloads/cache/metadata-866.htm
07-05 12:59:32.403   545 26756 I DownloadManager: in removeSpuriousFiles, preserving file /data/data/com.android.providers.downloads/cache/metadata-606.htm
07-05 12:59:32.403   545 26756 I DownloadManager: in removeSpuriousFiles, preserving file /data/data/com.android.providers.downloads/cache/metadata-603.htm
07-05 12:59:32.406   545 26756 I DownloadManager: in removeSpuriousFiles, preserving file /data/data/com.android.providers.downloads/cache/metadata-1388.htm
07-05 12:59:32.406   545 26756 I DownloadManager: in removeSpuriousFiles, preserving file /data/data/com.android.providers.downloads/cache/metadata-820.htm
07-05 12:59:32.406   545 26756 I DownloadManager: in removeSpuriousFiles, preserving file /data/data/com.android.providers.downloads/cache/metadata-538.htm
07-05 12:59:32.406   545 26756 I DownloadManager: in removeSpuriousFiles, preserving file /data/data/com.android.providers.downloads/cache/metadata-1108.htm
07-05 12:59:32.406   545 26756 I DownloadManager: in removeSpuriousFiles, preserving file /data/data/com.android.providers.downloads/cache/metadata-681.htm
07-05 12:59:32.406   545 26756 I DownloadManager: in removeSpuriousFiles, preserving file /data/data/com.android.providers.downloads/cache/metadata-470.htm
07-05 12:59:32.406   545 26756 I DownloadManager: in removeSpuriousFiles, preserving file /data/data/com.android.providers.downloads/cache/metadata-1416.htm
07-05 12:59:32.406   545 26756 I DownloadManager: in removeSpuriousFiles, preserving file /data/data/com.android.providers.downloads/cache/metadata-1888.htm
07-05 12:59:32.406   545 26756 I DownloadManager: in removeSpuriousFiles, preserving file /data/data/com.android.providers.downloads/cache/metadata-923.htm
07-05 12:59:32.410   545 26756 I DownloadManager: in removeSpuriousFiles, preserving file /data/data/com.android.providers.downloads/cache/metadata-1263.htm
07-05 12:59:32.414   545 26756 I DownloadManager: in removeSpuriousFiles, preserving file /data/data/com.android.providers.downloads/cache/metadata-584.htm
07-05 12:59:32.414   545 26756 I DownloadManager: in removeSpuriousFiles, preserving file /data/data/com.android.providers.downloads/cache/metadata-1462.htm
07-05 12:59:32.414   545 26756 I DownloadManager: in removeSpuriousFiles, preserving file /data/data/com.android.providers.downloads/cache/metadata-1842.htm
07-05 12:59:32.414   545 26756 I DownloadManager: in removeSpuriousFiles, preserving file /data/data/com.android.providers.downloads/cache/metadata-1133.htm
07-05 12:59:32.414   545 26756 I DownloadManager: in removeSpuriousFiles, preserving file /data/data/com.android.providers.downloads/cache/metadata-966.htm
07-05 12:59:32.414   545 26756 I DownloadManager: in removeSpuriousFiles, preserving file /data/data/com.android.providers.downloads/cache/metadata-891.htm
07-05 12:59:32.418   545 26756 I DownloadManager: in removeSpuriousFiles, preserving file /data/data/com.android.providers.downloads/cache/metadata.htm
07-05 12:59:32.418   545 26756 I DownloadManager: in removeSpuriousFiles, preserving file /data/data/com.android.providers.downloads/cache/metadata-9.htm
07-05 12:59:32.418   545 26756 I DownloadManager: in removeSpuriousFiles, preserving file /data/data/com.android.providers.downloads/cache/metadata-744.htm
07-05 12:59:32.418   545 26756 I DownloadManager: in removeSpuriousFiles, preserving file /data/data/com.android.providers.downloads/cache/metadata-4.htm
07-05 12:59:32.418   545 26756 I DownloadManager: in removeSpuriousFiles, preserving file /data/data/com.android.providers.downloads/cache/metadata-10.htm
07-05 12:59:32.418   545 26756 I DownloadManager: in removeSpuriousFiles, preserving file /data/data/com.android.providers.downloads/cache/metadata-14.htm
07-05 12:59:32.418   545 26756 I DownloadManager: in removeSpuriousFiles, preserving file /data/data/com.android.providers.downloads/cache/metadata-29.htm
07-05 12:59:32.418   545 26756 I DownloadManager: in removeSpuriousFiles, preserving file /data/data/com.android.providers.downloads/cache/metadata-31.htm
07-05 12:59:32.418   545 26756 I DownloadManager: in removeSpuriousFiles, preserving file /data/data/com.android.providers.downloads/cache/metadata-1480.htm
07-05 12:59:32.418   545 26756 I DownloadManager: in removeSpuriousFiles, preserving file /data/data/com.android.providers.downloads/cache/metadata-530.htm
07-05 12:59:32.418   545 26756 I DownloadManager: in removeSpuriousFiles, preserving file /data/data/com.android.providers.downloads/cache/metadata-22.htm
07-05 12:59:32.418   545 26756 I DownloadManager: in removeSpuriousFiles, preserving file /data/data/com.android.providers.downloads/cache/metadata-959.htm
07-05 12:59:32.418   545 26756 I DownloadManager: in removeSpuriousFiles, preserving file /data/data/com.android.providers.downloads/cache/metadata-434.htm
07-05 12:59:32.418   545 26756 I DownloadManager: in removeSpuriousFiles, preserving file /data/data/com.android.providers.downloads/cache/metadata-776.htm
07-05 12:59:32.418   545 26756 I DownloadManager: in removeSpuriousFiles, preserving file /data/data/com.android.providers.downloads/cache/metadata-11.htm
07-05 12:59:32.418   545 26756 I DownloadManager: in removeSpuriousFiles, preserving file /data/data/com.android.providers.downloads/cache/metadata-129.htm
07-05 12:59:32.418   545 26756 I DownloadManager: in removeSpuriousFiles, preserving file /data/data/com.android.providers.downloads/cache/metadata-951.htm
07-05 12:59:32.418   545 26756 I DownloadManager: in removeSpuriousFiles, preserving file /data/data/com.android.providers.downloads/cache/metadata-2039.htm
07-05 12:59:32.422   545 26756 I DownloadManager: in removeSpuriousFiles, preserving file /data/data/com.android.providers.downloads/cache/metadata-1099.htm
07-05 12:59:32.422   545 26756 I DownloadManager: in removeSpuriousFiles, preserving file /data/data/com.android.providers.downloads/cache/metadata-522.htm
07-05 12:59:32.422   545 26756 I DownloadManager: in removeSpuriousFiles, preserving file /data/data/com.android.providers.downloads/cache/metadata-551.htm
07-05 12:59:32.422   545 26756 I DownloadManager: in removeSpuriousFiles, preserving file /data/data/com.android.providers.downloads/cache/metadata-1189.htm
07-05 12:59:32.422   545 26756 I DownloadManager: in removeSpuriousFiles, preserving file /data/data/com.android.providers.downloads/cache/metadata-1205.htm
07-05 12:59:32.422   545 26756 I DownloadManager: in removeSpuriousFiles, preserving file /data/data/com.android.providers.downloads/cache/metadata-771.htm
07-05 12:59:32.422   545 26756 I DownloadManager: in removeSpuriousFiles, preserving file /data/data/com.android.providers.downloads/cache/metadata-325.htm
07-05 12:59:32.422   545 26756 I DownloadManager: in removeSpuriousFiles, preserving file /data/data/com.android.providers.downloads/cache/metadata-430.htm
07-05 12:59:32.422   545 26756 I DownloadManager: in removeSpuriousFiles, preserving file /data/data/com.android.providers.downloads/cache/metadata-842.htm
07-05 12:59:32.422   545 26756 I DownloadManager: in removeSpuriousFiles, preserving file /data/data/com.android.providers.downloads/cache/metadata-1399.htm
07-05 12:59:32.422   545 26756 I DownloadManager: in removeSpuriousFiles, preserving file /data/data/com.android.providers.downloads/cache/metadata-754.htm
07-05 12:59:32.422   545 26756 I DownloadManager: in removeSpuriousFiles, preserving file /data/data/com.android.providers.downloads/cache/metadata-2803.htm
07-05 12:59:32.426   545 26756 I DownloadManager: in removeSpuriousFiles, preserving file /data/data/com.android.providers.downloads/cache/metadata-1184.htm
07-05 12:59:32.426   545 26756 I DownloadManager: in removeSpuriousFiles, preserving file /data/data/com.android.providers.downloads/cache/metadata-513.htm
07-05 12:59:32.426   545 26756 I DownloadManager: in removeSpuriousFiles, preserving file /data/data/com.android.providers.downloads/cache/metadata-1040.htm
07-05 12:59:32.426   545 26756 I DownloadManager: in removeSpuriousFiles, preserving file /data/data/com.android.providers.downloads/cache/metadata-114.htm
07-05 12:59:32.426   545 26756 I DownloadManager: in removeSpuriousFiles, preserving file /data/data/com.android.providers.downloads/cache/metadata-355.htm
07-05 12:59:32.426   545 26756 I DownloadManager: in removeSpuriousFiles, preserving file /data/data/com.android.providers.downloads/cache/metadata-2221.htm
07-05 12:59:32.426   545 26756 I DownloadManager: in removeSpuriousFiles, preserving file /data/data/com.android.providers.downloads/cache/metadata-742.htm
07-05 12:59:32.426   545 26756 I DownloadManager: in removeSpuriousFiles, preserving file /data/data/com.android.providers.downloads/cache/metadata-1382.htm
07-05 12:59:32.426   545 26756 I DownloadManager: in removeSpuriousFiles, preserving file /data/data/com.android.providers.downloads/cache/metadata-1503.htm
07-05 12:59:32.426   545 26756 I DownloadManager: in removeSpuriousFiles, preserving file /data/data/com.android.providers.downloads/cache/metadata-1758.htm
07-05 12:59:32.426   545 26756 I DownloadManager: in removeSpuriousFiles, preserving file /data/data/com.android.providers.downloads/cache/metadata-583.htm
07-05 12:59:32.426   545 26756 I DownloadManager: in removeSpuriousFiles, preserving file /data/data/com.android.providers.downloads/cache/metadata-2358.htm
07-05 12:59:32.430   545 26756 I DownloadManager: in removeSpuriousFiles, preserving file /data/data/com.android.providers.downloads/cache/metadata-503.htm
07-05 12:59:32.430   545 26756 I DownloadManager: in removeSpuriousFiles, preserving file /data/data/com.android.providers.downloads/cache/metadata-365.htm
07-05 12:59:32.430   545 26756 I DownloadManager: in removeSpuriousFiles, preserving file /data/data/com.android.providers.downloads/cache/metadata-1281.htm
07-05 12:59:32.430   545 26756 I DownloadManager: in removeSpuriousFiles, preserving file /data/data/com.android.providers.downloads/cache/metadata-195.htm
07-05 12:59:32.430   545 26756 I DownloadManager: in removeSpuriousFiles, preserving file /data/data/com.android.providers.downloads/cache/metadata-1026.htm
07-05 12:59:32.430   545 26756 I DownloadManager: in removeSpuriousFiles, preserving file /data/data/com.android.providers.downloads/cache/metadata-1119.htm
07-05 12:59:32.430   545 26756 I DownloadManager: in removeSpuriousFiles, preserving file /data/data/com.android.providers.downloads/cache/metadata-1696.htm
07-05 12:59:32.430   545 26756 I DownloadManager: in removeSpuriousFiles, preserving file /data/data/com.android.providers.downloads/cache/metadata-1010.htm
07-05 12:59:32.430   545 26756 I DownloadManager: in removeSpuriousFiles, preserving file /data/data/com.android.providers.downloads/cache/metadata-1445.htm
07-05 12:59:32.430   545 26756 I DownloadManager: in removeSpuriousFiles, preserving file /data/data/com.android.providers.downloads/cache/metadata-1644.htm
07-05 12:59:32.430   545 26756 I DownloadManager: in removeSpuriousFiles, preserving file /data/data/com.android.providers.downloads/cache/metadata-850.htm
07-05 12:59:32.434   545 26756 I DownloadManager: in removeSpuriousFiles, preserving file /data/data/com.android.providers.downloads/cache/metadata-962.htm
07-05 12:59:32.434   545 26756 I DownloadManager: in removeSpuriousFiles, preserving file /data/data/com.android.providers.downloads/cache/metadata-1487.htm
07-05 12:59:32.434   545 26756 I DownloadManager: in removeSpuriousFiles, preserving file /data/data/com.android.providers.downloads/cache/metadata-1132.htm
07-05 12:59:32.434   545 26756 I DownloadManager: in removeSpuriousFiles, preserving file /data/data/com.android.providers.downloads/cache/metadata-496.htm
07-05 12:59:32.434   545 26756 I DownloadManager: in removeSpuriousFiles, preserving file /data/data/com.android.providers.downloads/cache/metadata-585.htm
07-05 12:59:32.434   545 26756 I DownloadManager: in removeSpuriousFiles, preserving file /data/data/com.android.providers.downloads/cache/metadata-906.htm
07-05 12:59:32.434   545 26756 I DownloadManager: in removeSpuriousFiles, preserving file /data/data/com.android.providers.downloads/cache/metadata-1491.htm
07-05 12:59:32.434   545 26756 I DownloadManager: in removeSpuriousFiles, preserving file /data/data/com.android.providers.downloads/cache/metadata-2077.htm
07-05 12:59:32.434   545 26756 I DownloadManager: in removeSpuriousFiles, preserving file /data/data/com.android.providers.downloads/cache/metadata-1373.htm
07-05 12:59:32.434   545 26756 I DownloadManager: in removeSpuriousFiles, preserving file /data/data/com.android.providers.downloads/cache/metadata-1064.htm
07-05 12:59:32.434   545 26756 I DownloadManager: in removeSpuriousFiles, preserving file /data/data/com.android.providers.downloads/cache/metadata-695.htm
07-05 12:59:32.438   545 26756 I DownloadManager: in removeSpuriousFiles, preserving file /data/data/com.android.providers.downloads/cache/metadata-1569.htm
07-05 12:59:32.438   545 26756 I DownloadManager: in removeSpuriousFiles, preserving file /data/data/com.android.providers.downloads/cache/metadata-1285.htm
07-05 12:59:32.438   545 26756 I DownloadManager: in removeSpuriousFiles, preserving file /data/data/com.android.providers.downloads/cache/metadata-534.htm
07-05 12:59:32.438   545 26756 I DownloadManager: in removeSpuriousFiles, preserving file /data/data/com.android.providers.downloads/cache/metadata-1431.htm
07-05 12:59:32.438   545 26756 I DownloadManager: in removeSpuriousFiles, preserving file /data/data/com.android.providers.downloads/cache/metadata-1065.htm
07-05 12:59:32.438   545 26756 I DownloadManager: in removeSpuriousFiles, preserving file /data/data/com.android.providers.downloads/cache/metadata-621.htm
07-05 12:59:32.438   545 26756 I DownloadManager: in removeSpuriousFiles, preserving file /data/data/com.android.providers.downloads/cache/metadata-608.htm
07-05 12:59:32.438   545 26756 I DownloadManager: in removeSpuriousFiles, preserving file /data/data/com.android.providers.downloads/cache/metadata-764.htm
07-05 12:59:32.438   545 26756 I DownloadManager: in removeSpuriousFiles, preserving file /data/data/com.android.providers.downloads/cache/metadata-546.htm
07-05 12:59:32.438   545 26756 I DownloadManager: in removeSpuriousFiles, preserving file /data/data/com.android.providers.downloads/cache/metadata-2005.htm
07-05 12:59:32.438   545 26756 I DownloadManager: in removeSpuriousFiles, preserving file /data/data/com.android.providers.downloads/cache/metadata-605.htm
07-05 12:59:32.442   545 26756 I DownloadManager: in removeSpuriousFiles, preserving file /data/data/com.android.providers.downloads/cache/metadata-927.htm
07-05 12:59:32.442   545 26756 I DownloadManager: in removeSpuriousFiles, preserving file /data/data/com.android.providers.downloads/cache/metadata-1162.htm
07-05 12:59:32.442   545 26756 I DownloadManager: in removeSpuriousFiles, preserving file /data/data/com.android.providers.downloads/cache/metadata-1613.htm
07-05 12:59:32.442   545 26756 I DownloadManager: in removeSpuriousFiles, preserving file /data/data/com.android.providers.downloads/cache/metadata-674.htm
07-05 12:59:32.442   545 26756 I DownloadManager: in removeSpuriousFiles, preserving file /data/data/com.android.providers.downloads/cache/metadata-855.htm
07-05 12:59:32.442   545 26756 I DownloadManager: in removeSpuriousFiles, preserving file /data/data/com.android.providers.downloads/cache/metadata-1730.htm
07-05 12:59:32.446   545 26756 I DownloadManager: in removeSpuriousFiles, preserving file /data/data/com.android.providers.downloads/cache/metadata-1378.htm
07-05 12:59:32.446   545 26756 I DownloadManager: in removeSpuriousFiles, preserving file /data/data/com.android.providers.downloads/cache/metadata-751.htm
07-05 12:59:32.446   545 26756 I DownloadManager: in removeSpuriousFiles, preserving file /data/data/com.android.providers.downloads/cache/metadata-1190.htm
07-05 12:59:32.446   545 26756 I DownloadManager: in removeSpuriousFiles, preserving file /data/data/com.android.providers.downloads/cache/metadata-570.htm
07-05 12:59:32.446   545 26756 I DownloadManager: in removeSpuriousFiles, preserving file /data/data/com.android.providers.downloads/cache/metadata-2406.htm
07-05 12:59:32.446   545 26756 I DownloadManager: in removeSpuriousFiles, preserving file /data/data/com.android.providers.downloads/cache/metadata-1197.htm
07-05 12:59:32.446   545 26756 I DownloadManager: in removeSpuriousFiles, preserving file /data/data/com.android.providers.downloads/cache/metadata-550.htm
07-05 12:59:32.446   545 26756 I DownloadManager: in removeSpuriousFiles, preserving file /data/data/com.android.providers.downloads/cache/metadata-1149.htm
07-05 12:59:32.446   545 26756 I DownloadManager: in removeSpuriousFiles, preserving file /data/data/com.android.providers.downloads/cache/metadata-666.htm
07-05 12:59:32.446   545 26756 I DownloadManager: in removeSpuriousFiles, preserving file /data/data/com.android.providers.downloads/cache/metadata-688.htm
07-05 12:59:32.449   545 26756 I DownloadManager: in removeSpuriousFiles, preserving file /data/data/com.android.providers.downloads/cache/metadata-1509.htm
07-05 12:59:32.449   545 26756 I DownloadManager: in removeSpuriousFiles, preserving file /data/data/com.android.providers.downloads/cache/metadata-635.htm
07-05 12:59:32.449   545 26756 I DownloadManager: in removeSpuriousFiles, preserving file /data/data/com.android.providers.downloads/cache/metadata-1228.htm
07-05 12:59:32.449   545 26756 I DownloadManager: in removeSpuriousFiles, preserving file /data/data/com.android.providers.downloads/cache/metadata-2098.htm
07-05 12:59:32.449   545 26756 I DownloadManager: in removeSpuriousFiles, preserving file /data/data/com.android.providers.downloads/cache/metadata-851.htm
07-05 12:59:32.449   545 26756 I DownloadManager: in removeSpuriousFiles, preserving file /data/data/com.android.providers.downloads/cache/metadata-543.htm
07-05 12:59:32.449   545 26756 I DownloadManager: in removeSpuriousFiles, preserving file /data/data/com.android.providers.downloads/cache/metadata-2305.htm
07-05 12:59:32.449   545 26756 I DownloadManager: in removeSpuriousFiles, preserving file /data/data/com.android.providers.downloads/cache/metadata-725.htm
07-05 12:59:32.449   545 26756 I DownloadManager: in removeSpuriousFiles, preserving file /data/data/com.android.providers.downloads/cache/metadata-735.htm
07-05 12:59:32.453   545 26756 I DownloadManager: in removeSpuriousFiles, preserving file /data/data/com.android.providers.downloads/cache/metadata-1834.htm
07-05 12:59:32.453   545 26756 I DownloadManager: in removeSpuriousFiles, preserving file /data/data/com.android.providers.downloads/cache/metadata-2322.htm
07-05 12:59:32.453   545 26756 I DownloadManager: in removeSpuriousFiles, preserving file /data/data/com.android.providers.downloads/cache/metadata-1379.htm
07-05 12:59:32.453   545 26756 I DownloadManager: in removeSpuriousFiles, preserving file /data/data/com.android.providers.downloads/cache/metadata-302.htm
07-05 12:59:32.453   545 26756 I DownloadManager: in removeSpuriousFiles, preserving file /data/data/com.android.providers.downloads/cache/metadata-1337.htm
07-05 12:59:32.453   545 26756 I DownloadManager: in removeSpuriousFiles, preserving file /data/data/com.android.providers.downloads/cache/metadata-1676.htm
07-05 12:59:32.453   545 26756 I DownloadManager: in removeSpuriousFiles, preserving file /data/data/com.android.providers.downloads/cache/metadata-3005.htm
07-05 12:59:32.453   545 26756 I DownloadManager: in removeSpuriousFiles, preserving file /data/data/com.android.providers.downloads/cache/metadata-481.htm
07-05 12:59:32.453   545 26756 I DownloadManager: in removeSpuriousFiles, preserving file /data/data/com.android.providers.downloads/cache/metadata-651.htm
07-05 12:59:32.453   545 26756 I DownloadManager: in removeSpuriousFiles, preserving file /data/data/com.android.providers.downloads/cache/metadata-1478.htm
07-05 12:59:32.457   545 26756 I DownloadManager: in removeSpuriousFiles, preserving file /data/data/com.android.providers.downloads/cache/metadata-1460.htm
07-05 12:59:32.457   545 26756 I DownloadManager: in removeSpuriousFiles, preserving file /data/data/com.android.providers.downloads/cache/metadata-1537.htm
07-05 12:59:32.457   545 26756 I DownloadManager: in removeSpuriousFiles, preserving file /data/data/com.android.providers.downloads/cache/metadata-935.htm
07-05 12:59:32.457   545 26756 I DownloadManager: in removeSpuriousFiles, preserving file /data/data/com.android.providers.downloads/cache/metadata-2044.htm
07-05 12:59:32.457   545 26756 I DownloadManager: in removeSpuriousFiles, preserving file /data/data/com.android.providers.downloads/cache/metadata-2421.htm
07-05 12:59:32.457   545 26756 I DownloadManager: in removeSpuriousFiles, preserving file /data/data/com.android.providers.downloads/cache/metadata-1226.htm
07-05 12:59:32.457   545 26756 I DownloadManager: in removeSpuriousFiles, preserving file /data/data/com.android.providers.downloads/cache/metadata-897.htm
07-05 12:59:32.457   545 26756 I DownloadManager: in removeSpuriousFiles, preserving file /data/data/com.android.providers.downloads/cache/metadata-1110.htm
07-05 12:59:32.457   545 26756 I DownloadManager: in removeSpuriousFiles, preserving file /data/data/com.android.providers.downloads/cache/metadata-2118.htm
07-05 12:59:32.461   545 26756 I DownloadManager: in removeSpuriousFiles, preserving file /data/data/com.android.providers.downloads/cache/metadata-1642.htm
07-05 12:59:32.461   545 26756 I DownloadManager: in removeSpuriousFiles, preserving file /data/data/com.android.providers.downloads/cache/metadata-497.htm
07-05 12:59:32.461   545 26756 I DownloadManager: in removeSpuriousFiles, preserving file /data/data/com.android.providers.downloads/cache/metadata-1.htm
07-05 12:59:32.461   545 26756 I DownloadManager: in removeSpuriousFiles, preserving file /data/data/com.android.providers.downloads/cache/metadata-6.htm
07-05 12:59:32.461   545 26756 I DownloadManager: in removeSpuriousFiles, preserving file /data/data/com.android.providers.downloads/cache/metadata-18.htm
07-05 12:59:32.461   545 26756 I DownloadManager: in removeSpuriousFiles, preserving file /data/data/com.android.providers.downloads/cache/metadata-19.htm
07-05 12:59:32.461   545 26756 I DownloadManager: in removeSpuriousFiles, preserving file /data/data/com.android.providers.downloads/cache/metadata-41.htm
07-05 12:59:32.461   545 26756 I DownloadManager: in removeSpuriousFiles, preserving file /data/data/com.android.providers.downloads/cache/metadata-34.htm
07-05 12:59:32.461   545 26756 I DownloadManager: in removeSpuriousFiles, preserving file /data/data/com.android.providers.downloads/cache/metadata-37.htm
07-05 12:59:32.465   545 26756 I DownloadManager: in removeSpuriousFiles, preserving file /data/data/com.android.providers.downloads/cache/metadata-15.htm
07-05 12:59:32.465   545 26756 I DownloadManager: in removeSpuriousFiles, preserving file /data/data/com.android.providers.downloads/cache/metadata-46.htm
07-05 12:59:32.465   545 26756 I DownloadManager: in removeSpuriousFiles, preserving file /data/data/com.android.providers.downloads/cache/metadata-35.htm
07-05 12:59:32.465   545 26756 I DownloadManager: in removeSpuriousFiles, preserving file /data/data/com.android.providers.downloads/cache/metadata-12.htm
07-05 12:59:32.465   545 26756 I DownloadManager: in removeSpuriousFiles, preserving file /data/data/com.android.providers.downloads/cache/metadata-28.htm
07-05 12:59:32.465   545 26756 I DownloadManager: in removeSpuriousFiles, preserving file /data/data/com.android.providers.downloads/cache/metadata-47.htm
07-05 12:59:32.465   545 26756 I DownloadManager: in removeSpuriousFiles, preserving file /data/data/com.android.providers.downloads/cache/metadata-292.htm
07-05 12:59:32.465   545 26756 I DownloadManager: in removeSpuriousFiles, preserving file /data/data/com.android.providers.downloads/cache/metadata-698.htm
07-05 12:59:32.465   545 26756 I DownloadManager: in removeSpuriousFiles, preserving file /data/data/com.android.providers.downloads/cache/metadata-1377.htm
07-05 12:59:32.465   545 26756 I DownloadManager: in removeSpuriousFiles, preserving file /data/data/com.android.providers.downloads/cache/metadata-464.htm
07-05 12:59:32.465   545 26756 I DownloadManager: in removeSpuriousFiles, preserving file /data/data/com.android.providers.downloads/cache/metadata-808.htm
07-05 12:59:32.465   545 26756 I DownloadManager: in removeSpuriousFiles, preserving file /data/data/com.android.providers.downloads/cache/metadata-1424.htm
07-05 12:59:32.465   545 26756 I DownloadManager: in removeSpuriousFiles, preserving file /data/data/com.android.providers.downloads/cache/metadata-51.htm
07-05 12:59:32.465   545 26756 I DownloadManager: in removeSpuriousFiles, preserving file /data/data/com.android.providers.downloads/cache/metadata-413.htm
07-05 12:59:32.465   545 26756 I DownloadManager: in removeSpuriousFiles, preserving file /data/data/com.android.providers.downloads/cache/metadata-1475.htm
07-05 12:59:32.465   545 26756 I DownloadManager: in removeSpuriousFiles, preserving file /data/data/com.android.providers.downloads/cache/metadata-632.htm
07-05 12:59:32.469   545 26756 I DownloadManager: in removeSpuriousFiles, preserving file /data/data/com.android.providers.downloads/cache/metadata-749.htm
07-05 12:59:32.469   545 26756 I DownloadManager: in removeSpuriousFiles, preserving file /data/data/com.android.providers.downloads/cache/metadata-495.htm
07-05 12:59:32.469   545 26756 I DownloadManager: in removeSpuriousFiles, preserving file /data/data/com.android.providers.downloads/cache/metadata-643.htm
07-05 12:59:32.469   545 26756 I DownloadManager: in removeSpuriousFiles, preserving file /data/data/com.android.providers.downloads/cache/metadata-565.htm
07-05 12:59:32.469   545 26756 I DownloadManager: in removeSpuriousFiles, preserving file /data/data/com.android.providers.downloads/cache/metadata-1272.htm
07-05 12:59:32.469   545 26756 I DownloadManager: in removeSpuriousFiles, preserving file /data/data/com.android.providers.downloads/cache/metadata-1343.htm
07-05 12:59:32.469   545 26756 I DownloadManager: in removeSpuriousFiles, preserving file /data/data/com.android.providers.downloads/cache/metadata-1841.htm
07-05 12:59:32.469   545 26756 I DownloadManager: in removeSpuriousFiles, preserving file /data/data/com.android.providers.downloads/cache/metadata-2123.htm
07-05 12:59:32.469   545 26756 I DownloadManager: in removeSpuriousFiles, preserving file /data/data/com.android.providers.downloads/cache/metadata-1291.htm
07-05 12:59:32.469   545 26756 I DownloadManager: in removeSpuriousFiles, preserving file /data/data/com.android.providers.downloads/cache/metadata-1568.htm
07-05 12:59:32.469   545 26756 I DownloadManager: in removeSpuriousFiles, preserving file /data/data/com.android.providers.downloads/cache/metadata-301.htm
07-05 12:59:32.469   545 26756 I DownloadManager: in removeSpuriousFiles, preserving file /data/data/com.android.providers.downloads/cache/metadata-1417.htm
07-05 12:59:32.473   545 26756 I DownloadManager: in removeSpuriousFiles, preserving file /data/data/com.android.providers.downloads/cache/metadata-1670.htm
07-05 12:59:32.473   545 26756 I DownloadManager: in removeSpuriousFiles, preserving file /data/data/com.android.providers.downloads/cache/metadata-1139.htm
07-05 12:59:32.473   545 26756 I DownloadManager: in removeSpuriousFiles, preserving file /data/data/com.android.providers.downloads/cache/metadata-619.htm
07-05 12:59:32.473   545 26756 I DownloadManager: in removeSpuriousFiles, preserving file /data/data/com.android.providers.downloads/cache/metadata-442.htm
07-05 12:59:32.473   545 26756 I DownloadManager: in removeSpuriousFiles, preserving file /data/data/com.android.providers.downloads/cache/metadata-1271.htm
07-05 12:59:32.473   545 26756 I DownloadManager: in removeSpuriousFiles, preserving file /data/data/com.android.providers.downloads/cache/metadata-800.htm
07-05 12:59:32.473   545 26756 I DownloadManager: in removeSpuriousFiles, preserving file /data/data/com.android.providers.downloads/cache/metadata-944.htm
07-05 12:59:32.473   545 26756 I DownloadManager: in removeSpuriousFiles, preserving file /data/data/com.android.providers.downloads/cache/metadata-1154.htm
07-05 12:59:32.473   545 26756 I DownloadManager: in removeSpuriousFiles, preserving file /data/data/com.android.providers.downloads/cache/metadata-718.htm
07-05 12:59:32.473   545 26756 I DownloadManager: in removeSpuriousFiles, preserving file /data/data/com.android.providers.downloads/cache/metadata-2059.htm
07-05 12:59:32.473   545 26756 I DownloadManager: in removeSpuriousFiles, preserving file /data/data/com.android.providers.downloads/cache/metadata-1332.htm
07-05 12:59:32.473   545 26756 I DownloadManager: in removeSpuriousFiles, preserving file /data/data/com.android.providers.downloads/cache/metadata-2536.htm
07-05 12:59:32.477   545 26756 I DownloadManager: in removeSpuriousFiles, preserving file /data/data/com.android.providers.downloads/cache/metadata-315.htm
07-05 12:59:32.477   545 26756 I DownloadManager: in removeSpuriousFiles, preserving file /data/data/com.android.providers.downloads/cache/metadata-510.htm
07-05 12:59:32.477   545 26756 I DownloadManager: in removeSpuriousFiles, preserving file /data/data/com.android.providers.downloads/cache/metadata-654.htm
