07-05 15:11:53.040   545   548 D dalvikvm: GC_CONCURRENT freed 797K, 13% free 10434K/11975K, paused 2ms+2ms
07-05 15:11:53.317   545   548 D dalvikvm: GC_CONCURRENT freed 405K, 14% free 10416K/11975K, paused 2ms+2ms
07-05 15:11:53.559   545 22703 I DownloadManager: Initiating request for download 6463
07-05 15:11:53.622   545   548 D dalvikvm: GC_CONCURRENT freed 367K, 13% free 10448K/11975K, paused 2ms+3ms
07-05 15:11:53.743   545   548 D dalvikvm: GC_CONCURRENT freed 170K, 11% free 10674K/11975K, paused 2ms+3ms
07-05 15:11:53.880   545   548 D dalvikvm: GC_CONCURRENT freed 398K, 11% free 10700K/11975K, paused 2ms+3ms
07-05 15:11:54.040  1370 22705 E DictionaryProvider:UpdateHandler: Can't read a file : android.util.MalformedJsonException: Use JsonReader.setLenient(true) to accept malformed JSON at line 1 column 20
07-05 15:11:54.227   545   548 D dalvikvm: GC_CONCURRENT freed 694K, 13% free 10439K/11975K, paused 2ms+3ms
07-05 15:11:54.505   545   548 D dalvikvm: GC_CONCURRENT freed 408K, 14% free 10415K/11975K, paused 2ms+3ms
07-05 15:11:54.669   545 22708 I DownloadManager: Initiating request for download 6463
07-05 15:11:54.813   545   548 D dalvikvm: GC_CONCURRENT freed 266K, 12% free 10552K/11975K, paused 2ms+2ms
07-05 15:11:54.926   545   548 D dalvikvm: GC_CONCURRENT freed 260K, 11% free 10702K/11975K, paused 2ms+3ms
07-05 15:11:55.075   545   548 D dalvikvm: GC_CONCURRENT freed 660K, 13% free 10475K/11975K, paused 2ms+2ms
07-05 15:11:55.376   545   548 D dalvikvm: GC_CONCURRENT freed 425K, 13% free 10434K/11975K, paused 2ms+2ms
07-05 15:11:55.661   545   548 D dalvikvm: GC_CONCURRENT freed 405K, 14% free 10413K/11975K, paused 1ms+3ms
07-05 15:11:55.809   545 22711 I DownloadManager: Initiating request for download 6464
07-05 15:11:55.934   545   548 D dalvikvm: GC_CONCURRENT freed 196K, 12% free 10603K/11975K, paused 2ms+3ms
07-05 15:11:56.055   545   548 D dalvikvm: GC_CONCURRENT freed 270K, 11% free 10757K/11975K, paused 1ms+3ms
07-05 15:11:56.286   545   548 D dalvikvm: GC_CONCURRENT freed 741K, 13% free 10468K/11975K, paused 2ms+2ms
07-05 15:11:56.348  1370 22713 E DictionaryProvider:UpdateHandler: Can't read a file : android.util.MalformedJsonException: Use JsonReader.setLenient(true) to accept malformed JSON at line 1 column 20
07-05 15:11:56.591   545   548 D dalvikvm: GC_CONCURRENT freed 417K, 13% free 10435K/11975K, paused 2ms+3ms
07-05 15:11:56.872   545   548 D dalvikvm: GC_CONCURRENT freed 409K, 14% free 10413K/11975K, paused 2ms+3ms
07-05 15:11:56.919   545 22716 I DownloadManager: Initiating request for download 6464
07-05 15:11:57.028   545   548 D dalvikvm: GC_CONCURRENT freed 175K, 12% free 10653K/11975K, paused 2ms+3ms
07-05 15:11:57.153   545   548 D dalvikvm: GC_CONCURRENT freed 280K, 10% free 10803K/11975K, paused 2ms+2ms
07-05 15:11:57.462   545   548 D dalvikvm: GC_CONCURRENT freed 831K, 13% free 10438K/11975K, paused 2ms+2ms
07-05 15:11:57.727   545   548 D dalvikvm: GC_CONCURRENT freed 402K, 13% free 10421K/11975K, paused 2ms+2ms
07-05 15:11:57.919   545 22719 I DownloadManager: Initiating request for download 6465
07-05 15:11:58.001   545   548 D dalvikvm: GC_CONCURRENT freed 295K, 13% free 10519K/11975K, paused 2ms+2ms
07-05 15:11:58.118   545   548 D dalvikvm: GC_CONCURRENT freed 212K, 11% free 10708K/11975K, paused 2ms+4ms
07-05 15:11:58.266   545   548 D dalvikvm: GC_CONCURRENT freed 662K, 13% free 10483K/11975K, paused 2ms+2ms
07-05 15:11:58.419  1370 22721 E DictionaryProvider:UpdateHandler: Can't read a file : android.util.MalformedJsonException: Use JsonReader.setLenient(true) to accept malformed JSON at line 1 column 20
07-05 15:11:58.587   545   548 D dalvikvm: GC_CONCURRENT freed 423K, 13% free 10447K/11975K, paused 2ms+3ms
07-05 15:11:58.872   545   548 D dalvikvm: GC_CONCURRENT freed 410K, 13% free 10421K/11975K, paused 2ms+2ms
07-05 15:11:59.009   545 22724 I DownloadManager: Initiating request for download 6465
07-05 15:11:59.091   545   548 D dalvikvm: GC_CONCURRENT freed 238K, 12% free 10574K/11975K, paused 2ms+2ms
07-05 15:11:59.212   545   548 D dalvikvm: GC_CONCURRENT freed 260K, 11% free 10738K/11975K, paused 2ms+3ms
07-05 15:11:59.403   545   548 D dalvikvm: GC_CONCURRENT freed 700K, 13% free 10483K/11975K, paused 3ms+2ms
07-05 15:11:59.692   545   548 D dalvikvm: GC_CONCURRENT freed 431K, 13% free 10436K/11975K, paused 2ms+2ms
07-05 15:11:59.973   545   548 D dalvikvm: GC_CONCURRENT freed 404K, 14% free 10418K/11975K, paused 2ms+3ms
07-05 15:12:00.102   545 22727 I DownloadManager: Initiating request for download 6466
07-05 15:12:00.219   545   548 D dalvikvm: GC_CONCURRENT freed 189K, 12% free 10628K/11975K, paused 2ms+6ms
07-05 15:12:00.333   545   548 D dalvikvm: GC_CONCURRENT freed 268K, 11% free 10772K/11975K, paused 2ms+3ms
07-05 15:12:00.520  1370 22729 E DictionaryProvider:UpdateHandler: Can't read a file : android.util.MalformedJsonException: Use JsonReader.setLenient(true) to accept malformed JSON at line 1 column 20
07-05 15:12:00.540 19707 19720 I PhoneLab-: Service Running
07-05 15:12:00.634 19707 19710 D dalvikvm: GC_CONCURRENT freed 900K, 19% free 9133K/11143K, paused 4ms+3ms
07-05 15:12:00.637 21284 21287 D dalvikvm: GC_CONCURRENT freed 443K, 6% free 9171K/9735K, paused 2ms+7ms
07-05 15:12:00.661  1370  1372 D dalvikvm: GC_CONCURRENT freed 389K, 7% free 9128K/9735K, paused 1ms+1ms
07-05 15:12:00.680 19707 19720 I PhoneLab-LoggerService: app_49    1247  1     1956   1584  c00f181c 400107b4 S logcat
07-05 15:12:00.680 19707 19720 I PhoneLab-LoggerService: Logcat pid from database 1247
07-05 15:12:00.680 19707 19720 I PhoneLab-LoggerService: Logcat process found 1247
07-05 15:12:00.680 19707 19720 I PhoneLab-LoggerService: Checking Threshold
07-05 15:12:00.684 19707 19720 I PhoneLab-LoggerService: Starting to rename files
07-05 15:12:00.688 19707 19720 I PhoneLab-LoggerService: Files found .. 60
07-05 15:12:00.688 19707 19720 I PhoneLab-LoggerService: File 1 log.out.1
07-05 15:12:00.696 19707 19720 I PhoneLab-LoggerService: Renamed successfully
07-05 15:12:00.755   545   548 D dalvikvm: GC_CONCURRENT freed 773K, 13% free 10459K/11975K, paused 2ms+3ms
07-05 15:12:01.044   545   548 D dalvikvm: GC_CONCURRENT freed 415K, 13% free 10430K/11975K, paused 2ms+2ms
07-05 15:12:01.325   545   548 D dalvikvm: GC_CONCURRENT freed 397K, 14% free 10416K/11975K, paused 2ms+2ms
07-05 15:12:01.348   545 22733 I DownloadManager: Initiating request for download 6466
07-05 15:12:01.458   545   548 D dalvikvm: GC_CONCURRENT freed 142K, 11% free 10662K/11975K, paused 2ms+3ms
07-05 15:12:01.583   545   548 D dalvikvm: GC_CONCURRENT freed 368K, 11% free 10713K/11975K, paused 2ms+2ms
07-05 15:12:01.856   545   548 D dalvikvm: GC_CONCURRENT freed 702K, 13% free 10448K/11975K, paused 2ms+2ms
07-05 15:12:02.134   545   548 D dalvikvm: GC_CONCURRENT freed 403K, 13% free 10430K/11975K, paused 2ms+3ms
07-05 15:12:02.360   545 22736 I DownloadManager: Initiating request for download 6467
07-05 15:12:02.430   545   548 D dalvikvm: GC_CONCURRENT freed 336K, 13% free 10481K/11975K, paused 2ms+4ms
07-05 15:12:02.563   545   548 D dalvikvm: GC_CONCURRENT freed 177K, 11% free 10692K/11975K, paused 2ms+2ms
07-05 15:12:02.692   545   548 D dalvikvm: GC_CONCURRENT freed 416K, 11% free 10716K/11975K, paused 2ms+2ms
07-05 15:12:02.825  1370 22738 E DictionaryProvider:UpdateHandler: Can't read a file : android.util.MalformedJsonException: Use JsonReader.setLenient(true) to accept malformed JSON at line 1 column 20
07-05 15:12:03.036   545   548 D dalvikvm: GC_CONCURRENT freed 706K, 13% free 10451K/11975K, paused 2ms+3ms
07-05 15:12:03.313   545   548 D dalvikvm: GC_CONCURRENT freed 410K, 13% free 10425K/11975K, paused 2ms+2ms
07-05 15:12:03.462   545 22741 I DownloadManager: Initiating request for download 6467
07-05 15:12:03.536   545   548 D dalvikvm: GC_CONCURRENT freed 238K, 12% free 10577K/11975K, paused 2ms+2ms
07-05 15:12:03.665   545   548 D dalvikvm: GC_CONCURRENT freed 257K, 11% free 10738K/11975K, paused 2ms+3ms
07-05 15:12:03.860   545   548 D dalvikvm: GC_CONCURRENT freed 729K, 13% free 10454K/11975K, paused 2ms+2ms
07-05 15:12:04.153   545   548 D dalvikvm: GC_CONCURRENT freed 398K, 13% free 10444K/11975K, paused 2ms+2ms
07-05 15:12:04.434   545   548 D dalvikvm: GC_CONCURRENT freed 404K, 13% free 10424K/11975K, paused 1ms+2ms
07-05 15:12:04.536   545 22744 I DownloadManager: Initiating request for download 6468
07-05 15:12:04.645   545   548 D dalvikvm: GC_CONCURRENT freed 197K, 12% free 10629K/11975K, paused 3ms+2ms
07-05 15:12:04.770   545   548 D dalvikvm: GC_CONCURRENT freed 271K, 10% free 10785K/11975K, paused 1ms+3ms
07-05 15:12:04.946  1370 22746 E DictionaryProvider:UpdateHandler: Can't read a file : android.util.MalformedJsonException: Use JsonReader.setLenient(true) to accept malformed JSON at line 1 column 20
07-05 15:12:05.055   545   548 D dalvikvm: GC_CONCURRENT freed 788K, 13% free 10457K/11975K, paused 2ms+3ms
07-05 15:12:05.321   545   548 D dalvikvm: GC_CONCURRENT freed 406K, 13% free 10435K/11975K, paused 2ms+3ms
07-05 15:12:05.622   545   548 D dalvikvm: GC_CONCURRENT freed 397K, 13% free 10423K/11975K, paused 2ms+3ms
07-05 15:12:05.649   545 22749 I DownloadManager: Initiating request for download 6468
07-05 15:12:05.762   545   548 D dalvikvm: GC_CONCURRENT freed 159K, 11% free 10674K/11975K, paused 2ms+3ms
07-05 15:12:05.887   545   548 D dalvikvm: GC_CONCURRENT freed 379K, 11% free 10720K/11975K, paused 2ms+3ms
07-05 15:12:06.180   545   548 D dalvikvm: GC_CONCURRENT freed 708K, 13% free 10451K/11975K, paused 2ms+2ms
07-05 15:12:06.458   545   548 D dalvikvm: GC_CONCURRENT freed 402K, 13% free 10437K/11975K, paused 2ms+2ms
07-05 15:12:06.661   545 22752 I DownloadManager: Initiating request for download 6469
07-05 15:12:06.735   545   548 D dalvikvm: GC_CONCURRENT freed 321K, 13% free 10528K/11975K, paused 3ms+4ms
07-05 15:12:06.844   156   168 D dalvikvm: GC_EXPLICIT freed 583K, 16% free 13896K/16391K, paused 4ms+6ms
07-05 15:12:06.934   545   548 D dalvikvm: GC_CONCURRENT freed 206K, 11% free 10716K/11975K, paused 2ms+3ms
07-05 15:12:07.083   545   548 D dalvikvm: GC_CONCURRENT freed 672K, 13% free 10482K/11975K, paused 2ms+3ms
07-05 15:12:07.219  1370 22754 E DictionaryProvider:UpdateHandler: Can't read a file : android.util.MalformedJsonException: Use JsonReader.setLenient(true) to accept malformed JSON at line 1 column 20
07-05 15:12:07.415   545   548 D dalvikvm: GC_CONCURRENT freed 422K, 13% free 10445K/11975K, paused 2ms+3ms
07-05 15:12:07.700   545   548 D dalvikvm: GC_CONCURRENT freed 415K, 14% free 10417K/11975K, paused 1ms+3ms
07-05 15:12:07.923   545 22757 D dalvikvm: GC_EXPLICIT freed 229K, 13% free 10462K/11975K, paused 2ms+10ms
07-05 15:12:07.926   545 22757 I DownloadManager: Initiating request for download 6469
07-05 15:12:08.051   545   548 D dalvikvm: GC_CONCURRENT freed 174K, 11% free 10675K/11975K, paused 2ms+3ms
07-05 15:12:08.161   545   548 D dalvikvm: GC_CONCURRENT freed 396K, 11% free 10705K/11975K, paused 2ms+2ms
07-05 15:12:08.458   545   548 D dalvikvm: GC_CONCURRENT freed 702K, 13% free 10441K/11975K, paused 2ms+3ms
07-05 15:12:08.743   545   548 D dalvikvm: GC_CONCURRENT freed 408K, 13% free 10420K/11975K, paused 2ms+2ms
07-05 15:12:08.930   545 22760 I DownloadManager: Initiating request for download 6470
07-05 15:12:09.016   545   548 D dalvikvm: GC_CONCURRENT freed 278K, 12% free 10562K/11975K, paused 2ms+3ms
07-05 15:12:09.141   545   548 D dalvikvm: GC_CONCURRENT freed 249K, 11% free 10730K/11975K, paused 2ms+5ms
07-05 15:12:09.317   545   548 D dalvikvm: GC_CONCURRENT freed 688K, 13% free 10483K/11975K, paused 2ms+2ms
07-05 15:12:09.419  1370 22762 E DictionaryProvider:UpdateHandler: Can't read a file : android.util.MalformedJsonException: Use JsonReader.setLenient(true) to accept malformed JSON at line 1 column 20
07-05 15:12:09.497  1370  1372 D dalvikvm: GC_CONCURRENT freed 387K, 7% free 9128K/9735K, paused 2ms+2ms
07-05 15:12:09.676   545   548 D dalvikvm: GC_CONCURRENT freed 426K, 13% free 10442K/11975K, paused 2ms+3ms
07-05 15:12:09.954   545   548 D dalvikvm: GC_CONCURRENT freed 408K, 14% free 10418K/11975K, paused 2ms+3ms
07-05 15:12:10.063   545 22765 I DownloadManager: Initiating request for download 6470
07-05 15:12:10.176   545   548 D dalvikvm: GC_CONCURRENT freed 223K, 12% free 10611K/11975K, paused 2ms+3ms
07-05 15:12:10.294   545   548 D dalvikvm: GC_CONCURRENT freed 272K, 11% free 10751K/11975K, paused 2ms+2ms
07-05 15:12:10.493   545   548 D dalvikvm: GC_CONCURRENT freed 717K, 13% free 10482K/11975K, paused 2ms+3ms
07-05 15:12:10.805   545   548 D dalvikvm: GC_CONCURRENT freed 432K, 13% free 10438K/11975K, paused 2ms+3ms
07-05 15:12:11.075   545   548 D dalvikvm: GC_CONCURRENT freed 411K, 14% free 10415K/11975K, paused 2ms+2ms
07-05 15:12:11.161   545 22768 I DownloadManager: Initiating request for download 6471
07-05 15:12:11.290   545   548 D dalvikvm: GC_CONCURRENT freed 161K, 12% free 10648K/11975K, paused 2ms+3ms
07-05 15:12:11.411   545   548 D dalvikvm: GC_CONCURRENT freed 269K, 10% free 10798K/11975K, paused 2ms+3ms
07-05 15:12:11.676   545   548 D dalvikvm: GC_CONCURRENT freed 785K, 13% free 10480K/11975K, paused 2ms+2ms
07-05 15:12:11.954   545   548 D dalvikvm: GC_CONCURRENT freed 400K, 13% free 10463K/11975K, paused 2ms+2ms
07-05 15:12:13.755   545   548 D dalvikvm: GC_CONCURRENT freed 388K, 13% free 10460K/11975K, paused 2ms+2ms
07-05 15:12:13.798  1370 22770 E DictionaryProvider:UpdateHandler: Can't read a file : android.util.MalformedJsonException: Use JsonReader.setLenient(true) to accept malformed JSON at line 1 column 20
07-05 15:12:14.075   545   548 D dalvikvm: GC_CONCURRENT freed 401K, 13% free 10443K/11975K, paused 2ms+3ms
07-05 15:12:14.344   545   548 D dalvikvm: GC_CONCURRENT freed 403K, 13% free 10423K/11975K, paused 2ms+2ms
07-05 15:12:14.501   545 22773 I DownloadManager: Initiating request for download 6471
07-05 15:12:14.505   545 22773 W DownloadManager: Aborting request for download 6471: Trying to resume a download that can't be resumed
07-05 15:12:14.727   545   548 D dalvikvm: GC_CONCURRENT freed 358K, 13% free 10453K/11975K, paused 2ms+3ms
07-05 15:12:15.001   545   548 D dalvikvm: GC_CONCURRENT freed 406K, 13% free 10434K/11975K, paused 2ms+3ms
07-05 15:12:15.278   545   548 D dalvikvm: GC_CONCURRENT freed 396K, 13% free 10422K/11975K, paused 2ms+3ms
07-05 15:12:15.419   545 22776 I DownloadManager: Initiating request for download 6472
07-05 15:12:15.512   545   548 D dalvikvm: GC_CONCURRENT freed 203K, 12% free 10608K/11975K, paused 2ms+2ms
07-05 15:12:15.641   545   548 D dalvikvm: GC_CONCURRENT freed 265K, 11% free 10760K/11975K, paused 2ms+2ms
07-05 15:12:15.852   545   548 D dalvikvm: GC_CONCURRENT freed 758K, 13% free 10454K/11975K, paused 2ms+3ms
07-05 15:12:15.895  1370 22778 E DictionaryProvider:UpdateHandler: Can't read a file : android.util.MalformedJsonException: Use JsonReader.setLenient(true) to accept malformed JSON at line 1 column 20
07-05 15:12:16.169   545   548 D dalvikvm: GC_CONCURRENT freed 400K, 13% free 10439K/11975K, paused 2ms+2ms
07-05 15:12:16.454   545   548 D dalvikvm: GC_CONCURRENT freed 403K, 13% free 10421K/11975K, paused 2ms+2ms
07-05 15:12:16.520   545 22781 I DownloadManager: Initiating request for download 6472
07-05 15:12:16.618   545   548 D dalvikvm: GC_CONCURRENT freed 180K, 12% free 10639K/11975K, paused 2ms+2ms
07-05 15:12:16.747   545   548 D dalvikvm: GC_CONCURRENT freed 264K, 10% free 10798K/11975K, paused 2ms+3ms
07-05 15:12:17.024   545   548 D dalvikvm: GC_CONCURRENT freed 816K, 13% free 10448K/11975K, paused 1ms+3ms
07-05 15:12:17.301   545   548 D dalvikvm: GC_CONCURRENT freed 403K, 13% free 10429K/11975K, paused 2ms+2ms
07-05 15:12:17.548   545 22784 I DownloadManager: Initiating request for download 6473
07-05 15:12:17.610   545   548 D dalvikvm: GC_CONCURRENT freed 360K, 13% free 10456K/11975K, paused 3ms+3ms
07-05 15:12:17.743   545   548 D dalvikvm: GC_CONCURRENT freed 167K, 11% free 10684K/11975K, paused 2ms+2ms
07-05 15:12:17.876   545   548 D dalvikvm: GC_CONCURRENT freed 393K, 11% free 10718K/11975K, paused 2ms+3ms
07-05 15:12:18.036  1370 22786 E DictionaryProvider:UpdateHandler: Can't read a file : android.util.MalformedJsonException: Use JsonReader.setLenient(true) to accept malformed JSON at line 1 column 20
07-05 15:12:18.204   545   548 D dalvikvm: GC_CONCURRENT freed 703K, 13% free 10453K/11975K, paused 2ms+2ms
07-05 15:12:18.481   545   548 D dalvikvm: GC_CONCURRENT freed 411K, 13% free 10429K/11975K, paused 2ms+3ms
07-05 15:12:18.657   545 22789 I DownloadManager: Initiating request for download 6473
07-05 15:12:18.735   545   548 D dalvikvm: GC_CONCURRENT freed 304K, 13% free 10515K/11975K, paused 2ms+3ms
07-05 15:12:18.856   545   548 D dalvikvm: GC_CONCURRENT freed 199K, 11% free 10713K/11975K, paused 2ms+4ms
07-05 15:12:19.001   545   548 D dalvikvm: GC_CONCURRENT freed 432K, 11% free 10718K/11975K, paused 2ms+2ms
07-05 15:12:19.321   545   548 D dalvikvm: GC_CONCURRENT freed 715K, 13% free 10445K/11975K, paused 1ms+3ms
07-05 15:12:19.602   545   548 D dalvikvm: GC_CONCURRENT freed 402K, 13% free 10427K/11975K, paused 2ms+3ms
07-05 15:12:19.751   545 22792 I DownloadManager: Initiating request for download 6474
07-05 15:12:19.852   545   548 D dalvikvm: GC_CONCURRENT freed 217K, 12% free 10614K/11975K, paused 2ms+3ms
07-05 15:12:19.973   545   548 D dalvikvm: GC_CONCURRENT freed 259K, 11% free 10761K/11975K, paused 2ms+2ms
07-05 15:12:20.169   545   548 D dalvikvm: GC_CONCURRENT freed 755K, 13% free 10459K/11975K, paused 2ms+2ms
07-05 15:12:20.219  1370 22794 E DictionaryProvider:UpdateHandler: Can't read a file : android.util.MalformedJsonException: Use JsonReader.setLenient(true) to accept malformed JSON at line 1 column 20
07-05 15:12:20.286  1370  1372 D dalvikvm: GC_CONCURRENT freed 391K, 7% free 9128K/9735K, paused 2ms+2ms
07-05 15:12:20.516   545   548 D dalvikvm: GC_CONCURRENT freed 396K, 13% free 10447K/11975K, paused 2ms+3ms
07-05 15:12:20.794   545   548 D dalvikvm: GC_CONCURRENT freed 406K, 13% free 10428K/11975K, paused 2ms+2ms
07-05 15:12:20.864   545 22797 I DownloadManager: Initiating request for download 6474
07-05 15:12:20.977   545   548 D dalvikvm: GC_CONCURRENT freed 197K, 12% free 10647K/11975K, paused 2ms+3ms
07-05 15:12:21.098   545   548 D dalvikvm: GC_CONCURRENT freed 271K, 10% free 10796K/11975K, paused 2ms+3ms
07-05 15:12:21.364   545   548 D dalvikvm: GC_CONCURRENT freed 806K, 13% free 10454K/11975K, paused 2ms+3ms
07-05 15:12:21.653   545   548 D dalvikvm: GC_CONCURRENT freed 402K, 13% free 10436K/11975K, paused 2ms+2ms
07-05 15:12:21.895   545 22800 I DownloadManager: Initiating request for download 6475
07-05 15:12:21.958   545   548 D dalvikvm: GC_CONCURRENT freed 382K, 13% free 10464K/11975K, paused 3ms+3ms
07-05 15:12:22.087   545   548 D dalvikvm: GC_CONCURRENT freed 163K, 11% free 10690K/11975K, paused 2ms+3ms
07-05 15:12:22.219   545   548 D dalvikvm: GC_CONCURRENT freed 395K, 11% free 10725K/11975K, paused 1ms+3ms
07-05 15:12:22.368  1370 22802 E DictionaryProvider:UpdateHandler: Can't read a file : android.util.MalformedJsonException: Use JsonReader.setLenient(true) to accept malformed JSON at line 1 column 20
07-05 15:12:22.442  1370  1381 D dalvikvm: GC_EXPLICIT freed 130K, 7% free 9098K/9735K, paused 2ms+4ms
07-05 15:12:22.579   545   548 D dalvikvm: GC_CONCURRENT freed 707K, 13% free 10458K/11975K, paused 2ms+3ms
07-05 15:12:22.860   545   548 D dalvikvm: GC_CONCURRENT freed 407K, 13% free 10435K/11975K, paused 2ms+3ms
07-05 15:12:23.032   545 22805 I DownloadManager: Initiating request for download 6475
07-05 15:12:23.106   545   548 D dalvikvm: GC_CONCURRENT freed 301K, 13% free 10526K/11975K, paused 2ms+3ms
07-05 15:12:23.223   545   548 D dalvikvm: GC_CONCURRENT freed 203K, 11% free 10718K/11975K, paused 2ms+3ms
07-05 15:12:23.356   545   548 D dalvikvm: GC_CONCURRENT freed 437K, 11% free 10725K/11975K, paused 2ms+2ms
07-05 15:12:23.684   545   548 D dalvikvm: GC_CONCURRENT freed 714K, 13% free 10453K/11975K, paused 2ms+2ms
07-05 15:12:23.962   545   548 D dalvikvm: GC_CONCURRENT freed 408K, 13% free 10432K/11975K, paused 2ms+2ms
07-05 15:12:24.091   545 22808 I DownloadManager: Initiating request for download 6476
07-05 15:12:24.192   545   548 D dalvikvm: GC_CONCURRENT freed 208K, 12% free 10619K/11975K, paused 2ms+2ms
07-05 15:12:24.317   545   548 D dalvikvm: GC_CONCURRENT freed 282K, 10% free 10780K/11975K, paused 2ms+3ms
07-05 15:12:24.509  1370 22810 E DictionaryProvider:UpdateHandler: Can't read a file : android.util.MalformedJsonException: Use JsonReader.setLenient(true) to accept malformed JSON at line 1 column 20
07-05 15:12:24.587   545   548 D dalvikvm: GC_CONCURRENT freed 771K, 13% free 10475K/11975K, paused 1ms+2ms
07-05 15:12:24.864   545   548 D dalvikvm: GC_CONCURRENT freed 416K, 13% free 10445K/11975K, paused 2ms+2ms
07-05 15:12:25.141   545   548 D dalvikvm: GC_CONCURRENT freed 401K, 13% free 10431K/11975K, paused 2ms+2ms
07-05 15:12:25.188   545 22813 I DownloadManager: Initiating request for download 6476
07-05 15:12:25.298   545   548 D dalvikvm: GC_CONCURRENT freed 164K, 11% free 10663K/11975K, paused 2ms+3ms
07-05 15:12:25.419   545   548 D dalvikvm: GC_CONCURRENT freed 270K, 10% free 10816K/11975K, paused 2ms+3ms
07-05 15:12:25.692   545   548 D dalvikvm: GC_CONCURRENT freed 795K, 13% free 10495K/11975K, paused 2ms+2ms
07-05 15:12:25.969   545   548 D dalvikvm: GC_CONCURRENT freed 402K, 13% free 10478K/11975K, paused 2ms+3ms
07-05 15:12:26.587   545 22815 I DownloadManager: Initiating request for download 6477
07-05 15:12:26.657   545   548 D dalvikvm: GC_CONCURRENT freed 339K, 13% free 10527K/11975K, paused 3ms+3ms
07-05 15:12:26.778   545   548 D dalvikvm: GC_CONCURRENT freed 218K, 11% free 10711K/11975K, paused 2ms+3ms
07-05 15:12:26.934   545   548 D dalvikvm: GC_CONCURRENT freed 415K, 11% free 10733K/11975K, paused 2ms+2ms
07-05 15:12:27.091  1370 22818 E DictionaryProvider:UpdateHandler: Can't read a file : android.util.MalformedJsonException: Use JsonReader.setLenient(true) to accept malformed JSON at line 1 column 20
07-05 15:12:27.290   545   548 D dalvikvm: GC_CONCURRENT freed 711K, 13% free 10464K/11975K, paused 2ms+2ms
07-05 15:12:27.356   156   167 D AlarmManagerService: Kernel timezone updated to 240 minutes west of GMT
07-05 15:12:27.438   156   530 D dalvikvm: GC_EXPLICIT freed 545K, 16% free 13894K/16391K, paused 2ms+7ms
07-05 15:12:27.665   545   548 D dalvikvm: GC_CONCURRENT freed 408K, 13% free 10441K/11975K, paused 2ms+3ms
07-05 15:12:27.817   545 22821 I DownloadManager: Initiating request for download 6477
07-05 15:12:27.903   545   548 D dalvikvm: GC_CONCURRENT freed 280K, 12% free 10579K/11975K, paused 2ms+2ms
07-05 15:12:28.020   545   548 D dalvikvm: GC_CONCURRENT freed 241K, 11% free 10732K/11975K, paused 2ms+3ms
07-05 15:12:28.184   545   548 D dalvikvm: GC_CONCURRENT freed 687K, 13% free 10488K/11975K, paused 2ms+3ms
07-05 15:12:28.481   545   548 D dalvikvm: GC_CONCURRENT freed 428K, 13% free 10444K/11975K, paused 2ms+2ms
07-05 15:12:28.762   545   548 D dalvikvm: GC_CONCURRENT freed 408K, 13% free 10424K/11975K, paused 2ms+3ms
07-05 15:12:28.903   545 22824 I DownloadManager: Initiating request for download 6478
07-05 15:12:28.985   545   548 D dalvikvm: GC_CONCURRENT freed 215K, 12% free 10609K/11975K, paused 2ms+3ms
07-05 15:12:29.110   545   548 D dalvikvm: GC_CONCURRENT freed 262K, 11% free 10758K/11975K, paused 2ms+2ms
07-05 15:12:29.313   545   548 D dalvikvm: GC_CONCURRENT freed 730K, 13% free 10482K/11975K, paused 1ms+2ms
07-05 15:12:29.372  1370 22826 E DictionaryProvider:UpdateHandler: Can't read a file : android.util.MalformedJsonException: Use JsonReader.setLenient(true) to accept malformed JSON at line 1 column 20
07-05 15:12:29.434   465   467 D dalvikvm: GC_CONCURRENT freed 535K, 9% free 11236K/12231K, paused 2ms+4ms
07-05 15:12:29.665   545   548 D dalvikvm: GC_CONCURRENT freed 421K, 13% free 10447K/11975K, paused 2ms+3ms
07-05 15:12:29.942   545   548 D dalvikvm: GC_CONCURRENT freed 407K, 13% free 10424K/11975K, paused 3ms+3ms
07-05 15:12:30.036   545 22829 I DownloadManager: Initiating request for download 6478
07-05 15:12:30.126   545   548 D dalvikvm: GC_CONCURRENT freed 186K, 12% free 10625K/11975K, paused 2ms+3ms
07-05 15:12:30.251   545   548 D dalvikvm: GC_CONCURRENT freed 260K, 11% free 10777K/11975K, paused 2ms+2ms
07-05 15:12:30.501   545   548 D dalvikvm: GC_CONCURRENT freed 783K, 13% free 10452K/11975K, paused 2ms+3ms
07-05 15:12:30.790   545   548 D dalvikvm: GC_CONCURRENT freed 407K, 13% free 10433K/11975K, paused 2ms+2ms
07-05 15:12:31.067   545   548 D dalvikvm: GC_CONCURRENT freed 397K, 13% free 10424K/11975K, paused 2ms+3ms
07-05 15:12:31.134   545 22832 I DownloadManager: Initiating request for download 6479
07-05 15:12:31.251   545   548 D dalvikvm: GC_CONCURRENT freed 154K, 11% free 10659K/11975K, paused 2ms+2ms
07-05 15:12:31.376   545   548 D dalvikvm: GC_CONCURRENT freed 278K, 10% free 10810K/11975K, paused 2ms+3ms
07-05 15:12:31.555  1370 22834 E DictionaryProvider:UpdateHandler: Can't read a file : android.util.MalformedJsonException: Use JsonReader.setLenient(true) to accept malformed JSON at line 1 column 20
07-05 15:12:31.622  1370  1372 D dalvikvm: GC_CONCURRENT freed 332K, 6% free 9153K/9735K, paused 2ms+2ms
07-05 15:12:31.716   545   548 D dalvikvm: GC_CONCURRENT freed 822K, 13% free 10457K/11975K, paused 2ms+3ms
07-05 15:12:31.993   545   548 D dalvikvm: GC_CONCURRENT freed 409K, 13% free 10433K/11975K, paused 2ms+2ms
07-05 15:12:32.212   545 22837 I DownloadManager: Initiating request for download 6479
07-05 15:12:32.274   545   548 D dalvikvm: GC_CONCURRENT freed 362K, 13% free 10479K/11975K, paused 2ms+3ms
07-05 15:12:32.403   545   548 D dalvikvm: GC_CONCURRENT freed 181K, 11% free 10699K/11975K, paused 2ms+3ms
07-05 15:12:32.528   545   548 D dalvikvm: GC_CONCURRENT freed 412K, 11% free 10722K/11975K, paused 2ms+3ms
07-05 15:12:32.841   545   548 D dalvikvm: GC_CONCURRENT freed 715K, 13% free 10448K/11975K, paused 2ms+2ms
07-05 15:12:33.118   545   548 D dalvikvm: GC_CONCURRENT freed 405K, 13% free 10429K/11975K, paused 1ms+2ms
07-05 15:12:33.282   545 22840 I DownloadManager: Initiating request for download 6480
07-05 15:12:33.368   545   548 D dalvikvm: GC_CONCURRENT freed 249K, 12% free 10568K/11975K, paused 2ms+3ms
07-05 15:12:33.489   545   548 D dalvikvm: GC_CONCURRENT freed 230K, 11% free 10731K/11975K, paused 2ms+2ms
07-05 15:12:33.641   545   548 D dalvikvm: GC_CONCURRENT freed 678K, 13% free 10495K/11975K, paused 2ms+3ms
07-05 15:12:33.759  1370 22842 E DictionaryProvider:UpdateHandler: Can't read a file : android.util.MalformedJsonException: Use JsonReader.setLenient(true) to accept malformed JSON at line 1 column 20
07-05 15:12:33.981   545   548 D dalvikvm: GC_CONCURRENT freed 426K, 13% free 10455K/11975K, paused 1ms+3ms
07-05 15:12:34.259   545   548 D dalvikvm: GC_CONCURRENT freed 409K, 13% free 10431K/11975K, paused 2ms+3ms
07-05 15:12:34.399   545 22845 I DownloadManager: Initiating request for download 6480
07-05 15:12:34.473   545   548 D dalvikvm: GC_CONCURRENT freed 230K, 12% free 10594K/11975K, paused 2ms+3ms
07-05 15:12:34.594   545   548 D dalvikvm: GC_CONCURRENT freed 250K, 11% free 10744K/11975K, paused 1ms+3ms
07-05 15:12:34.762   545   548 D dalvikvm: GC_CONCURRENT freed 696K, 13% free 10495K/11975K, paused 1ms+2ms
07-05 15:12:35.059   545   548 D dalvikvm: GC_CONCURRENT freed 431K, 13% free 10449K/11975K, paused 2ms+2ms
07-05 15:12:35.337   545   548 D dalvikvm: GC_CONCURRENT freed 403K, 13% free 10431K/11975K, paused 2ms+3ms
07-05 15:12:35.497   545 22848 I DownloadManager: Initiating request for download 6481
07-05 15:12:35.606   545   548 D dalvikvm: GC_CONCURRENT freed 218K, 12% free 10629K/11975K, paused 2ms+2ms
07-05 15:12:35.731   545   548 D dalvikvm: GC_CONCURRENT freed 271K, 10% free 10785K/11975K, paused 2ms+2ms
07-05 15:12:35.954   545   548 D dalvikvm: GC_CONCURRENT freed 758K, 13% free 10487K/11975K, paused 2ms+2ms
07-05 15:12:36.024  1370 22850 E DictionaryProvider:UpdateHandler: Can't read a file : android.util.MalformedJsonException: Use JsonReader.setLenient(true) to accept malformed JSON at line 1 column 20
07-05 15:12:36.270   545   548 D dalvikvm: GC_CONCURRENT freed 419K, 13% free 10454K/11975K, paused 2ms+2ms
07-05 15:12:36.551   545   548 D dalvikvm: GC_CONCURRENT freed 407K, 13% free 10431K/11975K, paused 1ms+4ms
07-05 15:12:36.614   545 22853 I DownloadManager: Initiating request for download 6481
07-05 15:12:36.716   545   548 D dalvikvm: GC_CONCURRENT freed 173K, 12% free 10658K/11975K, paused 2ms+2ms
07-05 15:12:36.844   545   548 D dalvikvm: GC_CONCURRENT freed 269K, 10% free 10816K/11975K, paused 2ms+3ms
07-05 15:12:37.137   545   548 D dalvikvm: GC_CONCURRENT freed 832K, 13% free 10458K/11975K, paused 2ms+3ms
07-05 15:12:37.426   545   548 D dalvikvm: GC_CONCURRENT freed 404K, 13% free 10439K/11975K, paused 2ms+2ms
07-05 15:12:38.673   545 22856 I DownloadManager: Initiating request for download 6482
07-05 15:12:38.739   545   548 D dalvikvm: GC_CONCURRENT freed 368K, 13% free 10481K/11975K, paused 2ms+2ms
07-05 15:12:38.860   545   548 D dalvikvm: GC_CONCURRENT freed 173K, 11% free 10701K/11975K, paused 2ms+2ms
07-05 15:12:38.993   545   548 D dalvikvm: GC_CONCURRENT freed 402K, 11% free 10733K/11975K, paused 2ms+2ms
07-05 15:12:39.157  1370 22858 E DictionaryProvider:UpdateHandler: Can't read a file : android.util.MalformedJsonException: Use JsonReader.setLenient(true) to accept malformed JSON at line 1 column 20
07-05 15:12:39.337   545   548 D dalvikvm: GC_CONCURRENT freed 715K, 13% free 10463K/11975K, paused 2ms+3ms
07-05 15:12:39.622   545   548 D dalvikvm: GC_CONCURRENT freed 410K, 13% free 10438K/11975K, paused 2ms+2ms
07-05 15:12:39.786   545 22861 I DownloadManager: Initiating request for download 6482
07-05 15:12:39.860   545   548 D dalvikvm: GC_CONCURRENT freed 282K, 12% free 10567K/11975K, paused 2ms+4ms
07-05 15:12:39.981   545   548 D dalvikvm: GC_CONCURRENT freed 226K, 11% free 10736K/11975K, paused 2ms+3ms
07-05 15:12:40.137   545   548 D dalvikvm: GC_CONCURRENT freed 679K, 13% free 10501K/11975K, paused 2ms+2ms
07-05 15:12:40.434   545   548 D dalvikvm: GC_CONCURRENT freed 429K, 13% free 10457K/11975K, paused 2ms+3ms
07-05 15:12:40.719   545   548 D dalvikvm: GC_CONCURRENT freed 403K, 13% free 10437K/11975K, paused 2ms+2ms
07-05 15:12:40.880   545 22864 I DownloadManager: Initiating request for download 6483
07-05 15:12:40.969   545   548 D dalvikvm: GC_CONCURRENT freed 227K, 12% free 10605K/11975K, paused 3ms+3ms
07-05 15:12:41.102   545   548 D dalvikvm: GC_CONCURRENT freed 265K, 11% free 10760K/11975K, paused 2ms+2ms
07-05 15:12:41.278   545 22864 D dalvikvm: GC_EXPLICIT freed 659K, 13% free 10519K/11975K, paused 2ms+4ms
07-05 15:12:41.395  1370 22866 E DictionaryProvider:UpdateHandler: Can't read a file : android.util.MalformedJsonException: Use JsonReader.setLenient(true) to accept malformed JSON at line 1 column 20
07-05 15:12:41.591   545   548 D dalvikvm: GC_CONCURRENT freed 441K, 13% free 10466K/11975K, paused 2ms+2ms
07-05 15:12:41.868   545   548 D dalvikvm: GC_CONCURRENT freed 411K, 13% free 10439K/11975K, paused 2ms+2ms
07-05 15:12:41.989   545 22869 I DownloadManager: Initiating request for download 6483
07-05 15:12:42.071   545   548 D dalvikvm: GC_CONCURRENT freed 229K, 12% free 10622K/11975K, paused 2ms+3ms
07-05 15:12:42.196   545   548 D dalvikvm: GC_CONCURRENT freed 264K, 11% free 10775K/11975K, paused 2ms+3ms
07-05 15:12:42.407   545   548 D dalvikvm: GC_CONCURRENT freed 737K, 13% free 10495K/11975K, paused 2ms+2ms
07-05 15:12:42.704   545   548 D dalvikvm: GC_CONCURRENT freed 425K, 13% free 10456K/11975K, paused 2ms+4ms
07-05 15:12:42.997   545   548 D dalvikvm: GC_CONCURRENT freed 404K, 13% free 10437K/11975K, paused 2ms+3ms
07-05 15:12:43.098   545 22872 I DownloadManager: Initiating request for download 6484
07-05 15:12:43.192   545   548 D dalvikvm: GC_CONCURRENT freed 179K, 12% free 10650K/11975K, paused 2ms+2ms
07-05 15:12:43.317   545   548 D dalvikvm: GC_CONCURRENT freed 274K, 10% free 10809K/11975K, paused 2ms+3ms
07-05 15:12:43.509  1370 22874 E DictionaryProvider:UpdateHandler: Can't read a file : android.util.MalformedJsonException: Use JsonReader.setLenient(true) to accept malformed JSON at line 1 column 20
07-05 15:12:43.551  1370  1372 D dalvikvm: GC_CONCURRENT freed 470K, 7% free 9141K/9735K, paused 1ms+2ms
07-05 15:12:43.637   545   548 D dalvikvm: GC_CONCURRENT freed 806K, 13% free 10473K/11975K, paused 2ms+3ms
07-05 15:12:43.930   545   548 D dalvikvm: GC_CONCURRENT freed 411K, 13% free 10449K/11975K, paused 2ms+2ms
07-05 15:12:44.208   545   548 D dalvikvm: GC_CONCURRENT freed 397K, 13% free 10435K/11975K, paused 2ms+3ms
07-05 15:12:44.243   545 22877 I DownloadManager: Initiating request for download 6484
07-05 15:12:44.352   545   548 D dalvikvm: GC_CONCURRENT freed 156K, 11% free 10688K/11975K, paused 2ms+2ms
07-05 15:12:44.481   545   548 D dalvikvm: GC_CONCURRENT freed 376K, 11% free 10742K/11975K, paused 2ms+3ms
07-05 15:12:44.766   545   548 D dalvikvm: GC_CONCURRENT freed 720K, 13% free 10468K/11975K, paused 2ms+3ms
07-05 15:12:45.051   545   548 D dalvikvm: GC_CONCURRENT freed 403K, 13% free 10449K/11975K, paused 1ms+2ms
07-05 15:12:45.286   545 22880 I DownloadManager: Initiating request for download 6485
07-05 15:12:45.356   545   548 D dalvikvm: GC_CONCURRENT freed 359K, 13% free 10513K/11975K, paused 3ms+3ms
07-05 15:12:45.481   545   548 D dalvikvm: GC_CONCURRENT freed 191K, 11% free 10725K/11975K, paused 2ms+2ms
07-05 15:12:45.634   545   548 D dalvikvm: GC_CONCURRENT freed 424K, 11% free 10744K/11975K, paused 2ms+3ms
07-05 15:12:45.790  1370 22882 E DictionaryProvider:UpdateHandler: Can't read a file : android.util.MalformedJsonException: Use JsonReader.setLenient(true) to accept malformed JSON at line 1 column 20
07-05 15:12:46.001   545   548 D dalvikvm: GC_CONCURRENT freed 721K, 13% free 10474K/11975K, paused 2ms+3ms
07-05 15:12:46.278   545   548 D dalvikvm: GC_CONCURRENT freed 412K, 13% free 10446K/11975K, paused 2ms+2ms
07-05 15:12:46.423   545 22885 I DownloadManager: Initiating request for download 6485
07-05 15:12:46.512   545   548 D dalvikvm: GC_CONCURRENT freed 246K, 12% free 10604K/11975K, paused 2ms+3ms
07-05 15:12:46.634   545   548 D dalvikvm: GC_CONCURRENT freed 248K, 11% free 10759K/11975K, paused 2ms+3ms
07-05 15:12:46.798   545   548 D dalvikvm: GC_CONCURRENT freed 701K, 13% free 10510K/11975K, paused 2ms+2ms
07-05 15:12:46.934   156   530 D dalvikvm: GC_EXPLICIT freed 527K, 16% free 13891K/16391K, paused 2ms+6ms
07-05 15:12:47.173   545   548 D dalvikvm: GC_CONCURRENT freed 429K, 13% free 10465K/11975K, paused 2ms+3ms
07-05 15:12:47.450   545   548 D dalvikvm: GC_CONCURRENT freed 419K, 13% free 10430K/11975K, paused 2ms+2ms
07-05 15:12:47.594   545 22888 I DownloadManager: Initiating request for download 6486
07-05 15:12:47.688   545   548 D dalvikvm: GC_CONCURRENT freed 216K, 12% free 10618K/11975K, paused 2ms+3ms
07-05 15:12:47.809   545   548 D dalvikvm: GC_CONCURRENT freed 260K, 11% free 10767K/11975K, paused 2ms+3ms
07-05 15:12:48.005   545   548 D dalvikvm: GC_CONCURRENT freed 758K, 13% free 10463K/11975K, paused 2ms+3ms
07-05 15:12:48.247  1370 22890 E DictionaryProvider:UpdateHandler: Can't read a file : android.util.MalformedJsonException: Use JsonReader.setLenient(true) to accept malformed JSON at line 1 column 20
07-05 15:12:48.313   545   548 D dalvikvm: GC_CONCURRENT freed 391K, 13% free 10457K/11975K, paused 2ms+3ms
07-05 15:12:48.598   545   548 D dalvikvm: GC_CONCURRENT freed 406K, 13% free 10437K/11975K, paused 2ms+2ms
07-05 15:12:48.692   545 22892 I DownloadManager: Initiating request for download 6486
07-05 15:12:48.778   545   548 D dalvikvm: GC_CONCURRENT freed 205K, 12% free 10639K/11975K, paused 2ms+3ms
07-05 15:12:48.868   545   548 D dalvikvm: GC_CONCURRENT freed 263K, 10% free 10792K/11975K, paused 2ms+3ms
07-05 15:12:49.188   545   548 D dalvikvm: GC_CONCURRENT freed 794K, 13% free 10462K/11975K, paused 2ms+4ms
07-05 15:12:49.481   545   548 D dalvikvm: GC_CONCURRENT freed 410K, 13% free 10440K/11975K, paused 2ms+2ms
07-05 15:12:49.770   545   548 D dalvikvm: GC_CONCURRENT freed 397K, 13% free 10429K/11975K, paused 2ms+2ms
07-05 15:12:49.841   545 22896 I DownloadManager: Initiating request for download 6487
07-05 15:12:49.950   545   548 D dalvikvm: GC_CONCURRENT freed 162K, 11% free 10664K/11975K, paused 2ms+2ms
07-05 15:12:50.063   545   548 D dalvikvm: GC_CONCURRENT freed 268K, 10% free 10817K/11975K, paused 1ms+3ms
07-05 15:12:50.239  1370 22898 E DictionaryProvider:UpdateHandler: Can't read a file : android.util.MalformedJsonException: Use JsonReader.setLenient(true) to accept malformed JSON at line 1 column 20
07-05 15:12:50.372   545   548 D dalvikvm: GC_CONCURRENT freed 821K, 13% free 10468K/11975K, paused 2ms+3ms
07-05 15:12:50.563 21284 21287 D dalvikvm: GC_CONCURRENT freed 443K, 6% free 9171K/9735K, paused 1ms+2ms
07-05 15:12:50.692   545   548 D dalvikvm: GC_CONCURRENT freed 410K, 13% free 10442K/11975K, paused 2ms+2ms
07-05 15:12:50.923   545 22902 I DownloadManager: Initiating request for download 6487
07-05 15:12:50.981   545   548 D dalvikvm: GC_CONCURRENT freed 400K, 13% free 10465K/11975K, paused 2ms+2ms
07-05 15:12:51.102   545   548 D dalvikvm: GC_CONCURRENT freed 160K, 11% free 10697K/11975K, paused 2ms+3ms
07-05 15:12:51.231   545   548 D dalvikvm: GC_CONCURRENT freed 400K, 11% free 10737K/11975K, paused 2ms+2ms
07-05 15:12:51.536   545   548 D dalvikvm: GC_CONCURRENT freed 723K, 13% free 10458K/11975K, paused 2ms+3ms
07-05 15:12:51.813   545   548 D dalvikvm: GC_CONCURRENT freed 403K, 13% free 10439K/11975K, paused 2ms+3ms
07-05 15:12:52.020   545 22905 I DownloadManager: Initiating request for download 6488
07-05 15:12:52.102   545   548 D dalvikvm: GC_CONCURRENT freed 299K, 13% free 10538K/11975K, paused 3ms+2ms
07-05 15:12:52.219   545   548 D dalvikvm: GC_CONCURRENT freed 204K, 11% free 10726K/11975K, paused 2ms+2ms
07-05 15:12:52.344   545   548 D dalvikvm: GC_CONCURRENT freed 434K, 11% free 10736K/11975K, paused 2ms+2ms
07-05 15:12:52.493  1370 22907 E DictionaryProvider:UpdateHandler: Can't read a file : android.util.MalformedJsonException: Use JsonReader.setLenient(true) to accept malformed JSON at line 1 column 20
07-05 15:12:52.536  1370  1372 D dalvikvm: GC_CONCURRENT freed 399K, 7% free 9134K/9735K, paused 2ms+3ms
07-05 15:12:52.606   465 22908 D dalvikvm: GC_EXPLICIT freed 436K, 11% free 10993K/12231K, paused 2ms+3ms
07-05 15:12:52.762   545   548 D dalvikvm: GC_CONCURRENT freed 715K, 13% free 10467K/11975K, paused 2ms+3ms
07-05 15:12:53.044   545   548 D dalvikvm: GC_CONCURRENT freed 412K, 13% free 10439K/11975K, paused 2ms+2ms
07-05 15:12:53.184   545 22910 I DownloadManager: Initiating request for download 6488
07-05 15:12:53.266   545   548 D dalvikvm: GC_CONCURRENT freed 247K, 12% free 10613K/11975K, paused 2ms+3ms
07-05 15:12:53.387   545   548 D dalvikvm: GC_CONCURRENT freed 257K, 11% free 10763K/11975K, paused 2ms+2ms
07-05 15:12:53.563   545   548 D dalvikvm: GC_CONCURRENT freed 715K, 13% free 10502K/11975K, paused 2ms+2ms
07-05 15:12:53.856   545   548 D dalvikvm: GC_CONCURRENT freed 431K, 13% free 10456K/11975K, paused 2ms+2ms
07-05 15:12:54.134   545   548 D dalvikvm: GC_CONCURRENT freed 402K, 13% free 10439K/11975K, paused 1ms+2ms
07-05 15:12:54.270   545 22913 I DownloadManager: Initiating request for download 6489
07-05 15:12:54.364   545   548 D dalvikvm: GC_CONCURRENT freed 193K, 12% free 10633K/11975K, paused 2ms+2ms
07-05 15:12:54.485   545   548 D dalvikvm: GC_CONCURRENT freed 264K, 10% free 10784K/11975K, paused 2ms+3ms
07-05 15:12:54.696   545   548 D dalvikvm: GC_CONCURRENT freed 774K, 13% free 10472K/11975K, paused 2ms+3ms
07-05 15:12:54.735  1370 22915 E DictionaryProvider:UpdateHandler: Can't read a file : android.util.MalformedJsonException: Use JsonReader.setLenient(true) to accept malformed JSON at line 1 column 20
07-05 15:12:55.024   545   548 D dalvikvm: GC_CONCURRENT freed 400K, 13% free 10459K/11975K, paused 2ms+2ms
07-05 15:12:55.301   545   548 D dalvikvm: GC_CONCURRENT freed 405K, 13% free 10440K/11975K, paused 2ms+2ms
07-05 15:12:55.387   545 22918 I DownloadManager: Initiating request for download 6489
07-05 15:12:55.485   545   548 D dalvikvm: GC_CONCURRENT freed 181K, 12% free 10647K/11975K, paused 2ms+2ms
07-05 15:12:55.614   545   548 D dalvikvm: GC_CONCURRENT freed 265K, 10% free 10799K/11975K, paused 2ms+4ms
07-05 15:12:55.856   545   548 D dalvikvm: GC_CONCURRENT freed 794K, 13% free 10470K/11975K, paused 2ms+3ms
07-05 15:12:56.141   545   548 D dalvikvm: GC_CONCURRENT freed 406K, 13% free 10449K/11975K, paused 2ms+3ms
07-05 15:12:56.442   545   548 D dalvikvm: GC_CONCURRENT freed 401K, 13% free 10436K/11975K, paused 2ms+3ms
07-05 15:12:56.516   545 22921 I DownloadManager: Initiating request for download 6490
07-05 15:12:56.634   545   548 D dalvikvm: GC_CONCURRENT freed 171K, 11% free 10681K/11975K, paused 2ms+3ms
07-05 15:12:56.759   545   548 D dalvikvm: GC_CONCURRENT freed 278K, 10% free 10831K/11975K, paused 2ms+3ms
07-05 15:12:56.950  1370 22923 E DictionaryProvider:UpdateHandler: Can't read a file : android.util.MalformedJsonException: Use JsonReader.setLenient(true) to accept malformed JSON at line 1 column 20
07-05 15:12:57.075   545   548 D dalvikvm: GC_CONCURRENT freed 833K, 13% free 10475K/11975K, paused 2ms+2ms
07-05 15:12:57.352   545   548 D dalvikvm: GC_CONCURRENT freed 410K, 13% free 10449K/11975K, paused 2ms+3ms
07-05 15:12:57.587   545 22926 I DownloadManager: Initiating request for download 6490
07-05 15:12:57.649   545   548 D dalvikvm: GC_CONCURRENT freed 373K, 13% free 10468K/11975K, paused 2ms+3ms
07-05 15:12:57.829   545   548 D dalvikvm: GC_CONCURRENT freed 168K, 11% free 10688K/11975K, paused 2ms+4ms
07-05 15:12:57.962   545   548 D dalvikvm: GC_CONCURRENT freed 285K, 10% free 10831K/11975K, paused 2ms+3ms
07-05 15:12:58.255   545   548 D dalvikvm: GC_CONCURRENT freed 840K, 13% free 10467K/11975K, paused 2ms+3ms
07-05 15:12:58.540   545   548 D dalvikvm: GC_CONCURRENT freed 408K, 13% free 10447K/11975K, paused 2ms+3ms
07-05 15:12:58.731   545 22929 I DownloadManager: Initiating request for download 6491
07-05 15:12:58.887   545   548 D dalvikvm: GC_CONCURRENT freed 316K, 13% free 10517K/11975K, paused 2ms+2ms
07-05 15:12:59.001   545   548 D dalvikvm: GC_CONCURRENT freed 201K, 11% free 10701K/11975K, paused 2ms+2ms
07-05 15:12:59.122   545   548 D dalvikvm: GC_CONCURRENT freed 406K, 11% free 10742K/11975K, paused 2ms+3ms
07-05 15:12:59.294  1370 22931 E DictionaryProvider:UpdateHandler: Can't read a file : android.util.MalformedJsonException: Use JsonReader.setLenient(true) to accept malformed JSON at line 1 column 20
07-05 15:12:59.446   545   548 D dalvikvm: GC_CONCURRENT freed 715K, 13% free 10477K/11975K, paused 2ms+3ms
07-05 15:12:59.727   545   548 D dalvikvm: GC_CONCURRENT freed 412K, 13% free 10450K/11975K, paused 2ms+3ms
07-05 15:12:59.876   545 22934 I DownloadManager: Initiating request for download 6491
07-05 15:12:59.958   545   548 D dalvikvm: GC_CONCURRENT freed 246K, 12% free 10594K/11975K, paused 2ms+3ms
07-05 15:13:00.102   545   548 D dalvikvm: GC_CONCURRENT freed 240K, 11% free 10760K/11975K, paused 2ms+3ms
07-05 15:13:00.255   545   548 D dalvikvm: GC_CONCURRENT freed 699K, 13% free 10513K/11975K, paused 2ms+3ms
07-05 15:13:00.555   545   548 D dalvikvm: GC_CONCURRENT freed 431K, 13% free 10466K/11975K, paused 2ms+3ms
07-05 15:13:00.841   545   548 D dalvikvm: GC_CONCURRENT freed 407K, 13% free 10446K/11975K, paused 2ms+3ms
07-05 15:13:00.993   545 22937 I DownloadManager: Initiating request for download 6492
07-05 15:13:01.079   545   548 D dalvikvm: GC_CONCURRENT freed 226K, 12% free 10631K/11975K, paused 2ms+2ms
07-05 15:13:01.204   545   548 D dalvikvm: GC_CONCURRENT freed 264K, 10% free 10784K/11975K, paused 2ms+2ms
07-05 15:13:01.399   545   548 D dalvikvm: GC_CONCURRENT freed 730K, 13% free 10513K/11975K, paused 2ms+3ms
07-05 15:13:01.477  1370 22939 E DictionaryProvider:UpdateHandler: Can't read a file : android.util.MalformedJsonException: Use JsonReader.setLenient(true) to accept malformed JSON at line 1 column 20
07-05 15:13:01.520  1370  1372 D dalvikvm: GC_CONCURRENT freed 393K, 7% free 9128K/9735K, paused 2ms+2ms
07-05 15:13:01.755   545   548 D dalvikvm: GC_CONCURRENT freed 428K, 13% free 10471K/11975K, paused 2ms+3ms
07-05 15:13:02.048   545   548 D dalvikvm: GC_CONCURRENT freed 407K, 13% free 10449K/11975K, paused 1ms+3ms
07-05 15:13:02.153   545 22942 I DownloadManager: Initiating request for download 6492
07-05 15:13:02.239   545   548 D dalvikvm: GC_CONCURRENT freed 196K, 12% free 10642K/11975K, paused 3ms+3ms
07-05 15:13:02.368   545   548 D dalvikvm: GC_CONCURRENT freed 282K, 10% free 10808K/11975K, paused 1ms+3ms
07-05 15:13:02.587   545   548 D dalvikvm: GC_CONCURRENT freed 765K, 13% free 10510K/11975K, paused 2ms+2ms
07-05 15:13:02.864   545   548 D dalvikvm: GC_CONCURRENT freed 397K, 13% free 10499K/11975K, paused 2ms+3ms
07-05 15:13:03.141   545   548 D dalvikvm: GC_CONCURRENT freed 400K, 13% free 10484K/11975K, paused 2ms+3ms
07-05 15:13:03.880   545 22944 I DownloadManager: Initiating request for download 6493
07-05 15:13:04.009   545   548 D dalvikvm: GC_CONCURRENT freed 191K, 11% free 10686K/11975K, paused 2ms+3ms
07-05 15:13:04.137   545   548 D dalvikvm: GC_CONCURRENT freed 278K, 10% free 10837K/11975K, paused 2ms+2ms
07-05 15:13:04.333  1370 22947 E DictionaryProvider:UpdateHandler: Can't read a file : android.util.MalformedJsonException: Use JsonReader.setLenient(true) to accept malformed JSON at line 1 column 20
07-05 15:13:04.446   545   548 D dalvikvm: GC_CONCURRENT freed 832K, 13% free 10483K/11975K, paused 2ms+2ms
07-05 15:13:04.719   545   548 D dalvikvm: GC_CONCURRENT freed 409K, 13% free 10459K/11975K, paused 1ms+2ms
07-05 15:13:04.962   545 22950 I DownloadManager: Initiating request for download 6493
07-05 15:13:05.009   545   548 D dalvikvm: GC_CONCURRENT freed 389K, 13% free 10454K/11975K, paused 2ms+2ms
07-05 15:13:05.134   545   548 D dalvikvm: GC_CONCURRENT freed 142K, 11% free 10702K/11975K, paused 2ms+3ms
07-05 15:13:05.259   545   548 D dalvikvm: GC_CONCURRENT freed 292K, 10% free 10858K/11975K, paused 2ms+2ms
07-05 15:13:05.563   545   548 D dalvikvm: GC_CONCURRENT freed 865K, 13% free 10476K/11975K, paused 2ms+2ms
07-05 15:13:05.844   545   548 D dalvikvm: GC_CONCURRENT freed 404K, 13% free 10458K/11975K, paused 2ms+2ms
07-05 15:13:06.063   545 22953 I DownloadManager: Initiating request for download 6494
07-05 15:13:06.130   545   548 D dalvikvm: GC_CONCURRENT freed 318K, 13% free 10530K/11975K, paused 2ms+2ms
07-05 15:13:06.251   545   548 D dalvikvm: GC_CONCURRENT freed 203K, 11% free 10743K/11975K, paused 2ms+3ms
07-05 15:13:06.395   545   548 D dalvikvm: GC_CONCURRENT freed 438K, 11% free 10755K/11975K, paused 2ms+3ms
07-05 15:13:06.505   156   168 D dalvikvm: GC_EXPLICIT freed 568K, 16% free 13897K/16391K, paused 4ms+5ms
07-05 15:13:06.630  1370 22955 E DictionaryProvider:UpdateHandler: Can't read a file : android.util.MalformedJsonException: Use JsonReader.setLenient(true) to accept malformed JSON at line 1 column 20
07-05 15:13:06.837   545   548 D dalvikvm: GC_CONCURRENT freed 727K, 13% free 10480K/11975K, paused 2ms+4ms
07-05 15:13:07.122   545   548 D dalvikvm: GC_CONCURRENT freed 424K, 13% free 10442K/11975K, paused 2ms+2ms
07-05 15:13:07.259   545 22958 I DownloadManager: Initiating request for download 6494
07-05 15:13:07.337   545   548 D dalvikvm: GC_CONCURRENT freed 239K, 12% free 10611K/11975K, paused 2ms+2ms
07-05 15:13:07.462   545   548 D dalvikvm: GC_CONCURRENT freed 259K, 11% free 10763K/11975K, paused 2ms+3ms
07-05 15:13:07.641   545   548 D dalvikvm: GC_CONCURRENT freed 713K, 13% free 10504K/11975K, paused 1ms+2ms
07-05 15:13:07.930   545   548 D dalvikvm: GC_CONCURRENT freed 428K, 13% free 10460K/11975K, paused 1ms+3ms
07-05 15:13:08.208   545   548 D dalvikvm: GC_CONCURRENT freed 406K, 13% free 10440K/11975K, paused 2ms+3ms
07-05 15:13:08.352   545 22961 I DownloadManager: Initiating request for download 6495
07-05 15:13:08.450   545   548 D dalvikvm: GC_CONCURRENT freed 207K, 12% free 10625K/11975K, paused 2ms+2ms
07-05 15:13:08.575   545   548 D dalvikvm: GC_CONCURRENT freed 270K, 10% free 10779K/11975K, paused 2ms+3ms
07-05 15:13:08.766   545   548 D dalvikvm: GC_CONCURRENT freed 731K, 13% free 10505K/11975K, paused 1ms+2ms
07-05 15:13:08.829  1370 22963 E DictionaryProvider:UpdateHandler: Can't read a file : android.util.MalformedJsonException: Use JsonReader.setLenient(true) to accept malformed JSON at line 1 column 20
07-05 15:13:09.087   545   548 D dalvikvm: GC_CONCURRENT freed 428K, 13% free 10463K/11975K, paused 2ms+2ms
07-05 15:13:09.364   545   548 D dalvikvm: GC_CONCURRENT freed 406K, 13% free 10442K/11975K, paused 2ms+2ms
07-05 15:13:09.466   545 22966 I DownloadManager: Initiating request for download 6495
07-05 15:13:09.563   545   548 D dalvikvm: GC_CONCURRENT freed 201K, 12% free 10635K/11975K, paused 1ms+3ms
07-05 15:13:09.688   545   548 D dalvikvm: GC_CONCURRENT freed 267K, 10% free 10783K/11975K, paused 2ms+2ms
07-05 15:13:09.884   545   548 D dalvikvm: GC_CONCURRENT freed 736K, 13% free 10507K/11975K, paused 2ms+3ms
07-05 15:13:10.169   545   548 D dalvikvm: GC_CONCURRENT freed 432K, 13% free 10459K/11975K, paused 2ms+2ms
07-05 15:13:10.446   545   548 D dalvikvm: GC_CONCURRENT freed 405K, 13% free 10439K/11975K, paused 1ms+2ms
07-05 15:13:10.575   545 22969 I DownloadManager: Initiating request for download 6496
07-05 15:13:10.680   545   548 D dalvikvm: GC_CONCURRENT freed 178K, 12% free 10650K/11975K, paused 2ms+2ms
07-05 15:13:10.805   545   548 D dalvikvm: GC_CONCURRENT freed 266K, 10% free 10801K/11975K, paused 2ms+2ms
07-05 15:13:11.028   545   548 D dalvikvm: GC_CONCURRENT freed 792K, 13% free 10474K/11975K, paused 2ms+2ms
07-05 15:13:11.118   545 20266 D dalvikvm: GC_EXPLICIT freed 17K, 13% free 10472K/11975K, paused 3ms+4ms
07-05 15:13:11.122  1370 22971 E DictionaryProvider:UpdateHandler: Can't read a file : android.util.MalformedJsonException: Use JsonReader.setLenient(true) to accept malformed JSON at line 1 column 20
07-05 15:13:11.165  1370  1372 D dalvikvm: GC_CONCURRENT freed 391K, 7% free 9127K/9735K, paused 1ms+3ms
07-05 15:13:11.434   545   548 D dalvikvm: GC_CONCURRENT freed 400K, 13% free 10461K/11975K, paused 2ms+2ms
07-05 15:13:11.786 22977 22977 D AndroidRuntime: 
07-05 15:13:11.786 22977 22977 D AndroidRuntime: >>>>>> AndroidRuntime START com.android.internal.os.RuntimeInit <<<<<<
07-05 15:13:11.786 22977 22977 D AndroidRuntime: CheckJNI is OFF
07-05 15:13:12.040 22977 22977 D AndroidRuntime: Calling main entry com.android.commands.pm.Pm
07-05 15:13:12.059   156   176 W ActivityManager: No content provider found for permission revoke: file:///data/local/tmp/WifiLogger.apk
07-05 15:13:12.067   156   176 W ActivityManager: No content provider found for permission revoke: file:///data/local/tmp/WifiLogger.apk
07-05 15:13:12.145   545   548 D dalvikvm: GC_CONCURRENT freed 404K, 13% free 10441K/11975K, paused 4ms+2ms
07-05 15:13:12.180   156   176 I PackageManager: Removing non-system package:com.phonelab.wifilogger
07-05 15:13:12.184   156   173 I ActivityManager: Force stopping package com.phonelab.wifilogger uid=10098
07-05 15:13:12.184   156   173 I ActivityManager: Killing proc 21284:com.phonelab.wifilogger/10098: force stop
07-05 15:13:12.184   156   173 I ActivityManager:   Force finishing activity ActivityRecord{41506630 com.phonelab.wifilogger/.MainActivity}
07-05 15:13:12.196   156   568 I WindowManager: WIN DEATH: Window{417d0028 com.phonelab.wifilogger/com.phonelab.wifilogger.MainActivity paused=true}
07-05 15:13:12.333   156   176 I PackageManager: Running dexopt on: com.phonelab.wifilogger
07-05 15:13:12.333   156   176 I PackageManager: Package com.phonelab.wifilogger codePath changed from /data/app/com.phonelab.wifilogger-2.apk to /data/app/com.phonelab.wifilogger-1.apk; Retaining data and using new
07-05 15:13:12.337   545 22988 I DownloadManager: Initiating request for download 6496
07-05 15:13:12.630 22990 22990 D dalvikvm: DexOpt: load 36ms, verify+opt 187ms
07-05 15:13:12.704   156   173 I ActivityManager: Force stopping package com.phonelab.wifilogger uid=10098
07-05 15:13:12.704   156   176 W PackageManager: Code path for pkg : com.phonelab.wifilogger changing from /data/app/com.phonelab.wifilogger-2.apk to /data/app/com.phonelab.wifilogger-1.apk
07-05 15:13:12.704   156   176 W PackageManager: Resource path for pkg : com.phonelab.wifilogger changing from /data/app/com.phonelab.wifilogger-2.apk to /data/app/com.phonelab.wifilogger-1.apk
07-05 15:13:12.723   545   548 D dalvikvm: GC_CONCURRENT freed 178K, 11% free 10673K/11975K, paused 2ms+3ms
07-05 15:13:12.864   545   548 D dalvikvm: GC_CONCURRENT freed 295K, 10% free 10813K/11975K, paused 2ms+3ms
07-05 15:13:13.094   545   548 D dalvikvm: GC_CONCURRENT freed 780K, 13% free 10503K/11975K, paused 2ms+3ms
07-05 15:13:13.372   545   548 D dalvikvm: GC_CONCURRENT freed 396K, 13% free 10490K/11975K, paused 2ms+2ms
07-05 15:13:13.676   156   176 D PackageManager: New package installed in /data/app/com.phonelab.wifilogger-1.apk
07-05 15:13:14.337   156   176 I ActivityManager: Force stopping package com.phonelab.wifilogger uid=10098
07-05 15:13:14.512   495   495 I RegisteredComponentCache: ComponentInfo: ResolveInfo{4138bce8 com.android.apps.tag.TagViewer p=0 o=0 m=0x108000}, techs: android.nfc.tech.Ndef, 
07-05 15:13:14.540   579   579 D dalvikvm: GC_EXPLICIT freed 298K, 5% free 9624K/10119K, paused 4ms+11ms
07-05 15:13:14.591   545 22991 I DownloadManager: Initiating request for download 6497
07-05 15:13:14.606   649   649 D dalvikvm: GC_EXPLICIT freed 1066K, 35% free 11329K/17287K, paused 4ms+107ms
07-05 15:13:14.618 21462 21462 D dalvikvm: GC_EXPLICIT freed 505K, 6% free 11920K/12551K, paused 5ms+113ms
07-05 15:13:14.637   156   172 D dalvikvm: GC_EXPLICIT freed 1008K, 15% free 13965K/16391K, paused 3ms+8ms
07-05 15:13:14.649   156   172 D PackageManager: generateServicesMap(android.accounts.AccountAuthenticator): 2 services unchanged
07-05 15:13:14.680   156   172 D PackageManager: generateServicesMap(android.content.SyncAdapter): 9 services unchanged
07-05 15:13:14.680   156   172 D BackupManagerService: Received broadcast Intent { act=android.intent.action.PACKAGE_REMOVED dat=package:com.phonelab.wifilogger flg=0x10000010 (has extras) }
07-05 15:13:14.700   495   495 I RegisteredComponentCache: ComponentInfo: ResolveInfo{41348288 com.android.apps.tag.TagViewer p=0 o=0 m=0x108000}, techs: android.nfc.tech.Ndef, 
07-05 15:13:14.700   156   172 D PackageManager: generateServicesMap(android.accounts.AccountAuthenticator): 2 services unchanged
07-05 15:13:14.708   156   172 D PackageManager: generateServicesMap(android.content.SyncAdapter): 9 services unchanged
07-05 15:13:14.723   156   172 W ResourceType: Failure getting entry for 0x7f060000 (t=5 e=0) in package 0 (error -75)
07-05 15:13:14.766   156   172 D BackupManagerService: Received broadcast Intent { act=android.intent.action.PACKAGE_ADDED dat=package:com.phonelab.wifilogger flg=0x10000010 (has extras) }
07-05 15:13:14.766   156   172 V BackupManagerService: updatePackageParticipantsLocked: #1
07-05 15:13:14.786   156   559 I ActivityManager: Start proc com.android.voicedialer for broadcast com.android.voicedialer/.VoiceDialerReceiver: pid=22994 uid=10005 gids={3002}
07-05 15:13:14.938   649   649 I Launcher: setLoadOnResume
07-05 15:13:15.016  1086  1088 D dalvikvm: GC_CONCURRENT freed 354K, 7% free 9343K/9991K, paused 1ms+3ms
07-05 15:13:15.044   156   167 I ActivityManager: Start proc com.google.android.partnersetup for broadcast com.google.android.partnersetup/.RlzPingBroadcastReceiver: pid=23008 uid=10015 gids={3003}
07-05 15:13:15.063   156   172 D BackupManagerService: Received broadcast Intent { act=android.intent.action.PACKAGE_REPLACED dat=package:com.phonelab.wifilogger flg=0x10000010 (has extras) }
07-05 15:13:15.063   156   172 V BackupManagerService: updatePackageParticipantsLocked: #1
07-05 15:13:15.126 23008 23008 I ActivityThread: Pub com.google.android.partnersetup.rlzprovider: com.google.android.partnersetup.RlzProvider
07-05 15:13:15.137 23008 23008 I ActivityThread: Pub com.google.android.partnersetup.rlzappprovider: com.google.android.partnersetup.RlzAppProvider
07-05 15:13:15.223   156   167 I ActivityManager: Start proc com.svox.pico for broadcast com.svox.pico/.VoiceDataInstallerReceiver: pid=23022 uid=10017 gids={1015}
07-05 15:13:15.266 23022 23022 I ActivityThread: Pub com.svox.pico.providers.SettingsProvider: com.svox.pico.providers.SettingsProvider
07-05 15:13:15.423   156   594 I ActivityManager: Start proc com.google.android.googlequicksearchbox for broadcast com.google.android.googlequicksearchbox/.SourceUpdateReceiver: pid=23036 uid=10013 gids={3003}
07-05 15:13:15.426   156   168 I ActivityManager: No longer want com.android.quicksearchbox (pid 19351): hidden #16
07-05 15:13:15.450 23036 23042 D dalvikvm: Debugger has detached; object registry had 1 entries
07-05 15:13:15.497 23036 23036 I ActivityThread: Pub com.google.android.googlequicksearchbox.shortcuts: com.google.android.googlequicksearchbox.WebHistoryProvider
07-05 15:13:15.509 23036 23036 I ActivityThread: Pub com.google.android.googlequicksearchbox.google: com.google.android.googlequicksearchbox.google.GoogleSuggestionProvider
07-05 15:13:15.520   545   548 D dalvikvm: GC_CONCURRENT freed 412K, 13% free 10485K/11975K, paused 2ms+5ms
07-05 15:13:15.551   156   168 I ActivityManager: Start proc com.android.quicksearchbox for broadcast com.android.quicksearchbox/.CorporaUpdateReceiver: pid=23050 uid=10072 gids={3003}
07-05 15:13:15.555   156   168 I ActivityManager: No longer want com.google.android.apps.uploader (pid 20251): hidden #16
07-05 15:13:15.606 23050 23050 I ActivityThread: Pub com.android.quicksearchbox.google: com.android.quicksearchbox.google.GoogleSuggestionProvider
07-05 15:13:15.649 23050 23050 I ActivityThread: Pub com.android.quicksearchbox.shortcuts: com.android.quicksearchbox.ShortcutsProvider
07-05 15:13:15.661   156   168 I ActivityManager: No longer want com.android.deskclock (pid 22638): hidden #16
07-05 15:13:15.673   414   414 V PhoneStatusBar: setLightsOn(true)
07-05 15:13:15.680   156   514 W InputManagerService: Window already focused, ignoring focus gain of: com.android.internal.view.IInputMethodClient$Stub$Proxy@4176f470
07-05 15:13:15.993   545   548 D dalvikvm: GC_CONCURRENT freed 171K, 11% free 10703K/11975K, paused 2ms+3ms
07-05 15:13:16.165   156   176 D dalvikvm: GC_EXPLICIT freed 1221K, 15% free 13977K/16391K, paused 38ms+26ms
07-05 15:13:16.173 22977 22977 D AndroidRuntime: Shutting down VM
07-05 15:13:16.180 22977 22981 D dalvikvm: GC_CONCURRENT freed 101K, 83% free 457K/2560K, paused 0ms+0ms
07-05 15:13:16.180 22977 22983 D jdwp    : Got wake-up signal, bailing out of select
07-05 15:13:16.180 22977 22983 D dalvikvm: Debugger has detached; object registry had 1 entries
07-05 15:13:16.184 22977 23066 I AndroidRuntime: NOTE: attach of thread 'Binder Thread #3' failed
07-05 15:13:16.243   545   548 D dalvikvm: GC_CONCURRENT freed 400K, 11% free 10745K/11975K, paused 2ms+3ms
07-05 15:13:16.579 23072 23072 D AndroidRuntime: 
07-05 15:13:16.579 23072 23072 D AndroidRuntime: >>>>>> AndroidRuntime START com.android.internal.os.RuntimeInit <<<<<<
07-05 15:13:16.579 23072 23072 D AndroidRuntime: CheckJNI is OFF
07-05 15:13:16.821 23072 23072 D AndroidRuntime: Calling main entry com.android.commands.am.Am
07-05 15:13:16.829   156   403 I ActivityManager: START {act=android.intent.action.MAIN cat=[android.intent.category.LAUNCHER] flg=0x10000000 cmp=com.phonelab.wifilogger/.MainActivity} from pid 23072
07-05 15:13:16.895 23072 23072 D AndroidRuntime: Shutting down VM
07-05 15:13:16.903 23072 23076 D dalvikvm: GC_CONCURRENT freed 102K, 81% free 487K/2560K, paused 0ms+1ms
07-05 15:13:16.907 23072 23078 D jdwp    : Got wake-up signal, bailing out of select
07-05 15:13:16.907 23072 23078 D dalvikvm: Debugger has detached; object registry had 1 entries
07-05 15:13:16.915 23072 23084 I AndroidRuntime: NOTE: attach of thread 'Binder Thread #3' failed
07-05 15:13:16.915 23083 23083 D dalvikvm: Late-enabling CheckJNI
07-05 15:13:16.934   156   576 I ActivityManager: Start proc com.phonelab.wifilogger for activity com.phonelab.wifilogger/.MainActivity: pid=23083 uid=10098 gids={1015}
07-05 15:13:16.958 23083 23090 D dalvikvm: Debugger has detached; object registry had 1 entries
07-05 15:13:17.044 23083 23083 D WifiLoggingService: onCreate
07-05 15:13:17.091 23083 23083 D libEGL  : loaded /system/lib/egl/libGLES_android.so
07-05 15:13:17.098 23083 23083 D libEGL  : loaded /vendor/lib/egl/libEGL_POWERVR_SGX540_120.so
07-05 15:13:17.106 23083 23083 D libEGL  : loaded /vendor/lib/egl/libGLESv1_CM_POWERVR_SGX540_120.so
07-05 15:13:17.118 23083 23083 D libEGL  : loaded /vendor/lib/egl/libGLESv2_POWERVR_SGX540_120.so
07-05 15:13:17.192 23083 23083 D OpenGLRenderer: Enabling debug mode 0
07-05 15:13:17.223   156   156 W InputManagerService: Starting input on non-focused client com.android.internal.view.IInputMethodClient$Stub$Proxy@4161e638 (uid=10056 pid=21357)
07-05 15:13:17.231   156   210 I ActivityManager: START {act=android.intent.action.MAIN cat=[android.intent.category.HOME] flg=0x10200000 cmp=com.android.launcher/com.android.launcher2.Launcher} from pid 156
07-05 15:13:17.298   156   205 I ActivityManager: Displayed com.phonelab.wifilogger/.MainActivity: +408ms
07-05 15:13:17.333   649   651 D dalvikvm: GC_CONCURRENT freed 457K, 34% free 11574K/17287K, paused 1ms+9ms
07-05 15:13:17.481 23083 23083 D OpenGLRenderer: Flushing caches (mode 1)
07-05 15:13:17.485 23083 23083 D OpenGLRenderer: Flushing caches (mode 0)
07-05 15:13:17.770  1370 23101 E DictionaryProvider:UpdateHandler: Can't read a file : android.util.MalformedJsonException: Use JsonReader.setLenient(true) to accept malformed JSON at line 1 column 20
07-05 15:13:18.005   156   512 I ActivityManager: No longer want com.android.settings (pid 21462): hidden #16
07-05 15:13:18.020   156   167 I WindowManager: WIN DEATH: Window{416476f0 com.android.settings/com.android.settings.Settings$ManageApplicationsActivity paused=false}
07-05 15:13:18.126   545   548 D dalvikvm: GC_CONCURRENT freed 724K, 13% free 10471K/11975K, paused 6ms+8ms
07-05 15:13:18.485   545   548 D dalvikvm: GC_CONCURRENT freed 411K, 13% free 10447K/11975K, paused 6ms+7ms
07-05 15:13:18.751   545 23104 I DownloadManager: Initiating request for download 6497
07-05 15:13:18.825   545   548 D dalvikvm: GC_CONCURRENT freed 347K, 12% free 10579K/11975K, paused 2ms+4ms
07-05 15:13:18.946   545   548 D dalvikvm: GC_CONCURRENT freed 244K, 11% free 10758K/11975K, paused 2ms+3ms
07-05 15:13:19.126   545   548 D dalvikvm: GC_CONCURRENT freed 707K, 13% free 10513K/11975K, paused 1ms+2ms
07-05 15:13:19.430   545   548 D dalvikvm: GC_CONCURRENT freed 438K, 13% free 10462K/11975K, paused 2ms+3ms
07-05 15:13:19.708   545   548 D dalvikvm: GC_CONCURRENT freed 404K, 13% free 10443K/11975K, paused 2ms+3ms
07-05 15:13:19.852   545 23107 I DownloadManager: Initiating request for download 6498
07-05 15:13:19.950   545   548 D dalvikvm: GC_CONCURRENT freed 224K, 12% free 10651K/11975K, paused 3ms+3ms
07-05 15:13:20.083   545   548 D dalvikvm: GC_CONCURRENT freed 299K, 10% free 10821K/11975K, paused 2ms+2ms
07-05 15:13:20.282  1370 23109 E DictionaryProvider:UpdateHandler: Can't read a file : android.util.MalformedJsonException: Use JsonReader.setLenient(true) to accept malformed JSON at line 1 column 20
07-05 15:13:20.364   545   548 D dalvikvm: GC_CONCURRENT freed 811K, 13% free 10486K/11975K, paused 2ms+4ms
07-05 15:13:20.548   156   172 I ActivityManager: No longer want com.android.providers.calendar (pid 22651): hidden #16
07-05 15:13:20.688   545   548 D dalvikvm: GC_CONCURRENT freed 418K, 13% free 10455K/11975K, paused 2ms+3ms
07-05 15:13:21.024   545   548 D dalvikvm: GC_CONCURRENT freed 399K, 13% free 10444K/11975K, paused 3ms+3ms
07-05 15:13:21.094   545 23112 I DownloadManager: Initiating request for download 6498
07-05 15:13:21.204   545   548 D dalvikvm: GC_CONCURRENT freed 185K, 11% free 10687K/11975K, paused 2ms+3ms
07-05 15:13:21.333   545   548 D dalvikvm: GC_CONCURRENT freed 295K, 10% free 10852K/11975K, paused 2ms+3ms
07-05 15:13:21.649   545   548 D dalvikvm: GC_CONCURRENT freed 865K, 13% free 10473K/11975K, paused 2ms+2ms
07-05 15:13:21.938   545   548 D dalvikvm: GC_CONCURRENT freed 407K, 13% free 10452K/11975K, paused 4ms+2ms
07-05 15:13:22.098   156   514 I ActivityManager: No longer want com.android.calendar (pid 22622): hidden #16
07-05 15:13:22.196   545 23115 I DownloadManager: Initiating request for download 6499
07-05 15:13:22.294   545   548 D dalvikvm: GC_CONCURRENT freed 336K, 12% free 10577K/11975K, paused 2ms+4ms
07-05 15:13:22.419   545   548 D dalvikvm: GC_CONCURRENT freed 242K, 11% free 10761K/11975K, paused 2ms+3ms
07-05 15:13:22.591   545   548 D dalvikvm: GC_CONCURRENT freed 702K, 13% free 10518K/11975K, paused 2ms+3ms
07-05 15:13:22.684  1370 23117 E DictionaryProvider:UpdateHandler: Can't read a file : android.util.MalformedJsonException: Use JsonReader.setLenient(true) to accept malformed JSON at line 1 column 20
07-05 15:13:22.923   545   548 D dalvikvm: GC_CONCURRENT freed 431K, 13% free 10474K/11975K, paused 2ms+2ms
07-05 15:13:23.204   545   548 D dalvikvm: GC_CONCURRENT freed 410K, 13% free 10451K/11975K, paused 2ms+3ms
07-05 15:13:23.360   545 23120 I DownloadManager: Initiating request for download 6499
07-05 15:13:23.466   545   548 D dalvikvm: GC_CONCURRENT freed 267K, 11% free 10660K/11975K, paused 2ms+3ms
07-05 15:13:23.591   545   548 D dalvikvm: GC_CONCURRENT freed 301K, 10% free 10822K/11975K, paused 2ms+3ms
07-05 15:13:23.844   545   548 D dalvikvm: GC_CONCURRENT freed 819K, 13% free 10478K/11975K, paused 1ms+3ms
07-05 15:13:24.126   545   548 D dalvikvm: GC_CONCURRENT freed 405K, 13% free 10459K/11975K, paused 2ms+3ms
07-05 15:13:24.407   545   548 D dalvikvm: GC_CONCURRENT freed 399K, 13% free 10446K/11975K, paused 2ms+3ms
07-05 15:13:24.473   545 23123 I DownloadManager: Initiating request for download 6500
07-05 15:13:24.591   545   548 D dalvikvm: GC_CONCURRENT freed 166K, 11% free 10695K/11975K, paused 2ms+3ms
07-05 15:13:24.719   545   548 D dalvikvm: GC_CONCURRENT freed 296K, 10% free 10860K/11975K, paused 2ms+3ms
07-05 15:13:24.895  1370 23125 E DictionaryProvider:UpdateHandler: Can't read a file : android.util.MalformedJsonException: Use JsonReader.setLenient(true) to accept malformed JSON at line 1 column 20
07-05 15:13:24.938  1370  1372 D dalvikvm: GC_CONCURRENT freed 384K, 7% free 9134K/9735K, paused 1ms+2ms
07-05 15:13:25.087   545   548 D dalvikvm: GC_CONCURRENT freed 868K, 13% free 10484K/11975K, paused 1ms+2ms
07-05 15:13:25.360   545   548 D dalvikvm: GC_CONCURRENT freed 413K, 13% free 10457K/11975K, paused 2ms+2ms
07-05 15:13:25.630   156   593 D dalvikvm: GC_EXPLICIT freed 726K, 16% free 13920K/16391K, paused 2ms+7ms
07-05 15:13:25.637   545 23128 I DownloadManager: Initiating request for download 6500
07-05 15:13:25.700   545   548 D dalvikvm: GC_CONCURRENT freed 345K, 13% free 10522K/11975K, paused 2ms+4ms
07-05 15:13:25.825   545   548 D dalvikvm: GC_CONCURRENT freed 200K, 11% free 10757K/11975K, paused 3ms+3ms
07-05 15:13:25.973   545   548 D dalvikvm: GC_CONCURRENT freed 474K, 11% free 10749K/11975K, paused 2ms+3ms
07-05 15:13:26.305   545   548 D dalvikvm: GC_CONCURRENT freed 736K, 13% free 10464K/11975K, paused 2ms+4ms
07-05 15:13:26.591   545   548 D dalvikvm: GC_CONCURRENT freed 406K, 13% free 10445K/11975K, paused 3ms+3ms
07-05 15:13:26.739   545 23131 I DownloadManager: Initiating request for download 6501
07-05 15:13:26.833   545   548 D dalvikvm: GC_CONCURRENT freed 227K, 12% free 10635K/11975K, paused 2ms+3ms
07-05 15:13:26.962   545   548 D dalvikvm: GC_CONCURRENT freed 294K, 10% free 10806K/11975K, paused 2ms+3ms
07-05 15:13:27.192  1370 23133 E DictionaryProvider:UpdateHandler: Can't read a file : android.util.MalformedJsonException: Use JsonReader.setLenient(true) to accept malformed JSON at line 1 column 20
07-05 15:13:27.262   545   548 D dalvikvm: GC_CONCURRENT freed 807K, 13% free 10489K/11975K, paused 2ms+3ms
07-05 15:13:27.540   545   548 D dalvikvm: GC_CONCURRENT freed 418K, 13% free 10458K/11975K, paused 2ms+2ms
07-05 15:13:27.817   545   548 D dalvikvm: GC_CONCURRENT freed 399K, 13% free 10444K/11975K, paused 2ms+3ms
07-05 15:13:27.880   545 23136 I DownloadManager: Initiating request for download 6501
07-05 15:13:27.981   545   548 D dalvikvm: GC_CONCURRENT freed 177K, 11% free 10681K/11975K, paused 2ms+2ms
07-05 15:13:28.110   545   548 D dalvikvm: GC_CONCURRENT freed 287K, 10% free 10867K/11975K, paused 2ms+3ms
07-05 15:13:28.426   545   548 D dalvikvm: GC_CONCURRENT freed 888K, 13% free 10472K/11975K, paused 2ms+2ms
07-05 15:13:28.700   545   548 D dalvikvm: GC_CONCURRENT freed 407K, 13% free 10451K/11975K, paused 2ms+2ms
07-05 15:13:28.915   545 23139 I DownloadManager: Initiating request for download 6502
07-05 15:13:28.993   545   548 D dalvikvm: GC_CONCURRENT freed 334K, 13% free 10511K/11975K, paused 3ms+3ms
07-05 15:13:29.122   545   548 D dalvikvm: GC_CONCURRENT freed 190K, 11% free 10741K/11975K, paused 2ms+2ms
07-05 15:13:29.266   545   548 D dalvikvm: GC_CONCURRENT freed 452K, 11% free 10755K/11975K, paused 2ms+2ms
07-05 15:13:29.407  1370 23141 E DictionaryProvider:UpdateHandler: Can't read a file : android.util.MalformedJsonException: Use JsonReader.setLenient(true) to accept malformed JSON at line 1 column 20
07-05 15:13:29.630   545   548 D dalvikvm: GC_CONCURRENT freed 729K, 13% free 10477K/11975K, paused 2ms+3ms
07-05 15:13:29.923   545   548 D dalvikvm: GC_CONCURRENT freed 412K, 13% free 10454K/11975K, paused 2ms+3ms
07-05 15:13:30.075   545 23144 I DownloadManager: Initiating request for download 6502
07-05 15:13:30.157   545   548 D dalvikvm: GC_CONCURRENT freed 266K, 12% free 10632K/11975K, paused 2ms+3ms
07-05 15:13:30.286   545   548 D dalvikvm: GC_CONCURRENT freed 279K, 10% free 10794K/11975K, paused 2ms+3ms
07-05 15:13:30.532 19287 19289 D dalvikvm: GC_CONCURRENT freed 385K, 6% free 9608K/10119K, paused 2ms+4ms
07-05 15:13:30.673 19287 19287 D Finsky  : [1] 5.onFinished: Installation state replication succeeded.
07-05 15:13:30.723   545   548 D dalvikvm: GC_CONCURRENT freed 781K, 13% free 10480K/11975K, paused 2ms+3ms
07-05 15:13:31.001   545   548 D dalvikvm: GC_CONCURRENT freed 402K, 13% free 10465K/11975K, paused 2ms+3ms
07-05 15:13:31.294   545   548 D dalvikvm: GC_CONCURRENT freed 401K, 13% free 10453K/11975K, paused 2ms+3ms
07-05 15:13:31.399   545 23147 I DownloadManager: Initiating request for download 6503
07-05 15:13:31.505   545   548 D dalvikvm: GC_CONCURRENT freed 201K, 11% free 10688K/11975K, paused 2ms+3ms
07-05 15:13:31.637   545   548 D dalvikvm: GC_CONCURRENT freed 312K, 10% free 10846K/11975K, paused 2ms+3ms
07-05 15:13:31.821  1370 23149 E DictionaryProvider:UpdateHandler: Can't read a file : android.util.MalformedJsonException: Use JsonReader.setLenient(true) to accept malformed JSON at line 1 column 20
07-05 15:13:31.962   545   548 D dalvikvm: GC_CONCURRENT freed 846K, 13% free 10483K/11975K, paused 1ms+3ms
07-05 15:13:32.274   545   548 D dalvikvm: GC_CONCURRENT freed 409K, 13% free 10465K/11975K, paused 2ms+2ms
07-05 15:13:32.505   545 23152 I DownloadManager: Initiating request for download 6503
07-05 15:13:32.567   545   548 D dalvikvm: GC_CONCURRENT freed 405K, 13% free 10493K/11975K, paused 2ms+3ms
07-05 15:13:32.692   545   548 D dalvikvm: GC_CONCURRENT freed 176K, 11% free 10761K/11975K, paused 2ms+3ms
07-05 15:13:32.841   545   548 D dalvikvm: GC_CONCURRENT freed 468K, 11% free 10760K/11975K, paused 2ms+3ms
07-05 15:13:33.173   545   548 D dalvikvm: GC_CONCURRENT freed 742K, 13% free 10474K/11975K, paused 2ms+3ms
07-05 15:13:33.438   545   548 D dalvikvm: GC_CONCURRENT freed 405K, 13% free 10455K/11975K, paused 2ms+2ms
07-05 15:13:33.606   545 23155 I DownloadManager: Initiating request for download 6504
07-05 15:13:33.700   545   548 D dalvikvm: GC_CONCURRENT freed 243K, 12% free 10636K/11975K, paused 2ms+3ms
07-05 15:13:33.829   545   548 D dalvikvm: GC_CONCURRENT freed 287K, 10% free 10802K/11975K, paused 2ms+3ms
07-05 15:13:34.040   545   548 D dalvikvm: GC_CONCURRENT freed 786K, 13% free 10487K/11975K, paused 2ms+2ms
07-05 15:13:34.317   545   548 D dalvikvm: GC_CONCURRENT freed 403K, 13% free 10474K/11975K, paused 2ms+2ms
07-05 15:13:34.598   545   548 D dalvikvm: GC_CONCURRENT freed 404K, 13% free 10459K/11975K, paused 2ms+3ms
07-05 15:13:34.723  1370 23157 E DictionaryProvider:UpdateHandler: Can't read a file : android.util.MalformedJsonException: Use JsonReader.setLenient(true) to accept malformed JSON at line 1 column 20
07-05 15:13:34.766  1370  1372 D dalvikvm: GC_CONCURRENT freed 393K, 7% free 9132K/9735K, paused 2ms+2ms
07-05 15:13:35.001   545   548 D dalvikvm: GC_CONCURRENT freed 352K, 13% free 10491K/11975K, paused 2ms+3ms
07-05 15:13:35.278   545   548 D dalvikvm: GC_CONCURRENT freed 412K, 13% free 10468K/11975K, paused 2ms+4ms
07-05 15:13:35.567   545   548 D dalvikvm: GC_CONCURRENT freed 397K, 13% free 10455K/11975K, paused 2ms+2ms
07-05 15:13:36.079   545   548 D dalvikvm: GC_CONCURRENT freed 362K, 13% free 10480K/11975K, paused 2ms+2ms
07-05 15:13:36.356   545   548 D dalvikvm: GC_CONCURRENT freed 407K, 13% free 10462K/11975K, paused 2ms+2ms
07-05 15:13:36.610   545 23160 I DownloadManager: Initiating request for download 6505
07-05 15:13:36.684   545   548 D dalvikvm: GC_CONCURRENT freed 384K, 13% free 10506K/11975K, paused 2ms+3ms
07-05 15:13:36.809   545   548 D dalvikvm: GC_CONCURRENT freed 180K, 11% free 10734K/11975K, paused 2ms+3ms
07-05 15:13:36.954   545   548 D dalvikvm: GC_CONCURRENT freed 427K, 10% free 10779K/11975K, paused 1ms+2ms
07-05 15:13:37.141  1370 23162 E DictionaryProvider:UpdateHandler: Can't read a file : android.util.MalformedJsonException: Use JsonReader.setLenient(true) to accept malformed JSON at line 1 column 20
07-05 15:13:37.329   545   548 D dalvikvm: GC_CONCURRENT freed 757K, 13% free 10486K/11975K, paused 2ms+2ms
07-05 15:13:37.618   545   548 D dalvikvm: GC_CONCURRENT freed 413K, 13% free 10458K/11975K, paused 2ms+3ms
07-05 15:13:37.786   545 23165 I DownloadManager: Initiating request for download 6505
07-05 15:13:37.864   545   548 D dalvikvm: GC_CONCURRENT freed 267K, 12% free 10619K/11975K, paused 2ms+4ms
07-05 15:13:37.993   545   548 D dalvikvm: GC_CONCURRENT freed 267K, 10% free 10807K/11975K, paused 2ms+3ms
07-05 15:13:38.200   545   548 D dalvikvm: GC_CONCURRENT freed 757K, 13% free 10522K/11975K, paused 2ms+2ms
07-05 15:13:38.493   545   548 D dalvikvm: GC_CONCURRENT freed 433K, 13% free 10475K/11975K, paused 2ms+3ms
07-05 15:13:38.774   545   548 D dalvikvm: GC_CONCURRENT freed 404K, 13% free 10457K/11975K, paused 2ms+2ms
07-05 15:13:38.915   545 23168 I DownloadManager: Initiating request for download 6506
07-05 15:13:39.016   545   548 D dalvikvm: GC_CONCURRENT freed 206K, 11% free 10679K/11975K, paused 2ms+3ms
07-05 15:13:39.149   545   548 D dalvikvm: GC_CONCURRENT freed 295K, 10% free 10862K/11975K, paused 2ms+3ms
07-05 15:13:39.395  1370 23170 E DictionaryProvider:UpdateHandler: Can't read a file : android.util.MalformedJsonException: Use JsonReader.setLenient(true) to accept malformed JSON at line 1 column 20
07-05 15:13:39.442   545   548 D dalvikvm: GC_CONCURRENT freed 863K, 13% free 10499K/11975K, paused 2ms+3ms
07-05 15:13:39.735   545   548 D dalvikvm: GC_CONCURRENT freed 417K, 13% free 10468K/11975K, paused 2ms+3ms
07-05 15:13:39.977   545 23173 I DownloadManager: Initiating request for download 6506
07-05 15:13:40.036   545   548 D dalvikvm: GC_CONCURRENT freed 397K, 13% free 10466K/11975K, paused 2ms+4ms
07-05 15:13:40.161   545   548 D dalvikvm: GC_CONCURRENT freed 156K, 11% free 10723K/11975K, paused 3ms+3ms
07-05 15:13:40.298   545   548 D dalvikvm: GC_CONCURRENT freed 407K, 10% free 10778K/11975K, paused 2ms+3ms
07-05 15:13:40.618   545   548 D dalvikvm: GC_CONCURRENT freed 756K, 13% free 10484K/11975K, paused 2ms+2ms
07-05 15:13:40.907   545   548 D dalvikvm: GC_CONCURRENT freed 404K, 13% free 10466K/11975K, paused 2ms+2ms
07-05 15:13:41.122   545 23176 I DownloadManager: Initiating request for download 6507
07-05 15:13:41.208   545   548 D dalvikvm: GC_CONCURRENT freed 323K, 12% free 10621K/11975K, paused 2ms+4ms
07-05 15:13:41.348   545   548 D dalvikvm: GC_CONCURRENT freed 267K, 10% free 10798K/11975K, paused 2ms+3ms
07-05 15:13:41.548   545   548 D dalvikvm: GC_CONCURRENT freed 751K, 13% free 10520K/11975K, paused 2ms+2ms
07-05 15:13:41.618  1370 23178 E DictionaryProvider:UpdateHandler: Can't read a file : android.util.MalformedJsonException: Use JsonReader.setLenient(true) to accept malformed JSON at line 1 column 20
07-05 15:13:41.872   545   548 D dalvikvm: GC_CONCURRENT freed 419K, 13% free 10491K/11975K, paused 2ms+2ms
07-05 15:13:42.087 23083 23086 D dalvikvm: GC_CONCURRENT freed 322K, 5% free 9174K/9607K, paused 1ms+1ms
07-05 15:13:42.188   545   548 D dalvikvm: GC_CONCURRENT freed 412K, 13% free 10466K/11975K, paused 2ms+2ms
07-05 15:13:42.309   545 23181 I DownloadManager: Initiating request for download 6507
07-05 15:13:42.407   545   548 D dalvikvm: GC_CONCURRENT freed 226K, 11% free 10667K/11975K, paused 2ms+3ms
07-05 15:13:42.540   545   548 D dalvikvm: GC_CONCURRENT freed 286K, 10% free 10844K/11975K, paused 2ms+3ms
07-05 15:13:42.809   545   548 D dalvikvm: GC_CONCURRENT freed 835K, 13% free 10491K/11975K, paused 1ms+2ms
07-05 15:13:43.083   545   548 D dalvikvm: GC_CONCURRENT freed 403K, 13% free 10474K/11975K, paused 2ms+2ms
07-05 15:13:43.364   545   548 D dalvikvm: GC_CONCURRENT freed 399K, 13% free 10461K/11975K, paused 2ms+3ms
07-05 15:13:43.438   545 23184 I DownloadManager: Initiating request for download 6508
07-05 15:13:43.555   545   548 D dalvikvm: GC_CONCURRENT freed 170K, 11% free 10717K/11975K, paused 2ms+3ms
07-05 15:13:43.688   545   548 D dalvikvm: GC_CONCURRENT freed 311K, 10% free 10878K/11975K, paused 1ms+3ms
07-05 15:13:43.856  1370 23186 E DictionaryProvider:UpdateHandler: Can't read a file : android.util.MalformedJsonException: Use JsonReader.setLenient(true) to accept malformed JSON at line 1 column 20
07-05 15:13:43.938  1370  1372 D dalvikvm: GC_CONCURRENT freed 412K, 7% free 9129K/9735K, paused 2ms+2ms
07-05 15:13:44.055   545   548 D dalvikvm: GC_CONCURRENT freed 875K, 13% free 10496K/11975K, paused 2ms+3ms
07-05 15:13:44.341   545   548 D dalvikvm: GC_CONCURRENT freed 412K, 13% free 10473K/11975K, paused 2ms+3ms
07-05 15:13:44.540   545 23189 I DownloadManager: Initiating request for download 6508
07-05 15:13:44.602   545   548 D dalvikvm: GC_CONCURRENT freed 345K, 13% free 10538K/11975K, paused 2ms+3ms
07-05 15:13:44.727   545   548 D dalvikvm: GC_CONCURRENT freed 195K, 11% free 10756K/11975K, paused 2ms+3ms
07-05 15:13:44.872   545   548 D dalvikvm: GC_CONCURRENT freed 445K, 11% free 10777K/11975K, paused 2ms+4ms
07-05 15:13:45.200   545   548 D dalvikvm: GC_CONCURRENT freed 748K, 13% free 10488K/11975K, paused 2ms+3ms
07-05 15:13:45.481   545   548 D dalvikvm: GC_CONCURRENT freed 406K, 13% free 10468K/11975K, paused 3ms+3ms
07-05 15:13:45.661   545 23192 I DownloadManager: Initiating request for download 6509
07-05 15:13:45.739   545   548 D dalvikvm: GC_CONCURRENT freed 244K, 12% free 10644K/11975K, paused 2ms+3ms
07-05 15:13:45.868   545   548 D dalvikvm: GC_CONCURRENT freed 281K, 10% free 10805K/11975K, paused 2ms+3ms
07-05 15:13:46.040   156   514 D dalvikvm: GC_EXPLICIT freed 689K, 16% free 13889K/16391K, paused 2ms+6ms
07-05 15:13:46.137   545   548 D dalvikvm: GC_CONCURRENT freed 748K, 13% free 10531K/11975K, paused 2ms+2ms
07-05 15:13:46.219  1370 23194 E DictionaryProvider:UpdateHandler: Can't read a file : android.util.MalformedJsonException: Use JsonReader.setLenient(true) to accept malformed JSON at line 1 column 20
07-05 15:13:46.469   545   548 D dalvikvm: GC_CONCURRENT freed 441K, 13% free 10477K/11975K, paused 2ms+2ms
07-05 15:13:46.755   545   548 D dalvikvm: GC_CONCURRENT freed 411K, 13% free 10453K/11975K, paused 2ms+2ms
07-05 15:13:46.864   545 23197 I DownloadManager: Initiating request for download 6509
07-05 15:13:46.966   545   548 D dalvikvm: GC_CONCURRENT freed 217K, 11% free 10671K/11975K, paused 2ms+3ms
07-05 15:13:47.098   545   548 D dalvikvm: GC_CONCURRENT freed 293K, 10% free 10832K/11975K, paused 5ms+3ms
07-05 15:13:47.341   545   548 D dalvikvm: GC_CONCURRENT freed 825K, 13% free 10484K/11975K, paused 2ms+2ms
07-05 15:13:47.618   545   548 D dalvikvm: GC_CONCURRENT freed 406K, 13% free 10465K/11975K, paused 2ms+2ms
07-05 15:13:47.899   545   548 D dalvikvm: GC_CONCURRENT freed 400K, 13% free 10453K/11975K, paused 2ms+2ms
07-05 15:13:47.973   545 23200 I DownloadManager: Initiating request for download 6510
07-05 15:13:48.091   545   548 D dalvikvm: GC_CONCURRENT freed 184K, 11% free 10718K/11975K, paused 2ms+3ms
07-05 15:13:48.223   545   548 D dalvikvm: GC_CONCURRENT freed 305K, 10% free 10870K/11975K, paused 2ms+2ms
07-05 15:13:48.372   545 23200 D dalvikvm: GC_EXPLICIT freed 545K, 12% free 10544K/11975K, paused 2ms+4ms
07-05 15:13:48.509  1370 23202 E DictionaryProvider:UpdateHandler: Can't read a file : android.util.MalformedJsonException: Use JsonReader.setLenient(true) to accept malformed JSON at line 1 column 20
07-05 15:13:48.704   545   548 D dalvikvm: GC_CONCURRENT freed 448K, 13% free 10482K/11975K, paused 2ms+3ms
07-05 15:13:48.981   545   548 D dalvikvm: GC_CONCURRENT freed 411K, 13% free 10458K/11975K, paused 2ms+2ms
07-05 15:13:49.118   545 23205 I DownloadManager: Initiating request for download 6510
07-05 15:13:49.196   545   548 D dalvikvm: GC_CONCURRENT freed 243K, 12% free 10641K/11975K, paused 2ms+3ms
07-05 15:13:49.329   545   548 D dalvikvm: GC_CONCURRENT freed 278K, 10% free 10836K/11975K, paused 1ms+3ms
07-05 15:13:49.579   545   548 D dalvikvm: GC_CONCURRENT freed 827K, 13% free 10488K/11975K, paused 2ms+3ms
07-05 15:13:49.856   545   548 D dalvikvm: GC_CONCURRENT freed 407K, 13% free 10469K/11975K, paused 2ms+2ms
07-05 15:13:50.137   545   548 D dalvikvm: GC_CONCURRENT freed 401K, 13% free 10455K/11975K, paused 2ms+3ms
07-05 15:13:50.235   545 23208 I DownloadManager: Initiating request for download 6511
07-05 15:13:50.348   545   548 D dalvikvm: GC_CONCURRENT freed 185K, 11% free 10690K/11975K, paused 2ms+3ms
07-05 15:13:50.477   545   548 D dalvikvm: GC_CONCURRENT freed 295K, 10% free 10854K/11975K, paused 2ms+4ms
07-05 15:13:50.684  1370 23210 E DictionaryProvider:UpdateHandler: Can't read a file : android.util.MalformedJsonException: Use JsonReader.setLenient(true) to accept malformed JSON at line 1 column 20
07-05 15:13:50.805   545   548 D dalvikvm: GC_CONCURRENT freed 847K, 13% free 10491K/11975K, paused 2ms+2ms
07-05 15:13:51.083   545   548 D dalvikvm: GC_CONCURRENT freed 408K, 13% free 10470K/11975K, paused 2ms+2ms
07-05 15:13:51.376   545 23213 I DownloadManager: Initiating request for download 6511
07-05 15:13:51.376   545   548 D dalvikvm: GC_CONCURRENT freed 401K, 13% free 10459K/11975K, paused 2ms+3ms
07-05 15:13:51.512   545   548 D dalvikvm: GC_CONCURRENT freed 150K, 11% free 10716K/11975K, paused 2ms+3ms
07-05 15:13:51.637   545   548 D dalvikvm: GC_CONCURRENT freed 304K, 10% free 10877K/11975K, paused 2ms+2ms
07-05 15:13:51.962   545   548 D dalvikvm: GC_CONCURRENT freed 885K, 13% free 10486K/11975K, paused 2ms+3ms
07-05 15:13:52.255   545   548 D dalvikvm: GC_CONCURRENT freed 408K, 13% free 10467K/11975K, paused 2ms+2ms
07-05 15:13:52.493   545 23216 I DownloadManager: Initiating request for download 6512
07-05 15:13:52.587   545   548 D dalvikvm: GC_CONCURRENT freed 318K, 12% free 10582K/11975K, paused 2ms+4ms
07-05 15:13:52.712   545   548 D dalvikvm: GC_CONCURRENT freed 231K, 11% free 10772K/11975K, paused 2ms+2ms
07-05 15:13:52.856   545   548 D dalvikvm: GC_CONCURRENT freed 462K, 11% free 10772K/11975K, paused 2ms+2ms
07-05 15:13:53.005  1370 23218 E DictionaryProvider:UpdateHandler: Can't read a file : android.util.MalformedJsonException: Use JsonReader.setLenient(true) to accept malformed JSON at line 1 column 20
07-05 15:13:53.075  1370  1372 D dalvikvm: GC_CONCURRENT freed 389K, 7% free 9128K/9735K, paused 2ms+2ms
07-05 15:13:53.251   545   548 D dalvikvm: GC_CONCURRENT freed 741K, 13% free 10488K/11975K, paused 2ms+3ms
07-05 15:13:53.544   545   548 D dalvikvm: GC_CONCURRENT freed 411K, 13% free 10462K/11975K, paused 2ms+3ms
07-05 15:13:53.673   545 23221 I DownloadManager: Initiating request for download 6512
07-05 15:13:53.766   545   548 D dalvikvm: GC_CONCURRENT freed 233K, 11% free 10679K/11975K, paused 2ms+2ms
07-05 15:13:53.903   545   548 D dalvikvm: GC_CONCURRENT freed 308K, 10% free 10830K/11975K, paused 2ms+4ms
07-05 15:13:54.153   545   548 D dalvikvm: GC_CONCURRENT freed 818K, 13% free 10492K/11975K, paused 3ms+2ms
07-05 15:13:54.430   545   548 D dalvikvm: GC_CONCURRENT freed 406K, 13% free 10471K/11975K, paused 2ms+2ms
07-05 15:13:54.708   545   548 D dalvikvm: GC_CONCURRENT freed 400K, 13% free 10458K/11975K, paused 2ms+3ms
07-05 15:13:56.141   545 23224 I DownloadManager: Initiating request for download 6513
07-05 15:13:56.251   545   548 D dalvikvm: GC_CONCURRENT freed 190K, 11% free 10708K/11975K, paused 2ms+3ms
07-05 15:13:56.380   545   548 D dalvikvm: GC_CONCURRENT freed 296K, 10% free 10875K/11975K, paused 2ms+3ms
07-05 15:13:56.669   545   548 D dalvikvm: GC_CONCURRENT freed 846K, 13% free 10524K/11975K, paused 2ms+3ms
07-05 15:13:56.950   545   548 D dalvikvm: GC_CONCURRENT freed 404K, 13% free 10510K/11975K, paused 2ms+2ms
07-05 15:13:57.098  1370 23226 D dalvikvm: GC_EXPLICIT freed 77K, 7% free 9093K/9735K, paused 2ms+2ms
07-05 15:13:57.118  1370 23226 E DictionaryProvider:UpdateHandler: Can't read a file : android.util.MalformedJsonException: Use JsonReader.setLenient(true) to accept malformed JSON at line 1 column 20
07-05 15:13:57.266   545 23229 I DownloadManager: Initiating request for download 6513
07-05 15:13:57.333   545   548 D dalvikvm: GC_CONCURRENT freed 397K, 13% free 10532K/11975K, paused 2ms+3ms
07-05 15:13:57.458   545   548 D dalvikvm: GC_CONCURRENT freed 198K, 11% free 10749K/11975K, paused 2ms+2ms
07-05 15:13:57.602   545   548 D dalvikvm: GC_CONCURRENT freed 435K, 10% free 10786K/11975K, paused 2ms+4ms
07-05 15:13:57.942   545   548 D dalvikvm: GC_CONCURRENT freed 764K, 13% free 10487K/11975K, paused 1ms+2ms
07-05 15:13:58.219   545   548 D dalvikvm: GC_CONCURRENT freed 405K, 13% free 10467K/11975K, paused 2ms+2ms
07-05 15:13:58.387   545 23232 I DownloadManager: Initiating request for download 6514
07-05 15:13:58.485   545   548 D dalvikvm: GC_CONCURRENT freed 254K, 12% free 10646K/11975K, paused 2ms+4ms
07-05 15:13:58.622   545   548 D dalvikvm: GC_CONCURRENT freed 285K, 10% free 10845K/11975K, paused 2ms+3ms
07-05 15:13:58.856  1370 23234 E DictionaryProvider:UpdateHandler: Can't read a file : android.util.MalformedJsonException: Use JsonReader.setLenient(true) to accept malformed JSON at line 1 column 20
07-05 15:13:58.907   545   548 D dalvikvm: GC_CONCURRENT freed 840K, 13% free 10511K/11975K, paused 2ms+3ms
07-05 15:13:59.208   545   548 D dalvikvm: GC_CONCURRENT freed 419K, 13% free 10480K/11975K, paused 2ms+3ms
07-05 15:13:59.485   545   548 D dalvikvm: GC_CONCURRENT freed 401K, 13% free 10467K/11975K, paused 2ms+2ms
07-05 15:13:59.555   545 23237 I DownloadManager: Initiating request for download 6514
07-05 15:13:59.669   545   548 D dalvikvm: GC_CONCURRENT freed 189K, 11% free 10690K/11975K, paused 2ms+3ms
07-05 15:13:59.798   545   548 D dalvikvm: GC_CONCURRENT freed 293K, 10% free 10876K/11975K, paused 2ms+2ms
07-05 15:14:00.110   545   548 D dalvikvm: GC_CONCURRENT freed 878K, 13% free 10496K/11975K, paused 2ms+3ms
07-05 15:14:00.176 19707 19720 I PhoneLab-: Service Running
07-05 15:14:00.223 19707 19720 I PhoneLab-LoggerService: app_49    1247  1     1956   1584  c00f181c 400107b4 S logcat
07-05 15:14:00.227 19707 19720 I PhoneLab-LoggerService: Logcat pid from database 1247
07-05 15:14:00.227 19707 19720 I PhoneLab-LoggerService: Logcat process found 1247
07-05 15:14:00.227 19707 19720 I PhoneLab-LoggerService: Checking Threshold
07-05 15:14:00.231 19707 19720 I PhoneLab-LoggerService: Starting to rename files
07-05 15:14:00.231 19707 19720 I PhoneLab-LoggerService: Files found .. 60
07-05 15:14:00.426   545   548 D dalvikvm: GC_CONCURRENT freed 409K, 13% free 10473K/11975K, paused 2ms+3ms
07-05 15:14:00.676   545 23241 I DownloadManager: Initiating request for download 6515
07-05 15:14:00.747   545   548 D dalvikvm: GC_CONCURRENT freed 387K, 13% free 10515K/11975K, paused 3ms+3ms
07-05 15:14:00.876   545   548 D dalvikvm: GC_CONCURRENT freed 178K, 11% free 10749K/11975K, paused 2ms+3ms
07-05 15:14:01.016   545   548 D dalvikvm: GC_CONCURRENT freed 438K, 10% free 10781K/11975K, paused 2ms+2ms
07-05 15:14:01.173  1370 23243 E DictionaryProvider:UpdateHandler: Can't read a file : android.util.MalformedJsonException: Use JsonReader.setLenient(true) to accept malformed JSON at line 1 column 20
07-05 15:14:01.262   465   467 D dalvikvm: GC_CONCURRENT freed 323K, 9% free 11199K/12231K, paused 1ms+3ms
07-05 15:14:01.411   545   548 D dalvikvm: GC_CONCURRENT freed 746K, 13% free 10497K/11975K, paused 2ms+3ms
07-05 15:14:01.692   545   548 D dalvikvm: GC_CONCURRENT freed 410K, 13% free 10474K/11975K, paused 2ms+2ms
07-05 15:14:01.864   545 23246 I DownloadManager: Initiating request for download 6515
07-05 15:14:01.950   545   548 D dalvikvm: GC_CONCURRENT freed 296K, 12% free 10621K/11975K, paused 2ms+3ms
07-05 15:14:02.083   545   548 D dalvikvm: GC_CONCURRENT freed 269K, 10% free 10809K/11975K, paused 2ms+3ms
07-05 15:14:02.262   545   548 D dalvikvm: GC_CONCURRENT freed 751K, 13% free 10537K/11975K, paused 2ms+2ms
07-05 15:14:02.567   545   548 D dalvikvm: GC_CONCURRENT freed 432K, 13% free 10490K/11975K, paused 2ms+3ms
07-05 15:14:02.856   545   548 D dalvikvm: GC_CONCURRENT freed 406K, 13% free 10475K/11975K, paused 2ms+2ms
07-05 15:14:02.989   545 23249 I DownloadManager: Initiating request for download 6516
07-05 15:14:03.091   545   548 D dalvikvm: GC_CONCURRENT freed 223K, 11% free 10686K/11975K, paused 2ms+3ms
07-05 15:14:03.223   545   548 D dalvikvm: GC_CONCURRENT freed 298K, 10% free 10845K/11975K, paused 2ms+3ms
07-05 15:14:03.419  1370 23251 E DictionaryProvider:UpdateHandler: Can't read a file : android.util.MalformedJsonException: Use JsonReader.setLenient(true) to accept malformed JSON at line 1 column 20
07-05 15:14:03.505   545   548 D dalvikvm: GC_CONCURRENT freed 821K, 13% free 10512K/11975K, paused 3ms+3ms
07-05 15:14:03.782   545   548 D dalvikvm: GC_CONCURRENT freed 413K, 13% free 10486K/11975K, paused 2ms+2ms
07-05 15:14:04.079   545   548 D dalvikvm: GC_CONCURRENT freed 401K, 13% free 10473K/11975K, paused 2ms+4ms
07-05 15:14:04.149   545 23254 I DownloadManager: Initiating request for download 6516
07-05 15:14:04.266   545   548 D dalvikvm: GC_CONCURRENT freed 180K, 11% free 10703K/11975K, paused 2ms+3ms
07-05 15:14:04.391   545   548 D dalvikvm: GC_CONCURRENT freed 300K, 10% free 10859K/11975K, paused 2ms+3ms
07-05 15:14:04.665   545   548 D dalvikvm: GC_CONCURRENT freed 847K, 13% free 10500K/11975K, paused 2ms+2ms
07-05 15:14:04.942   545   548 D dalvikvm: GC_CONCURRENT freed 404K, 13% free 10484K/11975K, paused 2ms+3ms
07-05 15:14:05.216   545 23257 I DownloadManager: Initiating request for download 6517
07-05 15:14:05.274   545   548 D dalvikvm: GC_CONCURRENT freed 397K, 13% free 10482K/11975K, paused 3ms+3ms
07-05 15:14:05.415   545   548 D dalvikvm: GC_CONCURRENT freed 158K, 11% free 10749K/11975K, paused 2ms+3ms
07-05 15:14:05.544   545   548 D dalvikvm: GC_CONCURRENT freed 421K, 10% free 10789K/11975K, paused 2ms+2ms
07-05 15:14:05.735  1370 23259 E DictionaryProvider:UpdateHandler: Can't read a file : android.util.MalformedJsonException: Use JsonReader.setLenient(true) to accept malformed JSON at line 1 column 20
07-05 15:14:05.766  1370  1372 D dalvikvm: GC_CONCURRENT freed 371K, 7% free 9140K/9735K, paused 2ms+3ms
07-05 15:14:05.899   545   548 D dalvikvm: GC_CONCURRENT freed 739K, 13% free 10513K/11975K, paused 2ms+3ms
07-05 15:14:06.184   545   548 D dalvikvm: GC_CONCURRENT freed 412K, 13% free 10486K/11975K, paused 2ms+3ms
07-05 15:14:06.462   156   512 D dalvikvm: GC_EXPLICIT freed 574K, 16% free 13882K/16391K, paused 2ms+7ms
07-05 15:14:06.466   545 23261 I DownloadManager: Initiating request for download 6517
07-05 15:14:06.532   545   548 D dalvikvm: GC_CONCURRENT freed 356K, 13% free 10520K/11975K, paused 2ms+2ms
07-05 15:14:06.657   545   548 D dalvikvm: GC_CONCURRENT freed 192K, 11% free 10747K/11975K, paused 2ms+3ms
07-05 15:14:06.805   545   548 D dalvikvm: GC_CONCURRENT freed 436K, 11% free 10777K/11975K, paused 2ms+3ms
07-05 15:14:07.134   545   548 D dalvikvm: GC_CONCURRENT freed 752K, 13% free 10485K/11975K, paused 3ms+2ms
07-05 15:14:07.419   545   548 D dalvikvm: GC_CONCURRENT freed 408K, 13% free 10467K/11975K, paused 2ms+2ms
07-05 15:14:07.634   545 23265 I DownloadManager: Initiating request for download 6518
07-05 15:14:07.719   545   548 D dalvikvm: GC_CONCURRENT freed 294K, 12% free 10636K/11975K, paused 2ms+4ms
07-05 15:14:07.852   545   548 D dalvikvm: GC_CONCURRENT freed 277K, 10% free 10800K/11975K, paused 3ms+3ms
07-05 15:14:08.040   545   548 D dalvikvm: GC_CONCURRENT freed 743K, 13% free 10527K/11975K, paused 2ms+3ms
07-05 15:14:08.130  1370 23267 E DictionaryProvider:UpdateHandler: Can't read a file : android.util.MalformedJsonException: Use JsonReader.setLenient(true) to accept malformed JSON at line 1 column 20
07-05 15:14:08.376   545   548 D dalvikvm: GC_CONCURRENT freed 424K, 13% free 10488K/11975K, paused 2ms+3ms
07-05 15:14:08.657   545   548 D dalvikvm: GC_CONCURRENT freed 409K, 13% free 10465K/11975K, paused 2ms+2ms
07-05 15:14:08.794   545 23270 I DownloadManager: Initiating request for download 6518
07-05 15:14:08.887   545   548 D dalvikvm: GC_CONCURRENT freed 235K, 12% free 10650K/11975K, paused 2ms+2ms
07-05 15:14:09.020   545   548 D dalvikvm: GC_CONCURRENT freed 284K, 10% free 10847K/11975K, paused 2ms+3ms
07-05 15:14:09.098   682  1055 E GTalkService: connectionClosed: no XMPPConnection - That's strange!
07-05 15:14:09.274   545   548 D dalvikvm: GC_CONCURRENT freed 839K, 13% free 10495K/11975K, paused 2ms+2ms
07-05 15:14:09.551   545   548 D dalvikvm: GC_CONCURRENT freed 407K, 13% free 10474K/11975K, paused 1ms+2ms
07-05 15:14:09.833   545   548 D dalvikvm: GC_CONCURRENT freed 400K, 13% free 10462K/11975K, paused 1ms+3ms
07-05 15:14:09.938   545 23273 I DownloadManager: Initiating request for download 6519
07-05 15:14:10.048   545   548 D dalvikvm: GC_CONCURRENT freed 185K, 11% free 10689K/11975K, paused 2ms+3ms
07-05 15:14:10.180   545   548 D dalvikvm: GC_CONCURRENT freed 298K, 10% free 10858K/11975K, paused 2ms+3ms
07-05 15:14:10.368  1370 23275 E DictionaryProvider:UpdateHandler: Can't read a file : android.util.MalformedJsonException: Use JsonReader.setLenient(true) to accept malformed JSON at line 1 column 20
07-05 15:14:10.485   545   548 D dalvikvm: GC_CONCURRENT freed 847K, 13% free 10499K/11975K, paused 2ms+2ms
07-05 15:14:10.751   545   548 D dalvikvm: GC_CONCURRENT freed 411K, 13% free 10474K/11975K, paused 2ms+3ms
07-05 15:14:11.024   545   548 D dalvikvm: GC_CONCURRENT freed 399K, 13% free 10465K/11975K, paused 2ms+2ms
07-05 15:14:11.055   545 23278 I DownloadManager: Initiating request for download 6519
07-05 15:14:11.173   545   548 D dalvikvm: GC_CONCURRENT freed 162K, 11% free 10717K/11975K, paused 1ms+2ms
07-05 15:14:11.305   545   548 D dalvikvm: GC_CONCURRENT freed 309K, 10% free 10886K/11975K, paused 3ms+3ms
07-05 15:14:11.610   545   548 D dalvikvm: GC_CONCURRENT freed 892K, 13% free 10493K/11975K, paused 2ms+3ms
07-05 15:14:11.891   545   548 D dalvikvm: GC_CONCURRENT freed 410K, 13% free 10471K/11975K, paused 2ms+2ms
07-05 15:14:12.106   156   330 D ConnectivityService: handleInetConditionHoldEnd: net=1, condition=0, published condition=0
07-05 15:14:12.126   545 23281 I DownloadManager: Initiating request for download 6520
07-05 15:14:12.200   545   548 D dalvikvm: GC_CONCURRENT freed 330K, 12% free 10540K/11975K, paused 1ms+2ms
07-05 15:14:12.325   545   548 D dalvikvm: GC_CONCURRENT freed 194K, 11% free 10759K/11975K, paused 1ms+2ms
07-05 15:14:12.466   545   548 D dalvikvm: GC_CONCURRENT freed 446K, 10% free 10797K/11975K, paused 1ms+2ms
07-05 15:14:12.630  1370 23283 E DictionaryProvider:UpdateHandler: Can't read a file : android.util.MalformedJsonException: Use JsonReader.setLenient(true) to accept malformed JSON at line 1 column 20
07-05 15:14:12.817   545   548 D dalvikvm: GC_CONCURRENT freed 766K, 13% free 10497K/11975K, paused 2ms+2ms
07-05 15:14:13.094   545   548 D dalvikvm: GC_CONCURRENT freed 413K, 13% free 10474K/11975K, paused 2ms+3ms
07-05 15:14:13.243   545 23286 I DownloadManager: Initiating request for download 6520
07-05 15:14:13.341   545   548 D dalvikvm: GC_CONCURRENT freed 260K, 12% free 10637K/11975K, paused 2ms+3ms
07-05 15:14:13.469   545   548 D dalvikvm: GC_CONCURRENT freed 272K, 10% free 10840K/11975K, paused 2ms+3ms
07-05 15:14:13.669   545   548 D dalvikvm: GC_CONCURRENT freed 793K, 13% free 10536K/11975K, paused 3ms+3ms
07-05 15:14:13.977   545   548 D dalvikvm: GC_CONCURRENT freed 434K, 13% free 10489K/11975K, paused 2ms+3ms
07-05 15:14:14.262   545   548 D dalvikvm: GC_CONCURRENT freed 408K, 13% free 10469K/11975K, paused 2ms+3ms
07-05 15:14:14.387   545 23289 I DownloadManager: Initiating request for download 6521
07-05 15:14:14.489   545   548 D dalvikvm: GC_CONCURRENT freed 205K, 11% free 10696K/11975K, paused 2ms+3ms
07-05 15:14:14.622   545   548 D dalvikvm: GC_CONCURRENT freed 301K, 10% free 10856K/11975K, paused 2ms+3ms
07-05 15:14:14.825  1370 23291 E DictionaryProvider:UpdateHandler: Can't read a file : android.util.MalformedJsonException: Use JsonReader.setLenient(true) to accept malformed JSON at line 1 column 20
07-05 15:14:14.848  1370  1372 D dalvikvm: GC_CONCURRENT freed 398K, 7% free 9125K/9735K, paused 2ms+3ms
07-05 15:14:14.946   545   548 D dalvikvm: GC_CONCURRENT freed 832K, 13% free 10514K/11975K, paused 2ms+3ms
07-05 15:14:15.227   545   548 D dalvikvm: GC_CONCURRENT freed 418K, 13% free 10482K/11975K, paused 2ms+3ms
07-05 15:14:15.512   545   548 D dalvikvm: GC_CONCURRENT freed 400K, 13% free 10468K/11975K, paused 2ms+2ms
07-05 15:14:15.559   545 23294 I DownloadManager: Initiating request for download 6521
07-05 15:14:15.673   545   548 D dalvikvm: GC_CONCURRENT freed 170K, 11% free 10710K/11975K, paused 1ms+2ms
07-05 15:14:15.805   545   548 D dalvikvm: GC_CONCURRENT freed 313K, 10% free 10887K/11975K, paused 2ms+3ms
07-05 15:14:16.110   545   548 D dalvikvm: GC_CONCURRENT freed 885K, 13% free 10502K/11975K, paused 3ms+2ms
07-05 15:14:16.387   545   548 D dalvikvm: GC_CONCURRENT freed 410K, 13% free 10478K/11975K, paused 2ms+3ms
07-05 15:14:16.634   545 23297 I DownloadManager: Initiating request for download 6522
07-05 15:14:16.712   545   548 D dalvikvm: GC_CONCURRENT freed 356K, 12% free 10541K/11975K, paused 2ms+3ms
07-05 15:14:16.844   545   548 D dalvikvm: GC_CONCURRENT freed 191K, 11% free 10761K/11975K, paused 2ms+3ms
07-05 15:14:16.985   545   548 D dalvikvm: GC_CONCURRENT freed 433K, 10% free 10789K/11975K, paused 2ms+2ms
07-05 15:14:17.165  1370 23299 E DictionaryProvider:UpdateHandler: Can't read a file : android.util.MalformedJsonException: Use JsonReader.setLenient(true) to accept malformed JSON at line 1 column 20
07-05 15:14:17.348   545   548 D dalvikvm: GC_CONCURRENT freed 750K, 13% free 10503K/11975K, paused 2ms+3ms
07-05 15:14:17.630   545   548 D dalvikvm: GC_CONCURRENT freed 410K, 13% free 10478K/11975K, paused 2ms+2ms
07-05 15:14:17.805   545 23302 I DownloadManager: Initiating request for download 6522
07-05 15:14:17.884   545   548 D dalvikvm: GC_CONCURRENT freed 303K, 11% free 10659K/11975K, paused 2ms+3ms
07-05 15:14:18.016   545   548 D dalvikvm: GC_CONCURRENT freed 288K, 10% free 10821K/11975K, paused 2ms+3ms
07-05 15:14:18.216   545   548 D dalvikvm: GC_CONCURRENT freed 757K, 12% free 10541K/11975K, paused 2ms+2ms
07-05 15:14:18.512   545   548 D dalvikvm: GC_CONCURRENT freed 434K, 13% free 10494K/11975K, paused 2ms+3ms
07-05 15:14:18.790   545   548 D dalvikvm: GC_CONCURRENT freed 405K, 13% free 10475K/11975K, paused 1ms+2ms
07-05 15:14:18.934   545 23305 I DownloadManager: Initiating request for download 6523
07-05 15:14:19.032   545   548 D dalvikvm: GC_CONCURRENT freed 226K, 11% free 10684K/11975K, paused 2ms+3ms
07-05 15:14:19.165   545   548 D dalvikvm: GC_CONCURRENT freed 302K, 10% free 10862K/11975K, paused 2ms+3ms
07-05 15:14:19.430   545 11113 D dalvikvm: GC_EXPLICIT freed 809K, 13% free 10514K/11975K, paused 2ms+3ms
07-05 15:14:19.434  1370 23307 E DictionaryProvider:UpdateHandler: Can't read a file : android.util.MalformedJsonException: Use JsonReader.setLenient(true) to accept malformed JSON at line 1 column 20
07-05 15:14:19.723   545   548 D dalvikvm: GC_CONCURRENT freed 409K, 13% free 10491K/11975K, paused 2ms+2ms
07-05 15:14:20.005   545   548 D dalvikvm: GC_CONCURRENT freed 404K, 13% free 10475K/11975K, paused 1ms+3ms
07-05 15:14:20.083   545 23310 I DownloadManager: Initiating request for download 6523
07-05 15:14:20.184   545   548 D dalvikvm: GC_CONCURRENT freed 199K, 11% free 10707K/11975K, paused 2ms+3ms
07-05 15:14:20.321   545   548 D dalvikvm: GC_CONCURRENT freed 297K, 9% free 10909K/11975K, paused 2ms+3ms
07-05 15:14:20.606   545   548 D dalvikvm: GC_CONCURRENT freed 878K, 13% free 10534K/11975K, paused 2ms+3ms
07-05 15:14:20.911   545   548 D dalvikvm: GC_CONCURRENT freed 432K, 13% free 10488K/11975K, paused 2ms+3ms
07-05 15:14:21.161   545 23313 I DownloadManager: Initiating request for download 6524
07-05 15:14:21.231   545   548 D dalvikvm: GC_CONCURRENT freed 372K, 13% free 10533K/11975K, paused 3ms+4ms
07-05 15:14:21.376   545   548 D dalvikvm: GC_CONCURRENT freed 188K, 10% free 10797K/11975K, paused 2ms+3ms
07-05 15:14:21.430   682   682 I GTalkService/c: [AndroidEndpoint@1095403848] connect: acct=1000001, state=CONNECTING
07-05 15:14:21.540   545   548 D dalvikvm: GC_CONCURRENT freed 478K, 10% free 10795K/11975K, paused 2ms+2ms
07-05 15:14:21.684  1370 23315 E DictionaryProvider:UpdateHandler: Can't read a file : android.util.MalformedJsonException: Use JsonReader.setLenient(true) to accept malformed JSON at line 1 column 20
07-05 15:14:21.899   545   548 D dalvikvm: GC_CONCURRENT freed 755K, 13% free 10506K/11975K, paused 2ms+3ms
07-05 15:14:22.188   545   548 D dalvikvm: GC_CONCURRENT freed 410K, 13% free 10484K/11975K, paused 2ms+2ms
07-05 15:14:22.344   545 23318 I DownloadManager: Initiating request for download 6524
07-05 15:14:22.419   545   548 D dalvikvm: GC_CONCURRENT freed 265K, 12% free 10654K/11975K, paused 2ms+2ms
07-05 15:14:22.548   545   548 D dalvikvm: GC_CONCURRENT freed 281K, 10% free 10822K/11975K, paused 2ms+2ms
07-05 15:14:22.743   545   548 D dalvikvm: GC_CONCURRENT freed 752K, 12% free 10549K/11975K, paused 2ms+3ms
07-05 15:14:23.048   545   548 D dalvikvm: GC_CONCURRENT freed 434K, 13% free 10503K/11975K, paused 2ms+3ms
07-05 15:14:23.333   545   548 D dalvikvm: GC_CONCURRENT freed 408K, 13% free 10482K/11975K, paused 3ms+2ms
07-05 15:14:23.469   545 23321 I DownloadManager: Initiating request for download 6525
07-05 15:14:23.567   545   548 D dalvikvm: GC_CONCURRENT freed 221K, 11% free 10711K/11975K, paused 2ms+3ms
07-05 15:14:23.708   545   548 D dalvikvm: GC_CONCURRENT freed 319K, 10% free 10866K/11975K, paused 3ms+4ms
07-05 15:14:23.926  1370 23323 E DictionaryProvider:UpdateHandler: Can't read a file : android.util.MalformedJsonException: Use JsonReader.setLenient(true) to accept malformed JSON at line 1 column 20
07-05 15:14:23.973  1370  1372 D dalvikvm: GC_CONCURRENT freed 385K, 7% free 9142K/9735K, paused 1ms+5ms
07-05 15:14:24.012   545   548 D dalvikvm: GC_CONCURRENT freed 847K, 13% free 10521K/11975K, paused 1ms+4ms
07-05 15:14:24.290   545   548 D dalvikvm: GC_CONCURRENT freed 415K, 13% free 10493K/11975K, paused 2ms+2ms
07-05 15:14:24.579   545   548 D dalvikvm: GC_CONCURRENT freed 398K, 13% free 10480K/11975K, paused 2ms+2ms
07-05 15:14:24.637   545 23326 I DownloadManager: Initiating request for download 6525
07-05 15:14:24.739   156   514 D dalvikvm: GC_EXPLICIT freed 534K, 16% free 13881K/16391K, paused 2ms+6ms
07-05 15:14:24.809   545   548 D dalvikvm: GC_CONCURRENT freed 177K, 11% free 10718K/11975K, paused 2ms+3ms
07-05 15:14:24.946   545   548 D dalvikvm: GC_CONCURRENT freed 312K, 9% free 10899K/11975K, paused 2ms+4ms
07-05 15:14:25.282   545   548 D dalvikvm: GC_CONCURRENT freed 909K, 13% free 10492K/11975K, paused 2ms+2ms
07-05 15:14:25.559   545   548 D dalvikvm: GC_CONCURRENT freed 403K, 13% free 10475K/11975K, paused 2ms+3ms
07-05 15:14:25.805   545 23329 I DownloadManager: Initiating request for download 6526
07-05 15:14:25.876   545   548 D dalvikvm: GC_CONCURRENT freed 356K, 13% free 10503K/11975K, paused 3ms+3ms
07-05 15:14:25.993   545   548 D dalvikvm: GC_CONCURRENT freed 174K, 11% free 10748K/11975K, paused 2ms+3ms
07-05 15:14:26.137   545   548 D dalvikvm: GC_CONCURRENT freed 422K, 10% free 10794K/11975K, paused 2ms+3ms
07-05 15:14:26.298  1370 23331 E DictionaryProvider:UpdateHandler: Can't read a file : android.util.MalformedJsonException: Use JsonReader.setLenient(true) to accept malformed JSON at line 1 column 20
07-05 15:14:26.485   545   548 D dalvikvm: GC_CONCURRENT freed 761K, 13% free 10499K/11975K, paused 2ms+3ms
07-05 15:14:26.762   545   548 D dalvikvm: GC_CONCURRENT freed 411K, 13% free 10475K/11975K, paused 2ms+3ms
07-05 15:14:26.962   545 23334 I DownloadManager: Initiating request for download 6526
07-05 15:14:27.032   545   548 D dalvikvm: GC_CONCURRENT freed 342K, 12% free 10583K/11975K, paused 2ms+2ms
07-05 15:14:27.165   545   548 D dalvikvm: GC_CONCURRENT freed 235K, 10% free 10788K/11975K, paused 2ms+3ms
07-05 15:14:27.321   545   548 D dalvikvm: GC_CONCURRENT freed 729K, 13% free 10537K/11975K, paused 2ms+2ms
07-05 15:14:27.618   545   548 D dalvikvm: GC_CONCURRENT freed 428K, 13% free 10496K/11975K, paused 2ms+2ms
07-05 15:14:27.899   545   548 D dalvikvm: GC_CONCURRENT freed 408K, 13% free 10474K/11975K, paused 2ms+2ms
07-05 15:14:28.083   545 23337 I DownloadManager: Initiating request for download 6527
07-05 15:14:28.173   545   548 D dalvikvm: GC_CONCURRENT freed 278K, 12% free 10643K/11975K, paused 2ms+4ms
07-05 15:14:28.309   545   548 D dalvikvm: GC_CONCURRENT freed 278K, 10% free 10834K/11975K, paused 2ms+3ms
07-05 15:14:28.516   545   548 D dalvikvm: GC_CONCURRENT freed 776K, 12% free 10540K/11975K, paused 2ms+3ms
07-05 15:14:28.591  1370 23339 E DictionaryProvider:UpdateHandler: Can't read a file : android.util.MalformedJsonException: Use JsonReader.setLenient(true) to accept malformed JSON at line 1 column 20
07-05 15:14:28.844   545   548 D dalvikvm: GC_CONCURRENT freed 426K, 13% free 10503K/11975K, paused 2ms+3ms
07-05 15:14:29.114   545   548 D dalvikvm: GC_CONCURRENT freed 415K, 13% free 10474K/11975K, paused 2ms+2ms
07-05 15:14:29.231   545 23342 I DownloadManager: Initiating request for download 6527
07-05 15:14:29.321   545   548 D dalvikvm: GC_CONCURRENT freed 228K, 11% free 10669K/11975K, paused 2ms+3ms
07-05 15:14:29.458   545   548 D dalvikvm: GC_CONCURRENT freed 290K, 10% free 10873K/11975K, paused 2ms+3ms
07-05 15:14:29.688   545   548 D dalvikvm: GC_CONCURRENT freed 828K, 12% free 10538K/11975K, paused 2ms+3ms
07-05 15:14:29.981   545   548 D dalvikvm: GC_CONCURRENT freed 437K, 13% free 10493K/11975K, paused 2ms+3ms
07-05 15:14:30.290   545   548 D dalvikvm: GC_CONCURRENT freed 404K, 13% free 10476K/11975K, paused 2ms+3ms
07-05 15:14:30.407   545 23345 I DownloadManager: Initiating request for download 6528
07-05 15:14:30.540   545   548 D dalvikvm: GC_CONCURRENT freed 180K, 11% free 10712K/11975K, paused 2ms+2ms
07-05 15:14:30.673   545   548 D dalvikvm: GC_CONCURRENT freed 297K, 10% free 10886K/11975K, paused 3ms+3ms
07-05 15:14:30.884  1370 23347 E DictionaryProvider:UpdateHandler: Can't read a file : android.util.MalformedJsonException: Use JsonReader.setLenient(true) to accept malformed JSON at line 1 column 20
07-05 15:14:31.009   545   548 D dalvikvm: GC_CONCURRENT freed 873K, 13% free 10510K/11975K, paused 2ms+3ms
07-05 15:14:31.286   545   548 D dalvikvm: GC_CONCURRENT freed 412K, 13% free 10484K/11975K, paused 2ms+3ms
07-05 15:14:31.563   545   548 D dalvikvm: GC_CONCURRENT freed 398K, 13% free 10472K/11975K, paused 1ms+2ms
07-05 15:14:31.587   545 23350 I DownloadManager: Initiating request for download 6528
07-05 15:14:31.704   545   548 D dalvikvm: GC_CONCURRENT freed 151K, 11% free 10763K/11975K, paused 2ms+2ms
07-05 15:14:31.841   545   548 D dalvikvm: GC_CONCURRENT freed 443K, 10% free 10797K/11975K, paused 2ms+2ms
07-05 15:14:32.087 23083 23086 D dalvikvm: GC_CONCURRENT freed 437K, 6% free 9180K/9735K, paused 1ms+2ms
07-05 15:14:32.196   545   548 D dalvikvm: GC_CONCURRENT freed 761K, 13% free 10503K/11975K, paused 2ms+3ms
07-05 15:14:32.481   545   548 D dalvikvm: GC_CONCURRENT freed 407K, 13% free 10482K/11975K, paused 2ms+3ms
07-05 15:14:32.719   545 23353 I DownloadManager: Initiating request for download 6529
07-05 15:14:32.798   545   548 D dalvikvm: GC_CONCURRENT freed 351K, 12% free 10562K/11975K, paused 3ms+3ms
07-05 15:14:32.926   545   548 D dalvikvm: GC_CONCURRENT freed 209K, 10% free 10779K/11975K, paused 2ms+3ms
07-05 15:14:33.075   545   548 D dalvikvm: GC_CONCURRENT freed 456K, 10% free 10796K/11975K, paused 2ms+2ms
07-05 15:14:33.219  1370 23355 E DictionaryProvider:UpdateHandler: Can't read a file : android.util.MalformedJsonException: Use JsonReader.setLenient(true) to accept malformed JSON at line 1 column 20
07-05 15:14:33.255  1370  1372 D dalvikvm: GC_CONCURRENT freed 395K, 7% free 9131K/9735K, paused 2ms+3ms
07-05 15:14:33.469   545   548 D dalvikvm: GC_CONCURRENT freed 756K, 13% free 10509K/11975K, paused 3ms+3ms
07-05 15:14:33.755   545   548 D dalvikvm: GC_CONCURRENT freed 416K, 13% free 10481K/11975K, paused 2ms+2ms
07-05 15:14:33.915   545 23358 I DownloadManager: Initiating request for download 6529
07-05 15:14:34.005   545   548 D dalvikvm: GC_CONCURRENT freed 263K, 11% free 10666K/11975K, paused 2ms+3ms
07-05 15:14:34.134   545   548 D dalvikvm: GC_CONCURRENT freed 295K, 10% free 10830K/11975K, paused 1ms+3ms
07-05 15:14:34.329   545   548 D dalvikvm: GC_CONCURRENT freed 769K, 12% free 10543K/11975K, paused 2ms+3ms
07-05 15:14:34.622   545   548 D dalvikvm: GC_CONCURRENT freed 428K, 13% free 10501K/11975K, paused 2ms+3ms
07-05 15:14:34.911   545   548 D dalvikvm: GC_CONCURRENT freed 407K, 13% free 10482K/11975K, paused 2ms+2ms
07-05 15:14:35.036   545 23361 I DownloadManager: Initiating request for download 6530
07-05 15:14:35.137   545   548 D dalvikvm: GC_CONCURRENT freed 215K, 11% free 10682K/11975K, paused 1ms+3ms
07-05 15:14:35.270   545   548 D dalvikvm: GC_CONCURRENT freed 299K, 10% free 10855K/11975K, paused 2ms+3ms
07-05 15:14:35.512  1370 23363 E DictionaryProvider:UpdateHandler: Can't read a file : android.util.MalformedJsonException: Use JsonReader.setLenient(true) to accept malformed JSON at line 1 column 20
07-05 15:14:35.559   545   548 D dalvikvm: GC_CONCURRENT freed 840K, 13% free 10524K/11975K, paused 2ms+3ms
07-05 15:14:35.848   545   548 D dalvikvm: GC_CONCURRENT freed 418K, 13% free 10492K/11975K, paused 2ms+2ms
07-05 15:14:36.130   545   548 D dalvikvm: GC_CONCURRENT freed 399K, 13% free 10481K/11975K, paused 2ms+3ms
07-05 15:14:36.208   545 23366 I DownloadManager: Initiating request for download 6530
07-05 15:14:36.313   545   548 D dalvikvm: GC_CONCURRENT freed 187K, 11% free 10721K/11975K, paused 2ms+2ms
07-05 15:14:36.446   545   548 D dalvikvm: GC_CONCURRENT freed 303K, 10% free 10880K/11975K, paused 2ms+2ms
07-05 15:14:36.704   545   548 D dalvikvm: GC_CONCURRENT freed 838K, 12% free 10539K/11975K, paused 2ms+2ms
07-05 15:14:36.985   545   548 D dalvikvm: GC_CONCURRENT freed 431K, 13% free 10496K/11975K, paused 2ms+3ms
07-05 15:14:37.274   545   548 D dalvikvm: GC_CONCURRENT freed 405K, 13% free 10479K/11975K, paused 2ms+3ms
07-05 15:14:38.376   545 23369 I DownloadManager: Initiating request for download 6531
07-05 15:14:38.493   545   548 D dalvikvm: GC_CONCURRENT freed 154K, 11% free 10765K/11975K, paused 2ms+3ms
07-05 15:14:38.634   545   548 D dalvikvm: GC_CONCURRENT freed 326K, 9% free 10922K/11975K, paused 2ms+4ms
07-05 15:14:38.837  1370 23371 E DictionaryProvider:UpdateHandler: Can't read a file : android.util.MalformedJsonException: Use JsonReader.setLenient(true) to accept malformed JSON at line 1 column 20
07-05 15:14:38.997   545   548 D dalvikvm: GC_CONCURRENT freed 914K, 13% free 10517K/11975K, paused 2ms+3ms
07-05 15:14:39.274   545   548 D dalvikvm: GC_CONCURRENT freed 414K, 13% free 10489K/11975K, paused 2ms+3ms
07-05 15:14:39.477   545 23374 I DownloadManager: Initiating request for download 6531
07-05 15:14:39.551   545   548 D dalvikvm: GC_CONCURRENT freed 337K, 12% free 10599K/11975K, paused 2ms+4ms
07-05 15:14:39.676   545   548 D dalvikvm: GC_CONCURRENT freed 232K, 10% free 10802K/11975K, paused 2ms+3ms
07-05 15:14:39.837   545   548 D dalvikvm: GC_CONCURRENT freed 488K, 10% free 10810K/11975K, paused 1ms+2ms
07-05 15:14:40.196   545   548 D dalvikvm: GC_CONCURRENT freed 777K, 13% free 10506K/11975K, paused 2ms+3ms
07-05 15:14:40.493   545   548 D dalvikvm: GC_CONCURRENT freed 409K, 13% free 10483K/11975K, paused 2ms+3ms
07-05 15:14:40.661   545 23377 I DownloadManager: Initiating request for download 6532
07-05 15:14:40.770   545   548 D dalvikvm: GC_CONCURRENT freed 208K, 11% free 10683K/11975K, paused 2ms+2ms
07-05 15:14:40.899   545   548 D dalvikvm: GC_CONCURRENT freed 290K, 10% free 10849K/11975K, paused 2ms+2ms
07-05 15:14:41.114   545   548 D dalvikvm: GC_CONCURRENT freed 785K, 12% free 10555K/11975K, paused 2ms+2ms
07-05 15:14:41.161  1370 23379 E DictionaryProvider:UpdateHandler: Can't read a file : android.util.MalformedJsonException: Use JsonReader.setLenient(true) to accept malformed JSON at line 1 column 20
07-05 15:14:41.438   545   548 D dalvikvm: GC_CONCURRENT freed 429K, 13% free 10513K/11975K, paused 2ms+3ms
07-05 15:14:41.727   545   548 D dalvikvm: GC_CONCURRENT freed 411K, 13% free 10487K/11975K, paused 2ms+3ms
07-05 15:14:41.829   545 23382 I DownloadManager: Initiating request for download 6532
07-05 15:14:41.934   545   548 D dalvikvm: GC_CONCURRENT freed 208K, 11% free 10691K/11975K, paused 2ms+3ms
07-05 15:14:42.075   545   548 D dalvikvm: GC_CONCURRENT freed 291K, 10% free 10873K/11975K, paused 2ms+3ms
07-05 15:14:42.325   545   548 D dalvikvm: GC_CONCURRENT freed 852K, 13% free 10520K/11975K, paused 2ms+3ms
07-05 15:14:42.602   545   548 D dalvikvm: GC_CONCURRENT freed 409K, 13% free 10498K/11975K, paused 2ms+2ms
07-05 15:14:42.884   545   548 D dalvikvm: GC_CONCURRENT freed 398K, 13% free 10489K/11975K, paused 2ms+2ms
07-05 15:14:42.966   545 23385 I DownloadManager: Initiating request for download 6533
07-05 15:14:43.192   545   548 D dalvikvm: GC_CONCURRENT freed 252K, 11% free 10706K/11975K, paused 2ms+3ms
07-05 15:14:43.317   545   548 D dalvikvm: GC_CONCURRENT freed 335K, 10% free 10833K/11975K, paused 3ms+3ms
07-05 15:14:43.497   545   548 D dalvikvm: GC_CONCURRENT freed 768K, 12% free 10551K/11975K, paused 2ms+2ms
07-05 15:14:43.571  1370 23387 E DictionaryProvider:UpdateHandler: Can't read a file : android.util.MalformedJsonException: Use JsonReader.setLenient(true) to accept malformed JSON at line 1 column 20
07-05 15:14:43.618  1370  1372 D dalvikvm: GC_CONCURRENT freed 391K, 7% free 9132K/9735K, paused 1ms+3ms
07-05 15:14:43.856   545   548 D dalvikvm: GC_CONCURRENT freed 430K, 13% free 10507K/11975K, paused 2ms+2ms
07-05 15:14:44.118   545 23390 I DownloadManager: Initiating request for download 6533
07-05 15:14:44.149   545   548 D dalvikvm: GC_CONCURRENT freed 408K, 13% free 10494K/11975K, paused 2ms+3ms
07-05 15:14:44.399   545   548 D dalvikvm: GC_CONCURRENT freed 235K, 11% free 10690K/11975K, paused 2ms+3ms
07-05 15:14:44.528   545   548 D dalvikvm: GC_CONCURRENT freed 332K, 10% free 10855K/11975K, paused 2ms+3ms
07-05 15:14:44.762   545   548 D dalvikvm: GC_CONCURRENT freed 826K, 13% free 10516K/11975K, paused 1ms+3ms
07-05 15:14:45.044   545   548 D dalvikvm: GC_CONCURRENT freed 409K, 13% free 10496K/11975K, paused 2ms+3ms
07-05 15:14:45.251   545 23393 I DownloadManager: Initiating request for download 6534
07-05 15:14:45.364   156   568 D dalvikvm: GC_EXPLICIT freed 554K, 16% free 13882K/16391K, paused 3ms+6ms
07-05 15:14:45.426   545   548 D dalvikvm: GC_CONCURRENT freed 313K, 12% free 10645K/11975K, paused 2ms+3ms
07-05 15:14:45.555   545   548 D dalvikvm: GC_CONCURRENT freed 287K, 10% free 10821K/11975K, paused 2ms+3ms
07-05 15:14:45.735   545   548 D dalvikvm: GC_CONCURRENT freed 756K, 12% free 10546K/11975K, paused 2ms+3ms
07-05 15:14:45.837  1370 23395 E DictionaryProvider:UpdateHandler: Can't read a file : android.util.MalformedJsonException: Use JsonReader.setLenient(true) to accept malformed JSON at line 1 column 20
07-05 15:14:46.067   545   548 D dalvikvm: GC_CONCURRENT freed 428K, 13% free 10503K/11975K, paused 2ms+3ms
07-05 15:14:46.348   545   548 D dalvikvm: GC_CONCURRENT freed 412K, 13% free 10479K/11975K, paused 2ms+3ms
07-05 15:14:46.493   545 23398 I DownloadManager: Initiating request for download 6534
07-05 15:14:46.567   545   548 D dalvikvm: GC_CONCURRENT freed 247K, 12% free 10652K/11975K, paused 2ms+4ms
07-05 15:14:46.696   545   548 D dalvikvm: GC_CONCURRENT freed 278K, 10% free 10820K/11975K, paused 2ms+3ms
07-05 15:14:46.880   545   548 D dalvikvm: GC_CONCURRENT freed 752K, 12% free 10544K/11975K, paused 2ms+3ms
07-05 15:14:47.192   545   548 D dalvikvm: GC_CONCURRENT freed 434K, 13% free 10497K/11975K, paused 2ms+3ms
07-05 15:14:47.489   545   548 D dalvikvm: GC_CONCURRENT freed 403K, 13% free 10479K/11975K, paused 2ms+3ms
07-05 15:14:47.669   545 23401 I DownloadManager: Initiating request for download 6535
07-05 15:14:47.778   545   548 D dalvikvm: GC_CONCURRENT freed 239K, 11% free 10667K/11975K, paused 2ms+2ms
07-05 15:14:47.911   545   548 D dalvikvm: GC_CONCURRENT freed 293K, 10% free 10839K/11975K, paused 2ms+4ms
07-05 15:14:48.106   545   548 D dalvikvm: GC_CONCURRENT freed 781K, 12% free 10545K/11975K, paused 2ms+3ms
07-05 15:14:48.188  1370 23403 E DictionaryProvider:UpdateHandler: Can't read a file : android.util.MalformedJsonException: Use JsonReader.setLenient(true) to accept malformed JSON at line 1 column 20
07-05 15:14:48.430   545   548 D dalvikvm: GC_CONCURRENT freed 430K, 13% free 10502K/11975K, paused 2ms+3ms
07-05 15:14:48.716   545   548 D dalvikvm: GC_CONCURRENT freed 408K, 13% free 10481K/11975K, paused 2ms+2ms
07-05 15:14:48.833   545 23406 I DownloadManager: Initiating request for download 6535
07-05 15:14:48.926   545   548 D dalvikvm: GC_CONCURRENT freed 216K, 11% free 10674K/11975K, paused 2ms+3ms
07-05 15:14:49.059   545   548 D dalvikvm: GC_CONCURRENT freed 289K, 10% free 10870K/11975K, paused 2ms+3ms
07-05 15:14:49.282   545   548 D dalvikvm: GC_CONCURRENT freed 853K, 13% free 10518K/11975K, paused 2ms+3ms
07-05 15:14:49.579   545   548 D dalvikvm: GC_CONCURRENT freed 407K, 13% free 10499K/11975K, paused 2ms+3ms
07-05 15:14:49.860   545   548 D dalvikvm: GC_CONCURRENT freed 409K, 13% free 10477K/11975K, paused 2ms+2ms
07-05 15:14:49.973   545 23409 I DownloadManager: Initiating request for download 6536
07-05 15:14:50.079   545   548 D dalvikvm: GC_CONCURRENT freed 189K, 11% free 10705K/11975K, paused 2ms+2ms
07-05 15:14:50.212   545   548 D dalvikvm: GC_CONCURRENT freed 313K, 10% free 10889K/11975K, paused 3ms+4ms
07-05 15:14:50.403  1370 23411 E DictionaryProvider:UpdateHandler: Can't read a file : android.util.MalformedJsonException: Use JsonReader.setLenient(true) to accept malformed JSON at line 1 column 20
07-05 15:14:50.524   545   548 D dalvikvm: GC_CONCURRENT freed 870K, 13% free 10515K/11975K, paused 2ms+4ms
07-05 15:14:50.805   545   548 D dalvikvm: GC_CONCURRENT freed 410K, 13% free 10495K/11975K, paused 2ms+3ms
07-05 15:14:51.106   545   548 D dalvikvm: GC_CONCURRENT freed 402K, 13% free 10480K/11975K, paused 2ms+2ms
07-05 15:14:51.153   545 23414 I DownloadManager: Initiating request for download 6536
07-05 15:14:51.266   545   548 D dalvikvm: GC_CONCURRENT freed 166K, 11% free 10731K/11975K, paused 2ms+3ms
07-05 15:14:51.395   545   548 D dalvikvm: GC_CONCURRENT freed 304K, 9% free 10903K/11975K, paused 2ms+3ms
07-05 15:14:51.704   545   548 D dalvikvm: GC_CONCURRENT freed 894K, 13% free 10513K/11975K, paused 2ms+3ms
07-05 15:14:51.981   545   548 D dalvikvm: GC_CONCURRENT freed 413K, 13% free 10490K/11975K, paused 2ms+2ms
07-05 15:14:52.329   545 23417 D dalvikvm: GC_EXPLICIT freed 357K, 13% free 10536K/11975K, paused 2ms+7ms
07-05 15:14:52.333   545 23417 I DownloadManager: Initiating request for download 6537
07-05 15:14:52.462   545   548 D dalvikvm: GC_CONCURRENT freed 188K, 11% free 10768K/11975K, paused 2ms+3ms
07-05 15:14:52.587   545   548 D dalvikvm: GC_CONCURRENT freed 429K, 10% free 10806K/11975K, paused 2ms+3ms
07-05 15:14:52.762  1370 23419 E DictionaryProvider:UpdateHandler: Can't read a file : android.util.MalformedJsonException: Use JsonReader.setLenient(true) to accept malformed JSON at line 1 column 20
07-05 15:14:52.805  1370  1372 D dalvikvm: GC_CONCURRENT freed 390K, 7% free 9132K/9735K, paused 1ms+2ms
07-05 15:14:52.919   545   548 D dalvikvm: GC_CONCURRENT freed 754K, 13% free 10520K/11975K, paused 2ms+3ms
07-05 15:14:53.212   545   548 D dalvikvm: GC_CONCURRENT freed 416K, 13% free 10491K/11975K, paused 2ms+2ms
07-05 15:14:53.426   545 23422 I DownloadManager: Initiating request for download 6537
07-05 15:14:53.497   545   548 D dalvikvm: GC_CONCURRENT freed 359K, 12% free 10556K/11975K, paused 2ms+3ms
07-05 15:14:53.626   545   548 D dalvikvm: GC_CONCURRENT freed 198K, 10% free 10782K/11975K, paused 2ms+3ms
07-05 15:14:53.766   545   548 D dalvikvm: GC_CONCURRENT freed 445K, 10% free 10807K/11975K, paused 2ms+2ms
07-05 15:14:54.091   545   548 D dalvikvm: GC_CONCURRENT freed 771K, 13% free 10506K/11975K, paused 2ms+2ms
07-05 15:14:54.372   545   548 D dalvikvm: GC_CONCURRENT freed 404K, 13% free 10490K/11975K, paused 2ms+2ms
07-05 15:14:54.571   545 23425 I DownloadManager: Initiating request for download 6538
07-05 15:14:54.661   545   548 D dalvikvm: GC_CONCURRENT freed 287K, 11% free 10683K/11975K, paused 2ms+3ms
07-05 15:14:54.798   545   548 D dalvikvm: GC_CONCURRENT freed 303K, 10% free 10845K/11975K, paused 2ms+2ms
07-05 15:14:54.985   545   548 D dalvikvm: GC_CONCURRENT freed 775K, 12% free 10553K/11975K, paused 2ms+3ms
07-05 15:14:55.059  1370 23427 E DictionaryProvider:UpdateHandler: Can't read a file : android.util.MalformedJsonException: Use JsonReader.setLenient(true) to accept malformed JSON at line 1 column 20
07-05 15:14:55.301   545   548 D dalvikvm: GC_CONCURRENT freed 427K, 13% free 10515K/11975K, paused 2ms+3ms
07-05 15:14:55.571   545   548 D dalvikvm: GC_CONCURRENT freed 413K, 13% free 10490K/11975K, paused 2ms+3ms
07-05 15:14:55.692   545 23430 I DownloadManager: Initiating request for download 6538
07-05 15:14:55.782   545   548 D dalvikvm: GC_CONCURRENT freed 224K, 11% free 10688K/11975K, paused 2ms+3ms
07-05 15:14:55.915   545   548 D dalvikvm: GC_CONCURRENT freed 301K, 10% free 10861K/11975K, paused 2ms+3ms
07-05 15:14:56.134   545   548 D dalvikvm: GC_CONCURRENT freed 830K, 13% free 10522K/11975K, paused 2ms+3ms
07-05 15:14:56.434   545   548 D dalvikvm: GC_CONCURRENT freed 407K, 13% free 10506K/11975K, paused 2ms+2ms
07-05 15:14:56.716   545   548 D dalvikvm: GC_CONCURRENT freed 403K, 13% free 10490K/11975K, paused 2ms+2ms
07-05 15:14:56.825   545 23433 I DownloadManager: Initiating request for download 6539
07-05 15:14:56.930   545   548 D dalvikvm: GC_CONCURRENT freed 198K, 11% free 10707K/11975K, paused 2ms+3ms
07-05 15:14:57.071   545   548 D dalvikvm: GC_CONCURRENT freed 299K, 10% free 10885K/11975K, paused 1ms+3ms
07-05 15:14:57.270  1370 23435 E DictionaryProvider:UpdateHandler: Can't read a file : android.util.MalformedJsonException: Use JsonReader.setLenient(true) to accept malformed JSON at line 1 column 20
07-05 15:14:57.360   545   548 D dalvikvm: GC_CONCURRENT freed 851K, 13% free 10531K/11975K, paused 2ms+2ms
07-05 15:14:57.637   545   548 D dalvikvm: GC_CONCURRENT freed 418K, 13% free 10501K/11975K, paused 2ms+2ms
07-05 15:14:57.919   545   548 D dalvikvm: GC_CONCURRENT freed 401K, 13% free 10487K/11975K, paused 1ms+2ms
07-05 15:14:57.981   545 23438 I DownloadManager: Initiating request for download 6539
07-05 15:14:58.102   545   548 D dalvikvm: GC_CONCURRENT freed 185K, 11% free 10726K/11975K, paused 2ms+3ms
07-05 15:14:58.235   545   548 D dalvikvm: GC_CONCURRENT freed 309K, 9% free 10904K/11975K, paused 2ms+3ms
07-05 15:14:58.524   545   548 D dalvikvm: GC_CONCURRENT freed 887K, 13% free 10518K/11975K, paused 3ms+2ms
07-05 15:14:58.801   545   548 D dalvikvm: GC_CONCURRENT freed 406K, 13% free 10498K/11975K, paused 2ms+2ms
07-05 15:14:59.075   545   548 D dalvikvm: GC_CONCURRENT freed 395K, 13% free 10491K/11975K, paused 2ms+2ms
07-05 15:14:59.106   545 23441 I DownloadManager: Initiating request for download 6540
07-05 15:14:59.227   545   548 D dalvikvm: GC_CONCURRENT freed 163K, 11% free 10760K/11975K, paused 2ms+4ms
07-05 15:14:59.364   545   548 D dalvikvm: GC_CONCURRENT freed 313K, 9% free 10930K/11975K, paused 2ms+3ms
07-05 15:14:59.544  1370 23443 E DictionaryProvider:UpdateHandler: Can't read a file : android.util.MalformedJsonException: Use JsonReader.setLenient(true) to accept malformed JSON at line 1 column 20
07-05 15:14:59.684   545   548 D dalvikvm: GC_CONCURRENT freed 910K, 13% free 10530K/11975K, paused 2ms+3ms
07-05 15:14:59.969   545   548 D dalvikvm: GC_CONCURRENT freed 411K, 13% free 10505K/11975K, paused 1ms+2ms
07-05 15:15:00.192   545 23445 I DownloadManager: Initiating request for download 6540
07-05 15:15:00.255   545   548 D dalvikvm: GC_CONCURRENT freed 352K, 12% free 10539K/11975K, paused 2ms+3ms
07-05 15:15:00.368   545   548 D dalvikvm: GC_CONCURRENT freed 169K, 11% free 10778K/11975K, paused 2ms+3ms
07-05 15:15:00.509   545   548 D dalvikvm: GC_CONCURRENT freed 433K, 10% free 10817K/11975K, paused 2ms+3ms
07-05 15:15:00.844   545   548 D dalvikvm: GC_CONCURRENT freed 772K, 13% free 10519K/11975K, paused 2ms+3ms
07-05 15:15:01.141   545   548 D dalvikvm: GC_CONCURRENT freed 405K, 13% free 10503K/11975K, paused 2ms+3ms
07-05 15:15:01.384   545 23449 I DownloadManager: Initiating request for download 6541
07-05 15:15:01.454   545   548 D dalvikvm: GC_CONCURRENT freed 339K, 12% free 10569K/11975K, paused 2ms+3ms
07-05 15:15:01.583   545   548 D dalvikvm: GC_CONCURRENT freed 196K, 10% free 10793K/11975K, paused 2ms+2ms
07-05 15:15:01.723   545   548 D dalvikvm: GC_CONCURRENT freed 448K, 10% free 10820K/11975K, paused 2ms+3ms
07-05 15:15:01.880  1370 23451 E DictionaryProvider:UpdateHandler: Can't read a file : android.util.MalformedJsonException: Use JsonReader.setLenient(true) to accept malformed JSON at line 1 column 20
07-05 15:15:01.919  1370  1372 D dalvikvm: GC_CONCURRENT freed 390K, 7% free 9133K/9735K, paused 2ms+2ms
07-05 15:15:02.075   545   548 D dalvikvm: GC_CONCURRENT freed 761K, 13% free 10531K/11975K, paused 2ms+2ms
07-05 15:15:02.360   545   548 D dalvikvm: GC_CONCURRENT freed 410K, 13% free 10509K/11975K, paused 1ms+2ms
07-05 15:15:02.548   545 23453 I DownloadManager: Initiating request for download 6541
07-05 15:15:02.618   545   548 D dalvikvm: GC_CONCURRENT freed 316K, 12% free 10609K/11975K, paused 2ms+3ms
07-05 15:15:02.716   545   548 D dalvikvm: GC_CONCURRENT freed 226K, 10% free 10814K/11975K, paused 2ms+2ms
07-05 15:15:03.282   545   548 D dalvikvm: GC_CONCURRENT freed 720K, 12% free 10567K/11975K, paused 3ms+4ms
07-05 15:15:03.594   545   548 D dalvikvm: GC_CONCURRENT freed 434K, 13% free 10523K/11975K, paused 2ms+3ms
07-05 15:15:03.872   545   548 D dalvikvm: GC_CONCURRENT freed 406K, 13% free 10502K/11975K, paused 2ms+3ms
07-05 15:15:04.094   545 23457 I DownloadManager: Initiating request for download 6542
07-05 15:15:04.176   545   548 D dalvikvm: GC_CONCURRENT freed 334K, 12% free 10585K/11975K, paused 2ms+3ms
07-05 15:15:04.298   545   548 D dalvikvm: GC_CONCURRENT freed 208K, 10% free 10836K/11975K, paused 2ms+3ms
07-05 15:15:04.462   545   548 D dalvikvm: GC_CONCURRENT freed 768K, 12% free 10571K/11975K, paused 2ms+3ms
07-05 15:15:04.676   156   514 D dalvikvm: GC_EXPLICIT freed 602K, 16% free 13884K/16391K, paused 3ms+6ms
07-05 15:15:04.676  1370 23459 E DictionaryProvider:UpdateHandler: Can't read a file : android.util.MalformedJsonException: Use JsonReader.setLenient(true) to accept malformed JSON at line 1 column 20
07-05 15:15:04.884   545   548 D dalvikvm: GC_CONCURRENT freed 434K, 13% free 10527K/11975K, paused 2ms+3ms
07-05 15:15:04.969   156   512 I ActivityManager: START {act=android.intent.action.MAIN cat=[android.intent.category.LAUNCHER] flg=0x10200000 cmp=com.metago.astro/.FileManagerActivity bnds=[240,254][360,404]} from pid 649
07-05 15:15:05.094   649   649 D OpenGLRenderer: Flushing caches (mode 1)
07-05 15:15:05.165 21357 21357 D dalvikvm: GC_FOR_ALLOC freed 2048K, 17% free 12066K/14535K, paused 20ms
07-05 15:15:05.204 21357 21360 D dalvikvm: GC_CONCURRENT freed 12K, 11% free 12990K/14535K, paused 2ms+3ms
07-05 15:15:05.219   414   414 V PhoneStatusBar: setLightsOn(true)
07-05 15:15:05.294   649   649 D OpenGLRenderer: Flushing caches (mode 0)
07-05 15:15:05.794   545   548 D dalvikvm: GC_CONCURRENT freed 422K, 13% free 10490K/11975K, paused 8ms+4ms
07-05 15:15:06.036   545 23466 I DownloadManager: Initiating request for download 6542
07-05 15:15:06.122   545   548 D dalvikvm: GC_CONCURRENT freed 320K, 12% free 10557K/11975K, paused 3ms+3ms
07-05 15:15:06.282   545   548 D dalvikvm: GC_CONCURRENT freed 178K, 11% free 10771K/11975K, paused 2ms+10ms
07-05 15:15:06.676   545   548 D dalvikvm: GC_CONCURRENT freed 419K, 10% free 10810K/11975K, paused 2ms+3ms
07-05 15:15:07.091   545   548 D dalvikvm: GC_CONCURRENT freed 768K, 13% free 10509K/11975K, paused 7ms+2ms
07-05 15:15:07.446   545   548 D dalvikvm: GC_CONCURRENT freed 403K, 13% free 10490K/11975K, paused 5ms+2ms
07-05 15:15:07.735   156   530 I ActivityManager: START {act=android.intent.action.VIEW dat=file:///sdcard/Experiment/log.txt typ=text/plain cmp=android/com.android.internal.app.ResolverActivity (has extras)} from pid 21357
07-05 15:15:07.872   545 23469 I DownloadManager: Initiating request for download 6543
07-05 15:15:07.938   156   205 I ActivityManager: Displayed android/com.android.internal.app.ResolverActivity: +156ms
07-05 15:15:08.028   545   548 D dalvikvm: GC_CONCURRENT freed 353K, 12% free 10577K/11975K, paused 2ms+5ms
07-05 15:15:08.204   545   548 D dalvikvm: GC_CONCURRENT freed 215K, 10% free 10794K/11975K, paused 2ms+3ms
07-05 15:15:08.407   545   548 D dalvikvm: GC_CONCURRENT freed 459K, 10% free 10813K/11975K, paused 3ms+3ms
07-05 15:15:08.587  1370 23471 E DictionaryProvider:UpdateHandler: Can't read a file : android.util.MalformedJsonException: Use JsonReader.setLenient(true) to accept malformed JSON at line 1 column 20
07-05 15:15:08.887   545   548 D dalvikvm: GC_CONCURRENT freed 770K, 13% free 10515K/11975K, paused 2ms+2ms
07-05 15:15:09.290   156   172 I ActivityManager: START {act=android.intent.action.VIEW dat=file:///sdcard/Experiment/log.txt typ=text/plain flg=0x3000000 cmp=com.metago.astro/.FileViewer (has extras)} from pid 156
07-05 15:15:09.298   545   548 D dalvikvm: GC_CONCURRENT freed 411K, 13% free 10493K/11975K, paused 2ms+9ms
07-05 15:15:09.485   414   414 V PhoneStatusBar: setLightsOn(true)
07-05 15:15:09.622   156   205 I ActivityManager: Displayed com.metago.astro/.FileViewer: +284ms
07-05 15:15:09.739   465   467 D dalvikvm: GC_CONCURRENT freed 647K, 9% free 11239K/12231K, paused 1ms+18ms
07-05 15:15:09.973   414   416 D dalvikvm: GC_CONCURRENT freed 271K, 36% free 10494K/16263K, paused 4ms+5ms
07-05 15:15:10.266   545 23479 I DownloadManager: Initiating request for download 6543
07-05 15:15:10.364   545   548 D dalvikvm: GC_CONCURRENT freed 294K, 11% free 10689K/11975K, paused 2ms+3ms
07-05 15:15:10.540   545   548 D dalvikvm: GC_CONCURRENT freed 302K, 10% free 10847K/11975K, paused 2ms+2ms
07-05 15:15:10.887 21357 21360 D dalvikvm: GC_CONCURRENT freed 2420K, 19% free 11782K/14535K, paused 1ms+4ms
07-05 15:15:10.926   545   548 D dalvikvm: GC_CONCURRENT freed 789K, 12% free 10546K/11975K, paused 9ms+2ms
07-05 15:15:11.290   545   548 D dalvikvm: GC_CONCURRENT freed 422K, 13% free 10513K/11975K, paused 2ms+3ms
07-05 15:15:11.645   545   548 D dalvikvm: GC_CONCURRENT freed 410K, 13% free 10490K/11975K, paused 2ms+3ms
07-05 15:15:11.805   545 23482 I DownloadManager: Initiating request for download 6544
07-05 15:15:11.868   545 23484 I DownloadManager: Initiating request for download 6545
07-05 15:15:11.934   545   548 D dalvikvm: GC_CONCURRENT freed 253K, 11% free 10685K/11975K, paused 3ms+3ms
07-05 15:15:12.094   545   548 D dalvikvm: GC_CONCURRENT freed 254K, 9% free 10903K/11975K, paused 2ms+3ms
07-05 15:15:12.305   545   548 D dalvikvm: GC_CONCURRENT freed 692K, 11% free 10734K/11975K, paused 2ms+4ms
07-05 15:15:12.446   545   548 D dalvikvm: GC_CONCURRENT freed 325K, 9% free 10913K/11975K, paused 2ms+3ms
07-05 15:15:12.759   545   548 D dalvikvm: GC_CONCURRENT freed 893K, 13% free 10530K/11975K, paused 2ms+3ms
07-05 15:15:12.805  1370 23487 E DictionaryProvider:UpdateHandler: Can't read a file : android.util.MalformedJsonException: Use JsonReader.setLenient(true) to accept malformed JSON at line 1 column 20
07-05 15:15:13.087   545   548 D dalvikvm: GC_CONCURRENT freed 407K, 13% free 10510K/11975K, paused 1ms+3ms
07-05 15:15:13.446   545   548 D dalvikvm: GC_CONCURRENT freed 405K, 13% free 10495K/11975K, paused 2ms+3ms
07-05 15:15:13.520   545 23490 I DownloadManager: Initiating request for download 6544
07-05 15:15:13.520   545 23491 I DownloadManager: Initiating request for download 6545
07-05 15:15:13.634   545   548 D dalvikvm: GC_CONCURRENT freed 175K, 11% free 10746K/11975K, paused 3ms+3ms
07-05 15:15:13.813   545   548 D dalvikvm: GC_CONCURRENT freed 305K, 9% free 10925K/11975K, paused 2ms+3ms
07-05 15:15:13.981   545   548 D dalvikvm: GC_CONCURRENT freed 725K, 11% free 10750K/11975K, paused 2ms+2ms
07-05 15:15:14.114   545   548 D dalvikvm: GC_CONCURRENT freed 318K, 9% free 10902K/11975K, paused 2ms+2ms
07-05 15:15:14.434   545   548 D dalvikvm: GC_CONCURRENT freed 849K, 12% free 10559K/11975K, paused 2ms+3ms
07-05 15:15:14.762   545   548 D dalvikvm: GC_CONCURRENT freed 438K, 13% free 10506K/11975K, paused 1ms+2ms
07-05 15:15:14.821   156   158 D dalvikvm: GC_CONCURRENT freed 895K, 15% free 14079K/16391K, paused 3ms+7ms
07-05 15:15:15.145   545 23496 I DownloadManager: Initiating request for download 6546
07-05 15:15:15.208   545   548 D dalvikvm: GC_CONCURRENT freed 397K, 13% free 10502K/11975K, paused 2ms+3ms
07-05 15:15:15.348   465   467 D dalvikvm: GC_CONCURRENT freed 860K, 11% free 10995K/12231K, paused 2ms+2ms
07-05 15:15:15.391   545   548 D dalvikvm: GC_CONCURRENT freed 165K, 11% free 10760K/11975K, paused 2ms+3ms
07-05 15:15:15.591   545   548 D dalvikvm: GC_CONCURRENT freed 306K, 9% free 10933K/11975K, paused 8ms+3ms
07-05 15:15:15.805  1370 23498 E DictionaryProvider:UpdateHandler: Can't read a file : android.util.MalformedJsonException: Use JsonReader.setLenient(true) to accept malformed JSON at line 1 column 20
07-05 15:15:15.844  1370  1372 D dalvikvm: GC_CONCURRENT freed 434K, 7% free 9141K/9735K, paused 1ms+3ms
07-05 15:15:15.997   545   548 D dalvikvm: GC_CONCURRENT freed 924K, 13% free 10520K/11975K, paused 4ms+3ms
07-05 15:15:16.938   545   548 D dalvikvm: GC_CONCURRENT freed 413K, 13% free 10495K/11975K, paused 2ms+3ms
07-05 15:15:17.216 21357 21360 D dalvikvm: GC_CONCURRENT freed 800K, 19% free 11793K/14535K, paused 2ms+3ms
07-05 15:15:17.333   545 23501 I DownloadManager: Initiating request for download 6546
07-05 15:15:17.403   545   548 D dalvikvm: GC_CONCURRENT freed 361K, 12% free 10556K/11975K, paused 2ms+3ms
07-05 15:15:17.528   545   548 D dalvikvm: GC_CONCURRENT freed 190K, 10% free 10783K/11975K, paused 2ms+3ms
07-05 15:15:18.114   545   548 D dalvikvm: GC_CONCURRENT freed 443K, 10% free 10828K/11975K, paused 11ms+3ms
07-05 15:15:19.075   545   548 D dalvikvm: GC_CONCURRENT freed 791K, 13% free 10516K/11975K, paused 2ms+3ms
07-05 15:15:19.680   545   548 D dalvikvm: GC_CONCURRENT freed 412K, 13% free 10493K/11975K, paused 2ms+3ms
07-05 15:15:20.044   545 23504 I DownloadManager: Initiating request for download 6547
07-05 15:15:20.145   545   548 D dalvikvm: GC_CONCURRENT freed 297K, 12% free 10628K/11975K, paused 2ms+3ms
07-05 15:15:20.313   545   548 D dalvikvm: GC_CONCURRENT freed 246K, 10% free 10853K/11975K, paused 2ms+3ms
07-05 15:15:20.524   545   548 D dalvikvm: GC_CONCURRENT freed 779K, 12% free 10565K/11975K, paused 2ms+4ms
07-05 15:15:20.610  1370 23507 E DictionaryProvider:UpdateHandler: Can't read a file : android.util.MalformedJsonException: Use JsonReader.setLenient(true) to accept malformed JSON at line 1 column 20
07-05 15:15:20.657   465 23508 D dalvikvm: GC_EXPLICIT freed 468K, 11% free 10991K/12231K, paused 5ms+3ms
07-05 15:15:21.032   545   548 D dalvikvm: GC_CONCURRENT freed 435K, 13% free 10521K/11975K, paused 2ms+3ms
07-05 15:15:21.309   545   548 D dalvikvm: GC_CONCURRENT freed 415K, 13% free 10495K/11975K, paused 2ms+3ms
07-05 15:15:21.587   545 23510 I DownloadManager: Initiating request for download 6547
07-05 15:15:21.692   545   548 D dalvikvm: GC_CONCURRENT freed 275K, 12% free 10643K/11975K, paused 2ms+3ms
07-05 15:15:21.821   545   548 D dalvikvm: GC_CONCURRENT freed 266K, 10% free 10848K/11975K, paused 2ms+2ms
07-05 15:15:21.969 21357 21360 D dalvikvm: GC_CONCURRENT freed 812K, 19% free 11810K/14535K, paused 1ms+3ms
07-05 15:15:22.016   545   548 D dalvikvm: GC_CONCURRENT freed 780K, 12% free 10558K/11975K, paused 2ms+2ms
07-05 15:15:22.087 23083 23086 D dalvikvm: GC_CONCURRENT freed 443K, 6% free 9180K/9735K, paused 1ms+4ms
07-05 15:15:22.458   545   548 D dalvikvm: GC_CONCURRENT freed 432K, 13% free 10515K/11975K, paused 1ms+2ms
07-05 15:15:22.801   545   548 D dalvikvm: GC_CONCURRENT freed 407K, 13% free 10495K/11975K, paused 2ms+2ms
07-05 15:15:23.020   545 23513 I DownloadManager: Initiating request for download 6548
07-05 15:15:23.122   545   548 D dalvikvm: GC_CONCURRENT freed 242K, 11% free 10680K/11975K, paused 2ms+3ms
07-05 15:15:23.262   545   548 D dalvikvm: GC_CONCURRENT freed 290K, 10% free 10876K/11975K, paused 2ms+3ms
07-05 15:15:23.505   545   548 D dalvikvm: GC_CONCURRENT freed 811K, 12% free 10559K/11975K, paused 3ms+2ms
07-05 15:15:23.583  1370 23515 E DictionaryProvider:UpdateHandler: Can't read a file : android.util.MalformedJsonException: Use JsonReader.setLenient(true) to accept malformed JSON at line 1 column 20
07-05 15:15:23.837   545   548 D dalvikvm: GC_CONCURRENT freed 427K, 13% free 10518K/11975K, paused 2ms+3ms
07-05 15:15:24.122   545   548 D dalvikvm: GC_CONCURRENT freed 410K, 13% free 10499K/11975K, paused 2ms+2ms
07-05 15:15:24.251   545 23518 I DownloadManager: Initiating request for download 6548
07-05 15:15:24.341   545   548 D dalvikvm: GC_CONCURRENT freed 229K, 11% free 10690K/11975K, paused 2ms+3ms
07-05 15:15:24.477   545   548 D dalvikvm: GC_CONCURRENT freed 292K, 10% free 10868K/11975K, paused 1ms+4ms
07-05 15:15:24.692   545   548 D dalvikvm: GC_CONCURRENT freed 800K, 12% free 10561K/11975K, paused 2ms+3ms
07-05 15:15:24.993   545   548 D dalvikvm: GC_CONCURRENT freed 435K, 13% free 10513K/11975K, paused 2ms+3ms
07-05 15:15:25.294   545   548 D dalvikvm: GC_CONCURRENT freed 404K, 13% free 10495K/11975K, paused 2ms+4ms
07-05 15:15:25.438   545 23521 I DownloadManager: Initiating request for download 6549
07-05 15:15:25.559   545   548 D dalvikvm: GC_CONCURRENT freed 216K, 11% free 10704K/11975K, paused 2ms+3ms
07-05 15:15:25.688   545   548 D dalvikvm: GC_CONCURRENT freed 297K, 10% free 10876K/11975K, paused 2ms+3ms
07-05 15:15:25.911   545   548 D dalvikvm: GC_CONCURRENT freed 844K, 13% free 10530K/11975K, paused 2ms+3ms
07-05 15:15:25.954  1370 23523 E DictionaryProvider:UpdateHandler: Can't read a file : android.util.MalformedJsonException: Use JsonReader.setLenient(true) to accept malformed JSON at line 1 column 20
07-05 15:15:26.239   545   548 D dalvikvm: GC_CONCURRENT freed 400K, 13% free 10518K/11975K, paused 2ms+3ms
07-05 15:15:26.524   545   548 D dalvikvm: GC_CONCURRENT freed 407K, 13% free 10496K/11975K, paused 2ms+2ms
07-05 15:15:26.637   545 23526 I DownloadManager: Initiating request for download 6549
07-05 15:15:26.731   545   548 D dalvikvm: GC_CONCURRENT freed 206K, 11% free 10728K/11975K, paused 2ms+3ms
07-05 15:15:26.868   545   548 D dalvikvm: GC_CONCURRENT freed 319K, 10% free 10894K/11975K, paused 2ms+3ms
07-05 15:15:27.114   156   559 D dalvikvm: GC_EXPLICIT freed 474K, 16% free 13877K/16391K, paused 4ms+5ms
07-05 15:15:27.212   545   548 D dalvikvm: GC_CONCURRENT freed 867K, 13% free 10527K/11975K, paused 2ms+3ms
07-05 15:15:27.489   545   548 D dalvikvm: GC_CONCURRENT freed 413K, 13% free 10501K/11975K, paused 2ms+4ms
07-05 15:15:27.794   545   548 D dalvikvm: GC_CONCURRENT freed 399K, 13% free 10489K/11975K, paused 2ms+2ms
07-05 15:15:27.907   545 23529 I DownloadManager: Initiating request for download 6550
07-05 15:15:28.020   545   548 D dalvikvm: GC_CONCURRENT freed 182K, 11% free 10723K/11975K, paused 2ms+3ms
07-05 15:15:28.165   545   548 D dalvikvm: GC_CONCURRENT freed 317K, 9% free 10907K/11975K, paused 2ms+3ms
07-05 15:15:28.360  1370 23531 E DictionaryProvider:UpdateHandler: Can't read a file : android.util.MalformedJsonException: Use JsonReader.setLenient(true) to accept malformed JSON at line 1 column 20
07-05 15:15:28.399  1370  1372 D dalvikvm: GC_CONCURRENT freed 398K, 7% free 9127K/9735K, paused 2ms+2ms
07-05 15:15:28.426  1370  1381 D dalvikvm: GC_EXPLICIT freed 42K, 7% free 9084K/9735K, paused 1ms+3ms
07-05 15:15:28.540   545   548 D dalvikvm: GC_CONCURRENT freed 881K, 13% free 10530K/11975K, paused 2ms+3ms
07-05 15:15:28.829   545   548 D dalvikvm: GC_CONCURRENT freed 415K, 13% free 10502K/11975K, paused 2ms+3ms
07-05 15:15:29.130   545   548 D dalvikvm: GC_CONCURRENT freed 400K, 13% free 10488K/11975K, paused 2ms+3ms
07-05 15:15:29.255   545 23534 D dalvikvm: GC_EXPLICIT freed 42K, 12% free 10544K/11975K, paused 2ms+11ms
07-05 15:15:29.262   545 23534 I DownloadManager: Initiating request for download 6550
07-05 15:15:29.391   545   548 D dalvikvm: GC_CONCURRENT freed 184K, 11% free 10776K/11975K, paused 2ms+2ms
07-05 15:15:29.520   545   548 D dalvikvm: GC_CONCURRENT freed 333K, 9% free 10932K/11975K, paused 3ms+3ms
07-05 15:15:29.868   545   548 D dalvikvm: GC_CONCURRENT freed 927K, 13% free 10517K/11975K, paused 2ms+3ms
07-05 15:15:30.157   545   548 D dalvikvm: GC_CONCURRENT freed 407K, 13% free 10497K/11975K, paused 2ms+3ms
07-05 15:15:30.356   545 23537 I DownloadManager: Initiating request for download 6551
07-05 15:15:30.446   545   548 D dalvikvm: GC_CONCURRENT freed 308K, 12% free 10613K/11975K, paused 2ms+4ms
07-05 15:15:30.583   545   548 D dalvikvm: GC_CONCURRENT freed 233K, 10% free 10839K/11975K, paused 2ms+3ms
07-05 15:15:30.891   545   548 D dalvikvm: GC_CONCURRENT freed 510K, 10% free 10824K/11975K, paused 2ms+3ms
07-05 15:15:31.036  1370 23539 E DictionaryProvider:UpdateHandler: Can't read a file : android.util.MalformedJsonException: Use JsonReader.setLenient(true) to accept malformed JSON at line 1 column 20
07-05 15:15:31.430   545   548 D dalvikvm: GC_CONCURRENT freed 777K, 13% free 10523K/11975K, paused 10ms+3ms
07-05 15:15:31.962   545   548 D dalvikvm: GC_CONCURRENT freed 411K, 13% free 10499K/11975K, paused 2ms+3ms
07-05 15:15:32.161   545 23542 I DownloadManager: Initiating request for download 6551
07-05 15:15:32.426   545   548 D dalvikvm: GC_CONCURRENT freed 228K, 11% free 10718K/11975K, paused 7ms+89ms
07-05 15:15:32.598   545   548 D dalvikvm: GC_CONCURRENT freed 318K, 10% free 10872K/11975K, paused 2ms+3ms
07-05 15:15:33.071   545   548 D dalvikvm: GC_CONCURRENT freed 835K, 13% free 10528K/11975K, paused 3ms+50ms
07-05 15:15:33.454   545   548 D dalvikvm: GC_CONCURRENT freed 405K, 13% free 10511K/11975K, paused 2ms+3ms
07-05 15:15:33.989   545   548 D dalvikvm: GC_CONCURRENT freed 399K, 13% free 10497K/11975K, paused 2ms+2ms
07-05 15:15:34.204   545 23545 I DownloadManager: Initiating request for download 6552
07-05 15:15:34.516   545   548 D dalvikvm: GC_CONCURRENT freed 215K, 11% free 10712K/11975K, paused 2ms+3ms
07-05 15:15:34.661   545   548 D dalvikvm: GC_CONCURRENT freed 310K, 10% free 10896K/11975K, paused 2ms+3ms
07-05 15:15:35.110  1370 23547 E DictionaryProvider:UpdateHandler: Can't read a file : android.util.MalformedJsonException: Use JsonReader.setLenient(true) to accept malformed JSON at line 1 column 20
07-05 15:15:35.251   545   548 D dalvikvm: GC_CONCURRENT freed 861K, 12% free 10539K/11975K, paused 2ms+3ms
07-05 15:15:35.813   545   548 D dalvikvm: GC_CONCURRENT freed 414K, 13% free 10511K/11975K, paused 4ms+3ms
07-05 15:15:36.344   545   548 D dalvikvm: GC_CONCURRENT freed 398K, 13% free 10499K/11975K, paused 2ms+25ms
07-05 15:15:36.430   545 23550 I DownloadManager: Initiating request for download 6552
07-05 15:15:36.540   545   548 D dalvikvm: GC_CONCURRENT freed 193K, 11% free 10724K/11975K, paused 2ms+2ms
07-05 15:15:36.790   545   548 D dalvikvm: GC_CONCURRENT freed 300K, 9% free 10903K/11975K, paused 2ms+4ms
07-05 15:15:37.110   545   548 D dalvikvm: GC_CONCURRENT freed 875K, 13% free 10531K/11975K, paused 2ms+2ms
07-05 15:15:37.391   545   548 D dalvikvm: GC_CONCURRENT freed 408K, 13% free 10509K/11975K, paused 2ms+3ms
07-05 15:15:37.680   545   548 D dalvikvm: GC_CONCURRENT freed 399K, 13% free 10496K/11975K, paused 2ms+2ms
07-05 15:15:37.774   545 23553 I DownloadManager: Initiating request for download 6553
07-05 15:15:37.899   545   548 D dalvikvm: GC_CONCURRENT freed 182K, 11% free 10742K/11975K, paused 2ms+3ms
07-05 15:15:38.352   545   548 D dalvikvm: GC_CONCURRENT freed 298K, 9% free 10914K/11975K, paused 2ms+2ms
07-05 15:15:39.130   545   548 D dalvikvm: GC_CONCURRENT freed 887K, 13% free 10532K/11975K, paused 2ms+2ms
07-05 15:15:39.169  1370 23555 E DictionaryProvider:UpdateHandler: Can't read a file : android.util.MalformedJsonException: Use JsonReader.setLenient(true) to accept malformed JSON at line 1 column 20
07-05 15:15:39.212   465   467 D dalvikvm: GC_CONCURRENT freed 476K, 10% free 11047K/12231K, paused 2ms+3ms
07-05 15:15:39.887   545   548 D dalvikvm: GC_CONCURRENT freed 395K, 13% free 10521K/11975K, paused 3ms+4ms
07-05 15:15:40.446   545   548 D dalvikvm: GC_CONCURRENT freed 409K, 13% free 10498K/11975K, paused 2ms+2ms
07-05 15:15:40.505   545 23558 I DownloadManager: Initiating request for download 6553
07-05 15:15:40.610   545   548 D dalvikvm: GC_CONCURRENT freed 170K, 11% free 10775K/11975K, paused 2ms+2ms
07-05 15:15:40.911   545   548 D dalvikvm: GC_CONCURRENT freed 346K, 9% free 10946K/11975K, paused 2ms+3ms
07-05 15:15:41.235   545   548 D dalvikvm: GC_CONCURRENT freed 934K, 13% free 10528K/11975K, paused 2ms+3ms
07-05 15:15:41.509   545   548 D dalvikvm: GC_CONCURRENT freed 404K, 13% free 10513K/11975K, paused 3ms+3ms
07-05 15:15:41.747   545 23561 I DownloadManager: Initiating request for download 6554
07-05 15:15:41.829   545   548 D dalvikvm: GC_CONCURRENT freed 372K, 12% free 10591K/11975K, paused 2ms+4ms
07-05 15:15:41.958   545   548 D dalvikvm: GC_CONCURRENT freed 212K, 10% free 10812K/11975K, paused 2ms+3ms
07-05 15:15:42.122   545   548 D dalvikvm: GC_CONCURRENT freed 457K, 10% free 10850K/11975K, paused 2ms+2ms
07-05 15:15:42.278  1370 23563 E DictionaryProvider:UpdateHandler: Can't read a file : android.util.MalformedJsonException: Use JsonReader.setLenient(true) to accept malformed JSON at line 1 column 20
07-05 15:15:42.313  1370  1372 D dalvikvm: GC_CONCURRENT freed 335K, 7% free 9146K/9735K, paused 1ms+2ms
07-05 15:15:42.528   545   548 D dalvikvm: GC_CONCURRENT freed 800K, 13% free 10534K/11975K, paused 2ms+3ms
07-05 15:15:42.813   545   548 D dalvikvm: GC_CONCURRENT freed 412K, 13% free 10508K/11975K, paused 2ms+2ms
07-05 15:15:42.981   545 23566 I DownloadManager: Initiating request for download 6554
07-05 15:15:43.055   545   548 D dalvikvm: GC_CONCURRENT freed 285K, 11% free 10697K/11975K, paused 2ms+4ms
07-05 15:15:43.188   545   548 D dalvikvm: GC_CONCURRENT freed 296K, 10% free 10865K/11975K, paused 2ms+4ms
07-05 15:15:43.387   545   548 D dalvikvm: GC_CONCURRENT freed 788K, 12% free 10573K/11975K, paused 2ms+3ms
07-05 15:15:43.708   545   548 D dalvikvm: GC_CONCURRENT freed 438K, 13% free 10528K/11975K, paused 2ms+3ms
07-05 15:15:43.993   545   548 D dalvikvm: GC_CONCURRENT freed 407K, 13% free 10507K/11975K, paused 2ms+3ms
07-05 15:15:44.157   545 23569 I DownloadManager: Initiating request for download 6555
07-05 15:15:44.251   545   548 D dalvikvm: GC_CONCURRENT freed 226K, 11% free 10699K/11975K, paused 2ms+3ms
07-05 15:15:44.384   545   548 D dalvikvm: GC_CONCURRENT freed 297K, 10% free 10870K/11975K, paused 2ms+3ms
07-05 15:15:44.587   545   548 D dalvikvm: GC_CONCURRENT freed 795K, 12% free 10575K/11975K, paused 3ms+3ms
07-05 15:15:44.876   545   548 D dalvikvm: GC_CONCURRENT freed 441K, 13% free 10528K/11975K, paused 2ms+2ms
07-05 15:15:45.208   414   416 D dalvikvm: GC_CONCURRENT freed 656K, 37% free 10348K/16263K, paused 3ms+3ms
07-05 15:15:45.337   414   416 D dalvikvm: GC_CONCURRENT freed 357K, 37% free 10396K/16263K, paused 2ms+4ms
07-05 15:15:45.450   545   548 D dalvikvm: GC_CONCURRENT freed 404K, 13% free 10511K/11975K, paused 3ms+4ms
07-05 15:15:46.239   414   414 V PhoneStatusBar: setLightsOn(true)
07-05 15:15:46.321 21357 21357 D dalvikvm: GC_FOR_ALLOC freed 746K, 19% free 11808K/14535K, paused 24ms
07-05 15:15:46.368 21357 21360 D dalvikvm: GC_CONCURRENT freed 2K, 13% free 12732K/14535K, paused 2ms+3ms
07-05 15:15:46.391 21357 21357 D dalvikvm: GC_FOR_ALLOC freed <1K, 10% free 13113K/14535K, paused 20ms
07-05 15:15:46.391 21357 21357 I dalvikvm-heap: Grow heap (frag case) to 13.027MB for 159952-byte allocation
07-05 15:15:46.419 21357 21357 D dalvikvm: GC_FOR_ALLOC freed 0K, 10% free 13269K/14727K, paused 20ms
07-05 15:15:46.442 21357 21357 D dalvikvm: GC_FOR_ALLOC freed 0K, 10% free 13290K/14727K, paused 20ms
07-05 15:15:46.442 21357 21357 I dalvikvm-heap: Grow heap (frag case) to 13.200MB for 159952-byte allocation
07-05 15:15:46.462 21357 21357 D dalvikvm: GC_FOR_ALLOC freed 0K, 10% free 13446K/14919K, paused 20ms
07-05 15:15:46.485 21357 21357 D dalvikvm: GC_FOR_ALLOC freed 0K, 9% free 13643K/14919K, paused 20ms
07-05 15:15:46.501 21357 21357 W IInputConnectionWrapper: finishComposingText on inactive InputConnection
07-05 15:15:46.622  1370 23573 E DictionaryProvider:UpdateHandler: Can't read a file : android.util.MalformedJsonException: Use JsonReader.setLenient(true) to accept malformed JSON at line 1 column 20
07-05 15:15:46.911   545   548 D dalvikvm: GC_CONCURRENT freed 349K, 12% free 10547K/11975K, paused 2ms+4ms
07-05 15:15:47.270   545   548 D dalvikvm: GC_CONCURRENT freed 414K, 13% free 10520K/11975K, paused 5ms+2ms
07-05 15:15:47.876   545   548 D dalvikvm: GC_CONCURRENT freed 399K, 13% free 10507K/11975K, paused 2ms+5ms
07-05 15:15:48.294   545   548 D dalvikvm: GC_CONCURRENT freed 356K, 12% free 10539K/11975K, paused 2ms+3ms
07-05 15:15:48.325   156   210 I ActivityManager: START {act=android.intent.action.MAIN cat=[android.intent.category.HOME] flg=0x10200000 cmp=com.android.launcher/com.android.launcher2.Launcher} from pid 156
07-05 15:15:48.469   156   168 W InputManagerService: Starting input on non-focused client com.android.internal.view.IInputMethodClient$Stub$Proxy@4161e638 (uid=10056 pid=21357)
07-05 15:15:48.782   545   548 D dalvikvm: GC_CONCURRENT freed 405K, 13% free 10521K/11975K, paused 4ms+3ms
07-05 15:15:49.227   545   548 D dalvikvm: GC_CONCURRENT freed 403K, 13% free 10505K/11975K, paused 2ms+3ms
07-05 15:15:49.419   545 23583 I DownloadManager: Initiating request for download 6556
07-05 15:15:49.551   545   548 D dalvikvm: GC_CONCURRENT freed 204K, 11% free 10726K/11975K, paused 3ms+3ms
07-05 15:15:49.731   545   548 D dalvikvm: GC_CONCURRENT freed 317K, 9% free 10902K/11975K, paused 2ms+3ms
07-05 15:15:49.985  1370 23585 E DictionaryProvider:UpdateHandler: Can't read a file : android.util.MalformedJsonException: Use JsonReader.setLenient(true) to accept malformed JSON at line 1 column 20
07-05 15:15:50.009   545   548 D dalvikvm: GC_CONCURRENT freed 870K, 12% free 10560K/11975K, paused 2ms+2ms
07-05 15:15:50.301   545   548 D dalvikvm: GC_CONCURRENT freed 421K, 13% free 10526K/11975K, paused 2ms+2ms
07-05 15:15:50.587   545   548 D dalvikvm: GC_CONCURRENT freed 404K, 13% free 10508K/11975K, paused 2ms+2ms
07-05 15:15:50.669   545 23588 I DownloadManager: Initiating request for download 6556
07-05 15:15:50.774   545   548 D dalvikvm: GC_CONCURRENT freed 195K, 11% free 10743K/11975K, paused 2ms+3ms
07-05 15:15:50.911   545   548 D dalvikvm: GC_CONCURRENT freed 306K, 9% free 10926K/11975K, paused 2ms+4ms
07-05 15:15:51.126   545 23591 I DownloadManager: in removeSpuriousFiles
07-05 15:15:51.180   545 23591 D dalvikvm: GC_FOR_ALLOC freed 879K, 11% free 10681K/11975K, paused 27ms
07-05 15:15:51.266   545   548 D dalvikvm: GC_CONCURRENT freed 347K, 10% free 10887K/11975K, paused 2ms+7ms
07-05 15:15:51.282   545 23591 I DownloadManager: in removeSpuriousFiles, preserving file /data/data/com.android.providers.downloads/cache/metadata-137.htm
07-05 15:15:51.282   545 23591 I DownloadManager: in removeSpuriousFiles, preserving file /data/data/com.android.providers.downloads/cache/metadata-61.htm
07-05 15:15:51.282   545 23591 I DownloadManager: in removeSpuriousFiles, preserving file /data/data/com.android.providers.downloads/cache/metadata-18.htm
07-05 15:15:51.282   545 23591 I DownloadManager: in removeSpuriousFiles, preserving file /data/data/com.android.providers.downloads/cache/metadata-552.htm
07-05 15:15:51.282   545 23591 I DownloadManager: in removeSpuriousFiles, preserving file /data/data/com.android.providers.downloads/cache/metadata-1964.htm
07-05 15:15:51.282   545 23591 I DownloadManager: in removeSpuriousFiles, preserving file /data/data/com.android.providers.downloads/cache/metadata-357.htm
07-05 15:15:51.286   545 23591 I DownloadManager: in removeSpuriousFiles, preserving file /data/data/com.android.providers.downloads/cache/metadata-48.htm
07-05 15:15:51.286   545 23591 I DownloadManager: in removeSpuriousFiles, preserving file /data/data/com.android.providers.downloads/cache/metadata-482.htm
07-05 15:15:51.286   545 23591 I DownloadManager: in removeSpuriousFiles, preserving file /data/data/com.android.providers.downloads/cache/metadata-152.htm
07-05 15:15:51.286   545 23591 I DownloadManager: in removeSpuriousFiles, preserving file /data/data/com.android.providers.downloads/cache/metadata-65.htm
07-05 15:15:51.286   545 23591 I DownloadManager: in removeSpuriousFiles, preserving file /data/data/com.android.providers.downloads/cache/metadata-518.htm
07-05 15:15:51.286   545 23591 I DownloadManager: in removeSpuriousFiles, preserving file /data/data/com.android.providers.downloads/cache/metadata-356.htm
07-05 15:15:51.286   545 23591 I DownloadManager: in removeSpuriousFiles, preserving file /data/data/com.android.providers.downloads/cache/metadata-146.htm
07-05 15:15:51.290   545 23591 I DownloadManager: in removeSpuriousFiles, preserving file /data/data/com.android.providers.downloads/cache/metadata-841.htm
07-05 15:15:51.290   545 23591 I DownloadManager: in removeSpuriousFiles, preserving file /data/data/com.android.providers.downloads/cache/metadata-1358.htm
07-05 15:15:51.290   545 23591 I DownloadManager: in removeSpuriousFiles, preserving file /data/data/com.android.providers.downloads/cache/metadata-427.htm
07-05 15:15:51.290   545 23591 I DownloadManager: in removeSpuriousFiles, preserving file /data/data/com.android.providers.downloads/cache/metadata-119.htm
07-05 15:15:51.290   545 23591 I DownloadManager: in removeSpuriousFiles, preserving file /data/data/com.android.providers.downloads/cache/metadata-243.htm
07-05 15:15:51.294   545 23591 I DownloadManager: in removeSpuriousFiles, preserving file /data/data/com.android.providers.downloads/cache/metadata-167.htm
07-05 15:15:51.294   545 23591 I DownloadManager: in removeSpuriousFiles, preserving file /data/data/com.android.providers.downloads/cache/metadata-411.htm
07-05 15:15:51.294   545 23591 I DownloadManager: in removeSpuriousFiles, preserving file /data/data/com.android.providers.downloads/cache/metadata-80.htm
07-05 15:15:51.294   545 23591 I DownloadManager: in removeSpuriousFiles, preserving file /data/data/com.android.providers.downloads/cache/metadata-311.htm
07-05 15:15:51.294   545 23591 I DownloadManager: in removeSpuriousFiles, preserving file /data/data/com.android.providers.downloads/cache/metadata-353.htm
07-05 15:15:51.294   545 23591 I DownloadManager: in removeSpuriousFiles, preserving file /data/data/com.android.providers.downloads/cache/metadata-242.htm
07-05 15:15:51.294   545 23591 I DownloadManager: in removeSpuriousFiles, preserving file /data/data/com.android.providers.downloads/cache/metadata-432.htm
07-05 15:15:51.298   545 23591 I DownloadManager: in removeSpuriousFiles, preserving file /data/data/com.android.providers.downloads/cache/metadata-169.htm
07-05 15:15:51.298   545 23591 I DownloadManager: in removeSpuriousFiles, preserving file /data/data/com.android.providers.downloads/cache/metadata-203.htm
07-05 15:15:51.298   545 23591 I DownloadManager: in removeSpuriousFiles, preserving file /data/data/com.android.providers.downloads/cache/metadata-709.htm
07-05 15:15:51.298   545 23591 I DownloadManager: in removeSpuriousFiles, preserving file /data/data/com.android.providers.downloads/cache/metadata-250.htm
07-05 15:15:51.298   545 23591 I DownloadManager: in removeSpuriousFiles, preserving file /data/data/com.android.providers.downloads/cache/metadata-404.htm
07-05 15:15:51.301   545 23591 I DownloadManager: in removeSpuriousFiles, preserving file /data/data/com.android.providers.downloads/cache/metadata-303.htm
07-05 15:15:51.301   545 23591 I DownloadManager: in removeSpuriousFiles, preserving file /data/data/com.android.providers.downloads/cache/metadata-686.htm
07-05 15:15:51.301   545 23591 I DownloadManager: in removeSpuriousFiles, preserving file /data/data/com.android.providers.downloads/cache/metadata-1886.htm
07-05 15:15:51.301   545 23591 I DownloadManager: in removeSpuriousFiles, preserving file /data/data/com.android.providers.downloads/cache/metadata-392.htm
07-05 15:15:51.301   545 23591 I DownloadManager: in removeSpuriousFiles, preserving file /data/data/com.android.providers.downloads/cache/metadata-1865.htm
07-05 15:15:51.305   545 23591 I DownloadManager: in removeSpuriousFiles, preserving file /data/data/com.android.providers.downloads/cache/metadata-580.htm
07-05 15:15:51.305   545 23591 I DownloadManager: in removeSpuriousFiles, preserving file /data/data/com.android.providers.downloads/cache/metadata-1420.htm
07-05 15:15:51.305   545 23591 I DownloadManager: in removeSpuriousFiles, preserving file /data/data/com.android.providers.downloads/cache/metadata-757.htm
07-05 15:15:51.305   545 23591 I DownloadManager: in removeSpuriousFiles, preserving file /data/data/com.android.providers.downloads/cache/metadata-333.htm
07-05 15:15:51.309   545 23591 I DownloadManager: in removeSpuriousFiles, preserving file /data/data/com.android.providers.downloads/cache/metadata-1755.htm
07-05 15:15:51.309   545 23591 I DownloadManager: in removeSpuriousFiles, preserving file /data/data/com.android.providers.downloads/cache/metadata-369.htm
07-05 15:15:51.309   545 23591 I DownloadManager: in removeSpuriousFiles, preserving file /data/data/com.android.providers.downloads/cache/metadata-286.htm
07-05 15:15:51.309   545 23591 I DownloadManager: in removeSpuriousFiles, preserving file /data/data/com.android.providers.downloads/cache/metadata-1340.htm
07-05 15:15:51.309   545 23591 I DownloadManager: in removeSpuriousFiles, preserving file /data/data/com.android.providers.downloads/cache/metadata-271.htm
07-05 15:15:51.313   545 23591 I DownloadManager: in removeSpuriousFiles, preserving file /data/data/com.android.providers.downloads/cache/metadata-289.htm
07-05 15:15:51.313   545 23591 I DownloadManager: in removeSpuriousFiles, preserving file /data/data/com.android.providers.downloads/cache/metadata-305.htm
07-05 15:15:51.313   545 23591 I DownloadManager: in removeSpuriousFiles, preserving file /data/data/com.android.providers.downloads/cache/metadata-714.htm
07-05 15:15:51.313   545 23591 I DownloadManager: in removeSpuriousFiles, preserving file /data/data/com.android.providers.downloads/cache/metadata-193.htm
07-05 15:15:51.317   545 23591 I DownloadManager: in removeSpuriousFiles, preserving file /data/data/com.android.providers.downloads/cache/metadata-1256.htm
07-05 15:15:51.317   545 23591 I DownloadManager: in removeSpuriousFiles, preserving file /data/data/com.android.providers.downloads/cache/metadata-1197.htm
07-05 15:15:51.317   545 23591 I DownloadManager: in removeSpuriousFiles, preserving file /data/data/com.android.providers.downloads/cache/metadata-133.htm
07-05 15:15:51.317   545 23591 I DownloadManager: in removeSpuriousFiles, preserving file /data/data/com.android.providers.downloads/cache/metadata-871.htm
07-05 15:15:51.321   545 23591 I DownloadManager: in removeSpuriousFiles, preserving file /data/data/com.android.providers.downloads/cache/metadata-1968.htm
07-05 15:15:51.321   545 23591 I DownloadManager: in removeSpuriousFiles, preserving file /data/data/com.android.providers.downloads/cache/metadata-213.htm
07-05 15:15:51.321   545 23591 I DownloadManager: in removeSpuriousFiles, preserving file /data/data/com.android.providers.downloads/cache/metadata-83.htm
07-05 15:15:51.321   545 23591 I DownloadManager: in removeSpuriousFiles, preserving file /data/data/com.android.providers.downloads/cache/metadata-459.htm
07-05 15:15:51.325   545 23591 I DownloadManager: in removeSpuriousFiles, preserving file /data/data/com.android.providers.downloads/cache/metadata-304.htm
07-05 15:15:51.325   545 23591 I DownloadManager: in removeSpuriousFiles, preserving file /data/data/com.android.providers.downloads/cache/metadata-1453.htm
07-05 15:15:51.325   545 23591 I DownloadManager: in removeSpuriousFiles, preserving file /data/data/com.android.providers.downloads/cache/metadata-453.htm
07-05 15:15:51.329   545 23591 I DownloadManager: in removeSpuriousFiles, preserving file /data/data/com.android.providers.downloads/cache/metadata-2085.htm
07-05 15:15:51.329   545 23591 I DownloadManager: in removeSpuriousFiles, preserving file /data/data/com.android.providers.downloads/cache/metadata-1629.htm
07-05 15:15:51.329   545 23591 I DownloadManager: in removeSpuriousFiles, preserving file /data/data/com.android.providers.downloads/cache/metadata-883.htm
07-05 15:15:51.329   545 23591 I DownloadManager: in removeSpuriousFiles, preserving file /data/data/com.android.providers.downloads/cache/metadata-162.htm
07-05 15:15:51.333   545 23591 I DownloadManager: in removeSpuriousFiles, preserving file /data/data/com.android.providers.downloads/cache/metadata-1131.htm
07-05 15:15:51.333   545 23591 I DownloadManager: in removeSpuriousFiles, preserving file /data/data/com.android.providers.downloads/cache/metadata-537.htm
07-05 15:15:51.333   545 23591 I DownloadManager: in removeSpuriousFiles, preserving file /data/data/com.android.providers.downloads/cache/metadata-640.htm
07-05 15:15:51.333   545 23591 I DownloadManager: in removeSpuriousFiles, preserving file /data/data/com.android.providers.downloads/cache/metadata-1334.htm
07-05 15:15:51.337   545 23591 I DownloadManager: in removeSpuriousFiles, preserving file /data/data/com.android.providers.downloads/cache/metadata-940.htm
07-05 15:15:51.337   545 23591 I DownloadManager: in removeSpuriousFiles, preserving file /data/data/com.android.providers.downloads/cache/metadata-1013.htm
07-05 15:15:51.337   545 23591 I DownloadManager: in removeSpuriousFiles, preserving file /data/data/com.android.providers.downloads/cache/metadata-296.htm
07-05 15:15:51.341   545 23591 I DownloadManager: in removeSpuriousFiles, preserving file /data/data/com.android.providers.downloads/cache/metadata-2099.htm
07-05 15:15:51.341   545 23591 I DownloadManager: in removeSpuriousFiles, preserving file /data/data/com.android.providers.downloads/cache/metadata-440.htm
07-05 15:15:51.341   545 23591 I DownloadManager: in removeSpuriousFiles, preserving file /data/data/com.android.providers.downloads/cache/metadata-1900.htm
07-05 15:15:51.341   545 23591 I DownloadManager: in removeSpuriousFiles, preserving file /data/data/com.android.providers.downloads/cache/metadata-2315.htm
07-05 15:15:51.344   545 23591 I DownloadManager: in removeSpuriousFiles, preserving file /data/data/com.android.providers.downloads/cache/metadata-380.htm
07-05 15:15:51.344   545 23591 I DownloadManager: in removeSpuriousFiles, preserving file /data/data/com.android.providers.downloads/cache/metadata-2029.htm
07-05 15:15:51.344   545 23591 I DownloadManager: in removeSpuriousFiles, preserving file /data/data/com.android.providers.downloads/cache/metadata-104.htm
07-05 15:15:51.348   545 23591 I DownloadManager: in removeSpuriousFiles, preserving file /data/data/com.android.providers.downloads/cache/metadata-451.htm
07-05 15:15:51.348   545 23591 I DownloadManager: in removeSpuriousFiles, preserving file /data/data/com.android.providers.downloads/cache/metadata-644.htm
07-05 15:15:51.348   545 23591 I DownloadManager: in removeSpuriousFiles, preserving file /data/data/com.android.providers.downloads/cache/metadata-1017.htm
07-05 15:15:51.348   545 23591 I DownloadManager: in removeSpuriousFiles, preserving file /data/data/com.android.providers.downloads/cache/metadata-635.htm
07-05 15:15:51.352   545 23591 I DownloadManager: in removeSpuriousFiles, preserving file /data/data/com.android.providers.downloads/cache/metadata-692.htm
07-05 15:15:51.352   545 23591 I DownloadManager: in removeSpuriousFiles, preserving file /data/data/com.android.providers.downloads/cache/metadata-705.htm
07-05 15:15:51.352   545 23591 I DownloadManager: in removeSpuriousFiles, preserving file /data/data/com.android.providers.downloads/cache/metadata-877.htm
07-05 15:15:51.356   545 23591 I DownloadManager: in removeSpuriousFiles, preserving file /data/data/com.android.providers.downloads/cache/metadata-653.htm
07-05 15:15:51.356   545 23591 I DownloadManager: in removeSpuriousFiles, preserving file /data/data/com.android.providers.downloads/cache/metadata-982.htm
07-05 15:15:51.356   545 23591 I DownloadManager: in removeSpuriousFiles, preserving file /data/data/com.android.providers.downloads/cache/metadata-1359.htm
07-05 15:15:51.360   545 23591 I DownloadManager: in removeSpuriousFiles, preserving file /data/data/com.android.providers.downloads/cache/metadata-275.htm
07-05 15:15:51.360   545 23591 I DownloadManager: in removeSpuriousFiles, preserving file /data/data/com.android.providers.downloads/cache/metadata-96.htm
07-05 15:15:51.360   545 23591 I DownloadManager: in removeSpuriousFiles, preserving file /data/data/com.android.providers.downloads/cache/metadata-1157.htm
07-05 15:15:51.364   545 23591 I DownloadManager: in removeSpuriousFiles, preserving file /data/data/com.android.providers.downloads/cache/metadata-872.htm
07-05 15:15:51.364   545 23591 I DownloadManager: in removeSpuriousFiles, preserving file /data/data/com.android.providers.downloads/cache/metadata-698.htm
07-05 15:15:51.368   545 23591 I DownloadManager: in removeSpuriousFiles, preserving file /data/data/com.android.providers.downloads/cache/metadata-1626.htm
07-05 15:15:51.368   545 23591 I DownloadManager: in removeSpuriousFiles, preserving file /data/data/com.android.providers.downloads/cache/metadata-1425.htm
07-05 15:15:51.368   545 23591 I DownloadManager: in removeSpuriousFiles, preserving file /data/data/com.android.providers.downloads/cache/metadata-1356.htm
07-05 15:15:51.372   545 23591 I DownloadManager: in removeSpuriousFiles, preserving file /data/data/com.android.providers.downloads/cache/metadata-2602.htm
07-05 15:15:51.372   545 23591 I DownloadManager: in removeSpuriousFiles, preserving file /data/data/com.android.providers.downloads/cache/metadata-478.htm
07-05 15:15:51.376   545 23591 I DownloadManager: in removeSpuriousFiles, preserving file /data/data/com.android.providers.downloads/cache/metadata-764.htm
07-05 15:15:51.376   545 23591 I DownloadManager: in removeSpuriousFiles, preserving file /data/data/com.android.providers.downloads/cache/metadata-489.htm
07-05 15:15:51.380   545 23591 I DownloadManager: in removeSpuriousFiles, preserving file /data/data/com.android.providers.downloads/cache/metadata-760.htm
07-05 15:15:51.380   545 23591 I DownloadManager: in removeSpuriousFiles, preserving file /data/data/com.android.providers.downloads/cache/metadata-963.htm
07-05 15:15:51.380   545 23591 I DownloadManager: in removeSpuriousFiles, preserving file /data/data/com.android.providers.downloads/cache/metadata-824.htm
07-05 15:15:51.384   545 23591 I DownloadManager: in removeSpuriousFiles, preserving file /data/data/com.android.providers.downloads/cache/metadata-771.htm
07-05 15:15:51.384   545 23591 I DownloadManager: in removeSpuriousFiles, preserving file /data/data/com.android.providers.downloads/cache/metadata-2097.htm
07-05 15:15:51.387   545 23591 I DownloadManager: in removeSpuriousFiles, preserving file /data/data/com.android.providers.downloads/cache/metadata-931.htm
07-05 15:15:51.387   545 23591 I DownloadManager: in removeSpuriousFiles, preserving file /data/data/com.android.providers.downloads/cache/metadata-1513.htm
07-05 15:15:51.391   545 23591 I DownloadManager: in removeSpuriousFiles, preserving file /data/data/com.android.providers.downloads/cache/metadata-613.htm
07-05 15:15:51.391   545 23591 I DownloadManager: in removeSpuriousFiles, preserving file /data/data/com.android.providers.downloads/cache/metadata-1261.htm
07-05 15:15:51.395   545 23591 I DownloadManager: in removeSpuriousFiles, preserving file /data/data/com.android.providers.downloads/cache/metadata-793.htm
07-05 15:15:51.395   545 23591 I DownloadManager: in removeSpuriousFiles, preserving file /data/data/com.android.providers.downloads/cache/metadata-775.htm
07-05 15:15:51.399   545 23591 I DownloadManager: in removeSpuriousFiles, preserving file /data/data/com.android.providers.downloads/cache/metadata-1225.htm
07-05 15:15:51.399   545 23591 I DownloadManager: in removeSpuriousFiles, preserving file /data/data/com.android.providers.downloads/cache/metadata-548.htm
07-05 15:15:51.403   545 23591 I DownloadManager: in removeSpuriousFiles, preserving file /data/data/com.android.providers.downloads/cache/metadata-1215.htm
07-05 15:15:51.403   545 23591 I DownloadManager: in removeSpuriousFiles, preserving file /data/data/com.android.providers.downloads/cache/metadata-1400.htm
07-05 15:15:51.407   545 23591 I DownloadManager: in removeSpuriousFiles, preserving file /data/data/com.android.providers.downloads/cache/metadata-525.htm
07-05 15:15:51.407   545 23591 I DownloadManager: in removeSpuriousFiles, preserving file /data/data/com.android.providers.downloads/cache/metadata-987.htm
07-05 15:15:51.411   545 23591 I DownloadManager: in removeSpuriousFiles, preserving file /data/data/com.android.providers.downloads/cache/metadata-1060.htm
07-05 15:15:51.415   545 23591 I DownloadManager: in removeSpuriousFiles, preserving file /data/data/com.android.providers.downloads/cache/metadata-1087.htm
07-05 15:15:51.415   545 23591 I DownloadManager: in removeSpuriousFiles, preserving file /data/data/com.android.providers.downloads/cache/metadata-612.htm
07-05 15:15:51.419   545 23591 I DownloadManager: in removeSpuriousFiles, preserving file /data/data/com.android.providers.downloads/cache/metadata-526.htm
07-05 15:15:51.419   545 23591 I DownloadManager: in removeSpuriousFiles, preserving file /data/data/com.android.providers.downloads/cache/metadata.htm
07-05 15:15:51.419   545 23591 I DownloadManager: in removeSpuriousFiles, preserving file /data/data/com.android.providers.downloads/cache/metadata-43.htm
07-05 15:15:51.419   545 23591 I DownloadManager: in removeSpuriousFiles, preserving file /data/data/com.android.providers.downloads/cache/metadata-4.htm
07-05 15:15:51.419   545 23591 I DownloadManager: in removeSpuriousFiles, preserving file /data/data/com.android.providers.downloads/cache/metadata-179.htm
07-05 15:15:51.423   545 23591 I DownloadManager: in removeSpuriousFiles, preserving file /data/data/com.android.providers.downloads/cache/metadata-236.htm
07-05 15:15:51.423   545 23591 I DownloadManager: in removeSpuriousFiles, preserving file /data/data/com.android.providers.downloads/cache/metadata-262.htm
07-05 15:15:51.423   545 23591 I DownloadManager: in removeSpuriousFiles, preserving file /data/data/com.android.providers.downloads/cache/metadata-13.htm
07-05 15:15:51.423   545 23591 I DownloadManager: in removeSpuriousFiles, preserving file /data/data/com.android.providers.downloads/cache/metadata-204.htm
07-05 15:15:51.423   545 23591 I DownloadManager: in removeSpuriousFiles, preserving file /data/data/com.android.providers.downloads/cache/metadata-84.htm
07-05 15:15:51.423   545 23591 I DownloadManager: in removeSpuriousFiles, preserving file /data/data/com.android.providers.downloads/cache/metadata-270.htm
07-05 15:15:51.423   545 23591 I DownloadManager: in removeSpuriousFiles, preserving file /data/data/com.android.providers.downloads/cache/metadata-264.htm
07-05 15:15:51.423   545 23591 I DownloadManager: in removeSpuriousFiles, preserving file /data/data/com.android.providers.downloads/cache/metadata-118.htm
07-05 15:15:51.426   545 23591 I DownloadManager: in removeSpuriousFiles, preserving file /data/data/com.android.providers.downloads/cache/metadata-338.htm
07-05 15:15:51.426   545 23591 I DownloadManager: in removeSpuriousFiles, preserving file /data/data/com.android.providers.downloads/cache/metadata-476.htm
07-05 15:15:51.426   545 23591 I DownloadManager: in removeSpuriousFiles, preserving file /data/data/com.android.providers.downloads/cache/metadata-390.htm
07-05 15:15:51.426   545 23591 I DownloadManager: in removeSpuriousFiles, preserving file /data/data/com.android.providers.downloads/cache/metadata-97.htm
07-05 15:15:51.426   545 23591 I DownloadManager: in removeSpuriousFiles, preserving file /data/data/com.android.providers.downloads/cache/metadata-158.htm
07-05 15:15:51.426   545 23591 I DownloadManager: in removeSpuriousFiles, preserving file /data/data/com.android.providers.downloads/cache/metadata-1714.htm
07-05 15:15:51.430   545 23591 I DownloadManager: in removeSpuriousFiles, preserving file /data/data/com.android.providers.downloads/cache/metadata-318.htm
07-05 15:15:51.430   545 23591 I DownloadManager: in removeSpuriousFiles, preserving file /data/data/com.android.providers.downloads/cache/metadata-422.htm
07-05 15:15:51.430   545 23591 I DownloadManager: in removeSpuriousFiles, preserving file /data/data/com.android.providers.downloads/cache/metadata-266.htm
07-05 15:15:51.430   545 23591 I DownloadManager: in removeSpuriousFiles, preserving file /data/data/com.android.providers.downloads/cache/metadata-330.htm
07-05 15:15:51.430   545 23591 I DownloadManager: in removeSpuriousFiles, preserving file /data/data/com.android.providers.downloads/cache/metadata-556.htm
07-05 15:15:51.430   545 23591 I DownloadManager: in removeSpuriousFiles, preserving file /data/data/com.android.providers.downloads/cache/metadata-198.htm
07-05 15:15:51.434   545 23591 I DownloadManager: in removeSpuriousFiles, preserving file /data/data/com.android.providers.downloads/cache/metadata-165.htm
07-05 15:15:51.434   545 23591 I DownloadManager: in removeSpuriousFiles, preserving file /data/data/com.android.providers.downloads/cache/metadata-408.htm
07-05 15:15:51.434   545 23591 I DownloadManager: in removeSpuriousFiles, preserving file /data/data/com.android.providers.downloads/cache/metadata-804.htm
07-05 15:15:51.434   545 23591 I DownloadManager: in removeSpuriousFiles, preserving file /data/data/com.android.providers.downloads/cache/metadata-228.htm
07-05 15:15:51.434   545 23591 I DownloadManager: in removeSpuriousFiles, preserving file /data/data/com.android.providers.downloads/cache/metadata-382.htm
07-05 15:15:51.438   545 23591 I DownloadManager: in removeSpuriousFiles, preserving file /data/data/com.android.providers.downloads/cache/metadata-516.htm
07-05 15:15:51.438   545 23591 I DownloadManager: in removeSpuriousFiles, preserving file /data/data/com.android.providers.downloads/cache/metadata-510.htm
07-05 15:15:51.438   545 23591 I DownloadManager: in removeSpuriousFiles, preserving file /data/data/com.android.providers.downloads/cache/metadata-246.htm
07-05 15:15:51.438   545 23591 I DownloadManager: in removeSpuriousFiles, preserving file /data/data/com.android.providers.downloads/cache/metadata-189.htm
07-05 15:15:51.442   545 23591 I DownloadManager: in removeSpuriousFiles, preserving file /data/data/com.android.providers.downloads/cache/metadata-827.htm
07-05 15:15:51.442   545 23591 I DownloadManager: in removeSpuriousFiles, preserving file /data/data/com.android.providers.downloads/cache/metadata-472.htm
07-05 15:15:51.442   545 23591 I DownloadManager: in removeSpuriousFiles, preserving file /data/data/com.android.providers.downloads/cache/metadata-485.htm
07-05 15:15:51.442   545 23591 I DownloadManager: in removeSpuriousFiles, preserving file /data/data/com.android.providers.downloads/cache/metadata-490.htm
07-05 15:15:51.442   545 23591 I DownloadManager: in removeSpuriousFiles, preserving file /data/data/com.android.providers.downloads/cache/metadata-349.htm
07-05 15:15:51.442   545 23591 I DownloadManager: in removeSpuriousFiles, preserving file /data/data/com.android.providers.downloads/cache/metadata-354.htm
07-05 15:15:51.446   545 23591 I DownloadManager: in removeSpuriousFiles, preserving file /data/data/com.android.providers.downloads/cache/metadata-572.htm
07-05 15:15:51.446   545 23591 I DownloadManager: in removeSpuriousFiles, preserving file /data/data/com.android.providers.downloads/cache/metadata-1466.htm
07-05 15:15:51.446   545 23591 I DownloadManager: in removeSpuriousFiles, preserving file /data/data/com.android.providers.downloads/cache/metadata-2382.htm
07-05 15:15:51.446   545 23591 I DownloadManager: in removeSpuriousFiles, preserving file /data/data/com.android.providers.downloads/cache/metadata-310.htm
07-05 15:15:51.450   545 23591 I DownloadManager: in removeSpuriousFiles, preserving file /data/data/com.android.providers.downloads/cache/metadata-373.htm
07-05 15:15:51.450   545 23591 I DownloadManager: in removeSpuriousFiles, preserving file /data/data/com.android.providers.downloads/cache/metadata-720.htm
07-05 15:15:51.454   545 23591 I DownloadManager: in removeSpuriousFiles, preserving file /data/data/com.android.providers.downloads/cache/metadata-514.htm
07-05 15:15:51.454   545 23591 I DownloadManager: in removeSpuriousFiles, preserving file /data/data/com.android.providers.downloads/cache/metadata-446.htm
07-05 15:15:51.454   545 23591 I DownloadManager: in removeSpuriousFiles, preserving file /data/data/com.android.providers.downloads/cache/metadata-115.htm
07-05 15:15:51.454   545 23591 I DownloadManager: in removeSpuriousFiles, preserving file /data/data/com.android.providers.downloads/cache/metadata-238.htm
07-05 15:15:51.454   545 23591 I DownloadManager: in removeSpuriousFiles, preserving file /data/data/com.android.providers.downloads/cache/metadata-272.htm
07-05 15:15:51.458   545 23591 I DownloadManager: in removeSpuriousFiles, preserving file /data/data/com.android.providers.downloads/cache/metadata-479.htm
07-05 15:15:51.458   545 23591 I DownloadManager: in removeSpuriousFiles, preserving file /data/data/com.android.providers.downloads/cache/metadata-486.htm
07-05 15:15:51.458   545 23591 I DownloadManager: in removeSpuriousFiles, preserving file /data/data/com.android.providers.downloads/cache/metadata-1141.htm
07-05 15:15:51.458   545 23591 I DownloadManager: in removeSpuriousFiles, preserving file /data/data/com.android.providers.downloads/cache/metadata-652.htm
07-05 15:15:51.462   545 23591 I DownloadManager: in removeSpuriousFiles, preserving file /data/data/com.android.providers.downloads/cache/metadata-829.htm
07-05 15:15:51.462   545 23591 I DownloadManager: in removeSpuriousFiles, preserving file /data/data/com.android.providers.downloads/cache/metadata-429.htm
07-05 15:15:51.462   545 23591 I DownloadManager: in removeSpuriousFiles, preserving file /data/data/com.android.providers.downloads/cache/metadata-473.htm
07-05 15:15:51.462   545 23591 I DownloadManager: in removeSpuriousFiles, preserving file /data/data/com.android.providers.downloads/cache/metadata-343.htm
07-05 15:15:51.466   545 23591 I DownloadManager: in removeSpuriousFiles, preserving file /data/data/com.android.providers.downloads/cache/metadata-1306.htm
07-05 15:15:51.466   545 23591 I DownloadManager: in removeSpuriousFiles, preserving file /data/data/com.android.providers.downloads/cache/metadata-457.htm
07-05 15:15:51.466   545 23591 I DownloadManager: in removeSpuriousFiles, preserving file /data/data/com.android.providers.downloads/cache/metadata-2307.htm
07-05 15:15:51.466   545 23591 I DownloadManager: in removeSpuriousFiles, preserving file /data/data/com.android.providers.downloads/cache/metadata-465.htm
07-05 15:15:51.466   545 23591 I DownloadManager: in removeSpuriousFiles, preserving file /data/data/com.android.providers.downloads/cache/metadata-370.htm
07-05 15:15:51.469   545 23591 I DownloadManager: in removeSpuriousFiles, preserving file /data/data/com.android.providers.downloads/cache/metadata-409.htm
07-05 15:15:51.469   545 23591 I DownloadManager: in removeSpuriousFiles, preserving file /data/data/com.android.providers.downloads/cache/metadata-346.htm
07-05 15:15:51.469   545 23591 I DownloadManager: in removeSpuriousFiles, preserving file /data/data/com.android.providers.downloads/cache/metadata-2578.htm
07-05 15:15:51.469   545 23591 I DownloadManager: in removeSpuriousFiles, preserving file /data/data/com.android.providers.downloads/cache/metadata-801.htm
07-05 15:15:51.473   545 23591 I DownloadManager: in removeSpuriousFiles, preserving file /data/data/com.android.providers.downloads/cache/metadata-1081.htm
07-05 15:15:51.473   545 23591 I DownloadManager: in removeSpuriousFiles, preserving file /data/data/com.android.providers.downloads/cache/metadata-880.htm
07-05 15:15:51.473   545 23591 I DownloadManager: in removeSpuriousFiles, preserving file /data/data/com.android.providers.downloads/cache/metadata-535.htm
07-05 15:15:51.473   545 23591 I DownloadManager: in removeSpuriousFiles, preserving file /data/data/com.android.providers.downloads/cache/metadata-918.htm
07-05 15:15:51.477   545 23591 I DownloadManager: in removeSpuriousFiles, preserving file /data/data/com.android.providers.downloads/cache/metadata-173.htm
07-05 15:15:51.477   545 23591 I DownloadManager: in removeSpuriousFiles, preserving file /data/data/com.android.providers.downloads/cache/metadata-1552.htm
07-05 15:15:51.477   545 23591 I DownloadManager: in removeSpuriousFiles, preserving file /data/data/com.android.providers.downloads/cache/metadata-112.htm
07-05 15:15:51.481   545 23591 I DownloadManager: in removeSpuriousFiles, preserving file /data/data/com.android.providers.downloads/cache/metadata-1067.htm
07-05 15:15:51.481   545 23591 I DownloadManager: in removeSpuriousFiles, preserving file /data/data/com.android.providers.downloads/cache/metadata-1910.htm
07-05 15:15:51.481   545 23591 I DownloadManager: in removeSpuriousFiles, preserving file /data/data/com.android.providers.downloads/cache/metadata-183.htm
07-05 15:15:51.481   545 23591 I DownloadManager: in removeSpuriousFiles, preserving file /data/data/com.android.providers.downloads/cache/metadata-619.htm
07-05 15:15:51.485   545 23591 I DownloadManager: in removeSpuriousFiles, preserving file /data/data/com.android.providers.downloads/cache/metadata-308.htm
07-05 15:15:51.485   545 23591 I DownloadManager: in removeSpuriousFiles, preserving file /data/data/com.android.providers.downloads/cache/metadata-1171.htm
07-05 15:15:51.485   545 23591 I DownloadManager: in removeSpuriousFiles, preserving file /data/data/com.android.providers.downloads/cache/metadata-1487.htm
07-05 15:15:51.485   545 23591 I DownloadManager: in removeSpuriousFiles, preserving file /data/data/com.android.providers.downloads/cache/metadata-888.htm
07-05 15:15:51.489   545 23591 I DownloadManager: in removeSpuriousFiles, preserving file /data/data/com.android.providers.downloads/cache/metadata-1164.htm
07-05 15:15:51.489   545 23591 I DownloadManager: in removeSpuriousFiles, preserving file /data/data/com.android.providers.downloads/cache/metadata-1447.htm
07-05 15:15:51.489   545 23591 I DownloadManager: in removeSpuriousFiles, preserving file /data/data/com.android.providers.downloads/cache/metadata-477.htm
07-05 15:15:51.493   545 23591 I DownloadManager: in removeSpuriousFiles, preserving file /data/data/com.android.providers.downloads/cache/metadata-1267.htm
07-05 15:15:51.493   545 23591 I DownloadManager: in removeSpuriousFiles, preserving file /data/data/com.android.providers.downloads/cache/metadata-1717.htm
07-05 15:15:51.493   545 23591 I DownloadManager: in removeSpuriousFiles, preserving file /data/data/com.android.providers.downloads/cache/metadata-386.htm
07-05 15:15:51.493   545 23591 I DownloadManager: in removeSpuriousFiles, preserving file /data/data/com.android.providers.downloads/cache/metadata-1059.htm
07-05 15:15:51.497   545 23591 I DownloadManager: in removeSpuriousFiles, preserving file /data/data/com.android.providers.downloads/cache/metadata-915.htm
07-05 15:15:51.497   545 23591 I DownloadManager: in removeSpuriousFiles, preserving file /data/data/com.android.providers.downloads/cache/metadata-493.htm
07-05 15:15:51.497   545 23591 I DownloadManager: in removeSpuriousFiles, preserving file /data/data/com.android.providers.downloads/cache/metadata-2036.htm
07-05 15:15:51.501   545 23591 I DownloadManager: in removeSpuriousFiles, preserving file /data/data/com.android.providers.downloads/cache/metadata-1655.htm
07-05 15:15:51.501   545 23591 I DownloadManager: in removeSpuriousFiles, preserving file /data/data/com.android.providers.downloads/cache/metadata-1250.htm
07-05 15:15:51.501   545 23591 I DownloadManager: in removeSpuriousFiles, preserving file /data/data/com.android.providers.downloads/cache/metadata-1217.htm
07-05 15:15:51.505   545 23591 I DownloadManager: in removeSpuriousFiles, preserving file /data/data/com.android.providers.downloads/cache/metadata-1542.htm
07-05 15:15:51.505   545 23591 I DownloadManager: in removeSpuriousFiles, preserving file /data/data/com.android.providers.downloads/cache/metadata-492.htm
07-05 15:15:51.505   545 23591 I DownloadManager: in removeSpuriousFiles, preserving file /data/data/com.android.providers.downloads/cache/metadata-1843.htm
07-05 15:15:51.505   545 23591 I DownloadManager: in removeSpuriousFiles, preserving file /data/data/com.android.providers.downloads/cache/metadata-1561.htm
07-05 15:15:51.509   545 23591 I DownloadManager: in removeSpuriousFiles, preserving file /data/data/com.android.providers.downloads/cache/metadata-509.htm
07-05 15:15:51.509   545 23591 I DownloadManager: in removeSpuriousFiles, preserving file /data/data/com.android.providers.downloads/cache/metadata-2167.htm
07-05 15:15:51.509   545 23591 I DownloadManager: in removeSpuriousFiles, preserving file /data/data/com.android.providers.downloads/cache/metadata-864.htm
07-05 15:15:51.512   545 23591 I DownloadManager: in removeSpuriousFiles, preserving file /data/data/com.android.providers.downloads/cache/metadata-1066.htm
07-05 15:15:51.512   545 23591 I DownloadManager: in removeSpuriousFiles, preserving file /data/data/com.android.providers.downloads/cache/metadata-1105.htm
07-05 15:15:51.512   545 23591 I DownloadManager: in removeSpuriousFiles, preserving file /data/data/com.android.providers.downloads/cache/metadata-1127.htm
07-05 15:15:51.516   545 23591 I DownloadManager: in removeSpuriousFiles, preserving file /data/data/com.android.providers.downloads/cache/metadata-1319.htm
07-05 15:15:51.516   545 23591 I DownloadManager: in removeSpuriousFiles, preserving file /data/data/com.android.providers.downloads/cache/metadata-1863.htm
07-05 15:15:51.520   545 23591 I DownloadManager: in removeSpuriousFiles, preserving file /data/data/com.android.providers.downloads/cache/metadata-1591.htm
07-05 15:15:51.520   545 23591 I DownloadManager: in removeSpuriousFiles, preserving file /data/data/com.android.providers.downloads/cache/metadata-1074.htm
07-05 15:15:51.520   545 23591 I DownloadManager: in removeSpuriousFiles, preserving file /data/data/com.android.providers.downloads/cache/metadata-846.htm
07-05 15:15:51.524   545 23591 I DownloadManager: in removeSpuriousFiles, preserving file /data/data/com.android.providers.downloads/cache/metadata-532.htm
07-05 15:15:51.524   545 23591 I DownloadManager: in removeSpuriousFiles, preserving file /data/data/com.android.providers.downloads/cache/metadata-1483.htm
07-05 15:15:51.528   545 23591 I DownloadManager: in removeSpuriousFiles, preserving file /data/data/com.android.providers.downloads/cache/metadata-508.htm
07-05 15:15:51.528   545 23591 I DownloadManager: in removeSpuriousFiles, preserving file /data/data/com.android.providers.downloads/cache/metadata-1091.htm
07-05 15:15:51.532   545 23591 I DownloadManager: in removeSpuriousFiles, preserving file /data/data/com.android.providers.downloads/cache/metadata-993.htm
07-05 15:15:51.532   545 23591 I DownloadManager: in removeSpuriousFiles, preserving file /data/data/com.android.providers.downloads/cache/metadata-719.htm
07-05 15:15:51.551   545 23591 I DownloadManager: in removeSpuriousFiles, preserving file /data/data/com.android.providers.downloads/cache/metadata-1514.htm
07-05 15:15:51.551   545 23591 I DownloadManager: in removeSpuriousFiles, preserving file /data/data/com.android.providers.downloads/cache/metadata-980.htm
07-05 15:15:51.555   545 23591 I DownloadManager: in removeSpuriousFiles, preserving file /data/data/com.android.providers.downloads/cache/metadata-1830.htm
07-05 15:15:51.555   545 23591 I DownloadManager: in removeSpuriousFiles, preserving file /data/data/com.android.providers.downloads/cache/metadata-1697.htm
07-05 15:15:51.559   545 23591 I DownloadManager: in removeSpuriousFiles, preserving file /data/data/com.android.providers.downloads/cache/metadata-1167.htm
07-05 15:15:51.559   545 23591 I DownloadManager: in removeSpuriousFiles, preserving file /data/data/com.android.providers.downloads/cache/metadata-582.htm
07-05 15:15:51.563   545 23591 I DownloadManager: in removeSpuriousFiles, preserving file /data/data/com.android.providers.downloads/cache/metadata-2.htm
07-05 15:15:51.563   545 23591 I DownloadManager: in removeSpuriousFiles, preserving file /data/data/com.android.providers.downloads/cache/metadata-29.htm
07-05 15:15:51.563   545 23591 I DownloadManager: in removeSpuriousFiles, preserving file /data/data/com.android.providers.downloads/cache/metadata-28.htm
07-05 15:15:51.563   545 23591 I DownloadManager: in removeSpuriousFiles, preserving file /data/data/com.android.providers.downloads/cache/metadata-8.htm
07-05 15:15:51.563   545 23591 I DownloadManager: in removeSpuriousFiles, preserving file /data/data/com.android.providers.downloads/cache/metadata-19.htm
07-05 15:15:51.563   545 23591 I DownloadManager: in removeSpuriousFiles, preserving file /data/data/com.android.providers.downloads/cache/metadata-47.htm
07-05 15:15:51.563   545 23591 I DownloadManager: in removeSpuriousFiles, preserving file /data/data/com.android.providers.downloads/cache/metadata-46.htm
07-05 15:15:51.563   545 23591 I DownloadManager: in removeSpuriousFiles, preserving file /data/data/com.android.providers.downloads/cache/metadata-33.htm
07-05 15:15:51.563   545 23591 I DownloadManager: in removeSpuriousFiles, preserving file /data/data/com.android.providers.downloads/cache/metadata-34.htm
07-05 15:15:51.567   545 23591 I DownloadManager: in removeSpuriousFiles, preserving file /data/data/com.android.providers.downloads/cache/metadata-420.htm
07-05 15:15:51.567   545 23591 I DownloadManager: in removeSpuriousFiles, preserving file /data/data/com.android.providers.downloads/cache/metadata-469.htm
07-05 15:15:51.567   545 23591 I DownloadManager: in removeSpuriousFiles, preserving file /data/data/com.android.providers.downloads/cache/metadata-92.htm
07-05 15:15:51.567   545 23591 I DownloadManager: in removeSpuriousFiles, preserving file /data/data/com.android.providers.downloads/cache/metadata-190.htm
07-05 15:15:51.567   545 23591 I DownloadManager: in removeSpuriousFiles, preserving file /data/data/com.android.providers.downloads/cache/metadata-36.htm
07-05 15:15:51.567   545 23591 I DownloadManager: in removeSpuriousFiles, preserving file /data/data/com.android.providers.downloads/cache/metadata-110.htm
07-05 15:15:51.567   545 23591 I DownloadManager: in removeSpuriousFiles, preserving file /data/data/com.android.providers.downloads/cache/metadata-1743.htm
07-05 15:15:51.571   545 23591 I DownloadManager: in removeSpuriousFiles, preserving file /data/data/com.android.providers.downloads/cache/metadata-66.htm
07-05 15:15:51.571   545 23591 I DownloadManager: in removeSpuriousFiles, preserving file /data/data/com.android.providers.downloads/cache/metadata-86.htm
07-05 15:15:51.571   545 23591 I DownloadManager: in removeSpuriousFiles, preserving file /data/data/com.android.providers.downloads/cache/metadata-309.htm
07-05 15:15:51.571   545 23591 I DownloadManager: in removeSpuriousFiles, preserving file /data/data/com.android.providers.downloads/cache/metadata-378.htm
07-05 15:15:51.571   545 23591 I DownloadManager: in removeSpuriousFiles, preserving file /data/data/com.android.providers.downloads/cache/metadata-483.htm
07-05 15:15:51.571   545 23591 I DownloadManager: in removeSpuriousFiles, preserving file /data/data/com.android.providers.downloads/cache/metadata-577.htm
07-05 15:15:51.575   545 23591 I DownloadManager: in removeSpuriousFiles, preserving file /data/data/com.android.providers.downloads/cache/metadata-360.htm
07-05 15:15:51.575   545 23591 I DownloadManager: in removeSpuriousFiles, preserving file /data/data/com.android.providers.downloads/cache/metadata-1213.htm
07-05 15:15:51.575   545 23591 I DownloadManager: in removeSpuriousFiles, preserving file /data/data/com.android.providers.downloads/cache/metadata-282.htm
07-05 15:15:51.575   545 23591 I DownloadManager: in removeSpuriousFiles, preserving file /data/data/com.android.providers.downloads/cache/metadata-256.htm
07-05 15:15:51.575   545 23591 I DownloadManager: in removeSpuriousFiles, preserving file /data/data/com.android.providers.downloads/cache/metadata-95.htm
07-05 15:15:51.575   545 23591 I DownloadManager: in removeSpuriousFiles, preserving file /data/data/com.android.providers.downloads/cache/metadata-267.htm
07-05 15:15:51.579   545 23591 I DownloadManager: in removeSpuriousFiles, preserving file /data/data/com.android.providers.downloads/cache/metadata-1162.htm
07-05 15:15:51.579   545 23591 I DownloadManager: in removeSpuriousFiles, preserving file /data/data/com.android.providers.downloads/cache/metadata-506.htm
07-05 15:15:51.579   545 23591 I DownloadManager: in removeSpuriousFiles, preserving file /data/data/com.android.providers.downloads/cache/metadata-287.htm
07-05 15:15:51.579   545 23591 I DownloadManager: in removeSpuriousFiles, preserving file /data/data/com.android.providers.downloads/cache/metadata-1818.htm
07-05 15:15:51.583   545 23591 I DownloadManager: in removeSpuriousFiles, preserving file /data/data/com.android.providers.downloads/cache/metadata-383.htm
07-05 15:15:51.583   545 23591 I DownloadManager: in removeSpuriousFiles, preserving file /data/data/com.android.providers.downloads/cache/metadata-396.htm
07-05 15:15:51.583   545 23591 I DownloadManager: in removeSpuriousFiles, preserving file /data/data/com.android.providers.downloads/cache/metadata-1956.htm
07-05 15:15:51.583   545 23591 I DownloadManager: in removeSpuriousFiles, preserving file /data/data/com.android.providers.downloads/cache/metadata-154.htm
07-05 15:15:51.583   545 23591 I DownloadManager: in removeSpuriousFiles, preserving file /data/data/com.android.providers.downloads/cache/metadata-339.htm
07-05 15:15:51.587   545 23591 I DownloadManager: in removeSpuriousFiles, preserving file /data/data/com.android.providers.downloads/cache/metadata-591.htm
07-05 15:15:51.587   545 23591 I DownloadManager: in removeSpuriousFiles, preserving file /data/data/com.android.providers.downloads/cache/metadata-253.htm
07-05 15:15:51.587   545 23591 I DownloadManager: in removeSpuriousFiles, preserving file /data/data/com.android.providers.downloads/cache/metadata-388.htm
07-05 15:15:51.587   545 23591 I DownloadManager: in removeSpuriousFiles, preserving file /data/data/com.android.providers.downloads/cache/metadata-364.htm
07-05 15:15:51.587   545 23591 I DownloadManager: in removeSpuriousFiles, preserving file /data/data/com.android.providers.downloads/cache/metadata-2026.htm
07-05 15:15:51.591   545 23591 I DownloadManager: in removeSpuriousFiles, preserving file /data/data/com.android.providers.downloads/cache/metadata-857.htm
07-05 15:15:51.591   545 23591 I DownloadManager: in removeSpuriousFiles, preserving file /data/data/com.android.providers.downloads/cache/metadata-423.htm
07-05 15:15:51.591   545 23591 I DownloadManager: in removeSpuriousFiles, preserving file /data/data/com.android.providers.downloads/cache/metadata-244.htm
07-05 15:15:51.591   545 23591 I DownloadManager: in removeSpuriousFiles, preserving file /data/data/com.android.providers.downloads/cache/metadata-507.htm
07-05 15:15:51.591   545 23591 I DownloadManager: in removeSpuriousFiles, preserving file /data/data/com.android.providers.downloads/cache/metadata-358.htm
07-05 15:15:51.594   545 23591 I DownloadManager: in removeSpuriousFiles, preserving file /data/data/com.android.providers.downloads/cache/metadata-1284.htm
07-05 15:15:51.594   545 23591 I DownloadManager: in removeSpuriousFiles, preserving file /data/data/com.android.providers.downloads/cache/metadata-1235.htm
07-05 15:15:51.594   545 23591 I DownloadManager: in removeSpuriousFiles, preserving file /data/data/com.android.providers.downloads/cache/metadata-1808.htm
07-05 15:15:51.594   545 23591 I DownloadManager: in removeSpuriousFiles, preserving file /data/data/com.android.providers.downloads/cache/metadata-293.htm
07-05 15:15:51.598   545 23591 I DownloadManager: in removeSpuriousFiles, preserving file /data/data/com.android.providers.downloads/cache/metadata-285.htm
07-05 15:15:51.598   545 23591 I DownloadManager: in removeSpuriousFiles, preserving file /data/data/com.android.providers.downloads/cache/metadata-191.htm
07-05 15:15:51.598   545 23591 I DownloadManager: in removeSpuriousFiles, preserving file /data/data/com.android.providers.downloads/cache/metadata-1166.htm
07-05 15:15:51.598   545 23591 I DownloadManager: in removeSpuriousFiles, preserving file /data/data/com.android.providers.downloads/cache/metadata-1032.htm
07-05 15:15:51.602   545 23591 I DownloadManager: in removeSpuriousFiles, preserving file /data/data/com.android.providers.downloads/cache/metadata-494.htm
07-05 15:15:51.602   545 23591 I DownloadManager: in removeSpuriousFiles, preserving file /data/data/com.android.providers.downloads/cache/metadata-571.htm
07-05 15:15:51.602   545 23591 I DownloadManager: in removeSpuriousFiles, preserving file /data/data/com.android.providers.downloads/cache/metadata-229.htm
07-05 15:15:51.610   545 23591 I DownloadManager: in removeSpuriousFiles, preserving file /data/data/com.android.providers.downloads/cache/metadata-578.htm
07-05 15:15:51.610   545 23591 I DownloadManager: in removeSpuriousFiles, preserving file /data/data/com.android.providers.downloads/cache/metadata-363.htm
07-05 15:15:51.610   545 23591 I DownloadManager: in removeSpuriousFiles, preserving file /data/data/com.android.providers.downloads/cache/metadata-316.htm
07-05 15:15:51.614   545 23591 I DownloadManager: in removeSpuriousFiles, preserving file /data/data/com.android.providers.downloads/cache/metadata-384.htm
07-05 15:15:51.614   545 23591 I DownloadManager: in removeSpuriousFiles, preserving file /data/data/com.android.providers.downloads/cache/metadata-258.htm
07-05 15:15:51.614   545 23591 I DownloadManager: in removeSpuriousFiles, preserving file /data/data/com.android.providers.downloads/cache/metadata-1616.htm
07-05 15:15:51.614   545 23591 I DownloadManager: in removeSpuriousFiles, preserving file /data/data/com.android.providers.downloads/cache/metadata-128.htm
07-05 15:15:51.618   545 23591 I DownloadManager: in removeSpuriousFiles, preserving file /data/data/com.android.providers.downloads/cache/metadata-1712.htm
07-05 15:15:51.618   545 23591 I DownloadManager: in removeSpuriousFiles, preserving file /data/data/com.android.providers.downloads/cache/metadata-260.htm
07-05 15:15:51.618   545 23591 I DownloadManager: in removeSpuriousFiles, preserving file /data/data/com.android.providers.downloads/cache/metadata-950.htm
07-05 15:15:51.622   545 23591 I DownloadManager: in removeSpuriousFiles, preserving file /data/data/com.android.providers.downloads/cache/metadata-891.htm
07-05 15:15:51.622   545 23591 I DownloadManager: in removeSpuriousFiles, preserving file /data/data/com.android.providers.downloads/cache/metadata-377.htm
07-05 15:15:51.622   545 23591 I DownloadManager: in removeSpuriousFiles, preserving file /data/data/com.android.providers.downloads/cache/metadata-403.htm
07-05 15:15:51.622   545 23591 I DownloadManager: in removeSpuriousFiles, preserving file /data/data/com.android.providers.downloads/cache/metadata-929.htm
07-05 15:15:51.626   545 23591 I DownloadManager: in removeSpuriousFiles, preserving file /data/data/com.android.providers.downloads/cache/metadata-280.htm
07-05 15:15:51.626   545 23591 I DownloadManager: in removeSpuriousFiles, preserving file /data/data/com.android.providers.downloads/cache/metadata-2063.htm
07-05 15:15:51.626   545 23591 I DownloadManager: in removeSpuriousFiles, preserving file /data/data/com.android.providers.downloads/cache/metadata-2079.htm
07-05 15:15:51.626   545 23591 I DownloadManager: in removeSpuriousFiles, preserving file /data/data/com.android.providers.downloads/cache/metadata-461.htm
07-05 15:15:51.630   545 23591 I DownloadManager: in removeSpuriousFiles, preserving file /data/data/com.android.providers.downloads/cache/metadata-1352.htm
07-05 15:15:51.630   545 23591 I DownloadManager: in removeSpuriousFiles, preserving file /data/data/com.android.providers.downloads/cache/metadata-484.htm
07-05 15:15:51.630   545 23591 I DownloadManager: in removeSpuriousFiles, preserving file /data/data/com.android.providers.downloads/cache/metadata-1088.htm
07-05 15:15:51.630   545 23591 I DownloadManager: in removeSpuriousFiles, preserving file /data/data/com.android.providers.downloads/cache/metadata-426.htm
07-05 15:15:51.634   545 23591 I DownloadManager: in removeSpuriousFiles, preserving file /data/data/com.android.providers.downloads/cache/metadata-1589.htm
07-05 15:15:51.634   545 23591 I DownloadManager: in removeSpuriousFiles, preserving file /data/data/com.android.providers.downloads/cache/metadata-438.htm
07-05 15:15:51.634   545 23591 I DownloadManager: in removeSpuriousFiles, preserving file /data/data/com.android.providers.downloads/cache/metadata-463.htm
07-05 15:15:51.634   545 23591 I DownloadManager: in removeSpuriousFiles, preserving file /data/data/com.android.providers.downloads/cache/metadata-69.htm
07-05 15:15:51.637   545 23591 I DownloadManager: in removeSpuriousFiles, preserving file /data/data/com.android.providers.downloads/cache/metadata-355.htm
07-05 15:15:51.637   545 23591 I DownloadManager: in removeSpuriousFiles, preserving file /data/data/com.android.providers.downloads/cache/metadata-1497.htm
07-05 15:15:51.637   545 23591 I DownloadManager: in removeSpuriousFiles, preserving file /data/data/com.android.providers.downloads/cache/metadata-1031.htm
07-05 15:15:51.637   545 23591 I DownloadManager: in removeSpuriousFiles, preserving file /data/data/com.android.providers.downloads/cache/metadata-1471.htm
07-05 15:15:51.641   545 23591 I DownloadManager: in removeSpuriousFiles, preserving file /data/data/com.android.providers.downloads/cache/metadata-468.htm
07-05 15:15:51.641   545 23591 I DownloadManager: in removeSpuriousFiles, preserving file /data/data/com.android.providers.downloads/cache/metadata-602.htm
07-05 15:15:51.641   545 23591 I DownloadManager: in removeSpuriousFiles, preserving file /data/data/com.android.providers.downloads/cache/metadata-967.htm
07-05 15:15:51.645   545 23591 I DownloadManager: in removeSpuriousFiles, preserving file /data/data/com.android.providers.downloads/cache/metadata-536.htm
07-05 15:15:51.645   545 23591 I DownloadManager: in removeSpuriousFiles, preserving file /data/data/com.android.providers.downloads/cache/metadata-1116.htm
07-05 15:15:51.645   545 23591 I DownloadManager: in removeSpuriousFiles, preserving file /data/data/com.android.providers.downloads/cache/metadata-524.htm
07-05 15:15:51.645   545 23591 I DownloadManager: in removeSpuriousFiles, preserving file /data/data/com.android.providers.downloads/cache/metadata-517.htm
07-05 15:15:51.649   545 23591 I DownloadManager: in removeSpuriousFiles, preserving file /data/data/com.android.providers.downloads/cache/metadata-2118.htm
07-05 15:15:51.649   545 23591 I DownloadManager: in removeSpuriousFiles, preserving file /data/data/com.android.providers.downloads/cache/metadata-1033.htm
07-05 15:15:51.649   545 23591 I DownloadManager: in removeSpuriousFiles, preserving file /data/data/com.android.providers.downloads/cache/metadata-1841.htm
07-05 15:15:51.653   545 23591 I DownloadManager: in removeSpuriousFiles, preserving file /data/data/com.android.providers.downloads/cache/metadata-2012.htm
07-05 15:15:51.653   545 23591 I DownloadManager: in removeSpuriousFiles, preserving file /data/data/com.android.providers.downloads/cache/metadata-1369.htm
07-05 15:15:51.653   545 23591 I DownloadManager: in removeSpuriousFiles, preserving file /data/data/com.android.providers.downloads/cache/metadata-1196.htm
07-05 15:15:51.653   545 23591 I DownloadManager: in removeSpuriousFiles, preserving file /data/data/com.android.providers.downloads/cache/metadata-1633.htm
07-05 15:15:51.657   545 23591 I DownloadManager: in removeSpuriousFiles, preserving file /data/data/com.android.providers.downloads/cache/metadata-1344.htm
07-05 15:15:51.657   545 23591 I DownloadManager: in removeSpuriousFiles, preserving file /data/data/com.android.providers.downloads/cache/metadata-2303.htm
07-05 15:15:51.657   545 23591 I DownloadManager: in removeSpuriousFiles, preserving file /data/data/com.android.providers.downloads/cache/metadata-898.htm
07-05 15:15:51.661   545 23591 I DownloadManager: in removeSpuriousFiles, preserving file /data/data/com.android.providers.downloads/cache/metadata-738.htm
07-05 15:15:51.661   545 23591 I DownloadManager: in removeSpuriousFiles, preserving file /data/data/com.android.providers.downloads/cache/metadata-1102.htm
07-05 15:15:51.665   545 23591 I DownloadManager: in removeSpuriousFiles, preserving file /data/data/com.android.providers.downloads/cache/metadata-669.htm
07-05 15:15:51.665   545 23591 I DownloadManager: in removeSpuriousFiles, preserving file /data/data/com.android.providers.downloads/cache/metadata-553.htm
07-05 15:15:51.665   545 23591 I DownloadManager: in removeSpuriousFiles, preserving file /data/data/com.android.providers.downloads/cache/metadata-620.htm
07-05 15:15:51.669   545 23591 I DownloadManager: in removeSpuriousFiles, preserving file /data/data/com.android.providers.downloads/cache/metadata-874.htm
07-05 15:15:51.669   545 23591 I DownloadManager: in removeSpuriousFiles, preserving file /data/data/com.android.providers.downloads/cache/metadata-1649.htm
07-05 15:15:51.669   545 23591 I DownloadManager: in removeSpuriousFiles, preserving file /data/data/com.android.providers.downloads/cache/metadata-1481.htm
07-05 15:15:51.673   545 23591 I DownloadManager: in removeSpuriousFiles, preserving file /data/data/com.android.providers.downloads/cache/metadata-642.htm
07-05 15:15:51.673   545 23591 I DownloadManager: in removeSpuriousFiles, preserving file /data/data/com.android.providers.downloads/cache/metadata-458.htm
07-05 15:15:51.673   545 23591 I DownloadManager: in removeSpuriousFiles, preserving file /data/data/com.android.providers.downloads/cache/metadata-1269.htm
07-05 15:15:51.676   545 23591 I DownloadManager: in removeSpuriousFiles, preserving file /data/data/com.android.providers.downloads/cache/metadata-1842.htm
07-05 15:15:51.676   545 23591 I DownloadManager: in removeSpuriousFiles, preserving file /data/data/com.android.providers.downloads/cache/metadata-389.htm
07-05 15:15:51.676   545 23591 I DownloadManager: in removeSpuriousFiles, preserving file /data/data/com.android.providers.downloads/cache/metadata-784.htm
07-05 15:15:51.680   545 23591 I DownloadManager: in removeSpuriousFiles, preserving file /data/data/com.android.providers.downloads/cache/metadata-10.htm
07-05 15:15:51.680   545 23591 I DownloadManager: in removeSpuriousFiles, preserving file /data/data/com.android.providers.downloads/cache/metadata-575.htm
07-05 15:15:51.680   545 23591 I DownloadManager: in removeSpuriousFiles, preserving file /data/data/com.android.providers.downloads/cache/metadata-5.htm
07-05 15:15:51.680   545 23591 I DownloadManager: in removeSpuriousFiles, preserving file /data/data/com.android.providers.downloads/cache/metadata-166.htm
07-05 15:15:51.680   545 23591 I DownloadManager: in removeSpuriousFiles, preserving file /data/data/com.android.providers.downloads/cache/metadata-1976.htm
07-05 15:15:51.684   545 23591 I DownloadManager: in removeSpuriousFiles, preserving file /data/data/com.android.providers.downloads/cache/metadata-15.htm
07-05 15:15:51.684   545 23591 I DownloadManager: in removeSpuriousFiles, preserving file /data/data/com.android.providers.downloads/cache/metadata-596.htm
07-05 15:15:51.684   545 23591 I DownloadManager: in removeSpuriousFiles, preserving file /data/data/com.android.providers.downloads/cache/metadata-21.htm
07-05 15:15:51.684   545 23591 I DownloadManager: in removeSpuriousFiles, preserving file /data/data/com.android.providers.downloads/cache/metadata-290.htm
07-05 15:15:51.684   545 23591 I DownloadManager: in removeSpuriousFiles, preserving file /data/data/com.android.providers.downloads/cache/metadata-54.htm
07-05 15:15:51.684   545 23591 I DownloadManager: in removeSpuriousFiles, preserving file /data/data/com.android.providers.downloads/cache/metadata-523.htm
07-05 15:15:51.684   545 23591 I DownloadManager: in removeSpuriousFiles, preserving file /data/data/com.android.providers.downloads/cache/metadata-59.htm
07-05 15:15:51.688   545 23591 I DownloadManager: in removeSpuriousFiles, preserving file /data/data/com.android.providers.downloads/cache/metadata-98.htm
07-05 15:15:51.688   545 23591 I DownloadManager: in removeSpuriousFiles, preserving file /data/data/com.android.providers.downloads/cache/metadata-222.htm
07-05 15:15:51.688   545 23591 I DownloadManager: in removeSpuriousFiles, preserving file /data/data/com.android.providers.downloads/cache/metadata-178.htm
07-05 15:15:51.688   545 23591 I DownloadManager: in removeSpuriousFiles, preserving file /data/data/com.android.providers.downloads/cache/metadata-106.htm
07-05 15:15:51.688   545 23591 I DownloadManager: in removeSpuriousFiles, preserving file /data/data/com.android.providers.downloads/cache/metadata-56.htm
07-05 15:15:51.688   545 23591 I DownloadManager: in removeSpuriousFiles, preserving file /data/data/com.android.providers.downloads/cache/metadata-381.htm
07-05 15:15:51.692   545 23591 I DownloadManager: in removeSpuriousFiles, preserving file /data/data/com.android.providers.downloads/cache/metadata-512.htm
07-05 15:15:51.692   545 23591 I DownloadManager: in removeSpuriousFiles, preserving file /data/data/com.android.providers.downloads/cache/metadata-1431.htm
07-05 15:15:51.692   545 23591 I DownloadManager: in removeSpuriousFiles, preserving file /data/data/com.android.providers.downloads/cache/metadata-1549.htm
07-05 15:15:51.692   545 23591 I DownloadManager: in removeSpuriousFiles, preserving file /data/data/com.android.providers.downloads/cache/metadata-108.htm
07-05 15:15:51.692   545 23591 I DownloadManager: in removeSpuriousFiles, preserving file /data/data/com.android.providers.downloads/cache/metadata-547.htm
07-05 15:15:51.692   545 23591 I DownloadManager: in removeSpuriousFiles, preserving file /data/data/com.android.providers.downloads/cache/metadata-600.htm
07-05 15:15:51.696   545 23591 I DownloadManager: in removeSpuriousFiles, preserving file /data/data/com.android.providers.downloads/cache/metadata-790.htm
07-05 15:15:51.696   545 23591 I DownloadManager: in removeSpuriousFiles, preserving file /data/data/com.android.providers.downloads/cache/metadata-405.htm
07-05 15:15:51.696   545 23591 I DownloadManager: in removeSpuriousFiles, preserving file /data/data/com.android.providers.downloads/cache/metadata-239.htm
07-05 15:15:51.696   545 23591 I DownloadManager: in removeSpuriousFiles, preserving file /data/data/com.android.providers.downloads/cache/metadata-200.htm
07-05 15:15:51.696   545 23591 I DownloadManager: in removeSpuriousFiles, preserving file /data/data/com.android.providers.downloads/cache/metadata-584.htm
07-05 15:15:51.700   545 23591 I DownloadManager: in removeSpuriousFiles, preserving file /data/data/com.android.providers.downloads/cache/metadata-192.htm
07-05 15:15:51.700   545 23591 I DownloadManager: in removeSpuriousFiles, preserving file /data/data/com.android.providers.downloads/cache/metadata-682.htm
07-05 15:15:51.700   545 23591 I DownloadManager: in removeSpuriousFiles, preserving file /data/data/com.android.providers.downloads/cache/metadata-1312.htm
07-05 15:15:51.700   545 23591 I DownloadManager: in removeSpuriousFiles, preserving file /data/data/com.android.providers.downloads/cache/metadata-136.htm
07-05 15:15:51.700   545 23591 I DownloadManager: in removeSpuriousFiles, preserving file /data/data/com.android.providers.downloads/cache/metadata-223.htm
07-05 15:15:51.704   545 23591 I DownloadManager: in removeSpuriousFiles, preserving file /data/data/com.android.providers.downloads/cache/metadata-870.htm
07-05 15:15:51.704   545 23591 I DownloadManager: in removeSpuriousFiles, preserving file /data/data/com.android.providers.downloads/cache/metadata-347.htm
07-05 15:15:51.704   545 23591 I DownloadManager: in removeSpuriousFiles, preserving file /data/data/com.android.providers.downloads/cache/metadata-424.htm
07-05 15:15:51.704   545 23591 I DownloadManager: in removeSpuriousFiles, preserving file /data/data/com.android.providers.downloads/cache/metadata-1786.htm
07-05 15:15:51.704   545 23591 I DownloadManager: in removeSpuriousFiles, preserving file /data/data/com.android.providers.downloads/cache/metadata-1043.htm
07-05 15:15:51.708   545 23591 I DownloadManager: in removeSpuriousFiles, preserving file /data/data/com.android.providers.downloads/cache/metadata-1247.htm
07-05 15:15:51.708   545 23591 I DownloadManager: in removeSpuriousFiles, preserving file /data/data/com.android.providers.downloads/cache/metadata-443.htm
07-05 15:15:51.708   545 23591 I DownloadManager: in removeSpuriousFiles, preserving file /data/data/com.android.providers.downloads/cache/metadata-1187.htm
07-05 15:15:51.708   545 23591 I DownloadManager: in removeSpuriousFiles, preserving file /data/data/com.android.providers.downloads/cache/metadata-1229.htm
07-05 15:15:51.712   545 23591 I DownloadManager: in removeSpuriousFiles, preserving file /data/data/com.android.providers.downloads/cache/metadata-1612.htm
07-05 15:15:51.712   545 23591 I DownloadManager: in removeSpuriousFiles, preserving file /data/data/com.android.providers.downloads/cache/metadata-455.htm
07-05 15:15:51.712   545 23591 I DownloadManager: in removeSpuriousFiles, preserving file /data/data/com.android.providers.downloads/cache/metadata-780.htm
07-05 15:15:51.712   545 23591 I DownloadManager: in removeSpuriousFiles, preserving file /data/data/com.android.providers.downloads/cache/metadata-1515.htm
07-05 15:15:51.716   545 23591 I DownloadManager: in removeSpuriousFiles, preserving file /data/data/com.android.providers.downloads/cache/metadata-934.htm
07-05 15:15:51.716   545 23591 I DownloadManager: in removeSpuriousFiles, preserving file /data/data/com.android.providers.downloads/cache/metadata-417.htm
07-05 15:15:51.716   545 23591 I DownloadManager: in removeSpuriousFiles, preserving file /data/data/com.android.providers.downloads/cache/metadata-279.htm
07-05 15:15:51.716   545 23591 I DownloadManager: in removeSpuriousFiles, preserving file /data/data/com.android.providers.downloads/cache/metadata-1418.htm
07-05 15:15:51.716   545 23591 I DownloadManager: in removeSpuriousFiles, preserving file /data/data/com.android.providers.downloads/cache/metadata-1897.htm
07-05 15:15:51.719   545 23591 I DownloadManager: in removeSpuriousFiles, preserving file /data/data/com.android.providers.downloads/cache/metadata-1095.htm
07-05 15:15:51.719   545 23591 I DownloadManager: in removeSpuriousFiles, preserving file /data/data/com.android.providers.downloads/cache/metadata-487.htm
07-05 15:15:51.719   545 23591 I DownloadManager: in removeSpuriousFiles, preserving file /data/data/com.android.providers.downloads/cache/metadata-1651.htm
07-05 15:15:51.719   545 23591 I DownloadManager: in removeSpuriousFiles, preserving file /data/data/com.android.providers.downloads/cache/metadata-410.htm
07-05 15:15:51.723   545 23591 I DownloadManager: in removeSpuriousFiles, preserving file /data/data/com.android.providers.downloads/cache/metadata-1040.htm
07-05 15:15:51.723   545 23591 I DownloadManager: in removeSpuriousFiles, preserving file /data/data/com.android.providers.downloads/cache/metadata-435.htm
07-05 15:15:51.723   545 23591 I DownloadManager: in removeSpuriousFiles, preserving file /data/data/com.android.providers.downloads/cache/metadata-1016.htm
07-05 15:15:51.723   545 23591 I DownloadManager: in removeSpuriousFiles, preserving file /data/data/com.android.providers.downloads/cache/metadata-452.htm
07-05 15:15:51.727   545 23591 I DownloadManager: in removeSpuriousFiles, preserving file /data/data/com.android.providers.downloads/cache/metadata-221.htm
07-05 15:15:51.727   545 23591 I DownloadManager: in removeSpuriousFiles, preserving file /data/data/com.android.providers.downloads/cache/metadata-815.htm
07-05 15:15:51.727   545 23591 I DownloadManager: in removeSpuriousFiles, preserving file /data/data/com.android.providers.downloads/cache/metadata-332.htm
07-05 15:15:51.727   545 23591 I DownloadManager: in removeSpuriousFiles, preserving file /data/data/com.android.providers.downloads/cache/metadata-341.htm
07-05 15:15:51.727   545 23591 I DownloadManager: in removeSpuriousFiles, preserving file /data/data/com.android.providers.downloads/cache/metadata-604.htm
07-05 15:15:51.731   545 23591 I DownloadManager: in removeSpuriousFiles, preserving file /data/data/com.android.providers.downloads/cache/metadata-570.htm
07-05 15:15:51.731   545 23591 I DownloadManager: in removeSpuriousFiles, preserving file /data/data/com.android.providers.downloads/cache/metadata-433.htm
07-05 15:15:51.731   545 23591 I DownloadManager: in removeSpuriousFiles, preserving file /data/data/com.android.providers.downloads/cache/metadata-1126.htm
07-05 15:15:51.731   545 23591 I DownloadManager: in removeSpuriousFiles, preserving file /data/data/com.android.providers.downloads/cache/metadata-1855.htm
07-05 15:15:51.735   545 23591 I DownloadManager: in removeSpuriousFiles, preserving file /data/data/com.android.providers.downloads/cache/metadata-100.htm
07-05 15:15:51.735   545 23591 I DownloadManager: in removeSpuriousFiles, preserving file /data/data/com.android.providers.downloads/cache/metadata-558.htm
07-05 15:15:51.735   545 23591 I DownloadManager: in removeSpuriousFiles, preserving file /data/data/com.android.providers.downloads/cache/metadata-634.htm
07-05 15:15:51.735   545 23591 I DownloadManager: in removeSpuriousFiles, preserving file /data/data/com.android.providers.downloads/cache/metadata-1959.htm
07-05 15:15:51.739   545 23591 I DownloadManager: in removeSpuriousFiles, preserving file /data/data/com.android.providers.downloads/cache/metadata-1290.htm
07-05 15:15:51.739   545 23591 I DownloadManager: in removeSpuriousFiles, preserving file /data/data/com.android.providers.downloads/cache/metadata-407.htm
07-05 15:15:51.739   545 23591 I DownloadManager: in removeSpuriousFiles, preserving file /data/data/com.android.providers.downloads/cache/metadata-1553.htm
07-05 15:15:51.739   545 23591 I DownloadManager: in removeSpuriousFiles, preserving file /data/data/com.android.providers.downloads/cache/metadata-1776.htm
07-05 15:15:51.743   545 23591 I DownloadManager: in removeSpuriousFiles, preserving file /data/data/com.android.providers.downloads/cache/metadata-1328.htm
07-05 15:15:51.743   545 23591 I DownloadManager: in removeSpuriousFiles, preserving file /data/data/com.android.providers.downloads/cache/metadata-2095.htm
07-05 15:15:51.743   545 23591 I DownloadManager: in removeSpuriousFiles, preserving file /data/data/com.android.providers.downloads/cache/metadata-1734.htm
07-05 15:15:51.743   545 23591 I DownloadManager: in removeSpuriousFiles, preserving file /data/data/com.android.providers.downloads/cache/metadata-1024.htm
07-05 15:15:51.747   545 23591 I DownloadManager: in removeSpuriousFiles, preserving file /data/data/com.android.providers.downloads/cache/metadata-559.htm
07-05 15:15:51.747   545 23591 I DownloadManager: in removeSpuriousFiles, preserving file /data/data/com.android.providers.downloads/cache/metadata-1353.htm
07-05 15:15:51.747   545 23591 I DownloadManager: in removeSpuriousFiles, preserving file /data/data/com.android.providers.downloads/cache/metadata-1327.htm
07-05 15:15:51.747   545 23591 I DownloadManager: in removeSpuriousFiles, preserving file /data/data/com.android.providers.downloads/cache/metadata-691.htm
07-05 15:15:51.751   545 23591 I DownloadManager: in removeSpuriousFiles, preserving file /data/data/com.android.providers.downloads/cache/metadata-2704.htm
07-05 15:15:51.751   545 23591 I DownloadManager: in removeSpuriousFiles, preserving file /data/data/com.android.providers.downloads/cache/metadata-1144.htm
07-05 15:15:51.751   545 23591 I DownloadManager: in removeSpuriousFiles, preserving file /data/data/com.android.providers.downloads/cache/metadata-1681.htm
07-05 15:15:51.755   545 23591 I DownloadManager: in removeSpuriousFiles, preserving file /data/data/com.android.providers.downloads/cache/metadata-595.htm
07-05 15:15:51.755   545 23591 I DownloadManager: in removeSpuriousFiles, preserving file /data/data/com.android.providers.downloads/cache/metadata-648.htm
07-05 15:15:51.755   545 23591 I DownloadManager: in removeSpuriousFiles, preserving file /data/data/com.android.providers.downloads/cache/metadata-1140.htm
07-05 15:15:51.755   545 23591 I DownloadManager: in removeSpuriousFiles, preserving file /data/data/com.android.providers.downloads/cache/metadata-541.htm
07-05 15:15:51.759   545 23591 I DownloadManager: in removeSpuriousFiles, preserving file /data/data/com.android.providers.downloads/cache/metadata-1347.htm
07-05 15:15:51.759   545 23591 I DownloadManager: in removeSpuriousFiles, preserving file /data/data/com.android.providers.downloads/cache/metadata-1135.htm
07-05 15:15:51.759   545 23591 I DownloadManager: in removeSpuriousFiles, preserving file /data/data/com.android.providers.downloads/cache/metadata-502.htm
07-05 15:15:51.762   545 23591 I DownloadManager: in removeSpuriousFiles, preserving file /data/data/com.android.providers.downloads/cache/metadata-1954.htm
07-05 15:15:51.762   545 23591 I DownloadManager: in removeSpuriousFiles, preserving file /data/data/com.android.providers.downloads/cache/metadata-464.htm
07-05 15:15:51.762   545 23591 I DownloadManager: in removeSpuriousFiles, preserving file /data/data/com.android.providers.downloads/cache/metadata-454.htm
07-05 15:15:51.762   545 23591 I DownloadManager: in removeSpuriousFiles, preserving file /data/data/com.android.providers.downloads/cache/metadata-500.htm
07-05 15:15:51.766   545 23591 I DownloadManager: in removeSpuriousFiles, preserving file /data/data/com.android.providers.downloads/cache/metadata-920.htm
07-05 15:15:51.766   545 23591 I DownloadManager: in removeSpuriousFiles, preserving file /data/data/com.android.providers.downloads/cache/metadata-393.htm
07-05 15:15:51.766   545 23591 I DownloadManager: in removeSpuriousFiles, preserving file /data/data/com.android.providers.downloads/cache/metadata-574.htm
07-05 15:15:51.770   545 23591 I DownloadManager: in removeSpuriousFiles, preserving file /data/data/com.android.providers.downloads/cache/metadata-1129.htm
07-05 15:15:51.770   545 23591 I DownloadManager: in removeSpuriousFiles, preserving file /data/data/com.android.providers.downloads/cache/metadata-496.htm
07-05 15:15:51.770   545 23591 I DownloadManager: in removeSpuriousFiles, preserving file /data/data/com.android.providers.downloads/cache/metadata-1593.htm
07-05 15:15:51.774   545 23591 I DownloadManager: in removeSpuriousFiles, preserving file /data/data/com.android.providers.downloads/cache/metadata-1070.htm
07-05 15:15:51.774   545 23591 I DownloadManager: in removeSpuriousFiles, preserving file /data/data/com.android.providers.downloads/cache/metadata-1090.htm
07-05 15:15:51.774   545 23591 I DownloadManager: in removeSpuriousFiles, preserving file /data/data/com.android.providers.downloads/cache/metadata-1366.htm
07-05 15:15:51.774   545 23591 I DownloadManager: in removeSpuriousFiles, preserving file /data/data/com.android.providers.downloads/cache/metadata-2129.htm
07-05 15:15:51.778   545 23591 I DownloadManager: in removeSpuriousFiles, preserving file /data/data/com.android.providers.downloads/cache/metadata-1456.htm
07-05 15:15:51.778   545 23591 I DownloadManager: in removeSpuriousFiles, preserving file /data/data/com.android.providers.downloads/cache/metadata-723.htm
07-05 15:15:51.782   545 23591 I DownloadManager: in removeSpuriousFiles, preserving file /data/data/com.android.providers.downloads/cache/metadata-984.htm
07-05 15:15:51.782   545 23591 I DownloadManager: in removeSpuriousFiles, preserving file /data/data/com.android.providers.downloads/cache/metadata-1076.htm
07-05 15:15:51.782   545 23591 I DownloadManager: in removeSpuriousFiles, preserving file /data/data/com.android.providers.downloads/cache/metadata-1349.htm
07-05 15:15:51.782   545 23591 I DownloadManager: in removeSpuriousFiles, preserving file /data/data/com.android.providers.downloads/cache/metadata-689.htm
07-05 15:15:51.786   545 23591 I DownloadManager: in removeSpuriousFiles, preserving file /data/data/com.android.providers.downloads/cache/metadata-1955.htm
07-05 15:15:51.786   545 23591 I DownloadManager: in removeSpuriousFiles, preserving file /data/data/com.android.providers.downloads/cache/metadata-425.htm
07-05 15:15:51.790   545 23591 I DownloadManager: in removeSpuriousFiles, preserving file /data/data/com.android.providers.downloads/cache/metadata-936.htm
07-05 15:15:51.790   545 23591 I DownloadManager: in removeSpuriousFiles, preserving file /data/data/com.android.providers.downloads/cache/metadata-1595.htm
07-05 15:15:51.790   545 23591 I DownloadManager: in removeSpuriousFiles, preserving file /data/data/com.android.providers.downloads/cache/metadata-1057.htm
07-05 15:15:51.794   545 23591 I DownloadManager: in removeSpuriousFiles, preserving file /data/data/com.android.providers.downloads/cache/metadata-1120.htm
07-05 15:15:51.794   545 23591 I DownloadManager: in removeSpuriousFiles, preserving file /data/data/com.android.providers.downloads/cache/metadata-1931.htm
07-05 15:15:51.794   545 23591 I DownloadManager: in removeSpuriousFiles, preserving file /data/data/com.android.providers.downloads/cache/metadata-1172.htm
07-05 15:15:51.798   545 23591 I DownloadManager: in removeSpuriousFiles, preserving file /data/data/com.android.providers.downloads/cache/metadata-1644.htm
07-05 15:15:51.798   545 23591 I DownloadManager: in removeSpuriousFiles, preserving file /data/data/com.android.providers.downloads/cache/metadata-1293.htm
07-05 15:15:51.798   545 23591 I DownloadManager: in removeSpuriousFiles, preserving file /data/data/com.android.providers.downloads/cache/metadata-9.htm
07-05 15:15:51.798   545 23591 I DownloadManager: in removeSpuriousFiles, preserving file /data/data/com.android.providers.downloads/cache/metadata-24.htm
07-05 15:15:51.801   545 23591 I DownloadManager: in removeSpuriousFiles, preserving file /data/data/com.android.providers.downloads/cache/metadata-22.htm
07-05 15:15:51.801   545 23591 I DownloadManager: in removeSpuriousFiles, preserving file /data/data/com.android.providers.downloads/cache/metadata-1.htm
07-05 15:15:51.801   545 23591 I DownloadManager: in removeSpuriousFiles, preserving file /data/data/com.android.providers.downloads/cache/metadata-57.htm
07-05 15:15:51.801   545 23591 I DownloadManager: in removeSpuriousFiles, preserving file /data/data/com.android.providers.downloads/cache/metadata-37.htm
07-05 15:15:51.801   545 23591 I DownloadManager: in removeSpuriousFiles, preserving file /data/data/com.android.providers.downloads/cache/metadata-40.htm
07-05 15:15:51.801   545 23591 I DownloadManager: in removeSpuriousFiles, preserving file /data/data/com.android.providers.downloads/cache/metadata-44.htm
07-05 15:15:51.801   545 23591 I DownloadManager: in removeSpuriousFiles, preserving file /data/data/com.android.providers.downloads/cache/metadata-55.htm
07-05 15:15:51.801   545 23591 I DownloadManager: in removeSpuriousFiles, preserving file /data/data/com.android.providers.downloads/cache/metadata-917.htm
07-05 15:15:51.805   545 23591 I DownloadManager: in removeSpuriousFiles, preserving file /data/data/com.android.providers.downloads/cache/metadata-62.htm
07-05 15:15:51.805   545 23591 I DownloadManager: in removeSpuriousFiles, preserving file /data/data/com.android.providers.downloads/cache/metadata-460.htm
07-05 15:15:51.805   545 23591 I DownloadManager: in removeSpuriousFiles, preserving file /data/data/com.android.providers.downloads/cache/metadata-444.htm
07-05 15:15:51.805   545 23591 I DownloadManager: in removeSpuriousFiles, preserving file /data/data/com.android.providers.downloads/cache/metadata-302.htm
07-05 15:15:51.805   545 23591 I DownloadManager: in removeSpuriousFiles, preserving file /data/data/com.android.providers.downloads/cache/metadata-1325.htm
07-05 15:15:51.805   545 23591 I DownloadManager: in removeSpuriousFiles, preserving file /data/data/com.android.providers.downloads/cache/metadata-710.htm
07-05 15:15:51.809   545 23591 I DownloadManager: in removeSpuriousFiles, preserving file /data/data/com.android.providers.downloads/cache/metadata-401.htm
07-05 15:15:51.809   545 23591 I DownloadManager: in removeSpuriousFiles, preserving file /data/data/com.android.providers.downloads/cache/metadata-58.htm
07-05 15:15:51.809   545 23591 I DownloadManager: in removeSpuriousFiles, preserving file /data/data/com.android.providers.downloads/cache/metadata-67.htm
07-05 15:15:51.809   545 23591 I DownloadManager: in removeSpuriousFiles, preserving file /data/data/com.android.providers.downloads/cache/metadata-259.htm
07-05 15:15:51.809   545 23591 I DownloadManager: in removeSpuriousFiles, preserving file /data/data/com.android.providers.downloads/cache/metadata-1839.htm
07-05 15:15:51.809   545 23591 I DownloadManager: in removeSpuriousFiles, preserving file /data/data/com.android.providers.downloads/cache/metadata-549.htm
07-05 15:15:51.809   545 23591 I DownloadManager: in removeSpuriousFiles, preserving file /data/data/com.android.providers.downloads/cache/metadata-414.htm
07-05 15:15:51.813   545 23591 I DownloadManager: in removeSpuriousFiles, preserving file /data/data/com.android.providers.downloads/cache/metadata-129.htm
07-05 15:15:51.813   545 23591 I DownloadManager: in removeSpuriousFiles, preserving file /data/data/com.android.providers.downloads/cache/metadata-122.htm
07-05 15:15:51.813   545 23591 I DownloadManager: in removeSpuriousFiles, preserving file /data/data/com.android.providers.downloads/cache/metadata-131.htm
07-05 15:15:51.817   545 23591 I DownloadManager: in removeSpuriousFiles, preserving file /data/data/com.android.providers.downloads/cache/metadata-589.htm
07-05 15:15:51.817   545 23591 I DownloadManager: in removeSpuriousFiles, preserving file /data/data/com.android.providers.downloads/cache/metadata-504.htm
07-05 15:15:51.817   545 23591 I DownloadManager: in removeSpuriousFiles, preserving file /data/data/com.android.providers.downloads/cache/metadata-538.htm
07-05 15:15:51.817   545 23591 I DownloadManager: in removeSpuriousFiles, preserving file /data/data/com.android.providers.downloads/cache/metadata-603.htm
07-05 15:15:51.817   545 23591 I DownloadManager: in removeSpuriousFiles, preserving file /data/data/com.android.providers.downloads/cache/metadata-1407.htm
07-05 15:15:51.821   545 23591 I DownloadManager: in removeSpuriousFiles, preserving file /data/data/com.android.providers.downloads/cache/metadata-513.htm
07-05 15:15:51.821   545 23591 I DownloadManager: in removeSpuriousFiles, preserving file /data/data/com.android.providers.downloads/cache/metadata-972.htm
07-05 15:15:51.821   545 23591 I DownloadManager: in removeSpuriousFiles, preserving file /data/data/com.android.providers.downloads/cache/metadata-1104.htm
07-05 15:15:51.821   545 23591 I DownloadManager: in removeSpuriousFiles, preserving file /data/data/com.android.providers.downloads/cache/metadata-299.htm
07-05 15:15:51.821   545 23591 I DownloadManager: in removeSpuriousFiles, preserving file /data/data/com.android.providers.downloads/cache/metadata-1097.htm
07-05 15:15:51.825   545 23591 I DownloadManager: in removeSpuriousFiles, preserving file /data/data/com.android.providers.downloads/cache/metadata-325.htm
07-05 15:15:51.825   545 23591 I DownloadManager: in removeSpuriousFiles, preserving file /data/data/com.android.providers.downloads/cache/metadata-1908.htm
07-05 15:15:51.825   545 23591 I DownloadManager: in removeSpuriousFiles, preserving file /data/data/com.android.providers.downloads/cache/metadata-1492.htm
07-05 15:15:51.825   545 23591 I DownloadManager: in removeSpuriousFiles, preserving file /data/data/com.android.providers.downloads/cache/metadata-99.htm
07-05 15:15:51.825   545 23591 I DownloadManager: in removeSpuriousFiles, preserving file /data/data/com.android.providers.downloads/cache/metadata-1314.htm
07-05 15:15:51.829   545 23591 I DownloadManager: in removeSpuriousFiles, preserving file /data/data/com.android.providers.downloads/cache/metadata-1323.htm
07-05 15:15:51.829   545 23591 I DownloadManager: in removeSpuriousFiles, preserving file /data/data/com.android.providers.downloads/cache/metadata-1948.htm
07-05 15:15:51.829   545 23591 I DownloadManager: in removeSpuriousFiles, preserving file /data/data/com.android.providers.downloads/cache/metadata-501.htm
07-05 15:15:51.829   545 23591 I DownloadManager: in removeSpuriousFiles, preserving file /data/data/com.android.providers.downloads/cache/metadata-278.htm
07-05 15:15:51.829   545 23591 I DownloadManager: in removeSpuriousFiles, preserving file /data/data/com.android.providers.downloads/cache/metadata-542.htm
07-05 15:15:51.833   545 23591 I DownloadManager: in removeSpuriousFiles, preserving file /data/data/com.android.providers.downloads/cache/metadata-616.htm
07-05 15:15:51.833   545 23591 I DownloadManager: in removeSpuriousFiles, preserving file /data/data/com.android.providers.downloads/cache/metadata-951.htm
07-05 15:15:51.833   545 23591 I DownloadManager: in removeSpuriousFiles, preserving file /data/data/com.android.providers.downloads/cache/metadata-1965.htm
07-05 15:15:51.833   545 23591 I DownloadManager: in removeSpuriousFiles, preserving file /data/data/com.android.providers.downloads/cache/metadata-134.htm
07-05 15:15:51.833   545 23591 I DownloadManager: in removeSpuriousFiles, preserving file /data/data/com.android.providers.downloads/cache/metadata-583.htm
07-05 15:15:51.837   545 23591 I DownloadManager: in removeSpuriousFiles, preserving file /data/data/com.android.providers.downloads/cache/metadata-1521.htm
07-05 15:15:51.837   545 23591 I DownloadManager: in removeSpuriousFiles, preserving file /data/data/com.android.providers.downloads/cache/metadata-529.htm
07-05 15:15:51.837   545 23591 I DownloadManager: in removeSpuriousFiles, preserving file /data/data/com.android.providers.downloads/cache/metadata-324.htm
07-05 15:15:51.837   545 23591 I DownloadManager: in removeSpuriousFiles, preserving file /data/data/com.android.providers.downloads/cache/metadata-979.htm
07-05 15:15:51.837   545 23591 I DownloadManager: in removeSpuriousFiles, preserving file /data/data/com.android.providers.downloads/cache/metadata-415.htm
07-05 15:15:51.841   545 23591 I DownloadManager: in removeSpuriousFiles, preserving file /data/data/com.android.providers.downloads/cache/metadata-520.htm
07-05 15:15:51.841   545 23591 I DownloadManager: in removeSpuriousFiles, preserving file /data/data/com.android.providers.downloads/cache/metadata-2119.htm
07-05 15:15:51.841   545 23591 I DownloadManager: in removeSpuriousFiles, preserving file /data/data/com.android.providers.downloads/cache/metadata-1777.htm
07-05 15:15:51.841   545 23591 I DownloadManager: in removeSpuriousFiles, preserving file /data/data/com.android.providers.downloads/cache/metadata-1698.htm
07-05 15:15:51.844   545 23591 I DownloadManager: in removeSpuriousFiles, preserving file /data/data/com.android.providers.downloads/cache/metadata-586.htm
07-05 15:15:51.844   545 23591 I DownloadManager: in removeSpuriousFiles, preserving file /data/data/com.android.providers.downloads/cache/metadata-543.htm
07-05 15:15:51.844   545 23591 I DownloadManager: in removeSpuriousFiles, preserving file /data/data/com.android.providers.downloads/cache/metadata-2163.htm
07-05 15:15:51.844   545 23591 I DownloadManager: in removeSpuriousFiles, preserving file /data/data/com.android.providers.downloads/cache/metadata-1118.htm
07-05 15:15:51.844   545 23591 I DownloadManager: in removeSpuriousFiles, preserving file /data/data/com.android.providers.downloads/cache/metadata-533.htm
07-05 15:15:51.848   545 23591 I DownloadManager: in removeSpuriousFiles, preserving file /data/data/com.android.providers.downloads/cache/metadata-818.htm
07-05 15:15:51.848   545 23591 I DownloadManager: in removeSpuriousFiles, preserving file /data/data/com.android.providers.downloads/cache/metadata-91.htm
07-05 15:15:51.848   545 23591 I DownloadManager: in removeSpuriousFiles, preserving file /data/data/com.android.providers.downloads/cache/metadata-498.htm
07-05 15:15:51.848   545 23591 I DownloadManager: in removeSpuriousFiles, preserving file /data/data/com.android.providers.downloads/cache/metadata-1367.htm
07-05 15:15:51.852   545 23591 I DownloadManager: in removeSpuriousFiles, preserving file /data/data/com.android.providers.downloads/cache/metadata-2380.htm
07-05 15:15:51.852   545 23591 I DownloadManager: in removeSpuriousFiles, preserving file /data/data/com.android.providers.downloads/cache/metadata-675.htm
07-05 15:15:51.852   545 23591 I DownloadManager: in removeSpuriousFiles, preserving file /data/data/com.android.providers.downloads/cache/metadata-1130.htm
07-05 15:15:51.852   545 23591 I DownloadManager: in removeSpuriousFiles, preserving file /data/data/com.android.providers.downloads/cache/metadata-563.htm
07-05 15:15:51.856   545 23591 I DownloadManager: in removeSpuriousFiles, preserving file /data/data/com.android.providers.downloads/cache/metadata-539.htm
07-05 15:15:51.856   545 23591 I DownloadManager: in removeSpuriousFiles, preserving file /data/data/com.android.providers.downloads/cache/metadata-441.htm
07-05 15:15:51.856   545 23591 I DownloadManager: in removeSpuriousFiles, preserving file /data/data/com.android.providers.downloads/cache/metadata-1184.htm
07-05 15:15:51.856   545 23591 I DownloadManager: in removeSpuriousFiles, preserving file /data/data/com.android.providers.downloads/cache/metadata-1994.htm
07-05 15:15:51.856   545 23591 I DownloadManager: in removeSpuriousFiles, preserving file /data/data/com.android.providers.downloads/cache/metadata-456.htm
07-05 15:15:51.860   545 23591 I DownloadManager: in removeSpuriousFiles, preserving file /data/data/com.android.providers.downloads/cache/metadata-515.htm
07-05 15:15:51.860   545 23591 I DownloadManager: in removeSpuriousFiles, preserving file /data/data/com.android.providers.downloads/cache/metadata-611.htm
07-05 15:15:51.860   545 23591 I DownloadManager: in removeSpuriousFiles, preserving file /data/data/com.android.providers.downloads/cache/metadata-994.htm
07-05 15:15:51.860   545 23591 I DownloadManager: in removeSpuriousFiles, preserving file /data/data/com.android.providers.downloads/cache/metadata-1790.htm
07-05 15:15:51.864   545 23591 I DownloadManager: in removeSpuriousFiles, preserving file /data/data/com.android.providers.downloads/cache/metadata-1153.htm
07-05 15:15:51.864   545 23591 I DownloadManager: in removeSpuriousFiles, preserving file /data/data/com.android.providers.downloads/cache/metadata-1350.htm
07-05 15:15:51.864   545 23591 I DownloadManager: in removeSpuriousFiles, preserving file /data/data/com.android.providers.downloads/cache/metadata-2070.htm
07-05 15:15:51.880   545 23591 I DownloadManager: in removeSpuriousFiles, preserving file /data/data/com.android.providers.downloads/cache/metadata-1920.htm
07-05 15:15:51.880   545 23591 I DownloadManager: in removeSpuriousFiles, preserving file /data/data/com.android.providers.downloads/cache/metadata-1163.htm
07-05 15:15:51.880   545 23591 I DownloadManager: in removeSpuriousFiles, preserving file /data/data/com.android.providers.downloads/cache/metadata-1278.htm
07-05 15:15:51.880   545 23591 I DownloadManager: in removeSpuriousFiles, preserving file /data/data/com.android.providers.downloads/cache/metadata-641.htm
07-05 15:15:51.880   545 23591 I DownloadManager: in removeSpuriousFiles, preserving file /data/data/com.android.providers.downloads/cache/metadata-840.htm
07-05 15:15:51.884   545 23591 I DownloadManager: in removeSpuriousFiles, preserving file /data/data/com.android.providers.downloads/cache/metadata-1165.htm
07-05 15:15:51.884   545 23591 I DownloadManager: in removeSpuriousFiles, preserving file /data/data/com.android.providers.downloads/cache/metadata-1362.htm
07-05 15:15:51.884   545 23591 I DownloadManager: in removeSpuriousFiles, preserving file /data/data/com.android.providers.downloads/cache/metadata-1547.htm
07-05 15:15:51.887   545 23591 I DownloadManager: in removeSpuriousFiles, preserving file /data/data/com.android.providers.downloads/cache/metadata-833.htm
07-05 15:15:51.887   545 23591 I DownloadManager: in removeSpuriousFiles, preserving file /data/data/com.android.providers.downloads/cache/metadata-766.htm
07-05 15:15:51.887   545 23591 I DownloadManager: in removeSpuriousFiles, preserving file /data/data/com.android.providers.downloads/cache/metadata-1008.htm
07-05 15:15:51.891   545 23591 I DownloadManager: in removeSpuriousFiles, preserving file /data/data/com.android.providers.downloads/cache/metadata-866.htm
07-05 15:15:51.891   545 23591 I DownloadManager: in removeSpuriousFiles, preserving file /data/data/com.android.providers.downloads/cache/metadata-1489.htm
07-05 15:15:51.891   545 23591 I DownloadManager: in removeSpuriousFiles, preserving file /data/data/com.android.providers.downloads/cache/metadata-561.htm
07-05 15:15:51.891   545 23591 I DownloadManager: in removeSpuriousFiles, preserving file /data/data/com.android.providers.downloads/cache/metadata-622.htm
07-05 15:15:51.895   545 23591 I DownloadManager: in removeSpuriousFiles, preserving file /data/data/com.android.providers.downloads/cache/metadata-732.htm
07-05 15:15:51.895   545 23591 I DownloadManager: in removeSpuriousFiles, preserving file /data/data/com.android.providers.downloads/cache/metadata-1573.htm
07-05 15:15:51.895   545 23591 I DownloadManager: in removeSpuriousFiles, preserving file /data/data/com.android.providers.downloads/cache/metadata-1298.htm
07-05 15:15:51.895   545 23591 I DownloadManager: in removeSpuriousFiles, preserving file /data/data/com.android.providers.downloads/cache/metadata-674.htm
07-05 15:15:51.899   545 23591 I DownloadManager: in removeSpuriousFiles, preserving file /data/data/com.android.providers.downloads/cache/metadata-2060.htm
07-05 15:15:51.899   545 23591 I DownloadManager: in removeSpuriousFiles, preserving file /data/data/com.android.providers.downloads/cache/metadata-795.htm
07-05 15:15:51.899   545 23591 I DownloadManager: in removeSpuriousFiles, preserving file /data/data/com.android.providers.downloads/cache/metadata-1052.htm
07-05 15:15:51.899   545 23591 I DownloadManager: in removeSpuriousFiles, preserving file /data/data/com.android.providers.downloads/cache/metadata-1872.htm
07-05 15:15:51.903   545 23591 I DownloadManager: in removeSpuriousFiles, preserving file /data/data/com.android.providers.downloads/cache/metadata-1169.htm
07-05 15:15:51.903   545 23591 I DownloadManager: in removeSpuriousFiles, preserving file /data/data/com.android.providers.downloads/cache/metadata-1501.htm
07-05 15:15:51.903   545 23591 I DownloadManager: in removeSpuriousFiles, preserving file /data/data/com.android.providers.downloads/cache/metadata-966.htm
07-05 15:15:51.903   545 23591 I DownloadManager: in removeSpuriousFiles, preserving file /data/data/com.android.providers.downloads/cache/metadata-1475.htm
07-05 15:15:51.907   545 23591 I DownloadManager: in removeSpuriousFiles, preserving file /data/data/com.android.providers.downloads/cache/metadata-1096.htm
07-05 15:15:51.907   545 23591 I DownloadManager: in removeSpuriousFiles, preserving file /data/data/com.android.providers.downloads/cache/metadata-607.htm
07-05 15:15:51.907   545 23591 I DownloadManager: in removeSpuriousFiles, preserving file /data/data/com.android.providers.downloads/cache/metadata-755.htm
07-05 15:15:51.911   545 23591 I DownloadManager: in removeSpuriousFiles, preserving file /data/data/com.android.providers.downloads/cache/metadata-1230.htm
07-05 15:15:51.911   545 23591 I DownloadManager: in removeSpuriousFiles, preserving file /data/data/com.android.providers.downloads/cache/metadata-2484.htm
07-05 15:15:51.911   545 23591 I DownloadManager: in removeSpuriousFiles, preserving file /data/data/com.android.providers.downloads/cache/metadata-1584.htm
07-05 15:15:51.915   545 23591 I DownloadManager: in removeSpuriousFiles, preserving file /data/data/com.android.providers.downloads/cache/metadata-503.htm
07-05 15:15:51.915   545 23591 I DownloadManager: in removeSpuriousFiles, preserving file /data/data/com.android.providers.downloads/cache/metadata-747.htm
07-05 15:15:51.915   545 23591 I DownloadManager: in removeSpuriousFiles, preserving file /data/data/com.android.providers.downloads/cache/metadata-1296.htm
07-05 15:15:51.919   545 23591 I DownloadManager: in removeSpuriousFiles, preserving file /data/data/com.android.providers.downloads/cache/metadata-1945.htm
07-05 15:15:51.919   545 23591 I DownloadManager: in removeSpuriousFiles, preserving file /data/data/com.android.providers.downloads/cache/metadata-1467.htm
07-05 15:15:51.919   545 23591 I DownloadManager: in removeSpuriousFiles, preserving file /data/data/com.android.providers.downloads/cache/metadata-1708.htm
07-05 15:15:51.923   545 23591 I DownloadManager: in removeSpuriousFiles, preserving file /data/data/com.android.providers.downloads/cache/metadata-579.htm
07-05 15:15:51.923   545 23591 I DownloadManager: in removeSpuriousFiles, preserving file /data/data/com.android.providers.downloads/cache/metadata-2043.htm
07-05 15:15:51.923   545 23591 I DownloadManager: in removeSpuriousFiles, preserving file /data/data/com.android.providers.downloads/cache/metadata-379.htm
07-05 15:15:51.923   545 23591 I DownloadManager: in removeSpuriousFiles, preserving file /data/data/com.android.providers.downloads/cache/metadata-391.htm
07-05 15:15:51.923   545 23591 I DownloadManager: in removeSpuriousFiles, preserving file /data/data/com.android.providers.downloads/cache/metadata-53.htm
07-05 15:15:51.923   545 23591 I DownloadManager: in removeSpuriousFiles, preserving file /data/data/com.android.providers.downloads/cache/metadata-151.htm
07-05 15:15:51.926   545 23591 I DownloadManager: in removeSpuriousFiles, preserving file /data/data/com.android.providers.downloads/cache/metadata-430.htm
07-05 15:15:51.926   545 23591 I DownloadManager: in removeSpuriousFiles, preserving file /data/data/com.android.providers.downloads/cache/metadata-41.htm
07-05 15:15:51.926   545 23591 I DownloadManager: in removeSpuriousFiles, preserving file /data/data/com.android.providers.downloads/cache/metadata-395.htm
07-05 15:15:51.926   545 23591 I DownloadManager: in removeSpuriousFiles, preserving file /data/data/com.android.providers.downloads/cache/metadata-42.htm
07-05 15:15:51.926   545 23591 I DownloadManager: in removeSpuriousFiles, preserving file /data/data/com.android.providers.downloads/cache/metadata-142.htm
07-05 15:15:51.926   545 23591 I DownloadManager: in removeSpuriousFiles, preserving file /data/data/com.android.providers.downloads/cache/metadata-17.htm
07-05 15:15:51.926   545 23591 I DownloadManager: in removeSpuriousFiles, preserving file /data/data/com.android.providers.downloads/cache/metadata-111.htm
07-05 15:15:51.926   545 23591 I DownloadManager: in removeSpuriousFiles, preserving file /data/data/com.android.providers.downloads/cache/metadata-437.htm
07-05 15:15:51.926   545 23591 I DownloadManager: in removeSpuriousFiles, preserving file /data/data/com.android.providers.downloads/cache/metadata-564.htm
07-05 15:15:51.926   545 23591 I DownloadManager: in removeSpuriousFiles, preserving file /data/data/com.android.providers.downloads/cache/metadata-372.htm
07-05 15:15:51.930   545 23591 I DownloadManager: in removeSpuriousFiles, preserving file /data/data/com.android.providers.downloads/cache/metadata-32.htm
07-05 15:15:51.930   545 23591 I DownloadManager: in removeSpuriousFiles, preserving file /data/data/com.android.providers.downloads/cache/metadata-209.htm
07-05 15:15:51.930   545 23591 I DownloadManager: in removeSpuriousFiles, preserving file /data/data/com.android.providers.downloads/cache/metadata-181.htm
07-05 15:15:51.930   545 23591 I DownloadManager: in removeSpuriousFiles, preserving file /data/data/com.android.providers.downloads/cache/metadata-230.htm
07-05 15:15:51.930   545 23591 I DownloadManager: in removeSpuriousFiles, preserving file /data/data/com.android.providers.downloads/cache/metadata-421.htm
07-05 15:15:51.930   545 23591 I DownloadManager: in removeSpuriousFiles, preserving file /data/data/com.android.providers.downloads/cache/metadata-70.htm
07-05 15:15:51.930   545 23591 I DownloadManager: in removeSpuriousFiles, preserving file /data/data/com.android.providers.downloads/cache/metadata-367.htm
07-05 15:15:51.934   545 23591 I DownloadManager: in removeSpuriousFiles, preserving file /data/data/com.android.providers.downloads/cache/metadata-527.htm
07-05 15:15:51.934   545 23591 I DownloadManager: in removeSpuriousFiles, preserving file /data/data/com.android.providers.downloads/cache/metadata-808.htm
07-05 15:15:51.934   545 23591 I DownloadManager: in removeSpuriousFiles, preserving file /data/data/com.android.providers.downloads/cache/metadata-68.htm
07-05 15:15:51.934   545 23591 I DownloadManager: in removeSpuriousFiles, preserving file /data/data/com.android.providers.downloads/cache/metadata-573.htm
07-05 15:15:51.934   545 23591 I DownloadManager: in removeSpuriousFiles, preserving file /data/data/com.android.providers.downloads/cache/metadata-214.htm
07-05 15:15:51.934   545 23591 I DownloadManager: in removeSpuriousFiles, preserving file /data/data/com.android.providers.downloads/cache/metadata-145.htm
07-05 15:15:51.934   545 23591 I DownloadManager: in removeSpuriousFiles, preserving file /data/data/com.android.providers.downloads/cache/metadata-431.htm
07-05 15:15:51.938   545 23591 I DownloadManager: in removeSpuriousFiles, preserving file /data/data/com.android.providers.downloads/cache/metadata-1416.htm
07-05 15:15:51.938   545 23591 I DownloadManager: in removeSpuriousFiles, preserving file /data/data/com.android.providers.downloads/cache/metadata-1331.htm
07-05 15:15:51.938   545 23591 I DownloadManager: in removeSpuriousFiles, preserving file /data/data/com.android.providers.downloads/cache/metadata-74.htm
07-05 15:15:51.938   545 23591 I DownloadManager: in removeSpuriousFiles, preserving file /data/data/com.android.providers.downloads/cache/metadata-609.htm
07-05 15:15:51.938   545 23591 I DownloadManager: in removeSpuriousFiles, preserving file /data/data/com.android.providers.downloads/cache/metadata-594.htm
07-05 15:15:51.938   545 23591 I DownloadManager: in removeSpuriousFiles, preserving file /data/data/com.android.providers.downloads/cache/metadata-196.htm
07-05 15:15:51.942   545 23591 I DownloadManager: in removeSpuriousFiles, preserving file /data/data/com.android.providers.downloads/cache/metadata-1503.htm
07-05 15:15:51.942   545 23591 I DownloadManager: in removeSpuriousFiles, preserving file /data/data/com.android.providers.downloads/cache/metadata-628.htm
07-05 15:15:51.942   545 23591 I DownloadManager: in removeSpuriousFiles, preserving file /data/data/com.android.providers.downloads/cache/metadata-185.htm
07-05 15:15:51.942   545 23591 I DownloadManager: in removeSpuriousFiles, preserving file /data/data/com.android.providers.downloads/cache/metadata-177.htm
07-05 15:15:51.942   545 23591 I DownloadManager: in removeSpuriousFiles, preserving file /data/data/com.android.providers.downloads/cache/metadata-470.htm
07-05 15:15:51.946   545 23591 I DownloadManager: in removeSpuriousFiles, preserving file /data/data/com.android.providers.downloads/cache/metadata-1128.htm
07-05 15:15:51.946   545 23591 I DownloadManager: in removeSpuriousFiles, preserving file /data/data/com.android.providers.downloads/cache/metadata-402.htm
07-05 15:15:51.946   545 23591 I DownloadManager: in removeSpuriousFiles, preserving file /data/data/com.android.providers.downloads/cache/metadata-1396.htm
07-05 15:15:51.946   545 23591 I DownloadManager: in removeSpuriousFiles, preserving file /data/data/com.android.providers.downloads/cache/metadata-1069.htm
07-05 15:15:51.946   545 23591 I DownloadManager: in removeSpuriousFiles, preserving file /data/data/com.android.providers.downloads/cache/metadata-207.htm
07-05 15:15:51.946   545 23591 I DownloadManager: in removeSpuriousFiles, preserving file /data/data/com.android.providers.downloads/cache/metadata-973.htm
07-05 15:15:51.950   545 23591 I DownloadManager: in removeSpuriousFiles, preserving file /data/data/com.android.providers.downloads/cache/metadata-376.htm
07-05 15:15:51.950   545 23591 I DownloadManager: in removeSpuriousFiles, preserving file /data/data/com.android.providers.downloads/cache/metadata-143.htm
07-05 15:15:51.950   545 23591 I DownloadManager: in removeSpuriousFiles, preserving file /data/data/com.android.providers.downloads/cache/metadata-1493.htm
07-05 15:15:51.950   545 23591 I DownloadManager: in removeSpuriousFiles, preserving file /data/data/com.android.providers.downloads/cache/metadata-342.htm
07-05 15:15:51.954   545 23591 I DownloadManager: in removeSpuriousFiles, preserving file /data/data/com.android.providers.downloads/cache/metadata-1423.htm
07-05 15:15:51.954   545 23591 I DownloadManager: in removeSpuriousFiles, preserving file /data/data/com.android.providers.downloads/cache/metadata-699.htm
07-05 15:15:51.954   545 23591 I DownloadManager: in removeSpuriousFiles, preserving file /data/data/com.android.providers.downloads/cache/metadata-317.htm
07-05 15:15:51.954   545 23591 I DownloadManager: in removeSpuriousFiles, preserving file /data/data/com.android.providers.downloads/cache/metadata-1397.htm
07-05 15:15:51.954   545 23591 I DownloadManager: in removeSpuriousFiles, preserving file /data/data/com.android.providers.downloads/cache/metadata-297.htm
07-05 15:15:51.958   545 23591 I DownloadManager: in removeSpuriousFiles, preserving file /data/data/com.android.providers.downloads/cache/metadata-939.htm
07-05 15:15:51.958   545 23591 I DownloadManager: in removeSpuriousFiles, preserving file /data/data/com.android.providers.downloads/cache/metadata-1435.htm
07-05 15:15:51.958   545 23591 I DownloadManager: in removeSpuriousFiles, preserving file /data/data/com.android.providers.downloads/cache/metadata-225.htm
07-05 15:15:51.958   545 23591 I DownloadManager: in removeSpuriousFiles, preserving file /data/data/com.android.providers.downloads/cache/metadata-938.htm
07-05 15:15:51.962   545 23591 I DownloadManager: in removeSpuriousFiles, preserving file /data/data/com.android.providers.downloads/cache/metadata-670.htm
07-05 15:15:51.962   545 23591 I DownloadManager: in removeSpuriousFiles, preserving file /data/data/com.android.providers.downloads/cache/metadata-568.htm
07-05 15:15:51.962   545 23591 I DownloadManager: in removeSpuriousFiles, preserving file /data/data/com.android.providers.downloads/cache/metadata-442.htm
07-05 15:15:51.962   545 23591 I DownloadManager: in removeSpuriousFiles, preserving file /data/data/com.android.providers.downloads/cache/metadata-1262.htm
07-05 15:15:51.962   545 23591 I DownloadManager: in removeSpuriousFiles, preserving file /data/data/com.android.providers.downloads/cache/metadata-928.htm
07-05 15:15:51.966   545 23591 I DownloadManager: in removeSpuriousFiles, preserving file /data/data/com.android.providers.downloads/cache/metadata-2202.htm
07-05 15:15:51.966   545 23591 I DownloadManager: in removeSpuriousFiles, preserving file /data/data/com.android.providers.downloads/cache/metadata-632.htm
07-05 15:15:51.966   545 23591 I DownloadManager: in removeSpuriousFiles, preserving file /data/data/com.android.providers.downloads/cache/metadata-679.htm
07-05 15:15:51.966   545 23591 I DownloadManager: in removeSpuriousFiles, preserving file /data/data/com.android.providers.downloads/cache/metadata-901.htm
07-05 15:15:51.966   545 23591 I DownloadManager: in removeSpuriousFiles, preserving file /data/data/com.android.providers.downloads/cache/metadata-588.htm
07-05 15:15:51.969   545 23591 I DownloadManager: in removeSpuriousFiles, preserving file /data/data/com.android.providers.downloads/cache/metadata-1050.htm
07-05 15:15:51.969   545 23591 I DownloadManager: in removeSpuriousFiles, preserving file /data/data/com.android.providers.downloads/cache/metadata-708.htm
07-05 15:15:51.969   545 23591 I DownloadManager: in removeSpuriousFiles, preserving file /data/data/com.android.providers.downloads/cache/metadata-1775.htm
07-05 15:15:51.973   545 23591 I DownloadManager: in removeSpuriousFiles, preserving file /data/data/com.android.providers.downloads/cache/metadata-1457.htm
07-05 15:15:51.973   545 23591 I DownloadManager: in removeSpuriousFiles, preserving file /data/data/com.android.providers.downloads/cache/metadata-2514.htm
07-05 15:15:51.973   545 23591 I DownloadManager: in removeSpuriousFiles, preserving file /data/data/com.android.providers.downloads/cache/metadata-1149.htm
07-05 15:15:51.973   545 23591 I DownloadManager: in removeSpuriousFiles, preserving file /data/data/com.android.providers.downloads/cache/metadata-555.htm
07-05 15:15:52.009   545   548 D dalvikvm: GC_CONCURRENT freed 699K, 10% free 10809K/11975K, paused 2ms+3ms
07-05 15:15:52.009   545 23591 I DownloadManager: in removeSpuriousFiles, preserving file /data/data/com.android.providers.downloads/cache/metadata-1446.htm
07-05 15:15:52.009   545 23591 I DownloadManager: in removeSpuriousFiles, preserving file /data/data/com.android.providers.downloads/cache/metadata-791.htm
07-05 15:15:52.009   545 23591 I DownloadManager: in removeSpuriousFiles, preserving file /data/data/com.android.providers.downloads/cache/metadata-1326.htm
07-05 15:15:52.009   545 23591 I DownloadManager: in removeSpuriousFiles, preserving file /data/data/com.android.providers.downloads/cache/metadata-215.htm
07-05 15:15:52.009   545 23591 I DownloadManager: in removeSpuriousFiles, preserving file /data/data/com.android.providers.downloads/cache/metadata-2794.htm
07-05 15:15:52.009   545 23591 I DownloadManager: in removeSpuriousFiles, preserving file /data/data/com.android.providers.downloads/cache/metadata-1958.htm
07-05 15:15:52.012   545 23591 I DownloadManager: in removeSpuriousFiles, preserving file /data/data/com.android.providers.downloads/cache/metadata-597.htm
07-05 15:15:52.012   545 23591 I DownloadManager: in removeSpuriousFiles, preserving file /data/data/com.android.providers.downloads/cache/metadata-1881.htm
07-05 15:15:52.012   545 23591 I DownloadManager: in removeSpuriousFiles, preserving file /data/data/com.android.providers.downloads/cache/metadata-2454.htm
07-05 15:15:52.012   545 23591 I DownloadManager: in removeSpuriousFiles, preserving file /data/data/com.android.providers.downloads/cache/metadata-2551.htm
07-05 15:15:52.016   545 23591 I DownloadManager: in removeSpuriousFiles, preserving file /data/data/com.android.providers.downloads/cache/metadata-135.htm
07-05 15:15:52.016   545 23591 I DownloadManager: in removeSpuriousFiles, preserving file /data/data/com.android.providers.downloads/cache/metadata-319.htm
07-05 15:15:52.020   545 23591 I DownloadManager: in removeSpuriousFiles, preserving file /data/data/com.android.providers.downloads/cache/metadata-1146.htm
07-05 15:15:52.020   545 23591 I DownloadManager: in removeSpuriousFiles, preserving file /data/data/com.android.providers.downloads/cache/metadata-962.htm
07-05 15:15:52.020   545 23591 I DownloadManager: in removeSpuriousFiles, preserving file /data/data/com.android.providers.downloads/cache/metadata-511.htm
07-05 15:15:52.020   545 23591 I DownloadManager: in removeSpuriousFiles, preserving file /data/data/com.android.providers.downloads/cache/metadata-944.htm
07-05 15:15:52.020   545 23591 I DownloadManager: in removeSpuriousFiles, preserving file /data/data/com.android.providers.downloads/cache/metadata-522.htm
07-05 15:15:52.024   545 23591 I DownloadManager: in removeSpuriousFiles, preserving file /data/data/com.android.providers.downloads/cache/metadata-964.htm
07-05 15:15:52.024   545 23591 I DownloadManager: in removeSpuriousFiles, preserving file /data/data/com.android.providers.downloads/cache/metadata-1834.htm
07-05 15:15:52.024   545 23591 I DownloadManager: in removeSpuriousFiles, preserving file /data/data/com.android.providers.downloads/cache/metadata-1133.htm
07-05 15:15:52.024   545 23591 I DownloadManager: in removeSpuriousFiles, preserving file /data/data/com.android.providers.downloads/cache/metadata-252.htm
07-05 15:15:52.028   545 23591 I DownloadManager: in removeSpuriousFiles, preserving file /data/data/com.android.providers.downloads/cache/metadata-2227.htm
07-05 15:15:52.028   545 23591 I DownloadManager: in removeSpuriousFiles, preserving file /data/data/com.android.providers.downloads/cache/metadata-1620.htm
07-05 15:15:52.028   545 23591 I DownloadManager: in removeSpuriousFiles, preserving file /data/data/com.android.providers.downloads/cache/metadata-1257.htm
07-05 15:15:52.028   545 23591 I DownloadManager: in removeSpuriousFiles, preserving file /data/data/com.android.providers.downloads/cache/metadata-1901.htm
07-05 15:15:52.032   545 23591 I DownloadManager: in removeSpuriousFiles, preserving file /data/data/com.android.providers.downloads/cache/metadata-1248.htm
07-05 15:15:52.032   545 23591 I DownloadManager: in removeSpuriousFiles, preserving file /data/data/com.android.providers.downloads/cache/metadata-1075.htm
07-05 15:15:52.032   545 23591 I DownloadManager: in removeSpuriousFiles, preserving file /data/data/com.android.providers.downloads/cache/metadata-1577.htm
07-05 15:15:52.032   545 23591 I DownloadManager: in removeSpuriousFiles, preserving file /data/data/com.android.providers.downloads/cache/metadata-174.htm
07-05 15:15:52.036   545 23591 I DownloadManager: in removeSpuriousFiles, preserving file /data/data/com.android.providers.downloads/cache/metadata-1191.htm
07-05 15:15:52.036   545 23591 I DownloadManager: in removeSpuriousFiles, preserving file /data/data/com.android.providers.downloads/cache/metadata-1240.htm
07-05 15:15:52.036   545 23591 I DownloadManager: in removeSpuriousFiles, preserving file /data/data/com.android.providers.downloads/cache/metadata-2432.htm
07-05 15:15:52.036   545 23591 I DownloadManager: in removeSpuriousFiles, preserving file /data/data/com.android.providers.downloads/cache/metadata-610.htm
07-05 15:15:52.040   545 23591 I DownloadManager: in removeSpuriousFiles, preserving file /data/data/com.android.providers.downloads/cache/metadata-1264.htm
07-05 15:15:52.040   545 23591 I DownloadManager: in removeSpuriousFiles, preserving file /data/data/com.android.providers.downloads/cache/metadata-521.htm
07-05 15:15:52.040   545 23591 I DownloadManager: in removeSpuriousFiles, preserving file /data/data/com.android.providers.downloads/cache/metadata-1713.htm
07-05 15:15:52.040   545 23591 I DownloadManager: in removeSpuriousFiles, preserving file /data/data/com.android.providers.downloads/cache/metadata-1502.htm
07-05 15:15:52.044   545 23591 I DownloadManager: in removeSpuriousFiles, preserving file /data/data/com.android.providers.downloads/cache/metadata-1410.htm
07-05 15:15:52.044   545 23591 I DownloadManager: in removeSpuriousFiles, preserving file /data/data/com.android.providers.downloads/cache/metadata-1506.htm
07-05 15:15:52.044   545 23591 I DownloadManager: in removeSpuriousFiles, preserving file /data/data/com.android.providers.downloads/cache/metadata-1996.htm
07-05 15:15:52.044   545 23591 I DownloadManager: in removeSpuriousFiles, preserving file /data/data/com.android.providers.downloads/cache/metadata-1254.htm
07-05 15:15:52.044   545 23591 I DownloadManager: in removeSpuriousFiles, preserving file /data/data/com.android.providers.downloads/cache/metadata-1051.htm
07-05 15:15:52.048   545 23591 I DownloadManager: in removeSpuriousFiles, preserving file /data/data/com.android.providers.downloads/cache/metadata-1342.htm
07-05 15:15:52.048   545 23591 I DownloadManager: in removeSpuriousFiles, preserving file /data/data/com.android.providers.downloads/cache/metadata-1848.htm
07-05 15:15:52.048   545 23591 I DownloadManager: in removeSpuriousFiles, preserving file /data/data/com.android.providers.downloads/cache/metadata-2171.htm
07-05 15:15:52.048   545 23591 I DownloadManager: in removeSpuriousFiles, preserving file /data/data/com.android.providers.downloads/cache/metadata-1428.htm
07-05 15:15:52.051   545 23591 I DownloadManager: in removeSpuriousFiles, preserving file /data/data/com.android.providers.downloads/cache/metadata-995.htm
07-05 15:15:52.051   545 23591 I DownloadManager: in removeSpuriousFiles, preserving file /data/data/com.android.providers.downloads/cache/metadata-23.htm
07-05 15:15:52.051   545 23591 I DownloadManager: in removeSpuriousFiles, preserving file /data/data/com.android.providers.downloads/cache/metadata-12.htm
07-05 15:15:52.051   545 23591 I DownloadManager: in removeSpuriousFiles, preserving file /data/data/com.android.providers.downloads/cache/metadata-11.htm
07-05 15:15:52.051   545 23591 I DownloadManager: in removeSpuriousFiles, preserving file /data/data/com.android.providers.downloads/cache/metadata-31.htm
07-05 15:15:52.051   545 23591 I DownloadManager: in removeSpuriousFiles, preserving file /data/data/com.android.providers.downloads/cache/metadata-321.htm
07-05 15:15:52.055   545 23591 I DownloadManager: in removeSpuriousFiles, preserving file /data/data/com.android.providers.downloads/cache/metadata-39.htm
07-05 15:15:52.055   545 23591 I DownloadManager: in removeSpuriousFiles, preserving file /data/data/com.android.providers.downloads/cache/metadata-35.htm
07-05 15:15:52.055   545 23591 I DownloadManager: in removeSpuriousFiles, preserving file /data/data/com.android.providers.downloads/cache/metadata-25.htm
07-05 15:15:52.055   545 23591 I DownloadManager: in removeSpuriousFiles, preserving file /data/data/com.android.providers.downloads/cache/metadata-491.htm
07-05 15:15:52.055   545 23591 I DownloadManager: in removeSpuriousFiles, preserving file /data/data/com.android.providers.downloads/cache/metadata-72.htm
07-05 15:15:52.055   545 23591 I DownloadManager: in removeSpuriousFiles, preserving file /data/data/com.android.providers.downloads/cache/metadata-362.htm
07-05 15:15:52.055   545 23591 I DownloadManager: in removeSpuriousFiles, preserving file /data/data/com.android.providers.downloads/cache/metadata-450.htm
07-05 15:15:52.055   545 23591 I DownloadManager: in removeSpuriousFiles, preserving file /data/data/com.android.providers.downloads/cache/metadata-219.htm
07-05 15:15:52.055   545 23591 I DownloadManager: in removeSpuriousFiles, preserving file /data/data/com.android.providers.downloads/cache/metadata-954.htm
07-05 15:15:52.055   545 23591 I DownloadManager: in removeSpuriousFiles, preserving file /data/data/com.android.providers.downloads/cache/metadata-557.htm
07-05 15:15:52.055   545 23591 I DownloadManager: in removeSpuriousFiles, preserving file /data/data/com.android.providers.downloads/cache/metadata-60.htm
07-05 15:15:52.059   545 23591 I DownloadManager: in removeSpuriousFiles, preserving file /data/data/com.android.providers.downloads/cache/metadata-139.htm
07-05 15:15:52.059   545 23591 I DownloadManager: in removeSpuriousFiles, preserving file /data/data/com.android.providers.downloads/cache/metadata-172.htm
07-05 15:15:52.059   545 23591 I DownloadManager: in removeSpuriousFiles, preserving file /data/data/com.android.providers.downloads/cache/metadata-127.htm
07-05 15:15:52.059   545 23591 I DownloadManager: in removeSpuriousFiles, preserving file /data/data/com.android.providers.downloads/cache/metadata-1338.htm
07-05 15:15:52.059   545 23591 I DownloadManager: in removeSpuriousFiles, preserving file /data/data/com.android.providers.downloads/cache/metadata-313.htm
07-05 15:15:52.059   545 23591 I DownloadManager: in removeSpuriousFiles, preserving file /data/data/com.android.providers.downloads/cache/metadata-449.htm
07-05 15:15:52.059   545 23591 I DownloadManager: in removeSpuriousFiles, preserving file /data/data/com.android.providers.downloads/cache/metadata-195.htm
07-05 15:15:52.059   545 23591 I DownloadManager: in removeSpuriousFiles, preserving file /data/data/com.android.providers.downloads/cache/metadata-345.htm
07-05 15:15:52.059   545 23591 I DownloadManager: in removeSpuriousFiles, preserving file /data/data/com.android.providers.downloads/cache/metadata-248.htm
07-05 15:15:52.063   545 23591 I DownloadManager: in removeSpuriousFiles, preserving file /data/data/com.android.providers.downloads/cache/metadata-932.htm
07-05 15:15:52.063   545 23591 I DownloadManager: in removeSpuriousFiles, preserving file /data/data/com.android.providers.downloads/cache/metadata-385.htm
07-05 15:15:52.063   545 23591 I DownloadManager: in removeSpuriousFiles, preserving file /data/data/com.android.providers.downloads/cache/metadata-2556.htm
07-05 15:15:52.063   545 23591 I DownloadManager: in removeSpuriousFiles, preserving file /data/data/com.android.providers.downloads/cache/metadata-1125.htm
07-05 15:15:52.063   545 23591 I DownloadManager: in removeSpuriousFiles, preserving file /data/data/com.android.providers.downloads/cache/metadata-631.htm
07-05 15:15:52.063   545 23591 I DownloadManager: in removeSpuriousFiles, preserving file /data/data/com.android.providers.downloads/cache/metadata-161.htm
07-05 15:15:52.063   545 23591 I DownloadManager: in removeSpuriousFiles, preserving file /data/data/com.android.providers.downloads/cache/metadata-2139.htm
07-05 15:15:52.067   545 23591 I DownloadManager: in removeSpuriousFiles, preserving file /data/data/com.android.providers.downloads/cache/metadata-337.htm
07-05 15:15:52.067   545 23591 I DownloadManager: in removeSpuriousFiles, preserving file /data/data/com.android.providers.downloads/cache/metadata-1563.htm
07-05 15:15:52.067   545 23591 I DownloadManager: in removeSpuriousFiles, preserving file /data/data/com.android.providers.downloads/cache/metadata-2082.htm
07-05 15:15:52.067   545 23591 I DownloadManager: in removeSpuriousFiles, preserving file /data/data/com.android.providers.downloads/cache/metadata-226.htm
07-05 15:15:52.067   545 23591 I DownloadManager: in removeSpuriousFiles, preserving file /data/data/com.android.providers.downloads/cache/metadata-1379.htm
07-05 15:15:52.067   545 23591 I DownloadManager: in removeSpuriousFiles, preserving file /data/data/com.android.providers.downloads/cache/metadata-474.htm
07-05 15:15:52.067   545 23591 I DownloadManager: in removeSpuriousFiles, preserving file /data/data/com.android.providers.downloads/cache/metadata-956.htm
07-05 15:15:52.071   545 23591 I DownloadManager: in removeSpuriousFiles, preserving file /data/data/com.android.providers.downloads/cache/metadata-164.htm
07-05 15:15:52.071   545 23591 I DownloadManager: in removeSpuriousFiles, preserving file /data/data/com.android.providers.downloads/cache/metadata-82.htm
07-05 15:15:52.071   545 23591 I DownloadManager: in removeSpuriousFiles, preserving file /data/data/com.android.providers.downloads/cache/metadata-576.htm
07-05 15:15:52.071   545 23591 I DownloadManager: in removeSpuriousFiles, preserving file /data/data/com.android.providers.downloads/cache/metadata-1299.htm
07-05 15:15:52.071   545 23591 I DownloadManager: in removeSpuriousFiles, preserving file /data/data/com.android.providers.downloads/cache/metadata-90.htm
07-05 15:15:52.071   545 23591 I DownloadManager: in removeSpuriousFiles, preserving file /data/data/com.android.providers.downloads/cache/metadata-71.htm
07-05 15:15:52.075   545 23591 I DownloadManager: in removeSpuriousFiles, preserving file /data/data/com.android.providers.downloads/cache/metadata-758.htm
07-05 15:15:52.075   545 23591 I DownloadManager: in removeSpuriousFiles, preserving file /data/data/com.android.providers.downloads/cache/metadata-295.htm
07-05 15:15:52.075   545 23591 I DownloadManager: in removeSpuriousFiles, preserving file /data/data/com.android.providers.downloads/cache/metadata-257.htm
07-05 15:15:52.075   545 23591 I DownloadManager: in removeSpuriousFiles, preserving file /data/data/com.android.providers.downloads/cache/metadata-398.htm
07-05 15:15:52.075   545 23591 I DownloadManager: in removeSpuriousFiles, preserving file /data/data/com.android.providers.downloads/cache/metadata-2361.htm
07-05 15:15:52.075   545 23591 I DownloadManager: in removeSpuriousFiles, preserving file /data/data/com.android.providers.downloads/cache/metadata-245.htm
07-05 15:15:52.079   545 23591 I DownloadManager: in removeSpuriousFiles, preserving file /data/data/com.android.providers.downloads/cache/metadata-1488.htm
07-05 15:15:52.079   545 23591 I DownloadManager: in removeSpuriousFiles, preserving file /data/data/com.android.providers.downloads/cache/metadata-2327.htm
07-05 15:15:52.079   545 23591 I DownloadManager: in removeSpuriousFiles, preserving file /data/data/com.android.providers.downloads/cache/metadata-123.htm
07-05 15:15:52.079   545 23591 I DownloadManager: in removeSpuriousFiles, preserving file /data/data/com.android.providers.downloads/cache/metadata-194.htm
07-05 15:15:52.079   545 23591 I DownloadManager: in removeSpuriousFiles, preserving file /data/data/com.android.providers.downloads/cache/metadata-394.htm
07-05 15:15:52.083   545 23591 I DownloadManager: in removeSpuriousFiles, preserving file /data/data/com.android.providers.downloads/cache/metadata-497.htm
07-05 15:15:52.083   545 23591 I DownloadManager: in removeSpuriousFiles, preserving file /data/data/com.android.providers.downloads/cache/metadata-366.htm
07-05 15:15:52.083   545 23591 I DownloadManager: in removeSpuriousFiles, preserving file /data/data/com.android.providers.downloads/cache/metadata-569.htm
07-05 15:15:52.083   545 23591 I DownloadManager: in removeSpuriousFiles, preserving file /data/data/com.android.providers.downloads/cache/metadata-1406.htm
07-05 15:15:52.083   545 23591 I DownloadManager: in removeSpuriousFiles, preserving file /data/data/com.android.providers.downloads/cache/metadata-292.htm
07-05 15:15:52.087   545 23591 I DownloadManager: in removeSpuriousFiles, preserving file /data/data/com.android.providers.downloads/cache/metadata-2540.htm
07-05 15:15:52.087   545 23591 I DownloadManager: in removeSpuriousFiles, preserving file /data/data/com.android.providers.downloads/cache/metadata-471.htm
07-05 15:15:52.087   545 23591 I DownloadManager: in removeSpuriousFiles, preserving file /data/data/com.android.providers.downloads/cache/metadata-1613.htm
07-05 15:15:52.087   545 23591 I DownloadManager: in removeSpuriousFiles, preserving file /data/data/com.android.providers.downloads/cache/metadata-466.htm
07-05 15:15:52.087   545 23591 I DownloadManager: in removeSpuriousFiles, preserving file /data/data/com.android.providers.downloads/cache/metadata-210.htm
07-05 15:15:52.087   545 23591 I DownloadManager: in removeSpuriousFiles, preserving file /data/data/com.android.providers.downloads/cache/metadata-2117.htm
07-05 15:15:52.091   545 23591 I DownloadManager: in removeSpuriousFiles, preserving file /data/data/com.android.providers.downloads/cache/metadata-1297.htm
07-05 15:15:52.091   545 23591 I DownloadManager: in removeSpuriousFiles, preserving file /data/data/com.android.providers.downloads/cache/metadata-991.htm
07-05 15:15:52.091   545 23591 I DownloadManager: in removeSpuriousFiles, preserving file /data/data/com.android.providers.downloads/cache/metadata-856.htm
07-05 15:15:52.091   545 23591 I DownloadManager: in removeSpuriousFiles, preserving file /data/data/com.android.providers.downloads/cache/metadata-935.htm
07-05 15:15:52.091   545 23591 I DownloadManager: in removeSpuriousFiles, preserving file /data/data/com.android.providers.downloads/cache/metadata-1246.htm
07-05 15:15:52.094   545 23591 I DownloadManager: in removeSpuriousFiles, preserving file /data/data/com.android.providers.downloads/cache/metadata-617.htm
07-05 15:15:52.094   545 23591 I DownloadManager: in removeSpuriousFiles, preserving file /data/data/com.android.providers.downloads/cache/metadata-799.htm
07-05 15:15:52.094   545 23591 I DownloadManager: in removeSpuriousFiles, preserving file /data/data/com.android.providers.downloads/cache/metadata-1180.htm
07-05 15:15:52.094   545 23591 I DownloadManager: in removeSpuriousFiles, preserving file /data/data/com.android.providers.downloads/cache/metadata-560.htm
07-05 15:15:52.094   545 23591 I DownloadManager: in removeSpuriousFiles, preserving file /data/data/com.android.providers.downloads/cache/metadata-924.htm
07-05 15:15:52.098   545 23591 I DownloadManager: in removeSpuriousFiles, preserving file /data/data/com.android.providers.downloads/cache/metadata-1079.htm
07-05 15:15:52.098   545 23591 I DownloadManager: in removeSpuriousFiles, preserving file /data/data/com.android.providers.downloads/cache/metadata-1759.htm
07-05 15:15:52.098   545 23591 I DownloadManager: in removeSpuriousFiles, preserving file /data/data/com.android.providers.downloads/cache/metadata-1363.htm
07-05 15:15:52.098   545 23591 I DownloadManager: in removeSpuriousFiles, preserving file /data/data/com.android.providers.downloads/cache/metadata-716.htm
07-05 15:15:52.098   545 23591 I DownloadManager: in removeSpuriousFiles, preserving file /data/data/com.android.providers.downloads/cache/metadata-182.htm
07-05 15:15:52.102   545 23591 I DownloadManager: in removeSpuriousFiles, preserving file /data/data/com.android.providers.downloads/cache/metadata-1434.htm
07-05 15:15:52.102   545 23591 I DownloadManager: in removeSpuriousFiles, preserving file /data/data/com.android.providers.downloads/cache/metadata-756.htm
07-05 15:15:52.102   545 23591 I DownloadManager: in removeSpuriousFiles, preserving file /data/data/com.android.providers.downloads/cache/metadata-637.htm
07-05 15:15:52.102   545 23591 I DownloadManager: in removeSpuriousFiles, preserving file /data/data/com.android.providers.downloads/cache/metadata-922.htm
07-05 15:15:52.106   545 23591 I DownloadManager: in removeSpuriousFiles, preserving file /data/data/com.android.providers.downloads/cache/metadata-961.htm
07-05 15:15:52.106   545 23591 I DownloadManager: in removeSpuriousFiles, preserving file /data/data/com.android.providers.downloads/cache/metadata-1409.htm
07-05 15:15:52.106   545 23591 I DownloadManager: in removeSpuriousFiles, preserving file /data/data/com.android.providers.downloads/cache/metadata-770.htm
07-05 15:15:52.106   545 23591 I DownloadManager: in removeSpuriousFiles, preserving file /data/data/com.android.providers.downloads/cache/metadata-2376.htm
07-05 15:15:52.106   545 23591 I DownloadManager: in removeSpuriousFiles, preserving file /data/data/com.android.providers.downloads/cache/metadata-1568.htm
07-05 15:15:52.110   545 23591 I DownloadManager: in removeSpuriousFiles, preserving file /data/data/com.android.providers.downloads/cache/metadata-1737.htm
07-05 15:15:52.110   545 23591 I DownloadManager: in removeSpuriousFiles, preserving file /data/data/com.android.providers.downloads/cache/metadata-592.htm
07-05 15:15:52.110   545 23591 I DownloadManager: in removeSpuriousFiles, preserving file /data/data/com.android.providers.downloads/cache/metadata-361.htm
07-05 15:15:52.110   545 23591 I DownloadManager: in removeSpuriousFiles, preserving file /data/data/com.android.providers.downloads/cache/metadata-1528.htm
07-05 15:15:52.110   545 23591 I DownloadManager: in removeSpuriousFiles, preserving file /data/data/com.android.providers.downloads/cache/metadata-1263.htm
07-05 15:15:52.114   545 23591 I DownloadManager: in removeSpuriousFiles, preserving file /data/data/com.android.providers.downloads/cache/metadata-1042.htm
07-05 15:15:52.114   545 23591 I DownloadManager: in removeSpuriousFiles, preserving file /data/data/com.android.providers.downloads/cache/metadata-2214.htm
07-05 15:15:52.114   545 23591 I DownloadManager: in removeSpuriousFiles, preserving file /data/data/com.android.providers.downloads/cache/metadata-977.htm
07-05 15:15:52.114   545 23591 I DownloadManager: in removeSpuriousFiles, preserving file /data/data/com.android.providers.downloads/cache/metadata-315.htm
07-05 15:15:52.118   545 23591 I DownloadManager: in removeSpuriousFiles, preserving file /data/data/com.android.providers.downloads/cache/metadata-130.htm
07-05 15:15:52.118   545 23591 I DownloadManager: in removeSpuriousFiles, preserving file /data/data/com.android.providers.downloads/cache/metadata-334.htm
07-05 15:15:52.118   545 23591 I DownloadManager: in removeSpuriousFiles, preserving file /data/data/com.android.providers.downloads/cache/metadata-623.htm
07-05 15:15:52.118   545 23591 I DownloadManager: in removeSpuriousFiles, preserving file /data/data/com.android.providers.downloads/cache/metadata-948.htm
07-05 15:15:52.118   545 23591 I DownloadManager: in removeSpuriousFiles, preserving file /data/data/com.android.providers.downloads/cache/metadata-1122.htm
07-05 15:15:52.122   545 23591 I DownloadManager: in removeSpuriousFiles, preserving file /data/data/com.android.providers.downloads/cache/metadata-1322.htm
07-05 15:15:52.122   545 23591 I DownloadManager: in removeSpuriousFiles, preserving file /data/data/com.android.providers.downloads/cache/metadata-903.htm
07-05 15:15:52.122   545 23591 I DownloadManager: in removeSpuriousFiles, preserving file /data/data/com.android.providers.downloads/cache/metadata-998.htm
07-05 15:15:52.122   545 23591 I DownloadManager: in removeSpuriousFiles, preserving file /data/data/com.android.providers.downloads/cache/metadata-1847.htm
07-05 15:15:52.122   545 23591 I DownloadManager: in removeSpuriousFiles, preserving file /data/data/com.android.providers.downloads/cache/metadata-141.htm
07-05 15:15:52.126   545 23591 I DownloadManager: in removeSpuriousFiles, preserving file /data/data/com.android.providers.downloads/cache/metadata-1203.htm
07-05 15:15:52.126   545 23591 I DownloadManager: in removeSpuriousFiles, preserving file /data/data/com.android.providers.downloads/cache/metadata-683.htm
07-05 15:15:52.126   545 23591 I DownloadManager: in removeSpuriousFiles, preserving file /data/data/com.android.providers.downloads/cache/metadata-565.htm
07-05 15:15:52.126   545 23591 I DownloadManager: in removeSpuriousFiles, preserving file /data/data/com.android.providers.downloads/cache/metadata-1951.htm
07-05 15:15:52.126   545 23591 I DownloadManager: in removeSpuriousFiles, preserving file /data/data/com.android.providers.downloads/cache/metadata-660.htm
07-05 15:15:52.130   545 23591 I DownloadManager: in removeSpuriousFiles, preserving file /data/data/com.android.providers.downloads/cache/metadata-663.htm
07-05 15:15:52.130   545 23591 I DownloadManager: in removeSpuriousFiles, preserving file /data/data/com.android.providers.downloads/cache/metadata-1282.htm
07-05 15:15:52.130   545 23591 I DownloadManager: in removeSpuriousFiles, preserving file /data/data/com.android.providers.downloads/cache/metadata-1205.htm
07-05 15:15:52.134   545 23591 I DownloadManager: in removeSpuriousFiles, preserving file /data/data/com.android.providers.downloads/cache/metadata-2040.htm
07-05 15:15:52.134   545 23591 I DownloadManager: in removeSpuriousFiles, preserving file /data/data/com.android.providers.downloads/cache/metadata-789.htm
07-05 15:15:52.134   545 23591 I DownloadManager: in removeSpuriousFiles, preserving file /data/data/com.android.providers.downloads/cache/metadata-904.htm
07-05 15:15:52.134   545 23591 I DownloadManager: in removeSpuriousFiles, preserving file /data/data/com.android.providers.downloads/cache/metadata-519.htm
07-05 15:15:52.137   545 23591 I DownloadManager: in removeSpuriousFiles, preserving file /data/data/com.android.providers.downloads/cache/metadata-89.htm
07-05 15:15:52.137   545 23591 I DownloadManager: in removeSpuriousFiles, preserving file /data/data/com.android.providers.downloads/cache/metadata-232.htm
07-05 15:15:52.137   545 23591 I DownloadManager: in removeSpuriousFiles, preserving file /data/data/com.android.providers.downloads/cache/metadata-3.htm
07-05 15:15:52.137   545 23591 I DownloadManager: in removeSpuriousFiles, preserving file /data/data/com.android.providers.downloads/cache/metadata-2271.htm
07-05 15:15:52.137   545 23591 I DownloadManager: in removeSpuriousFiles, preserving file /data/data/com.android.providers.downloads/cache/metadata-20.htm
07-05 15:15:52.137   545 23591 I DownloadManager: in removeSpuriousFiles, preserving file /data/data/com.android.providers.downloads/cache/metadata-26.htm
07-05 15:15:52.137   545 23591 I DownloadManager: in removeSpuriousFiles, preserving file /data/data/com.android.providers.downloads/cache/metadata-51.htm
07-05 15:15:52.137   545 23591 I DownloadManager: in removeSpuriousFiles, preserving file /data/data/com.android.providers.downloads/cache/metadata-38.htm
07-05 15:15:52.137   545 23591 I DownloadManager: in removeSpuriousFiles, preserving file /data/data/com.android.providers.downloads/cache/metadata-301.htm
07-05 15:15:52.137   545 23591 I DownloadManager: in removeSpuriousFiles, preserving file /data/data/com.android.providers.downloads/cache/metadata-688.htm
07-05 15:15:52.137   545 23591 I DownloadManager: in removeSpuriousFiles, preserving file /data/data/com.android.providers.downloads/cache/metadata-188.htm
07-05 15:15:52.141   545 23591 I DownloadManager: in removeSpuriousFiles, preserving file /data/data/com.android.providers.downloads/cache/metadata-314.htm
07-05 15:15:52.141   545 23591 I DownloadManager: in removeSpuriousFiles, preserving file /data/data/com.android.providers.downloads/cache/metadata-530.htm
07-05 15:15:52.141   545 23591 I DownloadManager: in removeSpuriousFiles, preserving file /data/data/com.android.providers.downloads/cache/metadata-63.htm
07-05 15:15:52.141   545 23591 I DownloadManager: in removeSpuriousFiles, preserving file /data/data/com.android.providers.downloads/cache/metadata-418.htm
07-05 15:15:52.141   545 23591 I DownloadManager: in removeSpuriousFiles, preserving file /data/data/com.android.providers.downloads/cache/metadata-138.htm
07-05 15:15:52.141   545 23591 I DownloadManager: in removeSpuriousFiles, preserving file /data/data/com.android.providers.downloads/cache/metadata-368.htm
07-05 15:15:52.141   545 23591 I DownloadManager: in removeSpuriousFiles, preserving file /data/data/com.android.providers.downloads/cache/metadata-206.htm
07-05 15:15:52.141   545 23591 I DownloadManager: in removeSpuriousFiles, preserving file /data/data/com.android.providers.downloads/cache/metadata-153.htm
07-05 15:15:52.141   545 23591 I DownloadManager: in removeSpuriousFiles, preserving file /data/data/com.android.providers.downloads/cache/metadata-175.htm
07-05 15:15:52.141   545 23591 I DownloadManager: in removeSpuriousFiles, preserving file /data/data/com.android.providers.downloads/cache/metadata-201.htm
07-05 15:15:52.141   545 23591 I DownloadManager: in removeSpuriousFiles, preserving file /data/data/com.android.providers.downloads/cache/metadata-217.htm
07-05 15:15:52.145   545 23591 I DownloadManager: in removeSpuriousFiles, preserving file /data/data/com.android.providers.downloads/cache/metadata-126.htm
07-05 15:15:52.145   545 23591 I DownloadManager: in removeSpuriousFiles, preserving file /data/data/com.android.providers.downloads/cache/metadata-312.htm
07-05 15:15:52.145   545 23591 I DownloadManager: in removeSpuriousFiles, preserving file /data/data/com.android.providers.downloads/cache/metadata-273.htm
07-05 15:15:52.145   545 23591 I DownloadManager: in removeSpuriousFiles, preserving file /data/data/com.android.providers.downloads/cache/metadata-348.htm
07-05 15:15:52.145   545 23591 I DownloadManager: in removeSpuriousFiles, preserving file /data/data/com.android.providers.downloads/cache/metadata-1285.htm
07-05 15:15:52.145   545 23591 I DownloadManager: in removeSpuriousFiles, preserving file /data/data/com.android.providers.downloads/cache/metadata-140.htm
07-05 15:15:52.145   545 23591 I DownloadManager: in removeSpuriousFiles, preserving file /data/data/com.android.providers.downloads/cache/metadata-156.htm
07-05 15:15:52.149   545 23591 I DownloadManager: in removeSpuriousFiles, preserving file /data/data/com.android.providers.downloads/cache/metadata-1541.htm
07-05 15:15:52.149   545 23591 I DownloadManager: in removeSpuriousFiles, preserving file /data/data/com.android.providers.downloads/cache/metadata-1145.htm
07-05 15:15:52.149   545 23591 I DownloadManager: in removeSpuriousFiles, preserving file /data/data/com.android.providers.downloads/cache/metadata-1472.htm
07-05 15:15:52.149   545 23591 I DownloadManager: in removeSpuriousFiles, preserving file /data/data/com.android.providers.downloads/cache/metadata-1534.htm
07-05 15:15:52.149   545 23591 I DownloadManager: in removeSpuriousFiles, preserving file /data/data/com.android.providers.downloads/cache/metadata-187.htm
07-05 15:15:52.149   545 23591 I DownloadManager: in removeSpuriousFiles, preserving file /data/data/com.android.providers.downloads/cache/metadata-1486.htm
07-05 15:15:52.149   545 23591 I DownloadManager: in removeSpuriousFiles, preserving file /data/data/com.android.providers.downloads/cache/metadata-545.htm
07-05 15:15:52.149   545 23591 I DownloadManager: in removeSpuriousFiles, preserving file /data/data/com.android.providers.downloads/cache/metadata-505.htm
07-05 15:15:52.153   545 23591 I DownloadManager: in removeSpuriousFiles, preserving file /data/data/com.android.providers.downloads/cache/metadata-234.htm
07-05 15:15:52.153   545 23591 I DownloadManager: in removeSpuriousFiles, preserving file /data/data/com.android.providers.downloads/cache/metadata-197.htm
07-05 15:15:52.153   545 23591 I DownloadManager: in removeSpuriousFiles, preserving file /data/data/com.android.providers.downloads/cache/metadata-495.htm
07-05 15:15:52.153   545 23591 I DownloadManager: in removeSpuriousFiles, preserving file /data/data/com.android.providers.downloads/cache/metadata-1192.htm
07-05 15:15:52.153   545 23591 I DownloadManager: in removeSpuriousFiles, preserving file /data/data/com.android.providers.downloads/cache/metadata-462.htm
07-05 15:15:52.153   545 23591 I DownloadManager: in removeSpuriousFiles, preserving file /data/data/com.android.providers.downloads/cache/metadata-859.htm
07-05 15:15:52.153   545 23591 I DownloadManager: in removeSpuriousFiles, preserving file /data/data/com.android.providers.downloads/cache/metadata-247.htm
07-05 15:15:52.153   545 23591 I DownloadManager: in removeSpuriousFiles, preserving file /data/data/com.android.providers.downloads/cache/metadata-1635.htm
07-05 15:15:52.157   545 23591 I DownloadManager: in removeSpuriousFiles, preserving file /data/data/com.android.providers.downloads/cache/metadata-1077.htm
07-05 15:15:52.157   545 23591 I DownloadManager: in removeSpuriousFiles, preserving file /data/data/com.android.providers.downloads/cache/metadata-598.htm
07-05 15:15:52.157   545 23591 I DownloadManager: in removeSpuriousFiles, preserving file /data/data/com.android.providers.downloads/cache/metadata-566.htm
07-05 15:15:52.157   545 23591 I DownloadManager: in removeSpuriousFiles, preserving file /data/data/com.android.providers.downloads/cache/metadata-700.htm
07-05 15:15:52.157   545 23591 I DownloadManager: in removeSpuriousFiles, preserving file /data/data/com.android.providers.downloads/cache/metadata-281.htm
07-05 15:15:52.157   545 23591 I DownloadManager: in removeSpuriousFiles, preserving file /data/data/com.android.providers.downloads/cache/metadata-202.htm
07-05 15:15:52.157   545 23591 I DownloadManager: in removeSpuriousFiles, preserving file /data/data/com.android.providers.downloads/cache/metadata-1355.htm
07-05 15:15:52.161   545 23591 I DownloadManager: in removeSpuriousFiles, preserving file /data/data/com.android.providers.downloads/cache/metadata-406.htm
07-05 15:15:52.161   545 23591 I DownloadManager: in removeSpuriousFiles, preserving file /data/data/com.android.providers.downloads/cache/metadata-751.htm
07-05 15:15:52.161   545 23591 I DownloadManager: in removeSpuriousFiles, preserving file /data/data/com.android.providers.downloads/cache/metadata-1207.htm
07-05 15:15:52.161   545 23591 I DownloadManager: in removeSpuriousFiles, preserving file /data/data/com.android.providers.downloads/cache/metadata-413.htm
07-05 15:15:52.161   545 23591 I DownloadManager: in removeSpuriousFiles, preserving file /data/data/com.android.providers.downloads/cache/metadata-1454.htm
07-05 15:15:52.161   545 23591 I DownloadManager: in removeSpuriousFiles, preserving file /data/data/com.android.providers.downloads/cache/metadata-1202.htm
07-05 15:15:52.161   545 23591 I DownloadManager: in removeSpuriousFiles, preserving file /data/data/com.android.providers.downloads/cache/metadata-990.htm
07-05 15:15:52.165   545 23591 I DownloadManager: in removeSpuriousFiles, preserving file /data/data/com.android.providers.downloads/cache/metadata-1570.htm
07-05 15:15:52.165   545 23591 I DownloadManager: in removeSpuriousFiles, preserving file /data/data/com.android.providers.downloads/cache/metadata-772.htm
07-05 15:15:52.165   545 23591 I DownloadManager: in removeSpuriousFiles, preserving file /data/data/com.android.providers.downloads/cache/metadata-851.htm
07-05 15:15:52.165   545 23591 I DownloadManager: in removeSpuriousFiles, preserving file /data/data/com.android.providers.downloads/cache/metadata-320.htm
07-05 15:15:52.165   545 23591 I DownloadManager: in removeSpuriousFiles, preserving file /data/data/com.android.providers.downloads/cache/metadata-919.htm
07-05 15:15:52.165   545 23591 I DownloadManager: in removeSpuriousFiles, preserving file /data/data/com.android.providers.downloads/cache/metadata-180.htm
07-05 15:15:52.169   545 23591 I DownloadManager: in removeSpuriousFiles, preserving file /data/data/com.android.providers.downloads/cache/metadata-1136.htm
07-05 15:15:52.169   545 23591 I DownloadManager: in removeSpuriousFiles, preserving file /data/data/com.android.providers.downloads/cache/metadata-241.htm
07-05 15:15:52.169   545 23591 I DownloadManager: in removeSpuriousFiles, preserving file /data/data/com.android.providers.downloads/cache/metadata-109.htm
07-05 15:15:52.169   545 23591 I DownloadManager: in removeSpuriousFiles, preserving file /data/data/com.android.providers.downloads/cache/metadata-218.htm
07-05 15:15:52.169   545 23591 I DownloadManager: in removeSpuriousFiles, preserving file /data/data/com.android.providers.downloads/cache/metadata-144.htm
07-05 15:15:52.169   545 23591 I DownloadManager: in removeSpuriousFiles, preserving file /data/data/com.android.providers.downloads/cache/metadata-1030.htm
07-05 15:15:52.173   545 23591 I DownloadManager: in removeSpuriousFiles, preserving file /data/data/com.android.providers.downloads/cache/metadata-727.htm
07-05 15:15:52.173   545 23591 I DownloadManager: in removeSpuriousFiles, preserving file /data/data/com.android.providers.downloads/cache/metadata-1219.htm
07-05 15:15:52.173   545 23591 I DownloadManager: in removeSpuriousFiles, preserving file /data/data/com.android.providers.downloads/cache/metadata-1273.htm
07-05 15:15:52.173   545 23591 I DownloadManager: in removeSpuriousFiles, preserving file /data/data/com.android.providers.downloads/cache/metadata-1480.htm
07-05 15:15:52.173   545 23591 I DownloadManager: in removeSpuriousFiles, preserving file /data/data/com.android.providers.downloads/cache/metadata-1321.htm
07-05 15:15:52.173   545 23591 I DownloadManager: in removeSpuriousFiles, preserving file /data/data/com.android.providers.downloads/cache/metadata-718.htm
07-05 15:15:52.176   545 23591 I DownloadManager: in removeSpuriousFiles, preserving file /data/data/com.android.providers.downloads/cache/metadata-2256.htm
07-05 15:15:52.176   545 23591 I DownloadManager: in removeSpuriousFiles, preserving file /data/data/com.android.providers.downloads/cache/metadata-1450.htm
07-05 15:15:52.176   545 23591 I DownloadManager: in removeSpuriousFiles, preserving file /data/data/com.android.providers.downloads/cache/metadata-1667.htm
07-05 15:15:52.176   545 23591 I DownloadManager: in removeSpuriousFiles, preserving file /data/data/com.android.providers.downloads/cache/metadata-499.htm
07-05 15:15:52.176   545 23591 I DownloadManager: in removeSpuriousFiles, preserving file /data/data/com.android.providers.downloads/cache/metadata-759.htm
07-05 15:15:52.176   545 23591 I DownloadManager: in removeSpuriousFiles, preserving file /data/data/com.android.providers.downloads/cache/metadata-1936.htm
07-05 15:15:52.180   545 23591 I DownloadManager: in removeSpuriousFiles, preserving file /data/data/com.android.providers.downloads/cache/metadata-1232.htm
07-05 15:15:52.180   545 23591 I DownloadManager: in removeSpuriousFiles, preserving file /data/data/com.android.providers.downloads/cache/metadata-1625.htm
07-05 15:15:52.180   545 23591 I DownloadManager: in removeSpuriousFiles, preserving file /data/data/com.android.providers.downloads/cache/metadata-121.htm
07-05 15:15:52.180   545 23591 I DownloadManager: in removeSpuriousFiles, preserving file /data/data/com.android.providers.downloads/cache/metadata-678.htm
07-05 15:15:52.180   545 23591 I DownloadManager: in removeSpuriousFiles, preserving file /data/data/com.android.providers.downloads/cache/metadata-540.htm
07-05 15:15:52.180   545 23591 I DownloadManager: in removeSpuriousFiles, preserving file /data/data/com.android.providers.downloads/cache/metadata-1525.htm
07-05 15:15:52.184   545 23591 I DownloadManager: in removeSpuriousFiles, preserving file /data/data/com.android.providers.downloads/cache/metadata-937.htm
07-05 15:15:52.184   545 23591 I DownloadManager: in removeSpuriousFiles, preserving file /data/data/com.android.providers.downloads/cache/metadata-184.htm
07-05 15:15:52.184   545 23591 I DownloadManager: in removeSpuriousFiles, preserving file /data/data/com.android.providers.downloads/cache/metadata-2663.htm
07-05 15:15:52.184   545 23591 I DownloadManager: in removeSpuriousFiles, preserving file /data/data/com.android.providers.downloads/cache/metadata-475.htm
07-05 15:15:52.188   545 23591 I DownloadManager: in removeSpuriousFiles, preserving file /data/data/com.android.providers.downloads/cache/metadata-1597.htm
07-05 15:15:52.188   545 23591 I DownloadManager: in removeSpuriousFiles, preserving file /data/data/com.android.providers.downloads/cache/metadata-1451.htm
07-05 15:15:52.188   545 23591 I DownloadManager: in removeSpuriousFiles, preserving file /data/data/com.android.providers.downloads/cache/metadata-2205.htm
07-05 15:15:52.188   545 23591 I DownloadManager: in removeSpuriousFiles, preserving file /data/data/com.android.providers.downloads/cache/metadata-1495.htm
07-05 15:15:52.188   545 23591 I DownloadManager: in removeSpuriousFiles, preserving file /data/data/com.android.providers.downloads/cache/metadata-667.htm
07-05 15:15:52.188   545 23591 I DownloadManager: in removeSpuriousFiles, preserving file /data/data/com.android.providers.downloads/cache/metadata-1636.htm
07-05 15:15:52.192   545 23591 I DownloadManager: in removeSpuriousFiles, preserving file /data/data/com.android.providers.downloads/cache/metadata-666.htm
07-05 15:15:52.192   545 23591 I DownloadManager: in removeSpuriousFiles, preserving file /data/data/com.android.providers.downloads/cache/metadata-2249.htm
07-05 15:15:52.192   545 23591 I DownloadManager: in removeSpuriousFiles, preserving file /data/data/com.android.providers.downloads/cache/metadata-1684.htm
07-05 15:15:52.192   545 23591 I DownloadManager: in removeSpuriousFiles, preserving file /data/data/com.android.providers.downloads/cache/metadata-120.htm
07-05 15:15:52.192   545 23591 I DownloadManager: in removeSpuriousFiles, preserving file /data/data/com.android.providers.downloads/cache/metadata-326.htm
07-05 15:15:52.192   545 23591 I DownloadManager: in removeSpuriousFiles, preserving file /data/data/com.android.providers.downloads/cache/metadata-1305.htm
07-05 15:15:52.196   545 23591 I DownloadManager: in removeSpuriousFiles, preserving file /data/data/com.android.providers.downloads/cache/metadata-1929.htm
07-05 15:15:52.196   545 23591 I DownloadManager: in removeSpuriousFiles, preserving file /data/data/com.android.providers.downloads/cache/metadata-2292.htm
07-05 15:15:52.200   545 23591 I DownloadManager: in removeSpuriousFiles, preserving file /data/data/com.android.providers.downloads/cache/metadata-704.htm
07-05 15:15:52.200   545 23591 I DownloadManager: in removeSpuriousFiles, preserving file /data/data/com.android.providers.downloads/cache/metadata-2193.htm
07-05 15:15:52.200   545 23591 I DownloadManager: in removeSpuriousFiles, preserving file /data/data/com.android.providers.downloads/cache/metadata-531.htm
07-05 15:15:52.200   545 23591 I DownloadManager: in removeSpuriousFiles, preserving file /data/data/com.android.providers.downloads/cache/metadata-412.htm
07-05 15:15:52.200   545 23591 I DownloadManager: in removeSpuriousFiles, preserving file /data/data/com.android.providers.downloads/cache/metadata-1984.htm
07-05 15:15:52.200   545 23591 I DownloadManager: in removeSpuriousFiles, preserving file /data/data/com.android.providers.downloads/cache/metadata-722.htm
07-05 15:15:52.204   545 23591 I DownloadManager: in removeSpuriousFiles, preserving file /data/data/com.android.providers.downloads/cache/metadata-1986.htm
07-05 15:15:52.204   545 23591 I DownloadManager: in removeSpuriousFiles, preserving file /data/data/com.android.providers.downloads/cache/metadata-897.htm
07-05 15:15:52.204   545 23591 I DownloadManager: in removeSpuriousFiles, preserving file /data/data/com.android.providers.downloads/cache/metadata-554.htm
07-05 15:15:52.204   545 23591 I DownloadManager: in removeSpuriousFiles, preserving file /data/data/com.android.providers.downloads/cache/metadata-1233.htm
07-05 15:15:52.204   545 23591 I DownloadManager: in removeSpuriousFiles, preserving file /data/data/com.android.providers.downloads/cache/metadata-2453.htm
07-05 15:15:52.208   545 23591 I DownloadManager: in removeSpuriousFiles, preserving file /data/data/com.android.providers.downloads/cache/metadata-2062.htm
07-05 15:15:52.208   545 23591 I DownloadManager: in removeSpuriousFiles, preserving file /data/data/com.android.providers.downloads/cache/metadata-1557.htm
07-05 15:15:52.208   545 23591 I DownloadManager: in removeSpuriousFiles, preserving file /data/data/com.android.providers.downloads/cache/metadata-650.htm
07-05 15:15:52.208   545 23591 I DownloadManager: in removeSpuriousFiles, preserving file /data/data/com.android.providers.downloads/cache/metadata-601.htm
