07-05 12:32:41.617   545   548 D dalvikvm: GC_CONCURRENT freed 284K, 9% free 10679K/11719K, paused 2ms+3ms
07-05 12:32:41.824   545   548 D dalvikvm: GC_CONCURRENT freed 656K, 11% free 10457K/11719K, paused 2ms+3ms
07-05 12:32:42.023   545   548 D dalvikvm: GC_CONCURRENT freed 404K, 11% free 10441K/11719K, paused 1ms+3ms
07-05 12:32:42.195   545   548 D dalvikvm: GC_CONCURRENT freed 412K, 12% free 10422K/11719K, paused 2ms+2ms
07-05 12:32:43.090   545 20497 I DownloadManager: Initiating request for download 2397
07-05 12:32:43.273   545   548 D dalvikvm: GC_CONCURRENT freed 309K, 10% free 10549K/11719K, paused 2ms+4ms
07-05 12:32:43.390   545   548 D dalvikvm: GC_CONCURRENT freed 304K, 9% free 10706K/11719K, paused 2ms+3ms
07-05 12:32:43.617   545   548 D dalvikvm: GC_CONCURRENT freed 772K, 12% free 10394K/11719K, paused 1ms+3ms
07-05 12:32:43.640  1370 20500 D dalvikvm: GC_EXPLICIT freed 185K, 7% free 9102K/9735K, paused 1ms+2ms
07-05 12:32:43.652  1370 20500 E DictionaryProvider:UpdateHandler: Can't read a file : android.util.MalformedJsonException: Use JsonReader.setLenient(true) to accept malformed JSON at line 1 column 20
07-05 12:32:43.847   545   548 D dalvikvm: GC_CONCURRENT freed 414K, 12% free 10368K/11719K, paused 1ms+2ms
07-05 12:32:43.968   545 20503 I DownloadManager: Initiating request for download 2397
07-05 12:32:44.035   545   548 D dalvikvm: GC_CONCURRENT freed 333K, 11% free 10459K/11719K, paused 1ms+2ms
07-05 12:32:44.129   545   548 D dalvikvm: GC_CONCURRENT freed 234K, 10% free 10645K/11719K, paused 2ms+3ms
07-05 12:32:44.261   545   548 D dalvikvm: GC_CONCURRENT freed 658K, 12% free 10412K/11719K, paused 2ms+2ms
07-05 12:32:44.468   545   548 D dalvikvm: GC_CONCURRENT freed 443K, 12% free 10364K/11719K, paused 2ms+3ms
07-05 12:32:44.660   545   548 D dalvikvm: GC_CONCURRENT freed 413K, 12% free 10346K/11719K, paused 1ms+2ms
07-05 12:32:44.730   545 20506 I DownloadManager: Initiating request for download 2398
07-05 12:32:44.851   545   548 D dalvikvm: GC_CONCURRENT freed 220K, 10% free 10597K/11719K, paused 2ms+3ms
07-05 12:32:44.945   545   548 D dalvikvm: GC_CONCURRENT freed 403K, 10% free 10623K/11719K, paused 2ms+3ms
07-05 12:32:45.093  1370 20508 E DictionaryProvider:UpdateHandler: Can't read a file : android.util.MalformedJsonException: Use JsonReader.setLenient(true) to accept malformed JSON at line 1 column 20
07-05 12:32:45.183   545   548 D dalvikvm: GC_CONCURRENT freed 661K, 12% free 10380K/11719K, paused 1ms+3ms
07-05 12:32:45.371   545   548 D dalvikvm: GC_CONCURRENT freed 424K, 12% free 10351K/11719K, paused 2ms+3ms
07-05 12:32:45.468   545 20511 I DownloadManager: Initiating request for download 2398
07-05 12:32:45.550   545   548 D dalvikvm: GC_CONCURRENT freed 265K, 11% free 10546K/11719K, paused 2ms+3ms
07-05 12:32:45.640   545   548 D dalvikvm: GC_CONCURRENT freed 300K, 9% free 10714K/11719K, paused 2ms+3ms
07-05 12:32:45.851   545   548 D dalvikvm: GC_CONCURRENT freed 778K, 12% free 10376K/11719K, paused 2ms+3ms
07-05 12:32:46.035   545   548 D dalvikvm: GC_CONCURRENT freed 414K, 12% free 10357K/11719K, paused 2ms+3ms
07-05 12:32:46.168   545 20514 I DownloadManager: Initiating request for download 2399
07-05 12:32:46.250   545   548 D dalvikvm: GC_CONCURRENT freed 283K, 11% free 10522K/11719K, paused 2ms+3ms
07-05 12:32:46.347   545   548 D dalvikvm: GC_CONCURRENT freed 305K, 9% free 10692K/11719K, paused 2ms+3ms
07-05 12:32:46.523   545   548 D dalvikvm: GC_CONCURRENT freed 752K, 12% free 10381K/11719K, paused 1ms+2ms
07-05 12:32:46.566  1370 20516 E DictionaryProvider:UpdateHandler: Can't read a file : android.util.MalformedJsonException: Use JsonReader.setLenient(true) to accept malformed JSON at line 1 column 20
07-05 12:32:46.742   545   548 D dalvikvm: GC_CONCURRENT freed 406K, 12% free 10370K/11719K, paused 2ms+2ms
07-05 12:32:46.871   545 20519 I DownloadManager: Initiating request for download 2399
07-05 12:32:46.914   545   548 D dalvikvm: GC_CONCURRENT freed 368K, 12% free 10424K/11719K, paused 1ms+2ms
07-05 12:32:47.019   545   548 D dalvikvm: GC_CONCURRENT freed 233K, 10% free 10651K/11719K, paused 2ms+3ms
07-05 12:32:47.152   545   548 D dalvikvm: GC_CONCURRENT freed 652K, 12% free 10423K/11719K, paused 2ms+3ms
07-05 12:32:47.347   545   548 D dalvikvm: GC_CONCURRENT freed 421K, 12% free 10409K/11719K, paused 2ms+2ms
07-05 12:32:47.535   545   548 D dalvikvm: GC_CONCURRENT freed 445K, 12% free 10358K/11719K, paused 2ms+2ms
07-05 12:32:49.293   545 20522 I DownloadManager: Initiating request for download 2400
07-05 12:32:49.410   545   548 D dalvikvm: GC_CONCURRENT freed 216K, 10% free 10601K/11719K, paused 1ms+3ms
07-05 12:32:49.508   545   548 D dalvikvm: GC_CONCURRENT freed 410K, 10% free 10628K/11719K, paused 2ms+2ms
07-05 12:32:49.722  1370 20524 E DictionaryProvider:UpdateHandler: Can't read a file : android.util.MalformedJsonException: Use JsonReader.setLenient(true) to accept malformed JSON at line 1 column 20
07-05 12:32:49.738   545   548 D dalvikvm: GC_CONCURRENT freed 664K, 12% free 10398K/11719K, paused 2ms+3ms
07-05 12:32:49.941   545   548 D dalvikvm: GC_CONCURRENT freed 422K, 12% free 10364K/11719K, paused 2ms+2ms
07-05 12:32:50.027   545 20527 I DownloadManager: Initiating request for download 2400
07-05 12:32:50.117   545   548 D dalvikvm: GC_CONCURRENT freed 244K, 11% free 10538K/11719K, paused 1ms+2ms
07-05 12:32:50.207   545   548 D dalvikvm: GC_CONCURRENT freed 333K, 9% free 10717K/11719K, paused 1ms+3ms
07-05 12:32:50.398   545   548 D dalvikvm: GC_CONCURRENT freed 783K, 12% free 10384K/11719K, paused 2ms+2ms
07-05 12:32:50.597   545   548 D dalvikvm: GC_CONCURRENT freed 412K, 12% free 10367K/11719K, paused 2ms+2ms
07-05 12:32:50.746   545 20530 I DownloadManager: Initiating request for download 2401
07-05 12:32:50.836   545   548 D dalvikvm: GC_CONCURRENT freed 290K, 11% free 10535K/11719K, paused 2ms+3ms
07-05 12:32:50.933   545   548 D dalvikvm: GC_CONCURRENT freed 311K, 9% free 10697K/11719K, paused 1ms+4ms
07-05 12:32:51.117   545   548 D dalvikvm: GC_CONCURRENT freed 724K, 12% free 10417K/11719K, paused 2ms+2ms
07-05 12:32:51.183  1370 20532 E DictionaryProvider:UpdateHandler: Can't read a file : android.util.MalformedJsonException: Use JsonReader.setLenient(true) to accept malformed JSON at line 1 column 20
07-05 12:32:51.211  1370  1372 D dalvikvm: GC_CONCURRENT freed 381K, 7% free 9138K/9735K, paused 2ms+3ms
07-05 12:32:51.375   545   548 D dalvikvm: GC_CONCURRENT freed 436K, 12% free 10376K/11719K, paused 2ms+2ms
07-05 12:32:51.500   545 20535 I DownloadManager: Initiating request for download 2401
07-05 12:32:51.554   545   548 D dalvikvm: GC_CONCURRENT freed 354K, 12% free 10427K/11719K, paused 2ms+3ms
07-05 12:32:51.660   545   548 D dalvikvm: GC_CONCURRENT freed 237K, 10% free 10658K/11719K, paused 1ms+2ms
07-05 12:32:51.793   545   548 D dalvikvm: GC_CONCURRENT freed 658K, 12% free 10425K/11719K, paused 2ms+2ms
07-05 12:32:51.992   545   548 D dalvikvm: GC_CONCURRENT freed 439K, 12% free 10377K/11719K, paused 1ms+2ms
07-05 12:32:52.175   545   548 D dalvikvm: GC_CONCURRENT freed 409K, 12% free 10358K/11719K, paused 1ms+2ms
07-05 12:32:52.324   156   512 D dalvikvm: GC_EXPLICIT freed 719K, 13% free 14072K/16007K, paused 3ms+6ms
07-05 12:32:52.332   545 20538 I DownloadManager: Initiating request for download 2402
07-05 12:32:52.433   545   548 D dalvikvm: GC_CONCURRENT freed 216K, 10% free 10600K/11719K, paused 2ms+3ms
07-05 12:32:52.527   545   548 D dalvikvm: GC_CONCURRENT freed 410K, 10% free 10621K/11719K, paused 2ms+3ms
07-05 12:32:52.718  1370 20540 E DictionaryProvider:UpdateHandler: Can't read a file : android.util.MalformedJsonException: Use JsonReader.setLenient(true) to accept malformed JSON at line 1 column 20
07-05 12:32:52.758   545   548 D dalvikvm: GC_CONCURRENT freed 678K, 12% free 10381K/11719K, paused 2ms+3ms
07-05 12:32:52.953   545   548 D dalvikvm: GC_CONCURRENT freed 426K, 12% free 10350K/11719K, paused 2ms+2ms
07-05 12:32:53.047   545 20543 I DownloadManager: Initiating request for download 2402
07-05 12:32:53.129   545   548 D dalvikvm: GC_CONCURRENT freed 271K, 11% free 10537K/11719K, paused 2ms+3ms
07-05 12:32:53.226   545   548 D dalvikvm: GC_CONCURRENT freed 313K, 9% free 10695K/11719K, paused 1ms+3ms
07-05 12:32:53.429   545   548 D dalvikvm: GC_CONCURRENT freed 768K, 12% free 10375K/11719K, paused 2ms+2ms
07-05 12:32:53.625   545   548 D dalvikvm: GC_CONCURRENT freed 411K, 12% free 10359K/11719K, paused 1ms+2ms
07-05 12:32:53.761   545 20546 I DownloadManager: Initiating request for download 2403
07-05 12:32:53.867   545   548 D dalvikvm: GC_CONCURRENT freed 303K, 11% free 10528K/11719K, paused 1ms+3ms
07-05 12:32:53.957   545   548 D dalvikvm: GC_CONCURRENT freed 311K, 10% free 10650K/11719K, paused 2ms+4ms
07-05 12:32:54.105   545   548 D dalvikvm: GC_CONCURRENT freed 662K, 12% free 10424K/11719K, paused 2ms+2ms
07-05 12:32:54.187  1370 20548 E DictionaryProvider:UpdateHandler: Can't read a file : android.util.MalformedJsonException: Use JsonReader.setLenient(true) to accept malformed JSON at line 1 column 20
07-05 12:32:54.347   545   548 D dalvikvm: GC_CONCURRENT freed 446K, 12% free 10370K/11719K, paused 2ms+3ms
07-05 12:32:54.535   545   548 D dalvikvm: GC_CONCURRENT freed 412K, 12% free 10348K/11719K, paused 2ms+2ms
07-05 12:32:54.554   545 20551 I DownloadManager: Initiating request for download 2403
07-05 12:32:54.660   545   548 D dalvikvm: GC_CONCURRENT freed 188K, 9% free 10671K/11719K, paused 2ms+2ms
07-05 12:32:54.781   545   548 D dalvikvm: GC_CONCURRENT freed 692K, 12% free 10417K/11719K, paused 2ms+3ms
07-05 12:32:55.004   545   548 D dalvikvm: GC_CONCURRENT freed 443K, 12% free 10369K/11719K, paused 2ms+2ms
07-05 12:32:55.187   545   548 D dalvikvm: GC_CONCURRENT freed 414K, 12% free 10350K/11719K, paused 1ms+2ms
07-05 12:32:55.269   545 20554 I DownloadManager: Initiating request for download 2404
07-05 12:32:55.383   545   548 D dalvikvm: GC_CONCURRENT freed 229K, 10% free 10581K/11719K, paused 2ms+3ms
07-05 12:32:55.480   545   548 D dalvikvm: GC_CONCURRENT freed 315K, 9% free 10717K/11719K, paused 2ms+3ms
07-05 12:32:55.648  1370 20556 E DictionaryProvider:UpdateHandler: Can't read a file : android.util.MalformedJsonException: Use JsonReader.setLenient(true) to accept malformed JSON at line 1 column 20
07-05 12:32:55.707   545   548 D dalvikvm: GC_CONCURRENT freed 772K, 12% free 10399K/11719K, paused 2ms+2ms
07-05 12:32:55.879   545   548 D dalvikvm: GC_CONCURRENT freed 435K, 12% free 10360K/11719K, paused 2ms+2ms
07-05 12:32:56.000   465   467 D dalvikvm: GC_CONCURRENT freed 153K, 6% free 10502K/11079K, paused 2ms+3ms
07-05 12:32:56.015   545 20559 I DownloadManager: Initiating request for download 2404
07-05 12:32:56.105   545   548 D dalvikvm: GC_CONCURRENT freed 251K, 11% free 10530K/11719K, paused 1ms+2ms
07-05 12:32:56.199   545   548 D dalvikvm: GC_CONCURRENT freed 314K, 9% free 10688K/11719K, paused 2ms+3ms
07-05 12:32:56.379   545   548 D dalvikvm: GC_CONCURRENT freed 709K, 12% free 10413K/11719K, paused 2ms+2ms
07-05 12:32:56.582   545   548 D dalvikvm: GC_CONCURRENT freed 441K, 12% free 10366K/11719K, paused 1ms+2ms
07-05 12:32:56.738   545 20562 I DownloadManager: Initiating request for download 2405
07-05 12:32:56.793   545   548 D dalvikvm: GC_CONCURRENT freed 352K, 12% free 10426K/11719K, paused 2ms+6ms
07-05 12:32:56.894   545   548 D dalvikvm: GC_CONCURRENT freed 233K, 10% free 10653K/11719K, paused 1ms+3ms
07-05 12:32:57.027   545   548 D dalvikvm: GC_CONCURRENT freed 655K, 12% free 10428K/11719K, paused 1ms+2ms
07-05 12:32:57.109  1370 20564 E DictionaryProvider:UpdateHandler: Can't read a file : android.util.MalformedJsonException: Use JsonReader.setLenient(true) to accept malformed JSON at line 1 column 20
07-05 12:32:57.140  1370  1372 D dalvikvm: GC_CONCURRENT freed 398K, 7% free 9128K/9735K, paused 2ms+2ms
07-05 12:32:57.293   545   548 D dalvikvm: GC_CONCURRENT freed 446K, 12% free 10378K/11719K, paused 2ms+3ms
07-05 12:32:57.480   545   548 D dalvikvm: GC_CONCURRENT freed 417K, 12% free 10355K/11719K, paused 1ms+2ms
07-05 12:32:57.531   545 20567 I DownloadManager: Initiating request for download 2405
07-05 12:32:57.636   545   548 D dalvikvm: GC_CONCURRENT freed 226K, 10% free 10590K/11719K, paused 2ms+3ms
07-05 12:32:57.730   545   548 D dalvikvm: GC_CONCURRENT freed 307K, 9% free 10723K/11719K, paused 2ms+3ms
07-05 12:32:57.945   545   548 D dalvikvm: GC_CONCURRENT freed 788K, 12% free 10382K/11719K, paused 1ms+2ms
07-05 12:32:58.129   545   548 D dalvikvm: GC_CONCURRENT freed 418K, 12% free 10358K/11719K, paused 2ms+2ms
07-05 12:32:58.234   545 20570 I DownloadManager: Initiating request for download 2406
07-05 12:32:58.324   545   548 D dalvikvm: GC_CONCURRENT freed 237K, 11% free 10539K/11719K, paused 1ms+3ms
07-05 12:32:58.425   545   548 D dalvikvm: GC_CONCURRENT freed 307K, 9% free 10704K/11719K, paused 1ms+3ms
07-05 12:32:58.597   545   548 D dalvikvm: GC_CONCURRENT freed 731K, 12% free 10418K/11719K, paused 2ms+3ms
07-05 12:32:58.652  1370 20572 E DictionaryProvider:UpdateHandler: Can't read a file : android.util.MalformedJsonException: Use JsonReader.setLenient(true) to accept malformed JSON at line 1 column 20
07-05 12:32:58.828   545   548 D dalvikvm: GC_CONCURRENT freed 435K, 12% free 10378K/11719K, paused 1ms+3ms
07-05 12:32:58.953   545 20575 I DownloadManager: Initiating request for download 2406
07-05 12:32:59.008   545   548 D dalvikvm: GC_CONCURRENT freed 362K, 12% free 10428K/11719K, paused 2ms+2ms
07-05 12:32:59.109   545   548 D dalvikvm: GC_CONCURRENT freed 232K, 10% free 10656K/11719K, paused 2ms+2ms
07-05 12:32:59.238   545   548 D dalvikvm: GC_CONCURRENT freed 665K, 12% free 10422K/11719K, paused 2ms+3ms
07-05 12:32:59.437   545   548 D dalvikvm: GC_CONCURRENT freed 443K, 12% free 10375K/11719K, paused 2ms+3ms
07-05 12:32:59.629   545   548 D dalvikvm: GC_CONCURRENT freed 412K, 12% free 10358K/11719K, paused 1ms+2ms
07-05 12:32:59.718   545 20578 I DownloadManager: Initiating request for download 2407
07-05 12:32:59.824   545   548 D dalvikvm: GC_CONCURRENT freed 215K, 10% free 10601K/11719K, paused 1ms+3ms
07-05 12:32:59.933   545   548 D dalvikvm: GC_CONCURRENT freed 382K, 10% free 10662K/11719K, paused 2ms+2ms
07-05 12:33:00.121  1370 20580 E DictionaryProvider:UpdateHandler: Can't read a file : android.util.MalformedJsonException: Use JsonReader.setLenient(true) to accept malformed JSON at line 1 column 20
07-05 12:33:00.203   545   548 D dalvikvm: GC_CONCURRENT freed 693K, 12% free 10393K/11719K, paused 2ms+3ms
07-05 12:33:00.383   545   548 D dalvikvm: GC_CONCURRENT freed 421K, 12% free 10363K/11719K, paused 2ms+2ms
07-05 12:33:00.488   545 20583 I DownloadManager: Initiating request for download 2407
07-05 12:33:00.625   545   548 D dalvikvm: GC_CONCURRENT freed 355K, 12% free 10404K/11719K, paused 2ms+2ms
07-05 12:33:00.800   545   548 D dalvikvm: GC_CONCURRENT freed 414K, 12% free 10385K/11719K, paused 1ms+3ms
07-05 12:33:00.984   545   548 D dalvikvm: GC_CONCURRENT freed 411K, 12% free 10369K/11719K, paused 2ms+2ms
07-05 12:33:01.074   545 20585 I DownloadManager: Initiating request for download 2408
07-05 12:33:01.261   545   548 D dalvikvm: GC_CONCURRENT freed 353K, 12% free 10412K/11719K, paused 2ms+3ms
07-05 12:33:01.461   545   548 D dalvikvm: GC_CONCURRENT freed 415K, 12% free 10392K/11719K, paused 2ms+2ms
07-05 12:33:05.246   362   362 I wpa_supplicant: wlan0: CTRL-EVENT-DISCONNECTED bssid=d0:c2:82:66:69:d0 reason=0
07-05 12:33:05.258    77   117 D CommandListener: Clearing all IP addresses on wlan0
07-05 12:33:05.308   156   330 D ConnectivityService: ConnectivityChange for WIFI: DISCONNECTED/DISCONNECTED
07-05 12:33:05.308   156   330 D ConnectivityService: Attempting to switch to mobile
07-05 12:33:05.308   156   330 D ConnectivityService: Attempting to switch to WIMAX
07-05 12:33:05.308   156   330 D ConnectivityService: Attempting to switch to BLUETOOTH_TETHER
07-05 12:33:05.336   156   330 E ConnectivityService: Exception trying to remove a route: java.lang.IllegalStateException: Unable to communicate with native dameon to add routes - com.android.server.NativeDaemonConnectorException: Cmd {interface route remove wlan0 default 128.205.59.254 32 0.0.0.0} failed with code 400 : {Failed to remove route from default table (No such process)}
07-05 12:33:05.343   156   330 D NetUtils: android_net_utils_resetConnections in env=0x6b2b60 clazz=0x17f00001 iface=wlan0 mask=0x3
07-05 12:33:05.343   156   330 E ConnectivityService: Exception trying to remove a route: java.lang.IllegalStateException: Unable to communicate with native dameon to add routes - com.android.server.NativeDaemonConnectorException: Cmd {interface route remove wlan0 default 0.0.0.0 0 128.205.59.254} failed with code 400 : {Failed to remove route from default table (No such process)}
07-05 12:33:05.343   156   330 D ConnectivityService: resetConnections(wlan0, 3)
07-05 12:33:05.433   682  1055 E GTalkService: connectionClosed: no XMPPConnection - That's strange!
07-05 12:33:05.437   545 20583 W DownloadManager: Aborting request for download 2407: while trying to execute request: org.apache.http.conn.ConnectTimeoutException: Connect to /74.125.228.79:80 timed out
07-05 12:33:05.437   545 20585 W DownloadManager: Aborting request for download 2408: while trying to execute request: org.apache.http.conn.ConnectTimeoutException: Connect to /74.125.228.79:80 timed out
07-05 12:33:05.457   156   330 D ConnectivityService: handleInetConditionChange: no active default network - ignore
07-05 12:33:05.472   414   416 D dalvikvm: GC_CONCURRENT freed 393K, 37% free 10316K/16263K, paused 2ms+5ms
07-05 12:33:05.562   414   416 D dalvikvm: GC_CONCURRENT freed 616K, 38% free 10199K/16263K, paused 1ms+3ms
07-05 12:33:05.734   545   548 D dalvikvm: GC_CONCURRENT freed 383K, 12% free 10405K/11719K, paused 2ms+3ms
07-05 12:33:05.824   362   362 I wpa_supplicant: wlan0: Trying to associate with d0:c2:82:66:6b:f0 (SSID='UB_Wireless' freq=2462 MHz)
07-05 12:33:05.914 10815 10817 D dalvikvm: GC_CONCURRENT freed 316K, 8% free 10093K/10951K, paused 2ms+5ms
07-05 12:33:05.992   545   548 D dalvikvm: GC_CONCURRENT freed 412K, 12% free 10384K/11719K, paused 1ms+2ms
07-05 12:33:06.172   545   548 D dalvikvm: GC_CONCURRENT freed 404K, 12% free 10368K/11719K, paused 2ms+2ms
07-05 12:33:06.402   545   548 D dalvikvm: GC_CONCURRENT freed 367K, 12% free 10392K/11719K, paused 2ms+2ms
07-05 12:33:06.590   545   548 D dalvikvm: GC_CONCURRENT freed 413K, 12% free 10374K/11719K, paused 2ms+3ms
07-05 12:33:06.765   545   548 D dalvikvm: GC_CONCURRENT freed 405K, 12% free 10360K/11719K, paused 1ms+2ms
07-05 12:33:08.383   156   333 D Tethering: MasterInitialState.processMessage what=3
07-05 12:33:08.457  1086  1105 D PicasaSyncManager: active network: null
07-05 12:33:08.457  1086  1105 D PicasaSyncManager: background data: true
07-05 12:33:08.515   682   682 D dalvikvm: GC_EXPLICIT freed 191K, 9% free 10117K/11079K, paused 2ms+3ms
07-05 12:33:08.519  1190  1190 I MediaUploader: No need to wake up
07-05 12:33:08.523   993   993 I PhoneLab-WiFiReceiver: Wi-Fi is disconnected!
07-05 12:33:15.836   362   362 I wpa_supplicant: wlan0: Authentication with d0:c2:82:66:6b:f0 timed out.
07-05 12:33:17.406   362   362 I wpa_supplicant: wlan0: Trying to associate with d0:c2:82:66:6b:f0 (SSID='UB_Wireless' freq=2462 MHz)
07-05 12:33:17.472   362   362 I wpa_supplicant: wlan0: Associated with d0:c2:82:66:6b:f0
07-05 12:33:17.472   362   362 I wpa_supplicant: wlan0: CTRL-EVENT-CONNECTED - Connection to d0:c2:82:66:6b:f0 completed (reauth) [id=5 id_str=]
07-05 12:33:18.113   156   330 D ConnectivityService: ConnectivityChange for WIFI: CONNECTED/CONNECTED
07-05 12:33:18.152   993   993 I PhoneLab-WiFiReceiver: Wi-Fi is connected!
07-05 12:33:18.152   993   993 I PhoneLab-WiFiReceiver: SSID: UB_Wireless BSSID: d0:c2:82:66:6b:f0 RSSI: -200 LinkSpeed: -1
07-05 12:33:18.152   993   993 I PhoneLab-Locks: wake lock acquired
07-05 12:33:18.156   993   993 I PhoneLab-UploadLogs: Transfering log files now
07-05 12:33:18.175   156   325 W NetworkStats: dropping UID delta from unknown iface: iface=wlan0 uid=0 set=DEFAULT tag=0x0 rxBytes=100 rxPackets=2 txBytes=180 txPackets=3 operations=0
07-05 12:33:18.234   993   995 D dalvikvm: GC_CONCURRENT freed 405K, 14% free 9234K/10695K, paused 2ms+2ms
07-05 12:33:18.250   993   993 D dalvikvm: GC_FOR_ALLOC freed 178K, 12% free 9425K/10695K, paused 12ms
07-05 12:33:18.277   993   993 I PhoneLab-UploadLogs: OnStartCommand
07-05 12:33:18.289   993   995 D dalvikvm: GC_CONCURRENT freed 298K, 10% free 9638K/10695K, paused 1ms+2ms
07-05 12:33:18.304   993 20616 D dalvikvm: GC_FOR_ALLOC freed 309K, 10% free 9655K/10695K, paused 12ms
07-05 12:33:18.320   993 20616 D dalvikvm: GC_FOR_ALLOC freed 301K, 10% free 9656K/10695K, paused 13ms
07-05 12:33:18.336   993 20616 D dalvikvm: GC_FOR_ALLOC freed 301K, 10% free 9657K/10695K, paused 12ms
07-05 12:33:19.117   156   330 D ConnectivityService: NetTransition Wakelock for WifiStateMachine released by timeout
07-05 12:33:19.492   482   482 D SAN_SERVICE: *******************************************
07-05 12:33:19.492   482   482 D SAN_SERVICE: DM App Phone Service State - 0
07-05 12:33:19.492   482   482 D SAN_SERVICE: *******************************************
07-05 12:33:19.867   993 20616 W System.err: org.apache.http.client.ClientProtocolException
07-05 12:33:19.871   993 20616 W System.err: 	at org.apache.http.impl.client.AbstractHttpClient.execute(AbstractHttpClient.java:557)
07-05 12:33:19.871   993 20616 W System.err: 	at org.apache.http.impl.client.AbstractHttpClient.execute(AbstractHttpClient.java:487)
07-05 12:33:19.875   993 20616 W System.err: 	at com.loopj.android.http.AsyncHttpRequest.makeRequest(Unknown Source)
07-05 12:33:19.879   993 20616 W System.err: 	at com.loopj.android.http.AsyncHttpRequest.makeRequestWithRetries(Unknown Source)
07-05 12:33:19.879   993 20616 W System.err: 	at com.loopj.android.http.AsyncHttpRequest.run(Unknown Source)
07-05 12:33:19.883   993 20616 W System.err: 	at java.util.concurrent.Executors$RunnableAdapter.call(Executors.java:442)
07-05 12:33:19.883   993 20616 W System.err: 	at java.util.concurrent.FutureTask$Sync.innerRun(FutureTask.java:305)
07-05 12:33:19.883   993 20616 W System.err: 	at java.util.concurrent.FutureTask.run(FutureTask.java:137)
07-05 12:33:19.886   993 20616 W System.err: 	at java.util.concurrent.ThreadPoolExecutor.runWorker(ThreadPoolExecutor.java:1076)
07-05 12:33:19.886   993 20616 W System.err: 	at java.util.concurrent.ThreadPoolExecutor$Worker.run(ThreadPoolExecutor.java:569)
07-05 12:33:19.890   993 20616 W System.err: 	at java.lang.Thread.run(Thread.java:856)
07-05 12:33:19.890   993 20616 W System.err: Caused by: org.apache.http.client.NonRepeatableRequestException: Cannot retry request with a non-repeatable request entity
07-05 12:33:19.894   993 20616 W System.err: 	at org.apache.http.impl.client.DefaultRequestDirector.execute(DefaultRequestDirector.java:420)
07-05 12:33:19.894   993 20616 W System.err: 	at org.apache.http.impl.client.AbstractHttpClient.execute(AbstractHttpClient.java:555)
07-05 12:33:19.898   993 20616 W System.err: 	... 10 more
07-05 12:33:19.898   993   993 E PhoneLab-: Transfering 1341502082478.log failed
07-05 12:33:19.898   993   993 I PhoneLab-Locks: wake lock released
07-05 12:33:21.218   156   333 D Tethering: MasterInitialState.processMessage what=3
07-05 12:33:21.265   682   682 I GTalkService/c: [AndroidEndpoint@1095403848] connect: acct=1000001, state=CONNECTING
07-05 12:33:21.320  1190  1190 I MediaUploader: No need to wake up
07-05 12:33:21.359  1086  1105 D PicasaSyncManager: active network: NetworkInfo: type: WIFI[], state: CONNECTED/CONNECTED, reason: (unspecified), extra: (none), roaming: false, failover: false, isAvailable: true
07-05 12:33:21.359  1086  1105 D PicasaSyncManager: background data: true
07-05 12:33:21.410   156   158 D dalvikvm: GC_CONCURRENT freed 1112K, 12% free 14145K/16007K, paused 6ms+6ms
07-05 12:33:21.465   414   416 D dalvikvm: GC_CONCURRENT freed 210K, 36% free 10413K/16263K, paused 2ms+3ms
07-05 12:33:21.601   414   416 D dalvikvm: GC_CONCURRENT freed 559K, 37% free 10301K/16263K, paused 3ms+3ms
07-05 12:33:21.824   545   548 D dalvikvm: GC_CONCURRENT freed 369K, 12% free 10386K/11719K, paused 2ms+3ms
07-05 12:33:22.019   545   548 D dalvikvm: GC_CONCURRENT freed 424K, 12% free 10357K/11719K, paused 2ms+2ms
07-05 12:33:22.148   545 20618 I DownloadManager: Initiating request for download 2407
07-05 12:33:22.148   545 20618 I DownloadManager: Skipping initiating request for download 2407; already completed
07-05 12:33:22.175   545 20620 I DownloadManager: Initiating request for download 2408
07-05 12:33:22.277   156   576 D dalvikvm: GC_EXPLICIT freed 107K, 13% free 14056K/16007K, paused 3ms+5ms
07-05 12:33:22.332   545   548 D dalvikvm: GC_CONCURRENT freed 278K, 11% free 10506K/11719K, paused 2ms+2ms
07-05 12:33:22.429   545   548 D dalvikvm: GC_CONCURRENT freed 259K, 9% free 10667K/11719K, paused 2ms+3ms
07-05 12:33:22.574   545   548 D dalvikvm: GC_CONCURRENT freed 679K, 12% free 10422K/11719K, paused 1ms+3ms
07-05 12:33:22.660  1370 20623 E DictionaryProvider:UpdateHandler: Can't read a file : android.util.MalformedJsonException: Use JsonReader.setLenient(true) to accept malformed JSON at line 1 column 20
07-05 12:33:22.820   545   548 D dalvikvm: GC_CONCURRENT freed 432K, 12% free 10380K/11719K, paused 2ms+2ms
07-05 12:33:23.000   545   548 D dalvikvm: GC_CONCURRENT freed 420K, 12% free 10354K/11719K, paused 2ms+3ms
07-05 12:33:23.050   545 20626 I DownloadManager: Initiating request for download 2408
07-05 12:33:23.152   545   548 D dalvikvm: GC_CONCURRENT freed 215K, 10% free 10599K/11719K, paused 2ms+2ms
07-05 12:33:23.265   545   548 D dalvikvm: GC_CONCURRENT freed 307K, 9% free 10741K/11719K, paused 2ms+3ms
07-05 12:33:23.359   156   330 D ConnectivityService: ConnectivityChange for mobile: CONNECTED/CONNECTED
07-05 12:33:23.386   156   330 D NetUtils: android_net_utils_resetConnections in env=0x6b2b60 clazz=0x2d300001 iface=rmnet0 mask=0x3
07-05 12:33:23.386   156   330 D ConnectivityService: ConnectivityChange for mobile: DISCONNECTED/DISCONNECTED
07-05 12:33:23.386   156   330 D ConnectivityService: Attempting to switch to WIFI
07-05 12:33:23.386   156   330 D ConnectivityService: Attempting to switch to WIMAX
07-05 12:33:23.386   156   330 D ConnectivityService: Attempting to switch to BLUETOOTH_TETHER
07-05 12:33:23.386   156   330 D ConnectivityService: resetConnections(rmnet0, 3)
07-05 12:33:23.656   545   548 D dalvikvm: GC_CONCURRENT freed 821K, 12% free 10386K/11719K, paused 2ms+3ms
07-05 12:33:23.840   545   548 D dalvikvm: GC_CONCURRENT freed 425K, 12% free 10356K/11719K, paused 2ms+2ms
07-05 12:33:24.000   545 20630 D dalvikvm: GC_EXPLICIT freed 156K, 12% free 10391K/11719K, paused 1ms+7ms
07-05 12:33:24.004   545 20630 I DownloadManager: Initiating request for download 2409
07-05 12:33:24.140   545   548 D dalvikvm: GC_CONCURRENT freed 206K, 10% free 10619K/11719K, paused 1ms+3ms
07-05 12:33:24.254   545   548 D dalvikvm: GC_CONCURRENT freed 423K, 10% free 10652K/11719K, paused 1ms+4ms
07-05 12:33:24.429  1370 20632 E DictionaryProvider:UpdateHandler: Can't read a file : android.util.MalformedJsonException: Use JsonReader.setLenient(true) to accept malformed JSON at line 1 column 20
07-05 12:33:24.465  1370  1372 D dalvikvm: GC_CONCURRENT freed 390K, 7% free 9126K/9735K, paused 1ms+1ms
07-05 12:33:24.578   545   548 D dalvikvm: GC_CONCURRENT freed 688K, 12% free 10387K/11719K, paused 2ms+2ms
07-05 12:33:24.789   545   548 D dalvikvm: GC_CONCURRENT freed 417K, 12% free 10360K/11719K, paused 2ms+2ms
07-05 12:33:24.859   545 20635 I DownloadManager: Initiating request for download 2409
07-05 12:33:24.957   545   548 D dalvikvm: GC_CONCURRENT freed 240K, 10% free 10579K/11719K, paused 2ms+3ms
07-05 12:33:25.054   545   548 D dalvikvm: GC_CONCURRENT freed 315K, 9% free 10728K/11719K, paused 2ms+2ms
07-05 12:33:25.254   545   548 D dalvikvm: GC_CONCURRENT freed 801K, 12% free 10383K/11719K, paused 1ms+2ms
07-05 12:33:25.375   156   576 D AlarmManagerService: Kernel timezone updated to 240 minutes west of GMT
07-05 12:33:25.445   545   548 D dalvikvm: GC_CONCURRENT freed 415K, 12% free 10363K/11719K, paused 1ms+2ms
07-05 12:33:25.570   545 20638 I DownloadManager: Initiating request for download 2410
07-05 12:33:25.652   545   548 D dalvikvm: GC_CONCURRENT freed 262K, 11% free 10546K/11719K, paused 2ms+3ms
07-05 12:33:25.754   545   548 D dalvikvm: GC_CONCURRENT freed 319K, 9% free 10739K/11719K, paused 2ms+3ms
07-05 12:33:25.972  1370 20640 E DictionaryProvider:UpdateHandler: Can't read a file : android.util.MalformedJsonException: Use JsonReader.setLenient(true) to accept malformed JSON at line 1 column 20
07-05 12:33:25.988   545   548 D dalvikvm: GC_CONCURRENT freed 818K, 12% free 10398K/11719K, paused 2ms+2ms
07-05 12:33:26.183   545   548 D dalvikvm: GC_CONCURRENT freed 419K, 12% free 10373K/11719K, paused 1ms+2ms
07-05 12:33:26.308   545 20643 I DownloadManager: Initiating request for download 2410
07-05 12:33:26.379   545   548 D dalvikvm: GC_CONCURRENT freed 292K, 10% free 10565K/11719K, paused 2ms+3ms
07-05 12:33:26.414   156   333 D Tethering: MasterInitialState.processMessage what=3
07-05 12:33:26.429   156   333 D Tethering: MasterInitialState.processMessage what=3
07-05 12:33:26.445  1086  1105 D PicasaSyncManager: active network: NetworkInfo: type: WIFI[], state: CONNECTED/CONNECTED, reason: (unspecified), extra: (none), roaming: false, failover: false, isAvailable: true
07-05 12:33:26.461  1086  1105 D PicasaSyncManager: background data: true
07-05 12:33:26.468  1190  1190 I MediaUploader: No need to wake up
07-05 12:33:26.496  1086  1105 D PicasaSyncManager: active network: NetworkInfo: type: WIFI[], state: CONNECTED/CONNECTED, reason: (unspecified), extra: (none), roaming: false, failover: false, isAvailable: true
07-05 12:33:26.504  1190  1190 I MediaUploader: No need to wake up
07-05 12:33:26.508  1086  1105 D PicasaSyncManager: background data: true
07-05 12:33:26.605   545   548 D dalvikvm: GC_CONCURRENT freed 311K, 9% free 10698K/11719K, paused 1ms+2ms
07-05 12:33:26.769   545   548 D dalvikvm: GC_CONCURRENT freed 711K, 12% free 10424K/11719K, paused 2ms+2ms
07-05 12:33:26.968   545   548 D dalvikvm: GC_CONCURRENT freed 443K, 12% free 10376K/11719K, paused 2ms+3ms
07-05 12:33:27.187   545   548 D dalvikvm: GC_CONCURRENT freed 398K, 12% free 10388K/11719K, paused 2ms+3ms
07-05 12:33:27.191   545 20646 I DownloadManager: Initiating request for download 2411
07-05 12:33:27.320   545   548 D dalvikvm: GC_CONCURRENT freed 208K, 10% free 10642K/11719K, paused 2ms+3ms
07-05 12:33:27.437   545   548 D dalvikvm: GC_CONCURRENT freed 447K, 10% free 10645K/11719K, paused 1ms+3ms
07-05 12:33:27.558  1370 20648 E DictionaryProvider:UpdateHandler: Can't read a file : android.util.MalformedJsonException: Use JsonReader.setLenient(true) to accept malformed JSON at line 1 column 20
07-05 12:33:27.687   545   548 D dalvikvm: GC_CONCURRENT freed 683K, 12% free 10387K/11719K, paused 2ms+2ms
07-05 12:33:27.867   545   548 D dalvikvm: GC_CONCURRENT freed 419K, 12% free 10363K/11719K, paused 2ms+2ms
07-05 12:33:27.937   545 20651 I DownloadManager: Initiating request for download 2411
07-05 12:33:28.047   545   548 D dalvikvm: GC_CONCURRENT freed 231K, 10% free 10585K/11719K, paused 2ms+3ms
07-05 12:33:28.140   545   548 D dalvikvm: GC_CONCURRENT freed 322K, 9% free 10734K/11719K, paused 2ms+2ms
07-05 12:33:28.363   545   548 D dalvikvm: GC_CONCURRENT freed 797K, 12% free 10388K/11719K, paused 2ms+11ms
07-05 12:33:28.547   545   548 D dalvikvm: GC_CONCURRENT freed 415K, 12% free 10368K/11719K, paused 2ms+2ms
07-05 12:33:28.668   545 20654 I DownloadManager: Initiating request for download 2412
07-05 12:33:28.754   545   548 D dalvikvm: GC_CONCURRENT freed 252K, 11% free 10541K/11719K, paused 2ms+3ms
07-05 12:33:28.851   545   548 D dalvikvm: GC_CONCURRENT freed 283K, 9% free 10697K/11719K, paused 1ms+3ms
07-05 12:33:29.011   545   548 D dalvikvm: GC_CONCURRENT freed 714K, 12% free 10430K/11719K, paused 1ms+2ms
07-05 12:33:29.226   545   548 D dalvikvm: GC_CONCURRENT freed 442K, 12% free 10384K/11719K, paused 2ms+2ms
07-05 12:33:29.402   545   548 D dalvikvm: GC_CONCURRENT freed 391K, 12% free 10397K/11719K, paused 1ms+3ms
07-05 12:33:31.035  1370 20656 E DictionaryProvider:UpdateHandler: Can't read a file : android.util.MalformedJsonException: Use JsonReader.setLenient(true) to accept malformed JSON at line 1 column 20
07-05 12:33:31.215   545   548 D dalvikvm: GC_CONCURRENT freed 406K, 12% free 10387K/11719K, paused 1ms+2ms
07-05 12:33:31.386   545   548 D dalvikvm: GC_CONCURRENT freed 412K, 12% free 10370K/11719K, paused 2ms+2ms
07-05 12:33:31.617   545   548 D dalvikvm: GC_CONCURRENT freed 370K, 12% free 10395K/11719K, paused 2ms+2ms
07-05 12:33:31.797   545   548 D dalvikvm: GC_CONCURRENT freed 414K, 12% free 10377K/11719K, paused 2ms+2ms
07-05 12:33:31.976   545   548 D dalvikvm: GC_CONCURRENT freed 409K, 12% free 10363K/11719K, paused 1ms+2ms
07-05 12:33:32.066   545 20659 I DownloadManager: Initiating request for download 2413
07-05 12:33:32.191   545   548 D dalvikvm: GC_CONCURRENT freed 199K, 10% free 10617K/11719K, paused 2ms+3ms
07-05 12:33:32.297   545   548 D dalvikvm: GC_CONCURRENT freed 405K, 10% free 10648K/11719K, paused 2ms+2ms
07-05 12:33:32.504   545   548 D dalvikvm: GC_CONCURRENT freed 674K, 12% free 10391K/11719K, paused 3ms+2ms
07-05 12:33:32.539  1370 20661 E DictionaryProvider:UpdateHandler: Can't read a file : android.util.MalformedJsonException: Use JsonReader.setLenient(true) to accept malformed JSON at line 1 column 20
07-05 12:33:32.613  1370  1372 D dalvikvm: GC_CONCURRENT freed 410K, 7% free 9124K/9735K, paused 1ms+2ms
07-05 12:33:32.742   545   548 D dalvikvm: GC_CONCURRENT freed 405K, 12% free 10377K/11719K, paused 2ms+2ms
07-05 12:33:32.836   545 20664 I DownloadManager: Initiating request for download 2413
07-05 12:33:32.918   545   548 D dalvikvm: GC_CONCURRENT freed 289K, 11% free 10547K/11719K, paused 1ms+3ms
07-05 12:33:33.004   545   548 D dalvikvm: GC_CONCURRENT freed 322K, 9% free 10736K/11719K, paused 2ms+3ms
07-05 12:33:33.195   545   548 D dalvikvm: GC_CONCURRENT freed 764K, 12% free 10428K/11719K, paused 2ms+2ms
07-05 12:33:33.390   545   548 D dalvikvm: GC_CONCURRENT freed 442K, 12% free 10381K/11719K, paused 1ms+3ms
07-05 12:33:33.547   545 20667 I DownloadManager: Initiating request for download 2414
07-05 12:33:33.644   545   548 D dalvikvm: GC_CONCURRENT freed 313K, 11% free 10528K/11719K, paused 2ms+3ms
07-05 12:33:33.750   545   548 D dalvikvm: GC_CONCURRENT freed 321K, 9% free 10686K/11719K, paused 2ms+2ms
07-05 12:33:33.883   545   548 D dalvikvm: GC_CONCURRENT freed 687K, 11% free 10433K/11719K, paused 1ms+2ms
07-05 12:33:33.980  1370 20669 E DictionaryProvider:UpdateHandler: Can't read a file : android.util.MalformedJsonException: Use JsonReader.setLenient(true) to accept malformed JSON at line 1 column 20
07-05 12:33:34.109   545   548 D dalvikvm: GC_CONCURRENT freed 436K, 12% free 10393K/11719K, paused 2ms+2ms
07-05 12:33:34.293   545   548 D dalvikvm: GC_CONCURRENT freed 419K, 12% free 10368K/11719K, paused 2ms+3ms
07-05 12:33:34.316   545 20672 I DownloadManager: Initiating request for download 2414
07-05 12:33:34.422   545   548 D dalvikvm: GC_CONCURRENT freed 193K, 10% free 10641K/11719K, paused 1ms+3ms
07-05 12:33:34.547   545   548 D dalvikvm: GC_CONCURRENT freed 423K, 10% free 10654K/11719K, paused 2ms+2ms
07-05 12:33:34.761   545   548 D dalvikvm: GC_CONCURRENT freed 691K, 12% free 10391K/11719K, paused 2ms+2ms
07-05 12:33:34.945   545   548 D dalvikvm: GC_CONCURRENT freed 413K, 12% free 10373K/11719K, paused 1ms+2ms
07-05 12:33:35.047   545 20675 I DownloadManager: Initiating request for download 2415
07-05 12:33:35.136   545   548 D dalvikvm: GC_CONCURRENT freed 251K, 10% free 10581K/11719K, paused 2ms+3ms
07-05 12:33:35.238   545   548 D dalvikvm: GC_CONCURRENT freed 314K, 9% free 10748K/11719K, paused 1ms+3ms
07-05 12:33:35.445   545   548 D dalvikvm: GC_CONCURRENT freed 809K, 12% free 10403K/11719K, paused 2ms+3ms
07-05 12:33:35.449  1370 20677 E DictionaryProvider:UpdateHandler: Can't read a file : android.util.MalformedJsonException: Use JsonReader.setLenient(true) to accept malformed JSON at line 1 column 20
07-05 12:33:35.644   545   548 D dalvikvm: GC_CONCURRENT freed 417K, 12% free 10382K/11719K, paused 1ms+2ms
07-05 12:33:35.754   545 20680 I DownloadManager: Initiating request for download 2415
07-05 12:33:35.843   545   548 D dalvikvm: GC_CONCURRENT freed 292K, 10% free 10549K/11719K, paused 2ms+2ms
07-05 12:33:35.937   545   548 D dalvikvm: GC_CONCURRENT freed 314K, 9% free 10706K/11719K, paused 1ms+3ms
07-05 12:33:36.031   156   628 D AlarmManagerService: Kernel timezone updated to 240 minutes west of GMT
07-05 12:33:36.101   545   548 D dalvikvm: GC_CONCURRENT freed 718K, 11% free 10439K/11719K, paused 2ms+3ms
07-05 12:33:36.230   156   167 D dalvikvm: GC_EXPLICIT freed 883K, 12% free 14117K/16007K, paused 2ms+6ms
07-05 12:33:36.379   545   548 D dalvikvm: GC_CONCURRENT freed 443K, 12% free 10387K/11719K, paused 2ms+2ms
07-05 12:33:36.570   545 20683 I DownloadManager: Initiating request for download 2416
07-05 12:33:36.640   545   548 D dalvikvm: GC_CONCURRENT freed 383K, 12% free 10406K/11719K, paused 3ms+5ms
07-05 12:33:36.754   545   548 D dalvikvm: GC_CONCURRENT freed 217K, 10% free 10650K/11719K, paused 2ms+3ms
07-05 12:33:36.871   545   548 D dalvikvm: GC_CONCURRENT freed 437K, 10% free 10645K/11719K, paused 2ms+2ms
07-05 12:33:37.027  1370 20685 E DictionaryProvider:UpdateHandler: Can't read a file : android.util.MalformedJsonException: Use JsonReader.setLenient(true) to accept malformed JSON at line 1 column 20
07-05 12:33:37.105   545   548 D dalvikvm: GC_CONCURRENT freed 677K, 12% free 10402K/11719K, paused 2ms+3ms
07-05 12:33:37.289   545   548 D dalvikvm: GC_CONCURRENT freed 434K, 12% free 10363K/11719K, paused 2ms+4ms
07-05 12:33:37.355   545 20688 I DownloadManager: Initiating request for download 2416
07-05 12:33:37.453   545   548 D dalvikvm: GC_CONCURRENT freed 231K, 10% free 10587K/11719K, paused 1ms+2ms
07-05 12:33:37.554   545   548 D dalvikvm: GC_CONCURRENT freed 316K, 9% free 10738K/11719K, paused 2ms+3ms
07-05 12:33:37.644   482   482 D SAN_SERVICE: *******************************************
07-05 12:33:37.644   482   482 D SAN_SERVICE: DM App Phone Service State - 0
07-05 12:33:37.644   482   482 D SAN_SERVICE: *******************************************
07-05 12:33:37.793   545   548 D dalvikvm: GC_CONCURRENT freed 806K, 12% free 10388K/11719K, paused 2ms+2ms
07-05 12:33:37.976   545   548 D dalvikvm: GC_CONCURRENT freed 417K, 12% free 10367K/11719K, paused 2ms+3ms
07-05 12:33:38.101   545 20691 I DownloadManager: Initiating request for download 2417
07-05 12:33:38.203   545   548 D dalvikvm: GC_CONCURRENT freed 273K, 10% free 10630K/11719K, paused 1ms+3ms
07-05 12:33:38.300   545   548 D dalvikvm: GC_CONCURRENT freed 377K, 9% free 10740K/11719K, paused 1ms+2ms
07-05 12:33:38.508  1370 20693 E DictionaryProvider:UpdateHandler: Can't read a file : android.util.MalformedJsonException: Use JsonReader.setLenient(true) to accept malformed JSON at line 1 column 20
07-05 12:33:38.543   545   548 D dalvikvm: GC_CONCURRENT freed 814K, 12% free 10403K/11719K, paused 2ms+3ms
07-05 12:33:38.582  1370  1372 D dalvikvm: GC_CONCURRENT freed 386K, 7% free 9126K/9735K, paused 2ms+2ms
07-05 12:33:38.761   545   548 D dalvikvm: GC_CONCURRENT freed 420K, 12% free 10372K/11719K, paused 2ms+3ms
07-05 12:33:38.863   545 20696 I DownloadManager: Initiating request for download 2417
07-05 12:33:38.957   545   548 D dalvikvm: GC_CONCURRENT freed 280K, 10% free 10550K/11719K, paused 1ms+2ms
07-05 12:33:39.050   545   548 D dalvikvm: GC_CONCURRENT freed 312K, 9% free 10711K/11719K, paused 1ms+3ms
07-05 12:33:39.218   545   548 D dalvikvm: GC_CONCURRENT freed 734K, 12% free 10427K/11719K, paused 2ms+2ms
07-05 12:33:39.414   545   548 D dalvikvm: GC_CONCURRENT freed 443K, 12% free 10379K/11719K, paused 2ms+2ms
07-05 12:33:39.574   545 20699 I DownloadManager: Initiating request for download 2418
07-05 12:33:39.621   545   548 D dalvikvm: GC_CONCURRENT freed 356K, 12% free 10413K/11719K, paused 2ms+3ms
07-05 12:33:39.730   545   548 D dalvikvm: GC_CONCURRENT freed 216K, 10% free 10657K/11719K, paused 2ms+2ms
07-05 12:33:39.847   545   548 D dalvikvm: GC_CONCURRENT freed 444K, 10% free 10654K/11719K, paused 2ms+3ms
07-05 12:33:39.988  1370 20701 E DictionaryProvider:UpdateHandler: Can't read a file : android.util.MalformedJsonException: Use JsonReader.setLenient(true) to accept malformed JSON at line 1 column 20
07-05 12:33:40.097   545   548 D dalvikvm: GC_CONCURRENT freed 688K, 12% free 10393K/11719K, paused 2ms+3ms
07-05 12:33:40.281   545   548 D dalvikvm: GC_CONCURRENT freed 419K, 12% free 10368K/11719K, paused 1ms+2ms
07-05 12:33:40.351   545 20704 I DownloadManager: Initiating request for download 2418
07-05 12:33:40.445   545   548 D dalvikvm: GC_CONCURRENT freed 230K, 10% free 10662K/11719K, paused 2ms+3ms
07-05 12:33:40.550   545   548 D dalvikvm: GC_CONCURRENT freed 448K, 10% free 10651K/11719K, paused 1ms+2ms
07-05 12:33:40.730   545   548 D dalvikvm: GC_CONCURRENT freed 654K, 12% free 10418K/11719K, paused 2ms+2ms
07-05 12:33:40.910   545   548 D dalvikvm: GC_CONCURRENT freed 410K, 12% free 10403K/11719K, paused 2ms+3ms
07-05 12:33:42.199   545 20706 I DownloadManager: Initiating request for download 2419
07-05 12:33:42.293   545   548 D dalvikvm: GC_CONCURRENT freed 280K, 10% free 10560K/11719K, paused 2ms+3ms
07-05 12:33:42.394   545   548 D dalvikvm: GC_CONCURRENT freed 300K, 9% free 10723K/11719K, paused 5ms+3ms
07-05 12:33:42.570   482   482 D SAN_SERVICE: *******************************************
07-05 12:33:42.570   482   482 D SAN_SERVICE: DM App Phone Service State - 0
07-05 12:33:42.570   482   482 D SAN_SERVICE: *******************************************
07-05 12:33:42.578   545   548 D dalvikvm: GC_CONCURRENT freed 727K, 11% free 10442K/11719K, paused 2ms+3ms
07-05 12:33:42.633  1370 20709 E DictionaryProvider:UpdateHandler: Can't read a file : android.util.MalformedJsonException: Use JsonReader.setLenient(true) to accept malformed JSON at line 1 column 20
07-05 12:33:42.808   545   548 D dalvikvm: GC_CONCURRENT freed 433K, 12% free 10401K/11719K, paused 2ms+4ms
07-05 12:33:42.992   545   548 D dalvikvm: GC_CONCURRENT freed 418K, 12% free 10376K/11719K, paused 1ms+2ms
07-05 12:33:43.011   545 20712 I DownloadManager: Initiating request for download 2419
07-05 12:33:43.125   545   548 D dalvikvm: GC_CONCURRENT freed 188K, 10% free 10647K/11719K, paused 2ms+3ms
07-05 12:33:43.230   545   548 D dalvikvm: GC_CONCURRENT freed 429K, 10% free 10664K/11719K, paused 2ms+2ms
07-05 12:33:43.441   545   548 D dalvikvm: GC_CONCURRENT freed 689K, 12% free 10409K/11719K, paused 2ms+3ms
07-05 12:33:43.625   545   548 D dalvikvm: GC_CONCURRENT freed 423K, 12% free 10381K/11719K, paused 1ms+3ms
07-05 12:33:43.742   545 20715 I DownloadManager: Initiating request for download 2420
07-05 12:33:43.886   545   548 D dalvikvm: GC_CONCURRENT freed 328K, 11% free 10449K/11719K, paused 1ms+3ms
07-05 12:33:44.066   545   548 D dalvikvm: GC_CONCURRENT freed 415K, 12% free 10430K/11719K, paused 1ms+3ms
07-05 12:33:44.246   545   548 D dalvikvm: GC_CONCURRENT freed 409K, 12% free 10415K/11719K, paused 2ms+2ms
07-05 12:33:49.461   545   548 D dalvikvm: GC_CONCURRENT freed 263K, 10% free 10612K/11719K, paused 2ms+2ms
07-05 12:33:49.644   545   548 D dalvikvm: GC_CONCURRENT freed 615K, 11% free 10434K/11719K, paused 2ms+8ms
07-05 12:33:49.781  1370 20718 E DictionaryProvider:UpdateHandler: Can't read a file : android.util.MalformedJsonException: Use JsonReader.setLenient(true) to accept malformed JSON at line 1 column 20
07-05 12:33:49.937   545   548 D dalvikvm: GC_CONCURRENT freed 421K, 12% free 10409K/11719K, paused 2ms+3ms
07-05 12:33:50.125   545   548 D dalvikvm: GC_CONCURRENT freed 418K, 12% free 10386K/11719K, paused 2ms+2ms
07-05 12:33:50.226   545 20721 I DownloadManager: Initiating request for download 2420
07-05 12:33:50.226   545 20721 W DownloadManager: Aborting request for download 2420: Trying to resume a download that can't be resumed
07-05 12:33:50.375   545   548 D dalvikvm: GC_CONCURRENT freed 365K, 12% free 10420K/11719K, paused 1ms+2ms
07-05 12:33:50.554   545   548 D dalvikvm: GC_CONCURRENT freed 413K, 12% free 10396K/11719K, paused 1ms+2ms
07-05 12:33:50.738   545   548 D dalvikvm: GC_CONCURRENT freed 399K, 12% free 10395K/11719K, paused 2ms+2ms
07-05 12:33:50.840   545 20724 I DownloadManager: Initiating request for download 2421
07-05 12:33:50.945   545   548 D dalvikvm: GC_CONCURRENT freed 234K, 10% free 10605K/11719K, paused 2ms+3ms
07-05 12:33:51.043   545   548 D dalvikvm: GC_CONCURRENT freed 336K, 9% free 10759K/11719K, paused 2ms+3ms
07-05 12:33:51.246  1370 20726 E DictionaryProvider:UpdateHandler: Can't read a file : android.util.MalformedJsonException: Use JsonReader.setLenient(true) to accept malformed JSON at line 1 column 20
07-05 12:33:51.273   545   548 D dalvikvm: GC_CONCURRENT freed 823K, 12% free 10425K/11719K, paused 2ms+2ms
07-05 12:33:51.320  1370  1372 D dalvikvm: GC_CONCURRENT freed 390K, 7% free 9126K/9735K, paused 1ms+2ms
07-05 12:33:51.496   545   548 D dalvikvm: GC_CONCURRENT freed 432K, 12% free 10388K/11719K, paused 2ms+3ms
07-05 12:33:51.582   545 20729 I DownloadManager: Initiating request for download 2421
07-05 12:33:51.668   545   548 D dalvikvm: GC_CONCURRENT freed 270K, 10% free 10576K/11719K, paused 2ms+3ms
07-05 12:33:51.765   545   548 D dalvikvm: GC_CONCURRENT freed 311K, 9% free 10754K/11719K, paused 2ms+3ms
07-05 12:33:51.968   545   548 D dalvikvm: GC_CONCURRENT freed 798K, 12% free 10421K/11719K, paused 2ms+2ms
07-05 12:33:52.148   545   548 D dalvikvm: GC_CONCURRENT freed 424K, 12% free 10393K/11719K, paused 2ms+2ms
07-05 12:33:52.285   545 20732 I DownloadManager: Initiating request for download 2422
07-05 12:33:52.343   545   548 D dalvikvm: GC_CONCURRENT freed 321K, 11% free 10459K/11719K, paused 2ms+2ms
07-05 12:33:52.445   545   548 D dalvikvm: GC_CONCURRENT freed 234K, 9% free 10689K/11719K, paused 2ms+3ms
07-05 12:33:52.570   545   548 D dalvikvm: GC_CONCURRENT freed 684K, 11% free 10451K/11719K, paused 2ms+3ms
07-05 12:33:52.703  1370 20734 E DictionaryProvider:UpdateHandler: Can't read a file : android.util.MalformedJsonException: Use JsonReader.setLenient(true) to accept malformed JSON at line 1 column 20
07-05 12:33:52.816   545   548 D dalvikvm: GC_CONCURRENT freed 425K, 12% free 10425K/11719K, paused 2ms+3ms
07-05 12:33:53.000   545   548 D dalvikvm: GC_CONCURRENT freed 432K, 12% free 10388K/11719K, paused 2ms+2ms
07-05 12:33:53.070   545 20737 I DownloadManager: Initiating request for download 2422
07-05 12:33:53.133   545 20717 D dalvikvm: GC_EXPLICIT freed 267K, 10% free 10632K/11719K, paused 2ms+6ms
07-05 12:33:53.230   545   548 D dalvikvm: GC_CONCURRENT freed 390K, 9% free 10672K/11719K, paused 2ms+2ms
07-05 12:33:53.457   545   548 D dalvikvm: GC_CONCURRENT freed 688K, 12% free 10409K/11719K, paused 1ms+2ms
07-05 12:33:53.636   545   548 D dalvikvm: GC_CONCURRENT freed 414K, 12% free 10391K/11719K, paused 2ms+2ms
07-05 12:33:53.793   545 20740 I DownloadManager: Initiating request for download 2423
07-05 12:33:53.898   545   548 D dalvikvm: GC_CONCURRENT freed 288K, 10% free 10560K/11719K, paused 2ms+3ms
07-05 12:33:53.996   545   548 D dalvikvm: GC_CONCURRENT freed 306K, 9% free 10729K/11719K, paused 2ms+3ms
07-05 12:33:54.164   545   548 D dalvikvm: GC_CONCURRENT freed 732K, 11% free 10453K/11719K, paused 2ms+2ms
07-05 12:33:54.258  1370 20742 E DictionaryProvider:UpdateHandler: Can't read a file : android.util.MalformedJsonException: Use JsonReader.setLenient(true) to accept malformed JSON at line 1 column 20
07-05 12:33:54.394   545   548 D dalvikvm: GC_CONCURRENT freed 439K, 12% free 10409K/11719K, paused 1ms+2ms
07-05 12:33:54.562   545 20745 I DownloadManager: Initiating request for download 2423
07-05 12:33:54.586   545   548 D dalvikvm: GC_CONCURRENT freed 421K, 12% free 10415K/11719K, paused 2ms+2ms
07-05 12:33:54.715   545   548 D dalvikvm: GC_CONCURRENT freed 194K, 10% free 10664K/11719K, paused 1ms+3ms
07-05 12:33:54.836   545   548 D dalvikvm: GC_CONCURRENT freed 430K, 9% free 10675K/11719K, paused 2ms+2ms
07-05 12:33:55.054   545   548 D dalvikvm: GC_CONCURRENT freed 699K, 12% free 10411K/11719K, paused 1ms+3ms
07-05 12:33:55.242   545   548 D dalvikvm: GC_CONCURRENT freed 414K, 12% free 10399K/11719K, paused 1ms+2ms
07-05 12:33:55.343   545 20748 I DownloadManager: Initiating request for download 2424
07-05 12:33:55.453   545   548 D dalvikvm: GC_CONCURRENT freed 251K, 10% free 10609K/11719K, paused 2ms+2ms
07-05 12:33:55.550   545   548 D dalvikvm: GC_CONCURRENT freed 321K, 9% free 10770K/11719K, paused 2ms+4ms
07-05 12:33:55.679   156   168 D dalvikvm: GC_EXPLICIT freed 520K, 13% free 14082K/16007K, paused 2ms+6ms
07-05 12:33:55.816  1370 20750 E DictionaryProvider:UpdateHandler: Can't read a file : android.util.MalformedJsonException: Use JsonReader.setLenient(true) to accept malformed JSON at line 1 column 20
07-05 12:33:55.875   545   548 D dalvikvm: GC_CONCURRENT freed 819K, 11% free 10434K/11719K, paused 1ms+3ms
07-05 12:33:56.058   545   548 D dalvikvm: GC_CONCURRENT freed 447K, 12% free 10382K/11719K, paused 2ms+3ms
07-05 12:33:56.156   545 20753 I DownloadManager: Initiating request for download 2424
07-05 12:33:56.250   545   548 D dalvikvm: GC_CONCURRENT freed 285K, 10% free 10609K/11719K, paused 1ms+3ms
07-05 12:33:56.347   545   548 D dalvikvm: GC_CONCURRENT freed 357K, 9% free 10742K/11719K, paused 2ms+3ms
07-05 12:33:56.550   545   548 D dalvikvm: GC_CONCURRENT freed 791K, 12% free 10407K/11719K, paused 1ms+2ms
07-05 12:33:56.730   545   548 D dalvikvm: GC_CONCURRENT freed 408K, 12% free 10390K/11719K, paused 1ms+2ms
07-05 12:33:56.867   545 20756 I DownloadManager: Initiating request for download 2425
07-05 12:33:56.925   545   548 D dalvikvm: GC_CONCURRENT freed 328K, 11% free 10453K/11719K, paused 2ms+4ms
07-05 12:33:57.027   545   548 D dalvikvm: GC_CONCURRENT freed 231K, 9% free 10682K/11719K, paused 1ms+2ms
07-05 12:33:57.152   545   548 D dalvikvm: GC_CONCURRENT freed 675K, 11% free 10448K/11719K, paused 1ms+3ms
07-05 12:33:57.254  1370 20758 E DictionaryProvider:UpdateHandler: Can't read a file : android.util.MalformedJsonException: Use JsonReader.setLenient(true) to accept malformed JSON at line 1 column 20
07-05 12:33:57.332  1370  1372 D dalvikvm: GC_CONCURRENT freed 388K, 7% free 9126K/9735K, paused 1ms+2ms
07-05 12:33:57.414   545   548 D dalvikvm: GC_CONCURRENT freed 437K, 12% free 10406K/11719K, paused 1ms+3ms
07-05 12:33:57.597   545   548 D dalvikvm: GC_CONCURRENT freed 421K, 12% free 10381K/11719K, paused 2ms+3ms
07-05 12:33:57.668   545 20761 I DownloadManager: Initiating request for download 2425
07-05 12:33:57.758   545   548 D dalvikvm: GC_CONCURRENT freed 239K, 10% free 10595K/11719K, paused 2ms+2ms
07-05 12:33:57.855   545   548 D dalvikvm: GC_CONCURRENT freed 324K, 9% free 10757K/11719K, paused 2ms+3ms
07-05 12:33:58.062   545   548 D dalvikvm: GC_CONCURRENT freed 812K, 12% free 10406K/11719K, paused 2ms+2ms
07-05 12:33:58.242   545   548 D dalvikvm: GC_CONCURRENT freed 415K, 12% free 10385K/11719K, paused 2ms+3ms
07-05 12:33:58.379   545 20764 I DownloadManager: Initiating request for download 2426
07-05 12:33:58.476   545   548 D dalvikvm: GC_CONCURRENT freed 285K, 10% free 10558K/11719K, paused 3ms+3ms
07-05 12:33:58.566   545   548 D dalvikvm: GC_CONCURRENT freed 290K, 9% free 10710K/11719K, paused 1ms+3ms
07-05 12:33:58.730   545   548 D dalvikvm: GC_CONCURRENT freed 710K, 11% free 10445K/11719K, paused 2ms+3ms
07-05 12:33:58.832  1370 20766 E DictionaryProvider:UpdateHandler: Can't read a file : android.util.MalformedJsonException: Use JsonReader.setLenient(true) to accept malformed JSON at line 1 column 20
07-05 12:33:58.976   545   548 D dalvikvm: GC_CONCURRENT freed 427K, 12% free 10410K/11719K, paused 2ms+2ms
07-05 12:33:59.160   545   548 D dalvikvm: GC_CONCURRENT freed 425K, 12% free 10380K/11719K, paused 2ms+2ms
07-05 12:33:59.195   545 20769 I DownloadManager: Initiating request for download 2426
07-05 12:33:59.293   545   548 D dalvikvm: GC_CONCURRENT freed 201K, 10% free 10637K/11719K, paused 2ms+3ms
07-05 12:33:59.402   545   548 D dalvikvm: GC_CONCURRENT freed 414K, 9% free 10679K/11719K, paused 2ms+2ms
07-05 12:33:59.609   545   548 D dalvikvm: GC_CONCURRENT freed 709K, 12% free 10406K/11719K, paused 2ms+2ms
07-05 12:33:59.816   545   548 D dalvikvm: GC_CONCURRENT freed 405K, 12% free 10391K/11719K, paused 2ms+3ms
07-05 12:33:59.957   545 20772 I DownloadManager: Initiating request for download 2427
07-05 12:34:00.090   545   548 D dalvikvm: GC_CONCURRENT freed 276K, 10% free 10574K/11719K, paused 2ms+3ms
07-05 12:34:00.187   545   548 D dalvikvm: GC_CONCURRENT freed 308K, 9% free 10746K/11719K, paused 2ms+3ms
07-05 12:34:00.367   545   548 D dalvikvm: GC_CONCURRENT freed 760K, 11% free 10444K/11719K, paused 2ms+2ms
07-05 12:34:00.418  1370 20774 E DictionaryProvider:UpdateHandler: Can't read a file : android.util.MalformedJsonException: Use JsonReader.setLenient(true) to accept malformed JSON at line 1 column 20
07-05 12:34:00.597   545   548 D dalvikvm: GC_CONCURRENT freed 429K, 12% free 10405K/11719K, paused 2ms+2ms
07-05 12:34:00.758   545 20777 I DownloadManager: Initiating request for download 2427
07-05 12:34:00.797   545   548 D dalvikvm: GC_CONCURRENT freed 387K, 12% free 10425K/11719K, paused 2ms+3ms
07-05 12:34:00.906   545   548 D dalvikvm: GC_CONCURRENT freed 203K, 9% free 10669K/11719K, paused 2ms+3ms
07-05 12:34:01.027   545   548 D dalvikvm: GC_CONCURRENT freed 453K, 9% free 10676K/11719K, paused 2ms+3ms
07-05 12:34:01.250   545   548 D dalvikvm: GC_CONCURRENT freed 707K, 12% free 10404K/11719K, paused 1ms+3ms
07-05 12:34:01.429   545   548 D dalvikvm: GC_CONCURRENT freed 412K, 12% free 10387K/11719K, paused 1ms+2ms
07-05 12:34:01.519   545 20780 I DownloadManager: Initiating request for download 2428
07-05 12:34:01.601   545   548 D dalvikvm: GC_CONCURRENT freed 231K, 10% free 10611K/11719K, paused 2ms+3ms
07-05 12:34:01.703   545   548 D dalvikvm: GC_CONCURRENT freed 318K, 9% free 10769K/11719K, paused 1ms+3ms
07-05 12:34:01.890  1370 20782 E DictionaryProvider:UpdateHandler: Can't read a file : android.util.MalformedJsonException: Use JsonReader.setLenient(true) to accept malformed JSON at line 1 column 20
07-05 12:34:01.961   465   467 D dalvikvm: GC_CONCURRENT freed 421K, 5% free 10531K/11079K, paused 1ms+10ms
07-05 12:34:01.992   545   548 D dalvikvm: GC_CONCURRENT freed 829K, 12% free 10422K/11719K, paused 1ms+3ms
07-05 12:34:02.160   545   548 D dalvikvm: GC_CONCURRENT freed 424K, 12% free 10393K/11719K, paused 2ms+2ms
07-05 12:34:02.265   545 20785 I DownloadManager: Initiating request for download 2428
07-05 12:34:02.351   545   548 D dalvikvm: GC_CONCURRENT freed 281K, 10% free 10563K/11719K, paused 2ms+3ms
07-05 12:34:02.394   993  1240 I PhoneLab-: Service Running
07-05 12:34:02.461   993   995 D dalvikvm: GC_CONCURRENT freed 902K, 15% free 9145K/10695K, paused 1ms+2ms
07-05 12:34:02.461   993  1240 I PhoneLab-LoggerService: app_49    1247  993   1956   1584  c00f181c 400107b4 S logcat
07-05 12:34:02.461   993  1240 I PhoneLab-LoggerService: Logcat pid from database 1247
07-05 12:34:02.461   993  1240 I PhoneLab-LoggerService: Logcat process found 1247
07-05 12:34:02.461   993  1240 I PhoneLab-LoggerService: Checking Threshold
07-05 12:34:02.461   993  1240 I PhoneLab-LoggerService: Starting to rename files
07-05 12:34:02.468   993  1240 I PhoneLab-LoggerService: Files found .. 20
07-05 12:34:02.468   993  1240 I PhoneLab-LoggerService: File 1 log.out.1
07-05 12:34:02.476   993  1240 I PhoneLab-LoggerService: Renamed successfully
07-05 12:34:02.488   545   548 D dalvikvm: GC_CONCURRENT freed 314K, 9% free 10723K/11719K, paused 2ms+3ms
07-05 12:34:02.644   545   548 D dalvikvm: GC_CONCURRENT freed 729K, 11% free 10454K/11719K, paused 2ms+2ms
07-05 12:34:02.847   545   548 D dalvikvm: GC_CONCURRENT freed 438K, 12% free 10405K/11719K, paused 1ms+3ms
07-05 12:34:03.074   545   548 D dalvikvm: GC_CONCURRENT freed 410K, 12% free 10420K/11719K, paused 2ms+3ms
07-05 12:34:03.074   545 20789 I DownloadManager: Initiating request for download 2429
07-05 12:34:03.203   545   548 D dalvikvm: GC_CONCURRENT freed 206K, 9% free 10673K/11719K, paused 2ms+3ms
07-05 12:34:03.320   545   548 D dalvikvm: GC_CONCURRENT freed 451K, 9% free 10677K/11719K, paused 2ms+2ms
07-05 12:34:03.457  1370 20791 E DictionaryProvider:UpdateHandler: Can't read a file : android.util.MalformedJsonException: Use JsonReader.setLenient(true) to accept malformed JSON at line 1 column 20
07-05 12:34:03.531  1370  1372 D dalvikvm: GC_CONCURRENT freed 387K, 7% free 9127K/9735K, paused 2ms+2ms
07-05 12:34:03.582   545   548 D dalvikvm: GC_CONCURRENT freed 695K, 12% free 10416K/11719K, paused 2ms+3ms
07-05 12:34:03.761   545   548 D dalvikvm: GC_CONCURRENT freed 419K, 12% free 10392K/11719K, paused 2ms+2ms
07-05 12:34:03.832   545 20794 I DownloadManager: Initiating request for download 2429
07-05 12:34:03.922   545   548 D dalvikvm: GC_CONCURRENT freed 242K, 10% free 10603K/11719K, paused 2ms+3ms
07-05 12:34:04.019   545   548 D dalvikvm: GC_CONCURRENT freed 314K, 9% free 10774K/11719K, paused 2ms+3ms
07-05 12:34:04.211   545   548 D dalvikvm: GC_CONCURRENT freed 793K, 11% free 10449K/11719K, paused 1ms+3ms
07-05 12:34:04.398   545   548 D dalvikvm: GC_CONCURRENT freed 409K, 11% free 10435K/11719K, paused 2ms+2ms
07-05 12:34:06.242   545 20796 I DownloadManager: Initiating request for download 2430
07-05 12:34:06.340   545   548 D dalvikvm: GC_CONCURRENT freed 324K, 10% free 10568K/11719K, paused 2ms+4ms
07-05 12:34:06.445   545   548 D dalvikvm: GC_CONCURRENT freed 311K, 8% free 10812K/11719K, paused 1ms+3ms
07-05 12:34:06.644  1370 20799 E DictionaryProvider:UpdateHandler: Can't read a file : android.util.MalformedJsonException: Use JsonReader.setLenient(true) to accept malformed JSON at line 1 column 20
07-05 12:34:06.683   545   548 D dalvikvm: GC_CONCURRENT freed 879K, 11% free 10432K/11719K, paused 2ms+3ms
07-05 12:34:06.879   545   548 D dalvikvm: GC_CONCURRENT freed 423K, 12% free 10403K/11719K, paused 2ms+2ms
07-05 12:34:07.011   545 20802 I DownloadManager: Initiating request for download 2430
07-05 12:34:07.074   545   548 D dalvikvm: GC_CONCURRENT freed 324K, 11% free 10465K/11719K, paused 1ms+2ms
07-05 12:34:07.179   545   548 D dalvikvm: GC_CONCURRENT freed 241K, 9% free 10697K/11719K, paused 2ms+3ms
07-05 12:34:07.304   545   548 D dalvikvm: GC_CONCURRENT freed 694K, 11% free 10459K/11719K, paused 2ms+4ms
07-05 12:34:07.527   545   548 D dalvikvm: GC_CONCURRENT freed 440K, 12% free 10424K/11719K, paused 2ms+2ms
07-05 12:34:07.715   545   548 D dalvikvm: GC_CONCURRENT freed 425K, 12% free 10394K/11719K, paused 1ms+2ms
07-05 12:34:07.793   545 20805 I DownloadManager: Initiating request for download 2431
07-05 12:34:07.890   545   548 D dalvikvm: GC_CONCURRENT freed 221K, 10% free 10632K/11719K, paused 2ms+3ms
07-05 12:34:07.988   545   548 D dalvikvm: GC_CONCURRENT freed 389K, 9% free 10686K/11719K, paused 2ms+2ms
07-05 12:34:08.168  1370 20807 E DictionaryProvider:UpdateHandler: Can't read a file : android.util.MalformedJsonException: Use JsonReader.setLenient(true) to accept malformed JSON at line 1 column 20
07-05 12:34:08.230   545   548 D dalvikvm: GC_CONCURRENT freed 711K, 11% free 10433K/11719K, paused 1ms+2ms
07-05 12:34:08.410   545   548 D dalvikvm: GC_CONCURRENT freed 426K, 12% free 10401K/11719K, paused 2ms+2ms
07-05 12:34:08.531   545 20810 I DownloadManager: Initiating request for download 2431
07-05 12:34:08.613   545   548 D dalvikvm: GC_CONCURRENT freed 304K, 11% free 10527K/11719K, paused 2ms+2ms
07-05 12:34:08.707   545   548 D dalvikvm: GC_CONCURRENT freed 258K, 9% free 10698K/11719K, paused 2ms+2ms
07-05 12:34:08.832   545   548 D dalvikvm: GC_CONCURRENT freed 693K, 11% free 10472K/11719K, paused 2ms+2ms
07-05 12:34:09.035   545   548 D dalvikvm: GC_CONCURRENT freed 450K, 12% free 10418K/11719K, paused 1ms+3ms
07-05 12:34:09.207   545   548 D dalvikvm: GC_CONCURRENT freed 417K, 12% free 10396K/11719K, paused 2ms+2ms
07-05 12:34:09.281   545 20813 I DownloadManager: Initiating request for download 2432
07-05 12:34:09.386   545   548 D dalvikvm: GC_CONCURRENT freed 216K, 10% free 10638K/11719K, paused 2ms+3ms
07-05 12:34:09.492   545   548 D dalvikvm: GC_CONCURRENT freed 328K, 8% free 10798K/11719K, paused 2ms+3ms
07-05 12:34:09.699   545   548 D dalvikvm: GC_CONCURRENT freed 851K, 12% free 10422K/11719K, paused 1ms+2ms
07-05 12:34:09.879   545   548 D dalvikvm: GC_CONCURRENT freed 414K, 12% free 10404K/11719K, paused 2ms+2ms
07-05 12:34:10.359  1370 20815 E DictionaryProvider:UpdateHandler: Can't read a file : android.util.MalformedJsonException: Use JsonReader.setLenient(true) to accept malformed JSON at line 1 column 20
07-05 12:34:10.523   545   548 D dalvikvm: GC_CONCURRENT freed 357K, 11% free 10441K/11719K, paused 2ms+3ms
07-05 12:34:10.722   545   548 D dalvikvm: GC_CONCURRENT freed 414K, 12% free 10416K/11719K, paused 2ms+2ms
07-05 12:34:10.910   545   548 D dalvikvm: GC_CONCURRENT freed 414K, 12% free 10398K/11719K, paused 1ms+2ms
07-05 12:34:11.023   156   167 D dalvikvm: GC_EXPLICIT freed 519K, 13% free 14082K/16007K, paused 2ms+5ms
07-05 12:34:11.203   545   548 D dalvikvm: GC_CONCURRENT freed 364K, 12% free 10425K/11719K, paused 2ms+3ms
07-05 12:34:11.390   545   548 D dalvikvm: GC_CONCURRENT freed 429K, 12% free 10391K/11719K, paused 1ms+2ms
07-05 12:34:11.578   545 20818 I DownloadManager: Initiating request for download 2433
07-05 12:34:11.668   545   548 D dalvikvm: GC_CONCURRENT freed 361K, 11% free 10458K/11719K, paused 3ms+6ms
07-05 12:34:11.781   545   548 D dalvikvm: GC_CONCURRENT freed 232K, 9% free 10686K/11719K, paused 1ms+3ms
07-05 12:34:11.910   545   548 D dalvikvm: GC_CONCURRENT freed 678K, 11% free 10452K/11719K, paused 2ms+2ms
07-05 12:34:12.054  1370 20820 E DictionaryProvider:UpdateHandler: Can't read a file : android.util.MalformedJsonException: Use JsonReader.setLenient(true) to accept malformed JSON at line 1 column 20
07-05 12:34:12.144   545   548 D dalvikvm: GC_CONCURRENT freed 435K, 12% free 10414K/11719K, paused 1ms+3ms
07-05 12:34:12.328   545   548 D dalvikvm: GC_CONCURRENT freed 422K, 12% free 10387K/11719K, paused 1ms+3ms
07-05 12:34:12.410   545 20823 I DownloadManager: Initiating request for download 2433
07-05 12:34:12.492   545   548 D dalvikvm: GC_CONCURRENT freed 248K, 10% free 10599K/11719K, paused 2ms+3ms
07-05 12:34:12.593   545   548 D dalvikvm: GC_CONCURRENT freed 294K, 9% free 10755K/11719K, paused 1ms+3ms
07-05 12:34:12.781   545   548 D dalvikvm: GC_CONCURRENT freed 767K, 11% free 10455K/11719K, paused 1ms+2ms
07-05 12:34:12.843  1370  1372 D dalvikvm: GC_CONCURRENT freed 387K, 7% free 9128K/9735K, paused 2ms+3ms
07-05 12:34:13.004   545   548 D dalvikvm: GC_CONCURRENT freed 444K, 12% free 10399K/11719K, paused 1ms+2ms
07-05 12:34:13.152   545 20826 I DownloadManager: Initiating request for download 2434
07-05 12:34:13.203   545   548 D dalvikvm: GC_CONCURRENT freed 342K, 11% free 10460K/11719K, paused 2ms+2ms
07-05 12:34:13.308   545   548 D dalvikvm: GC_CONCURRENT freed 230K, 9% free 10690K/11719K, paused 1ms+2ms
07-05 12:34:13.429   545   548 D dalvikvm: GC_CONCURRENT freed 694K, 11% free 10453K/11719K, paused 2ms+2ms
07-05 12:34:13.562  1370 20828 E DictionaryProvider:UpdateHandler: Can't read a file : android.util.MalformedJsonException: Use JsonReader.setLenient(true) to accept malformed JSON at line 1 column 20
07-05 12:34:13.672   545   548 D dalvikvm: GC_CONCURRENT freed 434K, 12% free 10415K/11719K, paused 2ms+2ms
07-05 12:34:13.851   545   548 D dalvikvm: GC_CONCURRENT freed 420K, 12% free 10389K/11719K, paused 2ms+2ms
07-05 12:34:13.918   545 20831 I DownloadManager: Initiating request for download 2434
07-05 12:34:14.008   545   548 D dalvikvm: GC_CONCURRENT freed 238K, 10% free 10605K/11719K, paused 2ms+3ms
07-05 12:34:14.105   545   548 D dalvikvm: GC_CONCURRENT freed 315K, 9% free 10773K/11719K, paused 2ms+3ms
07-05 12:34:14.320   545   548 D dalvikvm: GC_CONCURRENT freed 826K, 12% free 10415K/11719K, paused 1ms+2ms
07-05 12:34:14.500   545   548 D dalvikvm: GC_CONCURRENT freed 408K, 12% free 10395K/11719K, paused 2ms+2ms
07-05 12:34:14.633   545 20834 I DownloadManager: Initiating request for download 2435
07-05 12:34:14.722   545   548 D dalvikvm: GC_CONCURRENT freed 296K, 10% free 10599K/11719K, paused 2ms+3ms
07-05 12:34:14.828   545   548 D dalvikvm: GC_CONCURRENT freed 336K, 9% free 10749K/11719K, paused 1ms+4ms
07-05 12:34:15.011   545   548 D dalvikvm: GC_CONCURRENT freed 755K, 11% free 10459K/11719K, paused 2ms+2ms
07-05 12:34:15.090  1370 20836 D dalvikvm: GC_EXPLICIT freed 160K, 7% free 9098K/9735K, paused 1ms+2ms
07-05 12:34:15.097  1370 20836 E DictionaryProvider:UpdateHandler: Can't read a file : android.util.MalformedJsonException: Use JsonReader.setLenient(true) to accept malformed JSON at line 1 column 20
07-05 12:34:15.254   545   548 D dalvikvm: GC_CONCURRENT freed 443K, 12% free 10411K/11719K, paused 2ms+2ms
07-05 12:34:15.414   545 20839 I DownloadManager: Initiating request for download 2435
07-05 12:34:15.445   545   548 D dalvikvm: GC_CONCURRENT freed 407K, 11% free 10430K/11719K, paused 2ms+3ms
07-05 12:34:15.554   545   548 D dalvikvm: GC_CONCURRENT freed 210K, 9% free 10680K/11719K, paused 2ms+3ms
07-05 12:34:15.675   545   548 D dalvikvm: GC_CONCURRENT freed 444K, 9% free 10682K/11719K, paused 1ms+2ms
07-05 12:34:15.894   545   548 D dalvikvm: GC_CONCURRENT freed 709K, 12% free 10410K/11719K, paused 2ms+3ms
07-05 12:34:16.086   545   548 D dalvikvm: GC_CONCURRENT freed 413K, 12% free 10392K/11719K, paused 2ms+2ms
07-05 12:34:16.187   545 20842 I DownloadManager: Initiating request for download 2436
07-05 12:34:16.285   545   548 D dalvikvm: GC_CONCURRENT freed 238K, 10% free 10613K/11719K, paused 3ms+2ms
07-05 12:34:16.386   545   548 D dalvikvm: GC_CONCURRENT freed 315K, 9% free 10780K/11719K, paused 1ms+3ms
07-05 12:34:16.609   545   548 D dalvikvm: GC_CONCURRENT freed 826K, 12% free 10427K/11719K, paused 2ms+2ms
07-05 12:34:16.652   545 15358 D dalvikvm: GC_EXPLICIT freed 4K, 12% free 10427K/11719K, paused 2ms+2ms
07-05 12:34:16.668  1370 20844 E DictionaryProvider:UpdateHandler: Can't read a file : android.util.MalformedJsonException: Use JsonReader.setLenient(true) to accept malformed JSON at line 1 column 20
07-05 12:34:16.863   545   548 D dalvikvm: GC_CONCURRENT freed 413K, 12% free 10404K/11719K, paused 1ms+2ms
07-05 12:34:16.972   545 20847 I DownloadManager: Initiating request for download 2436
07-05 12:34:17.050   545   548 D dalvikvm: GC_CONCURRENT freed 309K, 11% free 10538K/11719K, paused 2ms+3ms
07-05 12:34:17.152   545   548 D dalvikvm: GC_CONCURRENT freed 285K, 9% free 10726K/11719K, paused 1ms+4ms
07-05 12:34:17.308   545   548 D dalvikvm: GC_CONCURRENT freed 722K, 11% free 10466K/11719K, paused 2ms+3ms
07-05 12:34:17.511   545   548 D dalvikvm: GC_CONCURRENT freed 450K, 12% free 10411K/11719K, paused 2ms+2ms
07-05 12:34:17.695   545   548 D dalvikvm: GC_CONCURRENT freed 413K, 12% free 10392K/11719K, paused 2ms+2ms
07-05 12:34:17.797   545 20850 I DownloadManager: Initiating request for download 2437
07-05 12:34:17.918   545   548 D dalvikvm: GC_CONCURRENT freed 199K, 10% free 10653K/11719K, paused 2ms+3ms
07-05 12:34:18.023   545   548 D dalvikvm: GC_CONCURRENT freed 413K, 9% free 10689K/11719K, paused 2ms+3ms
07-05 12:34:18.218  1370 20852 E DictionaryProvider:UpdateHandler: Can't read a file : android.util.MalformedJsonException: Use JsonReader.setLenient(true) to accept malformed JSON at line 1 column 20
07-05 12:34:18.269   545   548 D dalvikvm: GC_CONCURRENT freed 703K, 11% free 10434K/11719K, paused 2ms+2ms
07-05 12:34:18.461   545   548 D dalvikvm: GC_CONCURRENT freed 424K, 12% free 10406K/11719K, paused 1ms+2ms
07-05 12:34:18.558   545 20855 I DownloadManager: Initiating request for download 2437
07-05 12:34:18.640   545   548 D dalvikvm: GC_CONCURRENT freed 281K, 10% free 10570K/11719K, paused 2ms+3ms
07-05 12:34:18.730   545   548 D dalvikvm: GC_CONCURRENT freed 324K, 9% free 10762K/11719K, paused 2ms+3ms
07-05 12:34:18.918   545   548 D dalvikvm: GC_CONCURRENT freed 801K, 12% free 10428K/11719K, paused 2ms+2ms
07-05 12:34:19.117   545   548 D dalvikvm: GC_CONCURRENT freed 415K, 12% free 10420K/11719K, paused 2ms+2ms
07-05 12:34:19.300   545 20858 I DownloadManager: Initiating request for download 2438
07-05 12:34:19.312   545   548 D dalvikvm: GC_CONCURRENT freed 378K, 11% free 10442K/11719K, paused 2ms+3ms
07-05 12:34:19.437   545   548 D dalvikvm: GC_CONCURRENT freed 213K, 9% free 10690K/11719K, paused 2ms+3ms
07-05 12:34:19.554   545   548 D dalvikvm: GC_CONCURRENT freed 452K, 9% free 10694K/11719K, paused 1ms+2ms
07-05 12:34:19.699  1370 20860 E DictionaryProvider:UpdateHandler: Can't read a file : android.util.MalformedJsonException: Use JsonReader.setLenient(true) to accept malformed JSON at line 1 column 20
07-05 12:34:19.808   545   548 D dalvikvm: GC_CONCURRENT freed 709K, 12% free 10425K/11719K, paused 1ms+2ms
07-05 12:34:19.988   545   548 D dalvikvm: GC_CONCURRENT freed 418K, 12% free 10402K/11719K, paused 2ms+2ms
07-05 12:34:20.058   545 20863 I DownloadManager: Initiating request for download 2438
07-05 12:34:20.152   545   548 D dalvikvm: GC_CONCURRENT freed 240K, 10% free 10615K/11719K, paused 2ms+3ms
07-05 12:34:20.250   545   548 D dalvikvm: GC_CONCURRENT freed 324K, 8% free 10782K/11719K, paused 2ms+3ms
07-05 12:34:20.465   545   548 D dalvikvm: GC_CONCURRENT freed 827K, 12% free 10427K/11719K, paused 1ms+3ms
07-05 12:34:20.648   545   548 D dalvikvm: GC_CONCURRENT freed 413K, 12% free 10406K/11719K, paused 2ms+4ms
07-05 12:34:20.793   545 20866 I DownloadManager: Initiating request for download 2439
07-05 12:34:20.871   545   548 D dalvikvm: GC_CONCURRENT freed 300K, 11% free 10546K/11719K, paused 2ms+3ms
07-05 12:34:20.976   545   548 D dalvikvm: GC_CONCURRENT freed 274K, 9% free 10739K/11719K, paused 2ms+3ms
07-05 12:34:21.105   545   548 D dalvikvm: GC_CONCURRENT freed 721K, 11% free 10467K/11719K, paused 2ms+3ms
07-05 12:34:21.215  1370 20868 E DictionaryProvider:UpdateHandler: Can't read a file : android.util.MalformedJsonException: Use JsonReader.setLenient(true) to accept malformed JSON at line 1 column 20
07-05 12:34:21.242  1370  1372 D dalvikvm: GC_CONCURRENT freed 353K, 6% free 9162K/9735K, paused 1ms+2ms
07-05 12:34:21.363   545   548 D dalvikvm: GC_CONCURRENT freed 436K, 12% free 10427K/11719K, paused 1ms+2ms
07-05 12:34:21.543   545   548 D dalvikvm: GC_CONCURRENT freed 419K, 12% free 10402K/11719K, paused 1ms+2ms
07-05 12:34:21.605   545 20871 I DownloadManager: Initiating request for download 2439
07-05 12:34:21.715   545   548 D dalvikvm: GC_CONCURRENT freed 219K, 10% free 10642K/11719K, paused 2ms+3ms
07-05 12:34:21.812   545   548 D dalvikvm: GC_CONCURRENT freed 328K, 8% free 10791K/11719K, paused 1ms+4ms
07-05 12:34:22.035   545   548 D dalvikvm: GC_CONCURRENT freed 835K, 12% free 10428K/11719K, paused 1ms+2ms
07-05 12:34:22.218   545   548 D dalvikvm: GC_CONCURRENT freed 416K, 12% free 10407K/11719K, paused 2ms+2ms
07-05 12:34:22.340   545 20874 I DownloadManager: Initiating request for download 2440
07-05 12:34:22.433   545   548 D dalvikvm: GC_CONCURRENT freed 272K, 10% free 10592K/11719K, paused 2ms+3ms
07-05 12:34:22.531   545   548 D dalvikvm: GC_CONCURRENT freed 319K, 9% free 10757K/11719K, paused 2ms+6ms
07-05 12:34:22.703   545   548 D dalvikvm: GC_CONCURRENT freed 745K, 11% free 10470K/11719K, paused 2ms+2ms
07-05 12:34:22.758  1370 20876 E DictionaryProvider:UpdateHandler: Can't read a file : android.util.MalformedJsonException: Use JsonReader.setLenient(true) to accept malformed JSON at line 1 column 20
07-05 12:34:22.929   545   548 D dalvikvm: GC_CONCURRENT freed 429K, 12% free 10428K/11719K, paused 2ms+2ms
07-05 12:34:23.101   545   548 D dalvikvm: GC_CONCURRENT freed 412K, 12% free 10403K/11719K, paused 1ms+2ms
07-05 12:34:23.125   545 20879 I DownloadManager: Initiating request for download 2440
07-05 12:34:23.226   545   548 D dalvikvm: GC_CONCURRENT freed 187K, 9% free 10676K/11719K, paused 2ms+3ms
07-05 12:34:23.343   545   548 D dalvikvm: GC_CONCURRENT freed 434K, 9% free 10721K/11719K, paused 2ms+3ms
07-05 12:34:23.562   545   548 D dalvikvm: GC_CONCURRENT freed 743K, 12% free 10424K/11719K, paused 2ms+3ms
07-05 12:34:23.758   545   548 D dalvikvm: GC_CONCURRENT freed 412K, 12% free 10407K/11719K, paused 1ms+2ms
07-05 12:34:23.875   545 20882 I DownloadManager: Initiating request for download 2441
07-05 12:34:23.968   545   548 D dalvikvm: GC_CONCURRENT freed 253K, 10% free 10615K/11719K, paused 2ms+3ms
07-05 12:34:24.066   545   548 D dalvikvm: GC_CONCURRENT freed 306K, 8% free 10836K/11719K, paused 2ms+2ms
07-05 12:34:24.191   156   593 D dalvikvm: GC_EXPLICIT freed 479K, 13% free 14078K/16007K, paused 2ms+6ms
07-05 12:34:24.359  1370 20884 E DictionaryProvider:UpdateHandler: Can't read a file : android.util.MalformedJsonException: Use JsonReader.setLenient(true) to accept malformed JSON at line 1 column 20
07-05 12:34:24.383   545   548 D dalvikvm: GC_CONCURRENT freed 898K, 11% free 10454K/11719K, paused 2ms+3ms
07-05 12:34:24.586   545   548 D dalvikvm: GC_CONCURRENT freed 446K, 12% free 10403K/11719K, paused 2ms+3ms
07-05 12:34:24.687   545 20887 I DownloadManager: Initiating request for download 2441
07-05 12:34:24.769   545   548 D dalvikvm: GC_CONCURRENT freed 282K, 10% free 10574K/11719K, paused 1ms+3ms
07-05 12:34:24.875   545   548 D dalvikvm: GC_CONCURRENT freed 305K, 8% free 10833K/11719K, paused 2ms+3ms
07-05 12:34:25.090   545   548 D dalvikvm: GC_CONCURRENT freed 893K, 11% free 10432K/11719K, paused 2ms+3ms
07-05 12:34:25.269   545   548 D dalvikvm: GC_CONCURRENT freed 426K, 12% free 10401K/11719K, paused 2ms+2ms
07-05 12:34:25.429   545 20890 I DownloadManager: Initiating request for download 2442
07-05 12:34:25.515   545   548 D dalvikvm: GC_CONCURRENT freed 305K, 11% free 10540K/11719K, paused 2ms+3ms
07-05 12:34:25.613   545   548 D dalvikvm: GC_CONCURRENT freed 288K, 9% free 10728K/11719K, paused 2ms+3ms
07-05 12:34:25.754   545   548 D dalvikvm: GC_CONCURRENT freed 712K, 11% free 10460K/11719K, paused 1ms+2ms
07-05 12:34:25.855  1370 20892 E DictionaryProvider:UpdateHandler: Can't read a file : android.util.MalformedJsonException: Use JsonReader.setLenient(true) to accept malformed JSON at line 1 column 20
07-05 12:34:25.996   545   548 D dalvikvm: GC_CONCURRENT freed 435K, 12% free 10421K/11719K, paused 2ms+2ms
07-05 12:34:26.179   545   548 D dalvikvm: GC_CONCURRENT freed 418K, 12% free 10397K/11719K, paused 2ms+2ms
07-05 12:34:26.226   545 20895 I DownloadManager: Initiating request for download 2442
07-05 12:34:26.320   545   548 D dalvikvm: GC_CONCURRENT freed 221K, 10% free 10635K/11719K, paused 2ms+3ms
07-05 12:34:26.418   545   548 D dalvikvm: GC_CONCURRENT freed 295K, 8% free 10789K/11719K, paused 2ms+3ms
07-05 12:34:26.625   545   548 D dalvikvm: GC_CONCURRENT freed 840K, 12% free 10423K/11719K, paused 2ms+3ms
07-05 12:34:26.820   545   548 D dalvikvm: GC_CONCURRENT freed 411K, 12% free 10407K/11719K, paused 2ms+2ms
07-05 12:34:26.949   545 20898 I DownloadManager: Initiating request for download 2443
07-05 12:34:27.035   545   548 D dalvikvm: GC_CONCURRENT freed 293K, 10% free 10572K/11719K, paused 2ms+3ms
07-05 12:34:27.136   545   548 D dalvikvm: GC_CONCURRENT freed 307K, 9% free 10743K/11719K, paused 2ms+3ms
07-05 12:34:27.293   545   548 D dalvikvm: GC_CONCURRENT freed 741K, 11% free 10463K/11719K, paused 2ms+3ms
07-05 12:34:27.476   545   548 D dalvikvm: GC_CONCURRENT freed 441K, 12% free 10417K/11719K, paused 2ms+2ms
07-05 12:34:27.652   545   548 D dalvikvm: GC_CONCURRENT freed 413K, 12% free 10399K/11719K, paused 1ms+3ms
07-05 12:34:28.722  1370 20900 E DictionaryProvider:UpdateHandler: Can't read a file : android.util.MalformedJsonException: Use JsonReader.setLenient(true) to accept malformed JSON at line 1 column 20
07-05 12:34:28.886   545   548 D dalvikvm: GC_CONCURRENT freed 357K, 11% free 10433K/11719K, paused 2ms+2ms
07-05 12:34:29.070   545   548 D dalvikvm: GC_CONCURRENT freed 417K, 12% free 10406K/11719K, paused 2ms+2ms
07-05 12:34:29.304   545   548 D dalvikvm: GC_CONCURRENT freed 368K, 11% free 10433K/11719K, paused 2ms+3ms
07-05 12:34:29.496   545   548 D dalvikvm: GC_CONCURRENT freed 414K, 12% free 10415K/11719K, paused 2ms+2ms
07-05 12:34:29.679   545   548 D dalvikvm: GC_CONCURRENT freed 407K, 12% free 10403K/11719K, paused 1ms+2ms
07-05 12:34:29.804   545 20903 I DownloadManager: Initiating request for download 2444
07-05 12:34:29.890   545   548 D dalvikvm: GC_CONCURRENT freed 256K, 10% free 10596K/11719K, paused 2ms+3ms
07-05 12:34:29.996   545   548 D dalvikvm: GC_CONCURRENT freed 313K, 9% free 10771K/11719K, paused 1ms+4ms
07-05 12:34:30.187   545   548 D dalvikvm: GC_CONCURRENT freed 809K, 12% free 10430K/11719K, paused 2ms+2ms
07-05 12:34:30.246  1370 20905 E DictionaryProvider:UpdateHandler: Can't read a file : android.util.MalformedJsonException: Use JsonReader.setLenient(true) to accept malformed JSON at line 1 column 20
07-05 12:34:30.273  1370  1372 D dalvikvm: GC_CONCURRENT freed 499K, 7% free 9139K/9735K, paused 2ms+2ms
07-05 12:34:30.441   545   548 D dalvikvm: GC_CONCURRENT freed 405K, 12% free 10420K/11719K, paused 2ms+3ms
07-05 12:34:30.593   545 20908 I DownloadManager: Initiating request for download 2444
07-05 12:34:30.633   545   548 D dalvikvm: GC_CONCURRENT freed 394K, 11% free 10435K/11719K, paused 2ms+3ms
07-05 12:34:30.750   545   548 D dalvikvm: GC_CONCURRENT freed 207K, 9% free 10690K/11719K, paused 2ms+3ms
07-05 12:34:30.871   545   548 D dalvikvm: GC_CONCURRENT freed 446K, 9% free 10707K/11719K, paused 2ms+2ms
07-05 12:34:31.101   545   548 D dalvikvm: GC_CONCURRENT freed 731K, 12% free 10421K/11719K, paused 2ms+3ms
07-05 12:34:31.285   545   548 D dalvikvm: GC_CONCURRENT freed 413K, 12% free 10402K/11719K, paused 2ms+2ms
07-05 12:34:31.375   545 20911 I DownloadManager: Initiating request for download 2445
07-05 12:34:31.472   545   548 D dalvikvm: GC_CONCURRENT freed 234K, 10% free 10621K/11719K, paused 2ms+2ms
07-05 12:34:31.578   545   548 D dalvikvm: GC_CONCURRENT freed 328K, 8% free 10821K/11719K, paused 1ms+3ms
07-05 12:34:31.750  1370 20913 E DictionaryProvider:UpdateHandler: Can't read a file : android.util.MalformedJsonException: Use JsonReader.setLenient(true) to accept malformed JSON at line 1 column 20
07-05 12:34:31.836   545   548 D dalvikvm: GC_CONCURRENT freed 871K, 11% free 10443K/11719K, paused 2ms+2ms
07-05 12:34:32.004   545   548 D dalvikvm: GC_CONCURRENT freed 431K, 12% free 10408K/11719K, paused 1ms+2ms
07-05 12:34:32.101   545 20916 I DownloadManager: Initiating request for download 2445
07-05 12:34:32.187   545   548 D dalvikvm: GC_CONCURRENT freed 280K, 10% free 10586K/11719K, paused 2ms+3ms
07-05 12:34:32.285   545   548 D dalvikvm: GC_CONCURRENT freed 309K, 9% free 10760K/11719K, paused 2ms+3ms
07-05 12:34:32.398   482   482 D SAN_SERVICE: *******************************************
07-05 12:34:32.398   482   482 D SAN_SERVICE: DM App Phone Service State - 0
07-05 12:34:32.398   482   482 D SAN_SERVICE: *******************************************
07-05 12:34:32.488   545   548 D dalvikvm: GC_CONCURRENT freed 755K, 11% free 10468K/11719K, paused 2ms+2ms
07-05 12:34:32.679   545   548 D dalvikvm: GC_CONCURRENT freed 437K, 12% free 10426K/11719K, paused 2ms+3ms
07-05 12:34:33.234   545   548 D dalvikvm: GC_CONCURRENT freed 405K, 12% free 10406K/11719K, paused 13ms+2ms
07-05 12:34:33.258   545 20919 I DownloadManager: Initiating request for download 2446
07-05 12:34:33.363   545   548 D dalvikvm: GC_CONCURRENT freed 189K, 9% free 10678K/11719K, paused 1ms+3ms
07-05 12:34:33.488   545   548 D dalvikvm: GC_CONCURRENT freed 433K, 9% free 10701K/11719K, paused 1ms+2ms
07-05 12:34:33.652  1370 20921 E DictionaryProvider:UpdateHandler: Can't read a file : android.util.MalformedJsonException: Use JsonReader.setLenient(true) to accept malformed JSON at line 1 column 20
07-05 12:34:33.746   545   548 D dalvikvm: GC_CONCURRENT freed 707K, 11% free 10438K/11719K, paused 2ms+2ms
07-05 12:34:33.925   545   548 D dalvikvm: GC_CONCURRENT freed 414K, 12% free 10411K/11719K, paused 1ms+2ms
07-05 12:34:34.023   545 20924 I DownloadManager: Initiating request for download 2446
07-05 12:34:34.105   545   548 D dalvikvm: GC_CONCURRENT freed 272K, 10% free 10586K/11719K, paused 1ms+3ms
07-05 12:34:34.207   545   548 D dalvikvm: GC_CONCURRENT freed 308K, 9% free 10762K/11719K, paused 2ms+3ms
07-05 12:34:34.375   545   548 D dalvikvm: GC_CONCURRENT freed 757K, 11% free 10470K/11719K, paused 2ms+2ms
07-05 12:34:34.586   545   548 D dalvikvm: GC_CONCURRENT freed 442K, 12% free 10423K/11719K, paused 1ms+2ms
07-05 12:34:34.761   545   548 D dalvikvm: GC_CONCURRENT freed 404K, 12% free 10409K/11719K, paused 2ms+2ms
07-05 12:34:34.808   545 20927 I DownloadManager: Initiating request for download 2447
07-05 12:34:34.922   545   548 D dalvikvm: GC_CONCURRENT freed 189K, 9% free 10680K/11719K, paused 1ms+3ms
07-05 12:34:35.027   545   548 D dalvikvm: GC_CONCURRENT freed 431K, 9% free 10706K/11719K, paused 2ms+2ms
07-05 12:34:35.222   545   548 D dalvikvm: GC_CONCURRENT freed 689K, 11% free 10462K/11719K, paused 1ms+3ms
07-05 12:34:35.406   545   548 D dalvikvm: GC_CONCURRENT freed 411K, 11% free 10450K/11719K, paused 2ms+2ms
07-05 12:34:35.476  1370 20929 E DictionaryProvider:UpdateHandler: Can't read a file : android.util.MalformedJsonException: Use JsonReader.setLenient(true) to accept malformed JSON at line 1 column 20
07-05 12:34:35.562   545 20932 I DownloadManager: Initiating request for download 2447
07-05 12:34:35.644   545   548 D dalvikvm: GC_CONCURRENT freed 302K, 10% free 10606K/11719K, paused 2ms+3ms
07-05 12:34:35.738   545   548 D dalvikvm: GC_CONCURRENT freed 324K, 9% free 10775K/11719K, paused 3ms+3ms
07-05 12:34:35.914   545   548 D dalvikvm: GC_CONCURRENT freed 772K, 11% free 10473K/11719K, paused 2ms+2ms
07-05 12:34:36.117   545   548 D dalvikvm: GC_CONCURRENT freed 442K, 12% free 10426K/11719K, paused 2ms+2ms
07-05 12:34:36.332   545 20935 I DownloadManager: Initiating request for download 2448
07-05 12:34:36.347   545   548 D dalvikvm: GC_CONCURRENT freed 393K, 11% free 10451K/11719K, paused 2ms+4ms
07-05 12:34:36.472   545   548 D dalvikvm: GC_CONCURRENT freed 209K, 9% free 10702K/11719K, paused 2ms+2ms
07-05 12:34:36.597   545   548 D dalvikvm: GC_CONCURRENT freed 458K, 9% free 10710K/11719K, paused 2ms+2ms
07-05 12:34:36.734  1370 20937 E DictionaryProvider:UpdateHandler: Can't read a file : android.util.MalformedJsonException: Use JsonReader.setLenient(true) to accept malformed JSON at line 1 column 20
07-05 12:34:36.777  1370  1372 D dalvikvm: GC_CONCURRENT freed 399K, 7% free 9128K/9735K, paused 2ms+2ms
07-05 12:34:36.875   545   548 D dalvikvm: GC_CONCURRENT freed 710K, 11% free 10439K/11719K, paused 1ms+2ms
07-05 12:34:37.058   545   548 D dalvikvm: GC_CONCURRENT freed 417K, 12% free 10415K/11719K, paused 2ms+2ms
07-05 12:34:37.144   545 20940 I DownloadManager: Initiating request for download 2448
07-05 12:34:37.230   545   548 D dalvikvm: GC_CONCURRENT freed 254K, 10% free 10621K/11719K, paused 2ms+3ms
07-05 12:34:37.332   545   548 D dalvikvm: GC_CONCURRENT freed 319K, 8% free 10798K/11719K, paused 2ms+4ms
07-05 12:34:37.535   545   548 D dalvikvm: GC_CONCURRENT freed 801K, 11% free 10472K/11719K, paused 2ms+2ms
07-05 12:34:37.707   545   548 D dalvikvm: GC_CONCURRENT freed 408K, 11% free 10458K/11719K, paused 2ms+2ms
07-05 12:34:39.050   545 20942 I DownloadManager: Initiating request for download 2449
07-05 12:34:39.129   545   548 D dalvikvm: GC_CONCURRENT freed 366K, 10% free 10548K/11719K, paused 2ms+3ms
07-05 12:34:39.230   545   548 D dalvikvm: GC_CONCURRENT freed 269K, 9% free 10739K/11719K, paused 2ms+3ms
07-05 12:34:39.383   545   548 D dalvikvm: GC_CONCURRENT freed 706K, 11% free 10482K/11719K, paused 2ms+2ms
07-05 12:34:39.476  1370 20945 E DictionaryProvider:UpdateHandler: Can't read a file : android.util.MalformedJsonException: Use JsonReader.setLenient(true) to accept malformed JSON at line 1 column 20
07-05 12:34:39.621   545   548 D dalvikvm: GC_CONCURRENT freed 433K, 11% free 10441K/11719K, paused 2ms+3ms
07-05 12:34:39.808   545   548 D dalvikvm: GC_CONCURRENT freed 419K, 12% free 10417K/11719K, paused 1ms+2ms
07-05 12:34:39.875   545 20948 I DownloadManager: Initiating request for download 2449
07-05 12:34:39.953   156   628 D dalvikvm: GC_EXPLICIT freed 580K, 13% free 14083K/16007K, paused 3ms+6ms
07-05 12:34:40.023   545   548 D dalvikvm: GC_CONCURRENT freed 241K, 10% free 10634K/11719K, paused 2ms+3ms
07-05 12:34:40.129   545   548 D dalvikvm: GC_CONCURRENT freed 329K, 8% free 10796K/11719K, paused 2ms+3ms
07-05 12:34:40.332   545   548 D dalvikvm: GC_CONCURRENT freed 843K, 12% free 10429K/11719K, paused 2ms+3ms
07-05 12:34:40.527   545   548 D dalvikvm: GC_CONCURRENT freed 412K, 12% free 10412K/11719K, paused 2ms+2ms
07-05 12:34:40.746   545 20951 D dalvikvm: GC_EXPLICIT freed 308K, 11% free 10440K/11719K, paused 2ms+6ms
07-05 12:34:40.750   545 20951 I DownloadManager: Initiating request for download 2450
07-05 12:34:40.859   545   548 D dalvikvm: GC_CONCURRENT freed 188K, 9% free 10743K/11719K, paused 2ms+4ms
07-05 12:34:40.984   545   548 D dalvikvm: GC_CONCURRENT freed 508K, 9% free 10699K/11719K, paused 1ms+2ms
07-05 12:34:41.129  1370 20953 E DictionaryProvider:UpdateHandler: Can't read a file : android.util.MalformedJsonException: Use JsonReader.setLenient(true) to accept malformed JSON at line 1 column 20
07-05 12:34:41.203   465   467 D dalvikvm: GC_CONCURRENT freed 429K, 5% free 10528K/11079K, paused 4ms+3ms
07-05 12:34:41.269   545   548 D dalvikvm: GC_CONCURRENT freed 712K, 12% free 10429K/11719K, paused 2ms+2ms
07-05 12:34:41.449   545   548 D dalvikvm: GC_CONCURRENT freed 419K, 12% free 10405K/11719K, paused 1ms+3ms
07-05 12:34:41.523   545 20956 I DownloadManager: Initiating request for download 2450
07-05 12:34:41.613   545   548 D dalvikvm: GC_CONCURRENT freed 237K, 10% free 10620K/11719K, paused 2ms+3ms
07-05 12:34:41.711   545   548 D dalvikvm: GC_CONCURRENT freed 345K, 8% free 10800K/11719K, paused 2ms+4ms
07-05 12:34:41.933   545   548 D dalvikvm: GC_CONCURRENT freed 846K, 12% free 10430K/11719K, paused 2ms+2ms
07-05 12:34:42.008   482   482 D SAN_SERVICE: *******************************************
07-05 12:34:42.008   482   482 D SAN_SERVICE: DM App Phone Service State - 0
07-05 12:34:42.008   482   482 D SAN_SERVICE: *******************************************
07-05 12:34:42.023   482   486 D dalvikvm: GC_CONCURRENT freed 398K, 7% free 9487K/10119K, paused 2ms+2ms
07-05 12:34:42.179   545   548 D dalvikvm: GC_CONCURRENT freed 414K, 12% free 10411K/11719K, paused 2ms+2ms
07-05 12:34:42.320   545 20959 I DownloadManager: Initiating request for download 2451
07-05 12:34:42.394   545   548 D dalvikvm: GC_CONCURRENT freed 291K, 10% free 10575K/11719K, paused 3ms+2ms
07-05 12:34:42.496   545   548 D dalvikvm: GC_CONCURRENT freed 305K, 9% free 10751K/11719K, paused 1ms+3ms
07-05 12:34:42.660   545   548 D dalvikvm: GC_CONCURRENT freed 738K, 11% free 10470K/11719K, paused 2ms+3ms
07-05 12:34:42.734  1370 20961 E DictionaryProvider:UpdateHandler: Can't read a file : android.util.MalformedJsonException: Use JsonReader.setLenient(true) to accept malformed JSON at line 1 column 20
07-05 12:34:42.781   465 20962 D dalvikvm: GC_EXPLICIT freed 271K, 8% free 10261K/11079K, paused 2ms+3ms
07-05 12:34:42.918   545   548 D dalvikvm: GC_CONCURRENT freed 428K, 12% free 10429K/11719K, paused 2ms+3ms
07-05 12:34:43.117   545   548 D dalvikvm: GC_CONCURRENT freed 415K, 12% free 10405K/11719K, paused 1ms+2ms
07-05 12:34:43.160   545 20964 I DownloadManager: Initiating request for download 2451
07-05 12:34:43.261   545   548 D dalvikvm: GC_CONCURRENT freed 215K, 10% free 10648K/11719K, paused 2ms+3ms
07-05 12:34:43.363   545   548 D dalvikvm: GC_CONCURRENT freed 316K, 8% free 10803K/11719K, paused 2ms+3ms
07-05 12:34:43.590   545   548 D dalvikvm: GC_CONCURRENT freed 849K, 11% free 10431K/11719K, paused 2ms+3ms
07-05 12:34:43.777   545   548 D dalvikvm: GC_CONCURRENT freed 416K, 12% free 10422K/11719K, paused 1ms+2ms
07-05 12:34:43.898   545 20967 I DownloadManager: Initiating request for download 2452
07-05 12:34:43.992   545   548 D dalvikvm: GC_CONCURRENT freed 288K, 10% free 10591K/11719K, paused 1ms+3ms
07-05 12:34:44.093   545   548 D dalvikvm: GC_CONCURRENT freed 327K, 9% free 10746K/11719K, paused 2ms+3ms
07-05 12:34:44.238   545   548 D dalvikvm: GC_CONCURRENT freed 736K, 11% free 10471K/11719K, paused 2ms+2ms
07-05 12:34:44.336  1370 20969 E DictionaryProvider:UpdateHandler: Can't read a file : android.util.MalformedJsonException: Use JsonReader.setLenient(true) to accept malformed JSON at line 1 column 20
07-05 12:34:44.383  1370  1372 D dalvikvm: GC_CONCURRENT freed 387K, 7% free 9131K/9735K, paused 1ms+2ms
07-05 12:34:44.484   545   548 D dalvikvm: GC_CONCURRENT freed 430K, 11% free 10436K/11719K, paused 1ms+3ms
07-05 12:34:44.687   545   548 D dalvikvm: GC_CONCURRENT freed 420K, 12% free 10410K/11719K, paused 1ms+2ms
07-05 12:34:44.722   545 20971 I DownloadManager: Initiating request for download 2452
07-05 12:34:44.883   545   548 D dalvikvm: GC_CONCURRENT freed 198K, 9% free 10671K/11719K, paused 2ms+3ms
07-05 12:34:44.957   545   548 D dalvikvm: GC_CONCURRENT freed 405K, 9% free 10708K/11719K, paused 2ms+2ms
07-05 12:34:46.105   482   482 D SAN_SERVICE: *******************************************
07-05 12:34:46.105   482   482 D SAN_SERVICE: DM App Phone Service State - 0
07-05 12:34:46.105   482   482 D SAN_SERVICE: *******************************************
07-05 12:34:46.207   545   548 D dalvikvm: GC_CONCURRENT freed 723K, 11% free 10431K/11719K, paused 2ms+2ms
07-05 12:34:46.386   545   548 D dalvikvm: GC_CONCURRENT freed 412K, 12% free 10414K/11719K, paused 1ms+2ms
07-05 12:34:46.523   545 20975 I DownloadManager: Initiating request for download 2453
07-05 12:34:46.652   545   548 D dalvikvm: GC_CONCURRENT freed 345K, 11% free 10483K/11719K, paused 1ms+3ms
07-05 12:34:46.750   545   548 D dalvikvm: GC_CONCURRENT freed 252K, 9% free 10680K/11719K, paused 2ms+3ms
07-05 12:34:46.851   545   548 D dalvikvm: GC_CONCURRENT freed 421K, 9% free 10705K/11719K, paused 2ms+3ms
07-05 12:34:47.011  1370 20977 E DictionaryProvider:UpdateHandler: Can't read a file : android.util.MalformedJsonException: Use JsonReader.setLenient(true) to accept malformed JSON at line 1 column 20
07-05 12:34:47.101   545   548 D dalvikvm: GC_CONCURRENT freed 703K, 11% free 10448K/11719K, paused 2ms+2ms
07-05 12:34:47.289   545   548 D dalvikvm: GC_CONCURRENT freed 426K, 11% free 10431K/11719K, paused 2ms+2ms
07-05 12:34:47.343   545 20980 I DownloadManager: Initiating request for download 2453
07-05 12:34:47.484   545   548 D dalvikvm: GC_CONCURRENT freed 270K, 10% free 10627K/11719K, paused 2ms+3ms
07-05 12:34:47.582   545   548 D dalvikvm: GC_CONCURRENT freed 339K, 8% free 10786K/11719K, paused 1ms+3ms
07-05 12:34:47.773   545   548 D dalvikvm: GC_CONCURRENT freed 790K, 11% free 10472K/11719K, paused 1ms+3ms
07-05 12:34:47.972   545   548 D dalvikvm: GC_CONCURRENT freed 445K, 12% free 10422K/11719K, paused 2ms+2ms
07-05 12:34:48.109   545 20983 I DownloadManager: Initiating request for download 2454
07-05 12:34:48.199   545   548 D dalvikvm: GC_CONCURRENT freed 281K, 10% free 10598K/11719K, paused 2ms+3ms
07-05 12:34:48.293   545   548 D dalvikvm: GC_CONCURRENT freed 302K, 9% free 10772K/11719K, paused 2ms+3ms
07-05 12:34:48.461   545   548 D dalvikvm: GC_CONCURRENT freed 767K, 11% free 10479K/11719K, paused 2ms+2ms
07-05 12:34:48.531  1370 20985 E DictionaryProvider:UpdateHandler: Can't read a file : android.util.MalformedJsonException: Use JsonReader.setLenient(true) to accept malformed JSON at line 1 column 20
07-05 12:34:48.695   545   548 D dalvikvm: GC_CONCURRENT freed 429K, 11% free 10437K/11719K, paused 2ms+2ms
07-05 12:34:48.875   545   548 D dalvikvm: GC_CONCURRENT freed 411K, 12% free 10414K/11719K, paused 2ms+2ms
07-05 12:34:48.910   545 20988 I DownloadManager: Initiating request for download 2454
07-05 12:34:49.015   545   548 D dalvikvm: GC_CONCURRENT freed 195K, 9% free 10730K/11719K, paused 1ms+3ms
07-05 12:34:49.129   545   548 D dalvikvm: GC_CONCURRENT freed 483K, 9% free 10714K/11719K, paused 2ms+2ms
07-05 12:34:49.359   545   548 D dalvikvm: GC_CONCURRENT freed 725K, 11% free 10449K/11719K, paused 2ms+2ms
07-05 12:34:49.543   545   548 D dalvikvm: GC_CONCURRENT freed 426K, 12% free 10417K/11719K, paused 1ms+2ms
07-05 12:34:49.648   545 20991 I DownloadManager: Initiating request for download 2455
07-05 12:34:49.746   545   548 D dalvikvm: GC_CONCURRENT freed 259K, 10% free 10617K/11719K, paused 2ms+3ms
07-05 12:34:49.843   545   548 D dalvikvm: GC_CONCURRENT freed 322K, 9% free 10781K/11719K, paused 2ms+2ms
07-05 12:34:50.015   545   548 D dalvikvm: GC_CONCURRENT freed 772K, 11% free 10478K/11719K, paused 1ms+2ms
07-05 12:34:50.199   545   548 D dalvikvm: GC_CONCURRENT freed 440K, 11% free 10434K/11719K, paused 2ms+2ms
07-05 12:34:50.371   545   548 D dalvikvm: GC_CONCURRENT freed 383K, 11% free 10450K/11719K, paused 1ms+2ms
07-05 12:34:50.836  1370 20993 E DictionaryProvider:UpdateHandler: Can't read a file : android.util.MalformedJsonException: Use JsonReader.setLenient(true) to accept malformed JSON at line 1 column 20
07-05 12:34:51.008   545   548 D dalvikvm: GC_CONCURRENT freed 399K, 11% free 10446K/11719K, paused 2ms+2ms
07-05 12:34:51.191   545   548 D dalvikvm: GC_CONCURRENT freed 413K, 12% free 10428K/11719K, paused 2ms+2ms
07-05 12:34:51.593   545   548 D dalvikvm: GC_CONCURRENT freed 373K, 11% free 10451K/11719K, paused 1ms+2ms
07-05 12:34:51.785   545   548 D dalvikvm: GC_CONCURRENT freed 415K, 11% free 10431K/11719K, paused 2ms+2ms
07-05 12:34:51.965   545   548 D dalvikvm: GC_CONCURRENT freed 406K, 12% free 10420K/11719K, paused 2ms+2ms
07-05 12:34:52.074   545 20996 I DownloadManager: Initiating request for download 2456
07-05 12:34:52.179   545   548 D dalvikvm: GC_CONCURRENT freed 241K, 9% free 10691K/11719K, paused 2ms+3ms
07-05 12:34:52.289   545   548 D dalvikvm: GC_CONCURRENT freed 342K, 8% free 10830K/11719K, paused 2ms+3ms
07-05 12:34:52.492   545   548 D dalvikvm: GC_CONCURRENT freed 872K, 11% free 10445K/11719K, paused 2ms+2ms
07-05 12:34:52.543  1370 20998 E DictionaryProvider:UpdateHandler: Can't read a file : android.util.MalformedJsonException: Use JsonReader.setLenient(true) to accept malformed JSON at line 1 column 20
07-05 12:34:52.625  1370  1372 D dalvikvm: GC_CONCURRENT freed 416K, 7% free 9123K/9735K, paused 2ms+2ms
07-05 12:34:52.746   545   548 D dalvikvm: GC_CONCURRENT freed 402K, 11% free 10431K/11719K, paused 2ms+2ms
07-05 12:34:52.855   545 21001 I DownloadManager: Initiating request for download 2456
07-05 12:34:52.914   545   548 D dalvikvm: GC_CONCURRENT freed 307K, 10% free 10559K/11719K, paused 2ms+2ms
07-05 12:34:53.015   545   548 D dalvikvm: GC_CONCURRENT freed 257K, 9% free 10745K/11719K, paused 2ms+3ms
07-05 12:34:53.148   545   548 D dalvikvm: GC_CONCURRENT freed 711K, 11% free 10486K/11719K, paused 1ms+2ms
07-05 12:34:53.359   545   548 D dalvikvm: GC_CONCURRENT freed 442K, 11% free 10440K/11719K, paused 2ms+3ms
07-05 12:34:53.539   545   548 D dalvikvm: GC_CONCURRENT freed 414K, 12% free 10421K/11719K, paused 2ms+2ms
07-05 12:34:53.648   545 21004 I DownloadManager: Initiating request for download 2457
07-05 12:34:53.754   545   548 D dalvikvm: GC_CONCURRENT freed 235K, 9% free 10722K/11719K, paused 2ms+2ms
07-05 12:34:53.855   545   548 D dalvikvm: GC_CONCURRENT freed 383K, 8% free 10819K/11719K, paused 2ms+3ms
07-05 12:34:54.019  1370 21006 E DictionaryProvider:UpdateHandler: Can't read a file : android.util.MalformedJsonException: Use JsonReader.setLenient(true) to accept malformed JSON at line 1 column 20
07-05 12:34:54.105   545   548 D dalvikvm: GC_CONCURRENT freed 845K, 11% free 10455K/11719K, paused 1ms+4ms
07-05 12:34:54.285   545   548 D dalvikvm: GC_CONCURRENT freed 422K, 12% free 10428K/11719K, paused 2ms+2ms
07-05 12:34:54.390   545 21009 I DownloadManager: Initiating request for download 2457
07-05 12:34:54.476   545   548 D dalvikvm: GC_CONCURRENT freed 281K, 10% free 10604K/11719K, paused 2ms+3ms
07-05 12:34:54.578   545   548 D dalvikvm: GC_CONCURRENT freed 324K, 9% free 10767K/11719K, paused 2ms+3ms
07-05 12:34:54.746   545   548 D dalvikvm: GC_CONCURRENT freed 753K, 11% free 10488K/11719K, paused 1ms+2ms
07-05 12:34:54.953   545   548 D dalvikvm: GC_CONCURRENT freed 438K, 11% free 10446K/11719K, paused 2ms+2ms
07-05 12:34:55.125   545   548 D dalvikvm: GC_CONCURRENT freed 413K, 12% free 10420K/11719K, paused 1ms+3ms
07-05 12:34:55.254   156   568 D dalvikvm: GC_EXPLICIT freed 564K, 13% free 14081K/16007K, paused 3ms+6ms
07-05 12:34:55.258   545 21012 I DownloadManager: Initiating request for download 2458
07-05 12:34:55.355   545   548 D dalvikvm: GC_CONCURRENT freed 189K, 9% free 10689K/11719K, paused 2ms+3ms
07-05 12:34:55.457   545   548 D dalvikvm: GC_CONCURRENT freed 440K, 9% free 10710K/11719K, paused 2ms+3ms
07-05 12:34:55.629  1370 21014 E DictionaryProvider:UpdateHandler: Can't read a file : android.util.MalformedJsonException: Use JsonReader.setLenient(true) to accept malformed JSON at line 1 column 20
07-05 12:34:55.707   545   548 D dalvikvm: GC_CONCURRENT freed 702K, 11% free 10449K/11719K, paused 1ms+2ms
07-05 12:34:55.890   545   548 D dalvikvm: GC_CONCURRENT freed 427K, 12% free 10417K/11719K, paused 2ms+3ms
07-05 12:34:56.008   545 21017 I DownloadManager: Initiating request for download 2458
07-05 12:34:56.086   545   548 D dalvikvm: GC_CONCURRENT freed 305K, 10% free 10569K/11719K, paused 2ms+3ms
07-05 12:34:56.183   545   548 D dalvikvm: GC_CONCURRENT freed 318K, 9% free 10766K/11719K, paused 2ms+4ms
07-05 12:34:56.343   545   548 D dalvikvm: GC_CONCURRENT freed 760K, 11% free 10476K/11719K, paused 2ms+3ms
07-05 12:34:56.543   545   548 D dalvikvm: GC_CONCURRENT freed 444K, 12% free 10428K/11719K, paused 2ms+2ms
07-05 12:34:56.718   545   548 D dalvikvm: GC_CONCURRENT freed 406K, 12% free 10413K/11719K, paused 2ms+2ms
07-05 12:34:56.777   545 21020 I DownloadManager: Initiating request for download 2459
07-05 12:34:56.879   545   548 D dalvikvm: GC_CONCURRENT freed 196K, 9% free 10675K/11719K, paused 2ms+3ms
07-05 12:34:56.976   545   548 D dalvikvm: GC_CONCURRENT freed 406K, 9% free 10716K/11719K, paused 2ms+3ms
07-05 12:34:57.136  1370 21022 E DictionaryProvider:UpdateHandler: Can't read a file : android.util.MalformedJsonException: Use JsonReader.setLenient(true) to accept malformed JSON at line 1 column 20
07-05 12:34:57.215   545   548 D dalvikvm: GC_CONCURRENT freed 712K, 11% free 10447K/11719K, paused 2ms+3ms
07-05 12:34:57.383   545   548 D dalvikvm: GC_CONCURRENT freed 413K, 12% free 10422K/11719K, paused 2ms+2ms
07-05 12:34:57.504   545 21025 I DownloadManager: Initiating request for download 2459
07-05 12:34:57.558   545   548 D dalvikvm: GC_CONCURRENT freed 338K, 11% free 10486K/11719K, paused 2ms+3ms
07-05 12:34:57.660   545   548 D dalvikvm: GC_CONCURRENT freed 226K, 9% free 10720K/11719K, paused 2ms+3ms
07-05 12:34:57.781   545   548 D dalvikvm: GC_CONCURRENT freed 477K, 9% free 10714K/11719K, paused 2ms+2ms
07-05 12:34:57.980   545   548 D dalvikvm: GC_CONCURRENT freed 697K, 11% free 10465K/11719K, paused 2ms+2ms
07-05 12:34:58.172   545   548 D dalvikvm: GC_CONCURRENT freed 410K, 11% free 10453K/11719K, paused 2ms+3ms
07-05 12:34:58.316   545 21028 I DownloadManager: Initiating request for download 2460
07-05 12:34:58.418   545   548 D dalvikvm: GC_CONCURRENT freed 263K, 10% free 10649K/11719K, paused 2ms+3ms
07-05 12:34:58.519   545   548 D dalvikvm: GC_CONCURRENT freed 323K, 8% free 10817K/11719K, paused 1ms+4ms
07-05 12:34:58.726   545   548 D dalvikvm: GC_CONCURRENT freed 859K, 11% free 10441K/11719K, paused 2ms+2ms
07-05 12:34:58.777  1370 21030 E DictionaryProvider:UpdateHandler: Can't read a file : android.util.MalformedJsonException: Use JsonReader.setLenient(true) to accept malformed JSON at line 1 column 20
07-05 12:34:58.851  1370  1372 D dalvikvm: GC_CONCURRENT freed 385K, 7% free 9126K/9735K, paused 1ms+2ms
07-05 12:34:58.965   545   548 D dalvikvm: GC_CONCURRENT freed 401K, 11% free 10432K/11719K, paused 2ms+2ms
07-05 12:34:59.086   545 21033 I DownloadManager: Initiating request for download 2460
07-05 12:34:59.144   545   548 D dalvikvm: GC_CONCURRENT freed 341K, 11% free 10488K/11719K, paused 1ms+2ms
07-05 12:34:59.246   545   548 D dalvikvm: GC_CONCURRENT freed 225K, 9% free 10722K/11719K, paused 2ms+2ms
07-05 12:34:59.367   545   548 D dalvikvm: GC_CONCURRENT freed 477K, 9% free 10717K/11719K, paused 2ms+3ms
07-05 12:34:59.593   545   548 D dalvikvm: GC_CONCURRENT freed 730K, 11% free 10436K/11719K, paused 1ms+3ms
07-05 12:34:59.773   545   548 D dalvikvm: GC_CONCURRENT freed 412K, 12% free 10418K/11719K, paused 1ms+2ms
07-05 12:34:59.890   545 21036 I DownloadManager: Initiating request for download 2461
07-05 12:34:59.992   545   548 D dalvikvm: GC_CONCURRENT freed 231K, 10% free 10644K/11719K, paused 1ms+2ms
07-05 12:35:00.121   545   548 D dalvikvm: GC_CONCURRENT freed 326K, 8% free 10820K/11719K, paused 1ms+3ms
07-05 12:35:00.320   545   548 D dalvikvm: GC_CONCURRENT freed 857K, 11% free 10445K/11719K, paused 2ms+2ms
07-05 12:35:00.355  1370 21038 E DictionaryProvider:UpdateHandler: Can't read a file : android.util.MalformedJsonException: Use JsonReader.setLenient(true) to accept malformed JSON at line 1 column 20
07-05 12:35:00.543   545   548 D dalvikvm: GC_CONCURRENT freed 410K, 12% free 10430K/11719K, paused 2ms+2ms
07-05 12:35:00.664   545 21041 I DownloadManager: Initiating request for download 2461
07-05 12:35:00.715   545   548 D dalvikvm: GC_CONCURRENT freed 333K, 11% free 10492K/11719K, paused 2ms+2ms
07-05 12:35:00.820   545   548 D dalvikvm: GC_CONCURRENT freed 225K, 9% free 10726K/11719K, paused 2ms+3ms
07-05 12:35:00.941   545   548 D dalvikvm: GC_CONCURRENT freed 474K, 9% free 10721K/11719K, paused 2ms+2ms
07-05 12:35:01.168   545   548 D dalvikvm: GC_CONCURRENT freed 730K, 11% free 10439K/11719K, paused 1ms+3ms
07-05 12:35:01.355   545   548 D dalvikvm: GC_CONCURRENT freed 412K, 12% free 10421K/11719K, paused 2ms+2ms
07-05 12:35:01.445   545 21044 I DownloadManager: Initiating request for download 2462
07-05 12:35:01.535   545   548 D dalvikvm: GC_CONCURRENT freed 230K, 10% free 10644K/11719K, paused 2ms+3ms
07-05 12:35:01.636   545   548 D dalvikvm: GC_CONCURRENT freed 333K, 8% free 10813K/11719K, paused 2ms+3ms
07-05 12:35:01.847  1370 21046 E DictionaryProvider:UpdateHandler: Can't read a file : android.util.MalformedJsonException: Use JsonReader.setLenient(true) to accept malformed JSON at line 1 column 20
07-05 12:35:01.855   545   548 D dalvikvm: GC_CONCURRENT freed 846K, 11% free 10463K/11719K, paused 3ms+2ms
07-05 12:35:02.062   545   548 D dalvikvm: GC_CONCURRENT freed 425K, 11% free 10433K/11719K, paused 1ms+2ms
07-05 12:35:02.187   545 21049 I DownloadManager: Initiating request for download 2462
07-05 12:35:02.238   545   548 D dalvikvm: GC_CONCURRENT freed 330K, 11% free 10494K/11719K, paused 1ms+2ms
07-05 12:35:02.340   545   548 D dalvikvm: GC_CONCURRENT freed 225K, 9% free 10729K/11719K, paused 2ms+2ms
07-05 12:35:02.461   545   548 D dalvikvm: GC_CONCURRENT freed 473K, 9% free 10725K/11719K, paused 2ms+4ms
07-05 12:35:02.699   545   548 D dalvikvm: GC_CONCURRENT freed 726K, 11% free 10444K/11719K, paused 2ms+3ms
07-05 12:35:02.890   545   548 D dalvikvm: GC_CONCURRENT freed 409K, 12% free 10423K/11719K, paused 2ms+3ms
07-05 12:35:02.992   545 21052 I DownloadManager: Initiating request for download 2463
07-05 12:35:03.086   545   548 D dalvikvm: GC_CONCURRENT freed 242K, 10% free 10647K/11719K, paused 3ms+3ms
07-05 12:35:03.191   545   548 D dalvikvm: GC_CONCURRENT freed 313K, 8% free 10827K/11719K, paused 1ms+3ms
07-05 12:35:03.410   545   556 D dalvikvm: GC_EXPLICIT freed 848K, 11% free 10466K/11719K, paused 2ms+4ms
07-05 12:35:03.414  1370 21054 E DictionaryProvider:UpdateHandler: Can't read a file : android.util.MalformedJsonException: Use JsonReader.setLenient(true) to accept malformed JSON at line 1 column 20
07-05 12:35:03.609   545   548 D dalvikvm: GC_CONCURRENT freed 426K, 11% free 10435K/11719K, paused 1ms+3ms
07-05 12:35:03.742   545 21057 I DownloadManager: Initiating request for download 2463
07-05 12:35:03.793   545   548 D dalvikvm: GC_CONCURRENT freed 350K, 11% free 10497K/11719K, paused 1ms+2ms
07-05 12:35:03.894   545   548 D dalvikvm: GC_CONCURRENT freed 225K, 9% free 10732K/11719K, paused 2ms+2ms
07-05 12:35:04.019   545   548 D dalvikvm: GC_CONCURRENT freed 481K, 9% free 10727K/11719K, paused 2ms+3ms
07-05 12:35:04.250   545   548 D dalvikvm: GC_CONCURRENT freed 734K, 11% free 10445K/11719K, paused 2ms+3ms
07-05 12:35:04.429   545   548 D dalvikvm: GC_CONCURRENT freed 413K, 12% free 10427K/11719K, paused 2ms+2ms
07-05 12:35:04.515   545 21060 I DownloadManager: Initiating request for download 2464
07-05 12:35:04.617   545   548 D dalvikvm: GC_CONCURRENT freed 231K, 10% free 10654K/11719K, paused 1ms+3ms
07-05 12:35:04.722   545   548 D dalvikvm: GC_CONCURRENT freed 313K, 8% free 10820K/11719K, paused 2ms+2ms
07-05 12:35:04.906  1370 21062 E DictionaryProvider:UpdateHandler: Can't read a file : android.util.MalformedJsonException: Use JsonReader.setLenient(true) to accept malformed JSON at line 1 column 20
07-05 12:35:04.961   545   548 D dalvikvm: GC_CONCURRENT freed 848K, 11% free 10464K/11719K, paused 2ms+2ms
07-05 12:35:05.004  1370  1372 D dalvikvm: GC_CONCURRENT freed 388K, 7% free 9126K/9735K, paused 1ms+2ms
07-05 12:35:05.183   545   548 D dalvikvm: GC_CONCURRENT freed 415K, 11% free 10445K/11719K, paused 2ms+2ms
07-05 12:35:05.312   545 21065 I DownloadManager: Initiating request for download 2464
07-05 12:35:05.363   545   548 D dalvikvm: GC_CONCURRENT freed 355K, 11% free 10500K/11719K, paused 2ms+2ms
07-05 12:35:05.468   545   548 D dalvikvm: GC_CONCURRENT freed 224K, 9% free 10734K/11719K, paused 2ms+3ms
07-05 12:35:05.590   545   548 D dalvikvm: GC_CONCURRENT freed 480K, 9% free 10730K/11719K, paused 2ms+2ms
07-05 12:35:05.812   545   548 D dalvikvm: GC_CONCURRENT freed 736K, 11% free 10447K/11719K, paused 2ms+2ms
07-05 12:35:05.996   545   548 D dalvikvm: GC_CONCURRENT freed 415K, 12% free 10427K/11719K, paused 2ms+2ms
07-05 12:35:06.105   545 21068 I DownloadManager: Initiating request for download 2465
07-05 12:35:06.195   545   548 D dalvikvm: GC_CONCURRENT freed 231K, 10% free 10656K/11719K, paused 2ms+3ms
07-05 12:35:06.300   545   548 D dalvikvm: GC_CONCURRENT freed 334K, 8% free 10842K/11719K, paused 2ms+3ms
07-05 12:35:06.515   545   548 D dalvikvm: GC_CONCURRENT freed 877K, 11% free 10467K/11719K, paused 1ms+2ms
07-05 12:35:06.703   545   548 D dalvikvm: GC_CONCURRENT freed 425K, 11% free 10437K/11719K, paused 2ms+3ms
07-05 12:35:07.476   482   482 D SAN_SERVICE: *******************************************
07-05 12:35:07.476   482   482 D SAN_SERVICE: DM App Phone Service State - 0
07-05 12:35:07.476   482   482 D SAN_SERVICE: *******************************************
07-05 12:35:07.574  1370 21070 E DictionaryProvider:UpdateHandler: Can't read a file : android.util.MalformedJsonException: Use JsonReader.setLenient(true) to accept malformed JSON at line 1 column 20
07-05 12:35:07.656   545   548 D dalvikvm: GC_CONCURRENT freed 359K, 11% free 10473K/11719K, paused 1ms+2ms
07-05 12:35:07.836   545   548 D dalvikvm: GC_CONCURRENT freed 419K, 11% free 10450K/11719K, paused 1ms+2ms
07-05 12:35:08.019   545   548 D dalvikvm: GC_CONCURRENT freed 409K, 11% free 10436K/11719K, paused 2ms+2ms
07-05 12:35:08.465   545   548 D dalvikvm: GC_CONCURRENT freed 372K, 11% free 10460K/11719K, paused 2ms+2ms
07-05 12:35:08.672   545   548 D dalvikvm: GC_CONCURRENT freed 414K, 11% free 10441K/11719K, paused 1ms+2ms
07-05 12:35:08.859   545   548 D dalvikvm: GC_CONCURRENT freed 407K, 12% free 10428K/11719K, paused 2ms+2ms
07-05 12:35:08.937   545 21073 I DownloadManager: Initiating request for download 2466
07-05 12:35:09.054   545   548 D dalvikvm: GC_CONCURRENT freed 202K, 9% free 10687K/11719K, paused 1ms+3ms
07-05 12:35:09.156   545   548 D dalvikvm: GC_CONCURRENT freed 325K, 8% free 10837K/11719K, paused 2ms+3ms
07-05 12:35:09.383  1370 21075 E DictionaryProvider:UpdateHandler: Can't read a file : android.util.MalformedJsonException: Use JsonReader.setLenient(true) to accept malformed JSON at line 1 column 20
07-05 12:35:09.406   545   548 D dalvikvm: GC_CONCURRENT freed 868K, 11% free 10480K/11719K, paused 2ms+3ms
07-05 12:35:09.617   545   548 D dalvikvm: GC_CONCURRENT freed 433K, 11% free 10441K/11719K, paused 2ms+2ms
07-05 12:35:09.781   156   514 D dalvikvm: GC_EXPLICIT freed 632K, 13% free 14083K/16007K, paused 3ms+5ms
07-05 12:35:09.789   545 21078 I DownloadManager: Initiating request for download 2466
07-05 12:35:09.875   545   548 D dalvikvm: GC_CONCURRENT freed 283K, 10% free 10617K/11719K, paused 2ms+3ms
07-05 12:35:09.976   545   548 D dalvikvm: GC_CONCURRENT freed 330K, 9% free 10778K/11719K, paused 2ms+3ms
07-05 12:35:10.144   545   548 D dalvikvm: GC_CONCURRENT freed 767K, 11% free 10484K/11719K, paused 2ms+3ms
07-05 12:35:10.351   545   548 D dalvikvm: GC_CONCURRENT freed 444K, 11% free 10436K/11719K, paused 1ms+2ms
07-05 12:35:10.535   545   548 D dalvikvm: GC_CONCURRENT freed 416K, 12% free 10415K/11719K, paused 2ms+2ms
07-05 12:35:10.601   545 21081 I DownloadManager: Initiating request for download 2467
07-05 12:35:10.718   545   548 D dalvikvm: GC_CONCURRENT freed 190K, 9% free 10754K/11719K, paused 2ms+3ms
07-05 12:35:10.828   545   548 D dalvikvm: GC_CONCURRENT freed 504K, 9% free 10722K/11719K, paused 2ms+3ms
07-05 12:35:10.976  1370 21083 E DictionaryProvider:UpdateHandler: Can't read a file : android.util.MalformedJsonException: Use JsonReader.setLenient(true) to accept malformed JSON at line 1 column 20
07-05 12:35:11.086   545   548 D dalvikvm: GC_CONCURRENT freed 719K, 11% free 10457K/11719K, paused 2ms+2ms
07-05 12:35:11.258   545   548 D dalvikvm: GC_CONCURRENT freed 430K, 12% free 10422K/11719K, paused 1ms+2ms
07-05 12:35:11.343   545 21086 I DownloadManager: Initiating request for download 2467
07-05 12:35:11.429   545   548 D dalvikvm: GC_CONCURRENT freed 265K, 10% free 10616K/11719K, paused 2ms+3ms
07-05 12:35:11.531   545   548 D dalvikvm: GC_CONCURRENT freed 316K, 8% free 10793K/11719K, paused 2ms+3ms
07-05 12:35:11.699   545   548 D dalvikvm: GC_CONCURRENT freed 786K, 11% free 10482K/11719K, paused 2ms+2ms
07-05 12:35:11.894   545   548 D dalvikvm: GC_CONCURRENT freed 443K, 11% free 10434K/11719K, paused 2ms+2ms
07-05 12:35:12.093   545   548 D dalvikvm: GC_CONCURRENT freed 397K, 12% free 10421K/11719K, paused 2ms+3ms
07-05 12:35:12.109   545 21089 I DownloadManager: Initiating request for download 2468
07-05 12:35:12.222   545   548 D dalvikvm: GC_CONCURRENT freed 181K, 9% free 10693K/11719K, paused 1ms+3ms
07-05 12:35:12.332   545   548 D dalvikvm: GC_CONCURRENT freed 427K, 9% free 10728K/11719K, paused 2ms+2ms
07-05 12:35:12.519  1370 21091 E DictionaryProvider:UpdateHandler: Can't read a file : android.util.MalformedJsonException: Use JsonReader.setLenient(true) to accept malformed JSON at line 1 column 20
07-05 12:35:12.570   545   548 D dalvikvm: GC_CONCURRENT freed 728K, 11% free 10468K/11719K, paused 2ms+2ms
07-05 12:35:12.765   545   548 D dalvikvm: GC_CONCURRENT freed 423K, 11% free 10432K/11719K, paused 2ms+2ms
07-05 12:35:12.871   545 21094 I DownloadManager: Initiating request for download 2468
07-05 12:35:12.941   545   548 D dalvikvm: GC_CONCURRENT freed 297K, 10% free 10560K/11719K, paused 1ms+3ms
07-05 12:35:13.043   545   548 D dalvikvm: GC_CONCURRENT freed 288K, 9% free 10766K/11719K, paused 1ms+3ms
07-05 12:35:13.191   545   548 D dalvikvm: GC_CONCURRENT freed 733K, 11% free 10497K/11719K, paused 2ms+2ms
07-05 12:35:13.304  1370  1372 D dalvikvm: GC_CONCURRENT freed 385K, 7% free 9129K/9735K, paused 2ms+2ms
07-05 12:35:13.418   545   548 D dalvikvm: GC_CONCURRENT freed 450K, 11% free 10442K/11719K, paused 1ms+2ms
07-05 12:35:13.597   545   548 D dalvikvm: GC_CONCURRENT freed 414K, 12% free 10423K/11719K, paused 2ms+2ms
07-05 12:35:13.707   545 21097 I DownloadManager: Initiating request for download 2469
07-05 12:35:13.812   545   548 D dalvikvm: GC_CONCURRENT freed 217K, 10% free 10659K/11719K, paused 1ms+3ms
07-05 12:35:13.914   545   548 D dalvikvm: GC_CONCURRENT freed 317K, 8% free 10831K/11719K, paused 2ms+3ms
07-05 12:35:14.129  1370 21099 E DictionaryProvider:UpdateHandler: Can't read a file : android.util.MalformedJsonException: Use JsonReader.setLenient(true) to accept malformed JSON at line 1 column 20
07-05 12:35:14.160   545   548 D dalvikvm: GC_CONCURRENT freed 880K, 11% free 10460K/11719K, paused 2ms+3ms
07-05 12:35:14.355   545   548 D dalvikvm: GC_CONCURRENT freed 425K, 11% free 10431K/11719K, paused 2ms+2ms
07-05 12:35:14.476   545 21102 I DownloadManager: Initiating request for download 2469
07-05 12:35:14.566   545   548 D dalvikvm: GC_CONCURRENT freed 309K, 10% free 10580K/11719K, paused 1ms+3ms
07-05 12:35:14.668   545   548 D dalvikvm: GC_CONCURRENT freed 289K, 8% free 10820K/11719K, paused 2ms+3ms
07-05 12:35:14.836   545   548 D dalvikvm: GC_CONCURRENT freed 811K, 11% free 10491K/11719K, paused 2ms+2ms
07-05 12:35:15.039   545   548 D dalvikvm: GC_CONCURRENT freed 442K, 11% free 10442K/11719K, paused 1ms+2ms
07-05 12:35:15.218   545   548 D dalvikvm: GC_CONCURRENT freed 405K, 12% free 10424K/11719K, paused 1ms+2ms
07-05 12:35:15.289   545 21105 I DownloadManager: Initiating request for download 2470
07-05 12:35:15.398   545   548 D dalvikvm: GC_CONCURRENT freed 196K, 9% free 10688K/11719K, paused 2ms+3ms
07-05 12:35:15.484   545   548 D dalvikvm: GC_CONCURRENT freed 328K, 8% free 10836K/11719K, paused 1ms+3ms
07-05 12:35:15.668  1370 21107 E DictionaryProvider:UpdateHandler: Can't read a file : android.util.MalformedJsonException: Use JsonReader.setLenient(true) to accept malformed JSON at line 1 column 20
07-05 12:35:15.746   545   548 D dalvikvm: GC_CONCURRENT freed 857K, 11% free 10463K/11719K, paused 2ms+2ms
07-05 12:35:15.933   545   548 D dalvikvm: GC_CONCURRENT freed 422K, 11% free 10446K/11719K, paused 2ms+2ms
07-05 12:35:16.035   545 21110 I DownloadManager: Initiating request for download 2470
07-05 12:35:16.117   545   548 D dalvikvm: GC_CONCURRENT freed 296K, 10% free 10608K/11719K, paused 2ms+3ms
07-05 12:35:16.211   545   548 D dalvikvm: GC_CONCURRENT freed 301K, 8% free 10785K/11719K, paused 2ms+3ms
07-05 12:35:16.371   545   548 D dalvikvm: GC_CONCURRENT freed 766K, 11% free 10493K/11719K, paused 1ms+3ms
07-05 12:35:16.578   545   548 D dalvikvm: GC_CONCURRENT freed 442K, 11% free 10446K/11719K, paused 1ms+2ms
07-05 12:35:16.758   545   548 D dalvikvm: GC_CONCURRENT freed 405K, 12% free 10428K/11719K, paused 2ms+2ms
07-05 12:35:16.832   545 21113 I DownloadManager: Initiating request for download 2471
07-05 12:35:16.945   545   548 D dalvikvm: GC_CONCURRENT freed 198K, 9% free 10672K/11719K, paused 2ms+3ms
07-05 12:35:17.043   545   548 D dalvikvm: GC_CONCURRENT freed 311K, 8% free 10827K/11719K, paused 2ms+2ms
07-05 12:35:17.258  1370 21115 E DictionaryProvider:UpdateHandler: Can't read a file : android.util.MalformedJsonException: Use JsonReader.setLenient(true) to accept malformed JSON at line 1 column 20
07-05 12:35:17.273   545   548 D dalvikvm: GC_CONCURRENT freed 851K, 11% free 10471K/11719K, paused 2ms+3ms
07-05 12:35:17.351   465   467 D dalvikvm: GC_CONCURRENT freed 154K, 6% free 10502K/11079K, paused 1ms+3ms
07-05 12:35:17.492   545   548 D dalvikvm: GC_CONCURRENT freed 423K, 11% free 10443K/11719K, paused 1ms+2ms
07-05 12:35:17.613   545 21118 I DownloadManager: Initiating request for download 2471
07-05 12:35:17.672   545   548 D dalvikvm: GC_CONCURRENT freed 344K, 11% free 10504K/11719K, paused 1ms+2ms
07-05 12:35:17.773   545   548 D dalvikvm: GC_CONCURRENT freed 224K, 9% free 10739K/11719K, paused 2ms+3ms
07-05 12:35:17.894   545   548 D dalvikvm: GC_CONCURRENT freed 480K, 9% free 10738K/11719K, paused 2ms+3ms
07-05 12:35:18.133   545   548 D dalvikvm: GC_CONCURRENT freed 742K, 11% free 10451K/11719K, paused 2ms+2ms
07-05 12:35:18.304   545   548 D dalvikvm: GC_CONCURRENT freed 414K, 11% free 10432K/11719K, paused 2ms+2ms
07-05 12:35:18.398   545 21121 I DownloadManager: Initiating request for download 2472
07-05 12:35:18.500   545   548 D dalvikvm: GC_CONCURRENT freed 230K, 10% free 10656K/11719K, paused 1ms+3ms
07-05 12:35:18.597   545   548 D dalvikvm: GC_CONCURRENT freed 327K, 8% free 10835K/11719K, paused 1ms+3ms
07-05 12:35:18.785  1370 21123 E DictionaryProvider:UpdateHandler: Can't read a file : android.util.MalformedJsonException: Use JsonReader.setLenient(true) to accept malformed JSON at line 1 column 20
07-05 12:35:18.828   545   548 D dalvikvm: GC_CONCURRENT freed 853K, 11% free 10476K/11719K, paused 2ms+3ms
07-05 12:35:19.011   545   548 D dalvikvm: GC_CONCURRENT freed 419K, 11% free 10449K/11719K, paused 2ms+2ms
07-05 12:35:19.144   545 21125 I DownloadManager: Initiating request for download 2472
07-05 12:35:19.183   545   548 D dalvikvm: GC_CONCURRENT freed 353K, 11% free 10480K/11719K, paused 2ms+2ms
07-05 12:35:19.265   545   548 D dalvikvm: GC_CONCURRENT freed 189K, 9% free 10721K/11719K, paused 2ms+3ms
07-05 12:35:19.355   545   548 D dalvikvm: GC_CONCURRENT freed 423K, 9% free 10743K/11719K, paused 2ms+2ms
07-05 12:35:20.871  1370  1372 D dalvikvm: GC_CONCURRENT freed 387K, 7% free 9129K/9735K, paused 2ms+1ms
07-05 12:35:20.937   545   548 D dalvikvm: GC_CONCURRENT freed 740K, 11% free 10459K/11719K, paused 1ms+2ms
07-05 12:35:21.117   545   548 D dalvikvm: GC_CONCURRENT freed 415K, 11% free 10439K/11719K, paused 2ms+2ms
07-05 12:35:21.258   545 21129 I DownloadManager: Initiating request for download 2473
07-05 12:35:21.336   545   548 D dalvikvm: GC_CONCURRENT freed 268K, 10% free 10615K/11719K, paused 2ms+3ms
07-05 12:35:21.441   545   548 D dalvikvm: GC_CONCURRENT freed 316K, 8% free 10792K/11719K, paused 2ms+3ms
07-05 12:35:21.613   545   548 D dalvikvm: GC_CONCURRENT freed 771K, 11% free 10501K/11719K, paused 2ms+3ms
07-05 12:35:21.707  1370 21131 D dalvikvm: GC_EXPLICIT freed 76K, 7% free 9087K/9735K, paused 2ms+2ms
07-05 12:35:21.718  1370 21131 E DictionaryProvider:UpdateHandler: Can't read a file : android.util.MalformedJsonException: Use JsonReader.setLenient(true) to accept malformed JSON at line 1 column 20
07-05 12:35:21.859   545   548 D dalvikvm: GC_CONCURRENT freed 436K, 11% free 10460K/11719K, paused 2ms+2ms
07-05 12:35:22.043   545   548 D dalvikvm: GC_CONCURRENT freed 419K, 11% free 10436K/11719K, paused 1ms+4ms
07-05 12:35:22.101   545 21134 I DownloadManager: Initiating request for download 2473
07-05 12:35:22.191   545   548 D dalvikvm: GC_CONCURRENT freed 210K, 9% free 10686K/11719K, paused 2ms+3ms
07-05 12:35:22.293   545   548 D dalvikvm: GC_CONCURRENT freed 326K, 8% free 10847K/11719K, paused 2ms+3ms
07-05 12:35:22.519   545   548 D dalvikvm: GC_CONCURRENT freed 877K, 11% free 10461K/11719K, paused 2ms+3ms
07-05 12:35:22.707   545   548 D dalvikvm: GC_CONCURRENT freed 414K, 11% free 10442K/11719K, paused 1ms+3ms
07-05 12:35:22.847   545 21137 I DownloadManager: Initiating request for download 2474
07-05 12:35:22.925   545   548 D dalvikvm: GC_CONCURRENT freed 286K, 10% free 10604K/11719K, paused 2ms+2ms
07-05 12:35:23.023   545   548 D dalvikvm: GC_CONCURRENT freed 291K, 8% free 10784K/11719K, paused 2ms+3ms
07-05 12:35:23.168   545   548 D dalvikvm: GC_CONCURRENT freed 749K, 11% free 10507K/11719K, paused 2ms+2ms
07-05 12:35:23.246  1370 21139 E DictionaryProvider:UpdateHandler: Can't read a file : android.util.MalformedJsonException: Use JsonReader.setLenient(true) to accept malformed JSON at line 1 column 20
07-05 12:35:23.402   545   548 D dalvikvm: GC_CONCURRENT freed 438K, 11% free 10464K/11719K, paused 1ms+2ms
07-05 12:35:23.574   545   548 D dalvikvm: GC_CONCURRENT freed 419K, 11% free 10440K/11719K, paused 2ms+3ms
07-05 12:35:23.640   545 21142 I DownloadManager: Initiating request for download 2474
07-05 12:35:23.726   545   548 D dalvikvm: GC_CONCURRENT freed 228K, 9% free 10666K/11719K, paused 1ms+3ms
07-05 12:35:23.832   545   548 D dalvikvm: GC_CONCURRENT freed 332K, 8% free 10842K/11719K, paused 2ms+3ms
07-05 12:35:24.047   545   548 D dalvikvm: GC_CONCURRENT freed 867K, 11% free 10467K/11719K, paused 2ms+2ms
07-05 12:35:24.226   545   548 D dalvikvm: GC_CONCURRENT freed 415K, 11% free 10447K/11719K, paused 2ms+2ms
07-05 12:35:24.449   156   403 D dalvikvm: GC_EXPLICIT freed 513K, 13% free 14078K/16007K, paused 3ms+7ms
07-05 12:35:24.465   545 21145 I DownloadManager: Initiating request for download 2475
07-05 12:35:24.515   545   548 D dalvikvm: GC_CONCURRENT freed 326K, 11% free 10518K/11719K, paused 2ms+2ms
07-05 12:35:24.617   545   548 D dalvikvm: GC_CONCURRENT freed 241K, 9% free 10736K/11719K, paused 1ms+3ms
07-05 12:35:24.734   545   548 D dalvikvm: GC_CONCURRENT freed 476K, 9% free 10736K/11719K, paused 1ms+2ms
07-05 12:35:24.863  1370 21147 E DictionaryProvider:UpdateHandler: Can't read a file : android.util.MalformedJsonException: Use JsonReader.setLenient(true) to accept malformed JSON at line 1 column 20
07-05 12:35:24.992   545   548 D dalvikvm: GC_CONCURRENT freed 728K, 11% free 10455K/11719K, paused 2ms+2ms
07-05 12:35:25.175   545   548 D dalvikvm: GC_CONCURRENT freed 419K, 11% free 10435K/11719K, paused 2ms+2ms
07-05 12:35:25.261   545 21150 I DownloadManager: Initiating request for download 2475
07-05 12:35:25.347   545   548 D dalvikvm: GC_CONCURRENT freed 254K, 10% free 10640K/11719K, paused 2ms+2ms
07-05 12:35:25.453   545   548 D dalvikvm: GC_CONCURRENT freed 323K, 8% free 10817K/11719K, paused 2ms+2ms
07-05 12:35:25.644   545   548 D dalvikvm: GC_CONCURRENT freed 845K, 11% free 10470K/11719K, paused 2ms+3ms
07-05 12:35:25.851   545   548 D dalvikvm: GC_CONCURRENT freed 424K, 11% free 10441K/11719K, paused 2ms+2ms
07-05 12:35:26.058   545   548 D dalvikvm: GC_CONCURRENT freed 373K, 11% free 10465K/11719K, paused 2ms+3ms
07-05 12:35:26.074   545 21153 I DownloadManager: Initiating request for download 2476
07-05 12:35:26.183   545   548 D dalvikvm: GC_CONCURRENT freed 205K, 9% free 10720K/11719K, paused 2ms+3ms
07-05 12:35:26.297   545   548 D dalvikvm: GC_CONCURRENT freed 453K, 9% free 10737K/11719K, paused 2ms+2ms
07-05 12:35:26.449  1370 21155 E DictionaryProvider:UpdateHandler: Can't read a file : android.util.MalformedJsonException: Use JsonReader.setLenient(true) to accept malformed JSON at line 1 column 20
07-05 12:35:26.547   545   548 D dalvikvm: GC_CONCURRENT freed 728K, 11% free 10461K/11719K, paused 2ms+2ms
07-05 12:35:26.726   545   548 D dalvikvm: GC_CONCURRENT freed 422K, 11% free 10435K/11719K, paused 2ms+3ms
07-05 12:35:26.820   545 21158 I DownloadManager: Initiating request for download 2476
07-05 12:35:26.898   545   548 D dalvikvm: GC_CONCURRENT freed 266K, 10% free 10617K/11719K, paused 2ms+2ms
07-05 12:35:27.004   545   548 D dalvikvm: GC_CONCURRENT freed 294K, 8% free 10787K/11719K, paused 2ms+4ms
07-05 12:35:27.164   545   548 D dalvikvm: GC_CONCURRENT freed 763K, 11% free 10498K/11719K, paused 2ms+2ms
07-05 12:35:27.367   545   548 D dalvikvm: GC_CONCURRENT freed 443K, 11% free 10450K/11719K, paused 2ms+2ms
07-05 12:35:27.550   545   548 D dalvikvm: GC_CONCURRENT freed 414K, 11% free 10430K/11719K, paused 2ms+2ms
07-05 12:35:27.621   545 21161 I DownloadManager: Initiating request for download 2477
07-05 12:35:27.726   545   548 D dalvikvm: GC_CONCURRENT freed 210K, 9% free 10680K/11719K, paused 3ms+3ms
07-05 12:35:27.832   545   548 D dalvikvm: GC_CONCURRENT freed 316K, 8% free 10845K/11719K, paused 1ms+3ms
07-05 12:35:27.965   545 21161 D dalvikvm: GC_EXPLICIT freed 589K, 11% free 10535K/11719K, paused 2ms+4ms
07-05 12:35:28.097  1370 21163 E DictionaryProvider:UpdateHandler: Can't read a file : android.util.MalformedJsonException: Use JsonReader.setLenient(true) to accept malformed JSON at line 1 column 20
07-05 12:35:28.125  1370  1372 D dalvikvm: GC_CONCURRENT freed 342K, 6% free 9161K/9735K, paused 2ms+3ms
07-05 12:35:28.222   545   548 D dalvikvm: GC_CONCURRENT freed 472K, 11% free 10458K/11719K, paused 2ms+2ms
07-05 12:35:28.414   545   548 D dalvikvm: GC_CONCURRENT freed 419K, 11% free 10445K/11719K, paused 1ms+2ms
07-05 12:35:28.472   545 21166 I DownloadManager: Initiating request for download 2477
07-05 12:35:28.590   545   548 D dalvikvm: GC_CONCURRENT freed 242K, 9% free 10670K/11719K, paused 2ms+4ms
07-05 12:35:28.683   545   548 D dalvikvm: GC_CONCURRENT freed 342K, 8% free 10839K/11719K, paused 2ms+3ms
07-05 12:35:28.906   545   548 D dalvikvm: GC_CONCURRENT freed 865K, 11% free 10460K/11719K, paused 1ms+2ms
07-05 12:35:29.086   545   548 D dalvikvm: GC_CONCURRENT freed 409K, 11% free 10438K/11719K, paused 2ms+2ms
07-05 12:35:29.230   545 21169 I DownloadManager: Initiating request for download 2478
07-05 12:35:29.285   545   548 D dalvikvm: GC_CONCURRENT freed 316K, 11% free 10508K/11719K, paused 1ms+2ms
07-05 12:35:29.390   545   548 D dalvikvm: GC_CONCURRENT freed 224K, 9% free 10744K/11719K, paused 2ms+3ms
07-05 12:35:29.508   545   548 D dalvikvm: GC_CONCURRENT freed 462K, 9% free 10744K/11719K, paused 2ms+2ms
07-05 12:35:29.644  1370 21171 E DictionaryProvider:UpdateHandler: Can't read a file : android.util.MalformedJsonException: Use JsonReader.setLenient(true) to accept malformed JSON at line 1 column 20
07-05 12:35:29.750   545   548 D dalvikvm: GC_CONCURRENT freed 738K, 11% free 10463K/11719K, paused 2ms+2ms
07-05 12:35:29.933   545   548 D dalvikvm: GC_CONCURRENT freed 421K, 11% free 10437K/11719K, paused 2ms+2ms
07-05 12:35:30.027   545 21174 I DownloadManager: Initiating request for download 2478
07-05 12:35:30.105   545   548 D dalvikvm: GC_CONCURRENT freed 256K, 10% free 10641K/11719K, paused 2ms+3ms
07-05 12:35:30.207   545   548 D dalvikvm: GC_CONCURRENT freed 320K, 8% free 10823K/11719K, paused 2ms+2ms
07-05 12:35:30.379   545   548 D dalvikvm: GC_CONCURRENT freed 811K, 11% free 10497K/11719K, paused 1ms+2ms
07-05 12:35:30.550   545   548 D dalvikvm: GC_CONCURRENT freed 408K, 11% free 10483K/11719K, paused 2ms+2ms
07-05 12:35:31.547   545 21176 I DownloadManager: Initiating request for download 2479
07-05 12:35:31.621   545   548 D dalvikvm: GC_CONCURRENT freed 436K, 11% free 10509K/11719K, paused 1ms+3ms
07-05 12:35:31.746   545   548 D dalvikvm: GC_CONCURRENT freed 222K, 9% free 10746K/11719K, paused 1ms+3ms
07-05 12:35:31.875   545   548 D dalvikvm: GC_CONCURRENT freed 474K, 9% free 10749K/11719K, paused 2ms+2ms
07-05 12:35:32.015  1370 21179 E DictionaryProvider:UpdateHandler: Can't read a file : android.util.MalformedJsonException: Use JsonReader.setLenient(true) to accept malformed JSON at line 1 column 20
07-05 12:35:32.121   545   548 D dalvikvm: GC_CONCURRENT freed 744K, 11% free 10464K/11719K, paused 2ms+2ms
07-05 12:35:32.300   545   548 D dalvikvm: GC_CONCURRENT freed 412K, 11% free 10441K/11719K, paused 2ms+2ms
07-05 12:35:32.398   545 21182 I DownloadManager: Initiating request for download 2479
07-05 12:35:32.476   545   548 D dalvikvm: GC_CONCURRENT freed 259K, 10% free 10642K/11719K, paused 2ms+2ms
07-05 12:35:32.582   545   548 D dalvikvm: GC_CONCURRENT freed 321K, 8% free 10824K/11719K, paused 2ms+3ms
07-05 12:35:32.765   545   548 D dalvikvm: GC_CONCURRENT freed 808K, 11% free 10501K/11719K, paused 1ms+2ms
07-05 12:35:32.968   545   548 D dalvikvm: GC_CONCURRENT freed 434K, 11% free 10454K/11719K, paused 2ms+2ms
07-05 12:35:33.152   545   548 D dalvikvm: GC_CONCURRENT freed 401K, 11% free 10441K/11719K, paused 1ms+2ms
07-05 12:35:33.195   545 21185 I DownloadManager: Initiating request for download 2480
07-05 12:35:33.300   545   548 D dalvikvm: GC_CONCURRENT freed 164K, 9% free 10705K/11719K, paused 2ms+3ms
07-05 12:35:33.406   545   548 D dalvikvm: GC_CONCURRENT freed 417K, 9% free 10754K/11719K, paused 2ms+2ms
07-05 12:35:33.570  1370 21187 E DictionaryProvider:UpdateHandler: Can't read a file : android.util.MalformedJsonException: Use JsonReader.setLenient(true) to accept malformed JSON at line 1 column 20
07-05 12:35:33.648   545   548 D dalvikvm: GC_CONCURRENT freed 733K, 11% free 10478K/11719K, paused 2ms+2ms
07-05 12:35:33.828   545   548 D dalvikvm: GC_CONCURRENT freed 423K, 11% free 10450K/11719K, paused 2ms+2ms
07-05 12:35:33.957   545 21190 I DownloadManager: Initiating request for download 2480
07-05 12:35:34.000   545   548 D dalvikvm: GC_CONCURRENT freed 353K, 11% free 10517K/11719K, paused 2ms+3ms
07-05 12:35:34.105   545   548 D dalvikvm: GC_CONCURRENT freed 224K, 9% free 10752K/11719K, paused 2ms+2ms
07-05 12:35:34.234   545   548 D dalvikvm: GC_CONCURRENT freed 467K, 9% free 10755K/11719K, paused 2ms+3ms
07-05 12:35:34.468   545   548 D dalvikvm: GC_CONCURRENT freed 753K, 11% free 10462K/11719K, paused 2ms+2ms
07-05 12:35:34.656   545   548 D dalvikvm: GC_CONCURRENT freed 406K, 11% free 10454K/11719K, paused 1ms+2ms
07-05 12:35:34.750   545 21193 I DownloadManager: Initiating request for download 2481
07-05 12:35:34.859   545   548 D dalvikvm: GC_CONCURRENT freed 254K, 10% free 10660K/11719K, paused 2ms+3ms
07-05 12:35:34.957   545   548 D dalvikvm: GC_CONCURRENT freed 335K, 8% free 10832K/11719K, paused 2ms+3ms
07-05 12:35:35.144   545   548 D dalvikvm: GC_CONCURRENT freed 816K, 11% free 10504K/11719K, paused 2ms+2ms
07-05 12:35:35.211  1370 21195 E DictionaryProvider:UpdateHandler: Can't read a file : android.util.MalformedJsonException: Use JsonReader.setLenient(true) to accept malformed JSON at line 1 column 20
07-05 12:35:35.379   545   548 D dalvikvm: GC_CONCURRENT freed 436K, 11% free 10463K/11719K, paused 2ms+3ms
07-05 12:35:35.547   545 21198 I DownloadManager: Initiating request for download 2481
07-05 12:35:35.566   545   548 D dalvikvm: GC_CONCURRENT freed 402K, 11% free 10480K/11719K, paused 1ms+3ms
07-05 12:35:35.691   545   548 D dalvikvm: GC_CONCURRENT freed 204K, 9% free 10737K/11719K, paused 2ms+2ms
07-05 12:35:35.808   545   548 D dalvikvm: GC_CONCURRENT freed 460K, 9% free 10755K/11719K, paused 2ms+2ms
07-05 12:35:35.996   545   548 D dalvikvm: GC_CONCURRENT freed 717K, 11% free 10499K/11719K, paused 2ms+3ms
07-05 12:35:36.179   545   548 D dalvikvm: GC_CONCURRENT freed 408K, 11% free 10486K/11719K, paused 1ms+2ms
07-05 12:35:37.492   545 21200 I DownloadManager: Initiating request for download 2482
07-05 12:35:37.590   545   548 D dalvikvm: GC_CONCURRENT freed 266K, 10% free 10638K/11719K, paused 2ms+3ms
07-05 12:35:37.695   545   548 D dalvikvm: GC_CONCURRENT freed 316K, 8% free 10811K/11719K, paused 2ms+2ms
07-05 12:35:37.855   545   548 D dalvikvm: GC_CONCURRENT freed 783K, 11% free 10511K/11719K, paused 2ms+2ms
07-05 12:35:37.965  1370 21203 E DictionaryProvider:UpdateHandler: Can't read a file : android.util.MalformedJsonException: Use JsonReader.setLenient(true) to accept malformed JSON at line 1 column 20
07-05 12:35:38.000  1370  1372 D dalvikvm: GC_CONCURRENT freed 504K, 7% free 9141K/9735K, paused 2ms+7ms
07-05 12:35:38.117   545   548 D dalvikvm: GC_CONCURRENT freed 434K, 11% free 10472K/11719K, paused 2ms+3ms
07-05 12:35:38.300   545   548 D dalvikvm: GC_CONCURRENT freed 420K, 11% free 10447K/11719K, paused 2ms+2ms
07-05 12:35:38.347   545 21206 I DownloadManager: Initiating request for download 2482
07-05 12:35:38.441   545   548 D dalvikvm: GC_CONCURRENT freed 213K, 9% free 10691K/11719K, paused 2ms+3ms
07-05 12:35:38.547   545   548 D dalvikvm: GC_CONCURRENT freed 324K, 8% free 10863K/11719K, paused 1ms+2ms
07-05 12:35:38.758   545   548 D dalvikvm: GC_CONCURRENT freed 890K, 11% free 10471K/11719K, paused 2ms+2ms
07-05 12:35:38.945   545   548 D dalvikvm: GC_CONCURRENT freed 405K, 11% free 10462K/11719K, paused 1ms+2ms
07-05 12:35:39.074   545 21209 I DownloadManager: Initiating request for download 2483
07-05 12:35:39.152   545   548 D dalvikvm: GC_CONCURRENT freed 318K, 10% free 10579K/11719K, paused 2ms+2ms
07-05 12:35:39.250   545   548 D dalvikvm: GC_CONCURRENT freed 263K, 9% free 10782K/11719K, paused 2ms+3ms
07-05 12:35:39.375   545   548 D dalvikvm: GC_CONCURRENT freed 737K, 11% free 10518K/11719K, paused 2ms+2ms
07-05 12:35:39.582   156   530 D dalvikvm: GC_EXPLICIT freed 488K, 13% free 14078K/16007K, paused 2ms+5ms
07-05 12:35:39.590  1370 21211 E DictionaryProvider:UpdateHandler: Can't read a file : android.util.MalformedJsonException: Use JsonReader.setLenient(true) to accept malformed JSON at line 1 column 20
07-05 12:35:39.687   545   548 D dalvikvm: GC_CONCURRENT freed 430K, 11% free 10482K/11719K, paused 2ms+3ms
07-05 12:35:39.863   545   548 D dalvikvm: GC_CONCURRENT freed 441K, 11% free 10435K/11719K, paused 2ms+2ms
07-05 12:35:39.941   545 21214 I DownloadManager: Initiating request for download 2483
07-05 12:35:40.027   545   548 D dalvikvm: GC_CONCURRENT freed 255K, 9% free 10692K/11719K, paused 2ms+2ms
07-05 12:35:40.136   545   548 D dalvikvm: GC_CONCURRENT freed 355K, 8% free 10857K/11719K, paused 1ms+3ms
07-05 12:35:40.355   545   548 D dalvikvm: GC_CONCURRENT freed 891K, 11% free 10461K/11719K, paused 2ms+3ms
07-05 12:35:40.535   545   548 D dalvikvm: GC_CONCURRENT freed 414K, 11% free 10442K/11719K, paused 2ms+2ms
07-05 12:35:40.683   545 21217 I DownloadManager: Initiating request for download 2484
07-05 12:35:40.734   545   548 D dalvikvm: GC_CONCURRENT freed 340K, 11% free 10511K/11719K, paused 2ms+2ms
07-05 12:35:40.843   545   548 D dalvikvm: GC_CONCURRENT freed 224K, 9% free 10747K/11719K, paused 2ms+2ms
07-05 12:35:40.961   545   548 D dalvikvm: GC_CONCURRENT freed 465K, 9% free 10751K/11719K, paused 2ms+2ms
07-05 12:35:41.097  1370 21219 E DictionaryProvider:UpdateHandler: Can't read a file : android.util.MalformedJsonException: Use JsonReader.setLenient(true) to accept malformed JSON at line 1 column 20
07-05 12:35:41.215   545   548 D dalvikvm: GC_CONCURRENT freed 746K, 11% free 10465K/11719K, paused 1ms+2ms
07-05 12:35:41.398   545   548 D dalvikvm: GC_CONCURRENT freed 419K, 11% free 10440K/11719K, paused 2ms+2ms
07-05 12:35:41.484   545 21222 I DownloadManager: Initiating request for download 2484
07-05 12:35:41.562   545   548 D dalvikvm: GC_CONCURRENT freed 258K, 10% free 10641K/11719K, paused 2ms+3ms
07-05 12:35:41.668   545   548 D dalvikvm: GC_CONCURRENT freed 321K, 8% free 10824K/11719K, paused 2ms+3ms
07-05 12:35:41.851   545   548 D dalvikvm: GC_CONCURRENT freed 840K, 11% free 10469K/11719K, paused 2ms+3ms
07-05 12:35:42.054   545   548 D dalvikvm: GC_CONCURRENT freed 412K, 11% free 10453K/11719K, paused 2ms+2ms
07-05 12:35:42.226   545   548 D dalvikvm: GC_CONCURRENT freed 404K, 11% free 10437K/11719K, paused 2ms+2ms
07-05 12:35:42.273   545 21225 I DownloadManager: Initiating request for download 2485
07-05 12:35:42.383   545   548 D dalvikvm: GC_CONCURRENT freed 182K, 9% free 10714K/11719K, paused 2ms+2ms
07-05 12:35:42.496   545   548 D dalvikvm: GC_CONCURRENT freed 431K, 9% free 10753K/11719K, paused 1ms+3ms
07-05 12:35:42.660  1370 21227 E DictionaryProvider:UpdateHandler: Can't read a file : android.util.MalformedJsonException: Use JsonReader.setLenient(true) to accept malformed JSON at line 1 column 20
07-05 12:35:42.722   545   548 D dalvikvm: GC_CONCURRENT freed 740K, 11% free 10474K/11719K, paused 2ms+2ms
07-05 12:35:42.910   545   548 D dalvikvm: GC_CONCURRENT freed 417K, 11% free 10452K/11719K, paused 1ms+2ms
07-05 12:35:43.023   545 21229 I DownloadManager: Initiating request for download 2485
07-05 12:35:43.070   545   548 D dalvikvm: GC_CONCURRENT freed 323K, 11% free 10516K/11719K, paused 2ms+2ms
07-05 12:35:43.148   545   548 D dalvikvm: GC_CONCURRENT freed 224K, 9% free 10751K/11719K, paused 2ms+3ms
07-05 12:35:44.511   545   548 D dalvikvm: GC_CONCURRENT freed 695K, 11% free 10512K/11719K, paused 2ms+2ms
07-05 12:35:44.718   545   548 D dalvikvm: GC_CONCURRENT freed 436K, 11% free 10466K/11719K, paused 2ms+2ms
07-05 12:35:44.898   545   548 D dalvikvm: GC_CONCURRENT freed 408K, 11% free 10446K/11719K, paused 2ms+2ms
07-05 12:35:45.359   545 21233 I DownloadManager: Initiating request for download 2486
07-05 12:35:45.437   545   548 D dalvikvm: GC_CONCURRENT freed 300K, 10% free 10605K/11719K, paused 2ms+3ms
07-05 12:35:45.539   545   548 D dalvikvm: GC_CONCURRENT freed 295K, 8% free 10793K/11719K, paused 2ms+3ms
07-05 12:35:45.683   545   548 D dalvikvm: GC_CONCURRENT freed 758K, 11% free 10509K/11719K, paused 2ms+2ms
07-05 12:35:45.773  1370 21235 E DictionaryProvider:UpdateHandler: Can't read a file : android.util.MalformedJsonException: Use JsonReader.setLenient(true) to accept malformed JSON at line 1 column 20
07-05 12:35:45.816  1370  1372 D dalvikvm: GC_CONCURRENT freed 401K, 7% free 9127K/9735K, paused 2ms+3ms
07-05 12:35:45.941   545   548 D dalvikvm: GC_CONCURRENT freed 436K, 11% free 10469K/11719K, paused 2ms+3ms
07-05 12:35:46.129   545   548 D dalvikvm: GC_CONCURRENT freed 419K, 11% free 10445K/11719K, paused 2ms+3ms
07-05 12:35:46.195   545 21238 I DownloadManager: Initiating request for download 2486
07-05 12:35:46.277   545   548 D dalvikvm: GC_CONCURRENT freed 233K, 9% free 10666K/11719K, paused 2ms+3ms
07-05 12:35:46.375   545   548 D dalvikvm: GC_CONCURRENT freed 346K, 8% free 10867K/11719K, paused 2ms+3ms
07-05 12:35:46.597   545   548 D dalvikvm: GC_CONCURRENT freed 897K, 11% free 10469K/11719K, paused 1ms+2ms
07-05 12:35:46.777   545   548 D dalvikvm: GC_CONCURRENT freed 415K, 11% free 10449K/11719K, paused 2ms+2ms
07-05 12:35:46.929   545 21241 I DownloadManager: Initiating request for download 2487
07-05 12:35:46.992   545   548 D dalvikvm: GC_CONCURRENT freed 329K, 11% free 10520K/11719K, paused 2ms+3ms
07-05 12:35:47.093   545   548 D dalvikvm: GC_CONCURRENT freed 214K, 9% free 10750K/11719K, paused 2ms+3ms
07-05 12:35:47.207   545   548 D dalvikvm: GC_CONCURRENT freed 473K, 9% free 10760K/11719K, paused 2ms+2ms
07-05 12:35:47.343  1370 21243 E DictionaryProvider:UpdateHandler: Can't read a file : android.util.MalformedJsonException: Use JsonReader.setLenient(true) to accept malformed JSON at line 1 column 20
07-05 12:35:47.468   545   548 D dalvikvm: GC_CONCURRENT freed 749K, 11% free 10474K/11719K, paused 2ms+2ms
07-05 12:35:47.652   545   548 D dalvikvm: GC_CONCURRENT freed 422K, 11% free 10451K/11719K, paused 2ms+2ms
07-05 12:35:47.758   545 21246 I DownloadManager: Initiating request for download 2487
07-05 12:35:47.847   545   548 D dalvikvm: GC_CONCURRENT freed 260K, 9% free 10726K/11719K, paused 2ms+3ms
07-05 12:35:47.945   545   548 D dalvikvm: GC_CONCURRENT freed 381K, 8% free 10865K/11719K, paused 2ms+2ms
07-05 12:35:48.172   545   548 D dalvikvm: GC_CONCURRENT freed 890K, 11% free 10473K/11719K, paused 2ms+3ms
07-05 12:35:48.351   545   548 D dalvikvm: GC_CONCURRENT freed 414K, 11% free 10454K/11719K, paused 1ms+2ms
07-05 12:35:48.504   545 21249 I DownloadManager: Initiating request for download 2488
07-05 12:35:48.558   545   548 D dalvikvm: GC_CONCURRENT freed 333K, 11% free 10522K/11719K, paused 2ms+2ms
07-05 12:35:48.664   545   548 D dalvikvm: GC_CONCURRENT freed 223K, 9% free 10758K/11719K, paused 2ms+3ms
07-05 12:35:48.785   545   548 D dalvikvm: GC_CONCURRENT freed 482K, 9% free 10760K/11719K, paused 2ms+3ms
07-05 12:35:48.933  1370 21251 E DictionaryProvider:UpdateHandler: Can't read a file : android.util.MalformedJsonException: Use JsonReader.setLenient(true) to accept malformed JSON at line 1 column 20
07-05 12:35:49.023   545   548 D dalvikvm: GC_CONCURRENT freed 744K, 11% free 10479K/11719K, paused 2ms+2ms
07-05 12:35:49.211   545   548 D dalvikvm: GC_CONCURRENT freed 408K, 11% free 10459K/11719K, paused 2ms+3ms
07-05 12:35:49.300   545 21253 I DownloadManager: Initiating request for download 2488
07-05 12:35:49.379   545   548 D dalvikvm: GC_CONCURRENT freed 247K, 10% free 10649K/11719K, paused 2ms+3ms
07-05 12:35:49.468   545   548 D dalvikvm: GC_CONCURRENT freed 300K, 8% free 10823K/11719K, paused 2ms+3ms
07-05 12:35:50.203   545   548 D dalvikvm: GC_CONCURRENT freed 825K, 11% free 10482K/11719K, paused 1ms+2ms
07-05 12:35:50.398   545   548 D dalvikvm: GC_CONCURRENT freed 411K, 11% free 10467K/11719K, paused 2ms+2ms
07-05 12:35:50.586   545   548 D dalvikvm: GC_CONCURRENT freed 414K, 11% free 10447K/11719K, paused 2ms+3ms
07-05 12:35:50.656   545 21257 I DownloadManager: Initiating request for download 2489
07-05 12:35:50.769   545   548 D dalvikvm: GC_CONCURRENT freed 203K, 9% free 10704K/11719K, paused 2ms+3ms
07-05 12:35:50.879   545   548 D dalvikvm: GC_CONCURRENT freed 361K, 8% free 10867K/11719K, paused 2ms+3ms
07-05 12:35:51.050  1370 21259 E DictionaryProvider:UpdateHandler: Can't read a file : android.util.MalformedJsonException: Use JsonReader.setLenient(true) to accept malformed JSON at line 1 column 20
07-05 12:35:51.133   545   548 D dalvikvm: GC_CONCURRENT freed 884K, 11% free 10484K/11719K, paused 1ms+2ms
07-05 12:35:51.316   545   548 D dalvikvm: GC_CONCURRENT freed 422K, 11% free 10455K/11719K, paused 2ms+2ms
07-05 12:35:51.433   545 21262 I DownloadManager: Initiating request for download 2489
07-05 12:35:51.508   545   548 D dalvikvm: GC_CONCURRENT freed 298K, 10% free 10615K/11719K, paused 2ms+3ms
07-05 12:35:51.605   545   548 D dalvikvm: GC_CONCURRENT freed 297K, 8% free 10805K/11719K, paused 2ms+3ms
07-05 12:35:51.754   545   548 D dalvikvm: GC_CONCURRENT freed 761K, 11% free 10525K/11719K, paused 1ms+3ms
07-05 12:35:51.965   545   548 D dalvikvm: GC_CONCURRENT freed 449K, 11% free 10472K/11719K, paused 2ms+2ms
07-05 12:35:52.144   545   548 D dalvikvm: GC_CONCURRENT freed 415K, 11% free 10451K/11719K, paused 1ms+2ms
07-05 12:35:52.242   545 21265 I DownloadManager: Initiating request for download 2490
07-05 12:35:52.340   545   548 D dalvikvm: GC_CONCURRENT freed 224K, 9% free 10687K/11719K, paused 2ms+3ms
07-05 12:35:52.441   545   548 D dalvikvm: GC_CONCURRENT freed 331K, 8% free 10873K/11719K, paused 2ms+3ms
07-05 12:35:52.679   545  9639 D dalvikvm: GC_EXPLICIT freed 882K, 11% free 10494K/11719K, paused 2ms+4ms
07-05 12:35:52.683  1370 21267 E DictionaryProvider:UpdateHandler: Can't read a file : android.util.MalformedJsonException: Use JsonReader.setLenient(true) to accept malformed JSON at line 1 column 20
07-05 12:35:52.734  1370  1372 D dalvikvm: GC_CONCURRENT freed 385K, 7% free 9130K/9735K, paused 2ms+3ms
07-05 12:35:52.925   545   548 D dalvikvm: GC_CONCURRENT freed 418K, 11% free 10464K/11719K, paused 2ms+2ms
07-05 12:35:53.066   545 21270 I DownloadManager: Initiating request for download 2490
07-05 12:35:53.109   545   548 D dalvikvm: GC_CONCURRENT freed 359K, 11% free 10500K/11719K, paused 1ms+4ms
07-05 12:35:53.215   545   548 D dalvikvm: GC_CONCURRENT freed 200K, 9% free 10750K/11719K, paused 2ms+3ms
07-05 12:35:53.332   545   548 D dalvikvm: GC_CONCURRENT freed 445K, 9% free 10771K/11719K, paused 1ms+2ms
07-05 12:35:53.570   545   548 D dalvikvm: GC_CONCURRENT freed 761K, 11% free 10477K/11719K, paused 2ms+2ms
07-05 12:35:53.750   545   548 D dalvikvm: GC_CONCURRENT freed 413K, 11% free 10459K/11719K, paused 1ms+2ms
07-05 12:35:53.879   545 21273 I DownloadManager: Initiating request for download 2491
07-05 12:35:53.961   545   548 D dalvikvm: GC_CONCURRENT freed 261K, 10% free 10643K/11719K, paused 2ms+3ms
07-05 12:35:54.066   545   548 D dalvikvm: GC_CONCURRENT freed 319K, 8% free 10821K/11719K, paused 2ms+3ms
07-05 12:35:54.234   545   548 D dalvikvm: GC_CONCURRENT freed 788K, 11% free 10523K/11719K, paused 2ms+2ms
07-05 12:35:54.308  1370 21275 E DictionaryProvider:UpdateHandler: Can't read a file : android.util.MalformedJsonException: Use JsonReader.setLenient(true) to accept malformed JSON at line 1 column 20
07-05 12:35:54.461   545   548 D dalvikvm: GC_CONCURRENT freed 434K, 11% free 10494K/11719K, paused 1ms+3ms
07-05 12:35:54.648   545   548 D dalvikvm: GC_CONCURRENT freed 428K, 11% free 10461K/11719K, paused 1ms+2ms
07-05 12:35:54.691   545 21277 I DownloadManager: Initiating request for download 2491
07-05 12:35:54.769   545   548 D dalvikvm: GC_CONCURRENT freed 213K, 9% free 10708K/11719K, paused 1ms+2ms
07-05 12:35:54.836   545   548 D dalvikvm: GC_CONCURRENT freed 306K, 8% free 10879K/11719K, paused 2ms+2ms
07-05 12:35:55.183   156   168 D dalvikvm: GC_EXPLICIT freed 480K, 13% free 14078K/16007K, paused 2ms+6ms
07-05 12:35:55.437   545   548 D dalvikvm: GC_CONCURRENT freed 890K, 11% free 10490K/11719K, paused 2ms+2ms
07-05 12:35:55.625   545   548 D dalvikvm: GC_CONCURRENT freed 437K, 11% free 10460K/11719K, paused 2ms+2ms
07-05 12:35:55.773   545 21281 I DownloadManager: Initiating request for download 2492
07-05 12:35:55.828   545   548 D dalvikvm: GC_CONCURRENT freed 343K, 11% free 10520K/11719K, paused 2ms+2ms
07-05 12:35:55.929   545   548 D dalvikvm: GC_CONCURRENT freed 224K, 9% free 10756K/11719K, paused 2ms+2ms
07-05 12:35:56.047   545   548 D dalvikvm: GC_CONCURRENT freed 479K, 9% free 10760K/11719K, paused 2ms+3ms
07-05 12:35:56.222  1370 21283 E DictionaryProvider:UpdateHandler: Can't read a file : android.util.MalformedJsonException: Use JsonReader.setLenient(true) to accept malformed JSON at line 1 column 20
07-05 12:35:56.300   545   548 D dalvikvm: GC_CONCURRENT freed 745K, 11% free 10483K/11719K, paused 2ms+3ms
07-05 12:35:56.500   545   548 D dalvikvm: GC_CONCURRENT freed 432K, 11% free 10447K/11719K, paused 2ms+2ms
07-05 12:35:56.582   545 21286 I DownloadManager: Initiating request for download 2492
07-05 12:35:56.668   545   548 D dalvikvm: GC_CONCURRENT freed 254K, 10% free 10652K/11719K, paused 2ms+2ms
07-05 12:35:56.769   545   548 D dalvikvm: GC_CONCURRENT freed 312K, 8% free 10835K/11719K, paused 2ms+3ms
07-05 12:35:56.957   545   548 D dalvikvm: GC_CONCURRENT freed 808K, 11% free 10516K/11719K, paused 2ms+3ms
07-05 12:35:57.160   545   548 D dalvikvm: GC_CONCURRENT freed 450K, 11% free 10464K/11719K, paused 2ms+2ms
07-05 12:35:57.343   545   548 D dalvikvm: GC_CONCURRENT freed 412K, 11% free 10442K/11719K, paused 2ms+2ms
07-05 12:35:57.390   545 21289 I DownloadManager: Initiating request for download 2493
07-05 12:35:57.496   545   548 D dalvikvm: GC_CONCURRENT freed 184K, 9% free 10718K/11719K, paused 2ms+3ms
07-05 12:35:57.601   545   548 D dalvikvm: GC_CONCURRENT freed 421K, 9% free 10765K/11719K, paused 2ms+2ms
07-05 12:35:57.808  1370 21291 E DictionaryProvider:UpdateHandler: Can't read a file : android.util.MalformedJsonException: Use JsonReader.setLenient(true) to accept malformed JSON at line 1 column 20
07-05 12:35:57.836   545   548 D dalvikvm: GC_CONCURRENT freed 765K, 11% free 10494K/11719K, paused 3ms+3ms
07-05 12:35:58.031   545   548 D dalvikvm: GC_CONCURRENT freed 432K, 11% free 10457K/11719K, paused 2ms+3ms
07-05 12:35:58.168   545 21294 I DownloadManager: Initiating request for download 2493
07-05 12:35:58.218   545   548 D dalvikvm: GC_CONCURRENT freed 331K, 11% free 10522K/11719K, paused 1ms+2ms
07-05 12:35:58.320   545   548 D dalvikvm: GC_CONCURRENT freed 222K, 9% free 10759K/11719K, paused 2ms+3ms
07-05 12:35:58.441   545   548 D dalvikvm: GC_CONCURRENT freed 461K, 8% free 10784K/11719K, paused 1ms+3ms
07-05 12:35:58.675   545   548 D dalvikvm: GC_CONCURRENT freed 787K, 11% free 10468K/11719K, paused 2ms+3ms
07-05 12:35:58.847   545   548 D dalvikvm: GC_CONCURRENT freed 413K, 11% free 10449K/11719K, paused 2ms+3ms
07-05 12:35:58.945   545 21297 I DownloadManager: Initiating request for download 2494
07-05 12:35:59.039   545   548 D dalvikvm: GC_CONCURRENT freed 243K, 10% free 10662K/11719K, paused 2ms+2ms
07-05 12:35:59.144   545   548 D dalvikvm: GC_CONCURRENT freed 322K, 8% free 10853K/11719K, paused 2ms+2ms
07-05 12:35:59.340   545   548 D dalvikvm: GC_CONCURRENT freed 830K, 11% free 10523K/11719K, paused 2ms+3ms
07-05 12:35:59.394  1370 21299 E DictionaryProvider:UpdateHandler: Can't read a file : android.util.MalformedJsonException: Use JsonReader.setLenient(true) to accept malformed JSON at line 1 column 20
07-05 12:35:59.433  1370  1372 D dalvikvm: GC_CONCURRENT freed 390K, 7% free 9131K/9735K, paused 1ms+2ms
07-05 12:35:59.590   545   548 D dalvikvm: GC_CONCURRENT freed 448K, 11% free 10470K/11719K, paused 2ms+2ms
07-05 12:35:59.761   545   548 D dalvikvm: GC_CONCURRENT freed 416K, 11% free 10446K/11719K, paused 2ms+2ms
07-05 12:35:59.781   545 21302 I DownloadManager: Initiating request for download 2494
07-05 12:35:59.886   545   548 D dalvikvm: GC_CONCURRENT freed 179K, 9% free 10726K/11719K, paused 2ms+3ms
07-05 12:35:59.992   545   548 D dalvikvm: GC_CONCURRENT freed 431K, 9% free 10768K/11719K, paused 2ms+2ms
07-05 12:36:00.242   545   548 D dalvikvm: GC_CONCURRENT freed 757K, 11% free 10477K/11719K, paused 1ms+3ms
07-05 12:36:00.425   545   548 D dalvikvm: GC_CONCURRENT freed 415K, 11% free 10457K/11719K, paused 2ms+3ms
07-05 12:36:00.578   545 21305 I DownloadManager: Initiating request for download 2495
07-05 12:36:00.629   545   548 D dalvikvm: GC_CONCURRENT freed 320K, 11% free 10528K/11719K, paused 2ms+2ms
07-05 12:36:00.730   545   548 D dalvikvm: GC_CONCURRENT freed 224K, 9% free 10764K/11719K, paused 2ms+3ms
07-05 12:36:00.843   545   548 D dalvikvm: GC_CONCURRENT freed 481K, 9% free 10769K/11719K, paused 2ms+3ms
07-05 12:36:01.000  1370 21307 E DictionaryProvider:UpdateHandler: Can't read a file : android.util.MalformedJsonException: Use JsonReader.setLenient(true) to accept malformed JSON at line 1 column 20
07-05 12:36:01.054   465   467 D dalvikvm: GC_CONCURRENT freed 417K, 5% free 10527K/11079K, paused 2ms+2ms
07-05 12:36:01.140   545   548 D dalvikvm: GC_CONCURRENT freed 748K, 11% free 10481K/11719K, paused 2ms+3ms
07-05 12:36:01.320   545   548 D dalvikvm: GC_CONCURRENT freed 415K, 11% free 10457K/11719K, paused 1ms+2ms
07-05 12:36:01.406   545 21310 I DownloadManager: Initiating request for download 2495
07-05 12:36:01.492   545   548 D dalvikvm: GC_CONCURRENT freed 247K, 9% free 10720K/11719K, paused 1ms+2ms
07-05 12:36:01.605   545   548 D dalvikvm: GC_CONCURRENT freed 384K, 7% free 10905K/11719K, paused 2ms+4ms
07-05 12:36:01.824   545   548 D dalvikvm: GC_CONCURRENT freed 936K, 11% free 10481K/11719K, paused 2ms+3ms
07-05 12:36:02.035   545   548 D dalvikvm: GC_CONCURRENT freed 410K, 11% free 10466K/11719K, paused 2ms+3ms
07-05 12:36:02.211   545 21313 I DownloadManager: Initiating request for download 2496
07-05 12:36:02.261   545   548 D dalvikvm: GC_CONCURRENT freed 329K, 11% free 10531K/11719K, paused 2ms+2ms
07-05 12:36:02.367   545   548 D dalvikvm: GC_CONCURRENT freed 243K, 9% free 10780K/11719K, paused 1ms+3ms
07-05 12:36:02.394   993  1240 I PhoneLab-: Service Running
07-05 12:36:02.425   993  1240 I PhoneLab-LoggerService: app_49    1247  993   1956   1584  c00f181c 400107b4 S logcat
07-05 12:36:02.425   993  1240 I PhoneLab-LoggerService: Logcat pid from database 1247
07-05 12:36:02.425   993  1240 I PhoneLab-LoggerService: Logcat process found 1247
07-05 12:36:02.429   993  1240 I PhoneLab-LoggerService: Checking Threshold
07-05 12:36:02.429   993  1240 I PhoneLab-LoggerService: Starting to rename files
07-05 12:36:02.429   993  1240 I PhoneLab-LoggerService: Files found .. 20
07-05 12:36:02.527   545   548 D dalvikvm: GC_CONCURRENT freed 497K, 8% free 10786K/11719K, paused 2ms+2ms
07-05 12:36:02.687  1370 21316 E DictionaryProvider:UpdateHandler: Can't read a file : android.util.MalformedJsonException: Use JsonReader.setLenient(true) to accept malformed JSON at line 1 column 20
07-05 12:36:02.785   545   548 D dalvikvm: GC_CONCURRENT freed 772K, 11% free 10485K/11719K, paused 2ms+2ms
07-05 12:36:02.968   545   548 D dalvikvm: GC_CONCURRENT freed 416K, 11% free 10457K/11719K, paused 1ms+2ms
07-05 12:36:03.047   545 21319 I DownloadManager: Initiating request for download 2496
07-05 12:36:03.140   545   548 D dalvikvm: GC_CONCURRENT freed 239K, 9% free 10678K/11719K, paused 2ms+2ms
07-05 12:36:03.250   545   548 D dalvikvm: GC_CONCURRENT freed 324K, 8% free 10860K/11719K, paused 2ms+3ms
07-05 12:36:03.445   545   548 D dalvikvm: GC_CONCURRENT freed 874K, 11% free 10486K/11719K, paused 1ms+2ms
07-05 12:36:03.636   545   548 D dalvikvm: GC_CONCURRENT freed 411K, 11% free 10470K/11719K, paused 2ms+2ms
07-05 12:36:03.840   545   548 D dalvikvm: GC_CONCURRENT freed 395K, 11% free 10497K/11719K, paused 2ms+4ms
07-05 12:36:03.840   545 21322 I DownloadManager: Initiating request for download 2497
07-05 12:36:03.965   545   548 D dalvikvm: GC_CONCURRENT freed 204K, 9% free 10753K/11719K, paused 2ms+3ms
07-05 12:36:04.078   545   548 D dalvikvm: GC_CONCURRENT freed 459K, 9% free 10776K/11719K, paused 2ms+3ms
07-05 12:36:04.234  1370 21324 E DictionaryProvider:UpdateHandler: Can't read a file : android.util.MalformedJsonException: Use JsonReader.setLenient(true) to accept malformed JSON at line 1 column 20
07-05 12:36:04.320   545   548 D dalvikvm: GC_CONCURRENT freed 746K, 11% free 10491K/11719K, paused 2ms+2ms
07-05 12:36:04.500   545   548 D dalvikvm: GC_CONCURRENT freed 415K, 11% free 10464K/11719K, paused 2ms+2ms
07-05 12:36:04.617   545 21327 I DownloadManager: Initiating request for download 2497
07-05 12:36:04.695   545   548 D dalvikvm: GC_CONCURRENT freed 289K, 10% free 10633K/11719K, paused 2ms+3ms
07-05 12:36:04.797   545   548 D dalvikvm: GC_CONCURRENT freed 314K, 8% free 10819K/11719K, paused 2ms+3ms
07-05 12:36:04.949   545   548 D dalvikvm: GC_CONCURRENT freed 779K, 11% free 10527K/11719K, paused 2ms+3ms
07-05 12:36:05.156   545   548 D dalvikvm: GC_CONCURRENT freed 440K, 11% free 10479K/11719K, paused 2ms+2ms
07-05 12:36:05.340   545   548 D dalvikvm: GC_CONCURRENT freed 410K, 11% free 10459K/11719K, paused 1ms+2ms
07-05 12:36:05.433   545 21330 I DownloadManager: Initiating request for download 2498
07-05 12:36:05.531   545   548 D dalvikvm: GC_CONCURRENT freed 223K, 9% free 10696K/11719K, paused 2ms+2ms
07-05 12:36:05.633   545   548 D dalvikvm: GC_CONCURRENT freed 336K, 8% free 10880K/11719K, paused 2ms+3ms
07-05 12:36:05.843  1370 21332 E DictionaryProvider:UpdateHandler: Can't read a file : android.util.MalformedJsonException: Use JsonReader.setLenient(true) to accept malformed JSON at line 1 column 20
07-05 12:36:05.875  1370  1372 D dalvikvm: GC_CONCURRENT freed 391K, 7% free 9128K/9735K, paused 1ms+1ms
07-05 12:36:05.902   545   548 D dalvikvm: GC_CONCURRENT freed 908K, 11% free 10506K/11719K, paused 2ms+2ms
07-05 12:36:06.101   545   548 D dalvikvm: GC_CONCURRENT freed 432K, 11% free 10469K/11719K, paused 2ms+2ms
07-05 12:36:06.222   545 21335 I DownloadManager: Initiating request for download 2498
07-05 12:36:06.289   545   548 D dalvikvm: GC_CONCURRENT freed 338K, 10% free 10558K/11719K, paused 2ms+2ms
07-05 12:36:06.386   545   548 D dalvikvm: GC_CONCURRENT freed 235K, 8% free 10782K/11719K, paused 2ms+2ms
07-05 12:36:06.511   545   548 D dalvikvm: GC_CONCURRENT freed 494K, 9% free 10780K/11719K, paused 2ms+3ms
07-05 12:36:06.746   545   548 D dalvikvm: GC_CONCURRENT freed 768K, 11% free 10482K/11719K, paused 2ms+2ms
07-05 12:36:06.922   545   548 D dalvikvm: GC_CONCURRENT freed 413K, 11% free 10464K/11719K, paused 2ms+3ms
07-05 12:36:07.011   545 21338 I DownloadManager: Initiating request for download 2499
07-05 12:36:07.144   545   548 D dalvikvm: GC_CONCURRENT freed 222K, 9% free 10671K/11719K, paused 2ms+2ms
07-05 12:36:07.246   545   548 D dalvikvm: GC_CONCURRENT freed 347K, 8% free 10834K/11719K, paused 2ms+2ms
07-05 12:36:07.418   545   548 D dalvikvm: GC_CONCURRENT freed 791K, 11% free 10545K/11719K, paused 2ms+2ms
07-05 12:36:07.496  1370 21340 E DictionaryProvider:UpdateHandler: Can't read a file : android.util.MalformedJsonException: Use JsonReader.setLenient(true) to accept malformed JSON at line 1 column 20
07-05 12:36:07.652   545   548 D dalvikvm: GC_CONCURRENT freed 454K, 11% free 10487K/11719K, paused 2ms+2ms
07-05 12:36:07.836   545   548 D dalvikvm: GC_CONCURRENT freed 419K, 11% free 10463K/11719K, paused 2ms+2ms
07-05 12:36:07.867   545 21343 I DownloadManager: Initiating request for download 2499
07-05 12:36:07.996   545   548 D dalvikvm: GC_CONCURRENT freed 200K, 9% free 10736K/11719K, paused 2ms+3ms
07-05 12:36:08.097   545   548 D dalvikvm: GC_CONCURRENT freed 353K, 8% free 10892K/11719K, paused 1ms+2ms
07-05 12:36:08.304   545   548 D dalvikvm: GC_CONCURRENT freed 879K, 11% free 10520K/11719K, paused 2ms+2ms
07-05 12:36:08.496   545   548 D dalvikvm: GC_CONCURRENT freed 406K, 11% free 10506K/11719K, paused 2ms+3ms
07-05 12:36:08.656   545 21346 I DownloadManager: Initiating request for download 2500
07-05 12:36:08.738   156   168 D dalvikvm: GC_EXPLICIT freed 530K, 13% free 14082K/16007K, paused 3ms+8ms
07-05 12:36:08.808   545   548 D dalvikvm: GC_CONCURRENT freed 303K, 10% free 10660K/11719K, paused 1ms+3ms
07-05 12:36:08.910   545   548 D dalvikvm: GC_CONCURRENT freed 346K, 8% free 10822K/11719K, paused 2ms+3ms
07-05 12:36:09.074   545   548 D dalvikvm: GC_CONCURRENT freed 785K, 11% free 10518K/11719K, paused 2ms+2ms
07-05 12:36:09.144  1370 21348 E DictionaryProvider:UpdateHandler: Can't read a file : android.util.MalformedJsonException: Use JsonReader.setLenient(true) to accept malformed JSON at line 1 column 20
07-05 12:36:09.308   545   548 D dalvikvm: GC_CONCURRENT freed 438K, 11% free 10477K/11719K, paused 2ms+3ms
07-05 12:36:09.492   545   548 D dalvikvm: GC_CONCURRENT freed 420K, 11% free 10451K/11719K, paused 2ms+2ms
07-05 12:36:09.554   545 21351 I DownloadManager: Initiating request for download 2500
07-05 12:36:09.640   545   548 D dalvikvm: GC_CONCURRENT freed 221K, 9% free 10689K/11719K, paused 2ms+2ms
07-05 12:36:09.750   545   548 D dalvikvm: GC_CONCURRENT freed 330K, 8% free 10878K/11719K, paused 2ms+3ms
07-05 12:36:09.976   545   548 D dalvikvm: GC_CONCURRENT freed 905K, 11% free 10476K/11719K, paused 1ms+2ms
07-05 12:36:10.168   545   548 D dalvikvm: GC_CONCURRENT freed 413K, 11% free 10458K/11719K, paused 2ms+3ms
07-05 12:36:10.312   545 21354 I DownloadManager: Initiating request for download 2501
07-05 12:36:10.371   545   548 D dalvikvm: GC_CONCURRENT freed 342K, 11% free 10530K/11719K, paused 2ms+3ms
07-05 12:36:10.472   545   548 D dalvikvm: GC_CONCURRENT freed 221K, 9% free 10767K/11719K, paused 2ms+2ms
07-05 12:36:10.590   545   548 D dalvikvm: GC_CONCURRENT freed 480K, 9% free 10774K/11719K, paused 2ms+2ms
07-05 12:36:10.726  1370 21356 E DictionaryProvider:UpdateHandler: Can't read a file : android.util.MalformedJsonException: Use JsonReader.setLenient(true) to accept malformed JSON at line 1 column 20
07-05 12:36:10.828   545   548 D dalvikvm: GC_CONCURRENT freed 754K, 11% free 10487K/11719K, paused 1ms+2ms
07-05 12:36:11.023   545   548 D dalvikvm: GC_CONCURRENT freed 420K, 11% free 10461K/11719K, paused 2ms+2ms
07-05 12:36:11.113   545 21358 I DownloadManager: Initiating request for download 2501
07-05 12:36:11.183   545   548 D dalvikvm: GC_CONCURRENT freed 262K, 10% free 10657K/11719K, paused 2ms+2ms
07-05 12:36:11.265   545   548 D dalvikvm: GC_CONCURRENT freed 311K, 8% free 10839K/11719K, paused 1ms+4ms
07-05 12:36:12.652   545   548 D dalvikvm: GC_CONCURRENT freed 808K, 11% free 10520K/11719K, paused 1ms+4ms
07-05 12:36:12.863   545   548 D dalvikvm: GC_CONCURRENT freed 442K, 11% free 10473K/11719K, paused 2ms+2ms
07-05 12:36:13.054   545   548 D dalvikvm: GC_CONCURRENT freed 407K, 11% free 10454K/11719K, paused 1ms+2ms
07-05 12:36:13.156   545 21362 I DownloadManager: Initiating request for download 2502
07-05 12:36:13.261   545   548 D dalvikvm: GC_CONCURRENT freed 197K, 9% free 10701K/11719K, paused 2ms+2ms
07-05 12:36:13.363   545   548 D dalvikvm: GC_CONCURRENT freed 316K, 8% free 10870K/11719K, paused 2ms+2ms
07-05 12:36:13.582   545   548 D dalvikvm: GC_CONCURRENT freed 886K, 11% free 10486K/11719K, paused 2ms+3ms
07-05 12:36:13.621  1370 21364 E DictionaryProvider:UpdateHandler: Can't read a file : android.util.MalformedJsonException: Use JsonReader.setLenient(true) to accept malformed JSON at line 1 column 20
07-05 12:36:13.656  1370  1372 D dalvikvm: GC_CONCURRENT freed 387K, 7% free 9129K/9735K, paused 1ms+2ms
07-05 12:36:13.832   545   548 D dalvikvm: GC_CONCURRENT freed 406K, 11% free 10475K/11719K, paused 2ms+3ms
07-05 12:36:14.000   545 21367 I DownloadManager: Initiating request for download 2502
07-05 12:36:14.008   545   548 D dalvikvm: GC_CONCURRENT freed 398K, 11% free 10494K/11719K, paused 2ms+3ms
07-05 12:36:14.133   545   548 D dalvikvm: GC_CONCURRENT freed 201K, 9% free 10753K/11719K, paused 2ms+3ms
07-05 12:36:14.238   545   548 D dalvikvm: GC_CONCURRENT freed 457K, 9% free 10778K/11719K, paused 2ms+2ms
07-05 12:36:14.461   545   548 D dalvikvm: GC_CONCURRENT freed 767K, 11% free 10480K/11719K, paused 2ms+2ms
07-05 12:36:14.652   545   548 D dalvikvm: GC_CONCURRENT freed 414K, 11% free 10461K/11719K, paused 2ms+2ms
07-05 12:36:14.781   545 21370 I DownloadManager: Initiating request for download 2503
07-05 12:36:14.871   545   548 D dalvikvm: GC_CONCURRENT freed 273K, 9% free 10725K/11719K, paused 2ms+2ms
07-05 12:36:14.976   545   548 D dalvikvm: GC_CONCURRENT freed 389K, 8% free 10865K/11719K, paused 2ms+7ms
07-05 12:36:15.160   545   548 D dalvikvm: GC_CONCURRENT freed 844K, 11% free 10523K/11719K, paused 2ms+2ms
07-05 12:36:15.218  1370 21372 E DictionaryProvider:UpdateHandler: Can't read a file : android.util.MalformedJsonException: Use JsonReader.setLenient(true) to accept malformed JSON at line 1 column 20
07-05 12:36:15.390   545   548 D dalvikvm: GC_CONCURRENT freed 437K, 11% free 10479K/11719K, paused 2ms+2ms
07-05 12:36:15.562   545   548 D dalvikvm: GC_CONCURRENT freed 408K, 11% free 10456K/11719K, paused 1ms+2ms
07-05 12:36:15.582   545 21375 I DownloadManager: Initiating request for download 2503
07-05 12:36:15.679   545   548 D dalvikvm: GC_CONCURRENT freed 178K, 9% free 10738K/11719K, paused 2ms+3ms
07-05 12:36:15.793   545   548 D dalvikvm: GC_CONCURRENT freed 432K, 8% free 10804K/11719K, paused 2ms+3ms
07-05 12:36:16.023   545   548 D dalvikvm: GC_CONCURRENT freed 798K, 11% free 10494K/11719K, paused 2ms+3ms
07-05 12:36:16.211   545   548 D dalvikvm: GC_CONCURRENT freed 423K, 11% free 10466K/11719K, paused 2ms+2ms
07-05 12:36:16.347   545 21378 I DownloadManager: Initiating request for download 2504
07-05 12:36:16.410   545 20717 D dalvikvm: GC_EXPLICIT freed 304K, 10% free 10653K/11719K, paused 2ms+6ms
07-05 12:36:16.519   545   548 D dalvikvm: GC_CONCURRENT freed 319K, 8% free 10837K/11719K, paused 2ms+3ms
07-05 12:36:16.707   545   548 D dalvikvm: GC_CONCURRENT freed 798K, 11% free 10529K/11719K, paused 1ms+3ms
07-05 12:36:16.761  1370 21380 E DictionaryProvider:UpdateHandler: Can't read a file : android.util.MalformedJsonException: Use JsonReader.setLenient(true) to accept malformed JSON at line 1 column 20
07-05 12:36:16.941   545   548 D dalvikvm: GC_CONCURRENT freed 437K, 11% free 10487K/11719K, paused 1ms+2ms
07-05 12:36:17.117   545   548 D dalvikvm: GC_CONCURRENT freed 419K, 11% free 10463K/11719K, paused 2ms+2ms
07-05 12:36:17.172   545 21383 I DownloadManager: Initiating request for download 2504
07-05 12:36:17.261   545   548 D dalvikvm: GC_CONCURRENT freed 221K, 9% free 10700K/11719K, paused 2ms+3ms
07-05 12:36:17.371   545   548 D dalvikvm: GC_CONCURRENT freed 315K, 8% free 10880K/11719K, paused 1ms+3ms
07-05 12:36:17.590   545   548 D dalvikvm: GC_CONCURRENT freed 891K, 11% free 10492K/11719K, paused 2ms+3ms
07-05 12:36:17.769   545   548 D dalvikvm: GC_CONCURRENT freed 416K, 11% free 10470K/11719K, paused 2ms+3ms
07-05 12:36:17.968   545   548 D dalvikvm: GC_CONCURRENT freed 382K, 11% free 10503K/11719K, paused 2ms+4ms
07-05 12:36:17.968   545 21386 I DownloadManager: Initiating request for download 2505
07-05 12:36:18.093   545   548 D dalvikvm: GC_CONCURRENT freed 201K, 9% free 10761K/11719K, paused 2ms+2ms
07-05 12:36:18.207   545   548 D dalvikvm: GC_CONCURRENT freed 458K, 8% free 10788K/11719K, paused 2ms+2ms
07-05 12:36:18.383  1370 21388 E DictionaryProvider:UpdateHandler: Can't read a file : android.util.MalformedJsonException: Use JsonReader.setLenient(true) to accept malformed JSON at line 1 column 20
07-05 12:36:18.453   545   548 D dalvikvm: GC_CONCURRENT freed 758K, 11% free 10505K/11719K, paused 2ms+3ms
07-05 12:36:18.633   545   548 D dalvikvm: GC_CONCURRENT freed 429K, 11% free 10471K/11719K, paused 2ms+2ms
07-05 12:36:18.738   545 21391 I DownloadManager: Initiating request for download 2505
07-05 12:36:18.804   545   548 D dalvikvm: GC_CONCURRENT freed 286K, 10% free 10644K/11719K, paused 2ms+3ms
07-05 12:36:18.906   545   548 D dalvikvm: GC_CONCURRENT freed 305K, 8% free 10828K/11719K, paused 2ms+3ms
07-05 12:36:19.062   545   548 D dalvikvm: GC_CONCURRENT freed 779K, 11% free 10541K/11719K, paused 1ms+3ms
07-05 12:36:19.269   545   548 D dalvikvm: GC_CONCURRENT freed 446K, 11% free 10486K/11719K, paused 2ms+3ms
07-05 12:36:19.449   545   548 D dalvikvm: GC_CONCURRENT freed 407K, 11% free 10467K/11719K, paused 2ms+2ms
07-05 12:36:19.543   545 21394 I DownloadManager: Initiating request for download 2506
07-05 12:36:19.636   545   548 D dalvikvm: GC_CONCURRENT freed 248K, 9% free 10705K/11719K, paused 2ms+3ms
07-05 12:36:19.750   545   548 D dalvikvm: GC_CONCURRENT freed 342K, 7% free 10911K/11719K, paused 2ms+3ms
07-05 12:36:19.925  1370 21396 E DictionaryProvider:UpdateHandler: Can't read a file : android.util.MalformedJsonException: Use JsonReader.setLenient(true) to accept malformed JSON at line 1 column 20
07-05 12:36:19.957  1370  1372 D dalvikvm: GC_CONCURRENT freed 387K, 7% free 9130K/9735K, paused 2ms+2ms
07-05 12:36:20.031   545   548 D dalvikvm: GC_CONCURRENT freed 915K, 11% free 10503K/11719K, paused 2ms+3ms
07-05 12:36:20.211   545   548 D dalvikvm: GC_CONCURRENT freed 422K, 11% free 10476K/11719K, paused 2ms+3ms
07-05 12:36:20.347   545 21399 I DownloadManager: Initiating request for download 2506
07-05 12:36:20.394   545   548 D dalvikvm: GC_CONCURRENT freed 354K, 11% free 10541K/11719K, paused 2ms+2ms
07-05 12:36:20.500   545   548 D dalvikvm: GC_CONCURRENT freed 220K, 9% free 10781K/11719K, paused 2ms+3ms
07-05 12:36:20.625   545   548 D dalvikvm: GC_CONCURRENT freed 479K, 8% free 10793K/11719K, paused 1ms+2ms
07-05 12:36:20.851   545   548 D dalvikvm: GC_CONCURRENT freed 777K, 11% free 10490K/11719K, paused 1ms+2ms
07-05 12:36:21.035   545   548 D dalvikvm: GC_CONCURRENT freed 412K, 11% free 10472K/11719K, paused 1ms+3ms
07-05 12:36:21.164   545 21402 I DownloadManager: Initiating request for download 2507
07-05 12:36:21.293   545   548 D dalvikvm: GC_CONCURRENT freed 268K, 9% free 10678K/11719K, paused 2ms+3ms
07-05 12:36:21.390   545   548 D dalvikvm: GC_CONCURRENT freed 332K, 8% free 10834K/11719K, paused 1ms+3ms
07-05 12:36:21.543   545   548 D dalvikvm: GC_CONCURRENT freed 791K, 11% free 10543K/11719K, paused 2ms+2ms
07-05 12:36:21.609  1370 21404 E DictionaryProvider:UpdateHandler: Can't read a file : android.util.MalformedJsonException: Use JsonReader.setLenient(true) to accept malformed JSON at line 1 column 20
07-05 12:36:21.765   545   548 D dalvikvm: GC_CONCURRENT freed 438K, 11% free 10500K/11719K, paused 2ms+2ms
07-05 12:36:21.953   545   548 D dalvikvm: GC_CONCURRENT freed 420K, 11% free 10475K/11719K, paused 2ms+3ms
07-05 12:36:22.004   545 21406 I DownloadManager: Initiating request for download 2507
07-05 12:36:22.273   545   548 D dalvikvm: GC_CONCURRENT freed 206K, 9% free 10727K/11719K, paused 2ms+2ms
07-05 12:36:22.343   545   548 D dalvikvm: GC_CONCURRENT freed 312K, 7% free 10904K/11719K, paused 2ms+3ms
07-05 12:36:22.804   545   548 D dalvikvm: GC_CONCURRENT freed 886K, 11% free 10539K/11719K, paused 2ms+3ms
07-05 12:36:23.004   545   548 D dalvikvm: GC_CONCURRENT freed 451K, 11% free 10483K/11719K, paused 1ms+2ms
07-05 12:36:23.152   545 21410 I DownloadManager: Initiating request for download 2508
07-05 12:36:23.211   545   548 D dalvikvm: GC_CONCURRENT freed 348K, 10% free 10547K/11719K, paused 2ms+3ms
07-05 12:36:23.316   545   548 D dalvikvm: GC_CONCURRENT freed 211K, 9% free 10779K/11719K, paused 2ms+3ms
07-05 12:36:23.433   545   548 D dalvikvm: GC_CONCURRENT freed 472K, 8% free 10804K/11719K, paused 1ms+3ms
07-05 12:36:23.601  1370 21412 E DictionaryProvider:UpdateHandler: Can't read a file : android.util.MalformedJsonException: Use JsonReader.setLenient(true) to accept malformed JSON at line 1 column 20
07-05 12:36:23.687   545   548 D dalvikvm: GC_CONCURRENT freed 778K, 11% free 10507K/11719K, paused 1ms+4ms
07-05 12:36:23.879   545   548 D dalvikvm: GC_CONCURRENT freed 424K, 11% free 10477K/11719K, paused 1ms+2ms
07-05 12:36:24.031   156   530 D dalvikvm: GC_EXPLICIT freed 502K, 13% free 14079K/16007K, paused 3ms+5ms
07-05 12:36:24.039   545 21415 I DownloadManager: Initiating request for download 2508
07-05 12:36:24.129   545   548 D dalvikvm: GC_CONCURRENT freed 266K, 9% free 10669K/11719K, paused 1ms+3ms
07-05 12:36:24.230   545   548 D dalvikvm: GC_CONCURRENT freed 345K, 8% free 10835K/11719K, paused 2ms+3ms
07-05 12:36:24.390   545   548 D dalvikvm: GC_CONCURRENT freed 799K, 11% free 10534K/11719K, paused 2ms+3ms
07-05 12:36:24.593   545   548 D dalvikvm: GC_CONCURRENT freed 450K, 11% free 10478K/11719K, paused 2ms+3ms
07-05 12:36:24.773   545   548 D dalvikvm: GC_CONCURRENT freed 414K, 11% free 10459K/11719K, paused 1ms+2ms
07-05 12:36:24.843   545 21418 I DownloadManager: Initiating request for download 2509
07-05 12:36:24.972   545   548 D dalvikvm: GC_CONCURRENT freed 215K, 9% free 10715K/11719K, paused 2ms+3ms
07-05 12:36:25.074   545   548 D dalvikvm: GC_CONCURRENT freed 358K, 8% free 10883K/11719K, paused 2ms+7ms
07-05 12:36:25.289  1370 21420 E DictionaryProvider:UpdateHandler: Can't read a file : android.util.MalformedJsonException: Use JsonReader.setLenient(true) to accept malformed JSON at line 1 column 20
07-05 12:36:25.320   545   548 D dalvikvm: GC_CONCURRENT freed 904K, 11% free 10501K/11719K, paused 2ms+2ms
07-05 12:36:25.515   545   548 D dalvikvm: GC_CONCURRENT freed 420K, 11% free 10468K/11719K, paused 2ms+3ms
07-05 12:36:25.648   545 21423 I DownloadManager: Initiating request for download 2509
07-05 12:36:25.711   545   548 D dalvikvm: GC_CONCURRENT freed 326K, 11% free 10537K/11719K, paused 2ms+3ms
07-05 12:36:25.812   545   548 D dalvikvm: GC_CONCURRENT freed 220K, 9% free 10775K/11719K, paused 2ms+4ms
07-05 12:36:25.929   545   548 D dalvikvm: GC_CONCURRENT freed 480K, 8% free 10785K/11719K, paused 2ms+2ms
07-05 12:36:26.152   545   548 D dalvikvm: GC_CONCURRENT freed 772K, 11% free 10484K/11719K, paused 2ms+2ms
07-05 12:36:26.332   545   548 D dalvikvm: GC_CONCURRENT freed 415K, 11% free 10464K/11719K, paused 1ms+3ms
07-05 12:36:26.445   545 21426 I DownloadManager: Initiating request for download 2510
07-05 12:36:26.550   545   548 D dalvikvm: GC_CONCURRENT freed 256K, 9% free 10666K/11719K, paused 2ms+3ms
07-05 12:36:26.652   545   548 D dalvikvm: GC_CONCURRENT freed 343K, 8% free 10834K/11719K, paused 2ms+3ms
07-05 12:36:26.797   545   548 D dalvikvm: GC_CONCURRENT freed 796K, 11% free 10530K/11719K, paused 1ms+3ms
07-05 12:36:26.871  1370 21428 E DictionaryProvider:UpdateHandler: Can't read a file : android.util.MalformedJsonException: Use JsonReader.setLenient(true) to accept malformed JSON at line 1 column 20
07-05 12:36:26.910  1370  1372 D dalvikvm: GC_CONCURRENT freed 389K, 7% free 9131K/9735K, paused 1ms+2ms
07-05 12:36:27.054   545   548 D dalvikvm: GC_CONCURRENT freed 436K, 11% free 10489K/11719K, paused 2ms+3ms
07-05 12:36:27.250   545   548 D dalvikvm: GC_CONCURRENT freed 416K, 11% free 10463K/11719K, paused 2ms+3ms
07-05 12:36:27.300   545 21431 I DownloadManager: Initiating request for download 2510
07-05 12:36:27.398   545   548 D dalvikvm: GC_CONCURRENT freed 189K, 9% free 10697K/11719K, paused 2ms+3ms
07-05 12:36:27.504   545   548 D dalvikvm: GC_CONCURRENT freed 365K, 8% free 10890K/11719K, paused 2ms+3ms
07-05 12:36:27.726   545   548 D dalvikvm: GC_CONCURRENT freed 907K, 11% free 10490K/11719K, paused 2ms+2ms
07-05 12:36:27.906   545   548 D dalvikvm: GC_CONCURRENT freed 414K, 11% free 10471K/11719K, paused 2ms+2ms
07-05 12:36:28.062   545 21434 I DownloadManager: Initiating request for download 2511
07-05 12:36:28.109   545   548 D dalvikvm: GC_CONCURRENT freed 346K, 11% free 10514K/11719K, paused 2ms+2ms
07-05 12:36:28.222   545   548 D dalvikvm: GC_CONCURRENT freed 202K, 9% free 10765K/11719K, paused 2ms+3ms
07-05 12:36:28.332   545   548 D dalvikvm: GC_CONCURRENT freed 462K, 8% free 10790K/11719K, paused 2ms+2ms
07-05 12:36:28.597  1370 21436 D dalvikvm: GC_EXPLICIT freed 110K, 7% free 9092K/9735K, paused 2ms+2ms
07-05 12:36:28.617  1370 21436 E DictionaryProvider:UpdateHandler: Can't read a file : android.util.MalformedJsonException: Use JsonReader.setLenient(true) to accept malformed JSON at line 1 column 20
07-05 12:36:28.636   545   548 D dalvikvm: GC_CONCURRENT freed 773K, 11% free 10513K/11719K, paused 2ms+2ms
07-05 12:36:28.832   545   548 D dalvikvm: GC_CONCURRENT freed 432K, 11% free 10476K/11719K, paused 2ms+4ms
07-05 12:36:28.937   545 21439 I DownloadManager: Initiating request for download 2511
07-05 12:36:29.054   545   548 D dalvikvm: GC_CONCURRENT freed 286K, 9% free 10739K/11719K, paused 1ms+3ms
07-05 12:36:29.160   545   548 D dalvikvm: GC_CONCURRENT freed 380K, 7% free 10926K/11719K, paused 2ms+2ms
07-05 12:36:29.359   545   548 D dalvikvm: GC_CONCURRENT freed 912K, 11% free 10537K/11719K, paused 2ms+3ms
07-05 12:36:29.574   545   548 D dalvikvm: GC_CONCURRENT freed 446K, 11% free 10480K/11719K, paused 2ms+3ms
07-05 12:36:29.789   545 21442 I DownloadManager: Initiating request for download 2512
07-05 12:36:29.804   545   548 D dalvikvm: GC_CONCURRENT freed 358K, 11% free 10514K/11719K, paused 2ms+3ms
07-05 12:36:29.941   545   548 D dalvikvm: GC_CONCURRENT freed 209K, 9% free 10771K/11719K, paused 2ms+3ms
07-05 12:36:30.043   545   548 D dalvikvm: GC_CONCURRENT freed 468K, 8% free 10801K/11719K, paused 1ms+3ms
07-05 12:36:30.218  1370 21444 E DictionaryProvider:UpdateHandler: Can't read a file : android.util.MalformedJsonException: Use JsonReader.setLenient(true) to accept malformed JSON at line 1 column 20
07-05 12:36:30.293   545   548 D dalvikvm: GC_CONCURRENT freed 770K, 11% free 10506K/11719K, paused 2ms+2ms
07-05 12:36:30.476   545   548 D dalvikvm: GC_CONCURRENT freed 427K, 11% free 10474K/11719K, paused 1ms+3ms
07-05 12:36:30.582   545 21447 I DownloadManager: Initiating request for download 2512
07-05 12:36:30.687   545   548 D dalvikvm: GC_CONCURRENT freed 275K, 10% free 10656K/11719K, paused 2ms+3ms
07-05 12:36:30.785   545   548 D dalvikvm: GC_CONCURRENT freed 341K, 8% free 10821K/11719K, paused 2ms+3ms
07-05 12:36:30.933   545   548 D dalvikvm: GC_CONCURRENT freed 771K, 11% free 10536K/11719K, paused 1ms+3ms
07-05 12:36:30.949   682  1055 E GTalkService: connectionClosed: no XMPPConnection - That's strange!
07-05 12:36:31.144   545   548 D dalvikvm: GC_CONCURRENT freed 432K, 11% free 10492K/11719K, paused 2ms+3ms
07-05 12:36:31.328   545   548 D dalvikvm: GC_CONCURRENT freed 409K, 11% free 10475K/11719K, paused 2ms+2ms
07-05 12:36:31.422   545 21450 I DownloadManager: Initiating request for download 2513
07-05 12:36:31.535   545   548 D dalvikvm: GC_CONCURRENT freed 214K, 9% free 10708K/11719K, paused 1ms+3ms
07-05 12:36:31.644   545   548 D dalvikvm: GC_CONCURRENT freed 355K, 8% free 10854K/11719K, paused 2ms+3ms
07-05 12:36:31.812   545   548 D dalvikvm: GC_CONCURRENT freed 820K, 11% free 10535K/11719K, paused 2ms+2ms
07-05 12:36:31.886  1370 21452 E DictionaryProvider:UpdateHandler: Can't read a file : android.util.MalformedJsonException: Use JsonReader.setLenient(true) to accept malformed JSON at line 1 column 20
07-05 12:36:32.047   545   548 D dalvikvm: GC_CONCURRENT freed 436K, 11% free 10494K/11719K, paused 1ms+2ms
07-05 12:36:32.230   545   548 D dalvikvm: GC_CONCURRENT freed 417K, 11% free 10471K/11719K, paused 2ms+2ms
07-05 12:36:32.265   545 21455 I DownloadManager: Initiating request for download 2513
07-05 12:36:32.383   545   548 D dalvikvm: GC_CONCURRENT freed 187K, 9% free 10737K/11719K, paused 2ms+3ms
07-05 12:36:32.484   545   548 D dalvikvm: GC_CONCURRENT freed 364K, 7% free 10905K/11719K, paused 2ms+3ms
07-05 12:36:32.711   545   548 D dalvikvm: GC_CONCURRENT freed 919K, 11% free 10497K/11719K, paused 1ms+2ms
07-05 12:36:32.894   545   548 D dalvikvm: GC_CONCURRENT freed 413K, 11% free 10479K/11719K, paused 1ms+2ms
07-05 12:36:33.035   545 21458 I DownloadManager: Initiating request for download 2514
07-05 12:36:33.121   545   548 D dalvikvm: GC_CONCURRENT freed 301K, 10% free 10636K/11719K, paused 2ms+2ms
07-05 12:36:33.222   545   548 D dalvikvm: GC_CONCURRENT freed 292K, 8% free 10872K/11719K, paused 2ms+3ms
07-05 12:36:33.379   545   548 D dalvikvm: GC_CONCURRENT freed 839K, 11% free 10541K/11719K, paused 2ms+2ms
07-05 12:36:33.457  1370 21460 E DictionaryProvider:UpdateHandler: Can't read a file : android.util.MalformedJsonException: Use JsonReader.setLenient(true) to accept malformed JSON at line 1 column 20
07-05 12:36:33.617   545   548 D dalvikvm: GC_CONCURRENT freed 433K, 11% free 10501K/11719K, paused 2ms+2ms
07-05 12:36:33.800   545   548 D dalvikvm: GC_CONCURRENT freed 420K, 11% free 10475K/11719K, paused 2ms+3ms
07-05 12:36:33.871   545 21463 I DownloadManager: Initiating request for download 2514
07-05 12:36:33.957   156   330 D ConnectivityService: handleInetConditionHoldEnd: net=1, condition=0, published condition=0
07-05 12:36:33.968   545   548 D dalvikvm: GC_CONCURRENT freed 226K, 9% free 10703K/11719K, paused 2ms+3ms
07-05 12:36:34.070   545   548 D dalvikvm: GC_CONCURRENT freed 333K, 8% free 10893K/11719K, paused 2ms+3ms
07-05 12:36:34.273   545   548 D dalvikvm: GC_CONCURRENT freed 866K, 11% free 10535K/11719K, paused 2ms+3ms
07-05 12:36:34.484   545   548 D dalvikvm: GC_CONCURRENT freed 442K, 11% free 10488K/11719K, paused 2ms+3ms
07-05 12:36:34.695   545 21466 I DownloadManager: Initiating request for download 2515
07-05 12:36:34.722   545   548 D dalvikvm: GC_CONCURRENT freed 406K, 11% free 10496K/11719K, paused 2ms+2ms
07-05 12:36:34.847   545   548 D dalvikvm: GC_CONCURRENT freed 187K, 8% free 10848K/11719K, paused 1ms+3ms
07-05 12:36:34.976   545   548 D dalvikvm: GC_CONCURRENT freed 558K, 8% free 10804K/11719K, paused 1ms+3ms
07-05 12:36:35.144  1370 21468 E DictionaryProvider:UpdateHandler: Can't read a file : android.util.MalformedJsonException: Use JsonReader.setLenient(true) to accept malformed JSON at line 1 column 20
07-05 12:36:35.172  1370  1372 D dalvikvm: GC_CONCURRENT freed 366K, 7% free 9139K/9735K, paused 1ms+4ms
07-05 12:36:35.273   545   548 D dalvikvm: GC_CONCURRENT freed 773K, 11% free 10504K/11719K, paused 2ms+2ms
07-05 12:36:35.465   545   548 D dalvikvm: GC_CONCURRENT freed 417K, 11% free 10481K/11719K, paused 2ms+2ms
07-05 12:36:35.550   545 21471 I DownloadManager: Initiating request for download 2515
07-05 12:36:35.640   545   548 D dalvikvm: GC_CONCURRENT freed 255K, 9% free 10685K/11719K, paused 2ms+3ms
07-05 12:36:35.750   545   548 D dalvikvm: GC_CONCURRENT freed 330K, 7% free 10950K/11719K, paused 2ms+3ms
07-05 12:36:35.968   545   548 D dalvikvm: GC_CONCURRENT freed 969K, 11% free 10508K/11719K, paused 1ms+2ms
07-05 12:36:36.140   545   548 D dalvikvm: GC_CONCURRENT freed 416K, 11% free 10487K/11719K, paused 3ms+2ms
07-05 12:36:36.324   545 21474 I DownloadManager: Initiating request for download 2516
07-05 12:36:36.336   545   548 D dalvikvm: GC_CONCURRENT freed 369K, 11% free 10517K/11719K, paused 1ms+4ms
07-05 12:36:36.457   545   548 D dalvikvm: GC_CONCURRENT freed 200K, 9% free 10777K/11719K, paused 2ms+3ms
07-05 12:36:36.566   545   548 D dalvikvm: GC_CONCURRENT freed 463K, 8% free 10807K/11719K, paused 2ms+2ms
07-05 12:36:36.726  1370 21476 E DictionaryProvider:UpdateHandler: Can't read a file : android.util.MalformedJsonException: Use JsonReader.setLenient(true) to accept malformed JSON at line 1 column 20
07-05 12:36:36.820   545   548 D dalvikvm: GC_CONCURRENT freed 765K, 11% free 10514K/11719K, paused 2ms+2ms
07-05 12:36:37.004   545   548 D dalvikvm: GC_CONCURRENT freed 423K, 11% free 10486K/11719K, paused 1ms+2ms
07-05 12:36:37.113   545 21479 I DownloadManager: Initiating request for download 2516
07-05 12:36:37.207   545   548 D dalvikvm: GC_CONCURRENT freed 307K, 10% free 10631K/11719K, paused 1ms+3ms
07-05 12:36:37.304   545   548 D dalvikvm: GC_CONCURRENT freed 298K, 8% free 10835K/11719K, paused 2ms+3ms
07-05 12:36:37.457   156   514 D dalvikvm: GC_EXPLICIT freed 587K, 13% free 14076K/16007K, paused 3ms+5ms
07-05 12:36:37.496   545   548 D dalvikvm: GC_CONCURRENT freed 777K, 10% free 10549K/11719K, paused 1ms+2ms
07-05 12:36:37.711   545   548 D dalvikvm: GC_CONCURRENT freed 436K, 11% free 10511K/11719K, paused 1ms+3ms
07-05 12:36:37.898   545   548 D dalvikvm: GC_CONCURRENT freed 437K, 11% free 10469K/11719K, paused 2ms+3ms
07-05 12:36:38.015   545 21482 I DownloadManager: Initiating request for download 2517
07-05 12:36:38.117   545   548 D dalvikvm: GC_CONCURRENT freed 239K, 9% free 10683K/11719K, paused 1ms+3ms
07-05 12:36:38.222   545   548 D dalvikvm: GC_CONCURRENT freed 341K, 8% free 10858K/11719K, paused 2ms+3ms
07-05 12:36:38.394   545   548 D dalvikvm: GC_CONCURRENT freed 815K, 11% free 10543K/11719K, paused 2ms+3ms
07-05 12:36:38.504   545 20265 D dalvikvm: GC_EXPLICIT freed 131K, 11% free 10509K/11719K, paused 2ms+3ms
07-05 12:36:38.511  1370 21484 E DictionaryProvider:UpdateHandler: Can't read a file : android.util.MalformedJsonException: Use JsonReader.setLenient(true) to accept malformed JSON at line 1 column 20
07-05 12:36:38.562   465   467 D dalvikvm: GC_CONCURRENT freed 430K, 6% free 10516K/11079K, paused 2ms+2ms
07-05 12:36:38.726   545   548 D dalvikvm: GC_CONCURRENT freed 418K, 11% free 10486K/11719K, paused 1ms+2ms
07-05 12:36:38.898   545   548 D dalvikvm: GC_CONCURRENT freed 383K, 11% free 10505K/11719K, paused 2ms+2ms
07-05 12:36:38.902   545 21486 I DownloadManager: Initiating request for download 2517
07-05 12:36:39.004   545   548 D dalvikvm: GC_CONCURRENT freed 189K, 9% free 10760K/11719K, paused 2ms+3ms
07-05 12:36:39.101   545   548 D dalvikvm: GC_CONCURRENT freed 436K, 8% free 10797K/11719K, paused 1ms+3ms
07-05 12:36:40.304   682   682 I GTalkService/c: [AndroidEndpoint@1095403848] connect: acct=1000001, state=CONNECTING
07-05 12:36:40.590   545   548 D dalvikvm: GC_CONCURRENT freed 778K, 11% free 10494K/11719K, paused 1ms+2ms
07-05 12:36:40.769   545   548 D dalvikvm: GC_CONCURRENT freed 414K, 11% free 10475K/11719K, paused 2ms+2ms
07-05 12:36:40.937   545 21490 I DownloadManager: Initiating request for download 2518
07-05 12:36:41.004   545   548 D dalvikvm: GC_CONCURRENT freed 334K, 11% free 10545K/11719K, paused 2ms+2ms
07-05 12:36:41.105   545   548 D dalvikvm: GC_CONCURRENT freed 220K, 8% free 10784K/11719K, paused 1ms+3ms
07-05 12:36:41.226   545   548 D dalvikvm: GC_CONCURRENT freed 468K, 8% free 10807K/11719K, paused 2ms+2ms
07-05 12:36:41.445   545   548 D dalvikvm: GC_CONCURRENT freed 785K, 11% free 10510K/11719K, paused 2ms+3ms
07-05 12:36:41.453  1370 21492 E DictionaryProvider:UpdateHandler: Can't read a file : android.util.MalformedJsonException: Use JsonReader.setLenient(true) to accept malformed JSON at line 1 column 20
07-05 12:36:41.508   465 21493 D dalvikvm: GC_EXPLICIT freed 264K, 8% free 10273K/11079K, paused 1ms+3ms
07-05 12:36:41.695   545   548 D dalvikvm: GC_CONCURRENT freed 422K, 11% free 10480K/11719K, paused 2ms+2ms
07-05 12:36:41.789   545 21495 I DownloadManager: Initiating request for download 2518
07-05 12:36:41.886   545   548 D dalvikvm: GC_CONCURRENT freed 273K, 9% free 10665K/11719K, paused 2ms+2ms
07-05 12:36:41.988   545   548 D dalvikvm: GC_CONCURRENT freed 333K, 8% free 10841K/11719K, paused 2ms+3ms
07-05 12:36:42.140   545   548 D dalvikvm: GC_CONCURRENT freed 793K, 11% free 10539K/11719K, paused 2ms+3ms
07-05 12:36:42.343   545   548 D dalvikvm: GC_CONCURRENT freed 443K, 11% free 10492K/11719K, paused 1ms+2ms
07-05 12:36:42.527   545   548 D dalvikvm: GC_CONCURRENT freed 414K, 11% free 10472K/11719K, paused 2ms+2ms
07-05 12:36:42.613   545 21498 I DownloadManager: Initiating request for download 2519
07-05 12:36:42.711   545   548 D dalvikvm: GC_CONCURRENT freed 218K, 9% free 10712K/11719K, paused 2ms+3ms
07-05 12:36:42.816   545   548 D dalvikvm: GC_CONCURRENT freed 331K, 7% free 10899K/11719K, paused 1ms+3ms
07-05 12:36:43.004   545   548 D dalvikvm: GC_CONCURRENT freed 908K, 11% free 10501K/11719K, paused 2ms+2ms
07-05 12:36:43.054  1370 21500 E DictionaryProvider:UpdateHandler: Can't read a file : android.util.MalformedJsonException: Use JsonReader.setLenient(true) to accept malformed JSON at line 1 column 20
07-05 12:36:43.097  1370  1372 D dalvikvm: GC_CONCURRENT freed 399K, 7% free 9128K/9735K, paused 1ms+3ms
07-05 12:36:43.261   545   548 D dalvikvm: GC_CONCURRENT freed 408K, 11% free 10488K/11719K, paused 2ms+3ms
07-05 12:36:43.465   545   548 D dalvikvm: GC_CONCURRENT freed 416K, 11% free 10501K/11719K, paused 2ms+3ms
07-05 12:36:43.465   545 21503 I DownloadManager: Initiating request for download 2519
07-05 12:36:43.586   545   548 D dalvikvm: GC_CONCURRENT freed 192K, 9% free 10768K/11719K, paused 1ms+3ms
07-05 12:36:43.699   545   548 D dalvikvm: GC_CONCURRENT freed 433K, 8% free 10834K/11719K, paused 1ms+3ms
07-05 12:36:43.925   545   548 D dalvikvm: GC_CONCURRENT freed 818K, 11% free 10499K/11719K, paused 1ms+2ms
07-05 12:36:44.121   545   548 D dalvikvm: GC_CONCURRENT freed 408K, 11% free 10480K/11719K, paused 2ms+3ms
07-05 12:36:44.285   545 21506 I DownloadManager: Initiating request for download 2520
07-05 12:36:44.386   545   548 D dalvikvm: GC_CONCURRENT freed 298K, 10% free 10639K/11719K, paused 2ms+3ms
07-05 12:36:44.488   545   548 D dalvikvm: GC_CONCURRENT freed 304K, 8% free 10835K/11719K, paused 2ms+3ms
07-05 12:36:44.625   545   548 D dalvikvm: GC_CONCURRENT freed 785K, 11% free 10543K/11719K, paused 2ms+3ms
07-05 12:36:44.773  1370 21508 E DictionaryProvider:UpdateHandler: Can't read a file : android.util.MalformedJsonException: Use JsonReader.setLenient(true) to accept malformed JSON at line 1 column 20
07-05 12:36:44.863   545   548 D dalvikvm: GC_CONCURRENT freed 421K, 11% free 10513K/11719K, paused 2ms+3ms
07-05 12:36:45.035   545   548 D dalvikvm: GC_CONCURRENT freed 428K, 11% free 10480K/11719K, paused 1ms+2ms
07-05 12:36:45.125   545 21511 I DownloadManager: Initiating request for download 2520
07-05 12:36:45.234   545   548 D dalvikvm: GC_CONCURRENT freed 253K, 9% free 10684K/11719K, paused 1ms+3ms
07-05 12:36:45.340   545   548 D dalvikvm: GC_CONCURRENT freed 345K, 8% free 10852K/11719K, paused 2ms+3ms
07-05 12:36:45.508   545   548 D dalvikvm: GC_CONCURRENT freed 798K, 10% free 10556K/11719K, paused 2ms+2ms
07-05 12:36:45.715   545   548 D dalvikvm: GC_CONCURRENT freed 456K, 11% free 10495K/11719K, paused 1ms+3ms
07-05 12:36:45.898   545   548 D dalvikvm: GC_CONCURRENT freed 413K, 11% free 10477K/11719K, paused 2ms+2ms
07-05 12:36:45.972   545 21514 I DownloadManager: Initiating request for download 2521
07-05 12:36:46.070   545   548 D dalvikvm: GC_CONCURRENT freed 191K, 9% free 10729K/11719K, paused 2ms+2ms
07-05 12:36:46.179   545   548 D dalvikvm: GC_CONCURRENT freed 349K, 7% free 10930K/11719K, paused 2ms+3ms
07-05 12:36:46.394  1370 21516 E DictionaryProvider:UpdateHandler: Can't read a file : android.util.MalformedJsonException: Use JsonReader.setLenient(true) to accept malformed JSON at line 1 column 20
07-05 12:36:46.429   545   548 D dalvikvm: GC_CONCURRENT freed 944K, 11% free 10527K/11719K, paused 2ms+3ms
07-05 12:36:46.629   545   548 D dalvikvm: GC_CONCURRENT freed 435K, 11% free 10487K/11719K, paused 2ms+3ms
07-05 12:36:46.750   545 21519 I DownloadManager: Initiating request for download 2521
07-05 12:36:46.800   545   548 D dalvikvm: GC_CONCURRENT freed 333K, 10% free 10555K/11719K, paused 2ms+2ms
07-05 12:36:46.902   545   548 D dalvikvm: GC_CONCURRENT freed 219K, 8% free 10795K/11719K, paused 2ms+3ms
07-05 12:36:47.019   545   548 D dalvikvm: GC_CONCURRENT freed 482K, 8% free 10809K/11719K, paused 2ms+2ms
07-05 12:36:47.226   545 21522 I DownloadManager: in removeSpuriousFiles
07-05 12:36:47.265   545   548 D dalvikvm: GC_CONCURRENT freed 784K, 10% free 10628K/11719K, paused 2ms+4ms
07-05 12:36:47.328   545 21522 D dalvikvm: GC_FOR_ALLOC freed 348K, 8% free 10815K/11719K, paused 24ms
07-05 12:36:47.359   545 21522 I DownloadManager: in removeSpuriousFiles, preserving file /data/data/com.android.providers.downloads/cache/metadata-59.htm
07-05 12:36:47.359   545 21522 I DownloadManager: in removeSpuriousFiles, preserving file /data/data/com.android.providers.downloads/cache/metadata-118.htm
07-05 12:36:47.359   545 21522 I DownloadManager: in removeSpuriousFiles, preserving file /data/data/com.android.providers.downloads/cache/metadata-62.htm
07-05 12:36:47.359   545 21522 I DownloadManager: in removeSpuriousFiles, preserving file /data/data/com.android.providers.downloads/cache/metadata-58.htm
07-05 12:36:47.359   545 21522 I DownloadManager: in removeSpuriousFiles, preserving file /data/data/com.android.providers.downloads/cache/metadata-54.htm
07-05 12:36:47.359   545 21522 I DownloadManager: in removeSpuriousFiles, preserving file /data/data/com.android.providers.downloads/cache/metadata-60.htm
07-05 12:36:47.359   545 21522 I DownloadManager: in removeSpuriousFiles, preserving file /data/data/com.android.providers.downloads/cache/metadata-1598.htm
07-05 12:36:47.359   545 21522 I DownloadManager: in removeSpuriousFiles, preserving file /data/data/com.android.providers.downloads/cache/metadata-57.htm
07-05 12:36:47.359   545 21522 I DownloadManager: in removeSpuriousFiles, preserving file /data/data/com.android.providers.downloads/cache/metadata-185.htm
07-05 12:36:47.359   545 21522 I DownloadManager: in removeSpuriousFiles, preserving file /data/data/com.android.providers.downloads/cache/metadata-143.htm
07-05 12:36:47.359   545 21522 I DownloadManager: in removeSpuriousFiles, preserving file /data/data/com.android.providers.downloads/cache/metadata-125.htm
07-05 12:36:47.359   545 21522 I DownloadManager: in removeSpuriousFiles, preserving file /data/data/com.android.providers.downloads/cache/metadata-116.htm
07-05 12:36:47.359   545 21522 I DownloadManager: in removeSpuriousFiles, preserving file /data/data/com.android.providers.downloads/cache/metadata-67.htm
07-05 12:36:47.359   545 21522 I DownloadManager: in removeSpuriousFiles, preserving file /data/data/com.android.providers.downloads/cache/metadata-191.htm
07-05 12:36:47.359   545 21522 I DownloadManager: in removeSpuriousFiles, preserving file /data/data/com.android.providers.downloads/cache/metadata-77.htm
07-05 12:36:47.359   545 21522 I DownloadManager: in removeSpuriousFiles, preserving file /data/data/com.android.providers.downloads/cache/metadata-124.htm
07-05 12:36:47.359   545 21522 I DownloadManager: in removeSpuriousFiles, preserving file /data/data/com.android.providers.downloads/cache/metadata-147.htm
07-05 12:36:47.359   545 21522 I DownloadManager: in removeSpuriousFiles, preserving file /data/data/com.android.providers.downloads/cache/metadata-203.htm
07-05 12:36:47.359   545 21522 I DownloadManager: in removeSpuriousFiles, preserving file /data/data/com.android.providers.downloads/cache/metadata-111.htm
07-05 12:36:47.359   545 21522 I DownloadManager: in removeSpuriousFiles, preserving file /data/data/com.android.providers.downloads/cache/metadata-72.htm
07-05 12:36:47.359   545 21522 I DownloadManager: in removeSpuriousFiles, preserving file /data/data/com.android.providers.downloads/cache/metadata-188.htm
07-05 12:36:47.359   545 21522 I DownloadManager: in removeSpuriousFiles, preserving file /data/data/com.android.providers.downloads/cache/metadata-802.htm
07-05 12:36:47.359   545 21522 I DownloadManager: in removeSpuriousFiles, preserving file /data/data/com.android.providers.downloads/cache/metadata-1066.htm
07-05 12:36:47.359   545 21522 I DownloadManager: in removeSpuriousFiles, preserving file /data/data/com.android.providers.downloads/cache/metadata-205.htm
07-05 12:36:47.359   545 21522 I DownloadManager: in removeSpuriousFiles, preserving file /data/data/com.android.providers.downloads/cache/metadata-151.htm
07-05 12:36:47.359   545 21522 I DownloadManager: in removeSpuriousFiles, preserving file /data/data/com.android.providers.downloads/cache/metadata-1175.htm
07-05 12:36:47.359   545 21522 I DownloadManager: in removeSpuriousFiles, preserving file /data/data/com.android.providers.downloads/cache/metadata-2273.htm
07-05 12:36:47.359   545 21522 I DownloadManager: in removeSpuriousFiles, preserving file /data/data/com.android.providers.downloads/cache/metadata-172.htm
07-05 12:36:47.359   545 21522 I DownloadManager: in removeSpuriousFiles, preserving file /data/data/com.android.providers.downloads/cache/metadata-201.htm
07-05 12:36:47.363   545 21522 I DownloadManager: in removeSpuriousFiles, preserving file /data/data/com.android.providers.downloads/cache/metadata-104.htm
07-05 12:36:47.363   545 21522 I DownloadManager: in removeSpuriousFiles, preserving file /data/data/com.android.providers.downloads/cache/metadata-1077.htm
07-05 12:36:47.363   545 21522 I DownloadManager: in removeSpuriousFiles, preserving file /data/data/com.android.providers.downloads/cache/metadata-183.htm
07-05 12:36:47.363   545 21522 I DownloadManager: in removeSpuriousFiles, preserving file /data/data/com.android.providers.downloads/cache/metadata-445.htm
07-05 12:36:47.363   545 21522 I DownloadManager: in removeSpuriousFiles, preserving file /data/data/com.android.providers.downloads/cache/metadata-142.htm
07-05 12:36:47.363   545 21522 I DownloadManager: in removeSpuriousFiles, preserving file /data/data/com.android.providers.downloads/cache/metadata-174.htm
07-05 12:36:47.363   545 21522 I DownloadManager: in removeSpuriousFiles, preserving file /data/data/com.android.providers.downloads/cache/metadata-245.htm
07-05 12:36:47.363   545 21522 I DownloadManager: in removeSpuriousFiles, preserving file /data/data/com.android.providers.downloads/cache/metadata-150.htm
07-05 12:36:47.363   545 21522 I DownloadManager: in removeSpuriousFiles, preserving file /data/data/com.android.providers.downloads/cache/metadata-89.htm
07-05 12:36:47.363   545 21522 I DownloadManager: in removeSpuriousFiles, preserving file /data/data/com.android.providers.downloads/cache/metadata-888.htm
07-05 12:36:47.363   545 21522 I DownloadManager: in removeSpuriousFiles, preserving file /data/data/com.android.providers.downloads/cache/metadata-626.htm
07-05 12:36:47.363   545 21522 I DownloadManager: in removeSpuriousFiles, preserving file /data/data/com.android.providers.downloads/cache/metadata-581.htm
07-05 12:36:47.363   545 21522 I DownloadManager: in removeSpuriousFiles, preserving file /data/data/com.android.providers.downloads/cache/metadata-781.htm
07-05 12:36:47.363   545 21522 I DownloadManager: in removeSpuriousFiles, preserving file /data/data/com.android.providers.downloads/cache/metadata-127.htm
07-05 12:36:47.363   545 21522 I DownloadManager: in removeSpuriousFiles, preserving file /data/data/com.android.providers.downloads/cache/metadata-865.htm
07-05 12:36:47.363   545 21522 I DownloadManager: in removeSpuriousFiles, preserving file /data/data/com.android.providers.downloads/cache/metadata-1025.htm
07-05 12:36:47.363   545 21522 I DownloadManager: in removeSpuriousFiles, preserving file /data/data/com.android.providers.downloads/cache/metadata-101.htm
07-05 12:36:47.363   545 21522 I DownloadManager: in removeSpuriousFiles, preserving file /data/data/com.android.providers.downloads/cache/metadata-2236.htm
07-05 12:36:47.363   545 21522 I DownloadManager: in removeSpuriousFiles, preserving file /data/data/com.android.providers.downloads/cache/metadata-1085.htm
07-05 12:36:47.363   545 21522 I DownloadManager: in removeSpuriousFiles, preserving file /data/data/com.android.providers.downloads/cache/metadata-1780.htm
07-05 12:36:47.363   545 21522 I DownloadManager: in removeSpuriousFiles, preserving file /data/data/com.android.providers.downloads/cache/metadata-859.htm
07-05 12:36:47.367   545 21522 I DownloadManager: in removeSpuriousFiles, preserving file /data/data/com.android.providers.downloads/cache/metadata-224.htm
07-05 12:36:47.367   545 21522 I DownloadManager: in removeSpuriousFiles, preserving file /data/data/com.android.providers.downloads/cache/metadata-240.htm
07-05 12:36:47.367   545 21522 I DownloadManager: in removeSpuriousFiles, preserving file /data/data/com.android.providers.downloads/cache/metadata-126.htm
07-05 12:36:47.367   545 21522 I DownloadManager: in removeSpuriousFiles, preserving file /data/data/com.android.providers.downloads/cache/metadata-1389.htm
07-05 12:36:47.367   545 21522 I DownloadManager: in removeSpuriousFiles, preserving file /data/data/com.android.providers.downloads/cache/metadata-319.htm
07-05 12:36:47.367   545 21522 I DownloadManager: in removeSpuriousFiles, preserving file /data/data/com.android.providers.downloads/cache/metadata-196.htm
07-05 12:36:47.367   545 21522 I DownloadManager: in removeSpuriousFiles, preserving file /data/data/com.android.providers.downloads/cache/metadata-1429.htm
07-05 12:36:47.367   545 21522 I DownloadManager: in removeSpuriousFiles, preserving file /data/data/com.android.providers.downloads/cache/metadata-715.htm
07-05 12:36:47.367   545 21522 I DownloadManager: in removeSpuriousFiles, preserving file /data/data/com.android.providers.downloads/cache/metadata-176.htm
07-05 12:36:47.371   545 21522 I DownloadManager: in removeSpuriousFiles, preserving file /data/data/com.android.providers.downloads/cache/metadata-153.htm
07-05 12:36:47.371   545 21522 I DownloadManager: in removeSpuriousFiles, preserving file /data/data/com.android.providers.downloads/cache/metadata-82.htm
07-05 12:36:47.371   545 21522 I DownloadManager: in removeSpuriousFiles, preserving file /data/data/com.android.providers.downloads/cache/metadata-587.htm
07-05 12:36:47.371   545 21522 I DownloadManager: in removeSpuriousFiles, preserving file /data/data/com.android.providers.downloads/cache/metadata-466.htm
07-05 12:36:47.371   545 21522 I DownloadManager: in removeSpuriousFiles, preserving file /data/data/com.android.providers.downloads/cache/metadata-1224.htm
07-05 12:36:47.371   545 21522 I DownloadManager: in removeSpuriousFiles, preserving file /data/data/com.android.providers.downloads/cache/metadata-221.htm
07-05 12:36:47.371   545 21522 I DownloadManager: in removeSpuriousFiles, preserving file /data/data/com.android.providers.downloads/cache/metadata-580.htm
07-05 12:36:47.371   545 21522 I DownloadManager: in removeSpuriousFiles, preserving file /data/data/com.android.providers.downloads/cache/metadata-192.htm
07-05 12:36:47.375   545 21522 I DownloadManager: in removeSpuriousFiles, preserving file /data/data/com.android.providers.downloads/cache/metadata-1912.htm
07-05 12:36:47.375   545 21522 I DownloadManager: in removeSpuriousFiles, preserving file /data/data/com.android.providers.downloads/cache/metadata-1721.htm
07-05 12:36:47.375   545 21522 I DownloadManager: in removeSpuriousFiles, preserving file /data/data/com.android.providers.downloads/cache/metadata-556.htm
07-05 12:36:47.375   545 21522 I DownloadManager: in removeSpuriousFiles, preserving file /data/data/com.android.providers.downloads/cache/metadata-650.htm
07-05 12:36:47.375   545 21522 I DownloadManager: in removeSpuriousFiles, preserving file /data/data/com.android.providers.downloads/cache/metadata-1889.htm
07-05 12:36:47.375   545 21522 I DownloadManager: in removeSpuriousFiles, preserving file /data/data/com.android.providers.downloads/cache/metadata-672.htm
07-05 12:36:47.375   545 21522 I DownloadManager: in removeSpuriousFiles, preserving file /data/data/com.android.providers.downloads/cache/metadata-1473.htm
07-05 12:36:47.375   545 21522 I DownloadManager: in removeSpuriousFiles, preserving file /data/data/com.android.providers.downloads/cache/metadata-121.htm
07-05 12:36:47.375   545 21522 I DownloadManager: in removeSpuriousFiles, preserving file /data/data/com.android.providers.downloads/cache/metadata-1823.htm
07-05 12:36:47.379   545 21522 I DownloadManager: in removeSpuriousFiles, preserving file /data/data/com.android.providers.downloads/cache/metadata-1278.htm
07-05 12:36:47.379   545 21522 I DownloadManager: in removeSpuriousFiles, preserving file /data/data/com.android.providers.downloads/cache/metadata-1353.htm
07-05 12:36:47.379   545 21522 I DownloadManager: in removeSpuriousFiles, preserving file /data/data/com.android.providers.downloads/cache/metadata-1705.htm
07-05 12:36:47.379   545 21522 I DownloadManager: in removeSpuriousFiles, preserving file /data/data/com.android.providers.downloads/cache/metadata-814.htm
07-05 12:36:47.379   545 21522 I DownloadManager: in removeSpuriousFiles, preserving file /data/data/com.android.providers.downloads/cache/metadata-1538.htm
07-05 12:36:47.379   545 21522 I DownloadManager: in removeSpuriousFiles, preserving file /data/data/com.android.providers.downloads/cache/metadata-1605.htm
07-05 12:36:47.379   545 21522 I DownloadManager: in removeSpuriousFiles, preserving file /data/data/com.android.providers.downloads/cache/metadata-876.htm
07-05 12:36:47.379   545 21522 I DownloadManager: in removeSpuriousFiles, preserving file /data/data/com.android.providers.downloads/cache/metadata-892.htm
07-05 12:36:47.383   545 21522 I DownloadManager: in removeSpuriousFiles, preserving file /data/data/com.android.providers.downloads/cache/metadata-881.htm
07-05 12:36:47.383   545 21522 I DownloadManager: in removeSpuriousFiles, preserving file /data/data/com.android.providers.downloads/cache/metadata-1253.htm
07-05 12:36:47.383   545 21522 I DownloadManager: in removeSpuriousFiles, preserving file /data/data/com.android.providers.downloads/cache/metadata-216.htm
07-05 12:36:47.383   545 21522 I DownloadManager: in removeSpuriousFiles, preserving file /data/data/com.android.providers.downloads/cache/metadata-219.htm
07-05 12:36:47.383   545 21522 I DownloadManager: in removeSpuriousFiles, preserving file /data/data/com.android.providers.downloads/cache/metadata-217.htm
07-05 12:36:47.383   545 21522 I DownloadManager: in removeSpuriousFiles, preserving file /data/data/com.android.providers.downloads/cache/metadata-1174.htm
07-05 12:36:47.383   545 21522 I DownloadManager: in removeSpuriousFiles, preserving file /data/data/com.android.providers.downloads/cache/metadata-1216.htm
07-05 12:36:47.383   545 21522 I DownloadManager: in removeSpuriousFiles, preserving file /data/data/com.android.providers.downloads/cache/metadata-1749.htm
07-05 12:36:47.390   545 21522 I DownloadManager: in removeSpuriousFiles, preserving file /data/data/com.android.providers.downloads/cache/metadata-230.htm
07-05 12:36:47.390   545 21522 I DownloadManager: in removeSpuriousFiles, preserving file /data/data/com.android.providers.downloads/cache/metadata-1192.htm
07-05 12:36:47.390   545 21522 I DownloadManager: in removeSpuriousFiles, preserving file /data/data/com.android.providers.downloads/cache/metadata-1494.htm
07-05 12:36:47.390   545 21522 I DownloadManager: in removeSpuriousFiles, preserving file /data/data/com.android.providers.downloads/cache/metadata-1744.htm
07-05 12:36:47.390   545 21522 I DownloadManager: in removeSpuriousFiles, preserving file /data/data/com.android.providers.downloads/cache/metadata-1789.htm
07-05 12:36:47.390   545 21522 I DownloadManager: in removeSpuriousFiles, preserving file /data/data/com.android.providers.downloads/cache/metadata-1659.htm
07-05 12:36:47.390   545 21522 I DownloadManager: in removeSpuriousFiles, preserving file /data/data/com.android.providers.downloads/cache/metadata-763.htm
07-05 12:36:47.390   545 21522 I DownloadManager: in removeSpuriousFiles, preserving file /data/data/com.android.providers.downloads/cache/metadata-1514.htm
07-05 12:36:47.394   545 21522 I DownloadManager: in removeSpuriousFiles, preserving file /data/data/com.android.providers.downloads/cache/metadata-1163.htm
07-05 12:36:47.394   545 21522 I DownloadManager: in removeSpuriousFiles, preserving file /data/data/com.android.providers.downloads/cache/metadata-1397.htm
07-05 12:36:47.394   545 21522 I DownloadManager: in removeSpuriousFiles, preserving file /data/data/com.android.providers.downloads/cache/metadata-1102.htm
07-05 12:36:47.394   545 21522 I DownloadManager: in removeSpuriousFiles, preserving file /data/data/com.android.providers.downloads/cache/metadata-2442.htm
07-05 12:36:47.394   545 21522 I DownloadManager: in removeSpuriousFiles, preserving file /data/data/com.android.providers.downloads/cache/metadata-1575.htm
07-05 12:36:47.394   545 21522 I DownloadManager: in removeSpuriousFiles, preserving file /data/data/com.android.providers.downloads/cache/metadata-1544.htm
07-05 12:36:47.394   545 21522 I DownloadManager: in removeSpuriousFiles, preserving file /data/data/com.android.providers.downloads/cache/metadata-1105.htm
07-05 12:36:47.394   545 21522 I DownloadManager: in removeSpuriousFiles, preserving file /data/data/com.android.providers.downloads/cache/metadata-2113.htm
07-05 12:36:47.394   545 21522 I DownloadManager: in removeSpuriousFiles, preserving file /data/data/com.android.providers.downloads/cache/metadata-653.htm
07-05 12:36:47.398   545 21522 I DownloadManager: in removeSpuriousFiles, preserving file /data/data/com.android.providers.downloads/cache/metadata-161.htm
07-05 12:36:47.398   545 21522 I DownloadManager: in removeSpuriousFiles, preserving file /data/data/com.android.providers.downloads/cache/metadata-2392.htm
07-05 12:36:47.398   545 21522 I DownloadManager: in removeSpuriousFiles, preserving file /data/data/com.android.providers.downloads/cache/metadata-1960.htm
07-05 12:36:47.398   545 21522 I DownloadManager: in removeSpuriousFiles, preserving file /data/data/com.android.providers.downloads/cache/metadata-8.htm
07-05 12:36:47.398   545 21522 I DownloadManager: in removeSpuriousFiles, preserving file /data/data/com.android.providers.downloads/cache/metadata-43.htm
07-05 12:36:47.398   545 21522 I DownloadManager: in removeSpuriousFiles, preserving file /data/data/com.android.providers.downloads/cache/metadata-25.htm
07-05 12:36:47.398   545 21522 I DownloadManager: in removeSpuriousFiles, preserving file /data/data/com.android.providers.downloads/cache/metadata-39.htm
07-05 12:36:47.398   545 21522 I DownloadManager: in removeSpuriousFiles, preserving file /data/data/com.android.providers.downloads/cache/metadata-49.htm
07-05 12:36:47.398   545 21522 I DownloadManager: in removeSpuriousFiles, preserving file /data/data/com.android.providers.downloads/cache/metadata-112.htm
07-05 12:36:47.398   545 21522 I DownloadManager: in removeSpuriousFiles, preserving file /data/data/com.android.providers.downloads/cache/metadata-53.htm
07-05 12:36:47.398   545 21522 I DownloadManager: in removeSpuriousFiles, preserving file /data/data/com.android.providers.downloads/cache/metadata-71.htm
07-05 12:36:47.398   545 21522 I DownloadManager: in removeSpuriousFiles, preserving file /data/data/com.android.providers.downloads/cache/metadata-27.htm
07-05 12:36:47.398   545 21522 I DownloadManager: in removeSpuriousFiles, preserving file /data/data/com.android.providers.downloads/cache/metadata-289.htm
07-05 12:36:47.398   545 21522 I DownloadManager: in removeSpuriousFiles, preserving file /data/data/com.android.providers.downloads/cache/metadata-56.htm
07-05 12:36:47.398   545 21522 I DownloadManager: in removeSpuriousFiles, preserving file /data/data/com.android.providers.downloads/cache/metadata-55.htm
07-05 12:36:47.398   545 21522 I DownloadManager: in removeSpuriousFiles, preserving file /data/data/com.android.providers.downloads/cache/metadata-120.htm
07-05 12:36:47.398   545 21522 I DownloadManager: in removeSpuriousFiles, preserving file /data/data/com.android.providers.downloads/cache/metadata-70.htm
07-05 12:36:47.398   545 21522 I DownloadManager: in removeSpuriousFiles, preserving file /data/data/com.android.providers.downloads/cache/metadata-92.htm
07-05 12:36:47.398   545 21522 I DownloadManager: in removeSpuriousFiles, preserving file /data/data/com.android.providers.downloads/cache/metadata-295.htm
07-05 12:36:47.398   545 21522 I DownloadManager: in removeSpuriousFiles, preserving file /data/data/com.android.providers.downloads/cache/metadata-306.htm
07-05 12:36:47.398   545 21522 I DownloadManager: in removeSpuriousFiles, preserving file /data/data/com.android.providers.downloads/cache/metadata-160.htm
07-05 12:36:47.398   545 21522 I DownloadManager: in removeSpuriousFiles, preserving file /data/data/com.android.providers.downloads/cache/metadata-64.htm
07-05 12:36:47.398   545 21522 I DownloadManager: in removeSpuriousFiles, preserving file /data/data/com.android.providers.downloads/cache/metadata-168.htm
07-05 12:36:47.398   545 21522 I DownloadManager: in removeSpuriousFiles, preserving file /data/data/com.android.providers.downloads/cache/metadata-326.htm
07-05 12:36:47.398   545 21522 I DownloadManager: in removeSpuriousFiles, preserving file /data/data/com.android.providers.downloads/cache/metadata-286.htm
07-05 12:36:47.398   545 21522 I DownloadManager: in removeSpuriousFiles, preserving file /data/data/com.android.providers.downloads/cache/metadata-182.htm
07-05 12:36:47.402   545 21522 I DownloadManager: in removeSpuriousFiles, preserving file /data/data/com.android.providers.downloads/cache/metadata-108.htm
07-05 12:36:47.402   545 21522 I DownloadManager: in removeSpuriousFiles, preserving file /data/data/com.android.providers.downloads/cache/metadata-197.htm
07-05 12:36:47.402   545 21522 I DownloadManager: in removeSpuriousFiles, preserving file /data/data/com.android.providers.downloads/cache/metadata-79.htm
07-05 12:36:47.402   545 21522 I DownloadManager: in removeSpuriousFiles, preserving file /data/data/com.android.providers.downloads/cache/metadata-231.htm
07-05 12:36:47.402   545 21522 I DownloadManager: in removeSpuriousFiles, preserving file /data/data/com.android.providers.downloads/cache/metadata-394.htm
07-05 12:36:47.402   545 21522 I DownloadManager: in removeSpuriousFiles, preserving file /data/data/com.android.providers.downloads/cache/metadata-68.htm
07-05 12:36:47.402   545 21522 I DownloadManager: in removeSpuriousFiles, preserving file /data/data/com.android.providers.downloads/cache/metadata-122.htm
07-05 12:36:47.402   545 21522 I DownloadManager: in removeSpuriousFiles, preserving file /data/data/com.android.providers.downloads/cache/metadata-1191.htm
07-05 12:36:47.402   545 21522 I DownloadManager: in removeSpuriousFiles, preserving file /data/data/com.android.providers.downloads/cache/metadata-228.htm
07-05 12:36:47.402   545 21522 I DownloadManager: in removeSpuriousFiles, preserving file /data/data/com.android.providers.downloads/cache/metadata-284.htm
07-05 12:36:47.402   545 21522 I DownloadManager: in removeSpuriousFiles, preserving file /data/data/com.android.providers.downloads/cache/metadata-76.htm
07-05 12:36:47.402   545 21522 I DownloadManager: in removeSpuriousFiles, preserving file /data/data/com.android.providers.downloads/cache/metadata-169.htm
07-05 12:36:47.402   545 21522 I DownloadManager: in removeSpuriousFiles, preserving file /data/data/com.android.providers.downloads/cache/metadata-85.htm
07-05 12:36:47.402   545 21522 I DownloadManager: in removeSpuriousFiles, preserving file /data/data/com.android.providers.downloads/cache/metadata-202.htm
07-05 12:36:47.402   545 21522 I DownloadManager: in removeSpuriousFiles, preserving file /data/data/com.android.providers.downloads/cache/metadata-139.htm
07-05 12:36:47.402   545 21522 I DownloadManager: in removeSpuriousFiles, preserving file /data/data/com.android.providers.downloads/cache/metadata-123.htm
07-05 12:36:47.402   545 21522 I DownloadManager: in removeSpuriousFiles, preserving file /data/data/com.android.providers.downloads/cache/metadata-181.htm
07-05 12:36:47.402   545 21522 I DownloadManager: in removeSpuriousFiles, preserving file /data/data/com.android.providers.downloads/cache/metadata-91.htm
07-05 12:36:47.402   545 21522 I DownloadManager: in removeSpuriousFiles, preserving file /data/data/com.android.providers.downloads/cache/metadata-222.htm
07-05 12:36:47.402   545 21522 I DownloadManager: in removeSpuriousFiles, preserving file /data/data/com.android.providers.downloads/cache/metadata-254.htm
07-05 12:36:47.402   545 21522 I DownloadManager: in removeSpuriousFiles, preserving file /data/data/com.android.providers.downloads/cache/metadata-135.htm
07-05 12:36:47.402   545 21522 I DownloadManager: in removeSpuriousFiles, preserving file /data/data/com.android.providers.downloads/cache/metadata-164.htm
07-05 12:36:47.402   545 21522 I DownloadManager: in removeSpuriousFiles, preserving file /data/data/com.android.providers.downloads/cache/metadata-146.htm
07-05 12:36:47.402   545 21522 I DownloadManager: in removeSpuriousFiles, preserving file /data/data/com.android.providers.downloads/cache/metadata-383.htm
07-05 12:36:47.402   545 21522 I DownloadManager: in removeSpuriousFiles, preserving file /data/data/com.android.providers.downloads/cache/metadata-163.htm
07-05 12:36:47.402   545 21522 I DownloadManager: in removeSpuriousFiles, preserving file /data/data/com.android.providers.downloads/cache/metadata-1250.htm
07-05 12:36:47.402   545 21522 I DownloadManager: in removeSpuriousFiles, preserving file /data/data/com.android.providers.downloads/cache/metadata-206.htm
07-05 12:36:47.402   545 21522 I DownloadManager: in removeSpuriousFiles, preserving file /data/data/com.android.providers.downloads/cache/metadata-207.htm
07-05 12:36:47.402   545 21522 I DownloadManager: in removeSpuriousFiles, preserving file /data/data/com.android.providers.downloads/cache/metadata-218.htm
07-05 12:36:47.402   545 21522 I DownloadManager: in removeSpuriousFiles, preserving file /data/data/com.android.providers.downloads/cache/metadata-148.htm
07-05 12:36:47.402   545 21522 I DownloadManager: in removeSpuriousFiles, preserving file /data/data/com.android.providers.downloads/cache/metadata-300.htm
07-05 12:36:47.402   545 21522 I DownloadManager: in removeSpuriousFiles, preserving file /data/data/com.android.providers.downloads/cache/metadata-232.htm
07-05 12:36:47.402   545 21522 I DownloadManager: in removeSpuriousFiles, preserving file /data/data/com.android.providers.downloads/cache/metadata-227.htm
07-05 12:36:47.402   545 21522 I DownloadManager: in removeSpuriousFiles, preserving file /data/data/com.android.providers.downloads/cache/metadata-1372.htm
07-05 12:36:47.402   545 21522 I DownloadManager: in removeSpuriousFiles, preserving file /data/data/com.android.providers.downloads/cache/metadata-384.htm
07-05 12:36:47.402   545 21522 I DownloadManager: in removeSpuriousFiles, preserving file /data/data/com.android.providers.downloads/cache/metadata-237.htm
07-05 12:36:47.402   545 21522 I DownloadManager: in removeSpuriousFiles, preserving file /data/data/com.android.providers.downloads/cache/metadata-119.htm
07-05 12:36:47.406   545 21522 I DownloadManager: in removeSpuriousFiles, preserving file /data/data/com.android.providers.downloads/cache/metadata-2052.htm
07-05 12:36:47.406   545 21522 I DownloadManager: in removeSpuriousFiles, preserving file /data/data/com.android.providers.downloads/cache/metadata-1428.htm
07-05 12:36:47.406   545 21522 I DownloadManager: in removeSpuriousFiles, preserving file /data/data/com.android.providers.downloads/cache/metadata-667.htm
07-05 12:36:47.406   545 21522 I DownloadManager: in removeSpuriousFiles, preserving file /data/data/com.android.providers.downloads/cache/metadata-1652.htm
07-05 12:36:47.406   545 21522 I DownloadManager: in removeSpuriousFiles, preserving file /data/data/com.android.providers.downloads/cache/metadata-115.htm
07-05 12:36:47.406   545 21522 I DownloadManager: in removeSpuriousFiles, preserving file /data/data/com.android.providers.downloads/cache/metadata-406.htm
07-05 12:36:47.406   545 21522 I DownloadManager: in removeSpuriousFiles, preserving file /data/data/com.android.providers.downloads/cache/metadata-1500.htm
07-05 12:36:47.406   545 21522 I DownloadManager: in removeSpuriousFiles, preserving file /data/data/com.android.providers.downloads/cache/metadata-1496.htm
07-05 12:36:47.406   545 21522 I DownloadManager: in removeSpuriousFiles, preserving file /data/data/com.android.providers.downloads/cache/metadata-360.htm
07-05 12:36:47.406   545 21522 I DownloadManager: in removeSpuriousFiles, preserving file /data/data/com.android.providers.downloads/cache/metadata-249.htm
07-05 12:36:47.406   545 21522 I DownloadManager: in removeSpuriousFiles, preserving file /data/data/com.android.providers.downloads/cache/metadata-334.htm
07-05 12:36:47.406   545 21522 I DownloadManager: in removeSpuriousFiles, preserving file /data/data/com.android.providers.downloads/cache/metadata-709.htm
07-05 12:36:47.406   545 21522 I DownloadManager: in removeSpuriousFiles, preserving file /data/data/com.android.providers.downloads/cache/metadata-1504.htm
07-05 12:36:47.406   545 21522 I DownloadManager: in removeSpuriousFiles, preserving file /data/data/com.android.providers.downloads/cache/metadata-374.htm
07-05 12:36:47.406   545 21522 I DownloadManager: in removeSpuriousFiles, preserving file /data/data/com.android.providers.downloads/cache/metadata-252.htm
07-05 12:36:47.406   545 21522 I DownloadManager: in removeSpuriousFiles, preserving file /data/data/com.android.providers.downloads/cache/metadata-397.htm
07-05 12:36:47.406   545 21522 I DownloadManager: in removeSpuriousFiles, preserving file /data/data/com.android.providers.downloads/cache/metadata-80.htm
07-05 12:36:47.406   545 21522 I DownloadManager: in removeSpuriousFiles, preserving file /data/data/com.android.providers.downloads/cache/metadata-1222.htm
07-05 12:36:47.406   545 21522 I DownloadManager: in removeSpuriousFiles, preserving file /data/data/com.android.providers.downloads/cache/metadata-1767.htm
07-05 12:36:47.406   545 21522 I DownloadManager: in removeSpuriousFiles, preserving file /data/data/com.android.providers.downloads/cache/metadata-331.htm
07-05 12:36:47.406   545 21522 I DownloadManager: in removeSpuriousFiles, preserving file /data/data/com.android.providers.downloads/cache/metadata-145.htm
07-05 12:36:47.406   545 21522 I DownloadManager: in removeSpuriousFiles, preserving file /data/data/com.android.providers.downloads/cache/metadata-1919.htm
07-05 12:36:47.410   545 21522 I DownloadManager: in removeSpuriousFiles, preserving file /data/data/com.android.providers.downloads/cache/metadata-157.htm
07-05 12:36:47.410   545 21522 I DownloadManager: in removeSpuriousFiles, preserving file /data/data/com.android.providers.downloads/cache/metadata-623.htm
07-05 12:36:47.410   545 21522 I DownloadManager: in removeSpuriousFiles, preserving file /data/data/com.android.providers.downloads/cache/metadata-259.htm
07-05 12:36:47.410   545 21522 I DownloadManager: in removeSpuriousFiles, preserving file /data/data/com.android.providers.downloads/cache/metadata-2185.htm
07-05 12:36:47.410   545 21522 I DownloadManager: in removeSpuriousFiles, preserving file /data/data/com.android.providers.downloads/cache/metadata-78.htm
07-05 12:36:47.410   545 21522 I DownloadManager: in removeSpuriousFiles, preserving file /data/data/com.android.providers.downloads/cache/metadata-233.htm
07-05 12:36:47.410   545 21522 I DownloadManager: in removeSpuriousFiles, preserving file /data/data/com.android.providers.downloads/cache/metadata-824.htm
07-05 12:36:47.410   545 21522 I DownloadManager: in removeSpuriousFiles, preserving file /data/data/com.android.providers.downloads/cache/metadata-447.htm
07-05 12:36:47.410   545 21522 I DownloadManager: in removeSpuriousFiles, preserving file /data/data/com.android.providers.downloads/cache/metadata-345.htm
07-05 12:36:47.410   545 21522 I DownloadManager: in removeSpuriousFiles, preserving file /data/data/com.android.providers.downloads/cache/metadata-1298.htm
07-05 12:36:47.410   545 21522 I DownloadManager: in removeSpuriousFiles, preserving file /data/data/com.android.providers.downloads/cache/metadata-613.htm
07-05 12:36:47.410   545 21522 I DownloadManager: in removeSpuriousFiles, preserving file /data/data/com.android.providers.downloads/cache/metadata-323.htm
07-05 12:36:47.410   545 21522 I DownloadManager: in removeSpuriousFiles, preserving file /data/data/com.android.providers.downloads/cache/metadata-1757.htm
07-05 12:36:47.410   545 21522 I DownloadManager: in removeSpuriousFiles, preserving file /data/data/com.android.providers.downloads/cache/metadata-187.htm
07-05 12:36:47.410   545 21522 I DownloadManager: in removeSpuriousFiles, preserving file /data/data/com.android.providers.downloads/cache/metadata-446.htm
07-05 12:36:47.410   545 21522 I DownloadManager: in removeSpuriousFiles, preserving file /data/data/com.android.providers.downloads/cache/metadata-75.htm
07-05 12:36:47.410   545 21522 I DownloadManager: in removeSpuriousFiles, preserving file /data/data/com.android.providers.downloads/cache/metadata-1279.htm
07-05 12:36:47.414   545 21522 I DownloadManager: in removeSpuriousFiles, preserving file /data/data/com.android.providers.downloads/cache/metadata-381.htm
07-05 12:36:47.414   545 21522 I DownloadManager: in removeSpuriousFiles, preserving file /data/data/com.android.providers.downloads/cache/metadata-1546.htm
07-05 12:36:47.414   545 21522 I DownloadManager: in removeSpuriousFiles, preserving file /data/data/com.android.providers.downloads/cache/metadata-209.htm
07-05 12:36:47.414   545 21522 I DownloadManager: in removeSpuriousFiles, preserving file /data/data/com.android.providers.downloads/cache/metadata-158.htm
07-05 12:36:47.414   545 21522 I DownloadManager: in removeSpuriousFiles, preserving file /data/data/com.android.providers.downloads/cache/metadata-1838.htm
07-05 12:36:47.414   545 21522 I DownloadManager: in removeSpuriousFiles, preserving file /data/data/com.android.providers.downloads/cache/metadata-392.htm
07-05 12:36:47.414   545 21522 I DownloadManager: in removeSpuriousFiles, preserving file /data/data/com.android.providers.downloads/cache/metadata-2132.htm
07-05 12:36:47.414   545 21522 I DownloadManager: in removeSpuriousFiles, preserving file /data/data/com.android.providers.downloads/cache/metadata-273.htm
07-05 12:36:47.414   545 21522 I DownloadManager: in removeSpuriousFiles, preserving file /data/data/com.android.providers.downloads/cache/metadata-1991.htm
07-05 12:36:47.414   545 21522 I DownloadManager: in removeSpuriousFiles, preserving file /data/data/com.android.providers.downloads/cache/metadata-1471.htm
07-05 12:36:47.414   545 21522 I DownloadManager: in removeSpuriousFiles, preserving file /data/data/com.android.providers.downloads/cache/metadata-1148.htm
07-05 12:36:47.418   545 21522 I DownloadManager: in removeSpuriousFiles, preserving file /data/data/com.android.providers.downloads/cache/metadata-1540.htm
07-05 12:36:47.418   545 21522 I DownloadManager: in removeSpuriousFiles, preserving file /data/data/com.android.providers.downloads/cache/metadata-1178.htm
07-05 12:36:47.418   545 21522 I DownloadManager: in removeSpuriousFiles, preserving file /data/data/com.android.providers.downloads/cache/metadata-2544.htm
07-05 12:36:47.418   545 21522 I DownloadManager: in removeSpuriousFiles, preserving file /data/data/com.android.providers.downloads/cache/metadata-1456.htm
07-05 12:36:47.418   545 21522 I DownloadManager: in removeSpuriousFiles, preserving file /data/data/com.android.providers.downloads/cache/metadata-317.htm
07-05 12:36:47.418   545 21522 I DownloadManager: in removeSpuriousFiles, preserving file /data/data/com.android.providers.downloads/cache/metadata-368.htm
07-05 12:36:47.418   545 21522 I DownloadManager: in removeSpuriousFiles, preserving file /data/data/com.android.providers.downloads/cache/metadata-260.htm
07-05 12:36:47.418   545 21522 I DownloadManager: in removeSpuriousFiles, preserving file /data/data/com.android.providers.downloads/cache/metadata-896.htm
07-05 12:36:47.418   545 21522 I DownloadManager: in removeSpuriousFiles, preserving file /data/data/com.android.providers.downloads/cache/metadata-2021.htm
07-05 12:36:47.422   545 21522 I DownloadManager: in removeSpuriousFiles, preserving file /data/data/com.android.providers.downloads/cache/metadata-1247.htm
07-05 12:36:47.422   545 21522 I DownloadManager: in removeSpuriousFiles, preserving file /data/data/com.android.providers.downloads/cache/metadata-73.htm
07-05 12:36:47.422   545 21522 I DownloadManager: in removeSpuriousFiles, preserving file /data/data/com.android.providers.downloads/cache/metadata-17.htm
07-05 12:36:47.422   545 21522 I DownloadManager: in removeSpuriousFiles, preserving file /data/data/com.android.providers.downloads/cache/metadata-44.htm
07-05 12:36:47.422   545 21522 I DownloadManager: in removeSpuriousFiles, preserving file /data/data/com.android.providers.downloads/cache/metadata-312.htm
07-05 12:36:47.422   545 21522 I DownloadManager: in removeSpuriousFiles, preserving file /data/data/com.android.providers.downloads/cache/metadata-48.htm
07-05 12:36:47.422   545 21522 I DownloadManager: in removeSpuriousFiles, preserving file /data/data/com.android.providers.downloads/cache/metadata-96.htm
07-05 12:36:47.422   545 21522 I DownloadManager: in removeSpuriousFiles, preserving file /data/data/com.android.providers.downloads/cache/metadata-291.htm
07-05 12:36:47.422   545 21522 I DownloadManager: in removeSpuriousFiles, preserving file /data/data/com.android.providers.downloads/cache/metadata-159.htm
07-05 12:36:47.422   545 21522 I DownloadManager: in removeSpuriousFiles, preserving file /data/data/com.android.providers.downloads/cache/metadata-362.htm
07-05 12:36:47.422   545 21522 I DownloadManager: in removeSpuriousFiles, preserving file /data/data/com.android.providers.downloads/cache/metadata-141.htm
07-05 12:36:47.422   545 21522 I DownloadManager: in removeSpuriousFiles, preserving file /data/data/com.android.providers.downloads/cache/metadata-215.htm
07-05 12:36:47.422   545 21522 I DownloadManager: in removeSpuriousFiles, preserving file /data/data/com.android.providers.downloads/cache/metadata-90.htm
07-05 12:36:47.422   545 21522 I DownloadManager: in removeSpuriousFiles, preserving file /data/data/com.android.providers.downloads/cache/metadata-149.htm
07-05 12:36:47.422   545 21522 I DownloadManager: in removeSpuriousFiles, preserving file /data/data/com.android.providers.downloads/cache/metadata-267.htm
07-05 12:36:47.422   545 21522 I DownloadManager: in removeSpuriousFiles, preserving file /data/data/com.android.providers.downloads/cache/metadata-193.htm
07-05 12:36:47.422   545 21522 I DownloadManager: in removeSpuriousFiles, preserving file /data/data/com.android.providers.downloads/cache/metadata-351.htm
07-05 12:36:47.422   545 21522 I DownloadManager: in removeSpuriousFiles, preserving file /data/data/com.android.providers.downloads/cache/metadata-255.htm
07-05 12:36:47.422   545 21522 I DownloadManager: in removeSpuriousFiles, preserving file /data/data/com.android.providers.downloads/cache/metadata-107.htm
07-05 12:36:47.422   545 21522 I DownloadManager: in removeSpuriousFiles, preserving file /data/data/com.android.providers.downloads/cache/metadata-180.htm
07-05 12:36:47.422   545 21522 I DownloadManager: in removeSpuriousFiles, preserving file /data/data/com.android.providers.downloads/cache/metadata-154.htm
07-05 12:36:47.422   545 21522 I DownloadManager: in removeSpuriousFiles, preserving file /data/data/com.android.providers.downloads/cache/metadata-134.htm
07-05 12:36:47.422   545 21522 I DownloadManager: in removeSpuriousFiles, preserving file /data/data/com.android.providers.downloads/cache/metadata-280.htm
07-05 12:36:47.422   545 21522 I DownloadManager: in removeSpuriousFiles, preserving file /data/data/com.android.providers.downloads/cache/metadata-194.htm
07-05 12:36:47.422   545 21522 I DownloadManager: in removeSpuriousFiles, preserving file /data/data/com.android.providers.downloads/cache/metadata-170.htm
07-05 12:36:47.422   545 21522 I DownloadManager: in removeSpuriousFiles, preserving file /data/data/com.android.providers.downloads/cache/metadata-353.htm
07-05 12:36:47.422   545 21522 I DownloadManager: in removeSpuriousFiles, preserving file /data/data/com.android.providers.downloads/cache/metadata-459.htm
07-05 12:36:47.422   545 21522 I DownloadManager: in removeSpuriousFiles, preserving file /data/data/com.android.providers.downloads/cache/metadata-140.htm
07-05 12:36:47.422   545 21522 I DownloadManager: in removeSpuriousFiles, preserving file /data/data/com.android.providers.downloads/cache/metadata-303.htm
07-05 12:36:47.422   545 21522 I DownloadManager: in removeSpuriousFiles, preserving file /data/data/com.android.providers.downloads/cache/metadata-327.htm
07-05 12:36:47.422   545 21522 I DownloadManager: in removeSpuriousFiles, preserving file /data/data/com.android.providers.downloads/cache/metadata-243.htm
07-05 12:36:47.422   545 21522 I DownloadManager: in removeSpuriousFiles, preserving file /data/data/com.android.providers.downloads/cache/metadata-212.htm
07-05 12:36:47.422   545 21522 I DownloadManager: in removeSpuriousFiles, preserving file /data/data/com.android.providers.downloads/cache/metadata-190.htm
07-05 12:36:47.422   545 21522 I DownloadManager: in removeSpuriousFiles, preserving file /data/data/com.android.providers.downloads/cache/metadata-414.htm
07-05 12:36:47.422   545 21522 I DownloadManager: in removeSpuriousFiles, preserving file /data/data/com.android.providers.downloads/cache/metadata-274.htm
07-05 12:36:47.422   545 21522 I DownloadManager: in removeSpuriousFiles, preserving file /data/data/com.android.providers.downloads/cache/metadata-132.htm
07-05 12:36:47.422   545 21522 I DownloadManager: in removeSpuriousFiles, preserving file /data/data/com.android.providers.downloads/cache/metadata-229.htm
07-05 12:36:47.422   545 21522 I DownloadManager: in removeSpuriousFiles, preserving file /data/data/com.android.providers.downloads/cache/metadata-83.htm
07-05 12:36:47.425   545 21522 I DownloadManager: in removeSpuriousFiles, preserving file /data/data/com.android.providers.downloads/cache/metadata-450.htm
07-05 12:36:47.425   545 21522 I DownloadManager: in removeSpuriousFiles, preserving file /data/data/com.android.providers.downloads/cache/metadata-241.htm
07-05 12:36:47.425   545 21522 I DownloadManager: in removeSpuriousFiles, preserving file /data/data/com.android.providers.downloads/cache/metadata-336.htm
07-05 12:36:47.425   545 21522 I DownloadManager: in removeSpuriousFiles, preserving file /data/data/com.android.providers.downloads/cache/metadata-198.htm
07-05 12:36:47.425   545 21522 I DownloadManager: in removeSpuriousFiles, preserving file /data/data/com.android.providers.downloads/cache/metadata-262.htm
07-05 12:36:47.425   545 21522 I DownloadManager: in removeSpuriousFiles, preserving file /data/data/com.android.providers.downloads/cache/metadata-320.htm
07-05 12:36:47.425   545 21522 I DownloadManager: in removeSpuriousFiles, preserving file /data/data/com.android.providers.downloads/cache/metadata-128.htm
07-05 12:36:47.425   545 21522 I DownloadManager: in removeSpuriousFiles, preserving file /data/data/com.android.providers.downloads/cache/metadata-239.htm
07-05 12:36:47.425   545 21522 I DownloadManager: in removeSpuriousFiles, preserving file /data/data/com.android.providers.downloads/cache/metadata-358.htm
07-05 12:36:47.425   545 21522 I DownloadManager: in removeSpuriousFiles, preserving file /data/data/com.android.providers.downloads/cache/metadata-648.htm
07-05 12:36:47.425   545 21522 I DownloadManager: in removeSpuriousFiles, preserving file /data/data/com.android.providers.downloads/cache/metadata-314.htm
07-05 12:36:47.425   545 21522 I DownloadManager: in removeSpuriousFiles, preserving file /data/data/com.android.providers.downloads/cache/metadata-105.htm
07-05 12:36:47.425   545 21522 I DownloadManager: in removeSpuriousFiles, preserving file /data/data/com.android.providers.downloads/cache/metadata-1782.htm
07-05 12:36:47.425   545 21522 I DownloadManager: in removeSpuriousFiles, preserving file /data/data/com.android.providers.downloads/cache/metadata-2081.htm
07-05 12:36:47.425   545 21522 I DownloadManager: in removeSpuriousFiles, preserving file /data/data/com.android.providers.downloads/cache/metadata-457.htm
07-05 12:36:47.425   545 21522 I DownloadManager: in removeSpuriousFiles, preserving file /data/data/com.android.providers.downloads/cache/metadata-138.htm
07-05 12:36:47.425   545 21522 I DownloadManager: in removeSpuriousFiles, preserving file /data/data/com.android.providers.downloads/cache/metadata-460.htm
07-05 12:36:47.425   545 21522 I DownloadManager: in removeSpuriousFiles, preserving file /data/data/com.android.providers.downloads/cache/metadata-136.htm
07-05 12:36:47.425   545 21522 I DownloadManager: in removeSpuriousFiles, preserving file /data/data/com.android.providers.downloads/cache/metadata-297.htm
07-05 12:36:47.425   545 21522 I DownloadManager: in removeSpuriousFiles, preserving file /data/data/com.android.providers.downloads/cache/metadata-417.htm
07-05 12:36:47.425   545 21522 I DownloadManager: in removeSpuriousFiles, preserving file /data/data/com.android.providers.downloads/cache/metadata-156.htm
07-05 12:36:47.425   545 21522 I DownloadManager: in removeSpuriousFiles, preserving file /data/data/com.android.providers.downloads/cache/metadata-211.htm
07-05 12:36:47.425   545 21522 I DownloadManager: in removeSpuriousFiles, preserving file /data/data/com.android.providers.downloads/cache/metadata-348.htm
07-05 12:36:47.425   545 21522 I DownloadManager: in removeSpuriousFiles, preserving file /data/data/com.android.providers.downloads/cache/metadata-420.htm
07-05 12:36:47.425   545 21522 I DownloadManager: in removeSpuriousFiles, preserving file /data/data/com.android.providers.downloads/cache/metadata-117.htm
07-05 12:36:47.425   545 21522 I DownloadManager: in removeSpuriousFiles, preserving file /data/data/com.android.providers.downloads/cache/metadata-261.htm
07-05 12:36:47.425   545 21522 I DownloadManager: in removeSpuriousFiles, preserving file /data/data/com.android.providers.downloads/cache/metadata-1288.htm
07-05 12:36:47.425   545 21522 I DownloadManager: in removeSpuriousFiles, preserving file /data/data/com.android.providers.downloads/cache/metadata-412.htm
07-05 12:36:47.425   545 21522 I DownloadManager: in removeSpuriousFiles, preserving file /data/data/com.android.providers.downloads/cache/metadata-1864.htm
07-05 12:36:47.425   545 21522 I DownloadManager: in removeSpuriousFiles, preserving file /data/data/com.android.providers.downloads/cache/metadata-418.htm
07-05 12:36:47.425   545 21522 I DownloadManager: in removeSpuriousFiles, preserving file /data/data/com.android.providers.downloads/cache/metadata-100.htm
07-05 12:36:47.425   545 21522 I DownloadManager: in removeSpuriousFiles, preserving file /data/data/com.android.providers.downloads/cache/metadata-276.htm
07-05 12:36:47.425   545 21522 I DownloadManager: in removeSpuriousFiles, preserving file /data/data/com.android.providers.downloads/cache/metadata-422.htm
07-05 12:36:47.425   545 21522 I DownloadManager: in removeSpuriousFiles, preserving file /data/data/com.android.providers.downloads/cache/metadata-236.htm
07-05 12:36:47.425   545 21522 I DownloadManager: in removeSpuriousFiles, preserving file /data/data/com.android.providers.downloads/cache/metadata-282.htm
07-05 12:36:47.429   545 21522 I DownloadManager: in removeSpuriousFiles, preserving file /data/data/com.android.providers.downloads/cache/metadata-388.htm
07-05 12:36:47.429   545 21522 I DownloadManager: in removeSpuriousFiles, preserving file /data/data/com.android.providers.downloads/cache/metadata-213.htm
07-05 12:36:47.429   545 21522 I DownloadManager: in removeSpuriousFiles, preserving file /data/data/com.android.providers.downloads/cache/metadata-921.htm
07-05 12:36:47.429   545 21522 I DownloadManager: in removeSpuriousFiles, preserving file /data/data/com.android.providers.downloads/cache/metadata-354.htm
07-05 12:36:47.429   545 21522 I DownloadManager: in removeSpuriousFiles, preserving file /data/data/com.android.providers.downloads/cache/metadata-486.htm
07-05 12:36:47.429   545 21522 I DownloadManager: in removeSpuriousFiles, preserving file /data/data/com.android.providers.downloads/cache/metadata-436.htm
07-05 12:36:47.429   545 21522 I DownloadManager: in removeSpuriousFiles, preserving file /data/data/com.android.providers.downloads/cache/metadata-369.htm
07-05 12:36:47.429   545 21522 I DownloadManager: in removeSpuriousFiles, preserving file /data/data/com.android.providers.downloads/cache/metadata-225.htm
07-05 12:36:47.429   545 21522 I DownloadManager: in removeSpuriousFiles, preserving file /data/data/com.android.providers.downloads/cache/metadata-349.htm
07-05 12:36:47.429   545 21522 I DownloadManager: in removeSpuriousFiles, preserving file /data/data/com.android.providers.downloads/cache/metadata-278.htm
07-05 12:36:47.429   545 21522 I DownloadManager: in removeSpuriousFiles, preserving file /data/data/com.android.providers.downloads/cache/metadata-1293.htm
07-05 12:36:47.429   545 21522 I DownloadManager: in removeSpuriousFiles, preserving file /data/data/com.android.providers.downloads/cache/metadata-1172.htm
07-05 12:36:47.429   545 21522 I DownloadManager: in removeSpuriousFiles, preserving file /data/data/com.android.providers.downloads/cache/metadata-427.htm
07-05 12:36:47.429   545 21522 I DownloadManager: in removeSpuriousFiles, preserving file /data/data/com.android.providers.downloads/cache/metadata-1536.htm
07-05 12:36:47.429   545 21522 I DownloadManager: in removeSpuriousFiles, preserving file /data/data/com.android.providers.downloads/cache/metadata-266.htm
07-05 12:36:47.429   545 21522 I DownloadManager: in removeSpuriousFiles, preserving file /data/data/com.android.providers.downloads/cache/metadata-113.htm
07-05 12:36:47.429   545 21522 I DownloadManager: in removeSpuriousFiles, preserving file /data/data/com.android.providers.downloads/cache/metadata-1688.htm
07-05 12:36:47.429   545 21522 I DownloadManager: in removeSpuriousFiles, preserving file /data/data/com.android.providers.downloads/cache/metadata-2314.htm
07-05 12:36:47.429   545 21522 I DownloadManager: in removeSpuriousFiles, preserving file /data/data/com.android.providers.downloads/cache/metadata-94.htm
07-05 12:36:47.429   545 21522 I DownloadManager: in removeSpuriousFiles, preserving file /data/data/com.android.providers.downloads/cache/metadata-1111.htm
07-05 12:36:47.429   545 21522 I DownloadManager: in removeSpuriousFiles, preserving file /data/data/com.android.providers.downloads/cache/metadata-1872.htm
07-05 12:36:47.429   545 21522 I DownloadManager: in removeSpuriousFiles, preserving file /data/data/com.android.providers.downloads/cache/metadata-439.htm
07-05 12:36:47.429   545 21522 I DownloadManager: in removeSpuriousFiles, preserving file /data/data/com.android.providers.downloads/cache/metadata-836.htm
07-05 12:36:47.433   545 21522 I DownloadManager: in removeSpuriousFiles, preserving file /data/data/com.android.providers.downloads/cache/metadata-184.htm
07-05 12:36:47.433   545 21522 I DownloadManager: in removeSpuriousFiles, preserving file /data/data/com.android.providers.downloads/cache/metadata-639.htm
07-05 12:36:47.433   545 21522 I DownloadManager: in removeSpuriousFiles, preserving file /data/data/com.android.providers.downloads/cache/metadata-2175.htm
07-05 12:36:47.433   545 21522 I DownloadManager: in removeSpuriousFiles, preserving file /data/data/com.android.providers.downloads/cache/metadata-2206.htm
07-05 12:36:47.433   545 21522 I DownloadManager: in removeSpuriousFiles, preserving file /data/data/com.android.providers.downloads/cache/metadata-385.htm
07-05 12:36:47.433   545 21522 I DownloadManager: in removeSpuriousFiles, preserving file /data/data/com.android.providers.downloads/cache/metadata-480.htm
07-05 12:36:47.433   545 21522 I DownloadManager: in removeSpuriousFiles, preserving file /data/data/com.android.providers.downloads/cache/metadata-379.htm
07-05 12:36:47.433   545 21522 I DownloadManager: in removeSpuriousFiles, preserving file /data/data/com.android.providers.downloads/cache/metadata-428.htm
07-05 12:36:47.433   545 21522 I DownloadManager: in removeSpuriousFiles, preserving file /data/data/com.android.providers.downloads/cache/metadata-1616.htm
07-05 12:36:47.433   545 21522 I DownloadManager: in removeSpuriousFiles, preserving file /data/data/com.android.providers.downloads/cache/metadata-1059.htm
07-05 12:36:47.433   545 21522 I DownloadManager: in removeSpuriousFiles, preserving file /data/data/com.android.providers.downloads/cache/metadata-2090.htm
07-05 12:36:47.433   545 21522 I DownloadManager: in removeSpuriousFiles, preserving file /data/data/com.android.providers.downloads/cache/metadata-1153.htm
07-05 12:36:47.433   545 21522 I DownloadManager: in removeSpuriousFiles, preserving file /data/data/com.android.providers.downloads/cache/metadata-2435.htm
07-05 12:36:47.433   545 21522 I DownloadManager: in removeSpuriousFiles, preserving file /data/data/com.android.providers.downloads/cache/metadata-1299.htm
07-05 12:36:47.433   545 21522 I DownloadManager: in removeSpuriousFiles, preserving file /data/data/com.android.providers.downloads/cache/metadata-277.htm
07-05 12:36:47.437   545 21522 I DownloadManager: in removeSpuriousFiles, preserving file /data/data/com.android.providers.downloads/cache/metadata-1232.htm
07-05 12:36:47.437   545 21522 I DownloadManager: in removeSpuriousFiles, preserving file /data/data/com.android.providers.downloads/cache/metadata-552.htm
07-05 12:36:47.437   545 21522 I DownloadManager: in removeSpuriousFiles, preserving file /data/data/com.android.providers.downloads/cache/metadata-975.htm
07-05 12:36:47.437   545 21522 I DownloadManager: in removeSpuriousFiles, preserving file /data/data/com.android.providers.downloads/cache/metadata-852.htm
07-05 12:36:47.437   545 21522 I DownloadManager: in removeSpuriousFiles, preserving file /data/data/com.android.providers.downloads/cache/metadata-2164.htm
07-05 12:36:47.437   545 21522 I DownloadManager: in removeSpuriousFiles, preserving file /data/data/com.android.providers.downloads/cache/metadata-500.htm
07-05 12:36:47.437   545 21522 I DownloadManager: in removeSpuriousFiles, preserving file /data/data/com.android.providers.downloads/cache/metadata-404.htm
07-05 12:36:47.437   545 21522 I DownloadManager: in removeSpuriousFiles, preserving file /data/data/com.android.providers.downloads/cache/metadata-1633.htm
07-05 12:36:47.437   545 21522 I DownloadManager: in removeSpuriousFiles, preserving file /data/data/com.android.providers.downloads/cache/metadata-424.htm
07-05 12:36:47.437   545 21522 I DownloadManager: in removeSpuriousFiles, preserving file /data/data/com.android.providers.downloads/cache/metadata-81.htm
07-05 12:36:47.437   545 21522 I DownloadManager: in removeSpuriousFiles, preserving file /data/data/com.android.providers.downloads/cache/metadata-955.htm
07-05 12:36:47.441   545 21522 I DownloadManager: in removeSpuriousFiles, preserving file /data/data/com.android.providers.downloads/cache/metadata-1589.htm
07-05 12:36:47.441   545 21522 I DownloadManager: in removeSpuriousFiles, preserving file /data/data/com.android.providers.downloads/cache/metadata-2051.htm
07-05 12:36:47.441   545 21522 I DownloadManager: in removeSpuriousFiles, preserving file /data/data/com.android.providers.downloads/cache/metadata-386.htm
07-05 12:36:47.441   545 21522 I DownloadManager: in removeSpuriousFiles, preserving file /data/data/com.android.providers.downloads/cache/metadata-133.htm
07-05 12:36:47.441   545 21522 I DownloadManager: in removeSpuriousFiles, preserving file /data/data/com.android.providers.downloads/cache/metadata-45.htm
07-05 12:36:47.441   545 21522 I DownloadManager: in removeSpuriousFiles, preserving file /data/data/com.android.providers.downloads/cache/metadata-214.htm
07-05 12:36:47.441   545 21522 I DownloadManager: in removeSpuriousFiles, preserving file /data/data/com.android.providers.downloads/cache/metadata-467.htm
07-05 12:36:47.441   545 21522 I DownloadManager: in removeSpuriousFiles, preserving file /data/data/com.android.providers.downloads/cache/metadata-155.htm
07-05 12:36:47.441   545 21522 I DownloadManager: in removeSpuriousFiles, preserving file /data/data/com.android.providers.downloads/cache/metadata-248.htm
07-05 12:36:47.441   545 21522 I DownloadManager: in removeSpuriousFiles, preserving file /data/data/com.android.providers.downloads/cache/metadata-52.htm
07-05 12:36:47.441   545 21522 I DownloadManager: in removeSpuriousFiles, preserving file /data/data/com.android.providers.downloads/cache/metadata-288.htm
07-05 12:36:47.441   545 21522 I DownloadManager: in removeSpuriousFiles, preserving file /data/data/com.android.providers.downloads/cache/metadata-226.htm
07-05 12:36:47.441   545 21522 I DownloadManager: in removeSpuriousFiles, preserving file /data/data/com.android.providers.downloads/cache/metadata-210.htm
07-05 12:36:47.441   545 21522 I DownloadManager: in removeSpuriousFiles, preserving file /data/data/com.android.providers.downloads/cache/metadata-175.htm
07-05 12:36:47.441   545 21522 I DownloadManager: in removeSpuriousFiles, preserving file /data/data/com.android.providers.downloads/cache/metadata-257.htm
07-05 12:36:47.441   545 21522 I DownloadManager: in removeSpuriousFiles, preserving file /data/data/com.android.providers.downloads/cache/metadata-409.htm
07-05 12:36:47.441   545 21522 I DownloadManager: in removeSpuriousFiles, preserving file /data/data/com.android.providers.downloads/cache/metadata-285.htm
07-05 12:36:47.441   545 21522 I DownloadManager: in removeSpuriousFiles, preserving file /data/data/com.android.providers.downloads/cache/metadata-305.htm
07-05 12:36:47.441   545 21522 I DownloadManager: in removeSpuriousFiles, preserving file /data/data/com.android.providers.downloads/cache/metadata-343.htm
07-05 12:36:47.441   545 21522 I DownloadManager: in removeSpuriousFiles, preserving file /data/data/com.android.providers.downloads/cache/metadata-246.htm
07-05 12:36:47.441   545 21522 I DownloadManager: in removeSpuriousFiles, preserving file /data/data/com.android.providers.downloads/cache/metadata-166.htm
07-05 12:36:47.441   545 21522 I DownloadManager: in removeSpuriousFiles, preserving file /data/data/com.android.providers.downloads/cache/metadata-103.htm
07-05 12:36:47.441   545 21522 I DownloadManager: in removeSpuriousFiles, preserving file /data/data/com.android.providers.downloads/cache/metadata-63.htm
07-05 12:36:47.441   545 21522 I DownloadManager: in removeSpuriousFiles, preserving file /data/data/com.android.providers.downloads/cache/metadata-1937.htm
07-05 12:36:47.441   545 21522 I DownloadManager: in removeSpuriousFiles, preserving file /data/data/com.android.providers.downloads/cache/metadata-65.htm
07-05 12:36:47.441   545 21522 I DownloadManager: in removeSpuriousFiles, preserving file /data/data/com.android.providers.downloads/cache/metadata-97.htm
07-05 12:36:47.441   545 21522 I DownloadManager: in removeSpuriousFiles, preserving file /data/data/com.android.providers.downloads/cache/metadata-234.htm
07-05 12:36:47.441   545 21522 I DownloadManager: in removeSpuriousFiles, preserving file /data/data/com.android.providers.downloads/cache/metadata-389.htm
07-05 12:36:47.441   545 21522 I DownloadManager: in removeSpuriousFiles, preserving file /data/data/com.android.providers.downloads/cache/metadata-520.htm
07-05 12:36:47.441   545 21522 I DownloadManager: in removeSpuriousFiles, preserving file /data/data/com.android.providers.downloads/cache/metadata-396.htm
07-05 12:36:47.441   545 21522 I DownloadManager: in removeSpuriousFiles, preserving file /data/data/com.android.providers.downloads/cache/metadata-1098.htm
07-05 12:36:47.441   545 21522 I DownloadManager: in removeSpuriousFiles, preserving file /data/data/com.android.providers.downloads/cache/metadata-310.htm
07-05 12:36:47.441   545 21522 I DownloadManager: in removeSpuriousFiles, preserving file /data/data/com.android.providers.downloads/cache/metadata-242.htm
07-05 12:36:47.445   545 21522 I DownloadManager: in removeSpuriousFiles, preserving file /data/data/com.android.providers.downloads/cache/metadata-66.htm
07-05 12:36:47.445   545 21522 I DownloadManager: in removeSpuriousFiles, preserving file /data/data/com.android.providers.downloads/cache/metadata-283.htm
07-05 12:36:47.445   545 21522 I DownloadManager: in removeSpuriousFiles, preserving file /data/data/com.android.providers.downloads/cache/metadata-380.htm
07-05 12:36:47.445   545 21522 I DownloadManager: in removeSpuriousFiles, preserving file /data/data/com.android.providers.downloads/cache/metadata-165.htm
07-05 12:36:47.445   545 21522 I DownloadManager: in removeSpuriousFiles, preserving file /data/data/com.android.providers.downloads/cache/metadata-144.htm
07-05 12:36:47.445   545 21522 I DownloadManager: in removeSpuriousFiles, preserving file /data/data/com.android.providers.downloads/cache/metadata-275.htm
07-05 12:36:47.445   545 21522 I DownloadManager: in removeSpuriousFiles, preserving file /data/data/com.android.providers.downloads/cache/metadata-93.htm
07-05 12:36:47.445   545 21522 I DownloadManager: in removeSpuriousFiles, preserving file /data/data/com.android.providers.downloads/cache/metadata-335.htm
07-05 12:36:47.445   545 21522 I DownloadManager: in removeSpuriousFiles, preserving file /data/data/com.android.providers.downloads/cache/metadata-2126.htm
07-05 12:36:47.445   545 21522 I DownloadManager: in removeSpuriousFiles, preserving file /data/data/com.android.providers.downloads/cache/metadata-476.htm
07-05 12:36:47.445   545 21522 I DownloadManager: in removeSpuriousFiles, preserving file /data/data/com.android.providers.downloads/cache/metadata-279.htm
07-05 12:36:47.445   545 21522 I DownloadManager: in removeSpuriousFiles, preserving file /data/data/com.android.providers.downloads/cache/metadata-461.htm
07-05 12:36:47.445   545 21522 I DownloadManager: in removeSpuriousFiles, preserving file /data/data/com.android.providers.downloads/cache/metadata-357.htm
07-05 12:36:47.445   545 21522 I DownloadManager: in removeSpuriousFiles, preserving file /data/data/com.android.providers.downloads/cache/metadata-452.htm
07-05 12:36:47.445   545 21522 I DownloadManager: in removeSpuriousFiles, preserving file /data/data/com.android.providers.downloads/cache/metadata-1356.htm
07-05 12:36:47.445   545 21522 I DownloadManager: in removeSpuriousFiles, preserving file /data/data/com.android.providers.downloads/cache/metadata-1227.htm
07-05 12:36:47.445   545 21522 I DownloadManager: in removeSpuriousFiles, preserving file /data/data/com.android.providers.downloads/cache/metadata-465.htm
07-05 12:36:47.445   545 21522 I DownloadManager: in removeSpuriousFiles, preserving file /data/data/com.android.providers.downloads/cache/metadata-251.htm
07-05 12:36:47.445   545 21522 I DownloadManager: in removeSpuriousFiles, preserving file /data/data/com.android.providers.downloads/cache/metadata-253.htm
07-05 12:36:47.445   545 21522 I DownloadManager: in removeSpuriousFiles, preserving file /data/data/com.android.providers.downloads/cache/metadata-338.htm
07-05 12:36:47.445   545 21522 I DownloadManager: in removeSpuriousFiles, preserving file /data/data/com.android.providers.downloads/cache/metadata-1037.htm
07-05 12:36:47.445   545 21522 I DownloadManager: in removeSpuriousFiles, preserving file /data/data/com.android.providers.downloads/cache/metadata-84.htm
07-05 12:36:47.445   545 21522 I DownloadManager: in removeSpuriousFiles, preserving file /data/data/com.android.providers.downloads/cache/metadata-568.htm
07-05 12:36:47.445   545 21522 I DownloadManager: in removeSpuriousFiles, preserving file /data/data/com.android.providers.downloads/cache/metadata-501.htm
07-05 12:36:47.445   545 21522 I DownloadManager: in removeSpuriousFiles, preserving file /data/data/com.android.providers.downloads/cache/metadata-329.htm
07-05 12:36:47.445   545 21522 I DownloadManager: in removeSpuriousFiles, preserving file /data/data/com.android.providers.downloads/cache/metadata-1915.htm
07-05 12:36:47.445   545 21522 I DownloadManager: in removeSpuriousFiles, preserving file /data/data/com.android.providers.downloads/cache/metadata-431.htm
07-05 12:36:47.445   545 21522 I DownloadManager: in removeSpuriousFiles, preserving file /data/data/com.android.providers.downloads/cache/metadata-269.htm
07-05 12:36:47.445   545 21522 I DownloadManager: in removeSpuriousFiles, preserving file /data/data/com.android.providers.downloads/cache/metadata-1706.htm
07-05 12:36:47.445   545 21522 I DownloadManager: in removeSpuriousFiles, preserving file /data/data/com.android.providers.downloads/cache/metadata-1728.htm
07-05 12:36:47.445   545 21522 I DownloadManager: in removeSpuriousFiles, preserving file /data/data/com.android.providers.downloads/cache/metadata-1468.htm
07-05 12:36:47.445   545 21522 I DownloadManager: in removeSpuriousFiles, preserving file /data/data/com.android.providers.downloads/cache/metadata-256.htm
07-05 12:36:47.445   545 21522 I DownloadManager: in removeSpuriousFiles, preserving file /data/data/com.android.providers.downloads/cache/metadata-675.htm
07-05 12:36:47.445   545 21522 I DownloadManager: in removeSpuriousFiles, preserving file /data/data/com.android.providers.downloads/cache/metadata-298.htm
07-05 12:36:47.445   545 21522 I DownloadManager: in removeSpuriousFiles, preserving file /data/data/com.android.providers.downloads/cache/metadata-199.htm
07-05 12:36:47.445   545 21522 I DownloadManager: in removeSpuriousFiles, preserving file /data/data/com.android.providers.downloads/cache/metadata-265.htm
07-05 12:36:47.445   545 21522 I DownloadManager: in removeSpuriousFiles, preserving file /data/data/com.android.providers.downloads/cache/metadata-281.htm
07-05 12:36:47.449   545 21522 I DownloadManager: in removeSpuriousFiles, preserving file /data/data/com.android.providers.downloads/cache/metadata-544.htm
07-05 12:36:47.449   545 21522 I DownloadManager: in removeSpuriousFiles, preserving file /data/data/com.android.providers.downloads/cache/metadata-341.htm
07-05 12:36:47.449   545 21522 I DownloadManager: in removeSpuriousFiles, preserving file /data/data/com.android.providers.downloads/cache/metadata-337.htm
07-05 12:36:47.449   545 21522 I DownloadManager: in removeSpuriousFiles, preserving file /data/data/com.android.providers.downloads/cache/metadata-270.htm
07-05 12:36:47.449   545 21522 I DownloadManager: in removeSpuriousFiles, preserving file /data/data/com.android.providers.downloads/cache/metadata-1283.htm
07-05 12:36:47.449   545 21522 I DownloadManager: in removeSpuriousFiles, preserving file /data/data/com.android.providers.downloads/cache/metadata-1502.htm
07-05 12:36:47.449   545 21522 I DownloadManager: in removeSpuriousFiles, preserving file /data/data/com.android.providers.downloads/cache/metadata-411.htm
07-05 12:36:47.449   545 21522 I DownloadManager: in removeSpuriousFiles, preserving file /data/data/com.android.providers.downloads/cache/metadata-472.htm
07-05 12:36:47.449   545 21522 I DownloadManager: in removeSpuriousFiles, preserving file /data/data/com.android.providers.downloads/cache/metadata-494.htm
07-05 12:36:47.449   545 21522 I DownloadManager: in removeSpuriousFiles, preserving file /data/data/com.android.providers.downloads/cache/metadata-408.htm
07-05 12:36:47.449   545 21522 I DownloadManager: in removeSpuriousFiles, preserving file /data/data/com.android.providers.downloads/cache/metadata-1939.htm
07-05 12:36:47.449   545 21522 I DownloadManager: in removeSpuriousFiles, preserving file /data/data/com.android.providers.downloads/cache/metadata-1082.htm
07-05 12:36:47.449   545 21522 I DownloadManager: in removeSpuriousFiles, preserving file /data/data/com.android.providers.downloads/cache/metadata-375.htm
07-05 12:36:47.449   545 21522 I DownloadManager: in removeSpuriousFiles, preserving file /data/data/com.android.providers.downloads/cache/metadata-390.htm
07-05 12:36:47.449   545 21522 I DownloadManager: in removeSpuriousFiles, preserving file /data/data/com.android.providers.downloads/cache/metadata-419.htm
07-05 12:36:47.449   545 21522 I DownloadManager: in removeSpuriousFiles, preserving file /data/data/com.android.providers.downloads/cache/metadata-415.htm
07-05 12:36:47.449   545 21522 I DownloadManager: in removeSpuriousFiles, preserving file /data/data/com.android.providers.downloads/cache/metadata-1007.htm
07-05 12:36:47.449   545 21522 I DownloadManager: in removeSpuriousFiles, preserving file /data/data/com.android.providers.downloads/cache/metadata-485.htm
07-05 12:36:47.449   545 21522 I DownloadManager: in removeSpuriousFiles, preserving file /data/data/com.android.providers.downloads/cache/metadata-469.htm
07-05 12:36:47.449   545 21522 I DownloadManager: in removeSpuriousFiles, preserving file /data/data/com.android.providers.downloads/cache/metadata-382.htm
07-05 12:36:47.449   545 21522 I DownloadManager: in removeSpuriousFiles, preserving file /data/data/com.android.providers.downloads/cache/metadata-462.htm
07-05 12:36:47.449   545 21522 I DownloadManager: in removeSpuriousFiles, preserving file /data/data/com.android.providers.downloads/cache/metadata-421.htm
07-05 12:36:47.449   545 21522 I DownloadManager: in removeSpuriousFiles, preserving file /data/data/com.android.providers.downloads/cache/metadata-971.htm
07-05 12:36:47.449   545 21522 I DownloadManager: in removeSpuriousFiles, preserving file /data/data/com.android.providers.downloads/cache/metadata-507.htm
07-05 12:36:47.449   545 21522 I DownloadManager: in removeSpuriousFiles, preserving file /data/data/com.android.providers.downloads/cache/metadata-250.htm
07-05 12:36:47.449   545 21522 I DownloadManager: in removeSpuriousFiles, preserving file /data/data/com.android.providers.downloads/cache/metadata-399.htm
07-05 12:36:47.449   545 21522 I DownloadManager: in removeSpuriousFiles, preserving file /data/data/com.android.providers.downloads/cache/metadata-186.htm
07-05 12:36:47.449   545 21522 I DownloadManager: in removeSpuriousFiles, preserving file /data/data/com.android.providers.downloads/cache/metadata-488.htm
07-05 12:36:47.449   545 21522 I DownloadManager: in removeSpuriousFiles, preserving file /data/data/com.android.providers.downloads/cache/metadata-1156.htm
07-05 12:36:47.449   545 21522 I DownloadManager: in removeSpuriousFiles, preserving file /data/data/com.android.providers.downloads/cache/metadata-1146.htm
07-05 12:36:47.453   545 21522 I DownloadManager: in removeSpuriousFiles, preserving file /data/data/com.android.providers.downloads/cache/metadata-1106.htm
07-05 12:36:47.453   545 21522 I DownloadManager: in removeSpuriousFiles, preserving file /data/data/com.android.providers.downloads/cache/metadata-367.htm
07-05 12:36:47.453   545 21522 I DownloadManager: in removeSpuriousFiles, preserving file /data/data/com.android.providers.downloads/cache/metadata-463.htm
07-05 12:36:47.453   545 21522 I DownloadManager: in removeSpuriousFiles, preserving file /data/data/com.android.providers.downloads/cache/metadata-316.htm
07-05 12:36:47.453   545 21522 I DownloadManager: in removeSpuriousFiles, preserving file /data/data/com.android.providers.downloads/cache/metadata-518.htm
07-05 12:36:47.453   545 21522 I DownloadManager: in removeSpuriousFiles, preserving file /data/data/com.android.providers.downloads/cache/metadata-2105.htm
07-05 12:36:47.453   545 21522 I DownloadManager: in removeSpuriousFiles, preserving file /data/data/com.android.providers.downloads/cache/metadata-322.htm
07-05 12:36:47.453   545 21522 I DownloadManager: in removeSpuriousFiles, preserving file /data/data/com.android.providers.downloads/cache/metadata-1042.htm
07-05 12:36:47.453   545 21522 I DownloadManager: in removeSpuriousFiles, preserving file /data/data/com.android.providers.downloads/cache/metadata-1876.htm
07-05 12:36:47.453   545 21522 I DownloadManager: in removeSpuriousFiles, preserving file /data/data/com.android.providers.downloads/cache/metadata-680.htm
07-05 12:36:47.453   545 21522 I DownloadManager: in removeSpuriousFiles, preserving file /data/data/com.android.providers.downloads/cache/metadata-2057.htm
07-05 12:36:47.453   545 21522 I DownloadManager: in removeSpuriousFiles, preserving file /data/data/com.android.providers.downloads/cache/metadata-724.htm
07-05 12:36:47.453   545 21522 I DownloadManager: in removeSpuriousFiles, preserving file /data/data/com.android.providers.downloads/cache/metadata-790.htm
07-05 12:36:47.453   545 21522 I DownloadManager: in removeSpuriousFiles, preserving file /data/data/com.android.providers.downloads/cache/metadata-1030.htm
07-05 12:36:47.453   545 21522 I DownloadManager: in removeSpuriousFiles, preserving file /data/data/com.android.providers.downloads/cache/metadata-426.htm
07-05 12:36:47.453   545 21522 I DownloadManager: in removeSpuriousFiles, preserving file /data/data/com.android.providers.downloads/cache/metadata-1345.htm
07-05 12:36:47.453   545 21522 I DownloadManager: in removeSpuriousFiles, preserving file /data/data/com.android.providers.downloads/cache/metadata-1396.htm
07-05 12:36:47.457   545 21522 I DownloadManager: in removeSpuriousFiles, preserving file /data/data/com.android.providers.downloads/cache/metadata-403.htm
07-05 12:36:47.457   545 21522 I DownloadManager: in removeSpuriousFiles, preserving file /data/data/com.android.providers.downloads/cache/metadata-359.htm
07-05 12:36:47.457   545 21522 I DownloadManager: in removeSpuriousFiles, preserving file /data/data/com.android.providers.downloads/cache/metadata-917.htm
07-05 12:36:47.457   545 21522 I DownloadManager: in removeSpuriousFiles, preserving file /data/data/com.android.providers.downloads/cache/metadata-854.htm
07-05 12:36:47.457   545 21522 I DownloadManager: in removeSpuriousFiles, preserving file /data/data/com.android.providers.downloads/cache/metadata-748.htm
07-05 12:36:47.457   545 21522 I DownloadManager: in removeSpuriousFiles, preserving file /data/data/com.android.providers.downloads/cache/metadata-1269.htm
07-05 12:36:47.457   545 21522 I DownloadManager: in removeSpuriousFiles, preserving file /data/data/com.android.providers.downloads/cache/metadata-682.htm
07-05 12:36:47.457   545 21522 I DownloadManager: in removeSpuriousFiles, preserving file /data/data/com.android.providers.downloads/cache/metadata-1845.htm
07-05 12:36:47.457   545 21522 I DownloadManager: in removeSpuriousFiles, preserving file /data/data/com.android.providers.downloads/cache/metadata-2522.htm
07-05 12:36:47.457   545 21522 I DownloadManager: in removeSpuriousFiles, preserving file /data/data/com.android.providers.downloads/cache/metadata-1375.htm
07-05 12:36:47.457   545 21522 I DownloadManager: in removeSpuriousFiles, preserving file /data/data/com.android.providers.downloads/cache/metadata-405.htm
07-05 12:36:47.457   545 21522 I DownloadManager: in removeSpuriousFiles, preserving file /data/data/com.android.providers.downloads/cache/metadata-407.htm
07-05 12:36:47.461   545 21522 I DownloadManager: in removeSpuriousFiles, preserving file /data/data/com.android.providers.downloads/cache/metadata-204.htm
07-05 12:36:47.461   545 21522 I DownloadManager: in removeSpuriousFiles, preserving file /data/data/com.android.providers.downloads/cache/metadata-30.htm
07-05 12:36:47.461   545 21522 I DownloadManager: in removeSpuriousFiles, preserving file /data/data/com.android.providers.downloads/cache/metadata-50.htm
07-05 12:36:47.461   545 21522 I DownloadManager: in removeSpuriousFiles, preserving file /data/data/com.android.providers.downloads/cache/metadata-110.htm
07-05 12:36:47.461   545 21522 I DownloadManager: in removeSpuriousFiles, preserving file /data/data/com.android.providers.downloads/cache/metadata-554.htm
07-05 12:36:47.461   545 21522 I DownloadManager: in removeSpuriousFiles, preserving file /data/data/com.android.providers.downloads/cache/metadata-235.htm
07-05 12:36:47.461   545 21522 I DownloadManager: in removeSpuriousFiles, preserving file /data/data/com.android.providers.downloads/cache/metadata-130.htm
07-05 12:36:47.461   545 21522 I DownloadManager: in removeSpuriousFiles, preserving file /data/data/com.android.providers.downloads/cache/metadata-521.htm
07-05 12:36:47.461   545 21522 I DownloadManager: in removeSpuriousFiles, preserving file /data/data/com.android.providers.downloads/cache/metadata-328.htm
07-05 12:36:47.461   545 21522 I DownloadManager: in removeSpuriousFiles, preserving file /data/data/com.android.providers.downloads/cache/metadata-74.htm
07-05 12:36:47.461   545 21522 I DownloadManager: in removeSpuriousFiles, preserving file /data/data/com.android.providers.downloads/cache/metadata-171.htm
07-05 12:36:47.461   545 21522 I DownloadManager: in removeSpuriousFiles, preserving file /data/data/com.android.providers.downloads/cache/metadata-400.htm
07-05 12:36:47.461   545 21522 I DownloadManager: in removeSpuriousFiles, preserving file /data/data/com.android.providers.downloads/cache/metadata-247.htm
07-05 12:36:47.461   545 21522 I DownloadManager: in removeSpuriousFiles, preserving file /data/data/com.android.providers.downloads/cache/metadata-304.htm
07-05 12:36:47.461   545 21522 I DownloadManager: in removeSpuriousFiles, preserving file /data/data/com.android.providers.downloads/cache/metadata-432.htm
07-05 12:36:47.461   545 21522 I DownloadManager: in removeSpuriousFiles, preserving file /data/data/com.android.providers.downloads/cache/metadata-822.htm
07-05 12:36:47.461   545 21522 I DownloadManager: in removeSpuriousFiles, preserving file /data/data/com.android.providers.downloads/cache/metadata-1310.htm
07-05 12:36:47.461   545 21522 I DownloadManager: in removeSpuriousFiles, preserving file /data/data/com.android.providers.downloads/cache/metadata-244.htm
07-05 12:36:47.461   545 21522 I DownloadManager: in removeSpuriousFiles, preserving file /data/data/com.android.providers.downloads/cache/metadata-189.htm
07-05 12:36:47.461   545 21522 I DownloadManager: in removeSpuriousFiles, preserving file /data/data/com.android.providers.downloads/cache/metadata-264.htm
07-05 12:36:47.461   545 21522 I DownloadManager: in removeSpuriousFiles, preserving file /data/data/com.android.providers.downloads/cache/metadata-87.htm
07-05 12:36:47.461   545 21522 I DownloadManager: in removeSpuriousFiles, preserving file /data/data/com.android.providers.downloads/cache/metadata-519.htm
07-05 12:36:47.461   545 21522 I DownloadManager: in removeSpuriousFiles, preserving file /data/data/com.android.providers.downloads/cache/metadata-1636.htm
07-05 12:36:47.461   545 21522 I DownloadManager: in removeSpuriousFiles, preserving file /data/data/com.android.providers.downloads/cache/metadata-1654.htm
07-05 12:36:47.461   545 21522 I DownloadManager: in removeSpuriousFiles, preserving file /data/data/com.android.providers.downloads/cache/metadata-347.htm
07-05 12:36:47.461   545 21522 I DownloadManager: in removeSpuriousFiles, preserving file /data/data/com.android.providers.downloads/cache/metadata-564.htm
07-05 12:36:47.461   545 21522 I DownloadManager: in removeSpuriousFiles, preserving file /data/data/com.android.providers.downloads/cache/metadata-173.htm
07-05 12:36:47.461   545 21522 I DownloadManager: in removeSpuriousFiles, preserving file /data/data/com.android.providers.downloads/cache/metadata-271.htm
07-05 12:36:47.461   545 21522 I DownloadManager: in removeSpuriousFiles, preserving file /data/data/com.android.providers.downloads/cache/metadata-263.htm
07-05 12:36:47.461   545 21522 I DownloadManager: in removeSpuriousFiles, preserving file /data/data/com.android.providers.downloads/cache/metadata-491.htm
07-05 12:36:47.461   545 21522 I DownloadManager: in removeSpuriousFiles, preserving file /data/data/com.android.providers.downloads/cache/metadata-152.htm
07-05 12:36:47.461   545 21522 I DownloadManager: in removeSpuriousFiles, preserving file /data/data/com.android.providers.downloads/cache/metadata-361.htm
07-05 12:36:47.461   545 21522 I DownloadManager: in removeSpuriousFiles, preserving file /data/data/com.android.providers.downloads/cache/metadata-492.htm
07-05 12:36:47.461   545 21522 I DownloadManager: in removeSpuriousFiles, preserving file /data/data/com.android.providers.downloads/cache/metadata-1018.htm
07-05 12:36:47.461   545 21522 I DownloadManager: in removeSpuriousFiles, preserving file /data/data/com.android.providers.downloads/cache/metadata-2332.htm
07-05 12:36:47.461   545 21522 I DownloadManager: in removeSpuriousFiles, preserving file /data/data/com.android.providers.downloads/cache/metadata-272.htm
07-05 12:36:47.461   545 21522 I DownloadManager: in removeSpuriousFiles, preserving file /data/data/com.android.providers.downloads/cache/metadata-307.htm
07-05 12:36:47.461   545 21522 I DownloadManager: in removeSpuriousFiles, preserving file /data/data/com.android.providers.downloads/cache/metadata-2366.htm
07-05 12:36:47.461   545 21522 I DownloadManager: in removeSpuriousFiles, preserving file /data/data/com.android.providers.downloads/cache/metadata-483.htm
07-05 12:36:47.461   545 21522 I DownloadManager: in removeSpuriousFiles, preserving file /data/data/com.android.providers.downloads/cache/metadata-508.htm
07-05 12:36:47.461   545 21522 I DownloadManager: in removeSpuriousFiles, preserving file /data/data/com.android.providers.downloads/cache/metadata-1729.htm
07-05 12:36:47.461   545 21522 I DownloadManager: in removeSpuriousFiles, preserving file /data/data/com.android.providers.downloads/cache/metadata-1863.htm
07-05 12:36:47.461   545 21522 I DownloadManager: in removeSpuriousFiles, preserving file /data/data/com.android.providers.downloads/cache/metadata-844.htm
07-05 12:36:47.461   545 21522 I DownloadManager: in removeSpuriousFiles, preserving file /data/data/com.android.providers.downloads/cache/metadata-1574.htm
07-05 12:36:47.468   545 21522 I DownloadManager: in removeSpuriousFiles, preserving file /data/data/com.android.providers.downloads/cache/metadata-449.htm
07-05 12:36:47.468   545 21522 I DownloadManager: in removeSpuriousFiles, preserving file /data/data/com.android.providers.downloads/cache/metadata-106.htm
07-05 12:36:47.468   545 21522 I DownloadManager: in removeSpuriousFiles, preserving file /data/data/com.android.providers.downloads/cache/metadata-2067.htm
07-05 12:36:47.468   545 21522 I DownloadManager: in removeSpuriousFiles, preserving file /data/data/com.android.providers.downloads/cache/metadata-468.htm
07-05 12:36:47.468   545 21522 I DownloadManager: in removeSpuriousFiles, preserving file /data/data/com.android.providers.downloads/cache/metadata-373.htm
07-05 12:36:47.468   545 21522 I DownloadManager: in removeSpuriousFiles, preserving file /data/data/com.android.providers.downloads/cache/metadata-540.htm
07-05 12:36:47.468   545 21522 I DownloadManager: in removeSpuriousFiles, preserving file /data/data/com.android.providers.downloads/cache/metadata-162.htm
07-05 12:36:47.468   545 21522 I DownloadManager: in removeSpuriousFiles, preserving file /data/data/com.android.providers.downloads/cache/metadata-440.htm
07-05 12:36:47.468   545 21522 I DownloadManager: in removeSpuriousFiles, preserving file /data/data/com.android.providers.downloads/cache/metadata-600.htm
07-05 12:36:47.468   545 21522 I DownloadManager: in removeSpuriousFiles, preserving file /data/data/com.android.providers.downloads/cache/metadata-330.htm
07-05 12:36:47.468   545 21522 I DownloadManager: in removeSpuriousFiles, preserving file /data/data/com.android.providers.downloads/cache/metadata-1202.htm
07-05 12:36:47.468   545 21522 I DownloadManager: in removeSpuriousFiles, preserving file /data/data/com.android.providers.downloads/cache/metadata-401.htm
07-05 12:36:47.468   545 21522 I DownloadManager: in removeSpuriousFiles, preserving file /data/data/com.android.providers.downloads/cache/metadata-363.htm
07-05 12:36:47.468   545 21522 I DownloadManager: in removeSpuriousFiles, preserving file /data/data/com.android.providers.downloads/cache/metadata-560.htm
07-05 12:36:47.468   545 21522 I DownloadManager: in removeSpuriousFiles, preserving file /data/data/com.android.providers.downloads/cache/metadata-313.htm
07-05 12:36:47.468   545 21522 I DownloadManager: in removeSpuriousFiles, preserving file /data/data/com.android.providers.downloads/cache/metadata-238.htm
07-05 12:36:47.468   545 21522 I DownloadManager: in removeSpuriousFiles, preserving file /data/data/com.android.providers.downloads/cache/metadata-370.htm
07-05 12:36:47.468   545 21522 I DownloadManager: in removeSpuriousFiles, preserving file /data/data/com.android.providers.downloads/cache/metadata-535.htm
07-05 12:36:47.468   545 21522 I DownloadManager: in removeSpuriousFiles, preserving file /data/data/com.android.providers.downloads/cache/metadata-478.htm
07-05 12:36:47.468   545 21522 I DownloadManager: in removeSpuriousFiles, preserving file /data/data/com.android.providers.downloads/cache/metadata-993.htm
07-05 12:36:47.468   545 21522 I DownloadManager: in removeSpuriousFiles, preserving file /data/data/com.android.providers.downloads/cache/metadata-487.htm
07-05 12:36:47.468   545 21522 I DownloadManager: in removeSpuriousFiles, preserving file /data/data/com.android.providers.downloads/cache/metadata-425.htm
07-05 12:36:47.468   545 21522 I DownloadManager: in removeSpuriousFiles, preserving file /data/data/com.android.providers.downloads/cache/metadata-592.htm
07-05 12:36:47.468   545 21522 I DownloadManager: in removeSpuriousFiles, preserving file /data/data/com.android.providers.downloads/cache/metadata-558.htm
07-05 12:36:47.468   545 21522 I DownloadManager: in removeSpuriousFiles, preserving file /data/data/com.android.providers.downloads/cache/metadata-484.htm
07-05 12:36:47.468   545 21522 I DownloadManager: in removeSpuriousFiles, preserving file /data/data/com.android.providers.downloads/cache/metadata-526.htm
07-05 12:36:47.468   545 21522 I DownloadManager: in removeSpuriousFiles, preserving file /data/data/com.android.providers.downloads/cache/metadata-346.htm
07-05 12:36:47.468   545 21522 I DownloadManager: in removeSpuriousFiles, preserving file /data/data/com.android.providers.downloads/cache/metadata-1570.htm
07-05 12:36:47.468   545 21522 I DownloadManager: in removeSpuriousFiles, preserving file /data/data/com.android.providers.downloads/cache/metadata-1096.htm
07-05 12:36:47.468   545 21522 I DownloadManager: in removeSpuriousFiles, preserving file /data/data/com.android.providers.downloads/cache/metadata-1432.htm
07-05 12:36:47.468   545 21522 I DownloadManager: in removeSpuriousFiles, preserving file /data/data/com.android.providers.downloads/cache/metadata-1151.htm
07-05 12:36:47.468   545 21522 I DownloadManager: in removeSpuriousFiles, preserving file /data/data/com.android.providers.downloads/cache/metadata-1044.htm
07-05 12:36:47.468   545 21522 I DownloadManager: in removeSpuriousFiles, preserving file /data/data/com.android.providers.downloads/cache/metadata-537.htm
07-05 12:36:47.515   545   548 D dalvikvm: GC_CONCURRENT freed 534K, 8% free 10879K/11719K, paused 2ms+10ms
07-05 12:36:47.515   545 21522 I DownloadManager: in removeSpuriousFiles, preserving file /data/data/com.android.providers.downloads/cache/metadata-1534.htm
07-05 12:36:47.515   545 21522 I DownloadManager: in removeSpuriousFiles, preserving file /data/data/com.android.providers.downloads/cache/metadata-456.htm
07-05 12:36:47.515   545 21522 I DownloadManager: in removeSpuriousFiles, preserving file /data/data/com.android.providers.downloads/cache/metadata-451.htm
07-05 12:36:47.515   545 21522 I DownloadManager: in removeSpuriousFiles, preserving file /data/data/com.android.providers.downloads/cache/metadata-1217.htm
07-05 12:36:47.515   545 21522 I DownloadManager: in removeSpuriousFiles, preserving file /data/data/com.android.providers.downloads/cache/metadata-1118.htm
07-05 12:36:47.515   545 21522 I DownloadManager: in removeSpuriousFiles, preserving file /data/data/com.android.providers.downloads/cache/metadata-311.htm
07-05 12:36:47.515   545 21522 I DownloadManager: in removeSpuriousFiles, preserving file /data/data/com.android.providers.downloads/cache/metadata-841.htm
07-05 12:36:47.515   545 21522 I DownloadManager: in removeSpuriousFiles, preserving file /data/data/com.android.providers.downloads/cache/metadata-1752.htm
07-05 12:36:47.515   545 21522 I DownloadManager: in removeSpuriousFiles, preserving file /data/data/com.android.providers.downloads/cache/metadata-498.htm
07-05 12:36:47.515   545 21522 I DownloadManager: in removeSpuriousFiles, preserving file /data/data/com.android.providers.downloads/cache/metadata-391.htm
07-05 12:36:47.515   545 21522 I DownloadManager: in removeSpuriousFiles, preserving file /data/data/com.android.providers.downloads/cache/metadata-1970.htm
07-05 12:36:47.515   545 21522 I DownloadManager: in removeSpuriousFiles, preserving file /data/data/com.android.providers.downloads/cache/metadata-1071.htm
07-05 12:36:47.515   545 21522 I DownloadManager: in removeSpuriousFiles, preserving file /data/data/com.android.providers.downloads/cache/metadata-576.htm
07-05 12:36:47.515   545 21522 I DownloadManager: in removeSpuriousFiles, preserving file /data/data/com.android.providers.downloads/cache/metadata-493.htm
07-05 12:36:47.515   545 21522 I DownloadManager: in removeSpuriousFiles, preserving file /data/data/com.android.providers.downloads/cache/metadata-963.htm
07-05 12:36:47.515   545 21522 I DownloadManager: in removeSpuriousFiles, preserving file /data/data/com.android.providers.downloads/cache/metadata-482.htm
07-05 12:36:47.515   545 21522 I DownloadManager: in removeSpuriousFiles, preserving file /data/data/com.android.providers.downloads/cache/metadata-2000.htm
07-05 12:36:47.515   545 21522 I DownloadManager: in removeSpuriousFiles, preserving file /data/data/com.android.providers.downloads/cache/metadata-2056.htm
07-05 12:36:47.515   545 21522 I DownloadManager: in removeSpuriousFiles, preserving file /data/data/com.android.providers.downloads/cache/metadata-438.htm
07-05 12:36:47.515   545 21522 I DownloadManager: in removeSpuriousFiles, preserving file /data/data/com.android.providers.downloads/cache/metadata-1591.htm
07-05 12:36:47.515   545 21522 I DownloadManager: in removeSpuriousFiles, preserving file /data/data/com.android.providers.downloads/cache/metadata-2483.htm
07-05 12:36:47.515   545 21522 I DownloadManager: in removeSpuriousFiles, preserving file /data/data/com.android.providers.downloads/cache/metadata-1374.htm
07-05 12:36:47.515   545 21522 I DownloadManager: in removeSpuriousFiles, preserving file /data/data/com.android.providers.downloads/cache/metadata-455.htm
07-05 12:36:47.515   545 21522 I DownloadManager: in removeSpuriousFiles, preserving file /data/data/com.android.providers.downloads/cache/metadata-1989.htm
07-05 12:36:47.519   545 21522 I DownloadManager: in removeSpuriousFiles, preserving file /data/data/com.android.providers.downloads/cache/metadata-502.htm
07-05 12:36:47.519   545 21522 I DownloadManager: in removeSpuriousFiles, preserving file /data/data/com.android.providers.downloads/cache/metadata-752.htm
07-05 12:36:47.519   545 21522 I DownloadManager: in removeSpuriousFiles, preserving file /data/data/com.android.providers.downloads/cache/metadata-1072.htm
07-05 12:36:47.519   545 21522 I DownloadManager: in removeSpuriousFiles, preserving file /data/data/com.android.providers.downloads/cache/metadata-1017.htm
07-05 12:36:47.519   545 21522 I DownloadManager: in removeSpuriousFiles, preserving file /data/data/com.android.providers.downloads/cache/metadata-1277.htm
07-05 12:36:47.519   545 21522 I DownloadManager: in removeSpuriousFiles, preserving file /data/data/com.android.providers.downloads/cache/metadata-624.htm
07-05 12:36:47.519   545 21522 I DownloadManager: in removeSpuriousFiles, preserving file /data/data/com.android.providers.downloads/cache/metadata-2267.htm
07-05 12:36:47.519   545 21522 I DownloadManager: in removeSpuriousFiles, preserving file /data/data/com.android.providers.downloads/cache/metadata-599.htm
07-05 12:36:47.519   545 21522 I DownloadManager: in removeSpuriousFiles, preserving file /data/data/com.android.providers.downloads/cache/metadata-813.htm
07-05 12:36:47.519   545 21522 I DownloadManager: in removeSpuriousFiles, preserving file /data/data/com.android.providers.downloads/cache/metadata-340.htm
07-05 12:36:47.519   545 21522 I DownloadManager: in removeSpuriousFiles, preserving file /data/data/com.android.providers.downloads/cache/metadata-555.htm
07-05 12:36:47.519   545 21522 I DownloadManager: in removeSpuriousFiles, preserving file /data/data/com.android.providers.downloads/cache/metadata-1307.htm
07-05 12:36:47.519   545 21522 I DownloadManager: in removeSpuriousFiles, preserving file /data/data/com.android.providers.downloads/cache/metadata-811.htm
07-05 12:36:47.519   545 21522 I DownloadManager: in removeSpuriousFiles, preserving file /data/data/com.android.providers.downloads/cache/metadata-2260.htm
07-05 12:36:47.519   545 21522 I DownloadManager: in removeSpuriousFiles, preserving file /data/data/com.android.providers.downloads/cache/metadata-806.htm
07-05 12:36:47.519   545 21522 I DownloadManager: in removeSpuriousFiles, preserving file /data/data/com.android.providers.downloads/cache/metadata-516.htm
07-05 12:36:47.519   545 21522 I DownloadManager: in removeSpuriousFiles, preserving file /data/data/com.android.providers.downloads/cache/metadata-1464.htm
07-05 12:36:47.519   545 21522 I DownloadManager: in removeSpuriousFiles, preserving file /data/data/com.android.providers.downloads/cache/metadata-2349.htm
07-05 12:36:47.527   545 21522 I DownloadManager: in removeSpuriousFiles, preserving file /data/data/com.android.providers.downloads/cache/metadata-200.htm
07-05 12:36:47.527   545 21522 I DownloadManager: in removeSpuriousFiles, preserving file /data/data/com.android.providers.downloads/cache/metadata-220.htm
07-05 12:36:47.527   545 21522 I DownloadManager: in removeSpuriousFiles, preserving file /data/data/com.android.providers.downloads/cache/metadata-1331.htm
07-05 12:36:47.527   545 21522 I DownloadManager: in removeSpuriousFiles, preserving file /data/data/com.android.providers.downloads/cache/metadata-268.htm
07-05 12:36:47.527   545 21522 I DownloadManager: in removeSpuriousFiles, preserving file /data/data/com.android.providers.downloads/cache/metadata-1463.htm
07-05 12:36:47.527   545 21522 I DownloadManager: in removeSpuriousFiles, preserving file /data/data/com.android.providers.downloads/cache/metadata-332.htm
07-05 12:36:47.527   545 21522 I DownloadManager: in removeSpuriousFiles, preserving file /data/data/com.android.providers.downloads/cache/metadata-350.htm
07-05 12:36:47.527   545 21522 I DownloadManager: in removeSpuriousFiles, preserving file /data/data/com.android.providers.downloads/cache/metadata-61.htm
07-05 12:36:47.527   545 21522 I DownloadManager: in removeSpuriousFiles, preserving file /data/data/com.android.providers.downloads/cache/metadata-318.htm
07-05 12:36:47.527   545 21522 I DownloadManager: in removeSpuriousFiles, preserving file /data/data/com.android.providers.downloads/cache/metadata-356.htm
07-05 12:36:47.527   545 21522 I DownloadManager: in removeSpuriousFiles, preserving file /data/data/com.android.providers.downloads/cache/metadata-33.htm
07-05 12:36:47.527   545 21522 I DownloadManager: in removeSpuriousFiles, preserving file /data/data/com.android.providers.downloads/cache/metadata-1420.htm
07-05 12:36:47.527   545 21522 I DownloadManager: in removeSpuriousFiles, preserving file /data/data/com.android.providers.downloads/cache/metadata-88.htm
07-05 12:36:47.527   545 21522 I DownloadManager: in removeSpuriousFiles, preserving file /data/data/com.android.providers.downloads/cache/metadata-441.htm
07-05 12:36:47.527   545 21522 I DownloadManager: in removeSpuriousFiles, preserving file /data/data/com.android.providers.downloads/cache/metadata-69.htm
07-05 12:36:47.527   545 21522 I DownloadManager: in removeSpuriousFiles, preserving file /data/data/com.android.providers.downloads/cache/metadata-308.htm
07-05 12:36:47.527   545 21522 I DownloadManager: in removeSpuriousFiles, preserving file /data/data/com.android.providers.downloads/cache/metadata-342.htm
07-05 12:36:47.527   545 21522 I DownloadManager: in removeSpuriousFiles, preserving file /data/data/com.android.providers.downloads/cache/metadata-514.htm
07-05 12:36:47.527   545 21522 I DownloadManager: in removeSpuriousFiles, preserving file /data/data/com.android.providers.downloads/cache/metadata-287.htm
07-05 12:36:47.527   545 21522 I DownloadManager: in removeSpuriousFiles, preserving file /data/data/com.android.providers.downloads/cache/metadata-131.htm
07-05 12:36:47.527   545 21522 I DownloadManager: in removeSpuriousFiles, preserving file /data/data/com.android.providers.downloads/cache/metadata-877.htm
07-05 12:36:47.527   545 21522 I DownloadManager: in removeSpuriousFiles, preserving file /data/data/com.android.providers.downloads/cache/metadata-109.htm
07-05 12:36:47.527   545 21522 I DownloadManager: in removeSpuriousFiles, preserving file /data/data/com.android.providers.downloads/cache/metadata-258.htm
07-05 12:36:47.527   545 21522 I DownloadManager: in removeSpuriousFiles, preserving file /data/data/com.android.providers.downloads/cache/metadata-321.htm
07-05 12:36:47.527   545 21522 I DownloadManager: in removeSpuriousFiles, preserving file /data/data/com.android.providers.downloads/cache/metadata-2151.htm
07-05 12:36:47.527   545 21522 I DownloadManager: in removeSpuriousFiles, preserving file /data/data/com.android.providers.downloads/cache/metadata-290.htm
07-05 12:36:47.527   545 21522 I DownloadManager: in removeSpuriousFiles, preserving file /data/data/com.android.providers.downloads/cache/metadata-223.htm
07-05 12:36:47.527   545 21522 I DownloadManager: in removeSpuriousFiles, preserving file /data/data/com.android.providers.downloads/cache/metadata-364.htm
07-05 12:36:47.527   545 21522 I DownloadManager: in removeSpuriousFiles, preserving file /data/data/com.android.providers.downloads/cache/metadata-1201.htm
07-05 12:36:47.527   545 21522 I DownloadManager: in removeSpuriousFiles, preserving file /data/data/com.android.providers.downloads/cache/metadata-178.htm
07-05 12:36:47.527   545 21522 I DownloadManager: in removeSpuriousFiles, preserving file /data/data/com.android.providers.downloads/cache/metadata-1317.htm
07-05 12:36:47.527   545 21522 I DownloadManager: in removeSpuriousFiles, preserving file /data/data/com.android.providers.downloads/cache/metadata-943.htm
07-05 12:36:47.527   545 21522 I DownloadManager: in removeSpuriousFiles, preserving file /data/data/com.android.providers.downloads/cache/metadata-575.htm
07-05 12:36:47.527   545 21522 I DownloadManager: in removeSpuriousFiles, preserving file /data/data/com.android.providers.downloads/cache/metadata-377.htm
07-05 12:36:47.527   545 21522 I DownloadManager: in removeSpuriousFiles, preserving file /data/data/com.android.providers.downloads/cache/metadata-453.htm
07-05 12:36:47.527   545 21522 I DownloadManager: in removeSpuriousFiles, preserving file /data/data/com.android.providers.downloads/cache/metadata-657.htm
07-05 12:36:47.527   545 21522 I DownloadManager: in removeSpuriousFiles, preserving file /data/data/com.android.providers.downloads/cache/metadata-296.htm
07-05 12:36:47.527   545 21522 I DownloadManager: in removeSpuriousFiles, preserving file /data/data/com.android.providers.downloads/cache/metadata-1097.htm
07-05 12:36:47.527   545 21522 I DownloadManager: in removeSpuriousFiles, preserving file /data/data/com.android.providers.downloads/cache/metadata-1259.htm
07-05 12:36:47.527   545 21522 I DownloadManager: in removeSpuriousFiles, preserving file /data/data/com.android.providers.downloads/cache/metadata-2173.htm
07-05 12:36:47.527   545 21522 I DownloadManager: in removeSpuriousFiles, preserving file /data/data/com.android.providers.downloads/cache/metadata-1167.htm
07-05 12:36:47.527   545 21522 I DownloadManager: in removeSpuriousFiles, preserving file /data/data/com.android.providers.downloads/cache/metadata-98.htm
07-05 12:36:47.527   545 21522 I DownloadManager: in removeSpuriousFiles, preserving file /data/data/com.android.providers.downloads/cache/metadata-376.htm
07-05 12:36:47.531   545 21522 I DownloadManager: in removeSpuriousFiles, preserving file /data/data/com.android.providers.downloads/cache/metadata-1508.htm
07-05 12:36:47.531   545 21522 I DownloadManager: in removeSpuriousFiles, preserving file /data/data/com.android.providers.downloads/cache/metadata-1024.htm
07-05 12:36:47.531   545 21522 I DownloadManager: in removeSpuriousFiles, preserving file /data/data/com.android.providers.downloads/cache/metadata-1185.htm
07-05 12:36:47.531   545 21522 I DownloadManager: in removeSpuriousFiles, preserving file /data/data/com.android.providers.downloads/cache/metadata-733.htm
07-05 12:36:47.531   545 21522 I DownloadManager: in removeSpuriousFiles, preserving file /data/data/com.android.providers.downloads/cache/metadata-529.htm
07-05 12:36:47.531   545 21522 I DownloadManager: in removeSpuriousFiles, preserving file /data/data/com.android.providers.downloads/cache/metadata-435.htm
07-05 12:36:47.531   545 21522 I DownloadManager: in removeSpuriousFiles, preserving file /data/data/com.android.providers.downloads/cache/metadata-371.htm
07-05 12:36:47.531   545 21522 I DownloadManager: in removeSpuriousFiles, preserving file /data/data/com.android.providers.downloads/cache/metadata-766.htm
07-05 12:36:47.531   545 21522 I DownloadManager: in removeSpuriousFiles, preserving file /data/data/com.android.providers.downloads/cache/metadata-536.htm
07-05 12:36:47.531   545 21522 I DownloadManager: in removeSpuriousFiles, preserving file /data/data/com.android.providers.downloads/cache/metadata-344.htm
07-05 12:36:47.531   545 21522 I DownloadManager: in removeSpuriousFiles, preserving file /data/data/com.android.providers.downloads/cache/metadata-890.htm
07-05 12:36:47.531   545 21522 I DownloadManager: in removeSpuriousFiles, preserving file /data/data/com.android.providers.downloads/cache/metadata-528.htm
07-05 12:36:47.531   545 21522 I DownloadManager: in removeSpuriousFiles, preserving file /data/data/com.android.providers.downloads/cache/metadata-99.htm
07-05 12:36:47.531   545 21522 I DownloadManager: in removeSpuriousFiles, preserving file /data/data/com.android.providers.downloads/cache/metadata-429.htm
07-05 12:36:47.531   545 21522 I DownloadManager: in removeSpuriousFiles, preserving file /data/data/com.android.providers.downloads/cache/metadata-679.htm
07-05 12:36:47.531   545 21522 I DownloadManager: in removeSpuriousFiles, preserving file /data/data/com.android.providers.downloads/cache/metadata-887.htm
07-05 12:36:47.531   545 21522 I DownloadManager: in removeSpuriousFiles, preserving file /data/data/com.android.providers.downloads/cache/metadata-506.htm
07-05 12:36:47.531   545 21522 I DownloadManager: in removeSpuriousFiles, preserving file /data/data/com.android.providers.downloads/cache/metadata-778.htm
07-05 12:36:47.531   545 21522 I DownloadManager: in removeSpuriousFiles, preserving file /data/data/com.android.providers.downloads/cache/metadata-2512.htm
07-05 12:36:47.531   545 21522 I DownloadManager: in removeSpuriousFiles, preserving file /data/data/com.android.providers.downloads/cache/metadata-731.htm
07-05 12:36:47.531   545 21522 I DownloadManager: in removeSpuriousFiles, preserving file /data/data/com.android.providers.downloads/cache/metadata-333.htm
07-05 12:36:47.531   545 21522 I DownloadManager: in removeSpuriousFiles, preserving file /data/data/com.android.providers.downloads/cache/metadata-437.htm
07-05 12:36:47.531   545 21522 I DownloadManager: in removeSpuriousFiles, preserving file /data/data/com.android.providers.downloads/cache/metadata-786.htm
07-05 12:36:47.531   545 21522 I DownloadManager: in removeSpuriousFiles, preserving file /data/data/com.android.providers.downloads/cache/metadata-574.htm
07-05 12:36:47.531   545 21522 I DownloadManager: in removeSpuriousFiles, preserving file /data/data/com.android.providers.downloads/cache/metadata-1383.htm
07-05 12:36:47.531   545 21522 I DownloadManager: in removeSpuriousFiles, preserving file /data/data/com.android.providers.downloads/cache/metadata-548.htm
07-05 12:36:47.531   545 21522 I DownloadManager: in removeSpuriousFiles, preserving file /data/data/com.android.providers.downloads/cache/metadata-1832.htm
07-05 12:36:47.531   545 21522 I DownloadManager: in removeSpuriousFiles, preserving file /data/data/com.android.providers.downloads/cache/metadata-634.htm
07-05 12:36:47.531   545 21522 I DownloadManager: in removeSpuriousFiles, preserving file /data/data/com.android.providers.downloads/cache/metadata-1492.htm
07-05 12:36:47.531   545 21522 I DownloadManager: in removeSpuriousFiles, preserving file /data/data/com.android.providers.downloads/cache/metadata-1476.htm
07-05 12:36:47.531   545 21522 I DownloadManager: in removeSpuriousFiles, preserving file /data/data/com.android.providers.downloads/cache/metadata-531.htm
07-05 12:36:47.531   545 21522 I DownloadManager: in removeSpuriousFiles, preserving file /data/data/com.android.providers.downloads/cache/metadata-1058.htm
07-05 12:36:47.531   545 21522 I DownloadManager: in removeSpuriousFiles, preserving file /data/data/com.android.providers.downloads/cache/metadata-736.htm
07-05 12:36:47.531   545 21522 I DownloadManager: in removeSpuriousFiles, preserving file /data/data/com.android.providers.downloads/cache/metadata-573.htm
07-05 12:36:47.531   545 21522 I DownloadManager: in removeSpuriousFiles, preserving file /data/data/com.android.providers.downloads/cache/metadata-1022.htm
07-05 12:36:47.535   545 21522 I DownloadManager: in removeSpuriousFiles, preserving file /data/data/com.android.providers.downloads/cache/metadata-475.htm
07-05 12:36:47.535   545 21522 I DownloadManager: in removeSpuriousFiles, preserving file /data/data/com.android.providers.downloads/cache/metadata-1313.htm
07-05 12:36:47.535   545 21522 I DownloadManager: in removeSpuriousFiles, preserving file /data/data/com.android.providers.downloads/cache/metadata-638.htm
07-05 12:36:47.535   545 21522 I DownloadManager: in removeSpuriousFiles, preserving file /data/data/com.android.providers.downloads/cache/metadata-490.htm
07-05 12:36:47.535   545 21522 I DownloadManager: in removeSpuriousFiles, preserving file /data/data/com.android.providers.downloads/cache/metadata-1319.htm
07-05 12:36:47.535   545 21522 I DownloadManager: in removeSpuriousFiles, preserving file /data/data/com.android.providers.downloads/cache/metadata-591.htm
07-05 12:36:47.535   545 21522 I DownloadManager: in removeSpuriousFiles, preserving file /data/data/com.android.providers.downloads/cache/metadata-1862.htm
07-05 12:36:47.535   545 21522 I DownloadManager: in removeSpuriousFiles, preserving file /data/data/com.android.providers.downloads/cache/metadata-1371.htm
07-05 12:36:47.535   545 21522 I DownloadManager: in removeSpuriousFiles, preserving file /data/data/com.android.providers.downloads/cache/metadata-378.htm
07-05 12:36:47.535   545 21522 I DownloadManager: in removeSpuriousFiles, preserving file /data/data/com.android.providers.downloads/cache/metadata-1940.htm
07-05 12:36:47.535   545 21522 I DownloadManager: in removeSpuriousFiles, preserving file /data/data/com.android.providers.downloads/cache/metadata-1784.htm
07-05 12:36:47.535   545 21522 I DownloadManager: in removeSpuriousFiles, preserving file /data/data/com.android.providers.downloads/cache/metadata-1954.htm
07-05 12:36:47.535   545 21522 I DownloadManager: in removeSpuriousFiles, preserving file /data/data/com.android.providers.downloads/cache/metadata-2003.htm
07-05 12:36:47.535   545 21522 I DownloadManager: in removeSpuriousFiles, preserving file /data/data/com.android.providers.downloads/cache/metadata-553.htm
07-05 12:36:47.535   545 21522 I DownloadManager: in removeSpuriousFiles, preserving file /data/data/com.android.providers.downloads/cache/metadata-542.htm
07-05 12:36:47.535   545 21522 I DownloadManager: in removeSpuriousFiles, preserving file /data/data/com.android.providers.downloads/cache/metadata-611.htm
07-05 12:36:47.535   545 21522 I DownloadManager: in removeSpuriousFiles, preserving file /data/data/com.android.providers.downloads/cache/metadata-561.htm
07-05 12:36:47.535   545 21522 I DownloadManager: in removeSpuriousFiles, preserving file /data/data/com.android.providers.downloads/cache/metadata-1120.htm
07-05 12:36:47.535   545 21522 I DownloadManager: in removeSpuriousFiles, preserving file /data/data/com.android.providers.downloads/cache/metadata-1662.htm
07-05 12:36:47.535   545 21522 I DownloadManager: in removeSpuriousFiles, preserving file /data/data/com.android.providers.downloads/cache/metadata-532.htm
07-05 12:36:47.535   545 21522 I DownloadManager: in removeSpuriousFiles, preserving file /data/data/com.android.providers.downloads/cache/metadata-596.htm
07-05 12:36:47.535   545 21522 I DownloadManager: in removeSpuriousFiles, preserving file /data/data/com.android.providers.downloads/cache/metadata-2174.htm
07-05 12:36:47.535   545 21522 I DownloadManager: in removeSpuriousFiles, preserving file /data/data/com.android.providers.downloads/cache/metadata-1512.htm
07-05 12:36:47.535   545 21522 I DownloadManager: in removeSpuriousFiles, preserving file /data/data/com.android.providers.downloads/cache/metadata-720.htm
07-05 12:36:47.535   545 21522 I DownloadManager: in removeSpuriousFiles, preserving file /data/data/com.android.providers.downloads/cache/metadata-582.htm
07-05 12:36:47.535   545 21522 I DownloadManager: in removeSpuriousFiles, preserving file /data/data/com.android.providers.downloads/cache/metadata-1229.htm
07-05 12:36:47.535   545 21522 I DownloadManager: in removeSpuriousFiles, preserving file /data/data/com.android.providers.downloads/cache/metadata-913.htm
07-05 12:36:47.535   545 21522 I DownloadManager: in removeSpuriousFiles, preserving file /data/data/com.android.providers.downloads/cache/metadata-1531.htm
07-05 12:36:47.535   545 21522 I DownloadManager: in removeSpuriousFiles, preserving file /data/data/com.android.providers.downloads/cache/metadata-1693.htm
07-05 12:36:47.539   545 21522 I DownloadManager: in removeSpuriousFiles, preserving file /data/data/com.android.providers.downloads/cache/metadata-541.htm
07-05 12:36:47.539   545 21522 I DownloadManager: in removeSpuriousFiles, preserving file /data/data/com.android.providers.downloads/cache/metadata-699.htm
07-05 12:36:47.539   545 21522 I DownloadManager: in removeSpuriousFiles, preserving file /data/data/com.android.providers.downloads/cache/metadata-1391.htm
07-05 12:36:47.539   545 21522 I DownloadManager: in removeSpuriousFiles, preserving file /data/data/com.android.providers.downloads/cache/metadata-703.htm
07-05 12:36:47.539   545 21522 I DownloadManager: in removeSpuriousFiles, preserving file /data/data/com.android.providers.downloads/cache/metadata-545.htm
07-05 12:36:47.539   545 21522 I DownloadManager: in removeSpuriousFiles, preserving file /data/data/com.android.providers.downloads/cache/metadata-616.htm
07-05 12:36:47.539   545 21522 I DownloadManager: in removeSpuriousFiles, preserving file /data/data/com.android.providers.downloads/cache/metadata-1718.htm
07-05 12:36:47.539   545 21522 I DownloadManager: in removeSpuriousFiles, preserving file /data/data/com.android.providers.downloads/cache/metadata-2029.htm
07-05 12:36:47.539   545 21522 I DownloadManager: in removeSpuriousFiles, preserving file /data/data/com.android.providers.downloads/cache/metadata-1549.htm
07-05 12:36:47.539   545 21522 I DownloadManager: in removeSpuriousFiles, preserving file /data/data/com.android.providers.downloads/cache/metadata-1938.htm
07-05 12:36:47.539   545 21522 I DownloadManager: in removeSpuriousFiles, preserving file /data/data/com.android.providers.downloads/cache/metadata-1204.htm
07-05 12:36:47.539   545 21522 I DownloadManager: in removeSpuriousFiles, preserving file /data/data/com.android.providers.downloads/cache/metadata-1302.htm
07-05 12:36:47.539   545 21522 I DownloadManager: in removeSpuriousFiles, preserving file /data/data/com.android.providers.downloads/cache/metadata-2168.htm
07-05 12:36:47.539   545 21522 I DownloadManager: in removeSpuriousFiles, preserving file /data/data/com.android.providers.downloads/cache/metadata-791.htm
07-05 12:36:47.539   545 21522 I DownloadManager: in removeSpuriousFiles, preserving file /data/data/com.android.providers.downloads/cache/metadata-1404.htm
07-05 12:36:47.539   545 21522 I DownloadManager: in removeSpuriousFiles, preserving file /data/data/com.android.providers.downloads/cache/metadata-1128.htm
07-05 12:36:47.539   545 21522 I DownloadManager: in removeSpuriousFiles, preserving file /data/data/com.android.providers.downloads/cache/metadata-410.htm
07-05 12:36:47.539   545 21522 I DownloadManager: in removeSpuriousFiles, preserving file /data/data/com.android.providers.downloads/cache/metadata-479.htm
07-05 12:36:47.539   545 21522 I DownloadManager: in removeSpuriousFiles, preserving file /data/data/com.android.providers.downloads/cache/metadata-3.htm
07-05 12:36:47.539   545 21522 I DownloadManager: in removeSpuriousFiles, preserving file /data/data/com.android.providers.downloads/cache/metadata-7.htm
07-05 12:36:47.539   545 21522 I DownloadManager: in removeSpuriousFiles, preserving file /data/data/com.android.providers.downloads/cache/metadata-95.htm
07-05 12:36:47.539   545 21522 I DownloadManager: in removeSpuriousFiles, preserving file /data/data/com.android.providers.downloads/cache/metadata-444.htm
07-05 12:36:47.539   545 21522 I DownloadManager: in removeSpuriousFiles, preserving file /data/data/com.android.providers.downloads/cache/metadata-137.htm
07-05 12:36:47.543   545 21522 I DownloadManager: in removeSpuriousFiles, preserving file /data/data/com.android.providers.downloads/cache/metadata-86.htm
07-05 12:36:47.543   545 21522 I DownloadManager: in removeSpuriousFiles, preserving file /data/data/com.android.providers.downloads/cache/metadata-1101.htm
07-05 12:36:47.543   545 21522 I DownloadManager: in removeSpuriousFiles, preserving file /data/data/com.android.providers.downloads/cache/metadata-167.htm
07-05 12:36:47.543   545 21522 I DownloadManager: in removeSpuriousFiles, preserving file /data/data/com.android.providers.downloads/cache/metadata-393.htm
07-05 12:36:47.543   545 21522 I DownloadManager: in removeSpuriousFiles, preserving file /data/data/com.android.providers.downloads/cache/metadata-517.htm
07-05 12:36:47.543   545 21522 I DownloadManager: in removeSpuriousFiles, preserving file /data/data/com.android.providers.downloads/cache/metadata-1358.htm
07-05 12:36:47.543   545 21522 I DownloadManager: in removeSpuriousFiles, preserving file /data/data/com.android.providers.downloads/cache/metadata-1067.htm
07-05 12:36:47.543   545 21522 I DownloadManager: in removeSpuriousFiles, preserving file /data/data/com.android.providers.downloads/cache/metadata-339.htm
07-05 12:36:47.543   545 21522 I DownloadManager: in removeSpuriousFiles, preserving file /data/data/com.android.providers.downloads/cache/metadata-1786.htm
07-05 12:36:47.543   545 21522 I DownloadManager: in removeSpuriousFiles, preserving file /data/data/com.android.providers.downloads/cache/metadata-309.htm
07-05 12:36:47.543   545 21522 I DownloadManager: in removeSpuriousFiles, preserving file /data/data/com.android.providers.downloads/cache/metadata-2229.htm
07-05 12:36:47.543   545 21522 I DownloadManager: in removeSpuriousFiles, preserving file /data/data/com.android.providers.downloads/cache/metadata-1021.htm
07-05 12:36:47.543   545 21522 I DownloadManager: in removeSpuriousFiles, preserving file /data/data/com.android.providers.downloads/cache/metadata-512.htm
07-05 12:36:47.543   545 21522 I DownloadManager: in removeSpuriousFiles, preserving file /data/data/com.android.providers.downloads/cache/metadata-610.htm
07-05 12:36:47.543   545 21522 I DownloadManager: in removeSpuriousFiles, preserving file /data/data/com.android.providers.downloads/cache/metadata-1284.htm
07-05 12:36:47.543   545 21522 I DownloadManager: in removeSpuriousFiles, preserving file /data/data/com.android.providers.downloads/cache/metadata-352.htm
07-05 12:36:47.543   545 21522 I DownloadManager: in removeSpuriousFiles, preserving file /data/data/com.android.providers.downloads/cache/metadata-499.htm
07-05 12:36:47.543   545 21522 I DownloadManager: in removeSpuriousFiles, preserving file /data/data/com.android.providers.downloads/cache/metadata-443.htm
07-05 12:36:47.543   545 21522 I DownloadManager: in removeSpuriousFiles, preserving file /data/data/com.android.providers.downloads/cache/metadata-402.htm
07-05 12:36:47.543   545 21522 I DownloadManager: in removeSpuriousFiles, preserving file /data/data/com.android.providers.downloads/cache/metadata-629.htm
07-05 12:36:47.543   545 21522 I DownloadManager: in removeSpuriousFiles, preserving file /data/data/com.android.providers.downloads/cache/metadata-1261.htm
07-05 12:36:47.543   545 21522 I DownloadManager: in removeSpuriousFiles, preserving file /data/data/com.android.providers.downloads/cache/metadata-177.htm
07-05 12:36:47.543   545 21522 I DownloadManager: in removeSpuriousFiles, preserving file /data/data/com.android.providers.downloads/cache/metadata-1290.htm
