07-05 13:30:17.961  1370  1888 E DictionaryProvider:UpdateHandler: Can't read a file : android.util.MalformedJsonException: Use JsonReader.setLenient(true) to accept malformed JSON at line 1 column 20
07-05 13:30:18.164   545   548 D dalvikvm: GC_CONCURRENT freed 361K, 12% free 10409K/11719K, paused 1ms+2ms
07-05 13:30:18.422   545   548 D dalvikvm: GC_CONCURRENT freed 412K, 12% free 10385K/11719K, paused 2ms+2ms
07-05 13:30:18.738   545   548 D dalvikvm: GC_CONCURRENT freed 362K, 12% free 10412K/11719K, paused 2ms+2ms
07-05 13:30:19.011   545   548 D dalvikvm: GC_CONCURRENT freed 410K, 12% free 10393K/11719K, paused 2ms+3ms
07-05 13:30:19.277   545   548 D dalvikvm: GC_CONCURRENT freed 403K, 12% free 10381K/11719K, paused 1ms+3ms
07-05 13:30:19.449   545  1891 I DownloadManager: Initiating request for download 4044
07-05 13:30:19.547   545   548 D dalvikvm: GC_CONCURRENT freed 245K, 10% free 10569K/11719K, paused 2ms+2ms
07-05 13:30:19.660   545   548 D dalvikvm: GC_CONCURRENT freed 291K, 9% free 10728K/11719K, paused 2ms+3ms
07-05 13:30:19.863  1370  1893 E DictionaryProvider:UpdateHandler: Can't read a file : android.util.MalformedJsonException: Use JsonReader.setLenient(true) to accept malformed JSON at line 1 column 20
07-05 13:30:19.945  1370  1372 D dalvikvm: GC_CONCURRENT freed 417K, 7% free 9125K/9735K, paused 2ms+2ms
07-05 13:30:19.968   545   548 D dalvikvm: GC_CONCURRENT freed 763K, 12% free 10418K/11719K, paused 2ms+2ms
07-05 13:30:20.238   545   548 D dalvikvm: GC_CONCURRENT freed 421K, 12% free 10388K/11719K, paused 2ms+2ms
07-05 13:30:20.422   545  1896 I DownloadManager: Initiating request for download 4044
07-05 13:30:20.480   545   548 D dalvikvm: GC_CONCURRENT freed 331K, 11% free 10451K/11719K, paused 2ms+3ms
07-05 13:30:20.601   545   548 D dalvikvm: GC_CONCURRENT freed 221K, 9% free 10672K/11719K, paused 2ms+3ms
07-05 13:30:20.758   545   548 D dalvikvm: GC_CONCURRENT freed 655K, 11% free 10446K/11719K, paused 2ms+2ms
07-05 13:30:21.043   545   548 D dalvikvm: GC_CONCURRENT freed 439K, 12% free 10398K/11719K, paused 2ms+2ms
07-05 13:30:21.308   545   548 D dalvikvm: GC_CONCURRENT freed 409K, 12% free 10380K/11719K, paused 2ms+2ms
07-05 13:30:21.429   545  1899 I DownloadManager: Initiating request for download 4045
07-05 13:30:21.539   545   548 D dalvikvm: GC_CONCURRENT freed 211K, 10% free 10606K/11719K, paused 2ms+2ms
07-05 13:30:21.656   545   548 D dalvikvm: GC_CONCURRENT freed 288K, 9% free 10748K/11719K, paused 2ms+2ms
07-05 13:30:21.836  1370  1901 E DictionaryProvider:UpdateHandler: Can't read a file : android.util.MalformedJsonException: Use JsonReader.setLenient(true) to accept malformed JSON at line 1 column 20
07-05 13:30:21.980   545   548 D dalvikvm: GC_CONCURRENT freed 793K, 12% free 10410K/11719K, paused 2ms+3ms
07-05 13:30:22.254   545   548 D dalvikvm: GC_CONCURRENT freed 415K, 12% free 10386K/11719K, paused 2ms+2ms
07-05 13:30:22.402   545  1904 I DownloadManager: Initiating request for download 4045
07-05 13:30:22.484   545   548 D dalvikvm: GC_CONCURRENT freed 270K, 10% free 10550K/11719K, paused 2ms+3ms
07-05 13:30:22.601   545   548 D dalvikvm: GC_CONCURRENT freed 285K, 9% free 10712K/11719K, paused 2ms+3ms
07-05 13:30:22.808   545   548 D dalvikvm: GC_CONCURRENT freed 710K, 11% free 10444K/11719K, paused 2ms+2ms
07-05 13:30:23.097   545   548 D dalvikvm: GC_CONCURRENT freed 436K, 12% free 10399K/11719K, paused 2ms+2ms
07-05 13:30:23.347   545  1907 I DownloadManager: Initiating request for download 4046
07-05 13:30:23.394   545   548 D dalvikvm: GC_CONCURRENT freed 396K, 12% free 10420K/11719K, paused 1ms+3ms
07-05 13:30:23.527   545   548 D dalvikvm: GC_CONCURRENT freed 199K, 10% free 10657K/11719K, paused 2ms+2ms
07-05 13:30:23.656   545   548 D dalvikvm: GC_CONCURRENT freed 637K, 11% free 10450K/11719K, paused 2ms+3ms
07-05 13:30:23.785  1370  1909 E DictionaryProvider:UpdateHandler: Can't read a file : android.util.MalformedJsonException: Use JsonReader.setLenient(true) to accept malformed JSON at line 1 column 20
07-05 13:30:23.976   545   548 D dalvikvm: GC_CONCURRENT freed 429K, 12% free 10412K/11719K, paused 2ms+3ms
07-05 13:30:24.242   545   548 D dalvikvm: GC_CONCURRENT freed 414K, 12% free 10388K/11719K, paused 2ms+2ms
07-05 13:30:24.359   545  1912 I DownloadManager: Initiating request for download 4046
07-05 13:30:24.449   545   548 D dalvikvm: GC_CONCURRENT freed 233K, 10% free 10580K/11719K, paused 1ms+3ms
07-05 13:30:24.562   545   548 D dalvikvm: GC_CONCURRENT freed 295K, 9% free 10737K/11719K, paused 2ms+2ms
07-05 13:30:24.695   156   168 D dalvikvm: GC_EXPLICIT freed 577K, 12% free 14090K/16007K, paused 3ms+6ms
07-05 13:30:24.898   545   548 D dalvikvm: GC_CONCURRENT freed 776K, 12% free 10413K/11719K, paused 2ms+2ms
07-05 13:30:25.168   545   548 D dalvikvm: GC_CONCURRENT freed 427K, 12% free 10377K/11719K, paused 2ms+2ms
07-05 13:30:25.390   545  1915 I DownloadManager: Initiating request for download 4047
07-05 13:30:25.476   545   548 D dalvikvm: GC_CONCURRENT freed 305K, 11% free 10518K/11719K, paused 2ms+3ms
07-05 13:30:25.601   545   548 D dalvikvm: GC_CONCURRENT freed 270K, 9% free 10693K/11719K, paused 2ms+3ms
07-05 13:30:25.808  1370  1917 E DictionaryProvider:UpdateHandler: Can't read a file : android.util.MalformedJsonException: Use JsonReader.setLenient(true) to accept malformed JSON at line 1 column 20
07-05 13:30:25.820   545   548 D dalvikvm: GC_CONCURRENT freed 724K, 12% free 10421K/11719K, paused 1ms+3ms
07-05 13:30:25.922   465   467 D dalvikvm: GC_CONCURRENT freed 418K, 5% free 10537K/11079K, paused 1ms+2ms
07-05 13:30:26.136   545   548 D dalvikvm: GC_CONCURRENT freed 423K, 12% free 10389K/11719K, paused 1ms+3ms
07-05 13:30:26.398   545   548 D dalvikvm: GC_CONCURRENT freed 406K, 12% free 10370K/11719K, paused 2ms+2ms
07-05 13:30:26.433   545  1920 I DownloadManager: Initiating request for download 4047
07-05 13:30:26.535   545   548 D dalvikvm: GC_CONCURRENT freed 165K, 10% free 10617K/11719K, paused 2ms+3ms
07-05 13:30:26.656   545   548 D dalvikvm: GC_CONCURRENT freed 385K, 10% free 10651K/11719K, paused 2ms+2ms
07-05 13:30:26.941   545   548 D dalvikvm: GC_CONCURRENT freed 676K, 12% free 10397K/11719K, paused 2ms+3ms
07-05 13:30:27.203   545   548 D dalvikvm: GC_CONCURRENT freed 410K, 12% free 10377K/11719K, paused 2ms+2ms
07-05 13:30:27.375   545  1923 I DownloadManager: Initiating request for download 4048
07-05 13:30:27.465   545   548 D dalvikvm: GC_CONCURRENT freed 260K, 10% free 10550K/11719K, paused 2ms+3ms
07-05 13:30:27.586   545   548 D dalvikvm: GC_CONCURRENT freed 284K, 9% free 10711K/11719K, paused 2ms+2ms
07-05 13:30:27.761  1370  1925 E DictionaryProvider:UpdateHandler: Can't read a file : android.util.MalformedJsonException: Use JsonReader.setLenient(true) to accept malformed JSON at line 1 column 20
07-05 13:30:27.840  1370  1372 D dalvikvm: GC_CONCURRENT freed 389K, 7% free 9127K/9735K, paused 1ms+2ms
07-05 13:30:27.859   545   548 D dalvikvm: GC_CONCURRENT freed 739K, 12% free 10414K/11719K, paused 2ms+3ms
07-05 13:30:28.129   545   548 D dalvikvm: GC_CONCURRENT freed 418K, 12% free 10387K/11719K, paused 1ms+3ms
07-05 13:30:28.394   545  1928 I DownloadManager: Initiating request for download 4048
07-05 13:30:28.414   545   548 D dalvikvm: GC_CONCURRENT freed 394K, 12% free 10401K/11719K, paused 1ms+3ms
07-05 13:30:28.535   545   548 D dalvikvm: GC_CONCURRENT freed 181K, 10% free 10640K/11719K, paused 1ms+2ms
07-05 13:30:28.660   545   548 D dalvikvm: GC_CONCURRENT freed 412K, 9% free 10666K/11719K, paused 2ms+2ms
07-05 13:30:28.961   545   548 D dalvikvm: GC_CONCURRENT freed 697K, 12% free 10396K/11719K, paused 2ms+2ms
07-05 13:30:29.226   545   548 D dalvikvm: GC_CONCURRENT freed 408K, 12% free 10379K/11719K, paused 2ms+2ms
07-05 13:30:29.355   545  1931 I DownloadManager: Initiating request for download 4049
07-05 13:30:29.445   545   548 D dalvikvm: GC_CONCURRENT freed 229K, 10% free 10585K/11719K, paused 2ms+3ms
07-05 13:30:29.558   545   548 D dalvikvm: GC_CONCURRENT freed 290K, 9% free 10748K/11719K, paused 2ms+3ms
07-05 13:30:29.746  1370  1933 E DictionaryProvider:UpdateHandler: Can't read a file : android.util.MalformedJsonException: Use JsonReader.setLenient(true) to accept malformed JSON at line 1 column 20
07-05 13:30:29.789   465  1934 D dalvikvm: GC_EXPLICIT freed 290K, 8% free 10272K/11079K, paused 2ms+3ms
07-05 13:30:29.914   545   548 D dalvikvm: GC_CONCURRENT freed 793K, 12% free 10410K/11719K, paused 2ms+2ms
07-05 13:30:30.179   545   548 D dalvikvm: GC_CONCURRENT freed 415K, 12% free 10385K/11719K, paused 2ms+2ms
07-05 13:30:30.347   545  1936 I DownloadManager: Initiating request for download 4049
07-05 13:30:30.425   545   548 D dalvikvm: GC_CONCURRENT freed 297K, 11% free 10535K/11719K, paused 2ms+3ms
07-05 13:30:30.539   545   548 D dalvikvm: GC_CONCURRENT freed 260K, 9% free 10694K/11719K, paused 2ms+3ms
07-05 13:30:30.722   545   548 D dalvikvm: GC_CONCURRENT freed 717K, 12% free 10413K/11719K, paused 1ms+3ms
07-05 13:30:31.008   545   548 D dalvikvm: GC_CONCURRENT freed 407K, 12% free 10396K/11719K, paused 2ms+2ms
07-05 13:30:31.273   545   548 D dalvikvm: GC_CONCURRENT freed 410K, 12% free 10378K/11719K, paused 2ms+2ms
07-05 13:30:31.343   545  1939 I DownloadManager: Initiating request for download 4050
07-05 13:30:31.453   545   548 D dalvikvm: GC_CONCURRENT freed 186K, 10% free 10628K/11719K, paused 2ms+3ms
07-05 13:30:31.578   545   548 D dalvikvm: GC_CONCURRENT freed 405K, 10% free 10660K/11719K, paused 2ms+2ms
07-05 13:30:31.726  1370  1941 E DictionaryProvider:UpdateHandler: Can't read a file : android.util.MalformedJsonException: Use JsonReader.setLenient(true) to accept malformed JSON at line 1 column 20
07-05 13:30:31.906   545   548 D dalvikvm: GC_CONCURRENT freed 678K, 12% free 10408K/11719K, paused 2ms+2ms
07-05 13:30:32.179   545   548 D dalvikvm: GC_CONCURRENT freed 415K, 12% free 10391K/11719K, paused 2ms+2ms
07-05 13:30:32.308   545  1944 I DownloadManager: Initiating request for download 4050
07-05 13:30:32.390   545   548 D dalvikvm: GC_CONCURRENT freed 265K, 10% free 10564K/11719K, paused 2ms+2ms
07-05 13:30:32.511   545   548 D dalvikvm: GC_CONCURRENT freed 273K, 9% free 10720K/11719K, paused 1ms+3ms
07-05 13:30:32.734   545   548 D dalvikvm: GC_CONCURRENT freed 750K, 12% free 10415K/11719K, paused 1ms+3ms
07-05 13:30:33.004   545   548 D dalvikvm: GC_CONCURRENT freed 413K, 12% free 10392K/11719K, paused 2ms+2ms
07-05 13:30:33.261   545  1947 I DownloadManager: Initiating request for download 4051
07-05 13:30:33.328   545   548 D dalvikvm: GC_CONCURRENT freed 380K, 11% free 10442K/11719K, paused 2ms+3ms
07-05 13:30:33.453   545   548 D dalvikvm: GC_CONCURRENT freed 211K, 9% free 10668K/11719K, paused 2ms+2ms
07-05 13:30:33.617   545  1947 D dalvikvm: GC_EXPLICIT freed 656K, 11% free 10467K/11719K, paused 2ms+4ms
07-05 13:30:33.758  1370  1949 E DictionaryProvider:UpdateHandler: Can't read a file : android.util.MalformedJsonException: Use JsonReader.setLenient(true) to accept malformed JSON at line 1 column 20
07-05 13:30:33.922   545   548 D dalvikvm: GC_CONCURRENT freed 446K, 12% free 10411K/11719K, paused 2ms+2ms
07-05 13:30:34.191   545   548 D dalvikvm: GC_CONCURRENT freed 415K, 12% free 10387K/11719K, paused 2ms+2ms
07-05 13:30:34.285   545  1952 I DownloadManager: Initiating request for download 4051
07-05 13:30:34.375   545   548 D dalvikvm: GC_CONCURRENT freed 226K, 10% free 10598K/11719K, paused 2ms+3ms
07-05 13:30:34.484   545   548 D dalvikvm: GC_CONCURRENT freed 260K, 9% free 10740K/11719K, paused 2ms+2ms
07-05 13:30:34.746   545   548 D dalvikvm: GC_CONCURRENT freed 775K, 12% free 10419K/11719K, paused 2ms+2ms
07-05 13:30:35.015   545   548 D dalvikvm: GC_CONCURRENT freed 417K, 12% free 10392K/11719K, paused 2ms+2ms
07-05 13:30:35.215   545  1955 I DownloadManager: Initiating request for download 4052
07-05 13:30:35.289   545   548 D dalvikvm: GC_CONCURRENT freed 316K, 11% free 10492K/11719K, paused 2ms+2ms
07-05 13:30:35.410   545   548 D dalvikvm: GC_CONCURRENT freed 246K, 9% free 10746K/11719K, paused 2ms+3ms
07-05 13:30:35.613   545   548 D dalvikvm: GC_CONCURRENT freed 780K, 12% free 10421K/11719K, paused 2ms+3ms
07-05 13:30:35.644  1370  1957 E DictionaryProvider:UpdateHandler: Can't read a file : android.util.MalformedJsonException: Use JsonReader.setLenient(true) to accept malformed JSON at line 1 column 20
07-05 13:30:35.718  1370  1372 D dalvikvm: GC_CONCURRENT freed 392K, 7% free 9127K/9735K, paused 2ms+2ms
07-05 13:30:35.941   545   548 D dalvikvm: GC_CONCURRENT freed 407K, 12% free 10404K/11719K, paused 1ms+3ms
07-05 13:30:36.218   545   548 D dalvikvm: GC_CONCURRENT freed 410K, 12% free 10384K/11719K, paused 2ms+2ms
07-05 13:30:36.254   545  1960 I DownloadManager: Initiating request for download 4052
07-05 13:30:36.367   545   548 D dalvikvm: GC_CONCURRENT freed 178K, 10% free 10643K/11719K, paused 2ms+3ms
07-05 13:30:36.492   545   548 D dalvikvm: GC_CONCURRENT freed 421K, 9% free 10668K/11719K, paused 1ms+3ms
07-05 13:30:36.789   545   548 D dalvikvm: GC_CONCURRENT freed 683K, 12% free 10412K/11719K, paused 2ms+2ms
07-05 13:30:37.070   545   548 D dalvikvm: GC_CONCURRENT freed 414K, 12% free 10395K/11719K, paused 2ms+2ms
07-05 13:30:37.203   545  1963 I DownloadManager: Initiating request for download 4053
07-05 13:30:37.281   545   548 D dalvikvm: GC_CONCURRENT freed 243K, 10% free 10585K/11719K, paused 2ms+3ms
07-05 13:30:37.414   545   548 D dalvikvm: GC_CONCURRENT freed 294K, 9% free 10744K/11719K, paused 2ms+4ms
07-05 13:30:37.597  1370  1965 E DictionaryProvider:UpdateHandler: Can't read a file : android.util.MalformedJsonException: Use JsonReader.setLenient(true) to accept malformed JSON at line 1 column 20
07-05 13:30:37.664  1370  1381 D dalvikvm: GC_EXPLICIT freed 134K, 7% free 9095K/9735K, paused 2ms+2ms
07-05 13:30:37.722   545   548 D dalvikvm: GC_CONCURRENT freed 775K, 12% free 10422K/11719K, paused 2ms+2ms
07-05 13:30:37.984   545   548 D dalvikvm: GC_CONCURRENT freed 414K, 12% free 10399K/11719K, paused 2ms+2ms
07-05 13:30:38.175   545  1968 I DownloadManager: Initiating request for download 4053
07-05 13:30:38.246   545   548 D dalvikvm: GC_CONCURRENT freed 340K, 11% free 10539K/11719K, paused 2ms+3ms
07-05 13:30:38.367   545   548 D dalvikvm: GC_CONCURRENT freed 267K, 9% free 10709K/11719K, paused 2ms+2ms
07-05 13:30:38.562   545   548 D dalvikvm: GC_CONCURRENT freed 729K, 12% free 10424K/11719K, paused 2ms+3ms
07-05 13:30:38.855   545   548 D dalvikvm: GC_CONCURRENT freed 406K, 12% free 10407K/11719K, paused 2ms+3ms
07-05 13:30:39.133   545   548 D dalvikvm: GC_CONCURRENT freed 408K, 12% free 10390K/11719K, paused 2ms+2ms
07-05 13:30:39.203   545  1971 I DownloadManager: Initiating request for download 4054
07-05 13:30:39.312   545   548 D dalvikvm: GC_CONCURRENT freed 183K, 10% free 10644K/11719K, paused 1ms+2ms
07-05 13:30:39.433   545   548 D dalvikvm: GC_CONCURRENT freed 413K, 9% free 10674K/11719K, paused 2ms+3ms
07-05 13:30:39.578  1370  1973 E DictionaryProvider:UpdateHandler: Can't read a file : android.util.MalformedJsonException: Use JsonReader.setLenient(true) to accept malformed JSON at line 1 column 20
07-05 13:30:39.746   545   548 D dalvikvm: GC_CONCURRENT freed 683K, 12% free 10421K/11719K, paused 2ms+2ms
07-05 13:30:40.019   545   548 D dalvikvm: GC_CONCURRENT freed 416K, 12% free 10396K/11719K, paused 2ms+2ms
07-05 13:30:40.156   545  1977 I DownloadManager: Initiating request for download 4054
07-05 13:30:40.238   545   548 D dalvikvm: GC_CONCURRENT freed 265K, 10% free 10576K/11719K, paused 1ms+3ms
07-05 13:30:40.355   545   548 D dalvikvm: GC_CONCURRENT freed 280K, 9% free 10740K/11719K, paused 1ms+3ms
07-05 13:30:40.593   545   548 D dalvikvm: GC_CONCURRENT freed 769K, 12% free 10422K/11719K, paused 2ms+2ms
07-05 13:30:40.855   545   548 D dalvikvm: GC_CONCURRENT freed 404K, 12% free 10406K/11719K, paused 2ms+2ms
07-05 13:30:41.090   545  1980 I DownloadManager: Initiating request for download 4055
07-05 13:30:41.152   545   548 D dalvikvm: GC_CONCURRENT freed 373K, 11% free 10464K/11719K, paused 2ms+3ms
07-05 13:30:41.277   545   548 D dalvikvm: GC_CONCURRENT freed 216K, 9% free 10685K/11719K, paused 2ms+2ms
07-05 13:30:41.422   156   512 D dalvikvm: GC_EXPLICIT freed 498K, 12% free 14088K/16007K, paused 2ms+6ms
07-05 13:30:41.504   545   548 D dalvikvm: GC_CONCURRENT freed 661K, 11% free 10464K/11719K, paused 2ms+3ms
07-05 13:30:41.562  1370  1982 E DictionaryProvider:UpdateHandler: Can't read a file : android.util.MalformedJsonException: Use JsonReader.setLenient(true) to accept malformed JSON at line 1 column 20
07-05 13:30:41.804   545   548 D dalvikvm: GC_CONCURRENT freed 449K, 12% free 10406K/11719K, paused 2ms+2ms
07-05 13:30:42.074   545   548 D dalvikvm: GC_CONCURRENT freed 413K, 12% free 10383K/11719K, paused 2ms+2ms
07-05 13:30:42.168   545  1985 I DownloadManager: Initiating request for download 4055
07-05 13:30:42.254   545   548 D dalvikvm: GC_CONCURRENT freed 232K, 10% free 10588K/11719K, paused 2ms+3ms
07-05 13:30:42.379   545   548 D dalvikvm: GC_CONCURRENT freed 293K, 9% free 10751K/11719K, paused 2ms+3ms
07-05 13:30:42.664   545   548 D dalvikvm: GC_CONCURRENT freed 794K, 12% free 10407K/11719K, paused 1ms+2ms
07-05 13:30:42.925   545   548 D dalvikvm: GC_CONCURRENT freed 406K, 12% free 10389K/11719K, paused 1ms+2ms
07-05 13:30:43.125   545  1988 I DownloadManager: Initiating request for download 4056
07-05 13:30:43.207   545   548 D dalvikvm: GC_CONCURRENT freed 302K, 11% free 10544K/11719K, paused 2ms+3ms
07-05 13:30:43.316   545   548 D dalvikvm: GC_CONCURRENT freed 274K, 9% free 10707K/11719K, paused 1ms+2ms
07-05 13:30:43.504   545   548 D dalvikvm: GC_CONCURRENT freed 733K, 12% free 10417K/11719K, paused 2ms+2ms
07-05 13:30:43.547  1370  1990 E DictionaryProvider:UpdateHandler: Can't read a file : android.util.MalformedJsonException: Use JsonReader.setLenient(true) to accept malformed JSON at line 1 column 20
07-05 13:30:43.797   545   548 D dalvikvm: GC_CONCURRENT freed 402K, 12% free 10406K/11719K, paused 2ms+2ms
07-05 13:30:44.066   545   548 D dalvikvm: GC_CONCURRENT freed 415K, 12% free 10382K/11719K, paused 2ms+2ms
07-05 13:30:44.117   545  1993 I DownloadManager: Initiating request for download 4056
07-05 13:30:44.222   545   548 D dalvikvm: GC_CONCURRENT freed 189K, 10% free 10630K/11719K, paused 2ms+2ms
07-05 13:30:44.343   545   548 D dalvikvm: GC_CONCURRENT freed 401K, 9% free 10667K/11719K, paused 1ms+3ms
07-05 13:30:44.629   545   548 D dalvikvm: GC_CONCURRENT freed 686K, 12% free 10406K/11719K, paused 1ms+2ms
07-05 13:30:44.894   545   548 D dalvikvm: GC_CONCURRENT freed 404K, 12% free 10388K/11719K, paused 2ms+2ms
07-05 13:30:45.066   545  1996 I DownloadManager: Initiating request for download 4057
07-05 13:30:45.148   545   548 D dalvikvm: GC_CONCURRENT freed 263K, 10% free 10560K/11719K, paused 2ms+3ms
07-05 13:30:45.273   545   548 D dalvikvm: GC_CONCURRENT freed 286K, 9% free 10721K/11719K, paused 1ms+4ms
07-05 13:30:45.492   545   548 D dalvikvm: GC_CONCURRENT freed 719K, 11% free 10448K/11719K, paused 1ms+2ms
07-05 13:30:45.758   545   548 D dalvikvm: GC_CONCURRENT freed 404K, 11% free 10434K/11719K, paused 2ms+2ms
07-05 13:30:46.015   545   548 D dalvikvm: GC_CONCURRENT freed 380K, 11% free 10454K/11719K, paused 2ms+2ms
07-05 13:30:47.039   545   548 D dalvikvm: GC_CONCURRENT freed 410K, 11% free 10434K/11719K, paused 2ms+2ms
07-05 13:30:47.320   545   548 D dalvikvm: GC_CONCURRENT freed 430K, 12% free 10397K/11719K, paused 2ms+3ms
07-05 13:30:47.734  1370  1999 E DictionaryProvider:UpdateHandler: Can't read a file : android.util.MalformedJsonException: Use JsonReader.setLenient(true) to accept malformed JSON at line 1 column 20
07-05 13:30:47.836  1370  1372 D dalvikvm: GC_CONCURRENT freed 360K, 7% free 9127K/9735K, paused 1ms+2ms
07-05 13:30:47.886   545   548 D dalvikvm: GC_CONCURRENT freed 360K, 12% free 10428K/11719K, paused 1ms+2ms
07-05 13:30:48.156   545   548 D dalvikvm: GC_CONCURRENT freed 417K, 12% free 10398K/11719K, paused 2ms+3ms
07-05 13:30:48.418   545   548 D dalvikvm: GC_CONCURRENT freed 402K, 12% free 10387K/11719K, paused 2ms+2ms
07-05 13:30:48.730   545   548 D dalvikvm: GC_CONCURRENT freed 363K, 12% free 10412K/11719K, paused 1ms+2ms
07-05 13:30:49.000   545   548 D dalvikvm: GC_CONCURRENT freed 410K, 12% free 10393K/11719K, paused 2ms+2ms
07-05 13:30:49.234   545  2002 I DownloadManager: Initiating request for download 4058
07-05 13:30:49.297   545   548 D dalvikvm: GC_CONCURRENT freed 346K, 11% free 10460K/11719K, paused 2ms+3ms
07-05 13:30:49.418   545   548 D dalvikvm: GC_CONCURRENT freed 218K, 9% free 10678K/11719K, paused 2ms+3ms
07-05 13:30:49.562   545   548 D dalvikvm: GC_CONCURRENT freed 658K, 11% free 10455K/11719K, paused 2ms+2ms
07-05 13:30:49.629  1370  2004 E DictionaryProvider:UpdateHandler: Can't read a file : android.util.MalformedJsonException: Use JsonReader.setLenient(true) to accept malformed JSON at line 1 column 20
07-05 13:30:49.871   545   548 D dalvikvm: GC_CONCURRENT freed 432K, 12% free 10414K/11719K, paused 2ms+3ms
07-05 13:30:50.160   545   548 D dalvikvm: GC_CONCURRENT freed 416K, 12% free 10389K/11719K, paused 2ms+2ms
07-05 13:30:50.258   545  2007 I DownloadManager: Initiating request for download 4058
07-05 13:30:50.340   545   548 D dalvikvm: GC_CONCURRENT freed 232K, 10% free 10595K/11719K, paused 2ms+3ms
07-05 13:30:50.461   545   548 D dalvikvm: GC_CONCURRENT freed 294K, 9% free 10758K/11719K, paused 2ms+2ms
07-05 13:30:50.718   545   548 D dalvikvm: GC_CONCURRENT freed 795K, 12% free 10415K/11719K, paused 2ms+2ms
07-05 13:30:50.984   545   548 D dalvikvm: GC_CONCURRENT freed 404K, 12% free 10397K/11719K, paused 1ms+2ms
07-05 13:30:51.191   545  2011 I DownloadManager: Initiating request for download 4059
07-05 13:30:51.281   545   548 D dalvikvm: GC_CONCURRENT freed 312K, 10% free 10591K/11719K, paused 2ms+3ms
07-05 13:30:51.406   545   548 D dalvikvm: GC_CONCURRENT freed 329K, 9% free 10753K/11719K, paused 2ms+3ms
07-05 13:30:51.582  1370  2013 E DictionaryProvider:UpdateHandler: Can't read a file : android.util.MalformedJsonException: Use JsonReader.setLenient(true) to accept malformed JSON at line 1 column 20
07-05 13:30:51.683   545   548 D dalvikvm: GC_CONCURRENT freed 783K, 12% free 10428K/11719K, paused 2ms+3ms
07-05 13:30:51.945   545   548 D dalvikvm: GC_CONCURRENT freed 418K, 12% free 10401K/11719K, paused 2ms+3ms
07-05 13:30:52.160   545  2016 I DownloadManager: Initiating request for download 4059
07-05 13:30:52.218   545   548 D dalvikvm: GC_CONCURRENT freed 357K, 11% free 10457K/11719K, paused 2ms+2ms
07-05 13:30:52.336   545   548 D dalvikvm: GC_CONCURRENT freed 213K, 9% free 10681K/11719K, paused 2ms+3ms
07-05 13:30:52.480   545   548 D dalvikvm: GC_CONCURRENT freed 658K, 11% free 10460K/11719K, paused 2ms+2ms
07-05 13:30:52.769   545   548 D dalvikvm: GC_CONCURRENT freed 435K, 12% free 10412K/11719K, paused 2ms+2ms
07-05 13:30:53.035   545   548 D dalvikvm: GC_CONCURRENT freed 409K, 12% free 10394K/11719K, paused 2ms+2ms
07-05 13:30:53.281   545  2019 I DownloadManager: Initiating request for download 4060
07-05 13:30:53.383   545   548 D dalvikvm: GC_CONCURRENT freed 227K, 10% free 10600K/11719K, paused 2ms+3ms
07-05 13:30:53.500   545   548 D dalvikvm: GC_CONCURRENT freed 292K, 9% free 10766K/11719K, paused 2ms+2ms
07-05 13:30:53.754   545   548 D dalvikvm: GC_CONCURRENT freed 775K, 11% free 10452K/11719K, paused 1ms+2ms
07-05 13:30:54.011   545   548 D dalvikvm: GC_CONCURRENT freed 405K, 11% free 10437K/11719K, paused 2ms+2ms
07-05 13:30:54.777  1370  2022 E DictionaryProvider:UpdateHandler: Can't read a file : android.util.MalformedJsonException: Use JsonReader.setLenient(true) to accept malformed JSON at line 1 column 20
07-05 13:30:54.843   545   548 D dalvikvm: GC_CONCURRENT freed 388K, 11% free 10443K/11719K, paused 1ms+3ms
07-05 13:30:55.121   545   548 D dalvikvm: GC_CONCURRENT freed 425K, 12% free 10409K/11719K, paused 2ms+2ms
07-05 13:30:55.383   545   548 D dalvikvm: GC_CONCURRENT freed 404K, 12% free 10396K/11719K, paused 2ms+2ms
07-05 13:30:55.480   545  2025 I DownloadManager: Initiating request for download 4060
07-05 13:30:55.480   545  2025 W DownloadManager: Aborting request for download 4060: Trying to resume a download that can't be resumed
07-05 13:30:55.761   545   548 D dalvikvm: GC_CONCURRENT freed 360K, 12% free 10426K/11719K, paused 2ms+2ms
07-05 13:30:55.968   482   482 D SAN_SERVICE: *******************************************
07-05 13:30:55.968   482   482 D SAN_SERVICE: DM App Phone Service State - 0
07-05 13:30:55.968   482   482 D SAN_SERVICE: *******************************************
07-05 13:30:56.047   545   548 D dalvikvm: GC_CONCURRENT freed 412K, 12% free 10404K/11719K, paused 1ms+2ms
07-05 13:30:56.324   545   548 D dalvikvm: GC_CONCURRENT freed 403K, 12% free 10392K/11719K, paused 2ms+2ms
07-05 13:30:56.390   545  2028 I DownloadManager: Initiating request for download 4061
07-05 13:30:56.511   545   548 D dalvikvm: GC_CONCURRENT freed 155K, 10% free 10652K/11719K, paused 2ms+3ms
07-05 13:30:56.640   545   548 D dalvikvm: GC_CONCURRENT freed 408K, 9% free 10688K/11719K, paused 2ms+2ms
07-05 13:30:56.808  1370  2030 E DictionaryProvider:UpdateHandler: Can't read a file : android.util.MalformedJsonException: Use JsonReader.setLenient(true) to accept malformed JSON at line 1 column 20
07-05 13:30:56.949   545   548 D dalvikvm: GC_CONCURRENT freed 682K, 11% free 10435K/11719K, paused 1ms+2ms
07-05 13:30:57.238   545   548 D dalvikvm: GC_CONCURRENT freed 416K, 12% free 10409K/11719K, paused 2ms+2ms
07-05 13:30:57.383   545  2033 I DownloadManager: Initiating request for download 4061
07-05 13:30:57.465   545   548 D dalvikvm: GC_CONCURRENT freed 280K, 10% free 10579K/11719K, paused 2ms+3ms
07-05 13:30:57.586   545   548 D dalvikvm: GC_CONCURRENT freed 288K, 9% free 10743K/11719K, paused 2ms+2ms
07-05 13:30:57.777  1370  1372 D dalvikvm: GC_CONCURRENT freed 385K, 7% free 9130K/9735K, paused 1ms+1ms
07-05 13:30:57.832   545   548 D dalvikvm: GC_CONCURRENT freed 761K, 11% free 10435K/11719K, paused 1ms+2ms
07-05 13:30:58.093   545   548 D dalvikvm: GC_CONCURRENT freed 409K, 12% free 10417K/11719K, paused 2ms+2ms
07-05 13:30:58.390   545  2036 I DownloadManager: Initiating request for download 4062
07-05 13:30:58.410   545   548 D dalvikvm: GC_CONCURRENT freed 404K, 12% free 10424K/11719K, paused 2ms+3ms
07-05 13:30:58.539   545   548 D dalvikvm: GC_CONCURRENT freed 180K, 9% free 10672K/11719K, paused 2ms+3ms
07-05 13:30:58.675   545   548 D dalvikvm: GC_CONCURRENT freed 415K, 9% free 10708K/11719K, paused 1ms+2ms
07-05 13:30:58.808  1370  2038 E DictionaryProvider:UpdateHandler: Can't read a file : android.util.MalformedJsonException: Use JsonReader.setLenient(true) to accept malformed JSON at line 1 column 20
07-05 13:30:59.015   545   548 D dalvikvm: GC_CONCURRENT freed 715K, 11% free 10433K/11719K, paused 2ms+2ms
07-05 13:30:59.289   545   548 D dalvikvm: GC_CONCURRENT freed 413K, 12% free 10416K/11719K, paused 2ms+3ms
07-05 13:30:59.402   545  2041 I DownloadManager: Initiating request for download 4062
07-05 13:30:59.492   545   548 D dalvikvm: GC_CONCURRENT freed 243K, 10% free 10605K/11719K, paused 2ms+3ms
07-05 13:30:59.609   545   548 D dalvikvm: GC_CONCURRENT freed 298K, 9% free 10766K/11719K, paused 2ms+2ms
07-05 13:30:59.820   482   482 D SAN_SERVICE: *******************************************
07-05 13:30:59.820   482   482 D SAN_SERVICE: DM App Phone Service State - 0
07-05 13:30:59.820   482   482 D SAN_SERVICE: *******************************************
07-05 13:30:59.890   545   548 D dalvikvm: GC_CONCURRENT freed 790K, 11% free 10436K/11719K, paused 2ms+3ms
07-05 13:31:00.187   545   548 D dalvikvm: GC_CONCURRENT freed 411K, 12% free 10415K/11719K, paused 2ms+2ms
07-05 13:31:00.406   545  2044 I DownloadManager: Initiating request for download 4063
07-05 13:31:00.476   545   548 D dalvikvm: GC_CONCURRENT freed 338K, 11% free 10484K/11719K, paused 2ms+4ms
07-05 13:31:00.597   545   548 D dalvikvm: GC_CONCURRENT freed 210K, 9% free 10698K/11719K, paused 2ms+2ms
07-05 13:31:00.746   545   548 D dalvikvm: GC_CONCURRENT freed 655K, 11% free 10478K/11719K, paused 2ms+3ms
07-05 13:31:00.843  1370  2046 E DictionaryProvider:UpdateHandler: Can't read a file : android.util.MalformedJsonException: Use JsonReader.setLenient(true) to accept malformed JSON at line 1 column 20
07-05 13:31:01.062   545   548 D dalvikvm: GC_CONCURRENT freed 431K, 11% free 10438K/11719K, paused 2ms+3ms
07-05 13:31:01.328   545   548 D dalvikvm: GC_CONCURRENT freed 414K, 12% free 10414K/11719K, paused 2ms+2ms
07-05 13:31:01.508   156   593 D dalvikvm: GC_EXPLICIT freed 612K, 12% free 14095K/16007K, paused 3ms+5ms
07-05 13:31:01.515   545  2049 I DownloadManager: Initiating request for download 4063
07-05 13:31:01.601   545   548 D dalvikvm: GC_CONCURRENT freed 243K, 10% free 10603K/11719K, paused 2ms+2ms
07-05 13:31:01.718   545   548 D dalvikvm: GC_CONCURRENT freed 315K, 9% free 10748K/11719K, paused 2ms+3ms
07-05 13:31:01.945   545   548 D dalvikvm: GC_CONCURRENT freed 746K, 11% free 10456K/11719K, paused 2ms+3ms
07-05 13:31:02.203   545   548 D dalvikvm: GC_CONCURRENT freed 404K, 11% free 10442K/11719K, paused 2ms+2ms
07-05 13:31:03.320   545  2051 I DownloadManager: Initiating request for download 4064
07-05 13:31:03.386   545   548 D dalvikvm: GC_CONCURRENT freed 348K, 11% free 10530K/11719K, paused 2ms+3ms
07-05 13:31:03.500   545   548 D dalvikvm: GC_CONCURRENT freed 263K, 9% free 10703K/11719K, paused 2ms+3ms
07-05 13:31:03.679   545   548 D dalvikvm: GC_CONCURRENT freed 671K, 11% free 10467K/11719K, paused 2ms+3ms
07-05 13:31:03.769  1370  2054 E DictionaryProvider:UpdateHandler: Can't read a file : android.util.MalformedJsonException: Use JsonReader.setLenient(true) to accept malformed JSON at line 1 column 20
07-05 13:31:03.988   545   548 D dalvikvm: GC_CONCURRENT freed 433K, 12% free 10424K/11719K, paused 2ms+2ms
07-05 13:31:04.250   545   548 D dalvikvm: GC_CONCURRENT freed 415K, 12% free 10399K/11719K, paused 1ms+2ms
07-05 13:31:04.355   545  2057 I DownloadManager: Initiating request for download 4064
07-05 13:31:04.425   545  2021 D dalvikvm: GC_EXPLICIT freed 247K, 10% free 10662K/11719K, paused 2ms+6ms
07-05 13:31:04.547   545   548 D dalvikvm: GC_CONCURRENT freed 420K, 9% free 10695K/11719K, paused 1ms+2ms
07-05 13:31:04.851   545   548 D dalvikvm: GC_CONCURRENT freed 704K, 12% free 10430K/11719K, paused 2ms+3ms
07-05 13:31:05.109   545   548 D dalvikvm: GC_CONCURRENT freed 416K, 12% free 10404K/11719K, paused 1ms+2ms
07-05 13:31:05.300   545  2060 I DownloadManager: Initiating request for download 4065
07-05 13:31:05.383   545   548 D dalvikvm: GC_CONCURRENT freed 285K, 10% free 10573K/11719K, paused 3ms+3ms
07-05 13:31:05.492   545   548 D dalvikvm: GC_CONCURRENT freed 287K, 9% free 10736K/11719K, paused 2ms+3ms
07-05 13:31:05.711  1370  2063 E DictionaryProvider:UpdateHandler: Can't read a file : android.util.MalformedJsonException: Use JsonReader.setLenient(true) to accept malformed JSON at line 1 column 20
07-05 13:31:05.746   545   548 D dalvikvm: GC_CONCURRENT freed 766K, 11% free 10443K/11719K, paused 2ms+3ms
07-05 13:31:06.019   545   548 D dalvikvm: GC_CONCURRENT freed 421K, 12% free 10412K/11719K, paused 2ms+2ms
07-05 13:31:06.269   545   548 D dalvikvm: GC_CONCURRENT freed 403K, 12% free 10399K/11719K, paused 2ms+2ms
07-05 13:31:06.289   545  2066 I DownloadManager: Initiating request for download 4065
07-05 13:31:06.406   545   548 D dalvikvm: GC_CONCURRENT freed 174K, 10% free 10661K/11719K, paused 2ms+3ms
07-05 13:31:06.531   545   548 D dalvikvm: GC_CONCURRENT freed 421K, 9% free 10688K/11719K, paused 2ms+2ms
07-05 13:31:06.691  1370  1372 D dalvikvm: GC_CONCURRENT freed 388K, 7% free 9129K/9735K, paused 2ms+2ms
07-05 13:31:06.855   545   548 D dalvikvm: GC_CONCURRENT freed 695K, 12% free 10426K/11719K, paused 2ms+3ms
07-05 13:31:07.125   545   548 D dalvikvm: GC_CONCURRENT freed 413K, 12% free 10404K/11719K, paused 1ms+3ms
07-05 13:31:07.277   545  2069 I DownloadManager: Initiating request for download 4066
07-05 13:31:07.367   545   548 D dalvikvm: GC_CONCURRENT freed 253K, 10% free 10589K/11719K, paused 2ms+3ms
07-05 13:31:07.484   545   548 D dalvikvm: GC_CONCURRENT freed 295K, 9% free 10751K/11719K, paused 2ms+2ms
07-05 13:31:07.675  1370  2071 E DictionaryProvider:UpdateHandler: Can't read a file : android.util.MalformedJsonException: Use JsonReader.setLenient(true) to accept malformed JSON at line 1 column 20
07-05 13:31:07.750   545   548 D dalvikvm: GC_CONCURRENT freed 762K, 11% free 10442K/11719K, paused 2ms+2ms
07-05 13:31:08.023   545   548 D dalvikvm: GC_CONCURRENT freed 419K, 12% free 10419K/11719K, paused 1ms+3ms
07-05 13:31:08.246   545  2074 I DownloadManager: Initiating request for download 4066
07-05 13:31:08.300   545   548 D dalvikvm: GC_CONCURRENT freed 406K, 11% free 10460K/11719K, paused 2ms+2ms
07-05 13:31:08.414   545   548 D dalvikvm: GC_CONCURRENT freed 206K, 9% free 10691K/11719K, paused 2ms+2ms
07-05 13:31:08.562   545   548 D dalvikvm: GC_CONCURRENT freed 656K, 11% free 10472K/11719K, paused 2ms+3ms
07-05 13:31:08.824   545   548 D dalvikvm: GC_CONCURRENT freed 401K, 11% free 10460K/11719K, paused 2ms+2ms
07-05 13:31:09.101   545   548 D dalvikvm: GC_CONCURRENT freed 406K, 11% free 10445K/11719K, paused 2ms+2ms
07-05 13:31:09.968   545  2076 I DownloadManager: Initiating request for download 4067
07-05 13:31:10.054   545   548 D dalvikvm: GC_CONCURRENT freed 273K, 10% free 10612K/11719K, paused 2ms+4ms
07-05 13:31:10.199   545   548 D dalvikvm: GC_CONCURRENT freed 296K, 9% free 10771K/11719K, paused 2ms+3ms
07-05 13:31:10.383  1370  2079 E DictionaryProvider:UpdateHandler: Can't read a file : android.util.MalformedJsonException: Use JsonReader.setLenient(true) to accept malformed JSON at line 1 column 20
07-05 13:31:10.496   545   548 D dalvikvm: GC_CONCURRENT freed 788K, 11% free 10443K/11719K, paused 2ms+3ms
07-05 13:31:10.761   545   548 D dalvikvm: GC_CONCURRENT freed 414K, 12% free 10415K/11719K, paused 2ms+2ms
07-05 13:31:10.972   545  2083 I DownloadManager: Initiating request for download 4067
07-05 13:31:11.027   545   548 D dalvikvm: GC_CONCURRENT freed 374K, 11% free 10451K/11719K, paused 2ms+3ms
07-05 13:31:11.136   545   548 D dalvikvm: GC_CONCURRENT freed 198K, 9% free 10691K/11719K, paused 1ms+2ms
07-05 13:31:11.277   545   548 D dalvikvm: GC_CONCURRENT freed 653K, 11% free 10476K/11719K, paused 2ms+2ms
07-05 13:31:11.562   545   548 D dalvikvm: GC_CONCURRENT freed 437K, 11% free 10430K/11719K, paused 1ms+4ms
07-05 13:31:11.828   545   548 D dalvikvm: GC_CONCURRENT freed 411K, 12% free 10410K/11719K, paused 2ms+2ms
07-05 13:31:11.965   545  2086 I DownloadManager: Initiating request for download 4068
07-05 13:31:12.050   545   548 D dalvikvm: GC_CONCURRENT freed 242K, 10% free 10601K/11719K, paused 2ms+3ms
07-05 13:31:12.175   545   548 D dalvikvm: GC_CONCURRENT freed 294K, 9% free 10768K/11719K, paused 2ms+3ms
07-05 13:31:12.363  1370  2088 E DictionaryProvider:UpdateHandler: Can't read a file : android.util.MalformedJsonException: Use JsonReader.setLenient(true) to accept malformed JSON at line 1 column 20
07-05 13:31:12.468   545   548 D dalvikvm: GC_CONCURRENT freed 786K, 11% free 10444K/11719K, paused 2ms+3ms
07-05 13:31:12.738   545   548 D dalvikvm: GC_CONCURRENT freed 411K, 12% free 10424K/11719K, paused 2ms+2ms
07-05 13:31:12.957   545  2091 I DownloadManager: Initiating request for download 4068
07-05 13:31:13.015   545   548 D dalvikvm: GC_CONCURRENT freed 370K, 11% free 10481K/11719K, paused 2ms+2ms
07-05 13:31:13.129   545   548 D dalvikvm: GC_CONCURRENT freed 215K, 9% free 10703K/11719K, paused 2ms+3ms
07-05 13:31:13.269   545   548 D dalvikvm: GC_CONCURRENT freed 668K, 11% free 10479K/11719K, paused 2ms+2ms
07-05 13:31:13.554   545   548 D dalvikvm: GC_CONCURRENT freed 438K, 11% free 10432K/11719K, paused 2ms+2ms
07-05 13:31:13.824   545   548 D dalvikvm: GC_CONCURRENT freed 409K, 12% free 10414K/11719K, paused 2ms+2ms
07-05 13:31:13.957   545  2094 I DownloadManager: Initiating request for download 4069
07-05 13:31:14.043   545   548 D dalvikvm: GC_CONCURRENT freed 231K, 10% free 10639K/11719K, paused 2ms+2ms
07-05 13:31:14.172   545   548 D dalvikvm: GC_CONCURRENT freed 325K, 8% free 10786K/11719K, paused 1ms+3ms
07-05 13:31:14.347  1370  2096 E DictionaryProvider:UpdateHandler: Can't read a file : android.util.MalformedJsonException: Use JsonReader.setLenient(true) to accept malformed JSON at line 1 column 20
07-05 13:31:14.441   465   467 D dalvikvm: GC_CONCURRENT freed 165K, 6% free 10501K/11079K, paused 1ms+3ms
07-05 13:31:14.492   545   548 D dalvikvm: GC_CONCURRENT freed 808K, 11% free 10444K/11719K, paused 2ms+2ms
07-05 13:31:14.758   545   548 D dalvikvm: GC_CONCURRENT freed 410K, 12% free 10422K/11719K, paused 1ms+3ms
07-05 13:31:14.945   545  2099 I DownloadManager: Initiating request for download 4069
07-05 13:31:15.015   545   548 D dalvikvm: GC_CONCURRENT freed 336K, 11% free 10535K/11719K, paused 2ms+3ms
07-05 13:31:15.133   545   548 D dalvikvm: GC_CONCURRENT freed 247K, 9% free 10725K/11719K, paused 2ms+2ms
07-05 13:31:15.297   545   548 D dalvikvm: GC_CONCURRENT freed 689K, 11% free 10481K/11719K, paused 2ms+3ms
07-05 13:31:15.363  1370  1372 D dalvikvm: GC_CONCURRENT freed 393K, 7% free 9127K/9735K, paused 1ms+2ms
07-05 13:31:15.613   545   548 D dalvikvm: GC_CONCURRENT freed 440K, 11% free 10432K/11719K, paused 2ms+3ms
07-05 13:31:15.883   545   548 D dalvikvm: GC_CONCURRENT freed 410K, 12% free 10412K/11719K, paused 2ms+2ms
07-05 13:31:15.988   545  2102 I DownloadManager: Initiating request for download 4070
07-05 13:31:16.082   545   548 D dalvikvm: GC_CONCURRENT freed 197K, 10% free 10629K/11719K, paused 2ms+3ms
07-05 13:31:16.203   545   548 D dalvikvm: GC_CONCURRENT freed 303K, 8% free 10795K/11719K, paused 2ms+3ms
07-05 13:31:16.383  1370  2104 E DictionaryProvider:UpdateHandler: Can't read a file : android.util.MalformedJsonException: Use JsonReader.setLenient(true) to accept malformed JSON at line 1 column 20
07-05 13:31:16.492   545   548 D dalvikvm: GC_CONCURRENT freed 816K, 11% free 10449K/11719K, paused 2ms+2ms
07-05 13:31:16.758   545   548 D dalvikvm: GC_CONCURRENT freed 413K, 12% free 10426K/11719K, paused 2ms+2ms
07-05 13:31:16.925   545  2106 I DownloadManager: Initiating request for download 4070
07-05 13:31:17.000   545   548 D dalvikvm: GC_CONCURRENT freed 311K, 10% free 10573K/11719K, paused 2ms+3ms
07-05 13:31:17.097   545   548 D dalvikvm: GC_CONCURRENT freed 265K, 9% free 10739K/11719K, paused 3ms+4ms
07-05 13:31:18.640   545   548 D dalvikvm: GC_CONCURRENT freed 745K, 11% free 10451K/11719K, paused 1ms+3ms
07-05 13:31:18.914   545   548 D dalvikvm: GC_CONCURRENT freed 409K, 11% free 10433K/11719K, paused 2ms+3ms
07-05 13:31:19.183   545   548 D dalvikvm: GC_CONCURRENT freed 409K, 12% free 10414K/11719K, paused 1ms+3ms
07-05 13:31:19.261   545  2110 I DownloadManager: Initiating request for download 4071
07-05 13:31:19.359   545   548 D dalvikvm: GC_CONCURRENT freed 198K, 10% free 10653K/11719K, paused 2ms+3ms
07-05 13:31:19.480   545   548 D dalvikvm: GC_CONCURRENT freed 300K, 8% free 10800K/11719K, paused 2ms+3ms
07-05 13:31:19.644  1370  2112 E DictionaryProvider:UpdateHandler: Can't read a file : android.util.MalformedJsonException: Use JsonReader.setLenient(true) to accept malformed JSON at line 1 column 20
07-05 13:31:19.781   545   548 D dalvikvm: GC_CONCURRENT freed 821K, 11% free 10451K/11719K, paused 2ms+3ms
07-05 13:31:20.062   545   548 D dalvikvm: GC_CONCURRENT freed 418K, 12% free 10424K/11719K, paused 1ms+3ms
07-05 13:31:20.222   545  2115 I DownloadManager: Initiating request for download 4071
07-05 13:31:20.297   545   548 D dalvikvm: GC_CONCURRENT freed 296K, 10% free 10595K/11719K, paused 2ms+3ms
07-05 13:31:20.418   545   548 D dalvikvm: GC_CONCURRENT freed 280K, 9% free 10760K/11719K, paused 2ms+3ms
07-05 13:31:20.660   545   548 D dalvikvm: GC_CONCURRENT freed 767K, 11% free 10453K/11719K, paused 2ms+2ms
07-05 13:31:20.918   545   548 D dalvikvm: GC_CONCURRENT freed 414K, 12% free 10428K/11719K, paused 2ms+2ms
07-05 13:31:21.195   545   548 D dalvikvm: GC_CONCURRENT freed 398K, 12% free 10418K/11719K, paused 1ms+2ms
07-05 13:31:21.312   156   514 D dalvikvm: GC_EXPLICIT freed 508K, 12% free 14089K/16007K, paused 3ms+6ms
07-05 13:31:21.320   545  2118 I DownloadManager: Initiating request for download 4072
07-05 13:31:21.433   545   548 D dalvikvm: GC_CONCURRENT freed 176K, 9% free 10679K/11719K, paused 1ms+3ms
07-05 13:31:21.566   545   548 D dalvikvm: GC_CONCURRENT freed 438K, 9% free 10715K/11719K, paused 1ms+2ms
07-05 13:31:21.715  1370  2120 E DictionaryProvider:UpdateHandler: Can't read a file : android.util.MalformedJsonException: Use JsonReader.setLenient(true) to accept malformed JSON at line 1 column 20
07-05 13:31:21.847   482   482 D SAN_SERVICE: *******************************************
07-05 13:31:21.847   482   482 D SAN_SERVICE: DM App Phone Service State - 0
07-05 13:31:21.847   482   482 D SAN_SERVICE: *******************************************
07-05 13:31:21.918   545   548 D dalvikvm: GC_CONCURRENT freed 726K, 11% free 10432K/11719K, paused 2ms+3ms
07-05 13:31:22.179   545   548 D dalvikvm: GC_CONCURRENT freed 415K, 12% free 10408K/11719K, paused 2ms+2ms
07-05 13:31:22.316   545  2124 I DownloadManager: Initiating request for download 4072
07-05 13:31:22.406   545   548 D dalvikvm: GC_CONCURRENT freed 255K, 10% free 10591K/11719K, paused 2ms+2ms
07-05 13:31:22.523   545   548 D dalvikvm: GC_CONCURRENT freed 292K, 9% free 10754K/11719K, paused 1ms+3ms
07-05 13:31:22.765   545   548 D dalvikvm: GC_CONCURRENT freed 775K, 11% free 10434K/11719K, paused 2ms+2ms
07-05 13:31:23.047   545   548 D dalvikvm: GC_CONCURRENT freed 404K, 12% free 10416K/11719K, paused 2ms+2ms
07-05 13:31:23.312   545  2127 I DownloadManager: Initiating request for download 4073
07-05 13:31:23.355   545   548 D dalvikvm: GC_CONCURRENT freed 405K, 11% free 10438K/11719K, paused 2ms+3ms
07-05 13:31:23.383   682  1055 E GTalkService: connectionClosed: no XMPPConnection - That's strange!
07-05 13:31:23.500   545   548 D dalvikvm: GC_CONCURRENT freed 192K, 9% free 10682K/11719K, paused 2ms+3ms
07-05 13:31:23.633   545   548 D dalvikvm: GC_CONCURRENT freed 438K, 9% free 10696K/11719K, paused 1ms+2ms
07-05 13:31:23.773  1370  2129 E DictionaryProvider:UpdateHandler: Can't read a file : android.util.MalformedJsonException: Use JsonReader.setLenient(true) to accept malformed JSON at line 1 column 20
07-05 13:31:23.945   545   548 D dalvikvm: GC_CONCURRENT freed 694K, 11% free 10439K/11719K, paused 1ms+2ms
07-05 13:31:24.218   545   548 D dalvikvm: GC_CONCURRENT freed 418K, 12% free 10412K/11719K, paused 2ms+3ms
07-05 13:31:24.340   545  2132 I DownloadManager: Initiating request for download 4073
07-05 13:31:24.429   545   548 D dalvikvm: GC_CONCURRENT freed 245K, 10% free 10603K/11719K, paused 2ms+3ms
07-05 13:31:24.550   545   548 D dalvikvm: GC_CONCURRENT freed 296K, 9% free 10768K/11719K, paused 2ms+3ms
07-05 13:31:24.777   545   548 D dalvikvm: GC_CONCURRENT freed 752K, 11% free 10471K/11719K, paused 2ms+2ms
07-05 13:31:24.910  1370  1372 D dalvikvm: GC_CONCURRENT freed 393K, 7% free 9126K/9735K, paused 1ms+3ms
07-05 13:31:25.082   545   548 D dalvikvm: GC_CONCURRENT freed 434K, 12% free 10424K/11719K, paused 2ms+2ms
07-05 13:31:25.340   545  2135 I DownloadManager: Initiating request for download 4074
07-05 13:31:25.394   545   548 D dalvikvm: GC_CONCURRENT freed 385K, 11% free 10447K/11719K, paused 2ms+3ms
07-05 13:31:25.527   545   548 D dalvikvm: GC_CONCURRENT freed 195K, 9% free 10688K/11719K, paused 2ms+2ms
07-05 13:31:25.668   545   548 D dalvikvm: GC_CONCURRENT freed 440K, 9% free 10700K/11719K, paused 2ms+2ms
07-05 13:31:25.812  1370  2137 E DictionaryProvider:UpdateHandler: Can't read a file : android.util.MalformedJsonException: Use JsonReader.setLenient(true) to accept malformed JSON at line 1 column 20
07-05 13:31:26.004   545   548 D dalvikvm: GC_CONCURRENT freed 701K, 11% free 10437K/11719K, paused 2ms+2ms
07-05 13:31:26.273   545   548 D dalvikvm: GC_CONCURRENT freed 415K, 12% free 10413K/11719K, paused 2ms+2ms
07-05 13:31:26.383   545  2140 I DownloadManager: Initiating request for download 4074
07-05 13:31:26.383   156   330 D ConnectivityService: handleInetConditionHoldEnd: net=1, condition=0, published condition=0
07-05 13:31:26.465   545   548 D dalvikvm: GC_CONCURRENT freed 254K, 10% free 10616K/11719K, paused 2ms+3ms
07-05 13:31:26.586   545   548 D dalvikvm: GC_CONCURRENT freed 286K, 8% free 10786K/11719K, paused 2ms+3ms
07-05 13:31:26.871   545   548 D dalvikvm: GC_CONCURRENT freed 811K, 11% free 10440K/11719K, paused 2ms+3ms
07-05 13:31:27.144   545   548 D dalvikvm: GC_CONCURRENT freed 410K, 12% free 10420K/11719K, paused 2ms+2ms
07-05 13:31:27.363   545  2143 I DownloadManager: Initiating request for download 4075
07-05 13:31:27.422   545   548 D dalvikvm: GC_CONCURRENT freed 345K, 11% free 10487K/11719K, paused 2ms+3ms
07-05 13:31:27.543   545   548 D dalvikvm: GC_CONCURRENT freed 215K, 9% free 10707K/11719K, paused 2ms+3ms
07-05 13:31:27.683   545   548 D dalvikvm: GC_CONCURRENT freed 676K, 11% free 10481K/11719K, paused 1ms+3ms
07-05 13:31:27.808  1370  2145 E DictionaryProvider:UpdateHandler: Can't read a file : android.util.MalformedJsonException: Use JsonReader.setLenient(true) to accept malformed JSON at line 1 column 20
07-05 13:31:28.000   545   548 D dalvikvm: GC_CONCURRENT freed 429K, 11% free 10443K/11719K, paused 2ms+2ms
07-05 13:31:28.265   545   548 D dalvikvm: GC_CONCURRENT freed 416K, 12% free 10417K/11719K, paused 2ms+2ms
07-05 13:31:28.379   545  2148 I DownloadManager: Initiating request for download 4075
07-05 13:31:28.468   545   548 D dalvikvm: GC_CONCURRENT freed 246K, 10% free 10608K/11719K, paused 2ms+3ms
07-05 13:31:28.590   545   548 D dalvikvm: GC_CONCURRENT freed 293K, 9% free 10778K/11719K, paused 2ms+3ms
07-05 13:31:28.847   545   548 D dalvikvm: GC_CONCURRENT freed 801K, 11% free 10444K/11719K, paused 2ms+2ms
07-05 13:31:29.121   545   548 D dalvikvm: GC_CONCURRENT freed 412K, 12% free 10422K/11719K, paused 1ms+2ms
07-05 13:31:29.347   545  2151 I DownloadManager: Initiating request for download 4076
07-05 13:31:29.402   545   548 D dalvikvm: GC_CONCURRENT freed 368K, 11% free 10486K/11719K, paused 2ms+3ms
07-05 13:31:29.515   545   548 D dalvikvm: GC_CONCURRENT freed 214K, 9% free 10710K/11719K, paused 1ms+3ms
07-05 13:31:29.664   545   548 D dalvikvm: GC_CONCURRENT freed 667K, 11% free 10485K/11719K, paused 2ms+2ms
07-05 13:31:29.750  1370  2153 E DictionaryProvider:UpdateHandler: Can't read a file : android.util.MalformedJsonException: Use JsonReader.setLenient(true) to accept malformed JSON at line 1 column 20
07-05 13:31:29.972   545   548 D dalvikvm: GC_CONCURRENT freed 432K, 11% free 10443K/11719K, paused 2ms+3ms
07-05 13:31:30.258   545   548 D dalvikvm: GC_CONCURRENT freed 415K, 12% free 10418K/11719K, paused 2ms+2ms
07-05 13:31:30.371   545  2156 I DownloadManager: Initiating request for download 4076
07-05 13:31:30.461   545   548 D dalvikvm: GC_CONCURRENT freed 248K, 10% free 10607K/11719K, paused 2ms+3ms
07-05 13:31:30.590   545   548 D dalvikvm: GC_CONCURRENT freed 291K, 9% free 10775K/11719K, paused 2ms+3ms
07-05 13:31:30.851   545   548 D dalvikvm: GC_CONCURRENT freed 793K, 11% free 10445K/11719K, paused 2ms+3ms
07-05 13:31:31.129   545   548 D dalvikvm: GC_CONCURRENT freed 409K, 12% free 10426K/11719K, paused 2ms+2ms
07-05 13:31:31.379   545  2159 I DownloadManager: Initiating request for download 4077
07-05 13:31:31.453   545   548 D dalvikvm: GC_CONCURRENT freed 388K, 11% free 10470K/11719K, paused 2ms+3ms
07-05 13:31:31.574   545   548 D dalvikvm: GC_CONCURRENT freed 202K, 9% free 10705K/11719K, paused 2ms+3ms
07-05 13:31:31.722   545   548 D dalvikvm: GC_CONCURRENT freed 677K, 11% free 10487K/11719K, paused 1ms+2ms
07-05 13:31:31.875  1370  2161 E DictionaryProvider:UpdateHandler: Can't read a file : android.util.MalformedJsonException: Use JsonReader.setLenient(true) to accept malformed JSON at line 1 column 20
07-05 13:31:32.027   545   548 D dalvikvm: GC_CONCURRENT freed 430K, 11% free 10448K/11719K, paused 1ms+2ms
07-05 13:31:32.297   545   548 D dalvikvm: GC_CONCURRENT freed 417K, 12% free 10421K/11719K, paused 2ms+2ms
07-05 13:31:32.425   545  2164 I DownloadManager: Initiating request for download 4077
07-05 13:31:32.511   545   548 D dalvikvm: GC_CONCURRENT freed 253K, 10% free 10608K/11719K, paused 2ms+3ms
07-05 13:31:32.633   545   548 D dalvikvm: GC_CONCURRENT freed 287K, 9% free 10775K/11719K, paused 2ms+3ms
07-05 13:31:32.840  1370  1372 D dalvikvm: GC_CONCURRENT freed 388K, 7% free 9129K/9735K, paused 2ms+2ms
07-05 13:31:32.906   545   548 D dalvikvm: GC_CONCURRENT freed 791K, 11% free 10447K/11719K, paused 2ms+2ms
07-05 13:31:33.168   545   548 D dalvikvm: GC_CONCURRENT freed 409K, 12% free 10428K/11719K, paused 2ms+2ms
07-05 13:31:33.445   545  2167 I DownloadManager: Initiating request for download 4078
07-05 13:31:33.539   545   548 D dalvikvm: GC_CONCURRENT freed 381K, 11% free 10500K/11719K, paused 4ms+3ms
07-05 13:31:33.648   545   548 D dalvikvm: GC_CONCURRENT freed 221K, 9% free 10717K/11719K, paused 1ms+3ms
07-05 13:31:33.789   545   548 D dalvikvm: GC_CONCURRENT freed 672K, 11% free 10489K/11719K, paused 2ms+3ms
07-05 13:31:33.863   545  2167 D dalvikvm: GC_EXPLICIT freed 33K, 11% free 10516K/11719K, paused 2ms+4ms
07-05 13:31:33.996  1370  2169 E DictionaryProvider:UpdateHandler: Can't read a file : android.util.MalformedJsonException: Use JsonReader.setLenient(true) to accept malformed JSON at line 1 column 20
07-05 13:31:34.183   545   548 D dalvikvm: GC_CONCURRENT freed 458K, 11% free 10448K/11719K, paused 1ms+2ms
07-05 13:31:34.445   545   548 D dalvikvm: GC_CONCURRENT freed 417K, 12% free 10422K/11719K, paused 2ms+2ms
07-05 13:31:34.547   545  2172 I DownloadManager: Initiating request for download 4078
07-05 13:31:34.636   545   548 D dalvikvm: GC_CONCURRENT freed 227K, 10% free 10631K/11719K, paused 2ms+3ms
07-05 13:31:34.750   545   548 D dalvikvm: GC_CONCURRENT freed 279K, 8% free 10788K/11719K, paused 2ms+2ms
07-05 13:31:35.015   545   548 D dalvikvm: GC_CONCURRENT freed 808K, 11% free 10448K/11719K, paused 2ms+2ms
07-05 13:31:35.273   545   548 D dalvikvm: GC_CONCURRENT freed 409K, 12% free 10430K/11719K, paused 2ms+3ms
07-05 13:31:35.515   545  2175 I DownloadManager: Initiating request for download 4079
07-05 13:31:35.582   545   548 D dalvikvm: GC_CONCURRENT freed 364K, 11% free 10497K/11719K, paused 2ms+4ms
07-05 13:31:35.703   545   548 D dalvikvm: GC_CONCURRENT freed 216K, 9% free 10718K/11719K, paused 1ms+3ms
07-05 13:31:35.851   545   548 D dalvikvm: GC_CONCURRENT freed 674K, 11% free 10492K/11719K, paused 1ms+3ms
07-05 13:31:35.961  1370  2177 E DictionaryProvider:UpdateHandler: Can't read a file : android.util.MalformedJsonException: Use JsonReader.setLenient(true) to accept malformed JSON at line 1 column 20
07-05 13:31:36.175   545   548 D dalvikvm: GC_CONCURRENT freed 432K, 11% free 10451K/11719K, paused 2ms+3ms
07-05 13:31:36.394   682   682 I GTalkService/c: [AndroidEndpoint@1095403848] connect: acct=1000001, state=CONNECTING
07-05 13:31:36.453   545   548 D dalvikvm: GC_CONCURRENT freed 414K, 12% free 10427K/11719K, paused 2ms+2ms
07-05 13:31:36.570   545  2180 I DownloadManager: Initiating request for download 4079
07-05 13:31:36.656   545   548 D dalvikvm: GC_CONCURRENT freed 251K, 10% free 10617K/11719K, paused 1ms+2ms
07-05 13:31:36.777   545   548 D dalvikvm: GC_CONCURRENT freed 291K, 8% free 10788K/11719K, paused 2ms+3ms
07-05 13:31:37.039   545   548 D dalvikvm: GC_CONCURRENT freed 802K, 11% free 10452K/11719K, paused 2ms+3ms
07-05 13:31:37.300   545   548 D dalvikvm: GC_CONCURRENT freed 410K, 11% free 10433K/11719K, paused 2ms+3ms
07-05 13:31:37.621   156   530 D dalvikvm: GC_EXPLICIT freed 577K, 12% free 14091K/16007K, paused 3ms+6ms
07-05 13:31:37.648   545  2183 I DownloadManager: Initiating request for download 4080
07-05 13:31:37.679   545   548 D dalvikvm: GC_CONCURRENT freed 383K, 11% free 10467K/11719K, paused 2ms+3ms
07-05 13:31:37.800   545   548 D dalvikvm: GC_CONCURRENT freed 211K, 9% free 10693K/11719K, paused 2ms+2ms
07-05 13:31:37.941   545   548 D dalvikvm: GC_CONCURRENT freed 446K, 9% free 10704K/11719K, paused 2ms+2ms
07-05 13:31:38.078  1370  2185 E DictionaryProvider:UpdateHandler: Can't read a file : android.util.MalformedJsonException: Use JsonReader.setLenient(true) to accept malformed JSON at line 1 column 20
07-05 13:31:38.261   545   548 D dalvikvm: GC_CONCURRENT freed 705K, 11% free 10439K/11719K, paused 2ms+2ms
07-05 13:31:38.523   545   548 D dalvikvm: GC_CONCURRENT freed 415K, 12% free 10415K/11719K, paused 1ms+3ms
07-05 13:31:38.636   545  2188 I DownloadManager: Initiating request for download 4080
07-05 13:31:38.718   545   548 D dalvikvm: GC_CONCURRENT freed 246K, 10% free 10615K/11719K, paused 1ms+3ms
07-05 13:31:38.836   545   548 D dalvikvm: GC_CONCURRENT freed 288K, 8% free 10783K/11719K, paused 2ms+3ms
07-05 13:31:39.101   545   548 D dalvikvm: GC_CONCURRENT freed 804K, 11% free 10441K/11719K, paused 1ms+3ms
07-05 13:31:39.359   545   548 D dalvikvm: GC_CONCURRENT freed 409K, 12% free 10422K/11719K, paused 2ms+2ms
07-05 13:31:39.605   545  2191 I DownloadManager: Initiating request for download 4081
07-05 13:31:39.668   545   548 D dalvikvm: GC_CONCURRENT freed 371K, 11% free 10482K/11719K, paused 2ms+4ms
07-05 13:31:39.793   545   548 D dalvikvm: GC_CONCURRENT freed 212K, 9% free 10707K/11719K, paused 1ms+3ms
07-05 13:31:39.937   545   548 D dalvikvm: GC_CONCURRENT freed 681K, 11% free 10489K/11719K, paused 2ms+2ms
07-05 13:31:40.101  1370  2193 E DictionaryProvider:UpdateHandler: Can't read a file : android.util.MalformedJsonException: Use JsonReader.setLenient(true) to accept malformed JSON at line 1 column 20
07-05 13:31:40.269   545   548 D dalvikvm: GC_CONCURRENT freed 435K, 11% free 10444K/11719K, paused 1ms+2ms
07-05 13:31:40.527   545   548 D dalvikvm: GC_CONCURRENT freed 416K, 12% free 10419K/11719K, paused 2ms+2ms
07-05 13:31:40.656   545  2196 I DownloadManager: Initiating request for download 4081
07-05 13:31:40.750   545   548 D dalvikvm: GC_CONCURRENT freed 244K, 10% free 10611K/11719K, paused 2ms+3ms
07-05 13:31:40.867   545   548 D dalvikvm: GC_CONCURRENT freed 275K, 9% free 10753K/11719K, paused 2ms+2ms
07-05 13:31:41.054   545   548 D dalvikvm: GC_CONCURRENT freed 764K, 11% free 10447K/11719K, paused 2ms+2ms
07-05 13:31:41.109  1370  1372 D dalvikvm: GC_CONCURRENT freed 390K, 7% free 9129K/9735K, paused 1ms+2ms
07-05 13:31:41.355   545   548 D dalvikvm: GC_CONCURRENT freed 406K, 11% free 10432K/11719K, paused 1ms+2ms
07-05 13:31:41.633   545   548 D dalvikvm: GC_CONCURRENT freed 408K, 12% free 10414K/11719K, paused 1ms+3ms
07-05 13:31:41.699   545  2199 I DownloadManager: Initiating request for download 4082
07-05 13:31:41.804   545   548 D dalvikvm: GC_CONCURRENT freed 181K, 9% free 10670K/11719K, paused 2ms+3ms
07-05 13:31:41.929   545   548 D dalvikvm: GC_CONCURRENT freed 408K, 9% free 10712K/11719K, paused 1ms+2ms
07-05 13:31:42.105  1370  2201 E DictionaryProvider:UpdateHandler: Can't read a file : android.util.MalformedJsonException: Use JsonReader.setLenient(true) to accept malformed JSON at line 1 column 20
07-05 13:31:42.261   545   548 D dalvikvm: GC_CONCURRENT freed 708K, 11% free 10447K/11719K, paused 1ms+2ms
07-05 13:31:42.527   545   548 D dalvikvm: GC_CONCURRENT freed 414K, 12% free 10423K/11719K, paused 2ms+2ms
07-05 13:31:42.715   545  2204 I DownloadManager: Initiating request for download 4082
07-05 13:31:42.777   545   548 D dalvikvm: GC_CONCURRENT freed 299K, 10% free 10579K/11719K, paused 1ms+3ms
07-05 13:31:42.894   545   548 D dalvikvm: GC_CONCURRENT freed 261K, 9% free 10741K/11719K, paused 2ms+3ms
07-05 13:31:43.062   545   548 D dalvikvm: GC_CONCURRENT freed 708K, 11% free 10486K/11719K, paused 2ms+3ms
07-05 13:31:43.347   545   548 D dalvikvm: GC_CONCURRENT freed 438K, 11% free 10439K/11719K, paused 1ms+2ms
07-05 13:31:43.625   545   548 D dalvikvm: GC_CONCURRENT freed 411K, 12% free 10419K/11719K, paused 2ms+2ms
07-05 13:31:43.746   545  2207 I DownloadManager: Initiating request for download 4083
07-05 13:31:43.847   545   548 D dalvikvm: GC_CONCURRENT freed 214K, 10% free 10650K/11719K, paused 2ms+3ms
07-05 13:31:43.976   545   548 D dalvikvm: GC_CONCURRENT freed 311K, 8% free 10811K/11719K, paused 2ms+3ms
07-05 13:31:44.144  1370  2209 E DictionaryProvider:UpdateHandler: Can't read a file : android.util.MalformedJsonException: Use JsonReader.setLenient(true) to accept malformed JSON at line 1 column 20
07-05 13:31:44.289   545   548 D dalvikvm: GC_CONCURRENT freed 835K, 11% free 10457K/11719K, paused 2ms+3ms
07-05 13:31:44.550   545   548 D dalvikvm: GC_CONCURRENT freed 421K, 12% free 10428K/11719K, paused 2ms+2ms
07-05 13:31:44.718   545  2212 I DownloadManager: Initiating request for download 4083
07-05 13:31:44.804   545   548 D dalvikvm: GC_CONCURRENT freed 296K, 10% free 10586K/11719K, paused 2ms+2ms
07-05 13:31:44.922   545   548 D dalvikvm: GC_CONCURRENT freed 277K, 9% free 10756K/11719K, paused 2ms+3ms
07-05 13:31:45.109   545   548 D dalvikvm: GC_CONCURRENT freed 724K, 11% free 10492K/11719K, paused 3ms+3ms
07-05 13:31:45.394   545   548 D dalvikvm: GC_CONCURRENT freed 443K, 11% free 10446K/11719K, paused 1ms+2ms
07-05 13:31:45.660   545   548 D dalvikvm: GC_CONCURRENT freed 416K, 12% free 10420K/11719K, paused 2ms+2ms
07-05 13:31:45.754   545  2215 I DownloadManager: Initiating request for download 4084
07-05 13:31:45.855   545   548 D dalvikvm: GC_CONCURRENT freed 192K, 9% free 10665K/11719K, paused 2ms+3ms
07-05 13:31:45.984   545   548 D dalvikvm: GC_CONCURRENT freed 311K, 8% free 10821K/11719K, paused 2ms+3ms
07-05 13:31:46.269   545   548 D dalvikvm: GC_CONCURRENT freed 819K, 11% free 10480K/11719K, paused 2ms+3ms
07-05 13:31:46.535   545   548 D dalvikvm: GC_CONCURRENT freed 404K, 11% free 10466K/11719K, paused 2ms+3ms
07-05 13:31:46.957  1370  2217 E DictionaryProvider:UpdateHandler: Can't read a file : android.util.MalformedJsonException: Use JsonReader.setLenient(true) to accept malformed JSON at line 1 column 20
07-05 13:31:47.062   545   548 D dalvikvm: GC_CONCURRENT freed 382K, 11% free 10474K/11719K, paused 1ms+2ms
07-05 13:31:47.336   545   548 D dalvikvm: GC_CONCURRENT freed 424K, 11% free 10441K/11719K, paused 1ms+2ms
07-05 13:31:47.601   545   548 D dalvikvm: GC_CONCURRENT freed 405K, 12% free 10426K/11719K, paused 2ms+2ms
07-05 13:31:47.691   545  2220 I DownloadManager: Initiating request for download 4084
07-05 13:31:47.691   545  2220 W DownloadManager: Aborting request for download 4084: Trying to resume a download that can't be resumed
07-05 13:31:47.937   545   548 D dalvikvm: GC_CONCURRENT freed 360K, 11% free 10456K/11719K, paused 2ms+2ms
07-05 13:31:48.218   545   548 D dalvikvm: GC_CONCURRENT freed 410K, 11% free 10443K/11719K, paused 2ms+3ms
07-05 13:31:48.484   545   548 D dalvikvm: GC_CONCURRENT freed 410K, 12% free 10424K/11719K, paused 2ms+2ms
07-05 13:31:48.547   545  2223 I DownloadManager: Initiating request for download 4085
07-05 13:31:48.660   545   548 D dalvikvm: GC_CONCURRENT freed 180K, 9% free 10681K/11719K, paused 2ms+3ms
07-05 13:31:48.781   545   548 D dalvikvm: GC_CONCURRENT freed 403K, 9% free 10724K/11719K, paused 2ms+2ms
07-05 13:31:48.945  1370  2225 E DictionaryProvider:UpdateHandler: Can't read a file : android.util.MalformedJsonException: Use JsonReader.setLenient(true) to accept malformed JSON at line 1 column 20
07-05 13:31:49.078   545   548 D dalvikvm: GC_CONCURRENT freed 710K, 11% free 10461K/11719K, paused 2ms+2ms
07-05 13:31:49.359   545   548 D dalvikvm: GC_CONCURRENT freed 419K, 11% free 10432K/11719K, paused 2ms+2ms
07-05 13:31:49.519   545  2228 I DownloadManager: Initiating request for download 4085
07-05 13:31:49.590   545   548 D dalvikvm: GC_CONCURRENT freed 308K, 10% free 10598K/11719K, paused 2ms+4ms
07-05 13:31:49.730   545   548 D dalvikvm: GC_CONCURRENT freed 283K, 9% free 10765K/11719K, paused 2ms+2ms
07-05 13:31:49.937   545   548 D dalvikvm: GC_CONCURRENT freed 767K, 11% free 10461K/11719K, paused 2ms+3ms
07-05 13:31:49.980  1370  1372 D dalvikvm: GC_CONCURRENT freed 394K, 7% free 9126K/9735K, paused 2ms+2ms
07-05 13:31:50.238   545   548 D dalvikvm: GC_CONCURRENT freed 410K, 11% free 10441K/11719K, paused 2ms+2ms
07-05 13:31:50.508   545   548 D dalvikvm: GC_CONCURRENT freed 407K, 12% free 10425K/11719K, paused 2ms+3ms
07-05 13:31:50.582   545  2231 I DownloadManager: Initiating request for download 4086
07-05 13:31:50.687   545   548 D dalvikvm: GC_CONCURRENT freed 188K, 9% free 10674K/11719K, paused 2ms+3ms
07-05 13:31:50.808   545   548 D dalvikvm: GC_CONCURRENT freed 397K, 9% free 10724K/11719K, paused 2ms+2ms
07-05 13:31:50.980  1370  2233 E DictionaryProvider:UpdateHandler: Can't read a file : android.util.MalformedJsonException: Use JsonReader.setLenient(true) to accept malformed JSON at line 1 column 20
07-05 13:31:51.117   545   548 D dalvikvm: GC_CONCURRENT freed 706K, 11% free 10459K/11719K, paused 2ms+2ms
07-05 13:31:51.383   545   548 D dalvikvm: GC_CONCURRENT freed 413K, 11% free 10437K/11719K, paused 2ms+2ms
07-05 13:31:51.566   545  2237 I DownloadManager: Initiating request for download 4086
07-05 13:31:51.617   545   548 D dalvikvm: GC_CONCURRENT freed 328K, 11% free 10503K/11719K, paused 2ms+3ms
07-05 13:31:51.734   545   548 D dalvikvm: GC_CONCURRENT freed 216K, 9% free 10728K/11719K, paused 2ms+3ms
07-05 13:31:51.863   545   548 D dalvikvm: GC_CONCURRENT freed 683K, 11% free 10499K/11719K, paused 2ms+3ms
07-05 13:31:52.160   545   548 D dalvikvm: GC_CONCURRENT freed 434K, 11% free 10459K/11719K, paused 1ms+2ms
07-05 13:31:52.418   545   548 D dalvikvm: GC_CONCURRENT freed 418K, 11% free 10432K/11719K, paused 2ms+3ms
07-05 13:31:52.570   545  2240 I DownloadManager: Initiating request for download 4087
07-05 13:31:52.652   545   548 D dalvikvm: GC_CONCURRENT freed 237K, 10% free 10626K/11719K, paused 2ms+3ms
07-05 13:31:52.785   545   548 D dalvikvm: GC_CONCURRENT freed 280K, 8% free 10786K/11719K, paused 2ms+2ms
07-05 13:31:52.972  1370  2242 E DictionaryProvider:UpdateHandler: Can't read a file : android.util.MalformedJsonException: Use JsonReader.setLenient(true) to accept malformed JSON at line 1 column 20
07-05 13:31:53.043   545   548 D dalvikvm: GC_CONCURRENT freed 778K, 11% free 10478K/11719K, paused 1ms+3ms
07-05 13:31:53.304   545   548 D dalvikvm: GC_CONCURRENT freed 425K, 11% free 10444K/11719K, paused 2ms+3ms
07-05 13:31:53.554   545   548 D dalvikvm: GC_CONCURRENT freed 403K, 11% free 10431K/11719K, paused 2ms+2ms
07-05 13:31:53.586   545  2245 I DownloadManager: Initiating request for download 4087
07-05 13:31:53.695   545   548 D dalvikvm: GC_CONCURRENT freed 171K, 9% free 10684K/11719K, paused 2ms+2ms
07-05 13:31:53.820   545   548 D dalvikvm: GC_CONCURRENT freed 410K, 9% free 10729K/11719K, paused 2ms+2ms
07-05 13:31:54.097   545   548 D dalvikvm: GC_CONCURRENT freed 720K, 11% free 10458K/11719K, paused 2ms+2ms
07-05 13:31:54.371   545   548 D dalvikvm: GC_CONCURRENT freed 411K, 11% free 10438K/11719K, paused 2ms+3ms
07-05 13:31:54.570   545  2248 I DownloadManager: Initiating request for download 4088
07-05 13:31:54.660   545   548 D dalvikvm: GC_CONCURRENT freed 286K, 10% free 10594K/11719K, paused 3ms+3ms
07-05 13:31:54.773   545   548 D dalvikvm: GC_CONCURRENT freed 277K, 9% free 10763K/11719K, paused 2ms+3ms
07-05 13:31:54.965   545   548 D dalvikvm: GC_CONCURRENT freed 723K, 11% free 10501K/11719K, paused 1ms+2ms
07-05 13:31:55.086   156   167 D dalvikvm: GC_EXPLICIT freed 505K, 12% free 14090K/16007K, paused 2ms+5ms
07-05 13:31:55.086  1370  2250 E DictionaryProvider:UpdateHandler: Can't read a file : android.util.MalformedJsonException: Use JsonReader.setLenient(true) to accept malformed JSON at line 1 column 20
07-05 13:31:55.336   545   548 D dalvikvm: GC_CONCURRENT freed 431K, 11% free 10461K/11719K, paused 2ms+2ms
07-05 13:31:55.597   545   548 D dalvikvm: GC_CONCURRENT freed 432K, 12% free 10420K/11719K, paused 2ms+2ms
07-05 13:31:55.672   545  2253 I DownloadManager: Initiating request for download 4088
07-05 13:31:55.758   545   548 D dalvikvm: GC_CONCURRENT freed 225K, 10% free 10654K/11719K, paused 2ms+3ms
07-05 13:31:55.871   545   548 D dalvikvm: GC_CONCURRENT freed 288K, 8% free 10813K/11719K, paused 2ms+2ms
07-05 13:31:56.179   545   548 D dalvikvm: GC_CONCURRENT freed 845K, 11% free 10444K/11719K, paused 1ms+3ms
07-05 13:31:56.445   545   548 D dalvikvm: GC_CONCURRENT freed 407K, 12% free 10427K/11719K, paused 1ms+3ms
07-05 13:31:56.648   545  2256 I DownloadManager: Initiating request for download 4089
07-05 13:31:56.726   545   548 D dalvikvm: GC_CONCURRENT freed 313K, 10% free 10589K/11719K, paused 2ms+4ms
07-05 13:31:56.851   545   548 D dalvikvm: GC_CONCURRENT freed 268K, 9% free 10772K/11719K, paused 2ms+2ms
07-05 13:31:57.058   545   548 D dalvikvm: GC_CONCURRENT freed 780K, 11% free 10456K/11719K, paused 1ms+2ms
07-05 13:31:57.281  1370  2258 E DictionaryProvider:UpdateHandler: Can't read a file : android.util.MalformedJsonException: Use JsonReader.setLenient(true) to accept malformed JSON at line 1 column 20
07-05 13:31:57.332   545   548 D dalvikvm: GC_CONCURRENT freed 396K, 11% free 10453K/11719K, paused 1ms+3ms
07-05 13:31:57.605   545   548 D dalvikvm: GC_CONCURRENT freed 417K, 12% free 10427K/11719K, paused 2ms+3ms
07-05 13:31:57.675   545  2260 I DownloadManager: Initiating request for download 4089
07-05 13:31:57.758   545   548 D dalvikvm: GC_CONCURRENT freed 203K, 10% free 10656K/11719K, paused 2ms+2ms
07-05 13:31:57.843   545   548 D dalvikvm: GC_CONCURRENT freed 289K, 8% free 10816K/11719K, paused 2ms+3ms
07-05 13:31:59.140  1370  1372 D dalvikvm: GC_CONCURRENT freed 390K, 7% free 9126K/9735K, paused 2ms+3ms
07-05 13:31:59.289   545   548 D dalvikvm: GC_CONCURRENT freed 842K, 11% free 10448K/11719K, paused 2ms+2ms
07-05 13:31:59.558   545   548 D dalvikvm: GC_CONCURRENT freed 410K, 12% free 10429K/11719K, paused 2ms+2ms
07-05 13:31:59.761   545  2265 I DownloadManager: Initiating request for download 4090
07-05 13:31:59.832   545   548 D dalvikvm: GC_CONCURRENT freed 319K, 10% free 10563K/11719K, paused 2ms+7ms
07-05 13:31:59.953   545   548 D dalvikvm: GC_CONCURRENT freed 255K, 9% free 10746K/11719K, paused 2ms+2ms
07-05 13:32:00.152   545   548 D dalvikvm: GC_CONCURRENT freed 712K, 11% free 10493K/11719K, paused 2ms+3ms
07-05 13:32:00.238  1370  2267 E DictionaryProvider:UpdateHandler: Can't read a file : android.util.MalformedJsonException: Use JsonReader.setLenient(true) to accept malformed JSON at line 1 column 20
07-05 13:32:00.273  1370 28657 D dalvikvm: GC_EXPLICIT freed 93K, 7% free 9090K/9735K, paused 2ms+6ms
07-05 13:32:00.488   545   548 D dalvikvm: GC_CONCURRENT freed 432K, 11% free 10450K/11719K, paused 2ms+2ms
07-05 13:32:00.765   545   548 D dalvikvm: GC_CONCURRENT freed 411K, 12% free 10425K/11719K, paused 2ms+2ms
07-05 13:32:00.863   545  2270 I DownloadManager: Initiating request for download 4090
07-05 13:32:00.949   545   548 D dalvikvm: GC_CONCURRENT freed 212K, 10% free 10628K/11719K, paused 2ms+3ms
07-05 13:32:01.074   545   548 D dalvikvm: GC_CONCURRENT freed 291K, 8% free 10796K/11719K, paused 2ms+3ms
07-05 13:32:01.324   545   548 D dalvikvm: GC_CONCURRENT freed 812K, 11% free 10454K/11719K, paused 1ms+2ms
07-05 13:32:01.590   545   548 D dalvikvm: GC_CONCURRENT freed 409K, 11% free 10435K/11719K, paused 2ms+2ms
07-05 13:32:01.843   545  2273 I DownloadManager: Initiating request for download 4091
07-05 13:32:01.937   545   548 D dalvikvm: GC_CONCURRENT freed 376K, 11% free 10506K/11719K, paused 4ms+2ms
07-05 13:32:02.054   545   548 D dalvikvm: GC_CONCURRENT freed 223K, 9% free 10728K/11719K, paused 2ms+3ms
07-05 13:32:02.191   545   548 D dalvikvm: GC_CONCURRENT freed 697K, 11% free 10499K/11719K, paused 1ms+2ms
07-05 13:32:02.340  1370  2275 E DictionaryProvider:UpdateHandler: Can't read a file : android.util.MalformedJsonException: Use JsonReader.setLenient(true) to accept malformed JSON at line 1 column 20
07-05 13:32:02.394   993  1240 I PhoneLab-: Service Running
07-05 13:32:02.425   993  1240 I PhoneLab-LoggerService: app_49    1247  993   1956   1584  c00f181c 400107b4 S logcat
07-05 13:32:02.425   993  1240 I PhoneLab-LoggerService: Logcat pid from database 1247
07-05 13:32:02.425   993  1240 I PhoneLab-LoggerService: Logcat process found 1247
07-05 13:32:02.425   993  1240 I PhoneLab-LoggerService: Checking Threshold
07-05 13:32:02.429   993  1240 I PhoneLab-LoggerService: Starting to rename files
07-05 13:32:02.429   993  1240 I PhoneLab-LoggerService: Files found .. 36
07-05 13:32:02.429   993  1240 I PhoneLab-LoggerService: File 1 log.out.1
07-05 13:32:02.445   993  1240 I PhoneLab-LoggerService: Renamed successfully
07-05 13:32:02.547   545   548 D dalvikvm: GC_CONCURRENT freed 433K, 11% free 10457K/11719K, paused 2ms+2ms
07-05 13:32:02.820   545   548 D dalvikvm: GC_CONCURRENT freed 414K, 11% free 10431K/11719K, paused 2ms+3ms
07-05 13:32:03.023   545  2279 D dalvikvm: GC_EXPLICIT freed 204K, 11% free 10479K/11719K, paused 2ms+6ms
07-05 13:32:03.027   545  2279 I DownloadManager: Initiating request for download 4091
07-05 13:32:03.144   545   548 D dalvikvm: GC_CONCURRENT freed 205K, 9% free 10708K/11719K, paused 2ms+2ms
07-05 13:32:03.269   545   548 D dalvikvm: GC_CONCURRENT freed 447K, 9% free 10724K/11719K, paused 2ms+2ms
07-05 13:32:03.574   545   548 D dalvikvm: GC_CONCURRENT freed 722K, 11% free 10449K/11719K, paused 2ms+3ms
07-05 13:32:03.836   545   548 D dalvikvm: GC_CONCURRENT freed 404K, 11% free 10433K/11719K, paused 2ms+2ms
07-05 13:32:03.972   545  2282 I DownloadManager: Initiating request for download 4092
07-05 13:32:04.062   545   548 D dalvikvm: GC_CONCURRENT freed 226K, 10% free 10617K/11719K, paused 3ms+2ms
07-05 13:32:04.183   545   548 D dalvikvm: GC_CONCURRENT freed 296K, 8% free 10787K/11719K, paused 2ms+3ms
07-05 13:32:04.390  1370  2284 E DictionaryProvider:UpdateHandler: Can't read a file : android.util.MalformedJsonException: Use JsonReader.setLenient(true) to accept malformed JSON at line 1 column 20
07-05 13:32:04.429   545   548 D dalvikvm: GC_CONCURRENT freed 786K, 11% free 10471K/11719K, paused 1ms+3ms
07-05 13:32:04.707   545   548 D dalvikvm: GC_CONCURRENT freed 418K, 11% free 10444K/11719K, paused 2ms+2ms
07-05 13:32:04.972   545   548 D dalvikvm: GC_CONCURRENT freed 406K, 12% free 10428K/11719K, paused 2ms+3ms
07-05 13:32:05.008   545  2287 I DownloadManager: Initiating request for download 4092
07-05 13:32:05.125   545   548 D dalvikvm: GC_CONCURRENT freed 172K, 9% free 10682K/11719K, paused 2ms+2ms
07-05 13:32:05.250   545   548 D dalvikvm: GC_CONCURRENT freed 413K, 9% free 10729K/11719K, paused 2ms+2ms
07-05 13:32:05.539   545   548 D dalvikvm: GC_CONCURRENT freed 722K, 11% free 10454K/11719K, paused 2ms+3ms
07-05 13:32:05.820   545   548 D dalvikvm: GC_CONCURRENT freed 409K, 11% free 10442K/11719K, paused 1ms+2ms
07-05 13:32:06.008   545  2290 I DownloadManager: Initiating request for download 4093
07-05 13:32:06.078   545   548 D dalvikvm: GC_CONCURRENT freed 287K, 10% free 10589K/11719K, paused 3ms+3ms
07-05 13:32:06.191   545   548 D dalvikvm: GC_CONCURRENT freed 274K, 9% free 10764K/11719K, paused 2ms+3ms
07-05 13:32:06.383   545   548 D dalvikvm: GC_CONCURRENT freed 725K, 11% free 10500K/11719K, paused 2ms+2ms
07-05 13:32:06.433  1370  2292 E DictionaryProvider:UpdateHandler: Can't read a file : android.util.MalformedJsonException: Use JsonReader.setLenient(true) to accept malformed JSON at line 1 column 20
07-05 13:32:06.488   465   467 D dalvikvm: GC_CONCURRENT freed 418K, 5% free 10526K/11079K, paused 2ms+3ms
07-05 13:32:06.711   545   548 D dalvikvm: GC_CONCURRENT freed 431K, 11% free 10460K/11719K, paused 1ms+2ms
07-05 13:32:06.976   545   548 D dalvikvm: GC_CONCURRENT freed 417K, 11% free 10433K/11719K, paused 2ms+2ms
07-05 13:32:07.050   545  2295 I DownloadManager: Initiating request for download 4093
07-05 13:32:07.148   545   548 D dalvikvm: GC_CONCURRENT freed 208K, 10% free 10652K/11719K, paused 2ms+3ms
07-05 13:32:07.265   545   548 D dalvikvm: GC_CONCURRENT freed 302K, 8% free 10827K/11719K, paused 2ms+3ms
07-05 13:32:07.558   545   548 D dalvikvm: GC_CONCURRENT freed 849K, 11% free 10460K/11719K, paused 1ms+2ms
07-05 13:32:07.832   545   548 D dalvikvm: GC_CONCURRENT freed 408K, 11% free 10442K/11719K, paused 2ms+3ms
07-05 13:32:08.039   545  2298 I DownloadManager: Initiating request for download 4094
07-05 13:32:08.109   545   548 D dalvikvm: GC_CONCURRENT freed 328K, 10% free 10573K/11719K, paused 2ms+3ms
07-05 13:32:08.234   545   548 D dalvikvm: GC_CONCURRENT freed 257K, 9% free 10758K/11719K, paused 2ms+2ms
07-05 13:32:08.410   545   548 D dalvikvm: GC_CONCURRENT freed 717K, 11% free 10504K/11719K, paused 1ms+3ms
07-05 13:32:08.484  1370  2300 E DictionaryProvider:UpdateHandler: Can't read a file : android.util.MalformedJsonException: Use JsonReader.setLenient(true) to accept malformed JSON at line 1 column 20
07-05 13:32:08.515  1370  1372 D dalvikvm: GC_CONCURRENT freed 357K, 7% free 9135K/9735K, paused 1ms+2ms
07-05 13:32:08.742   545   548 D dalvikvm: GC_CONCURRENT freed 429K, 11% free 10462K/11719K, paused 1ms+2ms
07-05 13:32:09.008   545   548 D dalvikvm: GC_CONCURRENT freed 409K, 11% free 10446K/11719K, paused 2ms+2ms
07-05 13:32:09.105   545  2303 I DownloadManager: Initiating request for download 4094
07-05 13:32:09.195   545   548 D dalvikvm: GC_CONCURRENT freed 222K, 10% free 10640K/11719K, paused 2ms+2ms
07-05 13:32:09.316   545   548 D dalvikvm: GC_CONCURRENT freed 301K, 8% free 10810K/11719K, paused 2ms+3ms
07-05 13:32:09.566   545   548 D dalvikvm: GC_CONCURRENT freed 820K, 11% free 10465K/11719K, paused 2ms+2ms
07-05 13:32:09.828   545   548 D dalvikvm: GC_CONCURRENT freed 410K, 11% free 10446K/11719K, paused 2ms+3ms
07-05 13:32:11.484   545  2306 I DownloadManager: Initiating request for download 4095
07-05 13:32:11.562   545   548 D dalvikvm: GC_CONCURRENT freed 371K, 11% free 10507K/11719K, paused 1ms+2ms
07-05 13:32:11.675   545   548 D dalvikvm: GC_CONCURRENT freed 209K, 9% free 10733K/11719K, paused 2ms+3ms
07-05 13:32:11.820   545   548 D dalvikvm: GC_CONCURRENT freed 465K, 9% free 10742K/11719K, paused 2ms+3ms
07-05 13:32:12.117   545   548 D dalvikvm: GC_CONCURRENT freed 703K, 11% free 10491K/11719K, paused 1ms+2ms
07-05 13:32:12.386   545   548 D dalvikvm: GC_CONCURRENT freed 405K, 11% free 10484K/11719K, paused 1ms+2ms
07-05 13:32:12.605  1370  2308 E DictionaryProvider:UpdateHandler: Can't read a file : android.util.MalformedJsonException: Use JsonReader.setLenient(true) to accept malformed JSON at line 1 column 20
07-05 13:32:12.754   545   548 D dalvikvm: GC_CONCURRENT freed 394K, 11% free 10480K/11719K, paused 2ms+2ms
07-05 13:32:13.031   545   548 D dalvikvm: GC_CONCURRENT freed 414K, 11% free 10453K/11719K, paused 2ms+2ms
07-05 13:32:13.304   545   548 D dalvikvm: GC_CONCURRENT freed 406K, 11% free 10438K/11719K, paused 2ms+2ms
07-05 13:32:13.363   545  2311 I DownloadManager: Initiating request for download 4095
07-05 13:32:13.363   545  2311 W DownloadManager: Aborting request for download 4095: Trying to resume a download that can't be resumed
07-05 13:32:13.679   545   548 D dalvikvm: GC_CONCURRENT freed 360K, 11% free 10468K/11719K, paused 2ms+2ms
07-05 13:32:13.941   545   548 D dalvikvm: GC_CONCURRENT freed 409K, 11% free 10449K/11719K, paused 2ms+2ms
07-05 13:32:14.183   545  2314 I DownloadManager: Initiating request for download 4096
07-05 13:32:14.246   545   548 D dalvikvm: GC_CONCURRENT freed 385K, 11% free 10496K/11719K, paused 2ms+3ms
07-05 13:32:14.363   545   548 D dalvikvm: GC_CONCURRENT freed 203K, 9% free 10730K/11719K, paused 2ms+2ms
07-05 13:32:14.508   545   548 D dalvikvm: GC_CONCURRENT freed 462K, 9% free 10743K/11719K, paused 2ms+3ms
07-05 13:32:14.640  1370  2316 E DictionaryProvider:UpdateHandler: Can't read a file : android.util.MalformedJsonException: Use JsonReader.setLenient(true) to accept malformed JSON at line 1 column 20
07-05 13:32:14.867   545   548 D dalvikvm: GC_CONCURRENT freed 728K, 11% free 10466K/11719K, paused 1ms+2ms
07-05 13:32:15.136   545   548 D dalvikvm: GC_CONCURRENT freed 412K, 11% free 10442K/11719K, paused 1ms+2ms
07-05 13:32:15.242   545  2319 I DownloadManager: Initiating request for download 4096
07-05 13:32:15.324   545   548 D dalvikvm: GC_CONCURRENT freed 222K, 10% free 10639K/11719K, paused 2ms+2ms
07-05 13:32:15.449   545   548 D dalvikvm: GC_CONCURRENT freed 296K, 8% free 10811K/11719K, paused 2ms+3ms
07-05 13:32:15.703   545   548 D dalvikvm: GC_CONCURRENT freed 816K, 11% free 10478K/11719K, paused 2ms+2ms
07-05 13:32:15.965   545   548 D dalvikvm: GC_CONCURRENT freed 416K, 11% free 10452K/11719K, paused 2ms+2ms
07-05 13:32:16.297   156   156 D dalvikvm: GC_EXPLICIT freed 529K, 12% free 14091K/16007K, paused 3ms+7ms
07-05 13:32:16.324   545  2322 I DownloadManager: Initiating request for download 4097
07-05 13:32:16.347   545   548 D dalvikvm: GC_CONCURRENT freed 393K, 11% free 10475K/11719K, paused 2ms+3ms
07-05 13:32:16.472   545   548 D dalvikvm: GC_CONCURRENT freed 205K, 9% free 10706K/11719K, paused 2ms+3ms
07-05 13:32:16.605   545   548 D dalvikvm: GC_CONCURRENT freed 441K, 9% free 10727K/11719K, paused 1ms+2ms
07-05 13:32:16.750  1370  2324 E DictionaryProvider:UpdateHandler: Can't read a file : android.util.MalformedJsonException: Use JsonReader.setLenient(true) to accept malformed JSON at line 1 column 20
07-05 13:32:16.937   545   548 D dalvikvm: GC_CONCURRENT freed 715K, 11% free 10456K/11719K, paused 1ms+4ms
07-05 13:32:17.207   545   548 D dalvikvm: GC_CONCURRENT freed 410K, 11% free 10434K/11719K, paused 2ms+2ms
07-05 13:32:17.343   545  2327 I DownloadManager: Initiating request for download 4097
07-05 13:32:17.422   545   548 D dalvikvm: GC_CONCURRENT freed 267K, 10% free 10620K/11719K, paused 2ms+4ms
07-05 13:32:17.543   545   548 D dalvikvm: GC_CONCURRENT freed 290K, 8% free 10788K/11719K, paused 2ms+2ms
07-05 13:32:17.781   545   548 D dalvikvm: GC_CONCURRENT freed 794K, 11% free 10461K/11719K, paused 2ms+2ms
07-05 13:32:18.043   545   548 D dalvikvm: GC_CONCURRENT freed 411K, 11% free 10441K/11719K, paused 2ms+2ms
07-05 13:32:18.312   545   548 D dalvikvm: GC_CONCURRENT freed 403K, 12% free 10428K/11719K, paused 1ms+2ms
07-05 13:32:18.367   545  2330 I DownloadManager: Initiating request for download 4098
07-05 13:32:18.480   545   548 D dalvikvm: GC_CONCURRENT freed 176K, 9% free 10689K/11719K, paused 1ms+3ms
07-05 13:32:18.605   545   548 D dalvikvm: GC_CONCURRENT freed 414K, 9% free 10732K/11719K, paused 2ms+2ms
07-05 13:32:18.875   545   548 D dalvikvm: GC_CONCURRENT freed 716K, 11% free 10459K/11719K, paused 2ms+2ms
07-05 13:32:19.043  1370  2332 E DictionaryProvider:UpdateHandler: Can't read a file : android.util.MalformedJsonException: Use JsonReader.setLenient(true) to accept malformed JSON at line 1 column 20
07-05 13:32:19.086  1370  1372 D dalvikvm: GC_CONCURRENT freed 399K, 7% free 9127K/9735K, paused 1ms+2ms
07-05 13:32:19.207   545   548 D dalvikvm: GC_CONCURRENT freed 402K, 11% free 10444K/11719K, paused 2ms+2ms
07-05 13:32:19.398   545  2335 I DownloadManager: Initiating request for download 4098
07-05 13:32:19.449   545   548 D dalvikvm: GC_CONCURRENT freed 327K, 11% free 10506K/11719K, paused 2ms+2ms
07-05 13:32:19.562   545   548 D dalvikvm: GC_CONCURRENT freed 213K, 9% free 10729K/11719K, paused 2ms+3ms
07-05 13:32:19.707   545   548 D dalvikvm: GC_CONCURRENT freed 468K, 9% free 10735K/11719K, paused 1ms+3ms
07-05 13:32:20.027   545   548 D dalvikvm: GC_CONCURRENT freed 732K, 11% free 10453K/11719K, paused 2ms+3ms
07-05 13:32:20.293   545   548 D dalvikvm: GC_CONCURRENT freed 412K, 11% free 10432K/11719K, paused 1ms+2ms
07-05 13:32:20.410   545  2338 I DownloadManager: Initiating request for download 4099
07-05 13:32:20.500   545   548 D dalvikvm: GC_CONCURRENT freed 213K, 10% free 10645K/11719K, paused 2ms+2ms
07-05 13:32:20.629   545   548 D dalvikvm: GC_CONCURRENT freed 303K, 8% free 10817K/11719K, paused 2ms+3ms
07-05 13:32:20.812  1370  2340 E DictionaryProvider:UpdateHandler: Can't read a file : android.util.MalformedJsonException: Use JsonReader.setLenient(true) to accept malformed JSON at line 1 column 20
07-05 13:32:20.910   545   548 D dalvikvm: GC_CONCURRENT freed 821K, 11% free 10473K/11719K, paused 2ms+3ms
07-05 13:32:21.179   545   548 D dalvikvm: GC_CONCURRENT freed 413K, 11% free 10450K/11719K, paused 2ms+2ms
07-05 13:32:21.394   545  2342 I DownloadManager: Initiating request for download 4099
07-05 13:32:21.441   545   548 D dalvikvm: GC_CONCURRENT freed 370K, 11% free 10472K/11719K, paused 2ms+2ms
07-05 13:32:21.531   545   548 D dalvikvm: GC_CONCURRENT freed 190K, 9% free 10718K/11719K, paused 2ms+3ms
07-05 13:32:21.621   545   548 D dalvikvm: GC_CONCURRENT freed 440K, 9% free 10737K/11719K, paused 2ms+2ms
07-05 13:32:22.683   545   548 D dalvikvm: GC_CONCURRENT freed 698K, 11% free 10490K/11719K, paused 2ms+3ms
07-05 13:32:22.980   545   548 D dalvikvm: GC_CONCURRENT freed 433K, 11% free 10444K/11719K, paused 2ms+3ms
07-05 13:32:23.152   545  2346 I DownloadManager: Initiating request for download 4100
07-05 13:32:23.238   545   548 D dalvikvm: GC_CONCURRENT freed 252K, 10% free 10616K/11719K, paused 2ms+3ms
07-05 13:32:23.355   545   548 D dalvikvm: GC_CONCURRENT freed 281K, 9% free 10777K/11719K, paused 2ms+3ms
07-05 13:32:23.554   545   548 D dalvikvm: GC_CONCURRENT freed 740K, 11% free 10502K/11719K, paused 2ms+2ms
07-05 13:32:23.605  1370  2348 E DictionaryProvider:UpdateHandler: Can't read a file : android.util.MalformedJsonException: Use JsonReader.setLenient(true) to accept malformed JSON at line 1 column 20
07-05 13:32:23.847   545   548 D dalvikvm: GC_CONCURRENT freed 430K, 11% free 10463K/11719K, paused 2ms+2ms
07-05 13:32:24.121   545   548 D dalvikvm: GC_CONCURRENT freed 415K, 11% free 10438K/11719K, paused 2ms+3ms
07-05 13:32:24.211   545  2351 I DownloadManager: Initiating request for download 4100
07-05 13:32:24.304   545   548 D dalvikvm: GC_CONCURRENT freed 210K, 10% free 10664K/11719K, paused 2ms+3ms
07-05 13:32:24.425   545   548 D dalvikvm: GC_CONCURRENT freed 306K, 8% free 10838K/11719K, paused 1ms+3ms
07-05 13:32:24.734   545   548 D dalvikvm: GC_CONCURRENT freed 860K, 11% free 10463K/11719K, paused 2ms+3ms
07-05 13:32:25.008   545   548 D dalvikvm: GC_CONCURRENT freed 403K, 11% free 10445K/11719K, paused 2ms+2ms
07-05 13:32:25.215   545  2354 I DownloadManager: Initiating request for download 4101
07-05 13:32:25.289   545   548 D dalvikvm: GC_CONCURRENT freed 325K, 10% free 10575K/11719K, paused 2ms+4ms
07-05 13:32:25.406   545   548 D dalvikvm: GC_CONCURRENT freed 255K, 9% free 10763K/11719K, paused 2ms+3ms
07-05 13:32:25.590   545   548 D dalvikvm: GC_CONCURRENT freed 713K, 11% free 10510K/11719K, paused 1ms+2ms
07-05 13:32:25.660  1370  2356 E DictionaryProvider:UpdateHandler: Can't read a file : android.util.MalformedJsonException: Use JsonReader.setLenient(true) to accept malformed JSON at line 1 column 20
07-05 13:32:25.890   545   548 D dalvikvm: GC_CONCURRENT freed 432K, 11% free 10468K/11719K, paused 2ms+3ms
07-05 13:32:26.175   545   548 D dalvikvm: GC_CONCURRENT freed 412K, 11% free 10455K/11719K, paused 3ms+3ms
07-05 13:32:26.273   545  2359 I DownloadManager: Initiating request for download 4101
07-05 13:32:26.355   545   548 D dalvikvm: GC_CONCURRENT freed 243K, 10% free 10646K/11719K, paused 2ms+3ms
07-05 13:32:26.476   545   548 D dalvikvm: GC_CONCURRENT freed 299K, 8% free 10819K/11719K, paused 2ms+3ms
07-05 13:32:26.742   545   548 D dalvikvm: GC_CONCURRENT freed 827K, 11% free 10470K/11719K, paused 1ms+2ms
07-05 13:32:27.004   545   548 D dalvikvm: GC_CONCURRENT freed 408K, 11% free 10451K/11719K, paused 2ms+3ms
07-05 13:32:27.246   545  2362 I DownloadManager: Initiating request for download 4102
07-05 13:32:27.304   545   548 D dalvikvm: GC_CONCURRENT freed 382K, 11% free 10499K/11719K, paused 2ms+2ms
07-05 13:32:27.425   545   548 D dalvikvm: GC_CONCURRENT freed 203K, 9% free 10734K/11719K, paused 2ms+3ms
07-05 13:32:27.574   545   548 D dalvikvm: GC_CONCURRENT freed 460K, 9% free 10749K/11719K, paused 2ms+2ms
07-05 13:32:27.695  1370  2364 E DictionaryProvider:UpdateHandler: Can't read a file : android.util.MalformedJsonException: Use JsonReader.setLenient(true) to accept malformed JSON at line 1 column 20
07-05 13:32:27.726  1370  1372 D dalvikvm: GC_CONCURRENT freed 387K, 7% free 9127K/9735K, paused 1ms+1ms
07-05 13:32:27.933   545   548 D dalvikvm: GC_CONCURRENT freed 734K, 11% free 10470K/11719K, paused 2ms+2ms
07-05 13:32:28.191   545   548 D dalvikvm: GC_CONCURRENT freed 416K, 11% free 10445K/11719K, paused 2ms+2ms
07-05 13:32:28.308   545  2367 I DownloadManager: Initiating request for download 4102
07-05 13:32:28.390   545   548 D dalvikvm: GC_CONCURRENT freed 253K, 10% free 10643K/11719K, paused 2ms+3ms
07-05 13:32:28.515   545   548 D dalvikvm: GC_CONCURRENT freed 303K, 8% free 10820K/11719K, paused 1ms+2ms
07-05 13:32:28.769   545   548 D dalvikvm: GC_CONCURRENT freed 825K, 11% free 10474K/11719K, paused 2ms+2ms
07-05 13:32:29.027   545   548 D dalvikvm: GC_CONCURRENT freed 409K, 11% free 10455K/11719K, paused 1ms+2ms
07-05 13:32:29.285   545  2370 I DownloadManager: Initiating request for download 4103
07-05 13:32:29.340   545   548 D dalvikvm: GC_CONCURRENT freed 387K, 11% free 10506K/11719K, paused 2ms+3ms
07-05 13:32:29.465   545   548 D dalvikvm: GC_CONCURRENT freed 206K, 9% free 10737K/11719K, paused 2ms+3ms
07-05 13:32:29.609   545   548 D dalvikvm: GC_CONCURRENT freed 462K, 9% free 10748K/11719K, paused 2ms+2ms
07-05 13:32:29.754  1370  2372 E DictionaryProvider:UpdateHandler: Can't read a file : android.util.MalformedJsonException: Use JsonReader.setLenient(true) to accept malformed JSON at line 1 column 20
07-05 13:32:29.941   545   548 D dalvikvm: GC_CONCURRENT freed 729K, 11% free 10474K/11719K, paused 2ms+3ms
07-05 13:32:30.222   545   548 D dalvikvm: GC_CONCURRENT freed 414K, 11% free 10450K/11719K, paused 2ms+2ms
07-05 13:32:30.351   545  2375 I DownloadManager: Initiating request for download 4103
07-05 13:32:30.433   545   548 D dalvikvm: GC_CONCURRENT freed 250K, 10% free 10639K/11719K, paused 1ms+3ms
07-05 13:32:30.554   545   548 D dalvikvm: GC_CONCURRENT freed 297K, 8% free 10812K/11719K, paused 2ms+3ms
07-05 13:32:30.793   545   548 D dalvikvm: GC_CONCURRENT freed 805K, 11% free 10477K/11719K, paused 1ms+3ms
07-05 13:32:31.070   545   548 D dalvikvm: GC_CONCURRENT freed 409K, 11% free 10466K/11719K, paused 1ms+2ms
07-05 13:32:31.320   545   548 D dalvikvm: GC_CONCURRENT freed 411K, 11% free 10444K/11719K, paused 2ms+2ms
07-05 13:32:31.379   545  2378 I DownloadManager: Initiating request for download 4104
07-05 13:32:31.488   545   548 D dalvikvm: GC_CONCURRENT freed 164K, 9% free 10707K/11719K, paused 2ms+2ms
07-05 13:32:31.613   545   548 D dalvikvm: GC_CONCURRENT freed 417K, 9% free 10752K/11719K, paused 2ms+3ms
07-05 13:32:31.781  1370  2380 E DictionaryProvider:UpdateHandler: Can't read a file : android.util.MalformedJsonException: Use JsonReader.setLenient(true) to accept malformed JSON at line 1 column 20
07-05 13:32:31.929   545   548 D dalvikvm: GC_CONCURRENT freed 729K, 11% free 10486K/11719K, paused 2ms+3ms
07-05 13:32:32.195   545   548 D dalvikvm: GC_CONCURRENT freed 421K, 11% free 10455K/11719K, paused 2ms+2ms
07-05 13:32:32.371   545  2383 I DownloadManager: Initiating request for download 4104
07-05 13:32:32.441   545   548 D dalvikvm: GC_CONCURRENT freed 311K, 10% free 10617K/11719K, paused 2ms+4ms
07-05 13:32:32.570   545   548 D dalvikvm: GC_CONCURRENT freed 285K, 8% free 10789K/11719K, paused 2ms+3ms
07-05 13:32:32.761   545   548 D dalvikvm: GC_CONCURRENT freed 775K, 11% free 10485K/11719K, paused 2ms+2ms
07-05 13:32:33.050   545   548 D dalvikvm: GC_CONCURRENT freed 402K, 11% free 10469K/11719K, paused 1ms+2ms
07-05 13:32:33.316   545   548 D dalvikvm: GC_CONCURRENT freed 404K, 11% free 10451K/11719K, paused 1ms+2ms
07-05 13:32:33.414   545  2386 I DownloadManager: Initiating request for download 4105
07-05 13:32:33.492   545  2021 D dalvikvm: GC_EXPLICIT freed 255K, 9% free 10708K/11719K, paused 3ms+6ms
07-05 13:32:33.613   545   548 D dalvikvm: GC_CONCURRENT freed 409K, 9% free 10754K/11719K, paused 2ms+2ms
07-05 13:32:33.789   156   168 D dalvikvm: GC_EXPLICIT freed 489K, 12% free 14088K/16007K, paused 2ms+6ms
07-05 13:32:33.832  1370  2388 E DictionaryProvider:UpdateHandler: Can't read a file : android.util.MalformedJsonException: Use JsonReader.setLenient(true) to accept malformed JSON at line 1 column 20
07-05 13:32:34.000   545   548 D dalvikvm: GC_CONCURRENT freed 729K, 11% free 10481K/11719K, paused 2ms+3ms
07-05 13:32:34.265   545   548 D dalvikvm: GC_CONCURRENT freed 429K, 11% free 10443K/11719K, paused 2ms+3ms
07-05 13:32:34.453   545  2391 I DownloadManager: Initiating request for download 4105
07-05 13:32:34.508   545   548 D dalvikvm: GC_CONCURRENT freed 330K, 11% free 10510K/11719K, paused 1ms+2ms
07-05 13:32:34.625   545   548 D dalvikvm: GC_CONCURRENT freed 211K, 9% free 10736K/11719K, paused 2ms+2ms
07-05 13:32:34.758   545   548 D dalvikvm: GC_CONCURRENT freed 474K, 9% free 10743K/11719K, paused 2ms+3ms
07-05 13:32:35.086   545   548 D dalvikvm: GC_CONCURRENT freed 739K, 11% free 10458K/11719K, paused 2ms+3ms
07-05 13:32:35.375   545   548 D dalvikvm: GC_CONCURRENT freed 408K, 11% free 10439K/11719K, paused 1ms+2ms
07-05 13:32:35.488   545  2394 I DownloadManager: Initiating request for download 4106
07-05 13:32:35.582   545   548 D dalvikvm: GC_CONCURRENT freed 225K, 10% free 10654K/11719K, paused 2ms+3ms
07-05 13:32:35.711   545   548 D dalvikvm: GC_CONCURRENT freed 301K, 8% free 10829K/11719K, paused 2ms+2ms
07-05 13:32:35.886  1370  2396 E DictionaryProvider:UpdateHandler: Can't read a file : android.util.MalformedJsonException: Use JsonReader.setLenient(true) to accept malformed JSON at line 1 column 20
07-05 13:32:35.910  1370  1372 D dalvikvm: GC_CONCURRENT freed 387K, 7% free 9128K/9735K, paused 1ms+1ms
07-05 13:32:36.023   545   548 D dalvikvm: GC_CONCURRENT freed 836K, 11% free 10475K/11719K, paused 2ms+2ms
07-05 13:32:36.289   545   548 D dalvikvm: GC_CONCURRENT freed 415K, 11% free 10450K/11719K, paused 2ms+3ms
07-05 13:32:36.504   545  2399 I DownloadManager: Initiating request for download 4106
07-05 13:32:36.566   545   548 D dalvikvm: GC_CONCURRENT freed 384K, 11% free 10501K/11719K, paused 2ms+3ms
07-05 13:32:36.699   545   548 D dalvikvm: GC_CONCURRENT freed 201K, 9% free 10732K/11719K, paused 2ms+2ms
07-05 13:32:36.832   545   548 D dalvikvm: GC_CONCURRENT freed 456K, 9% free 10746K/11719K, paused 2ms+3ms
07-05 13:32:37.144   545   548 D dalvikvm: GC_CONCURRENT freed 732K, 11% free 10463K/11719K, paused 2ms+2ms
07-05 13:32:37.418   545   548 D dalvikvm: GC_CONCURRENT freed 411K, 11% free 10443K/11719K, paused 3ms+4ms
07-05 13:32:37.590   545  2402 I DownloadManager: Initiating request for download 4107
07-05 13:32:37.668   545   548 D dalvikvm: GC_CONCURRENT freed 246K, 10% free 10636K/11719K, paused 1ms+2ms
07-05 13:32:37.797   545   548 D dalvikvm: GC_CONCURRENT freed 300K, 8% free 10802K/11719K, paused 2ms+3ms
07-05 13:32:38.031  1370  2404 E DictionaryProvider:UpdateHandler: Can't read a file : android.util.MalformedJsonException: Use JsonReader.setLenient(true) to accept malformed JSON at line 1 column 20
07-05 13:32:38.047   545   548 D dalvikvm: GC_CONCURRENT freed 807K, 11% free 10484K/11719K, paused 2ms+2ms
07-05 13:32:38.328   545   548 D dalvikvm: GC_CONCURRENT freed 414K, 11% free 10461K/11719K, paused 2ms+3ms
07-05 13:32:38.597   545   548 D dalvikvm: GC_CONCURRENT freed 411K, 11% free 10441K/11719K, paused 1ms+2ms
07-05 13:32:38.636   545  2407 I DownloadManager: Initiating request for download 4107
07-05 13:32:38.734   545   548 D dalvikvm: GC_CONCURRENT freed 180K, 9% free 10696K/11719K, paused 1ms+3ms
07-05 13:32:38.859   545   548 D dalvikvm: GC_CONCURRENT freed 407K, 9% free 10756K/11719K, paused 2ms+3ms
07-05 13:32:39.152   545   548 D dalvikvm: GC_CONCURRENT freed 742K, 11% free 10468K/11719K, paused 2ms+2ms
07-05 13:32:39.414   545   548 D dalvikvm: GC_CONCURRENT freed 404K, 11% free 10451K/11719K, paused 2ms+2ms
07-05 13:32:39.613   545  2410 I DownloadManager: Initiating request for download 4108
07-05 13:32:39.675   545   548 D dalvikvm: GC_CONCURRENT freed 320K, 11% free 10521K/11719K, paused 2ms+3ms
07-05 13:32:39.789   545   548 D dalvikvm: GC_CONCURRENT freed 210K, 9% free 10742K/11719K, paused 1ms+3ms
07-05 13:32:39.937   545   548 D dalvikvm: GC_CONCURRENT freed 465K, 9% free 10753K/11719K, paused 2ms+2ms
07-05 13:32:40.066  1370  2412 E DictionaryProvider:UpdateHandler: Can't read a file : android.util.MalformedJsonException: Use JsonReader.setLenient(true) to accept malformed JSON at line 1 column 20
07-05 13:32:40.277   545   548 D dalvikvm: GC_CONCURRENT freed 738K, 11% free 10472K/11719K, paused 2ms+2ms
07-05 13:32:40.547   545   548 D dalvikvm: GC_CONCURRENT freed 415K, 11% free 10447K/11719K, paused 2ms+2ms
07-05 13:32:40.672   545  2415 I DownloadManager: Initiating request for download 4108
07-05 13:32:40.754   545   548 D dalvikvm: GC_CONCURRENT freed 233K, 10% free 10646K/11719K, paused 2ms+3ms
07-05 13:32:40.883   545   548 D dalvikvm: GC_CONCURRENT freed 302K, 8% free 10872K/11719K, paused 2ms+3ms
07-05 13:32:41.164   545   548 D dalvikvm: GC_CONCURRENT freed 891K, 11% free 10473K/11719K, paused 2ms+3ms
07-05 13:32:41.445   545   548 D dalvikvm: GC_CONCURRENT freed 410K, 11% free 10454K/11719K, paused 2ms+2ms
07-05 13:32:41.668   545  2418 I DownloadManager: Initiating request for download 4109
07-05 13:32:41.722   545   548 D dalvikvm: GC_CONCURRENT freed 353K, 11% free 10520K/11719K, paused 2ms+3ms
07-05 13:32:41.855   545   548 D dalvikvm: GC_CONCURRENT freed 211K, 9% free 10745K/11719K, paused 1ms+3ms
07-05 13:32:41.988   545   548 D dalvikvm: GC_CONCURRENT freed 469K, 9% free 10752K/11719K, paused 2ms+2ms
07-05 13:32:42.129  1370  2420 E DictionaryProvider:UpdateHandler: Can't read a file : android.util.MalformedJsonException: Use JsonReader.setLenient(true) to accept malformed JSON at line 1 column 20
07-05 13:32:42.332   545   548 D dalvikvm: GC_CONCURRENT freed 732K, 11% free 10475K/11719K, paused 2ms+2ms
07-05 13:32:42.601   545   548 D dalvikvm: GC_CONCURRENT freed 413K, 11% free 10452K/11719K, paused 2ms+2ms
07-05 13:32:42.715   545  2423 I DownloadManager: Initiating request for download 4109
07-05 13:32:42.793   545   548 D dalvikvm: GC_CONCURRENT freed 238K, 10% free 10647K/11719K, paused 2ms+2ms
07-05 13:32:42.918   545   548 D dalvikvm: GC_CONCURRENT freed 297K, 8% free 10821K/11719K, paused 2ms+3ms
07-05 13:32:43.175   545   548 D dalvikvm: GC_CONCURRENT freed 823K, 11% free 10480K/11719K, paused 2ms+2ms
07-05 13:32:43.437   545   548 D dalvikvm: GC_CONCURRENT freed 411K, 11% free 10459K/11719K, paused 2ms+2ms
07-05 13:32:43.695   545   548 D dalvikvm: GC_CONCURRENT freed 399K, 11% free 10449K/11719K, paused 2ms+3ms
07-05 13:32:43.742   545  2426 I DownloadManager: Initiating request for download 4110
07-05 13:32:43.859   545   548 D dalvikvm: GC_CONCURRENT freed 171K, 9% free 10715K/11719K, paused 2ms+2ms
07-05 13:32:43.984   545   548 D dalvikvm: GC_CONCURRENT freed 424K, 9% free 10757K/11719K, paused 2ms+3ms
07-05 13:32:44.258   545   548 D dalvikvm: GC_CONCURRENT freed 706K, 11% free 10515K/11719K, paused 2ms+2ms
07-05 13:32:44.515   545   548 D dalvikvm: GC_CONCURRENT freed 409K, 11% free 10493K/11719K, paused 2ms+2ms
07-05 13:32:45.777   545   548 D dalvikvm: GC_CONCURRENT freed 368K, 11% free 10516K/11719K, paused 2ms+2ms
07-05 13:32:46.043   545   548 D dalvikvm: GC_CONCURRENT freed 407K, 11% free 10499K/11719K, paused 2ms+2ms
07-05 13:32:46.199  1370  2428 E DictionaryProvider:UpdateHandler: Can't read a file : android.util.MalformedJsonException: Use JsonReader.setLenient(true) to accept malformed JSON at line 1 column 20
07-05 13:32:46.230  1370  1372 D dalvikvm: GC_CONCURRENT freed 387K, 7% free 9128K/9735K, paused 2ms+2ms
07-05 13:32:46.371   545   548 D dalvikvm: GC_CONCURRENT freed 425K, 11% free 10465K/11719K, paused 1ms+2ms
07-05 13:32:46.492   545  2431 I DownloadManager: Initiating request for download 4110
07-05 13:32:46.492   545  2431 W DownloadManager: Aborting request for download 4110: Trying to resume a download that can't be resumed
07-05 13:32:46.746   545   548 D dalvikvm: GC_CONCURRENT freed 372K, 11% free 10484K/11719K, paused 2ms+2ms
07-05 13:32:47.011   545   548 D dalvikvm: GC_CONCURRENT freed 404K, 11% free 10466K/11719K, paused 2ms+2ms
07-05 13:32:47.281   545   548 D dalvikvm: GC_CONCURRENT freed 400K, 11% free 10453K/11719K, paused 2ms+2ms
07-05 13:32:47.390   545  2434 I DownloadManager: Initiating request for download 4111
07-05 13:32:47.492   545   548 D dalvikvm: GC_CONCURRENT freed 216K, 9% free 10673K/11719K, paused 2ms+3ms
07-05 13:32:47.617   545   548 D dalvikvm: GC_CONCURRENT freed 309K, 8% free 10849K/11719K, paused 2ms+3ms
07-05 13:32:47.789  1370  2436 E DictionaryProvider:UpdateHandler: Can't read a file : android.util.MalformedJsonException: Use JsonReader.setLenient(true) to accept malformed JSON at line 1 column 20
07-05 13:32:47.922   545   548 D dalvikvm: GC_CONCURRENT freed 850K, 11% free 10486K/11719K, paused 1ms+2ms
07-05 13:32:48.183   545   548 D dalvikvm: GC_CONCURRENT freed 414K, 11% free 10462K/11719K, paused 1ms+2ms
07-05 13:32:48.398   545  2439 I DownloadManager: Initiating request for download 4111
07-05 13:32:48.468   545   548 D dalvikvm: GC_CONCURRENT freed 380K, 10% free 10606K/11719K, paused 2ms+3ms
07-05 13:32:48.590   545   548 D dalvikvm: GC_CONCURRENT freed 270K, 8% free 10789K/11719K, paused 2ms+2ms
07-05 13:32:48.769   545   548 D dalvikvm: GC_CONCURRENT freed 736K, 11% free 10521K/11719K, paused 2ms+3ms
07-05 13:32:49.031   545   548 D dalvikvm: GC_CONCURRENT freed 401K, 11% free 10507K/11719K, paused 2ms+2ms
07-05 13:32:49.320   545   548 D dalvikvm: GC_CONCURRENT freed 437K, 11% free 10460K/11719K, paused 2ms+3ms
07-05 13:32:49.441   545  2442 I DownloadManager: Initiating request for download 4112
07-05 13:32:49.539   545   548 D dalvikvm: GC_CONCURRENT freed 225K, 9% free 10672K/11719K, paused 2ms+2ms
07-05 13:32:49.656   545   548 D dalvikvm: GC_CONCURRENT freed 308K, 8% free 10846K/11719K, paused 2ms+3ms
07-05 13:32:49.855  1370  2444 E DictionaryProvider:UpdateHandler: Can't read a file : android.util.MalformedJsonException: Use JsonReader.setLenient(true) to accept malformed JSON at line 1 column 20
07-05 13:32:49.972   545   548 D dalvikvm: GC_CONCURRENT freed 842K, 11% free 10490K/11719K, paused 2ms+2ms
07-05 13:32:50.230   545   548 D dalvikvm: GC_CONCURRENT freed 416K, 11% free 10465K/11719K, paused 1ms+2ms
07-05 13:32:50.449   545  2447 I DownloadManager: Initiating request for download 4112
07-05 13:32:50.508   545   548 D dalvikvm: GC_CONCURRENT freed 390K, 11% free 10511K/11719K, paused 2ms+3ms
07-05 13:32:50.621   545   548 D dalvikvm: GC_CONCURRENT freed 200K, 9% free 10749K/11719K, paused 2ms+2ms
07-05 13:32:50.750   545   548 D dalvikvm: GC_CONCURRENT freed 445K, 9% free 10765K/11719K, paused 2ms+2ms
07-05 13:32:51.078   545   548 D dalvikvm: GC_CONCURRENT freed 746K, 11% free 10478K/11719K, paused 2ms+3ms
07-05 13:32:51.371   545   548 D dalvikvm: GC_CONCURRENT freed 408K, 11% free 10458K/11719K, paused 2ms+2ms
07-05 13:32:51.519   545  2450 I DownloadManager: Initiating request for download 4113
07-05 13:32:51.605   545   548 D dalvikvm: GC_CONCURRENT freed 240K, 10% free 10655K/11719K, paused 2ms+3ms
07-05 13:32:51.726   545   548 D dalvikvm: GC_CONCURRENT freed 306K, 8% free 10827K/11719K, paused 2ms+3ms
07-05 13:32:51.972  1370  2452 E DictionaryProvider:UpdateHandler: Can't read a file : android.util.MalformedJsonException: Use JsonReader.setLenient(true) to accept malformed JSON at line 1 column 20
07-05 13:32:51.996   545   548 D dalvikvm: GC_CONCURRENT freed 825K, 11% free 10507K/11719K, paused 2ms+2ms
07-05 13:32:52.269   545   548 D dalvikvm: GC_CONCURRENT freed 425K, 11% free 10473K/11719K, paused 2ms+2ms
07-05 13:32:52.550   545   548 D dalvikvm: GC_CONCURRENT freed 408K, 11% free 10458K/11719K, paused 2ms+2ms
07-05 13:32:52.570   545  2455 I DownloadManager: Initiating request for download 4113
07-05 13:32:52.672   545   548 D dalvikvm: GC_CONCURRENT freed 170K, 9% free 10725K/11719K, paused 2ms+3ms
07-05 13:32:52.800   545   548 D dalvikvm: GC_CONCURRENT freed 427K, 9% free 10768K/11719K, paused 2ms+2ms
07-05 13:32:52.914   156   576 D dalvikvm: GC_EXPLICIT freed 495K, 12% free 14090K/16007K, paused 2ms+6ms
07-05 13:32:53.172   545   548 D dalvikvm: GC_CONCURRENT freed 741K, 11% free 10483K/11719K, paused 2ms+3ms
07-05 13:32:53.445   545   548 D dalvikvm: GC_CONCURRENT freed 419K, 11% free 10450K/11719K, paused 2ms+3ms
07-05 13:32:53.675   545  2458 I DownloadManager: Initiating request for download 4114
07-05 13:32:53.761   545   548 D dalvikvm: GC_CONCURRENT freed 301K, 10% free 10625K/11719K, paused 2ms+3ms
07-05 13:32:53.883   545   548 D dalvikvm: GC_CONCURRENT freed 292K, 8% free 10793K/11719K, paused 2ms+2ms
07-05 13:32:54.078   545   548 D dalvikvm: GC_CONCURRENT freed 747K, 11% free 10513K/11719K, paused 1ms+2ms
07-05 13:32:54.140  1370  2460 E DictionaryProvider:UpdateHandler: Can't read a file : android.util.MalformedJsonException: Use JsonReader.setLenient(true) to accept malformed JSON at line 1 column 20
07-05 13:32:54.175  1370  1372 D dalvikvm: GC_CONCURRENT freed 384K, 7% free 9132K/9735K, paused 1ms+2ms
07-05 13:32:54.402   545   548 D dalvikvm: GC_CONCURRENT freed 431K, 11% free 10472K/11719K, paused 1ms+3ms
07-05 13:32:54.672   545   548 D dalvikvm: GC_CONCURRENT freed 416K, 11% free 10447K/11719K, paused 2ms+2ms
07-05 13:32:54.754   545  2463 I DownloadManager: Initiating request for download 4114
07-05 13:32:54.843   545   548 D dalvikvm: GC_CONCURRENT freed 217K, 9% free 10667K/11719K, paused 2ms+3ms
07-05 13:32:54.972   545   548 D dalvikvm: GC_CONCURRENT freed 313K, 8% free 10855K/11719K, paused 2ms+3ms
07-05 13:32:55.261   545   548 D dalvikvm: GC_CONCURRENT freed 871K, 11% free 10473K/11719K, paused 2ms+2ms
07-05 13:32:55.531   545   548 D dalvikvm: GC_CONCURRENT freed 409K, 11% free 10455K/11719K, paused 1ms+2ms
07-05 13:32:55.750   545  2466 I DownloadManager: Initiating request for download 4115
07-05 13:32:55.804   545   548 D dalvikvm: GC_CONCURRENT freed 345K, 11% free 10524K/11719K, paused 2ms+4ms
07-05 13:32:55.922   545   548 D dalvikvm: GC_CONCURRENT freed 212K, 9% free 10750K/11719K, paused 2ms+3ms
07-05 13:32:56.062   545   548 D dalvikvm: GC_CONCURRENT freed 463K, 9% free 10758K/11719K, paused 1ms+2ms
07-05 13:32:56.199  1370  2468 E DictionaryProvider:UpdateHandler: Can't read a file : android.util.MalformedJsonException: Use JsonReader.setLenient(true) to accept malformed JSON at line 1 column 20
07-05 13:32:56.285   465   467 D dalvikvm: GC_CONCURRENT freed 430K, 5% free 10526K/11079K, paused 2ms+2ms
07-05 13:32:56.437   545   548 D dalvikvm: GC_CONCURRENT freed 739K, 11% free 10476K/11719K, paused 2ms+2ms
07-05 13:32:56.718   545   548 D dalvikvm: GC_CONCURRENT freed 414K, 11% free 10459K/11719K, paused 2ms+3ms
07-05 13:32:56.847   545  2471 I DownloadManager: Initiating request for download 4115
07-05 13:32:56.933   545   548 D dalvikvm: GC_CONCURRENT freed 244K, 10% free 10651K/11719K, paused 2ms+3ms
07-05 13:32:57.058   545   548 D dalvikvm: GC_CONCURRENT freed 309K, 8% free 10818K/11719K, paused 2ms+3ms
07-05 13:32:57.297   545   548 D dalvikvm: GC_CONCURRENT freed 812K, 11% free 10482K/11719K, paused 2ms+3ms
07-05 13:32:57.558   545   548 D dalvikvm: GC_CONCURRENT freed 410K, 11% free 10462K/11719K, paused 2ms+2ms
07-05 13:32:57.824   545   548 D dalvikvm: GC_CONCURRENT freed 404K, 11% free 10448K/11719K, paused 2ms+2ms
07-05 13:32:57.894   545  2474 I DownloadManager: Initiating request for download 4116
07-05 13:32:58.000   545   548 D dalvikvm: GC_CONCURRENT freed 175K, 9% free 10710K/11719K, paused 2ms+2ms
07-05 13:32:58.129   545   548 D dalvikvm: GC_CONCURRENT freed 326K, 8% free 10861K/11719K, paused 2ms+2ms
07-05 13:32:58.300  1370  2476 E DictionaryProvider:UpdateHandler: Can't read a file : android.util.MalformedJsonException: Use JsonReader.setLenient(true) to accept malformed JSON at line 1 column 20
07-05 13:32:58.340   465  2477 D dalvikvm: GC_EXPLICIT freed 267K, 8% free 10261K/11079K, paused 2ms+2ms
07-05 13:32:58.484   545   548 D dalvikvm: GC_CONCURRENT freed 872K, 11% free 10482K/11719K, paused 2ms+2ms
07-05 13:32:58.754   545   548 D dalvikvm: GC_CONCURRENT freed 415K, 11% free 10457K/11719K, paused 2ms+3ms
07-05 13:32:58.918   545  2479 I DownloadManager: Initiating request for download 4116
07-05 13:32:58.988   545   548 D dalvikvm: GC_CONCURRENT freed 291K, 10% free 10605K/11719K, paused 2ms+3ms
07-05 13:32:59.109   545   548 D dalvikvm: GC_CONCURRENT freed 273K, 8% free 10789K/11719K, paused 2ms+3ms
07-05 13:32:59.281   545   548 D dalvikvm: GC_CONCURRENT freed 738K, 11% free 10520K/11719K, paused 1ms+2ms
07-05 13:32:59.566   545   548 D dalvikvm: GC_CONCURRENT freed 437K, 11% free 10474K/11719K, paused 2ms+2ms
07-05 13:32:59.851   545   548 D dalvikvm: GC_CONCURRENT freed 411K, 11% free 10453K/11719K, paused 2ms+2ms
07-05 13:32:59.972   545  2482 I DownloadManager: Initiating request for download 4117
07-05 13:33:00.105   545   548 D dalvikvm: GC_CONCURRENT freed 219K, 9% free 10671K/11719K, paused 2ms+3ms
07-05 13:33:00.226   545   548 D dalvikvm: GC_CONCURRENT freed 312K, 8% free 10841K/11719K, paused 2ms+3ms
07-05 13:33:00.433  1370  2484 E DictionaryProvider:UpdateHandler: Can't read a file : android.util.MalformedJsonException: Use JsonReader.setLenient(true) to accept malformed JSON at line 1 column 20
07-05 13:33:00.492   545   548 D dalvikvm: GC_CONCURRENT freed 835K, 11% free 10495K/11719K, paused 1ms+2ms
07-05 13:33:00.769   545   548 D dalvikvm: GC_CONCURRENT freed 420K, 11% free 10465K/11719K, paused 2ms+3ms
07-05 13:33:01.000   545  2487 I DownloadManager: Initiating request for download 4117
07-05 13:33:01.054   545   548 D dalvikvm: GC_CONCURRENT freed 388K, 11% free 10463K/11719K, paused 2ms+2ms
07-05 13:33:01.164   545   548 D dalvikvm: GC_CONCURRENT freed 156K, 9% free 10720K/11719K, paused 2ms+2ms
07-05 13:33:01.293   545   548 D dalvikvm: GC_CONCURRENT freed 418K, 9% free 10781K/11719K, paused 2ms+3ms
07-05 13:33:01.601   545   548 D dalvikvm: GC_CONCURRENT freed 766K, 11% free 10481K/11719K, paused 1ms+2ms
07-05 13:33:01.879   545   548 D dalvikvm: GC_CONCURRENT freed 409K, 11% free 10462K/11719K, paused 2ms+2ms
07-05 13:33:02.062   545  2490 I DownloadManager: Initiating request for download 4118
07-05 13:33:02.144   545   548 D dalvikvm: GC_CONCURRENT freed 297K, 10% free 10610K/11719K, paused 2ms+3ms
07-05 13:33:02.265   545   548 D dalvikvm: GC_CONCURRENT freed 270K, 8% free 10793K/11719K, paused 2ms+3ms
07-05 13:33:02.433   545   548 D dalvikvm: GC_CONCURRENT freed 740K, 11% free 10527K/11719K, paused 2ms+2ms
07-05 13:33:02.570   545   633 D dalvikvm: GC_EXPLICIT freed 131K, 11% free 10496K/11719K, paused 2ms+3ms
07-05 13:33:02.578  1370  2492 E DictionaryProvider:UpdateHandler: Can't read a file : android.util.MalformedJsonException: Use JsonReader.setLenient(true) to accept malformed JSON at line 1 column 20
07-05 13:33:02.613  1370  1372 D dalvikvm: GC_CONCURRENT freed 390K, 7% free 9132K/9735K, paused 1ms+2ms
07-05 13:33:02.875   545   548 D dalvikvm: GC_CONCURRENT freed 414K, 11% free 10473K/11719K, paused 1ms+2ms
07-05 13:33:03.144   545   548 D dalvikvm: GC_CONCURRENT freed 401K, 11% free 10457K/11719K, paused 1ms+2ms
07-05 13:33:03.199   545  2495 I DownloadManager: Initiating request for download 4118
07-05 13:33:03.300   545   548 D dalvikvm: GC_CONCURRENT freed 190K, 9% free 10701K/11719K, paused 1ms+3ms
07-05 13:33:03.422   545   548 D dalvikvm: GC_CONCURRENT freed 317K, 8% free 10869K/11719K, paused 2ms+2ms
07-05 13:33:03.722   545   548 D dalvikvm: GC_CONCURRENT freed 881K, 11% free 10482K/11719K, paused 2ms+2ms
07-05 13:33:03.988   545   548 D dalvikvm: GC_CONCURRENT freed 408K, 11% free 10464K/11719K, paused 3ms+2ms
07-05 13:33:04.175   545  2498 I DownloadManager: Initiating request for download 4119
07-05 13:33:04.265   545   548 D dalvikvm: GC_CONCURRENT freed 308K, 10% free 10615K/11719K, paused 2ms+3ms
07-05 13:33:04.386   545   548 D dalvikvm: GC_CONCURRENT freed 281K, 8% free 10799K/11719K, paused 2ms+4ms
07-05 13:33:04.554   545   548 D dalvikvm: GC_CONCURRENT freed 747K, 11% free 10528K/11719K, paused 1ms+2ms
07-05 13:33:04.633  1370  2500 E DictionaryProvider:UpdateHandler: Can't read a file : android.util.MalformedJsonException: Use JsonReader.setLenient(true) to accept malformed JSON at line 1 column 20
07-05 13:33:04.863   545   548 D dalvikvm: GC_CONCURRENT freed 432K, 11% free 10487K/11719K, paused 2ms+3ms
07-05 13:33:05.136   545   548 D dalvikvm: GC_CONCURRENT freed 412K, 11% free 10461K/11719K, paused 2ms+3ms
07-05 13:33:05.234   545  2503 I DownloadManager: Initiating request for download 4119
07-05 13:33:05.324   545   548 D dalvikvm: GC_CONCURRENT freed 220K, 9% free 10671K/11719K, paused 2ms+3ms
07-05 13:33:05.449   545   548 D dalvikvm: GC_CONCURRENT freed 290K, 8% free 10872K/11719K, paused 2ms+3ms
07-05 13:33:05.711   545   548 D dalvikvm: GC_CONCURRENT freed 878K, 11% free 10489K/11719K, paused 1ms+2ms
07-05 13:33:05.980   545   548 D dalvikvm: GC_CONCURRENT freed 409K, 11% free 10471K/11719K, paused 2ms+2ms
07-05 13:33:06.226   545  2506 I DownloadManager: Initiating request for download 4120
07-05 13:33:06.289   545   548 D dalvikvm: GC_CONCURRENT freed 390K, 11% free 10490K/11719K, paused 2ms+3ms
07-05 13:33:06.422   545   548 D dalvikvm: GC_CONCURRENT freed 182K, 9% free 10743K/11719K, paused 1ms+3ms
07-05 13:33:06.550   545   548 D dalvikvm: GC_CONCURRENT freed 445K, 9% free 10773K/11719K, paused 1ms+2ms
07-05 13:33:06.707  1370  2508 E DictionaryProvider:UpdateHandler: Can't read a file : android.util.MalformedJsonException: Use JsonReader.setLenient(true) to accept malformed JSON at line 1 column 20
07-05 13:33:06.879   545   548 D dalvikvm: GC_CONCURRENT freed 745K, 11% free 10492K/11719K, paused 2ms+3ms
07-05 13:33:07.160   545   548 D dalvikvm: GC_CONCURRENT freed 411K, 11% free 10468K/11719K, paused 2ms+3ms
07-05 13:33:07.320   545  2511 I DownloadManager: Initiating request for download 4120
07-05 13:33:07.394   545   548 D dalvikvm: GC_CONCURRENT freed 281K, 10% free 10640K/11719K, paused 2ms+4ms
07-05 13:33:07.523   545   548 D dalvikvm: GC_CONCURRENT freed 289K, 8% free 10816K/11719K, paused 1ms+2ms
07-05 13:33:07.722   545   548 D dalvikvm: GC_CONCURRENT freed 793K, 11% free 10500K/11719K, paused 1ms+3ms
07-05 13:33:08.000   545   548 D dalvikvm: GC_CONCURRENT freed 411K, 11% free 10479K/11719K, paused 2ms+2ms
07-05 13:33:08.261   545   548 D dalvikvm: GC_CONCURRENT freed 404K, 11% free 10465K/11719K, paused 2ms+2ms
07-05 13:33:08.367   545  2514 I DownloadManager: Initiating request for download 4121
07-05 13:33:08.465   545   548 D dalvikvm: GC_CONCURRENT freed 204K, 9% free 10698K/11719K, paused 2ms+3ms
07-05 13:33:08.586   545   548 D dalvikvm: GC_CONCURRENT freed 321K, 8% free 10868K/11719K, paused 2ms+3ms
07-05 13:33:08.781  1370  2516 E DictionaryProvider:UpdateHandler: Can't read a file : android.util.MalformedJsonException: Use JsonReader.setLenient(true) to accept malformed JSON at line 1 column 20
07-05 13:33:08.890   545   548 D dalvikvm: GC_CONCURRENT freed 864K, 11% free 10499K/11719K, paused 2ms+3ms
07-05 13:33:09.160   545   548 D dalvikvm: GC_CONCURRENT freed 408K, 11% free 10477K/11719K, paused 2ms+2ms
07-05 13:33:09.363   545  2519 I DownloadManager: Initiating request for download 4121
07-05 13:33:09.422   545   548 D dalvikvm: GC_CONCURRENT freed 368K, 11% free 10533K/11719K, paused 2ms+3ms
07-05 13:33:09.547   545   548 D dalvikvm: GC_CONCURRENT freed 205K, 9% free 10765K/11719K, paused 2ms+2ms
07-05 13:33:09.691   545   548 D dalvikvm: GC_CONCURRENT freed 469K, 8% free 10786K/11719K, paused 2ms+2ms
07-05 13:33:10.011   545   548 D dalvikvm: GC_CONCURRENT freed 766K, 11% free 10488K/11719K, paused 2ms+2ms
07-05 13:33:10.273   545   548 D dalvikvm: GC_CONCURRENT freed 409K, 11% free 10469K/11719K, paused 2ms+2ms
07-05 13:33:10.406   545  2522 I DownloadManager: Initiating request for download 4122
07-05 13:33:10.496   156   594 D dalvikvm: GC_EXPLICIT freed 517K, 12% free 14089K/16007K, paused 2ms+6ms
07-05 13:33:10.550   545   548 D dalvikvm: GC_CONCURRENT freed 230K, 9% free 10676K/11719K, paused 2ms+3ms
07-05 13:33:10.675   545   548 D dalvikvm: GC_CONCURRENT freed 325K, 8% free 10836K/11719K, paused 2ms+2ms
07-05 13:33:10.914   545   548 D dalvikvm: GC_CONCURRENT freed 833K, 11% free 10487K/11719K, paused 2ms+2ms
07-05 13:33:11.035  1370  2524 E DictionaryProvider:UpdateHandler: Can't read a file : android.util.MalformedJsonException: Use JsonReader.setLenient(true) to accept malformed JSON at line 1 column 20
07-05 13:33:11.074  1370  1372 D dalvikvm: GC_CONCURRENT freed 390K, 7% free 9130K/9735K, paused 1ms+2ms
07-05 13:33:11.226   545   548 D dalvikvm: GC_CONCURRENT freed 397K, 11% free 10476K/11719K, paused 2ms+3ms
07-05 13:33:11.492   545   548 D dalvikvm: GC_CONCURRENT freed 410K, 11% free 10457K/11719K, paused 2ms+3ms
07-05 13:33:11.527   545  2526 I DownloadManager: Initiating request for download 4122
07-05 13:33:11.613   545   548 D dalvikvm: GC_CONCURRENT freed 177K, 9% free 10712K/11719K, paused 2ms+2ms
07-05 13:33:11.695   545   548 D dalvikvm: GC_CONCURRENT freed 404K, 9% free 10765K/11719K, paused 2ms+2ms
07-05 13:33:12.261   545   548 D dalvikvm: GC_CONCURRENT freed 739K, 11% free 10482K/11719K, paused 2ms+2ms
07-05 13:33:12.543   545   548 D dalvikvm: GC_CONCURRENT freed 410K, 11% free 10462K/11719K, paused 2ms+2ms
07-05 13:33:12.793   545  2530 I DownloadManager: Initiating request for download 4123
07-05 13:33:12.910   545   548 D dalvikvm: GC_CONCURRENT freed 363K, 11% free 10546K/11719K, paused 3ms+5ms
07-05 13:33:13.031   545   548 D dalvikvm: GC_CONCURRENT freed 221K, 9% free 10762K/11719K, paused 2ms+3ms
07-05 13:33:13.179   545   548 D dalvikvm: GC_CONCURRENT freed 707K, 11% free 10530K/11719K, paused 2ms+2ms
07-05 13:33:13.328  1370  2532 E DictionaryProvider:UpdateHandler: Can't read a file : android.util.MalformedJsonException: Use JsonReader.setLenient(true) to accept malformed JSON at line 1 column 20
07-05 13:33:13.484   545   548 D dalvikvm: GC_CONCURRENT freed 431K, 11% free 10489K/11719K, paused 1ms+3ms
07-05 13:33:13.758   545   548 D dalvikvm: GC_CONCURRENT freed 419K, 11% free 10468K/11719K, paused 2ms+3ms
07-05 13:33:13.906   545  2535 I DownloadManager: Initiating request for download 4123
07-05 13:33:13.988   545   548 D dalvikvm: GC_CONCURRENT freed 286K, 10% free 10636K/11719K, paused 2ms+2ms
07-05 13:33:14.113   545   548 D dalvikvm: GC_CONCURRENT freed 299K, 8% free 10810K/11719K, paused 2ms+4ms
07-05 13:33:14.312   545   548 D dalvikvm: GC_CONCURRENT freed 765K, 11% free 10522K/11719K, paused 3ms+2ms
07-05 13:33:14.590   545   548 D dalvikvm: GC_CONCURRENT freed 436K, 11% free 10476K/11719K, paused 2ms+2ms
07-05 13:33:14.847   545   548 D dalvikvm: GC_CONCURRENT freed 409K, 11% free 10458K/11719K, paused 1ms+2ms
07-05 13:33:14.945   545  2538 I DownloadManager: Initiating request for download 4124
07-05 13:33:15.027   545   548 D dalvikvm: GC_CONCURRENT freed 204K, 9% free 10688K/11719K, paused 1ms+2ms
07-05 13:33:15.148   545   548 D dalvikvm: GC_CONCURRENT freed 304K, 8% free 10864K/11719K, paused 2ms+2ms
07-05 13:33:15.336  1370  2541 E DictionaryProvider:UpdateHandler: Can't read a file : android.util.MalformedJsonException: Use JsonReader.setLenient(true) to accept malformed JSON at line 1 column 20
07-05 13:33:15.468   545   548 D dalvikvm: GC_CONCURRENT freed 864K, 11% free 10500K/11719K, paused 1ms+2ms
07-05 13:33:15.730   545   548 D dalvikvm: GC_CONCURRENT freed 422K, 11% free 10469K/11719K, paused 2ms+3ms
07-05 13:33:15.941   545  2544 I DownloadManager: Initiating request for download 4124
07-05 13:33:15.996   545   548 D dalvikvm: GC_CONCURRENT freed 383K, 11% free 10517K/11719K, paused 2ms+3ms
07-05 13:33:16.125   545   548 D dalvikvm: GC_CONCURRENT freed 199K, 9% free 10755K/11719K, paused 2ms+2ms
07-05 13:33:16.261   545   548 D dalvikvm: GC_CONCURRENT freed 461K, 9% free 10773K/11719K, paused 2ms+2ms
07-05 13:33:16.582   545   548 D dalvikvm: GC_CONCURRENT freed 753K, 11% free 10482K/11719K, paused 2ms+2ms
07-05 13:33:16.851   545   548 D dalvikvm: GC_CONCURRENT freed 408K, 11% free 10464K/11719K, paused 2ms+2ms
07-05 13:33:17.004   545  2547 I DownloadManager: Initiating request for download 4125
07-05 13:33:17.093   545   548 D dalvikvm: GC_CONCURRENT freed 241K, 9% free 10708K/11719K, paused 2ms+3ms
07-05 13:33:17.218   545   548 D dalvikvm: GC_CONCURRENT freed 339K, 8% free 10872K/11719K, paused 2ms+3ms
07-05 13:33:17.406  1370  2549 E DictionaryProvider:UpdateHandler: Can't read a file : android.util.MalformedJsonException: Use JsonReader.setLenient(true) to accept malformed JSON at line 1 column 20
07-05 13:33:17.508   545   548 D dalvikvm: GC_CONCURRENT freed 864K, 11% free 10498K/11719K, paused 2ms+3ms
07-05 13:33:17.773   545   548 D dalvikvm: GC_CONCURRENT freed 416K, 11% free 10473K/11719K, paused 2ms+3ms
07-05 13:33:18.035   545  2552 I DownloadManager: Initiating request for download 4125
07-05 13:33:18.062   545   548 D dalvikvm: GC_CONCURRENT freed 398K, 11% free 10496K/11719K, paused 2ms+2ms
07-05 13:33:18.183   545   548 D dalvikvm: GC_CONCURRENT freed 186K, 9% free 10746K/11719K, paused 2ms+3ms
07-05 13:33:18.308   545   548 D dalvikvm: GC_CONCURRENT freed 444K, 9% free 10777K/11719K, paused 2ms+2ms
07-05 13:33:18.605   545   548 D dalvikvm: GC_CONCURRENT freed 721K, 11% free 10520K/11719K, paused 2ms+2ms
07-05 13:33:18.871   545   548 D dalvikvm: GC_CONCURRENT freed 405K, 11% free 10505K/11719K, paused 2ms+3ms
07-05 13:33:20.218   545  2554 I DownloadManager: Initiating request for download 4126
07-05 13:33:20.308   545   548 D dalvikvm: GC_CONCURRENT freed 301K, 10% free 10602K/11719K, paused 2ms+3ms
07-05 13:33:20.425   545   548 D dalvikvm: GC_CONCURRENT freed 261K, 8% free 10792K/11719K, paused 2ms+2ms
07-05 13:33:20.586   545   548 D dalvikvm: GC_CONCURRENT freed 728K, 11% free 10536K/11719K, paused 2ms+3ms
07-05 13:33:20.683  1370  2557 E DictionaryProvider:UpdateHandler: Can't read a file : android.util.MalformedJsonException: Use JsonReader.setLenient(true) to accept malformed JSON at line 1 column 20
07-05 13:33:20.718  1370  1372 D dalvikvm: GC_CONCURRENT freed 388K, 7% free 9130K/9735K, paused 2ms+1ms
07-05 13:33:20.918   545   548 D dalvikvm: GC_CONCURRENT freed 433K, 11% free 10494K/11719K, paused 1ms+3ms
07-05 13:33:21.183   545   548 D dalvikvm: GC_CONCURRENT freed 416K, 11% free 10468K/11719K, paused 1ms+2ms
07-05 13:33:21.316   545  2560 I DownloadManager: Initiating request for download 4126
07-05 13:33:21.406   545   548 D dalvikvm: GC_CONCURRENT freed 252K, 9% free 10698K/11719K, paused 1ms+3ms
07-05 13:33:21.523   545   548 D dalvikvm: GC_CONCURRENT freed 329K, 8% free 10848K/11719K, paused 1ms+3ms
07-05 13:33:21.781   545   548 D dalvikvm: GC_CONCURRENT freed 838K, 11% free 10502K/11719K, paused 2ms+2ms
07-05 13:33:22.043   545   548 D dalvikvm: GC_CONCURRENT freed 416K, 11% free 10475K/11719K, paused 3ms+2ms
07-05 13:33:22.312   545   548 D dalvikvm: GC_CONCURRENT freed 401K, 11% free 10464K/11719K, paused 1ms+2ms
07-05 13:33:22.359   545  2563 I DownloadManager: Initiating request for download 4127
07-05 13:33:22.480   545   548 D dalvikvm: GC_CONCURRENT freed 169K, 9% free 10731K/11719K, paused 2ms+2ms
07-05 13:33:22.609   545   548 D dalvikvm: GC_CONCURRENT freed 329K, 8% free 10885K/11719K, paused 2ms+3ms
07-05 13:33:22.777  1370  2565 E DictionaryProvider:UpdateHandler: Can't read a file : android.util.MalformedJsonException: Use JsonReader.setLenient(true) to accept malformed JSON at line 1 column 20
07-05 13:33:22.843  1370 28657 D dalvikvm: GC_EXPLICIT freed 161K, 7% free 9096K/9735K, paused 2ms+2ms
07-05 13:33:22.953   545   548 D dalvikvm: GC_CONCURRENT freed 887K, 11% free 10498K/11719K, paused 2ms+2ms
07-05 13:33:23.230   545   548 D dalvikvm: GC_CONCURRENT freed 412K, 11% free 10479K/11719K, paused 2ms+2ms
07-05 13:33:23.410   545  2569 I DownloadManager: Initiating request for download 4127
07-05 13:33:23.453   482   482 D SAN_SERVICE: *******************************************
07-05 13:33:23.453   482   482 D SAN_SERVICE: DM App Phone Service State - 0
07-05 13:33:23.453   482   482 D SAN_SERVICE: *******************************************
07-05 13:33:23.511   545   548 D dalvikvm: GC_CONCURRENT freed 306K, 10% free 10622K/11719K, paused 2ms+3ms
07-05 13:33:23.625   545   548 D dalvikvm: GC_CONCURRENT freed 281K, 8% free 10809K/11719K, paused 2ms+3ms
07-05 13:33:23.804   545   548 D dalvikvm: GC_CONCURRENT freed 753K, 11% free 10536K/11719K, paused 2ms+3ms
07-05 13:33:24.082   545   548 D dalvikvm: GC_CONCURRENT freed 438K, 11% free 10489K/11719K, paused 2ms+2ms
07-05 13:33:24.351   545   548 D dalvikvm: GC_CONCURRENT freed 412K, 11% free 10468K/11719K, paused 2ms+2ms
07-05 13:33:24.484   545  2572 I DownloadManager: Initiating request for download 4128
07-05 13:33:24.590   545   548 D dalvikvm: GC_CONCURRENT freed 210K, 9% free 10678K/11719K, paused 2ms+2ms
07-05 13:33:24.711   545   548 D dalvikvm: GC_CONCURRENT freed 315K, 8% free 10848K/11719K, paused 2ms+3ms
07-05 13:33:24.894  1370  2574 E DictionaryProvider:UpdateHandler: Can't read a file : android.util.MalformedJsonException: Use JsonReader.setLenient(true) to accept malformed JSON at line 1 column 20
07-05 13:33:24.984   545   548 D dalvikvm: GC_CONCURRENT freed 835K, 11% free 10510K/11719K, paused 2ms+3ms
07-05 13:33:25.250   545   548 D dalvikvm: GC_CONCURRENT freed 417K, 11% free 10482K/11719K, paused 1ms+2ms
07-05 13:33:25.527   545   548 D dalvikvm: GC_CONCURRENT freed 401K, 11% free 10469K/11719K, paused 2ms+2ms
07-05 13:33:25.570   545  2577 I DownloadManager: Initiating request for download 4128
07-05 13:33:25.675   545   548 D dalvikvm: GC_CONCURRENT freed 176K, 9% free 10730K/11719K, paused 2ms+3ms
07-05 13:33:25.797   545   548 D dalvikvm: GC_CONCURRENT freed 329K, 8% free 10891K/11719K, paused 2ms+3ms
07-05 13:33:26.101   545   548 D dalvikvm: GC_CONCURRENT freed 896K, 11% free 10496K/11719K, paused 2ms+3ms
07-05 13:33:26.371   545   548 D dalvikvm: GC_CONCURRENT freed 410K, 11% free 10477K/11719K, paused 1ms+2ms
07-05 13:33:26.550   545  2580 I DownloadManager: Initiating request for download 4129
07-05 13:33:26.644   545   548 D dalvikvm: GC_CONCURRENT freed 291K, 9% free 10684K/11719K, paused 2ms+3ms
07-05 13:33:26.769   545   548 D dalvikvm: GC_CONCURRENT freed 323K, 8% free 10841K/11719K, paused 2ms+2ms
07-05 13:33:26.988   545   548 D dalvikvm: GC_CONCURRENT freed 827K, 11% free 10510K/11719K, paused 3ms+3ms
07-05 13:33:26.996  1370  2582 E DictionaryProvider:UpdateHandler: Can't read a file : android.util.MalformedJsonException: Use JsonReader.setLenient(true) to accept malformed JSON at line 1 column 20
07-05 13:33:27.285   545   548 D dalvikvm: GC_CONCURRENT freed 408K, 11% free 10492K/11719K, paused 2ms+2ms
07-05 13:33:27.566   545   548 D dalvikvm: GC_CONCURRENT freed 405K, 11% free 10473K/11719K, paused 2ms+2ms
07-05 13:33:27.636   545  2585 I DownloadManager: Initiating request for download 4129
07-05 13:33:27.726   545   548 D dalvikvm: GC_CONCURRENT freed 199K, 9% free 10711K/11719K, paused 2ms+2ms
07-05 13:33:27.855   545   548 D dalvikvm: GC_CONCURRENT freed 321K, 8% free 10885K/11719K, paused 2ms+2ms
07-05 13:33:28.144   545   548 D dalvikvm: GC_CONCURRENT freed 886K, 11% free 10499K/11719K, paused 1ms+2ms
07-05 13:33:28.289   482   482 D SAN_SERVICE: *******************************************
07-05 13:33:28.289   482   482 D SAN_SERVICE: DM App Phone Service State - 0
07-05 13:33:28.289   482   482 D SAN_SERVICE: *******************************************
07-05 13:33:28.429   545   548 D dalvikvm: GC_CONCURRENT freed 406K, 11% free 10481K/11719K, paused 2ms+2ms
07-05 13:33:28.672   545  2588 I DownloadManager: Initiating request for download 4130
07-05 13:33:28.742   545   548 D dalvikvm: GC_CONCURRENT freed 342K, 11% free 10543K/11719K, paused 3ms+3ms
07-05 13:33:28.863   545   548 D dalvikvm: GC_CONCURRENT freed 205K, 9% free 10775K/11719K, paused 2ms+3ms
07-05 13:33:29.000   545   548 D dalvikvm: GC_CONCURRENT freed 469K, 8% free 10792K/11719K, paused 1ms+2ms
07-05 13:33:29.215   156   594 D dalvikvm: GC_EXPLICIT freed 595K, 12% free 14093K/16007K, paused 3ms+5ms
07-05 13:33:29.222  1370  2590 E DictionaryProvider:UpdateHandler: Can't read a file : android.util.MalformedJsonException: Use JsonReader.setLenient(true) to accept malformed JSON at line 1 column 20
07-05 13:33:29.425   545   548 D dalvikvm: GC_CONCURRENT freed 755K, 11% free 10511K/11719K, paused 2ms+2ms
07-05 13:33:29.691   545   548 D dalvikvm: GC_CONCURRENT freed 438K, 11% free 10464K/11719K, paused 2ms+2ms
07-05 13:33:29.824   545  2593 I DownloadManager: Initiating request for download 4130
07-05 13:33:29.836   362   362 I wpa_supplicant: wlan0: CTRL-EVENT-DISCONNECTED bssid=d0:c2:82:84:8d:50 reason=0
07-05 13:33:29.843    77   117 D CommandListener: Clearing all IP addresses on wlan0
07-05 13:33:29.855   156   330 D ConnectivityService: ConnectivityChange for WIFI: DISCONNECTED/DISCONNECTED
07-05 13:33:29.863   156   330 D ConnectivityService: Attempting to switch to mobile
07-05 13:33:29.863   156   330 D ConnectivityService: Attempting to switch to WIMAX
07-05 13:33:29.863   156   330 D ConnectivityService: Attempting to switch to BLUETOOTH_TETHER
07-05 13:33:29.871   156   330 E ConnectivityService: Exception trying to remove a route: java.lang.IllegalStateException: Unable to communicate with native dameon to add routes - com.android.server.NativeDaemonConnectorException: Cmd {interface route remove wlan0 default 128.205.59.254 32 0.0.0.0} failed with code 400 : {Failed to remove route from default table (No such process)}
07-05 13:33:29.875   156   330 D NetUtils: android_net_utils_resetConnections in env=0x6b2b60 clazz=0xce400001 iface=wlan0 mask=0x3
07-05 13:33:29.875   156   330 E ConnectivityService: Exception trying to remove a route: java.lang.IllegalStateException: Unable to communicate with native dameon to add routes - com.android.server.NativeDaemonConnectorException: Cmd {interface route remove wlan0 default 0.0.0.0 0 128.205.59.254} failed with code 400 : {Failed to remove route from default table (No such process)}
07-05 13:33:29.875   156   330 D ConnectivityService: resetConnections(wlan0, 3)
07-05 13:33:29.996   414   414 D dalvikvm: GC_FOR_ALLOC freed 592K, 38% free 10139K/16263K, paused 17ms
07-05 13:33:30.023   682  1055 E GTalkService: connectionClosed: no XMPPConnection - That's strange!
07-05 13:33:30.023   545  2593 W DownloadManager: Aborting request for download 4130: while trying to execute request: org.apache.http.conn.ConnectTimeoutException: Connect to /74.125.228.79:80 timed out
07-05 13:33:30.027   156   330 D ConnectivityService: handleInetConditionChange: no active default network - ignore
07-05 13:33:30.058   414   416 D dalvikvm: GC_CONCURRENT freed 318K, 37% free 10255K/16263K, paused 2ms+2ms
07-05 13:33:30.304   545   548 D dalvikvm: GC_CONCURRENT freed 355K, 11% free 10500K/11719K, paused 2ms+3ms
07-05 13:33:30.562   545   548 D dalvikvm: GC_CONCURRENT freed 412K, 11% free 10478K/11719K, paused 2ms+2ms
07-05 13:33:30.832   545   548 D dalvikvm: GC_CONCURRENT freed 406K, 11% free 10463K/11719K, paused 2ms+2ms
07-05 13:33:30.965   545  2595 I DownloadManager: Initiating request for download 4131
07-05 13:33:30.968   545  2595 W DownloadManager: Aborting request for download 4131: no network connection available
07-05 13:33:31.101   362   362 I wpa_supplicant: wlan0: Trying to associate with d0:c2:82:66:69:d0 (SSID='UB_Wireless' freq=2462 MHz)
07-05 13:33:31.125   362   362 I wpa_supplicant: wlan0: Associated with d0:c2:82:66:69:d0
07-05 13:33:31.125   362   362 I wpa_supplicant: wlan0: CTRL-EVENT-CONNECTED - Connection to d0:c2:82:66:69:d0 completed (reauth) [id=5 id_str=]
07-05 13:33:31.265   545   548 D dalvikvm: GC_CONCURRENT freed 351K, 11% free 10502K/11719K, paused 1ms+2ms
07-05 13:33:31.570   545   548 D dalvikvm: GC_CONCURRENT freed 413K, 11% free 10476K/11719K, paused 1ms+3ms
07-05 13:33:31.840   545   548 D dalvikvm: GC_CONCURRENT freed 403K, 11% free 10464K/11719K, paused 2ms+2ms
07-05 13:33:32.152   545   548 D dalvikvm: GC_CONCURRENT freed 362K, 11% free 10493K/11719K, paused 1ms+2ms
07-05 13:33:32.418   545   548 D dalvikvm: GC_CONCURRENT freed 409K, 11% free 10475K/11719K, paused 1ms+3ms
07-05 13:33:32.675   545   548 D dalvikvm: GC_CONCURRENT freed 405K, 11% free 10460K/11719K, paused 2ms+2ms
07-05 13:33:32.925   156   333 D Tethering: MasterInitialState.processMessage what=3
07-05 13:33:33.008  1190  1190 I MediaUploader: No need to wake up
07-05 13:33:33.011   993   993 I PhoneLab-WiFiReceiver: Wi-Fi is disconnected!
07-05 13:33:33.011  1086  1105 D PicasaSyncManager: active network: null
07-05 13:33:33.015  1086  1105 D PicasaSyncManager: background data: true
07-05 13:33:36.328   156   330 D ConnectivityService: ConnectivityChange for WIFI: CONNECTED/CONNECTED
07-05 13:33:36.379   993   993 I PhoneLab-WiFiReceiver: Wi-Fi is connected!
07-05 13:33:36.379   993   993 I PhoneLab-WiFiReceiver: SSID: UB_Wireless BSSID: d0:c2:82:66:69:d0 RSSI: -200 LinkSpeed: -1
07-05 13:33:36.379   993   993 I PhoneLab-Locks: wake lock acquired
07-05 13:33:36.383   993   993 I PhoneLab-UploadLogs: Transfering log files now
07-05 13:33:36.398   156   325 W NetworkStats: dropping UID delta from unknown iface: iface=wlan0 uid=0 set=DEFAULT tag=0x0 rxBytes=216 rxPackets=3 txBytes=248 txPackets=4 operations=0
07-05 13:33:36.453   993   995 D dalvikvm: GC_CONCURRENT freed 412K, 18% free 9245K/11207K, paused 2ms+2ms
07-05 13:33:36.465   993   993 D dalvikvm: GC_FOR_ALLOC freed 241K, 16% free 9428K/11207K, paused 12ms
07-05 13:33:36.484   993   993 I PhoneLab-UploadLogs: OnStartCommand
07-05 13:33:36.492   993   995 D dalvikvm: GC_CONCURRENT freed 298K, 14% free 9641K/11207K, paused 2ms+2ms
07-05 13:33:36.519   993  2625 D dalvikvm: GC_FOR_ALLOC freed 311K, 14% free 9656K/11207K, paused 12ms
07-05 13:33:36.531   993  2625 D dalvikvm: GC_FOR_ALLOC freed 301K, 14% free 9657K/11207K, paused 12ms
07-05 13:33:36.547   993  2625 D dalvikvm: GC_FOR_ALLOC freed 301K, 14% free 9657K/11207K, paused 12ms
07-05 13:33:36.750   482   482 D SAN_SERVICE: *******************************************
07-05 13:33:36.750   482   482 D SAN_SERVICE: DM App Phone Service State - 0
07-05 13:33:36.750   482   482 D SAN_SERVICE: *******************************************
07-05 13:33:36.781   414   416 D dalvikvm: GC_CONCURRENT freed 540K, 38% free 10100K/16263K, paused 4ms+7ms
07-05 13:33:36.781   482   486 D dalvikvm: GC_CONCURRENT freed 410K, 7% free 9486K/10119K, paused 18ms+2ms
07-05 13:33:37.332   156   330 D ConnectivityService: NetTransition Wakelock for WifiStateMachine released by timeout
07-05 13:33:38.074   993  2625 W System.err: org.apache.http.client.ClientProtocolException
07-05 13:33:38.082   993  2625 W System.err: 	at org.apache.http.impl.client.AbstractHttpClient.execute(AbstractHttpClient.java:557)
07-05 13:33:38.082   993  2625 W System.err: 	at org.apache.http.impl.client.AbstractHttpClient.execute(AbstractHttpClient.java:487)
07-05 13:33:38.082   993  2625 W System.err: 	at com.loopj.android.http.AsyncHttpRequest.makeRequest(Unknown Source)
07-05 13:33:38.082   993  2625 W System.err: 	at com.loopj.android.http.AsyncHttpRequest.makeRequestWithRetries(Unknown Source)
07-05 13:33:38.082   993  2625 W System.err: 	at com.loopj.android.http.AsyncHttpRequest.run(Unknown Source)
07-05 13:33:38.086   993  2625 W System.err: 	at java.util.concurrent.Executors$RunnableAdapter.call(Executors.java:442)
07-05 13:33:38.086   993  2625 W System.err: 	at java.util.concurrent.FutureTask$Sync.innerRun(FutureTask.java:305)
07-05 13:33:38.086   993  2625 W System.err: 	at java.util.concurrent.FutureTask.run(FutureTask.java:137)
07-05 13:33:38.090   993  2625 W System.err: 	at java.util.concurrent.ThreadPoolExecutor.runWorker(ThreadPoolExecutor.java:1076)
07-05 13:33:38.090   993  2625 W System.err: 	at java.util.concurrent.ThreadPoolExecutor$Worker.run(ThreadPoolExecutor.java:569)
07-05 13:33:38.097   993  2625 W System.err: 	at java.lang.Thread.run(Thread.java:856)
07-05 13:33:38.097   993  2625 W System.err: Caused by: org.apache.http.client.NonRepeatableRequestException: Cannot retry request with a non-repeatable request entity
07-05 13:33:38.097   993  2625 W System.err: 	at org.apache.http.impl.client.DefaultRequestDirector.execute(DefaultRequestDirector.java:420)
07-05 13:33:38.101   993  2625 W System.err: 	at org.apache.http.impl.client.AbstractHttpClient.execute(AbstractHttpClient.java:555)
07-05 13:33:38.101   993  2625 W System.err: 	... 10 more
07-05 13:33:38.105   993   993 E PhoneLab-: Transfering 1341502082478.log failed
07-05 13:33:38.105   993   993 I PhoneLab-Locks: wake lock released
07-05 13:33:39.414   156   333 D Tethering: MasterInitialState.processMessage what=3
07-05 13:33:39.468   682   682 I GTalkService/c: [AndroidEndpoint@1095403848] connect: acct=1000001, state=CONNECTING
07-05 13:33:39.500  1086  1105 D PicasaSyncManager: active network: NetworkInfo: type: WIFI[], state: CONNECTED/CONNECTED, reason: (unspecified), extra: (none), roaming: false, failover: false, isAvailable: true
07-05 13:33:39.500  1086  1105 D PicasaSyncManager: background data: true
07-05 13:33:39.566  1190  1190 I MediaUploader: No need to wake up
07-05 13:33:39.609   414   416 D dalvikvm: GC_CONCURRENT freed 207K, 37% free 10372K/16263K, paused 2ms+2ms
07-05 13:33:39.703   156   330 D ConnectivityService: ConnectivityChange for mobile: CONNECTED/CONNECTED
07-05 13:33:39.730   156   330 D NetUtils: android_net_utils_resetConnections in env=0x6b2b60 clazz=0xe3800001 iface=rmnet0 mask=0x3
07-05 13:33:39.730   156   330 D ConnectivityService: ConnectivityChange for mobile: DISCONNECTED/DISCONNECTED
07-05 13:33:39.730   156   330 D ConnectivityService: Attempting to switch to WIFI
07-05 13:33:39.730   156   330 D ConnectivityService: Attempting to switch to WIMAX
07-05 13:33:39.730   156   330 D ConnectivityService: Attempting to switch to BLUETOOTH_TETHER
07-05 13:33:39.730   156   330 D ConnectivityService: resetConnections(rmnet0, 3)
07-05 13:33:39.855   414   416 D dalvikvm: GC_CONCURRENT freed 442K, 37% free 10383K/16263K, paused 1ms+2ms
07-05 13:33:40.160   545   548 D dalvikvm: GC_CONCURRENT freed 360K, 11% free 10491K/11719K, paused 2ms+3ms
07-05 13:33:40.422   545   548 D dalvikvm: GC_CONCURRENT freed 410K, 11% free 10471K/11719K, paused 2ms+3ms
07-05 13:33:40.664   545  2628 I DownloadManager: Initiating request for download 4130
07-05 13:33:40.668   545  2628 I DownloadManager: Skipping initiating request for download 4130; already completed
07-05 13:33:40.711   545  2630 I DownloadManager: Initiating request for download 4131
07-05 13:33:40.816   545   548 D dalvikvm: GC_CONCURRENT freed 387K, 11% free 10474K/11719K, paused 4ms+2ms
07-05 13:33:40.937   545   548 D dalvikvm: GC_CONCURRENT freed 172K, 9% free 10739K/11719K, paused 1ms+3ms
07-05 13:33:41.058   545   548 D dalvikvm: GC_CONCURRENT freed 432K, 9% free 10780K/11719K, paused 2ms+2ms
07-05 13:33:41.277  1370  2633 E DictionaryProvider:UpdateHandler: Can't read a file : android.util.MalformedJsonException: Use JsonReader.setLenient(true) to accept malformed JSON at line 1 column 20
07-05 13:33:41.324   156   158 D dalvikvm: GC_CONCURRENT freed 1092K, 12% free 14153K/16007K, paused 3ms+6ms
07-05 13:33:41.402  1370  1372 D dalvikvm: GC_CONCURRENT freed 357K, 7% free 9127K/9735K, paused 1ms+2ms
07-05 13:33:41.508   545   548 D dalvikvm: GC_CONCURRENT freed 749K, 11% free 10498K/11719K, paused 2ms+2ms
07-05 13:33:41.773   545   548 D dalvikvm: GC_CONCURRENT freed 417K, 11% free 10473K/11719K, paused 2ms+2ms
07-05 13:33:42.035   545  2636 D dalvikvm: GC_EXPLICIT freed 309K, 11% free 10512K/11719K, paused 2ms+3ms
07-05 13:33:42.039   545  2636 I DownloadManager: Initiating request for download 4131
07-05 13:33:42.160   545   548 D dalvikvm: GC_CONCURRENT freed 205K, 9% free 10752K/11719K, paused 2ms+3ms
07-05 13:33:42.281   545   548 D dalvikvm: GC_CONCURRENT freed 455K, 9% free 10775K/11719K, paused 1ms+2ms
07-05 13:33:42.605   545   548 D dalvikvm: GC_CONCURRENT freed 753K, 11% free 10486K/11719K, paused 2ms+4ms
07-05 13:33:42.742   156   333 D Tethering: MasterInitialState.processMessage what=3
07-05 13:33:42.758   156   333 D Tethering: MasterInitialState.processMessage what=3
07-05 13:33:42.773  1086  1105 D PicasaSyncManager: active network: NetworkInfo: type: WIFI[], state: CONNECTED/CONNECTED, reason: (unspecified), extra: (none), roaming: false, failover: false, isAvailable: true
07-05 13:33:42.785  1086  1105 D PicasaSyncManager: background data: true
07-05 13:33:42.832  1190  1190 I MediaUploader: No need to wake up
07-05 13:33:42.867  1086  1105 D PicasaSyncManager: active network: NetworkInfo: type: WIFI[], state: CONNECTED/CONNECTED, reason: (unspecified), extra: (none), roaming: false, failover: false, isAvailable: true
07-05 13:33:42.867  1086  1105 D PicasaSyncManager: background data: true
07-05 13:33:42.890   682   685 D dalvikvm: GC_CONCURRENT freed 509K, 9% free 10158K/11079K, paused 2ms+3ms
07-05 13:33:42.894  1190  1190 I MediaUploader: No need to wake up
07-05 13:33:43.101   545   548 D dalvikvm: GC_CONCURRENT freed 409K, 11% free 10467K/11719K, paused 2ms+2ms
07-05 13:33:43.281   545  2639 I DownloadManager: Initiating request for download 4132
07-05 13:33:43.379   545   548 D dalvikvm: GC_CONCURRENT freed 276K, 9% free 10669K/11719K, paused 3ms+3ms
07-05 13:33:43.500   545   548 D dalvikvm: GC_CONCURRENT freed 318K, 8% free 10835K/11719K, paused 2ms+3ms
07-05 13:33:43.711   545   548 D dalvikvm: GC_CONCURRENT freed 819K, 11% free 10499K/11719K, paused 2ms+2ms
07-05 13:33:43.754  1370  2641 E DictionaryProvider:UpdateHandler: Can't read a file : android.util.MalformedJsonException: Use JsonReader.setLenient(true) to accept malformed JSON at line 1 column 20
07-05 13:33:44.004   545   548 D dalvikvm: GC_CONCURRENT freed 403K, 11% free 10486K/11719K, paused 2ms+2ms
07-05 13:33:44.273   545   548 D dalvikvm: GC_CONCURRENT freed 412K, 11% free 10465K/11719K, paused 1ms+2ms
07-05 13:33:44.340   545  2644 I DownloadManager: Initiating request for download 4132
07-05 13:33:44.433   545   548 D dalvikvm: GC_CONCURRENT freed 201K, 9% free 10701K/11719K, paused 2ms+3ms
07-05 13:33:44.562   545   548 D dalvikvm: GC_CONCURRENT freed 314K, 8% free 10879K/11719K, paused 2ms+3ms
07-05 13:33:44.855   545   548 D dalvikvm: GC_CONCURRENT freed 885K, 11% free 10497K/11719K, paused 2ms+2ms
07-05 13:33:45.117   545   548 D dalvikvm: GC_CONCURRENT freed 414K, 11% free 10473K/11719K, paused 2ms+2ms
07-05 13:33:45.343   545  2647 I DownloadManager: Initiating request for download 4133
07-05 13:33:45.414   545   548 D dalvikvm: GC_CONCURRENT freed 357K, 11% free 10542K/11719K, paused 2ms+3ms
07-05 13:33:45.535   545   548 D dalvikvm: GC_CONCURRENT freed 204K, 9% free 10765K/11719K, paused 2ms+2ms
07-05 13:33:45.679   545   548 D dalvikvm: GC_CONCURRENT freed 451K, 8% free 10782K/11719K, paused 2ms+3ms
07-05 13:33:45.840  1370  2649 E DictionaryProvider:UpdateHandler: Can't read a file : android.util.MalformedJsonException: Use JsonReader.setLenient(true) to accept malformed JSON at line 1 column 20
07-05 13:33:46.019   545   548 D dalvikvm: GC_CONCURRENT freed 751K, 11% free 10499K/11719K, paused 2ms+3ms
07-05 13:33:46.320   545   548 D dalvikvm: GC_CONCURRENT freed 417K, 11% free 10472K/11719K, paused 2ms+3ms
07-05 13:33:46.480   545  2652 I DownloadManager: Initiating request for download 4133
07-05 13:33:46.566   545   548 D dalvikvm: GC_CONCURRENT freed 270K, 10% free 10654K/11719K, paused 2ms+3ms
07-05 13:33:46.679   545   548 D dalvikvm: GC_CONCURRENT freed 306K, 8% free 10825K/11719K, paused 2ms+2ms
07-05 13:33:46.879   545   548 D dalvikvm: GC_CONCURRENT freed 773K, 11% free 10534K/11719K, paused 2ms+3ms
07-05 13:33:47.156   545   548 D dalvikvm: GC_CONCURRENT freed 437K, 11% free 10487K/11719K, paused 1ms+2ms
07-05 13:33:47.429   545   548 D dalvikvm: GC_CONCURRENT freed 403K, 11% free 10470K/11719K, paused 1ms+2ms
07-05 13:33:47.539   545  2655 I DownloadManager: Initiating request for download 4134
07-05 13:33:47.629   545   548 D dalvikvm: GC_CONCURRENT freed 210K, 9% free 10700K/11719K, paused 2ms+2ms
07-05 13:33:47.758   545   548 D dalvikvm: GC_CONCURRENT freed 317K, 8% free 10875K/11719K, paused 1ms+3ms
07-05 13:33:47.941  1370  2657 E DictionaryProvider:UpdateHandler: Can't read a file : android.util.MalformedJsonException: Use JsonReader.setLenient(true) to accept malformed JSON at line 1 column 20
07-05 13:33:48.054   545   548 D dalvikvm: GC_CONCURRENT freed 865K, 11% free 10508K/11719K, paused 2ms+2ms
07-05 13:33:48.316   545   548 D dalvikvm: GC_CONCURRENT freed 419K, 11% free 10480K/11719K, paused 2ms+2ms
07-05 13:33:48.539   545  2660 I DownloadManager: Initiating request for download 4134
07-05 13:33:48.597   545   548 D dalvikvm: GC_CONCURRENT freed 384K, 11% free 10533K/11719K, paused 2ms+3ms
07-05 13:33:48.715   545   548 D dalvikvm: GC_CONCURRENT freed 200K, 9% free 10768K/11719K, paused 2ms+3ms
07-05 13:33:48.847   545   548 D dalvikvm: GC_CONCURRENT freed 462K, 8% free 10790K/11719K, paused 2ms+2ms
07-05 13:33:49.164   545   548 D dalvikvm: GC_CONCURRENT freed 763K, 11% free 10495K/11719K, paused 2ms+3ms
07-05 13:33:49.449   545   548 D dalvikvm: GC_CONCURRENT freed 405K, 11% free 10476K/11719K, paused 1ms+2ms
07-05 13:33:49.613   545  2663 I DownloadManager: Initiating request for download 4135
07-05 13:33:49.718   545   548 D dalvikvm: GC_CONCURRENT freed 284K, 9% free 10726K/11719K, paused 2ms+4ms
07-05 13:33:49.843   545   548 D dalvikvm: GC_CONCURRENT freed 365K, 8% free 10862K/11719K, paused 2ms+3ms
07-05 13:33:50.019  1370  2665 E DictionaryProvider:UpdateHandler: Can't read a file : android.util.MalformedJsonException: Use JsonReader.setLenient(true) to accept malformed JSON at line 1 column 20
07-05 13:33:50.129   465   467 D dalvikvm: GC_CONCURRENT freed 156K, 6% free 10490K/11079K, paused 2ms+3ms
07-05 13:33:50.144  1370  1372 D dalvikvm: GC_CONCURRENT freed 391K, 7% free 9127K/9735K, paused 1ms+2ms
07-05 13:33:50.175   545   548 D dalvikvm: GC_CONCURRENT freed 842K, 11% free 10513K/11719K, paused 2ms+2ms
07-05 13:33:50.433   545   548 D dalvikvm: GC_CONCURRENT freed 419K, 11% free 10484K/11719K, paused 2ms+2ms
07-05 13:33:50.687   545   548 D dalvikvm: GC_CONCURRENT freed 400K, 11% free 10470K/11719K, paused 2ms+2ms
07-05 13:33:50.769   156   530 D dalvikvm: GC_EXPLICIT freed 484K, 12% free 14097K/16007K, paused 3ms+5ms
07-05 13:33:50.777   545  2668 I DownloadManager: Initiating request for download 4135
07-05 13:33:50.902   545   548 D dalvikvm: GC_CONCURRENT freed 165K, 9% free 10741K/11719K, paused 2ms+3ms
07-05 13:33:51.027   545   548 D dalvikvm: GC_CONCURRENT freed 334K, 8% free 10889K/11719K, paused 2ms+3ms
07-05 13:33:51.336   545   548 D dalvikvm: GC_CONCURRENT freed 901K, 11% free 10490K/11719K, paused 1ms+2ms
07-05 13:33:51.597   545   548 D dalvikvm: GC_CONCURRENT freed 411K, 11% free 10469K/11719K, paused 2ms+2ms
07-05 13:33:51.808   545  2671 I DownloadManager: Initiating request for download 4136
07-05 13:33:51.894   545   548 D dalvikvm: GC_CONCURRENT freed 294K, 10% free 10621K/11719K, paused 2ms+3ms
07-05 13:33:52.011   545   548 D dalvikvm: GC_CONCURRENT freed 273K, 8% free 10806K/11719K, paused 2ms+3ms
07-05 13:33:52.183   545   548 D dalvikvm: GC_CONCURRENT freed 745K, 11% free 10535K/11719K, paused 2ms+3ms
07-05 13:33:52.297  1370  2673 E DictionaryProvider:UpdateHandler: Can't read a file : android.util.MalformedJsonException: Use JsonReader.setLenient(true) to accept malformed JSON at line 1 column 20
07-05 13:33:52.492   545   548 D dalvikvm: GC_CONCURRENT freed 430K, 11% free 10496K/11719K, paused 2ms+2ms
07-05 13:33:52.758   545   548 D dalvikvm: GC_CONCURRENT freed 415K, 11% free 10471K/11719K, paused 2ms+2ms
07-05 13:33:52.883   545  2676 I DownloadManager: Initiating request for download 4136
07-05 13:33:52.976   545   548 D dalvikvm: GC_CONCURRENT freed 249K, 10% free 10664K/11719K, paused 1ms+3ms
07-05 13:33:53.093   545   548 D dalvikvm: GC_CONCURRENT freed 306K, 8% free 10838K/11719K, paused 2ms+2ms
07-05 13:33:53.324   545   548 D dalvikvm: GC_CONCURRENT freed 822K, 11% free 10501K/11719K, paused 1ms+2ms
07-05 13:33:53.582   545   548 D dalvikvm: GC_CONCURRENT freed 406K, 11% free 10486K/11719K, paused 2ms+2ms
07-05 13:33:53.851   545   548 D dalvikvm: GC_CONCURRENT freed 407K, 11% free 10470K/11719K, paused 2ms+3ms
07-05 13:33:53.937   545  2680 I DownloadManager: Initiating request for download 4137
07-05 13:33:54.039   545   548 D dalvikvm: GC_CONCURRENT freed 195K, 9% free 10712K/11719K, paused 2ms+3ms
07-05 13:33:54.168   545   548 D dalvikvm: GC_CONCURRENT freed 323K, 8% free 10885K/11719K, paused 1ms+2ms
07-05 13:33:54.347  1370  2682 E DictionaryProvider:UpdateHandler: Can't read a file : android.util.MalformedJsonException: Use JsonReader.setLenient(true) to accept malformed JSON at line 1 column 20
07-05 13:33:54.480   545   548 D dalvikvm: GC_CONCURRENT freed 881K, 11% free 10503K/11719K, paused 2ms+3ms
07-05 13:33:54.761   545   548 D dalvikvm: GC_CONCURRENT freed 414K, 11% free 10480K/11719K, paused 2ms+2ms
07-05 13:33:55.019   545   548 D dalvikvm: GC_CONCURRENT freed 371K, 11% free 10508K/11719K, paused 1ms+2ms
07-05 13:33:55.019   545  2685 I DownloadManager: Initiating request for download 4137
07-05 13:33:55.172   545   548 D dalvikvm: GC_CONCURRENT freed 223K, 8% free 10784K/11719K, paused 2ms+3ms
07-05 13:33:55.308   545   548 D dalvikvm: GC_CONCURRENT freed 467K, 8% free 10788K/11719K, paused 2ms+2ms
07-05 13:33:55.621   545   548 D dalvikvm: GC_CONCURRENT freed 761K, 11% free 10493K/11719K, paused 2ms+2ms
07-05 13:33:55.890   545   548 D dalvikvm: GC_CONCURRENT freed 409K, 11% free 10474K/11719K, paused 2ms+2ms
07-05 13:33:56.035   545  2688 I DownloadManager: Initiating request for download 4138
07-05 13:33:56.129   545   548 D dalvikvm: GC_CONCURRENT freed 247K, 9% free 10671K/11719K, paused 1ms+3ms
07-05 13:33:56.258   545   548 D dalvikvm: GC_CONCURRENT freed 307K, 8% free 10842K/11719K, paused 2ms+3ms
07-05 13:33:56.468   545   548 D dalvikvm: GC_CONCURRENT freed 822K, 11% free 10508K/11719K, paused 2ms+2ms
07-05 13:33:56.504  1370  2690 E DictionaryProvider:UpdateHandler: Can't read a file : android.util.MalformedJsonException: Use JsonReader.setLenient(true) to accept malformed JSON at line 1 column 20
07-05 13:33:56.769   545   548 D dalvikvm: GC_CONCURRENT freed 403K, 11% free 10496K/11719K, paused 2ms+3ms
07-05 13:33:57.043   545   548 D dalvikvm: GC_CONCURRENT freed 411K, 11% free 10480K/11719K, paused 2ms+2ms
07-05 13:33:57.109   545  2693 I DownloadManager: Initiating request for download 4138
07-05 13:33:57.234   545   548 D dalvikvm: GC_CONCURRENT freed 205K, 9% free 10740K/11719K, paused 1ms+3ms
07-05 13:33:57.359   545   548 D dalvikvm: GC_CONCURRENT freed 366K, 8% free 10893K/11719K, paused 1ms+3ms
07-05 13:33:57.644   545   548 D dalvikvm: GC_CONCURRENT freed 892K, 11% free 10500K/11719K, paused 2ms+2ms
07-05 13:33:57.914   545   548 D dalvikvm: GC_CONCURRENT freed 409K, 11% free 10482K/11719K, paused 2ms+2ms
07-05 13:33:58.113   545  2696 I DownloadManager: Initiating request for download 4139
07-05 13:33:58.187   545   548 D dalvikvm: GC_CONCURRENT freed 323K, 10% free 10640K/11719K, paused 2ms+3ms
07-05 13:33:58.304   545   548 D dalvikvm: GC_CONCURRENT freed 282K, 8% free 10823K/11719K, paused 2ms+3ms
07-05 13:33:58.476   545   548 D dalvikvm: GC_CONCURRENT freed 759K, 10% free 10548K/11719K, paused 2ms+3ms
07-05 13:33:58.539  1370  2698 E DictionaryProvider:UpdateHandler: Can't read a file : android.util.MalformedJsonException: Use JsonReader.setLenient(true) to accept malformed JSON at line 1 column 20
07-05 13:33:58.609  1370  1372 D dalvikvm: GC_CONCURRENT freed 388K, 7% free 9127K/9735K, paused 1ms+2ms
07-05 13:33:58.804   545   548 D dalvikvm: GC_CONCURRENT freed 435K, 11% free 10503K/11719K, paused 2ms+3ms
07-05 13:33:59.074   545   548 D dalvikvm: GC_CONCURRENT freed 415K, 11% free 10479K/11719K, paused 2ms+3ms
07-05 13:33:59.187   545  2701 I DownloadManager: Initiating request for download 4139
07-05 13:33:59.281   545   548 D dalvikvm: GC_CONCURRENT freed 220K, 9% free 10670K/11719K, paused 2ms+3ms
07-05 13:33:59.406   545   548 D dalvikvm: GC_CONCURRENT freed 299K, 8% free 10839K/11719K, paused 2ms+3ms
07-05 13:33:59.597   545   548 D dalvikvm: GC_CONCURRENT freed 780K, 11% free 10545K/11719K, paused 1ms+2ms
07-05 13:33:59.867   545   548 D dalvikvm: GC_CONCURRENT freed 440K, 11% free 10495K/11719K, paused 2ms+2ms
07-05 13:34:00.160   545   548 D dalvikvm: GC_CONCURRENT freed 408K, 11% free 10478K/11719K, paused 1ms+2ms
07-05 13:34:00.289   545  2704 I DownloadManager: Initiating request for download 4140
07-05 13:34:00.402   545   548 D dalvikvm: GC_CONCURRENT freed 206K, 9% free 10708K/11719K, paused 2ms+3ms
07-05 13:34:00.527   545   548 D dalvikvm: GC_CONCURRENT freed 330K, 8% free 10877K/11719K, paused 2ms+2ms
07-05 13:34:00.715  1370  2706 E DictionaryProvider:UpdateHandler: Can't read a file : android.util.MalformedJsonException: Use JsonReader.setLenient(true) to accept malformed JSON at line 1 column 20
07-05 13:34:00.812   545   548 D dalvikvm: GC_CONCURRENT freed 861K, 11% free 10517K/11719K, paused 2ms+3ms
07-05 13:34:01.078   545   548 D dalvikvm: GC_CONCURRENT freed 420K, 11% free 10487K/11719K, paused 2ms+3ms
07-05 13:34:01.312   545  2709 I DownloadManager: Initiating request for download 4140
07-05 13:34:01.367   545   548 D dalvikvm: GC_CONCURRENT freed 388K, 11% free 10486K/11719K, paused 2ms+3ms
07-05 13:34:01.496   545   548 D dalvikvm: GC_CONCURRENT freed 162K, 9% free 10750K/11719K, paused 2ms+3ms
07-05 13:34:01.625   545   548 D dalvikvm: GC_CONCURRENT freed 314K, 7% free 10906K/11719K, paused 2ms+3ms
07-05 13:34:01.945   545   548 D dalvikvm: GC_CONCURRENT freed 908K, 11% free 10504K/11719K, paused 1ms+2ms
07-05 13:34:02.211   545   548 D dalvikvm: GC_CONCURRENT freed 410K, 11% free 10485K/11719K, paused 1ms+2ms
07-05 13:34:02.394   993  1240 I PhoneLab-: Service Running
07-05 13:34:02.410   545  2712 I DownloadManager: Initiating request for download 4141
07-05 13:34:02.437   993  1240 I PhoneLab-LoggerService: app_49    1247  993   1956   1584  c00ab7c8 40010474 D logcat
07-05 13:34:02.437   993  1240 I PhoneLab-LoggerService: Logcat pid from database 1247
07-05 13:34:02.437   993  1240 I PhoneLab-LoggerService: Logcat process found 1247
07-05 13:34:02.437   993  1240 I PhoneLab-LoggerService: Checking Threshold
07-05 13:34:02.441   993  1240 I PhoneLab-LoggerService: Starting to rename files
07-05 13:34:02.441   993  1240 I PhoneLab-LoggerService: Files found .. 36
07-05 13:34:02.465   993   995 D dalvikvm: GC_CONCURRENT freed 951K, 19% free 9147K/11207K, paused 2ms+2ms
07-05 13:34:02.535   545   548 D dalvikvm: GC_CONCURRENT freed 305K, 10% free 10637K/11719K, paused 1ms+3ms
07-05 13:34:02.656   545   548 D dalvikvm: GC_CONCURRENT freed 277K, 8% free 10824K/11719K, paused 2ms+2ms
07-05 13:34:02.828   545   548 D dalvikvm: GC_CONCURRENT freed 755K, 10% free 10552K/11719K, paused 2ms+3ms
07-05 13:34:02.886  1370  2715 E DictionaryProvider:UpdateHandler: Can't read a file : android.util.MalformedJsonException: Use JsonReader.setLenient(true) to accept malformed JSON at line 1 column 20
07-05 13:34:03.133   545   548 D dalvikvm: GC_CONCURRENT freed 433K, 11% free 10510K/11719K, paused 2ms+2ms
07-05 13:34:03.398   545   548 D dalvikvm: GC_CONCURRENT freed 410K, 11% free 10486K/11719K, paused 2ms+3ms
07-05 13:34:03.539   545  2718 I DownloadManager: Initiating request for download 4141
07-05 13:34:03.636   545   548 D dalvikvm: GC_CONCURRENT freed 250K, 9% free 10678K/11719K, paused 2ms+3ms
07-05 13:34:03.758   545   548 D dalvikvm: GC_CONCURRENT freed 320K, 8% free 10847K/11719K, paused 2ms+3ms
07-05 13:34:03.957   545   548 D dalvikvm: GC_CONCURRENT freed 788K, 11% free 10546K/11719K, paused 2ms+3ms
07-05 13:34:04.218   545   548 D dalvikvm: GC_CONCURRENT freed 404K, 11% free 10533K/11719K, paused 2ms+2ms
07-05 13:34:04.488   545   548 D dalvikvm: GC_CONCURRENT freed 403K, 11% free 10521K/11719K, paused 2ms+3ms
07-05 13:34:05.621   545  2720 I DownloadManager: Initiating request for download 4142
07-05 13:34:05.738   545   548 D dalvikvm: GC_CONCURRENT freed 206K, 9% free 10723K/11719K, paused 2ms+3ms
07-05 13:34:05.863   545   548 D dalvikvm: GC_CONCURRENT freed 318K, 8% free 10897K/11719K, paused 2ms+3ms
07-05 13:34:06.070  1370  2723 E DictionaryProvider:UpdateHandler: Can't read a file : android.util.MalformedJsonException: Use JsonReader.setLenient(true) to accept malformed JSON at line 1 column 20
07-05 13:34:06.168   545   548 D dalvikvm: GC_CONCURRENT freed 875K, 11% free 10525K/11719K, paused 2ms+3ms
07-05 13:34:06.441   545   548 D dalvikvm: GC_CONCURRENT freed 421K, 11% free 10500K/11719K, paused 1ms+2ms
07-05 13:34:06.675   545  2726 I DownloadManager: Initiating request for download 4142
07-05 13:34:06.726   545   548 D dalvikvm: GC_CONCURRENT freed 399K, 11% free 10527K/11719K, paused 2ms+3ms
07-05 13:34:06.859   545   548 D dalvikvm: GC_CONCURRENT freed 188K, 9% free 10775K/11719K, paused 1ms+3ms
07-05 13:34:06.984   545   548 D dalvikvm: GC_CONCURRENT freed 453K, 8% free 10807K/11719K, paused 2ms+3ms
07-05 13:34:07.281   545   548 D dalvikvm: GC_CONCURRENT freed 769K, 11% free 10510K/11719K, paused 2ms+2ms
07-05 13:34:07.550   545   548 D dalvikvm: GC_CONCURRENT freed 406K, 11% free 10495K/11719K, paused 1ms+2ms
07-05 13:34:07.730   545  2729 I DownloadManager: Initiating request for download 4143
07-05 13:34:07.820   545   548 D dalvikvm: GC_CONCURRENT freed 293K, 10% free 10656K/11719K, paused 2ms+3ms
07-05 13:34:07.945   545   548 D dalvikvm: GC_CONCURRENT freed 297K, 8% free 10838K/11719K, paused 2ms+2ms
07-05 13:34:08.113   545   548 D dalvikvm: GC_CONCURRENT freed 770K, 10% free 10554K/11719K, paused 1ms+3ms
07-05 13:34:08.379   545   548 D dalvikvm: GC_CONCURRENT freed 403K, 11% free 10541K/11719K, paused 2ms+2ms
07-05 13:34:08.648   545   548 D dalvikvm: GC_CONCURRENT freed 405K, 11% free 10527K/11719K, paused 1ms+3ms
07-05 13:34:09.590  1370  2732 E DictionaryProvider:UpdateHandler: Can't read a file : android.util.MalformedJsonException: Use JsonReader.setLenient(true) to accept malformed JSON at line 1 column 20
07-05 13:34:09.672  1370  1372 D dalvikvm: GC_CONCURRENT freed 389K, 7% free 9126K/9735K, paused 2ms+2ms
07-05 13:34:09.765   545   548 D dalvikvm: GC_CONCURRENT freed 388K, 11% free 10530K/11719K, paused 1ms+2ms
07-05 13:34:10.031   545   548 D dalvikvm: GC_CONCURRENT freed 421K, 11% free 10499K/11719K, paused 1ms+2ms
07-05 13:34:10.320   545   548 D dalvikvm: GC_CONCURRENT freed 403K, 11% free 10494K/11719K, paused 1ms+2ms
07-05 13:34:10.402   545  2735 I DownloadManager: Initiating request for download 4143
07-05 13:34:10.402   545  2735 W DownloadManager: Aborting request for download 4143: Trying to resume a download that can't be resumed
07-05 13:34:10.672   545   548 D dalvikvm: GC_CONCURRENT freed 364K, 11% free 10520K/11719K, paused 2ms+2ms
07-05 13:34:10.945   545   548 D dalvikvm: GC_CONCURRENT freed 409K, 11% free 10502K/11719K, paused 2ms+3ms
07-05 13:34:11.226   545   548 D dalvikvm: GC_CONCURRENT freed 405K, 11% free 10487K/11719K, paused 1ms+2ms
07-05 13:34:11.394   156   512 D dalvikvm: GC_EXPLICIT freed 524K, 12% free 14095K/16007K, paused 2ms+6ms
07-05 13:34:11.398   545  2738 I DownloadManager: Initiating request for download 4144
07-05 13:34:11.500   545   548 D dalvikvm: GC_CONCURRENT freed 188K, 9% free 10739K/11719K, paused 1ms+3ms
07-05 13:34:11.633   545   548 D dalvikvm: GC_CONCURRENT freed 350K, 7% free 10903K/11719K, paused 1ms+4ms
07-05 13:34:11.812  1370  2740 E DictionaryProvider:UpdateHandler: Can't read a file : android.util.MalformedJsonException: Use JsonReader.setLenient(true) to accept malformed JSON at line 1 column 20
07-05 13:34:11.972   545   548 D dalvikvm: GC_CONCURRENT freed 901K, 11% free 10507K/11719K, paused 2ms+2ms
07-05 13:34:12.242   545   548 D dalvikvm: GC_CONCURRENT freed 414K, 11% free 10483K/11719K, paused 2ms+2ms
07-05 13:34:12.445   545  2743 I DownloadManager: Initiating request for download 4144
07-05 13:34:12.508   545   548 D dalvikvm: GC_CONCURRENT freed 347K, 11% free 10545K/11719K, paused 2ms+3ms
07-05 13:34:12.840   545   548 D dalvikvm: GC_CONCURRENT freed 403K, 11% free 10532K/11719K, paused 2ms+2ms
07-05 13:34:13.097   545   548 D dalvikvm: GC_CONCURRENT freed 404K, 11% free 10519K/11719K, paused 2ms+2ms
07-05 13:34:13.304   545  2745 I DownloadManager: Initiating request for download 4145
07-05 13:34:13.441   545   548 D dalvikvm: GC_CONCURRENT freed 343K, 10% free 10562K/11719K, paused 2ms+3ms
07-05 13:34:13.707   545   548 D dalvikvm: GC_CONCURRENT freed 411K, 11% free 10543K/11719K, paused 2ms+2ms
07-05 13:34:13.980   545   548 D dalvikvm: GC_CONCURRENT freed 403K, 11% free 10531K/11719K, paused 2ms+2ms
07-05 13:34:15.730   545   548 D dalvikvm: GC_CONCURRENT freed 310K, 10% free 10662K/11719K, paused 2ms+3ms
07-05 13:34:15.828   545   548 D dalvikvm: GC_CONCURRENT freed 293K, 8% free 10832K/11719K, paused 2ms+3ms
07-05 13:34:16.043   545  2747 D dalvikvm: GC_EXPLICIT freed 611K, 10% free 10575K/11719K, paused 5ms+3ms
07-05 13:34:16.355   545   548 D dalvikvm: GC_CONCURRENT freed 437K, 11% free 10536K/11719K, paused 1ms+2ms
07-05 13:34:16.621   545   548 D dalvikvm: GC_CONCURRENT freed 407K, 11% free 10519K/11719K, paused 2ms+2ms
07-05 13:34:16.937   545   548 D dalvikvm: GC_CONCURRENT freed 361K, 10% free 10549K/11719K, paused 2ms+2ms
07-05 13:34:17.203   545   548 D dalvikvm: GC_CONCURRENT freed 409K, 11% free 10531K/11719K, paused 2ms+2ms
07-05 13:34:17.500   545   548 D dalvikvm: GC_CONCURRENT freed 404K, 11% free 10517K/11719K, paused 2ms+3ms
07-05 13:34:22.691   545   548 D dalvikvm: GC_CONCURRENT freed 306K, 10% free 10648K/11719K, paused 2ms+3ms
07-05 13:34:22.777   545   548 D dalvikvm: GC_CONCURRENT freed 296K, 8% free 10821K/11719K, paused 2ms+3ms
07-05 13:34:22.996  1370  2750 E DictionaryProvider:UpdateHandler: Can't read a file : android.util.MalformedJsonException: Use JsonReader.setLenient(true) to accept malformed JSON at line 1 column 20
07-05 13:34:23.144   545   548 D dalvikvm: GC_CONCURRENT freed 784K, 11% free 10515K/11719K, paused 1ms+2ms
07-05 13:34:23.406   545   548 D dalvikvm: GC_CONCURRENT freed 412K, 11% free 10491K/11719K, paused 1ms+2ms
07-05 13:34:23.668   545   548 D dalvikvm: GC_CONCURRENT freed 399K, 11% free 10479K/11719K, paused 2ms+2ms
07-05 13:34:23.758   545  2753 I DownloadManager: Initiating request for download 4145
07-05 13:34:23.758   545  2753 W DownloadManager: Aborting request for download 4145: Trying to resume a download that can't be resumed
07-05 13:34:24.047   545   548 D dalvikvm: GC_CONCURRENT freed 358K, 11% free 10512K/11719K, paused 2ms+2ms
07-05 13:34:24.312   545   548 D dalvikvm: GC_CONCURRENT freed 412K, 11% free 10490K/11719K, paused 1ms+2ms
07-05 13:34:24.582   545   548 D dalvikvm: GC_CONCURRENT freed 403K, 11% free 10478K/11719K, paused 2ms+3ms
07-05 13:34:24.687   545  2756 I DownloadManager: Initiating request for download 4146
07-05 13:34:24.945   545   548 D dalvikvm: GC_CONCURRENT freed 346K, 11% free 10522K/11719K, paused 2ms+2ms
07-05 13:34:25.211   545   548 D dalvikvm: GC_CONCURRENT freed 410K, 11% free 10502K/11719K, paused 2ms+2ms
07-05 13:34:25.484   545   548 D dalvikvm: GC_CONCURRENT freed 404K, 11% free 10488K/11719K, paused 1ms+3ms
07-05 13:34:26.008   545   548 D dalvikvm: GC_CONCURRENT freed 215K, 9% free 10710K/11719K, paused 1ms+2ms
07-05 13:34:26.090   545   548 D dalvikvm: GC_CONCURRENT freed 423K, 9% free 10743K/11719K, paused 2ms+2ms
07-05 13:34:26.340  1370  2759 E DictionaryProvider:UpdateHandler: Can't read a file : android.util.MalformedJsonException: Use JsonReader.setLenient(true) to accept malformed JSON at line 1 column 20
07-05 13:34:26.527   545   548 D dalvikvm: GC_CONCURRENT freed 682K, 11% free 10515K/11719K, paused 2ms+3ms
07-05 13:34:26.793   545   548 D dalvikvm: GC_CONCURRENT freed 414K, 11% free 10491K/11719K, paused 2ms+2ms
07-05 13:34:27.047   545   548 D dalvikvm: GC_CONCURRENT freed 402K, 11% free 10478K/11719K, paused 2ms+2ms
07-05 13:34:27.066   545  2762 I DownloadManager: Initiating request for download 4146
07-05 13:34:27.066   545  2762 W DownloadManager: Aborting request for download 4146: Trying to resume a download that can't be resumed
07-05 13:34:27.414   545   548 D dalvikvm: GC_CONCURRENT freed 352K, 11% free 10514K/11719K, paused 1ms+3ms
07-05 13:34:27.679   545   548 D dalvikvm: GC_CONCURRENT freed 409K, 11% free 10491K/11719K, paused 1ms+3ms
07-05 13:34:27.933   545  2765 I DownloadManager: Initiating request for download 4147
07-05 13:34:28.008   545   548 D dalvikvm: GC_CONCURRENT freed 399K, 11% free 10531K/11719K, paused 2ms+6ms
07-05 13:34:28.129   545   548 D dalvikvm: GC_CONCURRENT freed 193K, 9% free 10775K/11719K, paused 2ms+2ms
07-05 13:34:28.265   545   548 D dalvikvm: GC_CONCURRENT freed 453K, 8% free 10808K/11719K, paused 2ms+3ms
07-05 13:34:28.425  1370  2767 E DictionaryProvider:UpdateHandler: Can't read a file : android.util.MalformedJsonException: Use JsonReader.setLenient(true) to accept malformed JSON at line 1 column 20
07-05 13:34:28.496  1370  1372 D dalvikvm: GC_CONCURRENT freed 391K, 7% free 9127K/9735K, paused 2ms+2ms
07-05 13:34:28.633   545   548 D dalvikvm: GC_CONCURRENT freed 772K, 11% free 10511K/11719K, paused 2ms+2ms
07-05 13:34:28.902   545   548 D dalvikvm: GC_CONCURRENT freed 411K, 11% free 10489K/11719K, paused 1ms+2ms
07-05 13:34:29.058   545  2770 I DownloadManager: Initiating request for download 4147
07-05 13:34:29.156   545   548 D dalvikvm: GC_CONCURRENT freed 287K, 10% free 10660K/11719K, paused 2ms+3ms
07-05 13:34:29.273   545   548 D dalvikvm: GC_CONCURRENT freed 307K, 8% free 10833K/11719K, paused 2ms+2ms
07-05 13:34:29.449   545   548 D dalvikvm: GC_CONCURRENT freed 765K, 10% free 10552K/11719K, paused 2ms+2ms
07-05 13:34:29.726   545   548 D dalvikvm: GC_CONCURRENT freed 431K, 11% free 10507K/11719K, paused 2ms+2ms
07-05 13:34:30.000   545   548 D dalvikvm: GC_CONCURRENT freed 411K, 11% free 10487K/11719K, paused 1ms+2ms
07-05 13:34:30.133   545  2773 I DownloadManager: Initiating request for download 4148
07-05 13:34:30.250   545   548 D dalvikvm: GC_CONCURRENT freed 222K, 9% free 10698K/11719K, paused 2ms+3ms
07-05 13:34:30.363   545   548 D dalvikvm: GC_CONCURRENT freed 330K, 8% free 10859K/11719K, paused 2ms+3ms
07-05 13:34:30.578   545   548 D dalvikvm: GC_CONCURRENT freed 833K, 11% free 10519K/11719K, paused 1ms+3ms
07-05 13:34:30.613  1370  2775 E DictionaryProvider:UpdateHandler: Can't read a file : android.util.MalformedJsonException: Use JsonReader.setLenient(true) to accept malformed JSON at line 1 column 20
07-05 13:34:30.883   545   548 D dalvikvm: GC_CONCURRENT freed 400K, 11% free 10512K/11719K, paused 2ms+2ms
07-05 13:34:31.144   545   548 D dalvikvm: GC_CONCURRENT freed 415K, 11% free 10487K/11719K, paused 2ms+2ms
07-05 13:34:31.211   545  2778 I DownloadManager: Initiating request for download 4148
07-05 13:34:31.328   545   548 D dalvikvm: GC_CONCURRENT freed 188K, 9% free 10735K/11719K, paused 2ms+3ms
07-05 13:34:31.457   545   548 D dalvikvm: GC_CONCURRENT freed 336K, 7% free 10915K/11719K, paused 2ms+3ms
07-05 13:34:31.730   545   548 D dalvikvm: GC_CONCURRENT freed 874K, 10% free 10554K/11719K, paused 2ms+2ms
07-05 13:34:31.992   545   548 D dalvikvm: GC_CONCURRENT freed 411K, 11% free 10534K/11719K, paused 2ms+2ms
07-05 13:34:32.609   545  2780 I DownloadManager: Initiating request for download 4149
07-05 13:34:32.707   545   548 D dalvikvm: GC_CONCURRENT freed 371K, 10% free 10659K/11719K, paused 2ms+3ms
07-05 13:34:32.828   545   548 D dalvikvm: GC_CONCURRENT freed 293K, 8% free 10838K/11719K, paused 2ms+3ms
07-05 13:34:33.023   545   548 D dalvikvm: GC_CONCURRENT freed 771K, 10% free 10557K/11719K, paused 2ms+2ms
07-05 13:34:33.101  1370  2783 E DictionaryProvider:UpdateHandler: Can't read a file : android.util.MalformedJsonException: Use JsonReader.setLenient(true) to accept malformed JSON at line 1 column 20
07-05 13:34:33.332   545   548 D dalvikvm: GC_CONCURRENT freed 431K, 11% free 10516K/11719K, paused 2ms+3ms
07-05 13:34:33.621   545   548 D dalvikvm: GC_CONCURRENT freed 409K, 11% free 10493K/11719K, paused 2ms+3ms
07-05 13:34:33.754   545  2786 I DownloadManager: Initiating request for download 4149
07-05 13:34:33.843   545   548 D dalvikvm: GC_CONCURRENT freed 240K, 9% free 10687K/11719K, paused 2ms+3ms
07-05 13:34:33.972   545   548 D dalvikvm: GC_CONCURRENT freed 311K, 8% free 10872K/11719K, paused 2ms+3ms
07-05 13:34:34.183   545   548 D dalvikvm: GC_CONCURRENT freed 813K, 10% free 10555K/11719K, paused 2ms+2ms
07-05 13:34:34.457   545   548 D dalvikvm: GC_CONCURRENT freed 439K, 11% free 10507K/11719K, paused 2ms+2ms
07-05 13:34:34.726   545   548 D dalvikvm: GC_CONCURRENT freed 407K, 11% free 10491K/11719K, paused 2ms+3ms
07-05 13:34:34.828   545  2789 I DownloadManager: Initiating request for download 4150
07-05 13:34:34.945   545   548 D dalvikvm: GC_CONCURRENT freed 193K, 8% free 10789K/11719K, paused 2ms+3ms
07-05 13:34:35.070   545   548 D dalvikvm: GC_CONCURRENT freed 367K, 7% free 10922K/11719K, paused 2ms+2ms
07-05 13:34:35.250  1370  2791 E DictionaryProvider:UpdateHandler: Can't read a file : android.util.MalformedJsonException: Use JsonReader.setLenient(true) to accept malformed JSON at line 1 column 20
07-05 13:34:35.410   545   548 D dalvikvm: GC_CONCURRENT freed 906K, 11% free 10530K/11719K, paused 2ms+3ms
07-05 13:34:35.675   545   548 D dalvikvm: GC_CONCURRENT freed 416K, 11% free 10500K/11719K, paused 1ms+2ms
07-05 13:34:35.863   545  2794 I DownloadManager: Initiating request for download 4150
07-05 13:34:35.929   545   548 D dalvikvm: GC_CONCURRENT freed 334K, 10% free 10568K/11719K, paused 2ms+2ms
07-05 13:34:36.039   545   548 D dalvikvm: GC_CONCURRENT freed 209K, 8% free 10799K/11719K, paused 2ms+3ms
07-05 13:34:36.179   545   548 D dalvikvm: GC_CONCURRENT freed 476K, 8% free 10815K/11719K, paused 1ms+3ms
07-05 13:34:36.496   545   548 D dalvikvm: GC_CONCURRENT freed 775K, 11% free 10516K/11719K, paused 2ms+2ms
07-05 13:34:36.758   545   548 D dalvikvm: GC_CONCURRENT freed 411K, 11% free 10496K/11719K, paused 2ms+2ms
07-05 13:34:36.922   545  2797 I DownloadManager: Initiating request for download 4151
07-05 13:34:37.027   545   548 D dalvikvm: GC_CONCURRENT freed 244K, 9% free 10742K/11719K, paused 2ms+2ms
07-05 13:34:37.156   545   548 D dalvikvm: GC_CONCURRENT freed 360K, 8% free 10889K/11719K, paused 2ms+2ms
07-05 13:34:37.340  1370  2799 E DictionaryProvider:UpdateHandler: Can't read a file : android.util.MalformedJsonException: Use JsonReader.setLenient(true) to accept malformed JSON at line 1 column 20
07-05 13:34:37.429  1370  1372 D dalvikvm: GC_CONCURRENT freed 388K, 7% free 9126K/9735K, paused 2ms+5ms
07-05 13:34:37.461   545   548 D dalvikvm: GC_CONCURRENT freed 854K, 11% free 10537K/11719K, paused 2ms+2ms
07-05 13:34:37.718   545   548 D dalvikvm: GC_CONCURRENT freed 416K, 11% free 10509K/11719K, paused 2ms+2ms
07-05 13:34:37.996   545   548 D dalvikvm: GC_CONCURRENT freed 406K, 11% free 10493K/11719K, paused 2ms+3ms
07-05 13:34:38.043   545  2802 I DownloadManager: Initiating request for download 4151
07-05 13:34:38.148   545   548 D dalvikvm: GC_CONCURRENT freed 181K, 9% free 10750K/11719K, paused 2ms+3ms
07-05 13:34:38.277   545   548 D dalvikvm: GC_CONCURRENT freed 332K, 7% free 10926K/11719K, paused 2ms+3ms
07-05 13:34:38.570   545   548 D dalvikvm: GC_CONCURRENT freed 919K, 11% free 10521K/11719K, paused 2ms+3ms
07-05 13:34:38.847   545   548 D dalvikvm: GC_CONCURRENT freed 409K, 11% free 10503K/11719K, paused 2ms+3ms
07-05 13:34:39.070   545  2805 I DownloadManager: Initiating request for download 4152
07-05 13:34:39.140   545   548 D dalvikvm: GC_CONCURRENT freed 332K, 10% free 10574K/11719K, paused 2ms+2ms
07-05 13:34:39.254   545   548 D dalvikvm: GC_CONCURRENT freed 216K, 8% free 10806K/11719K, paused 2ms+3ms
07-05 13:34:39.394   545   548 D dalvikvm: GC_CONCURRENT freed 482K, 8% free 10825K/11719K, paused 2ms+2ms
07-05 13:34:39.640   156   628 D dalvikvm: GC_EXPLICIT freed 487K, 12% free 14091K/16007K, paused 2ms+6ms
07-05 13:34:39.640  1370  2807 E DictionaryProvider:UpdateHandler: Can't read a file : android.util.MalformedJsonException: Use JsonReader.setLenient(true) to accept malformed JSON at line 1 column 20
07-05 13:34:39.820   545   548 D dalvikvm: GC_CONCURRENT freed 774K, 11% free 10531K/11719K, paused 2ms+3ms
07-05 13:34:40.090   545   548 D dalvikvm: GC_CONCURRENT freed 436K, 11% free 10485K/11719K, paused 2ms+2ms
07-05 13:34:40.222   545  2810 I DownloadManager: Initiating request for download 4152
07-05 13:34:40.316   545   548 D dalvikvm: GC_CONCURRENT freed 251K, 9% free 10679K/11719K, paused 1ms+3ms
07-05 13:34:40.433   545   548 D dalvikvm: GC_CONCURRENT freed 308K, 8% free 10856K/11719K, paused 2ms+3ms
07-05 13:34:40.648   545   548 D dalvikvm: GC_CONCURRENT freed 800K, 10% free 10550K/11719K, paused 2ms+2ms
07-05 13:34:40.925   545   548 D dalvikvm: GC_CONCURRENT freed 437K, 11% free 10503K/11719K, paused 2ms+2ms
07-05 13:34:41.191   545   548 D dalvikvm: GC_CONCURRENT freed 411K, 11% free 10483K/11719K, paused 2ms+2ms
07-05 13:34:41.336   545  2813 I DownloadManager: Initiating request for download 4153
07-05 13:34:41.484   545   548 D dalvikvm: GC_CONCURRENT freed 206K, 9% free 10717K/11719K, paused 2ms+2ms
07-05 13:34:41.609   545   548 D dalvikvm: GC_CONCURRENT freed 302K, 8% free 10881K/11719K, paused 2ms+3ms
07-05 13:34:41.859  1370  2815 E DictionaryProvider:UpdateHandler: Can't read a file : android.util.MalformedJsonException: Use JsonReader.setLenient(true) to accept malformed JSON at line 1 column 20
07-05 13:34:41.886   545   548 D dalvikvm: GC_CONCURRENT freed 873K, 11% free 10529K/11719K, paused 2ms+2ms
07-05 13:34:42.156   545   548 D dalvikvm: GC_CONCURRENT freed 423K, 11% free 10496K/11719K, paused 1ms+2ms
07-05 13:34:42.425   545   548 D dalvikvm: GC_CONCURRENT freed 404K, 11% free 10483K/11719K, paused 1ms+3ms
07-05 13:34:42.461   545  2818 I DownloadManager: Initiating request for download 4153
07-05 13:34:42.566   545   548 D dalvikvm: GC_CONCURRENT freed 170K, 9% free 10768K/11719K, paused 1ms+3ms
07-05 13:34:42.691   545   548 D dalvikvm: GC_CONCURRENT freed 440K, 8% free 10811K/11719K, paused 2ms+2ms
07-05 13:34:42.972   545   548 D dalvikvm: GC_CONCURRENT freed 773K, 11% free 10512K/11719K, paused 2ms+2ms
07-05 13:34:43.238   545   548 D dalvikvm: GC_CONCURRENT freed 409K, 11% free 10494K/11719K, paused 2ms+3ms
07-05 13:34:43.453   545  2821 I DownloadManager: Initiating request for download 4154
07-05 13:34:43.515   545   548 D dalvikvm: GC_CONCURRENT freed 357K, 10% free 10563K/11719K, paused 2ms+3ms
07-05 13:34:43.640   545   548 D dalvikvm: GC_CONCURRENT freed 209K, 8% free 10793K/11719K, paused 2ms+3ms
07-05 13:34:43.781   545   548 D dalvikvm: GC_CONCURRENT freed 469K, 8% free 10812K/11719K, paused 1ms+2ms
07-05 13:34:44.093   545   548 D dalvikvm: GC_CONCURRENT freed 774K, 11% free 10514K/11719K, paused 1ms+2ms
07-05 13:34:44.355   545   548 D dalvikvm: GC_CONCURRENT freed 411K, 11% free 10493K/11719K, paused 2ms+2ms
07-05 13:34:44.988  1370  2823 E DictionaryProvider:UpdateHandler: Can't read a file : android.util.MalformedJsonException: Use JsonReader.setLenient(true) to accept malformed JSON at line 1 column 20
07-05 13:34:45.113   545   548 D dalvikvm: GC_CONCURRENT freed 355K, 11% free 10528K/11719K, paused 1ms+2ms
07-05 13:34:45.371   545   548 D dalvikvm: GC_CONCURRENT freed 412K, 11% free 10506K/11719K, paused 2ms+2ms
07-05 13:34:45.644   545   548 D dalvikvm: GC_CONCURRENT freed 399K, 11% free 10494K/11719K, paused 2ms+2ms
07-05 13:34:45.965   545   548 D dalvikvm: GC_CONCURRENT freed 363K, 11% free 10521K/11719K, paused 2ms+2ms
07-05 13:34:46.230   545   548 D dalvikvm: GC_CONCURRENT freed 409K, 11% free 10502K/11719K, paused 2ms+3ms
07-05 13:34:46.492   545   548 D dalvikvm: GC_CONCURRENT freed 402K, 11% free 10490K/11719K, paused 2ms+3ms
07-05 13:34:46.629   545  2826 I DownloadManager: Initiating request for download 4155
07-05 13:34:46.734   545   548 D dalvikvm: GC_CONCURRENT freed 222K, 9% free 10706K/11719K, paused 2ms+3ms
07-05 13:34:46.859   545   548 D dalvikvm: GC_CONCURRENT freed 348K, 8% free 10896K/11719K, paused 2ms+4ms
07-05 13:34:47.054  1370  2828 E DictionaryProvider:UpdateHandler: Can't read a file : android.util.MalformedJsonException: Use JsonReader.setLenient(true) to accept malformed JSON at line 1 column 20
07-05 13:34:47.136  1370  1372 D dalvikvm: GC_CONCURRENT freed 387K, 7% free 9125K/9735K, paused 2ms+2ms
07-05 13:34:47.156   545   548 D dalvikvm: GC_CONCURRENT freed 868K, 11% free 10530K/11719K, paused 2ms+3ms
07-05 13:34:47.425   545   548 D dalvikvm: GC_CONCURRENT freed 420K, 11% free 10500K/11719K, paused 2ms+2ms
07-05 13:34:47.695   545   548 D dalvikvm: GC_CONCURRENT freed 400K, 11% free 10487K/11719K, paused 2ms+2ms
07-05 13:34:47.726   545  2831 I DownloadManager: Initiating request for download 4155
07-05 13:34:47.832   545   548 D dalvikvm: GC_CONCURRENT freed 157K, 9% free 10745K/11719K, paused 2ms+2ms
07-05 13:34:47.953   545   548 D dalvikvm: GC_CONCURRENT freed 323K, 7% free 10924K/11719K, paused 2ms+3ms
07-05 13:34:48.258   545   548 D dalvikvm: GC_CONCURRENT freed 919K, 11% free 10517K/11719K, paused 2ms+2ms
07-05 13:34:48.527   545   548 D dalvikvm: GC_CONCURRENT freed 411K, 11% free 10504K/11719K, paused 2ms+2ms
07-05 13:34:48.750   545  2834 I DownloadManager: Initiating request for download 4156
07-05 13:34:48.843   545   548 D dalvikvm: GC_CONCURRENT freed 342K, 10% free 10557K/11719K, paused 3ms+3ms
07-05 13:34:48.965   545   548 D dalvikvm: GC_CONCURRENT freed 202K, 8% free 10792K/11719K, paused 2ms+2ms
07-05 13:34:49.093   545   548 D dalvikvm: GC_CONCURRENT freed 460K, 8% free 10817K/11719K, paused 1ms+2ms
07-05 13:34:49.281  1370  2836 E DictionaryProvider:UpdateHandler: Can't read a file : android.util.MalformedJsonException: Use JsonReader.setLenient(true) to accept malformed JSON at line 1 column 20
07-05 13:34:49.386   465   467 D dalvikvm: GC_CONCURRENT freed 384K, 6% free 10503K/11079K, paused 1ms+2ms
07-05 13:34:49.488   545   548 D dalvikvm: GC_CONCURRENT freed 772K, 11% free 10523K/11719K, paused 2ms+3ms
07-05 13:34:49.765   545   548 D dalvikvm: GC_CONCURRENT freed 411K, 11% free 10504K/11719K, paused 2ms+2ms
07-05 13:34:49.918   545  2839 I DownloadManager: Initiating request for download 4156
07-05 13:34:50.011   545   548 D dalvikvm: GC_CONCURRENT freed 290K, 9% free 10671K/11719K, paused 2ms+3ms
07-05 13:34:50.140   545   548 D dalvikvm: GC_CONCURRENT freed 304K, 8% free 10852K/11719K, paused 2ms+3ms
07-05 13:34:50.308   545   548 D dalvikvm: GC_CONCURRENT freed 785K, 10% free 10562K/11719K, paused 2ms+2ms
07-05 13:34:50.593   545   548 D dalvikvm: GC_CONCURRENT freed 439K, 11% free 10515K/11719K, paused 2ms+2ms
07-05 13:34:50.855   545   548 D dalvikvm: GC_CONCURRENT freed 409K, 11% free 10497K/11719K, paused 2ms+3ms
07-05 13:34:50.996   545  2842 I DownloadManager: Initiating request for download 4157
07-05 13:34:51.097   545   548 D dalvikvm: GC_CONCURRENT freed 221K, 9% free 10708K/11719K, paused 2ms+3ms
07-05 13:34:51.215   545   548 D dalvikvm: GC_CONCURRENT freed 322K, 8% free 10882K/11719K, paused 2ms+2ms
07-05 13:34:51.445  1370  2844 E DictionaryProvider:UpdateHandler: Can't read a file : android.util.MalformedJsonException: Use JsonReader.setLenient(true) to accept malformed JSON at line 1 column 20
07-05 13:34:51.465   545   548 D dalvikvm: GC_CONCURRENT freed 863K, 11% free 10535K/11719K, paused 2ms+3ms
07-05 13:34:51.746   545   548 D dalvikvm: GC_CONCURRENT freed 412K, 11% free 10509K/11719K, paused 2ms+2ms
07-05 13:34:52.015   545   548 D dalvikvm: GC_CONCURRENT freed 403K, 11% free 10496K/11719K, paused 2ms+2ms
07-05 13:34:52.086   545  2847 I DownloadManager: Initiating request for download 4157
07-05 13:34:52.187   545   548 D dalvikvm: GC_CONCURRENT freed 187K, 9% free 10744K/11719K, paused 1ms+3ms
07-05 13:34:52.308   545   548 D dalvikvm: GC_CONCURRENT freed 326K, 7% free 10925K/11719K, paused 3ms+3ms
07-05 13:34:52.605   545   548 D dalvikvm: GC_CONCURRENT freed 914K, 11% free 10524K/11719K, paused 1ms+2ms
07-05 13:34:52.871   545   548 D dalvikvm: GC_CONCURRENT freed 410K, 11% free 10505K/11719K, paused 2ms+3ms
07-05 13:34:53.105   545  2850 I DownloadManager: Initiating request for download 4158
07-05 13:34:53.152   545   548 D dalvikvm: GC_CONCURRENT freed 364K, 11% free 10547K/11719K, paused 2ms+3ms
07-05 13:34:53.273   545   548 D dalvikvm: GC_CONCURRENT freed 192K, 8% free 10792K/11719K, paused 2ms+2ms
07-05 13:34:53.414   545   548 D dalvikvm: GC_CONCURRENT freed 459K, 8% free 10823K/11719K, paused 2ms+3ms
07-05 13:34:53.570  1370  2852 E DictionaryProvider:UpdateHandler: Can't read a file : android.util.MalformedJsonException: Use JsonReader.setLenient(true) to accept malformed JSON at line 1 column 20
07-05 13:34:53.750   545   548 D dalvikvm: GC_CONCURRENT freed 773K, 11% free 10528K/11719K, paused 2ms+3ms
07-05 13:34:54.031   545   548 D dalvikvm: GC_CONCURRENT freed 416K, 11% free 10504K/11719K, paused 2ms+2ms
07-05 13:34:54.273   545  2855 D dalvikvm: GC_EXPLICIT freed 278K, 10% free 10550K/11719K, paused 2ms+11ms
07-05 13:34:54.277   545  2855 I DownloadManager: Initiating request for download 4158
07-05 13:34:54.406   545   548 D dalvikvm: GC_CONCURRENT freed 218K, 8% free 10809K/11719K, paused 1ms+4ms
07-05 13:34:54.535   545   548 D dalvikvm: GC_CONCURRENT freed 484K, 8% free 10822K/11719K, paused 2ms+2ms
07-05 13:34:54.855   545   548 D dalvikvm: GC_CONCURRENT freed 779K, 11% free 10529K/11719K, paused 2ms+3ms
07-05 13:34:55.121   545   548 D dalvikvm: GC_CONCURRENT freed 418K, 11% free 10502K/11719K, paused 2ms+3ms
07-05 13:34:55.281   545  2858 I DownloadManager: Initiating request for download 4159
07-05 13:34:55.383   545   548 D dalvikvm: GC_CONCURRENT freed 257K, 9% free 10693K/11719K, paused 2ms+3ms
07-05 13:34:55.511   545   548 D dalvikvm: GC_CONCURRENT freed 312K, 8% free 10850K/11719K, paused 2ms+4ms
07-05 13:34:55.687   545   548 D dalvikvm: GC_CONCURRENT freed 776K, 10% free 10568K/11719K, paused 2ms+3ms
07-05 13:34:55.793  1370  2860 E DictionaryProvider:UpdateHandler: Can't read a file : android.util.MalformedJsonException: Use JsonReader.setLenient(true) to accept malformed JSON at line 1 column 20
07-05 13:34:55.875  1370  1372 D dalvikvm: GC_CONCURRENT freed 388K, 7% free 9128K/9735K, paused 2ms+2ms
07-05 13:34:56.047   545   548 D dalvikvm: GC_CONCURRENT freed 434K, 11% free 10529K/11719K, paused 2ms+2ms
07-05 13:34:56.308   545   548 D dalvikvm: GC_CONCURRENT freed 416K, 11% free 10504K/11719K, paused 2ms+2ms
07-05 13:34:56.418   545  2863 I DownloadManager: Initiating request for download 4159
07-05 13:34:56.508   545   548 D dalvikvm: GC_CONCURRENT freed 230K, 9% free 10711K/11719K, paused 1ms+3ms
07-05 13:34:56.633   545   548 D dalvikvm: GC_CONCURRENT freed 314K, 8% free 10894K/11719K, paused 2ms+4ms
07-05 13:34:56.867   545   548 D dalvikvm: GC_CONCURRENT freed 865K, 11% free 10535K/11719K, paused 1ms+2ms
07-05 13:34:57.144   545   548 D dalvikvm: GC_CONCURRENT freed 411K, 11% free 10514K/11719K, paused 2ms+2ms
07-05 13:34:57.402   545   548 D dalvikvm: GC_CONCURRENT freed 403K, 11% free 10502K/11719K, paused 2ms+2ms
07-05 13:34:57.515   545  2866 I DownloadManager: Initiating request for download 4160
07-05 13:34:57.652   545   548 D dalvikvm: GC_CONCURRENT freed 184K, 9% free 10753K/11719K, paused 2ms+3ms
07-05 13:34:57.777   545   548 D dalvikvm: GC_CONCURRENT freed 313K, 7% free 10932K/11719K, paused 2ms+3ms
07-05 13:34:58.004  1370  2868 E DictionaryProvider:UpdateHandler: Can't read a file : android.util.MalformedJsonException: Use JsonReader.setLenient(true) to accept malformed JSON at line 1 column 20
07-05 13:34:58.113   545   548 D dalvikvm: GC_CONCURRENT freed 905K, 11% free 10543K/11719K, paused 2ms+2ms
07-05 13:34:58.379   545   548 D dalvikvm: GC_CONCURRENT freed 422K, 11% free 10512K/11719K, paused 2ms+2ms
07-05 13:34:58.593   545  2871 I DownloadManager: Initiating request for download 4160
07-05 13:34:58.656   545   548 D dalvikvm: GC_CONCURRENT freed 398K, 10% free 10566K/11719K, paused 2ms+3ms
07-05 13:34:58.773   545   548 D dalvikvm: GC_CONCURRENT freed 199K, 8% free 10807K/11719K, paused 1ms+2ms
07-05 13:34:58.914   545   548 D dalvikvm: GC_CONCURRENT freed 469K, 8% free 10834K/11719K, paused 1ms+3ms
07-05 13:34:59.234   545   548 D dalvikvm: GC_CONCURRENT freed 786K, 11% free 10531K/11719K, paused 2ms+3ms
07-05 13:34:59.511   545   548 D dalvikvm: GC_CONCURRENT freed 409K, 11% free 10510K/11719K, paused 2ms+2ms
07-05 13:34:59.765   156   593 D dalvikvm: GC_EXPLICIT freed 531K, 12% free 14090K/16007K, paused 4ms+5ms
07-05 13:34:59.777   545  2874 I DownloadManager: Initiating request for download 4161
07-05 13:34:59.875   545   548 D dalvikvm: GC_CONCURRENT freed 267K, 9% free 10693K/11719K, paused 2ms+4ms
07-05 13:34:59.996   545   548 D dalvikvm: GC_CONCURRENT freed 313K, 8% free 10835K/11719K, paused 2ms+2ms
07-05 13:35:00.187   545   548 D dalvikvm: GC_CONCURRENT freed 759K, 10% free 10561K/11719K, paused 2ms+3ms
07-05 13:35:00.281  1370  2876 E DictionaryProvider:UpdateHandler: Can't read a file : android.util.MalformedJsonException: Use JsonReader.setLenient(true) to accept malformed JSON at line 1 column 20
07-05 13:35:00.488   545   548 D dalvikvm: GC_CONCURRENT freed 428K, 11% free 10521K/11719K, paused 1ms+2ms
07-05 13:35:00.742   545   548 D dalvikvm: GC_CONCURRENT freed 414K, 11% free 10497K/11719K, paused 2ms+2ms
07-05 13:35:00.894   545  2879 I DownloadManager: Initiating request for download 4161
07-05 13:35:00.984   545   548 D dalvikvm: GC_CONCURRENT freed 260K, 9% free 10686K/11719K, paused 2ms+3ms
07-05 13:35:01.101   545   548 D dalvikvm: GC_CONCURRENT freed 310K, 8% free 10866K/11719K, paused 2ms+3ms
07-05 13:35:01.304   545   548 D dalvikvm: GC_CONCURRENT freed 803K, 10% free 10558K/11719K, paused 1ms+2ms
07-05 13:35:01.375   545  2882 I DownloadManager: in removeSpuriousFiles
07-05 13:35:01.441   545  2882 D dalvikvm: GC_FOR_ALLOC freed 304K, 9% free 10766K/11719K, paused 26ms
07-05 13:35:01.476   545  2882 I DownloadManager: in removeSpuriousFiles, preserving file /data/data/com.android.providers.downloads/cache/metadata-152.htm
07-05 13:35:01.476   545  2882 I DownloadManager: in removeSpuriousFiles, preserving file /data/data/com.android.providers.downloads/cache/metadata-278.htm
07-05 13:35:01.476   545  2882 I DownloadManager: in removeSpuriousFiles, preserving file /data/data/com.android.providers.downloads/cache/metadata-250.htm
07-05 13:35:01.480   545  2882 I DownloadManager: in removeSpuriousFiles, preserving file /data/data/com.android.providers.downloads/cache/metadata-307.htm
07-05 13:35:01.480   545  2882 I DownloadManager: in removeSpuriousFiles, preserving file /data/data/com.android.providers.downloads/cache/metadata-103.htm
07-05 13:35:01.480   545  2882 I DownloadManager: in removeSpuriousFiles, preserving file /data/data/com.android.providers.downloads/cache/metadata-119.htm
07-05 13:35:01.480   545  2882 I DownloadManager: in removeSpuriousFiles, preserving file /data/data/com.android.providers.downloads/cache/metadata-271.htm
07-05 13:35:01.480   545  2882 I DownloadManager: in removeSpuriousFiles, preserving file /data/data/com.android.providers.downloads/cache/metadata-272.htm
07-05 13:35:01.480   545  2882 I DownloadManager: in removeSpuriousFiles, preserving file /data/data/com.android.providers.downloads/cache/metadata-162.htm
07-05 13:35:01.480   545  2882 I DownloadManager: in removeSpuriousFiles, preserving file /data/data/com.android.providers.downloads/cache/metadata-463.htm
07-05 13:35:01.480   545  2882 I DownloadManager: in removeSpuriousFiles, preserving file /data/data/com.android.providers.downloads/cache/metadata-340.htm
07-05 13:35:01.480   545  2882 I DownloadManager: in removeSpuriousFiles, preserving file /data/data/com.android.providers.downloads/cache/metadata-328.htm
07-05 13:35:01.480   545  2882 I DownloadManager: in removeSpuriousFiles, preserving file /data/data/com.android.providers.downloads/cache/metadata-74.htm
07-05 13:35:01.480   545  2882 I DownloadManager: in removeSpuriousFiles, preserving file /data/data/com.android.providers.downloads/cache/metadata-238.htm
07-05 13:35:01.480   545  2882 I DownloadManager: in removeSpuriousFiles, preserving file /data/data/com.android.providers.downloads/cache/metadata-96.htm
07-05 13:35:01.484   545  2882 I DownloadManager: in removeSpuriousFiles, preserving file /data/data/com.android.providers.downloads/cache/metadata-2555.htm
07-05 13:35:01.484   545  2882 I DownloadManager: in removeSpuriousFiles, preserving file /data/data/com.android.providers.downloads/cache/metadata-387.htm
07-05 13:35:01.484   545  2882 I DownloadManager: in removeSpuriousFiles, preserving file /data/data/com.android.providers.downloads/cache/metadata-350.htm
07-05 13:35:01.484   545  2882 I DownloadManager: in removeSpuriousFiles, preserving file /data/data/com.android.providers.downloads/cache/metadata-242.htm
07-05 13:35:01.484   545  2882 I DownloadManager: in removeSpuriousFiles, preserving file /data/data/com.android.providers.downloads/cache/metadata-87.htm
07-05 13:35:01.484   545  2882 I DownloadManager: in removeSpuriousFiles, preserving file /data/data/com.android.providers.downloads/cache/metadata-1192.htm
07-05 13:35:01.484   545  2882 I DownloadManager: in removeSpuriousFiles, preserving file /data/data/com.android.providers.downloads/cache/metadata-298.htm
07-05 13:35:01.484   545  2882 I DownloadManager: in removeSpuriousFiles, preserving file /data/data/com.android.providers.downloads/cache/metadata-227.htm
07-05 13:35:01.484   545  2882 I DownloadManager: in removeSpuriousFiles, preserving file /data/data/com.android.providers.downloads/cache/metadata-268.htm
07-05 13:35:01.484   545  2882 I DownloadManager: in removeSpuriousFiles, preserving file /data/data/com.android.providers.downloads/cache/metadata-440.htm
07-05 13:35:01.484   545  2882 I DownloadManager: in removeSpuriousFiles, preserving file /data/data/com.android.providers.downloads/cache/metadata-483.htm
07-05 13:35:01.488   545  2882 I DownloadManager: in removeSpuriousFiles, preserving file /data/data/com.android.providers.downloads/cache/metadata-746.htm
07-05 13:35:01.488   545  2882 I DownloadManager: in removeSpuriousFiles, preserving file /data/data/com.android.providers.downloads/cache/metadata-369.htm
07-05 13:35:01.488   545  2882 I DownloadManager: in removeSpuriousFiles, preserving file /data/data/com.android.providers.downloads/cache/metadata-457.htm
07-05 13:35:01.488   545  2882 I DownloadManager: in removeSpuriousFiles, preserving file /data/data/com.android.providers.downloads/cache/metadata-1392.htm
07-05 13:35:01.488   545  2882 I DownloadManager: in removeSpuriousFiles, preserving file /data/data/com.android.providers.downloads/cache/metadata-171.htm
07-05 13:35:01.488   545  2882 I DownloadManager: in removeSpuriousFiles, preserving file /data/data/com.android.providers.downloads/cache/metadata-220.htm
07-05 13:35:01.488   545  2882 I DownloadManager: in removeSpuriousFiles, preserving file /data/data/com.android.providers.downloads/cache/metadata-270.htm
07-05 13:35:01.488   545  2882 I DownloadManager: in removeSpuriousFiles, preserving file /data/data/com.android.providers.downloads/cache/metadata-236.htm
07-05 13:35:01.488   545  2882 I DownloadManager: in removeSpuriousFiles, preserving file /data/data/com.android.providers.downloads/cache/metadata-261.htm
07-05 13:35:01.492   545  2882 I DownloadManager: in removeSpuriousFiles, preserving file /data/data/com.android.providers.downloads/cache/metadata-228.htm
07-05 13:35:01.492   545  2882 I DownloadManager: in removeSpuriousFiles, preserving file /data/data/com.android.providers.downloads/cache/metadata-568.htm
07-05 13:35:01.492   545  2882 I DownloadManager: in removeSpuriousFiles, preserving file /data/data/com.android.providers.downloads/cache/metadata-357.htm
07-05 13:35:01.492   545  2882 I DownloadManager: in removeSpuriousFiles, preserving file /data/data/com.android.providers.downloads/cache/metadata-1524.htm
07-05 13:35:01.492   545  2882 I DownloadManager: in removeSpuriousFiles, preserving file /data/data/com.android.providers.downloads/cache/metadata-389.htm
07-05 13:35:01.492   545  2882 I DownloadManager: in removeSpuriousFiles, preserving file /data/data/com.android.providers.downloads/cache/metadata-468.htm
07-05 13:35:01.492   545  2882 I DownloadManager: in removeSpuriousFiles, preserving file /data/data/com.android.providers.downloads/cache/metadata-221.htm
07-05 13:35:01.492   545  2882 I DownloadManager: in removeSpuriousFiles, preserving file /data/data/com.android.providers.downloads/cache/metadata-380.htm
07-05 13:35:01.496   545  2882 I DownloadManager: in removeSpuriousFiles, preserving file /data/data/com.android.providers.downloads/cache/metadata-558.htm
07-05 13:35:01.496   545  2882 I DownloadManager: in removeSpuriousFiles, preserving file /data/data/com.android.providers.downloads/cache/metadata-465.htm
07-05 13:35:01.496   545  2882 I DownloadManager: in removeSpuriousFiles, preserving file /data/data/com.android.providers.downloads/cache/metadata-579.htm
07-05 13:35:01.496   545  2882 I DownloadManager: in removeSpuriousFiles, preserving file /data/data/com.android.providers.downloads/cache/metadata-1020.htm
07-05 13:35:01.496   545  2882 I DownloadManager: in removeSpuriousFiles, preserving file /data/data/com.android.providers.downloads/cache/metadata-502.htm
07-05 13:35:01.496   545  2882 I DownloadManager: in removeSpuriousFiles, preserving file /data/data/com.android.providers.downloads/cache/metadata-347.htm
07-05 13:35:01.496   545  2882 I DownloadManager: in removeSpuriousFiles, preserving file /data/data/com.android.providers.downloads/cache/metadata-417.htm
07-05 13:35:01.496   545  2882 I DownloadManager: in removeSpuriousFiles, preserving file /data/data/com.android.providers.downloads/cache/metadata-2360.htm
07-05 13:35:01.500   545  2882 I DownloadManager: in removeSpuriousFiles, preserving file /data/data/com.android.providers.downloads/cache/metadata-452.htm
07-05 13:35:01.500   545  2882 I DownloadManager: in removeSpuriousFiles, preserving file /data/data/com.android.providers.downloads/cache/metadata-401.htm
07-05 13:35:01.500   545  2882 I DownloadManager: in removeSpuriousFiles, preserving file /data/data/com.android.providers.downloads/cache/metadata-329.htm
07-05 13:35:01.500   545  2882 I DownloadManager: in removeSpuriousFiles, preserving file /data/data/com.android.providers.downloads/cache/metadata-578.htm
07-05 13:35:01.500   545  2882 I DownloadManager: in removeSpuriousFiles, preserving file /data/data/com.android.providers.downloads/cache/metadata-263.htm
07-05 13:35:01.500   545  2882 I DownloadManager: in removeSpuriousFiles, preserving file /data/data/com.android.providers.downloads/cache/metadata-332.htm
07-05 13:35:01.500   545  2882 I DownloadManager: in removeSpuriousFiles, preserving file /data/data/com.android.providers.downloads/cache/metadata-1469.htm
07-05 13:35:01.515   545  2882 I DownloadManager: in removeSpuriousFiles, preserving file /data/data/com.android.providers.downloads/cache/metadata-1200.htm
07-05 13:35:01.515   545  2882 I DownloadManager: in removeSpuriousFiles, preserving file /data/data/com.android.providers.downloads/cache/metadata-405.htm
07-05 13:35:01.515   545  2882 I DownloadManager: in removeSpuriousFiles, preserving file /data/data/com.android.providers.downloads/cache/metadata-1428.htm
07-05 13:35:01.515   545  2882 I DownloadManager: in removeSpuriousFiles, preserving file /data/data/com.android.providers.downloads/cache/metadata-493.htm
07-05 13:35:01.515   545  2882 I DownloadManager: in removeSpuriousFiles, preserving file /data/data/com.android.providers.downloads/cache/metadata-1423.htm
07-05 13:35:01.515   545  2882 I DownloadManager: in removeSpuriousFiles, preserving file /data/data/com.android.providers.downloads/cache/metadata-1011.htm
07-05 13:35:01.519   545  2882 I DownloadManager: in removeSpuriousFiles, preserving file /data/data/com.android.providers.downloads/cache/metadata-920.htm
07-05 13:35:01.519   545  2882 I DownloadManager: in removeSpuriousFiles, preserving file /data/data/com.android.providers.downloads/cache/metadata-2018.htm
07-05 13:35:01.519   545  2882 I DownloadManager: in removeSpuriousFiles, preserving file /data/data/com.android.providers.downloads/cache/metadata-2190.htm
07-05 13:35:01.519   545  2882 I DownloadManager: in removeSpuriousFiles, preserving file /data/data/com.android.providers.downloads/cache/metadata-1046.htm
07-05 13:35:01.519   545  2882 I DownloadManager: in removeSpuriousFiles, preserving file /data/data/com.android.providers.downloads/cache/metadata-592.htm
07-05 13:35:01.519   545  2882 I DownloadManager: in removeSpuriousFiles, preserving file /data/data/com.android.providers.downloads/cache/metadata-508.htm
07-05 13:35:01.527   545  2882 I DownloadManager: in removeSpuriousFiles, preserving file /data/data/com.android.providers.downloads/cache/metadata-482.htm
07-05 13:35:01.527   545  2882 I DownloadManager: in removeSpuriousFiles, preserving file /data/data/com.android.providers.downloads/cache/metadata-367.htm
07-05 13:35:01.527   545  2882 I DownloadManager: in removeSpuriousFiles, preserving file /data/data/com.android.providers.downloads/cache/metadata-1943.htm
07-05 13:35:01.527   545  2882 I DownloadManager: in removeSpuriousFiles, preserving file /data/data/com.android.providers.downloads/cache/metadata-1330.htm
07-05 13:35:01.527   545  2882 I DownloadManager: in removeSpuriousFiles, preserving file /data/data/com.android.providers.downloads/cache/metadata-451.htm
07-05 13:35:01.527   545  2882 I DownloadManager: in removeSpuriousFiles, preserving file /data/data/com.android.providers.downloads/cache/metadata-2297.htm
07-05 13:35:01.531   545  2882 I DownloadManager: in removeSpuriousFiles, preserving file /data/data/com.android.providers.downloads/cache/metadata-872.htm
07-05 13:35:01.531   545  2882 I DownloadManager: in removeSpuriousFiles, preserving file /data/data/com.android.providers.downloads/cache/metadata-472.htm
07-05 13:35:01.531   545  2882 I DownloadManager: in removeSpuriousFiles, preserving file /data/data/com.android.providers.downloads/cache/metadata-1907.htm
07-05 13:35:01.531   545  2882 I DownloadManager: in removeSpuriousFiles, preserving file /data/data/com.android.providers.downloads/cache/metadata-1048.htm
07-05 13:35:01.531   545  2882 I DownloadManager: in removeSpuriousFiles, preserving file /data/data/com.android.providers.downloads/cache/metadata-409.htm
07-05 13:35:01.531   545  2882 I DownloadManager: in removeSpuriousFiles, preserving file /data/data/com.android.providers.downloads/cache/metadata-630.htm
07-05 13:35:01.535   545  2882 I DownloadManager: in removeSpuriousFiles, preserving file /data/data/com.android.providers.downloads/cache/metadata-957.htm
07-05 13:35:01.535   545  2882 I DownloadManager: in removeSpuriousFiles, preserving file /data/data/com.android.providers.downloads/cache/metadata-1468.htm
07-05 13:35:01.535   545  2882 I DownloadManager: in removeSpuriousFiles, preserving file /data/data/com.android.providers.downloads/cache/metadata-1464.htm
07-05 13:35:01.535   545  2882 I DownloadManager: in removeSpuriousFiles, preserving file /data/data/com.android.providers.downloads/cache/metadata-1308.htm
07-05 13:35:01.535   545  2882 I DownloadManager: in removeSpuriousFiles, preserving file /data/data/com.android.providers.downloads/cache/metadata-1356.htm
07-05 13:35:01.535   545  2882 I DownloadManager: in removeSpuriousFiles, preserving file /data/data/com.android.providers.downloads/cache/metadata-737.htm
07-05 13:35:01.539   545  2882 I DownloadManager: in removeSpuriousFiles, preserving file /data/data/com.android.providers.downloads/cache/metadata-1738.htm
07-05 13:35:01.539   545  2882 I DownloadManager: in removeSpuriousFiles, preserving file /data/data/com.android.providers.downloads/cache/metadata-902.htm
07-05 13:35:01.539   545  2882 I DownloadManager: in removeSpuriousFiles, preserving file /data/data/com.android.providers.downloads/cache/metadata-1744.htm
07-05 13:35:01.539   545  2882 I DownloadManager: in removeSpuriousFiles, preserving file /data/data/com.android.providers.downloads/cache/metadata-1168.htm
07-05 13:35:01.539   545  2882 I DownloadManager: in removeSpuriousFiles, preserving file /data/data/com.android.providers.downloads/cache/metadata-618.htm
07-05 13:35:01.543   545  2882 I DownloadManager: in removeSpuriousFiles, preserving file /data/data/com.android.providers.downloads/cache/metadata-907.htm
07-05 13:35:01.543   545  2882 I DownloadManager: in removeSpuriousFiles, preserving file /data/data/com.android.providers.downloads/cache/metadata-516.htm
07-05 13:35:01.543   545  2882 I DownloadManager: in removeSpuriousFiles, preserving file /data/data/com.android.providers.downloads/cache/metadata-1844.htm
07-05 13:35:01.547   545  2882 I DownloadManager: in removeSpuriousFiles, preserving file /data/data/com.android.providers.downloads/cache/metadata-1502.htm
07-05 13:35:01.547   545  2882 I DownloadManager: in removeSpuriousFiles, preserving file /data/data/com.android.providers.downloads/cache/metadata-1047.htm
07-05 13:35:01.547   545  2882 I DownloadManager: in removeSpuriousFiles, preserving file /data/data/com.android.providers.downloads/cache/metadata-537.htm
07-05 13:35:01.547   545  2882 I DownloadManager: in removeSpuriousFiles, preserving file /data/data/com.android.providers.downloads/cache/metadata-1536.htm
07-05 13:35:01.550   545  2882 I DownloadManager: in removeSpuriousFiles, preserving file /data/data/com.android.providers.downloads/cache/metadata-552.htm
07-05 13:35:01.550   545  2882 I DownloadManager: in removeSpuriousFiles, preserving file /data/data/com.android.providers.downloads/cache/metadata-1143.htm
07-05 13:35:01.550   545  2882 I DownloadManager: in removeSpuriousFiles, preserving file /data/data/com.android.providers.downloads/cache/metadata-1073.htm
07-05 13:35:01.554   545  2882 I DownloadManager: in removeSpuriousFiles, preserving file /data/data/com.android.providers.downloads/cache/metadata-1785.htm
07-05 13:35:01.554   545  2882 I DownloadManager: in removeSpuriousFiles, preserving file /data/data/com.android.providers.downloads/cache/metadata-650.htm
07-05 13:35:01.554   545  2882 I DownloadManager: in removeSpuriousFiles, preserving file /data/data/com.android.providers.downloads/cache/metadata-535.htm
07-05 13:35:01.558   545  2882 I DownloadManager: in removeSpuriousFiles, preserving file /data/data/com.android.providers.downloads/cache/metadata-1121.htm
07-05 13:35:01.558   545  2882 I DownloadManager: in removeSpuriousFiles, preserving file /data/data/com.android.providers.downloads/cache/metadata-827.htm
07-05 13:35:01.558   545  2882 I DownloadManager: in removeSpuriousFiles, preserving file /data/data/com.android.providers.downloads/cache/metadata-488.htm
07-05 13:35:01.562   545  2882 I DownloadManager: in removeSpuriousFiles, preserving file /data/data/com.android.providers.downloads/cache/metadata-146.htm
07-05 13:35:01.562   545  2882 I DownloadManager: in removeSpuriousFiles, preserving file /data/data/com.android.providers.downloads/cache/metadata-30.htm
07-05 13:35:01.562   545  2882 I DownloadManager: in removeSpuriousFiles, preserving file /data/data/com.android.providers.downloads/cache/metadata-65.htm
07-05 13:35:01.562   545  2882 I DownloadManager: in removeSpuriousFiles, preserving file /data/data/com.android.providers.downloads/cache/metadata-7.htm
07-05 13:35:01.562   545  2882 I DownloadManager: in removeSpuriousFiles, preserving file /data/data/com.android.providers.downloads/cache/metadata-410.htm
07-05 13:35:01.562   545  2882 I DownloadManager: in removeSpuriousFiles, preserving file /data/data/com.android.providers.downloads/cache/metadata-88.htm
07-05 13:35:01.562   545  2882 I DownloadManager: in removeSpuriousFiles, preserving file /data/data/com.android.providers.downloads/cache/metadata-344.htm
07-05 13:35:01.562   545  2882 I DownloadManager: in removeSpuriousFiles, preserving file /data/data/com.android.providers.downloads/cache/metadata-573.htm
07-05 13:35:01.562   545  2882 I DownloadManager: in removeSpuriousFiles, preserving file /data/data/com.android.providers.downloads/cache/metadata-198.htm
07-05 13:35:01.562   545  2882 I DownloadManager: in removeSpuriousFiles, preserving file /data/data/com.android.providers.downloads/cache/metadata-438.htm
07-05 13:35:01.562   545  2882 I DownloadManager: in removeSpuriousFiles, preserving file /data/data/com.android.providers.downloads/cache/metadata-311.htm
07-05 13:35:01.562   545  2882 I DownloadManager: in removeSpuriousFiles, preserving file /data/data/com.android.providers.downloads/cache/metadata-441.htm
07-05 13:35:01.562   545  2882 I DownloadManager: in removeSpuriousFiles, preserving file /data/data/com.android.providers.downloads/cache/metadata-338.htm
07-05 13:35:01.562   545  2882 I DownloadManager: in removeSpuriousFiles, preserving file /data/data/com.android.providers.downloads/cache/metadata-407.htm
07-05 13:35:01.562   545  2882 I DownloadManager: in removeSpuriousFiles, preserving file /data/data/com.android.providers.downloads/cache/metadata-137.htm
07-05 13:35:01.562   545  2882 I DownloadManager: in removeSpuriousFiles, preserving file /data/data/com.android.providers.downloads/cache/metadata-321.htm
07-05 13:35:01.562   545  2882 I DownloadManager: in removeSpuriousFiles, preserving file /data/data/com.android.providers.downloads/cache/metadata-507.htm
07-05 13:35:01.566   545  2882 I DownloadManager: in removeSpuriousFiles, preserving file /data/data/com.android.providers.downloads/cache/metadata-1333.htm
07-05 13:35:01.566   545  2882 I DownloadManager: in removeSpuriousFiles, preserving file /data/data/com.android.providers.downloads/cache/metadata-1708.htm
07-05 13:35:01.566   545  2882 I DownloadManager: in removeSpuriousFiles, preserving file /data/data/com.android.providers.downloads/cache/metadata-275.htm
07-05 13:35:01.566   545  2882 I DownloadManager: in removeSpuriousFiles, preserving file /data/data/com.android.providers.downloads/cache/metadata-356.htm
07-05 13:35:01.566   545  2882 I DownloadManager: in removeSpuriousFiles, preserving file /data/data/com.android.providers.downloads/cache/metadata-110.htm
07-05 13:35:01.566   545  2882 I DownloadManager: in removeSpuriousFiles, preserving file /data/data/com.android.providers.downloads/cache/metadata-131.htm
07-05 13:35:01.566   545  2882 I DownloadManager: in removeSpuriousFiles, preserving file /data/data/com.android.providers.downloads/cache/metadata-662.htm
07-05 13:35:01.566   545  2882 I DownloadManager: in removeSpuriousFiles, preserving file /data/data/com.android.providers.downloads/cache/metadata-429.htm
07-05 13:35:01.566   545  2882 I DownloadManager: in removeSpuriousFiles, preserving file /data/data/com.android.providers.downloads/cache/metadata-576.htm
07-05 13:35:01.566   545  2882 I DownloadManager: in removeSpuriousFiles, preserving file /data/data/com.android.providers.downloads/cache/metadata-260.htm
07-05 13:35:01.566   545  2882 I DownloadManager: in removeSpuriousFiles, preserving file /data/data/com.android.providers.downloads/cache/metadata-915.htm
07-05 13:35:01.570   545  2882 I DownloadManager: in removeSpuriousFiles, preserving file /data/data/com.android.providers.downloads/cache/metadata-296.htm
07-05 13:35:01.570   545  2882 I DownloadManager: in removeSpuriousFiles, preserving file /data/data/com.android.providers.downloads/cache/metadata-214.htm
07-05 13:35:01.570   545  2882 I DownloadManager: in removeSpuriousFiles, preserving file /data/data/com.android.providers.downloads/cache/metadata-318.htm
07-05 13:35:01.570   545  2882 I DownloadManager: in removeSpuriousFiles, preserving file /data/data/com.android.providers.downloads/cache/metadata-155.htm
07-05 13:35:01.570   545  2882 I DownloadManager: in removeSpuriousFiles, preserving file /data/data/com.android.providers.downloads/cache/metadata-437.htm
07-05 13:35:01.570   545  2882 I DownloadManager: in removeSpuriousFiles, preserving file /data/data/com.android.providers.downloads/cache/metadata-333.htm
07-05 13:35:01.570   545  2882 I DownloadManager: in removeSpuriousFiles, preserving file /data/data/com.android.providers.downloads/cache/metadata-455.htm
07-05 13:35:01.570   545  2882 I DownloadManager: in removeSpuriousFiles, preserving file /data/data/com.android.providers.downloads/cache/metadata-444.htm
07-05 13:35:01.570   545  2882 I DownloadManager: in removeSpuriousFiles, preserving file /data/data/com.android.providers.downloads/cache/metadata-462.htm
07-05 13:35:01.574   545  2882 I DownloadManager: in removeSpuriousFiles, preserving file /data/data/com.android.providers.downloads/cache/metadata-504.htm
07-05 13:35:01.574   545  2882 I DownloadManager: in removeSpuriousFiles, preserving file /data/data/com.android.providers.downloads/cache/metadata-2364.htm
07-05 13:35:01.574   545  2882 I DownloadManager: in removeSpuriousFiles, preserving file /data/data/com.android.providers.downloads/cache/metadata-1819.htm
07-05 13:35:01.574   545  2882 I DownloadManager: in removeSpuriousFiles, preserving file /data/data/com.android.providers.downloads/cache/metadata-432.htm
07-05 13:35:01.574   545  2882 I DownloadManager: in removeSpuriousFiles, preserving file /data/data/com.android.providers.downloads/cache/metadata-364.htm
07-05 13:35:01.574   545  2882 I DownloadManager: in removeSpuriousFiles, preserving file /data/data/com.android.providers.downloads/cache/metadata-370.htm
07-05 13:35:01.574   545  2882 I DownloadManager: in removeSpuriousFiles, preserving file /data/data/com.android.providers.downloads/cache/metadata-1928.htm
07-05 13:35:01.574   545  2882 I DownloadManager: in removeSpuriousFiles, preserving file /data/data/com.android.providers.downloads/cache/metadata-1987.htm
07-05 13:35:01.574   545  2882 I DownloadManager: in removeSpuriousFiles, preserving file /data/data/com.android.providers.downloads/cache/metadata-478.htm
07-05 13:35:01.578   545  2882 I DownloadManager: in removeSpuriousFiles, preserving file /data/data/com.android.providers.downloads/cache/metadata-258.htm
07-05 13:35:01.578   545  2882 I DownloadManager: in removeSpuriousFiles, preserving file /data/data/com.android.providers.downloads/cache/metadata-313.htm
07-05 13:35:01.578   545  2882 I DownloadManager: in removeSpuriousFiles, preserving file /data/data/com.android.providers.downloads/cache/metadata-1083.htm
07-05 13:35:01.578   545  2882 I DownloadManager: in removeSpuriousFiles, preserving file /data/data/com.android.providers.downloads/cache/metadata-494.htm
07-05 13:35:01.578   545  2882 I DownloadManager: in removeSpuriousFiles, preserving file /data/data/com.android.providers.downloads/cache/metadata-1425.htm
07-05 13:35:01.578   545  2882 I DownloadManager: in removeSpuriousFiles, preserving file /data/data/com.android.providers.downloads/cache/metadata-222.htm
07-05 13:35:01.578   545  2882 I DownloadManager: in removeSpuriousFiles, preserving file /data/data/com.android.providers.downloads/cache/metadata-461.htm
07-05 13:35:01.578   545  2882 I DownloadManager: in removeSpuriousFiles, preserving file /data/data/com.android.providers.downloads/cache/metadata-373.htm
07-05 13:35:01.582   545  2882 I DownloadManager: in removeSpuriousFiles, preserving file /data/data/com.android.providers.downloads/cache/metadata-596.htm
07-05 13:35:01.582   545  2882 I DownloadManager: in removeSpuriousFiles, preserving file /data/data/com.android.providers.downloads/cache/metadata-1056.htm
07-05 13:35:01.582   545  2882 I DownloadManager: in removeSpuriousFiles, preserving file /data/data/com.android.providers.downloads/cache/metadata-708.htm
07-05 13:35:01.582   545  2882 I DownloadManager: in removeSpuriousFiles, preserving file /data/data/com.android.providers.downloads/cache/metadata-189.htm
07-05 13:35:01.582   545  2882 I DownloadManager: in removeSpuriousFiles, preserving file /data/data/com.android.providers.downloads/cache/metadata-264.htm
07-05 13:35:01.582   545  2882 I DownloadManager: in removeSpuriousFiles, preserving file /data/data/com.android.providers.downloads/cache/metadata-930.htm
07-05 13:35:01.582   545  2882 I DownloadManager: in removeSpuriousFiles, preserving file /data/data/com.android.providers.downloads/cache/metadata-709.htm
07-05 13:35:01.586   545  2882 I DownloadManager: in removeSpuriousFiles, preserving file /data/data/com.android.providers.downloads/cache/metadata-266.htm
07-05 13:35:01.586   545  2882 I DownloadManager: in removeSpuriousFiles, preserving file /data/data/com.android.providers.downloads/cache/metadata-819.htm
07-05 13:35:01.586   545  2882 I DownloadManager: in removeSpuriousFiles, preserving file /data/data/com.android.providers.downloads/cache/metadata-1138.htm
07-05 13:35:01.586   545  2882 I DownloadManager: in removeSpuriousFiles, preserving file /data/data/com.android.providers.downloads/cache/metadata-1742.htm
07-05 13:35:01.586   545  2882 I DownloadManager: in removeSpuriousFiles, preserving file /data/data/com.android.providers.downloads/cache/metadata-453.htm
07-05 13:35:01.586   545  2882 I DownloadManager: in removeSpuriousFiles, preserving file /data/data/com.android.providers.downloads/cache/metadata-450.htm
07-05 13:35:01.586   545  2882 I DownloadManager: in removeSpuriousFiles, preserving file /data/data/com.android.providers.downloads/cache/metadata-2030.htm
07-05 13:35:01.586   545  2882 I DownloadManager: in removeSpuriousFiles, preserving file /data/data/com.android.providers.downloads/cache/metadata-390.htm
07-05 13:35:01.590   545  2882 I DownloadManager: in removeSpuriousFiles, preserving file /data/data/com.android.providers.downloads/cache/metadata-702.htm
07-05 13:35:01.590   545  2882 I DownloadManager: in removeSpuriousFiles, preserving file /data/data/com.android.providers.downloads/cache/metadata-204.htm
07-05 13:35:01.590   545  2882 I DownloadManager: in removeSpuriousFiles, preserving file /data/data/com.android.providers.downloads/cache/metadata-377.htm
07-05 13:35:01.590   545  2882 I DownloadManager: in removeSpuriousFiles, preserving file /data/data/com.android.providers.downloads/cache/metadata-1368.htm
07-05 13:35:01.590   545  2882 I DownloadManager: in removeSpuriousFiles, preserving file /data/data/com.android.providers.downloads/cache/metadata-1364.htm
07-05 13:35:01.590   545  2882 I DownloadManager: in removeSpuriousFiles, preserving file /data/data/com.android.providers.downloads/cache/metadata-435.htm
07-05 13:35:01.593   545  2882 I DownloadManager: in removeSpuriousFiles, preserving file /data/data/com.android.providers.downloads/cache/metadata-707.htm
07-05 13:35:01.593   545  2882 I DownloadManager: in removeSpuriousFiles, preserving file /data/data/com.android.providers.downloads/cache/metadata-1118.htm
07-05 13:35:01.593   545  2882 I DownloadManager: in removeSpuriousFiles, preserving file /data/data/com.android.providers.downloads/cache/metadata-518.htm
07-05 13:35:01.593   545  2882 I DownloadManager: in removeSpuriousFiles, preserving file /data/data/com.android.providers.downloads/cache/metadata-1043.htm
07-05 13:35:01.593   545  2882 I DownloadManager: in removeSpuriousFiles, preserving file /data/data/com.android.providers.downloads/cache/metadata-2584.htm
07-05 13:35:01.593   545  2882 I DownloadManager: in removeSpuriousFiles, preserving file /data/data/com.android.providers.downloads/cache/metadata-571.htm
07-05 13:35:01.593   545  2882 I DownloadManager: in removeSpuriousFiles, preserving file /data/data/com.android.providers.downloads/cache/metadata-520.htm
07-05 13:35:01.597   545  2882 I DownloadManager: in removeSpuriousFiles, preserving file /data/data/com.android.providers.downloads/cache/metadata-1440.htm
07-05 13:35:01.597   545  2882 I DownloadManager: in removeSpuriousFiles, preserving file /data/data/com.android.providers.downloads/cache/metadata-290.htm
07-05 13:35:01.597   545  2882 I DownloadManager: in removeSpuriousFiles, preserving file /data/data/com.android.providers.downloads/cache/metadata-1386.htm
07-05 13:35:01.597   545  2882 I DownloadManager: in removeSpuriousFiles, preserving file /data/data/com.android.providers.downloads/cache/metadata-536.htm
07-05 13:35:01.597   545  2882 I DownloadManager: in removeSpuriousFiles, preserving file /data/data/com.android.providers.downloads/cache/metadata-1450.htm
07-05 13:35:01.597   545  2882 I DownloadManager: in removeSpuriousFiles, preserving file /data/data/com.android.providers.downloads/cache/metadata-978.htm
07-05 13:35:01.597   545  2882 I DownloadManager: in removeSpuriousFiles, preserving file /data/data/com.android.providers.downloads/cache/metadata-1855.htm
07-05 13:35:01.601   545  2882 I DownloadManager: in removeSpuriousFiles, preserving file /data/data/com.android.providers.downloads/cache/metadata-1413.htm
07-05 13:35:01.601   545  2882 I DownloadManager: in removeSpuriousFiles, preserving file /data/data/com.android.providers.downloads/cache/metadata-858.htm
07-05 13:35:01.601   545  2882 I DownloadManager: in removeSpuriousFiles, preserving file /data/data/com.android.providers.downloads/cache/metadata-1128.htm
07-05 13:35:01.601   545  2882 I DownloadManager: in removeSpuriousFiles, preserving file /data/data/com.android.providers.downloads/cache/metadata-2547.htm
07-05 13:35:01.601   545  2882 I DownloadManager: in removeSpuriousFiles, preserving file /data/data/com.android.providers.downloads/cache/metadata-893.htm
07-05 13:35:01.601   545  2882 I DownloadManager: in removeSpuriousFiles, preserving file /data/data/com.android.providers.downloads/cache/metadata-1097.htm
07-05 13:35:01.613   545  2882 I DownloadManager: in removeSpuriousFiles, preserving file /data/data/com.android.providers.downloads/cache/metadata-575.htm
07-05 13:35:01.613   545  2882 I DownloadManager: in removeSpuriousFiles, preserving file /data/data/com.android.providers.downloads/cache/metadata-729.htm
07-05 13:35:01.613   545  2882 I DownloadManager: in removeSpuriousFiles, preserving file /data/data/com.android.providers.downloads/cache/metadata-1389.htm
07-05 13:35:01.613   545  2882 I DownloadManager: in removeSpuriousFiles, preserving file /data/data/com.android.providers.downloads/cache/metadata-304.htm
07-05 13:35:01.613   545  2882 I DownloadManager: in removeSpuriousFiles, preserving file /data/data/com.android.providers.downloads/cache/metadata-644.htm
07-05 13:35:01.613   545  2882 I DownloadManager: in removeSpuriousFiles, preserving file /data/data/com.android.providers.downloads/cache/metadata-1286.htm
07-05 13:35:01.617   545  2882 I DownloadManager: in removeSpuriousFiles, preserving file /data/data/com.android.providers.downloads/cache/metadata-582.htm
07-05 13:35:01.617   545  2882 I DownloadManager: in removeSpuriousFiles, preserving file /data/data/com.android.providers.downloads/cache/metadata-1575.htm
07-05 13:35:01.617   545  2882 I DownloadManager: in removeSpuriousFiles, preserving file /data/data/com.android.providers.downloads/cache/metadata-1695.htm
07-05 13:35:01.617   545  2882 I DownloadManager: in removeSpuriousFiles, preserving file /data/data/com.android.providers.downloads/cache/metadata-529.htm
07-05 13:35:01.617   545  2882 I DownloadManager: in removeSpuriousFiles, preserving file /data/data/com.android.providers.downloads/cache/metadata-1900.htm
07-05 13:35:01.617   545  2882 I DownloadManager: in removeSpuriousFiles, preserving file /data/data/com.android.providers.downloads/cache/metadata-2240.htm
07-05 13:35:01.621   545  2882 I DownloadManager: in removeSpuriousFiles, preserving file /data/data/com.android.providers.downloads/cache/metadata-287.htm
07-05 13:35:01.621   545  2882 I DownloadManager: in removeSpuriousFiles, preserving file /data/data/com.android.providers.downloads/cache/metadata-1227.htm
07-05 13:35:01.621   545  2882 I DownloadManager: in removeSpuriousFiles, preserving file /data/data/com.android.providers.downloads/cache/metadata-777.htm
07-05 13:35:01.621   545  2882 I DownloadManager: in removeSpuriousFiles, preserving file /data/data/com.android.providers.downloads/cache/metadata-1129.htm
07-05 13:35:01.621   545  2882 I DownloadManager: in removeSpuriousFiles, preserving file /data/data/com.android.providers.downloads/cache/metadata-1059.htm
07-05 13:35:01.625   545  2882 I DownloadManager: in removeSpuriousFiles, preserving file /data/data/com.android.providers.downloads/cache/metadata-905.htm
07-05 13:35:01.625   545  2882 I DownloadManager: in removeSpuriousFiles, preserving file /data/data/com.android.providers.downloads/cache/metadata-1516.htm
07-05 13:35:01.625   545  2882 I DownloadManager: in removeSpuriousFiles, preserving file /data/data/com.android.providers.downloads/cache/metadata-1328.htm
07-05 13:35:01.629   545  2882 I DownloadManager: in removeSpuriousFiles, preserving file /data/data/com.android.providers.downloads/cache/metadata-1559.htm
07-05 13:35:01.629   545  2882 I DownloadManager: in removeSpuriousFiles, preserving file /data/data/com.android.providers.downloads/cache/metadata-1153.htm
07-05 13:35:01.629   545  2882 I DownloadManager: in removeSpuriousFiles, preserving file /data/data/com.android.providers.downloads/cache/metadata-1421.htm
07-05 13:35:01.629   545  2882 I DownloadManager: in removeSpuriousFiles, preserving file /data/data/com.android.providers.downloads/cache/metadata-723.htm
07-05 13:35:01.633   545  2882 I DownloadManager: in removeSpuriousFiles, preserving file /data/data/com.android.providers.downloads/cache/metadata-548.htm
07-05 13:35:01.633   545  2882 I DownloadManager: in removeSpuriousFiles, preserving file /data/data/com.android.providers.downloads/cache/metadata-1278.htm
07-05 13:35:01.633   545  2882 I DownloadManager: in removeSpuriousFiles, preserving file /data/data/com.android.providers.downloads/cache/metadata-1106.htm
07-05 13:35:01.636   545  2882 I DownloadManager: in removeSpuriousFiles, preserving file /data/data/com.android.providers.downloads/cache/metadata-1776.htm
07-05 13:35:01.636   545  2882 I DownloadManager: in removeSpuriousFiles, preserving file /data/data/com.android.providers.downloads/cache/metadata-1005.htm
07-05 13:35:01.636   545  2882 I DownloadManager: in removeSpuriousFiles, preserving file /data/data/com.android.providers.downloads/cache/metadata-3.htm
07-05 13:35:01.636   545  2882 I DownloadManager: in removeSpuriousFiles, preserving file /data/data/com.android.providers.downloads/cache/metadata-165.htm
07-05 13:35:01.636   545  2882 I DownloadManager: in removeSpuriousFiles, preserving file /data/data/com.android.providers.downloads/cache/metadata.htm
07-05 13:35:01.636   545  2882 I DownloadManager: in removeSpuriousFiles, preserving file /data/data/com.android.providers.downloads/cache/metadata-9.htm
07-05 13:35:01.636   545  2882 I DownloadManager: in removeSpuriousFiles, preserving file /data/data/com.android.providers.downloads/cache/metadata-404.htm
07-05 13:35:01.636   545  2882 I DownloadManager: in removeSpuriousFiles, preserving file /data/data/com.android.providers.downloads/cache/metadata-341.htm
07-05 13:35:01.636   545  2882 I DownloadManager: in removeSpuriousFiles, preserving file /data/data/com.android.providers.downloads/cache/metadata-14.htm
07-05 13:35:01.636   545  2882 I DownloadManager: in removeSpuriousFiles, preserving file /data/data/com.android.providers.downloads/cache/metadata-361.htm
07-05 13:35:01.636   545  2882 I DownloadManager: in removeSpuriousFiles, preserving file /data/data/com.android.providers.downloads/cache/metadata-1706.htm
07-05 13:35:01.636   545  2882 I DownloadManager: in removeSpuriousFiles, preserving file /data/data/com.android.providers.downloads/cache/metadata-29.htm
07-05 13:35:01.640   545  2882 I DownloadManager: in removeSpuriousFiles, preserving file /data/data/com.android.providers.downloads/cache/metadata-458.htm
07-05 13:35:01.640   545  2882 I DownloadManager: in removeSpuriousFiles, preserving file /data/data/com.android.providers.downloads/cache/metadata-49.htm
07-05 13:35:01.640   545  2882 I DownloadManager: in removeSpuriousFiles, preserving file /data/data/com.android.providers.downloads/cache/metadata-823.htm
07-05 13:35:01.640   545  2882 I DownloadManager: in removeSpuriousFiles, preserving file /data/data/com.android.providers.downloads/cache/metadata-1292.htm
07-05 13:35:01.640   545  2882 I DownloadManager: in removeSpuriousFiles, preserving file /data/data/com.android.providers.downloads/cache/metadata-382.htm
07-05 13:35:01.640   545  2882 I DownloadManager: in removeSpuriousFiles, preserving file /data/data/com.android.providers.downloads/cache/metadata-682.htm
07-05 13:35:01.640   545  2882 I DownloadManager: in removeSpuriousFiles, preserving file /data/data/com.android.providers.downloads/cache/metadata-178.htm
07-05 13:35:01.640   545  2882 I DownloadManager: in removeSpuriousFiles, preserving file /data/data/com.android.providers.downloads/cache/metadata-256.htm
07-05 13:35:01.640   545  2882 I DownloadManager: in removeSpuriousFiles, preserving file /data/data/com.android.providers.downloads/cache/metadata-316.htm
07-05 13:35:01.640   545  2882 I DownloadManager: in removeSpuriousFiles, preserving file /data/data/com.android.providers.downloads/cache/metadata-1032.htm
07-05 13:35:01.640   545  2882 I DownloadManager: in removeSpuriousFiles, preserving file /data/data/com.android.providers.downloads/cache/metadata-1203.htm
07-05 13:35:01.644   545  2882 I DownloadManager: in removeSpuriousFiles, preserving file /data/data/com.android.providers.downloads/cache/metadata-514.htm
07-05 13:35:01.644   545  2882 I DownloadManager: in removeSpuriousFiles, preserving file /data/data/com.android.providers.downloads/cache/metadata-402.htm
07-05 13:35:01.644   545  2882 I DownloadManager: in removeSpuriousFiles, preserving file /data/data/com.android.providers.downloads/cache/metadata-498.htm
07-05 13:35:01.644   545  2882 I DownloadManager: in removeSpuriousFiles, preserving file /data/data/com.android.providers.downloads/cache/metadata-524.htm
07-05 13:35:01.644   545  2882 I DownloadManager: in removeSpuriousFiles, preserving file /data/data/com.android.providers.downloads/cache/metadata-715.htm
07-05 13:35:01.644   545  2882 I DownloadManager: in removeSpuriousFiles, preserving file /data/data/com.android.providers.downloads/cache/metadata-179.htm
07-05 13:35:01.644   545  2882 I DownloadManager: in removeSpuriousFiles, preserving file /data/data/com.android.providers.downloads/cache/metadata-330.htm
07-05 13:35:01.644   545  2882 I DownloadManager: in removeSpuriousFiles, preserving file /data/data/com.android.providers.downloads/cache/metadata-363.htm
07-05 13:35:01.644   545  2882 I DownloadManager: in removeSpuriousFiles, preserving file /data/data/com.android.providers.downloads/cache/metadata-244.htm
07-05 13:35:01.648   545  2882 I DownloadManager: in removeSpuriousFiles, preserving file /data/data/com.android.providers.downloads/cache/metadata-476.htm
07-05 13:35:01.648   545  2882 I DownloadManager: in removeSpuriousFiles, preserving file /data/data/com.android.providers.downloads/cache/metadata-456.htm
07-05 13:35:01.648   545  2882 I DownloadManager: in removeSpuriousFiles, preserving file /data/data/com.android.providers.downloads/cache/metadata-479.htm
07-05 13:35:01.648   545  2882 I DownloadManager: in removeSpuriousFiles, preserving file /data/data/com.android.providers.downloads/cache/metadata-492.htm
07-05 13:35:01.648   545  2882 I DownloadManager: in removeSpuriousFiles, preserving file /data/data/com.android.providers.downloads/cache/metadata-466.htm
07-05 13:35:01.648   545  2882 I DownloadManager: in removeSpuriousFiles, preserving file /data/data/com.android.providers.downloads/cache/metadata-173.htm
07-05 13:35:01.648   545  2882 I DownloadManager: in removeSpuriousFiles, preserving file /data/data/com.android.providers.downloads/cache/metadata-167.htm
07-05 13:35:01.648   545  2882 I DownloadManager: in removeSpuriousFiles, preserving file /data/data/com.android.providers.downloads/cache/metadata-69.htm
07-05 13:35:01.648   545  2882 I DownloadManager: in removeSpuriousFiles, preserving file /data/data/com.android.providers.downloads/cache/metadata-366.htm
07-05 13:35:01.652   545  2882 I DownloadManager: in removeSpuriousFiles, preserving file /data/data/com.android.providers.downloads/cache/metadata-86.htm
07-05 13:35:01.652   545  2882 I DownloadManager: in removeSpuriousFiles, preserving file /data/data/com.android.providers.downloads/cache/metadata-807.htm
07-05 13:35:01.652   545  2882 I DownloadManager: in removeSpuriousFiles, preserving file /data/data/com.android.providers.downloads/cache/metadata-509.htm
07-05 13:35:01.652   545  2882 I DownloadManager: in removeSpuriousFiles, preserving file /data/data/com.android.providers.downloads/cache/metadata-308.htm
07-05 13:35:01.652   545  2882 I DownloadManager: in removeSpuriousFiles, preserving file /data/data/com.android.providers.downloads/cache/metadata-177.htm
07-05 13:35:01.652   545  2882 I DownloadManager: in removeSpuriousFiles, preserving file /data/data/com.android.providers.downloads/cache/metadata-447.htm
07-05 13:35:01.652   545  2882 I DownloadManager: in removeSpuriousFiles, preserving file /data/data/com.android.providers.downloads/cache/metadata-538.htm
07-05 13:35:01.652   545  2882 I DownloadManager: in removeSpuriousFiles, preserving file /data/data/com.android.providers.downloads/cache/metadata-611.htm
07-05 13:35:01.656   545  2882 I DownloadManager: in removeSpuriousFiles, preserving file /data/data/com.android.providers.downloads/cache/metadata-1344.htm
07-05 13:35:01.656   545  2882 I DownloadManager: in removeSpuriousFiles, preserving file /data/data/com.android.providers.downloads/cache/metadata-293.htm
07-05 13:35:01.656   545  2882 I DownloadManager: in removeSpuriousFiles, preserving file /data/data/com.android.providers.downloads/cache/metadata-967.htm
07-05 13:35:01.656   545  2882 I DownloadManager: in removeSpuriousFiles, preserving file /data/data/com.android.providers.downloads/cache/metadata-1057.htm
07-05 13:35:01.656   545  2882 I DownloadManager: in removeSpuriousFiles, preserving file /data/data/com.android.providers.downloads/cache/metadata-499.htm
07-05 13:35:01.656   545  2882 I DownloadManager: in removeSpuriousFiles, preserving file /data/data/com.android.providers.downloads/cache/metadata-822.htm
07-05 13:35:01.656   545  2882 I DownloadManager: in removeSpuriousFiles, preserving file /data/data/com.android.providers.downloads/cache/metadata-1133.htm
07-05 13:35:01.656   545  2882 I DownloadManager: in removeSpuriousFiles, preserving file /data/data/com.android.providers.downloads/cache/metadata-448.htm
07-05 13:35:01.660   545  2882 I DownloadManager: in removeSpuriousFiles, preserving file /data/data/com.android.providers.downloads/cache/metadata-1263.htm
07-05 13:35:01.660   545  2882 I DownloadManager: in removeSpuriousFiles, preserving file /data/data/com.android.providers.downloads/cache/metadata-412.htm
07-05 13:35:01.660   545  2882 I DownloadManager: in removeSpuriousFiles, preserving file /data/data/com.android.providers.downloads/cache/metadata-423.htm
07-05 13:35:01.660   545  2882 I DownloadManager: in removeSpuriousFiles, preserving file /data/data/com.android.providers.downloads/cache/metadata-559.htm
07-05 13:35:01.660   545  2882 I DownloadManager: in removeSpuriousFiles, preserving file /data/data/com.android.providers.downloads/cache/metadata-2375.htm
07-05 13:35:01.660   545  2882 I DownloadManager: in removeSpuriousFiles, preserving file /data/data/com.android.providers.downloads/cache/metadata-1244.htm
07-05 13:35:01.660   545  2882 I DownloadManager: in removeSpuriousFiles, preserving file /data/data/com.android.providers.downloads/cache/metadata-1276.htm
07-05 13:35:01.664   545  2882 I DownloadManager: in removeSpuriousFiles, preserving file /data/data/com.android.providers.downloads/cache/metadata-346.htm
07-05 13:35:01.664   545  2882 I DownloadManager: in removeSpuriousFiles, preserving file /data/data/com.android.providers.downloads/cache/metadata-2386.htm
07-05 13:35:01.664   545  2882 I DownloadManager: in removeSpuriousFiles, preserving file /data/data/com.android.providers.downloads/cache/metadata-1012.htm
07-05 13:35:01.664   545  2882 I DownloadManager: in removeSpuriousFiles, preserving file /data/data/com.android.providers.downloads/cache/metadata-1360.htm
07-05 13:35:01.664   545  2882 I DownloadManager: in removeSpuriousFiles, preserving file /data/data/com.android.providers.downloads/cache/metadata-2108.htm
07-05 13:35:01.695   545   548 D dalvikvm: GC_CONCURRENT freed 562K, 8% free 10785K/11719K, paused 2ms+3ms
07-05 13:35:01.695   545  2882 I DownloadManager: in removeSpuriousFiles, preserving file /data/data/com.android.providers.downloads/cache/metadata-1006.htm
07-05 13:35:01.695   545  2882 I DownloadManager: in removeSpuriousFiles, preserving file /data/data/com.android.providers.downloads/cache/metadata-1107.htm
07-05 13:35:01.695   545  2882 I DownloadManager: in removeSpuriousFiles, preserving file /data/data/com.android.providers.downloads/cache/metadata-1108.htm
07-05 13:35:01.695   545  2882 I DownloadManager: in removeSpuriousFiles, preserving file /data/data/com.android.providers.downloads/cache/metadata-420.htm
07-05 13:35:01.695   545  2882 I DownloadManager: in removeSpuriousFiles, preserving file /data/data/com.android.providers.downloads/cache/metadata-1201.htm
07-05 13:35:01.695   545  2882 I DownloadManager: in removeSpuriousFiles, preserving file /data/data/com.android.providers.downloads/cache/metadata-961.htm
07-05 13:35:01.695   545  2882 I DownloadManager: in removeSpuriousFiles, preserving file /data/data/com.android.providers.downloads/cache/metadata-84.htm
07-05 13:35:01.699   545  2882 I DownloadManager: in removeSpuriousFiles, preserving file /data/data/com.android.providers.downloads/cache/metadata-376.htm
07-05 13:35:01.699   545  2882 I DownloadManager: in removeSpuriousFiles, preserving file /data/data/com.android.providers.downloads/cache/metadata-987.htm
07-05 13:35:01.699   545  2882 I DownloadManager: in removeSpuriousFiles, preserving file /data/data/com.android.providers.downloads/cache/metadata-1448.htm
07-05 13:35:01.699   545  2882 I DownloadManager: in removeSpuriousFiles, preserving file /data/data/com.android.providers.downloads/cache/metadata-892.htm
07-05 13:35:01.699   545  2882 I DownloadManager: in removeSpuriousFiles, preserving file /data/data/com.android.providers.downloads/cache/metadata-1173.htm
07-05 13:35:01.699   545  2882 I DownloadManager: in removeSpuriousFiles, preserving file /data/data/com.android.providers.downloads/cache/metadata-692.htm
07-05 13:35:01.703   545  2882 I DownloadManager: in removeSpuriousFiles, preserving file /data/data/com.android.providers.downloads/cache/metadata-2462.htm
07-05 13:35:01.703   545  2882 I DownloadManager: in removeSpuriousFiles, preserving file /data/data/com.android.providers.downloads/cache/metadata-1442.htm
07-05 13:35:01.703   545  2882 I DownloadManager: in removeSpuriousFiles, preserving file /data/data/com.android.providers.downloads/cache/metadata-1306.htm
07-05 13:35:01.703   545  2882 I DownloadManager: in removeSpuriousFiles, preserving file /data/data/com.android.providers.downloads/cache/metadata-1586.htm
07-05 13:35:01.703   545  2882 I DownloadManager: in removeSpuriousFiles, preserving file /data/data/com.android.providers.downloads/cache/metadata-2032.htm
07-05 13:35:01.703   545  2882 I DownloadManager: in removeSpuriousFiles, preserving file /data/data/com.android.providers.downloads/cache/metadata-1778.htm
07-05 13:35:01.707   545  2882 I DownloadManager: in removeSpuriousFiles, preserving file /data/data/com.android.providers.downloads/cache/metadata-2270.htm
07-05 13:35:01.707   545  2882 I DownloadManager: in removeSpuriousFiles, preserving file /data/data/com.android.providers.downloads/cache/metadata-1497.htm
07-05 13:35:01.707   545  2882 I DownloadManager: in removeSpuriousFiles, preserving file /data/data/com.android.providers.downloads/cache/metadata-1610.htm
07-05 13:35:01.707   545  2882 I DownloadManager: in removeSpuriousFiles, preserving file /data/data/com.android.providers.downloads/cache/metadata-1248.htm
07-05 13:35:01.707   545  2882 I DownloadManager: in removeSpuriousFiles, preserving file /data/data/com.android.providers.downloads/cache/metadata-1651.htm
07-05 13:35:01.707   545  2882 I DownloadManager: in removeSpuriousFiles, preserving file /data/data/com.android.providers.downloads/cache/metadata-1322.htm
07-05 13:35:01.711   545  2882 I DownloadManager: in removeSpuriousFiles, preserving file /data/data/com.android.providers.downloads/cache/metadata-541.htm
07-05 13:35:01.711   545  2882 I DownloadManager: in removeSpuriousFiles, preserving file /data/data/com.android.providers.downloads/cache/metadata-667.htm
07-05 13:35:01.711   545  2882 I DownloadManager: in removeSpuriousFiles, preserving file /data/data/com.android.providers.downloads/cache/metadata-1495.htm
07-05 13:35:01.711   545  2882 I DownloadManager: in removeSpuriousFiles, preserving file /data/data/com.android.providers.downloads/cache/metadata-1015.htm
07-05 13:35:01.711   545  2882 I DownloadManager: in removeSpuriousFiles, preserving file /data/data/com.android.providers.downloads/cache/metadata-779.htm
07-05 13:35:01.711   545  2882 I DownloadManager: in removeSpuriousFiles, preserving file /data/data/com.android.providers.downloads/cache/metadata-485.htm
07-05 13:35:01.718   545  2882 I DownloadManager: in removeSpuriousFiles, preserving file /data/data/com.android.providers.downloads/cache/metadata-1094.htm
07-05 13:35:01.718   545  2882 I DownloadManager: in removeSpuriousFiles, preserving file /data/data/com.android.providers.downloads/cache/metadata-396.htm
07-05 13:35:01.718   545  2882 I DownloadManager: in removeSpuriousFiles, preserving file /data/data/com.android.providers.downloads/cache/metadata-1825.htm
07-05 13:35:01.718   545  2882 I DownloadManager: in removeSpuriousFiles, preserving file /data/data/com.android.providers.downloads/cache/metadata-736.htm
07-05 13:35:01.718   545  2882 I DownloadManager: in removeSpuriousFiles, preserving file /data/data/com.android.providers.downloads/cache/metadata-966.htm
07-05 13:35:01.718   545  2882 I DownloadManager: in removeSpuriousFiles, preserving file /data/data/com.android.providers.downloads/cache/metadata-1085.htm
07-05 13:35:01.722   545  2882 I DownloadManager: in removeSpuriousFiles, preserving file /data/data/com.android.providers.downloads/cache/metadata-600.htm
07-05 13:35:01.722   545  2882 I DownloadManager: in removeSpuriousFiles, preserving file /data/data/com.android.providers.downloads/cache/metadata-1416.htm
07-05 13:35:01.722   545  2882 I DownloadManager: in removeSpuriousFiles, preserving file /data/data/com.android.providers.downloads/cache/metadata-2207.htm
07-05 13:35:01.722   545  2882 I DownloadManager: in removeSpuriousFiles, preserving file /data/data/com.android.providers.downloads/cache/metadata-98.htm
07-05 13:35:01.722   545  2882 I DownloadManager: in removeSpuriousFiles, preserving file /data/data/com.android.providers.downloads/cache/metadata-2465.htm
07-05 13:35:01.726   545  2882 I DownloadManager: in removeSpuriousFiles, preserving file /data/data/com.android.providers.downloads/cache/metadata-639.htm
07-05 13:35:01.726   545  2882 I DownloadManager: in removeSpuriousFiles, preserving file /data/data/com.android.providers.downloads/cache/metadata-1463.htm
07-05 13:35:01.726   545  2882 I DownloadManager: in removeSpuriousFiles, preserving file /data/data/com.android.providers.downloads/cache/metadata-554.htm
07-05 13:35:01.726   545  2882 I DownloadManager: in removeSpuriousFiles, preserving file /data/data/com.android.providers.downloads/cache/metadata-821.htm
07-05 13:35:01.726   545  2882 I DownloadManager: in removeSpuriousFiles, preserving file /data/data/com.android.providers.downloads/cache/metadata-2276.htm
07-05 13:35:01.730   545  2882 I DownloadManager: in removeSpuriousFiles, preserving file /data/data/com.android.providers.downloads/cache/metadata-1303.htm
07-05 13:35:01.730   545  2882 I DownloadManager: in removeSpuriousFiles, preserving file /data/data/com.android.providers.downloads/cache/metadata-1493.htm
07-05 13:35:01.730   545  2882 I DownloadManager: in removeSpuriousFiles, preserving file /data/data/com.android.providers.downloads/cache/metadata-1302.htm
07-05 13:35:01.730   545  2882 I DownloadManager: in removeSpuriousFiles, preserving file /data/data/com.android.providers.downloads/cache/metadata-881.htm
07-05 13:35:01.734   545  2882 I DownloadManager: in removeSpuriousFiles, preserving file /data/data/com.android.providers.downloads/cache/metadata-869.htm
07-05 13:35:01.734   545  2882 I DownloadManager: in removeSpuriousFiles, preserving file /data/data/com.android.providers.downloads/cache/metadata-648.htm
07-05 13:35:01.734   545  2882 I DownloadManager: in removeSpuriousFiles, preserving file /data/data/com.android.providers.downloads/cache/metadata-532.htm
07-05 13:35:01.734   545  2882 I DownloadManager: in removeSpuriousFiles, preserving file /data/data/com.android.providers.downloads/cache/metadata-4.htm
07-05 13:35:01.734   545  2882 I DownloadManager: in removeSpuriousFiles, preserving file /data/data/com.android.providers.downloads/cache/metadata-760.htm
07-05 13:35:01.734   545  2882 I DownloadManager: in removeSpuriousFiles, preserving file /data/data/com.android.providers.downloads/cache/metadata-6.htm
07-05 13:35:01.734   545  2882 I DownloadManager: in removeSpuriousFiles, preserving file /data/data/com.android.providers.downloads/cache/metadata-41.htm
07-05 13:35:01.734   545  2882 I DownloadManager: in removeSpuriousFiles, preserving file /data/data/com.android.providers.downloads/cache/metadata-393.htm
07-05 13:35:01.734   545  2882 I DownloadManager: in removeSpuriousFiles, preserving file /data/data/com.android.providers.downloads/cache/metadata-34.htm
07-05 13:35:01.738   545  2882 I DownloadManager: in removeSpuriousFiles, preserving file /data/data/com.android.providers.downloads/cache/metadata-19.htm
07-05 13:35:01.738   545  2882 I DownloadManager: in removeSpuriousFiles, preserving file /data/data/com.android.providers.downloads/cache/metadata-859.htm
07-05 13:35:01.738   545  2882 I DownloadManager: in removeSpuriousFiles, preserving file /data/data/com.android.providers.downloads/cache/metadata-18.htm
07-05 13:35:01.738   545  2882 I DownloadManager: in removeSpuriousFiles, preserving file /data/data/com.android.providers.downloads/cache/metadata-477.htm
07-05 13:35:01.738   545  2882 I DownloadManager: in removeSpuriousFiles, preserving file /data/data/com.android.providers.downloads/cache/metadata-484.htm
07-05 13:35:01.738   545  2882 I DownloadManager: in removeSpuriousFiles, preserving file /data/data/com.android.providers.downloads/cache/metadata-106.htm
07-05 13:35:01.738   545  2882 I DownloadManager: in removeSpuriousFiles, preserving file /data/data/com.android.providers.downloads/cache/metadata-603.htm
07-05 13:35:01.738   545  2882 I DownloadManager: in removeSpuriousFiles, preserving file /data/data/com.android.providers.downloads/cache/metadata-487.htm
07-05 13:35:01.738   545  2882 I DownloadManager: in removeSpuriousFiles, preserving file /data/data/com.android.providers.downloads/cache/metadata-1906.htm
07-05 13:35:01.738   545  2882 I DownloadManager: in removeSpuriousFiles, preserving file /data/data/com.android.providers.downloads/cache/metadata-134.htm
07-05 13:35:01.738   545  2882 I DownloadManager: in removeSpuriousFiles, preserving file /data/data/com.android.providers.downloads/cache/metadata-253.htm
07-05 13:35:01.738   545  2882 I DownloadManager: in removeSpuriousFiles, preserving file /data/data/com.android.providers.downloads/cache/metadata-916.htm
07-05 13:35:01.738   545  2882 I DownloadManager: in removeSpuriousFiles, preserving file /data/data/com.android.providers.downloads/cache/metadata-553.htm
07-05 13:35:01.742   545  2882 I DownloadManager: in removeSpuriousFiles, preserving file /data/data/com.android.providers.downloads/cache/metadata-391.htm
07-05 13:35:01.742   545  2882 I DownloadManager: in removeSpuriousFiles, preserving file /data/data/com.android.providers.downloads/cache/metadata-302.htm
07-05 13:35:01.742   545  2882 I DownloadManager: in removeSpuriousFiles, preserving file /data/data/com.android.providers.downloads/cache/metadata-285.htm
07-05 13:35:01.742   545  2882 I DownloadManager: in removeSpuriousFiles, preserving file /data/data/com.android.providers.downloads/cache/metadata-497.htm
07-05 13:35:01.742   545  2882 I DownloadManager: in removeSpuriousFiles, preserving file /data/data/com.android.providers.downloads/cache/metadata-129.htm
07-05 13:35:01.742   545  2882 I DownloadManager: in removeSpuriousFiles, preserving file /data/data/com.android.providers.downloads/cache/metadata-1001.htm
07-05 13:35:01.742   545  2882 I DownloadManager: in removeSpuriousFiles, preserving file /data/data/com.android.providers.downloads/cache/metadata-425.htm
07-05 13:35:01.742   545  2882 I DownloadManager: in removeSpuriousFiles, preserving file /data/data/com.android.providers.downloads/cache/metadata-449.htm
07-05 13:35:01.742   545  2882 I DownloadManager: in removeSpuriousFiles, preserving file /data/data/com.android.providers.downloads/cache/metadata-683.htm
07-05 13:35:01.742   545  2882 I DownloadManager: in removeSpuriousFiles, preserving file /data/data/com.android.providers.downloads/cache/metadata-339.htm
07-05 13:35:01.746   545  2882 I DownloadManager: in removeSpuriousFiles, preserving file /data/data/com.android.providers.downloads/cache/metadata-470.htm
07-05 13:35:01.746   545  2882 I DownloadManager: in removeSpuriousFiles, preserving file /data/data/com.android.providers.downloads/cache/metadata-1220.htm
07-05 13:35:01.746   545  2882 I DownloadManager: in removeSpuriousFiles, preserving file /data/data/com.android.providers.downloads/cache/metadata-534.htm
07-05 13:35:01.746   545  2882 I DownloadManager: in removeSpuriousFiles, preserving file /data/data/com.android.providers.downloads/cache/metadata-1600.htm
07-05 13:35:01.746   545  2882 I DownloadManager: in removeSpuriousFiles, preserving file /data/data/com.android.providers.downloads/cache/metadata-574.htm
07-05 13:35:01.746   545  2882 I DownloadManager: in removeSpuriousFiles, preserving file /data/data/com.android.providers.downloads/cache/metadata-355.htm
07-05 13:35:01.746   545  2882 I DownloadManager: in removeSpuriousFiles, preserving file /data/data/com.android.providers.downloads/cache/metadata-519.htm
07-05 13:35:01.746   545  2882 I DownloadManager: in removeSpuriousFiles, preserving file /data/data/com.android.providers.downloads/cache/metadata-1544.htm
07-05 13:35:01.750   545  2882 I DownloadManager: in removeSpuriousFiles, preserving file /data/data/com.android.providers.downloads/cache/metadata-279.htm
07-05 13:35:01.750   545  2882 I DownloadManager: in removeSpuriousFiles, preserving file /data/data/com.android.providers.downloads/cache/metadata-99.htm
07-05 13:35:01.750   545  2882 I DownloadManager: in removeSpuriousFiles, preserving file /data/data/com.android.providers.downloads/cache/metadata-431.htm
07-05 13:35:01.750   545  2882 I DownloadManager: in removeSpuriousFiles, preserving file /data/data/com.android.providers.downloads/cache/metadata-1346.htm
07-05 13:35:01.750   545  2882 I DownloadManager: in removeSpuriousFiles, preserving file /data/data/com.android.providers.downloads/cache/metadata-195.htm
07-05 13:35:01.750   545  2882 I DownloadManager: in removeSpuriousFiles, preserving file /data/data/com.android.providers.downloads/cache/metadata-581.htm
07-05 13:35:01.750   545  2882 I DownloadManager: in removeSpuriousFiles, preserving file /data/data/com.android.providers.downloads/cache/metadata-543.htm
07-05 13:35:01.750   545  2882 I DownloadManager: in removeSpuriousFiles, preserving file /data/data/com.android.providers.downloads/cache/metadata-528.htm
07-05 13:35:01.750   545  2882 I DownloadManager: in removeSpuriousFiles, preserving file /data/data/com.android.providers.downloads/cache/metadata-1494.htm
07-05 13:35:01.754   545  2882 I DownloadManager: in removeSpuriousFiles, preserving file /data/data/com.android.providers.downloads/cache/metadata-1065.htm
07-05 13:35:01.754   545  2882 I DownloadManager: in removeSpuriousFiles, preserving file /data/data/com.android.providers.downloads/cache/metadata-371.htm
07-05 13:35:01.754   545  2882 I DownloadManager: in removeSpuriousFiles, preserving file /data/data/com.android.providers.downloads/cache/metadata-1070.htm
07-05 13:35:01.754   545  2882 I DownloadManager: in removeSpuriousFiles, preserving file /data/data/com.android.providers.downloads/cache/metadata-512.htm
07-05 13:35:01.754   545  2882 I DownloadManager: in removeSpuriousFiles, preserving file /data/data/com.android.providers.downloads/cache/metadata-605.htm
07-05 13:35:01.754   545  2882 I DownloadManager: in removeSpuriousFiles, preserving file /data/data/com.android.providers.downloads/cache/metadata-863.htm
07-05 13:35:01.754   545  2882 I DownloadManager: in removeSpuriousFiles, preserving file /data/data/com.android.providers.downloads/cache/metadata-584.htm
07-05 13:35:01.754   545  2882 I DownloadManager: in removeSpuriousFiles, preserving file /data/data/com.android.providers.downloads/cache/metadata-752.htm
07-05 13:35:01.758   545  2882 I DownloadManager: in removeSpuriousFiles, preserving file /data/data/com.android.providers.downloads/cache/metadata-651.htm
07-05 13:35:01.758   545  2882 I DownloadManager: in removeSpuriousFiles, preserving file /data/data/com.android.providers.downloads/cache/metadata-337.htm
07-05 13:35:01.758   545  2882 I DownloadManager: in removeSpuriousFiles, preserving file /data/data/com.android.providers.downloads/cache/metadata-1445.htm
07-05 13:35:01.758   545  2882 I DownloadManager: in removeSpuriousFiles, preserving file /data/data/com.android.providers.downloads/cache/metadata-325.htm
07-05 13:35:01.758   545  2882 I DownloadManager: in removeSpuriousFiles, preserving file /data/data/com.android.providers.downloads/cache/metadata-666.htm
07-05 13:35:01.758   545  2882 I DownloadManager: in removeSpuriousFiles, preserving file /data/data/com.android.providers.downloads/cache/metadata-1483.htm
07-05 13:35:01.758   545  2882 I DownloadManager: in removeSpuriousFiles, preserving file /data/data/com.android.providers.downloads/cache/metadata-2841.htm
07-05 13:35:01.761   545  2882 I DownloadManager: in removeSpuriousFiles, preserving file /data/data/com.android.providers.downloads/cache/metadata-454.htm
07-05 13:35:01.761   545  2882 I DownloadManager: in removeSpuriousFiles, preserving file /data/data/com.android.providers.downloads/cache/metadata-557.htm
07-05 13:35:01.761   545  2882 I DownloadManager: in removeSpuriousFiles, preserving file /data/data/com.android.providers.downloads/cache/metadata-309.htm
07-05 13:35:01.761   545  2882 I DownloadManager: in removeSpuriousFiles, preserving file /data/data/com.android.providers.downloads/cache/metadata-471.htm
07-05 13:35:01.761   545  2882 I DownloadManager: in removeSpuriousFiles, preserving file /data/data/com.android.providers.downloads/cache/metadata-378.htm
07-05 13:35:01.761   545  2882 I DownloadManager: in removeSpuriousFiles, preserving file /data/data/com.android.providers.downloads/cache/metadata-1496.htm
07-05 13:35:01.761   545  2882 I DownloadManager: in removeSpuriousFiles, preserving file /data/data/com.android.providers.downloads/cache/metadata-1324.htm
07-05 13:35:01.761   545  2882 I DownloadManager: in removeSpuriousFiles, preserving file /data/data/com.android.providers.downloads/cache/metadata-730.htm
07-05 13:35:01.765   545  2882 I DownloadManager: in removeSpuriousFiles, preserving file /data/data/com.android.providers.downloads/cache/metadata-1728.htm
07-05 13:35:01.765   545  2882 I DownloadManager: in removeSpuriousFiles, preserving file /data/data/com.android.providers.downloads/cache/metadata-1169.htm
07-05 13:35:01.765   545  2882 I DownloadManager: in removeSpuriousFiles, preserving file /data/data/com.android.providers.downloads/cache/metadata-941.htm
07-05 13:35:01.765   545  2882 I DownloadManager: in removeSpuriousFiles, preserving file /data/data/com.android.providers.downloads/cache/metadata-706.htm
07-05 13:35:01.765   545  2882 I DownloadManager: in removeSpuriousFiles, preserving file /data/data/com.android.providers.downloads/cache/metadata-786.htm
07-05 13:35:01.765   545  2882 I DownloadManager: in removeSpuriousFiles, preserving file /data/data/com.android.providers.downloads/cache/metadata-1891.htm
07-05 13:35:01.765   545  2882 I DownloadManager: in removeSpuriousFiles, preserving file /data/data/com.android.providers.downloads/cache/metadata-546.htm
07-05 13:35:01.769   545  2882 I DownloadManager: in removeSpuriousFiles, preserving file /data/data/com.android.providers.downloads/cache/metadata-1945.htm
07-05 13:35:01.769   545  2882 I DownloadManager: in removeSpuriousFiles, preserving file /data/data/com.android.providers.downloads/cache/metadata-665.htm
07-05 13:35:01.769   545  2882 I DownloadManager: in removeSpuriousFiles, preserving file /data/data/com.android.providers.downloads/cache/metadata-2365.htm
07-05 13:35:01.769   545  2882 I DownloadManager: in removeSpuriousFiles, preserving file /data/data/com.android.providers.downloads/cache/metadata-223.htm
07-05 13:35:01.769   545  2882 I DownloadManager: in removeSpuriousFiles, preserving file /data/data/com.android.providers.downloads/cache/metadata-342.htm
07-05 13:35:01.769   545  2882 I DownloadManager: in removeSpuriousFiles, preserving file /data/data/com.android.providers.downloads/cache/metadata-591.htm
07-05 13:35:01.773   545  2882 I DownloadManager: in removeSpuriousFiles, preserving file /data/data/com.android.providers.downloads/cache/metadata-697.htm
07-05 13:35:01.773   545  2882 I DownloadManager: in removeSpuriousFiles, preserving file /data/data/com.android.providers.downloads/cache/metadata-200.htm
07-05 13:35:01.773   545  2882 I DownloadManager: in removeSpuriousFiles, preserving file /data/data/com.android.providers.downloads/cache/metadata-722.htm
07-05 13:35:01.773   545  2882 I DownloadManager: in removeSpuriousFiles, preserving file /data/data/com.android.providers.downloads/cache/metadata-225.htm
07-05 13:35:01.773   545  2882 I DownloadManager: in removeSpuriousFiles, preserving file /data/data/com.android.providers.downloads/cache/metadata-1674.htm
07-05 13:35:01.773   545  2882 I DownloadManager: in removeSpuriousFiles, preserving file /data/data/com.android.providers.downloads/cache/metadata-1206.htm
07-05 13:35:01.773   545  2882 I DownloadManager: in removeSpuriousFiles, preserving file /data/data/com.android.providers.downloads/cache/metadata-767.htm
07-05 13:35:01.777   545  2882 I DownloadManager: in removeSpuriousFiles, preserving file /data/data/com.android.providers.downloads/cache/metadata-1072.htm
07-05 13:35:01.777   545  2882 I DownloadManager: in removeSpuriousFiles, preserving file /data/data/com.android.providers.downloads/cache/metadata-352.htm
07-05 13:35:01.777   545  2882 I DownloadManager: in removeSpuriousFiles, preserving file /data/data/com.android.providers.downloads/cache/metadata-1466.htm
07-05 13:35:01.777   545  2882 I DownloadManager: in removeSpuriousFiles, preserving file /data/data/com.android.providers.downloads/cache/metadata-954.htm
07-05 13:35:01.777   545  2882 I DownloadManager: in removeSpuriousFiles, preserving file /data/data/com.android.providers.downloads/cache/metadata-379.htm
07-05 13:35:01.777   545  2882 I DownloadManager: in removeSpuriousFiles, preserving file /data/data/com.android.providers.downloads/cache/metadata-962.htm
07-05 13:35:01.781   545  2882 I DownloadManager: in removeSpuriousFiles, preserving file /data/data/com.android.providers.downloads/cache/metadata-785.htm
07-05 13:35:01.781   545  2882 I DownloadManager: in removeSpuriousFiles, preserving file /data/data/com.android.providers.downloads/cache/metadata-1229.htm
07-05 13:35:01.781   545  2882 I DownloadManager: in removeSpuriousFiles, preserving file /data/data/com.android.providers.downloads/cache/metadata-795.htm
07-05 13:35:01.781   545  2882 I DownloadManager: in removeSpuriousFiles, preserving file /data/data/com.android.providers.downloads/cache/metadata-1035.htm
07-05 13:35:01.781   545  2882 I DownloadManager: in removeSpuriousFiles, preserving file /data/data/com.android.providers.downloads/cache/metadata-545.htm
07-05 13:35:01.781   545  2882 I DownloadManager: in removeSpuriousFiles, preserving file /data/data/com.android.providers.downloads/cache/metadata-1155.htm
07-05 13:35:01.785   545  2882 I DownloadManager: in removeSpuriousFiles, preserving file /data/data/com.android.providers.downloads/cache/metadata-670.htm
07-05 13:35:01.785   545  2882 I DownloadManager: in removeSpuriousFiles, preserving file /data/data/com.android.providers.downloads/cache/metadata-1726.htm
07-05 13:35:01.785   545  2882 I DownloadManager: in removeSpuriousFiles, preserving file /data/data/com.android.providers.downloads/cache/metadata-433.htm
07-05 13:35:01.785   545  2882 I DownloadManager: in removeSpuriousFiles, preserving file /data/data/com.android.providers.downloads/cache/metadata-1016.htm
07-05 13:35:01.785   545  2882 I DownloadManager: in removeSpuriousFiles, preserving file /data/data/com.android.providers.downloads/cache/metadata-623.htm
07-05 13:35:01.785   545  2882 I DownloadManager: in removeSpuriousFiles, preserving file /data/data/com.android.providers.downloads/cache/metadata-1523.htm
07-05 13:35:01.789   545  2882 I DownloadManager: in removeSpuriousFiles, preserving file /data/data/com.android.providers.downloads/cache/metadata-679.htm
07-05 13:35:01.789   545  2882 I DownloadManager: in removeSpuriousFiles, preserving file /data/data/com.android.providers.downloads/cache/metadata-542.htm
07-05 13:35:01.789   545  2882 I DownloadManager: in removeSpuriousFiles, preserving file /data/data/com.android.providers.downloads/cache/metadata-816.htm
07-05 13:35:01.789   545  2882 I DownloadManager: in removeSpuriousFiles, preserving file /data/data/com.android.providers.downloads/cache/metadata-1202.htm
07-05 13:35:01.789   545  2882 I DownloadManager: in removeSpuriousFiles, preserving file /data/data/com.android.providers.downloads/cache/metadata-1078.htm
07-05 13:35:01.793   545  2882 I DownloadManager: in removeSpuriousFiles, preserving file /data/data/com.android.providers.downloads/cache/metadata-1171.htm
07-05 13:35:01.793   545  2882 I DownloadManager: in removeSpuriousFiles, preserving file /data/data/com.android.providers.downloads/cache/metadata-990.htm
07-05 13:35:01.793   545  2882 I DownloadManager: in removeSpuriousFiles, preserving file /data/data/com.android.providers.downloads/cache/metadata-614.htm
07-05 13:35:01.793   545  2882 I DownloadManager: in removeSpuriousFiles, preserving file /data/data/com.android.providers.downloads/cache/metadata-628.htm
07-05 13:35:01.793   545  2882 I DownloadManager: in removeSpuriousFiles, preserving file /data/data/com.android.providers.downloads/cache/metadata-1824.htm
07-05 13:35:01.800   545  2882 I DownloadManager: in removeSpuriousFiles, preserving file /data/data/com.android.providers.downloads/cache/metadata-1210.htm
07-05 13:35:01.800   545  2882 I DownloadManager: in removeSpuriousFiles, preserving file /data/data/com.android.providers.downloads/cache/metadata-1148.htm
07-05 13:35:01.800   545  2882 I DownloadManager: in removeSpuriousFiles, preserving file /data/data/com.android.providers.downloads/cache/metadata-1170.htm
07-05 13:35:01.800   545  2882 I DownloadManager: in removeSpuriousFiles, preserving file /data/data/com.android.providers.downloads/cache/metadata-547.htm
07-05 13:35:01.800   545  2882 I DownloadManager: in removeSpuriousFiles, preserving file /data/data/com.android.providers.downloads/cache/metadata-1889.htm
07-05 13:35:01.800   545  2882 I DownloadManager: in removeSpuriousFiles, preserving file /data/data/com.android.providers.downloads/cache/metadata-533.htm
07-05 13:35:01.800   545  2882 I DownloadManager: in removeSpuriousFiles, preserving file /data/data/com.android.providers.downloads/cache/metadata-588.htm
07-05 13:35:01.800   545  2882 I DownloadManager: in removeSpuriousFiles, preserving file /data/data/com.android.providers.downloads/cache/metadata-1.htm
07-05 13:35:01.800   545  2882 I DownloadManager: in removeSpuriousFiles, preserving file /data/data/com.android.providers.downloads/cache/metadata-46.htm
07-05 13:35:01.800   545  2882 I DownloadManager: in removeSpuriousFiles, preserving file /data/data/com.android.providers.downloads/cache/metadata-2.htm
07-05 13:35:01.800   545  2882 I DownloadManager: in removeSpuriousFiles, preserving file /data/data/com.android.providers.downloads/cache/metadata-282.htm
07-05 13:35:01.800   545  2882 I DownloadManager: in removeSpuriousFiles, preserving file /data/data/com.android.providers.downloads/cache/metadata-13.htm
07-05 13:35:01.800   545  2882 I DownloadManager: in removeSpuriousFiles, preserving file /data/data/com.android.providers.downloads/cache/metadata-28.htm
07-05 13:35:01.800   545  2882 I DownloadManager: in removeSpuriousFiles, preserving file /data/data/com.android.providers.downloads/cache/metadata-47.htm
07-05 13:35:01.800   545  2882 I DownloadManager: in removeSpuriousFiles, preserving file /data/data/com.android.providers.downloads/cache/metadata-23.htm
07-05 13:35:01.800   545  2882 I DownloadManager: in removeSpuriousFiles, preserving file /data/data/com.android.providers.downloads/cache/metadata-51.htm
07-05 13:35:01.800   545  2882 I DownloadManager: in removeSpuriousFiles, preserving file /data/data/com.android.providers.downloads/cache/metadata-22.htm
07-05 13:35:01.800   545  2882 I DownloadManager: in removeSpuriousFiles, preserving file /data/data/com.android.providers.downloads/cache/metadata-442.htm
07-05 13:35:01.800   545  2882 I DownloadManager: in removeSpuriousFiles, preserving file /data/data/com.android.providers.downloads/cache/metadata-56.htm
07-05 13:35:01.808   545  2882 I DownloadManager: in removeSpuriousFiles, preserving file /data/data/com.android.providers.downloads/cache/metadata-12.htm
07-05 13:35:01.808   545  2882 I DownloadManager: in removeSpuriousFiles, preserving file /data/data/com.android.providers.downloads/cache/metadata-35.htm
07-05 13:35:01.808   545  2882 I DownloadManager: in removeSpuriousFiles, preserving file /data/data/com.android.providers.downloads/cache/metadata-731.htm
07-05 13:35:01.808   545  2882 I DownloadManager: in removeSpuriousFiles, preserving file /data/data/com.android.providers.downloads/cache/metadata-1936.htm
07-05 13:35:01.808   545  2882 I DownloadManager: in removeSpuriousFiles, preserving file /data/data/com.android.providers.downloads/cache/metadata-564.htm
07-05 13:35:01.808   545  2882 I DownloadManager: in removeSpuriousFiles, preserving file /data/data/com.android.providers.downloads/cache/metadata-549.htm
07-05 13:35:01.808   545  2882 I DownloadManager: in removeSpuriousFiles, preserving file /data/data/com.android.providers.downloads/cache/metadata-945.htm
07-05 13:35:01.808   545  2882 I DownloadManager: in removeSpuriousFiles, preserving file /data/data/com.android.providers.downloads/cache/metadata-932.htm
07-05 13:35:01.808   545  2882 I DownloadManager: in removeSpuriousFiles, preserving file /data/data/com.android.providers.downloads/cache/metadata-931.htm
07-05 13:35:01.808   545  2882 I DownloadManager: in removeSpuriousFiles, preserving file /data/data/com.android.providers.downloads/cache/metadata-820.htm
07-05 13:35:01.808   545  2882 I DownloadManager: in removeSpuriousFiles, preserving file /data/data/com.android.providers.downloads/cache/metadata-2571.htm
07-05 13:35:01.812   545  2882 I DownloadManager: in removeSpuriousFiles, preserving file /data/data/com.android.providers.downloads/cache/metadata-587.htm
07-05 13:35:01.812   545  2882 I DownloadManager: in removeSpuriousFiles, preserving file /data/data/com.android.providers.downloads/cache/metadata-769.htm
07-05 13:35:01.812   545  2882 I DownloadManager: in removeSpuriousFiles, preserving file /data/data/com.android.providers.downloads/cache/metadata-530.htm
07-05 13:35:01.812   545  2882 I DownloadManager: in removeSpuriousFiles, preserving file /data/data/com.android.providers.downloads/cache/metadata-464.htm
07-05 13:35:01.812   545  2882 I DownloadManager: in removeSpuriousFiles, preserving file /data/data/com.android.providers.downloads/cache/metadata-851.htm
07-05 13:35:01.812   545  2882 I DownloadManager: in removeSpuriousFiles, preserving file /data/data/com.android.providers.downloads/cache/metadata-489.htm
07-05 13:35:01.812   545  2882 I DownloadManager: in removeSpuriousFiles, preserving file /data/data/com.android.providers.downloads/cache/metadata-1581.htm
07-05 13:35:01.812   545  2882 I DownloadManager: in removeSpuriousFiles, preserving file /data/data/com.android.providers.downloads/cache/metadata-1387.htm
07-05 13:35:01.812   545  2882 I DownloadManager: in removeSpuriousFiles, preserving file /data/data/com.android.providers.downloads/cache/metadata-496.htm
07-05 13:35:01.816   545  2882 I DownloadManager: in removeSpuriousFiles, preserving file /data/data/com.android.providers.downloads/cache/metadata-1226.htm
07-05 13:35:01.816   545  2882 I DownloadManager: in removeSpuriousFiles, preserving file /data/data/com.android.providers.downloads/cache/metadata-513.htm
07-05 13:35:01.816   545  2882 I DownloadManager: in removeSpuriousFiles, preserving file /data/data/com.android.providers.downloads/cache/metadata-1429.htm
07-05 13:35:01.816   545  2882 I DownloadManager: in removeSpuriousFiles, preserving file /data/data/com.android.providers.downloads/cache/metadata-1260.htm
07-05 13:35:01.816   545  2882 I DownloadManager: in removeSpuriousFiles, preserving file /data/data/com.android.providers.downloads/cache/metadata-871.htm
07-05 13:35:01.816   545  2882 I DownloadManager: in removeSpuriousFiles, preserving file /data/data/com.android.providers.downloads/cache/metadata-875.htm
07-05 13:35:01.816   545  2882 I DownloadManager: in removeSpuriousFiles, preserving file /data/data/com.android.providers.downloads/cache/metadata-1528.htm
07-05 13:35:01.816   545  2882 I DownloadManager: in removeSpuriousFiles, preserving file /data/data/com.android.providers.downloads/cache/metadata-1520.htm
07-05 13:35:01.816   545  2882 I DownloadManager: in removeSpuriousFiles, preserving file /data/data/com.android.providers.downloads/cache/metadata-1383.htm
07-05 13:35:01.820   545  2882 I DownloadManager: in removeSpuriousFiles, preserving file /data/data/com.android.providers.downloads/cache/metadata-443.htm
07-05 13:35:01.820   545  2882 I DownloadManager: in removeSpuriousFiles, preserving file /data/data/com.android.providers.downloads/cache/metadata-610.htm
07-05 13:35:01.820   545  2882 I DownloadManager: in removeSpuriousFiles, preserving file /data/data/com.android.providers.downloads/cache/metadata-687.htm
07-05 13:35:01.820   545  2882 I DownloadManager: in removeSpuriousFiles, preserving file /data/data/com.android.providers.downloads/cache/metadata-434.htm
07-05 13:35:01.820   545  2882 I DownloadManager: in removeSpuriousFiles, preserving file /data/data/com.android.providers.downloads/cache/metadata-2004.htm
07-05 13:35:01.820   545  2882 I DownloadManager: in removeSpuriousFiles, preserving file /data/data/com.android.providers.downloads/cache/metadata-1242.htm
07-05 13:35:01.820   545  2882 I DownloadManager: in removeSpuriousFiles, preserving file /data/data/com.android.providers.downloads/cache/metadata-775.htm
07-05 13:35:01.820   545  2882 I DownloadManager: in removeSpuriousFiles, preserving file /data/data/com.android.providers.downloads/cache/metadata-503.htm
07-05 13:35:01.824   545  2882 I DownloadManager: in removeSpuriousFiles, preserving file /data/data/com.android.providers.downloads/cache/metadata-935.htm
07-05 13:35:01.824   545  2882 I DownloadManager: in removeSpuriousFiles, preserving file /data/data/com.android.providers.downloads/cache/metadata-491.htm
07-05 13:35:01.824   545  2882 I DownloadManager: in removeSpuriousFiles, preserving file /data/data/com.android.providers.downloads/cache/metadata-964.htm
07-05 13:35:01.824   545  2882 I DownloadManager: in removeSpuriousFiles, preserving file /data/data/com.android.providers.downloads/cache/metadata-1222.htm
07-05 13:35:01.824   545  2882 I DownloadManager: in removeSpuriousFiles, preserving file /data/data/com.android.providers.downloads/cache/metadata-688.htm
07-05 13:35:01.824   545  2882 I DownloadManager: in removeSpuriousFiles, preserving file /data/data/com.android.providers.downloads/cache/metadata-1259.htm
07-05 13:35:01.824   545  2882 I DownloadManager: in removeSpuriousFiles, preserving file /data/data/com.android.providers.downloads/cache/metadata-2261.htm
07-05 13:35:01.824   545  2882 I DownloadManager: in removeSpuriousFiles, preserving file /data/data/com.android.providers.downloads/cache/metadata-2258.htm
07-05 13:35:01.824   545  2882 I DownloadManager: in removeSpuriousFiles, preserving file /data/data/com.android.providers.downloads/cache/metadata-2339.htm
07-05 13:35:01.828   545  2882 I DownloadManager: in removeSpuriousFiles, preserving file /data/data/com.android.providers.downloads/cache/metadata-771.htm
07-05 13:35:01.828   545  2882 I DownloadManager: in removeSpuriousFiles, preserving file /data/data/com.android.providers.downloads/cache/metadata-481.htm
07-05 13:35:01.828   545  2882 I DownloadManager: in removeSpuriousFiles, preserving file /data/data/com.android.providers.downloads/cache/metadata-2140.htm
07-05 13:35:01.828   545  2882 I DownloadManager: in removeSpuriousFiles, preserving file /data/data/com.android.providers.downloads/cache/metadata-495.htm
07-05 13:35:01.828   545  2882 I DownloadManager: in removeSpuriousFiles, preserving file /data/data/com.android.providers.downloads/cache/metadata-1112.htm
07-05 13:35:01.828   545  2882 I DownloadManager: in removeSpuriousFiles, preserving file /data/data/com.android.providers.downloads/cache/metadata-1622.htm
07-05 13:35:01.828   545  2882 I DownloadManager: in removeSpuriousFiles, preserving file /data/data/com.android.providers.downloads/cache/metadata-800.htm
07-05 13:35:01.828   545  2882 I DownloadManager: in removeSpuriousFiles, preserving file /data/data/com.android.providers.downloads/cache/metadata-1444.htm
07-05 13:35:01.832   545  2882 I DownloadManager: in removeSpuriousFiles, preserving file /data/data/com.android.providers.downloads/cache/metadata-1101.htm
07-05 13:35:01.832   545  2882 I DownloadManager: in removeSpuriousFiles, preserving file /data/data/com.android.providers.downloads/cache/metadata-802.htm
07-05 13:35:01.832   545  2882 I DownloadManager: in removeSpuriousFiles, preserving file /data/data/com.android.providers.downloads/cache/metadata-970.htm
07-05 13:35:01.832   545  2882 I DownloadManager: in removeSpuriousFiles, preserving file /data/data/com.android.providers.downloads/cache/metadata-776.htm
07-05 13:35:01.832   545  2882 I DownloadManager: in removeSpuriousFiles, preserving file /data/data/com.android.providers.downloads/cache/metadata-1113.htm
07-05 13:35:01.832   545  2882 I DownloadManager: in removeSpuriousFiles, preserving file /data/data/com.android.providers.downloads/cache/metadata-784.htm
07-05 13:35:01.832   545  2882 I DownloadManager: in removeSpuriousFiles, preserving file /data/data/com.android.providers.downloads/cache/metadata-901.htm
07-05 13:35:01.832   545  2882 I DownloadManager: in removeSpuriousFiles, preserving file /data/data/com.android.providers.downloads/cache/metadata-1326.htm
07-05 13:35:01.836   545  2882 I DownloadManager: in removeSpuriousFiles, preserving file /data/data/com.android.providers.downloads/cache/metadata-1690.htm
07-05 13:35:01.836   545  2882 I DownloadManager: in removeSpuriousFiles, preserving file /data/data/com.android.providers.downloads/cache/metadata-668.htm
07-05 13:35:01.836   545  2882 I DownloadManager: in removeSpuriousFiles, preserving file /data/data/com.android.providers.downloads/cache/metadata-1358.htm
07-05 13:35:01.836   545  2882 I DownloadManager: in removeSpuriousFiles, preserving file /data/data/com.android.providers.downloads/cache/metadata-894.htm
07-05 13:35:01.836   545  2882 I DownloadManager: in removeSpuriousFiles, preserving file /data/data/com.android.providers.downloads/cache/metadata-633.htm
07-05 13:35:01.836   545  2882 I DownloadManager: in removeSpuriousFiles, preserving file /data/data/com.android.providers.downloads/cache/metadata-675.htm
07-05 13:35:01.836   545  2882 I DownloadManager: in removeSpuriousFiles, preserving file /data/data/com.android.providers.downloads/cache/metadata-1067.htm
07-05 13:35:01.840   545  2882 I DownloadManager: in removeSpuriousFiles, preserving file /data/data/com.android.providers.downloads/cache/metadata-1949.htm
07-05 13:35:01.840   545  2882 I DownloadManager: in removeSpuriousFiles, preserving file /data/data/com.android.providers.downloads/cache/metadata-1237.htm
07-05 13:35:01.840   545  2882 I DownloadManager: in removeSpuriousFiles, preserving file /data/data/com.android.providers.downloads/cache/metadata-1427.htm
07-05 13:35:01.840   545  2882 I DownloadManager: in removeSpuriousFiles, preserving file /data/data/com.android.providers.downloads/cache/metadata-2115.htm
07-05 13:35:01.840   545  2882 I DownloadManager: in removeSpuriousFiles, preserving file /data/data/com.android.providers.downloads/cache/metadata-1257.htm
07-05 13:35:01.840   545  2882 I DownloadManager: in removeSpuriousFiles, preserving file /data/data/com.android.providers.downloads/cache/metadata-1527.htm
07-05 13:35:01.840   545  2882 I DownloadManager: in removeSpuriousFiles, preserving file /data/data/com.android.providers.downloads/cache/metadata-1430.htm
07-05 13:35:01.843   545  2882 I DownloadManager: in removeSpuriousFiles, preserving file /data/data/com.android.providers.downloads/cache/metadata-1438.htm
07-05 13:35:01.843   545  2882 I DownloadManager: in removeSpuriousFiles, preserving file /data/data/com.android.providers.downloads/cache/metadata-474.htm
07-05 13:35:01.843   545  2882 I DownloadManager: in removeSpuriousFiles, preserving file /data/data/com.android.providers.downloads/cache/metadata-671.htm
07-05 13:35:01.843   545  2882 I DownloadManager: in removeSpuriousFiles, preserving file /data/data/com.android.providers.downloads/cache/metadata-1349.htm
07-05 13:35:01.843   545  2882 I DownloadManager: in removeSpuriousFiles, preserving file /data/data/com.android.providers.downloads/cache/metadata-631.htm
07-05 13:35:01.843   545  2882 I DownloadManager: in removeSpuriousFiles, preserving file /data/data/com.android.providers.downloads/cache/metadata-2168.htm
07-05 13:35:01.843   545  2882 I DownloadManager: in removeSpuriousFiles, preserving file /data/data/com.android.providers.downloads/cache/metadata-1574.htm
07-05 13:35:01.847   545  2882 I DownloadManager: in removeSpuriousFiles, preserving file /data/data/com.android.providers.downloads/cache/metadata-868.htm
07-05 13:35:01.847   545  2882 I DownloadManager: in removeSpuriousFiles, preserving file /data/data/com.android.providers.downloads/cache/metadata-2214.htm
07-05 13:35:01.847   545  2882 I DownloadManager: in removeSpuriousFiles, preserving file /data/data/com.android.providers.downloads/cache/metadata-1859.htm
07-05 13:35:01.847   545  2882 I DownloadManager: in removeSpuriousFiles, preserving file /data/data/com.android.providers.downloads/cache/metadata-866.htm
07-05 13:35:01.847   545  2882 I DownloadManager: in removeSpuriousFiles, preserving file /data/data/com.android.providers.downloads/cache/metadata-634.htm
07-05 13:35:01.847   545  2882 I DownloadManager: in removeSpuriousFiles, preserving file /data/data/com.android.providers.downloads/cache/metadata-1037.htm
07-05 13:35:01.851   545  2882 I DownloadManager: in removeSpuriousFiles, preserving file /data/data/com.android.providers.downloads/cache/metadata-2044.htm
07-05 13:35:01.851   545  2882 I DownloadManager: in removeSpuriousFiles, preserving file /data/data/com.android.providers.downloads/cache/metadata-1599.htm
07-05 13:35:01.851   545  2882 I DownloadManager: in removeSpuriousFiles, preserving file /data/data/com.android.providers.downloads/cache/metadata-2077.htm
07-05 13:35:01.851   545  2882 I DownloadManager: in removeSpuriousFiles, preserving file /data/data/com.android.providers.downloads/cache/metadata-1363.htm
07-05 13:35:01.851   545  2882 I DownloadManager: in removeSpuriousFiles, preserving file /data/data/com.android.providers.downloads/cache/metadata-166.htm
07-05 13:35:01.851   545  2882 I DownloadManager: in removeSpuriousFiles, preserving file /data/data/com.android.providers.downloads/cache/metadata-1132.htm
07-05 13:35:01.851   545  2882 I DownloadManager: in removeSpuriousFiles, preserving file /data/data/com.android.providers.downloads/cache/metadata-1398.htm
07-05 13:35:01.855   545  2882 I DownloadManager: in removeSpuriousFiles, preserving file /data/data/com.android.providers.downloads/cache/metadata-2727.htm
07-05 13:35:01.855   545  2882 I DownloadManager: in removeSpuriousFiles, preserving file /data/data/com.android.providers.downloads/cache/metadata-1030.htm
07-05 13:35:01.855   545  2882 I DownloadManager: in removeSpuriousFiles, preserving file /data/data/com.android.providers.downloads/cache/metadata-1243.htm
07-05 13:35:01.855   545  2882 I DownloadManager: in removeSpuriousFiles, preserving file /data/data/com.android.providers.downloads/cache/metadata-1547.htm
07-05 13:35:01.855   545  2882 I DownloadManager: in removeSpuriousFiles, preserving file /data/data/com.android.providers.downloads/cache/metadata-1827.htm
07-05 13:35:01.855   545  2882 I DownloadManager: in removeSpuriousFiles, preserving file /data/data/com.android.providers.downloads/cache/metadata-1743.htm
07-05 13:35:01.859   545  2882 I DownloadManager: in removeSpuriousFiles, preserving file /data/data/com.android.providers.downloads/cache/metadata-1449.htm
07-05 13:35:01.859   545  2882 I DownloadManager: in removeSpuriousFiles, preserving file /data/data/com.android.providers.downloads/cache/metadata-831.htm
07-05 13:35:01.859   545  2882 I DownloadManager: in removeSpuriousFiles, preserving file /data/data/com.android.providers.downloads/cache/metadata-1068.htm
07-05 13:35:01.859   545  2882 I DownloadManager: in removeSpuriousFiles, preserving file /data/data/com.android.providers.downloads/cache/metadata-1219.htm
07-05 13:35:01.859   545  2882 I DownloadManager: in removeSpuriousFiles, preserving file /data/data/com.android.providers.downloads/cache/metadata-1571.htm
07-05 13:35:01.863   545  2882 I DownloadManager: in removeSpuriousFiles, preserving file /data/data/com.android.providers.downloads/cache/metadata-1911.htm
07-05 13:35:01.863   545  2882 I DownloadManager: in removeSpuriousFiles, preserving file /data/data/com.android.providers.downloads/cache/metadata-1354.htm
07-05 13:35:01.863   545  2882 I DownloadManager: in removeSpuriousFiles, preserving file /data/data/com.android.providers.downloads/cache/metadata-527.htm
07-05 13:35:01.863   545  2882 I DownloadManager: in removeSpuriousFiles, preserving file /data/data/com.android.providers.downloads/cache/metadata-1062.htm
07-05 13:35:01.863   545  2882 I DownloadManager: in removeSpuriousFiles, preserving file /data/data/com.android.providers.downloads/cache/metadata-1191.htm
07-05 13:35:01.863   545  2882 I DownloadManager: in removeSpuriousFiles, preserving file /data/data/com.android.providers.downloads/cache/metadata-8.htm
07-05 13:35:01.863   545  2882 I DownloadManager: in removeSpuriousFiles, preserving file /data/data/com.android.providers.downloads/cache/metadata-15.htm
07-05 13:35:01.863   545  2882 I DownloadManager: in removeSpuriousFiles, preserving file /data/data/com.android.providers.downloads/cache/metadata-24.htm
07-05 13:35:01.867   545  2882 I DownloadManager: in removeSpuriousFiles, preserving file /data/data/com.android.providers.downloads/cache/metadata-62.htm
07-05 13:35:01.867   545  2882 I DownloadManager: in removeSpuriousFiles, preserving file /data/data/com.android.providers.downloads/cache/metadata-36.htm
07-05 13:35:01.867   545  2882 I DownloadManager: in removeSpuriousFiles, preserving file /data/data/com.android.providers.downloads/cache/metadata-54.htm
07-05 13:35:01.867   545  2882 I DownloadManager: in removeSpuriousFiles, preserving file /data/data/com.android.providers.downloads/cache/metadata-1331.htm
07-05 13:35:01.867   545  2882 I DownloadManager: in removeSpuriousFiles, preserving file /data/data/com.android.providers.downloads/cache/metadata-174.htm
07-05 13:35:01.867   545  2882 I DownloadManager: in removeSpuriousFiles, preserving file /data/data/com.android.providers.downloads/cache/metadata-55.htm
07-05 13:35:01.867   545  2882 I DownloadManager: in removeSpuriousFiles, preserving file /data/data/com.android.providers.downloads/cache/metadata-757.htm
07-05 13:35:01.867   545  2882 I DownloadManager: in removeSpuriousFiles, preserving file /data/data/com.android.providers.downloads/cache/metadata-91.htm
07-05 13:35:01.867   545  2882 I DownloadManager: in removeSpuriousFiles, preserving file /data/data/com.android.providers.downloads/cache/metadata-1319.htm
07-05 13:35:01.867   545  2882 I DownloadManager: in removeSpuriousFiles, preserving file /data/data/com.android.providers.downloads/cache/metadata-58.htm
07-05 13:35:01.867   545  2882 I DownloadManager: in removeSpuriousFiles, preserving file /data/data/com.android.providers.downloads/cache/metadata-67.htm
07-05 13:35:01.867   545  2882 I DownloadManager: in removeSpuriousFiles, preserving file /data/data/com.android.providers.downloads/cache/metadata-501.htm
07-05 13:35:01.867   545  2882 I DownloadManager: in removeSpuriousFiles, preserving file /data/data/com.android.providers.downloads/cache/metadata-11.htm
07-05 13:35:01.867   545  2882 I DownloadManager: in removeSpuriousFiles, preserving file /data/data/com.android.providers.downloads/cache/metadata-561.htm
07-05 13:35:01.867   545  2882 I DownloadManager: in removeSpuriousFiles, preserving file /data/data/com.android.providers.downloads/cache/metadata-556.htm
07-05 13:35:01.867   545  2882 I DownloadManager: in removeSpuriousFiles, preserving file /data/data/com.android.providers.downloads/cache/metadata-475.htm
07-05 13:35:01.867   545  2882 I DownloadManager: in removeSpuriousFiles, preserving file /data/data/com.android.providers.downloads/cache/metadata-60.htm
07-05 13:35:01.867   545  2882 I DownloadManager: in removeSpuriousFiles, preserving file /data/data/com.android.providers.downloads/cache/metadata-539.htm
07-05 13:35:01.867   545  2882 I DownloadManager: in removeSpuriousFiles, preserving file /data/data/com.android.providers.downloads/cache/metadata-153.htm
07-05 13:35:01.867   545  2882 I DownloadManager: in removeSpuriousFiles, preserving file /data/data/com.android.providers.downloads/cache/metadata-1471.htm
07-05 13:35:01.867   545  2882 I DownloadManager: in removeSpuriousFiles, preserving file /data/data/com.android.providers.downloads/cache/metadata-526.htm
07-05 13:35:01.867   545  2882 I DownloadManager: in removeSpuriousFiles, preserving file /data/data/com.android.providers.downloads/cache/metadata-845.htm
07-05 13:35:01.867   545  2882 I DownloadManager: in removeSpuriousFiles, preserving file /data/data/com.android.providers.downloads/cache/metadata-1052.htm
07-05 13:35:01.867   545  2882 I DownloadManager: in removeSpuriousFiles, preserving file /data/data/com.android.providers.downloads/cache/metadata-1794.htm
07-05 13:35:01.867   545  2882 I DownloadManager: in removeSpuriousFiles, preserving file /data/data/com.android.providers.downloads/cache/metadata-511.htm
07-05 13:35:01.871   545  2882 I DownloadManager: in removeSpuriousFiles, preserving file /data/data/com.android.providers.downloads/cache/metadata-230.htm
07-05 13:35:01.871   545  2882 I DownloadManager: in removeSpuriousFiles, preserving file /data/data/com.android.providers.downloads/cache/metadata-245.htm
07-05 13:35:01.871   545  2882 I DownloadManager: in removeSpuriousFiles, preserving file /data/data/com.android.providers.downloads/cache/metadata-1093.htm
07-05 13:35:01.871   545  2882 I DownloadManager: in removeSpuriousFiles, preserving file /data/data/com.android.providers.downloads/cache/metadata-1140.htm
07-05 13:35:01.871   545  2882 I DownloadManager: in removeSpuriousFiles, preserving file /data/data/com.android.providers.downloads/cache/metadata-580.htm
07-05 13:35:01.871   545  2882 I DownloadManager: in removeSpuriousFiles, preserving file /data/data/com.android.providers.downloads/cache/metadata-789.htm
07-05 13:35:01.871   545  2882 I DownloadManager: in removeSpuriousFiles, preserving file /data/data/com.android.providers.downloads/cache/metadata-130.htm
07-05 13:35:01.871   545  2882 I DownloadManager: in removeSpuriousFiles, preserving file /data/data/com.android.providers.downloads/cache/metadata-143.htm
07-05 13:35:01.871   545  2882 I DownloadManager: in removeSpuriousFiles, preserving file /data/data/com.android.providers.downloads/cache/metadata-1406.htm
07-05 13:35:01.871   545  2882 I DownloadManager: in removeSpuriousFiles, preserving file /data/data/com.android.providers.downloads/cache/metadata-1950.htm
07-05 13:35:01.871   545  2882 I DownloadManager: in removeSpuriousFiles, preserving file /data/data/com.android.providers.downloads/cache/metadata-199.htm
07-05 13:35:01.871   545  2882 I DownloadManager: in removeSpuriousFiles, preserving file /data/data/com.android.providers.downloads/cache/metadata-395.htm
07-05 13:35:01.871   545  2882 I DownloadManager: in removeSpuriousFiles, preserving file /data/data/com.android.providers.downloads/cache/metadata-1476.htm
07-05 13:35:01.871   545  2882 I DownloadManager: in removeSpuriousFiles, preserving file /data/data/com.android.providers.downloads/cache/metadata-586.htm
07-05 13:35:01.871   545  2882 I DownloadManager: in removeSpuriousFiles, preserving file /data/data/com.android.providers.downloads/cache/metadata-201.htm
07-05 13:35:01.871   545  2882 I DownloadManager: in removeSpuriousFiles, preserving file /data/data/com.android.providers.downloads/cache/metadata-1066.htm
07-05 13:35:01.871   545  2882 I DownloadManager: in removeSpuriousFiles, preserving file /data/data/com.android.providers.downloads/cache/metadata-413.htm
07-05 13:35:01.871   545  2882 I DownloadManager: in removeSpuriousFiles, preserving file /data/data/com.android.providers.downloads/cache/metadata-505.htm
07-05 13:35:01.871   545  2882 I DownloadManager: in removeSpuriousFiles, preserving file /data/data/com.android.providers.downloads/cache/metadata-652.htm
07-05 13:35:01.871   545  2882 I DownloadManager: in removeSpuriousFiles, preserving file /data/data/com.android.providers.downloads/cache/metadata-641.htm
07-05 13:35:01.871   545  2882 I DownloadManager: in removeSpuriousFiles, preserving file /data/data/com.android.providers.downloads/cache/metadata-690.htm
07-05 13:35:01.879   545  2882 I DownloadManager: in removeSpuriousFiles, preserving file /data/data/com.android.providers.downloads/cache/metadata-2028.htm
07-05 13:35:01.879   545  2882 I DownloadManager: in removeSpuriousFiles, preserving file /data/data/com.android.providers.downloads/cache/metadata-1384.htm
07-05 13:35:01.879   545  2882 I DownloadManager: in removeSpuriousFiles, preserving file /data/data/com.android.providers.downloads/cache/metadata-1348.htm
07-05 13:35:01.879   545  2882 I DownloadManager: in removeSpuriousFiles, preserving file /data/data/com.android.providers.downloads/cache/metadata-365.htm
07-05 13:35:01.879   545  2882 I DownloadManager: in removeSpuriousFiles, preserving file /data/data/com.android.providers.downloads/cache/metadata-416.htm
07-05 13:35:01.879   545  2882 I DownloadManager: in removeSpuriousFiles, preserving file /data/data/com.android.providers.downloads/cache/metadata-594.htm
07-05 13:35:01.879   545  2882 I DownloadManager: in removeSpuriousFiles, preserving file /data/data/com.android.providers.downloads/cache/metadata-608.htm
07-05 13:35:01.879   545  2882 I DownloadManager: in removeSpuriousFiles, preserving file /data/data/com.android.providers.downloads/cache/metadata-1223.htm
07-05 13:35:01.879   545  2882 I DownloadManager: in removeSpuriousFiles, preserving file /data/data/com.android.providers.downloads/cache/metadata-583.htm
07-05 13:35:01.883   545  2882 I DownloadManager: in removeSpuriousFiles, preserving file /data/data/com.android.providers.downloads/cache/metadata-324.htm
07-05 13:35:01.883   545  2882 I DownloadManager: in removeSpuriousFiles, preserving file /data/data/com.android.providers.downloads/cache/metadata-1327.htm
07-05 13:35:01.883   545  2882 I DownloadManager: in removeSpuriousFiles, preserving file /data/data/com.android.providers.downloads/cache/metadata-2522.htm
07-05 13:35:01.883   545  2882 I DownloadManager: in removeSpuriousFiles, preserving file /data/data/com.android.providers.downloads/cache/metadata-918.htm
07-05 13:35:01.883   545  2882 I DownloadManager: in removeSpuriousFiles, preserving file /data/data/com.android.providers.downloads/cache/metadata-797.htm
07-05 13:35:01.883   545  2882 I DownloadManager: in removeSpuriousFiles, preserving file /data/data/com.android.providers.downloads/cache/metadata-2300.htm
07-05 13:35:01.883   545  2882 I DownloadManager: in removeSpuriousFiles, preserving file /data/data/com.android.providers.downloads/cache/metadata-1117.htm
07-05 13:35:01.883   545  2882 I DownloadManager: in removeSpuriousFiles, preserving file /data/data/com.android.providers.downloads/cache/metadata-2798.htm
07-05 13:35:01.883   545  2882 I DownloadManager: in removeSpuriousFiles, preserving file /data/data/com.android.providers.downloads/cache/metadata-1013.htm
07-05 13:35:01.886   545  2882 I DownloadManager: in removeSpuriousFiles, preserving file /data/data/com.android.providers.downloads/cache/metadata-615.htm
07-05 13:35:01.886   545  2882 I DownloadManager: in removeSpuriousFiles, preserving file /data/data/com.android.providers.downloads/cache/metadata-1119.htm
07-05 13:35:01.886   545  2882 I DownloadManager: in removeSpuriousFiles, preserving file /data/data/com.android.providers.downloads/cache/metadata-315.htm
07-05 13:35:01.886   545  2882 I DownloadManager: in removeSpuriousFiles, preserving file /data/data/com.android.providers.downloads/cache/metadata-1443.htm
07-05 13:35:01.886   545  2882 I DownloadManager: in removeSpuriousFiles, preserving file /data/data/com.android.providers.downloads/cache/metadata-89.htm
07-05 13:35:01.886   545  2882 I DownloadManager: in removeSpuriousFiles, preserving file /data/data/com.android.providers.downloads/cache/metadata-196.htm
07-05 13:35:01.886   545  2882 I DownloadManager: in removeSpuriousFiles, preserving file /data/data/com.android.providers.downloads/cache/metadata-522.htm
07-05 13:35:01.886   545  2882 I DownloadManager: in removeSpuriousFiles, preserving file /data/data/com.android.providers.downloads/cache/metadata-540.htm
07-05 13:35:01.886   545  2882 I DownloadManager: in removeSpuriousFiles, preserving file /data/data/com.android.providers.downloads/cache/metadata-947.htm
07-05 13:35:01.890   545  2882 I DownloadManager: in removeSpuriousFiles, preserving file /data/data/com.android.providers.downloads/cache/metadata-299.htm
07-05 13:35:01.890   545  2882 I DownloadManager: in removeSpuriousFiles, preserving file /data/data/com.android.providers.downloads/cache/metadata-986.htm
07-05 13:35:01.890   545  2882 I DownloadManager: in removeSpuriousFiles, preserving file /data/data/com.android.providers.downloads/cache/metadata-525.htm
07-05 13:35:01.890   545  2882 I DownloadManager: in removeSpuriousFiles, preserving file /data/data/com.android.providers.downloads/cache/metadata-1862.htm
07-05 13:35:01.890   545  2882 I DownloadManager: in removeSpuriousFiles, preserving file /data/data/com.android.providers.downloads/cache/metadata-1588.htm
07-05 13:35:01.890   545  2882 I DownloadManager: in removeSpuriousFiles, preserving file /data/data/com.android.providers.downloads/cache/metadata-1607.htm
07-05 13:35:01.890   545  2882 I DownloadManager: in removeSpuriousFiles, preserving file /data/data/com.android.providers.downloads/cache/metadata-959.htm
07-05 13:35:01.890   545  2882 I DownloadManager: in removeSpuriousFiles, preserving file /data/data/com.android.providers.downloads/cache/metadata-1587.htm
07-05 13:35:01.894   545  2882 I DownloadManager: in removeSpuriousFiles, preserving file /data/data/com.android.providers.downloads/cache/metadata-1411.htm
07-05 13:35:01.894   545  2882 I DownloadManager: in removeSpuriousFiles, preserving file /data/data/com.android.providers.downloads/cache/metadata-1456.htm
07-05 13:35:01.894   545  2882 I DownloadManager: in removeSpuriousFiles, preserving file /data/data/com.android.providers.downloads/cache/metadata-1214.htm
07-05 13:35:01.894   545  2882 I DownloadManager: in removeSpuriousFiles, preserving file /data/data/com.android.providers.downloads/cache/metadata-1234.htm
07-05 13:35:01.894   545  2882 I DownloadManager: in removeSpuriousFiles, preserving file /data/data/com.android.providers.downloads/cache/metadata-560.htm
07-05 13:35:01.894   545  2882 I DownloadManager: in removeSpuriousFiles, preserving file /data/data/com.android.providers.downloads/cache/metadata-1894.htm
07-05 13:35:01.894   545  2882 I DownloadManager: in removeSpuriousFiles, preserving file /data/data/com.android.providers.downloads/cache/metadata-2172.htm
07-05 13:35:01.894   545  2882 I DownloadManager: in removeSpuriousFiles, preserving file /data/data/com.android.providers.downloads/cache/metadata-884.htm
07-05 13:35:01.898   545  2882 I DownloadManager: in removeSpuriousFiles, preserving file /data/data/com.android.providers.downloads/cache/metadata-911.htm
07-05 13:35:01.898   545  2882 I DownloadManager: in removeSpuriousFiles, preserving file /data/data/com.android.providers.downloads/cache/metadata-1811.htm
07-05 13:35:01.898   545  2882 I DownloadManager: in removeSpuriousFiles, preserving file /data/data/com.android.providers.downloads/cache/metadata-601.htm
07-05 13:35:01.898   545  2882 I DownloadManager: in removeSpuriousFiles, preserving file /data/data/com.android.providers.downloads/cache/metadata-658.htm
07-05 13:35:01.898   545  2882 I DownloadManager: in removeSpuriousFiles, preserving file /data/data/com.android.providers.downloads/cache/metadata-1034.htm
07-05 13:35:01.898   545  2882 I DownloadManager: in removeSpuriousFiles, preserving file /data/data/com.android.providers.downloads/cache/metadata-828.htm
07-05 13:35:01.898   545  2882 I DownloadManager: in removeSpuriousFiles, preserving file /data/data/com.android.providers.downloads/cache/metadata-569.htm
07-05 13:35:01.898   545  2882 I DownloadManager: in removeSpuriousFiles, preserving file /data/data/com.android.providers.downloads/cache/metadata-2085.htm
07-05 13:35:01.902   545  2882 I DownloadManager: in removeSpuriousFiles, preserving file /data/data/com.android.providers.downloads/cache/metadata-2003.htm
07-05 13:35:01.902   545  2882 I DownloadManager: in removeSpuriousFiles, preserving file /data/data/com.android.providers.downloads/cache/metadata-2442.htm
07-05 13:35:01.902   545  2882 I DownloadManager: in removeSpuriousFiles, preserving file /data/data/com.android.providers.downloads/cache/metadata-1235.htm
07-05 13:35:01.902   545  2882 I DownloadManager: in removeSpuriousFiles, preserving file /data/data/com.android.providers.downloads/cache/metadata-815.htm
07-05 13:35:01.902   545  2882 I DownloadManager: in removeSpuriousFiles, preserving file /data/data/com.android.providers.downloads/cache/metadata-1470.htm
07-05 13:35:01.902   545  2882 I DownloadManager: in removeSpuriousFiles, preserving file /data/data/com.android.providers.downloads/cache/metadata-751.htm
07-05 13:35:01.902   545  2882 I DownloadManager: in removeSpuriousFiles, preserving file /data/data/com.android.providers.downloads/cache/metadata-599.htm
07-05 13:35:01.906   545  2882 I DownloadManager: in removeSpuriousFiles, preserving file /data/data/com.android.providers.downloads/cache/metadata-1538.htm
07-05 13:35:01.906   545  2882 I DownloadManager: in removeSpuriousFiles, preserving file /data/data/com.android.providers.downloads/cache/metadata-1534.htm
07-05 13:35:01.906   545  2882 I DownloadManager: in removeSpuriousFiles, preserving file /data/data/com.android.providers.downloads/cache/metadata-774.htm
07-05 13:35:01.906   545  2882 I DownloadManager: in removeSpuriousFiles, preserving file /data/data/com.android.providers.downloads/cache/metadata-1861.htm
07-05 13:35:01.906   545  2882 I DownloadManager: in removeSpuriousFiles, preserving file /data/data/com.android.providers.downloads/cache/metadata-1592.htm
07-05 13:35:01.906   545  2882 I DownloadManager: in removeSpuriousFiles, preserving file /data/data/com.android.providers.downloads/cache/metadata-1781.htm
07-05 13:35:01.906   545  2882 I DownloadManager: in removeSpuriousFiles, preserving file /data/data/com.android.providers.downloads/cache/metadata-1197.htm
07-05 13:35:01.910   545  2882 I DownloadManager: in removeSpuriousFiles, preserving file /data/data/com.android.providers.downloads/cache/metadata-645.htm
07-05 13:35:01.910   545  2882 I DownloadManager: in removeSpuriousFiles, preserving file /data/data/com.android.providers.downloads/cache/metadata-1215.htm
07-05 13:35:01.910   545  2882 I DownloadManager: in removeSpuriousFiles, preserving file /data/data/com.android.providers.downloads/cache/metadata-735.htm
07-05 13:35:01.910   545  2882 I DownloadManager: in removeSpuriousFiles, preserving file /data/data/com.android.providers.downloads/cache/metadata-1313.htm
07-05 13:35:01.910   545  2882 I DownloadManager: in removeSpuriousFiles, preserving file /data/data/com.android.providers.downloads/cache/metadata-10.htm
07-05 13:35:01.910   545  2882 I DownloadManager: in removeSpuriousFiles, preserving file /data/data/com.android.providers.downloads/cache/metadata-5.htm
07-05 13:35:01.910   545  2882 I DownloadManager: in removeSpuriousFiles, preserving file /data/data/com.android.providers.downloads/cache/metadata-17.htm
07-05 13:35:01.910   545  2882 I DownloadManager: in removeSpuriousFiles, preserving file /data/data/com.android.providers.downloads/cache/metadata-16.htm
07-05 13:35:01.910   545  2882 I DownloadManager: in removeSpuriousFiles, preserving file /data/data/com.android.providers.downloads/cache/metadata-32.htm
07-05 13:35:01.910   545  2882 I DownloadManager: in removeSpuriousFiles, preserving file /data/data/com.android.providers.downloads/cache/metadata-259.htm
07-05 13:35:01.910   545  2882 I DownloadManager: in removeSpuriousFiles, preserving file /data/data/com.android.providers.downloads/cache/metadata-21.htm
07-05 13:35:01.910   545  2882 I DownloadManager: in removeSpuriousFiles, preserving file /data/data/com.android.providers.downloads/cache/metadata-555.htm
07-05 13:35:01.910   545  2882 I DownloadManager: in removeSpuriousFiles, preserving file /data/data/com.android.providers.downloads/cache/metadata-59.htm
07-05 13:35:01.910   545  2882 I DownloadManager: in removeSpuriousFiles, preserving file /data/data/com.android.providers.downloads/cache/metadata-40.htm
07-05 13:35:01.910   545  2882 I DownloadManager: in removeSpuriousFiles, preserving file /data/data/com.android.providers.downloads/cache/metadata-37.htm
07-05 13:35:01.910   545  2882 I DownloadManager: in removeSpuriousFiles, preserving file /data/data/com.android.providers.downloads/cache/metadata-114.htm
07-05 13:35:01.910   545  2882 I DownloadManager: in removeSpuriousFiles, preserving file /data/data/com.android.providers.downloads/cache/metadata-42.htm
07-05 13:35:01.910   545  2882 I DownloadManager: in removeSpuriousFiles, preserving file /data/data/com.android.providers.downloads/cache/metadata-64.htm
07-05 13:35:01.910   545  2882 I DownloadManager: in removeSpuriousFiles, preserving file /data/data/com.android.providers.downloads/cache/metadata-44.htm
07-05 13:35:01.910   545  2882 I DownloadManager: in removeSpuriousFiles, preserving file /data/data/com.android.providers.downloads/cache/metadata-145.htm
07-05 13:35:01.914   545  2882 I DownloadManager: in removeSpuriousFiles, preserving file /data/data/com.android.providers.downloads/cache/metadata-79.htm
07-05 13:35:01.914   545  2882 I DownloadManager: in removeSpuriousFiles, preserving file /data/data/com.android.providers.downloads/cache/metadata-72.htm
07-05 13:35:01.914   545  2882 I DownloadManager: in removeSpuriousFiles, preserving file /data/data/com.android.providers.downloads/cache/metadata-124.htm
07-05 13:35:01.914   545  2882 I DownloadManager: in removeSpuriousFiles, preserving file /data/data/com.android.providers.downloads/cache/metadata-104.htm
07-05 13:35:01.914   545  2882 I DownloadManager: in removeSpuriousFiles, preserving file /data/data/com.android.providers.downloads/cache/metadata-965.htm
07-05 13:35:01.914   545  2882 I DownloadManager: in removeSpuriousFiles, preserving file /data/data/com.android.providers.downloads/cache/metadata-68.htm
07-05 13:35:01.914   545  2882 I DownloadManager: in removeSpuriousFiles, preserving file /data/data/com.android.providers.downloads/cache/metadata-233.htm
07-05 13:35:01.914   545  2882 I DownloadManager: in removeSpuriousFiles, preserving file /data/data/com.android.providers.downloads/cache/metadata-181.htm
07-05 13:35:01.914   545  2882 I DownloadManager: in removeSpuriousFiles, preserving file /data/data/com.android.providers.downloads/cache/metadata-135.htm
07-05 13:35:01.914   545  2882 I DownloadManager: in removeSpuriousFiles, preserving file /data/data/com.android.providers.downloads/cache/metadata-148.htm
07-05 13:35:01.914   545  2882 I DownloadManager: in removeSpuriousFiles, preserving file /data/data/com.android.providers.downloads/cache/metadata-102.htm
07-05 13:35:01.914   545  2882 I DownloadManager: in removeSpuriousFiles, preserving file /data/data/com.android.providers.downloads/cache/metadata-1487.htm
07-05 13:35:01.914   545  2882 I DownloadManager: in removeSpuriousFiles, preserving file /data/data/com.android.providers.downloads/cache/metadata-70.htm
07-05 13:35:01.914   545  2882 I DownloadManager: in removeSpuriousFiles, preserving file /data/data/com.android.providers.downloads/cache/metadata-585.htm
07-05 13:35:01.914   545  2882 I DownloadManager: in removeSpuriousFiles, preserving file /data/data/com.android.providers.downloads/cache/metadata-120.htm
07-05 13:35:01.914   545  2882 I DownloadManager: in removeSpuriousFiles, preserving file /data/data/com.android.providers.downloads/cache/metadata-787.htm
07-05 13:35:01.914   545  2882 I DownloadManager: in removeSpuriousFiles, preserving file /data/data/com.android.providers.downloads/cache/metadata-703.htm
07-05 13:35:01.914   545  2882 I DownloadManager: in removeSpuriousFiles, preserving file /data/data/com.android.providers.downloads/cache/metadata-292.htm
07-05 13:35:01.914   545  2882 I DownloadManager: in removeSpuriousFiles, preserving file /data/data/com.android.providers.downloads/cache/metadata-312.htm
07-05 13:35:01.914   545  2882 I DownloadManager: in removeSpuriousFiles, preserving file /data/data/com.android.providers.downloads/cache/metadata-1539.htm
07-05 13:35:01.914   545  2882 I DownloadManager: in removeSpuriousFiles, preserving file /data/data/com.android.providers.downloads/cache/metadata-151.htm
07-05 13:35:01.914   545  2882 I DownloadManager: in removeSpuriousFiles, preserving file /data/data/com.android.providers.downloads/cache/metadata-1149.htm
07-05 13:35:01.914   545  2882 I DownloadManager: in removeSpuriousFiles, preserving file /data/data/com.android.providers.downloads/cache/metadata-301.htm
07-05 13:35:01.914   545  2882 I DownloadManager: in removeSpuriousFiles, preserving file /data/data/com.android.providers.downloads/cache/metadata-691.htm
07-05 13:35:01.918   545  2882 I DownloadManager: in removeSpuriousFiles, preserving file /data/data/com.android.providers.downloads/cache/metadata-161.htm
07-05 13:35:01.918   545  2882 I DownloadManager: in removeSpuriousFiles, preserving file /data/data/com.android.providers.downloads/cache/metadata-1630.htm
07-05 13:35:01.918   545  2882 I DownloadManager: in removeSpuriousFiles, preserving file /data/data/com.android.providers.downloads/cache/metadata-158.htm
07-05 13:35:01.918   545  2882 I DownloadManager: in removeSpuriousFiles, preserving file /data/data/com.android.providers.downloads/cache/metadata-109.htm
07-05 13:35:01.918   545  2882 I DownloadManager: in removeSpuriousFiles, preserving file /data/data/com.android.providers.downloads/cache/metadata-958.htm
07-05 13:35:01.918   545  2882 I DownloadManager: in removeSpuriousFiles, preserving file /data/data/com.android.providers.downloads/cache/metadata-219.htm
07-05 13:35:01.918   545  2882 I DownloadManager: in removeSpuriousFiles, preserving file /data/data/com.android.providers.downloads/cache/metadata-319.htm
07-05 13:35:01.918   545  2882 I DownloadManager: in removeSpuriousFiles, preserving file /data/data/com.android.providers.downloads/cache/metadata-252.htm
07-05 13:35:01.918   545  2882 I DownloadManager: in removeSpuriousFiles, preserving file /data/data/com.android.providers.downloads/cache/metadata-123.htm
07-05 13:35:01.918   545  2882 I DownloadManager: in removeSpuriousFiles, preserving file /data/data/com.android.providers.downloads/cache/metadata-1320.htm
07-05 13:35:01.918   545  2882 I DownloadManager: in removeSpuriousFiles, preserving file /data/data/com.android.providers.downloads/cache/metadata-657.htm
07-05 13:35:01.918   545  2882 I DownloadManager: in removeSpuriousFiles, preserving file /data/data/com.android.providers.downloads/cache/metadata-1033.htm
07-05 13:35:01.918   545  2882 I DownloadManager: in removeSpuriousFiles, preserving file /data/data/com.android.providers.downloads/cache/metadata-90.htm
07-05 13:35:01.918   545  2882 I DownloadManager: in removeSpuriousFiles, preserving file /data/data/com.android.providers.downloads/cache/metadata-192.htm
07-05 13:35:01.922   545  2882 I DownloadManager: in removeSpuriousFiles, preserving file /data/data/com.android.providers.downloads/cache/metadata-1307.htm
07-05 13:35:01.922   545  2882 I DownloadManager: in removeSpuriousFiles, preserving file /data/data/com.android.providers.downloads/cache/metadata-398.htm
07-05 13:35:01.922   545  2882 I DownloadManager: in removeSpuriousFiles, preserving file /data/data/com.android.providers.downloads/cache/metadata-206.htm
07-05 13:35:01.922   545  2882 I DownloadManager: in removeSpuriousFiles, preserving file /data/data/com.android.providers.downloads/cache/metadata-116.htm
07-05 13:35:01.922   545  2882 I DownloadManager: in removeSpuriousFiles, preserving file /data/data/com.android.providers.downloads/cache/metadata-886.htm
07-05 13:35:01.922   545  2882 I DownloadManager: in removeSpuriousFiles, preserving file /data/data/com.android.providers.downloads/cache/metadata-1252.htm
07-05 13:35:01.922   545  2882 I DownloadManager: in removeSpuriousFiles, preserving file /data/data/com.android.providers.downloads/cache/metadata-739.htm
07-05 13:35:01.922   545  2882 I DownloadManager: in removeSpuriousFiles, preserving file /data/data/com.android.providers.downloads/cache/metadata-1125.htm
07-05 13:35:01.922   545  2882 I DownloadManager: in removeSpuriousFiles, preserving file /data/data/com.android.providers.downloads/cache/metadata-846.htm
07-05 13:35:01.922   545  2882 I DownloadManager: in removeSpuriousFiles, preserving file /data/data/com.android.providers.downloads/cache/metadata-862.htm
07-05 13:35:01.922   545  2882 I DownloadManager: in removeSpuriousFiles, preserving file /data/data/com.android.providers.downloads/cache/metadata-224.htm
07-05 13:35:01.925   545  2882 I DownloadManager: in removeSpuriousFiles, preserving file /data/data/com.android.providers.downloads/cache/metadata-1272.htm
07-05 13:35:01.925   545  2882 I DownloadManager: in removeSpuriousFiles, preserving file /data/data/com.android.providers.downloads/cache/metadata-939.htm
07-05 13:35:01.925   545  2882 I DownloadManager: in removeSpuriousFiles, preserving file /data/data/com.android.providers.downloads/cache/metadata-1376.htm
07-05 13:35:01.925   545  2882 I DownloadManager: in removeSpuriousFiles, preserving file /data/data/com.android.providers.downloads/cache/metadata-598.htm
07-05 13:35:01.925   545  2882 I DownloadManager: in removeSpuriousFiles, preserving file /data/data/com.android.providers.downloads/cache/metadata-1489.htm
