02-21 17:19:36.493    82   126 D AudioHardware: AudioHardware pcm playback is exiting standby.
02-21 17:19:36.493    82   126 D AudioHardware: openPcmOut_l() mPcmOpenCnt: 0
02-21 17:19:36.587   145  1215 D dalvikvm: GC_FOR_ALLOC freed 328K, 10% free 12616K/13895K, paused 73ms
02-21 17:19:36.739  1365  1367 D dalvikvm: GC_CONCURRENT freed 151K, 3% free 10454K/10695K, paused 2ms+8ms
02-21 17:19:36.833   145   175 I ActivityManager: Displayed com.android.settings/.SubSettings: +235ms
02-21 17:19:36.845  1365  1365 D OpenGLRenderer: Flushing caches (mode 0)
02-21 17:19:37.017  1068  1071 D dalvikvm: GC_CONCURRENT freed 800K, 9% free 9579K/10503K, paused 2ms+7ms
02-21 17:19:37.200  1068  1071 D dalvikvm: GC_CONCURRENT freed 180K, 7% free 9786K/10503K, paused 1ms+3ms
02-21 17:19:37.415  1068  1071 D dalvikvm: GC_CONCURRENT freed 326K, 7% free 9848K/10503K, paused 2ms+5ms
02-21 17:19:37.509   145   145 D dalvikvm: GC_EXPLICIT freed 221K, 10% free 12602K/13895K, paused 3ms+5ms
02-21 17:19:37.669  1068  1071 D dalvikvm: GC_CONCURRENT freed 365K, 7% free 9870K/10503K, paused 2ms+3ms
02-21 17:19:37.872  1068  1071 D dalvikvm: GC_CONCURRENT freed 341K, 6% free 9913K/10503K, paused 2ms+3ms
02-21 17:19:38.247  1068  1071 D dalvikvm: GC_CONCURRENT freed 365K, 6% free 9932K/10503K, paused 2ms+3ms
02-21 17:19:38.255   145   313 I ActivityManager: START {act=android.intent.action.MAIN cmp=com.android.settings/.SubSettings (has extras)} from pid 1365
02-21 17:19:38.583  1365  1367 D dalvikvm: GC_CONCURRENT freed 775K, 9% free 10123K/11015K, paused 2ms+26ms
02-21 17:19:38.665   145   175 I ActivityManager: Displayed com.android.settings/.SubSettings: +371ms
02-21 17:19:38.708  1365  1365 D OpenGLRenderer: Flushing caches (mode 0)
02-21 17:19:38.911   449   452 D dalvikvm: GC_CONCURRENT freed 443K, 6% free 10455K/11015K, paused 2ms+6ms
02-21 17:19:39.157  1068  1071 D dalvikvm: GC_CONCURRENT freed 583K, 7% free 9787K/10503K, paused 1ms+11ms
02-21 17:19:39.407  1068  1071 D dalvikvm: GC_CONCURRENT freed 318K, 7% free 9857K/10503K, paused 2ms+4ms
02-21 17:19:39.650  1068  1071 D dalvikvm: GC_CONCURRENT freed 380K, 7% free 9864K/10503K, paused 2ms+3ms
02-21 17:19:39.970  1068  1071 D dalvikvm: GC_CONCURRENT freed 357K, 6% free 9897K/10503K, paused 2ms+3ms
02-21 17:19:40.196  1068  1438 D dalvikvm: GC_FOR_ALLOC freed 317K, 6% free 9943K/10503K, paused 21ms
02-21 17:19:40.763   449   452 D dalvikvm: GC_CONCURRENT freed 517K, 6% free 10361K/11015K, paused 2ms+4ms
02-21 17:19:40.868  1068  1071 D dalvikvm: GC_CONCURRENT freed 717K, 8% free 9671K/10503K, paused 2ms+7ms
02-21 17:19:41.118  1068  1071 D dalvikvm: GC_CONCURRENT freed 234K, 7% free 9824K/10503K, paused 5ms+6ms
02-21 17:19:41.345    82   126 D AudioHardware: AudioHardware pcm playback is going to standby.
02-21 17:19:41.345    82   126 D AudioHardware: closePcmOut_l() mPcmOpenCnt: 1
02-21 17:19:41.384  1068  1071 D dalvikvm: GC_CONCURRENT freed 354K, 7% free 9864K/10503K, paused 3ms+6ms
02-21 17:19:41.661  1068  1071 D dalvikvm: GC_CONCURRENT freed 367K, 6% free 9885K/10503K, paused 2ms+6ms
02-21 17:19:41.939  1068  1071 D dalvikvm: GC_CONCURRENT freed 332K, 6% free 9944K/10503K, paused 2ms+3ms
02-21 17:19:42.583  1068  1071 D dalvikvm: GC_CONCURRENT freed 738K, 9% free 9646K/10503K, paused 2ms+8ms
02-21 17:19:42.806  1068  1071 D dalvikvm: GC_CONCURRENT freed 220K, 7% free 9818K/10503K, paused 2ms+5ms
02-21 17:19:43.032  1068  1071 D dalvikvm: GC_CONCURRENT freed 340K, 7% free 9864K/10503K, paused 2ms+3ms
02-21 17:19:43.251  1068  1071 D dalvikvm: GC_CONCURRENT freed 365K, 6% free 9888K/10503K, paused 2ms+4ms
02-21 17:19:43.505  1068  1071 D dalvikvm: GC_CONCURRENT freed 336K, 6% free 9941K/10503K, paused 2ms+4ms
02-21 17:19:43.708   145   316 D SyncManager: setSyncAutomatically: , provider com.android.calendar -> false
02-21 17:19:43.720    82   126 D AudioHardware: AudioHardware pcm playback is exiting standby.
02-21 17:19:43.720    82   126 D AudioHardware: openPcmOut_l() mPcmOpenCnt: 0
02-21 17:19:44.599   449   452 D dalvikvm: GC_CONCURRENT freed 420K, 7% free 10345K/11015K, paused 2ms+4ms
02-21 17:19:44.810  1068  1071 D dalvikvm: GC_CONCURRENT freed 771K, 9% free 9603K/10503K, paused 7ms+7ms
02-21 17:19:44.821   145   396 D SyncManager: setSyncAutomatically: , provider com.android.calendar -> true
02-21 17:19:44.931  1365  1367 D dalvikvm: GC_CONCURRENT freed 389K, 8% free 10180K/11015K, paused 2ms+3ms
02-21 17:19:45.095   145   147 D dalvikvm: GC_CONCURRENT freed 791K, 9% free 12681K/13895K, paused 2ms+12ms
02-21 17:19:45.318  1068  1071 D dalvikvm: GC_CONCURRENT freed 190K, 7% free 9797K/10503K, paused 2ms+3ms
02-21 17:19:45.528   449   452 D dalvikvm: GC_CONCURRENT freed 446K, 7% free 10290K/11015K, paused 2ms+4ms
02-21 17:19:45.665  1068  1071 D dalvikvm: GC_CONCURRENT freed 326K, 7% free 9864K/10503K, paused 5ms+4ms
02-21 17:19:47.900    82   126 D AudioHardware: AudioHardware pcm playback is going to standby.
02-21 17:19:47.900    82   126 D AudioHardware: closePcmOut_l() mPcmOpenCnt: 1
02-21 17:19:49.122  1068  1071 D dalvikvm: GC_CONCURRENT freed 360K, 6% free 9891K/10503K, paused 2ms+4ms
02-21 17:19:49.357   145   397 D dalvikvm: GC_EXPLICIT freed 231K, 10% free 12599K/13895K, paused 6ms+5ms
02-21 17:19:49.435  1068  1071 D dalvikvm: GC_CONCURRENT freed 393K, 6% free 9886K/10503K, paused 2ms+11ms
02-21 17:19:49.564   145   180 I ActivityManager: START {act=android.intent.action.MAIN cat=[android.intent.category.HOME] flg=0x10200000 cmp=com.android.launcher/com.android.launcher2.Launcher} from pid 145
02-21 17:19:49.794  1365  1365 D OpenGLRenderer: Flushing caches (mode 0)
02-21 17:19:49.954   145   157 W InputManagerService: Starting input on non-focused client com.android.internal.view.IInputMethodClient$Stub$Proxy@41680c40 (uid=1000 pid=1365)
02-21 17:19:49.958  1365  1365 D OpenGLRenderer: Flushing caches (mode 1)
02-21 17:19:50.118  1068  1071 D dalvikvm: GC_CONCURRENT freed 337K, 6% free 9939K/10503K, paused 3ms+3ms
02-21 17:19:50.603   449   452 D dalvikvm: GC_CONCURRENT freed 99K, 4% free 10605K/11015K, paused 2ms+3ms
02-21 17:19:50.946  1068  1071 D dalvikvm: GC_CONCURRENT freed 629K, 8% free 9753K/10503K, paused 2ms+8ms
02-21 17:19:51.267  1068  1071 D dalvikvm: GC_CONCURRENT freed 280K, 7% free 9860K/10503K, paused 3ms+4ms
02-21 17:19:51.751  1068  1071 D dalvikvm: GC_CONCURRENT freed 363K, 6% free 9891K/10503K, paused 2ms+7ms
02-21 17:19:52.091  1068  1071 D dalvikvm: GC_CONCURRENT freed 363K, 6% free 9913K/10503K, paused 2ms+8ms
02-21 17:19:52.486  1068  1454 D dalvikvm: GC_FOR_ALLOC freed 272K, 6% free 9951K/10503K, paused 48ms
02-21 17:19:53.333   449   452 D dalvikvm: GC_CONCURRENT freed 611K, 7% free 10475K/11207K, paused 3ms+3ms
02-21 17:19:53.739  1068  1071 D dalvikvm: GC_CONCURRENT freed 790K, 9% free 9590K/10503K, paused 2ms+13ms
02-21 17:19:54.134  1068  1071 D dalvikvm: GC_CONCURRENT freed 173K, 7% free 9802K/10503K, paused 12ms+11ms
02-21 17:19:54.528  1068  1071 D dalvikvm: GC_CONCURRENT freed 322K, 7% free 9866K/10503K, paused 3ms+4ms
02-21 17:19:54.872  1068  1079 D dalvikvm: GC_EXPLICIT freed 269K, 7% free 9863K/10503K, paused 10ms+10ms
02-21 17:19:55.212  1068  1071 D dalvikvm: GC_CONCURRENT freed 326K, 6% free 9924K/10503K, paused 6ms+2ms
02-21 17:19:55.841  1068  1071 D dalvikvm: GC_CONCURRENT freed 401K, 6% free 9964K/10503K, paused 2ms+12ms
02-21 17:19:56.267   449   452 D dalvikvm: GC_CONCURRENT freed 312K, 6% free 10586K/11207K, paused 3ms+8ms
02-21 17:19:56.704  1068  1071 D dalvikvm: GC_CONCURRENT freed 624K, 8% free 9753K/10503K, paused 3ms+4ms
02-21 17:19:57.134  1068  1071 D dalvikvm: GC_CONCURRENT freed 287K, 7% free 9858K/10503K, paused 2ms+4ms
02-21 17:19:57.470  1068  1071 D dalvikvm: GC_CONCURRENT freed 376K, 7% free 9873K/10503K, paused 2ms+3ms
02-21 17:19:57.896  1068  1071 D dalvikvm: GC_CONCURRENT freed 363K, 6% free 9902K/10503K, paused 4ms+14ms
02-21 17:19:58.278  1068  1454 D dalvikvm: GC_FOR_ALLOC freed 272K, 6% free 9929K/10503K, paused 38ms
02-21 17:19:58.923   449   452 D dalvikvm: GC_CONCURRENT freed 452K, 6% free 10551K/11207K, paused 7ms+3ms
02-21 17:19:59.130   449   452 D dalvikvm: GC_CONCURRENT freed 438K, 7% free 10506K/11207K, paused 2ms+3ms
02-21 17:19:59.278  1068  1071 D dalvikvm: GC_CONCURRENT freed 711K, 9% free 9661K/10503K, paused 1ms+7ms
02-21 17:19:59.310    82   126 D AudioHardware: AudioHardware pcm playback is exiting standby.
02-21 17:19:59.310    82   126 D AudioHardware: openPcmOut_l() mPcmOpenCnt: 0
02-21 17:19:59.532  1335  1415 D dalvikvm: GC_FOR_ALLOC freed 4272K, 41% free 11963K/20167K, paused 28ms
02-21 17:19:59.646  1335  1338 D dalvikvm: GC_CONCURRENT freed 78K, 37% free 12832K/20167K, paused 2ms+8ms
02-21 17:19:59.782  1335  1359 D dalvikvm: GC_FOR_ALLOC freed 995K, 41% free 12078K/20167K, paused 26ms
02-21 17:19:59.786  1335  1359 I dalvikvm-heap: Grow heap (frag case) to 13.092MB for 1286224-byte allocation
02-21 17:19:59.829  1335  1415 D dalvikvm: GC_FOR_ALLOC freed 3K, 34% free 13330K/20167K, paused 28ms
02-21 17:19:59.954  1335  1338 D dalvikvm: GC_CONCURRENT freed 140K, 33% free 13673K/20167K, paused 2ms+18ms
02-21 17:20:00.161  1335  1338 D dalvikvm: GC_CONCURRENT freed 1514K, 33% free 13633K/20167K, paused 3ms+4ms
02-21 17:20:00.509  1068  1071 D dalvikvm: GC_CONCURRENT freed 223K, 7% free 9825K/10503K, paused 2ms+12ms
02-21 17:20:00.810  1068  1071 D dalvikvm: GC_CONCURRENT freed 332K, 6% free 9880K/10503K, paused 2ms+3ms
02-21 17:20:01.040  1068  1071 D dalvikvm: GC_CONCURRENT freed 373K, 6% free 9894K/10503K, paused 2ms+6ms
02-21 17:20:01.282  1068  1071 D dalvikvm: GC_CONCURRENT freed 351K, 6% free 9929K/10503K, paused 2ms+3ms
02-21 17:20:01.618  1068  1071 D dalvikvm: GC_CONCURRENT freed 395K, 6% free 9973K/10503K, paused 2ms+3ms
02-21 17:20:02.079   449   452 D dalvikvm: GC_CONCURRENT freed 428K, 7% free 10473K/11207K, paused 3ms+6ms
02-21 17:20:02.239  1068  1071 D dalvikvm: GC_CONCURRENT freed 605K, 7% free 9781K/10503K, paused 1ms+3ms
02-21 17:20:02.400    82   126 D AudioHardware: AudioHardware pcm playback is going to standby.
02-21 17:20:02.400    82   126 D AudioHardware: closePcmOut_l() mPcmOpenCnt: 1
02-21 17:20:02.478  1068  1071 D dalvikvm: GC_CONCURRENT freed 300K, 7% free 9870K/10503K, paused 2ms+4ms
02-21 17:20:02.548   145   156 D dalvikvm: GC_EXPLICIT freed 422K, 10% free 12618K/13895K, paused 3ms+6ms
02-21 17:20:02.759  1068  1071 D dalvikvm: GC_CONCURRENT freed 378K, 6% free 9879K/10503K, paused 2ms+3ms
02-21 17:20:02.974  1068  1071 D dalvikvm: GC_CONCURRENT freed 362K, 6% free 9905K/10503K, paused 2ms+6ms
02-21 17:20:03.146  1068  1438 D dalvikvm: GC_FOR_ALLOC freed 261K, 6% free 9928K/10503K, paused 21ms
02-21 17:20:03.396    82   126 D AudioHardware: AudioHardware pcm playback is exiting standby.
02-21 17:20:03.396    82   126 D AudioHardware: openPcmOut_l() mPcmOpenCnt: 0
02-21 17:20:03.497   145   365 I ActivityManager: START {act=android.intent.action.MAIN cat=[android.intent.category.LAUNCHER] flg=0x10200000 cmp=edu.buffalo.cse.phonelab.phonelabservices/.PhoneLabMainView} from pid 1335
02-21 17:20:03.634   801   801 I PhoneLab-PhoneLabMainView: Rescheduling periodic checking...
02-21 17:20:03.696   801   804 D dalvikvm: GC_CONCURRENT freed 11K, 5% free 10014K/10503K, paused 3ms+3ms
02-21 17:20:03.712  1335  1335 D OpenGLRenderer: Flushing caches (mode 1)
02-21 17:20:03.712   801   801 D libEGL  : loaded /system/lib/egl/libGLES_android.so
02-21 17:20:03.763   801   801 D libEGL  : loaded /vendor/lib/egl/libEGL_POWERVR_SGX540_120.so
02-21 17:20:03.775  1335  1335 D OpenGLRenderer: Flushing caches (mode 0)
02-21 17:20:03.849   801   801 D libEGL  : loaded /vendor/lib/egl/libGLESv1_CM_POWERVR_SGX540_120.so
02-21 17:20:03.853   801   801 D libEGL  : loaded /vendor/lib/egl/libGLESv2_POWERVR_SGX540_120.so
02-21 17:20:03.923   801   801 D OpenGLRenderer: Enabling debug mode 0
02-21 17:20:04.064   145   397 W InputManagerService: Starting input on non-focused client com.android.internal.view.IInputMethodClient$Stub$Proxy@413360c0 (uid=10022 pid=1335)
02-21 17:20:04.087   145   175 I ActivityManager: Displayed edu.buffalo.cse.phonelab.phonelabservices/.PhoneLabMainView: +551ms
02-21 17:20:04.259   449   452 D dalvikvm: GC_CONCURRENT freed 423K, 7% free 10467K/11207K, paused 9ms+8ms
02-21 17:20:04.403  1068  1071 D dalvikvm: GC_CONCURRENT freed 777K, 9% free 9601K/10503K, paused 2ms+3ms
02-21 17:20:04.591  1068  1071 D dalvikvm: GC_CONCURRENT freed 188K, 7% free 9799K/10503K, paused 2ms+2ms
02-21 17:20:04.798  1068  1071 D dalvikvm: GC_CONCURRENT freed 324K, 7% free 9863K/10503K, paused 1ms+4ms
02-21 17:20:05.017  1068  1071 D dalvikvm: GC_CONCURRENT freed 367K, 6% free 9883K/10503K, paused 2ms+3ms
02-21 17:20:05.259  1068  1071 D dalvikvm: GC_CONCURRENT freed 349K, 6% free 9928K/10503K, paused 2ms+7ms
02-21 17:20:05.962   449   452 D dalvikvm: GC_CONCURRENT freed 434K, 7% free 10456K/11207K, paused 2ms+6ms
02-21 17:20:06.083  1068  1071 D dalvikvm: GC_CONCURRENT freed 817K, 10% free 9552K/10503K, paused 2ms+3ms
02-21 17:20:06.216   801   801 I PhoneLab-PhoneLabMainView: See All applications
02-21 17:20:06.220   145  1215 I ActivityManager: START {cmp=edu.buffalo.cse.phonelab.phonelabservices/.ApplicationList} from pid 801
02-21 17:20:06.282   145  1215 D dalvikvm: GC_FOR_ALLOC freed 187K, 9% free 12759K/13895K, paused 45ms
02-21 17:20:06.286   145  1215 I dalvikvm-heap: Grow heap (frag case) to 12.660MB for 129616-byte allocation
02-21 17:20:06.329   145  1215 D dalvikvm: GC_FOR_ALLOC freed 17K, 9% free 12867K/14023K, paused 43ms
02-21 17:20:06.368   801   801 W System.err: java.io.FileNotFoundException: /data/data/edu.buffalo.cse.phonelab.phonelabservices/files/manifest.xml: open failed: ENOENT (No such file or directory)
02-21 17:20:06.368   801   801 W System.err: 	at libcore.io.IoBridge.open(IoBridge.java:406)
02-21 17:20:06.368   801   801 W System.err: 	at java.io.FileInputStream.<init>(FileInputStream.java:78)
02-21 17:20:06.372   801   801 W System.err: 	at android.app.ContextImpl.openFileInput(ContextImpl.java:610)
02-21 17:20:06.372   801   801 W System.err: 	at android.content.ContextWrapper.openFileInput(ContextWrapper.java:159)
02-21 17:20:06.372   801   801 W System.err: 	at edu.buffalo.cse.phonelab.manifest.PhoneLabManifest.getDocuments(PhoneLabManifest.java:425)
02-21 17:20:06.372   801   801 W System.err: 	at edu.buffalo.cse.phonelab.manifest.PhoneLabManifest.getManifest(PhoneLabManifest.java:69)
02-21 17:20:06.372   801   801 W System.err: 	at edu.buffalo.cse.phonelab.phonelabservices.ApplicationList.onCreate(ApplicationList.java:36)
02-21 17:20:06.372   801   801 W System.err: 	at android.app.Activity.performCreate(Activity.java:4465)
02-21 17:20:06.372   801   801 W System.err: 	at android.app.Instrumentation.callActivityOnCreate(Instrumentation.java:1049)
02-21 17:20:06.372   801   801 W System.err: 	at android.app.ActivityThread.performLaunchActivity(ActivityThread.java:1920)
02-21 17:20:06.372   801   801 W System.err: 	at android.app.ActivityThread.handleLaunchActivity(ActivityThread.java:1981)
02-21 17:20:06.372   801   801 W System.err: 	at android.app.ActivityThread.access$600(ActivityThread.java:123)
02-21 17:20:06.372   801   801 W System.err: 	at android.app.ActivityThread$H.handleMessage(ActivityThread.java:1147)
02-21 17:20:06.372   801   801 W System.err: 	at android.os.Handler.dispatchMessage(Handler.java:99)
02-21 17:20:06.372   801   801 W System.err: 	at android.os.Looper.loop(Looper.java:137)
02-21 17:20:06.376   801   801 W System.err: 	at android.app.ActivityThread.main(ActivityThread.java:4424)
02-21 17:20:06.376   801   801 W System.err: 	at java.lang.reflect.Method.invokeNative(Native Method)
02-21 17:20:06.376   801   801 W System.err: 	at java.lang.reflect.Method.invoke(Method.java:511)
02-21 17:20:06.376   801   801 W System.err: 	at com.android.internal.os.ZygoteInit$MethodAndArgsCaller.run(ZygoteInit.java:784)
02-21 17:20:06.376   801   801 W System.err: 	at com.android.internal.os.ZygoteInit.main(ZygoteInit.java:551)
02-21 17:20:06.376   801   801 W System.err: 	at dalvik.system.NativeStart.main(Native Method)
02-21 17:20:06.376   801   801 W System.err: Caused by: libcore.io.ErrnoException: open failed: ENOENT (No such file or directory)
02-21 17:20:06.380   801   801 W System.err: 	at libcore.io.Posix.open(Native Method)
02-21 17:20:06.380   801   801 W System.err: 	at libcore.io.BlockGuardOs.open(BlockGuardOs.java:110)
02-21 17:20:06.380   801   801 W System.err: 	at libcore.io.IoBridge.open(IoBridge.java:390)
02-21 17:20:06.380   801   801 W System.err: 	... 20 more
02-21 17:20:06.380   801   801 E PhoneLab-PhoneLabManifest: /data/data/edu.buffalo.cse.phonelab.phonelabservices/files/manifest.xml: open failed: ENOENT (No such file or directory)
02-21 17:20:06.443   145   175 I ActivityManager: Displayed edu.buffalo.cse.phonelab.phonelabservices/.ApplicationList: +110ms
02-21 17:20:06.446   801   801 D OpenGLRenderer: Flushing caches (mode 0)
02-21 17:20:06.466  1068  1071 D dalvikvm: GC_CONCURRENT freed 154K, 7% free 9783K/10503K, paused 2ms+2ms
02-21 17:20:06.724  1068  1071 D dalvikvm: GC_CONCURRENT freed 314K, 7% free 9857K/10503K, paused 2ms+4ms
02-21 17:20:06.931  1068  1071 D dalvikvm: GC_CONCURRENT freed 365K, 6% free 9879K/10503K, paused 2ms+3ms
02-21 17:20:07.157  1068  1071 D dalvikvm: GC_CONCURRENT freed 358K, 6% free 9914K/10503K, paused 2ms+3ms
02-21 17:20:07.407  1068  1071 D dalvikvm: GC_CONCURRENT freed 346K, 6% free 9967K/10503K, paused 2ms+3ms
02-21 17:20:07.986   145   365 D dalvikvm: GC_FOR_ALLOC freed 170K, 10% free 12757K/14023K, paused 45ms
02-21 17:20:08.040   801   801 D OpenGLRenderer: Flushing caches (mode 0)
02-21 17:20:08.165   449   452 D dalvikvm: GC_CONCURRENT freed 428K, 7% free 10431K/11207K, paused 3ms+4ms
02-21 17:20:08.368  1068  1071 D dalvikvm: GC_CONCURRENT freed 686K, 8% free 9701K/10503K, paused 2ms+3ms
02-21 17:20:08.575  1068  1071 D dalvikvm: GC_CONCURRENT freed 253K, 7% free 9840K/10503K, paused 2ms+3ms
02-21 17:20:08.778  1068  1071 D dalvikvm: GC_CONCURRENT freed 353K, 6% free 9875K/10503K, paused 2ms+4ms
02-21 17:20:08.974  1068  1071 D dalvikvm: GC_CONCURRENT freed 367K, 6% free 9896K/10503K, paused 2ms+3ms
02-21 17:20:09.173  1068  1080 D dalvikvm: GC_FOR_ALLOC freed 289K, 6% free 9942K/10503K, paused 20ms
02-21 17:20:09.310    82   126 D AudioHardware: AudioHardware pcm playback is going to standby.
02-21 17:20:09.310    82   126 D AudioHardware: closePcmOut_l() mPcmOpenCnt: 1
02-21 17:20:09.782   145   156 D dalvikvm: GC_FOR_ALLOC freed 197K, 10% free 12757K/14023K, paused 42ms
02-21 17:20:10.013  1335  1338 D dalvikvm: GC_CONCURRENT freed 3040K, 41% free 12043K/20167K, paused 1ms+10ms
02-21 17:20:10.060  1335  1360 D dalvikvm: GC_FOR_ALLOC freed 324K, 42% free 11853K/20167K, paused 22ms
02-21 17:20:10.142  1335  1338 D dalvikvm: GC_CONCURRENT freed <1K, 37% free 12757K/20167K, paused 2ms+9ms
02-21 17:20:10.271  1335  1349 D dalvikvm: GC_FOR_ALLOC freed 90K, 36% free 12950K/20167K, paused 24ms
02-21 17:20:10.306   801   801 D OpenGLRenderer: Flushing caches (mode 0)
02-21 17:20:10.407  1335  1338 D dalvikvm: GC_CONCURRENT freed 910K, 35% free 13303K/20167K, paused 2ms+17ms
02-21 17:20:10.528  1335  1349 D dalvikvm: GC_FOR_ALLOC freed 1642K, 39% free 12349K/20167K, paused 30ms
02-21 17:20:10.536  1335  1349 I dalvikvm-heap: Grow heap (frag case) to 13.357MB for 1286224-byte allocation
02-21 17:20:10.607  1335  1338 D dalvikvm: GC_CONCURRENT freed 2K, 33% free 13603K/20167K, paused 3ms+9ms
02-21 17:20:10.747   449   452 D dalvikvm: GC_CONCURRENT freed 418K, 8% free 10411K/11207K, paused 34ms+60ms
02-21 17:20:10.837   801   801 D OpenGLRenderer: Flushing caches (mode 1)
02-21 17:20:10.939  1068  1071 D dalvikvm: GC_CONCURRENT freed 771K, 9% free 9602K/10503K, paused 1ms+3ms
02-21 17:20:11.099  1068  1071 D dalvikvm: GC_CONCURRENT freed 183K, 7% free 9810K/10503K, paused 2ms+3ms
02-21 17:20:11.306  1068  1071 D dalvikvm: GC_CONCURRENT freed 333K, 7% free 9864K/10503K, paused 1ms+5ms
02-21 17:20:11.419   145   365 D dalvikvm: GC_EXPLICIT freed 211K, 9% free 12774K/14023K, paused 2ms+5ms
02-21 17:20:11.564  1068  1071 D dalvikvm: GC_CONCURRENT freed 363K, 6% free 9889K/10503K, paused 2ms+4ms
02-21 17:20:11.786  1068  1071 D dalvikvm: GC_CONCURRENT freed 338K, 6% free 9938K/10503K, paused 1ms+3ms
02-21 17:20:12.517   449   452 D dalvikvm: GC_CONCURRENT freed 418K, 8% free 10388K/11207K, paused 2ms+3ms
02-21 17:20:12.626  1068  1454 D dalvikvm: GC_EXPLICIT freed 789K, 10% free 9528K/10503K, paused 2ms+8ms
02-21 17:20:12.755  1068  1071 D dalvikvm: GC_CONCURRENT freed 152K, 7% free 9772K/10503K, paused 2ms+3ms
02-21 17:20:12.997  1068  1071 D dalvikvm: GC_CONCURRENT freed 289K, 7% free 9868K/10503K, paused 2ms+4ms
02-21 17:20:13.196  1068  1071 D dalvikvm: GC_CONCURRENT freed 376K, 6% free 9880K/10503K, paused 2ms+2ms
02-21 17:20:13.403  1068  1071 D dalvikvm: GC_CONCURRENT freed 351K, 6% free 9914K/10503K, paused 2ms+3ms
02-21 17:20:13.642   801   801 I PhoneLab-phonelab-Locks: wake lock acquired
02-21 17:20:13.653   801  1482 W PhoneLab-PeriodicCheckService: User info is not synched yet
02-21 17:20:13.693   742   742 D OpenGLRenderer: Flushing caches (mode 1)
02-21 17:20:13.693   801  1482 I PhoneLab-PeriodicCheckService: Logger Service is running
02-21 17:20:13.704   801   801 I PhoneLab-phonelab-Locks: wake lock acquired
02-21 17:20:13.708   801   801 I PhoneLab-StatusMonitor: Status Monitoring is started
02-21 17:20:13.712   801   801 W System.err: java.io.FileNotFoundException: /data/data/edu.buffalo.cse.phonelab.phonelabservices/files/manifest.xml: open failed: ENOENT (No such file or directory)
02-21 17:20:13.716   801   801 W System.err: 	at libcore.io.IoBridge.open(IoBridge.java:406)
02-21 17:20:13.716   801   801 W System.err: 	at java.io.FileInputStream.<init>(FileInputStream.java:78)
02-21 17:20:13.716   801   801 W System.err: 	at android.app.ContextImpl.openFileInput(ContextImpl.java:610)
02-21 17:20:13.716   801   801 W System.err: 	at android.content.ContextWrapper.openFileInput(ContextWrapper.java:159)
02-21 17:20:13.716   801   801 W System.err: 	at edu.buffalo.cse.phonelab.manifest.PhoneLabManifest.getDocuments(PhoneLabManifest.java:425)
02-21 17:20:13.716   801   801 W System.err: 	at edu.buffalo.cse.phonelab.manifest.PhoneLabManifest.getManifest(PhoneLabManifest.java:69)
02-21 17:20:13.716   801   801 W System.err: 	at edu.buffalo.cse.phonelab.statusmonitor.StatusMonitor.onStartCommand(StatusMonitor.java:40)
02-21 17:20:13.716   801   801 W System.err: 	at android.app.ActivityThread.handleServiceArgs(ActivityThread.java:2359)
02-21 17:20:13.716   801   801 W System.err: 	at android.app.ActivityThread.access$1900(ActivityThread.java:123)
02-21 17:20:13.716   801   801 W System.err: 	at android.app.ActivityThread$H.handleMessage(ActivityThread.java:1210)
02-21 17:20:13.720   801  1482 I PhoneLab-PeriodicCheckService: Rescheduling periodic checking...
02-21 17:20:13.720   801   801 W System.err: 	at android.os.Handler.dispatchMessage(Handler.java:99)
02-21 17:20:13.720   801   801 W System.err: 	at android.os.Looper.loop(Looper.java:137)
02-21 17:20:13.720   801   801 W System.err: 	at android.app.ActivityThread.main(ActivityThread.java:4424)
02-21 17:20:13.720   801  1482 I PhoneLab-phonelab-Locks: wake lock released
02-21 17:20:13.720   801   801 W System.err: 	at java.lang.reflect.Method.invokeNative(Native Method)
02-21 17:20:13.720   801   801 W System.err: 	at java.lang.reflect.Method.invoke(Method.java:511)
02-21 17:20:13.720   801   801 W System.err: 	at com.android.internal.os.ZygoteInit$MethodAndArgsCaller.run(ZygoteInit.java:784)
02-21 17:20:13.724   801   801 W System.err: 	at com.android.internal.os.ZygoteInit.main(ZygoteInit.java:551)
02-21 17:20:13.724   801   801 W System.err: 	at dalvik.system.NativeStart.main(Native Method)
02-21 17:20:13.724   801   801 W System.err: Caused by: libcore.io.ErrnoException: open failed: ENOENT (No such file or directory)
02-21 17:20:13.724   801   801 W System.err: 	at libcore.io.Posix.open(Native Method)
02-21 17:20:13.724   801   801 W System.err: 	at libcore.io.BlockGuardOs.open(BlockGuardOs.java:110)
02-21 17:20:13.724   801   801 W System.err: 	at libcore.io.IoBridge.open(IoBridge.java:390)
02-21 17:20:13.724   801   801 W System.err: 	... 17 more
02-21 17:20:13.724   801   801 E PhoneLab-PhoneLabManifest: /data/data/edu.buffalo.cse.phonelab.phonelabservices/files/manifest.xml: open failed: ENOENT (No such file or directory)
02-21 17:20:13.724   801   801 I PhoneLab-phonelab-Locks: wake lock released
02-21 17:20:13.732  1068  1071 D dalvikvm: GC_CONCURRENT freed 330K, 6% free 9972K/10503K, paused 2ms+15ms
02-21 17:20:14.357   449   452 D dalvikvm: GC_CONCURRENT freed 215K, 6% free 10582K/11207K, paused 2ms+2ms
02-21 17:20:14.571  1068  1071 D dalvikvm: GC_CONCURRENT freed 711K, 8% free 9672K/10503K, paused 2ms+2ms
02-21 17:20:14.786  1068  1071 D dalvikvm: GC_CONCURRENT freed 226K, 7% free 9838K/10503K, paused 2ms+4ms
02-21 17:20:14.978  1068  1071 D dalvikvm: GC_CONCURRENT freed 348K, 6% free 9882K/10503K, paused 2ms+4ms
02-21 17:20:15.161  1068  1071 D dalvikvm: GC_CONCURRENT freed 364K, 6% free 9905K/10503K, paused 2ms+3ms
02-21 17:20:15.372  1068  1079 D dalvikvm: GC_FOR_ALLOC freed 296K, 6% free 9948K/10503K, paused 21ms
02-21 17:20:15.989   449   452 D dalvikvm: GC_CONCURRENT freed 456K, 6% free 10547K/11207K, paused 3ms+2ms
02-21 17:20:16.169   449   452 D dalvikvm: GC_CONCURRENT freed 437K, 7% free 10506K/11207K, paused 2ms+6ms
02-21 17:20:16.282  1068  1071 D dalvikvm: GC_CONCURRENT freed 770K, 9% free 9605K/10503K, paused 2ms+3ms
02-21 17:20:16.458  1068  1071 D dalvikvm: GC_CONCURRENT freed 186K, 7% free 9808K/10503K, paused 2ms+3ms
02-21 17:20:16.646  1068  1071 D dalvikvm: GC_CONCURRENT freed 324K, 7% free 9872K/10503K, paused 2ms+3ms
02-21 17:20:16.833  1068  1071 D dalvikvm: GC_CONCURRENT freed 374K, 6% free 9896K/10503K, paused 2ms+3ms
02-21 17:20:17.064  1068  1071 D dalvikvm: GC_CONCURRENT freed 339K, 6% free 9944K/10503K, paused 2ms+3ms
02-21 17:20:17.814   449   452 D dalvikvm: GC_CONCURRENT freed 421K, 7% free 10484K/11207K, paused 2ms+6ms
02-21 17:20:17.888  1068  1071 D dalvikvm: GC_CONCURRENT freed 817K, 10% free 9553K/10503K, paused 2ms+4ms
02-21 17:20:18.040  1068  1071 D dalvikvm: GC_CONCURRENT freed 145K, 7% free 9794K/10503K, paused 2ms+3ms
02-21 17:20:18.259  1068  1071 D dalvikvm: GC_CONCURRENT freed 321K, 7% free 9863K/10503K, paused 2ms+6ms
02-21 17:20:18.450  1068  1071 D dalvikvm: GC_CONCURRENT freed 355K, 6% free 9896K/10503K, paused 1ms+3ms
02-21 17:20:18.540   145   313 D dalvikvm: GC_EXPLICIT freed 306K, 9% free 12762K/14023K, paused 3ms+5ms
02-21 17:20:18.736  1068  1071 D dalvikvm: GC_CONCURRENT freed 368K, 6% free 9923K/10503K, paused 1ms+3ms
02-21 17:20:19.036  1068  1071 D dalvikvm: GC_CONCURRENT freed 388K, 6% free 9979K/10567K, paused 2ms+4ms
02-21 17:20:19.595   449   452 D dalvikvm: GC_CONCURRENT freed 463K, 7% free 10425K/11207K, paused 2ms+3ms
02-21 17:20:19.755  1068  1071 D dalvikvm: GC_CONCURRENT freed 678K, 9% free 9712K/10567K, paused 2ms+3ms
02-21 17:20:19.970  1068  1071 D dalvikvm: GC_CONCURRENT freed 257K, 7% free 9842K/10567K, paused 2ms+2ms
02-21 17:20:20.173  1068  1071 D dalvikvm: GC_CONCURRENT freed 358K, 7% free 9870K/10567K, paused 2ms+4ms
02-21 17:20:20.564  1068  1071 D dalvikvm: GC_CONCURRENT freed 354K, 7% free 9900K/10567K, paused 1ms+3ms
02-21 17:20:20.818  1068  1071 D dalvikvm: GC_CONCURRENT freed 334K, 6% free 9960K/10567K, paused 2ms+4ms
02-21 17:20:22.775   145   180 I ActivityManager: START {act=android.intent.action.MAIN cat=[android.intent.category.HOME] flg=0x10200000 cmp=com.android.launcher/com.android.launcher2.Launcher} from pid 145
02-21 17:20:23.380   449   452 D dalvikvm: GC_CONCURRENT freed 185K, 6% free 10646K/11207K, paused 3ms+2ms
02-21 17:20:23.685  1068  1071 D dalvikvm: GC_CONCURRENT freed 693K, 9% free 9666K/10567K, paused 3ms+6ms
02-21 17:20:23.986  1068  1071 D dalvikvm: GC_CONCURRENT freed 228K, 7% free 9829K/10567K, paused 3ms+9ms
02-21 17:20:24.321  1068  1071 D dalvikvm: GC_CONCURRENT freed 345K, 7% free 9870K/10567K, paused 2ms+6ms
02-21 17:20:24.548  1068  1071 D dalvikvm: GC_CONCURRENT freed 369K, 7% free 9892K/10567K, paused 2ms+4ms
02-21 17:20:24.693   145   172 I power   : *** set_screen_state 0
02-21 17:20:24.755    79   121 D SurfaceFlinger: About to give-up screen, flinger = 0xa28918
02-21 17:20:24.892   145   176 D dalvikvm: GC_FOR_ALLOC freed 154K, 7% free 13060K/14023K, paused 43ms
02-21 17:20:24.970   145   176 D dalvikvm: GC_FOR_ALLOC freed 24K, 8% free 13160K/14151K, paused 42ms
02-21 17:20:25.013   145   176 D dalvikvm: GC_FOR_ALLOC freed 1K, 8% free 13262K/14279K, paused 41ms
02-21 17:20:25.060   145   176 D dalvikvm: GC_FOR_ALLOC freed 9K, 8% free 13378K/14407K, paused 37ms
02-21 17:20:25.068   330  1485 D NfcService: NFC-C OFF, disconnect
02-21 17:20:25.071   145   176 V TransportControlView: Create TCV com.android.internal.widget.TransportControlView@416cd3b0
02-21 17:20:25.111   214   214 D PhoneStatusBar: disable: < expand icons alerts ticker system_info back home RECENT* clock >
02-21 17:20:25.126   742   742 D OpenGLRenderer: Flushing caches (mode 1)
02-21 17:20:25.157   214   214 D PhoneStatusBar: disable: < expand icons alerts ticker system_info BACK* HOME* RECENT clock >
02-21 17:20:25.189   214   214 D PhoneStatusBar: disable: < expand icons alerts ticker system_info BACK HOME RECENT CLOCK* >
02-21 17:20:25.247  1068  1071 D dalvikvm: GC_CONCURRENT freed 329K, 6% free 9952K/10567K, paused 2ms+3ms
02-21 17:20:25.880   449   452 D dalvikvm: GC_CONCURRENT freed 481K, 6% free 10630K/11207K, paused 3ms+3ms
02-21 17:20:26.111  1068  1071 D dalvikvm: GC_CONCURRENT freed 764K, 10% free 9611K/10567K, paused 2ms+4ms
02-21 17:20:26.298  1068  1071 D dalvikvm: GC_CONCURRENT freed 194K, 8% free 9807K/10567K, paused 1ms+3ms
02-21 17:20:26.466  1068  1071 D dalvikvm: GC_CONCURRENT freed 325K, 7% free 9868K/10567K, paused 1ms+3ms
02-21 17:20:26.642  1068  1071 D dalvikvm: GC_CONCURRENT freed 377K, 7% free 9892K/10567K, paused 2ms+2ms
02-21 17:20:26.876  1068  1071 D dalvikvm: GC_CONCURRENT freed 340K, 6% free 9942K/10567K, paused 2ms+3ms
02-21 17:20:27.540   449   452 D dalvikvm: GC_CONCURRENT freed 445K, 5% free 10667K/11207K, paused 1ms+3ms
02-21 17:20:27.716   449  1433 D dalvikvm: GC_EXPLICIT freed 443K, 6% free 10571K/11207K, paused 2ms+8ms
02-21 17:20:27.763  1068  1071 D dalvikvm: GC_CONCURRENT freed 780K, 10% free 9600K/10567K, paused 1ms+4ms
02-21 17:20:27.841  1068  1454 D dalvikvm: GC_EXPLICIT freed 109K, 9% free 9711K/10567K, paused 4ms+6ms
02-21 17:20:28.048  1068  1071 D dalvikvm: GC_CONCURRENT freed 244K, 7% free 9855K/10567K, paused 2ms+3ms
02-21 17:20:28.220  1068  1071 D dalvikvm: GC_CONCURRENT freed 372K, 7% free 9881K/10567K, paused 2ms+3ms
02-21 17:20:28.415  1068  1071 D dalvikvm: GC_CONCURRENT freed 358K, 7% free 9915K/10567K, paused 2ms+3ms
02-21 17:20:28.657  1068  1071 D dalvikvm: GC_CONCURRENT freed 344K, 6% free 9967K/10567K, paused 2ms+3ms
02-21 17:20:29.275   449   452 D dalvikvm: GC_CONCURRENT freed 431K, 6% free 10553K/11207K, paused 2ms+3ms
02-21 17:20:29.376  1068  1071 D dalvikvm: GC_CONCURRENT freed 680K, 9% free 9709K/10567K, paused 1ms+3ms
02-21 17:20:29.509   145   156 D dalvikvm: GC_EXPLICIT freed 167K, 6% free 13676K/14535K, paused 2ms+5ms
02-21 17:20:29.634  1068  1071 D dalvikvm: GC_CONCURRENT freed 250K, 7% free 9851K/10567K, paused 2ms+3ms
02-21 17:20:29.818  1068  1071 D dalvikvm: GC_CONCURRENT freed 362K, 7% free 9877K/10567K, paused 2ms+3ms
02-21 17:20:30.001  1068  1071 D dalvikvm: GC_CONCURRENT freed 361K, 7% free 9905K/10567K, paused 2ms+3ms
02-21 17:20:30.247  1068  1071 D dalvikvm: GC_CONCURRENT freed 338K, 6% free 9964K/10567K, paused 2ms+3ms
02-21 17:20:30.665   449  1483 D C2DMRegistrar: [C2DMRegistrar.108] register: http error 404
02-21 17:20:30.689   801   801 I PhoneLab-RegistrationReceiver: C2DM Registration Receiver is fired
02-21 17:20:32.400   801   801 I PhoneLab-RegistrationReceiver: Shared Preferences Settings updated successfully
02-21 17:20:32.435   801   804 D dalvikvm: GC_CONCURRENT freed 649K, 8% free 9789K/10567K, paused 16ms+2ms
02-21 17:20:32.556   449   452 D dalvikvm: GC_CONCURRENT freed 447K, 7% free 10532K/11207K, paused 2ms+4ms
02-21 17:20:32.685  1068  1071 D dalvikvm: GC_CONCURRENT freed 730K, 9% free 9657K/10567K, paused 1ms+3ms
02-21 17:20:32.868  1068  1071 D dalvikvm: GC_CONCURRENT freed 216K, 7% free 9832K/10567K, paused 2ms+3ms
02-21 17:20:33.044  1068  1071 D dalvikvm: GC_CONCURRENT freed 345K, 7% free 9878K/10567K, paused 1ms+3ms
02-21 17:20:33.224  1068  1071 D dalvikvm: GC_CONCURRENT freed 372K, 7% free 9904K/10567K, paused 1ms+2ms
02-21 17:20:33.462  1068  1071 D dalvikvm: GC_CONCURRENT freed 334K, 6% free 9958K/10567K, paused 2ms+4ms
02-21 17:20:34.228   449   452 D dalvikvm: GC_CONCURRENT freed 428K, 7% free 10532K/11207K, paused 2ms+6ms
02-21 17:20:34.364  1068  1071 D dalvikvm: GC_CONCURRENT freed 771K, 10% free 9610K/10567K, paused 1ms+4ms
02-21 17:20:34.532  1068  1071 D dalvikvm: GC_CONCURRENT freed 178K, 8% free 9824K/10567K, paused 1ms+2ms
02-21 17:20:34.728  1068  1071 D dalvikvm: GC_CONCURRENT freed 336K, 7% free 9878K/10567K, paused 1ms+2ms
02-21 17:20:34.927  1068  1071 D dalvikvm: GC_CONCURRENT freed 373K, 7% free 9897K/10567K, paused 1ms+3ms
02-21 17:20:35.193  1068  1071 D dalvikvm: GC_CONCURRENT freed 355K, 6% free 9941K/10567K, paused 2ms+3ms
02-21 17:20:35.443  1068  1071 D dalvikvm: GC_CONCURRENT freed 349K, 6% free 9982K/10567K, paused 2ms+3ms
02-21 17:20:35.935   801  1464 I PhoneLab-: 1329862771312.log is deleted
02-21 17:20:35.935   801  1464 I PhoneLab-: Response {"data": "done", "err": ""}
02-21 17:20:36.079   449   452 D dalvikvm: GC_CONCURRENT freed 447K, 7% free 10521K/11207K, paused 2ms+7ms
02-21 17:20:36.224  1068  1071 D dalvikvm: GC_CONCURRENT freed 679K, 8% free 9789K/10567K, paused 1ms+3ms
02-21 17:20:36.450  1068  1071 D dalvikvm: GC_CONCURRENT freed 310K, 7% free 9879K/10567K, paused 2ms+3ms
02-21 17:20:36.630  1068  1071 D dalvikvm: GC_CONCURRENT freed 382K, 7% free 9892K/10567K, paused 2ms+3ms
02-21 17:20:36.833  1068  1071 D dalvikvm: GC_CONCURRENT freed 363K, 7% free 9926K/10567K, paused 1ms+3ms
02-21 17:20:37.056  1068  1211 D dalvikvm: GC_FOR_ALLOC freed 319K, 6% free 9974K/10567K, paused 19ms
02-21 17:20:37.681   449   452 D dalvikvm: GC_CONCURRENT freed 448K, 7% free 10507K/11207K, paused 2ms+2ms
02-21 17:20:37.810  1068  1071 D dalvikvm: GC_CONCURRENT freed 696K, 9% free 9704K/10567K, paused 1ms+3ms
02-21 17:20:38.017  1068  1071 D dalvikvm: GC_CONCURRENT freed 237K, 7% free 9860K/10567K, paused 1ms+2ms
02-21 17:20:38.232   145  1215 D dalvikvm: GC_EXPLICIT freed 261K, 6% free 13671K/14535K, paused 3ms+5ms
02-21 17:20:38.290  1068  1071 D dalvikvm: GC_CONCURRENT freed 358K, 7% free 9897K/10567K, paused 2ms+3ms
02-21 17:20:38.482  1068  1071 D dalvikvm: GC_CONCURRENT freed 377K, 7% free 9916K/10567K, paused 1ms+2ms
02-21 17:20:38.751  1068  1071 D dalvikvm: GC_CONCURRENT freed 340K, 6% free 9976K/10567K, paused 2ms+3ms
02-21 17:20:41.302   449   452 D dalvikvm: GC_CONCURRENT freed 465K, 7% free 10436K/11207K, paused 2ms+12ms
02-21 17:20:41.466  1068  1071 D dalvikvm: GC_CONCURRENT freed 742K, 9% free 9657K/10567K, paused 2ms+3ms
02-21 17:20:41.642  1068  1071 D dalvikvm: GC_CONCURRENT freed 198K, 7% free 9846K/10567K, paused 2ms+2ms
02-21 17:20:41.833  1068  1071 D dalvikvm: GC_CONCURRENT freed 342K, 7% free 9899K/10567K, paused 2ms+3ms
02-21 17:20:42.021  1068  1071 D dalvikvm: GC_CONCURRENT freed 368K, 7% free 9920K/10567K, paused 1ms+2ms
02-21 17:20:42.282  1068  1071 D dalvikvm: GC_CONCURRENT freed 349K, 6% free 9971K/10567K, paused 2ms+2ms
02-21 17:20:43.290   449   452 D dalvikvm: GC_CONCURRENT freed 320K, 7% free 10527K/11207K, paused 2ms+10ms
02-21 17:20:43.443  1068  1071 D dalvikvm: GC_CONCURRENT freed 800K, 10% free 9595K/10567K, paused 1ms+4ms
02-21 17:20:43.603  1068  1071 D dalvikvm: GC_CONCURRENT freed 178K, 8% free 9807K/10567K, paused 1ms+3ms
02-21 17:20:43.661  1068  1438 D dalvikvm: GC_EXPLICIT freed 54K, 8% free 9789K/10567K, paused 2ms+2ms
02-21 17:20:43.825  1068  1071 D dalvikvm: GC_CONCURRENT freed 302K, 7% free 9874K/10567K, paused 1ms+3ms
02-21 17:20:44.009  1068  1071 D dalvikvm: GC_CONCURRENT freed 370K, 7% free 9898K/10567K, paused 2ms+3ms
02-21 17:20:44.267  1068  1071 D dalvikvm: GC_CONCURRENT freed 344K, 6% free 9953K/10567K, paused 1ms+2ms
02-21 17:20:45.044   449   452 D dalvikvm: GC_CONCURRENT freed 316K, 5% free 10658K/11207K, paused 2ms+4ms
02-21 17:20:45.185  1068  1071 D dalvikvm: GC_CONCURRENT freed 796K, 10% free 9541K/10567K, paused 2ms+2ms
02-21 17:20:45.314  1068  1071 D dalvikvm: GC_CONCURRENT freed 126K, 8% free 9804K/10567K, paused 2ms+2ms
02-21 17:20:45.505  1068  1071 D dalvikvm: GC_CONCURRENT freed 300K, 7% free 9894K/10567K, paused 1ms+2ms
02-21 17:20:45.693  1068  1071 D dalvikvm: GC_CONCURRENT freed 375K, 7% free 9915K/10567K, paused 2ms+3ms
02-21 17:20:45.903  1068  1071 D dalvikvm: GC_CONCURRENT freed 362K, 6% free 9948K/10567K, paused 2ms+3ms
02-21 17:20:46.165  1068  1071 D dalvikvm: GC_CONCURRENT freed 352K, 6% free 9985K/10567K, paused 1ms+3ms
02-21 17:20:46.829   449   452 D dalvikvm: GC_CONCURRENT freed 734K, 8% free 10413K/11271K, paused 2ms+3ms
02-21 17:20:47.025  1068  1071 D dalvikvm: GC_CONCURRENT freed 679K, 8% free 9788K/10567K, paused 1ms+3ms
02-21 17:20:47.263  1068  1071 D dalvikvm: GC_CONCURRENT freed 302K, 7% free 9877K/10567K, paused 2ms+3ms
02-21 17:20:47.439  1068  1071 D dalvikvm: GC_CONCURRENT freed 371K, 7% free 9893K/10567K, paused 1ms+3ms
02-21 17:20:47.650  1068  1071 D dalvikvm: GC_CONCURRENT freed 354K, 7% free 9932K/10567K, paused 2ms+3ms
02-21 17:20:47.821  1068  1438 D dalvikvm: GC_FOR_ALLOC freed 248K, 6% free 9942K/10567K, paused 19ms
02-21 17:20:48.443   449   452 D dalvikvm: GC_CONCURRENT freed 189K, 6% free 10651K/11271K, paused 2ms+2ms
02-21 17:20:48.603  1068  1071 D dalvikvm: GC_CONCURRENT freed 690K, 9% free 9676K/10567K, paused 1ms+3ms
02-21 17:20:48.778   145   313 D dalvikvm: GC_EXPLICIT freed 232K, 6% free 13666K/14535K, paused 3ms+5ms
02-21 17:20:48.861  1068  1071 D dalvikvm: GC_CONCURRENT freed 245K, 8% free 9821K/10567K, paused 1ms+3ms
02-21 17:20:49.040  1068  1071 D dalvikvm: GC_CONCURRENT freed 353K, 7% free 9862K/10567K, paused 1ms+3ms
02-21 17:20:49.243  1068  1071 D dalvikvm: GC_CONCURRENT freed 359K, 7% free 9896K/10567K, paused 2ms+3ms
02-21 17:20:49.509  1068  1071 D dalvikvm: GC_CONCURRENT freed 353K, 7% free 9929K/10567K, paused 2ms+3ms
02-21 17:20:51.025   145   365 D AlarmManagerService: Kernel timezone updated to 300 minutes west of GMT
02-21 17:20:52.060   449   452 D dalvikvm: GC_CONCURRENT freed 579K, 7% free 10518K/11271K, paused 2ms+12ms
02-21 17:20:52.232  1068  1071 D dalvikvm: GC_CONCURRENT freed 607K, 8% free 9747K/10567K, paused 2ms+2ms
02-21 17:20:52.450  1068  1071 D dalvikvm: GC_CONCURRENT freed 296K, 7% free 9848K/10567K, paused 1ms+3ms
02-21 17:20:52.630  1068  1071 D dalvikvm: GC_CONCURRENT freed 370K, 7% free 9865K/10567K, paused 2ms+2ms
02-21 17:20:52.872  1068  1071 D dalvikvm: GC_CONCURRENT freed 348K, 7% free 9914K/10567K, paused 1ms+3ms
02-21 17:20:53.579   449   452 D dalvikvm: GC_CONCURRENT freed 403K, 7% free 10520K/11271K, paused 2ms+11ms
02-21 17:20:53.689  1068  1071 D dalvikvm: GC_CONCURRENT freed 757K, 10% free 9552K/10567K, paused 2ms+2ms
02-21 17:20:53.833  1068  1071 D dalvikvm: GC_CONCURRENT freed 141K, 8% free 9797K/10567K, paused 1ms+3ms
02-21 17:20:54.013  1068  1071 D dalvikvm: GC_CONCURRENT freed 304K, 7% free 9889K/10567K, paused 2ms+3ms
02-21 17:20:54.189  1068  1071 D dalvikvm: GC_CONCURRENT freed 385K, 7% free 9904K/10567K, paused 2ms+2ms
02-21 17:20:54.411  1068  1071 D dalvikvm: GC_CONCURRENT freed 361K, 6% free 9945K/10567K, paused 2ms+3ms
02-21 17:20:54.743  1068  1071 D dalvikvm: GC_CONCURRENT freed 359K, 6% free 9971K/10567K, paused 2ms+2ms
02-21 17:20:55.294   449   452 D dalvikvm: GC_CONCURRENT freed 308K, 6% free 10639K/11271K, paused 2ms+3ms
02-21 17:20:55.501  1068  1071 D dalvikvm: GC_CONCURRENT freed 625K, 8% free 9771K/10567K, paused 2ms+4ms
02-21 17:20:55.728  1068  1071 D dalvikvm: GC_CONCURRENT freed 278K, 7% free 9886K/10567K, paused 2ms+3ms
02-21 17:20:55.907  1068  1071 D dalvikvm: GC_CONCURRENT freed 377K, 7% free 9898K/10567K, paused 2ms+3ms
02-21 17:20:56.118  1068  1071 D dalvikvm: GC_CONCURRENT freed 355K, 6% free 9941K/10567K, paused 2ms+3ms
02-21 17:20:56.368  1068  1079 D dalvikvm: GC_FOR_ALLOC freed 326K, 6% free 9988K/10567K, paused 20ms
02-21 17:20:57.044   449   452 D dalvikvm: GC_CONCURRENT freed 458K, 6% free 10634K/11271K, paused 2ms+6ms
02-21 17:20:57.204   449   452 D dalvikvm: GC_CONCURRENT freed 472K, 7% free 10577K/11271K, paused 2ms+6ms
02-21 17:20:57.310  1068  1071 D dalvikvm: GC_CONCURRENT freed 724K, 8% free 9745K/10567K, paused 2ms+3ms
02-21 17:20:57.497  1068  1071 D dalvikvm: GC_CONCURRENT freed 243K, 7% free 9888K/10567K, paused 2ms+3ms
02-21 17:20:57.571  1068  1080 D dalvikvm: GC_EXPLICIT freed 143K, 7% free 9865K/10567K, paused 1ms+2ms
02-21 17:20:57.720   145   397 D dalvikvm: GC_EXPLICIT freed 211K, 6% free 13670K/14535K, paused 2ms+5ms
02-21 17:20:57.794  1068  1071 D dalvikvm: GC_CONCURRENT freed 318K, 6% free 9939K/10567K, paused 2ms+2ms
02-21 17:20:57.986  1068  1071 D dalvikvm: GC_CONCURRENT freed 361K, 6% free 9964K/10567K, paused 1ms+4ms
02-21 17:20:58.169  1068  1071 D dalvikvm: GC_CONCURRENT freed 333K, 6% free 10022K/10567K, paused 2ms+3ms
02-21 17:20:58.993  1068  1071 D dalvikvm: GC_CONCURRENT freed 860K, 10% free 9575K/10567K, paused 2ms+8ms
02-21 17:20:59.017   449   452 D dalvikvm: GC_CONCURRENT freed 455K, 7% free 10566K/11271K, paused 2ms+3ms
02-21 17:20:59.138  1068  1071 D dalvikvm: GC_CONCURRENT freed 167K, 8% free 9811K/10567K, paused 2ms+3ms
02-21 17:20:59.380  1068  1071 D dalvikvm: GC_CONCURRENT freed 310K, 7% free 9898K/10567K, paused 2ms+3ms
02-21 17:20:59.560  1068  1071 D dalvikvm: GC_CONCURRENT freed 377K, 7% free 9916K/10567K, paused 2ms+2ms
02-21 17:20:59.751  1068  1071 D dalvikvm: GC_CONCURRENT freed 353K, 6% free 9950K/10567K, paused 2ms+3ms
02-21 17:21:00.064  1068  1071 D dalvikvm: GC_CONCURRENT freed 338K, 6% free 10006K/10567K, paused 2ms+3ms
02-21 17:21:00.814   449   452 D dalvikvm: GC_CONCURRENT freed 445K, 7% free 10539K/11271K, paused 2ms+5ms
02-21 17:21:00.946  1068  1071 D dalvikvm: GC_CONCURRENT freed 751K, 9% free 9717K/10567K, paused 2ms+3ms
02-21 17:21:01.142  1068  1071 D dalvikvm: GC_CONCURRENT freed 251K, 7% free 9862K/10567K, paused 1ms+3ms
02-21 17:21:01.318  1068  1071 D dalvikvm: GC_CONCURRENT freed 356K, 7% free 9899K/10567K, paused 1ms+3ms
02-21 17:21:01.493  1068  1071 D dalvikvm: GC_CONCURRENT freed 372K, 7% free 9916K/10567K, paused 1ms+3ms
02-21 17:21:01.763  1068  1071 D dalvikvm: GC_CONCURRENT freed 322K, 6% free 9984K/10567K, paused 2ms+3ms
02-21 17:21:02.622   449   452 D dalvikvm: GC_CONCURRENT freed 455K, 7% free 10553K/11271K, paused 2ms+7ms
02-21 17:21:02.767  1068  1071 D dalvikvm: GC_CONCURRENT freed 772K, 9% free 9696K/10567K, paused 2ms+3ms
02-21 17:21:02.958  1068  1071 D dalvikvm: GC_CONCURRENT freed 231K, 7% free 9859K/10567K, paused 2ms+2ms
02-21 17:21:03.150  1068  1071 D dalvikvm: GC_CONCURRENT freed 345K, 7% free 9903K/10567K, paused 1ms+3ms
02-21 17:21:03.329  1068  1071 D dalvikvm: GC_CONCURRENT freed 357K, 6% free 9941K/10567K, paused 2ms+3ms
02-21 17:21:03.556  1068  1071 D dalvikvm: GC_CONCURRENT freed 342K, 6% free 9994K/10567K, paused 2ms+3ms
02-21 17:21:04.751   449   452 D dalvikvm: GC_CONCURRENT freed 457K, 7% free 10526K/11271K, paused 2ms+6ms
02-21 17:21:04.837  1068  1071 D dalvikvm: GC_CONCURRENT freed 863K, 10% free 9578K/10567K, paused 1ms+5ms
02-21 17:21:04.993  1068  1071 D dalvikvm: GC_CONCURRENT freed 165K, 8% free 9802K/10567K, paused 2ms+3ms
02-21 17:21:05.200  1068  1071 D dalvikvm: GC_CONCURRENT freed 297K, 7% free 9899K/10567K, paused 1ms+3ms
02-21 17:21:05.392  1068  1071 D dalvikvm: GC_CONCURRENT freed 373K, 7% free 9913K/10567K, paused 2ms+2ms
02-21 17:21:05.646  1068  1071 D dalvikvm: GC_CONCURRENT freed 344K, 6% free 9961K/10567K, paused 1ms+3ms
02-21 17:21:05.853   214   216 D dalvikvm: GC_CONCURRENT freed 413K, 8% free 9617K/10439K, paused 1ms+2ms
02-21 17:21:06.111  1068  1071 D dalvikvm: GC_CONCURRENT freed 368K, 6% free 9978K/10567K, paused 2ms+3ms
02-21 17:21:08.310   449   452 D dalvikvm: GC_CONCURRENT freed 444K, 7% free 10533K/11271K, paused 2ms+7ms
02-21 17:21:08.446  1068  1071 D dalvikvm: GC_CONCURRENT freed 606K, 8% free 9794K/10567K, paused 2ms+3ms
02-21 17:21:08.634   145   316 D dalvikvm: GC_EXPLICIT freed 268K, 6% free 13672K/14535K, paused 2ms+5ms
02-21 17:21:08.720  1068  1071 D dalvikvm: GC_CONCURRENT freed 288K, 7% free 9899K/10567K, paused 2ms+3ms
02-21 17:21:08.900  1068  1071 D dalvikvm: GC_CONCURRENT freed 385K, 7% free 9902K/10567K, paused 2ms+3ms
02-21 17:21:09.099  1068  1071 D dalvikvm: GC_CONCURRENT freed 351K, 6% free 9937K/10567K, paused 2ms+3ms
02-21 17:21:09.314  1068  1211 D dalvikvm: GC_FOR_ALLOC freed 302K, 6% free 9974K/10567K, paused 19ms
02-21 17:21:10.177   449   452 D dalvikvm: GC_CONCURRENT freed 449K, 7% free 10506K/11271K, paused 2ms+3ms
02-21 17:21:10.321  1068  1071 D dalvikvm: GC_CONCURRENT freed 781K, 10% free 9616K/10567K, paused 2ms+3ms
02-21 17:21:10.470  1068  1071 D dalvikvm: GC_CONCURRENT freed 157K, 7% free 9856K/10567K, paused 2ms+3ms
02-21 17:21:10.657  1068  1071 D dalvikvm: GC_CONCURRENT freed 322K, 7% free 9926K/10567K, paused 2ms+3ms
02-21 17:21:10.853  1068  1071 D dalvikvm: GC_CONCURRENT freed 377K, 6% free 9945K/10567K, paused 2ms+3ms
02-21 17:21:11.075  1068  1071 D dalvikvm: GC_CONCURRENT freed 348K, 6% free 9982K/10567K, paused 1ms+3ms
02-21 17:21:11.361  1068  1071 D dalvikvm: GC_CONCURRENT freed 375K, 5% free 10069K/10567K, paused 1ms+6ms
02-21 17:21:12.161   449   452 D dalvikvm: GC_CONCURRENT freed 457K, 8% free 10470K/11271K, paused 2ms+3ms
02-21 17:21:12.333  1068  1071 D dalvikvm: GC_CONCURRENT freed 775K, 9% free 9759K/10631K, paused 1ms+3ms
02-21 17:21:12.548  1068  1071 D dalvikvm: GC_CONCURRENT freed 271K, 8% free 9882K/10631K, paused 1ms+3ms
02-21 17:21:12.681  1068  1079 D dalvikvm: GC_EXPLICIT freed 286K, 7% free 9897K/10631K, paused 2ms+3ms
02-21 17:21:12.864  1068  1071 D dalvikvm: GC_CONCURRENT freed 354K, 7% free 9935K/10631K, paused 1ms+3ms
02-21 17:21:13.118  1068  1071 D dalvikvm: GC_CONCURRENT freed 332K, 6% free 9997K/10631K, paused 1ms+3ms
02-21 17:21:13.982   449   452 D dalvikvm: GC_CONCURRENT freed 320K, 7% free 10566K/11271K, paused 2ms+3ms
02-21 17:21:14.103  1068  1071 D dalvikvm: GC_CONCURRENT freed 828K, 11% free 9564K/10631K, paused 2ms+3ms
02-21 17:21:14.259  1068  1071 D dalvikvm: GC_CONCURRENT freed 144K, 8% free 9806K/10631K, paused 2ms+2ms
02-21 17:21:14.462  1068  1071 D dalvikvm: GC_CONCURRENT freed 306K, 7% free 9901K/10631K, paused 2ms+3ms
02-21 17:21:14.646  1068  1071 D dalvikvm: GC_CONCURRENT freed 381K, 7% free 9910K/10631K, paused 2ms+3ms
02-21 17:21:14.853  1068  1071 D dalvikvm: GC_CONCURRENT freed 343K, 7% free 9962K/10631K, paused 2ms+3ms
02-21 17:21:15.142  1068  1071 D dalvikvm: GC_CONCURRENT freed 343K, 6% free 10008K/10631K, paused 2ms+3ms
02-21 17:21:17.591   449   452 D dalvikvm: GC_CONCURRENT freed 320K, 6% free 10676K/11271K, paused 2ms+3ms
02-21 17:21:17.778  1068  1071 D dalvikvm: GC_CONCURRENT freed 706K, 9% free 9725K/10631K, paused 2ms+3ms
02-21 17:21:17.993  1068  1071 D dalvikvm: GC_CONCURRENT freed 253K, 8% free 9864K/10631K, paused 2ms+3ms
02-21 17:21:18.193  1068  1071 D dalvikvm: GC_CONCURRENT freed 359K, 7% free 9898K/10631K, paused 1ms+3ms
02-21 17:21:18.306   145  1061 D dalvikvm: GC_EXPLICIT freed 200K, 6% free 13668K/14535K, paused 2ms+4ms
02-21 17:21:18.454  1068  1071 D dalvikvm: GC_CONCURRENT freed 356K, 7% free 9929K/10631K, paused 1ms+3ms
02-21 17:21:18.747  1068  1071 D dalvikvm: GC_CONCURRENT freed 347K, 7% free 9978K/10631K, paused 2ms+3ms
02-21 17:21:19.486   449   452 D dalvikvm: GC_CONCURRENT freed 465K, 6% free 10698K/11271K, paused 2ms+2ms
02-21 17:21:19.653  1068  1071 D dalvikvm: GC_CONCURRENT freed 697K, 9% free 9705K/10631K, paused 2ms+3ms
02-21 17:21:19.849  1068  1071 D dalvikvm: GC_CONCURRENT freed 245K, 8% free 9850K/10631K, paused 2ms+3ms
02-21 17:21:20.032  1068  1071 D dalvikvm: GC_CONCURRENT freed 355K, 7% free 9890K/10631K, paused 1ms+3ms
02-21 17:21:20.228  1068  1071 D dalvikvm: GC_CONCURRENT freed 376K, 7% free 9903K/10631K, paused 2ms+3ms
02-21 17:21:20.517  1068  1071 D dalvikvm: GC_CONCURRENT freed 322K, 7% free 9972K/10631K, paused 2ms+3ms
02-21 17:21:21.290   449   452 D dalvikvm: GC_CONCURRENT freed 464K, 5% free 10709K/11271K, paused 2ms+4ms
02-21 17:21:21.470  1068  1071 D dalvikvm: GC_CONCURRENT freed 740K, 9% free 9690K/10631K, paused 1ms+3ms
02-21 17:21:21.657  1068  1071 D dalvikvm: GC_CONCURRENT freed 194K, 7% free 9890K/10631K, paused 1ms+2ms
02-21 17:21:21.853  1068  1071 D dalvikvm: GC_CONCURRENT freed 344K, 7% free 9939K/10631K, paused 2ms+3ms
02-21 17:21:22.040  1068  1071 D dalvikvm: GC_CONCURRENT freed 365K, 7% free 9968K/10631K, paused 2ms+3ms
02-21 17:21:22.282  1068  1071 D dalvikvm: GC_CONCURRENT freed 348K, 6% free 10006K/10631K, paused 2ms+3ms
02-21 17:21:22.700  1068  1071 D dalvikvm: GC_CONCURRENT freed 360K, 6% free 10031K/10631K, paused 2ms+3ms
02-21 17:21:25.185   449   452 D dalvikvm: GC_CONCURRENT freed 763K, 8% free 10465K/11335K, paused 2ms+3ms
02-21 17:21:25.380  1068  1071 D dalvikvm: GC_CONCURRENT freed 649K, 8% free 9804K/10631K, paused 2ms+2ms
02-21 17:21:25.599  1068  1071 D dalvikvm: GC_CONCURRENT freed 276K, 7% free 9925K/10631K, paused 2ms+3ms
02-21 17:21:25.798  1068  1071 D dalvikvm: GC_CONCURRENT freed 368K, 7% free 9947K/10631K, paused 1ms+3ms
02-21 17:21:25.986  1068  1071 D dalvikvm: GC_CONCURRENT freed 364K, 7% free 9979K/10631K, paused 1ms+3ms
02-21 17:21:26.286  1068  1071 D dalvikvm: GC_CONCURRENT freed 327K, 6% free 10038K/10631K, paused 2ms+4ms
02-21 17:21:27.091   449   452 D dalvikvm: GC_CONCURRENT freed 211K, 6% free 10681K/11335K, paused 2ms+3ms
02-21 17:21:27.247   449   452 D dalvikvm: GC_CONCURRENT freed 510K, 7% free 10598K/11335K, paused 2ms+3ms
02-21 17:21:27.325  1068  1071 D dalvikvm: GC_CONCURRENT freed 805K, 10% free 9657K/10631K, paused 1ms+2ms
02-21 17:21:27.493  1068  1071 D dalvikvm: GC_CONCURRENT freed 160K, 8% free 9887K/10631K, paused 2ms+2ms
02-21 17:21:27.689  1068  1071 D dalvikvm: GC_CONCURRENT freed 332K, 7% free 9944K/10631K, paused 1ms+3ms
02-21 17:21:27.864  1068  1071 D dalvikvm: GC_CONCURRENT freed 375K, 7% free 9966K/10631K, paused 2ms+2ms
02-21 17:21:28.107  1068  1071 D dalvikvm: GC_CONCURRENT freed 334K, 6% free 10026K/10631K, paused 2ms+3ms
02-21 17:21:28.611  1068  1071 D dalvikvm: GC_CONCURRENT freed 377K, 6% free 10036K/10631K, paused 1ms+3ms
02-21 17:21:29.700   449   452 D dalvikvm: GC_CONCURRENT freed 479K, 7% free 10589K/11335K, paused 2ms+4ms
02-21 17:21:29.841  1068  1071 D dalvikvm: GC_CONCURRENT freed 646K, 8% free 9813K/10631K, paused 2ms+3ms
02-21 17:21:30.099  1068  1071 D dalvikvm: GC_CONCURRENT freed 277K, 7% free 9928K/10631K, paused 2ms+2ms
02-21 17:21:30.208   145  1061 D dalvikvm: GC_EXPLICIT freed 243K, 6% free 13668K/14535K, paused 2ms+5ms
02-21 17:21:30.361  1068  1071 D dalvikvm: GC_CONCURRENT freed 366K, 7% free 9951K/10631K, paused 2ms+3ms
02-21 17:21:30.486  1068  1079 D dalvikvm: GC_EXPLICIT freed 248K, 7% free 9944K/10631K, paused 2ms+3ms
02-21 17:21:30.720  1068  1071 D dalvikvm: GC_CONCURRENT freed 322K, 6% free 10010K/10631K, paused 1ms+3ms
02-21 17:21:31.150  1068  1071 D dalvikvm: GC_CONCURRENT freed 373K, 6% free 10024K/10631K, paused 2ms+3ms
02-21 17:21:31.189   801  1008 I PhoneLab-: Service Running
02-21 17:21:31.220   801  1008 I PhoneLab-LoggerService: app_34    1012  801   1440   1068  c00f1758 40039794 S logcat
02-21 17:21:31.220   801  1008 I PhoneLab-LoggerService: Logcat pid from database 1012
02-21 17:21:31.220   801  1008 I PhoneLab-LoggerService: Logcat process found 1012
02-21 17:21:31.220   801  1008 I PhoneLab-LoggerService: Checking Threshold
02-21 17:21:31.220   801  1008 I PhoneLab-LoggerService: Starting to rename files
02-21 17:21:31.220   801  1008 I PhoneLab-LoggerService: Files found .. 2
02-21 17:21:31.220   801  1008 I PhoneLab-LoggerService: File 1 log.out.1
02-21 17:21:31.228   801  1008 I PhoneLab-LoggerService: Renamed successfully
02-21 17:21:31.228   801  1008 I PhoneLab-LoggerService: Transfering files now...
02-21 17:21:31.263   801  1008 D dalvikvm: GC_FOR_ALLOC freed 773K, 12% free 9352K/10567K, paused 17ms
02-21 17:21:31.282   801  1008 D dalvikvm: GC_FOR_ALLOC freed 150K, 11% free 9451K/10567K, paused 14ms
02-21 17:21:31.282   801  1008 I dalvikvm-heap: Grow heap (frag case) to 9.792MB for 516484-byte allocation
02-21 17:21:31.314   801   804 D dalvikvm: GC_CONCURRENT freed 248K, 13% free 9706K/11079K, paused 1ms+1ms
02-21 17:21:32.036   801  1490 D dalvikvm: GC_FOR_ALLOC freed 311K, 13% free 9727K/11079K, paused 33ms
02-21 17:21:32.052   801  1490 D dalvikvm: GC_FOR_ALLOC freed 301K, 13% free 9728K/11079K, paused 13ms
02-21 17:21:32.068   801  1490 D dalvikvm: GC_FOR_ALLOC freed 301K, 13% free 9729K/11079K, paused 13ms
02-21 17:21:32.896   449   452 D dalvikvm: GC_CONCURRENT freed 481K, 8% free 10538K/11335K, paused 2ms+3ms
02-21 17:21:33.048  1068  1071 D dalvikvm: GC_CONCURRENT freed 645K, 8% free 9802K/10631K, paused 1ms+3ms
02-21 17:21:33.275  1068  1071 D dalvikvm: GC_CONCURRENT freed 305K, 7% free 9892K/10631K, paused 1ms+2ms
02-21 17:21:33.462  1068  1071 D dalvikvm: GC_CONCURRENT freed 372K, 7% free 9915K/10631K, paused 2ms+2ms
02-21 17:21:33.685  1068  1071 D dalvikvm: GC_CONCURRENT freed 354K, 7% free 9952K/10631K, paused 2ms+3ms
02-21 17:21:34.005  1068  1071 D dalvikvm: GC_CONCURRENT freed 344K, 6% free 10000K/10631K, paused 2ms+3ms
02-21 17:21:35.173   449   452 D dalvikvm: GC_CONCURRENT freed 446K, 8% free 10534K/11335K, paused 2ms+7ms
02-21 17:21:35.318  1068  1071 D dalvikvm: GC_CONCURRENT freed 697K, 9% free 9725K/10631K, paused 1ms+2ms
02-21 17:21:35.521  1068  1071 D dalvikvm: GC_CONCURRENT freed 232K, 8% free 9885K/10631K, paused 2ms+2ms
02-21 17:21:35.716  1068  1071 D dalvikvm: GC_CONCURRENT freed 401K, 8% free 9879K/10631K, paused 2ms+3ms
02-21 17:21:35.892  1068  1071 D dalvikvm: GC_CONCURRENT freed 352K, 7% free 9927K/10631K, paused 1ms+3ms
02-21 17:21:36.153  1068  1071 D dalvikvm: GC_CONCURRENT freed 344K, 7% free 9976K/10631K, paused 1ms+3ms
02-21 17:21:37.997  1068  1071 D dalvikvm: GC_CONCURRENT freed 826K, 11% free 9552K/10631K, paused 2ms+6ms
02-21 17:21:38.017   449   452 D dalvikvm: GC_CONCURRENT freed 527K, 8% free 10439K/11335K, paused 2ms+2ms
02-21 17:21:38.138  1068  1071 D dalvikvm: GC_CONCURRENT freed 138K, 8% free 9830K/10631K, paused 2ms+3ms
02-21 17:21:38.364  1068  1071 D dalvikvm: GC_CONCURRENT freed 306K, 7% free 9918K/10631K, paused 2ms+3ms
02-21 17:21:38.548  1068  1071 D dalvikvm: GC_CONCURRENT freed 374K, 7% free 9938K/10631K, paused 1ms+3ms
02-21 17:21:38.775  1068  1071 D dalvikvm: GC_CONCURRENT freed 360K, 7% free 9963K/10631K, paused 2ms+3ms
02-21 17:21:39.079  1068  1071 D dalvikvm: GC_CONCURRENT freed 335K, 6% free 10022K/10631K, paused 2ms+3ms
02-21 17:21:39.954   449   452 D dalvikvm: GC_CONCURRENT freed 471K, 9% free 10357K/11335K, paused 2ms+4ms
02-21 17:21:40.068  1068  1071 D dalvikvm: GC_CONCURRENT freed 695K, 9% free 9751K/10631K, paused 2ms+4ms
02-21 17:21:40.275  1068  1071 D dalvikvm: GC_CONCURRENT freed 268K, 8% free 9871K/10631K, paused 2ms+2ms
02-21 17:21:40.462  1068  1071 D dalvikvm: GC_CONCURRENT freed 361K, 7% free 9897K/10631K, paused 2ms+3ms
02-21 17:21:40.669  1068  1071 D dalvikvm: GC_CONCURRENT freed 363K, 7% free 9931K/10631K, paused 1ms+3ms
02-21 17:21:40.982  1068  1071 D dalvikvm: GC_CONCURRENT freed 343K, 7% free 9983K/10631K, paused 1ms+3ms
02-21 17:21:43.146  1068  1071 D dalvikvm: GC_CONCURRENT freed 667K, 9% free 9741K/10631K, paused 2ms+3ms
02-21 17:21:43.282   145   365 D dalvikvm: GC_EXPLICIT freed 240K, 6% free 13670K/14535K, paused 2ms+5ms
02-21 17:21:43.419  1068  1071 D dalvikvm: GC_CONCURRENT freed 265K, 8% free 9877K/10631K, paused 2ms+3ms
02-21 17:21:43.591  1068  1071 D dalvikvm: GC_CONCURRENT freed 374K, 7% free 9895K/10631K, paused 2ms+3ms
02-21 17:21:43.806  1068  1071 D dalvikvm: GC_CONCURRENT freed 360K, 7% free 9925K/10631K, paused 2ms+3ms
02-21 17:21:44.169  1068  1071 D dalvikvm: GC_CONCURRENT freed 338K, 7% free 9981K/10631K, paused 1ms+3ms
02-21 17:21:45.275   449   452 D dalvikvm: GC_CONCURRENT freed 440K, 10% free 10312K/11335K, paused 17ms+2ms
02-21 17:21:46.665   449   452 D dalvikvm: GC_CONCURRENT freed 98K, 6% free 10709K/11335K, paused 2ms+4ms
02-21 17:21:46.829  1068  1071 D dalvikvm: GC_CONCURRENT freed 788K, 10% free 9619K/10631K, paused 1ms+3ms
02-21 17:21:46.989  1068  1071 D dalvikvm: GC_CONCURRENT freed 163K, 8% free 9844K/10631K, paused 1ms+3ms
02-21 17:21:47.161  1068  1071 D dalvikvm: GC_CONCURRENT freed 322K, 7% free 9916K/10631K, paused 2ms+3ms
02-21 17:21:47.333  1068  1071 D dalvikvm: GC_CONCURRENT freed 373K, 7% free 9935K/10631K, paused 1ms+3ms
02-21 17:21:47.626  1068  1071 D dalvikvm: GC_CONCURRENT freed 341K, 7% free 9990K/10631K, paused 2ms+3ms
02-21 17:21:49.931   449   452 D dalvikvm: GC_CONCURRENT freed 760K, 8% free 10471K/11335K, paused 2ms+12ms
02-21 17:21:50.017  1068  1071 D dalvikvm: GC_CONCURRENT freed 806K, 10% free 9572K/10631K, paused 2ms+3ms
02-21 17:21:50.165  1068  1071 D dalvikvm: GC_CONCURRENT freed 137K, 8% free 9857K/10631K, paused 2ms+2ms
02-21 17:21:50.302   145   365 D CountryDetectorService: The first listener is added
02-21 17:21:50.318  1068  1075 I dalvikvm: Jit: resizing JitTable from 4096 to 8192
02-21 17:21:50.458  1068  1071 D dalvikvm: GC_CONCURRENT freed 186K, 6% free 10091K/10631K, paused 4ms+12ms
02-21 17:21:50.681  1068  1071 D dalvikvm: GC_CONCURRENT freed 330K, 5% free 10166K/10631K, paused 1ms+3ms
02-21 17:21:50.868  1068  1071 D dalvikvm: GC_CONCURRENT freed 347K, 5% free 10217K/10695K, paused 1ms+3ms
02-21 17:21:51.075  1068  1071 D dalvikvm: GC_CONCURRENT freed 385K, 5% free 10244K/10759K, paused 2ms+4ms
02-21 17:21:51.306  1068  1071 D dalvikvm: GC_CONCURRENT freed 418K, 5% free 10284K/10823K, paused 2ms+3ms
02-21 17:21:51.552  1068  1071 D dalvikvm: GC_CONCURRENT freed 370K, 5% free 10332K/10823K, paused 2ms+7ms
02-21 17:21:53.013   449   452 D dalvikvm: GC_CONCURRENT freed 195K, 6% free 10703K/11335K, paused 2ms+3ms
02-21 17:21:53.126  1068  1454 D dalvikvm: GC_EXPLICIT freed 826K, 10% free 9794K/10823K, paused 2ms+9ms
02-21 17:21:53.251  1068  1071 D dalvikvm: GC_CONCURRENT freed 201K, 8% free 10018K/10823K, paused 1ms+3ms
02-21 17:21:53.501  1068  1071 D dalvikvm: GC_CONCURRENT freed 281K, 7% free 10134K/10823K, paused 1ms+3ms
02-21 17:21:53.689  1068  1071 D dalvikvm: GC_CONCURRENT freed 370K, 7% free 10152K/10823K, paused 1ms+4ms
02-21 17:21:53.864  1068  1071 D dalvikvm: GC_CONCURRENT freed 366K, 6% free 10180K/10823K, paused 2ms+4ms
02-21 17:21:54.052  1068  1071 D dalvikvm: GC_CONCURRENT freed 366K, 6% free 10209K/10823K, paused 2ms+4ms
02-21 17:21:54.224  1068  1071 D dalvikvm: GC_CONCURRENT freed 356K, 6% free 10254K/10823K, paused 1ms+3ms
02-21 17:21:54.626  1068  1071 D dalvikvm: GC_CONCURRENT freed 388K, 5% free 10303K/10823K, paused 2ms+4ms
02-21 17:21:56.364   449   452 D dalvikvm: GC_CONCURRENT freed 678K, 7% free 10550K/11335K, paused 2ms+12ms
02-21 17:21:56.548  1068  1071 D dalvikvm: GC_CONCURRENT freed 736K, 8% free 10053K/10887K, paused 2ms+4ms
02-21 17:21:56.778  1068  1071 D dalvikvm: GC_CONCURRENT freed 317K, 7% free 10132K/10887K, paused 2ms+4ms
02-21 17:21:56.935   145   157 D dalvikvm: GC_EXPLICIT freed 226K, 6% free 13676K/14535K, paused 3ms+5ms
02-21 17:21:57.032  1068  1071 D dalvikvm: GC_CONCURRENT freed 365K, 7% free 10163K/10887K, paused 1ms+3ms
02-21 17:21:57.208  1068  1071 D dalvikvm: GC_CONCURRENT freed 377K, 7% free 10174K/10887K, paused 2ms+3ms
02-21 17:21:57.396  1068  1071 D dalvikvm: GC_CONCURRENT freed 374K, 7% free 10196K/10887K, paused 1ms+3ms
02-21 17:21:57.513  1068  1438 D dalvikvm: GC_FOR_ALLOC freed 286K, 7% free 10210K/10887K, paused 20ms
02-21 17:21:57.653  1068  1071 D dalvikvm: GC_CONCURRENT freed 326K, 6% free 10281K/10887K, paused 1ms+3ms
02-21 17:22:00.407   449   452 D dalvikvm: GC_CONCURRENT freed 330K, 7% free 10648K/11335K, paused 2ms+5ms
02-21 17:22:00.568  1068  1071 D dalvikvm: GC_CONCURRENT freed 819K, 10% free 9889K/10887K, paused 1ms+6ms
02-21 17:22:00.736  1068  1071 D dalvikvm: GC_CONCURRENT freed 236K, 8% free 10047K/10887K, paused 2ms+3ms
02-21 17:22:00.927  1068  1071 D dalvikvm: GC_CONCURRENT freed 294K, 7% free 10149K/10887K, paused 2ms+3ms
02-21 17:22:01.122  1068  1071 D dalvikvm: GC_CONCURRENT freed 383K, 7% free 10154K/10887K, paused 1ms+4ms
02-21 17:22:01.310  1068  1071 D dalvikvm: GC_CONCURRENT freed 368K, 7% free 10178K/10887K, paused 2ms+3ms
02-21 17:22:01.489  1068  1071 D dalvikvm: GC_CONCURRENT freed 358K, 7% free 10220K/10887K, paused 2ms+5ms
02-21 17:22:01.661  1068  1071 D dalvikvm: GC_CONCURRENT freed 352K, 6% free 10266K/10887K, paused 2ms+3ms
02-21 17:22:03.931   449   452 D dalvikvm: GC_CONCURRENT freed 602K, 8% free 10487K/11335K, paused 2ms+12ms
02-21 17:22:04.009  1068  1071 D dalvikvm: GC_CONCURRENT freed 820K, 10% free 9849K/10887K, paused 2ms+4ms
02-21 17:22:04.150  1068  1071 D dalvikvm: GC_CONCURRENT freed 230K, 8% free 10043K/10887K, paused 2ms+3ms
02-21 17:22:04.392  1068  1071 D dalvikvm: GC_CONCURRENT freed 272K, 7% free 10167K/10887K, paused 1ms+3ms
02-21 17:22:04.571  1068  1071 D dalvikvm: GC_CONCURRENT freed 378K, 7% free 10184K/10887K, paused 2ms+4ms
02-21 17:22:04.771  1068  1071 D dalvikvm: GC_CONCURRENT freed 371K, 7% free 10208K/10887K, paused 2ms+3ms
02-21 17:22:04.950  1068  1071 D dalvikvm: GC_CONCURRENT freed 360K, 6% free 10249K/10887K, paused 2ms+4ms
02-21 17:22:05.193  1068  1071 D dalvikvm: GC_CONCURRENT freed 357K, 6% free 10290K/10887K, paused 1ms+3ms
02-21 17:22:05.571  1068  1071 D dalvikvm: GC_CONCURRENT freed 356K, 6% free 10318K/10887K, paused 1ms+4ms
02-21 17:22:07.220   449   452 D dalvikvm: GC_CONCURRENT freed 463K, 8% free 10445K/11335K, paused 1ms+4ms
02-21 17:22:07.384  1068  1071 D dalvikvm: GC_CONCURRENT freed 726K, 8% free 10063K/10887K, paused 1ms+4ms
02-21 17:22:07.611  1068  1071 D dalvikvm: GC_CONCURRENT freed 352K, 8% free 10108K/10887K, paused 2ms+3ms
02-21 17:22:07.790  1068  1071 D dalvikvm: GC_CONCURRENT freed 379K, 8% free 10125K/10887K, paused 2ms+3ms
02-21 17:22:07.978  1068  1071 D dalvikvm: GC_CONCURRENT freed 350K, 7% free 10162K/10887K, paused 2ms+3ms
02-21 17:22:08.200  1068  1079 D dalvikvm: GC_FOR_ALLOC freed 265K, 7% free 10172K/10887K, paused 21ms
02-21 17:22:10.638   449   452 D dalvikvm: GC_CONCURRENT freed 580K, 10% free 10264K/11335K, paused 2ms+3ms
02-21 17:22:10.771  1068  1071 D dalvikvm: GC_CONCURRENT freed 763K, 10% free 9832K/10887K, paused 1ms+3ms
02-21 17:22:10.923  1068  1071 D dalvikvm: GC_CONCURRENT freed 164K, 8% free 10056K/10887K, paused 1ms+3ms
02-21 17:22:11.099  1068  1071 D dalvikvm: GC_CONCURRENT freed 311K, 7% free 10133K/10887K, paused 2ms+4ms
02-21 17:22:11.306  1068  1071 D dalvikvm: GC_CONCURRENT freed 383K, 7% free 10150K/10887K, paused 2ms+3ms
02-21 17:22:11.509  1068  1071 D dalvikvm: GC_CONCURRENT freed 373K, 7% free 10177K/10887K, paused 1ms+3ms
02-21 17:22:11.771  1068  1071 D dalvikvm: GC_CONCURRENT freed 340K, 7% free 10230K/10887K, paused 1ms+3ms
02-21 17:22:14.380   449   452 D dalvikvm: GC_CONCURRENT freed 458K, 10% free 10221K/11335K, paused 2ms+3ms
02-21 17:22:14.517  1068  1071 D dalvikvm: GC_CONCURRENT freed 779K, 10% free 9875K/10887K, paused 2ms+4ms
02-21 17:22:14.677  1068  1071 D dalvikvm: GC_CONCURRENT freed 194K, 8% free 10073K/10887K, paused 2ms+3ms
02-21 17:22:14.868   145   396 D dalvikvm: GC_EXPLICIT freed 262K, 6% free 13675K/14535K, paused 2ms+4ms
02-21 17:22:14.946  1068  1071 D dalvikvm: GC_CONCURRENT freed 344K, 8% free 10122K/10887K, paused 1ms+3ms
02-21 17:22:15.169  1068  1071 D dalvikvm: GC_CONCURRENT freed 364K, 7% free 10151K/10887K, paused 2ms+4ms
02-21 17:22:15.364  1068  1071 D dalvikvm: GC_CONCURRENT freed 369K, 7% free 10183K/10887K, paused 1ms+3ms
02-21 17:22:15.689  1068  1071 D dalvikvm: GC_CONCURRENT freed 340K, 6% free 10241K/10887K, paused 2ms+3ms
02-21 17:22:18.560   449   452 D dalvikvm: GC_CONCURRENT freed 456K, 11% free 10179K/11335K, paused 2ms+3ms
02-21 17:22:25.790  1068  1071 D dalvikvm: GC_CONCURRENT freed 852K, 11% free 9793K/10887K, paused 1ms+7ms
02-21 17:22:25.810   449   452 D dalvikvm: GC_CONCURRENT freed 216K, 9% free 10369K/11335K, paused 2ms+3ms
02-21 17:22:25.907  1068  1071 D dalvikvm: GC_CONCURRENT freed 162K, 8% free 10033K/10887K, paused 1ms+3ms
02-21 17:22:26.099  1068  1211 D dalvikvm: GC_EXPLICIT freed 237K, 8% free 10104K/10887K, paused 2ms+3ms
02-21 17:22:26.310  1068  1071 D dalvikvm: GC_CONCURRENT freed 396K, 8% free 10103K/10887K, paused 2ms+3ms
02-21 17:22:26.513  1068  1071 D dalvikvm: GC_CONCURRENT freed 362K, 7% free 10137K/10887K, paused 2ms+3ms
02-21 17:22:26.763  1068  1071 D dalvikvm: GC_CONCURRENT freed 342K, 7% free 10188K/10887K, paused 2ms+3ms
02-21 17:22:27.204  1068  1071 D dalvikvm: GC_CONCURRENT freed 357K, 7% free 10218K/10887K, paused 2ms+3ms
02-21 17:22:28.739   449   452 D dalvikvm: GC_CONCURRENT freed 434K, 9% free 10321K/11335K, paused 2ms+3ms
02-21 17:22:28.857  1068  1071 D dalvikvm: GC_CONCURRENT freed 639K, 9% free 10001K/10887K, paused 2ms+2ms
02-21 17:22:29.083  1068  1071 D dalvikvm: GC_CONCURRENT freed 250K, 7% free 10145K/10887K, paused 2ms+3ms
02-21 17:22:29.263  1068  1071 D dalvikvm: GC_CONCURRENT freed 369K, 7% free 10178K/10887K, paused 2ms+3ms
02-21 17:22:29.435  1068  1071 D dalvikvm: GC_CONCURRENT freed 375K, 7% free 10193K/10887K, paused 2ms+2ms
02-21 17:22:29.743  1068  1071 D dalvikvm: GC_CONCURRENT freed 341K, 6% free 10250K/10887K, paused 2ms+3ms
02-21 17:22:32.575   449   452 D dalvikvm: GC_CONCURRENT freed 456K, 10% free 10259K/11335K, paused 1ms+3ms
02-21 17:22:32.669  1068  1071 D dalvikvm: GC_CONCURRENT freed 828K, 10% free 9845K/10887K, paused 1ms+4ms
02-21 17:22:32.825  1068  1071 D dalvikvm: GC_CONCURRENT freed 175K, 8% free 10062K/10887K, paused 2ms+3ms
02-21 17:22:33.017  1068  1071 D dalvikvm: GC_CONCURRENT freed 325K, 7% free 10129K/10887K, paused 1ms+3ms
02-21 17:22:33.220  1068  1071 D dalvikvm: GC_CONCURRENT freed 365K, 7% free 10155K/10887K, paused 1ms+3ms
02-21 17:22:33.482  1068  1071 D dalvikvm: GC_CONCURRENT freed 365K, 7% free 10189K/10887K, paused 2ms+3ms
02-21 17:22:33.864  1068  1071 D dalvikvm: GC_CONCURRENT freed 339K, 6% free 10241K/10887K, paused 2ms+4ms
02-21 17:22:36.228   449   452 D dalvikvm: GC_CONCURRENT freed 404K, 10% free 10267K/11335K, paused 2ms+3ms
02-21 17:22:36.388  1068  1071 D dalvikvm: GC_CONCURRENT freed 746K, 9% free 9945K/10887K, paused 2ms+3ms
02-21 17:22:36.587  1068  1071 D dalvikvm: GC_CONCURRENT freed 217K, 8% free 10116K/10887K, paused 2ms+3ms
02-21 17:22:36.767  1068  1071 D dalvikvm: GC_CONCURRENT freed 333K, 7% free 10180K/10887K, paused 2ms+3ms
02-21 17:22:36.958   145   156 D dalvikvm: GC_EXPLICIT freed 205K, 6% free 13673K/14535K, paused 2ms+5ms
02-21 17:22:37.021  1068  1071 D dalvikvm: GC_CONCURRENT freed 380K, 7% free 10188K/10887K, paused 2ms+3ms
02-21 17:22:37.263  1068  1071 D dalvikvm: GC_CONCURRENT freed 361K, 7% free 10215K/10887K, paused 1ms+3ms
02-21 17:22:37.560  1068  1071 D dalvikvm: GC_CONCURRENT freed 345K, 6% free 10267K/10887K, paused 1ms+3ms
02-21 17:22:39.982   449   452 D dalvikvm: GC_CONCURRENT freed 471K, 10% free 10232K/11335K, paused 2ms+12ms
02-21 17:22:40.122  1068  1071 D dalvikvm: GC_CONCURRENT freed 739K, 9% free 9952K/10887K, paused 1ms+4ms
02-21 17:22:40.318  1068  1071 D dalvikvm: GC_CONCURRENT freed 249K, 8% free 10098K/10887K, paused 2ms+3ms
02-21 17:22:40.517  1068  1071 D dalvikvm: GC_CONCURRENT freed 350K, 7% free 10143K/10887K, paused 1ms+4ms
02-21 17:22:40.704  1068  1071 D dalvikvm: GC_CONCURRENT freed 376K, 7% free 10157K/10887K, paused 2ms+3ms
02-21 17:22:40.962  1068  1071 D dalvikvm: GC_CONCURRENT freed 339K, 7% free 10208K/10887K, paused 2ms+3ms
02-21 17:22:41.376  1068  1071 D dalvikvm: GC_CONCURRENT freed 352K, 6% free 10241K/10887K, paused 2ms+3ms
02-21 17:22:43.821   449   452 D dalvikvm: GC_CONCURRENT freed 210K, 8% free 10454K/11335K, paused 2ms+3ms
02-21 17:22:43.989  1068  1071 D dalvikvm: GC_CONCURRENT freed 747K, 9% free 9917K/10887K, paused 2ms+3ms
02-21 17:22:44.189  1068  1071 D dalvikvm: GC_CONCURRENT freed 222K, 8% free 10089K/10887K, paused 2ms+3ms
02-21 17:22:44.380  1068  1071 D dalvikvm: GC_CONCURRENT freed 347K, 7% free 10132K/10887K, paused 2ms+3ms
02-21 17:22:44.568  1068  1071 D dalvikvm: GC_CONCURRENT freed 372K, 7% free 10156K/10887K, paused 2ms+3ms
02-21 17:22:44.896  1068  1071 D dalvikvm: GC_CONCURRENT freed 328K, 7% free 10211K/10887K, paused 2ms+7ms
02-21 17:22:47.509   449   452 D dalvikvm: GC_CONCURRENT freed 585K, 10% free 10291K/11335K, paused 2ms+3ms
02-21 17:22:47.642  1068  1071 D dalvikvm: GC_CONCURRENT freed 758K, 10% free 9877K/10887K, paused 2ms+3ms
02-21 17:22:47.833  1068  1071 D dalvikvm: GC_CONCURRENT freed 211K, 8% free 10063K/10887K, paused 2ms+3ms
02-21 17:22:48.017  1068  1071 D dalvikvm: GC_CONCURRENT freed 335K, 8% free 10116K/10887K, paused 2ms+3ms
02-21 17:22:48.189  1068  1071 D dalvikvm: GC_CONCURRENT freed 359K, 7% free 10145K/10887K, paused 2ms+3ms
02-21 17:22:48.536  1068  1071 D dalvikvm: GC_CONCURRENT freed 332K, 7% free 10209K/10887K, paused 2ms+3ms
02-21 17:22:52.071   449   452 D dalvikvm: GC_CONCURRENT freed 546K, 11% free 10153K/11335K, paused 2ms+3ms
02-21 17:22:52.228   449   452 D dalvikvm: GC_CONCURRENT freed 226K, 9% free 10319K/11335K, paused 2ms+5ms
02-21 17:22:52.341  1068  1071 D dalvikvm: GC_CONCURRENT freed 823K, 10% free 9815K/10887K, paused 2ms+2ms
02-21 17:22:52.517   449  1433 D dalvikvm: GC_EXPLICIT freed 131K, 8% free 10503K/11335K, paused 2ms+11ms
02-21 17:22:52.568  1068  1071 D dalvikvm: GC_CONCURRENT freed 163K, 8% free 10053K/10887K, paused 1ms+3ms
02-21 17:22:53.857  1068  1080 D dalvikvm: GC_EXPLICIT freed 132K, 8% free 10081K/10887K, paused 2ms+2ms
02-21 17:22:54.017  1068  1071 D dalvikvm: GC_CONCURRENT freed 352K, 8% free 10124K/10887K, paused 2ms+3ms
02-21 17:22:54.193  1068  1071 D dalvikvm: GC_CONCURRENT freed 371K, 7% free 10151K/10887K, paused 1ms+3ms
02-21 17:22:54.532  1068  1071 D dalvikvm: GC_CONCURRENT freed 341K, 7% free 10207K/10887K, paused 2ms+3ms
02-21 17:22:57.364  1068  1071 D dalvikvm: GC_CONCURRENT freed 734K, 10% free 9897K/10887K, paused 2ms+3ms
02-21 17:22:57.548   145   156 D dalvikvm: GC_EXPLICIT freed 247K, 6% free 13673K/14535K, paused 2ms+5ms
02-21 17:22:57.626  1068  1071 D dalvikvm: GC_CONCURRENT freed 214K, 8% free 10084K/10887K, paused 2ms+4ms
02-21 17:22:57.802  1068  1071 D dalvikvm: GC_CONCURRENT freed 349K, 8% free 10122K/10887K, paused 2ms+4ms
02-21 17:22:57.989  1068  1071 D dalvikvm: GC_CONCURRENT freed 370K, 7% free 10146K/10887K, paused 2ms+4ms
02-21 17:22:58.341  1068  1071 D dalvikvm: GC_CONCURRENT freed 337K, 7% free 10208K/10887K, paused 2ms+3ms
02-21 17:23:00.661   449   452 D dalvikvm: GC_CONCURRENT freed 435K, 8% free 10494K/11335K, paused 2ms+12ms
02-21 17:23:00.806  1068  1071 D dalvikvm: GC_CONCURRENT freed 725K, 9% free 9908K/10887K, paused 2ms+3ms
02-21 17:23:00.993  1068  1071 D dalvikvm: GC_CONCURRENT freed 226K, 8% free 10076K/10887K, paused 2ms+3ms
02-21 17:23:01.181  1068  1071 D dalvikvm: GC_CONCURRENT freed 351K, 8% free 10120K/10887K, paused 1ms+3ms
02-21 17:23:01.364  1068  1071 D dalvikvm: GC_CONCURRENT freed 367K, 7% free 10145K/10887K, paused 2ms+2ms
02-21 17:23:01.728  1068  1071 D dalvikvm: GC_CONCURRENT freed 334K, 7% free 10207K/10887K, paused 2ms+3ms
02-21 17:23:02.611   449   452 D dalvikvm: GC_CONCURRENT freed 423K, 8% free 10498K/11335K, paused 2ms+3ms
02-21 17:23:02.736  1068  1071 D dalvikvm: GC_CONCURRENT freed 698K, 9% free 9932K/10887K, paused 1ms+2ms
02-21 17:23:02.950  1068  1071 D dalvikvm: GC_CONCURRENT freed 238K, 8% free 10086K/10887K, paused 2ms+5ms
02-21 17:23:03.134  1068  1071 D dalvikvm: GC_CONCURRENT freed 360K, 8% free 10119K/10887K, paused 1ms+3ms
02-21 17:23:03.333  1068  1071 D dalvikvm: GC_CONCURRENT freed 352K, 7% free 10153K/10887K, paused 1ms+3ms
02-21 17:23:03.693  1068  1071 D dalvikvm: GC_CONCURRENT freed 340K, 7% free 10207K/10887K, paused 2ms+3ms
02-21 17:23:06.560   449   452 D dalvikvm: GC_CONCURRENT freed 693K, 10% free 10241K/11335K, paused 2ms+11ms
02-21 17:23:06.689  1068  1071 D dalvikvm: GC_CONCURRENT freed 659K, 9% free 9971K/10887K, paused 2ms+3ms
02-21 17:23:06.903  1068  1071 D dalvikvm: GC_CONCURRENT freed 271K, 8% free 10107K/10887K, paused 2ms+3ms
02-21 17:23:08.482  1068  1071 D dalvikvm: GC_CONCURRENT freed 341K, 7% free 10156K/10887K, paused 2ms+3ms
02-21 17:23:08.677  1068  1071 D dalvikvm: GC_CONCURRENT freed 401K, 7% free 10151K/10887K, paused 2ms+3ms
02-21 17:23:08.943  1068  1071 D dalvikvm: GC_CONCURRENT freed 364K, 7% free 10173K/10887K, paused 2ms+3ms
02-21 17:23:09.775   449   452 D dalvikvm: GC_CONCURRENT freed 227K, 8% free 10441K/11335K, paused 2ms+3ms
02-21 17:23:09.923  1068  1071 D dalvikvm: GC_CONCURRENT freed 700K, 10% free 9896K/10887K, paused 1ms+3ms
02-21 17:23:10.103  1068  1071 D dalvikvm: GC_CONCURRENT freed 191K, 8% free 10100K/10887K, paused 2ms+3ms
02-21 17:23:10.294  1068  1071 D dalvikvm: GC_CONCURRENT freed 339K, 7% free 10156K/10887K, paused 2ms+2ms
02-21 17:23:10.478  1068  1071 D dalvikvm: GC_CONCURRENT freed 381K, 7% free 10172K/10887K, paused 1ms+3ms
02-21 17:23:10.603   145   145 D dalvikvm: GC_EXPLICIT freed 225K, 6% free 13674K/14535K, paused 3ms+5ms
02-21 17:23:10.782  1068  1071 D dalvikvm: GC_CONCURRENT freed 352K, 7% free 10216K/10887K, paused 1ms+3ms
02-21 17:23:11.134  1068  1071 D dalvikvm: GC_CONCURRENT freed 340K, 6% free 10263K/10887K, paused 2ms+3ms
02-21 17:23:13.513   449   452 D dalvikvm: GC_CONCURRENT freed 439K, 9% free 10428K/11335K, paused 2ms+4ms
02-21 17:23:13.669  1068  1071 D dalvikvm: GC_CONCURRENT freed 716K, 9% free 9971K/10887K, paused 2ms+3ms
02-21 17:23:13.896  1068  1071 D dalvikvm: GC_CONCURRENT freed 245K, 8% free 10114K/10887K, paused 1ms+3ms
02-21 17:23:14.091  1068  1071 D dalvikvm: GC_CONCURRENT freed 382K, 7% free 10127K/10887K, paused 1ms+3ms
02-21 17:23:14.278  1068  1071 D dalvikvm: GC_CONCURRENT freed 368K, 7% free 10150K/10887K, paused 2ms+2ms
02-21 17:23:14.599  1068  1071 D dalvikvm: GC_CONCURRENT freed 322K, 7% free 10212K/10887K, paused 2ms+3ms
02-21 17:23:17.185   449   452 D dalvikvm: GC_CONCURRENT freed 493K, 9% free 10324K/11335K, paused 2ms+2ms
02-21 17:23:17.997  1068  1071 D dalvikvm: GC_CONCURRENT freed 829K, 11% free 9777K/10887K, paused 2ms+3ms
02-21 17:23:18.071   449   452 D dalvikvm: GC_CONCURRENT freed 430K, 10% free 10299K/11335K, paused 2ms+4ms
02-21 17:23:18.189  1068  1071 D dalvikvm: GC_CONCURRENT freed 144K, 8% free 10037K/10887K, paused 2ms+3ms
02-21 17:23:18.411  1068  1071 D dalvikvm: GC_CONCURRENT freed 309K, 8% free 10119K/10887K, paused 2ms+4ms
02-21 17:23:18.587  1068  1071 D dalvikvm: GC_CONCURRENT freed 376K, 7% free 10135K/10887K, paused 1ms+3ms
02-21 17:23:18.818  1068  1071 D dalvikvm: GC_CONCURRENT freed 355K, 7% free 10172K/10887K, paused 2ms+3ms
02-21 17:23:19.208  1068  1071 D dalvikvm: GC_CONCURRENT freed 350K, 7% free 10215K/10887K, paused 2ms+3ms
02-21 17:23:20.130   449   452 D dalvikvm: GC_CONCURRENT freed 446K, 10% free 10252K/11335K, paused 2ms+4ms
02-21 17:23:20.259  1068  1071 D dalvikvm: GC_CONCURRENT freed 662K, 9% free 9977K/10887K, paused 2ms+3ms
02-21 17:23:20.427  1068  1454 D dalvikvm: GC_EXPLICIT freed 162K, 8% free 10085K/10887K, paused 1ms+3ms
02-21 17:23:20.607  1068  1071 D dalvikvm: GC_CONCURRENT freed 358K, 8% free 10125K/10887K, paused 1ms+3ms
02-21 17:23:20.782  1068  1071 D dalvikvm: GC_CONCURRENT freed 362K, 7% free 10153K/10887K, paused 1ms+2ms
02-21 17:23:21.075  1068  1071 D dalvikvm: GC_CONCURRENT freed 344K, 7% free 10199K/10887K, paused 1ms+3ms
02-21 17:23:29.790  1068  1071 D dalvikvm: GC_CONCURRENT freed 835K, 11% free 9768K/10887K, paused 1ms+6ms
02-21 17:23:29.872   449   452 D dalvikvm: GC_CONCURRENT freed 525K, 11% free 10119K/11335K, paused 2ms+3ms
02-21 17:23:30.048  1068  1071 D dalvikvm: GC_CONCURRENT freed 206K, 9% free 9950K/10887K, paused 2ms+2ms
02-21 17:23:30.236  1068  1071 D dalvikvm: GC_CONCURRENT freed 344K, 9% free 9995K/10887K, paused 1ms+3ms
02-21 17:23:30.517  1068  1071 D dalvikvm: GC_CONCURRENT freed 343K, 8% free 10043K/10887K, paused 1ms+3ms
02-21 17:23:31.189   801  1008 I PhoneLab-: Service Running
02-21 17:23:31.255   801  1008 I PhoneLab-LoggerService: app_34    1012  801   1440   1068  c00f1758 40039794 S logcat
02-21 17:23:31.255   801  1008 I PhoneLab-LoggerService: Logcat pid from database 1012
02-21 17:23:31.255   801  1008 I PhoneLab-LoggerService: Logcat process found 1012
02-21 17:23:31.255   801  1008 I PhoneLab-LoggerService: Checking Threshold
02-21 17:23:31.255   801  1008 I PhoneLab-LoggerService: Starting to rename files
02-21 17:23:31.259   801  1008 I PhoneLab-LoggerService: Files found .. 2
02-21 17:23:31.259   801  1008 I PhoneLab-LoggerService: Transfering files now...
02-21 17:23:31.290   801   804 D dalvikvm: GC_CONCURRENT freed 90K, 9% free 10099K/11079K, paused 1ms+2ms
02-21 17:23:31.314   801  1008 D dalvikvm: GC_FOR_ALLOC freed 176K, 8% free 10291K/11079K, paused 19ms
02-21 17:23:31.314   801  1008 I dalvikvm-heap: Grow heap (frag case) to 10.613MB for 516484-byte allocation
02-21 17:23:31.341   801   811 D dalvikvm: GC_FOR_ALLOC freed 248K, 10% free 10547K/11591K, paused 17ms
02-21 17:23:39.556   801  1497 D dalvikvm: GC_FOR_ALLOC freed 614K, 12% free 10266K/11591K, paused 36ms
02-21 17:23:39.571   801  1497 D dalvikvm: GC_FOR_ALLOC freed 301K, 12% free 10266K/11591K, paused 13ms
02-21 17:23:39.587   801  1497 D dalvikvm: GC_FOR_ALLOC freed 301K, 12% free 10267K/11591K, paused 14ms
02-21 17:23:45.907  1068  1071 D dalvikvm: GC_CONCURRENT freed 642K, 11% free 9797K/10887K, paused 3ms+5ms
02-21 17:23:48.903   801  1490 W System.err: java.net.SocketTimeoutException
02-21 17:23:48.923   801  1490 W System.err: 	at java.net.PlainSocketImpl.read(PlainSocketImpl.java:491)
02-21 17:23:48.927   801  1490 W System.err: 	at java.net.PlainSocketImpl.access$000(PlainSocketImpl.java:46)
02-21 17:23:48.927   801  1490 W System.err: 	at java.net.PlainSocketImpl$PlainSocketInputStream.read(PlainSocketImpl.java:240)
02-21 17:23:48.927   801  1490 W System.err: 	at org.apache.http.impl.io.AbstractSessionInputBuffer.fillBuffer(AbstractSessionInputBuffer.java:103)
02-21 17:23:48.931   801  1490 W System.err: 	at org.apache.http.impl.io.AbstractSessionInputBuffer.readLine(AbstractSessionInputBuffer.java:191)
02-21 17:23:48.931   801  1490 W System.err: 	at org.apache.http.impl.conn.DefaultResponseParser.parseHead(DefaultResponseParser.java:82)
02-21 17:23:48.935   801  1490 W System.err: 	at org.apache.http.impl.io.AbstractMessageParser.parse(AbstractMessageParser.java:174)
02-21 17:23:48.935   801  1490 W System.err: 	at org.apache.http.impl.AbstractHttpClientConnection.receiveResponseHeader(AbstractHttpClientConnection.java:180)
02-21 17:23:48.935   801  1490 W System.err: 	at org.apache.http.impl.conn.DefaultClientConnection.receiveResponseHeader(DefaultClientConnection.java:235)
02-21 17:23:48.939   801  1490 W System.err: 	at org.apache.http.impl.conn.AbstractClientConnAdapter.receiveResponseHeader(AbstractClientConnAdapter.java:259)
02-21 17:23:48.939   801  1490 W System.err: 	at org.apache.http.protocol.HttpRequestExecutor.doReceiveResponse(HttpRequestExecutor.java:279)
02-21 17:23:48.943   801  1490 W System.err: 	at org.apache.http.protocol.HttpRequestExecutor.execute(HttpRequestExecutor.java:121)
02-21 17:23:48.943   801  1490 W System.err: 	at org.apache.http.impl.client.DefaultRequestDirector.execute(DefaultRequestDirector.java:428)
02-21 17:23:48.943   801  1490 W System.err: 	at org.apache.http.impl.client.AbstractHttpClient.execute(AbstractHttpClient.java:555)
02-21 17:23:48.946   801  1490 W System.err: 	at org.apache.http.impl.client.AbstractHttpClient.execute(AbstractHttpClient.java:487)
02-21 17:23:48.946   801  1490 W System.err: 	at com.loopj.android.http.AsyncHttpRequest.makeRequest(Unknown Source)
02-21 17:23:48.946   801  1490 W System.err: 	at com.loopj.android.http.AsyncHttpRequest.makeRequestWithRetries(Unknown Source)
02-21 17:23:48.950   801  1490 W System.err: 	at com.loopj.android.http.AsyncHttpRequest.run(Unknown Source)
02-21 17:23:48.950   801  1490 W System.err: 	at java.util.concurrent.Executors$RunnableAdapter.call(Executors.java:442)
02-21 17:23:48.950   801  1490 W System.err: 	at java.util.concurrent.FutureTask$Sync.innerRun(FutureTask.java:305)
02-21 17:23:48.950   801  1490 W System.err: 	at java.util.concurrent.FutureTask.run(FutureTask.java:137)
02-21 17:23:48.950   801  1490 W System.err: 	at java.util.concurrent.ThreadPoolExecutor.runWorker(ThreadPoolExecutor.java:1076)
02-21 17:23:48.950   801  1490 W System.err: 	at java.util.concurrent.ThreadPoolExecutor$Worker.run(ThreadPoolExecutor.java:569)
02-21 17:23:48.950   801  1490 W System.err: 	at java.lang.Thread.run(Thread.java:856)
02-21 17:23:48.950   801  1490 W System.err: java.net.SocketTimeoutException
02-21 17:23:48.950   801  1490 W System.err: 	at java.net.PlainSocketImpl.read(PlainSocketImpl.java:491)
02-21 17:23:48.950   801  1490 W System.err: 	at java.net.PlainSocketImpl.access$000(PlainSocketImpl.java:46)
02-21 17:23:48.950   801  1490 W System.err: 	at java.net.PlainSocketImpl$PlainSocketInputStream.read(PlainSocketImpl.java:240)
02-21 17:23:48.950   801  1490 W System.err: 	at org.apache.http.impl.io.AbstractSessionInputBuffer.fillBuffer(AbstractSessionInputBuffer.java:103)
02-21 17:23:48.950   801  1490 W System.err: 	at org.apache.http.impl.io.AbstractSessionInputBuffer.readLine(AbstractSessionInputBuffer.java:191)
02-21 17:23:48.950   801  1490 W System.err: 	at org.apache.http.impl.conn.DefaultResponseParser.parseHead(DefaultResponseParser.java:82)
02-21 17:23:48.950   801  1490 W System.err: 	at org.apache.http.impl.io.AbstractMessageParser.parse(AbstractMessageParser.java:174)
02-21 17:23:48.950   801  1490 W System.err: 	at org.apache.http.impl.AbstractHttpClientConnection.receiveResponseHeader(AbstractHttpClientConnection.java:180)
02-21 17:23:48.954   801  1490 W System.err: 	at org.apache.http.impl.conn.DefaultClientConnection.receiveResponseHeader(DefaultClientConnection.java:235)
02-21 17:23:48.954   801  1490 W System.err: 	at org.apache.http.impl.conn.AbstractClientConnAdapter.receiveResponseHeader(AbstractClientConnAdapter.java:259)
02-21 17:23:48.954   801  1490 W System.err: 	at org.apache.http.protocol.HttpRequestExecutor.doReceiveResponse(HttpRequestExecutor.java:279)
02-21 17:23:48.954   801  1490 W System.err: 	at org.apache.http.protocol.HttpRequestExecutor.execute(HttpRequestExecutor.java:121)
02-21 17:23:48.954   801  1490 W System.err: 	at org.apache.http.impl.client.DefaultRequestDirector.execute(DefaultRequestDirector.java:428)
02-21 17:23:48.954   801  1490 W System.err: 	at org.apache.http.impl.client.AbstractHttpClient.execute(AbstractHttpClient.java:555)
02-21 17:23:48.954   801  1490 W System.err: 	at org.apache.http.impl.client.AbstractHttpClient.execute(AbstractHttpClient.java:487)
02-21 17:23:48.954   801  1490 W System.err: 	at com.loopj.android.http.AsyncHttpRequest.makeRequest(Unknown Source)
02-21 17:23:48.954   801  1490 W System.err: 	at com.loopj.android.http.AsyncHttpRequest.makeRequestWithRetries(Unknown Source)
02-21 17:23:48.954   801  1490 W System.err: 	at com.loopj.android.http.AsyncHttpRequest.run(Unknown Source)
02-21 17:23:48.958   801  1490 W System.err: 	at java.util.concurrent.Executors$RunnableAdapter.call(Executors.java:442)
02-21 17:23:48.958   801  1490 W System.err: 	at java.util.concurrent.FutureTask$Sync.innerRun(FutureTask.java:305)
02-21 17:23:48.958   801  1490 W System.err: 	at java.util.concurrent.FutureTask.run(FutureTask.java:137)
02-21 17:23:48.958   801  1490 W System.err: 	at java.util.concurrent.ThreadPoolExecutor.runWorker(ThreadPoolExecutor.java:1076)
02-21 17:23:48.958   801  1490 W System.err: 	at java.util.concurrent.ThreadPoolExecutor$Worker.run(ThreadPoolExecutor.java:569)
02-21 17:23:48.958   801  1490 W System.err: 	at java.lang.Thread.run(Thread.java:856)
02-21 17:23:48.958   801  1490 E PhoneLab-: Transfering 1329862891225.log failed
02-21 17:23:49.950   693   695 D dalvikvm: GC_CONCURRENT freed 237K, 4% free 9369K/9735K, paused 3ms+2ms
02-21 17:23:50.009   742   742 D OpenGLRenderer: Flushing caches (mode 1)
02-21 17:23:50.634   145   176 I power   : *** set_screen_state 1
02-21 17:23:50.681   145   176 I WindowManager: Lock screen displayed!
02-21 17:23:50.829    79   121 D SurfaceFlinger: Screen about to return, flinger = 0xa28918
02-21 17:23:52.048   214   214 D PhoneStatusBar: disable: < expand icons alerts ticker system_info BACK HOME recent* CLOCK >
02-21 17:23:52.071    82   126 D AudioHardware: AudioHardware pcm playback is exiting standby.
02-21 17:23:52.071    82   126 D AudioHardware: openPcmOut_l() mPcmOpenCnt: 0
02-21 17:23:52.071   145  1215 W InputManagerService: Window already focused, ignoring focus gain of: com.android.internal.view.IInputMethodClient$Stub$Proxy@41684980
02-21 17:23:52.083   214   214 D PhoneStatusBar: disable: < expand icons alerts ticker system_info back* home* recent clock* >
02-21 17:23:52.091   330  1503 D NfcService: NFC-C ON
02-21 17:23:56.310   145   313 I ActivityManager: START {act=android.intent.action.MAIN cat=[android.intent.category.LAUNCHER] flg=0x10200000 cmp=com.android.settings/.Settings} from pid 1335
02-21 17:23:56.497  1365  1365 D dalvikvm: GC_EXPLICIT freed 201K, 9% free 10128K/11015K, paused 6ms+4ms
02-21 17:23:56.618  1335  1335 D OpenGLRenderer: Flushing caches (mode 0)
02-21 17:23:56.915  1335  1335 D OpenGLRenderer: Flushing caches (mode 1)
02-21 17:23:56.915   145   396 W InputManagerService: Starting input on non-focused client com.android.internal.view.IInputMethodClient$Stub$Proxy@413360c0 (uid=10022 pid=1335)
02-21 17:23:58.239   145   313 I ActivityManager: START {act=android.intent.action.MAIN cmp=com.android.settings/.SubSettings (has extras)} from pid 1365
02-21 17:23:58.458   145   175 I ActivityManager: Displayed com.android.settings/.SubSettings: +191ms
02-21 17:23:58.505  1365  1365 D OpenGLRenderer: Flushing caches (mode 0)
02-21 17:23:59.466   145  1061 I ActivityManager: START {act=android.intent.action.MAIN cmp=com.android.settings/.SubSettings (has extras)} from pid 1365
02-21 17:23:59.661   145   145 D dalvikvm: GC_EXPLICIT freed 1013K, 9% free 13596K/14919K, paused 3ms+7ms
02-21 17:23:59.763  1365  1367 D dalvikvm: GC_CONCURRENT freed 175K, 6% free 10361K/11015K, paused 2ms+6ms
02-21 17:23:59.876   145   175 I ActivityManager: Displayed com.android.settings/.SubSettings: +373ms
02-21 17:23:59.888  1365  1365 D OpenGLRenderer: Flushing caches (mode 0)
02-21 17:24:00.130   145   152 I dalvikvm: Jit: resizing JitTable from 8192 to 16384
02-21 17:24:01.556   145   180 I ActivityManager: START {act=android.intent.action.MAIN cat=[android.intent.category.HOME] flg=0x10200000 cmp=com.android.launcher/com.android.launcher2.Launcher} from pid 145
02-21 17:24:01.845  1335  1338 D dalvikvm: GC_CONCURRENT freed 3251K, 42% free 11751K/20167K, paused 2ms+11ms
02-21 17:24:01.876  1365  1365 D OpenGLRenderer: Flushing caches (mode 0)
02-21 17:24:02.134   145  1061 W InputManagerService: Starting input on non-focused client com.android.internal.view.IInputMethodClient$Stub$Proxy@41680c40 (uid=1000 pid=1365)
02-21 17:24:02.138  1365  1365 D OpenGLRenderer: Flushing caches (mode 1)
02-21 17:24:02.544    82   126 D AudioHardware: AudioHardware pcm playback is going to standby.
02-21 17:24:02.544    82   126 D AudioHardware: closePcmOut_l() mPcmOpenCnt: 1
02-21 17:24:03.048    82   126 D AudioHardware: AudioHardware pcm playback is exiting standby.
02-21 17:24:03.048    82   126 D AudioHardware: openPcmOut_l() mPcmOpenCnt: 0
02-21 17:24:03.232  1335  1359 D dalvikvm: GC_FOR_ALLOC freed 534K, 42% free 11892K/20167K, paused 28ms
02-21 17:24:03.325  1335  1338 D dalvikvm: GC_CONCURRENT freed 10K, 37% free 12789K/20167K, paused 2ms+9ms
02-21 17:24:03.489  1335  1361 D dalvikvm: GC_FOR_ALLOC freed 997K, 40% free 12173K/20167K, paused 31ms
02-21 17:24:03.489  1335  1361 I dalvikvm-heap: Grow heap (frag case) to 13.185MB for 1286224-byte allocation
02-21 17:24:03.536  1335  1335 D dalvikvm: GC_FOR_ALLOC freed 3K, 34% free 13425K/20167K, paused 32ms
02-21 17:24:03.657  1335  1338 D dalvikvm: GC_CONCURRENT freed 249K, 33% free 13661K/20167K, paused 2ms+6ms
02-21 17:24:03.833  1335  1338 D dalvikvm: GC_CONCURRENT freed 1405K, 32% free 13768K/20167K, paused 3ms+7ms
02-21 17:24:04.501   145   313 I ActivityManager: START {act=android.intent.action.MAIN cat=[android.intent.category.LAUNCHER] flg=0x10200000 cmp=com.google.android.calendar/com.android.calendar.AllInOneActivity} from pid 1335
02-21 17:24:04.696  1335  1335 D OpenGLRenderer: Flushing caches (mode 0)
02-21 17:24:04.841  1335  1335 D OpenGLRenderer: Flushing caches (mode 1)
02-21 17:24:07.462    82   126 D AudioHardware: AudioHardware pcm playback is going to standby.
02-21 17:24:07.462    82   126 D AudioHardware: closePcmOut_l() mPcmOpenCnt: 1
02-21 17:24:10.693   145   365 I ActivityManager: START {act=android.intent.action.VIEW cmp=com.google.android.calendar/com.android.calendar.event.EditEventActivity (has extras)} from pid 1277
02-21 17:24:10.931  1277  1279 D dalvikvm: GC_CONCURRENT freed 219K, 3% free 9762K/10055K, paused 2ms+4ms
02-21 17:24:10.978  1277  1286 W CursorWrapperInner: Cursor finalized without prior close()
02-21 17:24:11.423   145   175 I ActivityManager: Displayed com.google.android.calendar/com.android.calendar.event.EditEventActivity: +700ms
02-21 17:24:11.673  1277  1277 D OpenGLRenderer: Flushing caches (mode 0)
02-21 17:24:14.607    82   126 D AudioHardware: AudioHardware pcm playback is exiting standby.
02-21 17:24:14.607    82   126 D AudioHardware: openPcmOut_l() mPcmOpenCnt: 0
02-21 17:24:14.771   145   313 W InputManagerService: Window already focused, ignoring focus gain of: com.android.internal.view.IInputMethodClient$Stub$Proxy@41534208
02-21 17:24:14.810  1277  1277 D OpenGLRenderer: Flushing caches (mode 0)
02-21 17:24:16.025   145   156 D dalvikvm: GC_FOR_ALLOC freed 1478K, 14% free 12860K/14919K, paused 57ms
02-21 17:24:16.247  1335  1349 D dalvikvm: GC_FOR_ALLOC freed 3307K, 41% free 11907K/20167K, paused 24ms
02-21 17:24:16.333  1335  1338 D dalvikvm: GC_CONCURRENT freed 53K, 37% free 12758K/20167K, paused 2ms+9ms
02-21 17:24:16.462  1335  1415 D dalvikvm: GC_FOR_ALLOC freed 995K, 40% free 12138K/20167K, paused 21ms
02-21 17:24:16.466  1335  1415 I dalvikvm-heap: Grow heap (frag case) to 13.151MB for 1286224-byte allocation
02-21 17:24:16.521  1335  1349 D dalvikvm: GC_FOR_ALLOC freed 3K, 34% free 13390K/20167K, paused 24ms
02-21 17:24:16.536  1277  1277 D OpenGLRenderer: Flushing caches (mode 0)
02-21 17:24:16.646  1335  1338 D dalvikvm: GC_CONCURRENT freed 135K, 33% free 13685K/20167K, paused 2ms+15ms
02-21 17:24:16.794  1335  1338 D dalvikvm: GC_CONCURRENT freed 1514K, 33% free 13710K/20167K, paused 2ms+10ms
02-21 17:24:17.083  1277  1277 D OpenGLRenderer: Flushing caches (mode 1)
02-21 17:24:17.696    82   126 D AudioHardware: AudioHardware pcm playback is going to standby.
02-21 17:24:17.696    82   126 D AudioHardware: closePcmOut_l() mPcmOpenCnt: 1
02-21 17:24:17.853    82   126 D AudioHardware: AudioHardware pcm playback is exiting standby.
02-21 17:24:17.853    82   126 D AudioHardware: openPcmOut_l() mPcmOpenCnt: 0
02-21 17:24:17.950   145   327 I ActivityManager: START {act=android.intent.action.MAIN cat=[android.intent.category.LAUNCHER] flg=0x10200000 cmp=com.google.android.calendar/com.android.calendar.AllInOneActivity} from pid 1335
02-21 17:24:18.079  1277  1279 D dalvikvm: GC_CONCURRENT freed 356K, 5% free 9878K/10311K, paused 3ms+5ms
02-21 17:24:18.161  1335  1335 D OpenGLRenderer: Flushing caches (mode 1)
02-21 17:24:18.290   145   175 I ActivityManager: Displayed com.google.android.calendar/com.android.calendar.AllInOneActivity: +312ms
02-21 17:24:18.341  1335  1335 D OpenGLRenderer: Flushing caches (mode 0)
02-21 17:24:18.536   145   156 W InputManagerService: Starting input on non-focused client com.android.internal.view.IInputMethodClient$Stub$Proxy@413360c0 (uid=10022 pid=1335)
02-21 17:24:21.693   145   365 I ActivityManager: START {act=android.intent.action.VIEW flg=0x20020000 cmp=com.google.android.calendar/com.android.calendar.CalendarSettingsActivity} from pid 1277
02-21 17:24:21.915   145   175 I ActivityManager: Displayed com.google.android.calendar/com.android.calendar.CalendarSettingsActivity: +194ms
02-21 17:24:21.923  1277  1277 D OpenGLRenderer: Flushing caches (mode 0)
02-21 17:24:23.357   145   313 I ActivityManager: START {act=android.intent.action.MAIN cmp=com.google.android.calendar/com.android.calendar.CalendarSettingsActivity (has extras)} from pid 1277
02-21 17:24:23.486  1277  1279 D dalvikvm: GC_CONCURRENT freed 476K, 6% free 9902K/10503K, paused 4ms+5ms
02-21 17:24:23.611   145   175 I ActivityManager: Displayed com.google.android.calendar/com.android.calendar.CalendarSettingsActivity: +221ms
02-21 17:24:23.646  1277  1277 D OpenGLRenderer: Flushing caches (mode 0)
02-21 17:24:25.517  1277  1277 D OpenGLRenderer: Flushing caches (mode 0)
02-21 17:24:25.568   145   147 D dalvikvm: GC_CONCURRENT freed 737K, 13% free 12996K/14919K, paused 2ms+7ms
02-21 17:24:25.611   693  1498 E Gmail   : IOException: Connection closed by peer
02-21 17:24:25.642   145   169 D SyncManager: failed sync operation steven.y.ko@gmail.com (com.google), gmail-ls, SERVER, earliestRunTime 66937, SyncResult: stats [ numIoExceptions: 1]
02-21 17:24:25.903   742   742 D OpenGLRenderer: Flushing caches (mode 1)
02-21 17:24:26.259  1277  1277 D OpenGLRenderer: Flushing caches (mode 0)
02-21 17:24:26.435    82   126 D AudioHardware: AudioHardware pcm playback is going to standby.
02-21 17:24:26.435    82   126 D AudioHardware: closePcmOut_l() mPcmOpenCnt: 1
02-21 17:24:26.536  1277  1277 D dalvikvm: GC_EXPLICIT freed 239K, 8% free 9761K/10503K, paused 7ms+4ms
02-21 17:24:27.165   145   157 W InputManagerService: Starting input on non-focused client com.android.internal.view.IInputMethodClient$Stub$Proxy@41555f00 (uid=10052 pid=1277)
02-21 17:24:27.255  1335  1338 D dalvikvm: GC_CONCURRENT freed 3279K, 41% free 11899K/20167K, paused 2ms+9ms
02-21 17:24:27.364  1335  1338 D dalvikvm: GC_CONCURRENT freed 45K, 37% free 12802K/20167K, paused 7ms+13ms
02-21 17:24:27.450  1335  1360 D dalvikvm: GC_FOR_ALLOC freed 88K, 36% free 12936K/20167K, paused 23ms
02-21 17:24:27.505  1335  1361 D dalvikvm: GC_FOR_ALLOC freed 5K, 30% free 14188K/20167K, paused 24ms
02-21 17:24:27.525  1277  1277 D OpenGLRenderer: Flushing caches (mode 0)
02-21 17:24:27.630  1335  1338 D dalvikvm: GC_CONCURRENT freed 138K, 29% free 14344K/20167K, paused 2ms+9ms
02-21 17:24:27.778  1335  1338 D dalvikvm: GC_CONCURRENT freed 2411K, 33% free 13629K/20167K, paused 2ms+4ms
02-21 17:24:28.075  1277  1277 D OpenGLRenderer: Flushing caches (mode 1)
02-21 17:24:30.431    82   126 D AudioHardware: AudioHardware pcm playback is exiting standby.
02-21 17:24:30.431    82   126 D AudioHardware: openPcmOut_l() mPcmOpenCnt: 0
02-21 17:24:30.528   145   157 I ActivityManager: START {act=android.intent.action.MAIN cat=[android.intent.category.LAUNCHER] flg=0x10200000 cmp=com.google.android.gm/.ConversationListActivityGmail} from pid 1335
02-21 17:24:30.599   145   156 I ActivityManager: START {act=android.intent.action.MAIN cat=[android.intent.category.LAUNCHER] flg=0x6000000 cmp=com.google.android.gm/.GmailActivity} from pid 693
02-21 17:24:30.677  1335  1335 D OpenGLRenderer: Flushing caches (mode 1)
02-21 17:24:30.732   145   156 I ActivityManager: START {flg=0x2000000 cmp=com.google.android.gm/.WaitActivity (has extras)} from pid 693
02-21 17:24:30.739   145   397 W ActivityManager: Duplicate finish request for ActivityRecord{41743840 com.google.android.gm/.GmailActivity}
02-21 17:24:30.763  1335  1335 D OpenGLRenderer: Flushing caches (mode 0)
02-21 17:24:30.818   742   742 D OpenGLRenderer: Flushing caches (mode 1)
02-21 17:24:30.849   693   695 D dalvikvm: GC_CONCURRENT freed 274K, 4% free 9577K/9927K, paused 2ms+3ms
02-21 17:24:30.896   742   742 D OpenGLRenderer: Flushing caches (mode 1)
02-21 17:24:30.927   693   693 D libEGL  : loaded /system/lib/egl/libGLES_android.so
02-21 17:24:30.935   693   693 D libEGL  : loaded /vendor/lib/egl/libEGL_POWERVR_SGX540_120.so
02-21 17:24:30.946   693   693 D libEGL  : loaded /vendor/lib/egl/libGLESv1_CM_POWERVR_SGX540_120.so
02-21 17:24:30.954   693   693 D libEGL  : loaded /vendor/lib/egl/libGLESv2_POWERVR_SGX540_120.so
02-21 17:24:31.021   693   693 D OpenGLRenderer: Enabling debug mode 0
02-21 17:24:31.056   693  1548 E Gmail.LabelManager: Unable to get label ^i for account steven.y.ko@gmail.com
02-21 17:24:31.087   145  1061 W InputManagerService: Starting input on non-focused client com.android.internal.view.IInputMethodClient$Stub$Proxy@413360c0 (uid=10022 pid=1335)
02-21 17:24:31.193   145   175 I ActivityManager: Displayed com.google.android.gm/.WaitActivity: +454ms (total +630ms)
02-21 17:24:31.228   693   693 E Gmail   : Unable to correlate recent label: ^t
02-21 17:24:31.228   693   693 E Gmail   : Unable to correlate recent label: ^f
02-21 17:24:31.228   693   693 E Gmail   : Unable to correlate recent label: ^r
02-21 17:24:33.532    82   126 D AudioHardware: AudioHardware pcm playback is going to standby.
02-21 17:24:33.532    82   126 D AudioHardware: closePcmOut_l() mPcmOpenCnt: 1
02-21 17:24:37.568   145   180 I ActivityManager: START {act=android.intent.action.MAIN cat=[android.intent.category.HOME] flg=0x10200000 cmp=com.android.launcher/com.android.launcher2.Launcher} from pid 145
02-21 17:24:37.732   693   693 D OpenGLRenderer: Flushing caches (mode 0)
02-21 17:24:37.989   693   693 D OpenGLRenderer: Flushing caches (mode 1)
02-21 17:24:38.267   145   316 I ActivityManager: No longer want com.android.exchange (pid 958): hidden #16
02-21 17:24:42.997   145   156 D AlarmManagerService: Kernel timezone updated to 300 minutes west of GMT
02-21 17:24:44.681   145   172 I power   : *** set_screen_state 0
02-21 17:24:44.732    79   121 D SurfaceFlinger: About to give-up screen, flinger = 0xa28918
02-21 17:24:44.802   145   147 D dalvikvm: GC_CONCURRENT freed 827K, 13% free 13063K/14919K, paused 2ms+5ms
02-21 17:24:44.861   145   176 V TransportControlView: Create TCV com.android.internal.widget.TransportControlView@415ea398
02-21 17:24:44.923   214   214 D PhoneStatusBar: disable: < expand icons alerts ticker system_info back home RECENT* clock >
02-21 17:24:44.931   742   742 D OpenGLRenderer: Flushing caches (mode 1)
02-21 17:24:44.931   330   386 D NfcService: NFC-C OFF, disconnect
02-21 17:24:44.939    82   126 D AudioHardware: AudioHardware pcm playback is exiting standby.
02-21 17:24:44.939    82   126 D AudioHardware: openPcmOut_l() mPcmOpenCnt: 0
02-21 17:24:44.966   214   214 D PhoneStatusBar: disable: < expand icons alerts ticker system_info BACK* HOME* RECENT CLOCK* >
02-21 17:24:45.064   145   147 D dalvikvm: GC_CONCURRENT freed 133K, 8% free 13830K/14919K, paused 4ms+4ms
02-21 17:24:48.099    82   126 D AudioHardware: AudioHardware pcm playback is going to standby.
02-21 17:24:48.099    82   126 D AudioHardware: closePcmOut_l() mPcmOpenCnt: 1
02-21 17:24:49.138   449   452 D dalvikvm: GC_CONCURRENT freed 418K, 12% free 10088K/11335K, paused 2ms+7ms
02-21 17:24:50.907  1068  1438 D dalvikvm: GC_FOR_ALLOC freed 383K, 11% free 9714K/10887K, paused 18ms
02-21 17:24:52.068  1068  1438 D dalvikvm: GC_FOR_ALLOC freed 260K, 12% free 9674K/10887K, paused 16ms
02-21 17:24:54.255  1068  1211 D dalvikvm: GC_FOR_ALLOC freed 354K, 11% free 9696K/10887K, paused 17ms
02-21 17:24:56.114   449   452 D dalvikvm: GC_CONCURRENT freed 450K, 12% free 10027K/11335K, paused 18ms+2ms
02-21 17:24:57.716  1068  1071 D dalvikvm: GC_CONCURRENT freed 361K, 11% free 9744K/10887K, paused 1ms+3ms
02-21 17:25:01.118  1068  1438 D dalvikvm: GC_FOR_ALLOC freed 353K, 12% free 9683K/10887K, paused 17ms
02-21 17:25:05.513  1068  1071 D dalvikvm: GC_CONCURRENT freed 366K, 11% free 9714K/10887K, paused 2ms+3ms
02-21 17:25:06.544   449   452 D dalvikvm: GC_CONCURRENT freed 387K, 12% free 10026K/11335K, paused 15ms+3ms
02-21 17:25:09.321  1068  1071 D dalvikvm: GC_CONCURRENT freed 412K, 12% free 9685K/10887K, paused 13ms+2ms
02-21 17:25:10.286   145   313 D dalvikvm: GC_EXPLICIT freed 135K, 8% free 13843K/14919K, paused 3ms+5ms
02-21 17:25:12.228  1068  1454 D dalvikvm: GC_FOR_ALLOC freed 348K, 12% free 9684K/10887K, paused 16ms
02-21 17:25:13.763   801   801 I PhoneLab-phonelab-Locks: wake lock acquired
02-21 17:25:13.775   801  1558 W PhoneLab-PeriodicCheckService: User info is not synched yet
02-21 17:25:13.782   801  1558 I PhoneLab-PeriodicCheckService: Logger Service is running
02-21 17:25:13.794   801   801 I PhoneLab-phonelab-Locks: wake lock acquired
02-21 17:25:13.798   801   801 I PhoneLab-StatusMonitor: Status Monitoring is started
02-21 17:25:13.818   801   801 W System.err: java.io.FileNotFoundException: /data/data/edu.buffalo.cse.phonelab.phonelabservices/files/manifest.xml: open failed: ENOENT (No such file or directory)
02-21 17:25:13.818   801   801 W System.err: 	at libcore.io.IoBridge.open(IoBridge.java:406)
02-21 17:25:13.818   801   801 W System.err: 	at java.io.FileInputStream.<init>(FileInputStream.java:78)
02-21 17:25:13.818   801   801 W System.err: 	at android.app.ContextImpl.openFileInput(ContextImpl.java:610)
02-21 17:25:13.818   801   801 W System.err: 	at android.content.ContextWrapper.openFileInput(ContextWrapper.java:159)
02-21 17:25:13.818   801   801 W System.err: 	at edu.buffalo.cse.phonelab.manifest.PhoneLabManifest.getDocuments(PhoneLabManifest.java:425)
02-21 17:25:13.818   801   801 W System.err: 	at edu.buffalo.cse.phonelab.manifest.PhoneLabManifest.getManifest(PhoneLabManifest.java:69)
02-21 17:25:13.818   801   801 W System.err: 	at edu.buffalo.cse.phonelab.statusmonitor.StatusMonitor.onStartCommand(StatusMonitor.java:40)
02-21 17:25:13.818   801   801 W System.err: 	at android.app.ActivityThread.handleServiceArgs(ActivityThread.java:2359)
02-21 17:25:13.818   801   801 W System.err: 	at android.app.ActivityThread.access$1900(ActivityThread.java:123)
02-21 17:25:13.818   801   801 W System.err: 	at android.app.ActivityThread$H.handleMessage(ActivityThread.java:1210)
02-21 17:25:13.818   801   801 W System.err: 	at android.os.Handler.dispatchMessage(Handler.java:99)
02-21 17:25:13.818   801   801 W System.err: 	at android.os.Looper.loop(Looper.java:137)
02-21 17:25:13.818   801   801 W System.err: 	at android.app.ActivityThread.main(ActivityThread.java:4424)
02-21 17:25:13.818   801   801 W System.err: 	at java.lang.reflect.Method.invokeNative(Native Method)
02-21 17:25:13.818   801   801 W System.err: 	at java.lang.reflect.Method.invoke(Method.java:511)
02-21 17:25:13.818   801   801 W System.err: 	at com.android.internal.os.ZygoteInit$MethodAndArgsCaller.run(ZygoteInit.java:784)
02-21 17:25:13.818   801   801 W System.err: 	at com.android.internal.os.ZygoteInit.main(ZygoteInit.java:551)
02-21 17:25:13.818   801   801 W System.err: 	at dalvik.system.NativeStart.main(Native Method)
02-21 17:25:13.818   801   801 W System.err: Caused by: libcore.io.ErrnoException: open failed: ENOENT (No such file or directory)
02-21 17:25:13.818   801   801 W System.err: 	at libcore.io.Posix.open(Native Method)
02-21 17:25:13.818   801   801 W System.err: 	at libcore.io.BlockGuardOs.open(BlockGuardOs.java:110)
02-21 17:25:13.818   801   801 W System.err: 	at libcore.io.IoBridge.open(IoBridge.java:390)
02-21 17:25:13.818   801   801 W System.err: 	... 17 more
02-21 17:25:13.818   801   801 E PhoneLab-PhoneLabManifest: /data/data/edu.buffalo.cse.phonelab.phonelabservices/files/manifest.xml: open failed: ENOENT (No such file or directory)
02-21 17:25:13.821   801  1558 I PhoneLab-PeriodicCheckService: Rescheduling periodic checking...
02-21 17:25:13.825   801   801 I PhoneLab-phonelab-Locks: wake lock released
02-21 17:25:13.825   801  1558 I PhoneLab-phonelab-Locks: wake lock released
02-21 17:25:13.849   801   804 D dalvikvm: GC_CONCURRENT freed 641K, 14% free 10052K/11591K, paused 1ms+2ms
02-21 17:25:14.259   449   452 D dalvikvm: GC_CONCURRENT freed 399K, 12% free 10070K/11335K, paused 2ms+3ms
02-21 17:25:14.685   449  1559 D C2DMRegistrar: [C2DMRegistrar.114] register: http error 404
02-21 17:25:14.724   801   801 I PhoneLab-RegistrationReceiver: C2DM Registration Receiver is fired
02-21 17:25:14.751   801   801 I PhoneLab-RegistrationReceiver: Shared Preferences Settings updated successfully
02-21 17:25:14.872  1068  1454 D dalvikvm: GC_FOR_ALLOC freed 372K, 12% free 9688K/10887K, paused 36ms
02-21 17:25:16.911  1068  1438 D dalvikvm: GC_FOR_ALLOC freed 369K, 12% free 9682K/10887K, paused 17ms
02-21 17:25:17.739   801  1497 D dalvikvm: GC_FOR_ALLOC freed 567K, 17% free 9732K/11591K, paused 49ms
02-21 17:25:17.751   801  1497 D dalvikvm: GC_FOR_ALLOC freed 301K, 17% free 9731K/11591K, paused 13ms
02-21 17:25:17.767   801  1497 D dalvikvm: GC_FOR_ALLOC freed 300K, 17% free 9731K/11591K, paused 14ms
02-21 17:25:17.782   801  1497 D dalvikvm: GC_FOR_ALLOC freed 302K, 17% free 9730K/11591K, paused 13ms
02-21 17:25:21.001   449   452 D dalvikvm: GC_CONCURRENT freed 406K, 12% free 10054K/11335K, paused 16ms+2ms
02-21 17:25:21.911  1068  1071 D dalvikvm: GC_CONCURRENT freed 378K, 12% free 9690K/10887K, paused 12ms+2ms
02-21 17:25:27.290  1068  1211 D dalvikvm: GC_FOR_ALLOC freed 363K, 12% free 9683K/10887K, paused 30ms
02-21 17:25:28.829   801  1497 I PhoneLab-: 1329862891225.log is deleted
02-21 17:25:28.829   801  1497 I PhoneLab-: Response {"data": "done", "err": ""}
02-21 17:25:29.361   145   196 W NetworkStats: dropping UID delta from unknown iface: iface=wlan0 uid=0 set=DEFAULT tag=0x0 rxBytes=0 rxPackets=0 txBytes=384 txPackets=6 operations=0
02-21 17:25:31.189   801  1008 I PhoneLab-: Service Running
02-21 17:25:31.259   801  1008 I PhoneLab-LoggerService: app_34    1012  801   1440   1068  c00f1758 40039794 S logcat
02-21 17:25:31.259   801  1008 I PhoneLab-LoggerService: Logcat pid from database 1012
02-21 17:25:31.259   801  1008 I PhoneLab-LoggerService: Logcat process found 1012
02-21 17:25:31.259   801  1008 I PhoneLab-LoggerService: Checking Threshold
02-21 17:25:31.618  1068  1071 D dalvikvm: GC_CONCURRENT freed 391K, 11% free 9709K/10887K, paused 2ms+3ms
02-21 17:25:34.462   449   452 D dalvikvm: GC_CONCURRENT freed 391K, 12% free 10055K/11335K, paused 7ms+6ms
02-21 17:25:35.005  1068  1071 D dalvikvm: GC_CONCURRENT freed 412K, 11% free 9700K/10887K, paused 2ms+5ms
02-21 17:25:40.212  1068  1071 D dalvikvm: GC_CONCURRENT freed 397K, 11% free 9691K/10887K, paused 2ms+5ms
02-21 17:25:42.450  1068  1454 D dalvikvm: GC_FOR_ALLOC freed 351K, 12% free 9686K/10887K, paused 17ms
02-21 17:25:43.974   449   452 D dalvikvm: GC_CONCURRENT freed 393K, 12% free 10048K/11335K, paused 16ms+2ms
02-21 17:25:45.142  1068  1071 D dalvikvm: GC_CONCURRENT freed 384K, 11% free 9690K/10887K, paused 15ms+3ms
02-21 17:25:47.255  1068  1438 D dalvikvm: GC_FOR_ALLOC freed 386K, 12% free 9686K/10887K, paused 17ms
02-21 17:25:49.669   449   452 D dalvikvm: GC_CONCURRENT freed 382K, 12% free 10051K/11335K, paused 15ms+3ms
02-21 17:25:49.716  1068  1071 D dalvikvm: GC_CONCURRENT freed 391K, 11% free 9698K/10887K, paused 2ms+3ms
02-21 17:25:52.462  1068  1071 D dalvikvm: GC_CONCURRENT freed 367K, 11% free 9734K/10887K, paused 1ms+2ms
02-21 17:25:55.364  1068  1438 D dalvikvm: GC_FOR_ALLOC freed 422K, 11% free 9695K/10887K, paused 17ms
02-21 17:25:57.200   449   452 D dalvikvm: GC_CONCURRENT freed 387K, 12% free 10049K/11335K, paused 15ms+3ms
02-21 17:25:57.923  1068  1211 D dalvikvm: GC_FOR_ALLOC freed 353K, 12% free 9688K/10887K, paused 17ms
02-21 17:26:00.075  1068  1454 D dalvikvm: GC_FOR_ALLOC freed 346K, 12% free 9689K/10887K, paused 17ms
02-21 17:26:02.196  1068  1438 D dalvikvm: GC_FOR_ALLOC freed 365K, 12% free 9689K/10887K, paused 17ms
02-21 17:26:02.650   145   157 D dalvikvm: GC_EXPLICIT freed 351K, 7% free 13881K/14919K, paused 3ms+5ms
02-21 17:26:03.989   449   452 D dalvikvm: GC_CONCURRENT freed 388K, 12% free 10048K/11335K, paused 15ms+2ms
02-21 17:26:04.427  1068  1071 D dalvikvm: GC_CONCURRENT freed 334K, 11% free 9752K/10887K, paused 2ms+5ms
02-21 17:26:07.466  1068  1211 D dalvikvm: GC_FOR_ALLOC freed 309K, 12% free 9679K/10887K, paused 17ms
02-21 17:26:08.091  1068  1454 D dalvikvm: GC_EXPLICIT freed 79K, 12% free 9683K/10887K, paused 2ms+3ms
02-21 17:26:10.548   449   452 D dalvikvm: GC_CONCURRENT freed 387K, 12% free 10053K/11335K, paused 17ms+3ms
02-21 17:26:11.013  1068  1071 D dalvikvm: GC_CONCURRENT freed 342K, 11% free 9730K/10887K, paused 2ms+4ms
02-21 17:26:13.552  1068  1438 D dalvikvm: GC_FOR_ALLOC freed 381K, 12% free 9688K/10887K, paused 16ms
02-21 17:26:16.392  1068  1454 D dalvikvm: GC_FOR_ALLOC freed 367K, 12% free 9683K/10887K, paused 17ms
02-21 17:26:18.950   449   452 D dalvikvm: GC_CONCURRENT freed 391K, 12% free 10051K/11335K, paused 17ms+2ms
02-21 17:26:19.427  1068  1211 D dalvikvm: GC_FOR_ALLOC freed 364K, 12% free 9685K/10887K, paused 17ms
02-21 17:26:21.657  1068  1438 D dalvikvm: GC_FOR_ALLOC freed 348K, 12% free 9685K/10887K, paused 17ms
02-21 17:26:24.068  1068  1454 D dalvikvm: GC_FOR_ALLOC freed 344K, 12% free 9685K/10887K, paused 17ms
02-21 17:26:26.384   449   452 D dalvikvm: GC_CONCURRENT freed 388K, 12% free 10048K/11335K, paused 17ms+2ms
02-21 17:26:26.739  1068  1071 D dalvikvm: GC_CONCURRENT freed 348K, 11% free 9739K/10887K, paused 1ms+4ms
02-21 17:26:29.611  1068  1211 D dalvikvm: GC_FOR_ALLOC freed 407K, 12% free 9689K/10887K, paused 17ms
02-21 17:26:32.353  1068  1071 D dalvikvm: GC_CONCURRENT freed 335K, 11% free 9751K/10887K, paused 1ms+3ms
02-21 17:26:34.400   449   452 D dalvikvm: GC_CONCURRENT freed 387K, 12% free 10051K/11335K, paused 14ms+3ms
02-21 17:26:34.857  1068  1454 D dalvikvm: GC_FOR_ALLOC freed 353K, 12% free 9687K/10887K, paused 17ms
02-21 17:26:36.872  1068  1211 D dalvikvm: GC_FOR_ALLOC freed 345K, 12% free 9687K/10887K, paused 17ms
02-21 17:26:39.419  1068  1071 D dalvikvm: GC_CONCURRENT freed 395K, 11% free 9707K/10887K, paused 2ms+5ms
02-21 17:26:40.716   449   452 D dalvikvm: GC_CONCURRENT freed 386K, 12% free 10049K/11335K, paused 14ms+3ms
02-21 17:26:42.013  1068  1438 D dalvikvm: GC_FOR_ALLOC freed 393K, 11% free 9692K/10887K, paused 16ms
02-21 17:26:44.958  1068  1454 D dalvikvm: GC_FOR_ALLOC freed 368K, 12% free 9688K/10887K, paused 17ms
02-21 17:26:47.017  1068  1211 D dalvikvm: GC_FOR_ALLOC freed 347K, 12% free 9689K/10887K, paused 17ms
02-21 17:26:48.103   449   452 D dalvikvm: GC_CONCURRENT freed 379K, 12% free 10056K/11335K, paused 14ms+3ms
02-21 17:26:49.349  1068  1071 D dalvikvm: GC_CONCURRENT freed 369K, 11% free 9729K/10887K, paused 2ms+5ms
02-21 17:26:53.708  1068  1438 D dalvikvm: GC_FOR_ALLOC freed 358K, 11% free 9693K/10887K, paused 17ms
02-21 17:26:55.630   145   365 D dalvikvm: GC_EXPLICIT freed 159K, 8% free 13869K/14919K, paused 3ms+5ms
02-21 17:26:56.107  1068  1071 D dalvikvm: GC_CONCURRENT freed 354K, 11% free 9752K/10887K, paused 2ms+6ms
02-21 17:26:56.419   742   742 D OpenGLRenderer: Flushing caches (mode 1)
02-21 17:26:57.040   693   695 D dalvikvm: GC_CONCURRENT freed 362K, 5% free 9626K/10119K, paused 2ms+6ms
02-21 17:26:58.833   693  1561 D dalvikvm: GC_EXPLICIT freed 79K, 5% free 9616K/10119K, paused 2ms+3ms
02-21 17:26:58.841   693  1561 I Gmail   : getStartSyncRequest: handledServerOpId: 0, upperFetchedConvoId: 0, lowerFetchedConvoId: 0, ackedClientOp: 0
02-21 17:26:58.857   742   742 D OpenGLRenderer: Flushing caches (mode 1)
02-21 17:26:59.622   693   695 D dalvikvm: GC_CONCURRENT freed 409K, 6% free 9644K/10183K, paused 2ms+2ms
02-21 17:26:59.806   693   695 D dalvikvm: GC_CONCURRENT freed 380K, 5% free 9682K/10183K, paused 2ms+3ms
02-21 17:26:59.978   693   695 D dalvikvm: GC_CONCURRENT freed 456K, 6% free 9672K/10247K, paused 1ms+3ms
02-21 17:27:00.161   693   695 D dalvikvm: GC_CONCURRENT freed 435K, 6% free 9679K/10247K, paused 2ms+3ms
02-21 17:27:00.321   693  1561 I Gmail   : checkLabelsSets changed the label sets to: included([^^out, ^r]), partial([^i, ^f, ^iim]), all([userlabel:-1157463303, ^imi, userlabel:1777711743, ^iim, userlabel:371863947, ^all, ^io_im, userlabel:2914456, userlabel:2896756, ^imn, userlabel:-1492276993, userlabel:-1492276994, userlabel:-1086266888, ^i, ^g, ^f, userlabel:94101, ^k, userlabel:93982, userlabel:93692, ^b, userlabel:2131255327, userlabel:-1351414047, userlabel:-1492276990, userlabel:-1492276991, userlabel:-1492276992, userlabel:3026, userlabel:3025, userlabel:105008833, ^t, ^u, userlabel:843908213, ^r, userlabel:-1492383895, ^s])
02-21 17:27:00.357   693  1561 I Gmail   : calculateUnknownSyncRationalesAndPurgeInBackground: queueing
02-21 17:27:00.357   693  1206 I Gmail   : calculateUnknownSyncRationalesAndPurgeInBackground: running
02-21 17:27:00.536   693  1561 D dalvikvm: GC_EXPLICIT freed 396K, 6% free 9708K/10247K, paused 2ms+4ms
02-21 17:27:00.677   693  1561 I Gmail   : MainSyncRequestProto: lowestBkwdConvoId: 1394462655246237697, highestHandledServerOp: 2208886, normalSync: true
02-21 17:27:00.763   742   742 D OpenGLRenderer: Flushing caches (mode 1)
02-21 17:27:04.591   693   695 D dalvikvm: GC_CONCURRENT freed 395K, 6% free 9715K/10247K, paused 3ms+3ms
02-21 17:27:09.423   693  1561 D dalvikvm: GC_EXPLICIT freed 384K, 6% free 9703K/10247K, paused 1ms+3ms
02-21 17:27:09.431   693  1561 I Gmail   : MainSyncRequestProto: lowestBkwdConvoId: 0, highestHandledServerOp: 2208887, normalSync: true
02-21 17:27:09.486   742   742 D OpenGLRenderer: Flushing caches (mode 1)
02-21 17:27:10.630   145   161 D PackageManager: generateServicesMap(android.accounts.AccountAuthenticator): 3 services unchanged
02-21 17:27:10.634   330   330 I RegisteredComponentCache: ComponentInfo: ResolveInfo{413a7288 com.android.apps.tag.TagViewer p=0 o=0 m=0x108000}, techs: android.nfc.tech.Ndef, 
02-21 17:27:10.642  1335  1335 I Launcher: setLoadOnResume
02-21 17:27:10.685   145   161 D PackageManager: generateServicesMap(android.content.SyncAdapter): 9 services unchanged
02-21 17:27:11.482  1335  1338 D dalvikvm: GC_CONCURRENT freed 3292K, 42% free 11789K/20167K, paused 2ms+11ms
02-21 17:27:14.427   449   452 D dalvikvm: GC_CONCURRENT freed 395K, 12% free 10049K/11335K, paused 16ms+3ms
02-21 17:27:14.626   693   695 D dalvikvm: GC_CONCURRENT freed 350K, 5% free 9760K/10247K, paused 2ms+6ms
02-21 17:27:14.915   693   695 D dalvikvm: GC_CONCURRENT freed 418K, 6% free 9758K/10311K, paused 3ms+3ms
02-21 17:27:15.150   693   695 D dalvikvm: GC_CONCURRENT freed 408K, 6% free 9793K/10311K, paused 1ms+3ms
02-21 17:27:15.486   693   695 D dalvikvm: GC_CONCURRENT freed 439K, 6% free 9825K/10375K, paused 13ms+3ms
02-21 17:27:15.728   693   695 D dalvikvm: GC_CONCURRENT freed 434K, 6% free 9819K/10439K, paused 9ms+3ms
02-21 17:27:15.782   693  1561 D dalvikvm: GC_FOR_ALLOC freed 265K, 7% free 9733K/10439K, paused 16ms
02-21 17:27:15.837   693  1561 D dalvikvm: GC_FOR_ALLOC freed 310K, 7% free 9736K/10439K, paused 17ms
02-21 17:27:15.884   693  1561 D dalvikvm: GC_FOR_ALLOC freed 200K, 7% free 9780K/10439K, paused 16ms
02-21 17:27:15.923   693  1561 D dalvikvm: GC_FOR_ALLOC freed 200K, 7% free 9781K/10439K, paused 17ms
02-21 17:27:16.239   693   695 D dalvikvm: GC_CONCURRENT freed 420K, 7% free 9767K/10439K, paused 2ms+6ms
02-21 17:27:16.466   693   695 D dalvikvm: GC_CONCURRENT freed 408K, 7% free 9752K/10439K, paused 9ms+3ms
02-21 17:27:16.763   693   695 D dalvikvm: GC_CONCURRENT freed 394K, 7% free 9776K/10439K, paused 2ms+13ms
02-21 17:27:16.978   693   695 D dalvikvm: GC_CONCURRENT freed 413K, 7% free 9752K/10439K, paused 2ms+6ms
02-21 17:27:17.314   693   695 D dalvikvm: GC_CONCURRENT freed 361K, 7% free 9787K/10439K, paused 4ms+3ms
02-21 17:27:19.044   693   695 D dalvikvm: GC_CONCURRENT freed 382K, 7% free 9796K/10439K, paused 14ms+3ms
02-21 17:27:19.243   693   695 D dalvikvm: GC_CONCURRENT freed 428K, 7% free 9766K/10439K, paused 2ms+3ms
02-21 17:27:19.431   693   695 D dalvikvm: GC_CONCURRENT freed 391K, 7% free 9785K/10439K, paused 1ms+3ms
02-21 17:27:19.505   693  1561 D dalvikvm: GC_FOR_ALLOC freed 347K, 7% free 9759K/10439K, paused 17ms
02-21 17:27:19.716   693   695 D dalvikvm: GC_CONCURRENT freed 427K, 7% free 9752K/10439K, paused 1ms+10ms
02-21 17:27:20.017   693   695 D dalvikvm: GC_CONCURRENT freed 389K, 7% free 9760K/10439K, paused 2ms+11ms
02-21 17:27:20.236   693   695 D dalvikvm: GC_CONCURRENT freed 424K, 7% free 9767K/10439K, paused 2ms+3ms
02-21 17:27:20.314   693  1561 D dalvikvm: GC_FOR_ALLOC freed 371K, 7% free 9753K/10439K, paused 17ms
02-21 17:27:20.357   693  1561 D dalvikvm: GC_FOR_ALLOC freed 247K, 7% free 9771K/10439K, paused 16ms
02-21 17:27:20.403   693  1561 D dalvikvm: GC_FOR_ALLOC freed 266K, 7% free 9769K/10439K, paused 16ms
02-21 17:27:20.548   693  1561 D dalvikvm: GC_FOR_ALLOC freed 355K, 7% free 9760K/10439K, paused 17ms
02-21 17:27:20.716   693   695 D dalvikvm: GC_CONCURRENT freed 422K, 7% free 9754K/10439K, paused 1ms+5ms
02-21 17:27:20.821   693   695 D dalvikvm: GC_CONCURRENT freed 377K, 7% free 9774K/10439K, paused 2ms+3ms
02-21 17:27:20.892   693  1561 D dalvikvm: GC_FOR_ALLOC freed 352K, 7% free 9740K/10439K, paused 16ms
02-21 17:27:21.138   693   695 D dalvikvm: GC_CONCURRENT freed 396K, 7% free 9754K/10439K, paused 2ms+9ms
02-21 17:27:21.419   693   695 D dalvikvm: GC_CONCURRENT freed 366K, 7% free 9775K/10439K, paused 1ms+7ms
02-21 17:27:21.638   693   695 D dalvikvm: GC_CONCURRENT freed 421K, 7% free 9762K/10439K, paused 2ms+3ms
02-21 17:27:21.724   693  1561 D dalvikvm: GC_FOR_ALLOC freed 353K, 7% free 9770K/10439K, paused 17ms
02-21 17:27:21.943   693   695 D dalvikvm: GC_CONCURRENT freed 412K, 7% free 9751K/10439K, paused 2ms+2ms
02-21 17:27:22.146   693   695 D dalvikvm: GC_CONCURRENT freed 388K, 7% free 9754K/10439K, paused 2ms+2ms
02-21 17:27:22.275   693   695 D dalvikvm: GC_CONCURRENT freed 387K, 7% free 9778K/10439K, paused 2ms+3ms
02-21 17:27:22.966   693   695 D dalvikvm: GC_CONCURRENT freed 409K, 7% free 9768K/10439K, paused 2ms+6ms
02-21 17:27:23.298   693   695 D dalvikvm: GC_CONCURRENT freed 397K, 7% free 9769K/10439K, paused 1ms+5ms
02-21 17:27:23.622   693   695 D dalvikvm: GC_CONCURRENT freed 390K, 7% free 9772K/10439K, paused 2ms+3ms
02-21 17:27:24.021   693  1561 D dalvikvm: GC_EXPLICIT freed 230K, 7% free 9743K/10439K, paused 2ms+3ms
02-21 17:27:24.028   693  1561 I Gmail   : MainSyncRequestProto: lowestBkwdConvoId: 0, highestHandledServerOp: 2208888, normalSync: true
02-21 17:27:24.071   742   742 D OpenGLRenderer: Flushing caches (mode 1)
02-21 17:27:28.556   693   695 D dalvikvm: GC_CONCURRENT freed 389K, 7% free 9761K/10439K, paused 1ms+3ms
02-21 17:27:28.806   693   695 D dalvikvm: GC_CONCURRENT freed 389K, 7% free 9776K/10439K, paused 2ms+5ms
02-21 17:27:28.946   693   695 D dalvikvm: GC_CONCURRENT freed 426K, 7% free 9761K/10439K, paused 2ms+3ms
02-21 17:27:29.259   693   695 D dalvikvm: GC_CONCURRENT freed 372K, 7% free 9799K/10439K, paused 2ms+3ms
02-21 17:27:29.329   693  1561 D dalvikvm: GC_FOR_ALLOC freed 358K, 7% free 9745K/10439K, paused 17ms
02-21 17:27:29.380   693  1561 D dalvikvm: GC_FOR_ALLOC freed 265K, 7% free 9743K/10439K, paused 16ms
02-21 17:27:29.732   693   695 D dalvikvm: GC_CONCURRENT freed 377K, 7% free 9750K/10439K, paused 13ms+2ms
02-21 17:27:30.169   693   695 D dalvikvm: GC_CONCURRENT freed 373K, 7% free 9778K/10439K, paused 2ms+6ms
02-21 17:27:30.415   693   695 D dalvikvm: GC_CONCURRENT freed 411K, 7% free 9760K/10439K, paused 1ms+3ms
02-21 17:27:30.864   693   695 D dalvikvm: GC_CONCURRENT freed 377K, 7% free 9768K/10439K, paused 13ms+3ms
02-21 17:27:31.189   801  1008 I PhoneLab-: Service Running
02-21 17:27:31.247   801   804 D dalvikvm: GC_CONCURRENT freed 885K, 21% free 9245K/11591K, paused 4ms+3ms
02-21 17:27:31.271   801  1008 I PhoneLab-LoggerService: app_34    1012  801   1440   1068  c00f1758 40039794 S logcat
02-21 17:27:31.271   801  1008 I PhoneLab-LoggerService: Logcat pid from database 1012
02-21 17:27:31.271   801  1008 I PhoneLab-LoggerService: Logcat process found 1012
02-21 17:27:31.271   801  1008 I PhoneLab-LoggerService: Checking Threshold
02-21 17:27:31.302   693  1561 D dalvikvm: GC_FOR_ALLOC freed 148K, 6% free 9839K/10439K, paused 16ms
02-21 17:27:31.525   693   695 D dalvikvm: GC_CONCURRENT freed 479K, 7% free 9751K/10439K, paused 1ms+3ms
02-21 17:27:31.880   693   695 D dalvikvm: GC_CONCURRENT freed 376K, 7% free 9761K/10439K, paused 2ms+3ms
02-21 17:27:32.376   693   695 D dalvikvm: GC_CONCURRENT freed 380K, 7% free 9766K/10439K, paused 13ms+3ms
02-21 17:27:32.728   693   695 D dalvikvm: GC_CONCURRENT freed 386K, 7% free 9779K/10439K, paused 2ms+3ms
02-21 17:27:34.876   693   695 D dalvikvm: GC_CONCURRENT freed 403K, 7% free 9798K/10439K, paused 2ms+3ms
02-21 17:27:34.962   693  1561 D dalvikvm: GC_FOR_ALLOC freed 381K, 7% free 9756K/10439K, paused 17ms
02-21 17:27:35.282   693   695 D dalvikvm: GC_CONCURRENT freed 385K, 7% free 9763K/10439K, paused 2ms+4ms
02-21 17:27:35.611   693   695 D dalvikvm: GC_CONCURRENT freed 347K, 6% free 9820K/10439K, paused 1ms+3ms
02-21 17:27:35.751   693   695 D dalvikvm: GC_CONCURRENT freed 444K, 7% free 9768K/10439K, paused 1ms+3ms
02-21 17:27:36.228   693   695 D dalvikvm: GC_CONCURRENT freed 389K, 7% free 9768K/10439K, paused 1ms+6ms
02-21 17:27:36.950   693   695 D dalvikvm: GC_CONCURRENT freed 386K, 7% free 9773K/10439K, paused 1ms+7ms
02-21 17:27:37.193   693   695 D dalvikvm: GC_CONCURRENT freed 396K, 7% free 9769K/10439K, paused 2ms+3ms
02-21 17:27:37.454   693   695 D dalvikvm: GC_CONCURRENT freed 405K, 7% free 9771K/10439K, paused 2ms+2ms
02-21 17:27:37.532   693  1561 D dalvikvm: GC_FOR_ALLOC freed 319K, 7% free 9760K/10439K, paused 16ms
02-21 17:27:37.782   693   695 D dalvikvm: GC_CONCURRENT freed 402K, 7% free 9752K/10439K, paused 2ms+3ms
02-21 17:27:37.935   693   695 D dalvikvm: GC_CONCURRENT freed 401K, 7% free 9745K/10439K, paused 2ms+3ms
02-21 17:27:38.403   693   695 D dalvikvm: GC_CONCURRENT freed 356K, 7% free 9775K/10439K, paused 2ms+3ms
02-21 17:27:38.743   693   695 D dalvikvm: GC_CONCURRENT freed 428K, 7% free 9761K/10439K, paused 2ms+3ms
02-21 17:27:39.126   693   695 D dalvikvm: GC_CONCURRENT freed 383K, 7% free 9764K/10439K, paused 13ms+2ms
02-21 17:27:39.501   693   695 D dalvikvm: GC_CONCURRENT freed 386K, 7% free 9767K/10439K, paused 1ms+3ms
02-21 17:27:39.743   693   695 D dalvikvm: GC_CONCURRENT freed 393K, 7% free 9760K/10439K, paused 1ms+3ms
02-21 17:27:40.118   693   695 D dalvikvm: GC_CONCURRENT freed 378K, 7% free 9772K/10439K, paused 1ms+3ms
02-21 17:27:40.380   693  1561 D dalvikvm: GC_EXPLICIT freed 179K, 7% free 9726K/10439K, paused 2ms+2ms
02-21 17:27:40.388   693  1561 I Gmail   : MainSyncRequestProto: lowestBkwdConvoId: 0, highestHandledServerOp: 2208896, normalSync: true
02-21 17:27:40.423   742   742 D OpenGLRenderer: Flushing caches (mode 1)
02-21 17:27:45.450   693   695 D dalvikvm: GC_CONCURRENT freed 368K, 7% free 9758K/10439K, paused 2ms+3ms
02-21 17:27:45.814   693   695 D dalvikvm: GC_CONCURRENT freed 387K, 7% free 9769K/10439K, paused 2ms+3ms
02-21 17:27:46.458   693   695 D dalvikvm: GC_CONCURRENT freed 392K, 7% free 9771K/10439K, paused 2ms+3ms
02-21 17:27:46.571  1100  1100 D Finsky  : [1] UpdateCheckReceiver.forceUpdateCheck: Force checking for available updates.
02-21 17:27:46.591  1100  1100 D Finsky  : [1] UpdatesAvailableReceiver.onReceive: Received updates available notification
02-21 17:27:46.825  1100  1102 D dalvikvm: GC_CONCURRENT freed 381K, 6% free 9549K/10055K, paused 2ms+2ms
02-21 17:27:46.907   742   742 D OpenGLRenderer: Flushing caches (mode 1)
02-21 17:27:47.247   693   695 D dalvikvm: GC_CONCURRENT freed 388K, 7% free 9774K/10439K, paused 2ms+7ms
02-21 17:27:47.857   693   695 D dalvikvm: GC_CONCURRENT freed 382K, 7% free 9779K/10439K, paused 2ms+6ms
02-21 17:27:48.036  1100  1100 D Finsky  : [1] UpdatesAvailableReceiver.notifyUpdatesAvailable: 0 apps with updates.
02-21 17:27:48.368   693   695 D dalvikvm: GC_CONCURRENT freed 397K, 7% free 9777K/10439K, paused 13ms+3ms
02-21 17:27:48.634   693   695 D dalvikvm: GC_CONCURRENT freed 401K, 7% free 9767K/10439K, paused 2ms+5ms
02-21 17:27:48.943   693   695 D dalvikvm: GC_CONCURRENT freed 390K, 7% free 9766K/10439K, paused 2ms+3ms
02-21 17:27:49.341   693   695 D dalvikvm: GC_CONCURRENT freed 380K, 7% free 9803K/10439K, paused 2ms+7ms
02-21 17:27:49.396   693  1561 D dalvikvm: GC_FOR_ALLOC freed 253K, 7% free 9779K/10439K, paused 17ms
02-21 17:27:49.435   693  1561 D dalvikvm: GC_FOR_ALLOC freed 225K, 7% free 9753K/10439K, paused 17ms
02-21 17:27:49.474   693  1561 D dalvikvm: GC_FOR_ALLOC freed 258K, 7% free 9748K/10439K, paused 16ms
02-21 17:27:49.509   693  1561 D dalvikvm: GC_FOR_ALLOC freed 182K, 7% free 9747K/10439K, paused 16ms
02-21 17:27:49.544   693  1561 D dalvikvm: GC_FOR_ALLOC freed 187K, 7% free 9751K/10439K, paused 16ms
02-21 17:27:49.575   693  1561 D dalvikvm: GC_FOR_ALLOC freed 216K, 7% free 9722K/10439K, paused 16ms
02-21 17:27:49.611   693  1561 D dalvikvm: GC_FOR_ALLOC freed 224K, 7% free 9722K/10439K, paused 16ms
02-21 17:27:49.903   693   695 D dalvikvm: GC_CONCURRENT freed 378K, 7% free 9743K/10439K, paused 1ms+5ms
02-21 17:27:50.536   693   695 D dalvikvm: GC_CONCURRENT freed 368K, 7% free 9774K/10439K, paused 1ms+4ms
02-21 17:27:51.275   693   695 D dalvikvm: GC_CONCURRENT freed 397K, 7% free 9782K/10439K, paused 1ms+3ms
02-21 17:27:51.966   145   147 D dalvikvm: GC_CONCURRENT freed 1007K, 8% free 14004K/15111K, paused 17ms+4ms
02-21 17:27:53.486   693   695 D dalvikvm: GC_CONCURRENT freed 420K, 7% free 9778K/10439K, paused 2ms+12ms
02-21 17:27:53.739   693   695 D dalvikvm: GC_CONCURRENT freed 427K, 7% free 9751K/10439K, paused 2ms+3ms
02-21 17:27:54.310   693   695 D dalvikvm: GC_CONCURRENT freed 398K, 7% free 9788K/10439K, paused 2ms+6ms
02-21 17:27:54.532   693   695 D dalvikvm: GC_CONCURRENT freed 432K, 7% free 9768K/10439K, paused 1ms+3ms
02-21 17:27:54.884   693   695 D dalvikvm: GC_CONCURRENT freed 396K, 7% free 9760K/10439K, paused 2ms+3ms
02-21 17:27:55.528   693   695 D dalvikvm: GC_CONCURRENT freed 399K, 7% free 9755K/10439K, paused 2ms+3ms
02-21 17:27:55.896   693   695 D dalvikvm: GC_CONCURRENT freed 384K, 7% free 9760K/10439K, paused 1ms+2ms
02-21 17:27:56.025   693   695 D dalvikvm: GC_CONCURRENT freed 417K, 7% free 9747K/10439K, paused 1ms+3ms
02-21 17:27:56.380   693   695 D dalvikvm: GC_CONCURRENT freed 384K, 7% free 9791K/10439K, paused 2ms+4ms
02-21 17:27:56.439   693  1561 D dalvikvm: GC_FOR_ALLOC freed 315K, 7% free 9729K/10439K, paused 17ms
02-21 17:27:56.497   693  1561 D dalvikvm: GC_FOR_ALLOC freed 321K, 7% free 9732K/10439K, paused 16ms
02-21 17:27:56.544   693  1561 D dalvikvm: GC_FOR_ALLOC freed 283K, 7% free 9731K/10439K, paused 16ms
02-21 17:27:56.591   693  1561 D dalvikvm: GC_FOR_ALLOC freed 270K, 7% free 9738K/10439K, paused 16ms
02-21 17:27:56.630   693  1561 D dalvikvm: GC_FOR_ALLOC freed 225K, 7% free 9759K/10439K, paused 16ms
02-21 17:27:56.661   693  1561 D dalvikvm: GC_FOR_ALLOC freed 173K, 7% free 9736K/10439K, paused 16ms
02-21 17:27:56.700   693  1561 D dalvikvm: GC_FOR_ALLOC freed 225K, 7% free 9760K/10439K, paused 16ms
02-21 17:27:56.728   693  1561 D dalvikvm: GC_FOR_ALLOC freed 175K, 7% free 9737K/10439K, paused 17ms
02-21 17:27:56.767   693  1561 D dalvikvm: GC_FOR_ALLOC freed 205K, 7% free 9745K/10439K, paused 18ms
02-21 17:27:56.806   693  1561 D dalvikvm: GC_FOR_ALLOC freed 167K, 7% free 9746K/10439K, paused 16ms
02-21 17:27:56.845   693  1561 D dalvikvm: GC_FOR_ALLOC freed 264K, 7% free 9711K/10439K, paused 16ms
02-21 17:27:56.888   693  1561 D dalvikvm: GC_FOR_ALLOC freed 198K, 7% free 9753K/10439K, paused 16ms
02-21 17:27:56.915   693  1561 D dalvikvm: GC_FOR_ALLOC freed 45K, 6% free 9829K/10439K, paused 16ms
02-21 17:27:56.931   693  1561 D dalvikvm: GC_FOR_ALLOC freed 39K, 6% free 9869K/10439K, paused 17ms
02-21 17:27:56.966   693  1561 D dalvikvm: GC_FOR_ALLOC freed 232K, 8% free 9752K/10503K, paused 16ms
02-21 17:27:56.993   693  1561 D dalvikvm: GC_FOR_ALLOC freed 84K, 7% free 9868K/10503K, paused 16ms
02-21 17:27:57.021   693  1561 D dalvikvm: GC_FOR_ALLOC freed 227K, 8% free 9711K/10503K, paused 16ms
02-21 17:27:57.052   693  1561 D dalvikvm: GC_FOR_ALLOC freed 88K, 7% free 9870K/10503K, paused 16ms
02-21 17:27:57.079   693  1561 D dalvikvm: GC_FOR_ALLOC freed 231K, 8% free 9711K/10503K, paused 16ms
02-21 17:27:57.111   693  1561 D dalvikvm: GC_FOR_ALLOC freed 89K, 7% free 9872K/10503K, paused 16ms
02-21 17:27:57.142   693  1561 D dalvikvm: GC_FOR_ALLOC freed 233K, 8% free 9711K/10503K, paused 16ms
02-21 17:27:57.173   693  1561 D dalvikvm: GC_FOR_ALLOC freed 90K, 6% free 9874K/10503K, paused 16ms
02-21 17:27:57.458   693   695 D dalvikvm: GC_CONCURRENT freed 504K, 8% free 9762K/10503K, paused 2ms+4ms
02-21 17:27:57.939   693   695 D dalvikvm: GC_CONCURRENT freed 381K, 7% free 9773K/10503K, paused 1ms+6ms
02-21 17:27:58.290   693   695 D dalvikvm: GC_CONCURRENT freed 427K, 8% free 9767K/10503K, paused 2ms+3ms
02-21 17:27:58.415   693   695 D dalvikvm: GC_CONCURRENT freed 427K, 8% free 9734K/10503K, paused 1ms+3ms
02-21 17:27:58.603   693  1561 D dalvikvm: GC_EXPLICIT freed 58K, 8% free 9716K/10503K, paused 2ms+3ms
02-21 17:27:58.607   693  1561 I Gmail   : MainSyncRequestProto: lowestBkwdConvoId: 0, highestHandledServerOp: 2208896, normalSync: true
02-21 17:27:58.638   742   742 D OpenGLRenderer: Flushing caches (mode 1)
02-21 17:28:01.075   693   695 D dalvikvm: GC_CONCURRENT freed 340K, 8% free 9762K/10503K, paused 1ms+4ms
02-21 17:28:01.466   693   695 D dalvikvm: GC_CONCURRENT freed 410K, 8% free 9761K/10503K, paused 2ms+3ms
02-21 17:28:01.611   693   695 D dalvikvm: GC_CONCURRENT freed 405K, 8% free 9744K/10503K, paused 1ms+3ms
02-21 17:28:01.743   693   695 D dalvikvm: GC_CONCURRENT freed 382K, 8% free 9758K/10503K, paused 2ms+2ms
02-21 17:28:01.857   693   695 D dalvikvm: GC_CONCURRENT freed 395K, 8% free 9766K/10503K, paused 2ms+2ms
02-21 17:28:01.939   693  1561 D dalvikvm: GC_FOR_ALLOC freed 369K, 7% free 9772K/10503K, paused 17ms
02-21 17:28:02.001   693  1561 D dalvikvm: GC_FOR_ALLOC freed 338K, 8% free 9763K/10503K, paused 17ms
02-21 17:28:02.044   693  1561 D dalvikvm: GC_FOR_ALLOC freed 341K, 8% free 9750K/10503K, paused 16ms
02-21 17:28:02.087   693  1561 D dalvikvm: GC_FOR_ALLOC freed 338K, 8% free 9740K/10503K, paused 16ms
02-21 17:28:02.138   693  1561 D dalvikvm: GC_FOR_ALLOC freed 336K, 8% free 9740K/10503K, paused 16ms
02-21 17:28:02.189   693  1561 D dalvikvm: GC_FOR_ALLOC freed 348K, 8% free 9753K/10503K, paused 16ms
02-21 17:28:02.493   693   695 D dalvikvm: GC_CONCURRENT freed 370K, 7% free 9798K/10503K, paused 1ms+2ms
02-21 17:28:02.614   693   695 D dalvikvm: GC_CONCURRENT freed 415K, 7% free 9773K/10503K, paused 2ms+2ms
02-21 17:28:02.903   693   695 D dalvikvm: GC_CONCURRENT freed 439K, 7% free 9771K/10503K, paused 1ms+8ms
02-21 17:28:03.157   693  1561 D dalvikvm: GC_EXPLICIT freed 360K, 8% free 9732K/10503K, paused 2ms+3ms
02-21 17:28:03.161   693  1561 I Gmail   : MainSyncRequestProto: lowestBkwdConvoId: 0, highestHandledServerOp: 2208912, normalSync: true
02-21 17:28:03.189   742   742 D OpenGLRenderer: Flushing caches (mode 1)
02-21 17:28:05.068   693   695 D dalvikvm: GC_CONCURRENT freed 332K, 7% free 9807K/10503K, paused 3ms+6ms
02-21 17:28:05.169   693   695 D dalvikvm: GC_CONCURRENT freed 433K, 7% free 9780K/10503K, paused 2ms+3ms
02-21 17:28:07.212   693   695 D dalvikvm: GC_CONCURRENT freed 430K, 8% free 9764K/10503K, paused 2ms+3ms
02-21 17:28:07.478   693   695 D dalvikvm: GC_CONCURRENT freed 391K, 7% free 9778K/10503K, paused 1ms+3ms
02-21 17:28:07.599   693   695 D dalvikvm: GC_CONCURRENT freed 429K, 8% free 9761K/10503K, paused 2ms+3ms
02-21 17:28:07.673   693  1561 D dalvikvm: GC_FOR_ALLOC freed 362K, 8% free 9739K/10503K, paused 16ms
02-21 17:28:07.720   693  1561 D dalvikvm: GC_FOR_ALLOC freed 322K, 8% free 9741K/10503K, paused 16ms
02-21 17:28:07.759   693  1561 D dalvikvm: GC_FOR_ALLOC freed 230K, 7% free 9810K/10503K, paused 16ms
02-21 17:28:07.794   693  1561 D dalvikvm: GC_FOR_ALLOC freed 222K, 7% free 9790K/10503K, paused 16ms
02-21 17:28:07.833   693  1561 D dalvikvm: GC_FOR_ALLOC freed 213K, 7% free 9816K/10503K, paused 16ms
02-21 17:28:07.864   693  1561 D dalvikvm: GC_FOR_ALLOC freed 232K, 8% free 9753K/10503K, paused 17ms
02-21 17:28:07.892   693  1561 D dalvikvm: GC_FOR_ALLOC freed 107K, 7% free 9817K/10503K, paused 16ms
02-21 17:28:07.919   693  1561 D dalvikvm: GC_FOR_ALLOC freed 231K, 8% free 9716K/10503K, paused 16ms
02-21 17:28:07.950   693  1561 D dalvikvm: GC_FOR_ALLOC freed 88K, 6% free 9877K/10503K, paused 16ms
02-21 17:28:07.974   693  1561 D dalvikvm: GC_FOR_ALLOC freed 230K, 8% free 9717K/10503K, paused 16ms
02-21 17:28:08.009   693  1561 D dalvikvm: GC_FOR_ALLOC freed 130K, 7% free 9837K/10503K, paused 16ms
02-21 17:28:08.036   693  1561 D dalvikvm: GC_FOR_ALLOC freed 272K, 8% free 9717K/10503K, paused 16ms
02-21 17:28:08.071   693  1561 D dalvikvm: GC_FOR_ALLOC freed 57K, 7% free 9867K/10503K, paused 16ms
02-21 17:28:08.071   693  1561 I dalvikvm-heap: Grow heap (frag case) to 9.806MB for 103000-byte allocation
02-21 17:28:08.087   693  1561 D dalvikvm: GC_FOR_ALLOC freed 50K, 7% free 9917K/10631K, paused 16ms
02-21 17:28:08.118   693  1561 D dalvikvm: GC_FOR_ALLOC freed 283K, 9% free 9768K/10631K, paused 16ms
02-21 17:28:08.150   693  1561 D dalvikvm: GC_FOR_ALLOC freed 155K, 8% free 9865K/10631K, paused 16ms
02-21 17:28:08.439   693   695 D dalvikvm: GC_CONCURRENT freed 524K, 9% free 9756K/10631K, paused 2ms+2ms
02-21 17:28:08.653   693  1561 D dalvikvm: GC_EXPLICIT freed 91K, 9% free 9726K/10631K, paused 2ms+2ms
02-21 17:28:08.661   693  1561 I Gmail   : MainSyncRequestProto: lowestBkwdConvoId: 0, highestHandledServerOp: 2208928, normalSync: true
02-21 17:28:08.693   742   742 D OpenGLRenderer: Flushing caches (mode 1)
02-21 17:28:09.107   693  1561 D dalvikvm: GC_EXPLICIT freed 105K, 9% free 9733K/10631K, paused 2ms+2ms
02-21 17:28:09.111   693  1561 I Gmail   : MainSyncRequestProto: lowestBkwdConvoId: 0, highestHandledServerOp: 2208928, normalSync: true
02-21 17:28:09.150   693  1561 W Gmail   : Scheduling index for 300000 ms from now
02-21 17:28:09.196   693  1561 I Gmail   : Sending notification intent: Intent { act=android.intent.action.PROVIDER_CHANGED dat=content://gmail-ls/unread/^i (has extras) }
02-21 17:28:09.251   693  1561 I Gmail   : Sending notification intent: Intent { act=android.intent.action.PROVIDER_CHANGED dat=content://gmail-ls/unread/^iim (has extras) }
02-21 17:28:09.286   693  1568 W Gmail   : Showing notification with unreadCount of 6 and unseenCount of 5
02-21 17:28:09.333   145  1570 I ActivityManager: Start proc android.process.media for content provider com.android.providers.media/.MediaProvider: pid=1571 uid=10010 gids={1015, 1023, 1024, 2001, 3003, 3007}
02-21 17:28:09.427  1571  1571 I ActivityThread: Pub media: com.android.providers.media.MediaProvider
02-21 17:28:09.528   214   216 D dalvikvm: GC_CONCURRENT freed 147K, 6% free 9913K/10439K, paused 2ms+3ms
02-21 17:28:09.665  1571  1571 I ActivityThread: Pub downloads: com.android.providers.downloads.DownloadProvider
02-21 17:28:09.743   742   742 D OpenGLRenderer: Flushing caches (mode 1)
02-21 17:28:09.747  1571  1571 I ActivityThread: Pub drm: com.android.providers.drm.DrmProvider
02-21 17:28:09.747  1571  1587 I DownloadManager: in removeSpuriousFiles
02-21 17:28:09.751   214   214 D dalvikvm: GC_FOR_ALLOC freed 509K, 8% free 9735K/10503K, paused 54ms
02-21 17:28:09.759  1571  1573 D dalvikvm: GC_CONCURRENT freed 361K, 5% free 9148K/9607K, paused 2ms+10ms
02-21 17:28:10.071   145  1570 I AudioService:  AudioFocus  requestAudioFocus() from android.media.AudioManager@4153df68
02-21 17:28:10.114    82   126 D AudioHardware: AudioHardware pcm playback is exiting standby.
02-21 17:28:10.114    82   126 D AudioHardware: openPcmOut_l() mPcmOpenCnt: 0
02-21 17:28:10.224  1571  1598 I DownloadManager: Initiating request for download 1
02-21 17:28:10.591   449   452 D dalvikvm: GC_CONCURRENT freed 351K, 11% free 10095K/11335K, paused 2ms+3ms
02-21 17:28:10.849  1571  1573 D dalvikvm: GC_CONCURRENT freed 316K, 5% free 9227K/9671K, paused 2ms+5ms
02-21 17:28:11.903   742   742 D OpenGLRenderer: Flushing caches (mode 1)
02-21 17:28:11.982   145   316 D dalvikvm: GC_EXPLICIT freed 603K, 8% free 13970K/15111K, paused 2ms+6ms
02-21 17:28:11.993   742   742 D OpenGLRenderer: Flushing caches (mode 1)
02-21 17:28:12.001   145  1570 I AudioService:  AudioFocus  abandonAudioFocus() from android.media.AudioManager@4153df68
02-21 17:28:12.052  1571  1607 I DownloadManager: deleting /data/data/com.android.providers.downloads/cache/downloadfile.jpeg
02-21 17:28:12.103   548   550 D dalvikvm: GC_CONCURRENT freed 390K, 6% free 9279K/9799K, paused 26ms+2ms
02-21 17:28:12.361   449   452 D dalvikvm: GC_CONCURRENT freed 327K, 11% free 10152K/11335K, paused 2ms+10ms
02-21 17:28:12.415   742   742 D dalvikvm: GC_EXPLICIT freed 342K, 7% free 9691K/10311K, paused 2ms+3ms
02-21 17:28:12.446  1571  1610 I DownloadManager: Initiating request for download 2
02-21 17:28:13.126  1571  1573 D dalvikvm: GC_CONCURRENT freed 355K, 5% free 9321K/9799K, paused 2ms+5ms
02-21 17:28:13.642   742   742 D OpenGLRenderer: Flushing caches (mode 1)
02-21 17:28:13.825   742   742 D OpenGLRenderer: Flushing caches (mode 1)
02-21 17:28:13.825  1571  1617 I DownloadManager: deleting /data/data/com.android.providers.downloads/cache/downloadfile.jpeg
02-21 17:28:13.853   693   695 D dalvikvm: GC_CONCURRENT freed 320K, 8% free 9807K/10631K, paused 3ms+7ms
02-21 17:28:13.911  1277  1279 D dalvikvm: GC_CONCURRENT freed 438K, 8% free 9726K/10503K, paused 2ms+4ms
02-21 17:28:15.091    82   126 D AudioHardware: AudioHardware pcm playback is going to standby.
02-21 17:28:15.091    82   126 D AudioHardware: closePcmOut_l() mPcmOpenCnt: 1
02-21 17:28:16.157  1571  1620 I DownloadManager: Initiating request for download 3
02-21 17:28:16.196  1277  1279 D dalvikvm: GC_CONCURRENT freed 382K, 8% free 9728K/10503K, paused 2ms+3ms
02-21 17:28:16.470   693  1622 I Gmail   : MainSyncRequestProto: lowestBkwdConvoId: 0, highestHandledServerOp: 2208928, normalSync: true
02-21 17:28:16.513   742   742 D OpenGLRenderer: Flushing caches (mode 1)
02-21 17:28:17.157   693  1622 D dalvikvm: GC_EXPLICIT freed 132K, 9% free 9777K/10631K, paused 2ms+3ms
02-21 17:28:17.173   693  1622 I Gmail   : MainSyncRequestProto: lowestBkwdConvoId: 0, highestHandledServerOp: 2208944, normalSync: true
02-21 17:28:17.189  1571  1573 D dalvikvm: GC_CONCURRENT freed 426K, 6% free 9322K/9863K, paused 2ms+3ms
02-21 17:28:17.239   742   742 D OpenGLRenderer: Flushing caches (mode 1)
02-21 17:28:17.286   742   742 D OpenGLRenderer: Flushing caches (mode 1)
02-21 17:28:17.337  1571  1627 I DownloadManager: deleting /data/data/com.android.providers.downloads/cache/downloadfile.jpeg
02-21 17:28:17.528  1571  1629 I DownloadManager: Initiating request for download 4
02-21 17:28:17.653   693  1622 D dalvikvm: GC_EXPLICIT freed 160K, 8% free 9785K/10631K, paused 2ms+3ms
02-21 17:28:17.661   693  1622 I Gmail   : MainSyncRequestProto: lowestBkwdConvoId: 0, highestHandledServerOp: 2208944, normalSync: true
02-21 17:28:17.669   693  1622 W Gmail   : Scheduling index for 300000 ms from now
02-21 17:28:17.853   742   742 D OpenGLRenderer: Flushing caches (mode 1)
02-21 17:28:17.954  1277  1631 D dalvikvm: GC_EXPLICIT freed 104K, 8% free 9694K/10503K, paused 4ms+6ms
02-21 17:28:17.982   548   586 I CalendarProvider2: No events to update: uri=content://com.android.calendar/events?account_name=steven.y.ko%40gmail.com&account_type=com.google&caller_is_syncadapter=true selection=_sync_id IS NOT NULL AND calendar_id=1 selectionArgs=null
02-21 17:28:19.177  1277  1279 D dalvikvm: GC_CONCURRENT freed 253K, 7% free 9858K/10503K, paused 2ms+6ms
02-21 17:28:19.329   742   742 D OpenGLRenderer: Flushing caches (mode 1)
02-21 17:28:19.423   145   397 D dalvikvm: GC_EXPLICIT freed 1038K, 9% free 13991K/15303K, paused 3ms+6ms
02-21 17:28:19.427  1571  1637 I DownloadManager: deleting /data/data/com.android.providers.downloads/cache/downloadfile.jpeg
02-21 17:28:19.478   548   559 D dalvikvm: GC_EXPLICIT freed 433K, 6% free 9232K/9799K, paused 4ms+2ms
02-21 17:28:19.486  1571  1573 D dalvikvm: GC_CONCURRENT freed 420K, 6% free 9309K/9863K, paused 1ms+6ms
02-21 17:28:19.650  1571  1639 I DownloadManager: Initiating request for download 5
02-21 17:28:19.771   548   550 D dalvikvm: GC_CONCURRENT freed 215K, 4% free 9451K/9799K, paused 1ms+4ms
02-21 17:28:20.048   548   550 D dalvikvm: GC_CONCURRENT freed 431K, 6% free 9428K/9991K, paused 1ms+4ms
02-21 17:28:20.427  1277  1279 D dalvikvm: GC_CONCURRENT freed 475K, 7% free 9770K/10503K, paused 6ms+2ms
02-21 17:28:20.536   548   550 D dalvikvm: GC_CONCURRENT freed 609K, 8% free 9259K/9991K, paused 1ms+5ms
02-21 17:28:21.001   548   550 D dalvikvm: GC_CONCURRENT freed 264K, 7% free 9381K/9991K, paused 3ms+2ms
02-21 17:28:21.130   145   365 D dalvikvm: GC_EXPLICIT freed 185K, 9% free 13947K/15303K, paused 3ms+5ms
02-21 17:28:21.161  1571  1645 I DownloadManager: deleting /data/data/com.android.providers.downloads/cache/downloadfile.jpeg
02-21 17:28:21.200   693  1206 D dalvikvm: GC_EXPLICIT freed 184K, 8% free 9786K/10631K, paused 5ms+4ms
02-21 17:28:21.216   742   742 D OpenGLRenderer: Flushing caches (mode 1)
02-21 17:28:21.419  1571  1647 I DownloadManager: Initiating request for download 6
02-21 17:28:21.458   742   742 D OpenGLRenderer: Flushing caches (mode 1)
02-21 17:28:21.501   548   560 I CalendarProvider2: No events to update: uri=content://com.android.calendar/events?account_name=steven.y.ko%40gmail.com&account_type=com.google&caller_is_syncadapter=true selection=_sync_id IS NOT NULL AND calendar_id=2 selectionArgs=null
02-21 17:28:21.782  1571  1573 D dalvikvm: GC_CONCURRENT freed 430K, 6% free 9324K/9863K, paused 2ms+6ms
02-21 17:28:22.064   742   742 D OpenGLRenderer: Flushing caches (mode 1)
02-21 17:28:22.146   548   559 I CalendarProvider2: No events to update: uri=content://com.android.calendar/events?account_name=steven.y.ko%40gmail.com&account_type=com.google&caller_is_syncadapter=true selection=_sync_id IS NOT NULL AND calendar_id=3 selectionArgs=null
02-21 17:28:22.150  1277  1279 D dalvikvm: GC_CONCURRENT freed 437K, 8% free 9720K/10503K, paused 2ms+5ms
02-21 17:28:22.501   742   742 D OpenGLRenderer: Flushing caches (mode 1)
02-21 17:28:22.583  1571  1658 I DownloadManager: deleting /data/data/com.android.providers.downloads/cache/downloadfile.jpeg
02-21 17:28:22.763  1571  1660 I DownloadManager: Initiating request for download 7
02-21 17:28:22.833   548   550 D dalvikvm: GC_CONCURRENT freed 468K, 7% free 9298K/9991K, paused 1ms+3ms
02-21 17:28:23.079   742   742 D OpenGLRenderer: Flushing caches (mode 1)
02-21 17:28:23.138   548   559 I CalendarProvider2: No events to update: uri=content://com.android.calendar/events?account_name=steven.y.ko%40gmail.com&account_type=com.google&caller_is_syncadapter=true selection=_sync_id IS NOT NULL AND calendar_id=4 selectionArgs=null
02-21 17:28:23.243  1571  1573 D dalvikvm: GC_CONCURRENT freed 411K, 6% free 9329K/9863K, paused 2ms+10ms
02-21 17:28:23.696   548   586 D dalvikvm: GC_EXPLICIT freed 337K, 8% free 9229K/9991K, paused 2ms+3ms
02-21 17:28:23.775   449   524 D dalvikvm: GC_EXPLICIT freed 179K, 11% free 10091K/11335K, paused 2ms+3ms
02-21 17:28:23.802   742   742 D OpenGLRenderer: Flushing caches (mode 1)
02-21 17:28:23.821   742   744 D dalvikvm: GC_CONCURRENT freed 637K, 9% free 9443K/10311K, paused 2ms+2ms
02-21 17:28:24.107   742   742 D OpenGLRenderer: Flushing caches (mode 1)
02-21 17:28:24.118  1571  1671 I DownloadManager: deleting /data/data/com.android.providers.downloads/cache/downloadfile.jpeg
02-21 17:28:24.169   145   396 D dalvikvm: GC_EXPLICIT freed 423K, 9% free 13965K/15303K, paused 3ms+5ms
02-21 17:28:24.314  1277  1279 D dalvikvm: GC_CONCURRENT freed 349K, 8% free 9756K/10503K, paused 7ms+3ms
02-21 17:28:24.435  1571  1673 I DownloadManager: Initiating request for download 8
02-21 17:28:24.646   742   742 D OpenGLRenderer: Flushing caches (mode 1)
02-21 17:28:24.681   548  1676 W ContentResolver: Failed to get type for: content://com.android.calendar/1329875700000 (Unknown URL content://com.android.calendar/1329875700000)
02-21 17:28:25.239   742   742 D OpenGLRenderer: Flushing caches (mode 1)
02-21 17:28:25.294  1571  1573 D dalvikvm: GC_CONCURRENT freed 420K, 6% free 9324K/9863K, paused 2ms+3ms
02-21 17:28:25.829   548   550 D dalvikvm: GC_CONCURRENT freed 317K, 7% free 9299K/9991K, paused 1ms+5ms
02-21 17:28:26.150   214   216 D dalvikvm: GC_CONCURRENT freed 167K, 6% free 9972K/10503K, paused 1ms+3ms
02-21 17:28:26.181   214   214 D dalvikvm: GC_FOR_ALLOC freed 195K, 6% free 9955K/10503K, paused 15ms
02-21 17:28:26.212   214   214 D dalvikvm: GC_FOR_ALLOC freed 155K, 6% free 9955K/10503K, paused 17ms
02-21 17:28:26.243   214   214 D dalvikvm: GC_FOR_ALLOC freed 124K, 6% free 9955K/10503K, paused 15ms
02-21 17:28:26.341  1277  1279 D dalvikvm: GC_CONCURRENT freed 404K, 8% free 9736K/10503K, paused 2ms+2ms
02-21 17:28:26.380   214   214 D dalvikvm: GC_FOR_ALLOC freed 197K, 6% free 9954K/10503K, paused 16ms
02-21 17:28:26.489  1277  1683 D dalvikvm: GC_EXPLICIT freed 40K, 8% free 9698K/10503K, paused 6ms+6ms
02-21 17:28:26.532   742   742 D OpenGLRenderer: Flushing caches (mode 1)
02-21 17:28:26.568  1571  1686 I DownloadManager: deleting /data/data/com.android.providers.downloads/cache/downloadfile.jpeg
02-21 17:28:26.607   742   742 D OpenGLRenderer: Flushing caches (mode 1)
02-21 17:28:26.821  1571  1690 D dalvikvm: GC_EXPLICIT freed 243K, 7% free 9264K/9863K, paused 2ms+7ms
02-21 17:28:26.825  1571  1690 I DownloadManager: Initiating request for download 9
02-21 17:28:27.189   693  1692 I Gmail   : MainSyncRequestProto: lowestBkwdConvoId: 0, highestHandledServerOp: 2208944, normalSync: true
02-21 17:28:27.232   742   742 D OpenGLRenderer: Flushing caches (mode 1)
02-21 17:28:27.946   693  1692 D dalvikvm: GC_EXPLICIT freed 358K, 8% free 9807K/10631K, paused 2ms+3ms
02-21 17:28:27.954   693  1692 I Gmail   : MainSyncRequestProto: lowestBkwdConvoId: 0, highestHandledServerOp: 2208964, normalSync: true
02-21 17:28:28.204   742   742 D OpenGLRenderer: Flushing caches (mode 1)
02-21 17:28:29.489   145   176 I power   : *** set_screen_state 1
02-21 17:28:29.517   145   176 I WindowManager: Lock screen displayed!
02-21 17:28:29.685    79   121 D SurfaceFlinger: Screen about to return, flinger = 0xa28918
02-21 17:28:30.950   145   365 D dalvikvm: GC_EXPLICIT freed 633K, 10% free 13865K/15303K, paused 2ms+7ms
02-21 17:28:30.958    82   126 D AudioHardware: AudioHardware pcm playback is exiting standby.
02-21 17:28:30.958    82   126 D AudioHardware: openPcmOut_l() mPcmOpenCnt: 0
02-21 17:28:30.958   214   214 D PhoneStatusBar: disable: < expand icons alerts ticker system_info BACK HOME recent* CLOCK >
02-21 17:28:30.989   145   156 W InputManagerService: Window already focused, ignoring focus gain of: com.android.internal.view.IInputMethodClient$Stub$Proxy@416b1158
02-21 17:28:30.993   214   214 D PhoneStatusBar: disable: < expand icons alerts ticker system_info back* home* recent clock* >
02-21 17:28:31.005   330  1485 D NfcService: NFC-C ON
02-21 17:28:31.220  1571  1699 I DownloadManager: deleting /data/data/com.android.providers.downloads/cache/downloadfile.jpeg
02-21 17:28:31.282   742   742 D OpenGLRenderer: Flushing caches (mode 1)
02-21 17:28:31.314   693  1692 D dalvikvm: GC_EXPLICIT freed 182K, 8% free 9793K/10631K, paused 3ms+26ms
02-21 17:28:31.337   693  1692 I Gmail   : MainSyncRequestProto: lowestBkwdConvoId: 0, highestHandledServerOp: 2208964, normalSync: true
02-21 17:28:31.361   693  1692 W Gmail   : Scheduling index for 300000 ms from now
02-21 17:28:31.571   145  1701 I AudioService:  AudioFocus  abandonAudioFocus() from android.media.AudioManager@4153df68
02-21 17:28:31.708  1571  1702 I DownloadManager: Initiating request for download 10
02-21 17:28:31.954  1571  1573 D dalvikvm: GC_CONCURRENT freed 364K, 6% free 9285K/9863K, paused 2ms+6ms
02-21 17:28:33.165   742   742 D OpenGLRenderer: Flushing caches (mode 1)
02-21 17:28:33.228  1571  1707 I DownloadManager: deleting /data/data/com.android.providers.downloads/cache/downloadfile.jpeg
02-21 17:28:33.493  1571  1709 I DownloadManager: Initiating request for download 11
02-21 17:28:33.872  1571  1573 D dalvikvm: GC_CONCURRENT freed 418K, 6% free 9317K/9863K, paused 3ms+2ms
02-21 17:28:34.122    82   126 D AudioHardware: AudioHardware pcm playback is going to standby.
02-21 17:28:34.122    82   126 D AudioHardware: closePcmOut_l() mPcmOpenCnt: 1
02-21 17:28:34.685   742   742 D OpenGLRenderer: Flushing caches (mode 1)
02-21 17:28:34.712  1571  1714 I DownloadManager: deleting /data/data/com.android.providers.downloads/cache/downloadfile.jpeg
02-21 17:28:35.056  1571  1716 I DownloadManager: Initiating request for download 12
02-21 17:28:35.790   145  1061 I ActivityManager: START {act=android.net.wifi.PICK_WIFI_NETWORK cmp=com.android.settings/.wifi.WifiPickerActivity bnds=[0,119][480,215]} from pid -1
02-21 17:28:35.794   145  1061 W ActivityManager: startActivity called from non-Activity context; forcing Intent.FLAG_ACTIVITY_NEW_TASK for: Intent { act=android.net.wifi.PICK_WIFI_NETWORK cmp=com.android.settings/.wifi.WifiPickerActivity bnds=[0,119][480,215] }
02-21 17:28:35.802    82   126 D AudioHardware: AudioHardware pcm playback is exiting standby.
02-21 17:28:35.802    82   126 D AudioHardware: openPcmOut_l() mPcmOpenCnt: 0
02-21 17:28:35.833   145   397 W KeyguardViewMediator: verifyUnlock called when not externally disabled
02-21 17:28:36.052   214   214 D dalvikvm: GC_FOR_ALLOC freed 344K, 6% free 9898K/10503K, paused 56ms
02-21 17:28:36.165  1335  1335 D OpenGLRenderer: Flushing caches (mode 1)
02-21 17:28:36.310  1335  1335 D OpenGLRenderer: Flushing caches (mode 0)
02-21 17:28:36.388  1365  1367 D dalvikvm: GC_CONCURRENT freed 374K, 6% free 10416K/11015K, paused 2ms+8ms
02-21 17:28:36.575   145   175 I ActivityManager: Displayed com.android.settings/.wifi.WifiPickerActivity: +749ms
02-21 17:28:37.068  1571  1573 D dalvikvm: GC_CONCURRENT freed 422K, 6% free 9306K/9863K, paused 2ms+3ms
02-21 17:28:37.357   214   216 D dalvikvm: GC_CONCURRENT freed 423K, 7% free 9860K/10503K, paused 3ms+2ms
02-21 17:28:37.778   742   742 D OpenGLRenderer: Flushing caches (mode 1)
02-21 17:28:37.986  1571  1725 I DownloadManager: deleting /data/data/com.android.providers.downloads/cache/downloadfile.jpeg
02-21 17:28:37.997  1571  1726 I DownloadManager: Initiating request for download 13
02-21 17:28:38.892    82   126 D AudioHardware: AudioHardware pcm playback is going to standby.
02-21 17:28:38.892    82   126 D AudioHardware: closePcmOut_l() mPcmOpenCnt: 1
02-21 17:28:39.493    82   126 D AudioHardware: AudioHardware pcm playback is exiting standby.
02-21 17:28:39.493    82   126 D AudioHardware: openPcmOut_l() mPcmOpenCnt: 0
02-21 17:28:39.509  1365  1365 W ResourceType: getEntry failing because entryIndex 129 is beyond type entryCount 3
02-21 17:28:39.626  1571  1573 D dalvikvm: GC_CONCURRENT freed 387K, 6% free 9342K/9863K, paused 22ms+9ms
02-21 17:28:39.661    86    86 I keystore: uid: 1000 action: s -> 1 state: 3 -> 3 retry: 4
02-21 17:28:39.661    86    86 I keystore: uid: 1000 action: s -> 1 state: 3 -> 3 retry: 4
02-21 17:28:39.864  1365  1367 D dalvikvm: GC_CONCURRENT freed 199K, 4% free 10633K/11015K, paused 4ms+4ms
02-21 17:28:40.427   145   313 D dalvikvm: GC_EXPLICIT freed 537K, 9% free 14017K/15303K, paused 3ms+9ms
02-21 17:28:40.450   742   742 D OpenGLRenderer: Flushing caches (mode 1)
02-21 17:28:40.583  1571  1733 I DownloadManager: deleting /data/data/com.android.providers.downloads/cache/downloadfile.jpeg
02-21 17:28:40.720  1571  1735 I DownloadManager: Initiating request for download 14
02-21 17:28:42.302   548   559 D dalvikvm: GC_EXPLICIT freed 329K, 8% free 9272K/9991K, paused 2ms+4ms
02-21 17:28:42.392   742   742 D OpenGLRenderer: Flushing caches (mode 1)
02-21 17:28:42.443   742   742 D OpenGLRenderer: Flushing caches (mode 1)
02-21 17:28:42.454  1571  1742 I DownloadManager: deleting /data/data/com.android.providers.downloads/cache/downloadfile.jpeg
02-21 17:28:42.583    82   126 D AudioHardware: AudioHardware pcm playback is going to standby.
02-21 17:28:42.583    82   126 D AudioHardware: closePcmOut_l() mPcmOpenCnt: 1
02-21 17:28:43.931   290   292 D dalvikvm: GC_CONCURRENT freed 381K, 6% free 10537K/11143K, paused 2ms+3ms
02-21 17:28:44.337   214   214 D dalvikvm: GC_FOR_ALLOC freed 208K, 6% free 9905K/10503K, paused 53ms
02-21 17:28:44.517   214   214 D dalvikvm: GC_FOR_ALLOC freed 313K, 6% free 9895K/10503K, paused 38ms
02-21 17:28:44.685   449   452 D dalvikvm: GC_CONCURRENT freed 329K, 11% free 10152K/11335K, paused 33ms+3ms
02-21 17:28:44.728  1571  1573 D dalvikvm: GC_CONCURRENT freed 438K, 6% free 9359K/9927K, paused 4ms+10ms
02-21 17:28:44.763   693   695 D dalvikvm: GC_CONCURRENT freed 351K, 8% free 9827K/10631K, paused 2ms+4ms
02-21 17:28:44.849  1571  1744 I DownloadManager: Initiating request for download 15
02-21 17:28:48.841  1571  1750 I DownloadManager: deleting /data/data/com.android.providers.downloads/cache/downloadfile.jpeg
02-21 17:28:48.872   742   742 D OpenGLRenderer: Flushing caches (mode 1)
02-21 17:28:49.294  1571  1752 I DownloadManager: Initiating request for download 16
02-21 17:28:49.806  1571  1573 D dalvikvm: GC_CONCURRENT freed 475K, 7% free 9320K/9927K, paused 1ms+3ms
02-21 17:28:49.923  1365  1367 D dalvikvm: GC_CONCURRENT freed 369K, 5% free 10696K/11207K, paused 2ms+8ms
02-21 17:28:54.782   742   742 D OpenGLRenderer: Flushing caches (mode 1)
02-21 17:28:54.829  1571  1758 I DownloadManager: deleting /data/data/com.android.providers.downloads/cache/downloadfile.jpeg
02-21 17:28:54.939   290   292 D dalvikvm: GC_CONCURRENT freed 456K, 6% free 10569K/11143K, paused 2ms+13ms
02-21 17:28:55.087  1571  1760 I DownloadManager: Initiating request for download 17
02-21 17:28:55.919   548   548 I CalendarProvider2: Sending notification intent: Intent { act=android.intent.action.PROVIDER_CHANGED dat=content://com.android.calendar }
02-21 17:28:55.935   548   548 W ContentResolver: Failed to get type for: content://com.android.calendar (Unknown URL content://com.android.calendar)
02-21 17:28:56.443    82   126 D AudioHardware: AudioHardware pcm playback is exiting standby.
02-21 17:28:56.443    82   126 D AudioHardware: openPcmOut_l() mPcmOpenCnt: 0
02-21 17:28:56.466   145   199 D WifiConfigStore: IP config changed SSID = "UB_Secure" linkProperties: LinkAddresses: [] Routes: [] DnsAddresses: [] 
02-21 17:28:56.466   145   199 D WifiConfigStore: proxy changed SSID = "UB_Secure"
02-21 17:28:56.638   290   290 I LatinIME: InputType.TYPE_NULL is specified
02-21 17:28:56.638   290   290 W LatinIME: Unexpected input class: inputType=0x00000000 imeOptions=0x00000000
02-21 17:28:56.946   214   214 D dalvikvm: GC_FOR_ALLOC freed 224K, 6% free 9909K/10503K, paused 50ms
02-21 17:28:57.028  1390  1390 I wpa_supplicant: wlan0: Trying to associate with d0:c2:82:66:6b:f1 (SSID='UB_Secure' freq=2462 MHz)
02-21 17:28:57.075   214   216 D dalvikvm: GC_CONCURRENT freed 415K, 6% free 9885K/10503K, paused 2ms+5ms
02-21 17:28:57.161    76   118 D CommandListener: Clearing all IP addresses on wlan0
02-21 17:28:57.193   145   201 D ConnectivityService: ConnectivityChange for WIFI: DISCONNECTED/DISCONNECTED
02-21 17:28:57.193   145   201 D ConnectivityService: Attempting to switch to mobile
02-21 17:28:57.232   145   201 D ConnectivityService: Attempting to switch to WIMAX
02-21 17:28:57.232   145   201 D ConnectivityService: Attempting to switch to BLUETOOTH_TETHER
02-21 17:28:57.298   145   197 D NetworkPolicy: applying policy NetworkPolicy[NetworkTemplate: matchRule=MOBILE_ALL, subscriberId=valid]: cycleDay=21, warningBytes=2147483648, limitBytes=-1, lastSnooze=-1 to ifaces [rmnet0]
02-21 17:28:57.364   145   197 D NetworkPolicy: applying policy NetworkPolicy[NetworkTemplate: matchRule=MOBILE_ALL, subscriberId=valid]: cycleDay=21, warningBytes=2147483648, limitBytes=-1, lastSnooze=-1 to ifaces [rmnet0]
02-21 17:28:57.478   145   147 D dalvikvm: GC_CONCURRENT freed 1945K, 14% free 13321K/15367K, paused 2ms+23ms
02-21 17:28:57.505  1365  1367 D dalvikvm: GC_CONCURRENT freed 448K, 5% free 10727K/11271K, paused 2ms+16ms
02-21 17:28:59.064  1571  1573 D dalvikvm: GC_CONCURRENT freed 390K, 7% free 9322K/9927K, paused 2ms+13ms
02-21 17:28:59.532    82   126 D AudioHardware: AudioHardware pcm playback is going to standby.
02-21 17:28:59.536    82   126 D AudioHardware: closePcmOut_l() mPcmOpenCnt: 1
02-21 17:29:00.298   145   205 D Tethering: MasterInitialState.processMessage what=3
02-21 17:29:00.392   145   316 I ActivityManager: Start proc com.google.android.apps.uploader for broadcast com.google.android.apps.uploader/.ConnectivityBroadcastReceiver: pid=1766 uid=10027 gids={3003}
02-21 17:29:00.400  1766  1766 I dalvikvm: Turning on JNI app bug workarounds for target SDK version 11...
02-21 17:29:00.458  1766  1766 I ActivityThread: Pub com.google.android.apps.uploader: com.google.android.apps.uploader.UploadsContentProvider
02-21 17:29:00.458  1766  1766 I ActivityThread: Pub com.google.photos.provider.Album: com.google.android.apps.uploader.clients.picasa.AlbumProvider
02-21 17:29:00.466  1766  1766 D MediaUploader: UploaderApplication.onCreate
02-21 17:29:00.486   145   205 D Tethering: MasterInitialState.processMessage what=3
02-21 17:29:00.513   449   452 D dalvikvm: GC_CONCURRENT freed 438K, 11% free 10164K/11335K, paused 2ms+29ms
02-21 17:29:00.532  1766  1766 D MediaUploader: nonWifiLimit=20971520, default=20971520
02-21 17:29:00.536  1766  1766 I MediaUploader: No need to wake up
02-21 17:29:00.544   801   801 I PhoneLab-WiFiReceiver: WiFi is disconnected!
02-21 17:29:00.646   145   447 D dalvikvm: GC_EXPLICIT freed 233K, 14% free 13252K/15367K, paused 3ms+5ms
02-21 17:29:00.653  1766  1766 I MediaUploader: No need to wake up
02-21 17:29:00.837   145   201 D ConnectivityService: handleInetConditionHoldEnd: net=0, condition=100, published condition=100
02-21 17:29:02.993    82   126 D AudioHardware: AudioHardware pcm playback is exiting standby.
02-21 17:29:02.993    82   126 D AudioHardware: openPcmOut_l() mPcmOpenCnt: 0
02-21 17:29:03.079   742   742 D OpenGLRenderer: Flushing caches (mode 1)
02-21 17:29:03.247  1571  1788 I DownloadManager: deleting /data/data/com.android.providers.downloads/cache/downloadfile.jpeg
02-21 17:29:04.450  1571  1791 I DownloadManager: Initiating request for download 18
02-21 17:29:05.071  1571  1573 D dalvikvm: GC_CONCURRENT freed 396K, 7% free 9317K/9927K, paused 2ms+15ms
02-21 17:29:05.611  1390  1390 I wpa_supplicant: wlan0: Trying to associate with d0:c2:82:66:6b:f1 (SSID='UB_Secure' freq=2462 MHz)
02-21 17:29:05.778  1365  1367 D dalvikvm: GC_CONCURRENT freed 514K, 6% free 10727K/11335K, paused 2ms+6ms
02-21 17:29:06.556  1571  1583 D dalvikvm: GC_EXPLICIT freed 242K, 7% free 9246K/9927K, paused 2ms+4ms
02-21 17:29:06.673   742   742 D OpenGLRenderer: Flushing caches (mode 1)
02-21 17:29:06.681  1571  1797 I DownloadManager: deleting /data/data/com.android.providers.downloads/cache/downloadfile.jpeg
02-21 17:29:06.997  1571  1799 I DownloadManager: Initiating request for download 19
02-21 17:29:08.126    82   126 D AudioHardware: AudioHardware pcm playback is going to standby.
02-21 17:29:08.126    82   126 D AudioHardware: closePcmOut_l() mPcmOpenCnt: 1
02-21 17:29:08.446   742   742 D OpenGLRenderer: Flushing caches (mode 1)
02-21 17:29:08.540  1571  1573 D dalvikvm: GC_CONCURRENT freed 339K, 7% free 9299K/9927K, paused 2ms+15ms
02-21 17:29:08.591  1571  1804 I DownloadManager: deleting /data/data/com.android.providers.downloads/cache/downloadfile.jpeg
02-21 17:29:08.845  1571  1806 I DownloadManager: Initiating request for download 20
02-21 17:29:10.419   742   742 D OpenGLRenderer: Flushing caches (mode 1)
02-21 17:29:10.439  1571  1811 I DownloadManager: deleting /data/data/com.android.providers.downloads/cache/downloadfile.jpeg
02-21 17:29:10.720  1571  1573 D dalvikvm: GC_CONCURRENT freed 385K, 7% free 9303K/9927K, paused 1ms+6ms
02-21 17:29:10.771  1571  1813 I DownloadManager: Initiating request for download 21
02-21 17:29:11.778    82   126 D AudioHardware: AudioHardware pcm playback is exiting standby.
02-21 17:29:11.778    82   126 D AudioHardware: openPcmOut_l() mPcmOpenCnt: 0
02-21 17:29:14.208   742   742 D OpenGLRenderer: Flushing caches (mode 1)
02-21 17:29:14.345   145   327 D dalvikvm: GC_EXPLICIT freed 423K, 14% free 13294K/15367K, paused 3ms+6ms
02-21 17:29:14.466   693   695 D dalvikvm: GC_CONCURRENT freed 398K, 8% free 9829K/10631K, paused 3ms+6ms
02-21 17:29:14.544   742   742 D OpenGLRenderer: Flushing caches (mode 1)
02-21 17:29:14.599  1571  1821 I DownloadManager: deleting /data/data/com.android.providers.downloads/cache/downloadfile.jpeg
02-21 17:29:14.786  1571  1823 I DownloadManager: Initiating request for download 22
02-21 17:29:14.857  1571  1573 D dalvikvm: GC_CONCURRENT freed 378K, 7% free 9314K/9927K, paused 2ms+6ms
02-21 17:29:14.868    82   126 D AudioHardware: AudioHardware pcm playback is going to standby.
02-21 17:29:14.868    82   126 D AudioHardware: closePcmOut_l() mPcmOpenCnt: 1
02-21 17:29:15.630  1390  1390 I wpa_supplicant: wlan0: Authentication with d0:c2:82:66:6b:f1 timed out.
02-21 17:29:15.646    76   118 D CommandListener: Clearing all IP addresses on wlan0
02-21 17:29:16.712    82   126 D AudioHardware: AudioHardware pcm playback is exiting standby.
02-21 17:29:16.712    82   126 D AudioHardware: openPcmOut_l() mPcmOpenCnt: 0
02-21 17:29:16.919  1365  1367 D dalvikvm: GC_CONCURRENT freed 530K, 6% free 10714K/11335K, paused 3ms+6ms
02-21 17:29:17.013  1571  1827 I DownloadManager: deleting /data/data/com.android.providers.downloads/cache/downloadfile.jpeg
02-21 17:29:17.040   742   742 D OpenGLRenderer: Flushing caches (mode 1)
02-21 17:29:17.228  1390  1390 I wpa_supplicant: wlan0: Trying to associate with d0:c2:82:2d:e4:b1 (SSID='UB_Secure' freq=2412 MHz)
02-21 17:29:17.278  1571  1831 I DownloadManager: Initiating request for download 23
02-21 17:29:17.364  1390  1390 I wpa_supplicant: wlan0: Associated with d0:c2:82:2d:e4:b1
02-21 17:29:17.364  1390  1390 I wpa_supplicant: wlan0: CTRL-EVENT-EAP-STARTED EAP authentication started
02-21 17:29:17.376    76   118 D CommandListener: Clearing all IP addresses on wlan0
02-21 17:29:17.376  1390  1390 I wpa_supplicant: wlan0: CTRL-EVENT-EAP-PROPOSED-METHOD vendor=0 method=4 -> NAK
02-21 17:29:17.384  1390  1390 I wpa_supplicant: wlan0: CTRL-EVENT-EAP-PROPOSED-METHOD vendor=0 method=25
02-21 17:29:17.384  1390  1390 I wpa_supplicant: wlan0: CTRL-EVENT-EAP-METHOD EAP vendor 0 method 25 (PEAP) selected
02-21 17:29:17.443  1390  1390 I wpa_supplicant: wlan0: CTRL-EVENT-EAP-PEER-CERT depth=2 subject='/C=US/O=Entrust.net/OU=www.entrust.net/CPS incorp. by ref. (limits liab.)/OU=(c) 1999 Entrust.net Limited/CN=Entrust.net Secure Server Certification Authority'
02-21 17:29:17.446  1390  1390 I wpa_supplicant: wlan0: CTRL-EVENT-EAP-PEER-CERT depth=2 subject='/C=US/O=Entrust.net/OU=www.entrust.net/CPS incorp. by ref. (limits liab.)/OU=(c) 1999 Entrust.net Limited/CN=Entrust.net Secure Server Certification Authority'
02-21 17:29:17.446  1390  1390 I wpa_supplicant: wlan0: CTRL-EVENT-EAP-PEER-CERT depth=1 subject='/C=US/ST=UT/L=Salt Lake City/O=The USERTRUST Network/CN=USERTrust Legacy Secure Server CA'
02-21 17:29:17.450  1390  1390 I wpa_supplicant: wlan0: CTRL-EVENT-EAP-PEER-CERT depth=0 subject='/C=US/postalCode=14260/ST=New York/L=Buffalo/street=305 Computing Center/O=SUNY AT BUFFALO/OU=Issued through UNIVERSITY AT BUFFALO E-PKI Manager/OU=Comodo PremiumSSL Legacy/CN=radius2.cit.buffalo.edu'
02-21 17:29:17.622  1390  1390 I wpa_supplicant: EAP-TLV: TLV Result - Failure
02-21 17:29:17.814  1571  1573 D dalvikvm: GC_CONCURRENT freed 398K, 7% free 9308K/9927K, paused 2ms+6ms
02-21 17:29:18.634  1390  1390 I wpa_supplicant: wlan0: CTRL-EVENT-EAP-FAILURE EAP authentication failed
02-21 17:29:19.247  1390  1390 I wpa_supplicant: wlan0: Associated with d0:c2:82:66:6b:f1
02-21 17:29:19.247  1390  1390 I wpa_supplicant: wlan0: CTRL-EVENT-EAP-STARTED EAP authentication started
02-21 17:29:19.251  1390  1390 I wpa_supplicant: wlan0: CTRL-EVENT-EAP-PROPOSED-METHOD vendor=0 method=4 -> NAK
02-21 17:29:19.259  1390  1390 I wpa_supplicant: wlan0: CTRL-EVENT-EAP-PROPOSED-METHOD vendor=0 method=25
02-21 17:29:19.259  1390  1390 I wpa_supplicant: wlan0: CTRL-EVENT-EAP-METHOD EAP vendor 0 method 25 (PEAP) selected
02-21 17:29:19.314  1390  1390 I wpa_supplicant: wlan0: CTRL-EVENT-EAP-PEER-CERT depth=2 subject='/C=US/O=Entrust.net/OU=www.entrust.net/CPS incorp. by ref. (limits liab.)/OU=(c) 1999 Entrust.net Limited/CN=Entrust.net Secure Server Certification Authority'
02-21 17:29:19.314  1390  1390 I wpa_supplicant: wlan0: CTRL-EVENT-EAP-PEER-CERT depth=2 subject='/C=US/O=Entrust.net/OU=www.entrust.net/CPS incorp. by ref. (limits liab.)/OU=(c) 1999 Entrust.net Limited/CN=Entrust.net Secure Server Certification Authority'
02-21 17:29:19.318  1390  1390 I wpa_supplicant: wlan0: CTRL-EVENT-EAP-PEER-CERT depth=1 subject='/C=US/ST=UT/L=Salt Lake City/O=The USERTRUST Network/CN=USERTrust Legacy Secure Server CA'
02-21 17:29:19.321  1390  1390 I wpa_supplicant: wlan0: CTRL-EVENT-EAP-PEER-CERT depth=0 subject='/C=US/postalCode=14260/ST=New York/L=Buffalo/street=305 Computing Center/O=SUNY AT BUFFALO/OU=Issued through UNIVERSITY AT BUFFALO E-PKI Manager/OU=Comodo PremiumSSL Legacy/CN=radius2.cit.buffalo.edu'
02-21 17:29:19.493  1390  1390 I wpa_supplicant: EAP-TLV: TLV Result - Failure
02-21 17:29:19.513   742   742 D OpenGLRenderer: Flushing caches (mode 1)
02-21 17:29:19.540  1571  1836 I DownloadManager: deleting /data/data/com.android.providers.downloads/cache/downloadfile.jpeg
02-21 17:29:19.806    82   126 D AudioHardware: AudioHardware pcm playback is going to standby.
02-21 17:29:19.806    82   126 D AudioHardware: closePcmOut_l() mPcmOpenCnt: 1
02-21 17:29:20.505  1390  1390 I wpa_supplicant: wlan0: CTRL-EVENT-EAP-FAILURE EAP authentication failed
02-21 17:29:21.325  1571  1838 I DownloadManager: Initiating request for download 24
02-21 17:29:21.782   145   180 I ActivityManager: START {act=android.intent.action.MAIN cat=[android.intent.category.HOME] flg=0x10200000 cmp=com.android.launcher/com.android.launcher2.Launcher} from pid 145
02-21 17:29:21.907  1365  1365 D OpenGLRenderer: Flushing caches (mode 0)
02-21 17:29:22.087  1365  1365 D OpenGLRenderer: Flushing caches (mode 1)
02-21 17:29:22.103  1571  1573 D dalvikvm: GC_CONCURRENT freed 379K, 7% free 9323K/9927K, paused 9ms+23ms
02-21 17:29:22.446   145   327 I ActivityManager: No longer want com.android.email (pid 973): hidden #16
02-21 17:29:22.505  1390  1390 I wpa_supplicant: wlan0: Authentication with d0:c2:82:66:6b:f1 timed out.
02-21 17:29:22.509   145   199 D SupplicantStateTracker: Failed to authenticate, disabling network 0
02-21 17:29:22.513  1390  1390 I wpa_supplicant: wlan0: CTRL-EVENT-DISCONNECTED bssid=00:00:00:00:00:00 reason=0
02-21 17:29:23.439   145  1061 I ActivityManager: No longer want com.google.android.youtube (pid 1218): hidden #16
02-21 17:29:23.501   742   742 D OpenGLRenderer: Flushing caches (mode 1)
02-21 17:29:23.579  1571  1845 I DownloadManager: deleting /data/data/com.android.providers.downloads/cache/downloadfile.jpeg
02-21 17:29:23.821  1571  1847 I DownloadManager: Initiating request for download 25
02-21 17:29:24.357   145   365 W InputManagerService: Window already focused, ignoring focus gain of: com.android.internal.view.IInputMethodClient$Stub$Proxy@4167b120
02-21 17:29:24.357   145   145 W InputManagerService: Starting input on non-focused client com.android.internal.view.IInputMethodClient$Stub$Proxy@41680c40 (uid=1000 pid=1365)
02-21 17:29:24.603  1571  1573 D dalvikvm: GC_CONCURRENT freed 406K, 7% free 9317K/9927K, paused 12ms+3ms
02-21 17:29:25.247    82   126 D AudioHardware: AudioHardware pcm playback is exiting standby.
02-21 17:29:25.247    82   126 D AudioHardware: openPcmOut_l() mPcmOpenCnt: 0
02-21 17:29:25.403  1335  1338 D dalvikvm: GC_CONCURRENT freed 436K, 40% free 12252K/20167K, paused 3ms+3ms
02-21 17:29:25.560  1335  1338 D dalvikvm: GC_CONCURRENT freed 325K, 36% free 13004K/20167K, paused 2ms+7ms
02-21 17:29:25.696  1335  1359 D dalvikvm: GC_FOR_ALLOC freed 1006K, 40% free 12182K/20167K, paused 34ms
02-21 17:29:25.700  1335  1359 I dalvikvm-heap: Grow heap (frag case) to 13.194MB for 1286224-byte allocation
02-21 17:29:25.743  1335  1415 D dalvikvm: GC_FOR_ALLOC freed 3K, 34% free 13435K/20167K, paused 26ms
02-21 17:29:25.884  1335  1338 D dalvikvm: GC_CONCURRENT freed 133K, 31% free 13962K/20167K, paused 3ms+5ms
02-21 17:29:26.130  1335  1338 D dalvikvm: GC_CONCURRENT freed 2127K, 34% free 13470K/20167K, paused 7ms+9ms
02-21 17:29:26.435  1335  1360 D dalvikvm: GC_FOR_ALLOC freed 1954K, 38% free 12598K/20167K, paused 34ms
02-21 17:29:26.618  1571  1855 I DownloadManager: deleting /data/data/com.android.providers.downloads/cache/downloadfile.jpeg
02-21 17:29:26.618  1335  1338 D dalvikvm: GC_CONCURRENT freed 952K, 37% free 12838K/20167K, paused 4ms+4ms
02-21 17:29:26.677  1335  1342 I dalvikvm: Jit: resizing JitTable from 4096 to 8192
02-21 17:29:26.739   742   742 D OpenGLRenderer: Flushing caches (mode 1)
02-21 17:29:26.759  1335  1349 D dalvikvm: GC_FOR_ALLOC freed 517K, 36% free 13061K/20167K, paused 38ms
02-21 17:29:26.880  1335  1338 D dalvikvm: GC_CONCURRENT freed 51K, 29% free 14345K/20167K, paused 1ms+13ms
02-21 17:29:27.060  1335  1338 D dalvikvm: GC_CONCURRENT freed 1836K, 30% free 14201K/20167K, paused 2ms+4ms
02-21 17:29:27.216   145   145 I ActivityManager: START {act=android.intent.action.MAIN cat=[android.intent.category.LAUNCHER] flg=0x10200000 cmp=com.android.settings/.Settings} from pid 1335
02-21 17:29:27.376  1365  1365 D dalvikvm: GC_EXPLICIT freed 324K, 7% free 10654K/11335K, paused 5ms+8ms
02-21 17:29:27.411  1335  1335 D OpenGLRenderer: Flushing caches (mode 1)
02-21 17:29:27.607   145  1215 D dalvikvm: GC_EXPLICIT freed 811K, 14% free 13343K/15367K, paused 3ms+7ms
02-21 17:29:27.634  1335  1335 D OpenGLRenderer: Flushing caches (mode 0)
02-21 17:29:27.634   145   397 W InputManagerService: Starting input on non-focused client com.android.internal.view.IInputMethodClient$Stub$Proxy@413360c0 (uid=10022 pid=1335)
02-21 17:29:27.638  1571  1859 I DownloadManager: Initiating request for download 26
02-21 17:29:28.302  1571  1573 D dalvikvm: GC_CONCURRENT freed 378K, 7% free 9326K/9927K, paused 7ms+3ms
02-21 17:29:28.868   145   327 I ActivityManager: START {act=android.intent.action.MAIN cmp=com.android.settings/.SubSettings (has extras)} from pid 1365
02-21 17:29:29.044  1365  1365 D dalvikvm: GC_FOR_ALLOC freed 92K, 6% free 10690K/11335K, paused 25ms
02-21 17:29:29.044  1365  1365 I dalvikvm-heap: Grow heap (frag case) to 10.551MB for 36880-byte allocation
02-21 17:29:29.071  1365  1365 D dalvikvm: GC_FOR_ALLOC freed 453K, 10% free 10273K/11399K, paused 24ms
02-21 17:29:29.200   145   175 I ActivityManager: Displayed com.android.settings/.SubSettings: +267ms
02-21 17:29:29.232  1571  1867 I DownloadManager: deleting /data/data/com.android.providers.downloads/cache/downloadfile.jpeg
02-21 17:29:29.255  1365  1365 D OpenGLRenderer: Flushing caches (mode 0)
02-21 17:29:29.282   742   742 D OpenGLRenderer: Flushing caches (mode 1)
02-21 17:29:29.536  1571  1870 I DownloadManager: Initiating request for download 27
02-21 17:29:30.243   145  1215 I ActivityManager: START {act=android.intent.action.MAIN cmp=com.android.settings/.SubSettings (has extras)} from pid 1365
02-21 17:29:30.474  1365  1367 D dalvikvm: GC_CONCURRENT freed 123K, 8% free 10549K/11399K, paused 7ms+12ms
02-21 17:29:30.540  1571  1573 D dalvikvm: GC_CONCURRENT freed 404K, 7% free 9329K/9927K, paused 35ms+73ms
02-21 17:29:30.599   145   175 I ActivityManager: Displayed com.android.settings/.SubSettings: +331ms
02-21 17:29:30.611  1365  1365 D OpenGLRenderer: Flushing caches (mode 0)
02-21 17:29:31.189   801  1008 I PhoneLab-: Service Running
02-21 17:29:31.333   801  1008 I PhoneLab-LoggerService: app_34    1012  801   1440   1068  c00f1758 40039794 S logcat
02-21 17:29:31.333   801  1008 I PhoneLab-LoggerService: Logcat pid from database 1012
02-21 17:29:31.333   801  1008 I PhoneLab-LoggerService: Logcat process found 1012
02-21 17:29:31.333   801  1008 I PhoneLab-LoggerService: Checking Threshold
02-21 17:29:31.525   742   742 D OpenGLRenderer: Flushing caches (mode 1)
02-21 17:29:31.532   693   695 D dalvikvm: GC_CONCURRENT freed 393K, 8% free 9833K/10631K, paused 4ms+3ms
02-21 17:29:31.556  1571  1878 I DownloadManager: deleting /data/data/com.android.providers.downloads/cache/downloadfile.jpeg
02-21 17:29:31.767  1571  1880 I DownloadManager: Initiating request for download 28
02-21 17:29:31.802  1571  1878 D dalvikvm: GC_EXPLICIT freed 199K, 7% free 9285K/9927K, paused 6ms+4ms
02-21 17:29:31.923   145   180 I ActivityManager: START {act=android.intent.action.MAIN cat=[android.intent.category.HOME] flg=0x10200000 cmp=com.android.launcher/com.android.launcher2.Launcher} from pid 145
02-21 17:29:32.165  1365  1365 D OpenGLRenderer: Flushing caches (mode 0)
02-21 17:29:32.321   145  1061 W InputManagerService: Starting input on non-focused client com.android.internal.view.IInputMethodClient$Stub$Proxy@41680c40 (uid=1000 pid=1365)
02-21 17:29:32.325  1365  1365 D OpenGLRenderer: Flushing caches (mode 1)
02-21 17:29:33.325   742   742 D OpenGLRenderer: Flushing caches (mode 1)
02-21 17:29:33.489  1335  1361 D dalvikvm: GC_FOR_ALLOC freed 3280K, 41% free 11965K/20167K, paused 32ms
02-21 17:29:33.497  1571  1888 I DownloadManager: deleting /data/data/com.android.providers.downloads/cache/downloadfile.jpeg
02-21 17:29:33.595  1335  1338 D dalvikvm: GC_CONCURRENT freed 74K, 37% free 12797K/20167K, paused 3ms+11ms
02-21 17:29:33.704  1335  1359 D dalvikvm: GC_FOR_ALLOC freed 87K, 37% free 12886K/20167K, paused 35ms
02-21 17:29:33.763  1335  1361 D dalvikvm: GC_FOR_ALLOC freed 5K, 30% free 14158K/20167K, paused 41ms
02-21 17:29:33.915  1335  1338 D dalvikvm: GC_CONCURRENT freed 140K, 28% free 14673K/20167K, paused 2ms+16ms
02-21 17:29:34.165  1335  1338 D dalvikvm: GC_CONCURRENT freed 3793K, 38% free 12673K/20167K, paused 2ms+3ms
02-21 17:29:34.275  1571  1891 I DownloadManager: Initiating request for download 29
02-21 17:29:34.794  1571  1573 D dalvikvm: GC_CONCURRENT freed 356K, 7% free 9315K/9927K, paused 3ms+7ms
02-21 17:29:35.212   145   396 I ActivityManager: START {act=android.intent.action.MAIN cat=[android.intent.category.LAUNCHER] flg=0x10200000 cmp=com.google.android.calendar/com.android.calendar.AllInOneActivity} from pid 1335
02-21 17:29:35.501   145   147 D dalvikvm: GC_CONCURRENT freed 944K, 14% free 13362K/15367K, paused 17ms+14ms
02-21 17:29:35.536  1277  1279 D dalvikvm: GC_CONCURRENT freed 240K, 7% free 9870K/10503K, paused 6ms+9ms
02-21 17:29:35.583  1335  1335 D OpenGLRenderer: Flushing caches (mode 1)
02-21 17:29:35.669   145   175 I ActivityManager: Displayed com.google.android.calendar/com.android.calendar.AllInOneActivity: +418ms
02-21 17:29:35.696  1335  1335 D OpenGLRenderer: Flushing caches (mode 0)
02-21 17:29:35.775   145   365 W InputManagerService: Starting input on non-focused client com.android.internal.view.IInputMethodClient$Stub$Proxy@413360c0 (uid=10022 pid=1335)
02-21 17:29:35.989   742   742 D OpenGLRenderer: Flushing caches (mode 1)
02-21 17:29:36.009  1571  1898 I DownloadManager: deleting /data/data/com.android.providers.downloads/cache/downloadfile.jpeg
02-21 17:29:36.294  1571  1900 I DownloadManager: Initiating request for download 30
02-21 17:29:37.052  1571  1573 D dalvikvm: GC_CONCURRENT freed 375K, 7% free 9330K/9927K, paused 8ms+16ms
02-21 17:29:38.161    82   126 D AudioHardware: AudioHardware pcm playback is going to standby.
02-21 17:29:38.165    82   126 D AudioHardware: closePcmOut_l() mPcmOpenCnt: 1
02-21 17:29:39.407   145   161 D dalvikvm: GC_EXPLICIT freed 224K, 14% free 13281K/15367K, paused 3ms+7ms
02-21 17:29:39.431   742   742 D OpenGLRenderer: Flushing caches (mode 1)
02-21 17:29:39.482  1571  1905 I DownloadManager: deleting /data/data/com.android.providers.downloads/cache/downloadfile.jpeg
02-21 17:29:39.943  1571  1907 I DownloadManager: Initiating request for download 31
02-21 17:29:39.962  1571  1907 W DownloadManager: Aborting request for download 31: download was requested to not use the current network type
02-21 17:29:40.415  1277  1279 D dalvikvm: GC_CONCURRENT freed 340K, 6% free 9917K/10503K, paused 3ms+5ms
02-21 17:29:40.857   145   180 I ActivityManager: START {act=android.intent.action.MAIN cat=[android.intent.category.HOME] flg=0x10200000 cmp=com.android.launcher/com.android.launcher2.Launcher} from pid 145
02-21 17:29:40.958  1277  1277 D OpenGLRenderer: Flushing caches (mode 0)
02-21 17:29:41.247   145   397 W InputManagerService: Starting input on non-focused client com.android.internal.view.IInputMethodClient$Stub$Proxy@41555f00 (uid=10052 pid=1277)
02-21 17:29:41.251  1277  1277 D OpenGLRenderer: Flushing caches (mode 1)
02-21 17:29:42.099    82   126 D AudioHardware: AudioHardware pcm playback is exiting standby.
02-21 17:29:42.099    82   126 D AudioHardware: openPcmOut_l() mPcmOpenCnt: 0
02-21 17:29:42.321  1335  1415 D dalvikvm: GC_FOR_ALLOC freed 1794K, 42% free 11855K/20167K, paused 24ms
02-21 17:29:42.427  1335  1338 D dalvikvm: GC_CONCURRENT freed 40K, 37% free 12718K/20167K, paused 2ms+9ms
02-21 17:29:42.560  1335  1349 D dalvikvm: GC_FOR_ALLOC freed 88K, 37% free 12827K/20167K, paused 33ms
02-21 17:29:42.603  1335  1415 D dalvikvm: GC_FOR_ALLOC freed 5K, 31% free 14078K/20167K, paused 23ms
02-21 17:29:42.665  1335  1338 D dalvikvm: GC_CONCURRENT freed 23K, 30% free 14230K/20167K, paused 2ms+9ms
02-21 17:29:42.818  1335  1338 D dalvikvm: GC_CONCURRENT freed 2176K, 32% free 13790K/20167K, paused 3ms+12ms
02-21 17:29:43.017  1335  1359 D dalvikvm: GC_FOR_ALLOC freed 2034K, 36% free 12955K/20167K, paused 25ms
02-21 17:29:43.185  1335  1338 D dalvikvm: GC_CONCURRENT freed 954K, 35% free 13288K/20167K, paused 1ms+5ms
02-21 17:29:43.341  1335  1360 D dalvikvm: GC_FOR_ALLOC freed 1611K, 37% free 12855K/20167K, paused 26ms
02-21 17:29:43.423  1335  1338 D dalvikvm: GC_CONCURRENT freed 10K, 31% free 14101K/20167K, paused 3ms+6ms
02-21 17:29:45.189    82   126 D AudioHardware: AudioHardware pcm playback is going to standby.
02-21 17:29:45.189    82   126 D AudioHardware: closePcmOut_l() mPcmOpenCnt: 1
02-21 17:29:47.685   145   180 I ActivityManager: START {act=android.intent.action.MAIN cat=[android.intent.category.HOME] flg=0x10200000 cmp=com.android.launcher/com.android.launcher2.Launcher} from pid 145
02-21 17:29:50.005   145   172 I power   : *** set_screen_state 0
02-21 17:29:50.064   145   181 I power   : *** set_screen_state 1
02-21 17:29:50.071    79   121 D SurfaceFlinger: About to give-up screen, flinger = 0xa28918
02-21 17:29:50.150   145   176 D dalvikvm: GC_FOR_ALLOC freed 244K, 12% free 13656K/15367K, paused 64ms
02-21 17:29:50.193   145   176 D dalvikvm: GC_FOR_ALLOC freed 16K, 11% free 13743K/15367K, paused 41ms
02-21 17:29:50.193   145   176 I dalvikvm-heap: Grow heap (frag case) to 13.596MB for 104992-byte allocation
02-21 17:29:50.255   145   173 D dalvikvm: GC_FOR_ALLOC freed <1K, 11% free 13845K/15495K, paused 48ms
02-21 17:29:50.318   145   176 D dalvikvm: GC_FOR_ALLOC freed <1K, 11% free 13847K/15495K, paused 51ms
02-21 17:29:50.318   145   176 I dalvikvm-heap: Grow heap (frag case) to 13.699MB for 104992-byte allocation
02-21 17:29:50.376   145   173 D dalvikvm: GC_FOR_ALLOC freed <1K, 11% free 13949K/15623K, paused 46ms
02-21 17:29:50.435    79   121 D SurfaceFlinger: Screen about to return, flinger = 0xa28918
02-21 17:29:50.454   145   176 D dalvikvm: GC_FOR_ALLOC freed <1K, 11% free 13949K/15623K, paused 67ms
02-21 17:29:50.454   145   176 I dalvikvm-heap: Grow heap (frag case) to 13.798MB for 104992-byte allocation
02-21 17:29:50.532   145   173 D dalvikvm: GC_FOR_ALLOC freed <1K, 11% free 14052K/15751K, paused 63ms
02-21 17:29:50.536   145   176 V TransportControlView: Create TCV com.android.internal.widget.TransportControlView@41727ba8
02-21 17:29:50.614   742   742 D OpenGLRenderer: Flushing caches (mode 1)
02-21 17:29:50.618   214   214 D PhoneStatusBar: disable: < expand icons alerts ticker system_info back home RECENT* clock >
02-21 17:29:50.665   214   214 D PhoneStatusBar: disable: < expand icons alerts ticker system_info BACK* HOME* RECENT CLOCK* >
02-21 17:29:50.677    82   126 D AudioHardware: AudioHardware pcm playback is exiting standby.
02-21 17:29:50.677    82   126 D AudioHardware: openPcmOut_l() mPcmOpenCnt: 0
02-21 17:29:50.693   330  1501 D NfcService: NFC-C OFF, disconnect
02-21 17:29:50.704   145   176 I WindowManager: Lock screen displayed!
02-21 17:29:51.513   214   214 D PhoneStatusBar: disable: < expand icons alerts ticker system_info BACK HOME recent* CLOCK >
02-21 17:29:51.517   330   386 D NfcService: NFC-C ON
02-21 17:29:51.540   145   156 W InputManagerService: Window already focused, ignoring focus gain of: com.android.internal.view.IInputMethodClient$Stub$Proxy@416c5f00
02-21 17:29:51.544   214   214 D PhoneStatusBar: disable: < expand icons alerts ticker system_info back* home* recent clock* >
02-21 17:29:52.243  1335  1338 D dalvikvm: GC_CONCURRENT freed 3021K, 37% free 12753K/20167K, paused 5ms+6ms
02-21 17:29:55.376    82   126 D AudioHardware: AudioHardware pcm playback is going to standby.
02-21 17:29:55.376    82   126 D AudioHardware: closePcmOut_l() mPcmOpenCnt: 1
02-21 17:30:08.943    82   126 D AudioHardware: AudioHardware pcm playback is exiting standby.
02-21 17:30:08.943    82   126 D AudioHardware: openPcmOut_l() mPcmOpenCnt: 0
02-21 17:30:09.032   145   316 I ActivityManager: START {act=android.intent.action.MAIN cat=[android.intent.category.LAUNCHER] flg=0x10200000 cmp=com.google.android.gm/.ConversationListActivityGmail} from pid 1335
02-21 17:30:09.122   145   316 D dalvikvm: GC_FOR_ALLOC freed 352K, 12% free 14013K/15751K, paused 56ms
02-21 17:30:09.196   145   157 I ActivityManager: START {act=android.intent.action.MAIN cat=[android.intent.category.LAUNCHER] flg=0x2010000 cmp=com.google.android.gm/.GmailActivity (has extras)} from pid 693
02-21 17:30:09.271   145   157 D dalvikvm: GC_FOR_ALLOC freed 892K, 16% free 13260K/15751K, paused 48ms
02-21 17:30:09.345  1335  1335 D OpenGLRenderer: Flushing caches (mode 1)
02-21 17:30:09.536   693   695 D dalvikvm: GC_CONCURRENT freed 319K, 7% free 9943K/10631K, paused 15ms+3ms
02-21 17:30:09.693   742   742 D OpenGLRenderer: Flushing caches (mode 1)
02-21 17:30:09.802   693   695 D dalvikvm: GC_CONCURRENT freed 269K, 6% free 10066K/10631K, paused 2ms+5ms
02-21 17:30:09.845   145   175 I ActivityManager: Displayed com.google.android.gm/.GmailActivity: +519ms
02-21 17:30:09.872  1335  1335 D OpenGLRenderer: Flushing caches (mode 0)
02-21 17:30:09.880   693   693 D OpenGLRenderer: Flushing caches (mode 0)
02-21 17:30:10.025   145   396 W InputManagerService: Starting input on non-focused client com.android.internal.view.IInputMethodClient$Stub$Proxy@413360c0 (uid=10022 pid=1335)
02-21 17:30:10.286   693   695 D dalvikvm: GC_CONCURRENT freed 382K, 5% free 10139K/10631K, paused 4ms+5ms
02-21 17:30:10.614   693  1549 I Gmail   : Sending notification intent: Intent { act=android.intent.action.PROVIDER_CHANGED dat=content://gmail-ls/unread/^i (has extras) }
02-21 17:30:10.716   214   214 D dalvikvm: GC_FOR_ALLOC freed 468K, 8% free 9676K/10503K, paused 22ms
02-21 17:30:10.771   214   216 D dalvikvm: GC_CONCURRENT freed 332K, 7% free 9806K/10503K, paused 2ms+2ms
02-21 17:30:10.829   214   214 D dalvikvm: GC_FOR_ALLOC freed 497K, 8% free 9666K/10503K, paused 18ms
02-21 17:30:11.525   693   695 D dalvikvm: GC_CONCURRENT freed 422K, 5% free 10181K/10695K, paused 2ms+4ms
02-21 17:30:11.544   693   700 I dalvikvm: Jit: resizing JitTable from 4096 to 8192
02-21 17:30:12.841   145  1061 I ActivityManager: START {cmp=com.google.android.gm/.preference.GmailPreferenceActivity} from pid 693
02-21 17:30:12.997   742   742 D OpenGLRenderer: Flushing caches (mode 1)
02-21 17:30:13.013   693   693 D dalvikvm: GC_EXPLICIT freed 100K, 5% free 10233K/10695K, paused 3ms+4ms
02-21 17:30:13.118   145   175 I ActivityManager: Displayed com.google.android.gm/.preference.GmailPreferenceActivity: +248ms
02-21 17:30:13.146   693   693 D OpenGLRenderer: Flushing caches (mode 0)
02-21 17:30:13.864   801   801 I PhoneLab-phonelab-Locks: wake lock acquired
02-21 17:30:13.880   801  1929 W PhoneLab-PeriodicCheckService: User info is not synched yet
02-21 17:30:13.888   801  1929 I PhoneLab-PeriodicCheckService: Logger Service is running
02-21 17:30:13.896   801   801 I PhoneLab-phonelab-Locks: wake lock acquired
02-21 17:30:13.903   801   801 I PhoneLab-StatusMonitor: Status Monitoring is started
02-21 17:30:13.907   801  1929 I PhoneLab-PeriodicCheckService: Rescheduling periodic checking...
02-21 17:30:13.907   801   801 W System.err: java.io.FileNotFoundException: /data/data/edu.buffalo.cse.phonelab.phonelabservices/files/manifest.xml: open failed: ENOENT (No such file or directory)
02-21 17:30:13.907   801   801 W System.err: 	at libcore.io.IoBridge.open(IoBridge.java:406)
02-21 17:30:13.907   801   801 W System.err: 	at java.io.FileInputStream.<init>(FileInputStream.java:78)
02-21 17:30:13.911   801   801 W System.err: 	at android.app.ContextImpl.openFileInput(ContextImpl.java:610)
02-21 17:30:13.911   801   801 W System.err: 	at android.content.ContextWrapper.openFileInput(ContextWrapper.java:159)
02-21 17:30:13.911   801   801 W System.err: 	at edu.buffalo.cse.phonelab.manifest.PhoneLabManifest.getDocuments(PhoneLabManifest.java:425)
02-21 17:30:13.911   801   801 W System.err: 	at edu.buffalo.cse.phonelab.manifest.PhoneLabManifest.getManifest(PhoneLabManifest.java:69)
02-21 17:30:13.911   801   801 W System.err: 	at edu.buffalo.cse.phonelab.statusmonitor.StatusMonitor.onStartCommand(StatusMonitor.java:40)
02-21 17:30:13.911   801   801 W System.err: 	at android.app.ActivityThread.handleServiceArgs(ActivityThread.java:2359)
02-21 17:30:13.911   801   801 W System.err: 	at android.app.ActivityThread.access$1900(ActivityThread.java:123)
02-21 17:30:13.911   801   801 W System.err: 	at android.app.ActivityThread$H.handleMessage(ActivityThread.java:1210)
02-21 17:30:13.911   801   801 W System.err: 	at android.os.Handler.dispatchMessage(Handler.java:99)
02-21 17:30:13.911   801   801 W System.err: 	at android.os.Looper.loop(Looper.java:137)
02-21 17:30:13.911   801   801 W System.err: 	at android.app.ActivityThread.main(ActivityThread.java:4424)
02-21 17:30:13.911   801  1929 I PhoneLab-phonelab-Locks: wake lock released
02-21 17:30:13.911   801   801 W System.err: 	at java.lang.reflect.Method.invokeNative(Native Method)
02-21 17:30:13.911   801   801 W System.err: 	at java.lang.reflect.Method.invoke(Method.java:511)
02-21 17:30:13.911   801   801 W System.err: 	at com.android.internal.os.ZygoteInit$MethodAndArgsCaller.run(ZygoteInit.java:784)
02-21 17:30:13.915   801   801 W System.err: 	at com.android.internal.os.ZygoteInit.main(ZygoteInit.java:551)
02-21 17:30:13.915   801   801 W System.err: 	at dalvik.system.NativeStart.main(Native Method)
02-21 17:30:13.915   801   801 W System.err: Caused by: libcore.io.ErrnoException: open failed: ENOENT (No such file or directory)
02-21 17:30:13.915   801   801 W System.err: 	at libcore.io.Posix.open(Native Method)
02-21 17:30:13.915   801   801 W System.err: 	at libcore.io.BlockGuardOs.open(BlockGuardOs.java:110)
02-21 17:30:13.915   801   801 W System.err: 	at libcore.io.IoBridge.open(IoBridge.java:390)
02-21 17:30:13.915   801   801 W System.err: 	... 17 more
02-21 17:30:13.915   801   801 E PhoneLab-PhoneLabManifest: /data/data/edu.buffalo.cse.phonelab.phonelabservices/files/manifest.xml: open failed: ENOENT (No such file or directory)
02-21 17:30:13.919   801   801 I PhoneLab-phonelab-Locks: wake lock released
02-21 17:30:14.396   145   316 I ActivityManager: START {act=android.intent.action.MAIN cmp=com.google.android.gm/.preference.GmailPreferenceActivity (has extras)} from pid 693
02-21 17:30:14.689   693   695 D dalvikvm: GC_CONCURRENT freed 229K, 4% free 10429K/10759K, paused 2ms+5ms
02-21 17:30:14.829   145   175 I ActivityManager: Displayed com.google.android.gm/.preference.GmailPreferenceActivity: +351ms
02-21 17:30:15.497   449  1930 D C2DMRegistrar: [C2DMRegistrar.121] register: http error 404
02-21 17:30:15.513   801   801 I PhoneLab-RegistrationReceiver: C2DM Registration Receiver is fired
02-21 17:30:15.540   801   801 I PhoneLab-RegistrationReceiver: Shared Preferences Settings updated successfully
02-21 17:30:17.825   145   180 I ActivityManager: START {act=android.intent.action.MAIN cat=[android.intent.category.HOME] flg=0x10200000 cmp=com.android.launcher/com.android.launcher2.Launcher} from pid 145
02-21 17:30:18.232   145   316 W InputManagerService: Starting input on non-focused client com.android.internal.view.IInputMethodClient$Stub$Proxy@4154f9d0 (uid=10016 pid=693)
02-21 17:30:18.243   693   693 D OpenGLRenderer: Flushing caches (mode 1)
02-21 17:30:19.486    82   126 D AudioHardware: AudioHardware pcm playback is going to standby.
02-21 17:30:19.486    82   126 D AudioHardware: closePcmOut_l() mPcmOpenCnt: 1
02-21 17:30:21.193   145   172 I power   : *** set_screen_state 0
02-21 17:30:21.236    79   121 D SurfaceFlinger: About to give-up screen, flinger = 0xa28918
02-21 17:30:21.306   145   147 D dalvikvm: GC_CONCURRENT freed 860K, 15% free 13456K/15751K, paused 4ms+5ms
02-21 17:30:21.376   145   176 V TransportControlView: Create TCV com.android.internal.widget.TransportControlView@41719e70
02-21 17:30:21.403   214   214 D PhoneStatusBar: disable: < expand icons alerts ticker system_info back home RECENT* clock >
02-21 17:30:21.427   214   214 D PhoneStatusBar: disable: < expand icons alerts ticker system_info BACK* HOME* RECENT CLOCK* >
02-21 17:30:21.443    82   126 D AudioHardware: AudioHardware pcm playback is exiting standby.
02-21 17:30:21.443    82   126 D AudioHardware: openPcmOut_l() mPcmOpenCnt: 0
02-21 17:30:21.446   742   742 D OpenGLRenderer: Flushing caches (mode 1)
02-21 17:30:21.450   330  1317 D NfcService: NFC-C OFF, disconnect
02-21 17:30:24.603    82   126 D AudioHardware: AudioHardware pcm playback is going to standby.
02-21 17:30:24.603    82   126 D AudioHardware: closePcmOut_l() mPcmOpenCnt: 1
02-21 17:30:25.250   145   176 I power   : *** set_screen_state 1
02-21 17:30:25.277   145   176 I WindowManager: Lock screen displayed!
02-21 17:30:25.480    79   121 D SurfaceFlinger: Screen about to return, flinger = 0xa28918
02-21 17:30:26.425   330  1503 D NfcService: NFC-C ON
02-21 17:30:26.425   214   214 D PhoneStatusBar: disable: < expand icons alerts ticker system_info BACK HOME recent* CLOCK >
02-21 17:30:26.433    82   126 D AudioHardware: AudioHardware pcm playback is exiting standby.
02-21 17:30:26.433    82   126 D AudioHardware: openPcmOut_l() mPcmOpenCnt: 0
02-21 17:30:26.445   145   316 W InputManagerService: Window already focused, ignoring focus gain of: com.android.internal.view.IInputMethodClient$Stub$Proxy@4161a2c0
02-21 17:30:26.449   214   214 D PhoneStatusBar: disable: < expand icons alerts ticker system_info back* home* recent clock* >
02-21 17:30:26.933   145   396 D AlarmManagerService: Kernel timezone updated to 300 minutes west of GMT
02-21 17:30:26.937   311   311 D SystemClock: Setting time of day to sec=1329863427
02-21 17:30:27.040   145   162 I ActivityManager: Start proc com.android.deskclock for broadcast com.android.deskclock/.AlarmInitReceiver: pid=1942 uid=10009 gids={}
02-21 17:30:27.094  1942  1942 I ActivityThread: Pub com.android.deskclock: com.android.deskclock.AlarmProvider
02-21 17:30:27.145  1942  1955 V AlarmClock: AlarmInitReceiver finished
02-21 17:30:27.274   145   147 D dalvikvm: GC_CONCURRENT freed 455K, 11% free 14024K/15751K, paused 3ms+7ms
02-21 17:30:27.329   449   452 D dalvikvm: GC_CONCURRENT freed 464K, 11% free 10118K/11335K, paused 7ms+6ms
02-21 17:30:27.364  1277  1284 I dalvikvm: Jit: resizing JitTable from 4096 to 8192
02-21 17:30:27.794  1335  1349 D dalvikvm: GC_FOR_ALLOC freed 1643K, 42% free 11846K/20167K, paused 27ms
02-21 17:30:27.907  1335  1338 D dalvikvm: GC_CONCURRENT freed 31K, 37% free 12718K/20167K, paused 3ms+3ms
02-21 17:30:28.040  1335  1359 D dalvikvm: GC_FOR_ALLOC freed 995K, 40% free 12207K/20167K, paused 32ms
02-21 17:30:28.044  1335  1359 I dalvikvm-heap: Grow heap (frag case) to 13.218MB for 1286224-byte allocation
02-21 17:30:28.083  1335  1335 D dalvikvm: GC_FOR_ALLOC freed 3K, 34% free 13459K/20167K, paused 24ms
02-21 17:30:28.208  1335  1338 D dalvikvm: GC_CONCURRENT freed 384K, 34% free 13480K/20167K, paused 2ms+8ms
02-21 17:30:28.305  1335  1359 D dalvikvm: GC_FOR_ALLOC freed 1813K, 41% free 12048K/20167K, paused 22ms
02-21 17:30:28.309  1335  1359 I dalvikvm-heap: Grow heap (frag case) to 13.062MB for 1286224-byte allocation
02-21 17:30:28.360  1335  1335 D dalvikvm: GC_FOR_ALLOC freed 3K, 35% free 13300K/20167K, paused 35ms
02-21 17:30:28.469  1335  1338 D dalvikvm: GC_CONCURRENT freed 77K, 33% free 13643K/20167K, paused 2ms+4ms
02-21 17:30:28.634  1335  1361 D dalvikvm: GC_FOR_ALLOC freed 1852K, 38% free 12572K/20167K, paused 26ms
02-21 17:30:28.770  1335  1338 D dalvikvm: GC_CONCURRENT freed 923K, 37% free 12821K/20167K, paused 2ms+5ms
02-21 17:30:28.872  1335  1360 D dalvikvm: GC_FOR_ALLOC freed 271K, 35% free 13234K/20167K, paused 27ms
02-21 17:30:28.969  1335  1338 D dalvikvm: GC_CONCURRENT freed 11K, 28% free 14608K/20167K, paused 2ms+12ms
02-21 17:30:29.137   145   156 D AlarmManagerService: Kernel timezone updated to 300 minutes west of GMT
02-21 17:30:29.188  1335  1338 D dalvikvm: GC_CONCURRENT freed 2123K, 30% free 14312K/20167K, paused 8ms+6ms
02-21 17:30:29.641   145   316 I ActivityManager: START {act=android.intent.action.MAIN cat=[android.intent.category.LAUNCHER] flg=0x10200000 cmp=com.android.vending/.AssetBrowserActivity} from pid 1335
02-21 17:30:29.778  1335  1335 D OpenGLRenderer: Flushing caches (mode 1)
02-21 17:30:29.923  1335  1335 D OpenGLRenderer: Flushing caches (mode 0)
02-21 17:30:29.993  1100  1102 D dalvikvm: GC_CONCURRENT freed 407K, 6% free 9599K/10119K, paused 2ms+2ms
02-21 17:30:30.106  1100  1114 D Volley  : [130] DiskBasedCache.clear: Cache cleared.
02-21 17:30:30.130  1100  1118 D Volley  : [134] DiskBasedCache.clear: Cache cleared.
02-21 17:30:30.200   742   742 D OpenGLRenderer: Flushing caches (mode 1)
02-21 17:30:30.309  1100  1100 D OpenGLRenderer: Enabling debug mode 0
02-21 17:30:30.454  1100  1102 D dalvikvm: GC_CONCURRENT freed 379K, 5% free 9697K/10183K, paused 2ms+6ms
02-21 17:30:30.571   145   156 W InputManagerService: Starting input on non-focused client com.android.internal.view.IInputMethodClient$Stub$Proxy@413360c0 (uid=10022 pid=1335)
02-21 17:30:30.723   145   175 I ActivityManager: Displayed com.android.vending/.AssetBrowserActivity: +1s13ms
02-21 17:30:32.981   145   313 D dalvikvm: GC_EXPLICIT freed 1180K, 15% free 13477K/15751K, paused 3ms+11ms
02-21 17:30:33.122   214   216 D dalvikvm: GC_CONCURRENT freed 213K, 7% free 9862K/10503K, paused 2ms+3ms
02-21 17:30:33.176   214   214 D dalvikvm: GC_FOR_ALLOC freed 461K, 8% free 9665K/10503K, paused 20ms
02-21 17:30:33.372   214   216 D dalvikvm: GC_CONCURRENT freed 225K, 7% free 9846K/10503K, paused 1ms+5ms
02-21 17:30:33.391   742   744 D dalvikvm: GC_CONCURRENT freed 315K, 8% free 9519K/10311K, paused 2ms+5ms
02-21 17:30:33.579   742   742 D OpenGLRenderer: Flushing caches (mode 1)
02-21 17:30:33.602  1100  1100 D Finsky  : [1] DownloadImpl.setState: Download '' transitioned from (null) to (UNQUEUED).
02-21 17:30:33.602  1100  1100 D Finsky  : [1] DownloadQueueImpl.add: Download Download :  added to DownloadQueue
02-21 17:30:33.606  1100  1100 D Finsky  : [1] DownloadImpl.setState: Download '' transitioned from (UNQUEUED) to (QUEUED).
02-21 17:30:33.606  1100  1100 D Finsky  : [1] AssetStoreUpdater.onAdd: Received package with no PackageProperties... Ignoring
02-21 17:30:33.634    84    84 I installd: free_cache(0) avail 965263360
02-21 17:30:34.856  1100  1100 D Finsky  : [1] DownloadQueueImpl.startDownload: Download Download :  starting
02-21 17:30:34.915   145   327 I ActivityManager: START {flg=0x4000000 cmp=com.android.vending/com.google.android.finsky.activities.TosActivity (has extras)} from pid 1100
02-21 17:30:34.958  1100  1100 D Finsky  : [1] DownloadImpl.setState: Download '' transitioned from (QUEUED) to (DOWNLOADING).
02-21 17:30:34.985  1100  1100 D Finsky  : [1] DownloadCompleteListener.onStart: Download Download : : onStart called.
02-21 17:30:34.985  1100  1100 D Finsky  : [1] DownloadCompleteListener.onProgress: Download Download : : onProgress called with 0/-1 Status: 190.
02-21 17:30:35.110   214   214 V PhoneStatusBar: setLightsOn(true)
02-21 17:30:35.126  1571  1972 I DownloadManager: Initiating request for download 32
02-21 17:30:35.145  1100  1100 D Finsky  : [1] DownloadCompleteListener.onProgress: Download Download : : onProgress called with 0/-1 Status: 192.
02-21 17:30:35.231  1100  1102 D dalvikvm: GC_CONCURRENT freed 308K, 5% free 9808K/10247K, paused 11ms+4ms
02-21 17:30:35.395   145   175 I ActivityManager: Displayed com.android.vending/com.google.android.finsky.activities.TosActivity: +434ms
02-21 17:30:35.399  1100  1100 W IInputConnectionWrapper: commitText on inactive InputConnection
02-21 17:30:35.399  1100  1100 W IInputConnectionWrapper: getCursorCapsMode on inactive InputConnection
02-21 17:30:35.419   290   290 I LatinIME: InputType.TYPE_NULL is specified
02-21 17:30:35.419   290   290 W LatinIME: Unexpected input class: inputType=0x00000000 imeOptions=0x00000000
02-21 17:30:35.434  1100  1100 W IInputConnectionWrapper: finishComposingText on inactive InputConnection
02-21 17:30:35.591   290   292 D dalvikvm: GC_CONCURRENT freed 586K, 6% free 10542K/11207K, paused 7ms+6ms
02-21 17:30:35.614    82   126 D AudioHardware: AudioHardware pcm playback is going to standby.
02-21 17:30:35.614    82   126 D AudioHardware: closePcmOut_l() mPcmOpenCnt: 1
02-21 17:30:35.966   214   214 D dalvikvm: GC_FOR_ALLOC freed 380K, 8% free 9674K/10503K, paused 30ms
02-21 17:30:36.020    82   126 D AudioHardware: AudioHardware pcm playback is exiting standby.
02-21 17:30:36.020    82   126 D AudioHardware: openPcmOut_l() mPcmOpenCnt: 0
02-21 17:30:36.243  1100  1100 D OpenGLRenderer: Flushing caches (mode 0)
02-21 17:30:36.247   214   216 D dalvikvm: GC_CONCURRENT freed 389K, 8% free 9669K/10503K, paused 6ms+65ms
02-21 17:30:36.719  1571  1573 D dalvikvm: GC_CONCURRENT freed 396K, 7% free 9324K/9927K, paused 3ms+10ms
02-21 17:30:36.770  1100  1100 W IInputConnectionWrapper: showStatusIcon on inactive InputConnection
02-21 17:30:36.770   145   316 W InputManagerService: Starting input on non-focused client com.android.internal.view.IInputMethodClient$Stub$Proxy@4161ae58 (uid=10044 pid=1100)
02-21 17:30:37.071  1335  1338 D dalvikvm: GC_CONCURRENT freed 3156K, 36% free 12918K/20167K, paused 7ms+7ms
02-21 17:30:37.130  1335  1359 D dalvikvm: GC_FOR_ALLOC freed 46K, 36% free 12979K/20167K, paused 56ms
02-21 17:30:37.227  1335  1415 D dalvikvm: GC_FOR_ALLOC freed 907K, 34% free 13333K/20167K, paused 55ms
02-21 17:30:37.329  1100  1100 D OpenGLRenderer: Flushing caches (mode 0)
02-21 17:30:37.399  1335  1359 D dalvikvm: GC_FOR_ALLOC freed 1641K, 40% free 12287K/20167K, paused 36ms
02-21 17:30:37.407  1335  1359 I dalvikvm-heap: Grow heap (frag case) to 13.296MB for 1286224-byte allocation
02-21 17:30:37.454  1335  1335 D dalvikvm: GC_FOR_ALLOC freed 2K, 33% free 13541K/20167K, paused 31ms
02-21 17:30:37.555  1335  1338 D dalvikvm: GC_CONCURRENT freed <1K, 33% free 13545K/20167K, paused 2ms+9ms
02-21 17:30:37.872  1100  1100 D OpenGLRenderer: Flushing caches (mode 1)
02-21 17:30:38.903  1100  1100 D Finsky  : [1] DownloadCompleteListener.onProgress: Download Download : : onProgress called with 0/3708455 Status: 192.
02-21 17:30:38.973  1100  1100 D Finsky  : [1] DownloadCompleteListener.onProgress: Download Download : : onProgress called with 5421/3708455 Status: 192.
02-21 17:30:39.110   145   145 I ActivityManager: START {act=android.intent.action.MAIN cat=[android.intent.category.LAUNCHER] flg=0x10200000 cmp=com.android.vending/.AssetBrowserActivity} from pid 1335
02-21 17:30:39.266   145   147 D dalvikvm: GC_CONCURRENT freed 957K, 14% free 13636K/15751K, paused 5ms+6ms
02-21 17:30:39.458  1100  1102 D dalvikvm: GC_CONCURRENT freed 441K, 5% free 9924K/10439K, paused 4ms+6ms
02-21 17:30:39.462  1100  1100 D Finsky  : [1] SelfUpdateScheduler.checkForSelfUpdate: Skipping self-update check as there is an update already queued.
02-21 17:30:39.485  1335  1335 D OpenGLRenderer: Flushing caches (mode 1)
02-21 17:30:39.548   145  1061 I ActivityManager: START {flg=0x4000000 cmp=com.android.vending/com.google.android.finsky.activities.TosActivity (has extras)} from pid 1100
02-21 17:30:39.626   145   175 I ActivityManager: Displayed com.android.vending/.AssetBrowserActivity: +423ms
02-21 17:30:39.665  1335  1335 D OpenGLRenderer: Flushing caches (mode 0)
02-21 17:30:39.684   214   214 V PhoneStatusBar: setLightsOn(true)
02-21 17:30:39.825   145   175 I ActivityManager: Displayed com.android.vending/com.google.android.finsky.activities.TosActivity: +248ms
02-21 17:30:39.872   145  1215 W InputManagerService: Starting input on non-focused client com.android.internal.view.IInputMethodClient$Stub$Proxy@413360c0 (uid=10022 pid=1335)
02-21 17:30:40.653  1100  1100 D Finsky  : [1] DownloadCompleteListener.onProgress: Download Download : : onProgress called with 89870/3708455 Status: 192.
02-21 17:30:40.673  1100  1100 D Finsky  : [1] SelfUpdateScheduler.checkForSelfUpdate: Skipping self-update check as there is an update already queued.
02-21 17:30:40.673  1100  1100 D OpenGLRenderer: Flushing caches (mode 0)
02-21 17:30:40.868   742   742 D OpenGLRenderer: Flushing caches (mode 1)
02-21 17:30:42.106   214   216 D dalvikvm: GC_CONCURRENT freed 253K, 7% free 9845K/10503K, paused 6ms+4ms
02-21 17:30:42.321  1100  1100 D Finsky  : [1] DownloadCompleteListener.onProgress: Download Download : : onProgress called with 152635/3708455 Status: 192.
02-21 17:30:42.739  1100  1102 D dalvikvm: GC_CONCURRENT freed 478K, 6% free 10015K/10567K, paused 2ms+4ms
02-21 17:30:42.821  1100  1100 D Finsky  : [1] PageFragment.rebindViews: Page [class=CorporaHomeFragment] loaded in [2046 ms]
02-21 17:30:42.903  1100  1100 D dalvikvm: GC_FOR_ALLOC freed 236K, 6% free 10031K/10567K, paused 25ms
02-21 17:30:42.903  1100  1100 I dalvikvm-heap: Grow heap (frag case) to 10.242MB for 392720-byte allocation
02-21 17:30:42.973  1100  1109 D dalvikvm: GC_FOR_ALLOC freed 4K, 5% free 10411K/10951K, paused 54ms
02-21 17:30:42.989  1100  1109 W CursorWrapperInner: Cursor finalized without prior close()
02-21 17:30:43.106  1100  1100 D dalvikvm: GC_FOR_ALLOC freed 105K, 5% free 10511K/11015K, paused 35ms
02-21 17:30:43.145  1100  1100 D dalvikvm: GC_FOR_ALLOC freed 4K, 5% free 10628K/11143K, paused 23ms
02-21 17:30:44.309   290   314 E ActivityThread: Failed to find provider info for com.android.inputmethod.latin.dictionarypack
02-21 17:30:44.325   290   314 E BinaryDictionaryGetter: Could not find a dictionary pack
02-21 17:30:44.442   290   292 D dalvikvm: GC_CONCURRENT freed 390K, 6% free 10539K/11207K, paused 3ms+4ms
02-21 17:30:44.825    82   126 D AudioHardware: AudioHardware pcm playback is going to standby.
02-21 17:30:44.825    82   126 D AudioHardware: closePcmOut_l() mPcmOpenCnt: 1
02-21 17:30:44.985   290   292 D dalvikvm: GC_CONCURRENT freed 184K, 4% free 10866K/11207K, paused 2ms+6ms
02-21 17:30:45.137   290   292 D dalvikvm: GC_CONCURRENT freed 229K, 3% free 11287K/11591K, paused 2ms+5ms
02-21 17:30:46.614   145   145 I ActivityManager: START {act=android.intent.action.SEARCH flg=0x10000000 cmp=com.android.vending/.AssetBrowserActivity (has extras)} from pid 1100
02-21 17:30:46.692   742   742 D OpenGLRenderer: Flushing caches (mode 1)
02-21 17:30:46.872   214   214 D dalvikvm: GC_FOR_ALLOC freed 561K, 9% free 9659K/10503K, paused 76ms
02-21 17:30:47.012   214   216 D dalvikvm: GC_CONCURRENT freed 368K, 8% free 9739K/10503K, paused 4ms+3ms
02-21 17:30:47.817  1100  1100 D Finsky  : [1] DownloadCompleteListener.onProgress: Download Download : : onProgress called with 202991/3708455 Status: 192.
02-21 17:30:48.259  1100  1102 D dalvikvm: GC_CONCURRENT freed 195K, 3% free 10897K/11207K, paused 11ms+3ms
02-21 17:30:48.759   742   742 D OpenGLRenderer: Flushing caches (mode 1)
02-21 17:30:50.778  1100  1100 D Finsky  : [1] MainActivity.initializeBilling: Optimistically initializing billing parameters.
02-21 17:30:50.946  1100  1102 D dalvikvm: GC_CONCURRENT freed 538K, 6% free 10984K/11655K, paused 2ms+4ms
02-21 17:30:50.985   145   397 D ConnectivityService: startUsingNetworkFeature reconnecting to 0: enableHIPRI
02-21 17:30:50.997  1100  1100 D Finsky  : [1] DownloadCompleteListener.onProgress: Download Download : : onProgress called with 207208/3708455 Status: 192.
02-21 17:30:51.110  1100  1100 D Finsky  : [1] DownloadCompleteListener.onProgress: Download Download : : onProgress called with 212629/3708455 Status: 192.
02-21 17:30:51.114   145   201 D ConnectivityService: ConnectivityChange for mobile_hipri: CONNECTED/CONNECTED
02-21 17:30:51.259   145   197 D NetworkPolicy: applying policy NetworkPolicy[NetworkTemplate: matchRule=MOBILE_ALL, subscriberId=valid]: cycleDay=21, warningBytes=2147483648, limitBytes=-1, lastSnooze=-1 to ifaces [rmnet0, rmnet0]
02-21 17:30:51.309   145   147 D dalvikvm: JIT code cache reset in 5 ms (1048448 bytes 1/0)
02-21 17:30:51.333   145   147 D dalvikvm: GC_CONCURRENT freed 1273K, 15% free 13473K/15751K, paused 13ms+10ms
02-21 17:30:51.981  1100  1116 D Volley  : [132] BasicNetwork.logSlowRequests: HTTP response for request=<[ ] https://market.android.com/suggest/SuggRequest?query=g&json=1&hl=en&gl=US NORMAL 19> [lifetime=9132], [size=2], [rc=200], [retryCount=1]
02-21 17:30:51.985  1100  1100 D Volley  : [1] Request.finish: 9134 ms: [ ] https://market.android.com/suggest/SuggRequest?query=g&json=1&hl=en&gl=US NORMAL 19
02-21 17:30:52.048   742   742 D OpenGLRenderer: Flushing caches (mode 1)
02-21 17:30:52.130  1100  1102 D dalvikvm: GC_CONCURRENT freed 519K, 6% free 11012K/11655K, paused 2ms+10ms
02-21 17:30:52.509  1100  1100 D Finsky  : [1] DownloadCompleteListener.onProgress: Download Download : : onProgress called with 271298/3708455 Status: 192.
02-21 17:30:53.219   214   216 D dalvikvm: GC_CONCURRENT freed 435K, 7% free 9794K/10503K, paused 2ms+3ms
02-21 17:30:54.075  1100  1100 D Finsky  : [1] DownloadCompleteListener.onProgress: Download Download : : onProgress called with 310812/3708455 Status: 192.
02-21 17:30:54.231   145   205 D Tethering: MasterInitialState.processMessage what=3
02-21 17:30:54.411  1766  1766 I MediaUploader: No need to wake up
02-21 17:30:54.618  1100  1122 D Volley  : [138] BasicNetwork.logSlowRequests: HTTP response for request=<[ ] http://www.gstatic.com/android/market/merchandising/youtube/phone/2012_02_14/XKTnFY5thKY.jpg LOW 23> [lifetime=11423], [size=35478], [rc=200], [retryCount=1]
02-21 17:30:54.637  1100  2009 D Finsky  : [165] RadioHttpClient.perhapsStopUsingRadio: Giving back radio.
02-21 17:30:54.641  1100  2009 D Volley  : [165] BasicNetwork.logSlowRequests: HTTP response for request=<[ ] http://68.28.31.7/http://vm.sprintpcs.com/CarrierBilling/getProvisioning NORMAL 31> [lifetime=3703], [size=1675], [rc=200], [retryCount=0]
02-21 17:30:54.704  1100  1100 D Volley  : [1] Request.finish: 3770 ms: [ ] http://68.28.31.7/http://vm.sprintpcs.com/CarrierBilling/getProvisioning NORMAL 31
02-21 17:30:54.719  1100  1102 D dalvikvm: GC_CONCURRENT freed 386K, 4% free 11323K/11783K, paused 8ms+4ms
02-21 17:30:54.770  1100  1122 D dalvikvm: GC_FOR_ALLOC freed 69K, 5% free 11299K/11847K, paused 39ms
02-21 17:30:54.774  1100  1122 I dalvikvm-heap: Grow heap (frag case) to 11.484MB for 396896-byte allocation
02-21 17:30:54.837  1100  1971 D dalvikvm: GC_FOR_ALLOC freed <1K, 5% free 11687K/12295K, paused 48ms
02-21 17:30:54.837  1100  1121 D Volley  : [137] BasicNetwork.logSlowRequests: HTTP response for request=<[ ] http://www.gstatic.com/android/market/merchandising/ocean/phone/2012_02_14/vvLvUuAVvdIC.jpg LOW 22> [lifetime=11675], [size=32267], [rc=200], [retryCount=1]
02-21 17:30:54.872  1100  1100 I InputQueue-JNI: Sending finished signal for input channel '4181c228 PopupWindow:4158c360 (client)' since it is being unregistered while an input message is still in progress.
02-21 17:30:54.907  1100  1100 I InputQueue-JNI: Ignoring finish signal on channel that is no longer registered.
02-21 17:30:54.907  1100  1122 D dalvikvm: GC_FOR_ALLOC freed 98K, 6% free 11643K/12295K, paused 31ms
02-21 17:30:54.911  1100  1122 I dalvikvm-heap: Grow heap (frag case) to 11.869MB for 449296-byte allocation
02-21 17:30:54.962  1100  1100 D dalvikvm: GC_FOR_ALLOC freed <1K, 6% free 12081K/12743K, paused 39ms
02-21 17:30:55.005   145   365 W InputManagerService: Window already focused, ignoring focus gain of: com.android.internal.view.IInputMethodClient$Stub$Proxy@4161c730
02-21 17:30:55.059  1100  1100 D Volley  : [1] Request.finish: 11883 ms: [ ] http://www.gstatic.com/android/market/merchandising/youtube/phone/2012_02_14/XKTnFY5thKY.jpg LOW 23
02-21 17:30:55.286  1100  1121 D dalvikvm: GC_FOR_ALLOC freed 484K, 9% free 12066K/13191K, paused 57ms
02-21 17:30:55.286  1100  1121 I dalvikvm-heap: Grow heap (frag case) to 12.283MB for 449296-byte allocation
02-21 17:30:55.329  1100  1121 D dalvikvm: GC_FOR_ALLOC freed 3K, 9% free 12501K/13639K, paused 40ms
02-21 17:30:55.356  1100  1100 D Volley  : [1] Request.finish: 12193 ms: [ ] http://www.gstatic.com/android/market/merchandising/ocean/phone/2012_02_14/vvLvUuAVvdIC.jpg LOW 22
02-21 17:30:55.704  1571  1573 D dalvikvm: GC_CONCURRENT freed 384K, 7% free 9326K/9927K, paused 5ms+3ms
02-21 17:30:55.786  1100  1100 D Finsky  : [1] DownloadCompleteListener.onProgress: Download Download : : onProgress called with 315029/3708455 Status: 192.
02-21 17:30:57.305  1100  1100 D Finsky  : [1] DownloadCompleteListener.onProgress: Download Download : : onProgress called with 370806/3708455 Status: 192.
02-21 17:30:57.341  1100  1120 D Volley  : [136] BasicNetwork.logSlowRequests: HTTP response for request=<[ ] http://lh4.ggpht.com/q2fDzNCDCHSjeyvRyAIGMD-mFHo84rY5VVEeNlfmBavHBve0dirR8bskl55JfYfwBfXC LOW 21> [lifetime=14183], [size=45753], [rc=200], [retryCount=1]
02-21 17:30:57.380  1100  1120 D dalvikvm: GC_FOR_ALLOC freed 876K, 12% free 12117K/13639K, paused 34ms
02-21 17:30:57.380  1100  1120 I dalvikvm-heap: Grow heap (frag case) to 12.392MB for 512016-byte allocation
02-21 17:30:57.430  1100  1100 D dalvikvm: GC_FOR_ALLOC freed 3K, 11% free 12614K/14151K, paused 37ms
02-21 17:30:57.509  1100  1120 D dalvikvm: GC_FOR_ALLOC freed 26K, 11% free 12614K/14151K, paused 30ms
02-21 17:30:57.509  1100  1120 I dalvikvm-heap: Grow heap (frag case) to 12.818MB for 449296-byte allocation
02-21 17:30:57.551  1100  1100 D dalvikvm: GC_FOR_ALLOC freed <1K, 11% free 13053K/14599K, paused 30ms
02-21 17:30:57.634  1100  1100 D Volley  : [1] Request.finish: 14478 ms: [ ] http://lh4.ggpht.com/q2fDzNCDCHSjeyvRyAIGMD-mFHo84rY5VVEeNlfmBavHBve0dirR8bskl55JfYfwBfXC LOW 21
02-21 17:30:57.911  1100  1115 D Volley  : [131] BasicNetwork.logSlowRequests: HTTP response for request=<[ ] https://android.clients.google.com/fdfe/search?c=0&q=google%20phone NORMAL 29> [lifetime=11246], [size=43842], [rc=200], [retryCount=1]
02-21 17:30:58.094  1100  1100 D Volley  : [1] Request.finish: 11434 ms: [ ] https://android.clients.google.com/fdfe/search?c=0&q=google%20phone NORMAL 29
02-21 17:30:58.692   214   214 D dalvikvm: GC_FOR_ALLOC freed 421K, 8% free 9674K/10503K, paused 52ms
02-21 17:30:58.825   214   216 D dalvikvm: GC_CONCURRENT freed 474K, 8% free 9679K/10503K, paused 2ms+5ms
02-21 17:30:58.841  1100  1107 I dalvikvm: Jit: resizing JitTable from 4096 to 8192
02-21 17:30:58.930  1100  1100 D Finsky  : [1] DownloadCompleteListener.onProgress: Download Download : : onProgress called with 421283/3708455 Status: 192.
02-21 17:30:59.813    82   126 D AudioHardware: AudioHardware pcm playback is exiting standby.
02-21 17:30:59.813    82   126 D AudioHardware: openPcmOut_l() mPcmOpenCnt: 0
02-21 17:30:59.993  1100  1102 D dalvikvm: GC_CONCURRENT freed 1071K, 10% free 13237K/14599K, paused 2ms+11ms
02-21 17:31:00.438  1100  1100 D Finsky  : [1] DownloadCompleteListener.onProgress: Download Download : : onProgress called with 488144/3708455 Status: 192.
02-21 17:31:02.903    82   126 D AudioHardware: AudioHardware pcm playback is going to standby.
02-21 17:31:02.903    82   126 D AudioHardware: closePcmOut_l() mPcmOpenCnt: 1
02-21 17:31:03.337  1100  1100 D Finsky  : [1] DownloadCompleteListener.onProgress: Download Download : : onProgress called with 531754/3708455 Status: 192.
02-21 17:31:04.169  1100  1119 D Volley  : [135] BasicNetwork.logSlowRequests: HTTP response for request=<[ ] http://www.gstatic.com/android/market/merchandising/youtube/phone/2012_02_14/yCNvh-mcsRc.jpg LOW 20> [lifetime=21296], [size=30933], [rc=200], [retryCount=2]
02-21 17:31:04.227  1100  1119 D dalvikvm: GC_FOR_ALLOC freed 396K, 7% free 13689K/14599K, paused 29ms
02-21 17:31:04.247  1100  1100 D Volley  : [1] Request.finish: 21377 ms: [ ] http://www.gstatic.com/android/market/merchandising/youtube/phone/2012_02_14/yCNvh-mcsRc.jpg LOW 20
02-21 17:31:04.743  1100  1122 D Volley  : [138] BasicNetwork.logSlowRequests: HTTP response for request=<[ ] http://lh3.ggpht.com/dkkusNp6ktugh0Yg1vW3i5aP4Jap3N1ejHgtMveF0yNP9-1KGXDKouvQJbUf_HaYf_g LOW 24> [lifetime=9723], [size=41520], [rc=200], [retryCount=1]
02-21 17:31:04.794  1100  1122 D dalvikvm: GC_FOR_ALLOC freed 629K, 9% free 13742K/15047K, paused 46ms
02-21 17:31:04.798  1100  1122 I dalvikvm-heap: Grow heap (frag case) to 13.979MB for 512016-byte allocation
02-21 17:31:04.856  1100  1100 D dalvikvm: GC_FOR_ALLOC freed <1K, 9% free 14241K/15559K, paused 42ms
02-21 17:31:04.887  1100  1100 D Volley  : [1] Request.finish: 21702 ms: [ ] http://lh3.ggpht.com/dkkusNp6ktugh0Yg1vW3i5aP4Jap3N1ejHgtMveF0yNP9-1KGXDKouvQJbUf_HaYf_g LOW 24
02-21 17:31:05.829  1100  1100 D Finsky  : [1] DownloadCompleteListener.onProgress: Download Download : : onProgress called with 535971/3708455 Status: 192.
02-21 17:31:06.348  1100  1115 D Volley  : [131] BasicNetwork.logSlowRequests: HTTP response for request=<[ ] https://market.android.com/suggest/SuggRequest?query=google%20phone&json=1&hl=en&gl=US NORMAL 32> [lifetime=8282], [size=66], [rc=200], [retryCount=0]
02-21 17:31:06.348  1100  1100 D Volley  : [1] Request.finish: 14187 ms: [ ] https://market.android.com/suggest/SuggRequest?query=google%20phone&json=1&hl=en&gl=US NORMAL 32
02-21 17:31:06.380   742   742 D OpenGLRenderer: Flushing caches (mode 1)
02-21 17:31:07.274  1100  1116 D Volley  : [132] BasicNetwork.logSlowRequests: HTTP response for request=<[ ] https://android.clients.google.com/vending/api/ApiRequest NORMAL 30 PurchaseMetadataRequestProto> [lifetime=15280], [size=1331], [rc=200], [retryCount=0]
02-21 17:31:07.337  1100  1100 D Finsky  : [1] 1.onResponse: Received and stored 130 billing countries.
02-21 17:31:07.341  1100  1100 D Volley  : [1] Request.finish: 16509 ms: [ ] https://android.clients.google.com/vending/api/ApiRequest NORMAL 30 PurchaseMetadataRequestProto
02-21 17:31:07.372   742   742 D OpenGLRenderer: Flushing caches (mode 1)
02-21 17:31:07.798  1100  1121 D Volley  : [137] BasicNetwork.logSlowRequests: HTTP response for request=<[ ] http://www.gstatic.com/android/market/merchandising/ocean/phone/2012_02_08/EaeAGqvT4kIC.jpg LOW 25> [lifetime=12439], [size=28921], [rc=200], [retryCount=2]
02-21 17:31:07.887  1100  1121 D dalvikvm: GC_FOR_ALLOC freed 1009K, 9% free 14666K/16007K, paused 28ms
02-21 17:31:07.911  1100  1100 D Volley  : [1] Request.finish: 24720 ms: [ ] http://www.gstatic.com/android/market/merchandising/ocean/phone/2012_02_08/EaeAGqvT4kIC.jpg LOW 25
02-21 17:31:08.313  1100  1120 D Volley  : [136] BasicNetwork.logSlowRequests: HTTP response for request=<[ ] http://i.ytimg.com/vi/U6kFQa9P6Z0/movieposter.jpg LOW 26> [lifetime=10684], [size=25412], [rc=200], [retryCount=1]
02-21 17:31:08.344  1100  1100 D Volley  : [1] Request.finish: 25142 ms: [ ] http://i.ytimg.com/vi/U6kFQa9P6Z0/movieposter.jpg LOW 26
02-21 17:31:08.481  1100  1100 D Finsky  : [1] DownloadCompleteListener.onProgress: Download Download : : onProgress called with 612349/3708455 Status: 192.
02-21 17:31:10.399  1100  1100 D Finsky  : [1] DownloadCompleteListener.onProgress: Download Download : : onProgress called with 617770/3708455 Status: 192.
02-21 17:31:12.548   742   742 D OpenGLRenderer: Flushing caches (mode 1)
02-21 17:31:13.055  1100  1119 D Volley  : [135] BasicNetwork.logSlowRequests: HTTP response for request=<[ ] http://i.ytimg.com/vi/5fGgt0dLOks/movieposter.jpg LOW 27> [lifetime=8806], [size=26053], [rc=200], [retryCount=1]
02-21 17:31:13.098  1100  1100 D Volley  : [1] Request.finish: 29886 ms: [ ] http://i.ytimg.com/vi/5fGgt0dLOks/movieposter.jpg LOW 27
02-21 17:31:13.126  1100  1100 D Finsky  : [1] DownloadCompleteListener.onProgress: Download Download : : onProgress called with 627287/3708455 Status: 192.
02-21 17:31:14.661  1100  1100 D Finsky  : [1] DownloadCompleteListener.onProgress: Download Download : : onProgress called with 650417/3708455 Status: 192.
02-21 17:31:15.219  1100  1116 D Volley  : [132] BasicNetwork.logSlowRequests: HTTP response for request=<[ ] https://android.clients.google.com/vending/api/ApiRequest NORMAL 33 BillingEventRequestProto> [lifetime=7879], [size=32], [rc=200], [retryCount=0]
02-21 17:31:15.247  1100  1100 D Volley  : [1] Request.finish: 20536 ms: [ ] https://android.clients.google.com/vending/api/ApiRequest NORMAL 33 BillingEventRequestProto
02-21 17:31:15.309  1100  1116 D dalvikvm: GC_EXPLICIT freed 1505K, 10% free 14798K/16391K, paused 2ms+6ms
02-21 17:31:15.337   742   742 D OpenGLRenderer: Flushing caches (mode 1)
02-21 17:31:17.110  1100  1120 D Volley  : [136] BasicNetwork.logSlowRequests: HTTP response for request=<[ ] http://i.ytimg.com/vi/iBLjlb-bJcg/movieposter.jpg LOW 36> [lifetime=8755], [size=35501], [rc=200], [retryCount=1]
02-21 17:31:17.130  1100  1100 D Volley  : [1] Request.finish: 18886 ms: [ ] http://i.ytimg.com/vi/iBLjlb-bJcg/movieposter.jpg LOW 36
02-21 17:31:17.712  1100  1100 D Finsky  : [1] DownloadCompleteListener.onProgress: Download Download : : onProgress called with 687281/3708455 Status: 192.
02-21 17:31:17.817   145   327 D dalvikvm: GC_EXPLICIT freed 860K, 15% free 13463K/15751K, paused 6ms+6ms
02-21 17:31:18.723  1100  1115 D Volley  : [131] BasicNetwork.logSlowRequests: HTTP response for request=<[ ] https://android.clients.google.com/fdfe/details?doc=com.google.android.apps.googlevoice NORMAL 40> [lifetime=12370], [size=3226], [rc=200], [retryCount=1]
02-21 17:31:18.735  1100  1100 D Finsky  : [1] PageFragment.rebindViews: Page [class=DetailsFragment] loaded in [18927 ms]
02-21 17:31:18.997   742   742 D OpenGLRenderer: Flushing caches (mode 1)
02-21 17:31:19.016  1100  1100 D Volley  : [1] Request.finish: 19179 ms: [ ] https://android.clients.google.com/fdfe/details?doc=com.google.android.apps.googlevoice NORMAL 40
02-21 17:31:19.551  1100  1119 D Volley  : [135] BasicNetwork.logSlowRequests: HTTP response for request=<[ ] http://i.ytimg.com/vi/0u1oUsPWWjM/movieposter.jpg LOW 37> [lifetime=6450], [size=29414], [rc=200], [retryCount=1]
02-21 17:31:19.591  1100  1100 D Volley  : [1] Request.finish: 21344 ms: [ ] http://i.ytimg.com/vi/0u1oUsPWWjM/movieposter.jpg LOW 37
02-21 17:31:19.868  1100  1100 D Finsky  : [1] DownloadCompleteListener.onProgress: Download Download : : onProgress called with 791006/3708455 Status: 192.
02-21 17:31:20.376  1100  1121 D Volley  : [137] BasicNetwork.logSlowRequests: HTTP response for request=<[ ] http://lh5.ggpht.com/qf_2JiKDB-Vlu_o7HK1JCPq48Z58HDe-Z1_CpsYBeV9zvzVZN42lpWydZGQRfQmz8Qo LOW 35> [lifetime=12455], [size=64172], [rc=200], [retryCount=1]
02-21 17:31:20.426  1100  1100 D Volley  : [1] Request.finish: 22271 ms: [ ] http://lh5.ggpht.com/qf_2JiKDB-Vlu_o7HK1JCPq48Z58HDe-Z1_CpsYBeV9zvzVZN42lpWydZGQRfQmz8Qo LOW 35
02-21 17:31:21.356  1100  1116 D Volley  : [132] BasicNetwork.logSlowRequests: HTTP response for request=<[ ] https://android.clients.google.com/fdfe/log NORMAL 41> [lifetime=6119], [size=4], [rc=200], [retryCount=0]
02-21 17:31:21.364  1100  1100 V Finsky  : [1] 1.onResponse: Logged 5 analytics events successfully.
02-21 17:31:21.364  1100  1100 D Volley  : [1] Request.finish: 8267 ms: [ ] https://android.clients.google.com/fdfe/log NORMAL 41
02-21 17:31:21.411   742   742 D OpenGLRenderer: Flushing caches (mode 1)
02-21 17:31:21.442  1100  1102 D dalvikvm: GC_CONCURRENT freed 1444K, 10% free 15240K/16775K, paused 2ms+7ms
02-21 17:31:21.462  1100  1100 D Finsky  : [1] DownloadCompleteListener.onProgress: Download Download : : onProgress called with 829195/3708455 Status: 192.
02-21 17:31:23.118  1100  1100 D Finsky  : [1] DownloadCompleteListener.onProgress: Download Download : : onProgress called with 897502/3708455 Status: 192.
02-21 17:31:23.973  1100  1120 D Volley  : [136] BasicNetwork.logSlowRequests: HTTP response for request=<[ ] http://bks4.books.google.com/books?id=CPidKIKIZ58C&printsec=frontcover&img=1&zoom=1&source=ge-phone-market LOW 38> [lifetime=6834], [size=9736], [rc=200], [retryCount=1]
02-21 17:31:24.012  1100  1100 D Volley  : [1] Request.finish: 25191 ms: [ ] http://bks4.books.google.com/books?id=CPidKIKIZ58C&printsec=frontcover&img=1&zoom=1&source=ge-phone-market LOW 38
02-21 17:31:24.606  1100  1100 D Finsky  : [1] DownloadCompleteListener.onProgress: Download Download : : onProgress called with 915332/3708455 Status: 192.
02-21 17:31:26.153  1100  1100 D Finsky  : [1] DownloadCompleteListener.onProgress: Download Download : : onProgress called with 979422/3708455 Status: 192.
02-21 17:31:26.575  1100  1119 D Volley  : [135] BasicNetwork.logSlowRequests: HTTP response for request=<[ ] http://bks7.books.google.com/books?id=V1u1f8sv3k8C&printsec=frontcover&img=1&zoom=1&source=ge-phone-market LOW 39> [lifetime=6974], [size=9547], [rc=200], [retryCount=1]
02-21 17:31:26.587  1100  1100 D Volley  : [1] Request.finish: 27759 ms: [ ] http://bks7.books.google.com/books?id=V1u1f8sv3k8C&printsec=frontcover&img=1&zoom=1&source=ge-phone-market LOW 39
02-21 17:31:27.688   742   742 D OpenGLRenderer: Flushing caches (mode 1)
02-21 17:31:27.829   742   742 D OpenGLRenderer: Flushing caches (mode 1)
02-21 17:31:27.938  1100  1100 D Finsky  : [1] DownloadCompleteListener.onProgress: Download Download : : onProgress called with 1009419/3708455 Status: 192.
02-21 17:31:28.997   693  2044 I Gmail   : MainSyncRequestProto: lowestBkwdConvoId: 0, highestHandledServerOp: 2208964, normalSync: true
02-21 17:31:29.071   742   742 D OpenGLRenderer: Flushing caches (mode 1)
02-21 17:31:30.575  1100  1100 D Finsky  : [1] DownloadCompleteListener.onProgress: Download Download : : onProgress called with 1021707/3708455 Status: 192.
02-21 17:31:31.286   693  2044 D dalvikvm: GC_EXPLICIT freed 163K, 3% free 10487K/10759K, paused 12ms+6ms
02-21 17:31:31.290   693  2044 I Gmail   : MainSyncRequestProto: lowestBkwdConvoId: 0, highestHandledServerOp: 2208968, normalSync: true
02-21 17:31:31.305   693  2044 W Gmail   : Scheduling index for 300000 ms from now
02-21 17:31:31.380   801  1008 I PhoneLab-: Service Running
02-21 17:31:31.442   801  1008 I PhoneLab-LoggerService: app_34    1012  801   1440   1064  c00f1758 40039794 S logcat
02-21 17:31:31.446   801  1008 I PhoneLab-LoggerService: Logcat pid from database 1012
02-21 17:31:31.446   801  1008 I PhoneLab-LoggerService: Logcat process found 1012
02-21 17:31:31.450   801  1008 I PhoneLab-LoggerService: Checking Threshold
02-21 17:31:31.477   801   804 D dalvikvm: GC_CONCURRENT freed 445K, 21% free 9221K/11591K, paused 4ms+5ms
02-21 17:31:32.098  1100  1120 D Volley  : [136] BasicNetwork.logSlowRequests: HTTP response for request=<[ ] http://lh5.ggpht.com/Tl-22rv4-LxJphXE4SwbTblytf-uvveON20khXXLO_7PPHkhdhFk8fucgFfRL-mWM7E LOW 47> [lifetime=8074], [size=32248], [rc=200], [retryCount=1]
02-21 17:31:32.149  1100  1120 D dalvikvm: GC_FOR_ALLOC freed 1323K, 9% free 15375K/16839K, paused 48ms
02-21 17:31:32.204  1100  1120 D dalvikvm: GC_FOR_ALLOC freed 57K, 10% free 15894K/17479K, paused 33ms
02-21 17:31:32.216  1100  1100 D Volley  : [1] Request.finish: 13202 ms: [ ] http://lh5.ggpht.com/Tl-22rv4-LxJphXE4SwbTblytf-uvveON20khXXLO_7PPHkhdhFk8fucgFfRL-mWM7E LOW 47
02-21 17:31:32.219  1100  1100 D Finsky  : [1] DownloadCompleteListener.onProgress: Download Download : : onProgress called with 1099531/3708455 Status: 192.
02-21 17:31:33.430  1100  1122 D Volley  : [138] BasicNetwork.logSlowRequests: HTTP response for request=<[ ] http://lh5.ggpht.com/YRcM4wyliIHFqv4H-2e3s4ol7xUJoe-Eergyc1ekD0CIb61AgMJ2ZK-IBntdwGrQe0Y LOW 34> [lifetime=28535], [size=137347], [rc=200], [retryCount=2]
02-21 17:31:33.481  1100  1100 D Volley  : [1] Request.finish: 35329 ms: [ ] http://lh5.ggpht.com/YRcM4wyliIHFqv4H-2e3s4ol7xUJoe-Eergyc1ekD0CIb61AgMJ2ZK-IBntdwGrQe0Y LOW 34
02-21 17:31:33.524  1100  1118 D dalvikvm: GC_FOR_ALLOC freed 1295K, 13% free 15665K/17991K, paused 31ms
02-21 17:31:33.559  1100  1100 D Volley  : [1] Request.finish: 14776 ms: [ ] http://lh5.ggpht.com/YRcM4wyliIHFqv4H-2e3s4ol7xUJoe-Eergyc1ekD0CIb61AgMJ2ZK-IBntdwGrQe0Y LOW 42
02-21 17:31:33.747  1100  1100 D Finsky  : [1] DownloadCompleteListener.onProgress: Download Download : : onProgress called with 1113265/3708455 Status: 192.
02-21 17:31:34.137  1100  1116 D Volley  : [132] BasicNetwork.logSlowRequests: HTTP response for request=<[ ] https://android.clients.google.com/fdfe/rev?doc=com.google.android.apps.googlevoice NORMAL 44> [lifetime=12761], [size=5664], [rc=200], [retryCount=1]
02-21 17:31:34.227   742   742 D OpenGLRenderer: Flushing caches (mode 1)
02-21 17:31:34.259  1100  1100 D Volley  : [1] Request.finish: 15254 ms: [ ] https://android.clients.google.com/fdfe/rev?doc=com.google.android.apps.googlevoice NORMAL 44
02-21 17:31:34.926  1100  1115 D Volley  : [131] BasicNetwork.logSlowRequests: HTTP response for request=<[ ] https://android.clients.google.com/fdfe/rec?c=3&rt=4&doc=com.google.android.apps.googlevoice NORMAL 43> [lifetime=15958], [size=11606], [rc=200], [retryCount=1]
02-21 17:31:35.005   742   742 D OpenGLRenderer: Flushing caches (mode 1)
02-21 17:31:35.005  1100  1100 D Volley  : [1] Request.finish: 16045 ms: [ ] https://android.clients.google.com/fdfe/rec?c=3&rt=4&doc=com.google.android.apps.googlevoice NORMAL 43
02-21 17:31:35.551  1100  1121 D Volley  : [137] BasicNetwork.logSlowRequests: HTTP response for request=<[ ] http://lh5.ggpht.com/0ZbgSal-vCZflZQeve6knrACdEi1PiefDvPJ_pQdCxgrj9M_rUjVEED7PHSyRfnEuuQ LOW 46> [lifetime=15115], [size=54876], [rc=200], [retryCount=2]
02-21 17:31:35.610  1100  1121 D dalvikvm: GC_FOR_ALLOC freed 1505K, 14% free 15642K/17991K, paused 55ms
02-21 17:31:35.645  1100  1100 D Volley  : [1] Request.finish: 16634 ms: [ ] http://lh5.ggpht.com/0ZbgSal-vCZflZQeve6knrACdEi1PiefDvPJ_pQdCxgrj9M_rUjVEED7PHSyRfnEuuQ LOW 46
02-21 17:31:35.653  1100  1100 D Finsky  : [1] DownloadCompleteListener.onProgress: Download Download : : onProgress called with 1137720/3708455 Status: 192.
02-21 17:31:37.208  1100  1100 D Finsky  : [1] DownloadCompleteListener.onProgress: Download Download : : onProgress called with 1195064/3708455 Status: 192.
02-21 17:31:37.286  1571  1573 D dalvikvm: GC_CONCURRENT freed 319K, 6% free 9391K/9927K, paused 2ms+6ms
02-21 17:31:38.274  1100  1115 D Volley  : [131] BasicNetwork.logSlowRequests: HTTP response for request=<[ ] https://android.clients.google.com/fdfe/log NORMAL 48> [lifetime=3312], [size=4], [rc=200], [retryCount=0]
02-21 17:31:38.274  1100  1100 V Finsky  : [1] 1.onResponse: Logged 1 analytics events successfully.
02-21 17:31:38.278  1100  1100 D Volley  : [1] Request.finish: 4528 ms: [ ] https://android.clients.google.com/fdfe/log NORMAL 48
02-21 17:31:38.926   742   742 D OpenGLRenderer: Flushing caches (mode 1)
02-21 17:31:39.469  1100  1100 D Finsky  : [1] DownloadCompleteListener.onProgress: Download Download : : onProgress called with 1263250/3708455 Status: 192.
02-21 17:31:41.653  1100  1116 D Volley  : [132] BasicNetwork.logSlowRequests: HTTP response for request=<[ ] https://android.clients.google.com/fdfe/rec?c=3&rt=1&doc=com.google.android.apps.googlevoice NORMAL 45> [lifetime=7442], [size=12402], [rc=200], [retryCount=1]
02-21 17:31:41.653  1100  1100 D Finsky  : [1] DownloadCompleteListener.onProgress: Download Download : : onProgress called with 1302885/3708455 Status: 192.
02-21 17:31:41.727  1100  1100 D Volley  : [1] Request.finish: 22717 ms: [ ] https://android.clients.google.com/fdfe/rec?c=3&rt=1&doc=com.google.android.apps.googlevoice NORMAL 45
02-21 17:31:43.602  1100  1100 D Finsky  : [1] DownloadCompleteListener.onProgress: Download Download : : onProgress called with 1360108/3708455 Status: 192.
02-21 17:31:43.676  1100  1102 D dalvikvm: GC_CONCURRENT freed 1579K, 12% free 15994K/17991K, paused 3ms+5ms
02-21 17:31:46.032  1100  1100 D Finsky  : [1] DownloadCompleteListener.onProgress: Download Download : : onProgress called with 1388780/3708455 Status: 192.
02-21 17:31:48.544  1100  1100 D Finsky  : [1] DownloadCompleteListener.onProgress: Download Download : : onProgress called with 1410585/3708455 Status: 192.
02-21 17:31:50.770  1100  1100 D Finsky  : [1] DownloadCompleteListener.onProgress: Download Download : : onProgress called with 1424198/3708455 Status: 192.
02-21 17:31:51.044   145   201 D ConnectivityService: stopUsingNetworkFeature: teardown net 0: enableHIPRI
02-21 17:31:53.134  1100  1100 D Finsky  : [1] DownloadCompleteListener.onProgress: Download Download : : onProgress called with 1461062/3708455 Status: 192.
02-21 17:31:53.208  1100  1120 D Volley  : [136] BasicNetwork.logSlowRequests: HTTP response for request=<[ ] http://lh5.ggpht.com/OexuZdK86Cz197aM28ZzqX5xdMTNgLp3vqHlEJ2erVEtL-hqoRVTfqX4o0TATK_siWY LOW 51> [lifetime=11509], [size=169074], [rc=200], [retryCount=1]
02-21 17:31:53.262  1100  1100 D Volley  : [1] Request.finish: 11569 ms: [ ] http://lh5.ggpht.com/OexuZdK86Cz197aM28ZzqX5xdMTNgLp3vqHlEJ2erVEtL-hqoRVTfqX4o0TATK_siWY LOW 51
02-21 17:31:54.653  1100  1100 D Finsky  : [1] DownloadCompleteListener.onProgress: Download Download : : onProgress called with 1484192/3708455 Status: 192.
02-21 17:31:56.063  1100  1122 D dalvikvm: GC_FOR_ALLOC freed 1376K, 12% free 15981K/17991K, paused 56ms
02-21 17:31:56.083  1100  1122 D Volley  : [138] BasicNetwork.logSlowRequests: HTTP response for request=<[ ] http://lh4.ggpht.com/XedJW7CNEzwRuIrMMzRGl8EA6AtZjwEtNqQMHkWFEWKJsKLsQ9tA0PGn3ZI3Ewlx LOW 52> [lifetime=14379], [size=96627], [rc=200], [retryCount=2]
02-21 17:31:56.134  1100  1100 D Volley  : [1] Request.finish: 14433 ms: [ ] http://lh4.ggpht.com/XedJW7CNEzwRuIrMMzRGl8EA6AtZjwEtNqQMHkWFEWKJsKLsQ9tA0PGn3ZI3Ewlx LOW 52
02-21 17:31:56.165  1100  1100 D Finsky  : [1] DownloadCompleteListener.onProgress: Download Download : : onProgress called with 1516960/3708455 Status: 192.
02-21 17:31:56.731   742   742 D OpenGLRenderer: Flushing caches (mode 1)
02-21 17:31:57.696  1100  1100 D Finsky  : [1] DownloadCompleteListener.onProgress: Download Download : : onProgress called with 1544307/3708455 Status: 192.
02-21 17:31:58.055  1100  1119 D Volley  : [135] BasicNetwork.logSlowRequests: HTTP response for request=<[ ] http://lh6.ggpht.com/Ye7QprDy5L5FtJ3x4o6YA5b9Fh_Yo8j1keIxKnIcIJLIAm6kkQoOpYzH0XCwf431ZA LOW 54> [lifetime=16327], [size=28496], [rc=200], [retryCount=2]
02-21 17:31:58.106  1100  1100 D Volley  : [1] Request.finish: 16387 ms: [ ] http://lh6.ggpht.com/Ye7QprDy5L5FtJ3x4o6YA5b9Fh_Yo8j1keIxKnIcIJLIAm6kkQoOpYzH0XCwf431ZA LOW 54
02-21 17:31:58.809   742  1212 D dalvikvm: GC_EXPLICIT freed 180K, 8% free 9491K/10311K, paused 2ms+3ms
02-21 17:31:58.825   742   742 D OpenGLRenderer: Flushing caches (mode 1)
02-21 17:31:59.352  1100  1100 D Finsky  : [1] DownloadCompleteListener.onProgress: Download Download : : onProgress called with 1568883/3708455 Status: 192.
02-21 17:32:00.915  1100  1100 D Finsky  : [1] DownloadCompleteListener.onProgress: Download Download : : onProgress called with 1602976/3708455 Status: 192.
02-21 17:32:01.880  1100  1121 D Volley  : [137] BasicNetwork.logSlowRequests: HTTP response for request=<[ ] http://lh3.ggpht.com/CTMe3SdfdRXbq2AR59y70fSSYVDGKNR1pBzl-RVy9O6TRk8dTbBvIh1dBZqaEOozdIU LOW 53> [lifetime=20160], [size=58500], [rc=200], [retryCount=2]
02-21 17:32:01.919  1100  1100 D Volley  : [1] Request.finish: 20205 ms: [ ] http://lh3.ggpht.com/CTMe3SdfdRXbq2AR59y70fSSYVDGKNR1pBzl-RVy9O6TRk8dTbBvIh1dBZqaEOozdIU LOW 53
02-21 17:32:03.852  1100  1100 D Finsky  : [1] DownloadCompleteListener.onProgress: Download Download : : onProgress called with 1618035/3708455 Status: 192.
02-21 17:32:05.829  1100  1115 D Volley  : [131] BasicNetwork.logSlowRequests: HTTP response for request=<[ ] https://android.clients.google.com/fdfe/log NORMAL 55> [lifetime=9137], [size=4], [rc=200], [retryCount=1]
02-21 17:32:05.829  1100  1100 V Finsky  : [1] 1.onResponse: Logged 2 analytics events successfully.
02-21 17:32:05.833  1100  1100 D Volley  : [1] Request.finish: 9140 ms: [ ] https://android.clients.google.com/fdfe/log NORMAL 55
02-21 17:32:05.860  1100  1100 D Finsky  : [1] DownloadCompleteListener.onProgress: Download Download : : onProgress called with 1723085/3708455 Status: 192.
02-21 17:32:07.540  1100  1100 D Finsky  : [1] DownloadCompleteListener.onProgress: Download Download : : onProgress called with 1877408/3708455 Status: 192.
02-21 17:32:08.684   145   172 I power   : *** set_screen_state 0
02-21 17:32:08.743    79   121 D SurfaceFlinger: About to give-up screen, flinger = 0xa28918
02-21 17:32:08.844   330  1501 D NfcService: NFC-C OFF, disconnect
02-21 17:32:09.630  1100  1100 D Finsky  : [1] DownloadCompleteListener.onProgress: Download Download : : onProgress called with 1971616/3708455 Status: 192.
02-21 17:32:10.637  1100  1100 D Finsky  : [1] DownloadCompleteListener.onProgress: Download Download : : onProgress called with 2024743/3708455 Status: 192.
02-21 17:32:12.153  1100  1100 D Finsky  : [1] DownloadCompleteListener.onProgress: Download Download : : onProgress called with 2067149/3708455 Status: 192.
02-21 17:32:13.899   145   147 D dalvikvm: GC_CONCURRENT freed 735K, 13% free 13762K/15751K, paused 16ms+5ms
02-21 17:32:13.954   145   176 D dalvikvm: GC_FOR_ALLOC freed 40K, 11% free 14141K/15751K, paused 40ms
02-21 17:32:13.954   145   176 I dalvikvm-heap: Grow heap (frag case) to 13.986MB for 104992-byte allocation
02-21 17:32:14.009   145   176 D dalvikvm: GC_FOR_ALLOC freed 2K, 11% free 14241K/15879K, paused 40ms
02-21 17:32:14.012   145   176 V TransportControlView: Create TCV com.android.internal.widget.TransportControlView@41639310
02-21 17:32:14.048   742   742 D OpenGLRenderer: Flushing caches (mode 1)
02-21 17:32:14.048   214   214 D PhoneStatusBar: disable: < expand icons alerts ticker system_info back home RECENT* clock >
02-21 17:32:14.071   214   214 D PhoneStatusBar: disable: < expand icons alerts ticker system_info BACK* HOME* RECENT CLOCK* >
02-21 17:32:14.161  1100  1100 D Finsky  : [1] DownloadCompleteListener.onProgress: Download Download : : onProgress called with 2114855/3708455 Status: 192.
02-21 17:32:15.692  1100  1100 D Finsky  : [1] DownloadCompleteListener.onProgress: Download Download : : onProgress called with 2203521/3708455 Status: 192.
02-21 17:32:18.649  1100  1100 D Finsky  : [1] DownloadCompleteListener.onProgress: Download Download : : onProgress called with 2245927/3708455 Status: 192.
02-21 17:32:20.219  1100  1100 D Finsky  : [1] DownloadCompleteListener.onProgress: Download Download : : onProgress called with 2320980/3708455 Status: 192.
02-21 17:32:20.958  1571  1573 D dalvikvm: GC_CONCURRENT freed 395K, 6% free 9394K/9927K, paused 12ms+3ms
02-21 17:32:21.747  1100  1100 D Finsky  : [1] DownloadCompleteListener.onProgress: Download Download : : onProgress called with 2364711/3708455 Status: 192.
02-21 17:32:23.278  1100  1100 D Finsky  : [1] DownloadCompleteListener.onProgress: Download Download : : onProgress called with 2417959/3708455 Status: 192.
02-21 17:32:24.852  1100  1100 D Finsky  : [1] DownloadCompleteListener.onProgress: Download Download : : onProgress called with 2475303/3708455 Status: 192.
02-21 17:32:27.747  1571  1591 D dalvikvm: GC_EXPLICIT freed 168K, 7% free 9286K/9927K, paused 10ms+2ms
02-21 17:32:27.747  1100  1100 D Finsky  : [1] DownloadCompleteListener.onProgress: Download Download : : onProgress called with 2546260/3708455 Status: 192.
02-21 17:32:29.223  1100  1100 D Finsky  : [1] DownloadCompleteListener.onProgress: Download Download : : onProgress called with 2658177/3708455 Status: 192.
02-21 17:32:31.426  1100  1100 D Finsky  : [1] DownloadCompleteListener.onProgress: Download Download : : onProgress called with 2712629/3708455 Status: 192.
02-21 17:32:32.919  1100  1100 D Finsky  : [1] DownloadCompleteListener.onProgress: Download Download : : onProgress called with 2793103/3708455 Status: 192.
02-21 17:32:34.481  1100  1100 D Finsky  : [1] DownloadCompleteListener.onProgress: Download Download : : onProgress called with 2825871/3708455 Status: 192.
02-21 17:32:35.997  1100  1100 D Finsky  : [1] DownloadCompleteListener.onProgress: Download Download : : onProgress called with 2865506/3708455 Status: 192.
02-21 17:32:37.493  1100  1100 D Finsky  : [1] DownloadCompleteListener.onProgress: Download Download : : onProgress called with 2898274/3708455 Status: 192.
02-21 17:32:39.028  1100  1100 D Finsky  : [1] DownloadCompleteListener.onProgress: Download Download : : onProgress called with 2921525/3708455 Status: 192.
02-21 17:32:40.532  1100  1100 D Finsky  : [1] DownloadCompleteListener.onProgress: Download Download : : onProgress called with 2943330/3708455 Status: 192.
02-21 17:32:42.114  1100  1100 D Finsky  : [1] DownloadCompleteListener.onProgress: Download Download : : onProgress called with 2966581/3708455 Status: 192.
02-21 17:32:43.723  1100  1100 D Finsky  : [1] DownloadCompleteListener.onProgress: Download Download : : onProgress called with 3011637/3708455 Status: 192.
02-21 17:32:45.282  1100  1100 D Finsky  : [1] DownloadCompleteListener.onProgress: Download Download : : onProgress called with 3049826/3708455 Status: 192.
02-21 17:32:47.048  1100  1100 D Finsky  : [1] DownloadCompleteListener.onProgress: Download Download : : onProgress called with 3088015/3708455 Status: 192.
02-21 17:32:48.290  1100  1100 D Finsky  : [1] DownloadCompleteListener.onProgress: Download Download : : onProgress called with 3135721/3708455 Status: 192.
02-21 17:32:49.923  1100  1100 D Finsky  : [1] DownloadCompleteListener.onProgress: Download Download : : onProgress called with 3205232/3708455 Status: 192.
02-21 17:32:51.430  1100  1100 D Finsky  : [1] DownloadCompleteListener.onProgress: Download Download : : onProgress called with 3262576/3708455 Status: 192.
02-21 17:32:53.274  1100  1100 D Finsky  : [1] DownloadCompleteListener.onProgress: Download Download : : onProgress called with 3266793/3708455 Status: 192.
02-21 17:32:54.919  1100  1100 D Finsky  : [1] DownloadCompleteListener.onProgress: Download Download : : onProgress called with 3380035/3708455 Status: 192.
02-21 17:32:56.973  1100  1100 D Finsky  : [1] DownloadCompleteListener.onProgress: Download Download : : onProgress called with 3454942/3708455 Status: 192.
02-21 17:32:58.497  1100  1100 D Finsky  : [1] DownloadCompleteListener.onProgress: Download Download : : onProgress called with 3554717/3708455 Status: 192.
02-21 17:33:00.661  1100  1100 D Finsky  : [1] DownloadCompleteListener.onProgress: Download Download : : onProgress called with 3579172/3708455 Status: 192.
02-21 17:33:00.739   145   156 D dalvikvm: GC_EXPLICIT freed 306K, 10% free 14334K/15879K, paused 2ms+5ms
02-21 17:33:01.930  1100  1100 D Finsky  : [1] DownloadCompleteListener.onProgress: Download Download : : onProgress called with 3662538/3708455 Status: 192.
02-21 17:33:03.102  1571  1573 D dalvikvm: GC_CONCURRENT freed 281K, 6% free 9388K/9927K, paused 11ms+2ms
02-21 17:33:03.200  1100  1100 D Finsky  : [1] DownloadCompleteListener.onProgress: Download Download : : onProgress called with 3708455/3708455 Status: 192.
02-21 17:33:04.723  1100  1100 D Finsky  : [1] DownloadCompleteListener.onProgress: Download Download : : onProgress called with 3708455/3708455 Status: 200.
02-21 17:33:04.735  1100  1100 D Finsky  : [1] DownloadBroadcastReceiver.onReceive: Intent received at DownloadBroadcastReceiver
02-21 17:33:04.759  1100  1100 D Finsky  : [1] DownloadImpl.setState: Download '' transitioned from (DOWNLOADING) to (SUCCESS).
02-21 17:33:04.762  1100  1100 D Finsky  : [1] SelfUpdateScheduler.onComplete: Self-update ready to be installed, waiting for market to close.
02-21 17:33:04.762  1100  1100 D Finsky  : [1] DownloadCompleteListener.onComplete: Download Download : : onComplete called
02-21 17:33:04.762  1100  1100 D Finsky  : [1] DownloadQueueImpl.remove: Download Download :  removed from DownloadQueue
02-21 17:33:04.774    84    84 I installd: free_cache(0) avail 960323584
02-21 17:33:08.011   145   176 I power   : *** set_screen_state 1
02-21 17:33:08.066  1100  1100 D Finsky  : [1] PageFragment.rebindViews: Page [class=DetailsFragment] loaded in [128256 ms]
02-21 17:33:08.082   145   176 I WindowManager: Lock screen displayed!
02-21 17:33:08.207    79   121 D SurfaceFlinger: Screen about to return, flinger = 0xa28918
02-21 17:33:08.386  1100  1102 D dalvikvm: GC_CONCURRENT freed 1749K, 11% free 16295K/18119K, paused 11ms+19ms
02-21 17:33:08.972   214   214 D PhoneStatusBar: disable: < expand icons alerts ticker system_info BACK HOME recent* CLOCK >
02-21 17:33:08.996    82   126 D AudioHardware: AudioHardware pcm playback is exiting standby.
02-21 17:33:08.996    82   126 D AudioHardware: openPcmOut_l() mPcmOpenCnt: 0
02-21 17:33:09.004   214   214 D PhoneStatusBar: disable: < expand icons alerts ticker system_info back* home* recent clock* >
02-21 17:33:09.015   330  1317 D NfcService: NFC-C ON
02-21 17:33:09.023   145   156 W InputManagerService: Window already focused, ignoring focus gain of: com.android.internal.view.IInputMethodClient$Stub$Proxy@41605150
02-21 17:33:10.273   145   145 I ActivityManager: START {flg=0x20010000 cmp=com.android.vending/com.google.android.finsky.activities.PurchaseDialog (has extras)} from pid 1100
02-21 17:33:10.359   145   145 D dalvikvm: GC_FOR_ALLOC freed 303K, 11% free 14198K/15879K, paused 59ms
02-21 17:33:10.492   449   452 D dalvikvm: GC_CONCURRENT freed 410K, 11% free 10124K/11335K, paused 3ms+6ms
02-21 17:33:10.574  1100  1100 D Finsky  : [1] SelfUpdateScheduler.checkForSelfUpdate: Skipping self-update check as there is an update already queued.
02-21 17:33:10.617   145   175 I ActivityManager: Displayed com.android.vending/com.google.android.finsky.activities.PurchaseDialog: +254ms
02-21 17:33:10.640  1100  1100 D OpenGLRenderer: Flushing caches (mode 0)
02-21 17:33:10.882  1100  1100 D Finsky  : [1] PageFragment.rebindViews: Page [class=PurchaseFragment] loaded in [198 ms]
02-21 17:33:12.840  1100  1100 D Finsky  : [1] PurchaseFragment.continueCheckoutSizeCheck: No limit to bytes over mobile.
02-21 17:33:12.988   145  1061 D dalvikvm: GC_FOR_ALLOC freed 958K, 16% free 13466K/15879K, paused 70ms
02-21 17:33:13.007   742   742 D OpenGLRenderer: Flushing caches (mode 1)
02-21 17:33:13.316  1100  1102 D dalvikvm: GC_CONCURRENT freed 1913K, 11% free 16450K/18439K, paused 2ms+13ms
02-21 17:33:13.492   145   161 W ActivityManager: Activity pause timeout for ActivityRecord{418b5568 com.android.vending/com.google.android.finsky.activities.PurchaseDialog}
02-21 17:33:13.761  1100  1100 D Finsky  : [1] PageFragment.rebindViews: Page [class=DetailsFragment] loaded in [133952 ms]
02-21 17:33:14.218  1100  1102 D dalvikvm: GC_CONCURRENT freed 1927K, 12% free 16510K/18567K, paused 2ms+12ms
02-21 17:33:14.316  1100  1100 D OpenGLRenderer: Flushing caches (mode 0)
02-21 17:33:14.922  1100  1100 D Finsky  : [1] Installer.downloadAndInstallAsset: Downloading and installing Google Voice.
02-21 17:33:14.925  1100  1100 D Finsky  : [1] DownloadImpl.setState: Download 'Google Voice' transitioned from (null) to (UNQUEUED).
02-21 17:33:14.929  1100  1100 D Finsky  : [1] DownloadImpl.createObbDownload: Skipping obb download with state NOT_APPLICABLE
02-21 17:33:14.929  1100  1100 D Finsky  : [1] DownloadImpl.createObbDownload: Skipping obb download with state NOT_APPLICABLE
02-21 17:33:14.929  1100  1100 D Finsky  : [1] DownloadQueueImpl.add: Download Download : Google Voice added to DownloadQueue
02-21 17:33:14.933  1100  1100 D Finsky  : [1] DownloadImpl.setState: Download 'Google Voice' transitioned from (UNQUEUED) to (QUEUED).
02-21 17:33:14.953    84    84 I installd: free_cache(4608557) avail 960323584
02-21 17:33:14.996   742   742 D OpenGLRenderer: Flushing caches (mode 1)
02-21 17:33:15.090  1100  1100 D Finsky  : [1] DownloadQueueImpl.startDownload: Download Download : Google Voice starting
02-21 17:33:15.172  1100  1100 D Finsky  : [1] DownloadImpl.setState: Download 'Google Voice' transitioned from (QUEUED) to (DOWNLOADING).
02-21 17:33:15.199  1100  1100 D Finsky  : [1] DownloadCompleteListener.onStart: Download Download : Google Voice: onStart called.
02-21 17:33:15.382  1571  2113 I DownloadManager: Initiating request for download 33
02-21 17:33:15.617   214   216 D dalvikvm: GC_CONCURRENT freed 293K, 7% free 9858K/10503K, paused 2ms+3ms
02-21 17:33:15.648  1100  1100 D Finsky  : [1] DownloadCompleteListener.onProgress: Download Download : Google Voice: onProgress called with 0/-1 Status: 192.
02-21 17:33:15.679   214   214 D dalvikvm: GC_FOR_ALLOC freed 470K, 8% free 9670K/10503K, paused 35ms
02-21 17:33:15.847   214   216 D dalvikvm: GC_CONCURRENT freed 264K, 7% free 9856K/10503K, paused 3ms+6ms
02-21 17:33:15.898    82   126 D AudioHardware: AudioHardware pcm playback is going to standby.
02-21 17:33:15.898    82   126 D AudioHardware: closePcmOut_l() mPcmOpenCnt: 1
02-21 17:33:15.972   742   742 D OpenGLRenderer: Flushing caches (mode 1)
02-21 17:33:16.234  1100  1100 D Finsky  : [1] 1.onResponse: Phonesky checkin succeeded for account
02-21 17:33:16.242  1100  1100 D Finsky  : [1] 1.attemptNextSync: Done checking in.
02-21 17:33:16.441  1571  2113 I DownloadManager: Initiating request for download 33
02-21 17:33:17.402  1571  2113 I DownloadManager: Initiating request for download 33
02-21 17:33:17.715  1100  1100 D Finsky  : [1] PageFragment.rebindViews: Page [class=DetailsFragment] loaded in [137903 ms]
02-21 17:33:17.882  1100  1102 D dalvikvm: GC_CONCURRENT freed 1996K, 12% free 16615K/18695K, paused 7ms+10ms
02-21 17:33:18.535  1100  1100 D Finsky  : [1] DownloadCompleteListener.onProgress: Download Download : Google Voice: onProgress called with 0/4608557 Status: 192.
02-21 17:33:18.593  1100  1100 D Finsky  : [1] DownloadCompleteListener.onProgress: Download Download : Google Voice: onProgress called with 7100/4608557 Status: 192.
02-21 17:33:24.011   145   180 I ActivityManager: START {act=android.intent.action.MAIN cat=[android.intent.category.HOME] flg=0x10200000 cmp=com.android.launcher/com.android.launcher2.Launcher} from pid 145
02-21 17:33:24.160  1100  1100 D OpenGLRenderer: Flushing caches (mode 0)
02-21 17:33:24.441  1100  1100 D OpenGLRenderer: Flushing caches (mode 1)
02-21 17:33:24.504  1100  1100 D Finsky  : [1] DownloadCompleteListener.onProgress: Download Download : Google Voice: onProgress called with 104916/4608557 Status: 192.
02-21 17:33:25.340    82   126 D AudioHardware: AudioHardware pcm playback is exiting standby.
02-21 17:33:25.340    82   126 D AudioHardware: openPcmOut_l() mPcmOpenCnt: 0
02-21 17:33:25.629  1335  1338 D dalvikvm: GC_CONCURRENT freed 2893K, 41% free 12099K/20167K, paused 4ms+11ms
02-21 17:33:25.761  1335  1338 D dalvikvm: GC_CONCURRENT freed 326K, 37% free 12784K/20167K, paused 3ms+8ms
02-21 17:33:25.996  1335  1360 D dalvikvm: GC_FOR_ALLOC freed 982K, 40% free 12172K/20167K, paused 35ms
02-21 17:33:26.000  1335  1360 I dalvikvm-heap: Grow heap (frag case) to 13.184MB for 1286224-byte allocation
02-21 17:33:26.043  1335  1349 D dalvikvm: GC_FOR_ALLOC freed 4K, 34% free 13424K/20167K, paused 29ms
02-21 17:33:26.156  1335  1338 D dalvikvm: GC_CONCURRENT freed 141K, 32% free 13846K/20167K, paused 2ms+13ms
02-21 17:33:26.215  1100  1100 D Finsky  : [1] DownloadCompleteListener.onProgress: Download Download : Google Voice: onProgress called with 184600/4608557 Status: 192.
02-21 17:33:26.363  1335  1360 D dalvikvm: GC_FOR_ALLOC freed 1532K, 32% free 13795K/20167K, paused 47ms
02-21 17:33:26.445  1335  1338 D dalvikvm: GC_CONCURRENT freed 14K, 31% free 13987K/20167K, paused 2ms+7ms
02-21 17:33:26.679  1335  1338 D dalvikvm: GC_CONCURRENT freed 1625K, 31% free 13985K/20167K, paused 1ms+4ms
02-21 17:33:26.847  1335  1361 D dalvikvm: GC_FOR_ALLOC freed 1487K, 32% free 13853K/20167K, paused 27ms
02-21 17:33:26.972  1335  1338 D dalvikvm: GC_CONCURRENT freed 1216K, 30% free 14169K/20167K, paused 3ms+12ms
02-21 17:33:27.043  1100  2128 D Finsky  : [176] OnCompleteListenerNotifier.doInBackground: Signature check not required.
02-21 17:33:27.090  1100  1100 W Finsky  : [1] OnCompleteListenerNotifier.onPostExecute: Installing package with no associated asset.
02-21 17:33:27.238   145   165 I ActivityManager: Start proc com.android.defcontainer for service com.android.defcontainer/.DefaultContainerService: pid=2129 uid=10008 gids={1015, 2001}
02-21 17:33:27.547  1100  1100 D Finsky  : [1] DownloadCompleteListener.onProgress: Download Download : Google Voice: onProgress called with 213000/4608557 Status: 192.
02-21 17:33:27.691   145   165 W ActivityManager: No content provider found for permission revoke: file:///data/data/com.android.providers.downloads/cache/downloadfile.apk
02-21 17:33:27.890   742   742 D OpenGLRenderer: Flushing caches (mode 1)
02-21 17:33:28.035   145   165 W ActivityManager: No content provider found for permission revoke: file:///data/data/com.android.providers.downloads/cache/downloadfile.apk
02-21 17:33:28.257   145   147 D dalvikvm: GC_CONCURRENT freed 834K, 15% free 13636K/15879K, paused 50ms+5ms
02-21 17:33:28.437    82   126 D AudioHardware: AudioHardware pcm playback is going to standby.
02-21 17:33:28.437    82   126 D AudioHardware: closePcmOut_l() mPcmOpenCnt: 1
02-21 17:33:28.519   145   147 D dalvikvm: GC_CONCURRENT freed 566K, 12% free 14108K/15879K, paused 3ms+4ms
02-21 17:33:28.988   145   147 D dalvikvm: GC_CONCURRENT freed 816K, 9% free 14480K/15879K, paused 3ms+5ms
02-21 17:33:29.164   145   147 D dalvikvm: GC_CONCURRENT freed 1251K, 10% free 14492K/15943K, paused 3ms+5ms
02-21 17:33:29.168  1100  1100 V Finsky  : [1] 1.onResponse: Logged 2 analytics events successfully.
02-21 17:33:29.336   145   147 D dalvikvm: GC_CONCURRENT freed 1262K, 10% free 14500K/15943K, paused 2ms+5ms
02-21 17:33:29.375    82   126 D AudioHardware: AudioHardware pcm playback is exiting standby.
02-21 17:33:29.375    82   126 D AudioHardware: openPcmOut_l() mPcmOpenCnt: 0
02-21 17:33:29.465   145   316 I ActivityManager: START {act=android.intent.action.MAIN cat=[android.intent.category.LAUNCHER] flg=0x10200000 cmp=com.google.android.calendar/com.android.calendar.AllInOneActivity} from pid 1335
02-21 17:33:29.597  1335  1335 D OpenGLRenderer: Flushing caches (mode 1)
02-21 17:33:29.683   145   316 W InputManagerService: Starting input on non-focused client com.android.internal.view.IInputMethodClient$Stub$Proxy@413360c0 (uid=10022 pid=1335)
02-21 17:33:29.687  1100  1100 D Finsky  : [1] DownloadCompleteListener.onProgress: Download Download : Google Voice: onProgress called with 228456/4608557 Status: 192.
02-21 17:33:29.699  1335  1335 D OpenGLRenderer: Flushing caches (mode 0)
02-21 17:33:29.722   145   397 I ActivityManager: Process com.google.android.talk (pid 817) has died.
02-21 17:33:29.996   145   147 D dalvikvm: GC_CONCURRENT freed 1292K, 10% free 14530K/16007K, paused 3ms+6ms
02-21 17:33:30.238   145   147 D dalvikvm: GC_CONCURRENT freed 1276K, 10% free 14543K/16007K, paused 2ms+5ms
02-21 17:33:30.429   145   147 D dalvikvm: GC_CONCURRENT freed 1298K, 10% free 14538K/16007K, paused 3ms+6ms
02-21 17:33:30.570   145   165 D dalvikvm: GC_EXPLICIT freed 141K, 10% free 14462K/16007K, paused 6ms+13ms
02-21 17:33:30.578  1100  1567 D Finsky  : [152] 1.packageInstalled: Package install status for "com.android.vending" is -104
02-21 17:33:31.140  1100  1100 D Finsky  : [1] DownloadCompleteListener.onProgress: Download Download : Google Voice: onProgress called with 295360/4608557 Status: 192.
02-21 17:33:31.230  1571  1573 D dalvikvm: GC_CONCURRENT freed 434K, 6% free 9359K/9927K, paused 2ms+23ms
02-21 17:33:32.468    82   126 D AudioHardware: AudioHardware pcm playback is going to standby.
02-21 17:33:32.468    82   126 D AudioHardware: closePcmOut_l() mPcmOpenCnt: 1
02-21 17:33:32.652  1100  1100 D Finsky  : [1] DownloadCompleteListener.onProgress: Download Download : Google Voice: onProgress called with 325180/4608557 Status: 192.
02-21 17:33:33.429   801  1008 I PhoneLab-: Service Running
02-21 17:33:33.539   801  1008 I PhoneLab-LoggerService: app_34    1012  801   1440   1060  c00f1758 40039794 S logcat
02-21 17:33:33.539   801  1008 I PhoneLab-LoggerService: Logcat pid from database 1012
02-21 17:33:33.539   801  1008 I PhoneLab-LoggerService: Logcat process found 1012
02-21 17:33:33.539   801  1008 I PhoneLab-LoggerService: Checking Threshold
02-21 17:33:34.234  1100  1100 D Finsky  : [1] DownloadCompleteListener.onProgress: Download Download : Google Voice: onProgress called with 347900/4608557 Status: 192.
02-21 17:33:35.757  1100  1100 D Finsky  : [1] DownloadCompleteListener.onProgress: Download Download : Google Voice: onProgress called with 359096/4608557 Status: 192.
02-21 17:33:36.468  1277  1279 D dalvikvm: GC_CONCURRENT freed 571K, 7% free 9793K/10503K, paused 3ms+4ms
02-21 17:33:37.363  1100  1100 D Finsky  : [1] DownloadCompleteListener.onProgress: Download Download : Google Voice: onProgress called with 400440/4608557 Status: 192.
02-21 17:33:38.840  1100  1100 D Finsky  : [1] DownloadCompleteListener.onProgress: Download Download : Google Voice: onProgress called with 440200/4608557 Status: 192.
02-21 17:33:40.457  1100  1100 D Finsky  : [1] DownloadCompleteListener.onProgress: Download Download : Google Voice: onProgress called with 495580/4608557 Status: 192.
02-21 17:33:42.082  1100  1100 D Finsky  : [1] DownloadCompleteListener.onProgress: Download Download : Google Voice: onProgress called with 541020/4608557 Status: 192.
02-21 17:33:43.543  1100  1100 D Finsky  : [1] DownloadCompleteListener.onProgress: Download Download : Google Voice: onProgress called with 577940/4608557 Status: 192.
02-21 17:33:47.281  1100  1100 D Finsky  : [1] DownloadCompleteListener.onProgress: Download Download : Google Voice: onProgress called with 587716/4608557 Status: 192.
02-21 17:33:48.980  1100  1100 D Finsky  : [1] DownloadCompleteListener.onProgress: Download Download : Google Voice: onProgress called with 658880/4608557 Status: 192.
02-21 17:33:49.257  1277  1279 D dalvikvm: GC_CONCURRENT freed 445K, 8% free 9734K/10503K, paused 2ms+5ms
02-21 17:33:52.867  1100  1100 D Finsky  : [1] DownloadCompleteListener.onProgress: Download Download : Google Voice: onProgress called with 668820/4608557 Status: 192.
02-21 17:33:53.406  1277  1279 D dalvikvm: GC_CONCURRENT freed 385K, 8% free 9734K/10503K, paused 4ms+3ms
02-21 17:33:59.414  1100  1100 D Finsky  : [1] DownloadCompleteListener.onProgress: Download Download : Google Voice: onProgress called with 692796/4608557 Status: 192.
02-21 17:34:01.144  1100  1100 D Finsky  : [1] DownloadCompleteListener.onProgress: Download Download : Google Voice: onProgress called with 738400/4608557 Status: 192.
02-21 17:34:02.777  1100  1100 D Finsky  : [1] DownloadCompleteListener.onProgress: Download Download : Google Voice: onProgress called with 751180/4608557 Status: 192.
02-21 17:34:04.582  1100  1100 D Finsky  : [1] DownloadCompleteListener.onProgress: Download Download : Google Voice: onProgress called with 763960/4608557 Status: 192.
02-21 17:34:04.668  1335  1338 D dalvikvm: GC_CONCURRENT freed 4072K, 42% free 11744K/20167K, paused 2ms+9ms
02-21 17:34:04.750   145  1061 W InputManagerService: Starting input on non-focused client com.android.internal.view.IInputMethodClient$Stub$Proxy@41555f00 (uid=10052 pid=1277)
02-21 17:34:04.800  1335  1360 D dalvikvm: GC_FOR_ALLOC freed 379K, 42% free 11873K/20167K, paused 23ms
02-21 17:34:04.879  1335  1338 D dalvikvm: GC_CONCURRENT freed 9K, 37% free 12767K/20167K, paused 2ms+8ms
02-21 17:34:05.066  1277  1277 D OpenGLRenderer: Flushing caches (mode 0)
02-21 17:34:05.066  1335  1415 D dalvikvm: GC_FOR_ALLOC freed 995K, 40% free 12213K/20167K, paused 46ms
02-21 17:34:05.070  1335  1415 I dalvikvm-heap: Grow heap (frag case) to 13.224MB for 1286224-byte allocation
02-21 17:34:05.129  1335  1360 D dalvikvm: GC_FOR_ALLOC freed 3K, 34% free 13466K/20167K, paused 27ms
02-21 17:34:05.261  1335  1338 D dalvikvm: GC_CONCURRENT freed 249K, 33% free 13587K/20167K, paused 1ms+17ms
02-21 17:34:05.390  1335  1338 D dalvikvm: GC_CONCURRENT freed 1440K, 33% free 13636K/20167K, paused 2ms+8ms
02-21 17:34:05.625  1277  1277 D OpenGLRenderer: Flushing caches (mode 1)
02-21 17:34:06.761  1100  1100 D Finsky  : [1] DownloadCompleteListener.onProgress: Download Download : Google Voice: onProgress called with 790940/4608557 Status: 192.
02-21 17:34:09.566  1100  1100 D Finsky  : [1] DownloadCompleteListener.onProgress: Download Download : Google Voice: onProgress called with 800880/4608557 Status: 192.
02-21 17:34:10.519  1100  1100 D Finsky  : [1] DownloadCompleteListener.onProgress: Download Download : Google Voice: onProgress called with 853420/4608557 Status: 192.
02-21 17:34:12.152  1100  1100 D Finsky  : [1] DownloadCompleteListener.onProgress: Download Download : Google Voice: onProgress called with 873300/4608557 Status: 192.
02-21 17:34:13.699  1100  1100 D Finsky  : [1] DownloadCompleteListener.onProgress: Download Download : Google Voice: onProgress called with 908800/4608557 Status: 192.
02-21 17:34:16.730  1068  1071 D dalvikvm: GC_CONCURRENT freed 371K, 11% free 9769K/10887K, paused 10ms+8ms
02-21 17:34:18.324  1100  1100 D Finsky  : [1] DownloadCompleteListener.onProgress: Download Download : Google Voice: onProgress called with 932940/4608557 Status: 192.
02-21 17:34:19.953  1100  1100 D Finsky  : [1] DownloadCompleteListener.onProgress: Download Download : Google Voice: onProgress called with 1008200/4608557 Status: 192.
02-21 17:34:24.691  1100  1100 D Finsky  : [1] DownloadCompleteListener.onProgress: Download Download : Google Voice: onProgress called with 1029336/4608557 Status: 192.
02-21 17:34:24.742  1571  1573 D dalvikvm: GC_CONCURRENT freed 405K, 6% free 9387K/9927K, paused 1ms+8ms
02-21 17:34:26.199  1100  1100 D Finsky  : [1] DownloadCompleteListener.onProgress: Download Download : Google Voice: onProgress called with 1097660/4608557 Status: 192.
02-21 17:34:27.730  1100  1100 D Finsky  : [1] DownloadCompleteListener.onProgress: Download Download : Google Voice: onProgress called with 1187120/4608557 Status: 192.
02-21 17:34:28.316   214   216 D dalvikvm: GC_CONCURRENT freed 315K, 6% free 9925K/10503K, paused 5ms+4ms
02-21 17:34:29.254  1100  1100 D Finsky  : [1] DownloadCompleteListener.onProgress: Download Download : Google Voice: onProgress called with 1243920/4608557 Status: 192.
02-21 17:34:33.550  1100  1100 D Finsky  : [1] DownloadCompleteListener.onProgress: Download Download : Google Voice: onProgress called with 1265056/4608557 Status: 192.
02-21 17:34:34.414   145  1061 W InputManagerService: Window already focused, ignoring focus gain of: com.android.internal.view.IInputMethodClient$Stub$Proxy@418a6700
02-21 17:34:35.164  1100  1100 D Finsky  : [1] DownloadCompleteListener.onProgress: Download Download : Google Voice: onProgress called with 1289360/4608557 Status: 192.
02-21 17:34:36.664  1100  1100 D Finsky  : [1] DownloadCompleteListener.onProgress: Download Download : Google Voice: onProgress called with 1310660/4608557 Status: 192.
02-21 17:34:39.843  1100  1100 D Finsky  : [1] DownloadCompleteListener.onProgress: Download Download : Google Voice: onProgress called with 1318852/4608557 Status: 192.
02-21 17:34:40.941    82   126 D AudioHardware: AudioHardware pcm playback is exiting standby.
02-21 17:34:40.941    82   126 D AudioHardware: openPcmOut_l() mPcmOpenCnt: 0
02-21 17:34:41.031   145   327 I ActivityManager: START {act=android.intent.action.MAIN cat=[android.intent.category.LAUNCHER] flg=0x10200000 cmp=com.google.android.apps.maps/com.google.android.maps.MapsActivity} from pid 1335
02-21 17:34:41.117   145   316 I ActivityManager: Start proc com.google.android.apps.maps for activity com.google.android.apps.maps/com.google.android.maps.MapsActivity: pid=2184 uid=10025 gids={3003, 1015}
02-21 17:34:41.175  2184  2184 I dalvikvm: Turning on JNI app bug workarounds for target SDK version 13...
02-21 17:34:41.218  1335  1335 D OpenGLRenderer: Flushing caches (mode 1)
02-21 17:34:41.351  2184  2186 D dalvikvm: GC_CONCURRENT freed 171K, 3% free 9363K/9607K, paused 4ms+4ms
02-21 17:34:41.410  1335  1335 D OpenGLRenderer: Flushing caches (mode 0)
02-21 17:34:41.550  1100  1100 D Finsky  : [1] DownloadCompleteListener.onProgress: Download Download : Google Voice: onProgress called with 1421256/4608557 Status: 192.
02-21 17:34:41.554  2184  2184 I ActivityThread: Pub com.google.android.maps.LayerInfoProvider: com.google.googlenav.layer.LayerInfoProvider
02-21 17:34:41.656  2184  2184 I ActivityThread: Pub com.google.android.maps.TrafficAppWidgetProvider: com.google.googlenav.appwidget.traffic.TrafficAppWidgetProvider
02-21 17:34:41.664  2184  2184 I ActivityThread: Pub com.google.android.maps.SuggestionProvider: com.google.googlenav.suggest.android.SuggestProvider
02-21 17:34:41.695  2184  2184 I ActivityThread: Pub com.google.android.maps.LocalActivePlacesProvider: com.google.googlenav.provider.LocalActivePlacesProvider
02-21 17:34:41.699  2184  2184 I ActivityThread: Pub com.google.android.maps.StarredItemProvider: com.google.googlenav.provider.StarredItemProvider
02-21 17:34:41.859  2184  2186 D dalvikvm: GC_CONCURRENT freed 261K, 4% free 9594K/9927K, paused 3ms+2ms
02-21 17:34:42.125  2184  2186 D dalvikvm: GC_CONCURRENT freed 310K, 4% free 9797K/10183K, paused 1ms+3ms
02-21 17:34:42.125  2184  2184 I ActivityThread: Pub com.google.android.maps.LocalSuggestionProvider: com.google.googlenav.provider.LocalSuggestionProvider
02-21 17:34:42.125  2184  2184 I ActivityThread: Pub com.google.android.maps.SearchHistoryProvider: com.google.googlenav.provider.SearchHistoryProvider
02-21 17:34:42.125  2184  2184 I ActivityThread: Pub com.google.android.maps.NavigationAvailabilityProvider: com.google.googlenav.provider.NavigationAvailabilityProvider
02-21 17:34:42.164  2184  2184 D Maps    : Build: 6020014
02-21 17:34:42.371  2184  2186 D dalvikvm: GC_CONCURRENT freed 336K, 4% free 10028K/10439K, paused 5ms+3ms
02-21 17:34:42.683   214   214 V PhoneStatusBar: setLightsOn(true)
02-21 17:34:42.851  2184  2186 D dalvikvm: GC_CONCURRENT freed 217K, 4% free 10242K/10567K, paused 8ms+3ms
02-21 17:34:42.965  1100  1100 D Finsky  : [1] DownloadCompleteListener.onProgress: Download Download : Google Voice: onProgress called with 1456920/4608557 Status: 192.
02-21 17:34:43.062   145  1215 D dalvikvm: GC_EXPLICIT freed 1750K, 15% free 13733K/16007K, paused 3ms+7ms
02-21 17:34:43.144  2184  2184 D libEGL  : loaded /system/lib/egl/libGLES_android.so
02-21 17:34:43.164  2184  2184 D libEGL  : loaded /vendor/lib/egl/libEGL_POWERVR_SGX540_120.so
02-21 17:34:43.199  2184  2184 D libEGL  : loaded /vendor/lib/egl/libGLESv1_CM_POWERVR_SGX540_120.so
02-21 17:34:43.218  2184  2184 D libEGL  : loaded /vendor/lib/egl/libGLESv2_POWERVR_SGX540_120.so
02-21 17:34:43.347  2184  2184 D OpenGLRenderer: Enabling debug mode 0
02-21 17:34:43.715  2184  2186 D dalvikvm: GC_CONCURRENT freed 189K, 3% free 10518K/10823K, paused 30ms+9ms
02-21 17:34:43.820   145   175 I ActivityManager: Displayed com.google.android.apps.maps/com.google.android.maps.MapsActivity: +2s745ms
02-21 17:34:44.031    82   126 D AudioHardware: AudioHardware pcm playback is going to standby.
02-21 17:34:44.031    82   126 D AudioHardware: closePcmOut_l() mPcmOpenCnt: 1
02-21 17:34:49.047  1100  1100 D Finsky  : [1] DownloadCompleteListener.onProgress: Download Download : Google Voice: onProgress called with 1469536/4608557 Status: 192.
02-21 17:34:50.519  1100  1100 D Finsky  : [1] DownloadCompleteListener.onProgress: Download Download : Google Voice: onProgress called with 1512300/4608557 Status: 192.
02-21 17:34:52.043  1100  1100 D Finsky  : [1] DownloadCompleteListener.onProgress: Download Download : Google Voice: onProgress called with 1530760/4608557 Status: 192.
02-21 17:34:53.652  1100  1100 D Finsky  : [1] DownloadCompleteListener.onProgress: Download Download : Google Voice: onProgress called with 1562000/4608557 Status: 192.
02-21 17:34:59.886  1100  1100 D Finsky  : [1] DownloadCompleteListener.onProgress: Download Download : Google Voice: onProgress called with 1594496/4608557 Status: 192.
02-21 17:35:00.250  2184  2186 D dalvikvm: GC_CONCURRENT freed 348K, 4% free 10722K/11143K, paused 8ms+3ms
02-21 17:35:00.488  2184  2186 D dalvikvm: GC_CONCURRENT freed 143K, 3% free 11120K/11399K, paused 16ms+2ms
02-21 17:35:00.871  2184  2186 D dalvikvm: GC_CONCURRENT freed 234K, 3% free 11571K/11911K, paused 8ms+3ms
02-21 17:35:01.000    79   522 W SurfaceTexture: [com.google.android.apps.maps/com.google.android.maps.MapsActivity] cancelBuffer: SurfaceTexture has been abandoned!
02-21 17:35:01.304  2184  2234 D dalvikvm: GC_FOR_ALLOC freed 612K, 7% free 11620K/12487K, paused 30ms
02-21 17:35:01.324   145   156 W InputManagerService: Starting input on non-focused client com.android.internal.view.IInputMethodClient$Stub$Proxy@413360c0 (uid=10022 pid=1335)
02-21 17:35:01.398  1100  1100 D Finsky  : [1] DownloadCompleteListener.onProgress: Download Download : Google Voice: onProgress called with 1719456/4608557 Status: 192.
02-21 17:35:01.574   145   327 I ActivityManager: Process com.android.browser (pid 1166) has died.
02-21 17:35:01.761  2184  2186 D dalvikvm: GC_CONCURRENT freed 680K, 6% free 11861K/12615K, paused 14ms+4ms
02-21 17:35:01.832   145   162 I ActivityManager: Start proc com.google.android.apps.maps:LocationFriendService for broadcast com.google.android.apps.maps/com.google.googlenav.friend.reporting.LocationReportingIntentReceiver: pid=2243 uid=10025 gids={3003, 1015}
02-21 17:35:01.933    80    80 D dalvikvm: GC_EXPLICIT freed 36K, 4% free 9029K/9347K, paused 2ms+3ms
02-21 17:35:01.972    80    80 D dalvikvm: GC_EXPLICIT freed <1K, 4% free 9029K/9347K, paused 1ms+5ms
02-21 17:35:01.992  2243  2243 I dalvikvm: Turning on JNI app bug workarounds for target SDK version 13...
02-21 17:35:02.015    80    80 D dalvikvm: GC_EXPLICIT freed <1K, 4% free 9029K/9347K, paused 2ms+8ms
02-21 17:35:02.218   145   157 I ActivityManager: Process com.android.voicedialer (pid 1130) has died.
02-21 17:35:02.910  2243  2247 D dalvikvm: GC_CONCURRENT freed 177K, 3% free 9357K/9607K, paused 604ms+13ms
02-21 17:35:02.961   145   180 W InputDispatcher: channel '415ad3a8 com.android.settings/com.android.settings.Settings (server)' ~ Consumer closed input channel or an error occurred.  events=0x8
02-21 17:35:02.961   145   180 E InputDispatcher: channel '415ad3a8 com.android.settings/com.android.settings.Settings (server)' ~ Channel is unrecoverably broken and will be disposed!
02-21 17:35:02.961   145   180 W InputDispatcher: Attempted to unregister already unregistered input channel '415ad3a8 com.android.settings/com.android.settings.Settings (server)'
02-21 17:35:02.961   145   180 I WindowManager: WINDOW DIED Window{415ad3a8 com.android.settings/com.android.settings.Settings paused=false}
02-21 17:35:02.965   145   180 W InputDispatcher: channel '41667950 com.android.settings/com.android.settings.wifi.WifiPickerActivity (server)' ~ Consumer closed input channel or an error occurred.  events=0x8
02-21 17:35:02.965   145   180 E InputDispatcher: channel '41667950 com.android.settings/com.android.settings.wifi.WifiPickerActivity (server)' ~ Channel is unrecoverably broken and will be disposed!
02-21 17:35:02.965   145   180 W InputDispatcher: Attempted to unregister already unregistered input channel '41667950 com.android.settings/com.android.settings.wifi.WifiPickerActivity (server)'
02-21 17:35:02.965   145   180 I WindowManager: WINDOW DIED Window{41667950 com.android.settings/com.android.settings.wifi.WifiPickerActivity paused=false}
02-21 17:35:02.968   145   180 W InputDispatcher: channel '41667e10 com.android.settings/com.android.settings.SubSettings (server)' ~ Consumer closed input channel or an error occurred.  events=0x8
02-21 17:35:02.968   145   180 E InputDispatcher: channel '41667e10 com.android.settings/com.android.settings.SubSettings (server)' ~ Channel is unrecoverably broken and will be disposed!
02-21 17:35:02.968   145   180 W InputDispatcher: Attempted to unregister already unregistered input channel '41667e10 com.android.settings/com.android.settings.SubSettings (server)'
02-21 17:35:02.968   145   180 I WindowManager: WINDOW DIED Window{41667e10 com.android.settings/com.android.settings.SubSettings paused=false}
02-21 17:35:02.972   145   180 W InputDispatcher: channel '4167aba8 com.android.settings/com.android.settings.SubSettings (server)' ~ Consumer closed input channel or an error occurred.  events=0x8
02-21 17:35:02.972   145   180 E InputDispatcher: channel '4167aba8 com.android.settings/com.android.settings.SubSettings (server)' ~ Channel is unrecoverably broken and will be disposed!
02-21 17:35:02.972   145   180 W InputDispatcher: Attempted to unregister already unregistered input channel '4167aba8 com.android.settings/com.android.settings.SubSettings (server)'
02-21 17:35:02.972   145   180 I WindowManager: WINDOW DIED Window{4167aba8 com.android.settings/com.android.settings.SubSettings paused=false}
02-21 17:35:02.976   145   397 I ActivityManager: Process com.android.settings (pid 1365) has died.
02-21 17:35:03.875  2243  2261 I SqliteDatabaseCpp: sqlite returned: error code = 5, msg = statement aborts at 1: [PRAGMA journal_mode=TRUNCATE] , db=/data/data/com.google.android.apps.maps/databases/webview.db
02-21 17:35:03.898  1100  1100 D Finsky  : [1] DownloadCompleteListener.onProgress: Download Download : Google Voice: onProgress called with 1775000/4608557 Status: 192.
02-21 17:35:04.031  2184  2186 D dalvikvm: GC_CONCURRENT freed 819K, 7% free 12042K/12935K, paused 14ms+126ms
02-21 17:35:04.238   449  1263 D dalvikvm: GC_EXPLICIT freed 158K, 11% free 10115K/11335K, paused 2ms+25ms
02-21 17:35:04.414  2243  2247 D dalvikvm: GC_CONCURRENT freed 298K, 4% free 9601K/9991K, paused 2ms+15ms
02-21 17:35:04.457  2243  2255 E SQLiteDatabase: close() was never explicitly called on database '/data/data/com.google.android.apps.maps/databases/webview.db' 
02-21 17:35:04.457  2243  2255 E SQLiteDatabase: android.database.sqlite.DatabaseObjectNotClosedException: Application did not close the cursor or database object that was opened here
02-21 17:35:04.457  2243  2255 E SQLiteDatabase: 	at android.database.sqlite.SQLiteDatabase.<init>(SQLiteDatabase.java:1943)
02-21 17:35:04.457  2243  2255 E SQLiteDatabase: 	at android.database.sqlite.SQLiteDatabase.openDatabase(SQLiteDatabase.java:1007)
02-21 17:35:04.457  2243  2255 E SQLiteDatabase: 	at android.database.sqlite.SQLiteDatabase.openDatabase(SQLiteDatabase.java:986)
02-21 17:35:04.457  2243  2255 E SQLiteDatabase: 	at android.database.sqlite.SQLiteDatabase.openDatabase(SQLiteDatabase.java:962)
02-21 17:35:04.457  2243  2255 E SQLiteDatabase: 	at android.database.sqlite.SQLiteDatabase.openOrCreateDatabase(SQLiteDatabase.java:1043)
02-21 17:35:04.457  2243  2255 E SQLiteDatabase: 	at android.database.sqlite.SQLiteDatabase.openOrCreateDatabase(SQLiteDatabase.java:1036)
02-21 17:35:04.457  2243  2255 E SQLiteDatabase: 	at android.app.ContextImpl.openOrCreateDatabase(ContextImpl.java:761)
02-21 17:35:04.457  2243  2255 E SQLiteDatabase: 	at android.content.ContextWrapper.openOrCreateDatabase(ContextWrapper.java:215)
02-21 17:35:04.457  2243  2255 E SQLiteDatabase: 	at android.webkit.WebViewDatabase.initDatabase(WebViewDatabase.java:223)
02-21 17:35:04.457  2243  2255 E SQLiteDatabase: 	at android.webkit.WebViewDatabase.init(WebViewDatabase.java:209)
02-21 17:35:04.457  2243  2255 E SQLiteDatabase: 	at android.webkit.WebViewDatabase.access$000(WebViewDatabase.java:38)
02-21 17:35:04.457  2243  2255 E SQLiteDatabase: 	at android.webkit.WebViewDatabase$1.run(WebViewDatabase.java:190)
02-21 17:35:04.570   145   327 I ActivityManager: START {flg=0x10000000 cmp=com.google.android.apps.maps/com.google.googlenav.login.AndroidLoginActivitySdk5 (has extras)} from pid 2243
02-21 17:35:04.718  1100  1100 D Finsky  : [1] DownloadCompleteListener.onProgress: Download Download : Google Voice: onProgress called with 1860200/4608557 Status: 192.
02-21 17:35:04.843  2184  2186 D dalvikvm: GC_CONCURRENT freed 707K, 6% free 12347K/13127K, paused 7ms+19ms
02-21 17:35:05.027  2243  2247 D dalvikvm: GC_CONCURRENT freed 403K, 6% free 9668K/10183K, paused 2ms+12ms
02-21 17:35:05.105   145   161 W ActivityManager: Activity pause timeout for ActivityRecord{417c2040 com.google.android.apps.maps/com.google.android.maps.MapsActivity}
02-21 17:35:05.437  2184  2186 D dalvikvm: GC_CONCURRENT freed 864K, 7% free 12638K/13575K, paused 2ms+5ms
02-21 17:35:06.242  2184  2212 D dalvikvm: GC_FOR_ALLOC freed 667K, 10% free 12571K/13831K, paused 172ms
02-21 17:35:06.285   214   214 D dalvikvm: GC_FOR_ALLOC freed 420K, 6% free 9939K/10503K, paused 40ms
02-21 17:35:06.343   214   214 D dalvikvm: GC_FOR_ALLOC freed 212K, 6% free 9901K/10503K, paused 46ms
02-21 17:35:06.390  1100  1100 D Finsky  : [1] DownloadCompleteListener.onProgress: Download Download : Google Voice: onProgress called with 1884340/4608557 Status: 192.
02-21 17:35:06.406   214   214 D dalvikvm: GC_FOR_ALLOC freed 182K, 6% free 9901K/10503K, paused 23ms
02-21 17:35:06.597   214   214 D dalvikvm: GC_FOR_ALLOC freed 60K, 6% free 9900K/10503K, paused 113ms
02-21 17:35:06.601   214   214 V PhoneStatusBar: setLightsOn(true)
02-21 17:35:06.640  2184  2234 D dalvikvm: GC_FOR_ALLOC freed 177K, 8% free 12793K/13831K, paused 33ms
02-21 17:35:06.730  2184  2234 D dalvikvm: GC_FOR_ALLOC freed 179K, 9% free 12781K/14023K, paused 38ms
02-21 17:35:06.777  2184  2234 D dalvikvm: GC_FOR_ALLOC freed 158K, 9% free 12777K/14023K, paused 30ms
02-21 17:35:06.812  2184  2234 D dalvikvm: GC_FOR_ALLOC freed 151K, 9% free 12777K/14023K, paused 30ms
02-21 17:35:06.894    87   466 D GPSD    : Generate_RMC : $GPRMC,,,V,,,,,,*31
02-21 17:35:06.894    87   466 D GPSD    :  
02-21 17:35:06.945   214   214 D dalvikvm: GC_FOR_ALLOC freed 19K, 4% free 10114K/10503K, paused 19ms
02-21 17:35:07.418    87   466 D GPSD    : Generate_RMC : $GPRMC,,,V,,,,,,*31
02-21 17:35:07.418    87   466 D GPSD    :  
02-21 17:35:07.683  1100  1100 D Finsky  : [1] DownloadCompleteListener.onProgress: Download Download : Google Voice: onProgress called with 1898540/4608557 Status: 192.
02-21 17:35:07.804   145   147 D dalvikvm: GC_CONCURRENT freed 1105K, 15% free 13683K/16007K, paused 4ms+14ms
02-21 17:35:07.918    87   466 D GPSD    : Generate_RMC : $GPRMC,,,V,,,,,,*31
02-21 17:35:07.918    87   466 D GPSD    :  
02-21 17:35:07.957    82   126 D AudioHardware: AudioHardware pcm playback is exiting standby.
02-21 17:35:07.957    82   126 D AudioHardware: openPcmOut_l() mPcmOpenCnt: 0
02-21 17:35:08.117  2184  2234 D dalvikvm: GC_FOR_ALLOC freed 730K, 7% free 13127K/14087K, paused 55ms
02-21 17:35:08.422    87   466 D GPSD    : Generate_RMC : $GPRMC,,,V,,,,,,*31
02-21 17:35:08.422    87   466 D GPSD    :  
02-21 17:35:08.922    87   466 D GPSD    : Generate_RMC : $GPRMC,,,V,,,,,,*31
02-21 17:35:08.922    87   466 D GPSD    :  
02-21 17:35:09.402  1100  1100 D Finsky  : [1] DownloadCompleteListener.onProgress: Download Download : Google Voice: onProgress called with 1907060/4608557 Status: 192.
02-21 17:35:09.425    87   466 D GPSD    : Generate_RMC : $GPRMC,,,V,,,,,,*31
02-21 17:35:09.425    87   466 D GPSD    :  
02-21 17:35:09.925    87   466 D GPSD    : Generate_RMC : $GPRMC,,,V,,,,,,*31
02-21 17:35:09.925    87   466 D GPSD    :  
02-21 17:35:10.425    87   466 D GPSD    : Generate_RMC : $GPRMC,,,V,,,,,,*31
02-21 17:35:10.425    87   466 D GPSD    :  
02-21 17:35:10.929    87   466 D GPSD    : Generate_RMC : $GPRMC,,,V,,,,,,*31
02-21 17:35:10.929    87   466 D GPSD    :  
02-21 17:35:11.054    82   126 D AudioHardware: AudioHardware pcm playback is going to standby.
02-21 17:35:11.054    82   126 D AudioHardware: closePcmOut_l() mPcmOpenCnt: 1
02-21 17:35:11.320  1100  1100 D Finsky  : [1] DownloadCompleteListener.onProgress: Download Download : Google Voice: onProgress called with 1925520/4608557 Status: 192.
02-21 17:35:11.429    87   466 D GPSD    : Generate_RMC : $GPRMC,,,V,,,,,,*31
02-21 17:35:11.429    87   466 D GPSD    :  
02-21 17:35:11.679  2184  2186 D dalvikvm: GC_CONCURRENT freed 1349K, 10% free 13177K/14599K, paused 2ms+4ms
02-21 17:35:11.757  1571  1573 D dalvikvm: GC_CONCURRENT freed 418K, 6% free 9381K/9927K, paused 44ms+113ms
02-21 17:35:11.929    87   466 D GPSD    : Generate_RMC : $GPRMC,,,V,,,,,,*31
02-21 17:35:11.929    87   466 D GPSD    :  
02-21 17:35:12.429    87   466 D GPSD    : Generate_RMC : $GPRMC,,,V,,,,,,*31
02-21 17:35:12.429    87   466 D GPSD    :  
02-21 17:35:12.703  1100  1100 D Finsky  : [1] DownloadCompleteListener.onProgress: Download Download : Google Voice: onProgress called with 1931200/4608557 Status: 192.
02-21 17:35:12.933    87   466 D GPSD    : Generate_RMC : $GPRMC,,,V,,,,,,*31
02-21 17:35:12.933    87   466 D GPSD    :  
02-21 17:35:13.437    87   466 D GPSD    : Generate_RMC : $GPRMC,,,V,,,,,,*31
02-21 17:35:13.437    87   466 D GPSD    :  
02-21 17:35:13.773   145   180 I ActivityManager: START {act=android.intent.action.MAIN cat=[android.intent.category.HOME] flg=0x10200000 cmp=com.android.launcher/com.android.launcher2.Launcher} from pid 145
02-21 17:35:13.941    87   466 D GPSD    : Generate_RMC : $GPRMC,,,V,,,,,,*31
02-21 17:35:13.941    87   466 D GPSD    :  
02-21 17:35:14.007   801   801 I PhoneLab-phonelab-Locks: wake lock acquired
02-21 17:35:14.039  2184  2184 D OpenGLRenderer: Flushing caches (mode 0)
02-21 17:35:14.047   801  2298 W PhoneLab-PeriodicCheckService: User info is not synched yet
02-21 17:35:14.090  2184  2184 D OpenGLRenderer: Flushing caches (mode 1)
02-21 17:35:14.211   801  2298 I PhoneLab-PeriodicCheckService: Logger Service is running
02-21 17:35:14.211   145   313 W InputManagerService: Starting input on non-focused client com.android.internal.view.IInputMethodClient$Stub$Proxy@4192d578 (uid=10025 pid=2184)
02-21 17:35:14.230   801   801 I PhoneLab-phonelab-Locks: wake lock acquired
02-21 17:35:14.242   801  2298 I PhoneLab-PeriodicCheckService: Rescheduling periodic checking...
02-21 17:35:14.242   801   801 I PhoneLab-StatusMonitor: Status Monitoring is started
02-21 17:35:14.246   801  2298 I PhoneLab-phonelab-Locks: wake lock released
02-21 17:35:14.261   801   801 W System.err: java.io.FileNotFoundException: /data/data/edu.buffalo.cse.phonelab.phonelabservices/files/manifest.xml: open failed: ENOENT (No such file or directory)
02-21 17:35:14.261   801   801 W System.err: 	at libcore.io.IoBridge.open(IoBridge.java:406)
02-21 17:35:14.261   801   801 W System.err: 	at java.io.FileInputStream.<init>(FileInputStream.java:78)
02-21 17:35:14.261   801   801 W System.err: 	at android.app.ContextImpl.openFileInput(ContextImpl.java:610)
02-21 17:35:14.261   801   801 W System.err: 	at android.content.ContextWrapper.openFileInput(ContextWrapper.java:159)
02-21 17:35:14.261   801   801 W System.err: 	at edu.buffalo.cse.phonelab.manifest.PhoneLabManifest.getDocuments(PhoneLabManifest.java:425)
02-21 17:35:14.261   801   801 W System.err: 	at edu.buffalo.cse.phonelab.manifest.PhoneLabManifest.getManifest(PhoneLabManifest.java:69)
02-21 17:35:14.261   801   801 W System.err: 	at edu.buffalo.cse.phonelab.statusmonitor.StatusMonitor.onStartCommand(StatusMonitor.java:40)
02-21 17:35:14.261   801   801 W System.err: 	at android.app.ActivityThread.handleServiceArgs(ActivityThread.java:2359)
02-21 17:35:14.261   801   801 W System.err: 	at android.app.ActivityThread.access$1900(ActivityThread.java:123)
02-21 17:35:14.261   801   801 W System.err: 	at android.app.ActivityThread$H.handleMessage(ActivityThread.java:1210)
02-21 17:35:14.261   801   801 W System.err: 	at android.os.Handler.dispatchMessage(Handler.java:99)
02-21 17:35:14.261   801   801 W System.err: 	at android.os.Looper.loop(Looper.java:137)
02-21 17:35:14.261   801   801 W System.err: 	at android.app.ActivityThread.main(ActivityThread.java:4424)
02-21 17:35:14.261   801   801 W System.err: 	at java.lang.reflect.Method.invokeNative(Native Method)
02-21 17:35:14.261   801   801 W System.err: 	at java.lang.reflect.Method.invoke(Method.java:511)
02-21 17:35:14.261   801   801 W System.err: 	at com.android.internal.os.ZygoteInit$MethodAndArgsCaller.run(ZygoteInit.java:784)
02-21 17:35:14.261   801   801 W System.err: 	at com.android.internal.os.ZygoteInit.main(ZygoteInit.java:551)
02-21 17:35:14.261   801   801 W System.err: 	at dalvik.system.NativeStart.main(Native Method)
02-21 17:35:14.261   801   801 W System.err: Caused by: libcore.io.ErrnoException: open failed: ENOENT (No such file or directory)
02-21 17:35:14.261   801   801 W System.err: 	at libcore.io.Posix.open(Native Method)
02-21 17:35:14.261   801   801 W System.err: 	at libcore.io.BlockGuardOs.open(BlockGuardOs.java:110)
02-21 17:35:14.265   801   801 W System.err: 	at libcore.io.IoBridge.open(IoBridge.java:390)
02-21 17:35:14.265   801   801 W System.err: 	... 17 more
02-21 17:35:14.265   801   801 E PhoneLab-PhoneLabManifest: /data/data/edu.buffalo.cse.phonelab.phonelabservices/files/manifest.xml: open failed: ENOENT (No such file or directory)
02-21 17:35:14.277   801   801 I PhoneLab-phonelab-Locks: wake lock released
02-21 17:35:14.445    87   466 D GPSD    : Generate_RMC : $GPRMC,,,V,,,,,,*31
02-21 17:35:14.445    87   466 D GPSD    :  
02-21 17:35:14.609  1100  1100 D Finsky  : [1] DownloadCompleteListener.onProgress: Download Download : Google Voice: onProgress called with 1953920/4608557 Status: 192.
02-21 17:35:14.785   214   214 D dalvikvm: GC_FOR_ALLOC freed 447K, 8% free 9916K/10695K, paused 39ms
02-21 17:35:14.879   214   214 D dalvikvm: GC_FOR_ALLOC freed 317K, 8% free 9899K/10695K, paused 43ms
02-21 17:35:15.925   449  2257 D C2DMRegistrar: [C2DMRegistrar.124] unregister: http error 404
02-21 17:35:15.945   145   162 I ActivityManager: Start proc com.google.android.apps.maps:MapsBackgroundService for broadcast com.google.android.apps.maps/com.google.googlenav.networkinitiated.NetworkInitiatedReceiver: pid=2302 uid=10025 gids={3003, 1015}
02-21 17:35:15.953  2302  2302 I dalvikvm: Turning on JNI app bug workarounds for target SDK version 13...
02-21 17:35:16.090  2302  2305 D dalvikvm: GC_CONCURRENT freed 153K, 3% free 9380K/9607K, paused 3ms+3ms
02-21 17:35:16.179  1100  1100 D Finsky  : [1] DownloadCompleteListener.onProgress: Download Download : Google Voice: onProgress called with 1976640/4608557 Status: 192.
02-21 17:35:17.656  1100  1100 D Finsky  : [1] DownloadCompleteListener.onProgress: Download Download : Google Voice: onProgress called with 1993680/4608557 Status: 192.
02-21 17:35:19.312  1100  1100 D Finsky  : [1] DownloadCompleteListener.onProgress: Download Download : Google Voice: onProgress called with 2005040/4608557 Status: 192.
02-21 17:35:21.035  1100  1100 D Finsky  : [1] DownloadCompleteListener.onProgress: Download Download : Google Voice: onProgress called with 2026340/4608557 Status: 192.
02-21 17:35:22.543  1100  1100 D Finsky  : [1] DownloadCompleteListener.onProgress: Download Download : Google Voice: onProgress called with 2037700/4608557 Status: 192.
02-21 17:35:24.035  1100  1100 D Finsky  : [1] DownloadCompleteListener.onProgress: Download Download : Google Voice: onProgress called with 2063260/4608557 Status: 192.
02-21 17:35:24.144    82   126 D AudioHardware: AudioHardware pcm playback is exiting standby.
02-21 17:35:24.144    82   126 D AudioHardware: openPcmOut_l() mPcmOpenCnt: 0
02-21 17:35:24.324   145   316 I ActivityManager: Process com.android.gallery3d (pid 1086) has died.
02-21 17:35:24.410  1335  1349 D dalvikvm: GC_FOR_ALLOC freed 3135K, 42% free 11852K/20167K, paused 37ms
02-21 17:35:24.515   145   156 I ActivityManager: Process com.android.deskclock (pid 1942) has died.
02-21 17:35:24.550  1335  1338 D dalvikvm: GC_CONCURRENT freed 37K, 37% free 12783K/20167K, paused 11ms+8ms
02-21 17:35:24.777  1335  1361 D dalvikvm: GC_FOR_ALLOC freed 1134K, 39% free 12390K/20167K, paused 35ms
02-21 17:35:24.781  1335  1361 I dalvikvm-heap: Grow heap (frag case) to 13.396MB for 1286224-byte allocation
02-21 17:35:24.820  1335  1335 D dalvikvm: GC_FOR_ALLOC freed 3K, 33% free 13642K/20167K, paused 23ms
02-21 17:35:24.906  1335  1338 D dalvikvm: GC_CONCURRENT freed 443K, 34% free 13318K/20167K, paused 6ms+8ms
02-21 17:35:25.019  1335  1361 D dalvikvm: GC_FOR_ALLOC freed 1608K, 41% free 12026K/20167K, paused 26ms
02-21 17:35:25.019  1335  1361 I dalvikvm-heap: Grow heap (frag case) to 13.041MB for 1286224-byte allocation
02-21 17:35:25.058  1335  1335 D dalvikvm: GC_FOR_ALLOC freed 3K, 35% free 13279K/20167K, paused 23ms
02-21 17:35:25.183  1335  1338 D dalvikvm: GC_CONCURRENT freed 103K, 33% free 13620K/20167K, paused 3ms+11ms
02-21 17:35:25.316  1335  1359 D dalvikvm: GC_FOR_ALLOC freed 1833K, 38% free 12570K/20167K, paused 28ms
02-21 17:35:25.472  1335  1338 D dalvikvm: GC_CONCURRENT freed 921K, 37% free 12821K/20167K, paused 1ms+4ms
02-21 17:35:25.593  1335  1415 D dalvikvm: GC_FOR_ALLOC freed 518K, 36% free 13045K/20167K, paused 27ms
02-21 17:35:25.703  1335  1338 D dalvikvm: GC_CONCURRENT freed 31K, 29% free 14343K/20167K, paused 2ms+11ms
02-21 17:35:25.890  1335  1338 D dalvikvm: GC_CONCURRENT freed 1855K, 30% free 14200K/20167K, paused 2ms+5ms
02-21 17:35:25.965  1100  1100 D Finsky  : [1] DownloadCompleteListener.onProgress: Download Download : Google Voice: onProgress called with 2105860/4608557 Status: 192.
02-21 17:35:27.238    82   126 D AudioHardware: AudioHardware pcm playback is going to standby.
02-21 17:35:27.238    82   126 D AudioHardware: closePcmOut_l() mPcmOpenCnt: 1
02-21 17:35:28.058    82   126 D AudioHardware: AudioHardware pcm playback is exiting standby.
02-21 17:35:28.058    82   126 D AudioHardware: openPcmOut_l() mPcmOpenCnt: 0
02-21 17:35:28.156   145   156 I ActivityManager: START {act=android.intent.action.MAIN cat=[android.intent.category.LAUNCHER] flg=0x10200000 cmp=com.android.vending/.AssetBrowserActivity} from pid 1335
02-21 17:35:28.433  1100  1100 D Finsky  : [1] PageFragment.rebindViews: Page [class=DetailsFragment] loaded in [268589 ms]
02-21 17:35:28.691  1100  1102 D dalvikvm: GC_CONCURRENT freed 2284K, 13% free 16387K/18759K, paused 7ms+9ms
02-21 17:35:29.035  1335  1335 D OpenGLRenderer: Flushing caches (mode 0)
02-21 17:35:29.234   145  1061 W InputManagerService: Starting input on non-focused client com.android.internal.view.IInputMethodClient$Stub$Proxy@413360c0 (uid=10022 pid=1335)
02-21 17:35:29.250  1335  1335 D OpenGLRenderer: Flushing caches (mode 1)
02-21 17:35:31.156    82   126 D AudioHardware: AudioHardware pcm playback is going to standby.
02-21 17:35:31.156    82   126 D AudioHardware: closePcmOut_l() mPcmOpenCnt: 1
02-21 17:35:31.207   801  1008 I PhoneLab-: Service Running
02-21 17:35:31.308   801  1008 I PhoneLab-LoggerService: app_34    1012  801   1440   1060  c00f1758 40039794 S logcat
02-21 17:35:31.308   801  1008 I PhoneLab-LoggerService: Logcat pid from database 1012
02-21 17:35:31.312   801  1008 I PhoneLab-LoggerService: Logcat process found 1012
02-21 17:35:31.312   801  1008 I PhoneLab-LoggerService: Checking Threshold
02-21 17:35:34.543  1100  1100 D Finsky  : [1] DownloadCompleteListener.onProgress: Download Download : Google Voice: onProgress called with 2120060/4608557 Status: 192.
02-21 17:35:35.105   145   180 I ActivityManager: START {act=android.intent.action.MAIN cat=[android.intent.category.HOME] flg=0x10200000 cmp=com.android.launcher/com.android.launcher2.Launcher} from pid 145
02-21 17:35:35.191   145   180 D dalvikvm: GC_FOR_ALLOC freed 771K, 15% free 13651K/16007K, paused 65ms
02-21 17:35:35.277  1100  1100 D OpenGLRenderer: Flushing caches (mode 0)
02-21 17:35:35.511  1100  1100 D OpenGLRenderer: Flushing caches (mode 1)
02-21 17:35:36.328    82   126 D AudioHardware: AudioHardware pcm playback is exiting standby.
02-21 17:35:36.328    82   126 D AudioHardware: openPcmOut_l() mPcmOpenCnt: 0
02-21 17:35:36.683  1335  1338 D dalvikvm: GC_CONCURRENT freed 3164K, 37% free 12752K/20167K, paused 2ms+7ms
02-21 17:35:36.879  1335  1361 D dalvikvm: GC_FOR_ALLOC freed 1909K, 42% free 11709K/20167K, paused 34ms
02-21 17:35:36.879  1335  1361 I dalvikvm-heap: Grow heap (frag case) to 12.732MB for 1286224-byte allocation
02-21 17:35:36.882  1100  1107 I dalvikvm: Jit: resizing JitTable from 8192 to 16384
02-21 17:35:36.918  1335  1335 D dalvikvm: GC_FOR_ALLOC freed 5K, 36% free 12960K/20167K, paused 24ms
02-21 17:35:37.000  1335  1338 D dalvikvm: GC_CONCURRENT freed <1K, 36% free 12960K/20167K, paused 2ms+7ms
02-21 17:35:37.074  1335  1361 D dalvikvm: GC_FOR_ALLOC freed 1266K, 42% free 11865K/20167K, paused 24ms
02-21 17:35:37.078  1335  1361 I dalvikvm-heap: Grow heap (frag case) to 12.884MB for 1286224-byte allocation
02-21 17:35:37.078  1100  1100 D Finsky  : [1] DownloadCompleteListener.onProgress: Download Download : Google Voice: onProgress called with 2135680/4608557 Status: 192.
02-21 17:35:37.117  1335  1335 D dalvikvm: GC_FOR_ALLOC freed 1K, 35% free 13120K/20167K, paused 24ms
02-21 17:35:37.203  1335  1338 D dalvikvm: GC_CONCURRENT freed 9K, 35% free 13163K/20167K, paused 2ms+5ms
02-21 17:35:37.324   449  2300 E C2DMRegistrar: [C2DMReg] handleRequest caught javax.net.ssl.SSLException: Connection closed by peer
02-21 17:35:37.394  1335  1349 D dalvikvm: GC_FOR_ALLOC freed 1621K, 40% free 12294K/20167K, paused 27ms
02-21 17:35:37.453   801   801 I PhoneLab-RegistrationReceiver: C2DM Registration Receiver is fired
02-21 17:35:37.504   801   801 I PhoneLab-RegistrationReceiver: Shared Preferences Settings updated successfully
02-21 17:35:37.601  1335  1338 D dalvikvm: GC_CONCURRENT freed 42K, 34% free 13334K/20167K, paused 3ms+4ms
02-21 17:35:37.699  1335  1415 D dalvikvm: GC_FOR_ALLOC freed 1352K, 38% free 12593K/20167K, paused 28ms
02-21 17:35:37.699  1335  1415 I dalvikvm-heap: Grow heap (frag case) to 13.595MB for 1286224-byte allocation
02-21 17:35:37.738  1335  1335 D dalvikvm: GC_FOR_ALLOC freed 3K, 32% free 13845K/20167K, paused 23ms
02-21 17:35:37.871  1335  1338 D dalvikvm: GC_CONCURRENT freed 62K, 29% free 14361K/20167K, paused 1ms+11ms
02-21 17:35:38.004  1335  1338 D dalvikvm: GC_CONCURRENT freed 1880K, 30% free 14199K/20167K, paused 1ms+5ms
02-21 17:35:39.039  1100  1100 D Finsky  : [1] DownloadCompleteListener.onProgress: Download Download : Google Voice: onProgress called with 2183960/4608557 Status: 192.
02-21 17:35:39.425    82   126 D AudioHardware: AudioHardware pcm playback is going to standby.
02-21 17:35:39.425    82   126 D AudioHardware: closePcmOut_l() mPcmOpenCnt: 1
02-21 17:35:41.789   742   742 D OpenGLRenderer: Flushing caches (mode 1)
02-21 17:35:41.867   742   742 D OpenGLRenderer: Flushing caches (mode 1)
02-21 17:35:41.894   742   742 D OpenGLRenderer: Flushing caches (mode 1)
02-21 17:35:42.043  2184  2191 I dalvikvm: Total arena pages for JIT: 11
02-21 17:35:42.043  2184  2191 I dalvikvm: Total arena pages for JIT: 12
02-21 17:35:42.043  2184  2191 I dalvikvm: Total arena pages for JIT: 13
02-21 17:35:42.043  2184  2191 I dalvikvm: Total arena pages for JIT: 14
02-21 17:35:42.043  2184  2191 I dalvikvm: Total arena pages for JIT: 15
02-21 17:35:42.043  2184  2191 I dalvikvm: Total arena pages for JIT: 16
02-21 17:35:42.043  2184  2191 I dalvikvm: Total arena pages for JIT: 17
02-21 17:35:42.058  2184  2191 I dalvikvm: Total arena pages for JIT: 18
02-21 17:35:43.117    82   126 D AudioHardware: AudioHardware pcm playback is exiting standby.
02-21 17:35:43.117    82   126 D AudioHardware: openPcmOut_l() mPcmOpenCnt: 0
02-21 17:35:43.207   145   397 I ActivityManager: START {act=android.intent.action.MAIN cat=[android.intent.category.LAUNCHER] flg=0x10200000 cmp=com.android.settings/.Settings} from pid 1335
02-21 17:35:43.293   145   145 I ActivityManager: Start proc com.android.settings for activity com.android.settings/.Settings: pid=2340 uid=1000 gids={1015, 3002, 3001, 3003, 3007}
02-21 17:35:43.632  1335  1335 D OpenGLRenderer: Flushing caches (mode 1)
02-21 17:35:43.644   145   313 I ActivityManager: Process android.process.acore (pid 1068) has died.
02-21 17:35:43.652   145   365 D CountryDetectorService: No listener is left
02-21 17:35:43.715  1335  1335 D OpenGLRenderer: Flushing caches (mode 0)
02-21 17:35:44.117  2340  2340 D LocalBluetoothProfileManager: LocalBluetoothProfileManager construction complete
02-21 17:35:44.187  2340  2343 D dalvikvm: GC_CONCURRENT freed 132K, 3% free 9367K/9607K, paused 15ms+10ms
02-21 17:35:44.277  2340  2340 D libEGL  : loaded /system/lib/egl/libGLES_android.so
02-21 17:35:44.316  2340  2340 D libEGL  : loaded /vendor/lib/egl/libEGL_POWERVR_SGX540_120.so
02-21 17:35:44.363  2340  2340 D libEGL  : loaded /vendor/lib/egl/libGLESv1_CM_POWERVR_SGX540_120.so
02-21 17:35:44.382  2340  2340 D libEGL  : loaded /vendor/lib/egl/libGLESv2_POWERVR_SGX540_120.so
02-21 17:35:44.500  2340  2340 D OpenGLRenderer: Enabling debug mode 0
02-21 17:35:44.672   145   157 W InputManagerService: Starting input on non-focused client com.android.internal.view.IInputMethodClient$Stub$Proxy@413360c0 (uid=10022 pid=1335)
02-21 17:35:44.797   145   175 I ActivityManager: Displayed com.android.settings/.Settings: +1s561ms (total +39s691ms)
02-21 17:35:45.609  2184  2186 D dalvikvm: GC_CONCURRENT freed 1193K, 9% free 13396K/14663K, paused 8ms+5ms
02-21 17:35:46.000  2184  2191 I dalvikvm: Jit: resizing JitTable from 4096 to 8192
02-21 17:35:46.211    82   126 D AudioHardware: AudioHardware pcm playback is going to standby.
02-21 17:35:46.211    82   126 D AudioHardware: closePcmOut_l() mPcmOpenCnt: 1
02-21 17:35:47.246   145   147 D dalvikvm: GC_CONCURRENT freed 981K, 15% free 13746K/16007K, paused 11ms+6ms
02-21 17:35:47.539   449  2355 D C2DMRegistrar: [C2DMRegistrar.126] unregister: http error 404
02-21 17:35:47.679  2302  2305 D dalvikvm: GC_CONCURRENT freed 255K, 4% free 9537K/9927K, paused 2ms+4ms
02-21 17:35:47.703   449   452 D dalvikvm: GC_CONCURRENT freed 375K, 11% free 10132K/11335K, paused 37ms+5ms
02-21 17:35:48.343   145   397 I ActivityManager: START {act=android.intent.action.MAIN cmp=com.android.settings/.SubSettings (has extras)} from pid 2340
02-21 17:35:48.351    82   126 D AudioHardware: AudioHardware pcm playback is exiting standby.
02-21 17:35:48.351    82   126 D AudioHardware: openPcmOut_l() mPcmOpenCnt: 0
02-21 17:35:48.523  2340  2343 D dalvikvm: GC_CONCURRENT freed 128K, 3% free 9698K/9927K, paused 2ms+3ms
02-21 17:35:48.789   145   175 I ActivityManager: Displayed com.android.settings/.SubSettings: +425ms
02-21 17:35:48.851  2340  2340 D OpenGLRenderer: Flushing caches (mode 0)
02-21 17:35:50.511  2184  2242 D dalvikvm: GC_FOR_ALLOC freed 1038K, 11% free 13381K/14983K, paused 65ms
02-21 17:35:51.441    82   126 D AudioHardware: AudioHardware pcm playback is going to standby.
02-21 17:35:51.441    82   126 D AudioHardware: closePcmOut_l() mPcmOpenCnt: 1
02-21 17:35:51.808  1100  1100 D Finsky  : [1] DownloadCompleteListener.onProgress: Download Download : Google Voice: onProgress called with 2189476/4608557 Status: 192.
02-21 17:35:51.941  2340  2340 D OpenGLRenderer: Flushing caches (mode 0)
02-21 17:35:53.269   145   365 I ActivityManager: START {act=android.intent.action.MAIN cmp=com.android.settings/.SubSettings (has extras)} from pid 2340
02-21 17:35:53.281    82   126 D AudioHardware: AudioHardware pcm playback is exiting standby.
02-21 17:35:53.281    82   126 D AudioHardware: openPcmOut_l() mPcmOpenCnt: 0
02-21 17:35:53.386   145   365 D dalvikvm: GC_FOR_ALLOC freed 459K, 15% free 13635K/16007K, paused 91ms
02-21 17:35:53.691  2340  2343 D dalvikvm: GC_CONCURRENT freed 221K, 4% free 9961K/10311K, paused 3ms+5ms
02-21 17:35:53.812   145   175 I ActivityManager: Displayed com.android.settings/.SubSettings: +410ms
02-21 17:35:53.851  2340  2340 D OpenGLRenderer: Flushing caches (mode 0)
02-21 17:35:54.418  1571  1591 D dalvikvm: GC_EXPLICIT freed 310K, 6% free 9341K/9927K, paused 13ms+10ms
02-21 17:35:54.422  1100  1100 D Finsky  : [1] DownloadCompleteListener.onProgress: Download Download : Google Voice: onProgress called with 2245020/4608557 Status: 192.
02-21 17:35:54.750  2184  2186 D dalvikvm: GC_CONCURRENT freed 819K, 8% free 13906K/14983K, paused 2ms+4ms
02-21 17:35:55.793  1100  1100 D Volley  : [1] Request.finish: 25480 ms: [ ] https://market.android.com/suggest/SuggRequest?query=google%20phone&json=1&hl=en&gl=US NORMAL 87
02-21 17:35:55.843  1100  1100 D Finsky  : [1] DownloadCompleteListener.onProgress: Download Download : Google Voice: onProgress called with 2277680/4608557 Status: 192.
02-21 17:35:56.379  2340  2340 W ResourceType: getEntry failing because entryIndex 129 is beyond type entryCount 3
02-21 17:35:56.543  2340  2343 D dalvikvm: GC_CONCURRENT freed 278K, 4% free 10121K/10503K, paused 4ms+4ms
02-21 17:35:57.199  2243  2247 D dalvikvm: GC_CONCURRENT freed 516K, 6% free 9714K/10311K, paused 2ms+3ms
02-21 17:35:57.398  1100  1100 D Finsky  : [1] DownloadCompleteListener.onProgress: Download Download : Google Voice: onProgress called with 2354360/4608557 Status: 192.
02-21 17:35:59.461   449  2371 D C2DMRegistrar: [C2DMRegistrar.127] unregister: http error 404
02-21 17:36:01.535    86    86 I keystore: uid: 1000 action: s -> 1 state: 3 -> 3 retry: 4
02-21 17:36:01.535    86    86 I keystore: uid: 1000 action: s -> 1 state: 3 -> 3 retry: 4
02-21 17:36:01.554  2340  2343 D dalvikvm: GC_CONCURRENT freed 458K, 6% free 10145K/10695K, paused 2ms+4ms
02-21 17:36:02.922  1100  1100 D Finsky  : [1] DownloadCompleteListener.onProgress: Download Download : Google Voice: onProgress called with 2375660/4608557 Status: 192.
02-21 17:36:04.277   214   216 D dalvikvm: GC_CONCURRENT freed 349K, 7% free 10015K/10695K, paused 3ms+3ms
02-21 17:36:04.367   214   214 D dalvikvm: GC_FOR_ALLOC freed 226K, 7% free 9969K/10695K, paused 46ms
02-21 17:36:04.472    82   126 D AudioHardware: AudioHardware pcm playback is going to standby.
02-21 17:36:04.472    82   126 D AudioHardware: closePcmOut_l() mPcmOpenCnt: 1
02-21 17:36:04.539   145   157 D dalvikvm: GC_EXPLICIT freed 424K, 15% free 13669K/16007K, paused 2ms+10ms
02-21 17:36:04.593   214   214 D dalvikvm: GC_FOR_ALLOC freed 226K, 7% free 9964K/10695K, paused 78ms
02-21 17:36:04.656  1100  1100 D Finsky  : [1] DownloadCompleteListener.onProgress: Download Download : Google Voice: onProgress called with 2470800/4608557 Status: 192.
02-21 17:36:04.769   290   292 D dalvikvm: GC_CONCURRENT freed 559K, 6% free 11535K/12167K, paused 6ms+8ms
02-21 17:36:05.031   214   214 D dalvikvm: GC_FOR_ALLOC freed 85K, 6% free 10128K/10695K, paused 42ms
02-21 17:36:05.203  2340  2343 D dalvikvm: GC_CONCURRENT freed 363K, 5% free 10231K/10695K, paused 3ms+23ms
02-21 17:36:05.254   214   214 D dalvikvm: GC_FOR_ALLOC freed 31K, 4% free 10328K/10695K, paused 62ms
02-21 17:36:05.300   214   214 D dalvikvm: GC_FOR_ALLOC freed 364K, 7% free 10146K/10887K, paused 34ms
02-21 17:36:05.355   214   214 D dalvikvm: GC_FOR_ALLOC freed 183K, 7% free 10214K/10887K, paused 32ms
02-21 17:36:05.461   214   214 D dalvikvm: GC_FOR_ALLOC freed 350K, 8% free 10118K/10887K, paused 18ms
02-21 17:36:07.441  1100  1100 D Finsky  : [1] DownloadCompleteListener.onProgress: Download Download : Google Voice: onProgress called with 2483580/4608557 Status: 192.
02-21 17:36:09.203  1100  1100 D Finsky  : [1] DownloadCompleteListener.onProgress: Download Download : Google Voice: onProgress called with 2500620/4608557 Status: 192.
02-21 17:36:10.965  1100  1100 D Finsky  : [1] DownloadCompleteListener.onProgress: Download Download : Google Voice: onProgress called with 2540380/4608557 Status: 192.
02-21 17:36:12.488  1100  1100 D Finsky  : [1] DownloadCompleteListener.onProgress: Download Download : Google Voice: onProgress called with 2567360/4608557 Status: 192.
02-21 17:36:18.902  1100  1100 D Finsky  : [1] DownloadCompleteListener.onProgress: Download Download : Google Voice: onProgress called with 2585656/4608557 Status: 192.
02-21 17:36:20.340  1100  1100 D Finsky  : [1] DownloadCompleteListener.onProgress: Download Download : Google Voice: onProgress called with 2676700/4608557 Status: 192.
02-21 17:36:23.527  1100  1100 D Finsky  : [1] DownloadCompleteListener.onProgress: Download Download : Google Voice: onProgress called with 2700840/4608557 Status: 192.
02-21 17:36:25.343    82   126 D AudioHardware: AudioHardware pcm playback is exiting standby.
02-21 17:36:25.343    82   126 D AudioHardware: openPcmOut_l() mPcmOpenCnt: 0
02-21 17:36:25.363   145   199 D WifiConfigStore: IP config changed SSID = "UB_Secure" linkProperties: LinkAddresses: [] Routes: [] DnsAddresses: [] 
02-21 17:36:25.363   145   199 D WifiConfigStore: proxy changed SSID = "UB_Secure"
02-21 17:36:25.382    76   118 D CommandListener: Clearing all IP addresses on wlan0
02-21 17:36:25.519   290   290 I LatinIME: InputType.TYPE_NULL is specified
02-21 17:36:25.519   290   290 W LatinIME: Unexpected input class: inputType=0x00000000 imeOptions=0x00000000
02-21 17:36:25.644   214   214 D dalvikvm: GC_FOR_ALLOC freed 345K, 7% free 10151K/10887K, paused 85ms
02-21 17:36:25.840  2340  2343 D dalvikvm: GC_CONCURRENT freed 434K, 6% free 10197K/10759K, paused 8ms+5ms
02-21 17:36:26.031   290   292 D dalvikvm: GC_CONCURRENT freed 725K, 7% free 11593K/12423K, paused 1ms+8ms
02-21 17:36:26.105   214   214 D dalvikvm: GC_FOR_ALLOC freed 444K, 10% free 9907K/10887K, paused 66ms
02-21 17:36:26.312  1100  1100 D Finsky  : [1] DownloadCompleteListener.onProgress: Download Download : Google Voice: onProgress called with 2736176/4608557 Status: 192.
02-21 17:36:27.765  1100  1100 D Finsky  : [1] DownloadCompleteListener.onProgress: Download Download : Google Voice: onProgress called with 2787460/4608557 Status: 192.
02-21 17:36:28.437    82   126 D AudioHardware: AudioHardware pcm playback is going to standby.
02-21 17:36:28.437    82   126 D AudioHardware: closePcmOut_l() mPcmOpenCnt: 1
02-21 17:36:29.672  1100  1100 D Finsky  : [1] DownloadCompleteListener.onProgress: Download Download : Google Voice: onProgress called with 2800076/4608557 Status: 192.
02-21 17:36:29.761   214   216 D dalvikvm: GC_CONCURRENT freed 420K, 10% free 9870K/10887K, paused 1ms+5ms
02-21 17:36:31.726  1100  1100 D Finsky  : [1] DownloadCompleteListener.onProgress: Download Download : Google Voice: onProgress called with 2831480/4608557 Status: 192.
02-21 17:36:33.390  1100  1100 D Finsky  : [1] DownloadCompleteListener.onProgress: Download Download : Google Voice: onProgress called with 2844260/4608557 Status: 192.
02-21 17:36:34.148  1390  1390 I wpa_supplicant: wlan0: Trying to associate with d0:c2:82:66:6b:f1 (SSID='UB_Secure' freq=2462 MHz)
02-21 17:36:36.992  1100  1100 D Finsky  : [1] DownloadCompleteListener.onProgress: Download Download : Google Voice: onProgress called with 2851360/4608557 Status: 192.
02-21 17:36:38.664  1100  1100 D Finsky  : [1] DownloadCompleteListener.onProgress: Download Download : Google Voice: onProgress called with 2864140/4608557 Status: 192.
02-21 17:36:38.988    82   126 D AudioHardware: AudioHardware pcm playback is exiting standby.
02-21 17:36:38.988    82   126 D AudioHardware: openPcmOut_l() mPcmOpenCnt: 0
02-21 17:36:39.121  2340  2343 D dalvikvm: GC_CONCURRENT freed 563K, 6% free 10120K/10759K, paused 2ms+5ms
02-21 17:36:41.093  1100  1100 D Finsky  : [1] DownloadCompleteListener.onProgress: Download Download : Google Voice: onProgress called with 2882436/4608557 Status: 192.
02-21 17:36:41.515  1390  1390 I wpa_supplicant: wlan0: Trying to associate with d0:c2:82:66:6b:f1 (SSID='UB_Secure' freq=2462 MHz)
02-21 17:36:41.547    76   118 D CommandListener: Clearing all IP addresses on wlan0
02-21 17:36:41.566  1390  1390 I wpa_supplicant: wlan0: Associated with d0:c2:82:66:6b:f1
02-21 17:36:41.566  1390  1390 I wpa_supplicant: wlan0: CTRL-EVENT-EAP-STARTED EAP authentication started
02-21 17:36:41.574  1390  1390 I wpa_supplicant: wlan0: CTRL-EVENT-EAP-PROPOSED-METHOD vendor=0 method=4 -> NAK
02-21 17:36:41.578  1390  1390 I wpa_supplicant: wlan0: CTRL-EVENT-EAP-PROPOSED-METHOD vendor=0 method=25
02-21 17:36:41.578  1390  1390 I wpa_supplicant: wlan0: CTRL-EVENT-EAP-METHOD EAP vendor 0 method 25 (PEAP) selected
02-21 17:36:41.664  1390  1390 I wpa_supplicant: wlan0: CTRL-EVENT-EAP-PEER-CERT depth=2 subject='/C=US/O=Entrust.net/OU=www.entrust.net/CPS incorp. by ref. (limits liab.)/OU=(c) 1999 Entrust.net Limited/CN=Entrust.net Secure Server Certification Authority'
