04-03 21:03:27.070   145   162 I ActivityManager: Start proc com.android.deskclock for broadcast com.android.deskclock/.AlarmInitReceiver: pid=6970 uid=10009 gids={}
04-03 21:03:27.121  6970  6970 I ActivityThread: Pub com.android.deskclock: com.android.deskclock.AlarmProvider
04-03 21:03:27.199  6970  6983 V AlarmClock: AlarmInitReceiver finished
04-03 21:03:27.246   145   385 I ActivityManager: No longer want com.google.android.apps.googlevoice (pid 6019): hidden #16
04-03 21:03:27.254   145  3207 W ActivityManager: Scheduling restart of crashed service com.google.android.apps.googlevoice/.UpdateService in 5000ms
04-03 21:03:27.254   145  3207 W ActivityManager: Scheduling restart of crashed service com.google.android.apps.googlevoice/.CallLogService in 15000ms
04-03 21:03:32.152  6915  6917 D dalvikvm: GC_CONCURRENT freed 335K, 5% free 9156K/9607K, paused 2ms+3ms
04-03 21:03:32.293   145   162 I ActivityManager: Start proc com.google.android.apps.googlevoice for service com.google.android.apps.googlevoice/.UpdateService: pid=6987 uid=10054 gids={3003, 1015}
04-03 21:03:32.785  6987  6989 D dalvikvm: GC_CONCURRENT freed 290K, 4% free 9239K/9607K, paused 2ms+9ms
04-03 21:03:33.269  6987  6989 D dalvikvm: GC_CONCURRENT freed 328K, 5% free 9415K/9863K, paused 2ms+6ms
04-03 21:03:33.269  6987  6996 W CursorWrapperInner: Cursor finalized without prior close()
04-03 21:03:33.269  6987  6996 W CursorWrapperInner: Cursor finalized without prior close()
04-03 21:03:33.312  5796  5807 D dalvikvm: GC_EXPLICIT freed 184K, 9% free 9685K/10631K, paused 16ms+3ms
04-03 21:03:57.925  6141  6161 I InvalidationClientImpl: [chromesync#steven.y.ko@gmail.com] Sending heartbeat to server: com.google.ipc.invalidation.ticl.InvalidationClientImpl$1@413c58c0
04-03 21:03:57.992  6141  6161 I InvalidationClientImpl: [chromesync#steven.y.ko@gmail.com] Sending info message to server
04-03 21:03:58.519  6141  6162 D AndroidChannel: Delivering outbound message:160 bytes
04-03 21:04:00.898  5339  5352 I PhoneLab-: Service Running
04-03 21:04:00.996  5339  5352 I PhoneLab-LoggerService: app_34    1586  1     2292   1852  c00f1758 400a0794 S logcat
04-03 21:04:00.996  5339  5352 I PhoneLab-LoggerService: Logcat pid from database 1586
04-03 21:04:00.996  5339  5352 I PhoneLab-LoggerService: Logcat process found 1586
04-03 21:04:00.996  5339  5352 I PhoneLab-LoggerService: Checking Threshold
04-03 21:04:00.996  5339  5352 I PhoneLab-LoggerService: Starting to rename files
04-03 21:04:00.996  5339  5352 I PhoneLab-LoggerService: Files found .. 5
04-03 21:04:19.711  5339  5339 I PhoneLab-Locks: wake lock acquired
04-03 21:04:19.714  5339  5339 I PhoneLab-StatusMonitor: Status Monitoring is started
04-03 21:04:19.769  5339  5342 D dalvikvm: GC_CONCURRENT freed 525K, 19% free 9240K/11271K, paused 2ms+5ms
04-03 21:04:19.808  5339  5339 I PhoneLab-StatusMonitor: Value: 5 - unit: min
04-03 21:04:19.808  5339  5339 I PhoneLab-StatusMonitor: Running interval: 300000
04-03 21:04:19.820  5339  5339 I PhoneLab-StatusMonitor: Rescheduling status monitoring...
04-03 21:04:19.824  5339  5339 I PhoneLab-Locks: wake lock released
04-03 21:04:19.828  5339  5339 I PhoneLab-StatusMonitorLocation: Learning Location
04-03 21:04:19.828  5339  5339 I PhoneLab-Locks: wake lock acquired
04-03 21:04:19.847  5339  5339 I PhoneLab-Locks: wake lock acquired
04-03 21:04:19.859  5339  5339 I PhoneLab-StatusMonitorLocation: Learning Signal Strgth
04-03 21:04:19.859  5339  5339 I PhoneLab-Locks: wake lock acquired
04-03 21:04:19.902  5339  5339 I PhoneLab-StatusMonitorBattery: Battery_level: 95
04-03 21:04:19.902  5339  5339 I PhoneLab-Locks: wake lock released
04-03 21:04:19.902  5339  5339 I PhoneLab-StatusMonitorSignal: Signal_Strength: -86 asu: 14
04-03 21:04:19.902  5339  5339 I PhoneLab-Locks: wake lock released
04-03 21:06:00.121   215   217 D dalvikvm: GC_CONCURRENT freed 392K, 47% free 9887K/18375K, paused 10ms+3ms
04-03 21:06:00.609  5339  5352 I PhoneLab-: Service Running
04-03 21:06:00.672  5339  5342 D dalvikvm: GC_CONCURRENT freed 448K, 19% free 9198K/11271K, paused 1ms+2ms
04-03 21:06:00.675  5339  5352 I PhoneLab-LoggerService: app_34    1586  1     2292   1852  c00f1758 400a0794 S logcat
04-03 21:06:00.675  5339  5352 I PhoneLab-LoggerService: Logcat pid from database 1586
04-03 21:06:00.675  5339  5352 I PhoneLab-LoggerService: Logcat process found 1586
04-03 21:06:00.675  5339  5352 I PhoneLab-LoggerService: Checking Threshold
04-03 21:06:00.675  5339  5352 I PhoneLab-LoggerService: Starting to rename files
04-03 21:06:00.683  5339  5352 I PhoneLab-LoggerService: Files found .. 5
04-03 21:08:00.605  5339  5352 I PhoneLab-: Service Running
04-03 21:08:00.656  5339  5352 I PhoneLab-LoggerService: app_34    1586  1     2292   1852  c00f1758 400a0794 S logcat
04-03 21:08:00.656  5339  5352 I PhoneLab-LoggerService: Logcat pid from database 1586
04-03 21:08:00.656  5339  5352 I PhoneLab-LoggerService: Logcat process found 1586
04-03 21:08:00.656  5339  5352 I PhoneLab-LoggerService: Checking Threshold
04-03 21:08:00.660  5339  5352 I PhoneLab-LoggerService: Starting to rename files
04-03 21:08:00.660  5339  5352 I PhoneLab-LoggerService: Files found .. 5
04-03 21:09:19.843  5339  5339 I PhoneLab-Locks: wake lock acquired
04-03 21:09:19.867  5339  5339 I PhoneLab-StatusMonitor: Status Monitoring is started
04-03 21:09:19.941  5339  5342 D dalvikvm: GC_CONCURRENT freed 429K, 18% free 9275K/11271K, paused 1ms+5ms
04-03 21:09:19.964  5339  5339 I PhoneLab-StatusMonitor: Value: 5 - unit: min
04-03 21:09:19.964  5339  5339 I PhoneLab-StatusMonitor: Running interval: 300000
04-03 21:09:19.968  5339  5339 I PhoneLab-StatusMonitor: Rescheduling status monitoring...
04-03 21:09:19.972  5339  5339 I PhoneLab-Locks: wake lock released
04-03 21:09:19.972  5339  5339 I PhoneLab-StatusMonitorLocation: Learning Location
04-03 21:09:19.972  5339  5339 I PhoneLab-Locks: wake lock acquired
04-03 21:09:19.976  5339  5339 I PhoneLab-Locks: wake lock acquired
04-03 21:09:19.976  5339  5339 I PhoneLab-StatusMonitorLocation: Learning Signal Strgth
04-03 21:09:19.980  5339  5339 I PhoneLab-Locks: wake lock acquired
04-03 21:09:19.984  5339  5339 I PhoneLab-StatusMonitorBattery: Battery_level: 95
04-03 21:09:19.984  5339  5339 I PhoneLab-Locks: wake lock released
04-03 21:09:19.984  5339  5339 I PhoneLab-StatusMonitorSignal: Signal_Strength: -86 asu: 14
04-03 21:09:19.984  5339  5339 I PhoneLab-Locks: wake lock released
04-03 21:10:00.605  5339  5352 I PhoneLab-: Service Running
04-03 21:10:00.679   145  1379 I ActivityManager: Process com.google.android.gm (pid 3007) has died.
04-03 21:10:00.707  5339  5352 I PhoneLab-LoggerService: app_34    1586  1     2292   1852  c00f1758 400a0794 S logcat
04-03 21:10:00.707  5339  5352 I PhoneLab-LoggerService: Logcat pid from database 1586
04-03 21:10:00.718  5339  5352 I PhoneLab-LoggerService: Logcat process found 1586
04-03 21:10:00.718  5339  5352 I PhoneLab-LoggerService: Checking Threshold
04-03 21:10:00.718  5339  5352 I PhoneLab-LoggerService: Starting to rename files
04-03 21:10:00.718  5339  5352 I PhoneLab-LoggerService: Files found .. 5
04-03 21:10:00.726   145   157 I WindowManager: WIN DEATH: Window{415f50f0 com.google.android.gm/com.google.android.gm.GmailActivity paused=false}
04-03 21:12:00.605  5339  5352 I PhoneLab-: Service Running
04-03 21:12:00.668  5339  5352 I PhoneLab-LoggerService: app_34    1586  1     2292   1852  c00f1758 400a0794 S logcat
04-03 21:12:00.668  5339  5352 I PhoneLab-LoggerService: Logcat pid from database 1586
04-03 21:12:00.668  5339  5352 I PhoneLab-LoggerService: Logcat process found 1586
04-03 21:12:00.668  5339  5352 I PhoneLab-LoggerService: Checking Threshold
04-03 21:12:00.668  5339  5352 I PhoneLab-LoggerService: Starting to rename files
04-03 21:12:00.668  5339  5352 I PhoneLab-LoggerService: Files found .. 5
04-03 21:12:42.621   145   161 V BackupManagerService: Running a backup pass
04-03 21:12:42.640   145   214 V BackupManagerService: Backup requested but nothing pending
04-03 21:13:07.136   145   201 D ConnectivityService: ConnectivityChange for WIMAX: DISCONNECTED/SCANNING
04-03 21:13:07.152   145   201 D ConnectivityService: Attempting to switch to mobile
04-03 21:13:07.156   145   201 D ConnectivityService: Attempting to switch to WIFI
04-03 21:13:07.164   145   201 D ConnectivityService: Attempting to switch to BLUETOOTH_TETHER
04-03 21:13:07.359   145   147 D dalvikvm: JIT code cache reset in 4 ms (1048492 bytes 7/0)
04-03 21:13:07.379   145   147 D dalvikvm: GC_CONCURRENT freed 1753K, 16% free 15470K/18247K, paused 8ms+11ms
04-03 21:13:10.187   145   205 D Tethering: MasterInitialState.processMessage what=3
04-03 21:13:10.281   145   205 D Tethering: MasterInitialState.processMessage what=3
04-03 21:13:10.390   145  3206 D dalvikvm: GC_EXPLICIT freed 352K, 16% free 15329K/18247K, paused 3ms+5ms
04-03 21:13:10.464  5660  5660 I MediaUploader: No need to wake up
04-03 21:13:10.582  5676  5691 D PicasaSyncManager: active network: NetworkInfo: type: WIFI[], state: CONNECTED/CONNECTED, reason: (unspecified), extra: (none), roaming: false, failover: false, isAvailable: true
04-03 21:13:10.617  5660  5660 I MediaUploader: No need to wake up
04-03 21:13:10.625  5676  5691 D PicasaSyncManager: background data: true
04-03 21:13:10.648  5676  5691 D PicasaSyncManager: active network: NetworkInfo: type: WIFI[], state: CONNECTED/CONNECTED, reason: (unspecified), extra: (none), roaming: false, failover: false, isAvailable: true
04-03 21:13:10.648  5676  5691 D PicasaSyncManager: background data: true
04-03 21:13:10.781   145   201 D ConnectivityService: handleInetConditionHoldEnd: net=1, condition=100, published condition=100
04-03 21:13:13.632   145   201 D ConnectivityService: ConnectivityChange for mobile: CONNECTED/CONNECTED
04-03 21:13:13.664   145   201 D NetUtils: android_net_utils_resetConnections in env=0x5eb358 clazz=0x5bd00001 iface=rmnet0 mask=0x3
04-03 21:13:13.664   145   201 D ConnectivityService: ConnectivityChange for mobile: DISCONNECTED/DISCONNECTED
04-03 21:13:13.664   145   201 D ConnectivityService: Attempting to switch to WIFI
04-03 21:13:13.664   145   201 D ConnectivityService: Attempting to switch to WIMAX
04-03 21:13:13.664   145   201 D ConnectivityService: Attempting to switch to BLUETOOTH_TETHER
04-03 21:13:13.664   145   201 D ConnectivityService: resetConnections(rmnet0, 3)
04-03 21:13:15.382   145  1380 D AlarmManagerService: Kernel timezone updated to 240 minutes west of GMT
04-03 21:13:16.691   145   205 D Tethering: MasterInitialState.processMessage what=3
04-03 21:13:16.742   145   205 D Tethering: MasterInitialState.processMessage what=3
04-03 21:13:16.761  5660  5660 I MediaUploader: No need to wake up
04-03 21:13:16.820  5660  5660 I MediaUploader: No need to wake up
04-03 21:13:16.847  5676  5691 D PicasaSyncManager: active network: NetworkInfo: type: WIFI[], state: CONNECTED/CONNECTED, reason: (unspecified), extra: (none), roaming: false, failover: false, isAvailable: true
04-03 21:13:16.851  5676  5691 D PicasaSyncManager: background data: true
04-03 21:13:16.945  5643  5645 D dalvikvm: GC_CONCURRENT freed 440K, 6% free 9426K/9991K, paused 3ms+3ms
04-03 21:13:17.250   145   201 D ConnectivityService: handleInetConditionHoldEnd: net=1, condition=100, published condition=100
04-03 21:14:00.605  5339  5352 I PhoneLab-: Service Running
04-03 21:14:00.668  5339  5352 I PhoneLab-LoggerService: app_34    1586  1     2292   1852  c00f1758 400a0794 S logcat
04-03 21:14:00.668  5339  5352 I PhoneLab-LoggerService: Logcat pid from database 1586
04-03 21:14:00.668  5339  5352 I PhoneLab-LoggerService: Logcat process found 1586
04-03 21:14:00.668  5339  5352 I PhoneLab-LoggerService: Checking Threshold
04-03 21:14:00.668  5339  5352 I PhoneLab-LoggerService: Starting to rename files
04-03 21:14:00.668  5339  5352 I PhoneLab-LoggerService: Files found .. 5
04-03 21:14:19.992  5339  5339 I PhoneLab-Locks: wake lock acquired
04-03 21:14:20.000  5339  5339 I PhoneLab-StatusMonitor: Status Monitoring is started
04-03 21:14:20.050  5339  5342 D dalvikvm: GC_CONCURRENT freed 545K, 19% free 9241K/11271K, paused 2ms+5ms
04-03 21:14:20.074  5339  5339 I PhoneLab-StatusMonitor: Value: 5 - unit: min
04-03 21:14:20.074  5339  5339 I PhoneLab-StatusMonitor: Running interval: 300000
04-03 21:14:20.082  5339  5339 I PhoneLab-StatusMonitor: Rescheduling status monitoring...
04-03 21:14:20.082  5339  5339 I PhoneLab-Locks: wake lock released
04-03 21:14:20.086  5339  5339 I PhoneLab-StatusMonitorLocation: Learning Location
04-03 21:14:20.086  5339  5339 I PhoneLab-Locks: wake lock acquired
04-03 21:14:20.086  5339  5339 I PhoneLab-Locks: wake lock acquired
04-03 21:14:20.089  5339  5339 I PhoneLab-StatusMonitorLocation: Learning Signal Strgth
04-03 21:14:20.089  5339  5339 I PhoneLab-Locks: wake lock acquired
04-03 21:14:20.097  5339  5339 I PhoneLab-StatusMonitorBattery: Battery_level: 94
04-03 21:14:20.097  5339  5339 I PhoneLab-Locks: wake lock released
04-03 21:14:20.097  5339  5339 I PhoneLab-StatusMonitorSignal: Signal_Strength: -86 asu: 14
04-03 21:14:20.097  5339  5339 I PhoneLab-Locks: wake lock released
04-03 21:16:00.609  5339  5352 I PhoneLab-: Service Running
04-03 21:16:00.668  5339  5352 I PhoneLab-LoggerService: app_34    1586  1     2292   1852  c00f1758 400a0794 S logcat
04-03 21:16:00.668  5339  5352 I PhoneLab-LoggerService: Logcat pid from database 1586
04-03 21:16:00.668  5339  5352 I PhoneLab-LoggerService: Logcat process found 1586
04-03 21:16:00.668  5339  5352 I PhoneLab-LoggerService: Checking Threshold
04-03 21:16:00.668  5339  5352 I PhoneLab-LoggerService: Starting to rename files
04-03 21:16:00.668  5339  5352 I PhoneLab-LoggerService: Files found .. 5
04-03 21:18:00.609  5339  5352 I PhoneLab-: Service Running
04-03 21:18:00.672  5339  5342 D dalvikvm: GC_CONCURRENT freed 436K, 19% free 9199K/11271K, paused 2ms+6ms
04-03 21:18:00.672  5339  5352 I PhoneLab-LoggerService: app_34    1586  1     2292   1852  c00f1758 400a0794 S logcat
04-03 21:18:00.675  5339  5352 I PhoneLab-LoggerService: Logcat pid from database 1586
04-03 21:18:00.675  5339  5352 I PhoneLab-LoggerService: Logcat process found 1586
04-03 21:18:00.675  5339  5352 I PhoneLab-LoggerService: Checking Threshold
04-03 21:18:00.675  5339  5352 I PhoneLab-LoggerService: Starting to rename files
04-03 21:18:00.675  5339  5352 I PhoneLab-LoggerService: Files found .. 5
04-03 21:19:20.105  5339  5339 I PhoneLab-Locks: wake lock acquired
04-03 21:19:20.113  5339  5339 I PhoneLab-StatusMonitor: Status Monitoring is started
04-03 21:19:20.164  5339  5342 D dalvikvm: GC_CONCURRENT freed 379K, 18% free 9318K/11271K, paused 1ms+2ms
04-03 21:19:20.164  5339  5339 I PhoneLab-StatusMonitor: Value: 5 - unit: min
04-03 21:19:20.168  5339  5339 I PhoneLab-StatusMonitor: Running interval: 300000
04-03 21:19:20.175  5339  5339 I PhoneLab-StatusMonitor: Rescheduling status monitoring...
04-03 21:19:20.175  5339  5339 I PhoneLab-Locks: wake lock released
04-03 21:19:20.179  5339  5339 I PhoneLab-StatusMonitorLocation: Learning Location
04-03 21:19:20.179  5339  5339 I PhoneLab-Locks: wake lock acquired
04-03 21:19:20.183  5339  5339 I PhoneLab-Locks: wake lock acquired
04-03 21:19:20.191  5339  5339 I PhoneLab-StatusMonitorLocation: Learning Signal Strgth
04-03 21:19:20.191  5339  5339 I PhoneLab-Locks: wake lock acquired
04-03 21:19:20.199  5339  5339 I PhoneLab-StatusMonitorBattery: Battery_level: 95
04-03 21:19:20.199  5339  5339 I PhoneLab-Locks: wake lock released
04-03 21:19:20.199  5339  5339 I PhoneLab-StatusMonitorSignal: Signal_Strength: -86 asu: 14
04-03 21:19:20.199  5339  5339 I PhoneLab-Locks: wake lock released
04-03 21:20:00.605  5339  5352 I PhoneLab-: Service Running
04-03 21:20:00.656  5339  5352 I PhoneLab-LoggerService: app_34    1586  1     2292   1852  c00f1758 400a0794 S logcat
04-03 21:20:00.656  5339  5352 I PhoneLab-LoggerService: Logcat pid from database 1586
04-03 21:20:00.660  5339  5352 I PhoneLab-LoggerService: Logcat process found 1586
04-03 21:20:00.660  5339  5352 I PhoneLab-LoggerService: Checking Threshold
04-03 21:20:00.660  5339  5352 I PhoneLab-LoggerService: Starting to rename files
04-03 21:20:00.660  5339  5352 I PhoneLab-LoggerService: Files found .. 5
04-03 21:20:40.250   145   147 D dalvikvm: GC_CONCURRENT freed 1365K, 16% free 15425K/18247K, paused 28ms+6ms
04-03 21:21:50.332  5339  5339 I PhoneLab-Locks: wake lock acquired
04-03 21:21:50.351  5339  7079 I PhoneLab-PeriodicCheckService: User info is synched
04-03 21:21:50.359  5339  7079 I PhoneLab-PeriodicCheckService: Logger Service is running
04-03 21:21:50.359  5339  7079 I PhoneLab-Locks: wake lock acquired
04-03 21:21:50.363  5339  5339 I PhoneLab-UploadLogs: Transfering log files now
04-03 21:21:50.363  5339  7079 I PhoneLab-PeriodicCheckService: Rescheduling periodic checking...
04-03 21:21:50.363  5339  7079 I PhoneLab-Locks: wake lock released
04-03 21:21:50.425  5339  5342 D dalvikvm: GC_CONCURRENT freed 534K, 18% free 9295K/11271K, paused 2ms+3ms
04-03 21:21:50.445  5339  5339 D dalvikvm: GC_FOR_ALLOC freed 257K, 16% free 9474K/11271K, paused 13ms
04-03 21:21:50.472  5339  5339 I PhoneLab-UploadLogs: OnStartCommand
04-03 21:21:50.488  5339  5342 D dalvikvm: GC_CONCURRENT freed 295K, 15% free 9691K/11271K, paused 2ms+4ms
04-03 21:21:50.816  5339  7081 D dalvikvm: GC_FOR_ALLOC freed 311K, 14% free 9706K/11271K, paused 25ms
04-03 21:21:50.832  5339  7081 D dalvikvm: GC_FOR_ALLOC freed 301K, 14% free 9706K/11271K, paused 13ms
04-03 21:21:50.843  5339  7081 D dalvikvm: GC_FOR_ALLOC freed 301K, 14% free 9707K/11271K, paused 13ms
04-03 21:21:54.449  5339  5339 E PhoneLab-: Transfering 1333475205702.log failed
04-03 21:21:54.449  5339  5339 I PhoneLab-Locks: wake lock released
04-03 21:22:00.609  5339  5352 I PhoneLab-: Service Running
04-03 21:22:00.668  5339  5352 I PhoneLab-LoggerService: app_34    1586  1     2292   1852  c00f1758 400a0794 S logcat
04-03 21:22:00.668  5339  5352 I PhoneLab-LoggerService: Logcat pid from database 1586
04-03 21:22:00.668  5339  5352 I PhoneLab-LoggerService: Logcat process found 1586
04-03 21:22:00.668  5339  5352 I PhoneLab-LoggerService: Checking Threshold
04-03 21:22:00.668  5339  5352 I PhoneLab-LoggerService: Starting to rename files
04-03 21:22:00.672  5339  5352 I PhoneLab-LoggerService: Files found .. 5
04-03 21:22:37.453  5554  5556 D dalvikvm: GC_CONCURRENT freed 346K, 13% free 10462K/11975K, paused 2ms+6ms
04-03 21:24:00.605  5339  5352 I PhoneLab-: Service Running
04-03 21:24:00.672  5339  5342 D dalvikvm: GC_CONCURRENT freed 896K, 19% free 9196K/11271K, paused 2ms+6ms
04-03 21:24:00.675  5339  5352 I PhoneLab-LoggerService: app_34    1586  1     2292   1852  c00f1758 400a0794 S logcat
04-03 21:24:00.675  5339  5352 I PhoneLab-LoggerService: Logcat pid from database 1586
04-03 21:24:00.675  5339  5352 I PhoneLab-LoggerService: Logcat process found 1586
04-03 21:24:00.675  5339  5352 I PhoneLab-LoggerService: Checking Threshold
04-03 21:24:00.675  5339  5352 I PhoneLab-LoggerService: Starting to rename files
04-03 21:24:00.675  5339  5352 I PhoneLab-LoggerService: Files found .. 5
04-03 21:24:20.218  5339  5339 I PhoneLab-Locks: wake lock acquired
04-03 21:24:20.218  5339  5339 I PhoneLab-StatusMonitor: Status Monitoring is started
04-03 21:24:20.289  5339  5342 D dalvikvm: GC_CONCURRENT freed 395K, 18% free 9300K/11271K, paused 7ms+4ms
04-03 21:24:20.293  5339  5339 I PhoneLab-StatusMonitor: Value: 5 - unit: min
04-03 21:24:20.293  5339  5339 I PhoneLab-StatusMonitor: Running interval: 300000
04-03 21:24:20.300  5339  5339 I PhoneLab-StatusMonitor: Rescheduling status monitoring...
04-03 21:24:20.300  5339  5339 I PhoneLab-Locks: wake lock released
04-03 21:24:20.304  5339  5339 I PhoneLab-StatusMonitorLocation: Learning Location
04-03 21:24:20.304  5339  5339 I PhoneLab-Locks: wake lock acquired
04-03 21:24:20.304  5339  5339 I PhoneLab-Locks: wake lock acquired
04-03 21:24:20.308  5339  5339 I PhoneLab-StatusMonitorLocation: Learning Signal Strgth
04-03 21:24:20.308  5339  5339 I PhoneLab-Locks: wake lock acquired
04-03 21:24:20.320  5339  5339 I PhoneLab-StatusMonitorBattery: Battery_level: 95
04-03 21:24:20.320  5339  5339 I PhoneLab-Locks: wake lock released
04-03 21:24:20.320  5339  5339 I PhoneLab-StatusMonitorSignal: Signal_Strength: -86 asu: 14
04-03 21:24:20.320  5339  5339 I PhoneLab-Locks: wake lock released
04-03 21:26:00.609  5339  5352 I PhoneLab-: Service Running
04-03 21:26:00.656  5339  5352 I PhoneLab-LoggerService: app_34    1586  1     2292   1852  c00f1758 400a0794 S logcat
04-03 21:26:00.660  5339  5352 I PhoneLab-LoggerService: Logcat pid from database 1586
04-03 21:26:00.660  5339  5352 I PhoneLab-LoggerService: Logcat process found 1586
04-03 21:26:00.660  5339  5352 I PhoneLab-LoggerService: Checking Threshold
04-03 21:26:00.660  5339  5352 I PhoneLab-LoggerService: Starting to rename files
04-03 21:26:00.660  5339  5352 I PhoneLab-LoggerService: Files found .. 5
04-03 21:26:17.043  6141  6161 I InvalidationClientImpl: [chromesync#steven.y.ko@gmail.com] Sending heartbeat to server: com.google.ipc.invalidation.ticl.InvalidationClientImpl$1@413c58c0
04-03 21:26:17.050  6141  6161 I InvalidationClientImpl: [chromesync#steven.y.ko@gmail.com] Sending info message to server
04-03 21:26:17.500  6141  6162 D AndroidChannel: Delivering outbound message:160 bytes
04-03 21:26:18.500  6141  6142 D dalvikvm: GC_CONCURRENT freed 471K, 6% free 9917K/10503K, paused 14ms+7ms
04-03 21:28:00.609  5339  5352 I PhoneLab-: Service Running
04-03 21:28:00.656  5339  5352 I PhoneLab-LoggerService: app_34    1586  1     2292   1852  c00f1758 400a0794 S logcat
04-03 21:28:00.656  5339  5352 I PhoneLab-LoggerService: Logcat pid from database 1586
04-03 21:28:00.656  5339  5352 I PhoneLab-LoggerService: Logcat process found 1586
04-03 21:28:00.656  5339  5352 I PhoneLab-LoggerService: Checking Threshold
04-03 21:28:00.660  5339  5352 I PhoneLab-LoggerService: Starting to rename files
04-03 21:28:00.660  5339  5352 I PhoneLab-LoggerService: Files found .. 5
04-03 21:28:54.355  5676  7094 V PicasaContentProvider: querySettings: defaults: {sync_on_wifi_only=1, auto_upload_account_type=null, sync_on_battery=1, sync_picasa_on_wifi_only=1, auto_upload_enabled=0, video_upload_wifi_only=1, sync_on_roaming=0, auto_upload_account_name=null}
04-03 21:29:20.320  5339  5339 I PhoneLab-Locks: wake lock acquired
04-03 21:29:20.347  5339  5339 I PhoneLab-StatusMonitor: Status Monitoring is started
04-03 21:29:20.390  5339  5342 D dalvikvm: GC_CONCURRENT freed 564K, 18% free 9246K/11271K, paused 2ms+2ms
04-03 21:29:20.406  5339  5339 I PhoneLab-StatusMonitor: Value: 5 - unit: min
04-03 21:29:20.406  5339  5339 I PhoneLab-StatusMonitor: Running interval: 300000
04-03 21:29:20.414  5339  5339 I PhoneLab-StatusMonitor: Rescheduling status monitoring...
04-03 21:29:20.414  5339  5339 I PhoneLab-Locks: wake lock released
04-03 21:29:20.418  5339  5339 I PhoneLab-StatusMonitorLocation: Learning Location
04-03 21:29:20.418  5339  5339 I PhoneLab-Locks: wake lock acquired
04-03 21:29:20.422  5339  5339 I PhoneLab-Locks: wake lock acquired
04-03 21:29:20.422  5339  5339 I PhoneLab-StatusMonitorLocation: Learning Signal Strgth
04-03 21:29:20.422  5339  5339 I PhoneLab-Locks: wake lock acquired
04-03 21:29:20.429  5339  5339 I PhoneLab-StatusMonitorBattery: Battery_level: 95
04-03 21:29:20.429  5339  5339 I PhoneLab-Locks: wake lock released
04-03 21:29:20.429  5339  5339 I PhoneLab-StatusMonitorSignal: Signal_Strength: -86 asu: 14
04-03 21:29:20.429  5339  5339 I PhoneLab-Locks: wake lock released
04-03 21:29:43.570   267  1075 I EventLogService: Aggregate from 1333501183484 (log), 1333501183484 (data)
04-03 21:29:43.687   267   270 D dalvikvm: GC_CONCURRENT freed 354K, 6% free 10235K/10887K, paused 12ms+3ms
04-03 21:30:00.609  5339  5352 I PhoneLab-: Service Running
04-03 21:30:00.656  5339  5352 I PhoneLab-LoggerService: app_34    1586  1     2292   1852  c00f1758 400a0794 S logcat
04-03 21:30:00.656  5339  5352 I PhoneLab-LoggerService: Logcat pid from database 1586
04-03 21:30:00.656  5339  5352 I PhoneLab-LoggerService: Logcat process found 1586
04-03 21:30:00.656  5339  5352 I PhoneLab-LoggerService: Checking Threshold
04-03 21:30:00.660  5339  5352 I PhoneLab-LoggerService: Starting to rename files
04-03 21:30:00.660  5339  5352 I PhoneLab-LoggerService: Files found .. 5
04-03 21:32:00.609  5339  5352 I PhoneLab-: Service Running
04-03 21:32:00.668  5339  5352 I PhoneLab-LoggerService: app_34    1586  1     2292   1852  c00f1758 400a0794 S logcat
04-03 21:32:00.668  5339  5352 I PhoneLab-LoggerService: Logcat pid from database 1586
04-03 21:32:00.668  5339  5352 I PhoneLab-LoggerService: Logcat process found 1586
04-03 21:32:00.668  5339  5352 I PhoneLab-LoggerService: Checking Threshold
04-03 21:32:00.668  5339  5352 I PhoneLab-LoggerService: Starting to rename files
04-03 21:32:00.668  5339  5352 I PhoneLab-LoggerService: Files found .. 5
04-03 21:34:00.011   145   162 I ActivityManager: No longer want com.android.chrome (pid 6141): hidden #16
04-03 21:34:00.058   145   383 W ActivityManager: Scheduling restart of crashed service com.android.chrome/.sync.ChromeSyncInvalidationListener in 5000ms
04-03 21:34:00.058   145   383 W ActivityManager: Scheduling restart of crashed service com.android.chrome/com.google.ipc.invalidation.ticl.android.AndroidInvalidationService in 14999ms
04-03 21:34:00.605  5339  5352 I PhoneLab-: Service Running
04-03 21:34:00.668  5339  5352 I PhoneLab-LoggerService: app_34    1586  1     2292   1852  c00f1758 400a0794 S logcat
04-03 21:34:00.668  5339  5352 I PhoneLab-LoggerService: Logcat pid from database 1586
04-03 21:34:00.668  5339  5352 I PhoneLab-LoggerService: Logcat process found 1586
04-03 21:34:00.668  5339  5352 I PhoneLab-LoggerService: Checking Threshold
04-03 21:34:00.668  5339  5352 I PhoneLab-LoggerService: Starting to rename files
04-03 21:34:00.668  5339  5352 I PhoneLab-LoggerService: Files found .. 5
04-03 21:34:05.066  7124  7124 D dalvikvm: Late-enabling CheckJNI
04-03 21:34:05.066   145   162 I ActivityManager: Start proc com.android.chrome for service com.android.chrome/.sync.ChromeSyncInvalidationListener: pid=7124 uid=10055 gids={3003, 1015, 1007}
04-03 21:34:05.265  7124  7124 I ActivityThread: Pub com.android.chrome.ChromeBrowserProvider;com.android.chrome.browser;com.android.chrome: com.android.chrome.ChromeBrowserProvider
04-03 21:34:05.281  7124  7124 I ActivityThread: Pub com.android.chrome.snapshot: com.android.chrome.snapshot.SnapshotProvider
04-03 21:34:05.300  7124  7124 I AndroidInvalidationListener: onCreate:class com.android.chrome.sync.ChromeSyncInvalidationListener
04-03 21:34:05.316  7124  7139 V ChromeSyncInvalidationListener: loaded enabled types - [ALL_TYPES]
04-03 21:34:05.336  7124  7139 I InvalidationBinder: Invalidation service class name:com.google.ipc.invalidation.ticl.android.AndroidInvalidationService
04-03 21:34:05.390  7124  7124 I AndroidInvalidationService: C2DM Registration ID? true
04-03 21:34:05.390  7124  7124 I AndroidInvalidationService: Registering for C2DM events
04-03 21:34:05.390  7124  7124 V WakeLockManager:  WakeLock acquiring for key: {class com.google.ipc.invalidation.ticl.android.c2dm.C2DMManager}
04-03 21:34:05.398  7124  7124 D AndroidInvalidationService: Received com.google.ipc.invalidation.SERVICE
04-03 21:34:05.437  7124  7127 D dalvikvm: GC_CONCURRENT freed 268K, 4% free 9262K/9607K, paused 4ms+2ms
04-03 21:34:05.437  7124  7124 I ServiceBinder: onServiceConnected:ComponentInfo{com.android.chrome/com.google.ipc.invalidation.ticl.android.AndroidInvalidationService}
04-03 21:34:05.441  7124  7141 V WakeLockManager:  WakeLock released for key: {class com.google.ipc.invalidation.ticl.android.c2dm.C2DMManager}
04-03 21:34:05.441  7124  7141 V WakeLockManager:  WakeLock freed for key: {class com.google.ipc.invalidation.ticl.android.c2dm.C2DMManager}
04-03 21:34:05.441  7124  7139 I ServiceBinder: Bound interface com.google.ipc.invalidation.external.client.android.service.InvalidationService to com.google.ipc.invalidation.ticl.android.AbstractInvalidationService$1@4137b570
04-03 21:34:05.441  7124  7139 D AbstractInvalidationService: Request: create from chromesync#steven.y.ko@gmail.com
04-03 21:34:05.461  7124  7142 I AndroidC2DMReceiver: Registration received
04-03 21:34:05.464  7124  7124 D AndroidInvalidationService: Received register
04-03 21:34:05.613  7124  7127 D dalvikvm: GC_CONCURRENT freed 243K, 4% free 9456K/9799K, paused 2ms+2ms
04-03 21:34:05.679  7124  7139 D AndroidStorage: Loaded metadata:version {
04-03 21:34:05.679  7124  7139 D AndroidStorage:   major_version: 1
04-03 21:34:05.679  7124  7139 D AndroidStorage:   minor_version: 0
04-03 21:34:05.679  7124  7139 D AndroidStorage: }
04-03 21:34:05.679  7124  7139 D AndroidStorage: client_key: "chromesync#steven.y.ko@gmail.com"
04-03 21:34:05.679  7124  7139 D AndroidStorage: client_type: 1004
04-03 21:34:05.679  7124  7139 D AndroidStorage: account_name: "steven.y.ko@gmail.com"
04-03 21:34:05.679  7124  7139 D AndroidStorage: account_type: "com.google"
04-03 21:34:05.679  7124  7139 D AndroidStorage: auth_type: "chromiumsync"
04-03 21:34:05.679  7124  7139 D AndroidStorage: listener_pkg: "com.android.chrome"
04-03 21:34:05.679  7124  7139 D AndroidStorage: listener_class: "com.android.chrome.sync.ChromeSyncInvalidationListener"
04-03 21:34:05.679  7124  7139 D AndroidStorage: Loaded property: key: "ClientToken"
04-03 21:34:05.679  7124  7139 D AndroidStorage: value: "\n\'\n%\n\006\n\004\b\003\020\001\022\022\t\252n\302\227\002\367\221\242\021\231H9\026\265):\311\032\a\b\202,\020\003\030\n\022\024\213\032-\270\364\266\230\331\243\034\231\377\375\024v\356V\203#\307"
04-03 21:34:05.679  7124  7139 I AndroidStorage: Loaded state for chromesync#steven.y.ko@gmail.com
04-03 21:34:05.679  7124  7139 D AndroidClientManager: Client chromesync#steven.y.ko@gmail.com loaded from disk
04-03 21:34:05.863  7124  7127 D dalvikvm: GC_CONCURRENT freed 357K, 5% free 9576K/10055K, paused 5ms+5ms
04-03 21:34:05.886  7124  7139 I InvalidationClientImpl: [chromesync#steven.y.ko@gmail.com] Created client: Client: client_type: 1004
04-03 21:34:05.886  7124  7139 I InvalidationClientImpl: client_name: "chromesync#steven.y.ko@gmail.com"
04-03 21:34:05.886  7124  7139 I InvalidationClientImpl: , null
04-03 21:34:05.890  7124  7139 D AbstractInvalidationService: Request: start from chromesync#steven.y.ko@gmail.com
04-03 21:34:05.890  7124  7139 I BasicSystemResources: [chromesync#steven.y.ko@gmail.com] Resources started
04-03 21:34:05.890  7124  7139 I InvalidationClientImpl: [chromesync#steven.y.ko@gmail.com] Starting with Java config: Network timeout delay: 60000, write retry delay: 10000, heartbeat: 1200000, persistentBatching delay: 500
04-03 21:34:05.898  7124  7145 I InvalidationClientImpl: [chromesync#steven.y.ko@gmail.com] Restarting from persistent state: \n\006\n\004\010\003\020\001\022\022\t\252n\302\227\002\367\221\242\021\231H9\026\265):\311\032\007\010\202,\020\003\030\n
04-03 21:34:05.898  7124  7145 I InvalidationClientImpl: [chromesync#steven.y.ko@gmail.com] Ticl started: Client: client_type: 1004
04-03 21:34:05.898  7124  7145 I InvalidationClientImpl: client_name: "chromesync#steven.y.ko@gmail.com"
04-03 21:34:05.898  7124  7145 I InvalidationClientImpl: , \n\006\n\004\010\003\020\001\022\022\t\252n\302\227\002\367\221\242\021\231H9\026\265):\311\032\007\010\202,\020\003\030\n
04-03 21:34:05.898  7124  7146 I CheckingInvalidationLis: [chromesync#steven.y.ko@gmail.com] Informing app that ticl is ready
04-03 21:34:05.980  7124  7124 I AndroidChannel: Setting registration ID for chromesync#steven.y.ko@gmail.com
04-03 21:34:05.988  7124  7124 I AndroidChannel: Auth token received for chromesync#steven.y.ko@gmail.com
04-03 21:34:05.992  7124  7124 I AndroidChannel: Flushing pending messages for chromesync#steven.y.ko@gmail.com
04-03 21:34:05.992  7124  7124 I AndroidInvalidationListener: Binding: Intent { act=com.google.ipc.invalidation.EVENT cmp=com.android.chrome/.sync.ChromeSyncInvalidationListener }
04-03 21:34:06.007  7124  7124 I ServiceBinder: onServiceConnected:ComponentInfo{com.android.chrome/com.android.chrome.sync.ChromeSyncInvalidationListener}
04-03 21:34:06.007  7124  7146 I ServiceBinder: Bound interface com.google.ipc.invalidation.external.client.android.service.ListenerService to com.google.ipc.invalidation.external.client.android.AndroidInvalidationListener$1@41373bf8
04-03 21:34:06.007  7124  7146 I AndroidListenerProxy: Sending ready event to chromesync#steven.y.ko@gmail.com
04-03 21:34:06.011  7124  7146 I AbstractInvalidationService: Sending ready event
04-03 21:34:06.011  7124  7146 D AndroidInvalidationListener: Received ready event for chromesync#steven.y.ko@gmail.com
04-03 21:34:06.015  7124  7146 I AndroidInvalidationListener: READY event for chromesync#steven.y.ko@gmail.com
04-03 21:34:06.027  7124  7139 D AbstractInvalidationService: Request: register from chromesync#steven.y.ko@gmail.com
04-03 21:34:06.031  7124  7145 I InvalidationClientImpl: [chromesync#steven.y.ko@gmail.com] Register source: 1004
04-03 21:34:06.031  7124  7145 I InvalidationClientImpl: name: "BOOKMARK"
04-03 21:34:06.031  7124  7145 I InvalidationClientImpl: , REGISTER
04-03 21:34:06.031  7124  7139 D AbstractInvalidationService: Request: register from chromesync#steven.y.ko@gmail.com
04-03 21:34:06.035  7124  7145 I InvalidationClientImpl: [chromesync#steven.y.ko@gmail.com] Register source: 1004
04-03 21:34:06.035  7124  7145 I InvalidationClientImpl: name: "TYPED_URL"
04-03 21:34:06.035  7124  7145 I InvalidationClientImpl: , REGISTER
04-03 21:34:06.035  7124  7139 D AbstractInvalidationService: Request: register from chromesync#steven.y.ko@gmail.com
04-03 21:34:06.035  7124  7145 I InvalidationClientImpl: [chromesync#steven.y.ko@gmail.com] Register source: 1004
04-03 21:34:06.035  7124  7145 I InvalidationClientImpl: name: "SESSION"
04-03 21:34:06.035  7124  7145 I InvalidationClientImpl: , REGISTER
04-03 21:34:06.035  7124  7146 I AndroidListenerProxy: Sending reissueRegistrations event to chromesync#steven.y.ko@gmail.com
04-03 21:34:06.035  7124  7146 I AbstractInvalidationService: Sending reissueRegistrations event
04-03 21:34:06.035  7124  7146 D AndroidInvalidationListener: Received reissueRegistrations event for chromesync#steven.y.ko@gmail.com
04-03 21:34:06.035  7124  7146 I AndroidInvalidationListener: REISSUE_REGISTRATIONS event for chromesync#steven.y.ko@gmail.com
04-03 21:34:06.035  7124  7146 I AndroidListenerProxy: Sending informRegistrationStatus event to chromesync#steven.y.ko@gmail.com
04-03 21:34:06.035  7124  7139 V RegistrationStatus: Registering BOOKMARK in 0 ms
04-03 21:34:06.035  7124  7139 V RegistrationStatus: Registering TYPED_URL in 0 ms
04-03 21:34:06.035  7124  7139 V RegistrationStatus: Registering SESSION in 0 ms
04-03 21:34:06.039  7124  7139 D AbstractInvalidationService: Request: register from chromesync#steven.y.ko@gmail.com
04-03 21:34:06.039  7124  7146 I AbstractInvalidationService: Sending informRegistrationStatus event
04-03 21:34:06.039  7124  7145 I InvalidationClientImpl: [chromesync#steven.y.ko@gmail.com] Register source: 1004
04-03 21:34:06.039  7124  7145 I InvalidationClientImpl: name: "BOOKMARK"
04-03 21:34:06.039  7124  7145 I InvalidationClientImpl: , REGISTER
04-03 21:34:06.039  7124  7139 D AbstractInvalidationService: Request: register from chromesync#steven.y.ko@gmail.com
04-03 21:34:06.039  7124  7146 D AndroidInvalidationListener: Received informRegistrationStatus event for chromesync#steven.y.ko@gmail.com
04-03 21:34:06.039  7124  7146 I AndroidInvalidationListener: INFORM_REGISTRATION_STATUS event for chromesync#steven.y.ko@gmail.com
04-03 21:34:06.039  7124  7139 D AbstractInvalidationService: Request: register from chromesync#steven.y.ko@gmail.com
04-03 21:34:06.039  7124  7145 I InvalidationClientImpl: [chromesync#steven.y.ko@gmail.com] Register source: 1004
04-03 21:34:06.039  7124  7145 I InvalidationClientImpl: name: "TYPED_URL"
04-03 21:34:06.039  7124  7145 I InvalidationClientImpl: , REGISTER
04-03 21:34:06.043  7124  7145 I InvalidationClientImpl: [chromesync#steven.y.ko@gmail.com] Register source: 1004
04-03 21:34:06.043  7124  7145 I InvalidationClientImpl: name: "SESSION"
04-03 21:34:06.043  7124  7145 I InvalidationClientImpl: , REGISTER
04-03 21:34:06.047  7124  7146 I AndroidListenerProxy: Sending informRegistrationStatus event to chromesync#steven.y.ko@gmail.com
04-03 21:34:06.047  7124  7146 I AbstractInvalidationService: Sending informRegistrationStatus event
04-03 21:34:06.047  7124  7146 D AndroidInvalidationListener: Received informRegistrationStatus event for chromesync#steven.y.ko@gmail.com
04-03 21:34:06.047  7124  7146 I AndroidInvalidationListener: INFORM_REGISTRATION_STATUS event for chromesync#steven.y.ko@gmail.com
04-03 21:34:06.047  7124  7146 I AndroidListenerProxy: Sending informRegistrationStatus event to chromesync#steven.y.ko@gmail.com
04-03 21:34:06.047  7124  7146 I AbstractInvalidationService: Sending informRegistrationStatus event
04-03 21:34:06.047  7124  7146 D AndroidInvalidationListener: Received informRegistrationStatus event for chromesync#steven.y.ko@gmail.com
04-03 21:34:06.047  7124  7146 I AndroidInvalidationListener: INFORM_REGISTRATION_STATUS event for chromesync#steven.y.ko@gmail.com
04-03 21:34:06.047  7124  7146 I AndroidListenerProxy: Sending informRegistrationStatus event to chromesync#steven.y.ko@gmail.com
04-03 21:34:06.047  7124  7146 I AbstractInvalidationService: Sending informRegistrationStatus event
04-03 21:34:06.047  7124  7146 D AndroidInvalidationListener: Received informRegistrationStatus event for chromesync#steven.y.ko@gmail.com
04-03 21:34:06.047  7124  7146 I AndroidInvalidationListener: INFORM_REGISTRATION_STATUS event for chromesync#steven.y.ko@gmail.com
04-03 21:34:06.050  7124  7146 I AndroidListenerProxy: Sending informRegistrationStatus event to chromesync#steven.y.ko@gmail.com
04-03 21:34:06.050  7124  7146 I AbstractInvalidationService: Sending informRegistrationStatus event
04-03 21:34:06.050  7124  7146 D AndroidInvalidationListener: Received informRegistrationStatus event for chromesync#steven.y.ko@gmail.com
04-03 21:34:06.050  7124  7146 I AndroidInvalidationListener: INFORM_REGISTRATION_STATUS event for chromesync#steven.y.ko@gmail.com
04-03 21:34:06.050  7124  7146 I AndroidListenerProxy: Sending informRegistrationStatus event to chromesync#steven.y.ko@gmail.com
04-03 21:34:06.050  7124  7146 I AbstractInvalidationService: Sending informRegistrationStatus event
04-03 21:34:06.050  7124  7146 D AndroidInvalidationListener: Received informRegistrationStatus event for chromesync#steven.y.ko@gmail.com
04-03 21:34:06.050  7124  7146 I AndroidInvalidationListener: INFORM_REGISTRATION_STATUS event for chromesync#steven.y.ko@gmail.com
04-03 21:34:07.902  7124  7145 I InvalidationClientImpl: [chromesync#steven.y.ko@gmail.com] Sending info message to server
04-03 21:34:08.488  7124  7146 D AndroidChannel: Delivering outbound message:470 bytes
04-03 21:34:09.808  7124  7127 D dalvikvm: GC_CONCURRENT freed 364K, 5% free 9657K/10119K, paused 4ms+9ms
04-03 21:34:10.621  7124  7124 V WakeLockManager:  WakeLock acquiring for key: {class com.google.ipc.invalidation.ticl.android.c2dm.C2DMManager}
04-03 21:34:10.632  7124  7148 V WakeLockManager:  WakeLock released for key: {class com.google.ipc.invalidation.ticl.android.c2dm.C2DMManager}
04-03 21:34:10.632  7124  7148 V WakeLockManager:  WakeLock freed for key: {class com.google.ipc.invalidation.ticl.android.c2dm.C2DMManager}
04-03 21:34:10.636  7124  7124 D AndroidInvalidationService: Received message
04-03 21:34:20.437  5339  5339 I PhoneLab-Locks: wake lock acquired
04-03 21:34:20.453  5339  5339 I PhoneLab-StatusMonitor: Status Monitoring is started
04-03 21:34:20.504  5339  5342 D dalvikvm: GC_CONCURRENT freed 490K, 18% free 9265K/11271K, paused 2ms+5ms
04-03 21:34:20.547  5339  5339 I PhoneLab-StatusMonitor: Value: 5 - unit: min
04-03 21:34:20.547  5339  5339 I PhoneLab-StatusMonitor: Running interval: 300000
04-03 21:34:20.554  5339  5339 I PhoneLab-StatusMonitor: Rescheduling status monitoring...
04-03 21:34:20.554  5339  5339 I PhoneLab-Locks: wake lock released
04-03 21:34:20.558  5339  5339 I PhoneLab-StatusMonitorLocation: Learning Location
04-03 21:34:20.558  5339  5339 I PhoneLab-Locks: wake lock acquired
04-03 21:34:20.558  5339  5339 I PhoneLab-Locks: wake lock acquired
04-03 21:34:20.562  5339  5339 I PhoneLab-StatusMonitorLocation: Learning Signal Strgth
04-03 21:34:20.562  5339  5339 I PhoneLab-Locks: wake lock acquired
04-03 21:34:20.570  5339  5339 I PhoneLab-StatusMonitorBattery: Battery_level: 95
04-03 21:34:20.570  5339  5339 I PhoneLab-Locks: wake lock released
04-03 21:34:20.570  5339  5339 I PhoneLab-StatusMonitorSignal: Signal_Strength: -86 asu: 14
04-03 21:34:20.570  5339  5339 I PhoneLab-Locks: wake lock released
04-03 21:36:00.097   390   393 D dalvikvm: GC_CONCURRENT freed 855K, 44% free 11792K/20807K, paused 2ms+4ms
04-03 21:36:00.605  5339  5352 I PhoneLab-: Service Running
04-03 21:36:00.672  5339  5342 D dalvikvm: GC_CONCURRENT freed 465K, 19% free 9206K/11271K, paused 2ms+6ms
04-03 21:36:00.675  5339  5352 I PhoneLab-LoggerService: app_34    1586  1     2292   1852  c00f1758 400a0794 S logcat
04-03 21:36:00.675  5339  5352 I PhoneLab-LoggerService: Logcat pid from database 1586
04-03 21:36:00.675  5339  5352 I PhoneLab-LoggerService: Logcat process found 1586
04-03 21:36:00.675  5339  5352 I PhoneLab-LoggerService: Checking Threshold
04-03 21:36:00.675  5339  5352 I PhoneLab-LoggerService: Starting to rename files
04-03 21:36:00.675  5339  5352 I PhoneLab-LoggerService: Files found .. 5
04-03 21:38:00.605  5339  5352 I PhoneLab-: Service Running
04-03 21:38:00.668  5339  5352 I PhoneLab-LoggerService: app_34    1586  1     2292   1852  c00f1758 400a0794 S logcat
04-03 21:38:00.668  5339  5352 I PhoneLab-LoggerService: Logcat pid from database 1586
04-03 21:38:00.668  5339  5352 I PhoneLab-LoggerService: Logcat process found 1586
04-03 21:38:00.668  5339  5352 I PhoneLab-LoggerService: Checking Threshold
04-03 21:38:00.668  5339  5352 I PhoneLab-LoggerService: Starting to rename files
04-03 21:38:00.668  5339  5352 I PhoneLab-LoggerService: Files found .. 5
04-03 21:39:20.578  5339  5339 I PhoneLab-Locks: wake lock acquired
04-03 21:39:20.605  5339  5339 I PhoneLab-StatusMonitor: Status Monitoring is started
04-03 21:39:20.660  5339  5342 D dalvikvm: GC_CONCURRENT freed 432K, 18% free 9279K/11271K, paused 2ms+4ms
04-03 21:39:20.668  5339  5339 I PhoneLab-StatusMonitor: Value: 5 - unit: min
04-03 21:39:20.668  5339  5339 I PhoneLab-StatusMonitor: Running interval: 300000
04-03 21:39:20.683  5339  5339 I PhoneLab-StatusMonitor: Rescheduling status monitoring...
04-03 21:39:20.683  5339  5339 I PhoneLab-Locks: wake lock released
04-03 21:39:20.683  5339  5339 I PhoneLab-StatusMonitorLocation: Learning Location
04-03 21:39:20.687  5339  5339 I PhoneLab-Locks: wake lock acquired
04-03 21:39:20.687  5339  5339 I PhoneLab-Locks: wake lock acquired
04-03 21:39:20.691  5339  5339 I PhoneLab-StatusMonitorLocation: Learning Signal Strgth
04-03 21:39:20.691  5339  5339 I PhoneLab-Locks: wake lock acquired
04-03 21:39:20.695  5339  5339 I PhoneLab-StatusMonitorBattery: Battery_level: 95
04-03 21:39:20.695  5339  5339 I PhoneLab-Locks: wake lock released
04-03 21:39:20.695  5339  5339 I PhoneLab-StatusMonitorSignal: Signal_Strength: -86 asu: 14
04-03 21:39:20.695  5339  5339 I PhoneLab-Locks: wake lock released
04-03 21:40:00.609  5339  5352 I PhoneLab-: Service Running
04-03 21:40:00.664  5339  5352 I PhoneLab-LoggerService: app_34    1586  1     2292   1852  c00f1758 400a0794 S logcat
04-03 21:40:00.664  5339  5352 I PhoneLab-LoggerService: Logcat pid from database 1586
04-03 21:40:00.664  5339  5352 I PhoneLab-LoggerService: Logcat process found 1586
04-03 21:40:00.664  5339  5352 I PhoneLab-LoggerService: Checking Threshold
04-03 21:40:00.664  5339  5352 I PhoneLab-LoggerService: Starting to rename files
04-03 21:40:00.664  5339  5352 I PhoneLab-LoggerService: Files found .. 5
04-03 21:41:00.152   145   147 D dalvikvm: GC_CONCURRENT freed 1476K, 16% free 15447K/18247K, paused 19ms+7ms
04-03 21:42:00.609  5339  5352 I PhoneLab-: Service Running
04-03 21:42:00.668  5339  5352 I PhoneLab-LoggerService: app_34    1586  1     2292   1852  c00f1758 400a0794 S logcat
04-03 21:42:00.668  5339  5352 I PhoneLab-LoggerService: Logcat pid from database 1586
04-03 21:42:00.668  5339  5352 I PhoneLab-LoggerService: Logcat process found 1586
04-03 21:42:00.668  5339  5352 I PhoneLab-LoggerService: Checking Threshold
04-03 21:42:00.668  5339  5352 I PhoneLab-LoggerService: Starting to rename files
04-03 21:42:00.668  5339  5352 I PhoneLab-LoggerService: Files found .. 5
04-03 21:44:00.605  5339  5352 I PhoneLab-: Service Running
04-03 21:44:00.668  5339  5352 I PhoneLab-LoggerService: app_34    1586  1     2292   1852  c00f1758 400a0794 S logcat
04-03 21:44:00.668  5339  5352 I PhoneLab-LoggerService: Logcat pid from database 1586
04-03 21:44:00.668  5339  5352 I PhoneLab-LoggerService: Logcat process found 1586
04-03 21:44:00.668  5339  5352 I PhoneLab-LoggerService: Checking Threshold
04-03 21:44:00.668  5339  5352 I PhoneLab-LoggerService: Starting to rename files
04-03 21:44:00.668  5339  5352 I PhoneLab-LoggerService: Files found .. 5
04-03 21:44:20.703  5339  5339 I PhoneLab-Locks: wake lock acquired
04-03 21:44:20.714  5339  5339 I PhoneLab-StatusMonitor: Status Monitoring is started
04-03 21:44:20.765  5339  5342 D dalvikvm: GC_CONCURRENT freed 541K, 18% free 9249K/11271K, paused 1ms+6ms
04-03 21:44:20.785  5339  5339 I PhoneLab-StatusMonitor: Value: 5 - unit: min
04-03 21:44:20.785  5339  5339 I PhoneLab-StatusMonitor: Running interval: 300000
04-03 21:44:20.793  5339  5339 I PhoneLab-StatusMonitor: Rescheduling status monitoring...
04-03 21:44:20.793  5339  5339 I PhoneLab-Locks: wake lock released
04-03 21:44:20.797  5339  5339 I PhoneLab-StatusMonitorLocation: Learning Location
04-03 21:44:20.797  5339  5339 I PhoneLab-Locks: wake lock acquired
04-03 21:44:20.797  5339  5339 I PhoneLab-Locks: wake lock acquired
04-03 21:44:20.800  5339  5339 I PhoneLab-StatusMonitorLocation: Learning Signal Strgth
04-03 21:44:20.800  5339  5339 I PhoneLab-Locks: wake lock acquired
04-03 21:44:20.808  5339  5339 I PhoneLab-StatusMonitorBattery: Battery_level: 95
04-03 21:44:20.808  5339  5339 I PhoneLab-Locks: wake lock released
04-03 21:44:20.808  5339  5339 I PhoneLab-StatusMonitorSignal: Signal_Strength: -86 asu: 14
04-03 21:44:20.808  5339  5339 I PhoneLab-Locks: wake lock released
04-03 21:46:00.609  5339  5352 I PhoneLab-: Service Running
04-03 21:46:00.668  5339  5352 I PhoneLab-LoggerService: app_34    1586  1     2292   1852  c00f1758 400a0794 S logcat
04-03 21:46:00.668  5339  5352 I PhoneLab-LoggerService: Logcat pid from database 1586
04-03 21:46:00.668  5339  5352 I PhoneLab-LoggerService: Logcat process found 1586
04-03 21:46:00.668  5339  5352 I PhoneLab-LoggerService: Checking Threshold
04-03 21:46:00.668  5339  5352 I PhoneLab-LoggerService: Starting to rename files
04-03 21:46:00.668  5339  5352 I PhoneLab-LoggerService: Files found .. 5
04-03 21:48:00.605  5339  5352 I PhoneLab-: Service Running
04-03 21:48:00.668  5339  5352 I PhoneLab-LoggerService: app_34    1586  1     2292   1852  c00f1758 400a0794 S logcat
04-03 21:48:00.668  5339  5352 I PhoneLab-LoggerService: Logcat pid from database 1586
04-03 21:48:00.672  5339  5352 I PhoneLab-LoggerService: Logcat process found 1586
04-03 21:48:00.672  5339  5352 I PhoneLab-LoggerService: Checking Threshold
04-03 21:48:00.672  5339  5352 I PhoneLab-LoggerService: Starting to rename files
04-03 21:48:00.672  5339  5352 I PhoneLab-LoggerService: Files found .. 5
04-03 21:48:00.679  5339  5342 D dalvikvm: GC_CONCURRENT freed 458K, 19% free 9200K/11271K, paused 2ms+2ms
04-03 21:49:20.812  5339  5339 I PhoneLab-Locks: wake lock acquired
04-03 21:49:20.824  5339  5339 I PhoneLab-StatusMonitor: Status Monitoring is started
04-03 21:49:20.875  5339  5339 I PhoneLab-StatusMonitor: Value: 5 - unit: min
04-03 21:49:20.882  5339  5339 I PhoneLab-StatusMonitor: Running interval: 300000
04-03 21:49:20.894  5339  5342 D dalvikvm: GC_CONCURRENT freed 453K, 18% free 9259K/11271K, paused 1ms+5ms
04-03 21:49:20.898  5339  5339 I PhoneLab-StatusMonitor: Rescheduling status monitoring...
04-03 21:49:20.898  5339  5339 I PhoneLab-Locks: wake lock released
04-03 21:49:20.902  5339  5339 I PhoneLab-StatusMonitorLocation: Learning Location
04-03 21:49:20.902  5339  5339 I PhoneLab-Locks: wake lock acquired
04-03 21:49:20.902  5339  5339 I PhoneLab-Locks: wake lock acquired
04-03 21:49:20.906  5339  5339 I PhoneLab-StatusMonitorLocation: Learning Signal Strgth
04-03 21:49:20.906  5339  5339 I PhoneLab-Locks: wake lock acquired
04-03 21:49:20.918  5339  5339 I PhoneLab-StatusMonitorBattery: Battery_level: 94
04-03 21:49:20.918  5339  5339 I PhoneLab-Locks: wake lock released
04-03 21:49:20.918  5339  5339 I PhoneLab-StatusMonitorSignal: Signal_Strength: -86 asu: 14
04-03 21:49:20.918  5339  5339 I PhoneLab-Locks: wake lock released
04-03 21:50:00.625  5339  5352 I PhoneLab-: Service Running
04-03 21:50:00.652  5339  5352 I PhoneLab-LoggerService: app_34    1586  1     2292   1852  c00f1758 400a0794 S logcat
04-03 21:50:00.652  5339  5352 I PhoneLab-LoggerService: Logcat pid from database 1586
04-03 21:50:00.652  5339  5352 I PhoneLab-LoggerService: Logcat process found 1586
04-03 21:50:00.652  5339  5352 I PhoneLab-LoggerService: Checking Threshold
04-03 21:50:00.652  5339  5352 I PhoneLab-LoggerService: Starting to rename files
04-03 21:50:00.652  5339  5352 I PhoneLab-LoggerService: Files found .. 5
