04-03 17:21:47.168  5855  5855 D android.widget.GridLayout: vertical constraints: y3 - y0 > 72, y3 - y2 < 0, y2 - y1 < 24, y1 - y0 < 37 are inconsistent; permanently removing: y3 - y2 < 0. 
04-03 17:21:47.226  5855  5855 D android.widget.GridLayout: vertical constraints: y3 - y0 > 72, y3 - y2 < 0, y2 - y1 < 24, y1 - y0 < 37 are inconsistent; permanently removing: y3 - y2 < 0. 
04-03 17:21:47.234  5855  5855 D android.widget.GridLayout: vertical constraints: y3 - y0 > 72, y3 - y2 < 0, y2 - y1 < 24, y1 - y0 < 37 are inconsistent; permanently removing: y3 - y2 < 0. 
04-03 17:21:47.261  5855  5855 D android.widget.GridLayout: vertical constraints: y3 - y0 > 72, y3 - y2 < 0, y2 - y1 < 24, y1 - y0 < 37 are inconsistent; permanently removing: y3 - y2 < 0. 
04-03 17:21:47.285  5855  5855 D android.widget.GridLayout: vertical constraints: y3 - y0 > 72, y3 - y2 < 0, y2 - y1 < 24, y1 - y0 < 37 are inconsistent; permanently removing: y3 - y2 < 0. 
04-03 17:21:47.308  5855  5855 D android.widget.GridLayout: vertical constraints: y3 - y0 > 72, y3 - y2 < 0, y2 - y1 < 24, y1 - y0 < 37 are inconsistent; permanently removing: y3 - y2 < 0. 
04-03 17:21:47.343  5855  5857 D dalvikvm: GC_CONCURRENT freed 314K, 5% free 10385K/10823K, paused 6ms+4ms
04-03 17:21:47.367  5855  5855 D android.widget.GridLayout: vertical constraints: y3 - y0 > 72, y3 - y2 < 0, y2 - y1 < 24, y1 - y0 < 37 are inconsistent; permanently removing: y3 - y2 < 0. 
04-03 17:21:47.523   145   175 I ActivityManager: Displayed com.android.settings/.SubSettings: +1s382ms
04-03 17:21:47.593  5855  5855 D OpenGLRenderer: Flushing caches (mode 0)
04-03 17:21:47.671   145   147 D dalvikvm: GC_CONCURRENT freed 1859K, 19% free 14937K/18247K, paused 6ms+6ms
04-03 17:21:48.168  5855  5871 D dalvikvm: GC_FOR_ALLOC freed 176K, 5% free 10556K/11015K, paused 62ms
04-03 17:21:48.218  5855  5855 D android.widget.GridLayout: vertical constraints: y3 - y0 > 72, y3 - y2 < 0, y2 - y1 < 24, y1 - y0 < 37 are inconsistent; permanently removing: y3 - y2 < 0. 
04-03 17:21:48.226  5855  5855 D android.widget.GridLayout: vertical constraints: y3 - y0 > 72, y3 - y2 < 0, y2 - y1 < 24, y1 - y0 < 37 are inconsistent; permanently removing: y3 - y2 < 0. 
04-03 17:21:48.242  5855  5855 D android.widget.GridLayout: vertical constraints: y3 - y0 > 72, y3 - y2 < 0, y2 - y1 < 24, y1 - y0 < 37 are inconsistent; permanently removing: y3 - y2 < 0. 
04-03 17:21:48.253  5855  5855 D android.widget.GridLayout: vertical constraints: y3 - y0 > 72, y3 - y2 < 0, y2 - y1 < 24, y1 - y0 < 37 are inconsistent; permanently removing: y3 - y2 < 0. 
04-03 17:21:48.265  5855  5855 D android.widget.GridLayout: vertical constraints: y3 - y0 > 72, y3 - y2 < 0, y2 - y1 < 24, y1 - y0 < 37 are inconsistent; permanently removing: y3 - y2 < 0. 
04-03 17:21:48.277  5855  5855 D android.widget.GridLayout: vertical constraints: y3 - y0 > 72, y3 - y2 < 0, y2 - y1 < 24, y1 - y0 < 37 are inconsistent; permanently removing: y3 - y2 < 0. 
04-03 17:21:48.710  5855  5855 D android.widget.GridLayout: vertical constraints: y3 - y0 > 72, y3 - y2 < 0, y2 - y1 < 24, y1 - y0 < 37 are inconsistent; permanently removing: y3 - y2 < 0. 
04-03 17:21:48.738  5855  5855 D android.widget.GridLayout: vertical constraints: y3 - y0 > 72, y3 - y2 < 0, y2 - y1 < 24, y1 - y0 < 37 are inconsistent; permanently removing: y3 - y2 < 0. 
04-03 17:21:48.757  5855  5855 D android.widget.GridLayout: vertical constraints: y3 - y0 > 72, y3 - y2 < 0, y2 - y1 < 24, y1 - y0 < 37 are inconsistent; permanently removing: y3 - y2 < 0. 
04-03 17:21:48.793  5855  5855 D android.widget.GridLayout: vertical constraints: y3 - y0 > 72, y3 - y2 < 0, y2 - y1 < 24, y1 - y0 < 37 are inconsistent; permanently removing: y3 - y2 < 0. 
04-03 17:21:48.816  5855  5857 D dalvikvm: GC_CONCURRENT freed 311K, 4% free 10772K/11207K, paused 2ms+5ms
04-03 17:21:48.839  5855  5855 D android.widget.GridLayout: vertical constraints: y3 - y0 > 72, y3 - y2 < 0, y2 - y1 < 24, y1 - y0 < 37 are inconsistent; permanently removing: y3 - y2 < 0. 
04-03 17:21:48.851  5855  5855 D android.widget.GridLayout: vertical constraints: y3 - y0 > 72, y3 - y2 < 0, y2 - y1 < 24, y1 - y0 < 37 are inconsistent; permanently removing: y3 - y2 < 0. 
04-03 17:21:49.195    81   125 D AudioHardware: AudioHardware pcm playback is going to standby.
04-03 17:21:49.199    81   125 D AudioHardware: closePcmOut_l() mPcmOpenCnt: 1
04-03 17:21:49.394  5339  5339 I PhoneLab-Locks: wake lock acquired
04-03 17:21:49.511  5339  5874 I PhoneLab-PeriodicCheckService: User info is synched
04-03 17:21:49.531  5339  5874 I PhoneLab-PeriodicCheckService: Logger Service is running
04-03 17:21:49.546  5855  5855 D android.widget.GridLayout: vertical constraints: y3 - y0 > 72, y3 - y2 < 0, y2 - y1 < 24, y1 - y0 < 37 are inconsistent; permanently removing: y3 - y2 < 0. 
04-03 17:21:49.554  5855  5855 D android.widget.GridLayout: vertical constraints: y3 - y0 > 72, y3 - y2 < 0, y2 - y1 < 24, y1 - y0 < 37 are inconsistent; permanently removing: y3 - y2 < 0. 
04-03 17:21:49.562  5339  5874 I PhoneLab-Locks: wake lock acquired
04-03 17:21:49.562  5855  5855 D android.widget.GridLayout: vertical constraints: y3 - y0 > 72, y3 - y2 < 0, y2 - y1 < 24, y1 - y0 < 37 are inconsistent; permanently removing: y3 - y2 < 0. 
04-03 17:21:49.566  5339  5339 I PhoneLab-UploadLogs: OnStartCommand
04-03 17:21:49.566  5339  5874 I PhoneLab-PeriodicCheckService: Rescheduling periodic checking...
04-03 17:21:49.578  5855  5855 D android.widget.GridLayout: vertical constraints: y3 - y0 > 72, y3 - y2 < 0, y2 - y1 < 24, y1 - y0 < 37 are inconsistent; permanently removing: y3 - y2 < 0. 
04-03 17:21:49.582  5339  5874 I PhoneLab-Locks: wake lock released
04-03 17:21:49.585  5855  5855 D android.widget.GridLayout: vertical constraints: y3 - y0 > 72, y3 - y2 < 0, y2 - y1 < 24, y1 - y0 < 37 are inconsistent; permanently removing: y3 - y2 < 0. 
04-03 17:21:49.597  5855  5855 D android.widget.GridLayout: vertical constraints: y3 - y0 > 72, y3 - y2 < 0, y2 - y1 < 24, y1 - y0 < 37 are inconsistent; permanently removing: y3 - y2 < 0. 
04-03 17:21:49.707  5855  5857 D dalvikvm: GC_CONCURRENT freed 294K, 4% free 10971K/11399K, paused 2ms+3ms
04-03 17:21:53.664  5855  5855 D android.widget.GridLayout: vertical constraints: y3 - y0 > 72, y3 - y2 < 0, y2 - y1 < 24, y1 - y0 < 37 are inconsistent; permanently removing: y3 - y2 < 0. 
04-03 17:21:53.949  5855  5855 D android.widget.GridLayout: vertical constraints: y3 - y0 > 72, y3 - y2 < 0, y2 - y1 < 24, y1 - y0 < 37 are inconsistent; permanently removing: y3 - y2 < 0. 
04-03 17:21:54.183  5855  5855 D android.widget.GridLayout: vertical constraints: y3 - y0 > 72, y3 - y2 < 0, y2 - y1 < 24, y1 - y0 < 37 are inconsistent; permanently removing: y3 - y2 < 0. 
04-03 17:21:55.062  5855  5855 D android.widget.GridLayout: vertical constraints: y3 - y0 > 72, y3 - y2 < 0, y2 - y1 < 24, y1 - y0 < 37 are inconsistent; permanently removing: y3 - y2 < 0. 
04-03 17:21:55.281  5855  5855 D android.widget.GridLayout: vertical constraints: y3 - y0 > 72, y3 - y2 < 0, y2 - y1 < 24, y1 - y0 < 37 are inconsistent; permanently removing: y3 - y2 < 0. 
04-03 17:21:55.828  5855  5855 D android.widget.GridLayout: vertical constraints: y3 - y0 > 72, y3 - y2 < 0, y2 - y1 < 24, y1 - y0 < 37 are inconsistent; permanently removing: y3 - y2 < 0. 
04-03 17:21:55.878  5855  5855 D android.widget.GridLayout: vertical constraints: y3 - y0 > 72, y3 - y2 < 0, y2 - y1 < 24, y1 - y0 < 37 are inconsistent; permanently removing: y3 - y2 < 0. 
04-03 17:21:55.898  5855  5855 D android.widget.GridLayout: vertical constraints: y3 - y0 > 72, y3 - y2 < 0, y2 - y1 < 24, y1 - y0 < 37 are inconsistent; permanently removing: y3 - y2 < 0. 
04-03 17:21:55.906  5855  5855 D android.widget.GridLayout: vertical constraints: y3 - y0 > 72, y3 - y2 < 0, y2 - y1 < 24, y1 - y0 < 37 are inconsistent; permanently removing: y3 - y2 < 0. 
04-03 17:21:56.640  5855  5855 D android.widget.GridLayout: vertical constraints: y3 - y0 > 72, y3 - y2 < 0, y2 - y1 < 24, y1 - y0 < 37 are inconsistent; permanently removing: y3 - y2 < 0. 
04-03 17:21:58.601    81   125 D AudioHardware: AudioHardware pcm playback is exiting standby.
04-03 17:21:58.601    81   125 D AudioHardware: openPcmOut_l() mPcmOpenCnt: 0
04-03 17:21:58.746  5855  5857 D dalvikvm: GC_CONCURRENT freed 494K, 5% free 11146K/11719K, paused 16ms+4ms
04-03 17:21:58.812   145   343 I ActivityManager: START {act=android.intent.action.MAIN cmp=com.android.settings/.SubSettings (has extras)} from pid 5855
04-03 17:21:59.109  5855  5855 D android.widget.GridLayout: vertical constraints: y1 - y0 > 37, y2 - y1 > 24, y3 - y2 > 58, y3 - y0 < 72 are inconsistent; permanently removing: y3 - y0 < 72. 
04-03 17:21:59.128  5855  5855 D android.widget.GridLayout: vertical constraints: y3 - y0 > 143, y3 - y2 < 35, y2 - y1 < 24, y1 - y0 < 37 are inconsistent; permanently removing: y3 - y2 < 35, y3 - y0 < 72. 
04-03 17:21:59.300   145   175 I ActivityManager: Displayed com.android.settings/.SubSettings: +430ms
04-03 17:21:59.335  5855  5855 D OpenGLRenderer: Flushing caches (mode 0)
04-03 17:22:00.613  5339  5352 I PhoneLab-: Service Running
04-03 17:22:00.726  5339  5352 I PhoneLab-LoggerService: app_34    1586  1     2292   1852  c00f1758 400a0794 S logcat
04-03 17:22:00.726  5339  5352 I PhoneLab-LoggerService: Logcat pid from database 1586
04-03 17:22:00.726  5339  5352 I PhoneLab-LoggerService: Logcat process found 1586
04-03 17:22:00.726  5339  5352 I PhoneLab-LoggerService: Checking Threshold
04-03 17:22:00.730  5339  5352 I PhoneLab-LoggerService: Starting to rename files
04-03 17:22:00.730  5339  5352 I PhoneLab-LoggerService: Files found .. 4
04-03 17:22:01.695    81   125 D AudioHardware: AudioHardware pcm playback is going to standby.
04-03 17:22:01.695    81   125 D AudioHardware: closePcmOut_l() mPcmOpenCnt: 1
04-03 17:22:06.906   292   292 I wpa_supplicant: wlan0: CTRL-EVENT-EAP-STARTED EAP authentication started
04-03 17:22:06.914   292   292 I wpa_supplicant: wlan0: CTRL-EVENT-DISCONNECTED bssid=d0:c2:82:66:6b:f1 reason=0
04-03 17:22:11.171   292   292 I wpa_supplicant: wlan0: Associated with d0:c2:82:66:6b:f1
04-03 17:22:11.171   292   292 I wpa_supplicant: wlan0: CTRL-EVENT-EAP-STARTED EAP authentication started
04-03 17:22:11.195   292   292 I wpa_supplicant: wlan0: CTRL-EVENT-EAP-PROPOSED-METHOD vendor=0 method=4 -> NAK
04-03 17:22:11.203   292   292 I wpa_supplicant: wlan0: CTRL-EVENT-EAP-PROPOSED-METHOD vendor=0 method=25
04-03 17:22:11.203   292   292 I wpa_supplicant: wlan0: CTRL-EVENT-EAP-METHOD EAP vendor 0 method 25 (PEAP) selected
04-03 17:22:11.210   292   292 I wpa_supplicant: EAP-TLV: TLV Result - Success - EAP-TLV/Phase2 Completed
04-03 17:22:12.328  5855  5857 D dalvikvm: GC_CONCURRENT freed 1297K, 12% free 10600K/11975K, paused 2ms+3ms
04-03 17:22:12.464  5855  5855 D android.widget.GridLayout: vertical constraints: y3 - y0 > 72, y3 - y2 < 0, y2 - y1 < 24, y1 - y0 < 37 are inconsistent; permanently removing: y3 - y2 < 0. 
04-03 17:22:12.476  5855  5855 D android.widget.GridLayout: vertical constraints: y3 - y0 > 72, y3 - y2 < 0, y2 - y1 < 24, y1 - y0 < 37 are inconsistent; permanently removing: y3 - y2 < 0. 
04-03 17:22:12.484  5855  5855 D android.widget.GridLayout: vertical constraints: y3 - y0 > 72, y3 - y2 < 0, y2 - y1 < 24, y1 - y0 < 37 are inconsistent; permanently removing: y3 - y2 < 0. 
04-03 17:22:12.496  5855  5855 D android.widget.GridLayout: vertical constraints: y3 - y0 > 72, y3 - y2 < 0, y2 - y1 < 24, y1 - y0 < 37 are inconsistent; permanently removing: y3 - y2 < 0. 
04-03 17:22:12.507  5855  5855 D android.widget.GridLayout: vertical constraints: y3 - y0 > 72, y3 - y2 < 0, y2 - y1 < 24, y1 - y0 < 37 are inconsistent; permanently removing: y3 - y2 < 0. 
04-03 17:22:12.519  5855  5855 D android.widget.GridLayout: vertical constraints: y3 - y0 > 72, y3 - y2 < 0, y2 - y1 < 24, y1 - y0 < 37 are inconsistent; permanently removing: y3 - y2 < 0. 
04-03 17:22:12.566  5855  5855 D OpenGLRenderer: Flushing caches (mode 0)
04-03 17:22:12.628  5855  5855 D android.widget.GridLayout: vertical constraints: y3 - y0 > 72, y3 - y2 < 0, y2 - y1 < 24, y1 - y0 < 37 are inconsistent; permanently removing: y3 - y2 < 0. 
04-03 17:22:12.640  5855  5855 D android.widget.GridLayout: vertical constraints: y3 - y0 > 72, y3 - y2 < 0, y2 - y1 < 24, y1 - y0 < 37 are inconsistent; permanently removing: y3 - y2 < 0. 
04-03 17:22:12.679  5855  5855 D android.widget.GridLayout: vertical constraints: y3 - y0 > 72, y3 - y2 < 0, y2 - y1 < 24, y1 - y0 < 37 are inconsistent; permanently removing: y3 - y2 < 0. 
04-03 17:22:12.703  5855  5855 D android.widget.GridLayout: vertical constraints: y3 - y0 > 72, y3 - y2 < 0, y2 - y1 < 24, y1 - y0 < 37 are inconsistent; permanently removing: y3 - y2 < 0. 
04-03 17:22:12.742  5855  5855 D android.widget.GridLayout: vertical constraints: y3 - y0 > 72, y3 - y2 < 0, y2 - y1 < 24, y1 - y0 < 37 are inconsistent; permanently removing: y3 - y2 < 0. 
04-03 17:22:12.761  5855  5857 D dalvikvm: GC_CONCURRENT freed 454K, 12% free 10653K/11975K, paused 6ms+7ms
04-03 17:22:12.789  5855  5855 D android.widget.GridLayout: vertical constraints: y3 - y0 > 72, y3 - y2 < 0, y2 - y1 < 24, y1 - y0 < 37 are inconsistent; permanently removing: y3 - y2 < 0. 
04-03 17:22:13.007  5855  5855 D android.widget.GridLayout: vertical constraints: y3 - y0 > 72, y3 - y2 < 0, y2 - y1 < 24, y1 - y0 < 37 are inconsistent; permanently removing: y3 - y2 < 0. 
04-03 17:22:13.031  5855  5855 D android.widget.GridLayout: vertical constraints: y3 - y0 > 72, y3 - y2 < 0, y2 - y1 < 24, y1 - y0 < 37 are inconsistent; permanently removing: y3 - y2 < 0. 
04-03 17:22:13.054  5855  5855 D android.widget.GridLayout: vertical constraints: y3 - y0 > 72, y3 - y2 < 0, y2 - y1 < 24, y1 - y0 < 37 are inconsistent; permanently removing: y3 - y2 < 0. 
04-03 17:22:13.097  5855  5857 D dalvikvm: GC_CONCURRENT freed 331K, 10% free 10828K/11975K, paused 2ms+4ms
04-03 17:22:13.101  5855  5855 D android.widget.GridLayout: vertical constraints: y3 - y0 > 72, y3 - y2 < 0, y2 - y1 < 24, y1 - y0 < 37 are inconsistent; permanently removing: y3 - y2 < 0. 
04-03 17:22:13.128  5855  5855 D android.widget.GridLayout: vertical constraints: y3 - y0 > 72, y3 - y2 < 0, y2 - y1 < 24, y1 - y0 < 37 are inconsistent; permanently removing: y3 - y2 < 0. 
04-03 17:22:13.140  5855  5855 D android.widget.GridLayout: vertical constraints: y3 - y0 > 72, y3 - y2 < 0, y2 - y1 < 24, y1 - y0 < 37 are inconsistent; permanently removing: y3 - y2 < 0. 
04-03 17:22:13.230  5855  5855 D android.widget.GridLayout: vertical constraints: y3 - y0 > 72, y3 - y2 < 0, y2 - y1 < 24, y1 - y0 < 37 are inconsistent; permanently removing: y3 - y2 < 0. 
04-03 17:22:13.242  5855  5855 D android.widget.GridLayout: vertical constraints: y3 - y0 > 72, y3 - y2 < 0, y2 - y1 < 24, y1 - y0 < 37 are inconsistent; permanently removing: y3 - y2 < 0. 
04-03 17:22:13.250  5855  5855 D android.widget.GridLayout: vertical constraints: y3 - y0 > 72, y3 - y2 < 0, y2 - y1 < 24, y1 - y0 < 37 are inconsistent; permanently removing: y3 - y2 < 0. 
04-03 17:22:13.257  5855  5855 D android.widget.GridLayout: vertical constraints: y3 - y0 > 72, y3 - y2 < 0, y2 - y1 < 24, y1 - y0 < 37 are inconsistent; permanently removing: y3 - y2 < 0. 
04-03 17:22:13.265  5855  5855 D android.widget.GridLayout: vertical constraints: y3 - y0 > 72, y3 - y2 < 0, y2 - y1 < 24, y1 - y0 < 37 are inconsistent; permanently removing: y3 - y2 < 0. 
04-03 17:22:13.277  5855  5855 D android.widget.GridLayout: vertical constraints: y3 - y0 > 72, y3 - y2 < 0, y2 - y1 < 24, y1 - y0 < 37 are inconsistent; permanently removing: y3 - y2 < 0. 
04-03 17:22:13.363  5855  5857 D dalvikvm: GC_CONCURRENT freed 263K, 8% free 11042K/11975K, paused 1ms+5ms
04-03 17:22:13.449  5855  5855 D android.widget.GridLayout: vertical constraints: y3 - y0 > 72, y3 - y2 < 0, y2 - y1 < 24, y1 - y0 < 37 are inconsistent; permanently removing: y3 - y2 < 0. 
04-03 17:22:13.457  5855  5855 D android.widget.GridLayout: vertical constraints: y3 - y0 > 72, y3 - y2 < 0, y2 - y1 < 24, y1 - y0 < 37 are inconsistent; permanently removing: y3 - y2 < 0. 
04-03 17:22:13.464  5855  5855 D android.widget.GridLayout: vertical constraints: y3 - y0 > 72, y3 - y2 < 0, y2 - y1 < 24, y1 - y0 < 37 are inconsistent; permanently removing: y3 - y2 < 0. 
04-03 17:22:13.472  5855  5855 D android.widget.GridLayout: vertical constraints: y3 - y0 > 72, y3 - y2 < 0, y2 - y1 < 24, y1 - y0 < 37 are inconsistent; permanently removing: y3 - y2 < 0. 
04-03 17:22:13.480  5855  5855 D android.widget.GridLayout: vertical constraints: y3 - y0 > 72, y3 - y2 < 0, y2 - y1 < 24, y1 - y0 < 37 are inconsistent; permanently removing: y3 - y2 < 0. 
04-03 17:22:13.488  5855  5855 D android.widget.GridLayout: vertical constraints: y3 - y0 > 72, y3 - y2 < 0, y2 - y1 < 24, y1 - y0 < 37 are inconsistent; permanently removing: y3 - y2 < 0. 
04-03 17:22:14.195    81   125 D AudioHardware: AudioHardware pcm playback is exiting standby.
04-03 17:22:14.195    81   125 D AudioHardware: openPcmOut_l() mPcmOpenCnt: 0
04-03 17:22:14.390  5855  5857 D dalvikvm: GC_CONCURRENT freed 330K, 6% free 11312K/11975K, paused 4ms+4ms
04-03 17:22:14.546  5855  5857 D dalvikvm: GC_CONCURRENT freed 1129K, 11% free 10932K/12167K, paused 2ms+5ms
04-03 17:22:14.656  5855  5855 D android.widget.GridLayout: vertical constraints: y3 - y0 > 72, y3 - y2 < 0, y2 - y1 < 24, y1 - y0 < 37 are inconsistent; permanently removing: y3 - y2 < 0. 
04-03 17:22:14.671  5855  5855 D android.widget.GridLayout: vertical constraints: y3 - y0 > 72, y3 - y2 < 0, y2 - y1 < 24, y1 - y0 < 37 are inconsistent; permanently removing: y3 - y2 < 0. 
04-03 17:22:14.691  5855  5855 D android.widget.GridLayout: vertical constraints: y3 - y0 > 72, y3 - y2 < 0, y2 - y1 < 24, y1 - y0 < 37 are inconsistent; permanently removing: y3 - y2 < 0. 
04-03 17:22:14.707   145   147 D dalvikvm: GC_CONCURRENT freed 1425K, 19% free 14957K/18247K, paused 3ms+16ms
04-03 17:22:14.710  5855  5855 D android.widget.GridLayout: vertical constraints: y3 - y0 > 72, y3 - y2 < 0, y2 - y1 < 24, y1 - y0 < 37 are inconsistent; permanently removing: y3 - y2 < 0. 
04-03 17:22:14.738  5855  5855 D android.widget.GridLayout: vertical constraints: y3 - y0 > 72, y3 - y2 < 0, y2 - y1 < 24, y1 - y0 < 37 are inconsistent; permanently removing: y3 - y2 < 0. 
04-03 17:22:14.746  5855  5855 D android.widget.GridLayout: vertical constraints: y3 - y0 > 72, y3 - y2 < 0, y2 - y1 < 24, y1 - y0 < 37 are inconsistent; permanently removing: y3 - y2 < 0. 
04-03 17:22:14.816  5855  5855 D android.widget.GridLayout: vertical constraints: y3 - y0 > 72, y3 - y2 < 0, y2 - y1 < 24, y1 - y0 < 37 are inconsistent; permanently removing: y3 - y2 < 0. 
04-03 17:22:14.828  5855  5855 D android.widget.GridLayout: vertical constraints: y3 - y0 > 72, y3 - y2 < 0, y2 - y1 < 24, y1 - y0 < 37 are inconsistent; permanently removing: y3 - y2 < 0. 
04-03 17:22:14.835  5855  5855 D android.widget.GridLayout: vertical constraints: y3 - y0 > 72, y3 - y2 < 0, y2 - y1 < 24, y1 - y0 < 37 are inconsistent; permanently removing: y3 - y2 < 0. 
04-03 17:22:14.847  5855  5855 D android.widget.GridLayout: vertical constraints: y3 - y0 > 72, y3 - y2 < 0, y2 - y1 < 24, y1 - y0 < 37 are inconsistent; permanently removing: y3 - y2 < 0. 
04-03 17:22:14.855  5855  5855 D android.widget.GridLayout: vertical constraints: y3 - y0 > 72, y3 - y2 < 0, y2 - y1 < 24, y1 - y0 < 37 are inconsistent; permanently removing: y3 - y2 < 0. 
04-03 17:22:14.867  5855  5855 D android.widget.GridLayout: vertical constraints: y3 - y0 > 72, y3 - y2 < 0, y2 - y1 < 24, y1 - y0 < 37 are inconsistent; permanently removing: y3 - y2 < 0. 
04-03 17:22:14.992  5855  5857 D dalvikvm: GC_CONCURRENT freed 768K, 13% free 10677K/12167K, paused 2ms+7ms
04-03 17:22:15.171  5855  5855 D android.widget.GridLayout: vertical constraints: y3 - y0 > 72, y3 - y2 < 0, y2 - y1 < 24, y1 - y0 < 37 are inconsistent; permanently removing: y3 - y2 < 0. 
04-03 17:22:15.183  5855  5855 D android.widget.GridLayout: vertical constraints: y3 - y0 > 72, y3 - y2 < 0, y2 - y1 < 24, y1 - y0 < 37 are inconsistent; permanently removing: y3 - y2 < 0. 
04-03 17:22:15.191  5855  5855 D android.widget.GridLayout: vertical constraints: y3 - y0 > 72, y3 - y2 < 0, y2 - y1 < 24, y1 - y0 < 37 are inconsistent; permanently removing: y3 - y2 < 0. 
04-03 17:22:15.203  5855  5855 D android.widget.GridLayout: vertical constraints: y3 - y0 > 72, y3 - y2 < 0, y2 - y1 < 24, y1 - y0 < 37 are inconsistent; permanently removing: y3 - y2 < 0. 
04-03 17:22:15.222  5855  5855 D android.widget.GridLayout: vertical constraints: y3 - y0 > 72, y3 - y2 < 0, y2 - y1 < 24, y1 - y0 < 37 are inconsistent; permanently removing: y3 - y2 < 0. 
04-03 17:22:15.293  5855  5855 D android.widget.GridLayout: vertical constraints: y3 - y0 > 72, y3 - y2 < 0, y2 - y1 < 24, y1 - y0 < 37 are inconsistent; permanently removing: y3 - y2 < 0. 
04-03 17:22:15.308  5855  5857 D dalvikvm: GC_CONCURRENT freed 433K, 12% free 10708K/12167K, paused 2ms+8ms
04-03 17:22:15.425  5855  5855 D android.widget.GridLayout: vertical constraints: y3 - y0 > 72, y3 - y2 < 0, y2 - y1 < 24, y1 - y0 < 37 are inconsistent; permanently removing: y3 - y2 < 0. 
04-03 17:22:15.433  5855  5855 D android.widget.GridLayout: vertical constraints: y3 - y0 > 72, y3 - y2 < 0, y2 - y1 < 24, y1 - y0 < 37 are inconsistent; permanently removing: y3 - y2 < 0. 
04-03 17:22:15.445  5855  5855 D android.widget.GridLayout: vertical constraints: y3 - y0 > 72, y3 - y2 < 0, y2 - y1 < 24, y1 - y0 < 37 are inconsistent; permanently removing: y3 - y2 < 0. 
04-03 17:22:15.453  5855  5855 D android.widget.GridLayout: vertical constraints: y3 - y0 > 72, y3 - y2 < 0, y2 - y1 < 24, y1 - y0 < 37 are inconsistent; permanently removing: y3 - y2 < 0. 
04-03 17:22:15.464  5855  5855 D android.widget.GridLayout: vertical constraints: y3 - y0 > 72, y3 - y2 < 0, y2 - y1 < 24, y1 - y0 < 37 are inconsistent; permanently removing: y3 - y2 < 0. 
04-03 17:22:15.472  5855  5855 D android.widget.GridLayout: vertical constraints: y3 - y0 > 72, y3 - y2 < 0, y2 - y1 < 24, y1 - y0 < 37 are inconsistent; permanently removing: y3 - y2 < 0. 
04-03 17:22:15.515  3007  5886 I Gmail   : MainSyncRequestProto: lowestBkwdConvoId: 0, highestHandledServerOp: 2402201, normalSync: true
04-03 17:22:15.578  5855  5857 D dalvikvm: GC_CONCURRENT freed 236K, 11% free 10911K/12167K, paused 3ms+5ms
04-03 17:22:15.648  5855  5855 D android.widget.GridLayout: vertical constraints: y3 - y0 > 72, y3 - y2 < 0, y2 - y1 < 24, y1 - y0 < 37 are inconsistent; permanently removing: y3 - y2 < 0. 
04-03 17:22:15.656  5855  5855 D android.widget.GridLayout: vertical constraints: y3 - y0 > 72, y3 - y2 < 0, y2 - y1 < 24, y1 - y0 < 37 are inconsistent; permanently removing: y3 - y2 < 0. 
04-03 17:22:15.664  5855  5855 D android.widget.GridLayout: vertical constraints: y3 - y0 > 72, y3 - y2 < 0, y2 - y1 < 24, y1 - y0 < 37 are inconsistent; permanently removing: y3 - y2 < 0. 
04-03 17:22:15.691  5855  5855 D android.widget.GridLayout: vertical constraints: y3 - y0 > 72, y3 - y2 < 0, y2 - y1 < 24, y1 - y0 < 37 are inconsistent; permanently removing: y3 - y2 < 0. 
04-03 17:22:15.699  5855  5855 D android.widget.GridLayout: vertical constraints: y3 - y0 > 72, y3 - y2 < 0, y2 - y1 < 24, y1 - y0 < 37 are inconsistent; permanently removing: y3 - y2 < 0. 
04-03 17:22:15.707  5855  5855 D android.widget.GridLayout: vertical constraints: y3 - y0 > 72, y3 - y2 < 0, y2 - y1 < 24, y1 - y0 < 37 are inconsistent; permanently removing: y3 - y2 < 0. 
04-03 17:22:16.890   145   180 I ActivityManager: START {act=android.intent.action.MAIN cat=[android.intent.category.HOME] flg=0x10200000 cmp=com.android.launcher/com.android.launcher2.Launcher} from pid 145
04-03 17:22:17.070  5855  5855 D OpenGLRenderer: Flushing caches (mode 0)
04-03 17:22:17.285    81   125 D AudioHardware: AudioHardware pcm playback is going to standby.
04-03 17:22:17.285    81   125 D AudioHardware: closePcmOut_l() mPcmOpenCnt: 1
04-03 17:22:17.414   145   157 W InputManagerService: Starting input on non-focused client com.android.internal.view.IInputMethodClient$Stub$Proxy@4160a6c8 (uid=1000 pid=5855)
04-03 17:22:17.460  5855  5855 D OpenGLRenderer: Flushing caches (mode 1)
04-03 17:22:19.593   145   172 I power   : *** set_screen_state 0
04-03 17:22:19.628   145   176 D UnlockScreen: portrait mode
04-03 17:22:19.640    78   122 D SurfaceFlinger: About to give-up screen, flinger = 0x1e3f918
04-03 17:22:19.773   145   176 V TransportControlView: Create TCV com.android.internal.widget.TransportControlView@417a95b8
04-03 17:22:19.832   370  1257 D NfcService: NFC-C OFF, disconnect
04-03 17:22:20.171   215   215 D PhoneStatusBar: disable: < EXPAND* icons alerts TICKER* system_info back home RECENT* clock >
04-03 17:22:20.187    81   125 D AudioHardware: AudioHardware pcm playback is exiting standby.
04-03 17:22:20.187    81   125 D AudioHardware: openPcmOut_l() mPcmOpenCnt: 0
04-03 17:22:20.289   215   215 D PhoneStatusBar: disable: < EXPAND icons alerts TICKER system_info BACK* HOME* RECENT CLOCK* >
04-03 17:22:21.695  3007  5886 D dalvikvm: GC_EXPLICIT freed 278K, 17% free 12046K/14471K, paused 6ms+4ms
04-03 17:22:21.703  3007  5886 I Gmail   : MainSyncRequestProto: lowestBkwdConvoId: 0, highestHandledServerOp: 2402233, normalSync: true
04-03 17:22:23.351    81   125 D AudioHardware: AudioHardware pcm playback is going to standby.
04-03 17:22:23.351    81   125 D AudioHardware: closePcmOut_l() mPcmOpenCnt: 1
04-03 17:22:23.433  3007  5886 D dalvikvm: GC_EXPLICIT freed 164K, 17% free 12040K/14471K, paused 2ms+5ms
04-03 17:22:23.441  3007  5886 I Gmail   : MainSyncRequestProto: lowestBkwdConvoId: 0, highestHandledServerOp: 2402233, normalSync: true
04-03 17:22:23.453  3007  5886 W Gmail   : Scheduling index for 300000 ms from now
04-03 17:22:23.480  3007  5886 I Gmail   : Sending notification intent: Intent { act=android.intent.action.PROVIDER_CHANGED dat=content://gmail-ls/unread/^i (has extras) }
04-03 17:22:24.671  5554  5556 D dalvikvm: GC_CONCURRENT freed 1003K, 13% free 10455K/11975K, paused 24ms+14ms
04-03 17:22:29.609  5339  5339 E PhoneLab-: Transfering 1333475205702.log failed
04-03 17:22:29.613  5339  5339 I PhoneLab-Locks: wake lock released
04-03 17:22:40.828   145   156 D AlarmManagerService: Kernel timezone updated to 240 minutes west of GMT
04-03 17:22:40.832   359   359 D SystemClock: Setting time of day to sec=1333488161
04-03 17:22:41.099  5746  5759 V AlarmClock: AlarmInitReceiver finished
04-03 17:22:46.337  5762  5764 D dalvikvm: GC_CONCURRENT freed 335K, 5% free 9149K/9607K, paused 35ms+1ms
04-03 17:22:47.306   292   292 I wpa_supplicant: wlan0: CTRL-EVENT-EAP-STARTED EAP authentication started
04-03 17:22:47.314   292   292 I wpa_supplicant: wlan0: CTRL-EVENT-DISCONNECTED bssid=d0:c2:82:66:6b:f1 reason=0
04-03 17:22:48.599   292   292 I wpa_supplicant: wlan0: Trying to associate with d0:c2:82:67:e7:61 (SSID='UB_Secure' freq=2412 MHz)
04-03 17:22:48.779   292   292 I wpa_supplicant: wlan0: Associated with d0:c2:82:67:e7:61
04-03 17:22:48.783   292   292 I wpa_supplicant: wlan0: CTRL-EVENT-EAP-STARTED EAP authentication started
04-03 17:22:48.786   292   292 I wpa_supplicant: wlan0: CTRL-EVENT-EAP-PROPOSED-METHOD vendor=0 method=4 -> NAK
04-03 17:22:48.790   292   292 I wpa_supplicant: wlan0: CTRL-EVENT-EAP-PROPOSED-METHOD vendor=0 method=25
04-03 17:22:48.790   292   292 I wpa_supplicant: wlan0: CTRL-EVENT-EAP-METHOD EAP vendor 0 method 25 (PEAP) selected
04-03 17:22:48.833   292   292 I wpa_supplicant: EAP-TLV: TLV Result - Success - EAP-TLV/Phase2 Completed
04-03 17:22:50.286   145   147 D dalvikvm: GC_CONCURRENT freed 853K, 16% free 15468K/18247K, paused 30ms+5ms
04-03 17:23:24.712   292   292 I wpa_supplicant: wlan0: CTRL-EVENT-EAP-STARTED EAP authentication started
04-03 17:23:24.720   292   292 I wpa_supplicant: wlan0: CTRL-EVENT-DISCONNECTED bssid=d0:c2:82:67:e7:61 reason=0
04-03 17:23:26.013   292   292 I wpa_supplicant: wlan0: Trying to associate with d0:c2:82:66:69:d1 (SSID='UB_Secure' freq=2437 MHz)
04-03 17:23:26.118    75   114 D NetlinkEvent: Unexpected netlink message. type=0xf
04-03 17:23:30.540   292   292 I wpa_supplicant: wlan0: CTRL-EVENT-DISCONNECTED bssid=d0:c2:82:66:69:d1 reason=0
04-03 17:23:31.193   292   292 I wpa_supplicant: wlan0: Trying to associate with d0:c2:82:66:6b:f1 (SSID='UB_Secure' freq=2462 MHz)
04-03 17:23:41.341   292   292 I wpa_supplicant: wlan0: Authentication with d0:c2:82:66:6b:f1 timed out.
04-03 17:23:42.931   292   292 I wpa_supplicant: wlan0: Trying to associate with d0:c2:82:2d:e4:b1 (SSID='UB_Secure' freq=2412 MHz)
04-03 17:23:44.575   145  3206 D AlarmManagerService: Kernel timezone updated to 240 minutes west of GMT
04-03 17:23:53.075   292   292 I wpa_supplicant: wlan0: Authentication with d0:c2:82:2d:e4:b1 timed out.
04-03 17:23:54.634   292   292 I wpa_supplicant: wlan0: Trying to associate with d0:c2:82:2d:e4:b1 (SSID='UB_Secure' freq=2412 MHz)
04-03 17:24:00.806  5339  5352 I PhoneLab-: Service Running
04-03 17:24:00.958  5339  5342 D dalvikvm: GC_CONCURRENT freed 926K, 19% free 9199K/11271K, paused 2ms+2ms
04-03 17:24:00.962  5339  5352 I PhoneLab-LoggerService: app_34    1586  1     2292   1852  c00f1758 400a0794 S logcat
04-03 17:24:00.962  5339  5352 I PhoneLab-LoggerService: Logcat pid from database 1586
04-03 17:24:00.962  5339  5352 I PhoneLab-LoggerService: Logcat process found 1586
04-03 17:24:00.962  5339  5352 I PhoneLab-LoggerService: Checking Threshold
04-03 17:24:00.970  5339  5352 I PhoneLab-LoggerService: Starting to rename files
04-03 17:24:00.970  5339  5352 I PhoneLab-LoggerService: Files found .. 4
04-03 17:24:04.654   292   292 I wpa_supplicant: wlan0: Authentication with d0:c2:82:2d:e4:b1 timed out.
04-03 17:24:06.283   292   292 I wpa_supplicant: wlan0: Trying to associate with d0:c2:82:84:8d:51 (SSID='UB_Secure' freq=2462 MHz)
04-03 17:24:06.482    75   114 D NetlinkEvent: Unexpected netlink message. type=0xf
04-03 17:24:12.751   145   383 D AlarmManagerService: Kernel timezone updated to 240 minutes west of GMT
04-03 17:24:13.560  5339  5339 I PhoneLab-Locks: wake lock acquired
04-03 17:24:13.564  5339  5339 I PhoneLab-StatusMonitor: Status Monitoring is started
04-03 17:24:13.736  5339  5342 D dalvikvm: GC_CONCURRENT freed 370K, 18% free 9260K/11271K, paused 7ms+13ms
04-03 17:24:13.743  5339  5339 I PhoneLab-StatusMonitor: Value: 5 - unit: min
04-03 17:24:13.747  5339  5339 I PhoneLab-StatusMonitor: Running interval: 300000
04-03 17:24:13.755  5339  5339 I PhoneLab-StatusMonitor: Rescheduling status monitoring...
04-03 17:24:13.755  5339  5339 I PhoneLab-Locks: wake lock released
04-03 17:24:13.759  5339  5339 I PhoneLab-StatusMonitorLocation: Learning Location
04-03 17:24:13.759  5339  5339 I PhoneLab-Locks: wake lock acquired
04-03 17:24:13.775  5339  5339 I PhoneLab-Locks: wake lock acquired
04-03 17:24:13.779  5339  5339 I PhoneLab-StatusMonitorLocation: Learning Signal Strgth
04-03 17:24:13.779  5339  5339 I PhoneLab-Locks: wake lock acquired
04-03 17:24:13.806  5339  5339 I PhoneLab-StatusMonitorBattery: Battery_level: 10
04-03 17:24:13.806  5339  5339 I PhoneLab-Locks: wake lock released
04-03 17:24:13.806  5339  5339 I PhoneLab-StatusMonitorSignal: Signal_Strength: -86 asu: 14
04-03 17:24:13.806  5339  5339 I PhoneLab-Locks: wake lock released
04-03 17:24:16.427   292   292 I wpa_supplicant: wlan0: Authentication with d0:c2:82:84:8d:51 timed out.
04-03 17:24:17.986   292   292 I wpa_supplicant: wlan0: Trying to associate with d0:c2:82:66:6b:f1 (SSID='UB_Secure' freq=2462 MHz)
04-03 17:24:18.036   292   292 I wpa_supplicant: wlan0: Associated with d0:c2:82:66:6b:f1
04-03 17:24:18.040   292   292 I wpa_supplicant: wlan0: CTRL-EVENT-EAP-STARTED EAP authentication started
04-03 17:24:18.052   292   292 I wpa_supplicant: wlan0: CTRL-EVENT-EAP-PROPOSED-METHOD vendor=0 method=4 -> NAK
04-03 17:24:18.060    75   114 D NetlinkEvent: Unexpected netlink message. type=0x30
04-03 17:24:18.068   292   292 I wpa_supplicant: wlan0: CTRL-EVENT-EAP-PROPOSED-METHOD vendor=0 method=25
04-03 17:24:18.072   292   292 I wpa_supplicant: wlan0: CTRL-EVENT-EAP-METHOD EAP vendor 0 method 25 (PEAP) selected
04-03 17:24:18.103   292   292 I wpa_supplicant: EAP-TLV: TLV Result - Success - EAP-TLV/Phase2 Completed
04-03 17:24:54.115   292   292 I wpa_supplicant: wlan0: CTRL-EVENT-EAP-STARTED EAP authentication started
04-03 17:24:54.115    75   114 D NetlinkEvent: Unexpected netlink message. type=0x30
04-03 17:24:54.126   292   292 I wpa_supplicant: wlan0: CTRL-EVENT-DISCONNECTED bssid=d0:c2:82:66:6b:f1 reason=0
04-03 17:24:55.404   292   292 I wpa_supplicant: wlan0: Trying to associate with d0:c2:82:2d:e4:b1 (SSID='UB_Secure' freq=2412 MHz)
04-03 17:24:59.837   292   292 I wpa_supplicant: wlan0: CTRL-EVENT-DISCONNECTED bssid=d0:c2:82:2d:e4:b1 reason=0
04-03 17:25:00.458   292   292 I wpa_supplicant: wlan0: Trying to associate with d0:c2:82:67:e7:61 (SSID='UB_Secure' freq=2412 MHz)
04-03 17:25:00.646    75   114 D NetlinkEvent: Unexpected netlink message. type=0xf
04-03 17:25:00.865   215   217 D dalvikvm: GC_CONCURRENT freed 392K, 45% free 10108K/18375K, paused 1ms+7ms
04-03 17:25:00.958   215   217 D dalvikvm: GC_CONCURRENT freed 716K, 47% free 9900K/18375K, paused 3ms+2ms
04-03 17:25:10.599   292   292 I wpa_supplicant: wlan0: Authentication with d0:c2:82:67:e7:61 timed out.
04-03 17:25:12.154   292   292 I wpa_supplicant: wlan0: Trying to associate with d0:c2:82:67:e7:61 (SSID='UB_Secure' freq=2412 MHz)
04-03 17:25:22.177   292   292 I wpa_supplicant: wlan0: Authentication with d0:c2:82:67:e7:61 timed out.
04-03 17:25:39.290   292   292 I wpa_supplicant: wlan0: Trying to associate with d0:c2:82:66:6b:f1 (SSID='UB_Secure' freq=2462 MHz)
04-03 17:25:39.443   292   292 I wpa_supplicant: wlan0: Associated with d0:c2:82:66:6b:f1
04-03 17:25:39.443   292   292 I wpa_supplicant: wlan0: CTRL-EVENT-EAP-STARTED EAP authentication started
04-03 17:25:39.450   292   292 I wpa_supplicant: wlan0: CTRL-EVENT-EAP-PROPOSED-METHOD vendor=0 method=4 -> NAK
04-03 17:25:39.454   292   292 I wpa_supplicant: wlan0: CTRL-EVENT-EAP-PROPOSED-METHOD vendor=0 method=25
04-03 17:25:39.454   292   292 I wpa_supplicant: wlan0: CTRL-EVENT-EAP-METHOD EAP vendor 0 method 25 (PEAP) selected
04-03 17:25:39.462   292   292 I wpa_supplicant: EAP-TLV: TLV Result - Success - EAP-TLV/Phase2 Completed
04-03 17:26:00.607  5339  5352 I PhoneLab-: Service Running
04-03 17:26:00.665  5339  5352 I PhoneLab-LoggerService: app_34    1586  1     2292   1852  c00f1758 400a0794 S logcat
04-03 17:26:00.665  5339  5352 I PhoneLab-LoggerService: Logcat pid from database 1586
04-03 17:26:00.665  5339  5352 I PhoneLab-LoggerService: Logcat process found 1586
04-03 17:26:00.669  5339  5352 I PhoneLab-LoggerService: Checking Threshold
04-03 17:26:00.669  5339  5352 I PhoneLab-LoggerService: Starting to rename files
04-03 17:26:00.669  5339  5352 I PhoneLab-LoggerService: Files found .. 4
04-03 17:26:15.318   292   292 I wpa_supplicant: wlan0: CTRL-EVENT-DISCONNECTED bssid=d0:c2:82:66:6b:f1 reason=0
04-03 17:26:16.603   292   292 I wpa_supplicant: wlan0: Trying to associate with d0:c2:82:66:69:d1 (SSID='UB_Secure' freq=2437 MHz)
04-03 17:26:16.712    75   114 D NetlinkEvent: Unexpected netlink message. type=0xf
04-03 17:26:21.204   292   292 I wpa_supplicant: wlan0: CTRL-EVENT-DISCONNECTED bssid=d0:c2:82:66:69:d1 reason=0
04-03 17:26:21.868   292   292 I wpa_supplicant: wlan0: Trying to associate with d0:c2:82:2d:e4:b1 (SSID='UB_Secure' freq=2412 MHz)
04-03 17:26:32.005   292   292 I wpa_supplicant: wlan0: Authentication with d0:c2:82:2d:e4:b1 timed out.
04-03 17:26:33.607   292   292 I wpa_supplicant: wlan0: Trying to associate with d0:c2:82:2d:e4:b1 (SSID='UB_Secure' freq=2412 MHz)
04-03 17:26:43.626   292   292 I wpa_supplicant: wlan0: Authentication with d0:c2:82:2d:e4:b1 timed out.
04-03 17:26:45.181   292   292 I wpa_supplicant: wlan0: Trying to associate with d0:c2:82:66:6b:f1 (SSID='UB_Secure' freq=2462 MHz)
04-03 17:26:45.357   292   292 I wpa_supplicant: wlan0: Associated with d0:c2:82:66:6b:f1
04-03 17:26:45.357   292   292 I wpa_supplicant: wlan0: CTRL-EVENT-EAP-STARTED EAP authentication started
04-03 17:26:45.603   292   292 I wpa_supplicant: wlan0: CTRL-EVENT-EAP-PROPOSED-METHOD vendor=0 method=4 -> NAK
04-03 17:26:45.611   292   292 I wpa_supplicant: wlan0: CTRL-EVENT-EAP-PROPOSED-METHOD vendor=0 method=25
04-03 17:26:45.611   292   292 I wpa_supplicant: wlan0: CTRL-EVENT-EAP-METHOD EAP vendor 0 method 25 (PEAP) selected
04-03 17:26:45.634   292   292 I wpa_supplicant: EAP-TLV: TLV Result - Success - EAP-TLV/Phase2 Completed
04-03 17:27:21.517   292   292 I wpa_supplicant: wlan0: CTRL-EVENT-EAP-STARTED EAP authentication started
04-03 17:27:21.529   292   292 I wpa_supplicant: wlan0: CTRL-EVENT-DISCONNECTED bssid=d0:c2:82:66:6b:f1 reason=0
04-03 17:27:22.814   292   292 I wpa_supplicant: wlan0: Trying to associate with d0:c2:82:67:e7:61 (SSID='UB_Secure' freq=2412 MHz)
04-03 17:27:22.919    75   114 D NetlinkEvent: Unexpected netlink message. type=0xf
04-03 17:27:26.536  5721  5741 I InvalidationClientImpl: [chromesync#steven.y.ko@gmail.com] Sending heartbeat to server: com.google.ipc.invalidation.ticl.InvalidationClientImpl$1@41321db0
04-03 17:27:26.599  5721  5741 I InvalidationClientImpl: [chromesync#steven.y.ko@gmail.com] Sending info message to server
04-03 17:27:27.115   292   292 I wpa_supplicant: wlan0: CTRL-EVENT-DISCONNECTED bssid=d0:c2:82:67:e7:61 reason=0
04-03 17:27:27.165  5721  5742 D AndroidChannel: Delivering outbound message:159 bytes
04-03 17:27:27.751   292   292 I wpa_supplicant: wlan0: Trying to associate with d0:c2:82:2d:e4:b1 (SSID='UB_Secure' freq=2412 MHz)
04-03 17:27:28.673  5721  5723 D dalvikvm: GC_CONCURRENT freed 388K, 6% free 9725K/10247K, paused 8ms+9ms
04-03 17:27:37.892   292   292 I wpa_supplicant: wlan0: Authentication with d0:c2:82:2d:e4:b1 timed out.
04-03 17:27:39.458   292   292 I wpa_supplicant: wlan0: Trying to associate with d0:c2:82:2d:e4:b1 (SSID='UB_Secure' freq=2412 MHz)
04-03 17:27:49.486   292   292 I wpa_supplicant: wlan0: Authentication with d0:c2:82:2d:e4:b1 timed out.
04-03 17:28:00.607  5339  5352 I PhoneLab-: Service Running
04-03 17:28:00.673  5339  5352 I PhoneLab-LoggerService: app_34    1586  1     2292   1852  c00f1758 400a0794 S logcat
04-03 17:28:00.673  5339  5352 I PhoneLab-LoggerService: Logcat pid from database 1586
04-03 17:28:00.673  5339  5352 I PhoneLab-LoggerService: Logcat process found 1586
04-03 17:28:00.673  5339  5352 I PhoneLab-LoggerService: Checking Threshold
04-03 17:28:00.673  5339  5352 I PhoneLab-LoggerService: Starting to rename files
04-03 17:28:00.673  5339  5352 I PhoneLab-LoggerService: Files found .. 4
04-03 17:28:01.083   145   145 D AlarmManagerService: Kernel timezone updated to 240 minutes west of GMT
04-03 17:28:06.634   292   292 I wpa_supplicant: wlan0: Trying to associate with d0:c2:82:66:6b:f1 (SSID='UB_Secure' freq=2462 MHz)
04-03 17:28:06.802   292   292 I wpa_supplicant: wlan0: Associated with d0:c2:82:66:6b:f1
04-03 17:28:06.802   292   292 I wpa_supplicant: wlan0: CTRL-EVENT-EAP-STARTED EAP authentication started
04-03 17:28:06.806   292   292 I wpa_supplicant: wlan0: CTRL-EVENT-EAP-PROPOSED-METHOD vendor=0 method=4 -> NAK
04-03 17:28:06.814   292   292 I wpa_supplicant: wlan0: CTRL-EVENT-EAP-PROPOSED-METHOD vendor=0 method=25
04-03 17:28:06.814   292   292 I wpa_supplicant: wlan0: CTRL-EVENT-EAP-METHOD EAP vendor 0 method 25 (PEAP) selected
04-03 17:28:06.818   292   292 I wpa_supplicant: EAP-TLV: TLV Result - Success - EAP-TLV/Phase2 Completed
04-03 17:28:42.716   292   292 I wpa_supplicant: wlan0: CTRL-EVENT-DISCONNECTED bssid=d0:c2:82:66:6b:f1 reason=0
04-03 17:28:44.001   292   292 I wpa_supplicant: wlan0: Trying to associate with d0:c2:82:66:6b:f1 (SSID='UB_Secure' freq=2462 MHz)
04-03 17:28:44.064   292   292 I wpa_supplicant: wlan0: Associated with d0:c2:82:66:6b:f1
04-03 17:28:44.068   292   292 I wpa_supplicant: wlan0: CTRL-EVENT-EAP-STARTED EAP authentication started
04-03 17:28:44.072   292   292 I wpa_supplicant: wlan0: CTRL-EVENT-EAP-PROPOSED-METHOD vendor=0 method=4 -> NAK
04-03 17:28:44.079   292   292 I wpa_supplicant: wlan0: CTRL-EVENT-EAP-PROPOSED-METHOD vendor=0 method=25
04-03 17:28:44.079   292   292 I wpa_supplicant: wlan0: CTRL-EVENT-EAP-METHOD EAP vendor 0 method 25 (PEAP) selected
04-03 17:28:44.087   292   292 I wpa_supplicant: EAP-TLV: TLV Result - Success - EAP-TLV/Phase2 Completed
04-03 17:28:54.728  5676  5905 V PicasaContentProvider: querySettings: defaults: {sync_on_wifi_only=1, auto_upload_account_type=null, sync_on_battery=1, sync_picasa_on_wifi_only=1, auto_upload_enabled=0, video_upload_wifi_only=1, sync_on_roaming=0, auto_upload_account_name=null}
04-03 17:28:55.126  5676  5678 D dalvikvm: GC_CONCURRENT freed 423K, 10% free 10045K/11143K, paused 21ms+21ms
04-03 17:28:57.302  3007  5904 W Gmail   : Successful index run, cancel next scheduled index run
04-03 17:29:13.779  5339  5339 I PhoneLab-Locks: wake lock acquired
04-03 17:29:13.802  5339  5339 I PhoneLab-StatusMonitor: Status Monitoring is started
04-03 17:29:13.900  5339  5342 D dalvikvm: GC_CONCURRENT freed 503K, 18% free 9271K/11271K, paused 2ms+9ms
04-03 17:29:13.919  5339  5339 I PhoneLab-StatusMonitor: Value: 5 - unit: min
04-03 17:29:13.919  5339  5339 I PhoneLab-StatusMonitor: Running interval: 300000
04-03 17:29:14.025   145   405 D dalvikvm: GC_EXPLICIT freed 1153K, 15% free 15652K/18247K, paused 3ms+15ms
04-03 17:29:14.033  5339  5339 I PhoneLab-StatusMonitor: Rescheduling status monitoring...
04-03 17:29:14.033  5339  5339 I PhoneLab-Locks: wake lock released
04-03 17:29:14.036  5339  5339 I PhoneLab-StatusMonitorLocation: Learning Location
04-03 17:29:14.036  5339  5339 I PhoneLab-Locks: wake lock acquired
04-03 17:29:14.044  5339  5339 I PhoneLab-Locks: wake lock acquired
04-03 17:29:14.052  5339  5339 I PhoneLab-StatusMonitorLocation: Learning Signal Strgth
04-03 17:29:14.052  5339  5339 I PhoneLab-Locks: wake lock acquired
04-03 17:29:14.060  5339  5339 I PhoneLab-StatusMonitorBattery: Battery_level: 12
04-03 17:29:14.060  5339  5339 I PhoneLab-Locks: wake lock released
04-03 17:29:14.060  5339  5339 I PhoneLab-StatusMonitorSignal: Signal_Strength: -86 asu: 14
04-03 17:29:14.060  5339  5339 I PhoneLab-Locks: wake lock released
04-03 17:29:19.915   292   292 I wpa_supplicant: wlan0: CTRL-EVENT-EAP-STARTED EAP authentication started
04-03 17:29:19.923   292   292 I wpa_supplicant: wlan0: CTRL-EVENT-DISCONNECTED bssid=d0:c2:82:66:6b:f1 reason=0
04-03 17:29:36.798   292   292 I wpa_supplicant: wlan0: Trying to associate with d0:c2:82:66:6b:f1 (SSID='UB_Secure' freq=2462 MHz)
04-03 17:29:42.536   267  1075 I EventLogService: Aggregate from 1333486782443 (log), 1333486782443 (data)
04-03 17:29:42.732   267   270 D dalvikvm: GC_CONCURRENT freed 398K, 6% free 10274K/10887K, paused 31ms+18ms
04-03 17:29:46.247   486   488 D dalvikvm: GC_CONCURRENT freed 444K, 6% free 9728K/10311K, paused 5ms+4ms
04-03 17:29:46.825   292   292 I wpa_supplicant: wlan0: Authentication with d0:c2:82:66:6b:f1 timed out.
04-03 17:29:48.388   292   292 I wpa_supplicant: wlan0: Trying to associate with d0:c2:82:66:6b:f1 (SSID='UB_Secure' freq=2462 MHz)
04-03 17:29:58.415   292   292 I wpa_supplicant: wlan0: Authentication with d0:c2:82:66:6b:f1 timed out.
04-03 17:29:59.970   292   292 I wpa_supplicant: wlan0: Trying to associate with d0:c2:82:84:8d:51 (SSID='UB_Secure' freq=2462 MHz)
04-03 17:30:00.607  5339  5352 I PhoneLab-: Service Running
04-03 17:30:00.685  5339  5352 I PhoneLab-LoggerService: app_34    1586  1     2292   1852  c00f1758 400a0794 S logcat
04-03 17:30:00.689  5339  5352 I PhoneLab-LoggerService: Logcat pid from database 1586
04-03 17:30:00.689  5339  5352 I PhoneLab-LoggerService: Logcat process found 1586
04-03 17:30:00.689  5339  5352 I PhoneLab-LoggerService: Checking Threshold
04-03 17:30:00.689  5339  5352 I PhoneLab-LoggerService: Starting to rename files
04-03 17:30:00.689  5339  5352 I PhoneLab-LoggerService: Files found .. 4
04-03 17:30:00.935   145   343 D AlarmManagerService: Kernel timezone updated to 240 minutes west of GMT
04-03 17:30:10.040   292   292 I wpa_supplicant: wlan0: Authentication with d0:c2:82:84:8d:51 timed out.
04-03 17:30:11.599   292   292 I wpa_supplicant: wlan0: Trying to associate with d0:c2:82:2d:e4:b1 (SSID='UB_Secure' freq=2412 MHz)
04-03 17:30:21.743   292   292 I wpa_supplicant: wlan0: Authentication with d0:c2:82:2d:e4:b1 timed out.
04-03 17:30:23.306   292   292 I wpa_supplicant: wlan0: Trying to associate with d0:c2:82:2d:e4:b1 (SSID='UB_Secure' freq=2412 MHz)
04-03 17:30:33.341   292   292 I wpa_supplicant: wlan0: Authentication with d0:c2:82:2d:e4:b1 timed out.
04-03 17:30:34.896   292   292 I wpa_supplicant: wlan0: Trying to associate with d0:c2:82:84:8d:51 (SSID='UB_Secure' freq=2462 MHz)
04-03 17:30:36.243   215   217 D dalvikvm: GC_CONCURRENT freed 203K, 46% free 10083K/18375K, paused 1ms+3ms
04-03 17:30:45.044   292   292 I wpa_supplicant: wlan0: Authentication with d0:c2:82:84:8d:51 timed out.
04-03 17:30:46.611   292   292 I wpa_supplicant: wlan0: Trying to associate with d0:c2:82:66:69:d1 (SSID='UB_Secure' freq=2437 MHz)
04-03 17:30:46.786   292   292 I wpa_supplicant: wlan0: Associated with d0:c2:82:66:69:d1
04-03 17:30:46.790   292   292 I wpa_supplicant: wlan0: CTRL-EVENT-EAP-STARTED EAP authentication started
04-03 17:30:46.802   292   292 I wpa_supplicant: wlan0: CTRL-EVENT-EAP-PROPOSED-METHOD vendor=0 method=4 -> NAK
04-03 17:30:46.810   292   292 I wpa_supplicant: wlan0: CTRL-EVENT-EAP-PROPOSED-METHOD vendor=0 method=25
04-03 17:30:46.814   292   292 I wpa_supplicant: wlan0: CTRL-EVENT-EAP-METHOD EAP vendor 0 method 25 (PEAP) selected
04-03 17:30:46.837   292   292 I wpa_supplicant: EAP-TLV: TLV Result - Success - EAP-TLV/Phase2 Completed
04-03 17:31:22.724   292   292 I wpa_supplicant: wlan0: CTRL-EVENT-EAP-STARTED EAP authentication started
04-03 17:31:41.892   292   292 I wpa_supplicant: wlan0: CTRL-EVENT-DISCONNECTED bssid=d0:c2:82:66:69:d1 reason=0
04-03 17:31:43.185   292   292 I wpa_supplicant: wlan0: Trying to associate with d0:c2:82:66:6b:f1 (SSID='UB_Secure' freq=2462 MHz)
04-03 17:31:43.380   292   292 I wpa_supplicant: wlan0: Associated with d0:c2:82:66:6b:f1
04-03 17:31:43.380   292   292 I wpa_supplicant: wlan0: CTRL-EVENT-EAP-STARTED EAP authentication started
04-03 17:31:43.388   292   292 I wpa_supplicant: wlan0: CTRL-EVENT-EAP-PROPOSED-METHOD vendor=0 method=4 -> NAK
04-03 17:31:43.400   292   292 I wpa_supplicant: wlan0: CTRL-EVENT-EAP-PROPOSED-METHOD vendor=0 method=25
04-03 17:31:43.400   292   292 I wpa_supplicant: wlan0: CTRL-EVENT-EAP-METHOD EAP vendor 0 method 25 (PEAP) selected
04-03 17:31:43.423   292   292 I wpa_supplicant: EAP-TLV: TLV Result - Success - EAP-TLV/Phase2 Completed
04-03 17:32:00.607  5339  5352 I PhoneLab-: Service Running
04-03 17:32:00.665  5339  5352 I PhoneLab-LoggerService: app_34    1586  1     2292   1852  c00f1758 400a0794 S logcat
04-03 17:32:00.665  5339  5352 I PhoneLab-LoggerService: Logcat pid from database 1586
04-03 17:32:00.665  5339  5352 I PhoneLab-LoggerService: Logcat process found 1586
04-03 17:32:00.665  5339  5352 I PhoneLab-LoggerService: Checking Threshold
04-03 17:32:00.665  5339  5352 I PhoneLab-LoggerService: Starting to rename files
04-03 17:32:00.665  5339  5352 I PhoneLab-LoggerService: Files found .. 4
04-03 17:32:19.325   292   292 I wpa_supplicant: wlan0: CTRL-EVENT-EAP-STARTED EAP authentication started
04-03 17:32:19.333   292   292 I wpa_supplicant: wlan0: CTRL-EVENT-DISCONNECTED bssid=d0:c2:82:66:6b:f1 reason=0
04-03 17:32:20.618   292   292 I wpa_supplicant: wlan0: Trying to associate with d0:c2:82:2d:e6:d1 (SSID='UB_Secure' freq=2462 MHz)
04-03 17:32:20.693   292   292 I wpa_supplicant: wlan0: Associated with d0:c2:82:2d:e6:d1
04-03 17:32:20.693   292   292 I wpa_supplicant: wlan0: CTRL-EVENT-EAP-STARTED EAP authentication started
04-03 17:32:20.704   292   292 I wpa_supplicant: wlan0: CTRL-EVENT-EAP-PROPOSED-METHOD vendor=0 method=4 -> NAK
04-03 17:32:20.712   292   292 I wpa_supplicant: wlan0: CTRL-EVENT-EAP-PROPOSED-METHOD vendor=0 method=25
04-03 17:32:20.712   292   292 I wpa_supplicant: wlan0: CTRL-EVENT-EAP-METHOD EAP vendor 0 method 25 (PEAP) selected
04-03 17:32:20.740   292   292 I wpa_supplicant: EAP-TLV: TLV Result - Success - EAP-TLV/Phase2 Completed
04-03 17:32:49.962   292   292 I wpa_supplicant: wlan0: CTRL-EVENT-DISCONNECTED bssid=d0:c2:82:2d:e6:d1 reason=0
04-03 17:32:50.560   292   292 I wpa_supplicant: wlan0: Trying to associate with d0:c2:82:84:8d:51 (SSID='UB_Secure' freq=2462 MHz)
04-03 17:32:50.607   292   292 I wpa_supplicant: wlan0: Associated with d0:c2:82:84:8d:51
04-03 17:32:50.607   292   292 I wpa_supplicant: wlan0: CTRL-EVENT-EAP-STARTED EAP authentication started
04-03 17:32:50.615   292   292 I wpa_supplicant: wlan0: CTRL-EVENT-EAP-PROPOSED-METHOD vendor=0 method=4 -> NAK
04-03 17:32:50.622   292   292 I wpa_supplicant: wlan0: CTRL-EVENT-EAP-PROPOSED-METHOD vendor=0 method=25
04-03 17:32:50.622   292   292 I wpa_supplicant: wlan0: CTRL-EVENT-EAP-METHOD EAP vendor 0 method 25 (PEAP) selected
04-03 17:32:50.634   292   292 I wpa_supplicant: EAP-TLV: TLV Result - Success - EAP-TLV/Phase2 Completed
04-03 17:33:26.529   292   292 I wpa_supplicant: wlan0: CTRL-EVENT-EAP-STARTED EAP authentication started
04-03 17:33:26.536   292   292 I wpa_supplicant: wlan0: CTRL-EVENT-DISCONNECTED bssid=d0:c2:82:84:8d:51 reason=0
04-03 17:33:43.392   292   292 I wpa_supplicant: wlan0: Trying to associate with d0:c2:82:66:6b:f1 (SSID='UB_Secure' freq=2462 MHz)
04-03 17:33:43.423   292   292 I wpa_supplicant: wlan0: Associated with d0:c2:82:66:6b:f1
04-03 17:33:43.423   292   292 I wpa_supplicant: wlan0: CTRL-EVENT-EAP-STARTED EAP authentication started
