04-16 22:58:10.953   764 26651 I Gmail   : MainSyncRequestProto: lowestBkwdConvoId: 0, highestHandledServerOp: 2481505, normalSync: true
04-16 22:58:11.730   764   766 D dalvikvm: GC_CONCURRENT freed 422K, 16% free 10645K/12551K, paused 4ms+3ms
04-16 22:58:11.785   764   766 D dalvikvm: GC_CONCURRENT freed 470K, 15% free 10706K/12551K, paused 2ms+4ms
04-16 22:58:11.836   764   766 D dalvikvm: GC_CONCURRENT freed 463K, 14% free 10804K/12551K, paused 2ms+3ms
04-16 22:58:11.894   764   766 D dalvikvm: GC_CONCURRENT freed 598K, 14% free 10800K/12551K, paused 2ms+3ms
04-16 22:58:11.918   764 26651 D dalvikvm: GC_FOR_ALLOC freed 173K, 15% free 10771K/12551K, paused 20ms
04-16 22:58:11.961   764   766 D dalvikvm: GC_CONCURRENT freed 260K, 12% free 11055K/12551K, paused 2ms+3ms
04-16 22:58:12.019   764   766 D dalvikvm: GC_CONCURRENT freed 575K, 12% free 11124K/12551K, paused 2ms+3ms
04-16 22:58:12.058   764 26651 D dalvikvm: GC_FOR_ALLOC freed 569K, 13% free 10994K/12551K, paused 20ms
04-16 22:58:12.117   764   766 D dalvikvm: GC_CONCURRENT freed 573K, 12% free 11073K/12551K, paused 1ms+4ms
04-16 22:58:12.293   764 26651 D dalvikvm: GC_EXPLICIT freed 225K, 13% free 10950K/12551K, paused 2ms+3ms
04-16 22:58:12.300   764 26651 I Gmail   : MainSyncRequestProto: lowestBkwdConvoId: 0, highestHandledServerOp: 2481505, normalSync: true
04-16 22:58:12.308   764 26651 W Gmail   : Scheduling index for 300000 ms from now
04-16 22:58:27.117   764 26653 I Gmail   : MainSyncRequestProto: lowestBkwdConvoId: 0, highestHandledServerOp: 2481505, normalSync: true
04-16 22:58:27.808   764 26653 D dalvikvm: GC_EXPLICIT freed 592K, 16% free 10563K/12551K, paused 2ms+4ms
04-16 22:58:27.816   764 26653 I Gmail   : MainSyncRequestProto: lowestBkwdConvoId: 0, highestHandledServerOp: 2481517, normalSync: true
04-16 22:58:28.550   764   766 D dalvikvm: GC_CONCURRENT freed 423K, 16% free 10648K/12551K, paused 1ms+4ms
04-16 22:58:28.621   764   766 D dalvikvm: GC_CONCURRENT freed 471K, 15% free 10709K/12551K, paused 2ms+4ms
04-16 22:58:28.656   764 26653 D dalvikvm: GC_FOR_ALLOC freed 512K, 15% free 10757K/12551K, paused 20ms
04-16 22:58:28.703   764   766 D dalvikvm: GC_CONCURRENT freed 130K, 14% free 10819K/12551K, paused 2ms+3ms
04-16 22:58:28.769   764   766 D dalvikvm: GC_CONCURRENT freed 486K, 14% free 10880K/12551K, paused 1ms+3ms
04-16 22:58:28.820   764   766 D dalvikvm: GC_CONCURRENT freed 403K, 12% free 11098K/12551K, paused 2ms+6ms
04-16 22:58:28.875   764   766 D dalvikvm: GC_CONCURRENT freed 618K, 12% free 11141K/12551K, paused 2ms+4ms
04-16 22:58:28.914   764 26653 D dalvikvm: GC_FOR_ALLOC freed 490K, 13% free 10997K/12551K, paused 21ms
04-16 22:58:28.968   764   766 D dalvikvm: GC_CONCURRENT freed 573K, 12% free 11076K/12551K, paused 2ms+3ms
04-16 22:58:29.172   764 26653 D dalvikvm: GC_EXPLICIT freed 228K, 13% free 10953K/12551K, paused 2ms+4ms
04-16 22:58:29.175   764 26653 I Gmail   : MainSyncRequestProto: lowestBkwdConvoId: 0, highestHandledServerOp: 2481518, normalSync: true
04-16 22:58:29.187   764 26653 W Gmail   : Scheduling index for 300000 ms from now
04-16 22:58:44.871   764 26655 I Gmail   : MainSyncRequestProto: lowestBkwdConvoId: 0, highestHandledServerOp: 2481518, normalSync: true
04-16 22:58:45.015   145   161 D dalvikvm: GC_EXPLICIT freed 708K, 16% free 14826K/17479K, paused 12ms+6ms
04-16 22:58:45.668   764 26655 D dalvikvm: GC_EXPLICIT freed 591K, 16% free 10567K/12551K, paused 2ms+3ms
04-16 22:58:45.675   764 26655 I Gmail   : MainSyncRequestProto: lowestBkwdConvoId: 0, highestHandledServerOp: 2481530, normalSync: true
04-16 22:58:45.722  1209  1220 D dalvikvm: GC_EXPLICIT freed 202K, 6% free 9372K/9927K, paused 2ms+3ms
04-16 22:58:46.433   764   766 D dalvikvm: GC_CONCURRENT freed 403K, 16% free 10637K/12551K, paused 4ms+3ms
04-16 22:58:46.500   764   766 D dalvikvm: GC_CONCURRENT freed 512K, 16% free 10663K/12551K, paused 2ms+5ms
04-16 22:58:46.554   764   766 D dalvikvm: GC_CONCURRENT freed 387K, 14% free 10818K/12551K, paused 2ms+6ms
04-16 22:58:46.609   764   766 D dalvikvm: GC_CONCURRENT freed 578K, 14% free 10833K/12551K, paused 2ms+4ms
04-16 22:58:46.636   764 26655 D dalvikvm: GC_FOR_ALLOC freed 259K, 15% free 10764K/12551K, paused 23ms
04-16 22:58:46.668   764   766 D dalvikvm: GC_CONCURRENT freed 259K, 12% free 11049K/12551K, paused 2ms+3ms
04-16 22:58:46.726   764   766 D dalvikvm: GC_CONCURRENT freed 575K, 12% free 11117K/12551K, paused 2ms+4ms
04-16 22:58:46.765   764 26655 D dalvikvm: GC_FOR_ALLOC freed 569K, 13% free 10988K/12551K, paused 19ms
04-16 22:58:46.820   764   766 D dalvikvm: GC_CONCURRENT freed 574K, 12% free 11067K/12551K, paused 2ms+3ms
04-16 22:58:47.007   764 26655 D dalvikvm: GC_EXPLICIT freed 225K, 13% free 10944K/12551K, paused 2ms+4ms
04-16 22:58:47.015   764 26655 I Gmail   : MainSyncRequestProto: lowestBkwdConvoId: 0, highestHandledServerOp: 2481530, normalSync: true
04-16 22:58:47.023   764 26655 W Gmail   : Scheduling index for 300000 ms from now
04-16 22:59:27.945   974  1149 I PhoneLab-: Service Running
04-16 22:59:28.004   974  1149 I PhoneLab-LoggerService: app_34    1153  974   1444   1072  c00f1758 400c6794 S logcat
04-16 22:59:28.004   974  1149 I PhoneLab-LoggerService: Logcat pid from database 1153
04-16 22:59:28.004   974  1149 I PhoneLab-LoggerService: Logcat process found 1153
04-16 22:59:28.004   974  1149 I PhoneLab-LoggerService: Checking Threshold
04-16 22:59:28.007   974  1149 I PhoneLab-LoggerService: Starting to rename files
04-16 22:59:28.007   974  1149 I PhoneLab-LoggerService: Files found .. 2
04-16 22:59:28.007   974  1149 I PhoneLab-LoggerService: File 1 log.out.1
04-16 22:59:28.011   974  1149 I PhoneLab-LoggerService: Renamed successfully
04-16 23:00:28.793   764 26658 I Gmail   : MainSyncRequestProto: lowestBkwdConvoId: 0, highestHandledServerOp: 2481530, normalSync: true
04-16 23:00:29.398   764 26658 D dalvikvm: GC_EXPLICIT freed 592K, 16% free 10557K/12551K, paused 3ms+4ms
04-16 23:00:29.406   764 26658 I Gmail   : MainSyncRequestProto: lowestBkwdConvoId: 0, highestHandledServerOp: 2481543, normalSync: true
04-16 23:00:30.132   764   766 D dalvikvm: GC_CONCURRENT freed 422K, 16% free 10642K/12551K, paused 3ms+3ms
04-16 23:00:30.187   764   766 D dalvikvm: GC_CONCURRENT freed 471K, 15% free 10703K/12551K, paused 1ms+3ms
04-16 23:00:30.242   764   766 D dalvikvm: GC_CONCURRENT freed 463K, 14% free 10801K/12551K, paused 2ms+4ms
04-16 23:00:30.297   764   766 D dalvikvm: GC_CONCURRENT freed 598K, 14% free 10797K/12551K, paused 2ms+3ms
04-16 23:00:30.324   764 26658 D dalvikvm: GC_FOR_ALLOC freed 173K, 15% free 10768K/12551K, paused 23ms
04-16 23:00:30.379   764   766 D dalvikvm: GC_CONCURRENT freed 291K, 13% free 11021K/12551K, paused 2ms+6ms
04-16 23:00:30.441   764   766 D dalvikvm: GC_CONCURRENT freed 544K, 12% free 11120K/12551K, paused 1ms+4ms
04-16 23:00:30.480   764 26658 D dalvikvm: GC_FOR_ALLOC freed 569K, 13% free 10991K/12551K, paused 20ms
04-16 23:00:30.535   764   766 D dalvikvm: GC_CONCURRENT freed 574K, 12% free 11071K/12551K, paused 2ms+4ms
04-16 23:00:30.976   764 26658 D dalvikvm: GC_EXPLICIT freed 226K, 13% free 10947K/12551K, paused 2ms+4ms
04-16 23:00:30.984   764 26658 I Gmail   : MainSyncRequestProto: lowestBkwdConvoId: 0, highestHandledServerOp: 2481543, normalSync: true
04-16 23:00:30.992   764 26658 W Gmail   : Scheduling index for 300000 ms from now
04-16 23:00:40.125   270   272 D dalvikvm: GC_CONCURRENT freed 350K, 8% free 10509K/11335K, paused 15ms+3ms
04-16 23:00:40.246   764 26661 I Gmail   : MainSyncRequestProto: lowestBkwdConvoId: 0, highestHandledServerOp: 2481543, normalSync: true
04-16 23:00:40.933   764 26661 D dalvikvm: GC_EXPLICIT freed 630K, 16% free 10557K/12551K, paused 2ms+3ms
04-16 23:00:40.941   764 26661 I Gmail   : MainSyncRequestProto: lowestBkwdConvoId: 0, highestHandledServerOp: 2481556, normalSync: true
04-16 23:00:41.722   764   766 D dalvikvm: GC_CONCURRENT freed 430K, 16% free 10634K/12551K, paused 3ms+3ms
04-16 23:00:41.773   764   766 D dalvikvm: GC_CONCURRENT freed 464K, 15% free 10701K/12551K, paused 2ms+4ms
04-16 23:00:41.828   764   766 D dalvikvm: GC_CONCURRENT freed 463K, 14% free 10799K/12551K, paused 2ms+4ms
04-16 23:00:41.882   764   766 D dalvikvm: GC_CONCURRENT freed 592K, 14% free 10799K/12551K, paused 2ms+3ms
04-16 23:00:41.906   764 26661 D dalvikvm: GC_FOR_ALLOC freed 179K, 15% free 10766K/12551K, paused 20ms
04-16 23:00:41.937   764 26661 D dalvikvm: GC_FOR_ALLOC freed 291K, 13% free 11019K/12551K, paused 20ms
04-16 23:00:41.984   764   766 D dalvikvm: GC_CONCURRENT freed 79K, 12% free 11155K/12551K, paused 2ms+3ms
04-16 23:00:42.066   764   766 D dalvikvm: GC_CONCURRENT freed 709K, 12% free 11119K/12551K, paused 2ms+7ms
04-16 23:00:42.129   764   766 D dalvikvm: GC_CONCURRENT freed 788K, 13% free 10933K/12551K, paused 2ms+3ms
04-16 23:00:42.519   764 26661 D dalvikvm: GC_EXPLICIT freed 241K, 13% free 10945K/12551K, paused 2ms+3ms
04-16 23:00:42.527   764 26661 I Gmail   : MainSyncRequestProto: lowestBkwdConvoId: 0, highestHandledServerOp: 2481556, normalSync: true
04-16 23:00:42.535   764 26661 W Gmail   : Scheduling index for 300000 ms from now
04-16 23:00:48.828   270  1041 I EventLogService: Aggregate from 1334629848746 (log), 1334629848746 (data)
04-16 23:01:20.515   270 25416 D dalvikvm: GC_EXPLICIT freed 181K, 8% free 10433K/11335K, paused 13ms+3ms
04-16 23:01:20.554   764 26663 I Gmail   : MainSyncRequestProto: lowestBkwdConvoId: 0, highestHandledServerOp: 2481556, normalSync: true
04-16 23:01:21.257   764 26663 D dalvikvm: GC_EXPLICIT freed 679K, 16% free 10576K/12551K, paused 2ms+4ms
04-16 23:01:21.261   764 26663 I Gmail   : MainSyncRequestProto: lowestBkwdConvoId: 0, highestHandledServerOp: 2481565, normalSync: true
04-16 23:01:21.273   764 26663 W Gmail   : Scheduling index for 300000 ms from now
04-16 23:01:27.945   974  1149 I PhoneLab-: Service Running
04-16 23:01:28.007   974  1149 I PhoneLab-LoggerService: app_34    1153  974   1444   1072  c00f1758 400c6794 S logcat
04-16 23:01:28.007   974  1149 I PhoneLab-LoggerService: Logcat pid from database 1153
04-16 23:01:28.007   974  1149 I PhoneLab-LoggerService: Logcat process found 1153
04-16 23:01:28.007   974  1149 I PhoneLab-LoggerService: Checking Threshold
04-16 23:01:28.007   974  1149 I PhoneLab-LoggerService: Starting to rename files
04-16 23:01:28.007   974  1149 I PhoneLab-LoggerService: Files found .. 2
04-16 23:02:49.605   974   974 I PhoneLab-Locks: wake lock acquired
04-16 23:02:49.629   974   974 I PhoneLab-StatusMonitor: Status Monitoring is started
04-16 23:02:49.675   974   976 D dalvikvm: GC_CONCURRENT freed 564K, 15% free 9259K/10887K, paused 2ms+2ms
04-16 23:02:49.691   974   974 I PhoneLab-StatusMonitor: Value: 5 - unit: min
04-16 23:02:49.691   974   974 I PhoneLab-StatusMonitor: Running interval: 300000
04-16 23:02:49.699   974   974 I PhoneLab-StatusMonitor: Rescheduling status monitoring...
04-16 23:02:49.699   974   974 I PhoneLab-Locks: wake lock released
04-16 23:02:49.703   974   974 I PhoneLab-StatusMonitorLocation: Learning Location
04-16 23:02:49.703   974   974 I PhoneLab-Locks: wake lock acquired
04-16 23:02:49.703   974   974 I PhoneLab-Locks: wake lock acquired
04-16 23:02:49.707   974   974 I PhoneLab-StatusMonitorLocation: Learning Signal Strgth
04-16 23:02:49.707   974   974 I PhoneLab-Locks: wake lock acquired
04-16 23:02:49.714   974   974 I PhoneLab-StatusMonitorBattery: Battery_level: 95
04-16 23:02:49.714   974   974 I PhoneLab-Locks: wake lock released
04-16 23:02:49.714   974   974 I PhoneLab-StatusMonitorSignal: Signal_Strength: -96 asu: 9
04-16 23:02:49.714   974   974 I PhoneLab-Locks: wake lock released
04-16 23:03:27.945   974  1149 I PhoneLab-: Service Running
04-16 23:03:27.996   974  1149 I PhoneLab-LoggerService: app_34    1153  974   1444   1072  c00f1758 400c6794 S logcat
04-16 23:03:28.000   974  1149 I PhoneLab-LoggerService: Logcat pid from database 1153
04-16 23:03:28.000   974  1149 I PhoneLab-LoggerService: Logcat process found 1153
04-16 23:03:28.000   974  1149 I PhoneLab-LoggerService: Checking Threshold
04-16 23:03:28.000   974  1149 I PhoneLab-LoggerService: Starting to rename files
04-16 23:03:28.000   974  1149 I PhoneLab-LoggerService: Files found .. 2
04-16 23:04:20.629   764 26670 I Gmail   : MainSyncRequestProto: lowestBkwdConvoId: 0, highestHandledServerOp: 2481565, normalSync: true
04-16 23:04:21.886   764   766 D dalvikvm: GC_CONCURRENT freed 409K, 16% free 10581K/12551K, paused 2ms+4ms
04-16 23:04:21.992   764 26670 D dalvikvm: GC_EXPLICIT freed 109K, 17% free 10526K/12551K, paused 4ms+3ms
04-16 23:04:22.000   764 26670 I Gmail   : MainSyncRequestProto: lowestBkwdConvoId: 0, highestHandledServerOp: 2481643, normalSync: true
04-16 23:04:23.054   764   766 D dalvikvm: GC_CONCURRENT freed 312K, 16% free 10642K/12551K, paused 5ms+2ms
04-16 23:04:23.109   764   766 D dalvikvm: GC_CONCURRENT freed 489K, 15% free 10689K/12551K, paused 2ms+3ms
04-16 23:04:23.144   764 26670 D dalvikvm: GC_FOR_ALLOC freed 453K, 15% free 10769K/12551K, paused 20ms
04-16 23:04:23.172   764   766 D dalvikvm: GC_CONCURRENT freed 206K, 15% free 10772K/12551K, paused 2ms+3ms
04-16 23:04:23.226   764   766 D dalvikvm: GC_CONCURRENT freed 493K, 14% free 10845K/12551K, paused 1ms+2ms
04-16 23:04:23.265   764   766 D dalvikvm: GC_CONCURRENT freed 375K, 12% free 11060K/12551K, paused 2ms+3ms
04-16 23:04:23.324   764   766 D dalvikvm: GC_CONCURRENT freed 599K, 12% free 11129K/12551K, paused 2ms+4ms
04-16 23:04:23.363   764 26670 D dalvikvm: GC_FOR_ALLOC freed 569K, 13% free 11000K/12551K, paused 20ms
04-16 23:04:23.422   764   766 D dalvikvm: GC_CONCURRENT freed 508K, 12% free 11050K/12551K, paused 2ms+3ms
04-16 23:04:23.691   764 26670 D dalvikvm: GC_EXPLICIT freed 515K, 13% free 10956K/12551K, paused 1ms+3ms
04-16 23:04:23.695   764 26670 I Gmail   : MainSyncRequestProto: lowestBkwdConvoId: 0, highestHandledServerOp: 2481643, normalSync: true
04-16 23:04:23.703   764 26670 W Gmail   : Scheduling index for 300000 ms from now
04-16 23:04:23.726   764 26670 I Gmail   : Sending notification intent: Intent { act=android.intent.action.PROVIDER_CHANGED dat=content://gmail-ls/unread/^i (has extras) }
04-16 23:04:23.769   764 26670 I Gmail   : Sending notification intent: Intent { act=android.intent.action.PROVIDER_CHANGED dat=content://gmail-ls/unread/^iim (has extras) }
04-16 23:04:52.464   974   974 I PhoneLab-Locks: wake lock acquired
04-16 23:04:52.472   974 26673 I PhoneLab-PeriodicCheckService: User info is synched
04-16 23:04:52.472   974 26673 I PhoneLab-PeriodicCheckService: Logger Service is running
04-16 23:04:52.476   974 26673 I PhoneLab-Locks: wake lock acquired
04-16 23:04:52.476   974   974 I PhoneLab-UploadLogs: Transfering log files now
04-16 23:04:52.476   974 26673 I PhoneLab-PeriodicCheckService: Rescheduling periodic checking...
04-16 23:04:52.480   974 26673 I PhoneLab-Locks: wake lock released
04-16 23:04:52.519   974   976 D dalvikvm: GC_CONCURRENT freed 502K, 15% free 9267K/10887K, paused 1ms+3ms
04-16 23:04:52.547   974   974 D dalvikvm: GC_FOR_ALLOC freed 230K, 15% free 9361K/10887K, paused 14ms
04-16 23:04:52.566   974   974 D dalvikvm: GC_FOR_ALLOC freed 120K, 13% free 9489K/10887K, paused 12ms
04-16 23:04:52.593   974   974 I PhoneLab-UploadLogs: OnStartCommand
04-16 23:04:52.601   974   976 D dalvikvm: GC_CONCURRENT freed 294K, 11% free 9707K/10887K, paused 1ms+3ms
04-16 23:04:55.875   974 26675 D dalvikvm: GC_FOR_ALLOC freed 312K, 11% free 9722K/10887K, paused 24ms
04-16 23:04:55.890   974 26675 D dalvikvm: GC_FOR_ALLOC freed 301K, 11% free 9722K/10887K, paused 13ms
04-16 23:04:55.902   974 26675 D dalvikvm: GC_FOR_ALLOC freed 301K, 11% free 9723K/10887K, paused 13ms
04-16 23:04:59.011   974   974 I PhoneLab-: 1334631568008.log is deleted
04-16 23:04:59.015   974   974 I PhoneLab-: Response: {"data": "done", "err": ""}
04-16 23:04:59.019   974   974 I PhoneLab-UploadLogs: No log files to transfer
04-16 23:04:59.019   974   974 I PhoneLab-Locks: wake lock released
04-16 23:05:27.945   974  1149 I PhoneLab-: Service Running
04-16 23:05:28.000   974  1149 I PhoneLab-LoggerService: app_34    1153  974   1444   1072  c00f1758 400c6794 S logcat
04-16 23:05:28.000   974  1149 I PhoneLab-LoggerService: Logcat pid from database 1153
04-16 23:05:28.000   974  1149 I PhoneLab-LoggerService: Logcat process found 1153
04-16 23:05:28.000   974  1149 I PhoneLab-LoggerService: Checking Threshold
04-16 23:07:20.515   764 26698 I Gmail   : MainSyncRequestProto: lowestBkwdConvoId: 0, highestHandledServerOp: 2481643, normalSync: true
04-16 23:07:21.547   764   766 D dalvikvm: GC_CONCURRENT freed 830K, 16% free 10646K/12551K, paused 14ms+4ms
04-16 23:07:21.668   764 26698 D dalvikvm: GC_EXPLICIT freed 339K, 17% free 10527K/12551K, paused 2ms+3ms
04-16 23:07:21.675   764 26698 I Gmail   : MainSyncRequestProto: lowestBkwdConvoId: 0, highestHandledServerOp: 2481735, normalSync: true
04-16 23:07:22.718   764   766 D dalvikvm: GC_CONCURRENT freed 320K, 16% free 10629K/12551K, paused 3ms+3ms
04-16 23:07:22.785   764   766 D dalvikvm: GC_CONCURRENT freed 480K, 15% free 10686K/12551K, paused 2ms+7ms
04-16 23:07:22.839   764   766 D dalvikvm: GC_CONCURRENT freed 402K, 14% free 10816K/12551K, paused 2ms+3ms
04-16 23:07:22.894   764   766 D dalvikvm: GC_CONCURRENT freed 556K, 14% free 10851K/12551K, paused 2ms+4ms
04-16 23:07:22.929   764 26698 D dalvikvm: GC_FOR_ALLOC freed 332K, 15% free 10773K/12551K, paused 20ms
04-16 23:07:22.976   764   766 D dalvikvm: GC_CONCURRENT freed 267K, 12% free 11050K/12551K, paused 2ms+7ms
04-16 23:07:23.035   764   766 D dalvikvm: GC_CONCURRENT freed 568K, 12% free 11126K/12551K, paused 1ms+4ms
04-16 23:07:23.093   764   766 D dalvikvm: GC_CONCURRENT freed 657K, 12% free 11170K/12551K, paused 2ms+4ms
04-16 23:07:23.121   764 26698 D dalvikvm: GC_FOR_ALLOC freed 173K, 13% free 10996K/12551K, paused 23ms
04-16 23:07:23.121   764 26698 I dalvikvm-heap: Grow heap (frag case) to 11.244MB for 449357-byte allocation
04-16 23:07:23.148   764 26698 D dalvikvm: GC_FOR_ALLOC freed 463K, 16% free 10972K/12999K, paused 20ms
04-16 23:07:23.339   764 26698 D dalvikvm: GC_EXPLICIT freed 250K, 16% free 10988K/12999K, paused 2ms+4ms
04-16 23:07:23.343   764 26698 I Gmail   : MainSyncRequestProto: lowestBkwdConvoId: 0, highestHandledServerOp: 2481735, normalSync: true
04-16 23:07:23.355   764 26698 W Gmail   : Scheduling index for 300000 ms from now
04-16 23:07:23.375   764 26698 I Gmail   : Sending notification intent: Intent { act=android.intent.action.PROVIDER_CHANGED dat=content://gmail-ls/unread/^i (has extras) }
04-16 23:07:23.406   764 26698 I Gmail   : Sending notification intent: Intent { act=android.intent.action.PROVIDER_CHANGED dat=content://gmail-ls/unread/^iim (has extras) }
04-16 23:07:27.945   974  1149 I PhoneLab-: Service Running
04-16 23:07:28.023   974   976 D dalvikvm: GC_CONCURRENT freed 886K, 16% free 9249K/10887K, paused 1ms+5ms
04-16 23:07:28.027   974  1149 I PhoneLab-LoggerService: app_34    1153  974   1444   1072  c00f1758 400c6794 S logcat
04-16 23:07:28.031   974  1149 I PhoneLab-LoggerService: Logcat pid from database 1153
04-16 23:07:28.031   974  1149 I PhoneLab-LoggerService: Logcat process found 1153
04-16 23:07:28.031   974  1149 I PhoneLab-LoggerService: Checking Threshold
04-16 23:07:49.722   974   974 I PhoneLab-Locks: wake lock acquired
04-16 23:07:49.742   974   974 I PhoneLab-StatusMonitor: Status Monitoring is started
04-16 23:07:49.812   974   976 D dalvikvm: GC_CONCURRENT freed 406K, 15% free 9354K/10887K, paused 2ms+4ms
04-16 23:07:49.820   974   974 I PhoneLab-StatusMonitor: Value: 5 - unit: min
04-16 23:07:49.824   974   974 I PhoneLab-StatusMonitor: Running interval: 300000
04-16 23:07:49.839   974   974 I PhoneLab-StatusMonitor: Rescheduling status monitoring...
04-16 23:07:49.843   974   974 I PhoneLab-Locks: wake lock released
04-16 23:07:49.843   974   974 I PhoneLab-StatusMonitorLocation: Learning Location
04-16 23:07:49.843   974   974 I PhoneLab-Locks: wake lock acquired
04-16 23:07:49.847   974   974 I PhoneLab-Locks: wake lock acquired
04-16 23:07:49.851   974   974 I PhoneLab-StatusMonitorLocation: Learning Signal Strgth
04-16 23:07:49.851   974   974 I PhoneLab-Locks: wake lock acquired
04-16 23:07:49.855   974   974 I PhoneLab-StatusMonitorBattery: Battery_level: 95
04-16 23:07:49.855   974   974 I PhoneLab-Locks: wake lock released
04-16 23:07:49.855   974   974 I PhoneLab-StatusMonitorSignal: Signal_Strength: -96 asu: 9
04-16 23:07:49.855   974   974 I PhoneLab-Locks: wake lock released
04-16 23:08:00.164   145   147 D dalvikvm: GC_CONCURRENT freed 1264K, 15% free 14895K/17479K, paused 3ms+6ms
04-16 23:09:27.945   974  1149 I PhoneLab-: Service Running
04-16 23:09:28.000   974  1149 I PhoneLab-LoggerService: app_34    1153  974   1444   1072  c00f1758 400c6794 S logcat
04-16 23:09:28.000   974  1149 I PhoneLab-LoggerService: Logcat pid from database 1153
04-16 23:09:28.000   974  1149 I PhoneLab-LoggerService: Logcat process found 1153
04-16 23:09:28.004   974  1149 I PhoneLab-LoggerService: Checking Threshold
04-16 23:11:00.093   394   396 D dalvikvm: GC_CONCURRENT freed 717K, 9% free 11647K/12679K, paused 2ms+3ms
04-16 23:11:27.945   974  1149 I PhoneLab-: Service Running
04-16 23:11:28.011   974  1149 I PhoneLab-LoggerService: app_34    1153  974   1444   1072  c00f1758 400c6794 S logcat
04-16 23:11:28.011   974  1149 I PhoneLab-LoggerService: Logcat pid from database 1153
04-16 23:11:28.011   974  1149 I PhoneLab-LoggerService: Logcat process found 1153
04-16 23:11:28.011   974  1149 I PhoneLab-LoggerService: Checking Threshold
04-16 23:11:33.105   145   516 D AlarmManagerService: Kernel timezone updated to 240 minutes west of GMT
04-16 23:11:33.109   361   361 D SystemClock: Setting time of day to sec=1334632293
04-16 23:11:33.102  8943  8956 V AlarmClock: AlarmInitReceiver finished
04-16 23:11:38.215  2310  2313 D dalvikvm: GC_CONCURRENT freed 382K, 7% free 9269K/9863K, paused 2ms+5ms
04-16 23:12:49.781   974   974 I PhoneLab-Locks: wake lock acquired
04-16 23:12:49.797   974   974 I PhoneLab-StatusMonitor: Status Monitoring is started
04-16 23:12:49.848   974   976 D dalvikvm: GC_CONCURRENT freed 596K, 15% free 9267K/10887K, paused 2ms+5ms
04-16 23:12:49.867   974   974 I PhoneLab-StatusMonitor: Value: 5 - unit: min
04-16 23:12:49.867   974   974 I PhoneLab-StatusMonitor: Running interval: 300000
04-16 23:12:49.875   974   974 I PhoneLab-StatusMonitor: Rescheduling status monitoring...
04-16 23:12:49.875   974   974 I PhoneLab-Locks: wake lock released
04-16 23:12:49.879   974   974 I PhoneLab-StatusMonitorLocation: Learning Location
04-16 23:12:49.879   974   974 I PhoneLab-Locks: wake lock acquired
04-16 23:12:49.879   974   974 I PhoneLab-Locks: wake lock acquired
04-16 23:12:49.883   974   974 I PhoneLab-StatusMonitorLocation: Learning Signal Strgth
04-16 23:12:49.883   974   974 I PhoneLab-Locks: wake lock acquired
04-16 23:12:49.887   974   974 I PhoneLab-StatusMonitorBattery: Battery_level: 95
04-16 23:12:49.887   974   974 I PhoneLab-Locks: wake lock released
04-16 23:12:49.891   974   974 I PhoneLab-StatusMonitorSignal: Signal_Strength: -96 asu: 9
04-16 23:12:49.891   974   974 I PhoneLab-Locks: wake lock released
04-16 23:13:27.945   974  1149 I PhoneLab-: Service Running
04-16 23:13:27.992   974  1149 I PhoneLab-LoggerService: app_34    1153  974   1444   1072  c00f1758 400c6794 S logcat
04-16 23:13:27.996   974  1149 I PhoneLab-LoggerService: Logcat pid from database 1153
04-16 23:13:27.996   974  1149 I PhoneLab-LoggerService: Logcat process found 1153
04-16 23:13:27.996   974  1149 I PhoneLab-LoggerService: Checking Threshold
04-16 23:15:00.078   215   217 D dalvikvm: GC_CONCURRENT freed 385K, 17% free 9642K/11591K, paused 2ms+3ms
04-16 23:15:27.945   974  1149 I PhoneLab-: Service Running
04-16 23:15:27.996   974  1149 I PhoneLab-LoggerService: app_34    1153  974   1444   1072  c00f1758 400c6794 S logcat
04-16 23:15:27.996   974  1149 I PhoneLab-LoggerService: Logcat pid from database 1153
04-16 23:15:27.996   974  1149 I PhoneLab-LoggerService: Logcat process found 1153
04-16 23:15:27.996   974  1149 I PhoneLab-LoggerService: Checking Threshold
04-16 23:17:05.051   764 26736 I Gmail   : MainSyncRequestProto: lowestBkwdConvoId: 0, highestHandledServerOp: 2481735, normalSync: true
04-16 23:17:07.184   764   766 D dalvikvm: GC_CONCURRENT freed 947K, 19% free 10575K/12999K, paused 2ms+5ms
04-16 23:17:07.266   764 26736 D dalvikvm: GC_EXPLICIT freed 82K, 20% free 10512K/12999K, paused 2ms+4ms
04-16 23:17:07.274   764 26736 I Gmail   : MainSyncRequestProto: lowestBkwdConvoId: 0, highestHandledServerOp: 2481783, normalSync: true
04-16 23:17:07.375   145   516 D dalvikvm: GC_EXPLICIT freed 1166K, 16% free 14800K/17479K, paused 4ms+6ms
04-16 23:17:08.102   764   766 D dalvikvm: GC_CONCURRENT freed 386K, 19% free 10633K/12999K, paused 2ms+3ms
04-16 23:17:08.156   764   766 D dalvikvm: GC_CONCURRENT freed 472K, 18% free 10692K/12999K, paused 1ms+3ms
04-16 23:17:08.211   764   766 D dalvikvm: GC_CONCURRENT freed 462K, 18% free 10788K/12999K, paused 2ms+3ms
04-16 23:17:08.266   764   766 D dalvikvm: GC_CONCURRENT freed 592K, 18% free 10784K/12999K, paused 2ms+4ms
04-16 23:17:08.293   764 26736 D dalvikvm: GC_FOR_ALLOC freed 179K, 18% free 10757K/12999K, paused 23ms
04-16 23:17:08.320   764 26736 D dalvikvm: GC_FOR_ALLOC freed 291K, 16% free 11010K/12999K, paused 20ms
04-16 23:17:08.371   764   766 D dalvikvm: GC_CONCURRENT freed 79K, 15% free 11146K/12999K, paused 1ms+3ms
04-16 23:17:08.442   764   766 D dalvikvm: GC_CONCURRENT freed 704K, 15% free 11115K/12999K, paused 1ms+3ms
04-16 23:17:08.500   764   766 D dalvikvm: GC_CONCURRENT freed 650K, 15% free 11154K/12999K, paused 2ms+4ms
04-16 23:17:08.524   764 26736 D dalvikvm: GC_FOR_ALLOC freed 173K, 16% free 11018K/12999K, paused 23ms
04-16 23:17:08.524   764 26736 I dalvikvm-heap: Grow heap (frag case) to 11.766MB for 975574-byte allocation
04-16 23:17:08.555   764 26736 D dalvikvm: GC_FOR_ALLOC freed 499K, 12% free 11471K/12999K, paused 20ms
04-16 23:17:08.574   764 26736 D dalvikvm: GC_FOR_ALLOC freed 1K, 12% free 11469K/12999K, paused 20ms
04-16 23:17:08.574   764 26736 I dalvikvm-heap: Grow heap (frag case) to 11.742MB for 487795-byte allocation
04-16 23:17:08.598   764 26736 D dalvikvm: GC_FOR_ALLOC freed 952K, 19% free 10993K/13511K, paused 20ms
04-16 23:17:08.867   764 26736 D dalvikvm: GC_EXPLICIT freed 304K, 19% free 11012K/13511K, paused 3ms+4ms
04-16 23:17:08.871   764 26736 I Gmail   : MainSyncRequestProto: lowestBkwdConvoId: 0, highestHandledServerOp: 2481784, normalSync: true
04-16 23:17:08.883   764 26736 W Gmail   : Scheduling index for 300000 ms from now
04-16 23:17:08.918   764 26736 I Gmail   : Sending notification intent: Intent { act=android.intent.action.PROVIDER_CHANGED dat=content://gmail-ls/unread/^i (has extras) }
04-16 23:17:08.953   764 26736 I Gmail   : Sending notification intent: Intent { act=android.intent.action.PROVIDER_CHANGED dat=content://gmail-ls/unread/^iim (has extras) }
04-16 23:17:09.024   764 26741 I Gmail   : MainSyncRequestProto: lowestBkwdConvoId: 0, highestHandledServerOp: 2481784, normalSync: true
04-16 23:17:09.418   764 26741 D dalvikvm: GC_EXPLICIT freed 623K, 23% free 10535K/13511K, paused 2ms+4ms
04-16 23:17:09.422   764 26741 I Gmail   : MainSyncRequestProto: lowestBkwdConvoId: 0, highestHandledServerOp: 2481784, normalSync: true
04-16 23:17:09.434   764 26741 W Gmail   : Scheduling index for 300000 ms from now
04-16 23:17:27.945   974  1149 I PhoneLab-: Service Running
04-16 23:17:28.008   974  1149 I PhoneLab-LoggerService: app_34    1153  974   1444   1072  c00f1758 400c6794 S logcat
04-16 23:17:28.008   974  1149 I PhoneLab-LoggerService: Logcat pid from database 1153
04-16 23:17:28.008   974  1149 I PhoneLab-LoggerService: Logcat process found 1153
04-16 23:17:28.008   974  1149 I PhoneLab-LoggerService: Checking Threshold
04-16 23:17:49.899   974   974 I PhoneLab-Locks: wake lock acquired
04-16 23:17:49.926   974   974 I PhoneLab-StatusMonitor: Status Monitoring is started
04-16 23:17:49.973   974   976 D dalvikvm: GC_CONCURRENT freed 532K, 16% free 9246K/10887K, paused 2ms+5ms
04-16 23:17:49.996   974   974 I PhoneLab-StatusMonitor: Value: 5 - unit: min
04-16 23:17:49.996   974   974 I PhoneLab-StatusMonitor: Running interval: 300000
04-16 23:17:50.004   974   974 I PhoneLab-StatusMonitor: Rescheduling status monitoring...
04-16 23:17:50.004   974   974 I PhoneLab-Locks: wake lock released
04-16 23:17:50.004   974   974 I PhoneLab-StatusMonitorLocation: Learning Location
04-16 23:17:50.004   974   974 I PhoneLab-Locks: wake lock acquired
04-16 23:17:50.008   974   974 I PhoneLab-Locks: wake lock acquired
04-16 23:17:50.012   974   974 I PhoneLab-StatusMonitorLocation: Learning Signal Strgth
04-16 23:17:50.012   974   974 I PhoneLab-Locks: wake lock acquired
04-16 23:17:50.016   974   974 I PhoneLab-StatusMonitorBattery: Battery_level: 94
04-16 23:17:50.016   974   974 I PhoneLab-Locks: wake lock released
04-16 23:17:50.016   974   974 I PhoneLab-StatusMonitorSignal: Signal_Strength: -96 asu: 9
04-16 23:17:50.016   974   974 I PhoneLab-Locks: wake lock released
04-16 23:19:27.945   974  1149 I PhoneLab-: Service Running
04-16 23:19:28.008   974  1149 I PhoneLab-LoggerService: app_34    1153  974   1444   1072  c00f1758 400c6794 S logcat
04-16 23:19:28.008   974  1149 I PhoneLab-LoggerService: Logcat pid from database 1153
04-16 23:19:28.008   974  1149 I PhoneLab-LoggerService: Logcat process found 1153
04-16 23:19:28.008   974  1149 I PhoneLab-LoggerService: Checking Threshold
04-16 23:20:16.563   764 26748 I Gmail   : MainSyncRequestProto: lowestBkwdConvoId: 0, highestHandledServerOp: 2481784, normalSync: true
04-16 23:20:17.211   764   766 D dalvikvm: GC_CONCURRENT freed 379K, 22% free 10554K/13511K, paused 2ms+4ms
04-16 23:20:17.309   764 26748 D dalvikvm: GC_EXPLICIT freed 57K, 23% free 10515K/13511K, paused 2ms+4ms
04-16 23:20:17.317   764 26748 I Gmail   : MainSyncRequestProto: lowestBkwdConvoId: 0, highestHandledServerOp: 2481816, normalSync: true
04-16 23:20:17.324   764 26748 W Gmail   : Scheduling index for 300000 ms from now
04-16 23:20:17.348   764 26748 I Gmail   : Sending notification intent: Intent { act=android.intent.action.PROVIDER_CHANGED dat=content://gmail-ls/unread/^i (has extras) }
04-16 23:20:17.379   764 26748 I Gmail   : Sending notification intent: Intent { act=android.intent.action.PROVIDER_CHANGED dat=content://gmail-ls/unread/^iim (has extras) }
04-16 23:21:27.945   974  1149 I PhoneLab-: Service Running
04-16 23:21:28.020   974   976 D dalvikvm: GC_CONCURRENT freed 429K, 16% free 9222K/10887K, paused 2ms+6ms
04-16 23:21:28.024   974  1149 I PhoneLab-LoggerService: app_34    1153  974   1444   1072  c00f1758 400c6794 S logcat
04-16 23:21:28.024   974  1149 I PhoneLab-LoggerService: Logcat pid from database 1153
04-16 23:21:28.024   974  1149 I PhoneLab-LoggerService: Logcat process found 1153
04-16 23:21:28.024   974  1149 I PhoneLab-LoggerService: Checking Threshold
04-16 23:22:37.574   764 25022 D dalvikvm: GC_EXPLICIT freed 87K, 23% free 10523K/13511K, paused 2ms+4ms
04-16 23:22:37.586   764 26753 I Gmail   : MainSyncRequestProto: lowestBkwdConvoId: 0, highestHandledServerOp: 2481816, normalSync: true
04-16 23:22:38.141   764 26753 D dalvikvm: GC_EXPLICIT freed 100K, 23% free 10526K/13511K, paused 2ms+4ms
04-16 23:22:38.149   764 26753 I Gmail   : MainSyncRequestProto: lowestBkwdConvoId: 0, highestHandledServerOp: 2481822, normalSync: true
04-16 23:22:38.895   764   766 D dalvikvm: GC_CONCURRENT freed 394K, 22% free 10640K/13511K, paused 2ms+5ms
04-16 23:22:38.945   764   766 D dalvikvm: GC_CONCURRENT freed 470K, 21% free 10701K/13511K, paused 2ms+4ms
04-16 23:22:39.024   764   766 D dalvikvm: GC_CONCURRENT freed 463K, 21% free 10799K/13511K, paused 4ms+3ms
04-16 23:22:39.078   764   766 D dalvikvm: GC_CONCURRENT freed 598K, 21% free 10795K/13511K, paused 2ms+4ms
04-16 23:22:39.106   764 26753 D dalvikvm: GC_FOR_ALLOC freed 173K, 21% free 10766K/13511K, paused 22ms
04-16 23:22:39.149   764   766 D dalvikvm: GC_CONCURRENT freed 260K, 19% free 11050K/13511K, paused 2ms+3ms
04-16 23:22:39.219   764   766 D dalvikvm: GC_CONCURRENT freed 575K, 18% free 11119K/13511K, paused 2ms+3ms
04-16 23:22:39.274   764   766 D dalvikvm: GC_CONCURRENT freed 656K, 18% free 11163K/13511K, paused 1ms+4ms
04-16 23:22:39.309   764 26753 D dalvikvm: GC_FOR_ALLOC freed 407K, 19% free 11027K/13511K, paused 21ms
04-16 23:22:39.313   764 26753 I dalvikvm-heap: Grow heap (frag case) to 11.775MB for 975574-byte allocation
04-16 23:22:39.348   764   766 D dalvikvm: GC_CONCURRENT freed 461K, 15% free 11518K/13511K, paused 2ms+4ms
04-16 23:22:39.434   764   766 D dalvikvm: GC_CONCURRENT freed 319K, 12% free 11998K/13511K, paused 1ms+15ms
04-16 23:22:39.641   764 26753 D dalvikvm: GC_EXPLICIT freed 1338K, 19% free 11058K/13511K, paused 2ms+3ms
04-16 23:22:39.645   764 26753 I Gmail   : MainSyncRequestProto: lowestBkwdConvoId: 0, highestHandledServerOp: 2481822, normalSync: true
04-16 23:22:39.656   764 26753 W Gmail   : Scheduling index for 300000 ms from now
04-16 23:22:50.024   974   974 I PhoneLab-Locks: wake lock acquired
04-16 23:22:50.043   974   974 I PhoneLab-StatusMonitor: Status Monitoring is started
04-16 23:22:50.094   974   976 D dalvikvm: GC_CONCURRENT freed 381K, 15% free 9353K/10887K, paused 1ms+2ms
04-16 23:22:50.094   974   974 I PhoneLab-StatusMonitor: Value: 5 - unit: min
04-16 23:22:50.094   974   974 I PhoneLab-StatusMonitor: Running interval: 300000
04-16 23:22:50.102   974   974 I PhoneLab-StatusMonitor: Rescheduling status monitoring...
04-16 23:22:50.102   974   974 I PhoneLab-Locks: wake lock released
04-16 23:22:50.106   974   974 I PhoneLab-StatusMonitorLocation: Learning Location
04-16 23:22:50.106   974   974 I PhoneLab-Locks: wake lock acquired
04-16 23:22:50.106   974   974 I PhoneLab-Locks: wake lock acquired
04-16 23:22:50.110   974   974 I PhoneLab-StatusMonitorLocation: Learning Signal Strgth
04-16 23:22:50.110   974   974 I PhoneLab-Locks: wake lock acquired
04-16 23:22:50.121   974   974 I PhoneLab-StatusMonitorBattery: Battery_level: 95
04-16 23:22:50.121   974   974 I PhoneLab-Locks: wake lock released
04-16 23:22:50.121   974   974 I PhoneLab-StatusMonitorSignal: Signal_Strength: -86 asu: 14
04-16 23:22:50.121   974   974 I PhoneLab-Locks: wake lock released
04-16 23:23:16.610   764 26759 I Gmail   : MainSyncRequestProto: lowestBkwdConvoId: 0, highestHandledServerOp: 2481822, normalSync: true
04-16 23:23:18.563   764 26759 D dalvikvm: GC_EXPLICIT freed 742K, 22% free 10557K/13511K, paused 2ms+4ms
04-16 23:23:18.570   764 26759 I Gmail   : MainSyncRequestProto: lowestBkwdConvoId: 0, highestHandledServerOp: 2481836, normalSync: true
04-16 23:23:19.305   764   766 D dalvikvm: GC_CONCURRENT freed 357K, 22% free 10626K/13511K, paused 6ms+3ms
04-16 23:23:19.360   764   766 D dalvikvm: GC_CONCURRENT freed 480K, 21% free 10680K/13511K, paused 2ms+4ms
04-16 23:23:19.403   764   766 D dalvikvm: GC_CONCURRENT freed 416K, 21% free 10797K/13511K, paused 2ms+3ms
04-16 23:23:19.457   764   766 D dalvikvm: GC_CONCURRENT freed 542K, 20% free 10846K/13511K, paused 1ms+4ms
04-16 23:23:19.492   764 26759 D dalvikvm: GC_FOR_ALLOC freed 332K, 21% free 10768K/13511K, paused 22ms
04-16 23:23:19.539   764   766 D dalvikvm: GC_CONCURRENT freed 267K, 19% free 11045K/13511K, paused 2ms+7ms
04-16 23:23:19.610   764   766 D dalvikvm: GC_CONCURRENT freed 568K, 18% free 11121K/13511K, paused 2ms+6ms
04-16 23:23:19.680   764   766 D dalvikvm: GC_CONCURRENT freed 656K, 18% free 11165K/13511K, paused 2ms+3ms
04-16 23:23:19.703   764 26759 D dalvikvm: GC_FOR_ALLOC freed 407K, 19% free 11029K/13511K, paused 20ms
04-16 23:23:19.707   764 26759 I dalvikvm-heap: Grow heap (frag case) to 11.778MB for 975574-byte allocation
04-16 23:23:19.735   764 26759 D dalvikvm: GC_FOR_ALLOC freed 499K, 16% free 11483K/13511K, paused 20ms
04-16 23:23:19.797   764   766 D dalvikvm: GC_CONCURRENT freed 281K, 12% free 12000K/13511K, paused 2ms+5ms
04-16 23:23:20.004   764 26759 D dalvikvm: GC_EXPLICIT freed 1225K, 19% free 11060K/13511K, paused 2ms+4ms
04-16 23:23:20.012   764 26759 I Gmail   : MainSyncRequestProto: lowestBkwdConvoId: 0, highestHandledServerOp: 2481836, normalSync: true
04-16 23:23:20.020   764 26759 W Gmail   : Scheduling index for 300000 ms from now
04-16 23:23:27.945   974  1149 I PhoneLab-: Service Running
04-16 23:23:27.996   974  1149 I PhoneLab-LoggerService: app_34    1153  974   1444   1072  c00f1758 400c6794 S logcat
04-16 23:23:27.996   974  1149 I PhoneLab-LoggerService: Logcat pid from database 1153
04-16 23:23:27.996   974  1149 I PhoneLab-LoggerService: Logcat process found 1153
04-16 23:23:27.996   974  1149 I PhoneLab-LoggerService: Checking Threshold
04-16 23:24:16.645   291   291 I wpa_supplicant: wlan0: WPA: Group rekeying completed with d0:c2:82:66:6b:f1 [GTK=TKIP]
04-16 23:25:27.942   974  1149 I PhoneLab-: Service Running
04-16 23:25:28.012   974  1149 I PhoneLab-LoggerService: app_34    1153  974   1444   1072  c00f1758 400c6794 S logcat
04-16 23:25:28.012   974  1149 I PhoneLab-LoggerService: Logcat pid from database 1153
04-16 23:25:28.012   974  1149 I PhoneLab-LoggerService: Logcat process found 1153
04-16 23:25:28.012   974  1149 I PhoneLab-LoggerService: Checking Threshold
04-16 23:26:04.465   764 26785 I Gmail   : MainSyncRequestProto: lowestBkwdConvoId: 0, highestHandledServerOp: 2481836, normalSync: true
04-16 23:26:05.262   764 26785 D dalvikvm: GC_EXPLICIT freed 850K, 22% free 10547K/13511K, paused 5ms+4ms
04-16 23:26:05.270   764 26785 I Gmail   : MainSyncRequestProto: lowestBkwdConvoId: 0, highestHandledServerOp: 2481894, normalSync: true
04-16 23:26:05.832   764 26785 D dalvikvm: GC_EXPLICIT freed 157K, 22% free 10548K/13511K, paused 2ms+3ms
04-16 23:26:05.836   764 26785 I Gmail   : MainSyncRequestProto: lowestBkwdConvoId: 0, highestHandledServerOp: 2481894, normalSync: true
04-16 23:26:05.848   764 26785 W Gmail   : Scheduling index for 300000 ms from now
04-16 23:26:05.879   764 26785 I Gmail   : Sending notification intent: Intent { act=android.intent.action.PROVIDER_CHANGED dat=content://gmail-ls/unread/^i (has extras) }
04-16 23:26:05.918   764 26785 I Gmail   : Sending notification intent: Intent { act=android.intent.action.PROVIDER_CHANGED dat=content://gmail-ls/unread/^iim (has extras) }
04-16 23:27:09.125   145   147 D dalvikvm: GC_CONCURRENT freed 1311K, 16% free 14856K/17479K, paused 18ms+6ms
04-16 23:27:27.945   974  1149 I PhoneLab-: Service Running
04-16 23:27:28.008   974  1149 I PhoneLab-LoggerService: app_34    1153  974   1444   1072  c00f1758 400c6794 S logcat
04-16 23:27:28.008   974  1149 I PhoneLab-LoggerService: Logcat pid from database 1153
04-16 23:27:28.008   974  1149 I PhoneLab-LoggerService: Logcat process found 1153
04-16 23:27:28.008   974  1149 I PhoneLab-LoggerService: Checking Threshold
04-16 23:27:50.121   974   974 I PhoneLab-Locks: wake lock acquired
04-16 23:27:50.137   974   974 I PhoneLab-StatusMonitor: Status Monitoring is started
04-16 23:27:50.180   974   976 D dalvikvm: GC_CONCURRENT freed 603K, 15% free 9261K/10887K, paused 2ms+3ms
04-16 23:27:50.192   974   974 I PhoneLab-StatusMonitor: Value: 5 - unit: min
04-16 23:27:50.192   974   974 I PhoneLab-StatusMonitor: Running interval: 300000
04-16 23:27:50.207   974   974 I PhoneLab-StatusMonitor: Rescheduling status monitoring...
04-16 23:27:50.207   974   974 I PhoneLab-Locks: wake lock released
04-16 23:27:50.211   974   974 I PhoneLab-StatusMonitorLocation: Learning Location
04-16 23:27:50.211   974   974 I PhoneLab-Locks: wake lock acquired
04-16 23:27:50.211   974   974 I PhoneLab-Locks: wake lock acquired
04-16 23:27:50.215   974   974 I PhoneLab-StatusMonitorLocation: Learning Signal Strgth
04-16 23:27:50.215   974   974 I PhoneLab-Locks: wake lock acquired
04-16 23:27:50.219   974   974 I PhoneLab-StatusMonitorBattery: Battery_level: 95
04-16 23:27:50.219   974   974 I PhoneLab-Locks: wake lock released
04-16 23:27:50.223   974   974 I PhoneLab-StatusMonitorSignal: Signal_Strength: -96 asu: 9
04-16 23:27:50.223   974   974 I PhoneLab-Locks: wake lock released
04-16 23:28:20.695   764 26793 I Gmail   : MainSyncRequestProto: lowestBkwdConvoId: 0, highestHandledServerOp: 2481894, normalSync: true
04-16 23:28:21.242   764 26793 D dalvikvm: GC_EXPLICIT freed 151K, 22% free 10550K/13511K, paused 2ms+4ms
04-16 23:28:21.246   764 26793 I Gmail   : MainSyncRequestProto: lowestBkwdConvoId: 0, highestHandledServerOp: 2481894, normalSync: true
04-16 23:28:21.258   764 26793 W Gmail   : Scheduling index for 300000 ms from now
04-16 23:29:27.945   974  1149 I PhoneLab-: Service Running
04-16 23:29:28.008   974  1149 I PhoneLab-LoggerService: app_34    1153  974   1444   1072  c00f1758 400c6794 S logcat
04-16 23:29:28.008   974  1149 I PhoneLab-LoggerService: Logcat pid from database 1153
04-16 23:29:28.008   974  1149 I PhoneLab-LoggerService: Logcat process found 1153
04-16 23:29:28.008   974  1149 I PhoneLab-LoggerService: Checking Threshold
04-16 23:30:08.844  1058  1060 D dalvikvm: GC_CONCURRENT freed 378K, 13% free 10512K/12039K, paused 13ms+2ms
04-16 23:30:48.910   270  1101 I EventLogService: Aggregate from 1334631648829 (log), 1334631648829 (data)
04-16 23:30:49.024   270   272 D dalvikvm: GC_CONCURRENT freed 333K, 8% free 10499K/11335K, paused 4ms+4ms
04-16 23:31:20.457   764 26798 I Gmail   : MainSyncRequestProto: lowestBkwdConvoId: 0, highestHandledServerOp: 2481894, normalSync: true
04-16 23:31:21.254   764 26798 D dalvikvm: GC_EXPLICIT freed 163K, 23% free 10538K/13511K, paused 2ms+3ms
04-16 23:31:21.258   764 26798 I Gmail   : MainSyncRequestProto: lowestBkwdConvoId: 0, highestHandledServerOp: 2481974, normalSync: true
04-16 23:31:22.293   764   766 D dalvikvm: GC_CONCURRENT freed 407K, 22% free 10639K/13511K, paused 3ms+3ms
04-16 23:31:22.348   764   766 D dalvikvm: GC_CONCURRENT freed 470K, 21% free 10700K/13511K, paused 2ms+4ms
04-16 23:31:22.406   764   766 D dalvikvm: GC_CONCURRENT freed 463K, 21% free 10797K/13511K, paused 2ms+7ms
04-16 23:31:22.469   764   766 D dalvikvm: GC_CONCURRENT freed 592K, 21% free 10798K/13511K, paused 2ms+5ms
04-16 23:31:22.496   764 26798 D dalvikvm: GC_FOR_ALLOC freed 179K, 21% free 10764K/13511K, paused 23ms
04-16 23:31:22.528   764 26798 D dalvikvm: GC_FOR_ALLOC freed 291K, 19% free 11018K/13511K, paused 20ms
04-16 23:31:22.574   764   766 D dalvikvm: GC_CONCURRENT freed 79K, 18% free 11154K/13511K, paused 1ms+4ms
04-16 23:31:22.645   764   766 D dalvikvm: GC_CONCURRENT freed 709K, 18% free 11118K/13511K, paused 1ms+3ms
04-16 23:31:22.715   764   766 D dalvikvm: GC_CONCURRENT freed 646K, 18% free 11162K/13511K, paused 1ms+7ms
04-16 23:31:22.738   764 26798 D dalvikvm: GC_FOR_ALLOC freed 173K, 19% free 11026K/13511K, paused 21ms
04-16 23:31:22.738   764 26798 I dalvikvm-heap: Grow heap (frag case) to 11.774MB for 975574-byte allocation
04-16 23:31:22.770   764 26798 D dalvikvm: GC_FOR_ALLOC freed 499K, 16% free 11479K/13511K, paused 20ms
04-16 23:31:22.801   764 26798 D dalvikvm: GC_FOR_ALLOC freed 571K, 16% free 11479K/13511K, paused 20ms
04-16 23:31:22.860   764   766 D dalvikvm: GC_CONCURRENT freed 960K, 17% free 11220K/13511K, paused 1ms+3ms
04-16 23:31:23.094   764 26798 D dalvikvm: GC_EXPLICIT freed 277K, 18% free 11098K/13511K, paused 2ms+4ms
04-16 23:31:23.098   764 26798 I Gmail   : MainSyncRequestProto: lowestBkwdConvoId: 0, highestHandledServerOp: 2481974, normalSync: true
04-16 23:31:23.110   764 26798 W Gmail   : Scheduling index for 300000 ms from now
04-16 23:31:27.945   974  1149 I PhoneLab-: Service Running
04-16 23:31:28.012   974  1149 I PhoneLab-LoggerService: app_34    1153  974   1444   1072  c00f1758 400c6794 S logcat
04-16 23:31:28.012   974  1149 I PhoneLab-LoggerService: Logcat pid from database 1153
04-16 23:31:28.012   974  1149 I PhoneLab-LoggerService: Logcat process found 1153
04-16 23:31:28.012   974  1149 I PhoneLab-LoggerService: Checking Threshold
04-16 23:32:50.246   974   974 I PhoneLab-Locks: wake lock acquired
04-16 23:32:50.254   974   974 I PhoneLab-StatusMonitor: Status Monitoring is started
04-16 23:32:50.305   974   976 D dalvikvm: GC_CONCURRENT freed 530K, 16% free 9243K/10887K, paused 2ms+4ms
04-16 23:32:50.328   974   974 I PhoneLab-StatusMonitor: Value: 5 - unit: min
04-16 23:32:50.328   974   974 I PhoneLab-StatusMonitor: Running interval: 300000
04-16 23:32:50.340   974   974 I PhoneLab-StatusMonitor: Rescheduling status monitoring...
04-16 23:32:50.356   974 20600 D dalvikvm: GC_EXPLICIT freed 312K, 16% free 9228K/10887K, paused 2ms+2ms
04-16 23:32:50.356   974   974 I PhoneLab-Locks: wake lock released
04-16 23:32:50.360   974   974 I PhoneLab-StatusMonitorLocation: Learning Location
04-16 23:32:50.360   974   974 I PhoneLab-Locks: wake lock acquired
04-16 23:32:50.363   974   974 I PhoneLab-Locks: wake lock acquired
04-16 23:32:50.363   974   974 I PhoneLab-StatusMonitorLocation: Learning Signal Strgth
04-16 23:32:50.363   974   974 I PhoneLab-Locks: wake lock acquired
04-16 23:32:50.371   974   974 I PhoneLab-StatusMonitorBattery: Battery_level: 95
04-16 23:32:50.371   974   974 I PhoneLab-Locks: wake lock released
04-16 23:32:50.371   974   974 I PhoneLab-StatusMonitorSignal: Signal_Strength: -96 asu: 9
04-16 23:32:50.371   974   974 I PhoneLab-Locks: wake lock released
04-16 23:33:27.945   974  1149 I PhoneLab-: Service Running
04-16 23:33:28.008   974  1149 I PhoneLab-LoggerService: app_34    1153  974   1444   1072  c00f1758 400c6794 S logcat
04-16 23:33:28.008   974  1149 I PhoneLab-LoggerService: Logcat pid from database 1153
04-16 23:33:28.008   974  1149 I PhoneLab-LoggerService: Logcat process found 1153
04-16 23:33:28.008   974  1149 I PhoneLab-LoggerService: Checking Threshold
04-16 23:34:52.414   974   974 I PhoneLab-Locks: wake lock acquired
04-16 23:34:52.438   974 26824 I PhoneLab-PeriodicCheckService: User info is synched
04-16 23:34:52.442   974 26824 I PhoneLab-PeriodicCheckService: Logger Service is running
04-16 23:34:52.442   974 26824 I PhoneLab-Locks: wake lock acquired
04-16 23:34:52.445   974   974 I PhoneLab-UploadLogs: Transfering log files now
04-16 23:34:52.445   974   974 I PhoneLab-UploadLogs: No log files to transfer
04-16 23:34:52.445   974   974 I PhoneLab-Locks: wake lock released
04-16 23:34:52.445   974   974 I PhoneLab-UploadLogs: OnStartCommand
04-16 23:34:52.445   974 26824 I PhoneLab-PeriodicCheckService: Rescheduling periodic checking...
04-16 23:34:52.449   974 26824 I PhoneLab-Locks: wake lock released
04-16 23:35:27.945   974  1149 I PhoneLab-: Service Running
04-16 23:35:27.996   974  1149 I PhoneLab-LoggerService: app_34    1153  974   1444   1072  c00f1758 400c6794 S logcat
04-16 23:35:27.996   974  1149 I PhoneLab-LoggerService: Logcat pid from database 1153
04-16 23:35:28.000   974  1149 I PhoneLab-LoggerService: Logcat process found 1153
04-16 23:35:28.000   974  1149 I PhoneLab-LoggerService: Checking Threshold
04-16 23:37:27.945   974  1149 I PhoneLab-: Service Running
04-16 23:37:28.008   974  1149 I PhoneLab-LoggerService: app_34    1153  974   1444   1072  c00f1758 400c6794 S logcat
04-16 23:37:28.008   974  1149 I PhoneLab-LoggerService: Logcat pid from database 1153
04-16 23:37:28.008   974  1149 I PhoneLab-LoggerService: Logcat process found 1153
04-16 23:37:28.008   974  1149 I PhoneLab-LoggerService: Checking Threshold
04-16 23:37:50.395   974   974 I PhoneLab-Locks: wake lock acquired
04-16 23:37:50.406   974   974 I PhoneLab-StatusMonitor: Status Monitoring is started
04-16 23:37:50.469   974   976 D dalvikvm: GC_CONCURRENT freed 477K, 15% free 9263K/10887K, paused 1ms+5ms
04-16 23:37:50.481   974   974 I PhoneLab-StatusMonitor: Value: 5 - unit: min
04-16 23:37:50.481   974   974 I PhoneLab-StatusMonitor: Running interval: 300000
04-16 23:37:50.488   974   974 I PhoneLab-StatusMonitor: Rescheduling status monitoring...
04-16 23:37:50.492   974   974 I PhoneLab-Locks: wake lock released
04-16 23:37:50.492   974   974 I PhoneLab-StatusMonitorLocation: Learning Location
04-16 23:37:50.492   974   974 I PhoneLab-Locks: wake lock acquired
04-16 23:37:50.570   145   145 D dalvikvm: GC_EXPLICIT freed 817K, 16% free 14843K/17479K, paused 2ms+6ms
04-16 23:37:50.570   974   974 I PhoneLab-Locks: wake lock acquired
04-16 23:37:50.574   974   974 I PhoneLab-StatusMonitorLocation: Learning Signal Strgth
04-16 23:37:50.574   974   974 I PhoneLab-Locks: wake lock acquired
04-16 23:37:50.578   974   974 I PhoneLab-StatusMonitorBattery: Battery_level: 95
04-16 23:37:50.578   974   974 I PhoneLab-Locks: wake lock released
04-16 23:37:50.582   974   974 I PhoneLab-StatusMonitorSignal: Signal_Strength: -96 asu: 9
04-16 23:37:50.582   974   974 I PhoneLab-Locks: wake lock released
04-16 23:39:26.469  1081 26831 V PicasaContentProvider: querySettings: defaults: {sync_on_wifi_only=1, auto_upload_account_type=null, sync_on_battery=1, sync_picasa_on_wifi_only=1, auto_upload_enabled=0, video_upload_wifi_only=1, sync_on_roaming=0, auto_upload_account_name=null}
04-16 23:39:27.047   764   766 D dalvikvm: GC_CONCURRENT freed 1177K, 22% free 10607K/13511K, paused 2ms+4ms
04-16 23:39:27.211   764   766 D dalvikvm: GC_CONCURRENT freed 394K, 22% free 10625K/13511K, paused 2ms+4ms
04-16 23:39:27.430   764   766 D dalvikvm: GC_CONCURRENT freed 402K, 22% free 10642K/13511K, paused 2ms+3ms
04-16 23:39:27.672   764   766 D dalvikvm: GC_CONCURRENT freed 391K, 21% free 10675K/13511K, paused 2ms+4ms
04-16 23:39:27.824   764   766 D dalvikvm: GC_CONCURRENT freed 520K, 22% free 10657K/13511K, paused 2ms+4ms
04-16 23:39:27.942   974  1149 I PhoneLab-: Service Running
04-16 23:39:27.973   974  1149 I PhoneLab-LoggerService: app_34    1153  974   1444   1072  c00f1758 400c6794 S logcat
04-16 23:39:27.973   974  1149 I PhoneLab-LoggerService: Logcat pid from database 1153
04-16 23:39:27.973   974  1149 I PhoneLab-LoggerService: Logcat process found 1153
04-16 23:39:27.973   974  1149 I PhoneLab-LoggerService: Checking Threshold
04-16 23:39:28.043   764   766 D dalvikvm: GC_CONCURRENT freed 465K, 22% free 10621K/13511K, paused 2ms+3ms
04-16 23:39:28.258   764   766 D dalvikvm: GC_CONCURRENT freed 399K, 22% free 10638K/13511K, paused 2ms+3ms
04-16 23:39:28.453  1081  1083 D dalvikvm: GC_CONCURRENT freed 356K, 13% free 10131K/11527K, paused 2ms+3ms
04-16 23:39:28.528   764   766 D dalvikvm: GC_CONCURRENT freed 390K, 21% free 10680K/13511K, paused 1ms+3ms
04-16 23:39:28.641   764   766 D dalvikvm: GC_CONCURRENT freed 502K, 22% free 10617K/13511K, paused 2ms+3ms
04-16 23:39:28.887   764   766 D dalvikvm: GC_CONCURRENT freed 402K, 22% free 10634K/13511K, paused 1ms+6ms
04-16 23:39:29.102   764   766 D dalvikvm: GC_CONCURRENT freed 408K, 22% free 10647K/13511K, paused 2ms+4ms
04-16 23:39:29.317   764   766 D dalvikvm: GC_CONCURRENT freed 393K, 21% free 10682K/13511K, paused 2ms+4ms
04-16 23:39:29.461   764   766 D dalvikvm: GC_CONCURRENT freed 509K, 22% free 10645K/13511K, paused 2ms+6ms
04-16 23:39:29.711   764   766 D dalvikvm: GC_CONCURRENT freed 453K, 22% free 10616K/13511K, paused 2ms+3ms
04-16 23:39:29.715  1081  1083 D dalvikvm: GC_CONCURRENT freed 442K, 13% free 10095K/11527K, paused 2ms+3ms
04-16 23:39:29.945   764   766 D dalvikvm: GC_CONCURRENT freed 398K, 22% free 10633K/13511K, paused 2ms+3ms
04-16 23:39:30.094   764   766 D dalvikvm: GC_CONCURRENT freed 338K, 21% free 10731K/13511K, paused 2ms+4ms
04-16 23:39:30.242   764   766 D dalvikvm: GC_CONCURRENT freed 569K, 22% free 10614K/13511K, paused 2ms+4ms
04-16 23:39:30.485   764   766 D dalvikvm: GC_CONCURRENT freed 400K, 22% free 10628K/13511K, paused 2ms+5ms
04-16 23:39:30.695   764   766 D dalvikvm: GC_CONCURRENT freed 387K, 22% free 10660K/13511K, paused 2ms+6ms
04-16 23:39:30.797   764   766 D dalvikvm: GC_CONCURRENT freed 464K, 22% free 10635K/13511K, paused 2ms+3ms
04-16 23:39:31.031   764   766 D dalvikvm: GC_CONCURRENT freed 449K, 22% free 10608K/13511K, paused 2ms+3ms
04-16 23:39:31.262   764   766 D dalvikvm: GC_CONCURRENT freed 395K, 22% free 10625K/13511K, paused 2ms+6ms
04-16 23:39:31.574   764 26830 W Gmail   : Successful index run, cancel next scheduled index run
04-16 23:39:33.301  1081  1083 D dalvikvm: GC_CONCURRENT freed 333K, 12% free 10150K/11527K, paused 14ms+2ms
04-16 23:39:33.668  1081  1083 D dalvikvm: GC_CONCURRENT freed 403K, 12% free 10147K/11527K, paused 2ms+3ms
04-16 23:39:33.801  1081  1083 D dalvikvm: GC_CONCURRENT freed 392K, 12% free 10155K/11527K, paused 2ms+3ms
04-16 23:39:34.844  1081  1083 D dalvikvm: GC_CONCURRENT freed 483K, 13% free 10082K/11527K, paused 2ms+3ms
04-16 23:39:39.137  1081  1083 D dalvikvm: GC_CONCURRENT freed 359K, 13% free 10128K/11527K, paused 2ms+4ms
04-16 23:39:44.699  1081  1083 D dalvikvm: GC_CONCURRENT freed 313K, 12% free 10218K/11527K, paused 1ms+3ms
04-16 23:39:45.762   473   476 D dalvikvm: GC_CONCURRENT freed 203K, 9% free 10115K/11079K, paused 2ms+11ms
04-16 23:39:45.766  1081  1083 D dalvikvm: GC_CONCURRENT freed 306K, 11% free 10298K/11527K, paused 3ms+7ms
04-16 23:39:46.852  1081  1083 D dalvikvm: GC_CONCURRENT freed 397K, 10% free 10412K/11527K, paused 2ms+3ms
04-16 23:39:47.125  1081  1083 D dalvikvm: GC_CONCURRENT freed 401K, 10% free 10403K/11527K, paused 2ms+3ms
04-16 23:39:47.375  1081  1083 D dalvikvm: GC_CONCURRENT freed 312K, 10% free 10483K/11527K, paused 1ms+4ms
04-16 23:39:47.629  1081  1083 D dalvikvm: GC_CONCURRENT freed 390K, 10% free 10481K/11527K, paused 1ms+3ms
04-16 23:39:48.039  1081  1083 D dalvikvm: GC_CONCURRENT freed 552K, 11% free 10364K/11527K, paused 2ms+5ms
04-16 23:39:48.278  1081  1083 D dalvikvm: GC_CONCURRENT freed 173K, 9% free 10605K/11527K, paused 1ms+5ms
04-16 23:39:48.512  1081  1083 D dalvikvm: GC_CONCURRENT freed 450K, 9% free 10573K/11527K, paused 2ms+2ms
04-16 23:39:48.688  1081  1083 D dalvikvm: GC_CONCURRENT freed 403K, 9% free 10574K/11527K, paused 2ms+3ms
04-16 23:39:48.871  1081  1083 D dalvikvm: GC_CONCURRENT freed 401K, 9% free 10578K/11527K, paused 2ms+5ms
04-16 23:39:51.074   473   476 D dalvikvm: GC_CONCURRENT freed 690K, 12% free 9811K/11079K, paused 1ms+5ms
04-16 23:39:51.211  1081  1083 D dalvikvm: GC_CONCURRENT freed 862K, 12% free 10170K/11527K, paused 5ms+3ms
04-16 23:39:51.555  1081  1083 D dalvikvm: GC_CONCURRENT freed 407K, 12% free 10198K/11527K, paused 2ms+5ms
04-16 23:39:53.426   473   476 D dalvikvm: GC_CONCURRENT freed 125K, 10% free 10081K/11079K, paused 2ms+3ms
04-16 23:39:54.391  1081  1083 D dalvikvm: GC_CONCURRENT freed 484K, 13% free 10120K/11527K, paused 2ms+3ms
04-16 23:39:57.094   473   476 D dalvikvm: GC_CONCURRENT freed 655K, 12% free 9812K/11079K, paused 12ms+3ms
04-16 23:39:58.168  1081  1083 D dalvikvm: GC_CONCURRENT freed 379K, 13% free 10126K/11527K, paused 2ms+10ms
04-16 23:39:59.176   473   476 D dalvikvm: GC_CONCURRENT freed 126K, 10% free 10081K/11079K, paused 1ms+2ms
04-16 23:40:01.203  1081  1083 D dalvikvm: GC_CONCURRENT freed 377K, 12% free 10152K/11527K, paused 2ms+10ms
04-16 23:40:26.875   473   476 D dalvikvm: GC_CONCURRENT freed 652K, 12% free 9816K/11079K, paused 1ms+2ms
04-16 23:41:27.945   974  1149 I PhoneLab-: Service Running
04-16 23:41:27.996   974  1149 I PhoneLab-LoggerService: app_34    1153  974   1444   1072  c00f1758 400c6794 S logcat
04-16 23:41:27.996   974  1149 I PhoneLab-LoggerService: Logcat pid from database 1153
04-16 23:41:28.000   974  1149 I PhoneLab-LoggerService: Logcat process found 1153
04-16 23:41:28.000   974  1149 I PhoneLab-LoggerService: Checking Threshold
04-16 23:42:50.512   974   974 I PhoneLab-Locks: wake lock acquired
04-16 23:42:50.524   974   974 I PhoneLab-StatusMonitor: Status Monitoring is started
04-16 23:42:50.590   974   976 D dalvikvm: GC_CONCURRENT freed 500K, 15% free 9274K/10887K, paused 1ms+5ms
04-16 23:42:50.617   974   974 I PhoneLab-StatusMonitor: Value: 5 - unit: min
04-16 23:42:50.617   974   974 I PhoneLab-StatusMonitor: Running interval: 300000
04-16 23:42:50.625   974   974 I PhoneLab-StatusMonitor: Rescheduling status monitoring...
04-16 23:42:50.625   974   974 I PhoneLab-Locks: wake lock released
04-16 23:42:50.629   974   974 I PhoneLab-StatusMonitorLocation: Learning Location
04-16 23:42:50.629   974   974 I PhoneLab-Locks: wake lock acquired
04-16 23:42:50.629   974   974 I PhoneLab-Locks: wake lock acquired
04-16 23:42:50.633   974   974 I PhoneLab-StatusMonitorLocation: Learning Signal Strgth
04-16 23:42:50.633   974   974 I PhoneLab-Locks: wake lock acquired
04-16 23:42:50.637   974   974 I PhoneLab-StatusMonitorBattery: Battery_level: 95
04-16 23:42:50.637   974   974 I PhoneLab-Locks: wake lock released
04-16 23:42:50.641   974   974 I PhoneLab-StatusMonitorSignal: Signal_Strength: -96 asu: 9
04-16 23:42:50.641   974   974 I PhoneLab-Locks: wake lock released
04-16 23:43:27.945   974  1149 I PhoneLab-: Service Running
04-16 23:43:27.996   974  1149 I PhoneLab-LoggerService: app_34    1153  974   1444   1072  c00f1758 400c6794 S logcat
04-16 23:43:27.996   974  1149 I PhoneLab-LoggerService: Logcat pid from database 1153
04-16 23:43:28.000   974  1149 I PhoneLab-LoggerService: Logcat process found 1153
04-16 23:43:28.000   974  1149 I PhoneLab-LoggerService: Checking Threshold
04-16 23:44:33.676   764 26867 I Gmail   : MainSyncRequestProto: lowestBkwdConvoId: 0, highestHandledServerOp: 2481974, normalSync: true
04-16 23:44:35.031   764   766 D dalvikvm: GC_CONCURRENT freed 490K, 22% free 10568K/13511K, paused 2ms+3ms
04-16 23:44:35.750   764 26867 D dalvikvm: GC_EXPLICIT freed 160K, 23% free 10520K/13511K, paused 2ms+3ms
04-16 23:44:35.758   764 26867 I Gmail   : MainSyncRequestProto: lowestBkwdConvoId: 0, highestHandledServerOp: 2482006, normalSync: true
04-16 23:44:36.746   764 26867 D dalvikvm: GC_EXPLICIT freed 156K, 23% free 10539K/13511K, paused 2ms+4ms
04-16 23:44:36.750   764 26867 I Gmail   : MainSyncRequestProto: lowestBkwdConvoId: 0, highestHandledServerOp: 2482007, normalSync: true
04-16 23:44:36.762   764 26867 W Gmail   : Scheduling index for 300000 ms from now
04-16 23:44:36.824   764 26871 I Gmail   : MainSyncRequestProto: lowestBkwdConvoId: 0, highestHandledServerOp: 2482007, normalSync: true
04-16 23:44:37.582   764 26871 D dalvikvm: GC_EXPLICIT freed 123K, 23% free 10537K/13511K, paused 2ms+4ms
04-16 23:44:37.586   764 26871 I Gmail   : MainSyncRequestProto: lowestBkwdConvoId: 0, highestHandledServerOp: 2482007, normalSync: true
04-16 23:44:37.598   764 26871 W Gmail   : Scheduling index for 300000 ms from now
04-16 23:45:12.188   764 26873 I Gmail   : MainSyncRequestProto: lowestBkwdConvoId: 0, highestHandledServerOp: 2482007, normalSync: true
04-16 23:45:12.895   145   147 D dalvikvm: GC_CONCURRENT freed 1334K, 16% free 14847K/17479K, paused 3ms+6ms
04-16 23:45:13.110   764 26873 D dalvikvm: GC_EXPLICIT freed 146K, 22% free 10540K/13511K, paused 2ms+4ms
04-16 23:45:13.117   764 26873 I Gmail   : MainSyncRequestProto: lowestBkwdConvoId: 0, highestHandledServerOp: 2482035, normalSync: true
04-16 23:45:13.633   764 26873 D dalvikvm: GC_EXPLICIT freed 181K, 23% free 10537K/13511K, paused 2ms+4ms
04-16 23:45:13.641   764 26873 I Gmail   : MainSyncRequestProto: lowestBkwdConvoId: 0, highestHandledServerOp: 2482035, normalSync: true
04-16 23:45:13.649   764 26873 W Gmail   : Scheduling index for 300000 ms from now
04-16 23:45:13.719   764 26876 I Gmail   : MainSyncRequestProto: lowestBkwdConvoId: 0, highestHandledServerOp: 2482035, normalSync: true
04-16 23:45:14.559   764 26876 D dalvikvm: GC_EXPLICIT freed 124K, 23% free 10535K/13511K, paused 2ms+4ms
04-16 23:45:14.563   764 26876 I Gmail   : MainSyncRequestProto: lowestBkwdConvoId: 0, highestHandledServerOp: 2482035, normalSync: true
04-16 23:45:14.574   764 26876 W Gmail   : Scheduling index for 300000 ms from now
04-16 23:45:27.945   974  1149 I PhoneLab-: Service Running
04-16 23:45:28.024   974   976 D dalvikvm: GC_CONCURRENT freed 458K, 16% free 9226K/10887K, paused 1ms+2ms
04-16 23:45:28.028   974  1149 I PhoneLab-LoggerService: app_34    1153  974   1444   1072  c00f1758 400c6794 S logcat
04-16 23:45:28.028   974  1149 I PhoneLab-LoggerService: Logcat pid from database 1153
04-16 23:45:28.028   974  1149 I PhoneLab-LoggerService: Logcat process found 1153
04-16 23:45:28.028   974  1149 I PhoneLab-LoggerService: Checking Threshold
04-16 23:46:20.582   764 26879 I Gmail   : MainSyncRequestProto: lowestBkwdConvoId: 0, highestHandledServerOp: 2482035, normalSync: true
04-16 23:46:21.238   764 26879 D dalvikvm: GC_EXPLICIT freed 146K, 23% free 10538K/13511K, paused 1ms+4ms
04-16 23:46:21.242   764 26879 I Gmail   : MainSyncRequestProto: lowestBkwdConvoId: 0, highestHandledServerOp: 2482063, normalSync: true
04-16 23:46:21.840   764 26879 D dalvikvm: GC_EXPLICIT freed 183K, 22% free 10544K/13511K, paused 2ms+3ms
04-16 23:46:21.844   764 26879 I Gmail   : MainSyncRequestProto: lowestBkwdConvoId: 0, highestHandledServerOp: 2482073, normalSync: true
04-16 23:46:21.856   764 26879 W Gmail   : Scheduling index for 300000 ms from now
04-16 23:47:27.945   974  1149 I PhoneLab-: Service Running
04-16 23:47:27.996   974  1149 I PhoneLab-LoggerService: app_34    1153  974   1444   1072  c00f1758 400c6794 S logcat
04-16 23:47:28.000   974  1149 I PhoneLab-LoggerService: Logcat pid from database 1153
04-16 23:47:28.000   974  1149 I PhoneLab-LoggerService: Logcat process found 1153
04-16 23:47:28.000   974  1149 I PhoneLab-LoggerService: Checking Threshold
04-16 23:47:50.649   974   974 I PhoneLab-Locks: wake lock acquired
04-16 23:47:50.664   974   974 I PhoneLab-StatusMonitor: Status Monitoring is started
04-16 23:47:50.738   974   976 D dalvikvm: GC_CONCURRENT freed 435K, 15% free 9290K/10887K, paused 2ms+4ms
04-16 23:47:50.750   974   974 I PhoneLab-StatusMonitor: Value: 5 - unit: min
04-16 23:47:50.750   974   974 I PhoneLab-StatusMonitor: Running interval: 300000
04-16 23:47:50.766   974   974 I PhoneLab-StatusMonitor: Rescheduling status monitoring...
04-16 23:47:50.766   974   974 I PhoneLab-Locks: wake lock released
04-16 23:47:50.766   974   974 I PhoneLab-StatusMonitorLocation: Learning Location
04-16 23:47:50.766   974   974 I PhoneLab-Locks: wake lock acquired
04-16 23:47:50.770   974   974 I PhoneLab-Locks: wake lock acquired
04-16 23:47:50.774   974   974 I PhoneLab-StatusMonitorLocation: Learning Signal Strgth
04-16 23:47:50.774   974   974 I PhoneLab-Locks: wake lock acquired
04-16 23:47:50.778   974   974 I PhoneLab-StatusMonitorBattery: Battery_level: 95
04-16 23:47:50.778   974   974 I PhoneLab-Locks: wake lock released
04-16 23:47:50.778   974   974 I PhoneLab-StatusMonitorSignal: Signal_Strength: -96 asu: 9
04-16 23:47:50.778   974   974 I PhoneLab-Locks: wake lock released
04-16 23:49:22.606   145   301 D dalvikvm: GC_EXPLICIT freed 547K, 16% free 14822K/17479K, paused 21ms+6ms
04-16 23:49:22.707   764 26886 I Gmail   : MainSyncRequestProto: lowestBkwdConvoId: 0, highestHandledServerOp: 2482073, normalSync: true
04-16 23:49:24.551   764   766 D dalvikvm: GC_CONCURRENT freed 397K, 22% free 10550K/13511K, paused 2ms+4ms
04-16 23:49:24.781   764 26886 D dalvikvm: GC_EXPLICIT freed 62K, 23% free 10514K/13511K, paused 4ms+4ms
04-16 23:49:24.785   764 26886 I Gmail   : MainSyncRequestProto: lowestBkwdConvoId: 0, highestHandledServerOp: 2482201, normalSync: true
04-16 23:49:24.797   764 26886 W Gmail   : Scheduling index for 300000 ms from now
04-16 23:49:24.817   764 26886 I Gmail   : Sending notification intent: Intent { act=android.intent.action.PROVIDER_CHANGED dat=content://gmail-ls/unread/^i (has extras) }
04-16 23:49:24.860   764 26886 I Gmail   : Sending notification intent: Intent { act=android.intent.action.PROVIDER_CHANGED dat=content://gmail-ls/unread/^iim (has extras) }
04-16 23:49:27.945   974  1149 I PhoneLab-: Service Running
04-16 23:49:28.008   974  1149 I PhoneLab-LoggerService: app_34    1153  974   1444   1072  c00f1758 400c6794 S logcat
04-16 23:49:28.008   974  1149 I PhoneLab-LoggerService: Logcat pid from database 1153
04-16 23:49:28.008   974  1149 I PhoneLab-LoggerService: Logcat process found 1153
04-16 23:49:28.008   974  1149 I PhoneLab-LoggerService: Checking Threshold
04-16 23:51:27.945   974  1149 I PhoneLab-: Service Running
04-16 23:51:27.996   974  1149 I PhoneLab-LoggerService: app_34    1153  974   1444   1072  c00f1758 400c6794 S logcat
04-16 23:51:27.996   974  1149 I PhoneLab-LoggerService: Logcat pid from database 1153
04-16 23:51:28.000   974  1149 I PhoneLab-LoggerService: Logcat process found 1153
04-16 23:51:28.000   974  1149 I PhoneLab-LoggerService: Checking Threshold
04-16 23:52:20.613   764 26892 I Gmail   : MainSyncRequestProto: lowestBkwdConvoId: 0, highestHandledServerOp: 2482201, normalSync: true
04-16 23:52:23.031   764   766 D dalvikvm: GC_CONCURRENT freed 336K, 22% free 10573K/13511K, paused 2ms+8ms
04-16 23:52:23.098   764 26892 D dalvikvm: GC_EXPLICIT freed 72K, 23% free 10515K/13511K, paused 2ms+4ms
04-16 23:52:23.106   764 26892 I Gmail   : MainSyncRequestProto: lowestBkwdConvoId: 0, highestHandledServerOp: 2482214, normalSync: true
04-16 23:52:23.113   764 26892 W Gmail   : Scheduling index for 300000 ms from now
04-16 23:52:50.789   974   974 I PhoneLab-Locks: wake lock acquired
04-16 23:52:50.801   974   974 I PhoneLab-StatusMonitor: Status Monitoring is started
04-16 23:52:50.844   974   976 D dalvikvm: GC_CONCURRENT freed 552K, 16% free 9249K/10887K, paused 1ms+3ms
04-16 23:52:50.856   974   974 I PhoneLab-StatusMonitor: Value: 5 - unit: min
04-16 23:52:50.856   974   974 I PhoneLab-StatusMonitor: Running interval: 300000
04-16 23:52:50.867   974   974 I PhoneLab-StatusMonitor: Rescheduling status monitoring...
04-16 23:52:50.867   974   974 I PhoneLab-Locks: wake lock released
04-16 23:52:50.867   974   974 I PhoneLab-StatusMonitorLocation: Learning Location
04-16 23:52:50.867   974   974 I PhoneLab-Locks: wake lock acquired
04-16 23:52:50.871   974   974 I PhoneLab-Locks: wake lock acquired
04-16 23:52:50.875   974   974 I PhoneLab-StatusMonitorLocation: Learning Signal Strgth
04-16 23:52:50.875   974   974 I PhoneLab-Locks: wake lock acquired
04-16 23:52:50.879   974   974 I PhoneLab-StatusMonitorBattery: Battery_level: 95
04-16 23:52:50.879   974   974 I PhoneLab-Locks: wake lock released
04-16 23:52:50.879   974   974 I PhoneLab-StatusMonitorSignal: Signal_Strength: -96 asu: 9
04-16 23:52:50.879   974   974 I PhoneLab-Locks: wake lock released
04-16 23:53:27.945   974  1149 I PhoneLab-: Service Running
04-16 23:53:28.008   974  1149 I PhoneLab-LoggerService: app_34    1153  974   1444   1072  c00f1758 400c6794 S logcat
04-16 23:53:28.008   974  1149 I PhoneLab-LoggerService: Logcat pid from database 1153
04-16 23:53:28.008   974  1149 I PhoneLab-LoggerService: Logcat process found 1153
04-16 23:53:28.008   974  1149 I PhoneLab-LoggerService: Checking Threshold
04-16 23:54:26.535 25247 25249 D dalvikvm: GC_CONCURRENT freed 328K, 5% free 10049K/10503K, paused 3ms+2ms
04-16 23:54:43.914   145   161 V BackupManagerService: Running a backup pass
04-16 23:54:43.942   145   214 V BackupManagerService: Backup requested but nothing pending
04-16 23:55:27.945   974  1149 I PhoneLab-: Service Running
04-16 23:55:28.008   974  1149 I PhoneLab-LoggerService: app_34    1153  974   1444   1072  c00f1758 400c6794 S logcat
04-16 23:55:28.008   974  1149 I PhoneLab-LoggerService: Logcat pid from database 1153
04-16 23:55:28.008   974  1149 I PhoneLab-LoggerService: Logcat process found 1153
04-16 23:55:28.008   974  1149 I PhoneLab-LoggerService: Checking Threshold
04-16 23:57:27.945   974  1149 I PhoneLab-: Service Running
04-16 23:57:27.996   974  1149 I PhoneLab-LoggerService: app_34    1153  974   1444   1072  c00f1758 400c6794 S logcat
04-16 23:57:27.996   974  1149 I PhoneLab-LoggerService: Logcat pid from database 1153
04-16 23:57:27.996   974  1149 I PhoneLab-LoggerService: Logcat process found 1153
04-16 23:57:28.000   974  1149 I PhoneLab-LoggerService: Checking Threshold
04-16 23:57:50.899   974   974 I PhoneLab-Locks: wake lock acquired
04-16 23:57:50.899   974   974 I PhoneLab-StatusMonitor: Status Monitoring is started
04-16 23:57:50.934   974   976 D dalvikvm: GC_CONCURRENT freed 520K, 16% free 9239K/10887K, paused 1ms+2ms
04-16 23:57:50.957   974   974 I PhoneLab-StatusMonitor: Value: 5 - unit: min
04-16 23:57:50.957   974   974 I PhoneLab-StatusMonitor: Running interval: 300000
04-16 23:57:50.965   974   974 I PhoneLab-StatusMonitor: Rescheduling status monitoring...
04-16 23:57:50.965   974   974 I PhoneLab-Locks: wake lock released
04-16 23:57:50.969   974   974 I PhoneLab-StatusMonitorLocation: Learning Location
04-16 23:57:50.969   974   974 I PhoneLab-Locks: wake lock acquired
04-16 23:57:50.969   974   974 I PhoneLab-Locks: wake lock acquired
04-16 23:57:50.973   974   974 I PhoneLab-StatusMonitorLocation: Learning Signal Strgth
04-16 23:57:50.973   974   974 I PhoneLab-Locks: wake lock acquired
04-16 23:57:50.977   974   974 I PhoneLab-StatusMonitorBattery: Battery_level: 96
04-16 23:57:50.977   974   974 I PhoneLab-Locks: wake lock released
04-16 23:57:50.981   974   974 I PhoneLab-StatusMonitorSignal: Signal_Strength: -96 asu: 9
04-16 23:57:50.981   974   974 I PhoneLab-Locks: wake lock released
04-16 23:58:00.074   215   217 D dalvikvm: GC_CONCURRENT freed 386K, 17% free 9640K/11591K, paused 2ms+2ms
04-16 23:59:27.945   974  1149 I PhoneLab-: Service Running
04-16 23:59:28.024   974   976 D dalvikvm: GC_CONCURRENT freed 432K, 16% free 9225K/10887K, paused 1ms+2ms
04-16 23:59:28.024   974  1149 I PhoneLab-LoggerService: app_34    1153  974   1444   1072  c00f1758 400c6794 S logcat
04-16 23:59:28.024   974  1149 I PhoneLab-LoggerService: Logcat pid from database 1153
04-16 23:59:28.024   974  1149 I PhoneLab-LoggerService: Logcat process found 1153
04-16 23:59:28.028   974  1149 I PhoneLab-LoggerService: Checking Threshold
04-17 00:00:49.067   270   803 I EventLogService: Aggregate from 1334633448916 (log), 1334633448916 (data)
04-17 00:00:49.160   270   272 D dalvikvm: GC_CONCURRENT freed 404K, 8% free 10518K/11335K, paused 3ms+4ms
04-17 00:01:27.945   974  1149 I PhoneLab-: Service Running
04-17 00:01:27.996   974  1149 I PhoneLab-LoggerService: app_34    1153  974   1444   1072  c00f1758 400c6794 S logcat
04-17 00:01:27.996   974  1149 I PhoneLab-LoggerService: Logcat pid from database 1153
04-17 00:01:27.996   974  1149 I PhoneLab-LoggerService: Logcat process found 1153
04-17 00:01:27.996   974  1149 I PhoneLab-LoggerService: Checking Threshold
04-17 00:02:50.985   974   974 I PhoneLab-Locks: wake lock acquired
04-17 00:02:50.992   974   974 I PhoneLab-StatusMonitor: Status Monitoring is started
04-17 00:02:51.070   974   976 D dalvikvm: GC_CONCURRENT freed 419K, 15% free 9303K/10887K, paused 2ms+5ms
04-17 00:02:51.086   974   974 I PhoneLab-StatusMonitor: Value: 5 - unit: min
04-17 00:02:51.086   974   974 I PhoneLab-StatusMonitor: Running interval: 300000
04-17 00:02:51.094   974   974 I PhoneLab-StatusMonitor: Rescheduling status monitoring...
04-17 00:02:51.094   974   974 I PhoneLab-Locks: wake lock released
04-17 00:02:51.094   974   974 I PhoneLab-StatusMonitorLocation: Learning Location
04-17 00:02:51.098   974   974 I PhoneLab-Locks: wake lock acquired
04-17 00:02:51.098   974   974 I PhoneLab-Locks: wake lock acquired
04-17 00:02:51.102   974   974 I PhoneLab-StatusMonitorLocation: Learning Signal Strgth
04-17 00:02:51.102   974   974 I PhoneLab-Locks: wake lock acquired
04-17 00:02:51.106   974   974 I PhoneLab-StatusMonitorBattery: Battery_level: 95
04-17 00:02:51.106   974   974 I PhoneLab-Locks: wake lock released
04-17 00:02:51.110   974   974 I PhoneLab-StatusMonitorSignal: Signal_Strength: -96 asu: 9
04-17 00:02:51.110   974   974 I PhoneLab-Locks: wake lock released
04-17 00:03:27.945   974  1149 I PhoneLab-: Service Running
04-17 00:03:27.996   974  1149 I PhoneLab-LoggerService: app_34    1153  974   1444   1072  c00f1758 400c6794 S logcat
04-17 00:03:28.000   974  1149 I PhoneLab-LoggerService: Logcat pid from database 1153
04-17 00:03:28.000   974  1149 I PhoneLab-LoggerService: Logcat process found 1153
04-17 00:03:28.000   974  1149 I PhoneLab-LoggerService: Checking Threshold
04-17 00:04:52.481   974   974 I PhoneLab-Locks: wake lock acquired
04-17 00:04:52.488   974 26953 I PhoneLab-PeriodicCheckService: User info is synched
04-17 00:04:52.492   974 26953 I PhoneLab-PeriodicCheckService: Logger Service is running
04-17 00:04:52.492   974 26953 I PhoneLab-Locks: wake lock acquired
04-17 00:04:52.496   974   974 I PhoneLab-UploadLogs: Transfering log files now
04-17 00:04:52.496   974   974 I PhoneLab-UploadLogs: No log files to transfer
04-17 00:04:52.496   974   974 I PhoneLab-Locks: wake lock released
04-17 00:04:52.496   974   974 I PhoneLab-UploadLogs: OnStartCommand
04-17 00:04:52.500   974 26953 I PhoneLab-PeriodicCheckService: Rescheduling periodic checking...
04-17 00:04:52.500   974 26953 I PhoneLab-Locks: wake lock released
04-17 00:05:00.129   145   147 D dalvikvm: GC_CONCURRENT freed 1270K, 15% free 14890K/17479K, paused 3ms+7ms
04-17 00:05:27.945   974  1149 I PhoneLab-: Service Running
04-17 00:05:28.004   974  1149 I PhoneLab-LoggerService: app_34    1153  974   1444   1072  c00f1758 400c6794 S logcat
04-17 00:05:28.004   974  1149 I PhoneLab-LoggerService: Logcat pid from database 1153
04-17 00:05:28.004   974  1149 I PhoneLab-LoggerService: Logcat process found 1153
04-17 00:05:28.004   974  1149 I PhoneLab-LoggerService: Checking Threshold
04-17 00:06:28.184   764 26956 I Gmail   : MainSyncRequestProto: lowestBkwdConvoId: 0, highestHandledServerOp: 2482214, normalSync: true
04-17 00:06:30.391   764   766 D dalvikvm: GC_CONCURRENT freed 366K, 22% free 10568K/13511K, paused 2ms+4ms
04-17 00:06:30.496   764 26956 D dalvikvm: GC_EXPLICIT freed 169K, 23% free 10513K/13511K, paused 3ms+4ms
04-17 00:06:30.504   764 26956 I Gmail   : MainSyncRequestProto: lowestBkwdConvoId: 0, highestHandledServerOp: 2482269, normalSync: true
04-17 00:06:31.278   764   766 D dalvikvm: GC_CONCURRENT freed 386K, 22% free 10634K/13511K, paused 2ms+3ms
04-17 00:06:31.328   764   766 D dalvikvm: GC_CONCURRENT freed 470K, 21% free 10696K/13511K, paused 2ms+3ms
04-17 00:06:31.395   764   766 D dalvikvm: GC_CONCURRENT freed 462K, 21% free 10791K/13511K, paused 2ms+6ms
04-17 00:06:31.461   764   766 D dalvikvm: GC_CONCURRENT freed 592K, 21% free 10788K/13511K, paused 2ms+6ms
04-17 00:06:31.492   764 26956 D dalvikvm: GC_FOR_ALLOC freed 179K, 21% free 10760K/13511K, paused 19ms
04-17 00:06:31.531   764   766 D dalvikvm: GC_CONCURRENT freed 267K, 19% free 11037K/13511K, paused 2ms+4ms
04-17 00:06:31.602   764   766 D dalvikvm: GC_CONCURRENT freed 568K, 18% free 11113K/13511K, paused 1ms+6ms
04-17 00:06:31.664   764   766 D dalvikvm: GC_CONCURRENT freed 621K, 18% free 11157K/13511K, paused 2ms+7ms
04-17 00:06:31.707   764 26956 D dalvikvm: GC_FOR_ALLOC freed 442K, 19% free 11022K/13511K, paused 20ms
04-17 00:06:31.707   764 26956 I dalvikvm-heap: Grow heap (frag case) to 11.770MB for 975574-byte allocation
04-17 00:06:31.742   764   766 D dalvikvm: GC_CONCURRENT freed 461K, 15% free 11513K/13511K, paused 2ms+3ms
04-17 00:06:31.817   764   766 D dalvikvm: GC_CONCURRENT freed 660K, 14% free 11677K/13511K, paused 2ms+7ms
04-17 00:06:31.840   764 26956 D dalvikvm: GC_FOR_ALLOC freed 246K, 16% free 11475K/13511K, paused 20ms
04-17 00:06:31.906   764   766 D dalvikvm: GC_CONCURRENT freed 960K, 17% free 11266K/13511K, paused 2ms+4ms
04-17 00:06:32.180   764 26956 D dalvikvm: GC_EXPLICIT freed 326K, 18% free 11142K/13511K, paused 2ms+3ms
04-17 00:06:32.188   764 26956 I Gmail   : MainSyncRequestProto: lowestBkwdConvoId: 0, highestHandledServerOp: 2482270, normalSync: true
04-17 00:06:32.195   764 26956 W Gmail   : Scheduling index for 300000 ms from now
04-17 00:06:32.219   764 26956 I Gmail   : Sending notification intent: Intent { act=android.intent.action.PROVIDER_CHANGED dat=content://gmail-ls/unread/^i (has extras) }
04-17 00:06:32.250   764 26956 I Gmail   : Sending notification intent: Intent { act=android.intent.action.PROVIDER_CHANGED dat=content://gmail-ls/unread/^iim (has extras) }
04-17 00:06:32.317   764 26962 I Gmail   : MainSyncRequestProto: lowestBkwdConvoId: 0, highestHandledServerOp: 2482270, normalSync: true
04-17 00:06:32.735   764 26962 D dalvikvm: GC_EXPLICIT freed 751K, 23% free 10537K/13511K, paused 2ms+3ms
04-17 00:06:32.742   764 26962 I Gmail   : MainSyncRequestProto: lowestBkwdConvoId: 0, highestHandledServerOp: 2482270, normalSync: true
04-17 00:06:32.750   764 26962 W Gmail   : Scheduling index for 300000 ms from now
04-17 00:07:27.945   974  1149 I PhoneLab-: Service Running
04-17 00:07:27.996   974  1149 I PhoneLab-LoggerService: app_34    1153  974   1444   1072  c00f1758 400c6794 S logcat
04-17 00:07:27.996   974  1149 I PhoneLab-LoggerService: Logcat pid from database 1153
04-17 00:07:27.996   974  1149 I PhoneLab-LoggerService: Logcat process found 1153
04-17 00:07:27.996   974  1149 I PhoneLab-LoggerService: Checking Threshold
04-17 00:07:51.117   974   974 I PhoneLab-Locks: wake lock acquired
04-17 00:07:51.121   974   974 I PhoneLab-StatusMonitor: Status Monitoring is started
04-17 00:07:51.176   974   976 D dalvikvm: GC_CONCURRENT freed 556K, 15% free 9259K/10887K, paused 2ms+5ms
04-17 00:07:51.188   974   974 I PhoneLab-StatusMonitor: Value: 5 - unit: min
04-17 00:07:51.188   974   974 I PhoneLab-StatusMonitor: Running interval: 300000
04-17 00:07:51.203   974   974 I PhoneLab-StatusMonitor: Rescheduling status monitoring...
04-17 00:07:51.203   974   974 I PhoneLab-Locks: wake lock released
04-17 00:07:51.203   974   974 I PhoneLab-StatusMonitorLocation: Learning Location
04-17 00:07:51.203   974   974 I PhoneLab-Locks: wake lock acquired
04-17 00:07:51.207   974   974 I PhoneLab-Locks: wake lock acquired
04-17 00:07:51.211   974   974 I PhoneLab-StatusMonitorLocation: Learning Signal Strgth
04-17 00:07:51.211   974   974 I PhoneLab-Locks: wake lock acquired
04-17 00:07:51.215   974   974 I PhoneLab-StatusMonitorBattery: Battery_level: 95
04-17 00:07:51.215   974   974 I PhoneLab-Locks: wake lock released
04-17 00:07:51.215   974   974 I PhoneLab-StatusMonitorSignal: Signal_Strength: -96 asu: 9
04-17 00:07:51.215   974   974 I PhoneLab-Locks: wake lock released
04-17 00:09:27.945   974  1149 I PhoneLab-: Service Running
04-17 00:09:27.996   974  1149 I PhoneLab-LoggerService: app_34    1153  974   1444   1072  c00f1758 400c6794 S logcat
04-17 00:09:28.000   974  1149 I PhoneLab-LoggerService: Logcat pid from database 1153
04-17 00:09:28.000   974  1149 I PhoneLab-LoggerService: Logcat process found 1153
04-17 00:09:28.000   974  1149 I PhoneLab-LoggerService: Checking Threshold
04-17 00:11:27.945   974  1149 I PhoneLab-: Service Running
04-17 00:11:28.008   974  1149 I PhoneLab-LoggerService: app_34    1153  974   1444   1072  c00f1758 400c6794 S logcat
04-17 00:11:28.008   974  1149 I PhoneLab-LoggerService: Logcat pid from database 1153
04-17 00:11:28.008   974  1149 I PhoneLab-LoggerService: Logcat process found 1153
04-17 00:11:28.008   974  1149 I PhoneLab-LoggerService: Checking Threshold
04-17 00:12:51.242   974   974 I PhoneLab-Locks: wake lock acquired
04-17 00:12:51.246   974   974 I PhoneLab-StatusMonitor: Status Monitoring is started
04-17 00:12:51.278   974   976 D dalvikvm: GC_CONCURRENT freed 542K, 16% free 9228K/10887K, paused 1ms+5ms
04-17 00:12:51.301   974   974 I PhoneLab-StatusMonitor: Value: 5 - unit: min
04-17 00:12:51.301   974   974 I PhoneLab-StatusMonitor: Running interval: 300000
04-17 00:12:51.317   974   974 I PhoneLab-StatusMonitor: Rescheduling status monitoring...
04-17 00:12:51.317   974   974 I PhoneLab-Locks: wake lock released
04-17 00:12:51.320   974   974 I PhoneLab-StatusMonitorLocation: Learning Location
04-17 00:12:51.324   974   974 I PhoneLab-Locks: wake lock acquired
04-17 00:12:51.328   974   974 I PhoneLab-Locks: wake lock acquired
04-17 00:12:51.332   974   976 D dalvikvm: GC_CONCURRENT freed 421K, 16% free 9198K/10887K, paused 2ms+2ms
04-17 00:12:51.332   974   974 I PhoneLab-StatusMonitorLocation: Learning Signal Strgth
04-17 00:12:51.332   974   974 I PhoneLab-Locks: wake lock acquired
04-17 00:12:51.344   974   974 I PhoneLab-StatusMonitorBattery: Battery_level: 96
04-17 00:12:51.344   974   974 I PhoneLab-Locks: wake lock released
04-17 00:12:51.348   974   974 I PhoneLab-StatusMonitorSignal: Signal_Strength: -96 asu: 9
04-17 00:12:51.348   974   974 I PhoneLab-Locks: wake lock released
04-17 00:13:27.945   974  1149 I PhoneLab-: Service Running
04-17 00:13:28.008   974  1149 I PhoneLab-LoggerService: app_34    1153  974   1444   1072  c00f1758 400c6794 S logcat
04-17 00:13:28.008   974  1149 I PhoneLab-LoggerService: Logcat pid from database 1153
04-17 00:13:28.008   974  1149 I PhoneLab-LoggerService: Logcat process found 1153
04-17 00:13:28.008   974  1149 I PhoneLab-LoggerService: Checking Threshold
04-17 00:15:27.945   974  1149 I PhoneLab-: Service Running
04-17 00:15:27.996   974  1149 I PhoneLab-LoggerService: app_34    1153  974   1444   1072  c00f1758 400c6794 S logcat
04-17 00:15:28.000   974  1149 I PhoneLab-LoggerService: Logcat pid from database 1153
04-17 00:15:28.000   974  1149 I PhoneLab-LoggerService: Logcat process found 1153
04-17 00:15:28.000   974  1149 I PhoneLab-LoggerService: Checking Threshold
04-17 00:17:27.945   974  1149 I PhoneLab-: Service Running
04-17 00:17:28.008   974  1149 I PhoneLab-LoggerService: app_34    1153  974   1444   1072  c00f1758 400c6794 S logcat
04-17 00:17:28.008   974  1149 I PhoneLab-LoggerService: Logcat pid from database 1153
04-17 00:17:28.008   974  1149 I PhoneLab-LoggerService: Logcat process found 1153
04-17 00:17:28.008   974  1149 I PhoneLab-LoggerService: Checking Threshold
04-17 00:17:51.336   974   974 I PhoneLab-Locks: wake lock acquired
04-17 00:17:51.344   974   974 I PhoneLab-StatusMonitor: Status Monitoring is started
04-17 00:17:51.391   974   976 D dalvikvm: GC_CONCURRENT freed 452K, 15% free 9258K/10887K, paused 1ms+3ms
04-17 00:17:51.399   974   974 I PhoneLab-StatusMonitor: Value: 5 - unit: min
04-17 00:17:51.399   974   974 I PhoneLab-StatusMonitor: Running interval: 300000
04-17 00:17:51.414   974   974 I PhoneLab-StatusMonitor: Rescheduling status monitoring...
04-17 00:17:51.414   974   974 I PhoneLab-Locks: wake lock released
04-17 00:17:51.414   974   974 I PhoneLab-StatusMonitorLocation: Learning Location
04-17 00:17:51.418   974   974 I PhoneLab-Locks: wake lock acquired
04-17 00:17:51.418   974   974 I PhoneLab-Locks: wake lock acquired
04-17 00:17:51.422   974   974 I PhoneLab-StatusMonitorLocation: Learning Signal Strgth
04-17 00:17:51.422   974   974 I PhoneLab-Locks: wake lock acquired
04-17 00:17:51.426   974   974 I PhoneLab-StatusMonitorBattery: Battery_level: 95
04-17 00:17:51.426   974   974 I PhoneLab-Locks: wake lock released
04-17 00:17:51.430   974   974 I PhoneLab-StatusMonitorSignal: Signal_Strength: -96 asu: 9
04-17 00:17:51.430   974   974 I PhoneLab-Locks: wake lock released
04-17 00:19:27.945   974  1149 I PhoneLab-: Service Running
04-17 00:19:28.000   974  1149 I PhoneLab-LoggerService: app_34    1153  974   1444   1072  c00f1758 400c6794 S logcat
04-17 00:19:28.000   974  1149 I PhoneLab-LoggerService: Logcat pid from database 1153
04-17 00:19:28.000   974  1149 I PhoneLab-LoggerService: Logcat process found 1153
04-17 00:19:28.000   974  1149 I PhoneLab-LoggerService: Checking Threshold
04-17 00:21:27.946   974  1149 I PhoneLab-: Service Running
04-17 00:21:27.996   974  1149 I PhoneLab-LoggerService: app_34    1153  974   1444   1072  c00f1758 400c6794 S logcat
04-17 00:21:27.996   974  1149 I PhoneLab-LoggerService: Logcat pid from database 1153
04-17 00:21:28.000   974  1149 I PhoneLab-LoggerService: Logcat process found 1153
04-17 00:21:28.000   974  1149 I PhoneLab-LoggerService: Checking Threshold
04-17 00:22:00.137   145   147 D dalvikvm: GC_CONCURRENT freed 1371K, 15% free 14872K/17479K, paused 3ms+6ms
04-17 00:22:51.434   974   974 I PhoneLab-Locks: wake lock acquired
04-17 00:22:51.449   974   974 I PhoneLab-StatusMonitor: Status Monitoring is started
04-17 00:22:51.500   974   976 D dalvikvm: GC_CONCURRENT freed 510K, 15% free 9256K/10887K, paused 2ms+5ms
04-17 00:22:51.520   974   974 I PhoneLab-StatusMonitor: Value: 5 - unit: min
04-17 00:22:51.520   974   974 I PhoneLab-StatusMonitor: Running interval: 300000
04-17 00:22:51.528   974   974 I PhoneLab-StatusMonitor: Rescheduling status monitoring...
04-17 00:22:51.528   974   974 I PhoneLab-Locks: wake lock released
04-17 00:22:51.531   974   974 I PhoneLab-StatusMonitorLocation: Learning Location
04-17 00:22:51.531   974   974 I PhoneLab-Locks: wake lock acquired
04-17 00:22:51.531   974   974 I PhoneLab-Locks: wake lock acquired
04-17 00:22:51.535   974   974 I PhoneLab-StatusMonitorLocation: Learning Signal Strgth
04-17 00:22:51.535   974   974 I PhoneLab-Locks: wake lock acquired
04-17 00:22:51.543   974   974 I PhoneLab-StatusMonitorBattery: Battery_level: 95
04-17 00:22:51.543   974   974 I PhoneLab-Locks: wake lock released
04-17 00:22:51.543   974   974 I PhoneLab-StatusMonitorSignal: Signal_Strength: -96 asu: 9
04-17 00:22:51.543   974   974 I PhoneLab-Locks: wake lock released
04-17 00:23:27.946   974  1149 I PhoneLab-: Service Running
04-17 00:23:27.996   974  1149 I PhoneLab-LoggerService: app_34    1153  974   1444   1072  c00f1758 400c6794 S logcat
04-17 00:23:28.000   974  1149 I PhoneLab-LoggerService: Logcat pid from database 1153
04-17 00:23:28.000   974  1149 I PhoneLab-LoggerService: Logcat process found 1153
04-17 00:23:28.000   974  1149 I PhoneLab-LoggerService: Checking Threshold
04-17 00:24:26.649   764   766 D dalvikvm: GC_CONCURRENT freed 295K, 22% free 10637K/13511K, paused 1ms+3ms
04-17 00:24:26.860   764   766 D dalvikvm: GC_CONCURRENT freed 425K, 22% free 10633K/13511K, paused 2ms+3ms
04-17 00:24:27.078   764   766 D dalvikvm: GC_CONCURRENT freed 404K, 22% free 10650K/13511K, paused 1ms+5ms
04-17 00:24:27.285   764   766 D dalvikvm: GC_CONCURRENT freed 393K, 21% free 10682K/13511K, paused 1ms+4ms
04-17 00:24:27.473   764 27027 W Gmail   : Successful index run, cancel next scheduled index run
04-17 00:24:36.832   291   291 I wpa_supplicant: wlan0: WPA: Group rekeying completed with d0:c2:82:66:6b:f1 [GTK=TKIP]
04-17 00:25:27.946   974  1149 I PhoneLab-: Service Running
04-17 00:25:28.024   974  1149 I PhoneLab-LoggerService: app_34    1153  974   1444   1072  c00f1758 400c6794 S logcat
04-17 00:25:28.024   974  1149 I PhoneLab-LoggerService: Logcat pid from database 1153
04-17 00:25:28.024   974  1149 I PhoneLab-LoggerService: Logcat process found 1153
04-17 00:25:28.024   974  1149 I PhoneLab-LoggerService: Checking Threshold
04-17 00:25:28.024   974   976 D dalvikvm: GC_CONCURRENT freed 429K, 16% free 9224K/10887K, paused 2ms+4ms
04-17 00:27:27.946   974  1149 I PhoneLab-: Service Running
04-17 00:27:27.996   974  1149 I PhoneLab-LoggerService: app_34    1153  974   1444   1072  c00f1758 400c6794 S logcat
04-17 00:27:27.996   974  1149 I PhoneLab-LoggerService: Logcat pid from database 1153
04-17 00:27:27.996   974  1149 I PhoneLab-LoggerService: Logcat process found 1153
04-17 00:27:28.000   974  1149 I PhoneLab-LoggerService: Checking Threshold
04-17 00:27:51.551   974   974 I PhoneLab-Locks: wake lock acquired
04-17 00:27:51.563   974   974 I PhoneLab-StatusMonitor: Status Monitoring is started
04-17 00:27:51.621   974   976 D dalvikvm: GC_CONCURRENT freed 407K, 15% free 9318K/10887K, paused 1ms+4ms
04-17 00:27:51.625   974   974 I PhoneLab-StatusMonitor: Value: 5 - unit: min
04-17 00:27:51.625   974   974 I PhoneLab-StatusMonitor: Running interval: 300000
04-17 00:27:51.641   974   974 I PhoneLab-StatusMonitor: Rescheduling status monitoring...
04-17 00:27:51.641   974   974 I PhoneLab-Locks: wake lock released
04-17 00:27:51.641   974   974 I PhoneLab-StatusMonitorLocation: Learning Location
04-17 00:27:51.641   974   974 I PhoneLab-Locks: wake lock acquired
04-17 00:27:51.649   974   974 I PhoneLab-Locks: wake lock acquired
04-17 00:27:51.653   974   974 I PhoneLab-StatusMonitorLocation: Learning Signal Strgth
04-17 00:27:51.653   974   974 I PhoneLab-Locks: wake lock acquired
04-17 00:27:51.656   974   974 I PhoneLab-StatusMonitorBattery: Battery_level: 95
04-17 00:27:51.656   974   974 I PhoneLab-Locks: wake lock released
04-17 00:27:51.656   974   974 I PhoneLab-StatusMonitorSignal: Signal_Strength: -96 asu: 9
04-17 00:27:51.656   974   974 I PhoneLab-Locks: wake lock released
04-17 00:29:27.946   974  1149 I PhoneLab-: Service Running
04-17 00:29:27.996   974  1149 I PhoneLab-LoggerService: app_34    1153  974   1444   1072  c00f1758 400c6794 S logcat
04-17 00:29:28.000   974  1149 I PhoneLab-LoggerService: Logcat pid from database 1153
04-17 00:29:28.000   974  1149 I PhoneLab-LoggerService: Logcat process found 1153
04-17 00:29:28.000   974  1149 I PhoneLab-LoggerService: Checking Threshold
04-17 00:30:10.563  1058  1060 D dalvikvm: GC_CONCURRENT freed 388K, 13% free 10515K/12039K, paused 2ms+11ms
04-17 00:30:49.172   270  1099 I EventLogService: Aggregate from 1334635249072 (log), 1334635249072 (data)
04-17 00:31:27.946   974  1149 I PhoneLab-: Service Running
04-17 00:31:27.996   974  1149 I PhoneLab-LoggerService: app_34    1153  974   1444   1072  c00f1758 400c6794 S logcat
04-17 00:31:27.996   974  1149 I PhoneLab-LoggerService: Logcat pid from database 1153
04-17 00:31:28.000   974  1149 I PhoneLab-LoggerService: Logcat process found 1153
04-17 00:31:28.000   974  1149 I PhoneLab-LoggerService: Checking Threshold
04-17 00:32:51.660   974   974 I PhoneLab-Locks: wake lock acquired
04-17 00:32:51.672   974   974 I PhoneLab-StatusMonitor: Status Monitoring is started
04-17 00:32:51.731   974   976 D dalvikvm: GC_CONCURRENT freed 532K, 15% free 9288K/10887K, paused 2ms+4ms
04-17 00:32:51.766   974   974 I PhoneLab-StatusMonitor: Value: 5 - unit: min
04-17 00:32:51.766   974   974 I PhoneLab-StatusMonitor: Running interval: 300000
04-17 00:32:51.774   974   974 I PhoneLab-StatusMonitor: Rescheduling status monitoring...
04-17 00:32:51.774   974   974 I PhoneLab-Locks: wake lock released
04-17 00:32:51.778   974   974 I PhoneLab-StatusMonitorLocation: Learning Location
04-17 00:32:51.778   974   974 I PhoneLab-Locks: wake lock acquired
04-17 00:32:51.778   974   974 I PhoneLab-Locks: wake lock acquired
04-17 00:32:51.781   974   974 I PhoneLab-StatusMonitorLocation: Learning Signal Strgth
04-17 00:32:51.781   974   974 I PhoneLab-Locks: wake lock acquired
04-17 00:32:51.789   974   974 I PhoneLab-StatusMonitorBattery: Battery_level: 95
04-17 00:32:51.789   974   974 I PhoneLab-Locks: wake lock released
04-17 00:32:51.789   974   974 I PhoneLab-StatusMonitorSignal: Signal_Strength: -96 asu: 9
04-17 00:32:51.789   974   974 I PhoneLab-Locks: wake lock released
04-17 00:33:27.946   974  1149 I PhoneLab-: Service Running
04-17 00:33:28.008   974  1149 I PhoneLab-LoggerService: app_34    1153  974   1444   1072  c00f1758 400c6794 S logcat
04-17 00:33:28.008   974  1149 I PhoneLab-LoggerService: Logcat pid from database 1153
04-17 00:33:28.008   974  1149 I PhoneLab-LoggerService: Logcat process found 1153
04-17 00:33:28.008   974  1149 I PhoneLab-LoggerService: Checking Threshold
04-17 00:34:52.528   974   974 I PhoneLab-Locks: wake lock acquired
04-17 00:34:52.531   974 27066 I PhoneLab-PeriodicCheckService: User info is synched
04-17 00:34:52.535   974 27066 I PhoneLab-PeriodicCheckService: Logger Service is running
04-17 00:34:52.535   974 27066 I PhoneLab-Locks: wake lock acquired
04-17 00:34:52.539   974   974 I PhoneLab-UploadLogs: Transfering log files now
04-17 00:34:52.539   974   974 I PhoneLab-UploadLogs: No log files to transfer
04-17 00:34:52.539   974   974 I PhoneLab-Locks: wake lock released
04-17 00:34:52.539   974   974 I PhoneLab-UploadLogs: OnStartCommand
04-17 00:34:52.539   974 27066 I PhoneLab-PeriodicCheckService: Rescheduling periodic checking...
04-17 00:34:52.543   974 27066 I PhoneLab-Locks: wake lock released
04-17 00:35:24.203   145   157 D dalvikvm: GC_EXPLICIT freed 829K, 16% free 14848K/17479K, paused 24ms+6ms
04-17 00:35:24.246   764 27068 I Gmail   : MainSyncRequestProto: lowestBkwdConvoId: 0, highestHandledServerOp: 2482270, normalSync: true
04-17 00:35:25.449   764   766 D dalvikvm: GC_CONCURRENT freed 549K, 22% free 10570K/13511K, paused 2ms+6ms
04-17 00:35:26.410   764   766 D dalvikvm: GC_CONCURRENT freed 412K, 22% free 10565K/13511K, paused 2ms+5ms
04-17 00:35:26.524   764 27068 D dalvikvm: GC_EXPLICIT freed 93K, 23% free 10512K/13511K, paused 2ms+4ms
04-17 00:35:26.531   764 27068 I Gmail   : MainSyncRequestProto: lowestBkwdConvoId: 0, highestHandledServerOp: 2482312, normalSync: true
04-17 00:35:26.539   764 27068 W Gmail   : Scheduling index for 300000 ms from now
04-17 00:35:26.563   764 27068 I Gmail   : Sending notification intent: Intent { act=android.intent.action.PROVIDER_CHANGED dat=content://gmail-ls/unread/^i (has extras) }
04-17 00:35:26.594   764 27068 I Gmail   : Sending notification intent: Intent { act=android.intent.action.PROVIDER_CHANGED dat=content://gmail-ls/unread/^iim (has extras) }
04-17 00:35:27.946   974  1149 I PhoneLab-: Service Running
04-17 00:35:27.996   974  1149 I PhoneLab-LoggerService: app_34    1153  974   1444   1072  c00f1758 400c6794 S logcat
04-17 00:35:28.000   974  1149 I PhoneLab-LoggerService: Logcat pid from database 1153
04-17 00:35:28.000   974  1149 I PhoneLab-LoggerService: Logcat process found 1153
04-17 00:35:28.000   974  1149 I PhoneLab-LoggerService: Checking Threshold
04-17 00:36:50.969   764 27076 I Gmail   : MainSyncRequestProto: lowestBkwdConvoId: 0, highestHandledServerOp: 2482312, normalSync: true
04-17 00:36:51.496   764 27076 D dalvikvm: GC_EXPLICIT freed 176K, 23% free 10533K/13511K, paused 2ms+4ms
04-17 00:36:51.504   764 27076 I Gmail   : MainSyncRequestProto: lowestBkwdConvoId: 0, highestHandledServerOp: 2482319, normalSync: true
04-17 00:36:52.297   764   766 D dalvikvm: GC_CONCURRENT freed 405K, 22% free 10632K/13511K, paused 2ms+4ms
04-17 00:36:52.363   764   766 D dalvikvm: GC_CONCURRENT freed 470K, 21% free 10694K/13511K, paused 2ms+6ms
04-17 00:36:52.403   764   766 D dalvikvm: GC_CONCURRENT freed 475K, 21% free 10777K/13511K, paused 2ms+3ms
04-17 00:36:52.453   764   766 D dalvikvm: GC_CONCURRENT freed 548K, 21% free 10805K/13511K, paused 1ms+4ms
04-17 00:36:52.481   764 27076 D dalvikvm: GC_FOR_ALLOC freed 212K, 21% free 10758K/13511K, paused 23ms
04-17 00:36:52.512   764 27076 D dalvikvm: GC_FOR_ALLOC freed 291K, 19% free 11011K/13511K, paused 20ms
04-17 00:36:52.571   764   766 D dalvikvm: GC_CONCURRENT freed 79K, 18% free 11147K/13511K, paused 2ms+6ms
04-17 00:36:52.645   764   766 D dalvikvm: GC_CONCURRENT freed 684K, 18% free 11107K/13511K, paused 2ms+3ms
04-17 00:36:52.707   764   766 D dalvikvm: GC_CONCURRENT freed 633K, 18% free 11118K/13511K, paused 2ms+3ms
04-17 00:36:52.731   764 27076 D dalvikvm: GC_FOR_ALLOC freed 211K, 19% free 11019K/13511K, paused 20ms
04-17 00:36:52.735   764 27076 I dalvikvm-heap: Grow heap (frag case) to 11.768MB for 975574-byte allocation
04-17 00:36:52.762   764 27076 D dalvikvm: GC_FOR_ALLOC freed 499K, 16% free 11473K/13511K, paused 20ms
04-17 00:36:52.813   764   766 D dalvikvm: GC_CONCURRENT freed 593K, 15% free 11616K/13511K, paused 2ms+4ms
04-17 00:36:52.852   764 27076 D dalvikvm: GC_FOR_ALLOC freed 583K, 16% free 11472K/13511K, paused 20ms
04-17 00:36:52.903   764   766 D dalvikvm: GC_CONCURRENT freed 981K, 18% free 11199K/13511K, paused 1ms+4ms
04-17 00:36:53.063   764 27076 D dalvikvm: GC_EXPLICIT freed 97K, 18% free 11186K/13511K, paused 2ms+4ms
04-17 00:36:53.067   764 27076 I Gmail   : MainSyncRequestProto: lowestBkwdConvoId: 0, highestHandledServerOp: 2482319, normalSync: true
04-17 00:36:53.078   764 27076 W Gmail   : Scheduling index for 300000 ms from now
04-17 00:37:27.946   974  1149 I PhoneLab-: Service Running
04-17 00:37:27.992   974  1149 I PhoneLab-LoggerService: app_34    1153  974   1444   1072  c00f1758 400c6794 S logcat
04-17 00:37:27.996   974  1149 I PhoneLab-LoggerService: Logcat pid from database 1153
04-17 00:37:27.996   974  1149 I PhoneLab-LoggerService: Logcat process found 1153
04-17 00:37:27.996   974  1149 I PhoneLab-LoggerService: Checking Threshold
04-17 00:37:39.832   764 27079 I Gmail   : MainSyncRequestProto: lowestBkwdConvoId: 0, highestHandledServerOp: 2482319, normalSync: true
04-17 00:37:40.578   764 27079 D dalvikvm: GC_EXPLICIT freed 875K, 22% free 10555K/13511K, paused 2ms+4ms
04-17 00:37:40.582   764 27079 I Gmail   : MainSyncRequestProto: lowestBkwdConvoId: 0, highestHandledServerOp: 2482337, normalSync: true
04-17 00:37:41.699   764   766 D dalvikvm: GC_CONCURRENT freed 382K, 22% free 10643K/13511K, paused 4ms+3ms
04-17 00:37:41.766   764   766 D dalvikvm: GC_CONCURRENT freed 508K, 21% free 10675K/13511K, paused 2ms+3ms
04-17 00:37:41.821   764   766 D dalvikvm: GC_CONCURRENT freed 402K, 20% free 10815K/13511K, paused 2ms+5ms
04-17 00:37:41.887   764   766 D dalvikvm: GC_CONCURRENT freed 578K, 20% free 10830K/13511K, paused 2ms+6ms
04-17 00:37:41.922   764 27079 D dalvikvm: GC_FOR_ALLOC freed 259K, 21% free 10761K/13511K, paused 19ms
04-17 00:37:41.957   764   766 D dalvikvm: GC_CONCURRENT freed 267K, 19% free 11038K/13511K, paused 1ms+4ms
04-17 00:37:42.028   764   766 D dalvikvm: GC_CONCURRENT freed 568K, 18% free 11114K/13511K, paused 2ms+3ms
04-17 00:37:42.094   764   766 D dalvikvm: GC_CONCURRENT freed 621K, 18% free 11158K/13511K, paused 2ms+3ms
04-17 00:37:42.129   764 27079 D dalvikvm: GC_FOR_ALLOC freed 442K, 19% free 11023K/13511K, paused 20ms
04-17 00:37:42.129   764 27079 I dalvikvm-heap: Grow heap (frag case) to 11.771MB for 975574-byte allocation
04-17 00:37:42.164   764   766 D dalvikvm: GC_CONCURRENT freed 461K, 15% free 11514K/13511K, paused 1ms+3ms
04-17 00:37:42.238   764   766 D dalvikvm: GC_CONCURRENT freed 660K, 14% free 11678K/13511K, paused 2ms+7ms
04-17 00:37:42.274   764 27079 D dalvikvm: GC_FOR_ALLOC freed 553K, 16% free 11476K/13511K, paused 20ms
04-17 00:37:42.340   764   766 D dalvikvm: GC_CONCURRENT freed 987K, 18% free 11189K/13511K, paused 2ms+4ms
04-17 00:37:42.524   764 27079 D dalvikvm: GC_EXPLICIT freed 76K, 18% free 11189K/13511K, paused 2ms+3ms
04-17 00:37:42.531   764 27079 I Gmail   : MainSyncRequestProto: lowestBkwdConvoId: 0, highestHandledServerOp: 2482337, normalSync: true
04-17 00:37:42.539   764 27079 W Gmail   : Scheduling index for 300000 ms from now
04-17 00:37:42.598   764 27081 I Gmail   : MainSyncRequestProto: lowestBkwdConvoId: 0, highestHandledServerOp: 2482337, normalSync: true
04-17 00:37:45.559   764 27081 D dalvikvm: GC_EXPLICIT freed 772K, 22% free 10541K/13511K, paused 3ms+3ms
04-17 00:37:45.563   764 27081 I Gmail   : MainSyncRequestProto: lowestBkwdConvoId: 0, highestHandledServerOp: 2482337, normalSync: true
04-17 00:37:45.574   764 27081 W Gmail   : Scheduling index for 300000 ms from now
04-17 00:37:45.879   764 27083 I Gmail   : MainSyncRequestProto: lowestBkwdConvoId: 0, highestHandledServerOp: 2482337, normalSync: true
04-17 00:37:46.578   764 27083 D dalvikvm: GC_EXPLICIT freed 304K, 22% free 10580K/13511K, paused 2ms+4ms
04-17 00:37:46.582   764 27083 I Gmail   : MainSyncRequestProto: lowestBkwdConvoId: 0, highestHandledServerOp: 2482349, normalSync: true
04-17 00:37:46.590   764 27083 W Gmail   : Scheduling index for 300000 ms from now
04-17 00:37:51.813   974   974 I PhoneLab-Locks: wake lock acquired
04-17 00:37:51.824   974   974 I PhoneLab-StatusMonitor: Status Monitoring is started
04-17 00:37:51.875   974   976 D dalvikvm: GC_CONCURRENT freed 559K, 16% free 9241K/10887K, paused 2ms+5ms
04-17 00:37:51.903   974   974 I PhoneLab-StatusMonitor: Value: 5 - unit: min
04-17 00:37:51.903   974   974 I PhoneLab-StatusMonitor: Running interval: 300000
04-17 00:37:51.906   974   974 I PhoneLab-StatusMonitor: Rescheduling status monitoring...
04-17 00:37:51.906   974   974 I PhoneLab-Locks: wake lock released
04-17 00:37:51.910   974   974 I PhoneLab-StatusMonitorLocation: Learning Location
04-17 00:37:51.910   974   974 I PhoneLab-Locks: wake lock acquired
04-17 00:37:51.914   974   974 I PhoneLab-Locks: wake lock acquired
04-17 00:37:51.926   974   974 I PhoneLab-StatusMonitorLocation: Learning Signal Strgth
04-17 00:37:51.926   974   974 I PhoneLab-Locks: wake lock acquired
04-17 00:37:51.934   974   974 I PhoneLab-StatusMonitorBattery: Battery_level: 94
04-17 00:37:51.934   974   974 I PhoneLab-Locks: wake lock released
04-17 00:37:51.938   974   974 I PhoneLab-StatusMonitorSignal: Signal_Strength: -96 asu: 9
04-17 00:37:51.938   974   974 I PhoneLab-Locks: wake lock released
04-17 00:37:51.942   974   976 D dalvikvm: GC_CONCURRENT freed 444K, 16% free 9191K/10887K, paused 1ms+2ms
04-17 00:39:26.438  1081 27087 V PicasaContentProvider: querySettings: defaults: {sync_on_wifi_only=1, auto_upload_account_type=null, sync_on_battery=1, sync_picasa_on_wifi_only=1, auto_upload_enabled=0, video_upload_wifi_only=1, sync_on_roaming=0, auto_upload_account_name=null}
04-17 00:39:27.946   974  1149 I PhoneLab-: Service Running
04-17 00:39:28.008   974  1149 I PhoneLab-LoggerService: app_34    1153  974   1444   1072  c00f1758 400c6794 S logcat
04-17 00:39:28.008   974  1149 I PhoneLab-LoggerService: Logcat pid from database 1153
04-17 00:39:28.008   974  1149 I PhoneLab-LoggerService: Logcat process found 1153
04-17 00:39:28.008   974  1149 I PhoneLab-LoggerService: Checking Threshold
04-17 00:41:27.946   974  1149 I PhoneLab-: Service Running
04-17 00:41:28.008   974  1149 I PhoneLab-LoggerService: app_34    1153  974   1444   1072  c00f1758 400c6794 S logcat
04-17 00:41:28.008   974  1149 I PhoneLab-LoggerService: Logcat pid from database 1153
04-17 00:41:28.008   974  1149 I PhoneLab-LoggerService: Logcat process found 1153
04-17 00:41:28.008   974  1149 I PhoneLab-LoggerService: Checking Threshold
04-17 00:42:51.926   974   974 I PhoneLab-Locks: wake lock acquired
04-17 00:42:51.942   974   974 I PhoneLab-StatusMonitor: Status Monitoring is started
04-17 00:42:52.000   974   976 D dalvikvm: GC_CONCURRENT freed 433K, 15% free 9270K/10887K, paused 2ms+5ms
04-17 00:42:52.008   974   974 I PhoneLab-StatusMonitor: Value: 5 - unit: min
04-17 00:42:52.008   974   974 I PhoneLab-StatusMonitor: Running interval: 300000
04-17 00:42:52.016   974   974 I PhoneLab-StatusMonitor: Rescheduling status monitoring...
04-17 00:42:52.016   974   974 I PhoneLab-Locks: wake lock released
04-17 00:42:52.016   974   974 I PhoneLab-StatusMonitorLocation: Learning Location
04-17 00:42:52.024   974   974 I PhoneLab-Locks: wake lock acquired
04-17 00:42:52.024   974   974 I PhoneLab-Locks: wake lock acquired
04-17 00:42:52.028   974   974 I PhoneLab-StatusMonitorLocation: Learning Signal Strgth
04-17 00:42:52.028   974   974 I PhoneLab-Locks: wake lock acquired
04-17 00:42:52.031   974   974 I PhoneLab-StatusMonitorBattery: Battery_level: 95
04-17 00:42:52.035   974   974 I PhoneLab-Locks: wake lock released
04-17 00:42:52.035   974   974 I PhoneLab-StatusMonitorSignal: Signal_Strength: -96 asu: 9
04-17 00:42:52.035   974   974 I PhoneLab-Locks: wake lock released
04-17 00:43:27.946   974  1149 I PhoneLab-: Service Running
04-17 00:43:28.008   974  1149 I PhoneLab-LoggerService: app_34    1153  974   1444   1072  c00f1758 400c6794 S logcat
04-17 00:43:28.008   974  1149 I PhoneLab-LoggerService: Logcat pid from database 1153
04-17 00:43:28.008   974  1149 I PhoneLab-LoggerService: Logcat process found 1153
04-17 00:43:28.008   974  1149 I PhoneLab-LoggerService: Checking Threshold
04-17 00:45:27.946   974  1149 I PhoneLab-: Service Running
04-17 00:45:28.000   974  1149 I PhoneLab-LoggerService: app_34    1153  974   1444   1072  c00f1758 400c6794 S logcat
04-17 00:45:28.000   974  1149 I PhoneLab-LoggerService: Logcat pid from database 1153
04-17 00:45:28.000   974  1149 I PhoneLab-LoggerService: Logcat process found 1153
04-17 00:45:28.000   974  1149 I PhoneLab-LoggerService: Checking Threshold
04-17 00:46:26.356   145   147 D dalvikvm: GC_CONCURRENT freed 1292K, 15% free 14913K/17479K, paused 19ms+7ms
04-17 00:46:29.785   215   217 D dalvikvm: GC_CONCURRENT freed 384K, 17% free 9643K/11591K, paused 3ms+3ms
04-17 00:47:27.946   974  1149 I PhoneLab-: Service Running
04-17 00:47:27.992   974  1149 I PhoneLab-LoggerService: app_34    1153  974   1444   1072  c00f1758 400c6794 S logcat
04-17 00:47:27.996   974  1149 I PhoneLab-LoggerService: Logcat pid from database 1153
04-17 00:47:27.996   974  1149 I PhoneLab-LoggerService: Logcat process found 1153
04-17 00:47:27.996   974  1149 I PhoneLab-LoggerService: Checking Threshold
04-17 00:47:52.035   974   974 I PhoneLab-Locks: wake lock acquired
04-17 00:47:52.059   974   974 I PhoneLab-StatusMonitor: Status Monitoring is started
04-17 00:47:52.110   974   976 D dalvikvm: GC_CONCURRENT freed 530K, 16% free 9252K/10887K, paused 1ms+5ms
04-17 00:47:52.129   974   974 I PhoneLab-StatusMonitor: Value: 5 - unit: min
04-17 00:47:52.129   974   974 I PhoneLab-StatusMonitor: Running interval: 300000
04-17 00:47:52.137   974   974 I PhoneLab-StatusMonitor: Rescheduling status monitoring...
04-17 00:47:52.137   974   974 I PhoneLab-Locks: wake lock released
04-17 00:47:52.141   974   974 I PhoneLab-StatusMonitorLocation: Learning Location
04-17 00:47:52.141   974   974 I PhoneLab-Locks: wake lock acquired
04-17 00:47:52.141   974   974 I PhoneLab-Locks: wake lock acquired
04-17 00:47:52.145   974   974 I PhoneLab-StatusMonitorLocation: Learning Signal Strgth
04-17 00:47:52.145   974   974 I PhoneLab-Locks: wake lock acquired
04-17 00:47:52.149   974   974 I PhoneLab-StatusMonitorBattery: Battery_level: 95
04-17 00:47:52.149   974   974 I PhoneLab-Locks: wake lock released
04-17 00:47:52.153   974   974 I PhoneLab-StatusMonitorSignal: Signal_Strength: -96 asu: 9
04-17 00:47:52.153   974   974 I PhoneLab-Locks: wake lock released
04-17 00:49:27.946   974  1149 I PhoneLab-: Service Running
04-17 00:49:27.992   974  1149 I PhoneLab-LoggerService: app_34    1153  974   1444   1072  c00f1758 400c6794 S logcat
04-17 00:49:27.996   974  1149 I PhoneLab-LoggerService: Logcat pid from database 1153
04-17 00:49:27.996   974  1149 I PhoneLab-LoggerService: Logcat process found 1153
04-17 00:49:27.996   974  1149 I PhoneLab-LoggerService: Checking Threshold
04-17 00:51:27.946   974  1149 I PhoneLab-: Service Running
04-17 00:51:28.008   974  1149 I PhoneLab-LoggerService: app_34    1153  974   1444   1072  c00f1758 400c6794 S logcat
04-17 00:51:28.008   974  1149 I PhoneLab-LoggerService: Logcat pid from database 1153
04-17 00:51:28.008   974  1149 I PhoneLab-LoggerService: Logcat process found 1153
04-17 00:51:28.008   974  1149 I PhoneLab-LoggerService: Checking Threshold
04-17 00:51:28.028   974   976 D dalvikvm: GC_CONCURRENT freed 449K, 16% free 9187K/10887K, paused 2ms+2ms
04-17 00:52:52.156   974   974 I PhoneLab-Locks: wake lock acquired
04-17 00:52:52.176   974   974 I PhoneLab-StatusMonitor: Status Monitoring is started
04-17 00:52:52.219   974   974 I PhoneLab-StatusMonitor: Value: 5 - unit: min
04-17 00:52:52.223   974   974 I PhoneLab-StatusMonitor: Running interval: 300000
04-17 00:52:52.231   974   974 I PhoneLab-StatusMonitor: Rescheduling status monitoring...
04-17 00:52:52.231   974   974 I PhoneLab-Locks: wake lock released
04-17 00:52:52.235   974   974 I PhoneLab-StatusMonitorLocation: Learning Location
04-17 00:52:52.235   974   974 I PhoneLab-Locks: wake lock acquired
04-17 00:52:52.235   974   976 D dalvikvm: GC_CONCURRENT freed 430K, 15% free 9275K/10887K, paused 1ms+2ms
04-17 00:52:52.238   974   974 I PhoneLab-Locks: wake lock acquired
04-17 00:52:52.242   974   974 I PhoneLab-StatusMonitorLocation: Learning Signal Strgth
04-17 00:52:52.242   974   974 I PhoneLab-Locks: wake lock acquired
04-17 00:52:52.250   974   974 I PhoneLab-StatusMonitorBattery: Battery_level: 95
04-17 00:52:52.250   974   974 I PhoneLab-Locks: wake lock released
04-17 00:52:52.254   974   974 I PhoneLab-StatusMonitorSignal: Signal_Strength: -96 asu: 9
04-17 00:52:52.254   974   974 I PhoneLab-Locks: wake lock released
04-17 00:53:27.946   974  1149 I PhoneLab-: Service Running
04-17 00:53:27.996   974  1149 I PhoneLab-LoggerService: app_34    1153  974   1444   1072  c00f1758 400c6794 S logcat
04-17 00:53:28.000   974  1149 I PhoneLab-LoggerService: Logcat pid from database 1153
04-17 00:53:28.000   974  1149 I PhoneLab-LoggerService: Logcat process found 1153
04-17 00:53:28.000   974  1149 I PhoneLab-LoggerService: Checking Threshold
04-17 00:54:26.676   764 27149 W Gmail   : Successful index run, cancel next scheduled index run
04-17 00:55:27.946   974  1149 I PhoneLab-: Service Running
04-17 00:55:27.996   974  1149 I PhoneLab-LoggerService: app_34    1153  974   1444   1072  c00f1758 400c6794 S logcat
04-17 00:55:27.996   974  1149 I PhoneLab-LoggerService: Logcat pid from database 1153
04-17 00:55:28.000   974  1149 I PhoneLab-LoggerService: Logcat process found 1153
04-17 00:55:28.000   974  1149 I PhoneLab-LoggerService: Checking Threshold
04-17 00:57:27.946   974  1149 I PhoneLab-: Service Running
04-17 00:57:28.004   974  1149 I PhoneLab-LoggerService: app_34    1153  974   1444   1072  c00f1758 400c6794 S logcat
04-17 00:57:28.004   974  1149 I PhoneLab-LoggerService: Logcat pid from database 1153
04-17 00:57:28.004   974  1149 I PhoneLab-LoggerService: Logcat process found 1153
04-17 00:57:28.004   974  1149 I PhoneLab-LoggerService: Checking Threshold
04-17 00:57:52.254   974   974 I PhoneLab-Locks: wake lock acquired
04-17 00:57:52.262   974   974 I PhoneLab-StatusMonitor: Status Monitoring is started
04-17 00:57:52.332   974   976 D dalvikvm: GC_CONCURRENT freed 497K, 15% free 9286K/10887K, paused 2ms+4ms
04-17 00:57:52.360   974   974 I PhoneLab-StatusMonitor: Value: 5 - unit: min
04-17 00:57:52.360   974   974 I PhoneLab-StatusMonitor: Running interval: 300000
04-17 00:57:52.363   974   974 I PhoneLab-StatusMonitor: Rescheduling status monitoring...
04-17 00:57:52.367   974   974 I PhoneLab-Locks: wake lock released
04-17 00:57:52.367   974   974 I PhoneLab-StatusMonitorLocation: Learning Location
04-17 00:57:52.367   974   974 I PhoneLab-Locks: wake lock acquired
04-17 00:57:52.371   974   974 I PhoneLab-Locks: wake lock acquired
04-17 00:57:52.375   974   974 I PhoneLab-StatusMonitorLocation: Learning Signal Strgth
04-17 00:57:52.375   974   974 I PhoneLab-Locks: wake lock acquired
04-17 00:57:52.379   974   974 I PhoneLab-StatusMonitorBattery: Battery_level: 95
04-17 00:57:52.379   974   974 I PhoneLab-Locks: wake lock released
04-17 00:57:52.379   974   974 I PhoneLab-StatusMonitorSignal: Signal_Strength: -96 asu: 9
04-17 00:57:52.379   974   974 I PhoneLab-Locks: wake lock released
04-17 00:58:05.992   145   161 V BackupManagerService: Running a backup pass
04-17 00:58:05.996   145   214 V BackupManagerService: Backup requested but nothing pending
04-17 00:59:27.946   974  1149 I PhoneLab-: Service Running
04-17 00:59:28.008   974  1149 I PhoneLab-LoggerService: app_34    1153  974   1444   1072  c00f1758 400c6794 S logcat
04-17 00:59:28.008   974  1149 I PhoneLab-LoggerService: Logcat pid from database 1153
04-17 00:59:28.008   974  1149 I PhoneLab-LoggerService: Logcat process found 1153
04-17 00:59:28.008   974  1149 I PhoneLab-LoggerService: Checking Threshold
04-17 01:00:49.266   270  1041 I EventLogService: Aggregate from 1334637049176 (log), 1334637049176 (data)
04-17 01:01:27.946   974  1149 I PhoneLab-: Service Running
04-17 01:01:27.996   974  1149 I PhoneLab-LoggerService: app_34    1153  974   1444   1072  c00f1758 400c6794 S logcat
04-17 01:01:27.996   974  1149 I PhoneLab-LoggerService: Logcat pid from database 1153
04-17 01:01:28.000   974  1149 I PhoneLab-LoggerService: Logcat process found 1153
04-17 01:01:28.000   974  1149 I PhoneLab-LoggerService: Checking Threshold
04-17 01:02:52.387   974   974 I PhoneLab-Locks: wake lock acquired
04-17 01:02:52.410   974   974 I PhoneLab-StatusMonitor: Status Monitoring is started
04-17 01:02:52.461   974   976 D dalvikvm: GC_CONCURRENT freed 543K, 15% free 9255K/10887K, paused 1ms+5ms
04-17 01:02:52.481   974   974 I PhoneLab-StatusMonitor: Value: 5 - unit: min
04-17 01:02:52.481   974   974 I PhoneLab-StatusMonitor: Running interval: 300000
04-17 01:02:52.485   974   974 I PhoneLab-StatusMonitor: Rescheduling status monitoring...
04-17 01:02:52.488   974   974 I PhoneLab-Locks: wake lock released
04-17 01:02:52.488   974   974 I PhoneLab-StatusMonitorLocation: Learning Location
04-17 01:02:52.488   974   974 I PhoneLab-Locks: wake lock acquired
04-17 01:02:52.492   974   974 I PhoneLab-Locks: wake lock acquired
04-17 01:02:52.492   974   974 I PhoneLab-StatusMonitorLocation: Learning Signal Strgth
04-17 01:02:52.492   974   974 I PhoneLab-Locks: wake lock acquired
04-17 01:02:52.500   974   974 I PhoneLab-StatusMonitorBattery: Battery_level: 95
04-17 01:02:52.500   974   974 I PhoneLab-Locks: wake lock released
04-17 01:02:52.500   974   974 I PhoneLab-StatusMonitorSignal: Signal_Strength: -96 asu: 9
04-17 01:02:52.500   974   974 I PhoneLab-Locks: wake lock released
04-17 01:03:27.946   974  1149 I PhoneLab-: Service Running
04-17 01:03:28.008   974  1149 I PhoneLab-LoggerService: app_34    1153  974   1444   1072  c00f1758 400c6794 S logcat
04-17 01:03:28.008   974  1149 I PhoneLab-LoggerService: Logcat pid from database 1153
04-17 01:03:28.008   974  1149 I PhoneLab-LoggerService: Logcat process found 1153
04-17 01:03:28.008   974  1149 I PhoneLab-LoggerService: Checking Threshold
04-17 01:04:52.563   974   974 I PhoneLab-Locks: wake lock acquired
04-17 01:04:52.586   974 27183 I PhoneLab-PeriodicCheckService: User info is synched
04-17 01:04:52.590   974 27183 I PhoneLab-PeriodicCheckService: Logger Service is running
04-17 01:04:52.590   974 27183 I PhoneLab-Locks: wake lock acquired
04-17 01:04:52.594   974   974 I PhoneLab-UploadLogs: Transfering log files now
04-17 01:04:52.594   974   974 I PhoneLab-UploadLogs: No log files to transfer
04-17 01:04:52.594   974   974 I PhoneLab-Locks: wake lock released
04-17 01:04:52.594   974   974 I PhoneLab-UploadLogs: OnStartCommand
04-17 01:04:52.594   974 27183 I PhoneLab-PeriodicCheckService: Rescheduling periodic checking...
04-17 01:04:52.594   974 27183 I PhoneLab-Locks: wake lock released
04-17 01:05:27.946   974  1149 I PhoneLab-: Service Running
04-17 01:05:28.020   974   976 D dalvikvm: GC_CONCURRENT freed 426K, 16% free 9235K/10887K, paused 2ms+3ms
04-17 01:05:28.024   974  1149 I PhoneLab-LoggerService: app_34    1153  974   1444   1072  c00f1758 400c6794 S logcat
04-17 01:05:28.024   974  1149 I PhoneLab-LoggerService: Logcat pid from database 1153
04-17 01:05:28.024   974  1149 I PhoneLab-LoggerService: Logcat process found 1153
04-17 01:05:28.024   974  1149 I PhoneLab-LoggerService: Checking Threshold
04-17 01:07:27.946   974  1149 I PhoneLab-: Service Running
04-17 01:07:28.008   974  1149 I PhoneLab-LoggerService: app_34    1153  974   1444   1072  c00f1758 400c6794 S logcat
04-17 01:07:28.008   974  1149 I PhoneLab-LoggerService: Logcat pid from database 1153
04-17 01:07:28.008   974  1149 I PhoneLab-LoggerService: Logcat process found 1153
04-17 01:07:28.008   974  1149 I PhoneLab-LoggerService: Checking Threshold
04-17 01:07:52.512   974   974 I PhoneLab-Locks: wake lock acquired
04-17 01:07:52.528   974   974 I PhoneLab-StatusMonitor: Status Monitoring is started
04-17 01:07:52.602   974   976 D dalvikvm: GC_CONCURRENT freed 421K, 15% free 9312K/10887K, paused 2ms+5ms
04-17 01:07:52.613   974   974 I PhoneLab-StatusMonitor: Value: 5 - unit: min
04-17 01:07:52.613   974   974 I PhoneLab-StatusMonitor: Running interval: 300000
04-17 01:07:52.629   974   974 I PhoneLab-StatusMonitor: Rescheduling status monitoring...
04-17 01:07:52.629   974   974 I PhoneLab-Locks: wake lock released
04-17 01:07:52.633   974   974 I PhoneLab-StatusMonitorLocation: Learning Location
04-17 01:07:52.633   974   974 I PhoneLab-Locks: wake lock acquired
04-17 01:07:52.633   974   974 I PhoneLab-Locks: wake lock acquired
04-17 01:07:52.637   974   974 I PhoneLab-StatusMonitorLocation: Learning Signal Strgth
04-17 01:07:52.637   974   974 I PhoneLab-Locks: wake lock acquired
04-17 01:07:52.641   974   974 I PhoneLab-StatusMonitorBattery: Battery_level: 95
04-17 01:07:52.641   974   974 I PhoneLab-Locks: wake lock released
04-17 01:07:52.645   974   974 I PhoneLab-StatusMonitorSignal: Signal_Strength: -96 asu: 9
04-17 01:07:52.645   974   974 I PhoneLab-Locks: wake lock released
04-17 01:09:00.153   145   147 D dalvikvm: GC_CONCURRENT freed 1351K, 15% free 14914K/17479K, paused 3ms+6ms
04-17 01:09:27.946   974  1149 I PhoneLab-: Service Running
04-17 01:09:28.000   974  1149 I PhoneLab-LoggerService: app_34    1153  974   1444   1072  c00f1758 400c6794 S logcat
04-17 01:09:28.000   974  1149 I PhoneLab-LoggerService: Logcat pid from database 1153
04-17 01:09:28.000   974  1149 I PhoneLab-LoggerService: Logcat process found 1153
04-17 01:09:28.000   974  1149 I PhoneLab-LoggerService: Checking Threshold
04-17 01:11:27.946   974  1149 I PhoneLab-: Service Running
04-17 01:11:27.996   974  1149 I PhoneLab-LoggerService: app_34    1153  974   1444   1072  c00f1758 400c6794 S logcat
04-17 01:11:27.996   974  1149 I PhoneLab-LoggerService: Logcat pid from database 1153
04-17 01:11:28.000   974  1149 I PhoneLab-LoggerService: Logcat process found 1153
04-17 01:11:28.000   974  1149 I PhoneLab-LoggerService: Checking Threshold
04-17 01:12:52.649   974   974 I PhoneLab-Locks: wake lock acquired
04-17 01:12:52.668   974   974 I PhoneLab-StatusMonitor: Status Monitoring is started
04-17 01:12:52.711   974   976 D dalvikvm: GC_CONCURRENT freed 558K, 15% free 9266K/10887K, paused 1ms+2ms
04-17 01:12:52.731   974   974 I PhoneLab-StatusMonitor: Value: 5 - unit: min
04-17 01:12:52.731   974   974 I PhoneLab-StatusMonitor: Running interval: 300000
04-17 01:12:52.738   974   974 I PhoneLab-StatusMonitor: Rescheduling status monitoring...
04-17 01:12:52.738   974   974 I PhoneLab-Locks: wake lock released
04-17 01:12:52.738   974   974 I PhoneLab-StatusMonitorLocation: Learning Location
04-17 01:12:52.738   974   974 I PhoneLab-Locks: wake lock acquired
04-17 01:12:52.742   974   974 I PhoneLab-Locks: wake lock acquired
04-17 01:12:52.746   974   974 I PhoneLab-StatusMonitorLocation: Learning Signal Strgth
04-17 01:12:52.746   974   974 I PhoneLab-Locks: wake lock acquired
04-17 01:12:52.750   974   974 I PhoneLab-StatusMonitorBattery: Battery_level: 94
04-17 01:12:52.750   974   974 I PhoneLab-Locks: wake lock released
04-17 01:12:52.750   974   974 I PhoneLab-StatusMonitorSignal: Signal_Strength: -96 asu: 9
04-17 01:12:52.750   974   974 I PhoneLab-Locks: wake lock released
04-17 01:13:27.946   974  1149 I PhoneLab-: Service Running
04-17 01:13:28.008   974  1149 I PhoneLab-LoggerService: app_34    1153  974   1444   1072  c00f1758 400c6794 S logcat
04-17 01:13:28.008   974  1149 I PhoneLab-LoggerService: Logcat pid from database 1153
04-17 01:13:28.008   974  1149 I PhoneLab-LoggerService: Logcat process found 1153
04-17 01:13:28.008   974  1149 I PhoneLab-LoggerService: Checking Threshold
04-17 01:15:27.946   974  1149 I PhoneLab-: Service Running
04-17 01:15:27.996   974  1149 I PhoneLab-LoggerService: app_34    1153  974   1444   1072  c00f1758 400c6794 S logcat
04-17 01:15:28.000   974  1149 I PhoneLab-LoggerService: Logcat pid from database 1153
04-17 01:15:28.000   974  1149 I PhoneLab-LoggerService: Logcat process found 1153
04-17 01:15:28.000   974  1149 I PhoneLab-LoggerService: Checking Threshold
04-17 01:17:27.946   974  1149 I PhoneLab-: Service Running
04-17 01:17:28.008   974  1149 I PhoneLab-LoggerService: app_34    1153  974   1444   1072  c00f1758 400c6794 S logcat
04-17 01:17:28.008   974  1149 I PhoneLab-LoggerService: Logcat pid from database 1153
04-17 01:17:28.008   974  1149 I PhoneLab-LoggerService: Logcat process found 1153
04-17 01:17:28.008   974  1149 I PhoneLab-LoggerService: Checking Threshold
04-17 01:17:52.758   974   974 I PhoneLab-Locks: wake lock acquired
04-17 01:17:52.781   974   974 I PhoneLab-StatusMonitor: Status Monitoring is started
04-17 01:17:52.828   974   976 D dalvikvm: GC_CONCURRENT freed 536K, 16% free 9239K/10887K, paused 2ms+4ms
04-17 01:17:52.856   974   974 I PhoneLab-StatusMonitor: Value: 5 - unit: min
04-17 01:17:52.856   974   974 I PhoneLab-StatusMonitor: Running interval: 300000
04-17 01:17:52.867   974   974 I PhoneLab-StatusMonitor: Rescheduling status monitoring...
04-17 01:17:52.883   974 22243 D dalvikvm: GC_EXPLICIT freed 373K, 16% free 9228K/10887K, paused 2ms+2ms
04-17 01:17:52.887   974   974 I PhoneLab-Locks: wake lock released
04-17 01:17:52.887   974   974 I PhoneLab-StatusMonitorLocation: Learning Location
04-17 01:17:52.887   974   974 I PhoneLab-Locks: wake lock acquired
04-17 01:17:52.895   974   974 I PhoneLab-Locks: wake lock acquired
04-17 01:17:52.899   974   974 I PhoneLab-StatusMonitorLocation: Learning Signal Strgth
04-17 01:17:52.899   974   974 I PhoneLab-Locks: wake lock acquired
04-17 01:17:52.903   974   974 I PhoneLab-StatusMonitorBattery: Battery_level: 95
04-17 01:17:52.903   974   974 I PhoneLab-Locks: wake lock released
04-17 01:17:52.903   974   974 I PhoneLab-StatusMonitorSignal: Signal_Strength: -96 asu: 9
04-17 01:17:52.903   974   974 I PhoneLab-Locks: wake lock released
04-17 01:17:52.934   270   272 D dalvikvm: GC_CONCURRENT freed 424K, 8% free 10478K/11335K, paused 2ms+3ms
04-17 01:19:23.387   291   291 I wpa_supplicant: wlan0: CTRL-EVENT-EAP-STARTED EAP authentication started
04-17 01:19:23.699   291   291 I wpa_supplicant: wlan0: CTRL-EVENT-EAP-PROPOSED-METHOD vendor=0 method=4 -> NAK
04-17 01:19:24.328   291   291 I wpa_supplicant: wlan0: CTRL-EVENT-EAP-PROPOSED-METHOD vendor=0 method=25
04-17 01:19:24.328   291   291 I wpa_supplicant: wlan0: CTRL-EVENT-EAP-METHOD EAP vendor 0 method 25 (PEAP) selected
04-17 01:19:25.918   291   291 I wpa_supplicant: wlan0: CTRL-EVENT-EAP-PEER-CERT depth=2 subject='/C=US/O=Entrust.net/OU=www.entrust.net/CPS incorp. by ref. (limits liab.)/OU=(c) 1999 Entrust.net Limited/CN=Entrust.net Secure Server Certification Authority'
04-17 01:19:25.918   291   291 I wpa_supplicant: wlan0: CTRL-EVENT-EAP-PEER-CERT depth=2 subject='/C=US/O=Entrust.net/OU=www.entrust.net/CPS incorp. by ref. (limits liab.)/OU=(c) 1999 Entrust.net Limited/CN=Entrust.net Secure Server Certification Authority'
04-17 01:19:25.926   291   291 I wpa_supplicant: wlan0: CTRL-EVENT-EAP-PEER-CERT depth=1 subject='/C=US/ST=UT/L=Salt Lake City/O=The USERTRUST Network/CN=USERTrust Legacy Secure Server CA'
04-17 01:19:25.942   291   291 I wpa_supplicant: wlan0: CTRL-EVENT-EAP-PEER-CERT depth=0 subject='/C=US/postalCode=14260/ST=New York/L=Buffalo/street=305 Computing Center/O=SUNY AT BUFFALO/OU=Issued through UNIVERSITY AT BUFFALO E-PKI Manager/OU=Comodo PremiumSSL Legacy/CN=radius1.cit.buffalo.edu'
04-17 01:19:27.149   291   291 I wpa_supplicant: EAP-MSCHAPV2: Authentication succeeded
04-17 01:19:27.461   291   291 I wpa_supplicant: EAP-TLV: TLV Result - Success - EAP-TLV/Phase2 Completed
04-17 01:19:27.774   291   291 I wpa_supplicant: wlan0: CTRL-EVENT-EAP-SUCCESS EAP authentication completed successfully
04-17 01:19:27.946   974  1149 I PhoneLab-: Service Running
04-17 01:19:28.012   974  1149 I PhoneLab-LoggerService: app_34    1153  974   1444   1072  c00f1758 400c6794 S logcat
04-17 01:19:28.012   974  1149 I PhoneLab-LoggerService: Logcat pid from database 1153
04-17 01:19:28.012   974  1149 I PhoneLab-LoggerService: Logcat process found 1153
04-17 01:19:28.012   974  1149 I PhoneLab-LoggerService: Checking Threshold
04-17 01:19:28.110   291   291 I wpa_supplicant: wlan0: WPA: Key negotiation completed with d0:c2:82:66:6b:f1 [PTK=CCMP GTK=TKIP]
04-17 01:21:27.942   974  1149 I PhoneLab-: Service Running
04-17 01:21:27.996   974  1149 I PhoneLab-LoggerService: app_34    1153  974   1444   1072  c00f1758 400c6794 S logcat
04-17 01:21:27.996   974  1149 I PhoneLab-LoggerService: Logcat pid from database 1153
04-17 01:21:28.000   974  1149 I PhoneLab-LoggerService: Logcat process found 1153
04-17 01:21:28.000   974  1149 I PhoneLab-LoggerService: Checking Threshold
04-17 01:22:52.906   974   974 I PhoneLab-Locks: wake lock acquired
04-17 01:22:52.914   974   974 I PhoneLab-StatusMonitor: Status Monitoring is started
04-17 01:22:52.969   974   976 D dalvikvm: GC_CONCURRENT freed 472K, 15% free 9264K/10887K, paused 2ms+5ms
04-17 01:22:52.985   974   974 I PhoneLab-StatusMonitor: Value: 5 - unit: min
04-17 01:22:52.985   974   974 I PhoneLab-StatusMonitor: Running interval: 300000
04-17 01:22:52.992   974   974 I PhoneLab-StatusMonitor: Rescheduling status monitoring...
04-17 01:22:52.992   974   974 I PhoneLab-Locks: wake lock released
04-17 01:22:52.996   974   974 I PhoneLab-StatusMonitorLocation: Learning Location
04-17 01:22:52.996   974   974 I PhoneLab-Locks: wake lock acquired
04-17 01:22:53.071   145   145 D dalvikvm: GC_EXPLICIT freed 854K, 15% free 14869K/17479K, paused 2ms+6ms
04-17 01:22:53.071   974   974 I PhoneLab-Locks: wake lock acquired
04-17 01:22:53.074   974   974 I PhoneLab-StatusMonitorLocation: Learning Signal Strgth
04-17 01:22:53.074   974   974 I PhoneLab-Locks: wake lock acquired
04-17 01:22:53.078   974   974 I PhoneLab-StatusMonitorBattery: Battery_level: 95
04-17 01:22:53.078   974   974 I PhoneLab-Locks: wake lock released
04-17 01:22:53.082   974   974 I PhoneLab-StatusMonitorSignal: Signal_Strength: -96 asu: 9
04-17 01:22:53.082   974   974 I PhoneLab-Locks: wake lock released
04-17 01:23:27.946   974  1149 I PhoneLab-: Service Running
04-17 01:23:27.996   974  1149 I PhoneLab-LoggerService: app_34    1153  974   1444   1072  c00f1758 400c6794 S logcat
04-17 01:23:27.996   974  1149 I PhoneLab-LoggerService: Logcat pid from database 1153
04-17 01:23:27.996   974  1149 I PhoneLab-LoggerService: Logcat process found 1153
04-17 01:23:27.996   974  1149 I PhoneLab-LoggerService: Checking Threshold
04-17 01:24:41.664   291   291 I wpa_supplicant: wlan0: WPA: Group rekeying completed with d0:c2:82:66:6b:f1 [GTK=TKIP]
04-17 01:25:27.946   974  1149 I PhoneLab-: Service Running
04-17 01:25:27.992   974  1149 I PhoneLab-LoggerService: app_34    1153  974   1444   1072  c00f1758 400c6794 S logcat
04-17 01:25:27.996   974  1149 I PhoneLab-LoggerService: Logcat pid from database 1153
04-17 01:25:27.996   974  1149 I PhoneLab-LoggerService: Logcat process found 1153
04-17 01:25:27.996   974  1149 I PhoneLab-LoggerService: Checking Threshold
04-17 01:27:27.946   974  1149 I PhoneLab-: Service Running
04-17 01:27:27.996   974  1149 I PhoneLab-LoggerService: app_34    1153  974   1444   1072  c00f1758 400c6794 S logcat
04-17 01:27:27.996   974  1149 I PhoneLab-LoggerService: Logcat pid from database 1153
04-17 01:27:28.000   974  1149 I PhoneLab-LoggerService: Logcat process found 1153
04-17 01:27:28.000   974  1149 I PhoneLab-LoggerService: Checking Threshold
04-17 01:27:53.012   974   974 I PhoneLab-Locks: wake lock acquired
04-17 01:27:53.039   974   974 I PhoneLab-StatusMonitor: Status Monitoring is started
04-17 01:27:53.090   974   976 D dalvikvm: GC_CONCURRENT freed 521K, 15% free 9255K/10887K, paused 2ms+5ms
04-17 01:27:53.113   974   974 I PhoneLab-StatusMonitor: Value: 5 - unit: min
04-17 01:27:53.113   974   974 I PhoneLab-StatusMonitor: Running interval: 300000
04-17 01:27:53.121   974   974 I PhoneLab-StatusMonitor: Rescheduling status monitoring...
04-17 01:27:53.121   974   974 I PhoneLab-Locks: wake lock released
04-17 01:27:53.121   974   974 I PhoneLab-StatusMonitorLocation: Learning Location
04-17 01:27:53.121   974   974 I PhoneLab-Locks: wake lock acquired
04-17 01:27:53.125   974   974 I PhoneLab-Locks: wake lock acquired
04-17 01:27:53.129   974   974 I PhoneLab-StatusMonitorLocation: Learning Signal Strgth
04-17 01:27:53.129   974   974 I PhoneLab-Locks: wake lock acquired
04-17 01:27:53.133   974   974 I PhoneLab-StatusMonitorBattery: Battery_level: 95
04-17 01:27:53.133   974   974 I PhoneLab-Locks: wake lock released
04-17 01:27:53.137   974   974 I PhoneLab-StatusMonitorSignal: Signal_Strength: -96 asu: 9
04-17 01:27:53.137   974   974 I PhoneLab-Locks: wake lock released
04-17 01:29:27.946   974  1149 I PhoneLab-: Service Running
04-17 01:29:28.004   974  1149 I PhoneLab-LoggerService: app_34    1153  974   1444   1072  c00f1758 400c6794 S logcat
04-17 01:29:28.004   974  1149 I PhoneLab-LoggerService: Logcat pid from database 1153
04-17 01:29:28.004   974  1149 I PhoneLab-LoggerService: Logcat process found 1153
04-17 01:29:28.004   974  1149 I PhoneLab-LoggerService: Checking Threshold
04-17 01:30:13.469  1058  1060 D dalvikvm: GC_CONCURRENT freed 370K, 13% free 10532K/12039K, paused 13ms+8ms
04-17 01:30:49.379   270   631 I EventLogService: Aggregate from 1334638849271 (log), 1334638849271 (data)
04-17 01:31:27.946   974  1149 I PhoneLab-: Service Running
04-17 01:31:28.008   974  1149 I PhoneLab-LoggerService: app_34    1153  974   1444   1072  c00f1758 400c6794 S logcat
04-17 01:31:28.008   974  1149 I PhoneLab-LoggerService: Logcat pid from database 1153
04-17 01:31:28.008   974  1149 I PhoneLab-LoggerService: Logcat process found 1153
04-17 01:31:28.008   974  1149 I PhoneLab-LoggerService: Checking Threshold
04-17 01:31:28.016   974   976 D dalvikvm: GC_CONCURRENT freed 446K, 16% free 9216K/10887K, paused 2ms+2ms
04-17 01:32:53.145   974   974 I PhoneLab-Locks: wake lock acquired
04-17 01:32:53.149   974   974 I PhoneLab-StatusMonitor: Status Monitoring is started
04-17 01:32:53.192   974   974 I PhoneLab-StatusMonitor: Value: 5 - unit: min
04-17 01:32:53.199   974   974 I PhoneLab-StatusMonitor: Running interval: 300000
04-17 01:32:53.207   974   976 D dalvikvm: GC_CONCURRENT freed 453K, 15% free 9274K/10887K, paused 1ms+2ms
04-17 01:32:53.207   974   974 I PhoneLab-StatusMonitor: Rescheduling status monitoring...
04-17 01:32:53.211   974   974 I PhoneLab-Locks: wake lock released
04-17 01:32:53.211   974   974 I PhoneLab-StatusMonitorLocation: Learning Location
04-17 01:32:53.211   974   974 I PhoneLab-Locks: wake lock acquired
04-17 01:32:53.215   974   974 I PhoneLab-Locks: wake lock acquired
04-17 01:32:53.219   974   974 I PhoneLab-StatusMonitorLocation: Learning Signal Strgth
04-17 01:32:53.219   974   974 I PhoneLab-Locks: wake lock acquired
04-17 01:32:53.231   974   974 I PhoneLab-StatusMonitorBattery: Battery_level: 95
04-17 01:32:53.231   974   974 I PhoneLab-Locks: wake lock released
04-17 01:32:53.231   974   974 I PhoneLab-StatusMonitorSignal: Signal_Strength: -86 asu: 14
04-17 01:32:53.231   974   974 I PhoneLab-Locks: wake lock released
04-17 01:33:27.946   974  1149 I PhoneLab-: Service Running
04-17 01:33:27.996   974  1149 I PhoneLab-LoggerService: app_34    1153  974   1444   1072  c00f1758 400c6794 S logcat
04-17 01:33:27.996   974  1149 I PhoneLab-LoggerService: Logcat pid from database 1153
04-17 01:33:28.000   974  1149 I PhoneLab-LoggerService: Logcat process found 1153
04-17 01:33:28.000   974  1149 I PhoneLab-LoggerService: Checking Threshold
04-17 01:33:50.301   215   217 D dalvikvm: GC_CONCURRENT freed 386K, 17% free 9642K/11591K, paused 2ms+2ms
04-17 01:34:52.633   974   974 I PhoneLab-Locks: wake lock acquired
04-17 01:34:52.637   974 27287 I PhoneLab-PeriodicCheckService: User info is synched
04-17 01:34:52.641   974 27287 I PhoneLab-PeriodicCheckService: Logger Service is running
04-17 01:34:52.641   974 27287 I PhoneLab-Locks: wake lock acquired
04-17 01:34:52.641   974   974 I PhoneLab-UploadLogs: Transfering log files now
04-17 01:34:52.645   974   974 I PhoneLab-UploadLogs: No log files to transfer
04-17 01:34:52.645   974   974 I PhoneLab-Locks: wake lock released
04-17 01:34:52.645   974   974 I PhoneLab-UploadLogs: OnStartCommand
04-17 01:34:52.645   974 27287 I PhoneLab-PeriodicCheckService: Rescheduling periodic checking...
04-17 01:34:52.645   974 27287 I PhoneLab-Locks: wake lock released
04-17 01:35:27.946   974  1149 I PhoneLab-: Service Running
04-17 01:35:28.008   974  1149 I PhoneLab-LoggerService: app_34    1153  974   1444   1072  c00f1758 400c6794 S logcat
04-17 01:35:28.008   974  1149 I PhoneLab-LoggerService: Logcat pid from database 1153
04-17 01:35:28.008   974  1149 I PhoneLab-LoggerService: Logcat process found 1153
04-17 01:35:28.008   974  1149 I PhoneLab-LoggerService: Checking Threshold
04-17 01:37:27.946   974  1149 I PhoneLab-: Service Running
04-17 01:37:27.996   974  1149 I PhoneLab-LoggerService: app_34    1153  974   1444   1072  c00f1758 400c6794 S logcat
04-17 01:37:28.000   974  1149 I PhoneLab-LoggerService: Logcat pid from database 1153
04-17 01:37:28.000   974  1149 I PhoneLab-LoggerService: Logcat process found 1153
04-17 01:37:28.000   974  1149 I PhoneLab-LoggerService: Checking Threshold
04-17 01:37:53.231   974   974 I PhoneLab-Locks: wake lock acquired
04-17 01:37:53.239   974   974 I PhoneLab-StatusMonitor: Status Monitoring is started
04-17 01:37:53.281   974   976 D dalvikvm: GC_CONCURRENT freed 518K, 15% free 9268K/10887K, paused 2ms+2ms
04-17 01:37:53.293   974   974 I PhoneLab-StatusMonitor: Value: 5 - unit: min
04-17 01:37:53.293   974   974 I PhoneLab-StatusMonitor: Running interval: 300000
04-17 01:37:53.305   974   974 I PhoneLab-StatusMonitor: Rescheduling status monitoring...
04-17 01:37:53.305   974   974 I PhoneLab-Locks: wake lock released
04-17 01:37:53.309   974   974 I PhoneLab-StatusMonitorLocation: Learning Location
04-17 01:37:53.309   974   974 I PhoneLab-Locks: wake lock acquired
04-17 01:37:53.309   974   974 I PhoneLab-Locks: wake lock acquired
04-17 01:37:53.313   974   974 I PhoneLab-StatusMonitorLocation: Learning Signal Strgth
04-17 01:37:53.313   974   974 I PhoneLab-Locks: wake lock acquired
04-17 01:37:53.317   974   974 I PhoneLab-StatusMonitorBattery: Battery_level: 95
04-17 01:37:53.317   974   974 I PhoneLab-Locks: wake lock released
04-17 01:37:53.321   974   974 I PhoneLab-StatusMonitorSignal: Signal_Strength: -96 asu: 9
04-17 01:37:53.321   974   974 I PhoneLab-Locks: wake lock released
04-17 01:39:26.446  1081 27315 V PicasaContentProvider: querySettings: defaults: {sync_on_wifi_only=1, auto_upload_account_type=null, sync_on_battery=1, sync_picasa_on_wifi_only=1, auto_upload_enabled=0, video_upload_wifi_only=1, sync_on_roaming=0, auto_upload_account_name=null}
04-17 01:39:26.543   145   147 D dalvikvm: GC_CONCURRENT freed 1342K, 15% free 14883K/17479K, paused 2ms+7ms
04-17 01:39:27.946   974  1149 I PhoneLab-: Service Running
04-17 01:39:27.992   974  1149 I PhoneLab-LoggerService: app_34    1153  974   1444   1072  c00f1758 400c6794 S logcat
04-17 01:39:27.992   974  1149 I PhoneLab-LoggerService: Logcat pid from database 1153
04-17 01:39:27.992   974  1149 I PhoneLab-LoggerService: Logcat process found 1153
04-17 01:39:27.992   974  1149 I PhoneLab-LoggerService: Checking Threshold
04-17 01:39:28.031  1081  1083 D dalvikvm: GC_CONCURRENT freed 429K, 13% free 10119K/11527K, paused 1ms+3ms
04-17 01:39:29.266  1081  1083 D dalvikvm: GC_CONCURRENT freed 431K, 13% free 10099K/11527K, paused 2ms+3ms
04-17 01:39:32.492  1081  1083 D dalvikvm: GC_CONCURRENT freed 382K, 13% free 10103K/11527K, paused 14ms+2ms
04-17 01:39:33.598  1081  1083 D dalvikvm: GC_CONCURRENT freed 346K, 12% free 10157K/11527K, paused 2ms+3ms
04-17 01:39:33.727  1081  1083 D dalvikvm: GC_CONCURRENT freed 409K, 12% free 10149K/11527K, paused 2ms+3ms
04-17 01:39:33.856  1081  1083 D dalvikvm: GC_CONCURRENT freed 389K, 12% free 10159K/11527K, paused 2ms+3ms
04-17 01:39:40.703  1081  1083 D dalvikvm: GC_CONCURRENT freed 413K, 13% free 10134K/11527K, paused 26ms+3ms
04-17 01:39:40.973   473  2335 D dalvikvm: GC_EXPLICIT freed 195K, 12% free 9825K/11079K, paused 2ms+3ms
04-17 01:39:42.121  1081  1083 D dalvikvm: GC_CONCURRENT freed 367K, 12% free 10251K/11527K, paused 2ms+3ms
04-17 01:39:42.965   473   476 D dalvikvm: GC_CONCURRENT freed 107K, 9% free 10133K/11079K, paused 2ms+2ms
04-17 01:39:44.227  1081  1083 D dalvikvm: GC_CONCURRENT freed 477K, 12% free 10224K/11527K, paused 2ms+5ms
04-17 01:39:44.321  1081  1083 D dalvikvm: GC_CONCURRENT freed 305K, 11% free 10314K/11527K, paused 1ms+6ms
04-17 01:39:44.621  1081  1083 D dalvikvm: GC_CONCURRENT freed 261K, 10% free 10442K/11527K, paused 2ms+3ms
04-17 01:39:44.891  1081  1083 D dalvikvm: GC_CONCURRENT freed 346K, 10% free 10481K/11527K, paused 2ms+3ms
04-17 01:39:45.121  1081  1083 D dalvikvm: GC_CONCURRENT freed 399K, 10% free 10476K/11527K, paused 2ms+4ms
04-17 01:39:45.539  1081  1083 D dalvikvm: GC_CONCURRENT freed 430K, 10% free 10464K/11527K, paused 2ms+7ms
04-17 01:39:45.781  1081  1083 D dalvikvm: GC_CONCURRENT freed 291K, 9% free 10579K/11527K, paused 2ms+5ms
04-17 01:39:45.992  1081  1083 D dalvikvm: GC_CONCURRENT freed 412K, 9% free 10572K/11527K, paused 2ms+2ms
04-17 01:39:46.156  1081  1083 D dalvikvm: GC_CONCURRENT freed 401K, 9% free 10574K/11527K, paused 2ms+3ms
04-17 01:39:46.324  1081  1083 D dalvikvm: GC_CONCURRENT freed 400K, 9% free 10578K/11527K, paused 2ms+2ms
04-17 01:39:52.110  1081  1279 D dalvikvm: GC_EXPLICIT freed 602K, 13% free 10063K/11527K, paused 20ms+2ms
04-17 01:39:53.992   473   476 D dalvikvm: GC_CONCURRENT freed 678K, 11% free 9862K/11079K, paused 2ms+2ms
04-17 01:39:54.067   473   476 D dalvikvm: GC_CONCURRENT freed 165K, 9% free 10101K/11079K, paused 2ms+2ms
04-17 01:39:54.989  1081  1083 D dalvikvm: GC_CONCURRENT freed 353K, 13% free 10121K/11527K, paused 2ms+7ms
04-17 01:40:26.735   270   285 D dalvikvm: GC_EXPLICIT freed 149K, 9% free 10425K/11335K, paused 2ms+3ms
04-17 01:41:27.946   974  1149 I PhoneLab-: Service Running
04-17 01:41:28.039   974  1149 I PhoneLab-LoggerService: app_34    1153  974   1444   1072  c00f1758 400c6794 S logcat
04-17 01:41:28.039   974  1149 I PhoneLab-LoggerService: Logcat pid from database 1153
04-17 01:41:28.039   974  1149 I PhoneLab-LoggerService: Logcat process found 1153
04-17 01:41:28.039   974  1149 I PhoneLab-LoggerService: Checking Threshold
04-17 01:42:53.336   974   974 I PhoneLab-Locks: wake lock acquired
04-17 01:42:53.336   974   974 I PhoneLab-StatusMonitor: Status Monitoring is started
04-17 01:42:53.391   974   976 D dalvikvm: GC_CONCURRENT freed 530K, 16% free 9250K/10887K, paused 2ms+5ms
04-17 01:42:53.410   974   974 I PhoneLab-StatusMonitor: Value: 5 - unit: min
04-17 01:42:53.410   974   974 I PhoneLab-StatusMonitor: Running interval: 300000
04-17 01:42:53.418   974   974 I PhoneLab-StatusMonitor: Rescheduling status monitoring...
04-17 01:42:53.418   974   974 I PhoneLab-Locks: wake lock released
04-17 01:42:53.418   974   974 I PhoneLab-StatusMonitorLocation: Learning Location
04-17 01:42:53.418   974   974 I PhoneLab-Locks: wake lock acquired
04-17 01:42:53.422   974   974 I PhoneLab-Locks: wake lock acquired
04-17 01:42:53.426   974   974 I PhoneLab-StatusMonitorLocation: Learning Signal Strgth
04-17 01:42:53.426   974   974 I PhoneLab-Locks: wake lock acquired
04-17 01:42:53.430   974   974 I PhoneLab-StatusMonitorBattery: Battery_level: 94
04-17 01:42:53.430   974   974 I PhoneLab-Locks: wake lock released
04-17 01:42:53.434   974   974 I PhoneLab-StatusMonitorSignal: Signal_Strength: -96 asu: 9
04-17 01:42:53.434   974   974 I PhoneLab-Locks: wake lock released
04-17 01:43:27.946   974  1149 I PhoneLab-: Service Running
04-17 01:43:27.996   974  1149 I PhoneLab-LoggerService: app_34    1153  974   1444   1072  c00f1758 400c6794 S logcat
04-17 01:43:27.996   974  1149 I PhoneLab-LoggerService: Logcat pid from database 1153
04-17 01:43:28.000   974  1149 I PhoneLab-LoggerService: Logcat process found 1153
04-17 01:43:28.000   974  1149 I PhoneLab-LoggerService: Checking Threshold
04-17 01:45:27.946   974  1149 I PhoneLab-: Service Running
04-17 01:45:28.012   974   976 D dalvikvm: GC_CONCURRENT freed 437K, 16% free 9211K/10887K, paused 2ms+2ms
04-17 01:45:28.016   974  1149 I PhoneLab-LoggerService: app_34    1153  974   1444   1072  c00f1758 400c6794 S logcat
04-17 01:45:28.016   974  1149 I PhoneLab-LoggerService: Logcat pid from database 1153
04-17 01:45:28.016   974  1149 I PhoneLab-LoggerService: Logcat process found 1153
04-17 01:45:28.016   974  1149 I PhoneLab-LoggerService: Checking Threshold
04-17 01:47:27.946   974  1149 I PhoneLab-: Service Running
04-17 01:47:27.996   974  1149 I PhoneLab-LoggerService: app_34    1153  974   1444   1072  c00f1758 400c6794 S logcat
04-17 01:47:28.000   974  1149 I PhoneLab-LoggerService: Logcat pid from database 1153
04-17 01:47:28.000   974  1149 I PhoneLab-LoggerService: Logcat process found 1153
04-17 01:47:28.000   974  1149 I PhoneLab-LoggerService: Checking Threshold
04-17 01:47:53.453   974   974 I PhoneLab-Locks: wake lock acquired
04-17 01:47:53.453   974   974 I PhoneLab-StatusMonitor: Status Monitoring is started
04-17 01:47:53.508   974   976 D dalvikvm: GC_CONCURRENT freed 432K, 15% free 9289K/10887K, paused 1ms+4ms
04-17 01:47:53.512   974   974 I PhoneLab-StatusMonitor: Value: 5 - unit: min
04-17 01:47:53.512   974   974 I PhoneLab-StatusMonitor: Running interval: 300000
04-17 01:47:53.520   974   974 I PhoneLab-StatusMonitor: Rescheduling status monitoring...
04-17 01:47:53.524   974   974 I PhoneLab-Locks: wake lock released
04-17 01:47:53.524   974   974 I PhoneLab-StatusMonitorLocation: Learning Location
04-17 01:47:53.524   974   974 I PhoneLab-Locks: wake lock acquired
04-17 01:47:53.528   974   974 I PhoneLab-Locks: wake lock acquired
04-17 01:47:53.535   974   974 I PhoneLab-StatusMonitorLocation: Learning Signal Strgth
04-17 01:47:53.535   974   974 I PhoneLab-Locks: wake lock acquired
04-17 01:47:53.543   974   974 I PhoneLab-StatusMonitorBattery: Battery_level: 94
04-17 01:47:53.543   974   974 I PhoneLab-Locks: wake lock released
04-17 01:47:53.543   974   974 I PhoneLab-StatusMonitorSignal: Signal_Strength: -96 asu: 9
04-17 01:47:53.543   974   974 I PhoneLab-Locks: wake lock released
04-17 01:49:27.946   974  1149 I PhoneLab-: Service Running
04-17 01:49:27.996   974  1149 I PhoneLab-LoggerService: app_34    1153  974   1444   1072  c00f1758 400c6794 S logcat
04-17 01:49:28.000   974  1149 I PhoneLab-LoggerService: Logcat pid from database 1153
04-17 01:49:28.000   974  1149 I PhoneLab-LoggerService: Logcat process found 1153
04-17 01:49:28.000   974  1149 I PhoneLab-LoggerService: Checking Threshold
04-17 01:50:54.055   764 27356 I Gmail   : MainSyncRequestProto: lowestBkwdConvoId: 0, highestHandledServerOp: 2482349, normalSync: true
04-17 01:50:58.188   764   766 D dalvikvm: GC_CONCURRENT freed 398K, 22% free 10595K/13511K, paused 2ms+15ms
04-17 01:50:59.074   764   766 D dalvikvm: GC_CONCURRENT freed 458K, 22% free 10548K/13511K, paused 2ms+3ms
04-17 01:50:59.176   764 27356 D dalvikvm: GC_EXPLICIT freed 81K, 23% free 10512K/13511K, paused 4ms+4ms
04-17 01:50:59.184   764 27356 I Gmail   : MainSyncRequestProto: lowestBkwdConvoId: 0, highestHandledServerOp: 2482424, normalSync: true
04-17 01:50:59.930   764   766 D dalvikvm: GC_CONCURRENT freed 419K, 22% free 10584K/13511K, paused 4ms+3ms
04-17 01:50:59.985   764   766 D dalvikvm: GC_CONCURRENT freed 430K, 22% free 10669K/13511K, paused 2ms+6ms
04-17 01:51:00.278   764 27356 D dalvikvm: GC_EXPLICIT freed 453K, 22% free 10611K/13511K, paused 2ms+3ms
04-17 01:51:00.281   764 27356 I Gmail   : MainSyncRequestProto: lowestBkwdConvoId: 0, highestHandledServerOp: 2482425, normalSync: true
04-17 01:51:00.293   764 27356 W Gmail   : Scheduling index for 300000 ms from now
04-17 01:51:00.313   764 27356 I Gmail   : Sending notification intent: Intent { act=android.intent.action.PROVIDER_CHANGED dat=content://gmail-ls/unread/^i (has extras) }
04-17 01:51:00.344   764 27356 I Gmail   : Sending notification intent: Intent { act=android.intent.action.PROVIDER_CHANGED dat=content://gmail-ls/unread/^iim (has extras) }
04-17 01:51:01.571   270   272 D dalvikvm: GC_CONCURRENT freed 316K, 8% free 10507K/11335K, paused 2ms+4ms
04-17 01:51:02.114   473   476 D dalvikvm: GC_CONCURRENT freed 623K, 11% free 9868K/11079K, paused 3ms+2ms
04-17 01:51:02.223   145  6878 D dalvikvm: GC_EXPLICIT freed 1269K, 15% free 14897K/17479K, paused 3ms+7ms
04-17 01:51:02.957   764 27368 I Gmail   : MainSyncRequestProto: lowestBkwdConvoId: 0, highestHandledServerOp: 2482425, normalSync: true
04-17 01:51:03.043  1209  1211 D dalvikvm: GC_CONCURRENT freed 390K, 6% free 9405K/9927K, paused 2ms+5ms
04-17 01:51:03.360   764 27368 D dalvikvm: GC_EXPLICIT freed 223K, 23% free 10538K/13511K, paused 2ms+3ms
04-17 01:51:03.364   764 27368 I Gmail   : MainSyncRequestProto: lowestBkwdConvoId: 0, highestHandledServerOp: 2482425, normalSync: true
04-17 01:51:03.375   764 27368 W Gmail   : Scheduling index for 300000 ms from now
04-17 01:51:27.946   974  1149 I PhoneLab-: Service Running
04-17 01:51:27.996   974  1149 I PhoneLab-LoggerService: app_34    1153  974   1444   1072  c00f1758 400c6794 S logcat
04-17 01:51:27.996   974  1149 I PhoneLab-LoggerService: Logcat pid from database 1153
04-17 01:51:28.000   974  1149 I PhoneLab-LoggerService: Logcat process found 1153
04-17 01:51:28.000   974  1149 I PhoneLab-LoggerService: Checking Threshold
04-17 01:52:53.543   974   974 I PhoneLab-Locks: wake lock acquired
04-17 01:52:53.571   974   974 I PhoneLab-StatusMonitor: Status Monitoring is started
04-17 01:52:53.614   974   976 D dalvikvm: GC_CONCURRENT freed 547K, 16% free 9253K/10887K, paused 1ms+3ms
04-17 01:52:53.629   974   974 I PhoneLab-StatusMonitor: Value: 5 - unit: min
04-17 01:52:53.629   974   974 I PhoneLab-StatusMonitor: Running interval: 300000
04-17 01:52:53.637   974   974 I PhoneLab-StatusMonitor: Rescheduling status monitoring...
04-17 01:52:53.641   974   974 I PhoneLab-Locks: wake lock released
04-17 01:52:53.641   974   974 I PhoneLab-StatusMonitorLocation: Learning Location
04-17 01:52:53.641   974   974 I PhoneLab-Locks: wake lock acquired
04-17 01:52:53.645   974   974 I PhoneLab-Locks: wake lock acquired
04-17 01:52:53.645   974   974 I PhoneLab-StatusMonitorLocation: Learning Signal Strgth
04-17 01:52:53.645   974   974 I PhoneLab-Locks: wake lock acquired
04-17 01:52:53.653   974   974 I PhoneLab-StatusMonitorBattery: Battery_level: 95
04-17 01:52:53.653   974   974 I PhoneLab-Locks: wake lock released
04-17 01:52:53.653   974   974 I PhoneLab-StatusMonitorSignal: Signal_Strength: -96 asu: 9
04-17 01:52:53.653   974   974 I PhoneLab-Locks: wake lock released
04-17 01:53:27.946   974  1149 I PhoneLab-: Service Running
04-17 01:53:27.992   974  1149 I PhoneLab-LoggerService: app_34    1153  974   1444   1072  c00f1758 400c6794 S logcat
04-17 01:53:27.996   974  1149 I PhoneLab-LoggerService: Logcat pid from database 1153
04-17 01:53:27.996   974  1149 I PhoneLab-LoggerService: Logcat process found 1153
04-17 01:53:27.996   974  1149 I PhoneLab-LoggerService: Checking Threshold
04-17 01:55:27.946   974  1149 I PhoneLab-: Service Running
04-17 01:55:28.008   974  1149 I PhoneLab-LoggerService: app_34    1153  974   1444   1072  c00f1758 400c6794 S logcat
04-17 01:55:28.008   974  1149 I PhoneLab-LoggerService: Logcat pid from database 1153
04-17 01:55:28.008   974  1149 I PhoneLab-LoggerService: Logcat process found 1153
04-17 01:55:28.008   974  1149 I PhoneLab-LoggerService: Checking Threshold
04-17 01:57:27.946   974  1149 I PhoneLab-: Service Running
04-17 01:57:28.008   974  1149 I PhoneLab-LoggerService: app_34    1153  974   1444   1072  c00f1758 400c6794 S logcat
04-17 01:57:28.008   974  1149 I PhoneLab-LoggerService: Logcat pid from database 1153
04-17 01:57:28.008   974  1149 I PhoneLab-LoggerService: Logcat process found 1153
04-17 01:57:28.008   974  1149 I PhoneLab-LoggerService: Checking Threshold
04-17 01:57:53.676   974   974 I PhoneLab-Locks: wake lock acquired
04-17 01:57:53.688   974   974 I PhoneLab-StatusMonitor: Status Monitoring is started
04-17 01:57:53.723   974   976 D dalvikvm: GC_CONCURRENT freed 521K, 16% free 9242K/10887K, paused 2ms+2ms
04-17 01:57:53.750   974   974 I PhoneLab-StatusMonitor: Value: 5 - unit: min
04-17 01:57:53.750   974   974 I PhoneLab-StatusMonitor: Running interval: 300000
04-17 01:57:53.758   974   974 I PhoneLab-StatusMonitor: Rescheduling status monitoring...
04-17 01:57:53.758   974   974 I PhoneLab-Locks: wake lock released
04-17 01:57:53.758   974   974 I PhoneLab-StatusMonitorLocation: Learning Location
04-17 01:57:53.762   974   974 I PhoneLab-Locks: wake lock acquired
04-17 01:57:53.762   974   974 I PhoneLab-Locks: wake lock acquired
04-17 01:57:53.766   974   974 I PhoneLab-StatusMonitorLocation: Learning Signal Strgth
04-17 01:57:53.766   974   974 I PhoneLab-Locks: wake lock acquired
04-17 01:57:53.770   974   974 I PhoneLab-StatusMonitorBattery: Battery_level: 95
04-17 01:57:53.770   974   974 I PhoneLab-Locks: wake lock released
04-17 01:57:53.774   974   974 I PhoneLab-StatusMonitorSignal: Signal_Strength: -96 asu: 9
04-17 01:57:53.774   974   974 I PhoneLab-Locks: wake lock released
04-17 01:59:01.610   764 27403 I Gmail   : MainSyncRequestProto: lowestBkwdConvoId: 0, highestHandledServerOp: 2482425, normalSync: true
04-17 01:59:04.082   764   766 D dalvikvm: GC_CONCURRENT freed 386K, 22% free 10556K/13511K, paused 2ms+4ms
04-17 01:59:04.203   764 27403 D dalvikvm: GC_EXPLICIT freed 164K, 23% free 10515K/13511K, paused 3ms+4ms
04-17 01:59:04.211   764 27403 I Gmail   : MainSyncRequestProto: lowestBkwdConvoId: 0, highestHandledServerOp: 2482475, normalSync: true
04-17 01:59:05.242   764   766 D dalvikvm: GC_CONCURRENT freed 343K, 22% free 10572K/13511K, paused 2ms+3ms
04-17 01:59:05.449   764 27403 D dalvikvm: GC_EXPLICIT freed 124K, 22% free 10553K/13511K, paused 2ms+3ms
04-17 01:59:05.457   764 27403 I Gmail   : MainSyncRequestProto: lowestBkwdConvoId: 0, highestHandledServerOp: 2482475, normalSync: true
04-17 01:59:05.492   764 27403 D dalvikvm: GC_EXPLICIT freed 49K, 23% free 10520K/13511K, paused 3ms+4ms
04-17 01:59:05.500   764 27403 W Gmail   : Scheduling index for 300000 ms from now
04-17 01:59:05.524   764 27403 I Gmail   : Sending notification intent: Intent { act=android.intent.action.PROVIDER_CHANGED dat=content://gmail-ls/unread/^i (has extras) }
04-17 01:59:05.555   764 27403 I Gmail   : Sending notification intent: Intent { act=android.intent.action.PROVIDER_CHANGED dat=content://gmail-ls/unread/^iim (has extras) }
04-17 01:59:05.684   764 27407 I Gmail   : MainSyncRequestProto: lowestBkwdConvoId: 0, highestHandledServerOp: 2482475, normalSync: true
04-17 01:59:06.133   764 27407 D dalvikvm: GC_EXPLICIT freed 116K, 23% free 10535K/13511K, paused 2ms+3ms
04-17 01:59:06.137   764 27407 I Gmail   : MainSyncRequestProto: lowestBkwdConvoId: 0, highestHandledServerOp: 2482475, normalSync: true
04-17 01:59:06.149   764 27407 W Gmail   : Scheduling index for 300000 ms from now
04-17 01:59:27.946   974  1149 I PhoneLab-: Service Running
04-17 01:59:28.012   974   976 D dalvikvm: GC_CONCURRENT freed 434K, 16% free 9214K/10887K, paused 2ms+2ms
04-17 01:59:28.016   974  1149 I PhoneLab-LoggerService: app_34    1153  974   1444   1072  c00f1758 400c6794 S logcat
04-17 01:59:28.016   974  1149 I PhoneLab-LoggerService: Logcat pid from database 1153
04-17 01:59:28.016   974  1149 I PhoneLab-LoggerService: Logcat process found 1153
04-17 01:59:28.016   974  1149 I PhoneLab-LoggerService: Checking Threshold
04-17 02:00:49.489   270  1101 I EventLogService: Aggregate from 1334640649384 (log), 1334640649384 (data)
04-17 02:01:27.946   974  1149 I PhoneLab-: Service Running
04-17 02:01:27.996   974  1149 I PhoneLab-LoggerService: app_34    1153  974   1444   1072  c00f1758 400c6794 S logcat
04-17 02:01:27.996   974  1149 I PhoneLab-LoggerService: Logcat pid from database 1153
04-17 02:01:28.000   974  1149 I PhoneLab-LoggerService: Logcat process found 1153
04-17 02:01:28.000   974  1149 I PhoneLab-LoggerService: Checking Threshold
04-17 02:01:28.078   145   161 V BackupManagerService: Running a backup pass
04-17 02:01:28.090   145   214 V BackupManagerService: Backup requested but nothing pending
04-17 02:02:53.793   974   974 I PhoneLab-Locks: wake lock acquired
04-17 02:02:53.805   974   974 I PhoneLab-StatusMonitor: Status Monitoring is started
04-17 02:02:53.887   974   976 D dalvikvm: GC_CONCURRENT freed 420K, 14% free 9370K/10887K, paused 2ms+4ms
04-17 02:02:53.899   974   974 I PhoneLab-StatusMonitor: Value: 5 - unit: min
04-17 02:02:53.899   974   974 I PhoneLab-StatusMonitor: Running interval: 300000
04-17 02:02:53.906   974   974 I PhoneLab-StatusMonitor: Rescheduling status monitoring...
04-17 02:02:53.906   974   974 I PhoneLab-Locks: wake lock released
04-17 02:02:53.910   974   974 I PhoneLab-StatusMonitorLocation: Learning Location
04-17 02:02:53.910   974   974 I PhoneLab-Locks: wake lock acquired
04-17 02:02:53.910   974   974 I PhoneLab-Locks: wake lock acquired
04-17 02:02:53.914   974   974 I PhoneLab-StatusMonitorLocation: Learning Signal Strgth
04-17 02:02:53.914   974   974 I PhoneLab-Locks: wake lock acquired
04-17 02:02:53.918   974   974 I PhoneLab-StatusMonitorBattery: Battery_level: 95
04-17 02:02:53.918   974   974 I PhoneLab-Locks: wake lock released
04-17 02:02:53.922   974   974 I PhoneLab-StatusMonitorSignal: Signal_Strength: -96 asu: 9
04-17 02:02:53.922   974   974 I PhoneLab-Locks: wake lock released
04-17 02:03:27.946   974  1149 I PhoneLab-: Service Running
04-17 02:03:28.008   974  1149 I PhoneLab-LoggerService: app_34    1153  974   1444   1072  c00f1758 400c6794 S logcat
04-17 02:03:28.008   974  1149 I PhoneLab-LoggerService: Logcat pid from database 1153
04-17 02:03:28.008   974  1149 I PhoneLab-LoggerService: Logcat process found 1153
04-17 02:03:28.008   974  1149 I PhoneLab-LoggerService: Checking Threshold
04-17 02:04:52.680   974   974 I PhoneLab-Locks: wake lock acquired
04-17 02:04:52.688   974 27414 I PhoneLab-PeriodicCheckService: User info is synched
04-17 02:04:52.692   974 27414 I PhoneLab-PeriodicCheckService: Logger Service is running
04-17 02:04:52.692   974 27414 I PhoneLab-Locks: wake lock acquired
04-17 02:04:52.696   974   974 I PhoneLab-UploadLogs: Transfering log files now
04-17 02:04:52.696   974   974 I PhoneLab-UploadLogs: No log files to transfer
04-17 02:04:52.696   974   974 I PhoneLab-Locks: wake lock released
04-17 02:04:52.696   974   974 I PhoneLab-UploadLogs: OnStartCommand
04-17 02:04:52.696   974 27414 I PhoneLab-PeriodicCheckService: Rescheduling periodic checking...
04-17 02:04:52.699   974 27414 I PhoneLab-Locks: wake lock released
04-17 02:05:27.946   974  1149 I PhoneLab-: Service Running
04-17 02:05:27.996   974  1149 I PhoneLab-LoggerService: app_34    1153  974   1444   1072  c00f1758 400c6794 S logcat
04-17 02:05:28.000   974  1149 I PhoneLab-LoggerService: Logcat pid from database 1153
04-17 02:05:28.000   974  1149 I PhoneLab-LoggerService: Logcat process found 1153
04-17 02:05:28.000   974  1149 I PhoneLab-LoggerService: Checking Threshold
04-17 02:07:22.852   145   147 D dalvikvm: GC_CONCURRENT freed 1326K, 15% free 14916K/17479K, paused 2ms+6ms
04-17 02:07:27.946   974  1149 I PhoneLab-: Service Running
04-17 02:07:27.996   974  1149 I PhoneLab-LoggerService: app_34    1153  974   1444   1072  c00f1758 400c6794 S logcat
04-17 02:07:28.000   974  1149 I PhoneLab-LoggerService: Logcat pid from database 1153
04-17 02:07:28.000   974  1149 I PhoneLab-LoggerService: Logcat process found 1153
04-17 02:07:28.000   974  1149 I PhoneLab-LoggerService: Checking Threshold
04-17 02:07:53.926   974   974 I PhoneLab-Locks: wake lock acquired
04-17 02:07:53.946   974   974 I PhoneLab-StatusMonitor: Status Monitoring is started
04-17 02:07:53.989   974   976 D dalvikvm: GC_CONCURRENT freed 611K, 15% free 9270K/10887K, paused 2ms+2ms
04-17 02:07:54.000   974   974 I PhoneLab-StatusMonitor: Value: 5 - unit: min
04-17 02:07:54.000   974   974 I PhoneLab-StatusMonitor: Running interval: 300000
04-17 02:07:54.016   974   974 I PhoneLab-StatusMonitor: Rescheduling status monitoring...
04-17 02:07:54.016   974   974 I PhoneLab-Locks: wake lock released
04-17 02:07:54.016   974   974 I PhoneLab-StatusMonitorLocation: Learning Location
04-17 02:07:54.016   974   974 I PhoneLab-Locks: wake lock acquired
04-17 02:07:54.020   974   974 I PhoneLab-Locks: wake lock acquired
04-17 02:07:54.024   974   974 I PhoneLab-StatusMonitorLocation: Learning Signal Strgth
04-17 02:07:54.024   974   974 I PhoneLab-Locks: wake lock acquired
04-17 02:07:54.028   974   974 I PhoneLab-StatusMonitorBattery: Battery_level: 95
04-17 02:07:54.028   974   974 I PhoneLab-Locks: wake lock released
04-17 02:07:54.031   974   974 I PhoneLab-StatusMonitorSignal: Signal_Strength: -96 asu: 9
04-17 02:07:54.031   974   974 I PhoneLab-Locks: wake lock released
04-17 02:09:26.692   764   766 D dalvikvm: GC_CONCURRENT freed 352K, 22% free 10591K/13511K, paused 2ms+3ms
04-17 02:09:26.903   764 27441 W Gmail   : Successful index run, cancel next scheduled index run
04-17 02:09:27.946   974  1149 I PhoneLab-: Service Running
04-17 02:09:28.008   974  1149 I PhoneLab-LoggerService: app_34    1153  974   1444   1072  c00f1758 400c6794 S logcat
04-17 02:09:28.008   974  1149 I PhoneLab-LoggerService: Logcat pid from database 1153
04-17 02:09:28.008   974  1149 I PhoneLab-LoggerService: Logcat process found 1153
04-17 02:09:28.008   974  1149 I PhoneLab-LoggerService: Checking Threshold
04-17 02:11:27.946   974  1149 I PhoneLab-: Service Running
04-17 02:11:28.008   974  1149 I PhoneLab-LoggerService: app_34    1153  974   1444   1072  c00f1758 400c6794 S logcat
04-17 02:11:28.008   974  1149 I PhoneLab-LoggerService: Logcat pid from database 1153
04-17 02:11:28.008   974  1149 I PhoneLab-LoggerService: Logcat process found 1153
04-17 02:11:28.008   974  1149 I PhoneLab-LoggerService: Checking Threshold
04-17 02:12:54.035   974   974 I PhoneLab-Locks: wake lock acquired
04-17 02:12:54.043   974   974 I PhoneLab-StatusMonitor: Status Monitoring is started
04-17 02:12:54.106   974   976 D dalvikvm: GC_CONCURRENT freed 523K, 15% free 9258K/10887K, paused 2ms+4ms
04-17 02:12:54.137   974   974 I PhoneLab-StatusMonitor: Value: 5 - unit: min
04-17 02:12:54.137   974   974 I PhoneLab-StatusMonitor: Running interval: 300000
04-17 02:12:54.145   974   974 I PhoneLab-StatusMonitor: Rescheduling status monitoring...
04-17 02:12:54.145   974   974 I PhoneLab-Locks: wake lock released
04-17 02:12:54.149   974   974 I PhoneLab-StatusMonitorLocation: Learning Location
04-17 02:12:54.149   974   974 I PhoneLab-Locks: wake lock acquired
04-17 02:12:54.149   974   974 I PhoneLab-Locks: wake lock acquired
04-17 02:12:54.153   974   974 I PhoneLab-StatusMonitorLocation: Learning Signal Strgth
04-17 02:12:54.153   974   974 I PhoneLab-Locks: wake lock acquired
04-17 02:12:54.156   974   974 I PhoneLab-StatusMonitorBattery: Battery_level: 95
04-17 02:12:54.156   974   974 I PhoneLab-Locks: wake lock released
04-17 02:12:54.160   974   974 I PhoneLab-StatusMonitorSignal: Signal_Strength: -96 asu: 9
04-17 02:12:54.160   974   974 I PhoneLab-Locks: wake lock released
04-17 02:13:27.946   974  1149 I PhoneLab-: Service Running
04-17 02:13:28.008   974  1149 I PhoneLab-LoggerService: app_34    1153  974   1444   1072  c00f1758 400c6794 S logcat
04-17 02:13:28.008   974  1149 I PhoneLab-LoggerService: Logcat pid from database 1153
04-17 02:13:28.008   974  1149 I PhoneLab-LoggerService: Logcat process found 1153
04-17 02:13:28.008   974  1149 I PhoneLab-LoggerService: Checking Threshold
04-17 02:13:28.024   974   976 D dalvikvm: GC_CONCURRENT freed 452K, 16% free 9190K/10887K, paused 1ms+2ms
04-17 02:15:27.946   974  1149 I PhoneLab-: Service Running
04-17 02:15:28.008   974  1149 I PhoneLab-LoggerService: app_34    1153  974   1444   1072  c00f1758 400c6794 S logcat
04-17 02:15:28.008   974  1149 I PhoneLab-LoggerService: Logcat pid from database 1153
04-17 02:15:28.008   974  1149 I PhoneLab-LoggerService: Logcat process found 1153
04-17 02:15:28.008   974  1149 I PhoneLab-LoggerService: Checking Threshold
04-17 02:17:27.946   974  1149 I PhoneLab-: Service Running
04-17 02:17:28.004   974  1149 I PhoneLab-LoggerService: app_34    1153  974   1444   1072  c00f1758 400c6794 S logcat
04-17 02:17:28.004   974  1149 I PhoneLab-LoggerService: Logcat pid from database 1153
04-17 02:17:28.004   974  1149 I PhoneLab-LoggerService: Logcat process found 1153
04-17 02:17:28.004   974  1149 I PhoneLab-LoggerService: Checking Threshold
04-17 02:17:54.164   974   974 I PhoneLab-Locks: wake lock acquired
04-17 02:17:54.192   974   974 I PhoneLab-StatusMonitor: Status Monitoring is started
04-17 02:17:54.258   974   976 D dalvikvm: GC_CONCURRENT freed 424K, 15% free 9278K/10887K, paused 2ms+5ms
04-17 02:17:54.274   974   974 I PhoneLab-StatusMonitor: Value: 5 - unit: min
04-17 02:17:54.274   974   974 I PhoneLab-StatusMonitor: Running interval: 300000
04-17 02:17:54.289   974   974 I PhoneLab-StatusMonitor: Rescheduling status monitoring...
04-17 02:17:54.293   974   974 I PhoneLab-Locks: wake lock released
04-17 02:17:54.293   974   974 I PhoneLab-StatusMonitorLocation: Learning Location
04-17 02:17:54.293   974   974 I PhoneLab-Locks: wake lock acquired
04-17 02:17:54.297   974   974 I PhoneLab-Locks: wake lock acquired
04-17 02:17:54.297   974   974 I PhoneLab-StatusMonitorLocation: Learning Signal Strgth
04-17 02:17:54.297   974   974 I PhoneLab-Locks: wake lock acquired
04-17 02:17:54.305   974   974 I PhoneLab-StatusMonitorBattery: Battery_level: 94
04-17 02:17:54.305   974   974 I PhoneLab-Locks: wake lock released
04-17 02:17:54.305   974   974 I PhoneLab-StatusMonitorSignal: Signal_Strength: -96 asu: 9
04-17 02:17:54.305   974   974 I PhoneLab-Locks: wake lock released
04-17 02:19:27.946   974  1149 I PhoneLab-: Service Running
04-17 02:19:28.008   974  1149 I PhoneLab-LoggerService: app_34    1153  974   1444   1072  c00f1758 400c6794 S logcat
04-17 02:19:28.008   974  1149 I PhoneLab-LoggerService: Logcat pid from database 1153
04-17 02:19:28.008   974  1149 I PhoneLab-LoggerService: Logcat process found 1153
04-17 02:19:28.008   974  1149 I PhoneLab-LoggerService: Checking Threshold
04-17 02:21:27.946   974  1149 I PhoneLab-: Service Running
04-17 02:21:28.008   974  1149 I PhoneLab-LoggerService: app_34    1153  974   1444   1072  c00f1758 400c6794 S logcat
04-17 02:21:28.008   974  1149 I PhoneLab-LoggerService: Logcat pid from database 1153
04-17 02:21:28.008   974  1149 I PhoneLab-LoggerService: Logcat process found 1153
04-17 02:21:28.008   974  1149 I PhoneLab-LoggerService: Checking Threshold
04-17 02:22:54.321   974   974 I PhoneLab-Locks: wake lock acquired
04-17 02:22:54.324   974   974 I PhoneLab-StatusMonitor: Status Monitoring is started
04-17 02:22:54.379   974   976 D dalvikvm: GC_CONCURRENT freed 529K, 15% free 9261K/10887K, paused 1ms+5ms
04-17 02:22:54.391   974   974 I PhoneLab-StatusMonitor: Value: 5 - unit: min
04-17 02:22:54.391   974   974 I PhoneLab-StatusMonitor: Running interval: 300000
04-17 02:22:54.403   974   974 I PhoneLab-StatusMonitor: Rescheduling status monitoring...
04-17 02:22:54.403   974   974 I PhoneLab-Locks: wake lock released
04-17 02:22:54.406   974   974 I PhoneLab-StatusMonitorLocation: Learning Location
04-17 02:22:54.406   974   974 I PhoneLab-Locks: wake lock acquired
04-17 02:22:54.406   974   974 I PhoneLab-Locks: wake lock acquired
04-17 02:22:54.410   974   974 I PhoneLab-StatusMonitorLocation: Learning Signal Strgth
04-17 02:22:54.410   974   974 I PhoneLab-Locks: wake lock acquired
04-17 02:22:54.414   974   974 I PhoneLab-StatusMonitorBattery: Battery_level: 94
04-17 02:22:54.414   974   974 I PhoneLab-Locks: wake lock released
04-17 02:22:54.418   974   974 I PhoneLab-StatusMonitorSignal: Signal_Strength: -96 asu: 9
04-17 02:22:54.418   974   974 I PhoneLab-Locks: wake lock released
04-17 02:23:00.094   215   217 D dalvikvm: GC_CONCURRENT freed 387K, 17% free 9644K/11591K, paused 2ms+2ms
04-17 02:23:27.946   974  1149 I PhoneLab-: Service Running
04-17 02:23:28.008   974  1149 I PhoneLab-LoggerService: app_34    1153  974   1444   1072  c00f1758 400c6794 S logcat
04-17 02:23:28.008   974  1149 I PhoneLab-LoggerService: Logcat pid from database 1153
04-17 02:23:28.008   974  1149 I PhoneLab-LoggerService: Logcat process found 1153
04-17 02:23:28.008   974  1149 I PhoneLab-LoggerService: Checking Threshold
04-17 02:25:10.629   291   291 I wpa_supplicant: wlan0: WPA: Group rekeying completed with d0:c2:82:66:6b:f1 [GTK=TKIP]
04-17 02:25:27.946   974  1149 I PhoneLab-: Service Running
04-17 02:25:27.996   974  1149 I PhoneLab-LoggerService: app_34    1153  974   1444   1072  c00f1758 400c6794 S logcat
04-17 02:25:27.996   974  1149 I PhoneLab-LoggerService: Logcat pid from database 1153
04-17 02:25:27.996   974  1149 I PhoneLab-LoggerService: Logcat process found 1153
04-17 02:25:28.000   974  1149 I PhoneLab-LoggerService: Checking Threshold
04-17 02:27:27.946   974  1149 I PhoneLab-: Service Running
04-17 02:27:27.992   974  1149 I PhoneLab-LoggerService: app_34    1153  974   1444   1072  c00f1758 400c6794 S logcat
04-17 02:27:27.996   974  1149 I PhoneLab-LoggerService: Logcat pid from database 1153
04-17 02:27:27.996   974  1149 I PhoneLab-LoggerService: Logcat process found 1153
04-17 02:27:27.996   974  1149 I PhoneLab-LoggerService: Checking Threshold
04-17 02:27:28.012   974   976 D dalvikvm: GC_CONCURRENT freed 444K, 16% free 9201K/10887K, paused 2ms+2ms
04-17 02:27:51.153   291   291 I wpa_supplicant: wlan0: CTRL-EVENT-DISCONNECTED bssid=d0:c2:82:66:6b:f1 reason=0
04-17 02:27:51.160    75   117 D CommandListener: Clearing all IP addresses on wlan0
04-17 02:27:51.199   145   201 D ConnectivityService: ConnectivityChange for WIFI: DISCONNECTED/DISCONNECTED
04-17 02:27:51.203   145   201 D ConnectivityService: Attempting to switch to mobile
04-17 02:27:51.203   145   201 D ConnectivityService: Attempting to switch to WIMAX
04-17 02:27:51.203   145   201 D ConnectivityService: Attempting to switch to BLUETOOTH_TETHER
04-17 02:27:51.274   145   201 D NetUtils: android_net_utils_resetConnections in env=0xfbf428 clazz=0x4e000001 iface=wlan0 mask=0x3
04-17 02:27:51.274   145   201 D ConnectivityService: resetConnections(wlan0, 3)
04-17 02:27:51.285   145   201 D ConnectivityService: ConnectivityChange for WIMAX: DISCONNECTED/SCANNING
04-17 02:27:51.367   145   147 D dalvikvm: GC_CONCURRENT freed 1547K, 16% free 14846K/17479K, paused 6ms+11ms
04-17 02:27:51.371   145   201 D ConnectivityService: Attempting to switch to mobile
04-17 02:27:51.371   145   201 D ConnectivityService: Attempting to switch to WIFI
04-17 02:27:51.371   145   201 D ConnectivityService: Attempting to switch to BLUETOOTH_TETHER
04-17 02:27:51.406   270 25415 W Smack/Packet: notify conn break (IOEx), close connection
04-17 02:27:51.571   270 25415 I qtaguid : Failed write_ctrl(u 68) res=-1 errno=22
04-17 02:27:51.571   270 25415 I qtaguid : Untagging socket 68 failed errno=-22
04-17 02:27:51.574   270 25415 W NetworkManagementSocketTagger: untagSocket(68) failed with errno -22
04-17 02:27:51.594   145   201 D ConnectivityService: handleInetConditionChange: no active default network - ignore
04-17 02:27:51.762   291   291 I wpa_supplicant: wlan0: Trying to associate with d0:c2:82:84:8d:51 (SSID='UB_Secure' freq=2437 MHz)
04-17 02:27:51.867   291   291 I wpa_supplicant: wlan0: Associated with d0:c2:82:84:8d:51
04-17 02:27:51.871   291   291 I wpa_supplicant: wlan0: CTRL-EVENT-EAP-STARTED EAP authentication started
04-17 02:27:51.879   291   291 I wpa_supplicant: wlan0: CTRL-EVENT-EAP-PROPOSED-METHOD vendor=0 method=4 -> NAK
04-17 02:27:51.887   291   291 I wpa_supplicant: wlan0: CTRL-EVENT-EAP-PROPOSED-METHOD vendor=0 method=25
04-17 02:27:51.887   291   291 I wpa_supplicant: wlan0: CTRL-EVENT-EAP-METHOD EAP vendor 0 method 25 (PEAP) selected
04-17 02:27:51.992   291   291 I wpa_supplicant: wlan0: CTRL-EVENT-EAP-PEER-CERT depth=2 subject='/C=US/O=Entrust.net/OU=www.entrust.net/CPS incorp. by ref. (limits liab.)/OU=(c) 1999 Entrust.net Limited/CN=Entrust.net Secure Server Certification Authority'
04-17 02:27:51.992   291   291 I wpa_supplicant: wlan0: CTRL-EVENT-EAP-PEER-CERT depth=2 subject='/C=US/O=Entrust.net/OU=www.entrust.net/CPS incorp. by ref. (limits liab.)/OU=(c) 1999 Entrust.net Limited/CN=Entrust.net Secure Server Certification Authority'
04-17 02:27:52.000   291   291 I wpa_supplicant: wlan0: CTRL-EVENT-EAP-PEER-CERT depth=1 subject='/C=US/ST=UT/L=Salt Lake City/O=The USERTRUST Network/CN=USERTrust Legacy Secure Server CA'
04-17 02:27:52.012   291   291 I wpa_supplicant: wlan0: CTRL-EVENT-EAP-PEER-CERT depth=0 subject='/C=US/postalCode=14260/ST=New York/L=Buffalo/street=305 Computing Center/O=SUNY AT BUFFALO/OU=Issued through UNIVERSITY AT BUFFALO E-PKI Manager/OU=Comodo PremiumSSL Legacy/CN=radius1.cit.buffalo.edu'
04-17 02:27:52.160   291   291 I wpa_supplicant: EAP-MSCHAPV2: Authentication succeeded
04-17 02:27:52.168   291   291 I wpa_supplicant: EAP-TLV: TLV Result - Success - EAP-TLV/Phase2 Completed
04-17 02:27:52.176   291   291 I wpa_supplicant: wlan0: CTRL-EVENT-EAP-SUCCESS EAP authentication completed successfully
04-17 02:27:52.219   291   291 I wpa_supplicant: wlan0: WPA: Key negotiation completed with d0:c2:82:84:8d:51 [PTK=CCMP GTK=TKIP]
04-17 02:27:52.219   291   291 I wpa_supplicant: wlan0: CTRL-EVENT-CONNECTED - Connection to d0:c2:82:84:8d:51 completed (reauth) [id=2 id_str=]
04-17 02:27:52.918   145   201 D ConnectivityService: ConnectivityChange for WIFI: CONNECTED/CONNECTED
04-17 02:27:52.926   974   974 I PhoneLab-WiFiReceiver: WiFi is connected!
04-17 02:27:52.930   974   974 I PhoneLab-Locks: wake lock acquired
04-17 02:27:52.938   974   974 I PhoneLab-UploadLogs: Transfering log files now
04-17 02:27:52.938   974   974 I PhoneLab-UploadLogs: No log files to transfer
04-17 02:27:52.938   974   974 I PhoneLab-Locks: wake lock released
04-17 02:27:52.942   974   974 I PhoneLab-UploadLogs: OnStartCommand
04-17 02:27:52.953   145   196 W NetworkStats: dropping UID delta from unknown iface: iface=wlan0 uid=0 set=DEFAULT tag=0x0 rxBytes=0 rxPackets=0 txBytes=76 txPackets=1 operations=0
04-17 02:27:53.922   145   201 D ConnectivityService: NetTransition Wakelock for WifiStateMachine released by timeout
04-17 02:27:54.313   145   205 D Tethering: MasterInitialState.processMessage what=3
04-17 02:27:54.340   270   270 I GTalkService/c: [AndroidEndpoint@1094414800] connect: acct=1000001, state=CONNECTING
04-17 02:27:54.344   270   270 I GTalkService/c: [GTalkConnection@1093894440] connect: acct=1, state=CONNECTING
04-17 02:27:54.375   145   205 D Tethering: MasterInitialState.processMessage what=3
04-17 02:27:54.406 25176 25176 I MediaUploader: No need to wake up
04-17 02:27:54.410   974   974 I PhoneLab-WiFiReceiver: WiFi is disconnected!
04-17 02:27:54.465 25176 25176 I MediaUploader: No need to wake up
04-17 02:27:54.489   974   974 I PhoneLab-Locks: wake lock acquired
04-17 02:27:54.492   974   974 I PhoneLab-StatusMonitor: Status Monitoring is started
04-17 02:27:54.512  1081  1096 D PicasaSyncManager: active network: NetworkInfo: type: WIFI[], state: CONNECTED/CONNECTED, reason: (unspecified), extra: (none), roaming: false, failover: false, isAvailable: true
04-17 02:27:54.512  1081  1096 D PicasaSyncManager: background data: true
04-17 02:27:54.543   974   976 D dalvikvm: GC_CONCURRENT freed 398K, 15% free 9299K/10887K, paused 2ms+3ms
04-17 02:27:54.547   974   974 I PhoneLab-StatusMonitor: Value: 5 - unit: min
04-17 02:27:54.547   974   974 I PhoneLab-StatusMonitor: Running interval: 300000
04-17 02:27:54.551   974   974 I PhoneLab-StatusMonitor: Rescheduling status monitoring...
04-17 02:27:54.551   974   974 I PhoneLab-Locks: wake lock released
04-17 02:27:54.555   974   974 I PhoneLab-StatusMonitorLocation: Learning Location
04-17 02:27:54.555   974   974 I PhoneLab-Locks: wake lock acquired
04-17 02:27:54.567   270   272 D dalvikvm: GC_CONCURRENT freed 494K, 8% free 10447K/11335K, paused 2ms+42ms
04-17 02:27:54.571   974   974 I PhoneLab-Locks: wake lock acquired
04-17 02:27:54.574   974   974 I PhoneLab-StatusMonitorLocation: Learning Signal Strgth
04-17 02:27:54.574   974   974 I PhoneLab-Locks: wake lock acquired
04-17 02:27:54.594   974   974 I PhoneLab-StatusMonitorBattery: Battery_level: 95
04-17 02:27:54.594   974   974 I PhoneLab-Locks: wake lock released
04-17 02:27:54.598   974   974 I PhoneLab-StatusMonitorSignal: Signal_Strength: -96 asu: 9
04-17 02:27:54.598   974   974 I PhoneLab-Locks: wake lock released
04-17 02:27:55.969   145   205 D Tethering: MasterInitialState.processMessage what=3
04-17 02:27:56.047 25176 25176 I MediaUploader: No need to wake up
04-17 02:27:56.156   145   516 D dalvikvm: GC_EXPLICIT freed 971K, 16% free 14770K/17479K, paused 4ms+10ms
04-17 02:27:56.180  1081  1096 D PicasaSyncManager: active network: NetworkInfo: type: WIFI[], state: CONNECTED/CONNECTED, reason: (unspecified), extra: (none), roaming: false, failover: false, isAvailable: true
04-17 02:27:56.180  1081  1096 D PicasaSyncManager: background data: true
04-17 02:27:57.418   145   201 D ConnectivityService: ConnectivityChange for mobile: CONNECTED/CONNECTED
04-17 02:27:57.449   145   201 D NetUtils: android_net_utils_resetConnections in env=0xfbf428 clazz=0x67d00001 iface=rmnet0 mask=0x3
04-17 02:27:57.449   145   201 D ConnectivityService: ConnectivityChange for mobile: DISCONNECTED/DISCONNECTED
04-17 02:27:57.449   145   201 D ConnectivityService: Attempting to switch to WIFI
04-17 02:27:57.449   145   201 D ConnectivityService: Attempting to switch to WIMAX
04-17 02:27:57.449   145   201 D ConnectivityService: Attempting to switch to BLUETOOTH_TETHER
04-17 02:27:57.449   145   201 D ConnectivityService: resetConnections(rmnet0, 3)
04-17 02:27:58.887   270   272 D dalvikvm: GC_CONCURRENT freed 404K, 8% free 10433K/11335K, paused 16ms+3ms
04-17 02:27:59.391   145   201 D ConnectivityService: handleInetConditionHoldEnd: net=1, condition=100, published condition=0
04-17 02:28:00.461   145   205 D Tethering: MasterInitialState.processMessage what=3
04-17 02:28:00.489   145   205 D Tethering: MasterInitialState.processMessage what=3
04-17 02:28:00.520 25176 25176 I MediaUploader: No need to wake up
04-17 02:28:00.574  1081  1096 D PicasaSyncManager: active network: NetworkInfo: type: WIFI[], state: CONNECTED/CONNECTED, reason: (unspecified), extra: (none), roaming: false, failover: false, isAvailable: true
04-17 02:28:00.574  1081  1096 D PicasaSyncManager: background data: true
04-17 02:28:00.594 25176 25176 I MediaUploader: No need to wake up
04-17 02:28:00.621  1081  1096 D PicasaSyncManager: active network: NetworkInfo: type: WIFI[], state: CONNECTED/CONNECTED, reason: (unspecified), extra: (none), roaming: false, failover: false, isAvailable: true
04-17 02:28:00.621  1081  1096 D PicasaSyncManager: background data: true
04-17 02:28:00.856   270   272 D dalvikvm: GC_CONCURRENT freed 331K, 8% free 10497K/11335K, paused 2ms+3ms
04-17 02:28:00.989   145   201 D ConnectivityService: handleInetConditionHoldEnd: net=1, condition=100, published condition=100
04-17 02:28:01.364 25421 25424 D dalvikvm: GC_CONCURRENT freed 415K, 6% free 9347K/9863K, paused 1ms+1ms
04-17 02:29:27.946   974  1149 I PhoneLab-: Service Running
04-17 02:29:28.004   974  1149 I PhoneLab-LoggerService: app_34    1153  974   1444   1072  c00f1758 400c6794 S logcat
04-17 02:29:28.004   974  1149 I PhoneLab-LoggerService: Logcat pid from database 1153
04-17 02:29:28.004   974  1149 I PhoneLab-LoggerService: Logcat process found 1153
04-17 02:29:28.004   974  1149 I PhoneLab-LoggerService: Checking Threshold
04-17 02:30:49.574   270  1099 I EventLogService: Aggregate from 1334642449491 (log), 1334642449491 (data)
04-17 02:31:27.946   974  1149 I PhoneLab-: Service Running
04-17 02:31:28.004   974  1149 I PhoneLab-LoggerService: app_34    1153  974   1444   1072  c00f1758 400c6794 S logcat
04-17 02:31:28.004   974  1149 I PhoneLab-LoggerService: Logcat pid from database 1153
04-17 02:31:28.004   974  1149 I PhoneLab-LoggerService: Logcat process found 1153
04-17 02:31:28.004   974  1149 I PhoneLab-LoggerService: Checking Threshold
04-17 02:32:54.574   974   974 I PhoneLab-Locks: wake lock acquired
04-17 02:32:54.598   974   974 I PhoneLab-StatusMonitor: Status Monitoring is started
04-17 02:32:54.637   974   976 D dalvikvm: GC_CONCURRENT freed 554K, 16% free 9254K/10887K, paused 2ms+2ms
04-17 02:32:54.656   974   974 I PhoneLab-StatusMonitor: Value: 5 - unit: min
04-17 02:32:54.656   974   974 I PhoneLab-StatusMonitor: Running interval: 300000
04-17 02:32:54.664   974   974 I PhoneLab-StatusMonitor: Rescheduling status monitoring...
04-17 02:32:54.664   974   974 I PhoneLab-Locks: wake lock released
04-17 02:32:54.668   974   974 I PhoneLab-StatusMonitorLocation: Learning Location
04-17 02:32:54.668   974   974 I PhoneLab-Locks: wake lock acquired
04-17 02:32:54.672   974   974 I PhoneLab-Locks: wake lock acquired
04-17 02:32:54.672   974   974 I PhoneLab-StatusMonitorLocation: Learning Signal Strgth
04-17 02:32:54.672   974   974 I PhoneLab-Locks: wake lock acquired
04-17 02:32:54.680   974   974 I PhoneLab-StatusMonitorBattery: Battery_level: 95
04-17 02:32:54.680   974   974 I PhoneLab-Locks: wake lock released
04-17 02:32:54.680   974   974 I PhoneLab-StatusMonitorSignal: Signal_Strength: -96 asu: 9
04-17 02:32:54.680   974   974 I PhoneLab-Locks: wake lock released
04-17 02:33:27.946   974  1149 I PhoneLab-: Service Running
04-17 02:33:28.004   974  1149 I PhoneLab-LoggerService: app_34    1153  974   1444   1072  c00f1758 400c6794 S logcat
04-17 02:33:28.004   974  1149 I PhoneLab-LoggerService: Logcat pid from database 1153
04-17 02:33:28.004   974  1149 I PhoneLab-LoggerService: Logcat process found 1153
04-17 02:33:28.004   974  1149 I PhoneLab-LoggerService: Checking Threshold
04-17 02:34:52.739   974   974 I PhoneLab-Locks: wake lock acquired
04-17 02:34:52.754   974 27555 I PhoneLab-PeriodicCheckService: User info is synched
04-17 02:34:52.754   974 27555 I PhoneLab-PeriodicCheckService: Logger Service is running
04-17 02:34:52.758   974 27555 I PhoneLab-Locks: wake lock acquired
04-17 02:34:52.758   974   974 I PhoneLab-UploadLogs: Transfering log files now
04-17 02:34:52.758   974   974 I PhoneLab-UploadLogs: No log files to transfer
04-17 02:34:52.758   974   974 I PhoneLab-Locks: wake lock released
04-17 02:34:52.762   974   974 I PhoneLab-UploadLogs: OnStartCommand
04-17 02:34:52.762   974 27555 I PhoneLab-PeriodicCheckService: Rescheduling periodic checking...
04-17 02:34:52.762   974 27555 I PhoneLab-Locks: wake lock released
04-17 02:35:27.946   974  1149 I PhoneLab-: Service Running
04-17 02:35:28.000   974  1149 I PhoneLab-LoggerService: app_34    1153  974   1444   1072  c00f1758 400c6794 S logcat
04-17 02:35:28.000   974  1149 I PhoneLab-LoggerService: Logcat pid from database 1153
04-17 02:35:28.000   974  1149 I PhoneLab-LoggerService: Logcat process found 1153
04-17 02:35:28.000   974  1149 I PhoneLab-LoggerService: Checking Threshold
04-17 02:36:00.149   145   147 D dalvikvm: GC_CONCURRENT freed 1285K, 16% free 14816K/17479K, paused 19ms+6ms
04-17 02:37:27.946   974  1149 I PhoneLab-: Service Running
04-17 02:37:28.004   974  1149 I PhoneLab-LoggerService: app_34    1153  974   1444   1072  c00f1758 400c6794 S logcat
04-17 02:37:28.004   974  1149 I PhoneLab-LoggerService: Logcat pid from database 1153
04-17 02:37:28.004   974  1149 I PhoneLab-LoggerService: Logcat process found 1153
04-17 02:37:28.004   974  1149 I PhoneLab-LoggerService: Checking Threshold
04-17 02:37:28.012   974   976 D dalvikvm: GC_CONCURRENT freed 435K, 16% free 9213K/10887K, paused 1ms+2ms
04-17 02:37:54.684   974   974 I PhoneLab-Locks: wake lock acquired
04-17 02:37:54.703   974   974 I PhoneLab-StatusMonitor: Status Monitoring is started
04-17 02:37:54.746   974   974 I PhoneLab-StatusMonitor: Value: 5 - unit: min
04-17 02:37:54.750   974   974 I PhoneLab-StatusMonitor: Running interval: 300000
04-17 02:37:54.758   974   976 D dalvikvm: GC_CONCURRENT freed 460K, 15% free 9264K/10887K, paused 1ms+3ms
04-17 02:37:54.762   974   974 I PhoneLab-StatusMonitor: Rescheduling status monitoring...
04-17 02:37:54.762   974   974 I PhoneLab-Locks: wake lock released
04-17 02:37:54.762   974   974 I PhoneLab-StatusMonitorLocation: Learning Location
04-17 02:37:54.762   974   974 I PhoneLab-Locks: wake lock acquired
04-17 02:37:54.766   974   974 I PhoneLab-Locks: wake lock acquired
04-17 02:37:54.770   974   974 I PhoneLab-StatusMonitorLocation: Learning Signal Strgth
04-17 02:37:54.770   974   974 I PhoneLab-Locks: wake lock acquired
04-17 02:37:54.778   974   974 I PhoneLab-StatusMonitorBattery: Battery_level: 95
04-17 02:37:54.778   974   974 I PhoneLab-Locks: wake lock released
04-17 02:37:54.782   974   974 I PhoneLab-StatusMonitorSignal: Signal_Strength: -96 asu: 9
04-17 02:37:54.782   974   974 I PhoneLab-Locks: wake lock released
04-17 02:39:26.438  1081 27582 V PicasaContentProvider: querySettings: defaults: {sync_on_wifi_only=1, auto_upload_account_type=null, sync_on_battery=1, sync_picasa_on_wifi_only=1, auto_upload_enabled=0, video_upload_wifi_only=1, sync_on_roaming=0, auto_upload_account_name=null}
04-17 02:39:27.946   974  1149 I PhoneLab-: Service Running
04-17 02:39:28.000   974  1149 I PhoneLab-LoggerService: app_34    1153  974   1444   1072  c00f1758 400c6794 S logcat
04-17 02:39:28.000   974  1149 I PhoneLab-LoggerService: Logcat pid from database 1153
04-17 02:39:28.000   974  1149 I PhoneLab-LoggerService: Logcat process found 1153
04-17 02:39:28.004   974  1149 I PhoneLab-LoggerService: Checking Threshold
04-17 02:41:27.946   974  1149 I PhoneLab-: Service Running
04-17 02:41:28.000   974  1149 I PhoneLab-LoggerService: app_34    1153  974   1444   1072  c00f1758 400c6794 S logcat
04-17 02:41:28.000   974  1149 I PhoneLab-LoggerService: Logcat pid from database 1153
04-17 02:41:28.000   974  1149 I PhoneLab-LoggerService: Logcat process found 1153
04-17 02:41:28.000   974  1149 I PhoneLab-LoggerService: Checking Threshold
04-17 02:42:54.797   974   974 I PhoneLab-Locks: wake lock acquired
04-17 02:42:54.797   974   974 I PhoneLab-StatusMonitor: Status Monitoring is started
04-17 02:42:54.856   974   976 D dalvikvm: GC_CONCURRENT freed 512K, 15% free 9260K/10887K, paused 1ms+5ms
04-17 02:42:54.864   974   974 I PhoneLab-StatusMonitor: Value: 5 - unit: min
04-17 02:42:54.864   974   974 I PhoneLab-StatusMonitor: Running interval: 300000
04-17 02:42:54.875   974   974 I PhoneLab-StatusMonitor: Rescheduling status monitoring...
04-17 02:42:54.879   974   974 I PhoneLab-Locks: wake lock released
04-17 02:42:54.879   974   974 I PhoneLab-StatusMonitorLocation: Learning Location
04-17 02:42:54.879   974   974 I PhoneLab-Locks: wake lock acquired
04-17 02:42:54.883   974   974 I PhoneLab-Locks: wake lock acquired
04-17 02:42:54.883   974   974 I PhoneLab-StatusMonitorLocation: Learning Signal Strgth
04-17 02:42:54.883   974   974 I PhoneLab-Locks: wake lock acquired
04-17 02:42:54.891   974   974 I PhoneLab-StatusMonitorBattery: Battery_level: 95
04-17 02:42:54.891   974   974 I PhoneLab-Locks: wake lock released
04-17 02:42:54.891   974   974 I PhoneLab-StatusMonitorSignal: Signal_Strength: -96 asu: 9
04-17 02:42:54.891   974   974 I PhoneLab-Locks: wake lock released
04-17 02:43:27.946   974  1149 I PhoneLab-: Service Running
04-17 02:43:28.004   974  1149 I PhoneLab-LoggerService: app_34    1153  974   1444   1072  c00f1758 400c6794 S logcat
04-17 02:43:28.004   974  1149 I PhoneLab-LoggerService: Logcat pid from database 1153
04-17 02:43:28.004   974  1149 I PhoneLab-LoggerService: Logcat process found 1153
04-17 02:43:28.004   974  1149 I PhoneLab-LoggerService: Checking Threshold
04-17 02:45:27.946   974  1149 I PhoneLab-: Service Running
04-17 02:45:28.004   974  1149 I PhoneLab-LoggerService: app_34    1153  974   1444   1072  c00f1758 400c6794 S logcat
04-17 02:45:28.004   974  1149 I PhoneLab-LoggerService: Logcat pid from database 1153
04-17 02:45:28.004   974  1149 I PhoneLab-LoggerService: Logcat process found 1153
04-17 02:45:28.004   974  1149 I PhoneLab-LoggerService: Checking Threshold
04-17 02:47:27.946   974  1149 I PhoneLab-: Service Running
04-17 02:47:28.004   974  1149 I PhoneLab-LoggerService: app_34    1153  974   1444   1072  c00f1758 400c6794 S logcat
04-17 02:47:28.004   974  1149 I PhoneLab-LoggerService: Logcat pid from database 1153
04-17 02:47:28.004   974  1149 I PhoneLab-LoggerService: Logcat process found 1153
04-17 02:47:28.004   974  1149 I PhoneLab-LoggerService: Checking Threshold
04-17 02:47:54.899   974   974 I PhoneLab-Locks: wake lock acquired
04-17 02:47:54.922   974   974 I PhoneLab-StatusMonitor: Status Monitoring is started
04-17 02:47:54.973   974   976 D dalvikvm: GC_CONCURRENT freed 520K, 16% free 9251K/10887K, paused 2ms+5ms
04-17 02:47:54.996   974   974 I PhoneLab-StatusMonitor: Value: 5 - unit: min
04-17 02:47:54.996   974   974 I PhoneLab-StatusMonitor: Running interval: 300000
04-17 02:47:55.004   974   974 I PhoneLab-StatusMonitor: Rescheduling status monitoring...
04-17 02:47:55.004   974   974 I PhoneLab-Locks: wake lock released
04-17 02:47:55.004   974   974 I PhoneLab-StatusMonitorLocation: Learning Location
04-17 02:47:55.004   974   974 I PhoneLab-Locks: wake lock acquired
04-17 02:47:55.008   974   974 I PhoneLab-Locks: wake lock acquired
04-17 02:47:55.012   974   974 I PhoneLab-StatusMonitorLocation: Learning Signal Strgth
04-17 02:47:55.012   974   974 I PhoneLab-Locks: wake lock acquired
04-17 02:47:55.016   974   974 I PhoneLab-StatusMonitorBattery: Battery_level: 95
04-17 02:47:55.016   974   974 I PhoneLab-Locks: wake lock released
04-17 02:47:55.016   974   974 I PhoneLab-StatusMonitorSignal: Signal_Strength: -96 asu: 9
04-17 02:47:55.016   974   974 I PhoneLab-Locks: wake lock released
04-17 02:49:27.946   974  1149 I PhoneLab-: Service Running
04-17 02:49:27.992   974  1149 I PhoneLab-LoggerService: app_34    1153  974   1444   1072  c00f1758 400c6794 S logcat
04-17 02:49:27.996   974  1149 I PhoneLab-LoggerService: Logcat pid from database 1153
04-17 02:49:27.996   974  1149 I PhoneLab-LoggerService: Logcat process found 1153
04-17 02:49:27.996   974  1149 I PhoneLab-LoggerService: Checking Threshold
04-17 02:50:08.360   291   291 I wpa_supplicant: wlan0: CTRL-EVENT-EAP-STARTED EAP authentication started
04-17 02:50:08.778   291   291 I wpa_supplicant: wlan0: CTRL-EVENT-EAP-PROPOSED-METHOD vendor=0 method=4 -> NAK
04-17 02:50:09.090   291   291 I wpa_supplicant: wlan0: CTRL-EVENT-EAP-PROPOSED-METHOD vendor=0 method=25
04-17 02:50:09.090   291   291 I wpa_supplicant: wlan0: CTRL-EVENT-EAP-METHOD EAP vendor 0 method 25 (PEAP) selected
04-17 02:50:09.719   291   291 I wpa_supplicant: EAP-TLV: TLV Result - Success - EAP-TLV/Phase2 Completed
04-17 02:50:45.758   291   291 I wpa_supplicant: wlan0: CTRL-EVENT-DISCONNECTED bssid=d0:c2:82:84:8d:51 reason=0
04-17 02:50:45.766    75   117 D CommandListener: Clearing all IP addresses on wlan0
04-17 02:50:45.817   145   201 D ConnectivityService: ConnectivityChange for WIFI: DISCONNECTED/DISCONNECTED
04-17 02:50:45.817   145   201 D ConnectivityService: Attempting to switch to mobile
04-17 02:50:45.817   145   201 D ConnectivityService: Attempting to switch to WIMAX
04-17 02:50:45.817   145   201 D ConnectivityService: Attempting to switch to BLUETOOTH_TETHER
04-17 02:50:45.852   145   201 D NetUtils: android_net_utils_resetConnections in env=0xfbf428 clazz=0x78b00001 iface=wlan0 mask=0x3
04-17 02:50:45.852   145   201 D ConnectivityService: resetConnections(wlan0, 3)
04-17 02:50:45.875   145   201 D ConnectivityService: ConnectivityChange for WIMAX: DISCONNECTED/SCANNING
04-17 02:50:45.883   145   201 D ConnectivityService: Attempting to switch to mobile
04-17 02:50:45.887   145   201 D ConnectivityService: Attempting to switch to WIFI
04-17 02:50:45.887   145   201 D ConnectivityService: Attempting to switch to BLUETOOTH_TETHER
04-17 02:50:45.903   270 27543 W Smack/Packet: notify conn break (IOEx), close connection
04-17 02:50:46.039   145   147 D dalvikvm: GC_CONCURRENT freed 1362K, 16% free 14814K/17479K, paused 2ms+6ms
04-17 02:50:46.063   270 27543 I qtaguid : Failed write_ctrl(u 68) res=-1 errno=22
04-17 02:50:46.063   270 27543 I qtaguid : Untagging socket 68 failed errno=-22
04-17 02:50:46.063   270 27543 W NetworkManagementSocketTagger: untagSocket(68) failed with errno -22
04-17 02:50:46.063   145   201 D ConnectivityService: handleInetConditionChange: no active default network - ignore
04-17 02:50:47.035   291   291 I wpa_supplicant: wlan0: Trying to associate with d0:c2:82:66:69:21 (SSID='UB_Secure' freq=2437 MHz)
04-17 02:50:47.153   291   291 I wpa_supplicant: wlan0: Associated with d0:c2:82:66:69:21
04-17 02:50:47.153   291   291 I wpa_supplicant: wlan0: CTRL-EVENT-EAP-STARTED EAP authentication started
04-17 02:50:47.172   291   291 I wpa_supplicant: wlan0: CTRL-EVENT-EAP-PROPOSED-METHOD vendor=0 method=4 -> NAK
04-17 02:50:47.176   291   291 I wpa_supplicant: wlan0: CTRL-EVENT-EAP-PROPOSED-METHOD vendor=0 method=25
04-17 02:50:47.176   291   291 I wpa_supplicant: wlan0: CTRL-EVENT-EAP-METHOD EAP vendor 0 method 25 (PEAP) selected
04-17 02:50:47.184   291   291 I wpa_supplicant: EAP-TLV: TLV Result - Success - EAP-TLV/Phase2 Completed
04-17 02:50:48.891   145   205 D Tethering: MasterInitialState.processMessage what=3
04-17 02:50:48.942   145   205 D Tethering: MasterInitialState.processMessage what=3
04-17 02:50:48.981 25176 25176 I MediaUploader: No need to wake up
04-17 02:50:48.981   974   974 I PhoneLab-WiFiReceiver: WiFi is disconnected!
04-17 02:50:49.024 25176 25176 I MediaUploader: No need to wake up
04-17 02:50:49.028  1081  1096 D PicasaSyncManager: active network: null
04-17 02:50:49.028  1081  1096 D PicasaSyncManager: background data: true
04-17 02:50:49.055   270   272 D dalvikvm: GC_CONCURRENT freed 573K, 9% free 10399K/11335K, paused 2ms+4ms
04-17 02:50:49.082  1081  1096 D UploadsManager: collect new photo: MediaTracker:steven.y.ko@gmail.com,trackNew:photo-external,331:photo-phoneStorage,-1:video-external,202:video-phoneStorage,-1
04-17 02:50:49.098  1081  1096 D UploadsManager: collect new video: MediaTracker:steven.y.ko@gmail.com,trackNew:photo-external,331:photo-phoneStorage,-1:video-external,202:video-phoneStorage,-1
04-17 02:50:49.106  1081  1096 V PicasaContentProvider: querySettings: defaults: {sync_on_wifi_only=1, auto_upload_account_type=null, sync_on_battery=1, sync_picasa_on_wifi_only=1, auto_upload_enabled=0, video_upload_wifi_only=1, sync_on_roaming=0, auto_upload_account_name=null}
04-17 02:50:49.106  1081  1096 D PicasaSyncManager: reject MetadataSyncTask (steven.y.ko@gmail.com) for wifi connection
04-17 02:50:49.110  1081  1096 D PicasaSyncManager: active network: null
04-17 02:50:49.114  1081  1096 D PicasaSyncManager: background data: true
04-17 02:50:52.399   145   201 D ConnectivityService: ConnectivityChange for mobile: CONNECTED/CONNECTED
04-17 02:50:52.465   145   197 D NetworkPolicy: applying policy NetworkPolicy[NetworkTemplate: matchRule=MOBILE_ALL, subscriberId=valid]: cycleDay=21, warningBytes=2147483648, limitBytes=-1, lastSnooze=-1 to ifaces [rmnet0]
04-17 02:50:53.403   145   201 D ConnectivityService: NetTransition Wakelock for WifiStateMachine released by timeout
04-17 02:50:55.121   270   270 I GTalkService/c: [AndroidEndpoint@1094414800] connect: acct=1000001, state=CONNECTING
04-17 02:50:55.121   270   270 I GTalkService/c: [GTalkConnection@1093894440] connect: acct=1, state=CONNECTING
04-17 02:50:55.465   145   205 D Tethering: MasterInitialState.processMessage what=3
04-17 02:50:55.539 25176 25176 I MediaUploader: No need to wake up
04-17 02:50:55.594  1081  1096 D PicasaSyncManager: active network: NetworkInfo: type: mobile[CDMA - EvDo rev. A], state: CONNECTED/CONNECTED, reason: (unspecified), extra: , roaming: false, failover: true, isAvailable: true
04-17 02:50:55.594  1081  1096 D PicasaSyncManager: background data: true
04-17 02:50:55.637  1081  1083 D dalvikvm: GC_CONCURRENT freed 426K, 13% free 10081K/11527K, paused 2ms+2ms
04-17 02:50:55.641  1058  1060 D dalvikvm: GC_CONCURRENT freed 407K, 13% free 10510K/12039K, paused 7ms+2ms
04-17 02:50:55.707   306   311 D dalvikvm: GC_CONCURRENT freed 371K, 7% free 9462K/10119K, paused 1ms+3ms
04-17 02:50:55.762   361   852 D dalvikvm: GC_EXPLICIT freed 823K, 13% free 11965K/13703K, paused 1ms+7ms
04-17 02:50:56.313   145   301 D dalvikvm: GC_EXPLICIT freed 776K, 16% free 14773K/17479K, paused 2ms+6ms
04-17 02:50:56.465   270   272 D dalvikvm: GC_CONCURRENT freed 354K, 8% free 10434K/11335K, paused 2ms+6ms
04-17 02:50:56.817   145   201 D ConnectivityService: handleInetConditionHoldEnd: net=0, condition=100, published condition=0
04-17 02:51:23.047   291   291 I wpa_supplicant: wlan0: CTRL-EVENT-DISCONNECTED bssid=d0:c2:82:66:69:21 reason=0
04-17 02:51:24.324   291   291 I wpa_supplicant: wlan0: Trying to associate with d0:c2:82:66:69:21 (SSID='UB_Secure' freq=2437 MHz)
04-17 02:51:24.387   291   291 I wpa_supplicant: wlan0: Associated with d0:c2:82:66:69:21
04-17 02:51:24.387   291   291 I wpa_supplicant: wlan0: CTRL-EVENT-EAP-STARTED EAP authentication started
04-17 02:51:24.395   291   291 I wpa_supplicant: wlan0: CTRL-EVENT-EAP-PROPOSED-METHOD vendor=0 method=4 -> NAK
04-17 02:51:24.403   291   291 I wpa_supplicant: wlan0: CTRL-EVENT-EAP-PROPOSED-METHOD vendor=0 method=25
04-17 02:51:24.403   291   291 I wpa_supplicant: wlan0: CTRL-EVENT-EAP-METHOD EAP vendor 0 method 25 (PEAP) selected
04-17 02:51:24.426   291   291 I wpa_supplicant: EAP-TLV: TLV Result - Success - EAP-TLV/Phase2 Completed
04-17 02:51:27.946   974  1149 I PhoneLab-: Service Running
04-17 02:51:28.012   974   976 D dalvikvm: GC_CONCURRENT freed 430K, 16% free 9219K/10887K, paused 2ms+2ms
04-17 02:51:28.016   974  1149 I PhoneLab-LoggerService: app_34    1153  974   1444   1072  c00f1758 400c6794 S logcat
04-17 02:51:28.016   974  1149 I PhoneLab-LoggerService: Logcat pid from database 1153
04-17 02:51:28.016   974  1149 I PhoneLab-LoggerService: Logcat process found 1153
04-17 02:51:28.016   974  1149 I PhoneLab-LoggerService: Checking Threshold
04-17 02:52:00.434   291   291 I wpa_supplicant: wlan0: CTRL-EVENT-EAP-STARTED EAP authentication started
04-17 02:52:00.442   291   291 I wpa_supplicant: wlan0: CTRL-EVENT-DISCONNECTED bssid=d0:c2:82:66:69:21 reason=0
04-17 02:52:02.121   291   291 I wpa_supplicant: wlan0: Trying to associate with d0:c2:82:66:69:21 (SSID='UB_Secure' freq=2437 MHz)
04-17 02:52:02.196   291   291 I wpa_supplicant: wlan0: Associated with d0:c2:82:66:69:21
04-17 02:52:02.203   291   291 I wpa_supplicant: wlan0: CTRL-EVENT-EAP-STARTED EAP authentication started
04-17 02:52:02.207   291   291 I wpa_supplicant: wlan0: CTRL-EVENT-EAP-PROPOSED-METHOD vendor=0 method=4 -> NAK
04-17 02:52:02.215   291   291 I wpa_supplicant: wlan0: CTRL-EVENT-EAP-PROPOSED-METHOD vendor=0 method=25
04-17 02:52:02.215   291   291 I wpa_supplicant: wlan0: CTRL-EVENT-EAP-METHOD EAP vendor 0 method 25 (PEAP) selected
04-17 02:52:02.227   291   291 I wpa_supplicant: EAP-TLV: TLV Result - Success - EAP-TLV/Phase2 Completed
04-17 02:52:02.282   215   215 D dalvikvm: GC_FOR_ALLOC freed 314K, 17% free 9686K/11591K, paused 15ms
04-17 02:52:02.344   215   217 D dalvikvm: GC_CONCURRENT freed 371K, 16% free 9821K/11591K, paused 2ms+2ms
04-17 02:52:02.446   215   217 D dalvikvm: GC_CONCURRENT freed 493K, 16% free 9765K/11591K, paused 3ms+2ms
04-17 02:52:38.235   291   291 I wpa_supplicant: wlan0: CTRL-EVENT-EAP-STARTED EAP authentication started
04-17 02:52:38.242   291   291 I wpa_supplicant: wlan0: CTRL-EVENT-DISCONNECTED bssid=d0:c2:82:66:69:21 reason=0
04-17 02:52:39.532   291   291 I wpa_supplicant: wlan0: Trying to associate with d0:c2:82:66:69:21 (SSID='UB_Secure' freq=2437 MHz)
04-17 02:52:39.664   291   291 I wpa_supplicant: wlan0: Associated with d0:c2:82:66:69:21
04-17 02:52:39.668   291   291 I wpa_supplicant: wlan0: CTRL-EVENT-EAP-STARTED EAP authentication started
04-17 02:52:39.676   291   291 I wpa_supplicant: wlan0: CTRL-EVENT-EAP-PROPOSED-METHOD vendor=0 method=4 -> NAK
04-17 02:52:39.680   291   291 I wpa_supplicant: wlan0: CTRL-EVENT-EAP-PROPOSED-METHOD vendor=0 method=25
04-17 02:52:39.680   291   291 I wpa_supplicant: wlan0: CTRL-EVENT-EAP-METHOD EAP vendor 0 method 25 (PEAP) selected
04-17 02:52:39.871   291   291 I wpa_supplicant: EAP-TLV: TLV Result - Success - EAP-TLV/Phase2 Completed
04-17 02:52:55.024   974   974 I PhoneLab-Locks: wake lock acquired
04-17 02:52:55.039   974   974 I PhoneLab-StatusMonitor: Status Monitoring is started
04-17 02:52:55.086   974   976 D dalvikvm: GC_CONCURRENT freed 396K, 15% free 9334K/10887K, paused 2ms+3ms
04-17 02:52:55.090   974   974 I PhoneLab-StatusMonitor: Value: 5 - unit: min
04-17 02:52:55.090   974   974 I PhoneLab-StatusMonitor: Running interval: 300000
04-17 02:52:55.098   974   974 I PhoneLab-StatusMonitor: Rescheduling status monitoring...
04-17 02:52:55.098   974   974 I PhoneLab-Locks: wake lock released
04-17 02:52:55.102   974   974 I PhoneLab-StatusMonitorLocation: Learning Location
04-17 02:52:55.102   974   974 I PhoneLab-Locks: wake lock acquired
04-17 02:52:55.106   974   974 I PhoneLab-Locks: wake lock acquired
04-17 02:52:55.106   974   974 I PhoneLab-StatusMonitorLocation: Learning Signal Strgth
04-17 02:52:55.106   974   974 I PhoneLab-Locks: wake lock acquired
04-17 02:52:55.121   974   974 I PhoneLab-StatusMonitorBattery: Battery_level: 95
04-17 02:52:55.121   974   974 I PhoneLab-Locks: wake lock released
04-17 02:52:55.121   974   974 I PhoneLab-StatusMonitorSignal: Signal_Strength: -96 asu: 9
04-17 02:52:55.121   974   974 I PhoneLab-Locks: wake lock released
04-17 02:53:15.836   291   291 I wpa_supplicant: wlan0: CTRL-EVENT-DISCONNECTED bssid=d0:c2:82:66:69:21 reason=0
04-17 02:53:17.539   291   291 I wpa_supplicant: wlan0: Trying to associate with d0:c2:82:66:6b:f1 (SSID='UB_Secure' freq=2437 MHz)
04-17 02:53:17.582   291   291 I wpa_supplicant: wlan0: Associated with d0:c2:82:66:6b:f1
04-17 02:53:17.582   291   291 I wpa_supplicant: wlan0: CTRL-EVENT-EAP-STARTED EAP authentication started
04-17 02:53:17.590   291   291 I wpa_supplicant: wlan0: CTRL-EVENT-EAP-PROPOSED-METHOD vendor=0 method=4 -> NAK
04-17 02:53:17.598   291   291 I wpa_supplicant: wlan0: CTRL-EVENT-EAP-PROPOSED-METHOD vendor=0 method=25
04-17 02:53:17.598   291   291 I wpa_supplicant: wlan0: CTRL-EVENT-EAP-METHOD EAP vendor 0 method 25 (PEAP) selected
04-17 02:53:17.641   291   291 I wpa_supplicant: EAP-TLV: TLV Result - Success - EAP-TLV/Phase2 Completed
04-17 02:53:27.946   974  1149 I PhoneLab-: Service Running
04-17 02:53:28.000   974  1149 I PhoneLab-LoggerService: app_34    1153  974   1444   1072  c00f1758 400c6794 S logcat
04-17 02:53:28.000   974  1149 I PhoneLab-LoggerService: Logcat pid from database 1153
04-17 02:53:28.000   974  1149 I PhoneLab-LoggerService: Logcat process found 1153
04-17 02:53:28.000   974  1149 I PhoneLab-LoggerService: Checking Threshold
04-17 02:53:53.633   291   291 I wpa_supplicant: wlan0: CTRL-EVENT-DISCONNECTED bssid=d0:c2:82:66:6b:f1 reason=0
04-17 02:53:54.914   291   291 I wpa_supplicant: wlan0: Trying to associate with d0:c2:82:66:6b:f1 (SSID='UB_Secure' freq=2437 MHz)
04-17 02:53:54.973   291   291 I wpa_supplicant: wlan0: Associated with d0:c2:82:66:6b:f1
04-17 02:53:54.973   291   291 I wpa_supplicant: wlan0: CTRL-EVENT-EAP-STARTED EAP authentication started
04-17 02:53:54.981   291   291 I wpa_supplicant: wlan0: CTRL-EVENT-EAP-PROPOSED-METHOD vendor=0 method=4 -> NAK
04-17 02:53:54.985   291   291 I wpa_supplicant: wlan0: CTRL-EVENT-EAP-PROPOSED-METHOD vendor=0 method=25
04-17 02:53:54.985   291   291 I wpa_supplicant: wlan0: CTRL-EVENT-EAP-METHOD EAP vendor 0 method 25 (PEAP) selected
04-17 02:53:55.000   291   291 I wpa_supplicant: EAP-TLV: TLV Result - Success - EAP-TLV/Phase2 Completed
04-17 02:54:30.828   291   291 I wpa_supplicant: wlan0: CTRL-EVENT-EAP-STARTED EAP authentication started
04-17 02:54:30.840   291   291 I wpa_supplicant: wlan0: CTRL-EVENT-DISCONNECTED bssid=d0:c2:82:66:6b:f1 reason=0
04-17 02:54:48.129   291   291 I wpa_supplicant: wlan0: Trying to associate with d0:c2:82:66:6b:f1 (SSID='UB_Secure' freq=2437 MHz)
04-17 02:54:48.172   291   291 I wpa_supplicant: wlan0: Associated with d0:c2:82:66:6b:f1
04-17 02:54:48.172   291   291 I wpa_supplicant: wlan0: CTRL-EVENT-EAP-STARTED EAP authentication started
04-17 02:54:48.176   291   291 I wpa_supplicant: wlan0: CTRL-EVENT-EAP-PROPOSED-METHOD vendor=0 method=4 -> NAK
04-17 02:54:48.180   291   291 I wpa_supplicant: wlan0: CTRL-EVENT-EAP-PROPOSED-METHOD vendor=0 method=25
04-17 02:54:48.180   291   291 I wpa_supplicant: wlan0: CTRL-EVENT-EAP-METHOD EAP vendor 0 method 25 (PEAP) selected
04-17 02:54:48.188   291   291 I wpa_supplicant: EAP-TLV: TLV Result - Success - EAP-TLV/Phase2 Completed
04-17 02:55:24.032   291   291 I wpa_supplicant: wlan0: CTRL-EVENT-EAP-STARTED EAP authentication started
04-17 02:55:24.043   291   291 I wpa_supplicant: wlan0: CTRL-EVENT-DISCONNECTED bssid=d0:c2:82:66:6b:f1 reason=0
04-17 02:55:27.946   974  1149 I PhoneLab-: Service Running
04-17 02:55:27.996   974  1149 I PhoneLab-LoggerService: app_34    1153  974   1444   1072  c00f1758 400c6794 S logcat
04-17 02:55:27.996   974  1149 I PhoneLab-LoggerService: Logcat pid from database 1153
04-17 02:55:28.000   974  1149 I PhoneLab-LoggerService: Logcat process found 1153
04-17 02:55:28.000   974  1149 I PhoneLab-LoggerService: Checking Threshold
04-17 02:55:40.895   291   291 I wpa_supplicant: wlan0: Trying to associate with d0:c2:82:66:6b:f1 (SSID='UB_Secure' freq=2437 MHz)
04-17 02:55:40.914   291   291 I wpa_supplicant: wlan0: Associated with d0:c2:82:66:6b:f1
04-17 02:55:40.918   291   291 I wpa_supplicant: wlan0: CTRL-EVENT-EAP-STARTED EAP authentication started
04-17 02:55:40.922   291   291 I wpa_supplicant: wlan0: CTRL-EVENT-EAP-PROPOSED-METHOD vendor=0 method=4 -> NAK
04-17 02:55:40.930   291   291 I wpa_supplicant: wlan0: CTRL-EVENT-EAP-PROPOSED-METHOD vendor=0 method=25
04-17 02:55:40.930   291   291 I wpa_supplicant: wlan0: CTRL-EVENT-EAP-METHOD EAP vendor 0 method 25 (PEAP) selected
04-17 02:55:40.934   291   291 I wpa_supplicant: EAP-TLV: TLV Result - Success - EAP-TLV/Phase2 Completed
04-17 02:56:16.832   291   291 I wpa_supplicant: wlan0: CTRL-EVENT-DISCONNECTED bssid=d0:c2:82:66:6b:f1 reason=0
04-17 02:56:18.117   291   291 I wpa_supplicant: wlan0: Trying to associate with d0:c2:82:84:8d:51 (SSID='UB_Secure' freq=2437 MHz)
04-17 02:56:22.805   291   291 I wpa_supplicant: wlan0: CTRL-EVENT-DISCONNECTED bssid=d0:c2:82:84:8d:51 reason=0
04-17 02:56:23.422   291   291 I wpa_supplicant: wlan0: Trying to associate with d0:c2:82:2d:e4:b1 (SSID='UB_Secure' freq=2412 MHz)
04-17 02:56:23.578   291   291 I wpa_supplicant: wlan0: Associated with d0:c2:82:2d:e4:b1
04-17 02:56:23.578   291   291 I wpa_supplicant: wlan0: CTRL-EVENT-EAP-STARTED EAP authentication started
04-17 02:56:23.582   291   291 I wpa_supplicant: wlan0: CTRL-EVENT-EAP-PROPOSED-METHOD vendor=0 method=4 -> NAK
04-17 02:56:23.586   291   291 I wpa_supplicant: wlan0: CTRL-EVENT-EAP-PROPOSED-METHOD vendor=0 method=25
04-17 02:56:23.586   291   291 I wpa_supplicant: wlan0: CTRL-EVENT-EAP-METHOD EAP vendor 0 method 25 (PEAP) selected
04-17 02:56:23.602   291   291 I wpa_supplicant: EAP-TLV: TLV Result - Success - EAP-TLV/Phase2 Completed
04-17 02:56:23.676    75   114 D NetlinkEvent: Unexpected netlink message. type=0x0
04-17 02:56:59.426   291   291 I wpa_supplicant: wlan0: CTRL-EVENT-EAP-STARTED EAP authentication started
04-17 02:56:59.430    75   114 D NetlinkEvent: Unexpected netlink message. type=0x0
04-17 02:56:59.438   291   291 I wpa_supplicant: wlan0: CTRL-EVENT-DISCONNECTED bssid=d0:c2:82:2d:e4:b1 reason=0
04-17 02:57:16.293   291   291 I wpa_supplicant: wlan0: Trying to associate with d0:c2:82:66:6b:f1 (SSID='UB_Secure' freq=2437 MHz)
04-17 02:57:26.418   291   291 I wpa_supplicant: wlan0: Authentication with d0:c2:82:66:6b:f1 timed out.
04-17 02:57:27.946   974  1149 I PhoneLab-: Service Running
04-17 02:57:27.977   291   291 I wpa_supplicant: wlan0: Trying to associate with d0:c2:82:66:6b:f1 (SSID='UB_Secure' freq=2437 MHz)
04-17 02:57:27.996   291   291 I wpa_supplicant: wlan0: Associated with d0:c2:82:66:6b:f1
04-17 02:57:27.996   291   291 I wpa_supplicant: wlan0: CTRL-EVENT-EAP-STARTED EAP authentication started
04-17 02:57:28.000   291   291 I wpa_supplicant: wlan0: CTRL-EVENT-EAP-PROPOSED-METHOD vendor=0 method=4 -> NAK
04-17 02:57:28.004   291   291 I wpa_supplicant: wlan0: CTRL-EVENT-EAP-PROPOSED-METHOD vendor=0 method=25
04-17 02:57:28.004   291   291 I wpa_supplicant: wlan0: CTRL-EVENT-EAP-METHOD EAP vendor 0 method 25 (PEAP) selected
04-17 02:57:28.012   291   291 I wpa_supplicant: EAP-TLV: TLV Result - Success - EAP-TLV/Phase2 Completed
04-17 02:57:28.024   974  1149 I PhoneLab-LoggerService: app_34    1153  974   1444   1072  c00f1758 400c6794 S logcat
04-17 02:57:28.024   974  1149 I PhoneLab-LoggerService: Logcat pid from database 1153
04-17 02:57:28.024   974  1149 I PhoneLab-LoggerService: Logcat process found 1153
04-17 02:57:28.024   974  1149 I PhoneLab-LoggerService: Checking Threshold
04-17 02:57:28.199    75   114 D NetlinkEvent: Unexpected netlink message. type=0x0
04-17 02:57:55.121   974   974 I PhoneLab-Locks: wake lock acquired
04-17 02:57:55.133   974   974 I PhoneLab-StatusMonitor: Status Monitoring is started
04-17 02:57:55.176   974   976 D dalvikvm: GC_CONCURRENT freed 589K, 15% free 9257K/10887K, paused 2ms+3ms
04-17 02:57:55.192   974   974 I PhoneLab-StatusMonitor: Value: 5 - unit: min
04-17 02:57:55.192   974   974 I PhoneLab-StatusMonitor: Running interval: 300000
04-17 02:57:55.203   974   974 I PhoneLab-StatusMonitor: Rescheduling status monitoring...
04-17 02:57:55.203   974   974 I PhoneLab-Locks: wake lock released
04-17 02:57:55.207   974   974 I PhoneLab-StatusMonitorLocation: Learning Location
04-17 02:57:55.207   974   974 I PhoneLab-Locks: wake lock acquired
04-17 02:57:55.207   974   974 I PhoneLab-Locks: wake lock acquired
04-17 02:57:55.211   974   974 I PhoneLab-StatusMonitorLocation: Learning Signal Strgth
04-17 02:57:55.211   974   974 I PhoneLab-Locks: wake lock acquired
04-17 02:57:55.215   974   974 I PhoneLab-StatusMonitorBattery: Battery_level: 95
04-17 02:57:55.215   974   974 I PhoneLab-Locks: wake lock released
04-17 02:57:55.219   974   974 I PhoneLab-StatusMonitorSignal: Signal_Strength: -96 asu: 9
04-17 02:57:55.219   974   974 I PhoneLab-Locks: wake lock released
04-17 02:58:03.828    75   114 D NetlinkEvent: Unexpected netlink message. type=0x0
04-17 02:58:03.836   291   291 I wpa_supplicant: wlan0: CTRL-EVENT-DISCONNECTED bssid=d0:c2:82:66:6b:f1 reason=0
04-17 02:58:05.520   291   291 I wpa_supplicant: wlan0: Trying to associate with d0:c2:82:66:69:21 (SSID='UB_Secure' freq=2437 MHz)
04-17 02:58:05.594   291   291 I wpa_supplicant: wlan0: Associated with d0:c2:82:66:69:21
04-17 02:58:05.594   291   291 I wpa_supplicant: wlan0: CTRL-EVENT-EAP-STARTED EAP authentication started
04-17 02:58:05.606   291   291 I wpa_supplicant: wlan0: CTRL-EVENT-EAP-PROPOSED-METHOD vendor=0 method=4 -> NAK
04-17 02:58:05.610   291   291 I wpa_supplicant: wlan0: CTRL-EVENT-EAP-PROPOSED-METHOD vendor=0 method=25
04-17 02:58:05.614   291   291 I wpa_supplicant: wlan0: CTRL-EVENT-EAP-METHOD EAP vendor 0 method 25 (PEAP) selected
04-17 02:58:05.629    75   114 D NetlinkEvent: Unexpected netlink message. type=0x0
04-17 02:58:05.649   291   291 I wpa_supplicant: EAP-TLV: TLV Result - Success - EAP-TLV/Phase2 Completed
04-17 02:58:41.629   291   291 I wpa_supplicant: wlan0: CTRL-EVENT-DISCONNECTED bssid=d0:c2:82:66:69:21 reason=0
04-17 02:58:41.629    75   114 D NetlinkEvent: Unexpected netlink message. type=0x0
04-17 02:58:42.918   291   291 I wpa_supplicant: wlan0: Trying to associate with d0:c2:82:66:69:21 (SSID='UB_Secure' freq=2437 MHz)
04-17 02:58:47.414   291   291 I wpa_supplicant: wlan0: CTRL-EVENT-DISCONNECTED bssid=d0:c2:82:66:69:21 reason=0
04-17 02:58:48.024   291   291 I wpa_supplicant: wlan0: Trying to associate with d0:c2:82:66:6b:f1 (SSID='UB_Secure' freq=2437 MHz)
04-17 02:58:48.043   291   291 I wpa_supplicant: wlan0: Associated with d0:c2:82:66:6b:f1
04-17 02:58:48.043   291   291 I wpa_supplicant: wlan0: CTRL-EVENT-EAP-STARTED EAP authentication started
04-17 02:58:48.051   291   291 I wpa_supplicant: wlan0: CTRL-EVENT-EAP-PROPOSED-METHOD vendor=0 method=4 -> NAK
04-17 02:58:48.055   291   291 I wpa_supplicant: wlan0: CTRL-EVENT-EAP-PROPOSED-METHOD vendor=0 method=25
04-17 02:58:48.055   291   291 I wpa_supplicant: wlan0: CTRL-EVENT-EAP-METHOD EAP vendor 0 method 25 (PEAP) selected
04-17 02:58:48.063   291   291 I wpa_supplicant: EAP-TLV: TLV Result - Success - EAP-TLV/Phase2 Completed
04-17 02:58:48.106    75   114 D NetlinkEvent: Unexpected netlink message. type=0x0
04-17 02:59:24.024    75   114 D NetlinkEvent: Unexpected netlink message. type=0x0
04-17 02:59:24.028   291   291 I wpa_supplicant: wlan0: CTRL-EVENT-DISCONNECTED bssid=d0:c2:82:66:6b:f1 reason=0
04-17 02:59:25.317   291   291 I wpa_supplicant: wlan0: Trying to associate with d0:c2:82:66:69:21 (SSID='UB_Secure' freq=2437 MHz)
04-17 02:59:27.946   974  1149 I PhoneLab-: Service Running
04-17 02:59:28.039   974  1149 I PhoneLab-LoggerService: app_34    1153  974   1444   1072  c00f1758 400c6794 S logcat
04-17 02:59:28.039   974  1149 I PhoneLab-LoggerService: Logcat pid from database 1153
04-17 02:59:28.039   974  1149 I PhoneLab-LoggerService: Logcat process found 1153
04-17 02:59:28.039   974  1149 I PhoneLab-LoggerService: Checking Threshold
04-17 02:59:29.875   291   291 I wpa_supplicant: wlan0: CTRL-EVENT-DISCONNECTED bssid=d0:c2:82:66:69:21 reason=0
04-17 02:59:30.891   291   291 I wpa_supplicant: wlan0: Trying to associate with d0:c2:82:2d:e4:b1 (SSID='UB_Secure' freq=2412 MHz)
04-17 02:59:31.129   291   291 I wpa_supplicant: wlan0: Associated with d0:c2:82:2d:e4:b1
04-17 02:59:31.129   291   291 I wpa_supplicant: wlan0: CTRL-EVENT-EAP-STARTED EAP authentication started
04-17 02:59:31.137   291   291 I wpa_supplicant: wlan0: CTRL-EVENT-EAP-PROPOSED-METHOD vendor=0 method=4 -> NAK
04-17 02:59:31.141   291   291 I wpa_supplicant: wlan0: CTRL-EVENT-EAP-PROPOSED-METHOD vendor=0 method=25
04-17 02:59:31.141   291   291 I wpa_supplicant: wlan0: CTRL-EVENT-EAP-METHOD EAP vendor 0 method 25 (PEAP) selected
04-17 02:59:31.145   291   291 I wpa_supplicant: EAP-TLV: TLV Result - Success - EAP-TLV/Phase2 Completed
04-17 02:59:31.164    75   114 D NetlinkEvent: Unexpected netlink message. type=0x0
04-17 03:00:07.024   291   291 I wpa_supplicant: wlan0: CTRL-EVENT-EAP-STARTED EAP authentication started
04-17 03:00:07.028    75   114 D NetlinkEvent: Unexpected netlink message. type=0x0
04-17 03:00:07.032   291   291 I wpa_supplicant: wlan0: CTRL-EVENT-DISCONNECTED bssid=d0:c2:82:2d:e4:b1 reason=0
04-17 03:00:07.157   145   147 D dalvikvm: JIT code cache reset in 4 ms (1048460 bytes 13/0)
04-17 03:00:07.176   145   147 D dalvikvm: GC_CONCURRENT freed 1132K, 15% free 14960K/17479K, paused 19ms+12ms
04-17 03:00:23.864   291   291 I wpa_supplicant: wlan0: Trying to associate with d0:c2:82:66:6b:f1 (SSID='UB_Secure' freq=2437 MHz)
04-17 03:00:24.032   291   291 I wpa_supplicant: wlan0: Associated with d0:c2:82:66:6b:f1
04-17 03:00:24.032   291   291 I wpa_supplicant: wlan0: CTRL-EVENT-EAP-STARTED EAP authentication started
04-17 03:00:24.035   291   291 I wpa_supplicant: wlan0: CTRL-EVENT-EAP-PROPOSED-METHOD vendor=0 method=4 -> NAK
04-17 03:00:24.039   291   291 I wpa_supplicant: wlan0: CTRL-EVENT-EAP-PROPOSED-METHOD vendor=0 method=25
04-17 03:00:24.039   291   291 I wpa_supplicant: wlan0: CTRL-EVENT-EAP-METHOD EAP vendor 0 method 25 (PEAP) selected
04-17 03:00:24.047   291   291 I wpa_supplicant: EAP-TLV: TLV Result - Success - EAP-TLV/Phase2 Completed
04-17 03:00:24.098    75   114 D NetlinkEvent: Unexpected netlink message. type=0x0
04-17 03:00:49.692   270  1101 I EventLogService: Aggregate from 1334644249579 (log), 1334644249579 (data)
04-17 03:01:00.020   291   291 I wpa_supplicant: wlan0: CTRL-EVENT-EAP-STARTED EAP authentication started
04-17 03:01:00.024    75   114 D NetlinkEvent: Unexpected netlink message. type=0x0
04-17 03:01:00.028   291   291 I wpa_supplicant: wlan0: CTRL-EVENT-DISCONNECTED bssid=d0:c2:82:66:6b:f1 reason=0
04-17 03:01:01.313   291   291 I wpa_supplicant: wlan0: Trying to associate with d0:c2:82:84:8d:51 (SSID='UB_Secure' freq=2437 MHz)
04-17 03:01:05.871   291   291 I wpa_supplicant: wlan0: CTRL-EVENT-DISCONNECTED bssid=d0:c2:82:84:8d:51 reason=0
04-17 03:01:06.489   291   291 I wpa_supplicant: wlan0: Trying to associate with d0:c2:82:66:69:21 (SSID='UB_Secure' freq=2437 MHz)
04-17 03:01:06.559   291   291 I wpa_supplicant: wlan0: Associated with d0:c2:82:66:69:21
04-17 03:01:06.567   291   291 I wpa_supplicant: wlan0: CTRL-EVENT-EAP-STARTED EAP authentication started
04-17 03:01:06.574   291   291 I wpa_supplicant: wlan0: CTRL-EVENT-EAP-PROPOSED-METHOD vendor=0 method=4 -> NAK
04-17 03:01:06.586   291   291 I wpa_supplicant: wlan0: CTRL-EVENT-EAP-PROPOSED-METHOD vendor=0 method=25
04-17 03:01:06.586   291   291 I wpa_supplicant: wlan0: CTRL-EVENT-EAP-METHOD EAP vendor 0 method 25 (PEAP) selected
04-17 03:01:06.606   291   291 I wpa_supplicant: EAP-TLV: TLV Result - Success - EAP-TLV/Phase2 Completed
04-17 03:01:06.657    75   114 D NetlinkEvent: Unexpected netlink message. type=0x0
04-17 03:01:27.946   974  1149 I PhoneLab-: Service Running
04-17 03:01:28.000   974  1149 I PhoneLab-LoggerService: app_34    1153  974   1444   1072  c00f1758 400c6794 S logcat
04-17 03:01:28.000   974  1149 I PhoneLab-LoggerService: Logcat pid from database 1153
04-17 03:01:28.000   974  1149 I PhoneLab-LoggerService: Logcat process found 1153
04-17 03:01:28.000   974  1149 I PhoneLab-LoggerService: Checking Threshold
04-17 03:01:42.422   291   291 I wpa_supplicant: wlan0: CTRL-EVENT-EAP-STARTED EAP authentication started
04-17 03:01:42.426    75   114 D NetlinkEvent: Unexpected netlink message. type=0x0
04-17 03:01:42.430   291   291 I wpa_supplicant: wlan0: CTRL-EVENT-DISCONNECTED bssid=d0:c2:82:66:69:21 reason=0
04-17 03:01:43.707   291   291 I wpa_supplicant: wlan0: Trying to associate with d0:c2:82:66:69:21 (SSID='UB_Secure' freq=2437 MHz)
04-17 03:01:48.321   291   291 I wpa_supplicant: wlan0: CTRL-EVENT-DISCONNECTED bssid=d0:c2:82:66:69:21 reason=0
04-17 03:01:49.344   291   291 I wpa_supplicant: wlan0: Trying to associate with d0:c2:82:66:6b:f1 (SSID='UB_Secure' freq=2437 MHz)
04-17 03:01:49.508   291   291 I wpa_supplicant: wlan0: Associated with d0:c2:82:66:6b:f1
04-17 03:01:49.508   291   291 I wpa_supplicant: wlan0: CTRL-EVENT-EAP-STARTED EAP authentication started
04-17 03:01:49.516   291   291 I wpa_supplicant: wlan0: CTRL-EVENT-EAP-PROPOSED-METHOD vendor=0 method=4 -> NAK
04-17 03:01:49.520   291   291 I wpa_supplicant: wlan0: CTRL-EVENT-EAP-PROPOSED-METHOD vendor=0 method=25
04-17 03:01:49.520   291   291 I wpa_supplicant: wlan0: CTRL-EVENT-EAP-METHOD EAP vendor 0 method 25 (PEAP) selected
04-17 03:01:49.528   291   291 I wpa_supplicant: EAP-TLV: TLV Result - Success - EAP-TLV/Phase2 Completed
04-17 03:01:49.528    75   114 D NetlinkEvent: Unexpected netlink message. type=0x0
04-17 03:02:25.418   291   291 I wpa_supplicant: wlan0: CTRL-EVENT-EAP-STARTED EAP authentication started
04-17 03:02:25.422    75   114 D NetlinkEvent: Unexpected netlink message. type=0x0
04-17 03:02:25.430   291   291 I wpa_supplicant: wlan0: CTRL-EVENT-DISCONNECTED bssid=d0:c2:82:66:6b:f1 reason=0
04-17 03:02:26.715   291   291 I wpa_supplicant: wlan0: Trying to associate with d0:c2:82:84:8d:51 (SSID='UB_Secure' freq=2437 MHz)
04-17 03:02:31.309   291   291 I wpa_supplicant: wlan0: CTRL-EVENT-DISCONNECTED bssid=d0:c2:82:84:8d:51 reason=0
04-17 03:02:31.930   291   291 I wpa_supplicant: wlan0: Trying to associate with d0:c2:82:2d:e4:b1 (SSID='UB_Secure' freq=2412 MHz)
04-17 03:02:32.094   291   291 I wpa_supplicant: wlan0: Associated with d0:c2:82:2d:e4:b1
04-17 03:02:32.094   291   291 I wpa_supplicant: wlan0: CTRL-EVENT-EAP-STARTED EAP authentication started
04-17 03:02:32.102   291   291 I wpa_supplicant: wlan0: CTRL-EVENT-EAP-PROPOSED-METHOD vendor=0 method=4 -> NAK
04-17 03:02:32.110   291   291 I wpa_supplicant: wlan0: CTRL-EVENT-EAP-PROPOSED-METHOD vendor=0 method=25
04-17 03:02:32.110   291   291 I wpa_supplicant: wlan0: CTRL-EVENT-EAP-METHOD EAP vendor 0 method 25 (PEAP) selected
04-17 03:02:32.114   291   291 I wpa_supplicant: EAP-TLV: TLV Result - Success - EAP-TLV/Phase2 Completed
04-17 03:02:32.196    75   114 D NetlinkEvent: Unexpected netlink message. type=0x0
04-17 03:02:55.235   974   974 I PhoneLab-Locks: wake lock acquired
04-17 03:02:55.250   974   974 I PhoneLab-StatusMonitor: Status Monitoring is started
04-17 03:02:55.297   974   976 D dalvikvm: GC_CONCURRENT freed 518K, 16% free 9250K/10887K, paused 2ms+4ms
04-17 03:02:55.321   974   974 I PhoneLab-StatusMonitor: Value: 5 - unit: min
04-17 03:02:55.321   974   974 I PhoneLab-StatusMonitor: Running interval: 300000
04-17 03:02:55.328   974   974 I PhoneLab-StatusMonitor: Rescheduling status monitoring...
04-17 03:02:55.352   974   974 D dalvikvm: GC_EXPLICIT freed 335K, 16% free 9229K/10887K, paused 1ms+3ms
04-17 03:02:55.352   974   974 I PhoneLab-Locks: wake lock released
04-17 03:02:55.356   974   974 I PhoneLab-StatusMonitorLocation: Learning Location
04-17 03:02:55.356   974   974 I PhoneLab-Locks: wake lock acquired
04-17 03:02:55.356   974   974 I PhoneLab-Locks: wake lock acquired
04-17 03:02:55.360   974   974 I PhoneLab-StatusMonitorLocation: Learning Signal Strgth
04-17 03:02:55.360   974   974 I PhoneLab-Locks: wake lock acquired
04-17 03:02:55.367   974   974 I PhoneLab-StatusMonitorBattery: Battery_level: 95
04-17 03:02:55.367   974   974 I PhoneLab-Locks: wake lock released
04-17 03:02:55.367   974   974 I PhoneLab-StatusMonitorSignal: Signal_Strength: -96 asu: 9
04-17 03:02:55.367   974   974 I PhoneLab-Locks: wake lock released
04-17 03:03:08.020   291   291 I wpa_supplicant: wlan0: CTRL-EVENT-EAP-STARTED EAP authentication started
04-17 03:03:08.020    75   114 D NetlinkEvent: Unexpected netlink message. type=0x0
04-17 03:03:08.024   291   291 I wpa_supplicant: wlan0: CTRL-EVENT-DISCONNECTED bssid=d0:c2:82:2d:e4:b1 reason=0
04-17 03:03:24.860   291   291 I wpa_supplicant: wlan0: Trying to associate with d0:c2:82:66:6b:f1 (SSID='UB_Secure' freq=2437 MHz)
04-17 03:03:24.996    75   114 D NetlinkEvent: Unexpected netlink message. type=0x0
04-17 03:03:25.000   291   291 I wpa_supplicant: wlan0: Associated with d0:c2:82:66:6b:f1
04-17 03:03:25.000   291   291 I wpa_supplicant: wlan0: CTRL-EVENT-EAP-STARTED EAP authentication started
04-17 03:03:25.008   291   291 I wpa_supplicant: wlan0: CTRL-EVENT-EAP-PROPOSED-METHOD vendor=0 method=4 -> NAK
04-17 03:03:25.012   291   291 I wpa_supplicant: wlan0: CTRL-EVENT-EAP-PROPOSED-METHOD vendor=0 method=25
04-17 03:03:25.012   291   291 I wpa_supplicant: wlan0: CTRL-EVENT-EAP-METHOD EAP vendor 0 method 25 (PEAP) selected
04-17 03:03:25.020   291   291 I wpa_supplicant: EAP-TLV: TLV Result - Success - EAP-TLV/Phase2 Completed
04-17 03:03:27.946   974  1149 I PhoneLab-: Service Running
04-17 03:03:28.008   974  1149 I PhoneLab-LoggerService: app_34    1153  974   1444   1072  c00f1758 400c6794 S logcat
04-17 03:03:28.008   974  1149 I PhoneLab-LoggerService: Logcat pid from database 1153
04-17 03:03:28.008   974  1149 I PhoneLab-LoggerService: Logcat process found 1153
04-17 03:03:28.008   974  1149 I PhoneLab-LoggerService: Checking Threshold
04-17 03:04:01.016   291   291 I wpa_supplicant: wlan0: CTRL-EVENT-EAP-STARTED EAP authentication started
04-17 03:04:01.020    75   114 D NetlinkEvent: Unexpected netlink message. type=0x0
04-17 03:04:01.032   291   291 I wpa_supplicant: wlan0: CTRL-EVENT-DISCONNECTED bssid=d0:c2:82:66:6b:f1 reason=0
04-17 03:04:02.313   291   291 I wpa_supplicant: wlan0: Trying to associate with d0:c2:82:84:8d:51 (SSID='UB_Secure' freq=2437 MHz)
04-17 03:04:06.782   291   291 I wpa_supplicant: wlan0: CTRL-EVENT-DISCONNECTED bssid=d0:c2:82:84:8d:51 reason=0
04-17 03:04:07.410   291   291 I wpa_supplicant: wlan0: Trying to associate with d0:c2:82:2d:e4:b1 (SSID='UB_Secure' freq=2412 MHz)
04-17 03:04:07.563   291   291 I wpa_supplicant: wlan0: Associated with d0:c2:82:2d:e4:b1
04-17 03:04:07.563   291   291 I wpa_supplicant: wlan0: CTRL-EVENT-EAP-STARTED EAP authentication started
04-17 03:04:07.567   291   291 I wpa_supplicant: wlan0: CTRL-EVENT-EAP-PROPOSED-METHOD vendor=0 method=4 -> NAK
04-17 03:04:07.574   291   291 I wpa_supplicant: wlan0: CTRL-EVENT-EAP-PROPOSED-METHOD vendor=0 method=25
04-17 03:04:07.574   291   291 I wpa_supplicant: wlan0: CTRL-EVENT-EAP-METHOD EAP vendor 0 method 25 (PEAP) selected
04-17 03:04:07.586   291   291 I wpa_supplicant: EAP-TLV: TLV Result - Success - EAP-TLV/Phase2 Completed
04-17 03:04:07.653    75   114 D NetlinkEvent: Unexpected netlink message. type=0x0
04-17 03:04:43.414   291   291 I wpa_supplicant: wlan0: CTRL-EVENT-EAP-STARTED EAP authentication started
04-17 03:04:43.418    75   114 D NetlinkEvent: Unexpected netlink message. type=0x0
04-17 03:04:43.422   291   291 I wpa_supplicant: wlan0: CTRL-EVENT-DISCONNECTED bssid=d0:c2:82:2d:e4:b1 reason=0
04-17 03:04:44.703   291   291 I wpa_supplicant: wlan0: Trying to associate with d0:c2:82:67:e7:61 (SSID='UB_Secure' freq=2412 MHz)
04-17 03:04:44.774   291   291 I wpa_supplicant: wlan0: Associated with d0:c2:82:67:e7:61
04-17 03:04:44.774   291   291 I wpa_supplicant: wlan0: CTRL-EVENT-EAP-STARTED EAP authentication started
04-17 03:04:44.782   291   291 I wpa_supplicant: wlan0: CTRL-EVENT-EAP-PROPOSED-METHOD vendor=0 method=4 -> NAK
04-17 03:04:44.785   291   291 I wpa_supplicant: wlan0: CTRL-EVENT-EAP-PROPOSED-METHOD vendor=0 method=25
04-17 03:04:44.785   291   291 I wpa_supplicant: wlan0: CTRL-EVENT-EAP-METHOD EAP vendor 0 method 25 (PEAP) selected
04-17 03:04:44.793    75   114 D NetlinkEvent: Unexpected netlink message. type=0x0
04-17 03:04:44.821   291   291 I wpa_supplicant: EAP-TLV: TLV Result - Success - EAP-TLV/Phase2 Completed
04-17 03:04:50.164   145   161 V BackupManagerService: Running a backup pass
04-17 03:04:50.180   145   214 V BackupManagerService: Backup requested but nothing pending
04-17 03:04:52.785   974   974 I PhoneLab-Locks: wake lock acquired
04-17 03:04:52.813   974 27644 I PhoneLab-PeriodicCheckService: User info is synched
04-17 03:04:52.817   974 27644 I PhoneLab-PeriodicCheckService: Logger Service is running
04-17 03:04:52.817   974 27644 I PhoneLab-Locks: wake lock acquired
04-17 03:04:52.821   974   974 I PhoneLab-UploadLogs: Transfering log files now
04-17 03:04:52.821   974   974 I PhoneLab-UploadLogs: No log files to transfer
04-17 03:04:52.821   974   974 I PhoneLab-Locks: wake lock released
04-17 03:04:52.821   974   974 I PhoneLab-UploadLogs: OnStartCommand
04-17 03:04:52.824   974 27644 I PhoneLab-PeriodicCheckService: Rescheduling periodic checking...
04-17 03:04:52.824   974 27644 I PhoneLab-Locks: wake lock released
04-17 03:05:20.813    75   114 D NetlinkEvent: Unexpected netlink message. type=0x0
04-17 03:05:20.817   291   291 I wpa_supplicant: wlan0: CTRL-EVENT-EAP-STARTED EAP authentication started
04-17 03:05:20.828   291   291 I wpa_supplicant: wlan0: CTRL-EVENT-DISCONNECTED bssid=d0:c2:82:67:e7:61 reason=0
04-17 03:05:22.114   291   291 I wpa_supplicant: wlan0: Trying to associate with d0:c2:82:66:6b:f1 (SSID='UB_Secure' freq=2437 MHz)
04-17 03:05:22.289   291   291 I wpa_supplicant: wlan0: Associated with d0:c2:82:66:6b:f1
04-17 03:05:22.289   291   291 I wpa_supplicant: wlan0: CTRL-EVENT-EAP-STARTED EAP authentication started
04-17 03:05:22.297    75   114 D NetlinkEvent: Unexpected netlink message. type=0x0
04-17 03:05:22.301   291   291 I wpa_supplicant: wlan0: CTRL-EVENT-EAP-PROPOSED-METHOD vendor=0 method=4 -> NAK
04-17 03:05:22.313   291   291 I wpa_supplicant: wlan0: CTRL-EVENT-EAP-PROPOSED-METHOD vendor=0 method=25
04-17 03:05:22.317   291   291 I wpa_supplicant: wlan0: CTRL-EVENT-EAP-METHOD EAP vendor 0 method 25 (PEAP) selected
04-17 03:05:22.328   291   291 I wpa_supplicant: EAP-TLV: TLV Result - Success - EAP-TLV/Phase2 Completed
04-17 03:05:27.946   974  1149 I PhoneLab-: Service Running
04-17 03:05:27.996   974  1149 I PhoneLab-LoggerService: app_34    1153  974   1444   1072  c00f1758 400c6794 S logcat
04-17 03:05:27.996   974  1149 I PhoneLab-LoggerService: Logcat pid from database 1153
04-17 03:05:28.000   974  1149 I PhoneLab-LoggerService: Logcat process found 1153
04-17 03:05:28.000   974  1149 I PhoneLab-LoggerService: Checking Threshold
04-17 03:05:58.211   291   291 I wpa_supplicant: wlan0: CTRL-EVENT-EAP-STARTED EAP authentication started
04-17 03:05:58.215    75   114 D NetlinkEvent: Unexpected netlink message. type=0x0
04-17 03:05:58.219   291   291 I wpa_supplicant: wlan0: CTRL-EVENT-DISCONNECTED bssid=d0:c2:82:66:6b:f1 reason=0
04-17 03:05:59.508   291   291 I wpa_supplicant: wlan0: Trying to associate with d0:c2:82:84:8d:51 (SSID='UB_Secure' freq=2437 MHz)
04-17 03:06:04.074   291   291 I wpa_supplicant: wlan0: CTRL-EVENT-DISCONNECTED bssid=d0:c2:82:84:8d:51 reason=0
04-17 03:06:04.703   291   291 I wpa_supplicant: wlan0: Trying to associate with d0:c2:82:2d:e4:b1 (SSID='UB_Secure' freq=2412 MHz)
04-17 03:06:04.860   291   291 I wpa_supplicant: wlan0: Associated with d0:c2:82:2d:e4:b1
04-17 03:06:04.860   291   291 I wpa_supplicant: wlan0: CTRL-EVENT-EAP-STARTED EAP authentication started
04-17 03:06:04.867   291   291 I wpa_supplicant: wlan0: CTRL-EVENT-EAP-PROPOSED-METHOD vendor=0 method=4 -> NAK
04-17 03:06:04.867   291   291 I wpa_supplicant: wlan0: CTRL-EVENT-EAP-PROPOSED-METHOD vendor=0 method=25
04-17 03:06:04.867   291   291 I wpa_supplicant: wlan0: CTRL-EVENT-EAP-METHOD EAP vendor 0 method 25 (PEAP) selected
04-17 03:06:04.875   291   291 I wpa_supplicant: EAP-TLV: TLV Result - Success - EAP-TLV/Phase2 Completed
04-17 03:06:05.051    75   114 D NetlinkEvent: Unexpected netlink message. type=0x0
04-17 03:06:40.809   291   291 I wpa_supplicant: wlan0: CTRL-EVENT-EAP-STARTED EAP authentication started
04-17 03:06:40.813    75   114 D NetlinkEvent: Unexpected netlink message. type=0x0
04-17 03:06:40.817   291   291 I wpa_supplicant: wlan0: CTRL-EVENT-DISCONNECTED bssid=d0:c2:82:2d:e4:b1 reason=0
04-17 03:06:42.114   291   291 I wpa_supplicant: wlan0: Trying to associate with d0:c2:82:66:6b:f1 (SSID='UB_Secure' freq=2437 MHz)
04-17 03:06:42.285   291   291 I wpa_supplicant: wlan0: Associated with d0:c2:82:66:6b:f1
04-17 03:06:42.289   291   291 I wpa_supplicant: wlan0: CTRL-EVENT-EAP-STARTED EAP authentication started
04-17 03:06:42.301   291   291 I wpa_supplicant: wlan0: CTRL-EVENT-EAP-PROPOSED-METHOD vendor=0 method=4 -> NAK
04-17 03:06:42.305   291   291 I wpa_supplicant: wlan0: CTRL-EVENT-EAP-PROPOSED-METHOD vendor=0 method=25
04-17 03:06:42.305   291   291 I wpa_supplicant: wlan0: CTRL-EVENT-EAP-METHOD EAP vendor 0 method 25 (PEAP) selected
04-17 03:06:42.305    75   114 D NetlinkEvent: Unexpected netlink message. type=0x0
04-17 03:06:42.317   291   291 I wpa_supplicant: EAP-TLV: TLV Result - Success - EAP-TLV/Phase2 Completed
04-17 03:07:18.211   291   291 I wpa_supplicant: wlan0: CTRL-EVENT-DISCONNECTED bssid=d0:c2:82:66:6b:f1 reason=0
04-17 03:07:18.215    75   114 D NetlinkEvent: Unexpected netlink message. type=0x0
04-17 03:07:19.500   291   291 I wpa_supplicant: wlan0: Trying to associate with d0:c2:82:84:8d:51 (SSID='UB_Secure' freq=2437 MHz)
04-17 03:07:19.543   291   291 I wpa_supplicant: wlan0: Associated with d0:c2:82:84:8d:51
04-17 03:07:19.543   291   291 I wpa_supplicant: wlan0: CTRL-EVENT-EAP-STARTED EAP authentication started
04-17 03:07:19.547   291   291 I wpa_supplicant: wlan0: CTRL-EVENT-EAP-PROPOSED-METHOD vendor=0 method=4 -> NAK
04-17 03:07:19.551   291   291 I wpa_supplicant: wlan0: CTRL-EVENT-EAP-PROPOSED-METHOD vendor=0 method=25
04-17 03:07:19.551   291   291 I wpa_supplicant: wlan0: CTRL-EVENT-EAP-METHOD EAP vendor 0 method 25 (PEAP) selected
04-17 03:07:19.559   291   291 I wpa_supplicant: EAP-TLV: TLV Result - Success - EAP-TLV/Phase2 Completed
04-17 03:07:19.625    75   114 D NetlinkEvent: Unexpected netlink message. type=0x0
04-17 03:07:27.946   974  1149 I PhoneLab-: Service Running
04-17 03:07:28.012   974  1149 I PhoneLab-LoggerService: app_34    1153  974   1444   1072  c00f1758 400c6794 S logcat
04-17 03:07:28.012   974  1149 I PhoneLab-LoggerService: Logcat pid from database 1153
04-17 03:07:28.012   974  1149 I PhoneLab-LoggerService: Logcat process found 1153
04-17 03:07:28.012   974  1149 I PhoneLab-LoggerService: Checking Threshold
04-17 03:07:55.371   974   974 I PhoneLab-Locks: wake lock acquired
04-17 03:07:55.391   974   974 I PhoneLab-StatusMonitor: Status Monitoring is started
04-17 03:07:55.407   291   291 I wpa_supplicant: wlan0: CTRL-EVENT-EAP-STARTED EAP authentication started
04-17 03:07:55.407   291   291 I wpa_supplicant: wlan0: CTRL-EVENT-DISCONNECTED bssid=d0:c2:82:84:8d:51 reason=0
04-17 03:07:55.407    75   114 D NetlinkEvent: Unexpected netlink message. type=0x0
04-17 03:07:55.446   974   976 D dalvikvm: GC_CONCURRENT freed 445K, 15% free 9295K/10887K, paused 2ms+2ms
04-17 03:07:55.473   974   974 I PhoneLab-StatusMonitor: Value: 5 - unit: min
04-17 03:07:55.473   974   974 I PhoneLab-StatusMonitor: Running interval: 300000
04-17 03:07:55.481   974   974 I PhoneLab-StatusMonitor: Rescheduling status monitoring...
04-17 03:07:55.481   974   974 I PhoneLab-Locks: wake lock released
04-17 03:07:55.485   974   974 I PhoneLab-StatusMonitorLocation: Learning Location
04-17 03:07:55.485   974   974 I PhoneLab-Locks: wake lock acquired
04-17 03:07:55.489   974   974 I PhoneLab-Locks: wake lock acquired
04-17 03:07:55.489   974   974 I PhoneLab-StatusMonitorLocation: Learning Signal Strgth
04-17 03:07:55.489   974   974 I PhoneLab-Locks: wake lock acquired
04-17 03:07:55.496   974   974 I PhoneLab-StatusMonitorBattery: Battery_level: 96
04-17 03:07:55.496   974   974 I PhoneLab-Locks: wake lock released
04-17 03:07:55.496   974   974 I PhoneLab-StatusMonitorSignal: Signal_Strength: -96 asu: 9
04-17 03:07:55.496   974   974 I PhoneLab-Locks: wake lock released
04-17 03:07:56.680   291   291 I wpa_supplicant: wlan0: Trying to associate with d0:c2:82:84:8d:51 (SSID='UB_Secure' freq=2437 MHz)
04-17 03:08:01.395   291   291 I wpa_supplicant: wlan0: CTRL-EVENT-DISCONNECTED bssid=d0:c2:82:84:8d:51 reason=0
04-17 03:08:02.422   291   291 I wpa_supplicant: wlan0: Trying to associate with d0:c2:82:2d:e4:b1 (SSID='UB_Secure' freq=2412 MHz)
04-17 03:08:02.598   291   291 I wpa_supplicant: wlan0: Associated with d0:c2:82:2d:e4:b1
04-17 03:08:02.598   291   291 I wpa_supplicant: wlan0: CTRL-EVENT-EAP-STARTED EAP authentication started
04-17 03:08:02.606   291   291 I wpa_supplicant: wlan0: CTRL-EVENT-EAP-PROPOSED-METHOD vendor=0 method=4 -> NAK
04-17 03:08:02.610   291   291 I wpa_supplicant: wlan0: CTRL-EVENT-EAP-PROPOSED-METHOD vendor=0 method=25
04-17 03:08:02.610   291   291 I wpa_supplicant: wlan0: CTRL-EVENT-EAP-METHOD EAP vendor 0 method 25 (PEAP) selected
04-17 03:08:02.617   291   291 I wpa_supplicant: EAP-TLV: TLV Result - Success - EAP-TLV/Phase2 Completed
04-17 03:08:02.664    75   114 D NetlinkEvent: Unexpected netlink message. type=0x0
04-17 03:08:38.606   291   291 I wpa_supplicant: wlan0: CTRL-EVENT-EAP-STARTED EAP authentication started
04-17 03:08:38.610    75   114 D NetlinkEvent: Unexpected netlink message. type=0x0
04-17 03:08:38.621   291   291 I wpa_supplicant: wlan0: CTRL-EVENT-DISCONNECTED bssid=d0:c2:82:2d:e4:b1 reason=0
04-17 03:08:55.481   291   291 I wpa_supplicant: wlan0: Trying to associate with d0:c2:82:66:6b:f1 (SSID='UB_Secure' freq=2437 MHz)
04-17 03:08:55.633   291   291 I wpa_supplicant: wlan0: Associated with d0:c2:82:66:6b:f1
04-17 03:08:55.637   291   291 I wpa_supplicant: wlan0: CTRL-EVENT-EAP-STARTED EAP authentication started
04-17 03:08:55.641   291   291 I wpa_supplicant: wlan0: CTRL-EVENT-EAP-PROPOSED-METHOD vendor=0 method=4 -> NAK
04-17 03:08:55.645   291   291 I wpa_supplicant: wlan0: CTRL-EVENT-EAP-PROPOSED-METHOD vendor=0 method=25
04-17 03:08:55.645   291   291 I wpa_supplicant: wlan0: CTRL-EVENT-EAP-METHOD EAP vendor 0 method 25 (PEAP) selected
04-17 03:08:55.653   291   291 I wpa_supplicant: EAP-TLV: TLV Result - Success - EAP-TLV/Phase2 Completed
04-17 03:08:55.692    75   114 D NetlinkEvent: Unexpected netlink message. type=0x0
04-17 03:09:00.094   215   217 D dalvikvm: GC_CONCURRENT freed 292K, 15% free 9859K/11591K, paused 1ms+3ms
04-17 03:09:26.610   145   147 D dalvikvm: GC_CONCURRENT freed 1428K, 15% free 14996K/17479K, paused 3ms+9ms
04-17 03:09:27.942   974  1149 I PhoneLab-: Service Running
04-17 03:09:28.012   974  1149 I PhoneLab-LoggerService: app_34    1153  974   1444   1072  c00f1758 400c6794 S logcat
04-17 03:09:28.012   974  1149 I PhoneLab-LoggerService: Logcat pid from database 1153
04-17 03:09:28.012   974  1149 I PhoneLab-LoggerService: Logcat process found 1153
04-17 03:09:28.012   974  1149 I PhoneLab-LoggerService: Checking Threshold
04-17 03:09:31.606   291   291 I wpa_supplicant: wlan0: CTRL-EVENT-EAP-STARTED EAP authentication started
04-17 03:09:31.610    75   114 D NetlinkEvent: Unexpected netlink message. type=0x0
04-17 03:09:31.617   291   291 I wpa_supplicant: wlan0: CTRL-EVENT-DISCONNECTED bssid=d0:c2:82:66:6b:f1 reason=0
04-17 03:09:48.461   291   291 I wpa_supplicant: wlan0: Trying to associate with d0:c2:82:66:6b:f1 (SSID='UB_Secure' freq=2437 MHz)
04-17 03:09:48.492   291   291 I wpa_supplicant: wlan0: Associated with d0:c2:82:66:6b:f1
04-17 03:09:48.492   291   291 I wpa_supplicant: wlan0: CTRL-EVENT-EAP-STARTED EAP authentication started
04-17 03:09:48.500   291   291 I wpa_supplicant: wlan0: CTRL-EVENT-EAP-PROPOSED-METHOD vendor=0 method=4 -> NAK
04-17 03:09:48.504   291   291 I wpa_supplicant: wlan0: CTRL-EVENT-EAP-PROPOSED-METHOD vendor=0 method=25
04-17 03:09:48.504   291   291 I wpa_supplicant: wlan0: CTRL-EVENT-EAP-METHOD EAP vendor 0 method 25 (PEAP) selected
04-17 03:09:48.516   291   291 I wpa_supplicant: EAP-TLV: TLV Result - Success - EAP-TLV/Phase2 Completed
04-17 03:09:48.551    75   114 D NetlinkEvent: Unexpected netlink message. type=0x0
04-17 03:10:24.407    75   114 D NetlinkEvent: Unexpected netlink message. type=0x0
04-17 03:10:24.414   291   291 I wpa_supplicant: wlan0: CTRL-EVENT-DISCONNECTED bssid=d0:c2:82:66:6b:f1 reason=0
04-17 03:10:41.250   291   291 I wpa_supplicant: wlan0: Trying to associate with d0:c2:82:66:6b:f1 (SSID='UB_Secure' freq=2437 MHz)
04-17 03:10:41.301   291   291 I wpa_supplicant: wlan0: Associated with d0:c2:82:66:6b:f1
04-17 03:10:41.301   291   291 I wpa_supplicant: wlan0: CTRL-EVENT-EAP-STARTED EAP authentication started
04-17 03:10:41.309   291   291 I wpa_supplicant: wlan0: CTRL-EVENT-EAP-PROPOSED-METHOD vendor=0 method=4 -> NAK
04-17 03:10:41.309   291   291 I wpa_supplicant: wlan0: CTRL-EVENT-EAP-PROPOSED-METHOD vendor=0 method=25
04-17 03:10:41.313   291   291 I wpa_supplicant: wlan0: CTRL-EVENT-EAP-METHOD EAP vendor 0 method 25 (PEAP) selected
04-17 03:10:41.328   291   291 I wpa_supplicant: EAP-TLV: TLV Result - Success - EAP-TLV/Phase2 Completed
04-17 03:10:41.395    75   114 D NetlinkEvent: Unexpected netlink message. type=0x0
04-17 03:11:17.207    75   114 D NetlinkEvent: Unexpected netlink message. type=0x0
04-17 03:11:17.211   291   291 I wpa_supplicant: wlan0: CTRL-EVENT-DISCONNECTED bssid=d0:c2:82:66:6b:f1 reason=0
04-17 03:11:27.942   974  1149 I PhoneLab-: Service Running
04-17 03:11:28.000   974  1149 I PhoneLab-LoggerService: app_34    1153  974   1444   1072  c00f1758 400c6794 S logcat
04-17 03:11:28.000   974  1149 I PhoneLab-LoggerService: Logcat pid from database 1153
04-17 03:11:28.000   974  1149 I PhoneLab-LoggerService: Logcat process found 1153
04-17 03:11:28.000   974  1149 I PhoneLab-LoggerService: Checking Threshold
04-17 03:11:34.121   291   291 I wpa_supplicant: wlan0: Trying to associate with d0:c2:82:66:6b:f1 (SSID='UB_Secure' freq=2437 MHz)
04-17 03:11:34.157   291   291 I wpa_supplicant: wlan0: Associated with d0:c2:82:66:6b:f1
04-17 03:11:34.160   291   291 I wpa_supplicant: wlan0: CTRL-EVENT-EAP-STARTED EAP authentication started
04-17 03:11:34.164   291   291 I wpa_supplicant: wlan0: CTRL-EVENT-EAP-PROPOSED-METHOD vendor=0 method=4 -> NAK
04-17 03:11:34.172   291   291 I wpa_supplicant: wlan0: CTRL-EVENT-EAP-PROPOSED-METHOD vendor=0 method=25
04-17 03:11:34.172   291   291 I wpa_supplicant: wlan0: CTRL-EVENT-EAP-METHOD EAP vendor 0 method 25 (PEAP) selected
04-17 03:11:34.180   291   291 I wpa_supplicant: EAP-TLV: TLV Result - Success - EAP-TLV/Phase2 Completed
04-17 03:11:34.258    75   114 D NetlinkEvent: Unexpected netlink message. type=0x0
04-17 03:12:10.004    75   114 D NetlinkEvent: Unexpected netlink message. type=0x0
04-17 03:12:10.012   291   291 I wpa_supplicant: wlan0: CTRL-EVENT-DISCONNECTED bssid=d0:c2:82:66:6b:f1 reason=0
04-17 03:12:26.875   291   291 I wpa_supplicant: wlan0: Trying to associate with d0:c2:82:66:6b:f1 (SSID='UB_Secure' freq=2437 MHz)
04-17 03:12:26.895   291   291 I wpa_supplicant: wlan0: Associated with d0:c2:82:66:6b:f1
04-17 03:12:26.895   291   291 I wpa_supplicant: wlan0: CTRL-EVENT-EAP-STARTED EAP authentication started
04-17 03:12:26.899   291   291 I wpa_supplicant: wlan0: CTRL-EVENT-EAP-PROPOSED-METHOD vendor=0 method=4 -> NAK
04-17 03:12:26.903   291   291 I wpa_supplicant: wlan0: CTRL-EVENT-EAP-PROPOSED-METHOD vendor=0 method=25
04-17 03:12:26.907   291   291 I wpa_supplicant: wlan0: CTRL-EVENT-EAP-METHOD EAP vendor 0 method 25 (PEAP) selected
04-17 03:12:26.914   291   291 I wpa_supplicant: EAP-TLV: TLV Result - Success - EAP-TLV/Phase2 Completed
04-17 03:12:27.004    75   114 D NetlinkEvent: Unexpected netlink message. type=0x0
04-17 03:12:55.504   974   974 I PhoneLab-Locks: wake lock acquired
04-17 03:12:55.532   974   974 I PhoneLab-StatusMonitor: Status Monitoring is started
04-17 03:12:55.582   974   976 D dalvikvm: GC_CONCURRENT freed 557K, 16% free 9249K/10887K, paused 2ms+5ms
04-17 03:12:55.602   974   974 I PhoneLab-StatusMonitor: Value: 5 - unit: min
04-17 03:12:55.602   974   974 I PhoneLab-StatusMonitor: Running interval: 300000
04-17 03:12:55.610   974   974 I PhoneLab-StatusMonitor: Rescheduling status monitoring...
04-17 03:12:55.610   974   974 I PhoneLab-Locks: wake lock released
04-17 03:12:55.614   974   974 I PhoneLab-StatusMonitorLocation: Learning Location
04-17 03:12:55.614   974   974 I PhoneLab-Locks: wake lock acquired
04-17 03:12:55.614   974   974 I PhoneLab-Locks: wake lock acquired
04-17 03:12:55.617   974   974 I PhoneLab-StatusMonitorLocation: Learning Signal Strgth
04-17 03:12:55.617   974   974 I PhoneLab-Locks: wake lock acquired
04-17 03:12:55.625   974   974 I PhoneLab-StatusMonitorBattery: Battery_level: 96
04-17 03:12:55.625   974   974 I PhoneLab-Locks: wake lock released
04-17 03:12:55.625   974   974 I PhoneLab-StatusMonitorSignal: Signal_Strength: -96 asu: 9
04-17 03:12:55.625   974   974 I PhoneLab-Locks: wake lock released
04-17 03:13:02.805   291   291 I wpa_supplicant: wlan0: CTRL-EVENT-EAP-STARTED EAP authentication started
04-17 03:13:02.805    75   114 D NetlinkEvent: Unexpected netlink message. type=0x0
04-17 03:13:02.817   291   291 I wpa_supplicant: wlan0: CTRL-EVENT-DISCONNECTED bssid=d0:c2:82:66:6b:f1 reason=0
04-17 03:13:04.102   291   291 I wpa_supplicant: wlan0: Trying to associate with d0:c2:82:66:69:21 (SSID='UB_Secure' freq=2437 MHz)
04-17 03:13:04.157   291   291 I wpa_supplicant: wlan0: Associated with d0:c2:82:66:69:21
04-17 03:13:04.157   291   291 I wpa_supplicant: wlan0: CTRL-EVENT-EAP-STARTED EAP authentication started
04-17 03:13:04.164   291   291 I wpa_supplicant: wlan0: CTRL-EVENT-EAP-PROPOSED-METHOD vendor=0 method=4 -> NAK
04-17 03:13:04.168   291   291 I wpa_supplicant: wlan0: CTRL-EVENT-EAP-PROPOSED-METHOD vendor=0 method=25
04-17 03:13:04.168   291   291 I wpa_supplicant: wlan0: CTRL-EVENT-EAP-METHOD EAP vendor 0 method 25 (PEAP) selected
04-17 03:13:04.192   291   291 I wpa_supplicant: EAP-TLV: TLV Result - Success - EAP-TLV/Phase2 Completed
04-17 03:13:04.227    75   114 D NetlinkEvent: Unexpected netlink message. type=0x0
04-17 03:13:27.946   974  1149 I PhoneLab-: Service Running
04-17 03:13:28.000   974  1149 I PhoneLab-LoggerService: app_34    1153  974   1444   1072  c00f1758 400c6794 S logcat
04-17 03:13:28.000   974  1149 I PhoneLab-LoggerService: Logcat pid from database 1153
04-17 03:13:28.000   974  1149 I PhoneLab-LoggerService: Logcat process found 1153
04-17 03:13:28.000   974  1149 I PhoneLab-LoggerService: Checking Threshold
04-17 03:13:40.203    75   114 D NetlinkEvent: Unexpected netlink message. type=0x0
04-17 03:13:40.207   291   291 I wpa_supplicant: wlan0: CTRL-EVENT-DISCONNECTED bssid=d0:c2:82:66:69:21 reason=0
04-17 03:13:41.500   291   291 I wpa_supplicant: wlan0: Trying to associate with d0:c2:82:84:8d:51 (SSID='UB_Secure' freq=2437 MHz)
04-17 03:13:46.004   291   291 I wpa_supplicant: wlan0: CTRL-EVENT-DISCONNECTED bssid=d0:c2:82:84:8d:51 reason=0
04-17 03:13:46.621   291   291 I wpa_supplicant: wlan0: Trying to associate with d0:c2:82:66:6b:f1 (SSID='UB_Secure' freq=2437 MHz)
04-17 03:13:46.653   291   291 I wpa_supplicant: wlan0: Associated with d0:c2:82:66:6b:f1
04-17 03:13:46.657   291   291 I wpa_supplicant: wlan0: CTRL-EVENT-EAP-STARTED EAP authentication started
04-17 03:13:46.660   291   291 I wpa_supplicant: wlan0: CTRL-EVENT-EAP-PROPOSED-METHOD vendor=0 method=4 -> NAK
04-17 03:13:46.664   291   291 I wpa_supplicant: wlan0: CTRL-EVENT-EAP-PROPOSED-METHOD vendor=0 method=25
04-17 03:13:46.664   291   291 I wpa_supplicant: wlan0: CTRL-EVENT-EAP-METHOD EAP vendor 0 method 25 (PEAP) selected
04-17 03:13:46.676   291   291 I wpa_supplicant: EAP-TLV: TLV Result - Success - EAP-TLV/Phase2 Completed
04-17 03:13:46.707    75   114 D NetlinkEvent: Unexpected netlink message. type=0x0
04-17 03:14:22.602   291   291 I wpa_supplicant: wlan0: CTRL-EVENT-EAP-STARTED EAP authentication started
04-17 03:14:22.610   291   291 I wpa_supplicant: wlan0: CTRL-EVENT-DISCONNECTED bssid=d0:c2:82:66:6b:f1 reason=0
04-17 03:14:22.610    75   114 D NetlinkEvent: Unexpected netlink message. type=0x0
04-17 03:14:23.907   291   291 I wpa_supplicant: wlan0: Trying to associate with d0:c2:82:84:8d:51 (SSID='UB_Secure' freq=2437 MHz)
04-17 03:14:24.012   291   291 I wpa_supplicant: wlan0: Associated with d0:c2:82:84:8d:51
04-17 03:14:24.012   291   291 I wpa_supplicant: wlan0: CTRL-EVENT-EAP-STARTED EAP authentication started
04-17 03:14:24.020   291   291 I wpa_supplicant: wlan0: CTRL-EVENT-EAP-PROPOSED-METHOD vendor=0 method=4 -> NAK
04-17 03:14:24.024   291   291 I wpa_supplicant: wlan0: CTRL-EVENT-EAP-PROPOSED-METHOD vendor=0 method=25
04-17 03:14:24.024   291   291 I wpa_supplicant: wlan0: CTRL-EVENT-EAP-METHOD EAP vendor 0 method 25 (PEAP) selected
04-17 03:14:24.032   291   291 I wpa_supplicant: EAP-TLV: TLV Result - Success - EAP-TLV/Phase2 Completed
04-17 03:14:24.114    75   114 D NetlinkEvent: Unexpected netlink message. type=0x0
04-17 03:15:00.000   291   291 I wpa_supplicant: wlan0: CTRL-EVENT-EAP-STARTED EAP authentication started
04-17 03:15:00.004    75   114 D NetlinkEvent: Unexpected netlink message. type=0x0
04-17 03:15:00.012   291   291 I wpa_supplicant: wlan0: CTRL-EVENT-DISCONNECTED bssid=d0:c2:82:84:8d:51 reason=0
04-17 03:15:01.293   291   291 I wpa_supplicant: wlan0: Trying to associate with d0:c2:82:84:8d:51 (SSID='UB_Secure' freq=2437 MHz)
04-17 03:15:01.344   291   291 I wpa_supplicant: wlan0: Associated with d0:c2:82:84:8d:51
04-17 03:15:01.344   291   291 I wpa_supplicant: wlan0: CTRL-EVENT-EAP-STARTED EAP authentication started
04-17 03:15:01.352   291   291 I wpa_supplicant: wlan0: CTRL-EVENT-EAP-PROPOSED-METHOD vendor=0 method=4 -> NAK
04-17 03:15:01.356   291   291 I wpa_supplicant: wlan0: CTRL-EVENT-EAP-PROPOSED-METHOD vendor=0 method=25
04-17 03:15:01.356   291   291 I wpa_supplicant: wlan0: CTRL-EVENT-EAP-METHOD EAP vendor 0 method 25 (PEAP) selected
04-17 03:15:01.379   291   291 I wpa_supplicant: EAP-TLV: TLV Result - Success - EAP-TLV/Phase2 Completed
04-17 03:15:01.399    75   114 D NetlinkEvent: Unexpected netlink message. type=0x0
04-17 03:15:27.946   974  1149 I PhoneLab-: Service Running
04-17 03:15:28.024   974   976 D dalvikvm: GC_CONCURRENT freed 432K, 16% free 9222K/10887K, paused 1ms+6ms
04-17 03:15:28.028   974  1149 I PhoneLab-LoggerService: app_34    1153  974   1444   1072  c00f1758 400c6794 S logcat
04-17 03:15:28.028   974  1149 I PhoneLab-LoggerService: Logcat pid from database 1153
04-17 03:15:28.028   974  1149 I PhoneLab-LoggerService: Logcat process found 1153
04-17 03:15:28.028   974  1149 I PhoneLab-LoggerService: Checking Threshold
04-17 03:15:37.199   291   291 I wpa_supplicant: wlan0: CTRL-EVENT-EAP-STARTED EAP authentication started
04-17 03:15:37.203    75   114 D NetlinkEvent: Unexpected netlink message. type=0x0
04-17 03:15:37.207   291   291 I wpa_supplicant: wlan0: CTRL-EVENT-DISCONNECTED bssid=d0:c2:82:84:8d:51 reason=0
04-17 03:15:38.903   291   291 I wpa_supplicant: wlan0: Trying to associate with d0:c2:82:66:6b:f1 (SSID='UB_Secure' freq=2437 MHz)
04-17 03:15:38.953   291   291 I wpa_supplicant: wlan0: Associated with d0:c2:82:66:6b:f1
04-17 03:15:38.953   291   291 I wpa_supplicant: wlan0: CTRL-EVENT-EAP-STARTED EAP authentication started
04-17 03:15:38.961   291   291 I wpa_supplicant: wlan0: CTRL-EVENT-EAP-PROPOSED-METHOD vendor=0 method=4 -> NAK
04-17 03:15:38.969   291   291 I wpa_supplicant: wlan0: CTRL-EVENT-EAP-PROPOSED-METHOD vendor=0 method=25
04-17 03:15:38.969   291   291 I wpa_supplicant: wlan0: CTRL-EVENT-EAP-METHOD EAP vendor 0 method 25 (PEAP) selected
04-17 03:15:38.981    75   114 D NetlinkEvent: Unexpected netlink message. type=0x0
04-17 03:15:39.004   291   291 I wpa_supplicant: EAP-TLV: TLV Result - Success - EAP-TLV/Phase2 Completed
04-17 03:16:14.996   291   291 I wpa_supplicant: wlan0: CTRL-EVENT-EAP-STARTED EAP authentication started
04-17 03:16:15.000    75   114 D NetlinkEvent: Unexpected netlink message. type=0x0
04-17 03:16:15.004   291   291 I wpa_supplicant: wlan0: CTRL-EVENT-DISCONNECTED bssid=d0:c2:82:66:6b:f1 reason=0
04-17 03:16:16.297   291   291 I wpa_supplicant: wlan0: Trying to associate with d0:c2:82:84:8d:51 (SSID='UB_Secure' freq=2437 MHz)
04-17 03:16:16.364   291   291 I wpa_supplicant: wlan0: Associated with d0:c2:82:84:8d:51
04-17 03:16:16.364   291   291 I wpa_supplicant: wlan0: CTRL-EVENT-EAP-STARTED EAP authentication started
04-17 03:16:16.371   291   291 I wpa_supplicant: wlan0: CTRL-EVENT-EAP-PROPOSED-METHOD vendor=0 method=4 -> NAK
04-17 03:16:16.379   291   291 I wpa_supplicant: wlan0: CTRL-EVENT-EAP-PROPOSED-METHOD vendor=0 method=25
04-17 03:16:16.379   291   291 I wpa_supplicant: wlan0: CTRL-EVENT-EAP-METHOD EAP vendor 0 method 25 (PEAP) selected
04-17 03:16:16.395    75   114 D NetlinkEvent: Unexpected netlink message. type=0x0
04-17 03:16:16.422   291   291 I wpa_supplicant: EAP-TLV: TLV Result - Success - EAP-TLV/Phase2 Completed
04-17 03:16:52.403   291   291 I wpa_supplicant: wlan0: CTRL-EVENT-DISCONNECTED bssid=d0:c2:82:84:8d:51 reason=0
04-17 03:16:52.403    75   114 D NetlinkEvent: Unexpected netlink message. type=0x0
04-17 03:16:53.696   291   291 I wpa_supplicant: wlan0: Trying to associate with d0:c2:82:66:69:21 (SSID='UB_Secure' freq=2437 MHz)
04-17 03:16:58.172   291   291 I wpa_supplicant: wlan0: CTRL-EVENT-DISCONNECTED bssid=d0:c2:82:66:69:21 reason=0
04-17 03:16:58.797   291   291 I wpa_supplicant: wlan0: Trying to associate with d0:c2:82:2d:e4:b1 (SSID='UB_Secure' freq=2412 MHz)
04-17 03:17:08.934   291   291 I wpa_supplicant: wlan0: Authentication with d0:c2:82:2d:e4:b1 timed out.
04-17 03:17:10.496   291   291 I wpa_supplicant: wlan0: Trying to associate with d0:c2:82:66:6b:f1 (SSID='UB_Secure' freq=2437 MHz)
04-17 03:17:10.645   291   291 I wpa_supplicant: wlan0: Associated with d0:c2:82:66:6b:f1
04-17 03:17:10.645   291   291 I wpa_supplicant: wlan0: CTRL-EVENT-EAP-STARTED EAP authentication started
04-17 03:17:10.649   291   291 I wpa_supplicant: wlan0: CTRL-EVENT-EAP-PROPOSED-METHOD vendor=0 method=4 -> NAK
04-17 03:17:10.657   291   291 I wpa_supplicant: wlan0: CTRL-EVENT-EAP-PROPOSED-METHOD vendor=0 method=25
04-17 03:17:10.657   291   291 I wpa_supplicant: wlan0: CTRL-EVENT-EAP-METHOD EAP vendor 0 method 25 (PEAP) selected
04-17 03:17:10.664   291   291 I wpa_supplicant: EAP-TLV: TLV Result - Success - EAP-TLV/Phase2 Completed
04-17 03:17:10.688    75   114 D NetlinkEvent: Unexpected netlink message. type=0x0
04-17 03:17:27.946   974  1149 I PhoneLab-: Service Running
04-17 03:17:28.000   974  1149 I PhoneLab-LoggerService: app_34    1153  974   1444   1072  c00f1758 400c6794 S logcat
04-17 03:17:28.000   974  1149 I PhoneLab-LoggerService: Logcat pid from database 1153
04-17 03:17:28.000   974  1149 I PhoneLab-LoggerService: Logcat process found 1153
04-17 03:17:28.000   974  1149 I PhoneLab-LoggerService: Checking Threshold
04-17 03:17:46.594    75   114 D NetlinkEvent: Unexpected netlink message. type=0x0
04-17 03:17:46.598   291   291 I wpa_supplicant: wlan0: CTRL-EVENT-DISCONNECTED bssid=d0:c2:82:66:6b:f1 reason=0
04-17 03:17:47.883   291   291 I wpa_supplicant: wlan0: Trying to associate with d0:c2:82:84:8d:51 (SSID='UB_Secure' freq=2437 MHz)
04-17 03:17:52.465   291   291 I wpa_supplicant: wlan0: CTRL-EVENT-DISCONNECTED bssid=d0:c2:82:84:8d:51 reason=0
04-17 03:17:53.086   291   291 I wpa_supplicant: wlan0: Trying to associate with d0:c2:82:66:69:21 (SSID='UB_Secure' freq=2437 MHz)
04-17 03:17:53.145   291   291 I wpa_supplicant: wlan0: Associated with d0:c2:82:66:69:21
04-17 03:17:53.145   291   291 I wpa_supplicant: wlan0: CTRL-EVENT-EAP-STARTED EAP authentication started
04-17 03:17:53.153   291   291 I wpa_supplicant: wlan0: CTRL-EVENT-EAP-PROPOSED-METHOD vendor=0 method=4 -> NAK
04-17 03:17:53.160   291   291 I wpa_supplicant: wlan0: CTRL-EVENT-EAP-PROPOSED-METHOD vendor=0 method=25
04-17 03:17:53.160   291   291 I wpa_supplicant: wlan0: CTRL-EVENT-EAP-METHOD EAP vendor 0 method 25 (PEAP) selected
04-17 03:17:53.184   291   291 I wpa_supplicant: EAP-TLV: TLV Result - Success - EAP-TLV/Phase2 Completed
04-17 03:17:53.453    75   114 D NetlinkEvent: Unexpected netlink message. type=0x0
04-17 03:17:55.649   974   974 I PhoneLab-Locks: wake lock acquired
04-17 03:17:55.660   974   974 I PhoneLab-StatusMonitor: Status Monitoring is started
04-17 03:17:55.731   974   976 D dalvikvm: GC_CONCURRENT freed 420K, 15% free 9274K/10887K, paused 1ms+4ms
04-17 03:17:55.742   974   974 I PhoneLab-StatusMonitor: Value: 5 - unit: min
04-17 03:17:55.758   974   974 I PhoneLab-StatusMonitor: Running interval: 300000
04-17 03:17:55.766   974   974 I PhoneLab-StatusMonitor: Rescheduling status monitoring...
04-17 03:17:55.770   974   974 I PhoneLab-Locks: wake lock released
04-17 03:17:55.770   974   974 I PhoneLab-StatusMonitorLocation: Learning Location
04-17 03:17:55.770   974   974 I PhoneLab-Locks: wake lock acquired
04-17 03:17:55.774   974   974 I PhoneLab-Locks: wake lock acquired
04-17 03:17:55.774   974   974 I PhoneLab-StatusMonitorLocation: Learning Signal Strgth
04-17 03:17:55.774   974   974 I PhoneLab-Locks: wake lock acquired
04-17 03:17:55.782   974   974 I PhoneLab-StatusMonitorBattery: Battery_level: 96
04-17 03:17:55.782   974   974 I PhoneLab-Locks: wake lock released
04-17 03:17:55.782   974   974 I PhoneLab-StatusMonitorSignal: Signal_Strength: -96 asu: 9
04-17 03:17:55.782   974   974 I PhoneLab-Locks: wake lock released
04-17 03:18:29.199   291   291 I wpa_supplicant: wlan0: CTRL-EVENT-EAP-STARTED EAP authentication started
04-17 03:18:29.199    75   114 D NetlinkEvent: Unexpected netlink message. type=0x0
04-17 03:18:29.207   291   291 I wpa_supplicant: wlan0: CTRL-EVENT-DISCONNECTED bssid=d0:c2:82:66:69:21 reason=0
04-17 03:18:30.489   291   291 I wpa_supplicant: wlan0: Trying to associate with d0:c2:82:84:8d:51 (SSID='UB_Secure' freq=2437 MHz)
04-17 03:18:30.578   291   291 I wpa_supplicant: wlan0: Associated with d0:c2:82:84:8d:51
04-17 03:18:30.578   291   291 I wpa_supplicant: wlan0: CTRL-EVENT-EAP-STARTED EAP authentication started
04-17 03:18:30.590   291   291 I wpa_supplicant: wlan0: CTRL-EVENT-EAP-PROPOSED-METHOD vendor=0 method=4 -> NAK
04-17 03:18:30.598   291   291 I wpa_supplicant: wlan0: CTRL-EVENT-EAP-PROPOSED-METHOD vendor=0 method=25
04-17 03:18:30.598   291   291 I wpa_supplicant: wlan0: CTRL-EVENT-EAP-METHOD EAP vendor 0 method 25 (PEAP) selected
04-17 03:18:30.614    75   114 D NetlinkEvent: Unexpected netlink message. type=0x0
04-17 03:18:30.637   291   291 I wpa_supplicant: EAP-TLV: TLV Result - Success - EAP-TLV/Phase2 Completed
04-17 03:18:51.196   291   291 I wpa_supplicant: wlan0: CTRL-EVENT-DISCONNECTED bssid=d0:c2:82:84:8d:51 reason=0
04-17 03:18:51.199    75   114 D NetlinkEvent: Unexpected netlink message. type=0x0
04-17 03:18:52.887   291   291 I wpa_supplicant: wlan0: Trying to associate with d0:c2:82:84:8d:51 (SSID='UB_Secure' freq=2437 MHz)
04-17 03:18:52.961   291   291 I wpa_supplicant: wlan0: Associated with d0:c2:82:84:8d:51
04-17 03:18:52.961   291   291 I wpa_supplicant: wlan0: CTRL-EVENT-EAP-STARTED EAP authentication started
04-17 03:18:52.965    75   114 D NetlinkEvent: Unexpected netlink message. type=0x0
04-17 03:18:52.981   291   291 I wpa_supplicant: wlan0: CTRL-EVENT-EAP-PROPOSED-METHOD vendor=0 method=4 -> NAK
04-17 03:18:52.989   291   291 I wpa_supplicant: wlan0: CTRL-EVENT-EAP-PROPOSED-METHOD vendor=0 method=25
04-17 03:18:52.992   291   291 I wpa_supplicant: wlan0: CTRL-EVENT-EAP-METHOD EAP vendor 0 method 25 (PEAP) selected
04-17 03:18:53.012   291   291 I wpa_supplicant: EAP-TLV: TLV Result - Success - EAP-TLV/Phase2 Completed
04-17 03:19:27.946   974  1149 I PhoneLab-: Service Running
04-17 03:19:28.012   974  1149 I PhoneLab-LoggerService: app_34    1153  974   1444   1072  c00f1758 400c6794 S logcat
04-17 03:19:28.012   974  1149 I PhoneLab-LoggerService: Logcat pid from database 1153
04-17 03:19:28.012   974  1149 I PhoneLab-LoggerService: Logcat process found 1153
04-17 03:19:28.012   974  1149 I PhoneLab-LoggerService: Checking Threshold
04-17 03:19:28.996   291   291 I wpa_supplicant: wlan0: CTRL-EVENT-EAP-STARTED EAP authentication started
04-17 03:19:28.996    75   114 D NetlinkEvent: Unexpected netlink message. type=0x0
04-17 03:19:29.004   291   291 I wpa_supplicant: wlan0: CTRL-EVENT-DISCONNECTED bssid=d0:c2:82:84:8d:51 reason=0
04-17 03:19:45.848   291   291 I wpa_supplicant: wlan0: Trying to associate with d0:c2:82:66:6b:f1 (SSID='UB_Secure' freq=2437 MHz)
04-17 03:19:45.879   291   291 I wpa_supplicant: wlan0: Associated with d0:c2:82:66:6b:f1
04-17 03:19:45.879   291   291 I wpa_supplicant: wlan0: CTRL-EVENT-EAP-STARTED EAP authentication started
04-17 03:19:45.883   291   291 I wpa_supplicant: wlan0: CTRL-EVENT-EAP-PROPOSED-METHOD vendor=0 method=4 -> NAK
04-17 03:19:45.891   291   291 I wpa_supplicant: wlan0: CTRL-EVENT-EAP-PROPOSED-METHOD vendor=0 method=25
04-17 03:19:45.891   291   291 I wpa_supplicant: wlan0: CTRL-EVENT-EAP-METHOD EAP vendor 0 method 25 (PEAP) selected
04-17 03:19:45.903    75   114 D NetlinkEvent: Unexpected netlink message. type=0x0
04-17 03:19:45.903   291   291 I wpa_supplicant: EAP-TLV: TLV Result - Success - EAP-TLV/Phase2 Completed
04-17 03:20:21.793   291   291 I wpa_supplicant: wlan0: CTRL-EVENT-EAP-STARTED EAP authentication started
04-17 03:20:21.797    75   114 D NetlinkEvent: Unexpected netlink message. type=0x0
04-17 03:20:21.801   291   291 I wpa_supplicant: wlan0: CTRL-EVENT-DISCONNECTED bssid=d0:c2:82:66:6b:f1 reason=0
04-17 03:20:23.078   291   291 I wpa_supplicant: wlan0: Trying to associate with d0:c2:82:66:6b:f1 (SSID='UB_Secure' freq=2437 MHz)
04-17 03:20:23.141   291   291 I wpa_supplicant: wlan0: Associated with d0:c2:82:66:6b:f1
04-17 03:20:23.141   291   291 I wpa_supplicant: wlan0: CTRL-EVENT-EAP-STARTED EAP authentication started
04-17 03:20:23.149   291   291 I wpa_supplicant: wlan0: CTRL-EVENT-EAP-PROPOSED-METHOD vendor=0 method=4 -> NAK
04-17 03:20:23.149   291   291 I wpa_supplicant: wlan0: CTRL-EVENT-EAP-PROPOSED-METHOD vendor=0 method=25
04-17 03:20:23.157   291   291 I wpa_supplicant: wlan0: CTRL-EVENT-EAP-METHOD EAP vendor 0 method 25 (PEAP) selected
04-17 03:20:23.180   291   291 I wpa_supplicant: EAP-TLV: TLV Result - Success - EAP-TLV/Phase2 Completed
04-17 03:20:23.192    75   114 D NetlinkEvent: Unexpected netlink message. type=0x0
04-17 03:20:23.324   145   147 D dalvikvm: GC_CONCURRENT freed 1360K, 15% free 15005K/17479K, paused 19ms+9ms
04-17 03:20:51.289   145   201 D ConnectivityService: ConnectivityChange for WIMAX: DISCONNECTED/SCANNING
04-17 03:20:51.289   145   201 D ConnectivityService: Attempting to switch to mobile
04-17 03:20:51.289   145   201 D ConnectivityService: Attempting to switch to WIFI
04-17 03:20:51.289   145   201 D ConnectivityService: Attempting to switch to BLUETOOTH_TETHER
04-17 03:20:51.344   145   197 D NetworkPolicy: applying policy NetworkPolicy[NetworkTemplate: matchRule=MOBILE_ALL, subscriberId=valid]: cycleDay=21, warningBytes=2147483648, limitBytes=-1, lastSnooze=-1 to ifaces [rmnet0]
04-17 03:20:51.356   145   197 D NetworkPolicy: applying policy NetworkPolicy[NetworkTemplate: matchRule=MOBILE_ALL, subscriberId=valid]: cycleDay=21, warningBytes=2147483648, limitBytes=-1, lastSnooze=-1 to ifaces [rmnet0]
04-17 03:20:54.317   145   205 D Tethering: MasterInitialState.processMessage what=3
04-17 03:20:54.356   145   205 D Tethering: MasterInitialState.processMessage what=3
04-17 03:20:54.395 25176 25176 I MediaUploader: No need to wake up
04-17 03:20:54.453 25176 25176 I MediaUploader: No need to wake up
04-17 03:20:54.481  1081  1096 D PicasaSyncManager: active network: NetworkInfo: type: mobile[CDMA - EvDo rev. A], state: CONNECTED/CONNECTED, reason: (unspecified), extra: , roaming: false, failover: false, isAvailable: true
04-17 03:20:54.481  1081  1096 D PicasaSyncManager: background data: true
04-17 03:20:54.485  1081  1096 D PicasaSyncManager: active network: NetworkInfo: type: mobile[CDMA - EvDo rev. A], state: CONNECTED/CONNECTED, reason: (unspecified), extra: , roaming: false, failover: false, isAvailable: true
04-17 03:20:54.485  1081  1096 D PicasaSyncManager: background data: true
04-17 03:20:54.864   145   201 D ConnectivityService: handleInetConditionHoldEnd: net=0, condition=100, published condition=100
04-17 03:20:57.758   145   201 D ConnectivityService: ConnectivityChange for WIMAX: DISCONNECTED/SCANNING
04-17 03:20:57.758   145   201 D ConnectivityService: Attempting to switch to mobile
04-17 03:20:57.758   145   201 D ConnectivityService: Attempting to switch to WIFI
04-17 03:20:57.758   145   201 D ConnectivityService: Attempting to switch to BLUETOOTH_TETHER
04-17 03:20:57.801   145   197 D NetworkPolicy: applying policy NetworkPolicy[NetworkTemplate: matchRule=MOBILE_ALL, subscriberId=valid]: cycleDay=21, warningBytes=2147483648, limitBytes=-1, lastSnooze=-1 to ifaces [rmnet0]
04-17 03:20:57.813   145   197 D NetworkPolicy: applying policy NetworkPolicy[NetworkTemplate: matchRule=MOBILE_ALL, subscriberId=valid]: cycleDay=21, warningBytes=2147483648, limitBytes=-1, lastSnooze=-1 to ifaces [rmnet0]
04-17 03:20:58.992   291   291 I wpa_supplicant: wlan0: CTRL-EVENT-EAP-STARTED EAP authentication started
04-17 03:20:58.996   291   291 I wpa_supplicant: wlan0: CTRL-EVENT-DISCONNECTED bssid=d0:c2:82:66:6b:f1 reason=0
04-17 03:20:59.012    75   114 D NetlinkEvent: Unexpected netlink message. type=0x0
04-17 03:21:00.684   291   291 I wpa_supplicant: wlan0: Trying to associate with d0:c2:82:66:6b:f1 (SSID='UB_Secure' freq=2437 MHz)
04-17 03:21:00.758   291   291 I wpa_supplicant: wlan0: Associated with d0:c2:82:66:6b:f1
04-17 03:21:00.758   291   291 I wpa_supplicant: wlan0: CTRL-EVENT-EAP-STARTED EAP authentication started
04-17 03:21:00.766   291   291 I wpa_supplicant: wlan0: CTRL-EVENT-EAP-PROPOSED-METHOD vendor=0 method=4 -> NAK
04-17 03:21:00.770   291   291 I wpa_supplicant: wlan0: CTRL-EVENT-EAP-PROPOSED-METHOD vendor=0 method=25
04-17 03:21:00.774   291   291 I wpa_supplicant: wlan0: CTRL-EVENT-EAP-METHOD EAP vendor 0 method 25 (PEAP) selected
04-17 03:21:00.793    75   114 D NetlinkEvent: Unexpected netlink message. type=0x0
04-17 03:21:00.801   145   205 D Tethering: MasterInitialState.processMessage what=3
04-17 03:21:00.840   291   291 I wpa_supplicant: EAP-TLV: TLV Result - Success - EAP-TLV/Phase2 Completed
04-17 03:21:00.856   145   205 D Tethering: MasterInitialState.processMessage what=3
04-17 03:21:00.891 25176 25176 I MediaUploader: No need to wake up
04-17 03:21:00.918   494   496 D dalvikvm: GC_CONCURRENT freed 486K, 7% free 9804K/10503K, paused 2ms+5ms
04-17 03:21:00.985  1081  1096 D PicasaSyncManager: active network: NetworkInfo: type: mobile[CDMA - EvDo rev. A], state: CONNECTED/CONNECTED, reason: (unspecified), extra: , roaming: false, failover: false, isAvailable: true
04-17 03:21:00.989   270   272 D dalvikvm: GC_CONCURRENT freed 413K, 8% free 10458K/11335K, paused 2ms+4ms
04-17 03:21:00.989  1081  1096 D PicasaSyncManager: background data: true
04-17 03:21:01.016 25176 25176 I MediaUploader: No need to wake up
04-17 03:21:01.043  1081  1096 D PicasaSyncManager: active network: NetworkInfo: type: mobile[CDMA - EvDo rev. A], state: CONNECTED/CONNECTED, reason: (unspecified), extra: , roaming: false, failover: false, isAvailable: true
04-17 03:21:01.043  1081  1096 D PicasaSyncManager: background data: true
04-17 03:21:01.133   306   311 D dalvikvm: GC_CONCURRENT freed 402K, 7% free 9444K/10119K, paused 1ms+5ms
04-17 03:21:01.360   145   201 D ConnectivityService: handleInetConditionHoldEnd: net=0, condition=100, published condition=100
04-17 03:21:27.942   974  1149 I PhoneLab-: Service Running
04-17 03:21:28.032   974  1149 I PhoneLab-LoggerService: app_34    1153  974   1444   1072  c00f1758 400c6794 S logcat
04-17 03:21:28.032   974  1149 I PhoneLab-LoggerService: Logcat pid from database 1153
04-17 03:21:28.032   974  1149 I PhoneLab-LoggerService: Logcat process found 1153
04-17 03:21:28.035   974  1149 I PhoneLab-LoggerService: Checking Threshold
04-17 03:21:36.793   291   291 I wpa_supplicant: wlan0: CTRL-EVENT-EAP-STARTED EAP authentication started
04-17 03:21:36.793    75   114 D NetlinkEvent: Unexpected netlink message. type=0x0
04-17 03:21:36.801   291   291 I wpa_supplicant: wlan0: CTRL-EVENT-DISCONNECTED bssid=d0:c2:82:66:6b:f1 reason=0
04-17 03:21:38.090   291   291 I wpa_supplicant: wlan0: Trying to associate with d0:c2:82:84:8d:51 (SSID='UB_Secure' freq=2437 MHz)
04-17 03:21:38.199   291   291 I wpa_supplicant: wlan0: Associated with d0:c2:82:84:8d:51
04-17 03:21:38.199   291   291 I wpa_supplicant: wlan0: CTRL-EVENT-EAP-STARTED EAP authentication started
04-17 03:21:38.207   291   291 I wpa_supplicant: wlan0: CTRL-EVENT-EAP-PROPOSED-METHOD vendor=0 method=4 -> NAK
04-17 03:21:38.207    75   114 D NetlinkEvent: Unexpected netlink message. type=0x0
04-17 03:21:38.211   291   291 I wpa_supplicant: wlan0: CTRL-EVENT-EAP-PROPOSED-METHOD vendor=0 method=25
04-17 03:21:38.211   291   291 I wpa_supplicant: wlan0: CTRL-EVENT-EAP-METHOD EAP vendor 0 method 25 (PEAP) selected
04-17 03:21:38.219   291   291 I wpa_supplicant: EAP-TLV: TLV Result - Success - EAP-TLV/Phase2 Completed
04-17 03:22:14.192   291   291 I wpa_supplicant: wlan0: CTRL-EVENT-EAP-STARTED EAP authentication started
04-17 03:22:14.199   291   291 I wpa_supplicant: wlan0: CTRL-EVENT-DISCONNECTED bssid=d0:c2:82:84:8d:51 reason=0
04-17 03:22:14.199    75   114 D NetlinkEvent: Unexpected netlink message. type=0x0
04-17 03:22:15.477   291   291 I wpa_supplicant: wlan0: Trying to associate with d0:c2:82:84:8d:51 (SSID='UB_Secure' freq=2437 MHz)
04-17 03:22:15.598   145   147 D dalvikvm: GC_CONCURRENT freed 1606K, 16% free 14789K/17479K, paused 23ms+7ms
04-17 03:22:19.989   291   291 I wpa_supplicant: wlan0: CTRL-EVENT-DISCONNECTED bssid=d0:c2:82:84:8d:51 reason=0
04-17 03:22:21.043   291   291 I wpa_supplicant: wlan0: Trying to associate with d0:c2:82:66:69:21 (SSID='UB_Secure' freq=2437 MHz)
04-17 03:22:31.059   291   291 I wpa_supplicant: wlan0: Authentication with d0:c2:82:66:69:21 timed out.
04-17 03:22:32.625   291   291 I wpa_supplicant: wlan0: Trying to associate with d0:c2:82:67:e7:61 (SSID='UB_Secure' freq=2412 MHz)
04-17 03:22:32.789   291   291 I wpa_supplicant: wlan0: Associated with d0:c2:82:67:e7:61
04-17 03:22:32.789   291   291 I wpa_supplicant: wlan0: CTRL-EVENT-EAP-STARTED EAP authentication started
04-17 03:22:32.793   291   291 I wpa_supplicant: wlan0: CTRL-EVENT-EAP-PROPOSED-METHOD vendor=0 method=4 -> NAK
04-17 03:22:32.801   291   291 I wpa_supplicant: wlan0: CTRL-EVENT-EAP-PROPOSED-METHOD vendor=0 method=25
04-17 03:22:32.801   291   291 I wpa_supplicant: wlan0: CTRL-EVENT-EAP-METHOD EAP vendor 0 method 25 (PEAP) selected
04-17 03:22:32.805   291   291 I wpa_supplicant: EAP-TLV: TLV Result - Success - EAP-TLV/Phase2 Completed
04-17 03:22:35.528    75   114 D NetlinkEvent: Unexpected netlink message. type=0x0
04-17 03:22:55.805   974   974 I PhoneLab-Locks: wake lock acquired
04-17 03:22:55.813   974   974 I PhoneLab-StatusMonitor: Status Monitoring is started
04-17 03:22:55.879   974   976 D dalvikvm: GC_CONCURRENT freed 487K, 15% free 9297K/10887K, paused 2ms+5ms
04-17 03:22:55.914   974   974 I PhoneLab-StatusMonitor: Value: 5 - unit: min
04-17 03:22:55.914   974   974 I PhoneLab-StatusMonitor: Running interval: 300000
04-17 03:22:55.922   974   974 I PhoneLab-StatusMonitor: Rescheduling status monitoring...
04-17 03:22:55.922   974   974 I PhoneLab-Locks: wake lock released
04-17 03:22:55.922   974   974 I PhoneLab-StatusMonitorLocation: Learning Location
04-17 03:22:55.922   974   974 I PhoneLab-Locks: wake lock acquired
04-17 03:22:55.926   974   974 I PhoneLab-Locks: wake lock acquired
04-17 03:22:55.930   974   974 I PhoneLab-StatusMonitorLocation: Learning Signal Strgth
04-17 03:22:55.930   974   974 I PhoneLab-Locks: wake lock acquired
04-17 03:22:55.934   974   974 I PhoneLab-StatusMonitorBattery: Battery_level: 96
04-17 03:22:55.934   974   974 I PhoneLab-Locks: wake lock released
04-17 03:22:55.938   974   974 I PhoneLab-StatusMonitorSignal: Signal_Strength: -96 asu: 9
04-17 03:22:55.938   974   974 I PhoneLab-Locks: wake lock released
04-17 03:23:08.789    75   114 D NetlinkEvent: Unexpected netlink message. type=0x0
04-17 03:23:08.793   291   291 I wpa_supplicant: wlan0: CTRL-EVENT-DISCONNECTED bssid=d0:c2:82:67:e7:61 reason=0
04-17 03:23:10.067   291   291 I wpa_supplicant: wlan0: Trying to associate with d0:c2:82:66:69:21 (SSID='UB_Secure' freq=2437 MHz)
04-17 03:23:10.242   291   291 I wpa_supplicant: wlan0: Associated with d0:c2:82:66:69:21
04-17 03:23:10.254    75   114 D NetlinkEvent: Unexpected netlink message. type=0x0
04-17 03:23:10.258   291   291 I wpa_supplicant: wlan0: CTRL-EVENT-EAP-STARTED EAP authentication started
04-17 03:23:10.266   291   291 I wpa_supplicant: wlan0: CTRL-EVENT-EAP-PROPOSED-METHOD vendor=0 method=4 -> NAK
04-17 03:23:10.274   291   291 I wpa_supplicant: wlan0: CTRL-EVENT-EAP-PROPOSED-METHOD vendor=0 method=25
04-17 03:23:10.274   291   291 I wpa_supplicant: wlan0: CTRL-EVENT-EAP-METHOD EAP vendor 0 method 25 (PEAP) selected
04-17 03:23:10.289   291   291 I wpa_supplicant: EAP-TLV: TLV Result - Success - EAP-TLV/Phase2 Completed
04-17 03:23:27.946   974  1149 I PhoneLab-: Service Running
04-17 03:23:28.000   974  1149 I PhoneLab-LoggerService: app_34    1153  974   1444   1072  c00f1758 400c6794 S logcat
04-17 03:23:28.000   974  1149 I PhoneLab-LoggerService: Logcat pid from database 1153
04-17 03:23:28.000   974  1149 I PhoneLab-LoggerService: Logcat process found 1153
04-17 03:23:28.000   974  1149 I PhoneLab-LoggerService: Checking Threshold
04-17 03:23:46.192   291   291 I wpa_supplicant: wlan0: CTRL-EVENT-EAP-STARTED EAP authentication started
04-17 03:23:46.196   291   291 I wpa_supplicant: wlan0: CTRL-EVENT-DISCONNECTED bssid=d0:c2:82:66:69:21 reason=0
04-17 03:23:46.207    75   114 D NetlinkEvent: Unexpected netlink message. type=0x0
04-17 03:24:03.449   291   291 I wpa_supplicant: wlan0: Trying to associate with d0:c2:82:66:6b:f1 (SSID='UB_Secure' freq=2437 MHz)
04-17 03:24:03.485   291   291 I wpa_supplicant: wlan0: Associated with d0:c2:82:66:6b:f1
04-17 03:24:03.485   291   291 I wpa_supplicant: wlan0: CTRL-EVENT-EAP-STARTED EAP authentication started
04-17 03:24:03.489   291   291 I wpa_supplicant: wlan0: CTRL-EVENT-EAP-PROPOSED-METHOD vendor=0 method=4 -> NAK
04-17 03:24:03.496   291   291 I wpa_supplicant: wlan0: CTRL-EVENT-EAP-PROPOSED-METHOD vendor=0 method=25
04-17 03:24:03.496   291   291 I wpa_supplicant: wlan0: CTRL-EVENT-EAP-METHOD EAP vendor 0 method 25 (PEAP) selected
04-17 03:24:03.504   291   291 I wpa_supplicant: EAP-TLV: TLV Result - Success - EAP-TLV/Phase2 Completed
04-17 03:24:03.594    75   114 D NetlinkEvent: Unexpected netlink message. type=0x0
04-17 03:24:21.754   270   270 D dalvikvm: GC_EXPLICIT freed 79K, 9% free 10426K/11335K, paused 19ms+3ms
04-17 03:24:39.391   291   291 I wpa_supplicant: wlan0: CTRL-EVENT-EAP-STARTED EAP authentication started
04-17 03:24:39.395    75   114 D NetlinkEvent: Unexpected netlink message. type=0x0
04-17 03:24:39.403   291   291 I wpa_supplicant: wlan0: CTRL-EVENT-DISCONNECTED bssid=d0:c2:82:66:6b:f1 reason=0
04-17 03:24:40.680   291   291 I wpa_supplicant: wlan0: Trying to associate with d0:c2:82:84:8d:51 (SSID='UB_Secure' freq=2437 MHz)
04-17 03:24:40.762   291   291 I wpa_supplicant: wlan0: Associated with d0:c2:82:84:8d:51
04-17 03:24:40.762   291   291 I wpa_supplicant: wlan0: CTRL-EVENT-EAP-STARTED EAP authentication started
04-17 03:24:40.778   291   291 I wpa_supplicant: wlan0: CTRL-EVENT-EAP-PROPOSED-METHOD vendor=0 method=4 -> NAK
04-17 03:24:40.785   291   291 I wpa_supplicant: wlan0: CTRL-EVENT-EAP-PROPOSED-METHOD vendor=0 method=25
04-17 03:24:40.785   291   291 I wpa_supplicant: wlan0: CTRL-EVENT-EAP-METHOD EAP vendor 0 method 25 (PEAP) selected
04-17 03:24:40.793    75   114 D NetlinkEvent: Unexpected netlink message. type=0x0
04-17 03:24:40.828   291   291 I wpa_supplicant: EAP-TLV: TLV Result - Success - EAP-TLV/Phase2 Completed
04-17 03:25:16.789   291   291 I wpa_supplicant: wlan0: CTRL-EVENT-EAP-STARTED EAP authentication started
04-17 03:25:16.793    75   114 D NetlinkEvent: Unexpected netlink message. type=0x0
04-17 03:25:16.801   291   291 I wpa_supplicant: wlan0: CTRL-EVENT-DISCONNECTED bssid=d0:c2:82:84:8d:51 reason=0
04-17 03:25:18.090   291   291 I wpa_supplicant: wlan0: Trying to associate with d0:c2:82:66:69:21 (SSID='UB_Secure' freq=2437 MHz)
04-17 03:25:22.571   291   291 I wpa_supplicant: wlan0: CTRL-EVENT-DISCONNECTED bssid=d0:c2:82:66:69:21 reason=0
04-17 03:25:23.192   291   291 I wpa_supplicant: wlan0: Trying to associate with d0:c2:82:2d:e4:b1 (SSID='UB_Secure' freq=2412 MHz)
04-17 03:25:27.942   974  1149 I PhoneLab-: Service Running
04-17 03:25:28.012   974  1149 I PhoneLab-LoggerService: app_34    1153  974   1444   1072  c00f1758 400c6794 S logcat
04-17 03:25:28.012   974  1149 I PhoneLab-LoggerService: Logcat pid from database 1153
04-17 03:25:28.012   974  1149 I PhoneLab-LoggerService: Logcat process found 1153
04-17 03:25:28.012   974  1149 I PhoneLab-LoggerService: Checking Threshold
04-17 03:25:33.321   291   291 I wpa_supplicant: wlan0: Authentication with d0:c2:82:2d:e4:b1 timed out.
04-17 03:25:34.891   291   291 I wpa_supplicant: wlan0: Trying to associate with d0:c2:82:66:69:21 (SSID='UB_Secure' freq=2437 MHz)
04-17 03:25:35.051   291   291 I wpa_supplicant: wlan0: Associated with d0:c2:82:66:69:21
04-17 03:25:35.051   291   291 I wpa_supplicant: wlan0: CTRL-EVENT-EAP-STARTED EAP authentication started
04-17 03:25:35.055   291   291 I wpa_supplicant: wlan0: CTRL-EVENT-EAP-PROPOSED-METHOD vendor=0 method=4 -> NAK
04-17 03:25:35.063   291   291 I wpa_supplicant: wlan0: CTRL-EVENT-EAP-PROPOSED-METHOD vendor=0 method=25
04-17 03:25:35.063   291   291 I wpa_supplicant: wlan0: CTRL-EVENT-EAP-METHOD EAP vendor 0 method 25 (PEAP) selected
04-17 03:25:35.067   291   291 I wpa_supplicant: EAP-TLV: TLV Result - Success - EAP-TLV/Phase2 Completed
04-17 03:25:35.133    75   114 D NetlinkEvent: Unexpected netlink message. type=0x0
04-17 03:26:10.989   291   291 I wpa_supplicant: wlan0: CTRL-EVENT-EAP-STARTED EAP authentication started
04-17 03:26:10.996   291   291 I wpa_supplicant: wlan0: CTRL-EVENT-DISCONNECTED bssid=d0:c2:82:66:69:21 reason=0
04-17 03:26:10.996    75   114 D NetlinkEvent: Unexpected netlink message. type=0x0
04-17 03:26:28.246   291   291 I wpa_supplicant: wlan0: Trying to associate with d0:c2:82:66:6b:f1 (SSID='UB_Secure' freq=2437 MHz)
04-17 03:26:28.270   291   291 I wpa_supplicant: wlan0: Associated with d0:c2:82:66:6b:f1
04-17 03:26:28.270   291   291 I wpa_supplicant: wlan0: CTRL-EVENT-EAP-STARTED EAP authentication started
04-17 03:26:28.274   291   291 I wpa_supplicant: wlan0: CTRL-EVENT-EAP-PROPOSED-METHOD vendor=0 method=4 -> NAK
04-17 03:26:28.282   291   291 I wpa_supplicant: wlan0: CTRL-EVENT-EAP-PROPOSED-METHOD vendor=0 method=25
04-17 03:26:28.282   291   291 I wpa_supplicant: wlan0: CTRL-EVENT-EAP-METHOD EAP vendor 0 method 25 (PEAP) selected
04-17 03:26:28.289   291   291 I wpa_supplicant: EAP-TLV: TLV Result - Success - EAP-TLV/Phase2 Completed
04-17 03:26:28.469    75   114 D NetlinkEvent: Unexpected netlink message. type=0x0
04-17 03:27:04.188   291   291 I wpa_supplicant: wlan0: CTRL-EVENT-EAP-STARTED EAP authentication started
04-17 03:27:04.188    75   114 D NetlinkEvent: Unexpected netlink message. type=0x0
04-17 03:27:04.196   291   291 I wpa_supplicant: wlan0: CTRL-EVENT-DISCONNECTED bssid=d0:c2:82:66:6b:f1 reason=0
04-17 03:27:05.485   291   291 I wpa_supplicant: wlan0: Trying to associate with d0:c2:82:66:69:21 (SSID='UB_Secure' freq=2437 MHz)
04-17 03:27:05.606   291   291 I wpa_supplicant: wlan0: Associated with d0:c2:82:66:69:21
04-17 03:27:05.610   291   291 I wpa_supplicant: wlan0: CTRL-EVENT-EAP-STARTED EAP authentication started
04-17 03:27:05.617   291   291 I wpa_supplicant: wlan0: CTRL-EVENT-EAP-PROPOSED-METHOD vendor=0 method=4 -> NAK
04-17 03:27:05.629   291   291 I wpa_supplicant: wlan0: CTRL-EVENT-EAP-PROPOSED-METHOD vendor=0 method=25
04-17 03:27:05.629   291   291 I wpa_supplicant: wlan0: CTRL-EVENT-EAP-METHOD EAP vendor 0 method 25 (PEAP) selected
04-17 03:27:05.653   291   291 I wpa_supplicant: EAP-TLV: TLV Result - Success - EAP-TLV/Phase2 Completed
04-17 03:27:05.688    75   114 D NetlinkEvent: Unexpected netlink message. type=0x0
04-17 03:27:27.946   974  1149 I PhoneLab-: Service Running
04-17 03:27:28.028   974  1149 I PhoneLab-LoggerService: app_34    1153  974   1444   1072  c00f1758 400c6794 S logcat
04-17 03:27:28.028   974  1149 I PhoneLab-LoggerService: Logcat pid from database 1153
04-17 03:27:28.028   974  1149 I PhoneLab-LoggerService: Logcat process found 1153
04-17 03:27:28.028   974  1149 I PhoneLab-LoggerService: Checking Threshold
04-17 03:27:28.028   974   976 D dalvikvm: GC_CONCURRENT freed 475K, 16% free 9225K/10887K, paused 2ms+4ms
04-17 03:27:41.586   291   291 I wpa_supplicant: wlan0: CTRL-EVENT-EAP-STARTED EAP authentication started
04-17 03:27:41.590    75   114 D NetlinkEvent: Unexpected netlink message. type=0x0
04-17 03:27:41.598   291   291 I wpa_supplicant: wlan0: CTRL-EVENT-DISCONNECTED bssid=d0:c2:82:66:69:21 reason=0
04-17 03:27:42.891   291   291 I wpa_supplicant: wlan0: Trying to associate with d0:c2:82:66:69:21 (SSID='UB_Secure' freq=2437 MHz)
04-17 03:27:47.364   291   291 I wpa_supplicant: wlan0: CTRL-EVENT-DISCONNECTED bssid=d0:c2:82:66:69:21 reason=0
04-17 03:27:47.985   291   291 I wpa_supplicant: wlan0: Trying to associate with d0:c2:82:66:6b:f1 (SSID='UB_Secure' freq=2437 MHz)
04-17 03:27:48.012   291   291 I wpa_supplicant: wlan0: Associated with d0:c2:82:66:6b:f1
04-17 03:27:48.012   291   291 I wpa_supplicant: wlan0: CTRL-EVENT-EAP-STARTED EAP authentication started
04-17 03:27:48.020   291   291 I wpa_supplicant: wlan0: CTRL-EVENT-EAP-PROPOSED-METHOD vendor=0 method=4 -> NAK
04-17 03:27:48.028   291   291 I wpa_supplicant: wlan0: CTRL-EVENT-EAP-PROPOSED-METHOD vendor=0 method=25
04-17 03:27:48.028   291   291 I wpa_supplicant: wlan0: CTRL-EVENT-EAP-METHOD EAP vendor 0 method 25 (PEAP) selected
04-17 03:27:48.035   291   291 I wpa_supplicant: EAP-TLV: TLV Result - Success - EAP-TLV/Phase2 Completed
04-17 03:27:48.059    75   114 D NetlinkEvent: Unexpected netlink message. type=0x0
04-17 03:27:55.949   974   974 I PhoneLab-Locks: wake lock acquired
04-17 03:27:55.953   974   974 I PhoneLab-StatusMonitor: Status Monitoring is started
04-17 03:27:56.000   974   974 I PhoneLab-StatusMonitor: Value: 5 - unit: min
04-17 03:27:56.004   974   974 I PhoneLab-StatusMonitor: Running interval: 300000
04-17 03:27:56.016   974   974 I PhoneLab-StatusMonitor: Rescheduling status monitoring...
04-17 03:27:56.016   974   974 I PhoneLab-Locks: wake lock released
04-17 03:27:56.020   974   974 I PhoneLab-StatusMonitorLocation: Learning Location
04-17 03:27:56.020   974   974 I PhoneLab-Locks: wake lock acquired
04-17 03:27:56.020   974   976 D dalvikvm: GC_CONCURRENT freed 466K, 15% free 9277K/10887K, paused 2ms+2ms
04-17 03:27:56.024   974   974 I PhoneLab-Locks: wake lock acquired
04-17 03:27:56.032   974   974 I PhoneLab-StatusMonitorLocation: Learning Signal Strgth
04-17 03:27:56.032   974   974 I PhoneLab-Locks: wake lock acquired
04-17 03:27:56.039   974   974 I PhoneLab-StatusMonitorBattery: Battery_level: 96
04-17 03:27:56.039   974   974 I PhoneLab-Locks: wake lock released
04-17 03:27:56.039   974   974 I PhoneLab-StatusMonitorSignal: Signal_Strength: -96 asu: 9
04-17 03:27:56.039   974   974 I PhoneLab-Locks: wake lock released
04-17 03:28:23.989   291   291 I wpa_supplicant: wlan0: CTRL-EVENT-EAP-STARTED EAP authentication started
04-17 03:28:23.989    75   114 D NetlinkEvent: Unexpected netlink message. type=0x0
04-17 03:28:23.996   291   291 I wpa_supplicant: wlan0: CTRL-EVENT-DISCONNECTED bssid=d0:c2:82:66:6b:f1 reason=0
04-17 03:28:25.278   291   291 I wpa_supplicant: wlan0: Trying to associate with d0:c2:82:66:69:21 (SSID='UB_Secure' freq=2437 MHz)
04-17 03:28:29.828   291   291 I wpa_supplicant: wlan0: CTRL-EVENT-DISCONNECTED bssid=d0:c2:82:66:69:21 reason=0
04-17 03:28:30.852   291   291 I wpa_supplicant: wlan0: Trying to associate with d0:c2:82:84:8d:51 (SSID='UB_Secure' freq=2437 MHz)
04-17 03:28:31.016   291   291 I wpa_supplicant: wlan0: Associated with d0:c2:82:84:8d:51
04-17 03:28:31.016   291   291 I wpa_supplicant: wlan0: CTRL-EVENT-EAP-STARTED EAP authentication started
04-17 03:28:31.024   291   291 I wpa_supplicant: wlan0: CTRL-EVENT-EAP-PROPOSED-METHOD vendor=0 method=4 -> NAK
04-17 03:28:31.032   291   291 I wpa_supplicant: wlan0: CTRL-EVENT-EAP-PROPOSED-METHOD vendor=0 method=25
04-17 03:28:31.032   291   291 I wpa_supplicant: wlan0: CTRL-EVENT-EAP-METHOD EAP vendor 0 method 25 (PEAP) selected
04-17 03:28:31.039   291   291 I wpa_supplicant: EAP-TLV: TLV Result - Success - EAP-TLV/Phase2 Completed
04-17 03:28:34.559    75   114 D NetlinkEvent: Unexpected netlink message. type=0x0
04-17 03:28:49.180   291   291 I wpa_supplicant: wlan0: CTRL-EVENT-DISCONNECTED bssid=d0:c2:82:84:8d:51 reason=0
04-17 03:28:49.789   291   291 I wpa_supplicant: wlan0: Trying to associate with d0:c2:82:2d:e4:b1 (SSID='UB_Secure' freq=2412 MHz)
04-17 03:28:49.946   291   291 I wpa_supplicant: wlan0: Associated with d0:c2:82:2d:e4:b1
04-17 03:28:49.946   291   291 I wpa_supplicant: wlan0: CTRL-EVENT-EAP-STARTED EAP authentication started
04-17 03:28:49.953   291   291 I wpa_supplicant: wlan0: CTRL-EVENT-EAP-PROPOSED-METHOD vendor=0 method=4 -> NAK
04-17 03:28:49.961   291   291 I wpa_supplicant: wlan0: CTRL-EVENT-EAP-PROPOSED-METHOD vendor=0 method=25
04-17 03:28:49.961   291   291 I wpa_supplicant: wlan0: CTRL-EVENT-EAP-METHOD EAP vendor 0 method 25 (PEAP) selected
04-17 03:28:49.969   291   291 I wpa_supplicant: EAP-TLV: TLV Result - Success - EAP-TLV/Phase2 Completed
04-17 03:28:50.024    75   114 D NetlinkEvent: Unexpected netlink message. type=0x0
04-17 03:29:25.785   291   291 I wpa_supplicant: wlan0: CTRL-EVENT-EAP-STARTED EAP authentication started
04-17 03:29:25.789    75   114 D NetlinkEvent: Unexpected netlink message. type=0x0
04-17 03:29:25.797   291   291 I wpa_supplicant: wlan0: CTRL-EVENT-DISCONNECTED bssid=d0:c2:82:2d:e4:b1 reason=0
04-17 03:29:27.942   974  1149 I PhoneLab-: Service Running
04-17 03:29:28.012   974  1149 I PhoneLab-LoggerService: app_34    1153  974   1444   1072  c00f1758 400c6794 S logcat
04-17 03:29:28.012   974  1149 I PhoneLab-LoggerService: Logcat pid from database 1153
04-17 03:29:28.012   974  1149 I PhoneLab-LoggerService: Logcat process found 1153
04-17 03:29:28.012   974  1149 I PhoneLab-LoggerService: Checking Threshold
04-17 03:29:42.641   291   291 I wpa_supplicant: wlan0: Trying to associate with d0:c2:82:66:6b:f1 (SSID='UB_Secure' freq=2437 MHz)
04-17 03:29:42.797   291   291 I wpa_supplicant: wlan0: Associated with d0:c2:82:66:6b:f1
04-17 03:29:42.797   291   291 I wpa_supplicant: wlan0: CTRL-EVENT-EAP-STARTED EAP authentication started
04-17 03:29:42.801   291   291 I wpa_supplicant: wlan0: CTRL-EVENT-EAP-PROPOSED-METHOD vendor=0 method=4 -> NAK
04-17 03:29:42.805   291   291 I wpa_supplicant: wlan0: CTRL-EVENT-EAP-PROPOSED-METHOD vendor=0 method=25
04-17 03:29:42.805   291   291 I wpa_supplicant: wlan0: CTRL-EVENT-EAP-METHOD EAP vendor 0 method 25 (PEAP) selected
04-17 03:29:42.813   291   291 I wpa_supplicant: EAP-TLV: TLV Result - Success - EAP-TLV/Phase2 Completed
04-17 03:29:42.844    75   114 D NetlinkEvent: Unexpected netlink message. type=0x0
04-17 03:30:18.785    75   114 D NetlinkEvent: Unexpected netlink message. type=0x0
04-17 03:30:18.789   291   291 I wpa_supplicant: wlan0: CTRL-EVENT-DISCONNECTED bssid=d0:c2:82:66:6b:f1 reason=0
04-17 03:30:20.074   291   291 I wpa_supplicant: wlan0: Trying to associate with d0:c2:82:66:69:21 (SSID='UB_Secure' freq=2437 MHz)
04-17 03:30:20.153   291   291 I wpa_supplicant: wlan0: Associated with d0:c2:82:66:69:21
04-17 03:30:20.153   291   291 I wpa_supplicant: wlan0: CTRL-EVENT-EAP-STARTED EAP authentication started
04-17 03:30:20.160   291   291 I wpa_supplicant: wlan0: CTRL-EVENT-EAP-PROPOSED-METHOD vendor=0 method=4 -> NAK
04-17 03:30:20.160   291   291 I wpa_supplicant: wlan0: CTRL-EVENT-EAP-PROPOSED-METHOD vendor=0 method=25
04-17 03:30:20.168   291   291 I wpa_supplicant: wlan0: CTRL-EVENT-EAP-METHOD EAP vendor 0 method 25 (PEAP) selected
04-17 03:30:20.176    75   114 D NetlinkEvent: Unexpected netlink message. type=0x0
04-17 03:30:20.199   291   291 I wpa_supplicant: EAP-TLV: TLV Result - Success - EAP-TLV/Phase2 Completed
04-17 03:30:49.778   270  1101 I EventLogService: Aggregate from 1334646049696 (log), 1334646049696 (data)
04-17 03:30:56.188   291   291 I wpa_supplicant: wlan0: CTRL-EVENT-DISCONNECTED bssid=d0:c2:82:66:69:21 reason=0
04-17 03:30:56.188    75   114 D NetlinkEvent: Unexpected netlink message. type=0x0
04-17 03:30:56.289   145   147 D dalvikvm: GC_CONCURRENT freed 1138K, 15% free 14974K/17479K, paused 19ms+8ms
04-17 03:30:57.465   291   291 I wpa_supplicant: wlan0: Trying to associate with d0:c2:82:84:8d:51 (SSID='UB_Secure' freq=2437 MHz)
04-17 03:31:01.953   291   291 I wpa_supplicant: wlan0: CTRL-EVENT-DISCONNECTED bssid=d0:c2:82:84:8d:51 reason=0
04-17 03:31:02.567   291   291 I wpa_supplicant: wlan0: Trying to associate with d0:c2:82:2d:e4:b1 (SSID='UB_Secure' freq=2412 MHz)
04-17 03:31:12.715   291   291 I wpa_supplicant: wlan0: Authentication with d0:c2:82:2d:e4:b1 timed out.
04-17 03:31:14.274   291   291 I wpa_supplicant: wlan0: Trying to associate with d0:c2:82:2d:e4:b1 (SSID='UB_Secure' freq=2412 MHz)
04-17 03:31:24.289   291   291 I wpa_supplicant: wlan0: Authentication with d0:c2:82:2d:e4:b1 timed out.
04-17 03:31:27.942   974  1149 I PhoneLab-: Service Running
04-17 03:31:28.012   974  1149 I PhoneLab-LoggerService: app_34    1153  974   1444   1072  c00f1758 400c6794 S logcat
04-17 03:31:28.012   974  1149 I PhoneLab-LoggerService: Logcat pid from database 1153
04-17 03:31:28.012   974  1149 I PhoneLab-LoggerService: Logcat process found 1153
04-17 03:31:28.012   974  1149 I PhoneLab-LoggerService: Checking Threshold
04-17 03:31:41.407   291   291 I wpa_supplicant: wlan0: Trying to associate with d0:c2:82:66:6b:f1 (SSID='UB_Secure' freq=2437 MHz)
04-17 03:31:41.559   291   291 I wpa_supplicant: wlan0: Associated with d0:c2:82:66:6b:f1
04-17 03:31:41.559   291   291 I wpa_supplicant: wlan0: CTRL-EVENT-EAP-STARTED EAP authentication started
04-17 03:31:41.563   291   291 I wpa_supplicant: wlan0: CTRL-EVENT-EAP-PROPOSED-METHOD vendor=0 method=4 -> NAK
04-17 03:31:41.567   291   291 I wpa_supplicant: wlan0: CTRL-EVENT-EAP-PROPOSED-METHOD vendor=0 method=25
04-17 03:31:41.567   291   291 I wpa_supplicant: wlan0: CTRL-EVENT-EAP-METHOD EAP vendor 0 method 25 (PEAP) selected
04-17 03:31:41.574   291   291 I wpa_supplicant: EAP-TLV: TLV Result - Success - EAP-TLV/Phase2 Completed
04-17 03:31:41.602    75   114 D NetlinkEvent: Unexpected netlink message. type=0x0
04-17 03:32:17.582    75   114 D NetlinkEvent: Unexpected netlink message. type=0x0
04-17 03:32:17.586   291   291 I wpa_supplicant: wlan0: CTRL-EVENT-DISCONNECTED bssid=d0:c2:82:66:6b:f1 reason=0
04-17 03:32:18.864   291   291 I wpa_supplicant: wlan0: Trying to associate with d0:c2:82:2d:e4:b1 (SSID='UB_Secure' freq=2412 MHz)
04-17 03:32:19.071   291   291 I wpa_supplicant: wlan0: Associated with d0:c2:82:2d:e4:b1
04-17 03:32:19.071   291   291 I wpa_supplicant: wlan0: CTRL-EVENT-EAP-STARTED EAP authentication started
04-17 03:32:19.078   291   291 I wpa_supplicant: wlan0: CTRL-EVENT-EAP-PROPOSED-METHOD vendor=0 method=4 -> NAK
04-17 03:32:19.082   291   291 I wpa_supplicant: wlan0: CTRL-EVENT-EAP-PROPOSED-METHOD vendor=0 method=25
04-17 03:32:19.082   291   291 I wpa_supplicant: wlan0: CTRL-EVENT-EAP-METHOD EAP vendor 0 method 25 (PEAP) selected
04-17 03:32:19.094   291   291 I wpa_supplicant: EAP-TLV: TLV Result - Success - EAP-TLV/Phase2 Completed
04-17 03:32:19.145    75   114 D NetlinkEvent: Unexpected netlink message. type=0x0
04-17 03:32:36.711    75   114 D NetlinkEvent: Unexpected netlink message. type=0x0
04-17 03:32:36.715   291   291 I wpa_supplicant: wlan0: CTRL-EVENT-DISCONNECTED bssid=d0:c2:82:2d:e4:b1 reason=0
04-17 03:32:38.012   291   291 I wpa_supplicant: wlan0: Trying to associate with d0:c2:82:84:8d:51 (SSID='UB_Secure' freq=2437 MHz)
04-17 03:32:42.008   291   291 I wpa_supplicant: wlan0: CTRL-EVENT-DISCONNECTED bssid=d0:c2:82:84:8d:51 reason=0
04-17 03:32:48.032   291   291 I wpa_supplicant: wlan0: Authentication with 00:00:00:00:00:00 timed out.
04-17 03:32:49.672   291   291 I wpa_supplicant: wlan0: Trying to associate with d0:c2:82:66:6b:f1 (SSID='UB_Secure' freq=2437 MHz)
04-17 03:32:49.692   291   291 I wpa_supplicant: wlan0: Associated with d0:c2:82:66:6b:f1
04-17 03:32:49.696   291   291 I wpa_supplicant: wlan0: CTRL-EVENT-EAP-STARTED EAP authentication started
04-17 03:32:49.699   291   291 I wpa_supplicant: wlan0: CTRL-EVENT-EAP-PROPOSED-METHOD vendor=0 method=4 -> NAK
04-17 03:32:49.703    75   114 D NetlinkEvent: Unexpected netlink message. type=0x0
04-17 03:32:49.707   291   291 I wpa_supplicant: wlan0: CTRL-EVENT-EAP-PROPOSED-METHOD vendor=0 method=25
04-17 03:32:49.707   291   291 I wpa_supplicant: wlan0: CTRL-EVENT-EAP-METHOD EAP vendor 0 method 25 (PEAP) selected
04-17 03:32:49.727   291   291 I wpa_supplicant: EAP-TLV: TLV Result - Success - EAP-TLV/Phase2 Completed
04-17 03:32:56.035   974   974 I PhoneLab-Locks: wake lock acquired
04-17 03:32:56.059   974   974 I PhoneLab-StatusMonitor: Status Monitoring is started
04-17 03:32:56.141   974   976 D dalvikvm: GC_CONCURRENT freed 495K, 15% free 9295K/10887K, paused 1ms+5ms
04-17 03:32:56.157   974   974 I PhoneLab-StatusMonitor: Value: 5 - unit: min
04-17 03:32:56.157   974   974 I PhoneLab-StatusMonitor: Running interval: 300000
04-17 03:32:56.160   974   974 I PhoneLab-StatusMonitor: Rescheduling status monitoring...
04-17 03:32:56.164   974   974 I PhoneLab-Locks: wake lock released
04-17 03:32:56.164   974   974 I PhoneLab-StatusMonitorLocation: Learning Location
04-17 03:32:56.164   974   974 I PhoneLab-Locks: wake lock acquired
04-17 03:32:56.168   974   974 I PhoneLab-Locks: wake lock acquired
04-17 03:32:56.168   974   974 I PhoneLab-StatusMonitorLocation: Learning Signal Strgth
04-17 03:32:56.172   974   974 I PhoneLab-Locks: wake lock acquired
04-17 03:32:56.176   974   974 I PhoneLab-StatusMonitorBattery: Battery_level: 96
04-17 03:32:56.176   974   974 I PhoneLab-Locks: wake lock released
04-17 03:32:56.180   974   974 I PhoneLab-StatusMonitorSignal: Signal_Strength: -96 asu: 9
04-17 03:32:56.180   974   974 I PhoneLab-Locks: wake lock released
04-17 03:33:25.582   291   291 I wpa_supplicant: wlan0: CTRL-EVENT-EAP-STARTED EAP authentication started
04-17 03:33:25.586    75   114 D NetlinkEvent: Unexpected netlink message. type=0x0
04-17 03:33:25.594   291   291 I wpa_supplicant: wlan0: CTRL-EVENT-DISCONNECTED bssid=d0:c2:82:66:6b:f1 reason=0
04-17 03:33:27.942   974  1149 I PhoneLab-: Service Running
04-17 03:33:28.012   974  1149 I PhoneLab-LoggerService: app_34    1153  974   1444   1072  c00f1758 400c6794 S logcat
04-17 03:33:28.012   974  1149 I PhoneLab-LoggerService: Logcat pid from database 1153
04-17 03:33:28.012   974  1149 I PhoneLab-LoggerService: Logcat process found 1153
04-17 03:33:28.012   974  1149 I PhoneLab-LoggerService: Checking Threshold
04-17 03:33:42.449   291   291 I wpa_supplicant: wlan0: Trying to associate with d0:c2:82:66:6b:f1 (SSID='UB_Secure' freq=2437 MHz)
04-17 03:33:42.469   291   291 I wpa_supplicant: wlan0: Associated with d0:c2:82:66:6b:f1
04-17 03:33:42.469   291   291 I wpa_supplicant: wlan0: CTRL-EVENT-EAP-STARTED EAP authentication started
04-17 03:33:42.473   291   291 I wpa_supplicant: wlan0: CTRL-EVENT-EAP-PROPOSED-METHOD vendor=0 method=4 -> NAK
04-17 03:33:42.477   291   291 I wpa_supplicant: wlan0: CTRL-EVENT-EAP-PROPOSED-METHOD vendor=0 method=25
04-17 03:33:42.481   291   291 I wpa_supplicant: wlan0: CTRL-EVENT-EAP-METHOD EAP vendor 0 method 25 (PEAP) selected
04-17 03:33:42.489   291   291 I wpa_supplicant: EAP-TLV: TLV Result - Success - EAP-TLV/Phase2 Completed
04-17 03:33:42.567    75   114 D NetlinkEvent: Unexpected netlink message. type=0x0
04-17 03:34:18.383    75   114 D NetlinkEvent: Unexpected netlink message. type=0x0
04-17 03:34:18.391   291   291 I wpa_supplicant: wlan0: CTRL-EVENT-EAP-STARTED EAP authentication started
04-17 03:34:18.391   291   291 I wpa_supplicant: wlan0: CTRL-EVENT-DISCONNECTED bssid=d0:c2:82:66:6b:f1 reason=0
04-17 03:34:19.672   291   291 I wpa_supplicant: wlan0: Trying to associate with d0:c2:82:84:8d:51 (SSID='UB_Secure' freq=2437 MHz)
04-17 03:34:19.750   291   291 I wpa_supplicant: wlan0: Associated with d0:c2:82:84:8d:51
04-17 03:34:19.750   291   291 I wpa_supplicant: wlan0: CTRL-EVENT-EAP-STARTED EAP authentication started
04-17 03:34:19.758   291   291 I wpa_supplicant: wlan0: CTRL-EVENT-EAP-PROPOSED-METHOD vendor=0 method=4 -> NAK
04-17 03:34:19.762   291   291 I wpa_supplicant: wlan0: CTRL-EVENT-EAP-PROPOSED-METHOD vendor=0 method=25
04-17 03:34:19.762   291   291 I wpa_supplicant: wlan0: CTRL-EVENT-EAP-METHOD EAP vendor 0 method 25 (PEAP) selected
04-17 03:34:19.782    75   114 D NetlinkEvent: Unexpected netlink message. type=0x0
04-17 03:34:19.797   291   291 I wpa_supplicant: EAP-TLV: TLV Result - Success - EAP-TLV/Phase2 Completed
04-17 03:34:52.864   974   974 I PhoneLab-Locks: wake lock acquired
04-17 03:34:52.965   145   516 D dalvikvm: GC_EXPLICIT freed 677K, 16% free 14853K/17479K, paused 2ms+7ms
04-17 03:34:52.969   974 27689 I PhoneLab-PeriodicCheckService: User info is synched
04-17 03:34:52.973   974 27689 I PhoneLab-PeriodicCheckService: Logger Service is running
04-17 03:34:52.973   974 27689 I PhoneLab-Locks: wake lock acquired
04-17 03:34:52.977   974   974 I PhoneLab-UploadLogs: Transfering log files now
04-17 03:34:52.977   974   974 I PhoneLab-UploadLogs: No log files to transfer
04-17 03:34:52.977   974   974 I PhoneLab-Locks: wake lock released
04-17 03:34:52.977   974   974 I PhoneLab-UploadLogs: OnStartCommand
04-17 03:34:52.981   974 27689 I PhoneLab-PeriodicCheckService: Rescheduling periodic checking...
04-17 03:34:52.981   974 27689 I PhoneLab-Locks: wake lock released
04-17 03:34:55.782    75   114 D NetlinkEvent: Unexpected netlink message. type=0x0
04-17 03:34:55.785   291   291 I wpa_supplicant: wlan0: CTRL-EVENT-DISCONNECTED bssid=d0:c2:82:84:8d:51 reason=0
04-17 03:34:57.071   291   291 I wpa_supplicant: wlan0: Trying to associate with d0:c2:82:84:8d:51 (SSID='UB_Secure' freq=2437 MHz)
04-17 03:34:57.188   291   291 I wpa_supplicant: wlan0: Associated with d0:c2:82:84:8d:51
04-17 03:34:57.188   291   291 I wpa_supplicant: wlan0: CTRL-EVENT-EAP-STARTED EAP authentication started
04-17 03:34:57.199   291   291 I wpa_supplicant: wlan0: CTRL-EVENT-EAP-PROPOSED-METHOD vendor=0 method=4 -> NAK
04-17 03:34:57.207   291   291 I wpa_supplicant: wlan0: CTRL-EVENT-EAP-PROPOSED-METHOD vendor=0 method=25
04-17 03:34:57.207   291   291 I wpa_supplicant: wlan0: CTRL-EVENT-EAP-METHOD EAP vendor 0 method 25 (PEAP) selected
04-17 03:34:57.227   291   291 I wpa_supplicant: EAP-TLV: TLV Result - Success - EAP-TLV/Phase2 Completed
04-17 03:34:57.270    75   114 D NetlinkEvent: Unexpected netlink message. type=0x0
04-17 03:35:27.942   974  1149 I PhoneLab-: Service Running
04-17 03:35:28.000   974  1149 I PhoneLab-LoggerService: app_34    1153  974   1444   1072  c00f1758 400c6794 S logcat
04-17 03:35:28.000   974  1149 I PhoneLab-LoggerService: Logcat pid from database 1153
04-17 03:35:28.000   974  1149 I PhoneLab-LoggerService: Logcat process found 1153
04-17 03:35:28.000   974  1149 I PhoneLab-LoggerService: Checking Threshold
04-17 03:35:33.180   291   291 I wpa_supplicant: wlan0: CTRL-EVENT-EAP-STARTED EAP authentication started
04-17 03:35:33.184    75   114 D NetlinkEvent: Unexpected netlink message. type=0x0
04-17 03:35:33.192   291   291 I wpa_supplicant: wlan0: CTRL-EVENT-DISCONNECTED bssid=d0:c2:82:84:8d:51 reason=0
04-17 03:35:34.481   291   291 I wpa_supplicant: wlan0: Trying to associate with d0:c2:82:66:69:21 (SSID='UB_Secure' freq=2437 MHz)
04-17 03:35:34.594   291   291 I wpa_supplicant: wlan0: Associated with d0:c2:82:66:69:21
04-17 03:35:34.594   291   291 I wpa_supplicant: wlan0: CTRL-EVENT-EAP-STARTED EAP authentication started
04-17 03:35:34.606   291   291 I wpa_supplicant: wlan0: CTRL-EVENT-EAP-PROPOSED-METHOD vendor=0 method=4 -> NAK
04-17 03:35:34.610   291   291 I wpa_supplicant: wlan0: CTRL-EVENT-EAP-PROPOSED-METHOD vendor=0 method=25
04-17 03:35:34.614   291   291 I wpa_supplicant: wlan0: CTRL-EVENT-EAP-METHOD EAP vendor 0 method 25 (PEAP) selected
04-17 03:35:34.637   291   291 I wpa_supplicant: EAP-TLV: TLV Result - Success - EAP-TLV/Phase2 Completed
04-17 03:35:34.680    75   114 D NetlinkEvent: Unexpected netlink message. type=0x0
04-17 03:36:10.582   291   291 I wpa_supplicant: wlan0: CTRL-EVENT-EAP-STARTED EAP authentication started
04-17 03:36:10.586    75   114 D NetlinkEvent: Unexpected netlink message. type=0x0
04-17 03:36:10.594   291   291 I wpa_supplicant: wlan0: CTRL-EVENT-DISCONNECTED bssid=d0:c2:82:66:69:21 reason=0
04-17 03:36:27.442   291   291 I wpa_supplicant: wlan0: Trying to associate with d0:c2:82:66:6b:f1 (SSID='UB_Secure' freq=2437 MHz)
04-17 03:36:27.465   291   291 I wpa_supplicant: wlan0: Associated with d0:c2:82:66:6b:f1
04-17 03:36:27.465   291   291 I wpa_supplicant: wlan0: CTRL-EVENT-EAP-STARTED EAP authentication started
04-17 03:36:27.473   291   291 I wpa_supplicant: wlan0: CTRL-EVENT-EAP-PROPOSED-METHOD vendor=0 method=4 -> NAK
04-17 03:36:27.477   291   291 I wpa_supplicant: wlan0: CTRL-EVENT-EAP-PROPOSED-METHOD vendor=0 method=25
04-17 03:36:27.477   291   291 I wpa_supplicant: wlan0: CTRL-EVENT-EAP-METHOD EAP vendor 0 method 25 (PEAP) selected
04-17 03:36:27.485    75   114 D NetlinkEvent: Unexpected netlink message. type=0x0
04-17 03:36:27.489   291   291 I wpa_supplicant: EAP-TLV: TLV Result - Success - EAP-TLV/Phase2 Completed
04-17 03:37:03.379   291   291 I wpa_supplicant: wlan0: CTRL-EVENT-EAP-STARTED EAP authentication started
04-17 03:37:03.383    75   114 D NetlinkEvent: Unexpected netlink message. type=0x0
04-17 03:37:03.387   291   291 I wpa_supplicant: wlan0: CTRL-EVENT-DISCONNECTED bssid=d0:c2:82:66:6b:f1 reason=0
04-17 03:37:04.676   291   291 I wpa_supplicant: wlan0: Trying to associate with d0:c2:82:2d:e4:b1 (SSID='UB_Secure' freq=2412 MHz)
04-17 03:37:09.266   291   291 I wpa_supplicant: wlan0: CTRL-EVENT-DISCONNECTED bssid=d0:c2:82:2d:e4:b1 reason=0
04-17 03:37:09.891   291   291 I wpa_supplicant: wlan0: Trying to associate with d0:c2:82:84:8d:51 (SSID='UB_Secure' freq=2437 MHz)
04-17 03:37:09.918   291   291 I wpa_supplicant: wlan0: Associated with d0:c2:82:84:8d:51
04-17 03:37:09.918   291   291 I wpa_supplicant: wlan0: CTRL-EVENT-EAP-STARTED EAP authentication started
04-17 03:37:09.922   291   291 I wpa_supplicant: wlan0: CTRL-EVENT-EAP-PROPOSED-METHOD vendor=0 method=4 -> NAK
04-17 03:37:09.930   291   291 I wpa_supplicant: wlan0: CTRL-EVENT-EAP-PROPOSED-METHOD vendor=0 method=25
04-17 03:37:09.930   291   291 I wpa_supplicant: wlan0: CTRL-EVENT-EAP-METHOD EAP vendor 0 method 25 (PEAP) selected
04-17 03:37:09.938   291   291 I wpa_supplicant: EAP-TLV: TLV Result - Success - EAP-TLV/Phase2 Completed
04-17 03:37:10.028    75   114 D NetlinkEvent: Unexpected netlink message. type=0x0
04-17 03:37:27.942   974  1149 I PhoneLab-: Service Running
04-17 03:37:28.000   974  1149 I PhoneLab-LoggerService: app_34    1153  974   1444   1072  c00f1758 400c6794 S logcat
04-17 03:37:28.000   974  1149 I PhoneLab-LoggerService: Logcat pid from database 1153
04-17 03:37:28.000   974  1149 I PhoneLab-LoggerService: Logcat process found 1153
04-17 03:37:28.000   974  1149 I PhoneLab-LoggerService: Checking Threshold
04-17 03:37:45.778   291   291 I wpa_supplicant: wlan0: CTRL-EVENT-EAP-STARTED EAP authentication started
04-17 03:37:45.782    75   114 D NetlinkEvent: Unexpected netlink message. type=0x0
04-17 03:37:45.785   291   291 I wpa_supplicant: wlan0: CTRL-EVENT-DISCONNECTED bssid=d0:c2:82:84:8d:51 reason=0
04-17 03:37:47.067   291   291 I wpa_supplicant: wlan0: Trying to associate with d0:c2:82:66:6b:f1 (SSID='UB_Secure' freq=2437 MHz)
04-17 03:37:47.141   291   291 I wpa_supplicant: wlan0: Associated with d0:c2:82:66:6b:f1
04-17 03:37:47.141   291   291 I wpa_supplicant: wlan0: CTRL-EVENT-EAP-STARTED EAP authentication started
04-17 03:37:47.149   291   291 I wpa_supplicant: wlan0: CTRL-EVENT-EAP-PROPOSED-METHOD vendor=0 method=4 -> NAK
04-17 03:37:47.153   291   291 I wpa_supplicant: wlan0: CTRL-EVENT-EAP-PROPOSED-METHOD vendor=0 method=25
04-17 03:37:47.153   291   291 I wpa_supplicant: wlan0: CTRL-EVENT-EAP-METHOD EAP vendor 0 method 25 (PEAP) selected
04-17 03:37:47.160   291   291 I wpa_supplicant: EAP-TLV: TLV Result - Success - EAP-TLV/Phase2 Completed
04-17 03:37:47.184    75   114 D NetlinkEvent: Unexpected netlink message. type=0x0
04-17 03:37:56.188   974   974 I PhoneLab-Locks: wake lock acquired
04-17 03:37:56.192   974   974 I PhoneLab-StatusMonitor: Status Monitoring is started
04-17 03:37:56.242   974   976 D dalvikvm: GC_CONCURRENT freed 558K, 16% free 9249K/10887K, paused 1ms+5ms
04-17 03:37:56.266   974   974 I PhoneLab-StatusMonitor: Value: 5 - unit: min
04-17 03:37:56.266   974   974 I PhoneLab-StatusMonitor: Running interval: 300000
04-17 03:37:56.270   974   974 I PhoneLab-StatusMonitor: Rescheduling status monitoring...
04-17 03:37:56.270   974   974 I PhoneLab-Locks: wake lock released
04-17 03:37:56.274   974   974 I PhoneLab-StatusMonitorLocation: Learning Location
04-17 03:37:56.274   974   974 I PhoneLab-Locks: wake lock acquired
04-17 03:37:56.278   974   974 I PhoneLab-Locks: wake lock acquired
04-17 03:37:56.278   974   974 I PhoneLab-StatusMonitorLocation: Learning Signal Strgth
04-17 03:37:56.278   974   974 I PhoneLab-Locks: wake lock acquired
04-17 03:37:56.285   974   974 I PhoneLab-StatusMonitorBattery: Battery_level: 96
04-17 03:37:56.285   974   974 I PhoneLab-Locks: wake lock released
04-17 03:37:56.285   974   974 I PhoneLab-StatusMonitorSignal: Signal_Strength: -96 asu: 9
04-17 03:37:56.285   974   974 I PhoneLab-Locks: wake lock released
04-17 03:38:22.977   291   291 I wpa_supplicant: wlan0: CTRL-EVENT-EAP-STARTED EAP authentication started
04-17 03:38:22.981    75   114 D NetlinkEvent: Unexpected netlink message. type=0x0
04-17 03:38:22.985   291   291 I wpa_supplicant: wlan0: CTRL-EVENT-DISCONNECTED bssid=d0:c2:82:66:6b:f1 reason=0
04-17 03:38:24.282   291   291 I wpa_supplicant: wlan0: Trying to associate with d0:c2:82:2d:e4:b1 (SSID='UB_Secure' freq=2412 MHz)
04-17 03:38:28.969   291   291 I wpa_supplicant: wlan0: CTRL-EVENT-DISCONNECTED bssid=d0:c2:82:2d:e4:b1 reason=0
04-17 03:38:29.578   291   291 I wpa_supplicant: wlan0: Trying to associate with d0:c2:82:67:e7:61 (SSID='UB_Secure' freq=2412 MHz)
04-17 03:38:29.739   291   291 I wpa_supplicant: wlan0: Associated with d0:c2:82:67:e7:61
04-17 03:38:29.739   291   291 I wpa_supplicant: wlan0: CTRL-EVENT-EAP-STARTED EAP authentication started
04-17 03:38:29.778   291   291 I wpa_supplicant: wlan0: CTRL-EVENT-EAP-PROPOSED-METHOD vendor=0 method=4 -> NAK
04-17 03:38:29.785   291   291 I wpa_supplicant: wlan0: CTRL-EVENT-EAP-PROPOSED-METHOD vendor=0 method=25
04-17 03:38:29.785   291   291 I wpa_supplicant: wlan0: CTRL-EVENT-EAP-METHOD EAP vendor 0 method 25 (PEAP) selected
04-17 03:38:29.797    75   114 D NetlinkEvent: Unexpected netlink message. type=0x0
04-17 03:38:29.817   291   291 I wpa_supplicant: EAP-TLV: TLV Result - Success - EAP-TLV/Phase2 Completed
04-17 03:39:05.778   291   291 I wpa_supplicant: wlan0: CTRL-EVENT-DISCONNECTED bssid=d0:c2:82:67:e7:61 reason=0
04-17 03:39:05.793    75   114 D NetlinkEvent: Unexpected netlink message. type=0x0
04-17 03:39:07.071   291   291 I wpa_supplicant: wlan0: Trying to associate with d0:c2:82:84:8d:51 (SSID='UB_Secure' freq=2437 MHz)
04-17 03:39:07.258   291   291 I wpa_supplicant: wlan0: Associated with d0:c2:82:84:8d:51
04-17 03:39:07.262   291   291 I wpa_supplicant: wlan0: CTRL-EVENT-EAP-STARTED EAP authentication started
04-17 03:39:07.270   291   291 I wpa_supplicant: wlan0: CTRL-EVENT-EAP-PROPOSED-METHOD vendor=0 method=4 -> NAK
04-17 03:39:07.278   291   291 I wpa_supplicant: wlan0: CTRL-EVENT-EAP-PROPOSED-METHOD vendor=0 method=25
04-17 03:39:07.278   291   291 I wpa_supplicant: wlan0: CTRL-EVENT-EAP-METHOD EAP vendor 0 method 25 (PEAP) selected
04-17 03:39:07.297   291   291 I wpa_supplicant: EAP-TLV: TLV Result - Success - EAP-TLV/Phase2 Completed
04-17 03:39:07.328    75   114 D NetlinkEvent: Unexpected netlink message. type=0x0
04-17 03:39:26.457  1081 27695 V PicasaContentProvider: querySettings: defaults: {sync_on_wifi_only=1, auto_upload_account_type=null, sync_on_battery=1, sync_picasa_on_wifi_only=1, auto_upload_enabled=0, video_upload_wifi_only=1, sync_on_roaming=0, auto_upload_account_name=null}
04-17 03:39:27.946   974  1149 I PhoneLab-: Service Running
04-17 03:39:28.000   974  1149 I PhoneLab-LoggerService: app_34    1153  974   1444   1072  c00f1758 400c6794 S logcat
04-17 03:39:28.000   974  1149 I PhoneLab-LoggerService: Logcat pid from database 1153
04-17 03:39:28.000   974  1149 I PhoneLab-LoggerService: Logcat process found 1153
04-17 03:39:28.000   974  1149 I PhoneLab-LoggerService: Checking Threshold
04-17 03:39:28.871  1081  1083 D dalvikvm: GC_CONCURRENT freed 329K, 13% free 10142K/11527K, paused 7ms+3ms
04-17 03:39:30.117  1081  1083 D dalvikvm: GC_CONCURRENT freed 436K, 13% free 10103K/11527K, paused 14ms+3ms
04-17 03:39:32.219  1081  1083 D dalvikvm: GC_CONCURRENT freed 328K, 12% free 10165K/11527K, paused 15ms+3ms
04-17 03:39:32.360  1081  1083 D dalvikvm: GC_CONCURRENT freed 436K, 13% free 10129K/11527K, paused 2ms+2ms
04-17 03:39:32.500  1081  1083 D dalvikvm: GC_CONCURRENT freed 390K, 13% free 10139K/11527K, paused 2ms+3ms
04-17 03:39:33.024  1081  1083 D dalvikvm: GC_CONCURRENT freed 484K, 13% free 10090K/11527K, paused 18ms+2ms
04-17 03:39:36.481  1081  1083 D dalvikvm: GC_CONCURRENT freed 357K, 13% free 10144K/11527K, paused 13ms+3ms
04-17 03:39:37.020  1081  1083 D dalvikvm: GC_CONCURRENT freed 249K, 10% free 10382K/11527K, paused 15ms+2ms
04-17 03:39:37.293  1081  1083 D dalvikvm: GC_CONCURRENT freed 378K, 10% free 10393K/11527K, paused 2ms+3ms
04-17 03:39:37.571  1081  1083 D dalvikvm: GC_CONCURRENT freed 349K, 10% free 10430K/11527K, paused 1ms+4ms
04-17 03:39:37.793  1081  1083 D dalvikvm: GC_CONCURRENT freed 400K, 10% free 10418K/11527K, paused 1ms+4ms
04-17 03:39:38.176  1081  1083 D dalvikvm: GC_CONCURRENT freed 395K, 10% free 10437K/11527K, paused 2ms+3ms
04-17 03:39:38.340  1081  1083 D dalvikvm: GC_CONCURRENT freed 288K, 9% free 10547K/11527K, paused 2ms+4ms
04-17 03:39:38.500  1081  1083 D dalvikvm: GC_CONCURRENT freed 397K, 9% free 10549K/11527K, paused 2ms+2ms
04-17 03:39:38.664  1081  1083 D dalvikvm: GC_CONCURRENT freed 392K, 9% free 10554K/11527K, paused 2ms+5ms
04-17 03:39:39.199  1081  1083 D dalvikvm: GC_CONCURRENT freed 883K, 13% free 10077K/11527K, paused 2ms+3ms
04-17 03:39:43.176   291   291 I wpa_supplicant: wlan0: CTRL-EVENT-EAP-STARTED EAP authentication started
04-17 03:39:43.176    75   114 D NetlinkEvent: Unexpected netlink message. type=0x0
04-17 03:39:43.184   291   291 I wpa_supplicant: wlan0: CTRL-EVENT-DISCONNECTED bssid=d0:c2:82:84:8d:51 reason=0
04-17 03:39:44.469   291   291 I wpa_supplicant: wlan0: Trying to associate with d0:c2:82:66:6b:f1 (SSID='UB_Secure' freq=2437 MHz)
04-17 03:39:44.590   291   291 I wpa_supplicant: wlan0: Associated with d0:c2:82:66:6b:f1
04-17 03:39:44.590   291   291 I wpa_supplicant: wlan0: CTRL-EVENT-EAP-STARTED EAP authentication started
04-17 03:39:44.590    75   114 D NetlinkEvent: Unexpected netlink message. type=0x0
04-17 03:39:44.594   291   291 I wpa_supplicant: wlan0: CTRL-EVENT-EAP-PROPOSED-METHOD vendor=0 method=4 -> NAK
04-17 03:39:44.602   291   291 I wpa_supplicant: wlan0: CTRL-EVENT-EAP-PROPOSED-METHOD vendor=0 method=25
04-17 03:39:44.602   291   291 I wpa_supplicant: wlan0: CTRL-EVENT-EAP-METHOD EAP vendor 0 method 25 (PEAP) selected
