05-29 16:31:03.379 23241 23241 I PhoneLab-Locks: wake lock released
05-29 16:31:03.383 23241 23241 I PhoneLab-StatusMonitorLocation: Learning Location
05-29 16:31:03.383 23241 23241 I PhoneLab-Locks: wake lock acquired
05-29 16:31:03.387 23241 23241 I PhoneLab-Locks: wake lock acquired
05-29 16:31:03.391 23241 23241 I PhoneLab-StatusMonitorLocation: Learning Signal Strgth
05-29 16:31:03.391 23241 23241 I PhoneLab-Locks: wake lock acquired
05-29 16:31:03.403 23241 23241 I PhoneLab-StatusMonitorBattery: Battery_level: 95
05-29 16:31:03.403 23241 23241 I PhoneLab-Locks: wake lock released
05-29 16:31:03.403 23241 23241 I PhoneLab-StatusMonitorSignal: Signal_Strength: -96 asu: 9
05-29 16:31:03.403 23241 23241 I PhoneLab-Locks: wake lock released
05-29 16:31:13.875 23241 23288 I PhoneLab-: Service Running
05-29 16:31:13.946 23241 23288 I PhoneLab-LoggerService: app_34    1169  1     1444   1024  c00f1758 400be794 S logcat
05-29 16:31:13.946 23241 23288 I PhoneLab-LoggerService: Logcat pid from database 1169
05-29 16:31:13.946 23241 23288 I PhoneLab-LoggerService: Logcat process found 1169
05-29 16:31:13.946 23241 23288 I PhoneLab-LoggerService: Checking Threshold
05-29 16:31:13.950 23241 23288 I PhoneLab-LoggerService: Starting to rename files
05-29 16:31:13.954 23241 23288 I PhoneLab-LoggerService: Files found .. 77
05-29 16:32:25.411 14364 14364 D C2DM    : Initialized
05-29 16:32:25.426 14364 14385 I InvalidationClientImpl: [chromesync#1604387069] Issuing invalidate (known-version = true): Inv: <Oid: <1004, SESSION>, 1338322707201000, YjndjSH3D4AUHoz7Z5yvZXWNboM0bwI>
05-29 16:32:25.446 14364 20134 D ChromeBrowserSyncAdapter: delaying sync
05-29 16:32:27.090 14364 14366 D dalvikvm: GC_CONCURRENT freed 428K, 6% free 9775K/10375K, paused 13ms+2ms
05-29 16:32:55.418 23422 23424 D dalvikvm: GC_CONCURRENT freed 612K, 14% free 10727K/12423K, paused 2ms+13ms
05-29 16:33:13.875 23241 23288 I PhoneLab-: Service Running
05-29 16:33:13.942 23241 23288 I PhoneLab-LoggerService: app_34    1169  1     1444   1024  c00f1758 400be794 S logcat
05-29 16:33:13.942 23241 23288 I PhoneLab-LoggerService: Logcat pid from database 1169
05-29 16:33:13.942 23241 23288 I PhoneLab-LoggerService: Logcat process found 1169
05-29 16:33:13.942 23241 23288 I PhoneLab-LoggerService: Checking Threshold
05-29 16:33:13.946 23241 23288 I PhoneLab-LoggerService: Starting to rename files
05-29 16:33:13.950 23241 23288 I PhoneLab-LoggerService: Files found .. 77
05-29 16:34:03.012   144   350 D dalvikvm: GC_EXPLICIT freed 765K, 25% free 15047K/19847K, paused 3ms+7ms
05-29 16:35:00.176   215   217 D dalvikvm: GC_CONCURRENT freed 225K, 10% free 11336K/12551K, paused 2ms+4ms
05-29 16:35:13.875 23241 23288 I PhoneLab-: Service Running
05-29 16:35:13.942 23241 23288 I PhoneLab-LoggerService: app_34    1169  1     1444   1024  c00f1758 400be794 S logcat
05-29 16:35:13.942 23241 23288 I PhoneLab-LoggerService: Logcat pid from database 1169
05-29 16:35:13.942 23241 23288 I PhoneLab-LoggerService: Logcat process found 1169
05-29 16:35:13.942 23241 23288 I PhoneLab-LoggerService: Checking Threshold
05-29 16:35:13.946 23241 23288 I PhoneLab-LoggerService: Starting to rename files
05-29 16:35:13.965 23241 23288 I PhoneLab-LoggerService: Files found .. 77
05-29 16:35:13.977 23241 23244 D dalvikvm: GC_CONCURRENT freed 457K, 9% free 9168K/9991K, paused 2ms+2ms
05-29 16:36:03.403 23241 23241 I PhoneLab-Locks: wake lock acquired
05-29 16:36:03.415 23241 23241 I PhoneLab-StatusMonitor: Status Monitoring is started
05-29 16:36:03.454 23241 23241 I PhoneLab-StatusMonitor: Value: 5 - unit: min
05-29 16:36:03.458 23241 23241 I PhoneLab-StatusMonitor: Running interval: 300000
05-29 16:36:03.465 23241 23244 D dalvikvm: GC_CONCURRENT freed 455K, 8% free 9224K/9991K, paused 1ms+3ms
05-29 16:36:03.469 23241 23241 I PhoneLab-StatusMonitor: Rescheduling status monitoring...
05-29 16:36:03.473 23241 23241 I PhoneLab-Locks: wake lock released
05-29 16:36:03.473 23241 23241 I PhoneLab-StatusMonitorLocation: Learning Location
05-29 16:36:03.473 23241 23241 I PhoneLab-Locks: wake lock acquired
05-29 16:36:03.477 23241 23241 I PhoneLab-Locks: wake lock acquired
05-29 16:36:03.481 23241 23241 I PhoneLab-StatusMonitorLocation: Learning Signal Strgth
05-29 16:36:03.481 23241 23241 I PhoneLab-Locks: wake lock acquired
05-29 16:36:03.493 23241 23241 I PhoneLab-StatusMonitorBattery: Battery_level: 95
05-29 16:36:03.493 23241 23241 I PhoneLab-Locks: wake lock released
05-29 16:36:03.493 23241 23241 I PhoneLab-StatusMonitorSignal: Signal_Strength: -96 asu: 9
05-29 16:36:03.493 23241 23241 I PhoneLab-Locks: wake lock released
05-29 16:37:13.875 23241 23288 I PhoneLab-: Service Running
05-29 16:37:13.942 23241 23288 I PhoneLab-LoggerService: app_34    1169  1     1444   1024  c00f1758 400be794 S logcat
05-29 16:37:13.942 23241 23288 I PhoneLab-LoggerService: Logcat pid from database 1169
05-29 16:37:13.942 23241 23288 I PhoneLab-LoggerService: Logcat process found 1169
05-29 16:37:13.942 23241 23288 I PhoneLab-LoggerService: Checking Threshold
05-29 16:37:13.946 23241 23288 I PhoneLab-LoggerService: Starting to rename files
05-29 16:37:13.950 23241 23288 I PhoneLab-LoggerService: Files found .. 77
05-29 16:39:13.875 23241 23288 I PhoneLab-: Service Running
05-29 16:39:13.938 23241 23288 I PhoneLab-LoggerService: app_34    1169  1     1444   1024  c00f1758 400be794 S logcat
05-29 16:39:13.938 23241 23288 I PhoneLab-LoggerService: Logcat pid from database 1169
05-29 16:39:13.938 23241 23288 I PhoneLab-LoggerService: Logcat process found 1169
05-29 16:39:13.938 23241 23288 I PhoneLab-LoggerService: Checking Threshold
05-29 16:39:13.942 23241 23288 I PhoneLab-LoggerService: Starting to rename files
05-29 16:39:13.946 23241 23288 I PhoneLab-LoggerService: Files found .. 77
05-29 16:41:03.497 23241 23241 I PhoneLab-Locks: wake lock acquired
05-29 16:41:03.512 23241 23241 I PhoneLab-StatusMonitor: Status Monitoring is started
05-29 16:41:03.563 23241 23244 D dalvikvm: GC_CONCURRENT freed 527K, 8% free 9208K/9991K, paused 1ms+4ms
05-29 16:41:03.583 23241 23241 I PhoneLab-StatusMonitor: Value: 5 - unit: min
05-29 16:41:03.583 23241 23241 I PhoneLab-StatusMonitor: Running interval: 300000
05-29 16:41:03.590 23241 23241 I PhoneLab-StatusMonitor: Rescheduling status monitoring...
05-29 16:41:03.590 23241 23241 I PhoneLab-Locks: wake lock released
05-29 16:41:03.594 23241 23241 I PhoneLab-StatusMonitorLocation: Learning Location
05-29 16:41:03.594 23241 23241 I PhoneLab-Locks: wake lock acquired
05-29 16:41:03.594 23241 23241 I PhoneLab-Locks: wake lock acquired
05-29 16:41:03.598 23241 23241 I PhoneLab-StatusMonitorLocation: Learning Signal Strgth
05-29 16:41:03.598 23241 23241 I PhoneLab-Locks: wake lock acquired
05-29 16:41:03.606 23241 23241 I PhoneLab-StatusMonitorBattery: Battery_level: 95
05-29 16:41:03.606 23241 23241 I PhoneLab-Locks: wake lock released
05-29 16:41:03.606 23241 23241 I PhoneLab-StatusMonitorSignal: Signal_Strength: -96 asu: 9
05-29 16:41:03.606 23241 23241 I PhoneLab-Locks: wake lock released
05-29 16:41:13.875 23241 23288 I PhoneLab-: Service Running
05-29 16:41:13.930 23241 23288 I PhoneLab-LoggerService: app_34    1169  1     1444   1024  c00f1758 400be794 S logcat
05-29 16:41:13.934 23241 23288 I PhoneLab-LoggerService: Logcat pid from database 1169
05-29 16:41:13.934 23241 23288 I PhoneLab-LoggerService: Logcat process found 1169
05-29 16:41:13.934 23241 23288 I PhoneLab-LoggerService: Checking Threshold
05-29 16:41:13.934 23241 23288 I PhoneLab-LoggerService: Starting to rename files
05-29 16:41:13.954 23241 23288 I PhoneLab-LoggerService: Files found .. 77
05-29 16:41:13.969 23241 23244 D dalvikvm: GC_CONCURRENT freed 469K, 9% free 9158K/9991K, paused 2ms+3ms
05-29 16:42:26.333 14364 14364 D C2DM    : Initialized
05-29 16:42:26.344 14364 14385 I InvalidationClientImpl: [chromesync#1604387069] Issuing invalidate (known-version = true): Inv: <Oid: <1004, SESSION>, 1338323096444000, YjndjSH3D4AUHoz7Z5yvZXV7TI80bwI>
05-29 16:42:26.364 14364 20172 D ChromeBrowserSyncAdapter: delaying sync
05-29 16:43:13.875 23241 23288 I PhoneLab-: Service Running
05-29 16:43:13.930 23241 23288 I PhoneLab-LoggerService: app_34    1169  1     1444   1024  c00f1758 400be794 S logcat
05-29 16:43:13.934 23241 23288 I PhoneLab-LoggerService: Logcat pid from database 1169
05-29 16:43:13.934 23241 23288 I PhoneLab-LoggerService: Logcat process found 1169
05-29 16:43:13.934 23241 23288 I PhoneLab-LoggerService: Checking Threshold
05-29 16:43:13.934 23241 23288 I PhoneLab-LoggerService: Starting to rename files
05-29 16:43:13.938 23241 23288 I PhoneLab-LoggerService: Files found .. 77
05-29 16:44:13.227 23241 23241 I PhoneLab-Locks: wake lock acquired
05-29 16:44:13.247 23241 20195 I PhoneLab-PeriodicCheckService: User info is synched
05-29 16:44:13.247 23241 20195 I PhoneLab-PeriodicCheckService: Logger Service is running
05-29 16:44:13.250 23241 20195 I PhoneLab-PeriodicCheckService: Rescheduling periodic checking...
05-29 16:44:13.250 23241 20195 I PhoneLab-Locks: wake lock released
05-29 16:44:22.305   268   665 I EventLogService: Aggregate from 1338322462100 (log), 1338322462100 (data)
05-29 16:45:13.875 23241 23288 I PhoneLab-: Service Running
05-29 16:45:13.930 23241 23288 I PhoneLab-LoggerService: app_34    1169  1     1444   1024  c00f1758 400be794 S logcat
05-29 16:45:13.934 23241 23288 I PhoneLab-LoggerService: Logcat pid from database 1169
05-29 16:45:13.934 23241 23288 I PhoneLab-LoggerService: Logcat process found 1169
05-29 16:45:13.934 23241 23288 I PhoneLab-LoggerService: Checking Threshold
05-29 16:45:13.934 23241 23288 I PhoneLab-LoggerService: Starting to rename files
05-29 16:45:13.938 23241 23288 I PhoneLab-LoggerService: Files found .. 77
05-29 16:45:44.708 14364 14385 I InvalidationClientImpl: [chromesync#1604387069] Sending heartbeat to server: HeartbeatTask: this$0 = Client: com.google.protos.ipc.invalidation.ClientProtocol$ApplicationClientIdP@413c8758, \n\006\n\004\010\003\020\001\022\022\t\047-\220D\317B\250\240\021\375G\227\325!~^\332\032\007\010\202,\020\003\030\n, nextPerformanceSendTimeMs = 1338346664786, 
05-29 16:45:44.719 14364 14385 I InvalidationClientImpl: [chromesync#1604387069] Sending info message to server
05-29 16:45:44.754 14364 14366 D dalvikvm: GC_CONCURRENT freed 439K, 7% free 9749K/10375K, paused 13ms+2ms
05-29 16:46:03.610 23241 23241 I PhoneLab-Locks: wake lock acquired
05-29 16:46:03.622 23241 23241 I PhoneLab-StatusMonitor: Status Monitoring is started
05-29 16:46:03.672 23241 23244 D dalvikvm: GC_CONCURRENT freed 459K, 8% free 9211K/9991K, paused 1ms+4ms
05-29 16:46:03.692 23241 23241 I PhoneLab-StatusMonitor: Value: 5 - unit: min
05-29 16:46:03.692 23241 23241 I PhoneLab-StatusMonitor: Running interval: 300000
05-29 16:46:03.700 23241 23241 I PhoneLab-StatusMonitor: Rescheduling status monitoring...
05-29 16:46:03.700 23241 23241 I PhoneLab-Locks: wake lock released
05-29 16:46:03.704 23241 23241 I PhoneLab-StatusMonitorLocation: Learning Location
05-29 16:46:03.704 23241 23241 I PhoneLab-Locks: wake lock acquired
05-29 16:46:03.704 23241 23241 I PhoneLab-Locks: wake lock acquired
05-29 16:46:03.708 23241 23241 I PhoneLab-StatusMonitorLocation: Learning Signal Strgth
05-29 16:46:03.708 23241 23241 I PhoneLab-Locks: wake lock acquired
05-29 16:46:03.715 23241 23241 I PhoneLab-StatusMonitorBattery: Battery_level: 95
05-29 16:46:03.715 23241 23241 I PhoneLab-Locks: wake lock released
05-29 16:46:03.715 23241 23241 I PhoneLab-StatusMonitorSignal: Signal_Strength: -96 asu: 9
05-29 16:46:03.715 23241 23241 I PhoneLab-Locks: wake lock released
05-29 16:46:11.442   144   160 V BackupManagerService: Running a backup pass
05-29 16:46:11.454   144   214 V BackupManagerService: Backup requested but nothing pending
05-29 16:47:13.875 23241 23288 I PhoneLab-: Service Running
05-29 16:47:13.942 23241 23288 I PhoneLab-LoggerService: app_34    1169  1     1444   1024  c00f1758 400be794 S logcat
05-29 16:47:13.942 23241 23288 I PhoneLab-LoggerService: Logcat pid from database 1169
05-29 16:47:13.942 23241 23288 I PhoneLab-LoggerService: Logcat process found 1169
05-29 16:47:13.942 23241 23288 I PhoneLab-LoggerService: Checking Threshold
05-29 16:47:13.946 23241 23288 I PhoneLab-LoggerService: Starting to rename files
05-29 16:47:13.965 23241 23288 I PhoneLab-LoggerService: Files found .. 77
05-29 16:47:13.977 23241 23244 D dalvikvm: GC_CONCURRENT freed 468K, 9% free 9162K/9991K, paused 2ms+3ms
05-29 16:49:13.875 23241 23288 I PhoneLab-: Service Running
05-29 16:49:13.930 23241 23288 I PhoneLab-LoggerService: app_34    1169  1     1444   1024  c00f1758 400be794 S logcat
05-29 16:49:13.934 23241 23288 I PhoneLab-LoggerService: Logcat pid from database 1169
05-29 16:49:13.934 23241 23288 I PhoneLab-LoggerService: Logcat process found 1169
05-29 16:49:13.934 23241 23288 I PhoneLab-LoggerService: Checking Threshold
05-29 16:49:13.934 23241 23288 I PhoneLab-LoggerService: Starting to rename files
05-29 16:49:13.938 23241 23288 I PhoneLab-LoggerService: Files found .. 77
05-29 16:50:00.227   144   146 D dalvikvm: GC_CONCURRENT freed 1385K, 25% free 15071K/19847K, paused 3ms+16ms
05-29 16:50:00.243   215   217 D dalvikvm: GC_CONCURRENT freed 542K, 9% free 11442K/12551K, paused 2ms+10ms
05-29 16:51:03.719 23241 23241 I PhoneLab-Locks: wake lock acquired
05-29 16:51:03.747 23241 23241 I PhoneLab-StatusMonitor: Status Monitoring is started
05-29 16:51:03.797 23241 23244 D dalvikvm: GC_CONCURRENT freed 445K, 8% free 9228K/9991K, paused 2ms+3ms
05-29 16:51:03.805 23241 23241 I PhoneLab-StatusMonitor: Value: 5 - unit: min
05-29 16:51:03.805 23241 23241 I PhoneLab-StatusMonitor: Running interval: 300000
05-29 16:51:03.817 23241 23241 I PhoneLab-StatusMonitor: Rescheduling status monitoring...
05-29 16:51:03.817 23241 23241 I PhoneLab-Locks: wake lock released
05-29 16:51:03.821 23241 23241 I PhoneLab-StatusMonitorLocation: Learning Location
05-29 16:51:03.821 23241 23241 I PhoneLab-Locks: wake lock acquired
05-29 16:51:03.825 23241 23241 I PhoneLab-Locks: wake lock acquired
05-29 16:51:03.825 23241 23241 I PhoneLab-StatusMonitorLocation: Learning Signal Strgth
05-29 16:51:03.825 23241 23241 I PhoneLab-Locks: wake lock acquired
05-29 16:51:03.833 23241 23241 I PhoneLab-StatusMonitorBattery: Battery_level: 94
05-29 16:51:03.833 23241 23241 I PhoneLab-Locks: wake lock released
05-29 16:51:03.833 23241 23241 I PhoneLab-StatusMonitorSignal: Signal_Strength: -96 asu: 9
05-29 16:51:03.833 23241 23241 I PhoneLab-Locks: wake lock released
05-29 16:51:13.875 23241 23288 I PhoneLab-: Service Running
05-29 16:51:13.942 23241 23288 I PhoneLab-LoggerService: app_34    1169  1     1444   1024  c00f1758 400be794 S logcat
05-29 16:51:13.942 23241 23288 I PhoneLab-LoggerService: Logcat pid from database 1169
05-29 16:51:13.942 23241 23288 I PhoneLab-LoggerService: Logcat process found 1169
05-29 16:51:13.942 23241 23288 I PhoneLab-LoggerService: Checking Threshold
05-29 16:51:13.946 23241 23288 I PhoneLab-LoggerService: Starting to rename files
05-29 16:51:13.950 23241 23288 I PhoneLab-LoggerService: Files found .. 77
05-29 16:52:27.125 14364 14364 D C2DM    : Initialized
05-29 16:52:27.141 14364 14385 I InvalidationClientImpl: [chromesync#1604387069] Issuing invalidate (known-version = true): Inv: <Oid: <1004, SESSION>, 1338323096444000, YjndjSH3D4AUHoz7Z5yvZXV7TI80bwI>
05-29 16:52:27.161 14364 20210 D ChromeBrowserSyncAdapter: delaying sync
05-29 16:53:13.875 23241 23288 I PhoneLab-: Service Running
05-29 16:53:13.930 23241 23288 I PhoneLab-LoggerService: app_34    1169  1     1444   1024  c00f1758 400be794 S logcat
05-29 16:53:13.934 23241 23288 I PhoneLab-LoggerService: Logcat pid from database 1169
05-29 16:53:13.934 23241 23288 I PhoneLab-LoggerService: Logcat process found 1169
05-29 16:53:13.934 23241 23288 I PhoneLab-LoggerService: Checking Threshold
05-29 16:53:13.934 23241 23288 I PhoneLab-LoggerService: Starting to rename files
05-29 16:53:13.958 23241 23288 I PhoneLab-LoggerService: Files found .. 77
05-29 16:53:13.969 23241 23244 D dalvikvm: GC_CONCURRENT freed 461K, 9% free 9167K/9991K, paused 2ms+3ms
05-29 16:55:13.875 23241 23288 I PhoneLab-: Service Running
05-29 16:55:13.930 23241 23288 I PhoneLab-LoggerService: app_34    1169  1     1444   1024  c00f1758 400be794 S logcat
05-29 16:55:13.934 23241 23288 I PhoneLab-LoggerService: Logcat pid from database 1169
05-29 16:55:13.934 23241 23288 I PhoneLab-LoggerService: Logcat process found 1169
05-29 16:55:13.934 23241 23288 I PhoneLab-LoggerService: Checking Threshold
05-29 16:55:13.934 23241 23288 I PhoneLab-LoggerService: Starting to rename files
05-29 16:55:13.938 23241 23288 I PhoneLab-LoggerService: Files found .. 77
05-29 16:56:03.840 23241 23241 I PhoneLab-Locks: wake lock acquired
05-29 16:56:03.852 23241 23241 I PhoneLab-StatusMonitor: Status Monitoring is started
05-29 16:56:03.899 23241 23244 D dalvikvm: GC_CONCURRENT freed 458K, 8% free 9220K/9991K, paused 1ms+2ms
05-29 16:56:03.907 23241 23241 I PhoneLab-StatusMonitor: Value: 5 - unit: min
05-29 16:56:03.907 23241 23241 I PhoneLab-StatusMonitor: Running interval: 300000
05-29 16:56:03.918 23241 23241 I PhoneLab-StatusMonitor: Rescheduling status monitoring...
05-29 16:56:03.922 23241 23241 I PhoneLab-Locks: wake lock released
05-29 16:56:03.922 23241 23241 I PhoneLab-StatusMonitorLocation: Learning Location
05-29 16:56:03.922 23241 23241 I PhoneLab-Locks: wake lock acquired
05-29 16:56:03.926 23241 23241 I PhoneLab-Locks: wake lock acquired
05-29 16:56:03.930 23241 23241 I PhoneLab-StatusMonitorLocation: Learning Signal Strgth
05-29 16:56:03.930 23241 23241 I PhoneLab-Locks: wake lock acquired
05-29 16:56:03.934 23241 23241 I PhoneLab-StatusMonitorBattery: Battery_level: 95
05-29 16:56:03.934 23241 23241 I PhoneLab-Locks: wake lock released
05-29 16:56:03.938 23241 23241 I PhoneLab-StatusMonitorSignal: Signal_Strength: -96 asu: 9
05-29 16:56:03.938 23241 23241 I PhoneLab-Locks: wake lock released
05-29 16:57:13.876 23241 23288 I PhoneLab-: Service Running
05-29 16:57:13.942 23241 23288 I PhoneLab-LoggerService: app_34    1169  1     1444   1024  c00f1758 400be794 S logcat
05-29 16:57:13.942 23241 23288 I PhoneLab-LoggerService: Logcat pid from database 1169
05-29 16:57:13.942 23241 23288 I PhoneLab-LoggerService: Logcat process found 1169
05-29 16:57:13.942 23241 23288 I PhoneLab-LoggerService: Checking Threshold
05-29 16:57:13.946 23241 23288 I PhoneLab-LoggerService: Starting to rename files
05-29 16:57:13.950 23241 23288 I PhoneLab-LoggerService: Files found .. 77
05-29 16:59:13.876 23241 23288 I PhoneLab-: Service Running
05-29 16:59:13.930 23241 23288 I PhoneLab-LoggerService: app_34    1169  1     1444   1024  c00f1758 400be794 S logcat
05-29 16:59:13.934 23241 23288 I PhoneLab-LoggerService: Logcat pid from database 1169
05-29 16:59:13.934 23241 23288 I PhoneLab-LoggerService: Logcat process found 1169
05-29 16:59:13.934 23241 23288 I PhoneLab-LoggerService: Checking Threshold
05-29 16:59:13.934 23241 23288 I PhoneLab-LoggerService: Starting to rename files
05-29 16:59:13.958 23241 23288 I PhoneLab-LoggerService: Files found .. 77
05-29 16:59:13.969 23241 23244 D dalvikvm: GC_CONCURRENT freed 449K, 9% free 9171K/9991K, paused 2ms+3ms
05-29 17:01:03.942 23241 23241 I PhoneLab-Locks: wake lock acquired
05-29 17:01:03.961 23241 23241 I PhoneLab-StatusMonitor: Status Monitoring is started
05-29 17:01:04.024 23241 23241 I PhoneLab-StatusMonitor: Value: 5 - unit: min
05-29 17:01:04.024 23241 23241 I PhoneLab-StatusMonitor: Running interval: 300000
05-29 17:01:04.032 23241 23244 D dalvikvm: GC_CONCURRENT freed 353K, 7% free 9327K/9991K, paused 2ms+4ms
05-29 17:01:04.063 23241 23241 I PhoneLab-StatusMonitor: Rescheduling status monitoring...
05-29 17:01:04.063 23241 23241 I PhoneLab-Locks: wake lock released
05-29 17:01:04.067 23241 23241 I PhoneLab-StatusMonitorLocation: Learning Location
05-29 17:01:04.067 23241 23241 I PhoneLab-Locks: wake lock acquired
05-29 17:01:04.067 23241 23241 I PhoneLab-Locks: wake lock acquired
05-29 17:01:04.071 23241 23241 I PhoneLab-StatusMonitorLocation: Learning Signal Strgth
05-29 17:01:04.071 23241 23241 I PhoneLab-Locks: wake lock acquired
05-29 17:01:04.079 23241 23241 I PhoneLab-StatusMonitorBattery: Battery_level: 95
05-29 17:01:04.079 23241 23241 I PhoneLab-Locks: wake lock released
05-29 17:01:04.079 23241 23241 I PhoneLab-StatusMonitorSignal: Signal_Strength: -96 asu: 9
05-29 17:01:04.079 23241 23241 I PhoneLab-Locks: wake lock released
05-29 17:01:13.876 23241 23288 I PhoneLab-: Service Running
05-29 17:01:13.930 23241 23288 I PhoneLab-LoggerService: app_34    1169  1     1444   1024  c00f1758 400be794 S logcat
05-29 17:01:13.930 23241 23288 I PhoneLab-LoggerService: Logcat pid from database 1169
05-29 17:01:13.930 23241 23288 I PhoneLab-LoggerService: Logcat process found 1169
05-29 17:01:13.930 23241 23288 I PhoneLab-LoggerService: Checking Threshold
05-29 17:01:13.934 23241 23288 I PhoneLab-LoggerService: Starting to rename files
05-29 17:01:13.934 23241 23288 I PhoneLab-LoggerService: Files found .. 77
05-29 17:02:19.751  4570  4573 D dalvikvm: GC_CONCURRENT freed 391K, 8% free 9771K/10567K, paused 2ms+16ms
05-29 17:02:19.754  4570 20246 I Gmail   : MainSyncRequestProto: lowestBkwdConvoId: 0, highestHandledServerOp: 2618438, normalSync: true
05-29 17:02:19.833   144   146 D dalvikvm: JIT code cache reset in 4 ms (1048516 bytes 47/0)
05-29 17:02:19.852   144   146 D dalvikvm: GC_CONCURRENT freed 1418K, 25% free 15061K/19847K, paused 3ms+11ms
05-29 17:02:21.860  4570  4573 D dalvikvm: GC_CONCURRENT freed 406K, 8% free 9768K/10567K, paused 2ms+5ms
05-29 17:02:21.942  4570 20246 D dalvikvm: GC_EXPLICIT freed 151K, 8% free 9735K/10567K, paused 2ms+3ms
05-29 17:02:21.946  4570 20246 I Gmail   : MainSyncRequestProto: lowestBkwdConvoId: 0, highestHandledServerOp: 2618496, normalSync: true
05-29 17:02:22.567  4570 20246 D dalvikvm: GC_EXPLICIT freed 200K, 8% free 9765K/10567K, paused 2ms+3ms
05-29 17:02:22.571  4570 20246 I Gmail   : MainSyncRequestProto: lowestBkwdConvoId: 0, highestHandledServerOp: 2618497, normalSync: true
05-29 17:02:22.586  4570 20246 W Gmail   : Scheduling index for 300000 ms from now
05-29 17:02:22.610  4570 20246 I Gmail   : Sending notification intent: Intent { act=android.intent.action.PROVIDER_CHANGED dat=content://gmail-ls/unread/^i (has extras) }
05-29 17:02:22.637  4570 20246 I Gmail   : Sending notification intent: Intent { act=android.intent.action.PROVIDER_CHANGED dat=content://gmail-ls/unread/^iim (has extras) }
05-29 17:02:22.708  4570 20253 I Gmail   : MainSyncRequestProto: lowestBkwdConvoId: 0, highestHandledServerOp: 2618497, normalSync: true
05-29 17:02:23.157  4570 20253 D dalvikvm: GC_EXPLICIT freed 152K, 8% free 9760K/10567K, paused 2ms+3ms
05-29 17:02:23.161  4570 20253 I Gmail   : MainSyncRequestProto: lowestBkwdConvoId: 0, highestHandledServerOp: 2618497, normalSync: true
05-29 17:02:23.172  4570 20253 W Gmail   : Scheduling index for 300000 ms from now
05-29 17:03:13.876 23241 23288 I PhoneLab-: Service Running
05-29 17:03:13.938 23241 23288 I PhoneLab-LoggerService: app_34    1169  1     1444   1024  c00f1758 400be794 S logcat
05-29 17:03:13.938 23241 23288 I PhoneLab-LoggerService: Logcat pid from database 1169
05-29 17:03:13.938 23241 23288 I PhoneLab-LoggerService: Logcat process found 1169
05-29 17:03:13.938 23241 23288 I PhoneLab-LoggerService: Checking Threshold
05-29 17:03:13.942 23241 23288 I PhoneLab-LoggerService: Starting to rename files
05-29 17:03:13.946 23241 23288 I PhoneLab-LoggerService: Files found .. 77
05-29 17:05:13.876 23241 23288 I PhoneLab-: Service Running
05-29 17:05:13.942 23241 23288 I PhoneLab-LoggerService: app_34    1169  1     1444   1024  c00f1758 400be794 S logcat
05-29 17:05:13.942 23241 23288 I PhoneLab-LoggerService: Logcat pid from database 1169
05-29 17:05:13.942 23241 23288 I PhoneLab-LoggerService: Logcat process found 1169
05-29 17:05:13.942 23241 23288 I PhoneLab-LoggerService: Checking Threshold
05-29 17:05:13.946 23241 23288 I PhoneLab-LoggerService: Starting to rename files
05-29 17:05:13.965 23241 23288 I PhoneLab-LoggerService: Files found .. 77
05-29 17:05:13.981 23241 23244 D dalvikvm: GC_CONCURRENT freed 553K, 9% free 9176K/9991K, paused 2ms+3ms
05-29 17:06:04.086 23241 23241 I PhoneLab-Locks: wake lock acquired
05-29 17:06:04.102 23241 23241 I PhoneLab-StatusMonitor: Status Monitoring is started
05-29 17:06:04.165 23241 23241 I PhoneLab-StatusMonitor: Value: 5 - unit: min
05-29 17:06:04.165 23241 23241 I PhoneLab-StatusMonitor: Running interval: 300000
05-29 17:06:04.172 23241 23244 D dalvikvm: GC_CONCURRENT freed 369K, 7% free 9315K/9991K, paused 2ms+4ms
05-29 17:06:04.204 23241 23241 I PhoneLab-StatusMonitor: Rescheduling status monitoring...
05-29 17:06:04.208 23241 23241 I PhoneLab-Locks: wake lock released
05-29 17:06:04.208 23241 23241 I PhoneLab-StatusMonitorLocation: Learning Location
05-29 17:06:04.208 23241 23241 I PhoneLab-Locks: wake lock acquired
05-29 17:06:04.211 23241 23241 I PhoneLab-Locks: wake lock acquired
05-29 17:06:04.215 23241 23241 I PhoneLab-StatusMonitorLocation: Learning Signal Strgth
05-29 17:06:04.215 23241 23241 I PhoneLab-Locks: wake lock acquired
05-29 17:06:04.219 23241 23241 I PhoneLab-StatusMonitorBattery: Battery_level: 95
05-29 17:06:04.219 23241 23241 I PhoneLab-Locks: wake lock released
05-29 17:06:04.223 23241 23241 I PhoneLab-StatusMonitorSignal: Signal_Strength: -96 asu: 9
05-29 17:06:04.223 23241 23241 I PhoneLab-Locks: wake lock released
05-29 17:07:00.129   215   217 D dalvikvm: GC_CONCURRENT freed 675K, 9% free 11468K/12551K, paused 2ms+7ms
05-29 17:07:13.876 23241 23288 I PhoneLab-: Service Running
05-29 17:07:13.942 23241 23288 I PhoneLab-LoggerService: app_34    1169  1     1444   1024  c00f1758 400be794 S logcat
05-29 17:07:13.942 23241 23288 I PhoneLab-LoggerService: Logcat pid from database 1169
05-29 17:07:13.942 23241 23288 I PhoneLab-LoggerService: Logcat process found 1169
05-29 17:07:13.942 23241 23288 I PhoneLab-LoggerService: Checking Threshold
05-29 17:07:13.946 23241 23288 I PhoneLab-LoggerService: Starting to rename files
05-29 17:07:13.950 23241 23288 I PhoneLab-LoggerService: Files found .. 77
05-29 17:08:55.243 14364 14385 I InvalidationClientImpl: [chromesync#1604387069] Sending heartbeat to server: HeartbeatTask: this$0 = Client: com.google.protos.ipc.invalidation.ClientProtocol$ApplicationClientIdP@413c8758, \n\006\n\004\010\003\020\001\022\022\t\047-\220D\317B\250\240\021\375G\227\325!~^\332\032\007\010\202,\020\003\030\n, nextPerformanceSendTimeMs = 1338342317893, 
05-29 17:08:55.247 14364 14385 I InvalidationClientImpl: [chromesync#1604387069] Sending info message to server
05-29 17:08:55.860 14364 14366 D dalvikvm: GC_CONCURRENT freed 428K, 7% free 9734K/10375K, paused 13ms+3ms
05-29 17:09:13.876 23241 23288 I PhoneLab-: Service Running
05-29 17:09:13.934 23241 23288 I PhoneLab-LoggerService: app_34    1169  1     1444   1024  c00f1758 400be794 S logcat
05-29 17:09:13.934 23241 23288 I PhoneLab-LoggerService: Logcat pid from database 1169
05-29 17:09:13.934 23241 23288 I PhoneLab-LoggerService: Logcat process found 1169
05-29 17:09:13.934 23241 23288 I PhoneLab-LoggerService: Checking Threshold
05-29 17:09:13.938 23241 23288 I PhoneLab-LoggerService: Starting to rename files
05-29 17:09:13.942 23241 23288 I PhoneLab-LoggerService: Files found .. 77
05-29 17:10:31.762   292   292 I wpa_supplicant: wlan0: WPA: Group rekeying completed with d0:c2:82:66:6b:f0 [GTK=TKIP]
05-29 17:11:04.227 23241 23241 I PhoneLab-Locks: wake lock acquired
05-29 17:11:04.251 23241 23241 I PhoneLab-StatusMonitor: Status Monitoring is started
05-29 17:11:04.305 23241 23244 D dalvikvm: GC_CONCURRENT freed 617K, 8% free 9207K/9991K, paused 2ms+4ms
05-29 17:11:04.325 23241 23241 I PhoneLab-StatusMonitor: Value: 5 - unit: min
05-29 17:11:04.325 23241 23241 I PhoneLab-StatusMonitor: Running interval: 300000
05-29 17:11:04.333 23241 23241 I PhoneLab-StatusMonitor: Rescheduling status monitoring...
05-29 17:11:04.333 23241 23241 I PhoneLab-Locks: wake lock released
05-29 17:11:04.336 23241 23241 I PhoneLab-StatusMonitorLocation: Learning Location
05-29 17:11:04.336 23241 23241 I PhoneLab-Locks: wake lock acquired
05-29 17:11:04.336 23241 23241 I PhoneLab-Locks: wake lock acquired
05-29 17:11:04.340 23241 23241 I PhoneLab-StatusMonitorLocation: Learning Signal Strgth
05-29 17:11:04.340 23241 23241 I PhoneLab-Locks: wake lock acquired
05-29 17:11:04.348 23241 23241 I PhoneLab-StatusMonitorBattery: Battery_level: 95
05-29 17:11:04.348 23241 23241 I PhoneLab-Locks: wake lock released
05-29 17:11:04.348 23241 23241 I PhoneLab-StatusMonitorSignal: Signal_Strength: -96 asu: 9
05-29 17:11:04.348 23241 23241 I PhoneLab-Locks: wake lock released
05-29 17:11:13.876 23241 23288 I PhoneLab-: Service Running
05-29 17:11:13.942 23241 23288 I PhoneLab-LoggerService: app_34    1169  1     1444   1024  c00f1758 400be794 S logcat
05-29 17:11:13.942 23241 23288 I PhoneLab-LoggerService: Logcat pid from database 1169
05-29 17:11:13.942 23241 23288 I PhoneLab-LoggerService: Logcat process found 1169
05-29 17:11:13.942 23241 23288 I PhoneLab-LoggerService: Checking Threshold
05-29 17:11:13.965 23241 23288 I PhoneLab-LoggerService: Starting to rename files
05-29 17:11:13.965 23241 23288 I PhoneLab-LoggerService: Files found .. 77
05-29 17:11:13.977 23241 23244 D dalvikvm: GC_CONCURRENT freed 462K, 9% free 9170K/9991K, paused 2ms+2ms
05-29 17:11:44.028  4570 20286 W Gmail   : Successful index run, cancel next scheduled index run
05-29 17:13:13.876 23241 23288 I PhoneLab-: Service Running
05-29 17:13:13.934 23241 23288 I PhoneLab-LoggerService: app_34    1169  1     1444   1024  c00f1758 400be794 S logcat
05-29 17:13:13.934 23241 23288 I PhoneLab-LoggerService: Logcat pid from database 1169
05-29 17:13:13.938 23241 23288 I PhoneLab-LoggerService: Logcat process found 1169
05-29 17:13:13.938 23241 23288 I PhoneLab-LoggerService: Checking Threshold
05-29 17:13:13.938 23241 23288 I PhoneLab-LoggerService: Starting to rename files
05-29 17:13:13.942 23241 23288 I PhoneLab-LoggerService: Files found .. 77
05-29 17:13:48.344   235   238 D dalvikvm: GC_CONCURRENT freed 396K, 7% free 9626K/10311K, paused 13ms+2ms
05-29 17:13:50.426 19263 19281 I System.out: [INFO:11684524]: LogSource: Running flush
05-29 17:13:50.551 19263 19282 I System.out: [INFO:11684650]: LogSource: Sending payload [bytes=526]
05-29 17:13:50.590 19263 19265 D dalvikvm: GC_CONCURRENT freed 302K, 5% free 9553K/9991K, paused 23ms+3ms
05-29 17:13:52.840 19263 19282 I System.out: [INFO:11686937]: LogSource: Response [http=200,length=22]
05-29 17:13:52.840 19263 19281 I System.out: [INFO:11686938]: LogSource: Read id 1, status code 200
05-29 17:14:13.270 23241 23241 I PhoneLab-Locks: wake lock acquired
05-29 17:14:13.293 23241 20314 I PhoneLab-PeriodicCheckService: User info is synched
05-29 17:14:13.297 23241 20314 I PhoneLab-PeriodicCheckService: Logger Service is running
05-29 17:14:13.301 23241 20314 I PhoneLab-PeriodicCheckService: Rescheduling periodic checking...
05-29 17:14:13.301 23241 20314 I PhoneLab-Locks: wake lock released
05-29 17:14:22.379   268  2216 I EventLogService: Aggregate from 1338324262308 (log), 1338324262308 (data)
05-29 17:15:13.876 23241 23288 I PhoneLab-: Service Running
05-29 17:15:13.930 23241 23288 I PhoneLab-LoggerService: app_34    1169  1     1444   1024  c00f1758 400be794 S logcat
05-29 17:15:13.934 23241 23288 I PhoneLab-LoggerService: Logcat pid from database 1169
05-29 17:15:13.934 23241 23288 I PhoneLab-LoggerService: Logcat process found 1169
05-29 17:15:13.934 23241 23288 I PhoneLab-LoggerService: Checking Threshold
05-29 17:15:13.934 23241 23288 I PhoneLab-LoggerService: Starting to rename files
05-29 17:15:13.938 23241 23288 I PhoneLab-LoggerService: Files found .. 77
05-29 17:16:00.215   144   146 D dalvikvm: GC_CONCURRENT freed 1377K, 24% free 15093K/19847K, paused 3ms+14ms
05-29 17:16:04.356 23241 23241 I PhoneLab-Locks: wake lock acquired
05-29 17:16:04.360 23241 23241 I PhoneLab-StatusMonitor: Status Monitoring is started
05-29 17:16:04.415 23241 23244 D dalvikvm: GC_CONCURRENT freed 470K, 8% free 9211K/9991K, paused 2ms+5ms
05-29 17:16:04.434 23241 23241 I PhoneLab-StatusMonitor: Value: 5 - unit: min
05-29 17:16:04.434 23241 23241 I PhoneLab-StatusMonitor: Running interval: 300000
05-29 17:16:04.438 23241 23241 I PhoneLab-StatusMonitor: Rescheduling status monitoring...
05-29 17:16:04.442 23241 23241 I PhoneLab-Locks: wake lock released
05-29 17:16:04.442 23241 23241 I PhoneLab-StatusMonitorLocation: Learning Location
05-29 17:16:04.442 23241 23241 I PhoneLab-Locks: wake lock acquired
05-29 17:16:04.446 23241 23241 I PhoneLab-Locks: wake lock acquired
05-29 17:16:04.450 23241 23241 I PhoneLab-StatusMonitorLocation: Learning Signal Strgth
05-29 17:16:04.450 23241 23241 I PhoneLab-Locks: wake lock acquired
05-29 17:16:04.454 23241 23241 I PhoneLab-StatusMonitorBattery: Battery_level: 95
05-29 17:16:04.454 23241 23241 I PhoneLab-Locks: wake lock released
05-29 17:16:04.458 23241 23241 I PhoneLab-StatusMonitorSignal: Signal_Strength: -96 asu: 9
05-29 17:16:04.458 23241 23241 I PhoneLab-Locks: wake lock released
05-29 17:17:13.876 23241 23288 I PhoneLab-: Service Running
05-29 17:17:13.930 23241 23288 I PhoneLab-LoggerService: app_34    1169  1     1444   1024  c00f1758 400be794 S logcat
05-29 17:17:13.934 23241 23288 I PhoneLab-LoggerService: Logcat pid from database 1169
05-29 17:17:13.934 23241 23288 I PhoneLab-LoggerService: Logcat process found 1169
05-29 17:17:13.934 23241 23288 I PhoneLab-LoggerService: Checking Threshold
05-29 17:17:13.934 23241 23288 I PhoneLab-LoggerService: Starting to rename files
05-29 17:17:13.954 23241 23288 I PhoneLab-LoggerService: Files found .. 77
05-29 17:17:13.969 23241 23244 D dalvikvm: GC_CONCURRENT freed 476K, 9% free 9154K/9991K, paused 1ms+3ms
05-29 17:19:13.876 23241 23288 I PhoneLab-: Service Running
05-29 17:19:13.942 23241 23288 I PhoneLab-LoggerService: app_34    1169  1     1444   1024  c00f1758 400be794 S logcat
05-29 17:19:13.942 23241 23288 I PhoneLab-LoggerService: Logcat pid from database 1169
05-29 17:19:13.942 23241 23288 I PhoneLab-LoggerService: Logcat process found 1169
05-29 17:19:13.942 23241 23288 I PhoneLab-LoggerService: Checking Threshold
05-29 17:19:13.946 23241 23288 I PhoneLab-LoggerService: Starting to rename files
05-29 17:19:13.950 23241 23288 I PhoneLab-LoggerService: Files found .. 77
05-29 17:21:04.461 23241 23241 I PhoneLab-Locks: wake lock acquired
05-29 17:21:04.485 23241 23241 I PhoneLab-StatusMonitor: Status Monitoring is started
05-29 17:21:04.528 23241 23244 D dalvikvm: GC_CONCURRENT freed 445K, 8% free 9220K/9991K, paused 2ms+2ms
05-29 17:21:04.536 23241 23241 I PhoneLab-StatusMonitor: Value: 5 - unit: min
05-29 17:21:04.536 23241 23241 I PhoneLab-StatusMonitor: Running interval: 300000
05-29 17:21:04.551 23241 23241 I PhoneLab-StatusMonitor: Rescheduling status monitoring...
05-29 17:21:04.551 23241 23241 I PhoneLab-Locks: wake lock released
05-29 17:21:04.555 23241 23241 I PhoneLab-StatusMonitorLocation: Learning Location
05-29 17:21:04.555 23241 23241 I PhoneLab-Locks: wake lock acquired
05-29 17:21:04.555 23241 23241 I PhoneLab-Locks: wake lock acquired
05-29 17:21:04.559 23241 23241 I PhoneLab-StatusMonitorLocation: Learning Signal Strgth
05-29 17:21:04.559 23241 23241 I PhoneLab-Locks: wake lock acquired
05-29 17:21:04.583 23241 23241 D dalvikvm: GC_EXPLICIT freed 208K, 9% free 9152K/9991K, paused 2ms+2ms
05-29 17:21:04.590 23241 23241 I PhoneLab-StatusMonitorBattery: Battery_level: 95
05-29 17:21:04.590 23241 23241 I PhoneLab-Locks: wake lock released
05-29 17:21:04.590 23241 23241 I PhoneLab-StatusMonitorSignal: Signal_Strength: -96 asu: 9
05-29 17:21:04.590 23241 23241 I PhoneLab-Locks: wake lock released
05-29 17:21:13.876 23241 23288 I PhoneLab-: Service Running
05-29 17:21:13.942 23241 23288 I PhoneLab-LoggerService: app_34    1169  1     1444   1024  c00f1758 400be794 S logcat
05-29 17:21:13.942 23241 23288 I PhoneLab-LoggerService: Logcat pid from database 1169
05-29 17:21:13.942 23241 23288 I PhoneLab-LoggerService: Logcat process found 1169
05-29 17:21:13.942 23241 23288 I PhoneLab-LoggerService: Checking Threshold
05-29 17:21:13.946 23241 23288 I PhoneLab-LoggerService: Starting to rename files
05-29 17:21:13.950 23241 23288 I PhoneLab-LoggerService: Files found .. 77
05-29 17:22:28.598   144 23698 I ActivityManager: No longer want com.android.browser (pid 18410): hidden #16
05-29 17:22:28.700   648   650 D dalvikvm: GC_CONCURRENT freed 466K, 7% free 9232K/9863K, paused 2ms+2ms
05-29 17:22:30.446   215   217 D dalvikvm: GC_CONCURRENT freed 672K, 9% free 11488K/12551K, paused 5ms+10ms
05-29 17:22:30.512   144   156 D dalvikvm: GC_EXPLICIT freed 1031K, 25% free 15014K/19847K, paused 3ms+7ms
05-29 17:22:30.571   215   215 D dalvikvm: GC_FOR_ALLOC freed 452K, 11% free 11233K/12551K, paused 18ms
05-29 17:22:30.829   215   215 D dalvikvm: GC_FOR_ALLOC freed 396K, 13% free 11019K/12551K, paused 28ms
05-29 17:22:48.442   292   292 I wpa_supplicant: wlan0: CTRL-EVENT-DISCONNECTED bssid=d0:c2:82:66:6b:f0 reason=0
05-29 17:22:48.454    76   118 D CommandListener: Clearing all IP addresses on wlan0
05-29 17:22:48.485   144   201 D ConnectivityService: ConnectivityChange for WIFI: DISCONNECTED/DISCONNECTED
05-29 17:22:48.489   144   201 D ConnectivityService: Attempting to switch to mobile
05-29 17:22:48.493   144   201 D ConnectivityService: Attempting to switch to WIMAX
05-29 17:22:48.493   144   201 D ConnectivityService: Attempting to switch to BLUETOOTH_TETHER
05-29 17:22:48.528   144   201 D NetUtils: android_net_utils_resetConnections in env=0x64f1d8 clazz=0xa3a00001 iface=wlan0 mask=0x3
05-29 17:22:48.528   144   201 D ConnectivityService: resetConnections(wlan0, 3)
05-29 17:22:48.543   144   201 D ConnectivityService: ConnectivityChange for WIMAX: DISCONNECTED/SCANNING
05-29 17:22:48.551   144   201 D ConnectivityService: Attempting to switch to mobile
05-29 17:22:48.551   144   201 D ConnectivityService: Attempting to switch to WIFI
05-29 17:22:48.551   144   201 D ConnectivityService: Attempting to switch to BLUETOOTH_TETHER
05-29 17:22:48.583   268 19506 W Smack/Packet: notify conn break (IOEx), close connection
05-29 17:22:48.743   268 19506 I qtaguid : Failed write_ctrl(u 70) res=-1 errno=22
05-29 17:22:48.743   268 19506 I qtaguid : Untagging socket 70 failed errno=-22
05-29 17:22:48.743   268 19506 W NetworkManagementSocketTagger: untagSocket(70) failed with errno -22
05-29 17:22:48.747   144   201 D ConnectivityService: handleInetConditionChange: no active default network - ignore
05-29 17:22:51.567   144   205 D Tethering: MasterInitialState.processMessage what=3
05-29 17:22:51.606   144   205 D Tethering: MasterInitialState.processMessage what=3
05-29 17:22:51.661   360   364 D dalvikvm: GC_CONCURRENT freed 852K, 13% free 11968K/13639K, paused 2ms+21ms
05-29 17:22:51.961 19037 19037 I MediaUploader: No need to wake up
05-29 17:22:51.965 23241 23241 I PhoneLab-WiFiReceiver: WiFi is disconnected!
05-29 17:22:51.985 23045 23094 D PicasaSyncManager: active network: null
05-29 17:22:51.985 23045 23094 D PicasaSyncManager: background data: true
05-29 17:22:52.040 19037 19037 I MediaUploader: No need to wake up
05-29 17:22:52.090 23045 23094 D PicasaSyncManager: reject MetadataSyncTask (steven.y.ko@gmail.com) because downsync is disabled
05-29 17:22:52.110 23045 23094 D PicasaSyncManager: active network: null
05-29 17:22:52.110 23045 23094 D PicasaSyncManager: background data: true
05-29 17:22:54.762   144   201 D ConnectivityService: ConnectivityChange for mobile: CONNECTED/CONNECTED
05-29 17:22:54.848   144   197 D NetworkPolicy: applying policy NetworkPolicy[NetworkTemplate: matchRule=MOBILE_ALL, subscriberId=valid]: cycleDay=21, warningBytes=2147483648, limitBytes=-1, lastSnooze=-1 to ifaces [rmnet0]
05-29 17:22:54.950   144   201 D ConnectivityService: ConnectivityChange for WIMAX: DISCONNECTED/SCANNING
05-29 17:22:54.950   144   201 D ConnectivityService: Attempting to switch to mobile
05-29 17:22:54.954   144   201 D ConnectivityService: Attempting to switch to WIFI
05-29 17:22:54.954   144   201 D ConnectivityService: Attempting to switch to BLUETOOTH_TETHER
05-29 17:22:55.028   144   197 D NetworkPolicy: applying policy NetworkPolicy[NetworkTemplate: matchRule=MOBILE_ALL, subscriberId=valid]: cycleDay=21, warningBytes=2147483648, limitBytes=-1, lastSnooze=-1 to ifaces [rmnet0]
05-29 17:22:55.036   144   197 D NetworkPolicy: applying policy NetworkPolicy[NetworkTemplate: matchRule=MOBILE_ALL, subscriberId=valid]: cycleDay=21, warningBytes=2147483648, limitBytes=-1, lastSnooze=-1 to ifaces [rmnet0]
05-29 17:22:55.106   144   146 D dalvikvm: GC_CONCURRENT freed 1437K, 25% free 15071K/19847K, paused 3ms+7ms
05-29 17:22:55.766   144   201 D ConnectivityService: NetTransition Wakelock for WifiStateMachine released by timeout
05-29 17:22:57.825   144   205 D Tethering: MasterInitialState.processMessage what=3
05-29 17:22:57.860   268   268 I GTalkService/c: [AndroidEndpoint@1094692352] connect: acct=1000003, state=CONNECTING
05-29 17:22:57.860   268   268 I GTalkService/c: [GTalkConnection@1094881424] connect: acct=1, state=CONNECTING
05-29 17:22:57.891 19037 19037 I MediaUploader: No need to wake up
05-29 17:22:57.934 23045 23094 D PicasaSyncManager: active network: NetworkInfo: type: mobile[CDMA - EvDo rev. 0], state: CONNECTED/CONNECTED, reason: (unspecified), extra: , roaming: false, failover: false, isAvailable: true
05-29 17:22:57.938 23045 23094 D PicasaSyncManager: background data: true
05-29 17:22:57.973   144   205 D Tethering: MasterInitialState.processMessage what=3
05-29 17:22:57.993   144   205 D Tethering: MasterInitialState.processMessage what=3
05-29 17:22:58.067 19037 19037 I MediaUploader: No need to wake up
05-29 17:22:58.153 19037 19037 I MediaUploader: No need to wake up
05-29 17:22:58.161 23045 23094 D PicasaSyncManager: active network: NetworkInfo: type: mobile[CDMA - EvDo rev. 0], state: CONNECTED/CONNECTED, reason: (unspecified), extra: , roaming: false, failover: false, isAvailable: true
05-29 17:22:58.196 23045 23094 D PicasaSyncManager: background data: true
05-29 17:22:58.200   268   270 D dalvikvm: GC_CONCURRENT freed 700K, 9% free 11275K/12295K, paused 2ms+4ms
05-29 17:22:58.204 23045 23094 D PicasaSyncManager: active network: NetworkInfo: type: mobile[CDMA - EvDo rev. 0], state: CONNECTED/CONNECTED, reason: (unspecified), extra: , roaming: false, failover: false, isAvailable: true
05-29 17:22:58.211 23045 23094 D PicasaSyncManager: background data: true
05-29 17:22:58.286 24362 24364 D dalvikvm: GC_CONCURRENT freed 387K, 8% free 9393K/10119K, paused 2ms+3ms
05-29 17:22:59.918   144   201 D ConnectivityService: handleInetConditionHoldEnd: net=0, condition=100, published condition=0
05-29 17:23:00.540   606   609 D dalvikvm: GC_CONCURRENT freed 410K, 8% free 9647K/10375K, paused 2ms+2ms
05-29 17:23:00.696   268   270 D dalvikvm: GC_CONCURRENT freed 565K, 8% free 11343K/12295K, paused 10ms+3ms
05-29 17:23:05.356   292   292 I wpa_supplicant: wlan0: Trying to associate with d0:c2:82:66:6b:f0 (SSID='UB_Secure' freq=2462 MHz)
05-29 17:23:05.372   292   292 I wpa_supplicant: wlan0: Associated with d0:c2:82:66:6b:f0
05-29 17:23:05.387   292   292 I wpa_supplicant: wlan0: WPA: Key negotiation completed with d0:c2:82:66:6b:f0 [PTK=CCMP GTK=TKIP]
05-29 17:23:05.387   292   292 I wpa_supplicant: wlan0: CTRL-EVENT-CONNECTED - Connection to d0:c2:82:66:6b:f0 completed (reauth) [id=1 id_str=]
05-29 17:23:06.032   144   201 D ConnectivityService: ConnectivityChange for WIFI: CONNECTED/CONNECTED
05-29 17:23:06.032   144   201 D ConnectivityService: Policy requires mobile teardown
05-29 17:23:06.040 23241 23241 I PhoneLab-WiFiReceiver: WiFi is connected!
05-29 17:23:06.094   144   201 D ConnectivityService: ConnectivityChange for mobile: DISCONNECTED/DISCONNECTED
05-29 17:23:06.094   144   201 D ConnectivityService: Attempting to switch to WIFI
05-29 17:23:06.094   144   201 D ConnectivityService: Attempting to switch to WIMAX
05-29 17:23:06.102   144   201 D ConnectivityService: Attempting to switch to BLUETOOTH_TETHER
05-29 17:23:06.110   144   201 D NetUtils: android_net_utils_resetConnections in env=0x64f1d8 clazz=0xd4d00001 iface=rmnet0 mask=0x3
05-29 17:23:06.110   144   201 D ConnectivityService: resetConnections(rmnet0, 3)
05-29 17:23:06.122   144   196 W NetworkStats: dropping UID delta from unknown iface: iface=wlan0 uid=0 set=DEFAULT tag=0x0 rxBytes=0 rxPackets=0 txBytes=140 txPackets=2 operations=0
05-29 17:23:06.126   268 20366 W Smack/Packet: notify conn break (IOEx), close connection
05-29 17:23:06.290   268 20366 I qtaguid : Failed write_ctrl(u 70) res=-1 errno=22
05-29 17:23:06.293   268 20366 I qtaguid : Untagging socket 70 failed errno=-22
05-29 17:23:06.297   268 20366 W NetworkManagementSocketTagger: untagSocket(70) failed with errno -22
05-29 17:23:06.305   144   146 D dalvikvm: GC_CONCURRENT freed 1538K, 25% free 15049K/19847K, paused 3ms+8ms
05-29 17:23:06.333   144   201 D ConnectivityService: handleInetConditionChange: net=0 != default=1 - ignore
05-29 17:23:09.118   144   205 D Tethering: MasterInitialState.processMessage what=3
05-29 17:23:09.168   268   268 I GTalkService/c: [AndroidEndpoint@1094692352] connect: acct=1000003, state=CONNECTING
05-29 17:23:09.168   268   268 I GTalkService/c: [GTalkConnection@1094881424] connect: acct=1, state=CONNECTING
05-29 17:23:09.211 19037 19037 I MediaUploader: No need to wake up
05-29 17:23:09.278 19037 19037 I MediaUploader: No need to wake up
05-29 17:23:09.348 19037 19037 I MediaUploader: No need to wake up
05-29 17:23:09.391 23045 23094 D PicasaSyncManager: active network: NetworkInfo: type: WIFI[], state: CONNECTED/CONNECTED, reason: (unspecified), extra: (none), roaming: false, failover: false, isAvailable: true
05-29 17:23:09.391 23045 23094 D PicasaSyncManager: background data: true
05-29 17:23:09.399   144   205 D Tethering: MasterInitialState.processMessage what=3
05-29 17:23:09.403   144   205 D Tethering: MasterInitialState.processMessage what=3
05-29 17:23:09.461 23045 23094 D PicasaSyncManager: reject MetadataSyncTask (steven.y.ko@gmail.com) because downsync is disabled
05-29 17:23:09.547   144  1133 D dalvikvm: GC_EXPLICIT freed 500K, 25% free 15004K/19847K, paused 3ms+6ms
05-29 17:23:11.981   144   201 D ConnectivityService: handleInetConditionHoldEnd: net=1, condition=100, published condition=0
05-29 17:23:12.340   268   270 D dalvikvm: GC_CONCURRENT freed 708K, 9% free 11300K/12295K, paused 2ms+4ms
05-29 17:23:12.368  4570 20412 I Gmail   : MainSyncRequestProto: lowestBkwdConvoId: 0, highestHandledServerOp: 2618497, normalSync: true
05-29 17:23:13.876 23241 23288 I PhoneLab-: Service Running
05-29 17:23:13.946  4570  4573 D dalvikvm: GC_CONCURRENT freed 349K, 8% free 9801K/10567K, paused 30ms+7ms
05-29 17:23:13.969 23241 23288 I PhoneLab-LoggerService: app_34    1169  1     1444   1024  c00f1758 400be794 S logcat
05-29 17:23:13.969 23241 23288 I PhoneLab-LoggerService: Logcat pid from database 1169
05-29 17:23:13.969 23241 23288 I PhoneLab-LoggerService: Logcat process found 1169
05-29 17:23:13.969 23241 23288 I PhoneLab-LoggerService: Checking Threshold
05-29 17:23:13.973 23241 23288 I PhoneLab-LoggerService: Starting to rename files
05-29 17:23:13.977 23241 23288 I PhoneLab-LoggerService: Files found .. 77
05-29 17:23:14.461  4570 20412 D dalvikvm: GC_EXPLICIT freed 315K, 8% free 9738K/10567K, paused 1ms+2ms
05-29 17:23:14.493  4570 20412 I Gmail   : MainSyncRequestProto: lowestBkwdConvoId: 0, highestHandledServerOp: 2618532, normalSync: true
05-29 17:23:15.126  4570 20412 D dalvikvm: GC_EXPLICIT freed 182K, 8% free 9758K/10567K, paused 1ms+3ms
05-29 17:23:15.133  4570 20412 I Gmail   : MainSyncRequestProto: lowestBkwdConvoId: 0, highestHandledServerOp: 2618533, normalSync: true
05-29 17:23:15.141  4570 20412 W Gmail   : Scheduling index for 300000 ms from now
05-29 17:23:15.165  4570 20412 I Gmail   : Sending notification intent: Intent { act=android.intent.action.PROVIDER_CHANGED dat=content://gmail-ls/unread/^i (has extras) }
05-29 17:23:15.286   268  1029 D dalvikvm: GC_EXPLICIT freed 214K, 9% free 11265K/12295K, paused 2ms+4ms
05-29 17:23:16.743   464   467 D dalvikvm: GC_CONCURRENT freed 433K, 10% free 9857K/10887K, paused 1ms+6ms
05-29 17:25:13.876 23241 23288 I PhoneLab-: Service Running
05-29 17:25:13.942 23241 23288 I PhoneLab-LoggerService: app_34    1169  1     1444   1024  c00f1758 400be794 S logcat
05-29 17:25:13.946 23241 23288 I PhoneLab-LoggerService: Logcat pid from database 1169
05-29 17:25:13.946 23241 23288 I PhoneLab-LoggerService: Logcat process found 1169
05-29 17:25:13.946 23241 23288 I PhoneLab-LoggerService: Checking Threshold
05-29 17:25:13.946 23241 23288 I PhoneLab-LoggerService: Starting to rename files
05-29 17:25:13.954 23241 23288 I PhoneLab-LoggerService: Files found .. 77
05-29 17:25:13.969 23241 23244 D dalvikvm: GC_CONCURRENT freed 462K, 9% free 9153K/9991K, paused 2ms+2ms
05-29 17:26:04.590 23241 23241 I PhoneLab-Locks: wake lock acquired
05-29 17:26:04.602 23241 23241 I PhoneLab-StatusMonitor: Status Monitoring is started
05-29 17:26:04.668 23241 23241 I PhoneLab-StatusMonitor: Value: 5 - unit: min
05-29 17:26:04.668 23241 23241 I PhoneLab-StatusMonitor: Running interval: 300000
05-29 17:26:04.680 23241 23244 D dalvikvm: GC_CONCURRENT freed 347K, 7% free 9317K/9991K, paused 2ms+3ms
05-29 17:26:04.684 23241 23241 I PhoneLab-StatusMonitor: Rescheduling status monitoring...
05-29 17:26:04.688 23241 23241 I PhoneLab-Locks: wake lock released
05-29 17:26:04.692 23241 23241 I PhoneLab-StatusMonitorLocation: Learning Location
05-29 17:26:04.692 23241 23241 I PhoneLab-Locks: wake lock acquired
05-29 17:26:04.696 23241 23241 I PhoneLab-Locks: wake lock acquired
