06-14 23:49:05.968  9831 10102 I DownloadManager: deleting /data/data/com.android.providers.downloads/cache/downloadfile.jpeg
06-14 23:49:06.187  9831 10104 I DownloadManager: Initiating request for download 529
06-14 23:49:06.625  9831  9833 D dalvikvm: GC_CONCURRENT freed 422K, 6% free 9374K/9927K, paused 2ms+4ms
06-14 23:49:07.078   141   158 I ActivityManager: Start proc com.google.android.apps.maps:NetworkLocationService for service com.google.android.apps.maps/com.google.android.location.internal.server.NetworkLocationService: pid=10109 uid=10061 gids={3003, 1015}
06-14 23:49:07.347 10109 10110 D dalvikvm: GC_CONCURRENT freed 173K, 3% free 9362K/9607K, paused 2ms+2ms
06-14 23:49:07.750 10109 10110 D dalvikvm: GC_CONCURRENT freed 164K, 3% free 9679K/9927K, paused 2ms+4ms
06-14 23:49:07.781  9831 10122 I DownloadManager: deleting /data/data/com.android.providers.downloads/cache/downloadfile.jpeg
06-14 23:49:07.785  9831 10125 I DownloadManager: Initiating request for download 530
06-14 23:49:08.093 10109 10110 D dalvikvm: GC_CONCURRENT freed 168K, 3% free 10071K/10311K, paused 4ms+3ms
06-14 23:49:08.269 10109 10110 D dalvikvm: GC_CONCURRENT freed 662K, 8% free 9881K/10631K, paused 1ms+2ms
06-14 23:49:08.359   141   158 I ActivityManager: Start proc com.google.android.apps.maps:FriendService for broadcast com.google.android.apps.maps/com.google.googlenav.friend.android.ServiceReceiver: pid=10134 uid=10061 gids={3003, 1015}
06-14 23:49:08.492 10134 10137 D dalvikvm: GC_CONCURRENT freed 175K, 3% free 9360K/9607K, paused 3ms+2ms
06-14 23:49:08.695 10134 10137 D dalvikvm: GC_CONCURRENT freed 185K, 3% free 9646K/9927K, paused 2ms+2ms
06-14 23:49:08.738 10109 10133 D dalvikvm: GC_FOR_ALLOC freed 155K, 6% free 9994K/10631K, paused 41ms
06-14 23:49:08.757   141   308 I ActivityManager: No longer want com.google.android.gallery3d (pid 8318): hidden #16
06-14 23:49:08.867  9831  9833 D dalvikvm: GC_CONCURRENT freed 445K, 6% free 9348K/9927K, paused 34ms+13ms
06-14 23:49:08.879  8008  8011 D dalvikvm: GC_CONCURRENT freed 246K, 4% free 9870K/10247K, paused 4ms+2ms
06-14 23:49:09.254  9803  9806 D dalvikvm: GC_CONCURRENT freed 387K, 9% free 9656K/10567K, paused 2ms+4ms
06-14 23:49:09.281  9831 10151 I DownloadManager: deleting /data/data/com.android.providers.downloads/cache/downloadfile.jpeg
06-14 23:49:09.289  9831 10152 I DownloadManager: Initiating request for download 531
06-14 23:49:10.183   212   214 D dalvikvm: GC_CONCURRENT freed 324K, 26% free 10862K/14535K, paused 3ms+3ms
06-14 23:49:10.308   212   214 D dalvikvm: GC_CONCURRENT freed 664K, 27% free 10719K/14535K, paused 2ms+3ms
06-14 23:49:10.785  9831  9833 D dalvikvm: GC_CONCURRENT freed 441K, 6% free 9352K/9927K, paused 18ms+3ms
06-14 23:49:11.179   356   356 D SAN_SERVICE: *******************************************
06-14 23:49:11.179   356   356 D SAN_SERVICE: DM App Phone Service State - 0
06-14 23:49:11.179   356   356 D SAN_SERVICE: *******************************************
06-14 23:49:11.254   356   356 D SAN_SERVICE: *******************************************
06-14 23:49:11.254   356   356 D SAN_SERVICE: DM App Phone Service State - 0
06-14 23:49:11.254   356   356 D SAN_SERVICE: *******************************************
06-14 23:49:11.355   141  4748 I ActivityManager: No longer want com.android.sprintmenu (pid 7762): hidden #16
06-14 23:49:11.363   141  6179 W ActivityManager: Scheduling restart of crashed service com.android.sprintmenu/.HiddenPhoneService in 5000ms
06-14 23:49:11.515  9831 10158 I DownloadManager: deleting /data/data/com.android.providers.downloads/cache/downloadfile.jpeg
06-14 23:49:11.531  9831 10159 I DownloadManager: Initiating request for download 532
06-14 23:49:12.121 10109 10110 D dalvikvm: GC_CONCURRENT freed 350K, 6% free 10034K/10631K, paused 6ms+2ms
06-14 23:49:13.144   141   382 D dalvikvm: GC_EXPLICIT freed 654K, 14% free 15678K/18183K, paused 4ms+7ms
06-14 23:49:13.398  9831 10165 I DownloadManager: deleting /data/data/com.android.providers.downloads/cache/downloadfile.jpeg
06-14 23:49:13.461  9831 10166 D dalvikvm: GC_EXPLICIT freed 447K, 6% free 9337K/9927K, paused 9ms+4ms
06-14 23:49:13.464  9831 10166 I DownloadManager: Initiating request for download 533
06-14 23:49:14.437  9831 10172 I DownloadManager: deleting /data/data/com.android.providers.downloads/cache/downloadfile.jpeg
06-14 23:49:14.625  9831 10174 I DownloadManager: Initiating request for download 534
06-14 23:49:14.711  9831  9833 D dalvikvm: GC_CONCURRENT freed 418K, 7% free 9319K/9927K, paused 6ms+11ms
06-14 23:49:15.679  9831 10179 I DownloadManager: deleting /data/data/com.android.providers.downloads/cache/downloadfile.jpeg
06-14 23:49:16.382   141   158 I ActivityManager: Start proc com.android.sprintmenu for service com.android.sprintmenu/.HiddenPhoneService: pid=10181 uid=1001 gids={3002, 3001, 3003, 1015}
06-14 23:49:16.437    80    80 D dalvikvm: GC_EXPLICIT freed 38K, 4% free 9031K/9347K, paused 4ms+2ms
06-14 23:49:16.457    80    80 D dalvikvm: GC_EXPLICIT freed <1K, 4% free 9031K/9347K, paused 1ms+2ms
06-14 23:49:16.476    80    80 D dalvikvm: GC_EXPLICIT freed <1K, 4% free 9031K/9347K, paused 1ms+2ms
06-14 23:49:17.418  9831 10197 I DownloadManager: Initiating request for download 535
06-14 23:49:17.707  9831  9833 D dalvikvm: GC_CONCURRENT freed 381K, 7% free 9326K/9927K, paused 12ms+2ms
06-14 23:49:18.597  9831 10202 I DownloadManager: deleting /data/data/com.android.providers.downloads/cache/downloadfile.jpeg
06-14 23:49:18.605  9831 10203 I DownloadManager: Initiating request for download 536
06-14 23:49:18.968  9831  9833 D dalvikvm: GC_CONCURRENT freed 375K, 6% free 9341K/9927K, paused 12ms+3ms
06-14 23:49:19.714  9831 10209 I DownloadManager: deleting /data/data/com.android.providers.downloads/cache/downloadfile.jpeg
06-14 23:49:19.746  9803  9806 D dalvikvm: GC_CONCURRENT freed 383K, 9% free 9657K/10567K, paused 7ms+3ms
06-14 23:49:19.859  9831 10211 I DownloadManager: Initiating request for download 537
06-14 23:49:20.230  9831  9833 D dalvikvm: GC_CONCURRENT freed 369K, 6% free 9360K/9927K, paused 12ms+2ms
06-14 23:49:20.910   141   558 D dalvikvm: GC_EXPLICIT freed 385K, 14% free 15688K/18183K, paused 6ms+7ms
06-14 23:49:21.058  9831 10216 I DownloadManager: deleting /data/data/com.android.providers.downloads/cache/downloadfile.jpeg
06-14 23:49:21.421  9831 10218 I DownloadManager: Initiating request for download 538
06-14 23:49:21.769  9831  9833 D dalvikvm: GC_CONCURRENT freed 445K, 6% free 9362K/9927K, paused 3ms+7ms
06-14 23:49:23.179  9831 10223 I DownloadManager: deleting /data/data/com.android.providers.downloads/cache/downloadfile.jpeg
06-14 23:49:23.191  9831 10224 I DownloadManager: Initiating request for download 539
06-14 23:49:23.582  9831  9833 D dalvikvm: GC_CONCURRENT freed 465K, 6% free 9343K/9927K, paused 3ms+6ms
06-14 23:49:24.027   356   356 D SAN_SERVICE: *******************************************
06-14 23:49:24.027   356   356 D SAN_SERVICE: DM App Phone Service State - 0
06-14 23:49:24.027   356   356 D SAN_SERVICE: *******************************************
06-14 23:49:24.308   356   356 D SAN_SERVICE: *******************************************
06-14 23:49:24.308   356   356 D SAN_SERVICE: DM App Phone Service State - 0
06-14 23:49:24.308   356   356 D SAN_SERVICE: *******************************************
06-14 23:49:24.332  9831 10230 I DownloadManager: deleting /data/data/com.android.providers.downloads/cache/downloadfile.jpeg
06-14 23:49:24.523  9831 10232 I DownloadManager: Initiating request for download 540
06-14 23:49:25.359  9831  9833 D dalvikvm: GC_CONCURRENT freed 443K, 6% free 9356K/9927K, paused 2ms+14ms
06-14 23:49:25.445  9831 10235 I DownloadManager: deleting /data/data/com.android.providers.downloads/cache/downloadfile.jpeg
06-14 23:49:25.445   212   214 D dalvikvm: GC_CONCURRENT freed 453K, 26% free 10817K/14535K, paused 2ms+2ms
06-14 23:49:25.683  9831 10238 I DownloadManager: Initiating request for download 541
06-14 23:49:26.652  9831 10243 I DownloadManager: deleting /data/data/com.android.providers.downloads/cache/downloadfile.jpeg
06-14 23:49:26.660  9831 10244 I DownloadManager: Initiating request for download 542
06-14 23:49:26.703  9831  9833 D dalvikvm: GC_CONCURRENT freed 447K, 6% free 9346K/9927K, paused 2ms+3ms
06-14 23:49:29.117   356   356 D SAN_SERVICE: *******************************************
06-14 23:49:29.117   356   356 D SAN_SERVICE: DM App Phone Service State - 0
06-14 23:49:29.117   356   356 D SAN_SERVICE: *******************************************
06-14 23:49:29.296   356   356 D SAN_SERVICE: *******************************************
06-14 23:49:29.296   356   356 D SAN_SERVICE: DM App Phone Service State - 0
06-14 23:49:29.296   356   356 D SAN_SERVICE: *******************************************
06-14 23:49:29.535   141  5586 D dalvikvm: GC_EXPLICIT freed 390K, 14% free 15699K/18183K, paused 3ms+6ms
06-14 23:49:29.597  6424  6427 D dalvikvm: GC_CONCURRENT freed 343K, 6% free 9462K/10055K, paused 2ms+3ms
06-14 23:49:29.617  9803  9806 D dalvikvm: GC_CONCURRENT freed 379K, 9% free 9663K/10567K, paused 1ms+3ms
06-14 23:49:29.636  9831 10250 I DownloadManager: deleting /data/data/com.android.providers.downloads/cache/downloadfile.jpeg
06-14 23:49:29.671  9831  9831 D dalvikvm: GC_EXPLICIT freed 346K, 7% free 9326K/9927K, paused 2ms+3ms
06-14 23:49:29.687  9803  9822 D dalvikvm: GC_EXPLICIT freed 74K, 10% free 9589K/10567K, paused 7ms+2ms
06-14 23:49:30.004  9831 10252 I DownloadManager: Initiating request for download 543
06-14 23:49:31.406  9831 10258 I DownloadManager: deleting /data/data/com.android.providers.downloads/cache/downloadfile.jpeg
06-14 23:49:31.421  9831  9833 D dalvikvm: GC_CONCURRENT freed 415K, 7% free 9300K/9927K, paused 1ms+4ms
06-14 23:49:31.593  9831 10260 I DownloadManager: Initiating request for download 544
06-14 23:49:32.586  9831 10266 I DownloadManager: deleting /data/data/com.android.providers.downloads/cache/downloadfile.jpeg
06-14 23:49:32.625  9831  9833 D dalvikvm: GC_CONCURRENT freed 375K, 7% free 9317K/9927K, paused 4ms+5ms
06-14 23:49:32.625  9831 10267 I DownloadManager: Initiating request for download 545
06-14 23:49:33.921  9831 10273 I DownloadManager: deleting /data/data/com.android.providers.downloads/cache/downloadfile.jpeg
06-14 23:49:34.132  9831 10275 I DownloadManager: Initiating request for download 546
06-14 23:49:34.148  9831  9833 D dalvikvm: GC_CONCURRENT freed 382K, 7% free 9332K/9927K, paused 5ms+3ms
06-14 23:49:35.402  9831 10281 I DownloadManager: deleting /data/data/com.android.providers.downloads/cache/downloadfile.jpeg
06-14 23:49:35.597  9831 10283 I DownloadManager: Initiating request for download 547
06-14 23:49:35.613  9831  9833 D dalvikvm: GC_CONCURRENT freed 385K, 6% free 9336K/9927K, paused 2ms+3ms
06-14 23:49:36.832   141   336 D dalvikvm: GC_EXPLICIT freed 345K, 14% free 15695K/18183K, paused 4ms+9ms
06-14 23:49:36.914  9831 10289 I DownloadManager: deleting /data/data/com.android.providers.downloads/cache/downloadfile.jpeg
06-14 23:49:36.921  9831 10290 I DownloadManager: Initiating request for download 548
06-14 23:49:36.957  9831  9833 D dalvikvm: GC_CONCURRENT freed 374K, 6% free 9346K/9927K, paused 2ms+4ms
06-14 23:49:38.879  9803  9806 D dalvikvm: GC_CONCURRENT freed 318K, 9% free 9657K/10567K, paused 5ms+2ms
06-14 23:49:39.187  9831 10296 I DownloadManager: deleting /data/data/com.android.providers.downloads/cache/downloadfile.jpeg
06-14 23:49:39.375  9831 10298 I DownloadManager: Initiating request for download 549
06-14 23:49:39.605  9831  9833 D dalvikvm: GC_CONCURRENT freed 462K, 6% free 9350K/9927K, paused 1ms+4ms
06-14 23:49:42.730  9831 10304 I DownloadManager: deleting /data/data/com.android.providers.downloads/cache/downloadfile.jpeg
06-14 23:49:42.738  9831 10305 I DownloadManager: Initiating request for download 550
06-14 23:49:43.039  9831  9833 D dalvikvm: GC_CONCURRENT freed 477K, 6% free 9340K/9927K, paused 2ms+3ms
06-14 23:49:43.699  9831 10312 I DownloadManager: deleting /data/data/com.android.providers.downloads/cache/downloadfile.jpeg
06-14 23:49:43.711  9831 10313 I DownloadManager: Initiating request for download 551
06-14 23:49:44.023  9831  9833 D dalvikvm: GC_CONCURRENT freed 384K, 6% free 9348K/9927K, paused 4ms+5ms
06-14 23:49:45.613  9831 10321 I DownloadManager: deleting /data/data/com.android.providers.downloads/cache/downloadfile.jpeg
06-14 23:49:45.925  9831 10323 I DownloadManager: Initiating request for download 552
06-14 23:49:46.761  9831  9833 D dalvikvm: GC_CONCURRENT freed 400K, 6% free 9392K/9927K, paused 12ms+3ms
06-14 23:49:46.972  9831 10326 D dalvikvm: GC_EXPLICIT freed 151K, 7% free 9295K/9927K, paused 3ms+3ms
06-14 23:49:47.144   141   308 D dalvikvm: GC_EXPLICIT freed 408K, 15% free 15628K/18183K, paused 3ms+6ms
06-14 23:49:47.277  9831 10328 I DownloadManager: deleting /data/data/com.android.providers.downloads/cache/downloadfile.jpeg
06-14 23:49:47.289  9831 10329 I DownloadManager: Initiating request for download 553
06-14 23:49:48.312  9783  9796 I PhoneLab-: Service Running
06-14 23:49:48.347  9831  9833 D dalvikvm: GC_CONCURRENT freed 315K, 6% free 9366K/9927K, paused 4ms+7ms
06-14 23:49:48.382  9783  9796 I PhoneLab-LoggerService: app_38    1039  1     1432   1036  c00f181c 400107b4 S logcat
06-14 23:49:48.382  9783  9796 I PhoneLab-LoggerService: Logcat pid from database 1039
06-14 23:49:48.386  9783  9796 I PhoneLab-LoggerService: Logcat process found 1039
06-14 23:49:48.386  9783  9796 I PhoneLab-LoggerService: Checking Threshold
06-14 23:49:48.386  9783  9796 I PhoneLab-LoggerService: Starting to rename files
06-14 23:49:48.386  9783  9796 I PhoneLab-LoggerService: Files found .. 2
06-14 23:49:48.390  9783  9796 I PhoneLab-LoggerService: File 1 log.out.1
06-14 23:49:48.406  9783  9785 D dalvikvm: GC_CONCURRENT freed 392K, 6% free 9146K/9671K, paused 2ms+2ms
06-14 23:49:48.406  9783  9796 I PhoneLab-LoggerService: Renamed successfully
06-14 23:49:48.410  9783  9796 I PhoneLab-: Service Running
06-14 23:49:48.648  9783  9796 I PhoneLab-LoggerService: app_38    1039  1     1432   1036  c00f181c 400107b4 S logcat
06-14 23:49:48.648  9783  9796 I PhoneLab-LoggerService: Logcat pid from database 1039
06-14 23:49:48.648  9783  9796 I PhoneLab-LoggerService: Logcat process found 1039
06-14 23:49:48.648  9783  9796 I PhoneLab-LoggerService: Checking Threshold
06-14 23:49:48.648  9783  9796 I PhoneLab-LoggerService: Starting to rename files
06-14 23:49:48.648  9783  9796 I PhoneLab-LoggerService: Files found .. 2
06-14 23:49:48.652  9783  9796 I PhoneLab-: Service Running
06-14 23:49:48.683  9783  9796 I PhoneLab-LoggerService: app_38    1039  1     1432   1036  c00f181c 400107b4 S logcat
06-14 23:49:48.683  9783  9796 I PhoneLab-LoggerService: Logcat pid from database 1039
06-14 23:49:48.683  9783  9796 I PhoneLab-LoggerService: Logcat process found 1039
06-14 23:49:48.683  9783  9796 I PhoneLab-LoggerService: Checking Threshold
06-14 23:49:48.683  9783  9796 I PhoneLab-LoggerService: Starting to rename files
06-14 23:49:48.683  9783  9796 I PhoneLab-LoggerService: Files found .. 2
06-14 23:49:48.707  9831 10339 I DownloadManager: deleting /data/data/com.android.providers.downloads/cache/downloadfile.jpeg
06-14 23:49:49.000  9831 10342 I DownloadManager: Initiating request for download 554
06-14 23:49:50.117  9831  9833 D dalvikvm: GC_CONCURRENT freed 470K, 7% free 9330K/9927K, paused 4ms+5ms
06-14 23:49:50.156  9831 10348 I DownloadManager: deleting /data/data/com.android.providers.downloads/cache/downloadfile.jpeg
06-14 23:49:50.195  9803  9806 D dalvikvm: GC_CONCURRENT freed 388K, 9% free 9658K/10567K, paused 1ms+2ms
06-14 23:49:50.449  9831 10350 I DownloadManager: Initiating request for download 555
06-14 23:49:51.586  9831  9833 D dalvikvm: GC_CONCURRENT freed 396K, 7% free 9323K/9927K, paused 2ms+3ms
06-14 23:49:51.636  9831 10357 I DownloadManager: deleting /data/data/com.android.providers.downloads/cache/downloadfile.jpeg
06-14 23:49:51.894  9831 10359 I DownloadManager: Initiating request for download 556
06-14 23:49:52.859  9831  9833 D dalvikvm: GC_CONCURRENT freed 381K, 7% free 9330K/9927K, paused 1ms+5ms
06-14 23:49:52.992  9831 10365 I DownloadManager: deleting /data/data/com.android.providers.downloads/cache/downloadfile.jpeg
06-14 23:49:53.160  9831 10367 I DownloadManager: Initiating request for download 557
06-14 23:49:54.824   356   356 D SAN_SERVICE: *******************************************
06-14 23:49:54.824   356   356 D SAN_SERVICE: DM App Phone Service State - 0
06-14 23:49:54.824   356   356 D SAN_SERVICE: *******************************************
06-14 23:49:55.324   356   356 D SAN_SERVICE: *******************************************
06-14 23:49:55.324   356   356 D SAN_SERVICE: DM App Phone Service State - 0
06-14 23:49:55.324   356   356 D SAN_SERVICE: *******************************************
06-14 23:49:55.531  9831  9833 D dalvikvm: GC_CONCURRENT freed 378K, 6% free 9342K/9927K, paused 1ms+3ms
06-14 23:49:56.312   141   558 D dalvikvm: GC_EXPLICIT freed 350K, 15% free 15637K/18183K, paused 3ms+6ms
06-14 23:51:31.136   212   214 D dalvikvm: GC_CONCURRENT freed 666K, 27% free 10626K/14535K, paused 11ms+3ms
06-14 23:51:31.320  9831 10374 I DownloadManager: deleting /data/data/com.android.providers.downloads/cache/downloadfile.jpeg
06-14 23:51:31.332  9831 10375 I DownloadManager: Initiating request for download 558
06-14 23:51:32.316  9831  9833 D dalvikvm: GC_CONCURRENT freed 381K, 6% free 9352K/9927K, paused 2ms+4ms
06-14 23:51:32.367  9831 10383 I DownloadManager: deleting /data/data/com.android.providers.downloads/cache/downloadfile.jpeg
06-14 23:51:32.578  9831 10385 I DownloadManager: Initiating request for download 559
06-14 23:51:33.683  9831  9833 D dalvikvm: GC_CONCURRENT freed 464K, 7% free 9329K/9927K, paused 1ms+3ms
06-14 23:51:33.714  9831 10391 I DownloadManager: deleting /data/data/com.android.providers.downloads/cache/downloadfile.jpeg
06-14 23:51:33.722  9831 10392 I DownloadManager: Initiating request for download 560
06-14 23:51:35.586  9803  9806 D dalvikvm: GC_CONCURRENT freed 388K, 9% free 9657K/10567K, paused 2ms+3ms
06-14 23:51:35.687  9831 10399 I DownloadManager: deleting /data/data/com.android.providers.downloads/cache/downloadfile.jpeg
06-14 23:51:35.742  9831  9833 D dalvikvm: GC_CONCURRENT freed 390K, 7% free 9325K/9927K, paused 4ms+6ms
06-14 23:51:35.855  9831 10401 I DownloadManager: Initiating request for download 561
06-14 23:51:36.453   356   356 D SAN_SERVICE: *******************************************
06-14 23:51:36.457   356   356 D SAN_SERVICE: DM App Phone Service State - 0
06-14 23:51:36.457   356   356 D SAN_SERVICE: *******************************************
06-14 23:51:36.617   356   356 D SAN_SERVICE: *******************************************
06-14 23:51:36.617   356   356 D SAN_SERVICE: DM App Phone Service State - 0
06-14 23:51:36.617   356   356 D SAN_SERVICE: *******************************************
06-14 23:51:36.964  9831  9851 D dalvikvm: GC_EXPLICIT freed 333K, 7% free 9324K/9927K, paused 2ms+3ms
06-14 23:51:37.121  9831 10407 I DownloadManager: deleting /data/data/com.android.providers.downloads/cache/downloadfile.jpeg
06-14 23:51:37.296  9831 10409 I DownloadManager: Initiating request for download 562
06-14 23:51:38.507   141  5222 D dalvikvm: GC_EXPLICIT freed 392K, 14% free 15640K/18183K, paused 4ms+8ms
06-14 23:51:38.527  9831  9833 D dalvikvm: GC_CONCURRENT freed 371K, 6% free 9349K/9927K, paused 2ms+38ms
06-14 23:51:38.578  9831 10414 I DownloadManager: deleting /data/data/com.android.providers.downloads/cache/downloadfile.jpeg
06-14 23:51:38.793  9831 10419 I DownloadManager: Initiating request for download 563
06-14 23:51:40.882  9831 10426 I DownloadManager: deleting /data/data/com.android.providers.downloads/cache/downloadfile.jpeg
06-14 23:51:40.898  9831 10427 I DownloadManager: Initiating request for download 564
06-14 23:51:40.976  9831  9833 D dalvikvm: GC_CONCURRENT freed 423K, 6% free 9375K/9927K, paused 3ms+7ms
06-14 23:51:42.043  9831 10435 I DownloadManager: deleting /data/data/com.android.providers.downloads/cache/downloadfile.jpeg
06-14 23:51:42.218  9831 10437 I DownloadManager: Initiating request for download 565
06-14 23:51:42.254  9831  9833 D dalvikvm: GC_CONCURRENT freed 447K, 6% free 9346K/9927K, paused 1ms+2ms
06-14 23:51:43.336  6424  6437 D dalvikvm: GC_EXPLICIT freed 215K, 7% free 9437K/10055K, paused 2ms+3ms
06-14 23:51:43.418  9831 10443 I DownloadManager: deleting /data/data/com.android.providers.downloads/cache/downloadfile.jpeg
06-14 23:51:43.543  9831 10445 I DownloadManager: Initiating request for download 566
06-14 23:51:43.785  9831  9833 D dalvikvm: GC_CONCURRENT freed 442K, 6% free 9374K/9927K, paused 6ms+2ms
06-14 23:51:46.046  9803  9806 D dalvikvm: GC_CONCURRENT freed 384K, 9% free 9667K/10567K, paused 11ms+3ms
06-14 23:51:46.125  9831 10452 I DownloadManager: deleting /data/data/com.android.providers.downloads/cache/downloadfile.jpeg
06-14 23:51:46.296  9831 10454 I DownloadManager: Initiating request for download 567
06-14 23:51:46.656  9831  9833 D dalvikvm: GC_CONCURRENT freed 445K, 6% free 9374K/9927K, paused 1ms+3ms
06-14 23:51:47.441   141  5222 D dalvikvm: GC_EXPLICIT freed 337K, 14% free 15644K/18183K, paused 3ms+8ms
06-14 23:51:47.472  9831 10458 I DownloadManager: deleting /data/data/com.android.providers.downloads/cache/downloadfile.jpeg
06-14 23:51:47.738  9831 10461 I DownloadManager: Initiating request for download 568
06-14 23:51:48.156  9831  9833 D dalvikvm: GC_CONCURRENT freed 413K, 6% free 9391K/9927K, paused 3ms+7ms
06-14 23:51:49.902  9831 10467 I DownloadManager: deleting /data/data/com.android.providers.downloads/cache/downloadfile.jpeg
06-14 23:51:50.089  9831 10469 I DownloadManager: Initiating request for download 569
06-14 23:51:51.925  9831  9833 D dalvikvm: GC_CONCURRENT freed 423K, 6% free 9372K/9927K, paused 12ms+3ms
06-14 23:51:53.464  9831 10476 I DownloadManager: deleting /data/data/com.android.providers.downloads/cache/downloadfile.jpeg
06-14 23:51:53.492  9831 10477 I DownloadManager: Initiating request for download 570
06-14 23:51:54.300  9831  9833 D dalvikvm: GC_CONCURRENT freed 440K, 6% free 9359K/9927K, paused 4ms+6ms
06-14 23:51:54.550  9831 10483 I DownloadManager: deleting /data/data/com.android.providers.downloads/cache/downloadfile.jpeg
06-14 23:51:54.648  9831 10484 D dalvikvm: GC_EXPLICIT freed 151K, 7% free 9323K/9927K, paused 7ms+8ms
06-14 23:51:54.656  9831 10484 I DownloadManager: Initiating request for download 571
06-14 23:51:56.062  9831 10492 I DownloadManager: deleting /data/data/com.android.providers.downloads/cache/downloadfile.jpeg
06-14 23:51:56.230  9831  9833 D dalvikvm: GC_CONCURRENT freed 363K, 6% free 9348K/9927K, paused 3ms+8ms
06-14 23:51:56.242  9831 10494 I DownloadManager: Initiating request for download 572
06-14 23:51:59.379   141   384 D dalvikvm: GC_EXPLICIT freed 523K, 15% free 15622K/18183K, paused 8ms+6ms
06-14 23:51:59.410  9803  9806 D dalvikvm: GC_CONCURRENT freed 391K, 9% free 9671K/10567K, paused 4ms+4ms
06-14 23:51:59.504  9831 10501 I DownloadManager: deleting /data/data/com.android.providers.downloads/cache/downloadfile.jpeg
06-14 23:51:59.714  9831 10503 I DownloadManager: Initiating request for download 573
06-14 23:52:00.074  9831  9833 D dalvikvm: GC_CONCURRENT freed 404K, 6% free 9390K/9927K, paused 12ms+3ms
06-14 23:52:00.984  9831 10509 I DownloadManager: deleting /data/data/com.android.providers.downloads/cache/downloadfile.jpeg
06-14 23:52:00.992  9831 10510 I DownloadManager: Initiating request for download 574
06-14 23:52:01.226  9831  9833 D dalvikvm: GC_CONCURRENT freed 460K, 6% free 9344K/9927K, paused 6ms+3ms
06-14 23:52:02.554  9831 10518 I DownloadManager: deleting /data/data/com.android.providers.downloads/cache/downloadfile.jpeg
06-14 23:52:02.558  9831 10519 I DownloadManager: Initiating request for download 575
06-14 23:52:02.886  9831  9833 D dalvikvm: GC_CONCURRENT freed 462K, 6% free 9366K/9927K, paused 2ms+3ms
06-14 23:52:02.945  9783  9783 I PhoneLab-Locks: wake lock acquired
06-14 23:52:02.988  9783 10522 I PhoneLab-PeriodicCheckService: User info is synched
06-14 23:52:03.000  9783 10522 I PhoneLab-PeriodicCheckService: Logger Service is running
06-14 23:52:03.000  9783 10522 I PhoneLab-Locks: wake lock acquired
06-14 23:52:03.015  9783  9783 I PhoneLab-UploadLogs: Transfering log files now
06-14 23:52:03.027  9783 10522 I PhoneLab-PeriodicCheckService: Rescheduling periodic checking...
06-14 23:52:03.027  9783 10522 I PhoneLab-Locks: wake lock released
06-14 23:52:03.140  9783  9785 D dalvikvm: GC_CONCURRENT freed 378K, 5% free 9276K/9735K, paused 2ms+3ms
06-14 23:52:03.168  9783  9783 D dalvikvm: GC_FOR_ALLOC freed 130K, 6% free 9269K/9799K, paused 19ms
06-14 23:52:03.168  9783  9783 I dalvikvm-heap: Grow heap (frag case) to 9.239MB for 123476-byte allocation
06-14 23:52:03.191  9783  9783 D dalvikvm: GC_FOR_ALLOC freed 56K, 6% free 9333K/9927K, paused 15ms
06-14 23:52:03.191  9783  9783 I dalvikvm-heap: Grow heap (frag case) to 9.426MB for 254548-byte allocation
06-14 23:52:03.211  9783  9783 D dalvikvm: GC_FOR_ALLOC freed 120K, 8% free 9461K/10183K, paused 17ms
06-14 23:52:03.214  9783  9783 I dalvikvm-heap: Grow heap (frag case) to 9.801MB for 516692-byte allocation
06-14 23:52:03.242  9783  9785 D dalvikvm: GC_CONCURRENT freed 248K, 10% free 9717K/10695K, paused 2ms+2ms
06-14 23:52:03.546  9783  9783 I PhoneLab-UploadLogs: OnStartCommand
06-14 23:52:03.984  9783 10524 D dalvikvm: GC_FOR_ALLOC freed 383K, 10% free 9701K/10695K, paused 39ms
06-14 23:52:03.996  9783 10524 D dalvikvm: GC_FOR_ALLOC freed 301K, 10% free 9701K/10695K, paused 12ms
06-14 23:52:04.171  9783 10524 D dalvikvm: GC_FOR_ALLOC freed 301K, 10% free 9708K/10695K, paused 18ms
06-14 23:52:05.211  9831 10529 I DownloadManager: deleting /data/data/com.android.providers.downloads/cache/downloadfile.jpeg
06-14 23:52:05.238  9831 10530 I DownloadManager: Initiating request for download 576
06-14 23:52:06.972  9783  9783 I PhoneLab-: 1339732188395.log is deleted
06-14 23:52:06.972  9783  9783 I PhoneLab-: Response: {"data": "done", "err": ""}
06-14 23:52:06.976  9783  9783 I PhoneLab-UploadLogs: No log files to transfer
06-14 23:52:06.976  9783  9783 I PhoneLab-Locks: wake lock released
06-14 23:52:07.230  9831  9833 D dalvikvm: GC_CONCURRENT freed 405K, 6% free 9389K/9927K, paused 12ms+2ms
06-14 23:52:07.914  9831 10537 I DownloadManager: deleting /data/data/com.android.providers.downloads/cache/downloadfile.jpeg
06-14 23:52:07.929  9831 10538 I DownloadManager: Initiating request for download 577
06-14 23:52:08.625  9831  9833 D dalvikvm: GC_CONCURRENT freed 392K, 6% free 9405K/9927K, paused 1ms+4ms
06-14 23:52:08.886   141   141 D dalvikvm: GC_EXPLICIT freed 373K, 14% free 15639K/18183K, paused 4ms+6ms
06-14 23:52:08.964  9831 10545 I DownloadManager: deleting /data/data/com.android.providers.downloads/cache/downloadfile.jpeg
06-14 23:52:09.164  9831 10547 I DownloadManager: Initiating request for download 578
06-14 23:52:09.953  9831  9833 D dalvikvm: GC_CONCURRENT freed 376K, 6% free 9420K/9927K, paused 3ms+10ms
06-14 23:52:10.238  9803  9806 D dalvikvm: GC_CONCURRENT freed 396K, 9% free 9670K/10567K, paused 3ms+3ms
06-14 23:52:10.351  9831 10554 I DownloadManager: deleting /data/data/com.android.providers.downloads/cache/downloadfile.jpeg
06-14 23:52:10.562  9831 10556 I DownloadManager: Initiating request for download 579
06-14 23:52:11.492  9831  9833 D dalvikvm: GC_CONCURRENT freed 507K, 7% free 9370K/9991K, paused 3ms+4ms
06-14 23:52:11.582  9831 10562 I DownloadManager: deleting /data/data/com.android.providers.downloads/cache/downloadfile.jpeg
06-14 23:52:11.597  9803  9822 D dalvikvm: GC_EXPLICIT freed 126K, 10% free 9602K/10567K, paused 3ms+3ms
06-14 23:52:11.875  9831 10564 I DownloadManager: Initiating request for download 580
06-14 23:52:12.886  9831 10568 D dalvikvm: GC_EXPLICIT freed 425K, 7% free 9336K/9991K, paused 4ms+5ms
06-14 23:52:12.929  9831 10568 I DownloadManager: deleting /data/data/com.android.providers.downloads/cache/downloadfile.jpeg
06-14 23:52:13.183  9831 10571 I DownloadManager: Initiating request for download 581
06-14 23:52:14.355  9831  9833 D dalvikvm: GC_CONCURRENT freed 389K, 7% free 9347K/9991K, paused 2ms+4ms
06-14 23:52:14.410  9831 10577 I DownloadManager: deleting /data/data/com.android.providers.downloads/cache/downloadfile.jpeg
06-14 23:52:14.531  9831 10579 I DownloadManager: Initiating request for download 582
06-14 23:52:15.664   141  5222 D dalvikvm: GC_EXPLICIT freed 336K, 14% free 15641K/18183K, paused 4ms+6ms
06-14 23:52:15.726  9831  9833 D dalvikvm: GC_CONCURRENT freed 384K, 7% free 9355K/9991K, paused 1ms+3ms
06-14 23:52:15.793  9831 10585 I DownloadManager: deleting /data/data/com.android.providers.downloads/cache/downloadfile.jpeg
06-14 23:52:15.921  9831 10587 I DownloadManager: Initiating request for download 583
06-14 23:52:17.402   356   356 D SAN_SERVICE: *******************************************
06-14 23:52:17.402   356   356 D SAN_SERVICE: DM App Phone Service State - 0
06-14 23:52:17.402   356   356 D SAN_SERVICE: *******************************************
06-14 23:52:17.597   356   356 D SAN_SERVICE: *******************************************
06-14 23:52:17.597   356   356 D SAN_SERVICE: DM App Phone Service State - 0
06-14 23:52:17.597   356   356 D SAN_SERVICE: *******************************************
06-14 23:52:17.910  9831  9833 D dalvikvm: GC_CONCURRENT freed 424K, 7% free 9320K/9991K, paused 2ms+5ms
06-14 23:52:18.027  9831 10593 I DownloadManager: deleting /data/data/com.android.providers.downloads/cache/downloadfile.jpeg
06-14 23:52:18.035  9831 10594 I DownloadManager: Initiating request for download 584
06-14 23:52:18.328   356   356 D SAN_SERVICE: *******************************************
06-14 23:52:18.328   356   356 D SAN_SERVICE: DM App Phone Service State - 0
06-14 23:52:18.328   356   356 D SAN_SERVICE: *******************************************
06-14 23:52:20.191  9831  9833 D dalvikvm: GC_CONCURRENT freed 388K, 7% free 9321K/9991K, paused 3ms+6ms
06-14 23:52:20.261  9831 10602 I DownloadManager: deleting /data/data/com.android.providers.downloads/cache/downloadfile.jpeg
06-14 23:52:20.277  9831 10603 I DownloadManager: Initiating request for download 585
06-14 23:52:22.312  9803  9806 D dalvikvm: GC_CONCURRENT freed 333K, 9% free 9662K/10567K, paused 9ms+3ms
06-14 23:52:22.414  9831  9833 D dalvikvm: GC_CONCURRENT freed 372K, 7% free 9339K/9991K, paused 1ms+5ms
06-14 23:52:22.457  9831 10610 I DownloadManager: deleting /data/data/com.android.providers.downloads/cache/downloadfile.jpeg
06-14 23:52:22.574  9831 10612 I DownloadManager: Initiating request for download 586
06-14 23:52:23.707  9831  9833 D dalvikvm: GC_CONCURRENT freed 375K, 7% free 9350K/9991K, paused 2ms+3ms
06-14 23:52:23.765  9831 10618 I DownloadManager: deleting /data/data/com.android.providers.downloads/cache/downloadfile.jpeg
06-14 23:52:23.929  9831 10620 I DownloadManager: Initiating request for download 587
06-14 23:52:28.925   141   152 D dalvikvm: GC_EXPLICIT freed 356K, 14% free 15650K/18183K, paused 4ms+6ms
06-14 23:52:29.035  9831  9833 D dalvikvm: GC_CONCURRENT freed 378K, 7% free 9359K/9991K, paused 2ms+3ms
06-14 23:52:29.093  9831 10626 I DownloadManager: deleting /data/data/com.android.providers.downloads/cache/downloadfile.jpeg
06-14 23:52:29.234   356   356 D SAN_SERVICE: *******************************************
06-14 23:52:29.234   356   356 D SAN_SERVICE: DM App Phone Service State - 0
06-14 23:52:29.234   356   356 D SAN_SERVICE: *******************************************
06-14 23:52:29.269  9831 10628 I DownloadManager: Initiating request for download 588
06-14 23:52:30.015   356   356 D SAN_SERVICE: *******************************************
06-14 23:52:30.015   356   356 D SAN_SERVICE: DM App Phone Service State - 0
06-14 23:52:30.015   356   356 D SAN_SERVICE: *******************************************
06-14 23:52:30.312  9831  9833 D dalvikvm: GC_CONCURRENT freed 428K, 7% free 9315K/9991K, paused 2ms+3ms
06-14 23:52:30.472  9831 10635 I DownloadManager: deleting /data/data/com.android.providers.downloads/cache/downloadfile.jpeg
06-14 23:52:30.504  9831 10636 I DownloadManager: Initiating request for download 589
06-14 23:52:31.437  9831  9844 D dalvikvm: GC_EXPLICIT freed 364K, 7% free 9315K/9991K, paused 7ms+5ms
06-14 23:52:31.629  9831 10643 I DownloadManager: deleting /data/data/com.android.providers.downloads/cache/downloadfile.jpeg
06-14 23:52:31.644  9831 10644 I DownloadManager: Initiating request for download 590
06-14 23:52:36.222  9831  9833 D dalvikvm: GC_CONCURRENT freed 367K, 7% free 9338K/9991K, paused 1ms+4ms
06-14 23:52:36.254  9831 10650 I DownloadManager: deleting /data/data/com.android.providers.downloads/cache/downloadfile.jpeg
06-14 23:53:17.148  9831 10654 I DownloadManager: Initiating request for download 591
06-14 23:53:17.285  9803 10657 I Gmail   : MainSyncRequestProto: lowestBkwdConvoId: 0, highestHandledServerOp: 998928, normalSync: true
06-14 23:53:17.539  9803  9806 D dalvikvm: GC_CONCURRENT freed 379K, 9% free 9676K/10567K, paused 35ms+3ms
06-14 23:53:18.132  9831  9833 D dalvikvm: GC_CONCURRENT freed 379K, 7% free 9347K/9991K, paused 1ms+2ms
06-14 23:53:18.281  9831 10664 I DownloadManager: deleting /data/data/com.android.providers.downloads/cache/downloadfile.jpeg
06-14 23:53:18.367   141   384 D dalvikvm: GC_EXPLICIT freed 430K, 14% free 15673K/18183K, paused 3ms+6ms
06-14 23:53:18.375  9831 10665 I DownloadManager: Initiating request for download 592
06-14 23:53:18.398  9803 10657 D dalvikvm: GC_EXPLICIT freed 331K, 9% free 9629K/10567K, paused 3ms+3ms
06-14 23:53:18.414  9803 10657 I Gmail   : MainSyncRequestProto: lowestBkwdConvoId: 0, highestHandledServerOp: 998949, normalSync: true
06-14 23:53:19.136   356   356 D SAN_SERVICE: *******************************************
06-14 23:53:19.136   356   356 D SAN_SERVICE: DM App Phone Service State - 0
06-14 23:53:19.136   356   356 D SAN_SERVICE: *******************************************
06-14 23:53:19.332   356   356 D SAN_SERVICE: *******************************************
06-14 23:53:19.332   356   356 D SAN_SERVICE: DM App Phone Service State - 0
06-14 23:53:19.332   356   356 D SAN_SERVICE: *******************************************
06-14 23:53:19.414  9803  9806 D dalvikvm: GC_CONCURRENT freed 391K, 8% free 9750K/10567K, paused 3ms+2ms
06-14 23:53:19.445  9803 10657 D dalvikvm: GC_FOR_ALLOC freed 358K, 9% free 9704K/10567K, paused 18ms
06-14 23:53:19.468  9803 10657 D dalvikvm: GC_FOR_ALLOC freed 219K, 9% free 9701K/10567K, paused 18ms
06-14 23:53:19.488  9803 10657 D dalvikvm: GC_FOR_ALLOC freed 141K, 7% free 9835K/10567K, paused 16ms
06-14 23:53:19.507  9803 10657 D dalvikvm: GC_FOR_ALLOC freed 167K, 7% free 9835K/10567K, paused 19ms
06-14 23:53:19.535  9803 10657 D dalvikvm: GC_FOR_ALLOC freed 200K, 8% free 9767K/10567K, paused 16ms
06-14 23:53:19.605  9803 10657 D dalvikvm: GC_FOR_ALLOC freed 292K, 8% free 9817K/10567K, paused 17ms
06-14 23:53:19.714  9803  9806 D dalvikvm: GC_CONCURRENT freed 380K, 8% free 9827K/10567K, paused 1ms+2ms
06-14 23:53:20.914  9831  9833 D dalvikvm: GC_CONCURRENT freed 390K, 7% free 9356K/9991K, paused 2ms+6ms
06-14 23:53:20.945  9803  9806 D dalvikvm: GC_CONCURRENT freed 460K, 8% free 9755K/10567K, paused 1ms+4ms
06-14 23:53:20.961  9831 10672 I DownloadManager: deleting /data/data/com.android.providers.downloads/cache/downloadfile.jpeg
06-14 23:53:21.144  9803 10657 D dalvikvm: GC_EXPLICIT freed 167K, 9% free 9623K/10567K, paused 4ms+3ms
06-14 23:53:21.152  9803 10657 I Gmail   : MainSyncRequestProto: lowestBkwdConvoId: 0, highestHandledServerOp: 998949, normalSync: true
06-14 23:53:21.168  9803 10657 W Gmail   : Scheduling index for 300000 ms from now
06-14 23:53:21.269  9831 10674 I DownloadManager: Initiating request for download 593
06-14 23:53:21.289  9803 10676 I Gmail   : MainSyncRequestProto: lowestBkwdConvoId: 0, highestHandledServerOp: 998949, normalSync: true
06-14 23:53:21.609  9803 10676 D dalvikvm: GC_EXPLICIT freed 130K, 9% free 9632K/10567K, paused 2ms+3ms
06-14 23:53:21.617  9803 10676 I Gmail   : MainSyncRequestProto: lowestBkwdConvoId: 0, highestHandledServerOp: 998949, normalSync: true
06-14 23:53:21.629  9803 10676 W Gmail   : Scheduling index for 300000 ms from now
06-14 23:53:22.531  9831  9833 D dalvikvm: GC_CONCURRENT freed 412K, 7% free 9330K/9991K, paused 3ms+6ms
06-14 23:53:22.671  9831 10681 I DownloadManager: deleting /data/data/com.android.providers.downloads/cache/downloadfile.jpeg
06-14 23:53:22.679  9831 10682 I DownloadManager: Initiating request for download 594
06-14 23:53:23.660  9831  9833 D dalvikvm: GC_CONCURRENT freed 376K, 7% free 9341K/9991K, paused 1ms+4ms
06-14 23:53:23.675  9831 10688 I DownloadManager: deleting /data/data/com.android.providers.downloads/cache/downloadfile.jpeg
06-14 23:53:23.839  9831 10690 I DownloadManager: Initiating request for download 595
06-14 23:53:24.925  9831  9833 D dalvikvm: GC_CONCURRENT freed 375K, 7% free 9352K/9991K, paused 3ms+5ms
06-14 23:53:24.961  9831 10695 I DownloadManager: deleting /data/data/com.android.providers.downloads/cache/downloadfile.jpeg
06-14 23:53:24.976  9831 10696 I DownloadManager: Initiating request for download 596
06-14 23:53:26.761   141   157 D dalvikvm: GC_EXPLICIT freed 453K, 14% free 15683K/18183K, paused 6ms+8ms
06-14 23:53:26.882  9831 10703 I DownloadManager: deleting /data/data/com.android.providers.downloads/cache/downloadfile.jpeg
06-14 23:53:27.011  9831  9833 D dalvikvm: GC_CONCURRENT freed 375K, 7% free 9365K/9991K, paused 3ms+6ms
06-14 23:53:27.105  9831 10705 I DownloadManager: Initiating request for download 597
06-14 23:53:28.879  9803  9806 D dalvikvm: GC_CONCURRENT freed 344K, 9% free 9674K/10567K, paused 1ms+3ms
06-14 23:53:29.000  9831 10711 I DownloadManager: deleting /data/data/com.android.providers.downloads/cache/downloadfile.jpeg
06-14 23:53:29.195  9831 10713 I DownloadManager: Initiating request for download 598
06-14 23:53:29.265  9831  9833 D dalvikvm: GC_CONCURRENT freed 428K, 7% free 9336K/9991K, paused 7ms+12ms
06-14 23:53:30.328  9831 10718 I DownloadManager: deleting /data/data/com.android.providers.downloads/cache/downloadfile.jpeg
06-14 23:53:30.355  9831  9831 D dalvikvm: GC_EXPLICIT freed 349K, 7% free 9321K/9991K, paused 2ms+4ms
06-14 23:53:46.203  9831 10720 I DownloadManager: Initiating request for download 599
06-14 23:53:47.281  9831 10725 I DownloadManager: deleting /data/data/com.android.providers.downloads/cache/downloadfile.jpeg
06-14 23:53:47.441  9831  9833 D dalvikvm: GC_CONCURRENT freed 359K, 7% free 9347K/9991K, paused 14ms+2ms
06-14 23:53:47.488  9831 10727 I DownloadManager: Initiating request for download 600
06-14 23:53:48.414  9831 10732 I DownloadManager: deleting /data/data/com.android.providers.downloads/cache/downloadfile.jpeg
06-14 23:53:48.582  9831  9833 D dalvikvm: GC_CONCURRENT freed 378K, 7% free 9357K/9991K, paused 7ms+4ms
06-14 23:53:48.625  9831 10734 I DownloadManager: Initiating request for download 601
06-14 23:53:49.515   141   141 D dalvikvm: GC_EXPLICIT freed 336K, 14% free 15690K/18183K, paused 3ms+7ms
06-14 23:53:49.629  9831 10739 I DownloadManager: deleting /data/data/com.android.providers.downloads/cache/downloadfile.jpeg
06-14 23:53:49.636  9831 10740 I DownloadManager: Initiating request for download 602
06-14 23:53:49.707  9831  9833 D dalvikvm: GC_CONCURRENT freed 372K, 7% free 9371K/9991K, paused 4ms+7ms
06-14 23:53:50.789  9831 10747 I DownloadManager: deleting /data/data/com.android.providers.downloads/cache/downloadfile.jpeg
06-14 23:53:50.797  9831 10748 I DownloadManager: Initiating request for download 603
06-14 23:53:51.179  9831  9833 D dalvikvm: GC_CONCURRENT freed 418K, 7% free 9340K/9991K, paused 12ms+3ms
06-14 23:53:51.839  9803  9806 D dalvikvm: GC_CONCURRENT freed 394K, 9% free 9678K/10567K, paused 1ms+3ms
06-14 23:53:52.054  9831 10754 I DownloadManager: deleting /data/data/com.android.providers.downloads/cache/downloadfile.jpeg
06-14 23:53:52.070  9831 10755 I DownloadManager: Initiating request for download 604
06-14 23:53:52.336  9831  9833 D dalvikvm: GC_CONCURRENT freed 378K, 7% free 9356K/9991K, paused 6ms+11ms
06-14 23:53:53.082  9831 10761 I DownloadManager: deleting /data/data/com.android.providers.downloads/cache/downloadfile.jpeg
06-14 23:53:53.097  9831 10762 I DownloadManager: Initiating request for download 605
06-14 23:53:53.320  9831  9833 D dalvikvm: GC_CONCURRENT freed 391K, 7% free 9374K/9991K, paused 2ms+3ms
06-14 23:53:53.675  9783  9796 I PhoneLab-: Service Running
06-14 23:53:53.757  9783  9796 I PhoneLab-LoggerService: app_38    1039  1     1432   1036  c00f181c 400107b4 S logcat
06-14 23:53:53.757  9783  9796 I PhoneLab-LoggerService: Logcat pid from database 1039
06-14 23:53:53.761  9783  9796 I PhoneLab-LoggerService: Logcat process found 1039
06-14 23:53:53.761  9783  9796 I PhoneLab-LoggerService: Checking Threshold
06-14 23:53:53.761  9783  9796 I PhoneLab-: Service Running
06-14 23:53:53.808  9783  9785 D dalvikvm: GC_CONCURRENT freed 899K, 14% free 9226K/10695K, paused 8ms+2ms
06-14 23:53:53.816  9783  9796 I PhoneLab-LoggerService: app_38    1039  1     1432   1036  c00f181c 400107b4 S logcat
06-14 23:53:53.816  9783  9796 I PhoneLab-LoggerService: Logcat pid from database 1039
06-14 23:53:53.820  9783  9796 I PhoneLab-LoggerService: Logcat process found 1039
06-14 23:53:53.824  9783  9796 I PhoneLab-LoggerService: Checking Threshold
06-14 23:53:54.113  9831 10771 I DownloadManager: deleting /data/data/com.android.providers.downloads/cache/downloadfile.jpeg
06-14 23:53:54.121  9831 10772 I DownloadManager: Initiating request for download 606
06-14 23:53:54.617  9831  9833 D dalvikvm: GC_CONCURRENT freed 401K, 7% free 9369K/9991K, paused 3ms+5ms
06-14 23:53:55.949  6424  6427 D dalvikvm: GC_CONCURRENT freed 359K, 6% free 9464K/10055K, paused 2ms+4ms
06-14 23:53:56.047  9831 10777 I DownloadManager: deleting /data/data/com.android.providers.downloads/cache/downloadfile.jpeg
06-14 23:53:56.222  9831 10779 I DownloadManager: Initiating request for download 607
06-14 23:53:56.640  9831  9833 D dalvikvm: GC_CONCURRENT freed 376K, 6% free 9404K/9991K, paused 3ms+6ms
06-14 23:53:57.074   141   558 D dalvikvm: GC_EXPLICIT freed 338K, 14% free 15696K/18183K, paused 15ms+7ms
06-14 23:53:57.293  9831 10784 I DownloadManager: deleting /data/data/com.android.providers.downloads/cache/downloadfile.jpeg
06-14 23:53:57.402  9831 10786 I DownloadManager: Initiating request for download 608
06-14 23:53:57.718  9831  9833 D dalvikvm: GC_CONCURRENT freed 400K, 6% free 9429K/9991K, paused 2ms+3ms
06-14 23:53:58.265  9831  9831 D dalvikvm: GC_EXPLICIT freed 216K, 7% free 9299K/9991K, paused 4ms+7ms
06-14 23:53:58.359  9831 10791 I DownloadManager: deleting /data/data/com.android.providers.downloads/cache/downloadfile.jpeg
06-14 23:54:55.015  9783  9783 I PhoneLab-Locks: wake lock acquired
06-14 23:54:55.019  9783  9783 I PhoneLab-StatusMonitor: Status Monitoring is started
06-14 23:54:55.148  9783  9785 D dalvikvm: GC_CONCURRENT freed 391K, 14% free 9257K/10695K, paused 5ms+2ms
06-14 23:54:55.175  9783  9783 I PhoneLab-StatusMonitor: Value: 10 - unit: min
06-14 23:54:55.179  9783  9783 I PhoneLab-StatusMonitor: Running interval: 600000
06-14 23:54:55.187  9783  9783 I PhoneLab-StatusMonitor: Rescheduling status monitoring...
06-14 23:54:55.187  9783  9783 I PhoneLab-Locks: wake lock released
06-14 23:54:55.195  9783  9783 I PhoneLab-StatusMonitorLocation: Learning Location
06-14 23:54:55.195  9783  9783 I PhoneLab-Locks: wake lock acquired
06-14 23:54:55.207  9783  9783 I PhoneLab-Locks: wake lock acquired
06-14 23:54:55.211  9783  9783 I PhoneLab-StatusMonitorLocation: Learning Signal Strgth
06-14 23:54:55.211  9783  9783 I PhoneLab-Locks: wake lock acquired
06-14 23:54:55.214  9783  9783 I PhoneLab-StatusMonitorBattery: Battery_level: 54
06-14 23:54:55.214  9783  9783 I PhoneLab-Locks: wake lock released
06-14 23:54:55.218  9783  9783 I PhoneLab-StatusMonitorSignal: Signal_Strength: -86 asu: 14
06-14 23:54:55.218  9783  9783 I PhoneLab-Locks: wake lock released
06-14 23:54:55.222   275   670 D androidNetworkLocationListeners: Still have listener com.google.android.location.internal.client.NetworkLocationClient$1@413c1720
06-14 23:54:55.226   275   670 D androidNetworkLocationListeners: Still have listener com.google.android.location.internal.client.NetworkLocationClient$1@413c1720
06-14 23:54:55.250  9831 10793 I DownloadManager: Initiating request for download 609
06-14 23:54:56.410  9803  9806 D dalvikvm: GC_CONCURRENT freed 399K, 9% free 9678K/10567K, paused 2ms+3ms
06-14 23:54:56.574   275   670 D androidNetworkLocationListeners: Still have listener com.google.android.location.internal.client.NetworkLocationClient$1@413c1720
06-14 23:54:56.574  9783  9783 I PhoneLab-StatusMonitorLocation: Location_Latitude: 42.9542793 Longitude: -78.8267597 Accuracy: 39.0
06-14 23:54:56.578  9783  9783 I PhoneLab-Locks: wake lock released
06-14 23:54:56.605  9831  9833 D dalvikvm: GC_CONCURRENT freed 352K, 7% free 9349K/9991K, paused 2ms+3ms
06-14 23:54:56.687  9831 10802 I DownloadManager: deleting /data/data/com.android.providers.downloads/cache/downloadfile.jpeg
06-14 23:54:56.855  9831 10804 I DownloadManager: Initiating request for download 610
06-14 23:54:57.836  9831  9833 D dalvikvm: GC_CONCURRENT freed 381K, 7% free 9356K/9991K, paused 2ms+2ms
06-14 23:54:57.875  9831 10810 I DownloadManager: deleting /data/data/com.android.providers.downloads/cache/downloadfile.jpeg
06-14 23:54:57.918   275   277 D dalvikvm: GC_CONCURRENT freed 577K, 8% free 10885K/11719K, paused 2ms+4ms
06-14 23:54:58.011  9831 10812 I DownloadManager: Initiating request for download 611
06-14 23:54:58.945  9803 10816 D dalvikvm: GC_EXPLICIT freed 164K, 9% free 9626K/10567K, paused 4ms+3ms
06-14 23:54:59.050  9831 10817 I DownloadManager: deleting /data/data/com.android.providers.downloads/cache/downloadfile.jpeg
06-14 23:54:59.125   141  4748 D dalvikvm: GC_EXPLICIT freed 664K, 14% free 15645K/18183K, paused 3ms+7ms
06-14 23:54:59.152  9831  9833 D dalvikvm: GC_CONCURRENT freed 369K, 7% free 9372K/9991K, paused 1ms+2ms
06-14 23:55:00.703  9831 10819 I DownloadManager: Initiating request for download 612
06-14 23:55:01.636  9831 10825 I DownloadManager: deleting /data/data/com.android.providers.downloads/cache/downloadfile.jpeg
06-14 23:55:01.828  9831  9833 D dalvikvm: GC_CONCURRENT freed 426K, 7% free 9333K/9991K, paused 12ms+3ms
06-14 23:55:01.875  9831 10827 I DownloadManager: Initiating request for download 613
06-14 23:55:02.773  9831 10831 I DownloadManager: deleting /data/data/com.android.providers.downloads/cache/downloadfile.jpeg
06-14 23:55:02.781  9831 10832 I DownloadManager: Initiating request for download 614
06-14 23:55:02.828  9831  9833 D dalvikvm: GC_CONCURRENT freed 382K, 7% free 9348K/9991K, paused 4ms+3ms
06-14 23:55:03.941  9831 10838 I DownloadManager: deleting /data/data/com.android.providers.downloads/cache/downloadfile.jpeg
06-14 23:55:04.183  9831 10840 I DownloadManager: Initiating request for download 615
06-14 23:55:04.218  9831  9833 D dalvikvm: GC_CONCURRENT freed 372K, 7% free 9363K/9991K, paused 2ms+3ms
06-14 23:55:06.269  9831 10845 I DownloadManager: deleting /data/data/com.android.providers.downloads/cache/downloadfile.jpeg
06-14 23:55:06.300  9831 10846 I DownloadManager: Initiating request for download 616
06-14 23:55:06.496   356   356 D SAN_SERVICE: *******************************************
06-14 23:55:06.496   356   356 D SAN_SERVICE: DM App Phone Service State - 0
06-14 23:55:06.496   356   356 D SAN_SERVICE: *******************************************
06-14 23:55:06.531  9831  9833 D dalvikvm: GC_CONCURRENT freed 394K, 7% free 9381K/9991K, paused 2ms+3ms
06-14 23:55:06.742   356   356 D SAN_SERVICE: *******************************************
06-14 23:55:06.742   356   356 D SAN_SERVICE: DM App Phone Service State - 0
06-14 23:55:06.742   356   356 D SAN_SERVICE: *******************************************
06-14 23:55:07.238   356   356 D SAN_SERVICE: *******************************************
06-14 23:55:07.238   356   356 D SAN_SERVICE: DM App Phone Service State - 0
06-14 23:55:07.238   356   356 D SAN_SERVICE: *******************************************
06-14 23:55:07.293  9831 10852 I DownloadManager: deleting /data/data/com.android.providers.downloads/cache/downloadfile.jpeg
06-14 23:55:07.355  9803  9806 D dalvikvm: GC_CONCURRENT freed 336K, 9% free 9676K/10567K, paused 2ms+4ms
06-14 23:55:07.472  9831 10854 I DownloadManager: Initiating request for download 617
06-14 23:55:07.511   141  4748 D dalvikvm: GC_EXPLICIT freed 394K, 15% free 15634K/18183K, paused 3ms+6ms
06-14 23:55:07.851  9831  9833 D dalvikvm: GC_CONCURRENT freed 386K, 6% free 9403K/9991K, paused 2ms+6ms
06-14 23:55:08.488  9831 10860 I DownloadManager: deleting /data/data/com.android.providers.downloads/cache/downloadfile.jpeg
06-14 23:55:08.621  9831 10862 I DownloadManager: Initiating request for download 618
06-14 23:55:08.910  9831  9833 D dalvikvm: GC_CONCURRENT freed 432K, 7% free 9368K/9991K, paused 1ms+2ms
06-14 23:55:11.730  9831 10865 D dalvikvm: GC_EXPLICIT freed 242K, 7% free 9300K/9991K, paused 16ms+3ms
06-14 23:55:11.949  9831 10867 I DownloadManager: deleting /data/data/com.android.providers.downloads/cache/downloadfile.jpeg
06-14 23:55:11.957  9831 10868 I DownloadManager: Initiating request for download 619
06-14 23:55:12.867  9831  9833 D dalvikvm: GC_CONCURRENT freed 319K, 7% free 9377K/9991K, paused 1ms+4ms
06-14 23:55:12.933  9831  9839 I dalvikvm: Jit: resizing JitTable from 4096 to 8192
06-14 23:55:13.140  9831 10875 I DownloadManager: deleting /data/data/com.android.providers.downloads/cache/downloadfile.jpeg
06-14 23:55:13.148  9831 10876 I DownloadManager: Initiating request for download 620
06-14 23:55:13.293   356   356 D SAN_SERVICE: *******************************************
06-14 23:55:13.293   356   356 D SAN_SERVICE: DM App Phone Service State - 0
06-14 23:55:13.293   356   356 D SAN_SERVICE: *******************************************
06-14 23:55:13.820   356   356 D SAN_SERVICE: *******************************************
06-14 23:55:13.820   356   356 D SAN_SERVICE: DM App Phone Service State - 0
06-14 23:55:13.820   356   356 D SAN_SERVICE: *******************************************
06-14 23:55:14.175  9831  9833 D dalvikvm: GC_CONCURRENT freed 407K, 7% free 9360K/9991K, paused 2ms+3ms
06-14 23:55:14.207  9831 10882 I DownloadManager: deleting /data/data/com.android.providers.downloads/cache/downloadfile.jpeg
06-14 23:55:14.453  9831 10885 I DownloadManager: Initiating request for download 621
06-14 23:55:15.711  9831  9833 D dalvikvm: GC_CONCURRENT freed 383K, 7% free 9372K/9991K, paused 2ms+3ms
06-14 23:55:15.796  9831 10891 I DownloadManager: deleting /data/data/com.android.providers.downloads/cache/downloadfile.jpeg
06-14 23:55:15.902   141   384 D dalvikvm: GC_EXPLICIT freed 335K, 14% free 15643K/18183K, paused 6ms+6ms
06-14 23:55:15.988  9831 10893 I DownloadManager: Initiating request for download 622
06-14 23:55:17.160  9803  9806 D dalvikvm: GC_CONCURRENT freed 385K, 9% free 9685K/10567K, paused 10ms+2ms
06-14 23:55:17.211  9831  9833 D dalvikvm: GC_CONCURRENT freed 390K, 7% free 9377K/9991K, paused 2ms+3ms
06-14 23:55:17.289  9831 10899 I DownloadManager: deleting /data/data/com.android.providers.downloads/cache/downloadfile.jpeg
06-14 23:55:17.445  9831 10901 I DownloadManager: Initiating request for download 623
06-14 23:55:18.882  9831  9833 D dalvikvm: GC_CONCURRENT freed 427K, 7% free 9349K/9991K, paused 1ms+2ms
06-14 23:55:18.925  9831 10907 I DownloadManager: deleting /data/data/com.android.providers.downloads/cache/downloadfile.jpeg
06-14 23:55:19.379  9831 10909 I DownloadManager: Initiating request for download 624
06-14 23:55:22.086  9831  9833 D dalvikvm: GC_CONCURRENT freed 382K, 7% free 9351K/9991K, paused 2ms+3ms
06-14 23:55:22.171  9831 10916 I DownloadManager: deleting /data/data/com.android.providers.downloads/cache/downloadfile.jpeg
06-14 23:55:22.339  9831 10918 I DownloadManager: Initiating request for download 625
06-14 23:55:23.738  9831  9833 D dalvikvm: GC_CONCURRENT freed 379K, 7% free 9366K/9991K, paused 2ms+5ms
06-14 23:55:23.777  9831 10923 I DownloadManager: deleting /data/data/com.android.providers.downloads/cache/downloadfile.jpeg
06-14 23:55:24.043  9831 10926 I DownloadManager: Initiating request for download 626
06-14 23:55:25.418  9831  9833 D dalvikvm: GC_CONCURRENT freed 381K, 7% free 9369K/9991K, paused 2ms+3ms
06-14 23:55:25.589  9831 10933 I DownloadManager: Initiating request for download 627
06-14 23:55:25.629   141   152 D dalvikvm: GC_EXPLICIT freed 341K, 14% free 15655K/18183K, paused 3ms+7ms
06-14 23:55:25.632  9831 10932 I DownloadManager: deleting /data/data/com.android.providers.downloads/cache/downloadfile.jpeg
06-14 23:55:26.847  9831  9831 D dalvikvm: GC_EXPLICIT freed 379K, 7% free 9372K/9991K, paused 2ms+4ms
06-14 23:55:26.941   356   356 D SAN_SERVICE: *******************************************
06-14 23:55:26.941   356   356 D SAN_SERVICE: DM App Phone Service State - 0
06-14 23:55:26.941   356   356 D SAN_SERVICE: *******************************************
06-14 23:55:26.980  9831 10940 I DownloadManager: deleting /data/data/com.android.providers.downloads/cache/downloadfile.jpeg
06-14 23:55:26.988  9831 10941 I DownloadManager: Initiating request for download 628
06-14 23:55:27.730   356   356 D SAN_SERVICE: *******************************************
06-14 23:55:27.730   356   356 D SAN_SERVICE: DM App Phone Service State - 0
06-14 23:55:27.730   356   356 D SAN_SERVICE: *******************************************
06-14 23:55:27.906  9803  9806 D dalvikvm: GC_CONCURRENT freed 403K, 9% free 9679K/10567K, paused 9ms+3ms
06-14 23:55:27.972  9831  9833 D dalvikvm: GC_CONCURRENT freed 422K, 7% free 9349K/9991K, paused 1ms+3ms
06-14 23:55:28.046  9831 10949 I DownloadManager: deleting /data/data/com.android.providers.downloads/cache/downloadfile.jpeg
06-14 23:55:28.218  9831 10951 I DownloadManager: Initiating request for download 629
06-14 23:55:30.328  6424  6437 D dalvikvm: GC_EXPLICIT freed 211K, 7% free 9442K/10055K, paused 2ms+3ms
06-14 23:55:30.394  9831  9833 D dalvikvm: GC_CONCURRENT freed 387K, 7% free 9362K/9991K, paused 2ms+3ms
06-14 23:55:30.421  9831 10958 I DownloadManager: deleting /data/data/com.android.providers.downloads/cache/downloadfile.jpeg
06-14 23:55:30.586  9831 10960 I DownloadManager: Initiating request for download 630
06-14 23:55:33.632  9831  9833 D dalvikvm: GC_CONCURRENT freed 386K, 7% free 9368K/9991K, paused 2ms+6ms
06-14 23:55:33.695  9831 10967 I DownloadManager: deleting /data/data/com.android.providers.downloads/cache/downloadfile.jpeg
06-14 23:55:33.703  9831 10968 I DownloadManager: Initiating request for download 631
06-14 23:55:35.039  9831  9833 D dalvikvm: GC_CONCURRENT freed 377K, 7% free 9375K/9991K, paused 2ms+4ms
06-14 23:55:35.203   141  5222 D dalvikvm: GC_EXPLICIT freed 337K, 14% free 15667K/18183K, paused 5ms+7ms
06-14 23:55:35.211  9831 10976 I DownloadManager: deleting /data/data/com.android.providers.downloads/cache/downloadfile.jpeg
06-14 23:55:35.214  9831 10977 I DownloadManager: Initiating request for download 632
06-14 23:55:36.488  9831  9833 D dalvikvm: GC_CONCURRENT freed 383K, 7% free 9383K/9991K, paused 3ms+7ms
06-14 23:55:36.804  9831 10984 I DownloadManager: deleting /data/data/com.android.providers.downloads/cache/downloadfile.jpeg
06-14 23:55:36.812  9831 10985 I DownloadManager: Initiating request for download 633
06-14 23:55:38.980  9831  9833 D dalvikvm: GC_CONCURRENT freed 428K, 7% free 9350K/9991K, paused 2ms+3ms
06-14 23:55:39.019  9831 10993 I DownloadManager: deleting /data/data/com.android.providers.downloads/cache/downloadfile.jpeg
06-14 23:55:39.027  9831 10994 I DownloadManager: Initiating request for download 634
06-14 23:55:40.183  9831 11002 I DownloadManager: deleting /data/data/com.android.providers.downloads/cache/downloadfile.jpeg
06-14 23:55:40.183  9803  9806 D dalvikvm: GC_CONCURRENT freed 390K, 9% free 9677K/10567K, paused 2ms+6ms
06-14 23:55:40.277  9831  9833 D dalvikvm: GC_CONCURRENT freed 370K, 7% free 9363K/9991K, paused 2ms+3ms
06-14 23:55:40.429  9831 11004 I DownloadManager: Initiating request for download 635
06-14 23:55:41.636  9831 11010 I DownloadManager: deleting /data/data/com.android.providers.downloads/cache/downloadfile.jpeg
06-14 23:55:41.660  9831  9833 D dalvikvm: GC_CONCURRENT freed 376K, 7% free 9377K/9991K, paused 2ms+3ms
06-14 23:55:41.820  9831 11012 I DownloadManager: Initiating request for download 636
06-14 23:55:42.351   356   356 D SAN_SERVICE: *******************************************
06-14 23:55:42.351   356   356 D SAN_SERVICE: DM App Phone Service State - 0
06-14 23:55:42.351   356   356 D SAN_SERVICE: *******************************************
06-14 23:55:42.621   356   356 D SAN_SERVICE: *******************************************
06-14 23:55:42.621   356   356 D SAN_SERVICE: DM App Phone Service State - 0
06-14 23:55:42.621   356   356 D SAN_SERVICE: *******************************************
06-14 23:55:43.121   356   356 D SAN_SERVICE: *******************************************
06-14 23:55:43.121   356   356 D SAN_SERVICE: DM App Phone Service State - 0
06-14 23:55:43.121   356   356 D SAN_SERVICE: *******************************************
06-14 23:55:43.855   141   308 D dalvikvm: GC_EXPLICIT freed 375K, 14% free 15639K/18183K, paused 4ms+7ms
06-14 23:55:43.957  9831  9833 D dalvikvm: GC_CONCURRENT freed 389K, 7% free 9382K/9991K, paused 2ms+3ms
06-14 23:55:44.007  9831 11019 I DownloadManager: deleting /data/data/com.android.providers.downloads/cache/downloadfile.jpeg
06-14 23:55:44.046  9831 11020 D dalvikvm: GC_EXPLICIT freed 140K, 8% free 9260K/9991K, paused 3ms+4ms
06-14 23:55:44.046  9831 11020 I DownloadManager: Initiating request for download 637
06-14 23:55:45.175  9831 11027 I DownloadManager: deleting /data/data/com.android.providers.downloads/cache/downloadfile.jpeg
06-14 23:55:45.375  9831  9833 D dalvikvm: GC_CONCURRENT freed 301K, 7% free 9348K/9991K, paused 6ms+11ms
06-14 23:55:45.429  9831 11029 I DownloadManager: Initiating request for download 638
06-14 23:55:46.586  9831 11035 I DownloadManager: deleting /data/data/com.android.providers.downloads/cache/downloadfile.jpeg
06-14 23:55:46.738  9831  9833 D dalvikvm: GC_CONCURRENT freed 381K, 7% free 9353K/9991K, paused 6ms+3ms
06-14 23:55:46.777  9831 11037 I DownloadManager: Initiating request for download 639
06-14 23:57:09.027   141   173 I power   : *** set_screen_state 1
06-14 23:57:09.140   141   173 I WindowManager: Lock screen displayed!
06-14 23:57:09.226    79   119 D SurfaceFlinger: Screen about to return, flinger = 0x12f6918
06-14 23:57:09.351   356   356 D SAN_SERVICE: *******************************************
06-14 23:57:09.351   356   356 D SAN_SERVICE: DM App Phone Service State - 0
06-14 23:57:09.351   356   356 D SAN_SERVICE: *******************************************
06-14 23:57:09.421  9831 11044 I DownloadManager: deleting /data/data/com.android.providers.downloads/cache/downloadfile.jpeg
06-14 23:57:09.441  9831  9833 D dalvikvm: GC_CONCURRENT freed 381K, 7% free 9362K/9991K, paused 2ms+4ms
06-14 23:57:09.445  9831 11045 I DownloadManager: Initiating request for download 640
06-14 23:57:09.605   356   356 D SAN_SERVICE: *******************************************
06-14 23:57:09.605   356   356 D SAN_SERVICE: DM App Phone Service State - 0
06-14 23:57:09.605   356   356 D SAN_SERVICE: *******************************************
06-14 23:57:10.929  9803  9806 D dalvikvm: GC_CONCURRENT freed 394K, 9% free 9679K/10567K, paused 2ms+3ms
06-14 23:57:11.140  9831 11052 I DownloadManager: deleting /data/data/com.android.providers.downloads/cache/downloadfile.jpeg
06-14 23:57:11.316  9831  9833 D dalvikvm: GC_CONCURRENT freed 374K, 7% free 9376K/9991K, paused 7ms+3ms
06-14 23:57:11.355  9831 11054 I DownloadManager: Initiating request for download 641
06-14 23:57:12.394   141   157 D dalvikvm: GC_EXPLICIT freed 479K, 14% free 15658K/18183K, paused 3ms+7ms
06-14 23:57:12.496  9831 11061 I DownloadManager: deleting /data/data/com.android.providers.downloads/cache/downloadfile.jpeg
06-14 23:57:12.882  9831  9833 D dalvikvm: GC_CONCURRENT freed 382K, 7% free 9382K/9991K, paused 2ms+5ms
06-14 23:57:12.933  9831 11063 I DownloadManager: Initiating request for download 642
06-14 23:57:14.113  9831 11069 I DownloadManager: deleting /data/data/com.android.providers.downloads/cache/downloadfile.jpeg
06-14 23:57:14.187  9831  9833 D dalvikvm: GC_CONCURRENT freed 427K, 7% free 9342K/9991K, paused 3ms+6ms
06-14 23:57:14.304  9831 11071 I DownloadManager: Initiating request for download 643
06-14 23:57:15.613  9831  9833 D dalvikvm: GC_CONCURRENT freed 372K, 7% free 9356K/9991K, paused 4ms+6ms
06-14 23:57:15.679  9831 11078 I DownloadManager: deleting /data/data/com.android.providers.downloads/cache/downloadfile.jpeg
06-14 23:57:15.699  9831 11079 I DownloadManager: Initiating request for download 644
06-14 23:57:16.804   141   169 I power   : *** set_screen_state 0
06-14 23:57:16.847    79   119 D SurfaceFlinger: About to give-up screen, flinger = 0x12f6918
06-14 23:57:16.964   141   173 V TransportControlView: Create TCV com.android.internal.widget.TransportControlView@418dd338
06-14 23:57:17.140  9831 11087 I DownloadManager: deleting /data/data/com.android.providers.downloads/cache/downloadfile.jpeg
06-14 23:57:17.179  9831  9833 D dalvikvm: GC_CONCURRENT freed 383K, 7% free 9364K/9991K, paused 4ms+6ms
06-14 23:57:17.347  9831 11089 I DownloadManager: Initiating request for download 645
06-14 23:57:22.957  9831 11095 I DownloadManager: deleting /data/data/com.android.providers.downloads/cache/downloadfile.jpeg
06-14 23:57:22.972  9831  9833 D dalvikvm: GC_CONCURRENT freed 372K, 7% free 9385K/9991K, paused 6ms+3ms
06-14 23:57:23.246   141  4763 I ActivityManager: No longer want com.google.android.partnersetup (pid 9549): hidden #16
06-14 23:58:41.570   275  1016 I EventLogService: Aggregate from 1339730921465 (log), 1339730921465 (data)
06-14 23:58:41.847  9803  9806 D dalvikvm: GC_CONCURRENT freed 393K, 8% free 9794K/10567K, paused 6ms+5ms
06-15 00:04:40.066   141   158 I ActivityManager: Start proc com.android.calendar for broadcast com.android.calendar/.widget.CalendarAppWidgetService$CalendarFactory: pid=11103 uid=10005 gids={3003}
06-15 00:04:40.375 11103 11103 I ActivityThread: Pub com.android.calendar.CalendarRecentSuggestionsProvider: com.android.calendar.CalendarRecentSuggestionsProvider
06-15 00:04:40.746   141   157 D AlarmManagerService: Kernel timezone updated to 240 minutes west of GMT
06-15 00:04:40.789   141   153 I ActivityManager: Start proc com.android.providers.calendar for content provider com.android.providers.calendar/.CalendarProvider2: pid=11122 uid=10006 gids={3003, 1015}
06-15 00:04:40.879   141   384 I ActivityManager: No longer want com.android.musicfx (pid 9562): hidden #16
06-15 00:04:40.941 11122 11122 I ActivityThread: Pub com.android.calendar: com.android.providers.calendar.CalendarProvider2
06-15 00:04:41.136   141   369 D dalvikvm: GC_FOR_ALLOC freed 1522K, 14% free 15667K/18183K, paused 57ms
06-15 00:04:41.363   141   558 D dalvikvm: GC_EXPLICIT freed 243K, 15% free 15614K/18183K, paused 24ms+19ms
06-15 00:04:41.504  9803 11143 I Gmail   : MainSyncRequestProto: lowestBkwdConvoId: 0, highestHandledServerOp: 998949, normalSync: true
06-15 00:04:41.672  9803  9806 D dalvikvm: GC_CONCURRENT freed 443K, 8% free 9736K/10567K, paused 3ms+2ms
06-15 00:04:41.730 10109 10110 D dalvikvm: GC_CONCURRENT freed 305K, 5% free 10168K/10631K, paused 2ms+9ms
06-15 00:04:42.164  9803  9806 D dalvikvm: GC_CONCURRENT freed 473K, 9% free 9647K/10567K, paused 2ms+1ms
06-15 00:04:42.465 11122 11122 I CalendarProvider2: Sending notification intent: Intent { act=android.intent.action.PROVIDER_CHANGED dat=content://com.android.calendar }
06-15 00:04:42.476 11122 11122 W ContentResolver: Failed to get type for: content://com.android.calendar (Unknown URL content://com.android.calendar)
06-15 00:04:43.195  9803 11143 D dalvikvm: GC_EXPLICIT freed 243K, 9% free 9670K/10567K, paused 8ms+2ms
06-15 00:04:43.203  9803 11143 I Gmail   : MainSyncRequestProto: lowestBkwdConvoId: 0, highestHandledServerOp: 998974, normalSync: true
06-15 00:04:44.082  9803  9806 D dalvikvm: GC_CONCURRENT freed 341K, 8% free 9772K/10567K, paused 1ms+2ms
06-15 00:04:44.105  9803 11143 D dalvikvm: GC_FOR_ALLOC freed 239K, 8% free 9809K/10567K, paused 17ms
06-15 00:04:44.132  9803 11143 D dalvikvm: GC_FOR_ALLOC freed 237K, 8% free 9811K/10567K, paused 14ms
06-15 00:04:44.148  9803 11143 D dalvikvm: GC_FOR_ALLOC freed 135K, 8% free 9757K/10567K, paused 15ms
06-15 00:04:44.164  9803 11143 D dalvikvm: GC_FOR_ALLOC freed 204K, 7% free 9861K/10567K, paused 15ms
06-15 00:04:44.183  9803 11143 D dalvikvm: GC_FOR_ALLOC freed 104K, 7% free 9923K/10567K, paused 15ms
06-15 00:04:44.199  9803 11143 D dalvikvm: GC_FOR_ALLOC freed 222K, 7% free 9858K/10567K, paused 15ms
06-15 00:04:44.215  9803 11143 D dalvikvm: GC_FOR_ALLOC freed 93K, 7% free 9930K/10567K, paused 15ms
06-15 00:04:44.215  9803 11143 I dalvikvm-heap: Grow heap (frag case) to 9.834MB for 70092-byte allocation
06-15 00:04:44.230  9803 11143 D dalvikvm: GC_FOR_ALLOC freed 106K, 8% free 9892K/10695K, paused 15ms
06-15 00:04:44.250  9803 11143 D dalvikvm: GC_FOR_ALLOC freed 206K, 9% free 9823K/10695K, paused 15ms
06-15 00:04:44.320  9803  9806 D dalvikvm: GC_CONCURRENT freed 288K, 7% free 9974K/10695K, paused 2ms+2ms
06-15 00:04:44.457  9803  9806 D dalvikvm: GC_CONCURRENT freed 434K, 8% free 9931K/10695K, paused 11ms+6ms
06-15 00:04:44.757  9803 11143 D dalvikvm: GC_EXPLICIT freed 452K, 9% free 9827K/10695K, paused 8ms+3ms
06-15 00:04:44.765  9803 11143 I Gmail   : MainSyncRequestProto: lowestBkwdConvoId: 0, highestHandledServerOp: 998974, normalSync: true
06-15 00:04:44.773  9803 11143 W Gmail   : Scheduling index for 300000 ms from now
06-15 00:04:44.808   141  5586 I ActivityManager: No longer want com.svox.pico (pid 9578): hidden #16
06-15 00:04:44.890  9803  9822 D dalvikvm: GC_EXPLICIT freed 247K, 10% free 9678K/10695K, paused 2ms+2ms
06-15 00:04:44.906  9803 11146 I Gmail   : MainSyncRequestProto: lowestBkwdConvoId: 0, highestHandledServerOp: 998974, normalSync: true
06-15 00:04:45.054  9831 11148 I DownloadManager: Initiating request for download 646
06-15 00:04:45.093  9831 11147 D dalvikvm: GC_EXPLICIT freed 133K, 7% free 9332K/9991K, paused 5ms+4ms
06-15 00:04:45.293  9803 11146 D dalvikvm: GC_EXPLICIT freed 57K, 10% free 9677K/10695K, paused 2ms+2ms
06-15 00:04:45.300  9803 11146 I Gmail   : MainSyncRequestProto: lowestBkwdConvoId: 0, highestHandledServerOp: 998974, normalSync: true
06-15 00:04:45.308  9803 11146 W Gmail   : Scheduling index for 300000 ms from now
06-15 00:04:46.754  9831 11154 I DownloadManager: deleting /data/data/com.android.providers.downloads/cache/downloadfile.jpeg
06-15 00:04:46.898  9831 11156 I DownloadManager: Initiating request for download 647
06-15 00:04:46.961  9831  9833 D dalvikvm: GC_CONCURRENT freed 368K, 7% free 9354K/9991K, paused 3ms+11ms
06-15 00:04:48.097  9831 11161 I DownloadManager: deleting /data/data/com.android.providers.downloads/cache/downloadfile.jpeg
06-15 00:04:48.117  9831 11162 I DownloadManager: Initiating request for download 648
06-15 00:04:48.425  9831  9833 D dalvikvm: GC_CONCURRENT freed 378K, 7% free 9366K/9991K, paused 12ms+2ms
06-15 00:04:49.136  9831 11168 I DownloadManager: deleting /data/data/com.android.providers.downloads/cache/downloadfile.jpeg
06-15 00:04:49.144  9831 11169 I DownloadManager: Initiating request for download 649
06-15 00:04:49.379  9831  9833 D dalvikvm: GC_CONCURRENT freed 384K, 7% free 9389K/9991K, paused 1ms+3ms
06-15 00:04:51.406  9831 11175 I DownloadManager: deleting /data/data/com.android.providers.downloads/cache/downloadfile.jpeg
06-15 00:04:51.500   141   141 D dalvikvm: GC_EXPLICIT freed 633K, 14% free 15657K/18183K, paused 12ms+8ms
06-15 00:04:51.500  9831 11176 I DownloadManager: Initiating request for download 650
06-15 00:04:51.691  9831  9833 D dalvikvm: GC_CONCURRENT freed 383K, 6% free 9405K/9991K, paused 2ms+2ms
06-15 00:04:52.289  9803  9806 D dalvikvm: GC_CONCURRENT freed 337K, 10% free 9726K/10695K, paused 2ms+3ms
06-15 00:04:52.351  9831 11182 I DownloadManager: deleting /data/data/com.android.providers.downloads/cache/downloadfile.jpeg
06-15 00:04:52.515  9831 11184 I DownloadManager: Initiating request for download 651
06-15 00:04:52.812  9831  9833 D dalvikvm: GC_CONCURRENT freed 453K, 7% free 9375K/9991K, paused 2ms+3ms
06-15 00:04:53.449  9831 11189 I DownloadManager: deleting /data/data/com.android.providers.downloads/cache/downloadfile.jpeg
06-15 00:04:53.621  9831 11191 I DownloadManager: Initiating request for download 652
06-15 00:04:54.054  9831  9833 D dalvikvm: GC_CONCURRENT freed 380K, 7% free 9385K/9991K, paused 3ms+6ms
06-15 00:04:54.066  9783  9796 I PhoneLab-: Service Running
06-15 00:04:54.164  9783  9796 I PhoneLab-LoggerService: app_38    1039  1     1432   1032  c00f181c 400107b4 S logcat
06-15 00:04:54.164  9783  9796 I PhoneLab-LoggerService: Logcat pid from database 1039
06-15 00:04:54.164  9783  9796 I PhoneLab-LoggerService: Logcat process found 1039
06-15 00:04:54.164  9783  9796 I PhoneLab-LoggerService: Checking Threshold
06-15 00:04:54.168  9783  9796 I PhoneLab-: Service Running
06-15 00:04:54.207  9783  9796 I PhoneLab-LoggerService: app_38    1039  1     1432   1032  c00f181c 400107b4 S logcat
06-15 00:04:54.211  9783  9796 I PhoneLab-LoggerService: Logcat pid from database 1039
06-15 00:04:54.211  9783  9796 I PhoneLab-LoggerService: Logcat process found 1039
06-15 00:04:54.211  9783  9796 I PhoneLab-LoggerService: Checking Threshold
06-15 00:04:54.211  9783  9796 I PhoneLab-: Service Running
06-15 00:04:54.238  9783  9796 I PhoneLab-LoggerService: app_38    1039  1     1432   1032  c00f181c 400107b4 S logcat
06-15 00:04:54.238  9783  9796 I PhoneLab-LoggerService: Logcat pid from database 1039
06-15 00:04:54.238  9783  9796 I PhoneLab-LoggerService: Logcat process found 1039
06-15 00:04:54.238  9783  9796 I PhoneLab-LoggerService: Checking Threshold
06-15 00:04:54.238  9783  9796 I PhoneLab-: Service Running
06-15 00:04:54.265  9783  9796 I PhoneLab-LoggerService: app_38    1039  1     1432   1032  c00f181c 400107b4 S logcat
06-15 00:04:54.265  9783  9796 I PhoneLab-LoggerService: Logcat pid from database 1039
06-15 00:04:54.265  9783  9796 I PhoneLab-LoggerService: Logcat process found 1039
06-15 00:04:54.265  9783  9796 I PhoneLab-LoggerService: Checking Threshold
06-15 00:04:54.265  9783  9796 I PhoneLab-: Service Running
06-15 00:04:54.293  9783  9796 I PhoneLab-LoggerService: app_38    1039  1     1432   1032  c00f181c 400107b4 S logcat
06-15 00:04:54.293  9783  9796 I PhoneLab-LoggerService: Logcat pid from database 1039
06-15 00:04:54.297  9783  9796 I PhoneLab-LoggerService: Logcat process found 1039
06-15 00:04:54.297  9783  9796 I PhoneLab-LoggerService: Checking Threshold
06-15 00:04:54.754  9831 11202 I DownloadManager: deleting /data/data/com.android.providers.downloads/cache/downloadfile.jpeg
06-15 00:04:54.867  9831 11204 I DownloadManager: Initiating request for download 653
06-15 00:04:55.203  9783  9783 I PhoneLab-Locks: wake lock acquired
06-15 00:04:55.211  9783  9783 I PhoneLab-StatusMonitor: Status Monitoring is started
06-15 00:04:55.242  9783  9785 D dalvikvm: GC_CONCURRENT freed 547K, 14% free 9221K/10695K, paused 2ms+2ms
06-15 00:04:55.289  9783  9783 I PhoneLab-StatusMonitor: Value: 10 - unit: min
06-15 00:04:55.293  9783  9783 I PhoneLab-StatusMonitor: Running interval: 600000
06-15 00:04:55.308  9783  9783 I PhoneLab-StatusMonitor: Rescheduling status monitoring...
06-15 00:04:55.308  9783  9783 I PhoneLab-Locks: wake lock released
06-15 00:04:55.312  9783  9783 I PhoneLab-StatusMonitorLocation: Learning Location
06-15 00:04:55.312  9783  9783 I PhoneLab-Locks: wake lock acquired
06-15 00:04:55.340  9783  9785 D dalvikvm: GC_CONCURRENT freed 429K, 15% free 9186K/10695K, paused 6ms+2ms
06-15 00:04:55.359  9783  9783 I PhoneLab-Locks: wake lock acquired
06-15 00:04:55.363  9783  9783 I PhoneLab-StatusMonitorLocation: Learning Signal Strgth
06-15 00:04:55.363  9783  9783 I PhoneLab-Locks: wake lock acquired
06-15 00:04:55.363   275   670 D androidNetworkLocationListeners: Still have listener com.google.android.location.internal.client.NetworkLocationClient$1@413c1720
06-15 00:04:55.379  9783  9783 I PhoneLab-StatusMonitorBattery: Battery_level: 54
06-15 00:04:55.379  9783  9783 I PhoneLab-Locks: wake lock released
06-15 00:04:55.382   275   670 D androidNetworkLocationListeners: Still have listener com.google.android.location.internal.client.NetworkLocationClient$1@413c1720
06-15 00:04:55.386  9783  9783 I PhoneLab-StatusMonitorSignal: Signal_Strength: -86 asu: 14
06-15 00:04:55.386  9783  9783 I PhoneLab-Locks: wake lock released
06-15 00:04:55.539  9831  9833 D dalvikvm: GC_CONCURRENT freed 373K, 6% free 9429K/9991K, paused 3ms+5ms
06-15 00:04:56.746  9783  9783 I PhoneLab-StatusMonitorLocation: Location_Latitude: 42.9543676 Longitude: -78.8267652 Accuracy: 37.0
06-15 00:04:56.754   275   670 D androidNetworkLocationListeners: Still have listener com.google.android.location.internal.client.NetworkLocationClient$1@413c1720
06-15 00:04:56.761  9783  9783 I PhoneLab-Locks: wake lock released
06-15 00:04:58.250   275   277 D dalvikvm: GC_CONCURRENT freed 635K, 8% free 10870K/11719K, paused 79ms+4ms
06-15 00:04:58.398  9831 11212 I DownloadManager: deleting /data/data/com.android.providers.downloads/cache/downloadfile.jpeg
06-15 00:04:58.410  9831 11213 I DownloadManager: Initiating request for download 654
06-15 00:04:59.261  9831  9833 D dalvikvm: GC_CONCURRENT freed 452K, 6% free 9416K/9991K, paused 3ms+10ms
06-15 00:04:59.382   141  5222 D dalvikvm: GC_EXPLICIT freed 392K, 14% free 15674K/18183K, paused 3ms+10ms
06-15 00:04:59.406  9831 11219 I DownloadManager: deleting /data/data/com.android.providers.downloads/cache/downloadfile.jpeg
06-15 00:04:59.675  9831 11221 I DownloadManager: Initiating request for download 655
06-15 00:05:01.910  9831 10373 D dalvikvm: GC_EXPLICIT freed 400K, 7% free 9387K/9991K, paused 2ms+5ms
06-15 00:05:02.097  9831 11227 I DownloadManager: deleting /data/data/com.android.providers.downloads/cache/downloadfile.jpeg
06-15 00:05:02.109  9831 11228 I DownloadManager: Initiating request for download 656
06-15 00:05:02.945  9803  9806 D dalvikvm: GC_CONCURRENT freed 393K, 10% free 9732K/10695K, paused 3ms+3ms
06-15 00:05:03.019  9831  9833 D dalvikvm: GC_CONCURRENT freed 423K, 7% free 9357K/9991K, paused 1ms+2ms
06-15 00:05:03.093  9831 11234 I DownloadManager: deleting /data/data/com.android.providers.downloads/cache/downloadfile.jpeg
06-15 00:05:03.215  9831 11236 I DownloadManager: Initiating request for download 657
06-15 00:05:05.101  9831  9833 D dalvikvm: GC_CONCURRENT freed 384K, 7% free 9364K/9991K, paused 1ms+7ms
06-15 00:05:05.152  9831 11241 I DownloadManager: deleting /data/data/com.android.providers.downloads/cache/downloadfile.jpeg
06-15 00:05:05.164  9831 11242 I DownloadManager: Initiating request for download 658
06-15 00:05:06.047  9831 11249 I DownloadManager: deleting /data/data/com.android.providers.downloads/cache/downloadfile.jpeg
06-15 00:05:06.074  9831  9833 D dalvikvm: GC_CONCURRENT freed 376K, 7% free 9377K/9991K, paused 2ms+3ms
06-15 00:05:06.187  9831 11251 I DownloadManager: Initiating request for download 659
06-15 00:05:07.097  9831 11256 I DownloadManager: deleting /data/data/com.android.providers.downloads/cache/downloadfile.jpeg
06-15 00:05:07.207   141  6179 D dalvikvm: GC_EXPLICIT freed 378K, 14% free 15671K/18183K, paused 3ms+6ms
06-15 00:05:07.215  9831  9833 D dalvikvm: GC_CONCURRENT freed 374K, 6% free 9394K/9991K, paused 1ms+3ms
06-15 00:05:07.215  9831 11257 I DownloadManager: Initiating request for download 660
06-15 00:05:09.308  9831 11264 I DownloadManager: deleting /data/data/com.android.providers.downloads/cache/downloadfile.jpeg
06-15 00:05:09.324  9831 11265 I DownloadManager: Initiating request for download 661
06-15 00:05:09.484  9831  9833 D dalvikvm: GC_CONCURRENT freed 374K, 6% free 9411K/9991K, paused 6ms+3ms
06-15 00:05:10.222  9831 11272 I DownloadManager: deleting /data/data/com.android.providers.downloads/cache/downloadfile.jpeg
06-15 00:05:10.390  9831 11274 I DownloadManager: Initiating request for download 662
06-15 00:05:10.843  9831  9833 D dalvikvm: GC_CONCURRENT freed 485K, 6% free 9398K/9991K, paused 17ms+3ms
06-15 00:05:11.515  9803  9806 D dalvikvm: GC_CONCURRENT freed 397K, 9% free 9737K/10695K, paused 2ms+3ms
06-15 00:05:11.640  9831 11279 I DownloadManager: deleting /data/data/com.android.providers.downloads/cache/downloadfile.jpeg
06-15 00:05:11.816  9831 11281 I DownloadManager: Initiating request for download 663
06-15 00:05:12.250  9831  9833 D dalvikvm: GC_CONCURRENT freed 404K, 7% free 9387K/9991K, paused 12ms+2ms
06-15 00:05:14.496  9831 11286 I DownloadManager: deleting /data/data/com.android.providers.downloads/cache/downloadfile.jpeg
06-15 00:05:14.523  9831 11287 I DownloadManager: Initiating request for download 664
06-15 00:05:14.957  9831  9833 D dalvikvm: GC_CONCURRENT freed 382K, 6% free 9407K/9991K, paused 6ms+12ms
06-15 00:05:15.652  9831 11293 I DownloadManager: deleting /data/data/com.android.providers.downloads/cache/downloadfile.jpeg
06-15 00:05:15.668  9831 11294 I DownloadManager: Initiating request for download 665
06-15 00:05:15.980  9831  9833 D dalvikvm: GC_CONCURRENT freed 382K, 6% free 9439K/9991K, paused 2ms+4ms
06-15 00:05:16.468   141  5222 D dalvikvm: GC_EXPLICIT freed 339K, 14% free 15680K/18183K, paused 3ms+7ms
06-15 00:05:16.531  9831 10417 D dalvikvm: GC_EXPLICIT freed 145K, 7% free 9357K/9991K, paused 2ms+9ms
06-15 00:05:16.734  9831 11301 I DownloadManager: deleting /data/data/com.android.providers.downloads/cache/downloadfile.jpeg
06-15 00:05:16.750  9831 11302 I DownloadManager: Initiating request for download 666
06-15 00:05:17.566  9831  9833 D dalvikvm: GC_CONCURRENT freed 390K, 7% free 9355K/9991K, paused 1ms+4ms
06-15 00:05:17.656  9831 11307 I DownloadManager: deleting /data/data/com.android.providers.downloads/cache/downloadfile.jpeg
06-15 00:05:55.050  9831 11309 I DownloadManager: Initiating request for download 667
06-15 00:05:56.105  9831  9833 D dalvikvm: GC_CONCURRENT freed 379K, 7% free 9370K/9991K, paused 2ms+3ms
06-15 00:05:56.168  9831 11315 I DownloadManager: deleting /data/data/com.android.providers.downloads/cache/downloadfile.jpeg
06-15 00:05:56.339  9831 11317 I DownloadManager: Initiating request for download 668
06-15 00:05:56.746   356   356 D SAN_SERVICE: *******************************************
06-15 00:05:56.750   356   356 D SAN_SERVICE: DM App Phone Service State - 0
06-15 00:05:56.750   356   356 D SAN_SERVICE: *******************************************
06-15 00:05:56.964   356   356 D SAN_SERVICE: *******************************************
06-15 00:05:56.964   356   356 D SAN_SERVICE: DM App Phone Service State - 0
06-15 00:05:56.964   356   356 D SAN_SERVICE: *******************************************
06-15 00:05:57.113  9803  9806 D dalvikvm: GC_CONCURRENT freed 397K, 9% free 9735K/10695K, paused 2ms+3ms
06-15 00:05:57.250  9831  9833 D dalvikvm: GC_CONCURRENT freed 376K, 7% free 9380K/9991K, paused 2ms+3ms
06-15 00:05:57.269  9710  9713 D dalvikvm: GC_CONCURRENT freed 1657K, 16% free 10769K/12679K, paused 2ms+3ms
06-15 00:05:57.296  9831 11324 I DownloadManager: deleting /data/data/com.android.providers.downloads/cache/downloadfile.jpeg
06-15 00:05:57.418  9831 11326 I DownloadManager: Initiating request for download 669
06-15 00:08:45.171  9831  9833 D dalvikvm: GC_CONCURRENT freed 384K, 6% free 9393K/9991K, paused 2ms+3ms
06-15 00:08:45.218  9831 11331 I DownloadManager: deleting /data/data/com.android.providers.downloads/cache/downloadfile.jpeg
06-15 00:08:45.226  9831 11333 I DownloadManager: Initiating request for download 670
06-15 00:08:45.968   141   384 D dalvikvm: GC_EXPLICIT freed 386K, 14% free 15694K/18183K, paused 7ms+6ms
06-15 00:08:46.410  6424  6427 D dalvikvm: GC_CONCURRENT freed 364K, 6% free 9465K/10055K, paused 1ms+2ms
06-15 00:08:46.535  9831 11339 I DownloadManager: deleting /data/data/com.android.providers.downloads/cache/downloadfile.jpeg
06-15 00:08:46.695  9831  9833 D dalvikvm: GC_CONCURRENT freed 378K, 6% free 9403K/9991K, paused 3ms+6ms
06-15 00:08:46.730  9831 11341 I DownloadManager: Initiating request for download 671
06-15 00:08:47.828  9831 11348 I DownloadManager: deleting /data/data/com.android.providers.downloads/cache/downloadfile.jpeg
06-15 00:08:47.996  9831  9833 D dalvikvm: GC_CONCURRENT freed 423K, 7% free 9368K/9991K, paused 6ms+3ms
06-15 00:08:48.035  9831 11350 I DownloadManager: Initiating request for download 672
06-15 00:08:48.269  9783  9796 I PhoneLab-: Service Running
06-15 00:08:48.304  9783  9796 I PhoneLab-LoggerService: app_38    1039  1     1432   1032  c00f181c 400107b4 S logcat
06-15 00:08:48.308  9783  9796 I PhoneLab-LoggerService: Logcat pid from database 1039
06-15 00:08:48.308  9783  9796 I PhoneLab-LoggerService: Logcat process found 1039
06-15 00:08:48.308  9783  9796 I PhoneLab-LoggerService: Checking Threshold
06-15 00:08:48.312  9783  9796 I PhoneLab-: Service Running
06-15 00:08:48.343  9783  9796 I PhoneLab-LoggerService: app_38    1039  1     1432   1032  c00f181c 400107b4 S logcat
06-15 00:08:48.347  9783  9796 I PhoneLab-LoggerService: Logcat pid from database 1039
06-15 00:08:48.347  9783  9796 I PhoneLab-LoggerService: Logcat process found 1039
06-15 00:08:48.347  9783  9796 I PhoneLab-LoggerService: Checking Threshold
06-15 00:08:49.187  9831 11359 I DownloadManager: deleting /data/data/com.android.providers.downloads/cache/downloadfile.jpeg
06-15 00:08:49.218  9831  9833 D dalvikvm: GC_CONCURRENT freed 380K, 7% free 9377K/9991K, paused 3ms+6ms
06-15 00:08:49.234  9831 11360 I DownloadManager: Initiating request for download 673
06-15 00:08:50.347   356   356 D SAN_SERVICE: *******************************************
06-15 00:08:50.347   356   356 D SAN_SERVICE: DM App Phone Service State - 0
06-15 00:08:50.347   356   356 D SAN_SERVICE: *******************************************
06-15 00:08:50.734   356   356 D SAN_SERVICE: *******************************************
06-15 00:08:50.734   356   356 D SAN_SERVICE: DM App Phone Service State - 0
06-15 00:08:50.734   356   356 D SAN_SERVICE: *******************************************
06-15 00:08:50.781   356   356 D SAN_SERVICE: *******************************************
06-15 00:08:50.781   356   356 D SAN_SERVICE: DM App Phone Service State - 0
06-15 00:08:50.781   356   356 D SAN_SERVICE: *******************************************
06-15 00:08:50.910   356   359 D dalvikvm: GC_CONCURRENT freed 856K, 10% free 11906K/13191K, paused 148ms+13ms
06-15 00:08:51.722  9831 11368 I DownloadManager: deleting /data/data/com.android.providers.downloads/cache/downloadfile.jpeg
06-15 00:08:51.781  9831 11369 I DownloadManager: Initiating request for download 674
06-15 00:08:51.785  9831  9833 D dalvikvm: GC_CONCURRENT freed 380K, 7% free 9389K/9991K, paused 2ms+3ms
06-15 00:08:53.625  9803  9806 D dalvikvm: GC_CONCURRENT freed 404K, 9% free 9735K/10695K, paused 3ms+4ms
06-15 00:08:53.750  9831 11376 I DownloadManager: deleting /data/data/com.android.providers.downloads/cache/downloadfile.jpeg
06-15 00:08:53.906  9831  9833 D dalvikvm: GC_CONCURRENT freed 376K, 6% free 9401K/9991K, paused 6ms+2ms
06-15 00:08:53.961  9831 11378 I DownloadManager: Initiating request for download 675
06-15 00:08:53.984  9831 11376 D dalvikvm: GC_EXPLICIT freed 94K, 7% free 9331K/9991K, paused 2ms+4ms
06-15 00:08:55.609   141  5586 D dalvikvm: GC_EXPLICIT freed 353K, 14% free 15696K/18183K, paused 3ms+9ms
06-15 00:08:55.836  9831 11383 I DownloadManager: deleting /data/data/com.android.providers.downloads/cache/downloadfile.jpeg
06-15 00:08:55.996  9831 11385 I DownloadManager: Initiating request for download 676
06-15 00:08:56.082  9831  9833 D dalvikvm: GC_CONCURRENT freed 311K, 6% free 9416K/9991K, paused 6ms+3ms
06-15 00:08:57.175  9831 11392 I DownloadManager: deleting /data/data/com.android.providers.downloads/cache/downloadfile.jpeg
06-15 00:08:57.187  9831 11393 I DownloadManager: Initiating request for download 677
06-15 00:08:57.414  9831  9833 D dalvikvm: GC_CONCURRENT freed 476K, 6% free 9403K/9991K, paused 5ms+4ms
06-15 00:08:59.546  9831 11401 I DownloadManager: deleting /data/data/com.android.providers.downloads/cache/downloadfile.jpeg
06-15 00:08:59.750  9831 11403 I DownloadManager: Initiating request for download 678
06-15 00:08:59.992  9831  9833 D dalvikvm: GC_CONCURRENT freed 401K, 6% free 9414K/9991K, paused 2ms+4ms
06-15 00:09:01.363  9831 11410 I DownloadManager: deleting /data/data/com.android.providers.downloads/cache/downloadfile.jpeg
06-15 00:09:01.379  9831 11411 I DownloadManager: Initiating request for download 679
06-15 00:09:01.808  9831  9833 D dalvikvm: GC_CONCURRENT freed 444K, 6% free 9420K/9991K, paused 3ms+5ms
06-15 00:09:03.726  9831 11419 I DownloadManager: deleting /data/data/com.android.providers.downloads/cache/downloadfile.jpeg
06-15 00:09:03.961  9831 11421 I DownloadManager: Initiating request for download 680
06-15 00:09:04.570  9831  9833 D dalvikvm: GC_CONCURRENT freed 402K, 6% free 9455K/9991K, paused 12ms+4ms
06-15 00:09:04.773   141   308 D dalvikvm: GC_EXPLICIT freed 439K, 15% free 15625K/18183K, paused 6ms+7ms
06-15 00:09:04.953  9803  9806 D dalvikvm: GC_CONCURRENT freed 396K, 9% free 9737K/10695K, paused 4ms+2ms
06-15 00:09:05.179  9831 11427 I DownloadManager: deleting /data/data/com.android.providers.downloads/cache/downloadfile.jpeg
06-15 00:09:05.187  9831 11428 I DownloadManager: Initiating request for download 681
06-15 00:09:05.933  9831  9833 D dalvikvm: GC_CONCURRENT freed 392K, 6% free 9467K/9991K, paused 3ms+3ms
06-15 00:09:06.066  9803 11434 D dalvikvm: GC_EXPLICIT freed 112K, 10% free 9665K/10695K, paused 3ms+3ms
06-15 00:09:06.238  9831 11435 I DownloadManager: deleting /data/data/com.android.providers.downloads/cache/downloadfile.jpeg
06-15 00:09:06.418  9831 11437 I DownloadManager: Initiating request for download 682
06-15 00:09:08.773  9831  9833 D dalvikvm: GC_CONCURRENT freed 426K, 6% free 9433K/9991K, paused 12ms+2ms
06-15 00:09:09.640  9831 11443 I DownloadManager: deleting /data/data/com.android.providers.downloads/cache/downloadfile.jpeg
06-15 00:09:09.652  9831 11444 I DownloadManager: Initiating request for download 683
06-15 00:09:10.687  9831  9833 D dalvikvm: GC_CONCURRENT freed 445K, 6% free 9421K/9991K, paused 7ms+3ms
06-15 00:09:10.875  9831 11451 I DownloadManager: deleting /data/data/com.android.providers.downloads/cache/downloadfile.jpeg
06-15 00:09:10.882  9831 11452 I DownloadManager: Initiating request for download 684
06-15 00:09:12.793  9831 11458 D dalvikvm: GC_EXPLICIT freed 424K, 6% free 9392K/9991K, paused 28ms+8ms
06-15 00:09:12.828  9831 11458 I DownloadManager: deleting /data/data/com.android.providers.downloads/cache/downloadfile.jpeg
06-15 00:09:13.089  9831 11461 I DownloadManager: Initiating request for download 685
06-15 00:09:15.769   141   558 D dalvikvm: GC_EXPLICIT freed 388K, 14% free 15640K/18183K, paused 3ms+6ms
06-15 00:09:15.859   356   356 D dalvikvm: GC_EXPLICIT freed 5K, 10% free 11901K/13191K, paused 2ms+3ms
06-15 00:09:15.886   356   356 D SAN_SERVICE: *******************************************
06-15 00:09:15.886   356   356 D SAN_SERVICE: DM App Phone Service State - 0
06-15 00:09:15.886   356   356 D SAN_SERVICE: *******************************************
06-15 00:09:15.949  9831  9833 D dalvikvm: GC_CONCURRENT freed 386K, 6% free 9406K/9991K, paused 1ms+11ms
06-15 00:09:15.968  9831 11469 I DownloadManager: deleting /data/data/com.android.providers.downloads/cache/downloadfile.jpeg
06-15 00:09:16.144   356   356 D SAN_SERVICE: *******************************************
06-15 00:09:16.144   356   356 D SAN_SERVICE: DM App Phone Service State - 0
06-15 00:09:16.144   356   356 D SAN_SERVICE: *******************************************
06-15 00:09:16.269  9831 11471 I DownloadManager: Initiating request for download 686
06-15 00:09:17.218  9831  9833 D dalvikvm: GC_CONCURRENT freed 438K, 7% free 9367K/9991K, paused 2ms+7ms
06-15 00:09:17.222  9803  9806 D dalvikvm: GC_CONCURRENT freed 327K, 10% free 9729K/10695K, paused 2ms+8ms
06-15 00:09:17.246  9831 11477 I DownloadManager: deleting /data/data/com.android.providers.downloads/cache/downloadfile.jpeg
06-15 00:09:17.441  9831 11479 I DownloadManager: Initiating request for download 687
06-15 00:09:18.386  9831  9833 D dalvikvm: GC_CONCURRENT freed 380K, 7% free 9376K/9991K, paused 1ms+3ms
06-15 00:09:18.449  9831 11485 I DownloadManager: deleting /data/data/com.android.providers.downloads/cache/downloadfile.jpeg
06-15 00:09:18.765  9831 11487 I DownloadManager: Initiating request for download 688
06-15 00:09:20.156  9831  9833 D dalvikvm: GC_CONCURRENT freed 383K, 7% free 9387K/9991K, paused 2ms+3ms
06-15 00:09:20.234  9831 11494 I DownloadManager: deleting /data/data/com.android.providers.downloads/cache/downloadfile.jpeg
06-15 00:09:20.429  9831 11496 I DownloadManager: Initiating request for download 689
06-15 00:09:21.414  9831  9833 D dalvikvm: GC_CONCURRENT freed 383K, 6% free 9394K/9991K, paused 1ms+3ms
06-15 00:09:21.504  9831 11502 I DownloadManager: deleting /data/data/com.android.providers.downloads/cache/downloadfile.jpeg
06-15 00:09:21.679  9831 11504 I DownloadManager: Initiating request for download 690
06-15 00:09:22.523   141  3420 D dalvikvm: GC_EXPLICIT freed 333K, 14% free 15645K/18183K, paused 5ms+7ms
06-15 00:09:22.961  9831  9833 D dalvikvm: GC_CONCURRENT freed 380K, 6% free 9401K/9991K, paused 2ms+4ms
06-15 00:09:23.089  9831 11510 I DownloadManager: deleting /data/data/com.android.providers.downloads/cache/downloadfile.jpeg
06-15 00:09:23.113  9831 11511 I DownloadManager: Initiating request for download 691
06-15 00:09:24.671  9831  9833 D dalvikvm: GC_CONCURRENT freed 424K, 7% free 9372K/9991K, paused 1ms+3ms
06-15 00:09:24.738  9831 11518 I DownloadManager: deleting /data/data/com.android.providers.downloads/cache/downloadfile.jpeg
06-15 00:09:24.921  9831 11520 I DownloadManager: Initiating request for download 692
06-15 00:09:25.859  9803  9806 D dalvikvm: GC_CONCURRENT freed 383K, 10% free 9730K/10695K, paused 2ms+2ms
06-15 00:09:25.953  9831  9833 D dalvikvm: GC_CONCURRENT freed 376K, 7% free 9383K/9991K, paused 2ms+3ms
06-15 00:09:26.097  9831 11526 I DownloadManager: deleting /data/data/com.android.providers.downloads/cache/downloadfile.jpeg
06-15 00:09:26.269  9831 11528 I DownloadManager: Initiating request for download 693
06-15 00:09:27.211  9783  9796 I PhoneLab-: Service Running
06-15 00:09:27.308  9783  9796 I PhoneLab-LoggerService: app_38    1039  1     1432   1032  c00f181c 400107b4 S logcat
06-15 00:09:27.308  9783  9796 I PhoneLab-LoggerService: Logcat pid from database 1039
06-15 00:09:27.308  9783  9796 I PhoneLab-LoggerService: Logcat process found 1039
06-15 00:09:27.308  9783  9796 I PhoneLab-LoggerService: Checking Threshold
06-15 00:09:27.371  9831 10373 D dalvikvm: GC_EXPLICIT freed 363K, 7% free 9381K/9991K, paused 2ms+2ms
06-15 00:09:27.468  6424  6436 D dalvikvm: GC_EXPLICIT freed 215K, 7% free 9439K/10055K, paused 2ms+4ms
06-15 00:09:27.593  9831 11536 I DownloadManager: deleting /data/data/com.android.providers.downloads/cache/downloadfile.jpeg
06-15 00:09:27.793  9831 11538 I DownloadManager: Initiating request for download 694
06-15 00:09:28.742  9831  9833 D dalvikvm: GC_CONCURRENT freed 372K, 6% free 9403K/9991K, paused 4ms+4ms
06-15 00:09:28.867  9831 11544 I DownloadManager: deleting /data/data/com.android.providers.downloads/cache/downloadfile.jpeg
06-15 00:09:29.058  9831 11546 I DownloadManager: Initiating request for download 695
06-15 00:09:29.879   141  6179 D dalvikvm: GC_EXPLICIT freed 331K, 14% free 15654K/18183K, paused 3ms+7ms
06-15 00:09:30.007  9831  9833 D dalvikvm: GC_CONCURRENT freed 388K, 6% free 9410K/9991K, paused 2ms+4ms
06-15 00:09:30.062  9831 11551 I DownloadManager: deleting /data/data/com.android.providers.downloads/cache/downloadfile.jpeg
06-15 00:12:33.128   212   214 D dalvikvm: GC_CONCURRENT freed 298K, 27% free 10749K/14535K, paused 2ms+5ms
06-15 00:12:34.011   141   157 V BackupManagerService: Running a backup pass
06-15 00:12:34.015   141   211 V BackupManagerService: Backup requested but nothing pending
06-15 00:14:55.171  9803  9806 D dalvikvm: GC_CONCURRENT freed 312K, 8% free 9898K/10695K, paused 2ms+3ms
06-15 00:14:55.312  9783  9783 I PhoneLab-Locks: wake lock acquired
06-15 00:14:55.316  9783  9783 I PhoneLab-StatusMonitor: Status Monitoring is started
06-15 00:14:55.363  9783  9785 D dalvikvm: GC_CONCURRENT freed 445K, 14% free 9252K/10695K, paused 1ms+3ms
06-15 00:14:55.386  9783  9783 I PhoneLab-StatusMonitor: Value: 10 - unit: min
06-15 00:14:55.386  9783  9783 I PhoneLab-StatusMonitor: Running interval: 600000
06-15 00:14:55.394  9783  9783 I PhoneLab-StatusMonitor: Rescheduling status monitoring...
06-15 00:14:55.398  9783  9783 I PhoneLab-Locks: wake lock released
06-15 00:14:55.402  9783  9783 I PhoneLab-StatusMonitorLocation: Learning Location
06-15 00:14:55.402  9783  9783 I PhoneLab-Locks: wake lock acquired
06-15 00:14:55.406  9783  9783 I PhoneLab-Locks: wake lock acquired
06-15 00:14:55.410  9783  9783 I PhoneLab-StatusMonitorLocation: Learning Signal Strgth
06-15 00:14:55.410  9783  9783 I PhoneLab-Locks: wake lock acquired
06-15 00:14:55.414   275   670 D androidNetworkLocationListeners: Still have listener com.google.android.location.internal.client.NetworkLocationClient$1@413c1720
06-15 00:14:55.418   275   670 D androidNetworkLocationListeners: Still have listener com.google.android.location.internal.client.NetworkLocationClient$1@413c1720
06-15 00:14:55.421  9783  9783 I PhoneLab-StatusMonitorBattery: Battery_level: 53
06-15 00:14:55.425  9783  9783 I PhoneLab-Locks: wake lock released
06-15 00:14:55.429  9783  9783 I PhoneLab-StatusMonitorSignal: Signal_Strength: -86 asu: 14
06-15 00:14:55.429  9783  9783 I PhoneLab-Locks: wake lock released
06-15 00:14:55.535  9803  9806 D dalvikvm: GC_CONCURRENT freed 506K, 9% free 9782K/10695K, paused 3ms+2ms
06-15 00:14:55.804  9803  9806 D dalvikvm: GC_CONCURRENT freed 351K, 9% free 9817K/10695K, paused 1ms+2ms
06-15 00:14:55.910  9803  9810 I dalvikvm: Jit: resizing JitTable from 4096 to 8192
06-15 00:14:56.007  9803  9806 D dalvikvm: GC_CONCURRENT freed 539K, 9% free 9764K/10695K, paused 2ms+3ms
06-15 00:14:56.179  9803  9806 D dalvikvm: GC_CONCURRENT freed 383K, 9% free 9766K/10695K, paused 2ms+7ms
06-15 00:14:56.433  9803  9806 D dalvikvm: GC_CONCURRENT freed 352K, 9% free 9800K/10695K, paused 2ms+2ms
06-15 00:14:56.558  9803  9806 D dalvikvm: GC_CONCURRENT freed 427K, 8% free 9847K/10695K, paused 2ms+2ms
06-15 00:14:56.703  9783  9783 I PhoneLab-StatusMonitorLocation: Location_Latitude: 42.954293 Longitude: -78.8267122 Accuracy: 34.0
06-15 00:14:56.714   275   670 D androidNetworkLocationListeners: Still have listener com.google.android.location.internal.client.NetworkLocationClient$1@413c1720
06-15 00:14:56.714  9783  9783 I PhoneLab-Locks: wake lock released
06-15 00:14:56.879   212   214 D dalvikvm: GC_CONCURRENT freed 582K, 27% free 10715K/14535K, paused 2ms+3ms
06-15 00:14:56.953   212   214 D dalvikvm: GC_CONCURRENT freed 566K, 27% free 10664K/14535K, paused 2ms+3ms
06-15 00:14:57.152  9803  9806 D dalvikvm: GC_CONCURRENT freed 454K, 9% free 9783K/10695K, paused 1ms+2ms
06-15 00:14:57.410  9803  9806 D dalvikvm: GC_CONCURRENT freed 504K, 10% free 9664K/10695K, paused 2ms+2ms
06-15 00:14:57.468  9803 11553 W Gmail   : Successful index run, cancel next scheduled index run
06-15 00:14:58.054   275   277 D dalvikvm: GC_CONCURRENT freed 548K, 8% free 10844K/11719K, paused 2ms+3ms
06-15 00:14:59.515   356   356 D SAN_SERVICE: *******************************************
06-15 00:14:59.515   356   356 D SAN_SERVICE: DM App Phone Service State - 0
06-15 00:14:59.515   356   356 D SAN_SERVICE: *******************************************
06-15 00:15:00.152   212   214 D dalvikvm: GC_CONCURRENT freed 235K, 26% free 10858K/14535K, paused 6ms+7ms
06-15 00:15:00.218   356   356 D SAN_SERVICE: *******************************************
06-15 00:15:00.218   356   356 D SAN_SERVICE: DM App Phone Service State - 0
06-15 00:15:00.218   356   356 D SAN_SERVICE: *******************************************
06-15 00:15:03.953  6502  6504 D dalvikvm: GC_CONCURRENT freed 382K, 5% free 10243K/10759K, paused 26ms+5ms
06-15 00:15:09.793   356   356 D SAN_SERVICE: *******************************************
06-15 00:15:09.793   356   356 D SAN_SERVICE: DM App Phone Service State - 0
06-15 00:15:09.793   356   356 D SAN_SERVICE: *******************************************
06-15 00:15:10.277   356   356 D SAN_SERVICE: *******************************************
06-15 00:15:10.277   356   356 D SAN_SERVICE: DM App Phone Service State - 0
06-15 00:15:10.277   356   356 D SAN_SERVICE: *******************************************
06-15 00:15:35.558   356   356 D SAN_SERVICE: *******************************************
06-15 00:15:35.558   356   356 D SAN_SERVICE: DM App Phone Service State - 0
06-15 00:15:35.558   356   356 D SAN_SERVICE: *******************************************
06-15 00:15:36.285   356   356 D SAN_SERVICE: *******************************************
06-15 00:15:36.285   356   356 D SAN_SERVICE: DM App Phone Service State - 0
06-15 00:15:36.285   356   356 D SAN_SERVICE: *******************************************
06-15 00:15:40.539   356   356 D SAN_SERVICE: *******************************************
06-15 00:15:40.539   356   356 D SAN_SERVICE: DM App Phone Service State - 0
06-15 00:15:40.539   356   356 D SAN_SERVICE: *******************************************
06-15 00:15:41.285   356   356 D SAN_SERVICE: *******************************************
06-15 00:15:41.285   356   356 D SAN_SERVICE: DM App Phone Service State - 0
06-15 00:15:41.289   356   356 D SAN_SERVICE: *******************************************
06-15 00:16:00.011   141   158 I ActivityManager: No longer want com.android.voicedialer (pid 9629): hidden #16
06-15 00:16:50.308   212   214 D dalvikvm: GC_CONCURRENT freed 611K, 26% free 10842K/14535K, paused 2ms+3ms
06-15 00:17:14.269  9803 11560 I Gmail   : MainSyncRequestProto: lowestBkwdConvoId: 0, highestHandledServerOp: 998974, normalSync: true
06-15 00:17:15.191  9803 11560 D dalvikvm: GC_EXPLICIT freed 294K, 10% free 9695K/10695K, paused 2ms+3ms
06-15 00:17:15.207  9803 11560 I Gmail   : MainSyncRequestProto: lowestBkwdConvoId: 0, highestHandledServerOp: 999005, normalSync: true
06-15 00:17:16.988  9803  9806 D dalvikvm: GC_CONCURRENT freed 371K, 9% free 9796K/10695K, paused 2ms+3ms
06-15 00:17:17.019  9803 11560 D dalvikvm: GC_FOR_ALLOC freed 395K, 9% free 9781K/10695K, paused 18ms
06-15 00:17:17.054  9803  9806 D dalvikvm: GC_CONCURRENT freed 330K, 8% free 9880K/10695K, paused 2ms+3ms
06-15 00:17:17.078  9803 11560 D dalvikvm: GC_FOR_ALLOC freed 197K, 8% free 9945K/10695K, paused 18ms
06-15 00:17:17.101  9803 11560 D dalvikvm: GC_FOR_ALLOC freed 252K, 8% free 9912K/10695K, paused 15ms
06-15 00:17:17.121  9803 11560 D dalvikvm: GC_FOR_ALLOC freed 203K, 7% free 9982K/10695K, paused 15ms
06-15 00:17:17.136  9803 11560 D dalvikvm: GC_FOR_ALLOC freed 287K, 8% free 9890K/10695K, paused 15ms
06-15 00:17:17.156  9803 11560 D dalvikvm: GC_FOR_ALLOC freed 128K, 7% free 9970K/10695K, paused 15ms
06-15 00:17:17.172  9803 11560 D dalvikvm: GC_FOR_ALLOC freed 207K, 8% free 9887K/10695K, paused 15ms
06-15 00:17:17.172  9803 11560 I dalvikvm-heap: Grow heap (frag case) to 10.090MB for 383130-byte allocation
06-15 00:17:17.187  9803 11560 D dalvikvm: GC_FOR_ALLOC freed 197K, 10% free 10063K/11079K, paused 15ms
06-15 00:17:17.261  9803  9806 D dalvikvm: GC_CONCURRENT freed 420K, 10% free 10059K/11079K, paused 8ms+3ms
06-15 00:17:17.363  9803  9806 D dalvikvm: GC_CONCURRENT freed 441K, 10% free 10004K/11079K, paused 1ms+2ms
06-15 00:17:17.527  9803  9806 D dalvikvm: GC_CONCURRENT freed 500K, 11% free 9891K/11079K, paused 2ms+3ms
06-15 00:17:17.722  9803 11560 D dalvikvm: GC_EXPLICIT freed 276K, 13% free 9696K/11079K, paused 8ms+2ms
06-15 00:17:17.726  9803 11560 I Gmail   : MainSyncRequestProto: lowestBkwdConvoId: 0, highestHandledServerOp: 999005, normalSync: true
06-15 00:17:17.738  9803 11560 W Gmail   : Scheduling index for 300000 ms from now
06-15 00:17:17.816  9803 11563 I Gmail   : MainSyncRequestProto: lowestBkwdConvoId: 0, highestHandledServerOp: 999005, normalSync: true
06-15 00:17:17.941   141   143 D dalvikvm: GC_CONCURRENT freed 1392K, 14% free 15797K/18183K, paused 2ms+9ms
06-15 00:17:18.707  9831 11565 I DownloadManager: Initiating request for download 696
06-15 00:17:18.746  9803 11563 D dalvikvm: GC_EXPLICIT freed 139K, 13% free 9710K/11079K, paused 2ms+3ms
06-15 00:17:18.754  9803 11563 I Gmail   : MainSyncRequestProto: lowestBkwdConvoId: 0, highestHandledServerOp: 999005, normalSync: true
06-15 00:17:18.765  9803 11563 W Gmail   : Scheduling index for 300000 ms from now
06-15 00:17:20.574  9831  9833 D dalvikvm: GC_CONCURRENT freed 465K, 6% free 9396K/9991K, paused 6ms+3ms
06-15 00:17:20.629  9831 11570 I DownloadManager: deleting /data/data/com.android.providers.downloads/cache/downloadfile.jpeg
06-15 00:17:20.636  9831 11571 I DownloadManager: Initiating request for download 697
06-15 00:17:22.336  9831 11578 I DownloadManager: deleting /data/data/com.android.providers.downloads/cache/downloadfile.jpeg
06-15 00:17:22.468  9831  9833 D dalvikvm: GC_CONCURRENT freed 411K, 7% free 9373K/9991K, paused 3ms+2ms
06-15 00:17:22.582   141  4748 D dalvikvm: GC_EXPLICIT freed 356K, 15% free 15598K/18183K, paused 3ms+5ms
06-15 00:17:22.586  9831 11580 I DownloadManager: Initiating request for download 698
06-15 00:17:23.550  9831 11585 I DownloadManager: deleting /data/data/com.android.providers.downloads/cache/downloadfile.jpeg
06-15 00:17:23.730  9831  9833 D dalvikvm: GC_CONCURRENT freed 374K, 7% free 9388K/9991K, paused 5ms+3ms
06-15 00:17:23.769  9831 11587 I DownloadManager: Initiating request for download 699
06-15 00:17:25.406  9831 11593 I DownloadManager: deleting /data/data/com.android.providers.downloads/cache/downloadfile.jpeg
06-15 00:17:25.558  9831 11595 I DownloadManager: Initiating request for download 700
06-15 00:17:25.586  9831  9833 D dalvikvm: GC_CONCURRENT freed 400K, 7% free 9381K/9991K, paused 3ms+6ms
06-15 00:17:26.347  9803  9806 D dalvikvm: GC_CONCURRENT freed 354K, 13% free 9747K/11079K, paused 3ms+3ms
06-15 00:17:26.476  9831 11600 I DownloadManager: deleting /data/data/com.android.providers.downloads/cache/downloadfile.jpeg
06-15 00:17:26.718  9831 11602 I DownloadManager: Initiating request for download 701
06-15 00:17:26.750  9831  9833 D dalvikvm: GC_CONCURRENT freed 379K, 6% free 9393K/9991K, paused 1ms+3ms
06-15 00:17:27.754  9831 11608 I DownloadManager: deleting /data/data/com.android.providers.downloads/cache/downloadfile.jpeg
06-15 00:17:27.871  9831 11610 I DownloadManager: Initiating request for download 702
06-15 00:17:28.148  9831  9833 D dalvikvm: GC_CONCURRENT freed 373K, 6% free 9407K/9991K, paused 12ms+3ms
06-15 00:17:28.433   356   356 D SAN_SERVICE: *******************************************
06-15 00:17:28.433   356   356 D SAN_SERVICE: DM App Phone Service State - 0
06-15 00:17:28.433   356   356 D SAN_SERVICE: *******************************************
06-15 00:17:28.918   356   356 D SAN_SERVICE: *******************************************
06-15 00:17:28.918   356   356 D SAN_SERVICE: DM App Phone Service State - 0
06-15 00:17:28.918   356   356 D SAN_SERVICE: *******************************************
06-15 00:17:29.074  9783  9796 I PhoneLab-: Service Running
06-15 00:17:29.324  9783  9796 I PhoneLab-LoggerService: app_38    1039  1     1432   1032  c00f181c 400107b4 S logcat
06-15 00:17:29.324  9783  9796 I PhoneLab-LoggerService: Logcat pid from database 1039
06-15 00:17:29.328  9783  9796 I PhoneLab-LoggerService: Logcat process found 1039
06-15 00:17:29.328  9783  9796 I PhoneLab-LoggerService: Checking Threshold
06-15 00:17:29.328  9783  9796 I PhoneLab-: Service Running
06-15 00:17:29.355  9783  9796 I PhoneLab-LoggerService: app_38    1039  1     1432   1032  c00f181c 400107b4 S logcat
06-15 00:17:29.355  9783  9796 I PhoneLab-LoggerService: Logcat pid from database 1039
06-15 00:17:29.359  9783  9796 I PhoneLab-LoggerService: Logcat process found 1039
06-15 00:17:29.359  9783  9796 I PhoneLab-LoggerService: Checking Threshold
06-15 00:17:29.359  9783  9796 I PhoneLab-: Service Running
06-15 00:17:29.390  9783  9796 I PhoneLab-LoggerService: app_38    1039  1     1432   1032  c00f181c 400107b4 S logcat
06-15 00:17:29.390  9783  9796 I PhoneLab-LoggerService: Logcat pid from database 1039
06-15 00:17:29.390  9783  9796 I PhoneLab-LoggerService: Logcat process found 1039
06-15 00:17:29.390  9783  9796 I PhoneLab-LoggerService: Checking Threshold
06-15 00:17:29.394  9783  9796 I PhoneLab-: Service Running
06-15 00:17:29.433  9783  9796 I PhoneLab-LoggerService: app_38    1039  1     1432   1032  c00f181c 400107b4 S logcat
06-15 00:17:29.433  9783  9796 I PhoneLab-LoggerService: Logcat pid from database 1039
06-15 00:17:29.433  9783  9796 I PhoneLab-LoggerService: Logcat process found 1039
06-15 00:17:29.433  9783  9796 I PhoneLab-LoggerService: Checking Threshold
06-15 00:17:29.449  9783  9785 D dalvikvm: GC_CONCURRENT freed 439K, 14% free 9206K/10695K, paused 5ms+3ms
06-15 00:17:29.691  9831 11620 I DownloadManager: Initiating request for download 703
06-15 00:17:29.742  9831 11619 D dalvikvm: GC_EXPLICIT freed 348K, 6% free 9395K/9991K, paused 4ms+7ms
06-15 00:17:29.746  9831 11619 I DownloadManager: deleting /data/data/com.android.providers.downloads/cache/downloadfile.jpeg
06-15 00:17:30.359   141  3420 D dalvikvm: GC_EXPLICIT freed 315K, 15% free 15631K/18183K, paused 23ms+7ms
06-15 00:17:30.734  9831 11626 I DownloadManager: deleting /data/data/com.android.providers.downloads/cache/downloadfile.jpeg
06-15 00:17:30.742  9831 11627 I DownloadManager: Initiating request for download 704
06-15 00:17:30.867  9831  9833 D dalvikvm: GC_CONCURRENT freed 356K, 6% free 9427K/9991K, paused 3ms+7ms
06-15 00:17:30.922   212   214 D dalvikvm: GC_CONCURRENT freed 680K, 27% free 10643K/14535K, paused 3ms+2ms
06-15 00:17:31.812  9831 11633 I DownloadManager: deleting /data/data/com.android.providers.downloads/cache/downloadfile.jpeg
06-15 00:17:31.945  9831 11635 I DownloadManager: Initiating request for download 705
06-15 00:17:32.187  9831  9833 D dalvikvm: GC_CONCURRENT freed 463K, 6% free 9416K/9991K, paused 1ms+9ms
06-15 00:17:33.445  9831 11641 I DownloadManager: deleting /data/data/com.android.providers.downloads/cache/downloadfile.jpeg
06-15 00:17:33.449  9831 11642 I DownloadManager: Initiating request for download 706
06-15 00:17:33.804  9831  9833 D dalvikvm: GC_CONCURRENT freed 455K, 6% free 9408K/9991K, paused 3ms+9ms
06-15 00:17:34.679  9803  9806 D dalvikvm: GC_CONCURRENT freed 389K, 12% free 9759K/11079K, paused 2ms+2ms
06-15 00:17:34.937  9831 11647 I DownloadManager: deleting /data/data/com.android.providers.downloads/cache/downloadfile.jpeg
06-15 00:17:34.949  9831 11648 I DownloadManager: Initiating request for download 707
06-15 00:17:35.773  9831  9833 D dalvikvm: GC_CONCURRENT freed 437K, 6% free 9426K/9991K, paused 3ms+7ms
06-15 00:17:36.058  9831 11654 I DownloadManager: deleting /data/data/com.android.providers.downloads/cache/downloadfile.jpeg
06-15 00:17:36.226  9831 11656 I DownloadManager: Initiating request for download 708
06-15 00:17:37.066   141   308 D dalvikvm: GC_EXPLICIT freed 340K, 14% free 15641K/18183K, paused 6ms+6ms
06-15 00:17:37.172  9831  9833 D dalvikvm: GC_CONCURRENT freed 405K, 6% free 9456K/9991K, paused 2ms+4ms
06-15 00:17:37.254  9831 11661 I DownloadManager: deleting /data/data/com.android.providers.downloads/cache/downloadfile.jpeg
06-15 00:17:38.461   356   356 D SAN_SERVICE: *******************************************
06-15 00:17:38.461   356   356 D SAN_SERVICE: DM App Phone Service State - 0
06-15 00:17:38.461   356   356 D SAN_SERVICE: *******************************************
06-15 00:17:38.539  9831 11663 I DownloadManager: Initiating request for download 709
06-15 00:17:38.679   356   356 D SAN_SERVICE: *******************************************
06-15 00:17:38.679   356   356 D SAN_SERVICE: DM App Phone Service State - 0
06-15 00:17:38.679   356   356 D SAN_SERVICE: *******************************************
06-15 00:17:38.890   356   356 D SAN_SERVICE: *******************************************
06-15 00:17:38.890   356   356 D SAN_SERVICE: DM App Phone Service State - 0
06-15 00:17:38.890   356   356 D SAN_SERVICE: *******************************************
06-15 00:17:39.707  9831  9833 D dalvikvm: GC_CONCURRENT freed 484K, 7% free 9376K/9991K, paused 2ms+3ms
06-15 00:17:39.738  9831 11669 I DownloadManager: deleting /data/data/com.android.providers.downloads/cache/downloadfile.jpeg
06-15 00:17:39.746  9831 11670 I DownloadManager: Initiating request for download 710
06-15 00:17:41.613  9831 11676 I DownloadManager: deleting /data/data/com.android.providers.downloads/cache/downloadfile.jpeg
06-15 00:17:41.777  9831  9833 D dalvikvm: GC_CONCURRENT freed 377K, 7% free 9386K/9991K, paused 7ms+3ms
06-15 00:17:41.812  9831 11678 I DownloadManager: Initiating request for download 711
06-15 00:17:43.468  9831 11683 I DownloadManager: deleting /data/data/com.android.providers.downloads/cache/downloadfile.jpeg
06-15 00:17:45.320   356   356 D SAN_SERVICE: *******************************************
06-15 00:17:45.320   356   356 D SAN_SERVICE: DM App Phone Service State - 0
06-15 00:17:45.320   356   356 D SAN_SERVICE: *******************************************
06-15 00:17:45.363  9831 11685 I DownloadManager: Initiating request for download 712
06-15 00:17:45.367  9831  9833 D dalvikvm: GC_CONCURRENT freed 379K, 6% free 9407K/9991K, paused 2ms+7ms
06-15 00:17:45.386 10109 10110 D dalvikvm: GC_CONCURRENT freed 361K, 5% free 10201K/10695K, paused 2ms+2ms
06-15 00:17:46.199  9831 10416 D dalvikvm: GC_EXPLICIT freed 307K, 7% free 9366K/9991K, paused 4ms+6ms
06-15 00:17:46.238  9803  9806 D dalvikvm: GC_CONCURRENT freed 407K, 12% free 9761K/11079K, paused 2ms+3ms
06-15 00:17:46.316  9831 11690 I DownloadManager: deleting /data/data/com.android.providers.downloads/cache/downloadfile.jpeg
06-15 00:17:46.343  9803  9822 D dalvikvm: GC_EXPLICIT freed 87K, 13% free 9702K/11079K, paused 2ms+4ms
06-15 00:17:46.507  9831 11692 I DownloadManager: Initiating request for download 713
06-15 00:17:47.640   141   336 D dalvikvm: GC_EXPLICIT freed 375K, 14% free 15650K/18183K, paused 4ms+6ms
06-15 00:17:47.656  9831  9833 D dalvikvm: GC_CONCURRENT freed 352K, 6% free 9407K/9991K, paused 2ms+4ms
06-15 00:17:47.679  9831 11696 I DownloadManager: deleting /data/data/com.android.providers.downloads/cache/downloadfile.jpeg
06-15 00:17:47.847  9831 11699 I DownloadManager: Initiating request for download 714
06-15 00:17:48.804  9831  9833 D dalvikvm: GC_CONCURRENT freed 372K, 6% free 9420K/9991K, paused 1ms+4ms
06-15 00:17:48.863  9831 11704 I DownloadManager: deleting /data/data/com.android.providers.downloads/cache/downloadfile.jpeg
06-15 00:17:49.027  9831 11706 I DownloadManager: Initiating request for download 715
06-15 00:17:50.543  9831 11711 I DownloadManager: deleting /data/data/com.android.providers.downloads/cache/downloadfile.jpeg
06-15 00:17:50.738  9831 11713 I DownloadManager: Initiating request for download 716
06-15 00:17:50.828  9831  9833 D dalvikvm: GC_CONCURRENT freed 461K, 6% free 9408K/9991K, paused 6ms+3ms
06-15 00:17:51.984  9831 11718 I DownloadManager: deleting /data/data/com.android.providers.downloads/cache/downloadfile.jpeg
06-15 00:17:52.168  9831 11720 I DownloadManager: Initiating request for download 717
06-15 00:17:52.468  9831  9833 D dalvikvm: GC_CONCURRENT freed 448K, 6% free 9432K/9991K, paused 2ms+3ms
06-15 00:17:53.218  9831 11725 I DownloadManager: deleting /data/data/com.android.providers.downloads/cache/downloadfile.jpeg
06-15 00:17:53.340  9831 11727 I DownloadManager: Initiating request for download 718
06-15 00:17:53.722  9831  9833 D dalvikvm: GC_CONCURRENT freed 433K, 6% free 9439K/9991K, paused 2ms+3ms
06-15 00:17:54.578   141   558 D dalvikvm: GC_EXPLICIT freed 476K, 14% free 15658K/18183K, paused 3ms+6ms
06-15 00:17:54.582  9803  9806 D dalvikvm: GC_CONCURRENT freed 337K, 12% free 9761K/11079K, paused 2ms+2ms
06-15 00:17:54.601  9831 11733 I DownloadManager: deleting /data/data/com.android.providers.downloads/cache/downloadfile.jpeg
06-15 00:17:55.105  9831 11735 I DownloadManager: Initiating request for download 719
06-15 00:17:56.558  9831  9833 D dalvikvm: GC_CONCURRENT freed 392K, 6% free 9467K/9991K, paused 13ms+3ms
06-15 00:17:56.910  9831 11740 I DownloadManager: deleting /data/data/com.android.providers.downloads/cache/downloadfile.jpeg
06-15 00:17:56.918  9831 11741 I DownloadManager: Initiating request for download 720
06-15 00:17:57.625  9831  9833 D dalvikvm: GC_CONCURRENT freed 428K, 6% free 9431K/9991K, paused 3ms+7ms
06-15 00:17:57.812  9831 11746 I DownloadManager: deleting /data/data/com.android.providers.downloads/cache/downloadfile.jpeg
06-15 00:17:57.992  9831 11748 I DownloadManager: Initiating request for download 721
06-15 00:17:58.910  9831  9833 D dalvikvm: GC_CONCURRENT freed 432K, 6% free 9437K/9991K, paused 3ms+5ms
06-15 00:17:58.980  9831 11754 I DownloadManager: deleting /data/data/com.android.providers.downloads/cache/downloadfile.jpeg
06-15 00:18:02.109  9831 11756 I DownloadManager: Initiating request for download 722
06-15 00:18:02.140  9803 11759 I Gmail   : MainSyncRequestProto: lowestBkwdConvoId: 0, highestHandledServerOp: 999005, normalSync: true
06-15 00:18:02.714  9803  9806 D dalvikvm: GC_CONCURRENT freed 432K, 13% free 9722K/11079K, paused 4ms+5ms
06-15 00:18:02.800  9803 11759 D dalvikvm: GC_EXPLICIT freed 169K, 13% free 9690K/11079K, paused 2ms+3ms
06-15 00:18:02.804  9803 11759 I Gmail   : MainSyncRequestProto: lowestBkwdConvoId: 0, highestHandledServerOp: 999042, normalSync: true
06-15 00:18:03.046  9831 11756 D dalvikvm: GC_EXPLICIT freed 340K, 6% free 9408K/9991K, paused 2ms+4ms
06-15 00:18:03.324  9803  9806 D dalvikvm: GC_CONCURRENT freed 322K, 12% free 9752K/11079K, paused 1ms+3ms
06-15 00:18:03.476  9831 11765 I DownloadManager: deleting /data/data/com.android.providers.downloads/cache/downloadfile.jpeg
06-15 00:18:03.679  9803 11759 D dalvikvm: GC_EXPLICIT freed 166K, 13% free 9715K/11079K, paused 4ms+3ms
06-15 00:18:03.691  9803 11759 I Gmail   : MainSyncRequestProto: lowestBkwdConvoId: 0, highestHandledServerOp: 999042, normalSync: true
06-15 00:18:03.695  9831 11767 I DownloadManager: Initiating request for download 723
06-15 00:18:03.711  9803 11759 W Gmail   : Scheduling index for 300000 ms from now
06-15 00:18:03.734  9803 11759 I Gmail   : Sending notification intent: Intent { act=android.intent.action.PROVIDER_CHANGED dat=content://gmail-ls/unread/^i (has extras) }
06-15 00:18:03.812   141   152 D dalvikvm: GC_EXPLICIT freed 421K, 14% free 15683K/18183K, paused 3ms+7ms
06-15 00:18:03.859  9803 11759 I Gmail   : Sending notification intent: Intent { act=android.intent.action.PROVIDER_CHANGED dat=content://gmail-ls/unread/^iim (has extras) }
06-15 00:18:03.879  9803 11769 W Gmail   : Showing notification with unreadCount of 2 and unseenCount of 2
06-15 00:18:04.023  9803 11770 I Gmail   : MainSyncRequestProto: lowestBkwdConvoId: 0, highestHandledServerOp: 999042, normalSync: true
06-15 00:18:04.468  9803 11770 D dalvikvm: GC_EXPLICIT freed 218K, 13% free 9740K/11079K, paused 4ms+11ms
06-15 00:18:04.484  9803 11770 I Gmail   : MainSyncRequestProto: lowestBkwdConvoId: 0, highestHandledServerOp: 999042, normalSync: true
06-15 00:18:04.500  9803 11770 W Gmail   : Scheduling index for 300000 ms from now
06-15 00:18:04.558  9831  9833 D dalvikvm: GC_CONCURRENT freed 408K, 6% free 9453K/9991K, paused 2ms+4ms
06-15 00:18:04.796  9831 11775 I DownloadManager: deleting /data/data/com.android.providers.downloads/cache/downloadfile.jpeg
06-15 00:18:04.804  9831 11776 I DownloadManager: Initiating request for download 724
06-15 00:18:05.609  9831  9833 D dalvikvm: GC_CONCURRENT freed 451K, 6% free 9410K/9991K, paused 2ms+4ms
06-15 00:18:05.824  9831 11783 I DownloadManager: deleting /data/data/com.android.providers.downloads/cache/downloadfile.jpeg
06-15 00:18:05.976  9831 11785 I DownloadManager: Initiating request for download 725
06-15 00:18:07.488  9831  9833 D dalvikvm: GC_CONCURRENT freed 422K, 6% free 9441K/9991K, paused 2ms+6ms
06-15 00:18:07.582  9831 11792 I DownloadManager: deleting /data/data/com.android.providers.downloads/cache/downloadfile.jpeg
06-15 00:18:07.757  9831 11794 I DownloadManager: Initiating request for download 726
06-15 00:19:26.156  9831  9833 D dalvikvm: GC_CONCURRENT freed 450K, 6% free 9417K/9991K, paused 2ms+2ms
06-15 00:19:26.215  9831 11800 I DownloadManager: deleting /data/data/com.android.providers.downloads/cache/downloadfile.jpeg
06-15 00:19:26.230  9831 11801 I DownloadManager: Initiating request for download 727
06-15 00:19:27.558  9803  9806 D dalvikvm: GC_CONCURRENT freed 371K, 12% free 9763K/11079K, paused 1ms+3ms
06-15 00:19:27.656   141  4763 D dalvikvm: GC_EXPLICIT freed 422K, 14% free 15704K/18183K, paused 3ms+7ms
06-15 00:19:27.738  9831 11809 I DownloadManager: deleting /data/data/com.android.providers.downloads/cache/downloadfile.jpeg
06-15 00:19:27.847  9831 11811 I DownloadManager: Initiating request for download 728
06-15 00:19:28.109  9831  9833 D dalvikvm: GC_CONCURRENT freed 417K, 6% free 9442K/9991K, paused 12ms+3ms
06-15 00:19:29.738  9831 11817 I DownloadManager: deleting /data/data/com.android.providers.downloads/cache/downloadfile.jpeg
06-15 00:19:29.754  9831 11818 I DownloadManager: Initiating request for download 729
06-15 00:19:30.066  9831  9833 D dalvikvm: GC_CONCURRENT freed 467K, 6% free 9409K/9991K, paused 1ms+4ms
06-15 00:19:32.074  9831 11825 I DownloadManager: deleting /data/data/com.android.providers.downloads/cache/downloadfile.jpeg
06-15 00:19:32.418  9831 11827 I DownloadManager: Initiating request for download 730
06-15 00:19:32.734  9831  9833 D dalvikvm: GC_CONCURRENT freed 464K, 6% free 9422K/9991K, paused 1ms+3ms
06-15 00:19:33.765  9831  9831 D dalvikvm: GC_EXPLICIT freed 208K, 7% free 9371K/9991K, paused 2ms+3ms
06-15 00:19:33.929  9831 11834 I DownloadManager: deleting /data/data/com.android.providers.downloads/cache/downloadfile.jpeg
06-15 00:19:33.949  9831 11835 I DownloadManager: Initiating request for download 731
06-15 00:19:35.054  6424  6427 D dalvikvm: GC_CONCURRENT freed 359K, 6% free 9466K/10055K, paused 3ms+3ms
06-15 00:19:35.086  9831  9833 D dalvikvm: GC_CONCURRENT freed 360K, 6% free 9408K/9991K, paused 1ms+2ms
06-15 00:19:35.152  9831 11843 I DownloadManager: deleting /data/data/com.android.providers.downloads/cache/downloadfile.jpeg
06-15 00:19:35.316  9831 11845 I DownloadManager: Initiating request for download 732
06-15 00:19:35.605   356   356 D SAN_SERVICE: *******************************************
06-15 00:19:35.605   356   356 D SAN_SERVICE: DM App Phone Service State - 0
06-15 00:19:35.605   356   356 D SAN_SERVICE: *******************************************
06-15 00:19:36.230   356   356 D SAN_SERVICE: *******************************************
06-15 00:19:36.230   356   356 D SAN_SERVICE: DM App Phone Service State - 0
06-15 00:19:36.230   356   356 D SAN_SERVICE: *******************************************
06-15 00:19:36.519   141   336 D dalvikvm: GC_EXPLICIT freed 348K, 14% free 15702K/18183K, paused 7ms+7ms
06-15 00:22:03.097  9783  9783 I PhoneLab-Locks: wake lock acquired
06-15 00:22:03.109  9783 11853 I PhoneLab-PeriodicCheckService: User info is synched
06-15 00:22:03.113  9783 11853 I PhoneLab-PeriodicCheckService: Logger Service is running
06-15 00:22:03.121  9783 11853 I PhoneLab-Locks: wake lock acquired
06-15 00:22:03.125  9783  9783 I PhoneLab-UploadLogs: Transfering log files now
06-15 00:22:03.125  9783  9783 I PhoneLab-UploadLogs: No log files to transfer
06-15 00:22:03.125  9783  9783 I PhoneLab-Locks: wake lock released
06-15 00:22:03.125  9783  9783 I PhoneLab-UploadLogs: OnStartCommand
06-15 00:22:03.129  9783 11853 I PhoneLab-PeriodicCheckService: Rescheduling periodic checking...
06-15 00:22:03.132  9783 11853 I PhoneLab-Locks: wake lock released
06-15 00:22:03.175  9831 11852 I DownloadManager: deleting /data/data/com.android.providers.downloads/cache/downloadfile.jpeg
06-15 00:22:03.183  9831 11854 I DownloadManager: Initiating request for download 733
06-15 00:22:03.226  9831  9833 D dalvikvm: GC_CONCURRENT freed 421K, 6% free 9441K/9991K, paused 2ms+4ms
06-15 00:22:04.574  9803  9806 D dalvikvm: GC_CONCURRENT freed 392K, 12% free 9774K/11079K, paused 2ms+3ms
06-15 00:22:04.769  9831 11861 I DownloadManager: deleting /data/data/com.android.providers.downloads/cache/downloadfile.jpeg
06-15 00:22:04.777  9831 11862 I DownloadManager: Initiating request for download 734
06-15 00:22:05.004  9831  9833 D dalvikvm: GC_CONCURRENT freed 461K, 6% free 9420K/9991K, paused 1ms+4ms
06-15 00:22:05.847  9831 11869 I DownloadManager: deleting /data/data/com.android.providers.downloads/cache/downloadfile.jpeg
06-15 00:22:05.859  9831 11870 I DownloadManager: Initiating request for download 735
06-15 00:22:06.195  9831  9833 D dalvikvm: GC_CONCURRENT freed 431K, 6% free 9424K/9991K, paused 1ms+3ms
06-15 00:22:09.652   356   356 D SAN_SERVICE: *******************************************
06-15 00:22:09.652   356   356 D SAN_SERVICE: DM App Phone Service State - 0
06-15 00:22:09.652   356   356 D SAN_SERVICE: *******************************************
06-15 00:22:09.754  9831 11877 I DownloadManager: deleting /data/data/com.android.providers.downloads/cache/downloadfile.jpeg
06-15 00:22:09.781  9831 11878 I DownloadManager: Initiating request for download 736
06-15 00:22:10.140  9831  9833 D dalvikvm: GC_CONCURRENT freed 434K, 6% free 9430K/9991K, paused 3ms+6ms
06-15 00:22:11.007  9831 11885 I DownloadManager: deleting /data/data/com.android.providers.downloads/cache/downloadfile.jpeg
06-15 00:22:11.218  9831 11887 I DownloadManager: Initiating request for download 737
06-15 00:22:11.582  9831  9833 D dalvikvm: GC_CONCURRENT freed 401K, 6% free 9467K/9991K, paused 3ms+6ms
06-15 00:22:12.109   141   141 D dalvikvm: GC_EXPLICIT freed 447K, 14% free 15645K/18183K, paused 14ms+7ms
06-15 00:22:12.328  9831 11893 I DownloadManager: deleting /data/data/com.android.providers.downloads/cache/downloadfile.jpeg
06-15 00:22:12.336  9831 11894 I DownloadManager: Initiating request for download 738
06-15 00:22:13.019  9831  9833 D dalvikvm: GC_CONCURRENT freed 383K, 6% free 9478K/9991K, paused 12ms+4ms
06-15 00:22:13.422  9831 11901 I DownloadManager: deleting /data/data/com.android.providers.downloads/cache/downloadfile.jpeg
06-15 00:22:13.593  9831 11903 I DownloadManager: Initiating request for download 739
06-15 00:22:15.285  9831  9833 D dalvikvm: GC_CONCURRENT freed 489K, 7% free 9435K/10055K, paused 3ms+7ms
06-15 00:22:15.445  9803  9806 D dalvikvm: GC_CONCURRENT freed 407K, 12% free 9768K/11079K, paused 2ms+3ms
06-15 00:22:15.640  9831 11910 I DownloadManager: deleting /data/data/com.android.providers.downloads/cache/downloadfile.jpeg
06-15 00:22:15.656  9831 11911 I DownloadManager: Initiating request for download 740
06-15 00:22:16.304  9831 11911 D dalvikvm: GC_EXPLICIT freed 325K, 7% free 9442K/10055K, paused 10ms+3ms
06-15 00:22:16.711  9831 11918 I DownloadManager: deleting /data/data/com.android.providers.downloads/cache/downloadfile.jpeg
06-15 00:22:16.875  9831 11920 I DownloadManager: Initiating request for download 741
06-15 00:22:18.527  9831  9833 D dalvikvm: GC_CONCURRENT freed 360K, 6% free 9470K/10055K, paused 15ms+3ms
06-15 00:22:19.011  9831 11926 I DownloadManager: deleting /data/data/com.android.providers.downloads/cache/downloadfile.jpeg
06-15 00:24:18.140  9831 11928 I DownloadManager: Initiating request for download 742
06-15 00:24:27.617  9831  9833 D dalvikvm: GC_CONCURRENT freed 381K, 6% free 9476K/10055K, paused 3ms+7ms
06-15 00:24:28.191   141  5586 D dalvikvm: GC_EXPLICIT freed 378K, 14% free 15652K/18183K, paused 14ms+7ms
06-15 00:24:28.480  9831 11935 I DownloadManager: deleting /data/data/com.android.providers.downloads/cache/downloadfile.jpeg
06-15 00:24:28.496  9831 11936 I DownloadManager: Initiating request for download 743
06-15 00:24:29.285  9831  9833 D dalvikvm: GC_CONCURRENT freed 428K, 6% free 9494K/10055K, paused 2ms+5ms
06-15 00:24:29.359  9803  9815 D dalvikvm: GC_EXPLICIT freed 263K, 13% free 9738K/11079K, paused 14ms+3ms
06-15 00:24:29.546  9831 11943 I DownloadManager: deleting /data/data/com.android.providers.downloads/cache/downloadfile.jpeg
06-15 00:24:29.562  9831 11944 I DownloadManager: Initiating request for download 744
06-15 00:24:30.722  9831  9833 D dalvikvm: GC_CONCURRENT freed 496K, 7% free 9437K/10055K, paused 2ms+4ms
06-15 00:24:30.804  9831 11951 I DownloadManager: deleting /data/data/com.android.providers.downloads/cache/downloadfile.jpeg
06-15 00:24:55.214  9831 11953 I DownloadManager: Initiating request for download 745
06-15 00:24:55.422  9783  9783 I PhoneLab-Locks: wake lock acquired
06-15 00:24:55.433  9783  9783 I PhoneLab-StatusMonitor: Status Monitoring is started
06-15 00:24:55.488  9783  9785 D dalvikvm: GC_CONCURRENT freed 390K, 13% free 9326K/10695K, paused 2ms+7ms
06-15 00:24:55.492  9783  9783 I PhoneLab-StatusMonitor: Value: 10 - unit: min
06-15 00:24:55.496  9783  9783 I PhoneLab-StatusMonitor: Running interval: 600000
06-15 00:24:55.507  9783  9783 I PhoneLab-StatusMonitor: Rescheduling status monitoring...
06-15 00:24:55.507  9783  9783 I PhoneLab-Locks: wake lock released
06-15 00:24:55.515  9783  9783 I PhoneLab-StatusMonitorLocation: Learning Location
06-15 00:24:55.515  9783  9783 I PhoneLab-Locks: wake lock acquired
06-15 00:24:55.519  9783  9783 I PhoneLab-Locks: wake lock acquired
06-15 00:24:55.558   275   670 D androidNetworkLocationListeners: Still have listener com.google.android.location.internal.client.NetworkLocationClient$1@413c1720
06-15 00:24:55.566  9783  9783 I PhoneLab-StatusMonitorLocation: Learning Signal Strgth
06-15 00:24:55.566  9783  9783 I PhoneLab-Locks: wake lock acquired
06-15 00:24:55.566   275   670 D androidNetworkLocationListeners: Still have listener com.google.android.location.internal.client.NetworkLocationClient$1@413c1720
06-15 00:24:55.570  9783  9783 I PhoneLab-StatusMonitorBattery: Battery_level: 53
06-15 00:24:55.570  9783  9783 I PhoneLab-Locks: wake lock released
06-15 00:24:55.570  9783  9783 I PhoneLab-StatusMonitorSignal: Signal_Strength: -86 asu: 14
06-15 00:24:55.570  9783  9783 I PhoneLab-Locks: wake lock released
06-15 00:24:56.402  9831 11961 I DownloadManager: in removeSpuriousFiles
06-15 00:24:56.414  9831 11961 I DownloadManager: in removeSpuriousFiles, preserving file /data/data/com.android.providers.downloads/cache/downloadfile.jpeg
06-15 00:24:56.418  9831 11961 I DownloadManager: deleting spurious file /cache/backup
06-15 00:24:56.511  9831  9833 D dalvikvm: GC_CONCURRENT freed 415K, 7% free 9407K/10055K, paused 3ms+4ms
06-15 00:24:56.543  9831 11962 I DownloadManager: deleting /data/data/com.android.providers.downloads/cache/downloadfile.jpeg
06-15 00:24:56.824  9783  9783 I PhoneLab-StatusMonitorLocation: Location_Latitude: 42.9543074 Longitude: -78.8267614 Accuracy: 33.0
06-15 00:24:56.828   275   670 D androidNetworkLocationListeners: Still have listener com.google.android.location.internal.client.NetworkLocationClient$1@413c1720
06-15 00:24:56.828  9783  9783 I PhoneLab-Locks: wake lock released
06-15 00:24:58.152   275   277 D dalvikvm: GC_CONCURRENT freed 576K, 8% free 10873K/11719K, paused 2ms+4ms
06-15 00:24:58.390   356   356 D SAN_SERVICE: *******************************************
06-15 00:24:58.390   356   356 D SAN_SERVICE: DM App Phone Service State - 0
06-15 00:24:58.394   356   356 D SAN_SERVICE: *******************************************
06-15 00:24:58.648   356   356 D SAN_SERVICE: *******************************************
06-15 00:24:58.648   356   356 D SAN_SERVICE: DM App Phone Service State - 0
06-15 00:24:58.648   356   356 D SAN_SERVICE: *******************************************
06-15 00:26:42.132   212   214 D dalvikvm: GC_CONCURRENT freed 339K, 27% free 10732K/14535K, paused 2ms+4ms
06-15 00:28:41.347  9803  9806 D dalvikvm: GC_CONCURRENT freed 362K, 12% free 9766K/11079K, paused 3ms+2ms
06-15 00:28:42.050   275  1020 I EventLogService: Aggregate from 1339732721571 (log), 1339732721571 (data)
06-15 00:28:42.066  9803  9806 D dalvikvm: GC_CONCURRENT freed 385K, 12% free 9854K/11079K, paused 2ms+2ms
06-15 00:30:19.175  9803  9806 D dalvikvm: GC_CONCURRENT freed 402K, 12% free 9837K/11079K, paused 2ms+2ms
06-15 00:30:19.257  9803 11970 I Gmail   : MainSyncRequestProto: lowestBkwdConvoId: 0, highestHandledServerOp: 999042, normalSync: true
06-15 00:30:19.433  9803  9806 D dalvikvm: GC_CONCURRENT freed 346K, 11% free 9882K/11079K, paused 1ms+2ms
06-15 00:30:19.664  9803  9806 D dalvikvm: GC_CONCURRENT freed 376K, 11% free 9899K/11079K, paused 2ms+2ms
06-15 00:30:20.875  9803 11970 E Gmail   : IOException: Server returned unhandled response content type (text/html status: 200)
06-15 00:30:20.941   141   166 D SyncManager: failed sync operation jayinamdar@gmail.com (com.google), gmail-ls, SERVER, earliestRunTime 137812528, SyncResult: stats [ numIoExceptions: 1]
06-15 00:31:20.203   141   166 D dalvikvm: GC_EXPLICIT freed 950K, 14% free 15696K/18183K, paused 3ms+7ms
06-15 00:31:20.211  9803 11972 I Gmail   : MainSyncRequestProto: lowestBkwdConvoId: 0, highestHandledServerOp: 999042, normalSync: true
06-15 00:31:20.511  9803  9806 D dalvikvm: GC_CONCURRENT freed 537K, 12% free 9752K/11079K, paused 2ms+3ms
06-15 00:31:20.832  9803  9806 D dalvikvm: GC_CONCURRENT freed 407K, 13% free 9743K/11079K, paused 2ms+3ms
06-15 00:31:20.921  9803 11972 D dalvikvm: GC_EXPLICIT freed 134K, 13% free 9718K/11079K, paused 3ms+2ms
06-15 00:31:20.925  9803 11972 I Gmail   : MainSyncRequestProto: lowestBkwdConvoId: 0, highestHandledServerOp: 999102, normalSync: true
06-15 00:31:20.937  9803 11972 W Gmail   : Scheduling index for 300000 ms from now
06-15 00:31:20.968  9803 11972 I Gmail   : Sending notification intent: Intent { act=android.intent.action.PROVIDER_CHANGED dat=content://gmail-ls/unread/^i (has extras) }
06-15 00:31:21.019  9803 11972 I Gmail   : Sending notification intent: Intent { act=android.intent.action.PROVIDER_CHANGED dat=content://gmail-ls/unread/^iim (has extras) }
06-15 00:31:21.082   212   214 D dalvikvm: GC_CONCURRENT freed 737K, 29% free 10447K/14535K, paused 1ms+5ms
06-15 00:31:21.156   212   214 D dalvikvm: GC_CONCURRENT freed 504K, 29% free 10406K/14535K, paused 1ms+3ms
06-15 00:31:22.410   356   356 D SAN_SERVICE: *******************************************
06-15 00:31:22.410   356   356 D SAN_SERVICE: DM App Phone Service State - 0
06-15 00:31:22.410   356   356 D SAN_SERVICE: *******************************************
06-15 00:34:55.531  9783  9783 I PhoneLab-Locks: wake lock acquired
06-15 00:34:55.574  9783  9783 I PhoneLab-StatusMonitor: Status Monitoring is started
06-15 00:34:55.664  9783  9785 D dalvikvm: GC_CONCURRENT freed 521K, 13% free 9307K/10695K, paused 2ms+3ms
06-15 00:34:55.664  9783  9783 I PhoneLab-StatusMonitor: Value: 10 - unit: min
06-15 00:34:55.668  9783  9783 I PhoneLab-StatusMonitor: Running interval: 600000
06-15 00:34:55.679  9783  9783 I PhoneLab-StatusMonitor: Rescheduling status monitoring...
06-15 00:34:55.683  9783  9783 I PhoneLab-Locks: wake lock released
06-15 00:35:21.023  9783  9783 I PhoneLab-StatusMonitorLocation: Learning Location
06-15 00:35:21.027  9783  9783 I PhoneLab-Locks: wake lock acquired
06-15 00:35:21.039  9783  9783 I PhoneLab-Locks: wake lock acquired
06-15 00:35:21.046  9783  9783 I PhoneLab-StatusMonitorLocation: Learning Signal Strgth
06-15 00:35:21.046  9783  9783 I PhoneLab-Locks: wake lock acquired
06-15 00:35:21.101   275   670 D androidNetworkLocationListeners: Still have listener com.google.android.location.internal.client.NetworkLocationClient$1@413c1720
06-15 00:35:21.109   275   670 D androidNetworkLocationListeners: Still have listener com.google.android.location.internal.client.NetworkLocationClient$1@413c1720
06-15 00:35:21.117  9783  9783 I PhoneLab-StatusMonitorBattery: Battery_level: 52
06-15 00:35:21.117  9783  9783 I PhoneLab-Locks: wake lock released
06-15 00:35:21.121  9783  9783 I PhoneLab-StatusMonitorSignal: Signal_Strength: -86 asu: 14
06-15 00:35:21.121  9783  9783 I PhoneLab-Locks: wake lock released
06-15 00:35:22.386  9783  9783 I PhoneLab-StatusMonitorLocation: Location_Latitude: 42.9543216 Longitude: -78.8267761 Accuracy: 36.0
06-15 00:35:22.386   275   670 D androidNetworkLocationListeners: Still have listener com.google.android.location.internal.client.NetworkLocationClient$1@413c1720
06-15 00:35:22.386  9783  9783 I PhoneLab-Locks: wake lock released
06-15 00:35:23.718   275   277 D dalvikvm: GC_CONCURRENT freed 608K, 8% free 10859K/11719K, paused 2ms+4ms
06-15 00:44:55.254  9803 11978 W Gmail   : Successful index run, cancel next scheduled index run
06-15 00:44:55.621 10109 10110 D dalvikvm: GC_CONCURRENT freed 384K, 5% free 10241K/10759K, paused 2ms+2ms
06-15 00:44:55.691  9783  9783 I PhoneLab-Locks: wake lock acquired
06-15 00:44:55.699  9783  9783 I PhoneLab-StatusMonitor: Status Monitoring is started
06-15 00:44:55.777  9783  9785 D dalvikvm: GC_CONCURRENT freed 532K, 14% free 9277K/10695K, paused 2ms+3ms
06-15 00:44:55.785  9783  9783 I PhoneLab-StatusMonitor: Value: 10 - unit: min
06-15 00:44:55.785  9783  9783 I PhoneLab-StatusMonitor: Running interval: 600000
06-15 00:44:55.793  9783  9783 I PhoneLab-StatusMonitor: Rescheduling status monitoring...
06-15 00:44:55.797  9783  9783 I PhoneLab-Locks: wake lock released
06-15 00:44:55.800  9783  9783 I PhoneLab-StatusMonitorLocation: Learning Location
06-15 00:44:55.800  9783  9783 I PhoneLab-Locks: wake lock acquired
06-15 00:44:55.804  9783  9783 I PhoneLab-Locks: wake lock acquired
06-15 00:44:55.804   275   670 D androidNetworkLocationListeners: Still have listener com.google.android.location.internal.client.NetworkLocationClient$1@413c1720
06-15 00:44:55.808  9783  9783 I PhoneLab-StatusMonitorLocation: Learning Signal Strgth
06-15 00:44:55.808  9783  9783 I PhoneLab-Locks: wake lock acquired
06-15 00:44:55.824   275   670 D androidNetworkLocationListeners: Still have listener com.google.android.location.internal.client.NetworkLocationClient$1@413c1720
06-15 00:44:55.824  9783  9783 I PhoneLab-StatusMonitorBattery: Battery_level: 52
06-15 00:44:55.828  9783  9783 I PhoneLab-Locks: wake lock released
06-15 00:44:55.832  9783  9783 I PhoneLab-StatusMonitorSignal: Signal_Strength: -86 asu: 14
06-15 00:44:55.832  9783  9783 I PhoneLab-Locks: wake lock released
06-15 00:44:57.097  9783  9783 I PhoneLab-StatusMonitorLocation: Location_Latitude: 42.9543695 Longitude: -78.8267428 Accuracy: 34.0
06-15 00:44:57.097  9783  9783 I PhoneLab-Locks: wake lock released
06-15 00:44:57.101   275   670 D androidNetworkLocationListeners: Still have listener com.google.android.location.internal.client.NetworkLocationClient$1@413c1720
06-15 00:44:57.523  9783  9796 I PhoneLab-: Service Running
06-15 00:44:57.636  9783  9796 I PhoneLab-LoggerService: app_38    1039  1     1432   1032  c00f181c 400107b4 S logcat
06-15 00:44:57.640  9783  9796 I PhoneLab-LoggerService: Logcat pid from database 1039
06-15 00:44:57.640  9783  9796 I PhoneLab-LoggerService: Logcat process found 1039
06-15 00:44:57.640  9783  9796 I PhoneLab-LoggerService: Checking Threshold
06-15 00:44:57.640  9783  9796 I PhoneLab-: Service Running
06-15 00:44:57.668  9783  9796 I PhoneLab-LoggerService: app_38    1039  1     1432   1032  c00f181c 400107b4 S logcat
06-15 00:44:57.668  9783  9796 I PhoneLab-LoggerService: Logcat pid from database 1039
06-15 00:44:57.668  9783  9796 I PhoneLab-LoggerService: Logcat process found 1039
06-15 00:44:57.668  9783  9796 I PhoneLab-LoggerService: Checking Threshold
06-15 00:44:57.668  9783  9796 I PhoneLab-: Service Running
06-15 00:44:57.695  9783  9796 I PhoneLab-LoggerService: app_38    1039  1     1432   1032  c00f181c 400107b4 S logcat
06-15 00:44:57.695  9783  9796 I PhoneLab-LoggerService: Logcat pid from database 1039
06-15 00:44:57.695  9783  9796 I PhoneLab-LoggerService: Logcat process found 1039
06-15 00:44:57.695  9783  9796 I PhoneLab-LoggerService: Checking Threshold
06-15 00:44:57.695  9783  9796 I PhoneLab-: Service Running
06-15 00:44:57.722  9783  9796 I PhoneLab-LoggerService: app_38    1039  1     1432   1032  c00f181c 400107b4 S logcat
06-15 00:44:57.722  9783  9796 I PhoneLab-LoggerService: Logcat pid from database 1039
06-15 00:44:57.722  9783  9796 I PhoneLab-LoggerService: Logcat process found 1039
06-15 00:44:57.722  9783  9796 I PhoneLab-LoggerService: Checking Threshold
06-15 00:44:57.722  9783  9796 I PhoneLab-: Service Running
06-15 00:44:57.750  9783  9796 I PhoneLab-LoggerService: app_38    1039  1     1432   1032  c00f181c 400107b4 S logcat
06-15 00:44:57.750  9783  9796 I PhoneLab-LoggerService: Logcat pid from database 1039
06-15 00:44:57.750  9783  9796 I PhoneLab-LoggerService: Logcat process found 1039
06-15 00:44:57.750  9783  9796 I PhoneLab-LoggerService: Checking Threshold
06-15 00:44:57.750  9783  9796 I PhoneLab-: Service Running
06-15 00:44:57.793  9783  9785 D dalvikvm: GC_CONCURRENT freed 456K, 14% free 9212K/10695K, paused 2ms+2ms
06-15 00:44:57.797  9783  9796 I PhoneLab-LoggerService: app_38    1039  1     1432   1032  c00f181c 400107b4 S logcat
06-15 00:44:57.797  9783  9796 I PhoneLab-LoggerService: Logcat pid from database 1039
06-15 00:44:57.797  9783  9796 I PhoneLab-LoggerService: Logcat process found 1039
06-15 00:44:57.800  9783  9796 I PhoneLab-LoggerService: Checking Threshold
06-15 00:44:57.804  9783  9796 I PhoneLab-: Service Running
06-15 00:44:57.832  9783  9796 I PhoneLab-LoggerService: app_38    1039  1     1432   1032  c00f181c 400107b4 S logcat
06-15 00:44:57.832  9783  9796 I PhoneLab-LoggerService: Logcat pid from database 1039
06-15 00:44:57.832  9783  9796 I PhoneLab-LoggerService: Logcat process found 1039
06-15 00:44:57.832  9783  9796 I PhoneLab-LoggerService: Checking Threshold
06-15 00:44:57.832  9783  9796 I PhoneLab-: Service Running
06-15 00:44:57.859  9783  9796 I PhoneLab-LoggerService: app_38    1039  1     1432   1032  c00f181c 400107b4 S logcat
06-15 00:44:57.859  9783  9796 I PhoneLab-LoggerService: Logcat pid from database 1039
06-15 00:44:57.859  9783  9796 I PhoneLab-LoggerService: Logcat process found 1039
06-15 00:44:57.859  9783  9796 I PhoneLab-LoggerService: Checking Threshold
06-15 00:44:57.859  9783  9796 I PhoneLab-: Service Running
06-15 00:44:57.886  9783  9796 I PhoneLab-LoggerService: app_38    1039  1     1432   1032  c00f181c 400107b4 S logcat
06-15 00:44:57.886  9783  9796 I PhoneLab-LoggerService: Logcat pid from database 1039
06-15 00:44:57.886  9783  9796 I PhoneLab-LoggerService: Logcat process found 1039
06-15 00:44:57.886  9783  9796 I PhoneLab-LoggerService: Checking Threshold
06-15 00:44:57.886  9783  9796 I PhoneLab-: Service Running
06-15 00:44:57.914  9783  9796 I PhoneLab-LoggerService: app_38    1039  1     1432   1032  c00f181c 400107b4 S logcat
06-15 00:44:57.914  9783  9796 I PhoneLab-LoggerService: Logcat pid from database 1039
06-15 00:44:57.918  9783  9796 I PhoneLab-LoggerService: Logcat process found 1039
06-15 00:44:57.918  9783  9796 I PhoneLab-LoggerService: Checking Threshold
06-15 00:44:57.918  9783  9796 I PhoneLab-: Service Running
06-15 00:44:57.945  9783  9796 I PhoneLab-LoggerService: app_38    1039  1     1432   1032  c00f181c 400107b4 S logcat
06-15 00:44:57.945  9783  9796 I PhoneLab-LoggerService: Logcat pid from database 1039
06-15 00:44:57.945  9783  9796 I PhoneLab-LoggerService: Logcat process found 1039
06-15 00:44:57.945  9783  9796 I PhoneLab-LoggerService: Checking Threshold
06-15 00:44:57.945  9783  9796 I PhoneLab-: Service Running
06-15 00:44:57.972  9783  9796 I PhoneLab-LoggerService: app_38    1039  1     1432   1032  c00f181c 400107b4 S logcat
06-15 00:44:57.972  9783  9796 I PhoneLab-LoggerService: Logcat pid from database 1039
06-15 00:44:57.972  9783  9796 I PhoneLab-LoggerService: Logcat process found 1039
06-15 00:44:57.972  9783  9796 I PhoneLab-LoggerService: Checking Threshold
06-15 00:44:57.972  9783  9796 I PhoneLab-: Service Running
06-15 00:44:58.000  9783  9796 I PhoneLab-LoggerService: app_38    1039  1     1432   1032  c00f181c 400107b4 S logcat
06-15 00:44:58.000  9783  9796 I PhoneLab-LoggerService: Logcat pid from database 1039
06-15 00:44:58.000  9783  9796 I PhoneLab-LoggerService: Logcat process found 1039
06-15 00:44:58.000  9783  9796 I PhoneLab-LoggerService: Checking Threshold
06-15 00:46:27.125   275   277 D dalvikvm: GC_CONCURRENT freed 505K, 8% free 10839K/11719K, paused 2ms+2ms
06-15 00:48:56.097   212   214 D dalvikvm: GC_CONCURRENT freed 354K, 29% free 10451K/14535K, paused 2ms+3ms
06-15 00:52:03.332  9783  9783 I PhoneLab-Locks: wake lock acquired
06-15 00:52:03.355  9783 11996 I PhoneLab-PeriodicCheckService: User info is synched
06-15 00:52:03.359  9783 11996 I PhoneLab-PeriodicCheckService: Logger Service is running
06-15 00:52:03.367  9783 11996 I PhoneLab-Locks: wake lock acquired
06-15 00:52:03.371  9783  9783 I PhoneLab-UploadLogs: Transfering log files now
06-15 00:52:03.371  9783  9783 I PhoneLab-UploadLogs: No log files to transfer
06-15 00:52:03.371  9783  9783 I PhoneLab-Locks: wake lock released
06-15 00:52:03.371  9783  9783 I PhoneLab-UploadLogs: OnStartCommand
06-15 00:52:03.371  9783 11996 I PhoneLab-PeriodicCheckService: Rescheduling periodic checking...
06-15 00:52:03.371  9783 11996 I PhoneLab-Locks: wake lock released
06-15 00:54:55.101  9783  9785 D dalvikvm: GC_CONCURRENT freed 427K, 15% free 9190K/10695K, paused 6ms+2ms
06-15 00:54:55.804  9783  9783 I PhoneLab-Locks: wake lock acquired
06-15 00:54:55.820  9783  9783 I PhoneLab-StatusMonitor: Status Monitoring is started
06-15 00:54:55.898  9783  9785 D dalvikvm: GC_CONCURRENT freed 343K, 13% free 9358K/10695K, paused 2ms+3ms
06-15 00:54:55.902  9783  9783 I PhoneLab-StatusMonitor: Value: 10 - unit: min
06-15 00:54:55.902  9783  9783 I PhoneLab-StatusMonitor: Running interval: 600000
06-15 00:54:55.910  9783  9783 I PhoneLab-StatusMonitor: Rescheduling status monitoring...
06-15 00:54:55.910  9783  9783 I PhoneLab-Locks: wake lock released
06-15 00:54:55.918  9783  9783 I PhoneLab-StatusMonitorLocation: Learning Location
06-15 00:54:55.918  9783  9783 I PhoneLab-Locks: wake lock acquired
06-15 00:54:55.933  9783  9783 I PhoneLab-Locks: wake lock acquired
06-15 00:54:55.937  9783  9783 I PhoneLab-StatusMonitorLocation: Learning Signal Strgth
06-15 00:54:55.937  9783  9783 I PhoneLab-Locks: wake lock acquired
06-15 00:54:55.949   275   670 D androidNetworkLocationListeners: Still have listener com.google.android.location.internal.client.NetworkLocationClient$1@413c1720
06-15 00:54:55.957   275   670 D androidNetworkLocationListeners: Still have listener com.google.android.location.internal.client.NetworkLocationClient$1@413c1720
06-15 00:54:55.957  9783  9783 I PhoneLab-StatusMonitorBattery: Battery_level: 52
06-15 00:54:55.964  9783  9783 I PhoneLab-Locks: wake lock released
06-15 00:54:55.968  9783  9783 I PhoneLab-StatusMonitorSignal: Signal_Strength: -86 asu: 14
06-15 00:54:55.968  9783  9783 I PhoneLab-Locks: wake lock released
06-15 00:54:57.238  9783  9783 I PhoneLab-StatusMonitorLocation: Location_Latitude: 42.9543665 Longitude: -78.8267594 Accuracy: 33.0
06-15 00:54:57.238   275   670 D androidNetworkLocationListeners: Still have listener com.google.android.location.internal.client.NetworkLocationClient$1@413c1720
06-15 00:54:57.238  9783  9783 I PhoneLab-Locks: wake lock released
06-15 00:55:19.421   141   152 D AlarmManagerService: Kernel timezone updated to 240 minutes west of GMT
06-15 00:55:19.425   356   356 D SystemClock: Setting time of day to sec=1339736120
06-15 00:55:20.125   141   382 I ActivityManager: Start proc com.android.deskclock for broadcast com.android.deskclock/.AlarmInitReceiver: pid=12001 uid=10011 gids={}
06-15 00:55:20.242 12001 12001 I ActivityThread: Pub com.android.deskclock: com.android.deskclock.AlarmProvider
06-15 00:55:20.336 12001 12015 V AlarmClock: AlarmInitReceiver finished
06-15 00:55:20.512   141  6180 I ActivityManager: No longer want com.google.android.googlequicksearchbox (pid 9648): hidden #16
06-15 00:55:20.531   275   277 D dalvikvm: GC_CONCURRENT freed 501K, 8% free 10856K/11719K, paused 4ms+11ms
06-15 00:55:25.250 11122 11124 D dalvikvm: GC_CONCURRENT freed 319K, 5% free 9155K/9607K, paused 11ms+7ms
06-15 00:55:27.257   141   141 D AlarmManagerService: Kernel timezone updated to 240 minutes west of GMT
06-15 00:58:42.187   275   818 I EventLogService: Aggregate from 1339734522054 (log), 1339734522054 (data)
06-15 01:01:27.226   141   382 D AlarmManagerService: Kernel timezone updated to 240 minutes west of GMT
06-15 01:02:27.972  9783  9796 I PhoneLab-: Service Running
06-15 01:02:28.062  9783  9796 I PhoneLab-LoggerService: app_38    1039  1     1432   1032  c00f181c 400107b4 S logcat
06-15 01:02:28.062  9783  9796 I PhoneLab-LoggerService: Logcat pid from database 1039
06-15 01:02:28.062  9783  9796 I PhoneLab-LoggerService: Logcat process found 1039
06-15 01:02:28.062  9783  9796 I PhoneLab-LoggerService: Checking Threshold
06-15 01:02:28.062  9783  9796 I PhoneLab-: Service Running
06-15 01:02:28.090  9783  9796 I PhoneLab-LoggerService: app_38    1039  1     1432   1032  c00f181c 400107b4 S logcat
06-15 01:02:28.090  9783  9796 I PhoneLab-LoggerService: Logcat pid from database 1039
06-15 01:02:28.090  9783  9796 I PhoneLab-LoggerService: Logcat process found 1039
06-15 01:02:28.090  9783  9796 I PhoneLab-LoggerService: Checking Threshold
06-15 01:02:28.090  9783  9796 I PhoneLab-: Service Running
06-15 01:02:28.117  9783  9796 I PhoneLab-LoggerService: app_38    1039  1     1432   1032  c00f181c 400107b4 S logcat
06-15 01:02:28.117  9783  9796 I PhoneLab-LoggerService: Logcat pid from database 1039
06-15 01:02:28.117  9783  9796 I PhoneLab-LoggerService: Logcat process found 1039
06-15 01:02:28.117  9783  9796 I PhoneLab-LoggerService: Checking Threshold
06-15 01:02:28.117  9783  9796 I PhoneLab-: Service Running
06-15 01:02:28.144  9783  9796 I PhoneLab-LoggerService: app_38    1039  1     1432   1032  c00f181c 400107b4 S logcat
06-15 01:02:28.144  9783  9796 I PhoneLab-LoggerService: Logcat pid from database 1039
06-15 01:02:28.144  9783  9796 I PhoneLab-LoggerService: Logcat process found 1039
06-15 01:02:28.144  9783  9796 I PhoneLab-LoggerService: Checking Threshold
06-15 01:02:28.144  9783  9796 I PhoneLab-: Service Running
06-15 01:02:28.172  9783  9796 I PhoneLab-LoggerService: app_38    1039  1     1432   1032  c00f181c 400107b4 S logcat
06-15 01:02:28.172  9783  9796 I PhoneLab-LoggerService: Logcat pid from database 1039
06-15 01:02:28.172  9783  9796 I PhoneLab-LoggerService: Logcat process found 1039
06-15 01:02:28.172  9783  9796 I PhoneLab-LoggerService: Checking Threshold
06-15 01:02:28.172  9783  9796 I PhoneLab-: Service Running
06-15 01:02:28.199  9783  9796 I PhoneLab-LoggerService: app_38    1039  1     1432   1032  c00f181c 400107b4 S logcat
06-15 01:02:28.199  9783  9796 I PhoneLab-LoggerService: Logcat pid from database 1039
06-15 01:02:28.199  9783  9796 I PhoneLab-LoggerService: Logcat process found 1039
06-15 01:02:28.199  9783  9796 I PhoneLab-LoggerService: Checking Threshold
06-15 01:02:28.203  9783  9796 I PhoneLab-: Service Running
06-15 01:02:28.226  9783  9796 I PhoneLab-LoggerService: app_38    1039  1     1432   1032  c00f181c 400107b4 S logcat
06-15 01:02:28.226  9783  9796 I PhoneLab-LoggerService: Logcat pid from database 1039
06-15 01:02:28.230  9783  9796 I PhoneLab-LoggerService: Logcat process found 1039
06-15 01:02:28.230  9783  9796 I PhoneLab-LoggerService: Checking Threshold
06-15 01:02:28.230  9783  9796 I PhoneLab-: Service Running
06-15 01:02:28.269  9783  9785 D dalvikvm: GC_CONCURRENT freed 544K, 14% free 9219K/10695K, paused 2ms+1ms
06-15 01:02:28.281  9783  9796 I PhoneLab-LoggerService: app_38    1039  1     1432   1032  c00f181c 400107b4 S logcat
06-15 01:02:28.281  9783  9796 I PhoneLab-LoggerService: Logcat pid from database 1039
06-15 01:02:28.281  9783  9796 I PhoneLab-LoggerService: Logcat process found 1039
06-15 01:02:28.281  9783  9796 I PhoneLab-LoggerService: Checking Threshold
06-15 01:02:28.281  9783  9796 I PhoneLab-: Service Running
06-15 01:02:28.308  9783  9796 I PhoneLab-LoggerService: app_38    1039  1     1432   1032  c00f181c 400107b4 S logcat
06-15 01:02:28.308  9783  9796 I PhoneLab-LoggerService: Logcat pid from database 1039
06-15 01:02:28.308  9783  9796 I PhoneLab-LoggerService: Logcat process found 1039
06-15 01:02:28.308  9783  9796 I PhoneLab-LoggerService: Checking Threshold
06-15 01:02:31.156  9803 12031 I Gmail   : MainSyncRequestProto: lowestBkwdConvoId: 0, highestHandledServerOp: 999102, normalSync: true
06-15 01:02:31.605  9803  9806 D dalvikvm: GC_CONCURRENT freed 340K, 12% free 9771K/11079K, paused 2ms+2ms
06-15 01:02:31.961   141   143 D dalvikvm: GC_CONCURRENT freed 1493K, 14% free 15748K/18183K, paused 2ms+7ms
06-15 01:02:32.527  9803 12031 D dalvikvm: GC_EXPLICIT freed 360K, 13% free 9743K/11079K, paused 2ms+2ms
06-15 01:02:32.535  9803 12031 I Gmail   : MainSyncRequestProto: lowestBkwdConvoId: 0, highestHandledServerOp: 999136, normalSync: true
06-15 01:02:34.785  9803  9806 D dalvikvm: GC_CONCURRENT freed 382K, 11% free 9871K/11079K, paused 2ms+3ms
06-15 01:02:34.832  9803  9806 D dalvikvm: GC_CONCURRENT freed 429K, 11% free 9945K/11079K, paused 2ms+2ms
06-15 01:02:34.871  9803  9806 D dalvikvm: GC_CONCURRENT freed 343K, 9% free 10105K/11079K, paused 2ms+2ms
06-15 01:02:34.906  9803  9806 D dalvikvm: GC_CONCURRENT freed 522K, 10% free 10075K/11079K, paused 2ms+3ms
06-15 01:02:34.941  9803  9806 D dalvikvm: GC_CONCURRENT freed 452K, 9% free 10108K/11079K, paused 2ms+2ms
06-15 01:02:34.976  9803  9806 D dalvikvm: GC_CONCURRENT freed 385K, 8% free 10196K/11079K, paused 2ms+3ms
06-15 01:02:35.007  9803 12031 D dalvikvm: GC_FOR_ALLOC freed 284K, 8% free 10265K/11079K, paused 18ms
06-15 01:02:35.023  9803 12031 D dalvikvm: GC_FOR_ALLOC freed 291K, 9% free 10119K/11079K, paused 16ms
06-15 01:02:35.062  9803 12031 D dalvikvm: GC_FOR_ALLOC freed 419K, 10% free 10077K/11079K, paused 16ms
06-15 01:02:35.121  9803  9806 D dalvikvm: GC_CONCURRENT freed 176K, 7% free 10305K/11079K, paused 1ms+2ms
06-15 01:02:35.261  9803  9806 D dalvikvm: GC_CONCURRENT freed 560K, 9% free 10132K/11079K, paused 2ms+2ms
06-15 01:02:35.531  9803 12031 D dalvikvm: GC_EXPLICIT freed 367K, 10% free 9998K/11079K, paused 8ms+3ms
06-15 01:02:35.535  9803 12031 I Gmail   : MainSyncRequestProto: lowestBkwdConvoId: 0, highestHandledServerOp: 999137, normalSync: true
06-15 01:02:35.546  9803 12031 W Gmail   : Scheduling index for 300000 ms from now
06-15 01:02:35.566  9803 12031 I Gmail   : Sending notification intent: Intent { act=android.intent.action.PROVIDER_CHANGED dat=content://gmail-ls/unread/^i (has extras) }
06-15 01:02:35.609  9803 12031 I Gmail   : Sending notification intent: Intent { act=android.intent.action.PROVIDER_CHANGED dat=content://gmail-ls/unread/^iim (has extras) }
06-15 01:02:35.617  9803 12036 W Gmail   : Showing notification with unreadCount of 1 and unseenCount of 1
06-15 01:02:35.769  9803 12039 I Gmail   : MainSyncRequestProto: lowestBkwdConvoId: 0, highestHandledServerOp: 999137, normalSync: true
06-15 01:02:35.941   212   214 D dalvikvm: GC_CONCURRENT freed 310K, 28% free 10561K/14535K, paused 6ms+5ms
06-15 01:02:35.953   141 12038 I AudioService:  AudioFocus  requestAudioFocus() from android.media.AudioManager@41569580
06-15 01:02:35.984    82   122 D AudioHardware: AudioHardware pcm playback is exiting standby.
06-15 01:02:35.984    82   122 D AudioHardware: openPcmOut_l() mPcmOpenCnt: 0
06-15 01:02:36.203   212   214 D dalvikvm: GC_CONCURRENT freed 320K, 27% free 10687K/14535K, paused 2ms+3ms
06-15 01:02:36.277  9831 12045 I DownloadManager: Initiating request for download 746
06-15 01:02:36.410   212   214 D dalvikvm: GC_CONCURRENT freed 475K, 27% free 10690K/14535K, paused 1ms+3ms
06-15 01:02:36.511  9803 12039 D dalvikvm: GC_EXPLICIT freed 525K, 12% free 9790K/11079K, paused 3ms+7ms
06-15 01:02:36.519  9803 12039 I Gmail   : MainSyncRequestProto: lowestBkwdConvoId: 0, highestHandledServerOp: 999137, normalSync: true
06-15 01:02:36.535  9803 12039 W Gmail   : Scheduling index for 300000 ms from now
06-15 01:02:37.875   141 12038 I AudioService:  AudioFocus  abandonAudioFocus() from android.media.AudioManager@41569580
06-15 01:02:37.906   141   558 D dalvikvm: GC_EXPLICIT freed 383K, 14% free 15642K/18183K, paused 6ms+7ms
06-15 01:02:38.007  9831  9833 D dalvikvm: GC_CONCURRENT freed 385K, 7% free 9428K/10055K, paused 2ms+5ms
06-15 01:02:38.125  9831 12051 I DownloadManager: deleting /data/data/com.android.providers.downloads/cache/downloadfile.jpeg
06-15 01:02:38.312  9831 12053 I DownloadManager: Initiating request for download 747
06-15 01:02:39.386  9831  9833 D dalvikvm: GC_CONCURRENT freed 420K, 7% free 9393K/10055K, paused 2ms+6ms
06-15 01:02:40.441  9831 12058 I DownloadManager: deleting /data/data/com.android.providers.downloads/cache/downloadfile.jpeg
06-15 01:02:40.457  9831 12059 I DownloadManager: Initiating request for download 748
06-15 01:02:40.961    82   122 D AudioHardware: AudioHardware pcm playback is going to standby.
06-15 01:02:40.961    82   122 D AudioHardware: closePcmOut_l() mPcmOpenCnt: 1
06-15 01:02:45.183  9831  9833 D dalvikvm: GC_CONCURRENT freed 382K, 7% free 9399K/10055K, paused 7ms+10ms
06-15 01:02:45.269  9831 12065 I DownloadManager: deleting /data/data/com.android.providers.downloads/cache/downloadfile.jpeg
06-15 01:02:45.277  9831 12066 I DownloadManager: Initiating request for download 749
06-15 01:02:46.652  9831 12066 D dalvikvm: GC_EXPLICIT freed 269K, 7% free 9405K/10055K, paused 16ms+3ms
06-15 01:02:46.886  6424  6437 D dalvikvm: GC_EXPLICIT freed 213K, 7% free 9442K/10055K, paused 3ms+5ms
06-15 01:02:46.972  9831 12072 I DownloadManager: deleting /data/data/com.android.providers.downloads/cache/downloadfile.jpeg
06-15 01:02:47.093  9831 12074 I DownloadManager: Initiating request for download 750
06-15 01:02:47.789  9831  9833 D dalvikvm: GC_CONCURRENT freed 317K, 6% free 9476K/10055K, paused 1ms+5ms
06-15 01:02:47.953  9803  9806 D dalvikvm: GC_CONCURRENT freed 361K, 12% free 9814K/11079K, paused 3ms+6ms
06-15 01:02:48.058  9831 12079 I DownloadManager: deleting /data/data/com.android.providers.downloads/cache/downloadfile.jpeg
06-15 01:02:48.066  9831 12080 I DownloadManager: Initiating request for download 751
06-15 01:02:50.113   141   336 D dalvikvm: GC_EXPLICIT freed 325K, 14% free 15672K/18183K, paused 4ms+7ms
06-15 01:02:50.175  9831  9833 D dalvikvm: GC_CONCURRENT freed 446K, 6% free 9475K/10055K, paused 2ms+3ms
06-15 01:02:50.238  9831 12087 I DownloadManager: deleting /data/data/com.android.providers.downloads/cache/downloadfile.jpeg
06-15 01:02:50.355  9831 12089 I DownloadManager: Initiating request for download 752
06-15 01:02:52.863   356   356 D SAN_SERVICE: *******************************************
06-15 01:02:52.863   356   356 D SAN_SERVICE: DM App Phone Service State - 0
06-15 01:02:52.863   356   356 D SAN_SERVICE: *******************************************
06-15 01:02:53.011  9831 12094 I DownloadManager: deleting /data/data/com.android.providers.downloads/cache/downloadfile.jpeg
06-15 01:02:53.211  9831 12096 I DownloadManager: Initiating request for download 753
06-15 01:02:53.246  9831  9833 D dalvikvm: GC_CONCURRENT freed 514K, 7% free 9415K/10055K, paused 2ms+3ms
06-15 01:02:54.843  9831 12101 I DownloadManager: deleting /data/data/com.android.providers.downloads/cache/downloadfile.jpeg
06-15 01:04:56.125  9831 12104 I DownloadManager: Initiating request for download 754
06-15 01:04:56.570  9783  9783 I PhoneLab-Locks: wake lock acquired
06-15 01:04:56.601  9783  9783 I PhoneLab-StatusMonitor: Status Monitoring is started
06-15 01:04:56.660  9783  9785 D dalvikvm: GC_CONCURRENT freed 433K, 14% free 9286K/10695K, paused 1ms+2ms
06-15 01:04:56.668  9783  9783 I PhoneLab-StatusMonitor: Value: 10 - unit: min
06-15 01:04:56.668  9783  9783 I PhoneLab-StatusMonitor: Running interval: 600000
06-15 01:04:56.679  9783  9783 I PhoneLab-StatusMonitor: Rescheduling status monitoring...
06-15 01:04:56.679  9783  9783 I PhoneLab-Locks: wake lock released
06-15 01:04:56.683  9783  9783 I PhoneLab-StatusMonitorLocation: Learning Location
06-15 01:04:56.683  9783  9783 I PhoneLab-Locks: wake lock acquired
06-15 01:04:56.687  9783  9783 I PhoneLab-Locks: wake lock acquired
06-15 01:04:56.691   275   670 D androidNetworkLocationListeners: Still have listener com.google.android.location.internal.client.NetworkLocationClient$1@413c1720
06-15 01:04:56.691  9783  9783 I PhoneLab-StatusMonitorLocation: Learning Signal Strgth
06-15 01:04:56.695  9783  9783 I PhoneLab-Locks: wake lock acquired
06-15 01:04:56.703   275   670 D androidNetworkLocationListeners: Still have listener com.google.android.location.internal.client.NetworkLocationClient$1@413c1720
06-15 01:04:56.703  9783  9783 I PhoneLab-StatusMonitorBattery: Battery_level: 51
06-15 01:04:56.707  9783  9783 I PhoneLab-Locks: wake lock released
06-15 01:04:56.711  9783  9783 I PhoneLab-StatusMonitorSignal: Signal_Strength: -86 asu: 14
06-15 01:04:56.711  9783  9783 I PhoneLab-Locks: wake lock released
06-15 01:04:57.976  9783  9783 I PhoneLab-StatusMonitorLocation: Location_Latitude: 42.9543663 Longitude: -78.8267656 Accuracy: 37.0
06-15 01:04:57.980   275   670 D androidNetworkLocationListeners: Still have listener com.google.android.location.internal.client.NetworkLocationClient$1@413c1720
06-15 01:04:57.980  9783  9783 I PhoneLab-Locks: wake lock released
06-15 01:04:58.644  9831  9833 D dalvikvm: GC_CONCURRENT freed 390K, 7% free 9412K/10055K, paused 12ms+3ms
06-15 01:04:59.296   275   277 D dalvikvm: GC_CONCURRENT freed 599K, 8% free 10860K/11719K, paused 2ms+4ms
06-15 01:04:59.562  9831 12112 I DownloadManager: deleting /data/data/com.android.providers.downloads/cache/downloadfile.jpeg
06-15 01:04:59.593  9831 12113 I DownloadManager: Initiating request for download 755
06-15 01:04:59.828  9831  9833 D dalvikvm: GC_CONCURRENT freed 377K, 7% free 9429K/10055K, paused 7ms+3ms
06-15 01:05:00.605  9831 12120 I DownloadManager: deleting /data/data/com.android.providers.downloads/cache/downloadfile.jpeg
06-15 01:05:00.750  9831 12122 I DownloadManager: Initiating request for download 756
06-15 01:05:00.824   356   356 D SAN_SERVICE: *******************************************
06-15 01:05:00.824   356   356 D SAN_SERVICE: DM App Phone Service State - 0
06-15 01:05:00.824   356   356 D SAN_SERVICE: *******************************************
06-15 01:05:01.011  9831  9833 D dalvikvm: GC_CONCURRENT freed 387K, 7% free 9450K/10055K, paused 2ms+3ms
06-15 01:05:01.070   356   356 D SAN_SERVICE: *******************************************
06-15 01:05:01.070   356   356 D SAN_SERVICE: DM App Phone Service State - 0
06-15 01:05:01.070   356   356 D SAN_SERVICE: *******************************************
06-15 01:05:02.507   141   382 D dalvikvm: GC_EXPLICIT freed 545K, 14% free 15658K/18183K, paused 3ms+7ms
06-15 01:05:02.714  9831 12127 I DownloadManager: deleting /data/data/com.android.providers.downloads/cache/downloadfile.jpeg
06-15 01:05:57.054  9831 12129 I DownloadManager: Initiating request for download 757
06-15 01:05:57.308  9831  9833 D dalvikvm: GC_CONCURRENT freed 392K, 6% free 9463K/10055K, paused 2ms+3ms
06-15 01:05:58.164  9803  9806 D dalvikvm: GC_CONCURRENT freed 386K, 12% free 9826K/11079K, paused 2ms+4ms
06-15 01:05:58.379  9710  9713 D dalvikvm: GC_CONCURRENT freed 426K, 15% free 10817K/12679K, paused 8ms+20ms
06-15 01:05:58.398  9831 12138 I DownloadManager: deleting /data/data/com.android.providers.downloads/cache/downloadfile.jpeg
06-15 01:05:58.410  9831 12139 I DownloadManager: Initiating request for download 758
06-15 01:05:58.711  9831  9833 D dalvikvm: GC_CONCURRENT freed 446K, 7% free 9428K/10055K, paused 3ms+9ms
06-15 01:05:58.961  9710  9713 D dalvikvm: GC_CONCURRENT freed 441K, 15% free 10846K/12679K, paused 2ms+3ms
06-15 01:05:59.480  9831 12146 I DownloadManager: Initiating request for download 759
06-15 01:05:59.504  9831 12145 D dalvikvm: GC_EXPLICIT freed 235K, 7% free 9398K/10055K, paused 2ms+4ms
06-15 01:05:59.511  9831 12145 I DownloadManager: deleting /data/data/com.android.providers.downloads/cache/downloadfile.jpeg
06-15 01:06:00.386  9831 12152 I DownloadManager: deleting /data/data/com.android.providers.downloads/cache/downloadfile.jpeg
06-15 01:06:00.590  9831 12154 I DownloadManager: Initiating request for download 760
06-15 01:06:00.597  9831  9833 D dalvikvm: GC_CONCURRENT freed 361K, 7% free 9429K/10055K, paused 2ms+3ms
06-15 01:06:02.785  9831 12160 I DownloadManager: deleting /data/data/com.android.providers.downloads/cache/downloadfile.jpeg
06-15 01:06:02.800  9831 12161 I DownloadManager: Initiating request for download 761
06-15 01:06:02.968   141   336 D dalvikvm: GC_EXPLICIT freed 385K, 14% free 15647K/18183K, paused 11ms+7ms
06-15 01:06:03.109  9831  9833 D dalvikvm: GC_CONCURRENT freed 378K, 7% free 9441K/10055K, paused 1ms+3ms
06-15 01:06:03.800  9831 12168 I DownloadManager: deleting /data/data/com.android.providers.downloads/cache/downloadfile.jpeg
06-15 01:06:03.961  9831 12170 I DownloadManager: Initiating request for download 762
06-15 01:06:04.297  9831  9833 D dalvikvm: GC_CONCURRENT freed 416K, 7% free 9414K/10055K, paused 22ms+3ms
06-15 01:06:05.953  9831 12175 I DownloadManager: deleting /data/data/com.android.providers.downloads/cache/downloadfile.jpeg
06-15 01:06:06.117  9831 12177 I DownloadManager: Initiating request for download 763
06-15 01:06:06.429  9831  9833 D dalvikvm: GC_CONCURRENT freed 375K, 7% free 9428K/10055K, paused 12ms+3ms
06-15 01:06:07.429   356   356 D SAN_SERVICE: *******************************************
06-15 01:06:07.429   356   356 D SAN_SERVICE: DM App Phone Service State - 0
06-15 01:06:07.429   356   356 D SAN_SERVICE: *******************************************
06-15 01:06:07.859  9803  9806 D dalvikvm: GC_CONCURRENT freed 400K, 12% free 9819K/11079K, paused 2ms+3ms
06-15 01:06:07.976  9831 12182 I DownloadManager: deleting /data/data/com.android.providers.downloads/cache/downloadfile.jpeg
06-15 01:06:08.148   356   356 D SAN_SERVICE: *******************************************
06-15 01:06:08.148   356   356 D SAN_SERVICE: DM App Phone Service State - 0
06-15 01:06:08.148   356   356 D SAN_SERVICE: *******************************************
06-15 01:06:08.203  9831 12184 I DownloadManager: Initiating request for download 764
06-15 01:06:08.418  9831  9833 D dalvikvm: GC_CONCURRENT freed 392K, 7% free 9444K/10055K, paused 1ms+3ms
06-15 01:06:09.105  9831 12190 I DownloadManager: deleting /data/data/com.android.providers.downloads/cache/downloadfile.jpeg
06-15 01:06:09.285  9831 12192 I DownloadManager: Initiating request for download 765
06-15 01:06:09.527  9831  9833 D dalvikvm: GC_CONCURRENT freed 385K, 6% free 9459K/10055K, paused 1ms+2ms
06-15 01:06:11.168  9831 12198 I DownloadManager: deleting /data/data/com.android.providers.downloads/cache/downloadfile.jpeg
06-15 01:06:11.340  9831 12200 I DownloadManager: Initiating request for download 766
06-15 01:06:11.644  9831  9833 D dalvikvm: GC_CONCURRENT freed 423K, 6% free 9460K/10055K, paused 2ms+4ms
06-15 01:06:12.929   141   336 D dalvikvm: GC_EXPLICIT freed 336K, 14% free 15652K/18183K, paused 16ms+8ms
06-15 01:06:13.988   356   356 D SAN_SERVICE: *******************************************
06-15 01:06:13.988   356   356 D SAN_SERVICE: DM App Phone Service State - 0
06-15 01:06:13.988   356   356 D SAN_SERVICE: *******************************************
06-15 01:06:14.687  9831 12205 I DownloadManager: deleting /data/data/com.android.providers.downloads/cache/downloadfile.jpeg
06-15 01:06:14.808  9831 12207 I DownloadManager: Initiating request for download 767
06-15 01:06:15.144  9831  9833 D dalvikvm: GC_CONCURRENT freed 394K, 6% free 9482K/10055K, paused 2ms+3ms
06-15 01:06:15.691  9831 12212 I DownloadManager: deleting /data/data/com.android.providers.downloads/cache/downloadfile.jpeg
06-15 01:06:15.828  9831 12214 I DownloadManager: Initiating request for download 768
06-15 01:06:16.539  9831  9833 D dalvikvm: GC_CONCURRENT freed 485K, 7% free 9441K/10055K, paused 4ms+16ms
06-15 01:06:16.590  9831  9850 D dalvikvm: GC_EXPLICIT freed 113K, 8% free 9342K/10055K, paused 2ms+3ms
06-15 01:06:16.773  9831 12218 I DownloadManager: deleting /data/data/com.android.providers.downloads/cache/downloadfile.jpeg
06-15 01:06:16.933  9831 12220 I DownloadManager: Initiating request for download 769
06-15 01:06:17.828  9831  9833 D dalvikvm: GC_CONCURRENT freed 311K, 7% free 9422K/10055K, paused 4ms+6ms
06-15 01:06:17.875  9831 12225 I DownloadManager: deleting /data/data/com.android.providers.downloads/cache/downloadfile.jpeg
06-15 01:06:18.152  9803  9806 D dalvikvm: GC_CONCURRENT freed 385K, 12% free 9818K/11079K, paused 2ms+3ms
06-15 01:06:18.175  9831 12227 I DownloadManager: Initiating request for download 770
06-15 01:06:19.672  9803  9814 D dalvikvm: GC_EXPLICIT freed 76K, 13% free 9745K/11079K, paused 6ms+6ms
06-15 01:06:19.812  9831  9833 D dalvikvm: GC_CONCURRENT freed 384K, 7% free 9434K/10055K, paused 2ms+3ms
06-15 01:06:19.882  9831 12232 I DownloadManager: deleting /data/data/com.android.providers.downloads/cache/downloadfile.jpeg
06-15 01:06:20.074  9831 12234 I DownloadManager: Initiating request for download 771
06-15 01:06:20.777  9783  9796 I PhoneLab-: Service Running
06-15 01:06:20.828  9783  9796 I PhoneLab-LoggerService: app_38    1039  1     1432   1032  c00f181c 400107b4 S logcat
06-15 01:06:20.828  9783  9796 I PhoneLab-LoggerService: Logcat pid from database 1039
06-15 01:06:20.828  9783  9796 I PhoneLab-LoggerService: Logcat process found 1039
06-15 01:06:20.832  9783  9796 I PhoneLab-LoggerService: Checking Threshold
06-15 01:06:20.832  9783  9796 I PhoneLab-: Service Running
06-15 01:06:20.879  9783  9796 I PhoneLab-LoggerService: app_38    1039  1     1432   1032  c00f181c 400107b4 S logcat
06-15 01:06:20.879  9783  9796 I PhoneLab-LoggerService: Logcat pid from database 1039
06-15 01:06:20.879  9783  9796 I PhoneLab-LoggerService: Logcat process found 1039
06-15 01:06:20.879  9783  9796 I PhoneLab-LoggerService: Checking Threshold
06-15 01:06:20.996   141  6180 D dalvikvm: GC_EXPLICIT freed 333K, 14% free 15661K/18183K, paused 2ms+7ms
06-15 01:06:21.203  9831  9833 D dalvikvm: GC_CONCURRENT freed 386K, 7% free 9448K/10055K, paused 2ms+3ms
06-15 01:06:21.230  9831 12242 I DownloadManager: deleting /data/data/com.android.providers.downloads/cache/downloadfile.jpeg
06-15 01:06:21.398  9831 12244 I DownloadManager: Initiating request for download 772
06-15 01:06:22.457  9831  9833 D dalvikvm: GC_CONCURRENT freed 429K, 7% free 9407K/10055K, paused 1ms+4ms
06-15 01:06:22.492   356   356 D SAN_SERVICE: *******************************************
06-15 01:06:22.492   356   356 D SAN_SERVICE: DM App Phone Service State - 0
06-15 01:06:22.492   356   356 D SAN_SERVICE: *******************************************
06-15 01:06:22.527  9831 12250 I DownloadManager: deleting /data/data/com.android.providers.downloads/cache/downloadfile.jpeg
06-15 01:06:22.640  9831 12252 I DownloadManager: Initiating request for download 773
06-15 01:06:22.773   356   356 D SAN_SERVICE: *******************************************
06-15 01:06:22.773   356   356 D SAN_SERVICE: DM App Phone Service State - 0
06-15 01:06:22.773   356   356 D SAN_SERVICE: *******************************************
06-15 01:06:23.519   356   356 D SAN_SERVICE: *******************************************
06-15 01:06:23.519   356   356 D SAN_SERVICE: DM App Phone Service State - 0
06-15 01:06:23.519   356   356 D SAN_SERVICE: *******************************************
06-15 01:06:23.715  9831  9833 D dalvikvm: GC_CONCURRENT freed 380K, 7% free 9415K/10055K, paused 8ms+3ms
06-15 01:06:23.843  9831 12259 I DownloadManager: deleting /data/data/com.android.providers.downloads/cache/downloadfile.jpeg
06-15 01:06:23.859  9831 12260 I DownloadManager: Initiating request for download 774
06-15 01:06:24.828  9831  9833 D dalvikvm: GC_CONCURRENT freed 389K, 7% free 9429K/10055K, paused 1ms+3ms
06-15 01:06:24.843  9831 12267 I DownloadManager: deleting /data/data/com.android.providers.downloads/cache/downloadfile.jpeg
06-15 01:06:25.035  9831 12269 I DownloadManager: Initiating request for download 775
06-15 01:06:26.879  9831  9833 D dalvikvm: GC_CONCURRENT freed 383K, 7% free 9441K/10055K, paused 1ms+3ms
06-15 01:06:26.925  9831 12275 I DownloadManager: deleting /data/data/com.android.providers.downloads/cache/downloadfile.jpeg
06-15 01:06:26.937  9831 12276 I DownloadManager: Initiating request for download 776
06-15 01:06:29.207   141  6179 D dalvikvm: GC_EXPLICIT freed 343K, 14% free 15670K/18183K, paused 3ms+11ms
06-15 01:06:29.343  9803  9806 D dalvikvm: GC_CONCURRENT freed 328K, 12% free 9822K/11079K, paused 5ms+4ms
06-15 01:06:29.496  9831  9833 D dalvikvm: GC_CONCURRENT freed 383K, 7% free 9446K/10055K, paused 2ms+4ms
06-15 01:06:29.507  9831 12282 I DownloadManager: deleting /data/data/com.android.providers.downloads/cache/downloadfile.jpeg
06-15 01:06:29.679  9831 12284 I DownloadManager: Initiating request for download 777
06-15 01:06:30.730  9831  9833 D dalvikvm: GC_CONCURRENT freed 421K, 7% free 9409K/10055K, paused 1ms+3ms
06-15 01:06:30.804  9831 12290 D dalvikvm: GC_EXPLICIT freed 89K, 8% free 9331K/10055K, paused 3ms+4ms
06-15 01:06:30.808  9831 12290 I DownloadManager: deleting /data/data/com.android.providers.downloads/cache/downloadfile.jpeg
06-15 01:06:30.988  9831 12292 I DownloadManager: Initiating request for download 778
06-15 01:06:32.761   356   356 D SAN_SERVICE: *******************************************
06-15 01:06:32.761   356   356 D SAN_SERVICE: DM App Phone Service State - 0
06-15 01:06:32.761   356   356 D SAN_SERVICE: *******************************************
06-15 01:06:32.867  9831  9833 D dalvikvm: GC_CONCURRENT freed 297K, 7% free 9427K/10055K, paused 2ms+3ms
06-15 01:06:32.871  9831 12299 I DownloadManager: deleting /data/data/com.android.providers.downloads/cache/downloadfile.jpeg
06-15 01:06:33.011   356   356 D SAN_SERVICE: *******************************************
06-15 01:06:33.011   356   356 D SAN_SERVICE: DM App Phone Service State - 0
06-15 01:06:33.011   356   356 D SAN_SERVICE: *******************************************
06-15 01:06:33.121  9831 12301 I DownloadManager: Initiating request for download 779
06-15 01:06:33.797   356   356 D SAN_SERVICE: *******************************************
06-15 01:06:33.797   356   356 D SAN_SERVICE: DM App Phone Service State - 0
06-15 01:06:33.797   356   356 D SAN_SERVICE: *******************************************
06-15 01:06:34.195  9831  9833 D dalvikvm: GC_CONCURRENT freed 383K, 7% free 9431K/10055K, paused 2ms+4ms
06-15 01:06:34.265  9831 12308 I DownloadManager: deleting /data/data/com.android.providers.downloads/cache/downloadfile.jpeg
06-15 01:06:34.281  9831 12309 I DownloadManager: Initiating request for download 780
06-15 01:06:35.269  9831  9833 D dalvikvm: GC_CONCURRENT freed 389K, 7% free 9437K/10055K, paused 2ms+3ms
06-15 01:06:35.316  9831 12316 I DownloadManager: deleting /data/data/com.android.providers.downloads/cache/downloadfile.jpeg
06-15 01:06:35.324  9831 12317 I DownloadManager: Initiating request for download 781
06-15 01:06:35.453   141  6180 D dalvikvm: GC_EXPLICIT freed 330K, 14% free 15687K/18183K, paused 3ms+6ms
06-15 01:06:36.554  9831  9833 D dalvikvm: GC_CONCURRENT freed 377K, 7% free 9447K/10055K, paused 3ms+7ms
06-15 01:06:36.593  9831 12325 I DownloadManager: deleting /data/data/com.android.providers.downloads/cache/downloadfile.jpeg
06-15 01:06:36.605  9831 12326 I DownloadManager: Initiating request for download 782
06-15 01:06:38.984  9803  9806 D dalvikvm: GC_CONCURRENT freed 394K, 12% free 9818K/11079K, paused 2ms+3ms
06-15 01:06:39.047  9831 12333 I DownloadManager: deleting /data/data/com.android.providers.downloads/cache/downloadfile.jpeg
06-15 01:06:39.105  9831  9833 D dalvikvm: GC_CONCURRENT freed 418K, 7% free 9414K/10055K, paused 2ms+3ms
06-15 01:06:39.195  9831 12335 I DownloadManager: Initiating request for download 783
06-15 01:06:40.367  9831  9833 D dalvikvm: GC_CONCURRENT freed 381K, 7% free 9425K/10055K, paused 1ms+3ms
06-15 01:06:40.406  9831 12341 I DownloadManager: deleting /data/data/com.android.providers.downloads/cache/downloadfile.jpeg
06-15 01:06:40.414  9831 12342 I DownloadManager: Initiating request for download 784
06-15 01:06:41.492  9831  9833 D dalvikvm: GC_CONCURRENT freed 380K, 7% free 9429K/10055K, paused 3ms+3ms
06-15 01:06:41.515  9831 12349 I DownloadManager: deleting /data/data/com.android.providers.downloads/cache/downloadfile.jpeg
06-15 01:06:41.527  9831 12350 I DownloadManager: Initiating request for download 785
06-15 01:06:42.465  9831 12357 I DownloadManager: deleting /data/data/com.android.providers.downloads/cache/downloadfile.jpeg
06-15 01:06:42.504  9831  9833 D dalvikvm: GC_CONCURRENT freed 375K, 7% free 9440K/10055K, paused 2ms+4ms
06-15 01:14:56.289   141   141 D dalvikvm: GC_EXPLICIT freed 418K, 14% free 15696K/18183K, paused 3ms+8ms
06-15 01:14:56.300  9831 12360 I DownloadManager: Initiating request for download 786
06-15 01:14:56.336  9803  9806 D dalvikvm: GC_CONCURRENT freed 299K, 11% free 9917K/11079K, paused 2ms+3ms
06-15 01:14:56.449  9803  9806 D dalvikvm: GC_CONCURRENT freed 428K, 11% free 9881K/11079K, paused 5ms+7ms
06-15 01:14:56.671  9803  9806 D dalvikvm: GC_CONCURRENT freed 360K, 11% free 9912K/11079K, paused 1ms+2ms
06-15 01:14:56.683  9783  9783 I PhoneLab-Locks: wake lock acquired
06-15 01:14:56.687  9783  9783 I PhoneLab-StatusMonitor: Status Monitoring is started
06-15 01:14:56.734  9783  9785 D dalvikvm: GC_CONCURRENT freed 551K, 14% free 9246K/10695K, paused 2ms+3ms
06-15 01:14:56.753  9783  9783 I PhoneLab-StatusMonitor: Value: 10 - unit: min
06-15 01:14:56.753  9783  9783 I PhoneLab-StatusMonitor: Running interval: 600000
06-15 01:14:56.761  9783  9783 I PhoneLab-StatusMonitor: Rescheduling status monitoring...
06-15 01:14:56.761  9783  9783 I PhoneLab-Locks: wake lock released
06-15 01:14:56.765  9783  9783 I PhoneLab-StatusMonitorLocation: Learning Location
06-15 01:14:56.765  9783  9783 I PhoneLab-Locks: wake lock acquired
06-15 01:14:56.769  9783  9783 I PhoneLab-Locks: wake lock acquired
06-15 01:14:56.773  9783  9783 I PhoneLab-StatusMonitorLocation: Learning Signal Strgth
06-15 01:14:56.773  9783  9783 I PhoneLab-Locks: wake lock acquired
06-15 01:14:56.777   275   670 D androidNetworkLocationListeners: Still have listener com.google.android.location.internal.client.NetworkLocationClient$1@413c1720
06-15 01:14:56.785   275   670 D androidNetworkLocationListeners: Still have listener com.google.android.location.internal.client.NetworkLocationClient$1@413c1720
06-15 01:14:56.785  9783  9783 I PhoneLab-StatusMonitorBattery: Battery_level: 51
06-15 01:14:56.789  9783  9783 I PhoneLab-Locks: wake lock released
06-15 01:14:56.793  9783  9783 I PhoneLab-StatusMonitorSignal: Signal_Strength: -86 asu: 14
06-15 01:14:56.793  9783  9783 I PhoneLab-Locks: wake lock released
06-15 01:14:57.011  9803  9806 D dalvikvm: GC_CONCURRENT freed 369K, 11% free 9950K/11079K, paused 4ms+2ms
06-15 01:14:57.238  9803  9806 D dalvikvm: GC_CONCURRENT freed 377K, 10% free 9990K/11079K, paused 2ms+2ms
06-15 01:14:57.351  9803 12359 W Gmail   : Successful index run, cancel next scheduled index run
06-15 01:14:58.089   275   670 D androidNetworkLocationListeners: Still have listener com.google.android.location.internal.client.NetworkLocationClient$1@413c1720
06-15 01:14:58.093  9783  9783 I PhoneLab-StatusMonitorLocation: Location_Latitude: 42.9543124 Longitude: -78.8267747 Accuracy: 36.0
06-15 01:14:58.093  9783  9783 I PhoneLab-Locks: wake lock released
06-15 01:14:58.738  9831 12371 I DownloadManager: deleting /data/data/com.android.providers.downloads/cache/downloadfile.jpeg
06-15 01:14:58.773  9831  9833 D dalvikvm: GC_CONCURRENT freed 370K, 6% free 9459K/10055K, paused 2ms+3ms
06-15 01:14:58.914  9831 12373 I DownloadManager: Initiating request for download 787
06-15 01:14:59.648   356   356 D SAN_SERVICE: *******************************************
06-15 01:14:59.648   356   356 D SAN_SERVICE: DM App Phone Service State - 0
06-15 01:14:59.648   356   356 D SAN_SERVICE: *******************************************
06-15 01:14:59.722  9831 12373 D dalvikvm: GC_EXPLICIT freed 319K, 7% free 9403K/10055K, paused 2ms+3ms
06-15 01:15:00.105  9831 12379 I DownloadManager: deleting /data/data/com.android.providers.downloads/cache/downloadfile.jpeg
06-15 01:15:00.277  9831 12381 I DownloadManager: Initiating request for download 788
06-15 01:15:00.371   356   356 D SAN_SERVICE: *******************************************
06-15 01:15:00.371   356   356 D SAN_SERVICE: DM App Phone Service State - 0
06-15 01:15:00.371   356   356 D SAN_SERVICE: *******************************************
06-15 01:15:01.308  9831  9833 D dalvikvm: GC_CONCURRENT freed 318K, 6% free 9471K/10055K, paused 12ms+2ms
06-15 01:15:52.047  9831 12387 I DownloadManager: deleting /data/data/com.android.providers.downloads/cache/downloadfile.jpeg
06-15 01:15:52.222  9831 12389 I DownloadManager: Initiating request for download 789
06-15 01:15:52.543  9831  9833 D dalvikvm: GC_CONCURRENT freed 381K, 6% free 9477K/10055K, paused 2ms+4ms
06-15 01:15:52.668   141   157 V BackupManagerService: Running a backup pass
06-15 01:15:52.679   141   211 V BackupManagerService: Backup requested but nothing pending
06-15 01:15:53.269  9831 12396 I DownloadManager: deleting /data/data/com.android.providers.downloads/cache/downloadfile.jpeg
06-15 01:15:53.300  9831 12397 I DownloadManager: Initiating request for download 790
06-15 01:15:54.160  9831  9833 D dalvikvm: GC_CONCURRENT freed 455K, 6% free 9471K/10055K, paused 7ms+3ms
06-15 01:15:54.285   141  5586 D dalvikvm: GC_EXPLICIT freed 403K, 14% free 15715K/18183K, paused 3ms+6ms
06-15 01:15:54.480  9831 12404 I DownloadManager: deleting /data/data/com.android.providers.downloads/cache/downloadfile.jpeg
06-15 01:15:54.488  9831 12405 I DownloadManager: Initiating request for download 791
06-15 01:15:57.097  9831  9833 D dalvikvm: GC_CONCURRENT freed 389K, 6% free 9466K/10055K, paused 14ms+4ms
06-15 01:15:57.179  9803  9806 D dalvikvm: GC_CONCURRENT freed 588K, 12% free 9813K/11079K, paused 5ms+4ms
06-15 01:15:57.257  9831 12413 I DownloadManager: deleting /data/data/com.android.providers.downloads/cache/downloadfile.jpeg
06-15 01:15:57.535  9831 12415 I DownloadManager: Initiating request for download 792
06-15 01:15:58.379  9831  9833 D dalvikvm: GC_CONCURRENT freed 451K, 7% free 9408K/10055K, paused 3ms+7ms
06-15 01:15:58.593  9831 12421 I DownloadManager: deleting /data/data/com.android.providers.downloads/cache/downloadfile.jpeg
06-15 01:15:58.761  9831 12423 I DownloadManager: Initiating request for download 793
06-15 01:15:59.476  9831  9833 D dalvikvm: GC_CONCURRENT freed 354K, 7% free 9447K/10055K, paused 1ms+3ms
06-15 01:15:59.640  6424  6427 D dalvikvm: GC_CONCURRENT freed 363K, 6% free 9465K/10055K, paused 2ms+3ms
06-15 01:15:59.711  9831 12429 I DownloadManager: deleting /data/data/com.android.providers.downloads/cache/downloadfile.jpeg
06-15 01:15:59.886  9831 12431 I DownloadManager: Initiating request for download 794
06-15 01:16:01.937  9831  9833 D dalvikvm: GC_CONCURRENT freed 383K, 6% free 9457K/10055K, paused 16ms+3ms
06-15 01:16:02.257  9831 12438 I DownloadManager: deleting /data/data/com.android.providers.downloads/cache/downloadfile.jpeg
06-15 01:16:02.269  9831 12439 I DownloadManager: Initiating request for download 795
06-15 01:16:03.824  9831  9833 D dalvikvm: GC_CONCURRENT freed 382K, 6% free 9461K/10055K, paused 7ms+3ms
06-15 01:16:03.941   141   336 D dalvikvm: JIT code cache reset in 4 ms (1048392 bytes 9/0)
06-15 01:16:03.957   141   336 D dalvikvm: GC_EXPLICIT freed 381K, 14% free 15706K/18183K, paused 4ms+13ms
06-15 01:16:04.054  9831 12446 I DownloadManager: deleting /data/data/com.android.providers.downloads/cache/downloadfile.jpeg
06-15 01:20:33.160   212   214 D dalvikvm: GC_CONCURRENT freed 368K, 26% free 10761K/14535K, paused 4ms+5ms
06-15 01:22:04.101  9783  9783 I PhoneLab-Locks: wake lock acquired
06-15 01:22:04.109  9783 12449 I PhoneLab-PeriodicCheckService: User info is synched
06-15 01:22:04.113  9783 12449 I PhoneLab-PeriodicCheckService: Logger Service is running
06-15 01:22:04.113  9783 12449 I PhoneLab-Locks: wake lock acquired
06-15 01:22:04.117  9783  9783 I PhoneLab-UploadLogs: Transfering log files now
06-15 01:22:04.117  9783  9783 I PhoneLab-UploadLogs: No log files to transfer
06-15 01:22:04.117  9783  9783 I PhoneLab-Locks: wake lock released
06-15 01:22:04.117  9783  9783 I PhoneLab-UploadLogs: OnStartCommand
06-15 01:22:04.117  9783 12449 I PhoneLab-PeriodicCheckService: Rescheduling periodic checking...
06-15 01:22:04.121  9783 12449 I PhoneLab-Locks: wake lock released
06-15 01:23:47.160   275   277 D dalvikvm: GC_CONCURRENT freed 508K, 8% free 10840K/11719K, paused 2ms+3ms
06-15 01:24:56.808  9783  9783 I PhoneLab-Locks: wake lock acquired
06-15 01:24:56.828  9783  9783 I PhoneLab-StatusMonitor: Status Monitoring is started
06-15 01:24:56.867  9783  9785 D dalvikvm: GC_CONCURRENT freed 520K, 14% free 9238K/10695K, paused 2ms+2ms
06-15 01:24:56.910  9783  9783 I PhoneLab-StatusMonitor: Value: 10 - unit: min
06-15 01:24:56.910  9783  9783 I PhoneLab-StatusMonitor: Running interval: 600000
06-15 01:24:56.918  9783  9783 I PhoneLab-StatusMonitor: Rescheduling status monitoring...
06-15 01:24:56.918  9783  9783 I PhoneLab-Locks: wake lock released
06-15 01:24:56.922  9783  9783 I PhoneLab-StatusMonitorLocation: Learning Location
06-15 01:24:56.922  9783  9783 I PhoneLab-Locks: wake lock acquired
06-15 01:24:56.925  9783  9783 I PhoneLab-Locks: wake lock acquired
06-15 01:24:56.925   275   670 D androidNetworkLocationListeners: Still have listener com.google.android.location.internal.client.NetworkLocationClient$1@413c1720
06-15 01:24:56.929  9783  9783 I PhoneLab-StatusMonitorLocation: Learning Signal Strgth
06-15 01:24:56.929  9783  9783 I PhoneLab-Locks: wake lock acquired
06-15 01:24:56.937   275   670 D androidNetworkLocationListeners: Still have listener com.google.android.location.internal.client.NetworkLocationClient$1@413c1720
06-15 01:24:56.941  9783  9783 I PhoneLab-StatusMonitorBattery: Battery_level: 51
06-15 01:24:56.941  9783  9783 I PhoneLab-Locks: wake lock released
06-15 01:24:56.945  9783  9783 I PhoneLab-StatusMonitorSignal: Signal_Strength: -86 asu: 14
06-15 01:24:56.945  9783  9783 I PhoneLab-Locks: wake lock released
06-15 01:24:58.207 10109 10115 I dalvikvm: Total arena pages for JIT: 11
06-15 01:24:58.207 10109 10115 I dalvikvm: Total arena pages for JIT: 12
06-15 01:24:58.211 10109 10115 I dalvikvm: Total arena pages for JIT: 13
06-15 01:24:58.211 10109 10115 I dalvikvm: Total arena pages for JIT: 14
06-15 01:24:58.211 10109 10115 I dalvikvm: Total arena pages for JIT: 15
06-15 01:24:58.214 10109 10115 I dalvikvm: Total arena pages for JIT: 16
06-15 01:24:58.214 10109 10115 I dalvikvm: Total arena pages for JIT: 17
06-15 01:24:58.269  9783  9783 I PhoneLab-StatusMonitorLocation: Location_Latitude: 42.954312 Longitude: -78.8267759 Accuracy: 36.0
06-15 01:24:58.269   275   670 D androidNetworkLocationListeners: Still have listener com.google.android.location.internal.client.NetworkLocationClient$1@413c1720
06-15 01:24:58.273  9783  9783 I PhoneLab-Locks: wake lock released
06-15 01:28:42.261   275   927 I EventLogService: Aggregate from 1339736322189 (log), 1339736322189 (data)
06-15 01:28:42.414   275   277 D dalvikvm: GC_CONCURRENT freed 479K, 8% free 10867K/11719K, paused 8ms+6ms
06-15 01:34:57.015  9783  9783 I PhoneLab-Locks: wake lock acquired
06-15 01:34:57.019  9783  9783 I PhoneLab-StatusMonitor: Status Monitoring is started
06-15 01:34:57.105  9783  9785 D dalvikvm: GC_CONCURRENT freed 512K, 14% free 9237K/10695K, paused 2ms+5ms
06-15 01:34:57.136  9783  9783 I PhoneLab-StatusMonitor: Value: 10 - unit: min
06-15 01:34:57.136  9783  9783 I PhoneLab-StatusMonitor: Running interval: 600000
06-15 01:34:57.144  9783  9783 I PhoneLab-StatusMonitor: Rescheduling status monitoring...
06-15 01:34:57.144  9783  9783 I PhoneLab-Locks: wake lock released
06-15 01:34:57.152  9783  9783 I PhoneLab-StatusMonitorLocation: Learning Location
06-15 01:34:57.152  9783  9783 I PhoneLab-Locks: wake lock acquired
06-15 01:34:57.183  9783  9783 I PhoneLab-Locks: wake lock acquired
06-15 01:34:57.187  9783  9783 I PhoneLab-StatusMonitorLocation: Learning Signal Strgth
06-15 01:34:57.187  9783  9783 I PhoneLab-Locks: wake lock acquired
06-15 01:34:57.195   275   670 D androidNetworkLocationListeners: Still have listener com.google.android.location.internal.client.NetworkLocationClient$1@413c1720
06-15 01:34:57.211   275   670 D androidNetworkLocationListeners: Still have listener com.google.android.location.internal.client.NetworkLocationClient$1@413c1720
06-15 01:34:57.211  9783  9783 I PhoneLab-StatusMonitorBattery: Battery_level: 51
06-15 01:34:57.214  9783  9783 I PhoneLab-Locks: wake lock released
06-15 01:34:57.218  9783  9783 I PhoneLab-StatusMonitorSignal: Signal_Strength: -86 asu: 14
06-15 01:34:57.218  9783  9783 I PhoneLab-Locks: wake lock released
06-15 01:34:58.500  9783  9783 I PhoneLab-StatusMonitorLocation: Location_Latitude: 42.9543214 Longitude: -78.8267678 Accuracy: 37.0
06-15 01:34:58.500   275   670 D androidNetworkLocationListeners: Still have listener com.google.android.location.internal.client.NetworkLocationClient$1@413c1720
06-15 01:34:58.503  9783  9783 I PhoneLab-Locks: wake lock released
06-15 01:34:58.753 10109 10110 D dalvikvm: GC_CONCURRENT freed 463K, 6% free 10291K/10887K, paused 13ms+7ms
06-15 01:34:59.843   275   277 D dalvikvm: GC_CONCURRENT freed 519K, 8% free 10846K/11719K, paused 2ms+2ms
06-15 01:35:03.183  9783  9796 I PhoneLab-: Service Running
06-15 01:35:03.222  9783  9796 I PhoneLab-LoggerService: app_38    1039  1     1432   1032  c00f181c 400107b4 S logcat
06-15 01:35:03.226  9783  9796 I PhoneLab-LoggerService: Logcat pid from database 1039
06-15 01:35:03.226  9783  9796 I PhoneLab-LoggerService: Logcat process found 1039
06-15 01:35:03.226  9783  9796 I PhoneLab-LoggerService: Checking Threshold
06-15 01:35:03.226  9783  9796 I PhoneLab-: Service Running
06-15 01:35:03.273  9783  9796 I PhoneLab-LoggerService: app_38    1039  1     1432   1032  c00f181c 400107b4 S logcat
06-15 01:35:03.273  9783  9796 I PhoneLab-LoggerService: Logcat pid from database 1039
06-15 01:35:03.273  9783  9796 I PhoneLab-LoggerService: Logcat process found 1039
06-15 01:35:03.273  9783  9796 I PhoneLab-LoggerService: Checking Threshold
06-15 01:35:03.273  9783  9796 I PhoneLab-: Service Running
06-15 01:35:03.285  9783  9785 D dalvikvm: GC_CONCURRENT freed 434K, 14% free 9213K/10695K, paused 2ms+2ms
06-15 01:35:03.332  9783  9796 I PhoneLab-LoggerService: app_38    1039  1     1432   1032  c00f181c 400107b4 S logcat
06-15 01:35:03.332  9783  9796 I PhoneLab-LoggerService: Logcat pid from database 1039
06-15 01:35:03.332  9783  9796 I PhoneLab-LoggerService: Logcat process found 1039
06-15 01:35:03.332  9783  9796 I PhoneLab-LoggerService: Checking Threshold
06-15 01:35:03.332  9783  9796 I PhoneLab-: Service Running
06-15 01:35:03.359  9783  9796 I PhoneLab-LoggerService: app_38    1039  1     1432   1032  c00f181c 400107b4 S logcat
06-15 01:35:03.359  9783  9796 I PhoneLab-LoggerService: Logcat pid from database 1039
06-15 01:35:03.359  9783  9796 I PhoneLab-LoggerService: Logcat process found 1039
06-15 01:35:03.359  9783  9796 I PhoneLab-LoggerService: Checking Threshold
06-15 01:35:03.359  9783  9796 I PhoneLab-: Service Running
06-15 01:35:03.386  9783  9796 I PhoneLab-LoggerService: app_38    1039  1     1432   1032  c00f181c 400107b4 S logcat
06-15 01:35:03.390  9783  9796 I PhoneLab-LoggerService: Logcat pid from database 1039
06-15 01:35:03.390  9783  9796 I PhoneLab-LoggerService: Logcat process found 1039
06-15 01:35:03.390  9783  9796 I PhoneLab-LoggerService: Checking Threshold
06-15 01:35:03.390  9783  9796 I PhoneLab-: Service Running
06-15 01:35:03.418  9783  9796 I PhoneLab-LoggerService: app_38    1039  1     1432   1032  c00f181c 400107b4 S logcat
06-15 01:35:03.418  9783  9796 I PhoneLab-LoggerService: Logcat pid from database 1039
06-15 01:35:03.418  9783  9796 I PhoneLab-LoggerService: Logcat process found 1039
06-15 01:35:03.418  9783  9796 I PhoneLab-LoggerService: Checking Threshold
06-15 01:35:03.418  9783  9796 I PhoneLab-: Service Running
06-15 01:35:03.445  9783  9796 I PhoneLab-LoggerService: app_38    1039  1     1432   1032  c00f181c 400107b4 S logcat
06-15 01:35:03.445  9783  9796 I PhoneLab-LoggerService: Logcat pid from database 1039
06-15 01:35:03.445  9783  9796 I PhoneLab-LoggerService: Logcat process found 1039
06-15 01:35:03.445  9783  9796 I PhoneLab-LoggerService: Checking Threshold
06-15 01:35:03.445  9783  9796 I PhoneLab-: Service Running
06-15 01:35:03.472  9783  9796 I PhoneLab-LoggerService: app_38    1039  1     1432   1032  c00f181c 400107b4 S logcat
06-15 01:35:03.472  9783  9796 I PhoneLab-LoggerService: Logcat pid from database 1039
06-15 01:35:03.472  9783  9796 I PhoneLab-LoggerService: Logcat process found 1039
06-15 01:35:03.472  9783  9796 I PhoneLab-LoggerService: Checking Threshold
06-15 01:35:03.472  9783  9796 I PhoneLab-: Service Running
06-15 01:35:03.500  9783  9796 I PhoneLab-LoggerService: app_38    1039  1     1432   1032  c00f181c 400107b4 S logcat
06-15 01:35:03.500  9783  9796 I PhoneLab-LoggerService: Logcat pid from database 1039
06-15 01:35:03.500  9783  9796 I PhoneLab-LoggerService: Logcat process found 1039
06-15 01:35:03.500  9783  9796 I PhoneLab-LoggerService: Checking Threshold
06-15 01:35:03.500  9783  9796 I PhoneLab-: Service Running
06-15 01:38:47.144  9783  9796 I PhoneLab-LoggerService: app_38    1039  1     1432   1032  c00f181c 400107b4 S logcat
06-15 01:38:47.144  9783  9796 I PhoneLab-LoggerService: Logcat pid from database 1039
06-15 01:38:47.144  9783  9796 I PhoneLab-LoggerService: Logcat process found 1039
06-15 01:38:47.144  9783  9796 I PhoneLab-LoggerService: Checking Threshold
06-15 01:38:47.144  9783  9796 I PhoneLab-: Service Running
06-15 01:38:47.160  9783  9785 D dalvikvm: GC_CONCURRENT freed 402K, 14% free 9216K/10695K, paused 1ms+3ms
06-15 01:38:47.183  9783  9796 I PhoneLab-LoggerService: app_38    1039  1     1432   1032  c00f181c 400107b4 S logcat
06-15 01:38:47.187  9783  9796 I PhoneLab-LoggerService: Logcat pid from database 1039
06-15 01:38:47.187  9783  9796 I PhoneLab-LoggerService: Logcat process found 1039
06-15 01:38:47.187  9783  9796 I PhoneLab-LoggerService: Checking Threshold
06-15 01:38:47.187  9783  9796 I PhoneLab-: Service Running
06-15 01:38:47.214  9783  9796 I PhoneLab-LoggerService: app_38    1039  1     1432   1032  c00f181c 400107b4 S logcat
06-15 01:38:47.214  9783  9796 I PhoneLab-LoggerService: Logcat pid from database 1039
06-15 01:38:47.214  9783  9796 I PhoneLab-LoggerService: Logcat process found 1039
06-15 01:38:47.214  9783  9796 I PhoneLab-LoggerService: Checking Threshold
06-15 01:38:47.214  9783  9796 I PhoneLab-: Service Running
06-15 01:38:47.242  9783  9796 I PhoneLab-LoggerService: app_38    1039  1     1432   1032  c00f181c 400107b4 S logcat
06-15 01:38:47.242  9783  9796 I PhoneLab-LoggerService: Logcat pid from database 1039
06-15 01:38:47.242  9783  9796 I PhoneLab-LoggerService: Logcat process found 1039
06-15 01:38:47.242  9783  9796 I PhoneLab-LoggerService: Checking Threshold
06-15 01:38:47.242  9783  9796 I PhoneLab-: Service Running
06-15 01:38:47.269  9783  9796 I PhoneLab-LoggerService: app_38    1039  1     1432   1032  c00f181c 400107b4 S logcat
06-15 01:38:47.269  9783  9796 I PhoneLab-LoggerService: Logcat pid from database 1039
06-15 01:38:47.269  9783  9796 I PhoneLab-LoggerService: Logcat process found 1039
06-15 01:38:47.269  9783  9796 I PhoneLab-LoggerService: Checking Threshold
06-15 01:38:47.269  9783  9796 I PhoneLab-: Service Running
06-15 01:38:47.304  9783  9796 I PhoneLab-LoggerService: app_38    1039  1     1432   1032  c00f181c 400107b4 S logcat
06-15 01:38:47.304  9783  9796 I PhoneLab-LoggerService: Logcat pid from database 1039
06-15 01:38:47.304  9783  9796 I PhoneLab-LoggerService: Logcat process found 1039
06-15 01:38:47.304  9783  9796 I PhoneLab-LoggerService: Checking Threshold
06-15 01:38:47.304  9783  9796 I PhoneLab-: Service Running
06-15 01:38:47.332  9783  9796 I PhoneLab-LoggerService: app_38    1039  1     1432   1032  c00f181c 400107b4 S logcat
06-15 01:38:47.332  9783  9796 I PhoneLab-LoggerService: Logcat pid from database 1039
06-15 01:38:47.332  9783  9796 I PhoneLab-LoggerService: Logcat process found 1039
06-15 01:38:47.332  9783  9796 I PhoneLab-LoggerService: Checking Threshold
06-15 01:44:57.168  9783  9783 I PhoneLab-Locks: wake lock acquired
06-15 01:44:57.211  9783  9783 I PhoneLab-StatusMonitor: Status Monitoring is started
06-15 01:44:57.254  9783  9785 D dalvikvm: GC_CONCURRENT freed 476K, 14% free 9248K/10695K, paused 1ms+2ms
06-15 01:44:57.277  9783  9783 I PhoneLab-StatusMonitor: Value: 10 - unit: min
06-15 01:44:57.277  9783  9783 I PhoneLab-StatusMonitor: Running interval: 600000
06-15 01:44:57.285  9783  9783 I PhoneLab-StatusMonitor: Rescheduling status monitoring...
06-15 01:44:57.289  9783  9783 I PhoneLab-Locks: wake lock released
06-15 01:44:57.293  9783  9783 I PhoneLab-StatusMonitorLocation: Learning Location
06-15 01:44:57.293  9783  9783 I PhoneLab-Locks: wake lock acquired
06-15 01:44:57.297  9783  9783 I PhoneLab-Locks: wake lock acquired
06-15 01:44:57.300  9783  9783 I PhoneLab-StatusMonitorLocation: Learning Signal Strgth
06-15 01:44:57.300  9783  9783 I PhoneLab-Locks: wake lock acquired
06-15 01:44:57.304   275   670 D androidNetworkLocationListeners: Still have listener com.google.android.location.internal.client.NetworkLocationClient$1@413c1720
06-15 01:44:57.336   275   670 D androidNetworkLocationListeners: Still have listener com.google.android.location.internal.client.NetworkLocationClient$1@413c1720
06-15 01:44:57.340  9783  9783 I PhoneLab-StatusMonitorBattery: Battery_level: 51
06-15 01:44:57.343  9783  9783 I PhoneLab-Locks: wake lock released
06-15 01:44:57.347  9783  9783 I PhoneLab-StatusMonitorSignal: Signal_Strength: -86 asu: 14
06-15 01:44:57.347  9783  9783 I PhoneLab-Locks: wake lock released
06-15 01:44:58.609  9783  9783 I PhoneLab-StatusMonitorLocation: Location_Latitude: 42.9543024 Longitude: -78.8267085 Accuracy: 31.0
06-15 01:44:58.613   275   670 D androidNetworkLocationListeners: Still have listener com.google.android.location.internal.client.NetworkLocationClient$1@413c1720
06-15 01:44:58.613  9783  9783 I PhoneLab-Locks: wake lock released
06-15 01:44:59.965   275   277 D dalvikvm: GC_CONCURRENT freed 516K, 8% free 10845K/11719K, paused 2ms+3ms
06-15 01:52:04.144   212   214 D dalvikvm: GC_CONCURRENT freed 437K, 26% free 10792K/14535K, paused 1ms+5ms
06-15 01:52:04.168  9783  9783 I PhoneLab-Locks: wake lock acquired
06-15 01:52:04.207  9783 12478 I PhoneLab-PeriodicCheckService: User info is synched
06-15 01:52:04.207  9783 12478 I PhoneLab-PeriodicCheckService: Logger Service is running
06-15 01:52:04.211  9783 12478 I PhoneLab-Locks: wake lock acquired
06-15 01:52:04.211  9783  9783 I PhoneLab-UploadLogs: Transfering log files now
06-15 01:52:04.211  9783  9783 I PhoneLab-UploadLogs: No log files to transfer
06-15 01:52:04.211  9783  9783 I PhoneLab-Locks: wake lock released
06-15 01:52:04.214  9783  9783 I PhoneLab-UploadLogs: OnStartCommand
06-15 01:52:04.218  9783 12478 I PhoneLab-PeriodicCheckService: Rescheduling periodic checking...
06-15 01:52:04.218  9783 12478 I PhoneLab-Locks: wake lock released
06-15 01:54:57.289  9783  9783 I PhoneLab-Locks: wake lock acquired
06-15 01:54:57.293  9783  9783 I PhoneLab-StatusMonitor: Status Monitoring is started
06-15 01:54:57.351  9783  9785 D dalvikvm: GC_CONCURRENT freed 516K, 14% free 9243K/10695K, paused 3ms+5ms
06-15 01:54:57.394  9783  9783 I PhoneLab-StatusMonitor: Value: 10 - unit: min
06-15 01:54:57.394  9783  9783 I PhoneLab-StatusMonitor: Running interval: 600000
06-15 01:54:57.402  9783  9783 I PhoneLab-StatusMonitor: Rescheduling status monitoring...
06-15 01:54:57.402  9783  9783 I PhoneLab-Locks: wake lock released
06-15 01:54:57.406  9783  9783 I PhoneLab-StatusMonitorLocation: Learning Location
06-15 01:54:57.406  9783  9783 I PhoneLab-Locks: wake lock acquired
06-15 01:54:57.410  9783  9783 I PhoneLab-Locks: wake lock acquired
06-15 01:54:57.410   275   670 D androidNetworkLocationListeners: Still have listener com.google.android.location.internal.client.NetworkLocationClient$1@413c1720
06-15 01:54:57.414  9783  9783 I PhoneLab-StatusMonitorLocation: Learning Signal Strgth
06-15 01:54:57.414  9783  9783 I PhoneLab-Locks: wake lock acquired
06-15 01:54:57.425  9783  9783 I PhoneLab-StatusMonitorBattery: Battery_level: 50
06-15 01:54:57.425  9783  9783 I PhoneLab-Locks: wake lock released
06-15 01:54:57.425   275   670 D androidNetworkLocationListeners: Still have listener com.google.android.location.internal.client.NetworkLocationClient$1@413c1720
06-15 01:54:57.429  9783  9783 I PhoneLab-StatusMonitorSignal: Signal_Strength: -86 asu: 14
06-15 01:54:57.429  9783  9783 I PhoneLab-Locks: wake lock released
06-15 01:54:58.718  9783  9783 I PhoneLab-StatusMonitorLocation: Location_Latitude: 42.954321 Longitude: -78.8267681 Accuracy: 37.0
06-15 01:54:58.718   275   670 D androidNetworkLocationListeners: Still have listener com.google.android.location.internal.client.NetworkLocationClient$1@413c1720
06-15 01:54:58.722  9783  9783 I PhoneLab-Locks: wake lock released
06-15 01:56:04.172   141   143 D dalvikvm: GC_CONCURRENT freed 1553K, 14% free 15725K/18183K, paused 3ms+6ms
06-15 01:58:42.484   275  1016 I EventLogService: Aggregate from 1339738122268 (log), 1339738122268 (data)
06-15 01:58:42.519   275   277 D dalvikvm: GC_CONCURRENT freed 485K, 8% free 10841K/11719K, paused 2ms+3ms
06-15 01:58:42.617   275   275 D dalvikvm: GC_EXPLICIT freed 64K, 8% free 10838K/11719K, paused 8ms+4ms
06-15 02:03:44.191  9803 12484 I Gmail   : MainSyncRequestProto: lowestBkwdConvoId: 0, highestHandledServerOp: 999137, normalSync: true
06-15 02:03:44.457  9803  9806 D dalvikvm: GC_CONCURRENT freed 379K, 12% free 9836K/11079K, paused 2ms+4ms
06-15 02:03:45.238  9803  9806 D dalvikvm: GC_CONCURRENT freed 463K, 12% free 9778K/11079K, paused 2ms+2ms
06-15 02:03:45.316  9803 12484 D dalvikvm: GC_EXPLICIT freed 126K, 12% free 9760K/11079K, paused 2ms+2ms
06-15 02:03:45.320  9803 12484 I Gmail   : MainSyncRequestProto: lowestBkwdConvoId: 0, highestHandledServerOp: 999743, normalSync: true
06-15 02:03:45.336  9803 12484 W Gmail   : Scheduling index for 300000 ms from now
06-15 02:03:45.359  9803 12484 I Gmail   : Sending notification intent: Intent { act=android.intent.action.PROVIDER_CHANGED dat=content://gmail-ls/unread/^i (has extras) }
06-15 02:03:45.402   141 12486 I AudioService:  AudioFocus  abandonAudioFocus() from android.media.AudioManager@41569580
06-15 02:03:45.422  9803 12484 I Gmail   : Sending notification intent: Intent { act=android.intent.action.PROVIDER_CHANGED dat=content://gmail-ls/unread/^iim (has extras) }
06-15 02:03:45.500   212   214 D dalvikvm: GC_CONCURRENT freed 819K, 28% free 10501K/14535K, paused 2ms+3ms
06-15 02:03:45.574   212   214 D dalvikvm: GC_CONCURRENT freed 519K, 29% free 10433K/14535K, paused 2ms+2ms
06-15 02:04:57.402  9783  9783 I PhoneLab-Locks: wake lock acquired
06-15 02:04:57.410  9783  9783 I PhoneLab-StatusMonitor: Status Monitoring is started
06-15 02:04:57.464  9783  9785 D dalvikvm: GC_CONCURRENT freed 520K, 14% free 9233K/10695K, paused 3ms+3ms
06-15 02:04:57.492  9783  9783 I PhoneLab-StatusMonitor: Value: 10 - unit: min
06-15 02:04:57.492  9783  9783 I PhoneLab-StatusMonitor: Running interval: 600000
06-15 02:04:57.507  9783  9783 I PhoneLab-StatusMonitor: Rescheduling status monitoring...
06-15 02:04:57.507  9783  9783 I PhoneLab-Locks: wake lock released
06-15 02:04:57.515  9783  9783 I PhoneLab-StatusMonitorLocation: Learning Location
06-15 02:04:57.515  9783  9783 I PhoneLab-Locks: wake lock acquired
06-15 02:04:57.527  9783  9783 I PhoneLab-Locks: wake lock acquired
06-15 02:04:57.527   275   670 D androidNetworkLocationListeners: Still have listener com.google.android.location.internal.client.NetworkLocationClient$1@413c1720
06-15 02:04:57.527  9783  9785 D dalvikvm: GC_CONCURRENT freed 437K, 15% free 9190K/10695K, paused 1ms+2ms
06-15 02:04:57.531  9783  9783 I PhoneLab-StatusMonitorLocation: Learning Signal Strgth
06-15 02:04:57.531  9783  9783 I PhoneLab-Locks: wake lock acquired
06-15 02:04:57.546   275   670 D androidNetworkLocationListeners: Still have listener com.google.android.location.internal.client.NetworkLocationClient$1@413c1720
06-15 02:04:57.546  9783  9783 I PhoneLab-StatusMonitorBattery: Battery_level: 50
06-15 02:04:57.546  9783  9783 I PhoneLab-Locks: wake lock released
06-15 02:04:57.550  9783  9783 I PhoneLab-StatusMonitorSignal: Signal_Strength: -86 asu: 14
06-15 02:04:57.550  9783  9783 I PhoneLab-Locks: wake lock released
06-15 02:04:58.843  9783  9783 I PhoneLab-StatusMonitorLocation: Location_Latitude: 42.9543662 Longitude: -78.826756 Accuracy: 33.0
06-15 02:04:58.843   275   670 D androidNetworkLocationListeners: Still have listener com.google.android.location.internal.client.NetworkLocationClient$1@413c1720
06-15 02:04:58.843  9783  9783 I PhoneLab-Locks: wake lock released
06-15 02:05:00.218   275   277 D dalvikvm: GC_CONCURRENT freed 492K, 8% free 10851K/11719K, paused 2ms+3ms
06-15 02:05:03.183  9783  9796 I PhoneLab-: Service Running
06-15 02:05:03.226  9783  9796 I PhoneLab-LoggerService: app_38    1039  1     1432   1032  c00f181c 400107b4 S logcat
06-15 02:05:03.226  9783  9796 I PhoneLab-LoggerService: Logcat pid from database 1039
06-15 02:05:03.226  9783  9796 I PhoneLab-LoggerService: Logcat process found 1039
06-15 02:05:03.226  9783  9796 I PhoneLab-LoggerService: Checking Threshold
06-15 02:05:03.230  9783  9796 I PhoneLab-: Service Running
06-15 02:05:03.261  9783  9796 I PhoneLab-LoggerService: app_38    1039  1     1432   1032  c00f181c 400107b4 S logcat
06-15 02:05:03.261  9783  9796 I PhoneLab-LoggerService: Logcat pid from database 1039
06-15 02:05:03.261  9783  9796 I PhoneLab-LoggerService: Logcat process found 1039
06-15 02:05:03.261  9783  9796 I PhoneLab-LoggerService: Checking Threshold
06-15 02:05:03.261  9783  9796 I PhoneLab-: Service Running
06-15 02:05:03.289  9783  9796 I PhoneLab-LoggerService: app_38    1039  1     1432   1032  c00f181c 400107b4 S logcat
06-15 02:05:03.289  9783  9796 I PhoneLab-LoggerService: Logcat pid from database 1039
06-15 02:05:03.289  9783  9796 I PhoneLab-LoggerService: Logcat process found 1039
06-15 02:05:03.289  9783  9796 I PhoneLab-LoggerService: Checking Threshold
06-15 02:05:03.289  9783  9796 I PhoneLab-: Service Running
06-15 02:05:03.316  9783  9796 I PhoneLab-LoggerService: app_38    1039  1     1432   1032  c00f181c 400107b4 S logcat
06-15 02:05:03.316  9783  9796 I PhoneLab-LoggerService: Logcat pid from database 1039
06-15 02:05:03.316  9783  9796 I PhoneLab-LoggerService: Logcat process found 1039
06-15 02:05:03.316  9783  9796 I PhoneLab-LoggerService: Checking Threshold
06-15 02:05:03.320  9783  9796 I PhoneLab-: Service Running
06-15 02:05:03.343  9783  9796 I PhoneLab-LoggerService: app_38    1039  1     1432   1032  c00f181c 400107b4 S logcat
06-15 02:05:03.347  9783  9796 I PhoneLab-LoggerService: Logcat pid from database 1039
06-15 02:05:03.347  9783  9796 I PhoneLab-LoggerService: Logcat process found 1039
06-15 02:05:03.347  9783  9796 I PhoneLab-LoggerService: Checking Threshold
06-15 02:05:03.347  9783  9796 I PhoneLab-: Service Running
06-15 02:05:03.375  9783  9796 I PhoneLab-LoggerService: app_38    1039  1     1432   1032  c00f181c 400107b4 S logcat
06-15 02:05:03.375  9783  9796 I PhoneLab-LoggerService: Logcat pid from database 1039
06-15 02:05:03.375  9783  9796 I PhoneLab-LoggerService: Logcat process found 1039
06-15 02:05:03.375  9783  9796 I PhoneLab-LoggerService: Checking Threshold
06-15 02:05:03.375  9783  9796 I PhoneLab-: Service Running
06-15 02:05:03.402  9783  9796 I PhoneLab-LoggerService: app_38    1039  1     1432   1032  c00f181c 400107b4 S logcat
06-15 02:05:03.402  9783  9796 I PhoneLab-LoggerService: Logcat pid from database 1039
06-15 02:05:03.402  9783  9796 I PhoneLab-LoggerService: Logcat process found 1039
06-15 02:05:03.402  9783  9796 I PhoneLab-LoggerService: Checking Threshold
06-15 02:05:03.402  9783  9796 I PhoneLab-: Service Running
06-15 02:05:03.441  9783  9785 D dalvikvm: GC_CONCURRENT freed 369K, 14% free 9223K/10695K, paused 2ms+2ms
06-15 02:05:03.449  9783  9796 I PhoneLab-LoggerService: app_38    1039  1     1432   1032  c00f181c 400107b4 S logcat
06-15 02:05:03.449  9783  9796 I PhoneLab-LoggerService: Logcat pid from database 1039
06-15 02:05:03.449  9783  9796 I PhoneLab-LoggerService: Logcat process found 1039
06-15 02:05:03.449  9783  9796 I PhoneLab-LoggerService: Checking Threshold
06-15 02:05:03.449  9783  9796 I PhoneLab-: Service Running
06-15 02:05:03.480  9783  9796 I PhoneLab-LoggerService: app_38    1039  1     1432   1032  c00f181c 400107b4 S logcat
06-15 02:05:03.480  9783  9796 I PhoneLab-LoggerService: Logcat pid from database 1039
06-15 02:05:03.480  9783  9796 I PhoneLab-LoggerService: Logcat process found 1039
06-15 02:05:03.480  9783  9796 I PhoneLab-LoggerService: Checking Threshold
06-15 02:05:03.484  9783  9796 I PhoneLab-: Service Running
06-15 02:05:03.507  9783  9796 I PhoneLab-LoggerService: app_38    1039  1     1432   1032  c00f181c 400107b4 S logcat
06-15 02:05:03.507  9783  9796 I PhoneLab-LoggerService: Logcat pid from database 1039
06-15 02:05:03.511  9783  9796 I PhoneLab-LoggerService: Logcat process found 1039
06-15 02:05:03.511  9783  9796 I PhoneLab-LoggerService: Checking Threshold
06-15 02:05:03.511  9783  9796 I PhoneLab-: Service Running
06-15 02:05:03.535  9783  9796 I PhoneLab-LoggerService: app_38    1039  1     1432   1032  c00f181c 400107b4 S logcat
06-15 02:05:03.539  9783  9796 I PhoneLab-LoggerService: Logcat pid from database 1039
06-15 02:05:03.539  9783  9796 I PhoneLab-LoggerService: Logcat process found 1039
06-15 02:05:03.539  9783  9796 I PhoneLab-LoggerService: Checking Threshold
06-15 02:05:03.539  9783  9796 I PhoneLab-: Service Running
06-15 02:05:03.566  9783  9796 I PhoneLab-LoggerService: app_38    1039  1     1432   1032  c00f181c 400107b4 S logcat
06-15 02:05:03.566  9783  9796 I PhoneLab-LoggerService: Logcat pid from database 1039
06-15 02:05:03.566  9783  9796 I PhoneLab-LoggerService: Logcat process found 1039
06-15 02:05:03.566  9783  9796 I PhoneLab-LoggerService: Checking Threshold
06-15 02:05:03.566  9783  9796 I PhoneLab-: Service Running
06-15 02:05:03.593  9783  9796 I PhoneLab-LoggerService: app_38    1039  1     1432   1032  c00f181c 400107b4 S logcat
06-15 02:05:03.593  9783  9796 I PhoneLab-LoggerService: Logcat pid from database 1039
06-15 02:05:03.593  9783  9796 I PhoneLab-LoggerService: Logcat process found 1039
06-15 02:05:03.593  9783  9796 I PhoneLab-LoggerService: Checking Threshold
06-15 02:14:57.168  9803 12506 W Gmail   : Successful index run, cancel next scheduled index run
06-15 02:14:57.535  9783  9783 I PhoneLab-Locks: wake lock acquired
06-15 02:14:57.566  9783  9783 I PhoneLab-StatusMonitor: Status Monitoring is started
06-15 02:14:57.609  9783  9785 D dalvikvm: GC_CONCURRENT freed 484K, 14% free 9248K/10695K, paused 2ms+2ms
06-15 02:14:57.636  9783  9783 I PhoneLab-StatusMonitor: Value: 10 - unit: min
06-15 02:14:57.636  9783  9783 I PhoneLab-StatusMonitor: Running interval: 600000
06-15 02:14:57.640  9783  9783 I PhoneLab-StatusMonitor: Rescheduling status monitoring...
06-15 02:14:57.644  9783  9783 I PhoneLab-Locks: wake lock released
06-15 02:18:46.027  9783  9783 I PhoneLab-StatusMonitorLocation: Learning Location
06-15 02:18:46.027  9783  9783 I PhoneLab-Locks: wake lock acquired
06-15 02:18:46.043  9783  9783 I PhoneLab-Locks: wake lock acquired
06-15 02:18:46.050  9783  9783 I PhoneLab-StatusMonitorLocation: Learning Signal Strgth
06-15 02:18:46.050  9783  9783 I PhoneLab-Locks: wake lock acquired
06-15 02:18:46.101   275   670 D androidNetworkLocationListeners: Still have listener com.google.android.location.internal.client.NetworkLocationClient$1@413c1720
06-15 02:18:46.105   275   670 D androidNetworkLocationListeners: Still have listener com.google.android.location.internal.client.NetworkLocationClient$1@413c1720
06-15 02:18:46.109  9783  9783 I PhoneLab-StatusMonitorBattery: Battery_level: 50
06-15 02:18:46.109  9783  9783 I PhoneLab-Locks: wake lock released
06-15 02:18:46.109  9783  9783 I PhoneLab-StatusMonitorSignal: Signal_Strength: -86 asu: 14
06-15 02:18:46.109  9783  9783 I PhoneLab-Locks: wake lock released
06-15 02:18:47.418   141   336 D dalvikvm: GC_EXPLICIT freed 908K, 15% free 15635K/18183K, paused 3ms+7ms
06-15 02:18:47.488  9783  9783 I PhoneLab-StatusMonitorLocation: Location_Latitude: 42.954293 Longitude: -78.8267077 Accuracy: 34.0
06-15 02:18:47.488   275   670 D androidNetworkLocationListeners: Still have listener com.google.android.location.internal.client.NetworkLocationClient$1@413c1720
06-15 02:18:47.488  9783  9783 I PhoneLab-Locks: wake lock released
06-15 02:18:47.804 10109 10110 D dalvikvm: GC_CONCURRENT freed 444K, 6% free 10304K/10887K, paused 12ms+7ms
06-15 02:18:48.824   275   277 D dalvikvm: GC_CONCURRENT freed 504K, 8% free 10849K/11719K, paused 2ms+3ms
06-15 02:19:12.007   141   157 V BackupManagerService: Running a backup pass
06-15 02:19:12.086   141   211 V BackupManagerService: Backup requested but nothing pending
06-15 02:22:03.074   212   214 D dalvikvm: GC_CONCURRENT freed 368K, 29% free 10456K/14535K, paused 2ms+4ms
06-15 02:22:04.230  9783  9783 I PhoneLab-Locks: wake lock acquired
06-15 02:22:04.269  9783 12510 I PhoneLab-PeriodicCheckService: User info is synched
06-15 02:22:04.273  9783 12510 I PhoneLab-PeriodicCheckService: Logger Service is running
06-15 02:22:04.273  9783 12510 I PhoneLab-Locks: wake lock acquired
06-15 02:22:04.277  9783  9783 I PhoneLab-UploadLogs: Transfering log files now
06-15 02:22:04.277  9783  9783 I PhoneLab-UploadLogs: No log files to transfer
06-15 02:22:04.277  9783  9783 I PhoneLab-Locks: wake lock released
06-15 02:22:04.277  9783  9783 I PhoneLab-UploadLogs: OnStartCommand
06-15 02:22:04.281  9783 12510 I PhoneLab-PeriodicCheckService: Rescheduling periodic checking...
06-15 02:22:04.281  9783 12510 I PhoneLab-Locks: wake lock released
06-15 02:24:58.007  9783  9783 I PhoneLab-Locks: wake lock acquired
06-15 02:24:58.015  9783  9783 I PhoneLab-StatusMonitor: Status Monitoring is started
06-15 02:24:58.054  9783  9785 D dalvikvm: GC_CONCURRENT freed 519K, 14% free 9239K/10695K, paused 2ms+2ms
06-15 02:24:58.082  9783  9783 I PhoneLab-StatusMonitor: Value: 10 - unit: min
06-15 02:24:58.082  9783  9783 I PhoneLab-StatusMonitor: Running interval: 600000
06-15 02:24:58.089  9783  9783 I PhoneLab-StatusMonitor: Rescheduling status monitoring...
06-15 02:24:58.089  9783  9783 I PhoneLab-Locks: wake lock released
06-15 02:24:58.097  9783  9783 I PhoneLab-StatusMonitorLocation: Learning Location
06-15 02:24:58.097  9783  9783 I PhoneLab-Locks: wake lock acquired
06-15 02:24:58.101  9783  9783 I PhoneLab-Locks: wake lock acquired
06-15 02:24:58.113  9783  9783 I PhoneLab-StatusMonitorLocation: Learning Signal Strgth
06-15 02:24:58.113  9783  9783 I PhoneLab-Locks: wake lock acquired
06-15 02:24:58.125   275   670 D androidNetworkLocationListeners: Still have listener com.google.android.location.internal.client.NetworkLocationClient$1@413c1720
06-15 02:24:58.128   275   670 D androidNetworkLocationListeners: Still have listener com.google.android.location.internal.client.NetworkLocationClient$1@413c1720
06-15 02:24:58.132  9783  9783 I PhoneLab-StatusMonitorBattery: Battery_level: 50
06-15 02:24:58.136  9783  9783 I PhoneLab-Locks: wake lock released
06-15 02:24:58.140  9783  9783 I PhoneLab-StatusMonitorSignal: Signal_Strength: -86 asu: 14
06-15 02:24:58.140  9783  9783 I PhoneLab-Locks: wake lock released
06-15 02:24:59.433  9783  9783 I PhoneLab-StatusMonitorLocation: Location_Latitude: 42.9543033 Longitude: -78.8267694 Accuracy: 37.0
06-15 02:24:59.437   275   670 D androidNetworkLocationListeners: Still have listener com.google.android.location.internal.client.NetworkLocationClient$1@413c1720
06-15 02:24:59.437  9783  9783 I PhoneLab-Locks: wake lock released
06-15 02:25:01.671   275   275 W GTalkService: [DataMsgMgr] broadcast intent callback: result=CANCELLED forIntent { act=com.google.android.c2dm.intent.RECEIVE cat=[com.facebook.katana] (has extras) }
06-15 02:25:01.925  9710  9713 D dalvikvm: GC_CONCURRENT freed 596K, 15% free 10858K/12679K, paused 6ms+4ms
06-15 02:25:02.125  9783  9796 I PhoneLab-: Service Running
06-15 02:25:02.211   212   214 D dalvikvm: GC_CONCURRENT freed 362K, 28% free 10505K/14535K, paused 2ms+3ms
06-15 02:25:02.316  9783  9796 I PhoneLab-LoggerService: app_38    1039  1     1432   1032  c00f181c 400107b4 S logcat
06-15 02:25:02.316  9783  9796 I PhoneLab-LoggerService: Logcat pid from database 1039
06-15 02:25:02.316  9783  9796 I PhoneLab-LoggerService: Logcat process found 1039
06-15 02:25:02.316  9783  9796 I PhoneLab-LoggerService: Checking Threshold
06-15 02:25:02.316  9783  9796 I PhoneLab-: Service Running
06-15 02:25:02.363  9783  9785 D dalvikvm: GC_CONCURRENT freed 427K, 14% free 9231K/10695K, paused 2ms+13ms
06-15 02:25:02.386  9783  9796 I PhoneLab-LoggerService: app_38    1039  1     1432   1032  c00f181c 400107b4 S logcat
06-15 02:25:02.386  9783  9796 I PhoneLab-LoggerService: Logcat pid from database 1039
06-15 02:25:02.386  9783  9796 I PhoneLab-LoggerService: Logcat process found 1039
06-15 02:25:02.386  9783  9796 I PhoneLab-LoggerService: Checking Threshold
06-15 02:25:02.386  9783  9796 I PhoneLab-: Service Running
06-15 02:25:02.437  9783  9796 I PhoneLab-LoggerService: app_38    1039  1     1432   1032  c00f181c 400107b4 S logcat
06-15 02:25:02.445  9783  9796 I PhoneLab-LoggerService: Logcat pid from database 1039
06-15 02:25:02.449  9783  9796 I PhoneLab-LoggerService: Logcat process found 1039
06-15 02:25:02.449  9783  9796 I PhoneLab-LoggerService: Checking Threshold
06-15 02:25:02.449  9783  9796 I PhoneLab-: Service Running
06-15 02:25:02.480  9783  9796 I PhoneLab-LoggerService: app_38    1039  1     1432   1032  c00f181c 400107b4 S logcat
06-15 02:25:02.480  9783  9796 I PhoneLab-LoggerService: Logcat pid from database 1039
06-15 02:25:02.480  9783  9796 I PhoneLab-LoggerService: Logcat process found 1039
06-15 02:25:02.480  9783  9796 I PhoneLab-LoggerService: Checking Threshold
06-15 02:25:02.480  9783  9796 I PhoneLab-: Service Running
06-15 02:25:02.511  9783  9796 I PhoneLab-LoggerService: app_38    1039  1     1432   1032  c00f181c 400107b4 S logcat
06-15 02:25:02.515  9783  9796 I PhoneLab-LoggerService: Logcat pid from database 1039
06-15 02:25:02.515  9783  9796 I PhoneLab-LoggerService: Logcat process found 1039
06-15 02:25:02.515  9783  9796 I PhoneLab-LoggerService: Checking Threshold
06-15 02:25:02.515  9783  9796 I PhoneLab-: Service Running
06-15 02:25:02.546  9783  9796 I PhoneLab-LoggerService: app_38    1039  1     1432   1032  c00f181c 400107b4 S logcat
06-15 02:25:02.550  9783  9796 I PhoneLab-LoggerService: Logcat pid from database 1039
06-15 02:25:02.550  9783  9796 I PhoneLab-LoggerService: Logcat process found 1039
06-15 02:25:02.550  9783  9796 I PhoneLab-LoggerService: Checking Threshold
06-15 02:25:02.550  9783  9796 I PhoneLab-: Service Running
06-15 02:25:02.582  9783  9796 I PhoneLab-LoggerService: app_38    1039  1     1432   1032  c00f181c 400107b4 S logcat
06-15 02:25:02.586  9783  9796 I PhoneLab-LoggerService: Logcat pid from database 1039
06-15 02:25:02.586  9783  9796 I PhoneLab-LoggerService: Logcat process found 1039
06-15 02:25:02.586  9783  9796 I PhoneLab-LoggerService: Checking Threshold
06-15 02:25:02.586  9783  9796 I PhoneLab-: Service Running
06-15 02:25:02.617  9783  9796 I PhoneLab-LoggerService: app_38    1039  1     1432   1032  c00f181c 400107b4 S logcat
06-15 02:25:02.617  9783  9796 I PhoneLab-LoggerService: Logcat pid from database 1039
06-15 02:25:02.617  9783  9796 I PhoneLab-LoggerService: Logcat process found 1039
06-15 02:25:02.617  9783  9796 I PhoneLab-LoggerService: Checking Threshold
06-15 02:25:02.617  9783  9796 I PhoneLab-: Service Running
06-15 02:25:02.652  9783  9796 I PhoneLab-LoggerService: app_38    1039  1     1432   1032  c00f181c 400107b4 S logcat
06-15 02:25:02.652  9783  9796 I PhoneLab-LoggerService: Logcat pid from database 1039
06-15 02:25:02.652  9783  9796 I PhoneLab-LoggerService: Logcat process found 1039
06-15 02:25:02.652  9783  9796 I PhoneLab-LoggerService: Checking Threshold
06-15 02:25:02.652  9783  9796 I PhoneLab-: Service Running
06-15 02:25:02.699  9783  9785 D dalvikvm: GC_CONCURRENT freed 423K, 14% free 9225K/10695K, paused 1ms+3ms
06-15 02:25:02.707  9783  9796 I PhoneLab-LoggerService: app_38    1039  1     1432   1032  c00f181c 400107b4 S logcat
06-15 02:25:02.707  9783  9796 I PhoneLab-LoggerService: Logcat pid from database 1039
06-15 02:25:02.714  9783  9796 I PhoneLab-LoggerService: Logcat process found 1039
06-15 02:25:02.714  9783  9796 I PhoneLab-LoggerService: Checking Threshold
06-15 02:25:02.785  9710  9713 D dalvikvm: GC_CONCURRENT freed 425K, 14% free 10931K/12679K, paused 7ms+3ms
06-15 02:25:12.050   212   214 D dalvikvm: GC_CONCURRENT freed 507K, 29% free 10436K/14535K, paused 2ms+3ms
06-15 02:28:43.031   275  1020 I EventLogService: Aggregate from 1339739922487 (log), 1339739922487 (data)
06-15 02:28:43.066   275   277 D dalvikvm: GC_CONCURRENT freed 492K, 8% free 10843K/11719K, paused 2ms+3ms
06-15 02:34:58.093  9783  9783 I PhoneLab-Locks: wake lock acquired
06-15 02:34:58.097  9783  9783 I PhoneLab-StatusMonitor: Status Monitoring is started
06-15 02:34:58.156  9783  9785 D dalvikvm: GC_CONCURRENT freed 392K, 13% free 9343K/10695K, paused 2ms+3ms
06-15 02:34:58.156  9783  9783 I PhoneLab-StatusMonitor: Value: 10 - unit: min
06-15 02:34:58.160  9783  9783 I PhoneLab-StatusMonitor: Running interval: 600000
06-15 02:34:58.171  9783  9783 I PhoneLab-StatusMonitor: Rescheduling status monitoring...
06-15 02:34:58.191  9783 12454 D dalvikvm: GC_EXPLICIT freed 147K, 14% free 9215K/10695K, paused 6ms+2ms
06-15 02:34:58.195  9783  9783 I PhoneLab-Locks: wake lock released
06-15 02:34:58.203  9783  9783 I PhoneLab-StatusMonitorLocation: Learning Location
06-15 02:34:58.203  9783  9783 I PhoneLab-Locks: wake lock acquired
06-15 02:34:58.207  9783  9783 I PhoneLab-Locks: wake lock acquired
06-15 02:34:58.211   275   670 D androidNetworkLocationListeners: Still have listener com.google.android.location.internal.client.NetworkLocationClient$1@413c1720
06-15 02:34:58.214  9783  9783 I PhoneLab-StatusMonitorLocation: Learning Signal Strgth
06-15 02:34:58.214  9783  9783 I PhoneLab-Locks: wake lock acquired
06-15 02:34:58.222   275   670 D androidNetworkLocationListeners: Still have listener com.google.android.location.internal.client.NetworkLocationClient$1@413c1720
06-15 02:34:58.226  9783  9783 I PhoneLab-StatusMonitorBattery: Battery_level: 50
06-15 02:34:58.226  9783  9783 I PhoneLab-Locks: wake lock released
06-15 02:34:58.230  9783  9783 I PhoneLab-StatusMonitorSignal: Signal_Strength: -86 asu: 14
06-15 02:34:58.230  9783  9783 I PhoneLab-Locks: wake lock released
06-15 02:34:59.500  9783  9783 I PhoneLab-StatusMonitorLocation: Location_Latitude: 42.9543169 Longitude: -78.8267684 Accuracy: 36.0
06-15 02:34:59.500   275   670 D androidNetworkLocationListeners: Still have listener com.google.android.location.internal.client.NetworkLocationClient$1@413c1720
06-15 02:34:59.503  9783  9783 I PhoneLab-Locks: wake lock released
06-15 02:35:00.820   275   277 D dalvikvm: GC_CONCURRENT freed 543K, 8% free 10851K/11719K, paused 2ms+3ms
06-15 02:44:58.195  9783  9783 I PhoneLab-Locks: wake lock acquired
06-15 02:44:58.203  9783  9783 I PhoneLab-StatusMonitor: Status Monitoring is started
06-15 02:44:58.273  9783  9785 D dalvikvm: GC_CONCURRENT freed 394K, 13% free 9332K/10695K, paused 1ms+2ms
06-15 02:44:58.277  9783  9783 I PhoneLab-StatusMonitor: Value: 10 - unit: min
06-15 02:44:58.277  9783  9783 I PhoneLab-StatusMonitor: Running interval: 600000
06-15 02:44:58.285  9783  9783 I PhoneLab-StatusMonitor: Rescheduling status monitoring...
06-15 02:44:58.285  9783  9783 I PhoneLab-Locks: wake lock released
06-15 02:44:58.293  9783  9783 I PhoneLab-StatusMonitorLocation: Learning Location
06-15 02:44:58.293  9783  9783 I PhoneLab-Locks: wake lock acquired
06-15 02:44:58.300  9783  9783 I PhoneLab-Locks: wake lock acquired
06-15 02:44:58.300   275   670 D androidNetworkLocationListeners: Still have listener com.google.android.location.internal.client.NetworkLocationClient$1@413c1720
06-15 02:44:58.304  9783  9783 I PhoneLab-StatusMonitorLocation: Learning Signal Strgth
06-15 02:44:58.304  9783  9783 I PhoneLab-Locks: wake lock acquired
06-15 02:44:58.316   275   670 D androidNetworkLocationListeners: Still have listener com.google.android.location.internal.client.NetworkLocationClient$1@413c1720
06-15 02:44:58.328  9783  9783 I PhoneLab-StatusMonitorBattery: Battery_level: 50
06-15 02:44:58.332  9783  9783 I PhoneLab-Locks: wake lock released
06-15 02:44:58.339  9783  9783 I PhoneLab-StatusMonitorSignal: Signal_Strength: -86 asu: 14
06-15 02:44:58.339  9783  9783 I PhoneLab-Locks: wake lock released
06-15 02:44:58.363   356   359 D dalvikvm: GC_CONCURRENT freed 834K, 10% free 11905K/13191K, paused 2ms+3ms
06-15 02:44:59.601   275   670 D androidNetworkLocationListeners: Still have listener com.google.android.location.internal.client.NetworkLocationClient$1@413c1720
06-15 02:44:59.601  9783  9783 I PhoneLab-StatusMonitorLocation: Location_Latitude: 42.9542932 Longitude: -78.8267172 Accuracy: 36.0
06-15 02:44:59.605  9783  9783 I PhoneLab-Locks: wake lock released
06-15 02:45:00.882  9783  9796 I PhoneLab-: Service Running
06-15 02:45:00.996   275   277 D dalvikvm: GC_CONCURRENT freed 486K, 8% free 10851K/11719K, paused 6ms+7ms
06-15 02:45:01.011  9783  9796 I PhoneLab-LoggerService: app_38    1039  1     1432   1032  c00f181c 400107b4 S logcat
06-15 02:45:01.011  9783  9796 I PhoneLab-LoggerService: Logcat pid from database 1039
06-15 02:45:01.011  9783  9796 I PhoneLab-LoggerService: Logcat process found 1039
06-15 02:45:01.011  9783  9796 I PhoneLab-LoggerService: Checking Threshold
06-15 02:45:01.011  9783  9796 I PhoneLab-: Service Running
06-15 02:45:01.039  9783  9796 I PhoneLab-LoggerService: app_38    1039  1     1432   1032  c00f181c 400107b4 S logcat
06-15 02:45:01.039  9783  9796 I PhoneLab-LoggerService: Logcat pid from database 1039
06-15 02:45:01.039  9783  9796 I PhoneLab-LoggerService: Logcat process found 1039
06-15 02:45:01.039  9783  9796 I PhoneLab-LoggerService: Checking Threshold
06-15 02:45:01.039  9783  9796 I PhoneLab-: Service Running
06-15 02:45:01.066  9783  9796 I PhoneLab-LoggerService: app_38    1039  1     1432   1032  c00f181c 400107b4 S logcat
06-15 02:45:01.066  9783  9796 I PhoneLab-LoggerService: Logcat pid from database 1039
06-15 02:45:01.066  9783  9796 I PhoneLab-LoggerService: Logcat process found 1039
06-15 02:45:01.066  9783  9796 I PhoneLab-LoggerService: Checking Threshold
06-15 02:45:01.070  9783  9796 I PhoneLab-: Service Running
06-15 02:45:01.093  9783  9796 I PhoneLab-LoggerService: app_38    1039  1     1432   1032  c00f181c 400107b4 S logcat
06-15 02:45:01.093  9783  9796 I PhoneLab-LoggerService: Logcat pid from database 1039
06-15 02:45:01.097  9783  9796 I PhoneLab-LoggerService: Logcat process found 1039
06-15 02:45:01.097  9783  9796 I PhoneLab-LoggerService: Checking Threshold
06-15 02:45:01.097  9783  9796 I PhoneLab-: Service Running
06-15 02:45:01.125  9783  9796 I PhoneLab-LoggerService: app_38    1039  1     1432   1032  c00f181c 400107b4 S logcat
06-15 02:45:01.125  9783  9796 I PhoneLab-LoggerService: Logcat pid from database 1039
06-15 02:45:01.125  9783  9796 I PhoneLab-LoggerService: Logcat process found 1039
06-15 02:45:01.125  9783  9796 I PhoneLab-LoggerService: Checking Threshold
06-15 02:45:01.125  9783  9796 I PhoneLab-: Service Running
06-15 02:45:01.152  9783  9796 I PhoneLab-LoggerService: app_38    1039  1     1432   1032  c00f181c 400107b4 S logcat
06-15 02:45:01.152  9783  9796 I PhoneLab-LoggerService: Logcat pid from database 1039
06-15 02:45:01.152  9783  9796 I PhoneLab-LoggerService: Logcat process found 1039
06-15 02:45:01.152  9783  9796 I PhoneLab-LoggerService: Checking Threshold
06-15 02:45:01.152  9783  9796 I PhoneLab-: Service Running
06-15 02:45:01.195  9783  9796 I PhoneLab-LoggerService: app_38    1039  1     1432   1032  c00f181c 400107b4 S logcat
06-15 02:45:01.195  9783  9796 I PhoneLab-LoggerService: Logcat pid from database 1039
06-15 02:45:01.195  9783  9796 I PhoneLab-LoggerService: Logcat process found 1039
06-15 02:45:01.195  9783  9796 I PhoneLab-LoggerService: Checking Threshold
06-15 02:45:01.195  9783  9796 I PhoneLab-: Service Running
06-15 02:45:01.207  9783  9785 D dalvikvm: GC_CONCURRENT freed 506K, 14% free 9226K/10695K, paused 1ms+4ms
06-15 02:45:01.234  9783  9796 I PhoneLab-LoggerService: app_38    1039  1     1432   1032  c00f181c 400107b4 S logcat
06-15 02:45:01.234  9783  9796 I PhoneLab-LoggerService: Logcat pid from database 1039
06-15 02:45:01.234  9783  9796 I PhoneLab-LoggerService: Logcat process found 1039
06-15 02:45:01.234  9783  9796 I PhoneLab-LoggerService: Checking Threshold
06-15 02:45:01.238  9783  9796 I PhoneLab-: Service Running
06-15 02:45:01.261  9783  9796 I PhoneLab-LoggerService: app_38    1039  1     1432   1032  c00f181c 400107b4 S logcat
06-15 02:45:01.261  9783  9796 I PhoneLab-LoggerService: Logcat pid from database 1039
06-15 02:45:01.265  9783  9796 I PhoneLab-LoggerService: Logcat process found 1039
06-15 02:45:01.265  9783  9796 I PhoneLab-LoggerService: Checking Threshold
06-15 02:45:01.265  9783  9796 I PhoneLab-: Service Running
06-15 02:45:01.293  9783  9796 I PhoneLab-LoggerService: app_38    1039  1     1432   1032  c00f181c 400107b4 S logcat
06-15 02:45:01.293  9783  9796 I PhoneLab-LoggerService: Logcat pid from database 1039
06-15 02:45:01.293  9783  9796 I PhoneLab-LoggerService: Logcat process found 1039
06-15 02:45:01.293  9783  9796 I PhoneLab-LoggerService: Checking Threshold
06-15 02:47:39.617   275   614 I CheckinService: Preparing to send checkin request
06-15 02:47:39.617   275   614 I EventLogService: Accumulating logs since 1339741723035
06-15 02:47:40.121   275   614 D dalvikvm: GC_FOR_ALLOC freed 193K, 6% free 11031K/11719K, paused 62ms
06-15 02:47:40.121   275   614 I dalvikvm-heap: Grow heap (frag case) to 10.910MB for 69220-byte allocation
06-15 02:47:40.152   275   286 D dalvikvm: GC_FOR_ALLOC freed 8K, 7% free 11091K/11847K, paused 22ms
06-15 02:47:40.238   275   614 I CheckinTask: Sending checkin request (11232 bytes)
06-15 02:47:46.172   275   614 D dalvikvm: GC_FOR_ALLOC freed 585K, 8% free 10989K/11911K, paused 23ms
06-15 02:47:46.199   275   614 D dalvikvm: GC_FOR_ALLOC freed 92K, 8% free 11073K/11911K, paused 22ms
06-15 02:47:46.269   275   614 I CheckinTask: Sending checkin request (11204 bytes)
06-15 02:47:46.617   275   614 D dalvikvm: GC_FOR_ALLOC freed 485K, 8% free 10960K/11911K, paused 22ms
06-15 02:47:46.754   275   614 I CheckinTask: Sending checkin request (12592 bytes)
06-15 02:47:47.203   275   277 D dalvikvm: GC_CONCURRENT freed 468K, 8% free 11058K/11911K, paused 3ms+3ms
06-15 02:47:47.234   275   614 D dalvikvm: GC_FOR_ALLOC freed 80K, 7% free 11097K/11911K, paused 26ms
06-15 02:47:47.273   275   614 D dalvikvm: GC_FOR_ALLOC freed 3K, 6% free 11198K/11911K, paused 22ms
06-15 02:47:47.336   275   614 I CheckinTask: Sending checkin request (18303 bytes)
06-15 02:47:47.785   275   614 D dalvikvm: GC_FOR_ALLOC freed 573K, 9% free 10997K/12039K, paused 23ms
06-15 02:47:47.832   275   614 I CheckinTask: Sending checkin request (9473 bytes)
06-15 02:47:48.160   275   277 D dalvikvm: GC_CONCURRENT freed 493K, 9% free 11052K/12039K, paused 2ms+4ms
06-15 02:47:48.304   275   614 I CheckinTask: Sending checkin request (13359 bytes)
06-15 02:47:48.812   275   614 I CheckinTask: Sending checkin request (6441 bytes)
06-15 02:47:49.113   275   277 D dalvikvm: GC_CONCURRENT freed 650K, 10% free 10955K/12039K, paused 6ms+4ms
06-15 02:47:49.117   275   614 I CheckinTask: Checkin success: https://android.clients.google.com/checkin (7 requests sent)
06-15 02:48:29.168  9803 12549 I Gmail   : MainSyncRequestProto: lowestBkwdConvoId: 0, highestHandledServerOp: 999743, normalSync: true
06-15 02:48:37.070  9783  9796 I PhoneLab-: Service Running
06-15 02:48:37.152  9783  9796 I PhoneLab-LoggerService: app_38    1039  1     1432   1032  c00f181c 400107b4 S logcat
06-15 02:48:37.152  9783  9796 I PhoneLab-LoggerService: Logcat pid from database 1039
06-15 02:48:37.152  9783  9796 I PhoneLab-LoggerService: Logcat process found 1039
06-15 02:48:37.152  9783  9796 I PhoneLab-LoggerService: Checking Threshold
06-15 02:48:37.156  9783  9796 I PhoneLab-: Service Running
06-15 02:48:37.179  9783  9796 I PhoneLab-LoggerService: app_38    1039  1     1432   1032  c00f181c 400107b4 S logcat
06-15 02:48:37.179  9783  9796 I PhoneLab-LoggerService: Logcat pid from database 1039
06-15 02:48:37.183  9783  9796 I PhoneLab-LoggerService: Logcat process found 1039
06-15 02:48:37.183  9783  9796 I PhoneLab-LoggerService: Checking Threshold
06-15 02:49:27.211  9783  9796 I PhoneLab-: Service Running
06-15 02:49:27.277  9783  9796 I PhoneLab-LoggerService: app_38    1039  1     1432   1032  c00f181c 400107b4 S logcat
06-15 02:49:27.277  9783  9796 I PhoneLab-LoggerService: Logcat pid from database 1039
06-15 02:49:27.281  9783  9796 I PhoneLab-LoggerService: Logcat process found 1039
06-15 02:49:27.281  9783  9796 I PhoneLab-LoggerService: Checking Threshold
06-15 02:49:29.347  9803 12549 E Gmail   : IOException: Read timed out
06-15 02:49:29.390   141   166 D SyncManager: failed sync operation jayinamdar@gmail.com (com.google), gmail-ls, SERVER, earliestRunTime 146101812, SyncResult: stats [ numIoExceptions: 1]
06-15 02:50:01.093  9803 12554 I Gmail   : MainSyncRequestProto: lowestBkwdConvoId: 0, highestHandledServerOp: 999743, normalSync: true
06-15 02:50:01.445  9803  9806 D dalvikvm: GC_CONCURRENT freed 381K, 12% free 9798K/11079K, paused 2ms+13ms
06-15 02:50:01.941  9803  9806 D dalvikvm: GC_CONCURRENT freed 426K, 12% free 9790K/11079K, paused 2ms+15ms
06-15 02:50:02.019  9803 12554 D dalvikvm: GC_EXPLICIT freed 71K, 12% free 9783K/11079K, paused 2ms+4ms
06-15 02:50:02.031  9803 12554 I Gmail   : MainSyncRequestProto: lowestBkwdConvoId: 0, highestHandledServerOp: 999802, normalSync: true
06-15 02:50:02.156   141   143 D dalvikvm: GC_CONCURRENT freed 1451K, 14% free 15719K/18183K, paused 3ms+7ms
06-15 02:50:02.949  9803  9806 D dalvikvm: GC_CONCURRENT freed 365K, 12% free 9806K/11079K, paused 13ms+2ms
06-15 02:50:02.976  9803 12554 D dalvikvm: GC_EXPLICIT freed 24K, 12% free 9782K/11079K, paused 2ms+2ms
06-15 02:50:02.988  9803 12554 I Gmail   : MainSyncRequestProto: lowestBkwdConvoId: 0, highestHandledServerOp: 999802, normalSync: true
06-15 02:50:03.000  9803 12554 W Gmail   : Scheduling index for 300000 ms from now
06-15 02:50:03.019  9803 12554 I Gmail   : Sending notification intent: Intent { act=android.intent.action.PROVIDER_CHANGED dat=content://gmail-ls/unread/^i (has extras) }
06-15 02:50:03.078  9803 12557 W Gmail   : Showing notification with unreadCount of 1 and unseenCount of 1
06-15 02:50:03.078  9803 12554 I Gmail   : Sending notification intent: Intent { act=android.intent.action.PROVIDER_CHANGED dat=content://gmail-ls/unread/^iim (has extras) }
06-15 02:50:03.273   141 12559 I AudioService:  AudioFocus  requestAudioFocus() from android.media.AudioManager@41569580
06-15 02:50:03.304   212   214 D dalvikvm: GC_CONCURRENT freed 294K, 28% free 10558K/14535K, paused 2ms+4ms
06-15 02:50:03.316    82   122 D AudioHardware: AudioHardware pcm playback is exiting standby.
06-15 02:50:03.316    82   122 D AudioHardware: openPcmOut_l() mPcmOpenCnt: 0
06-15 02:50:03.480   212   214 D dalvikvm: GC_CONCURRENT freed 328K, 27% free 10674K/14535K, paused 2ms+4ms
06-15 02:50:05.199   141 12559 I AudioService:  AudioFocus  abandonAudioFocus() from android.media.AudioManager@41569580
06-15 02:50:06.472   212   214 D dalvikvm: GC_CONCURRENT freed 474K, 27% free 10694K/14535K, paused 46ms+2ms
06-15 02:50:08.285    82   122 D AudioHardware: AudioHardware pcm playback is going to standby.
06-15 02:50:08.289    82   122 D AudioHardware: closePcmOut_l() mPcmOpenCnt: 1
06-15 02:52:04.304  9783  9783 I PhoneLab-Locks: wake lock acquired
06-15 02:52:04.343  9783 12567 I PhoneLab-PeriodicCheckService: User info is synched
06-15 02:52:04.343  9783 12567 I PhoneLab-PeriodicCheckService: Logger Service is running
06-15 02:52:04.347  9783 12567 I PhoneLab-Locks: wake lock acquired
06-15 02:52:04.347  9783  9783 I PhoneLab-UploadLogs: Transfering log files now
06-15 02:52:04.347  9783  9783 I PhoneLab-UploadLogs: No log files to transfer
06-15 02:52:04.347  9783  9783 I PhoneLab-Locks: wake lock released
06-15 02:52:04.351  9783  9783 I PhoneLab-UploadLogs: OnStartCommand
06-15 02:52:04.351  9783 12567 I PhoneLab-PeriodicCheckService: Rescheduling periodic checking...
06-15 02:52:04.425   141   152 D dalvikvm: GC_EXPLICIT freed 276K, 15% free 15624K/18183K, paused 3ms+6ms
06-15 02:52:04.429  9783 12567 I PhoneLab-Locks: wake lock released
06-15 02:52:04.472 10109 10110 D dalvikvm: GC_CONCURRENT freed 390K, 5% free 10359K/10887K, paused 2ms+6ms
06-15 02:54:58.293  9783  9783 I PhoneLab-Locks: wake lock acquired
06-15 02:54:58.300  9783  9783 I PhoneLab-StatusMonitor: Status Monitoring is started
06-15 02:54:58.371  9783  9785 D dalvikvm: GC_CONCURRENT freed 508K, 14% free 9229K/10695K, paused 7ms+5ms
06-15 02:54:58.418  9783  9783 I PhoneLab-StatusMonitor: Value: 10 - unit: min
06-15 02:54:58.418  9783  9783 I PhoneLab-StatusMonitor: Running interval: 600000
06-15 02:54:58.421  9783  9783 I PhoneLab-StatusMonitor: Rescheduling status monitoring...
06-15 02:54:58.425  9783  9783 I PhoneLab-Locks: wake lock released
06-15 02:54:58.429  9783  9783 I PhoneLab-StatusMonitorLocation: Learning Location
06-15 02:54:58.429  9783  9783 I PhoneLab-Locks: wake lock acquired
06-15 02:54:58.433  9783  9783 I PhoneLab-Locks: wake lock acquired
06-15 02:54:58.437   275   670 D androidNetworkLocationListeners: Still have listener com.google.android.location.internal.client.NetworkLocationClient$1@413c1720
06-15 02:54:58.437  9783  9783 I PhoneLab-StatusMonitorLocation: Learning Signal Strgth
06-15 02:54:58.437  9783  9783 I PhoneLab-Locks: wake lock acquired
06-15 02:54:58.445   275   670 D androidNetworkLocationListeners: Still have listener com.google.android.location.internal.client.NetworkLocationClient$1@413c1720
06-15 02:54:58.449  9783  9783 I PhoneLab-StatusMonitorBattery: Battery_level: 50
06-15 02:54:58.449  9783  9783 I PhoneLab-Locks: wake lock released
06-15 02:54:58.453  9783  9783 I PhoneLab-StatusMonitorSignal: Signal_Strength: -86 asu: 14
06-15 02:54:58.457  9783  9783 I PhoneLab-Locks: wake lock released
06-15 02:54:59.691 10109 10115 I dalvikvm: Total arena pages for JIT: 18
06-15 02:54:59.765  9783  9783 I PhoneLab-StatusMonitorLocation: Location_Latitude: 42.9543221 Longitude: -78.826764 Accuracy: 36.0
06-15 02:54:59.765   275   670 D androidNetworkLocationListeners: Still have listener com.google.android.location.internal.client.NetworkLocationClient$1@413c1720
06-15 02:54:59.765  9783  9783 I PhoneLab-Locks: wake lock released
06-15 02:55:01.093   275   277 D dalvikvm: GC_CONCURRENT freed 614K, 10% free 10899K/12039K, paused 2ms+3ms
06-15 02:58:42.285  9803  9806 D dalvikvm: GC_CONCURRENT freed 278K, 10% free 9983K/11079K, paused 2ms+3ms
06-15 02:58:42.504  9803  9806 D dalvikvm: GC_CONCURRENT freed 487K, 11% free 9885K/11079K, paused 2ms+2ms
06-15 02:58:43.144   275   818 I EventLogService: Aggregate from 1339742859620 (log), 1339741723035 (data)
06-15 02:59:22.062  9803 12571 W Gmail   : Successful index run, cancel next scheduled index run
06-15 03:01:15.226  9803 12575 I Gmail   : MainSyncRequestProto: lowestBkwdConvoId: 0, highestHandledServerOp: 999802, normalSync: true
06-15 03:01:16.882  9803  9806 D dalvikvm: GC_CONCURRENT freed 444K, 12% free 9825K/11079K, paused 2ms+4ms
06-15 03:01:17.164  9803  9806 D dalvikvm: GC_CONCURRENT freed 429K, 12% free 9808K/11079K, paused 1ms+2ms
06-15 03:01:17.234  9803 12575 D dalvikvm: GC_EXPLICIT freed 41K, 12% free 9801K/11079K, paused 2ms+3ms
06-15 03:01:17.242  9803 12575 I Gmail   : MainSyncRequestProto: lowestBkwdConvoId: 0, highestHandledServerOp: 999851, normalSync: true
06-15 03:01:17.257  9803 12575 W Gmail   : Scheduling index for 300000 ms from now
06-15 03:01:17.281  9803 12575 I Gmail   : Sending notification intent: Intent { act=android.intent.action.PROVIDER_CHANGED dat=content://gmail-ls/unread/^i (has extras) }
06-15 03:01:17.316   141 12578 I AudioService:  AudioFocus  abandonAudioFocus() from android.media.AudioManager@41569580
06-15 03:01:17.328  9803 12575 I Gmail   : Sending notification intent: Intent { act=android.intent.action.PROVIDER_CHANGED dat=content://gmail-ls/unread/^iim (has extras) }
06-15 03:01:17.394   212   214 D dalvikvm: GC_CONCURRENT freed 556K, 27% free 10658K/14535K, paused 1ms+3ms
06-15 03:01:17.468   212   214 D dalvikvm: GC_CONCURRENT freed 598K, 28% free 10517K/14535K, paused 1ms+3ms
06-15 03:04:58.437  9783  9783 I PhoneLab-Locks: wake lock acquired
06-15 03:04:58.437  9783  9783 I PhoneLab-StatusMonitor: Status Monitoring is started
06-15 03:04:58.472  9783  9785 D dalvikvm: GC_CONCURRENT freed 520K, 14% free 9221K/10695K, paused 1ms+3ms
06-15 03:04:58.496  9783  9783 I PhoneLab-StatusMonitor: Value: 10 - unit: min
06-15 03:04:58.496  9783  9783 I PhoneLab-StatusMonitor: Running interval: 600000
06-15 03:04:58.503  9783  9783 I PhoneLab-StatusMonitor: Rescheduling status monitoring...
06-15 03:04:58.503  9783  9783 I PhoneLab-Locks: wake lock released
06-15 03:04:58.511  9783  9783 I PhoneLab-StatusMonitorLocation: Learning Location
06-15 03:04:58.511  9783  9783 I PhoneLab-Locks: wake lock acquired
06-15 03:04:58.515  9783  9783 I PhoneLab-Locks: wake lock acquired
06-15 03:04:58.515   275   670 D androidNetworkLocationListeners: Still have listener com.google.android.location.internal.client.NetworkLocationClient$1@413c1720
06-15 03:04:58.519  9783  9783 I PhoneLab-StatusMonitorLocation: Learning Signal Strgth
06-15 03:04:58.519  9783  9783 I PhoneLab-Locks: wake lock acquired
06-15 03:04:58.554   275   670 D androidNetworkLocationListeners: Still have listener com.google.android.location.internal.client.NetworkLocationClient$1@413c1720
06-15 03:04:58.554  9783  9783 I PhoneLab-StatusMonitorBattery: Battery_level: 50
06-15 03:04:58.558  9783  9783 I PhoneLab-Locks: wake lock released
06-15 03:04:58.562  9783  9783 I PhoneLab-StatusMonitorSignal: Signal_Strength: -86 asu: 14
06-15 03:04:58.562  9783  9783 I PhoneLab-Locks: wake lock released
06-15 03:04:59.816  9783  9783 I PhoneLab-StatusMonitorLocation: Location_Latitude: 42.9543699 Longitude: -78.8267626 Accuracy: 39.0
06-15 03:04:59.816   275   670 D androidNetworkLocationListeners: Still have listener com.google.android.location.internal.client.NetworkLocationClient$1@413c1720
06-15 03:04:59.820  9783  9783 I PhoneLab-Locks: wake lock released
06-15 03:05:01.140   275   277 D dalvikvm: GC_CONCURRENT freed 597K, 10% free 10866K/12039K, paused 2ms+3ms
06-15 03:06:02.425  9710  9713 D dalvikvm: GC_CONCURRENT freed 576K, 15% free 10870K/12679K, paused 8ms+3ms
06-15 03:07:14.211  9803 12587 I Gmail   : MainSyncRequestProto: lowestBkwdConvoId: 0, highestHandledServerOp: 999851, normalSync: true
06-15 03:07:15.066  9803  9806 D dalvikvm: GC_CONCURRENT freed 336K, 12% free 9848K/11079K, paused 1ms+2ms
06-15 03:07:15.175  9803 12587 D dalvikvm: GC_EXPLICIT freed 175K, 12% free 9822K/11079K, paused 2ms+2ms
06-15 03:07:15.183  9803 12587 I Gmail   : MainSyncRequestProto: lowestBkwdConvoId: 0, highestHandledServerOp: 999884, normalSync: true
06-15 03:07:15.832  9803 12587 D dalvikvm: GC_EXPLICIT freed 271K, 12% free 9843K/11079K, paused 4ms+6ms
06-15 03:07:15.836  9803 12587 I Gmail   : MainSyncRequestProto: lowestBkwdConvoId: 0, highestHandledServerOp: 999899, normalSync: true
06-15 03:07:15.847  9803 12587 W Gmail   : Scheduling index for 300000 ms from now
06-15 03:07:15.886  9803 12587 D dalvikvm: GC_EXPLICIT freed 41K, 12% free 9823K/11079K, paused 2ms+2ms
06-15 03:07:15.898  9803 12587 I Gmail   : Sending notification intent: Intent { act=android.intent.action.PROVIDER_CHANGED dat=content://gmail-ls/unread/^i (has extras) }
06-15 03:07:15.925  9803 12589 W Gmail   : Showing notification with unreadCount of 1 and unseenCount of 1
06-15 03:07:15.929  9803 12587 I Gmail   : Sending notification intent: Intent { act=android.intent.action.PROVIDER_CHANGED dat=content://gmail-ls/unread/^iim (has extras) }
06-15 03:07:16.082   141 12591 I AudioService:  AudioFocus  requestAudioFocus() from android.media.AudioManager@41569580
06-15 03:07:16.113    82   122 D AudioHardware: AudioHardware pcm playback is exiting standby.
06-15 03:07:16.113    82   122 D AudioHardware: openPcmOut_l() mPcmOpenCnt: 0
06-15 03:07:16.136  9803 12596 I Gmail   : MainSyncRequestProto: lowestBkwdConvoId: 0, highestHandledServerOp: 999899, normalSync: true
06-15 03:07:16.152   212   214 D dalvikvm: GC_CONCURRENT freed 372K, 28% free 10567K/14535K, paused 2ms+3ms
06-15 03:07:16.367   212   212 D dalvikvm: GC_FOR_ALLOC freed 440K, 28% free 10511K/14535K, paused 22ms
06-15 03:07:16.488  9803 12596 D dalvikvm: GC_EXPLICIT freed 232K, 11% free 9870K/11079K, paused 3ms+6ms
06-15 03:07:16.496  9803 12596 I Gmail   : MainSyncRequestProto: lowestBkwdConvoId: 0, highestHandledServerOp: 999899, normalSync: true
06-15 03:07:16.507  9803 12596 W Gmail   : Scheduling index for 300000 ms from now
06-15 03:07:17.996   141 12591 I AudioService:  AudioFocus  abandonAudioFocus() from android.media.AudioManager@41569580
06-15 03:07:21.082    82   122 D AudioHardware: AudioHardware pcm playback is going to standby.
06-15 03:07:21.082    82   122 D AudioHardware: closePcmOut_l() mPcmOpenCnt: 1
06-15 03:10:17.218  9803 12598 I Gmail   : MainSyncRequestProto: lowestBkwdConvoId: 0, highestHandledServerOp: 999899, normalSync: true
06-15 03:10:17.457 10109 10110 D dalvikvm: GC_CONCURRENT freed 399K, 5% free 10362K/10887K, paused 2ms+5ms
06-15 03:10:17.871  9803 12598 D dalvikvm: GC_EXPLICIT freed 404K, 12% free 9849K/11079K, paused 2ms+2ms
06-15 03:10:17.879  9803 12598 I Gmail   : MainSyncRequestProto: lowestBkwdConvoId: 0, highestHandledServerOp: 999943, normalSync: true
06-15 03:10:18.472  9803 12598 D dalvikvm: GC_EXPLICIT freed 184K, 12% free 9855K/11079K, paused 2ms+3ms
06-15 03:10:18.480  9803 12598 I Gmail   : MainSyncRequestProto: lowestBkwdConvoId: 0, highestHandledServerOp: 999943, normalSync: true
06-15 03:10:18.488  9803 12598 W Gmail   : Scheduling index for 300000 ms from now
06-15 03:10:18.511  9803 12598 I Gmail   : Sending notification intent: Intent { act=android.intent.action.PROVIDER_CHANGED dat=content://gmail-ls/unread/^i (has extras) }
06-15 03:10:18.535  9803 12600 W Gmail   : Showing notification with unreadCount of 2 and unseenCount of 2
06-15 03:10:18.546  9803 12598 I Gmail   : Sending notification intent: Intent { act=android.intent.action.PROVIDER_CHANGED dat=content://gmail-ls/unread/^iim (has extras) }
06-15 03:10:18.621   212   214 D dalvikvm: GC_CONCURRENT freed 180K, 27% free 10731K/14535K, paused 1ms+3ms
06-15 03:10:18.675  9803 12602 I Gmail   : MainSyncRequestProto: lowestBkwdConvoId: 0, highestHandledServerOp: 999943, normalSync: true
06-15 03:10:19.187  9803 12602 D dalvikvm: GC_EXPLICIT freed 215K, 11% free 9870K/11079K, paused 2ms+3ms
06-15 03:10:19.191  9803 12602 I Gmail   : MainSyncRequestProto: lowestBkwdConvoId: 0, highestHandledServerOp: 999943, normalSync: true
06-15 03:10:19.203  9803 12602 W Gmail   : Scheduling index for 300000 ms from now
06-15 03:10:19.281   141   143 D dalvikvm: GC_CONCURRENT freed 1391K, 14% free 15758K/18183K, paused 3ms+7ms
06-15 03:14:58.523  9783  9783 I PhoneLab-Locks: wake lock acquired
06-15 03:14:58.550  9783  9783 I PhoneLab-StatusMonitor: Status Monitoring is started
06-15 03:14:58.640  9783  9785 D dalvikvm: GC_CONCURRENT freed 526K, 14% free 9206K/10695K, paused 12ms+2ms
06-15 03:14:58.668  9783  9783 I PhoneLab-StatusMonitor: Value: 10 - unit: min
06-15 03:14:58.668  9783  9783 I PhoneLab-StatusMonitor: Running interval: 600000
06-15 03:14:58.672  9783  9783 I PhoneLab-StatusMonitor: Rescheduling status monitoring...
06-15 03:14:58.691  9783  9783 I PhoneLab-Locks: wake lock released
06-15 03:14:58.699  9783  9783 I PhoneLab-StatusMonitorLocation: Learning Location
06-15 03:14:58.699  9783  9783 I PhoneLab-Locks: wake lock acquired
06-15 03:14:58.711  9783  9783 I PhoneLab-Locks: wake lock acquired
06-15 03:14:58.714  9783  9785 D dalvikvm: GC_CONCURRENT freed 414K, 15% free 9181K/10695K, paused 2ms+2ms
06-15 03:14:58.714   275   670 D androidNetworkLocationListeners: Still have listener com.google.android.location.internal.client.NetworkLocationClient$1@413c1720
06-15 03:14:58.738  9783  9783 I PhoneLab-StatusMonitorLocation: Learning Signal Strgth
06-15 03:14:58.738  9783  9783 I PhoneLab-Locks: wake lock acquired
06-15 03:14:58.746   275   670 D androidNetworkLocationListeners: Still have listener com.google.android.location.internal.client.NetworkLocationClient$1@413c1720
06-15 03:14:58.750  9783  9783 I PhoneLab-StatusMonitorBattery: Battery_level: 49
06-15 03:14:58.754  9783  9783 I PhoneLab-Locks: wake lock released
06-15 03:14:58.761  9783  9783 I PhoneLab-StatusMonitorSignal: Signal_Strength: -86 asu: 14
06-15 03:14:58.761  9783  9783 I PhoneLab-Locks: wake lock released
06-15 03:15:00.082  9783  9783 I PhoneLab-StatusMonitorLocation: Location_Latitude: 42.9543188 Longitude: -78.8267805 Accuracy: 36.0
06-15 03:15:00.082   275   670 D androidNetworkLocationListeners: Still have listener com.google.android.location.internal.client.NetworkLocationClient$1@413c1720
06-15 03:15:00.082  9783  9783 I PhoneLab-Locks: wake lock released
06-15 03:15:01.402   275   277 D dalvikvm: GC_CONCURRENT freed 567K, 10% free 10886K/12039K, paused 2ms+3ms
06-15 03:22:04.449  9783  9783 I PhoneLab-Locks: wake lock acquired
06-15 03:22:04.476  9783 12606 I PhoneLab-PeriodicCheckService: User info is synched
06-15 03:22:04.480  9783 12606 I PhoneLab-PeriodicCheckService: Logger Service is running
06-15 03:22:04.480  9783 12606 I PhoneLab-Locks: wake lock acquired
06-15 03:22:04.484  9783  9783 I PhoneLab-UploadLogs: Transfering log files now
06-15 03:22:04.484  9783  9783 I PhoneLab-UploadLogs: No log files to transfer
06-15 03:22:04.484  9783  9783 I PhoneLab-Locks: wake lock released
06-15 03:22:04.484  9783  9783 I PhoneLab-UploadLogs: OnStartCommand
06-15 03:22:04.484  9783 12606 I PhoneLab-PeriodicCheckService: Rescheduling periodic checking...
06-15 03:22:04.488  9783 12606 I PhoneLab-Locks: wake lock released
06-15 03:22:30.793   141   157 V BackupManagerService: Running a backup pass
06-15 03:22:30.808   141   211 V BackupManagerService: Backup requested but nothing pending
06-15 03:24:58.695  9783  9783 I PhoneLab-Locks: wake lock acquired
06-15 03:24:58.699  9783  9783 I PhoneLab-StatusMonitor: Status Monitoring is started
06-15 03:24:58.765  9783  9785 D dalvikvm: GC_CONCURRENT freed 376K, 13% free 9308K/10695K, paused 2ms+9ms
06-15 03:24:58.769  9783  9783 I PhoneLab-StatusMonitor: Value: 10 - unit: min
06-15 03:24:58.769  9783  9783 I PhoneLab-StatusMonitor: Running interval: 600000
06-15 03:24:58.777  9783  9783 I PhoneLab-StatusMonitor: Rescheduling status monitoring...
06-15 03:24:58.781  9783  9783 I PhoneLab-Locks: wake lock released
06-15 03:25:17.031  9783  9783 I PhoneLab-StatusMonitorLocation: Learning Location
06-15 03:25:17.031  9783  9783 I PhoneLab-Locks: wake lock acquired
06-15 03:25:17.128   141   308 D dalvikvm: GC_EXPLICIT freed 658K, 14% free 15684K/18183K, paused 3ms+8ms
06-15 03:25:17.148  9783  9783 I PhoneLab-Locks: wake lock acquired
06-15 03:25:17.152  9783  9783 I PhoneLab-StatusMonitorLocation: Learning Signal Strgth
06-15 03:25:17.152  9783  9783 I PhoneLab-Locks: wake lock acquired
06-15 03:25:17.164   275   670 D androidNetworkLocationListeners: Still have listener com.google.android.location.internal.client.NetworkLocationClient$1@413c1720
06-15 03:25:17.171   275   670 D androidNetworkLocationListeners: Still have listener com.google.android.location.internal.client.NetworkLocationClient$1@413c1720
06-15 03:25:17.191  9783  9783 I PhoneLab-StatusMonitorBattery: Battery_level: 49
06-15 03:25:17.191  9783  9783 I PhoneLab-Locks: wake lock released
06-15 03:25:17.191  9783  9783 I PhoneLab-StatusMonitorSignal: Signal_Strength: -86 asu: 14
06-15 03:25:17.191  9783  9783 I PhoneLab-Locks: wake lock released
06-15 03:25:18.472  9783  9783 I PhoneLab-StatusMonitorLocation: Location_Latitude: 42.9542898 Longitude: -78.8267111 Accuracy: 37.0
06-15 03:25:18.472   275   670 D androidNetworkLocationListeners: Still have listener com.google.android.location.internal.client.NetworkLocationClient$1@413c1720
06-15 03:25:18.472  9783  9783 I PhoneLab-Locks: wake lock released
06-15 03:28:43.222   275   927 I EventLogService: Aggregate from 1339743523150 (log), 1339743523150 (data)
06-15 03:28:43.332   275   277 D dalvikvm: GC_CONCURRENT freed 523K, 10% free 10882K/12039K, paused 2ms+3ms
06-15 03:28:43.586  9803 12611 W Gmail   : Successful index run, cancel next scheduled index run
06-15 03:34:58.804  9783  9783 I PhoneLab-Locks: wake lock acquired
06-15 03:34:58.839  9783  9783 I PhoneLab-StatusMonitor: Status Monitoring is started
06-15 03:34:58.886  9783  9785 D dalvikvm: GC_CONCURRENT freed 526K, 14% free 9260K/10695K, paused 1ms+3ms
06-15 03:34:58.890  9783  9783 I PhoneLab-StatusMonitor: Value: 10 - unit: min
06-15 03:34:58.890  9783  9783 I PhoneLab-StatusMonitor: Running interval: 600000
06-15 03:34:58.894  9783  9783 I PhoneLab-StatusMonitor: Rescheduling status monitoring...
06-15 03:34:58.898  9783  9783 I PhoneLab-Locks: wake lock released
06-15 03:34:58.906  9783  9783 I PhoneLab-StatusMonitorLocation: Learning Location
06-15 03:34:58.906  9783  9783 I PhoneLab-Locks: wake lock acquired
06-15 03:34:58.910  9783  9783 I PhoneLab-Locks: wake lock acquired
06-15 03:34:58.910   275   670 D androidNetworkLocationListeners: Still have listener com.google.android.location.internal.client.NetworkLocationClient$1@413c1720
06-15 03:34:58.914  9783  9783 I PhoneLab-StatusMonitorLocation: Learning Signal Strgth
06-15 03:34:58.914  9783  9783 I PhoneLab-Locks: wake lock acquired
06-15 03:34:58.922   275   670 D androidNetworkLocationListeners: Still have listener com.google.android.location.internal.client.NetworkLocationClient$1@413c1720
06-15 03:34:58.925  9783  9783 I PhoneLab-StatusMonitorBattery: Battery_level: 49
06-15 03:34:58.925  9783  9783 I PhoneLab-Locks: wake lock released
06-15 03:34:58.929  9783  9783 I PhoneLab-StatusMonitorSignal: Signal_Strength: -86 asu: 14
06-15 03:34:58.929  9783  9783 I PhoneLab-Locks: wake lock released
06-15 03:35:00.168  9783  9783 I PhoneLab-StatusMonitorLocation: Location_Latitude: 42.954297 Longitude: -78.8267151 Accuracy: 36.0
06-15 03:35:00.168   275   670 D androidNetworkLocationListeners: Still have listener com.google.android.location.internal.client.NetworkLocationClient$1@413c1720
06-15 03:35:00.172  9783  9783 I PhoneLab-Locks: wake lock released
06-15 03:35:01.496   275   277 D dalvikvm: GC_CONCURRENT freed 515K, 10% free 10863K/12039K, paused 2ms+3ms
06-15 03:41:17.289   212   214 D dalvikvm: GC_CONCURRENT freed 413K, 26% free 10765K/14535K, paused 2ms+6ms
06-15 03:44:58.910  9783  9783 I PhoneLab-Locks: wake lock acquired
06-15 03:44:58.937  9783  9783 I PhoneLab-StatusMonitor: Status Monitoring is started
06-15 03:44:58.996  9783  9785 D dalvikvm: GC_CONCURRENT freed 527K, 14% free 9243K/10695K, paused 1ms+2ms
06-15 03:44:59.003  9783  9783 I PhoneLab-StatusMonitor: Value: 10 - unit: min
06-15 03:44:59.003  9783  9783 I PhoneLab-StatusMonitor: Running interval: 600000
06-15 03:44:59.015  9783  9783 I PhoneLab-StatusMonitor: Rescheduling status monitoring...
06-15 03:44:59.015  9783  9783 I PhoneLab-Locks: wake lock released
06-15 03:51:50.019  9783  9783 I PhoneLab-StatusMonitorLocation: Learning Location
06-15 03:51:50.019  9783  9783 I PhoneLab-Locks: wake lock acquired
06-15 03:51:50.058  9783  9783 I PhoneLab-Locks: wake lock acquired
06-15 03:51:50.062  9783  9783 I PhoneLab-StatusMonitorLocation: Learning Signal Strgth
06-15 03:51:50.062  9783  9783 I PhoneLab-Locks: wake lock acquired
06-15 03:51:50.097   275   670 D androidNetworkLocationListeners: Still have listener com.google.android.location.internal.client.NetworkLocationClient$1@413c1720
06-15 03:51:50.101   275   670 D androidNetworkLocationListeners: Still have listener com.google.android.location.internal.client.NetworkLocationClient$1@413c1720
06-15 03:51:50.109  9783  9783 I PhoneLab-StatusMonitorBattery: Battery_level: 49
06-15 03:51:50.109  9783  9783 I PhoneLab-Locks: wake lock released
06-15 03:51:50.113  9783  9783 I PhoneLab-StatusMonitorSignal: Signal_Strength: -86 asu: 14
06-15 03:51:50.113  9783  9783 I PhoneLab-Locks: wake lock released
06-15 03:51:51.379  9783  9783 I PhoneLab-StatusMonitorLocation: Location_Latitude: 42.954364 Longitude: -78.8267765 Accuracy: 36.0
06-15 03:51:51.379  9783  9783 I PhoneLab-Locks: wake lock released
06-15 03:51:51.379   275   670 D androidNetworkLocationListeners: Still have listener com.google.android.location.internal.client.NetworkLocationClient$1@413c1720
06-15 03:51:52.703   275   277 D dalvikvm: GC_CONCURRENT freed 492K, 10% free 10860K/12039K, paused 2ms+3ms
06-15 03:52:04.504  9783  9783 I PhoneLab-Locks: wake lock acquired
06-15 03:52:04.539  9783 12619 I PhoneLab-PeriodicCheckService: User info is synched
06-15 03:52:04.543  9783 12619 I PhoneLab-PeriodicCheckService: Logger Service is running
06-15 03:52:04.543  9783 12619 I PhoneLab-Locks: wake lock acquired
06-15 03:52:04.546  9783  9783 I PhoneLab-UploadLogs: Transfering log files now
06-15 03:52:04.546  9783  9783 I PhoneLab-UploadLogs: No log files to transfer
06-15 03:52:04.546  9783  9783 I PhoneLab-Locks: wake lock released
06-15 03:52:04.546  9783  9783 I PhoneLab-UploadLogs: OnStartCommand
06-15 03:52:04.546  9783 12619 I PhoneLab-PeriodicCheckService: Rescheduling periodic checking...
06-15 03:52:04.546  9783 12619 I PhoneLab-Locks: wake lock released
06-15 03:54:59.086  9783  9783 I PhoneLab-Locks: wake lock acquired
06-15 03:54:59.089  9783  9783 I PhoneLab-StatusMonitor: Status Monitoring is started
06-15 03:54:59.140  9783  9785 D dalvikvm: GC_CONCURRENT freed 502K, 14% free 9250K/10695K, paused 2ms+2ms
06-15 03:54:59.148  9783  9783 I PhoneLab-StatusMonitor: Value: 10 - unit: min
06-15 03:54:59.148  9783  9783 I PhoneLab-StatusMonitor: Running interval: 600000
06-15 03:54:59.160  9783  9783 I PhoneLab-StatusMonitor: Rescheduling status monitoring...
06-15 03:54:59.160  9783  9783 I PhoneLab-Locks: wake lock released
06-15 03:54:59.164  9783  9783 I PhoneLab-StatusMonitorLocation: Learning Location
06-15 03:54:59.164  9783  9783 I PhoneLab-Locks: wake lock acquired
06-15 03:54:59.168  9783  9783 I PhoneLab-Locks: wake lock acquired
06-15 03:54:59.172   275   670 D androidNetworkLocationListeners: Still have listener com.google.android.location.internal.client.NetworkLocationClient$1@413c1720
06-15 03:54:59.172  9783  9783 I PhoneLab-StatusMonitorLocation: Learning Signal Strgth
06-15 03:54:59.172  9783  9783 I PhoneLab-Locks: wake lock acquired
06-15 03:54:59.183  9783  9783 I PhoneLab-StatusMonitorBattery: Battery_level: 49
06-15 03:54:59.183   275   670 D androidNetworkLocationListeners: Still have listener com.google.android.location.internal.client.NetworkLocationClient$1@413c1720
06-15 03:54:59.187  9783  9783 I PhoneLab-Locks: wake lock released
06-15 03:54:59.195  9783  9783 I PhoneLab-StatusMonitorSignal: Signal_Strength: -86 asu: 14
06-15 03:54:59.195  9783  9783 I PhoneLab-Locks: wake lock released
06-15 03:55:00.464  9783  9783 I PhoneLab-StatusMonitorLocation: Location_Latitude: 42.9543016 Longitude: -78.8267266 Accuracy: 36.0
06-15 03:55:00.464   275   670 D androidNetworkLocationListeners: Still have listener com.google.android.location.internal.client.NetworkLocationClient$1@413c1720
06-15 03:55:00.464  9783  9783 I PhoneLab-Locks: wake lock released
06-15 03:58:43.363   275  1016 I EventLogService: Aggregate from 1339745323226 (log), 1339745323226 (data)
06-15 03:58:43.414   275   277 D dalvikvm: GC_CONCURRENT freed 491K, 10% free 10854K/12039K, paused 2ms+2ms
06-15 04:01:19.086  9783  9796 I PhoneLab-: Service Running
06-15 04:01:19.156  9783  9796 I PhoneLab-LoggerService: app_38    1039  1     1432   1032  c00f181c 400107b4 S logcat
06-15 04:01:19.156  9783  9796 I PhoneLab-LoggerService: Logcat pid from database 1039
06-15 04:01:19.156  9783  9796 I PhoneLab-LoggerService: Logcat process found 1039
06-15 04:01:19.156  9783  9796 I PhoneLab-LoggerService: Checking Threshold
06-15 04:01:19.156  9783  9796 I PhoneLab-: Service Running
06-15 04:01:19.183  9783  9796 I PhoneLab-LoggerService: app_38    1039  1     1432   1032  c00f181c 400107b4 S logcat
06-15 04:01:19.183  9783  9796 I PhoneLab-LoggerService: Logcat pid from database 1039
06-15 04:01:19.183  9783  9796 I PhoneLab-LoggerService: Logcat process found 1039
06-15 04:01:19.183  9783  9796 I PhoneLab-LoggerService: Checking Threshold
06-15 04:01:19.183  9783  9796 I PhoneLab-: Service Running
06-15 04:01:19.211  9783  9796 I PhoneLab-LoggerService: app_38    1039  1     1432   1032  c00f181c 400107b4 S logcat
06-15 04:01:19.211  9783  9796 I PhoneLab-LoggerService: Logcat pid from database 1039
06-15 04:01:19.214  9783  9796 I PhoneLab-LoggerService: Logcat process found 1039
06-15 04:01:19.214  9783  9796 I PhoneLab-LoggerService: Checking Threshold
06-15 04:01:19.214  9783  9796 I PhoneLab-: Service Running
06-15 04:01:19.250  9783  9796 I PhoneLab-LoggerService: app_38    1039  1     1432   1032  c00f181c 400107b4 S logcat
06-15 04:01:19.250  9783  9796 I PhoneLab-LoggerService: Logcat pid from database 1039
06-15 04:01:19.250  9783  9796 I PhoneLab-LoggerService: Logcat process found 1039
06-15 04:01:19.250  9783  9796 I PhoneLab-LoggerService: Checking Threshold
06-15 04:01:19.250  9783  9796 I PhoneLab-: Service Running
06-15 04:01:19.273  9783  9785 D dalvikvm: GC_CONCURRENT freed 433K, 14% free 9212K/10695K, paused 2ms+2ms
06-15 04:01:19.293  9783  9796 I PhoneLab-LoggerService: app_38    1039  1     1432   1032  c00f181c 400107b4 S logcat
06-15 04:01:19.293  9783  9796 I PhoneLab-LoggerService: Logcat pid from database 1039
06-15 04:01:19.293  9783  9796 I PhoneLab-LoggerService: Logcat process found 1039
06-15 04:01:19.293  9783  9796 I PhoneLab-LoggerService: Checking Threshold
06-15 04:01:19.293  9783  9796 I PhoneLab-: Service Running
06-15 04:01:19.320  9783  9796 I PhoneLab-LoggerService: app_38    1039  1     1432   1032  c00f181c 400107b4 S logcat
06-15 04:01:19.320  9783  9796 I PhoneLab-LoggerService: Logcat pid from database 1039
06-15 04:01:19.320  9783  9796 I PhoneLab-LoggerService: Logcat process found 1039
06-15 04:01:19.320  9783  9796 I PhoneLab-LoggerService: Checking Threshold
06-15 04:01:19.324  9783  9796 I PhoneLab-: Service Running
06-15 04:01:19.351  9783  9796 I PhoneLab-LoggerService: app_38    1039  1     1432   1032  c00f181c 400107b4 S logcat
06-15 04:01:19.351  9783  9796 I PhoneLab-LoggerService: Logcat pid from database 1039
06-15 04:01:19.351  9783  9796 I PhoneLab-LoggerService: Logcat process found 1039
06-15 04:01:19.351  9783  9796 I PhoneLab-LoggerService: Checking Threshold
06-15 04:01:19.351  9783  9796 I PhoneLab-: Service Running
06-15 04:01:19.379  9783  9796 I PhoneLab-LoggerService: app_38    1039  1     1432   1032  c00f181c 400107b4 S logcat
06-15 04:01:19.379  9783  9796 I PhoneLab-LoggerService: Logcat pid from database 1039
06-15 04:01:19.379  9783  9796 I PhoneLab-LoggerService: Logcat process found 1039
06-15 04:01:19.379  9783  9796 I PhoneLab-LoggerService: Checking Threshold
06-15 04:01:19.379  9783  9796 I PhoneLab-: Service Running
06-15 04:01:19.406  9783  9796 I PhoneLab-LoggerService: app_38    1039  1     1432   1032  c00f181c 400107b4 S logcat
06-15 04:01:19.406  9783  9796 I PhoneLab-LoggerService: Logcat pid from database 1039
06-15 04:01:19.406  9783  9796 I PhoneLab-LoggerService: Logcat process found 1039
06-15 04:01:19.406  9783  9796 I PhoneLab-LoggerService: Checking Threshold
06-15 04:01:19.406  9783  9796 I PhoneLab-: Service Running
06-15 04:01:19.433  9783  9796 I PhoneLab-LoggerService: app_38    1039  1     1432   1032  c00f181c 400107b4 S logcat
06-15 04:01:19.433  9783  9796 I PhoneLab-LoggerService: Logcat pid from database 1039
06-15 04:01:19.433  9783  9796 I PhoneLab-LoggerService: Logcat process found 1039
06-15 04:01:19.433  9783  9796 I PhoneLab-LoggerService: Checking Threshold
06-15 04:01:19.433  9783  9796 I PhoneLab-: Service Running
06-15 04:01:19.461  9783  9796 I PhoneLab-LoggerService: app_38    1039  1     1432   1032  c00f181c 400107b4 S logcat
06-15 04:01:19.461  9783  9796 I PhoneLab-LoggerService: Logcat pid from database 1039
06-15 04:01:19.464  9783  9796 I PhoneLab-LoggerService: Logcat process found 1039
06-15 04:01:19.464  9783  9796 I PhoneLab-LoggerService: Checking Threshold
06-15 04:01:19.464  9783  9796 I PhoneLab-: Service Running
06-15 04:01:19.507  9783  9796 I PhoneLab-LoggerService: app_38    1039  1     1432   1032  c00f181c 400107b4 S logcat
06-15 04:01:19.507  9783  9796 I PhoneLab-LoggerService: Logcat pid from database 1039
06-15 04:01:19.507  9783  9796 I PhoneLab-LoggerService: Logcat process found 1039
06-15 04:01:19.507  9783  9796 I PhoneLab-LoggerService: Checking Threshold
06-15 04:01:19.507  9783  9796 I PhoneLab-: Service Running
06-15 04:01:19.515  9783  9785 D dalvikvm: GC_CONCURRENT freed 400K, 14% free 9218K/10695K, paused 2ms+2ms
06-15 04:04:59.093  9783  9796 I PhoneLab-LoggerService: app_38    1039  1     1432   1032  c00ab7c8 40010474 D logcat
06-15 04:04:59.093  9783  9796 I PhoneLab-LoggerService: Logcat pid from database 1039
06-15 04:04:59.093  9783  9796 I PhoneLab-LoggerService: Logcat process found 1039
06-15 04:04:59.097  9783  9796 I PhoneLab-LoggerService: Checking Threshold
06-15 04:04:59.097  9783  9796 I PhoneLab-: Service Running
06-15 04:04:59.121  9783  9796 I PhoneLab-LoggerService: app_38    1039  1     1432   1032  c00f181c 400107b4 S logcat
06-15 04:04:59.125  9783  9796 I PhoneLab-LoggerService: Logcat pid from database 1039
06-15 04:04:59.125  9783  9796 I PhoneLab-LoggerService: Logcat process found 1039
06-15 04:04:59.125  9783  9796 I PhoneLab-LoggerService: Checking Threshold
06-15 04:04:59.125  9783  9796 I PhoneLab-: Service Running
06-15 04:04:59.152  9783  9796 I PhoneLab-LoggerService: app_38    1039  1     1432   1032  c00f181c 400107b4 S logcat
06-15 04:04:59.152  9783  9796 I PhoneLab-LoggerService: Logcat pid from database 1039
06-15 04:04:59.152  9783  9796 I PhoneLab-LoggerService: Logcat process found 1039
06-15 04:04:59.152  9783  9796 I PhoneLab-LoggerService: Checking Threshold
06-15 04:04:59.152  9783  9796 I PhoneLab-: Service Running
06-15 04:04:59.164  9783  9783 I PhoneLab-Locks: wake lock acquired
06-15 04:04:59.168  9783  9783 I PhoneLab-StatusMonitor: Status Monitoring is started
06-15 04:04:59.218  9783  9785 D dalvikvm: GC_CONCURRENT freed 450K, 14% free 9279K/10695K, paused 1ms+3ms
06-15 04:04:59.230  9783  9783 I PhoneLab-StatusMonitor: Value: 10 - unit: min
06-15 04:04:59.230  9783  9783 I PhoneLab-StatusMonitor: Running interval: 600000
06-15 04:04:59.242  9783  9783 I PhoneLab-StatusMonitor: Rescheduling status monitoring...
06-15 04:04:59.242  9783  9783 I PhoneLab-Locks: wake lock released
06-15 04:04:59.246  9783  9783 I PhoneLab-StatusMonitorLocation: Learning Location
06-15 04:04:59.246  9783  9783 I PhoneLab-Locks: wake lock acquired
06-15 04:04:59.250  9783  9783 I PhoneLab-Locks: wake lock acquired
06-15 04:04:59.254  9783  9783 I PhoneLab-StatusMonitorLocation: Learning Signal Strgth
06-15 04:04:59.254  9783  9783 I PhoneLab-Locks: wake lock acquired
06-15 04:04:59.257   275   670 D androidNetworkLocationListeners: Still have listener com.google.android.location.internal.client.NetworkLocationClient$1@413c1720
06-15 04:04:59.261   275   670 D androidNetworkLocationListeners: Still have listener com.google.android.location.internal.client.NetworkLocationClient$1@413c1720
06-15 04:04:59.265  9783  9783 I PhoneLab-StatusMonitorBattery: Battery_level: 49
06-15 04:04:59.269  9783  9783 I PhoneLab-Locks: wake lock released
06-15 04:04:59.273  9783  9783 I PhoneLab-StatusMonitorSignal: Signal_Strength: -86 asu: 14
06-15 04:04:59.273  9783  9783 I PhoneLab-Locks: wake lock released
06-15 04:04:59.281  9783  9796 I PhoneLab-LoggerService: app_38    1039  1     1432   1032  c00f181c 400107b4 S logcat
06-15 04:04:59.281  9783  9796 I PhoneLab-LoggerService: Logcat pid from database 1039
06-15 04:04:59.281  9783  9796 I PhoneLab-LoggerService: Logcat process found 1039
06-15 04:04:59.281  9783  9796 I PhoneLab-LoggerService: Checking Threshold
06-15 04:04:59.281  9783  9796 I PhoneLab-: Service Running
06-15 04:04:59.308  9783  9796 I PhoneLab-LoggerService: app_38    1039  1     1432   1032  c00f181c 400107b4 S logcat
06-15 04:04:59.308  9783  9796 I PhoneLab-LoggerService: Logcat pid from database 1039
06-15 04:04:59.308  9783  9796 I PhoneLab-LoggerService: Logcat process found 1039
06-15 04:04:59.308  9783  9796 I PhoneLab-LoggerService: Checking Threshold
06-15 04:04:59.308  9783  9796 I PhoneLab-: Service Running
06-15 04:04:59.336  9783  9796 I PhoneLab-LoggerService: app_38    1039  1     1432   1032  c00f181c 400107b4 S logcat
06-15 04:04:59.336  9783  9796 I PhoneLab-LoggerService: Logcat pid from database 1039
06-15 04:04:59.336  9783  9796 I PhoneLab-LoggerService: Logcat process found 1039
06-15 04:04:59.336  9783  9796 I PhoneLab-LoggerService: Checking Threshold
06-15 04:04:59.339  9783  9796 I PhoneLab-: Service Running
06-15 04:04:59.367  9783  9796 I PhoneLab-LoggerService: app_38    1039  1     1432   1032  c00f181c 400107b4 S logcat
06-15 04:04:59.367  9783  9796 I PhoneLab-LoggerService: Logcat pid from database 1039
06-15 04:04:59.367  9783  9796 I PhoneLab-LoggerService: Logcat process found 1039
06-15 04:04:59.367  9783  9796 I PhoneLab-LoggerService: Checking Threshold
06-15 04:04:59.367  9783  9796 I PhoneLab-: Service Running
06-15 04:04:59.406  9783  9785 D dalvikvm: GC_CONCURRENT freed 467K, 14% free 9228K/10695K, paused 1ms+2ms
06-15 04:04:59.410  9783  9796 I PhoneLab-LoggerService: app_38    1039  1     1432   1032  c00f181c 400107b4 S logcat
06-15 04:04:59.410  9783  9796 I PhoneLab-LoggerService: Logcat pid from database 1039
06-15 04:04:59.410  9783  9796 I PhoneLab-LoggerService: Logcat process found 1039
06-15 04:04:59.410  9783  9796 I PhoneLab-LoggerService: Checking Threshold
06-15 04:04:59.410  9783  9796 I PhoneLab-: Service Running
06-15 04:04:59.445  9783  9796 I PhoneLab-LoggerService: app_38    1039  1     1432   1032  c00f181c 400107b4 S logcat
06-15 04:04:59.445  9783  9796 I PhoneLab-LoggerService: Logcat pid from database 1039
06-15 04:04:59.445  9783  9796 I PhoneLab-LoggerService: Logcat process found 1039
06-15 04:04:59.445  9783  9796 I PhoneLab-LoggerService: Checking Threshold
06-15 04:04:59.445  9783  9796 I PhoneLab-: Service Running
06-15 04:04:59.472  9783  9796 I PhoneLab-LoggerService: app_38    1039  1     1432   1032  c00f181c 400107b4 S logcat
06-15 04:04:59.472  9783  9796 I PhoneLab-LoggerService: Logcat pid from database 1039
06-15 04:04:59.472  9783  9796 I PhoneLab-LoggerService: Logcat process found 1039
06-15 04:04:59.472  9783  9796 I PhoneLab-LoggerService: Checking Threshold
06-15 04:04:59.472  9783  9796 I PhoneLab-: Service Running
06-15 04:04:59.500  9783  9796 I PhoneLab-LoggerService: app_38    1039  1     1432   1032  c00f181c 400107b4 S logcat
06-15 04:04:59.504  9783  9796 I PhoneLab-LoggerService: Logcat pid from database 1039
06-15 04:04:59.504  9783  9796 I PhoneLab-LoggerService: Logcat process found 1039
06-15 04:04:59.504  9783  9796 I PhoneLab-LoggerService: Checking Threshold
06-15 04:04:59.504  9783  9796 I PhoneLab-: Service Running
06-15 04:04:59.531  9783  9796 I PhoneLab-LoggerService: app_38    1039  1     1432   1032  c00f181c 400107b4 S logcat
06-15 04:04:59.531  9783  9796 I PhoneLab-LoggerService: Logcat pid from database 1039
06-15 04:04:59.531  9783  9796 I PhoneLab-LoggerService: Logcat process found 1039
06-15 04:04:59.531  9783  9796 I PhoneLab-LoggerService: Checking Threshold
06-15 04:04:59.531  9783  9796 I PhoneLab-: Service Running
06-15 04:04:59.558  9783  9796 I PhoneLab-LoggerService: app_38    1039  1     1432   1032  c00f181c 400107b4 S logcat
06-15 04:04:59.558  9783  9796 I PhoneLab-LoggerService: Logcat pid from database 1039
06-15 04:04:59.558  9783  9796 I PhoneLab-LoggerService: Logcat process found 1039
06-15 04:04:59.558  9783  9796 I PhoneLab-LoggerService: Checking Threshold
06-15 04:04:59.558  9783  9796 I PhoneLab-: Service Running
06-15 04:04:59.586  9783  9796 I PhoneLab-LoggerService: app_38    1039  1     1432   1032  c00f181c 400107b4 S logcat
06-15 04:04:59.586  9783  9796 I PhoneLab-LoggerService: Logcat pid from database 1039
06-15 04:04:59.586  9783  9796 I PhoneLab-LoggerService: Logcat process found 1039
06-15 04:04:59.586  9783  9796 I PhoneLab-LoggerService: Checking Threshold
06-15 04:04:59.586  9783  9796 I PhoneLab-: Service Running
06-15 04:04:59.613  9783  9796 I PhoneLab-LoggerService: app_38    1039  1     1432   1032  c00f181c 400107b4 S logcat
06-15 04:04:59.613  9783  9796 I PhoneLab-LoggerService: Logcat pid from database 1039
06-15 04:04:59.613  9783  9796 I PhoneLab-LoggerService: Logcat process found 1039
06-15 04:04:59.613  9783  9796 I PhoneLab-LoggerService: Checking Threshold
06-15 04:04:59.617  9783  9796 I PhoneLab-: Service Running
06-15 04:04:59.656  9783  9785 D dalvikvm: GC_CONCURRENT freed 404K, 14% free 9219K/10695K, paused 2ms+5ms
06-15 04:04:59.660  9783  9796 I PhoneLab-LoggerService: app_38    1039  1     1432   1032  c00f181c 400107b4 S logcat
06-15 04:04:59.660  9783  9796 I PhoneLab-LoggerService: Logcat pid from database 1039
06-15 04:04:59.660  9783  9796 I PhoneLab-LoggerService: Logcat process found 1039
06-15 04:04:59.660  9783  9796 I PhoneLab-LoggerService: Checking Threshold
06-15 04:04:59.660  9783  9796 I PhoneLab-: Service Running
06-15 04:04:59.695  9783  9796 I PhoneLab-LoggerService: app_38    1039  1     1432   1032  c00f181c 400107b4 S logcat
06-15 04:04:59.695  9783  9796 I PhoneLab-LoggerService: Logcat pid from database 1039
06-15 04:04:59.695  9783  9796 I PhoneLab-LoggerService: Logcat process found 1039
06-15 04:04:59.695  9783  9796 I PhoneLab-LoggerService: Checking Threshold
06-15 04:04:59.695  9783  9796 I PhoneLab-: Service Running
06-15 04:04:59.722  9783  9796 I PhoneLab-LoggerService: app_38    1039  1     1432   1032  c00f181c 400107b4 S logcat
06-15 04:04:59.722  9783  9796 I PhoneLab-LoggerService: Logcat pid from database 1039
06-15 04:04:59.722  9783  9796 I PhoneLab-LoggerService: Logcat process found 1039
06-15 04:04:59.722  9783  9796 I PhoneLab-LoggerService: Checking Threshold
06-15 04:04:59.722  9783  9796 I PhoneLab-: Service Running
06-15 04:04:59.750  9783  9796 I PhoneLab-LoggerService: app_38    1039  1     1432   1032  c00f181c 400107b4 S logcat
06-15 04:04:59.750  9783  9796 I PhoneLab-LoggerService: Logcat pid from database 1039
06-15 04:04:59.750  9783  9796 I PhoneLab-LoggerService: Logcat process found 1039
06-15 04:04:59.750  9783  9796 I PhoneLab-LoggerService: Checking Threshold
06-15 04:04:59.750  9783  9796 I PhoneLab-: Service Running
06-15 04:04:59.777  9783  9796 I PhoneLab-LoggerService: app_38    1039  1     1432   1032  c00f181c 400107b4 S logcat
06-15 04:04:59.781  9783  9796 I PhoneLab-LoggerService: Logcat pid from database 1039
06-15 04:04:59.781  9783  9796 I PhoneLab-LoggerService: Logcat process found 1039
06-15 04:04:59.781  9783  9796 I PhoneLab-LoggerService: Checking Threshold
06-15 04:04:59.781  9783  9796 I PhoneLab-: Service Running
06-15 04:04:59.808  9783  9796 I PhoneLab-LoggerService: app_38    1039  1     1432   1032  c00f181c 400107b4 S logcat
06-15 04:04:59.808  9783  9796 I PhoneLab-LoggerService: Logcat pid from database 1039
06-15 04:04:59.808  9783  9796 I PhoneLab-LoggerService: Logcat process found 1039
06-15 04:04:59.808  9783  9796 I PhoneLab-LoggerService: Checking Threshold
06-15 04:04:59.808  9783  9796 I PhoneLab-: Service Running
06-15 04:04:59.836  9783  9796 I PhoneLab-LoggerService: app_38    1039  1     1432   1032  c00f181c 400107b4 S logcat
06-15 04:04:59.836  9783  9796 I PhoneLab-LoggerService: Logcat pid from database 1039
06-15 04:04:59.836  9783  9796 I PhoneLab-LoggerService: Logcat process found 1039
06-15 04:04:59.836  9783  9796 I PhoneLab-LoggerService: Checking Threshold
06-15 04:04:59.836  9783  9796 I PhoneLab-: Service Running
06-15 04:04:59.863  9783  9796 I PhoneLab-LoggerService: app_38    1039  1     1432   1032  c00f181c 400107b4 S logcat
06-15 04:04:59.863  9783  9796 I PhoneLab-LoggerService: Logcat pid from database 1039
06-15 04:04:59.863  9783  9796 I PhoneLab-LoggerService: Logcat process found 1039
06-15 04:04:59.863  9783  9796 I PhoneLab-LoggerService: Checking Threshold
06-15 04:04:59.863  9783  9796 I PhoneLab-: Service Running
06-15 04:04:59.902  9783  9785 D dalvikvm: GC_CONCURRENT freed 408K, 14% free 9231K/10695K, paused 1ms+6ms
06-15 04:04:59.910  9783  9796 I PhoneLab-LoggerService: app_38    1039  1     1432   1032  c00f181c 400107b4 S logcat
06-15 04:04:59.910  9783  9796 I PhoneLab-LoggerService: Logcat pid from database 1039
06-15 04:04:59.910  9783  9796 I PhoneLab-LoggerService: Logcat process found 1039
06-15 04:04:59.910  9783  9796 I PhoneLab-LoggerService: Checking Threshold
06-15 04:04:59.910  9783  9796 I PhoneLab-: Service Running
06-15 04:04:59.941  9783  9796 I PhoneLab-LoggerService: app_38    1039  1     1432   1032  c00f181c 400107b4 S logcat
06-15 04:04:59.941  9783  9796 I PhoneLab-LoggerService: Logcat pid from database 1039
06-15 04:04:59.941  9783  9796 I PhoneLab-LoggerService: Logcat process found 1039
06-15 04:04:59.941  9783  9796 I PhoneLab-LoggerService: Checking Threshold
06-15 04:05:00.558  9783  9783 I PhoneLab-StatusMonitorLocation: Location_Latitude: 42.9542966 Longitude: -78.8267126 Accuracy: 33.0
06-15 04:05:00.558   275   670 D androidNetworkLocationListeners: Still have listener com.google.android.location.internal.client.NetworkLocationClient$1@413c1720
06-15 04:05:00.558  9783  9783 I PhoneLab-Locks: wake lock released
06-15 04:05:01.882   275   277 D dalvikvm: GC_CONCURRENT freed 526K, 10% free 10860K/12039K, paused 2ms+3ms
06-15 04:06:03.175   141   143 D dalvikvm: GC_CONCURRENT freed 1490K, 14% free 15770K/18183K, paused 13ms+10ms
06-15 04:11:24.644 10109 10110 D dalvikvm: GC_CONCURRENT freed 379K, 5% free 10420K/10887K, paused 2ms+7ms
06-15 04:14:59.254  9783  9783 I PhoneLab-Locks: wake lock acquired
06-15 04:14:59.293  9783  9783 I PhoneLab-StatusMonitor: Status Monitoring is started
06-15 04:14:59.339  9783  9785 D dalvikvm: GC_CONCURRENT freed 445K, 14% free 9293K/10695K, paused 1ms+2ms
06-15 04:14:59.343  9783  9783 I PhoneLab-StatusMonitor: Value: 10 - unit: min
06-15 04:14:59.343  9783  9783 I PhoneLab-StatusMonitor: Running interval: 600000
06-15 04:14:59.351  9783  9783 I PhoneLab-StatusMonitor: Rescheduling status monitoring...
06-15 04:14:59.351  9783  9783 I PhoneLab-Locks: wake lock released
06-15 04:14:59.363  9783  9783 I PhoneLab-StatusMonitorLocation: Learning Location
06-15 04:14:59.363  9783  9783 I PhoneLab-Locks: wake lock acquired
06-15 04:14:59.367  9783  9783 I PhoneLab-Locks: wake lock acquired
06-15 04:14:59.371   275   670 D androidNetworkLocationListeners: Still have listener com.google.android.location.internal.client.NetworkLocationClient$1@413c1720
06-15 04:14:59.371  9783  9783 I PhoneLab-StatusMonitorLocation: Learning Signal Strgth
06-15 04:14:59.371  9783  9783 I PhoneLab-Locks: wake lock acquired
06-15 04:14:59.382   275   670 D androidNetworkLocationListeners: Still have listener com.google.android.location.internal.client.NetworkLocationClient$1@413c1720
06-15 04:14:59.386  9783  9783 I PhoneLab-StatusMonitorBattery: Battery_level: 49
06-15 04:14:59.390  9783  9783 I PhoneLab-Locks: wake lock released
06-15 04:14:59.394  9783  9783 I PhoneLab-StatusMonitorSignal: Signal_Strength: -86 asu: 14
06-15 04:14:59.394  9783  9783 I PhoneLab-Locks: wake lock released
06-15 04:15:00.687  9783  9783 I PhoneLab-StatusMonitorLocation: Location_Latitude: 42.9542854 Longitude: -78.8267234 Accuracy: 36.0
06-15 04:15:00.687   275   670 D androidNetworkLocationListeners: Still have listener com.google.android.location.internal.client.NetworkLocationClient$1@413c1720
06-15 04:15:00.687  9783  9783 I PhoneLab-Locks: wake lock released
06-15 04:22:05.007  9783  9783 I PhoneLab-Locks: wake lock acquired
06-15 04:22:05.019  9783 12671 I PhoneLab-PeriodicCheckService: User info is synched
06-15 04:22:05.023  9783 12671 I PhoneLab-PeriodicCheckService: Logger Service is running
06-15 04:22:05.023  9783 12671 I PhoneLab-Locks: wake lock acquired
06-15 04:22:05.027  9783  9783 I PhoneLab-UploadLogs: Transfering log files now
06-15 04:22:05.031  9783  9783 I PhoneLab-UploadLogs: No log files to transfer
06-15 04:22:05.031  9783  9783 I PhoneLab-Locks: wake lock released
06-15 04:22:05.031  9783  9783 I PhoneLab-UploadLogs: OnStartCommand
06-15 04:22:05.031  9783 12671 I PhoneLab-PeriodicCheckService: Rescheduling periodic checking...
06-15 04:22:05.035  9783 12671 I PhoneLab-Locks: wake lock released
06-15 04:24:59.367  9783  9783 I PhoneLab-Locks: wake lock acquired
06-15 04:24:59.402  9783  9783 I PhoneLab-StatusMonitor: Status Monitoring is started
06-15 04:24:59.449  9783  9785 D dalvikvm: GC_CONCURRENT freed 558K, 14% free 9244K/10695K, paused 1ms+2ms
06-15 04:24:59.453  9783  9783 I PhoneLab-StatusMonitor: Value: 10 - unit: min
06-15 04:24:59.453  9783  9783 I PhoneLab-StatusMonitor: Running interval: 600000
06-15 04:24:59.464  9783  9783 I PhoneLab-StatusMonitor: Rescheduling status monitoring...
06-15 04:24:59.468  9783  9783 I PhoneLab-Locks: wake lock released
06-15 04:24:59.472  9783  9783 I PhoneLab-StatusMonitorLocation: Learning Location
06-15 04:24:59.472  9783  9783 I PhoneLab-Locks: wake lock acquired
06-15 04:24:59.476  9783  9783 I PhoneLab-Locks: wake lock acquired
06-15 04:24:59.476   275   670 D androidNetworkLocationListeners: Still have listener com.google.android.location.internal.client.NetworkLocationClient$1@413c1720
06-15 04:24:59.480  9783  9783 I PhoneLab-StatusMonitorLocation: Learning Signal Strgth
06-15 04:24:59.480  9783  9783 I PhoneLab-Locks: wake lock acquired
06-15 04:24:59.488   275   670 D androidNetworkLocationListeners: Still have listener com.google.android.location.internal.client.NetworkLocationClient$1@413c1720
06-15 04:24:59.496  9783  9783 I PhoneLab-StatusMonitorBattery: Battery_level: 49
06-15 04:24:59.500  9783  9783 I PhoneLab-Locks: wake lock released
06-15 04:24:59.500  9783  9783 I PhoneLab-StatusMonitorSignal: Signal_Strength: -86 asu: 14
06-15 04:24:59.500  9783  9783 I PhoneLab-Locks: wake lock released
06-15 04:25:00.808   275   277 D dalvikvm: GC_CONCURRENT freed 613K, 10% free 10861K/12039K, paused 2ms+3ms
06-15 04:25:00.828  9783  9783 I PhoneLab-StatusMonitorLocation: Location_Latitude: 42.9543182 Longitude: -78.8267693 Accuracy: 37.0
06-15 04:25:00.828   275   670 D androidNetworkLocationListeners: Still have listener com.google.android.location.internal.client.NetworkLocationClient$1@413c1720
06-15 04:25:00.832  9783  9783 I PhoneLab-Locks: wake lock released
06-15 04:25:49.617  9783  9796 I PhoneLab-: Service Running
06-15 04:25:49.687  9783  9796 I PhoneLab-LoggerService: app_38    1039  1     1432   1032  c00f181c 400107b4 S logcat
06-15 04:25:49.687  9783  9796 I PhoneLab-LoggerService: Logcat pid from database 1039
06-15 04:25:49.687  9783  9796 I PhoneLab-LoggerService: Logcat process found 1039
06-15 04:25:49.687  9783  9796 I PhoneLab-LoggerService: Checking Threshold
06-15 04:25:49.687  9783  9796 I PhoneLab-: Service Running
06-15 04:25:49.714  9783  9796 I PhoneLab-LoggerService: app_38    1039  1     1432   1032  c00f181c 400107b4 S logcat
06-15 04:25:49.714  9783  9796 I PhoneLab-LoggerService: Logcat pid from database 1039
06-15 04:25:49.714  9783  9796 I PhoneLab-LoggerService: Logcat process found 1039
06-15 04:25:49.714  9783  9796 I PhoneLab-LoggerService: Checking Threshold
06-15 04:25:49.714  9783  9796 I PhoneLab-: Service Running
06-15 04:25:49.742  9783  9796 I PhoneLab-LoggerService: app_38    1039  1     1432   1032  c00f181c 400107b4 S logcat
06-15 04:25:49.742  9783  9796 I PhoneLab-LoggerService: Logcat pid from database 1039
06-15 04:25:49.742  9783  9796 I PhoneLab-LoggerService: Logcat process found 1039
06-15 04:25:49.742  9783  9796 I PhoneLab-LoggerService: Checking Threshold
06-15 04:25:49.742  9783  9796 I PhoneLab-: Service Running
06-15 04:25:49.769  9783  9796 I PhoneLab-LoggerService: app_38    1039  1     1432   1032  c00f181c 400107b4 S logcat
06-15 04:25:49.769  9783  9796 I PhoneLab-LoggerService: Logcat pid from database 1039
06-15 04:25:49.769  9783  9796 I PhoneLab-LoggerService: Logcat process found 1039
06-15 04:25:49.769  9783  9796 I PhoneLab-LoggerService: Checking Threshold
06-15 04:25:49.769  9783  9796 I PhoneLab-: Service Running
06-15 04:25:49.808  9783  9796 I PhoneLab-LoggerService: app_38    1039  1     1432   1032  c00f181c 400107b4 S logcat
06-15 04:25:49.812  9783  9796 I PhoneLab-LoggerService: Logcat pid from database 1039
06-15 04:25:49.812  9783  9796 I PhoneLab-LoggerService: Logcat process found 1039
06-15 04:25:49.812  9783  9796 I PhoneLab-LoggerService: Checking Threshold
06-15 04:25:49.812  9783  9796 I PhoneLab-: Service Running
06-15 04:25:49.828  9783  9785 D dalvikvm: GC_CONCURRENT freed 437K, 14% free 9205K/10695K, paused 1ms+2ms
06-15 04:25:49.851   141   157 V BackupManagerService: Running a backup pass
06-15 04:25:49.863   141   211 V BackupManagerService: Backup requested but nothing pending
06-15 04:25:49.867  9783  9796 I PhoneLab-LoggerService: app_38    1039  1     1432   1032  c00f181c 400107b4 S logcat
06-15 04:25:49.867  9783  9796 I PhoneLab-LoggerService: Logcat pid from database 1039
06-15 04:25:49.867  9783  9796 I PhoneLab-LoggerService: Logcat process found 1039
06-15 04:25:49.867  9783  9796 I PhoneLab-LoggerService: Checking Threshold
06-15 04:25:49.867  9783  9796 I PhoneLab-: Service Running
06-15 04:25:49.894  9783  9796 I PhoneLab-LoggerService: app_38    1039  1     1432   1032  c00f181c 400107b4 S logcat
06-15 04:25:49.894  9783  9796 I PhoneLab-LoggerService: Logcat pid from database 1039
06-15 04:25:49.894  9783  9796 I PhoneLab-LoggerService: Logcat process found 1039
06-15 04:25:49.898  9783  9796 I PhoneLab-LoggerService: Checking Threshold
06-15 04:25:49.898  9783  9796 I PhoneLab-: Service Running
06-15 04:25:49.921  9783  9796 I PhoneLab-LoggerService: app_38    1039  1     1432   1032  c00f181c 400107b4 S logcat
06-15 04:25:49.925  9783  9796 I PhoneLab-LoggerService: Logcat pid from database 1039
06-15 04:25:49.925  9783  9796 I PhoneLab-LoggerService: Logcat process found 1039
06-15 04:25:49.925  9783  9796 I PhoneLab-LoggerService: Checking Threshold
06-15 04:25:49.925  9783  9796 I PhoneLab-: Service Running
06-15 04:25:49.953  9783  9796 I PhoneLab-LoggerService: app_38    1039  1     1432   1032  c00f181c 400107b4 S logcat
06-15 04:25:49.953  9783  9796 I PhoneLab-LoggerService: Logcat pid from database 1039
06-15 04:25:49.953  9783  9796 I PhoneLab-LoggerService: Logcat process found 1039
06-15 04:25:49.953  9783  9796 I PhoneLab-LoggerService: Checking Threshold
06-15 04:25:49.953  9783  9796 I PhoneLab-: Service Running
06-15 04:25:49.980  9783  9796 I PhoneLab-LoggerService: app_38    1039  1     1432   1032  c00f181c 400107b4 S logcat
06-15 04:25:49.980  9783  9796 I PhoneLab-LoggerService: Logcat pid from database 1039
06-15 04:25:49.980  9783  9796 I PhoneLab-LoggerService: Logcat process found 1039
06-15 04:25:49.980  9783  9796 I PhoneLab-LoggerService: Checking Threshold
06-15 04:25:49.980  9783  9796 I PhoneLab-: Service Running
06-15 04:25:50.007  9783  9796 I PhoneLab-LoggerService: app_38    1039  1     1432   1032  c00f181c 400107b4 S logcat
06-15 04:25:50.007  9783  9796 I PhoneLab-LoggerService: Logcat pid from database 1039
06-15 04:25:50.007  9783  9796 I PhoneLab-LoggerService: Logcat process found 1039
06-15 04:25:50.007  9783  9796 I PhoneLab-LoggerService: Checking Threshold
06-15 04:26:41.058   212   214 D dalvikvm: GC_CONCURRENT freed 435K, 26% free 10784K/14535K, paused 3ms+5ms
06-15 04:28:43.511   275  1020 I EventLogService: Aggregate from 1339747123367 (log), 1339747123367 (data)
06-15 04:34:59.492  9783  9783 I PhoneLab-Locks: wake lock acquired
06-15 04:34:59.511  9783  9783 I PhoneLab-StatusMonitor: Status Monitoring is started
06-15 04:34:59.546  9783  9785 D dalvikvm: GC_CONCURRENT freed 487K, 14% free 9230K/10695K, paused 1ms+2ms
06-15 04:34:59.570  9783  9783 I PhoneLab-StatusMonitor: Value: 10 - unit: min
06-15 04:34:59.570  9783  9783 I PhoneLab-StatusMonitor: Running interval: 600000
06-15 04:34:59.578  9783  9783 I PhoneLab-StatusMonitor: Rescheduling status monitoring...
06-15 04:34:59.578  9783  9783 I PhoneLab-Locks: wake lock released
06-15 04:34:59.586  9783  9783 I PhoneLab-StatusMonitorLocation: Learning Location
06-15 04:34:59.586  9783  9783 I PhoneLab-Locks: wake lock acquired
06-15 04:34:59.589  9783  9783 I PhoneLab-Locks: wake lock acquired
06-15 04:34:59.589   275   670 D androidNetworkLocationListeners: Still have listener com.google.android.location.internal.client.NetworkLocationClient$1@413c1720
06-15 04:34:59.593  9783  9783 I PhoneLab-StatusMonitorLocation: Learning Signal Strgth
06-15 04:34:59.593  9783  9783 I PhoneLab-Locks: wake lock acquired
06-15 04:34:59.601   275   670 D androidNetworkLocationListeners: Still have listener com.google.android.location.internal.client.NetworkLocationClient$1@413c1720
06-15 04:34:59.601  9783  9783 I PhoneLab-StatusMonitorBattery: Battery_level: 49
06-15 04:34:59.605  9783  9783 I PhoneLab-Locks: wake lock released
06-15 04:34:59.609  9783  9783 I PhoneLab-StatusMonitorSignal: Signal_Strength: -86 asu: 14
06-15 04:34:59.609  9783  9783 I PhoneLab-Locks: wake lock released
06-15 04:35:00.929   275   277 D dalvikvm: GC_CONCURRENT freed 612K, 10% free 10862K/12039K, paused 2ms+3ms
06-15 04:35:00.945  9783  9783 I PhoneLab-StatusMonitorLocation: Location_Latitude: 42.9543452 Longitude: -78.8267737 Accuracy: 37.0
06-15 04:35:00.945   275   670 D androidNetworkLocationListeners: Still have listener com.google.android.location.internal.client.NetworkLocationClient$1@413c1720
06-15 04:35:00.949  9783  9783 I PhoneLab-Locks: wake lock released
06-15 04:35:01.582 10109 10110 D dalvikvm: GC_CONCURRENT freed 425K, 6% free 10400K/10951K, paused 3ms+5ms
06-15 04:45:00.007  9783  9783 I PhoneLab-Locks: wake lock acquired
06-15 04:45:00.011  9783  9783 I PhoneLab-StatusMonitor: Status Monitoring is started
06-15 04:45:00.093  9783  9785 D dalvikvm: GC_CONCURRENT freed 519K, 14% free 9222K/10695K, paused 4ms+6ms
06-15 04:45:00.125  9783  9783 I PhoneLab-StatusMonitor: Value: 10 - unit: min
06-15 04:45:00.129  9783  9783 I PhoneLab-StatusMonitor: Running interval: 600000
06-15 04:45:00.132  9783  9783 I PhoneLab-StatusMonitor: Rescheduling status monitoring...
06-15 04:45:00.132  9783  9783 I PhoneLab-Locks: wake lock released
06-15 04:45:00.140  9783  9783 I PhoneLab-StatusMonitorLocation: Learning Location
06-15 04:45:00.140  9783  9783 I PhoneLab-Locks: wake lock acquired
06-15 04:45:00.152  9783  9783 I PhoneLab-Locks: wake lock acquired
06-15 04:45:00.156  9783  9783 I PhoneLab-StatusMonitorLocation: Learning Signal Strgth
06-15 04:45:00.156  9783  9783 I PhoneLab-Locks: wake lock acquired
06-15 04:45:00.168   275   670 D androidNetworkLocationListeners: Still have listener com.google.android.location.internal.client.NetworkLocationClient$1@413c1720
06-15 04:45:00.179  9783  9783 I PhoneLab-StatusMonitorBattery: Battery_level: 49
06-15 04:45:00.179   275   670 D androidNetworkLocationListeners: Still have listener com.google.android.location.internal.client.NetworkLocationClient$1@413c1720
06-15 04:45:00.183  9783  9783 I PhoneLab-Locks: wake lock released
06-15 04:45:00.183  9783  9783 I PhoneLab-StatusMonitorSignal: Signal_Strength: -86 asu: 14
06-15 04:45:00.183  9783  9783 I PhoneLab-Locks: wake lock released
06-15 04:45:01.492   275   670 D androidNetworkLocationListeners: Still have listener com.google.android.location.internal.client.NetworkLocationClient$1@413c1720
06-15 04:45:01.496  9783  9783 I PhoneLab-StatusMonitorLocation: Location_Latitude: 42.9542807 Longitude: -78.8266995 Accuracy: 36.0
06-15 04:45:01.500  9783  9783 I PhoneLab-Locks: wake lock released
06-15 04:45:01.523   275   277 D dalvikvm: GC_CONCURRENT freed 515K, 10% free 10858K/12039K, paused 2ms+3ms
06-15 04:52:05.089  9783  9783 I PhoneLab-Locks: wake lock acquired
06-15 04:52:05.171   141   382 D dalvikvm: GC_EXPLICIT freed 1368K, 14% free 15759K/18183K, paused 3ms+7ms
06-15 04:52:05.191  9783 12694 I PhoneLab-PeriodicCheckService: User info is synched
06-15 04:52:05.195  9783 12694 I PhoneLab-PeriodicCheckService: Logger Service is running
06-15 04:52:05.195  9783 12694 I PhoneLab-Locks: wake lock acquired
06-15 04:52:05.199  9783  9783 I PhoneLab-UploadLogs: Transfering log files now
06-15 04:52:05.199  9783  9783 I PhoneLab-UploadLogs: No log files to transfer
06-15 04:52:05.199  9783  9783 I PhoneLab-Locks: wake lock released
06-15 04:52:05.199  9783  9783 I PhoneLab-UploadLogs: OnStartCommand
06-15 04:52:05.199  9783 12694 I PhoneLab-PeriodicCheckService: Rescheduling periodic checking...
06-15 04:52:05.203  9783 12694 I PhoneLab-Locks: wake lock released
06-15 04:55:00.136  9783  9783 I PhoneLab-Locks: wake lock acquired
06-15 04:55:00.144  9783  9783 I PhoneLab-StatusMonitor: Status Monitoring is started
06-15 04:55:00.207  9783  9785 D dalvikvm: GC_CONCURRENT freed 506K, 14% free 9227K/10695K, paused 3ms+5ms
06-15 04:55:00.238  9783  9783 I PhoneLab-StatusMonitor: Value: 10 - unit: min
06-15 04:55:00.238  9783  9783 I PhoneLab-StatusMonitor: Running interval: 600000
06-15 04:55:00.246  9783  9783 I PhoneLab-StatusMonitor: Rescheduling status monitoring...
06-15 04:55:00.246  9783  9783 I PhoneLab-Locks: wake lock released
06-15 04:55:20.007  9783  9783 I PhoneLab-StatusMonitorLocation: Learning Location
06-15 04:55:20.007  9783  9783 I PhoneLab-Locks: wake lock acquired
06-15 04:55:20.019  9783  9783 I PhoneLab-Locks: wake lock acquired
06-15 04:55:20.027  9783  9783 I PhoneLab-StatusMonitorLocation: Learning Signal Strgth
06-15 04:55:20.027  9783  9783 I PhoneLab-Locks: wake lock acquired
06-15 04:55:20.039   275   670 D androidNetworkLocationListeners: Still have listener com.google.android.location.internal.client.NetworkLocationClient$1@413c1720
06-15 04:55:20.043   275   670 D androidNetworkLocationListeners: Still have listener com.google.android.location.internal.client.NetworkLocationClient$1@413c1720
06-15 04:55:20.046  9783  9783 I PhoneLab-StatusMonitorBattery: Battery_level: 48
06-15 04:55:20.050  9783  9783 I PhoneLab-Locks: wake lock released
06-15 04:55:20.050  9783  9783 I PhoneLab-StatusMonitorSignal: Signal_Strength: -86 asu: 14
06-15 04:55:20.050  9783  9783 I PhoneLab-Locks: wake lock released
06-15 04:55:20.070  9783  9785 D dalvikvm: GC_CONCURRENT freed 452K, 15% free 9172K/10695K, paused 2ms+2ms
06-15 04:55:21.336  9783  9783 I PhoneLab-StatusMonitorLocation: Location_Latitude: 42.9543226 Longitude: -78.8267524 Accuracy: 36.0
06-15 04:55:21.336   275   670 D androidNetworkLocationListeners: Still have listener com.google.android.location.internal.client.NetworkLocationClient$1@413c1720
06-15 04:55:21.336  9783  9783 I PhoneLab-Locks: wake lock released
06-15 04:55:21.379   275   277 D dalvikvm: GC_CONCURRENT freed 490K, 10% free 10853K/12039K, paused 2ms+3ms
06-15 04:58:43.632   275   614 I EventLogService: Aggregate from 1339748923515 (log), 1339748923515 (data)
06-15 05:05:00.246  9783  9783 I PhoneLab-Locks: wake lock acquired
06-15 05:05:00.250  9783  9783 I PhoneLab-StatusMonitor: Status Monitoring is started
06-15 05:05:00.320  9783  9785 D dalvikvm: GC_CONCURRENT freed 335K, 13% free 9348K/10695K, paused 2ms+2ms
06-15 05:05:00.320  9783  9783 I PhoneLab-StatusMonitor: Value: 10 - unit: min
06-15 05:05:00.320  9783  9783 I PhoneLab-StatusMonitor: Running interval: 600000
06-15 05:05:00.328  9783  9783 I PhoneLab-StatusMonitor: Rescheduling status monitoring...
06-15 05:05:00.332  9783  9783 I PhoneLab-Locks: wake lock released
06-15 05:06:03.035  9783  9783 I PhoneLab-StatusMonitorLocation: Learning Location
06-15 05:06:03.035  9783  9783 I PhoneLab-Locks: wake lock acquired
06-15 05:06:03.078  9783  9783 I PhoneLab-Locks: wake lock acquired
06-15 05:06:03.082  9783  9783 I PhoneLab-StatusMonitorLocation: Learning Signal Strgth
06-15 05:06:03.082  9783  9783 I PhoneLab-Locks: wake lock acquired
06-15 05:06:03.093   275   670 D androidNetworkLocationListeners: Still have listener com.google.android.location.internal.client.NetworkLocationClient$1@413c1720
06-15 05:06:03.101   275   670 D androidNetworkLocationListeners: Still have listener com.google.android.location.internal.client.NetworkLocationClient$1@413c1720
06-15 05:06:03.101  9783  9783 I PhoneLab-StatusMonitorBattery: Battery_level: 48
06-15 05:06:03.105  9783  9783 I PhoneLab-Locks: wake lock released
06-15 05:06:03.109  9783  9783 I PhoneLab-StatusMonitorSignal: Signal_Strength: -86 asu: 14
06-15 05:06:03.109  9783  9783 I PhoneLab-Locks: wake lock released
06-15 05:06:04.023  9710  9713 D dalvikvm: GC_CONCURRENT freed 480K, 15% free 10881K/12679K, paused 2ms+3ms
06-15 05:06:04.406  9783  9783 I PhoneLab-StatusMonitorLocation: Location_Latitude: 42.9542819 Longitude: -78.8267136 Accuracy: 34.0
06-15 05:06:04.406   275   670 D androidNetworkLocationListeners: Still have listener com.google.android.location.internal.client.NetworkLocationClient$1@413c1720
06-15 05:06:04.410  9783  9783 I PhoneLab-Locks: wake lock released
06-15 05:06:04.437   275   277 D dalvikvm: GC_CONCURRENT freed 540K, 10% free 10861K/12039K, paused 2ms+3ms
06-15 05:10:47.121   212   214 D dalvikvm: GC_CONCURRENT freed 456K, 26% free 10792K/14535K, paused 2ms+4ms
06-15 05:10:47.543 10109 10110 D dalvikvm: GC_CONCURRENT freed 438K, 5% free 10413K/10951K, paused 3ms+5ms
06-15 05:15:00.332  9783  9783 I PhoneLab-Locks: wake lock acquired
06-15 05:15:00.343  9783  9783 I PhoneLab-StatusMonitor: Status Monitoring is started
06-15 05:15:00.414  9783  9785 D dalvikvm: GC_CONCURRENT freed 530K, 13% free 9330K/10695K, paused 1ms+2ms
06-15 05:15:00.414  9783  9783 I PhoneLab-StatusMonitor: Value: 10 - unit: min
06-15 05:15:00.414  9783  9783 I PhoneLab-StatusMonitor: Running interval: 600000
06-15 05:15:00.422  9783  9783 I PhoneLab-StatusMonitor: Rescheduling status monitoring...
06-15 05:15:00.422  9783  9783 I PhoneLab-Locks: wake lock released
06-15 05:22:04.031  9783  9783 I PhoneLab-StatusMonitorLocation: Learning Location
06-15 05:22:04.031  9783  9783 I PhoneLab-Locks: wake lock acquired
06-15 05:22:04.043  9783  9783 I PhoneLab-Locks: wake lock acquired
06-15 05:22:04.047  9783  9783 I PhoneLab-StatusMonitorLocation: Learning Signal Strgth
06-15 05:22:04.047  9783  9783 I PhoneLab-Locks: wake lock acquired
06-15 05:22:04.082   275   670 D androidNetworkLocationListeners: Still have listener com.google.android.location.internal.client.NetworkLocationClient$1@413c1720
06-15 05:22:04.101   275   670 D androidNetworkLocationListeners: Still have listener com.google.android.location.internal.client.NetworkLocationClient$1@413c1720
06-15 05:22:04.101  9783  9783 I PhoneLab-StatusMonitorBattery: Battery_level: 48
06-15 05:22:04.105  9783  9783 I PhoneLab-Locks: wake lock released
06-15 05:22:04.109  9783  9783 I PhoneLab-StatusMonitorSignal: Signal_Strength: -86 asu: 14
06-15 05:22:04.109  9783  9783 I PhoneLab-Locks: wake lock released
06-15 05:22:05.218  9783  9783 I PhoneLab-Locks: wake lock acquired
06-15 05:22:05.261  9783 12708 I PhoneLab-PeriodicCheckService: User info is synched
06-15 05:22:05.261  9783 12708 I PhoneLab-PeriodicCheckService: Logger Service is running
06-15 05:22:05.261  9783 12708 I PhoneLab-Locks: wake lock acquired
06-15 05:22:05.265  9783  9783 I PhoneLab-UploadLogs: Transfering log files now
06-15 05:22:05.265  9783  9783 I PhoneLab-UploadLogs: No log files to transfer
06-15 05:22:05.265  9783  9783 I PhoneLab-Locks: wake lock released
06-15 05:22:05.269  9783  9783 I PhoneLab-UploadLogs: OnStartCommand
06-15 05:22:05.269  9783 12708 I PhoneLab-PeriodicCheckService: Rescheduling periodic checking...
06-15 05:22:05.304  9783 12708 I PhoneLab-Locks: wake lock released
06-15 05:22:05.347   275   670 D androidNetworkLocationListeners: Still have listener com.google.android.location.internal.client.NetworkLocationClient$1@413c1720
06-15 05:22:05.347  9783  9783 I PhoneLab-StatusMonitorLocation: Location_Latitude: 42.9543057 Longitude: -78.8267279 Accuracy: 36.0
06-15 05:22:05.347  9783  9783 I PhoneLab-Locks: wake lock released
06-15 05:22:06.644   275   277 D dalvikvm: GC_CONCURRENT freed 611K, 10% free 10862K/12039K, paused 2ms+3ms
06-15 05:25:00.441  9783  9783 I PhoneLab-Locks: wake lock acquired
06-15 05:25:00.472  9783  9783 I PhoneLab-StatusMonitor: Status Monitoring is started
06-15 05:25:00.531  9783  9785 D dalvikvm: GC_CONCURRENT freed 543K, 14% free 9296K/10695K, paused 1ms+2ms
06-15 05:25:00.535  9783  9783 I PhoneLab-StatusMonitor: Value: 10 - unit: min
06-15 05:25:00.535  9783  9783 I PhoneLab-StatusMonitor: Running interval: 600000
06-15 05:25:00.546  9783  9783 I PhoneLab-StatusMonitor: Rescheduling status monitoring...
06-15 05:25:00.546  9783  9783 I PhoneLab-Locks: wake lock released
06-15 05:25:00.554  9783  9783 I PhoneLab-StatusMonitorLocation: Learning Location
06-15 05:25:00.554  9783  9783 I PhoneLab-Locks: wake lock acquired
06-15 05:25:00.558  9783  9783 I PhoneLab-Locks: wake lock acquired
06-15 05:25:00.558   275   670 D androidNetworkLocationListeners: Still have listener com.google.android.location.internal.client.NetworkLocationClient$1@413c1720
06-15 05:25:00.562  9783  9783 I PhoneLab-StatusMonitorLocation: Learning Signal Strgth
06-15 05:25:00.562  9783  9783 I PhoneLab-Locks: wake lock acquired
06-15 05:25:00.570   275   670 D androidNetworkLocationListeners: Still have listener com.google.android.location.internal.client.NetworkLocationClient$1@413c1720
06-15 05:25:00.570  9783  9783 I PhoneLab-StatusMonitorBattery: Battery_level: 48
06-15 05:25:00.574  9783  9783 I PhoneLab-Locks: wake lock released
06-15 05:25:00.578  9783  9783 I PhoneLab-StatusMonitorSignal: Signal_Strength: -86 asu: 14
06-15 05:25:00.578  9783  9783 I PhoneLab-Locks: wake lock released
06-15 05:25:01.867  9783  9783 I PhoneLab-StatusMonitorLocation: Location_Latitude: 42.9542997 Longitude: -78.826723 Accuracy: 40.0
06-15 05:25:01.867   275   670 D androidNetworkLocationListeners: Still have listener com.google.android.location.internal.client.NetworkLocationClient$1@413c1720
06-15 05:25:01.867  9783  9783 I PhoneLab-Locks: wake lock released
06-15 05:25:03.195   275   277 D dalvikvm: GC_CONCURRENT freed 570K, 10% free 10858K/12039K, paused 2ms+2ms
06-15 05:28:43.746   275   818 I EventLogService: Aggregate from 1339750723636 (log), 1339750723636 (data)
06-15 05:28:43.812   141   143 D dalvikvm: GC_CONCURRENT freed 1566K, 14% free 15768K/18183K, paused 19ms+7ms
06-15 05:29:09.007   141   157 V BackupManagerService: Running a backup pass
06-15 05:29:09.074   141   211 V BackupManagerService: Backup requested but nothing pending
06-15 05:35:01.007  9783  9783 I PhoneLab-Locks: wake lock acquired
06-15 05:35:01.011  9783  9783 I PhoneLab-StatusMonitor: Status Monitoring is started
06-15 05:35:01.074  9783  9785 D dalvikvm: GC_CONCURRENT freed 537K, 14% free 9270K/10695K, paused 1ms+3ms
06-15 05:35:01.078  9783  9783 I PhoneLab-StatusMonitor: Value: 10 - unit: min
06-15 05:35:01.078  9783  9783 I PhoneLab-StatusMonitor: Running interval: 600000
06-15 05:35:01.086  9783  9783 I PhoneLab-StatusMonitor: Rescheduling status monitoring...
06-15 05:35:01.086  9783  9783 I PhoneLab-Locks: wake lock released
06-15 05:35:01.093  9783  9783 I PhoneLab-StatusMonitorLocation: Learning Location
06-15 05:35:01.093  9783  9783 I PhoneLab-Locks: wake lock acquired
06-15 05:35:01.117  9783  9783 I PhoneLab-Locks: wake lock acquired
06-15 05:35:01.121  9783  9783 I PhoneLab-StatusMonitorLocation: Learning Signal Strgth
06-15 05:35:01.121  9783  9783 I PhoneLab-Locks: wake lock acquired
06-15 05:35:01.121   275   670 D androidNetworkLocationListeners: Still have listener com.google.android.location.internal.client.NetworkLocationClient$1@413c1720
06-15 05:35:01.132   275   670 D androidNetworkLocationListeners: Still have listener com.google.android.location.internal.client.NetworkLocationClient$1@413c1720
06-15 05:35:01.140  9783  9783 I PhoneLab-StatusMonitorBattery: Battery_level: 48
06-15 05:35:01.140  9783  9783 I PhoneLab-Locks: wake lock released
06-15 05:35:01.144  9783  9783 I PhoneLab-StatusMonitorSignal: Signal_Strength: -86 asu: 14
06-15 05:35:01.144  9783  9783 I PhoneLab-Locks: wake lock released
06-15 05:35:02.410  9783  9783 I PhoneLab-StatusMonitorLocation: Location_Latitude: 42.9543249 Longitude: -78.8267679 Accuracy: 42.0
06-15 05:35:02.410   275   670 D androidNetworkLocationListeners: Still have listener com.google.android.location.internal.client.NetworkLocationClient$1@413c1720
06-15 05:35:02.410  9783  9783 I PhoneLab-Locks: wake lock released
06-15 05:35:03.750   275   277 D dalvikvm: GC_CONCURRENT freed 543K, 10% free 10860K/12039K, paused 2ms+5ms
06-15 05:45:01.089  9783  9783 I PhoneLab-Locks: wake lock acquired
06-15 05:45:01.089  9783  9783 I PhoneLab-StatusMonitor: Status Monitoring is started
06-15 05:45:01.144  9783  9785 D dalvikvm: GC_CONCURRENT freed 534K, 14% free 9244K/10695K, paused 2ms+2ms
06-15 05:45:01.152  9783  9783 I PhoneLab-StatusMonitor: Value: 10 - unit: min
06-15 05:45:01.152  9783  9783 I PhoneLab-StatusMonitor: Running interval: 600000
06-15 05:45:01.168  9783  9783 I PhoneLab-StatusMonitor: Rescheduling status monitoring...
06-15 05:45:01.168  9783  9783 I PhoneLab-Locks: wake lock released
06-15 05:45:01.175  9783  9783 I PhoneLab-StatusMonitorLocation: Learning Location
06-15 05:45:01.175  9783  9783 I PhoneLab-Locks: wake lock acquired
06-15 05:45:01.179  9783  9783 I PhoneLab-Locks: wake lock acquired
06-15 05:45:01.179   275   670 D androidNetworkLocationListeners: Still have listener com.google.android.location.internal.client.NetworkLocationClient$1@413c1720
06-15 05:45:01.183  9783  9783 I PhoneLab-StatusMonitorLocation: Learning Signal Strgth
06-15 05:45:01.183  9783  9783 I PhoneLab-Locks: wake lock acquired
06-15 05:45:01.222  9783  9783 D dalvikvm: GC_EXPLICIT freed 204K, 15% free 9178K/10695K, paused 1ms+3ms
06-15 05:45:01.238  9783  9783 I PhoneLab-StatusMonitorBattery: Battery_level: 48
06-15 05:45:01.238   275   670 D androidNetworkLocationListeners: Still have listener com.google.android.location.internal.client.NetworkLocationClient$1@413c1720
06-15 05:45:01.242  9783  9783 I PhoneLab-Locks: wake lock released
06-15 05:45:01.246  9783  9783 I PhoneLab-StatusMonitorSignal: Signal_Strength: -86 asu: 14
06-15 05:45:01.246  9783  9783 I PhoneLab-Locks: wake lock released
06-15 05:45:02.550   275   670 D androidNetworkLocationListeners: Still have listener com.google.android.location.internal.client.NetworkLocationClient$1@413c1720
06-15 05:45:02.550  9783  9783 I PhoneLab-StatusMonitorLocation: Location_Latitude: 42.9543038 Longitude: -78.8267731 Accuracy: 37.0
06-15 05:45:02.554  9783  9783 I PhoneLab-Locks: wake lock released
06-15 05:52:05.300  9783  9783 I PhoneLab-Locks: wake lock acquired
06-15 05:52:05.324  9783 12721 I PhoneLab-PeriodicCheckService: User info is synched
06-15 05:52:05.343  9783 12721 I PhoneLab-PeriodicCheckService: Logger Service is running
06-15 05:52:05.347  9783 12721 I PhoneLab-Locks: wake lock acquired
06-15 05:52:05.355  9783  9783 I PhoneLab-UploadLogs: Transfering log files now
