06-11 14:07:08.954   291   291 I wpa_supplicant: wlan0: CTRL-EVENT-EAP-PROPOSED-METHOD vendor=0 method=4 -> NAK
06-11 14:07:08.958   291   291 I wpa_supplicant: wlan0: CTRL-EVENT-EAP-PROPOSED-METHOD vendor=0 method=25
06-11 14:07:08.958   291   291 I wpa_supplicant: wlan0: CTRL-EVENT-EAP-METHOD EAP vendor 0 method 25 (PEAP) selected
06-11 14:07:08.966   291   291 I wpa_supplicant: EAP-TLV: TLV Result - Success - EAP-TLV/Phase2 Completed
06-11 14:07:44.801   291   291 I wpa_supplicant: wlan0: CTRL-EVENT-EAP-STARTED EAP authentication started
06-11 14:07:44.805   291   291 I wpa_supplicant: wlan0: CTRL-EVENT-DISCONNECTED bssid=d0:c2:82:84:8d:50 reason=0
06-11 14:07:46.079   291   291 I wpa_supplicant: wlan0: Trying to associate with 64:a0:e7:5d:18:30 (SSID='UB_Secure' freq=2412 MHz)
06-11 14:07:46.266   291   291 I wpa_supplicant: wlan0: Associated with 64:a0:e7:5d:18:30
06-11 14:07:46.266   291   291 I wpa_supplicant: wlan0: CTRL-EVENT-EAP-STARTED EAP authentication started
06-11 14:07:46.278   291   291 I wpa_supplicant: wlan0: CTRL-EVENT-EAP-PROPOSED-METHOD vendor=0 method=4 -> NAK
06-11 14:07:46.286   291   291 I wpa_supplicant: wlan0: CTRL-EVENT-EAP-PROPOSED-METHOD vendor=0 method=25
06-11 14:07:46.286   291   291 I wpa_supplicant: wlan0: CTRL-EVENT-EAP-METHOD EAP vendor 0 method 25 (PEAP) selected
06-11 14:07:46.317   291   291 I wpa_supplicant: EAP-TLV: TLV Result - Success - EAP-TLV/Phase2 Completed
06-11 14:07:49.946  8667  8680 I PhoneLab-: Service Running
06-11 14:07:50.012  8667  8680 I PhoneLab-LoggerService: app_38    1030  1     1428   984   c00f181c 400107b4 S logcat
06-11 14:07:50.012  8667  8680 I PhoneLab-LoggerService: Logcat pid from database 1030
06-11 14:07:50.012  8667  8680 I PhoneLab-LoggerService: Logcat process found 1030
06-11 14:07:50.012  8667  8680 I PhoneLab-LoggerService: Checking Threshold
06-11 14:08:22.200   291   291 I wpa_supplicant: wlan0: CTRL-EVENT-EAP-STARTED EAP authentication started
06-11 14:08:22.212   291   291 I wpa_supplicant: wlan0: CTRL-EVENT-DISCONNECTED bssid=64:a0:e7:5d:18:30 reason=0
06-11 14:08:23.489   291   291 I wpa_supplicant: wlan0: Trying to associate with d0:c2:82:66:6b:f0 (SSID='UB_Secure' freq=2462 MHz)
06-11 14:08:23.591    75   112 D NetlinkEvent: Unexpected netlink message. type=0xf
06-11 14:08:28.118   291   291 I wpa_supplicant: wlan0: CTRL-EVENT-DISCONNECTED bssid=d0:c2:82:66:6b:f0 reason=0
06-11 14:08:28.739   291   291 I wpa_supplicant: wlan0: Trying to associate with d0:c2:82:2d:e4:b0 (SSID='UB_Secure' freq=2412 MHz)
06-11 14:08:28.778   291   291 I wpa_supplicant: wlan0: Associated with d0:c2:82:2d:e4:b0
06-11 14:08:28.778   291   291 I wpa_supplicant: wlan0: CTRL-EVENT-EAP-STARTED EAP authentication started
06-11 14:08:28.782    75   112 D NetlinkEvent: Unexpected netlink message. type=0x30
06-11 14:08:28.786   291   291 I wpa_supplicant: wlan0: CTRL-EVENT-EAP-PROPOSED-METHOD vendor=0 method=4 -> NAK
06-11 14:08:28.790   291   291 I wpa_supplicant: wlan0: CTRL-EVENT-EAP-PROPOSED-METHOD vendor=0 method=25
06-11 14:08:28.790   291   291 I wpa_supplicant: wlan0: CTRL-EVENT-EAP-METHOD EAP vendor 0 method 25 (PEAP) selected
06-11 14:08:28.801   291   291 I wpa_supplicant: EAP-TLV: TLV Result - Success - EAP-TLV/Phase2 Completed
06-11 14:09:04.798   291   291 I wpa_supplicant: wlan0: CTRL-EVENT-EAP-STARTED EAP authentication started
06-11 14:09:04.801    75   112 D NetlinkEvent: Unexpected netlink message. type=0x30
06-11 14:09:04.805   291   291 I wpa_supplicant: wlan0: CTRL-EVENT-DISCONNECTED bssid=d0:c2:82:2d:e4:b0 reason=0
06-11 14:09:06.087   291   291 I wpa_supplicant: wlan0: Trying to associate with d0:c2:82:66:6b:f0 (SSID='UB_Secure' freq=2462 MHz)
06-11 14:09:06.235   291   291 I wpa_supplicant: wlan0: Associated with d0:c2:82:66:6b:f0
06-11 14:09:06.235   291   291 I wpa_supplicant: wlan0: CTRL-EVENT-EAP-STARTED EAP authentication started
06-11 14:09:06.239   291   291 I wpa_supplicant: wlan0: CTRL-EVENT-EAP-PROPOSED-METHOD vendor=0 method=4 -> NAK
06-11 14:09:06.247   291   291 I wpa_supplicant: wlan0: CTRL-EVENT-EAP-PROPOSED-METHOD vendor=0 method=25
06-11 14:09:06.247   291   291 I wpa_supplicant: wlan0: CTRL-EVENT-EAP-METHOD EAP vendor 0 method 25 (PEAP) selected
06-11 14:09:06.259    75   112 D NetlinkEvent: Unexpected netlink message. type=0x30
06-11 14:09:06.266   291   291 I wpa_supplicant: EAP-TLV: TLV Result - Success - EAP-TLV/Phase2 Completed
06-11 14:09:10.227   140   413 D AlarmManagerService: Kernel timezone updated to 240 minutes west of GMT
06-11 14:09:42.204   291   291 I wpa_supplicant: wlan0: CTRL-EVENT-EAP-STARTED EAP authentication started
06-11 14:09:42.204    75   112 D NetlinkEvent: Unexpected netlink message. type=0x30
06-11 14:09:42.212   291   291 I wpa_supplicant: wlan0: CTRL-EVENT-DISCONNECTED bssid=d0:c2:82:66:6b:f0 reason=0
06-11 14:09:43.903   291   291 I wpa_supplicant: wlan0: Trying to associate with d0:c2:82:84:8d:50 (SSID='UB_Secure' freq=2462 MHz)
06-11 14:09:48.044   291   291 I wpa_supplicant: wlan0: CTRL-EVENT-DISCONNECTED bssid=d0:c2:82:84:8d:50 reason=0
06-11 14:09:48.661   291   291 I wpa_supplicant: wlan0: Trying to associate with d0:c2:82:2d:e4:b0 (SSID='UB_Secure' freq=2412 MHz)
06-11 14:09:49.946  8667  8680 I PhoneLab-: Service Running
06-11 14:09:50.009  8667  8680 I PhoneLab-LoggerService: app_38    1030  1     1428   984   c00f181c 400107b4 S logcat
06-11 14:09:50.012  8667  8680 I PhoneLab-LoggerService: Logcat pid from database 1030
06-11 14:09:50.012  8667  8680 I PhoneLab-LoggerService: Logcat process found 1030
06-11 14:09:50.012  8667  8680 I PhoneLab-LoggerService: Checking Threshold
06-11 14:09:58.794   291   291 I wpa_supplicant: wlan0: Authentication with d0:c2:82:2d:e4:b0 timed out.
06-11 14:10:00.329   291   291 I wpa_supplicant: wlan0: Trying to associate with d0:c2:82:66:6b:f0 (SSID='UB_Secure' freq=2462 MHz)
06-11 14:10:10.446   291   291 I wpa_supplicant: wlan0: Authentication with d0:c2:82:66:6b:f0 timed out.
06-11 14:10:12.016   291   291 I wpa_supplicant: wlan0: Trying to associate with d0:c2:82:2d:e4:b0 (SSID='UB_Secure' freq=2412 MHz)
06-11 14:10:12.270  5799  5803 D dalvikvm: GC_CONCURRENT freed 382K, 8% free 10733K/11655K, paused 5ms+5ms
06-11 14:10:22.165   291   291 I wpa_supplicant: wlan0: Authentication with d0:c2:82:2d:e4:b0 timed out.
06-11 14:10:23.723   291   291 I wpa_supplicant: wlan0: Trying to associate with d0:c2:82:66:6b:f0 (SSID='UB_Secure' freq=2462 MHz)
06-11 14:10:23.876   291   291 I wpa_supplicant: wlan0: Associated with d0:c2:82:66:6b:f0
06-11 14:10:23.876   291   291 I wpa_supplicant: wlan0: CTRL-EVENT-EAP-STARTED EAP authentication started
06-11 14:10:23.884   291   291 I wpa_supplicant: wlan0: CTRL-EVENT-EAP-PROPOSED-METHOD vendor=0 method=4 -> NAK
06-11 14:10:23.895   291   291 I wpa_supplicant: wlan0: CTRL-EVENT-EAP-PROPOSED-METHOD vendor=0 method=25
06-11 14:10:23.895   291   291 I wpa_supplicant: wlan0: CTRL-EVENT-EAP-METHOD EAP vendor 0 method 25 (PEAP) selected
06-11 14:10:23.926   291   291 I wpa_supplicant: EAP-TLV: TLV Result - Success - EAP-TLV/Phase2 Completed
06-11 14:10:59.809   291   291 I wpa_supplicant: wlan0: CTRL-EVENT-DISCONNECTED bssid=d0:c2:82:66:6b:f0 reason=0
06-11 14:11:01.485   291   291 I wpa_supplicant: wlan0: Trying to associate with d0:c2:82:84:8d:50 (SSID='UB_Secure' freq=2462 MHz)
06-11 14:11:05.645   291   291 I wpa_supplicant: wlan0: CTRL-EVENT-DISCONNECTED bssid=d0:c2:82:84:8d:50 reason=0
06-11 14:11:06.266   291   291 I wpa_supplicant: wlan0: Trying to associate with d0:c2:82:66:6b:f0 (SSID='UB_Secure' freq=2462 MHz)
06-11 14:11:06.325   291   291 I wpa_supplicant: wlan0: Associated with d0:c2:82:66:6b:f0
06-11 14:11:06.325   291   291 I wpa_supplicant: wlan0: CTRL-EVENT-EAP-STARTED EAP authentication started
