06-08 13:26:36.774  1278  1278 I PhoneLab-WiFiReceiver: Wi-Fi is disconnected!
06-08 13:26:36.774   151   503 I ActivityManager: No longer want com.google.android.partnersetup (pid 1424): hidden #16
06-08 13:26:36.782   151   313 D ConnectivityService: handleInetConditionHoldEnd: net=0, condition=100, published condition=100
06-08 13:26:36.821  1119  1133 D PicasaSyncManager: active network: NetworkInfo: type: mobile[CDMA - EvDo rev. A], state: CONNECTED/CONNECTED, reason: (unspecified), extra: , roaming: false, failover: false, isAvailable: true
06-08 13:26:36.821  1119  1133 D PicasaSyncManager: background data: true
06-08 13:26:36.860  1807  1807 I MediaUploader: No need to wake up
06-08 13:26:36.911   151   153 D dalvikvm: GC_CONCURRENT freed 693K, 8% free 12630K/13639K, paused 3ms+5ms
06-08 13:26:38.294   476   476 D SAN_SERVICE: *******************************************
06-08 13:26:38.294   476   476 D SAN_SERVICE: DM App Phone Service State - 0
06-08 13:26:38.294   476   476 D SAN_SERVICE: *******************************************
06-08 13:26:38.555   476   476 D SAN_SERVICE: *******************************************
06-08 13:26:38.555   476   476 D SAN_SERVICE: DM App Phone Service State - 0
06-08 13:26:38.555   476   476 D SAN_SERVICE: *******************************************
06-08 13:26:39.298   476   476 D SAN_SERVICE: *******************************************
06-08 13:26:39.298   476   476 D SAN_SERVICE: DM App Phone Service State - 0
06-08 13:26:39.298   476   476 D SAN_SERVICE: *******************************************
06-08 13:26:39.575   151   313 D ConnectivityService: ConnectivityChange for WIFI: CONNECTED/CONNECTED
06-08 13:26:39.575   151   313 D ConnectivityService: Policy requires mobile teardown
06-08 13:26:39.626  1278  1278 I PhoneLab-WiFiReceiver: Wi-Fi is connected!
06-08 13:26:39.633  1278  1278 I PhoneLab-WiFiReceiver: SSID: UB_Secure BSSID: d0:c2:82:2d:e5:b0 RSSI: -81 LinkSpeed: -1
06-08 13:26:39.637  1278  1278 I PhoneLab-Locks: wake lock acquired
06-08 13:26:39.676  1278  1278 I PhoneLab-UploadLogs: Transfering log files now
06-08 13:26:39.692  1278  1278 I PhoneLab-UploadLogs: No log files to transfer
06-08 13:26:39.692  1278  1278 I PhoneLab-Locks: wake lock released
06-08 13:26:39.700  1278  1278 I PhoneLab-UploadLogs: OnStartCommand
06-08 13:26:39.704   151   313 D ConnectivityService: ConnectivityChange for mobile: DISCONNECTED/DISCONNECTED
06-08 13:26:39.708   151   313 D ConnectivityService: Attempting to switch to WIFI
06-08 13:26:39.708   151   313 D ConnectivityService: Attempting to switch to WIMAX
06-08 13:26:39.708   151   313 D ConnectivityService: Attempting to switch to BLUETOOTH_TETHER
06-08 13:26:39.719   151   313 D NetUtils: android_net_utils_resetConnections in env=0x2e4eb0 clazz=0x4f500001 iface=rmnet0 mask=0x3
06-08 13:26:39.719   151   313 D ConnectivityService: resetConnections(rmnet0, 3)
06-08 13:26:39.727   151   307 W NetworkStats: dropping UID delta from unknown iface: iface=wlan0 uid=0 set=DEFAULT tag=0x0 rxBytes=0 rxPackets=0 txBytes=252 txPackets=4 operations=0
06-08 13:26:39.778   476   479 D dalvikvm: GC_CONCURRENT freed 392K, 6% free 9523K/10119K, paused 2ms+9ms
06-08 13:26:39.876   718  1600 W GDataClient: Unable to execute HTTP request.javax.net.ssl.SSLException: Read error: ssl=0x3a3270: I/O error during system call, Connection timed out
06-08 13:26:39.880   718  1600 D ContactsSyncAdapter: IOException downloading photo
06-08 13:26:39.880   718  1609 W Smack/Packet: notify conn break (IOEx), close connection
06-08 13:26:39.891   151   193 D SyncManager: failed sync operation jayinamdar@gmail.com (com.google), com.android.contacts, SERVER, earliestRunTime 254701, SyncResult: stats [ numIoExceptions: 1 numInserts: 833 numUpdates: 2 numEntries: 835]
06-08 13:26:40.032  1332  1332 D OpenGLRenderer: Flushing caches (mode 1)
06-08 13:26:40.032   718  1609 I qtaguid : Failed write_ctrl(u 87) res=-1 errno=22
06-08 13:26:40.032   718  1609 I qtaguid : Untagging socket 87 failed errno=-22
06-08 13:26:40.032   718  1609 W NetworkManagementSocketTagger: untagSocket(87) failed with errno -22
06-08 13:26:40.040   151   313 D ConnectivityService: handleInetConditionChange: net=0 != default=1 - ignore
06-08 13:26:40.094   718   720 D dalvikvm: GC_CONCURRENT freed 466K, 13% free 10154K/11591K, paused 2ms+4ms
06-08 13:26:40.184  1402  1404 D dalvikvm: GC_CONCURRENT freed 268K, 4% free 9592K/9991K, paused 2ms+3ms
06-08 13:26:41.313   151   205 I ActivityManager: START {act=android.intent.action.MAIN cat=[android.intent.category.HOME] flg=0x10200000 cmp=com.android.launcher/com.android.launcher2.Launcher} from pid 151
06-08 13:26:41.423   151   505 D AlarmManagerService: Kernel timezone updated to 240 minutes west of GMT
06-08 13:26:41.602  1643  1645 D dalvikvm: GC_CONCURRENT freed 2164K, 37% free 11756K/18567K, paused 2ms+10ms
06-08 13:26:41.645  1198  1198 D OpenGLRenderer: Flushing caches (mode 0)
06-08 13:26:41.727  1198  1198 D OpenGLRenderer: Flushing caches (mode 1)
06-08 13:26:41.751   151   153 D dalvikvm: GC_CONCURRENT freed 788K, 8% free 12641K/13639K, paused 2ms+4ms
06-08 13:26:41.903  1402  1843 D dalvikvm: GC_EXPLICIT freed 378K, 5% free 9603K/10055K, paused 3ms+7ms
06-08 13:26:41.915  1402  1843 I Gmail   : getStartSyncRequest: handledServerOpId: 0, upperFetchedConvoId: 0, lowerFetchedConvoId: 0, ackedClientOp: 0
06-08 13:26:41.942  1332  1332 D OpenGLRenderer: Flushing caches (mode 1)
06-08 13:26:42.704  1402  1404 D dalvikvm: GC_CONCURRENT freed 430K, 6% free 9618K/10183K, paused 4ms+3ms
06-08 13:26:42.712   151   316 D Tethering: MasterInitialState.processMessage what=3
06-08 13:26:42.747   718   718 I GTalkService/c: [AndroidEndpoint@1095436744] connect: acct=1000000, state=CONNECTING
06-08 13:26:42.762   151   316 D Tethering: MasterInitialState.processMessage what=3
06-08 13:26:42.766   151   316 D Tethering: MasterInitialState.processMessage what=3
06-08 13:26:42.805  1807  1807 I MediaUploader: No need to wake up
06-08 13:26:42.825  1119  1133 D PicasaSyncManager: active network: NetworkInfo: type: WIFI[], state: CONNECTED/CONNECTED, reason: (unspecified), extra: (none), roaming: false, failover: false, isAvailable: true
06-08 13:26:42.825  1119  1133 D PicasaSyncManager: background data: true
06-08 13:26:42.856  1807  1807 I MediaUploader: No need to wake up
06-08 13:26:42.903  1807  1807 I MediaUploader: No need to wake up
06-08 13:26:43.020  1119  1133 D PicasaSyncManager: active network: NetworkInfo: type: WIFI[], state: CONNECTED/CONNECTED, reason: (unspecified), extra: (none), roaming: false, failover: false, isAvailable: true
06-08 13:26:43.020  1119  1133 D PicasaSyncManager: background data: true
06-08 13:26:43.258  1402  1404 D dalvikvm: GC_CONCURRENT freed 401K, 6% free 9650K/10183K, paused 2ms+4ms
06-08 13:26:43.442  1402  1404 D dalvikvm: GC_CONCURRENT freed 409K, 6% free 9650K/10183K, paused 2ms+3ms
06-08 13:26:43.598  1402  1404 D dalvikvm: GC_CONCURRENT freed 403K, 6% free 9656K/10183K, paused 2ms+2ms
06-08 13:26:43.758  1402  1404 D dalvikvm: GC_CONCURRENT freed 393K, 6% free 9663K/10183K, paused 2ms+2ms
06-08 13:26:43.817   151   313 D ConnectivityService: handleInetConditionHoldEnd: net=1, condition=100, published condition=0
06-08 13:26:43.915  1402  1404 D dalvikvm: GC_CONCURRENT freed 382K, 6% free 9671K/10183K, paused 2ms+3ms
06-08 13:26:44.048   151   505 D dalvikvm: GC_EXPLICIT freed 352K, 8% free 12579K/13639K, paused 2ms+4ms
06-08 13:26:44.235  1402  1843 I Gmail   : checkLabelsSets changed the label sets to: included([^^out, ^r]), partial([^i, ^f, ^iim]), all([userlabel:3211916, userlabel:3343, ^imi, ^iim, ^all, ^io_im, userlabel:2914456, userlabel:1125320740, userlabel:2896756, ^imn, userlabel:-417171586, userlabel:-1492276993, userlabel:-1539155123, userlabel:-1492276994, userlabel:-1109985830, userlabel:-411373495, userlabel:-580528559, userlabel:2024085552, ^i, ^g, ^f, userlabel:94101, userlabel:93982, userlabel:-1508083783, ^k, userlabel:102618, userlabel:93692, userlabel:110535568, ^b, userlabel:-644524870, userlabel:-1492276990, userlabel:-1492276991, userlabel:-1492276992, userlabel:3026, userlabel:3025, userlabel:3619905, ^t, ^u, userlabel:843908213, ^r, userlabel:-1492383895, ^s])
06-08 13:26:44.274  1402  1843 I Gmail   : calculateUnknownSyncRationalesAndPurgeInBackground: queueing
06-08 13:26:44.278  1402  1453 I Gmail   : calculateUnknownSyncRationalesAndPurgeInBackground: running
06-08 13:26:44.462  1402  1843 D dalvikvm: GC_EXPLICIT freed 334K, 5% free 9701K/10183K, paused 5ms+4ms
06-08 13:26:44.630   718   720 D dalvikvm: GC_CONCURRENT freed 321K, 12% free 10218K/11591K, paused 3ms+4ms
06-08 13:26:44.645  1402  1843 I Gmail   : MainSyncRequestProto: lowestBkwdConvoId: 1404228235748704257, highestHandledServerOp: 984247, normalSync: true
06-08 13:26:44.719  1332  1332 D OpenGLRenderer: Flushing caches (mode 1)
06-08 13:26:44.809    82   127 D AudioHardware: AudioHardware pcm playback is exiting standby.
06-08 13:26:44.809    82   127 D AudioHardware: openPcmOut_l() mPcmOpenCnt: 0
06-08 13:26:45.012  1643  1657 D dalvikvm: GC_FOR_ALLOC freed 554K, 37% free 11875K/18567K, paused 25ms
06-08 13:26:45.098  1643  1645 D dalvikvm: GC_CONCURRENT freed 10K, 32% free 12771K/18567K, paused 2ms+7ms
06-08 13:26:45.239  1643  1671 D dalvikvm: GC_FOR_ALLOC freed 69K, 31% free 12989K/18567K, paused 24ms
06-08 13:26:45.368  1643  1645 D dalvikvm: GC_CONCURRENT freed 5K, 24% free 14269K/18567K, paused 3ms+5ms
06-08 13:26:45.532  1643  1671 D dalvikvm: GC_FOR_ALLOC freed 2552K, 34% free 12316K/18567K, paused 27ms
06-08 13:26:45.532  1643  1671 I dalvikvm-heap: Grow heap (frag case) to 13.323MB for 1286224-byte allocation
06-08 13:26:45.583  1643  1643 D dalvikvm: GC_FOR_ALLOC freed 2K, 27% free 13569K/18567K, paused 35ms
06-08 13:26:45.715  1643  1645 D dalvikvm: GC_CONCURRENT freed 2K, 27% free 13570K/18567K, paused 2ms+6ms
06-08 13:26:45.923  1643  1645 D dalvikvm: GC_CONCURRENT freed 2227K, 32% free 12783K/18567K, paused 2ms+5ms
06-08 13:26:47.899    82   127 D AudioHardware: AudioHardware pcm playback is going to standby.
06-08 13:26:47.899    82   127 D AudioHardware: closePcmOut_l() mPcmOpenCnt: 1
06-08 13:26:48.133   476   476 D SAN_SERVICE: *******************************************
06-08 13:26:48.133   476   476 D SAN_SERVICE: DM App Phone Service State - 0
06-08 13:26:48.133   476   476 D SAN_SERVICE: *******************************************
06-08 13:26:48.317    82   127 D AudioHardware: AudioHardware pcm playback is exiting standby.
06-08 13:26:48.317    82   127 D AudioHardware: openPcmOut_l() mPcmOpenCnt: 0
06-08 13:26:48.333   476   476 D SAN_SERVICE: *******************************************
06-08 13:26:48.333   476   476 D SAN_SERVICE: DM App Phone Service State - 0
06-08 13:26:48.333   476   476 D SAN_SERVICE: *******************************************
06-08 13:26:48.426   151   162 I ActivityManager: START {act=android.intent.action.MAIN cat=[android.intent.category.LAUNCHER] flg=0x10200000 cmp=com.android.settings/.Settings} from pid 1643
06-08 13:26:48.579   476   476 D SAN_SERVICE: *******************************************
06-08 13:26:48.579   476   476 D SAN_SERVICE: DM App Phone Service State - 0
06-08 13:26:48.579   476   476 D SAN_SERVICE: *******************************************
06-08 13:26:48.590  1643  1643 D OpenGLRenderer: Flushing caches (mode 0)
06-08 13:26:48.727  1643  1643 D OpenGLRenderer: Flushing caches (mode 1)
06-08 13:26:48.727   151   505 W InputManagerService: Starting input on non-focused client com.android.internal.view.IInputMethodClient$Stub$Proxy@4163d9c0 (uid=10027 pid=1643)
06-08 13:26:49.153  1402  1404 D dalvikvm: GC_CONCURRENT freed 414K, 6% free 9698K/10247K, paused 22ms+3ms
06-08 13:26:51.411    82   127 D AudioHardware: AudioHardware pcm playback is going to standby.
06-08 13:26:51.411    82   127 D AudioHardware: closePcmOut_l() mPcmOpenCnt: 1
06-08 13:26:51.868  1402  1404 D dalvikvm: GC_CONCURRENT freed 420K, 6% free 9693K/10247K, paused 3ms+7ms
06-08 13:26:52.008   151   503 I ActivityManager: START {act=android.intent.action.MAIN cmp=com.android.settings/.SubSettings (has extras)} from pid 1198
06-08 13:26:52.028    82   127 D AudioHardware: AudioHardware pcm playback is exiting standby.
06-08 13:26:52.028    82   127 D AudioHardware: openPcmOut_l() mPcmOpenCnt: 0
06-08 13:26:52.118   151   503 D dalvikvm: GC_FOR_ALLOC freed 609K, 8% free 12599K/13639K, paused 85ms
06-08 13:26:52.282  1198  1198 I ManageApplications: onCreateOptionsMenu in ManageApplications{413bb658 #0 id=0x10202d4}: com.android.internal.view.menu.MenuBuilder@413a5e80
06-08 13:26:52.286  1198  1198 I ManageApplications: onCreateOptionsMenu in ManageApplications{413bb658 #0 id=0x10202d4}: com.android.internal.view.menu.MenuBuilder@413a5e80
06-08 13:26:52.403   151   200 I ActivityManager: Displayed com.android.settings/.SubSettings: +275ms
06-08 13:26:52.423  1198  1198 D OpenGLRenderer: Flushing caches (mode 0)
06-08 13:26:52.895  1402  1843 D dalvikvm: GC_EXPLICIT freed 145K, 6% free 9671K/10247K, paused 3ms+12ms
06-08 13:26:52.934  1402  1843 I Gmail   : MainSyncRequestProto: lowestBkwdConvoId: 1402589135326690182, highestHandledServerOp: 984248, normalSync: true
06-08 13:26:53.024  1332  1332 D OpenGLRenderer: Flushing caches (mode 1)
06-08 13:26:54.571   488   488 I RegisteredComponentCache: ComponentInfo: ResolveInfo{4131df68 com.android.apps.tag.TagViewer p=0 o=0 m=0x108000}, techs: android.nfc.tech.Ndef, 
06-08 13:26:54.583   151   167 D PackageManager: generateServicesMap(android.accounts.AccountAuthenticator): 3 services unchanged
06-08 13:26:54.630   151   167 D PackageManager: generateServicesMap(android.content.SyncAdapter): 10 services unchanged
06-08 13:26:54.676  1505  1505 I VoiceActionsFactory: Applications list changed, recalculating supported actions
06-08 13:26:54.676  1557  1560 D dalvikvm: GC_CONCURRENT freed 448K, 6% free 9153K/9735K, paused 2ms+4ms
06-08 13:26:54.852   151   153 D dalvikvm: GC_CONCURRENT freed 791K, 8% free 12654K/13639K, paused 4ms+19ms
06-08 13:26:54.934  1119  1121 D dalvikvm: GC_CONCURRENT freed 487K, 7% free 9318K/9927K, paused 2ms+74ms
06-08 13:26:54.981  1643  1643 I Launcher: setLoadOnResume
06-08 13:26:55.118    82   127 D AudioHardware: AudioHardware pcm playback is going to standby.
06-08 13:26:55.118    82   127 D AudioHardware: closePcmOut_l() mPcmOpenCnt: 1
06-08 13:26:55.141  1643  1645 D dalvikvm: GC_CONCURRENT freed 2199K, 37% free 11766K/18567K, paused 6ms+6ms
06-08 13:26:55.704   563   565 D dalvikvm: GC_CONCURRENT freed 568K, 11% free 9903K/11079K, paused 4ms+8ms
06-08 13:27:02.743    82   127 D AudioHardware: AudioHardware pcm playback is exiting standby.
06-08 13:27:02.743    82   127 D AudioHardware: openPcmOut_l() mPcmOpenCnt: 0
06-08 13:27:02.762  1198  1198 I ManageApplications: onCreateOptionsMenu in ManageApplications{413bb658 #0 id=0x10202d4}: com.android.internal.view.menu.MenuBuilder@413a5e80
06-08 13:27:03.012  1198  1200 D dalvikvm: GC_CONCURRENT freed 501K, 6% free 11759K/12423K, paused 2ms+10ms
06-08 13:27:03.212  1198  1205 I dalvikvm: Jit: resizing JitTable from 4096 to 8192
06-08 13:27:03.712  1402  1404 D dalvikvm: GC_CONCURRENT freed 414K, 6% free 9697K/10247K, paused 2ms+4ms
06-08 13:27:05.833    82   127 D AudioHardware: AudioHardware pcm playback is going to standby.
06-08 13:27:05.833    82   127 D AudioHardware: closePcmOut_l() mPcmOpenCnt: 1
06-08 13:27:05.965   151   205 I ActivityManager: START {act=android.intent.action.MAIN cat=[android.intent.category.HOME] flg=0x10200000 cmp=com.android.launcher/com.android.launcher2.Launcher} from pid 151
06-08 13:27:06.294  1198  1198 D OpenGLRenderer: Flushing caches (mode 0)
06-08 13:27:06.356   151   503 W InputManagerService: Starting input on non-focused client com.android.internal.view.IInputMethodClient$Stub$Proxy@41581548 (uid=1000 pid=1198)
06-08 13:27:06.618  1198  1198 D OpenGLRenderer: Flushing caches (mode 1)
06-08 13:27:07.360   718   730 D dalvikvm: GC_EXPLICIT freed 47K, 13% free 10181K/11591K, paused 3ms+4ms
06-08 13:27:07.407  1402  1404 D dalvikvm: GC_CONCURRENT freed 331K, 6% free 9790K/10311K, paused 3ms+3ms
06-08 13:27:07.508  1402  1843 D dalvikvm: GC_FOR_ALLOC freed 240K, 7% free 9747K/10375K, paused 20ms
06-08 13:27:07.774  1402  1404 D dalvikvm: GC_CONCURRENT freed 393K, 7% free 9739K/10375K, paused 3ms+4ms
06-08 13:27:08.133  1402  1404 D dalvikvm: GC_CONCURRENT freed 366K, 6% free 9760K/10375K, paused 2ms+4ms
06-08 13:27:08.325   151   197 I power   : *** set_screen_state 0
06-08 13:27:08.376    79   120 D SurfaceFlinger: About to give-up screen, flinger = 0x8a0918
06-08 13:27:08.423   151   198 D dalvikvm: GC_FOR_ALLOC freed 365K, 8% free 12591K/13639K, paused 53ms
06-08 13:27:08.508  1402  1404 D dalvikvm: GC_CONCURRENT freed 410K, 7% free 9739K/10375K, paused 2ms+7ms
06-08 13:27:08.512   488  1865 D NfcService: NFC-C OFF, disconnect
06-08 13:27:08.575   151   201 D dalvikvm: GC_FOR_ALLOC freed 73K, 7% free 12781K/13639K, paused 52ms
06-08 13:27:08.618   151   201 D dalvikvm: GC_FOR_ALLOC freed 3K, 7% free 12881K/13767K, paused 40ms
06-08 13:27:08.673   151   201 D dalvikvm: GC_FOR_ALLOC freed <1K, 7% free 12989K/13895K, paused 40ms
06-08 13:27:08.712   151   201 D dalvikvm: GC_FOR_ALLOC freed 1K, 7% free 13091K/14023K, paused 37ms
06-08 13:27:08.766   151   201 D dalvikvm: GC_FOR_ALLOC freed <1K, 7% free 13299K/14151K, paused 45ms
06-08 13:27:08.774   151   201 V TransportControlView: Create TCV com.android.internal.widget.TransportControlView@41551cd0
06-08 13:27:08.821   388   388 D PhoneStatusBar: disable: < expand icons alerts ticker system_info back home RECENT* clock >
06-08 13:27:08.844  1332  1332 D OpenGLRenderer: Flushing caches (mode 1)
06-08 13:27:08.883   388   388 D PhoneStatusBar: disable: < expand icons alerts ticker system_info BACK* HOME* RECENT clock >
06-08 13:27:08.923   388   388 D PhoneStatusBar: disable: < expand icons alerts ticker system_info BACK HOME RECENT CLOCK* >
06-08 13:27:09.075  1402  1404 D dalvikvm: GC_CONCURRENT freed 386K, 6% free 9770K/10375K, paused 2ms+2ms
06-08 13:27:09.157  1402  1843 D dalvikvm: GC_FOR_ALLOC freed 310K, 7% free 9742K/10375K, paused 28ms
06-08 13:27:09.419  1402  1404 D dalvikvm: GC_CONCURRENT freed 382K, 7% free 9748K/10375K, paused 5ms+3ms
06-08 13:27:09.700  1402  1404 D dalvikvm: GC_CONCURRENT freed 415K, 6% free 9779K/10375K, paused 2ms+3ms
06-08 13:27:09.919  1402  1404 D dalvikvm: GC_CONCURRENT freed 451K, 7% free 9727K/10375K, paused 2ms+3ms
06-08 13:27:10.184  1402  1404 D dalvikvm: GC_CONCURRENT freed 349K, 6% free 9828K/10375K, paused 2ms+3ms
06-08 13:27:10.489  1402  1404 D dalvikvm: GC_CONCURRENT freed 489K, 6% free 9757K/10375K, paused 4ms+6ms
06-08 13:27:10.848  1402  1404 D dalvikvm: GC_CONCURRENT freed 414K, 6% free 9755K/10375K, paused 4ms+5ms
06-08 13:27:11.055  1402  1404 D dalvikvm: GC_CONCURRENT freed 418K, 7% free 9726K/10375K, paused 2ms+2ms
06-08 13:27:11.243  1402  1404 D dalvikvm: GC_CONCURRENT freed 270K, 6% free 9841K/10375K, paused 2ms+3ms
06-08 13:27:11.598  1402  1404 D dalvikvm: GC_CONCURRENT freed 505K, 6% free 9760K/10375K, paused 3ms+5ms
06-08 13:27:11.801   151   201 I power   : *** set_screen_state 1
06-08 13:27:11.864   151   201 I WindowManager: Lock screen displayed!
06-08 13:27:11.958  1402  1404 D dalvikvm: GC_CONCURRENT freed 367K, 6% free 9789K/10375K, paused 2ms+4ms
06-08 13:27:12.001    79   120 D SurfaceFlinger: Screen about to return, flinger = 0x8a0918
06-08 13:27:13.778  1402  1404 D dalvikvm: GC_CONCURRENT freed 438K, 7% free 9742K/10375K, paused 3ms+2ms
06-08 13:27:13.985   388   388 D PhoneStatusBar: disable: < expand icons alerts ticker system_info BACK HOME recent* CLOCK >
06-08 13:27:14.005   151   505 W InputManagerService: Window already focused, ignoring focus gain of: com.android.internal.view.IInputMethodClient$Stub$Proxy@4158e9c8
06-08 13:27:14.016   388   388 D PhoneStatusBar: disable: < expand icons alerts ticker system_info back* home* recent clock* >
06-08 13:27:14.032    82   127 D AudioHardware: AudioHardware pcm playback is exiting standby.
06-08 13:27:14.032    82   127 D AudioHardware: openPcmOut_l() mPcmOpenCnt: 0
06-08 13:27:14.036   488  1871 D NfcService: NFC-C ON
06-08 13:27:14.130  1402  1843 D dalvikvm: GC_EXPLICIT freed 200K, 7% free 9708K/10375K, paused 2ms+42ms
06-08 13:27:14.149  1402  1843 I Gmail   : MainSyncRequestProto: lowestBkwdConvoId: 0, highestHandledServerOp: 984249, normalSync: true
06-08 13:27:14.219  1332  1332 D OpenGLRenderer: Flushing caches (mode 1)
06-08 13:27:15.196   151   917 D AlarmManagerService: Kernel timezone updated to 240 minutes west of GMT
06-08 13:27:15.231   476   476 D SAN_SERVICE: *******************************************
06-08 13:27:15.231   476   476 D SAN_SERVICE: DM App Phone Service State - 0
06-08 13:27:15.231   476   476 D SAN_SERVICE: *******************************************
06-08 13:27:15.286  1643  1645 D dalvikvm: GC_CONCURRENT freed 699K, 35% free 12211K/18567K, paused 5ms+9ms
06-08 13:27:15.438  1643  1645 D dalvikvm: GC_CONCURRENT freed 476K, 32% free 12774K/18567K, paused 2ms+10ms
06-08 13:27:15.540  1643  1704 D dalvikvm: GC_FOR_ALLOC freed 69K, 31% free 12842K/18567K, paused 21ms
06-08 13:27:15.590  1643  1673 D dalvikvm: GC_FOR_ALLOC freed 4K, 25% free 14094K/18567K, paused 21ms
06-08 13:27:15.704  1643  1645 D dalvikvm: GC_CONCURRENT freed 3K, 23% free 14337K/18567K, paused 2ms+12ms
06-08 13:27:15.880  1643  1704 D dalvikvm: GC_FOR_ALLOC freed 2301K, 32% free 12627K/18567K, paused 28ms
06-08 13:27:15.880  1643  1704 I dalvikvm-heap: Grow heap (frag case) to 13.626MB for 1286224-byte allocation
06-08 13:27:15.919  1643  1643 D dalvikvm: GC_FOR_ALLOC freed 2K, 26% free 13881K/18567K, paused 21ms
06-08 13:27:16.008  1643  1645 D dalvikvm: GC_CONCURRENT freed 6K, 23% free 14339K/18567K, paused 2ms+10ms
06-08 13:27:16.575   151   558 D AlarmManagerService: Kernel timezone updated to 240 minutes west of GMT
06-08 13:27:16.587   476   476 D SAN_SERVICE: *******************************************
06-08 13:27:16.587   476   476 D SAN_SERVICE: DM App Phone Service State - 0
06-08 13:27:16.587   476   476 D SAN_SERVICE: *******************************************
06-08 13:27:18.173    82   127 D AudioHardware: AudioHardware pcm playback is going to standby.
06-08 13:27:18.173    82   127 D AudioHardware: closePcmOut_l() mPcmOpenCnt: 1
06-08 13:27:18.227  1402  1404 D dalvikvm: GC_CONCURRENT freed 267K, 5% free 9899K/10375K, paused 2ms+4ms
06-08 13:27:18.446  1402  1843 D dalvikvm: GC_FOR_ALLOC freed 343K, 7% free 9803K/10503K, paused 32ms
06-08 13:27:18.485  1402  1843 D dalvikvm: GC_FOR_ALLOC freed 108K, 7% free 9857K/10503K, paused 17ms
06-08 13:27:18.505  1402  1843 D dalvikvm: GC_FOR_ALLOC freed 0K, 6% free 9938K/10503K, paused 17ms
06-08 13:27:18.508  1402  1843 I dalvikvm-heap: Grow heap (frag case) to 9.931MB for 164362-byte allocation
06-08 13:27:18.524  1402  1843 D dalvikvm: GC_FOR_ALLOC freed 80K, 7% free 10018K/10695K, paused 17ms
06-08 13:27:18.887  1402  1404 D dalvikvm: GC_CONCURRENT freed 668K, 9% free 9739K/10695K, paused 3ms+4ms
06-08 13:27:19.352  1402  1404 D dalvikvm: GC_CONCURRENT freed 382K, 9% free 9743K/10695K, paused 7ms+6ms
06-08 13:27:19.657  1402  1404 D dalvikvm: GC_CONCURRENT freed 402K, 10% free 9725K/10695K, paused 2ms+11ms
06-08 13:27:20.008  1402  1404 D dalvikvm: GC_CONCURRENT freed 241K, 7% free 9964K/10695K, paused 8ms+3ms
06-08 13:27:20.387  1402  1404 D dalvikvm: GC_CONCURRENT freed 602K, 9% free 9748K/10695K, paused 3ms+9ms
06-08 13:27:20.708  1402  1404 D dalvikvm: GC_CONCURRENT freed 396K, 9% free 9739K/10695K, paused 3ms+4ms
06-08 13:27:21.122  1402  1404 D dalvikvm: GC_CONCURRENT freed 349K, 9% free 9784K/10695K, paused 6ms+2ms
06-08 13:27:21.415    82   127 D AudioHardware: AudioHardware pcm playback is exiting standby.
06-08 13:27:21.415    82   127 D AudioHardware: openPcmOut_l() mPcmOpenCnt: 0
06-08 13:27:21.508   151   471 I ActivityManager: START {act=android.intent.action.MAIN cat=[android.intent.category.LAUNCHER] flg=0x10200000 cmp=com.android.vending/.AssetBrowserActivity} from pid 1643
06-08 13:27:21.719  1643  1643 D OpenGLRenderer: Flushing caches (mode 1)
06-08 13:27:21.770  1134  1150 D Volley  : [126] DiskBasedCache.clear: Cache cleared.
06-08 13:27:21.798  1134  1154 D Volley  : [130] DiskBasedCache.clear: Cache cleared.
06-08 13:27:21.813   151   163 I ActivityManager: START {cmp=com.android.vending/com.google.android.finsky.activities.FirstRunActivity} from pid 1134
06-08 13:27:21.821  1134  1136 D dalvikvm: GC_CONCURRENT freed 365K, 6% free 9701K/10247K, paused 6ms+4ms
06-08 13:27:21.887  1402  1404 D dalvikvm: GC_CONCURRENT freed 395K, 9% free 9837K/10695K, paused 32ms+39ms
06-08 13:27:21.907  1134  1134 D OpenGLRenderer: Enabling debug mode 0
06-08 13:27:21.946  1643  1643 D OpenGLRenderer: Flushing caches (mode 0)
06-08 13:27:22.118   151   153 D dalvikvm: GC_CONCURRENT freed 724K, 6% free 13668K/14471K, paused 4ms+6ms
06-08 13:27:22.419   151   167 I Process : Sending signal. PID: 1134 SIG: 3
06-08 13:27:22.419  1134  1139 I dalvikvm: threadid=3: reacting to signal 3
06-08 13:27:22.419  1134  1134 D dalvikvm: GC_FOR_ALLOC freed 151K, 5% free 9788K/10247K, paused 20ms
06-08 13:27:22.423  1134  1134 I dalvikvm-heap: Grow heap (frag case) to 10.626MB for 1048592-byte allocation
06-08 13:27:22.465  1134  1139 I dalvikvm: Wrote stack traces to '/data/anr/traces.txt'
06-08 13:27:22.501  1134  1136 D dalvikvm: GC_CONCURRENT freed 5K, 5% free 10807K/11335K, paused 2ms+2ms
06-08 13:27:22.571  1402  1404 D dalvikvm: GC_CONCURRENT freed 494K, 9% free 9735K/10695K, paused 2ms+4ms
06-08 13:27:22.626  1134  1134 D OpenGLRenderer: Flushing caches (mode 0)
06-08 13:27:22.657   151   503 W InputManagerService: Starting input on non-focused client com.android.internal.view.IInputMethodClient$Stub$Proxy@4163d9c0 (uid=10027 pid=1643)
06-08 13:27:22.715   151   200 I ActivityManager: Displayed com.android.vending/com.google.android.finsky.activities.FirstRunActivity: +806ms (total +1s168ms)
06-08 13:27:23.102  1402  1404 D dalvikvm: GC_CONCURRENT freed 354K, 9% free 9774K/10695K, paused 2ms+4ms
06-08 13:27:23.372  1402  1404 D dalvikvm: GC_CONCURRENT freed 423K, 9% free 9735K/10695K, paused 2ms+3ms
06-08 13:27:23.661  1402  1404 D dalvikvm: GC_CONCURRENT freed 397K, 9% free 9741K/10695K, paused 3ms+6ms
06-08 13:27:23.715   151   162 I ActivityManager: START {act=android.intent.action.MAIN cat=[android.intent.category.LAUNCHER] flg=0x10000000 pkg=com.android.vending cmp=com.android.vending/.AssetBrowserActivity} from pid 1134
06-08 13:27:23.895  1332  1332 D OpenGLRenderer: Flushing caches (mode 1)
06-08 13:27:23.907  1134  1136 D dalvikvm: GC_CONCURRENT freed 293K, 4% free 11162K/11527K, paused 2ms+7ms
06-08 13:27:23.965  1134  1151 I ElegantRequestDirector: I/O exception (javax.net.ssl.SSLException) caught when processing request: Write error: ssl=0x279408: I/O error during system call, Broken pipe
06-08 13:27:23.969  1134  1151 I ElegantRequestDirector: Retrying request
06-08 13:27:24.063   151   200 I ActivityManager: Displayed com.android.vending/.AssetBrowserActivity: +325ms
06-08 13:27:24.094  1134  1134 D OpenGLRenderer: Flushing caches (mode 0)
06-08 13:27:24.255  1134  1151 E Volley  : [127] BasicNetwork.performRequest: Unexpected response code 400 for https://android.clients.google.com/vending/api/ApiRequest
06-08 13:27:24.274  1134  1134 D Finsky  : [1] 3.onErrorResponse: Metadata failed: com.android.volley.ServerError
06-08 13:27:24.622  1402  1404 D dalvikvm: GC_CONCURRENT freed 385K, 9% free 9755K/10695K, paused 5ms+3ms
06-08 13:27:24.852  1402  1404 D dalvikvm: GC_CONCURRENT freed 419K, 10% free 9722K/10695K, paused 2ms+3ms
06-08 13:27:25.133  1402  1404 D dalvikvm: GC_CONCURRENT freed 234K, 8% free 9922K/10695K, paused 2ms+3ms
06-08 13:27:25.298  1402  1404 D dalvikvm: GC_CONCURRENT freed 526K, 9% free 9792K/10695K, paused 2ms+2ms
06-08 13:27:25.462  1134  1134 D Finsky  : [1] 9.onClick: b/5160617: Reinitialize account [J3KLysvtQI3y2S1rgUj_S2DNb1s] on retry button click
06-08 13:27:25.462  1134  1150 D Volley  : [126] DiskBasedCache.clear: Cache cleared.
06-08 13:27:25.555  1134  1154 D Volley  : [130] DiskBasedCache.clear: Cache cleared.
06-08 13:27:25.579  1332  1332 D OpenGLRenderer: Flushing caches (mode 1)
06-08 13:27:25.614  1134  1152 E Volley  : [128] BasicNetwork.performRequest: Unexpected response code 400 for https://android.clients.google.com/vending/api/ApiRequest
06-08 13:27:25.614  1134  1134 D Finsky  : [1] 3.onErrorResponse: Metadata failed: com.android.volley.ServerError
06-08 13:27:25.692  1402  1404 D dalvikvm: GC_CONCURRENT freed 444K, 9% free 9734K/10695K, paused 3ms+3ms
06-08 13:27:25.997  1402  1404 D dalvikvm: GC_CONCURRENT freed 392K, 10% free 9728K/10695K, paused 2ms+4ms
06-08 13:27:26.169  1402  1843 D dalvikvm: GC_EXPLICIT freed 112K, 10% free 9711K/10695K, paused 5ms+4ms
06-08 13:27:26.184  1402  1843 I Gmail   : MainSyncRequestProto: lowestBkwdConvoId: 0, highestHandledServerOp: 984249, normalSync: true
06-08 13:27:26.219  1332  1332 D OpenGLRenderer: Flushing caches (mode 1)
06-08 13:27:26.251  1134  1134 D Finsky  : [1] 9.onClick: b/5160617: Reinitialize account [J3KLysvtQI3y2S1rgUj_S2DNb1s] on retry button click
06-08 13:27:26.251  1134  1150 D Volley  : [126] DiskBasedCache.clear: Cache cleared.
06-08 13:27:26.317  1134  1136 D dalvikvm: GC_CONCURRENT freed 781K, 8% free 11117K/11975K, paused 2ms+4ms
06-08 13:27:26.344  1134  1154 D Volley  : [130] DiskBasedCache.clear: Cache cleared.
06-08 13:27:26.368  1332  1332 D OpenGLRenderer: Flushing caches (mode 1)
06-08 13:27:26.465  1134  1151 E Volley  : [127] BasicNetwork.performRequest: Unexpected response code 400 for https://android.clients.google.com/vending/api/ApiRequest
06-08 13:27:26.465  1134  1134 D Finsky  : [1] 3.onErrorResponse: Metadata failed: com.android.volley.ServerError
06-08 13:27:26.981   151   153 D dalvikvm: GC_CONCURRENT freed 1905K, 14% free 12896K/14919K, paused 32ms+5ms
06-08 13:27:27.005  1134  1134 D Finsky  : [1] 9.onClick: b/5160617: Reinitialize account [J3KLysvtQI3y2S1rgUj_S2DNb1s] on retry button click
06-08 13:27:27.005  1134  1150 D Volley  : [126] DiskBasedCache.clear: Cache cleared.
06-08 13:27:27.055  1332  1332 D OpenGLRenderer: Flushing caches (mode 1)
06-08 13:27:27.063  1134  1154 D Volley  : [130] DiskBasedCache.clear: Cache cleared.
06-08 13:27:27.118  1134  1152 E Volley  : [128] BasicNetwork.performRequest: Unexpected response code 400 for https://android.clients.google.com/vending/api/ApiRequest
06-08 13:27:27.118  1134  1134 D Finsky  : [1] 3.onErrorResponse: Metadata failed: com.android.volley.ServerError
06-08 13:27:27.583  1134  1134 D Finsky  : [1] 9.onClick: b/5160617: Reinitialize account [J3KLysvtQI3y2S1rgUj_S2DNb1s] on retry button click
06-08 13:27:27.590  1134  1150 D Volley  : [126] DiskBasedCache.clear: Cache cleared.
06-08 13:27:27.704  1332  1332 D OpenGLRenderer: Flushing caches (mode 1)
06-08 13:27:27.712  1134  1154 D Volley  : [130] DiskBasedCache.clear: Cache cleared.
06-08 13:27:27.762  1134  1136 D dalvikvm: GC_CONCURRENT freed 1969K, 18% free 9845K/11975K, paused 2ms+4ms
06-08 13:27:27.782  1134  1151 E Volley  : [127] BasicNetwork.performRequest: Unexpected response code 400 for https://android.clients.google.com/vending/api/ApiRequest
06-08 13:27:27.786  1134  1134 D Finsky  : [1] 3.onErrorResponse: Metadata failed: com.android.volley.ServerError
06-08 13:27:28.149  1134  1134 D Finsky  : [1] 9.onClick: b/5160617: Reinitialize account [J3KLysvtQI3y2S1rgUj_S2DNb1s] on retry button click
06-08 13:27:28.153  1134  1150 D Volley  : [126] DiskBasedCache.clear: Cache cleared.
06-08 13:27:28.255  1134  1154 D Volley  : [130] DiskBasedCache.clear: Cache cleared.
06-08 13:27:28.282  1332  1332 D OpenGLRenderer: Flushing caches (mode 1)
06-08 13:27:28.329  1134  1152 E Volley  : [128] BasicNetwork.performRequest: Unexpected response code 400 for https://android.clients.google.com/vending/api/ApiRequest
06-08 13:27:28.333  1134  1134 D Finsky  : [1] 3.onErrorResponse: Metadata failed: com.android.volley.ServerError
06-08 13:27:28.704  1134  1134 D Finsky  : [1] 9.onClick: b/5160617: Reinitialize account [J3KLysvtQI3y2S1rgUj_S2DNb1s] on retry button click
06-08 13:27:28.708  1134  1150 D Volley  : [126] DiskBasedCache.clear: Cache cleared.
06-08 13:27:28.817  1332  1332 D OpenGLRenderer: Flushing caches (mode 1)
06-08 13:27:28.825  1134  1154 D Volley  : [130] DiskBasedCache.clear: Cache cleared.
06-08 13:27:28.872  1134  1136 D dalvikvm: GC_CONCURRENT freed 483K, 18% free 9867K/11975K, paused 2ms+3ms
06-08 13:27:28.923  1134  1151 E Volley  : [127] BasicNetwork.performRequest: Unexpected response code 400 for https://android.clients.google.com/vending/api/ApiRequest
06-08 13:27:28.923  1134  1134 D Finsky  : [1] 3.onErrorResponse: Metadata failed: com.android.volley.ServerError
06-08 13:27:29.337  1134  1134 D Finsky  : [1] 9.onClick: b/5160617: Reinitialize account [J3KLysvtQI3y2S1rgUj_S2DNb1s] on retry button click
06-08 13:27:29.337  1134  1150 D Volley  : [126] DiskBasedCache.clear: Cache cleared.
06-08 13:27:29.411  1134  1154 D Volley  : [130] DiskBasedCache.clear: Cache cleared.
06-08 13:27:29.426  1332  1332 D OpenGLRenderer: Flushing caches (mode 1)
06-08 13:27:29.458   718   720 D dalvikvm: GC_CONCURRENT freed 359K, 12% free 10211K/11591K, paused 2ms+4ms
06-08 13:27:29.462  1134  1152 E Volley  : [128] BasicNetwork.performRequest: Unexpected response code 400 for https://android.clients.google.com/vending/api/ApiRequest
06-08 13:27:29.473  1134  1134 D Finsky  : [1] 3.onErrorResponse: Metadata failed: com.android.volley.ServerError
06-08 13:27:29.852  1134  1134 D Finsky  : [1] 9.onClick: b/5160617: Reinitialize account [J3KLysvtQI3y2S1rgUj_S2DNb1s] on retry button click
06-08 13:27:29.852  1134  1150 D Volley  : [126] DiskBasedCache.clear: Cache cleared.
06-08 13:27:29.950  1134  1154 D Volley  : [130] DiskBasedCache.clear: Cache cleared.
06-08 13:27:29.973  1332  1332 D OpenGLRenderer: Flushing caches (mode 1)
06-08 13:27:29.981  1134  1136 D dalvikvm: GC_CONCURRENT freed 531K, 18% free 9848K/11975K, paused 2ms+3ms
06-08 13:27:30.020  1402  1404 D dalvikvm: GC_CONCURRENT freed 347K, 9% free 9809K/10695K, paused 44ms+3ms
06-08 13:27:30.040  1134  1151 E Volley  : [127] BasicNetwork.performRequest: Unexpected response code 400 for https://android.clients.google.com/vending/api/ApiRequest
06-08 13:27:30.040  1134  1134 D Finsky  : [1] 3.onErrorResponse: Metadata failed: com.android.volley.ServerError
06-08 13:27:30.321  1134  1134 D Finsky  : [1] 9.onClick: b/5160617: Reinitialize account [J3KLysvtQI3y2S1rgUj_S2DNb1s] on retry button click
06-08 13:27:30.329  1134  1150 D Volley  : [126] DiskBasedCache.clear: Cache cleared.
06-08 13:27:30.407  1134  1154 D Volley  : [130] DiskBasedCache.clear: Cache cleared.
06-08 13:27:30.516   151   167 D dalvikvm: GC_EXPLICIT freed 407K, 15% free 12804K/14919K, paused 3ms+5ms
06-08 13:27:30.536  1332  1332 D OpenGLRenderer: Flushing caches (mode 1)
06-08 13:27:30.583  1134  1152 E Volley  : [128] BasicNetwork.performRequest: Unexpected response code 400 for https://android.clients.google.com/vending/api/ApiRequest
06-08 13:27:30.590  1134  1134 D Finsky  : [1] 3.onErrorResponse: Metadata failed: com.android.volley.ServerError
06-08 13:27:30.809  1402  1404 D dalvikvm: GC_CONCURRENT freed 456K, 9% free 9743K/10695K, paused 4ms+3ms
06-08 13:27:30.880  1134  1134 D Finsky  : [1] 9.onClick: b/5160617: Reinitialize account [J3KLysvtQI3y2S1rgUj_S2DNb1s] on retry button click
06-08 13:27:30.880  1134  1150 D Volley  : [126] DiskBasedCache.clear: Cache cleared.
06-08 13:27:30.965  1134  1136 D dalvikvm: GC_CONCURRENT freed 507K, 18% free 9853K/11975K, paused 2ms+9ms
06-08 13:27:30.973  1134  1154 D Volley  : [130] DiskBasedCache.clear: Cache cleared.
06-08 13:27:31.028  1332  1332 D OpenGLRenderer: Flushing caches (mode 1)
06-08 13:27:31.079  1134  1151 E Volley  : [127] BasicNetwork.performRequest: Unexpected response code 400 for https://android.clients.google.com/vending/api/ApiRequest
06-08 13:27:31.079  1134  1134 D Finsky  : [1] 3.onErrorResponse: Metadata failed: com.android.volley.ServerError
06-08 13:27:31.329  1134  1134 D Finsky  : [1] 9.onClick: b/5160617: Reinitialize account [J3KLysvtQI3y2S1rgUj_S2DNb1s] on retry button click
06-08 13:27:31.329  1134  1150 D Volley  : [126] DiskBasedCache.clear: Cache cleared.
06-08 13:27:31.399  1134  1154 D Volley  : [130] DiskBasedCache.clear: Cache cleared.
06-08 13:27:31.423  1332  1332 D OpenGLRenderer: Flushing caches (mode 1)
06-08 13:27:31.450  1134  1152 E Volley  : [128] BasicNetwork.performRequest: Unexpected response code 400 for https://android.clients.google.com/vending/api/ApiRequest
06-08 13:27:31.450  1134  1134 D Finsky  : [1] 3.onErrorResponse: Metadata failed: com.android.volley.ServerError
06-08 13:27:31.497  1134  1136 D dalvikvm: GC_CONCURRENT freed 434K, 19% free 9804K/11975K, paused 2ms+3ms
06-08 13:27:31.501  1402  1404 D dalvikvm: GC_CONCURRENT freed 387K, 9% free 9743K/10695K, paused 2ms+36ms
06-08 13:27:31.762  1134  1134 D Finsky  : [1] 9.onClick: b/5160617: Reinitialize account [J3KLysvtQI3y2S1rgUj_S2DNb1s] on retry button click
06-08 13:27:31.762  1134  1150 D Volley  : [126] DiskBasedCache.clear: Cache cleared.
06-08 13:27:31.833  1134  1154 D Volley  : [130] DiskBasedCache.clear: Cache cleared.
06-08 13:27:31.852  1332  1332 D OpenGLRenderer: Flushing caches (mode 1)
06-08 13:27:31.883  1134  1151 E Volley  : [127] BasicNetwork.performRequest: Unexpected response code 400 for https://android.clients.google.com/vending/api/ApiRequest
06-08 13:27:31.883  1134  1134 D Finsky  : [1] 3.onErrorResponse: Metadata failed: com.android.volley.ServerError
06-08 13:27:32.094  1402  1404 D dalvikvm: GC_CONCURRENT freed 369K, 9% free 9761K/10695K, paused 1ms+3ms
06-08 13:27:32.157  1134  1134 D Finsky  : [1] 9.onClick: b/5160617: Reinitialize account [J3KLysvtQI3y2S1rgUj_S2DNb1s] on retry button click
06-08 13:27:32.161  1134  1150 D Volley  : [126] DiskBasedCache.clear: Cache cleared.
06-08 13:27:32.239  1134  1154 D Volley  : [130] DiskBasedCache.clear: Cache cleared.
06-08 13:27:32.282   151   167 D PackageManager: generateServicesMap(android.accounts.AccountAuthenticator): 3 services unchanged
06-08 13:27:32.290   488   488 I RegisteredComponentCache: ComponentInfo: ResolveInfo{41336188 com.android.apps.tag.TagViewer p=0 o=0 m=0x108000}, techs: android.nfc.tech.Ndef, 
06-08 13:27:32.309  1505  1505 I VoiceActionsFactory: Applications list changed, recalculating supported actions
06-08 13:27:32.329   151   167 D PackageManager: generateServicesMap(android.content.SyncAdapter): 10 services unchanged
06-08 13:27:32.337  1134  1136 D dalvikvm: GC_CONCURRENT freed 444K, 18% free 9871K/11975K, paused 2ms+8ms
06-08 13:27:32.391  1134  1152 E Volley  : [128] BasicNetwork.performRequest: Unexpected response code 400 for https://android.clients.google.com/vending/api/ApiRequest
06-08 13:27:32.403  1134  1134 D Finsky  : [1] 3.onErrorResponse: Metadata failed: com.android.volley.ServerError
06-08 13:27:32.426  1332  1332 D OpenGLRenderer: Flushing caches (mode 1)
06-08 13:27:32.508  1643  1643 I Launcher: setLoadOnResume
06-08 13:27:32.809  1402  1404 D dalvikvm: GC_CONCURRENT freed 363K, 9% free 9790K/10695K, paused 2ms+2ms
06-08 13:27:33.114  1402  1404 D dalvikvm: GC_CONCURRENT freed 445K, 10% free 9731K/10695K, paused 2ms+5ms
06-08 13:27:33.176   151   205 I ActivityManager: START {act=android.intent.action.MAIN cat=[android.intent.category.HOME] flg=0x10200000 cmp=com.android.launcher/com.android.launcher2.Launcher} from pid 151
06-08 13:27:33.255  1643  1645 D dalvikvm: GC_CONCURRENT freed 4275K, 37% free 11776K/18567K, paused 2ms+6ms
06-08 13:27:33.387  1134  1134 D OpenGLRenderer: Flushing caches (mode 0)
06-08 13:27:33.704  1134  1134 D OpenGLRenderer: Flushing caches (mode 1)
06-08 13:27:33.962  1402  1404 D dalvikvm: GC_CONCURRENT freed 380K, 9% free 9812K/10695K, paused 2ms+4ms
06-08 13:27:34.059  1402  1404 D dalvikvm: GC_CONCURRENT freed 124K, 6% free 10084K/10695K, paused 2ms+3ms
06-08 13:27:34.540  1402  1404 D dalvikvm: GC_CONCURRENT freed 737K, 9% free 9737K/10695K, paused 2ms+8ms
06-08 13:27:34.755  1402  1404 D dalvikvm: GC_CONCURRENT freed 356K, 9% free 9776K/10695K, paused 2ms+2ms
06-08 13:27:34.876  1402  1404 D dalvikvm: GC_CONCURRENT freed 459K, 10% free 9706K/10695K, paused 2ms+3ms
06-08 13:27:34.981  1402  1404 D dalvikvm: GC_CONCURRENT freed 362K, 9% free 9770K/10695K, paused 1ms+6ms
06-08 13:27:35.036  1402  1843 D dalvikvm: GC_FOR_ALLOC freed 226K, 8% free 9892K/10695K, paused 20ms
06-08 13:27:35.122  1402  1404 D dalvikvm: GC_CONCURRENT freed 567K, 10% free 9722K/10695K, paused 2ms+2ms
06-08 13:27:35.235  1402  1404 D dalvikvm: GC_CONCURRENT freed 400K, 10% free 9708K/10695K, paused 2ms+3ms
06-08 13:27:35.247    82   127 D AudioHardware: AudioHardware pcm playback is going to standby.
06-08 13:27:35.247    82   127 D AudioHardware: closePcmOut_l() mPcmOpenCnt: 1
06-08 13:27:35.774  1402  1404 D dalvikvm: GC_CONCURRENT freed 347K, 9% free 9755K/10695K, paused 4ms+3ms
06-08 13:27:36.215  1402  1404 D dalvikvm: GC_CONCURRENT freed 401K, 9% free 9749K/10695K, paused 3ms+7ms
06-08 13:27:36.657  1402  1404 D dalvikvm: GC_CONCURRENT freed 404K, 9% free 9738K/10695K, paused 6ms+8ms
06-08 13:27:37.114  1402  1404 D dalvikvm: GC_CONCURRENT freed 376K, 9% free 9811K/10695K, paused 3ms+6ms
06-08 13:27:37.618  1402  1404 D dalvikvm: GC_CONCURRENT freed 442K, 9% free 9757K/10695K, paused 2ms+3ms
06-08 13:27:39.481  1402  1404 D dalvikvm: GC_CONCURRENT freed 332K, 9% free 9809K/10695K, paused 4ms+2ms
06-08 13:27:39.829  1402  1404 D dalvikvm: GC_CONCURRENT freed 462K, 9% free 9733K/10695K, paused 5ms+3ms
06-08 13:27:40.090   151   917 I ActivityManager: START {act=android.intent.action.MAIN cat=[android.intent.category.LAUNCHER] flg=0x10200000 cmp=com.android.browser/.BrowserActivity bnds=[384,706][480,802]} from pid 1643
06-08 13:27:40.110    82   127 D AudioHardware: AudioHardware pcm playback is exiting standby.
06-08 13:27:40.110    82   127 D AudioHardware: openPcmOut_l() mPcmOpenCnt: 0
06-08 13:27:40.200   151   558 I ActivityManager: Start proc com.android.browser for activity com.android.browser/.BrowserActivity: pid=1899 uid=10003 gids={3003, 1015}
06-08 13:27:40.301  1899  1899 I ActivityThread: Pub com.android.browser;browser: com.android.browser.provider.BrowserProvider2
06-08 13:27:40.317  1899  1899 I ActivityThread: Pub com.android.browser.home: com.android.browser.homepages.HomeProvider
06-08 13:27:40.317  1899  1899 I ActivityThread: Pub com.android.browser.snapshots: com.android.browser.provider.SnapshotProvider
06-08 13:27:40.329  1643  1643 D OpenGLRenderer: Flushing caches (mode 1)
06-08 13:27:40.438   151   153 D dalvikvm: GC_CONCURRENT freed 625K, 13% free 13006K/14919K, paused 4ms+5ms
06-08 13:27:40.540  1643  1643 D OpenGLRenderer: Flushing caches (mode 0)
06-08 13:27:40.598  1899  1901 D dalvikvm: GC_CONCURRENT freed 233K, 4% free 9303K/9607K, paused 3ms+5ms
06-08 13:27:40.692  1402  1843 D dalvikvm: GC_EXPLICIT freed 205K, 10% free 9715K/10695K, paused 69ms+3ms
06-08 13:27:40.704  1899  1899 D WebViewTimersControl: onBrowserActivityResume
06-08 13:27:40.704  1899  1899 D WebViewTimersControl: Resuming webview timers, view=android.webkit.WebView@4134ea38
06-08 13:27:40.735  1402  1843 I Gmail   : MainSyncRequestProto: lowestBkwdConvoId: 0, highestHandledServerOp: 984249, normalSync: true
06-08 13:27:40.735   151   167 I Process : Sending signal. PID: 1899 SIG: 3
06-08 13:27:40.735  1899  1903 I dalvikvm: threadid=3: reacting to signal 3
06-08 13:27:40.880  1899  1903 I dalvikvm: Wrote stack traces to '/data/anr/traces.txt'
06-08 13:27:40.915  1332  1332 D OpenGLRenderer: Flushing caches (mode 1)
06-08 13:27:40.989  1332  1332 D OpenGLRenderer: Flushing caches (mode 1)
06-08 13:27:41.122  1899  1899 D libEGL  : loaded /system/lib/egl/libGLES_android.so
06-08 13:27:41.227   151   167 I Process : Sending signal. PID: 1899 SIG: 3
06-08 13:27:41.227  1899  1903 I dalvikvm: threadid=3: reacting to signal 3
06-08 13:27:41.294  1899  1899 D libEGL  : loaded /vendor/lib/egl/libEGL_POWERVR_SGX540_120.so
06-08 13:27:41.415  1899  1899 D libEGL  : loaded /vendor/lib/egl/libGLESv1_CM_POWERVR_SGX540_120.so
06-08 13:27:41.419  1899  1903 I dalvikvm: Wrote stack traces to '/data/anr/traces.txt'
06-08 13:27:41.430  1899  1899 D libEGL  : loaded /vendor/lib/egl/libGLESv2_POWERVR_SGX540_120.so
06-08 13:27:41.622  1899  1899 D OpenGLRenderer: Enabling debug mode 0
06-08 13:27:41.715  1899  1923 I SqliteDatabaseCpp: sqlite returned: error code = 14, msg = cannot open file at line 27701 of [8609a15dfa], db=/data/data/com.android.browser/databases/webview.db
06-08 13:27:41.715  1899  1923 I SqliteDatabaseCpp: sqlite returned: error code = 14, msg = os_unix.c: open() at line 27701 - "" errno=2 path=/GeolocationPermissions.db, db=/data/data/com.android.browser/databases/webview.db
06-08 13:27:41.723   151   167 I Process : Sending signal. PID: 1899 SIG: 3
06-08 13:27:41.723  1899  1903 I dalvikvm: threadid=3: reacting to signal 3
06-08 13:27:41.731  1899  1903 I dalvikvm: Wrote stack traces to '/data/anr/traces.txt'
06-08 13:27:41.735  1899  1928 I SqliteDatabaseCpp: sqlite returned: error code = 1, msg = no such table: IconDatabaseInfo, db=/data/data/com.android.browser/databases/webview.db
06-08 13:27:41.743  1332  1332 D dalvikvm: GC_EXPLICIT freed 215K, 8% free 9675K/10439K, paused 4ms+8ms
06-08 13:27:41.782  1332  1332 D OpenGLRenderer: Flushing caches (mode 1)
06-08 13:27:41.868   151   200 I ActivityManager: Displayed com.android.browser/.BrowserActivity: +1s724ms
06-08 13:27:42.352  1899  1901 D dalvikvm: GC_CONCURRENT freed 219K, 4% free 9548K/9863K, paused 3ms+7ms
06-08 13:27:43.001  1899  1933 W chromium: external/chromium/net/spdy/spdy_session.cc:1058: [0608/132743:WARNING:spdy_session.cc(1058)] Received data frame for invalid stream 1
06-08 13:27:43.001  1899  1933 W chromium: external/chromium/net/spdy/spdy_session.cc:1058: [0608/132743:WARNING:spdy_session.cc(1058)] Received data frame for invalid stream 1
06-08 13:27:43.200    82   127 D AudioHardware: AudioHardware pcm playback is going to standby.
06-08 13:27:43.200    82   127 D AudioHardware: closePcmOut_l() mPcmOpenCnt: 1
06-08 13:27:43.294  1899  1933 W chromium: external/chromium/net/spdy/spdy_session.cc:1058: [0608/132743:WARNING:spdy_session.cc(1058)] Received data frame for invalid stream 1
06-08 13:27:43.294  1899  1933 W chromium: external/chromium/net/spdy/spdy_session.cc:1058: [0608/132743:WARNING:spdy_session.cc(1058)] Received data frame for invalid stream 1
06-08 13:27:43.563  1899  1899 D BrowserLogin: Finished login attempt for jayinamdar@gmail.com
06-08 13:27:43.598  1899  1933 W chromium: external/chromium/net/spdy/spdy_session.cc:1182: [0608/132743:WARNING:spdy_session.cc(1182)] Received SYN_REPLY for invalid stream 5
06-08 13:27:43.598  1899  1933 W chromium: external/chromium/net/spdy/spdy_session.cc:1058: [0608/132743:WARNING:spdy_session.cc(1058)] Received data frame for invalid stream 5
06-08 13:27:43.598  1899  1933 W chromium: external/chromium/net/spdy/spdy_session.cc:1058: [0608/132743:WARNING:spdy_session.cc(1058)] Received data frame for invalid stream 5
06-08 13:27:43.813  1899  1899 D dalvikvm: GC_FOR_ALLOC freed 384K, 5% free 9596K/10055K, paused 22ms
06-08 13:27:43.817  1899  1899 I dalvikvm-heap: Grow heap (frag case) to 9.605MB for 172816-byte allocation
06-08 13:27:43.840  1899  1923 D dalvikvm: GC_FOR_ALLOC freed 0K, 5% free 9765K/10247K, paused 15ms
06-08 13:27:43.872  1899  1899 D webviewglue: nativeDestroy view: 0x405a18
06-08 13:27:44.075  1899  1923 I SqliteDatabaseCpp: sqlite returned: error code = 1, msg = no such table: CacheGroups, db=/data/data/com.android.browser/databases/webview.db
06-08 13:27:44.075  1899  1923 I SqliteDatabaseCpp: sqlite returned: error code = 1, msg = no such table: Caches, db=/data/data/com.android.browser/databases/webview.db
06-08 13:27:44.075  1899  1923 I SqliteDatabaseCpp: sqlite returned: error code = 1, msg = no such table: Origins, db=/data/data/com.android.browser/databases/webview.db
06-08 13:27:44.075  1899  1923 I SqliteDatabaseCpp: sqlite returned: error code = 1, msg = no such table: DeletedCacheResources, db=/data/data/com.android.browser/databases/webview.db
06-08 13:27:44.173  1899  1899 D dalvikvm: GC_FOR_ALLOC freed 100K, 5% free 9858K/10311K, paused 29ms
06-08 13:27:44.212  1899  1899 D dalvikvm: GC_FOR_ALLOC freed 8K, 5% free 9923K/10439K, paused 31ms
06-08 13:27:44.212  1899  1899 I dalvikvm-heap: Grow heap (frag case) to 10.385MB for 656656-byte allocation
06-08 13:27:44.251  1899  1901 D dalvikvm: GC_CONCURRENT freed <1K, 6% free 10565K/11143K, paused 3ms+2ms
06-08 13:27:44.653   476   476 D SAN_SERVICE: *******************************************
06-08 13:27:44.653   476   476 D SAN_SERVICE: DM App Phone Service State - 0
06-08 13:27:44.653   476   476 D SAN_SERVICE: *******************************************
06-08 13:27:44.864   476   476 D SAN_SERVICE: *******************************************
06-08 13:27:44.864   476   476 D SAN_SERVICE: DM App Phone Service State - 0
06-08 13:27:44.864   476   476 D SAN_SERVICE: *******************************************
06-08 13:27:46.551   151   205 I ActivityManager: START {act=android.intent.action.MAIN cat=[android.intent.category.HOME] flg=0x10200000 cmp=com.android.launcher/com.android.launcher2.Launcher} from pid 151
06-08 13:27:46.602  1899  1899 D WebViewTimersControl: onBrowserActivityPause
06-08 13:27:46.602  1899  1899 D WebViewTimersControl: Pausing webview timers, view=com.android.browser.BrowserWebView@413f0448
06-08 13:27:46.719  1899  1899 D OpenGLRenderer: Flushing caches (mode 0)
06-08 13:27:46.751   151   163 W InputManagerService: Starting input on non-focused client com.android.internal.view.IInputMethodClient$Stub$Proxy@414b01a8 (uid=10003 pid=1899)
06-08 13:27:46.758  1899  1899 D OpenGLRenderer: Flushing caches (mode 1)
06-08 13:27:47.329   151   558 I ActivityManager: No longer want com.google.android.voicesearch (pid 1505): hidden #16
06-08 13:27:47.919  1402  1404 D dalvikvm: GC_CONCURRENT freed 369K, 10% free 9731K/10695K, paused 4ms+11ms
06-08 13:27:49.122  1899  1923 I SqliteDatabaseCpp: sqlite returned: error code = 1, msg = no such table: Permissions, db=/data/data/com.android.browser/databases/webview.db
06-08 13:27:49.130  1899  1901 D dalvikvm: GC_CONCURRENT freed 355K, 5% free 10655K/11143K, paused 2ms+5ms
06-08 13:27:49.340  1402  1404 D dalvikvm: GC_CONCURRENT freed 383K, 9% free 9738K/10695K, paused 8ms+4ms
06-08 13:27:49.880  1402  1404 D dalvikvm: GC_CONCURRENT freed 371K, 9% free 9770K/10695K, paused 3ms+3ms
06-08 13:27:50.141  1402  1404 D dalvikvm: GC_CONCURRENT freed 272K, 7% free 9950K/10695K, paused 2ms+2ms
06-08 13:27:50.481  1402  1404 D dalvikvm: GC_CONCURRENT freed 494K, 8% free 9869K/10695K, paused 4ms+10ms
06-08 13:27:50.739  1402  1404 D dalvikvm: GC_CONCURRENT freed 501K, 9% free 9772K/10695K, paused 2ms+3ms
06-08 13:27:51.110  1402  1404 D dalvikvm: GC_CONCURRENT freed 432K, 10% free 9732K/10695K, paused 3ms+3ms
06-08 13:27:51.149   476   476 D SAN_SERVICE: *******************************************
06-08 13:27:51.149   476   476 D SAN_SERVICE: DM App Phone Service State - 0
06-08 13:27:51.149   476   476 D SAN_SERVICE: *******************************************
06-08 13:27:51.540  1402  1404 D dalvikvm: GC_CONCURRENT freed 381K, 9% free 9739K/10695K, paused 2ms+3ms
06-08 13:27:51.743  1402  1404 D dalvikvm: GC_CONCURRENT freed 371K, 9% free 9770K/10695K, paused 3ms+2ms
06-08 13:27:51.880  1402  1404 D dalvikvm: GC_CONCURRENT freed 430K, 9% free 9750K/10695K, paused 2ms+4ms
06-08 13:27:52.223  1402  1404 D dalvikvm: GC_CONCURRENT freed 394K, 9% free 9742K/10695K, paused 2ms+4ms
06-08 13:27:52.661  1402  1404 D dalvikvm: GC_CONCURRENT freed 394K, 9% free 9736K/10695K, paused 2ms+3ms
06-08 13:27:53.067  1402  1404 D dalvikvm: GC_CONCURRENT freed 391K, 9% free 9733K/10695K, paused 3ms+3ms
06-08 13:27:53.505  1402  1404 D dalvikvm: GC_CONCURRENT freed 313K, 9% free 9839K/10695K, paused 2ms+5ms
06-08 13:27:53.989  1402  1404 D dalvikvm: GC_CONCURRENT freed 482K, 9% free 9818K/10695K, paused 2ms+2ms
06-08 13:27:54.161   151   197 I power   : *** set_screen_state 0
06-08 13:27:54.208    79   120 D SurfaceFlinger: About to give-up screen, flinger = 0x8a0918
06-08 13:27:54.454   488   579 D NfcService: NFC-C OFF, disconnect
06-08 13:27:54.493   151   153 D dalvikvm: GC_CONCURRENT freed 472K, 10% free 13476K/14919K, paused 9ms+4ms
06-08 13:27:54.505   151   201 V TransportControlView: Create TCV com.android.internal.widget.TransportControlView@415561b8
06-08 13:27:54.555   388   388 D PhoneStatusBar: disable: < expand icons alerts ticker system_info back home RECENT* clock >
06-08 13:27:54.563  1332  1332 D OpenGLRenderer: Flushing caches (mode 1)
06-08 13:27:54.571    82   127 D AudioHardware: AudioHardware pcm playback is exiting standby.
06-08 13:27:54.571    82   127 D AudioHardware: openPcmOut_l() mPcmOpenCnt: 0
06-08 13:27:54.579   388   388 D PhoneStatusBar: disable: < expand icons alerts ticker system_info BACK* HOME* RECENT CLOCK* >
06-08 13:27:54.622  1402  1404 D dalvikvm: GC_CONCURRENT freed 477K, 10% free 9732K/10695K, paused 3ms+4ms
06-08 13:27:54.665  1278  1296 I PhoneLab-: Service Running
06-08 13:27:54.723  1278  1296 I PhoneLab-LoggerService: app_38    1302  1278  1772   1396  c00f181c 400107b4 S logcat
06-08 13:27:54.723  1278  1296 I PhoneLab-LoggerService: Logcat pid from database 1302
06-08 13:27:54.723  1278  1296 I PhoneLab-LoggerService: Logcat process found 1302
06-08 13:27:54.723  1278  1296 I PhoneLab-LoggerService: Checking Threshold
06-08 13:27:54.723  1278  1296 I PhoneLab-LoggerService: Starting to rename files
06-08 13:27:54.723  1278  1296 I PhoneLab-LoggerService: Files found .. 2
06-08 13:27:54.723  1278  1296 I PhoneLab-LoggerService: File 1 log.out.1
06-08 13:27:54.727  1278  1296 I PhoneLab-LoggerService: Renamed successfully
06-08 13:27:55.083  1402  1404 D dalvikvm: GC_CONCURRENT freed 390K, 9% free 9734K/10695K, paused 1ms+12ms
06-08 13:27:55.833  1402  1404 D dalvikvm: GC_CONCURRENT freed 377K, 9% free 9743K/10695K, paused 2ms+2ms
06-08 13:27:56.169  1402  1404 D dalvikvm: GC_CONCURRENT freed 399K, 10% free 9729K/10695K, paused 2ms+2ms
06-08 13:27:56.270   476   476 D SAN_SERVICE: *******************************************
06-08 13:27:56.270   476   476 D SAN_SERVICE: DM App Phone Service State - 0
06-08 13:27:56.270   476   476 D SAN_SERVICE: *******************************************
06-08 13:27:56.719  1402  1404 D dalvikvm: GC_CONCURRENT freed 366K, 9% free 9753K/10695K, paused 2ms+2ms
06-08 13:27:57.090  1402  1404 D dalvikvm: GC_CONCURRENT freed 404K, 9% free 9748K/10695K, paused 3ms+5ms
06-08 13:27:57.426  1402  1843 D dalvikvm: GC_EXPLICIT freed 347K, 10% free 9717K/10695K, paused 2ms+3ms
06-08 13:27:57.438  1402  1843 I Gmail   : MainSyncRequestProto: lowestBkwdConvoId: 0, highestHandledServerOp: 984249, normalSync: true
06-08 13:27:57.473  1332  1332 D OpenGLRenderer: Flushing caches (mode 1)
06-08 13:27:57.731    82   127 D AudioHardware: AudioHardware pcm playback is going to standby.
06-08 13:27:57.731    82   127 D AudioHardware: closePcmOut_l() mPcmOpenCnt: 1
06-08 13:28:00.075   476   476 D SAN_SERVICE: *******************************************
06-08 13:28:00.075   476   476 D SAN_SERVICE: DM App Phone Service State - 0
06-08 13:28:00.075   476   476 D SAN_SERVICE: *******************************************
06-08 13:28:01.477  1402  1404 D dalvikvm: GC_CONCURRENT freed 174K, 8% free 9931K/10695K, paused 1ms+2ms
06-08 13:28:01.661  1402  1404 D dalvikvm: GC_CONCURRENT freed 608K, 10% free 9710K/10695K, paused 2ms+3ms
06-08 13:28:02.196  1402  1404 D dalvikvm: GC_CONCURRENT freed 341K, 9% free 9801K/10695K, paused 3ms+6ms
06-08 13:28:02.508  1402  1404 D dalvikvm: GC_CONCURRENT freed 435K, 9% free 9767K/10695K, paused 3ms+5ms
06-08 13:28:02.852  1402  1404 D dalvikvm: GC_CONCURRENT freed 338K, 8% free 9862K/10695K, paused 7ms+2ms
06-08 13:28:02.907  1402  1843 D dalvikvm: GC_FOR_ALLOC freed 31K, 8% free 9843K/10695K, paused 16ms
06-08 13:28:02.907  1402  1843 I dalvikvm-heap: Grow heap (frag case) to 9.960MB for 291700-byte allocation
06-08 13:28:02.958  1402  1843 D dalvikvm: GC_FOR_ALLOC freed 0K, 9% free 10128K/11015K, paused 15ms
06-08 13:28:02.977  1402  1843 D dalvikvm: GC_FOR_ALLOC freed 149K, 9% free 10125K/11015K, paused 15ms
06-08 13:28:02.981  1402  1843 I dalvikvm-heap: Grow heap (frag case) to 10.236MB for 291696-byte allocation
06-08 13:28:02.997  1402  1843 D dalvikvm: GC_FOR_ALLOC freed 142K, 10% free 10267K/11335K, paused 15ms
06-08 13:28:03.083  1402  1404 D dalvikvm: GC_CONCURRENT freed 405K, 9% free 10333K/11335K, paused 2ms+2ms
06-08 13:28:03.969  1402  1404 D dalvikvm: GC_CONCURRENT freed 959K, 14% free 9771K/11335K, paused 13ms+2ms
06-08 13:28:05.356  1402  1404 D dalvikvm: GC_CONCURRENT freed 404K, 14% free 9767K/11335K, paused 2ms+2ms
06-08 13:28:06.266  1402  1404 D dalvikvm: GC_CONCURRENT freed 389K, 14% free 9764K/11335K, paused 3ms+6ms
06-08 13:28:06.758  1402  1404 D dalvikvm: GC_CONCURRENT freed 395K, 14% free 9846K/11335K, paused 3ms+5ms
06-08 13:28:07.063  1402  1404 D dalvikvm: GC_CONCURRENT freed 498K, 15% free 9736K/11335K, paused 2ms+3ms
06-08 13:28:07.563  1402  1404 D dalvikvm: GC_CONCURRENT freed 371K, 14% free 9752K/11335K, paused 1ms+2ms
06-08 13:28:07.751  1402  1404 D dalvikvm: GC_CONCURRENT freed 429K, 15% free 9708K/11335K, paused 1ms+2ms
06-08 13:28:08.348  1402  1404 D dalvikvm: GC_CONCURRENT freed 342K, 14% free 9756K/11335K, paused 6ms+2ms
06-08 13:28:08.786  1402  1404 D dalvikvm: GC_CONCURRENT freed 407K, 15% free 9734K/11335K, paused 2ms+2ms
06-08 13:28:09.083  1402  1404 D dalvikvm: GC_CONCURRENT freed 389K, 15% free 9729K/11335K, paused 1ms+2ms
06-08 13:28:09.391  1402  1404 D dalvikvm: GC_CONCURRENT freed 395K, 15% free 9727K/11335K, paused 1ms+2ms
06-08 13:28:09.872  1402  1404 D dalvikvm: GC_CONCURRENT freed 380K, 15% free 9738K/11335K, paused 3ms+5ms
06-08 13:28:10.383  1402  1843 D dalvikvm: GC_EXPLICIT freed 354K, 15% free 9735K/11335K, paused 2ms+4ms
06-08 13:28:10.395  1402  1843 I Gmail   : MainSyncRequestProto: lowestBkwdConvoId: 0, highestHandledServerOp: 984249, normalSync: true
06-08 13:28:10.438  1332  1332 D OpenGLRenderer: Flushing caches (mode 1)
06-08 13:28:14.618  1402  1404 D dalvikvm: GC_CONCURRENT freed 345K, 14% free 9778K/11335K, paused 2ms+3ms
06-08 13:28:14.946  1402  1404 D dalvikvm: GC_CONCURRENT freed 303K, 13% free 9900K/11335K, paused 4ms+5ms
06-08 13:28:15.360  1402  1404 D dalvikvm: GC_CONCURRENT freed 545K, 14% free 9810K/11335K, paused 2ms+6ms
06-08 13:28:15.778  1402  1404 D dalvikvm: GC_CONCURRENT freed 404K, 14% free 9813K/11335K, paused 4ms+5ms
06-08 13:28:16.231  1402  1404 D dalvikvm: GC_CONCURRENT freed 450K, 15% free 9748K/11335K, paused 4ms+10ms
06-08 13:28:16.473  1402  1404 D dalvikvm: GC_CONCURRENT freed 197K, 13% free 9970K/11335K, paused 1ms+2ms
06-08 13:28:16.657  1402  1404 D dalvikvm: GC_CONCURRENT freed 437K, 13% free 9956K/11335K, paused 1ms+2ms
06-08 13:28:17.001  1402  1404 D dalvikvm: GC_CONCURRENT freed 536K, 14% free 9809K/11335K, paused 3ms+5ms
06-08 13:28:17.548  1402  1404 D dalvikvm: GC_CONCURRENT freed 440K, 14% free 9763K/11335K, paused 7ms+3ms
06-08 13:28:18.899  1402  1404 D dalvikvm: GC_CONCURRENT freed 397K, 14% free 9762K/11335K, paused 2ms+2ms
06-08 13:28:19.512  1402  1404 D dalvikvm: GC_CONCURRENT freed 381K, 14% free 9785K/11335K, paused 2ms+3ms
06-08 13:28:19.868  1402  1404 D dalvikvm: GC_CONCURRENT freed 336K, 13% free 9905K/11335K, paused 7ms+2ms
06-08 13:28:20.079  1402  1404 D dalvikvm: GC_CONCURRENT freed 573K, 15% free 9726K/11335K, paused 1ms+2ms
06-08 13:28:20.446  1402  1404 D dalvikvm: GC_CONCURRENT freed 263K, 13% free 9897K/11335K, paused 4ms+5ms
06-08 13:28:20.880  1402  1404 D dalvikvm: GC_CONCURRENT freed 551K, 15% free 9748K/11335K, paused 2ms+2ms
06-08 13:28:21.071  1402  1404 D dalvikvm: GC_CONCURRENT freed 422K, 15% free 9712K/11335K, paused 1ms+2ms
06-08 13:28:21.626  1402  1404 D dalvikvm: GC_CONCURRENT freed 355K, 14% free 9754K/11335K, paused 7ms+3ms
06-08 13:28:22.075  1402  1404 D dalvikvm: GC_CONCURRENT freed 398K, 15% free 9743K/11335K, paused 9ms+2ms
06-08 13:28:22.536  1402  1843 D dalvikvm: GC_EXPLICIT freed 261K, 15% free 9737K/11335K, paused 2ms+4ms
06-08 13:28:22.544  1402  1843 I Gmail   : MainSyncRequestProto: lowestBkwdConvoId: 0, highestHandledServerOp: 984249, normalSync: true
06-08 13:28:22.587  1332  1332 D OpenGLRenderer: Flushing caches (mode 1)
06-08 13:28:32.840  1402  1404 D dalvikvm: GC_CONCURRENT freed 368K, 14% free 9787K/11335K, paused 2ms+3ms
06-08 13:28:32.938  1402  1404 D dalvikvm: GC_CONCURRENT freed 443K, 14% free 9799K/11335K, paused 2ms+3ms
06-08 13:28:33.036  1402  1404 D dalvikvm: GC_CONCURRENT freed 449K, 14% free 9770K/11335K, paused 2ms+2ms
06-08 13:28:33.325  1402  1404 D dalvikvm: GC_CONCURRENT freed 434K, 15% free 9733K/11335K, paused 2ms+3ms
06-08 13:28:33.958  1402  1404 D dalvikvm: GC_CONCURRENT freed 345K, 14% free 9784K/11335K, paused 2ms+4ms
06-08 13:28:34.665  1402  1404 D dalvikvm: GC_CONCURRENT freed 403K, 14% free 9779K/11335K, paused 6ms+3ms
06-08 13:28:35.157  1402  1404 D dalvikvm: GC_CONCURRENT freed 413K, 14% free 9763K/11335K, paused 2ms+3ms
06-08 13:28:35.743  1402  1404 D dalvikvm: GC_CONCURRENT freed 393K, 14% free 9755K/11335K, paused 2ms+3ms
06-08 13:28:35.837   476   476 D SAN_SERVICE: *******************************************
06-08 13:28:35.837   476   476 D SAN_SERVICE: DM App Phone Service State - 0
06-08 13:28:35.837   476   476 D SAN_SERVICE: *******************************************
06-08 13:28:36.094   476   476 D SAN_SERVICE: *******************************************
06-08 13:28:36.094   476   476 D SAN_SERVICE: DM App Phone Service State - 0
06-08 13:28:36.094   476   476 D SAN_SERVICE: *******************************************
06-08 13:28:36.411  1402  1404 D dalvikvm: GC_CONCURRENT freed 362K, 14% free 9779K/11335K, paused 2ms+6ms
06-08 13:28:38.458  1402  1404 D dalvikvm: GC_CONCURRENT freed 393K, 14% free 9771K/11335K, paused 2ms+3ms
06-08 13:28:38.969  1402  1404 D dalvikvm: GC_CONCURRENT freed 314K, 13% free 9934K/11335K, paused 2ms+5ms
06-08 13:28:39.083  1402  1404 D dalvikvm: GC_CONCURRENT freed 512K, 13% free 9887K/11335K, paused 2ms+2ms
06-08 13:28:39.192  1402  1404 D dalvikvm: GC_CONCURRENT freed 470K, 13% free 9888K/11335K, paused 2ms+2ms
06-08 13:28:39.290  1402  1404 D dalvikvm: GC_CONCURRENT freed 471K, 13% free 9882K/11335K, paused 2ms+2ms
06-08 13:28:39.387  1402  1404 D dalvikvm: GC_CONCURRENT freed 462K, 13% free 9888K/11335K, paused 2ms+2ms
06-08 13:28:39.493  1402  1404 D dalvikvm: GC_CONCURRENT freed 470K, 13% free 9882K/11335K, paused 2ms+2ms
06-08 13:28:39.590  1402  1404 D dalvikvm: GC_CONCURRENT freed 460K, 13% free 9888K/11335K, paused 1ms+3ms
06-08 13:28:39.919  1402  1404 D dalvikvm: GC_CONCURRENT freed 556K, 15% free 9735K/11335K, paused 2ms+3ms
06-08 13:28:40.536  1402  1843 D dalvikvm: GC_EXPLICIT freed 325K, 14% free 9765K/11335K, paused 4ms+3ms
06-08 13:28:40.540  1402  1843 I Gmail   : MainSyncRequestProto: lowestBkwdConvoId: 0, highestHandledServerOp: 984249, normalSync: true
06-08 13:28:40.680  1402  1843 W Gmail   : Scheduling index for 300000 ms from now
06-08 13:28:40.840  1332  1332 D OpenGLRenderer: Flushing caches (mode 1)
06-08 13:28:40.880  1402  1952 I Gmail   : MainSyncRequestProto: lowestBkwdConvoId: 0, highestHandledServerOp: 984249, normalSync: true
06-08 13:28:40.923  1332  1332 D OpenGLRenderer: Flushing caches (mode 1)
06-08 13:28:41.083  1789  1955 I DownloadManager: Initiating request for download 1
06-08 13:28:41.481  1402  1952 D dalvikvm: GC_EXPLICIT freed 201K, 15% free 9731K/11335K, paused 2ms+3ms
06-08 13:28:41.489  1402  1952 I Gmail   : MainSyncRequestProto: lowestBkwdConvoId: 0, highestHandledServerOp: 984249, normalSync: true
06-08 13:28:41.497  1402  1952 W Gmail   : Scheduling index for 300000 ms from now
06-08 13:28:41.551   151   193 I ActivityManager: Start proc com.google.android.syncadapters.calendar for service com.google.android.syncadapters.calendar/.CalendarSyncAdapterService: pid=1958 uid=10020 gids={3003}
06-08 13:28:41.665   151   917 I ActivityManager: Start proc com.android.providers.calendar for content provider com.android.providers.calendar/.CalendarProvider2: pid=1974 uid=10006 gids={3003, 1015}
06-08 13:28:41.696    80    80 D dalvikvm: GC_EXPLICIT freed 36K, 4% free 9031K/9347K, paused 3ms+3ms
06-08 13:28:41.715    80    80 D dalvikvm: GC_EXPLICIT freed <1K, 4% free 9031K/9347K, paused 1ms+2ms
06-08 13:28:41.762    80    80 D dalvikvm: GC_EXPLICIT freed <1K, 4% free 9031K/9347K, paused 1ms+4ms
06-08 13:28:41.786  1974  1974 I ActivityThread: Pub com.android.calendar: com.android.providers.calendar.CalendarProvider2
06-08 13:28:41.899  1332  1332 D OpenGLRenderer: Flushing caches (mode 1)
06-08 13:28:42.075  1974  1989 D dalvikvm: GC_FOR_ALLOC freed 386K, 5% free 9149K/9607K, paused 56ms
06-08 13:28:42.173   151   153 D dalvikvm: JIT code cache reset in 6 ms (1048524 bytes 1/0)
06-08 13:28:42.180   151   153 D dalvikvm: GC_CONCURRENT freed 649K, 8% free 13868K/14919K, paused 3ms+12ms
06-08 13:28:42.184  1789  1791 D dalvikvm: GC_CONCURRENT freed 293K, 5% free 9254K/9671K, paused 64ms+2ms
06-08 13:28:42.219  1974  1976 D dalvikvm: GC_CONCURRENT freed 55K, 5% free 9217K/9607K, paused 3ms+87ms
06-08 13:28:42.458   151   167 D dalvikvm: GC_EXPLICIT freed 188K, 7% free 13886K/14919K, paused 3ms+6ms
06-08 13:28:43.817  1789  1997 I DownloadManager: deleting /data/data/com.android.providers.downloads/cache/downloadfile.jpeg
06-08 13:28:44.161  1332  1332 D OpenGLRenderer: Flushing caches (mode 1)
06-08 13:28:44.251  1958  1960 D dalvikvm: GC_CONCURRENT freed 355K, 6% free 9118K/9607K, paused 2ms+2ms
06-08 13:28:44.317  1789  2002 I DownloadManager: Initiating request for download 2
06-08 13:28:45.044  1789  1791 D dalvikvm: GC_CONCURRENT freed 352K, 5% free 9322K/9799K, paused 2ms+3ms
06-08 13:28:47.407  1332  1332 D OpenGLRenderer: Flushing caches (mode 1)
06-08 13:28:47.469   476   476 D SAN_SERVICE: *******************************************
06-08 13:28:47.469   476   476 D SAN_SERVICE: DM App Phone Service State - 0
06-08 13:28:47.469   476   476 D SAN_SERVICE: *******************************************
06-08 13:28:47.567  1958  1960 D dalvikvm: GC_CONCURRENT freed 337K, 5% free 9200K/9671K, paused 3ms+4ms
06-08 13:28:47.645  1789  2009 I DownloadManager: deleting /data/data/com.android.providers.downloads/cache/downloadfile.jpeg
06-08 13:28:47.657  1789  2010 I DownloadManager: Initiating request for download 3
06-08 13:28:47.981  1332  1334 D dalvikvm: GC_CONCURRENT freed 361K, 7% free 9723K/10439K, paused 5ms+5ms
06-08 13:28:48.005   476   476 D SAN_SERVICE: *******************************************
06-08 13:28:48.005   476   476 D SAN_SERVICE: DM App Phone Service State - 0
06-08 13:28:48.005   476   476 D SAN_SERVICE: *******************************************
06-08 13:28:48.575  1332  1332 D OpenGLRenderer: Flushing caches (mode 1)
06-08 13:28:48.704   718   720 D dalvikvm: GC_CONCURRENT freed 344K, 12% free 10257K/11591K, paused 9ms+3ms
06-08 13:28:48.755  1789  1791 D dalvikvm: GC_CONCURRENT freed 429K, 6% free 9334K/9863K, paused 5ms+3ms
06-08 13:28:49.173   151   503 I ActivityManager: No longer want com.android.provision (pid 1616): hidden #16
06-08 13:28:49.266  1332  1332 D OpenGLRenderer: Flushing caches (mode 1)
06-08 13:28:49.282  1789  2023 I DownloadManager: deleting /data/data/com.android.providers.downloads/cache/downloadfile.jpeg
06-08 13:28:49.442  1789  2025 I DownloadManager: Initiating request for download 4
06-08 13:28:51.223   476   476 D SAN_SERVICE: *******************************************
06-08 13:28:51.223   476   476 D SAN_SERVICE: DM App Phone Service State - 0
06-08 13:28:51.223   476   476 D SAN_SERVICE: *******************************************
06-08 13:28:51.340  1119  2027 D PicasaSyncService: start to perform sync on jayinamdar@gmail.com
06-08 13:28:51.399  1119  1133 V PicasaContentProvider: querySettings: defaults: {sync_on_wifi_only=1, auto_upload_account_type=null, sync_on_battery=1, sync_picasa_on_wifi_only=1, auto_upload_enabled=0, video_upload_wifi_only=1, sync_on_roaming=0, auto_upload_account_name=null}
06-08 13:28:51.442  1119  2027 D PicasaSyncManager: perform sync task: MetadataSyncTask (jayinamdar@gmail.com)
06-08 13:28:51.512  1789  1791 D dalvikvm: GC_CONCURRENT freed 410K, 6% free 9323K/9863K, paused 2ms+3ms
06-08 13:28:51.649   151   471 D dalvikvm: GC_EXPLICIT freed 998K, 9% free 13789K/15047K, paused 3ms+6ms
06-08 13:28:51.727  1789  2033 I DownloadManager: deleting /data/data/com.android.providers.downloads/cache/downloadfile.jpeg
06-08 13:28:52.876  1332  1332 D OpenGLRenderer: Flushing caches (mode 1)
06-08 13:28:52.899  1332  1332 D OpenGLRenderer: Flushing caches (mode 1)
06-08 13:28:52.903  1119  2027 D PicasaAPI: getAlbums for jayinamdar@gmail.com, etag = null
06-08 13:28:52.969  1119  1121 D dalvikvm: GC_CONCURRENT freed 399K, 7% free 9309K/9927K, paused 2ms+2ms
06-08 13:28:53.028  1789  2037 I DownloadManager: Initiating request for download 5
06-08 13:28:55.364  1332  1332 D OpenGLRenderer: Flushing caches (mode 1)
06-08 13:28:55.407  1789  1791 D dalvikvm: GC_CONCURRENT freed 410K, 6% free 9326K/9863K, paused 2ms+4ms
06-08 13:28:55.423  1789  2043 I DownloadManager: deleting /data/data/com.android.providers.downloads/cache/downloadfile.jpeg
06-08 13:28:55.598  1789  2045 I DownloadManager: Initiating request for download 6
06-08 13:28:56.602  1119  1121 D dalvikvm: GC_CONCURRENT freed 331K, 6% free 9364K/9927K, paused 12ms+1ms
06-08 13:28:57.215  1119  2027 V PicasaAPI:    etag: --> W/"A0QNSXc9cCp7ImA9WhVbEks.",entryCount=9
06-08 13:28:57.227  1119  2027 V PicasaAPI:    done
06-08 13:28:57.231  1119  2027 D MetricsUtils: [PicasaApi.getAlbums in:3921 out:585 time:4327]
06-08 13:28:57.309  1119  2027 D MetricsUtils: [PicasaSyncHelper.syncAlbums jayinamdar@gmail.com time:4397]
06-08 13:28:57.372  1119  2027 D PicasaAPI: getAlbumPhotos for 105710113694891878798 / 5116620423394122177, etag: null
06-08 13:28:57.465  1402  1404 D dalvikvm: GC_CONCURRENT freed 344K, 14% free 9777K/11335K, paused 2ms+3ms
06-08 13:28:57.571  1332  1332 D OpenGLRenderer: Flushing caches (mode 1)
06-08 13:28:57.594  1789  2051 I DownloadManager: deleting /data/data/com.android.providers.downloads/cache/downloadfile.jpeg
06-08 13:28:57.758   476   476 D SAN_SERVICE: *******************************************
06-08 13:28:57.758   476   476 D SAN_SERVICE: DM App Phone Service State - 0
06-08 13:28:57.758   476   476 D SAN_SERVICE: *******************************************
06-08 13:28:58.282  1789  2053 I DownloadManager: Initiating request for download 7
06-08 13:28:58.309  1789  1791 D dalvikvm: GC_CONCURRENT freed 431K, 6% free 9306K/9863K, paused 2ms+5ms
06-08 13:28:59.114  1119  1121 D dalvikvm: GC_CONCURRENT freed 413K, 6% free 9380K/9927K, paused 2ms+2ms
06-08 13:29:00.321  1332  1332 D OpenGLRenderer: Flushing caches (mode 1)
06-08 13:29:00.360  1789  2058 I DownloadManager: deleting /data/data/com.android.providers.downloads/cache/downloadfile.jpeg
06-08 13:29:00.618  1789  2060 I DownloadManager: Initiating request for download 8
06-08 13:29:00.712  1119  1121 D dalvikvm: GC_CONCURRENT freed 420K, 6% free 9378K/9927K, paused 3ms+4ms
06-08 13:29:01.598  1789  1791 D dalvikvm: GC_CONCURRENT freed 405K, 6% free 9329K/9863K, paused 12ms+2ms
06-08 13:29:02.442  1119  2027 V PicasaAPI:    etag: --> W/"CEMDQnk6cCp7ImA9WhVSGUw.",entryCount=57
06-08 13:29:02.446  1119  2027 D PicasaAPI:    done
06-08 13:29:02.446  1119  2027 D MetricsUtils: [PicasaApi.getAlbumPhotos in:12258 out:711 time:5075]
06-08 13:29:02.551  1119  2027 D MetricsUtils: [PicasaSyncHelper.syncPhotos 5116620423394122177 time:5193]
06-08 13:29:02.555  1119  2027 D PicasaAPI: getAlbumPhotos for 105710113694891878798 / 5352745827623112929, etag: null
06-08 13:29:02.696  1789  2064 D dalvikvm: GC_EXPLICIT freed 265K, 7% free 9254K/9863K, paused 2ms+3ms
06-08 13:29:02.755  1332  1332 D OpenGLRenderer: Flushing caches (mode 1)
06-08 13:29:02.774  1789  2066 I DownloadManager: deleting /data/data/com.android.providers.downloads/cache/downloadfile.jpeg
06-08 13:29:03.036  1789  2068 I DownloadManager: Initiating request for download 9
06-08 13:29:05.598   151   471 D dalvikvm: GC_EXPLICIT freed 507K, 9% free 13785K/15047K, paused 3ms+7ms
06-08 13:29:05.641  1119  1121 D dalvikvm: GC_CONCURRENT freed 411K, 6% free 9384K/9927K, paused 2ms+3ms
06-08 13:29:05.762  1332  1332 D OpenGLRenderer: Flushing caches (mode 1)
06-08 13:29:05.829  1789  1791 D dalvikvm: GC_CONCURRENT freed 334K, 6% free 9305K/9863K, paused 1ms+3ms
06-08 13:29:05.868  1789  2074 I DownloadManager: deleting /data/data/com.android.providers.downloads/cache/downloadfile.jpeg
06-08 13:29:06.071  1789  2076 I DownloadManager: Initiating request for download 10
06-08 13:29:07.032  1119  1121 D dalvikvm: GC_CONCURRENT freed 419K, 6% free 9378K/9927K, paused 3ms+6ms
06-08 13:29:08.649  1402  2081 D dalvikvm: GC_EXPLICIT freed 266K, 14% free 9752K/11335K, paused 5ms+5ms
06-08 13:29:08.727  1332  1332 D OpenGLRenderer: Flushing caches (mode 1)
06-08 13:29:08.801  1789  2082 I DownloadManager: deleting /data/data/com.android.providers.downloads/cache/downloadfile.jpeg
06-08 13:29:09.036  1789  2084 I DownloadManager: Initiating request for download 11
06-08 13:29:09.571  1119  1121 D dalvikvm: GC_CONCURRENT freed 418K, 6% free 9378K/9927K, paused 7ms+2ms
06-08 13:29:09.758  1789  1791 D dalvikvm: GC_CONCURRENT freed 428K, 6% free 9315K/9863K, paused 8ms+7ms
06-08 13:29:11.680  1119  2027 V PicasaAPI:    etag: --> W/"DkEBR348fSp7ImA9WhVbEEw.",entryCount=83
06-08 13:29:11.680  1119  2027 D PicasaAPI:    done
06-08 13:29:11.680  1119  2027 D MetricsUtils: [PicasaApi.getAlbumPhotos in:21646 out:711 time:9123]
06-08 13:29:11.735  1332  1332 D OpenGLRenderer: Flushing caches (mode 1)
06-08 13:29:11.751  1119  2027 D MetricsUtils: [PicasaSyncHelper.syncPhotos 5352745827623112929 time:9196]
06-08 13:29:11.751  1119  2027 D PicasaAPI: getAlbumPhotos for 105710113694891878798 / 5357229644283205361, etag: null
06-08 13:29:11.919  1789  2090 I DownloadManager: deleting /data/data/com.android.providers.downloads/cache/downloadfile.jpeg
06-08 13:29:11.946  1789  2091 I DownloadManager: Initiating request for download 12
06-08 13:29:12.833  1789  1791 D dalvikvm: GC_CONCURRENT freed 414K, 6% free 9318K/9863K, paused 2ms+2ms
06-08 13:29:13.133  1119  1121 D dalvikvm: GC_CONCURRENT freed 411K, 6% free 9383K/9927K, paused 5ms+1ms
06-08 13:29:13.946  1332  1332 D OpenGLRenderer: Flushing caches (mode 1)
06-08 13:29:13.973  1789  2097 I DownloadManager: deleting /data/data/com.android.providers.downloads/cache/downloadfile.jpeg
06-08 13:29:15.770  1789  2099 I DownloadManager: Initiating request for download 13
06-08 13:29:16.493  1119  1121 D dalvikvm: GC_CONCURRENT freed 415K, 6% free 9383K/9927K, paused 1ms+2ms
06-08 13:29:17.180  1789  1791 D dalvikvm: GC_CONCURRENT freed 413K, 6% free 9319K/9863K, paused 2ms+3ms
06-08 13:29:17.415  1974  1974 I CalendarProvider2: Sending notification intent: Intent { act=android.intent.action.PROVIDER_CHANGED dat=content://com.android.calendar }
06-08 13:29:17.555  1974  1974 W ContentResolver: Failed to get type for: content://com.android.calendar (Unknown URL content://com.android.calendar)
06-08 13:29:17.594   151   168 I ActivityManager: Start proc com.android.calendar for broadcast com.android.calendar/.widget.CalendarAppWidgetService$CalendarFactory: pid=2101 uid=10005 gids={3003}
06-08 13:29:19.075   151   471 I WindowManager: WIN DEATH: Window{41473f00 com.android.settings/com.android.settings.Settings paused=false}
06-08 13:29:19.075   151   917 I ActivityManager: Process com.android.settings (pid 1198) has died.
06-08 13:29:19.126  2101  2101 I ActivityThread: Pub com.android.calendar.CalendarRecentSuggestionsProvider: com.android.calendar.CalendarRecentSuggestionsProvider
06-08 13:29:19.149   151   205 W InputDispatcher: channel '413c4740 com.android.settings/com.android.settings.SubSettings (server)' ~ Consumer closed input channel or an error occurred.  events=0x8
06-08 13:29:19.149   151   205 E InputDispatcher: channel '413c4740 com.android.settings/com.android.settings.SubSettings (server)' ~ Channel is unrecoverably broken and will be disposed!
06-08 13:29:19.184   151   151 W InputDispatcher: Attempted to unregister already unregistered input channel '413c4740 com.android.settings/com.android.settings.SubSettings (server)'
06-08 13:29:19.184   151   151 I WindowManager: WIN DEATH: Window{413c4740 com.android.settings/com.android.settings.SubSettings paused=false}
06-08 13:29:19.192   151   205 I WindowManager: WINDOW DIED Window{413c4740 com.android.settings/com.android.settings.SubSettings paused=false}
06-08 13:29:19.571  1332  1332 D OpenGLRenderer: Flushing caches (mode 1)
06-08 13:29:19.758  1119  1121 D dalvikvm: GC_CONCURRENT freed 414K, 6% free 9383K/9927K, paused 1ms+2ms
06-08 13:29:19.774  1789  2122 I DownloadManager: deleting /data/data/com.android.providers.downloads/cache/downloadfile.jpeg
06-08 13:29:19.782  1789  2123 I DownloadManager: Initiating request for download 14
06-08 13:29:20.969  1119  1121 D dalvikvm: GC_CONCURRENT freed 412K, 6% free 9382K/9927K, paused 1ms+2ms
06-08 13:29:21.946   476   476 D SAN_SERVICE: *******************************************
06-08 13:29:21.946   476   476 D SAN_SERVICE: DM App Phone Service State - 0
06-08 13:29:21.946   476   476 D SAN_SERVICE: *******************************************
06-08 13:29:22.215   476   476 D SAN_SERVICE: *******************************************
06-08 13:29:22.215   476   476 D SAN_SERVICE: DM App Phone Service State - 0
06-08 13:29:22.215   476   476 D SAN_SERVICE: *******************************************
06-08 13:29:22.223   476   479 D dalvikvm: GC_CONCURRENT freed 409K, 6% free 9517K/10119K, paused 35ms+2ms
06-08 13:29:22.282  1789  1791 D dalvikvm: GC_CONCURRENT freed 376K, 6% free 9351K/9863K, paused 2ms+3ms
06-08 13:29:22.399   151   163 D dalvikvm: GC_EXPLICIT freed 621K, 9% free 13785K/15047K, paused 3ms+4ms
06-08 13:29:22.559  1332  1332 D OpenGLRenderer: Flushing caches (mode 1)
06-08 13:29:22.962   476   476 D SAN_SERVICE: *******************************************
06-08 13:29:22.962   476   476 D SAN_SERVICE: DM App Phone Service State - 0
06-08 13:29:22.962   476   476 D SAN_SERVICE: *******************************************
06-08 13:29:23.161  1789  2130 I DownloadManager: deleting /data/data/com.android.providers.downloads/cache/downloadfile.jpeg
06-08 13:29:23.176  1789  2131 I DownloadManager: Initiating request for download 15
06-08 13:29:23.985  1119  1121 D dalvikvm: GC_CONCURRENT freed 415K, 6% free 9383K/9927K, paused 3ms+4ms
06-08 13:29:24.739  1332  1332 D OpenGLRenderer: Flushing caches (mode 1)
06-08 13:29:24.911  1789  2138 I DownloadManager: deleting /data/data/com.android.providers.downloads/cache/downloadfile.jpeg
06-08 13:29:24.958  1789  1791 D dalvikvm: GC_CONCURRENT freed 441K, 6% free 9358K/9927K, paused 5ms+4ms
06-08 13:29:24.962  1789  2139 I DownloadManager: Initiating request for download 16
06-08 13:29:25.380  1119  1121 D dalvikvm: GC_CONCURRENT freed 418K, 6% free 9379K/9927K, paused 6ms+2ms
06-08 13:29:27.165  1402  1404 D dalvikvm: GC_CONCURRENT freed 361K, 14% free 9778K/11335K, paused 8ms+8ms
06-08 13:29:27.188  1789  2145 I DownloadManager: deleting /data/data/com.android.providers.downloads/cache/downloadfile.jpeg
06-08 13:29:27.215  1332  1332 D OpenGLRenderer: Flushing caches (mode 1)
06-08 13:29:27.551  1789  2147 I DownloadManager: Initiating request for download 17
06-08 13:29:27.895  1119  1121 D dalvikvm: GC_CONCURRENT freed 413K, 6% free 9383K/9927K, paused 6ms+6ms
06-08 13:29:28.282  1789  1791 D dalvikvm: GC_CONCURRENT freed 473K, 7% free 9331K/9927K, paused 11ms+6ms
06-08 13:29:28.411  1119  2027 V PicasaAPI:    etag: --> W/"C0AAQXoyfyp7ImA9WhVUFkk.",entryCount=167
06-08 13:29:28.411  1119  2027 D PicasaAPI:    done
06-08 13:29:28.411  1119  2027 D MetricsUtils: [PicasaApi.getAlbumPhotos in:46901 out:711 time:16661]
06-08 13:29:28.438  1119  2027 D MetricsUtils: [PicasaSyncHelper.syncPhotos 5357229644283205361 time:16689]
06-08 13:29:28.442  1119  2027 D PicasaAPI: getAlbumPhotos for 105710113694891878798 / 5415771333597368705, etag: null
06-08 13:29:31.059  1332  1332 D OpenGLRenderer: Flushing caches (mode 1)
06-08 13:29:31.325  1789  2152 I DownloadManager: deleting /data/data/com.android.providers.downloads/cache/downloadfile.jpeg
06-08 13:29:31.344  1789  2153 I DownloadManager: Initiating request for download 18
06-08 13:29:31.387  1119  1121 D dalvikvm: GC_CONCURRENT freed 420K, 6% free 9383K/9927K, paused 1ms+2ms
06-08 13:29:32.426  1789  1791 D dalvikvm: GC_CONCURRENT freed 419K, 7% free 9304K/9927K, paused 6ms+3ms
06-08 13:29:32.895  1119  1121 D dalvikvm: GC_CONCURRENT freed 423K, 6% free 9386K/9927K, paused 2ms+2ms
06-08 13:29:34.301  1789  2157 D dalvikvm: GC_EXPLICIT freed 189K, 7% free 9263K/9927K, paused 3ms+7ms
06-08 13:29:34.325  1332  1332 D OpenGLRenderer: Flushing caches (mode 1)
06-08 13:29:34.364  1789  2157 I DownloadManager: deleting /data/data/com.android.providers.downloads/cache/downloadfile.jpeg
06-08 13:29:34.708  1789  2160 I DownloadManager: Initiating request for download 19
06-08 13:29:35.411  1119  1121 D dalvikvm: GC_CONCURRENT freed 417K, 6% free 9383K/9927K, paused 1ms+2ms
06-08 13:29:37.337  1332  1332 D OpenGLRenderer: Flushing caches (mode 1)
06-08 13:29:37.438   151   917 D dalvikvm: GC_EXPLICIT freed 449K, 9% free 13795K/15047K, paused 9ms+6ms
06-08 13:29:37.559  1789  1791 D dalvikvm: GC_CONCURRENT freed 341K, 7% free 9308K/9927K, paused 2ms+8ms
06-08 13:29:37.571  1789  2166 I DownloadManager: deleting /data/data/com.android.providers.downloads/cache/downloadfile.jpeg
06-08 13:29:37.579  1789  2167 I DownloadManager: Initiating request for download 20
06-08 13:29:37.794  1119  1121 D dalvikvm: GC_CONCURRENT freed 412K, 6% free 9383K/9927K, paused 4ms+4ms
06-08 13:29:40.278  1332  1332 D OpenGLRenderer: Flushing caches (mode 1)
06-08 13:29:40.516  1789  2173 I DownloadManager: deleting /data/data/com.android.providers.downloads/cache/downloadfile.jpeg
06-08 13:29:40.536  1789  2174 I DownloadManager: Initiating request for download 21
06-08 13:29:40.911  1119  1121 D dalvikvm: GC_CONCURRENT freed 414K, 6% free 9381K/9927K, paused 2ms+2ms
06-08 13:29:41.188  1789  1791 D dalvikvm: GC_CONCURRENT freed 406K, 7% free 9300K/9927K, paused 4ms+6ms
06-08 13:29:41.895  1119  1121 D dalvikvm: GC_CONCURRENT freed 412K, 6% free 9383K/9927K, paused 6ms+2ms
06-08 13:29:41.911  1789  2174 W DefaultRequestDirector: Authentication error: Unable to respond to any of these challenges: {}
06-08 13:29:41.915  1789  2174 W DownloadManager: Aborting request for download 21: http error 401, mContinuingDownload: false
06-08 13:29:42.321  1332  1332 D OpenGLRenderer: Flushing caches (mode 1)
06-08 13:29:42.868  1789  2180 I DownloadManager: Initiating request for download 22
06-08 13:29:43.333   151   201 I power   : *** set_screen_state 1
06-08 13:29:43.415   151   201 I WindowManager: Lock screen displayed!
06-08 13:29:43.532    79   120 D SurfaceFlinger: Screen about to return, flinger = 0x8a0918
06-08 13:29:43.856  1789  1791 D dalvikvm: GC_CONCURRENT freed 411K, 7% free 9285K/9927K, paused 2ms+3ms
06-08 13:29:44.106  1119  1121 D dalvikvm: GC_CONCURRENT freed 411K, 6% free 9382K/9927K, paused 2ms+3ms
06-08 13:29:45.548   388   388 D PhoneStatusBar: disable: < expand icons alerts ticker system_info BACK HOME recent* CLOCK >
06-08 13:29:45.571    82   127 D AudioHardware: AudioHardware pcm playback is exiting standby.
06-08 13:29:45.571    82   127 D AudioHardware: openPcmOut_l() mPcmOpenCnt: 0
06-08 13:29:45.583   488  1865 D NfcService: NFC-C ON
06-08 13:29:46.051   151   505 W InputManagerService: Window already focused, ignoring focus gain of: com.android.internal.view.IInputMethodClient$Stub$Proxy@4139b1a8
06-08 13:29:46.055   388   388 D PhoneStatusBar: disable: < expand icons alerts ticker system_info back* home* recent clock* >
06-08 13:29:46.184  1332  1332 D OpenGLRenderer: Flushing caches (mode 1)
06-08 13:29:46.255  1332  1334 D dalvikvm: GC_CONCURRENT freed 342K, 7% free 9770K/10439K, paused 2ms+5ms
06-08 13:29:46.446  1789  2187 I DownloadManager: deleting /data/data/com.android.providers.downloads/cache/downloadfile.jpeg
06-08 13:29:46.618  1789  2189 I DownloadManager: Initiating request for download 23
06-08 13:29:46.844  1789  1791 D dalvikvm: GC_CONCURRENT freed 354K, 7% free 9319K/9927K, paused 3ms+4ms
06-08 13:29:47.391  1643  1645 D dalvikvm: GC_CONCURRENT freed 620K, 35% free 12073K/18567K, paused 7ms+12ms
06-08 13:29:47.469  1643  1671 D dalvikvm: GC_FOR_ALLOC freed 309K, 36% free 11961K/18567K, paused 23ms
06-08 13:29:47.583  1643  1645 D dalvikvm: GC_CONCURRENT freed 21K, 31% free 12910K/18567K, paused 2ms+10ms
06-08 13:29:47.731  1643  1672 D dalvikvm: GC_FOR_ALLOC freed 1004K, 35% free 12131K/18567K, paused 25ms
06-08 13:29:47.731  1643  1672 I dalvikvm-heap: Grow heap (frag case) to 13.142MB for 1286224-byte allocation
06-08 13:29:47.770  1643  1671 D dalvikvm: GC_FOR_ALLOC freed 2K, 28% free 13385K/18567K, paused 24ms
06-08 13:29:47.923  1643  1645 D dalvikvm: GC_CONCURRENT freed 133K, 26% free 13767K/18567K, paused 8ms+4ms
06-08 13:29:48.153  1643  1645 D dalvikvm: GC_CONCURRENT freed 2013K, 29% free 13325K/18567K, paused 4ms+6ms
06-08 13:29:48.274  1402  1404 D dalvikvm: GC_CONCURRENT freed 386K, 14% free 9791K/11335K, paused 4ms+5ms
06-08 13:29:48.493  1643  1704 D dalvikvm: GC_FOR_ALLOC freed 2024K, 36% free 11980K/18567K, paused 28ms
06-08 13:29:48.587  1643  1645 D dalvikvm: GC_CONCURRENT freed 14K, 31% free 12871K/18567K, paused 2ms+9ms
06-08 13:29:48.645  1789  2196 I DownloadManager: deleting /data/data/com.android.providers.downloads/cache/downloadfile.jpeg
06-08 13:29:48.676  1332  1332 D OpenGLRenderer: Flushing caches (mode 1)
06-08 13:29:48.755  1119  1121 D dalvikvm: GC_CONCURRENT freed 417K, 6% free 9382K/9927K, paused 2ms+2ms
06-08 13:29:48.864  1643  1657 D dalvikvm: GC_FOR_ALLOC freed 1362K, 34% free 12266K/18567K, paused 22ms
06-08 13:29:48.876  1643  1657 I dalvikvm-heap: Grow heap (frag case) to 13.274MB for 1286224-byte allocation
06-08 13:29:48.919  1643  1643 D dalvikvm: GC_FOR_ALLOC freed 6K, 28% free 13516K/18567K, paused 30ms
06-08 13:29:49.008  1643  1645 D dalvikvm: GC_CONCURRENT freed 9K, 26% free 13812K/18567K, paused 2ms+6ms
06-08 13:29:49.176  1643  1657 D dalvikvm: GC_FOR_ALLOC freed 1284K, 31% free 12980K/18567K, paused 22ms
06-08 13:29:49.301  1643  1645 D dalvikvm: GC_CONCURRENT freed 5K, 24% free 14243K/18567K, paused 2ms+5ms
06-08 13:29:49.602  1643  1645 D dalvikvm: GC_CONCURRENT freed 2792K, 30% free 13176K/18567K, paused 6ms+5ms
06-08 13:29:49.618  1789  2200 I DownloadManager: Initiating request for download 24
06-08 13:29:49.825  1789  1791 D dalvikvm: GC_CONCURRENT freed 379K, 6% free 9352K/9927K, paused 2ms+10ms
06-08 13:29:50.489  1332  1332 D OpenGLRenderer: Flushing caches (mode 1)
06-08 13:29:50.579   151   503 I ActivityManager: START {act=android.settings.MANAGE_ALL_APPLICATIONS_SETTINGS flg=0x10800000 cmp=com.android.settings/.Settings$ManageApplicationsActivity} from pid 1643
06-08 13:29:50.692  1789  2206 I DownloadManager: deleting /data/data/com.android.providers.downloads/cache/downloadfile.jpeg
06-08 13:29:50.747   151   560 I ActivityManager: Start proc com.android.settings for activity com.android.settings/.Settings$ManageApplicationsActivity: pid=2209 uid=1000 gids={1015, 3002, 3001, 3003, 3007}
06-08 13:29:50.801  1643  1643 D OpenGLRenderer: Flushing caches (mode 1)
06-08 13:29:50.942  1643  1643 D OpenGLRenderer: Flushing caches (mode 0)
06-08 13:29:51.309   151   167 I Process : Sending signal. PID: 2209 SIG: 3
06-08 13:29:51.313  2209  2214 I dalvikvm: threadid=3: reacting to signal 3
06-08 13:29:51.356  2209  2214 I dalvikvm: Wrote stack traces to '/data/anr/traces.txt'
06-08 13:29:51.493  2209  2211 D dalvikvm: GC_CONCURRENT freed 130K, 3% free 9402K/9607K, paused 5ms+2ms
06-08 13:29:51.587   151   151 D dalvikvm: GC_EXPLICIT freed 742K, 7% free 14030K/15047K, paused 4ms+8ms
06-08 13:29:51.719  1789  2224 I DownloadManager: Initiating request for download 25
06-08 13:29:51.798   151   167 I Process : Sending signal. PID: 2209 SIG: 3
06-08 13:29:51.798  2209  2214 I dalvikvm: threadid=3: reacting to signal 3
06-08 13:29:51.805  2209  2214 I dalvikvm: Wrote stack traces to '/data/anr/traces.txt'
06-08 13:29:52.020  2209  2209 I ManageApplications: onCreateOptionsMenu in ManageApplications{4135d688 #0 id=0x10202d4}: com.android.internal.view.menu.MenuBuilder@413947e0
06-08 13:29:52.071  2209  2209 I ManageApplications: onCreateOptionsMenu in ManageApplications{4135d688 #0 id=0x10202d4}: com.android.internal.view.menu.MenuBuilder@413947e0
06-08 13:29:52.309   151   167 I Process : Sending signal. PID: 2209 SIG: 3
06-08 13:29:52.309  2209  2214 I dalvikvm: threadid=3: reacting to signal 3
06-08 13:29:53.145   151   167 I Process : Sending signal. PID: 2209 SIG: 3
06-08 13:29:53.278  2209  2209 D libEGL  : loaded /system/lib/egl/libGLES_android.so
06-08 13:29:53.290  2209  2214 I dalvikvm: Wrote stack traces to '/data/anr/traces.txt'
06-08 13:29:53.294  2209  2214 I dalvikvm: threadid=3: reacting to signal 3
06-08 13:29:53.301   151   167 I Process : Sending signal. PID: 2209 SIG: 3
06-08 13:29:53.473  2209  2214 I dalvikvm: Wrote stack traces to '/data/anr/traces.txt'
06-08 13:29:53.477  2209  2214 I dalvikvm: threadid=3: reacting to signal 3
06-08 13:29:53.481  2209  2214 E dalvikvm: Unable to open stack trace file '/data/anr/traces.txt': Is a directory
06-08 13:29:53.661    82   127 D AudioHardware: AudioHardware pcm playback is going to standby.
06-08 13:29:53.661    82   127 D AudioHardware: closePcmOut_l() mPcmOpenCnt: 1
06-08 13:29:53.755  2209  2209 D libEGL  : loaded /vendor/lib/egl/libEGL_POWERVR_SGX540_120.so
06-08 13:29:53.813   151   167 I Process : Sending signal. PID: 2209 SIG: 3
06-08 13:29:53.813  2209  2214 I dalvikvm: threadid=3: reacting to signal 3
06-08 13:29:53.848  2209  2214 I dalvikvm: Wrote stack traces to '/data/anr/traces.txt'
06-08 13:29:54.321   151   167 I Process : Sending signal. PID: 2209 SIG: 3
06-08 13:29:54.321  2209  2214 I dalvikvm: threadid=3: reacting to signal 3
06-08 13:29:54.337  2209  2209 D libEGL  : loaded /vendor/lib/egl/libGLESv1_CM_POWERVR_SGX540_120.so
06-08 13:29:54.340  2209  2214 I dalvikvm: Wrote stack traces to '/data/anr/traces.txt'
06-08 13:29:54.348  2209  2209 D libEGL  : loaded /vendor/lib/egl/libGLESv2_POWERVR_SGX540_120.so
06-08 13:29:54.442  2209  2209 D OpenGLRenderer: Enabling debug mode 0
06-08 13:29:54.657  1278  1296 I PhoneLab-: Service Running
06-08 13:29:54.825   151   151 W InputManagerService: Starting input on non-focused client com.android.internal.view.IInputMethodClient$Stub$Proxy@4163d9c0 (uid=10027 pid=1643)
06-08 13:29:54.860   151   167 I Process : Sending signal. PID: 2209 SIG: 3
06-08 13:29:54.860  2209  2214 I dalvikvm: threadid=3: reacting to signal 3
06-08 13:29:54.872  1278  1296 I PhoneLab-LoggerService: app_38    1302  1278  1772   1328  c00ab7c8 40010474 D logcat
06-08 13:29:54.872  1278  1296 I PhoneLab-LoggerService: Logcat pid from database 1302
06-08 13:29:54.872  1278  1296 I PhoneLab-LoggerService: Logcat process found 1302
06-08 13:29:54.872  1278  1296 I PhoneLab-LoggerService: Checking Threshold
06-08 13:29:54.880  1278  1296 I PhoneLab-LoggerService: Starting to rename files
06-08 13:29:54.883  1278  1296 I PhoneLab-LoggerService: Files found .. 2
06-08 13:29:54.977  2209  2214 I dalvikvm: Wrote stack traces to '/data/anr/traces.txt'
06-08 13:29:54.977   151   200 I ActivityManager: Displayed com.android.settings/.Settings$ManageApplicationsActivity: +4s298ms
06-08 13:29:55.083  1119  1121 D dalvikvm: GC_CONCURRENT freed 417K, 6% free 9382K/9927K, paused 5ms+8ms
06-08 13:29:55.262  1332  1332 D OpenGLRenderer: Flushing caches (mode 1)
06-08 13:29:55.344  1789  1791 D dalvikvm: GC_CONCURRENT freed 435K, 6% free 9361K/9927K, paused 2ms+24ms
06-08 13:29:55.360  2209  2211 D dalvikvm: GC_CONCURRENT freed 139K, 3% free 9706K/9927K, paused 29ms+10ms
06-08 13:29:55.903  1789  2232 I DownloadManager: deleting /data/data/com.android.providers.downloads/cache/downloadfile.jpeg
06-08 13:29:55.926  1789  2233 I DownloadManager: Initiating request for download 26
06-08 13:29:56.106  2209  2211 D dalvikvm: GC_CONCURRENT freed 76K, 3% free 10057K/10311K, paused 2ms+2ms
06-08 13:29:56.399  2209  2211 D dalvikvm: GC_CONCURRENT freed 53K, 3% free 10454K/10695K, paused 2ms+2ms
06-08 13:29:56.770  1332  1332 D OpenGLRenderer: Flushing caches (mode 1)
06-08 13:29:56.778  1731  1733 D dalvikvm: GC_CONCURRENT freed 417K, 6% free 9053K/9543K, paused 21ms+4ms
06-08 13:29:57.286  1789  2241 I DownloadManager: deleting /data/data/com.android.providers.downloads/cache/downloadfile.jpeg
06-08 13:29:57.337  1789  2242 I DownloadManager: Initiating request for download 27
06-08 13:29:57.477    82   127 D AudioHardware: AudioHardware pcm playback is exiting standby.
06-08 13:29:57.477    82   127 D AudioHardware: openPcmOut_l() mPcmOpenCnt: 0
06-08 13:29:57.969  1789  1791 D dalvikvm: GC_CONCURRENT freed 481K, 7% free 9324K/9927K, paused 242ms+202ms
06-08 13:29:59.395  2209  2209 I ManageApplications: onCreateOptionsMenu in ManageApplications{4135d688 #0 id=0x10202d4}: com.android.internal.view.menu.MenuBuilder@413947e0
06-08 13:29:59.868  2209  2211 D dalvikvm: GC_CONCURRENT freed 139K, 3% free 10763K/11015K, paused 25ms+3ms
06-08 13:30:00.571    82   127 D AudioHardware: AudioHardware pcm playback is going to standby.
06-08 13:30:00.571    82   127 D AudioHardware: closePcmOut_l() mPcmOpenCnt: 1
06-08 13:30:01.098   151   469 I ActivityManager: Process com.android.email (pid 1705) has died.
06-08 13:30:01.465  1789  2250 I DownloadManager: deleting /data/data/com.android.providers.downloads/cache/downloadfile.jpeg
06-08 13:30:01.524  1332  1332 D OpenGLRenderer: Flushing caches (mode 1)
06-08 13:30:01.790  1119  1121 D dalvikvm: GC_CONCURRENT freed 413K, 6% free 9382K/9927K, paused 2ms+2ms
06-08 13:30:01.790  1789  2252 I DownloadManager: Initiating request for download 28
06-08 13:30:01.993  1789  1791 D dalvikvm: GC_CONCURRENT freed 375K, 6% free 9337K/9927K, paused 2ms+9ms
06-08 13:30:03.520  1332  1332 D OpenGLRenderer: Flushing caches (mode 1)
06-08 13:30:03.587  1789  1789 D dalvikvm: GC_EXPLICIT freed 297K, 7% free 9280K/9927K, paused 8ms+4ms
06-08 13:30:03.930  1789  2257 I DownloadManager: deleting /data/data/com.android.providers.downloads/cache/downloadfile.jpeg
06-08 13:30:03.942  1789  2258 I DownloadManager: Initiating request for download 29
06-08 13:30:04.262  1119  1121 D dalvikvm: GC_CONCURRENT freed 415K, 6% free 9380K/9927K, paused 3ms+5ms
06-08 13:30:04.915  1332  1332 D OpenGLRenderer: Flushing caches (mode 1)
06-08 13:30:05.016  1789  1791 D dalvikvm: GC_CONCURRENT freed 344K, 7% free 9321K/9927K, paused 2ms+5ms
06-08 13:30:05.020  1789  2265 I DownloadManager: deleting /data/data/com.android.providers.downloads/cache/downloadfile.jpeg
06-08 13:30:05.110   151   505 D dalvikvm: GC_EXPLICIT freed 1765K, 13% free 13226K/15111K, paused 14ms+6ms
06-08 13:30:05.180  1402  1404 D dalvikvm: GC_CONCURRENT freed 387K, 14% free 9789K/11335K, paused 8ms+4ms
06-08 13:30:05.274  1789  2267 I DownloadManager: Initiating request for download 30
06-08 13:30:05.637  2209  2211 D dalvikvm: GC_CONCURRENT freed 333K, 5% free 10935K/11399K, paused 6ms+10ms
06-08 13:30:06.700  1119  1121 D dalvikvm: GC_CONCURRENT freed 417K, 6% free 9379K/9927K, paused 4ms+2ms
06-08 13:30:07.356  1332  1332 D OpenGLRenderer: Flushing caches (mode 1)
06-08 13:30:07.512  1789  2273 I DownloadManager: deleting /data/data/com.android.providers.downloads/cache/downloadfile.jpeg
06-08 13:30:09.344  1789  1791 D dalvikvm: GC_CONCURRENT freed 373K, 6% free 9337K/9927K, paused 28ms+3ms
06-08 13:30:09.598  1789  2275 I DownloadManager: Initiating request for download 31
06-08 13:30:10.360   151   163 W InputManagerService: Starting input on non-focused client com.android.internal.view.IInputMethodClient$Stub$Proxy@41640ed8 (uid=1000 pid=2209)
06-08 13:30:10.450  1643  1672 D dalvikvm: GC_FOR_ALLOC freed 1807K, 36% free 12044K/18567K, paused 34ms
06-08 13:30:10.458  1119  1121 D dalvikvm: GC_CONCURRENT freed 415K, 6% free 9383K/9927K, paused 26ms+2ms
06-08 13:30:10.540  1643  1645 D dalvikvm: GC_CONCURRENT freed 43K, 31% free 12905K/18567K, paused 1ms+5ms
06-08 13:30:10.649  1643  1704 D dalvikvm: GC_FOR_ALLOC freed 74K, 31% free 12962K/18567K, paused 39ms
06-08 13:30:10.661   151   469 I ActivityManager: Process com.google.android.apps.uploader (pid 1807) has died.
06-08 13:30:10.669   151   167 I Process : Sending signal. PID: 1643 SIG: 3
06-08 13:30:10.669  1643  1648 I dalvikvm: threadid=3: reacting to signal 3
06-08 13:30:10.755  1643  1672 D dalvikvm: GC_FOR_ALLOC freed 4K, 24% free 14215K/18567K, paused 25ms
06-08 13:30:10.755  1643  1648 I dalvikvm: Wrote stack traces to '/data/anr/traces.txt'
06-08 13:30:10.852  1643  1645 D dalvikvm: GC_CONCURRENT freed 4K, 23% free 14440K/18567K, paused 2ms+7ms
06-08 13:30:10.911  1643  1704 D dalvikvm: GC_FOR_ALLOC freed 2162K, 34% free 12278K/18567K, paused 31ms
06-08 13:30:10.915  1119  2027 V PicasaAPI:    etag: --> W/"CE4NRHszcSp7ImA9WhVbEks.",entryCount=288
06-08 13:30:10.915  1643  1704 I dalvikvm-heap: Grow heap (frag case) to 13.286MB for 1286224-byte allocation
06-08 13:30:10.923  2209  2209 D OpenGLRenderer: Flushing caches (mode 0)
06-08 13:30:10.981  1643  1672 D dalvikvm: GC_FOR_ALLOC freed <1K, 28% free 13534K/18567K, paused 51ms
06-08 13:30:11.126  1643  1645 D dalvikvm: GC_CONCURRENT freed 132K, 26% free 13882K/18567K, paused 2ms+18ms
06-08 13:30:11.161  1119  2027 D PicasaAPI:    done
06-08 13:30:11.165  1119  2027 D MetricsUtils: [PicasaApi.getAlbumPhotos in:96426 out:711 time:42721]
06-08 13:30:11.176   151   560 I ActivityManager: Process com.android.vending (pid 1134) has died.
06-08 13:30:11.176   151   560 I WindowManager: WIN DEATH: Window{417175c8 com.android.vending/com.android.vending.AssetBrowserActivity paused=false}
06-08 13:30:11.231  1119  2027 D MetricsUtils: [PicasaSyncHelper.syncPhotos 5415771333597368705 time:42793]
06-08 13:30:11.243  1119  2027 D PicasaAPI: getAlbumPhotos for 105710113694891878798 / 5556347703683808817, etag: null
06-08 13:30:11.555  1643  1645 D dalvikvm: GC_CONCURRENT freed 2498K, 31% free 12934K/18567K, paused 16ms+4ms
06-08 13:30:11.594  2209  2209 D OpenGLRenderer: Flushing caches (mode 1)
06-08 13:30:11.622  1332  1332 D OpenGLRenderer: Flushing caches (mode 1)
06-08 13:30:11.692  1789  2281 I DownloadManager: deleting /data/data/com.android.providers.downloads/cache/downloadfile.jpeg
06-08 13:30:11.821  1789  2283 I DownloadManager: Initiating request for download 32
06-08 13:30:11.899  1789  1791 D dalvikvm: GC_CONCURRENT freed 416K, 7% free 9311K/9927K, paused 4ms+13ms
06-08 13:30:13.883  1332  1332 D OpenGLRenderer: Flushing caches (mode 1)
06-08 13:30:14.692   388   390 D dalvikvm: GC_CONCURRENT freed 607K, 10% free 9651K/10695K, paused 479ms+2ms
06-08 13:30:15.520  1789  2289 I DownloadManager: deleting /data/data/com.android.providers.downloads/cache/downloadfile.jpeg
06-08 13:30:15.528  1789  2290 I DownloadManager: Initiating request for download 33
06-08 13:30:15.731  1789  1791 D dalvikvm: GC_CONCURRENT freed 375K, 6% free 9335K/9927K, paused 2ms+14ms
06-08 13:30:15.954  1119  1121 D dalvikvm: GC_CONCURRENT freed 408K, 6% free 9386K/9927K, paused 4ms+4ms
06-08 13:30:16.383  1332  1332 D OpenGLRenderer: Flushing caches (mode 1)
06-08 13:30:16.438  1789  2297 I DownloadManager: deleting /data/data/com.android.providers.downloads/cache/downloadfile.jpeg
06-08 13:30:16.661  1789  2299 I DownloadManager: Initiating request for download 34
06-08 13:30:17.040  1789  1791 D dalvikvm: GC_CONCURRENT freed 368K, 6% free 9354K/9927K, paused 27ms+151ms
06-08 13:30:18.801  1332  1332 D OpenGLRenderer: Flushing caches (mode 1)
06-08 13:30:18.938  1789  2305 I DownloadManager: deleting /data/data/com.android.providers.downloads/cache/downloadfile.jpeg
06-08 13:30:19.126  1789  2307 I DownloadManager: Initiating request for download 35
06-08 13:30:19.188   151   560 D dalvikvm: GC_EXPLICIT freed 646K, 13% free 13222K/15111K, paused 6ms+8ms
06-08 13:30:19.278  1119  1121 D dalvikvm: GC_CONCURRENT freed 413K, 6% free 9381K/9927K, paused 2ms+2ms
06-08 13:30:19.395  1789  1791 D dalvikvm: GC_CONCURRENT freed 442K, 6% free 9358K/9927K, paused 2ms+4ms
06-08 13:30:20.075  1332  1332 D OpenGLRenderer: Flushing caches (mode 1)
06-08 13:30:20.180  1789  2312 I DownloadManager: deleting /data/data/com.android.providers.downloads/cache/downloadfile.jpeg
06-08 13:30:20.399  1789  2314 I DownloadManager: Initiating request for download 36
06-08 13:30:20.587  1119  1121 D dalvikvm: GC_CONCURRENT freed 416K, 6% free 9383K/9927K, paused 2ms+2ms
06-08 13:30:21.036  1789  1791 D dalvikvm: GC_CONCURRENT freed 444K, 6% free 9351K/9927K, paused 5ms+12ms
06-08 13:30:21.173  1402  1404 D dalvikvm: GC_CONCURRENT freed 394K, 14% free 9785K/11335K, paused 2ms+5ms
06-08 13:30:21.235  1332  1332 D OpenGLRenderer: Flushing caches (mode 1)
06-08 13:30:21.243  1789  2319 I DownloadManager: deleting /data/data/com.android.providers.downloads/cache/downloadfile.jpeg
06-08 13:30:24.755   476   476 D SAN_SERVICE: *******************************************
06-08 13:30:24.755   476   476 D SAN_SERVICE: DM App Phone Service State - 0
06-08 13:30:24.755   476   476 D SAN_SERVICE: *******************************************
06-08 13:30:24.864  1789  2321 I DownloadManager: Initiating request for download 37
06-08 13:30:25.481  1119  1121 D dalvikvm: GC_CONCURRENT freed 414K, 6% free 9383K/9927K, paused 13ms+6ms
06-08 13:30:25.540   476   476 D SAN_SERVICE: *******************************************
06-08 13:30:25.540   476   476 D SAN_SERVICE: DM App Phone Service State - 0
06-08 13:30:25.540   476   476 D SAN_SERVICE: *******************************************
06-08 13:30:25.755  1332  1332 D OpenGLRenderer: Flushing caches (mode 1)
06-08 13:30:25.903  1789  1791 D dalvikvm: GC_CONCURRENT freed 444K, 6% free 9354K/9927K, paused 3ms+4ms
06-08 13:30:25.958  1789  2326 I DownloadManager: deleting /data/data/com.android.providers.downloads/cache/downloadfile.jpeg
06-08 13:30:25.965  1789  2327 I DownloadManager: Initiating request for download 38
06-08 13:30:26.840  1789  1953 D dalvikvm: GC_EXPLICIT freed 365K, 7% free 9284K/9927K, paused 2ms+6ms
06-08 13:30:26.926  1332  1332 D OpenGLRenderer: Flushing caches (mode 1)
06-08 13:30:27.133  1789  2333 I DownloadManager: deleting /data/data/com.android.providers.downloads/cache/downloadfile.jpeg
06-08 13:30:27.153  1789  2334 I DownloadManager: Initiating request for download 39
06-08 13:30:27.337  1119  1121 D dalvikvm: GC_CONCURRENT freed 417K, 6% free 9384K/9927K, paused 2ms+1ms
06-08 13:30:27.895  1332  1332 D OpenGLRenderer: Flushing caches (mode 1)
06-08 13:30:29.063  1789  1791 D dalvikvm: GC_CONCURRENT freed 354K, 7% free 9318K/9927K, paused 2ms+2ms
06-08 13:30:29.333  1789  2341 I DownloadManager: deleting /data/data/com.android.providers.downloads/cache/downloadfile.jpeg
06-08 13:30:29.344  1789  2342 I DownloadManager: Initiating request for download 40
06-08 13:30:29.770  1119  1121 D dalvikvm: GC_CONCURRENT freed 415K, 6% free 9384K/9927K, paused 5ms+34ms
06-08 13:30:29.872   476   476 D SAN_SERVICE: *******************************************
06-08 13:30:29.872   476   476 D SAN_SERVICE: DM App Phone Service State - 0
06-08 13:30:29.872   476   476 D SAN_SERVICE: *******************************************
06-08 13:30:29.989   151   151 D dalvikvm: GC_EXPLICIT freed 436K, 13% free 13215K/15111K, paused 4ms+6ms
06-08 13:30:30.110  1332  1332 D OpenGLRenderer: Flushing caches (mode 1)
06-08 13:30:30.235  1789  2348 I DownloadManager: deleting /data/data/com.android.providers.downloads/cache/downloadfile.jpeg
06-08 13:30:30.290  1789  1791 D dalvikvm: GC_CONCURRENT freed 378K, 7% free 9326K/9927K, paused 2ms+4ms
06-08 13:30:30.430  1789  2350 I DownloadManager: Initiating request for download 41
06-08 13:30:31.872  1332  1332 D OpenGLRenderer: Flushing caches (mode 1)
06-08 13:30:32.036  1789  2355 I DownloadManager: deleting /data/data/com.android.providers.downloads/cache/downloadfile.jpeg
06-08 13:30:32.048  1789  2356 I DownloadManager: Initiating request for download 42
06-08 13:30:32.094  1789  1791 D dalvikvm: GC_CONCURRENT freed 403K, 7% free 9313K/9927K, paused 2ms+4ms
06-08 13:30:32.157  1119  1121 D dalvikvm: GC_CONCURRENT freed 418K, 6% free 9381K/9927K, paused 2ms+2ms
06-08 13:30:33.614   476   476 D SAN_SERVICE: *******************************************
06-08 13:30:33.614   476   476 D SAN_SERVICE: DM App Phone Service State - 0
06-08 13:30:33.614   476   476 D SAN_SERVICE: *******************************************
06-08 13:30:33.880   476   476 D SAN_SERVICE: *******************************************
06-08 13:30:33.880   476   476 D SAN_SERVICE: DM App Phone Service State - 0
06-08 13:30:33.880   476   476 D SAN_SERVICE: *******************************************
06-08 13:30:34.657   476   476 D SAN_SERVICE: *******************************************
06-08 13:30:34.657   476   476 D SAN_SERVICE: DM App Phone Service State - 0
06-08 13:30:34.657   476   476 D SAN_SERVICE: *******************************************
06-08 13:30:35.036  1332  1332 D OpenGLRenderer: Flushing caches (mode 1)
06-08 13:30:35.294  1789  2362 I DownloadManager: deleting /data/data/com.android.providers.downloads/cache/downloadfile.jpeg
06-08 13:30:35.309  1789  2363 I DownloadManager: Initiating request for download 43
06-08 13:30:35.380  1119  1121 D dalvikvm: GC_CONCURRENT freed 414K, 6% free 9384K/9927K, paused 4ms+5ms
06-08 13:30:35.583  1789  1791 D dalvikvm: GC_CONCURRENT freed 372K, 6% free 9332K/9927K, paused 3ms+4ms
06-08 13:30:37.059  1402  1404 D dalvikvm: GC_CONCURRENT freed 393K, 14% free 9791K/11335K, paused 2ms+3ms
06-08 13:30:37.548  1332  1332 D OpenGLRenderer: Flushing caches (mode 1)
06-08 13:30:37.559  1789  2370 I DownloadManager: deleting /data/data/com.android.providers.downloads/cache/downloadfile.jpeg
06-08 13:30:37.618  1119  1121 D dalvikvm: GC_CONCURRENT freed 413K, 6% free 9380K/9927K, paused 2ms+4ms
06-08 13:30:37.883  1789  2372 I DownloadManager: Initiating request for download 44
06-08 13:30:38.001  1789  1791 D dalvikvm: GC_CONCURRENT freed 382K, 6% free 9345K/9927K, paused 3ms+4ms
06-08 13:30:38.727  1119  1121 D dalvikvm: GC_CONCURRENT freed 408K, 6% free 9384K/9927K, paused 4ms+4ms
06-08 13:30:40.126  1332  1332 D OpenGLRenderer: Flushing caches (mode 1)
06-08 13:30:40.438  1789  2377 I DownloadManager: deleting /data/data/com.android.providers.downloads/cache/downloadfile.jpeg
06-08 13:30:40.446  1789  2378 I DownloadManager: Initiating request for download 45
06-08 13:30:40.669  1789  1791 D dalvikvm: GC_CONCURRENT freed 442K, 6% free 9358K/9927K, paused 1ms+4ms
06-08 13:30:41.348  1119  1121 D dalvikvm: GC_CONCURRENT freed 410K, 6% free 9385K/9927K, paused 4ms+3ms
06-08 13:30:41.555   151   162 D dalvikvm: GC_EXPLICIT freed 438K, 13% free 13233K/15111K, paused 3ms+6ms
06-08 13:30:41.661  1332  1332 D OpenGLRenderer: Flushing caches (mode 1)
06-08 13:30:43.602  1789  2385 I DownloadManager: deleting /data/data/com.android.providers.downloads/cache/downloadfile.jpeg
06-08 13:30:43.626  1789  2386 I DownloadManager: Initiating request for download 46
06-08 13:30:44.278  1119  1121 D dalvikvm: GC_CONCURRENT freed 410K, 6% free 9385K/9927K, paused 3ms+8ms
06-08 13:30:44.462  1789  1791 D dalvikvm: GC_CONCURRENT freed 442K, 6% free 9361K/9927K, paused 2ms+4ms
06-08 13:30:44.614  1332  1332 D OpenGLRenderer: Flushing caches (mode 1)
06-08 13:30:44.747  1789  2393 I DownloadManager: deleting /data/data/com.android.providers.downloads/cache/downloadfile.jpeg
06-08 13:30:46.192  1789  2395 I DownloadManager: Initiating request for download 47
06-08 13:30:46.868  1119  1121 D dalvikvm: GC_CONCURRENT freed 414K, 6% free 9380K/9927K, paused 3ms+5ms
06-08 13:30:47.278  1402  2400 D dalvikvm: GC_EXPLICIT freed 260K, 14% free 9756K/11335K, paused 8ms+8ms
06-08 13:30:47.368  1332  1332 D OpenGLRenderer: Flushing caches (mode 1)
06-08 13:30:47.407  1789  2401 I DownloadManager: deleting /data/data/com.android.providers.downloads/cache/downloadfile.jpeg
06-08 13:30:47.430  1789  1791 D dalvikvm: GC_CONCURRENT freed 441K, 6% free 9355K/9927K, paused 2ms+3ms
06-08 13:30:48.981  1789  2403 I DownloadManager: Initiating request for download 48
06-08 13:30:49.528  1119  1121 D dalvikvm: GC_CONCURRENT freed 411K, 6% free 9384K/9927K, paused 4ms+5ms
06-08 13:30:49.774  1789  2405 D dalvikvm: GC_EXPLICIT freed 316K, 7% free 9314K/9927K, paused 7ms+3ms
06-08 13:30:49.895  1332  1332 D OpenGLRenderer: Flushing caches (mode 1)
06-08 13:30:50.465   476   476 D SAN_SERVICE: *******************************************
06-08 13:30:50.465   476   476 D SAN_SERVICE: DM App Phone Service State - 0
06-08 13:30:50.465   476   476 D SAN_SERVICE: *******************************************
06-08 13:30:50.692   476   476 D SAN_SERVICE: *******************************************
06-08 13:30:50.692   476   476 D SAN_SERVICE: DM App Phone Service State - 0
06-08 13:30:50.692   476   476 D SAN_SERVICE: *******************************************
06-08 13:30:51.540  1789  2407 I DownloadManager: deleting /data/data/com.android.providers.downloads/cache/downloadfile.jpeg
06-08 13:30:51.544  1789  2408 I DownloadManager: Initiating request for download 49
06-08 13:30:52.325  1119  1121 D dalvikvm: GC_CONCURRENT freed 416K, 6% free 9380K/9927K, paused 4ms+2ms
06-08 13:30:52.559  1789  1791 D dalvikvm: GC_CONCURRENT freed 359K, 6% free 9353K/9927K, paused 2ms+4ms
06-08 13:30:52.610  1789  2412 I DownloadManager: deleting /data/data/com.android.providers.downloads/cache/downloadfile.jpeg
06-08 13:30:52.641  1332  1332 D OpenGLRenderer: Flushing caches (mode 1)
06-08 13:30:54.708   151   197 I power   : *** set_screen_state 0
06-08 13:30:54.766    79   120 D SurfaceFlinger: About to give-up screen, flinger = 0x8a0918
06-08 13:30:54.837  1789  2415 I DownloadManager: Initiating request for download 50
06-08 13:30:54.938   488  1869 D NfcService: NFC-C OFF, disconnect
06-08 13:30:55.122   151   153 D dalvikvm: GC_CONCURRENT freed 440K, 9% free 13829K/15111K, paused 13ms+4ms
06-08 13:30:55.161   151   201 D dalvikvm: GC_FOR_ALLOC freed 38K, 9% free 13790K/15111K, paused 40ms
06-08 13:30:55.161   151   201 I dalvikvm-heap: Grow heap (frag case) to 13.641MB for 104992-byte allocation
06-08 13:30:55.212   151   201 D dalvikvm: GC_FOR_ALLOC freed <1K, 9% free 13892K/15239K, paused 39ms
06-08 13:30:55.255   151   201 D dalvikvm: GC_FOR_ALLOC freed <1K, 9% free 13893K/15239K, paused 41ms
06-08 13:30:55.255   151   201 I dalvikvm-heap: Grow heap (frag case) to 13.742MB for 104992-byte allocation
06-08 13:30:55.301   151   201 D dalvikvm: GC_FOR_ALLOC freed <1K, 9% free 13995K/15367K, paused 42ms
06-08 13:30:55.305   151   201 V TransportControlView: Create TCV com.android.internal.widget.TransportControlView@41560c10
06-08 13:30:55.344  1332  1332 D OpenGLRenderer: Flushing caches (mode 1)
06-08 13:30:55.356   388   388 D PhoneStatusBar: disable: < expand icons alerts ticker system_info back home RECENT* clock >
06-08 13:30:55.372    82   127 D AudioHardware: AudioHardware pcm playback is exiting standby.
06-08 13:30:55.372    82   127 D AudioHardware: openPcmOut_l() mPcmOpenCnt: 0
06-08 13:30:55.376   388   388 D PhoneStatusBar: disable: < expand icons alerts ticker system_info BACK* HOME* RECENT CLOCK* >
06-08 13:30:55.477   476   476 D SAN_SERVICE: *******************************************
06-08 13:30:55.477   476   476 D SAN_SERVICE: DM App Phone Service State - 0
06-08 13:30:55.477   476   476 D SAN_SERVICE: *******************************************
06-08 13:30:55.590   718   720 D dalvikvm: GC_CONCURRENT freed 366K, 12% free 10275K/11591K, paused 17ms+8ms
06-08 13:30:55.977  1119  1121 D dalvikvm: GC_CONCURRENT freed 413K, 6% free 9381K/9927K, paused 2ms+2ms
06-08 13:30:56.094  1119  2027 V PicasaAPI:    etag: --> W/"C0EMQ3k6fCp7ImA9WhVbEU0.",entryCount=376
06-08 13:30:56.094  1119  2027 D PicasaAPI:    done
06-08 13:30:56.094  1119  2027 D MetricsUtils: [PicasaApi.getAlbumPhotos in:117264 out:711 time:44851]
06-08 13:30:56.149  1119  2027 D MetricsUtils: [PicasaSyncHelper.syncPhotos 5556347703683808817 time:44911]
06-08 13:30:56.149  1119  2027 D PicasaAPI: getAlbumPhotos for 105710113694891878798 / 5560416188154608529, etag: null
06-08 13:30:56.798   151   558 D dalvikvm: GC_EXPLICIT freed 80K, 9% free 14083K/15367K, paused 3ms+5ms
06-08 13:30:56.895  1332  1332 D OpenGLRenderer: Flushing caches (mode 1)
06-08 13:30:56.965  1789  2421 I DownloadManager: deleting /data/data/com.android.providers.downloads/cache/downloadfile.jpeg
06-08 13:30:57.751  1789  2423 I DownloadManager: Initiating request for download 51
06-08 13:30:57.798  1789  1791 D dalvikvm: GC_CONCURRENT freed 441K, 6% free 9355K/9927K, paused 2ms+4ms
06-08 13:30:58.536    82   127 D AudioHardware: AudioHardware pcm playback is going to standby.
06-08 13:30:58.536    82   127 D AudioHardware: closePcmOut_l() mPcmOpenCnt: 1
06-08 13:30:59.942  1119  1121 D dalvikvm: GC_CONCURRENT freed 421K, 6% free 9386K/9927K, paused 16ms+2ms
06-08 13:31:00.251  1332  1332 D OpenGLRenderer: Flushing caches (mode 1)
06-08 13:31:00.426  1789  2449 I DownloadManager: deleting /data/data/com.android.providers.downloads/cache/downloadfile.jpeg
06-08 13:31:00.450  1789  2450 I DownloadManager: Initiating request for download 52
06-08 13:31:01.387  1789  1791 D dalvikvm: GC_CONCURRENT freed 474K, 7% free 9330K/9927K, paused 1ms+2ms
06-08 13:31:02.770  1332  1332 D OpenGLRenderer: Flushing caches (mode 1)
06-08 13:31:02.954  1789  2457 I DownloadManager: deleting /data/data/com.android.providers.downloads/cache/downloadfile.jpeg
06-08 13:31:03.001  1119  1121 D dalvikvm: GC_CONCURRENT freed 424K, 6% free 9384K/9927K, paused 2ms+2ms
06-08 13:31:03.192  1789  2459 I DownloadManager: Initiating request for download 53
06-08 13:31:04.266  1119  1121 D dalvikvm: GC_CONCURRENT freed 414K, 6% free 9384K/9927K, paused 7ms+7ms
06-08 13:31:04.680  1789  1791 D dalvikvm: GC_CONCURRENT freed 406K, 6% free 9333K/9927K, paused 12ms+3ms
06-08 13:31:05.903  1119  1121 D dalvikvm: GC_CONCURRENT freed 416K, 6% free 9381K/9927K, paused 6ms+8ms
06-08 13:31:07.903  1332  1332 D OpenGLRenderer: Flushing caches (mode 1)
06-08 13:31:07.903  1402  1404 D dalvikvm: GC_CONCURRENT freed 363K, 14% free 9787K/11335K, paused 11ms+3ms
06-08 13:31:07.930  1789  2465 I DownloadManager: deleting /data/data/com.android.providers.downloads/cache/downloadfile.jpeg
06-08 13:31:08.266  1789  2467 I DownloadManager: Initiating request for download 54
06-08 13:31:08.696  1119  1121 D dalvikvm: GC_CONCURRENT freed 416K, 6% free 9384K/9927K, paused 3ms+1ms
06-08 13:31:09.891  1789  1791 D dalvikvm: GC_CONCURRENT freed 372K, 6% free 9377K/9927K, paused 360ms+3ms
06-08 13:31:10.333  1119  1121 D dalvikvm: GC_CONCURRENT freed 415K, 6% free 9382K/9927K, paused 3ms+2ms
06-08 13:31:10.532  1332  1332 D OpenGLRenderer: Flushing caches (mode 1)
06-08 13:31:11.048  1789  2472 I DownloadManager: deleting /data/data/com.android.providers.downloads/cache/downloadfile.jpeg
06-08 13:31:11.059  1789  2473 I DownloadManager: Initiating request for download 55
06-08 13:31:12.024  1119  1121 D dalvikvm: GC_CONCURRENT freed 415K, 6% free 9384K/9927K, paused 6ms+3ms
06-08 13:31:13.829  1789  1791 D dalvikvm: GC_CONCURRENT freed 440K, 6% free 9360K/9927K, paused 2ms+3ms
06-08 13:31:13.880  1332  1332 D OpenGLRenderer: Flushing caches (mode 1)
06-08 13:31:13.993   151   471 D dalvikvm: GC_EXPLICIT freed 439K, 9% free 14121K/15367K, paused 3ms+7ms
06-08 13:31:14.223  1789  2479 I DownloadManager: deleting /data/data/com.android.providers.downloads/cache/downloadfile.jpeg
06-08 13:31:14.239  1789  2480 I DownloadManager: Initiating request for download 56
06-08 13:31:14.465  1119  1121 D dalvikvm: GC_CONCURRENT freed 416K, 6% free 9384K/9927K, paused 1ms+2ms
06-08 13:31:14.485   476   476 D SAN_SERVICE: *******************************************
06-08 13:31:14.485   476   476 D SAN_SERVICE: DM App Phone Service State - 0
06-08 13:31:14.485   476   476 D SAN_SERVICE: *******************************************
06-08 13:31:14.520  1119  2027 V PicasaAPI:    etag: --> W/"DEcBSXkyeCp7ImA9WhVbEUQ.",entryCount=171
06-08 13:31:14.520  1119  2027 D PicasaAPI:    done
06-08 13:31:14.520  1119  2027 D MetricsUtils: [PicasaApi.getAlbumPhotos in:53214 out:711 time:18369]
06-08 13:31:14.540  1119  2027 D MetricsUtils: [PicasaSyncHelper.syncPhotos 5560416188154608529 time:18390]
06-08 13:31:14.540  1119  2027 D PicasaAPI: getAlbumPhotos for 105710113694891878798 / 5613047619696263553, etag: null
06-08 13:31:17.907  1119  1121 D dalvikvm: GC_CONCURRENT freed 412K, 6% free 9383K/9927K, paused 7ms+2ms
06-08 13:31:18.458  1332  1421 D dalvikvm: GC_EXPLICIT freed 273K, 7% free 9789K/10439K, paused 2ms+3ms
06-08 13:31:18.473  1332  1332 D OpenGLRenderer: Flushing caches (mode 1)
06-08 13:31:18.583  1789  2486 I DownloadManager: deleting /data/data/com.android.providers.downloads/cache/downloadfile.jpeg
06-08 13:31:18.782  1789  2488 I DownloadManager: Initiating request for download 57
06-08 13:31:18.840  1789  1791 D dalvikvm: GC_CONCURRENT freed 442K, 6% free 9362K/9927K, paused 3ms+6ms
06-08 13:31:20.501  1119  1121 D dalvikvm: GC_CONCURRENT freed 416K, 6% free 9381K/9927K, paused 3ms+6ms
06-08 13:31:20.645  1332  1332 D OpenGLRenderer: Flushing caches (mode 1)
06-08 13:31:20.938  1789  2493 I DownloadManager: deleting /data/data/com.android.providers.downloads/cache/downloadfile.jpeg
06-08 13:31:20.946  1789  2494 I DownloadManager: Initiating request for download 58
06-08 13:31:21.118  1789  2493 D dalvikvm: GC_EXPLICIT freed 408K, 7% free 9313K/9927K, paused 4ms+2ms
06-08 13:31:22.993  1332  1332 D OpenGLRenderer: Flushing caches (mode 1)
06-08 13:31:23.255  1789  2501 I DownloadManager: deleting /data/data/com.android.providers.downloads/cache/downloadfile.jpeg
06-08 13:31:23.282  1789  2502 I DownloadManager: Initiating request for download 59
06-08 13:31:23.313  1119  1121 D dalvikvm: GC_CONCURRENT freed 411K, 6% free 9385K/9927K, paused 1ms+1ms
06-08 13:31:24.426  1789  1791 D dalvikvm: GC_CONCURRENT freed 362K, 6% free 9340K/9927K, paused 9ms+2ms
06-08 13:31:24.485  1119  1121 D dalvikvm: GC_CONCURRENT freed 416K, 6% free 9380K/9927K, paused 2ms+2ms
06-08 13:31:24.813   476   476 D SAN_SERVICE: *******************************************
06-08 13:31:24.813   476   476 D SAN_SERVICE: DM App Phone Service State - 0
06-08 13:31:24.813   476   476 D SAN_SERVICE: *******************************************
06-08 13:31:25.614   476   476 D SAN_SERVICE: *******************************************
06-08 13:31:25.614   476   476 D SAN_SERVICE: DM App Phone Service State - 0
06-08 13:31:25.614   476   476 D SAN_SERVICE: *******************************************
06-08 13:31:26.618  1332  1332 D OpenGLRenderer: Flushing caches (mode 1)
06-08 13:31:26.883  1789  2508 I DownloadManager: deleting /data/data/com.android.providers.downloads/cache/downloadfile.jpeg
06-08 13:31:26.903  1789  2509 I DownloadManager: Initiating request for download 60
06-08 13:31:27.508  1119  1121 D dalvikvm: GC_CONCURRENT freed 412K, 6% free 9385K/9927K, paused 5ms+2ms
06-08 13:31:27.630  1789  1791 D dalvikvm: GC_CONCURRENT freed 394K, 6% free 9358K/9927K, paused 2ms+4ms
06-08 13:31:29.965  1402  1404 D dalvikvm: GC_CONCURRENT freed 388K, 14% free 9795K/11335K, paused 2ms+4ms
06-08 13:31:30.008  1332  1332 D OpenGLRenderer: Flushing caches (mode 1)
06-08 13:31:30.075  1119  1121 D dalvikvm: GC_CONCURRENT freed 413K, 6% free 9384K/9927K, paused 2ms+3ms
06-08 13:31:30.337   151   151 D dalvikvm: GC_EXPLICIT freed 444K, 9% free 14130K/15367K, paused 5ms+6ms
06-08 13:31:30.340  1789  2516 I DownloadManager: deleting /data/data/com.android.providers.downloads/cache/downloadfile.jpeg
06-08 13:31:30.348  1789  2517 I DownloadManager: Initiating request for download 61
06-08 13:31:30.942  1119  2027 V PicasaAPI:    etag: --> W/"A0QNSXc9cCp7ImA9WhVbEks.",entryCount=145
06-08 13:31:30.942  1119  2027 D PicasaAPI:    done
06-08 13:31:30.942  1119  2027 D MetricsUtils: [PicasaApi.getAlbumPhotos in:41116 out:711 time:16402]
06-08 13:31:30.981  1119  2027 D MetricsUtils: [PicasaSyncHelper.syncPhotos 5613047619696263553 time:16441]
06-08 13:31:30.993  1119  2027 D PicasaAPI: getAlbumPhotos for 105710113694891878798 / 5623854235830261905, etag: null
06-08 13:31:31.383   476   476 D SAN_SERVICE: *******************************************
06-08 13:31:31.383   476   476 D SAN_SERVICE: DM App Phone Service State - 0
06-08 13:31:31.383   476   476 D SAN_SERVICE: *******************************************
06-08 13:31:31.399  1119  2027 V PicasaAPI:    etag: --> W/"D0EEQHgzcCp7ImA9WhZaFE0.",entryCount=0
06-08 13:31:31.407  1119  2027 D PicasaAPI:    done
06-08 13:31:31.407  1119  2027 D MetricsUtils: [PicasaApi.getAlbumPhotos in:1615 out:711 time:415]
06-08 13:31:31.442  1119  2027 D MetricsUtils: [PicasaSyncHelper.syncPhotos 5623854235830261905 time:456]
06-08 13:31:31.442  1789  1791 D dalvikvm: GC_CONCURRENT freed 437K, 6% free 9378K/9927K, paused 2ms+4ms
06-08 13:31:31.446  1119  2027 D PicasaAPI: getAlbumPhotos for 105710113694891878798 / 5634502661043587233, etag: null
06-08 13:31:32.430  1119  1121 D dalvikvm: GC_CONCURRENT freed 421K, 6% free 9387K/9927K, paused 2ms+7ms
06-08 13:31:32.477  1332  1332 D OpenGLRenderer: Flushing caches (mode 1)
06-08 13:31:32.598  1789  2523 I DownloadManager: deleting /data/data/com.android.providers.downloads/cache/downloadfile.jpeg
06-08 13:31:32.805  1789  2525 I DownloadManager: Initiating request for download 62
06-08 13:31:33.649  1119  1121 D dalvikvm: GC_CONCURRENT freed 416K, 6% free 9384K/9927K, paused 7ms+7ms
06-08 13:31:35.774  1789  1791 D dalvikvm: GC_CONCURRENT freed 465K, 6% free 9350K/9927K, paused 3ms+15ms
06-08 13:31:35.844  1332  1332 D OpenGLRenderer: Flushing caches (mode 1)
06-08 13:31:35.856  1789  2531 I DownloadManager: deleting /data/data/com.android.providers.downloads/cache/downloadfile.jpeg
06-08 13:31:36.251  1789  2533 I DownloadManager: Initiating request for download 63
06-08 13:31:36.618  1119  1121 D dalvikvm: GC_CONCURRENT freed 417K, 6% free 9380K/9927K, paused 11ms+2ms
06-08 13:31:38.723  1332  1332 D OpenGLRenderer: Flushing caches (mode 1)
06-08 13:31:38.911  1789  2539 I DownloadManager: deleting /data/data/com.android.providers.downloads/cache/downloadfile.jpeg
06-08 13:31:38.915  1119  1121 D dalvikvm: GC_CONCURRENT freed 417K, 6% free 9381K/9927K, paused 5ms+7ms
06-08 13:31:38.923  1789  2540 I DownloadManager: Initiating request for download 64
06-08 13:31:39.051  1789  1791 D dalvikvm: GC_CONCURRENT freed 448K, 6% free 9349K/9927K, paused 3ms+6ms
06-08 13:31:40.676  1119  1121 D dalvikvm: GC_CONCURRENT freed 414K, 6% free 9384K/9927K, paused 12ms+2ms
06-08 13:31:40.985  1332  1332 D OpenGLRenderer: Flushing caches (mode 1)
06-08 13:31:41.114  1789  2547 I DownloadManager: deleting /data/data/com.android.providers.downloads/cache/downloadfile.jpeg
06-08 13:31:41.305  1789  2549 I DownloadManager: Initiating request for download 65
06-08 13:31:42.005  1119  1121 D dalvikvm: GC_CONCURRENT freed 410K, 6% free 9384K/9927K, paused 6ms+2ms
06-08 13:31:42.059  1789  1791 D dalvikvm: GC_CONCURRENT freed 438K, 6% free 9369K/9927K, paused 2ms+3ms
06-08 13:31:43.755  1332  1332 D OpenGLRenderer: Flushing caches (mode 1)
06-08 13:31:44.032  1789  2554 I DownloadManager: deleting /data/data/com.android.providers.downloads/cache/downloadfile.jpeg
06-08 13:31:44.036  1789  2555 I DownloadManager: Initiating request for download 66
06-08 13:31:44.391  1119  2027 V PicasaAPI:    etag: --> W/"CU8FQXs7eCp7ImA9WhVbEU0.",entryCount=132
06-08 13:31:44.391  1119  2027 D PicasaAPI:    done
06-08 13:31:44.391  1119  2027 D MetricsUtils: [PicasaApi.getAlbumPhotos in:33456 out:711 time:12944]
06-08 13:31:44.434  1119  2027 D MetricsUtils: [PicasaSyncHelper.syncPhotos 5634502661043587233 time:12987]
06-08 13:31:44.544  1119  2027 D PicasaSyncManager: sync complete: SyncResult: stats [ numUpdates: 1428]
06-08 13:31:44.712  1119  1133 V PicasaContentProvider: querySettings: defaults: {sync_on_wifi_only=1, auto_upload_account_type=null, sync_on_battery=1, sync_picasa_on_wifi_only=1, auto_upload_enabled=0, video_upload_wifi_only=1, sync_on_roaming=0, auto_upload_account_name=null}
06-08 13:31:44.712  1119  2027 D MetricsUtils: [PicasaSyncManager.getNextSyncTask time:168]
06-08 13:31:44.712  1119  2027 D PicasaSyncManager: perform sync task: PrefetchFullImage (jayinamdar@gmail.com)
06-08 13:31:44.856  1119  1121 D dalvikvm: GC_CONCURRENT freed 390K, 6% free 9426K/9927K, paused 6ms+2ms
06-08 13:31:45.075  1789  1791 D dalvikvm: GC_CONCURRENT freed 434K, 6% free 9389K/9927K, paused 1ms+3ms
06-08 13:31:45.223  1119  1121 D dalvikvm: GC_CONCURRENT freed 401K, 6% free 9458K/9991K, paused 2ms+2ms
06-08 13:31:45.419  1119  1121 D dalvikvm: GC_CONCURRENT freed 416K, 6% free 9453K/9991K, paused 2ms+2ms
06-08 13:31:45.579  1119  1121 D dalvikvm: GC_CONCURRENT freed 417K, 6% free 9453K/9991K, paused 2ms+2ms
06-08 13:31:45.837   151   917 D dalvikvm: GC_EXPLICIT freed 447K, 9% free 14101K/15367K, paused 2ms+6ms
06-08 13:31:46.001  1119  2027 D MetricsUtils: [PrefetchHelper.cleanCache time:1247]
06-08 13:31:46.090  1119  2027 D PicasaSyncManager: sync complete: SyncResult: stats [ numUpdates: 1428]
06-08 13:31:46.133  1119  1133 V PicasaContentProvider: querySettings: defaults: {sync_on_wifi_only=1, auto_upload_account_type=null, sync_on_battery=1, sync_picasa_on_wifi_only=1, auto_upload_enabled=0, video_upload_wifi_only=1, sync_on_roaming=0, auto_upload_account_name=null}
06-08 13:31:46.137  1119  2027 D PicasaSyncManager: perform sync task: PrefetchAlbumCover (jayinamdar@gmail.com)
06-08 13:31:46.227  1332  1332 D OpenGLRenderer: Flushing caches (mode 1)
06-08 13:31:46.282  1789  2561 I DownloadManager: deleting /data/data/com.android.providers.downloads/cache/downloadfile.jpeg
06-08 13:31:46.286  1402  1404 D dalvikvm: GC_CONCURRENT freed 386K, 14% free 9794K/11335K, paused 2ms+5ms
06-08 13:31:46.469  1789  2564 I DownloadManager: Initiating request for download 67
06-08 13:31:47.637  1119  1121 D dalvikvm: GC_CONCURRENT freed 442K, 6% free 9422K/9991K, paused 3ms+2ms
06-08 13:31:48.083  1789  1791 D dalvikvm: GC_CONCURRENT freed 419K, 6% free 9376K/9927K, paused 2ms+3ms
06-08 13:31:48.251  1332  1332 D OpenGLRenderer: Flushing caches (mode 1)
06-08 13:31:48.270  1789  2569 I DownloadManager: deleting /data/data/com.android.providers.downloads/cache/downloadfile.jpeg
06-08 13:31:48.294  1789  1789 D dalvikvm: GC_EXPLICIT freed 161K, 7% free 9286K/9927K, paused 2ms+3ms
06-08 13:31:48.548  1789  2571 I DownloadManager: Initiating request for download 68
06-08 13:31:50.575  1332  1332 D OpenGLRenderer: Flushing caches (mode 1)
06-08 13:31:50.618  1789  2577 I DownloadManager: deleting /data/data/com.android.providers.downloads/cache/downloadfile.jpeg
06-08 13:31:50.751  1789  1791 D dalvikvm: GC_CONCURRENT freed 344K, 7% free 9328K/9927K, paused 3ms+6ms
06-08 13:31:50.817  1789  2579 I DownloadManager: Initiating request for download 69
06-08 13:31:52.665  1332  1332 D OpenGLRenderer: Flushing caches (mode 1)
06-08 13:31:52.719  1789  2585 I DownloadManager: deleting /data/data/com.android.providers.downloads/cache/downloadfile.jpeg
06-08 13:31:52.891  1789  2587 I DownloadManager: Initiating request for download 70
06-08 13:31:52.926  1119  1121 D dalvikvm: GC_CONCURRENT freed 345K, 5% free 9526K/9991K, paused 3ms+5ms
06-08 13:31:52.973  1789  1791 D dalvikvm: GC_CONCURRENT freed 377K, 6% free 9342K/9927K, paused 3ms+7ms
06-08 13:31:54.676  1278  1296 I PhoneLab-: Service Running
06-08 13:31:54.704  1278  1296 I PhoneLab-LoggerService: app_38    1302  1278  1772   1328  c00f181c 400107b4 S logcat
06-08 13:31:54.704  1278  1296 I PhoneLab-LoggerService: Logcat pid from database 1302
06-08 13:31:54.704  1278  1296 I PhoneLab-LoggerService: Logcat process found 1302
06-08 13:31:54.704  1278  1296 I PhoneLab-LoggerService: Checking Threshold
06-08 13:31:54.704  1278  1296 I PhoneLab-LoggerService: Starting to rename files
06-08 13:31:54.708  1278  1296 I PhoneLab-LoggerService: Files found .. 2
06-08 13:31:56.348  1332  1332 D OpenGLRenderer: Flushing caches (mode 1)
06-08 13:31:56.368  1789  2595 I DownloadManager: deleting /data/data/com.android.providers.downloads/cache/downloadfile.jpeg
06-08 13:31:56.575  1789  2597 I DownloadManager: Initiating request for download 71
06-08 13:31:57.329  1789  1791 D dalvikvm: GC_CONCURRENT freed 375K, 6% free 9364K/9927K, paused 2ms+3ms
06-08 13:31:58.200   151   471 D dalvikvm: GC_EXPLICIT freed 398K, 9% free 14115K/15367K, paused 2ms+6ms
06-08 13:31:58.301  1332  1332 D OpenGLRenderer: Flushing caches (mode 1)
06-08 13:31:58.364  1789  2603 I DownloadManager: deleting /data/data/com.android.providers.downloads/cache/downloadfile.jpeg
06-08 13:31:58.469  1119  2027 D PicasaSyncManager: sync complete: SyncResult: stats [ numUpdates: 1428]
06-08 13:31:58.536  1119  1133 V PicasaContentProvider: querySettings: defaults: {sync_on_wifi_only=1, auto_upload_account_type=null, sync_on_battery=1, sync_picasa_on_wifi_only=1, auto_upload_enabled=0, video_upload_wifi_only=1, sync_on_roaming=0, auto_upload_account_name=null}
06-08 13:31:58.536  1119  2027 D PicasaSyncManager: perform sync task: PrefetchScreenNail (jayinamdar@gmail.com)
06-08 13:31:58.587  1789  2605 I DownloadManager: Initiating request for download 72
06-08 13:31:59.305  1119  1121 D dalvikvm: GC_CONCURRENT freed 342K, 5% free 9580K/10055K, paused 10ms+4ms
06-08 13:31:59.715  1789  1791 D dalvikvm: GC_CONCURRENT freed 443K, 6% free 9351K/9927K, paused 12ms+3ms
06-08 13:32:00.657  1332  1332 D OpenGLRenderer: Flushing caches (mode 1)
06-08 13:32:00.696  1789  2610 I DownloadManager: deleting /data/data/com.android.providers.downloads/cache/downloadfile.jpeg
06-08 13:32:00.962  1789  2612 I DownloadManager: Initiating request for download 73
06-08 13:32:01.715  1789  1791 D dalvikvm: GC_CONCURRENT freed 443K, 6% free 9364K/9927K, paused 2ms+4ms
06-08 13:32:02.505  1402  1404 D dalvikvm: GC_CONCURRENT freed 409K, 14% free 9790K/11335K, paused 2ms+4ms
06-08 13:32:02.567  1332  1332 D OpenGLRenderer: Flushing caches (mode 1)
06-08 13:32:02.579  1789  2618 I DownloadManager: deleting /data/data/com.android.providers.downloads/cache/downloadfile.jpeg
06-08 13:32:02.821  1789  2620 I DownloadManager: Initiating request for download 74
06-08 13:32:04.583  1789  1791 D dalvikvm: GC_CONCURRENT freed 432K, 6% free 9365K/9927K, paused 2ms+4ms
06-08 13:32:04.645  1332  1332 D OpenGLRenderer: Flushing caches (mode 1)
06-08 13:32:04.657  1789  2626 I DownloadManager: deleting /data/data/com.android.providers.downloads/cache/downloadfile.jpeg
06-08 13:32:04.919  1789  2628 I DownloadManager: Initiating request for download 75
06-08 13:32:05.696   476   476 D SAN_SERVICE: *******************************************
06-08 13:32:05.696   476   476 D SAN_SERVICE: DM App Phone Service State - 0
06-08 13:32:05.696   476   476 D SAN_SERVICE: *******************************************
06-08 13:32:06.286   476   476 D SAN_SERVICE: *******************************************
06-08 13:32:06.286   476   476 D SAN_SERVICE: DM App Phone Service State - 0
06-08 13:32:06.286   476   476 D SAN_SERVICE: *******************************************
06-08 13:32:07.399  1332  1332 D OpenGLRenderer: Flushing caches (mode 1)
06-08 13:32:07.469  1789  2633 I DownloadManager: deleting /data/data/com.android.providers.downloads/cache/downloadfile.jpeg
06-08 13:32:07.602  1789  1791 D dalvikvm: GC_CONCURRENT freed 438K, 6% free 9358K/9927K, paused 3ms+6ms
06-08 13:32:07.653  1789  2635 I DownloadManager: Initiating request for download 76
06-08 13:32:09.891   151   505 D dalvikvm: GC_EXPLICIT freed 440K, 9% free 14126K/15367K, paused 5ms+6ms
06-08 13:32:09.946  1332  1332 D OpenGLRenderer: Flushing caches (mode 1)
06-08 13:32:10.149  1789  2639 I DownloadManager: deleting /data/data/com.android.providers.downloads/cache/downloadfile.jpeg
06-08 13:32:10.157  1789  2640 I DownloadManager: Initiating request for download 77
06-08 13:32:11.118  1789  1791 D dalvikvm: GC_CONCURRENT freed 432K, 6% free 9383K/9927K, paused 2ms+4ms
06-08 13:32:12.700  1789  2644 D dalvikvm: GC_EXPLICIT freed 297K, 7% free 9275K/9927K, paused 15ms+4ms
06-08 13:32:12.731  1332  1332 D OpenGLRenderer: Flushing caches (mode 1)
06-08 13:32:12.747  1789  2644 I DownloadManager: deleting /data/data/com.android.providers.downloads/cache/downloadfile.jpeg
06-08 13:32:12.985  1789  2647 I DownloadManager: Initiating request for download 78
06-08 13:32:15.032  1119  1121 D dalvikvm: GC_CONCURRENT freed 425K, 6% free 9565K/10119K, paused 12ms+2ms
06-08 13:32:16.098   476   476 D SAN_SERVICE: *******************************************
06-08 13:32:16.098   476   476 D SAN_SERVICE: DM App Phone Service State - 0
06-08 13:32:16.098   476   476 D SAN_SERVICE: *******************************************
06-08 13:32:16.551   476   476 D SAN_SERVICE: *******************************************
06-08 13:32:16.551   476   476 D SAN_SERVICE: DM App Phone Service State - 0
06-08 13:32:16.551   476   476 D SAN_SERVICE: *******************************************
06-08 13:32:16.731  1332  1332 D OpenGLRenderer: Flushing caches (mode 1)
06-08 13:32:16.755  1789  2653 I DownloadManager: deleting /data/data/com.android.providers.downloads/cache/downloadfile.jpeg
06-08 13:32:16.786  1789  1791 D dalvikvm: GC_CONCURRENT freed 340K, 7% free 9323K/9927K, paused 1ms+3ms
06-08 13:32:18.739  1789  2655 I DownloadManager: Initiating request for download 79
06-08 13:32:21.337  1332  1332 D OpenGLRenderer: Flushing caches (mode 1)
06-08 13:32:21.364  1789  2660 I DownloadManager: deleting /data/data/com.android.providers.downloads/cache/downloadfile.jpeg
06-08 13:32:21.387  1402  1404 D dalvikvm: GC_CONCURRENT freed 384K, 14% free 9792K/11335K, paused 4ms+3ms
06-08 13:32:21.637  1789  1791 D dalvikvm: GC_CONCURRENT freed 375K, 6% free 9333K/9927K, paused 6ms+2ms
06-08 13:32:21.669  1789  2662 I DownloadManager: Initiating request for download 80
06-08 13:32:29.212   151   151 D AlarmManagerService: Kernel timezone updated to 240 minutes west of GMT
06-08 13:32:29.223   476   476 D SystemClock: Setting time of day to sec=1339176749
06-08 13:32:29.158   151   560 I ActivityManager: Start proc com.android.deskclock for broadcast com.android.deskclock/.AlarmInitReceiver: pid=2665 uid=10011 gids={}
06-08 13:32:29.197   476   476 D SAN_SERVICE: *******************************************
06-08 13:32:29.197   476   476 D SAN_SERVICE: DM App Phone Service State - 0
06-08 13:32:29.197   476   476 D SAN_SERVICE: *******************************************
06-08 13:32:29.408  2665  2665 I ActivityThread: Pub com.android.deskclock: com.android.deskclock.AlarmProvider
06-08 13:32:29.556   476   479 D dalvikvm: GC_CONCURRENT freed 391K, 6% free 9513K/10119K, paused 76ms+2ms
06-08 13:32:29.615  2665  2678 V AlarmClock: AlarmInitReceiver finished
06-08 13:32:29.826   718   718 D dalvikvm: GC_EXPLICIT freed 99K, 12% free 10242K/11591K, paused 21ms+7ms
06-08 13:32:38.068   476   476 D SAN_SERVICE: *******************************************
06-08 13:32:38.068   476   476 D SAN_SERVICE: DM App Phone Service State - 0
06-08 13:32:38.068   476   476 D SAN_SERVICE: *******************************************
06-08 13:32:38.306   476   476 D SAN_SERVICE: *******************************************
06-08 13:32:38.306   476   476 D SAN_SERVICE: DM App Phone Service State - 0
06-08 13:32:38.306   476   476 D SAN_SERVICE: *******************************************
06-08 13:32:38.818   476   476 D SAN_SERVICE: *******************************************
06-08 13:32:38.818   476   476 D SAN_SERVICE: DM App Phone Service State - 0
06-08 13:32:38.818   476   476 D SAN_SERVICE: *******************************************
06-08 13:32:39.079   151   503 D AlarmManagerService: Kernel timezone updated to 240 minutes west of GMT
06-08 13:32:39.087   476   476 D SAN_SERVICE: *******************************************
06-08 13:32:39.087   476   476 D SAN_SERVICE: DM App Phone Service State - 0
06-08 13:32:39.087   476   476 D SAN_SERVICE: *******************************************
06-08 13:32:40.810  1332  1332 D OpenGLRenderer: Flushing caches (mode 1)
06-08 13:32:40.900   151   471 D dalvikvm: GC_EXPLICIT freed 817K, 8% free 14236K/15367K, paused 4ms+7ms
06-08 13:32:40.993  1789  2685 I DownloadManager: deleting /data/data/com.android.providers.downloads/cache/downloadfile.jpeg
06-08 13:32:41.150  1789  2687 I DownloadManager: Initiating request for download 81
06-08 13:32:41.232  1789  1791 D dalvikvm: GC_CONCURRENT freed 379K, 6% free 9344K/9927K, paused 6ms+3ms
06-08 13:32:59.376   151   469 D AlarmManagerService: Kernel timezone updated to 240 minutes west of GMT
06-08 13:33:01.150   476   476 D SAN_SERVICE: *******************************************
06-08 13:33:01.150   476   476 D SAN_SERVICE: DM App Phone Service State - 0
06-08 13:33:01.150   476   476 D SAN_SERVICE: *******************************************
06-08 13:33:12.197   476   476 D SAN_SERVICE: *******************************************
06-08 13:33:12.197   476   476 D SAN_SERVICE: DM App Phone Service State - 0
06-08 13:33:12.197   476   476 D SAN_SERVICE: *******************************************
06-08 13:33:12.431   476   476 D SAN_SERVICE: *******************************************
06-08 13:33:12.431   476   476 D SAN_SERVICE: DM App Phone Service State - 0
06-08 13:33:12.431   476   476 D SAN_SERVICE: *******************************************
06-08 13:33:12.857  1789  2687 W DownloadManager: Aborting request for download 81: while trying to execute request: javax.net.ssl.SSLException: Connection closed by peer
06-08 13:33:14.396   151   505 D AlarmManagerService: Kernel timezone updated to 240 minutes west of GMT
06-08 13:33:15.826   476   476 D SAN_SERVICE: *******************************************
06-08 13:33:15.826   476   476 D SAN_SERVICE: DM App Phone Service State - 0
06-08 13:33:15.826   476   476 D SAN_SERVICE: *******************************************
06-08 13:33:16.107   476   476 D SAN_SERVICE: *******************************************
06-08 13:33:16.107   476   476 D SAN_SERVICE: DM App Phone Service State - 0
06-08 13:33:16.107   476   476 D SAN_SERVICE: *******************************************
06-08 13:33:51.173  1119  1683 D PicasaSyncService: receive cancel request
06-08 13:33:51.216  1332  1332 D OpenGLRenderer: Flushing caches (mode 1)
06-08 13:33:54.634  1278  1296 I PhoneLab-: Service Running
06-08 13:33:54.818  1278  1296 I PhoneLab-LoggerService: app_38    1302  1278  1772   1328  c00f181c 400107b4 S logcat
06-08 13:33:54.818  1278  1296 I PhoneLab-LoggerService: Logcat pid from database 1302
06-08 13:33:54.818  1278  1296 I PhoneLab-LoggerService: Logcat process found 1302
06-08 13:33:54.818  1278  1296 I PhoneLab-LoggerService: Checking Threshold
06-08 13:33:54.818  1278  1296 I PhoneLab-LoggerService: Starting to rename files
06-08 13:33:54.818  1278  1296 I PhoneLab-LoggerService: Files found .. 2
06-08 13:33:55.908  1119  2027 D PicasaSyncManager: sync complete: SyncResult: stats [ numUpdates: 1428]
06-08 13:33:56.076  1119  1121 D dalvikvm: GC_CONCURRENT freed 445K, 6% free 9545K/10119K, paused 21ms+2ms
06-08 13:33:56.087  1119  1133 V PicasaContentProvider: querySettings: defaults: {sync_on_wifi_only=1, auto_upload_account_type=null, sync_on_battery=1, sync_picasa_on_wifi_only=1, auto_upload_enabled=0, video_upload_wifi_only=1, sync_on_roaming=0, auto_upload_account_name=null}
06-08 13:33:56.087  1119  2027 D MetricsUtils: [PicasaSyncManager.getNextSyncTask time:183]
06-08 13:33:56.087  1119  2027 D PicasaSyncService: sync finished - true
06-08 13:33:56.091   151   193 D SyncManager: handleSyncHandlerMessage: dropping since the sync is no longer active: startTime 517209, mTimeoutStartTime 517209, mHistoryRowId 10, syncOperation jayinamdar@gmail.com (com.google), com.google.android.gallery3d.GooglePhotoProvider, SERVER, earliestRunTime 254966
06-08 13:33:57.208  1789  2693 I DownloadManager: Initiating request for download 81
06-08 13:33:59.849   476   476 D SAN_SERVICE: *******************************************
06-08 13:33:59.849   476   476 D SAN_SERVICE: DM App Phone Service State - 0
06-08 13:33:59.849   476   476 D SAN_SERVICE: *******************************************
06-08 13:34:00.111   476   476 D SAN_SERVICE: *******************************************
06-08 13:34:00.111   476   476 D SAN_SERVICE: DM App Phone Service State - 1
06-08 13:34:00.111   476   476 D SAN_SERVICE: *******************************************
06-08 13:34:00.267   718   720 D dalvikvm: GC_CONCURRENT freed 327K, 12% free 10304K/11591K, paused 2ms+4ms
06-08 13:34:00.595  1332  1332 D OpenGLRenderer: Flushing caches (mode 1)
06-08 13:34:00.650  1789  1791 D dalvikvm: GC_CONCURRENT freed 480K, 7% free 9327K/9927K, paused 2ms+3ms
06-08 13:34:00.767  1789  2700 I DownloadManager: deleting /data/data/com.android.providers.downloads/cache/downloadfile.jpeg
06-08 13:34:01.240  1789  2702 I DownloadManager: Initiating request for download 82
06-08 13:34:01.650   718   720 D dalvikvm: GC_CONCURRENT freed 346K, 11% free 10357K/11591K, paused 2ms+4ms
06-08 13:34:02.345  1119  2704 D PicasaSyncService: start to perform sync on jayinamdar@gmail.com
06-08 13:34:02.353  1119  1133 V PicasaContentProvider: querySettings: defaults: {sync_on_wifi_only=1, auto_upload_account_type=null, sync_on_battery=1, sync_picasa_on_wifi_only=1, auto_upload_enabled=0, video_upload_wifi_only=1, sync_on_roaming=0, auto_upload_account_name=null}
06-08 13:34:02.357  1119  2704 D PicasaSyncManager: perform sync task: MetadataSyncTask (jayinamdar@gmail.com)
06-08 13:34:02.415  1332  1332 D OpenGLRenderer: Flushing caches (mode 1)
06-08 13:34:02.447  1332  1332 D OpenGLRenderer: Flushing caches (mode 1)
06-08 13:34:02.454  1119  2704 D PicasaAPI: getAlbums for jayinamdar@gmail.com, etag = W/"A0QNSXc9cCp7ImA9WhVbEks."
06-08 13:34:02.786  1119  2704 V PicasaAPI:    done
06-08 13:34:02.786  1119  2704 D MetricsUtils: [PicasaApi.getAlbums in:361 out:630 time:334]
06-08 13:34:02.786  1119  2704 D MetricsUtils: [PicasaSyncHelper.syncAlbums jayinamdar@gmail.com time:337]
06-08 13:34:02.810  1119  2704 D PicasaAPI: getAlbumPhotos for 105710113694891878798 / 5116620423394122177, etag: W/"CEMDQnk6cCp7ImA9WhVSGUw."
06-08 13:34:02.974  1332  1332 D OpenGLRenderer: Flushing caches (mode 1)
06-08 13:34:03.052  1789  2708 I DownloadManager: deleting /data/data/com.android.providers.downloads/cache/downloadfile.jpeg
06-08 13:34:03.079   476   476 D SAN_SERVICE: *******************************************
06-08 13:34:03.079   476   476 D SAN_SERVICE: DM App Phone Service State - 0
06-08 13:34:03.079   476   476 D SAN_SERVICE: *******************************************
06-08 13:34:03.158   476   479 D dalvikvm: GC_CONCURRENT freed 395K, 6% free 9522K/10119K, paused 2ms+3ms
06-08 13:34:03.158  1119  2704 D PicasaAPI:    done
06-08 13:34:03.158  1119  2704 D MetricsUtils: [PicasaApi.getAlbumPhotos in:207 out:756 time:348]
06-08 13:34:03.158  1119  2704 D MetricsUtils: [PicasaSyncHelper.syncPhotos 5116620423394122177 time:370]
06-08 13:34:03.189  1789  1791 D dalvikvm: GC_CONCURRENT freed 385K, 7% free 9328K/9927K, paused 2ms+2ms
06-08 13:34:03.212  1119  2704 D PicasaAPI: getAlbumPhotos for 105710113694891878798 / 5352745827623112929, etag: W/"DkEBR348fSp7ImA9WhVbEEw."
06-08 13:34:03.263  1789  2710 I DownloadManager: Initiating request for download 83
06-08 13:34:03.603  1119  2704 D PicasaAPI:    done
06-08 13:34:03.634  1119  2704 D MetricsUtils: [PicasaApi.getAlbumPhotos in:207 out:756 time:424]
06-08 13:34:03.634  1119  2704 D MetricsUtils: [PicasaSyncHelper.syncPhotos 5352745827623112929 time:477]
06-08 13:34:03.650  1119  2704 D PicasaAPI: getAlbumPhotos for 105710113694891878798 / 5357229644283205361, etag: W/"C0AAQXoyfyp7ImA9WhVUFkk."
06-08 13:34:04.095   151   503 D AlarmManagerService: Kernel timezone updated to 240 minutes west of GMT
06-08 13:34:04.118   476   476 D SAN_SERVICE: *******************************************
06-08 13:34:04.118   476   476 D SAN_SERVICE: DM App Phone Service State - 0
06-08 13:34:04.118   476   476 D SAN_SERVICE: *******************************************
06-08 13:34:04.201  1119  2704 D PicasaAPI:    done
06-08 13:34:04.201  1119  2704 D MetricsUtils: [PicasaApi.getAlbumPhotos in:207 out:756 time:549]
06-08 13:34:04.201  1119  2704 D MetricsUtils: [PicasaSyncHelper.syncPhotos 5357229644283205361 time:565]
06-08 13:34:04.240  1119  2704 D PicasaAPI: getAlbumPhotos for 105710113694891878798 / 5415771333597368705, etag: W/"CE4NRHszcSp7ImA9WhVbEks."
06-08 13:34:05.142  1119  2704 D PicasaAPI:    done
06-08 13:34:05.150  1119  2704 D MetricsUtils: [PicasaApi.getAlbumPhotos in:207 out:756 time:909]
06-08 13:34:05.154  1119  2704 D MetricsUtils: [PicasaSyncHelper.syncPhotos 5415771333597368705 time:951]
06-08 13:34:05.216  1119  2704 D PicasaAPI: getAlbumPhotos for 105710113694891878798 / 5556347703683808817, etag: W/"C0EMQ3k6fCp7ImA9WhVbEU0."
06-08 13:34:05.294  1402  1854 D dalvikvm: GC_EXPLICIT freed 232K, 15% free 9746K/11335K, paused 2ms+4ms
06-08 13:34:05.368   151   153 D dalvikvm: GC_CONCURRENT freed 1166K, 9% free 14259K/15559K, paused 4ms+9ms
06-08 13:34:05.443  1332  1332 D OpenGLRenderer: Flushing caches (mode 1)
06-08 13:34:05.868  1119  2704 D PicasaAPI:    done
06-08 13:34:05.872  1119  2704 D MetricsUtils: [PicasaApi.getAlbumPhotos in:207 out:756 time:656]
06-08 13:34:05.872  1119  2704 D MetricsUtils: [PicasaSyncHelper.syncPhotos 5556347703683808817 time:715]
06-08 13:34:05.911  1119  2704 D PicasaAPI: getAlbumPhotos for 105710113694891878798 / 5560416188154608529, etag: W/"DEcBSXkyeCp7ImA9WhVbEUQ."
06-08 13:34:06.497  1119  2704 D PicasaAPI:    done
06-08 13:34:06.497  1119  2704 D MetricsUtils: [PicasaApi.getAlbumPhotos in:207 out:756 time:584]
06-08 13:34:06.497  1119  2704 D MetricsUtils: [PicasaSyncHelper.syncPhotos 5560416188154608529 time:621]
06-08 13:34:06.560  1119  2704 D PicasaAPI: getAlbumPhotos for 105710113694891878798 / 5613047619696263553, etag: W/"A0QNSXc9cCp7ImA9WhVbEks."
06-08 13:34:06.693  1789  2716 I DownloadManager: deleting /data/data/com.android.providers.downloads/cache/downloadfile.jpeg
06-08 13:34:07.064   151   151 D AlarmManagerService: Kernel timezone updated to 240 minutes west of GMT
06-08 13:34:07.107  1119  2704 D PicasaAPI:    done
06-08 13:34:07.107  1119  2704 D MetricsUtils: [PicasaApi.getAlbumPhotos in:207 out:756 time:547]
06-08 13:34:07.107  1119  2704 D MetricsUtils: [PicasaSyncHelper.syncPhotos 5613047619696263553 time:606]
06-08 13:34:07.111  1119  2704 D PicasaAPI: getAlbumPhotos for 105710113694891878798 / 5623854235830261905, etag: W/"D0EEQHgzcCp7ImA9WhZaFE0."
06-08 13:34:07.255  1789  1791 D dalvikvm: GC_CONCURRENT freed 373K, 6% free 9348K/9927K, paused 3ms+7ms
06-08 13:34:07.259  1789  2718 I DownloadManager: Initiating request for download 84
06-08 13:34:07.548  1119  2704 D PicasaAPI:    done
06-08 13:34:07.556  1119  2704 D MetricsUtils: [PicasaApi.getAlbumPhotos in:207 out:756 time:439]
06-08 13:34:07.556  1119  2704 D MetricsUtils: [PicasaSyncHelper.syncPhotos 5623854235830261905 time:447]
06-08 13:34:07.607  1119  2704 D PicasaAPI: getAlbumPhotos for 105710113694891878798 / 5634502661043587233, etag: W/"CU8FQXs7eCp7ImA9WhVbEU0."
06-08 13:34:08.279  1119  2704 D PicasaAPI:    done
06-08 13:34:08.279  1119  2704 D MetricsUtils: [PicasaApi.getAlbumPhotos in:207 out:756 time:672]
06-08 13:34:08.283  1119  2704 D MetricsUtils: [PicasaSyncHelper.syncPhotos 5634502661043587233 time:721]
06-08 13:34:08.458  1119  1121 D dalvikvm: GC_CONCURRENT freed 388K, 6% free 9603K/10119K, paused 3ms+4ms
06-08 13:34:08.458  1119  2704 D PicasaSyncManager: sync complete: SyncResult: stats []
06-08 13:34:08.525  1119  1133 V PicasaContentProvider: querySettings: defaults: {sync_on_wifi_only=1, auto_upload_account_type=null, sync_on_battery=1, sync_picasa_on_wifi_only=1, auto_upload_enabled=0, video_upload_wifi_only=1, sync_on_roaming=0, auto_upload_account_name=null}
06-08 13:34:08.525  1119  2704 D PicasaSyncManager: perform sync task: PrefetchFullImage (jayinamdar@gmail.com)
06-08 13:34:09.193   151   558 D dalvikvm: GC_EXPLICIT freed 207K, 10% free 14121K/15559K, paused 3ms+5ms
06-08 13:34:09.314  1332  1332 D OpenGLRenderer: Flushing caches (mode 1)
06-08 13:34:09.368  1789  2724 I DownloadManager: deleting /data/data/com.android.providers.downloads/cache/downloadfile.jpeg
06-08 13:34:09.454  1119  1121 D dalvikvm: GC_CONCURRENT freed 418K, 6% free 9641K/10183K, paused 2ms+3ms
06-08 13:34:09.536  1789  2726 I DownloadManager: Initiating request for download 85
06-08 13:34:09.669  1119  1121 D dalvikvm: GC_CONCURRENT freed 444K, 6% free 9616K/10183K, paused 2ms+2ms
06-08 13:34:09.837  1119  1121 D dalvikvm: GC_CONCURRENT freed 447K, 6% free 9615K/10183K, paused 1ms+2ms
06-08 13:34:10.158  1119  2704 D MetricsUtils: [PrefetchHelper.cleanCache time:1597]
06-08 13:34:10.247  1119  2704 D PicasaSyncManager: sync complete: SyncResult: stats []
06-08 13:34:10.259  1119  1133 V PicasaContentProvider: querySettings: defaults: {sync_on_wifi_only=1, auto_upload_account_type=null, sync_on_battery=1, sync_picasa_on_wifi_only=1, auto_upload_enabled=0, video_upload_wifi_only=1, sync_on_roaming=0, auto_upload_account_name=null}
06-08 13:34:10.271  1789  1791 D dalvikvm: GC_CONCURRENT freed 463K, 6% free 9362K/9927K, paused 1ms+10ms
06-08 13:34:10.271  1119  2704 D PicasaSyncManager: perform sync task: PrefetchAlbumCover (jayinamdar@gmail.com)
06-08 13:34:10.326  1119  2704 D PicasaSyncManager: sync complete: SyncResult: stats []
06-08 13:34:10.333  1119  1133 V PicasaContentProvider: querySettings: defaults: {sync_on_wifi_only=1, auto_upload_account_type=null, sync_on_battery=1, sync_picasa_on_wifi_only=1, auto_upload_enabled=0, video_upload_wifi_only=1, sync_on_roaming=0, auto_upload_account_name=null}
06-08 13:34:10.357  1119  2704 D PicasaSyncManager: perform sync task: PrefetchScreenNail (jayinamdar@gmail.com)
06-08 13:34:10.372  1119  1121 D dalvikvm: GC_CONCURRENT freed 490K, 7% free 9563K/10183K, paused 2ms+3ms
06-08 13:34:12.763  1332  1332 D OpenGLRenderer: Flushing caches (mode 1)
06-08 13:34:12.868  1789  2732 I DownloadManager: deleting /data/data/com.android.providers.downloads/cache/downloadfile.jpeg
06-08 13:34:13.036  1789  2734 I DownloadManager: Initiating request for download 86
06-08 13:34:13.056   151   151 D AlarmManagerService: Kernel timezone updated to 240 minutes west of GMT
06-08 13:34:14.173  1789  1791 D dalvikvm: GC_CONCURRENT freed 440K, 6% free 9385K/9927K, paused 1ms+3ms
06-08 13:34:14.704  1332  1332 D OpenGLRenderer: Flushing caches (mode 1)
06-08 13:34:14.775  1789  2740 I DownloadManager: deleting /data/data/com.android.providers.downloads/cache/downloadfile.jpeg
06-08 13:34:14.798  1789  1789 D dalvikvm: GC_EXPLICIT freed 196K, 7% free 9310K/9927K, paused 2ms+3ms
06-08 13:34:14.904  1789  2742 I DownloadManager: Initiating request for download 87
06-08 13:34:16.603  1332  1332 D OpenGLRenderer: Flushing caches (mode 1)
06-08 13:34:16.701  1789  2747 I DownloadManager: deleting /data/data/com.android.providers.downloads/cache/downloadfile.jpeg
06-08 13:34:17.122   151   503 D AlarmManagerService: Kernel timezone updated to 240 minutes west of GMT
06-08 13:34:17.142   476   476 D SAN_SERVICE: *******************************************
06-08 13:34:17.142   476   476 D SAN_SERVICE: DM App Phone Service State - 0
06-08 13:34:17.142   476   476 D SAN_SERVICE: *******************************************
06-08 13:34:18.642  1789  1791 D dalvikvm: GC_CONCURRENT freed 350K, 6% free 9348K/9927K, paused 3ms+6ms
06-08 13:34:18.661  1789  2749 I DownloadManager: Initiating request for download 88
06-08 13:34:19.876  1119  1121 D dalvikvm: GC_CONCURRENT freed 360K, 6% free 9591K/10183K, paused 26ms+2ms
06-08 13:34:20.091  1332  1332 D OpenGLRenderer: Flushing caches (mode 1)
06-08 13:34:20.118  1789  2755 I DownloadManager: deleting /data/data/com.android.providers.downloads/cache/downloadfile.jpeg
06-08 13:34:20.677  1789  2757 I DownloadManager: Initiating request for download 89
06-08 13:34:22.673  1789  1791 D dalvikvm: GC_CONCURRENT freed 428K, 6% free 9395K/9927K, paused 2ms+3ms
06-08 13:34:23.591   151   558 D dalvikvm: GC_EXPLICIT freed 481K, 10% free 14152K/15559K, paused 3ms+6ms
06-08 13:34:23.677  1402  1404 D dalvikvm: GC_CONCURRENT freed 345K, 14% free 9790K/11335K, paused 2ms+3ms
06-08 13:34:23.732  1332  1332 D OpenGLRenderer: Flushing caches (mode 1)
06-08 13:34:23.743  1789  2762 I DownloadManager: deleting /data/data/com.android.providers.downloads/cache/downloadfile.jpeg
06-08 13:34:23.947  1789  2764 I DownloadManager: Initiating request for download 90
06-08 13:34:25.111  1789  1791 D dalvikvm: GC_CONCURRENT freed 421K, 6% free 9388K/9927K, paused 1ms+3ms
06-08 13:34:25.689  1332  1332 D OpenGLRenderer: Flushing caches (mode 1)
06-08 13:34:25.911  1789  2769 I DownloadManager: deleting /data/data/com.android.providers.downloads/cache/downloadfile.jpeg
06-08 13:34:26.595  1789  2771 I DownloadManager: Initiating request for download 91
06-08 13:34:27.501   151   199 I ActivityManager: Start proc com.android.vending for service com.android.vending/com.google.android.finsky.services.DailyHygiene: pid=2773 uid=10048 gids={3003, 1015}
06-08 13:34:27.732  2773  2773 I ActivityThread: Pub com.google.android.finsky.QSBSuggestionsProvider: com.google.android.finsky.providers.QSBSuggestionsProvider
06-08 13:34:27.845  2773  2773 I ActivityThread: Pub com.google.android.finsky.AppIconProvider: com.google.android.finsky.providers.AppIconProvider
06-08 13:34:27.865  2773  2773 I ActivityThread: Pub com.google.android.finsky.RecentSuggestionsProvider: com.google.android.finsky.providers.RecentSuggestionsProvider
06-08 13:34:27.908  1789  1791 D dalvikvm: GC_CONCURRENT freed 428K, 6% free 9374K/9927K, paused 5ms+3ms
06-08 13:34:28.076  2773  2775 D dalvikvm: GC_CONCURRENT freed 217K, 4% free 9288K/9607K, paused 13ms+2ms
06-08 13:34:28.240  2773  2773 D Finsky  : [1] DailyHygiene.goMakeHygieneIfDirty: Dirty, need more hygiene.
06-08 13:34:28.388  2773  2773 D Finsky  : [1] 2.run: Loaded library for account: [J3KLysvtQI3y2S1rgUj_S2DNb1s]
06-08 13:34:28.388  2773  2773 D Finsky  : [1] 2.run: Finished loading 1 libraries.
06-08 13:34:28.462  2773  2775 D dalvikvm: GC_CONCURRENT freed 467K, 6% free 9389K/9927K, paused 3ms+3ms
06-08 13:34:28.564  1332  1332 D OpenGLRenderer: Flushing caches (mode 1)
06-08 13:34:28.732  1332  1332 D OpenGLRenderer: Flushing caches (mode 1)
06-08 13:34:28.919  1789  2809 I DownloadManager: deleting /data/data/com.android.providers.downloads/cache/downloadfile.jpeg
06-08 13:34:28.923  1789  2810 I DownloadManager: Initiating request for download 92
06-08 13:34:29.286  2773  2801 W Finsky  : [234] 1.run: Replication request received while state != IDLE, dropping.
06-08 13:34:30.040  2773  2775 D dalvikvm: GC_CONCURRENT freed 378K, 5% free 9472K/9927K, paused 8ms+4ms
06-08 13:34:30.954  1789  1791 D dalvikvm: GC_CONCURRENT freed 432K, 6% free 9372K/9927K, paused 1ms+5ms
06-08 13:34:31.083  1332  1332 D OpenGLRenderer: Flushing caches (mode 1)
06-08 13:34:31.177  2773  2775 D dalvikvm: GC_CONCURRENT freed 249K, 4% free 9621K/9991K, paused 2ms+2ms
06-08 13:34:31.177  1789  2817 I DownloadManager: deleting /data/data/com.android.providers.downloads/cache/downloadfile.jpeg
06-08 13:34:31.283  1789  2819 I DownloadManager: Initiating request for download 93
06-08 13:34:31.365  2773  2775 D dalvikvm: GC_CONCURRENT freed 446K, 6% free 9609K/10183K, paused 2ms+1ms
06-08 13:34:31.451  2773  2773 D Finsky  : [1] 3.onMutationsApplied: App library has changed, requesting content sync.
06-08 13:34:31.626  2773  2775 D dalvikvm: GC_CONCURRENT freed 406K, 6% free 9656K/10183K, paused 2ms+2ms
06-08 13:34:31.747  1332  1332 D OpenGLRenderer: Flushing caches (mode 1)
06-08 13:34:31.841  2773  2775 D dalvikvm: GC_CONCURRENT freed 357K, 5% free 9699K/10183K, paused 2ms+3ms
06-08 13:34:34.962  1119  1121 D dalvikvm: GC_CONCURRENT freed 389K, 6% free 9587K/10183K, paused 1ms+6ms
06-08 13:34:40.712  1789  1791 D dalvikvm: GC_CONCURRENT freed 410K, 6% free 9381K/9927K, paused 11ms+8ms
06-08 13:34:41.716   151   151 D dalvikvm: GC_EXPLICIT freed 814K, 9% free 14176K/15559K, paused 2ms+6ms
06-08 13:34:41.810  1402  1411 I dalvikvm: Jit: resizing JitTable from 4096 to 8192
06-08 13:34:41.822  1332  1332 D OpenGLRenderer: Flushing caches (mode 1)
06-08 13:34:41.908  1789  2831 I DownloadManager: deleting /data/data/com.android.providers.downloads/cache/downloadfile.jpeg
06-08 13:34:42.060  1789  2833 I DownloadManager: Initiating request for download 94
06-08 13:34:44.255  1789  1791 D dalvikvm: GC_CONCURRENT freed 416K, 6% free 9381K/9927K, paused 2ms+4ms
06-08 13:34:44.376  1332  1332 D OpenGLRenderer: Flushing caches (mode 1)
06-08 13:34:44.447  1789  2838 I DownloadManager: deleting /data/data/com.android.providers.downloads/cache/downloadfile.gif
06-08 13:34:44.615  1789  2840 I DownloadManager: Initiating request for download 95
06-08 13:34:46.286  1402  1404 D dalvikvm: GC_CONCURRENT freed 395K, 14% free 9789K/11335K, paused 3ms+9ms
06-08 13:34:46.314  1332  1332 D OpenGLRenderer: Flushing caches (mode 1)
06-08 13:34:46.329  1789  1791 D dalvikvm: GC_CONCURRENT freed 453K, 6% free 9342K/9927K, paused 2ms+3ms
06-08 13:34:46.345  1789  2845 I DownloadManager: deleting /data/data/com.android.providers.downloads/cache/downloadfile.gif
06-08 13:34:46.638  2773  2775 D dalvikvm: GC_CONCURRENT freed 467K, 6% free 9653K/10247K, paused 1ms+3ms
06-08 13:34:46.853   151   201 I power   : *** set_screen_state 1
06-08 13:34:46.857  1332  1332 D OpenGLRenderer: Flushing caches (mode 1)
06-08 13:34:46.892   151   201 I WindowManager: Lock screen displayed!
06-08 13:34:46.958  1332  1334 D dalvikvm: GC_CONCURRENT freed 343K, 6% free 9836K/10439K, paused 2ms+5ms
06-08 13:34:47.005  2773  2775 D dalvikvm: GC_CONCURRENT freed 486K, 6% free 9649K/10247K, paused 5ms+12ms
06-08 13:34:47.044    79   120 D SurfaceFlinger: Screen about to return, flinger = 0x8a0918
06-08 13:34:47.146  1789  2848 I DownloadManager: Initiating request for download 96
06-08 13:34:47.189  1789  2845 D dalvikvm: GC_EXPLICIT freed 131K, 7% free 9277K/9927K, paused 2ms+3ms
06-08 13:34:47.829   388   388 D PhoneStatusBar: disable: < expand icons alerts ticker system_info BACK HOME recent* CLOCK >
06-08 13:34:47.837   488   579 D NfcService: NFC-C ON
06-08 13:34:47.849    82   127 D AudioHardware: AudioHardware pcm playback is exiting standby.
06-08 13:34:47.849    82   127 D AudioHardware: openPcmOut_l() mPcmOpenCnt: 0
06-08 13:34:47.865   388   388 D PhoneStatusBar: disable: < expand icons alerts ticker system_info back* home* recent clock* >
06-08 13:34:47.892   151   471 W InputManagerService: Window already focused, ignoring focus gain of: com.android.internal.view.IInputMethodClient$Stub$Proxy@41832430
06-08 13:34:47.986  2773  2773 D Finsky  : [1] 5.onFinished: Installation state replication succeeded.
06-08 13:34:49.775  1332  1332 D OpenGLRenderer: Flushing caches (mode 1)
06-08 13:34:49.853  1789  2857 I DownloadManager: deleting /data/data/com.android.providers.downloads/cache/downloadfile.jpeg
06-08 13:34:49.958  1789  2859 I DownloadManager: Initiating request for download 97
06-08 13:34:50.001  1789  1791 D dalvikvm: GC_CONCURRENT freed 318K, 6% free 9348K/9927K, paused 5ms+3ms
06-08 13:34:50.236  1119  1121 D dalvikvm: GC_CONCURRENT freed 385K, 6% free 9587K/10183K, paused 2ms+3ms
06-08 13:34:50.919  1332  1332 D OpenGLRenderer: Flushing caches (mode 1)
06-08 13:34:50.935  1789  2865 I DownloadManager: deleting /data/data/com.android.providers.downloads/cache/downloadfile.png
06-08 13:34:51.017    82   127 D AudioHardware: AudioHardware pcm playback is going to standby.
06-08 13:34:51.017    82   127 D AudioHardware: closePcmOut_l() mPcmOpenCnt: 1
06-08 13:34:51.240   151   162 D dalvikvm: GC_EXPLICIT freed 920K, 10% free 14060K/15559K, paused 11ms+7ms
06-08 13:34:51.247  1789  2867 I DownloadManager: Initiating request for download 98
06-08 13:34:51.517  1789  1791 D dalvikvm: GC_CONCURRENT freed 416K, 6% free 9382K/9927K, paused 3ms+3ms
06-08 13:34:52.380  1332  1332 D OpenGLRenderer: Flushing caches (mode 1)
06-08 13:34:52.427  1789  2872 I DownloadManager: deleting /data/data/com.android.providers.downloads/cache/downloadfile.jpeg
06-08 13:34:52.552  1789  2874 I DownloadManager: Initiating request for download 99
06-08 13:34:53.872  1789  1791 D dalvikvm: GC_CONCURRENT freed 466K, 6% free 9347K/9927K, paused 4ms+4ms
06-08 13:34:54.435  1332  1332 D OpenGLRenderer: Flushing caches (mode 1)
06-08 13:34:54.517  1789  2879 I DownloadManager: deleting /data/data/com.android.providers.downloads/cache/downloadfile.png
06-08 13:34:54.646  1789  2881 I DownloadManager: Initiating request for download 100
06-08 13:34:55.681  1789  1791 D dalvikvm: GC_CONCURRENT freed 403K, 6% free 9390K/9927K, paused 2ms+4ms
06-08 13:34:57.404  1332  1332 D OpenGLRenderer: Flushing caches (mode 1)
06-08 13:34:57.661  1789  2887 I DownloadManager: deleting /data/data/com.android.providers.downloads/cache/downloadfile.gif
06-08 13:34:57.810  1789  2889 I DownloadManager: Initiating request for download 101
06-08 13:34:59.451  1789  1791 D dalvikvm: GC_CONCURRENT freed 426K, 6% free 9385K/9927K, paused 7ms+4ms
06-08 13:34:59.497  1789  2893 I DownloadManager: deleting /data/data/com.android.providers.downloads/cache/downloadfile.gif
06-08 13:34:59.521  1332  1332 D OpenGLRenderer: Flushing caches (mode 1)
06-08 13:34:59.701  1402  1404 D dalvikvm: GC_CONCURRENT freed 386K, 14% free 9788K/11335K, paused 2ms+4ms
06-08 13:34:59.736  1789  2896 I DownloadManager: Initiating request for download 102
06-08 13:35:00.763  1119  1121 D dalvikvm: GC_CONCURRENT freed 392K, 6% free 9583K/10183K, paused 2ms+3ms
06-08 13:35:01.130   476   476 D SAN_SERVICE: *******************************************
06-08 13:35:01.130   476   476 D SAN_SERVICE: DM App Phone Service State - 0
06-08 13:35:01.130   476   476 D SAN_SERVICE: *******************************************
06-08 13:35:01.349   151   151 D AlarmManagerService: Kernel timezone updated to 240 minutes west of GMT
06-08 13:35:01.376   476   476 D SAN_SERVICE: *******************************************
06-08 13:35:01.376   476   476 D SAN_SERVICE: DM App Phone Service State - 0
06-08 13:35:01.376   476   476 D SAN_SERVICE: *******************************************
06-08 13:35:01.579  1332  1332 D OpenGLRenderer: Flushing caches (mode 1)
06-08 13:35:01.595   151   560 I ActivityManager: Process android.process.acore (pid 563) has died.
06-08 13:35:01.595   151   560 D CountryDetector: No listener is left
06-08 13:35:01.661  1789  1791 D dalvikvm: GC_CONCURRENT freed 431K, 6% free 9365K/9927K, paused 1ms+3ms
06-08 13:35:01.681  1789  2903 I DownloadManager: deleting /data/data/com.android.providers.downloads/cache/downloadfile.gif
06-08 13:35:03.181   151   503 D dalvikvm: GC_EXPLICIT freed 1396K, 15% free 13273K/15559K, paused 9ms+7ms
06-08 13:35:03.189  1789  2905 I DownloadManager: Initiating request for download 103
06-08 13:35:04.388  1332  1332 D OpenGLRenderer: Flushing caches (mode 1)
06-08 13:35:04.568  1789  2911 I DownloadManager: deleting /data/data/com.android.providers.downloads/cache/downloadfile.gif
06-08 13:35:04.576  1789  2912 I DownloadManager: Initiating request for download 104
06-08 13:35:04.704  1789  1791 D dalvikvm: GC_CONCURRENT freed 413K, 6% free 9379K/9927K, paused 7ms+10ms
06-08 13:35:05.361  1332  1332 D OpenGLRenderer: Flushing caches (mode 1)
06-08 13:35:05.404  1789  2919 I DownloadManager: deleting /data/data/com.android.providers.downloads/cache/downloadfile.gif
06-08 13:35:05.556  1789  2921 I DownloadManager: Initiating request for download 105
06-08 13:35:05.900  1789  1791 D dalvikvm: GC_CONCURRENT freed 432K, 6% free 9367K/9927K, paused 9ms+14ms
06-08 13:35:06.212   476   476 D SAN_SERVICE: *******************************************
06-08 13:35:06.212   476   476 D SAN_SERVICE: DM App Phone Service State - 0
06-08 13:35:06.212   476   476 D SAN_SERVICE: *******************************************
06-08 13:35:06.564  1789  1801 D dalvikvm: GC_EXPLICIT freed 276K, 7% free 9305K/9927K, paused 3ms+4ms
06-08 13:35:06.661  1332  1332 D OpenGLRenderer: Flushing caches (mode 1)
06-08 13:35:06.740  1789  2926 I DownloadManager: deleting /data/data/com.android.providers.downloads/cache/downloadfile.gif
06-08 13:35:06.853  1789  2928 I DownloadManager: Initiating request for download 106
06-08 13:35:08.935  1332  1332 D OpenGLRenderer: Flushing caches (mode 1)
06-08 13:35:09.001  1789  1791 D dalvikvm: GC_CONCURRENT freed 348K, 6% free 9355K/9927K, paused 3ms+6ms
06-08 13:35:09.091  1789  2934 I DownloadManager: deleting /data/data/com.android.providers.downloads/cache/downloadfile.gif
06-08 13:35:09.232  1789  2936 I DownloadManager: Initiating request for download 107
06-08 13:35:10.298  1332  1332 D OpenGLRenderer: Flushing caches (mode 1)
06-08 13:35:10.372  1402  1404 D dalvikvm: GC_CONCURRENT freed 394K, 14% free 9786K/11335K, paused 9ms+6ms
06-08 13:35:10.396  1789  2941 I DownloadManager: deleting /data/data/com.android.providers.downloads/cache/downloadfile.gif
06-08 13:35:10.654   151   162 D dalvikvm: GC_EXPLICIT freed 425K, 15% free 13271K/15559K, paused 7ms+6ms
06-08 13:35:10.677  1789  2943 I DownloadManager: Initiating request for download 108
06-08 13:35:10.712  1789  1791 D dalvikvm: GC_CONCURRENT freed 421K, 6% free 9384K/9927K, paused 2ms+4ms
06-08 13:35:10.915  1119  1121 D dalvikvm: GC_CONCURRENT freed 388K, 6% free 9584K/10183K, paused 2ms+2ms
06-08 13:35:11.673  1332  1332 D OpenGLRenderer: Flushing caches (mode 1)
06-08 13:35:12.861    82   127 D AudioHardware: AudioHardware pcm playback is exiting standby.
06-08 13:35:12.861    82   127 D AudioHardware: openPcmOut_l() mPcmOpenCnt: 0
06-08 13:35:13.181  1789  2951 I DownloadManager: deleting /data/data/com.android.providers.downloads/cache/downloadfile.gif
06-08 13:35:13.204  1789  2952 I DownloadManager: Initiating request for download 109
06-08 13:35:14.091  1789  1791 D dalvikvm: GC_CONCURRENT freed 443K, 6% free 9355K/9927K, paused 3ms+10ms
06-08 13:35:14.243   151   503 I ActivityManager: START {act=android.intent.action.MAIN cat=[android.intent.category.LAUNCHER] flg=0x10200000 cmp=edu.buffalo.cse.phonelab.phonelabservices/.PhoneLabMainView} from pid 1643
06-08 13:35:14.376  1643  1643 D OpenGLRenderer: Flushing caches (mode 1)
06-08 13:35:14.548  1643  1643 D OpenGLRenderer: Flushing caches (mode 0)
06-08 13:35:14.634  1278  1280 D dalvikvm: GC_CONCURRENT freed 427K, 6% free 9155K/9671K, paused 34ms+4ms
06-08 13:35:14.658  1278  1278 I PhoneLab-PhoneLabMainView: Rescheduling periodic checking...
06-08 13:35:14.661  1278  1278 I System.out: /data/data/edu.buffalo.cse.phonelab.phonelabservices
06-08 13:35:14.763  1278  1278 D libEGL  : loaded /system/lib/egl/libGLES_android.so
06-08 13:35:14.771  1278  1278 D libEGL  : loaded /vendor/lib/egl/libEGL_POWERVR_SGX540_120.so
06-08 13:35:14.806  1278  1278 D libEGL  : loaded /vendor/lib/egl/libGLESv1_CM_POWERVR_SGX540_120.so
06-08 13:35:14.814  1278  1278 D libEGL  : loaded /vendor/lib/egl/libGLESv2_POWERVR_SGX540_120.so
06-08 13:35:14.833   151   167 I Process : Sending signal. PID: 1278 SIG: 3
06-08 13:35:14.837  1278  1283 I dalvikvm: threadid=3: reacting to signal 3
06-08 13:35:14.876  1278  1283 I dalvikvm: Wrote stack traces to '/data/anr/traces.txt'
06-08 13:35:14.923  1278  1278 D OpenGLRenderer: Enabling debug mode 0
06-08 13:35:14.954   151   560 W InputManagerService: Starting input on non-focused client com.android.internal.view.IInputMethodClient$Stub$Proxy@4163d9c0 (uid=10027 pid=1643)
06-08 13:35:15.029  1402  1404 D dalvikvm: GC_CONCURRENT freed 325K, 14% free 9849K/11335K, paused 20ms+5ms
06-08 13:35:15.193   151   200 I ActivityManager: Displayed edu.buffalo.cse.phonelab.phonelabservices/.PhoneLabMainView: +868ms
06-08 13:35:15.560  1402  1404 D dalvikvm: GC_CONCURRENT freed 434K, 14% free 9800K/11335K, paused 1ms+3ms
06-08 13:35:15.786  1402  1404 D dalvikvm: GC_CONCURRENT freed 390K, 14% free 9832K/11335K, paused 1ms+3ms
06-08 13:35:16.158  1402  1404 D dalvikvm: GC_CONCURRENT freed 422K, 14% free 9796K/11335K, paused 2ms+3ms
06-08 13:35:16.501  1402  1404 D dalvikvm: GC_CONCURRENT freed 359K, 14% free 9827K/11335K, paused 3ms+3ms
06-08 13:35:16.798  1402  1404 D dalvikvm: GC_CONCURRENT freed 385K, 14% free 9828K/11335K, paused 2ms+3ms
06-08 13:35:17.204    82   127 D AudioHardware: AudioHardware pcm playback is going to standby.
06-08 13:35:17.204    82   127 D AudioHardware: closePcmOut_l() mPcmOpenCnt: 1
06-08 13:35:17.247  1402  1404 D dalvikvm: GC_CONCURRENT freed 430K, 14% free 9785K/11335K, paused 4ms+3ms
06-08 13:35:17.529  1402  1404 D dalvikvm: GC_CONCURRENT freed 312K, 14% free 9860K/11335K, paused 3ms+4ms
06-08 13:35:17.962  1278  1278 I PhoneLab-PhoneLabMainView: Settings will be shown
06-08 13:35:17.962   151   558 I ActivityManager: START {cmp=edu.buffalo.cse.phonelab.phonelabservices/.SettingsView} from pid 1278
06-08 13:35:17.982    82   127 D AudioHardware: AudioHardware pcm playback is exiting standby.
06-08 13:35:17.982    82   127 D AudioHardware: openPcmOut_l() mPcmOpenCnt: 0
06-08 13:35:18.025  1402  1404 D dalvikvm: GC_CONCURRENT freed 446K, 14% free 9815K/11335K, paused 3ms+12ms
06-08 13:35:18.247   151   200 I ActivityManager: Displayed edu.buffalo.cse.phonelab.phonelabservices/.SettingsView: +251ms
06-08 13:35:18.255  1278  1278 D OpenGLRenderer: Flushing caches (mode 0)
06-08 13:35:18.642  1402  1404 D dalvikvm: GC_CONCURRENT freed 348K, 13% free 9928K/11335K, paused 2ms+3ms
06-08 13:35:19.033  1402  1404 D dalvikvm: GC_CONCURRENT freed 446K, 13% free 9870K/11335K, paused 3ms+4ms
06-08 13:35:19.318  1402  1404 D dalvikvm: GC_CONCURRENT freed 406K, 14% free 9850K/11335K, paused 3ms+3ms
06-08 13:35:19.576   151   917 D AlarmManagerService: Kernel timezone updated to 240 minutes west of GMT
06-08 13:35:19.650  1402  1404 D dalvikvm: GC_CONCURRENT freed 400K, 14% free 9834K/11335K, paused 7ms+4ms
06-08 13:35:19.833  1402  1404 D dalvikvm: GC_CONCURRENT freed 435K, 14% free 9784K/11335K, paused 2ms+3ms
06-08 13:35:19.993  1402  1404 D dalvikvm: GC_CONCURRENT freed 382K, 14% free 9789K/11335K, paused 2ms+2ms
06-08 13:35:20.177  1402  1404 D dalvikvm: GC_CONCURRENT freed 354K, 14% free 9830K/11335K, paused 2ms+2ms
06-08 13:35:20.322  1402  1404 D dalvikvm: GC_CONCURRENT freed 354K, 13% free 9864K/11335K, paused 2ms+2ms
06-08 13:35:20.552  1402  1404 D dalvikvm: GC_CONCURRENT freed 453K, 14% free 9810K/11335K, paused 1ms+4ms
06-08 13:35:20.595   476   476 D SAN_SERVICE: *******************************************
06-08 13:35:20.595   476   476 D SAN_SERVICE: DM App Phone Service State - 0
06-08 13:35:20.595   476   476 D SAN_SERVICE: *******************************************
06-08 13:35:20.861   151   153 D dalvikvm: GC_CONCURRENT freed 775K, 14% free 13433K/15559K, paused 3ms+7ms
06-08 13:35:20.884  1402  1404 D dalvikvm: GC_CONCURRENT freed 377K, 14% free 9823K/11335K, paused 2ms+10ms
06-08 13:35:21.025  1402  1404 D dalvikvm: GC_CONCURRENT freed 305K, 13% free 9914K/11335K, paused 2ms+3ms
06-08 13:35:21.076    82   127 D AudioHardware: AudioHardware pcm playback is going to standby.
06-08 13:35:21.076    82   127 D AudioHardware: closePcmOut_l() mPcmOpenCnt: 1
06-08 13:35:21.193  1402  1404 D dalvikvm: GC_CONCURRENT freed 434K, 13% free 9883K/11335K, paused 3ms+3ms
06-08 13:35:21.470  1402  1404 D dalvikvm: GC_CONCURRENT freed 337K, 13% free 9933K/11335K, paused 2ms+2ms
06-08 13:35:21.716  1278  1278 D OpenGLRenderer: Flushing caches (mode 0)
06-08 13:35:21.720  1402  1404 D dalvikvm: GC_CONCURRENT freed 517K, 14% free 9802K/11335K, paused 2ms+69ms
06-08 13:35:21.966  1402  1404 D dalvikvm: GC_CONCURRENT freed 394K, 14% free 9841K/11335K, paused 2ms+2ms
06-08 13:35:22.138  1402  1404 D dalvikvm: GC_CONCURRENT freed 422K, 14% free 9839K/11335K, paused 1ms+3ms
06-08 13:35:22.337  1402  1404 D dalvikvm: GC_CONCURRENT freed 435K, 14% free 9808K/11335K, paused 2ms+3ms
06-08 13:35:22.517  1119  1121 D dalvikvm: GC_CONCURRENT freed 386K, 6% free 9586K/10183K, paused 7ms+4ms
06-08 13:35:22.634  1402  1404 D dalvikvm: GC_CONCURRENT freed 374K, 14% free 9820K/11335K, paused 2ms+5ms
06-08 13:35:22.892  1402  1404 D dalvikvm: GC_CONCURRENT freed 435K, 14% free 9784K/11335K, paused 2ms+3ms
06-08 13:35:23.056  1402  1404 D dalvikvm: GC_CONCURRENT freed 286K, 13% free 9922K/11335K, paused 3ms+2ms
06-08 13:35:23.372  1402  1404 D dalvikvm: GC_CONCURRENT freed 415K, 13% free 9893K/11335K, paused 2ms+3ms
06-08 13:35:23.743  1278  1278 I PhoneLab-PhoneLabMainView: See All applications
06-08 13:35:23.747   151   560 I ActivityManager: START {cmp=edu.buffalo.cse.phonelab.phonelabservices/.ApplicationList} from pid 1278
06-08 13:35:23.759    82   127 D AudioHardware: AudioHardware pcm playback is exiting standby.
06-08 13:35:23.759    82   127 D AudioHardware: openPcmOut_l() mPcmOpenCnt: 0
06-08 13:35:23.865  1278  1278 E PhoneLab-PhoneLabManifest: java.io.FileNotFoundException: /data/data/edu.buffalo.cse.phonelab.phonelabservices/files/manifest.xml: open failed: ENOENT (No such file or directory)
06-08 13:35:23.978   151   200 I ActivityManager: Displayed edu.buffalo.cse.phonelab.phonelabservices/.ApplicationList: +206ms
06-08 13:35:23.986  1278  1278 D OpenGLRenderer: Flushing caches (mode 0)
06-08 13:35:24.060  1402  1404 D dalvikvm: GC_CONCURRENT freed 361K, 13% free 9918K/11335K, paused 3ms+2ms
06-08 13:35:24.431  1402  1404 D dalvikvm: GC_CONCURRENT freed 586K, 14% free 9840K/11335K, paused 1ms+4ms
06-08 13:35:24.665  1278  1278 I PhoneLab-Locks: wake lock acquired
06-08 13:35:24.677  1278  2975 W PhoneLab-PeriodicCheckService: User info is not synched yet
06-08 13:35:24.689  1278  2975 I PhoneLab-PeriodicCheckService: Logger Service is running
06-08 13:35:24.697  1278  1278 I PhoneLab-Locks: wake lock acquired
06-08 13:35:24.704  1278  1278 I PhoneLab-StatusMonitor: Status Monitoring is started
06-08 13:35:24.712  1278  1278 E PhoneLab-PhoneLabManifest: java.io.FileNotFoundException: /data/data/edu.buffalo.cse.phonelab.phonelabservices/files/manifest.xml: open failed: ENOENT (No such file or directory)
06-08 13:35:24.712  1278  1278 I PhoneLab-Locks: wake lock released
06-08 13:35:24.716  1278  2975 I PhoneLab-Locks: wake lock acquired
06-08 13:35:24.720  1278  1278 I PhoneLab-UploadLogs: Transfering log files now
06-08 13:35:24.720  1278  2975 I PhoneLab-PeriodicCheckService: Rescheduling periodic checking...
06-08 13:35:24.724  1278  2975 I PhoneLab-Locks: wake lock released
06-08 13:35:24.841  1278  1280 D dalvikvm: GC_CONCURRENT freed 354K, 5% free 9374K/9799K, paused 2ms+4ms
06-08 13:35:24.884  1278  1278 D dalvikvm: GC_FOR_ALLOC freed 278K, 6% free 9424K/9991K, paused 15ms
06-08 13:35:24.884  1278  1278 I dalvikvm-heap: Grow heap (frag case) to 9.515MB for 254548-byte allocation
06-08 13:35:24.900  1278  1278 D dalvikvm: GC_FOR_ALLOC freed 120K, 7% free 9552K/10247K, paused 14ms
06-08 13:35:24.904  1278  1278 I dalvikvm-heap: Grow heap (frag case) to 9.890MB for 516692-byte allocation
06-08 13:35:24.931  1278  1280 D dalvikvm: GC_CONCURRENT freed 248K, 9% free 9808K/10759K, paused 1ms+2ms
06-08 13:35:24.939  1278  1278 I PhoneLab-UploadLogs: OnStartCommand
06-08 13:35:25.193  1789  1791 D dalvikvm: GC_CONCURRENT freed 477K, 7% free 9317K/9927K, paused 2ms+2ms
06-08 13:35:25.193   718   720 D dalvikvm: GC_CONCURRENT freed 400K, 11% free 10355K/11591K, paused 45ms+4ms
06-08 13:35:25.240  1402  1404 D dalvikvm: GC_CONCURRENT freed 465K, 14% free 9811K/11335K, paused 2ms+2ms
06-08 13:35:25.353  1278  1278 I PhoneLab-RegistrationReceiver: C2DM Registration Receiver is fired
06-08 13:35:25.353  1278  1278 I PhoneLab-Locks: wake lock acquired
06-08 13:35:25.533  1278  1278 I PhoneLab-RegistrationReceiver: Shared Preferences Settings updated successfully
06-08 13:35:25.540  1278  2984 I PhoneLab-RegistrationService: C2DM Registration Service is started!
06-08 13:35:25.540  1278  2984 I PhoneLab-RegistrationService: Registration Id: APA91bEra29OF2aUaLu6VRrTktGfLOHAlwIL3FOr2eioFxTagi7ktVoq40Ltr3A_4TOjknTPtv84TC5UwS6DJ9EcuOawFiUnLOrpk3HDj5KB0FX5uEY5sd8SFZ4_GWfl5Ch8YO8w43XKSGAvTlRyDKPDuVydDaQHbK0CVHrgWmAQW8V0xS-JdjINB28A5sMWpvPBKoJnG_80
06-08 13:35:25.540  1278  2984 I PhoneLab-RegistrationService: Sending registration ID to server
06-08 13:35:26.240  1278  2984 I PhoneLab-RegistrationService: {"data": {"id": "A000002A28E207", "email": "phonelab@gmail.com", "reg_id": "APA91bEra29OF2aUaLu6VRrTktGfLOHAlwIL3FOr2eioFxTagi7ktVoq40Ltr3A_4TOjknTPtv84TC5UwS6DJ9EcuOawFiUnLOrpk3HDj5KB0FX5uEY5sd8SFZ4_GWfl5Ch8YO8w43XKSGAvTlRyDKPDuVydDaQHbK0CVHrgWmAQW8V0xS-JdjINB28A5sMWpvPBKoJnG_80", "collapse_key": "", "last_messaged": "", "failed_push": false, "update_interval": "10", "active": "", "created": "2012-06-08T12:35:26.878370", "updated": "2012-06-08T12:35:26.878408"}, "error": ""}
06-08 13:35:26.255  1278  2984 I PhoneLab-RegistrationService: Shared Preferences Settings updated successfully
06-08 13:35:26.255  1278  2984 I PhoneLab-RegistrationService: C2DM Registration Service is done!
06-08 13:35:26.255  1278  2984 I PhoneLab-Locks: wake lock released
06-08 13:35:26.579  1789  2985 I DownloadManager: deleting /data/data/com.android.providers.downloads/cache/downloadfile.jpeg
06-08 13:35:26.603  1332  1332 D OpenGLRenderer: Flushing caches (mode 1)
06-08 13:35:26.603  1402  1404 D dalvikvm: GC_CONCURRENT freed 411K, 14% free 9795K/11335K, paused 8ms+5ms
06-08 13:35:26.853    82   127 D AudioHardware: AudioHardware pcm playback is going to standby.
06-08 13:35:26.853    82   127 D AudioHardware: closePcmOut_l() mPcmOpenCnt: 1
06-08 13:35:26.857  1789  2987 I DownloadManager: Initiating request for download 110
06-08 13:35:28.169  1278  2979 D dalvikvm: GC_FOR_ALLOC freed 346K, 9% free 9832K/10759K, paused 54ms
06-08 13:35:28.189  1278  2979 D dalvikvm: GC_FOR_ALLOC freed 328K, 9% free 9804K/10759K, paused 15ms
06-08 13:35:28.208  1278  2979 D dalvikvm: GC_FOR_ALLOC freed 301K, 9% free 9805K/10759K, paused 16ms
06-08 13:35:28.228  1278  2979 D dalvikvm: GC_FOR_ALLOC freed 301K, 9% free 9806K/10759K, paused 17ms
06-08 13:35:28.454  1789  1791 D dalvikvm: GC_CONCURRENT freed 355K, 6% free 9350K/9927K, paused 14ms+3ms
06-08 13:35:28.630  1332  1332 D OpenGLRenderer: Flushing caches (mode 1)
06-08 13:35:28.716  1789  2995 I DownloadManager: deleting /data/data/com.android.providers.downloads/cache/downloadfile.jpeg
06-08 13:35:28.853  1789  2997 I DownloadManager: Initiating request for download 111
06-08 13:35:28.857  1278  1278 I PhoneLab-: 1339176474728.log is deleted
06-08 13:35:28.857  1278  1278 I PhoneLab-: Response: {"data": "done", "err": ""}
06-08 13:35:28.857  1278  1278 I PhoneLab-UploadLogs: No log files to transfer
06-08 13:35:28.857  1278  1278 I PhoneLab-Locks: wake lock released
06-08 13:35:30.939   476   476 D SAN_SERVICE: *******************************************
06-08 13:35:30.939   476   476 D SAN_SERVICE: DM App Phone Service State - 0
06-08 13:35:30.939   476   476 D SAN_SERVICE: *******************************************
06-08 13:35:31.048   151   153 D dalvikvm: GC_CONCURRENT freed 987K, 14% free 13443K/15559K, paused 8ms+6ms
06-08 13:35:33.970  1789  1791 D dalvikvm: GC_CONCURRENT freed 414K, 6% free 9388K/9927K, paused 3ms+5ms
06-08 13:35:34.025  1789  3004 I DownloadManager: deleting /data/data/com.android.providers.downloads/cache/downloadfile.jpeg
06-08 13:35:34.068   151   558 D dalvikvm: GC_EXPLICIT freed 86K, 14% free 13398K/15559K, paused 3ms+8ms
06-08 13:35:34.087  1332  1332 D OpenGLRenderer: Flushing caches (mode 1)
06-08 13:35:34.341  1789  3007 I DownloadManager: Initiating request for download 112
06-08 13:35:34.533  1119  1121 D dalvikvm: GC_CONCURRENT freed 386K, 6% free 9587K/10183K, paused 2ms+3ms
06-08 13:35:35.326  1332  1332 D OpenGLRenderer: Flushing caches (mode 1)
06-08 13:35:35.443  1789  1791 D dalvikvm: GC_CONCURRENT freed 451K, 6% free 9341K/9927K, paused 2ms+3ms
06-08 13:35:35.560  1789  3014 I DownloadManager: deleting /data/data/com.android.providers.downloads/cache/downloadfile.jpeg
06-08 13:35:35.587  1789  3015 I DownloadManager: Initiating request for download 113
06-08 13:35:37.083  1332  1332 D OpenGLRenderer: Flushing caches (mode 1)
06-08 13:35:37.322  1789  3023 I DownloadManager: deleting /data/data/com.android.providers.downloads/cache/downloadfile.gif
06-08 13:35:37.583  1789  1791 D dalvikvm: GC_CONCURRENT freed 386K, 6% free 9344K/9927K, paused 4ms+6ms
06-08 13:35:37.646  1789  3025 I DownloadManager: Initiating request for download 114
06-08 13:35:38.025  1278  1278 D OpenGLRenderer: Flushing caches (mode 0)
06-08 13:35:38.857  1332  1332 D OpenGLRenderer: Flushing caches (mode 1)
06-08 13:35:38.892  1789  1801 D dalvikvm: GC_EXPLICIT freed 326K, 7% free 9319K/9927K, paused 2ms+4ms
06-08 13:35:39.025  1278  1278 I PhoneLab-PhoneLabMainView: See All applications
06-08 13:35:39.040   151   505 I ActivityManager: START {cmp=edu.buffalo.cse.phonelab.phonelabservices/.ApplicationList} from pid 1278
06-08 13:35:39.068    82   127 D AudioHardware: AudioHardware pcm playback is exiting standby.
06-08 13:35:39.068    82   127 D AudioHardware: openPcmOut_l() mPcmOpenCnt: 0
06-08 13:35:39.158  1278  1278 E PhoneLab-PhoneLabManifest: java.io.FileNotFoundException: /data/data/edu.buffalo.cse.phonelab.phonelabservices/files/manifest.xml: open failed: ENOENT (No such file or directory)
06-08 13:35:39.181  1278  1280 D dalvikvm: GC_CONCURRENT freed 879K, 14% free 9350K/10759K, paused 2ms+7ms
06-08 13:35:39.220  1789  3032 I DownloadManager: deleting /data/data/com.android.providers.downloads/cache/downloadfile.gif
06-08 13:35:39.259   151   200 I ActivityManager: Displayed edu.buffalo.cse.phonelab.phonelabservices/.ApplicationList: +171ms
06-08 13:35:39.267  1278  1278 D OpenGLRenderer: Flushing caches (mode 0)
06-08 13:35:39.501  1789  3036 I DownloadManager: Initiating request for download 115
06-08 13:35:40.064   151   151 D dalvikvm: GC_FOR_ALLOC freed 596K, 14% free 13444K/15559K, paused 63ms
06-08 13:35:40.158  1278  1278 D OpenGLRenderer: Flushing caches (mode 0)
06-08 13:35:42.161    82   127 D AudioHardware: AudioHardware pcm playback is going to standby.
06-08 13:35:42.161    82   127 D AudioHardware: closePcmOut_l() mPcmOpenCnt: 1
06-08 13:35:42.435  1278  1278 I PhoneLab-PhoneLabMainView: Logs will be shown
06-08 13:35:42.439   151   503 I ActivityManager: START {cmp=edu.buffalo.cse.phonelab.phonelabservices/.LogListView} from pid 1278
06-08 13:35:42.466    82   127 D AudioHardware: AudioHardware pcm playback is exiting standby.
06-08 13:35:42.466    82   127 D AudioHardware: openPcmOut_l() mPcmOpenCnt: 0
06-08 13:35:42.497  1278  1278 I PhoneLab-LogListView: No log files to show
06-08 13:35:42.603   151   200 I ActivityManager: Displayed edu.buffalo.cse.phonelab.phonelabservices/.LogListView: +137ms
06-08 13:35:42.611  1278  1278 D OpenGLRenderer: Flushing caches (mode 0)
06-08 13:35:43.333   151   560 D dalvikvm: GC_FOR_ALLOC freed 420K, 14% free 13425K/15559K, paused 62ms
06-08 13:35:43.470  1278  1278 D OpenGLRenderer: Flushing caches (mode 0)
06-08 13:35:43.759  1332  1332 D OpenGLRenderer: Flushing caches (mode 1)
06-08 13:35:43.810  1789  1791 D dalvikvm: GC_CONCURRENT freed 357K, 6% free 9358K/9927K, paused 1ms+3ms
06-08 13:35:43.849  1789  3047 I DownloadManager: deleting /data/data/com.android.providers.downloads/cache/downloadfile.jpeg
06-08 13:35:43.993  1789  3049 I DownloadManager: Initiating request for download 116
06-08 13:35:44.001  1278  1278 I PhoneLab-PhoneLabMainView: Info will be shown
06-08 13:35:44.009   151   917 I ActivityManager: START {act=android.intent.action.VIEW dat=http://www.phone-lab.org cmp=com.android.browser/.BrowserActivity} from pid 1278
06-08 13:35:44.236  1899  1899 D dalvikvm: GC_FOR_ALLOC freed 218K, 4% free 10705K/11143K, paused 38ms
06-08 13:35:44.368  1899  1939 D dalvikvm: GC_FOR_ALLOC freed 112K, 6% free 10764K/11335K, paused 29ms
06-08 13:35:44.368  1899  1939 I dalvikvm-heap: Grow heap (frag case) to 10.745MB for 172816-byte allocation
06-08 13:35:44.396  1899  1899 D dalvikvm: GC_FOR_ALLOC freed <1K, 6% free 10933K/11527K, paused 16ms
06-08 13:35:44.439  1899  1899 D WebViewTimersControl: onBrowserActivityResume
06-08 13:35:44.439  1899  1899 D WebViewTimersControl: Resuming webview timers, view=com.android.browser.BrowserWebView@413e1d30
06-08 13:35:44.474  1899  1899 W BaseUi  : mMainView is already attached to wrapper in attachTabToContentView!
06-08 13:35:44.474  1899  1899 W BaseUi  : mContainer is already attached to content in attachTabToContentView!
06-08 13:35:44.548   151   167 I Process : Sending signal. PID: 1899 SIG: 3
06-08 13:35:44.548  1899  1903 I dalvikvm: threadid=3: reacting to signal 3
06-08 13:35:44.622  1899  1903 I dalvikvm: Wrote stack traces to '/data/anr/traces.txt'
06-08 13:35:44.767  1899  1899 W webcore : java.lang.Throwable: EventHub.removeMessages(int what = 107) is not supported before the WebViewCore is set up.
06-08 13:35:44.767  1899  1899 W webcore : 	at android.webkit.WebViewCore$EventHub.removeMessages(WebViewCore.java:1683)
06-08 13:35:44.767  1899  1899 W webcore : 	at android.webkit.WebViewCore$EventHub.access$7900(WebViewCore.java:926)
06-08 13:35:44.767  1899  1899 W webcore : 	at android.webkit.WebViewCore.removeMessages(WebViewCore.java:1795)
06-08 13:35:44.767  1899  1899 W webcore : 	at android.webkit.WebView.sendOurVisibleRect(WebView.java:2917)
06-08 13:35:44.767  1899  1899 W webcore : 	at android.webkit.ZoomManager.setZoomScale(ZoomManager.java:593)
06-08 13:35:44.767  1899  1899 W webcore : 	at android.webkit.ZoomManager.access$1700(ZoomManager.java:49)
06-08 13:35:44.767  1899  1899 W webcore : 	at android.webkit.ZoomManager$PostScale.run(ZoomManager.java:984)
06-08 13:35:44.767  1899  1899 W webcore : 	at android.os.Handler.handleCallback(Handler.java:605)
06-08 13:35:44.767  1899  1899 W webcore : 	at android.os.Handler.dispatchMessage(Handler.java:92)
06-08 13:35:44.767  1899  1899 W webcore : 	at android.os.Looper.loop(Looper.java:137)
06-08 13:35:44.767  1899  1899 W webcore : 	at android.app.ActivityThread.main(ActivityThread.java:4424)
06-08 13:35:44.767  1899  1899 W webcore : 	at java.lang.reflect.Method.invokeNative(Native Method)
06-08 13:35:44.767  1899  1899 W webcore : 	at java.lang.reflect.Method.invoke(Method.java:511)
06-08 13:35:44.767  1899  1899 W webcore : 	at com.android.internal.os.ZygoteInit$MethodAndArgsCaller.run(ZygoteInit.java:784)
06-08 13:35:44.767  1899  1899 W webcore : 	at com.android.internal.os.ZygoteInit.main(ZygoteInit.java:551)
06-08 13:35:44.767  1899  1899 W webcore : 	at dalvik.system.NativeStart.main(Native Method)
06-08 13:35:44.810  1278  1278 D OpenGLRenderer: Flushing caches (mode 0)
06-08 13:35:44.861  1278  1278 D OpenGLRenderer: Flushing caches (mode 1)
06-08 13:35:45.408  1899  1899 W Tab     : Failed to save back/forward list for http://www.phone-lab.org/
06-08 13:35:45.470   151   560 D dalvikvm: GC_EXPLICIT freed 411K, 14% free 13439K/15559K, paused 10ms+7ms
06-08 13:35:45.478  1402  1404 D dalvikvm: GC_CONCURRENT freed 370K, 14% free 9818K/11335K, paused 8ms+9ms
06-08 13:35:45.572  1332  1332 D OpenGLRenderer: Flushing caches (mode 1)
06-08 13:35:45.673  1789  3056 I DownloadManager: deleting /data/data/com.android.providers.downloads/cache/downloadfile.jpeg
06-08 13:35:45.868  1789  3058 I DownloadManager: Initiating request for download 117
06-08 13:35:45.931  1789  1791 D dalvikvm: GC_CONCURRENT freed 438K, 6% free 9359K/9927K, paused 8ms+3ms
06-08 13:35:46.036  1899  1923 I SqliteDatabaseCpp: sqlite returned: error code = 1, msg = no such table: Permissions, db=/data/data/com.android.browser/databases/webview.db
06-08 13:35:46.044  1899  1899 D webviewglue: nativeDestroy view: 0x822db8
06-08 13:35:46.052   151   471 I ActivityManager: moveTaskToBack: 15
06-08 13:35:46.099  1899  1923 I SqliteDatabaseCpp: sqlite returned: error code = 1, msg = no such table: Permissions, db=/data/data/com.android.browser/databases/webview.db
06-08 13:35:46.099  1899  1899 D WebViewTimersControl: onBrowserActivityPause
06-08 13:35:46.099  1899  1899 D WebViewTimersControl: Pausing webview timers, view=com.android.browser.BrowserWebView@413f0448
06-08 13:35:46.251  1899  1899 D OpenGLRenderer: Flushing caches (mode 0)
06-08 13:35:46.275   151   560 W InputManagerService: Window already focused, ignoring focus gain of: com.android.internal.view.IInputMethodClient$Stub$Proxy@413df8a8
06-08 13:35:46.392  1899  1899 D OpenGLRenderer: Flushing caches (mode 1)
06-08 13:35:46.693  1643  1671 D dalvikvm: GC_FOR_ALLOC freed 2114K, 36% free 11953K/18567K, paused 59ms
06-08 13:35:46.810  1643  1645 D dalvikvm: GC_CONCURRENT freed 69K, 32% free 12810K/18567K, paused 2ms+9ms
06-08 13:35:46.845   151   167 I Process : Sending signal. PID: 1643 SIG: 3
06-08 13:35:46.849  1643  1648 I dalvikvm: threadid=3: reacting to signal 3
06-08 13:35:46.908  1643  1648 I dalvikvm: Wrote stack traces to '/data/anr/traces.txt'
06-08 13:35:47.013  1278  1278 D OpenGLRenderer: Flushing caches (mode 0)
06-08 13:35:47.060  1278  1278 D OpenGLRenderer: Flushing caches (mode 1)
06-08 13:35:47.091    82   127 D AudioHardware: AudioHardware pcm playback is going to standby.
06-08 13:35:47.091    82   127 D AudioHardware: closePcmOut_l() mPcmOpenCnt: 1
06-08 13:35:47.236  1643  1673 D dalvikvm: GC_FOR_ALLOC freed 983K, 35% free 12069K/18567K, paused 31ms
06-08 13:35:47.236  1643  1673 I dalvikvm-heap: Grow heap (frag case) to 13.082MB for 1286224-byte allocation
06-08 13:35:47.283  1643  1643 D dalvikvm: GC_FOR_ALLOC freed 2K, 29% free 13322K/18567K, paused 30ms
06-08 13:35:47.388  1643  1645 D dalvikvm: GC_CONCURRENT freed 1K, 29% free 13324K/18567K, paused 6ms+9ms
06-08 13:35:47.497  1119  1121 D dalvikvm: GC_CONCURRENT freed 389K, 6% free 9588K/10183K, paused 109ms+7ms
06-08 13:35:47.697  1643  1673 D dalvikvm: GC_FOR_ALLOC freed 1402K, 33% free 12467K/18567K, paused 25ms
06-08 13:35:47.697  1643  1673 I dalvikvm-heap: Grow heap (frag case) to 13.470MB for 1286224-byte allocation
06-08 13:35:47.740  1643  1671 D dalvikvm: GC_FOR_ALLOC freed 1K, 27% free 13721K/18567K, paused 24ms
06-08 13:35:47.861  1643  1645 D dalvikvm: GC_CONCURRENT freed 6K, 25% free 14089K/18567K, paused 5ms+4ms
06-08 13:35:48.341  1402  3070 D dalvikvm: GC_EXPLICIT freed 130K, 14% free 9751K/11335K, paused 4ms+6ms
06-08 13:35:48.501  1332  1421 D dalvikvm: GC_EXPLICIT freed 200K, 6% free 9820K/10439K, paused 7ms+4ms
06-08 13:35:48.521  1332  1332 D OpenGLRenderer: Flushing caches (mode 1)
06-08 13:35:48.615  1789  3071 I DownloadManager: deleting /data/data/com.android.providers.downloads/cache/downloadfile.gif
06-08 13:35:48.740  1789  3073 I DownloadManager: Initiating request for download 118
06-08 13:35:49.146  1789  1791 D dalvikvm: GC_CONCURRENT freed 436K, 6% free 9375K/9927K, paused 3ms+4ms
06-08 13:35:49.865  1332  1332 D OpenGLRenderer: Flushing caches (mode 1)
06-08 13:35:49.896  1789  3079 I DownloadManager: deleting /data/data/com.android.providers.downloads/cache/downloadfile.jpeg
06-08 13:35:50.087  1789  3081 I DownloadManager: Initiating request for download 119
06-08 13:35:50.615  1789  1791 D dalvikvm: GC_CONCURRENT freed 419K, 6% free 9376K/9927K, paused 1ms+3ms
06-08 13:35:50.986   476   476 D SAN_SERVICE: *******************************************
06-08 13:35:50.986   476   476 D SAN_SERVICE: DM App Phone Service State - 0
06-08 13:35:50.986   476   476 D SAN_SERVICE: *******************************************
06-08 13:35:51.552  1332  1332 D OpenGLRenderer: Flushing caches (mode 1)
06-08 13:35:51.681  1789  3087 I DownloadManager: deleting /data/data/com.android.providers.downloads/cache/downloadfile.jpeg
06-08 13:35:51.853  1789  3089 I DownloadManager: Initiating request for download 120
06-08 13:35:52.349  1789  1791 D dalvikvm: GC_CONCURRENT freed 398K, 6% free 9406K/9927K, paused 2ms+6ms
06-08 13:35:53.052  1332  1332 D OpenGLRenderer: Flushing caches (mode 1)
06-08 13:35:53.099  1789  3095 I DownloadManager: deleting /data/data/com.android.providers.downloads/cache/downloadfile.jpeg
06-08 13:35:53.443  1789  3097 I DownloadManager: Initiating request for download 121
06-08 13:35:54.454  1789  1791 D dalvikvm: GC_CONCURRENT freed 376K, 6% free 9421K/9927K, paused 15ms+3ms
06-08 13:35:54.654  1278  1296 I PhoneLab-: Service Running
06-08 13:35:54.755  1278  1296 I PhoneLab-LoggerService: app_38    1302  1278  1772   1328  c00f181c 400107b4 S logcat
06-08 13:35:54.755  1278  1296 I PhoneLab-LoggerService: Logcat pid from database 1302
06-08 13:35:54.755  1278  1296 I PhoneLab-LoggerService: Logcat process found 1302
06-08 13:35:54.755  1278  1296 I PhoneLab-LoggerService: Checking Threshold
06-08 13:35:54.872   151   471 D dalvikvm: GC_EXPLICIT freed 824K, 14% free 13469K/15559K, paused 4ms+8ms
06-08 13:35:55.005  1332  1332 D OpenGLRenderer: Flushing caches (mode 1)
06-08 13:35:55.083  1789  3105 I DownloadManager: deleting /data/data/com.android.providers.downloads/cache/downloadfile.jpeg
06-08 13:35:55.326  1789  3107 I DownloadManager: Initiating request for download 122
06-08 13:35:55.966   476   476 D SAN_SERVICE: *******************************************
06-08 13:35:55.966   476   476 D SAN_SERVICE: DM App Phone Service State - 0
06-08 13:35:55.966   476   476 D SAN_SERVICE: *******************************************
06-08 13:35:56.232   476   476 D SAN_SERVICE: *******************************************
06-08 13:35:56.232   476   476 D SAN_SERVICE: DM App Phone Service State - 0
06-08 13:35:56.232   476   476 D SAN_SERVICE: *******************************************
06-08 13:35:56.415   476   476 D SAN_SERVICE: *******************************************
06-08 13:35:56.415   476   476 D SAN_SERVICE: DM App Phone Service State - 0
06-08 13:35:56.415   476   476 D SAN_SERVICE: *******************************************
06-08 13:35:56.458  1119  1121 D dalvikvm: GC_CONCURRENT freed 387K, 6% free 9590K/10183K, paused 5ms+3ms
06-08 13:35:56.497   476   476 D SAN_SERVICE: *******************************************
06-08 13:35:56.497   476   476 D SAN_SERVICE: DM App Phone Service State - 0
06-08 13:35:56.497   476   476 D SAN_SERVICE: *******************************************
06-08 13:35:56.548   476   479 D dalvikvm: GC_CONCURRENT freed 388K, 6% free 9522K/10119K, paused 11ms+4ms
06-08 13:35:57.880  1789  1791 D dalvikvm: GC_CONCURRENT freed 452K, 6% free 9427K/9991K, paused 9ms+8ms
06-08 13:35:57.958  1332  1332 D OpenGLRenderer: Flushing caches (mode 1)
06-08 13:35:57.974  1789  3114 I DownloadManager: deleting /data/data/com.android.providers.downloads/cache/downloadfile.jpeg
06-08 13:35:58.177   151   162 I ActivityManager: Process com.android.gallery3d (pid 1557) has died.
06-08 13:35:58.583  1789  3116 I DownloadManager: Initiating request for download 123
06-08 13:36:01.638  1789  1796 I dalvikvm: Jit: resizing JitTable from 4096 to 8192
06-08 13:36:01.685  1402  1404 D dalvikvm: GC_CONCURRENT freed 329K, 14% free 9814K/11335K, paused 3ms+4ms
06-08 13:36:01.763  1332  1332 D OpenGLRenderer: Flushing caches (mode 1)
06-08 13:36:01.779  1789  3123 I DownloadManager: deleting /data/data/com.android.providers.downloads/cache/downloadfile.jpeg
06-08 13:36:01.810  1789  1789 D dalvikvm: GC_EXPLICIT freed 478K, 7% free 9363K/9991K, paused 2ms+4ms
06-08 13:36:02.368   151   197 I power   : *** set_screen_state 0
06-08 13:36:02.396  1789  3125 I DownloadManager: Initiating request for download 124
06-08 13:36:02.423    79   120 D SurfaceFlinger: About to give-up screen, flinger = 0x8a0918
06-08 13:36:02.564   488  1614 D NfcService: NFC-C OFF, disconnect
06-08 13:36:02.642   151   153 D dalvikvm: GC_CONCURRENT freed 392K, 10% free 14111K/15559K, paused 20ms+7ms
06-08 13:36:02.689   151   201 D dalvikvm: GC_FOR_ALLOC freed 39K, 10% free 14072K/15559K, paused 45ms
06-08 13:36:02.689   151   201 I dalvikvm-heap: Grow heap (frag case) to 13.916MB for 104992-byte allocation
06-08 13:36:02.747   151   201 D dalvikvm: GC_FOR_ALLOC freed 1K, 10% free 14173K/15687K, paused 43ms
06-08 13:36:02.751   151   201 V TransportControlView: Create TCV com.android.internal.widget.TransportControlView@41425a20
06-08 13:36:02.826  1332  1332 D OpenGLRenderer: Flushing caches (mode 1)
06-08 13:36:02.833   388   388 D PhoneStatusBar: disable: < expand icons alerts ticker system_info back home RECENT* clock >
06-08 13:36:02.857   388   388 D PhoneStatusBar: disable: < expand icons alerts ticker system_info BACK* HOME* RECENT CLOCK* >
06-08 13:36:02.865    82   127 D AudioHardware: AudioHardware pcm playback is exiting standby.
06-08 13:36:02.865    82   127 D AudioHardware: openPcmOut_l() mPcmOpenCnt: 0
06-08 13:36:03.755   151   163 I ActivityManager: Process com.google.android.googlequicksearchbox (pid 1684) has died.
06-08 13:36:03.923   151   163 D dalvikvm: GC_FOR_ALLOC freed 62K, 10% free 14255K/15687K, paused 111ms
06-08 13:36:03.923   151   163 I dalvikvm-heap: Grow heap (frag case) to 14.119MB for 129616-byte allocation
06-08 13:36:03.993   151   201 D dalvikvm: GC_FOR_ALLOC freed 6K, 10% free 14375K/15815K, paused 63ms
06-08 13:36:04.454  1332  1332 D OpenGLRenderer: Flushing caches (mode 1)
06-08 13:36:04.540  1789  3134 I DownloadManager: deleting /data/data/com.android.providers.downloads/cache/downloadfile.jpeg
06-08 13:36:04.564  1789  1791 D dalvikvm: GC_CONCURRENT freed 388K, 7% free 9363K/9991K, paused 2ms+5ms
06-08 13:36:04.677  1789  3136 I DownloadManager: Initiating request for download 125
06-08 13:36:06.021    82   127 D AudioHardware: AudioHardware pcm playback is going to standby.
06-08 13:36:06.025    82   127 D AudioHardware: closePcmOut_l() mPcmOpenCnt: 1
06-08 13:36:06.087   476   476 D SAN_SERVICE: *******************************************
06-08 13:36:06.087   476   476 D SAN_SERVICE: DM App Phone Service State - 0
06-08 13:36:06.087   476   476 D SAN_SERVICE: *******************************************
06-08 13:36:06.345   476   476 D SAN_SERVICE: *******************************************
06-08 13:36:06.345   476   476 D SAN_SERVICE: DM App Phone Service State - 0
06-08 13:36:06.345   476   476 D SAN_SERVICE: *******************************************
06-08 13:36:06.763  1332  1332 D OpenGLRenderer: Flushing caches (mode 1)
06-08 13:36:06.911  1789  1791 D dalvikvm: GC_CONCURRENT freed 405K, 7% free 9343K/9991K, paused 2ms+7ms
06-08 13:36:06.951  1789  3144 I DownloadManager: Initiating request for download 126
06-08 13:36:06.962   151   151 D dalvikvm: GC_EXPLICIT freed 415K, 11% free 14139K/15815K, paused 3ms+5ms
06-08 13:36:06.970  1789  3143 I DownloadManager: deleting /data/data/com.android.providers.downloads/cache/downloadfile.jpeg
06-08 13:36:07.056   476   476 D SAN_SERVICE: *******************************************
06-08 13:36:07.056   476   476 D SAN_SERVICE: DM App Phone Service State - 0
06-08 13:36:07.056   476   476 D SAN_SERVICE: *******************************************
06-08 13:36:09.103  1119  1121 D dalvikvm: GC_CONCURRENT freed 392K, 6% free 9587K/10183K, paused 19ms+5ms
06-08 13:36:10.802  1332  1332 D OpenGLRenderer: Flushing caches (mode 1)
06-08 13:36:11.025  1789  3152 I DownloadManager: deleting /data/data/com.android.providers.downloads/cache/downloadfile.jpeg
06-08 13:36:11.068  1789  3153 I DownloadManager: Initiating request for download 127
06-08 13:36:11.068  1789  1791 D dalvikvm: GC_CONCURRENT freed 376K, 7% free 9353K/9991K, paused 1ms+3ms
06-08 13:36:13.497  1332  1332 D OpenGLRenderer: Flushing caches (mode 1)
06-08 13:36:13.556  1789  3160 I DownloadManager: deleting /data/data/com.android.providers.downloads/cache/downloadfile.jpeg
06-08 13:36:13.693  1789  3162 I DownloadManager: Initiating request for download 128
06-08 13:36:13.724  1789  1791 D dalvikvm: GC_CONCURRENT freed 391K, 7% free 9357K/9991K, paused 3ms+6ms
06-08 13:36:17.087  1332  1332 D OpenGLRenderer: Flushing caches (mode 1)
06-08 13:36:17.243  1789  3169 I DownloadManager: deleting /data/data/com.android.providers.downloads/cache/downloadfile.jpeg
06-08 13:36:17.251  1789  3170 I DownloadManager: Initiating request for download 129
06-08 13:36:17.892   476   476 D SAN_SERVICE: *******************************************
06-08 13:36:17.896   476   476 D SAN_SERVICE: DM App Phone Service State - 0
06-08 13:36:17.896   476   476 D SAN_SERVICE: *******************************************
06-08 13:36:18.021  1789  1791 D dalvikvm: GC_CONCURRENT freed 383K, 6% free 9396K/9991K, paused 12ms+76ms
06-08 13:36:19.271  1332  1332 D OpenGLRenderer: Flushing caches (mode 1)
06-08 13:36:19.318  1789  3177 I DownloadManager: deleting /data/data/com.android.providers.downloads/cache/downloadfile.gif
06-08 13:36:19.333  1402  1404 D dalvikvm: GC_CONCURRENT freed 382K, 14% free 9820K/11335K, paused 1ms+4ms
06-08 13:36:19.529  1789  3179 I DownloadManager: Initiating request for download 130
06-08 13:36:20.204  1789  1791 D dalvikvm: GC_CONCURRENT freed 415K, 6% free 9396K/9991K, paused 8ms+4ms
06-08 13:36:21.474  1332  1332 D OpenGLRenderer: Flushing caches (mode 1)
06-08 13:36:21.560   151   505 D dalvikvm: GC_EXPLICIT freed 497K, 11% free 14167K/15815K, paused 3ms+6ms
06-08 13:36:21.564  1789  3185 I DownloadManager: deleting /data/data/com.android.providers.downloads/cache/downloadfile.jpeg
06-08 13:36:21.697  1789  3187 I DownloadManager: Initiating request for download 131
06-08 13:36:22.451  1789  1791 D dalvikvm: GC_CONCURRENT freed 377K, 6% free 9403K/9991K, paused 2ms+5ms
06-08 13:36:23.236  1119  1121 D dalvikvm: GC_CONCURRENT freed 384K, 6% free 9587K/10183K, paused 13ms+2ms
06-08 13:36:23.712  1332  1332 D OpenGLRenderer: Flushing caches (mode 1)
06-08 13:36:25.255  1789  3192 I DownloadManager: deleting /data/data/com.android.providers.downloads/cache/downloadfile.gif
06-08 13:36:25.451  1789  3194 I DownloadManager: Initiating request for download 132
06-08 13:36:26.521   476   476 D SAN_SERVICE: *******************************************
06-08 13:36:26.521   476   476 D SAN_SERVICE: DM App Phone Service State - 0
06-08 13:36:26.521   476   476 D SAN_SERVICE: *******************************************
06-08 13:36:26.669  1789  1791 D dalvikvm: GC_CONCURRENT freed 454K, 7% free 9363K/9991K, paused 3ms+5ms
06-08 13:36:28.107  1332  1332 D OpenGLRenderer: Flushing caches (mode 1)
06-08 13:36:28.189  1789  3200 I DownloadManager: deleting /data/data/com.android.providers.downloads/cache/downloadfile.jpeg
06-08 13:36:28.302  1789  3202 I DownloadManager: Initiating request for download 133
06-08 13:36:29.462  1789  1791 D dalvikvm: GC_CONCURRENT freed 392K, 6% free 9398K/9991K, paused 2ms+3ms
06-08 13:36:31.013  1789  3205 D dalvikvm: GC_EXPLICIT freed 133K, 7% free 9336K/9991K, paused 4ms+4ms
06-08 13:36:31.158  1332  1332 D OpenGLRenderer: Flushing caches (mode 1)
06-08 13:36:31.208  1789  3207 I DownloadManager: deleting /data/data/com.android.providers.downloads/cache/downloadfile.jpeg
06-08 13:36:31.368  1789  3209 I DownloadManager: Initiating request for download 134
06-08 13:36:33.447  1789  1791 D dalvikvm: GC_CONCURRENT freed 344K, 7% free 9383K/9991K, paused 2ms+3ms
06-08 13:36:33.603  1332  1332 D OpenGLRenderer: Flushing caches (mode 1)
06-08 13:36:33.669  1789  3215 I DownloadManager: deleting /data/data/com.android.providers.downloads/cache/downloadfile.jpeg
06-08 13:36:33.786  1789  3217 I DownloadManager: Initiating request for download 135
06-08 13:36:33.923   151   201 I power   : *** set_screen_state 1
06-08 13:36:34.072   151   201 I WindowManager: Lock screen displayed!
06-08 13:36:34.122    79   120 D SurfaceFlinger: Screen about to return, flinger = 0x8a0918
06-08 13:36:34.185  1643  1645 D dalvikvm: GC_CONCURRENT freed 2916K, 32% free 12737K/18567K, paused 2ms+11ms
06-08 13:36:36.083   388   388 D PhoneStatusBar: disable: < expand icons alerts ticker system_info BACK HOME recent* CLOCK >
06-08 13:36:36.095    82   127 D AudioHardware: AudioHardware pcm playback is exiting standby.
06-08 13:36:36.095    82   127 D AudioHardware: openPcmOut_l() mPcmOpenCnt: 0
06-08 13:36:36.107   151   505 W InputManagerService: Window already focused, ignoring focus gain of: com.android.internal.view.IInputMethodClient$Stub$Proxy@418335a8
06-08 13:36:36.111   388   388 D PhoneStatusBar: disable: < expand icons alerts ticker system_info back* home* recent clock* >
06-08 13:36:36.130   488  1869 D NfcService: NFC-C ON
06-08 13:36:36.509  1119  1121 D dalvikvm: GC_CONCURRENT freed 384K, 6% free 9587K/10183K, paused 6ms+2ms
06-08 13:36:37.763  1789  1791 D dalvikvm: GC_CONCURRENT freed 349K, 6% free 9419K/9991K, paused 3ms+11ms
06-08 13:36:39.263    82   127 D AudioHardware: AudioHardware pcm playback is going to standby.
06-08 13:36:39.263    82   127 D AudioHardware: closePcmOut_l() mPcmOpenCnt: 1
06-08 13:36:39.392    82   127 D AudioHardware: AudioHardware pcm playback is exiting standby.
06-08 13:36:39.392    82   127 D AudioHardware: openPcmOut_l() mPcmOpenCnt: 0
06-08 13:36:42.482    82   127 D AudioHardware: AudioHardware pcm playback is going to standby.
06-08 13:36:42.482    82   127 D AudioHardware: closePcmOut_l() mPcmOpenCnt: 1
06-08 13:36:44.134   151   151 D dalvikvm: GC_EXPLICIT freed 884K, 11% free 14186K/15815K, paused 8ms+15ms
06-08 13:36:44.861  1332  1332 D OpenGLRenderer: Flushing caches (mode 1)
06-08 13:36:44.993  1789  3230 I DownloadManager: deleting /data/data/com.android.providers.downloads/cache/downloadfile.jpeg
06-08 13:36:45.169  1402  1404 D dalvikvm: GC_CONCURRENT freed 390K, 14% free 9815K/11335K, paused 12ms+6ms
06-08 13:36:45.259  1789  3232 I DownloadManager: Initiating request for download 136
06-08 13:36:45.689  1789  1791 D dalvikvm: GC_CONCURRENT freed 458K, 6% free 9401K/9991K, paused 3ms+3ms
06-08 13:36:46.618   151   205 I ActivityManager: START {act=android.intent.action.MAIN cat=[android.intent.category.HOME] flg=0x10200000 cmp=com.android.launcher/com.android.launcher2.Launcher} from pid 151
06-08 13:36:48.591   151   503 I ActivityManager: Process com.android.voicedialer (pid 1571) has died.
06-08 13:36:48.872   151   197 I power   : *** set_screen_state 0
06-08 13:36:48.931    79   120 D SurfaceFlinger: About to give-up screen, flinger = 0x8a0918
06-08 13:36:48.990   488  1871 D NfcService: NFC-C OFF, disconnect
06-08 13:36:49.138   151   201 D dalvikvm: GC_FOR_ALLOC freed 1027K, 13% free 13808K/15815K, paused 48ms
06-08 13:36:49.154   151   201 V TransportControlView: Create TCV com.android.internal.widget.TransportControlView@413fb508
06-08 13:36:49.201   388   388 D PhoneStatusBar: disable: < expand icons alerts ticker system_info back home RECENT* clock >
06-08 13:36:49.212  1332  1332 D OpenGLRenderer: Flushing caches (mode 1)
06-08 13:36:49.220    82   127 D AudioHardware: AudioHardware pcm playback is exiting standby.
06-08 13:36:49.220    82   127 D AudioHardware: openPcmOut_l() mPcmOpenCnt: 0
06-08 13:36:49.220   388   388 D PhoneStatusBar: disable: < expand icons alerts ticker system_info BACK* HOME* RECENT CLOCK* >
06-08 13:36:49.970  1119  1121 D dalvikvm: GC_CONCURRENT freed 384K, 6% free 9587K/10183K, paused 3ms+3ms
06-08 13:36:51.372  1332  1332 D OpenGLRenderer: Flushing caches (mode 1)
06-08 13:36:51.505  1789  3244 I DownloadManager: deleting /data/data/com.android.providers.downloads/cache/downloadfile.jpeg
06-08 13:36:52.404    82   127 D AudioHardware: AudioHardware pcm playback is going to standby.
06-08 13:36:52.404    82   127 D AudioHardware: closePcmOut_l() mPcmOpenCnt: 1
06-08 13:36:53.661  1789  3246 I DownloadManager: Initiating request for download 137
06-08 13:36:54.126  1789  1791 D dalvikvm: GC_CONCURRENT freed 421K, 7% free 9387K/9991K, paused 2ms+11ms
06-08 13:37:03.857  1789  1791 D dalvikvm: GC_CONCURRENT freed 420K, 7% free 9357K/9991K, paused 3ms+5ms
06-08 13:37:04.220  1332  1332 D OpenGLRenderer: Flushing caches (mode 1)
06-08 13:37:04.236  1789  3257 I DownloadManager: deleting /data/data/com.android.providers.downloads/cache/downloadfile.jpeg
06-08 13:37:04.423  1789  3259 I DownloadManager: Initiating request for download 138
06-08 13:37:05.283  1119  1121 D dalvikvm: GC_CONCURRENT freed 384K, 6% free 9590K/10183K, paused 4ms+2ms
06-08 13:37:07.513  1789  1791 D dalvikvm: GC_CONCURRENT freed 338K, 6% free 9402K/9991K, paused 5ms+5ms
06-08 13:37:08.283   151   153 D dalvikvm: GC_CONCURRENT freed 636K, 10% free 14292K/15815K, paused 9ms+5ms
06-08 13:37:15.786  1119  1121 D dalvikvm: GC_CONCURRENT freed 387K, 6% free 9596K/10183K, paused 2ms+2ms
06-08 13:37:20.618  1332  1332 D OpenGLRenderer: Flushing caches (mode 1)
06-08 13:37:20.708  1789  3274 I DownloadManager: deleting /data/data/com.android.providers.downloads/cache/downloadfile.jpeg
06-08 13:37:20.861  1789  3276 I DownloadManager: Initiating request for download 139
06-08 13:37:21.353  1789  1791 D dalvikvm: GC_CONCURRENT freed 392K, 6% free 9414K/9991K, paused 2ms+3ms
06-08 13:37:22.345   151   469 D dalvikvm: GC_EXPLICIT freed 248K, 10% free 14286K/15815K, paused 23ms+5ms
06-08 13:37:26.638  1119  1121 D dalvikvm: GC_CONCURRENT freed 393K, 6% free 9590K/10183K, paused 2ms+9ms
06-08 13:37:34.486  1789  1791 D dalvikvm: GC_CONCURRENT freed 529K, 7% free 9347K/9991K, paused 28ms+3ms
06-08 13:37:34.786  1332  1332 D OpenGLRenderer: Flushing caches (mode 1)
06-08 13:37:34.806  1789  3288 I DownloadManager: deleting /data/data/com.android.providers.downloads/cache/downloadfile.jpeg
06-08 13:37:35.052  1789  3290 I DownloadManager: Initiating request for download 140
06-08 13:37:36.263  1119  1121 D dalvikvm: GC_CONCURRENT freed 388K, 6% free 9587K/10183K, paused 26ms+2ms
06-08 13:37:38.419  1789  1791 D dalvikvm: GC_CONCURRENT freed 368K, 7% free 9365K/9991K, paused 19ms+6ms
06-08 13:37:43.158  1332  1332 D OpenGLRenderer: Flushing caches (mode 1)
06-08 13:37:43.181  1789  3300 I DownloadManager: deleting /data/data/com.android.providers.downloads/cache/downloadfile.jpeg
06-08 13:37:43.361   151   151 D AlarmManagerService: Kernel timezone updated to 240 minutes west of GMT
06-08 13:37:43.439  1789  3302 I DownloadManager: Initiating request for download 141
06-08 13:37:44.419  1789  1791 D dalvikvm: GC_CONCURRENT freed 381K, 7% free 9387K/9991K, paused 2ms+3ms
06-08 13:37:45.740  1789  3302 D dalvikvm: GC_EXPLICIT freed 170K, 7% free 9328K/9991K, paused 1ms+3ms
06-08 13:37:47.029  1119  1121 D dalvikvm: GC_CONCURRENT freed 385K, 6% free 9587K/10183K, paused 4ms+6ms
06-08 13:37:52.474  1332  1332 D OpenGLRenderer: Flushing caches (mode 1)
06-08 13:37:52.490  1789  3313 I DownloadManager: deleting /data/data/com.android.providers.downloads/cache/downloadfile.jpeg
06-08 13:37:52.650  1789  3315 I DownloadManager: Initiating request for download 142
06-08 13:37:53.767  1789  1791 D dalvikvm: GC_CONCURRENT freed 330K, 6% free 9408K/9991K, paused 2ms+5ms
06-08 13:37:54.669  1278  1296 I PhoneLab-: Service Running
06-08 13:37:54.767  1278  1296 I PhoneLab-LoggerService: app_38    1302  1278  1772   1328  c00f181c 400107b4 S logcat
06-08 13:37:54.767  1278  1296 I PhoneLab-LoggerService: Logcat pid from database 1302
06-08 13:37:54.771  1278  1296 I PhoneLab-LoggerService: Logcat process found 1302
06-08 13:37:54.771  1278  1296 I PhoneLab-LoggerService: Checking Threshold
06-08 13:37:56.505   151   153 D dalvikvm: GC_CONCURRENT freed 1229K, 10% free 14314K/15815K, paused 20ms+9ms
06-08 13:37:57.076  1119  1121 D dalvikvm: GC_CONCURRENT freed 393K, 6% free 9587K/10183K, paused 2ms+3ms
06-08 13:38:00.829  1402  1404 D dalvikvm: GC_CONCURRENT freed 394K, 14% free 9820K/11335K, paused 2ms+7ms
06-08 13:38:00.935  1332  1332 D OpenGLRenderer: Flushing caches (mode 1)
06-08 13:38:01.005  1789  1791 D dalvikvm: GC_CONCURRENT freed 505K, 7% free 9365K/9991K, paused 5ms+6ms
06-08 13:38:01.029  1789  3325 I DownloadManager: deleting /data/data/com.android.providers.downloads/cache/downloadfile.jpeg
06-08 13:38:01.685  1789  3327 I DownloadManager: Initiating request for download 143
06-08 13:38:03.509   151   505 D dalvikvm: GC_EXPLICIT freed 248K, 10% free 14292K/15815K, paused 21ms+6ms
06-08 13:38:05.556  1119  1121 D dalvikvm: GC_CONCURRENT freed 385K, 6% free 9587K/10183K, paused 2ms+3ms
06-08 13:38:06.365  1789  1791 D dalvikvm: GC_CONCURRENT freed 392K, 7% free 9358K/9991K, paused 2ms+3ms
06-08 13:38:13.704  1119  1121 D dalvikvm: GC_CONCURRENT freed 391K, 6% free 9588K/10183K, paused 7ms+2ms
06-08 13:38:16.204  1332  1332 D OpenGLRenderer: Flushing caches (mode 1)
06-08 13:38:18.701  1789  3340 I DownloadManager: deleting /data/data/com.android.providers.downloads/cache/downloadfile.jpeg
06-08 13:38:18.720  1789  3341 I DownloadManager: Initiating request for download 144
06-08 13:38:19.486  1789  1791 D dalvikvm: GC_CONCURRENT freed 372K, 6% free 9395K/9991K, paused 2ms+10ms
06-08 13:38:20.368  1332  1332 D OpenGLRenderer: Flushing caches (mode 1)
06-08 13:38:20.419  1789  3347 I DownloadManager: deleting /data/data/com.android.providers.downloads/cache/downloadfile.gif
06-08 13:38:20.564  1789  3349 I DownloadManager: Initiating request for download 145
06-08 13:38:21.673  1789  1791 D dalvikvm: GC_CONCURRENT freed 426K, 7% free 9356K/9991K, paused 18ms+2ms
06-08 13:38:22.400  1332  1332 D OpenGLRenderer: Flushing caches (mode 1)
06-08 13:38:22.462  1789  3354 I DownloadManager: deleting /data/data/com.android.providers.downloads/cache/downloadfile.gif
06-08 13:38:22.630  1789  3356 I DownloadManager: Initiating request for download 146
06-08 13:38:23.548  1789  1791 D dalvikvm: GC_CONCURRENT freed 371K, 7% free 9388K/9991K, paused 12ms+2ms
06-08 13:38:24.587  1332  1332 D OpenGLRenderer: Flushing caches (mode 1)
06-08 13:38:25.704  1789  3361 I DownloadManager: deleting /data/data/com.android.providers.downloads/cache/downloadfile.gif
06-08 13:38:25.865  1789  3363 I DownloadManager: Initiating request for download 147
06-08 13:38:26.982  1789  1791 D dalvikvm: GC_CONCURRENT freed 380K, 6% free 9426K/9991K, paused 1ms+3ms
06-08 13:38:27.658  1332  1332 D OpenGLRenderer: Flushing caches (mode 1)
06-08 13:38:27.724  1789  3369 I DownloadManager: deleting /data/data/com.android.providers.downloads/cache/downloadfile.gif
06-08 13:38:27.888   151   163 D dalvikvm: GC_EXPLICIT freed 760K, 10% free 14318K/15815K, paused 5ms+6ms
06-08 13:38:27.935  1789  3371 I DownloadManager: Initiating request for download 148
06-08 13:38:29.349  1119  1121 D dalvikvm: GC_CONCURRENT freed 386K, 6% free 9587K/10183K, paused 1ms+2ms
06-08 13:38:29.954  1789  1791 D dalvikvm: GC_CONCURRENT freed 445K, 6% free 9421K/9991K, paused 3ms+5ms
06-08 13:38:30.005  1789  3374 I DownloadManager: deleting /data/data/com.android.providers.downloads/cache/downloadfile.gif
06-08 13:38:30.036  1402  1404 D dalvikvm: GC_CONCURRENT freed 401K, 14% free 9816K/11335K, paused 2ms+3ms
06-08 13:38:30.048  1332  1332 D OpenGLRenderer: Flushing caches (mode 1)
06-08 13:38:30.197  1789  3377 I DownloadManager: Initiating request for download 149
06-08 13:38:31.845  1332  1332 D OpenGLRenderer: Flushing caches (mode 1)
06-08 13:38:32.689  1789  3382 I DownloadManager: deleting /data/data/com.android.providers.downloads/cache/downloadfile.gif
06-08 13:38:32.697  1789  3383 I DownloadManager: Initiating request for download 150
06-08 13:38:32.810  1789  3382 D dalvikvm: GC_EXPLICIT freed 478K, 7% free 9375K/9991K, paused 4ms+7ms
06-08 13:38:34.896   476   476 D SAN_SERVICE: *******************************************
06-08 13:38:34.896   476   476 D SAN_SERVICE: DM App Phone Service State - 0
06-08 13:38:34.896   476   476 D SAN_SERVICE: *******************************************
06-08 13:38:35.048   476   476 D SAN_SERVICE: *******************************************
06-08 13:38:35.048   476   476 D SAN_SERVICE: DM App Phone Service State - 0
06-08 13:38:35.048   476   476 D SAN_SERVICE: *******************************************
06-08 13:38:38.900  1789  1791 D dalvikvm: GC_CONCURRENT freed 430K, 7% free 9331K/9991K, paused 3ms+5ms
06-08 13:38:39.060  1332  1332 D OpenGLRenderer: Flushing caches (mode 1)
06-08 13:38:39.158  1789  3392 I DownloadManager: deleting /data/data/com.android.providers.downloads/cache/downloadfile.jpeg
06-08 13:38:39.314  1789  3394 I DownloadManager: Initiating request for download 151
06-08 13:38:39.865  1119  1121 D dalvikvm: GC_CONCURRENT freed 390K, 6% free 9587K/10183K, paused 7ms+3ms
06-08 13:38:42.935  1789  1791 D dalvikvm: GC_CONCURRENT freed 332K, 7% free 9388K/9991K, paused 12ms+3ms
06-08 13:38:49.361  1402  3403 D dalvikvm: GC_EXPLICIT freed 196K, 14% free 9769K/11335K, paused 2ms+4ms
06-08 13:38:49.474  1332  1332 D OpenGLRenderer: Flushing caches (mode 1)
06-08 13:38:49.544  1789  3404 I DownloadManager: deleting /data/data/com.android.providers.downloads/cache/downloadfile.jpeg
06-08 13:38:49.677  1789  3406 I DownloadManager: Initiating request for download 152
06-08 13:38:50.560  1119  1121 D dalvikvm: GC_CONCURRENT freed 384K, 6% free 9587K/10183K, paused 2ms+2ms
06-08 13:38:50.931  1789  1791 D dalvikvm: GC_CONCURRENT freed 390K, 6% free 9405K/9991K, paused 2ms+2ms
06-08 13:38:55.767   151   503 D dalvikvm: GC_EXPLICIT freed 1029K, 10% free 14344K/15815K, paused 13ms+8ms
06-08 13:38:55.786  1332  1332 D OpenGLRenderer: Flushing caches (mode 1)
06-08 13:38:55.849  1789  3419 I DownloadManager: deleting /data/data/com.android.providers.downloads/cache/downloadfile.jpeg
06-08 13:38:56.009  1789  3421 I DownloadManager: Initiating request for download 153
06-08 13:38:56.771  1789  1791 D dalvikvm: GC_CONCURRENT freed 407K, 6% free 9416K/9991K, paused 13ms+4ms
06-08 13:38:59.697  1119  1121 D dalvikvm: GC_CONCURRENT freed 385K, 6% free 9587K/10183K, paused 2ms+2ms
06-08 13:39:03.525  1332  1332 D OpenGLRenderer: Flushing caches (mode 1)
06-08 13:39:03.771  1789  3429 I DownloadManager: deleting /data/data/com.android.providers.downloads/cache/downloadfile.jpeg
06-08 13:39:03.775  1789  3430 I DownloadManager: Initiating request for download 154
06-08 13:39:03.935  1789  1791 D dalvikvm: GC_CONCURRENT freed 497K, 7% free 9361K/9991K, paused 6ms+2ms
06-08 13:39:05.841  1332  1332 D OpenGLRenderer: Flushing caches (mode 1)
06-08 13:39:05.923  1789  3437 I DownloadManager: deleting /data/data/com.android.providers.downloads/cache/downloadfile.gif
06-08 13:39:06.033  1789  3439 I DownloadManager: Initiating request for download 155
06-08 13:39:06.591  1789  1791 D dalvikvm: GC_CONCURRENT freed 375K, 7% free 9377K/9991K, paused 12ms+7ms
06-08 13:39:07.861  1332  1332 D OpenGLRenderer: Flushing caches (mode 1)
06-08 13:39:07.900  1789  3446 I DownloadManager: deleting /data/data/com.android.providers.downloads/cache/downloadfile.png
06-08 13:39:09.329  1789  3448 I DownloadManager: Initiating request for download 156
06-08 13:39:10.060  1789  1791 D dalvikvm: GC_CONCURRENT freed 391K, 6% free 9396K/9991K, paused 2ms+6ms
06-08 13:39:10.556   476   476 D SAN_SERVICE: *******************************************
06-08 13:39:10.556   476   476 D SAN_SERVICE: DM App Phone Service State - 0
06-08 13:39:10.556   476   476 D SAN_SERVICE: *******************************************
06-08 13:39:11.103  1332  1332 D OpenGLRenderer: Flushing caches (mode 1)
06-08 13:39:11.240  1789  3453 I DownloadManager: deleting /data/data/com.android.providers.downloads/cache/downloadfile.gif
06-08 13:39:11.271   476   476 D SAN_SERVICE: *******************************************
06-08 13:39:11.271   476   476 D SAN_SERVICE: DM App Phone Service State - 0
06-08 13:39:11.271   476   476 D SAN_SERVICE: *******************************************
06-08 13:39:11.392  1789  3455 I DownloadManager: Initiating request for download 157
06-08 13:39:12.126  1789  1791 D dalvikvm: GC_CONCURRENT freed 401K, 6% free 9403K/9991K, paused 1ms+3ms
06-08 13:39:12.591  1119  1121 D dalvikvm: GC_CONCURRENT freed 391K, 6% free 9589K/10183K, paused 2ms+2ms
06-08 13:39:13.482   151   163 D dalvikvm: GC_EXPLICIT freed 544K, 10% free 14344K/15815K, paused 3ms+9ms
06-08 13:39:13.521  1402  1404 D dalvikvm: GC_CONCURRENT freed 348K, 14% free 9817K/11335K, paused 2ms+3ms
06-08 13:39:13.572  1332  1332 D OpenGLRenderer: Flushing caches (mode 1)
06-08 13:39:13.646  1789  3460 I DownloadManager: deleting /data/data/com.android.providers.downloads/cache/downloadfile.png
06-08 13:39:13.837  1789  3462 I DownloadManager: Initiating request for download 158
06-08 13:39:14.341   151   162 D AlarmManagerService: Kernel timezone updated to 240 minutes west of GMT
06-08 13:39:14.357   476   476 D SAN_SERVICE: *******************************************
06-08 13:39:14.357   476   476 D SAN_SERVICE: DM App Phone Service State - 0
06-08 13:39:14.357   476   476 D SAN_SERVICE: *******************************************
06-08 13:39:14.853  1789  1791 D dalvikvm: GC_CONCURRENT freed 397K, 6% free 9393K/9991K, paused 16ms+3ms
06-08 13:39:15.818   476   476 D SAN_SERVICE: *******************************************
06-08 13:39:15.818   476   476 D SAN_SERVICE: DM App Phone Service State - 0
06-08 13:39:15.818   476   476 D SAN_SERVICE: *******************************************
06-08 13:39:15.923  1332  1332 D OpenGLRenderer: Flushing caches (mode 1)
06-08 13:39:16.068   476   476 D SAN_SERVICE: *******************************************
06-08 13:39:16.068   476   476 D SAN_SERVICE: DM App Phone Service State - 0
06-08 13:39:16.068   476   476 D SAN_SERVICE: *******************************************
06-08 13:39:16.201  1789  3468 I DownloadManager: deleting /data/data/com.android.providers.downloads/cache/downloadfile.jpeg
06-08 13:39:16.240  1789  3469 D dalvikvm: GC_EXPLICIT freed 305K, 7% free 9337K/9991K, paused 2ms+4ms
06-08 13:39:16.243  1789  3469 I DownloadManager: Initiating request for download 159
06-08 13:39:16.314   476   476 D SAN_SERVICE: *******************************************
06-08 13:39:16.314   476   476 D SAN_SERVICE: DM App Phone Service State - 0
06-08 13:39:16.314   476   476 D SAN_SERVICE: *******************************************
06-08 13:39:19.115  1332  1332 D OpenGLRenderer: Flushing caches (mode 1)
06-08 13:39:19.298  1789  3476 I DownloadManager: deleting /data/data/com.android.providers.downloads/cache/downloadfile.jpeg
06-08 13:39:19.337  1789  3477 I DownloadManager: Initiating request for download 160
06-08 13:39:19.408  1789  1791 D dalvikvm: GC_CONCURRENT freed 365K, 7% free 9364K/9991K, paused 4ms+8ms
06-08 13:39:21.595  1119  1131 D PicasaSyncService: receive cancel request
06-08 13:39:21.681   151   560 I ActivityManager: Start proc android.process.acore for content provider com.android.providers.contacts/.ContactsProvider2: pid=3482 uid=10000 gids={3003, 1015}
06-08 13:39:22.087  3482  3482 I ActivityThread: Pub com.android.voicemail: com.android.providers.contacts.VoicemailContentProvider
06-08 13:39:22.247  3482  3482 I ActivityThread: Pub user_dictionary: com.android.providers.userdictionary.UserDictionaryProvider
06-08 13:39:22.290  3482  3482 I ActivityThread: Pub com.android.social: com.android.providers.contacts.SocialProvider
06-08 13:39:22.290  3482  3482 I ActivityThread: Pub applications: com.android.providers.applications.ApplicationsProvider
06-08 13:39:22.408  1119  2704 D PicasaSyncManager: sync complete: SyncResult: stats []
06-08 13:39:22.451  3482  3482 I ActivityThread: Pub contacts;com.android.contacts: com.android.providers.contacts.ContactsProvider2
06-08 13:39:22.458  3482  3483 D dalvikvm: GC_CONCURRENT freed 326K, 5% free 9177K/9607K, paused 10ms+2ms
06-08 13:39:22.478  1119  1133 V PicasaContentProvider: querySettings: defaults: {sync_on_wifi_only=1, auto_upload_account_type=null, sync_on_battery=1, sync_picasa_on_wifi_only=1, auto_upload_enabled=0, video_upload_wifi_only=1, sync_on_roaming=0, auto_upload_account_name=null}
06-08 13:39:22.482  1119  2704 D PicasaSyncService: sync finished - true
06-08 13:39:22.486   151   193 D SyncManager: handleSyncHandlerMessage: dropping since the sync is no longer active: startTime 828398, mTimeoutStartTime 828398, mHistoryRowId 12, syncOperation jayinamdar@gmail.com (com.google), com.google.android.gallery3d.GooglePhotoProvider, SERVER, earliestRunTime 254966
06-08 13:39:22.556  3482  3482 I ActivityThread: Pub call_log: com.android.providers.contacts.CallLogProvider
06-08 13:39:22.861  1332  1332 D OpenGLRenderer: Flushing caches (mode 1)
06-08 13:39:22.915  1332  1334 D dalvikvm: GC_CONCURRENT freed 365K, 6% free 9841K/10439K, paused 8ms+5ms
06-08 13:39:23.271  1789  3501 I DownloadManager: deleting /data/data/com.android.providers.downloads/cache/downloadfile.gif
06-08 13:39:23.275  1789  3502 I DownloadManager: Initiating request for download 161
06-08 13:39:23.384  3482  3483 D dalvikvm: GC_CONCURRENT freed 230K, 4% free 9400K/9735K, paused 21ms+4ms
06-08 13:39:23.439  1789  1791 D dalvikvm: GC_CONCURRENT freed 372K, 7% free 9381K/9991K, paused 1ms+3ms
06-08 13:39:23.931   151   558 I ActivityManager: Process com.google.android.syncadapters.calendar (pid 1958) has died.
06-08 13:39:24.048   151   558 D dalvikvm: GC_FOR_ALLOC freed 563K, 10% free 14363K/15815K, paused 68ms
06-08 13:39:24.048   151   558 I dalvikvm-heap: Grow heap (frag case) to 14.223MB for 129616-byte allocation
06-08 13:39:24.107   151   471 D dalvikvm: GC_FOR_ALLOC freed 114K, 10% free 14375K/15943K, paused 50ms
06-08 13:39:24.552  1332  1332 D OpenGLRenderer: Flushing caches (mode 1)
06-08 13:39:24.982   151   917 I ActivityManager: Process com.android.settings (pid 2209) has died.
06-08 13:39:25.009  1119  1121 D dalvikvm: GC_CONCURRENT freed 400K, 6% free 9581K/10183K, paused 5ms+2ms
06-08 13:39:25.064   151   917 D dalvikvm: GC_FOR_ALLOC freed 330K, 12% free 14123K/15943K, paused 45ms
06-08 13:39:25.103  1119  3507 D PicasaSyncService: start to perform sync on jayinamdar@gmail.com
06-08 13:39:25.118  1119  1133 V PicasaContentProvider: querySettings: defaults: {sync_on_wifi_only=1, auto_upload_account_type=null, sync_on_battery=1, sync_picasa_on_wifi_only=1, auto_upload_enabled=0, video_upload_wifi_only=1, sync_on_roaming=0, auto_upload_account_name=null}
06-08 13:39:25.138  1119  3507 D PicasaSyncManager: perform sync task: MetadataSyncTask (jayinamdar@gmail.com)
06-08 13:39:25.302   151   167 D dalvikvm: GC_EXPLICIT freed 146K, 12% free 14121K/15943K, paused 6ms+6ms
06-08 13:39:25.310  1332  1332 D OpenGLRenderer: Flushing caches (mode 1)
06-08 13:39:25.326  1332  1332 D OpenGLRenderer: Flushing caches (mode 1)
06-08 13:39:25.333  1119  3507 D PicasaAPI: getAlbums for jayinamdar@gmail.com, etag = W/"A0QNSXc9cCp7ImA9WhVbEks."
06-08 13:39:26.740  1332  1332 D OpenGLRenderer: Flushing caches (mode 1)
06-08 13:39:26.865  1789  3513 I DownloadManager: deleting /data/data/com.android.providers.downloads/cache/downloadfile.gif
06-08 13:39:26.876  1789  3514 I DownloadManager: Initiating request for download 162
06-08 13:39:27.665  1789  1791 D dalvikvm: GC_CONCURRENT freed 390K, 6% free 9403K/9991K, paused 11ms+6ms
06-08 13:39:28.029  1119  3507 V PicasaAPI:    done
06-08 13:39:28.029  1119  3507 D MetricsUtils: [PicasaApi.getAlbums in:361 out:630 time:2700]
06-08 13:39:28.033  1119  3507 D MetricsUtils: [PicasaSyncHelper.syncAlbums jayinamdar@gmail.com time:2704]
06-08 13:39:28.048  1119  3507 D PicasaAPI: getAlbumPhotos for 105710113694891878798 / 5116620423394122177, etag: W/"CEMDQnk6cCp7ImA9WhVSGUw."
06-08 13:39:28.642  1119  3507 D PicasaAPI:    done
06-08 13:39:28.650  1119  3507 D MetricsUtils: [PicasaApi.getAlbumPhotos in:207 out:756 time:601]
06-08 13:39:28.650  1119  3507 D MetricsUtils: [PicasaSyncHelper.syncPhotos 5116620423394122177 time:607]
06-08 13:39:28.689  1119  3507 D PicasaAPI: getAlbumPhotos for 105710113694891878798 / 5352745827623112929, etag: W/"DkEBR348fSp7ImA9WhVbEEw."
06-08 13:39:29.290  1119  3507 D PicasaAPI:    done
06-08 13:39:29.290  1119  3507 D MetricsUtils: [PicasaApi.getAlbumPhotos in:207 out:756 time:600]
06-08 13:39:29.290  1119  3507 D MetricsUtils: [PicasaSyncHelper.syncPhotos 5352745827623112929 time:635]
06-08 13:39:29.298  1119  3507 D PicasaAPI: getAlbumPhotos for 105710113694891878798 / 5357229644283205361, etag: W/"C0AAQXoyfyp7ImA9WhVUFkk."
06-08 13:39:29.892  1119  3507 D PicasaAPI:    done
06-08 13:39:29.896  1119  3507 D MetricsUtils: [PicasaApi.getAlbumPhotos in:207 out:756 time:595]
06-08 13:39:29.900  1119  3507 D MetricsUtils: [PicasaSyncHelper.syncPhotos 5357229644283205361 time:609]
06-08 13:39:29.974  1119  3507 D PicasaAPI: getAlbumPhotos for 105710113694891878798 / 5415771333597368705, etag: W/"CE4NRHszcSp7ImA9WhVbEks."
06-08 13:39:30.095  1332  1332 D OpenGLRenderer: Flushing caches (mode 1)
06-08 13:39:30.138  1789  3521 I DownloadManager: deleting /data/data/com.android.providers.downloads/cache/downloadfile.gif
06-08 13:39:30.267  1789  3523 I DownloadManager: Initiating request for download 163
06-08 13:39:30.939   476   476 D SAN_SERVICE: *******************************************
06-08 13:39:30.939   476   476 D SAN_SERVICE: DM App Phone Service State - 0
06-08 13:39:30.939   476   476 D SAN_SERVICE: *******************************************
06-08 13:39:30.954  1119  3507 D PicasaAPI:    done
06-08 13:39:30.954  1119  3507 D MetricsUtils: [PicasaApi.getAlbumPhotos in:207 out:756 time:977]
06-08 13:39:30.954  1119  3507 D MetricsUtils: [PicasaSyncHelper.syncPhotos 5415771333597368705 time:1047]
06-08 13:39:30.997  1789  1791 D dalvikvm: GC_CONCURRENT freed 417K, 7% free 9390K/9991K, paused 2ms+8ms
06-08 13:39:31.029  1119  1121 D dalvikvm: GC_CONCURRENT freed 366K, 6% free 9613K/10183K, paused 2ms+3ms
06-08 13:39:31.044  1119  3507 D PicasaAPI: getAlbumPhotos for 105710113694891878798 / 5556347703683808817, etag: W/"C0EMQ3k6fCp7ImA9WhVbEU0."
06-08 13:39:31.622   476   476 D SAN_SERVICE: *******************************************
06-08 13:39:31.622   476   476 D SAN_SERVICE: DM App Phone Service State - 0
06-08 13:39:31.622   476   476 D SAN_SERVICE: *******************************************
06-08 13:39:32.197  1119  3507 D PicasaAPI:    done
06-08 13:39:32.204  1119  3507 D MetricsUtils: [PicasaApi.getAlbumPhotos in:207 out:756 time:1154]
06-08 13:39:32.204  1119  3507 D MetricsUtils: [PicasaSyncHelper.syncPhotos 5556347703683808817 time:1250]
06-08 13:39:32.240  1119  3507 D PicasaAPI: getAlbumPhotos for 105710113694891878798 / 5560416188154608529, etag: W/"DEcBSXkyeCp7ImA9WhVbEUQ."
06-08 13:39:33.115  1119  3507 D PicasaAPI:    done
06-08 13:39:33.115  1119  3507 D MetricsUtils: [PicasaApi.getAlbumPhotos in:207 out:756 time:875]
06-08 13:39:33.118  1119  3507 D MetricsUtils: [PicasaSyncHelper.syncPhotos 5560416188154608529 time:909]
06-08 13:39:33.173  1119  3507 D PicasaAPI: getAlbumPhotos for 105710113694891878798 / 5613047619696263553, etag: W/"A0QNSXc9cCp7ImA9WhVbEks."
06-08 13:39:33.794  1332  1332 D OpenGLRenderer: Flushing caches (mode 1)
06-08 13:39:33.798  1402  1404 D dalvikvm: GC_CONCURRENT freed 392K, 14% free 9816K/11335K, paused 3ms+3ms
06-08 13:39:33.876  1789  3529 I DownloadManager: deleting /data/data/com.android.providers.downloads/cache/downloadfile.gif
06-08 13:39:33.947  1119  3507 D PicasaAPI:    done
06-08 13:39:33.951  1119  3507 D MetricsUtils: [PicasaApi.getAlbumPhotos in:207 out:756 time:777]
06-08 13:39:33.951  1119  3507 D MetricsUtils: [PicasaSyncHelper.syncPhotos 5613047619696263553 time:825]
06-08 13:39:33.954  1119  3507 D PicasaAPI: getAlbumPhotos for 105710113694891878798 / 5623854235830261905, etag: W/"D0EEQHgzcCp7ImA9WhZaFE0."
06-08 13:39:34.017  1789  3531 I DownloadManager: Initiating request for download 164
06-08 13:39:34.271  1119  3507 D PicasaAPI:    done
06-08 13:39:34.275  1119  3507 D MetricsUtils: [PicasaApi.getAlbumPhotos in:207 out:756 time:319]
06-08 13:39:34.279  1119  3507 D MetricsUtils: [PicasaSyncHelper.syncPhotos 5623854235830261905 time:327]
06-08 13:39:34.326  1119  3507 D PicasaAPI: getAlbumPhotos for 105710113694891878798 / 5634502661043587233, etag: W/"CU8FQXs7eCp7ImA9WhVbEU0."
06-08 13:39:34.685  1789  1791 D dalvikvm: GC_CONCURRENT freed 398K, 6% free 9407K/9991K, paused 2ms+6ms
06-08 13:39:35.107  1119  3507 D PicasaAPI:    done
06-08 13:39:35.107  1119  3507 D MetricsUtils: [PicasaApi.getAlbumPhotos in:207 out:756 time:783]
06-08 13:39:35.115  1119  3507 D MetricsUtils: [PicasaSyncHelper.syncPhotos 5634502661043587233 time:826]
06-08 13:39:35.216  1119  3507 D PicasaSyncManager: sync complete: SyncResult: stats []
06-08 13:39:35.357  1119  1133 V PicasaContentProvider: querySettings: defaults: {sync_on_wifi_only=1, auto_upload_account_type=null, sync_on_battery=1, sync_picasa_on_wifi_only=1, auto_upload_enabled=0, video_upload_wifi_only=1, sync_on_roaming=0, auto_upload_account_name=null}
06-08 13:39:35.357  1119  3507 D MetricsUtils: [PicasaSyncManager.getNextSyncTask time:139]
06-08 13:39:35.357  1119  3507 D PicasaSyncManager: perform sync task: PrefetchFullImage (jayinamdar@gmail.com)
06-08 13:39:35.943   476   476 D SAN_SERVICE: *******************************************
06-08 13:39:35.943   476   476 D SAN_SERVICE: DM App Phone Service State - 0
06-08 13:39:35.943   476   476 D SAN_SERVICE: *******************************************
06-08 13:39:35.970  1119  1121 D dalvikvm: GC_CONCURRENT freed 352K, 5% free 9699K/10183K, paused 6ms+2ms
06-08 13:39:36.138  1119  1121 D dalvikvm: GC_CONCURRENT freed 483K, 6% free 9642K/10247K, paused 1ms+3ms
06-08 13:39:36.318  1119  1121 D dalvikvm: GC_CONCURRENT freed 397K, 6% free 9641K/10247K, paused 2ms+1ms
06-08 13:39:36.478   476   476 D SAN_SERVICE: *******************************************
06-08 13:39:36.478   476   476 D SAN_SERVICE: DM App Phone Service State - 0
06-08 13:39:36.478   476   476 D SAN_SERVICE: *******************************************
06-08 13:39:36.591  1119  3507 D MetricsUtils: [PrefetchHelper.cleanCache time:1203]
06-08 13:39:36.689  1119  3507 D PicasaSyncManager: sync complete: SyncResult: stats []
06-08 13:39:36.783  1119  1121 D dalvikvm: GC_CONCURRENT freed 454K, 7% free 9585K/10247K, paused 2ms+2ms
06-08 13:39:36.783  1119  1133 V PicasaContentProvider: querySettings: defaults: {sync_on_wifi_only=1, auto_upload_account_type=null, sync_on_battery=1, sync_picasa_on_wifi_only=1, auto_upload_enabled=0, video_upload_wifi_only=1, sync_on_roaming=0, auto_upload_account_name=null}
06-08 13:39:36.802  1119  3507 D MetricsUtils: [PicasaSyncManager.getNextSyncTask time:101]
06-08 13:39:36.802  1119  3507 D PicasaSyncManager: perform sync task: PrefetchAlbumCover (jayinamdar@gmail.com)
06-08 13:39:36.802  1332  1332 D OpenGLRenderer: Flushing caches (mode 1)
06-08 13:39:36.814  1789  3538 I DownloadManager: deleting /data/data/com.android.providers.downloads/cache/downloadfile.gif
06-08 13:39:36.892  1119  3507 D PicasaSyncManager: sync complete: SyncResult: stats []
06-08 13:39:36.931  1119  1133 V PicasaContentProvider: querySettings: defaults: {sync_on_wifi_only=1, auto_upload_account_type=null, sync_on_battery=1, sync_picasa_on_wifi_only=1, auto_upload_enabled=0, video_upload_wifi_only=1, sync_on_roaming=0, auto_upload_account_name=null}
06-08 13:39:36.931  1119  3507 D PicasaSyncManager: perform sync task: PrefetchScreenNail (jayinamdar@gmail.com)
06-08 13:39:37.040  1789  3540 I DownloadManager: Initiating request for download 165
06-08 13:39:37.724  1789  1791 D dalvikvm: GC_CONCURRENT freed 385K, 6% free 9408K/9991K, paused 1ms+3ms
06-08 13:39:39.372  1332  1332 D OpenGLRenderer: Flushing caches (mode 1)
06-08 13:39:39.458   151   917 D dalvikvm: GC_EXPLICIT freed 404K, 12% free 14165K/15943K, paused 3ms+6ms
06-08 13:39:41.451  1789  3546 I DownloadManager: deleting /data/data/com.android.providers.downloads/cache/downloadfile.gif
06-08 13:39:41.458  1789  3547 I DownloadManager: Initiating request for download 166
06-08 13:39:42.708  1789  1791 D dalvikvm: GC_CONCURRENT freed 451K, 6% free 9429K/9991K, paused 1ms+3ms
06-08 13:39:43.466  1119  1121 D dalvikvm: GC_CONCURRENT freed 320K, 6% free 9649K/10247K, paused 3ms+5ms
06-08 13:39:43.931  1332  1332 D OpenGLRenderer: Flushing caches (mode 1)
06-08 13:39:43.951  1789  3554 I DownloadManager: deleting /data/data/com.android.providers.downloads/cache/downloadfile.gif
06-08 13:39:44.095  1789  3556 I DownloadManager: Initiating request for download 167
06-08 13:39:46.201  1789  1791 D dalvikvm: GC_CONCURRENT freed 443K, 6% free 9418K/9991K, paused 2ms+2ms
06-08 13:39:46.318  1332  1332 D OpenGLRenderer: Flushing caches (mode 1)
06-08 13:39:47.517  1789  3562 I DownloadManager: deleting /data/data/com.android.providers.downloads/cache/downloadfile.gif
06-08 13:39:47.724  1789  3564 I DownloadManager: Initiating request for download 168
06-08 13:39:50.154  1789  3568 D dalvikvm: GC_EXPLICIT freed 390K, 6% free 9416K/9991K, paused 2ms+4ms
06-08 13:39:50.267  1332  1332 D OpenGLRenderer: Flushing caches (mode 1)
06-08 13:39:50.392  1789  3570 I DownloadManager: deleting /data/data/com.android.providers.downloads/cache/downloadfile.gif
06-08 13:39:50.404  1789  3571 I DownloadManager: Initiating request for download 169
06-08 13:39:52.228  1119  1121 D dalvikvm: GC_CONCURRENT freed 409K, 7% free 9624K/10247K, paused 1ms+4ms
06-08 13:39:52.368  1332  1332 D OpenGLRenderer: Flushing caches (mode 1)
06-08 13:39:52.458  1789  3577 I DownloadManager: deleting /data/data/com.android.providers.downloads/cache/downloadfile.htm
06-08 13:39:52.611  1789  1791 D dalvikvm: GC_CONCURRENT freed 442K, 6% free 9413K/9991K, paused 10ms+3ms
06-08 13:39:52.673  1789  3579 I DownloadManager: Initiating request for download 170
06-08 13:39:54.650  1278  1296 I PhoneLab-: Service Running
06-08 13:39:54.755  1278  1296 I PhoneLab-LoggerService: app_38    1302  1278  1772   1328  c00f181c 400107b4 S logcat
06-08 13:39:54.755  1278  1296 I PhoneLab-LoggerService: Logcat pid from database 1302
06-08 13:39:54.755  1278  1296 I PhoneLab-LoggerService: Logcat process found 1302
06-08 13:39:54.755  1278  1296 I PhoneLab-LoggerService: Checking Threshold
06-08 13:40:00.392  1402  1404 D dalvikvm: GC_CONCURRENT freed 392K, 14% free 9829K/11335K, paused 2ms+3ms
06-08 13:40:00.568   151   167 D dalvikvm: GC_EXPLICIT freed 657K, 12% free 14180K/15943K, paused 3ms+6ms
06-08 13:40:00.579  1332  1332 D OpenGLRenderer: Flushing caches (mode 1)
06-08 13:40:00.603  1789  1791 D dalvikvm: GC_CONCURRENT freed 472K, 7% free 9392K/9991K, paused 2ms+7ms
06-08 13:40:00.704  1789  3589 I DownloadManager: deleting /data/data/com.android.providers.downloads/cache/downloadfile.jpeg
06-08 13:40:00.826  1789  3592 I DownloadManager: Initiating request for download 171
06-08 13:40:01.697   476   476 D SAN_SERVICE: *******************************************
06-08 13:40:01.697   476   476 D SAN_SERVICE: DM App Phone Service State - 0
06-08 13:40:01.697   476   476 D SAN_SERVICE: *******************************************
06-08 13:40:02.107   476   476 D SAN_SERVICE: *******************************************
06-08 13:40:02.107   476   476 D SAN_SERVICE: DM App Phone Service State - 0
06-08 13:40:02.107   476   476 D SAN_SERVICE: *******************************************
06-08 13:40:02.181   476   479 D dalvikvm: GC_CONCURRENT freed 396K, 6% free 9513K/10119K, paused 8ms+2ms
06-08 13:40:02.251   476   476 D SAN_SERVICE: *******************************************
06-08 13:40:02.251   476   476 D SAN_SERVICE: DM App Phone Service State - 0
06-08 13:40:02.251   476   476 D SAN_SERVICE: *******************************************
06-08 13:40:03.064  1119  1121 D dalvikvm: GC_CONCURRENT freed 384K, 7% free 9628K/10247K, paused 4ms+4ms
06-08 13:40:08.380  1789  1791 D dalvikvm: GC_CONCURRENT freed 365K, 6% free 9411K/9991K, paused 1ms+3ms
06-08 13:40:10.001  1332  1332 D OpenGLRenderer: Flushing caches (mode 1)
06-08 13:40:10.204  1789  3602 I DownloadManager: deleting /data/data/com.android.providers.downloads/cache/downloadfile.jpeg
06-08 13:40:10.224  1789  3603 I DownloadManager: Initiating request for download 172
06-08 13:40:13.841  1789  1791 D dalvikvm: GC_CONCURRENT freed 439K, 6% free 9417K/9991K, paused 2ms+5ms
06-08 13:40:14.736  1332  1332 D OpenGLRenderer: Flushing caches (mode 1)
06-08 13:40:15.111  1789  3611 I DownloadManager: deleting /data/data/com.android.providers.downloads/cache/downloadfile.jpeg
06-08 13:40:15.118  1789  3612 I DownloadManager: Initiating request for download 173
06-08 13:40:17.201   476   476 D SAN_SERVICE: *******************************************
06-08 13:40:17.201   476   476 D SAN_SERVICE: DM App Phone Service State - 0
06-08 13:40:17.201   476   476 D SAN_SERVICE: *******************************************
06-08 13:40:17.353   476   476 D SAN_SERVICE: *******************************************
06-08 13:40:17.353   476   476 D SAN_SERVICE: DM App Phone Service State - 0
06-08 13:40:17.353   476   476 D SAN_SERVICE: *******************************************
06-08 13:40:19.259  1119  1121 D dalvikvm: GC_CONCURRENT freed 384K, 7% free 9631K/10247K, paused 2ms+3ms
06-08 13:40:21.068  1789  1791 D dalvikvm: GC_CONCURRENT freed 436K, 6% free 9420K/9991K, paused 178ms+3ms
06-08 13:40:22.857  1332  1332 D OpenGLRenderer: Flushing caches (mode 1)
06-08 13:40:23.443  1789  3622 I DownloadManager: deleting /data/data/com.android.providers.downloads/cache/downloadfile.jpeg
06-08 13:40:23.462  1789  3623 I DownloadManager: Initiating request for download 174
06-08 13:40:23.685   476   476 D SAN_SERVICE: *******************************************
06-08 13:40:23.685   476   476 D SAN_SERVICE: DM App Phone Service State - 0
06-08 13:40:23.685   476   476 D SAN_SERVICE: *******************************************
06-08 13:40:24.208   476   476 D SAN_SERVICE: *******************************************
06-08 13:40:24.208   476   476 D SAN_SERVICE: DM App Phone Service State - 0
06-08 13:40:24.208   476   476 D SAN_SERVICE: *******************************************
06-08 13:40:25.154   151   471 D AlarmManagerService: Kernel timezone updated to 240 minutes west of GMT
06-08 13:40:25.212  1789  1791 D dalvikvm: GC_CONCURRENT freed 432K, 6% free 9423K/9991K, paused 2ms+5ms
06-08 13:40:28.173  1119  1121 D dalvikvm: GC_CONCURRENT freed 388K, 7% free 9628K/10247K, paused 3ms+8ms
06-08 13:40:32.201  1332  1332 D OpenGLRenderer: Flushing caches (mode 1)
06-08 13:40:33.212  1789  3636 I DownloadManager: deleting /data/data/com.android.providers.downloads/cache/downloadfile.jpeg
06-08 13:40:33.314   151   558 D dalvikvm: GC_EXPLICIT freed 1024K, 11% free 14201K/15943K, paused 5ms+7ms
06-08 13:40:33.318  1789  3637 I DownloadManager: Initiating request for download 175
06-08 13:40:34.673  1789  1791 D dalvikvm: GC_CONCURRENT freed 463K, 6% free 9425K/9991K, paused 1ms+3ms
06-08 13:40:37.728  1119  1121 D dalvikvm: GC_CONCURRENT freed 388K, 7% free 9624K/10247K, paused 3ms+4ms
06-08 13:40:38.286  1332  1332 D OpenGLRenderer: Flushing caches (mode 1)
06-08 13:40:38.509  1789  3666 I DownloadManager: deleting /data/data/com.android.providers.downloads/cache/downloadfile.jpeg
06-08 13:40:38.525  1789  3667 I DownloadManager: Initiating request for download 176
06-08 13:40:39.751  1789  1791 D dalvikvm: GC_CONCURRENT freed 477K, 7% free 9381K/9991K, paused 12ms+3ms
06-08 13:40:45.247  1332  1332 D OpenGLRenderer: Flushing caches (mode 1)
06-08 13:40:45.275  1402  1404 D dalvikvm: GC_CONCURRENT freed 394K, 14% free 9827K/11335K, paused 1ms+3ms
06-08 13:40:45.384  1789  3676 I DownloadManager: deleting /data/data/com.android.providers.downloads/cache/downloadfile.jpeg
06-08 13:40:45.517  1789  3678 I DownloadManager: Initiating request for download 177
06-08 13:40:45.544  1789  3676 D dalvikvm: GC_EXPLICIT freed 359K, 7% free 9379K/9991K, paused 2ms+5ms
06-08 13:40:48.138  1119  1121 D dalvikvm: GC_CONCURRENT freed 382K, 7% free 9628K/10247K, paused 8ms+3ms
06-08 13:40:50.333  1332  1332 D OpenGLRenderer: Flushing caches (mode 1)
06-08 13:40:50.357  1789  1791 D dalvikvm: GC_CONCURRENT freed 410K, 7% free 9353K/9991K, paused 8ms+3ms
06-08 13:40:50.759  1789  3685 I DownloadManager: deleting /data/data/com.android.providers.downloads/cache/downloadfile.jpeg
06-08 13:40:50.880  1789  3687 I DownloadManager: Initiating request for download 178
06-08 13:40:52.919   476   476 D SAN_SERVICE: *******************************************
06-08 13:40:52.919   476   476 D SAN_SERVICE: DM App Phone Service State - 0
06-08 13:40:52.919   476   476 D SAN_SERVICE: *******************************************
06-08 13:40:53.060   476   476 D SAN_SERVICE: *******************************************
06-08 13:40:53.064   476   476 D SAN_SERVICE: DM App Phone Service State - 0
06-08 13:40:53.064   476   476 D SAN_SERVICE: *******************************************
06-08 13:40:53.642   476   476 D SAN_SERVICE: *******************************************
06-08 13:40:53.642   476   476 D SAN_SERVICE: DM App Phone Service State - 0
06-08 13:40:53.642   476   476 D SAN_SERVICE: *******************************************
06-08 13:40:57.837  1789  1791 D dalvikvm: GC_CONCURRENT freed 337K, 6% free 9400K/9991K, paused 2ms+2ms
06-08 13:40:58.197  1119  1121 D dalvikvm: GC_CONCURRENT freed 384K, 7% free 9628K/10247K, paused 3ms+5ms
06-08 13:41:06.583  1119  1121 D dalvikvm: GC_CONCURRENT freed 390K, 7% free 9629K/10247K, paused 3ms+2ms
06-08 13:41:08.177   151   153 D dalvikvm: GC_CONCURRENT freed 1204K, 11% free 14212K/15943K, paused 9ms+6ms
06-08 13:41:09.388   151   201 I power   : *** set_screen_state 1
06-08 13:41:09.505   151   201 I WindowManager: Lock screen displayed!
06-08 13:41:09.626    79   120 D SurfaceFlinger: Screen about to return, flinger = 0x8a0918
06-08 13:41:10.404   388   388 D PhoneStatusBar: disable: < expand icons alerts ticker system_info BACK HOME recent* CLOCK >
06-08 13:41:10.411   488  1614 D NfcService: NFC-C ON
06-08 13:41:10.411    82   127 D AudioHardware: AudioHardware pcm playback is exiting standby.
06-08 13:41:10.411    82   127 D AudioHardware: openPcmOut_l() mPcmOpenCnt: 0
06-08 13:41:10.447   151   469 W InputManagerService: Window already focused, ignoring focus gain of: com.android.internal.view.IInputMethodClient$Stub$Proxy@415c1da8
06-08 13:41:10.451   388   388 D PhoneStatusBar: disable: < expand icons alerts ticker system_info back* home* recent clock* >
06-08 13:41:11.646   151   917 I ActivityManager: START {act=android.intent.action.MAIN cat=[android.intent.category.LAUNCHER] flg=0x10200000 cmp=com.android.browser/.BrowserActivity bnds=[384,706][480,802]} from pid 1643
06-08 13:41:11.712  1899  1899 D WebViewTimersControl: onBrowserActivityResume
06-08 13:41:11.712  1899  1899 D WebViewTimersControl: Resuming webview timers, view=com.android.browser.BrowserWebView@413f0448
06-08 13:41:12.103  1643  1643 D OpenGLRenderer: Flushing caches (mode 0)
06-08 13:41:12.509  1643  1643 D OpenGLRenderer: Flushing caches (mode 1)
06-08 13:41:13.435   476   476 D SAN_SERVICE: *******************************************
06-08 13:41:13.435   476   476 D SAN_SERVICE: DM App Phone Service State - 0
06-08 13:41:13.435   476   476 D SAN_SERVICE: *******************************************
06-08 13:41:14.165   476   476 D SAN_SERVICE: *******************************************
06-08 13:41:14.165   476   476 D SAN_SERVICE: DM App Phone Service State - 0
06-08 13:41:14.165   476   476 D SAN_SERVICE: *******************************************
06-08 13:41:14.361   151   151 W InputManagerService: Window already focused, ignoring focus gain of: com.android.internal.view.IInputMethodClient$Stub$Proxy@4146b580
06-08 13:41:14.743    82   127 D AudioHardware: AudioHardware pcm playback is going to standby.
06-08 13:41:14.743    82   127 D AudioHardware: closePcmOut_l() mPcmOpenCnt: 1
06-08 13:41:16.763   452   454 D dalvikvm: GC_CONCURRENT freed 367K, 4% free 10643K/11079K, paused 5ms+12ms
06-08 13:41:17.107   388   390 D dalvikvm: GC_CONCURRENT freed 228K, 8% free 9873K/10695K, paused 3ms+7ms
06-08 13:41:17.271   388   390 D dalvikvm: GC_CONCURRENT freed 452K, 8% free 9858K/10695K, paused 3ms+2ms
06-08 13:41:18.040   151   163 I ActivityManager: Start proc com.google.android.googlequicksearchbox for content provider com.google.android.googlequicksearchbox/.google.GoogleSuggestionProvider: pid=3709 uid=10023 gids={3003}
06-08 13:41:18.220  3709  3709 I ActivityThread: Pub com.google.android.googlequicksearchbox.shortcuts: com.google.android.googlequicksearchbox.WebHistoryProvider
06-08 13:41:18.228  3709  3709 I ActivityThread: Pub com.google.android.googlequicksearchbox.google: com.google.android.googlequicksearchbox.google.GoogleSuggestionProvider
06-08 13:41:18.259  3709  3721 I QSB.QsbApplication: allowSuggestionLoginCreation
06-08 13:41:18.478   151   471 D dalvikvm: GC_EXPLICIT freed 594K, 11% free 14190K/15943K, paused 3ms+6ms
06-08 13:41:18.677   718   772 D androidNetworkLocationListeners: Still have listener com.google.android.location.internal.client.NetworkLocationClient$1@4136eaf0
06-08 13:41:18.681   718   772 D androidNetworkLocationListeners: Still have listener com.google.android.location.internal.client.NetworkLocationClient$1@4136eaf0
06-08 13:41:18.802  3709  3710 D dalvikvm: GC_CONCURRENT freed 283K, 4% free 9186K/9543K, paused 8ms+4ms
06-08 13:41:18.806  3709  3721 I QSB.GenieClient: request: chars=1;feeds=[qs, ns];loc=true;auth=false
06-08 13:41:19.974   718  1554 I WifiLocationEstimator: Not returning location for the following outliers: [229533830080352]
06-08 13:41:20.103   718  1554 D CellLocator: Primary cell miss in cache. Need server request.
06-08 13:41:20.103   718  1554 D NetworkLocator: New location significantly newer than previous. Reporting it.
06-08 13:41:20.150   718   720 D dalvikvm: GC_CONCURRENT freed 548K, 11% free 10319K/11591K, paused 5ms+7ms
06-08 13:41:20.189   718   794 I System.out: [INFO:1183519]: LogSource: Running flush
06-08 13:41:20.189   718   799 I System.out: [INFO:1183521]: LogSource: Sending payload [bytes=493]
06-08 13:41:22.025  1332  1334 D dalvikvm: GC_CONCURRENT freed 397K, 6% free 9845K/10439K, paused 2ms+4ms
06-08 13:41:22.154  3709  3721 I QSB.GenieClient: response: suggestions=0;0;0;0;0;0;0;
06-08 13:41:22.189  3709  3720 I QSB.QsbApplication: allowSuggestionLoginCreation
06-08 13:41:22.197  3709  3720 I QSB.GenieClient: request: chars=2;feeds=[qs, ns];loc=true;auth=false
06-08 13:41:22.529  1899  1901 D dalvikvm: GC_CONCURRENT freed 380K, 4% free 11133K/11591K, paused 15ms+4ms
06-08 13:41:22.943  1332  1332 D OpenGLRenderer: Flushing caches (mode 1)
06-08 13:41:22.943   718   799 I System.out: [INFO:1186274]: LogSource: Response [http=200,length=277]
06-08 13:41:22.943   718   794 I System.out: [INFO:1186274]: LogSource: Read id 5, status code 200
06-08 13:41:23.076   718  1554 D WifiLocator: Too many no-location APs. Will not compute a location nor go to the server. hasLocation=0 noLocation=0 cacheMiss=0
06-08 13:41:23.185  3709  3720 I QSB.GenieClient: response: suggestions=0;0;0;0;0;0;0;
06-08 13:41:23.341  1899  1901 D dalvikvm: GC_CONCURRENT freed 864K, 9% free 10947K/11911K, paused 2ms+3ms
06-08 13:41:23.345  3709  3723 I QSB.QsbApplication: allowSuggestionLoginCreation
06-08 13:41:23.443  3709  3723 I QSB.GenieClient: request: chars=3;feeds=[qs, ns];loc=true;auth=false
06-08 13:41:23.486   476   476 D SAN_SERVICE: *******************************************
06-08 13:41:23.486   476   476 D SAN_SERVICE: DM App Phone Service State - 0
06-08 13:41:23.486   476   476 D SAN_SERVICE: *******************************************
06-08 13:41:23.876  1789  1791 D dalvikvm: GC_CONCURRENT freed 367K, 6% free 9418K/9991K, paused 2ms+3ms
06-08 13:41:23.876  3709  3723 I QSB.GenieClient: response: suggestions=0;0;0;0;0;0;0;
06-08 13:41:23.954  3709  3720 I QSB.QsbApplication: allowSuggestionLoginCreation
06-08 13:41:23.962  3709  3720 I QSB.GenieClient: request: chars=4;feeds=[qs, ns];loc=true;auth=false
06-08 13:41:24.130  3709  3710 D dalvikvm: GC_CONCURRENT freed 344K, 5% free 9257K/9735K, paused 3ms+4ms
06-08 13:41:24.189  3709  3720 I QSB.GenieClient: response: suggestions=0;0;0;0;0;0;0;
06-08 13:41:24.310  1899  1901 D dalvikvm: GC_CONCURRENT freed 556K, 9% free 10928K/11911K, paused 3ms+3ms
06-08 13:41:24.314  3709  3720 I QSB.QsbApplication: allowSuggestionLoginCreation
06-08 13:41:24.333  3709  3720 I QSB.GenieClient: request: chars=5;feeds=[qs, ns];loc=true;auth=false
06-08 13:41:24.888  3709  3720 I QSB.GenieClient: response: suggestions=0;0;0;0;0;0;0;
06-08 13:41:24.962  3709  3721 I QSB.QsbApplication: allowSuggestionLoginCreation
06-08 13:41:24.970  3709  3721 I QSB.GenieClient: request: chars=6;feeds=[qs, ns];loc=true;auth=false
06-08 13:41:25.431  1899  1901 D dalvikvm: GC_CONCURRENT freed 556K, 9% free 10935K/11911K, paused 2ms+5ms
06-08 13:41:25.724  3709  3721 I QSB.GenieClient: response: suggestions=0;0;0;0;0;0;0;
06-08 13:41:25.822  3709  3720 I QSB.QsbApplication: allowSuggestionLoginCreation
06-08 13:41:25.829  3709  3720 I QSB.GenieClient: request: chars=7;feeds=[qs, ns];loc=true;auth=false
06-08 13:41:25.970  1899  1901 D dalvikvm: GC_CONCURRENT freed 524K, 9% free 10921K/11911K, paused 3ms+3ms
06-08 13:41:26.064  3709  3720 I QSB.GenieClient: response: suggestions=0;0;0;0;0;0;0;
06-08 13:41:26.146  3709  3721 I QSB.QsbApplication: allowSuggestionLoginCreation
06-08 13:41:26.154  3709  3721 I QSB.GenieClient: request: chars=8;feeds=[qs, ns];loc=true;auth=false
06-08 13:41:26.474  3709  3710 D dalvikvm: GC_CONCURRENT freed 388K, 6% free 9285K/9799K, paused 2ms+3ms
06-08 13:41:26.493  3709  3721 I QSB.GenieClient: response: suggestions=0;0;0;0;0;0;0;
06-08 13:41:26.548  3709  3723 I QSB.QsbApplication: allowSuggestionLoginCreation
06-08 13:41:26.548  3709  3723 I QSB.GenieClient: request: chars=9;feeds=[qs, ns];loc=true;auth=false
06-08 13:41:26.826  3709  3723 I QSB.GenieClient: response: suggestions=0;0;0;0;0;0;0;
06-08 13:41:26.915  1899  1901 D dalvikvm: GC_CONCURRENT freed 562K, 9% free 10938K/11911K, paused 3ms+3ms
06-08 13:41:26.993  3709  3723 I QSB.QsbApplication: allowSuggestionLoginCreation
06-08 13:41:26.993  3709  3723 I QSB.GenieClient: request: chars=10;feeds=[qs, ns];loc=true;auth=false
06-08 13:41:27.161  1332  1344 D dalvikvm: GC_EXPLICIT freed 133K, 6% free 9833K/10439K, paused 2ms+3ms
06-08 13:41:27.240  1332  1332 D OpenGLRenderer: Flushing caches (mode 1)
06-08 13:41:27.243  1789  3746 I DownloadManager: deleting /data/data/com.android.providers.downloads/cache/downloadfile.apk
06-08 13:41:27.322  3709  3723 I QSB.GenieClient: response: suggestions=0;0;0;0;0;0;0;
06-08 13:41:27.404  3709  3720 I QSB.QsbApplication: allowSuggestionLoginCreation
06-08 13:41:27.411  1899  1901 D dalvikvm: GC_CONCURRENT freed 531K, 9% free 10931K/11911K, paused 2ms+3ms
06-08 13:41:27.427  3709  3720 I QSB.GenieClient: request: chars=11;feeds=[qs, ns];loc=true;auth=false
06-08 13:41:27.536  1789  3748 I DownloadManager: Initiating request for download 179
06-08 13:41:27.712  3709  3720 I QSB.GenieClient: response: suggestions=0;0;0;0;0;0;0;
06-08 13:41:27.814  3709  3721 I QSB.QsbApplication: allowSuggestionLoginCreation
06-08 13:41:27.818  3709  3721 I QSB.GenieClient: request: chars=12;feeds=[qs, ns];loc=true;auth=false
06-08 13:41:27.935  3709  3721 I QSB.GenieClient: response: suggestions=0;0;0;
06-08 13:41:28.021  1899  1901 D dalvikvm: GC_CONCURRENT freed 573K, 9% free 10931K/11911K, paused 2ms+3ms
06-08 13:41:28.064  3709  3723 I QSB.QsbApplication: allowSuggestionLoginCreation
06-08 13:41:28.118  3709  3723 I QSB.GenieClient: request: chars=13;feeds=[qs, ns];loc=true;auth=false
06-08 13:41:28.329   388   388 D dalvikvm: GC_FOR_ALLOC freed 370K, 10% free 9670K/10695K, paused 83ms
06-08 13:41:28.458  3709  3723 I QSB.GenieClient: response: suggestions=0;0;0;
06-08 13:41:28.513  3709  3721 I QSB.QsbApplication: allowSuggestionLoginCreation
06-08 13:41:28.529  3709  3721 I QSB.GenieClient: request: chars=14;feeds=[qs, ns];loc=true;auth=false
06-08 13:41:28.759  3709  3721 I QSB.GenieClient: response: suggestions=0;0;0;
06-08 13:41:28.786  3709  3720 I QSB.QsbApplication: allowSuggestionLoginCreation
06-08 13:41:28.806  3709  3720 I QSB.GenieClient: request: chars=15;feeds=[qs, ns];loc=true;auth=false
06-08 13:41:29.150  3709  3710 D dalvikvm: GC_CONCURRENT freed 455K, 6% free 9273K/9863K, paused 2ms+6ms
06-08 13:41:29.204  3709  3720 I QSB.GenieClient: response: suggestions=
06-08 13:41:29.247  3709  3721 I QSB.QsbApplication: allowSuggestionLoginCreation
06-08 13:41:29.337   476   476 D SAN_SERVICE: *******************************************
06-08 13:41:29.337   476   476 D SAN_SERVICE: DM App Phone Service State - 0
06-08 13:41:29.337   476   476 D SAN_SERVICE: *******************************************
06-08 13:41:29.642  1789  1791 D dalvikvm: GC_CONCURRENT freed 469K, 6% free 9393K/9991K, paused 63ms+274ms
06-08 13:41:29.724  3709  3721 I QSB.GenieClient: request: chars=16;feeds=[qs, ns];loc=true;auth=false
06-08 13:41:29.837   476   476 D SAN_SERVICE: *******************************************
06-08 13:41:29.837   476   476 D SAN_SERVICE: DM App Phone Service State - 0
06-08 13:41:29.837   476   476 D SAN_SERVICE: *******************************************
06-08 13:41:29.923  3709  3721 I QSB.GenieClient: response: suggestions=
06-08 13:41:29.931  3709  3723 I QSB.QsbApplication: allowSuggestionLoginCreation
06-08 13:41:29.939  3709  3723 I QSB.GenieClient: request: chars=17;feeds=[qs, ns];loc=true;auth=false
06-08 13:41:30.454   476   476 D SAN_SERVICE: *******************************************
06-08 13:41:30.454   476   476 D SAN_SERVICE: DM App Phone Service State - 0
06-08 13:41:30.454   476   476 D SAN_SERVICE: *******************************************
06-08 13:41:30.833   476   476 D SAN_SERVICE: *******************************************
06-08 13:41:30.833   476   476 D SAN_SERVICE: DM App Phone Service State - 0
06-08 13:41:30.833   476   476 D SAN_SERVICE: *******************************************
06-08 13:41:30.911  3709  3723 I QSB.GenieClient: response: suggestions=
06-08 13:41:30.931  3709  3720 I QSB.QsbApplication: allowSuggestionLoginCreation
06-08 13:41:31.033  1332  1332 D OpenGLRenderer: Flushing caches (mode 1)
06-08 13:41:31.064  3709  3720 I QSB.GenieClient: request: chars=18;feeds=[qs, ns];loc=true;auth=false
06-08 13:41:31.411  1789  3758 I DownloadManager: deleting /data/data/com.android.providers.downloads/cache/downloadfile.jpeg
06-08 13:41:31.458  3709  3720 I QSB.GenieClient: response: suggestions=
06-08 13:41:31.470  3709  3721 I QSB.QsbApplication: allowSuggestionLoginCreation
06-08 13:41:31.474  3709  3721 I QSB.GenieClient: request: chars=19;feeds=[qs, ns];loc=true;auth=false
06-08 13:41:31.630  1119  1121 D dalvikvm: GC_CONCURRENT freed 389K, 7% free 9624K/10247K, paused 11ms+6ms
06-08 13:41:31.630  3709  3721 I QSB.GenieClient: response: suggestions=
06-08 13:41:31.697  3709  3723 I QSB.QsbApplication: allowSuggestionLoginCreation
06-08 13:41:31.712  3709  3723 I QSB.GenieClient: request: chars=20;feeds=[qs, ns];loc=true;auth=false
06-08 13:41:31.915  3709  3723 I QSB.GenieClient: response: suggestions=
06-08 13:41:32.060  1899  1945 D dalvikvm: GC_EXPLICIT freed 448K, 10% free 10832K/11911K, paused 7ms+4ms
06-08 13:41:32.060  3709  3720 I QSB.QsbApplication: allowSuggestionLoginCreation
06-08 13:41:32.064  3709  3720 I QSB.GenieClient: request: chars=21;feeds=[qs, ns];loc=true;auth=false
06-08 13:41:32.208  1789  3760 I DownloadManager: Initiating request for download 180
06-08 13:41:32.326  3709  3720 I QSB.GenieClient: response: suggestions=
06-08 13:41:33.568  1789  1791 D dalvikvm: GC_CONCURRENT freed 409K, 7% free 9375K/9991K, paused 2ms+4ms
06-08 13:41:33.673  1332  1332 D OpenGLRenderer: Flushing caches (mode 1)
06-08 13:41:33.708  1789  3766 I DownloadManager: deleting /data/data/com.android.providers.downloads/cache/downloadfile.gif
06-08 13:41:34.083  1789  3768 I DownloadManager: Initiating request for download 181
06-08 13:41:35.158   151   471 D dalvikvm: GC_EXPLICIT freed 1519K, 16% free 13481K/15943K, paused 4ms+10ms
06-08 13:41:35.501  1332  1332 D OpenGLRenderer: Flushing caches (mode 1)
06-08 13:41:35.540  1789  1791 D dalvikvm: GC_CONCURRENT freed 381K, 7% free 9384K/9991K, paused 16ms+3ms
06-08 13:41:35.587  1789  3773 I DownloadManager: deleting /data/data/com.android.providers.downloads/cache/downloadfile.gif
06-08 13:41:35.935  1789  3775 I DownloadManager: Initiating request for download 182
06-08 13:41:37.029  1332  1332 D OpenGLRenderer: Flushing caches (mode 1)
06-08 13:41:37.083  1789  1791 D dalvikvm: GC_CONCURRENT freed 402K, 7% free 9371K/9991K, paused 2ms+2ms
06-08 13:41:37.107  1789  3782 I DownloadManager: deleting /data/data/com.android.providers.downloads/cache/downloadfile.jpeg
06-08 13:41:39.501  1789  3784 I DownloadManager: Initiating request for download 183
06-08 13:41:40.829  1402  1404 D dalvikvm: GC_CONCURRENT freed 414K, 14% free 9826K/11335K, paused 3ms+5ms
06-08 13:41:40.904  1332  1332 D OpenGLRenderer: Flushing caches (mode 1)
06-08 13:41:40.915  1789  3789 I DownloadManager: deleting /data/data/com.android.providers.downloads/cache/downloadfile.gif
06-08 13:41:41.079  1789  1791 D dalvikvm: GC_CONCURRENT freed 377K, 7% free 9378K/9991K, paused 3ms+4ms
06-08 13:41:41.181  1789  3791 I DownloadManager: Initiating request for download 184
06-08 13:41:41.451    82   127 D AudioHardware: AudioHardware pcm playback is exiting standby.
06-08 13:41:41.451    82   127 D AudioHardware: openPcmOut_l() mPcmOpenCnt: 0
06-08 13:41:43.876  1332  1332 D OpenGLRenderer: Flushing caches (mode 1)
06-08 13:41:43.954  1119  1121 D dalvikvm: GC_CONCURRENT freed 382K, 7% free 9628K/10247K, paused 2ms+5ms
06-08 13:41:44.361  1789  3798 I DownloadManager: deleting /data/data/com.android.providers.downloads/cache/downloadfile.gif
06-08 13:41:44.603  1789  3800 I DownloadManager: Initiating request for download 185
06-08 13:41:44.658  1789  1791 D dalvikvm: GC_CONCURRENT freed 380K, 7% free 9392K/9991K, paused 2ms+3ms
06-08 13:41:46.826  1789  1801 D dalvikvm: GC_EXPLICIT freed 320K, 7% free 9368K/9991K, paused 2ms+4ms
06-08 13:41:46.829  1332  1332 D OpenGLRenderer: Flushing caches (mode 1)
06-08 13:41:46.908  1789  3806 I DownloadManager: deleting /data/data/com.android.providers.downloads/cache/downloadfile.gif
06-08 13:41:47.079  1789  3808 I DownloadManager: Initiating request for download 186
06-08 13:41:47.095    82   127 D AudioHardware: AudioHardware pcm playback is going to standby.
06-08 13:41:47.095    82   127 D AudioHardware: closePcmOut_l() mPcmOpenCnt: 1
06-08 13:41:48.091   151   151 D dalvikvm: GC_EXPLICIT freed 607K, 16% free 13436K/15943K, paused 3ms+6ms
06-08 13:41:48.240  1789  1791 D dalvikvm: GC_CONCURRENT freed 359K, 6% free 9395K/9991K, paused 2ms+4ms
06-08 13:41:48.255  1789  3814 I DownloadManager: deleting /data/data/com.android.providers.downloads/cache/downloadfile.gif
06-08 13:41:52.513  1899  1901 D dalvikvm: GC_CONCURRENT freed 358K, 8% free 10971K/11911K, paused 7ms+8ms
06-08 13:41:54.630  1119  1121 D dalvikvm: GC_CONCURRENT freed 388K, 7% free 9628K/10247K, paused 18ms+3ms
06-08 13:41:54.642  1278  1296 I PhoneLab-: Service Running
06-08 13:41:54.697  1278  1296 I PhoneLab-LoggerService: app_38    1302  1278  1772   1328  c00f181c 400107b4 S logcat
06-08 13:41:54.697  1278  1296 I PhoneLab-LoggerService: Logcat pid from database 1302
06-08 13:41:54.697  1278  1296 I PhoneLab-LoggerService: Logcat process found 1302
06-08 13:41:54.697  1278  1296 I PhoneLab-LoggerService: Checking Threshold
06-08 13:41:57.939   452   454 D dalvikvm: GC_CONCURRENT freed 572K, 6% free 10555K/11207K, paused 3ms+15ms
06-08 13:41:58.294   388   390 D dalvikvm: GC_CONCURRENT freed 387K, 10% free 9689K/10695K, paused 5ms+3ms
06-08 13:41:58.704   388   390 D dalvikvm: GC_CONCURRENT freed 218K, 8% free 9872K/10695K, paused 3ms+14ms
06-08 13:42:05.755  1119  1121 D dalvikvm: GC_CONCURRENT freed 393K, 7% free 9628K/10247K, paused 2ms+6ms
06-08 13:42:06.767   452   454 D dalvikvm: GC_CONCURRENT freed 484K, 6% free 10547K/11207K, paused 6ms+11ms
06-08 13:42:07.540   151   153 D dalvikvm: GC_CONCURRENT freed 1099K, 16% free 13443K/15943K, paused 3ms+9ms
06-08 13:42:07.720   452   454 D dalvikvm: GC_CONCURRENT freed 476K, 7% free 10533K/11207K, paused 2ms+36ms
06-08 13:42:08.216   452   454 D dalvikvm: GC_CONCURRENT freed 456K, 7% free 10482K/11207K, paused 5ms+4ms
06-08 13:42:14.986   452   454 D dalvikvm: GC_CONCURRENT freed 384K, 7% free 10517K/11207K, paused 2ms+10ms
06-08 13:42:15.419   151   153 D dalvikvm: GC_CONCURRENT freed 1112K, 16% free 13438K/15943K, paused 3ms+17ms
06-08 13:42:15.829   452   454 D dalvikvm: GC_CONCURRENT freed 466K, 7% free 10485K/11207K, paused 2ms+14ms
06-08 13:42:17.423   452   454 D dalvikvm: GC_CONCURRENT freed 437K, 7% free 10515K/11207K, paused 2ms+5ms
06-08 13:42:17.790    82   127 D AudioHardware: AudioHardware pcm playback is exiting standby.
06-08 13:42:17.790    82   127 D AudioHardware: openPcmOut_l() mPcmOpenCnt: 0
06-08 13:42:18.165   151   153 D dalvikvm: GC_CONCURRENT freed 1111K, 16% free 13433K/15943K, paused 4ms+11ms
06-08 13:42:18.302   452   454 D dalvikvm: GC_CONCURRENT freed 434K, 7% free 10489K/11207K, paused 2ms+18ms
06-08 13:42:19.029   452   454 D dalvikvm: GC_CONCURRENT freed 441K, 7% free 10514K/11207K, paused 2ms+6ms
06-08 13:42:19.501   452   454 D dalvikvm: GC_CONCURRENT freed 458K, 7% free 10526K/11207K, paused 2ms+25ms
06-08 13:42:19.517   388   390 D dalvikvm: GC_CONCURRENT freed 220K, 7% free 10043K/10695K, paused 2ms+58ms
06-08 13:42:19.681   151   153 D dalvikvm: GC_CONCURRENT freed 1080K, 16% free 13457K/15943K, paused 3ms+6ms
06-08 13:42:20.826  1119  1121 D dalvikvm: GC_CONCURRENT freed 385K, 7% free 9628K/10247K, paused 2ms+5ms
06-08 13:42:20.880    82   127 D AudioHardware: AudioHardware pcm playback is going to standby.
06-08 13:42:20.880    82   127 D AudioHardware: closePcmOut_l() mPcmOpenCnt: 1
06-08 13:42:22.345   452   454 D dalvikvm: GC_CONCURRENT freed 464K, 7% free 10514K/11207K, paused 2ms+4ms
06-08 13:42:23.509   452   468 E ActivityThread: Failed to find provider info for com.android.inputmethod.latin.dictionarypack
06-08 13:42:23.517   452   468 E BinaryDictionaryGetter: Could not find a dictionary pack
06-08 13:42:23.802   452   454 D dalvikvm: GC_CONCURRENT freed 176K, 4% free 10826K/11207K, paused 2ms+3ms
06-08 13:42:25.068   476   476 D SAN_SERVICE: *******************************************
06-08 13:42:25.068   476   476 D SAN_SERVICE: DM App Phone Service State - 0
06-08 13:42:25.068   476   476 D SAN_SERVICE: *******************************************
06-08 13:42:25.240   476   476 D SAN_SERVICE: *******************************************
06-08 13:42:25.240   476   476 D SAN_SERVICE: DM App Phone Service State - 0
06-08 13:42:25.240   476   476 D SAN_SERVICE: *******************************************
06-08 13:42:27.517  1899  1901 D dalvikvm: GC_CONCURRENT freed 462K, 8% free 11030K/11911K, paused 6ms+3ms
06-08 13:42:32.447  1119  1121 D dalvikvm: GC_CONCURRENT freed 390K, 7% free 9631K/10247K, paused 9ms+13ms
06-08 13:42:35.431   452   454 D dalvikvm: GC_CONCURRENT freed 278K, 4% free 11054K/11463K, paused 4ms+4ms
06-08 13:42:40.099  1119  1121 D dalvikvm: GC_CONCURRENT freed 390K, 7% free 9628K/10247K, paused 8ms+5ms
06-08 13:42:41.783   452   454 D dalvikvm: GC_CONCURRENT freed 629K, 6% free 11147K/11847K, paused 2ms+22ms
06-08 13:42:41.904   151   153 D dalvikvm: GC_CONCURRENT freed 1137K, 16% free 13432K/15943K, paused 3ms+6ms
06-08 13:42:51.927  1119  1121 D dalvikvm: GC_CONCURRENT freed 387K, 7% free 9627K/10247K, paused 2ms+2ms
06-08 13:42:55.646   476   476 D SAN_SERVICE: *******************************************
06-08 13:42:55.646   476   476 D SAN_SERVICE: DM App Phone Service State - 0
06-08 13:42:55.646   476   476 D SAN_SERVICE: *******************************************
06-08 13:42:55.915   476   476 D SAN_SERVICE: *******************************************
06-08 13:42:55.915   476   476 D SAN_SERVICE: DM App Phone Service State - 0
06-08 13:42:55.915   476   476 D SAN_SERVICE: *******************************************
06-08 13:42:56.790   476   476 D SAN_SERVICE: *******************************************
06-08 13:42:56.790   476   476 D SAN_SERVICE: DM App Phone Service State - 0
06-08 13:42:56.790   476   476 D SAN_SERVICE: *******************************************
06-08 13:43:00.970  1119  1121 D dalvikvm: GC_CONCURRENT freed 392K, 7% free 9627K/10247K, paused 2ms+5ms
06-08 13:43:09.564  1119  1121 D dalvikvm: GC_CONCURRENT freed 389K, 7% free 9624K/10247K, paused 2ms+2ms
06-08 13:43:10.935   452   454 D dalvikvm: GC_CONCURRENT freed 758K, 7% free 11145K/11975K, paused 2ms+7ms
06-08 13:43:11.247   476   476 D SAN_SERVICE: *******************************************
06-08 13:43:11.247   476   476 D SAN_SERVICE: DM App Phone Service State - 0
06-08 13:43:11.247   476   476 D SAN_SERVICE: *******************************************
06-08 13:43:11.607   476   476 D SAN_SERVICE: *******************************************
06-08 13:43:11.630   476   476 D SAN_SERVICE: DM App Phone Service State - 0
06-08 13:43:11.630   476   476 D SAN_SERVICE: *******************************************
06-08 13:43:11.681   476   479 D dalvikvm: GC_CONCURRENT freed 389K, 6% free 9514K/10119K, paused 12ms+3ms
06-08 13:43:12.290   476   476 D SAN_SERVICE: *******************************************
06-08 13:43:12.290   476   476 D SAN_SERVICE: DM App Phone Service State - 0
06-08 13:43:12.290   476   476 D SAN_SERVICE: *******************************************
06-08 13:43:13.747   151   153 D dalvikvm: GC_CONCURRENT freed 1080K, 16% free 13465K/15943K, paused 2ms+27ms
06-08 13:43:14.443   452   454 D dalvikvm: GC_CONCURRENT freed 708K, 7% free 11144K/11975K, paused 2ms+15ms
06-08 13:43:16.376   476   476 D SAN_SERVICE: *******************************************
06-08 13:43:16.376   476   476 D SAN_SERVICE: DM App Phone Service State - 0
06-08 13:43:16.376   476   476 D SAN_SERVICE: *******************************************
06-08 13:43:16.579   476   476 D SAN_SERVICE: *******************************************
06-08 13:43:16.579   476   476 D SAN_SERVICE: DM App Phone Service State - 0
06-08 13:43:16.579   476   476 D SAN_SERVICE: *******************************************
06-08 13:43:18.712  1119  1121 D dalvikvm: GC_CONCURRENT freed 384K, 7% free 9628K/10247K, paused 2ms+2ms
06-08 13:43:28.447   452   454 D dalvikvm: GC_CONCURRENT freed 596K, 8% free 11132K/11975K, paused 2ms+4ms
06-08 13:43:31.368  1119  1121 D dalvikvm: GC_CONCURRENT freed 384K, 7% free 9631K/10247K, paused 2ms+2ms
06-08 13:43:31.427   476   476 D SAN_SERVICE: *******************************************
06-08 13:43:31.427   476   476 D SAN_SERVICE: DM App Phone Service State - 0
06-08 13:43:31.427   476   476 D SAN_SERVICE: *******************************************
06-08 13:43:32.251   476   476 D SAN_SERVICE: *******************************************
06-08 13:43:32.251   476   476 D SAN_SERVICE: DM App Phone Service State - 0
06-08 13:43:32.251   476   476 D SAN_SERVICE: *******************************************
06-08 13:43:32.415   151   153 D dalvikvm: GC_CONCURRENT freed 1030K, 16% free 13421K/15943K, paused 5ms+6ms
06-08 13:43:36.462  1899  1906 I dalvikvm: Jit: resizing JitTable from 4096 to 8192
06-08 13:43:38.408    82   127 D AudioHardware: AudioHardware pcm playback is exiting standby.
06-08 13:43:38.408    82   127 D AudioHardware: openPcmOut_l() mPcmOpenCnt: 0
06-08 13:43:38.650   388   390 D dalvikvm: GC_CONCURRENT freed 537K, 7% free 9951K/10695K, paused 3ms+17ms
06-08 13:43:39.400  1899  1901 D dalvikvm: GC_CONCURRENT freed 517K, 8% free 11067K/11911K, paused 26ms+3ms
06-08 13:43:40.829  1119  1121 D dalvikvm: GC_CONCURRENT freed 388K, 7% free 9632K/10247K, paused 2ms+2ms
06-08 13:43:41.314   151   471 W InputManagerService: Window already focused, ignoring focus gain of: com.android.internal.view.IInputMethodClient$Stub$Proxy@41411340
06-08 13:43:44.279    82   127 D AudioHardware: AudioHardware pcm playback is going to standby.
06-08 13:43:44.279    82   127 D AudioHardware: closePcmOut_l() mPcmOpenCnt: 1
06-08 13:43:50.001  1119  1121 D dalvikvm: GC_CONCURRENT freed 394K, 7% free 9626K/10247K, paused 8ms+2ms
06-08 13:43:54.638  1278  1296 I PhoneLab-: Service Running
06-08 13:43:54.697  1278  1296 I PhoneLab-LoggerService: app_38    1302  1278  1772   1328  c00f181c 400107b4 S logcat
06-08 13:43:54.697  1278  1296 I PhoneLab-LoggerService: Logcat pid from database 1302
06-08 13:43:54.697  1278  1296 I PhoneLab-LoggerService: Logcat process found 1302
06-08 13:43:54.697  1278  1296 I PhoneLab-LoggerService: Checking Threshold
06-08 13:43:57.083   476   476 D SAN_SERVICE: *******************************************
06-08 13:43:57.083   476   476 D SAN_SERVICE: DM App Phone Service State - 0
06-08 13:43:57.083   476   476 D SAN_SERVICE: *******************************************
06-08 13:43:59.466  1899  1901 D dalvikvm: GC_CONCURRENT freed 535K, 7% free 11086K/11911K, paused 8ms+4ms
06-08 13:43:59.900   151   205 I ActivityManager: START {act=android.intent.action.MAIN cat=[android.intent.category.HOME] flg=0x10200000 cmp=com.android.launcher/com.android.launcher2.Launcher} from pid 151
06-08 13:43:59.966  1899  1899 D WebViewTimersControl: onBrowserActivityPause
06-08 13:43:59.966  1899  1899 D WebViewTimersControl: Pausing webview timers, view=com.android.browser.BrowserWebView@413f0448
06-08 13:43:59.974  1899  1923 I SqliteDatabaseCpp: sqlite returned: error code = 1, msg = no such table: Permissions, db=/data/data/com.android.browser/databases/webview.db
06-08 13:44:00.122  1899  1899 D OpenGLRenderer: Flushing caches (mode 1)
06-08 13:44:00.169  1899  1899 D OpenGLRenderer: Flushing caches (mode 0)
06-08 13:44:00.306  1119  1121 D dalvikvm: GC_CONCURRENT freed 383K, 7% free 9630K/10247K, paused 3ms+3ms
06-08 13:44:01.044    82   127 D AudioHardware: AudioHardware pcm playback is exiting standby.
06-08 13:44:01.044    82   127 D AudioHardware: openPcmOut_l() mPcmOpenCnt: 0
06-08 13:44:01.247  1643  1704 D dalvikvm: GC_FOR_ALLOC freed 1895K, 36% free 11922K/18567K, paused 51ms
06-08 13:44:01.368  1643  1645 D dalvikvm: GC_CONCURRENT freed 34K, 31% free 12815K/18567K, paused 4ms+13ms
06-08 13:44:01.466   151   558 W InputManagerService: Starting input on non-focused client com.android.internal.view.IInputMethodClient$Stub$Proxy@414b01a8 (uid=10003 pid=1899)
06-08 13:44:01.525  1643  1657 D dalvikvm: GC_FOR_ALLOC freed 1025K, 36% free 12052K/18567K, paused 26ms
06-08 13:44:01.529  1643  1657 I dalvikvm-heap: Grow heap (frag case) to 13.065MB for 1286224-byte allocation
06-08 13:44:01.568  1643  1704 D dalvikvm: GC_FOR_ALLOC freed 2K, 29% free 13305K/18567K, paused 24ms
06-08 13:44:01.720  1643  1645 D dalvikvm: GC_CONCURRENT freed 4K, 27% free 13662K/18567K, paused 10ms+14ms
06-08 13:44:01.857  1643  1657 D dalvikvm: GC_FOR_ALLOC freed 2141K, 37% free 11831K/18567K, paused 29ms
06-08 13:44:01.865  1643  1657 I dalvikvm-heap: Grow heap (frag case) to 12.849MB for 1286224-byte allocation
06-08 13:44:01.908  1643  1643 D dalvikvm: GC_FOR_ALLOC freed 2K, 30% free 13085K/18567K, paused 31ms
06-08 13:44:02.017  1643  1645 D dalvikvm: GC_CONCURRENT freed <1K, 30% free 13085K/18567K, paused 2ms+9ms
06-08 13:44:02.283  1643  1671 D dalvikvm: GC_FOR_ALLOC freed 1958K, 35% free 12220K/18567K, paused 27ms
06-08 13:44:02.411  1643  1673 D dalvikvm: GC_FOR_ALLOC freed 667K, 34% free 12425K/18567K, paused 22ms
06-08 13:44:02.493   151   505 I ActivityManager: START {act=android.intent.action.MAIN cat=[android.intent.category.LAUNCHER] flg=0x10200000 cmp=com.google.android.gm/.ConversationListActivityGmail} from pid 1643
06-08 13:44:02.638  1643  1645 D dalvikvm: GC_CONCURRENT freed 58K, 28% free 13496K/18567K, paused 13ms+11ms
06-08 13:44:02.701  1643  1672 D dalvikvm: GC_FOR_ALLOC freed 930K, 29% free 13307K/18567K, paused 35ms
06-08 13:44:02.857  1643  1673 D dalvikvm: GC_FOR_ALLOC freed 726K, 25% free 13966K/18567K, paused 101ms
06-08 13:44:03.009  1643  1650 I dalvikvm: Jit: resizing JitTable from 4096 to 8192
06-08 13:44:03.052   151   167 I Process : Sending signal. PID: 1402 SIG: 3
06-08 13:44:03.052  1402  1406 I dalvikvm: threadid=3: reacting to signal 3
06-08 13:44:03.064  1643  1645 D dalvikvm: GC_CONCURRENT freed 46K, 22% free 14614K/18567K, paused 4ms+5ms
06-08 13:44:03.263   151   503 I ActivityManager: Process com.android.calendar (pid 2101) has died.
06-08 13:44:03.267  1402  1406 E dalvikvm: Unable to open stack trace file '/data/anr/traces.txt': Is a directory
06-08 13:44:03.353  1643  1643 D OpenGLRenderer: Flushing caches (mode 0)
06-08 13:44:03.443  1643  1645 D dalvikvm: GC_CONCURRENT freed 3119K, 29% free 13257K/18567K, paused 2ms+16ms
06-08 13:44:03.466  1402  1402 D dalvikvm: GC_EXPLICIT freed 266K, 14% free 9790K/11335K, paused 5ms+12ms
06-08 13:44:03.493   151   471 I ActivityManager: Process com.android.defcontainer (pid 1731) has died.
06-08 13:44:03.513   151   558 I ActivityManager: START {act=android.intent.action.MAIN cat=[android.intent.category.LAUNCHER] flg=0x2010000 cmp=com.google.android.gm/.GmailActivity (has extras)} from pid 1402
06-08 13:44:03.603   151   503 W InputManagerService: Starting input on non-focused client com.android.internal.view.IInputMethodClient$Stub$Proxy@4163d9c0 (uid=10027 pid=1643)
06-08 13:44:03.661  1643  1643 D OpenGLRenderer: Flushing caches (mode 1)
06-08 13:44:04.068  1402  1404 D dalvikvm: GC_CONCURRENT freed 166K, 12% free 10020K/11335K, paused 4ms+7ms
06-08 13:44:04.134  1332  1332 D OpenGLRenderer: Flushing caches (mode 1)
06-08 13:44:04.146   151   167 I Process : Sending signal. PID: 1402 SIG: 3
06-08 13:44:04.146  1402  1406 I dalvikvm: threadid=3: reacting to signal 3
06-08 13:44:04.201  1402  1406 I dalvikvm: Wrote stack traces to '/data/anr/traces.txt'
06-08 13:44:04.243   151   153 D dalvikvm: GC_CONCURRENT freed 957K, 16% free 13453K/15943K, paused 10ms+6ms
06-08 13:44:04.329   151   503 D dalvikvm: GC_EXPLICIT freed 3K, 16% free 13450K/15943K, paused 2ms+7ms
06-08 13:44:04.423   151   200 I ActivityManager: Displayed com.google.android.gm/.GmailActivity: +780ms
06-08 13:44:04.466  1402  1402 D OpenGLRenderer: Flushing caches (mode 0)
06-08 13:44:04.927  1402  1404 D dalvikvm: GC_CONCURRENT freed 323K, 12% free 10086K/11335K, paused 3ms+5ms
06-08 13:44:05.462    82   127 D AudioHardware: AudioHardware pcm playback is going to standby.
06-08 13:44:05.462    82   127 D AudioHardware: closePcmOut_l() mPcmOpenCnt: 1
06-08 13:44:07.333   476   476 D SAN_SERVICE: *******************************************
06-08 13:44:07.333   476   476 D SAN_SERVICE: DM App Phone Service State - 0
06-08 13:44:07.333   476   476 D SAN_SERVICE: *******************************************
06-08 13:44:09.993  1119  1121 D dalvikvm: GC_CONCURRENT freed 386K, 6% free 9637K/10247K, paused 2ms+2ms
06-08 13:44:16.786    82   127 D AudioHardware: AudioHardware pcm playback is exiting standby.
06-08 13:44:16.786    82   127 D AudioHardware: openPcmOut_l() mPcmOpenCnt: 0
06-08 13:44:17.802  1119  1121 D dalvikvm: GC_CONCURRENT freed 394K, 6% free 9637K/10247K, paused 20ms+2ms
06-08 13:44:17.841   476   476 D SAN_SERVICE: *******************************************
06-08 13:44:17.841   476   476 D SAN_SERVICE: DM App Phone Service State - 0
06-08 13:44:17.841   476   476 D SAN_SERVICE: *******************************************
06-08 13:44:18.591   476   476 D SAN_SERVICE: *******************************************
06-08 13:44:18.591   476   476 D SAN_SERVICE: DM App Phone Service State - 0
06-08 13:44:18.591   476   476 D SAN_SERVICE: *******************************************
06-08 13:44:24.849    82   127 D AudioHardware: AudioHardware pcm playback is going to standby.
06-08 13:44:24.849    82   127 D AudioHardware: closePcmOut_l() mPcmOpenCnt: 1
06-08 13:44:26.013  1119  1121 D dalvikvm: GC_CONCURRENT freed 394K, 7% free 9628K/10247K, paused 2ms+2ms
06-08 13:44:26.974    82   127 D AudioHardware: AudioHardware pcm playback is exiting standby.
06-08 13:44:26.974    82   127 D AudioHardware: openPcmOut_l() mPcmOpenCnt: 0
06-08 13:44:27.818   476   476 D SAN_SERVICE: *******************************************
06-08 13:44:27.818   476   476 D SAN_SERVICE: DM App Phone Service State - 0
06-08 13:44:27.818   476   476 D SAN_SERVICE: *******************************************
06-08 13:44:27.833  1402  1404 D dalvikvm: GC_CONCURRENT freed 360K, 11% free 10144K/11335K, paused 3ms+27ms
06-08 13:44:28.005  1119  1683 D PicasaSyncService: receive cancel request
06-08 13:44:28.060  1119  3507 D PicasaSyncManager: sync complete: SyncResult: stats []
06-08 13:44:28.079   476   476 D SAN_SERVICE: *******************************************
06-08 13:44:28.079   476   476 D SAN_SERVICE: DM App Phone Service State - 0
06-08 13:44:28.079   476   476 D SAN_SERVICE: *******************************************
06-08 13:44:28.115  1119  1133 V PicasaContentProvider: querySettings: defaults: {sync_on_wifi_only=1, auto_upload_account_type=null, sync_on_battery=1, sync_picasa_on_wifi_only=1, auto_upload_enabled=0, video_upload_wifi_only=1, sync_on_roaming=0, auto_upload_account_name=null}
06-08 13:44:28.118  1119  3507 D PicasaSyncService: sync finished - true
06-08 13:44:28.118   151   193 D SyncManager: handleSyncHandlerMessage: dropping since the sync is no longer active: startTime 1151020, mTimeoutStartTime 1151020, mHistoryRowId 14, syncOperation jayinamdar@gmail.com (com.google), com.google.android.gallery3d.GooglePhotoProvider, SERVER, earliestRunTime 254966
06-08 13:44:28.236  1402  3868 I Gmail   : MainSyncRequestProto: lowestBkwdConvoId: 0, highestHandledServerOp: 984249, normalSync: true
06-08 13:44:28.318  1332  1332 D OpenGLRenderer: Flushing caches (mode 1)
06-08 13:44:28.876   476   476 D SAN_SERVICE: *******************************************
06-08 13:44:28.876   476   476 D SAN_SERVICE: DM App Phone Service State - 0
06-08 13:44:28.876   476   476 D SAN_SERVICE: *******************************************
06-08 13:44:29.630  1402  1404 D dalvikvm: GC_CONCURRENT freed 364K, 11% free 10172K/11335K, paused 35ms+4ms
06-08 13:44:29.775  1402  1402 E Gmail_BOH: Thread still active!
06-08 13:44:30.673  1402  1404 D dalvikvm: GC_CONCURRENT freed 381K, 11% free 10175K/11335K, paused 3ms+5ms
06-08 13:44:30.982  1402  1404 D dalvikvm: GC_CONCURRENT freed 413K, 11% free 10147K/11335K, paused 3ms+3ms
06-08 13:44:31.161  1402  3868 D dalvikvm: GC_EXPLICIT freed 71K, 11% free 10146K/11335K, paused 2ms+5ms
06-08 13:44:31.169  1402  3868 I Gmail   : MainSyncRequestProto: lowestBkwdConvoId: 0, highestHandledServerOp: 984304, normalSync: true
06-08 13:44:31.224  1332  1332 D OpenGLRenderer: Flushing caches (mode 1)
06-08 13:44:31.411    82   127 D AudioHardware: AudioHardware pcm playback is going to standby.
06-08 13:44:31.411    82   127 D AudioHardware: closePcmOut_l() mPcmOpenCnt: 1
06-08 13:44:31.451  1402  1411 D dalvikvm: null clazz in OP_INSTANCE_OF, single-stepping
06-08 13:44:32.064   151   206 I InputReader: Reconfiguring input devices.  changes=0x00000004
06-08 13:44:32.064   151   206 I InputReader: Device reconfigured: id=7, name='mxt224_ts_input', surface size is now 480x800, mode is 1
06-08 13:44:32.087   151   167 I ActivityManager: Config changed: {1.0 310mcc120mnc en_US layoutdir=0 sw320dp w533dp h294dp nrml long land finger -keyb/v/h -nav/h s.10}
06-08 13:44:32.267  1402  1402 D OpenGLRenderer: Flushing caches (mode 0)
06-08 13:44:32.353  1402  3868 D dalvikvm: GC_EXPLICIT freed 348K, 9% free 10325K/11335K, paused 3ms+166ms
06-08 13:44:32.454  1332  1332 D OpenGLRenderer: Flushing caches (mode 1)
06-08 13:44:32.689  1402  3868 I Gmail   : MainSyncRequestProto: lowestBkwdConvoId: 0, highestHandledServerOp: 984320, normalSync: true
06-08 13:44:32.783  1402  1404 D dalvikvm: GC_CONCURRENT freed 395K, 10% free 10315K/11335K, paused 3ms+5ms
06-08 13:44:32.849  1402  3868 W Gmail   : Scheduling index for 300000 ms from now
06-08 13:44:33.263  1402  3868 I Gmail   : Sending notification intent: Intent { act=android.intent.action.PROVIDER_CHANGED dat=content://gmail-ls/unread/^iim (has extras) }
06-08 13:44:33.615  1402  1404 D dalvikvm: GC_CONCURRENT freed 457K, 10% free 10280K/11335K, paused 6ms+4ms
06-08 13:44:33.689   151   206 I InputReader: Reconfiguring input devices.  changes=0x00000004
06-08 13:44:33.689   151   206 I InputReader: Device reconfigured: id=7, name='mxt224_ts_input', surface size is now 480x800, mode is 1
06-08 13:44:33.732   151   167 I ActivityManager: Config changed: {1.0 310mcc120mnc en_US layoutdir=0 sw320dp w320dp h508dp nrml long port finger -keyb/v/h -nav/h s.11}
06-08 13:44:33.888  1402  1402 D OpenGLRenderer: Flushing caches (mode 0)
06-08 13:44:33.954  1402  1402 D dalvikvm: GC_EXPLICIT freed 112K, 10% free 10256K/11335K, paused 3ms+4ms
06-08 13:44:34.142  1332  1332 D OpenGLRenderer: Flushing caches (mode 1)
06-08 13:44:34.275  1402  1404 D dalvikvm: GC_CONCURRENT freed 256K, 8% free 10457K/11335K, paused 2ms+4ms
06-08 13:44:34.497  1402  3876 I Gmail   : MainSyncRequestProto: lowestBkwdConvoId: 0, highestHandledServerOp: 984320, normalSync: true
06-08 13:44:34.693  1332  1332 D OpenGLRenderer: Flushing caches (mode 1)
06-08 13:44:35.568    82   127 D AudioHardware: AudioHardware pcm playback is exiting standby.
06-08 13:44:35.568    82   127 D AudioHardware: openPcmOut_l() mPcmOpenCnt: 0
06-08 13:44:35.822  1402  1404 D dalvikvm: GC_CONCURRENT freed 301K, 7% free 10562K/11335K, paused 6ms+6ms
06-08 13:44:36.224  1332  1332 D OpenGLRenderer: Flushing caches (mode 1)
06-08 13:44:36.341   151   560 D dalvikvm: JIT code cache reset in 5 ms (1048540 bytes 2/0)
06-08 13:44:36.357   151   560 D dalvikvm: GC_EXPLICIT freed 954K, 16% free 13436K/15943K, paused 3ms+18ms
06-08 13:44:36.396  1402  3876 D dalvikvm: GC_EXPLICIT freed 178K, 6% free 10716K/11335K, paused 3ms+13ms
06-08 13:44:36.466  1402  3876 I Gmail   : MainSyncRequestProto: lowestBkwdConvoId: 0, highestHandledServerOp: 984320, normalSync: true
06-08 13:44:36.599   151   200 D dalvikvm: GC_EXPLICIT freed 25K, 16% free 13414K/15943K, paused 7ms+9ms
06-08 13:44:36.751  1402  3876 W Gmail   : Scheduling index for 300000 ms from now
06-08 13:44:37.650  1119  3889 D PicasaSyncService: start to perform sync on jayinamdar@gmail.com
06-08 13:44:37.658  1119  1133 V PicasaContentProvider: querySettings: defaults: {sync_on_wifi_only=1, auto_upload_account_type=null, sync_on_battery=1, sync_picasa_on_wifi_only=1, auto_upload_enabled=0, video_upload_wifi_only=1, sync_on_roaming=0, auto_upload_account_name=null}
06-08 13:44:37.681  1119  3889 D PicasaSyncManager: perform sync task: MetadataSyncTask (jayinamdar@gmail.com)
06-08 13:44:37.814  1402  1404 D dalvikvm: GC_CONCURRENT freed 310K, 4% free 10896K/11335K, paused 3ms+4ms
06-08 13:44:37.818  1332  1332 D OpenGLRenderer: Flushing caches (mode 1)
06-08 13:44:37.853  1332  1332 D OpenGLRenderer: Flushing caches (mode 1)
06-08 13:44:37.857  1119  3889 D PicasaAPI: getAlbums for jayinamdar@gmail.com, etag = W/"A0QNSXc9cCp7ImA9WhVbEks."
06-08 13:44:38.052   476   476 D SAN_SERVICE: *******************************************
06-08 13:44:38.052   476   476 D SAN_SERVICE: DM App Phone Service State - 0
06-08 13:44:38.052   476   476 D SAN_SERVICE: *******************************************
06-08 13:44:38.318  1332  1332 D OpenGLRenderer: Flushing caches (mode 1)
06-08 13:44:38.333   476   476 D SAN_SERVICE: *******************************************
06-08 13:44:38.333   476   476 D SAN_SERVICE: DM App Phone Service State - 0
06-08 13:44:38.333   476   476 D SAN_SERVICE: *******************************************
06-08 13:44:38.376  1402  3863 I Gmail   : Sending notification intent: Intent { act=android.intent.action.PROVIDER_CHANGED dat=content://gmail-ls/unread/^iim (has extras) }
06-08 13:44:38.513  1402  1404 D dalvikvm: GC_CONCURRENT freed 425K, 5% free 11134K/11655K, paused 3ms+4ms
06-08 13:44:38.521  1402  1411 I dalvikvm: Jit: resizing JitTable from 8192 to 16384
06-08 13:44:38.611  1402  1402 D dalvikvm: GC_FOR_ALLOC freed 508K, 8% free 11088K/11975K, paused 29ms
06-08 13:44:38.658    82   127 D AudioHardware: AudioHardware pcm playback is going to standby.
06-08 13:44:38.658    82   127 D AudioHardware: closePcmOut_l() mPcmOpenCnt: 1
06-08 13:44:38.822   476   476 D SAN_SERVICE: *******************************************
06-08 13:44:38.822   476   476 D SAN_SERVICE: DM App Phone Service State - 0
06-08 13:44:38.822   476   476 D SAN_SERVICE: *******************************************
06-08 13:44:39.529  1119  3889 V PicasaAPI:    done
06-08 13:44:39.529  1119  3889 D MetricsUtils: [PicasaApi.getAlbums in:361 out:630 time:1673]
06-08 13:44:39.533  1119  3889 D MetricsUtils: [PicasaSyncHelper.syncAlbums jayinamdar@gmail.com time:1679]
06-08 13:44:39.552  1119  3889 D PicasaAPI: getAlbumPhotos for 105710113694891878798 / 5116620423394122177, etag: W/"CEMDQnk6cCp7ImA9WhVSGUw."
06-08 13:44:39.966  1119  3889 D PicasaAPI:    done
06-08 13:44:39.966  1119  3889 D MetricsUtils: [PicasaApi.getAlbumPhotos in:207 out:756 time:416]
06-08 13:44:39.974  1119  3889 D MetricsUtils: [PicasaSyncHelper.syncPhotos 5116620423394122177 time:424]
06-08 13:44:39.978  1119  1121 D dalvikvm: GC_CONCURRENT freed 341K, 6% free 9673K/10247K, paused 19ms+3ms
06-08 13:44:39.993  1119  3889 D PicasaAPI: getAlbumPhotos for 105710113694891878798 / 5352745827623112929, etag: W/"DkEBR348fSp7ImA9WhVbEEw."
06-08 13:44:40.415  1119  3889 D PicasaAPI:    done
06-08 13:44:40.415  1119  3889 D MetricsUtils: [PicasaApi.getAlbumPhotos in:207 out:756 time:419]
06-08 13:44:40.419  1119  3889 D MetricsUtils: [PicasaSyncHelper.syncPhotos 5352745827623112929 time:438]
06-08 13:44:40.466  1119  3889 D PicasaAPI: getAlbumPhotos for 105710113694891878798 / 5357229644283205361, etag: W/"C0AAQXoyfyp7ImA9WhVUFkk."
06-08 13:44:40.833  1119  3889 D PicasaAPI:    done
06-08 13:44:40.837  1119  3889 D MetricsUtils: [PicasaApi.getAlbumPhotos in:207 out:756 time:367]
06-08 13:44:40.837  1119  3889 D MetricsUtils: [PicasaSyncHelper.syncPhotos 5357229644283205361 time:412]
06-08 13:44:40.896  1119  3889 D PicasaAPI: getAlbumPhotos for 105710113694891878798 / 5415771333597368705, etag: W/"CE4NRHszcSp7ImA9WhVbEks."
06-08 13:44:41.462  1119  3889 D PicasaAPI:    done
06-08 13:44:41.462  1119  3889 D MetricsUtils: [PicasaApi.getAlbumPhotos in:207 out:756 time:566]
06-08 13:44:41.466  1119  3889 D MetricsUtils: [PicasaSyncHelper.syncPhotos 5415771333597368705 time:622]
06-08 13:44:41.513  1119  3889 D PicasaAPI: getAlbumPhotos for 105710113694891878798 / 5556347703683808817, etag: W/"C0EMQ3k6fCp7ImA9WhVbEU0."
06-08 13:44:42.333  1119  3889 D PicasaAPI:    done
06-08 13:44:42.333  1119  3889 D MetricsUtils: [PicasaApi.getAlbumPhotos in:207 out:756 time:818]
06-08 13:44:42.333  1119  3889 D MetricsUtils: [PicasaSyncHelper.syncPhotos 5556347703683808817 time:863]
06-08 13:44:42.345  1119  3889 D PicasaAPI: getAlbumPhotos for 105710113694891878798 / 5560416188154608529, etag: W/"DEcBSXkyeCp7ImA9WhVbEUQ."
06-08 13:44:42.818  1119  3889 D PicasaAPI:    done
06-08 13:44:42.822  1119  3889 D MetricsUtils: [PicasaApi.getAlbumPhotos in:207 out:756 time:474]
06-08 13:44:42.822  1119  3889 D MetricsUtils: [PicasaSyncHelper.syncPhotos 5560416188154608529 time:487]
06-08 13:44:42.876  1119  3889 D PicasaAPI: getAlbumPhotos for 105710113694891878798 / 5613047619696263553, etag: W/"A0QNSXc9cCp7ImA9WhVbEks."
06-08 13:44:43.376  1119  3889 D PicasaAPI:    done
06-08 13:44:43.376  1119  3889 D MetricsUtils: [PicasaApi.getAlbumPhotos in:207 out:756 time:500]
06-08 13:44:43.376  1119  3889 D MetricsUtils: [PicasaSyncHelper.syncPhotos 5613047619696263553 time:551]
06-08 13:44:43.380  1119  3889 D PicasaAPI: getAlbumPhotos for 105710113694891878798 / 5623854235830261905, etag: W/"D0EEQHgzcCp7ImA9WhZaFE0."
06-08 13:44:43.501    82   127 D AudioHardware: AudioHardware pcm playback is exiting standby.
06-08 13:44:43.501    82   127 D AudioHardware: openPcmOut_l() mPcmOpenCnt: 0
06-08 13:44:43.615   151   469 I ActivityManager: START {act=android.intent.action.VIEW dat=http://staging.phone-lab.org/accounts/confirm/8388fa2e5efd38a02f57e01f1c901ddf flg=0x80000 cmp=com.android.browser/.BrowserActivity (has extras)} from pid 1402
06-08 13:44:43.658   476   476 D SAN_SERVICE: *******************************************
06-08 13:44:43.658   476   476 D SAN_SERVICE: DM App Phone Service State - 0
06-08 13:44:43.658   476   476 D SAN_SERVICE: *******************************************
06-08 13:44:43.763  1899  1899 D dalvikvm: GC_FOR_ALLOC freed 242K, 9% free 10872K/11911K, paused 41ms
06-08 13:44:43.802  1899  1899 D WebViewTimersControl: onBrowserActivityResume
06-08 13:44:43.802  1899  1899 D WebViewTimersControl: Resuming webview timers, view=com.android.browser.BrowserWebView@4139dff8
06-08 13:44:43.806  1899  1899 W BaseUi  : mMainView is already attached to wrapper in attachTabToContentView!
06-08 13:44:43.806  1899  1899 W BaseUi  : mContainer is already attached to content in attachTabToContentView!
06-08 13:44:43.849  1119  3889 D PicasaAPI:    done
06-08 13:44:43.853  1119  3889 D MetricsUtils: [PicasaApi.getAlbumPhotos in:207 out:756 time:471]
06-08 13:44:43.853  1119  3889 D MetricsUtils: [PicasaSyncHelper.syncPhotos 5623854235830261905 time:473]
06-08 13:44:43.865  1899  1899 W webcore : java.lang.Throwable: EventHub.removeMessages(int what = 107) is not supported before the WebViewCore is set up.
06-08 13:44:43.865  1899  1899 W webcore : 	at android.webkit.WebViewCore$EventHub.removeMessages(WebViewCore.java:1683)
06-08 13:44:43.865  1899  1899 W webcore : 	at android.webkit.WebViewCore$EventHub.access$7900(WebViewCore.java:926)
06-08 13:44:43.865  1899  1899 W webcore : 	at android.webkit.WebViewCore.removeMessages(WebViewCore.java:1795)
06-08 13:44:43.865  1899  1899 W webcore : 	at android.webkit.WebView.sendOurVisibleRect(WebView.java:2917)
06-08 13:44:43.865  1899  1899 W webcore : 	at android.webkit.ZoomManager.setZoomScale(ZoomManager.java:593)
06-08 13:44:43.865  1899  1899 W webcore : 	at android.webkit.ZoomManager.access$1700(ZoomManager.java:49)
06-08 13:44:43.865  1899  1899 W webcore : 	at android.webkit.ZoomManager$PostScale.run(ZoomManager.java:984)
06-08 13:44:43.865  1899  1899 W webcore : 	at android.os.Handler.handleCallback(Handler.java:605)
06-08 13:44:43.865  1899  1899 W webcore : 	at android.os.Handler.dispatchMessage(Handler.java:92)
06-08 13:44:43.865  1899  1899 W webcore : 	at android.os.Looper.loop(Looper.java:137)
06-08 13:44:43.865  1899  1899 W webcore : 	at android.app.ActivityThread.main(ActivityThread.java:4424)
06-08 13:44:43.865  1899  1899 W webcore : 	at java.lang.reflect.Method.invokeNative(Native Method)
06-08 13:44:43.865  1899  1899 W webcore : 	at java.lang.reflect.Method.invoke(Method.java:511)
06-08 13:44:43.865  1899  1899 W webcore : 	at com.android.internal.os.ZygoteInit$MethodAndArgsCaller.run(ZygoteInit.java:784)
06-08 13:44:43.865  1899  1899 W webcore : 	at com.android.internal.os.ZygoteInit.main(ZygoteInit.java:551)
06-08 13:44:43.865  1899  1899 W webcore : 	at dalvik.system.NativeStart.main(Native Method)
06-08 13:44:43.904  1402  1402 D OpenGLRenderer: Flushing caches (mode 0)
06-08 13:44:43.958  1402  1402 D OpenGLRenderer: Flushing caches (mode 1)
06-08 13:44:43.966   151   560 W InputManagerService: Starting input on non-focused client com.android.internal.view.IInputMethodClient$Stub$Proxy@4130d128 (uid=10019 pid=1402)
06-08 13:44:43.990  1119  3889 D PicasaAPI: getAlbumPhotos for 105710113694891878798 / 5634502661043587233, etag: W/"CU8FQXs7eCp7ImA9WhVbEU0."
06-08 13:44:44.501  1899  1899 W Tab     : Failed to save back/forward list for http://staging.phone-lab.org/accounts/confirm/8388fa2e5efd38a02f57e01f1c901ddf
06-08 13:44:44.583  1119  3889 D PicasaAPI:    done
06-08 13:44:44.591  1119  3889 D MetricsUtils: [PicasaApi.getAlbumPhotos in:207 out:756 time:597]
06-08 13:44:44.591  1119  3889 D MetricsUtils: [PicasaSyncHelper.syncPhotos 5634502661043587233 time:740]
06-08 13:44:44.634  1119  3889 D PicasaSyncManager: sync complete: SyncResult: stats []
06-08 13:44:44.701  1119  1133 V PicasaContentProvider: querySettings: defaults: {sync_on_wifi_only=1, auto_upload_account_type=null, sync_on_battery=1, sync_picasa_on_wifi_only=1, auto_upload_enabled=0, video_upload_wifi_only=1, sync_on_roaming=0, auto_upload_account_name=null}
06-08 13:44:44.704  1119  3889 D PicasaSyncManager: perform sync task: PrefetchFullImage (jayinamdar@gmail.com)
06-08 13:44:45.755  1899  1901 D dalvikvm: GC_CONCURRENT freed 200K, 6% free 11229K/11911K, paused 3ms+3ms
06-08 13:44:46.134  1119  1121 D dalvikvm: GC_CONCURRENT freed 443K, 6% free 9682K/10247K, paused 5ms+2ms
06-08 13:44:46.400  1119  1121 D dalvikvm: GC_CONCURRENT freed 447K, 6% free 9670K/10247K, paused 1ms+2ms
06-08 13:44:46.572  1119  1121 D dalvikvm: GC_CONCURRENT freed 451K, 6% free 9664K/10247K, paused 2ms+2ms
06-08 13:44:46.595    82   127 D AudioHardware: AudioHardware pcm playback is going to standby.
06-08 13:44:46.595    82   127 D AudioHardware: closePcmOut_l() mPcmOpenCnt: 1
06-08 13:44:46.767  1119  3889 D MetricsUtils: [PrefetchHelper.cleanCache time:2028]
06-08 13:44:46.849  1119  3889 D PicasaSyncManager: sync complete: SyncResult: stats []
06-08 13:44:46.857  1119  1133 V PicasaContentProvider: querySettings: defaults: {sync_on_wifi_only=1, auto_upload_account_type=null, sync_on_battery=1, sync_picasa_on_wifi_only=1, auto_upload_enabled=0, video_upload_wifi_only=1, sync_on_roaming=0, auto_upload_account_name=null}
06-08 13:44:46.857  1119  3889 D PicasaSyncManager: perform sync task: PrefetchAlbumCover (jayinamdar@gmail.com)
06-08 13:44:47.029  1119  3889 D PicasaSyncManager: sync complete: SyncResult: stats []
06-08 13:44:47.040  1119  1133 V PicasaContentProvider: querySettings: defaults: {sync_on_wifi_only=1, auto_upload_account_type=null, sync_on_battery=1, sync_picasa_on_wifi_only=1, auto_upload_enabled=0, video_upload_wifi_only=1, sync_on_roaming=0, auto_upload_account_name=null}
06-08 13:44:47.040  1119  3889 D PicasaSyncManager: perform sync task: PrefetchScreenNail (jayinamdar@gmail.com)
06-08 13:44:47.517  1119  1121 D dalvikvm: GC_CONCURRENT freed 381K, 6% free 9671K/10247K, paused 9ms+3ms
06-08 13:44:53.482   476   476 D SAN_SERVICE: *******************************************
06-08 13:44:53.482   476   476 D SAN_SERVICE: DM App Phone Service State - 0
06-08 13:44:53.482   476   476 D SAN_SERVICE: *******************************************
06-08 13:44:54.181   476   476 D SAN_SERVICE: *******************************************
06-08 13:44:54.181   476   476 D SAN_SERVICE: DM App Phone Service State - 0
06-08 13:44:54.181   476   476 D SAN_SERVICE: *******************************************
06-08 13:44:54.310   452   468 E ActivityThread: Failed to find provider info for com.android.inputmethod.latin.dictionarypack
06-08 13:44:54.560   452   452 D dalvikvm: GC_FOR_ALLOC freed 1375K, 17% free 10044K/11975K, paused 121ms
06-08 13:44:54.564   452   452 I dalvikvm-heap: Grow heap (frag case) to 10.425MB for 577936-byte allocation
06-08 13:44:54.658   388   388 D dalvikvm: GC_FOR_ALLOC freed 477K, 10% free 9704K/10695K, paused 87ms
06-08 13:44:54.661   452   454 D dalvikvm: GC_CONCURRENT freed 12K, 12% free 10596K/11975K, paused 2ms+17ms
06-08 13:44:54.755   452   468 E BinaryDictionaryGetter: Could not find a dictionary pack
06-08 13:44:55.025   452   454 D dalvikvm: GC_CONCURRENT freed 126K, 9% free 10993K/11975K, paused 2ms+5ms
06-08 13:44:57.454   388   388 D dalvikvm: GC_FOR_ALLOC freed 397K, 10% free 9671K/10695K, paused 71ms
06-08 13:44:57.646   388   390 D dalvikvm: GC_CONCURRENT freed 385K, 10% free 9671K/10695K, paused 3ms+3ms
06-08 13:44:58.767   476   476 D SAN_SERVICE: *******************************************
06-08 13:44:58.767   476   476 D SAN_SERVICE: DM App Phone Service State - 0
06-08 13:44:58.767   476   476 D SAN_SERVICE: *******************************************
06-08 13:44:58.779  1899  1901 D dalvikvm: GC_CONCURRENT freed 577K, 6% free 11294K/11975K, paused 2ms+25ms
06-08 13:44:59.048  1119  1121 D dalvikvm: GC_CONCURRENT freed 446K, 6% free 9668K/10247K, paused 2ms+2ms
06-08 13:44:59.357   476   476 D SAN_SERVICE: *******************************************
06-08 13:44:59.357   476   476 D SAN_SERVICE: DM App Phone Service State - 0
06-08 13:44:59.357   476   476 D SAN_SERVICE: *******************************************
06-08 13:44:59.868   476   476 D SAN_SERVICE: *******************************************
06-08 13:44:59.868   476   476 D SAN_SERVICE: DM App Phone Service State - 0
06-08 13:44:59.868   476   476 D SAN_SERVICE: *******************************************
06-08 13:45:03.341    82   127 D AudioHardware: AudioHardware pcm playback is exiting standby.
06-08 13:45:03.341    82   127 D AudioHardware: openPcmOut_l() mPcmOpenCnt: 0
06-08 13:45:03.908   476   476 D SAN_SERVICE: *******************************************
06-08 13:45:03.908   476   476 D SAN_SERVICE: DM App Phone Service State - 0
06-08 13:45:03.908   476   476 D SAN_SERVICE: *******************************************
06-08 13:45:04.193   476   476 D SAN_SERVICE: *******************************************
06-08 13:45:04.193   476   476 D SAN_SERVICE: DM App Phone Service State - 0
06-08 13:45:04.193   476   476 D SAN_SERVICE: *******************************************
06-08 13:45:04.286   476   479 D dalvikvm: GC_CONCURRENT freed 398K, 6% free 9513K/10119K, paused 12ms+13ms
06-08 13:45:04.954   476   476 D SAN_SERVICE: *******************************************
06-08 13:45:04.954   476   476 D SAN_SERVICE: DM App Phone Service State - 0
06-08 13:45:04.954   476   476 D SAN_SERVICE: *******************************************
06-08 13:45:06.443    82   127 D AudioHardware: AudioHardware pcm playback is going to standby.
06-08 13:45:06.443    82   127 D AudioHardware: closePcmOut_l() mPcmOpenCnt: 1
06-08 13:45:10.232   452   470 D dalvikvm: GC_EXPLICIT freed 914K, 13% free 10485K/11975K, paused 7ms+9ms
06-08 13:45:10.384   151   153 D dalvikvm: GC_CONCURRENT freed 1088K, 17% free 13388K/15943K, paused 10ms+7ms
06-08 13:45:10.451   452   468 E ActivityThread: Failed to find provider info for com.android.inputmethod.latin.dictionarypack
06-08 13:45:10.669   452   468 E BinaryDictionaryGetter: Could not find a dictionary pack
06-08 13:45:11.009   388   390 D dalvikvm: GC_CONCURRENT freed 355K, 9% free 9803K/10695K, paused 2ms+28ms
06-08 13:45:11.208   452   454 D dalvikvm: GC_CONCURRENT freed 450K, 13% free 10523K/11975K, paused 9ms+13ms
06-08 13:45:12.177   151   505 I ActivityManager: Process com.android.deskclock (pid 2665) has died.
06-08 13:45:12.243  1332  1332 D OpenGLRenderer: Flushing caches (mode 1)
06-08 13:45:12.243  1402  1402 D OpenGLRenderer: Flushing caches (mode 1)
06-08 13:45:12.247  1643  1643 D OpenGLRenderer: Flushing caches (mode 1)
06-08 13:45:12.337   452   454 D dalvikvm: GC_CONCURRENT freed 389K, 12% free 10646K/11975K, paused 11ms+13ms
06-08 13:45:12.517   452   454 D dalvikvm: GC_CONCURRENT freed 164K, 8% free 11022K/11975K, paused 2ms+16ms
06-08 13:45:12.552  1278  1278 D OpenGLRenderer: Flushing caches (mode 2)
06-08 13:45:12.576  1119  1121 D dalvikvm: GC_CONCURRENT freed 446K, 6% free 9666K/10247K, paused 13ms+3ms
06-08 13:45:14.064   151   153 D dalvikvm: GC_CONCURRENT freed 1126K, 17% free 13355K/15943K, paused 3ms+17ms
06-08 13:45:14.349   452   454 D dalvikvm: GC_CONCURRENT freed 565K, 8% free 11112K/11975K, paused 2ms+15ms
06-08 13:45:14.915   388   390 D dalvikvm: GC_CONCURRENT freed 248K, 7% free 9947K/10695K, paused 4ms+7ms
06-08 13:45:16.947   452   454 D dalvikvm: GC_CONCURRENT freed 722K, 8% free 11086K/11975K, paused 2ms+4ms
06-08 13:45:17.056   151   471 D dalvikvm: GC_EXPLICIT freed 890K, 17% free 13341K/15943K, paused 5ms+7ms
06-08 13:45:18.134   452   454 D dalvikvm: GC_CONCURRENT freed 658K, 8% free 11117K/11975K, paused 2ms+16ms
06-08 13:45:18.134    82   127 D AudioHardware: AudioHardware pcm playback is exiting standby.
06-08 13:45:18.134    82   127 D AudioHardware: openPcmOut_l() mPcmOpenCnt: 0
06-08 13:45:18.540  1899  1901 D dalvikvm: GC_CONCURRENT freed 677K, 7% free 11322K/12103K, paused 12ms+5ms
06-08 13:45:18.564  1899  1899 W IInputConnectionWrapper: getCursorCapsMode on inactive InputConnection
06-08 13:45:18.865  1899  1899 W IInputConnectionWrapper: getCursorCapsMode on inactive InputConnection
06-08 13:45:19.001   151   153 D dalvikvm: GC_CONCURRENT freed 1038K, 17% free 13385K/15943K, paused 2ms+22ms
06-08 13:45:19.177  1899  1899 W IInputConnectionWrapper: getCursorCapsMode on inactive InputConnection
06-08 13:45:19.294  1899  1899 W IInputConnectionWrapper: getCursorCapsMode on inactive InputConnection
06-08 13:45:19.419   452   454 D dalvikvm: GC_CONCURRENT freed 687K, 8% free 11127K/11975K, paused 2ms+14ms
06-08 13:45:19.478  1899  1899 W IInputConnectionWrapper: getCursorCapsMode on inactive InputConnection
06-08 13:45:19.743  1899  1899 I InputQueue-JNI: Sending finished signal for input channel '4187cf80 PopupWindow:415dc158 (client)' since it is being unregistered while an input message is still in progress.
06-08 13:45:19.751  1899  1899 I InputQueue-JNI: Ignoring finish signal on channel that is no longer registered.
06-08 13:45:19.775  1899  1899 W IInputConnectionWrapper: getCursorCapsMode on inactive InputConnection
06-08 13:45:19.822   151   558 W InputManagerService: Window already focused, ignoring focus gain of: com.android.internal.view.IInputMethodClient$Stub$Proxy@41832358
06-08 13:45:20.036  1899  1899 W IInputConnectionWrapper: getCursorCapsMode on inactive InputConnection
