06-08 13:45:20.243  1899  1899 W IInputConnectionWrapper: getCursorCapsMode on inactive InputConnection
06-08 13:45:20.454  1899  1899 W IInputConnectionWrapper: getCursorCapsMode on inactive InputConnection
06-08 13:45:20.579   452   454 D dalvikvm: GC_CONCURRENT freed 700K, 8% free 11129K/11975K, paused 2ms+24ms
06-08 13:45:20.814   151   153 D dalvikvm: GC_CONCURRENT freed 1115K, 17% free 13363K/15943K, paused 3ms+19ms
06-08 13:45:20.818  1899  1899 W IInputConnectionWrapper: getCursorCapsMode on inactive InputConnection
06-08 13:45:21.224    82   127 D AudioHardware: AudioHardware pcm playback is going to standby.
06-08 13:45:21.224    82   127 D AudioHardware: closePcmOut_l() mPcmOpenCnt: 1
06-08 13:45:29.892   388   390 D dalvikvm: GC_CONCURRENT freed 450K, 7% free 9999K/10695K, paused 2ms+6ms
06-08 13:45:29.943   388   388 D dalvikvm: GC_FOR_ALLOC freed 472K, 10% free 9671K/10695K, paused 22ms
06-08 13:45:32.458   452   454 D dalvikvm: GC_CONCURRENT freed 1303K, 12% free 10541K/11975K, paused 1ms+11ms
06-08 13:45:32.841   388   390 D dalvikvm: GC_CONCURRENT freed 229K, 8% free 9872K/10695K, paused 2ms+9ms
06-08 13:45:33.138   388   388 D dalvikvm: GC_FOR_ALLOC freed 324K, 10% free 9680K/10695K, paused 139ms
06-08 13:45:33.267   151   153 D dalvikvm: GC_CONCURRENT freed 1071K, 17% free 13380K/15943K, paused 3ms+17ms
06-08 13:45:33.697   452   454 D dalvikvm: GC_CONCURRENT freed 479K, 13% free 10484K/11975K, paused 3ms+6ms
06-08 13:45:34.794  1119  1121 D dalvikvm: GC_CONCURRENT freed 445K, 6% free 9669K/10247K, paused 3ms+2ms
06-08 13:45:35.368    82   127 D AudioHardware: AudioHardware pcm playback is exiting standby.
06-08 13:45:35.368    82   127 D AudioHardware: openPcmOut_l() mPcmOpenCnt: 0
06-08 13:45:36.232   452   454 D dalvikvm: GC_CONCURRENT freed 469K, 13% free 10494K/11975K, paused 2ms+3ms
06-08 13:45:36.595   151   153 D dalvikvm: GC_CONCURRENT freed 1095K, 17% free 13377K/15943K, paused 3ms+5ms
06-08 13:45:36.822   452   454 D dalvikvm: GC_CONCURRENT freed 408K, 13% free 10484K/11975K, paused 2ms+12ms
06-08 13:45:38.466    82   127 D AudioHardware: AudioHardware pcm playback is going to standby.
06-08 13:45:38.466    82   127 D AudioHardware: closePcmOut_l() mPcmOpenCnt: 1
06-08 13:45:40.150  1899  1901 D dalvikvm: GC_CONCURRENT freed 682K, 7% free 11286K/12103K, paused 2ms+7ms
06-08 13:45:47.111   388   388 D dalvikvm: GC_FOR_ALLOC freed 275K, 9% free 9742K/10695K, paused 52ms
06-08 13:45:47.212   388   390 D dalvikvm: GC_CONCURRENT freed 374K, 9% free 9770K/10695K, paused 2ms+2ms
06-08 13:45:49.775  1119  1121 D dalvikvm: GC_CONCURRENT freed 447K, 6% free 9669K/10247K, paused 2ms+10ms
06-08 13:45:54.751  1278  1296 I PhoneLab-: Service Running
06-08 13:45:54.818  1278  1296 I PhoneLab-LoggerService: app_38    1302  1278  1772   1332  c00f181c 400107b4 S logcat
06-08 13:45:54.822  1278  1296 I PhoneLab-LoggerService: Logcat pid from database 1302
06-08 13:45:54.822  1278  1296 I PhoneLab-LoggerService: Logcat process found 1302
06-08 13:45:54.822  1278  1296 I PhoneLab-LoggerService: Checking Threshold
06-08 13:45:54.822  1278  1296 I PhoneLab-LoggerService: Starting to rename files
06-08 13:45:54.837  1278  1296 I PhoneLab-LoggerService: Files found .. 2
06-08 13:45:54.837  1278  1296 I PhoneLab-LoggerService: File 1 log.out.1
06-08 13:45:54.849  1278  1296 I PhoneLab-LoggerService: Renamed successfully
06-08 13:45:54.868  1278  1280 D dalvikvm: GC_CONCURRENT freed 421K, 14% free 9314K/10759K, paused 2ms+4ms
06-08 13:45:55.408    82   127 D AudioHardware: AudioHardware pcm playback is exiting standby.
06-08 13:45:55.408    82   127 D AudioHardware: openPcmOut_l() mPcmOpenCnt: 0
06-08 13:45:58.497    82   127 D AudioHardware: AudioHardware pcm playback is going to standby.
06-08 13:45:58.497    82   127 D AudioHardware: closePcmOut_l() mPcmOpenCnt: 1
06-08 13:46:00.271  1899  1901 D dalvikvm: GC_CONCURRENT freed 629K, 7% free 11341K/12167K, paused 2ms+3ms
06-08 13:46:02.712   151   206 I InputReader: Reconfiguring input devices.  changes=0x00000004
06-08 13:46:02.712   151   206 I InputReader: Device reconfigured: id=7, name='mxt224_ts_input', surface size is now 480x800, mode is 1
06-08 13:46:02.736   151   167 I ActivityManager: Config changed: {1.0 310mcc120mnc en_US layoutdir=0 sw320dp w533dp h294dp nrml long land finger -keyb/v/h -nav/h s.12}
06-08 13:46:02.767  1899  1899 D OpenGLRenderer: Flushing caches (mode 0)
06-08 13:46:03.568  1119  1121 D dalvikvm: GC_CONCURRENT freed 448K, 6% free 9665K/10247K, paused 2ms+3ms
06-08 13:46:05.189   151   206 I InputReader: Reconfiguring input devices.  changes=0x00000004
06-08 13:46:05.189   151   206 I InputReader: Device reconfigured: id=7, name='mxt224_ts_input', surface size is now 480x800, mode is 1
06-08 13:46:05.216   151   200 D dalvikvm: GC_EXPLICIT freed 457K, 17% free 13348K/15943K, paused 26ms+5ms
06-08 13:46:05.220   151   167 I ActivityManager: Config changed: {1.0 310mcc120mnc en_US layoutdir=0 sw320dp w320dp h508dp nrml long port finger -keyb/v/h -nav/h s.13}
06-08 13:46:05.232  1899  1899 D OpenGLRenderer: Flushing caches (mode 0)
06-08 13:46:07.540   151   200 D dalvikvm: GC_EXPLICIT freed 43K, 17% free 13328K/15943K, paused 9ms+5ms
06-08 13:46:08.204    82   127 D AudioHardware: AudioHardware pcm playback is exiting standby.
06-08 13:46:08.204    82   127 D AudioHardware: openPcmOut_l() mPcmOpenCnt: 0
06-08 13:46:11.298    82   127 D AudioHardware: AudioHardware pcm playback is going to standby.
06-08 13:46:11.298    82   127 D AudioHardware: closePcmOut_l() mPcmOpenCnt: 1
06-08 13:46:11.306  1899  1939 D dalvikvm: GC_EXPLICIT freed 347K, 8% free 11261K/12167K, paused 4ms+11ms
06-08 13:46:15.411   476   476 D SAN_SERVICE: *******************************************
06-08 13:46:15.411   476   476 D SAN_SERVICE: DM App Phone Service State - 0
06-08 13:46:15.411   476   476 D SAN_SERVICE: *******************************************
06-08 13:46:17.822   151   205 I ActivityManager: START {act=android.intent.action.MAIN cat=[android.intent.category.HOME] flg=0x10200000 cmp=com.android.launcher/com.android.launcher2.Launcher} from pid 151
06-08 13:46:17.865  1899  1899 D WebViewTimersControl: onBrowserActivityPause
06-08 13:46:17.865  1899  1899 D WebViewTimersControl: Pausing webview timers, view=com.android.browser.BrowserWebView@4139dff8
06-08 13:46:17.868  1899  1923 I SqliteDatabaseCpp: sqlite returned: error code = 1, msg = no such table: Permissions, db=/data/data/com.android.browser/databases/webview.db
06-08 13:46:18.064  1899  1899 D OpenGLRenderer: Flushing caches (mode 0)
06-08 13:46:18.142  1899  1899 W IInputConnectionWrapper: showStatusIcon on inactive InputConnection
06-08 13:46:18.146  1899  1899 D OpenGLRenderer: Flushing caches (mode 1)
06-08 13:46:18.747  1119  1121 D dalvikvm: GC_CONCURRENT freed 382K, 6% free 9667K/10247K, paused 6ms+30ms
06-08 13:46:19.661   151   197 I power   : *** set_screen_state 0
06-08 13:46:19.708    79   120 D SurfaceFlinger: About to give-up screen, flinger = 0x8a0918
06-08 13:46:19.814   488  1865 D NfcService: NFC-C OFF, disconnect
06-08 13:46:19.935   151   153 D dalvikvm: GC_CONCURRENT freed 269K, 12% free 14039K/15943K, paused 12ms+6ms
06-08 13:46:19.943   151   201 V TransportControlView: Create TCV com.android.internal.widget.TransportControlView@413f3ce8
06-08 13:46:20.013   388   388 D PhoneStatusBar: disable: < expand icons alerts ticker system_info back home RECENT* clock >
06-08 13:46:20.029    82   127 D AudioHardware: AudioHardware pcm playback is exiting standby.
06-08 13:46:20.029    82   127 D AudioHardware: openPcmOut_l() mPcmOpenCnt: 0
06-08 13:46:20.048   388   388 D PhoneStatusBar: disable: < expand icons alerts ticker system_info BACK* HOME* RECENT CLOCK* >
06-08 13:46:20.130  1332  1332 D OpenGLRenderer: Flushing caches (mode 1)
06-08 13:46:20.189   718   720 D dalvikvm: GC_CONCURRENT freed 523K, 12% free 10308K/11591K, paused 29ms+4ms
06-08 13:46:23.189    82   127 D AudioHardware: AudioHardware pcm playback is going to standby.
06-08 13:46:23.189    82   127 D AudioHardware: closePcmOut_l() mPcmOpenCnt: 1
06-08 13:46:25.552   476   476 D SAN_SERVICE: *******************************************
06-08 13:46:25.552   476   476 D SAN_SERVICE: DM App Phone Service State - 0
06-08 13:46:25.552   476   476 D SAN_SERVICE: *******************************************
06-08 13:46:25.810   476   476 D SAN_SERVICE: *******************************************
06-08 13:46:25.810   476   476 D SAN_SERVICE: DM App Phone Service State - 0
06-08 13:46:25.810   476   476 D SAN_SERVICE: *******************************************
06-08 13:46:26.587   476   476 D SAN_SERVICE: *******************************************
06-08 13:46:26.587   476   476 D SAN_SERVICE: DM App Phone Service State - 0
06-08 13:46:26.587   476   476 D SAN_SERVICE: *******************************************
06-08 13:46:32.376   476   476 D SAN_SERVICE: *******************************************
06-08 13:46:32.376   476   476 D SAN_SERVICE: DM App Phone Service State - 0
06-08 13:46:32.376   476   476 D SAN_SERVICE: *******************************************
06-08 13:46:36.384   476   476 D SAN_SERVICE: *******************************************
06-08 13:46:36.384   476   476 D SAN_SERVICE: DM App Phone Service State - 0
06-08 13:46:36.384   476   476 D SAN_SERVICE: *******************************************
06-08 13:46:36.529  1119  1121 D dalvikvm: GC_CONCURRENT freed 445K, 6% free 9668K/10247K, paused 17ms+2ms
06-08 13:46:40.533   476   476 D SAN_SERVICE: *******************************************
06-08 13:46:40.533   476   476 D SAN_SERVICE: DM App Phone Service State - 0
06-08 13:46:40.533   476   476 D SAN_SERVICE: *******************************************
06-08 13:46:49.103  1119  1121 D dalvikvm: GC_CONCURRENT freed 447K, 6% free 9669K/10247K, paused 2ms+2ms
06-08 13:46:51.474   476   476 D SAN_SERVICE: *******************************************
06-08 13:46:51.474   476   476 D SAN_SERVICE: DM App Phone Service State - 0
06-08 13:46:51.474   476   476 D SAN_SERVICE: *******************************************
06-08 13:46:51.693   476   476 D SAN_SERVICE: *******************************************
06-08 13:46:51.693   476   476 D SAN_SERVICE: DM App Phone Service State - 0
06-08 13:46:51.693   476   476 D SAN_SERVICE: *******************************************
06-08 13:46:51.872   476   476 D SAN_SERVICE: *******************************************
06-08 13:46:51.872   476   476 D SAN_SERVICE: DM App Phone Service State - 0
06-08 13:46:51.872   476   476 D SAN_SERVICE: *******************************************
06-08 13:47:06.454  1119  1121 D dalvikvm: GC_CONCURRENT freed 449K, 6% free 9667K/10247K, paused 11ms+2ms
06-08 13:47:11.271   151   505 D AlarmManagerService: Kernel timezone updated to 240 minutes west of GMT
06-08 13:47:11.302   476   476 D dalvikvm: GC_EXPLICIT freed 234K, 7% free 9497K/10119K, paused 6ms+2ms
06-08 13:47:11.302   476   476 D SystemClock: Setting time of day to sec=1339177631
06-08 13:47:11.156   151   168 I ActivityManager: Start proc com.android.calendar for broadcast com.android.calendar/.widget.CalendarAppWidgetService$CalendarFactory: pid=3934 uid=10005 gids={3003}
06-08 13:47:11.512  3934  3934 I ActivityThread: Pub com.android.calendar.CalendarRecentSuggestionsProvider: com.android.calendar.CalendarRecentSuggestionsProvider
06-08 13:47:11.801   151   163 I ActivityManager: Start proc com.android.deskclock for broadcast com.android.deskclock/.AlarmInitReceiver: pid=3950 uid=10011 gids={}
06-08 13:47:11.906  3950  3950 I ActivityThread: Pub com.android.deskclock: com.android.deskclock.AlarmProvider
06-08 13:47:12.008  3950  3965 V AlarmClock: AlarmInitReceiver finished
06-08 13:47:21.903  1119  1121 D dalvikvm: GC_CONCURRENT freed 452K, 6% free 9668K/10247K, paused 6ms+2ms
06-08 13:47:35.352   151   153 D dalvikvm: GC_CONCURRENT freed 975K, 11% free 14263K/15943K, paused 11ms+5ms
06-08 13:47:35.379  1119  1121 D dalvikvm: GC_CONCURRENT freed 448K, 6% free 9665K/10247K, paused 12ms+2ms
06-08 13:47:41.242   151   505 D dalvikvm: GC_EXPLICIT freed 60K, 11% free 14205K/15943K, paused 22ms+5ms
06-08 13:47:41.258   476   476 D SAN_SERVICE: *******************************************
06-08 13:47:41.258   476   476 D SAN_SERVICE: DM App Phone Service State - 0
06-08 13:47:41.258   476   476 D SAN_SERVICE: *******************************************
06-08 13:47:41.723   476   476 D SAN_SERVICE: *******************************************
06-08 13:47:41.723   476   476 D SAN_SERVICE: DM App Phone Service State - 0
06-08 13:47:41.723   476   476 D SAN_SERVICE: *******************************************
06-08 13:47:46.688  1119  1121 D dalvikvm: GC_CONCURRENT freed 381K, 6% free 9667K/10247K, paused 5ms+3ms
06-08 13:47:54.649  1278  1296 I PhoneLab-: Service Running
06-08 13:47:54.797  1278  1296 I PhoneLab-LoggerService: app_38    1302  1278  1772   1328  c00f181c 400107b4 S logcat
06-08 13:47:54.797  1278  1296 I PhoneLab-LoggerService: Logcat pid from database 1302
06-08 13:47:54.797  1278  1296 I PhoneLab-LoggerService: Logcat process found 1302
06-08 13:47:54.797  1278  1296 I PhoneLab-LoggerService: Checking Threshold
06-08 13:47:54.797  1278  1296 I PhoneLab-LoggerService: Starting to rename files
06-08 13:47:54.797  1278  1296 I PhoneLab-LoggerService: Files found .. 2
06-08 13:47:57.844   476   476 D SAN_SERVICE: *******************************************
06-08 13:47:57.844   476   476 D SAN_SERVICE: DM App Phone Service State - 0
06-08 13:47:57.844   476   476 D SAN_SERVICE: *******************************************
06-08 13:47:58.328   476   476 D SAN_SERVICE: *******************************************
06-08 13:47:58.328   476   476 D SAN_SERVICE: DM App Phone Service State - 0
06-08 13:47:58.328   476   476 D SAN_SERVICE: *******************************************
06-08 13:48:02.531  1119  1121 D dalvikvm: GC_CONCURRENT freed 449K, 6% free 9668K/10247K, paused 22ms+1ms
06-08 13:48:14.153  1119  1121 D dalvikvm: GC_CONCURRENT freed 451K, 6% free 9665K/10247K, paused 12ms+2ms
06-08 13:48:23.137   476   476 D SAN_SERVICE: *******************************************
06-08 13:48:23.137   476   476 D SAN_SERVICE: DM App Phone Service State - 0
06-08 13:48:23.137   476   476 D SAN_SERVICE: *******************************************
06-08 13:48:23.422   476   476 D SAN_SERVICE: *******************************************
06-08 13:48:23.422   476   476 D SAN_SERVICE: DM App Phone Service State - 0
06-08 13:48:23.422   476   476 D SAN_SERVICE: *******************************************
06-08 13:48:24.621  1119  1121 D dalvikvm: GC_CONCURRENT freed 449K, 6% free 9668K/10247K, paused 2ms+2ms
06-08 13:48:33.321   476   476 D SAN_SERVICE: *******************************************
06-08 13:48:33.321   476   476 D SAN_SERVICE: DM App Phone Service State - 0
06-08 13:48:33.321   476   476 D SAN_SERVICE: *******************************************
06-08 13:48:33.867   476   476 D SAN_SERVICE: *******************************************
06-08 13:48:33.867   476   476 D SAN_SERVICE: DM App Phone Service State - 0
06-08 13:48:33.867   476   476 D SAN_SERVICE: *******************************************
06-08 13:48:38.543  1119  1121 D dalvikvm: GC_CONCURRENT freed 451K, 6% free 9669K/10247K, paused 3ms+4ms
06-08 13:48:43.922   476   476 D SAN_SERVICE: *******************************************
06-08 13:48:43.922   476   476 D SAN_SERVICE: DM App Phone Service State - 0
06-08 13:48:43.922   476   476 D SAN_SERVICE: *******************************************
06-08 13:48:44.141   476   476 D SAN_SERVICE: *******************************************
06-08 13:48:44.141   476   476 D SAN_SERVICE: DM App Phone Service State - 0
06-08 13:48:44.141   476   476 D SAN_SERVICE: *******************************************
06-08 13:48:44.699   476   476 D SAN_SERVICE: *******************************************
06-08 13:48:44.699   476   476 D SAN_SERVICE: DM App Phone Service State - 0
06-08 13:48:44.699   476   476 D SAN_SERVICE: *******************************************
06-08 13:48:53.090  1119  1121 D dalvikvm: GC_CONCURRENT freed 448K, 6% free 9668K/10247K, paused 12ms+2ms
06-08 13:48:54.875   151   917 D AlarmManagerService: Kernel timezone updated to 240 minutes west of GMT
06-08 13:49:09.020  1119  1121 D dalvikvm: GC_CONCURRENT freed 444K, 6% free 9668K/10247K, paused 4ms+4ms
06-08 13:49:21.805  1119  1121 D dalvikvm: GC_CONCURRENT freed 445K, 6% free 9668K/10247K, paused 7ms+4ms
06-08 13:49:33.922  1119  1121 D dalvikvm: GC_CONCURRENT freed 449K, 6% free 9668K/10247K, paused 2ms+3ms
06-08 13:49:37.215  1119  1130 D PicasaSyncService: receive cancel request
06-08 13:49:37.344  1119  3889 D PicasaSyncManager: sync complete: SyncResult: stats []
06-08 13:49:37.461  1119  1133 V PicasaContentProvider: querySettings: defaults: {sync_on_wifi_only=1, auto_upload_account_type=null, sync_on_battery=1, sync_picasa_on_wifi_only=1, auto_upload_enabled=0, video_upload_wifi_only=1, sync_on_roaming=0, auto_upload_account_name=null}
06-08 13:49:37.465   151   560 D dalvikvm: GC_FOR_ALLOC freed 804K, 11% free 14237K/15943K, paused 58ms
06-08 13:49:37.469   151   560 I dalvikvm-heap: Grow heap (frag case) to 14.101MB for 129616-byte allocation
06-08 13:49:37.539   151   560 D dalvikvm: GC_FOR_ALLOC freed 29K, 11% free 14334K/16071K, paused 62ms
06-08 13:49:37.547  1119  3889 D MetricsUtils: [PicasaSyncManager.getNextSyncTask time:204]
06-08 13:49:37.547  1119  3889 D PicasaSyncService: sync finished - true
06-08 13:49:37.551   151   193 D SyncManager: handleSyncHandlerMessage: dropping since the sync is no longer active: startTime 1463423, mTimeoutStartTime 1463423, mHistoryRowId 17, syncOperation jayinamdar@gmail.com (com.google), com.google.android.gallery3d.GooglePhotoProvider, SERVER, earliestRunTime 254966
06-08 13:49:37.680  1332  1332 D OpenGLRenderer: Flushing caches (mode 1)
06-08 13:49:39.309   718   720 D dalvikvm: GC_CONCURRENT freed 385K, 11% free 10329K/11591K, paused 30ms+3ms
06-08 13:49:40.715  3482  3483 D dalvikvm: GC_CONCURRENT freed 353K, 5% free 9440K/9927K, paused 16ms+3ms
06-08 13:49:43.199  3482  3493 D dalvikvm: GC_FOR_ALLOC freed 389K, 7% free 9398K/10055K, paused 15ms
06-08 13:49:44.055   718   720 D dalvikvm: GC_CONCURRENT freed 351K, 11% free 10365K/11591K, paused 21ms+2ms
06-08 13:49:46.344  3482  3483 D dalvikvm: GC_CONCURRENT freed 365K, 7% free 9418K/10055K, paused 1ms+3ms
06-08 13:49:48.649  3482  3493 D dalvikvm: GC_FOR_ALLOC freed 350K, 7% free 9449K/10055K, paused 14ms
06-08 13:49:49.614   718   720 D dalvikvm: GC_CONCURRENT freed 406K, 11% free 10350K/11591K, paused 17ms+3ms
06-08 13:49:52.293  3482  3506 D dalvikvm: GC_FOR_ALLOC freed 414K, 7% free 9407K/10055K, paused 14ms
06-08 13:49:54.637  1278  1296 I PhoneLab-: Service Running
06-08 13:49:55.106  1278  1296 I PhoneLab-LoggerService: app_38    1302  1278  1772   1328  c00f181c 400107b4 S logcat
06-08 13:49:55.106  1278  1296 I PhoneLab-LoggerService: Logcat pid from database 1302
06-08 13:49:55.106  1278  1296 I PhoneLab-LoggerService: Logcat process found 1302
06-08 13:49:55.106  1278  1296 I PhoneLab-LoggerService: Checking Threshold
06-08 13:49:55.106  1278  1296 I PhoneLab-LoggerService: Starting to rename files
06-08 13:49:55.106  1278  1296 I PhoneLab-LoggerService: Files found .. 2
06-08 13:49:57.442  3482  3483 D dalvikvm: GC_CONCURRENT freed 432K, 7% free 9414K/10055K, paused 1ms+2ms
06-08 13:49:58.934   718   720 D dalvikvm: GC_CONCURRENT freed 391K, 11% free 10346K/11591K, paused 15ms+2ms
06-08 13:50:00.656  3482  3483 D dalvikvm: GC_CONCURRENT freed 393K, 6% free 9453K/10055K, paused 2ms+2ms
06-08 13:50:03.821   476   476 D SAN_SERVICE: *******************************************
06-08 13:50:03.824   476   476 D SAN_SERVICE: DM App Phone Service State - 0
06-08 13:50:03.824   476   476 D SAN_SERVICE: *******************************************
06-08 13:50:04.715  3482  3506 D dalvikvm: GC_FOR_ALLOC freed 347K, 6% free 9452K/10055K, paused 14ms
06-08 13:50:07.262   718   720 D dalvikvm: GC_CONCURRENT freed 384K, 11% free 10354K/11591K, paused 15ms+2ms
06-08 13:50:07.543  3482  3493 D dalvikvm: GC_FOR_ALLOC freed 338K, 7% free 9424K/10055K, paused 14ms
06-08 13:50:09.317  3482  3493 D dalvikvm: GC_FOR_ALLOC freed 349K, 7% free 9398K/10055K, paused 14ms
06-08 13:50:11.746  3482  3483 D dalvikvm: GC_CONCURRENT freed 363K, 7% free 9445K/10055K, paused 1ms+2ms
06-08 13:50:11.953   718   720 D dalvikvm: GC_CONCURRENT freed 394K, 11% free 10344K/11591K, paused 15ms+2ms
06-08 13:50:14.410  3482  3493 D dalvikvm: GC_FOR_ALLOC freed 357K, 7% free 9403K/10055K, paused 20ms
06-08 13:50:14.414  1402  1404 D dalvikvm: GC_CONCURRENT freed 533K, 7% free 11137K/11975K, paused 5ms+18ms
06-08 13:50:14.696  1402  1404 D dalvikvm: GC_CONCURRENT freed 604K, 8% free 11119K/11975K, paused 2ms+3ms
06-08 13:50:14.918  1402  1404 D dalvikvm: GC_CONCURRENT freed 604K, 8% free 11096K/11975K, paused 2ms+3ms
06-08 13:50:15.129  1402  1404 D dalvikvm: GC_CONCURRENT freed 548K, 8% free 11121K/11975K, paused 1ms+4ms
06-08 13:50:15.430  1402  1404 D dalvikvm: GC_CONCURRENT freed 594K, 8% free 11108K/11975K, paused 2ms+3ms
06-08 13:50:15.649  1402  1404 D dalvikvm: GC_CONCURRENT freed 555K, 8% free 11128K/11975K, paused 2ms+3ms
06-08 13:50:15.903  1402  1404 D dalvikvm: GC_CONCURRENT freed 611K, 7% free 11160K/11975K, paused 1ms+3ms
06-08 13:50:16.160  1402  1404 D dalvikvm: GC_CONCURRENT freed 614K, 7% free 11140K/11975K, paused 2ms+4ms
06-08 13:50:16.422  1402  1404 D dalvikvm: GC_CONCURRENT freed 651K, 8% free 11076K/11975K, paused 6ms+4ms
06-08 13:50:16.649  1402  1404 D dalvikvm: GC_CONCURRENT freed 509K, 8% free 11128K/11975K, paused 2ms+4ms
06-08 13:50:16.883  1402  1404 D dalvikvm: GC_CONCURRENT freed 575K, 7% free 11138K/11975K, paused 2ms+4ms
06-08 13:50:17.020  3482  3483 D dalvikvm: GC_CONCURRENT freed 370K, 7% free 9450K/10055K, paused 2ms+2ms
06-08 13:50:17.160  1402  1404 D dalvikvm: GC_CONCURRENT freed 608K, 8% free 11117K/11975K, paused 2ms+4ms
06-08 13:50:17.383  1402  1404 D dalvikvm: GC_CONCURRENT freed 580K, 7% free 11147K/11975K, paused 2ms+5ms
06-08 13:50:17.656  1402  1404 D dalvikvm: GC_CONCURRENT freed 616K, 8% free 11121K/11975K, paused 1ms+3ms
06-08 13:50:17.938  1402  1404 D dalvikvm: GC_CONCURRENT freed 617K, 8% free 11100K/11975K, paused 2ms+3ms
06-08 13:50:18.145  1402  1404 D dalvikvm: GC_CONCURRENT freed 572K, 8% free 11101K/11975K, paused 2ms+3ms
06-08 13:50:18.176   718   720 D dalvikvm: GC_CONCURRENT freed 349K, 11% free 10382K/11591K, paused 2ms+6ms
06-08 13:50:18.410  1402  1404 D dalvikvm: GC_CONCURRENT freed 545K, 8% free 11132K/11975K, paused 2ms+4ms
06-08 13:50:18.680  1402  1404 D dalvikvm: GC_CONCURRENT freed 587K, 7% free 11138K/11975K, paused 3ms+4ms
06-08 13:50:18.942  1402  1404 D dalvikvm: GC_CONCURRENT freed 607K, 8% free 11116K/11975K, paused 2ms+3ms
06-08 13:50:19.192  1402  1404 D dalvikvm: GC_CONCURRENT freed 556K, 7% free 11146K/11975K, paused 2ms+3ms
06-08 13:50:19.426  1402  1404 D dalvikvm: GC_CONCURRENT freed 604K, 8% free 11128K/11975K, paused 2ms+2ms
06-08 13:50:19.656  1402  1404 D dalvikvm: GC_CONCURRENT freed 611K, 7% free 11143K/11975K, paused 2ms+3ms
06-08 13:50:19.707  3482  3494 D dalvikvm: GC_FOR_ALLOC freed 359K, 7% free 9403K/10055K, paused 16ms
06-08 13:50:19.946  1402  1404 D dalvikvm: GC_CONCURRENT freed 666K, 8% free 11089K/11975K, paused 2ms+4ms
06-08 13:50:19.996  1402  3998 D dalvikvm: GC_FOR_ALLOC freed 171K, 7% free 11257K/11975K, paused 24ms
06-08 13:50:20.309  1402  1404 D dalvikvm: GC_CONCURRENT freed 684K, 8% free 11222K/12103K, paused 2ms+3ms
06-08 13:50:20.496  1402  1404 D dalvikvm: GC_CONCURRENT freed 714K, 9% free 11126K/12103K, paused 2ms+4ms
06-08 13:50:20.750  1402  1404 D dalvikvm: GC_CONCURRENT freed 562K, 8% free 11148K/12103K, paused 2ms+4ms
06-08 13:50:21.063  1402  1404 D dalvikvm: GC_CONCURRENT freed 621K, 9% free 11114K/12103K, paused 2ms+5ms
06-08 13:50:21.281  1402  1404 D dalvikvm: GC_CONCURRENT freed 552K, 8% free 11140K/12103K, paused 2ms+4ms
06-08 13:50:21.528  1402  1404 D dalvikvm: GC_CONCURRENT freed 603K, 8% free 11137K/12103K, paused 2ms+3ms
06-08 13:50:21.805  1402  1404 D dalvikvm: GC_CONCURRENT freed 583K, 8% free 11190K/12103K, paused 2ms+4ms
06-08 13:50:22.067  1402  1404 D dalvikvm: GC_CONCURRENT freed 659K, 8% free 11143K/12103K, paused 2ms+4ms
06-08 13:50:22.254  3482  3483 D dalvikvm: GC_CONCURRENT freed 364K, 7% free 9450K/10055K, paused 1ms+2ms
06-08 13:50:22.422  1402  1404 D dalvikvm: GC_CONCURRENT freed 641K, 9% free 11103K/12103K, paused 2ms+4ms
06-08 13:50:22.633  1402  1404 D dalvikvm: GC_CONCURRENT freed 555K, 9% free 11125K/12103K, paused 2ms+4ms
06-08 13:50:22.879  1402  1404 D dalvikvm: GC_CONCURRENT freed 562K, 8% free 11144K/12103K, paused 2ms+4ms
06-08 13:50:23.129  1402  1404 D dalvikvm: GC_CONCURRENT freed 624K, 9% free 11115K/12103K, paused 2ms+4ms
06-08 13:50:23.383  1402  1404 D dalvikvm: GC_CONCURRENT freed 593K, 9% free 11102K/12103K, paused 2ms+3ms
06-08 13:50:23.524   151   163 D dalvikvm: GC_EXPLICIT freed 637K, 13% free 14111K/16071K, paused 2ms+5ms
06-08 13:50:23.707  1402  1404 D dalvikvm: GC_CONCURRENT freed 586K, 9% free 11108K/12103K, paused 2ms+3ms
06-08 13:50:23.938  1402  1404 D dalvikvm: GC_CONCURRENT freed 521K, 8% free 11163K/12103K, paused 2ms+4ms
06-08 13:50:24.149  1402  1404 D dalvikvm: GC_CONCURRENT freed 662K, 9% free 11106K/12103K, paused 2ms+4ms
06-08 13:50:24.246  1402  3998 D dalvikvm: GC_FOR_ALLOC freed 374K, 8% free 11146K/12103K, paused 25ms
06-08 13:50:24.246  1402  3998 I dalvikvm-heap: Grow heap (frag case) to 11.107MB for 155318-byte allocation
06-08 13:50:24.278  1402  3998 D dalvikvm: GC_FOR_ALLOC freed 3K, 9% free 11294K/12295K, paused 27ms
06-08 13:50:24.567  1402  1404 D dalvikvm: GC_CONCURRENT freed 678K, 9% free 11253K/12295K, paused 2ms+5ms
06-08 13:50:24.739   718   720 D dalvikvm: GC_CONCURRENT freed 419K, 11% free 10375K/11591K, paused 3ms+3ms
06-08 13:50:24.778  3482  3494 D dalvikvm: GC_FOR_ALLOC freed 381K, 7% free 9403K/10055K, paused 19ms
06-08 13:50:25.031  1402  1404 D dalvikvm: GC_CONCURRENT freed 606K, 9% free 11272K/12295K, paused 2ms+3ms
06-08 13:50:25.289  1402  1404 D dalvikvm: GC_CONCURRENT freed 856K, 10% free 11104K/12295K, paused 2ms+3ms
06-08 13:50:25.535  1402  1404 D dalvikvm: GC_CONCURRENT freed 560K, 10% free 11123K/12295K, paused 2ms+4ms
06-08 13:50:26.117  1402  1404 D dalvikvm: GC_CONCURRENT freed 615K, 10% free 11093K/12295K, paused 2ms+3ms
06-08 13:50:26.321  1402  1404 D dalvikvm: GC_CONCURRENT freed 582K, 10% free 11123K/12295K, paused 2ms+4ms
06-08 13:50:26.571  1402  1404 D dalvikvm: GC_CONCURRENT freed 595K, 10% free 11160K/12295K, paused 2ms+4ms
06-08 13:50:26.750  1402  1404 D dalvikvm: GC_CONCURRENT freed 559K, 9% free 11217K/12295K, paused 2ms+3ms
06-08 13:50:27.051  1402  1404 D dalvikvm: GC_CONCURRENT freed 610K, 9% free 11217K/12295K, paused 2ms+4ms
06-08 13:50:27.289  1402  1404 D dalvikvm: GC_CONCURRENT freed 748K, 10% free 11083K/12295K, paused 2ms+3ms
06-08 13:50:27.547  1402  1404 D dalvikvm: GC_CONCURRENT freed 535K, 10% free 11120K/12295K, paused 1ms+4ms
06-08 13:50:27.692  1402  1404 D dalvikvm: GC_CONCURRENT freed 517K, 9% free 11239K/12295K, paused 2ms+4ms
06-08 13:50:28.098  1402  1404 D dalvikvm: GC_CONCURRENT freed 637K, 9% free 11218K/12295K, paused 2ms+2ms
06-08 13:50:28.281  3482  4000 D dalvikvm: GC_FOR_ALLOC freed 378K, 7% free 9399K/10055K, paused 16ms
06-08 13:50:28.399  1402  1404 D dalvikvm: GC_CONCURRENT freed 719K, 10% free 11112K/12295K, paused 1ms+4ms
06-08 13:50:28.528  1402  1404 D dalvikvm: GC_CONCURRENT freed 541K, 10% free 11149K/12295K, paused 2ms+4ms
06-08 13:50:28.832  1402  1404 D dalvikvm: GC_CONCURRENT freed 535K, 8% free 11316K/12295K, paused 1ms+4ms
06-08 13:50:29.114  1402  1404 D dalvikvm: GC_CONCURRENT freed 862K, 10% free 11100K/12295K, paused 2ms+3ms
06-08 13:50:29.324  1402  1404 D dalvikvm: GC_CONCURRENT freed 571K, 10% free 11099K/12295K, paused 2ms+4ms
06-08 13:50:29.578  1402  1404 D dalvikvm: GC_CONCURRENT freed 564K, 10% free 11108K/12295K, paused 2ms+3ms
06-08 13:50:29.797  1402  1404 D dalvikvm: GC_CONCURRENT freed 601K, 10% free 11085K/12295K, paused 2ms+4ms
06-08 13:50:30.039  1402  1404 D dalvikvm: GC_CONCURRENT freed 544K, 10% free 11138K/12295K, paused 2ms+3ms
06-08 13:50:30.328  1402  1404 D dalvikvm: GC_CONCURRENT freed 631K, 10% free 11090K/12295K, paused 2ms+4ms
06-08 13:50:30.559  1402  1404 D dalvikvm: GC_CONCURRENT freed 581K, 10% free 11107K/12295K, paused 2ms+4ms
06-08 13:50:30.711  3482  3493 D dalvikvm: GC_EXPLICIT freed 370K, 7% free 9389K/10055K, paused 2ms+7ms
06-08 13:50:30.844  1402  1404 D dalvikvm: GC_CONCURRENT freed 569K, 10% free 11117K/12295K, paused 2ms+4ms
06-08 13:50:31.043  1402  1404 D dalvikvm: GC_CONCURRENT freed 571K, 10% free 11126K/12295K, paused 2ms+4ms
06-08 13:50:31.324  1402  1404 D dalvikvm: GC_CONCURRENT freed 587K, 10% free 11122K/12295K, paused 2ms+4ms
06-08 13:50:31.578  1402  1404 D dalvikvm: GC_CONCURRENT freed 678K, 10% free 11096K/12295K, paused 2ms+4ms
06-08 13:50:31.641   718   720 D dalvikvm: GC_CONCURRENT freed 415K, 11% free 10350K/11591K, paused 2ms+3ms
06-08 13:50:31.856  1402  1404 D dalvikvm: GC_CONCURRENT freed 555K, 10% free 11128K/12295K, paused 2ms+3ms
06-08 13:50:32.055  1402  1404 D dalvikvm: GC_CONCURRENT freed 571K, 9% free 11206K/12295K, paused 2ms+5ms
06-08 13:50:32.321  1402  1404 D dalvikvm: GC_CONCURRENT freed 626K, 10% free 11188K/12295K, paused 2ms+3ms
06-08 13:50:32.500  1402  1404 D dalvikvm: GC_CONCURRENT freed 668K, 10% free 11123K/12295K, paused 3ms+3ms
06-08 13:50:32.778  1402  1404 D dalvikvm: GC_CONCURRENT freed 617K, 10% free 11091K/12295K, paused 2ms+4ms
06-08 13:50:33.016  1402  1404 D dalvikvm: GC_CONCURRENT freed 522K, 10% free 11138K/12295K, paused 2ms+3ms
06-08 13:50:33.047  3482  3483 D dalvikvm: GC_CONCURRENT freed 361K, 7% free 9431K/10055K, paused 1ms+2ms
06-08 13:50:33.289  1402  1404 D dalvikvm: GC_CONCURRENT freed 604K, 10% free 11119K/12295K, paused 2ms+4ms
06-08 13:50:33.410  1402  1404 D dalvikvm: GC_CONCURRENT freed 464K, 9% free 11270K/12295K, paused 2ms+3ms
06-08 13:50:33.711  1402  1404 D dalvikvm: GC_CONCURRENT freed 690K, 9% free 11211K/12295K, paused 1ms+3ms
06-08 13:50:34.059  1402  1404 D dalvikvm: GC_CONCURRENT freed 579K, 9% free 11241K/12295K, paused 2ms+3ms
06-08 13:50:34.246  1402  1404 D dalvikvm: GC_CONCURRENT freed 724K, 10% free 11139K/12295K, paused 2ms+4ms
06-08 13:50:34.567  1402  1404 D dalvikvm: GC_CONCURRENT freed 629K, 10% free 11110K/12295K, paused 2ms+4ms
06-08 13:50:34.824  1402  1404 D dalvikvm: GC_CONCURRENT freed 607K, 10% free 11078K/12295K, paused 2ms+3ms
06-08 13:50:35.031  1402  1404 D dalvikvm: GC_CONCURRENT freed 512K, 10% free 11138K/12295K, paused 2ms+4ms
06-08 13:50:35.246  1402  1404 D dalvikvm: GC_CONCURRENT freed 600K, 9% free 11228K/12295K, paused 2ms+5ms
06-08 13:50:35.528  1402  1404 D dalvikvm: GC_CONCURRENT freed 708K, 9% free 11191K/12295K, paused 2ms+3ms
06-08 13:50:35.781  1402  1404 D dalvikvm: GC_CONCURRENT freed 570K, 9% free 11223K/12295K, paused 2ms+4ms
06-08 13:50:36.020  3482  4000 D dalvikvm: GC_FOR_ALLOC freed 373K, 7% free 9442K/10055K, paused 17ms
06-08 13:50:36.199  1402  1404 D dalvikvm: GC_CONCURRENT freed 572K, 9% free 11272K/12295K, paused 1ms+4ms
06-08 13:50:36.465  1402  1404 D dalvikvm: GC_CONCURRENT freed 736K, 10% free 11166K/12295K, paused 2ms+3ms
06-08 13:50:36.688  1402  1404 D dalvikvm: GC_CONCURRENT freed 670K, 10% free 11094K/12295K, paused 2ms+4ms
06-08 13:50:36.946  1402  1404 D dalvikvm: GC_CONCURRENT freed 551K, 10% free 11126K/12295K, paused 2ms+4ms
06-08 13:50:37.196  1402  1404 D dalvikvm: GC_CONCURRENT freed 624K, 10% free 11086K/12295K, paused 2ms+4ms
06-08 13:50:37.485  1402  1404 D dalvikvm: GC_CONCURRENT freed 582K, 10% free 11077K/12295K, paused 2ms+3ms
06-08 13:50:37.676  1402  1404 D dalvikvm: GC_CONCURRENT freed 523K, 10% free 11122K/12295K, paused 2ms+3ms
06-08 13:50:37.938  1402  1404 D dalvikvm: GC_CONCURRENT freed 610K, 10% free 11117K/12295K, paused 2ms+4ms
06-08 13:50:38.047  1402  1404 D dalvikvm: GC_CONCURRENT freed 419K, 9% free 11311K/12295K, paused 2ms+4ms
06-08 13:50:38.371  1402  1404 D dalvikvm: GC_CONCURRENT freed 696K, 9% free 11258K/12295K, paused 2ms+3ms
06-08 13:50:38.524   718   720 D dalvikvm: GC_CONCURRENT freed 391K, 11% free 10345K/11591K, paused 2ms+2ms
06-08 13:50:38.805  1402  1404 D dalvikvm: GC_CONCURRENT freed 601K, 9% free 11284K/12295K, paused 2ms+4ms
06-08 13:50:39.047  1402  1404 D dalvikvm: GC_CONCURRENT freed 842K, 10% free 11083K/12295K, paused 2ms+5ms
06-08 13:50:39.285  1402  1404 D dalvikvm: GC_CONCURRENT freed 479K, 10% free 11171K/12295K, paused 2ms+4ms
06-08 13:50:39.457  3482  3493 D dalvikvm: GC_FOR_ALLOC freed 399K, 7% free 9389K/10055K, paused 17ms
06-08 13:50:39.551  1402  1404 D dalvikvm: GC_CONCURRENT freed 666K, 10% free 11102K/12295K, paused 2ms+7ms
06-08 13:50:39.785  1402  1404 D dalvikvm: GC_CONCURRENT freed 590K, 10% free 11087K/12295K, paused 2ms+4ms
06-08 13:50:40.008  1402  1404 D dalvikvm: GC_CONCURRENT freed 564K, 10% free 11092K/12295K, paused 1ms+3ms
06-08 13:50:40.211  1402  1404 D dalvikvm: GC_CONCURRENT freed 502K, 9% free 11233K/12295K, paused 2ms+3ms
06-08 13:50:40.551  1402  1404 D dalvikvm: GC_CONCURRENT freed 762K, 10% free 11122K/12295K, paused 1ms+6ms
06-08 13:50:40.758  1402  1404 D dalvikvm: GC_CONCURRENT freed 559K, 10% free 11143K/12295K, paused 2ms+4ms
06-08 13:50:41.117  1402  1404 D dalvikvm: GC_CONCURRENT freed 569K, 10% free 11171K/12295K, paused 2ms+3ms
06-08 13:50:41.344  1402  1404 D dalvikvm: GC_CONCURRENT freed 633K, 10% free 11136K/12295K, paused 2ms+4ms
06-08 13:50:41.598  1402  1404 D dalvikvm: GC_CONCURRENT freed 605K, 10% free 11119K/12295K, paused 2ms+3ms
06-08 13:50:41.856  1402  1404 D dalvikvm: GC_CONCURRENT freed 614K, 10% free 11114K/12295K, paused 2ms+4ms
06-08 13:50:42.078  1402  1404 D dalvikvm: GC_CONCURRENT freed 588K, 9% free 11192K/12295K, paused 2ms+3ms
06-08 13:50:42.184  3482  3483 D dalvikvm: GC_CONCURRENT freed 364K, 7% free 9419K/10055K, paused 2ms+2ms
06-08 13:50:42.406  1402  1404 D dalvikvm: GC_CONCURRENT freed 706K, 10% free 11093K/12295K, paused 2ms+5ms
06-08 13:50:42.645  1402  1404 D dalvikvm: GC_CONCURRENT freed 574K, 9% free 11195K/12295K, paused 2ms+4ms
06-08 13:50:42.934  1402  1404 D dalvikvm: GC_CONCURRENT freed 721K, 10% free 11078K/12295K, paused 2ms+3ms
06-08 13:50:43.196  1402  1404 D dalvikvm: GC_CONCURRENT freed 572K, 10% free 11090K/12295K, paused 2ms+5ms
06-08 13:50:43.457  1402  1404 D dalvikvm: GC_CONCURRENT freed 517K, 10% free 11138K/12295K, paused 2ms+3ms
06-08 13:50:43.703  1402  1404 D dalvikvm: GC_CONCURRENT freed 646K, 10% free 11085K/12295K, paused 2ms+4ms
06-08 13:50:44.051  1402  1404 D dalvikvm: GC_CONCURRENT freed 505K, 10% free 11148K/12295K, paused 2ms+2ms
06-08 13:50:44.223  1402  1404 D dalvikvm: GC_CONCURRENT freed 577K, 10% free 11161K/12295K, paused 2ms+3ms
06-08 13:50:44.496  1402  1404 D dalvikvm: GC_CONCURRENT freed 638K, 10% free 11173K/12295K, paused 2ms+4ms
06-08 13:50:44.684  3482  4000 D dalvikvm: GC_FOR_ALLOC freed 392K, 7% free 9395K/10055K, paused 18ms
06-08 13:50:44.848  1402  1404 D dalvikvm: GC_CONCURRENT freed 570K, 9% free 11201K/12295K, paused 1ms+3ms
06-08 13:50:45.090  1402  1404 D dalvikvm: GC_CONCURRENT freed 676K, 10% free 11134K/12295K, paused 2ms+3ms
06-08 13:50:45.328  1402  1404 D dalvikvm: GC_CONCURRENT freed 600K, 10% free 11121K/12295K, paused 2ms+5ms
06-08 13:50:45.582  1402  1404 D dalvikvm: GC_CONCURRENT freed 622K, 10% free 11188K/12295K, paused 2ms+3ms
06-08 13:50:45.645   718   720 D dalvikvm: GC_CONCURRENT freed 384K, 11% free 10351K/11591K, paused 3ms+5ms
06-08 13:50:45.930  1402  1404 D dalvikvm: GC_CONCURRENT freed 715K, 10% free 11078K/12295K, paused 2ms+4ms
06-08 13:50:46.196  1402  1404 D dalvikvm: GC_CONCURRENT freed 492K, 10% free 11153K/12295K, paused 2ms+4ms
06-08 13:50:46.465  1402  1404 D dalvikvm: GC_CONCURRENT freed 667K, 10% free 11087K/12295K, paused 2ms+4ms
06-08 13:50:46.696  1402  1404 D dalvikvm: GC_CONCURRENT freed 546K, 10% free 11135K/12295K, paused 2ms+4ms
06-08 13:50:46.895  3482  3483 D dalvikvm: GC_CONCURRENT freed 393K, 7% free 9391K/10055K, paused 1ms+2ms
06-08 13:50:46.977  1402  1404 D dalvikvm: GC_CONCURRENT freed 609K, 10% free 11111K/12295K, paused 2ms+4ms
06-08 13:50:47.114  1402  1404 D dalvikvm: GC_CONCURRENT freed 436K, 9% free 11278K/12295K, paused 2ms+5ms
06-08 13:50:47.348  1402  1404 D dalvikvm: GC_CONCURRENT freed 662K, 9% free 11246K/12295K, paused 2ms+3ms
06-08 13:50:47.715  1402  1404 D dalvikvm: GC_CONCURRENT freed 589K, 9% free 11276K/12295K, paused 2ms+4ms
06-08 13:50:48.828  1402  1404 D dalvikvm: GC_CONCURRENT freed 828K, 10% free 11105K/12295K, paused 2ms+4ms
06-08 13:50:49.067  1402  1404 D dalvikvm: GC_CONCURRENT freed 545K, 10% free 11134K/12295K, paused 2ms+4ms
06-08 13:50:49.422  1402  1404 D dalvikvm: GC_CONCURRENT freed 637K, 10% free 11092K/12295K, paused 2ms+4ms
06-08 13:50:49.656  1402  1404 D dalvikvm: GC_CONCURRENT freed 577K, 10% free 11087K/12295K, paused 2ms+3ms
06-08 13:50:49.891  1402  1404 D dalvikvm: GC_CONCURRENT freed 530K, 10% free 11124K/12295K, paused 1ms+3ms
06-08 13:50:50.141  1402  1404 D dalvikvm: GC_CONCURRENT freed 608K, 10% free 11105K/12295K, paused 2ms+4ms
06-08 13:50:50.356  1402  1404 D dalvikvm: GC_CONCURRENT freed 542K, 10% free 11140K/12295K, paused 2ms+3ms
06-08 13:50:50.574  3482  3483 D dalvikvm: GC_CONCURRENT freed 381K, 7% free 9415K/10055K, paused 2ms+2ms
06-08 13:50:50.656  1402  1404 D dalvikvm: GC_CONCURRENT freed 628K, 10% free 11145K/12295K, paused 1ms+13ms
06-08 13:50:50.824  1402  1404 D dalvikvm: GC_CONCURRENT freed 481K, 9% free 11269K/12295K, paused 2ms+4ms
06-08 13:50:50.848  1402  3998 D dalvikvm: GC_FOR_ALLOC freed 3K, 9% free 11266K/12295K, paused 23ms
06-08 13:50:50.848  1402  3998 I dalvikvm-heap: Grow heap (frag case) to 11.324MB for 260112-byte allocation
06-08 13:50:50.883  1402  3998 D dalvikvm: GC_FOR_ALLOC freed 126K, 10% free 11394K/12551K, paused 23ms
06-08 13:50:50.910  1402  3998 D dalvikvm: GC_FOR_ALLOC freed 255K, 11% free 11281K/12551K, paused 23ms
06-08 13:50:51.020  1402  1404 D dalvikvm: GC_CONCURRENT freed 558K, 10% free 11363K/12551K, paused 2ms+5ms
06-08 13:50:51.371  1402  1404 D dalvikvm: GC_CONCURRENT freed 574K, 9% free 11448K/12551K, paused 2ms+4ms
06-08 13:50:51.403   718   720 D dalvikvm: GC_CONCURRENT freed 393K, 11% free 10348K/11591K, paused 2ms+3ms
06-08 13:50:51.817  1402  1404 D dalvikvm: GC_CONCURRENT freed 624K, 9% free 11513K/12551K, paused 2ms+4ms
06-08 13:50:52.180  1402  1404 D dalvikvm: GC_CONCURRENT freed 582K, 8% free 11640K/12551K, paused 2ms+4ms
06-08 13:50:52.625  1402  3998 D dalvikvm: GC_FOR_ALLOC freed 626K, 8% free 11634K/12551K, paused 27ms
06-08 13:50:52.656  1402  3998 D dalvikvm: GC_FOR_ALLOC freed 269K, 8% free 11633K/12551K, paused 24ms
06-08 13:50:52.680  1402  3998 D dalvikvm: GC_FOR_ALLOC freed 0K, 6% free 11837K/12551K, paused 24ms
06-08 13:50:52.731  3482  4000 D dalvikvm: GC_FOR_ALLOC freed 375K, 7% free 9392K/10055K, paused 17ms
06-08 13:50:53.016  1402  1404 D dalvikvm: GC_CONCURRENT freed 1536K, 13% free 11143K/12807K, paused 2ms+3ms
06-08 13:50:53.242  1402  1404 D dalvikvm: GC_CONCURRENT freed 554K, 13% free 11176K/12807K, paused 2ms+4ms
06-08 13:50:53.578  1402  1404 D dalvikvm: GC_CONCURRENT freed 695K, 14% free 11084K/12807K, paused 2ms+4ms
06-08 13:50:53.735  1402  1404 D dalvikvm: GC_CONCURRENT freed 485K, 13% free 11163K/12807K, paused 2ms+4ms
06-08 13:50:54.000  1402  1404 D dalvikvm: GC_CONCURRENT freed 533K, 12% free 11298K/12807K, paused 2ms+4ms
06-08 13:50:54.235  1402  1404 D dalvikvm: GC_CONCURRENT freed 763K, 13% free 11174K/12807K, paused 2ms+4ms
06-08 13:50:54.489  1402  1404 D dalvikvm: GC_CONCURRENT freed 715K, 14% free 11135K/12807K, paused 2ms+4ms
06-08 13:50:54.727  1402  1404 D dalvikvm: GC_CONCURRENT freed 536K, 13% free 11186K/12807K, paused 2ms+4ms
06-08 13:50:55.016  1402  1404 D dalvikvm: GC_CONCURRENT freed 707K, 13% free 11147K/12807K, paused 1ms+4ms
06-08 13:50:55.285  1402  1404 D dalvikvm: GC_CONCURRENT freed 571K, 13% free 11216K/12807K, paused 2ms+3ms
06-08 13:50:55.461  3482  3483 D dalvikvm: GC_CONCURRENT freed 389K, 7% free 9442K/10055K, paused 1ms+2ms
06-08 13:50:55.664  1402  1404 D dalvikvm: GC_CONCURRENT freed 600K, 13% free 11226K/12807K, paused 2ms+4ms
06-08 13:50:55.961  1402  1404 D dalvikvm: GC_CONCURRENT freed 750K, 13% free 11147K/12807K, paused 2ms+3ms
06-08 13:50:56.106  1402  1404 D dalvikvm: GC_CONCURRENT freed 563K, 13% free 11173K/12807K, paused 2ms+4ms
06-08 13:50:56.379  1402  1404 D dalvikvm: GC_CONCURRENT freed 495K, 12% free 11302K/12807K, paused 1ms+3ms
06-08 13:50:56.676  1402  1404 D dalvikvm: GC_CONCURRENT freed 844K, 14% free 11100K/12807K, paused 2ms+4ms
06-08 13:50:56.922  1402  1404 D dalvikvm: GC_CONCURRENT freed 525K, 13% free 11148K/12807K, paused 2ms+2ms
06-08 13:50:57.051  1402  1404 D dalvikvm: GC_CONCURRENT freed 596K, 14% free 11142K/12807K, paused 2ms+2ms
06-08 13:50:57.375  1402  1404 D dalvikvm: GC_CONCURRENT freed 521K, 12% free 11312K/12807K, paused 1ms+3ms
06-08 13:50:57.629  1402  1404 D dalvikvm: GC_CONCURRENT freed 939K, 14% free 11110K/12807K, paused 2ms+4ms
06-08 13:50:57.895  1402  1404 D dalvikvm: GC_CONCURRENT freed 585K, 14% free 11102K/12807K, paused 2ms+4ms
06-08 13:50:57.953  3482  4000 D dalvikvm: GC_FOR_ALLOC freed 387K, 7% free 9396K/10055K, paused 20ms
06-08 13:50:58.164  1402  1404 D dalvikvm: GC_CONCURRENT freed 571K, 14% free 11107K/12807K, paused 2ms+4ms
06-08 13:50:58.414  1402  1404 D dalvikvm: GC_CONCURRENT freed 578K, 14% free 11105K/12807K, paused 2ms+5ms
06-08 13:50:58.860   718   720 D dalvikvm: GC_CONCURRENT freed 388K, 11% free 10352K/11591K, paused 21ms+2ms
06-08 13:51:00.856  1402  1404 D dalvikvm: GC_CONCURRENT freed 621K, 14% free 11084K/12807K, paused 7ms+5ms
06-08 13:51:01.090  1402  1404 D dalvikvm: GC_CONCURRENT freed 376K, 12% free 11277K/12807K, paused 2ms+3ms
06-08 13:51:01.418  1402  1404 D dalvikvm: GC_CONCURRENT freed 630K, 12% free 11276K/12807K, paused 2ms+3ms
06-08 13:51:01.629  1402  3998 W Gmail   : Successful index run, cancel next scheduled index run
06-08 13:51:02.102  3482  3483 D dalvikvm: GC_CONCURRENT freed 352K, 7% free 9444K/10055K, paused 2ms+3ms
06-08 13:51:06.442  3482  3494 D dalvikvm: GC_FOR_ALLOC freed 388K, 7% free 9398K/10055K, paused 14ms
06-08 13:51:08.914  3482  3483 D dalvikvm: GC_CONCURRENT freed 355K, 7% free 9443K/10055K, paused 2ms+2ms
06-08 13:51:10.020   718   720 D dalvikvm: GC_CONCURRENT freed 385K, 11% free 10354K/11591K, paused 15ms+3ms
06-08 13:51:11.828  3482  3483 D dalvikvm: GC_CONCURRENT freed 431K, 7% free 9397K/10055K, paused 13ms+2ms
06-08 13:51:14.012  3482  3483 D dalvikvm: GC_CONCURRENT freed 362K, 7% free 9437K/10055K, paused 1ms+7ms
06-08 13:51:15.309   718   720 D dalvikvm: GC_CONCURRENT freed 395K, 11% free 10345K/11591K, paused 9ms+6ms
06-08 13:51:16.516  3482  3483 D dalvikvm: GC_CONCURRENT freed 425K, 7% free 9397K/10055K, paused 12ms+2ms
06-08 13:51:16.586   151   560 D dalvikvm: GC_EXPLICIT freed 335K, 13% free 14110K/16071K, paused 2ms+5ms
06-08 13:51:19.414  3482  3483 D dalvikvm: GC_CONCURRENT freed 379K, 7% free 9443K/10055K, paused 2ms+2ms
06-08 13:51:20.106   718  1554 I WifiLocationEstimator: Not returning location for the following outliers: [229533830080352]
06-08 13:51:20.184   718  1554 D CellLocator: Primary cell miss in cache. Need server request.
06-08 13:51:20.184   718  1554 D NetworkLocator: New location significantly newer than previous. Reporting it.
06-08 13:51:20.219   718   794 I System.out: [INFO:1783551]: LogSource: Running flush
06-08 13:51:20.227   718   720 D dalvikvm: GC_CONCURRENT freed 484K, 11% free 10363K/11591K, paused 2ms+5ms
06-08 13:51:20.258   718   798 I System.out: [INFO:1783587]: LogSource: Sending payload [bytes=527]
06-08 13:51:21.852   718   798 I System.out: [INFO:1785181]: LogSource: Response [http=200,length=277]
06-08 13:51:21.867   718   794 I System.out: [INFO:1785196]: LogSource: Read id 6, status code 200
06-08 13:51:21.918   718  1554 D WifiLocator: Too many no-location APs. Will not compute a location nor go to the server. hasLocation=0 noLocation=0 cacheMiss=0
06-08 13:51:22.461  3482  3483 D dalvikvm: GC_CONCURRENT freed 429K, 7% free 9398K/10055K, paused 2ms+9ms
06-08 13:51:23.891   476   476 D SAN_SERVICE: *******************************************
06-08 13:51:23.891   476   476 D SAN_SERVICE: DM App Phone Service State - 0
06-08 13:51:23.891   476   476 D SAN_SERVICE: *******************************************
06-08 13:51:23.934   718   720 D dalvikvm: GC_CONCURRENT freed 381K, 11% free 10366K/11591K, paused 2ms+2ms
06-08 13:51:25.645  3482  3483 D dalvikvm: GC_CONCURRENT freed 350K, 7% free 9442K/10055K, paused 13ms+2ms
06-08 13:51:27.781  3482  3493 D dalvikvm: GC_FOR_ALLOC freed 334K, 7% free 9391K/10055K, paused 17ms
06-08 13:51:28.164   476   476 D SAN_SERVICE: *******************************************
06-08 13:51:28.164   476   476 D SAN_SERVICE: DM App Phone Service State - 0
06-08 13:51:28.164   476   476 D SAN_SERVICE: *******************************************
06-08 13:51:28.395   151   469 D AlarmManagerService: Kernel timezone updated to 240 minutes west of GMT
06-08 13:51:30.524   718   720 D dalvikvm: GC_CONCURRENT freed 390K, 11% free 10367K/11591K, paused 15ms+2ms
06-08 13:51:30.571  3482  3483 D dalvikvm: GC_CONCURRENT freed 364K, 7% free 9437K/10055K, paused 2ms+2ms
06-08 13:51:32.953   476   476 D SAN_SERVICE: *******************************************
06-08 13:51:32.953   476   476 D SAN_SERVICE: DM App Phone Service State - 0
06-08 13:51:32.953   476   476 D SAN_SERVICE: *******************************************
06-08 13:51:33.297  3482  3506 D dalvikvm: GC_FOR_ALLOC freed 398K, 7% free 9394K/10055K, paused 14ms
06-08 13:51:35.590  3482  3483 D dalvikvm: GC_CONCURRENT freed 380K, 7% free 9435K/10055K, paused 1ms+2ms
06-08 13:51:36.422   151   151 D AlarmManagerService: Kernel timezone updated to 240 minutes west of GMT
06-08 13:51:38.438   718   720 D dalvikvm: GC_CONCURRENT freed 388K, 11% free 10366K/11591K, paused 4ms+4ms
06-08 13:51:39.235  3482  4000 D dalvikvm: GC_FOR_ALLOC freed 416K, 7% free 9395K/10055K, paused 14ms
06-08 13:51:41.352  3482  3483 D dalvikvm: GC_CONCURRENT freed 349K, 6% free 9455K/10055K, paused 1ms+2ms
06-08 13:51:42.989   476   476 D SAN_SERVICE: *******************************************
06-08 13:51:42.989   476   476 D SAN_SERVICE: DM App Phone Service State - 0
06-08 13:51:42.989   476   476 D SAN_SERVICE: *******************************************
06-08 13:51:43.020   476   479 D dalvikvm: GC_CONCURRENT freed 383K, 7% free 9507K/10119K, paused 9ms+3ms
06-08 13:51:43.406   476   476 D SAN_SERVICE: *******************************************
06-08 13:51:43.406   476   476 D SAN_SERVICE: DM App Phone Service State - 0
06-08 13:51:43.406   476   476 D SAN_SERVICE: *******************************************
06-08 13:51:43.430  3482  3493 D dalvikvm: GC_FOR_ALLOC freed 352K, 7% free 9393K/10055K, paused 14ms
06-08 13:51:45.235   718   720 D dalvikvm: GC_CONCURRENT freed 388K, 11% free 10373K/11591K, paused 15ms+3ms
06-08 13:51:45.289  3482  3483 D dalvikvm: GC_CONCURRENT freed 381K, 7% free 9400K/10055K, paused 2ms+3ms
06-08 13:51:45.324   718  1312 I EventLogService: Aggregate from 1339176225692 (log), 1339176103180 (data)
06-08 13:51:45.395   151   560 D AlarmManagerService: Kernel timezone updated to 240 minutes west of GMT
06-08 13:51:45.406   476   476 D SAN_SERVICE: *******************************************
06-08 13:51:45.406   476   476 D SAN_SERVICE: DM App Phone Service State - 0
06-08 13:51:45.406   476   476 D SAN_SERVICE: *******************************************
06-08 13:51:45.508   476   476 D SAN_SERVICE: *******************************************
06-08 13:51:45.508   476   476 D SAN_SERVICE: DM App Phone Service State - 0
06-08 13:51:45.508   476   476 D SAN_SERVICE: *******************************************
06-08 13:51:45.535   151   162 I ActivityManager: Process com.android.sprintmenu (pid 751) has died.
06-08 13:51:45.535   151   162 W ActivityManager: Scheduling restart of crashed service com.android.sprintmenu/.HiddenPhoneService in 5000ms
06-08 13:51:48.227  3482  4000 D dalvikvm: GC_FOR_ALLOC freed 359K, 7% free 9394K/10055K, paused 14ms
06-08 13:51:48.406   718   720 D dalvikvm: GC_CONCURRENT freed 266K, 10% free 10496K/11591K, paused 8ms+3ms
06-08 13:51:49.934   476   476 D SAN_SERVICE: *******************************************
06-08 13:51:49.934   476   476 D SAN_SERVICE: DM App Phone Service State - 0
06-08 13:51:49.934   476   476 D SAN_SERVICE: *******************************************
06-08 13:51:50.555   151   168 I ActivityManager: Start proc com.android.sprintmenu for service com.android.sprintmenu/.HiddenPhoneService: pid=4006 uid=1001 gids={3002, 3001, 3003, 1015}
06-08 13:51:51.531  3482  3483 D dalvikvm: GC_CONCURRENT freed 369K, 7% free 9433K/10055K, paused 19ms+2ms
06-08 13:51:53.875  3482  3494 D dalvikvm: GC_FOR_ALLOC freed 348K, 7% free 9393K/10055K, paused 14ms
06-08 13:51:54.637  1278  1296 I PhoneLab-: Service Running
06-08 13:51:54.723  1278  1296 I PhoneLab-LoggerService: app_38    1302  1278  1772   1328  c00f181c 400107b4 S logcat
06-08 13:51:54.723  1278  1296 I PhoneLab-LoggerService: Logcat pid from database 1302
06-08 13:51:54.723  1278  1296 I PhoneLab-LoggerService: Logcat process found 1302
06-08 13:51:54.723  1278  1296 I PhoneLab-LoggerService: Checking Threshold
06-08 13:51:54.727  1278  1296 I PhoneLab-LoggerService: Starting to rename files
06-08 13:51:54.727  1278  1296 I PhoneLab-LoggerService: Files found .. 2
06-08 13:51:56.387  3482  3483 D dalvikvm: GC_CONCURRENT freed 374K, 7% free 9436K/10055K, paused 2ms+2ms
06-08 13:51:56.531   718   720 D dalvikvm: GC_CONCURRENT freed 456K, 11% free 10428K/11591K, paused 4ms+3ms
06-08 13:51:58.848   476   476 D SAN_SERVICE: *******************************************
06-08 13:51:58.848   476   476 D SAN_SERVICE: DM App Phone Service State - 0
06-08 13:51:58.848   476   476 D SAN_SERVICE: *******************************************
06-08 13:52:00.891  3482  3483 D dalvikvm: GC_CONCURRENT freed 420K, 7% free 9400K/10055K, paused 2ms+2ms
06-08 13:52:02.055   151   163 D dalvikvm: GC_EXPLICIT freed 626K, 12% free 14144K/16071K, paused 3ms+6ms
06-08 13:52:04.317  3482  3483 D dalvikvm: GC_CONCURRENT freed 388K, 7% free 9439K/10055K, paused 2ms+2ms
06-08 13:52:05.621   718   720 D dalvikvm: GC_CONCURRENT freed 390K, 11% free 10429K/11591K, paused 14ms+3ms
06-08 13:52:06.633  3482  3483 D dalvikvm: GC_CONCURRENT freed 426K, 7% free 9398K/10055K, paused 1ms+2ms
06-08 13:52:09.653  3482  3483 D dalvikvm: GC_CONCURRENT freed 378K, 7% free 9440K/10055K, paused 2ms+2ms
06-08 13:52:12.375  3482  3493 D dalvikvm: GC_FOR_ALLOC freed 412K, 7% free 9393K/10055K, paused 24ms
06-08 13:52:12.934   718   720 D dalvikvm: GC_CONCURRENT freed 385K, 10% free 10445K/11591K, paused 21ms+3ms
06-08 13:52:14.817  3482  3483 D dalvikvm: GC_CONCURRENT freed 320K, 6% free 9469K/10055K, paused 5ms+4ms
06-08 13:52:16.430  3482  3494 D dalvikvm: GC_EXPLICIT freed 288K, 7% free 9385K/10055K, paused 2ms+3ms
06-08 13:52:18.735   718   720 D dalvikvm: GC_CONCURRENT freed 405K, 10% free 10434K/11591K, paused 15ms+2ms
06-08 13:52:18.778  3482  3483 D dalvikvm: GC_CONCURRENT freed 363K, 7% free 9434K/10055K, paused 2ms+2ms
06-08 13:52:21.793  3482  3506 D dalvikvm: GC_FOR_ALLOC freed 403K, 7% free 9396K/10055K, paused 22ms
06-08 13:52:23.821   151   469 D AlarmManagerService: Kernel timezone updated to 240 minutes west of GMT
06-08 13:52:23.832   476   476 D SAN_SERVICE: *******************************************
06-08 13:52:23.832   476   476 D SAN_SERVICE: DM App Phone Service State - 0
06-08 13:52:23.832   476   476 D SAN_SERVICE: *******************************************
06-08 13:52:26.067  3482  3483 D dalvikvm: GC_CONCURRENT freed 349K, 7% free 9447K/10055K, paused 2ms+2ms
06-08 13:52:28.188   718   720 D dalvikvm: GC_CONCURRENT freed 395K, 11% free 10429K/11591K, paused 2ms+3ms
06-08 13:52:28.660  3482  4000 D dalvikvm: GC_FOR_ALLOC freed 410K, 7% free 9398K/10055K, paused 37ms
06-08 13:52:32.406  3482  3506 D dalvikvm: GC_FOR_ALLOC freed 383K, 7% free 9395K/10055K, paused 15ms
06-08 13:52:34.805  3482  3494 D dalvikvm: GC_FOR_ALLOC freed 372K, 7% free 9394K/10055K, paused 14ms
06-08 13:52:36.645   718   720 D dalvikvm: GC_CONCURRENT freed 398K, 10% free 10444K/11591K, paused 15ms+3ms
06-08 13:52:37.531  3482  3483 D dalvikvm: GC_CONCURRENT freed 371K, 7% free 9436K/10055K, paused 2ms+2ms
06-08 13:52:40.469  3482  3506 D dalvikvm: GC_FOR_ALLOC freed 415K, 7% free 9397K/10055K, paused 60ms
06-08 13:52:42.258   718   720 D dalvikvm: GC_CONCURRENT freed 374K, 10% free 10460K/11591K, paused 15ms+3ms
06-08 13:52:43.188  3482  3483 D dalvikvm: GC_CONCURRENT freed 386K, 7% free 9396K/10055K, paused 1ms+2ms
06-08 13:52:45.594  3482  3483 D dalvikvm: GC_CONCURRENT freed 347K, 7% free 9449K/10055K, paused 1ms+3ms
06-08 13:52:47.242   151   503 D AlarmManagerService: Kernel timezone updated to 240 minutes west of GMT
06-08 13:52:49.656  3482  3494 D dalvikvm: GC_FOR_ALLOC freed 409K, 7% free 9409K/10055K, paused 14ms
06-08 13:52:50.516   718   720 D dalvikvm: GC_CONCURRENT freed 418K, 10% free 10435K/11591K, paused 15ms+3ms
06-08 13:52:52.160  3482  3493 D dalvikvm: GC_FOR_ALLOC freed 357K, 7% free 9396K/10055K, paused 31ms
06-08 13:52:56.293   476   476 D SAN_SERVICE: *******************************************
06-08 13:52:56.293   476   476 D SAN_SERVICE: DM App Phone Service State - 0
06-08 13:52:56.293   476   476 D SAN_SERVICE: *******************************************
06-08 13:52:56.606   151   151 D dalvikvm: GC_EXPLICIT freed 343K, 13% free 14119K/16071K, paused 8ms+5ms
06-08 13:52:56.774  3482  3483 D dalvikvm: GC_CONCURRENT freed 376K, 7% free 9404K/10055K, paused 6ms+3ms
06-08 13:52:57.180   476   476 D SAN_SERVICE: *******************************************
06-08 13:52:57.180   476   476 D SAN_SERVICE: DM App Phone Service State - 0
06-08 13:52:57.180   476   476 D SAN_SERVICE: *******************************************
06-08 13:52:57.258   151   917 D AlarmManagerService: Kernel timezone updated to 240 minutes west of GMT
06-08 13:52:57.270  1119  4023 D PicasaSyncService: start to perform sync on jayinamdar@gmail.com
06-08 13:52:57.278  1119  1133 V PicasaContentProvider: querySettings: defaults: {sync_on_wifi_only=1, auto_upload_account_type=null, sync_on_battery=1, sync_picasa_on_wifi_only=1, auto_upload_enabled=0, video_upload_wifi_only=1, sync_on_roaming=0, auto_upload_account_name=null}
06-08 13:52:57.285  1119  4023 D PicasaSyncManager: perform sync task: MetadataSyncTask (jayinamdar@gmail.com)
06-08 13:52:57.344  1332  1332 D OpenGLRenderer: Flushing caches (mode 1)
06-08 13:52:57.356  1332  1332 D OpenGLRenderer: Flushing caches (mode 1)
06-08 13:52:57.360  1119  4023 D PicasaAPI: getAlbums for jayinamdar@gmail.com, etag = W/"A0QNSXc9cCp7ImA9WhVbEks."
06-08 13:52:59.028  1119  4023 V PicasaAPI:    done
06-08 13:52:59.028  1119  4023 D MetricsUtils: [PicasaApi.getAlbums in:361 out:630 time:1669]
06-08 13:52:59.039  1119  4023 D MetricsUtils: [PicasaSyncHelper.syncAlbums jayinamdar@gmail.com time:1681]
06-08 13:52:59.086  1119  1121 D dalvikvm: GC_CONCURRENT freed 413K, 6% free 9703K/10247K, paused 12ms+3ms
06-08 13:52:59.106  1119  4023 D PicasaAPI: getAlbumPhotos for 105710113694891878798 / 5116620423394122177, etag: W/"CEMDQnk6cCp7ImA9WhVSGUw."
06-08 13:52:59.711  1119  4023 D PicasaAPI:    done
06-08 13:52:59.711  1119  4023 D MetricsUtils: [PicasaApi.getAlbumPhotos in:207 out:756 time:607]
06-08 13:52:59.715  1119  4023 D MetricsUtils: [PicasaSyncHelper.syncPhotos 5116620423394122177 time:624]
06-08 13:52:59.754  1119  4023 D PicasaAPI: getAlbumPhotos for 105710113694891878798 / 5352745827623112929, etag: W/"DkEBR348fSp7ImA9WhVbEEw."
06-08 13:53:00.336  1119  4023 D PicasaAPI:    done
06-08 13:53:00.340  1119  4023 D MetricsUtils: [PicasaApi.getAlbumPhotos in:207 out:756 time:585]
06-08 13:53:00.340  1119  4023 D MetricsUtils: [PicasaSyncHelper.syncPhotos 5352745827623112929 time:622]
06-08 13:53:00.391  1119  4023 D PicasaAPI: getAlbumPhotos for 105710113694891878798 / 5357229644283205361, etag: W/"C0AAQXoyfyp7ImA9WhVUFkk."
06-08 13:53:01.031  1119  4023 D PicasaAPI:    done
06-08 13:53:01.031  1119  4023 D MetricsUtils: [PicasaApi.getAlbumPhotos in:207 out:756 time:640]
06-08 13:53:01.031  1119  4023 D MetricsUtils: [PicasaSyncHelper.syncPhotos 5357229644283205361 time:686]
06-08 13:53:01.055  1119  4023 D PicasaAPI: getAlbumPhotos for 105710113694891878798 / 5415771333597368705, etag: W/"CE4NRHszcSp7ImA9WhVbEks."
06-08 13:53:01.696  1119  4023 D PicasaAPI:    done
06-08 13:53:01.696  1119  4023 D MetricsUtils: [PicasaApi.getAlbumPhotos in:207 out:756 time:642]
06-08 13:53:01.699  1119  4023 D MetricsUtils: [PicasaSyncHelper.syncPhotos 5415771333597368705 time:666]
06-08 13:53:01.774  1119  4023 D PicasaAPI: getAlbumPhotos for 105710113694891878798 / 5556347703683808817, etag: W/"C0EMQ3k6fCp7ImA9WhVbEU0."
06-08 13:53:03.156  1119  4023 D PicasaAPI:    done
06-08 13:53:03.160  1119  4023 D MetricsUtils: [PicasaApi.getAlbumPhotos in:207 out:756 time:1384]
06-08 13:53:03.160  1119  4023 D MetricsUtils: [PicasaSyncHelper.syncPhotos 5556347703683808817 time:1459]
06-08 13:53:03.235  1119  4023 D PicasaAPI: getAlbumPhotos for 105710113694891878798 / 5560416188154608529, etag: W/"DEcBSXkyeCp7ImA9WhVbEUQ."
06-08 13:53:03.887  1119  4023 D PicasaAPI:    done
06-08 13:53:03.891  1119  4023 D MetricsUtils: [PicasaApi.getAlbumPhotos in:207 out:756 time:653]
06-08 13:53:03.891  1119  4023 D MetricsUtils: [PicasaSyncHelper.syncPhotos 5560416188154608529 time:726]
06-08 13:53:03.934  1119  4023 D PicasaAPI: getAlbumPhotos for 105710113694891878798 / 5613047619696263553, etag: W/"A0QNSXc9cCp7ImA9WhVbEks."
06-08 13:53:05.035  1119  4023 D PicasaAPI:    done
06-08 13:53:05.035  1119  4023 D MetricsUtils: [PicasaApi.getAlbumPhotos in:207 out:756 time:1103]
06-08 13:53:05.039  1119  4023 D MetricsUtils: [PicasaSyncHelper.syncPhotos 5613047619696263553 time:1142]
06-08 13:53:05.055  1119  4023 D PicasaAPI: getAlbumPhotos for 105710113694891878798 / 5623854235830261905, etag: W/"D0EEQHgzcCp7ImA9WhZaFE0."
06-08 13:53:05.559  1119  4023 D PicasaAPI:    done
06-08 13:53:05.559  1119  4023 D MetricsUtils: [PicasaApi.getAlbumPhotos in:207 out:756 time:507]
06-08 13:53:05.563  1119  4023 D MetricsUtils: [PicasaSyncHelper.syncPhotos 5623854235830261905 time:520]
06-08 13:53:05.614  1119  4023 D PicasaAPI: getAlbumPhotos for 105710113694891878798 / 5634502661043587233, etag: W/"CU8FQXs7eCp7ImA9WhVbEU0."
06-08 13:53:06.078  1119  4023 D PicasaAPI:    done
06-08 13:53:06.082  1119  4023 D MetricsUtils: [PicasaApi.getAlbumPhotos in:207 out:756 time:466]
06-08 13:53:06.082  1119  4023 D MetricsUtils: [PicasaSyncHelper.syncPhotos 5634502661043587233 time:517]
06-08 13:53:06.176  1119  4023 D PicasaSyncManager: sync complete: SyncResult: stats []
06-08 13:53:06.336  1119  1133 V PicasaContentProvider: querySettings: defaults: {sync_on_wifi_only=1, auto_upload_account_type=null, sync_on_battery=1, sync_picasa_on_wifi_only=1, auto_upload_enabled=0, video_upload_wifi_only=1, sync_on_roaming=0, auto_upload_account_name=null}
06-08 13:53:06.336  1119  4023 D MetricsUtils: [PicasaSyncManager.getNextSyncTask time:154]
06-08 13:53:06.336  1119  4023 D PicasaSyncManager: perform sync task: PrefetchFullImage (jayinamdar@gmail.com)
06-08 13:53:06.434  1119  1121 D dalvikvm: GC_CONCURRENT freed 428K, 6% free 9687K/10247K, paused 17ms+5ms
06-08 13:53:06.875  1119  1121 D dalvikvm: GC_CONCURRENT freed 444K, 6% free 9691K/10247K, paused 2ms+3ms
06-08 13:53:07.043  1119  1121 D dalvikvm: GC_CONCURRENT freed 457K, 6% free 9669K/10247K, paused 2ms+2ms
06-08 13:53:07.164  1119  4023 D MetricsUtils: [PrefetchHelper.cleanCache time:746]
06-08 13:53:07.215  1119  4023 D PicasaSyncManager: sync complete: SyncResult: stats []
06-08 13:53:07.235  1119  1133 V PicasaContentProvider: querySettings: defaults: {sync_on_wifi_only=1, auto_upload_account_type=null, sync_on_battery=1, sync_picasa_on_wifi_only=1, auto_upload_enabled=0, video_upload_wifi_only=1, sync_on_roaming=0, auto_upload_account_name=null}
06-08 13:53:07.235  1119  4023 D PicasaSyncManager: perform sync task: PrefetchAlbumCover (jayinamdar@gmail.com)
06-08 13:53:07.289  1119  4023 D PicasaSyncManager: sync complete: SyncResult: stats []
06-08 13:53:07.313  1119  1133 V PicasaContentProvider: querySettings: defaults: {sync_on_wifi_only=1, auto_upload_account_type=null, sync_on_battery=1, sync_picasa_on_wifi_only=1, auto_upload_enabled=0, video_upload_wifi_only=1, sync_on_roaming=0, auto_upload_account_name=null}
06-08 13:53:07.313  1119  4023 D PicasaSyncManager: perform sync task: PrefetchScreenNail (jayinamdar@gmail.com)
06-08 13:53:11.457  1119  1121 D dalvikvm: GC_CONCURRENT freed 398K, 6% free 9719K/10247K, paused 2ms+3ms
06-08 13:53:24.813  1119  1121 D dalvikvm: GC_CONCURRENT freed 445K, 6% free 9670K/10247K, paused 2ms+2ms
06-08 13:53:41.528  1119  1121 D dalvikvm: GC_CONCURRENT freed 443K, 6% free 9671K/10247K, paused 2ms+2ms
06-08 13:53:54.637  1278  1296 I PhoneLab-: Service Running
06-08 13:53:54.719  1278  1296 I PhoneLab-LoggerService: app_38    1302  1278  1772   1328  c00f181c 400107b4 S logcat
06-08 13:53:54.719  1278  1296 I PhoneLab-LoggerService: Logcat pid from database 1302
06-08 13:53:54.719  1278  1296 I PhoneLab-LoggerService: Logcat process found 1302
06-08 13:53:54.719  1278  1296 I PhoneLab-LoggerService: Checking Threshold
06-08 13:53:54.723  1278  1296 I PhoneLab-LoggerService: Starting to rename files
06-08 13:53:54.723  1278  1296 I PhoneLab-LoggerService: Files found .. 2
06-08 13:53:55.239  1119  1121 D dalvikvm: GC_CONCURRENT freed 448K, 6% free 9666K/10247K, paused 2ms+2ms
06-08 13:54:04.141   151   503 D AlarmManagerService: Kernel timezone updated to 240 minutes west of GMT
06-08 13:54:07.418   476   476 D SAN_SERVICE: *******************************************
06-08 13:54:07.418   476   476 D SAN_SERVICE: DM App Phone Service State - 0
06-08 13:54:07.418   476   476 D SAN_SERVICE: *******************************************
06-08 13:54:08.156  1119  1121 D dalvikvm: GC_CONCURRENT freed 445K, 6% free 9671K/10247K, paused 2ms+2ms
06-08 13:54:13.520   476   476 D SAN_SERVICE: *******************************************
06-08 13:54:13.520   476   476 D SAN_SERVICE: DM App Phone Service State - 0
06-08 13:54:13.520   476   476 D SAN_SERVICE: *******************************************
06-08 13:54:19.020  1119  1121 D dalvikvm: GC_CONCURRENT freed 442K, 6% free 9671K/10247K, paused 1ms+3ms
06-08 13:54:30.629  1119  1121 D dalvikvm: GC_CONCURRENT freed 451K, 6% free 9669K/10247K, paused 3ms+4ms
06-08 13:54:44.133  1119  1121 D dalvikvm: GC_CONCURRENT freed 447K, 6% free 9667K/10247K, paused 2ms+4ms
06-08 13:54:44.660   151   153 D dalvikvm: GC_CONCURRENT freed 1218K, 13% free 14141K/16071K, paused 10ms+6ms
06-08 13:54:57.485  1119  1121 D dalvikvm: GC_CONCURRENT freed 443K, 6% free 9673K/10247K, paused 2ms+2ms
06-08 13:55:03.211  1765  1765 I wpa_supplicant: wlan0: WPA: Group rekeying completed with d0:c2:82:2d:e5:b0 [GTK=TKIP]
06-08 13:55:08.215   151   469 D AlarmManagerService: Kernel timezone updated to 240 minutes west of GMT
06-08 13:55:09.739  1119  1121 D dalvikvm: GC_CONCURRENT freed 444K, 6% free 9669K/10247K, paused 12ms+2ms
06-08 13:55:14.239   151   162 D AlarmManagerService: Kernel timezone updated to 240 minutes west of GMT
06-08 13:55:18.496   476   476 D SAN_SERVICE: *******************************************
06-08 13:55:18.496   476   476 D SAN_SERVICE: DM App Phone Service State - 0
06-08 13:55:18.496   476   476 D SAN_SERVICE: *******************************************
06-08 13:55:25.196  1119  1121 D dalvikvm: GC_CONCURRENT freed 444K, 6% free 9672K/10247K, paused 12ms+2ms
06-08 13:55:28.028   476   476 D SAN_SERVICE: *******************************************
06-08 13:55:28.028   476   476 D SAN_SERVICE: DM App Phone Service State - 0
06-08 13:55:28.028   476   476 D SAN_SERVICE: *******************************************
06-08 13:55:28.215   476   476 D SAN_SERVICE: *******************************************
06-08 13:55:28.215   476   476 D SAN_SERVICE: DM App Phone Service State - 0
06-08 13:55:28.215   476   476 D SAN_SERVICE: *******************************************
06-08 13:55:32.031   476   476 D SAN_SERVICE: *******************************************
06-08 13:55:32.047   476   476 D SAN_SERVICE: DM App Phone Service State - 0
06-08 13:55:32.047   476   476 D SAN_SERVICE: *******************************************
06-08 13:55:32.086   476   479 D dalvikvm: GC_CONCURRENT freed 386K, 7% free 9508K/10119K, paused 8ms+2ms
06-08 13:55:32.281   151   560 D AlarmManagerService: Kernel timezone updated to 240 minutes west of GMT
06-08 13:55:32.289   476   476 D SAN_SERVICE: *******************************************
06-08 13:55:32.289   476   476 D SAN_SERVICE: DM App Phone Service State - 0
06-08 13:55:32.289   476   476 D SAN_SERVICE: *******************************************
06-08 13:55:36.645   151   201 I power   : *** set_screen_state 1
06-08 13:55:36.867    79   120 D SurfaceFlinger: Screen about to return, flinger = 0x8a0918
06-08 13:55:36.992   151   201 I WindowManager: Lock screen displayed!
06-08 13:55:40.680  1119  1121 D dalvikvm: GC_CONCURRENT freed 446K, 6% free 9668K/10247K, paused 4ms+18ms
06-08 13:55:45.653   476   476 D SAN_SERVICE: *******************************************
06-08 13:55:45.656   476   476 D SAN_SERVICE: DM App Phone Service State - 0
06-08 13:55:45.656   476   476 D SAN_SERVICE: *******************************************
06-08 13:55:49.324  1119  1121 D dalvikvm: GC_CONCURRENT freed 444K, 6% free 9668K/10247K, paused 2ms+9ms
06-08 13:55:49.410   151   197 I power   : *** set_screen_state 0
06-08 13:55:49.465    79   120 D SurfaceFlinger: About to give-up screen, flinger = 0x8a0918
06-08 13:55:49.699   151   201 D dalvikvm: GC_FOR_ALLOC freed 777K, 10% free 14489K/16071K, paused 60ms
06-08 13:55:49.699   151   201 I dalvikvm-heap: Grow heap (frag case) to 14.324MB for 104992-byte allocation
06-08 13:55:49.754   151   307 D dalvikvm: GC_FOR_ALLOC freed 37K, 11% free 14554K/16199K, paused 43ms
06-08 13:55:49.809   151   201 D dalvikvm: GC_FOR_ALLOC freed 14K, 11% free 14546K/16199K, paused 42ms
06-08 13:55:49.809   151   201 I dalvikvm-heap: Grow heap (frag case) to 14.378MB for 104992-byte allocation
06-08 13:55:49.867   151   307 D dalvikvm: GC_FOR_ALLOC freed <1K, 11% free 14648K/16327K, paused 43ms
06-08 13:55:49.871   151   201 V TransportControlView: Create TCV com.android.internal.widget.TransportControlView@4189db08
06-08 13:55:53.989   476   476 D SAN_SERVICE: *******************************************
06-08 13:55:53.989   476   476 D SAN_SERVICE: DM App Phone Service State - 0
06-08 13:55:53.989   476   476 D SAN_SERVICE: *******************************************
06-08 13:55:54.637  1278  1296 I PhoneLab-: Service Running
06-08 13:55:54.688  1278  1296 I PhoneLab-LoggerService: app_38    1302  1278  1772   1328  c00f181c 400107b4 S logcat
06-08 13:55:54.688  1278  1296 I PhoneLab-LoggerService: Logcat pid from database 1302
06-08 13:55:54.688  1278  1296 I PhoneLab-LoggerService: Logcat process found 1302
06-08 13:55:54.688  1278  1296 I PhoneLab-LoggerService: Checking Threshold
06-08 13:55:54.688  1278  1296 I PhoneLab-LoggerService: Starting to rename files
06-08 13:55:54.688  1278  1296 I PhoneLab-LoggerService: Files found .. 2
06-08 13:56:01.446  1119  1121 D dalvikvm: GC_CONCURRENT freed 449K, 6% free 9669K/10247K, paused 2ms+5ms
06-08 13:56:04.000   476   476 D SAN_SERVICE: *******************************************
06-08 13:56:04.000   476   476 D SAN_SERVICE: DM App Phone Service State - 0
06-08 13:56:04.000   476   476 D SAN_SERVICE: *******************************************
06-08 13:56:04.313   476   476 D SAN_SERVICE: *******************************************
06-08 13:56:04.313   476   476 D SAN_SERVICE: DM App Phone Service State - 0
06-08 13:56:04.313   476   476 D SAN_SERVICE: *******************************************
06-08 13:56:08.989   151   503 D AlarmManagerService: Kernel timezone updated to 240 minutes west of GMT
06-08 13:56:13.196   476   476 D SAN_SERVICE: *******************************************
06-08 13:56:13.196   476   476 D SAN_SERVICE: DM App Phone Service State - 0
06-08 13:56:13.196   476   476 D SAN_SERVICE: *******************************************
06-08 13:56:17.434  1119  1121 D dalvikvm: GC_CONCURRENT freed 448K, 6% free 9669K/10247K, paused 2ms+2ms
06-08 13:56:19.926   476   476 D SAN_SERVICE: *******************************************
06-08 13:56:19.926   476   476 D SAN_SERVICE: DM App Phone Service State - 0
06-08 13:56:19.926   476   476 D SAN_SERVICE: *******************************************
06-08 13:56:20.008   718   720 D dalvikvm: GC_CONCURRENT freed 512K, 10% free 10434K/11591K, paused 2ms+4ms
06-08 13:56:30.106   476   476 D SAN_SERVICE: *******************************************
06-08 13:56:30.106   476   476 D SAN_SERVICE: DM App Phone Service State - 0
06-08 13:56:30.106   476   476 D SAN_SERVICE: *******************************************
06-08 13:56:30.344   476   476 D SAN_SERVICE: *******************************************
06-08 13:56:30.344   476   476 D SAN_SERVICE: DM App Phone Service State - 0
06-08 13:56:30.344   476   476 D SAN_SERVICE: *******************************************
06-08 13:56:30.528   476   476 D SAN_SERVICE: *******************************************
06-08 13:56:30.528   476   476 D SAN_SERVICE: DM App Phone Service State - 0
06-08 13:56:30.528   476   476 D SAN_SERVICE: *******************************************
06-08 13:56:31.946   718   772 D androidNetworkLocationListeners: Still have listener com.google.android.location.internal.client.NetworkLocationClient$1@4136eaf0
06-08 13:56:33.219   718  1554 I WifiLocationEstimator: Not returning location for the following outliers: [229533830080352]
06-08 13:56:34.391  1119  1121 D dalvikvm: GC_CONCURRENT freed 443K, 6% free 9672K/10247K, paused 12ms+5ms
06-08 13:56:38.578   151   560 D AlarmManagerService: Kernel timezone updated to 240 minutes west of GMT
06-08 13:56:47.067  1119  1121 D dalvikvm: GC_CONCURRENT freed 445K, 6% free 9669K/10247K, paused 3ms+4ms
06-08 13:57:00.750  1119  1121 D dalvikvm: GC_CONCURRENT freed 451K, 6% free 9670K/10247K, paused 5ms+3ms
06-08 13:57:15.989  1119  1121 D dalvikvm: GC_CONCURRENT freed 445K, 6% free 9668K/10247K, paused 2ms+1ms
06-08 13:57:29.617  1119  1121 D dalvikvm: GC_CONCURRENT freed 442K, 6% free 9672K/10247K, paused 2ms+3ms
06-08 13:57:44.453   151   162 D AlarmManagerService: Kernel timezone updated to 240 minutes west of GMT
06-08 13:57:44.457   476   476 D SystemClock: Setting time of day to sec=1339178265
06-08 13:57:45.142  3950  3965 V AlarmClock: AlarmInitReceiver finished
06-08 13:57:47.130  1119  1121 D dalvikvm: GC_CONCURRENT freed 448K, 6% free 9667K/10247K, paused 11ms+2ms
06-08 13:57:55.247  1278  1296 I PhoneLab-: Service Running
06-08 13:57:55.318  1278  1296 I PhoneLab-LoggerService: app_38    1302  1278  1772   1328  c00f181c 400107b4 S logcat
06-08 13:57:55.318  1278  1296 I PhoneLab-LoggerService: Logcat pid from database 1302
06-08 13:57:55.318  1278  1296 I PhoneLab-LoggerService: Logcat process found 1302
06-08 13:57:55.318  1278  1296 I PhoneLab-LoggerService: Checking Threshold
06-08 13:57:55.322  1278  1296 I PhoneLab-LoggerService: Starting to rename files
06-08 13:57:55.322  1278  1296 I PhoneLab-LoggerService: Files found .. 2
06-08 13:57:57.693  1119  1683 D PicasaSyncService: receive cancel request
06-08 13:57:57.728   151   193 I ActivityManager: Start proc com.google.android.syncadapters.calendar for service com.google.android.syncadapters.calendar/.CalendarSyncAdapterService: pid=4041 uid=10020 gids={3003}
06-08 13:57:57.825   151   163 I ActivityManager: Process com.google.android.talk (pid 1004) has died.
06-08 13:57:57.833   151   163 W ActivityManager: Scheduling restart of crashed service com.google.android.talk/.AccountChangedService in 5000ms
06-08 13:57:57.923   151   163 D dalvikvm: GC_FOR_ALLOC freed 1609K, 13% free 14290K/16327K, paused 57ms
06-08 13:57:58.470  1119  4023 D PicasaSyncManager: sync complete: SyncResult: stats []
06-08 13:57:58.482  1332  1332 D OpenGLRenderer: Flushing caches (mode 1)
06-08 13:57:58.505  1119  1133 V PicasaContentProvider: querySettings: defaults: {sync_on_wifi_only=1, auto_upload_account_type=null, sync_on_battery=1, sync_picasa_on_wifi_only=1, auto_upload_enabled=0, video_upload_wifi_only=1, sync_on_roaming=0, auto_upload_account_name=null}
06-08 13:57:58.509  1119  4023 D PicasaSyncService: sync finished - true
06-08 13:57:58.513   151   193 D SyncManager: handleSyncHandlerMessage: dropping since the sync is no longer active: startTime 1963327, mTimeoutStartTime 1963327, mHistoryRowId 19, syncOperation jayinamdar@gmail.com (com.google), com.google.android.gallery3d.GooglePhotoProvider, SERVER, earliestRunTime 254966
06-08 13:57:58.654   718   720 D dalvikvm: GC_CONCURRENT freed 397K, 11% free 10421K/11591K, paused 13ms+5ms
06-08 13:57:58.704  1332  1332 D OpenGLRenderer: Flushing caches (mode 1)
06-08 13:57:58.829   718   730 D dalvikvm: GC_EXPLICIT freed 19K, 11% free 10412K/11591K, paused 2ms+3ms
06-08 13:57:58.853  1974  1986 I CalendarProvider2: No events to update: uri=content://com.android.calendar/events?account_name=jayinamdar%40gmail.com&account_type=com.google&caller_is_syncadapter=true selection=_sync_id IS NOT NULL AND calendar_id=1 selectionArgs=null
06-08 13:58:00.060  4041  4042 D dalvikvm: GC_CONCURRENT freed 285K, 4% free 9185K/9543K, paused 16ms+6ms
06-08 13:58:00.907  1974  1976 D dalvikvm: GC_CONCURRENT freed 412K, 6% free 9265K/9799K, paused 1ms+3ms
06-08 13:58:01.025  1119  4061 D PicasaSyncService: start to perform sync on jayinamdar@gmail.com
06-08 13:58:01.032  1119  1133 V PicasaContentProvider: querySettings: defaults: {sync_on_wifi_only=1, auto_upload_account_type=null, sync_on_battery=1, sync_picasa_on_wifi_only=1, auto_upload_enabled=0, video_upload_wifi_only=1, sync_on_roaming=0, auto_upload_account_name=null}
06-08 13:58:01.048  1119  4061 D PicasaSyncManager: perform sync task: MetadataSyncTask (jayinamdar@gmail.com)
06-08 13:58:02.044  1332  1332 D OpenGLRenderer: Flushing caches (mode 1)
06-08 13:58:02.060  1332  1332 D OpenGLRenderer: Flushing caches (mode 1)
06-08 13:58:02.060  1119  4061 D PicasaAPI: getAlbums for jayinamdar@gmail.com, etag = W/"A0QNSXc9cCp7ImA9WhVbEks."
06-08 13:58:02.603  1119  1121 D dalvikvm: GC_CONCURRENT freed 428K, 6% free 9688K/10247K, paused 12ms+2ms
06-08 13:58:03.661  1119  4061 V PicasaAPI:    done
06-08 13:58:03.661  1119  4061 D MetricsUtils: [PicasaApi.getAlbums in:361 out:630 time:1601]
06-08 13:58:03.665  1119  4061 D MetricsUtils: [PicasaSyncHelper.syncAlbums jayinamdar@gmail.com time:1605]
06-08 13:58:03.728  1119  4061 D PicasaAPI: getAlbumPhotos for 105710113694891878798 / 5116620423394122177, etag: W/"CEMDQnk6cCp7ImA9WhVSGUw."
06-08 13:58:04.380  1119  4061 D PicasaAPI:    done
06-08 13:58:04.384  1119  4061 D MetricsUtils: [PicasaApi.getAlbumPhotos in:207 out:756 time:653]
06-08 13:58:04.384  1119  4061 D MetricsUtils: [PicasaSyncHelper.syncPhotos 5116620423394122177 time:693]
06-08 13:58:04.423  1119  4061 D PicasaAPI: getAlbumPhotos for 105710113694891878798 / 5352745827623112929, etag: W/"DkEBR348fSp7ImA9WhVbEEw."
06-08 13:58:15.767  1119  4061 D PicasaAPI:    done
06-08 13:58:15.767  1119  4061 D MetricsUtils: [PicasaApi.getAlbumPhotos in:207 out:756 time:11344]
06-08 13:58:15.771  1119  4061 D MetricsUtils: [PicasaSyncHelper.syncPhotos 5352745827623112929 time:11381]
06-08 13:58:15.837  1119  4061 D PicasaAPI: getAlbumPhotos for 105710113694891878798 / 5357229644283205361, etag: W/"C0AAQXoyfyp7ImA9WhVUFkk."
06-08 13:58:16.396  1119  4061 D PicasaAPI:    done
06-08 13:58:16.396  1119  4061 D MetricsUtils: [PicasaApi.getAlbumPhotos in:207 out:756 time:557]
06-08 13:58:16.400  1119  4061 D MetricsUtils: [PicasaSyncHelper.syncPhotos 5357229644283205361 time:624]
06-08 13:58:16.447  1119  4061 D PicasaAPI: getAlbumPhotos for 105710113694891878798 / 5415771333597368705, etag: W/"CE4NRHszcSp7ImA9WhVbEks."
06-08 13:58:17.021  1119  4061 D PicasaAPI:    done
06-08 13:58:17.021  1119  4061 D MetricsUtils: [PicasaApi.getAlbumPhotos in:207 out:756 time:574]
06-08 13:58:17.021  1119  4061 D MetricsUtils: [PicasaSyncHelper.syncPhotos 5415771333597368705 time:620]
06-08 13:58:17.095  1119  4061 D PicasaAPI: getAlbumPhotos for 105710113694891878798 / 5556347703683808817, etag: W/"C0EMQ3k6fCp7ImA9WhVbEU0."
06-08 13:58:18.482  1119  4061 D PicasaAPI:    done
06-08 13:58:18.482  1119  4061 D MetricsUtils: [PicasaApi.getAlbumPhotos in:207 out:756 time:1386]
06-08 13:58:18.482  1119  4061 D MetricsUtils: [PicasaSyncHelper.syncPhotos 5556347703683808817 time:1457]
06-08 13:58:18.525  1119  4061 D PicasaAPI: getAlbumPhotos for 105710113694891878798 / 5560416188154608529, etag: W/"DEcBSXkyeCp7ImA9WhVbEUQ."
06-08 13:58:19.005  1119  4061 D PicasaAPI:    done
06-08 13:58:19.005  1119  4061 D MetricsUtils: [PicasaApi.getAlbumPhotos in:207 out:756 time:479]
06-08 13:58:19.005  1119  4061 D MetricsUtils: [PicasaSyncHelper.syncPhotos 5560416188154608529 time:521]
06-08 13:58:19.072  1119  4061 D PicasaAPI: getAlbumPhotos for 105710113694891878798 / 5613047619696263553, etag: W/"A0QNSXc9cCp7ImA9WhVbEks."
06-08 13:58:19.947  1119  4061 D PicasaAPI:    done
06-08 13:58:19.947  1119  4061 D MetricsUtils: [PicasaApi.getAlbumPhotos in:207 out:756 time:872]
06-08 13:58:19.947  1119  4061 D MetricsUtils: [PicasaSyncHelper.syncPhotos 5613047619696263553 time:936]
06-08 13:58:20.060  1119  1121 D dalvikvm: GC_CONCURRENT freed 446K, 6% free 9669K/10247K, paused 12ms+2ms
06-08 13:58:20.060  1119  4061 D PicasaAPI: getAlbumPhotos for 105710113694891878798 / 5623854235830261905, etag: W/"D0EEQHgzcCp7ImA9WhZaFE0."
06-08 13:58:20.888  1119  4061 D PicasaAPI:    done
06-08 13:58:20.888  1119  4061 D MetricsUtils: [PicasaApi.getAlbumPhotos in:207 out:756 time:828]
06-08 13:58:20.888  1119  4061 D MetricsUtils: [PicasaSyncHelper.syncPhotos 5623854235830261905 time:911]
06-08 13:58:20.931  1119  4061 D PicasaAPI: getAlbumPhotos for 105710113694891878798 / 5634502661043587233, etag: W/"CU8FQXs7eCp7ImA9WhVbEU0."
06-08 13:58:21.513  1119  4061 D PicasaAPI:    done
06-08 13:58:21.513  1119  4061 D MetricsUtils: [PicasaApi.getAlbumPhotos in:207 out:756 time:582]
06-08 13:58:21.513  1119  4061 D MetricsUtils: [PicasaSyncHelper.syncPhotos 5634502661043587233 time:620]
06-08 13:58:21.603  1119  4061 D PicasaSyncManager: sync complete: SyncResult: stats []
06-08 13:58:21.798  1119  1133 V PicasaContentProvider: querySettings: defaults: {sync_on_wifi_only=1, auto_upload_account_type=null, sync_on_battery=1, sync_picasa_on_wifi_only=1, auto_upload_enabled=0, video_upload_wifi_only=1, sync_on_roaming=0, auto_upload_account_name=null}
06-08 13:58:21.798  1119  4061 D MetricsUtils: [PicasaSyncManager.getNextSyncTask time:192]
06-08 13:58:21.798  1119  4061 D PicasaSyncManager: perform sync task: PrefetchFullImage (jayinamdar@gmail.com)
06-08 13:58:22.025  1119  1121 D dalvikvm: GC_CONCURRENT freed 377K, 5% free 9752K/10247K, paused 5ms+2ms
06-08 13:58:22.157  1119  1121 D dalvikvm: GC_CONCURRENT freed 533K, 7% free 9656K/10311K, paused 2ms+2ms
06-08 13:58:22.232  1119  4061 D MetricsUtils: [PrefetchHelper.cleanCache time:401]
06-08 13:58:22.333  1119  4061 D PicasaSyncManager: sync complete: SyncResult: stats []
06-08 13:58:22.345  1119  1133 V PicasaContentProvider: querySettings: defaults: {sync_on_wifi_only=1, auto_upload_account_type=null, sync_on_battery=1, sync_picasa_on_wifi_only=1, auto_upload_enabled=0, video_upload_wifi_only=1, sync_on_roaming=0, auto_upload_account_name=null}
06-08 13:58:22.345  1119  4061 D PicasaSyncManager: perform sync task: PrefetchAlbumCover (jayinamdar@gmail.com)
06-08 13:58:22.392  1119  4061 D PicasaSyncManager: sync complete: SyncResult: stats []
06-08 13:58:22.411  1119  1133 V PicasaContentProvider: querySettings: defaults: {sync_on_wifi_only=1, auto_upload_account_type=null, sync_on_battery=1, sync_picasa_on_wifi_only=1, auto_upload_enabled=0, video_upload_wifi_only=1, sync_on_roaming=0, auto_upload_account_name=null}
06-08 13:58:22.415  1119  4061 D PicasaSyncManager: perform sync task: PrefetchScreenNail (jayinamdar@gmail.com)
06-08 13:58:25.614  1119  1121 D dalvikvm: GC_CONCURRENT freed 321K, 6% free 9722K/10311K, paused 11ms+2ms
06-08 13:58:30.857  1974  1974 I CalendarProvider2: Sending notification intent: Intent { act=android.intent.action.PROVIDER_CHANGED dat=content://com.android.calendar }
06-08 13:58:30.861  1974  1974 W ContentResolver: Failed to get type for: content://com.android.calendar (Unknown URL content://com.android.calendar)
06-08 13:58:37.134  1119  1121 D dalvikvm: GC_CONCURRENT freed 444K, 7% free 9672K/10311K, paused 2ms+2ms
06-08 13:58:46.154   151   151 D AlarmManagerService: Kernel timezone updated to 240 minutes west of GMT
06-08 13:58:46.736   476   476 D SAN_SERVICE: *******************************************
06-08 13:58:46.736   476   476 D SAN_SERVICE: DM App Phone Service State - 0
06-08 13:58:46.736   476   476 D SAN_SERVICE: *******************************************
06-08 13:58:47.154   476   476 D SAN_SERVICE: *******************************************
06-08 13:58:47.154   476   476 D SAN_SERVICE: DM App Phone Service State - 0
06-08 13:58:47.154   476   476 D SAN_SERVICE: *******************************************
06-08 13:58:47.208  1119  1121 D dalvikvm: GC_CONCURRENT freed 384K, 7% free 9674K/10311K, paused 2ms+2ms
06-08 13:58:47.447   476   476 D SAN_SERVICE: *******************************************
06-08 13:58:47.447   476   476 D SAN_SERVICE: DM App Phone Service State - 0
06-08 13:58:47.447   476   476 D SAN_SERVICE: *******************************************
06-08 13:58:51.384   476   476 D SAN_SERVICE: *******************************************
06-08 13:58:51.384   476   476 D SAN_SERVICE: DM App Phone Service State - 0
06-08 13:58:51.384   476   476 D SAN_SERVICE: *******************************************
06-08 13:58:58.560  1119  1121 D dalvikvm: GC_CONCURRENT freed 390K, 7% free 9668K/10311K, paused 12ms+2ms
06-08 13:59:11.345  1119  1121 D dalvikvm: GC_CONCURRENT freed 384K, 7% free 9668K/10311K, paused 43ms+2ms
06-08 13:59:22.216   151   917 D AlarmManagerService: Kernel timezone updated to 240 minutes west of GMT
06-08 13:59:26.568   151   503 D AlarmManagerService: Kernel timezone updated to 240 minutes west of GMT
06-08 13:59:29.177  1119  1121 D dalvikvm: GC_CONCURRENT freed 377K, 7% free 9676K/10311K, paused 12ms+2ms
06-08 13:59:29.220   476   476 D SAN_SERVICE: *******************************************
06-08 13:59:29.220   476   476 D SAN_SERVICE: DM App Phone Service State - 0
06-08 13:59:29.220   476   476 D SAN_SERVICE: *******************************************
06-08 13:59:39.622   476   476 D SAN_SERVICE: *******************************************
06-08 13:59:39.622   476   476 D SAN_SERVICE: DM App Phone Service State - 0
06-08 13:59:39.622   476   476 D SAN_SERVICE: *******************************************
06-08 13:59:41.263  1119  1121 D dalvikvm: GC_CONCURRENT freed 388K, 7% free 9676K/10311K, paused 65ms+2ms
06-08 13:59:42.114   151   153 D dalvikvm: GC_CONCURRENT freed 1367K, 14% free 14139K/16327K, paused 6ms+6ms
06-08 13:59:44.818   476   476 D SAN_SERVICE: *******************************************
06-08 13:59:44.818   476   476 D SAN_SERVICE: DM App Phone Service State - 0
06-08 13:59:44.818   476   476 D SAN_SERVICE: *******************************************
06-08 13:59:44.853   476   479 D dalvikvm: GC_CONCURRENT freed 395K, 7% free 9507K/10119K, paused 16ms+2ms
06-08 13:59:45.216   476   476 D SAN_SERVICE: *******************************************
06-08 13:59:45.216   476   476 D SAN_SERVICE: DM App Phone Service State - 0
06-08 13:59:45.216   476   476 D SAN_SERVICE: *******************************************
06-08 13:59:45.267   476   476 D SAN_SERVICE: *******************************************
06-08 13:59:45.271   476   476 D SAN_SERVICE: DM App Phone Service State - 0
06-08 13:59:45.271   476   476 D SAN_SERVICE: *******************************************
06-08 13:59:45.556   476   476 D SAN_SERVICE: *******************************************
06-08 13:59:45.560   476   476 D SAN_SERVICE: DM App Phone Service State - 0
06-08 13:59:45.560   476   476 D SAN_SERVICE: *******************************************
06-08 13:59:51.239  1119  1121 D dalvikvm: GC_CONCURRENT freed 394K, 7% free 9672K/10311K, paused 1ms+2ms
06-08 13:59:54.638  1278  1296 I PhoneLab-: Service Running
06-08 13:59:54.732  1278  1296 I PhoneLab-LoggerService: app_38    1302  1278  1772   1328  c00f181c 400107b4 S logcat
06-08 13:59:54.732  1278  1296 I PhoneLab-LoggerService: Logcat pid from database 1302
06-08 13:59:54.732  1278  1296 I PhoneLab-LoggerService: Logcat process found 1302
06-08 13:59:54.732  1278  1296 I PhoneLab-LoggerService: Checking Threshold
06-08 13:59:54.732  1278  1296 I PhoneLab-LoggerService: Starting to rename files
06-08 13:59:54.732  1278  1296 I PhoneLab-LoggerService: Files found .. 2
06-08 13:59:55.247   476   476 D SAN_SERVICE: *******************************************
06-08 13:59:55.247   476   476 D SAN_SERVICE: DM App Phone Service State - 0
06-08 13:59:55.247   476   476 D SAN_SERVICE: *******************************************
06-08 13:59:55.466   476   476 D SAN_SERVICE: *******************************************
06-08 13:59:55.466   476   476 D SAN_SERVICE: DM App Phone Service State - 0
06-08 13:59:55.466   476   476 D SAN_SERVICE: *******************************************
06-08 14:00:01.493   151   558 D AlarmManagerService: Kernel timezone updated to 240 minutes west of GMT
06-08 14:00:02.497  1119  1121 D dalvikvm: GC_CONCURRENT freed 392K, 7% free 9670K/10311K, paused 2ms+4ms
06-08 14:00:06.525   151   503 D AlarmManagerService: Kernel timezone updated to 240 minutes west of GMT
06-08 14:00:12.966   476   476 D SAN_SERVICE: *******************************************
06-08 14:00:12.966   476   476 D SAN_SERVICE: DM App Phone Service State - 0
06-08 14:00:12.966   476   476 D SAN_SERVICE: *******************************************
06-08 14:00:13.439   476   476 D SAN_SERVICE: *******************************************
06-08 14:00:13.439   476   476 D SAN_SERVICE: DM App Phone Service State - 0
06-08 14:00:13.439   476   476 D SAN_SERVICE: *******************************************
06-08 14:00:18.040  1119  1121 D dalvikvm: GC_CONCURRENT freed 392K, 7% free 9671K/10311K, paused 5ms+2ms
06-08 14:00:19.759   151   503 D dalvikvm: GC_EXPLICIT freed 292K, 14% free 14098K/16327K, paused 22ms+5ms
06-08 14:00:19.825   476   476 D SAN_SERVICE: *******************************************
06-08 14:00:19.825   476   476 D SAN_SERVICE: DM App Phone Service State - 0
06-08 14:00:19.825   476   476 D SAN_SERVICE: *******************************************
06-08 14:00:27.259   476   476 D SAN_SERVICE: *******************************************
06-08 14:00:27.259   476   476 D SAN_SERVICE: DM App Phone Service State - 0
06-08 14:00:27.259   476   476 D SAN_SERVICE: *******************************************
06-08 14:00:30.271  1119  1121 D dalvikvm: GC_CONCURRENT freed 392K, 7% free 9671K/10311K, paused 2ms+2ms
06-08 14:00:39.212   388   390 D dalvikvm: GC_CONCURRENT freed 492K, 10% free 9662K/10695K, paused 2ms+2ms
06-08 14:00:39.267   476   476 D SAN_SERVICE: *******************************************
06-08 14:00:39.267   476   476 D SAN_SERVICE: DM App Phone Service State - 0
06-08 14:00:39.267   476   476 D SAN_SERVICE: *******************************************
06-08 14:00:39.392   151   471 D AlarmManagerService: Kernel timezone updated to 240 minutes west of GMT
06-08 14:00:42.739  1119  1121 D dalvikvm: GC_CONCURRENT freed 392K, 7% free 9666K/10311K, paused 12ms+2ms
06-08 14:00:46.482   476   476 D SAN_SERVICE: *******************************************
06-08 14:00:46.482   476   476 D SAN_SERVICE: DM App Phone Service State - 0
06-08 14:00:46.482   476   476 D SAN_SERVICE: *******************************************
06-08 14:00:50.454   151   505 D AlarmManagerService: Kernel timezone updated to 240 minutes west of GMT
06-08 14:00:51.759   476   476 D SAN_SERVICE: *******************************************
06-08 14:00:51.759   476   476 D SAN_SERVICE: DM App Phone Service State - 0
06-08 14:00:51.759   476   476 D SAN_SERVICE: *******************************************
06-08 14:00:52.072   476   476 D SAN_SERVICE: *******************************************
06-08 14:00:52.072   476   476 D SAN_SERVICE: DM App Phone Service State - 0
06-08 14:00:52.072   476   476 D SAN_SERVICE: *******************************************
06-08 14:00:56.341  1119  1121 D dalvikvm: GC_CONCURRENT freed 380K, 7% free 9670K/10311K, paused 3ms+2ms
06-08 14:01:04.497   476   476 D SAN_SERVICE: *******************************************
06-08 14:01:04.497   476   476 D SAN_SERVICE: DM App Phone Service State - 0
06-08 14:01:04.497   476   476 D SAN_SERVICE: *******************************************
06-08 14:01:04.665   476   476 D SAN_SERVICE: *******************************************
06-08 14:01:04.665   476   476 D SAN_SERVICE: DM App Phone Service State - 0
06-08 14:01:04.665   476   476 D SAN_SERVICE: *******************************************
06-08 14:01:07.380  1119  1121 D dalvikvm: GC_CONCURRENT freed 391K, 7% free 9672K/10311K, paused 2ms+2ms
06-08 14:01:09.552   151   917 D AlarmManagerService: Kernel timezone updated to 240 minutes west of GMT
06-08 14:01:17.505   476   476 D SAN_SERVICE: *******************************************
06-08 14:01:17.505   476   476 D SAN_SERVICE: DM App Phone Service State - 0
06-08 14:01:17.505   476   476 D SAN_SERVICE: *******************************************
06-08 14:01:17.521   476   479 D dalvikvm: GC_CONCURRENT freed 393K, 7% free 9506K/10119K, paused 12ms+2ms
06-08 14:01:17.931  1119  1121 D dalvikvm: GC_CONCURRENT freed 388K, 7% free 9671K/10311K, paused 2ms+3ms
06-08 14:01:19.634   476   476 D SAN_SERVICE: *******************************************
06-08 14:01:19.634   476   476 D SAN_SERVICE: DM App Phone Service State - 0
06-08 14:01:19.634   476   476 D SAN_SERVICE: *******************************************
06-08 14:01:20.372   476   476 D SAN_SERVICE: *******************************************
06-08 14:01:20.372   476   476 D SAN_SERVICE: DM App Phone Service State - 0
06-08 14:01:20.372   476   476 D SAN_SERVICE: *******************************************
06-08 14:01:21.400   476   476 D SAN_SERVICE: *******************************************
06-08 14:01:21.400   476   476 D SAN_SERVICE: DM App Phone Service State - 0
06-08 14:01:21.400   476   476 D SAN_SERVICE: *******************************************
06-08 14:01:27.986  1119  1121 D dalvikvm: GC_CONCURRENT freed 385K, 7% free 9671K/10311K, paused 11ms+4ms
06-08 14:01:39.294  1119  1121 D dalvikvm: GC_CONCURRENT freed 391K, 7% free 9672K/10311K, paused 2ms+2ms
06-08 14:01:49.900  1119  1121 D dalvikvm: GC_CONCURRENT freed 390K, 7% free 9671K/10311K, paused 7ms+2ms
06-08 14:01:54.638  1278  1296 I PhoneLab-: Service Running
06-08 14:01:54.743  1278  1280 D dalvikvm: GC_CONCURRENT freed 473K, 15% free 9250K/10759K, paused 8ms+2ms
06-08 14:01:54.747  1278  1296 I PhoneLab-LoggerService: app_38    1302  1278  1772   1328  c00f181c 400107b4 S logcat
06-08 14:01:54.747  1278  1296 I PhoneLab-LoggerService: Logcat pid from database 1302
06-08 14:01:54.747  1278  1296 I PhoneLab-LoggerService: Logcat process found 1302
06-08 14:01:54.747  1278  1296 I PhoneLab-LoggerService: Checking Threshold
06-08 14:01:54.747  1278  1296 I PhoneLab-LoggerService: Starting to rename files
06-08 14:01:54.747  1278  1296 I PhoneLab-LoggerService: Files found .. 2
06-08 14:01:56.114   476   476 D SAN_SERVICE: *******************************************
06-08 14:01:56.114   476   476 D SAN_SERVICE: DM App Phone Service State - 0
06-08 14:01:56.114   476   476 D SAN_SERVICE: *******************************************
06-08 14:01:56.794   476   476 D SAN_SERVICE: *******************************************
06-08 14:01:56.794   476   476 D SAN_SERVICE: DM App Phone Service State - 0
06-08 14:01:56.794   476   476 D SAN_SERVICE: *******************************************
06-08 14:01:57.790   151   163 D AlarmManagerService: Kernel timezone updated to 240 minutes west of GMT
06-08 14:01:58.802   476   476 D SAN_SERVICE: *******************************************
06-08 14:01:58.802   476   476 D SAN_SERVICE: DM App Phone Service State - 0
06-08 14:01:58.802   476   476 D SAN_SERVICE: *******************************************
06-08 14:02:02.853  1119  1121 D dalvikvm: GC_CONCURRENT freed 385K, 7% free 9674K/10311K, paused 32ms+2ms
06-08 14:02:16.654  1119  1121 D dalvikvm: GC_CONCURRENT freed 387K, 7% free 9671K/10311K, paused 12ms+2ms
06-08 14:02:19.345   151   153 D dalvikvm: GC_CONCURRENT freed 1194K, 14% free 14167K/16327K, paused 14ms+6ms
06-08 14:02:24.521  1119  4061 D PicasaSyncManager: sync complete: SyncResult: stats []
06-08 14:02:24.579  1119  4061 D PicasaSyncService: sync finished - false
06-08 14:02:24.700  1332  1332 D OpenGLRenderer: Flushing caches (mode 1)
06-08 14:02:24.743  1974  1985 I CalendarProvider2: No events to update: uri=content://com.android.calendar/events?account_name=jayinamdar%40gmail.com&account_type=com.google&caller_is_syncadapter=true selection=_sync_id IS NOT NULL AND calendar_id=2 selectionArgs=null
06-08 14:02:25.540  4041  4042 D dalvikvm: GC_CONCURRENT freed 337K, 5% free 9271K/9735K, paused 5ms+2ms
06-08 14:02:26.900  1974  1990 D dalvikvm: GC_EXPLICIT freed 285K, 6% free 9226K/9799K, paused 2ms+3ms
06-08 14:02:26.931  1332  1332 D OpenGLRenderer: Flushing caches (mode 1)
06-08 14:02:26.974  1974  1985 I CalendarProvider2: No events to update: uri=content://com.android.calendar/events?account_name=jayinamdar%40gmail.com&account_type=com.google&caller_is_syncadapter=true selection=_sync_id IS NOT NULL AND calendar_id=3 selectionArgs=null
06-08 14:02:27.970  4041  4042 D dalvikvm: GC_CONCURRENT freed 407K, 6% free 9259K/9799K, paused 6ms+8ms
06-08 14:02:28.036  1332  1332 D OpenGLRenderer: Flushing caches (mode 1)
06-08 14:02:28.079  1974  1991 I CalendarProvider2: No events to update: uri=content://com.android.calendar/events?account_name=jayinamdar%40gmail.com&account_type=com.google&caller_is_syncadapter=true selection=_sync_id IS NOT NULL AND calendar_id=4 selectionArgs=null
06-08 14:02:28.560  4041  4042 D dalvikvm: GC_CONCURRENT freed 275K, 4% free 9429K/9799K, paused 7ms+2ms
06-08 14:02:28.630  1974  1976 D dalvikvm: GC_CONCURRENT freed 407K, 6% free 9274K/9799K, paused 2ms+2ms
06-08 14:02:28.794  1974  1976 D dalvikvm: GC_CONCURRENT freed 246K, 4% free 9420K/9799K, paused 2ms+2ms
06-08 14:02:30.560   151   505 D dalvikvm: GC_EXPLICIT freed 293K, 14% free 14103K/16327K, paused 3ms+5ms
06-08 14:02:30.646  1974  1976 D dalvikvm: GC_CONCURRENT freed 535K, 7% free 9329K/9991K, paused 2ms+2ms
06-08 14:02:31.056  1332  1332 D OpenGLRenderer: Flushing caches (mode 1)
06-08 14:02:31.552  1332  1332 D OpenGLRenderer: Flushing caches (mode 1)
06-08 14:02:31.587  4041  4100 D dalvikvm: GC_EXPLICIT freed 545K, 7% free 9250K/9927K, paused 5ms+2ms
06-08 14:02:31.993  1974  1989 D dalvikvm: GC_EXPLICIT freed 346K, 8% free 9282K/9991K, paused 2ms+3ms
06-08 14:02:32.200  1332  1332 D OpenGLRenderer: Flushing caches (mode 1)
06-08 14:02:32.654  1332  1332 D OpenGLRenderer: Flushing caches (mode 1)
06-08 14:02:33.286  4041  4042 D dalvikvm: GC_CONCURRENT freed 375K, 7% free 9260K/9927K, paused 2ms+3ms
06-08 14:02:33.521  1402  4111 I Gmail   : MainSyncRequestProto: lowestBkwdConvoId: 0, highestHandledServerOp: 984320, normalSync: true
06-08 14:02:33.669  1332  1332 D OpenGLRenderer: Flushing caches (mode 1)
06-08 14:02:36.532  1402  1404 D dalvikvm: GC_CONCURRENT freed 832K, 14% free 11117K/12807K, paused 8ms+6ms
06-08 14:02:36.677  1402  4111 D dalvikvm: GC_EXPLICIT freed 213K, 14% free 11057K/12807K, paused 2ms+5ms
06-08 14:02:36.685  1402  4111 I Gmail   : MainSyncRequestProto: lowestBkwdConvoId: 0, highestHandledServerOp: 984379, normalSync: true
06-08 14:02:36.716  1332  1332 D OpenGLRenderer: Flushing caches (mode 1)
06-08 14:02:37.400  1402  4111 D dalvikvm: GC_EXPLICIT freed 265K, 14% free 11081K/12807K, paused 2ms+5ms
06-08 14:02:37.404  1402  4111 I Gmail   : MainSyncRequestProto: lowestBkwdConvoId: 0, highestHandledServerOp: 984390, normalSync: true
06-08 14:02:37.411  1402  4111 W Gmail   : Scheduling index for 300000 ms from now
06-08 14:02:37.435  1402  4111 I Gmail   : Sending notification intent: Intent { act=android.intent.action.PROVIDER_CHANGED dat=content://gmail-ls/unread/^i (has extras) }
06-08 14:02:37.470  1402  4111 I Gmail   : Sending notification intent: Intent { act=android.intent.action.PROVIDER_CHANGED dat=content://gmail-ls/unread/^iim (has extras) }
06-08 14:02:37.618  1402  4114 W Gmail   : Showing notification with unreadCount of 1 and unseenCount of 1
06-08 14:02:37.673  1402  4115 I Gmail   : MainSyncRequestProto: lowestBkwdConvoId: 0, highestHandledServerOp: 984390, normalSync: true
06-08 14:02:37.685  1402  4115 W Gmail   : Scheduling index for 300000 ms from now
06-08 14:02:37.763   151   151 D dalvikvm: GC_EXPLICIT freed 422K, 14% free 14123K/16327K, paused 2ms+5ms
06-08 14:02:37.841  1332  1332 D OpenGLRenderer: Flushing caches (mode 1)
06-08 14:02:38.466   151  4119 I AudioService:  AudioFocus  requestAudioFocus() from android.media.AudioManager@416cc970
06-08 14:02:38.509    82   127 D AudioHardware: AudioHardware pcm playback is exiting standby.
06-08 14:02:38.509    82   127 D AudioHardware: openPcmOut_l() mPcmOpenCnt: 0
06-08 14:02:38.650   388   390 D dalvikvm: GC_CONCURRENT freed 123K, 7% free 9971K/10695K, paused 3ms+2ms
06-08 14:02:38.716   388   388 D dalvikvm: GC_FOR_ALLOC freed 333K, 9% free 9784K/10695K, paused 27ms
06-08 14:02:39.197   718   720 D dalvikvm: GC_CONCURRENT freed 320K, 10% free 10522K/11591K, paused 6ms+7ms
06-08 14:02:40.396   151  4119 I AudioService:  AudioFocus  abandonAudioFocus() from android.media.AudioManager@416cc970
06-08 14:02:40.767  1402  4124 I Gmail   : MainSyncRequestProto: lowestBkwdConvoId: 0, highestHandledServerOp: 984390, normalSync: true
06-08 14:02:40.814  1332  1332 D OpenGLRenderer: Flushing caches (mode 1)
06-08 14:02:41.259  1402  4124 D dalvikvm: GC_EXPLICIT freed 338K, 13% free 11161K/12807K, paused 2ms+5ms
06-08 14:02:41.271  1402  4124 I Gmail   : MainSyncRequestProto: lowestBkwdConvoId: 0, highestHandledServerOp: 984390, normalSync: true
06-08 14:02:41.333  1402  4124 W Gmail   : Scheduling index for 300000 ms from now
06-08 14:02:41.345   718   720 D dalvikvm: GC_CONCURRENT freed 376K, 10% free 10532K/11591K, paused 9ms+4ms
06-08 14:02:43.482    82   127 D AudioHardware: AudioHardware pcm playback is going to standby.
06-08 14:02:43.482    82   127 D AudioHardware: closePcmOut_l() mPcmOpenCnt: 1
06-08 14:03:05.273   151   503 D AlarmManagerService: Kernel timezone updated to 240 minutes west of GMT
06-08 14:03:05.300   476   476 D SAN_SERVICE: *******************************************
06-08 14:03:05.300   476   476 D SAN_SERVICE: DM App Phone Service State - 0
06-08 14:03:05.300   476   476 D SAN_SERVICE: *******************************************
06-08 14:03:10.234   151   471 D AlarmManagerService: Kernel timezone updated to 240 minutes west of GMT
06-08 14:03:47.293   151   151 D AlarmManagerService: Kernel timezone updated to 240 minutes west of GMT
06-08 14:04:01.117   151   471 D AlarmManagerService: Kernel timezone updated to 240 minutes west of GMT
06-08 14:04:09.777   151   151 D AlarmManagerService: Kernel timezone updated to 240 minutes west of GMT
06-08 14:05:25.371  1278  1278 I PhoneLab-Locks: wake lock acquired
06-08 14:05:25.382  1278  4129 I PhoneLab-PeriodicCheckService: User info is synched
06-08 14:05:25.382  1278  4129 I PhoneLab-PeriodicCheckService: Logger Service is running
06-08 14:05:25.390  1278  1278 I PhoneLab-Locks: wake lock acquired
06-08 14:05:25.394  1278  1278 I PhoneLab-StatusMonitor: Status Monitoring is started
06-08 14:05:25.398  1278  4129 I PhoneLab-Locks: wake lock acquired
06-08 14:05:25.406  1278  4129 I PhoneLab-PeriodicCheckService: Rescheduling periodic checking...
06-08 14:05:25.406  1278  4129 I PhoneLab-Locks: wake lock released
06-08 14:05:25.449  1278  1278 E PhoneLab-PhoneLabManifest: java.io.FileNotFoundException: /data/data/edu.buffalo.cse.phonelab.phonelabservices/files/manifest.xml: open failed: ENOENT (No such file or directory)
06-08 14:05:25.464  1278  1278 I PhoneLab-Locks: wake lock released
06-08 14:05:25.464  1278  1278 I PhoneLab-UploadLogs: Transfering log files now
06-08 14:05:25.531  1278  1280 D dalvikvm: GC_CONCURRENT freed 397K, 14% free 9340K/10759K, paused 5ms+3ms
06-08 14:05:25.617  1278  1278 D dalvikvm: GC_FOR_ALLOC freed 186K, 12% free 9523K/10759K, paused 26ms
06-08 14:05:25.652  1278  1278 I PhoneLab-UploadLogs: OnStartCommand
06-08 14:05:25.679  1278  1280 D dalvikvm: GC_CONCURRENT freed 294K, 10% free 9740K/10759K, paused 3ms+2ms
06-08 14:05:25.984  1278  4131 D dalvikvm: GC_FOR_ALLOC freed 311K, 10% free 9755K/10759K, paused 41ms
06-08 14:05:25.996  1278  4131 D dalvikvm: GC_FOR_ALLOC freed 301K, 10% free 9755K/10759K, paused 13ms
06-08 14:05:26.011  1278  4131 D dalvikvm: GC_FOR_ALLOC freed 301K, 10% free 9756K/10759K, paused 13ms
06-08 14:05:26.050   151   163 I ActivityManager: Process com.android.vending (pid 2773) has died.
06-08 14:05:28.418  1278  1278 I PhoneLab-: 1339177554840.log is deleted
06-08 14:05:28.418  1278  1278 I PhoneLab-: Response: {"data": "done", "err": ""}
06-08 14:05:28.429  1278  1278 I PhoneLab-UploadLogs: No log files to transfer
06-08 14:05:28.429  1278  1278 I PhoneLab-Locks: wake lock released
06-08 14:05:29.031  1974  1974 I CalendarProvider2: Sending notification intent: Intent { act=android.intent.action.PROVIDER_CHANGED dat=content://com.android.calendar }
06-08 14:05:29.031  1974  1974 W ContentResolver: Failed to get type for: content://com.android.calendar (Unknown URL content://com.android.calendar)
06-08 14:06:25.195   476   476 D SAN_SERVICE: *******************************************
06-08 14:06:25.195   476   476 D SAN_SERVICE: DM App Phone Service State - 0
06-08 14:06:25.195   476   476 D SAN_SERVICE: *******************************************
06-08 14:06:41.172   151   469 D AlarmManagerService: Kernel timezone updated to 240 minutes west of GMT
06-08 14:06:41.183   476   476 D SAN_SERVICE: *******************************************
06-08 14:06:41.187   476   476 D SAN_SERVICE: DM App Phone Service State - 0
06-08 14:06:41.187   476   476 D SAN_SERVICE: *******************************************
06-08 14:07:02.351   151   151 D AlarmManagerService: Kernel timezone updated to 240 minutes west of GMT
06-08 14:07:02.371   476   476 D SAN_SERVICE: *******************************************
06-08 14:07:02.371   476   476 D SAN_SERVICE: DM App Phone Service State - 0
06-08 14:07:02.371   476   476 D SAN_SERVICE: *******************************************
06-08 14:07:16.140   151   471 D AlarmManagerService: Kernel timezone updated to 240 minutes west of GMT
06-08 14:08:10.168   151   153 D dalvikvm: GC_CONCURRENT freed 1078K, 13% free 14222K/16327K, paused 22ms+5ms
06-08 14:08:24.625   151   151 D AlarmManagerService: Kernel timezone updated to 240 minutes west of GMT
06-08 14:08:24.632   476   476 D SystemClock: Setting time of day to sec=1339178905
06-08 14:08:25.140  3950  3965 V AlarmClock: AlarmInitReceiver finished
06-08 14:08:25.175   388   390 D dalvikvm: GC_CONCURRENT freed 275K, 8% free 9909K/10695K, paused 13ms+11ms
06-08 14:08:25.249  3934  3935 D dalvikvm: GC_CONCURRENT freed 307K, 5% free 9161K/9543K, paused 8ms+2ms
06-08 14:08:29.203   476   476 D SAN_SERVICE: *******************************************
06-08 14:08:29.203   476   476 D SAN_SERVICE: DM App Phone Service State - 0
06-08 14:08:29.203   476   476 D SAN_SERVICE: *******************************************
06-08 14:08:29.242   476   479 D dalvikvm: GC_CONCURRENT freed 398K, 7% free 9510K/10119K, paused 8ms+2ms
06-08 14:09:27.554   151   558 D AlarmManagerService: Kernel timezone updated to 240 minutes west of GMT
06-08 14:09:27.566   476   476 D SAN_SERVICE: *******************************************
06-08 14:09:27.566   476   476 D SAN_SERVICE: DM App Phone Service State - 0
06-08 14:09:27.566   476   476 D SAN_SERVICE: *******************************************
06-08 14:09:59.027   151   471 D AlarmManagerService: Kernel timezone updated to 240 minutes west of GMT
06-08 14:09:59.035   476   476 D SAN_SERVICE: *******************************************
06-08 14:09:59.035   476   476 D SAN_SERVICE: DM App Phone Service State - 0
06-08 14:09:59.035   476   476 D SAN_SERVICE: *******************************************
06-08 14:11:08.031   151   469 D AlarmManagerService: Kernel timezone updated to 240 minutes west of GMT
06-08 14:11:08.039   476   476 D SAN_SERVICE: *******************************************
06-08 14:11:08.039   476   476 D SAN_SERVICE: DM App Phone Service State - 0
06-08 14:11:08.039   476   476 D SAN_SERVICE: *******************************************
06-08 14:11:14.828   151   162 D AlarmManagerService: Kernel timezone updated to 240 minutes west of GMT
06-08 14:11:29.023   151   151 D AlarmManagerService: Kernel timezone updated to 240 minutes west of GMT
06-08 14:12:48.039   151   503 D AlarmManagerService: Kernel timezone updated to 240 minutes west of GMT
06-08 14:12:48.062   476   476 D SAN_SERVICE: *******************************************
06-08 14:12:48.062   476   476 D SAN_SERVICE: DM App Phone Service State - 0
06-08 14:12:48.062   476   476 D SAN_SERVICE: *******************************************
06-08 14:13:12.199   151   471 D AlarmManagerService: Kernel timezone updated to 240 minutes west of GMT
06-08 14:14:24.015  1765  1765 I wpa_supplicant: wlan0: CTRL-EVENT-DISCONNECTED bssid=d0:c2:82:2d:e5:b0 reason=0
06-08 14:14:24.023    76   117 D CommandListener: Clearing all IP addresses on wlan0
06-08 14:14:24.031   151   313 D ConnectivityService: ConnectivityChange for WIFI: DISCONNECTED/DISCONNECTED
06-08 14:14:24.086   151   313 D ConnectivityService: Attempting to switch to mobile
06-08 14:14:24.148   151   313 D ConnectivityService: Attempting to switch to WIMAX
06-08 14:14:24.148   151   313 D ConnectivityService: Attempting to switch to BLUETOOTH_TETHER
06-08 14:14:24.156   151   313 E ConnectivityService: Exception trying to remove a route: java.lang.IllegalStateException: Unable to communicate with native dameon to add routes - com.android.server.NativeDaemonConnectorException: Cmd {interface route remove wlan0 default 67.20.215.254 32 0.0.0.0} failed with code 400 : {Failed to remove route from default table (No such process)}
06-08 14:14:24.160   151   313 D NetUtils: android_net_utils_resetConnections in env=0x2e4eb0 clazz=0x3300001 iface=wlan0 mask=0x3
06-08 14:14:24.160   151   313 E ConnectivityService: Exception trying to remove a route: java.lang.IllegalStateException: Unable to communicate with native dameon to add routes - com.android.server.NativeDaemonConnectorException: Cmd {interface route remove wlan0 default 0.0.0.0 0 67.20.215.254} failed with code 400 : {Failed to remove route from default table (No such process)}
06-08 14:14:24.160   151   313 D ConnectivityService: resetConnections(wlan0, 3)
06-08 14:14:24.199   718  1851 W Smack/Packet: notify conn break (IOEx), close connection
06-08 14:14:24.355   718  1851 I qtaguid : Failed write_ctrl(u 67) res=-1 errno=22
06-08 14:14:24.355   718  1851 I qtaguid : Untagging socket 67 failed errno=-22
06-08 14:14:24.355   718  1851 W NetworkManagementSocketTagger: untagSocket(67) failed with errno -22
06-08 14:14:24.390   151   313 D ConnectivityService: handleInetConditionChange: no active default network - ignore
06-08 14:14:27.191   151   316 D Tethering: MasterInitialState.processMessage what=3
06-08 14:14:27.293  1119  1133 D PicasaSyncManager: active network: null
06-08 14:14:27.293  1119  1133 D PicasaSyncManager: background data: true
06-08 14:14:27.316   151   471 I ActivityManager: Start proc com.google.android.apps.uploader for broadcast com.google.android.apps.uploader/.ConnectivityBroadcastReceiver: pid=4154 uid=10031 gids={3003}
06-08 14:14:27.339    80    80 D dalvikvm: GC_EXPLICIT freed 36K, 4% free 9031K/9347K, paused 2ms+2ms
06-08 14:14:27.359  4154  4154 I dalvikvm: Turning on JNI app bug workarounds for target SDK version 11...
06-08 14:14:27.375    80    80 D dalvikvm: GC_EXPLICIT freed <1K, 4% free 9031K/9347K, paused 3ms+2ms
06-08 14:14:27.410    80    80 D dalvikvm: GC_EXPLICIT freed <1K, 4% free 9031K/9347K, paused 1ms+2ms
06-08 14:14:27.507  4154  4154 I ActivityThread: Pub com.google.android.apps.uploader: com.google.android.apps.uploader.UploadsContentProvider
06-08 14:14:27.515  4154  4154 I ActivityThread: Pub com.google.photos.provider.Album: com.google.android.apps.uploader.clients.picasa.AlbumProvider
06-08 14:14:27.523  4154  4154 D MediaUploader: UploaderApplication.onCreate
06-08 14:14:27.609  4154  4154 D MediaUploader: nonWifiLimit=20971520, default=20971520
06-08 14:14:27.621  4154  4154 I MediaUploader: No need to wake up
06-08 14:14:27.636  1278  1278 I PhoneLab-WiFiReceiver: Wi-Fi is disconnected!
06-08 14:14:28.152   151   162 I ActivityManager: Process com.google.android.googlequicksearchbox (pid 3709) has died.
06-08 14:14:28.273   151   153 D dalvikvm: GC_CONCURRENT freed 1113K, 13% free 14333K/16327K, paused 3ms+5ms
06-08 14:14:31.679  1278  1296 I PhoneLab-: Service Running
06-08 14:14:31.746  1278  1296 I PhoneLab-LoggerService: app_38    1302  1278  1772   1328  c00f181c 400107b4 S logcat
06-08 14:14:31.746  1278  1296 I PhoneLab-LoggerService: Logcat pid from database 1302
06-08 14:14:31.746  1278  1296 I PhoneLab-LoggerService: Logcat process found 1302
06-08 14:14:31.746  1278  1296 I PhoneLab-LoggerService: Checking Threshold
06-08 14:14:31.746  1278  1296 I PhoneLab-: Service Running
06-08 14:14:31.789  1278  1280 D dalvikvm: GC_CONCURRENT freed 893K, 14% free 9271K/10759K, paused 1ms+2ms
06-08 14:14:31.793  1278  1296 I PhoneLab-LoggerService: app_38    1302  1278  1772   1328  c00f181c 400107b4 S logcat
06-08 14:14:31.793  1278  1296 I PhoneLab-LoggerService: Logcat pid from database 1302
06-08 14:14:31.793  1278  1296 I PhoneLab-LoggerService: Logcat process found 1302
06-08 14:14:31.793  1278  1296 I PhoneLab-LoggerService: Checking Threshold
06-08 14:14:31.793  1278  1296 I PhoneLab-: Service Running
06-08 14:14:31.824  1278  1296 I PhoneLab-LoggerService: app_38    1302  1278  1772   1328  c00f181c 400107b4 S logcat
06-08 14:14:31.824  1278  1296 I PhoneLab-LoggerService: Logcat pid from database 1302
06-08 14:14:31.824  1278  1296 I PhoneLab-LoggerService: Logcat process found 1302
06-08 14:14:31.824  1278  1296 I PhoneLab-LoggerService: Checking Threshold
06-08 14:14:31.824  1278  1296 I PhoneLab-: Service Running
06-08 14:14:31.851  1278  1296 I PhoneLab-LoggerService: app_38    1302  1278  1772   1328  c00f181c 400107b4 S logcat
06-08 14:14:31.851  1278  1296 I PhoneLab-LoggerService: Logcat pid from database 1302
06-08 14:14:31.855  1278  1296 I PhoneLab-LoggerService: Logcat process found 1302
06-08 14:14:31.855  1278  1296 I PhoneLab-LoggerService: Checking Threshold
06-08 14:14:31.855  1278  1296 I PhoneLab-: Service Running
06-08 14:14:31.879  1278  1296 I PhoneLab-LoggerService: app_38    1302  1278  1772   1328  c00f181c 400107b4 S logcat
06-08 14:14:31.882  1278  1296 I PhoneLab-LoggerService: Logcat pid from database 1302
06-08 14:14:31.882  1278  1296 I PhoneLab-LoggerService: Logcat process found 1302
06-08 14:14:31.882  1278  1296 I PhoneLab-LoggerService: Checking Threshold
06-08 14:14:31.882  1278  1296 I PhoneLab-: Service Running
06-08 14:14:31.906  1278  1296 I PhoneLab-LoggerService: app_38    1302  1278  1772   1328  c00f181c 400107b4 S logcat
06-08 14:14:31.910  1278  1296 I PhoneLab-LoggerService: Logcat pid from database 1302
06-08 14:14:31.910  1278  1296 I PhoneLab-LoggerService: Logcat process found 1302
06-08 14:14:31.910  1278  1296 I PhoneLab-LoggerService: Checking Threshold
06-08 14:14:40.152  1765  1765 I wpa_supplicant: wlan0: Trying to associate with d0:c2:82:66:6b:f0 (SSID='UB_Secure' freq=2462 MHz)
06-08 14:14:40.351  1765  1765 I wpa_supplicant: wlan0: Associated with d0:c2:82:66:6b:f0
06-08 14:14:40.351  1765  1765 I wpa_supplicant: wlan0: CTRL-EVENT-EAP-STARTED EAP authentication started
06-08 14:14:40.355  1765  1765 I wpa_supplicant: wlan0: CTRL-EVENT-EAP-PROPOSED-METHOD vendor=0 method=4 -> NAK
06-08 14:14:40.359  1765  1765 I wpa_supplicant: wlan0: CTRL-EVENT-EAP-PROPOSED-METHOD vendor=0 method=25
06-08 14:14:40.363  1765  1765 I wpa_supplicant: wlan0: CTRL-EVENT-EAP-METHOD EAP vendor 0 method 25 (PEAP) selected
06-08 14:14:40.371  1765  1765 I wpa_supplicant: EAP-TLV: TLV Result - Success - EAP-TLV/Phase2 Completed
06-08 14:14:43.246   151   313 D ConnectivityService: ConnectivityChange for mobile: CONNECTED/CONNECTED
06-08 14:14:43.312   151   308 D NetworkPolicy: applying policy NetworkPolicy[NetworkTemplate: matchRule=MOBILE_ALL, subscriberId=valid]: cycleDay=8, warningBytes=2147483648, limitBytes=-1, lastSnooze=-1 to ifaces [rmnet0]
06-08 14:14:44.250   151   313 D ConnectivityService: NetTransition Wakelock for WifiStateMachine released by timeout
06-08 14:14:47.570   151   316 D Tethering: MasterInitialState.processMessage what=3
06-08 14:14:47.632  1119  1133 D PicasaSyncManager: active network: NetworkInfo: type: mobile[CDMA - EvDo rev. A], state: CONNECTED/CONNECTED, reason: (unspecified), extra: , roaming: false, failover: true, isAvailable: true
06-08 14:14:47.632  1119  1133 D PicasaSyncManager: background data: true
06-08 14:14:47.652  4154  4154 I MediaUploader: No need to wake up
06-08 14:15:00.011   718   718 I GTalkService/c: [AndroidEndpoint@1095436744] connect: acct=1000000, state=CONNECTING
06-08 14:15:10.050   476   476 D SAN_SERVICE: *******************************************
06-08 14:15:10.050   476   476 D SAN_SERVICE: DM App Phone Service State - 0
06-08 14:15:10.050   476   476 D SAN_SERVICE: *******************************************
06-08 14:15:10.777   476   476 D SAN_SERVICE: *******************************************
06-08 14:15:10.777   476   476 D SAN_SERVICE: DM App Phone Service State - 0
06-08 14:15:10.777   476   476 D SAN_SERVICE: *******************************************
06-08 14:15:16.050   476   476 D SAN_SERVICE: *******************************************
06-08 14:15:16.050   476   476 D SAN_SERVICE: DM App Phone Service State - 0
06-08 14:15:16.050   476   476 D SAN_SERVICE: *******************************************
06-08 14:15:16.211  1765  1765 I wpa_supplicant: wlan0: CTRL-EVENT-DISCONNECTED bssid=d0:c2:82:66:6b:f0 reason=0
06-08 14:15:16.515   476   476 D SAN_SERVICE: *******************************************
06-08 14:15:16.515   476   476 D SAN_SERVICE: DM App Phone Service State - 0
06-08 14:15:16.515   476   476 D SAN_SERVICE: *******************************************
06-08 14:15:16.765   476   476 D SAN_SERVICE: *******************************************
06-08 14:15:16.765   476   476 D SAN_SERVICE: DM App Phone Service State - 0
06-08 14:15:16.765   476   476 D SAN_SERVICE: *******************************************
06-08 14:15:17.617   388   388 D dalvikvm: GC_FOR_ALLOC freed 131K, 7% free 10023K/10695K, paused 15ms
06-08 14:15:17.617   388   388 I dalvikvm-heap: Grow heap (frag case) to 10.029MB for 184336-byte allocation
06-08 14:15:17.632   388   388 D dalvikvm: GC_FOR_ALLOC freed 17K, 7% free 10185K/10887K, paused 15ms
06-08 14:15:17.671   388   388 D dalvikvm: GC_FOR_ALLOC freed 180K, 9% free 10006K/10887K, paused 17ms
06-08 14:15:17.703   388   388 D dalvikvm: GC_FOR_ALLOC freed 161K, 9% free 10006K/10887K, paused 16ms
06-08 14:15:17.894   388   388 D dalvikvm: GC_FOR_ALLOC freed 333K, 9% free 10004K/10887K, paused 29ms
06-08 14:15:26.043   476   476 D SAN_SERVICE: *******************************************
06-08 14:15:26.043   476   476 D SAN_SERVICE: DM App Phone Service State - 0
06-08 14:15:26.043   476   476 D SAN_SERVICE: *******************************************
06-08 14:15:30.425   476   476 D SAN_SERVICE: *******************************************
06-08 14:15:30.425   476   476 D SAN_SERVICE: DM App Phone Service State - 0
06-08 14:15:30.425   476   476 D SAN_SERVICE: *******************************************
06-08 14:15:30.500   476   479 D dalvikvm: GC_CONCURRENT freed 416K, 6% free 9537K/10119K, paused 20ms+2ms
06-08 14:15:30.504   476   476 D SAN_SERVICE: *******************************************
06-08 14:15:30.504   476   476 D SAN_SERVICE: DM App Phone Service State - 0
06-08 14:15:30.504   476   476 D SAN_SERVICE: *******************************************
06-08 14:15:30.574   476   476 D SAN_SERVICE: *******************************************
06-08 14:15:30.574   476   476 D SAN_SERVICE: DM App Phone Service State - 0
06-08 14:15:30.574   476   476 D SAN_SERVICE: *******************************************
06-08 14:15:33.046  1765  1765 I wpa_supplicant: wlan0: Trying to associate with d0:c2:82:2d:e4:b0 (SSID='UB_Secure' freq=2412 MHz)
06-08 14:15:39.609   718   720 D dalvikvm: GC_CONCURRENT freed 452K, 10% free 10467K/11591K, paused 15ms+3ms
06-08 14:15:42.304   151   313 D ConnectivityService: handleInetConditionHoldEnd: net=0, condition=100, published condition=0
06-08 14:15:43.183  1765  1765 I wpa_supplicant: wlan0: Authentication with d0:c2:82:2d:e4:b0 timed out.
06-08 14:15:45.011  1765  1765 I wpa_supplicant: wlan0: Trying to associate with d0:c2:82:2d:e4:b0 (SSID='UB_Secure' freq=2412 MHz)
06-08 14:15:57.086   151   469 D AlarmManagerService: Kernel timezone updated to 240 minutes west of GMT
06-08 14:15:57.105   476   476 D SAN_SERVICE: *******************************************
06-08 14:15:57.105   476   476 D SAN_SERVICE: DM App Phone Service State - 0
06-08 14:15:57.105   476   476 D SAN_SERVICE: *******************************************
06-08 14:15:57.976  1765  1765 I wpa_supplicant: wlan0: Authentication with d0:c2:82:2d:e4:b0 timed out.
06-08 14:15:58.113   151   162 D AlarmManagerService: Kernel timezone updated to 240 minutes west of GMT
06-08 14:16:00.043  1765  1765 I wpa_supplicant: wlan0: Trying to associate with d0:c2:82:84:8d:50 (SSID='UB_Secure' freq=2462 MHz)
06-08 14:16:01.019  1402  4185 I Gmail   : MainSyncRequestProto: lowestBkwdConvoId: 0, highestHandledServerOp: 984390, normalSync: true
06-08 14:16:01.066  1332  1332 D OpenGLRenderer: Flushing caches (mode 1)
06-08 14:16:05.816  1402  1404 D dalvikvm: GC_CONCURRENT freed 596K, 13% free 11164K/12807K, paused 2ms+5ms
06-08 14:16:05.949  1402  4185 D dalvikvm: GC_EXPLICIT freed 183K, 14% free 11127K/12807K, paused 2ms+4ms
06-08 14:16:05.957  1402  4185 I Gmail   : MainSyncRequestProto: lowestBkwdConvoId: 0, highestHandledServerOp: 984421, normalSync: true
06-08 14:16:05.964  1402  4185 W Gmail   : Scheduling index for 300000 ms from now
06-08 14:16:06.015  1402  4185 D dalvikvm: GC_EXPLICIT freed 21K, 14% free 11127K/12807K, paused 3ms+4ms
06-08 14:16:06.027  1402  4185 I Gmail   : Sending notification intent: Intent { act=android.intent.action.PROVIDER_CHANGED dat=content://gmail-ls/unread/^i (has extras) }
06-08 14:16:06.066   151  4190 I AudioService:  AudioFocus  abandonAudioFocus() from android.media.AudioManager@416cc970
06-08 14:16:06.101   388   388 D dalvikvm: GC_FOR_ALLOC freed 367K, 9% free 9938K/10887K, paused 17ms
06-08 14:16:06.125  1402  4185 I Gmail   : Sending notification intent: Intent { act=android.intent.action.PROVIDER_CHANGED dat=content://gmail-ls/unread/^iim (has extras) }
06-08 14:16:06.125   388   388 D dalvikvm: GC_FOR_ALLOC freed 188K, 9% free 9928K/10887K, paused 15ms
06-08 14:16:06.171   388   388 D dalvikvm: GC_FOR_ALLOC freed 294K, 9% free 9928K/10887K, paused 22ms
06-08 14:16:06.242   388   388 D dalvikvm: GC_FOR_ALLOC freed 362K, 9% free 9928K/10887K, paused 14ms
06-08 14:18:03.113   476   476 D SAN_SERVICE: *******************************************
06-08 14:18:03.113   476   476 D SAN_SERVICE: DM App Phone Service State - 0
06-08 14:18:03.113   476   476 D SAN_SERVICE: *******************************************
06-08 14:19:24.062  1765  1765 I wpa_supplicant: wlan0: Authentication with d0:c2:82:84:8d:50 timed out.
06-08 14:19:24.125   151   153 D dalvikvm: GC_CONCURRENT freed 1321K, 13% free 14235K/16327K, paused 4ms+7ms
06-08 14:19:25.011  1765  1765 I wpa_supplicant: wlan0: Trying to associate with d0:c2:82:84:8d:50 (SSID='UB_Secure' freq=2462 MHz)
06-08 14:19:25.035  1765  1765 I wpa_supplicant: wlan0: Associated with d0:c2:82:84:8d:50
06-08 14:19:25.035  1765  1765 I wpa_supplicant: wlan0: CTRL-EVENT-EAP-STARTED EAP authentication started
06-08 14:19:25.039  1765  1765 I wpa_supplicant: wlan0: CTRL-EVENT-EAP-PROPOSED-METHOD vendor=0 method=4 -> NAK
06-08 14:19:25.043  1765  1765 I wpa_supplicant: wlan0: CTRL-EVENT-EAP-PROPOSED-METHOD vendor=0 method=25
06-08 14:19:25.043  1765  1765 I wpa_supplicant: wlan0: CTRL-EVENT-EAP-METHOD EAP vendor 0 method 25 (PEAP) selected
06-08 14:19:25.050  1765  1765 I wpa_supplicant: EAP-TLV: TLV Result - Success - EAP-TLV/Phase2 Completed
06-08 14:19:25.101   476   476 D SystemClock: Setting time of day to sec=1339179564
06-08 14:19:24.099   388   388 D dalvikvm: GC_FOR_ALLOC freed 540K, 12% free 9686K/10887K, paused 72ms
06-08 14:19:24.173   151   163 D dalvikvm: GC_EXPLICIT freed 169K, 14% free 14117K/16327K, paused 2ms+11ms
06-08 14:19:24.185  3950  3965 V AlarmClock: AlarmInitReceiver finished
06-08 14:19:24.239   388   390 D dalvikvm: GC_CONCURRENT freed 399K, 12% free 9679K/10887K, paused 1ms+2ms
06-08 14:19:25.743   151   163 D AlarmManagerService: Kernel timezone updated to 240 minutes west of GMT
06-08 14:19:25.767   476   476 D SAN_SERVICE: *******************************************
06-08 14:19:25.767   476   476 D SAN_SERVICE: DM App Phone Service State - 0
06-08 14:19:25.767   476   476 D SAN_SERVICE: *******************************************
06-08 14:19:25.958   476   476 D SAN_SERVICE: *******************************************
06-08 14:19:25.958   476   476 D SAN_SERVICE: DM App Phone Service State - 0
06-08 14:19:25.958   476   476 D SAN_SERVICE: *******************************************
06-08 14:19:26.794   476   476 D SAN_SERVICE: *******************************************
06-08 14:19:26.794   476   476 D SAN_SERVICE: DM App Phone Service State - 0
06-08 14:19:26.794   476   476 D SAN_SERVICE: *******************************************
06-08 14:19:28.068  1278  1296 I PhoneLab-: Service Running
06-08 14:19:28.138  1278  1296 I PhoneLab-LoggerService: app_38    1302  1278  1772   1328  c00f181c 400107b4 S logcat
06-08 14:19:28.138  1278  1296 I PhoneLab-LoggerService: Logcat pid from database 1302
06-08 14:19:28.138  1278  1296 I PhoneLab-LoggerService: Logcat process found 1302
06-08 14:19:28.138  1278  1296 I PhoneLab-LoggerService: Checking Threshold
06-08 14:19:28.138  1278  1296 I PhoneLab-: Service Running
06-08 14:19:28.165  1278  1296 I PhoneLab-LoggerService: app_38    1302  1278  1772   1328  c00f181c 400107b4 S logcat
06-08 14:19:28.165  1278  1296 I PhoneLab-LoggerService: Logcat pid from database 1302
06-08 14:19:28.165  1278  1296 I PhoneLab-LoggerService: Logcat process found 1302
06-08 14:19:28.165  1278  1296 I PhoneLab-LoggerService: Checking Threshold
06-08 14:20:00.043  1765  1765 I wpa_supplicant: wlan0: CTRL-EVENT-DISCONNECTED bssid=d0:c2:82:84:8d:50 reason=0
06-08 14:20:02.011  1765  1765 I wpa_supplicant: wlan0: Trying to associate with d0:c2:82:2d:e4:b0 (SSID='UB_Secure' freq=2412 MHz)
06-08 14:20:02.086    76   114 D NetlinkEvent: Unexpected netlink message. type=0xf
06-08 14:20:06.019  1765  1765 I wpa_supplicant: wlan0: CTRL-EVENT-DISCONNECTED bssid=d0:c2:82:2d:e4:b0 reason=0
06-08 14:20:06.613  1765  1765 I wpa_supplicant: wlan0: Trying to associate with d0:c2:82:84:8d:50 (SSID='UB_Secure' freq=2462 MHz)
06-08 14:20:06.746  1765  1765 I wpa_supplicant: wlan0: Associated with d0:c2:82:84:8d:50
06-08 14:20:06.750  1765  1765 I wpa_supplicant: wlan0: CTRL-EVENT-EAP-STARTED EAP authentication started
06-08 14:20:06.754  1765  1765 I wpa_supplicant: wlan0: CTRL-EVENT-EAP-PROPOSED-METHOD vendor=0 method=4 -> NAK
06-08 14:20:06.765  1765  1765 I wpa_supplicant: wlan0: CTRL-EVENT-EAP-PROPOSED-METHOD vendor=0 method=25
06-08 14:20:06.765  1765  1765 I wpa_supplicant: wlan0: CTRL-EVENT-EAP-METHOD EAP vendor 0 method 25 (PEAP) selected
06-08 14:20:06.773  1765  1765 I wpa_supplicant: EAP-TLV: TLV Result - Success - EAP-TLV/Phase2 Completed
06-08 14:20:06.793    76   114 D NetlinkEvent: Unexpected netlink message. type=0x30
06-08 14:20:08.140   151   163 D AlarmManagerService: Kernel timezone updated to 240 minutes west of GMT
06-08 14:20:14.086   151   163 D AlarmManagerService: Kernel timezone updated to 240 minutes west of GMT
06-08 14:20:43.011  1765  1765 I wpa_supplicant: wlan0: CTRL-EVENT-DISCONNECTED bssid=d0:c2:82:84:8d:50 reason=0
06-08 14:20:43.011    76   114 D NetlinkEvent: Unexpected netlink message. type=0x30
06-08 14:20:43.187   476   476 D SAN_SERVICE: *******************************************
06-08 14:20:43.187   476   476 D SAN_SERVICE: DM App Phone Service State - 0
06-08 14:20:43.187   476   476 D SAN_SERVICE: *******************************************
06-08 14:20:44.398  1765  1765 I wpa_supplicant: wlan0: Trying to associate with 64:a0:e7:5d:18:30 (SSID='UB_Secure' freq=2412 MHz)
06-08 14:20:49.011  1765  1765 I wpa_supplicant: wlan0: CTRL-EVENT-DISCONNECTED bssid=64:a0:e7:5d:18:30 reason=0
06-08 14:20:49.621  1765  1765 I wpa_supplicant: wlan0: Trying to associate with d0:c2:82:84:8d:50 (SSID='UB_Secure' freq=2462 MHz)
06-08 14:21:06.343  1765  1765 I wpa_supplicant: wlan0: Authentication with d0:c2:82:84:8d:50 timed out.
06-08 14:21:06.515   476   476 D SAN_SERVICE: *******************************************
06-08 14:21:06.515   476   476 D SAN_SERVICE: DM App Phone Service State - 0
06-08 14:21:06.515   476   476 D SAN_SERVICE: *******************************************
06-08 14:21:42.265   151   162 D AlarmManagerService: Kernel timezone updated to 240 minutes west of GMT
06-08 14:21:43.664  1278  1296 I PhoneLab-: Service Running
06-08 14:21:43.730  1278  1296 I PhoneLab-LoggerService: app_38    1302  1278  1772   1328  c00f181c 400107b4 S logcat
06-08 14:21:43.734  1278  1296 I PhoneLab-LoggerService: Logcat pid from database 1302
06-08 14:21:43.734  1278  1296 I PhoneLab-LoggerService: Logcat process found 1302
06-08 14:21:43.734  1278  1296 I PhoneLab-LoggerService: Checking Threshold
06-08 14:21:45.675   718  1364 I EventLogService: Aggregate from 1339177905611 (log), 1339177905611 (data)
06-08 14:21:46.902   476   476 D SAN_SERVICE: *******************************************
06-08 14:21:46.902   476   476 D SAN_SERVICE: DM App Phone Service State - 0
06-08 14:21:46.902   476   476 D SAN_SERVICE: *******************************************
06-08 14:21:54.636  1278  1296 I PhoneLab-: Service Running
06-08 14:21:54.718  1278  1280 D dalvikvm: GC_CONCURRENT freed 421K, 14% free 9263K/10759K, paused 1ms+6ms
06-08 14:21:54.726  1278  1296 I PhoneLab-LoggerService: app_38    1302  1278  1772   1328  c00f181c 400107b4 S logcat
06-08 14:21:54.726  1278  1296 I PhoneLab-LoggerService: Logcat pid from database 1302
06-08 14:21:54.726  1278  1296 I PhoneLab-LoggerService: Logcat process found 1302
06-08 14:21:54.726  1278  1296 I PhoneLab-LoggerService: Checking Threshold
06-08 14:23:31.062   718   720 D dalvikvm: GC_CONCURRENT freed 363K, 10% free 10490K/11591K, paused 11ms+3ms
06-08 14:23:31.722   476   476 D SAN_SERVICE: *******************************************
06-08 14:23:31.722   476   476 D SAN_SERVICE: DM App Phone Service State - 0
06-08 14:23:31.722   476   476 D SAN_SERVICE: *******************************************
06-08 14:23:32.269   151   201 I power   : *** set_screen_state 1
06-08 14:23:32.398   151   201 I WindowManager: Lock screen displayed!
06-08 14:23:32.523    79   120 D SurfaceFlinger: Screen about to return, flinger = 0x8a0918
06-08 14:23:35.679  1278  1278 I PhoneLab-PowerOnReceiver: Power is plugged in!
06-08 14:23:35.679  1278  1278 I PhoneLab-PowerOnReceiver: Rescheduling periodic checking...
06-08 14:23:35.699   388   388 W PowerUI : unknown intent: Intent { act=android.intent.action.ACTION_POWER_CONNECTED flg=0x10000010 }
06-08 14:23:35.726  1278  1278 I PhoneLab-Locks: wake lock acquired
06-08 14:23:35.746  1278  1278 I PhoneLab-UploadLogs: Transfering log files now
06-08 14:23:35.746  1278  1278 I PhoneLab-UploadLogs: No log files to transfer
06-08 14:23:35.746  1278  1278 I PhoneLab-Locks: wake lock released
06-08 14:23:35.750  1278  1278 I PhoneLab-UploadLogs: OnStartCommand
06-08 14:23:35.808   151   153 D dalvikvm: GC_CONCURRENT freed 1027K, 13% free 14313K/16327K, paused 3ms+8ms
06-08 14:23:36.047   388   434 I StorageNotification: UMS connection changed to true (media state mounted)
06-08 14:23:36.156   388   434 I StorageNotification: UMS connection changed to true (media state mounted)
06-08 14:23:36.246   388   390 D dalvikvm: GC_CONCURRENT freed 157K, 9% free 10006K/10887K, paused 2ms+5ms
06-08 14:23:36.312   388   388 D dalvikvm: GC_FOR_ALLOC freed 490K, 10% free 9873K/10887K, paused 17ms
06-08 14:23:36.496   388   390 D dalvikvm: GC_CONCURRENT freed 164K, 7% free 10152K/10887K, paused 3ms+8ms
06-08 14:23:37.230   388   388 D PhoneStatusBar: disable: < expand icons alerts ticker system_info BACK HOME recent* CLOCK >
06-08 14:23:37.234   488  1614 D NfcService: NFC-C ON
06-08 14:23:37.242    82   127 D AudioHardware: AudioHardware pcm playback is exiting standby.
06-08 14:23:37.242    82   127 D AudioHardware: openPcmOut_l() mPcmOpenCnt: 0
06-08 14:23:37.261   388   388 D PhoneStatusBar: disable: < expand icons alerts ticker system_info back* home* recent clock* >
06-08 14:23:37.265   151   560 W InputManagerService: Window already focused, ignoring focus gain of: com.android.internal.view.IInputMethodClient$Stub$Proxy@413f96e0
06-08 14:23:37.273   151   917 W InputManagerService: Starting input on non-focused client com.android.internal.view.IInputMethodClient$Stub$Proxy@414b01a8 (uid=10003 pid=1899)
06-08 14:23:38.840   151   205 I ActivityManager: START {act=android.intent.action.MAIN cat=[android.intent.category.HOME] flg=0x10200000 cmp=com.android.launcher/com.android.launcher2.Launcher} from pid 151
06-08 14:23:40.406    82   127 D AudioHardware: AudioHardware pcm playback is going to standby.
06-08 14:23:40.406    82   127 D AudioHardware: closePcmOut_l() mPcmOpenCnt: 1
06-08 14:23:40.699   476   479 D dalvikvm: GC_CONCURRENT freed 476K, 6% free 9513K/10119K, paused 16ms+3ms
06-08 14:23:41.156   151   197 I power   : *** set_screen_state 0
06-08 14:23:41.203    79   120 D SurfaceFlinger: About to give-up screen, flinger = 0x8a0918
06-08 14:23:41.269   151   167 I power   : *** set_screen_state 1
06-08 14:23:41.351  1278  1278 I PhoneLab-PowerOnReceiver: Power is plugged off!
06-08 14:23:41.363   151   201 D dalvikvm: GC_FOR_ALLOC freed 445K, 10% free 14705K/16327K, paused 47ms
06-08 14:23:41.363   151   201 I dalvikvm-heap: Grow heap (frag case) to 14.534MB for 104992-byte allocation
06-08 14:23:41.422   151   196 D dalvikvm: GC_FOR_ALLOC freed 726K, 15% free 14081K/16455K, paused 48ms
06-08 14:23:41.422   488  1865 D NfcService: NFC-C OFF, disconnect
06-08 14:23:41.441   151   201 V TransportControlView: Create TCV com.android.internal.widget.TransportControlView@4189db08
06-08 14:23:41.488   388   388 D PhoneStatusBar: disable: < expand icons alerts ticker system_info back home RECENT* clock >
06-08 14:23:41.543   388   388 D PhoneStatusBar: disable: < expand icons alerts ticker system_info BACK* HOME* RECENT CLOCK* >
06-08 14:23:41.547    82   127 D AudioHardware: AudioHardware pcm playback is exiting standby.
06-08 14:23:41.547    82   127 D AudioHardware: openPcmOut_l() mPcmOpenCnt: 0
06-08 14:23:41.558  1332  1332 D OpenGLRenderer: Flushing caches (mode 1)
06-08 14:23:41.570   151   201 I WindowManager: Lock screen displayed!
06-08 14:23:41.593    79   120 D SurfaceFlinger: Screen about to return, flinger = 0x8a0918
06-08 14:23:42.320   388   434 I StorageNotification: UMS connection changed to false (media state mounted)
06-08 14:23:42.386   388   388 D dalvikvm: GC_FOR_ALLOC freed 467K, 9% free 9973K/10887K, paused 53ms
06-08 14:23:42.550   388   388 D dalvikvm: GC_FOR_ALLOC freed 350K, 9% free 9965K/10887K, paused 60ms
06-08 14:23:42.652   388   388 D dalvikvm: GC_FOR_ALLOC freed 610K, 11% free 9711K/10887K, paused 64ms
06-08 14:23:44.711    82   127 D AudioHardware: AudioHardware pcm playback is going to standby.
06-08 14:23:44.711    82   127 D AudioHardware: closePcmOut_l() mPcmOpenCnt: 1
06-08 14:23:45.750  1278  1278 I PhoneLab-Locks: wake lock acquired
06-08 14:23:45.800  1278  4208 I PhoneLab-PeriodicCheckService: User info is synched
06-08 14:23:45.800  1278  4208 I PhoneLab-PeriodicCheckService: Logger Service is running
06-08 14:23:45.808  1278  1278 I PhoneLab-Locks: wake lock acquired
06-08 14:23:45.812  1278  1278 I PhoneLab-StatusMonitor: Status Monitoring is started
06-08 14:23:45.828  1278  4208 I PhoneLab-Locks: wake lock acquired
06-08 14:23:45.832  1278  1278 E PhoneLab-PhoneLabManifest: java.io.FileNotFoundException: /data/data/edu.buffalo.cse.phonelab.phonelabservices/files/manifest.xml: open failed: ENOENT (No such file or directory)
06-08 14:23:45.832  1278  1278 I PhoneLab-Locks: wake lock released
06-08 14:23:45.836  1278  1278 I PhoneLab-UploadLogs: Transfering log files now
06-08 14:23:45.840  1278  4208 I PhoneLab-PeriodicCheckService: Rescheduling periodic checking...
06-08 14:23:45.840  1278  4208 I PhoneLab-Locks: wake lock released
06-08 14:23:45.840  1278  1278 I PhoneLab-UploadLogs: No log files to transfer
06-08 14:23:45.840  1278  1278 I PhoneLab-Locks: wake lock released
06-08 14:23:45.843  1278  1278 I PhoneLab-UploadLogs: OnStartCommand
06-08 14:23:45.859  1278  1280 D dalvikvm: GC_CONCURRENT freed 455K, 15% free 9236K/10759K, paused 2ms+2ms
06-08 14:23:46.566  1765  1765 I wpa_supplicant: wlan0: Trying to associate with d0:c2:82:84:8d:50 (SSID='UB_Secure' freq=2462 MHz)
06-08 14:23:46.613  1765  1765 I wpa_supplicant: wlan0: Associated with d0:c2:82:84:8d:50
06-08 14:23:46.613  1765  1765 I wpa_supplicant: wlan0: CTRL-EVENT-EAP-STARTED EAP authentication started
06-08 14:23:46.621  1765  1765 I wpa_supplicant: wlan0: CTRL-EVENT-EAP-PROPOSED-METHOD vendor=0 method=4 -> NAK
06-08 14:23:46.625  1765  1765 I wpa_supplicant: wlan0: CTRL-EVENT-EAP-PROPOSED-METHOD vendor=0 method=25
06-08 14:23:46.625  1765  1765 I wpa_supplicant: wlan0: CTRL-EVENT-EAP-METHOD EAP vendor 0 method 25 (PEAP) selected
06-08 14:23:46.632  1765  1765 I wpa_supplicant: EAP-TLV: TLV Result - Success - EAP-TLV/Phase2 Completed
06-08 14:23:49.043   151   197 I power   : *** set_screen_state 0
06-08 14:23:49.090    79   120 D SurfaceFlinger: About to give-up screen, flinger = 0x8a0918
06-08 14:23:49.144   151   201 V TransportControlView: Create TCV com.android.internal.widget.TransportControlView@413fc6c8
06-08 14:23:55.648   151   505 D AlarmManagerService: Kernel timezone updated to 240 minutes west of GMT
06-08 14:24:00.582   151   201 I power   : *** set_screen_state 1
06-08 14:24:00.664   151   201 I WindowManager: Lock screen displayed!
06-08 14:24:00.785    79   120 D SurfaceFlinger: Screen about to return, flinger = 0x8a0918
06-08 14:24:02.453   388   388 D PhoneStatusBar: disable: < expand icons alerts ticker system_info back* home* RECENT clock* >
06-08 14:24:02.691   388   388 D PhoneStatusBar: disable: < expand icons alerts ticker system_info BACK* HOME* RECENT CLOCK* >
06-08 14:24:02.941   388   388 D PhoneStatusBar: disable: < expand icons alerts ticker system_info back* home* RECENT clock* >
06-08 14:24:03.554   151   206 I InputReader: Dropping virtual key from device cypress-touchkey because virtual keys are temporarily disabled for the next 222.523ms.  keyCode=84, scanCode=217
06-08 14:24:03.699   151   206 I InputReader: Dropping key up from device cypress-touchkey because the key was not down.  keyCode=84, scanCode=217
06-08 14:24:04.308   151   206 I InputReader: Dropping virtual key from device cypress-touchkey because virtual keys are temporarily disabled for the next 245.767ms.  keyCode=84, scanCode=217
06-08 14:24:04.672   151   206 I InputReader: Dropping key up from device cypress-touchkey because the key was not down.  keyCode=84, scanCode=217
06-08 14:24:04.804   151   206 I InputReader: Dropping virtual key from device cypress-touchkey because virtual keys are temporarily disabled for the next 248.445ms.  keyCode=3, scanCode=102
06-08 14:24:04.871   151   206 I InputReader: Dropping key up from device cypress-touchkey because the key was not down.  keyCode=3, scanCode=102
06-08 14:24:05.707   388   388 D PhoneStatusBar: disable: < expand icons alerts ticker system_info BACK* HOME* RECENT CLOCK* >
06-08 14:24:11.136   151   197 I power   : *** set_screen_state 0
06-08 14:24:11.187    79   120 D SurfaceFlinger: About to give-up screen, flinger = 0x8a0918
06-08 14:24:11.234   151   201 V TransportControlView: Create TCV com.android.internal.widget.TransportControlView@4187d380
06-08 14:24:11.285   151   153 D dalvikvm: GC_CONCURRENT freed 978K, 13% free 14372K/16455K, paused 3ms+9ms
06-08 14:24:14.058   476   476 D SAN_SERVICE: *******************************************
06-08 14:24:14.058   476   476 D SAN_SERVICE: DM App Phone Service State - 0
06-08 14:24:14.058   476   476 D SAN_SERVICE: *******************************************
06-08 14:24:18.039   151   917 D AlarmManagerService: Kernel timezone updated to 240 minutes west of GMT
06-08 14:24:22.312  1765  1765 I wpa_supplicant: wlan0: CTRL-EVENT-DISCONNECTED bssid=d0:c2:82:84:8d:50 reason=0
06-08 14:24:25.054   151   560 D AlarmManagerService: Kernel timezone updated to 240 minutes west of GMT
06-08 14:24:25.214  1765  1765 I wpa_supplicant: wlan0: Trying to associate with d0:c2:82:84:8d:50 (SSID='UB_Secure' freq=2462 MHz)
06-08 14:24:25.250   476   476 D SAN_SERVICE: *******************************************
06-08 14:24:25.250   476   476 D SAN_SERVICE: DM App Phone Service State - 0
06-08 14:24:25.250   476   476 D SAN_SERVICE: *******************************************
06-08 14:24:25.257  1765  1765 I wpa_supplicant: wlan0: Associated with d0:c2:82:84:8d:50
06-08 14:24:25.257  1765  1765 I wpa_supplicant: wlan0: CTRL-EVENT-EAP-STARTED EAP authentication started
06-08 14:24:25.261  1765  1765 I wpa_supplicant: wlan0: CTRL-EVENT-EAP-PROPOSED-METHOD vendor=0 method=4 -> NAK
06-08 14:24:25.265  1765  1765 I wpa_supplicant: wlan0: CTRL-EVENT-EAP-PROPOSED-METHOD vendor=0 method=25
06-08 14:24:25.265  1765  1765 I wpa_supplicant: wlan0: CTRL-EVENT-EAP-METHOD EAP vendor 0 method 25 (PEAP) selected
06-08 14:24:25.277  1765  1765 I wpa_supplicant: EAP-TLV: TLV Result - Success - EAP-TLV/Phase2 Completed
06-08 14:24:28.074   151   558 D AlarmManagerService: Kernel timezone updated to 240 minutes west of GMT
06-08 14:24:28.593   476   476 D SAN_SERVICE: *******************************************
06-08 14:24:28.593   476   476 D SAN_SERVICE: DM App Phone Service State - 0
06-08 14:24:28.593   476   476 D SAN_SERVICE: *******************************************
06-08 14:24:29.058   476   476 D SAN_SERVICE: *******************************************
06-08 14:24:29.058   476   476 D SAN_SERVICE: DM App Phone Service State - 0
06-08 14:24:29.058   476   476 D SAN_SERVICE: *******************************************
06-08 14:24:33.836   476   476 D SAN_SERVICE: *******************************************
06-08 14:24:33.836   476   476 D SAN_SERVICE: DM App Phone Service State - 0
06-08 14:24:33.836   476   476 D SAN_SERVICE: *******************************************
06-08 14:24:34.117   476   476 D SAN_SERVICE: *******************************************
06-08 14:24:34.117   476   476 D SAN_SERVICE: DM App Phone Service State - 0
06-08 14:24:34.117   476   476 D SAN_SERVICE: *******************************************
06-08 14:24:36.074   151   505 D AlarmManagerService: Kernel timezone updated to 240 minutes west of GMT
06-08 14:24:36.086   476   476 D SAN_SERVICE: *******************************************
06-08 14:24:36.086   476   476 D SAN_SERVICE: DM App Phone Service State - 0
06-08 14:24:36.086   476   476 D SAN_SERVICE: *******************************************
06-08 14:24:36.183   476   476 D SAN_SERVICE: *******************************************
06-08 14:24:36.183   476   476 D SAN_SERVICE: DM App Phone Service State - 0
06-08 14:24:36.183   476   476 D SAN_SERVICE: *******************************************
06-08 14:24:40.078   476   476 D SAN_SERVICE: *******************************************
06-08 14:24:40.078   476   476 D SAN_SERVICE: DM App Phone Service State - 0
06-08 14:24:40.078   476   476 D SAN_SERVICE: *******************************************
06-08 14:24:43.457   151   505 D AlarmManagerService: Kernel timezone updated to 240 minutes west of GMT
06-08 14:24:49.867   476   476 D SAN_SERVICE: *******************************************
06-08 14:24:49.867   476   476 D SAN_SERVICE: DM App Phone Service State - 0
06-08 14:24:49.867   476   476 D SAN_SERVICE: *******************************************
06-08 14:25:01.023   151   313 D ConnectivityService: ConnectivityChange for mobile: DISCONNECTED/DISCONNECTED
06-08 14:25:01.023   151   313 D ConnectivityService: Attempting to switch to WIFI
06-08 14:25:01.023   151   313 D ConnectivityService: Attempting to switch to WIMAX
06-08 14:25:01.023   151   313 D ConnectivityService: Attempting to switch to BLUETOOTH_TETHER
06-08 14:25:01.027   151   313 D NetUtils: android_net_utils_resetConnections in env=0x2e4eb0 clazz=0x28100001 iface=rmnet0 mask=0x3
06-08 14:25:01.027   151   313 D ConnectivityService: resetConnections(rmnet0, 3)
06-08 14:25:01.074  1765  1765 I wpa_supplicant: wlan0: CTRL-EVENT-DISCONNECTED bssid=d0:c2:82:84:8d:50 reason=0
06-08 14:25:01.132   718  4181 W Smack/Packet: notify conn break (IOEx), close connection
06-08 14:25:01.281   718  4181 I qtaguid : Failed write_ctrl(u 67) res=-1 errno=22
06-08 14:25:01.285   718  4181 I qtaguid : Untagging socket 67 failed errno=-22
06-08 14:25:01.289   718  4181 W NetworkManagementSocketTagger: untagSocket(67) failed with errno -22
06-08 14:25:01.308   151   313 D ConnectivityService: handleInetConditionChange: no active default network - ignore
06-08 14:25:03.011  1765  1765 I wpa_supplicant: wlan0: Trying to associate with d0:c2:82:2d:e4:b0 (SSID='UB_Secure' freq=2412 MHz)
06-08 14:25:03.082    76   114 D NetlinkEvent: Unexpected netlink message. type=0xf
06-08 14:25:04.558   151   316 D Tethering: MasterInitialState.processMessage what=3
06-08 14:25:04.644  4154  4154 I MediaUploader: No need to wake up
06-08 14:25:04.648  1119  1133 D PicasaSyncManager: active network: null
06-08 14:25:04.648  1119  1133 D PicasaSyncManager: background data: true
06-08 14:25:04.679  1119  1121 D dalvikvm: GC_CONCURRENT freed 356K, 6% free 9701K/10311K, paused 2ms+7ms
06-08 14:25:06.261   476   479 D dalvikvm: GC_CONCURRENT freed 408K, 6% free 9515K/10119K, paused 38ms+2ms
06-08 14:25:06.312   151   153 D dalvikvm: GC_CONCURRENT freed 1271K, 13% free 14355K/16455K, paused 3ms+6ms
06-08 14:25:06.886  1765  1765 I wpa_supplicant: wlan0: CTRL-EVENT-DISCONNECTED bssid=d0:c2:82:2d:e4:b0 reason=0
06-08 14:25:07.504  1765  1765 I wpa_supplicant: wlan0: Trying to associate with d0:c2:82:66:6b:f0 (SSID='UB_Secure' freq=2462 MHz)
06-08 14:25:07.613    76   114 D NetlinkEvent: Unexpected netlink message. type=0xf
06-08 14:25:13.172   151   313 D ConnectivityService: ConnectivityChange for mobile: CONNECTED/CONNECTED
06-08 14:25:13.234   151   308 D NetworkPolicy: applying policy NetworkPolicy[NetworkTemplate: matchRule=MOBILE_ALL, subscriberId=valid]: cycleDay=8, warningBytes=2147483648, limitBytes=-1, lastSnooze=-1 to ifaces [rmnet0]
06-08 14:25:31.089  1765  1765 I wpa_supplicant: wlan0: Authentication with d0:c2:82:66:6b:f0 timed out.
06-08 14:25:31.222   476   476 D SAN_SERVICE: *******************************************
06-08 14:25:31.222   476   476 D SAN_SERVICE: DM App Phone Service State - 0
06-08 14:25:31.222   476   476 D SAN_SERVICE: *******************************************
06-08 14:25:33.011   151   316 D Tethering: MasterInitialState.processMessage what=3
06-08 14:25:33.097  4154  4154 I MediaUploader: No need to wake up
06-08 14:25:33.117  1119  1133 D PicasaSyncManager: active network: NetworkInfo: type: mobile[CDMA - EvDo rev. A], state: CONNECTED/CONNECTED, reason: (unspecified), extra: , roaming: true, failover: false, isAvailable: true
06-08 14:25:33.117  1119  1133 D PicasaSyncManager: background data: true
06-08 14:25:43.043   476   476 D SAN_SERVICE: *******************************************
06-08 14:25:43.043   476   476 D SAN_SERVICE: DM App Phone Service State - 0
06-08 14:25:43.043   476   476 D SAN_SERVICE: *******************************************
06-08 14:25:44.066   476   476 D SAN_SERVICE: *******************************************
06-08 14:25:44.066   476   476 D SAN_SERVICE: DM App Phone Service State - 0
06-08 14:25:44.066   476   476 D SAN_SERVICE: *******************************************
06-08 14:25:44.429   718   718 I GTalkService/c: [AndroidEndpoint@1095436744] connect: acct=1000000, state=CONNECTING
06-08 14:25:47.351   718   720 D dalvikvm: GC_CONCURRENT freed 376K, 10% free 10505K/11591K, paused 4ms+4ms
06-08 14:25:48.597  1765  1765 I wpa_supplicant: wlan0: Trying to associate with d0:c2:82:84:8d:50 (SSID='UB_Secure' freq=2462 MHz)
06-08 14:25:48.675  1765  1765 I wpa_supplicant: wlan0: Associated with d0:c2:82:84:8d:50
06-08 14:25:48.675  1765  1765 I wpa_supplicant: wlan0: CTRL-EVENT-EAP-STARTED EAP authentication started
06-08 14:25:48.679  1765  1765 I wpa_supplicant: wlan0: CTRL-EVENT-EAP-PROPOSED-METHOD vendor=0 method=4 -> NAK
06-08 14:25:48.683  1765  1765 I wpa_supplicant: wlan0: CTRL-EVENT-EAP-PROPOSED-METHOD vendor=0 method=25
06-08 14:25:48.683  1765  1765 I wpa_supplicant: wlan0: CTRL-EVENT-EAP-METHOD EAP vendor 0 method 25 (PEAP) selected
06-08 14:25:48.691  1765  1765 I wpa_supplicant: EAP-TLV: TLV Result - Success - EAP-TLV/Phase2 Completed
06-08 14:25:48.773    76   114 D NetlinkEvent: Unexpected netlink message. type=0x30
06-08 14:25:49.968   151   313 D ConnectivityService: handleInetConditionHoldEnd: net=0, condition=100, published condition=0
06-08 14:25:51.937   151   560 D AlarmManagerService: Kernel timezone updated to 240 minutes west of GMT
06-08 14:26:24.019  1765  1765 I wpa_supplicant: wlan0: CTRL-EVENT-DISCONNECTED bssid=d0:c2:82:84:8d:50 reason=0
06-08 14:26:24.019    76   114 D NetlinkEvent: Unexpected netlink message. type=0x30
06-08 14:26:30.461   151   162 D AlarmManagerService: Kernel timezone updated to 240 minutes west of GMT
06-08 14:26:31.281  1278  1296 I PhoneLab-: Service Running
06-08 14:26:31.351  1278  1296 I PhoneLab-LoggerService: app_38    1302  1278  1772   1328  c00f181c 400107b4 S logcat
06-08 14:26:31.351  1278  1296 I PhoneLab-LoggerService: Logcat pid from database 1302
06-08 14:26:31.351  1278  1296 I PhoneLab-LoggerService: Logcat process found 1302
06-08 14:26:31.351  1278  1296 I PhoneLab-LoggerService: Checking Threshold
06-08 14:26:31.351  1278  1296 I PhoneLab-: Service Running
06-08 14:26:31.379  1278  1296 I PhoneLab-LoggerService: app_38    1302  1278  1772   1328  c00f181c 400107b4 S logcat
06-08 14:26:31.379  1278  1296 I PhoneLab-LoggerService: Logcat pid from database 1302
06-08 14:26:31.379  1278  1296 I PhoneLab-LoggerService: Logcat process found 1302
06-08 14:26:31.379  1278  1296 I PhoneLab-LoggerService: Checking Threshold
06-08 14:27:00.636  1765  1765 I wpa_supplicant: wlan0: Authentication with 00:00:00:00:00:00 timed out.
06-08 14:28:22.738  1765  1765 I wpa_supplicant: wlan0: Trying to associate with d0:c2:82:66:6b:f0 (SSID='UB_Secure' freq=2462 MHz)
06-08 14:29:23.191  1765  1765 I wpa_supplicant: wlan0: Authentication with d0:c2:82:66:6b:f0 timed out.
06-08 14:29:25.011  1765  1765 I wpa_supplicant: wlan0: Trying to associate with d0:c2:82:2d:e4:b0 (SSID='UB_Secure' freq=2412 MHz)
06-08 14:29:25.152  1765  1765 I wpa_supplicant: wlan0: Associated with d0:c2:82:2d:e4:b0
06-08 14:29:25.160  1765  1765 I wpa_supplicant: wlan0: CTRL-EVENT-EAP-STARTED EAP authentication started
06-08 14:29:25.175  1765  1765 I wpa_supplicant: wlan0: CTRL-EVENT-EAP-PROPOSED-METHOD vendor=0 method=4 -> NAK
06-08 14:29:25.187  1765  1765 I wpa_supplicant: wlan0: CTRL-EVENT-EAP-PROPOSED-METHOD vendor=0 method=25
06-08 14:29:25.187  1765  1765 I wpa_supplicant: wlan0: CTRL-EVENT-EAP-METHOD EAP vendor 0 method 25 (PEAP) selected
06-08 14:29:25.195  1765  1765 I wpa_supplicant: EAP-TLV: TLV Result - Success - EAP-TLV/Phase2 Completed
06-08 14:29:25.882   151   163 D AlarmManagerService: Kernel timezone updated to 240 minutes west of GMT
06-08 14:29:25.882   476   476 D SystemClock: Setting time of day to sec=1339180166
06-08 14:29:26.113  3950  3965 V AlarmClock: AlarmInitReceiver finished
06-08 14:29:31.226  1974  1976 D dalvikvm: GC_CONCURRENT freed 385K, 7% free 9308K/9991K, paused 6ms+5ms
06-08 14:30:01.170  1765  1765 I wpa_supplicant: wlan0: CTRL-EVENT-DISCONNECTED bssid=d0:c2:82:2d:e4:b0 reason=0
06-08 14:30:01.983   151   163 D AlarmManagerService: Kernel timezone updated to 240 minutes west of GMT
06-08 14:30:02.975   151   560 D AlarmManagerService: Kernel timezone updated to 240 minutes west of GMT
06-08 14:34:23.121   151   153 D dalvikvm: GC_CONCURRENT freed 1219K, 13% free 14377K/16455K, paused 3ms+6ms
06-08 14:34:24.039  1765  1765 I wpa_supplicant: wlan0: Authentication with 00:00:00:00:00:00 timed out.
06-08 14:35:24.922  1402  1404 D dalvikvm: GC_CONCURRENT freed 514K, 13% free 11199K/12807K, paused 2ms+8ms
06-08 14:35:25.039  1402  4225 W Gmail   : Successful index run, cancel next scheduled index run
06-08 14:35:26.125   388   390 D dalvikvm: GC_CONCURRENT freed 338K, 11% free 9782K/10887K, paused 2ms+3ms
06-08 14:35:26.203   388   390 D dalvikvm: GC_CONCURRENT freed 357K, 10% free 9882K/10887K, paused 2ms+2ms
06-08 14:35:26.382   388   388 D dalvikvm: GC_FOR_ALLOC freed 341K, 11% free 9750K/10887K, paused 29ms
06-08 14:35:26.910   151   151 D AlarmManagerService: Kernel timezone updated to 240 minutes west of GMT
06-08 14:38:15.757  1765  1765 I wpa_supplicant: wlan0: Trying to associate with d0:c2:82:84:8d:50 (SSID='UB_Secure' freq=2462 MHz)
06-08 14:39:24.054  1765  1765 I wpa_supplicant: wlan0: Authentication with d0:c2:82:84:8d:50 timed out.
06-08 14:44:25.015  1765  1765 I wpa_supplicant: wlan0: Trying to associate with d0:c2:82:2d:e4:b0 (SSID='UB_Secure' freq=2412 MHz)
06-08 14:44:25.164  1765  1765 I wpa_supplicant: wlan0: Associated with d0:c2:82:2d:e4:b0
06-08 14:44:25.164  1765  1765 I wpa_supplicant: wlan0: CTRL-EVENT-EAP-STARTED EAP authentication started
06-08 14:44:25.179  1765  1765 I wpa_supplicant: wlan0: CTRL-EVENT-EAP-PROPOSED-METHOD vendor=0 method=4 -> NAK
06-08 14:44:25.187  1765  1765 I wpa_supplicant: wlan0: CTRL-EVENT-EAP-PROPOSED-METHOD vendor=0 method=25
06-08 14:44:25.191  1765  1765 I wpa_supplicant: wlan0: CTRL-EVENT-EAP-METHOD EAP vendor 0 method 25 (PEAP) selected
06-08 14:44:25.211  1765  1765 I wpa_supplicant: EAP-TLV: TLV Result - Success - EAP-TLV/Phase2 Completed
06-08 14:44:27.175   151   151 D AlarmManagerService: Kernel timezone updated to 240 minutes west of GMT
06-08 14:44:27.175   476   476 D SystemClock: Setting time of day to sec=1339181067
06-08 14:44:27.110  3950  3965 V AlarmClock: AlarmInitReceiver finished
06-08 14:44:27.165   151   471 D dalvikvm: GC_EXPLICIT freed 517K, 14% free 14303K/16455K, paused 3ms+6ms
06-08 14:45:01.019  1765  1765 I wpa_supplicant: wlan0: CTRL-EVENT-DISCONNECTED bssid=d0:c2:82:2d:e4:b0 reason=0
06-08 14:45:04.289   151   162 D AlarmManagerService: Kernel timezone updated to 240 minutes west of GMT
06-08 14:45:07.937   151   162 D AlarmManagerService: Kernel timezone updated to 240 minutes west of GMT
06-08 14:45:09.004   476   476 D SAN_SERVICE: *******************************************
06-08 14:45:09.004   476   476 D SAN_SERVICE: DM App Phone Service State - 0
06-08 14:45:09.004   476   476 D SAN_SERVICE: *******************************************
06-08 14:46:12.105  1765  1765 I wpa_supplicant: wlan0: Authentication with 00:00:00:00:00:00 timed out.
06-08 14:46:12.250   476   476 D SAN_SERVICE: *******************************************
06-08 14:46:12.250   476   476 D SAN_SERVICE: DM App Phone Service State - 0
06-08 14:46:12.250   476   476 D SAN_SERVICE: *******************************************
06-08 14:46:12.300   476   479 D dalvikvm: GC_CONCURRENT freed 389K, 7% free 9510K/10119K, paused 1ms+2ms
06-08 14:46:17.023   476   476 D SAN_SERVICE: *******************************************
06-08 14:46:17.023   476   476 D SAN_SERVICE: DM App Phone Service State - 0
06-08 14:46:17.023   476   476 D SAN_SERVICE: *******************************************
06-08 14:48:08.332   476   476 D SAN_SERVICE: *******************************************
06-08 14:48:08.332   476   476 D SAN_SERVICE: DM App Phone Service State - 0
06-08 14:48:08.332   476   476 D SAN_SERVICE: *******************************************
06-08 14:48:09.195  1765  1765 I wpa_supplicant: wlan0: Trying to associate with d0:c2:82:84:8d:50 (SSID='UB_Secure' freq=2462 MHz)
06-08 14:48:09.363  1765  1765 I wpa_supplicant: wlan0: Associated with d0:c2:82:84:8d:50
06-08 14:48:09.367  1765  1765 I wpa_supplicant: wlan0: CTRL-EVENT-EAP-STARTED EAP authentication started
06-08 14:48:09.382  1765  1765 I wpa_supplicant: wlan0: CTRL-EVENT-EAP-PROPOSED-METHOD vendor=0 method=4 -> NAK
06-08 14:48:09.386  1765  1765 I wpa_supplicant: wlan0: CTRL-EVENT-EAP-PROPOSED-METHOD vendor=0 method=25
06-08 14:48:09.386  1765  1765 I wpa_supplicant: wlan0: CTRL-EVENT-EAP-METHOD EAP vendor 0 method 25 (PEAP) selected
06-08 14:48:09.394  1765  1765 I wpa_supplicant: EAP-TLV: TLV Result - Success - EAP-TLV/Phase2 Completed
06-08 14:48:10.984   476   476 D SAN_SERVICE: *******************************************
06-08 14:48:10.984   476   476 D SAN_SERVICE: DM App Phone Service State - 0
06-08 14:48:10.984   476   476 D SAN_SERVICE: *******************************************
06-08 14:48:11.226   476   476 D SAN_SERVICE: *******************************************
06-08 14:48:11.226   476   476 D SAN_SERVICE: DM App Phone Service State - 0
06-08 14:48:11.226   476   476 D SAN_SERVICE: *******************************************
06-08 14:48:11.992   476   476 D SAN_SERVICE: *******************************************
06-08 14:48:11.992   476   476 D SAN_SERVICE: DM App Phone Service State - 0
06-08 14:48:11.992   476   476 D SAN_SERVICE: *******************************************
06-08 14:48:45.019  1765  1765 I wpa_supplicant: wlan0: CTRL-EVENT-DISCONNECTED bssid=d0:c2:82:84:8d:50 reason=0
06-08 14:49:24.039  1765  1765 I wpa_supplicant: wlan0: Authentication with 00:00:00:00:00:00 timed out.
06-08 14:49:41.043   476   476 D SAN_SERVICE: *******************************************
06-08 14:49:41.043   476   476 D SAN_SERVICE: DM App Phone Service State - 0
06-08 14:49:41.043   476   476 D SAN_SERVICE: *******************************************
06-08 14:49:42.003  1765  1765 I wpa_supplicant: wlan0: Trying to associate with d0:c2:82:84:8d:50 (SSID='UB_Secure' freq=2462 MHz)
06-08 14:49:42.054  1765  1765 I wpa_supplicant: wlan0: Associated with d0:c2:82:84:8d:50
06-08 14:49:42.054  1765  1765 I wpa_supplicant: wlan0: CTRL-EVENT-EAP-STARTED EAP authentication started
06-08 14:49:42.058  1765  1765 I wpa_supplicant: wlan0: CTRL-EVENT-EAP-PROPOSED-METHOD vendor=0 method=4 -> NAK
06-08 14:49:42.062  1765  1765 I wpa_supplicant: wlan0: CTRL-EVENT-EAP-PROPOSED-METHOD vendor=0 method=25
06-08 14:49:42.062  1765  1765 I wpa_supplicant: wlan0: CTRL-EVENT-EAP-METHOD EAP vendor 0 method 25 (PEAP) selected
06-08 14:49:42.070  1765  1765 I wpa_supplicant: EAP-TLV: TLV Result - Success - EAP-TLV/Phase2 Completed
06-08 14:50:18.011  1765  1765 I wpa_supplicant: wlan0: CTRL-EVENT-DISCONNECTED bssid=d0:c2:82:84:8d:50 reason=0
06-08 14:51:45.089   388   390 D dalvikvm: GC_CONCURRENT freed 263K, 10% free 9876K/10887K, paused 8ms+3ms
06-08 14:51:45.543  1765  1765 I wpa_supplicant: wlan0: Authentication with 00:00:00:00:00:00 timed out.
06-08 14:51:46.023   718  1364 I EventLogService: Aggregate from 1339179705678 (log), 1339179705678 (data)
06-08 14:51:46.472   718   720 D dalvikvm: GC_CONCURRENT freed 383K, 10% free 10521K/11591K, paused 3ms+7ms
06-08 14:51:46.492   151   560 D AlarmManagerService: Kernel timezone updated to 240 minutes west of GMT
06-08 14:51:46.500   476   476 D SAN_SERVICE: *******************************************
06-08 14:51:46.500   476   476 D SAN_SERVICE: DM App Phone Service State - 0
06-08 14:51:46.500   476   476 D SAN_SERVICE: *******************************************
06-08 14:53:22.418   151   560 D AlarmManagerService: Kernel timezone updated to 240 minutes west of GMT
06-08 14:53:22.425   476   476 D SAN_SERVICE: *******************************************
06-08 14:53:22.425   476   476 D SAN_SERVICE: DM App Phone Service State - 0
06-08 14:53:22.425   476   476 D SAN_SERVICE: *******************************************
06-08 14:53:24.015  1765  1765 I wpa_supplicant: wlan0: Trying to associate with d0:c2:82:67:3c:a0 (SSID='UB_Secure' freq=2462 MHz)
06-08 14:53:24.047  1765  1765 I wpa_supplicant: wlan0: Associated with d0:c2:82:67:3c:a0
06-08 14:53:24.047  1765  1765 I wpa_supplicant: wlan0: CTRL-EVENT-EAP-STARTED EAP authentication started
06-08 14:53:24.050  1765  1765 I wpa_supplicant: wlan0: CTRL-EVENT-EAP-PROPOSED-METHOD vendor=0 method=4 -> NAK
06-08 14:53:24.058  1765  1765 I wpa_supplicant: wlan0: CTRL-EVENT-EAP-PROPOSED-METHOD vendor=0 method=25
06-08 14:53:24.058  1765  1765 I wpa_supplicant: wlan0: CTRL-EVENT-EAP-METHOD EAP vendor 0 method 25 (PEAP) selected
06-08 14:53:24.066  1765  1765 I wpa_supplicant: EAP-TLV: TLV Result - Success - EAP-TLV/Phase2 Completed
06-08 14:53:24.617  1278  1296 I PhoneLab-: Service Running
06-08 14:53:24.687  1278  1296 I PhoneLab-LoggerService: app_38    1302  1278  1772   1328  c00f181c 400107b4 S logcat
06-08 14:53:24.687  1278  1296 I PhoneLab-LoggerService: Logcat pid from database 1302
06-08 14:53:24.687  1278  1296 I PhoneLab-LoggerService: Logcat process found 1302
06-08 14:53:24.687  1278  1296 I PhoneLab-LoggerService: Checking Threshold
06-08 14:53:24.687  1278  1296 I PhoneLab-: Service Running
06-08 14:53:24.715  1278  1296 I PhoneLab-LoggerService: app_38    1302  1278  1772   1328  c00f181c 400107b4 S logcat
06-08 14:53:24.715  1278  1296 I PhoneLab-LoggerService: Logcat pid from database 1302
06-08 14:53:24.715  1278  1296 I PhoneLab-LoggerService: Logcat process found 1302
06-08 14:53:24.715  1278  1296 I PhoneLab-LoggerService: Checking Threshold
06-08 14:53:24.715  1278  1296 I PhoneLab-: Service Running
06-08 14:53:24.742  1278  1296 I PhoneLab-LoggerService: app_38    1302  1278  1772   1328  c00f181c 400107b4 S logcat
06-08 14:53:24.742  1278  1296 I PhoneLab-LoggerService: Logcat pid from database 1302
06-08 14:53:24.742  1278  1296 I PhoneLab-LoggerService: Logcat process found 1302
06-08 14:53:24.742  1278  1296 I PhoneLab-LoggerService: Checking Threshold
06-08 14:53:24.742  1278  1296 I PhoneLab-: Service Running
06-08 14:53:24.769  1278  1296 I PhoneLab-LoggerService: app_38    1302  1278  1772   1328  c00f181c 400107b4 S logcat
06-08 14:53:24.769  1278  1296 I PhoneLab-LoggerService: Logcat pid from database 1302
06-08 14:53:24.769  1278  1296 I PhoneLab-LoggerService: Logcat process found 1302
06-08 14:53:24.769  1278  1296 I PhoneLab-LoggerService: Checking Threshold
06-08 14:53:24.769  1278  1296 I PhoneLab-: Service Running
06-08 14:53:24.797  1278  1296 I PhoneLab-LoggerService: app_38    1302  1278  1772   1328  c00f181c 400107b4 S logcat
06-08 14:53:24.797  1278  1296 I PhoneLab-LoggerService: Logcat pid from database 1302
06-08 14:53:24.797  1278  1296 I PhoneLab-LoggerService: Logcat process found 1302
06-08 14:53:24.797  1278  1296 I PhoneLab-LoggerService: Checking Threshold
06-08 14:53:24.797  1278  1296 I PhoneLab-: Service Running
06-08 14:53:24.836  1278  1296 I PhoneLab-LoggerService: app_38    1302  1278  1772   1328  c00f181c 400107b4 S logcat
06-08 14:53:24.836  1278  1296 I PhoneLab-LoggerService: Logcat pid from database 1302
06-08 14:53:24.836  1278  1296 I PhoneLab-LoggerService: Logcat process found 1302
06-08 14:53:24.836  1278  1296 I PhoneLab-LoggerService: Checking Threshold
06-08 14:53:24.836  1278  1296 I PhoneLab-: Service Running
06-08 14:53:24.855  1278  1280 D dalvikvm: GC_CONCURRENT freed 388K, 15% free 9252K/10759K, paused 2ms+2ms
06-08 14:53:24.875  1278  1296 I PhoneLab-LoggerService: app_38    1302  1278  1772   1328  c00f181c 400107b4 S logcat
06-08 14:53:24.875  1278  1296 I PhoneLab-LoggerService: Logcat pid from database 1302
06-08 14:53:24.875  1278  1296 I PhoneLab-LoggerService: Logcat process found 1302
06-08 14:53:24.875  1278  1296 I PhoneLab-LoggerService: Checking Threshold
06-08 14:53:24.879  1278  1296 I PhoneLab-: Service Running
06-08 14:53:24.902  1278  1296 I PhoneLab-LoggerService: app_38    1302  1278  1772   1328  c00f181c 400107b4 S logcat
06-08 14:53:24.902  1278  1296 I PhoneLab-LoggerService: Logcat pid from database 1302
06-08 14:53:24.902  1278  1296 I PhoneLab-LoggerService: Logcat process found 1302
06-08 14:53:24.902  1278  1296 I PhoneLab-LoggerService: Checking Threshold
06-08 14:53:24.906  1278  1296 I PhoneLab-: Service Running
06-08 14:53:24.929  1278  1296 I PhoneLab-LoggerService: app_38    1302  1278  1772   1328  c00f181c 400107b4 S logcat
06-08 14:53:24.929  1278  1296 I PhoneLab-LoggerService: Logcat pid from database 1302
06-08 14:53:24.929  1278  1296 I PhoneLab-LoggerService: Logcat process found 1302
06-08 14:53:24.933  1278  1296 I PhoneLab-LoggerService: Checking Threshold
06-08 14:53:24.933  1278  1296 I PhoneLab-: Service Running
06-08 14:53:24.957  1278  1296 I PhoneLab-LoggerService: app_38    1302  1278  1772   1328  c00f181c 400107b4 S logcat
06-08 14:53:24.961  1278  1296 I PhoneLab-LoggerService: Logcat pid from database 1302
06-08 14:53:24.961  1278  1296 I PhoneLab-LoggerService: Logcat process found 1302
06-08 14:53:24.961  1278  1296 I PhoneLab-LoggerService: Checking Threshold
06-08 14:53:24.961  1278  1296 I PhoneLab-: Service Running
06-08 14:53:24.988  1278  1296 I PhoneLab-LoggerService: app_38    1302  1278  1772   1328  c00f181c 400107b4 S logcat
06-08 14:53:24.988  1278  1296 I PhoneLab-LoggerService: Logcat pid from database 1302
06-08 14:53:24.988  1278  1296 I PhoneLab-LoggerService: Logcat process found 1302
06-08 14:53:24.988  1278  1296 I PhoneLab-LoggerService: Checking Threshold
06-08 14:53:24.988  1278  1296 I PhoneLab-: Service Running
06-08 14:53:25.015  1278  1296 I PhoneLab-LoggerService: app_38    1302  1278  1772   1328  c00f181c 400107b4 S logcat
06-08 14:53:25.015  1278  1296 I PhoneLab-LoggerService: Logcat pid from database 1302
06-08 14:53:25.015  1278  1296 I PhoneLab-LoggerService: Logcat process found 1302
06-08 14:53:25.015  1278  1296 I PhoneLab-LoggerService: Checking Threshold
06-08 14:53:25.015  1278  1296 I PhoneLab-: Service Running
06-08 14:53:25.043  1278  1296 I PhoneLab-LoggerService: app_38    1302  1278  1772   1328  c00f181c 400107b4 S logcat
06-08 14:53:25.043  1278  1296 I PhoneLab-LoggerService: Logcat pid from database 1302
06-08 14:53:25.043  1278  1296 I PhoneLab-LoggerService: Logcat process found 1302
06-08 14:53:25.043  1278  1296 I PhoneLab-LoggerService: Checking Threshold
06-08 14:53:26.090   476   476 D SAN_SERVICE: *******************************************
06-08 14:53:26.090   476   476 D SAN_SERVICE: DM App Phone Service State - 0
06-08 14:53:26.090   476   476 D SAN_SERVICE: *******************************************
06-08 14:53:45.910  1278  1278 I PhoneLab-Locks: wake lock acquired
06-08 14:53:45.933  1278  4241 I PhoneLab-PeriodicCheckService: User info is synched
06-08 14:53:45.933  1278  4241 I PhoneLab-PeriodicCheckService: Logger Service is running
06-08 14:53:45.937  1278  4241 I PhoneLab-Locks: wake lock acquired
06-08 14:53:45.941  1278  1278 I PhoneLab-UploadLogs: Transfering log files now
06-08 14:53:45.941  1278  1278 I PhoneLab-UploadLogs: No log files to transfer
06-08 14:53:45.941  1278  1278 I PhoneLab-Locks: wake lock released
06-08 14:53:45.941  1278  1278 I PhoneLab-UploadLogs: OnStartCommand
06-08 14:53:45.945  1278  4241 I PhoneLab-PeriodicCheckService: Rescheduling periodic checking...
06-08 14:53:45.945  1278  4241 I PhoneLab-Locks: wake lock released
06-08 14:53:59.490  1765  1765 I wpa_supplicant: wlan0: CTRL-EVENT-DISCONNECTED bssid=d0:c2:82:67:3c:a0 reason=0
06-08 14:54:00.483   476   476 D SAN_SERVICE: *******************************************
06-08 14:54:00.483   476   476 D SAN_SERVICE: DM App Phone Service State - 0
06-08 14:54:00.483   476   476 D SAN_SERVICE: *******************************************
06-08 14:54:12.125   151   153 D dalvikvm: GC_CONCURRENT freed 1078K, 13% free 14443K/16455K, paused 11ms+7ms
06-08 14:54:25.011  1765  1765 I wpa_supplicant: wlan0: Trying to associate with 00:13:80:94:5c:20 (SSID='UB_Secure' freq=2412 MHz)
06-08 14:54:25.175  1765  1765 I wpa_supplicant: wlan0: Associated with 00:13:80:94:5c:20
06-08 14:54:25.175  1765  1765 I wpa_supplicant: wlan0: CTRL-EVENT-EAP-STARTED EAP authentication started
06-08 14:54:25.183  1765  1765 I wpa_supplicant: wlan0: CTRL-EVENT-EAP-PROPOSED-METHOD vendor=0 method=4 -> NAK
06-08 14:54:25.191  1765  1765 I wpa_supplicant: wlan0: CTRL-EVENT-EAP-PROPOSED-METHOD vendor=0 method=25
06-08 14:54:25.191  1765  1765 I wpa_supplicant: wlan0: CTRL-EVENT-EAP-METHOD EAP vendor 0 method 25 (PEAP) selected
06-08 14:54:25.207  1765  1765 I wpa_supplicant: EAP-TLV: TLV Result - Success - EAP-TLV/Phase2 Completed
06-08 14:54:27.652   476   476 D SAN_SERVICE: *******************************************
06-08 14:54:27.652   476   476 D SAN_SERVICE: DM App Phone Service State - 0
06-08 14:54:27.652   476   476 D SAN_SERVICE: *******************************************
06-08 14:54:48.011  1765  1765 I wpa_supplicant: wlan0: CTRL-EVENT-DISCONNECTED bssid=00:13:80:94:5c:20 reason=0
06-08 14:56:55.461  1765  1765 I wpa_supplicant: wlan0: Authentication with 00:00:00:00:00:00 timed out.
06-08 14:56:56.011  1765  1765 I wpa_supplicant: wlan0: Trying to associate with 00:1f:9d:da:e6:d0 (SSID='UB_Secure' freq=2412 MHz)
06-08 14:56:56.031  1765  1765 I wpa_supplicant: wlan0: Associated with 00:1f:9d:da:e6:d0
06-08 14:56:56.031  1765  1765 I wpa_supplicant: wlan0: CTRL-EVENT-EAP-STARTED EAP authentication started
06-08 14:56:56.035  1765  1765 I wpa_supplicant: wlan0: CTRL-EVENT-EAP-PROPOSED-METHOD vendor=0 method=4 -> NAK
06-08 14:56:56.039  1765  1765 I wpa_supplicant: wlan0: CTRL-EVENT-EAP-PROPOSED-METHOD vendor=0 method=25
06-08 14:56:56.039  1765  1765 I wpa_supplicant: wlan0: CTRL-EVENT-EAP-METHOD EAP vendor 0 method 25 (PEAP) selected
06-08 14:56:56.047  1765  1765 I wpa_supplicant: EAP-TLV: TLV Result - Success - EAP-TLV/Phase2 Completed
06-08 14:57:01.281   151   505 D AlarmManagerService: Kernel timezone updated to 240 minutes west of GMT
06-08 14:57:01.281   476   476 D SystemClock: Setting time of day to sec=1339181822
06-08 14:57:02.106   476   476 D SAN_SERVICE: *******************************************
06-08 14:57:02.106   476   476 D SAN_SERVICE: DM App Phone Service State - 0
06-08 14:57:02.106   476   476 D SAN_SERVICE: *******************************************
06-08 14:57:02.156  3950  3965 V AlarmClock: AlarmInitReceiver finished
06-08 14:57:02.938   151   151 D AlarmManagerService: Kernel timezone updated to 240 minutes west of GMT
06-08 14:57:33.011  1765  1765 I wpa_supplicant: wlan0: CTRL-EVENT-DISCONNECTED bssid=00:1f:9d:da:e6:d0 reason=0
06-08 14:57:33.902  1278  1296 I PhoneLab-: Service Running
06-08 14:57:33.984  1278  1280 D dalvikvm: GC_CONCURRENT freed 393K, 14% free 9263K/10759K, paused 2ms+2ms
06-08 14:57:33.988  1278  1296 I PhoneLab-LoggerService: app_38    1302  1278  1772   1328  c00f181c 400107b4 S logcat
06-08 14:57:33.992  1278  1296 I PhoneLab-LoggerService: Logcat pid from database 1302
06-08 14:57:33.992  1278  1296 I PhoneLab-LoggerService: Logcat process found 1302
06-08 14:57:33.992  1278  1296 I PhoneLab-LoggerService: Checking Threshold
06-08 14:57:33.992  1278  1296 I PhoneLab-: Service Running
06-08 14:57:35.011  1765  1765 I wpa_supplicant: wlan0: Trying to associate with 00:1d:e5:83:33:90 (SSID='UB_Secure' freq=2462 MHz)
06-08 14:57:35.046  1278  1296 I PhoneLab-LoggerService: app_38    1302  1278  1772   1328  c00f181c 400107b4 S logcat
06-08 14:57:35.046  1278  1296 I PhoneLab-LoggerService: Logcat pid from database 1302
06-08 14:57:35.046  1278  1296 I PhoneLab-LoggerService: Logcat process found 1302
06-08 14:57:35.046  1278  1296 I PhoneLab-LoggerService: Checking Threshold
06-08 14:57:35.129  1765  1765 I wpa_supplicant: wlan0: Associated with 00:1d:e5:83:33:90
06-08 14:57:35.129  1765  1765 I wpa_supplicant: wlan0: CTRL-EVENT-EAP-STARTED EAP authentication started
06-08 14:57:35.136  1765  1765 I wpa_supplicant: wlan0: CTRL-EVENT-EAP-PROPOSED-METHOD vendor=0 method=4 -> NAK
06-08 14:57:35.140  1765  1765 I wpa_supplicant: wlan0: CTRL-EVENT-EAP-PROPOSED-METHOD vendor=0 method=25
06-08 14:57:35.140  1765  1765 I wpa_supplicant: wlan0: CTRL-EVENT-EAP-METHOD EAP vendor 0 method 25 (PEAP) selected
06-08 14:57:35.148  1765  1765 I wpa_supplicant: EAP-TLV: TLV Result - Success - EAP-TLV/Phase2 Completed
06-08 14:58:11.058  1765  1765 I wpa_supplicant: wlan0: CTRL-EVENT-DISCONNECTED bssid=00:1d:e5:83:33:90 reason=0
06-08 14:58:13.011  1765  1765 I wpa_supplicant: wlan0: Trying to associate with 00:1f:6d:b9:fa:c0 (SSID='UB_Secure' freq=2437 MHz)
06-08 14:58:13.132  1765  1765 I wpa_supplicant: wlan0: Associated with 00:1f:6d:b9:fa:c0
06-08 14:58:13.132  1765  1765 I wpa_supplicant: wlan0: CTRL-EVENT-EAP-STARTED EAP authentication started
06-08 14:58:13.136  1765  1765 I wpa_supplicant: wlan0: CTRL-EVENT-EAP-PROPOSED-METHOD vendor=0 method=4 -> NAK
06-08 14:58:13.140  1765  1765 I wpa_supplicant: wlan0: CTRL-EVENT-EAP-PROPOSED-METHOD vendor=0 method=25
06-08 14:58:13.140  1765  1765 I wpa_supplicant: wlan0: CTRL-EVENT-EAP-METHOD EAP vendor 0 method 25 (PEAP) selected
06-08 14:58:13.164  1765  1765 I wpa_supplicant: EAP-TLV: TLV Result - Success - EAP-TLV/Phase2 Completed
06-08 14:58:49.011  1765  1765 I wpa_supplicant: wlan0: CTRL-EVENT-DISCONNECTED bssid=00:1f:6d:b9:fa:c0 reason=0
06-08 14:58:51.011  1765  1765 I wpa_supplicant: wlan0: Trying to associate with 00:1f:9d:da:e6:d0 (SSID='UB_Secure' freq=2412 MHz)
06-08 14:58:51.144  1765  1765 I wpa_supplicant: wlan0: Associated with 00:1f:9d:da:e6:d0
06-08 14:58:51.144  1765  1765 I wpa_supplicant: wlan0: CTRL-EVENT-EAP-STARTED EAP authentication started
06-08 14:58:51.152  1765  1765 I wpa_supplicant: wlan0: CTRL-EVENT-EAP-PROPOSED-METHOD vendor=0 method=4 -> NAK
06-08 14:58:51.164  1765  1765 I wpa_supplicant: wlan0: CTRL-EVENT-EAP-PROPOSED-METHOD vendor=0 method=25
06-08 14:58:51.164  1765  1765 I wpa_supplicant: wlan0: CTRL-EVENT-EAP-METHOD EAP vendor 0 method 25 (PEAP) selected
06-08 14:58:51.203  1765  1765 I wpa_supplicant: EAP-TLV: TLV Result - Success - EAP-TLV/Phase2 Completed
06-08 14:59:28.011  1765  1765 I wpa_supplicant: wlan0: CTRL-EVENT-DISCONNECTED bssid=00:1f:9d:da:e6:d0 reason=0
06-08 14:59:29.514  1765  1765 I wpa_supplicant: wlan0: Trying to associate with 00:1d:e5:83:33:90 (SSID='UB_Secure' freq=2462 MHz)
06-08 14:59:29.627  1765  1765 I wpa_supplicant: wlan0: Associated with 00:1d:e5:83:33:90
06-08 14:59:29.639  1765  1765 I wpa_supplicant: wlan0: CTRL-EVENT-EAP-STARTED EAP authentication started
06-08 14:59:29.646  1765  1765 I wpa_supplicant: wlan0: CTRL-EVENT-EAP-PROPOSED-METHOD vendor=0 method=4 -> NAK
06-08 14:59:29.650  1765  1765 I wpa_supplicant: wlan0: CTRL-EVENT-EAP-PROPOSED-METHOD vendor=0 method=25
06-08 14:59:29.658  1765  1765 I wpa_supplicant: wlan0: CTRL-EVENT-EAP-METHOD EAP vendor 0 method 25 (PEAP) selected
06-08 14:59:29.674  1765  1765 I wpa_supplicant: EAP-TLV: TLV Result - Success - EAP-TLV/Phase2 Completed
06-08 14:59:30.576  1278  1296 I PhoneLab-: Service Running
06-08 14:59:30.642  1278  1296 I PhoneLab-LoggerService: app_38    1302  1278  1772   1328  c00f181c 400107b4 S logcat
06-08 14:59:30.642  1278  1296 I PhoneLab-LoggerService: Logcat pid from database 1302
06-08 14:59:30.642  1278  1296 I PhoneLab-LoggerService: Logcat process found 1302
06-08 14:59:30.642  1278  1296 I PhoneLab-LoggerService: Checking Threshold
06-08 15:00:06.043  1765  1765 I wpa_supplicant: wlan0: CTRL-EVENT-DISCONNECTED bssid=00:1d:e5:83:33:90 reason=0
06-08 15:00:08.015  1765  1765 I wpa_supplicant: wlan0: Trying to associate with 00:1f:6d:b9:fa:c0 (SSID='UB_Secure' freq=2437 MHz)
06-08 15:00:08.152  1765  1765 I wpa_supplicant: wlan0: Associated with 00:1f:6d:b9:fa:c0
06-08 15:00:08.152  1765  1765 I wpa_supplicant: wlan0: CTRL-EVENT-EAP-STARTED EAP authentication started
06-08 15:00:08.160  1765  1765 I wpa_supplicant: wlan0: CTRL-EVENT-EAP-PROPOSED-METHOD vendor=0 method=4 -> NAK
06-08 15:00:08.164  1765  1765 I wpa_supplicant: wlan0: CTRL-EVENT-EAP-PROPOSED-METHOD vendor=0 method=25
06-08 15:00:08.164  1765  1765 I wpa_supplicant: wlan0: CTRL-EVENT-EAP-METHOD EAP vendor 0 method 25 (PEAP) selected
06-08 15:00:08.199  1765  1765 I wpa_supplicant: EAP-TLV: TLV Result - Success - EAP-TLV/Phase2 Completed
06-08 15:00:44.011  1765  1765 I wpa_supplicant: wlan0: CTRL-EVENT-DISCONNECTED bssid=00:1f:6d:b9:fa:c0 reason=0
06-08 15:00:45.347  1765  1765 I wpa_supplicant: wlan0: Trying to associate with 00:1f:9d:da:ec:c0 (SSID='UB_Secure' freq=2412 MHz)
06-08 15:00:45.425    76   114 D NetlinkEvent: Unexpected netlink message. type=0xf
06-08 15:00:50.011  1765  1765 I wpa_supplicant: wlan0: CTRL-EVENT-DISCONNECTED bssid=00:1f:9d:da:ec:c0 reason=0
06-08 15:00:50.652  1765  1765 I wpa_supplicant: wlan0: Trying to associate with 00:1f:6d:b9:b0:30 (SSID='UB_Secure' freq=2437 MHz)
06-08 15:00:50.800  1765  1765 I wpa_supplicant: wlan0: Associated with 00:1f:6d:b9:b0:30
06-08 15:00:50.800  1765  1765 I wpa_supplicant: wlan0: CTRL-EVENT-EAP-STARTED EAP authentication started
06-08 15:00:50.812  1765  1765 I wpa_supplicant: wlan0: CTRL-EVENT-EAP-PROPOSED-METHOD vendor=0 method=4 -> NAK
06-08 15:00:50.820  1765  1765 I wpa_supplicant: wlan0: CTRL-EVENT-EAP-PROPOSED-METHOD vendor=0 method=25
06-08 15:00:50.820  1765  1765 I wpa_supplicant: wlan0: CTRL-EVENT-EAP-METHOD EAP vendor 0 method 25 (PEAP) selected
06-08 15:00:50.828  1765  1765 I wpa_supplicant: EAP-TLV: TLV Result - Success - EAP-TLV/Phase2 Completed
06-08 15:00:50.867    76   114 D NetlinkEvent: Unexpected netlink message. type=0x30
06-08 15:01:18.050  1765  1765 I wpa_supplicant: wlan0: CTRL-EVENT-DISCONNECTED bssid=00:1f:6d:b9:b0:30 reason=0
06-08 15:01:18.660  1765  1765 I wpa_supplicant: wlan0: Trying to associate with 00:21:56:ce:40:90 (SSID='UB_Secure' freq=2462 MHz)
06-08 15:01:18.871  1765  1765 I wpa_supplicant: wlan0: Associated with 00:21:56:ce:40:90
06-08 15:01:18.871  1765  1765 I wpa_supplicant: wlan0: CTRL-EVENT-EAP-STARTED EAP authentication started
06-08 15:01:18.879  1765  1765 I wpa_supplicant: wlan0: CTRL-EVENT-EAP-PROPOSED-METHOD vendor=0 method=4 -> NAK
06-08 15:01:18.890  1765  1765 I wpa_supplicant: wlan0: CTRL-EVENT-EAP-PROPOSED-METHOD vendor=0 method=25
06-08 15:01:18.890  1765  1765 I wpa_supplicant: wlan0: CTRL-EVENT-EAP-METHOD EAP vendor 0 method 25 (PEAP) selected
06-08 15:01:18.890    76   114 D NetlinkEvent: Unexpected netlink message. type=0x30
06-08 15:01:18.910  1765  1765 I wpa_supplicant: EAP-TLV: TLV Result - Success - EAP-TLV/Phase2 Completed
06-08 15:02:27.011  1765  1765 I wpa_supplicant: wlan0: CTRL-EVENT-DISCONNECTED bssid=00:21:56:ce:40:90 reason=0
06-08 15:02:27.566  1278  1296 I PhoneLab-: Service Running
06-08 15:02:27.617  1765  1765 I wpa_supplicant: wlan0: Trying to associate with e8:40:40:ac:1e:00 (SSID='UB_Secure' freq=2462 MHz)
06-08 15:02:27.656  1278  1296 I PhoneLab-LoggerService: app_38    1302  1278  1772   1328  c00f181c 400107b4 S logcat
06-08 15:02:27.656  1278  1296 I PhoneLab-LoggerService: Logcat pid from database 1302
06-08 15:02:27.656  1278  1296 I PhoneLab-LoggerService: Logcat process found 1302
06-08 15:02:27.656  1278  1296 I PhoneLab-LoggerService: Checking Threshold
06-08 15:02:27.656  1278  1296 I PhoneLab-: Service Running
06-08 15:02:27.683  1278  1296 I PhoneLab-LoggerService: app_38    1302  1278  1772   1328  c00f181c 400107b4 S logcat
06-08 15:02:27.683  1278  1296 I PhoneLab-LoggerService: Logcat pid from database 1302
06-08 15:02:27.683  1278  1296 I PhoneLab-LoggerService: Logcat process found 1302
06-08 15:02:27.683  1278  1296 I PhoneLab-LoggerService: Checking Threshold
06-08 15:02:27.687    76   114 D NetlinkEvent: Unexpected netlink message. type=0xf
06-08 15:04:24.050  1765  1765 I wpa_supplicant: wlan0: Authentication with e8:40:40:ac:1e:00 timed out.
06-08 15:04:55.281   476   479 D dalvikvm: GC_CONCURRENT freed 385K, 7% free 9512K/10119K, paused 2ms+3ms
06-08 15:04:55.722   476   476 D SAN_SERVICE: *******************************************
06-08 15:04:55.722   476   476 D SAN_SERVICE: DM App Phone Service State - 0
06-08 15:04:55.722   476   476 D SAN_SERVICE: *******************************************
06-08 15:04:56.875   151   153 D dalvikvm: GC_CONCURRENT freed 1253K, 12% free 14510K/16455K, paused 18ms+7ms
06-08 15:05:15.593   476   476 D SAN_SERVICE: *******************************************
06-08 15:05:15.593   476   476 D SAN_SERVICE: DM App Phone Service State - 0
06-08 15:05:15.593   476   476 D SAN_SERVICE: *******************************************
06-08 15:05:15.929  1765  1765 I wpa_supplicant: wlan0: Trying to associate with d0:c2:82:2d:e4:b0 (SSID='UB_Secure' freq=2412 MHz)
06-08 15:05:16.129  1765  1765 I wpa_supplicant: wlan0: Associated with d0:c2:82:2d:e4:b0
06-08 15:05:16.129  1765  1765 I wpa_supplicant: wlan0: CTRL-EVENT-EAP-STARTED EAP authentication started
06-08 15:05:16.140  1765  1765 I wpa_supplicant: wlan0: CTRL-EVENT-EAP-PROPOSED-METHOD vendor=0 method=4 -> NAK
06-08 15:05:16.144  1765  1765 I wpa_supplicant: wlan0: CTRL-EVENT-EAP-PROPOSED-METHOD vendor=0 method=25
06-08 15:05:16.144  1765  1765 I wpa_supplicant: wlan0: CTRL-EVENT-EAP-METHOD EAP vendor 0 method 25 (PEAP) selected
06-08 15:05:16.152  1765  1765 I wpa_supplicant: EAP-TLV: TLV Result - Success - EAP-TLV/Phase2 Completed
06-08 15:05:16.156    76   114 D NetlinkEvent: Unexpected netlink message. type=0x30
06-08 15:06:00.300   151   469 D AlarmManagerService: Kernel timezone updated to 240 minutes west of GMT
06-08 15:06:00.328   476   476 D SAN_SERVICE: *******************************************
06-08 15:06:00.328   476   476 D SAN_SERVICE: DM App Phone Service State - 0
06-08 15:06:00.328   476   476 D SAN_SERVICE: *******************************************
06-08 15:06:06.019  1765  1765 I wpa_supplicant: wlan0: CTRL-EVENT-DISCONNECTED bssid=d0:c2:82:2d:e4:b0 reason=0
06-08 15:06:38.277   151   162 D AlarmManagerService: Kernel timezone updated to 240 minutes west of GMT
06-08 15:06:38.683  1765  1765 I wpa_supplicant: wlan0: Authentication with 00:00:00:00:00:00 timed out.
06-08 15:08:49.340   476   476 D SAN_SERVICE: *******************************************
06-08 15:08:49.340   476   476 D SAN_SERVICE: DM App Phone Service State - 0
06-08 15:08:49.340   476   476 D SAN_SERVICE: *******************************************
06-08 15:09:00.070   476   476 D SAN_SERVICE: *******************************************
06-08 15:09:00.070   476   476 D SAN_SERVICE: DM App Phone Service State - 0
06-08 15:09:00.070   476   476 D SAN_SERVICE: *******************************************
06-08 15:09:00.859   151   503 D AlarmManagerService: Kernel timezone updated to 240 minutes west of GMT
06-08 15:09:00.875   476   476 D SystemClock: Setting time of day to sec=1339182540
06-08 15:09:00.135  3950  3965 V AlarmClock: AlarmInitReceiver finished
06-08 15:09:01.045   151   917 D AlarmManagerService: Kernel timezone updated to 240 minutes west of GMT
06-08 15:09:02.385   476   476 D SAN_SERVICE: *******************************************
06-08 15:09:02.389   476   476 D SAN_SERVICE: DM App Phone Service State - 0
06-08 15:09:02.389   476   476 D SAN_SERVICE: *******************************************
06-08 15:09:05.684  1765  1765 I wpa_supplicant: wlan0: Trying to associate with d0:c2:82:84:8d:50 (SSID='UB_Secure' freq=2462 MHz)
06-08 15:09:05.895   718   720 D dalvikvm: GC_CONCURRENT freed 316K, 9% free 10592K/11591K, paused 2ms+4ms
06-08 15:09:23.171  1765  1765 I wpa_supplicant: wlan0: Authentication with d0:c2:82:84:8d:50 timed out.
06-08 15:09:23.187   151   162 D AlarmManagerService: Kernel timezone updated to 240 minutes west of GMT
06-08 15:09:25.011  1765  1765 I wpa_supplicant: wlan0: Trying to associate with d0:c2:82:84:8d:50 (SSID='UB_Secure' freq=2462 MHz)
06-08 15:09:25.050  1765  1765 I wpa_supplicant: wlan0: Associated with d0:c2:82:84:8d:50
06-08 15:09:25.050  1765  1765 I wpa_supplicant: wlan0: CTRL-EVENT-EAP-STARTED EAP authentication started
06-08 15:09:25.058  1765  1765 I wpa_supplicant: wlan0: CTRL-EVENT-EAP-PROPOSED-METHOD vendor=0 method=4 -> NAK
06-08 15:09:25.062  1765  1765 I wpa_supplicant: wlan0: CTRL-EVENT-EAP-PROPOSED-METHOD vendor=0 method=25
06-08 15:09:25.062  1765  1765 I wpa_supplicant: wlan0: CTRL-EVENT-EAP-METHOD EAP vendor 0 method 25 (PEAP) selected
06-08 15:09:25.070  1765  1765 I wpa_supplicant: EAP-TLV: TLV Result - Success - EAP-TLV/Phase2 Completed
06-08 15:10:20.011  1765  1765 I wpa_supplicant: wlan0: CTRL-EVENT-DISCONNECTED bssid=d0:c2:82:84:8d:50 reason=0
06-08 15:10:22.011  1765  1765 I wpa_supplicant: wlan0: Trying to associate with d0:c2:82:66:6b:f0 (SSID='UB_Secure' freq=2462 MHz)
06-08 15:10:22.082    76   114 D NetlinkEvent: Unexpected netlink message. type=0xf
06-08 15:10:23.363   151   151 D AlarmManagerService: Kernel timezone updated to 240 minutes west of GMT
06-08 15:10:26.011  1765  1765 I wpa_supplicant: wlan0: CTRL-EVENT-DISCONNECTED bssid=d0:c2:82:66:6b:f0 reason=0
06-08 15:10:26.621  1765  1765 I wpa_supplicant: wlan0: Trying to associate with d0:c2:82:2d:e4:b0 (SSID='UB_Secure' freq=2412 MHz)
06-08 15:14:23.136  1765  1765 I wpa_supplicant: wlan0: Authentication with d0:c2:82:2d:e4:b0 timed out.
06-08 15:14:25.105   388   390 D dalvikvm: GC_CONCURRENT freed 394K, 10% free 9886K/10887K, paused 2ms+3ms
06-08 15:14:25.168   388   390 D dalvikvm: GC_CONCURRENT freed 493K, 10% free 9799K/10887K, paused 2ms+2ms
06-08 15:19:23.121   151   153 D dalvikvm: JIT code cache reset in 4 ms (1048500 bytes 3/0)
06-08 15:19:23.140   151   153 D dalvikvm: GC_CONCURRENT freed 1377K, 13% free 14431K/16455K, paused 3ms+11ms
06-08 15:19:26.070   151   151 D AlarmManagerService: Kernel timezone updated to 240 minutes west of GMT
06-08 15:19:26.074   476   476 D SystemClock: Setting time of day to sec=1339183167
06-08 15:19:27.091  3950  3965 V AlarmClock: AlarmInitReceiver finished
06-08 15:21:46.113   718  1312 I EventLogService: Aggregate from 1339181506025 (log), 1339181506025 (data)
06-08 15:22:00.492   151   162 D AlarmManagerService: Kernel timezone updated to 240 minutes west of GMT
06-08 15:22:07.070  1765  1765 I wpa_supplicant: wlan0: Trying to associate with d0:c2:82:84:8d:50 (SSID='UB_Secure' freq=2462 MHz)
06-08 15:22:07.230  1765  1765 I wpa_supplicant: wlan0: Associated with d0:c2:82:84:8d:50
06-08 15:22:07.246  1765  1765 I wpa_supplicant: wlan0: CTRL-EVENT-EAP-STARTED EAP authentication started
06-08 15:22:07.250  1765  1765 I wpa_supplicant: wlan0: CTRL-EVENT-EAP-PROPOSED-METHOD vendor=0 method=4 -> NAK
06-08 15:22:07.257  1765  1765 I wpa_supplicant: wlan0: CTRL-EVENT-EAP-PROPOSED-METHOD vendor=0 method=25
06-08 15:22:07.257  1765  1765 I wpa_supplicant: wlan0: CTRL-EVENT-EAP-METHOD EAP vendor 0 method 25 (PEAP) selected
06-08 15:22:07.265  1765  1765 I wpa_supplicant: EAP-TLV: TLV Result - Success - EAP-TLV/Phase2 Completed
06-08 15:22:43.015  1765  1765 I wpa_supplicant: wlan0: CTRL-EVENT-DISCONNECTED bssid=d0:c2:82:84:8d:50 reason=0
06-08 15:22:45.011  1765  1765 I wpa_supplicant: wlan0: Trying to associate with d0:c2:82:2d:e4:b0 (SSID='UB_Secure' freq=2412 MHz)
06-08 15:22:45.082    76   114 D NetlinkEvent: Unexpected netlink message. type=0xf
06-08 15:22:49.011  1765  1765 I wpa_supplicant: wlan0: CTRL-EVENT-DISCONNECTED bssid=d0:c2:82:2d:e4:b0 reason=0
06-08 15:22:49.617  1765  1765 I wpa_supplicant: wlan0: Trying to associate with d0:c2:82:66:6b:f0 (SSID='UB_Secure' freq=2462 MHz)
06-08 15:22:49.773  1765  1765 I wpa_supplicant: wlan0: Associated with d0:c2:82:66:6b:f0
06-08 15:22:52.011    76   114 D NetlinkEvent: Unexpected netlink message. type=0x30
06-08 15:22:52.668  1765  1765 I wpa_supplicant: wlan0: CTRL-EVENT-EAP-STARTED EAP authentication started
06-08 15:22:54.015  1765  1765 I wpa_supplicant: wlan0: CTRL-EVENT-EAP-PROPOSED-METHOD vendor=0 method=4 -> NAK
06-08 15:23:26.011  1765  1765 I wpa_supplicant: wlan0: CTRL-EVENT-EAP-PROPOSED-METHOD vendor=0 method=25
06-08 15:23:26.011  1765  1765 I wpa_supplicant: wlan0: CTRL-EVENT-EAP-METHOD EAP vendor 0 method 25 (PEAP) selected
06-08 15:23:26.047  1765  1765 I wpa_supplicant: EAP-TLV: TLV Result - Success - EAP-TLV/Phase2 Completed
06-08 15:23:26.937   151   151 D AlarmManagerService: Kernel timezone updated to 240 minutes west of GMT
06-08 15:23:32.011  1765  1765 I wpa_supplicant: wlan0: CTRL-EVENT-DISCONNECTED bssid=d0:c2:82:66:6b:f0 reason=0
06-08 15:23:32.011    76   114 D NetlinkEvent: Unexpected netlink message. type=0x30
06-08 15:23:34.906  1278  1296 I PhoneLab-: Service Running
06-08 15:23:34.988  1278  1296 I PhoneLab-LoggerService: app_38    1302  1278  1772   1328  c00f181c 400107b4 S logcat
06-08 15:23:34.988  1278  1296 I PhoneLab-LoggerService: Logcat pid from database 1302
06-08 15:23:34.988  1278  1296 I PhoneLab-LoggerService: Logcat process found 1302
06-08 15:23:34.988  1278  1296 I PhoneLab-LoggerService: Checking Threshold
06-08 15:23:34.988  1278  1296 I PhoneLab-: Service Running
06-08 15:23:35.019  1278  1296 I PhoneLab-LoggerService: app_38    1302  1278  1772   1328  c00f181c 400107b4 S logcat
06-08 15:23:35.023  1278  1296 I PhoneLab-LoggerService: Logcat pid from database 1302
06-08 15:23:35.023  1278  1296 I PhoneLab-LoggerService: Logcat process found 1302
06-08 15:23:35.023  1278  1296 I PhoneLab-LoggerService: Checking Threshold
06-08 15:23:35.023  1278  1296 I PhoneLab-: Service Running
06-08 15:23:38.031  1278  1296 I PhoneLab-LoggerService: app_38    1302  1278  1772   1328  c00f181c 400107b4 S logcat
06-08 15:23:38.031  1278  1296 I PhoneLab-LoggerService: Logcat pid from database 1302
06-08 15:23:38.031  1278  1296 I PhoneLab-LoggerService: Logcat process found 1302
06-08 15:23:38.031  1278  1296 I PhoneLab-LoggerService: Checking Threshold
06-08 15:23:38.031  1278  1296 I PhoneLab-: Service Running
06-08 15:23:38.078  1278  1280 D dalvikvm: GC_CONCURRENT freed 398K, 14% free 9263K/10759K, paused 1ms+6ms
06-08 15:23:38.082  1278  1296 I PhoneLab-LoggerService: app_38    1302  1278  1772   1328  c00f181c 400107b4 S logcat
06-08 15:23:38.082  1278  1296 I PhoneLab-LoggerService: Logcat pid from database 1302
06-08 15:23:38.086  1278  1296 I PhoneLab-LoggerService: Logcat process found 1302
06-08 15:23:38.086  1278  1296 I PhoneLab-LoggerService: Checking Threshold
06-08 15:23:38.086  1278  1296 I PhoneLab-: Service Running
06-08 15:23:38.117  1278  1296 I PhoneLab-LoggerService: app_38    1302  1278  1772   1328  c00f181c 400107b4 S logcat
06-08 15:23:38.117  1278  1296 I PhoneLab-LoggerService: Logcat pid from database 1302
06-08 15:23:38.117  1278  1296 I PhoneLab-LoggerService: Logcat process found 1302
06-08 15:23:38.117  1278  1296 I PhoneLab-LoggerService: Checking Threshold
06-08 15:23:38.117  1278  1296 I PhoneLab-: Service Running
06-08 15:23:38.144  1278  1296 I PhoneLab-LoggerService: app_38    1302  1278  1772   1328  c00f181c 400107b4 S logcat
06-08 15:23:38.144  1278  1296 I PhoneLab-LoggerService: Logcat pid from database 1302
06-08 15:23:38.144  1278  1296 I PhoneLab-LoggerService: Logcat process found 1302
06-08 15:23:38.144  1278  1296 I PhoneLab-LoggerService: Checking Threshold
06-08 15:23:38.144  1278  1296 I PhoneLab-: Service Running
06-08 15:23:38.172  1278  1296 I PhoneLab-LoggerService: app_38    1302  1278  1772   1328  c00f181c 400107b4 S logcat
06-08 15:23:38.172  1278  1296 I PhoneLab-LoggerService: Logcat pid from database 1302
06-08 15:23:38.172  1278  1296 I PhoneLab-LoggerService: Logcat process found 1302
06-08 15:23:38.172  1278  1296 I PhoneLab-LoggerService: Checking Threshold
06-08 15:23:38.172  1278  1296 I PhoneLab-: Service Running
06-08 15:23:38.199  1278  1296 I PhoneLab-LoggerService: app_38    1302  1278  1772   1328  c00f181c 400107b4 S logcat
06-08 15:23:38.199  1278  1296 I PhoneLab-LoggerService: Logcat pid from database 1302
06-08 15:23:38.199  1278  1296 I PhoneLab-LoggerService: Logcat process found 1302
06-08 15:23:38.199  1278  1296 I PhoneLab-LoggerService: Checking Threshold
06-08 15:23:38.199  1278  1296 I PhoneLab-: Service Running
06-08 15:23:38.226  1278  1296 I PhoneLab-LoggerService: app_38    1302  1278  1772   1328  c00f181c 400107b4 S logcat
06-08 15:23:38.226  1278  1296 I PhoneLab-LoggerService: Logcat pid from database 1302
06-08 15:23:38.226  1278  1296 I PhoneLab-LoggerService: Logcat process found 1302
06-08 15:23:38.226  1278  1296 I PhoneLab-LoggerService: Checking Threshold
06-08 15:23:38.226  1278  1296 I PhoneLab-: Service Running
06-08 15:23:38.254  1278  1296 I PhoneLab-LoggerService: app_38    1302  1278  1772   1328  c00f181c 400107b4 S logcat
06-08 15:23:38.254  1278  1296 I PhoneLab-LoggerService: Logcat pid from database 1302
06-08 15:23:38.254  1278  1296 I PhoneLab-LoggerService: Logcat process found 1302
06-08 15:23:38.254  1278  1296 I PhoneLab-LoggerService: Checking Threshold
06-08 15:23:38.597   476   476 D SAN_SERVICE: *******************************************
06-08 15:23:38.597   476   476 D SAN_SERVICE: DM App Phone Service State - 0
06-08 15:23:38.597   476   476 D SAN_SERVICE: *******************************************
06-08 15:23:38.863   476   476 D SAN_SERVICE: *******************************************
06-08 15:23:38.863   476   476 D SAN_SERVICE: DM App Phone Service State - 0
06-08 15:23:38.863   476   476 D SAN_SERVICE: *******************************************
06-08 15:23:46.906  1278  1278 I PhoneLab-Locks: wake lock acquired
06-08 15:23:46.933  1278  4266 I PhoneLab-PeriodicCheckService: User info is synched
06-08 15:23:46.941  1278  4266 I PhoneLab-PeriodicCheckService: Logger Service is running
06-08 15:23:46.945   476   479 D dalvikvm: GC_CONCURRENT freed 386K, 7% free 9511K/10119K, paused 2ms+4ms
06-08 15:23:46.957  1278  1278 I PhoneLab-Locks: wake lock acquired
06-08 15:23:46.961  1278  1278 I PhoneLab-StatusMonitor: Status Monitoring is started
06-08 15:23:46.968  1278  4266 I PhoneLab-Locks: wake lock acquired
06-08 15:23:46.968  1278  1278 E PhoneLab-PhoneLabManifest: java.io.FileNotFoundException: /data/data/edu.buffalo.cse.phonelab.phonelabservices/files/manifest.xml: open failed: ENOENT (No such file or directory)
06-08 15:23:46.968  1278  1278 I PhoneLab-Locks: wake lock released
06-08 15:23:46.972  1278  1278 I PhoneLab-UploadLogs: Transfering log files now
06-08 15:23:46.972  1278  1278 I PhoneLab-UploadLogs: No log files to transfer
06-08 15:23:46.972  1278  1278 I PhoneLab-Locks: wake lock released
06-08 15:23:46.976  1278  1278 I PhoneLab-UploadLogs: OnStartCommand
06-08 15:23:46.976  1278  4266 I PhoneLab-PeriodicCheckService: Rescheduling periodic checking...
06-08 15:23:46.980  1278  4266 I PhoneLab-Locks: wake lock released
06-08 15:24:24.152  1765  1765 I wpa_supplicant: wlan0: Authentication with 00:00:00:00:00:00 timed out.
06-08 15:24:24.160   151   151 D AlarmManagerService: Kernel timezone updated to 240 minutes west of GMT
06-08 15:24:25.191  1765  1765 E wpa_supplicant: ioctl[SIOCSIWPRIV] (cscan): -1
06-08 15:24:25.191  1765  1765 W wpa_supplicant: wlan0: Failed to initiate AP scan
06-08 15:24:26.011  1765  1765 I wpa_supplicant: wlan0: Trying to associate with d0:c2:82:84:8d:50 (SSID='UB_Secure' freq=2462 MHz)
06-08 15:24:26.093  1765  1765 I wpa_supplicant: wlan0: Associated with d0:c2:82:84:8d:50
06-08 15:24:26.093  1765  1765 I wpa_supplicant: wlan0: CTRL-EVENT-EAP-STARTED EAP authentication started
06-08 15:24:26.097  1765  1765 I wpa_supplicant: wlan0: CTRL-EVENT-EAP-PROPOSED-METHOD vendor=0 method=4 -> NAK
06-08 15:24:26.101   388   390 D dalvikvm: GC_CONCURRENT freed 513K, 11% free 9702K/10887K, paused 2ms+8ms
06-08 15:24:26.117  1765  1765 I wpa_supplicant: wlan0: CTRL-EVENT-EAP-PROPOSED-METHOD vendor=0 method=25
06-08 15:24:26.117  1765  1765 I wpa_supplicant: wlan0: CTRL-EVENT-EAP-METHOD EAP vendor 0 method 25 (PEAP) selected
06-08 15:24:26.125    76   114 D NetlinkEvent: Unexpected netlink message. type=0x30
06-08 15:24:26.156  1765  1765 I wpa_supplicant: EAP-TLV: TLV Result - Success - EAP-TLV/Phase2 Completed
06-08 15:24:26.214   388   390 D dalvikvm: GC_CONCURRENT freed 195K, 9% free 9923K/10887K, paused 2ms+2ms
06-08 15:24:26.382   388   390 D dalvikvm: GC_CONCURRENT freed 546K, 11% free 9783K/10887K, paused 3ms+5ms
06-08 15:24:35.535  1278  1296 I PhoneLab-: Service Running
06-08 15:24:35.644  1278  1280 D dalvikvm: GC_CONCURRENT freed 412K, 14% free 9262K/10759K, paused 1ms+6ms
06-08 15:24:35.652  1278  1296 I PhoneLab-LoggerService: app_38    1302  1278  1772   1328  c00f181c 400107b4 S logcat
06-08 15:24:35.652  1278  1296 I PhoneLab-LoggerService: Logcat pid from database 1302
06-08 15:24:35.652  1278  1296 I PhoneLab-LoggerService: Logcat process found 1302
06-08 15:24:35.652  1278  1296 I PhoneLab-LoggerService: Checking Threshold
06-08 15:25:02.058  1765  1765 I wpa_supplicant: wlan0: CTRL-EVENT-DISCONNECTED bssid=d0:c2:82:84:8d:50 reason=0
06-08 15:25:02.058    76   114 D NetlinkEvent: Unexpected netlink message. type=0x30
06-08 15:27:00.304   476   476 D SAN_SERVICE: *******************************************
06-08 15:27:00.304   476   476 D SAN_SERVICE: DM App Phone Service State - 0
06-08 15:27:00.304   476   476 D SAN_SERVICE: *******************************************
06-08 15:27:01.054  1765  1765 I wpa_supplicant: wlan0: Authentication with 00:00:00:00:00:00 timed out.
06-08 15:27:05.058   476   476 D SAN_SERVICE: *******************************************
06-08 15:27:05.058   476   476 D SAN_SERVICE: DM App Phone Service State - 0
06-08 15:27:05.058   476   476 D SAN_SERVICE: *******************************************
06-08 15:27:07.925   151   151 D AlarmManagerService: Kernel timezone updated to 240 minutes west of GMT
06-08 15:28:31.007  1765  1765 I wpa_supplicant: wlan0: Trying to associate with d0:c2:82:84:8d:50 (SSID='UB_Secure' freq=2462 MHz)
06-08 15:28:31.062   151   162 D AlarmManagerService: Kernel timezone updated to 240 minutes west of GMT
06-08 15:28:31.062  1765  1765 I wpa_supplicant: wlan0: Associated with d0:c2:82:84:8d:50
06-08 15:28:31.066  1765  1765 I wpa_supplicant: wlan0: CTRL-EVENT-EAP-STARTED EAP authentication started
06-08 15:28:31.070  1765  1765 I wpa_supplicant: wlan0: CTRL-EVENT-EAP-PROPOSED-METHOD vendor=0 method=4 -> NAK
06-08 15:28:31.074  1765  1765 I wpa_supplicant: wlan0: CTRL-EVENT-EAP-PROPOSED-METHOD vendor=0 method=25
06-08 15:28:31.074  1765  1765 I wpa_supplicant: wlan0: CTRL-EVENT-EAP-METHOD EAP vendor 0 method 25 (PEAP) selected
06-08 15:28:31.136    76   114 D NetlinkEvent: Unexpected netlink message. type=0x30
06-08 15:28:31.144  1765  1765 I wpa_supplicant: wlan0: CTRL-EVENT-EAP-PEER-CERT depth=2 subject='/C=US/O=Entrust.net/OU=www.entrust.net/CPS incorp. by ref. (limits liab.)/OU=(c) 1999 Entrust.net Limited/CN=Entrust.net Secure Server Certification Authority'
06-08 15:28:31.148  1765  1765 I wpa_supplicant: wlan0: CTRL-EVENT-EAP-PEER-CERT depth=2 subject='/C=US/O=Entrust.net/OU=www.entrust.net/CPS incorp. by ref. (limits liab.)/OU=(c) 1999 Entrust.net Limited/CN=Entrust.net Secure Server Certification Authority'
06-08 15:28:31.152  1765  1765 I wpa_supplicant: wlan0: CTRL-EVENT-EAP-PEER-CERT depth=1 subject='/C=US/ST=UT/L=Salt Lake City/O=The USERTRUST Network/CN=USERTrust Legacy Secure Server CA'
06-08 15:28:31.160  1765  1765 I wpa_supplicant: wlan0: CTRL-EVENT-EAP-PEER-CERT depth=0 subject='/C=US/postalCode=14260/ST=New York/L=Buffalo/street=305 Computing Center/O=SUNY AT BUFFALO/OU=Issued through UNIVERSITY AT BUFFALO E-PKI Manager/OU=Comodo PremiumSSL Legacy/CN=radius1.cit.buffalo.edu'
06-08 15:28:31.332  1765  1765 I wpa_supplicant: EAP-MSCHAPV2: Authentication succeeded
06-08 15:28:31.339  1765  1765 I wpa_supplicant: EAP-TLV: TLV Result - Success - EAP-TLV/Phase2 Completed
06-08 15:28:31.343  1765  1765 I wpa_supplicant: wlan0: CTRL-EVENT-EAP-SUCCESS EAP authentication completed successfully
06-08 15:28:31.418    76   114 D NetlinkEvent: Unexpected netlink message. type=0xf
06-08 15:28:31.429  1765  1765 I wpa_supplicant: wlan0: WPA: Key negotiation completed with d0:c2:82:84:8d:50 [PTK=CCMP GTK=TKIP]
06-08 15:28:31.429  1765  1765 I wpa_supplicant: wlan0: CTRL-EVENT-CONNECTED - Connection to d0:c2:82:84:8d:50 completed (reauth) [id=0 id_str=]
06-08 15:29:01.250   151   313 D ConnectivityService: ConnectivityChange for WIFI: CONNECTED/CONNECTED
06-08 15:29:01.250   151   313 D ConnectivityService: Policy requires mobile teardown
06-08 15:29:01.308  1278  1278 I PhoneLab-WiFiReceiver: Wi-Fi is connected!
06-08 15:29:01.308  1278  1278 I PhoneLab-WiFiReceiver: SSID: UB_Secure BSSID: d0:c2:82:84:8d:50 RSSI: -200 LinkSpeed: -1
06-08 15:29:01.308  1278  1278 I PhoneLab-Locks: wake lock acquired
06-08 15:29:01.379   151   313 D ConnectivityService: ConnectivityChange for mobile: DISCONNECTED/DISCONNECTED
06-08 15:29:01.379   151   313 D ConnectivityService: Attempting to switch to WIFI
06-08 15:29:01.379   151   313 D ConnectivityService: Attempting to switch to WIMAX
06-08 15:29:01.379   151   313 D ConnectivityService: Attempting to switch to BLUETOOTH_TETHER
06-08 15:29:01.398   151   313 D NetUtils: android_net_utils_resetConnections in env=0x2e4eb0 clazz=0x85900001 iface=rmnet0 mask=0x3
06-08 15:29:01.398   151   313 D ConnectivityService: resetConnections(rmnet0, 3)
06-08 15:29:01.402  1278  1278 I PhoneLab-UploadLogs: Transfering log files now
06-08 15:29:01.402  1278  1278 I PhoneLab-UploadLogs: No log files to transfer
06-08 15:29:01.402  1278  1278 I PhoneLab-Locks: wake lock released
06-08 15:29:01.402  1278  1278 I PhoneLab-UploadLogs: OnStartCommand
06-08 15:29:01.406   151   307 W NetworkStats: dropping UID delta from unknown iface: iface=wlan0 uid=0 set=DEFAULT tag=0x0 rxBytes=0 rxPackets=0 txBytes=328 txPackets=5 operations=0
06-08 15:29:01.465   388   390 D dalvikvm: GC_CONCURRENT freed 409K, 10% free 9869K/10887K, paused 2ms+5ms
06-08 15:29:01.535   151   153 D dalvikvm: GC_CONCURRENT freed 1290K, 12% free 14496K/16455K, paused 3ms+17ms
06-08 15:29:01.597   718  4217 W Smack/Packet: notify conn break (IOEx), close connection
06-08 15:29:01.754   718  4217 I qtaguid : Failed write_ctrl(u 67) res=-1 errno=22
06-08 15:29:01.754   718  4217 I qtaguid : Untagging socket 67 failed errno=-22
06-08 15:29:01.754   718  4217 W NetworkManagementSocketTagger: untagSocket(67) failed with errno -22
06-08 15:29:01.769   151   313 D ConnectivityService: handleInetConditionChange: net=0 != default=1 - ignore
06-08 15:29:04.398   151   316 D Tethering: MasterInitialState.processMessage what=3
06-08 15:29:04.449   151   316 D Tethering: MasterInitialState.processMessage what=3
06-08 15:29:04.453   151   316 D Tethering: MasterInitialState.processMessage what=3
06-08 15:29:04.484   718   718 I GTalkService/c: [AndroidEndpoint@1095436744] connect: acct=1000000, state=CONNECTING
06-08 15:29:04.511   452   454 D dalvikvm: GC_CONCURRENT freed 949K, 18% free 9922K/11975K, paused 2ms+14ms
06-08 15:29:04.523  4154  4154 I MediaUploader: No need to wake up
06-08 15:29:04.562  4154  4154 I MediaUploader: No need to wake up
06-08 15:29:04.582  1119  1133 D PicasaSyncManager: active network: NetworkInfo: type: WIFI[], state: CONNECTED/CONNECTED, reason: (unspecified), extra: (none), roaming: false, failover: false, isAvailable: true
06-08 15:29:04.582  1119  1133 D PicasaSyncManager: background data: true
06-08 15:29:04.675  1119  1133 D PicasaSyncManager: active network: NetworkInfo: type: WIFI[], state: CONNECTED/CONNECTED, reason: (unspecified), extra: (none), roaming: false, failover: false, isAvailable: true
06-08 15:29:04.675   151   471 D dalvikvm: GC_EXPLICIT freed 598K, 13% free 14341K/16455K, paused 12ms+5ms
06-08 15:29:04.691  1119  1133 D PicasaSyncManager: background data: true
06-08 15:29:04.742  4154  4154 I MediaUploader: No need to wake up
06-08 15:29:04.757   718   720 D dalvikvm: GC_CONCURRENT freed 472K, 10% free 10546K/11591K, paused 8ms+4ms
06-08 15:29:05.769   476   476 D SAN_SERVICE: *******************************************
06-08 15:29:05.769   476   476 D SAN_SERVICE: DM App Phone Service State - 0
06-08 15:29:05.769   476   476 D SAN_SERVICE: *******************************************
06-08 15:29:06.382   476   476 D SAN_SERVICE: *******************************************
06-08 15:29:06.382   476   476 D SAN_SERVICE: DM App Phone Service State - 0
06-08 15:29:06.382   476   476 D SAN_SERVICE: *******************************************
06-08 15:29:07.359   151   313 D ConnectivityService: handleInetConditionHoldEnd: net=1, condition=100, published condition=0
06-08 15:29:08.472   151   151 D AlarmManagerService: Kernel timezone updated to 240 minutes west of GMT
06-08 15:29:09.468   151   151 D AlarmManagerService: Kernel timezone updated to 240 minutes west of GMT
06-08 15:29:23.980   476   476 D SAN_SERVICE: *******************************************
06-08 15:29:23.980   476   476 D SAN_SERVICE: DM App Phone Service State - 0
06-08 15:29:23.980   476   476 D SAN_SERVICE: *******************************************
06-08 15:29:38.273   151   471 D AlarmManagerService: Kernel timezone updated to 240 minutes west of GMT
06-08 15:29:38.067  3950  3965 V AlarmClock: AlarmInitReceiver finished
06-08 15:29:38.106   476   476 D SAN_SERVICE: *******************************************
06-08 15:29:38.106   476   476 D SAN_SERVICE: DM App Phone Service State - 0
06-08 15:29:38.106   476   476 D SAN_SERVICE: *******************************************
06-08 15:29:38.273   476   476 D SystemClock: Setting time of day to sec=1339183778
06-08 15:31:47.101   151   167 I power   : *** set_screen_state 1
06-08 15:31:47.113  1278  1278 I PhoneLab-PowerOnReceiver: Power is plugged in!
06-08 15:31:47.113  1278  1278 I PhoneLab-PowerOnReceiver: Rescheduling periodic checking...
06-08 15:31:47.140   151   201 I WindowManager: Lock screen displayed!
06-08 15:31:47.144   388   388 W PowerUI : unknown intent: Intent { act=android.intent.action.ACTION_POWER_CONNECTED flg=0x10000010 }
06-08 15:31:47.168  1278  1278 I PhoneLab-Locks: wake lock acquired
06-08 15:31:47.297    79   120 D SurfaceFlinger: Screen about to return, flinger = 0x8a0918
06-08 15:31:47.363  1278  1278 I PhoneLab-UploadLogs: Transfering log files now
06-08 15:31:47.363  1278  1278 I PhoneLab-UploadLogs: No log files to transfer
06-08 15:31:47.363  1278  1278 I PhoneLab-Locks: wake lock released
06-08 15:31:47.367  1278  1278 I PhoneLab-UploadLogs: OnStartCommand
06-08 15:31:47.683   388   390 D dalvikvm: GC_CONCURRENT freed 521K, 11% free 9773K/10887K, paused 6ms+50ms
06-08 15:31:47.687   388   434 I StorageNotification: UMS connection changed to true (media state mounted)
06-08 15:31:47.703   388   434 I StorageNotification: UMS connection changed to true (media state mounted)
06-08 15:31:47.937   388   390 D dalvikvm: GC_CONCURRENT freed 40K, 7% free 10154K/10887K, paused 2ms+2ms
06-08 15:31:48.007   388   388 D dalvikvm: GC_FOR_ALLOC freed 191K, 9% free 9969K/10887K, paused 18ms
06-08 15:31:48.031   388   388 D dalvikvm: GC_FOR_ALLOC freed 178K, 9% free 9915K/10887K, paused 17ms
06-08 15:31:48.031   388   388 I dalvikvm-heap: Grow heap (frag case) to 9.925MB for 186256-byte allocation
06-08 15:31:48.050   388   388 D dalvikvm: GC_FOR_ALLOC freed <1K, 9% free 10096K/11079K, paused 18ms
06-08 15:31:48.160   388   388 D dalvikvm: GC_FOR_ALLOC freed 196K, 11% free 9902K/11079K, paused 56ms
06-08 15:31:54.062   151   505 D AlarmManagerService: Kernel timezone updated to 240 minutes west of GMT
06-08 15:31:57.195  1278  1278 I PhoneLab-Locks: wake lock acquired
06-08 15:31:57.230  1278  4307 I PhoneLab-PeriodicCheckService: User info is synched
06-08 15:31:57.234  1278  4307 I PhoneLab-PeriodicCheckService: Logger Service is running
06-08 15:31:57.238  1278  1278 I PhoneLab-Locks: wake lock acquired
06-08 15:31:57.246  1278  1278 I PhoneLab-StatusMonitor: Status Monitoring is started
06-08 15:31:57.250  1278  1278 E PhoneLab-PhoneLabManifest: java.io.FileNotFoundException: /data/data/edu.buffalo.cse.phonelab.phonelabservices/files/manifest.xml: open failed: ENOENT (No such file or directory)
06-08 15:31:57.250  1278  1278 I PhoneLab-Locks: wake lock released
06-08 15:31:57.254  1278  4307 I PhoneLab-Locks: wake lock acquired
06-08 15:31:57.261  1278  1278 I PhoneLab-UploadLogs: Transfering log files now
06-08 15:31:57.261  1278  1278 I PhoneLab-UploadLogs: No log files to transfer
06-08 15:31:57.261  1278  1278 I PhoneLab-Locks: wake lock released
06-08 15:31:57.261  1278  1278 I PhoneLab-UploadLogs: OnStartCommand
06-08 15:31:57.261  1278  4307 I PhoneLab-PeriodicCheckService: Rescheduling periodic checking...
06-08 15:31:57.265  1278  4307 I PhoneLab-Locks: wake lock released
06-08 15:32:26.816  1278  1296 I PhoneLab-: Service Running
06-08 15:32:26.918  1278  1296 I PhoneLab-LoggerService: app_38    1302  1278  1772   1328  c00f181c 400107b4 S logcat
06-08 15:32:26.922  1278  1296 I PhoneLab-LoggerService: Logcat pid from database 1302
06-08 15:32:26.922  1278  1296 I PhoneLab-LoggerService: Logcat process found 1302
06-08 15:32:26.922  1278  1296 I PhoneLab-LoggerService: Checking Threshold
06-08 15:32:26.922  1278  1296 I PhoneLab-: Service Running
06-08 15:32:26.949  1278  1296 I PhoneLab-LoggerService: app_38    1302  1278  1772   1328  c00f181c 400107b4 S logcat
06-08 15:32:26.953  1278  1296 I PhoneLab-LoggerService: Logcat pid from database 1302
06-08 15:32:26.953  1278  1296 I PhoneLab-LoggerService: Logcat process found 1302
06-08 15:32:26.953  1278  1296 I PhoneLab-LoggerService: Checking Threshold
06-08 15:32:26.953  1278  1296 I PhoneLab-: Service Running
06-08 15:32:27.004  1278  1280 D dalvikvm: GC_CONCURRENT freed 433K, 15% free 9247K/10759K, paused 3ms+2ms
06-08 15:32:27.023  1278  1296 I PhoneLab-LoggerService: app_38    1302  1278  1772   1328  c00f181c 400107b4 S logcat
06-08 15:32:27.023  1278  1296 I PhoneLab-LoggerService: Logcat pid from database 1302
06-08 15:32:27.023  1278  1296 I PhoneLab-LoggerService: Logcat process found 1302
06-08 15:32:27.023  1278  1296 I PhoneLab-LoggerService: Checking Threshold
06-08 15:32:27.023  1278  1296 I PhoneLab-: Service Running
06-08 15:32:27.054  1278  1296 I PhoneLab-LoggerService: app_38    1302  1278  1772   1328  c00f181c 400107b4 S logcat
06-08 15:32:27.054  1278  1296 I PhoneLab-LoggerService: Logcat pid from database 1302
06-08 15:32:27.054  1278  1296 I PhoneLab-LoggerService: Logcat process found 1302
06-08 15:32:27.054  1278  1296 I PhoneLab-LoggerService: Checking Threshold
06-08 15:32:44.750   476   476 D SAN_SERVICE: *******************************************
06-08 15:32:44.750   476   476 D SAN_SERVICE: DM App Phone Service State - 0
06-08 15:32:44.750   476   476 D SAN_SERVICE: *******************************************
06-08 15:32:44.793   718  1554 D dalvikvm: GC_EXPLICIT freed 327K, 10% free 10530K/11591K, paused 3ms+3ms
06-08 15:32:47.675   151   197 I power   : *** set_screen_state 0
06-08 15:32:47.722    79   120 D SurfaceFlinger: About to give-up screen, flinger = 0x8a0918
06-08 15:32:47.840   151   153 D dalvikvm: GC_CONCURRENT freed 1130K, 12% free 14543K/16455K, paused 4ms+6ms
06-08 15:32:47.871   151   201 V TransportControlView: Create TCV com.android.internal.widget.TransportControlView@414aa798
06-08 15:32:47.968   151   471 D AlarmManagerService: Kernel timezone updated to 240 minutes west of GMT
06-08 15:32:53.519   476   476 D SAN_SERVICE: *******************************************
06-08 15:32:53.519   476   476 D SAN_SERVICE: DM App Phone Service State - 0
06-08 15:32:53.519   476   476 D SAN_SERVICE: *******************************************
06-08 15:32:54.015   476   476 D SAN_SERVICE: *******************************************
06-08 15:32:54.015   476   476 D SAN_SERVICE: DM App Phone Service State - 0
06-08 15:32:54.015   476   476 D SAN_SERVICE: *******************************************
06-08 15:32:55.152   476   476 D SAN_SERVICE: *******************************************
06-08 15:32:55.152   476   476 D SAN_SERVICE: DM App Phone Service State - 0
06-08 15:32:55.152   476   476 D SAN_SERVICE: *******************************************
06-08 15:33:05.043   151   469 D AlarmManagerService: Kernel timezone updated to 240 minutes west of GMT
06-08 15:33:06.078   151   471 D AlarmManagerService: Kernel timezone updated to 240 minutes west of GMT
06-08 15:33:06.093   476   476 D SAN_SERVICE: *******************************************
06-08 15:33:06.093   476   476 D SAN_SERVICE: DM App Phone Service State - 0
06-08 15:33:06.093   476   476 D SAN_SERVICE: *******************************************
06-08 15:33:06.105   476   479 D dalvikvm: GC_CONCURRENT freed 392K, 6% free 9517K/10119K, paused 8ms+3ms
06-08 15:33:08.277   476   476 D SAN_SERVICE: *******************************************
06-08 15:33:08.277   476   476 D SAN_SERVICE: DM App Phone Service State - 0
06-08 15:33:08.277   476   476 D SAN_SERVICE: *******************************************
06-08 15:33:13.363   476   476 D SAN_SERVICE: *******************************************
06-08 15:33:13.363   476   476 D SAN_SERVICE: DM App Phone Service State - 0
06-08 15:33:13.363   476   476 D SAN_SERVICE: *******************************************
06-08 15:33:14.074   151   471 D AlarmManagerService: Kernel timezone updated to 240 minutes west of GMT
06-08 15:33:32.699   151   505 D AlarmManagerService: Kernel timezone updated to 240 minutes west of GMT
06-08 15:33:48.422   151   917 D AlarmManagerService: Kernel timezone updated to 240 minutes west of GMT
06-08 15:33:54.636  1278  1296 I PhoneLab-: Service Running
06-08 15:33:54.707  1278  1296 I PhoneLab-LoggerService: app_38    1302  1278  1772   1328  c00f181c 400107b4 S logcat
06-08 15:33:54.707  1278  1296 I PhoneLab-LoggerService: Logcat pid from database 1302
06-08 15:33:54.707  1278  1296 I PhoneLab-LoggerService: Logcat process found 1302
06-08 15:33:54.707  1278  1296 I PhoneLab-LoggerService: Checking Threshold
06-08 15:33:57.859   476   476 D SAN_SERVICE: *******************************************
06-08 15:33:57.859   476   476 D SAN_SERVICE: DM App Phone Service State - 0
06-08 15:33:57.859   476   476 D SAN_SERVICE: *******************************************
06-08 15:33:58.449   151   151 D AlarmManagerService: Kernel timezone updated to 240 minutes west of GMT
06-08 15:34:00.449   151   560 D AlarmManagerService: Kernel timezone updated to 240 minutes west of GMT
06-08 15:34:04.425   476   476 D SAN_SERVICE: *******************************************
06-08 15:34:04.425   476   476 D SAN_SERVICE: DM App Phone Service State - 0
06-08 15:34:04.425   476   476 D SAN_SERVICE: *******************************************
06-08 15:34:08.824   476   476 D SAN_SERVICE: *******************************************
06-08 15:34:08.824   476   476 D SAN_SERVICE: DM App Phone Service State - 0
06-08 15:34:08.824   476   476 D SAN_SERVICE: *******************************************
06-08 15:34:09.500   151   471 D AlarmManagerService: Kernel timezone updated to 240 minutes west of GMT
06-08 15:34:18.593   151   505 D AlarmManagerService: Kernel timezone updated to 240 minutes west of GMT
06-08 15:34:18.605   476   476 D SAN_SERVICE: *******************************************
06-08 15:34:18.605   476   476 D SAN_SERVICE: DM App Phone Service State - 0
06-08 15:34:18.605   476   476 D SAN_SERVICE: *******************************************
06-08 15:34:25.965   151   201 I power   : *** set_screen_state 1
06-08 15:34:26.074   151   201 I WindowManager: Lock screen displayed!
06-08 15:34:26.187    79   120 D SurfaceFlinger: Screen about to return, flinger = 0x8a0918
06-08 15:34:27.722   476   476 D SAN_SERVICE: *******************************************
06-08 15:34:27.722   476   476 D SAN_SERVICE: DM App Phone Service State - 0
06-08 15:34:27.722   476   476 D SAN_SERVICE: *******************************************
06-08 15:34:28.031   476   476 D SAN_SERVICE: *******************************************
06-08 15:34:28.031   476   476 D SAN_SERVICE: DM App Phone Service State - 0
06-08 15:34:28.031   476   476 D SAN_SERVICE: *******************************************
06-08 15:34:28.273   476   476 D SAN_SERVICE: *******************************************
06-08 15:34:28.273   476   476 D SAN_SERVICE: DM App Phone Service State - 0
06-08 15:34:28.273   476   476 D SAN_SERVICE: *******************************************
06-08 15:34:29.281   476   476 D SAN_SERVICE: *******************************************
06-08 15:34:29.281   476   476 D SAN_SERVICE: DM App Phone Service State - 0
06-08 15:34:29.281   476   476 D SAN_SERVICE: *******************************************
06-08 15:34:36.531   151   197 I power   : *** set_screen_state 0
06-08 15:34:36.593    79   120 D SurfaceFlinger: About to give-up screen, flinger = 0x8a0918
06-08 15:34:36.629   151   201 V TransportControlView: Create TCV com.android.internal.widget.TransportControlView@4193d748
06-08 15:34:48.547   476   476 D SAN_SERVICE: *******************************************
06-08 15:34:48.547   476   476 D SAN_SERVICE: DM App Phone Service State - 0
06-08 15:34:48.547   476   476 D SAN_SERVICE: *******************************************
06-08 15:35:03.613   476   476 D SAN_SERVICE: *******************************************
06-08 15:35:03.617   476   476 D SAN_SERVICE: DM App Phone Service State - 0
06-08 15:35:03.617   476   476 D SAN_SERVICE: *******************************************
06-08 15:35:03.840   476   476 D SAN_SERVICE: *******************************************
06-08 15:35:03.840   476   476 D SAN_SERVICE: DM App Phone Service State - 0
06-08 15:35:03.840   476   476 D SAN_SERVICE: *******************************************
06-08 15:35:04.422   476   476 D SAN_SERVICE: *******************************************
06-08 15:35:04.422   476   476 D SAN_SERVICE: DM App Phone Service State - 0
06-08 15:35:04.422   476   476 D SAN_SERVICE: *******************************************
06-08 15:35:04.488   151   153 D dalvikvm: GC_CONCURRENT freed 1353K, 13% free 14446K/16455K, paused 18ms+7ms
06-08 15:35:08.711   151   151 D AlarmManagerService: Kernel timezone updated to 240 minutes west of GMT
06-08 15:35:08.754   476   479 D dalvikvm: GC_CONCURRENT freed 391K, 7% free 9511K/10119K, paused 2ms+2ms
06-08 15:35:20.621   476   476 D SAN_SERVICE: *******************************************
06-08 15:35:20.621   476   476 D SAN_SERVICE: DM App Phone Service State - 0
06-08 15:35:20.621   476   476 D SAN_SERVICE: *******************************************
06-08 15:35:21.379   476   476 D SAN_SERVICE: *******************************************
06-08 15:35:21.379   476   476 D SAN_SERVICE: DM App Phone Service State - 0
06-08 15:35:21.379   476   476 D SAN_SERVICE: *******************************************
06-08 15:35:54.636  1278  1296 I PhoneLab-: Service Running
06-08 15:35:54.707  1278  1296 I PhoneLab-LoggerService: app_38    1302  1278  1772   1328  c00f181c 400107b4 S logcat
06-08 15:35:54.707  1278  1296 I PhoneLab-LoggerService: Logcat pid from database 1302
06-08 15:35:54.707  1278  1296 I PhoneLab-LoggerService: Logcat process found 1302
06-08 15:35:54.707  1278  1296 I PhoneLab-LoggerService: Checking Threshold
06-08 15:36:01.574   476   476 D SAN_SERVICE: *******************************************
06-08 15:36:01.574   476   476 D SAN_SERVICE: DM App Phone Service State - 0
06-08 15:36:01.574   476   476 D SAN_SERVICE: *******************************************
06-08 15:36:46.000   476   476 D SAN_SERVICE: *******************************************
06-08 15:36:46.000   476   476 D SAN_SERVICE: DM App Phone Service State - 0
06-08 15:36:46.000   476   476 D SAN_SERVICE: *******************************************
06-08 15:36:46.797   476   476 D SAN_SERVICE: *******************************************
06-08 15:36:46.797   476   476 D SAN_SERVICE: DM App Phone Service State - 0
06-08 15:36:46.797   476   476 D SAN_SERVICE: *******************************************
06-08 15:36:51.617   476   476 D SAN_SERVICE: *******************************************
06-08 15:36:51.617   476   476 D SAN_SERVICE: DM App Phone Service State - 0
06-08 15:36:51.617   476   476 D SAN_SERVICE: *******************************************
06-08 15:36:52.367   476   476 D SAN_SERVICE: *******************************************
06-08 15:36:52.367   476   476 D SAN_SERVICE: DM App Phone Service State - 0
06-08 15:36:52.367   476   476 D SAN_SERVICE: *******************************************
06-08 15:36:52.914   476   476 D SAN_SERVICE: *******************************************
06-08 15:36:52.914   476   476 D SAN_SERVICE: DM App Phone Service State - 0
06-08 15:36:52.914   476   476 D SAN_SERVICE: *******************************************
06-08 15:36:53.410   476   476 D SAN_SERVICE: *******************************************
06-08 15:36:53.410   476   476 D SAN_SERVICE: DM App Phone Service State - 0
06-08 15:36:53.410   476   476 D SAN_SERVICE: *******************************************
06-08 15:37:01.972   476   476 D SAN_SERVICE: *******************************************
06-08 15:37:01.972   476   476 D SAN_SERVICE: DM App Phone Service State - 0
06-08 15:37:01.972   476   476 D SAN_SERVICE: *******************************************
06-08 15:37:08.144   476   476 D SAN_SERVICE: *******************************************
06-08 15:37:08.144   476   476 D SAN_SERVICE: DM App Phone Service State - 0
06-08 15:37:08.144   476   476 D SAN_SERVICE: *******************************************
06-08 15:37:08.656   476   476 D SAN_SERVICE: *******************************************
06-08 15:37:08.656   476   476 D SAN_SERVICE: DM App Phone Service State - 0
06-08 15:37:08.656   476   476 D SAN_SERVICE: *******************************************
06-08 15:37:21.840   476   476 D SAN_SERVICE: *******************************************
06-08 15:37:21.840   476   476 D SAN_SERVICE: DM App Phone Service State - 0
06-08 15:37:21.840   476   476 D SAN_SERVICE: *******************************************
06-08 15:37:22.132   476   476 D SAN_SERVICE: *******************************************
06-08 15:37:22.132   476   476 D SAN_SERVICE: DM App Phone Service State - 0
06-08 15:37:22.132   476   476 D SAN_SERVICE: *******************************************
06-08 15:37:22.582   476   476 D SAN_SERVICE: *******************************************
06-08 15:37:22.582   476   476 D SAN_SERVICE: DM App Phone Service State - 0
06-08 15:37:22.582   476   476 D SAN_SERVICE: *******************************************
06-08 15:37:32.109   476   476 D SAN_SERVICE: *******************************************
06-08 15:37:32.109   476   476 D SAN_SERVICE: DM App Phone Service State - 0
06-08 15:37:32.109   476   476 D SAN_SERVICE: *******************************************
06-08 15:37:32.367   476   476 D SAN_SERVICE: *******************************************
06-08 15:37:32.367   476   476 D SAN_SERVICE: DM App Phone Service State - 0
06-08 15:37:32.367   476   476 D SAN_SERVICE: *******************************************
06-08 15:37:33.125   476   476 D SAN_SERVICE: *******************************************
06-08 15:37:33.125   476   476 D SAN_SERVICE: DM App Phone Service State - 0
06-08 15:37:33.125   476   476 D SAN_SERVICE: *******************************************
06-08 15:37:40.203   388   390 D dalvikvm: GC_CONCURRENT freed 200K, 9% free 10086K/11079K, paused 1ms+2ms
06-08 15:37:49.074   476   476 D SAN_SERVICE: *******************************************
06-08 15:37:49.074   476   476 D SAN_SERVICE: DM App Phone Service State - 0
06-08 15:37:49.074   476   476 D SAN_SERVICE: *******************************************
06-08 15:37:49.605   476   476 D SAN_SERVICE: *******************************************
06-08 15:37:49.605   476   476 D SAN_SERVICE: DM App Phone Service State - 0
06-08 15:37:49.605   476   476 D SAN_SERVICE: *******************************************
06-08 15:37:54.636  1278  1296 I PhoneLab-: Service Running
06-08 15:37:54.703  1278  1296 I PhoneLab-LoggerService: app_38    1302  1278  1772   1328  c00f181c 400107b4 S logcat
06-08 15:37:54.703  1278  1296 I PhoneLab-LoggerService: Logcat pid from database 1302
06-08 15:37:54.703  1278  1296 I PhoneLab-LoggerService: Logcat process found 1302
06-08 15:37:54.703  1278  1296 I PhoneLab-LoggerService: Checking Threshold
06-08 15:38:02.402   151   201 I power   : *** set_screen_state 1
06-08 15:38:02.504   151   201 I WindowManager: Lock screen displayed!
06-08 15:38:02.601    79   120 D SurfaceFlinger: Screen about to return, flinger = 0x8a0918
06-08 15:38:04.207   388   388 D PhoneStatusBar: disable: < expand icons alerts ticker system_info BACK HOME recent* CLOCK >
06-08 15:38:04.211   488  1869 D NfcService: NFC-C ON
06-08 15:38:04.226    82   127 D AudioHardware: AudioHardware pcm playback is exiting standby.
06-08 15:38:04.226    82   127 D AudioHardware: openPcmOut_l() mPcmOpenCnt: 0
06-08 15:38:04.226   151   917 W InputManagerService: Window already focused, ignoring focus gain of: com.android.internal.view.IInputMethodClient$Stub$Proxy@41443ee0
06-08 15:38:04.234   388   388 D PhoneStatusBar: disable: < expand icons alerts ticker system_info back* home* recent clock* >
06-08 15:38:07.390    82   127 D AudioHardware: AudioHardware pcm playback is going to standby.
06-08 15:38:07.390    82   127 D AudioHardware: closePcmOut_l() mPcmOpenCnt: 1
06-08 15:38:07.910   476   476 D SAN_SERVICE: *******************************************
06-08 15:38:07.910   476   476 D SAN_SERVICE: DM App Phone Service State - 0
06-08 15:38:07.910   476   476 D SAN_SERVICE: *******************************************
06-08 15:38:08.160   476   476 D SAN_SERVICE: *******************************************
06-08 15:38:08.160   476   476 D SAN_SERVICE: DM App Phone Service State - 0
06-08 15:38:08.160   476   476 D SAN_SERVICE: *******************************************
06-08 15:38:08.414   476   476 D SAN_SERVICE: *******************************************
06-08 15:38:08.414   476   476 D SAN_SERVICE: DM App Phone Service State - 0
06-08 15:38:08.414   476   476 D SAN_SERVICE: *******************************************
06-08 15:38:08.937   151   163 W InputManagerService: Window already focused, ignoring focus gain of: com.android.internal.view.IInputMethodClient$Stub$Proxy@41879ac8
06-08 15:38:09.414    82   127 D AudioHardware: AudioHardware pcm playback is exiting standby.
06-08 15:38:09.414    82   127 D AudioHardware: openPcmOut_l() mPcmOpenCnt: 0
06-08 15:38:09.605  1643  1657 D dalvikvm: GC_FOR_ALLOC freed 2792K, 38% free 11696K/18567K, paused 29ms
06-08 15:38:09.711  1643  1657 D dalvikvm: GC_FOR_ALLOC freed 314K, 37% free 11825K/18567K, paused 26ms
06-08 15:38:09.820  1643  1645 D dalvikvm: GC_CONCURRENT freed 2K, 32% free 12753K/18567K, paused 3ms+9ms
06-08 15:38:09.957  1643  1673 D dalvikvm: GC_FOR_ALLOC freed 975K, 36% free 12039K/18567K, paused 29ms
06-08 15:38:09.957  1643  1673 I dalvikvm-heap: Grow heap (frag case) to 13.051MB for 1286224-byte allocation
06-08 15:38:09.992  1643  1643 D dalvikvm: GC_FOR_ALLOC freed 2K, 29% free 13292K/18567K, paused 21ms
06-08 15:38:10.121  1643  1645 D dalvikvm: GC_CONCURRENT freed 136K, 27% free 13565K/18567K, paused 2ms+9ms
06-08 15:38:10.281  1643  1673 D dalvikvm: GC_FOR_ALLOC freed 1529K, 31% free 12980K/18567K, paused 22ms
06-08 15:38:10.363  1643  1645 D dalvikvm: GC_CONCURRENT freed 190K, 25% free 14108K/18567K, paused 2ms+14ms
06-08 15:38:10.582  1643  1645 D dalvikvm: GC_CONCURRENT freed 2037K, 26% free 13754K/18567K, paused 8ms+9ms
06-08 15:38:10.742  1643  1704 D dalvikvm: GC_FOR_ALLOC freed 1368K, 27% free 13718K/18567K, paused 30ms
06-08 15:38:10.824  1643  1672 D dalvikvm: GC_FOR_ALLOC freed 1142K, 25% free 13986K/18567K, paused 39ms
06-08 15:38:10.996  1643  1704 D dalvikvm: GC_FOR_ALLOC freed 1791K, 30% free 13170K/18567K, paused 35ms
06-08 15:38:11.086  1643  1645 D dalvikvm: GC_CONCURRENT freed 3K, 23% free 14424K/18567K, paused 3ms+10ms
06-08 15:38:12.504    82   127 D AudioHardware: AudioHardware pcm playback is going to standby.
06-08 15:38:12.504    82   127 D AudioHardware: closePcmOut_l() mPcmOpenCnt: 1
06-08 15:38:17.511    82   127 D AudioHardware: AudioHardware pcm playback is exiting standby.
06-08 15:38:17.511    82   127 D AudioHardware: openPcmOut_l() mPcmOpenCnt: 0
06-08 15:38:17.609   151   560 I ActivityManager: START {act=android.intent.action.MAIN cat=[android.intent.category.LAUNCHER] flg=0x10200000 cmp=com.android.vending/.AssetBrowserActivity} from pid 1643
06-08 15:38:17.679   151  4255 I ActivityManager: Process android.process.acore (pid 3482) has died.
06-08 15:38:17.718   151   469 I ActivityManager: Start proc com.android.vending for activity com.android.vending/.AssetBrowserActivity: pid=4350 uid=10048 gids={3003, 1015}
06-08 15:38:17.965  1643  1643 D OpenGLRenderer: Flushing caches (mode 1)
06-08 15:38:18.047  1643  1643 D OpenGLRenderer: Flushing caches (mode 0)
06-08 15:38:18.132  4350  4350 I ActivityThread: Pub com.google.android.finsky.QSBSuggestionsProvider: com.google.android.finsky.providers.QSBSuggestionsProvider
06-08 15:38:18.183  4350  4350 I ActivityThread: Pub com.google.android.finsky.AppIconProvider: com.google.android.finsky.providers.AppIconProvider
06-08 15:38:18.195  4350  4350 I ActivityThread: Pub com.google.android.finsky.RecentSuggestionsProvider: com.google.android.finsky.providers.RecentSuggestionsProvider
06-08 15:38:18.429   151   167 I Process : Sending signal. PID: 4350 SIG: 3
06-08 15:38:18.429  4350  4352 I dalvikvm: threadid=3: reacting to signal 3
06-08 15:38:18.461  4350  4352 I dalvikvm: Wrote stack traces to '/data/anr/traces.txt'
06-08 15:38:18.488  4350  4351 D dalvikvm: GC_CONCURRENT freed 208K, 4% free 9293K/9607K, paused 17ms+7ms
06-08 15:38:18.617  4350  4350 D Finsky  : [1] DailyHygiene.goMakeHygieneIfDirty: No need to run daily hygiene.
06-08 15:38:18.781  4350  4351 D dalvikvm: GC_CONCURRENT freed 366K, 5% free 9424K/9863K, paused 9ms+4ms
06-08 15:38:18.918   151   167 I Process : Sending signal. PID: 4350 SIG: 3
06-08 15:38:18.918  4350  4352 I dalvikvm: threadid=3: reacting to signal 3
06-08 15:38:18.957  4350  4352 I dalvikvm: Wrote stack traces to '/data/anr/traces.txt'
06-08 15:38:18.976  4350  4351 D dalvikvm: GC_CONCURRENT freed 377K, 5% free 9560K/10055K, paused 2ms+3ms
06-08 15:38:19.023  1332  1332 D OpenGLRenderer: Flushing caches (mode 1)
06-08 15:38:19.238  4350  4351 D dalvikvm: GC_CONCURRENT freed 349K, 5% free 9763K/10183K, paused 4ms+7ms
06-08 15:38:19.285  4350  4350 D Finsky  : [1] 2.run: Loaded library for account: [J3KLysvtQI3y2S1rgUj_S2DNb1s]
06-08 15:38:19.285  4350  4350 D Finsky  : [1] 2.run: Finished loading 1 libraries.
06-08 15:38:19.332  4350  4350 D libEGL  : loaded /system/lib/egl/libGLES_android.so
06-08 15:38:19.340  4350  4350 D libEGL  : loaded /vendor/lib/egl/libEGL_POWERVR_SGX540_120.so
06-08 15:38:19.375  4350  4350 D libEGL  : loaded /vendor/lib/egl/libGLESv1_CM_POWERVR_SGX540_120.so
06-08 15:38:19.379  4350  4350 D libEGL  : loaded /vendor/lib/egl/libGLESv2_POWERVR_SGX540_120.so
06-08 15:38:19.418   151   167 I Process : Sending signal. PID: 4350 SIG: 3
06-08 15:38:19.418  4350  4352 I dalvikvm: threadid=3: reacting to signal 3
06-08 15:38:19.445  4350  4352 I dalvikvm: Wrote stack traces to '/data/anr/traces.txt'
06-08 15:38:19.468  4350  4350 D OpenGLRenderer: Enabling debug mode 0
06-08 15:38:19.472   151   558 W InputManagerService: Starting input on non-focused client com.android.internal.view.IInputMethodClient$Stub$Proxy@4163d9c0 (uid=10027 pid=1643)
06-08 15:38:19.531   151   200 I ActivityManager: Displayed com.android.vending/.AssetBrowserActivity: +1s850ms
06-08 15:38:20.238  1332  1332 D OpenGLRenderer: Flushing caches (mode 1)
06-08 15:38:20.250  4350  4350 D Finsky  : [1] DownloadImpl.setState: self-update-download from null to UNQUEUED.
06-08 15:38:20.254  4350  4350 D Finsky  : [1] DownloadQueueImpl.add: Download self-update-download added to DownloadQueue
06-08 15:38:20.261  4350  4350 D Finsky  : [1] DownloadImpl.setState: self-update-download from UNQUEUED to QUEUED.
06-08 15:38:20.281  4350  4351 D dalvikvm: GC_CONCURRENT freed 441K, 6% free 9803K/10375K, paused 2ms+3ms
06-08 15:38:20.289    84    84 I installd: free_cache(0) avail 905359360
06-08 15:38:20.316  4350  4350 D Finsky  : [1] DownloadQueueImpl.startDownload: Download self-update-download starting
06-08 15:38:20.367  4350  4350 D Finsky  : [1] DownloadImpl.setState: self-update-download from QUEUED to DOWNLOADING.
06-08 15:38:20.371  4350  4350 D Finsky  : [1] DownloadQueueImpl.onStart: self-update-download: onStart
06-08 15:38:20.441  4350  4350 D Finsky  : [1] DownloadQueueImpl.notifyProgress: self-update-download: onProgress 0/-1 Status: 192.
06-08 15:38:20.562   151   503 D dalvikvm: GC_EXPLICIT freed 1257K, 13% free 14345K/16455K, paused 13ms+8ms
06-08 15:38:20.574  1789  4389 I DownloadManager: Initiating request for download 187
06-08 15:38:20.609    82   127 D AudioHardware: AudioHardware pcm playback is going to standby.
06-08 15:38:20.609    82   127 D AudioHardware: closePcmOut_l() mPcmOpenCnt: 1
06-08 15:38:20.742  1789  1791 D dalvikvm: GC_CONCURRENT freed 392K, 7% free 9391K/9991K, paused 2ms+12ms
06-08 15:38:20.757   151   560 I ActivityManager: START {flg=0x4000000 cmp=com.android.vending/com.google.android.finsky.activities.TosActivity (has extras)} from pid 4350
06-08 15:38:21.043   151   200 I ActivityManager: Displayed com.android.vending/com.google.android.finsky.activities.TosActivity: +266ms
06-08 15:38:22.929    82   127 D AudioHardware: AudioHardware pcm playback is exiting standby.
06-08 15:38:22.929    82   127 D AudioHardware: openPcmOut_l() mPcmOpenCnt: 0
06-08 15:38:23.039  1332  1332 D OpenGLRenderer: Flushing caches (mode 1)
06-08 15:38:23.082  4350  4350 D Finsky  : [1] SelfUpdateScheduler.checkForSelfUpdate: Skipping self-update check as there is an update already queued.
06-08 15:38:23.086  4350  4350 D OpenGLRenderer: Flushing caches (mode 0)
06-08 15:38:23.129  4350  4350 D Finsky  : [1] MainActivity.initializeBilling: Optimistically initializing billing parameters.
06-08 15:38:23.234  1332  1332 D OpenGLRenderer: Flushing caches (mode 1)
06-08 15:38:23.371  4350  4351 D dalvikvm: GC_CONCURRENT freed 375K, 5% free 9925K/10375K, paused 11ms+11ms
06-08 15:38:23.453   151   167 I Process : Sending signal. PID: 4350 SIG: 3
06-08 15:38:23.453  4350  4352 I dalvikvm: threadid=3: reacting to signal 3
06-08 15:38:23.562  4350  4352 I dalvikvm: Wrote stack traces to '/data/anr/traces.txt'
06-08 15:38:23.601   476   476 D SAN_SERVICE: *******************************************
06-08 15:38:23.601   476   476 D SAN_SERVICE: DM App Phone Service State - 0
06-08 15:38:23.601   476   476 D SAN_SERVICE: *******************************************
06-08 15:38:23.992   476   476 D SAN_SERVICE: *******************************************
06-08 15:38:23.992   476   476 D SAN_SERVICE: DM App Phone Service State - 0
06-08 15:38:23.992   476   476 D SAN_SERVICE: *******************************************
06-08 15:38:24.043   476   479 D dalvikvm: GC_CONCURRENT freed 394K, 7% free 9502K/10119K, paused 3ms+4ms
06-08 15:38:24.062  4350  4350 D dalvikvm: GC_FOR_ALLOC freed 232K, 5% free 9981K/10439K, paused 45ms
06-08 15:38:24.066  4350  4350 I dalvikvm-heap: Grow heap (frag case) to 10.190MB for 392720-byte allocation
06-08 15:38:24.101  4350  4350 D dalvikvm: GC_FOR_ALLOC freed 48K, 5% free 10316K/10823K, paused 21ms
06-08 15:38:24.222  4350  4350 D dalvikvm: GC_FOR_ALLOC freed 56K, 4% free 10590K/10951K, paused 31ms
06-08 15:38:24.250  4350  4371 D dalvikvm: GC_FOR_ALLOC freed 59K, 4% free 10625K/11015K, paused 23ms
06-08 15:38:24.250  4350  4371 I dalvikvm-heap: Grow heap (frag case) to 10.942MB for 522256-byte allocation
06-08 15:38:24.297  4350  4350 D dalvikvm: GC_FOR_ALLOC freed 0K, 4% free 11135K/11527K, paused 24ms
06-08 15:38:24.402  4350  4351 D dalvikvm: GC_CONCURRENT freed 79K, 3% free 11571K/11911K, paused 2ms+4ms
06-08 15:38:24.539  4350  4374 D dalvikvm: GC_FOR_ALLOC freed 242K, 3% free 11930K/12295K, paused 24ms
06-08 15:38:24.668  4350  4373 D dalvikvm: GC_FOR_ALLOC freed 208K, 3% free 12586K/12935K, paused 29ms
06-08 15:38:24.777  4350  4371 D dalvikvm: GC_FOR_ALLOC freed 86K, 4% free 13275K/13703K, paused 25ms
06-08 15:38:25.359   151   560 I ActivityManager: Process com.google.android.gm (pid 1402) has died.
06-08 15:38:25.359   151   560 I WindowManager: WIN DEATH: Window{4158ef68 com.google.android.gm/com.google.android.gm.GmailActivity paused=false}
06-08 15:38:26.023    82   127 D AudioHardware: AudioHardware pcm playback is going to standby.
06-08 15:38:26.023    82   127 D AudioHardware: closePcmOut_l() mPcmOpenCnt: 1
06-08 15:38:26.597  1789  1791 D dalvikvm: GC_CONCURRENT freed 402K, 7% free 9375K/9991K, paused 2ms+3ms
06-08 15:38:26.715    82   127 D AudioHardware: AudioHardware pcm playback is exiting standby.
06-08 15:38:26.715    82   127 D AudioHardware: openPcmOut_l() mPcmOpenCnt: 0
06-08 15:38:26.933  1332  1332 D OpenGLRenderer: Flushing caches (mode 1)
06-08 15:38:27.062  4350  4350 D Finsky  : [1] DownloadQueueImpl.notifyProgress: self-update-download: onProgress 4000309/4000309 Status: 200.
06-08 15:38:27.062  4350  4350 D Finsky  : [1] DownloadBroadcastReceiver.onReceive: Intent received at DownloadBroadcastReceiver
06-08 15:38:27.148  4350  4350 D Finsky  : [1] DownloadImpl.setState: self-update-download from DOWNLOADING to SUCCESS.
06-08 15:38:27.172  4350  4350 D Finsky  : [1] DownloadQueueImpl.onComplete: self-update-download: onComplete
06-08 15:38:27.175  4350  4350 D Finsky  : [1] DownloadQueueImpl.remove: Download self-update-download removed from DownloadQueue
06-08 15:38:27.175  4350  4350 D Finsky  : [1] SelfUpdateScheduler.onComplete: Self-update ready to be installed, waiting for market to close.
06-08 15:38:27.230    84    84 I installd: free_cache(0) avail 901128192
06-08 15:38:27.343  4350  4351 D dalvikvm: GC_CONCURRENT freed 763K, 6% free 13945K/14791K, paused 2ms+5ms
06-08 15:38:27.711  4350  4351 D dalvikvm: GC_CONCURRENT freed 752K, 6% free 14864K/15687K, paused 4ms+7ms
06-08 15:38:27.984  4350  4351 D dalvikvm: GC_CONCURRENT freed 689K, 5% free 16143K/16903K, paused 12ms+7ms
06-08 15:38:28.601  4350  4351 D dalvikvm: GC_CONCURRENT freed 1101K, 7% free 17135K/18311K, paused 2ms+6ms
06-08 15:38:29.816    82   127 D AudioHardware: AudioHardware pcm playback is going to standby.
06-08 15:38:29.816    82   127 D AudioHardware: closePcmOut_l() mPcmOpenCnt: 1
06-08 15:38:29.918    82   127 D AudioHardware: AudioHardware pcm playback is exiting standby.
06-08 15:38:29.918    82   127 D AudioHardware: openPcmOut_l() mPcmOpenCnt: 0
06-08 15:38:30.586   452   452 D dalvikvm: GC_FOR_ALLOC freed 257K, 17% free 10034K/11975K, paused 89ms
06-08 15:38:30.586   452   452 I dalvikvm-heap: Grow heap (frag case) to 10.419MB for 577936-byte allocation
06-08 15:38:30.660   452   454 D dalvikvm: GC_CONCURRENT freed 18K, 12% free 10580K/11975K, paused 2ms+12ms
06-08 15:38:30.765   388   390 D dalvikvm: GC_CONCURRENT freed 240K, 7% free 10324K/11079K, paused 2ms+19ms
06-08 15:38:33.043    82   127 D AudioHardware: AudioHardware pcm playback is going to standby.
06-08 15:38:33.043    82   127 D AudioHardware: closePcmOut_l() mPcmOpenCnt: 1
06-08 15:38:33.375  1332  1332 D OpenGLRenderer: Flushing caches (mode 1)
06-08 15:38:33.597  4350  4350 D Finsky  : [1] 1.onResponse: Received and stored 133 billing countries.
06-08 15:38:34.320   151  4255 I ActivityManager: START {act=android.intent.action.SEARCH flg=0x10000000 cmp=com.android.vending/.AssetBrowserActivity (has extras)} from pid 4350
06-08 15:38:34.336    82   127 D AudioHardware: AudioHardware pcm playback is exiting standby.
06-08 15:38:34.336    82   127 D AudioHardware: openPcmOut_l() mPcmOpenCnt: 0
06-08 15:38:34.523   388   388 D dalvikvm: GC_FOR_ALLOC freed 423K, 9% free 10114K/11079K, paused 77ms
06-08 15:38:34.605  1332  1332 D OpenGLRenderer: Flushing caches (mode 1)
06-08 15:38:34.718  1332  1334 D dalvikvm: GC_CONCURRENT freed 358K, 6% free 9859K/10439K, paused 4ms+4ms
06-08 15:38:34.859   452   470 E ActivityThread: Failed to find provider info for com.android.inputmethod.latin.dictionarypack
06-08 15:38:34.859   452   470 E BinaryDictionaryGetter: Could not find a dictionary pack
06-08 15:38:34.890   151   162 I ActivityManager: Start proc android.process.acore for content provider com.android.providers.userdictionary/.UserDictionaryProvider: pid=4424 uid=10000 gids={3003, 1015}
06-08 15:38:34.968  4424  4424 I ActivityThread: Pub com.android.voicemail: com.android.providers.contacts.VoicemailContentProvider
06-08 15:38:35.062  4424  4424 I ActivityThread: Pub user_dictionary: com.android.providers.userdictionary.UserDictionaryProvider
06-08 15:38:35.074  4424  4424 I ActivityThread: Pub com.android.social: com.android.providers.contacts.SocialProvider
06-08 15:38:35.074  4424  4424 I ActivityThread: Pub applications: com.android.providers.applications.ApplicationsProvider
06-08 15:38:35.199  4424  4424 I ActivityThread: Pub contacts;com.android.contacts: com.android.providers.contacts.ContactsProvider2
06-08 15:38:35.273  4424  4425 D dalvikvm: GC_CONCURRENT freed 348K, 5% free 9187K/9607K, paused 2ms+5ms
06-08 15:38:35.316  4350  4351 D dalvikvm: GC_CONCURRENT freed 2238K, 12% free 16962K/19271K, paused 4ms+26ms
06-08 15:38:35.816  4424  4424 I ActivityThread: Pub call_log: com.android.providers.contacts.CallLogProvider
06-08 15:38:36.422   452   454 D dalvikvm: GC_CONCURRENT freed 285K, 10% free 10814K/11975K, paused 22ms+5ms
06-08 15:38:36.617  4424  4425 D dalvikvm: GC_CONCURRENT freed 194K, 4% free 9406K/9735K, paused 2ms+3ms
06-08 15:38:37.433    82   127 D AudioHardware: AudioHardware pcm playback is going to standby.
06-08 15:38:37.433    82   127 D AudioHardware: closePcmOut_l() mPcmOpenCnt: 1
06-08 15:38:38.652   476   476 D SAN_SERVICE: *******************************************
06-08 15:38:38.652   476   476 D SAN_SERVICE: DM App Phone Service State - 0
06-08 15:38:38.652   476   476 D SAN_SERVICE: *******************************************
06-08 15:38:38.918   476   476 D SAN_SERVICE: *******************************************
06-08 15:38:38.918   476   476 D SAN_SERVICE: DM App Phone Service State - 0
06-08 15:38:38.922   476   476 D SAN_SERVICE: *******************************************
06-08 15:38:39.269    82   127 D AudioHardware: AudioHardware pcm playback is exiting standby.
06-08 15:38:39.269    82   127 D AudioHardware: openPcmOut_l() mPcmOpenCnt: 0
06-08 15:38:39.367  1332  1332 D OpenGLRenderer: Flushing caches (mode 1)
06-08 15:38:39.695  4350  4367 D dalvikvm: GC_FOR_ALLOC freed 685K, 10% free 17530K/19271K, paused 34ms
06-08 15:38:39.754  4350  4350 D Finsky  : [1] DetailsDataBasedFragment.rebindViews: Page [class=DetailsFragment] loaded in [516 ms] (partial? false)
06-08 15:38:39.933  4350  4357 I dalvikvm: Jit: resizing JitTable from 4096 to 8192
06-08 15:38:40.043  1332  1332 D OpenGLRenderer: Flushing caches (mode 1)
06-08 15:38:40.125  1332  1332 D OpenGLRenderer: Flushing caches (mode 1)
06-08 15:38:40.304  4350  4350 D Finsky  : [1] DetailsDataBasedFragment.rebindViews: Page [class=DetailsFragment] loaded in [1057 ms] (partial? true)
06-08 15:38:40.425   151   153 D dalvikvm: GC_CONCURRENT freed 2009K, 18% free 13565K/16455K, paused 3ms+18ms
06-08 15:38:40.484  4350  4372 D dalvikvm: GC_FOR_ALLOC freed 1144K, 8% free 17974K/19399K, paused 129ms
06-08 15:38:40.656  4350  4374 D dalvikvm: GC_FOR_ALLOC freed 444K, 8% free 18512K/19911K, paused 78ms
06-08 15:38:40.777  4350  4371 D dalvikvm: GC_FOR_ALLOC freed 69K, 7% free 19045K/20423K, paused 39ms
06-08 15:38:40.871  4350  4373 D dalvikvm: GC_FOR_ALLOC freed 148K, 7% free 19549K/20935K, paused 34ms
06-08 15:38:40.965  4350  4372 D dalvikvm: GC_FOR_ALLOC freed 28K, 7% free 20008K/21447K, paused 33ms
06-08 15:38:42.359    82   127 D AudioHardware: AudioHardware pcm playback is going to standby.
06-08 15:38:42.363    82   127 D AudioHardware: closePcmOut_l() mPcmOpenCnt: 1
06-08 15:38:43.031    82   127 D AudioHardware: AudioHardware pcm playback is exiting standby.
06-08 15:38:43.031    82   127 D AudioHardware: openPcmOut_l() mPcmOpenCnt: 0
06-08 15:38:43.039   151   163 I ActivityManager: START {flg=0x20010000 cmp=com.android.vending/com.google.android.finsky.activities.PurchaseDialog (has extras)} from pid 4350
06-08 15:38:43.386  4350  4350 D Finsky  : [1] SelfUpdateScheduler.checkForSelfUpdate: Skipping self-update check as there is an update already queued.
06-08 15:38:43.449   151   200 I ActivityManager: Displayed com.android.vending/com.google.android.finsky.activities.PurchaseDialog: +274ms
06-08 15:38:43.566  4350  4351 D dalvikvm: GC_CONCURRENT freed 3099K, 15% free 18947K/22151K, paused 5ms+9ms
06-08 15:38:43.629  4350  4350 D OpenGLRenderer: Flushing caches (mode 0)
06-08 15:38:44.640  4350  4350 D Finsky  : [1] InstallerImpl.requestInstall: Request install of com.rovio.angrybirdsspace.premium v=1210
06-08 15:38:44.640  4350  4350 D Finsky  : [1] InstallerImpl.kick: Installer kick com.rovio.angrybirdsspace.premium - starting com.rovio.angrybirdsspace.premium
06-08 15:38:44.679  1332  1332 D OpenGLRenderer: Flushing caches (mode 1)
06-08 15:38:44.910  4350  4350 D Finsky  : [1] DetailsDataBasedFragment.rebindViews: Page [class=DetailsFragment] loaded in [5676 ms] (partial? false)
06-08 15:38:45.183  4350  4350 D Finsky  : [1] DetailsDataBasedFragment.rebindViews: Page [class=DetailsFragment] loaded in [5951 ms] (partial? true)
06-08 15:38:45.191  4350  4350 D Finsky  : [1] DownloadImpl.setState: com.rovio.angrybirdsspace.premium from null to UNQUEUED.
06-08 15:38:45.191  4350  4350 D Finsky  : [1] DownloadQueueImpl.add: Download com.rovio.angrybirdsspace.premium added to DownloadQueue
06-08 15:38:45.195  4350  4350 D Finsky  : [1] DownloadImpl.setState: com.rovio.angrybirdsspace.premium from UNQUEUED to QUEUED.
06-08 15:38:45.199   151   167 I Process : Sending signal. PID: 4350 SIG: 3
06-08 15:38:45.199  4350  4352 I dalvikvm: threadid=3: reacting to signal 3
06-08 15:38:45.199    84    84 I installd: free_cache(24197094) avail 900100096
06-08 15:38:45.246  4350  4352 I dalvikvm: Wrote stack traces to '/data/anr/traces.txt'
06-08 15:38:45.418  4350  4351 D dalvikvm: GC_CONCURRENT freed 1647K, 13% free 19302K/22151K, paused 3ms+9ms
06-08 15:38:45.562  4350  4350 D Finsky  : [1] DownloadQueueImpl.startDownload: Download com.rovio.angrybirdsspace.premium starting
06-08 15:38:45.699   151   167 I Process : Sending signal. PID: 4350 SIG: 3
06-08 15:38:45.699  4350  4352 I dalvikvm: threadid=3: reacting to signal 3
06-08 15:38:45.726  4350  4352 I dalvikvm: Wrote stack traces to '/data/anr/traces.txt'
06-08 15:38:45.898  4350  4350 D Finsky  : [1] DownloadImpl.setState: com.rovio.angrybirdsspace.premium from QUEUED to DOWNLOADING.
06-08 15:38:45.902  4350  4350 D Finsky  : [1] DownloadQueueImpl.notifyProgress: com.rovio.angrybirdsspace.premium: onProgress 0/-1 Status: 190.
06-08 15:38:45.996  4350  4350 D Finsky  : [1] DownloadQueueImpl.notifyProgress: com.rovio.angrybirdsspace.premium: onProgress 0/-1 Status: 192.
06-08 15:38:46.004  4350  4350 D Finsky  : [1] DownloadQueueImpl.onStart: com.rovio.angrybirdsspace.premium: onStart
06-08 15:38:46.054  4350  4350 D OpenGLRenderer: Flushing caches (mode 0)
06-08 15:38:46.058   388   388 D dalvikvm: GC_FOR_ALLOC freed 270K, 9% free 10136K/11079K, paused 36ms
06-08 15:38:46.140   388   388 D dalvikvm: GC_FOR_ALLOC freed 324K, 9% free 10127K/11079K, paused 44ms
06-08 15:38:46.175  1789  4455 I DownloadManager: Initiating request for download 188
06-08 15:38:46.281   388   388 D dalvikvm: GC_FOR_ALLOC freed 230K, 9% free 10125K/11079K, paused 22ms
06-08 15:38:47.066  1789  4455 I DownloadManager: Initiating request for download 188
06-08 15:38:47.328  1789  1791 D dalvikvm: GC_CONCURRENT freed 344K, 6% free 9418K/9991K, paused 2ms+9ms
06-08 15:38:47.695    82   127 D AudioHardware: AudioHardware pcm playback is going to standby.
06-08 15:38:47.695    82   127 D AudioHardware: closePcmOut_l() mPcmOpenCnt: 1
06-08 15:38:49.273   151   917 I ActivityManager: Process com.google.android.gallery3d (pid 1119) has died.
06-08 15:38:49.789   151   163 I ActivityManager: Process com.google.android.syncadapters.calendar (pid 4041) has died.
06-08 15:38:52.867   151   917 D AlarmManagerService: Kernel timezone updated to 240 minutes west of GMT
06-08 15:38:54.539   151   153 D dalvikvm: GC_CONCURRENT freed 1115K, 19% free 13460K/16455K, paused 54ms+6ms
06-08 15:38:55.312   476   476 D SAN_SERVICE: *******************************************
06-08 15:38:55.312   476   476 D SAN_SERVICE: DM App Phone Service State - 0
06-08 15:38:55.312   476   476 D SAN_SERVICE: *******************************************
06-08 15:38:57.750   151  4255 D dalvikvm: GC_EXPLICIT freed 235K, 19% free 13426K/16455K, paused 4ms+7ms
06-08 15:38:59.039   476   476 D SAN_SERVICE: *******************************************
06-08 15:38:59.039   476   476 D SAN_SERVICE: DM App Phone Service State - 0
06-08 15:38:59.039   476   476 D SAN_SERVICE: *******************************************
06-08 15:38:59.328   476   476 D SAN_SERVICE: *******************************************
06-08 15:38:59.328   476   476 D SAN_SERVICE: DM App Phone Service State - 0
06-08 15:38:59.328   476   476 D SAN_SERVICE: *******************************************
06-08 15:38:59.601   476   476 D SAN_SERVICE: *******************************************
06-08 15:38:59.601   476   476 D SAN_SERVICE: DM App Phone Service State - 0
06-08 15:38:59.601   476   476 D SAN_SERVICE: *******************************************
06-08 15:39:01.082  1643  1643 D OpenGLRenderer: Flushing caches (mode 1)
06-08 15:39:01.093  1899  1899 D OpenGLRenderer: Flushing caches (mode 2)
06-08 15:39:01.093  1332  1332 D OpenGLRenderer: Flushing caches (mode 1)
06-08 15:39:01.172  1899  1899 D OpenGLRenderer: Flushing caches (mode 0)
06-08 15:39:01.172  1899  1899 W ManagedEGLContext: doTerminate failed: EGL count is 2 but managed count is 1
06-08 15:39:06.812   476   476 D SAN_SERVICE: *******************************************
06-08 15:39:06.812   476   476 D SAN_SERVICE: DM App Phone Service State - 0
06-08 15:39:06.812   476   476 D SAN_SERVICE: *******************************************
06-08 15:39:06.976   476   476 D SAN_SERVICE: *******************************************
06-08 15:39:06.976   476   476 D SAN_SERVICE: DM App Phone Service State - 0
06-08 15:39:06.976   476   476 D SAN_SERVICE: *******************************************
06-08 15:39:07.504   476   476 D SAN_SERVICE: *******************************************
06-08 15:39:07.504   476   476 D SAN_SERVICE: DM App Phone Service State - 0
06-08 15:39:07.504   476   476 D SAN_SERVICE: *******************************************
06-08 15:39:10.355   151   153 D dalvikvm: GC_CONCURRENT freed 974K, 19% free 13491K/16455K, paused 4ms+40ms
06-08 15:39:10.750   388   390 D dalvikvm: GC_CONCURRENT freed 171K, 7% free 10348K/11079K, paused 2ms+4ms
06-08 15:39:12.761  1789  4455 I qtaguid : Failed write_ctrl(u 69) res=-1 errno=22
06-08 15:39:12.761  1789  4455 I qtaguid : Untagging socket 69 failed errno=-22
06-08 15:39:12.761  1789  4455 W NetworkManagementSocketTagger: untagSocket(69) failed with errno -22
06-08 15:39:13.152  4350  4350 D Finsky  : [1] DownloadQueueImpl.notifyProgress: com.rovio.angrybirdsspace.premium: onProgress 24197094/24197094 Status: 200.
06-08 15:39:13.207  4350  4350 D Finsky  : [1] DownloadBroadcastReceiver.onReceive: Intent received at DownloadBroadcastReceiver
06-08 15:39:13.218  4350  4350 D Finsky  : [1] DownloadImpl.setState: com.rovio.angrybirdsspace.premium from DOWNLOADING to SUCCESS.
06-08 15:39:13.218  4350  4350 D Finsky  : [1] DownloadQueueImpl.onComplete: com.rovio.angrybirdsspace.premium: onComplete
06-08 15:39:13.218  4350  4350 D Finsky  : [1] DownloadQueueImpl.remove: Download com.rovio.angrybirdsspace.premium removed from DownloadQueue
06-08 15:39:13.222  4350  4350 D Finsky  : [1] SelfUpdateScheduler.onComplete: Self-update ignoring completed download com.rovio.angrybirdsspace.premium
06-08 15:39:13.226    84    84 I installd: free_cache(0) avail 875872256
06-08 15:39:13.293   388   388 D dalvikvm: GC_FOR_ALLOC freed 247K, 9% free 10129K/11079K, paused 17ms
06-08 15:39:13.336   388   388 D dalvikvm: GC_FOR_ALLOC freed 346K, 9% free 10124K/11079K, paused 16ms
06-08 15:39:13.398   388   390 D dalvikvm: GC_CONCURRENT freed 281K, 8% free 10238K/11079K, paused 2ms+3ms
06-08 15:39:14.238   151   171 I ActivityManager: Start proc com.android.defcontainer for service com.android.defcontainer/.DefaultContainerService: pid=4484 uid=10010 gids={1015, 2001}
06-08 15:39:14.437   388   390 D dalvikvm: GC_CONCURRENT freed 456K, 9% free 10179K/11079K, paused 5ms+17ms
06-08 15:39:14.613   388   390 D dalvikvm: GC_CONCURRENT freed 216K, 7% free 10404K/11079K, paused 3ms+3ms
06-08 15:39:14.687   151   171 W ActivityManager: No content provider found for permission revoke: file:///data/data/com.android.providers.downloads/cache/downloadfile-1.apk
06-08 15:39:14.793   388   388 D dalvikvm: GC_FOR_ALLOC freed 467K, 8% free 10227K/11079K, paused 20ms
06-08 15:39:16.539   151   171 W ActivityManager: No content provider found for permission revoke: file:///data/data/com.android.providers.downloads/cache/downloadfile-1.apk
06-08 15:39:17.867   151   153 D dalvikvm: GC_CONCURRENT freed 628K, 16% free 13858K/16455K, paused 51ms+5ms
06-08 15:39:18.359   151   153 D dalvikvm: GC_CONCURRENT freed 689K, 14% free 14275K/16455K, paused 2ms+6ms
06-08 15:39:18.722   151   153 D dalvikvm: GC_CONCURRENT freed 475K, 9% free 15003K/16455K, paused 4ms+9ms
06-08 15:39:19.519   151   151 D AlarmManagerService: Kernel timezone updated to 240 minutes west of GMT
06-08 15:39:19.715   476   476 D SAN_SERVICE: *******************************************
06-08 15:39:19.715   476   476 D SAN_SERVICE: DM App Phone Service State - 0
06-08 15:39:19.715   476   476 D SAN_SERVICE: *******************************************
06-08 15:39:19.910   151   153 D dalvikvm: GC_CONCURRENT freed 1394K, 10% free 15011K/16583K, paused 7ms+6ms
06-08 15:39:20.199   151   153 D dalvikvm: GC_CONCURRENT freed 1472K, 10% free 15018K/16647K, paused 3ms+10ms
06-08 15:39:20.894   151   153 D dalvikvm: GC_CONCURRENT freed 1362K, 10% free 15039K/16647K, paused 11ms+5ms
06-08 15:39:21.746   151   171 D dalvikvm: GC_FOR_ALLOC freed 1350K, 10% free 15041K/16647K, paused 70ms
06-08 15:39:22.550   151   171 D dalvikvm: GC_FOR_ALLOC freed 1364K, 10% free 15049K/16647K, paused 69ms
06-08 15:39:23.410   151   171 D dalvikvm: GC_FOR_ALLOC freed 1349K, 10% free 15058K/16647K, paused 69ms
06-08 15:39:23.574   151   171 D dalvikvm: GC_FOR_ALLOC freed 1292K, 10% free 15056K/16647K, paused 72ms
06-08 15:39:24.019   151   171 D dalvikvm: GC_FOR_ALLOC freed 1279K, 10% free 15077K/16647K, paused 123ms
06-08 15:39:24.636   151   171 I PackageManager: Running dexopt on: com.rovio.angrybirdsspace.premium
06-08 15:39:27.570  4499  4499 D dalvikvm: DexOpt: load 482ms, verify+opt 1140ms
06-08 15:39:28.175   151   168 I ActivityManager: Force stopping package com.rovio.angrybirdsspace.premium uid=10055
06-08 15:39:28.718   151   171 D PackageManager: New package installed in /data/app/com.rovio.angrybirdsspace.premium-1.apk
06-08 15:39:28.972  1332  1332 D OpenGLRenderer: Flushing caches (mode 1)
06-08 15:39:29.078   488   488 I RegisteredComponentCache: ComponentInfo: ResolveInfo{41344a70 com.android.apps.tag.TagViewer p=0 o=0 m=0x108000}, techs: android.nfc.tech.Ndef, 
06-08 15:39:29.129  1643  1643 I Launcher: setLoadOnResume
06-08 15:39:29.281   151   171 D dalvikvm: GC_EXPLICIT freed 681K, 10% free 15074K/16647K, paused 32ms+24ms
06-08 15:39:29.285   151   167 D PackageManager: generateServicesMap(android.accounts.AccountAuthenticator): 3 services unchanged
06-08 15:39:29.347  4350  4361 D Finsky  : [241] 1.packageInstalled: Package install status for "com.rovio.angrybirdsspace.premium" is 1
06-08 15:39:29.355   151   558 I ActivityManager: Start proc com.android.gallery3d for broadcast com.android.gallery3d/.app.PackagesMonitor: pid=4500 uid=10016 gids={3003, 1015}
06-08 15:39:29.816  4500  4500 I ActivityThread: Pub com.android.gallery3d.provider: com.android.gallery3d.provider.GalleryProvider
06-08 15:39:29.968   388   390 D dalvikvm: GC_CONCURRENT freed 175K, 6% free 10436K/11079K, paused 3ms+7ms
06-08 15:39:30.097   151   167 D PackageManager: generateServicesMap(android.content.SyncAdapter): 10 services unchanged
06-08 15:39:30.187   151   167 W ResourceType: Failure getting entry for 0x7f060000 (t=5 e=0) in package 0 (error -75)
06-08 15:39:30.351   151   505 I ActivityManager: Start proc com.google.android.gallery3d for broadcast com.google.android.gallery3d/com.android.gallery3d.app.PackagesMonitor: pid=4514 uid=10017 gids={3003, 1015}
06-08 15:39:30.441   151   167 D BackupManagerService: Received broadcast Intent { act=android.intent.action.PACKAGE_ADDED dat=package:com.rovio.angrybirdsspace.premium flg=0x10000010 (has extras) }
06-08 15:39:30.547  4514  4514 I ActivityThread: Pub com.google.android.gallery3d.GooglePhotoProvider: com.google.android.picasasync.PicasaContentProvider
06-08 15:39:30.547   151   167 V BackupManagerService: addPackageParticipantsLocked: #1
06-08 15:39:30.992  4514  4515 D dalvikvm: GC_CONCURRENT freed 417K, 6% free 9118K/9607K, paused 65ms+1ms
06-08 15:39:31.035  4514  4514 I ActivityThread: Pub com.google.android.gallery3d.provider: com.android.gallery3d.provider.GalleryProvider
06-08 15:39:31.140  4514  4515 D dalvikvm: GC_CONCURRENT freed 407K, 5% free 9188K/9671K, paused 3ms+10ms
06-08 15:39:31.316  4514  4514 D UploadsManager: load newPhotoTracker: null
06-08 15:39:31.316  4514  4514 D UploadsManager: load all accounts: null
06-08 15:39:31.316  4514  4514 D UploadsManager: load all account-album pairs: null
06-08 15:39:31.320  4514  4514 V PicasaContentProvider: querySettings: defaults: {sync_on_wifi_only=1, auto_upload_account_type=null, sync_on_battery=1, sync_picasa_on_wifi_only=1, auto_upload_enabled=0, video_upload_wifi_only=1, sync_on_roaming=0, auto_upload_account_name=null}
06-08 15:39:31.332  4514  4514 D UploadsManager:    settings not changed
06-08 15:39:31.359  4514  4529 D PicasaSync: sync account database
06-08 15:39:31.406   151   505 I ActivityManager: Start proc com.google.android.partnersetup for broadcast com.google.android.partnersetup/.RlzPingBroadcastReceiver: pid=4530 uid=10022 gids={3003}
06-08 15:39:31.480  4530  4530 I ActivityThread: Pub com.google.android.partnersetup.rlzprovider: com.google.android.partnersetup.RlzProvider
06-08 15:39:31.488  4530  4530 I ActivityThread: Pub com.google.android.partnersetup.rlzappprovider: com.google.android.partnersetup.RlzAppProvider
06-08 15:39:31.586  4514  4529 D PicasaSync: accounts in DB=1
06-08 15:39:31.586  4514  4529 V PicasaContentProvider: querySettings: defaults: {sync_on_wifi_only=1, auto_upload_account_type=null, sync_on_battery=1, sync_picasa_on_wifi_only=1, auto_upload_enabled=0, video_upload_wifi_only=1, sync_on_roaming=0, auto_upload_account_name=null}
06-08 15:39:31.754  4514  4529 D PicasaSyncManager: active network: NetworkInfo: type: WIFI[], state: CONNECTED/CONNECTED, reason: (unspecified), extra: (none), roaming: false, failover: false, isAvailable: true
06-08 15:39:31.757   151   917 I ActivityManager: Start proc com.android.musicfx for broadcast com.android.musicfx/.Compatibility$Receiver: pid=4543 uid=10034 gids={3003, 3002}
06-08 15:39:31.765  4514  4529 D PicasaSyncManager: background data: true
06-08 15:39:31.855   151   163 I ActivityManager: Start proc com.svox.pico for broadcast com.svox.pico/.VoiceDataInstallerReceiver: pid=4557 uid=10039 gids={1015}
06-08 15:39:31.914  4557  4557 I ActivityThread: Pub com.svox.pico.providers.SettingsProvider: com.svox.pico.providers.SettingsProvider
06-08 15:39:31.945  4514  4529 D PicasaSyncManager: battery info: true
06-08 15:39:32.797  4350  4350 D Finsky  : [1] DetailsDataBasedFragment.rebindViews: Page [class=DetailsFragment] loaded in [53545 ms] (partial? false)
06-08 15:39:32.882   151   469 I ActivityManager: Start proc com.android.voicedialer for broadcast com.android.voicedialer/.VoiceDialerReceiver: pid=4571 uid=10051 gids={3002}
06-08 15:39:32.988   151   162 I ActivityManager: No longer want com.google.android.apps.uploader (pid 4154): hidden #16
06-08 15:39:33.597  4350  4351 D dalvikvm: GC_CONCURRENT freed 1630K, 11% free 19717K/22151K, paused 14ms+189ms
06-08 15:39:33.648  4350  4350 D Finsky  : [1] DetailsDataBasedFragment.rebindViews: Page [class=DetailsFragment] loaded in [54413 ms] (partial? true)
06-08 15:39:33.875   151   162 I ActivityManager: Start proc com.google.android.googlequicksearchbox for broadcast com.google.android.googlequicksearchbox/.SourceUpdateReceiver: pid=4584 uid=10023 gids={3003}
06-08 15:39:33.980  1643  1643 I Launcher: setLoadOnResume
06-08 15:39:34.007  1643  1643 I Launcher: setLoadOnResume
06-08 15:39:34.023  1643  1643 I Launcher: setLoadOnResume
06-08 15:39:34.023  1643  1643 I Launcher: setLoadOnResume
06-08 15:39:34.035  4584  4584 I ActivityThread: Pub com.google.android.googlequicksearchbox.shortcuts: com.google.android.googlequicksearchbox.WebHistoryProvider
06-08 15:39:34.039  4584  4584 I ActivityThread: Pub com.google.android.googlequicksearchbox.google: com.google.android.googlequicksearchbox.google.GoogleSuggestionProvider
06-08 15:39:34.097  1643  1643 I Launcher: setLoadOnResume
06-08 15:39:34.140  1643  1643 I Launcher: setLoadOnResume
06-08 15:39:34.183   151   505 I ActivityManager: Start proc com.android.quicksearchbox for broadcast com.android.quicksearchbox/.CorporaUpdateReceiver: pid=4598 uid=10042 gids={3003}
06-08 15:39:34.183   151   505 I ActivityManager: No longer want com.android.calendar (pid 3934): hidden #16
06-08 15:39:34.289    80    80 D dalvikvm: GC_EXPLICIT freed 37K, 4% free 9031K/9347K, paused 7ms+13ms
06-08 15:39:34.340  4598  4598 I ActivityThread: Pub com.android.quicksearchbox.google: com.android.quicksearchbox.google.GoogleSuggestionProvider
06-08 15:39:34.386    80    80 D dalvikvm: GC_EXPLICIT freed <1K, 4% free 9031K/9347K, paused 9ms+7ms
06-08 15:39:34.402  4598  4598 I ActivityThread: Pub com.android.quicksearchbox.shortcuts: com.android.quicksearchbox.ShortcutsProvider
06-08 15:39:34.410   151  4255 I ActivityManager: No longer want com.android.deskclock (pid 3950): hidden #16
06-08 15:39:34.457    80    80 D dalvikvm: GC_EXPLICIT freed <1K, 4% free 9031K/9347K, paused 4ms+3ms
06-08 15:39:34.980   476   476 D SAN_SERVICE: *******************************************
06-08 15:39:34.980   476   476 D SAN_SERVICE: DM App Phone Service State - 0
06-08 15:39:34.980   476   476 D SAN_SERVICE: *******************************************
06-08 15:39:35.234   476   476 D SAN_SERVICE: *******************************************
06-08 15:39:35.234   476   476 D SAN_SERVICE: DM App Phone Service State - 0
06-08 15:39:35.234   476   476 D SAN_SERVICE: *******************************************
06-08 15:39:35.715   476   476 D SAN_SERVICE: *******************************************
06-08 15:39:35.715   476   476 D SAN_SERVICE: DM App Phone Service State - 0
06-08 15:39:35.715   476   476 D SAN_SERVICE: *******************************************
06-08 15:39:42.332   151   167 D PackageManager: generateServicesMap(android.accounts.AccountAuthenticator): 3 services unchanged
06-08 15:39:42.332   151   167 D PackageManager: generateServicesMap(android.content.SyncAdapter): 10 services unchanged
06-08 15:39:42.558   488   488 I RegisteredComponentCache: ComponentInfo: ResolveInfo{413495f0 com.android.apps.tag.TagViewer p=0 o=0 m=0x108000}, techs: android.nfc.tech.Ndef, 
06-08 15:39:42.715  4500  4502 D dalvikvm: GC_CONCURRENT freed 368K, 5% free 9167K/9607K, paused 26ms+17ms
06-08 15:39:42.867  4514  4515 D dalvikvm: GC_CONCURRENT freed 397K, 6% free 9293K/9799K, paused 2ms+4ms
06-08 15:39:43.105  1643  1645 D dalvikvm: GC_CONCURRENT freed 4129K, 36% free 12018K/18567K, paused 8ms+10ms
06-08 15:39:44.496  1332  1332 D OpenGLRenderer: Flushing caches (mode 1)
06-08 15:39:48.242  1332  1332 D OpenGLRenderer: Flushing caches (mode 1)
06-08 15:39:48.843  4350  4350 D Finsky  : [1] 5.onFinished: Installation state replication succeeded.
06-08 15:39:53.066   151   153 D dalvikvm: GC_CONCURRENT freed 2966K, 19% free 13543K/16647K, paused 3ms+7ms
06-08 15:39:54.656  1278  1296 I PhoneLab-: Service Running
06-08 15:39:54.797  1278  1296 I PhoneLab-LoggerService: app_38    1302  1278  1772   1328  c00f181c 400107b4 S logcat
06-08 15:39:54.797  1278  1296 I PhoneLab-LoggerService: Logcat pid from database 1302
06-08 15:39:54.797  1278  1296 I PhoneLab-LoggerService: Logcat process found 1302
06-08 15:39:54.797  1278  1296 I PhoneLab-LoggerService: Checking Threshold
06-08 15:40:00.507  4350  4351 D dalvikvm: GC_CONCURRENT freed 2415K, 13% free 19349K/22151K, paused 3ms+9ms
06-08 15:40:00.554  4350  4370 D dalvikvm: GC_FOR_ALLOC freed 78K, 14% free 19271K/22151K, paused 42ms
06-08 15:40:00.558  4350  4370 I dalvikvm-heap: Grow heap (frag case) to 19.316MB for 449296-byte allocation
06-08 15:40:00.621  4350  4350 D dalvikvm: GC_FOR_ALLOC freed 67K, 14% free 19642K/22599K, paused 42ms
06-08 15:40:00.742  4350  4370 D dalvikvm: GC_FOR_ALLOC freed 354K, 13% free 19872K/22599K, paused 41ms
06-08 15:40:00.742  4350  4370 I dalvikvm-heap: Grow heap (frag case) to 19.903MB for 449296-byte allocation
06-08 15:40:00.804  4350  4350 D dalvikvm: GC_FOR_ALLOC freed 6K, 12% free 20304K/23047K, paused 44ms
06-08 15:40:00.871  4350  4370 D dalvikvm: GC_FOR_ALLOC freed 86K, 12% free 20368K/23047K, paused 41ms
06-08 15:40:00.875  4350  4370 I dalvikvm-heap: Grow heap (frag case) to 20.067MB for 112336-byte allocation
06-08 15:40:00.929  4350  4350 D dalvikvm: GC_FOR_ALLOC freed 2K, 12% free 20475K/23175K, paused 43ms
06-08 15:40:01.004  4350  4370 D dalvikvm: GC_FOR_ALLOC freed 84K, 12% free 20529K/23175K, paused 55ms
06-08 15:40:01.007  4350  4370 I dalvikvm-heap: Grow heap (frag case) to 20.544MB for 449296-byte allocation
06-08 15:40:01.074  4350  4350 D dalvikvm: GC_FOR_ALLOC freed <1K, 12% free 20967K/23623K, paused 50ms
06-08 15:40:01.136  4350  4370 D dalvikvm: GC_FOR_ALLOC freed 122K, 12% free 21021K/23623K, paused 43ms
06-08 15:40:01.144  4350  4370 I dalvikvm-heap: Grow heap (frag case) to 21.025MB for 449296-byte allocation
06-08 15:40:01.203  4350  4350 D dalvikvm: GC_FOR_ALLOC freed 3K, 11% free 21456K/24071K, paused 44ms
06-08 15:40:01.664  4350  4370 D dalvikvm: GC_FOR_ALLOC freed 5264K, 29% free 17109K/24071K, paused 47ms
06-08 15:40:01.824   151   205 I ActivityManager: START {act=android.intent.action.MAIN cat=[android.intent.category.HOME] flg=0x10200000 cmp=com.android.launcher/com.android.launcher2.Launcher} from pid 151
06-08 15:40:01.906   151   205 D dalvikvm: GC_FOR_ALLOC freed 115K, 20% free 13466K/16647K, paused 55ms
06-08 15:40:01.906   151   205 I dalvikvm-heap: Grow heap (frag case) to 13.348MB for 129616-byte allocation
06-08 15:40:01.972   151   206 D dalvikvm: GC_FOR_ALLOC freed 6K, 20% free 13586K/16775K, paused 48ms
06-08 15:40:01.976   151   205 I ActivityManager: START {act=android.intent.action.MAIN cat=[android.intent.category.HOME] flg=0x10200000 cmp=com.android.launcher/com.android.launcher2.Launcher} from pid 151
06-08 15:40:01.984   151   205 I ActivityManager: START {act=android.intent.action.MAIN cat=[android.intent.category.HOME] flg=0x10200000 cmp=com.android.launcher/com.android.launcher2.Launcher} from pid 151
06-08 15:40:01.988   151   205 I ActivityManager: START {act=android.intent.action.MAIN cat=[android.intent.category.HOME] flg=0x10200000 cmp=com.android.launcher/com.android.launcher2.Launcher} from pid 151
06-08 15:40:01.996   151   205 I ActivityManager: START {act=android.intent.action.MAIN cat=[android.intent.category.HOME] flg=0x10200000 cmp=com.android.launcher/com.android.launcher2.Launcher} from pid 151
06-08 15:40:02.004   151   205 I ActivityManager: START {act=android.intent.action.MAIN cat=[android.intent.category.HOME] flg=0x10200000 cmp=com.android.launcher/com.android.launcher2.Launcher} from pid 151
06-08 15:40:02.011  4350  4351 D dalvikvm: GC_CONCURRENT freed 329K, 22% free 18827K/24071K, paused 5ms+88ms
06-08 15:40:02.101   151   205 I ActivityManager: START {act=android.intent.action.MAIN cat=[android.intent.category.HOME] flg=0x10200000 cmp=com.android.launcher/com.android.launcher2.Launcher} from pid 151
06-08 15:40:02.281   151   205 I ActivityManager: START {act=android.intent.action.MAIN cat=[android.intent.category.HOME] flg=0x10200000 cmp=com.android.launcher/com.android.launcher2.Launcher} from pid 151
06-08 15:40:02.336   388   403 D dalvikvm: GC_EXPLICIT freed 201K, 7% free 10335K/11079K, paused 15ms+12ms
06-08 15:40:02.461   151   205 I ActivityManager: START {act=android.intent.action.MAIN cat=[android.intent.category.HOME] flg=0x10200000 cmp=com.android.launcher/com.android.launcher2.Launcher} from pid 151
06-08 15:40:02.644  4350  4350 D OpenGLRenderer: Flushing caches (mode 0)
06-08 15:40:03.836   151   558 I ActivityManager: No longer want com.android.providers.calendar (pid 1974): hidden #16
06-08 15:40:03.855  4350  4350 D OpenGLRenderer: Flushing caches (mode 1)
06-08 15:40:07.441  4350  4379 D Finsky  : [259] OnCompleteListenerNotifier.doInBackground: Signature check not required.
06-08 15:40:07.566  1789  1791 D dalvikvm: GC_CONCURRENT freed 426K, 6% free 9432K/9991K, paused 21ms+5ms
06-08 15:40:07.679   151   171 W ActivityManager: No content provider found for permission revoke: file:///data/data/com.android.providers.downloads/cache/downloadfile.apk
06-08 15:40:07.824   151   171 W ActivityManager: No content provider found for permission revoke: file:///data/data/com.android.providers.downloads/cache/downloadfile.apk
06-08 15:40:07.972   151   171 D dalvikvm: GC_FOR_ALLOC freed 643K, 18% free 13889K/16775K, paused 52ms
06-08 15:40:08.363   151   153 D dalvikvm: GC_CONCURRENT freed 490K, 14% free 14500K/16775K, paused 4ms+6ms
06-08 15:40:08.664   151   153 D dalvikvm: GC_CONCURRENT freed 1321K, 14% free 14447K/16775K, paused 5ms+6ms
06-08 15:40:08.847   151   153 D dalvikvm: GC_CONCURRENT freed 1250K, 14% free 14476K/16775K, paused 3ms+6ms
06-08 15:40:09.039   151   153 D dalvikvm: GC_CONCURRENT freed 1281K, 14% free 14475K/16775K, paused 2ms+6ms
06-08 15:40:09.238   151   153 D dalvikvm: GC_CONCURRENT freed 1247K, 14% free 14494K/16775K, paused 3ms+7ms
06-08 15:40:09.445   151   153 D dalvikvm: GC_CONCURRENT freed 1270K, 14% free 14492K/16775K, paused 3ms+6ms
06-08 15:40:09.636   151   171 D dalvikvm: GC_EXPLICIT freed 488K, 14% free 14440K/16775K, paused 3ms+20ms
06-08 15:40:09.652  4350  4362 D Finsky  : [242] 1.packageInstalled: Package install status for "com.android.vending" is -104
06-08 15:40:09.652  4350  4362 W Finsky  : [242] 1.packageInstalled: Package name mismatsch: ours:  package manager's: com.android.vending
06-08 15:40:12.429   476   476 D SAN_SERVICE: *******************************************
06-08 15:40:12.429   476   476 D SAN_SERVICE: DM App Phone Service State - 0
06-08 15:40:12.429   476   476 D SAN_SERVICE: *******************************************
06-08 15:40:13.207   476   476 D SAN_SERVICE: *******************************************
06-08 15:40:13.207   476   476 D SAN_SERVICE: DM App Phone Service State - 0
06-08 15:40:13.207   476   476 D SAN_SERVICE: *******************************************
06-08 15:40:17.535   476   476 D SAN_SERVICE: *******************************************
06-08 15:40:17.535   476   476 D SAN_SERVICE: DM App Phone Service State - 0
06-08 15:40:17.535   476   476 D SAN_SERVICE: *******************************************
06-08 15:40:24.707  1332  1332 D OpenGLRenderer: Flushing caches (mode 1)
06-08 15:40:32.914   476   476 D SAN_SERVICE: *******************************************
06-08 15:40:32.914   476   476 D SAN_SERVICE: DM App Phone Service State - 0
06-08 15:40:32.914   476   476 D SAN_SERVICE: *******************************************
06-08 15:40:43.132   476   476 D SAN_SERVICE: *******************************************
06-08 15:40:43.132   476   476 D SAN_SERVICE: DM App Phone Service State - 0
06-08 15:40:43.132   476   476 D SAN_SERVICE: *******************************************
06-08 15:40:43.683   476   476 D SAN_SERVICE: *******************************************
06-08 15:40:43.683   476   476 D SAN_SERVICE: DM App Phone Service State - 0
06-08 15:40:43.683   476   476 D SAN_SERVICE: *******************************************
06-08 15:41:00.007   151   168 I ActivityManager: No longer want com.android.sprintmenu (pid 4006): hidden #16
06-08 15:41:00.093   151   503 W ActivityManager: Scheduling restart of crashed service com.android.sprintmenu/.HiddenPhoneService in 5000ms
06-08 15:41:01.988   476   476 D SAN_SERVICE: *******************************************
06-08 15:41:01.988   476   476 D SAN_SERVICE: DM App Phone Service State - 0
06-08 15:41:01.988   476   476 D SAN_SERVICE: *******************************************
06-08 15:41:02.281   476   476 D SAN_SERVICE: *******************************************
06-08 15:41:02.281   476   476 D SAN_SERVICE: DM App Phone Service State - 0
06-08 15:41:02.281   476   476 D SAN_SERVICE: *******************************************
06-08 15:41:03.007   151   197 I power   : *** set_screen_state 0
06-08 15:41:03.062    79   120 D SurfaceFlinger: About to give-up screen, flinger = 0x8a0918
06-08 15:41:03.093   476   476 D SAN_SERVICE: *******************************************
06-08 15:41:03.093   476   476 D SAN_SERVICE: DM App Phone Service State - 0
06-08 15:41:03.093   476   476 D SAN_SERVICE: *******************************************
06-08 15:41:03.152   488  1865 D NfcService: NFC-C OFF, disconnect
06-08 15:41:03.207   476   479 D dalvikvm: GC_CONCURRENT freed 387K, 7% free 9502K/10119K, paused 2ms+14ms
06-08 15:41:05.144   151   168 I ActivityManager: Start proc com.android.sprintmenu for service com.android.sprintmenu/.HiddenPhoneService: pid=4633 uid=1001 gids={3002, 3001, 3003, 1015}
06-08 15:41:08.179   151   201 D dalvikvm: GC_FOR_ALLOC freed 1218K, 19% free 13640K/16775K, paused 57ms
06-08 15:41:08.179   151   201 I dalvikvm-heap: Grow heap (frag case) to 13.495MB for 104992-byte allocation
06-08 15:41:08.226   151   201 D dalvikvm: GC_FOR_ALLOC freed 20K, 19% free 13722K/16903K, paused 41ms
06-08 15:41:08.265   151   201 D dalvikvm: GC_FOR_ALLOC freed <1K, 19% free 13722K/16903K, paused 41ms
06-08 15:41:08.269   151   201 I dalvikvm-heap: Grow heap (frag case) to 13.575MB for 104992-byte allocation
06-08 15:41:08.308   151   201 D dalvikvm: GC_FOR_ALLOC freed <1K, 19% free 13825K/17031K, paused 41ms
06-08 15:41:08.359   151   201 D dalvikvm: GC_FOR_ALLOC freed <1K, 19% free 13829K/17031K, paused 42ms
06-08 15:41:08.359   151   201 I dalvikvm-heap: Grow heap (frag case) to 13.679MB for 104992-byte allocation
06-08 15:41:08.402   151   201 D dalvikvm: GC_FOR_ALLOC freed 1K, 19% free 13930K/17159K, paused 41ms
06-08 15:41:08.445   151   201 D dalvikvm: GC_FOR_ALLOC freed <1K, 19% free 13931K/17159K, paused 42ms
06-08 15:41:08.445   151   201 I dalvikvm-heap: Grow heap (frag case) to 13.779MB for 104992-byte allocation
06-08 15:41:08.488   151   201 D dalvikvm: GC_FOR_ALLOC freed <1K, 19% free 14033K/17287K, paused 41ms
06-08 15:41:08.535   151   201 D dalvikvm: GC_FOR_ALLOC freed <1K, 19% free 14138K/17287K, paused 41ms
06-08 15:41:08.535   151   201 I dalvikvm-heap: Grow heap (frag case) to 13.981MB for 104992-byte allocation
06-08 15:41:08.578   151   201 D dalvikvm: GC_FOR_ALLOC freed 1K, 19% free 14240K/17415K, paused 42ms
06-08 15:41:08.586   151   201 V TransportControlView: Create TCV com.android.internal.widget.TransportControlView@41423c48
06-08 15:41:08.617   388   388 D PhoneStatusBar: disable: < expand icons alerts ticker system_info back home RECENT* clock >
06-08 15:41:08.636  1332  1332 D OpenGLRenderer: Flushing caches (mode 1)
06-08 15:41:08.652   388   388 D PhoneStatusBar: disable: < expand icons alerts ticker system_info BACK* HOME* RECENT CLOCK* >
06-08 15:41:12.203   476   476 D SAN_SERVICE: *******************************************
06-08 15:41:12.203   476   476 D SAN_SERVICE: DM App Phone Service State - 0
06-08 15:41:12.203   476   476 D SAN_SERVICE: *******************************************
06-08 15:41:12.484   476   476 D SAN_SERVICE: *******************************************
06-08 15:41:12.484   476   476 D SAN_SERVICE: DM App Phone Service State - 0
06-08 15:41:12.484   476   476 D SAN_SERVICE: *******************************************
06-08 15:41:13.187   476   476 D SAN_SERVICE: *******************************************
06-08 15:41:13.187   476   476 D SAN_SERVICE: DM App Phone Service State - 0
06-08 15:41:13.187   476   476 D SAN_SERVICE: *******************************************
06-08 15:41:27.601   476   476 D SAN_SERVICE: *******************************************
06-08 15:41:27.601   476   476 D SAN_SERVICE: DM App Phone Service State - 0
06-08 15:41:27.601   476   476 D SAN_SERVICE: *******************************************
06-08 15:41:28.336   476   476 D SAN_SERVICE: *******************************************
06-08 15:41:28.336   476   476 D SAN_SERVICE: DM App Phone Service State - 0
06-08 15:41:28.336   476   476 D SAN_SERVICE: *******************************************
06-08 15:41:54.636  1278  1296 I PhoneLab-: Service Running
06-08 15:41:54.746  1278  1296 I PhoneLab-LoggerService: app_38    1302  1278  1772   1328  c00f181c 400107b4 S logcat
06-08 15:41:54.750  1278  1296 I PhoneLab-LoggerService: Logcat pid from database 1302
06-08 15:41:54.750  1278  1296 I PhoneLab-LoggerService: Logcat process found 1302
06-08 15:41:54.750  1278  1296 I PhoneLab-LoggerService: Checking Threshold
06-08 15:43:30.461   476   476 D SAN_SERVICE: *******************************************
06-08 15:43:30.461   476   476 D SAN_SERVICE: DM App Phone Service State - 0
06-08 15:43:30.461   476   476 D SAN_SERVICE: *******************************************
06-08 15:43:30.715   476   476 D SAN_SERVICE: *******************************************
06-08 15:43:30.715   476   476 D SAN_SERVICE: DM App Phone Service State - 0
06-08 15:43:30.715   476   476 D SAN_SERVICE: *******************************************
06-08 15:43:31.203   476   476 D SAN_SERVICE: *******************************************
06-08 15:43:31.203   476   476 D SAN_SERVICE: DM App Phone Service State - 0
06-08 15:43:31.203   476   476 D SAN_SERVICE: *******************************************
06-08 15:43:40.707   476   476 D SAN_SERVICE: *******************************************
06-08 15:43:40.707   476   476 D SAN_SERVICE: DM App Phone Service State - 0
06-08 15:43:40.707   476   476 D SAN_SERVICE: *******************************************
06-08 15:43:54.636  1278  1296 I PhoneLab-: Service Running
06-08 15:43:54.738  1278  1296 I PhoneLab-LoggerService: app_38    1302  1278  1772   1328  c00f181c 400107b4 S logcat
06-08 15:43:54.738  1278  1296 I PhoneLab-LoggerService: Logcat pid from database 1302
06-08 15:43:54.738  1278  1296 I PhoneLab-LoggerService: Logcat process found 1302
06-08 15:43:54.738  1278  1296 I PhoneLab-LoggerService: Checking Threshold
06-08 15:45:54.050   476   476 D SAN_SERVICE: *******************************************
06-08 15:45:54.050   476   476 D SAN_SERVICE: DM App Phone Service State - 0
06-08 15:45:54.050   476   476 D SAN_SERVICE: *******************************************
06-08 15:45:54.211   476   476 D SAN_SERVICE: *******************************************
06-08 15:45:54.211   476   476 D SAN_SERVICE: DM App Phone Service State - 0
06-08 15:45:54.211   476   476 D SAN_SERVICE: *******************************************
06-08 15:45:54.636  1278  1296 I PhoneLab-: Service Running
06-08 15:45:54.722  1278  1280 D dalvikvm: GC_CONCURRENT freed 405K, 15% free 9252K/10759K, paused 6ms+2ms
06-08 15:45:54.726  1278  1296 I PhoneLab-LoggerService: app_38    1302  1278  1772   1328  c00f181c 400107b4 S logcat
06-08 15:45:54.726  1278  1296 I PhoneLab-LoggerService: Logcat pid from database 1302
06-08 15:45:54.726  1278  1296 I PhoneLab-LoggerService: Logcat process found 1302
06-08 15:45:54.726  1278  1296 I PhoneLab-LoggerService: Checking Threshold
06-08 15:46:00.613   476   476 D SAN_SERVICE: *******************************************
06-08 15:46:00.613   476   476 D SAN_SERVICE: DM App Phone Service State - 0
06-08 15:46:00.613   476   476 D SAN_SERVICE: *******************************************
06-08 15:46:41.617   476   476 D SAN_SERVICE: *******************************************
06-08 15:46:41.617   476   476 D SAN_SERVICE: DM App Phone Service State - 0
06-08 15:46:41.617   476   476 D SAN_SERVICE: *******************************************
06-08 15:46:41.828   476   476 D SAN_SERVICE: *******************************************
06-08 15:46:41.828   476   476 D SAN_SERVICE: DM App Phone Service State - 0
06-08 15:46:41.828   476   476 D SAN_SERVICE: *******************************************
06-08 15:47:10.668   476   476 D SAN_SERVICE: *******************************************
06-08 15:47:10.668   476   476 D SAN_SERVICE: DM App Phone Service State - 0
06-08 15:47:10.668   476   476 D SAN_SERVICE: *******************************************
06-08 15:47:10.922   476   476 D SAN_SERVICE: *******************************************
06-08 15:47:10.922   476   476 D SAN_SERVICE: DM App Phone Service State - 0
06-08 15:47:10.922   476   476 D SAN_SERVICE: *******************************************
06-08 15:47:11.695   476   476 D SAN_SERVICE: *******************************************
06-08 15:47:11.695   476   476 D SAN_SERVICE: DM App Phone Service State - 0
06-08 15:47:11.695   476   476 D SAN_SERVICE: *******************************************
06-08 15:47:22.554   718   720 D dalvikvm: GC_CONCURRENT freed 399K, 10% free 10523K/11591K, paused 15ms+16ms
06-08 15:47:22.554   151   193 I ActivityManager: Start proc com.google.android.gm for service com.google.android.gm/.provider.MailSyncAdapterService: pid=4674 uid=10019 gids={3003, 1015}
06-08 15:47:22.656  4674  4674 I ActivityThread: Pub gmail-ls: com.google.android.gm.provider.MailProvider
06-08 15:47:22.726  4674  4674 I ActivityThread: Pub com.google.android.gmail.SuggestionProvider: com.google.android.gm.SuggestionsProvider
06-08 15:47:22.754  4674  4674 I ActivityThread: Pub com.google.android.gm: com.google.android.gm.provider.PublicContentProvider
06-08 15:47:23.070   151   471 D dalvikvm: GC_EXPLICIT freed 494K, 18% free 14380K/17415K, paused 13ms+6ms
06-08 15:47:23.547  4674  4677 D dalvikvm: GC_CONCURRENT freed 227K, 4% free 9252K/9607K, paused 3ms+4ms
06-08 15:47:23.664  4674  4691 I Gmail   : calculateUnknownSyncRationalesAndPurgeInBackground: queueing
06-08 15:47:23.707  4674  4691 I Gmail   : calculateUnknownSyncRationalesAndPurgeInBackground: queueing
06-08 15:47:23.722  4674  4691 I Gmail   : calculateUnknownSyncRationalesAndPurgeInBackground: running
06-08 15:47:23.777  4674  4677 D dalvikvm: GC_CONCURRENT freed 338K, 5% free 9329K/9799K, paused 2ms+3ms
06-08 15:47:23.906  4674  4690 I Gmail   : MainSyncRequestProto: lowestBkwdConvoId: 0, highestHandledServerOp: 984421, normalSync: true
06-08 15:47:23.941  4674  4691 I Gmail   : calculateUnknownSyncRationalesAndPurgeInBackground: running
06-08 15:47:24.054  1332  1332 D OpenGLRenderer: Flushing caches (mode 1)
06-08 15:47:26.410  4674  4677 D dalvikvm: GC_CONCURRENT freed 307K, 5% free 9433K/9863K, paused 22ms+2ms
06-08 15:47:26.988  4674  4677 D dalvikvm: GC_CONCURRENT freed 387K, 6% free 9469K/9991K, paused 2ms+1ms
06-08 15:47:27.027  4674  4690 D dalvikvm: GC_EXPLICIT freed 18K, 6% free 9455K/9991K, paused 2ms+3ms
06-08 15:47:27.039  4674  4690 I Gmail   : MainSyncRequestProto: lowestBkwdConvoId: 0, highestHandledServerOp: 984658, normalSync: true
06-08 15:47:27.070  1332  1332 D OpenGLRenderer: Flushing caches (mode 1)
06-08 15:47:27.742  4674  4690 D dalvikvm: GC_EXPLICIT freed 166K, 5% free 9508K/9991K, paused 9ms+2ms
06-08 15:47:27.750  4674  4690 I Gmail   : MainSyncRequestProto: lowestBkwdConvoId: 0, highestHandledServerOp: 984658, normalSync: true
06-08 15:47:27.777  4674  4690 W Gmail   : Scheduling index for 300000 ms from now
06-08 15:47:27.824  4674  4690 I Gmail   : Sending notification intent: Intent { act=android.intent.action.PROVIDER_CHANGED dat=content://gmail-ls/unread/^i (has extras) }
06-08 15:47:27.875  4674  4690 I Gmail   : Sending notification intent: Intent { act=android.intent.action.PROVIDER_CHANGED dat=content://gmail-ls/unread/^iim (has extras) }
06-08 15:47:27.894  4674  4697 W Gmail   : Showing notification with unreadCount of 1 and unseenCount of 1
06-08 15:47:28.215   151   471 I ActivityManager: No longer want edu.buffalo.cse.phonelab.phonelabservices (pid 1278): hidden #16
06-08 15:47:28.230   151   917 W ActivityManager: Scheduling restart of crashed service edu.buffalo.cse.phonelab.phonelabservices/edu.buffalo.cse.phonelab.datalogger.LoggerService in 5000ms
06-08 15:47:28.418   151   917 D dalvikvm: GC_FOR_ALLOC freed 217K, 18% free 14385K/17415K, paused 96ms
06-08 15:47:28.418   151   917 I dalvikvm-heap: Grow heap (frag case) to 14.246MB for 129616-byte allocation
06-08 15:47:28.472   151  4255 D dalvikvm: GC_FOR_ALLOC freed 7K, 18% free 14504K/17543K, paused 41ms
06-08 15:47:28.597   151  4700 I AudioService:  AudioFocus  requestAudioFocus() from android.media.AudioManager@416cc970
06-08 15:47:28.629   388   388 D dalvikvm: GC_FOR_ALLOC freed 175K, 6% free 10466K/11079K, paused 26ms
06-08 15:47:28.629    82   127 D AudioHardware: AudioHardware pcm playback is exiting standby.
06-08 15:47:28.629    82   127 D AudioHardware: openPcmOut_l() mPcmOpenCnt: 0
06-08 15:47:28.636   388   388 I dalvikvm-heap: Grow heap (frag case) to 10.466MB for 184336-byte allocation
06-08 15:47:28.648   388   388 D dalvikvm: GC_FOR_ALLOC freed 17K, 6% free 10629K/11271K, paused 16ms
06-08 15:47:28.816   388   388 D dalvikvm: GC_FOR_ALLOC freed 324K, 8% free 10447K/11271K, paused 19ms
06-08 15:47:30.523   151  4700 I AudioService:  AudioFocus  abandonAudioFocus() from android.media.AudioManager@416cc970
06-08 15:47:31.277   151   201 I power   : *** set_screen_state 1
06-08 15:47:31.379   151   201 I WindowManager: Lock screen displayed!
06-08 15:47:31.484    79   120 D SurfaceFlinger: Screen about to return, flinger = 0x8a0918
06-08 15:47:32.363   388   388 D PhoneStatusBar: disable: < expand icons alerts ticker system_info BACK HOME recent* CLOCK >
06-08 15:47:32.371   488   579 D NfcService: NFC-C ON
06-08 15:47:32.386   388   388 D PhoneStatusBar: disable: < expand icons alerts ticker system_info back* home* recent clock* >
06-08 15:47:32.402   151   505 W InputManagerService: Window already focused, ignoring focus gain of: com.android.internal.view.IInputMethodClient$Stub$Proxy@41368120
06-08 15:47:33.152   151  4709 I AudioService:  AudioFocus  abandonAudioFocus() from android.media.AudioManager@416cc970
06-08 15:47:33.261   151   168 I ActivityManager: Start proc edu.buffalo.cse.phonelab.phonelabservices for service edu.buffalo.cse.phonelab.phonelabservices/edu.buffalo.cse.phonelab.datalogger.LoggerService: pid=4710 uid=10038 gids={3003, 1015, 1007, 2001}
06-08 15:47:33.328  4710  4710 I PhoneLab-LoggerService: Start Logger Service
06-08 15:47:33.340  4710  4723 I PhoneLab-: Service Running
06-08 15:47:33.437  4710  4723 I PhoneLab-LoggerService: app_38    1302  1     1772   1328  c00f181c 400107b4 S logcat
06-08 15:47:33.437  4710  4723 I PhoneLab-LoggerService: Logcat pid from database 1302
06-08 15:47:33.437  4710  4723 I PhoneLab-LoggerService: Logcat process found 1302
06-08 15:47:33.437  4710  4723 I PhoneLab-LoggerService: Checking Threshold
06-08 15:47:35.238   151   205 I ActivityManager: START {act=android.intent.action.MAIN cat=[android.intent.category.HOME] flg=0x10200000 cmp=com.android.launcher/com.android.launcher2.Launcher} from pid 151
06-08 15:47:35.527   151   503 W InputManagerService: Window already focused, ignoring focus gain of: com.android.internal.view.IInputMethodClient$Stub$Proxy@4158e758
06-08 15:47:35.531    82   127 D AudioHardware: AudioHardware pcm playback is going to standby.
06-08 15:47:35.531    82   127 D AudioHardware: closePcmOut_l() mPcmOpenCnt: 1
06-08 15:47:36.082  1765  1765 I wpa_supplicant: wlan0: WPA: Group rekeying completed with d0:c2:82:84:8d:50 [GTK=TKIP]
06-08 15:47:36.148   476   476 D SAN_SERVICE: *******************************************
06-08 15:47:36.152   476   476 D SAN_SERVICE: DM App Phone Service State - 0
06-08 15:47:36.152   476   476 D SAN_SERVICE: *******************************************
06-08 15:47:36.941   476   476 D SAN_SERVICE: *******************************************
06-08 15:47:36.941   476   476 D SAN_SERVICE: DM App Phone Service State - 0
06-08 15:47:36.941   476   476 D SAN_SERVICE: *******************************************
06-08 15:47:37.179   151   206 I InputReader: Dropping virtual key from device cypress-touchkey because virtual keys are temporarily disabled for the next 69.584ms.  keyCode=4, scanCode=158
06-08 15:47:37.254   151   471 I ActivityManager: START {act=android.intent.action.MAIN cat=[android.intent.category.LAUNCHER] flg=0x10200000 cmp=com.android.browser/.BrowserActivity bnds=[384,706][480,802]} from pid 1643
06-08 15:47:37.273    82   127 D AudioHardware: AudioHardware pcm playback is exiting standby.
06-08 15:47:37.273    82   127 D AudioHardware: openPcmOut_l() mPcmOpenCnt: 0
06-08 15:47:37.394   151   471 D dalvikvm: GC_FOR_ALLOC freed 475K, 19% free 14281K/17543K, paused 86ms
06-08 15:47:37.449  1899  1899 D WebViewTimersControl: onBrowserActivityResume
06-08 15:47:37.449  1899  1899 D WebViewTimersControl: Resuming webview timers, view=com.android.browser.BrowserWebView@4139dff8
06-08 15:47:37.449  1899  1899 W BaseUi  : mMainView is already attached to wrapper in attachTabToContentView!
06-08 15:47:37.449  1899  1899 W BaseUi  : mContainer is already attached to content in attachTabToContentView!
06-08 15:47:37.765  1643  1643 D OpenGLRenderer: Flushing caches (mode 0)
06-08 15:47:37.890   151   206 I InputReader: Dropping key up from device cypress-touchkey because the key was not down.  keyCode=4, scanCode=158
06-08 15:47:37.925  1899  1899 W IInputConnectionWrapper: showStatusIcon on inactive InputConnection
06-08 15:47:37.937  1643  1643 D OpenGLRenderer: Flushing caches (mode 1)
06-08 15:47:40.961   151   205 I ActivityManager: START {act=android.intent.action.MAIN cat=[android.intent.category.HOME] flg=0x10200000 cmp=com.android.launcher/com.android.launcher2.Launcher} from pid 151
06-08 15:47:41.054  1899  1899 D WebViewTimersControl: onBrowserActivityPause
06-08 15:47:41.054  1899  1899 D WebViewTimersControl: Pausing webview timers, view=com.android.browser.BrowserWebView@4139dff8
06-08 15:47:41.101  1899  1923 I SqliteDatabaseCpp: sqlite returned: error code = 1, msg = no such table: Permissions, db=/data/data/com.android.browser/databases/webview.db
06-08 15:47:41.187  1899  1899 D OpenGLRenderer: Flushing caches (mode 0)
06-08 15:47:41.215  1899  1899 D OpenGLRenderer: Flushing caches (mode 1)
06-08 15:47:41.215   151   503 W InputManagerService: Starting input on non-focused client com.android.internal.view.IInputMethodClient$Stub$Proxy@414b01a8 (uid=10003 pid=1899)
06-08 15:47:42.425   151   197 I power   : *** set_screen_state 0
06-08 15:47:42.480    79   120 D SurfaceFlinger: About to give-up screen, flinger = 0x8a0918
06-08 15:47:42.550   151   201 D dalvikvm: GC_FOR_ALLOC freed 1157K, 22% free 13741K/17543K, paused 58ms
06-08 15:47:42.597   488  1614 D NfcService: NFC-C OFF, disconnect
06-08 15:47:42.625   151   201 V TransportControlView: Create TCV com.android.internal.widget.TransportControlView@4170aca8
06-08 15:47:42.660   388   388 D PhoneStatusBar: disable: < expand icons alerts ticker system_info back home RECENT* clock >
06-08 15:47:42.679  1332  1332 D OpenGLRenderer: Flushing caches (mode 1)
06-08 15:47:42.691   388   388 D PhoneStatusBar: disable: < expand icons alerts ticker system_info BACK* HOME* RECENT CLOCK* >
06-08 15:47:43.203   151   167 I power   : *** set_screen_state 1
06-08 15:47:43.211   476   476 D SAN_SERVICE: *******************************************
06-08 15:47:43.211   476   476 D SAN_SERVICE: DM App Phone Service State - 0
06-08 15:47:43.211   476   476 D SAN_SERVICE: *******************************************
06-08 15:47:43.226  4710  4710 I PhoneLab-PowerOnReceiver: Power is plugged off!
06-08 15:47:43.293   151   201 I WindowManager: Lock screen displayed!
06-08 15:47:43.398    79   120 D SurfaceFlinger: Screen about to return, flinger = 0x8a0918
06-08 15:47:43.562   151   153 D dalvikvm: GC_CONCURRENT freed 447K, 18% free 14423K/17543K, paused 9ms+24ms
06-08 15:47:44.179   388   388 D dalvikvm: GC_FOR_ALLOC freed 388K, 8% free 10386K/11271K, paused 70ms
06-08 15:47:44.273   388   434 I StorageNotification: UMS connection changed to false (media state mounted)
06-08 15:47:44.390   388   388 D dalvikvm: GC_FOR_ALLOC freed 296K, 8% free 10375K/11271K, paused 54ms
06-08 15:47:44.476   388   388 D dalvikvm: GC_FOR_ALLOC freed 367K, 10% free 10189K/11271K, paused 47ms
06-08 15:47:44.625   388   390 D dalvikvm: GC_CONCURRENT freed 302K, 9% free 10338K/11271K, paused 2ms+12ms
06-08 15:47:45.867    82   127 D AudioHardware: AudioHardware pcm playback is going to standby.
06-08 15:47:45.867    82   127 D AudioHardware: closePcmOut_l() mPcmOpenCnt: 1
06-08 15:47:51.625   476   476 D SAN_SERVICE: *******************************************
06-08 15:47:51.625   476   476 D SAN_SERVICE: DM App Phone Service State - 0
06-08 15:47:51.625   476   476 D SAN_SERVICE: *******************************************
06-08 15:47:59.429   151   206 I InputReader: Dropping virtual key from device cypress-touchkey because virtual keys are temporarily disabled for the next 230.246ms.  keyCode=3, scanCode=102
06-08 15:48:00.195   151   206 I InputReader: Dropping key up from device cypress-touchkey because the key was not down.  keyCode=3, scanCode=102
06-08 15:48:03.484   476   476 D SAN_SERVICE: *******************************************
06-08 15:48:03.484   476   476 D SAN_SERVICE: DM App Phone Service State - 0
06-08 15:48:03.484   476   476 D SAN_SERVICE: *******************************************
06-08 15:48:03.523   476   479 D dalvikvm: GC_CONCURRENT freed 392K, 7% free 9503K/10119K, paused 15ms+2ms
06-08 15:48:04.277   476   476 D SAN_SERVICE: *******************************************
06-08 15:48:04.277   476   476 D SAN_SERVICE: DM App Phone Service State - 0
06-08 15:48:04.277   476   476 D SAN_SERVICE: *******************************************
06-08 15:48:43.761   151   197 I power   : *** set_screen_state 0
06-08 15:48:43.832    79   120 D SurfaceFlinger: About to give-up screen, flinger = 0x8a0918
06-08 15:48:43.914   151   201 D dalvikvm: GC_FOR_ALLOC freed 439K, 17% free 14666K/17543K, paused 47ms
06-08 15:48:43.914   151   201 I dalvikvm-heap: Grow heap (frag case) to 14.497MB for 104992-byte allocation
06-08 15:48:43.972   151   168 D dalvikvm: GC_FOR_ALLOC freed 36K, 17% free 14732K/17671K, paused 45ms
06-08 15:48:44.031   151   201 D dalvikvm: GC_FOR_ALLOC freed <1K, 17% free 14734K/17671K, paused 48ms
06-08 15:48:44.031   151   201 I dalvikvm-heap: Grow heap (frag case) to 14.563MB for 104992-byte allocation
06-08 15:48:44.086   151   168 D dalvikvm: GC_FOR_ALLOC freed 1K, 17% free 14835K/17799K, paused 43ms
06-08 15:48:44.140   151   201 D dalvikvm: GC_FOR_ALLOC freed <1K, 17% free 14836K/17799K, paused 43ms
06-08 15:48:44.140   151   201 I dalvikvm-heap: Grow heap (frag case) to 14.662MB for 104992-byte allocation
06-08 15:48:44.199   151   168 D dalvikvm: GC_FOR_ALLOC freed <1K, 17% free 14938K/17927K, paused 43ms
06-08 15:48:44.203   151   201 V TransportControlView: Create TCV com.android.internal.widget.TransportControlView@41423c48
06-08 15:48:45.027   476   476 D SAN_SERVICE: *******************************************
06-08 15:48:45.027   476   476 D SAN_SERVICE: DM App Phone Service State - 0
06-08 15:48:45.027   476   476 D SAN_SERVICE: *******************************************
06-08 15:48:45.269   476   476 D SAN_SERVICE: *******************************************
06-08 15:48:45.269   476   476 D SAN_SERVICE: DM App Phone Service State - 0
06-08 15:48:45.269   476   476 D SAN_SERVICE: *******************************************
06-08 15:50:23.359  4674  4677 D dalvikvm: GC_CONCURRENT freed 321K, 5% free 9605K/10055K, paused 5ms+5ms
06-08 15:50:23.359  4674  4742 I Gmail   : MainSyncRequestProto: lowestBkwdConvoId: 0, highestHandledServerOp: 984658, normalSync: true
06-08 15:50:23.398  1332  1332 D OpenGLRenderer: Flushing caches (mode 1)
06-08 15:50:23.824  4674  4742 D dalvikvm: GC_EXPLICIT freed 71K, 5% free 9582K/10055K, paused 2ms+2ms
06-08 15:50:23.832  4674  4742 I Gmail   : MainSyncRequestProto: lowestBkwdConvoId: 0, highestHandledServerOp: 984658, normalSync: true
06-08 15:50:23.840  4674  4742 W Gmail   : Scheduling index for 300000 ms from now
06-08 15:51:46.226   718  1312 I EventLogService: Aggregate from 1339183306116 (log), 1339183306116 (data)
06-08 15:56:49.046  1765  1765 I wpa_supplicant: wlan0: CTRL-EVENT-DISCONNECTED bssid=d0:c2:82:84:8d:50 reason=0
06-08 15:56:49.054    76   117 D CommandListener: Clearing all IP addresses on wlan0
06-08 15:56:49.105   151   313 D ConnectivityService: ConnectivityChange for WIFI: DISCONNECTED/DISCONNECTED
06-08 15:56:49.105   151   313 D ConnectivityService: Attempting to switch to mobile
06-08 15:56:49.121   151   313 D ConnectivityService: Attempting to switch to WIMAX
06-08 15:56:49.132   151   313 D ConnectivityService: Attempting to switch to BLUETOOTH_TETHER
06-08 15:56:49.152   151   313 E ConnectivityService: Exception trying to remove a route: java.lang.IllegalStateException: Unable to communicate with native dameon to add routes - com.android.server.NativeDaemonConnectorException: Cmd {interface route remove wlan0 default 128.205.248.254 32 0.0.0.0} failed with code 400 : {Failed to remove route from default table (No such process)}
06-08 15:56:49.156   151   313 D NetUtils: android_net_utils_resetConnections in env=0x2e4eb0 clazz=0xb1200001 iface=wlan0 mask=0x3
06-08 15:56:49.156   151   313 E ConnectivityService: Exception trying to remove a route: java.lang.IllegalStateException: Unable to communicate with native dameon to add routes - com.android.server.NativeDaemonConnectorException: Cmd {interface route remove wlan0 default 0.0.0.0 0 128.205.248.254} failed with code 400 : {Failed to remove route from default table (No such process)}
06-08 15:56:49.156   151   313 D ConnectivityService: resetConnections(wlan0, 3)
06-08 15:56:49.218   718  4300 W Smack/Packet: notify conn break (IOEx), close connection
06-08 15:56:49.406   718  4300 I qtaguid : Failed write_ctrl(u 67) res=-1 errno=22
06-08 15:56:49.406   718  4300 I qtaguid : Untagging socket 67 failed errno=-22
06-08 15:56:49.406   718  4300 W NetworkManagementSocketTagger: untagSocket(67) failed with errno -22
06-08 15:56:49.461   151   313 D ConnectivityService: handleInetConditionChange: no active default network - ignore
06-08 15:56:52.195   151   316 D Tethering: MasterInitialState.processMessage what=3
06-08 15:56:52.312  4514  4529 D PicasaSyncManager: active network: null
06-08 15:56:52.312  4514  4529 D PicasaSyncManager: background data: true
06-08 15:56:52.347   151   503 I ActivityManager: Start proc com.google.android.apps.uploader for broadcast com.google.android.apps.uploader/.ConnectivityBroadcastReceiver: pid=4763 uid=10031 gids={3003}
06-08 15:56:52.359  4763  4763 I dalvikvm: Turning on JNI app bug workarounds for target SDK version 11...
06-08 15:56:52.433  4763  4763 I ActivityThread: Pub com.google.android.apps.uploader: com.google.android.apps.uploader.UploadsContentProvider
06-08 15:56:52.433  4763  4763 I ActivityThread: Pub com.google.photos.provider.Album: com.google.android.apps.uploader.clients.picasa.AlbumProvider
06-08 15:56:52.441  4763  4763 D MediaUploader: UploaderApplication.onCreate
06-08 15:56:52.527  4763  4763 D MediaUploader: nonWifiLimit=20971520, default=20971520
06-08 15:56:52.535  4763  4763 I MediaUploader: No need to wake up
06-08 15:56:52.539   151   558 I ActivityManager: No longer want com.google.android.partnersetup (pid 4530): hidden #16
06-08 15:56:52.543  4710  4710 I PhoneLab-WiFiReceiver: Wi-Fi is disconnected!
06-08 15:56:52.652   151   503 D dalvikvm: GC_FOR_ALLOC freed 1224K, 19% free 14570K/17927K, paused 47ms
06-08 15:56:55.617   151   313 D ConnectivityService: ConnectivityChange for mobile: CONNECTED/CONNECTED
06-08 15:56:55.683   151   308 D NetworkPolicy: applying policy NetworkPolicy[NetworkTemplate: matchRule=MOBILE_ALL, subscriberId=valid]: cycleDay=8, warningBytes=2147483648, limitBytes=-1, lastSnooze=-1 to ifaces [rmnet0]
06-08 15:56:56.621   151   313 D ConnectivityService: NetTransition Wakelock for WifiStateMachine released by timeout
06-08 15:58:18.031   151   316 D Tethering: MasterInitialState.processMessage what=3
06-08 15:58:18.105  4763  4763 I MediaUploader: No need to wake up
06-08 15:58:18.113  4514  4529 D PicasaSyncManager: active network: NetworkInfo: type: mobile[CDMA - EvDo rev. A], state: CONNECTED/CONNECTED, reason: (unspecified), extra: , roaming: false, failover: true, isAvailable: true
06-08 15:58:18.113  4514  4529 D PicasaSyncManager: background data: true
06-08 15:58:18.179   718   720 D dalvikvm: GC_CONCURRENT freed 432K, 10% free 10498K/11591K, paused 16ms+3ms
06-08 15:58:29.023   718   718 I GTalkService/c: [AndroidEndpoint@1095436744] connect: acct=1000000, state=CONNECTING
06-08 15:58:31.336  1765  1765 I wpa_supplicant: wlan0: Trying to associate with d0:c2:82:66:6b:f0 (SSID='UB_Secure' freq=2462 MHz)
06-08 15:58:31.394  1765  1765 I wpa_supplicant: wlan0: Associated with d0:c2:82:66:6b:f0
06-08 15:58:31.394  1765  1765 I wpa_supplicant: wlan0: CTRL-EVENT-EAP-STARTED EAP authentication started
06-08 15:58:31.398  1765  1765 I wpa_supplicant: wlan0: CTRL-EVENT-EAP-PROPOSED-METHOD vendor=0 method=4 -> NAK
06-08 15:58:31.406  1765  1765 I wpa_supplicant: wlan0: CTRL-EVENT-EAP-PROPOSED-METHOD vendor=0 method=25
06-08 15:58:31.410  1765  1765 I wpa_supplicant: wlan0: CTRL-EVENT-EAP-METHOD EAP vendor 0 method 25 (PEAP) selected
06-08 15:58:31.480  1765  1765 I wpa_supplicant: wlan0: CTRL-EVENT-EAP-PEER-CERT depth=2 subject='/C=US/O=Entrust.net/OU=www.entrust.net/CPS incorp. by ref. (limits liab.)/OU=(c) 1999 Entrust.net Limited/CN=Entrust.net Secure Server Certification Authority'
06-08 15:58:31.484  1765  1765 I wpa_supplicant: wlan0: CTRL-EVENT-EAP-PEER-CERT depth=2 subject='/C=US/O=Entrust.net/OU=www.entrust.net/CPS incorp. by ref. (limits liab.)/OU=(c) 1999 Entrust.net Limited/CN=Entrust.net Secure Server Certification Authority'
06-08 15:58:31.488  1765  1765 I wpa_supplicant: wlan0: CTRL-EVENT-EAP-PEER-CERT depth=1 subject='/C=US/ST=UT/L=Salt Lake City/O=The USERTRUST Network/CN=USERTrust Legacy Secure Server CA'
06-08 15:58:31.492  1765  1765 I wpa_supplicant: wlan0: CTRL-EVENT-EAP-PEER-CERT depth=0 subject='/C=US/postalCode=14260/ST=New York/L=Buffalo/street=305 Computing Center/O=SUNY AT BUFFALO/OU=Issued through UNIVERSITY AT BUFFALO E-PKI Manager/OU=Comodo PremiumSSL Legacy/CN=radius1.cit.buffalo.edu'
06-08 15:58:31.679  1765  1765 I wpa_supplicant: EAP-MSCHAPV2: Authentication succeeded
06-08 15:58:31.687  1765  1765 I wpa_supplicant: EAP-TLV: TLV Result - Success - EAP-TLV/Phase2 Completed
06-08 15:58:31.691  1765  1765 I wpa_supplicant: wlan0: CTRL-EVENT-EAP-SUCCESS EAP authentication completed successfully
06-08 15:58:31.726  1765  1765 I wpa_supplicant: wlan0: WPA: Key negotiation completed with d0:c2:82:66:6b:f0 [PTK=CCMP GTK=TKIP]
06-08 15:58:31.726  1765  1765 I wpa_supplicant: wlan0: CTRL-EVENT-CONNECTED - Connection to d0:c2:82:66:6b:f0 completed (reauth) [id=0 id_str=]
06-08 15:58:32.445   151   313 D ConnectivityService: ConnectivityChange for WIFI: CONNECTED/CONNECTED
06-08 15:58:32.445   151   313 D ConnectivityService: Policy requires mobile teardown
06-08 15:58:32.519  4710  4710 I PhoneLab-WiFiReceiver: Wi-Fi is connected!
06-08 15:58:32.531  4710  4710 I PhoneLab-WiFiReceiver: SSID: UB_Secure BSSID: d0:c2:82:66:6b:f0 RSSI: -200 LinkSpeed: -1
06-08 15:58:32.539  4710  4710 I PhoneLab-Locks: wake lock acquired
06-08 15:58:32.546  4710  4710 I PhoneLab-UploadLogs: Transfering log files now
06-08 15:58:32.550   151   313 D ConnectivityService: ConnectivityChange for mobile: DISCONNECTED/DISCONNECTED
06-08 15:58:32.550   151   313 D ConnectivityService: Attempting to switch to WIFI
06-08 15:58:32.558   151   307 W NetworkStats: dropping UID delta from unknown iface: iface=wlan0 uid=0 set=DEFAULT tag=0x0 rxBytes=52 rxPackets=1 txBytes=140 txPackets=2 operations=0
06-08 15:58:32.566  4710  4710 I PhoneLab-UploadLogs: No log files to transfer
06-08 15:58:32.566  4710  4710 I PhoneLab-Locks: wake lock released
06-08 15:58:32.566   151   313 D ConnectivityService: Attempting to switch to WIMAX
06-08 15:58:32.566   151   313 D ConnectivityService: Attempting to switch to BLUETOOTH_TETHER
06-08 15:58:32.570   151   313 D NetUtils: android_net_utils_resetConnections in env=0x2e4eb0 clazz=0xd2f00001 iface=rmnet0 mask=0x3
06-08 15:58:32.570   151   313 D ConnectivityService: resetConnections(rmnet0, 3)
06-08 15:58:32.582  4710  4710 I PhoneLab-UploadLogs: OnStartCommand
06-08 15:58:32.652   718  4783 W Smack/Packet: notify conn break (IOEx), close connection
06-08 15:58:32.695   151   313 D ConnectivityService: handleInetConditionChange: net=0 != default=1 - ignore
06-08 15:58:32.804   718  4783 I qtaguid : Failed write_ctrl(u 67) res=-1 errno=22
06-08 15:58:32.804   718  4783 I qtaguid : Untagging socket 67 failed errno=-22
06-08 15:58:32.808   718  4783 W NetworkManagementSocketTagger: untagSocket(67) failed with errno -22
06-08 15:58:32.882   151   313 D ConnectivityService: handleInetConditionChange: net=0 != default=1 - ignore
06-08 15:58:33.613   151   471 D AlarmManagerService: Kernel timezone updated to 240 minutes west of GMT
06-08 15:58:33.613   476   476 D SystemClock: Setting time of day to sec=1339185513
06-08 15:58:33.096   151   168 I ActivityManager: Start proc com.android.calendar for broadcast com.android.calendar/.widget.CalendarAppWidgetService$CalendarFactory: pid=4813 uid=10005 gids={3003}
06-08 15:58:33.202  4813  4813 I ActivityThread: Pub com.android.calendar.CalendarRecentSuggestionsProvider: com.android.calendar.CalendarRecentSuggestionsProvider
06-08 15:58:33.315   151   469 I ActivityManager: Start proc com.android.deskclock for broadcast com.android.deskclock/.AlarmInitReceiver: pid=4829 uid=10011 gids={}
06-08 15:58:33.315   151   469 I ActivityManager: No longer want com.android.musicfx (pid 4543): hidden #16
06-08 15:58:33.370   151   917 I ActivityManager: Start proc com.android.providers.calendar for content provider com.android.providers.calendar/.CalendarProvider2: pid=4841 uid=10006 gids={3003, 1015}
06-08 15:58:33.417  4829  4829 I ActivityThread: Pub com.android.deskclock: com.android.deskclock.AlarmProvider
06-08 15:58:33.429   151   505 I ActivityManager: No longer want com.svox.pico (pid 4557): hidden #16
06-08 15:58:33.514   151   153 D dalvikvm: GC_CONCURRENT freed 1385K, 20% free 14473K/17927K, paused 5ms+10ms
06-08 15:58:33.518  4841  4841 I ActivityThread: Pub com.android.calendar: com.android.providers.calendar.CalendarProvider2
06-08 15:58:33.593   151   162 I ActivityManager: No longer want android.process.acore (pid 4424): hidden #16
06-08 15:58:33.616  4829  4855 V AlarmClock: AlarmInitReceiver finished
06-08 15:58:36.195   151   316 D Tethering: MasterInitialState.processMessage what=3
06-08 15:58:36.218   151   316 D Tethering: MasterInitialState.processMessage what=3
06-08 15:58:36.222   151   316 D Tethering: MasterInitialState.processMessage what=3
06-08 15:58:36.226   718   718 I GTalkService/c: [AndroidEndpoint@1095436744] connect: acct=1000000, state=CONNECTING
06-08 15:58:36.226  4841  4841 I CalendarProvider2: Sending notification intent: Intent { act=android.intent.action.PROVIDER_CHANGED dat=content://com.android.calendar }
06-08 15:58:36.234  4841  4841 W ContentResolver: Failed to get type for: content://com.android.calendar (Unknown URL content://com.android.calendar)
