06-08 15:56:56.621   151   313 D ConnectivityService: NetTransition Wakelock for WifiStateMachine released by timeout
06-08 15:58:18.031   151   316 D Tethering: MasterInitialState.processMessage what=3
06-08 15:58:18.105  4763  4763 I MediaUploader: No need to wake up
06-08 15:58:18.113  4514  4529 D PicasaSyncManager: active network: NetworkInfo: type: mobile[CDMA - EvDo rev. A], state: CONNECTED/CONNECTED, reason: (unspecified), extra: , roaming: false, failover: true, isAvailable: true
06-08 15:58:18.113  4514  4529 D PicasaSyncManager: background data: true
06-08 15:58:18.179   718   720 D dalvikvm: GC_CONCURRENT freed 432K, 10% free 10498K/11591K, paused 16ms+3ms
06-08 15:58:29.023   718   718 I GTalkService/c: [AndroidEndpoint@1095436744] connect: acct=1000000, state=CONNECTING
06-08 15:58:31.336  1765  1765 I wpa_supplicant: wlan0: Trying to associate with d0:c2:82:66:6b:f0 (SSID='UB_Secure' freq=2462 MHz)
06-08 15:58:31.394  1765  1765 I wpa_supplicant: wlan0: Associated with d0:c2:82:66:6b:f0
06-08 15:58:31.394  1765  1765 I wpa_supplicant: wlan0: CTRL-EVENT-EAP-STARTED EAP authentication started
06-08 15:58:31.398  1765  1765 I wpa_supplicant: wlan0: CTRL-EVENT-EAP-PROPOSED-METHOD vendor=0 method=4 -> NAK
06-08 15:58:31.406  1765  1765 I wpa_supplicant: wlan0: CTRL-EVENT-EAP-PROPOSED-METHOD vendor=0 method=25
06-08 15:58:31.410  1765  1765 I wpa_supplicant: wlan0: CTRL-EVENT-EAP-METHOD EAP vendor 0 method 25 (PEAP) selected
06-08 15:58:31.480  1765  1765 I wpa_supplicant: wlan0: CTRL-EVENT-EAP-PEER-CERT depth=2 subject='/C=US/O=Entrust.net/OU=www.entrust.net/CPS incorp. by ref. (limits liab.)/OU=(c) 1999 Entrust.net Limited/CN=Entrust.net Secure Server Certification Authority'
06-08 15:58:31.484  1765  1765 I wpa_supplicant: wlan0: CTRL-EVENT-EAP-PEER-CERT depth=2 subject='/C=US/O=Entrust.net/OU=www.entrust.net/CPS incorp. by ref. (limits liab.)/OU=(c) 1999 Entrust.net Limited/CN=Entrust.net Secure Server Certification Authority'
06-08 15:58:31.488  1765  1765 I wpa_supplicant: wlan0: CTRL-EVENT-EAP-PEER-CERT depth=1 subject='/C=US/ST=UT/L=Salt Lake City/O=The USERTRUST Network/CN=USERTrust Legacy Secure Server CA'
06-08 15:58:31.492  1765  1765 I wpa_supplicant: wlan0: CTRL-EVENT-EAP-PEER-CERT depth=0 subject='/C=US/postalCode=14260/ST=New York/L=Buffalo/street=305 Computing Center/O=SUNY AT BUFFALO/OU=Issued through UNIVERSITY AT BUFFALO E-PKI Manager/OU=Comodo PremiumSSL Legacy/CN=radius1.cit.buffalo.edu'
06-08 15:58:31.679  1765  1765 I wpa_supplicant: EAP-MSCHAPV2: Authentication succeeded
06-08 15:58:31.687  1765  1765 I wpa_supplicant: EAP-TLV: TLV Result - Success - EAP-TLV/Phase2 Completed
06-08 15:58:31.691  1765  1765 I wpa_supplicant: wlan0: CTRL-EVENT-EAP-SUCCESS EAP authentication completed successfully
06-08 15:58:31.726  1765  1765 I wpa_supplicant: wlan0: WPA: Key negotiation completed with d0:c2:82:66:6b:f0 [PTK=CCMP GTK=TKIP]
06-08 15:58:31.726  1765  1765 I wpa_supplicant: wlan0: CTRL-EVENT-CONNECTED - Connection to d0:c2:82:66:6b:f0 completed (reauth) [id=0 id_str=]
06-08 15:58:32.445   151   313 D ConnectivityService: ConnectivityChange for WIFI: CONNECTED/CONNECTED
06-08 15:58:32.445   151   313 D ConnectivityService: Policy requires mobile teardown
06-08 15:58:32.519  4710  4710 I PhoneLab-WiFiReceiver: Wi-Fi is connected!
06-08 15:58:32.531  4710  4710 I PhoneLab-WiFiReceiver: SSID: UB_Secure BSSID: d0:c2:82:66:6b:f0 RSSI: -200 LinkSpeed: -1
06-08 15:58:32.539  4710  4710 I PhoneLab-Locks: wake lock acquired
06-08 15:58:32.546  4710  4710 I PhoneLab-UploadLogs: Transfering log files now
06-08 15:58:32.550   151   313 D ConnectivityService: ConnectivityChange for mobile: DISCONNECTED/DISCONNECTED
06-08 15:58:32.550   151   313 D ConnectivityService: Attempting to switch to WIFI
06-08 15:58:32.558   151   307 W NetworkStats: dropping UID delta from unknown iface: iface=wlan0 uid=0 set=DEFAULT tag=0x0 rxBytes=52 rxPackets=1 txBytes=140 txPackets=2 operations=0
06-08 15:58:32.566  4710  4710 I PhoneLab-UploadLogs: No log files to transfer
06-08 15:58:32.566  4710  4710 I PhoneLab-Locks: wake lock released
06-08 15:58:32.566   151   313 D ConnectivityService: Attempting to switch to WIMAX
06-08 15:58:32.566   151   313 D ConnectivityService: Attempting to switch to BLUETOOTH_TETHER
06-08 15:58:32.570   151   313 D NetUtils: android_net_utils_resetConnections in env=0x2e4eb0 clazz=0xd2f00001 iface=rmnet0 mask=0x3
06-08 15:58:32.570   151   313 D ConnectivityService: resetConnections(rmnet0, 3)
06-08 15:58:32.582  4710  4710 I PhoneLab-UploadLogs: OnStartCommand
06-08 15:58:32.652   718  4783 W Smack/Packet: notify conn break (IOEx), close connection
06-08 15:58:32.695   151   313 D ConnectivityService: handleInetConditionChange: net=0 != default=1 - ignore
06-08 15:58:32.804   718  4783 I qtaguid : Failed write_ctrl(u 67) res=-1 errno=22
06-08 15:58:32.804   718  4783 I qtaguid : Untagging socket 67 failed errno=-22
06-08 15:58:32.808   718  4783 W NetworkManagementSocketTagger: untagSocket(67) failed with errno -22
06-08 15:58:32.882   151   313 D ConnectivityService: handleInetConditionChange: net=0 != default=1 - ignore
06-08 15:58:33.613   151   471 D AlarmManagerService: Kernel timezone updated to 240 minutes west of GMT
06-08 15:58:33.613   476   476 D SystemClock: Setting time of day to sec=1339185513
06-08 15:58:33.096   151   168 I ActivityManager: Start proc com.android.calendar for broadcast com.android.calendar/.widget.CalendarAppWidgetService$CalendarFactory: pid=4813 uid=10005 gids={3003}
06-08 15:58:33.202  4813  4813 I ActivityThread: Pub com.android.calendar.CalendarRecentSuggestionsProvider: com.android.calendar.CalendarRecentSuggestionsProvider
06-08 15:58:33.315   151   469 I ActivityManager: Start proc com.android.deskclock for broadcast com.android.deskclock/.AlarmInitReceiver: pid=4829 uid=10011 gids={}
06-08 15:58:33.315   151   469 I ActivityManager: No longer want com.android.musicfx (pid 4543): hidden #16
06-08 15:58:33.370   151   917 I ActivityManager: Start proc com.android.providers.calendar for content provider com.android.providers.calendar/.CalendarProvider2: pid=4841 uid=10006 gids={3003, 1015}
06-08 15:58:33.417  4829  4829 I ActivityThread: Pub com.android.deskclock: com.android.deskclock.AlarmProvider
06-08 15:58:33.429   151   505 I ActivityManager: No longer want com.svox.pico (pid 4557): hidden #16
06-08 15:58:33.514   151   153 D dalvikvm: GC_CONCURRENT freed 1385K, 20% free 14473K/17927K, paused 5ms+10ms
06-08 15:58:33.518  4841  4841 I ActivityThread: Pub com.android.calendar: com.android.providers.calendar.CalendarProvider2
06-08 15:58:33.593   151   162 I ActivityManager: No longer want android.process.acore (pid 4424): hidden #16
06-08 15:58:33.616  4829  4855 V AlarmClock: AlarmInitReceiver finished
06-08 15:58:36.195   151   316 D Tethering: MasterInitialState.processMessage what=3
06-08 15:58:36.218   151   316 D Tethering: MasterInitialState.processMessage what=3
06-08 15:58:36.222   151   316 D Tethering: MasterInitialState.processMessage what=3
06-08 15:58:36.226   718   718 I GTalkService/c: [AndroidEndpoint@1095436744] connect: acct=1000000, state=CONNECTING
06-08 15:58:36.226  4841  4841 I CalendarProvider2: Sending notification intent: Intent { act=android.intent.action.PROVIDER_CHANGED dat=content://com.android.calendar }
06-08 15:58:36.234  4841  4841 W ContentResolver: Failed to get type for: content://com.android.calendar (Unknown URL content://com.android.calendar)
