06-08 17:03:49.651  1765  1765 I wpa_supplicant: wlan0: CTRL-EVENT-EAP-PROPOSED-METHOD vendor=0 method=4 -> NAK
06-08 17:03:49.655  1765  1765 I wpa_supplicant: wlan0: CTRL-EVENT-EAP-PROPOSED-METHOD vendor=0 method=25
06-08 17:03:49.655  1765  1765 I wpa_supplicant: wlan0: CTRL-EVENT-EAP-METHOD EAP vendor 0 method 25 (PEAP) selected
06-08 17:03:49.671  1765  1765 I wpa_supplicant: EAP-TLV: TLV Result - Success - EAP-TLV/Phase2 Completed
06-08 17:03:49.706    76   114 D NetlinkEvent: Unexpected netlink message. type=0x0
06-08 17:03:50.753  5024  5051 D dalvikvm: GC_FOR_ALLOC freed 845K, 41% free 9528K/16007K, paused 17ms
06-08 17:03:50.753  5024  5051 I dalvikvm-heap: Grow heap (frag case) to 9.874MB for 524356-byte allocation
06-08 17:03:50.800  5024  5025 D dalvikvm: GC_CONCURRENT freed 1K, 38% free 10039K/16007K, paused 2ms+4ms
06-08 17:03:50.858  5024  5051 D dalvikvm: GC_FOR_ALLOC freed 514K, 41% free 9527K/16007K, paused 15ms
06-08 17:03:50.858  5024  5051 I dalvikvm-heap: Grow heap (frag case) to 10.268MB for 939512-byte allocation
06-08 17:03:50.901  5024  5025 D dalvikvm: GC_CONCURRENT freed <1K, 35% free 10445K/16007K, paused 1ms+4ms
06-08 17:03:50.976  5024  5051 D dalvikvm: GC_FOR_ALLOC freed 919K, 41% free 9527K/16007K, paused 19ms
06-08 17:03:50.976  5024  5051 I dalvikvm-heap: Grow heap (frag case) to 10.196MB for 863546-byte allocation
06-08 17:03:51.019   476   476 D SAN_SERVICE: *******************************************
06-08 17:03:51.019   476   476 D SAN_SERVICE: DM App Phone Service State - 0
06-08 17:03:51.019   476   476 D SAN_SERVICE: *******************************************
06-08 17:03:51.022  5024  5025 D dalvikvm: GC_CONCURRENT freed <1K, 36% free 10370K/16007K, paused 1ms+9ms
06-08 17:03:51.226  5024  5051 D FlurryAgent: Event count incremented: Level started
06-08 17:03:51.226  5024  5051 D FlurryAgent: Logged event: Level started
06-08 17:03:51.229  5024  5051 D FlurryAgent: Event count incremented: Level started before completion
06-08 17:03:51.229  5024  5051 D FlurryAgent: Logged event: Level started before completion
06-08 17:04:05.940   151   151 D AlarmManagerService: Kernel timezone updated to 240 minutes west of GMT
06-08 17:04:07.472   476   476 D SAN_SERVICE: *******************************************
06-08 17:04:07.472   476   476 D SAN_SERVICE: DM App Phone Service State - 0
06-08 17:04:07.472   476   476 D SAN_SERVICE: *******************************************
06-08 17:04:11.065  5024  5051 D FlurryAgent: Event count incremented: Level complete
06-08 17:04:11.065  5024  5051 D FlurryAgent: Logged event: Level complete
06-08 17:04:11.065  5024  5051 D FlurryAgent: Event count incremented: Level completed 1 stars
06-08 17:04:11.069  5024  5051 D FlurryAgent: Logged event: Level completed 1 stars
06-08 17:04:11.073  5024  5051 D FlurryAgent: Event count incremented: Level complete first time 1 stars
06-08 17:04:11.073  5024  5051 D FlurryAgent: Logged event: Level complete first time 1 stars
06-08 17:04:11.190   151  5074 D AlarmManagerService: Kernel timezone updated to 240 minutes west of GMT
06-08 17:04:11.233   476   476 D SAN_SERVICE: *******************************************
06-08 17:04:11.233   476   476 D SAN_SERVICE: DM App Phone Service State - 0
06-08 17:04:11.233   476   476 D SAN_SERVICE: *******************************************
06-08 17:04:12.815   476   476 D SAN_SERVICE: *******************************************
06-08 17:04:12.815   476   476 D SAN_SERVICE: DM App Phone Service State - 0
06-08 17:04:12.815   476   476 D SAN_SERVICE: *******************************************
06-08 17:04:13.054   476   476 D SAN_SERVICE: *******************************************
06-08 17:04:13.054   476   476 D SAN_SERVICE: DM App Phone Service State - 0
06-08 17:04:13.054   476   476 D SAN_SERVICE: *******************************************
06-08 17:04:15.554   476   476 D SAN_SERVICE: *******************************************
06-08 17:04:15.554   476   476 D SAN_SERVICE: DM App Phone Service State - 0
06-08 17:04:15.554   476   476 D SAN_SERVICE: *******************************************
06-08 17:04:15.624   476   479 D dalvikvm: GC_CONCURRENT freed 886K, 9% free 11915K/13063K, paused 3ms+4ms
06-08 17:04:15.683   476   476 D SAN_SERVICE: *******************************************
06-08 17:04:15.683   476   476 D SAN_SERVICE: DM App Phone Service State - 0
06-08 17:04:15.683   476   476 D SAN_SERVICE: *******************************************
06-08 17:04:25.659  1765  1765 I wpa_supplicant: wlan0: CTRL-EVENT-EAP-STARTED EAP authentication started
06-08 17:04:25.663    76   114 D NetlinkEvent: Unexpected netlink message. type=0x0
06-08 17:04:25.663  1765  1765 I wpa_supplicant: wlan0: CTRL-EVENT-DISCONNECTED bssid=d0:c2:82:2d:e4:b0 reason=0
06-08 17:04:26.847   476   476 D SAN_SERVICE: *******************************************
06-08 17:04:26.847   476   476 D SAN_SERVICE: DM App Phone Service State - 0
06-08 17:04:26.847   476   476 D SAN_SERVICE: *******************************************
06-08 17:04:26.952  1765  1765 I wpa_supplicant: wlan0: Trying to associate with d0:c2:82:66:6b:f0 (SSID='UB_Secure' freq=2462 MHz)
06-08 17:04:27.085   151   917 D AlarmManagerService: Kernel timezone updated to 240 minutes west of GMT
06-08 17:04:27.101   476   476 D SAN_SERVICE: *******************************************
06-08 17:04:27.101   476   476 D SAN_SERVICE: DM App Phone Service State - 0
06-08 17:04:27.101   476   476 D SAN_SERVICE: *******************************************
06-08 17:04:27.167   151   153 D dalvikvm: GC_CONCURRENT freed 1247K, 26% free 14133K/19015K, paused 8ms+19ms
06-08 17:04:27.339   718   720 D dalvikvm: GC_CONCURRENT freed 448K, 9% free 10582K/11591K, paused 7ms+5ms
06-08 17:04:28.077   151   560 D AlarmManagerService: Kernel timezone updated to 240 minutes west of GMT
06-08 17:04:30.890   476   476 D SAN_SERVICE: *******************************************
06-08 17:04:30.890   476   476 D SAN_SERVICE: DM App Phone Service State - 0
06-08 17:04:30.890   476   476 D SAN_SERVICE: *******************************************
06-08 17:04:31.390   476   476 D SAN_SERVICE: *******************************************
06-08 17:04:31.390   476   476 D SAN_SERVICE: DM App Phone Service State - 0
06-08 17:04:31.390   476   476 D SAN_SERVICE: *******************************************
06-08 17:04:31.487  1765  1765 I wpa_supplicant: wlan0: CTRL-EVENT-DISCONNECTED bssid=d0:c2:82:66:6b:f0 reason=0
06-08 17:04:31.851   476   476 D SAN_SERVICE: *******************************************
06-08 17:04:31.851   476   476 D SAN_SERVICE: DM App Phone Service State - 0
06-08 17:04:31.851   476   476 D SAN_SERVICE: *******************************************
06-08 17:04:32.358   476   476 D SAN_SERVICE: *******************************************
06-08 17:04:32.362   476   476 D SAN_SERVICE: DM App Phone Service State - 0
06-08 17:04:32.362   476   476 D SAN_SERVICE: *******************************************
06-08 17:04:32.780  1765  1765 I wpa_supplicant: wlan0: Trying to associate with d0:c2:82:66:69:d0 (SSID='UB_Secure' freq=2462 MHz)
06-08 17:04:32.894  1765  1765 I wpa_supplicant: wlan0: Associated with d0:c2:82:66:69:d0
06-08 17:04:32.894  1765  1765 I wpa_supplicant: wlan0: CTRL-EVENT-EAP-STARTED EAP authentication started
06-08 17:04:32.897  1765  1765 I wpa_supplicant: wlan0: CTRL-EVENT-EAP-PROPOSED-METHOD vendor=0 method=4 -> NAK
06-08 17:04:32.905  1765  1765 I wpa_supplicant: wlan0: CTRL-EVENT-EAP-PROPOSED-METHOD vendor=0 method=25
06-08 17:04:32.905  1765  1765 I wpa_supplicant: wlan0: CTRL-EVENT-EAP-METHOD EAP vendor 0 method 25 (PEAP) selected
06-08 17:04:32.913  1765  1765 I wpa_supplicant: EAP-TLV: TLV Result - Success - EAP-TLV/Phase2 Completed
06-08 17:04:33.022    76   114 D NetlinkEvent: Unexpected netlink message. type=0x0
06-08 17:04:41.093   476   476 D SAN_SERVICE: *******************************************
06-08 17:04:41.093   476   476 D SAN_SERVICE: DM App Phone Service State - 0
06-08 17:04:41.093   476   476 D SAN_SERVICE: *******************************************
06-08 17:04:41.378   476   476 D SAN_SERVICE: *******************************************
06-08 17:04:41.378   476   476 D SAN_SERVICE: DM App Phone Service State - 0
06-08 17:04:41.378   476   476 D SAN_SERVICE: *******************************************
06-08 17:04:49.956   476   476 D SAN_SERVICE: *******************************************
06-08 17:04:49.956   476   476 D SAN_SERVICE: DM App Phone Service State - 0
06-08 17:04:49.956   476   476 D SAN_SERVICE: *******************************************
06-08 17:04:50.233   476   476 D SAN_SERVICE: *******************************************
06-08 17:04:50.233   476   476 D SAN_SERVICE: DM App Phone Service State - 0
06-08 17:04:50.233   476   476 D SAN_SERVICE: *******************************************
06-08 17:04:50.487   476   476 D SAN_SERVICE: *******************************************
06-08 17:04:50.487   476   476 D SAN_SERVICE: DM App Phone Service State - 0
06-08 17:04:50.487   476   476 D SAN_SERVICE: *******************************************
06-08 17:04:56.315   151   197 I power   : *** set_screen_state 0
06-08 17:04:56.366    79   120 D SurfaceFlinger: About to give-up screen, flinger = 0x8a0918
06-08 17:04:56.421  5024  5051 D FlurryAgent: Ending session
06-08 17:04:56.440   488  1865 D NfcService: NFC-C OFF, disconnect
06-08 17:04:56.452   476   476 D SAN_SERVICE: *******************************************
06-08 17:04:56.452   476   476 D SAN_SERVICE: DM App Phone Service State - 0
06-08 17:04:56.452   476   476 D SAN_SERVICE: *******************************************
06-08 17:04:59.636    82   127 D AudioHardware: AudioHardware pcm playback is going to standby.
06-08 17:04:59.636    82   127 D AudioHardware: closePcmOut_l() mPcmOpenCnt: 1
06-08 17:05:01.429   151   201 V TransportControlView: Create TCV com.android.internal.widget.TransportControlView@4188e1e0
06-08 17:05:01.507   151   153 D dalvikvm: GC_CONCURRENT freed 524K, 22% free 14856K/19015K, paused 2ms+7ms
06-08 17:05:01.515   388   388 D PhoneStatusBar: disable: < expand icons alerts ticker system_info back home RECENT* clock >
06-08 17:05:02.031   151   201 D android.widget.GridLayout: horizontal constraints: x1 - x0 > 214, x2 - x1 > 96, x3 - x2 > 300, x3 - x0 < 480 are inconsistent; permanently removing: x3 - x0 < 480. 
06-08 17:05:02.035   151   206 I InputReader: Reconfiguring input devices.  changes=0x00000004
06-08 17:05:02.035   151   206 I InputReader: Device reconfigured: id=7, name='mxt224_ts_input', surface size is now 480x800, mode is 1
06-08 17:05:02.050   151   201 I ActivityManager: Config changed: {1.0 310mcc120mnc en_US layoutdir=0 sw320dp w320dp h508dp nrml long port finger -keyb/v/h -nav/h s.21}
06-08 17:05:02.105   476   476 D SAN_SERVICE: *******************************************
06-08 17:05:02.105   476   476 D SAN_SERVICE: DM App Phone Service State - 0
06-08 17:05:02.105   476   476 D SAN_SERVICE: *******************************************
06-08 17:05:02.156   151   201 V TransportControlView: Create TCV com.android.internal.widget.TransportControlView@41429fa0
06-08 17:05:02.191   388   388 D PhoneStatusBar: disable: < expand icons alerts ticker system_info BACK* HOME* RECENT CLOCK* >
06-08 17:05:02.277   388   388 D dalvikvm: GC_FOR_ALLOC freed 755K, 13% free 9914K/11271K, paused 17ms
06-08 17:05:02.308   151   201 I power   : *** set_screen_state 1
06-08 17:05:02.402   151   201 I WindowManager: Lock screen displayed!
06-08 17:05:02.504    79   120 D SurfaceFlinger: Screen about to return, flinger = 0x8a0918
06-08 17:05:03.750   151   503 D dalvikvm: GC_EXPLICIT freed 803K, 23% free 14715K/19015K, paused 5ms+5ms
06-08 17:05:03.757   388   388 D PhoneStatusBar: disable: < expand icons alerts ticker system_info BACK HOME recent* CLOCK >
06-08 17:05:03.769   151   206 I InputReader: Reconfiguring input devices.  changes=0x00000004
06-08 17:05:03.769   151   206 I InputReader: Device reconfigured: id=7, name='mxt224_ts_input', surface size is now 480x800, mode is 1
06-08 17:05:03.773    82   127 D AudioHardware: AudioHardware pcm playback is exiting standby.
06-08 17:05:03.773    82   127 D AudioHardware: openPcmOut_l() mPcmOpenCnt: 0
06-08 17:05:03.777   488  1871 D NfcService: NFC-C ON
06-08 17:05:03.804   151   201 I ActivityManager: Config changed: {1.0 310mcc120mnc en_US layoutdir=0 sw320dp w533dp h294dp nrml long land finger -keyb/v/h -nav/h s.22}
06-08 17:05:03.894   151   162 W InputManagerService: Window already focused, ignoring focus gain of: com.android.internal.view.IInputMethodClient$Stub$Proxy@41671a48
06-08 17:05:03.937  5024  5051 D FlurryAgent: Initializing Flurry session
06-08 17:05:03.945  5024  5051 D FlurryAgent: Continuing previous session
06-08 17:05:03.953   388   388 V PhoneStatusBar: setLightsOn(true)
06-08 17:05:03.953   388   388 D PhoneStatusBar: disable: < expand icons alerts ticker system_info back* home* recent clock* >
06-08 17:05:04.117   388   388 D dalvikvm: GC_FOR_ALLOC freed 237K, 13% free 9915K/11271K, paused 33ms
06-08 17:05:04.168   388   388 D dalvikvm: GC_FOR_ALLOC freed 201K, 12% free 10017K/11271K, paused 41ms
06-08 17:05:06.078  5024  5051 D FlurryAgent: Event count incremented: Level started
06-08 17:05:06.078  5024  5051 D FlurryAgent: Logged event: Level started
06-08 17:05:06.078  5024  5051 D FlurryAgent: Event count incremented: Level started before completion
06-08 17:05:06.078  5024  5051 D FlurryAgent: Logged event: Level started before completion
06-08 17:05:06.363   151   200 D dalvikvm: GC_EXPLICIT freed 78K, 23% free 14678K/19015K, paused 3ms+8ms
06-08 17:05:06.933   476   476 D SAN_SERVICE: *******************************************
06-08 17:05:06.933   476   476 D SAN_SERVICE: DM App Phone Service State - 0
06-08 17:05:06.933   476   476 D SAN_SERVICE: *******************************************
06-08 17:05:07.722   476   476 D SAN_SERVICE: *******************************************
06-08 17:05:07.722   476   476 D SAN_SERVICE: DM App Phone Service State - 0
06-08 17:05:07.722   476   476 D SAN_SERVICE: *******************************************
06-08 17:05:09.105  1765  1765 I wpa_supplicant: wlan0: CTRL-EVENT-DISCONNECTED bssid=d0:c2:82:66:69:d0 reason=0
06-08 17:05:09.105    76   114 D NetlinkEvent: Unexpected netlink message. type=0x0
06-08 17:05:09.632  5024  5025 D dalvikvm: GC_CONCURRENT freed 1222K, 41% free 9532K/16007K, paused 2ms+4ms
06-08 17:05:10.398  1765  1765 I wpa_supplicant: wlan0: Trying to associate with 64:a0:e7:5d:18:30 (SSID='UB_Secure' freq=2412 MHz)
06-08 17:05:10.523  1765  1765 I wpa_supplicant: wlan0: Associated with 64:a0:e7:5d:18:30
06-08 17:05:10.523  1765  1765 I wpa_supplicant: wlan0: CTRL-EVENT-EAP-STARTED EAP authentication started
06-08 17:05:10.527  1765  1765 I wpa_supplicant: wlan0: CTRL-EVENT-EAP-PROPOSED-METHOD vendor=0 method=4 -> NAK
06-08 17:05:10.535  1765  1765 I wpa_supplicant: wlan0: CTRL-EVENT-EAP-PROPOSED-METHOD vendor=0 method=25
06-08 17:05:10.535  1765  1765 I wpa_supplicant: wlan0: CTRL-EVENT-EAP-METHOD EAP vendor 0 method 25 (PEAP) selected
06-08 17:05:10.543  1765  1765 I wpa_supplicant: EAP-TLV: TLV Result - Success - EAP-TLV/Phase2 Completed
06-08 17:05:10.578    76   114 D NetlinkEvent: Unexpected netlink message. type=0x0
06-08 17:05:33.582  4710  4723 I PhoneLab-: Service Running
06-08 17:05:33.742  4710  4713 D dalvikvm: GC_CONCURRENT freed 445K, 14% free 9158K/10567K, paused 9ms+16ms
06-08 17:05:33.757  4710  4723 I PhoneLab-LoggerService: app_38    1302  1     1772   1332  c00f181c 400107b4 S logcat
06-08 17:05:33.757  4710  4723 I PhoneLab-LoggerService: Logcat pid from database 1302
06-08 17:05:33.757  4710  4723 I PhoneLab-LoggerService: Logcat process found 1302
06-08 17:05:33.757  4710  4723 I PhoneLab-LoggerService: Checking Threshold
06-08 17:05:33.761  4710  4723 I PhoneLab-LoggerService: Starting to rename files
06-08 17:05:33.761  4710  4723 I PhoneLab-LoggerService: Files found .. 2
06-08 17:05:33.761  4710  4723 I PhoneLab-LoggerService: File 1 log.out.1
06-08 17:05:33.777  4710  4723 I PhoneLab-LoggerService: Renamed successfully
06-08 17:05:37.656   151   503 D AlarmManagerService: Kernel timezone updated to 240 minutes west of GMT
06-08 17:05:42.320  5024  5051 D FlurryAgent: Event count incremented: Level complete
06-08 17:05:42.324  5024  5051 D FlurryAgent: Logged event: Level complete
06-08 17:05:42.324  5024  5051 D FlurryAgent: Event count incremented: Level completed 1 stars
06-08 17:05:42.324  5024  5051 D FlurryAgent: Logged event: Level completed 1 stars
06-08 17:05:42.328  5024  5051 D FlurryAgent: Event count incremented: Level complete first time 1 stars
06-08 17:05:42.328  5024  5051 D FlurryAgent: Logged event: Level complete first time 1 stars
06-08 17:05:46.140  5024  5051 D FlurryAgent: Event count incremented: Level started
06-08 17:05:46.140  5024  5051 D FlurryAgent: Logged event: Level started
06-08 17:05:46.140  5024  5051 D FlurryAgent: Event count incremented: Level started before completion
06-08 17:05:46.140  5024  5051 D FlurryAgent: Logged event: Level started before completion
06-08 17:05:46.504  1765  1765 I wpa_supplicant: wlan0: CTRL-EVENT-EAP-STARTED EAP authentication started
06-08 17:05:46.504  1765  1765 I wpa_supplicant: wlan0: CTRL-EVENT-DISCONNECTED bssid=64:a0:e7:5d:18:30 reason=0
06-08 17:05:46.504    76   114 D NetlinkEvent: Unexpected netlink message. type=0x0
06-08 17:05:47.793  1765  1765 I wpa_supplicant: wlan0: Trying to associate with d0:c2:82:84:8d:50 (SSID='UB_Secure' freq=2462 MHz)
06-08 17:05:47.929  1765  1765 I wpa_supplicant: wlan0: Associated with d0:c2:82:84:8d:50
06-08 17:05:47.929  1765  1765 I wpa_supplicant: wlan0: CTRL-EVENT-EAP-STARTED EAP authentication started
06-08 17:05:47.933  1765  1765 I wpa_supplicant: wlan0: CTRL-EVENT-EAP-PROPOSED-METHOD vendor=0 method=4 -> NAK
06-08 17:05:47.937  1765  1765 I wpa_supplicant: wlan0: CTRL-EVENT-EAP-PROPOSED-METHOD vendor=0 method=25
06-08 17:05:47.937  1765  1765 I wpa_supplicant: wlan0: CTRL-EVENT-EAP-METHOD EAP vendor 0 method 25 (PEAP) selected
06-08 17:05:47.945  1765  1765 I wpa_supplicant: EAP-TLV: TLV Result - Success - EAP-TLV/Phase2 Completed
06-08 17:05:47.957    76   114 D NetlinkEvent: Unexpected netlink message. type=0x0
06-08 17:06:15.941  5024  5051 D FlurryAgent: Event count incremented: Level complete
06-08 17:06:15.945  5024  5051 D FlurryAgent: Logged event: Level complete
06-08 17:06:15.945  5024  5051 D FlurryAgent: Event count incremented: Level completed 2 stars
06-08 17:06:15.945  5024  5051 D FlurryAgent: Logged event: Level completed 2 stars
06-08 17:06:15.949  5024  5051 D FlurryAgent: Event count incremented: Level complete first time 1 stars
06-08 17:06:15.949  5024  5051 D FlurryAgent: Logged event: Level complete first time 1 stars
06-08 17:06:15.949  5024  5051 D FlurryAgent: Event count incremented: Level complete first time 2 stars
06-08 17:06:15.949  5024  5051 D FlurryAgent: Logged event: Level complete first time 2 stars
06-08 17:06:18.773  5024  5051 D FlurryAgent: Event count incremented: Level started
06-08 17:06:18.773  5024  5051 D FlurryAgent: Logged event: Level started
06-08 17:06:18.773  5024  5051 D FlurryAgent: Event count incremented: Level started before completion
06-08 17:06:18.773  5024  5051 D FlurryAgent: Logged event: Level started before completion
06-08 17:06:23.902  1765  1765 I wpa_supplicant: wlan0: CTRL-EVENT-EAP-STARTED EAP authentication started
06-08 17:06:23.902    76   114 D NetlinkEvent: Unexpected netlink message. type=0x0
06-08 17:06:23.906  1765  1765 I wpa_supplicant: wlan0: CTRL-EVENT-DISCONNECTED bssid=d0:c2:82:84:8d:50 reason=0
06-08 17:06:27.328  1765  1765 I wpa_supplicant: wlan0: Associated with d0:c2:82:84:8d:50
06-08 17:06:27.328  1765  1765 I wpa_supplicant: wlan0: CTRL-EVENT-EAP-STARTED EAP authentication started
06-08 17:06:27.332  1765  1765 I wpa_supplicant: wlan0: CTRL-EVENT-EAP-PROPOSED-METHOD vendor=0 method=4 -> NAK
06-08 17:06:27.336  1765  1765 I wpa_supplicant: wlan0: CTRL-EVENT-EAP-PROPOSED-METHOD vendor=0 method=25
06-08 17:06:27.336  1765  1765 I wpa_supplicant: wlan0: CTRL-EVENT-EAP-METHOD EAP vendor 0 method 25 (PEAP) selected
06-08 17:06:27.343  1765  1765 I wpa_supplicant: EAP-TLV: TLV Result - Success - EAP-TLV/Phase2 Completed
06-08 17:06:48.945  5024  5051 D FlurryAgent: Event count incremented: Rovio news shown
06-08 17:06:48.945  5024  5051 D FlurryAgent: Logged event: Rovio news shown
06-08 17:06:49.464  5024  5051 D FlurryAgent: Event count incremented: Level restarted
06-08 17:06:49.464  5024  5051 D FlurryAgent: Logged event: Level restarted
06-08 17:06:49.613  5024  5025 D dalvikvm: GC_CONCURRENT freed 371K, 41% free 9546K/16007K, paused 2ms+3ms
06-08 17:06:49.781  5024  5051 D FlurryAgent: Event count incremented: Level started
06-08 17:06:49.781  5024  5051 D FlurryAgent: Logged event: Level started
06-08 17:06:49.781  5024  5051 D FlurryAgent: Event count incremented: Level started before completion
06-08 17:06:49.785  5024  5051 D FlurryAgent: Logged event: Level started before completion
06-08 17:07:00.070   151   162 D AlarmManagerService: Kernel timezone updated to 240 minutes west of GMT
06-08 17:07:03.300  1765  1765 I wpa_supplicant: wlan0: CTRL-EVENT-EAP-STARTED EAP authentication started
06-08 17:07:03.300    76   114 D NetlinkEvent: Unexpected netlink message. type=0x0
06-08 17:07:03.304  1765  1765 I wpa_supplicant: wlan0: CTRL-EVENT-DISCONNECTED bssid=d0:c2:82:84:8d:50 reason=0
06-08 17:07:04.593  1765  1765 I wpa_supplicant: wlan0: Trying to associate with 64:a0:e7:5d:18:30 (SSID='UB_Secure' freq=2412 MHz)
06-08 17:07:04.718  1765  1765 I wpa_supplicant: wlan0: Associated with 64:a0:e7:5d:18:30
06-08 17:07:04.722  1765  1765 I wpa_supplicant: wlan0: CTRL-EVENT-EAP-STARTED EAP authentication started
06-08 17:07:04.726  1765  1765 I wpa_supplicant: wlan0: CTRL-EVENT-EAP-PROPOSED-METHOD vendor=0 method=4 -> NAK
06-08 17:07:04.730  1765  1765 I wpa_supplicant: wlan0: CTRL-EVENT-EAP-PROPOSED-METHOD vendor=0 method=25
06-08 17:07:04.730  1765  1765 I wpa_supplicant: wlan0: CTRL-EVENT-EAP-METHOD EAP vendor 0 method 25 (PEAP) selected
06-08 17:07:04.738  1765  1765 I wpa_supplicant: EAP-TLV: TLV Result - Success - EAP-TLV/Phase2 Completed
06-08 17:07:04.742    76   114 D NetlinkEvent: Unexpected netlink message. type=0x0
06-08 17:07:23.433  5024  5051 D FlurryAgent: Event count incremented: Level complete
06-08 17:07:23.433  5024  5051 D FlurryAgent: Logged event: Level complete
06-08 17:07:23.433  5024  5051 D FlurryAgent: Event count incremented: Level completed 3 stars
06-08 17:07:23.433  5024  5051 D FlurryAgent: Logged event: Level completed 3 stars
06-08 17:07:23.437  5024  5051 D FlurryAgent: Event count incremented: Level complete first time 1 stars
06-08 17:07:23.441  5024  5051 D FlurryAgent: Logged event: Level complete first time 1 stars
06-08 17:07:23.441  5024  5051 D FlurryAgent: Event count incremented: Level complete first time 2 stars
06-08 17:07:23.441  5024  5051 D FlurryAgent: Logged event: Level complete first time 2 stars
06-08 17:07:23.441  5024  5051 D FlurryAgent: Event count incremented: Level complete first time 3 stars
06-08 17:07:23.441  5024  5051 D FlurryAgent: Logged event: Level complete first time 3 stars
06-08 17:07:33.339  4710  4723 I PhoneLab-: Service Running
06-08 17:07:33.421  4710  4723 I PhoneLab-LoggerService: app_38    1302  1     1772   1332  c00f181c 400107b4 S logcat
06-08 17:07:33.433  4710  4723 I PhoneLab-LoggerService: Logcat pid from database 1302
06-08 17:07:33.433  4710  4723 I PhoneLab-LoggerService: Logcat process found 1302
06-08 17:07:33.433  4710  4723 I PhoneLab-LoggerService: Checking Threshold
06-08 17:07:33.433  4710  4723 I PhoneLab-LoggerService: Starting to rename files
06-08 17:07:33.433  4710  4723 I PhoneLab-LoggerService: Files found .. 2
06-08 17:07:40.699  1765  1765 I wpa_supplicant: wlan0: CTRL-EVENT-EAP-STARTED EAP authentication started
06-08 17:07:40.703  1765  1765 I wpa_supplicant: wlan0: CTRL-EVENT-DISCONNECTED bssid=64:a0:e7:5d:18:30 reason=0
06-08 17:07:40.703    76   114 D NetlinkEvent: Unexpected netlink message. type=0x0
06-08 17:07:41.043  5024  5051 D FlurryAgent: Event count incremented: Level started
06-08 17:07:41.043  5024  5051 D FlurryAgent: Logged event: Level started
06-08 17:07:41.043  5024  5051 D FlurryAgent: Event count incremented: Level started before completion
06-08 17:07:41.043  5024  5051 D FlurryAgent: Logged event: Level started before completion
06-08 17:07:41.996  1765  1765 I wpa_supplicant: wlan0: Trying to associate with d0:c2:82:66:6b:f0 (SSID='UB_Secure' freq=2462 MHz)
06-08 17:07:46.519  1765  1765 I wpa_supplicant: wlan0: CTRL-EVENT-DISCONNECTED bssid=d0:c2:82:66:6b:f0 reason=0
06-08 17:07:47.785  1765  1765 I wpa_supplicant: wlan0: Trying to associate with d0:c2:82:84:8d:50 (SSID='UB_Secure' freq=2462 MHz)
06-08 17:07:47.898  1765  1765 I wpa_supplicant: wlan0: Associated with d0:c2:82:84:8d:50
06-08 17:07:47.898  1765  1765 I wpa_supplicant: wlan0: CTRL-EVENT-EAP-STARTED EAP authentication started
06-08 17:07:47.902  1765  1765 I wpa_supplicant: wlan0: CTRL-EVENT-EAP-PROPOSED-METHOD vendor=0 method=4 -> NAK
06-08 17:07:47.906  1765  1765 I wpa_supplicant: wlan0: CTRL-EVENT-EAP-PROPOSED-METHOD vendor=0 method=25
06-08 17:07:47.906  1765  1765 I wpa_supplicant: wlan0: CTRL-EVENT-EAP-METHOD EAP vendor 0 method 25 (PEAP) selected
06-08 17:07:47.914  1765  1765 I wpa_supplicant: EAP-TLV: TLV Result - Success - EAP-TLV/Phase2 Completed
06-08 17:07:47.972    76   114 D NetlinkEvent: Unexpected netlink message. type=0x0
06-08 17:08:23.898  1765  1765 I wpa_supplicant: wlan0: CTRL-EVENT-EAP-STARTED EAP authentication started
06-08 17:08:23.902  1765  1765 I wpa_supplicant: wlan0: CTRL-EVENT-DISCONNECTED bssid=d0:c2:82:84:8d:50 reason=0
06-08 17:08:23.902    76   114 D NetlinkEvent: Unexpected netlink message. type=0x0
06-08 17:08:25.312  5024  5051 D FlurryAgent: Event count incremented: Level complete
06-08 17:08:25.312  5024  5051 D FlurryAgent: Logged event: Level complete
06-08 17:08:25.312  5024  5051 D FlurryAgent: Event count incremented: Level completed 1 stars
06-08 17:08:25.312  5024  5051 D FlurryAgent: Logged event: Level completed 1 stars
06-08 17:08:25.316  5024  5051 D FlurryAgent: Event count incremented: Level complete first time 1 stars
06-08 17:08:25.316  5024  5051 D FlurryAgent: Logged event: Level complete first time 1 stars
06-08 17:08:27.238  1765  1765 I wpa_supplicant: wlan0: Associated with d0:c2:82:84:8d:50
06-08 17:08:27.242  1765  1765 I wpa_supplicant: wlan0: CTRL-EVENT-EAP-STARTED EAP authentication started
06-08 17:08:27.246  1765  1765 I wpa_supplicant: wlan0: CTRL-EVENT-EAP-PROPOSED-METHOD vendor=0 method=4 -> NAK
06-08 17:08:27.254  1765  1765 I wpa_supplicant: wlan0: CTRL-EVENT-EAP-PROPOSED-METHOD vendor=0 method=25
06-08 17:08:27.254  1765  1765 I wpa_supplicant: wlan0: CTRL-EVENT-EAP-METHOD EAP vendor 0 method 25 (PEAP) selected
06-08 17:08:27.265  1765  1765 I wpa_supplicant: EAP-TLV: TLV Result - Success - EAP-TLV/Phase2 Completed
06-08 17:08:27.425  5024  5051 D FlurryAgent: Event count incremented: Level started
06-08 17:08:27.425  5024  5051 D FlurryAgent: Logged event: Level started
06-08 17:08:27.425  5024  5051 D FlurryAgent: Event count incremented: Level started before completion
06-08 17:08:27.425  5024  5051 D FlurryAgent: Logged event: Level started before completion
06-08 17:08:51.101  5024  5051 D FlurryAgent: Event count incremented: Level complete
06-08 17:08:51.101  5024  5051 D FlurryAgent: Logged event: Level complete
06-08 17:08:51.101  5024  5051 D FlurryAgent: Event count incremented: Level completed 3 stars
06-08 17:08:51.101  5024  5051 D FlurryAgent: Logged event: Level completed 3 stars
06-08 17:08:51.109  5024  5051 D FlurryAgent: Event count incremented: Level complete first time 1 stars
06-08 17:08:51.109  5024  5051 D FlurryAgent: Logged event: Level complete first time 1 stars
06-08 17:08:51.109  5024  5051 D FlurryAgent: Event count incremented: Level complete first time 2 stars
06-08 17:08:51.109  5024  5051 D FlurryAgent: Logged event: Level complete first time 2 stars
06-08 17:08:51.109  5024  5051 D FlurryAgent: Event count incremented: Level complete first time 3 stars
06-08 17:08:51.109  5024  5051 D FlurryAgent: Logged event: Level complete first time 3 stars
06-08 17:09:01.082   476   476 D SAN_SERVICE: *******************************************
06-08 17:09:01.082   476   476 D SAN_SERVICE: DM App Phone Service State - 0
06-08 17:09:01.082   476   476 D SAN_SERVICE: *******************************************
06-08 17:09:01.214   476   476 D SAN_SERVICE: *******************************************
06-08 17:09:01.218   476   476 D SAN_SERVICE: DM App Phone Service State - 0
06-08 17:09:01.218   476   476 D SAN_SERVICE: *******************************************
06-08 17:09:03.097  1765  1765 I wpa_supplicant: wlan0: CTRL-EVENT-EAP-STARTED EAP authentication started
06-08 17:09:03.101    76   114 D NetlinkEvent: Unexpected netlink message. type=0x0
06-08 17:09:03.105  1765  1765 I wpa_supplicant: wlan0: CTRL-EVENT-DISCONNECTED bssid=d0:c2:82:84:8d:50 reason=0
06-08 17:09:04.390  1765  1765 I wpa_supplicant: wlan0: Trying to associate with d0:c2:82:66:6b:f0 (SSID='UB_Secure' freq=2462 MHz)
06-08 17:09:04.457  1765  1765 I wpa_supplicant: wlan0: Associated with d0:c2:82:66:6b:f0
06-08 17:09:04.457  1765  1765 I wpa_supplicant: wlan0: CTRL-EVENT-EAP-STARTED EAP authentication started
06-08 17:09:04.461  1765  1765 I wpa_supplicant: wlan0: CTRL-EVENT-EAP-PROPOSED-METHOD vendor=0 method=4 -> NAK
06-08 17:09:04.464  1765  1765 I wpa_supplicant: wlan0: CTRL-EVENT-EAP-PROPOSED-METHOD vendor=0 method=25
06-08 17:09:04.464  1765  1765 I wpa_supplicant: wlan0: CTRL-EVENT-EAP-METHOD EAP vendor 0 method 25 (PEAP) selected
06-08 17:09:04.472  1765  1765 I wpa_supplicant: EAP-TLV: TLV Result - Success - EAP-TLV/Phase2 Completed
06-08 17:09:04.488    76   114 D NetlinkEvent: Unexpected netlink message. type=0x0
06-08 17:09:32.613   151   197 I power   : *** set_screen_state 0
06-08 17:09:32.671    79   120 D SurfaceFlinger: About to give-up screen, flinger = 0x8a0918
06-08 17:09:32.703  5024  5051 D FlurryAgent: Ending session
06-08 17:09:32.761  5024  5025 D dalvikvm: GC_CONCURRENT freed 445K, 41% free 9571K/16007K, paused 17ms+3ms
06-08 17:09:32.785   718   725 I dalvikvm: Jit: resizing JitTable from 8192 to 16384
06-08 17:09:32.800   488  1614 D NfcService: NFC-C OFF, disconnect
06-08 17:09:33.339  4710  4723 I PhoneLab-: Service Running
06-08 17:09:33.410  4710  4723 I PhoneLab-LoggerService: app_38    1302  1     1772   1332  c00f181c 400107b4 S logcat
06-08 17:09:33.410  4710  4723 I PhoneLab-LoggerService: Logcat pid from database 1302
06-08 17:09:33.410  4710  4723 I PhoneLab-LoggerService: Logcat process found 1302
06-08 17:09:33.410  4710  4723 I PhoneLab-LoggerService: Checking Threshold
06-08 17:09:33.410  4710  4723 I PhoneLab-LoggerService: Starting to rename files
06-08 17:09:33.410  4710  4723 I PhoneLab-LoggerService: Files found .. 2
06-08 17:09:35.918    82   127 D AudioHardware: AudioHardware pcm playback is going to standby.
06-08 17:09:35.918    82   127 D AudioHardware: closePcmOut_l() mPcmOpenCnt: 1
06-08 17:09:37.781   151   153 D dalvikvm: GC_CONCURRENT freed 1568K, 25% free 14430K/19015K, paused 2ms+8ms
06-08 17:09:37.820   151   201 V TransportControlView: Create TCV com.android.internal.widget.TransportControlView@41399b08
06-08 17:09:37.847   388   388 D PhoneStatusBar: disable: < expand icons alerts ticker system_info back home RECENT* clock >
06-08 17:09:37.859   151   201 D android.widget.GridLayout: horizontal constraints: x1 - x0 > 214, x2 - x1 > 96, x3 - x2 > 300, x3 - x0 < 480 are inconsistent; permanently removing: x3 - x0 < 480. 
06-08 17:09:37.859   151   206 I InputReader: Reconfiguring input devices.  changes=0x00000004
06-08 17:09:37.859   151   206 I InputReader: Device reconfigured: id=7, name='mxt224_ts_input', surface size is now 480x800, mode is 1
06-08 17:09:37.879   151   201 I ActivityManager: Config changed: {1.0 310mcc120mnc en_US layoutdir=0 sw320dp w320dp h508dp nrml long port finger -keyb/v/h -nav/h s.23}
06-08 17:09:37.972   388   388 D PhoneStatusBar: disable: < expand icons alerts ticker system_info BACK* HOME* RECENT CLOCK* >
06-08 17:09:37.984   151   201 V TransportControlView: Create TCV com.android.internal.widget.TransportControlView@4147d288
06-08 17:09:38.046   388   390 D dalvikvm: GC_CONCURRENT freed 77K, 9% free 10356K/11271K, paused 2ms+11ms
06-08 17:09:38.437   476   476 D SAN_SERVICE: *******************************************
06-08 17:09:38.437   476   476 D SAN_SERVICE: DM App Phone Service State - 0
06-08 17:09:38.437   476   476 D SAN_SERVICE: *******************************************
06-08 17:09:38.476   388   390 D dalvikvm: GC_CONCURRENT freed 645K, 11% free 10095K/11271K, paused 1ms+3ms
06-08 17:09:38.863   476   476 D SAN_SERVICE: *******************************************
06-08 17:09:38.863   476   476 D SAN_SERVICE: DM App Phone Service State - 0
06-08 17:09:38.863   476   476 D SAN_SERVICE: *******************************************
06-08 17:09:41.011  1765  1765 I wpa_supplicant: wlan0: CTRL-EVENT-EAP-STARTED EAP authentication started
06-08 17:09:41.011    76   114 D NetlinkEvent: Unexpected netlink message. type=0x0
06-08 17:09:41.019  1765  1765 I wpa_supplicant: wlan0: CTRL-EVENT-DISCONNECTED bssid=d0:c2:82:66:6b:f0 reason=0
06-08 17:09:42.529  1765  1765 I wpa_supplicant: wlan0: Trying to associate with d0:c2:82:66:6b:f0 (SSID='UB_Secure' freq=2462 MHz)
06-08 17:09:42.565  1765  1765 I wpa_supplicant: wlan0: Associated with d0:c2:82:66:6b:f0
06-08 17:09:42.568  1765  1765 I wpa_supplicant: wlan0: CTRL-EVENT-EAP-STARTED EAP authentication started
06-08 17:09:42.576  1765  1765 I wpa_supplicant: wlan0: CTRL-EVENT-EAP-PROPOSED-METHOD vendor=0 method=4 -> NAK
06-08 17:09:42.576  1765  1765 I wpa_supplicant: wlan0: CTRL-EVENT-EAP-PROPOSED-METHOD vendor=0 method=25
06-08 17:09:42.576  1765  1765 I wpa_supplicant: wlan0: CTRL-EVENT-EAP-METHOD EAP vendor 0 method 25 (PEAP) selected
06-08 17:09:42.584  1765  1765 I wpa_supplicant: EAP-TLV: TLV Result - Success - EAP-TLV/Phase2 Completed
06-08 17:09:42.674    76   114 D NetlinkEvent: Unexpected netlink message. type=0x0
06-08 17:09:43.229  5024  5069 D FlurryAgent: generating report
06-08 17:09:43.236  5024  5069 D FlurryAgent: Sending report to: http://data.flurry.com/aap.do
06-08 17:09:47.346   476   476 D SAN_SERVICE: *******************************************
06-08 17:09:47.346   476   476 D SAN_SERVICE: DM App Phone Service State - 0
06-08 17:09:47.346   476   476 D SAN_SERVICE: *******************************************
06-08 17:09:47.608   476   476 D SAN_SERVICE: *******************************************
06-08 17:09:47.608   476   476 D SAN_SERVICE: DM App Phone Service State - 0
06-08 17:09:47.608   476   476 D SAN_SERVICE: *******************************************
06-08 17:09:47.733   476   476 D SAN_SERVICE: *******************************************
06-08 17:09:47.733   476   476 D SAN_SERVICE: DM App Phone Service State - 0
06-08 17:09:47.733   476   476 D SAN_SERVICE: *******************************************
06-08 17:09:50.596  5024  5069 D FlurryAgent: Report successful
06-08 17:09:50.596  5024  5069 D FlurryAgent: Processing report response
06-08 17:09:50.596  5024  5069 D FlurryAgent: Done sending agent report
06-08 17:10:27.289   476   476 D SAN_SERVICE: *******************************************
06-08 17:10:27.289   476   476 D SAN_SERVICE: DM App Phone Service State - 0
06-08 17:10:27.289   476   476 D SAN_SERVICE: *******************************************
06-08 17:11:03.035  1765  1765 I wpa_supplicant: wlan0: CTRL-EVENT-DISCONNECTED bssid=d0:c2:82:66:6b:f0 reason=0
06-08 17:11:03.039  1765  1765 I wpa_supplicant: wlan0: Authentication with 00:00:00:00:00:00 timed out.
06-08 17:11:03.761   476   476 D SAN_SERVICE: *******************************************
06-08 17:11:03.761   476   476 D SAN_SERVICE: DM App Phone Service State - 0
06-08 17:11:03.761   476   476 D SAN_SERVICE: *******************************************
06-08 17:11:03.992   151   917 D AlarmManagerService: Kernel timezone updated to 240 minutes west of GMT
06-08 17:11:03.996   476   476 D SystemClock: Setting time of day to sec=1339189864
06-08 17:11:04.138  4829  4855 V AlarmClock: AlarmInitReceiver finished
06-08 17:11:04.638  1765  1765 I wpa_supplicant: wlan0: Trying to associate with d0:c2:82:84:8d:50 (SSID='UB_Secure' freq=2462 MHz)
06-08 17:11:04.685  1765  1765 I wpa_supplicant: wlan0: Associated with d0:c2:82:84:8d:50
06-08 17:11:04.685  1765  1765 I wpa_supplicant: wlan0: CTRL-EVENT-EAP-STARTED EAP authentication started
06-08 17:11:04.689  1765  1765 I wpa_supplicant: wlan0: CTRL-EVENT-EAP-PROPOSED-METHOD vendor=0 method=4 -> NAK
06-08 17:11:04.697  1765  1765 I wpa_supplicant: wlan0: CTRL-EVENT-EAP-PROPOSED-METHOD vendor=0 method=25
06-08 17:11:04.697    76   114 D NetlinkEvent: Unexpected netlink message. type=0x0
06-08 17:11:04.697  1765  1765 I wpa_supplicant: wlan0: CTRL-EVENT-EAP-METHOD EAP vendor 0 method 25 (PEAP) selected
06-08 17:11:04.701  1765  1765 I wpa_supplicant: EAP-TLV: TLV Result - Success - EAP-TLV/Phase2 Completed
06-08 17:11:08.621   476   476 D SAN_SERVICE: *******************************************
06-08 17:11:08.621   476   476 D SAN_SERVICE: DM App Phone Service State - 0
06-08 17:11:08.621   476   476 D SAN_SERVICE: *******************************************
06-08 17:11:11.113   151   153 D dalvikvm: GC_CONCURRENT freed 879K, 22% free 14886K/19015K, paused 3ms+6ms
06-08 17:11:21.011   151   201 I power   : *** set_screen_state 1
06-08 17:11:21.046   151   201 I WindowManager: Lock screen displayed!
06-08 17:11:21.265    79   120 D SurfaceFlinger: Screen about to return, flinger = 0x8a0918
06-08 17:11:22.222   388   388 D PhoneStatusBar: disable: < expand icons alerts ticker system_info BACK HOME recent* CLOCK >
06-08 17:11:22.238   488  1865 D NfcService: NFC-C ON
06-08 17:11:22.246    82   127 D AudioHardware: AudioHardware pcm playback is exiting standby.
06-08 17:11:22.246    82   127 D AudioHardware: openPcmOut_l() mPcmOpenCnt: 0
06-08 17:11:22.250   151   206 I InputReader: Reconfiguring input devices.  changes=0x00000004
06-08 17:11:22.250   151   206 I InputReader: Device reconfigured: id=7, name='mxt224_ts_input', surface size is now 480x800, mode is 1
06-08 17:11:22.285   151   201 I ActivityManager: Config changed: {1.0 310mcc120mnc en_US layoutdir=0 sw320dp w533dp h294dp nrml long land finger -keyb/v/h -nav/h s.24}
06-08 17:11:22.421   388   388 V PhoneStatusBar: setLightsOn(true)
06-08 17:11:22.421   388   388 D PhoneStatusBar: disable: < expand icons alerts ticker system_info back* home* recent clock* >
06-08 17:11:22.453   151   560 W InputManagerService: Window already focused, ignoring focus gain of: com.android.internal.view.IInputMethodClient$Stub$Proxy@4150b398
06-08 17:11:22.543  5024  5051 D FlurryAgent: Initializing Flurry session
06-08 17:11:22.543  5024  5051 D FlurryAgent: New session
06-08 17:11:22.550  5024  5069 I FlurryAgent: Fetching IMEI: null
06-08 17:11:22.550  5024  5069 D FlurryAgent: generating report
06-08 17:11:22.550  5024  5069 D FlurryAgent: Sending report to: http://data.flurry.com/aap.do
06-08 17:11:22.601   388   390 D dalvikvm: GC_CONCURRENT freed 456K, 11% free 10036K/11271K, paused 3ms+5ms
06-08 17:11:24.242  5024  5051 D FlurryAgent: Event count incremented: Level started
06-08 17:11:24.242  5024  5051 D FlurryAgent: Logged event: Level started
06-08 17:11:24.242  5024  5051 D FlurryAgent: Event count incremented: Level started before completion
06-08 17:11:24.242  5024  5051 D FlurryAgent: Logged event: Level started before completion
06-08 17:11:24.343   476   476 D SAN_SERVICE: *******************************************
06-08 17:11:24.343   476   476 D SAN_SERVICE: DM App Phone Service State - 0
06-08 17:11:24.343   476   476 D SAN_SERVICE: *******************************************
06-08 17:11:24.539   476   476 D SAN_SERVICE: *******************************************
06-08 17:11:24.539   476   476 D SAN_SERVICE: DM App Phone Service State - 0
06-08 17:11:24.539   476   476 D SAN_SERVICE: *******************************************
06-08 17:11:24.879   151   200 D dalvikvm: GC_EXPLICIT freed 377K, 23% free 14702K/19015K, paused 4ms+13ms
06-08 17:11:25.546  5024  5069 D FlurryAgent: Report successful
06-08 17:11:25.546  5024  5069 D FlurryAgent: Processing report response
06-08 17:11:25.546  5024  5069 D FlurryAgent: Done sending initial agent report
06-08 17:11:36.754   151   560 D AlarmManagerService: Kernel timezone updated to 240 minutes west of GMT
06-08 17:11:40.707  1765  1765 I wpa_supplicant: wlan0: CTRL-EVENT-DISCONNECTED bssid=d0:c2:82:84:8d:50 reason=0
06-08 17:11:40.711    76   114 D NetlinkEvent: Unexpected netlink message. type=0x0
06-08 17:11:42.000  1765  1765 I wpa_supplicant: wlan0: Trying to associate with d0:c2:82:66:6b:f0 (SSID='UB_Secure' freq=2462 MHz)
06-08 17:11:42.066   151   469 D AlarmManagerService: Kernel timezone updated to 240 minutes west of GMT
06-08 17:11:43.937  1765  1765 I wpa_supplicant: wlan0: Associated with d0:c2:82:84:8d:50
06-08 17:11:43.937  1765  1765 I wpa_supplicant: wlan0: CTRL-EVENT-EAP-STARTED EAP authentication started
06-08 17:11:43.945  1765  1765 I wpa_supplicant: wlan0: CTRL-EVENT-EAP-PROPOSED-METHOD vendor=0 method=4 -> NAK
06-08 17:11:43.949  1765  1765 I wpa_supplicant: wlan0: CTRL-EVENT-EAP-PROPOSED-METHOD vendor=0 method=25
06-08 17:11:43.949  1765  1765 I wpa_supplicant: wlan0: CTRL-EVENT-EAP-METHOD EAP vendor 0 method 25 (PEAP) selected
06-08 17:11:43.957  1765  1765 I wpa_supplicant: EAP-TLV: TLV Result - Success - EAP-TLV/Phase2 Completed
06-08 17:12:12.308  5024  5051 D FlurryAgent: Event count incremented: Level complete
06-08 17:12:12.308  5024  5051 D FlurryAgent: Logged event: Level complete
06-08 17:12:12.308  5024  5051 D FlurryAgent: Event count incremented: Level completed 2 stars
06-08 17:12:12.308  5024  5051 D FlurryAgent: Logged event: Level completed 2 stars
06-08 17:12:12.312  5024  5051 D FlurryAgent: Event count incremented: Level complete first time 1 stars
06-08 17:12:12.316  5024  5051 D FlurryAgent: Logged event: Level complete first time 1 stars
06-08 17:12:12.316  5024  5051 D FlurryAgent: Event count incremented: Level complete first time 2 stars
06-08 17:12:12.316  5024  5051 D FlurryAgent: Logged event: Level complete first time 2 stars
06-08 17:12:19.906  1765  1765 I wpa_supplicant: wlan0: CTRL-EVENT-EAP-STARTED EAP authentication started
06-08 17:12:19.910  1765  1765 I wpa_supplicant: wlan0: CTRL-EVENT-DISCONNECTED bssid=d0:c2:82:84:8d:50 reason=0
06-08 17:12:19.910    76   114 D NetlinkEvent: Unexpected netlink message. type=0x0
06-08 17:12:21.203  1765  1765 I wpa_supplicant: wlan0: Trying to associate with d0:c2:82:2d:e4:b0 (SSID='UB_Secure' freq=2412 MHz)
06-08 17:12:21.347  1765  1765 I wpa_supplicant: wlan0: Associated with d0:c2:82:2d:e4:b0
06-08 17:12:21.351  1765  1765 I wpa_supplicant: wlan0: CTRL-EVENT-EAP-STARTED EAP authentication started
06-08 17:12:21.355  1765  1765 I wpa_supplicant: wlan0: CTRL-EVENT-EAP-PROPOSED-METHOD vendor=0 method=4 -> NAK
06-08 17:12:21.359    76   114 D NetlinkEvent: Unexpected netlink message. type=0x0
06-08 17:12:21.363  1765  1765 I wpa_supplicant: wlan0: CTRL-EVENT-EAP-PROPOSED-METHOD vendor=0 method=25
06-08 17:12:21.363  1765  1765 I wpa_supplicant: wlan0: CTRL-EVENT-EAP-METHOD EAP vendor 0 method 25 (PEAP) selected
06-08 17:12:21.371  1765  1765 I wpa_supplicant: EAP-TLV: TLV Result - Success - EAP-TLV/Phase2 Completed
06-08 17:12:27.464  5024  5051 D FlurryAgent: Event count incremented: Level started
06-08 17:12:27.464  5024  5051 D FlurryAgent: Logged event: Level started
06-08 17:12:27.464  5024  5051 D FlurryAgent: Event count incremented: Level started before completion
06-08 17:12:27.464  5024  5051 D FlurryAgent: Logged event: Level started before completion
06-08 17:12:36.035  5024  5025 D dalvikvm: GC_CONCURRENT freed 446K, 41% free 9509K/16007K, paused 2ms+8ms
06-08 17:12:36.257  5024  5051 D FlurryAgent: Event count incremented: Rovio news shown
06-08 17:12:36.257  5024  5051 D FlurryAgent: Logged event: Rovio news shown
06-08 17:12:36.468  4710  4723 I PhoneLab-: Service Running
06-08 17:12:36.804  5024  5051 D FlurryAgent: Event count incremented: Level restarted
06-08 17:12:36.804  5024  5051 D FlurryAgent: Logged event: Level restarted
06-08 17:12:37.004  5024  5051 D FlurryAgent: Event count incremented: Level started
06-08 17:12:37.004  5024  5051 D FlurryAgent: Logged event: Level started
06-08 17:12:37.004  5024  5051 D FlurryAgent: Event count incremented: Level started before completion
06-08 17:12:37.004  5024  5051 D FlurryAgent: Logged event: Level started before completion
06-08 17:12:37.226  4710  4723 I PhoneLab-LoggerService: app_38    1302  1     1772   1332  c00f181c 400107b4 S logcat
06-08 17:12:37.226  4710  4723 I PhoneLab-LoggerService: Logcat pid from database 1302
06-08 17:12:37.226  4710  4723 I PhoneLab-LoggerService: Logcat process found 1302
06-08 17:12:37.226  4710  4723 I PhoneLab-LoggerService: Checking Threshold
06-08 17:12:37.226  4710  4723 I PhoneLab-LoggerService: Starting to rename files
06-08 17:12:37.226  4710  4723 I PhoneLab-LoggerService: Files found .. 2
06-08 17:12:57.312  1765  1765 I wpa_supplicant: wlan0: CTRL-EVENT-EAP-STARTED EAP authentication started
06-08 17:12:57.312    76   114 D NetlinkEvent: Unexpected netlink message. type=0x0
06-08 17:12:57.316  1765  1765 I wpa_supplicant: wlan0: CTRL-EVENT-DISCONNECTED bssid=d0:c2:82:2d:e4:b0 reason=0
06-08 17:12:58.605  1765  1765 I wpa_supplicant: wlan0: Trying to associate with d0:c2:82:66:69:d0 (SSID='UB_Secure' freq=2462 MHz)
06-08 17:12:58.738  1765  1765 I wpa_supplicant: wlan0: Associated with d0:c2:82:66:69:d0
06-08 17:12:58.738  1765  1765 I wpa_supplicant: wlan0: CTRL-EVENT-EAP-STARTED EAP authentication started
06-08 17:12:58.742  1765  1765 I wpa_supplicant: wlan0: CTRL-EVENT-EAP-PROPOSED-METHOD vendor=0 method=4 -> NAK
06-08 17:12:58.746  1765  1765 I wpa_supplicant: wlan0: CTRL-EVENT-EAP-PROPOSED-METHOD vendor=0 method=25
06-08 17:12:58.746  1765  1765 I wpa_supplicant: wlan0: CTRL-EVENT-EAP-METHOD EAP vendor 0 method 25 (PEAP) selected
06-08 17:12:58.761  1765  1765 I wpa_supplicant: EAP-TLV: TLV Result - Success - EAP-TLV/Phase2 Completed
06-08 17:12:58.824    76   114 D NetlinkEvent: Unexpected netlink message. type=0x0
06-08 17:12:58.855   151   469 D AlarmManagerService: Kernel timezone updated to 240 minutes west of GMT
06-08 17:13:07.007  5024  5051 D FlurryAgent: Event count incremented: Rovio news shown
06-08 17:13:07.007  5024  5051 D FlurryAgent: Logged event: Rovio news shown
06-08 17:13:07.570  5024  5051 D FlurryAgent: Event count incremented: Level restarted
06-08 17:13:07.574  5024  5051 D FlurryAgent: Logged event: Level restarted
06-08 17:13:07.804  5024  5051 D FlurryAgent: Event count incremented: Level started
06-08 17:13:07.804  5024  5051 D FlurryAgent: Logged event: Level started
06-08 17:13:07.804  5024  5051 D FlurryAgent: Event count incremented: Level started before completion
06-08 17:13:07.804  5024  5051 D FlurryAgent: Logged event: Level started before completion
06-08 17:13:17.496  5024  5051 D FlurryAgent: Event count incremented: Rovio news shown
06-08 17:13:17.496  5024  5051 D FlurryAgent: Logged event: Rovio news shown
06-08 17:13:18.027  5024  5051 D FlurryAgent: Event count incremented: Level restarted
06-08 17:13:18.027  5024  5051 D FlurryAgent: Logged event: Level restarted
06-08 17:13:18.218  5024  5051 D FlurryAgent: Event count incremented: Level started
06-08 17:13:18.218  5024  5051 D FlurryAgent: Logged event: Level started
06-08 17:13:18.222  5024  5051 D FlurryAgent: Event count incremented: Level started before completion
06-08 17:13:18.222  5024  5051 D FlurryAgent: Logged event: Level started before completion
06-08 17:13:33.343  4710  4723 I PhoneLab-: Service Running
06-08 17:13:33.472  4710  4723 I PhoneLab-LoggerService: app_38    1302  1     1772   1332  c00f181c 400107b4 S logcat
06-08 17:13:33.472  4710  4723 I PhoneLab-LoggerService: Logcat pid from database 1302
06-08 17:13:33.472  4710  4723 I PhoneLab-LoggerService: Logcat process found 1302
06-08 17:13:33.472  4710  4723 I PhoneLab-LoggerService: Checking Threshold
06-08 17:13:33.472  4710  4723 I PhoneLab-LoggerService: Starting to rename files
06-08 17:13:33.472  4710  4723 I PhoneLab-LoggerService: Files found .. 2
06-08 17:13:35.074   151   197 I power   : *** set_screen_state 0
06-08 17:13:35.140    79   120 D SurfaceFlinger: About to give-up screen, flinger = 0x8a0918
06-08 17:13:35.183  5024  5051 D FlurryAgent: Ending session
06-08 17:13:35.246   151   201 V TransportControlView: Create TCV com.android.internal.widget.TransportControlView@413dca08
06-08 17:13:35.296   388   388 D PhoneStatusBar: disable: < expand icons alerts ticker system_info back home RECENT* clock >
06-08 17:13:35.359   151   153 D dalvikvm: GC_CONCURRENT freed 1196K, 22% free 14928K/19015K, paused 3ms+8ms
06-08 17:13:35.359   151   201 D android.widget.GridLayout: horizontal constraints: x1 - x0 > 214, x2 - x1 > 96, x3 - x2 > 300, x3 - x0 < 480 are inconsistent; permanently removing: x3 - x0 < 480. 
06-08 17:13:35.363   151   206 I InputReader: Reconfiguring input devices.  changes=0x00000004
06-08 17:13:35.363   151   206 I InputReader: Device reconfigured: id=7, name='mxt224_ts_input', surface size is now 480x800, mode is 1
